[0.002s][info][metaspace]  - commit_granule_bytes: 65536.
[0.002s][info][metaspace]  - commit_granule_words: 8192.
[0.002s][info][metaspace]  - virtual_space_node_default_size: 8388608.
[0.002s][info][metaspace]  - enlarge_chunks_in_place: 1.
[0.004s][info][gc,init  ] CardTable entry size: 512
[0.004s][info][gc       ] Using Parallel
[0.005s][info][gc,init  ] Version: 24-internal-adhoc.root.jdk (release)
[0.005s][info][gc,init  ] CPUs: 2 total, 2 available
[0.005s][info][gc,init  ] Memory: 3908M
[0.005s][info][gc,init  ] Large Page Support: Disabled
[0.005s][info][gc,init  ] NUMA Support: Disabled
[0.005s][info][gc,init  ] Compressed Oops: Enabled (32-bit)
[0.005s][info][gc,init  ] Alignments: Space 512K, Generation 512K, Heap 2M
[0.005s][info][gc,init  ] Heap Min Capacity: 256M
[0.005s][info][gc,init  ] Heap Initial Capacity: 256M
[0.005s][info][gc,init  ] Heap Max Capacity: 978M
[0.005s][info][gc,init  ] Pre-touch: Disabled
[0.005s][info][gc,init  ] Parallel Workers: 2
[0.021s][info][gc,metaspace] CDS archive(s) mapped at: [0x00007fd7da000000-0x00007fd7dae7b000-0x00007fd7dae7b000), size 15183872, SharedBaseAddress: 0x00007fd7da000000, ArchiveRelocationMode: 1.
[0.021s][info][gc,metaspace] Compressed class space mapped at: 0x00007fd7db000000-0x00007fd81b000000, reserved size: 1073741824
[0.021s][info][gc,metaspace] UseCompressedClassPointers 1, UseCompactObjectHeaders 1
[0.021s][info][gc,metaspace] Narrow klass pointer bits 22, Max shift 10
[0.021s][info][gc,metaspace] Narrow klass base: 0x00007fd7da000000, Narrow klass shift: 10
[0.021s][info][gc,metaspace] Encoding Range: [0x00007fd7da000000 - 0x00007fd8da000000), (4294967296 bytes)
[0.021s][info][gc,metaspace] Klass Range:    [0x00007fd7da000000 - 0x00007fd81b000000), (1090519040 bytes)
[0.021s][info][gc,metaspace] Klass ID Range:  [1 - 1064960) (1064959)
[0.523s][info][gc,start    ] GC(0) Pause Young (Allocation Failure)
[0.526s][info][gc,heap     ] GC(0) PSYoungGen: 65479K(76288K)->1746K(76288K) Eden: 65479K(65536K)->0K(65536K) From: 0K(10752K)->1746K(10752K)
[0.526s][info][gc,heap     ] GC(0) ParOldGen: 1088K(175104K)->1096K(175104K)
[0.526s][info][gc,metaspace] GC(0) Metaspace: 2599K(2752K)->2599K(2752K) NonClass: 2272K(2368K)->2272K(2368K) Class: 327K(384K)->327K(384K)
[0.526s][info][gc          ] GC(0) Pause Young (Allocation Failure) 65M->2M(245M) 3.263ms
[0.526s][info][gc,cpu      ] GC(0) User=0.00s Sys=0.01s Real=0.00s
[0.740s][info][gc,start    ] GC(1) Pause Young (Allocation Failure)
[0.743s][info][gc,heap     ] GC(1) PSYoungGen: 67282K(76288K)->1986K(76288K) Eden: 65536K(65536K)->0K(65536K) From: 1746K(10752K)->1986K(10752K)
[0.743s][info][gc,heap     ] GC(1) ParOldGen: 1096K(175104K)->1104K(175104K)
[0.743s][info][gc,metaspace] GC(1) Metaspace: 2613K(2752K)->2613K(2752K) NonClass: 2286K(2368K)->2286K(2368K) Class: 327K(384K)->327K(384K)
[0.743s][info][gc          ] GC(1) Pause Young (Allocation Failure) 66M->3M(245M) 3.041ms
[0.743s][info][gc,cpu      ] GC(1) User=0.00s Sys=0.01s Real=0.00s
[1.222s][info][gc,start    ] GC(2) Pause Young (Allocation Failure)
[1.229s][info][gc,heap     ] GC(2) PSYoungGen: 67522K(76288K)->5502K(76288K) Eden: 65536K(65536K)->0K(65536K) From: 1986K(10752K)->5502K(10752K)
[1.229s][info][gc,heap     ] GC(2) ParOldGen: 1104K(175104K)->1104K(175104K)
[1.229s][info][gc,metaspace] GC(2) Metaspace: 9408K(9600K)->9408K(9600K) NonClass: 6558K(6656K)->6558K(6656K) Class: 2849K(2944K)->2849K(2944K)
[1.229s][info][gc          ] GC(2) Pause Young (Allocation Failure) 67M->6M(245M) 7.335ms
[1.229s][info][gc,cpu      ] GC(2) User=0.01s Sys=0.00s Real=0.01s
[1.326s][info][gc,start    ] GC(3) Pause Young (Allocation Failure)
[1.335s][info][gc,heap     ] GC(3) PSYoungGen: 71038K(76288K)->7198K(141824K) Eden: 65536K(65536K)->0K(131072K) From: 5502K(10752K)->7198K(10752K)
[1.335s][info][gc,heap     ] GC(3) ParOldGen: 1104K(175104K)->1112K(175104K)
[1.335s][info][gc,metaspace] GC(3) Metaspace: 9444K(9600K)->9444K(9600K) NonClass: 6592K(6656K)->6592K(6656K) Class: 2852K(2944K)->2852K(2944K)
[1.335s][info][gc          ] GC(3) Pause Young (Allocation Failure) 70M->8M(309M) 8.808ms
[1.335s][info][gc,cpu      ] GC(3) User=0.02s Sys=0.01s Real=0.01s
[1.526s][info][gc,start    ] GC(4) Pause Young (Allocation Failure)
[1.539s][info][gc,heap     ] GC(4) PSYoungGen: 138270K(141824K)->9838K(141824K) Eden: 131072K(131072K)->0K(131072K) From: 7198K(10752K)->9838K(10752K)
[1.539s][info][gc,heap     ] GC(4) ParOldGen: 1112K(175104K)->1120K(175104K)
[1.539s][info][gc,metaspace] GC(4) Metaspace: 9497K(9664K)->9497K(9664K) NonClass: 6645K(6720K)->6645K(6720K) Class: 2852K(2944K)->2852K(2944K)
[1.539s][info][gc          ] GC(4) Pause Young (Allocation Failure) 136M->10M(309M) 13.355ms
[1.539s][info][gc,cpu      ] GC(4) User=0.02s Sys=0.01s Real=0.02s
[1.648s][info][gc,start    ] GC(5) Pause Young (Allocation Failure)
[1.667s][info][gc,heap     ] GC(5) PSYoungGen: 140910K(141824K)->11757K(270848K) Eden: 131072K(131072K)->0K(259072K) From: 9838K(10752K)->11757K(11776K)
[1.668s][info][gc,heap     ] GC(5) ParOldGen: 1120K(175104K)->2136K(175104K)
[1.668s][info][gc,metaspace] GC(5) Metaspace: 9499K(9664K)->9499K(9664K) NonClass: 6646K(6720K)->6646K(6720K) Class: 2852K(2944K)->2852K(2944K)
[1.668s][info][gc          ] GC(5) Pause Young (Allocation Failure) 138M->13M(435M) 19.937ms
[1.668s][info][gc,cpu      ] GC(5) User=0.02s Sys=0.01s Real=0.02s
[2.729s][info][metaspace   ] ChkMgr @0x00007fd83803f190 (non-class-space): failed to commit 595 words on chunk @0x00007fd8387855e0, f, base 0x00007fd7d0e50000, level lv10.
[2.729s][info][metaspace   ] Arena @0x00007fd83823fcd0 (non-class arena): failed to allocate new chunk for requested word size 595.
[2.729s][info][metaspace   ] Arena @0x00007fd83823fcd0 (non-class arena): allocation failed, returned null.
[2.729s][info][metaspace   ] ChkMgr @0x00007fd83803f190 (non-class-space): failed to commit 595 words on chunk @0x00007fd8387855e0, f, base 0x00007fd7d0e50000, level lv10.
[2.729s][info][metaspace   ] Arena @0x00007fd83823fcd0 (non-class arena): failed to allocate new chunk for requested word size 595.
[2.729s][info][metaspace   ] Arena @0x00007fd83823fcd0 (non-class arena): allocation failed, returned null.
[2.729s][info][metaspace   ] ChkMgr @0x00007fd83803f190 (non-class-space): failed to commit 595 words on chunk @0x00007fd8387855e0, f, base 0x00007fd7d0e50000, level lv10.
[2.729s][info][metaspace   ] Arena @0x00007fd83823fcd0 (non-class arena): failed to allocate new chunk for requested word size 595.
[2.729s][info][metaspace   ] Arena @0x00007fd83823fcd0 (non-class arena): allocation failed, returned null.
[2.729s][info][gc,start    ] GC(6) Pause Full (Metadata GC Threshold)
[2.729s][info][gc,phases,start] GC(6) Marking Phase
[2.754s][info][gc,phases      ] GC(6) Marking Phase 24.307ms
[2.754s][info][gc,phases,start] GC(6) Summary Phase
[2.754s][info][gc,phases      ] GC(6) Summary Phase 0.012ms
[2.754s][info][gc,phases,start] GC(6) Forward
[2.761s][info][gc,phases      ] GC(6) Forward 7.207ms
[2.761s][info][gc,phases,start] GC(6) Adjust Pointers
[2.774s][info][gc,phases      ] GC(6) Adjust Pointers 12.570ms
[2.774s][info][gc,phases,start] GC(6) Compaction Phase
[2.787s][info][gc,phases      ] GC(6) Compaction Phase 13.582ms
[2.787s][info][gc,phases,start] GC(6) Post Compact
[2.790s][info][metaspace      ] ChkMgr @0x00007fd83803f190 (non-class-space): : reclaiming memory...
[2.790s][info][metaspace      ] ChkMgr @0x00007fd83803f190 (non-class-space): nothing reclaimed.
[2.790s][info][metaspace      ] ChkMgr @0x00007fd83803efa0 (class-space): : reclaiming memory...
[2.790s][info][metaspace      ] ChkMgr @0x00007fd83803efa0 (class-space): nothing reclaimed.
[2.791s][info][gc,phases      ] GC(6) Post Compact 3.629ms
[2.791s][info][gc,heap        ] GC(6) PSYoungGen: 187467K(270848K)->0K(270848K) Eden: 175710K(259072K)->0K(259072K) From: 11757K(11776K)->0K(11776K)
[2.791s][info][gc,heap        ] GC(6) ParOldGen: 2136K(175104K)->19390K(175104K)
[2.791s][info][gc,metaspace   ] GC(6) Metaspace: 21255K(21504K)->21210K(21504K) NonClass: 14295K(14464K)->14251K(14464K) Class: 6960K(7040K)->6958K(7040K)
[2.791s][info][gc             ] GC(6) Pause Full (Metadata GC Threshold) 185M->18M(435M) 61.674ms
[2.791s][info][gc,cpu         ] GC(6) User=0.09s Sys=0.01s Real=0.06s
[4.598s][info][gc,start       ] GC(7) Pause Young (Allocation Failure)
[4.607s][info][gc,heap        ] GC(7) PSYoungGen: 259072K(270848K)->4875K(273920K) Eden: 259072K(259072K)->0K(259072K) From: 0K(11776K)->4875K(14848K)
[4.607s][info][gc,heap        ] GC(7) ParOldGen: 19390K(175104K)->19390K(175104K)
[4.607s][info][gc,metaspace   ] GC(7) Metaspace: 32682K(33280K)->32682K(33280K) NonClass: 23592K(24000K)->23592K(24000K) Class: 9089K(9280K)->9089K(9280K)
[4.607s][info][gc             ] GC(7) Pause Young (Allocation Failure) 271M->23M(438M) 9.366ms
[4.607s][info][gc,cpu         ] GC(7) User=0.01s Sys=0.01s Real=0.01s
[5.409s][info][gc,start       ] GC(8) Pause Young (Allocation Failure)
[5.416s][info][gc,heap        ] GC(8) PSYoungGen: 263947K(273920K)->4799K(316416K) Eden: 259072K(259072K)->0K(304640K) From: 4875K(14848K)->4799K(11776K)
[5.416s][info][gc,heap        ] GC(8) ParOldGen: 19390K(175104K)->19390K(175104K)
[5.416s][info][gc,metaspace   ] GC(8) Metaspace: 32716K(33280K)->32716K(33280K) NonClass: 23626K(24000K)->23626K(24000K) Class: 9089K(9280K)->9089K(9280K)
[5.416s][info][gc             ] GC(8) Pause Young (Allocation Failure) 276M->23M(480M) 7.629ms
[5.416s][info][gc,cpu         ] GC(8) User=0.01s Sys=0.01s Real=0.00s
[6.428s][info][gc,start       ] GC(9) Pause Young (Allocation Failure)
[6.435s][info][gc,heap        ] GC(9) PSYoungGen: 309439K(316416K)->4779K(317952K) Eden: 304640K(304640K)->0K(304640K) From: 4799K(11776K)->4779K(13312K)
[6.435s][info][gc,heap        ] GC(9) ParOldGen: 19390K(175104K)->19390K(175104K)
[6.435s][info][gc,metaspace   ] GC(9) Metaspace: 32723K(33280K)->32723K(33280K) NonClass: 23633K(24000K)->23633K(24000K) Class: 9089K(9280K)->9089K(9280K)
[6.435s][info][gc             ] GC(9) Pause Young (Allocation Failure) 321M->23M(481M) 7.707ms
[6.435s][info][gc,cpu         ] GC(9) User=0.01s Sys=0.00s Real=0.00s
[6.720s][info][gc,start       ] GC(10) Pause Young (Allocation Failure)
[6.728s][info][gc,heap        ] GC(10) PSYoungGen: 309419K(317952K)->64K(320000K) Eden: 304640K(304640K)->0K(307200K) From: 4779K(13312K)->64K(12800K)
[6.728s][info][gc,heap        ] GC(10) ParOldGen: 19390K(175104K)->24174K(175104K)
[6.728s][info][gc,metaspace   ] GC(10) Metaspace: 32723K(33280K)->32723K(33280K) NonClass: 23633K(24000K)->23633K(24000K) Class: 9089K(9280K)->9089K(9280K)
[6.728s][info][gc             ] GC(10) Pause Young (Allocation Failure) 321M->23M(483M) 7.844ms
[6.728s][info][gc,cpu         ] GC(10) User=0.02s Sys=0.01s Real=0.01s
[7.731s][info][gc,start       ] GC(11) Pause Young (Allocation Failure)
[7.732s][info][gc,heap        ] GC(11) PSYoungGen: 307264K(320000K)->64K(320512K) Eden: 307200K(307200K)->0K(307200K) From: 64K(12800K)->64K(13312K)
[7.732s][info][gc,heap        ] GC(11) ParOldGen: 24174K(175104K)->24182K(175104K)
[7.732s][info][gc,metaspace   ] GC(11) Metaspace: 32848K(33472K)->32848K(33472K) NonClass: 23758K(24192K)->23758K(24192K) Class: 9089K(9280K)->9089K(9280K)
[7.732s][info][gc             ] GC(11) Pause Young (Allocation Failure) 323M->23M(484M) 0.748ms
[7.732s][info][gc,cpu         ] GC(11) User=0.00s Sys=0.00s Real=0.00s
[7.836s][info][gc,start       ] GC(12) Pause Young (Allocation Failure)
[7.837s][info][gc,heap        ] GC(12) PSYoungGen: 307264K(320512K)->64K(320512K) Eden: 307200K(307200K)->0K(307200K) From: 64K(13312K)->64K(13312K)
[7.837s][info][gc,heap        ] GC(12) ParOldGen: 24182K(175104K)->24190K(175104K)
[7.837s][info][gc,metaspace   ] GC(12) Metaspace: 32852K(33472K)->32852K(33472K) NonClass: 23762K(24192K)->23762K(24192K) Class: 9089K(9280K)->9089K(9280K)
[7.837s][info][gc             ] GC(12) Pause Young (Allocation Failure) 323M->23M(484M) 0.714ms
[7.837s][info][gc,cpu         ] GC(12) User=0.00s Sys=0.00s Real=0.01s
[7.907s][info][gc,start       ] GC(13) Pause Young (Allocation Failure)
[7.908s][info][gc,heap        ] GC(13) PSYoungGen: 307264K(320512K)->64K(320512K) Eden: 307200K(307200K)->0K(307200K) From: 64K(13312K)->64K(13312K)
[7.908s][info][gc,heap        ] GC(13) ParOldGen: 24190K(175104K)->24206K(175104K)
[7.908s][info][gc,metaspace   ] GC(13) Metaspace: 32852K(33472K)->32852K(33472K) NonClass: 23762K(24192K)->23762K(24192K) Class: 9089K(9280K)->9089K(9280K)
[7.908s][info][gc             ] GC(13) Pause Young (Allocation Failure) 323M->23M(484M) 0.674ms
[7.908s][info][gc,cpu         ] GC(13) User=0.00s Sys=0.00s Real=0.00s
[8.204s][info][gc,start       ] GC(14) Pause Young (Allocation Failure)
[8.204s][info][gc,heap        ] GC(14) PSYoungGen: 307264K(320512K)->64K(319488K) Eden: 307200K(307200K)->0K(307200K) From: 64K(13312K)->64K(12288K)
[8.204s][info][gc,heap        ] GC(14) ParOldGen: 24206K(175104K)->24206K(175104K)
[8.204s][info][gc,metaspace   ] GC(14) Metaspace: 32855K(33472K)->32855K(33472K) NonClass: 23765K(24192K)->23765K(24192K) Class: 9089K(9280K)->9089K(9280K)
[8.204s][info][gc             ] GC(14) Pause Young (Allocation Failure) 323M->23M(483M) 0.654ms
[8.204s][info][gc,cpu         ] GC(14) User=0.00s Sys=0.00s Real=0.00s
[8.553s][info][gc,start       ] GC(15) Pause Young (Allocation Failure)
[8.554s][info][gc,heap        ] GC(15) PSYoungGen: 307264K(319488K)->64K(295424K) Eden: 307200K(307200K)->0K(294912K) From: 64K(12288K)->64K(512K)
[8.554s][info][gc,heap        ] GC(15) ParOldGen: 24206K(175104K)->24214K(175104K)
[8.554s][info][gc,metaspace   ] GC(15) Metaspace: 32912K(33600K)->32912K(33600K) NonClass: 23822K(24320K)->23822K(24320K) Class: 9089K(9280K)->9089K(9280K)
[8.554s][info][gc             ] GC(15) Pause Young (Allocation Failure) 323M->23M(459M) 0.831ms
[8.554s][info][gc,cpu         ] GC(15) User=0.00s Sys=0.00s Real=0.00s
[8.760s][info][gc,start       ] GC(16) Pause Young (Allocation Failure)
[8.761s][info][gc,heap        ] GC(16) PSYoungGen: 294976K(295424K)->64K(283648K) Eden: 294912K(294912K)->0K(283136K) From: 64K(512K)->64K(512K)
[8.761s][info][gc,heap        ] GC(16) ParOldGen: 24214K(175104K)->24222K(175104K)
[8.761s][info][gc,metaspace   ] GC(16) Metaspace: 32912K(33600K)->32912K(33600K) NonClass: 23822K(24320K)->23822K(24320K) Class: 9089K(9280K)->9089K(9280K)
[8.761s][info][gc             ] GC(16) Pause Young (Allocation Failure) 311M->23M(448M) 0.942ms
[8.761s][info][gc,cpu         ] GC(16) User=0.00s Sys=0.00s Real=0.00s
[8.987s][info][gc,start       ] GC(17) Pause Young (Allocation Failure)
[8.988s][info][gc,heap        ] GC(17) PSYoungGen: 283200K(283648K)->64K(284160K) Eden: 283136K(283136K)->0K(271872K) From: 64K(512K)->64K(12288K)
[8.988s][info][gc,heap        ] GC(17) ParOldGen: 24222K(175104K)->24238K(175104K)
[8.988s][info][gc,metaspace   ] GC(17) Metaspace: 32913K(33600K)->32913K(33600K) NonClass: 23823K(24320K)->23823K(24320K) Class: 9089K(9280K)->9089K(9280K)
[8.988s][info][gc             ] GC(17) Pause Young (Allocation Failure) 300M->23M(448M) 0.550ms
[8.988s][info][gc,cpu         ] GC(17) User=0.00s Sys=0.00s Real=0.00s
[9.752s][info][gc,start       ] GC(18) Pause Young (Allocation Failure)
[9.754s][info][gc,heap        ] GC(18) PSYoungGen: 271936K(284160K)->64K(261632K) Eden: 271872K(271872K)->0K(261120K) From: 64K(12288K)->64K(512K)
[9.754s][info][gc,heap        ] GC(18) ParOldGen: 24238K(175104K)->24246K(175104K)
[9.754s][info][gc,metaspace   ] GC(18) Metaspace: 32920K(33600K)->32920K(33600K) NonClass: 23830K(24320K)->23830K(24320K) Class: 9089K(9280K)->9089K(9280K)
[9.754s][info][gc             ] GC(18) Pause Young (Allocation Failure) 289M->23M(426M) 1.386ms
[9.754s][info][gc,cpu         ] GC(18) User=0.00s Sys=0.00s Real=0.00s
[10.585s][info][gc,start       ] GC(19) Pause Young (Allocation Failure)
[10.586s][info][gc,heap        ] GC(19) PSYoungGen: 261184K(261632K)->64K(262144K) Eden: 261120K(261120K)->0K(250880K) From: 64K(512K)->64K(11264K)
[10.586s][info][gc,heap        ] GC(19) ParOldGen: 24246K(175104K)->24262K(175104K)
[10.586s][info][gc,metaspace   ] GC(19) Metaspace: 32953K(33600K)->32953K(33600K) NonClass: 23863K(24320K)->23863K(24320K) Class: 9089K(9280K)->9089K(9280K)
[10.586s][info][gc             ] GC(19) Pause Young (Allocation Failure) 278M->23M(427M) 0.592ms
[10.586s][info][gc,cpu         ] GC(19) User=0.00s Sys=0.00s Real=0.00s
[11.882s][info][gc,start       ] GC(20) Pause Young (Allocation Failure)
[11.883s][info][gc,heap        ] GC(20) PSYoungGen: 250944K(262144K)->64K(241664K) Eden: 250880K(250880K)->0K(241152K) From: 64K(11264K)->64K(512K)
[11.883s][info][gc,heap        ] GC(20) ParOldGen: 24262K(175104K)->24270K(175104K)
[11.883s][info][gc,metaspace   ] GC(20) Metaspace: 32980K(33600K)->32980K(33600K) NonClass: 23890K(24320K)->23890K(24320K) Class: 9089K(9280K)->9089K(9280K)
[11.883s][info][gc             ] GC(20) Pause Young (Allocation Failure) 268M->23M(407M) 1.360ms
[11.883s][info][gc,cpu         ] GC(20) User=0.00s Sys=0.00s Real=0.00s
[12.368s][info][gc,start       ] GC(21) Pause Young (Allocation Failure)
[12.369s][info][gc,heap        ] GC(21) PSYoungGen: 241216K(241664K)->64K(242176K) Eden: 241152K(241152K)->0K(231936K) From: 64K(512K)->64K(10240K)
[12.369s][info][gc,heap        ] GC(21) ParOldGen: 24270K(175104K)->24278K(175104K)
[12.369s][info][gc,metaspace   ] GC(21) Metaspace: 32986K(33664K)->32986K(33664K) NonClass: 23896K(24384K)->23896K(24384K) Class: 9089K(9280K)->9089K(9280K)
[12.369s][info][gc             ] GC(21) Pause Young (Allocation Failure) 259M->23M(407M) 0.621ms
[12.369s][info][gc,cpu         ] GC(21) User=0.00s Sys=0.00s Real=0.00s
[13.462s][info][gc,start       ] GC(22) Pause Young (Allocation Failure)
[13.464s][info][gc,heap        ] GC(22) PSYoungGen: 232000K(242176K)->64K(223744K) Eden: 231936K(231936K)->0K(223232K) From: 64K(10240K)->64K(512K)
[13.464s][info][gc,heap        ] GC(22) ParOldGen: 24278K(175104K)->24294K(175104K)
[13.464s][info][gc,metaspace   ] GC(22) Metaspace: 33014K(33664K)->33014K(33664K) NonClass: 23924K(24384K)->23924K(24384K) Class: 9089K(9280K)->9089K(9280K)
[13.464s][info][gc             ] GC(22) Pause Young (Allocation Failure) 250M->23M(389M) 1.762ms
[13.464s][info][gc,cpu         ] GC(22) User=0.00s Sys=0.00s Real=0.00s
[15.092s][info][gc,start       ] GC(23) Pause Young (Allocation Failure)
[15.093s][info][gc,heap        ] GC(23) PSYoungGen: 223296K(223744K)->64K(224256K) Eden: 223232K(223232K)->0K(215040K) From: 64K(512K)->64K(9216K)
[15.094s][info][gc,heap        ] GC(23) ParOldGen: 24294K(175104K)->24310K(175104K)
[15.094s][info][gc,metaspace   ] GC(23) Metaspace: 33071K(33664K)->33071K(33664K) NonClass: 23981K(24384K)->23981K(24384K) Class: 9089K(9280K)->9089K(9280K)
[15.094s][info][gc             ] GC(23) Pause Young (Allocation Failure) 241M->23M(390M) 1.168ms
[15.094s][info][gc,cpu         ] GC(23) User=0.01s Sys=0.00s Real=0.00s
[15.850s][info][gc,start       ] GC(24) Pause Young (Allocation Failure)
[15.851s][info][gc,heap        ] GC(24) PSYoungGen: 215104K(224256K)->32K(207360K) Eden: 215040K(215040K)->0K(206848K) From: 64K(9216K)->32K(512K)
[15.851s][info][gc,heap        ] GC(24) ParOldGen: 24310K(175104K)->24318K(175104K)
[15.851s][info][gc,metaspace   ] GC(24) Metaspace: 33221K(33856K)->33221K(33856K) NonClass: 24131K(24576K)->24131K(24576K) Class: 9089K(9280K)->9089K(9280K)
[15.851s][info][gc             ] GC(24) Pause Young (Allocation Failure) 233M->23M(373M) 1.731ms
[15.851s][info][gc,cpu         ] GC(24) User=0.00s Sys=0.00s Real=0.00s
[16.130s][info][gc,start       ] GC(25) Pause Young (Allocation Failure)
[16.131s][info][gc,heap        ] GC(25) PSYoungGen: 206880K(207360K)->64K(207360K) Eden: 206848K(206848K)->0K(199168K) From: 32K(512K)->64K(8192K)
[16.131s][info][gc,heap        ] GC(25) ParOldGen: 24318K(175104K)->24334K(175104K)
[16.131s][info][gc,metaspace   ] GC(25) Metaspace: 33242K(33856K)->33242K(33856K) NonClass: 24152K(24576K)->24152K(24576K) Class: 9089K(9280K)->9089K(9280K)
[16.131s][info][gc             ] GC(25) Pause Young (Allocation Failure) 225M->23M(373M) 0.859ms
[16.131s][info][gc,cpu         ] GC(25) User=0.00s Sys=0.00s Real=0.00s
[16.356s][info][gc,start       ] GC(26) Pause Young (Allocation Failure)
[16.357s][info][gc,heap        ] GC(26) PSYoungGen: 199232K(207360K)->64K(192512K) Eden: 199168K(199168K)->0K(192000K) From: 64K(8192K)->64K(512K)
[16.357s][info][gc,heap        ] GC(26) ParOldGen: 24334K(175104K)->24350K(175104K)
[16.357s][info][gc,metaspace   ] GC(26) Metaspace: 33287K(33920K)->33287K(33920K) NonClass: 24197K(24640K)->24197K(24640K) Class: 9089K(9280K)->9089K(9280K)
[16.357s][info][gc             ] GC(26) Pause Young (Allocation Failure) 218M->23M(359M) 1.769ms
[16.357s][info][gc,cpu         ] GC(26) User=0.00s Sys=0.00s Real=0.01s
[16.918s][info][gc,start       ] GC(27) Pause Young (Allocation Failure)
[16.919s][info][gc,heap        ] GC(27) PSYoungGen: 192064K(192512K)->64K(192512K) Eden: 192000K(192000K)->0K(185344K) From: 64K(512K)->64K(7168K)
[16.919s][info][gc,heap        ] GC(27) ParOldGen: 24350K(175104K)->24366K(175104K)
[16.919s][info][gc,metaspace   ] GC(27) Metaspace: 33294K(33920K)->33294K(33920K) NonClass: 24204K(24640K)->24204K(24640K) Class: 9089K(9280K)->9089K(9280K)
[16.919s][info][gc             ] GC(27) Pause Young (Allocation Failure) 211M->23M(359M) 0.983ms
[16.919s][info][gc,cpu         ] GC(27) User=0.01s Sys=0.00s Real=0.00s
[17.218s][info][gc,start       ] GC(28) Pause Young (Allocation Failure)
[17.220s][info][gc,heap        ] GC(28) PSYoungGen: 185408K(192512K)->96K(179200K) Eden: 185344K(185344K)->0K(178688K) From: 64K(7168K)->96K(512K)
[17.220s][info][gc,heap        ] GC(28) ParOldGen: 24366K(175104K)->24382K(175104K)
[17.220s][info][gc,metaspace   ] GC(28) Metaspace: 33440K(34048K)->33440K(34048K) NonClass: 24337K(24768K)->24337K(24768K) Class: 9102K(9280K)->9102K(9280K)
[17.220s][info][gc             ] GC(28) Pause Young (Allocation Failure) 204M->23M(346M) 1.652ms
[17.220s][info][gc,cpu         ] GC(28) User=0.00s Sys=0.00s Real=0.00s
[17.777s][info][gc,start       ] GC(29) Pause Young (Allocation Failure)
[17.779s][info][gc,heap        ] GC(29) PSYoungGen: 178784K(179200K)->433K(179200K) Eden: 178688K(178688K)->0K(172544K) From: 96K(512K)->433K(6656K)
[17.779s][info][gc,heap        ] GC(29) ParOldGen: 24382K(175104K)->24427K(175104K)
[17.779s][info][gc,metaspace   ] GC(29) Metaspace: 33946K(34624K)->33946K(34624K) NonClass: 24759K(25216K)->24759K(25216K) Class: 9187K(9408K)->9187K(9408K)
[17.779s][info][gc             ] GC(29) Pause Young (Allocation Failure) 198M->24M(346M) 2.478ms
[17.779s][info][gc,cpu         ] GC(29) User=0.01s Sys=0.00s Real=0.01s
[18.286s][info][gc,start       ] GC(30) Pause Young (Allocation Failure)
[18.323s][info][gc,heap        ] GC(30) PSYoungGen: 172977K(179200K)->6144K(230912K) Eden: 172544K(172544K)->0K(224768K) From: 433K(6656K)->6144K(6144K)
[18.323s][info][gc,heap        ] GC(30) ParOldGen: 24427K(175104K)->37691K(175104K)
[18.323s][info][gc,metaspace   ] GC(30) Metaspace: 34087K(34816K)->34087K(34816K) NonClass: 24900K(25408K)->24900K(25408K) Class: 9187K(9408K)->9187K(9408K)
[18.323s][info][gc             ] GC(30) Pause Young (Allocation Failure) 192M->42M(396M) 37.405ms
[18.323s][info][gc,cpu         ] GC(30) User=0.06s Sys=0.02s Real=0.04s
[18.746s][info][gc,start       ] GC(31) Pause Young (Allocation Failure)
[18.797s][info][gc,heap        ] GC(31) PSYoungGen: 230912K(230912K)->12288K(243712K) Eden: 224768K(224768K)->0K(231424K) From: 6144K(6144K)->12288K(12288K)
[18.797s][info][gc,heap        ] GC(31) ParOldGen: 37691K(175104K)->50955K(175104K)
[18.797s][info][gc,metaspace   ] GC(31) Metaspace: 34125K(34816K)->34125K(34816K) NonClass: 24936K(25408K)->24936K(25408K) Class: 9189K(9408K)->9189K(9408K)
[18.797s][info][gc             ] GC(31) Pause Young (Allocation Failure) 262M->61M(409M) 50.491ms
[18.797s][info][gc,cpu         ] GC(31) User=0.08s Sys=0.01s Real=0.05s
[19.088s][info][gc,start       ] GC(32) Pause Young (Allocation Failure)
[19.127s][info][gc,heap        ] GC(32) PSYoungGen: 243712K(243712K)->18304K(306688K) Eden: 231424K(231424K)->0K(286720K) From: 12288K(12288K)->18304K(19968K)
[19.127s][info][gc,heap        ] GC(32) ParOldGen: 50955K(175104K)->51315K(175104K)
[19.127s][info][gc,metaspace   ] GC(32) Metaspace: 34129K(34816K)->34129K(34816K) NonClass: 24940K(25408K)->24940K(25408K) Class: 9189K(9408K)->9189K(9408K)
[19.128s][info][gc             ] GC(32) Pause Young (Allocation Failure) 287M->67M(470M) 39.506ms
[19.128s][info][gc,cpu         ] GC(32) User=0.06s Sys=0.01s Real=0.04s
[19.411s][info][gc,start       ] GC(33) Pause Young (Allocation Failure)
[19.411s][info][gc,heap        ] GC(33) PSYoungGen: 305024K(306688K)->64K(310272K) Eden: 286720K(286720K)->0K(286720K) From: 18304K(19968K)->64K(23552K)
[19.411s][info][gc,heap        ] GC(33) ParOldGen: 51315K(175104K)->51323K(175104K)
[19.411s][info][gc,metaspace   ] GC(33) Metaspace: 34137K(34816K)->34137K(34816K) NonClass: 24945K(25408K)->24945K(25408K) Class: 9192K(9408K)->9192K(9408K)
[19.411s][info][gc             ] GC(33) Pause Young (Allocation Failure) 347M->50M(474M) 0.686ms
[19.411s][info][gc,cpu         ] GC(33) User=0.00s Sys=0.00s Real=0.00s
[20.186s][info][gc,start       ] GC(34) Pause Young (Allocation Failure)
[20.187s][info][gc,heap        ] GC(34) PSYoungGen: 286784K(310272K)->64K(307712K) Eden: 286720K(286720K)->0K(287232K) From: 64K(23552K)->64K(20480K)
[20.187s][info][gc,heap        ] GC(34) ParOldGen: 51323K(175104K)->51339K(175104K)
[20.187s][info][gc,metaspace   ] GC(34) Metaspace: 34137K(34816K)->34137K(34816K) NonClass: 24945K(25408K)->24945K(25408K) Class: 9192K(9408K)->9192K(9408K)
[20.187s][info][gc             ] GC(34) Pause Young (Allocation Failure) 330M->50M(471M) 0.664ms
[20.187s][info][gc,cpu         ] GC(34) User=0.00s Sys=0.00s Real=0.00s
[21.351s][info][gc,start       ] GC(35) Pause Young (Allocation Failure)
[21.352s][info][gc,heap        ] GC(35) PSYoungGen: 287296K(307712K)->64K(309248K) Eden: 287232K(287232K)->0K(287232K) From: 64K(20480K)->64K(22016K)
[21.352s][info][gc,heap        ] GC(35) ParOldGen: 51339K(175104K)->51339K(175104K)
[21.352s][info][gc,metaspace   ] GC(35) Metaspace: 34149K(34816K)->34149K(34816K) NonClass: 24957K(25408K)->24957K(25408K) Class: 9192K(9408K)->9192K(9408K)
[21.352s][info][gc             ] GC(35) Pause Young (Allocation Failure) 330M->50M(473M) 1.054ms
[21.352s][info][gc,cpu         ] GC(35) User=0.00s Sys=0.00s Real=0.00s
[21.622s][info][gc,start       ] GC(36) Pause Young (Allocation Failure)
[21.622s][info][gc,heap        ] GC(36) PSYoungGen: 287296K(309248K)->64K(310272K) Eden: 287232K(287232K)->0K(290816K) From: 64K(22016K)->64K(19456K)
[21.622s][info][gc,heap        ] GC(36) ParOldGen: 51339K(175104K)->51355K(175104K)
[21.622s][info][gc,metaspace   ] GC(36) Metaspace: 34149K(34816K)->34149K(34816K) NonClass: 24957K(25408K)->24957K(25408K) Class: 9192K(9408K)->9192K(9408K)
[21.622s][info][gc             ] GC(36) Pause Young (Allocation Failure) 330M->50M(474M) 0.926ms
[21.622s][info][gc,cpu         ] GC(36) User=0.00s Sys=0.00s Real=0.00s
[21.899s][info][gc,start       ] GC(37) Pause Young (Allocation Failure)
[21.900s][info][gc,heap        ] GC(37) PSYoungGen: 290880K(310272K)->64K(311296K) Eden: 290816K(290816K)->0K(290816K) From: 64K(19456K)->64K(20480K)
[21.900s][info][gc,heap        ] GC(37) ParOldGen: 51355K(175104K)->51355K(175104K)
[21.900s][info][gc,metaspace   ] GC(37) Metaspace: 34149K(34816K)->34149K(34816K) NonClass: 24957K(25408K)->24957K(25408K) Class: 9192K(9408K)->9192K(9408K)
[21.900s][info][gc             ] GC(37) Pause Young (Allocation Failure) 334M->50M(475M) 0.878ms
[21.900s][info][gc,cpu         ] GC(37) User=0.01s Sys=0.00s Real=0.00s
[22.620s][info][gc,start       ] GC(38) Pause Young (Allocation Failure)
[22.621s][info][gc,heap        ] GC(38) PSYoungGen: 290880K(311296K)->64K(311296K) Eden: 290816K(290816K)->0K(293888K) From: 64K(20480K)->64K(17408K)
[22.621s][info][gc,heap        ] GC(38) ParOldGen: 51355K(175104K)->51355K(175104K)
[22.621s][info][gc,metaspace   ] GC(38) Metaspace: 34166K(34880K)->34166K(34880K) NonClass: 24974K(25472K)->24974K(25472K) Class: 9192K(9408K)->9192K(9408K)
[22.621s][info][gc             ] GC(38) Pause Young (Allocation Failure) 334M->50M(475M) 0.712ms
[22.621s][info][gc,cpu         ] GC(38) User=0.00s Sys=0.00s Real=0.00s
[22.687s][info][gc,start       ] GC(39) Pause Young (Allocation Failure)
[22.688s][info][gc,heap        ] GC(39) PSYoungGen: 293952K(311296K)->64K(312320K) Eden: 293888K(293888K)->0K(293888K) From: 64K(17408K)->64K(18432K)
[22.688s][info][gc,heap        ] GC(39) ParOldGen: 51355K(175104K)->51371K(175104K)
[22.688s][info][gc,metaspace   ] GC(39) Metaspace: 34166K(34880K)->34166K(34880K) NonClass: 24974K(25472K)->24974K(25472K) Class: 9192K(9408K)->9192K(9408K)
[22.688s][info][gc             ] GC(39) Pause Young (Allocation Failure) 337M->50M(476M) 0.625ms
[22.688s][info][gc,cpu         ] GC(39) User=0.00s Sys=0.00s Real=0.00s
[22.753s][info][gc,start       ] GC(40) Pause Young (Allocation Failure)
[22.755s][info][gc,heap        ] GC(40) PSYoungGen: 293952K(312320K)->64K(282624K) Eden: 293888K(293888K)->0K(282112K) From: 64K(18432K)->64K(512K)
[22.755s][info][gc,heap        ] GC(40) ParOldGen: 51371K(175104K)->51371K(175104K)
[22.755s][info][gc,metaspace   ] GC(40) Metaspace: 34166K(34880K)->34166K(34880K) NonClass: 24974K(25472K)->24974K(25472K) Class: 9192K(9408K)->9192K(9408K)
[22.755s][info][gc             ] GC(40) Pause Young (Allocation Failure) 337M->50M(447M) 1.589ms
[22.755s][info][gc,cpu         ] GC(40) User=0.00s Sys=0.01s Real=0.00s
[22.962s][info][gc,start       ] GC(41) Pause Young (Allocation Failure)
[22.963s][info][gc,heap        ] GC(41) PSYoungGen: 282176K(282624K)->64K(287744K) Eden: 282112K(282112K)->0K(270848K) From: 64K(512K)->64K(16896K)
[22.963s][info][gc,heap        ] GC(41) ParOldGen: 51371K(175104K)->51371K(175104K)
[22.963s][info][gc,metaspace   ] GC(41) Metaspace: 34166K(34880K)->34166K(34880K) NonClass: 24974K(25472K)->24974K(25472K) Class: 9192K(9408K)->9192K(9408K)
[22.963s][info][gc             ] GC(41) Pause Young (Allocation Failure) 325M->50M(452M) 0.765ms
[22.963s][info][gc,cpu         ] GC(41) User=0.00s Sys=0.00s Real=0.00s
[23.198s][info][gc,start       ] GC(42) Pause Young (Allocation Failure)
[23.199s][info][gc,heap        ] GC(42) PSYoungGen: 270912K(287744K)->64K(260608K) Eden: 270848K(270848K)->0K(260096K) From: 64K(16896K)->64K(512K)
[23.199s][info][gc,heap        ] GC(42) ParOldGen: 51371K(175104K)->51379K(175104K)
[23.199s][info][gc,metaspace   ] GC(42) Metaspace: 34166K(34880K)->34166K(34880K) NonClass: 24974K(25472K)->24974K(25472K) Class: 9192K(9408K)->9192K(9408K)
[23.199s][info][gc             ] GC(42) Pause Young (Allocation Failure) 314M->50M(425M) 0.961ms
[23.199s][info][gc,cpu         ] GC(42) User=0.00s Sys=0.00s Real=0.00s
[23.375s][info][gc,start       ] GC(43) Pause Young (Allocation Failure)
[23.375s][info][gc,heap        ] GC(43) PSYoungGen: 260160K(260608K)->64K(264704K) Eden: 260096K(260096K)->0K(249856K) From: 64K(512K)->64K(14848K)
[23.375s][info][gc,heap        ] GC(43) ParOldGen: 51379K(175104K)->51387K(175104K)
[23.375s][info][gc,metaspace   ] GC(43) Metaspace: 34166K(34880K)->34166K(34880K) NonClass: 24974K(25472K)->24974K(25472K) Class: 9192K(9408K)->9192K(9408K)
[23.375s][info][gc             ] GC(43) Pause Young (Allocation Failure) 304M->50M(429M) 0.635ms
[23.375s][info][gc,cpu         ] GC(43) User=0.00s Sys=0.00s Real=0.00s
[23.480s][info][gc,start       ] GC(44) Pause Young (Allocation Failure)
[23.481s][info][gc,heap        ] GC(44) PSYoungGen: 249920K(264704K)->64K(240640K) Eden: 249856K(249856K)->0K(240128K) From: 64K(14848K)->64K(512K)
[23.481s][info][gc,heap        ] GC(44) ParOldGen: 51387K(175104K)->51395K(175104K)
[23.481s][info][gc,metaspace   ] GC(44) Metaspace: 34177K(34880K)->34177K(34880K) NonClass: 24985K(25472K)->24985K(25472K) Class: 9192K(9408K)->9192K(9408K)
[23.481s][info][gc             ] GC(44) Pause Young (Allocation Failure) 294M->50M(406M) 1.139ms
[23.481s][info][gc,cpu         ] GC(44) User=0.00s Sys=0.00s Real=0.00s
[23.724s][info][gc,start       ] GC(45) Pause Young (Allocation Failure)
[23.724s][info][gc,heap        ] GC(45) PSYoungGen: 240192K(240640K)->64K(244224K) Eden: 240128K(240128K)->0K(230912K) From: 64K(512K)->64K(13312K)
[23.724s][info][gc,heap        ] GC(45) ParOldGen: 51395K(175104K)->51403K(175104K)
[23.724s][info][gc,metaspace   ] GC(45) Metaspace: 34177K(34880K)->34177K(34880K) NonClass: 24985K(25472K)->24985K(25472K) Class: 9192K(9408K)->9192K(9408K)
[23.724s][info][gc             ] GC(45) Pause Young (Allocation Failure) 284M->50M(409M) 0.652ms
[23.724s][info][gc,cpu         ] GC(45) User=0.00s Sys=0.00s Real=0.00s
[24.426s][info][gc,start       ] GC(46) Pause Young (Allocation Failure)
[24.428s][info][gc,heap        ] GC(46) PSYoungGen: 230976K(244224K)->64K(222720K) Eden: 230912K(230912K)->0K(222208K) From: 64K(13312K)->64K(512K)
[24.428s][info][gc,heap        ] GC(46) ParOldGen: 51403K(175104K)->51411K(175104K)
[24.428s][info][gc,metaspace   ] GC(46) Metaspace: 34199K(34880K)->34199K(34880K) NonClass: 25007K(25472K)->25007K(25472K) Class: 9192K(9408K)->9192K(9408K)
[24.428s][info][gc             ] GC(46) Pause Young (Allocation Failure) 275M->50M(388M) 1.583ms
[24.428s][info][gc,cpu         ] GC(46) User=0.00s Sys=0.00s Real=0.01s
[25.072s][info][gc,start       ] GC(47) Pause Young (Allocation Failure)
[25.072s][info][gc,heap        ] GC(47) PSYoungGen: 222272K(222720K)->64K(225792K) Eden: 222208K(222208K)->0K(214016K) From: 64K(512K)->64K(11776K)
[25.072s][info][gc,heap        ] GC(47) ParOldGen: 51411K(175104K)->51419K(175104K)
[25.072s][info][gc,metaspace   ] GC(47) Metaspace: 34199K(34880K)->34199K(34880K) NonClass: 25007K(25472K)->25007K(25472K) Class: 9192K(9408K)->9192K(9408K)
[25.072s][info][gc             ] GC(47) Pause Young (Allocation Failure) 267M->50M(391M) 0.623ms
[25.072s][info][gc,cpu         ] GC(47) User=0.00s Sys=0.00s Real=0.00s
[26.276s][info][gc,start       ] GC(48) Pause Young (Allocation Failure)
[26.278s][info][gc,heap        ] GC(48) PSYoungGen: 214080K(225792K)->64K(206336K) Eden: 214016K(214016K)->0K(205824K) From: 64K(11776K)->64K(512K)
[26.278s][info][gc,heap        ] GC(48) ParOldGen: 51419K(175104K)->51427K(175104K)
[26.278s][info][gc,metaspace   ] GC(48) Metaspace: 34199K(34880K)->34199K(34880K) NonClass: 25007K(25472K)->25007K(25472K) Class: 9192K(9408K)->9192K(9408K)
[26.278s][info][gc             ] GC(48) Pause Young (Allocation Failure) 259M->50M(372M) 1.867ms
[26.278s][info][gc,cpu         ] GC(48) User=0.00s Sys=0.01s Real=0.01s
[26.590s][info][gc,start       ] GC(49) Pause Young (Allocation Failure)
[26.591s][info][gc,heap        ] GC(49) PSYoungGen: 205888K(206336K)->64K(208384K) Eden: 205824K(205824K)->0K(198144K) From: 64K(512K)->64K(10240K)
[26.591s][info][gc,heap        ] GC(49) ParOldGen: 51427K(175104K)->51443K(175104K)
[26.591s][info][gc,metaspace   ] GC(49) Metaspace: 34199K(34880K)->34199K(34880K) NonClass: 25007K(25472K)->25007K(25472K) Class: 9192K(9408K)->9192K(9408K)
[26.591s][info][gc             ] GC(49) Pause Young (Allocation Failure) 251M->50M(374M) 0.958ms
[26.591s][info][gc,cpu         ] GC(49) User=0.00s Sys=0.00s Real=0.00s
[27.070s][info][gc,start       ] GC(50) Pause Young (Allocation Failure)
[27.072s][info][gc,heap        ] GC(50) PSYoungGen: 198208K(208384K)->64K(191488K) Eden: 198144K(198144K)->0K(190976K) From: 64K(10240K)->64K(512K)
[27.072s][info][gc,heap        ] GC(50) ParOldGen: 51443K(175104K)->51459K(175104K)
[27.072s][info][gc,metaspace   ] GC(50) Metaspace: 34199K(34880K)->34199K(34880K) NonClass: 25007K(25472K)->25007K(25472K) Class: 9192K(9408K)->9192K(9408K)
[27.072s][info][gc             ] GC(50) Pause Young (Allocation Failure) 243M->50M(358M) 2.206ms
[27.072s][info][gc,cpu         ] GC(50) User=0.00s Sys=0.00s Real=0.00s
[29.060s][info][gc,start       ] GC(51) Pause Young (Allocation Failure)
[29.062s][info][gc,heap        ] GC(51) PSYoungGen: 191040K(191488K)->64K(193024K) Eden: 190976K(190976K)->0K(184320K) From: 64K(512K)->64K(8704K)
[29.062s][info][gc,heap        ] GC(51) ParOldGen: 51459K(175104K)->51475K(175104K)
[29.062s][info][gc,metaspace   ] GC(51) Metaspace: 34200K(34944K)->34200K(34944K) NonClass: 25008K(25536K)->25008K(25536K) Class: 9192K(9408K)->9192K(9408K)
[29.062s][info][gc             ] GC(51) Pause Young (Allocation Failure) 236M->50M(359M) 1.234ms
[29.062s][info][gc,cpu         ] GC(51) User=0.00s Sys=0.00s Real=0.00s
[29.521s][info][gc,start       ] GC(52) Pause Young (Allocation Failure)
[29.523s][info][gc,heap        ] GC(52) PSYoungGen: 184384K(193024K)->64K(178176K) Eden: 184320K(184320K)->0K(177664K) From: 64K(8704K)->64K(512K)
[29.523s][info][gc,heap        ] GC(52) ParOldGen: 51475K(175104K)->51491K(175104K)
[29.523s][info][gc,metaspace   ] GC(52) Metaspace: 34200K(34944K)->34200K(34944K) NonClass: 25008K(25536K)->25008K(25536K) Class: 9192K(9408K)->9192K(9408K)
[29.523s][info][gc             ] GC(52) Pause Young (Allocation Failure) 230M->50M(345M) 1.707ms
[29.523s][info][gc,cpu         ] GC(52) User=0.00s Sys=0.00s Real=0.00s
[30.153s][info][gc,start       ] GC(53) Pause Young (Allocation Failure)
[30.153s][info][gc,heap        ] GC(53) PSYoungGen: 177728K(178176K)->64K(179200K) Eden: 177664K(177664K)->0K(171520K) From: 64K(512K)->64K(7680K)
[30.154s][info][gc,heap        ] GC(53) ParOldGen: 51491K(175104K)->51499K(175104K)
[30.154s][info][gc,metaspace   ] GC(53) Metaspace: 34200K(34944K)->34200K(34944K) NonClass: 25008K(25536K)->25008K(25536K) Class: 9192K(9408K)->9192K(9408K)
[30.154s][info][gc             ] GC(53) Pause Young (Allocation Failure) 223M->50M(346M) 0.681ms
[30.154s][info][gc,cpu         ] GC(53) User=0.00s Sys=0.00s Real=0.00s
[30.334s][info][gc,start       ] GC(54) Pause Young (Allocation Failure)
[30.335s][info][gc,heap        ] GC(54) PSYoungGen: 171584K(179200K)->64K(165888K) Eden: 171520K(171520K)->0K(165376K) From: 64K(7680K)->64K(512K)
[30.335s][info][gc,heap        ] GC(54) ParOldGen: 51499K(175104K)->51507K(175104K)
[30.335s][info][gc,metaspace   ] GC(54) Metaspace: 34200K(34944K)->34200K(34944K) NonClass: 25008K(25536K)->25008K(25536K) Class: 9192K(9408K)->9192K(9408K)
[30.335s][info][gc             ] GC(54) Pause Young (Allocation Failure) 217M->50M(333M) 1.102ms
[30.335s][info][gc,cpu         ] GC(54) User=0.00s Sys=0.00s Real=0.00s
[30.526s][info][gc,start       ] GC(55) Pause Young (Allocation Failure)
[30.526s][info][gc,heap        ] GC(55) PSYoungGen: 165440K(165888K)->64K(166400K) Eden: 165376K(165376K)->0K(159744K) From: 64K(512K)->64K(6656K)
[30.526s][info][gc,heap        ] GC(55) ParOldGen: 51507K(175104K)->51515K(175104K)
[30.526s][info][gc,metaspace   ] GC(55) Metaspace: 34207K(34944K)->34207K(34944K) NonClass: 25014K(25536K)->25014K(25536K) Class: 9192K(9408K)->9192K(9408K)
[30.527s][info][gc             ] GC(55) Pause Young (Allocation Failure) 211M->50M(333M) 0.692ms
[30.527s][info][gc,cpu         ] GC(55) User=0.00s Sys=0.00s Real=0.00s
[30.932s][info][gc,start       ] GC(56) Pause Young (Allocation Failure)
[30.934s][info][gc,heap        ] GC(56) PSYoungGen: 159808K(166400K)->64K(154624K) Eden: 159744K(159744K)->0K(154112K) From: 64K(6656K)->64K(512K)
[30.934s][info][gc,heap        ] GC(56) ParOldGen: 51515K(175104K)->51523K(175104K)
[30.934s][info][gc,metaspace   ] GC(56) Metaspace: 34208K(34944K)->34208K(34944K) NonClass: 25015K(25536K)->25015K(25536K) Class: 9192K(9408K)->9192K(9408K)
[30.934s][info][gc             ] GC(56) Pause Young (Allocation Failure) 206M->50M(322M) 1.203ms
[30.934s][info][gc,cpu         ] GC(56) User=0.00s Sys=0.00s Real=0.00s
[31.242s][info][gc,start       ] GC(57) Pause Young (Allocation Failure)
[31.243s][info][gc,heap        ] GC(57) PSYoungGen: 154176K(154624K)->64K(154624K) Eden: 154112K(154112K)->0K(148992K) From: 64K(512K)->64K(5632K)
[31.243s][info][gc,heap        ] GC(57) ParOldGen: 51523K(175104K)->51531K(175104K)
[31.243s][info][gc,metaspace   ] GC(57) Metaspace: 34208K(34944K)->34208K(34944K) NonClass: 25015K(25536K)->25015K(25536K) Class: 9192K(9408K)->9192K(9408K)
[31.243s][info][gc             ] GC(57) Pause Young (Allocation Failure) 200M->50M(322M) 1.210ms
[31.243s][info][gc,cpu         ] GC(57) User=0.01s Sys=0.00s Real=0.00s
[31.412s][info][gc,start       ] GC(58) Pause Young (Allocation Failure)
[31.413s][info][gc,heap        ] GC(58) PSYoungGen: 149055K(154624K)->64K(144384K) Eden: 148991K(148992K)->0K(143872K) From: 64K(5632K)->64K(512K)
[31.413s][info][gc,heap        ] GC(58) ParOldGen: 51531K(175104K)->51539K(175104K)
[31.413s][info][gc,metaspace   ] GC(58) Metaspace: 34208K(34944K)->34208K(34944K) NonClass: 25015K(25536K)->25015K(25536K) Class: 9192K(9408K)->9192K(9408K)
[31.413s][info][gc             ] GC(58) Pause Young (Allocation Failure) 195M->50M(312M) 1.166ms
[31.413s][info][gc,cpu         ] GC(58) User=0.01s Sys=0.00s Real=0.00s
[31.732s][info][gc,start       ] GC(59) Pause Young (Allocation Failure)
[31.744s][info][gc,heap        ] GC(59) PSYoungGen: 143936K(144384K)->4256K(177664K) Eden: 143872K(143872K)->0K(173056K) From: 64K(512K)->4256K(4608K)
[31.744s][info][gc,heap        ] GC(59) ParOldGen: 51539K(175104K)->51555K(175104K)
[31.744s][info][gc,metaspace   ] GC(59) Metaspace: 34208K(34944K)->34208K(34944K) NonClass: 25016K(25536K)->25016K(25536K) Class: 9192K(9408K)->9192K(9408K)
[31.744s][info][gc             ] GC(59) Pause Young (Allocation Failure) 190M->54M(344M) 11.645ms
[31.744s][info][gc,cpu         ] GC(59) User=0.02s Sys=0.00s Real=0.01s
[31.961s][info][gc,start       ] GC(60) Pause Young (Allocation Failure)
[31.999s][info][gc,heap        ] GC(60) PSYoungGen: 177312K(177664K)->5632K(213504K) Eden: 173056K(173056K)->0K(207872K) From: 4256K(4608K)->5632K(5632K)
[31.999s][info][gc,heap        ] GC(60) ParOldGen: 51555K(175104K)->65387K(175104K)
[31.999s][info][gc,metaspace   ] GC(60) Metaspace: 34208K(34944K)->34208K(34944K) NonClass: 25016K(25536K)->25016K(25536K) Class: 9192K(9408K)->9192K(9408K)
[31.999s][info][gc             ] GC(60) Pause Young (Allocation Failure) 223M->69M(379M) 37.923ms
[31.999s][info][gc,cpu         ] GC(60) User=0.06s Sys=0.01s Real=0.04s
[32.260s][info][gc,start       ] GC(61) Pause Young (Allocation Failure)
[32.302s][info][gc,heap        ] GC(61) PSYoungGen: 213504K(213504K)->12288K(220160K) Eden: 207872K(207872K)->0K(207872K) From: 5632K(5632K)->12288K(12288K)
[32.302s][info][gc,heap        ] GC(61) ParOldGen: 65387K(175104K)->76843K(175104K)
[32.302s][info][gc,metaspace   ] GC(61) Metaspace: 34208K(34944K)->34208K(34944K) NonClass: 25016K(25536K)->25016K(25536K) Class: 9192K(9408K)->9192K(9408K)
[32.302s][info][gc             ] GC(61) Pause Young (Allocation Failure) 272M->87M(386M) 42.334ms
[32.302s][info][gc,cpu         ] GC(61) User=0.08s Sys=0.01s Real=0.04s
[32.511s][info][gc,start       ] GC(62) Pause Young (Allocation Failure)
[32.544s][info][gc,heap        ] GC(62) PSYoungGen: 220160K(220160K)->15584K(266240K) Eden: 207872K(207872K)->0K(247296K) From: 12288K(12288K)->15584K(18944K)
[32.544s][info][gc,heap        ] GC(62) ParOldGen: 76843K(175104K)->77147K(175104K)
[32.544s][info][gc,metaspace   ] GC(62) Metaspace: 34208K(34944K)->34208K(34944K) NonClass: 25016K(25536K)->25016K(25536K) Class: 9192K(9408K)->9192K(9408K)
[32.544s][info][gc             ] GC(62) Pause Young (Allocation Failure) 290M->90M(431M) 32.687ms
[32.544s][info][gc,cpu         ] GC(62) User=0.05s Sys=0.01s Real=0.03s
[32.700s][info][gc,start       ] GC(63) Pause Young (Allocation Failure)
[32.701s][info][gc,heap        ] GC(63) PSYoungGen: 262880K(266240K)->64K(268800K) Eden: 247296K(247296K)->0K(247296K) From: 15584K(18944K)->64K(21504K)
[32.701s][info][gc,heap        ] GC(63) ParOldGen: 77147K(175104K)->77155K(175104K)
[32.701s][info][gc,metaspace   ] GC(63) Metaspace: 34208K(34944K)->34208K(34944K) NonClass: 25016K(25536K)->25016K(25536K) Class: 9192K(9408K)->9192K(9408K)
[32.701s][info][gc             ] GC(63) Pause Young (Allocation Failure) 332M->75M(433M) 0.947ms
[32.701s][info][gc,cpu         ] GC(63) User=0.00s Sys=0.00s Real=0.00s
[33.353s][info][gc,start       ] GC(64) Pause Young (Allocation Failure)
[33.354s][info][gc,heap        ] GC(64) PSYoungGen: 247360K(268800K)->64K(310784K) Eden: 247296K(247296K)->0K(291328K) From: 64K(21504K)->64K(19456K)
[33.354s][info][gc,heap        ] GC(64) ParOldGen: 77155K(175104K)->77163K(175104K)
[33.354s][info][gc,metaspace   ] GC(64) Metaspace: 34208K(34944K)->34208K(34944K) NonClass: 25016K(25536K)->25016K(25536K) Class: 9192K(9408K)->9192K(9408K)
[33.354s][info][gc             ] GC(64) Pause Young (Allocation Failure) 316M->75M(474M) 0.730ms
[33.354s][info][gc,cpu         ] GC(64) User=0.00s Sys=0.00s Real=0.00s
[34.086s][info][gc,start       ] GC(65) Pause Young (Allocation Failure)
[34.087s][info][gc,heap        ] GC(65) PSYoungGen: 291392K(310784K)->64K(311808K) Eden: 291328K(291328K)->0K(291328K) From: 64K(19456K)->64K(20480K)
[34.087s][info][gc,heap        ] GC(65) ParOldGen: 77163K(175104K)->77171K(175104K)
[34.087s][info][gc,metaspace   ] GC(65) Metaspace: 34208K(34944K)->34208K(34944K) NonClass: 25016K(25536K)->25016K(25536K) Class: 9192K(9408K)->9192K(9408K)
[34.087s][info][gc             ] GC(65) Pause Young (Allocation Failure) 359M->75M(475M) 0.986ms
[34.087s][info][gc,cpu         ] GC(65) User=0.01s Sys=0.00s Real=0.01s
[34.858s][info][gc,start       ] GC(66) Pause Young (Allocation Failure)
[34.859s][info][gc,heap        ] GC(66) PSYoungGen: 291392K(311808K)->64K(310784K) Eden: 291328K(291328K)->0K(293376K) From: 64K(20480K)->64K(17408K)
[34.859s][info][gc,heap        ] GC(66) ParOldGen: 77171K(175104K)->77187K(175104K)
[34.859s][info][gc,metaspace   ] GC(66) Metaspace: 34231K(34944K)->34231K(34944K) NonClass: 25039K(25536K)->25039K(25536K) Class: 9192K(9408K)->9192K(9408K)
[34.859s][info][gc             ] GC(66) Pause Young (Allocation Failure) 359M->75M(474M) 1.044ms
[34.859s][info][gc,cpu         ] GC(66) User=0.00s Sys=0.00s Real=0.00s
[35.135s][info][gc,start       ] GC(67) Pause Young (Allocation Failure)
[35.136s][info][gc,heap        ] GC(67) PSYoungGen: 293440K(310784K)->64K(312320K) Eden: 293376K(293376K)->0K(293376K) From: 64K(17408K)->64K(18944K)
[35.136s][info][gc,heap        ] GC(67) ParOldGen: 77187K(175104K)->77203K(175104K)
[35.136s][info][gc,metaspace   ] GC(67) Metaspace: 34231K(34944K)->34231K(34944K) NonClass: 25039K(25536K)->25039K(25536K) Class: 9192K(9408K)->9192K(9408K)
[35.136s][info][gc             ] GC(67) Pause Young (Allocation Failure) 361M->75M(476M) 0.947ms
[35.136s][info][gc,cpu         ] GC(67) User=0.00s Sys=0.00s Real=0.00s
[35.630s][info][gc,start       ] GC(68) Pause Young (Allocation Failure)
[35.631s][info][gc,heap        ] GC(68) PSYoungGen: 293440K(312320K)->64K(313344K) Eden: 293376K(293376K)->0K(296960K) From: 64K(18944K)->64K(16384K)
[35.631s][info][gc,heap        ] GC(68) ParOldGen: 77203K(175104K)->77203K(175104K)
[35.631s][info][gc,metaspace   ] GC(68) Metaspace: 34246K(34944K)->34246K(34944K) NonClass: 25054K(25536K)->25054K(25536K) Class: 9192K(9408K)->9192K(9408K)
[35.631s][info][gc             ] GC(68) Pause Young (Allocation Failure) 361M->75M(477M) 0.736ms
[35.631s][info][gc,cpu         ] GC(68) User=0.00s Sys=0.00s Real=0.00s
[35.731s][info][gc,start       ] GC(69) Pause Young (Allocation Failure)
[35.731s][info][gc,heap        ] GC(69) PSYoungGen: 297024K(313344K)->64K(314368K) Eden: 296960K(296960K)->0K(296960K) From: 64K(16384K)->64K(17408K)
[35.731s][info][gc,heap        ] GC(69) ParOldGen: 77203K(175104K)->77211K(175104K)
[35.732s][info][gc,metaspace   ] GC(69) Metaspace: 34246K(34944K)->34246K(34944K) NonClass: 25054K(25536K)->25054K(25536K) Class: 9192K(9408K)->9192K(9408K)
[35.732s][info][gc             ] GC(69) Pause Young (Allocation Failure) 365M->75M(478M) 0.794ms
[35.732s][info][gc,cpu         ] GC(69) User=0.00s Sys=0.00s Real=0.00s
[35.798s][info][gc,start       ] GC(70) Pause Young (Allocation Failure)
[35.798s][info][gc,heap        ] GC(70) PSYoungGen: 297024K(314368K)->64K(314368K) Eden: 296960K(296960K)->0K(300032K) From: 64K(17408K)->64K(14336K)
[35.798s][info][gc,heap        ] GC(70) ParOldGen: 77211K(175104K)->77227K(175104K)
[35.798s][info][gc,metaspace   ] GC(70) Metaspace: 34246K(34944K)->34246K(34944K) NonClass: 25054K(25536K)->25054K(25536K) Class: 9192K(9408K)->9192K(9408K)
[35.798s][info][gc             ] GC(70) Pause Young (Allocation Failure) 365M->75M(478M) 0.655ms
[35.798s][info][gc,cpu         ] GC(70) User=0.00s Sys=0.00s Real=0.00s
[35.984s][info][gc,start       ] GC(71) Pause Young (Allocation Failure)
[35.984s][info][gc,heap        ] GC(71) PSYoungGen: 300096K(314368K)->64K(315392K) Eden: 300032K(300032K)->0K(300032K) From: 64K(14336K)->64K(15360K)
[35.984s][info][gc,heap        ] GC(71) ParOldGen: 77227K(175104K)->77227K(175104K)
[35.984s][info][gc,metaspace   ] GC(71) Metaspace: 34248K(34944K)->34248K(34944K) NonClass: 25055K(25536K)->25055K(25536K) Class: 9192K(9408K)->9192K(9408K)
[35.984s][info][gc             ] GC(71) Pause Young (Allocation Failure) 368M->75M(479M) 0.687ms
[35.984s][info][gc,cpu         ] GC(71) User=0.00s Sys=0.00s Real=0.00s
[36.241s][info][gc,start       ] GC(72) Pause Young (Allocation Failure)
[36.241s][info][gc,heap        ] GC(72) PSYoungGen: 300096K(315392K)->64K(288256K) Eden: 300032K(300032K)->0K(287744K) From: 64K(15360K)->64K(512K)
[36.241s][info][gc,heap        ] GC(72) ParOldGen: 77227K(175104K)->77235K(175104K)
[36.241s][info][gc,metaspace   ] GC(72) Metaspace: 34248K(34944K)->34248K(34944K) NonClass: 25055K(25536K)->25055K(25536K) Class: 9192K(9408K)->9192K(9408K)
[36.241s][info][gc             ] GC(72) Pause Young (Allocation Failure) 368M->75M(452M) 0.747ms
[36.241s][info][gc,cpu         ] GC(72) User=0.00s Sys=0.00s Real=0.00s
[36.383s][info][gc,start       ] GC(73) Pause Young (Allocation Failure)
[36.383s][info][gc,heap        ] GC(73) PSYoungGen: 287808K(288256K)->64K(290304K) Eden: 287744K(287744K)->0K(276480K) From: 64K(512K)->64K(13824K)
[36.383s][info][gc,heap        ] GC(73) ParOldGen: 77235K(175104K)->77243K(175104K)
[36.383s][info][gc,metaspace   ] GC(73) Metaspace: 34248K(34944K)->34248K(34944K) NonClass: 25055K(25536K)->25055K(25536K) Class: 9192K(9408K)->9192K(9408K)
[36.383s][info][gc             ] GC(73) Pause Young (Allocation Failure) 356M->75M(454M) 0.562ms
[36.383s][info][gc,cpu         ] GC(73) User=0.00s Sys=0.00s Real=0.00s
[36.508s][info][gc,start       ] GC(74) Pause Young (Allocation Failure)
[36.509s][info][gc,heap        ] GC(74) PSYoungGen: 276544K(290304K)->64K(266240K) Eden: 276480K(276480K)->0K(265728K) From: 64K(13824K)->64K(512K)
[36.509s][info][gc,heap        ] GC(74) ParOldGen: 77243K(175104K)->77251K(175104K)
[36.509s][info][gc,metaspace   ] GC(74) Metaspace: 34248K(34944K)->34248K(34944K) NonClass: 25055K(25536K)->25055K(25536K) Class: 9192K(9408K)->9192K(9408K)
[36.509s][info][gc             ] GC(74) Pause Young (Allocation Failure) 345M->75M(431M) 0.946ms
[36.509s][info][gc,cpu         ] GC(74) User=0.00s Sys=0.00s Real=0.00s
[36.808s][info][gc,start       ] GC(75) Pause Young (Allocation Failure)
[36.810s][info][gc,heap        ] GC(75) PSYoungGen: 265792K(266240K)->32K(267776K) Eden: 265728K(265728K)->0K(255488K) From: 64K(512K)->32K(12288K)
[36.810s][info][gc,heap        ] GC(75) ParOldGen: 77251K(175104K)->77267K(175104K)
[36.810s][info][gc,metaspace   ] GC(75) Metaspace: 34248K(34944K)->34248K(34944K) NonClass: 25055K(25536K)->25055K(25536K) Class: 9192K(9408K)->9192K(9408K)
[36.810s][info][gc             ] GC(75) Pause Young (Allocation Failure) 335M->75M(432M) 1.991ms
[36.810s][info][gc,cpu         ] GC(75) User=0.00s Sys=0.00s Real=0.00s
[37.736s][info][gc,start       ] GC(76) Pause Young (Allocation Failure)
[37.737s][info][gc,heap        ] GC(76) PSYoungGen: 255520K(267776K)->64K(246272K) Eden: 255488K(255488K)->0K(245760K) From: 32K(12288K)->64K(512K)
[37.737s][info][gc,heap        ] GC(76) ParOldGen: 77267K(175104K)->77275K(175104K)
[37.737s][info][gc,metaspace   ] GC(76) Metaspace: 34269K(35008K)->34269K(35008K) NonClass: 25077K(25600K)->25077K(25600K) Class: 9192K(9408K)->9192K(9408K)
[37.737s][info][gc             ] GC(76) Pause Young (Allocation Failure) 324M->75M(411M) 1.095ms
[37.737s][info][gc,cpu         ] GC(76) User=0.00s Sys=0.00s Real=0.01s
[38.856s][info][gc,start       ] GC(77) Pause Young (Allocation Failure)
[38.857s][info][gc,heap        ] GC(77) PSYoungGen: 245824K(246272K)->32K(247296K) Eden: 245760K(245760K)->0K(236544K) From: 64K(512K)->32K(10752K)
[38.857s][info][gc,heap        ] GC(77) ParOldGen: 77275K(175104K)->77283K(175104K)
[38.857s][info][gc,metaspace   ] GC(77) Metaspace: 34271K(35008K)->34271K(35008K) NonClass: 25079K(25600K)->25079K(25600K) Class: 9192K(9408K)->9192K(9408K)
[38.857s][info][gc             ] GC(77) Pause Young (Allocation Failure) 315M->75M(412M) 1.216ms
[38.857s][info][gc,cpu         ] GC(77) User=0.00s Sys=0.00s Real=0.01s
[39.156s][info][gc,start       ] GC(78) Pause Young (Allocation Failure)
[39.158s][info][gc,heap        ] GC(78) PSYoungGen: 236576K(247296K)->64K(227840K) Eden: 236544K(236544K)->0K(227328K) From: 32K(10752K)->64K(512K)
[39.158s][info][gc,heap        ] GC(78) ParOldGen: 77283K(175104K)->77291K(175104K)
[39.158s][info][gc,metaspace   ] GC(78) Metaspace: 34271K(35008K)->34271K(35008K) NonClass: 25079K(25600K)->25079K(25600K) Class: 9192K(9408K)->9192K(9408K)
[39.158s][info][gc             ] GC(78) Pause Young (Allocation Failure) 306M->75M(393M) 1.487ms
[39.158s][info][gc,cpu         ] GC(78) User=0.00s Sys=0.00s Real=0.01s
[39.704s][info][gc,start       ] GC(79) Pause Young (Allocation Failure)
[39.706s][info][gc,heap        ] GC(79) PSYoungGen: 227392K(227840K)->64K(228352K) Eden: 227328K(227328K)->0K(218624K) From: 64K(512K)->64K(9728K)
[39.706s][info][gc,heap        ] GC(79) ParOldGen: 77291K(175104K)->77307K(175104K)
[39.706s][info][gc,metaspace   ] GC(79) Metaspace: 34271K(35008K)->34271K(35008K) NonClass: 25079K(25600K)->25079K(25600K) Class: 9192K(9408K)->9192K(9408K)
[39.706s][info][gc             ] GC(79) Pause Young (Allocation Failure) 297M->75M(394M) 1.310ms
[39.706s][info][gc,cpu         ] GC(79) User=0.00s Sys=0.00s Real=0.00s
[41.616s][info][gc,start       ] GC(80) Pause Young (Allocation Failure)
[41.618s][info][gc,heap        ] GC(80) PSYoungGen: 218688K(228352K)->64K(210944K) Eden: 218624K(218624K)->0K(210432K) From: 64K(9728K)->64K(512K)
[41.618s][info][gc,heap        ] GC(80) ParOldGen: 77307K(175104K)->77323K(175104K)
[41.618s][info][gc,metaspace   ] GC(80) Metaspace: 34388K(35136K)->34388K(35136K) NonClass: 25196K(25728K)->25196K(25728K) Class: 9192K(9408K)->9192K(9408K)
[41.618s][info][gc             ] GC(80) Pause Young (Allocation Failure) 289M->75M(377M) 2.070ms
[41.618s][info][gc,cpu         ] GC(80) User=0.00s Sys=0.00s Real=0.01s
[42.496s][info][gc,start       ] GC(81) Pause Young (Allocation Failure)
[42.497s][info][gc,heap        ] GC(81) PSYoungGen: 210496K(210944K)->64K(210944K) Eden: 210432K(210432K)->0K(202752K) From: 64K(512K)->64K(8192K)
[42.497s][info][gc,heap        ] GC(81) ParOldGen: 77323K(175104K)->77339K(175104K)
[42.497s][info][gc,metaspace   ] GC(81) Metaspace: 34388K(35136K)->34388K(35136K) NonClass: 25196K(25728K)->25196K(25728K) Class: 9192K(9408K)->9192K(9408K)
[42.497s][info][gc             ] GC(81) Pause Young (Allocation Failure) 281M->75M(377M) 1.236ms
[42.497s][info][gc,cpu         ] GC(81) User=0.00s Sys=0.00s Real=0.01s
[42.772s][info][gc,start       ] GC(82) Pause Young (Allocation Failure)
[42.773s][info][gc,heap        ] GC(82) PSYoungGen: 202816K(210944K)->64K(196096K) Eden: 202752K(202752K)->0K(195584K) From: 64K(8192K)->64K(512K)
[42.773s][info][gc,heap        ] GC(82) ParOldGen: 77339K(175104K)->77355K(175104K)
[42.773s][info][gc,metaspace   ] GC(82) Metaspace: 34388K(35136K)->34388K(35136K) NonClass: 25196K(25728K)->25196K(25728K) Class: 9192K(9408K)->9192K(9408K)
[42.773s][info][gc             ] GC(82) Pause Young (Allocation Failure) 273M->75M(362M) 1.433ms
[42.773s][info][gc,cpu         ] GC(82) User=0.00s Sys=0.00s Real=0.00s
[42.824s][info][gc,start       ] GC(83) Pause Young (Allocation Failure)
[42.824s][info][gc,heap        ] GC(83) PSYoungGen: 195648K(196096K)->32K(195584K) Eden: 195584K(195584K)->0K(188416K) From: 64K(512K)->32K(7168K)
[42.824s][info][gc,heap        ] GC(83) ParOldGen: 77355K(175104K)->77371K(175104K)
[42.825s][info][gc,metaspace   ] GC(83) Metaspace: 34388K(35136K)->34388K(35136K) NonClass: 25196K(25728K)->25196K(25728K) Class: 9192K(9408K)->9192K(9408K)
[42.825s][info][gc             ] GC(83) Pause Young (Allocation Failure) 266M->75M(362M) 0.860ms
[42.825s][info][gc,cpu         ] GC(83) User=0.00s Sys=0.00s Real=0.00s
[43.237s][info][gc,start       ] GC(84) Pause Young (Allocation Failure)
[43.239s][info][gc,heap        ] GC(84) PSYoungGen: 188448K(195584K)->64K(182272K) Eden: 188416K(188416K)->0K(181760K) From: 32K(7168K)->64K(512K)
[43.239s][info][gc,heap        ] GC(84) ParOldGen: 77371K(175104K)->77371K(175104K)
[43.239s][info][gc,metaspace   ] GC(84) Metaspace: 34415K(35136K)->34415K(35136K) NonClass: 25223K(25728K)->25223K(25728K) Class: 9192K(9408K)->9192K(9408K)
[43.239s][info][gc             ] GC(84) Pause Young (Allocation Failure) 259M->75M(349M) 1.709ms
[43.239s][info][gc,cpu         ] GC(84) User=0.00s Sys=0.00s Real=0.00s
[43.654s][info][gc,start       ] GC(85) Pause Young (Allocation Failure)
[43.655s][info][gc,heap        ] GC(85) PSYoungGen: 181824K(182272K)->32K(181248K) Eden: 181760K(181760K)->0K(175104K) From: 64K(512K)->32K(6144K)
[43.655s][info][gc,heap        ] GC(85) ParOldGen: 77371K(175104K)->77387K(175104K)
[43.655s][info][gc,metaspace   ] GC(85) Metaspace: 34415K(35136K)->34415K(35136K) NonClass: 25223K(25728K)->25223K(25728K) Class: 9192K(9408K)->9192K(9408K)
[43.655s][info][gc             ] GC(85) Pause Young (Allocation Failure) 253M->75M(348M) 1.300ms
[43.655s][info][gc,cpu         ] GC(85) User=0.00s Sys=0.00s Real=0.00s
[43.851s][info][gc,start       ] GC(86) Pause Young (Allocation Failure)
[43.852s][info][gc,heap        ] GC(86) PSYoungGen: 175136K(181248K)->64K(169472K) Eden: 175104K(175104K)->0K(168960K) From: 32K(6144K)->64K(512K)
[43.852s][info][gc,heap        ] GC(86) ParOldGen: 77387K(175104K)->77403K(175104K)
[43.852s][info][gc,metaspace   ] GC(86) Metaspace: 34417K(35136K)->34417K(35136K) NonClass: 25225K(25728K)->25225K(25728K) Class: 9192K(9408K)->9192K(9408K)
[43.852s][info][gc             ] GC(86) Pause Young (Allocation Failure) 246M->75M(336M) 1.143ms
[43.852s][info][gc,cpu         ] GC(86) User=0.00s Sys=0.00s Real=0.00s
[44.174s][info][gc,start       ] GC(87) Pause Young (Allocation Failure)
[44.201s][info][gc,heap        ] GC(87) PSYoungGen: 169024K(169472K)->5632K(208384K) Eden: 168960K(168960K)->0K(202752K) From: 64K(512K)->5632K(5632K)
[44.201s][info][gc,heap        ] GC(87) ParOldGen: 77403K(175104K)->80323K(175104K)
[44.201s][info][gc,metaspace   ] GC(87) Metaspace: 34432K(35136K)->34432K(35136K) NonClass: 25240K(25728K)->25240K(25728K) Class: 9192K(9408K)->9192K(9408K)
[44.201s][info][gc             ] GC(87) Pause Young (Allocation Failure) 240M->83M(374M) 26.783ms
[44.201s][info][gc,cpu         ] GC(87) User=0.02s Sys=0.00s Real=0.03s
[44.455s][info][gc,start       ] GC(88) Pause Young (Allocation Failure)
[44.501s][info][gc,heap        ] GC(88) PSYoungGen: 208384K(208384K)->5632K(243712K) Eden: 202752K(202752K)->0K(238080K) From: 5632K(5632K)->5632K(5632K)
[44.502s][info][gc,heap        ] GC(88) ParOldGen: 80323K(175104K)->97587K(175104K)
[44.502s][info][gc,metaspace   ] GC(88) Metaspace: 34432K(35136K)->34432K(35136K) NonClass: 25240K(25728K)->25240K(25728K) Class: 9192K(9408K)->9192K(9408K)
[44.502s][info][gc             ] GC(88) Pause Young (Allocation Failure) 281M->100M(409M) 46.418ms
[44.502s][info][gc,cpu         ] GC(88) User=0.08s Sys=0.00s Real=0.05s
[44.800s][info][gc,start       ] GC(89) Pause Young (Allocation Failure)
[44.848s][info][gc,heap        ] GC(89) PSYoungGen: 243712K(243712K)->15360K(253440K) Eden: 238080K(238080K)->0K(238080K) From: 5632K(5632K)->15360K(15360K)
[44.848s][info][gc,heap        ] GC(89) ParOldGen: 97587K(175104K)->109467K(175104K)
[44.848s][info][gc,metaspace   ] GC(89) Metaspace: 34432K(35136K)->34432K(35136K) NonClass: 25240K(25728K)->25240K(25728K) Class: 9192K(9408K)->9192K(9408K)
[44.848s][info][gc             ] GC(89) Pause Young (Allocation Failure) 333M->121M(418M) 48.643ms
[44.848s][info][gc,cpu         ] GC(89) User=0.09s Sys=0.01s Real=0.05s
[44.964s][info][gc,start       ] GC(90) Pause Young (Allocation Failure)
[44.976s][info][gc,heap        ] GC(90) PSYoungGen: 253440K(253440K)->4544K(305664K) Eden: 238080K(238080K)->0K(285696K) From: 15360K(15360K)->4544K(19968K)
[44.976s][info][gc,heap        ] GC(90) ParOldGen: 109467K(175104K)->109787K(175104K)
[44.976s][info][gc,metaspace   ] GC(90) Metaspace: 34444K(35200K)->34444K(35200K) NonClass: 25252K(25792K)->25252K(25792K) Class: 9192K(9408K)->9192K(9408K)
[44.976s][info][gc             ] GC(90) Pause Young (Allocation Failure) 354M->111M(469M) 12.490ms
[44.976s][info][gc,cpu         ] GC(90) User=0.03s Sys=0.00s Real=0.01s
[45.499s][info][gc,start       ] GC(91) Pause Young (Allocation Failure)
[45.500s][info][gc,heap        ] GC(91) PSYoungGen: 290240K(305664K)->64K(307200K) Eden: 285696K(285696K)->0K(285696K) From: 4544K(19968K)->64K(21504K)
[45.500s][info][gc,heap        ] GC(91) ParOldGen: 109787K(175104K)->109795K(175104K)
[45.500s][info][gc,metaspace   ] GC(91) Metaspace: 34444K(35200K)->34444K(35200K) NonClass: 25252K(25792K)->25252K(25792K) Class: 9192K(9408K)->9192K(9408K)
[45.500s][info][gc             ] GC(91) Pause Young (Allocation Failure) 390M->107M(471M) 0.951ms
[45.500s][info][gc,cpu         ] GC(91) User=0.00s Sys=0.00s Real=0.00s
[46.206s][info][gc,start       ] GC(92) Pause Young (Allocation Failure)
[46.207s][info][gc,heap        ] GC(92) PSYoungGen: 285760K(307200K)->64K(309760K) Eden: 285696K(285696K)->0K(291328K) From: 64K(21504K)->64K(18432K)
[46.207s][info][gc,heap        ] GC(92) ParOldGen: 109795K(175104K)->109803K(175104K)
[46.207s][info][gc,metaspace   ] GC(92) Metaspace: 34444K(35200K)->34444K(35200K) NonClass: 25252K(25792K)->25252K(25792K) Class: 9192K(9408K)->9192K(9408K)
[46.207s][info][gc             ] GC(92) Pause Young (Allocation Failure) 386M->107M(473M) 1.014ms
[46.207s][info][gc,cpu         ] GC(92) User=0.00s Sys=0.00s Real=0.00s
[46.924s][info][gc,start       ] GC(93) Pause Young (Allocation Failure)
[46.925s][info][gc,heap        ] GC(93) PSYoungGen: 291392K(309760K)->64K(311296K) Eden: 291328K(291328K)->0K(291328K) From: 64K(18432K)->64K(19968K)
[46.925s][info][gc,heap        ] GC(93) ParOldGen: 109803K(175104K)->109819K(175104K)
[46.925s][info][gc,metaspace   ] GC(93) Metaspace: 34477K(35200K)->34477K(35200K) NonClass: 25285K(25792K)->25285K(25792K) Class: 9192K(9408K)->9192K(9408K)
[46.925s][info][gc             ] GC(93) Pause Young (Allocation Failure) 391M->107M(475M) 1.173ms
[46.925s][info][gc,cpu         ] GC(93) User=0.00s Sys=0.00s Real=0.00s
[47.198s][info][gc,start       ] GC(94) Pause Young (Allocation Failure)
[47.199s][info][gc,heap        ] GC(94) PSYoungGen: 291392K(311296K)->64K(311296K) Eden: 291328K(291328K)->0K(294400K) From: 64K(19968K)->64K(16896K)
[47.199s][info][gc,heap        ] GC(94) ParOldGen: 109819K(175104K)->109835K(175104K)
[47.199s][info][gc,metaspace   ] GC(94) Metaspace: 34477K(35200K)->34477K(35200K) NonClass: 25285K(25792K)->25285K(25792K) Class: 9192K(9408K)->9192K(9408K)
[47.199s][info][gc             ] GC(94) Pause Young (Allocation Failure) 391M->107M(475M) 1.036ms
[47.199s][info][gc,cpu         ] GC(94) User=0.00s Sys=0.00s Real=0.00s
[47.607s][info][gc,start       ] GC(95) Pause Young (Allocation Failure)
[47.608s][info][gc,heap        ] GC(95) PSYoungGen: 294464K(311296K)->64K(312832K) Eden: 294400K(294400K)->0K(294400K) From: 64K(16896K)->64K(18432K)
[47.608s][info][gc,heap        ] GC(95) ParOldGen: 109835K(175104K)->109835K(175104K)
[47.608s][info][gc,metaspace   ] GC(95) Metaspace: 34477K(35200K)->34477K(35200K) NonClass: 25285K(25792K)->25285K(25792K) Class: 9192K(9408K)->9192K(9408K)
[47.608s][info][gc             ] GC(95) Pause Young (Allocation Failure) 394M->107M(476M) 1.410ms
[47.608s][info][gc,cpu         ] GC(95) User=0.00s Sys=0.00s Real=0.00s
[47.772s][info][gc,start       ] GC(96) Pause Young (Allocation Failure)
[47.773s][info][gc,heap        ] GC(96) PSYoungGen: 294464K(312832K)->64K(312832K) Eden: 294400K(294400K)->0K(297472K) From: 64K(18432K)->64K(15360K)
[47.773s][info][gc,heap        ] GC(96) ParOldGen: 109835K(175104K)->109851K(175104K)
[47.773s][info][gc,metaspace   ] GC(96) Metaspace: 34491K(35200K)->34491K(35200K) NonClass: 25299K(25792K)->25299K(25792K) Class: 9192K(9408K)->9192K(9408K)
[47.773s][info][gc             ] GC(96) Pause Young (Allocation Failure) 394M->107M(476M) 1.318ms
[47.773s][info][gc,cpu         ] GC(96) User=0.00s Sys=0.00s Real=0.00s
[47.830s][info][gc,start       ] GC(97) Pause Young (Allocation Failure)
[47.832s][info][gc,heap        ] GC(97) PSYoungGen: 297536K(312832K)->32K(314368K) Eden: 297472K(297472K)->0K(297472K) From: 64K(15360K)->32K(16896K)
[47.832s][info][gc,heap        ] GC(97) ParOldGen: 109851K(175104K)->109867K(175104K)
[47.832s][info][gc,metaspace   ] GC(97) Metaspace: 34491K(35200K)->34491K(35200K) NonClass: 25299K(25792K)->25299K(25792K) Class: 9192K(9408K)->9192K(9408K)
[47.832s][info][gc             ] GC(97) Pause Young (Allocation Failure) 397M->107M(478M) 2.574ms
[47.832s][info][gc,cpu         ] GC(97) User=0.00s Sys=0.00s Real=0.00s
[47.956s][info][gc,start       ] GC(98) Pause Young (Allocation Failure)
[47.957s][info][gc,heap        ] GC(98) PSYoungGen: 297504K(314368K)->64K(315392K) Eden: 297472K(297472K)->0K(301056K) From: 32K(16896K)->64K(14336K)
[47.957s][info][gc,heap        ] GC(98) ParOldGen: 109867K(175104K)->109867K(175104K)
[47.957s][info][gc,metaspace   ] GC(98) Metaspace: 34491K(35200K)->34491K(35200K) NonClass: 25299K(25792K)->25299K(25792K) Class: 9192K(9408K)->9192K(9408K)
[47.957s][info][gc             ] GC(98) Pause Young (Allocation Failure) 397M->107M(479M) 0.769ms
[47.957s][info][gc,cpu         ] GC(98) User=0.00s Sys=0.00s Real=0.01s
[48.195s][info][gc,start       ] GC(99) Pause Young (Allocation Failure)
[48.196s][info][gc,heap        ] GC(99) PSYoungGen: 301120K(315392K)->64K(316416K) Eden: 301056K(301056K)->0K(301056K) From: 64K(14336K)->64K(15360K)
[48.196s][info][gc,heap        ] GC(99) ParOldGen: 109867K(175104K)->109875K(175104K)
[48.196s][info][gc,metaspace   ] GC(99) Metaspace: 34491K(35200K)->34491K(35200K) NonClass: 25299K(25792K)->25299K(25792K) Class: 9192K(9408K)->9192K(9408K)
[48.196s][info][gc             ] GC(99) Pause Young (Allocation Failure) 401M->107M(480M) 0.746ms
[48.196s][info][gc,cpu         ] GC(99) User=0.01s Sys=0.00s Real=0.00s
[48.387s][info][gc,start       ] GC(100) Pause Young (Allocation Failure)
[48.388s][info][gc,heap        ] GC(100) PSYoungGen: 301120K(316416K)->32K(317440K) Eden: 301056K(301056K)->0K(304128K) From: 64K(15360K)->32K(13312K)
[48.388s][info][gc,heap        ] GC(100) ParOldGen: 109875K(175104K)->109883K(175104K)
[48.388s][info][gc,metaspace   ] GC(100) Metaspace: 34491K(35200K)->34491K(35200K) NonClass: 25299K(25792K)->25299K(25792K) Class: 9192K(9408K)->9192K(9408K)
[48.388s][info][gc             ] GC(100) Pause Young (Allocation Failure) 401M->107M(481M) 1.418ms
[48.388s][info][gc,cpu         ] GC(100) User=0.00s Sys=0.00s Real=0.00s
[48.483s][info][gc,start       ] GC(101) Pause Young (Allocation Failure)
[48.484s][info][gc,heap        ] GC(101) PSYoungGen: 304160K(317440K)->64K(317952K) Eden: 304128K(304128K)->0K(304128K) From: 32K(13312K)->64K(13824K)
[48.484s][info][gc,heap        ] GC(101) ParOldGen: 109883K(175104K)->109899K(175104K)
[48.484s][info][gc,metaspace   ] GC(101) Metaspace: 34491K(35200K)->34491K(35200K) NonClass: 25299K(25792K)->25299K(25792K) Class: 9192K(9408K)->9192K(9408K)
[48.485s][info][gc             ] GC(101) Pause Young (Allocation Failure) 404M->107M(481M) 1.514ms
[48.485s][info][gc,cpu         ] GC(101) User=0.00s Sys=0.00s Real=0.00s
[48.807s][info][gc,start       ] GC(102) Pause Young (Allocation Failure)
[48.808s][info][gc,heap        ] GC(102) PSYoungGen: 304192K(317952K)->64K(319488K) Eden: 304128K(304128K)->0K(307200K) From: 64K(13824K)->64K(12288K)
[48.808s][info][gc,heap        ] GC(102) ParOldGen: 109899K(175104K)->109915K(175104K)
[48.808s][info][gc,metaspace   ] GC(102) Metaspace: 34532K(35264K)->34532K(35264K) NonClass: 25340K(25856K)->25340K(25856K) Class: 9192K(9408K)->9192K(9408K)
[48.808s][info][gc             ] GC(102) Pause Young (Allocation Failure) 404M->107M(483M) 1.497ms
[48.808s][info][gc,cpu         ] GC(102) User=0.00s Sys=0.01s Real=0.01s
[49.732s][info][gc,start       ] GC(103) Pause Young (Allocation Failure)
[49.733s][info][gc,heap        ] GC(103) PSYoungGen: 307264K(319488K)->64K(295424K) Eden: 307200K(307200K)->0K(294912K) From: 64K(12288K)->64K(512K)
[49.734s][info][gc,heap        ] GC(103) ParOldGen: 109915K(175104K)->109923K(175104K)
[49.734s][info][gc,metaspace   ] GC(103) Metaspace: 34532K(35264K)->34532K(35264K) NonClass: 25340K(25856K)->25340K(25856K) Class: 9192K(9408K)->9192K(9408K)
[49.734s][info][gc             ] GC(103) Pause Young (Allocation Failure) 407M->107M(459M) 1.675ms
[49.734s][info][gc,cpu         ] GC(103) User=0.00s Sys=0.00s Real=0.00s
[50.858s][info][gc,start       ] GC(104) Pause Young (Allocation Failure)
[50.859s][info][gc,heap        ] GC(104) PSYoungGen: 294976K(295424K)->64K(283648K) Eden: 294912K(294912K)->0K(283136K) From: 64K(512K)->64K(512K)
[50.859s][info][gc,heap        ] GC(104) ParOldGen: 109923K(175104K)->109939K(175104K)
[50.859s][info][gc,metaspace   ] GC(104) Metaspace: 34590K(35328K)->34590K(35328K) NonClass: 25398K(25920K)->25398K(25920K) Class: 9192K(9408K)->9192K(9408K)
[50.859s][info][gc             ] GC(104) Pause Young (Allocation Failure) 395M->107M(448M) 1.899ms
[50.859s][info][gc,cpu         ] GC(104) User=0.00s Sys=0.00s Real=0.00s
[51.345s][info][gc,start       ] GC(105) Pause Young (Allocation Failure)
[51.346s][info][gc,heap        ] GC(105) PSYoungGen: 283200K(283648K)->64K(282624K) Eden: 283136K(283136K)->0K(271872K) From: 64K(512K)->64K(10752K)
[51.346s][info][gc,heap        ] GC(105) ParOldGen: 109939K(175104K)->109955K(175104K)
[51.346s][info][gc,metaspace   ] GC(105) Metaspace: 34590K(35328K)->34590K(35328K) NonClass: 25398K(25920K)->25398K(25920K) Class: 9192K(9408K)->9192K(9408K)
[51.346s][info][gc             ] GC(105) Pause Young (Allocation Failure) 383M->107M(447M) 1.353ms
[51.346s][info][gc,cpu         ] GC(105) User=0.00s Sys=0.00s Real=0.00s
[52.754s][info][gc,start       ] GC(106) Pause Young (Allocation Failure)
[52.756s][info][gc,heap        ] GC(106) PSYoungGen: 271936K(282624K)->64K(261632K) Eden: 271872K(271872K)->0K(261120K) From: 64K(10752K)->64K(512K)
[52.756s][info][gc,heap        ] GC(106) ParOldGen: 109955K(175104K)->109971K(175104K)
[52.756s][info][gc,metaspace   ] GC(106) Metaspace: 34647K(35392K)->34647K(35392K) NonClass: 25455K(25984K)->25455K(25984K) Class: 9192K(9408K)->9192K(9408K)
[52.756s][info][gc             ] GC(106) Pause Young (Allocation Failure) 372M->107M(426M) 2.128ms
[52.756s][info][gc,cpu         ] GC(106) User=0.00s Sys=0.00s Real=0.00s
[53.640s][info][gc,start       ] GC(107) Pause Young (Allocation Failure)
[53.641s][info][gc,heap        ] GC(107) PSYoungGen: 261184K(261632K)->64K(260096K) Eden: 261120K(261120K)->0K(250880K) From: 64K(512K)->64K(9216K)
[53.641s][info][gc,heap        ] GC(107) ParOldGen: 109971K(175104K)->109979K(175104K)
[53.641s][info][gc,metaspace   ] GC(107) Metaspace: 34769K(35520K)->34769K(35520K) NonClass: 25577K(26112K)->25577K(26112K) Class: 9192K(9408K)->9192K(9408K)
[53.641s][info][gc             ] GC(107) Pause Young (Allocation Failure) 362M->107M(425M) 1.043ms
[53.641s][info][gc,cpu         ] GC(107) User=0.00s Sys=0.00s Real=0.00s
[53.862s][info][gc,start       ] GC(108) Pause Young (Allocation Failure)
[53.864s][info][gc,heap        ] GC(108) PSYoungGen: 250944K(260096K)->64K(241664K) Eden: 250880K(250880K)->0K(241152K) From: 64K(9216K)->64K(512K)
[53.864s][info][gc,heap        ] GC(108) ParOldGen: 109979K(175104K)->109987K(175104K)
[53.864s][info][gc,metaspace   ] GC(108) Metaspace: 34789K(35520K)->34789K(35520K) NonClass: 25597K(26112K)->25597K(26112K) Class: 9192K(9408K)->9192K(9408K)
[53.864s][info][gc             ] GC(108) Pause Young (Allocation Failure) 352M->107M(407M) 1.321ms
[53.864s][info][gc,cpu         ] GC(108) User=0.00s Sys=0.00s Real=0.00s
[53.984s][info][gc,start       ] GC(109) Pause Young (Allocation Failure)
[53.985s][info][gc,heap        ] GC(109) PSYoungGen: 241216K(241664K)->64K(240128K) Eden: 241152K(241152K)->0K(231936K) From: 64K(512K)->64K(8192K)
[53.985s][info][gc,heap        ] GC(109) ParOldGen: 109987K(175104K)->109995K(175104K)
[53.985s][info][gc,metaspace   ] GC(109) Metaspace: 34789K(35520K)->34789K(35520K) NonClass: 25597K(26112K)->25597K(26112K) Class: 9192K(9408K)->9192K(9408K)
[53.986s][info][gc             ] GC(109) Pause Young (Allocation Failure) 342M->107M(405M) 1.223ms
[53.986s][info][gc,cpu         ] GC(109) User=0.00s Sys=0.00s Real=0.00s
[54.618s][info][gc,start       ] GC(110) Pause Young (Allocation Failure)
[54.620s][info][gc,heap        ] GC(110) PSYoungGen: 232000K(240128K)->64K(223744K) Eden: 231936K(231936K)->0K(223232K) From: 64K(8192K)->64K(512K)
[54.620s][info][gc,heap        ] GC(110) ParOldGen: 109995K(175104K)->110011K(175104K)
[54.620s][info][gc,metaspace   ] GC(110) Metaspace: 34792K(35520K)->34792K(35520K) NonClass: 25600K(26112K)->25600K(26112K) Class: 9192K(9408K)->9192K(9408K)
[54.620s][info][gc             ] GC(110) Pause Young (Allocation Failure) 333M->107M(389M) 1.999ms
[54.620s][info][gc,cpu         ] GC(110) User=0.01s Sys=0.00s Real=0.00s
[54.863s][info][gc,start       ] GC(111) Pause Young (Allocation Failure)
[54.864s][info][gc,heap        ] GC(111) PSYoungGen: 223296K(223744K)->64K(222208K) Eden: 223232K(223232K)->0K(215040K) From: 64K(512K)->64K(7168K)
[54.864s][info][gc,heap        ] GC(111) ParOldGen: 110011K(175104K)->110019K(175104K)
[54.864s][info][gc,metaspace   ] GC(111) Metaspace: 34793K(35520K)->34793K(35520K) NonClass: 25600K(26112K)->25600K(26112K) Class: 9192K(9408K)->9192K(9408K)
[54.864s][info][gc             ] GC(111) Pause Young (Allocation Failure) 325M->107M(388M) 1.432ms
[54.864s][info][gc,cpu         ] GC(111) User=0.00s Sys=0.00s Real=0.00s
[55.197s][info][gc,start       ] GC(112) Pause Young (Allocation Failure)
[55.227s][info][gc,heap        ] GC(112) PSYoungGen: 215104K(222208K)->6656K(264704K) Eden: 215040K(215040K)->0K(258048K) From: 64K(7168K)->6656K(6656K)
[55.227s][info][gc,heap        ] GC(112) ParOldGen: 110019K(175104K)->118995K(175104K)
[55.227s][info][gc,metaspace   ] GC(112) Metaspace: 34809K(35520K)->34809K(35520K) NonClass: 25617K(26112K)->25617K(26112K) Class: 9192K(9408K)->9192K(9408K)
[55.227s][info][gc             ] GC(112) Pause Young (Allocation Failure) 317M->122M(429M) 30.520ms
[55.227s][info][gc,cpu         ] GC(112) User=0.05s Sys=0.01s Real=0.04s
[55.525s][info][gc,start       ] GC(113) Pause Young (Allocation Failure)
[55.596s][info][gc,heap        ] GC(113) PSYoungGen: 264704K(264704K)->11264K(273408K) Eden: 258048K(258048K)->0K(262144K) From: 6656K(6656K)->11264K(11264K)
[55.596s][info][gc,heap        ] GC(113) ParOldGen: 118995K(175104K)->137011K(175104K)
[55.596s][info][gc,metaspace   ] GC(113) Metaspace: 34809K(35520K)->34809K(35520K) NonClass: 25617K(26112K)->25617K(26112K) Class: 9192K(9408K)->9192K(9408K)
[55.596s][info][gc             ] GC(113) Pause Young (Allocation Failure) 374M->144M(438M) 71.770ms
[55.596s][info][gc,cpu         ] GC(113) User=0.09s Sys=0.01s Real=0.07s
[55.808s][info][gc,start       ] GC(114) Pause Young (Allocation Failure)
[55.849s][info][gc,heap        ] GC(114) PSYoungGen: 273408K(273408K)->17984K(306176K) Eden: 262144K(262144K)->0K(285696K) From: 11264K(11264K)->17984K(20480K)
[55.849s][info][gc,heap        ] GC(114) ParOldGen: 137011K(175104K)->137499K(175104K)
[55.849s][info][gc,metaspace   ] GC(114) Metaspace: 34809K(35520K)->34809K(35520K) NonClass: 25617K(26112K)->25617K(26112K) Class: 9192K(9408K)->9192K(9408K)
[55.849s][info][gc             ] GC(114) Pause Young (Allocation Failure) 400M->151M(470M) 40.442ms
[55.849s][info][gc,cpu         ] GC(114) User=0.06s Sys=0.01s Real=0.04s
[56.087s][info][gc,start       ] GC(115) Pause Young (Allocation Failure)
[56.088s][info][gc,heap        ] GC(115) PSYoungGen: 303680K(306176K)->64K(309760K) Eden: 285696K(285696K)->0K(285696K) From: 17984K(20480K)->64K(24064K)
[56.088s][info][gc,heap        ] GC(115) ParOldGen: 137499K(175104K)->137507K(175104K)
[56.088s][info][gc,metaspace   ] GC(115) Metaspace: 34809K(35520K)->34809K(35520K) NonClass: 25617K(26112K)->25617K(26112K) Class: 9192K(9408K)->9192K(9408K)
[56.088s][info][gc             ] GC(115) Pause Young (Allocation Failure) 430M->134M(473M) 0.799ms
[56.088s][info][gc,cpu         ] GC(115) User=0.00s Sys=0.00s Real=0.00s
[56.792s][info][gc,start       ] GC(116) Pause Young (Allocation Failure)
[56.793s][info][gc,heap        ] GC(116) PSYoungGen: 285760K(309760K)->64K(307712K) Eden: 285696K(285696K)->0K(286720K) From: 64K(24064K)->64K(20992K)
[56.793s][info][gc,heap        ] GC(116) ParOldGen: 137507K(175104K)->137515K(175104K)
[56.793s][info][gc,metaspace   ] GC(116) Metaspace: 34809K(35520K)->34809K(35520K) NonClass: 25617K(26112K)->25617K(26112K) Class: 9192K(9408K)->9192K(9408K)
[56.793s][info][gc             ] GC(116) Pause Young (Allocation Failure) 413M->134M(471M) 0.983ms
[56.793s][info][gc,cpu         ] GC(116) User=0.00s Sys=0.00s Real=0.00s
[57.574s][info][gc,start       ] GC(117) Pause Young (Allocation Failure)
[57.575s][info][gc,heap        ] GC(117) PSYoungGen: 286784K(307712K)->64K(309248K) Eden: 286720K(286720K)->0K(286720K) From: 64K(20992K)->64K(22528K)
[57.575s][info][gc,heap        ] GC(117) ParOldGen: 137515K(175104K)->137531K(175104K)
[57.575s][info][gc,metaspace   ] GC(117) Metaspace: 34842K(35584K)->34842K(35584K) NonClass: 25650K(26176K)->25650K(26176K) Class: 9192K(9408K)->9192K(9408K)
[57.576s][info][gc             ] GC(117) Pause Young (Allocation Failure) 414M->134M(473M) 1.219ms
[57.576s][info][gc,cpu         ] GC(117) User=0.00s Sys=0.00s Real=0.00s
[57.852s][info][gc,start       ] GC(118) Pause Young (Allocation Failure)
[57.853s][info][gc,heap        ] GC(118) PSYoungGen: 286784K(309248K)->64K(308736K) Eden: 286720K(286720K)->0K(289792K) From: 64K(22528K)->64K(18944K)
[57.853s][info][gc,heap        ] GC(118) ParOldGen: 137531K(175104K)->137547K(175104K)
[57.853s][info][gc,metaspace   ] GC(118) Metaspace: 34874K(35584K)->34874K(35584K) NonClass: 25682K(26176K)->25682K(26176K) Class: 9192K(9408K)->9192K(9408K)
[57.853s][info][gc             ] GC(118) Pause Young (Allocation Failure) 414M->134M(472M) 0.931ms
[57.853s][info][gc,cpu         ] GC(118) User=0.00s Sys=0.00s Real=0.00s
[58.088s][info][gc,start       ] GC(119) Pause Young (Allocation Failure)
[58.089s][info][gc,heap        ] GC(119) PSYoungGen: 289856K(308736K)->64K(310272K) Eden: 289792K(289792K)->0K(289792K) From: 64K(18944K)->64K(20480K)
[58.089s][info][gc,heap        ] GC(119) ParOldGen: 137547K(175104K)->137547K(175104K)
[58.089s][info][gc,metaspace   ] GC(119) Metaspace: 34874K(35584K)->34874K(35584K) NonClass: 25682K(26176K)->25682K(26176K) Class: 9192K(9408K)->9192K(9408K)
[58.089s][info][gc             ] GC(119) Pause Young (Allocation Failure) 417M->134M(474M) 0.898ms
[58.089s][info][gc,cpu         ] GC(119) User=0.00s Sys=0.00s Real=0.00s
[58.433s][info][gc,start       ] GC(120) Pause Young (Allocation Failure)
[58.434s][info][gc,heap        ] GC(120) PSYoungGen: 289856K(310272K)->64K(311808K) Eden: 289792K(289792K)->0K(293888K) From: 64K(20480K)->64K(17920K)
[58.434s][info][gc,heap        ] GC(120) ParOldGen: 137547K(175104K)->137547K(175104K)
[58.434s][info][gc,metaspace   ] GC(120) Metaspace: 34874K(35584K)->34874K(35584K) NonClass: 25682K(26176K)->25682K(26176K) Class: 9192K(9408K)->9192K(9408K)
[58.434s][info][gc             ] GC(120) Pause Young (Allocation Failure) 417M->134M(475M) 0.907ms
[58.434s][info][gc,cpu         ] GC(120) User=0.00s Sys=0.00s Real=0.00s
[58.489s][info][gc,start       ] GC(121) Pause Young (Allocation Failure)
[58.490s][info][gc,heap        ] GC(121) PSYoungGen: 293952K(311808K)->64K(312832K) Eden: 293888K(293888K)->0K(293888K) From: 64K(17920K)->64K(18944K)
[58.490s][info][gc,heap        ] GC(121) ParOldGen: 137547K(175104K)->137563K(175104K)
[58.490s][info][gc,metaspace   ] GC(121) Metaspace: 34874K(35584K)->34874K(35584K) NonClass: 25682K(26176K)->25682K(26176K) Class: 9192K(9408K)->9192K(9408K)
[58.490s][info][gc             ] GC(121) Pause Young (Allocation Failure) 421M->134M(476M) 1.130ms
[58.490s][info][gc,cpu         ] GC(121) User=0.01s Sys=0.00s Real=0.00s
[58.543s][info][gc,start       ] GC(122) Pause Young (Allocation Failure)
[58.543s][info][gc,heap        ] GC(122) PSYoungGen: 293952K(312832K)->64K(312832K) Eden: 293888K(293888K)->0K(296960K) From: 64K(18944K)->64K(15872K)
[58.543s][info][gc,heap        ] GC(122) ParOldGen: 137563K(175104K)->137563K(175104K)
[58.543s][info][gc,metaspace   ] GC(122) Metaspace: 34874K(35584K)->34874K(35584K) NonClass: 25682K(26176K)->25682K(26176K) Class: 9192K(9408K)->9192K(9408K)
[58.543s][info][gc             ] GC(122) Pause Young (Allocation Failure) 421M->134M(476M) 0.735ms
[58.543s][info][gc,cpu         ] GC(122) User=0.00s Sys=0.00s Real=0.00s
[58.773s][info][gc,start       ] GC(123) Pause Young (Allocation Failure)
[58.774s][info][gc,heap        ] GC(123) PSYoungGen: 297024K(312832K)->64K(313856K) Eden: 296960K(296960K)->0K(296960K) From: 64K(15872K)->64K(16896K)
[58.774s][info][gc,heap        ] GC(123) ParOldGen: 137563K(175104K)->137563K(175104K)
[58.774s][info][gc,metaspace   ] GC(123) Metaspace: 34874K(35584K)->34874K(35584K) NonClass: 25682K(26176K)->25682K(26176K) Class: 9192K(9408K)->9192K(9408K)
[58.774s][info][gc             ] GC(123) Pause Young (Allocation Failure) 424M->134M(477M) 0.865ms
[58.774s][info][gc,cpu         ] GC(123) User=0.00s Sys=0.00s Real=0.00s
[58.996s][info][gc,start       ] GC(124) Pause Young (Allocation Failure)
[58.997s][info][gc,heap        ] GC(124) PSYoungGen: 297024K(313856K)->64K(314880K) Eden: 296960K(296960K)->0K(301056K) From: 64K(16896K)->64K(13824K)
[58.997s][info][gc,heap        ] GC(124) ParOldGen: 137563K(175104K)->137571K(175104K)
[58.997s][info][gc,metaspace   ] GC(124) Metaspace: 34874K(35584K)->34874K(35584K) NonClass: 25682K(26176K)->25682K(26176K) Class: 9192K(9408K)->9192K(9408K)
[58.997s][info][gc             ] GC(124) Pause Young (Allocation Failure) 424M->134M(478M) 0.977ms
[58.997s][info][gc,cpu         ] GC(124) User=0.00s Sys=0.00s Real=0.00s
[59.087s][info][gc,start       ] GC(125) Pause Young (Allocation Failure)
[59.088s][info][gc,heap        ] GC(125) PSYoungGen: 301120K(314880K)->64K(315904K) Eden: 301056K(301056K)->0K(301056K) From: 64K(13824K)->64K(14848K)
[59.088s][info][gc,heap        ] GC(125) ParOldGen: 137571K(175104K)->137579K(175104K)
[59.088s][info][gc,metaspace   ] GC(125) Metaspace: 34874K(35584K)->34874K(35584K) NonClass: 25682K(26176K)->25682K(26176K) Class: 9192K(9408K)->9192K(9408K)
[59.088s][info][gc             ] GC(125) Pause Young (Allocation Failure) 428M->134M(479M) 1.004ms
[59.088s][info][gc,cpu         ] GC(125) User=0.00s Sys=0.00s Real=0.00s
[59.230s][info][gc,start       ] GC(126) Pause Young (Allocation Failure)
[59.231s][info][gc,heap        ] GC(126) PSYoungGen: 301120K(315904K)->64K(289280K) Eden: 301056K(301056K)->0K(288768K) From: 64K(14848K)->64K(512K)
[59.231s][info][gc,heap        ] GC(126) ParOldGen: 137579K(175104K)->137587K(175104K)
[59.231s][info][gc,metaspace   ] GC(126) Metaspace: 34874K(35584K)->34874K(35584K) NonClass: 25682K(26176K)->25682K(26176K) Class: 9192K(9408K)->9192K(9408K)
[59.231s][info][gc             ] GC(126) Pause Young (Allocation Failure) 428M->134M(453M) 1.524ms
[59.231s][info][gc,cpu         ] GC(126) User=0.00s Sys=0.00s Real=0.00s
[59.648s][info][gc,start       ] GC(127) Pause Young (Allocation Failure)
[59.649s][info][gc,heap        ] GC(127) PSYoungGen: 288832K(289280K)->64K(290816K) Eden: 288768K(288768K)->0K(277504K) From: 64K(512K)->64K(13312K)
[59.649s][info][gc,heap        ] GC(127) ParOldGen: 137587K(175104K)->137595K(175104K)
[59.649s][info][gc,metaspace   ] GC(127) Metaspace: 34874K(35584K)->34874K(35584K) NonClass: 25682K(26176K)->25682K(26176K) Class: 9192K(9408K)->9192K(9408K)
[59.649s][info][gc             ] GC(127) Pause Young (Allocation Failure) 416M->134M(455M) 0.981ms
[59.649s][info][gc,cpu         ] GC(127) User=0.00s Sys=0.00s Real=0.00s
[60.262s][info][gc,start       ] GC(128) Pause Young (Allocation Failure)
[60.264s][info][gc,heap        ] GC(128) PSYoungGen: 277568K(290816K)->64K(267264K) Eden: 277504K(277504K)->0K(266752K) From: 64K(13312K)->64K(512K)
[60.264s][info][gc,heap        ] GC(128) ParOldGen: 137595K(175104K)->137603K(175104K)
[60.264s][info][gc,metaspace   ] GC(128) Metaspace: 34941K(35648K)->34941K(35648K) NonClass: 25749K(26240K)->25749K(26240K) Class: 9192K(9408K)->9192K(9408K)
[60.264s][info][gc             ] GC(128) Pause Young (Allocation Failure) 405M->134M(432M) 1.960ms
[60.264s][info][gc,cpu         ] GC(128) User=0.00s Sys=0.00s Real=0.00s
[61.292s][info][gc,start       ] GC(129) Pause Young (Allocation Failure)
[61.293s][info][gc,heap        ] GC(129) PSYoungGen: 266816K(267264K)->64K(268288K) Eden: 266752K(266752K)->0K(256512K) From: 64K(512K)->64K(11776K)
[61.293s][info][gc,heap        ] GC(129) ParOldGen: 137603K(175104K)->137619K(175104K)
[61.293s][info][gc,metaspace   ] GC(129) Metaspace: 34941K(35648K)->34941K(35648K) NonClass: 25749K(26240K)->25749K(26240K) Class: 9192K(9408K)->9192K(9408K)
[61.293s][info][gc             ] GC(129) Pause Young (Allocation Failure) 394M->134M(433M) 1.682ms
[61.293s][info][gc,cpu         ] GC(129) User=0.00s Sys=0.00s Real=0.00s
[61.805s][info][gc,start       ] GC(130) Pause Young (Allocation Failure)
[61.808s][info][gc,heap        ] GC(130) PSYoungGen: 256576K(268288K)->64K(247296K) Eden: 256512K(256512K)->0K(246784K) From: 64K(11776K)->64K(512K)
[61.808s][info][gc,heap        ] GC(130) ParOldGen: 137619K(175104K)->137635K(175104K)
[61.808s][info][gc,metaspace   ] GC(130) Metaspace: 34943K(35648K)->34943K(35648K) NonClass: 25751K(26240K)->25751K(26240K) Class: 9192K(9408K)->9192K(9408K)
[61.808s][info][gc             ] GC(130) Pause Young (Allocation Failure) 384M->134M(412M) 3.000ms
[61.808s][info][gc,cpu         ] GC(130) User=0.01s Sys=0.00s Real=0.01s
[63.006s][info][gc,start       ] GC(131) Pause Young (Allocation Failure)
[63.008s][info][gc,heap        ] GC(131) PSYoungGen: 246848K(247296K)->64K(247296K) Eden: 246784K(246784K)->0K(237056K) From: 64K(512K)->64K(10240K)
[63.008s][info][gc,heap        ] GC(131) ParOldGen: 137635K(175104K)->137651K(175104K)
[63.008s][info][gc,metaspace   ] GC(131) Metaspace: 34945K(35712K)->34945K(35712K) NonClass: 25753K(26304K)->25753K(26304K) Class: 9192K(9408K)->9192K(9408K)
[63.008s][info][gc             ] GC(131) Pause Young (Allocation Failure) 375M->134M(412M) 1.491ms
[63.008s][info][gc,cpu         ] GC(131) User=0.00s Sys=0.00s Real=0.01s
[63.466s][info][gc,start       ] GC(132) Pause Young (Allocation Failure)
[63.468s][info][gc,heap        ] GC(132) PSYoungGen: 237120K(247296K)->64K(228352K) Eden: 237056K(237056K)->0K(227840K) From: 64K(10240K)->64K(512K)
[63.468s][info][gc,heap        ] GC(132) ParOldGen: 137651K(175104K)->137667K(175104K)
[63.468s][info][gc,metaspace   ] GC(132) Metaspace: 34956K(35712K)->34956K(35712K) NonClass: 25763K(26304K)->25763K(26304K) Class: 9192K(9408K)->9192K(9408K)
[63.468s][info][gc             ] GC(132) Pause Young (Allocation Failure) 365M->134M(394M) 1.989ms
[63.468s][info][gc,cpu         ] GC(132) User=0.00s Sys=0.00s Real=0.01s
[63.646s][info][gc,start       ] GC(133) Pause Young (Allocation Failure)
[63.647s][info][gc,heap        ] GC(133) PSYoungGen: 227904K(228352K)->64K(227840K) Eden: 227840K(227840K)->0K(219136K) From: 64K(512K)->64K(8704K)
[63.647s][info][gc,heap        ] GC(133) ParOldGen: 137667K(175104K)->137683K(175104K)
[63.647s][info][gc,metaspace   ] GC(133) Metaspace: 34956K(35712K)->34956K(35712K) NonClass: 25763K(26304K)->25763K(26304K) Class: 9192K(9408K)->9192K(9408K)
[63.647s][info][gc             ] GC(133) Pause Young (Allocation Failure) 357M->134M(393M) 1.356ms
[63.647s][info][gc,cpu         ] GC(133) User=0.00s Sys=0.00s Real=0.01s
[63.733s][info][gc,start       ] GC(134) Pause Young (Allocation Failure)
[63.735s][info][gc,heap        ] GC(134) PSYoungGen: 219200K(227840K)->64K(211456K) Eden: 219136K(219136K)->0K(210944K) From: 64K(8704K)->64K(512K)
[63.735s][info][gc,heap        ] GC(134) ParOldGen: 137683K(175104K)->137699K(175104K)
[63.735s][info][gc,metaspace   ] GC(134) Metaspace: 34956K(35712K)->34956K(35712K) NonClass: 25763K(26304K)->25763K(26304K) Class: 9192K(9408K)->9192K(9408K)
[63.735s][info][gc             ] GC(134) Pause Young (Allocation Failure) 348M->134M(377M) 2.031ms
[63.735s][info][gc,cpu         ] GC(134) User=0.00s Sys=0.00s Real=0.00s
[64.291s][info][gc,start       ] GC(135) Pause Young (Allocation Failure)
[64.293s][info][gc,heap        ] GC(135) PSYoungGen: 211008K(211456K)->64K(210944K) Eden: 210944K(210944K)->0K(203264K) From: 64K(512K)->64K(7680K)
[64.293s][info][gc,heap        ] GC(135) ParOldGen: 137699K(175104K)->137707K(175104K)
[64.293s][info][gc,metaspace   ] GC(135) Metaspace: 34956K(35712K)->34956K(35712K) NonClass: 25763K(26304K)->25763K(26304K) Class: 9192K(9408K)->9192K(9408K)
[64.293s][info][gc             ] GC(135) Pause Young (Allocation Failure) 340M->134M(377M) 1.381ms
[64.293s][info][gc,cpu         ] GC(135) User=0.00s Sys=0.00s Real=0.00s
[64.510s][info][gc,start       ] GC(136) Pause Young (Allocation Failure)
[64.512s][info][gc,heap        ] GC(136) PSYoungGen: 203328K(210944K)->64K(196096K) Eden: 203264K(203264K)->0K(195584K) From: 64K(7680K)->64K(512K)
[64.512s][info][gc,heap        ] GC(136) ParOldGen: 137707K(175104K)->137715K(175104K)
[64.512s][info][gc,metaspace   ] GC(136) Metaspace: 34956K(35712K)->34956K(35712K) NonClass: 25763K(26304K)->25763K(26304K) Class: 9192K(9408K)->9192K(9408K)
[64.512s][info][gc             ] GC(136) Pause Young (Allocation Failure) 333M->134M(362M) 1.953ms
[64.512s][info][gc,cpu         ] GC(136) User=0.00s Sys=0.00s Real=0.00s
[64.846s][info][gc,start       ] GC(137) Pause Young (Allocation Failure)
[64.864s][info][gc,heap        ] GC(137) PSYoungGen: 195648K(196096K)->6656K(241664K) Eden: 195584K(195584K)->0K(235008K) From: 64K(512K)->6656K(6656K)
[64.864s][info][gc,heap        ] GC(137) ParOldGen: 137715K(175104K)->137979K(175104K)
[64.864s][info][gc,metaspace   ] GC(137) Metaspace: 34956K(35712K)->34956K(35712K) NonClass: 25764K(26304K)->25764K(26304K) Class: 9192K(9408K)->9192K(9408K)
[64.864s][info][gc             ] GC(137) Pause Young (Allocation Failure) 325M->141M(407M) 18.018ms
[64.864s][info][gc,cpu         ] GC(137) User=0.03s Sys=0.01s Real=0.02s
[65.145s][info][gc,start       ] GC(138) Pause Young (Allocation Failure)
[65.212s][info][gc,heap        ] GC(138) PSYoungGen: 241664K(241664K)->6656K(257024K) Eden: 235008K(235008K)->0K(250368K) From: 6656K(6656K)->6656K(6656K)
[65.212s][info][gc,heap        ] GC(138) ParOldGen: 137979K(175104K)->157779K(175104K)
[65.212s][info][gc,metaspace   ] GC(138) Metaspace: 34956K(35712K)->34956K(35712K) NonClass: 25764K(26304K)->25764K(26304K) Class: 9192K(9408K)->9192K(9408K)
[65.212s][info][gc             ] GC(138) Pause Young (Allocation Failure) 370M->160M(422M) 67.609ms
[65.212s][info][gc,cpu         ] GC(138) User=0.09s Sys=0.01s Real=0.07s
[65.507s][info][gc,start       ] GC(139) Pause Young (Allocation Failure)
[65.558s][info][gc,heap        ] GC(139) PSYoungGen: 257024K(257024K)->16896K(267264K) Eden: 250368K(250368K)->0K(250368K) From: 6656K(6656K)->16896K(16896K)
[65.558s][info][gc,heap        ] GC(139) ParOldGen: 157779K(175104K)->169523K(175104K)
[65.558s][info][gc,metaspace   ] GC(139) Metaspace: 34956K(35712K)->34956K(35712K) NonClass: 25764K(26304K)->25764K(26304K) Class: 9192K(9408K)->9192K(9408K)
[65.558s][info][gc             ] GC(139) Pause Young (Allocation Failure) 405M->182M(432M) 50.991ms
[65.558s][info][gc,cpu         ] GC(139) User=0.09s Sys=0.01s Real=0.05s
[65.638s][info][gc,start       ] GC(140) Pause Young (Allocation Failure)
[65.650s][info][gc,heap        ] GC(140) PSYoungGen: 267264K(267264K)->1184K(309760K) Eden: 250368K(250368K)->0K(284672K) From: 16896K(16896K)->1184K(25088K)
[65.650s][info][gc,heap        ] GC(140) ParOldGen: 169523K(175104K)->169835K(175104K)
[65.650s][info][gc,metaspace   ] GC(140) Metaspace: 34956K(35712K)->34956K(35712K) NonClass: 25764K(26304K)->25764K(26304K) Class: 9192K(9408K)->9192K(9408K)
[65.650s][info][gc             ] GC(140) Pause Young (Allocation Failure) 426M->167M(473M) 12.491ms
[65.650s][info][gc,cpu         ] GC(140) User=0.03s Sys=0.00s Real=0.01s
[66.196s][info][gc,start       ] GC(141) Pause Young (Allocation Failure)
[66.197s][info][gc,heap        ] GC(141) PSYoungGen: 285856K(309760K)->64K(285184K) Eden: 284672K(284672K)->0K(284672K) From: 1184K(25088K)->64K(512K)
[66.197s][info][gc,heap        ] GC(141) ParOldGen: 169835K(175104K)->169843K(175104K)
[66.197s][info][gc,metaspace   ] GC(141) Metaspace: 34956K(35712K)->34956K(35712K) NonClass: 25764K(26304K)->25764K(26304K) Class: 9192K(9408K)->9192K(9408K)
[66.197s][info][gc             ] GC(141) Pause Young (Allocation Failure) 445M->165M(449M) 1.158ms
[66.197s][info][gc,cpu         ] GC(141) User=0.00s Sys=0.00s Real=0.01s
[66.709s][info][gc,start       ] GC(142) Pause Young (Allocation Failure)
[66.710s][info][gc,heap        ] GC(142) PSYoungGen: 284736K(285184K)->64K(308736K) Eden: 284672K(284672K)->0K(285696K) From: 64K(512K)->64K(23040K)
[66.710s][info][gc,heap        ] GC(142) ParOldGen: 169843K(175104K)->169851K(175104K)
[66.710s][info][gc,metaspace   ] GC(142) Metaspace: 34956K(35712K)->34956K(35712K) NonClass: 25764K(26304K)->25764K(26304K) Class: 9192K(9408K)->9192K(9408K)
[66.710s][info][gc             ] GC(142) Pause Young (Allocation Failure) 443M->165M(472M) 1.124ms
[66.710s][info][gc,cpu         ] GC(142) User=0.01s Sys=0.00s Real=0.00s
[67.259s][info][gc,start       ] GC(143) Pause Young (Allocation Failure)
[67.260s][info][gc,heap        ] GC(143) PSYoungGen: 285760K(308736K)->64K(307712K) Eden: 285696K(285696K)->0K(285696K) From: 64K(23040K)->64K(22016K)
[67.260s][info][gc,heap        ] GC(143) ParOldGen: 169851K(175104K)->169867K(175104K)
[67.260s][info][gc,metaspace   ] GC(143) Metaspace: 34987K(35712K)->34987K(35712K) NonClass: 25795K(26304K)->25795K(26304K) Class: 9192K(9408K)->9192K(9408K)
[67.260s][info][gc             ] GC(143) Pause Young (Allocation Failure) 444M->165M(471M) 1.070ms
[67.260s][info][gc,cpu         ] GC(143) User=0.00s Sys=0.00s Real=0.00s
[67.490s][info][gc,start       ] GC(144) Pause Young (Allocation Failure)
[67.491s][info][gc,heap        ] GC(144) PSYoungGen: 285760K(307712K)->64K(310784K) Eden: 285696K(285696K)->0K(289792K) From: 64K(22016K)->64K(20992K)
[67.491s][info][gc,heap        ] GC(144) ParOldGen: 169867K(175104K)->169883K(175104K)
[67.491s][info][gc,metaspace   ] GC(144) Metaspace: 34987K(35712K)->34987K(35712K) NonClass: 25795K(26304K)->25795K(26304K) Class: 9192K(9408K)->9192K(9408K)
[67.491s][info][gc             ] GC(144) Pause Young (Allocation Failure) 444M->165M(474M) 1.281ms
[67.491s][info][gc,cpu         ] GC(144) User=0.00s Sys=0.00s Real=0.00s
[67.844s][info][gc,start       ] GC(145) Pause Young (Allocation Failure)
[67.845s][info][gc,heap        ] GC(145) PSYoungGen: 289856K(310784K)->64K(310272K) Eden: 289792K(289792K)->0K(289792K) From: 64K(20992K)->64K(20480K)
[67.845s][info][gc,heap        ] GC(145) ParOldGen: 169883K(175104K)->169883K(175104K)
[67.845s][info][gc,metaspace   ] GC(145) Metaspace: 34987K(35712K)->34987K(35712K) NonClass: 25795K(26304K)->25795K(26304K) Class: 9192K(9408K)->9192K(9408K)
[67.845s][info][gc             ] GC(145) Pause Young (Allocation Failure) 448M->165M(474M) 0.843ms
[67.845s][info][gc,cpu         ] GC(145) User=0.00s Sys=0.00s Real=0.00s
[67.984s][info][gc,start       ] GC(146) Pause Young (Allocation Failure)
[67.986s][info][gc,heap        ] GC(146) PSYoungGen: 289856K(310272K)->64K(312320K) Eden: 289792K(289792K)->0K(293376K) From: 64K(20480K)->64K(18944K)
[67.986s][info][gc,heap        ] GC(146) ParOldGen: 169883K(175104K)->169891K(175104K)
[67.986s][info][gc,metaspace   ] GC(146) Metaspace: 34987K(35712K)->34987K(35712K) NonClass: 25795K(26304K)->25795K(26304K) Class: 9192K(9408K)->9192K(9408K)
[67.986s][info][gc             ] GC(146) Pause Young (Allocation Failure) 448M->165M(476M) 2.402ms
[67.986s][info][gc,cpu         ] GC(146) User=0.01s Sys=0.00s Real=0.00s
[68.042s][info][gc,start       ] GC(147) Pause Young (Allocation Failure)
[68.045s][info][gc,heap        ] GC(147) PSYoungGen: 293440K(312320K)->64K(311808K) Eden: 293376K(293376K)->0K(293376K) From: 64K(18944K)->64K(18432K)
[68.045s][info][gc,heap        ] GC(147) ParOldGen: 169891K(175104K)->169907K(175104K)
[68.045s][info][gc,metaspace   ] GC(147) Metaspace: 34987K(35712K)->34987K(35712K) NonClass: 25795K(26304K)->25795K(26304K) Class: 9192K(9408K)->9192K(9408K)
[68.045s][info][gc             ] GC(147) Pause Young (Allocation Failure) 452M->165M(475M) 2.248ms
[68.045s][info][gc,cpu         ] GC(147) User=0.00s Sys=0.00s Real=0.00s
[68.175s][info][gc,start       ] GC(148) Pause Young (Allocation Failure)
[68.176s][info][gc,heap        ] GC(148) PSYoungGen: 293440K(311808K)->64K(314368K) Eden: 293376K(293376K)->0K(297472K) From: 64K(18432K)->64K(16896K)
[68.176s][info][gc,heap        ] GC(148) ParOldGen: 169907K(175104K)->169907K(175104K)
[68.176s][info][gc,metaspace   ] GC(148) Metaspace: 35003K(35776K)->35003K(35776K) NonClass: 25811K(26368K)->25811K(26368K) Class: 9192K(9408K)->9192K(9408K)
[68.176s][info][gc             ] GC(148) Pause Young (Allocation Failure) 452M->165M(478M) 1.018ms
[68.176s][info][gc,cpu         ] GC(148) User=0.00s Sys=0.00s Real=0.00s
[68.394s][info][gc,start       ] GC(149) Pause Young (Allocation Failure)
[68.396s][info][gc,heap        ] GC(149) PSYoungGen: 297536K(314368K)->64K(313856K) Eden: 297472K(297472K)->0K(297472K) From: 64K(16896K)->64K(16384K)
[68.396s][info][gc,heap        ] GC(149) ParOldGen: 169907K(175104K)->169915K(175104K)
[68.396s][info][gc,metaspace   ] GC(149) Metaspace: 35003K(35776K)->35003K(35776K) NonClass: 25811K(26368K)->25811K(26368K) Class: 9192K(9408K)->9192K(9408K)
[68.396s][info][gc             ] GC(149) Pause Young (Allocation Failure) 456M->165M(477M) 1.269ms
[68.396s][info][gc,cpu         ] GC(149) User=0.01s Sys=0.00s Real=0.00s
[68.549s][info][gc,start       ] GC(150) Pause Young (Allocation Failure)
[68.549s][info][gc,heap        ] GC(150) PSYoungGen: 297536K(313856K)->64K(316416K) Eden: 297472K(297472K)->0K(301568K) From: 64K(16384K)->64K(14848K)
[68.549s][info][gc,heap        ] GC(150) ParOldGen: 169915K(175104K)->169923K(175104K)
[68.549s][info][gc,metaspace   ] GC(150) Metaspace: 35008K(35776K)->35008K(35776K) NonClass: 25816K(26368K)->25816K(26368K) Class: 9192K(9408K)->9192K(9408K)
[68.549s][info][gc             ] GC(150) Pause Young (Allocation Failure) 456M->166M(480M) 0.880ms
[68.549s][info][gc,cpu         ] GC(150) User=0.00s Sys=0.00s Real=0.00s
[68.641s][info][gc,start       ] GC(151) Pause Young (Allocation Failure)
[68.642s][info][gc,heap        ] GC(151) PSYoungGen: 301632K(316416K)->64K(315904K) Eden: 301568K(301568K)->0K(301568K) From: 64K(14848K)->64K(14336K)
[68.642s][info][gc,heap        ] GC(151) ParOldGen: 169923K(175104K)->169931K(175104K)
[68.642s][info][gc,metaspace   ] GC(151) Metaspace: 35008K(35776K)->35008K(35776K) NonClass: 25816K(26368K)->25816K(26368K) Class: 9192K(9408K)->9192K(9408K)
[68.642s][info][gc             ] GC(151) Pause Young (Allocation Failure) 460M->166M(479M) 0.876ms
[68.642s][info][gc,cpu         ] GC(151) User=0.00s Sys=0.00s Real=0.00s
[68.831s][info][gc,start       ] GC(152) Pause Young (Allocation Failure)
[68.832s][info][gc,heap        ] GC(152) PSYoungGen: 301632K(315904K)->64K(318464K) Eden: 301568K(301568K)->0K(305664K) From: 64K(14336K)->64K(12800K)
[68.832s][info][gc,heap        ] GC(152) ParOldGen: 169931K(175104K)->169939K(175104K)
[68.832s][info][gc,metaspace   ] GC(152) Metaspace: 35008K(35776K)->35008K(35776K) NonClass: 25816K(26368K)->25816K(26368K) Class: 9192K(9408K)->9192K(9408K)
[68.832s][info][gc             ] GC(152) Pause Young (Allocation Failure) 460M->166M(482M) 0.927ms
[68.832s][info][gc,cpu         ] GC(152) User=0.00s Sys=0.00s Real=0.00s
[69.726s][info][gc,start       ] GC(153) Pause Young (Allocation Failure)
[69.727s][info][gc,heap        ] GC(153) PSYoungGen: 305728K(318464K)->83K(293888K) Eden: 305664K(305664K)->0K(293376K) From: 64K(12800K)->83K(512K)
[69.727s][info][gc,heap        ] GC(153) ParOldGen: 169939K(175104K)->169947K(175104K)
[69.727s][info][gc,metaspace   ] GC(153) Metaspace: 35008K(35776K)->35008K(35776K) NonClass: 25816K(26368K)->25816K(26368K) Class: 9192K(9408K)->9192K(9408K)
[69.727s][info][gc             ] GC(153) Pause Young (Allocation Failure) 464M->166M(458M) 0.990ms
[69.727s][info][gc,cpu         ] GC(153) User=0.00s Sys=0.00s Real=0.00s
[70.654s][info][gc,start       ] GC(154) Pause Young (Allocation Failure)
[70.656s][info][gc,heap        ] GC(154) PSYoungGen: 293459K(293888K)->64K(282112K) Eden: 293376K(293376K)->0K(281600K) From: 83K(512K)->64K(512K)
[70.656s][info][gc,heap        ] GC(154) ParOldGen: 169947K(175104K)->169963K(175104K)
[70.656s][info][gc,metaspace   ] GC(154) Metaspace: 35008K(35776K)->35008K(35776K) NonClass: 25816K(26368K)->25816K(26368K) Class: 9192K(9408K)->9192K(9408K)
[70.656s][info][gc             ] GC(154) Pause Young (Allocation Failure) 452M->166M(446M) 1.940ms
[70.656s][info][gc,cpu         ] GC(154) User=0.01s Sys=0.00s Real=0.00s
[71.149s][info][gc,start       ] GC(155) Pause Young (Allocation Failure)
[71.151s][info][gc,heap        ] GC(155) PSYoungGen: 281664K(282112K)->64K(281600K) Eden: 281600K(281600K)->0K(270336K) From: 64K(512K)->64K(11264K)
[71.151s][info][gc,heap        ] GC(155) ParOldGen: 169963K(175104K)->169971K(175104K)
[71.151s][info][gc,metaspace   ] GC(155) Metaspace: 35008K(35776K)->35008K(35776K) NonClass: 25816K(26368K)->25816K(26368K) Class: 9192K(9408K)->9192K(9408K)
[71.151s][info][gc             ] GC(155) Pause Young (Allocation Failure) 441M->166M(446M) 1.666ms
[71.151s][info][gc,cpu         ] GC(155) User=0.00s Sys=0.00s Real=0.00s
[72.301s][info][gc,start       ] GC(156) Pause Young (Allocation Failure)
[72.303s][info][gc,heap        ] GC(156) PSYoungGen: 270400K(281600K)->64K(260096K) Eden: 270336K(270336K)->0K(259584K) From: 64K(11264K)->64K(512K)
[72.303s][info][gc,heap        ] GC(156) ParOldGen: 169971K(175104K)->169979K(175104K)
[72.303s][info][gc,metaspace   ] GC(156) Metaspace: 35039K(35776K)->35039K(35776K) NonClass: 25847K(26368K)->25847K(26368K) Class: 9192K(9408K)->9192K(9408K)
[72.303s][info][gc             ] GC(156) Pause Young (Allocation Failure) 430M->166M(425M) 2.083ms
[72.303s][info][gc,cpu         ] GC(156) User=0.01s Sys=0.00s Real=0.00s
[72.769s][info][gc,start       ] GC(157) Pause Young (Allocation Failure)
[72.771s][info][gc,heap        ] GC(157) PSYoungGen: 259648K(260096K)->64K(259072K) Eden: 259584K(259584K)->0K(249344K) From: 64K(512K)->64K(9728K)
[72.771s][info][gc,heap        ] GC(157) ParOldGen: 169979K(175104K)->169987K(175104K)
[72.771s][info][gc,metaspace   ] GC(157) Metaspace: 35040K(35776K)->35040K(35776K) NonClass: 25848K(26368K)->25848K(26368K) Class: 9192K(9408K)->9192K(9408K)
[72.771s][info][gc             ] GC(157) Pause Young (Allocation Failure) 419M->166M(424M) 1.652ms
[72.771s][info][gc,cpu         ] GC(157) User=0.00s Sys=0.00s Real=0.00s
[72.962s][info][gc,start       ] GC(158) Pause Young (Allocation Failure)
[72.964s][info][gc,heap        ] GC(158) PSYoungGen: 249408K(259072K)->64K(240128K) Eden: 249344K(249344K)->0K(239616K) From: 64K(9728K)->64K(512K)
[72.964s][info][gc,heap        ] GC(158) ParOldGen: 169987K(175104K)->170003K(175104K)
[72.964s][info][gc,metaspace   ] GC(158) Metaspace: 35040K(35776K)->35040K(35776K) NonClass: 25848K(26368K)->25848K(26368K) Class: 9192K(9408K)->9192K(9408K)
[72.964s][info][gc             ] GC(158) Pause Young (Allocation Failure) 409M->166M(405M) 2.239ms
[72.964s][info][gc,cpu         ] GC(158) User=0.00s Sys=0.00s Real=0.00s
[73.078s][info][gc,start       ] GC(159) Pause Young (Allocation Failure)
[73.080s][info][gc,heap        ] GC(159) PSYoungGen: 239680K(240128K)->64K(239104K) Eden: 239616K(239616K)->0K(230400K) From: 64K(512K)->64K(8704K)
[73.080s][info][gc,heap        ] GC(159) ParOldGen: 170003K(175104K)->170019K(175104K)
[73.080s][info][gc,metaspace   ] GC(159) Metaspace: 35040K(35776K)->35040K(35776K) NonClass: 25848K(26368K)->25848K(26368K) Class: 9192K(9408K)->9192K(9408K)
[73.080s][info][gc             ] GC(159) Pause Young (Allocation Failure) 400M->166M(404M) 1.569ms
[73.080s][info][gc,cpu         ] GC(159) User=0.00s Sys=0.00s Real=0.00s
[73.680s][info][gc,start       ] GC(160) Pause Young (Allocation Failure)
[73.682s][info][gc,heap        ] GC(160) PSYoungGen: 230464K(239104K)->64K(222208K) Eden: 230400K(230400K)->0K(221696K) From: 64K(8704K)->64K(512K)
[73.682s][info][gc,heap        ] GC(160) ParOldGen: 170019K(175104K)->170027K(175104K)
[73.682s][info][gc,metaspace   ] GC(160) Metaspace: 35040K(35776K)->35040K(35776K) NonClass: 25848K(26368K)->25848K(26368K) Class: 9192K(9408K)->9192K(9408K)
[73.682s][info][gc             ] GC(160) Pause Young (Allocation Failure) 391M->166M(388M) 2.179ms
[73.682s][info][gc,cpu         ] GC(160) User=0.00s Sys=0.01s Real=0.00s
[73.923s][info][gc,start       ] GC(161) Pause Young (Allocation Failure)
[73.923s][info][gc,heap        ] GC(161) PSYoungGen: 221760K(222208K)->64K(220672K) Eden: 221696K(221696K)->0K(213504K) From: 64K(512K)->64K(7168K)
[73.923s][info][gc,heap        ] GC(161) ParOldGen: 170027K(175104K)->170035K(175104K)
[73.923s][info][gc,metaspace   ] GC(161) Metaspace: 35040K(35776K)->35040K(35776K) NonClass: 25848K(26368K)->25848K(26368K) Class: 9192K(9408K)->9192K(9408K)
[73.923s][info][gc             ] GC(161) Pause Young (Allocation Failure) 382M->166M(386M) 0.814ms
[73.923s][info][gc,cpu         ] GC(161) User=0.00s Sys=0.00s Real=0.00s
[74.238s][info][gc,start       ] GC(162) Pause Young (Allocation Failure)
[74.266s][info][gc,heap        ] GC(162) PSYoungGen: 213568K(220672K)->6656K(263168K) Eden: 213504K(213504K)->0K(256512K) From: 64K(7168K)->6656K(6656K)
[74.266s][info][gc,heap        ] GC(162) ParOldGen: 170035K(175104K)->179019K(179200K)
[74.266s][info][gc,metaspace   ] GC(162) Metaspace: 35042K(35776K)->35042K(35776K) NonClass: 25850K(26368K)->25850K(26368K) Class: 9192K(9408K)->9192K(9408K)
[74.266s][info][gc             ] GC(162) Pause Young (Allocation Failure) 374M->181M(432M) 28.270ms
[74.266s][info][gc,cpu         ] GC(162) User=0.05s Sys=0.00s Real=0.02s
[74.568s][info][gc,start       ] GC(163) Pause Young (Allocation Failure)
[74.625s][info][gc,heap        ] GC(163) PSYoungGen: 263168K(263168K)->11776K(270336K) Eden: 256512K(256512K)->0K(258560K) From: 6656K(6656K)->11776K(11776K)
[74.625s][info][gc,heap        ] GC(163) ParOldGen: 179019K(179200K)->196347K(196608K)
[74.625s][info][gc,metaspace   ] GC(163) Metaspace: 35042K(35776K)->35042K(35776K) NonClass: 25850K(26368K)->25850K(26368K) Class: 9192K(9408K)->9192K(9408K)
[74.625s][info][gc             ] GC(163) Pause Young (Allocation Failure) 431M->203M(456M) 57.436ms
[74.625s][info][gc,cpu         ] GC(163) User=0.10s Sys=0.02s Real=0.05s
[74.844s][info][gc,start       ] GC(164) Pause Young (Allocation Failure)
[74.900s][info][gc,heap        ] GC(164) PSYoungGen: 270336K(270336K)->18176K(306688K) Eden: 258560K(258560K)->0K(285696K) From: 11776K(11776K)->18176K(20992K)
[74.900s][info][gc,heap        ] GC(164) ParOldGen: 196347K(196608K)->196811K(197120K)
[74.900s][info][gc,metaspace   ] GC(164) Metaspace: 35042K(35776K)->35042K(35776K) NonClass: 25850K(26368K)->25850K(26368K) Class: 9192K(9408K)->9192K(9408K)
[74.900s][info][gc             ] GC(164) Pause Young (Allocation Failure) 455M->209M(492M) 55.333ms
[74.900s][info][gc,cpu         ] GC(164) User=0.10s Sys=0.01s Real=0.06s
[75.150s][info][gc,start       ] GC(165) Pause Young (Allocation Failure)
[75.151s][info][gc,heap        ] GC(165) PSYoungGen: 303872K(306688K)->64K(309760K) Eden: 285696K(285696K)->0K(285696K) From: 18176K(20992K)->64K(24064K)
[75.151s][info][gc,heap        ] GC(165) ParOldGen: 196811K(197120K)->196819K(197120K)
[75.151s][info][gc,metaspace   ] GC(165) Metaspace: 35042K(35776K)->35042K(35776K) NonClass: 25850K(26368K)->25850K(26368K) Class: 9192K(9408K)->9192K(9408K)
[75.151s][info][gc             ] GC(165) Pause Young (Allocation Failure) 488M->192M(495M) 1.009ms
[75.151s][info][gc,cpu         ] GC(165) User=0.00s Sys=0.00s Real=0.00s
[75.812s][info][gc,start       ] GC(166) Pause Young (Allocation Failure)
[75.813s][info][gc,heap        ] GC(166) PSYoungGen: 285760K(309760K)->64K(307200K) Eden: 285696K(285696K)->0K(286208K) From: 64K(24064K)->64K(20992K)
[75.813s][info][gc,heap        ] GC(166) ParOldGen: 196819K(197120K)->196827K(197120K)
[75.813s][info][gc,metaspace   ] GC(166) Metaspace: 35042K(35776K)->35042K(35776K) NonClass: 25850K(26368K)->25850K(26368K) Class: 9192K(9408K)->9192K(9408K)
[75.813s][info][gc             ] GC(166) Pause Young (Allocation Failure) 471M->192M(492M) 1.056ms
[75.813s][info][gc,cpu         ] GC(166) User=0.00s Sys=0.00s Real=0.00s
[76.353s][info][gc,start       ] GC(167) Pause Young (Allocation Failure)
[76.354s][info][gc,heap        ] GC(167) PSYoungGen: 286272K(307200K)->64K(308736K) Eden: 286208K(286208K)->0K(286208K) From: 64K(20992K)->64K(22528K)
[76.354s][info][gc,heap        ] GC(167) ParOldGen: 196827K(197120K)->196843K(197120K)
[76.354s][info][gc,metaspace   ] GC(167) Metaspace: 35042K(35776K)->35042K(35776K) NonClass: 25850K(26368K)->25850K(26368K) Class: 9192K(9408K)->9192K(9408K)
[76.354s][info][gc             ] GC(167) Pause Young (Allocation Failure) 471M->192M(494M) 1.197ms
[76.354s][info][gc,cpu         ] GC(167) User=0.00s Sys=0.00s Real=0.00s
[76.583s][info][gc,start       ] GC(168) Pause Young (Allocation Failure)
[76.584s][info][gc,heap        ] GC(168) PSYoungGen: 286272K(308736K)->64K(309760K) Eden: 286208K(286208K)->0K(289792K) From: 64K(22528K)->64K(19968K)
[76.584s][info][gc,heap        ] GC(168) ParOldGen: 196843K(197120K)->196859K(197120K)
[76.584s][info][gc,metaspace   ] GC(168) Metaspace: 35042K(35776K)->35042K(35776K) NonClass: 25850K(26368K)->25850K(26368K) Class: 9192K(9408K)->9192K(9408K)
[76.584s][info][gc             ] GC(168) Pause Young (Allocation Failure) 471M->192M(495M) 1.019ms
[76.584s][info][gc,cpu         ] GC(168) User=0.00s Sys=0.00s Real=0.00s
[76.819s][info][gc,start       ] GC(169) Pause Young (Allocation Failure)
[76.820s][info][gc,heap        ] GC(169) PSYoungGen: 289856K(309760K)->64K(310784K) Eden: 289792K(289792K)->0K(289792K) From: 64K(19968K)->64K(20992K)
[76.820s][info][gc,heap        ] GC(169) ParOldGen: 196859K(197120K)->196859K(197120K)
[76.820s][info][gc,metaspace   ] GC(169) Metaspace: 35042K(35776K)->35042K(35776K) NonClass: 25850K(26368K)->25850K(26368K) Class: 9192K(9408K)->9192K(9408K)
[76.820s][info][gc             ] GC(169) Pause Young (Allocation Failure) 475M->192M(496M) 0.963ms
[76.820s][info][gc,cpu         ] GC(169) User=0.00s Sys=0.00s Real=0.00s
[77.153s][info][gc,start       ] GC(170) Pause Young (Allocation Failure)
[77.154s][info][gc,heap        ] GC(170) PSYoungGen: 289856K(310784K)->64K(310784K) Eden: 289792K(289792K)->0K(292864K) From: 64K(20992K)->64K(17920K)
[77.154s][info][gc,heap        ] GC(170) ParOldGen: 196859K(197120K)->196859K(197120K)
[77.154s][info][gc,metaspace   ] GC(170) Metaspace: 35042K(35776K)->35042K(35776K) NonClass: 25850K(26368K)->25850K(26368K) Class: 9192K(9408K)->9192K(9408K)
[77.154s][info][gc             ] GC(170) Pause Young (Allocation Failure) 475M->192M(496M) 0.910ms
[77.154s][info][gc,cpu         ] GC(170) User=0.00s Sys=0.00s Real=0.00s
[77.211s][info][gc,start       ] GC(171) Pause Young (Allocation Failure)
[77.212s][info][gc,heap        ] GC(171) PSYoungGen: 292928K(310784K)->64K(311808K) Eden: 292864K(292864K)->0K(292864K) From: 64K(17920K)->64K(18944K)
[77.212s][info][gc,heap        ] GC(171) ParOldGen: 196859K(197120K)->196875K(197120K)
[77.212s][info][gc,metaspace   ] GC(171) Metaspace: 35042K(35776K)->35042K(35776K) NonClass: 25850K(26368K)->25850K(26368K) Class: 9192K(9408K)->9192K(9408K)
[77.212s][info][gc             ] GC(171) Pause Young (Allocation Failure) 478M->192M(497M) 1.025ms
[77.212s][info][gc,cpu         ] GC(171) User=0.00s Sys=0.00s Real=0.00s
[77.263s][info][gc,start       ] GC(172) Pause Young (Allocation Failure)
[77.264s][info][gc,heap        ] GC(172) PSYoungGen: 292928K(311808K)->64K(312832K) Eden: 292864K(292864K)->0K(296960K) From: 64K(18944K)->64K(15872K)
[77.264s][info][gc,heap        ] GC(172) ParOldGen: 196875K(197120K)->196875K(197120K)
[77.264s][info][gc,metaspace   ] GC(172) Metaspace: 35042K(35776K)->35042K(35776K) NonClass: 25850K(26368K)->25850K(26368K) Class: 9192K(9408K)->9192K(9408K)
[77.264s][info][gc             ] GC(172) Pause Young (Allocation Failure) 478M->192M(498M) 1.131ms
[77.264s][info][gc,cpu         ] GC(172) User=0.00s Sys=0.00s Real=0.00s
[77.480s][info][gc,start       ] GC(173) Pause Young (Allocation Failure)
[77.481s][info][gc,heap        ] GC(173) PSYoungGen: 297024K(312832K)->64K(313856K) Eden: 296960K(296960K)->0K(296960K) From: 64K(15872K)->64K(16896K)
[77.481s][info][gc,heap        ] GC(173) ParOldGen: 196875K(197120K)->196883K(197120K)
[77.481s][info][gc,metaspace   ] GC(173) Metaspace: 35042K(35776K)->35042K(35776K) NonClass: 25850K(26368K)->25850K(26368K) Class: 9192K(9408K)->9192K(9408K)
[77.481s][info][gc             ] GC(173) Pause Young (Allocation Failure) 482M->192M(499M) 1.088ms
[77.481s][info][gc,cpu         ] GC(173) User=0.00s Sys=0.00s Real=0.00s
[77.691s][info][gc,start       ] GC(174) Pause Young (Allocation Failure)
[77.692s][info][gc,heap        ] GC(174) PSYoungGen: 297024K(313856K)->64K(314880K) Eden: 296960K(296960K)->0K(301056K) From: 64K(16896K)->64K(13824K)
[77.692s][info][gc,heap        ] GC(174) ParOldGen: 196883K(197120K)->196891K(197120K)
[77.692s][info][gc,metaspace   ] GC(174) Metaspace: 35042K(35776K)->35042K(35776K) NonClass: 25850K(26368K)->25850K(26368K) Class: 9192K(9408K)->9192K(9408K)
[77.692s][info][gc             ] GC(174) Pause Young (Allocation Failure) 482M->192M(500M) 1.032ms
[77.692s][info][gc,cpu         ] GC(174) User=0.00s Sys=0.00s Real=0.00s
[77.781s][info][gc,start       ] GC(175) Pause Young (Allocation Failure)
[77.782s][info][gc,heap        ] GC(175) PSYoungGen: 301120K(314880K)->64K(315904K) Eden: 301056K(301056K)->0K(301056K) From: 64K(13824K)->64K(14848K)
[77.782s][info][gc,heap        ] GC(175) ParOldGen: 196891K(197120K)->196899K(197120K)
[77.782s][info][gc,metaspace   ] GC(175) Metaspace: 35042K(35776K)->35042K(35776K) NonClass: 25850K(26368K)->25850K(26368K) Class: 9192K(9408K)->9192K(9408K)
[77.782s][info][gc             ] GC(175) Pause Young (Allocation Failure) 486M->192M(501M) 0.903ms
[77.782s][info][gc,cpu         ] GC(175) User=0.00s Sys=0.00s Real=0.00s
[77.923s][info][gc,start       ] GC(176) Pause Young (Allocation Failure)
[77.924s][info][gc,heap        ] GC(176) PSYoungGen: 301120K(315904K)->64K(316416K) Eden: 301056K(301056K)->0K(304640K) From: 64K(14848K)->64K(11776K)
[77.924s][info][gc,heap        ] GC(176) ParOldGen: 196899K(197120K)->196907K(197120K)
[77.924s][info][gc,metaspace   ] GC(176) Metaspace: 35042K(35776K)->35042K(35776K) NonClass: 25850K(26368K)->25850K(26368K) Class: 9192K(9408K)->9192K(9408K)
[77.924s][info][gc             ] GC(176) Pause Young (Allocation Failure) 486M->192M(501M) 1.127ms
[77.924s][info][gc,cpu         ] GC(176) User=0.00s Sys=0.00s Real=0.00s
[78.357s][info][gc,start       ] GC(177) Pause Young (Allocation Failure)
[78.359s][info][gc,heap        ] GC(177) PSYoungGen: 304704K(316416K)->32K(292864K) Eden: 304640K(304640K)->0K(292352K) From: 64K(11776K)->32K(512K)
[78.359s][info][gc,heap        ] GC(177) ParOldGen: 196907K(197120K)->196915K(197120K)
[78.359s][info][gc,metaspace   ] GC(177) Metaspace: 35042K(35776K)->35042K(35776K) NonClass: 25850K(26368K)->25850K(26368K) Class: 9192K(9408K)->9192K(9408K)
[78.359s][info][gc             ] GC(177) Pause Young (Allocation Failure) 489M->192M(478M) 2.332ms
[78.359s][info][gc,cpu         ] GC(177) User=0.00s Sys=0.00s Real=0.01s
[79.423s][info][gc,start       ] GC(178) Pause Young (Allocation Failure)
[79.425s][info][gc,heap        ] GC(178) PSYoungGen: 292384K(292864K)->64K(281088K) Eden: 292352K(292352K)->0K(280576K) From: 32K(512K)->64K(512K)
[79.425s][info][gc,heap        ] GC(178) ParOldGen: 196915K(197120K)->196923K(197120K)
[79.425s][info][gc,metaspace   ] GC(178) Metaspace: 35042K(35776K)->35042K(35776K) NonClass: 25850K(26368K)->25850K(26368K) Class: 9192K(9408K)->9192K(9408K)
[79.425s][info][gc             ] GC(178) Pause Young (Allocation Failure) 477M->192M(467M) 1.460ms
[79.425s][info][gc,cpu         ] GC(178) User=0.00s Sys=0.00s Real=0.00s
[79.997s][info][gc,start       ] GC(179) Pause Young (Allocation Failure)
[79.998s][info][gc,heap        ] GC(179) PSYoungGen: 280640K(281088K)->64K(281088K) Eden: 280576K(280576K)->0K(269312K) From: 64K(512K)->64K(11776K)
[79.998s][info][gc,heap        ] GC(179) ParOldGen: 196923K(197120K)->196931K(197120K)
[79.998s][info][gc,metaspace   ] GC(179) Metaspace: 35042K(35776K)->35042K(35776K) NonClass: 25850K(26368K)->25850K(26368K) Class: 9192K(9408K)->9192K(9408K)
[79.998s][info][gc             ] GC(179) Pause Young (Allocation Failure) 466M->192M(467M) 1.103ms
[79.998s][info][gc,cpu         ] GC(179) User=0.01s Sys=0.00s Real=0.00s
[80.557s][info][gc,start       ] GC(180) Pause Young (Allocation Failure)
[80.558s][info][gc,heap        ] GC(180) PSYoungGen: 269376K(281088K)->64K(259072K) Eden: 269312K(269312K)->0K(258560K) From: 64K(11776K)->64K(512K)
[80.558s][info][gc,heap        ] GC(180) ParOldGen: 196931K(197120K)->196947K(197120K)
[80.558s][info][gc,metaspace   ] GC(180) Metaspace: 35043K(35776K)->35043K(35776K) NonClass: 25851K(26368K)->25851K(26368K) Class: 9192K(9408K)->9192K(9408K)
[80.558s][info][gc             ] GC(180) Pause Young (Allocation Failure) 455M->192M(445M) 1.667ms
[80.558s][info][gc,cpu         ] GC(180) User=0.00s Sys=0.00s Real=0.01s
[81.559s][info][gc,start       ] GC(181) Pause Young (Allocation Failure)
[81.561s][info][gc,heap        ] GC(181) PSYoungGen: 258624K(259072K)->64K(258560K) Eden: 258560K(258560K)->0K(248320K) From: 64K(512K)->64K(10240K)
[81.562s][info][gc,heap        ] GC(181) ParOldGen: 196947K(197120K)->196963K(197120K)
[81.562s][info][gc,metaspace   ] GC(181) Metaspace: 35043K(35776K)->35043K(35776K) NonClass: 25851K(26368K)->25851K(26368K) Class: 9192K(9408K)->9192K(9408K)
[81.562s][info][gc             ] GC(181) Pause Young (Allocation Failure) 444M->192M(445M) 2.192ms
[81.562s][info][gc,cpu         ] GC(181) User=0.01s Sys=0.00s Real=0.00s
[81.928s][info][gc,start       ] GC(182) Pause Young (Allocation Failure)
[81.931s][info][gc,heap        ] GC(182) PSYoungGen: 248384K(258560K)->64K(239104K) Eden: 248320K(248320K)->0K(238592K) From: 64K(10240K)->64K(512K)
[81.931s][info][gc,heap        ] GC(182) ParOldGen: 196963K(197120K)->196979K(197120K)
[81.931s][info][gc,metaspace   ] GC(182) Metaspace: 35043K(35776K)->35043K(35776K) NonClass: 25851K(26368K)->25851K(26368K) Class: 9192K(9408K)->9192K(9408K)
[81.931s][info][gc             ] GC(182) Pause Young (Allocation Failure) 434M->192M(426M) 3.370ms
[81.931s][info][gc,cpu         ] GC(182) User=0.00s Sys=0.00s Real=0.00s
[82.062s][info][gc,start       ] GC(183) Pause Young (Allocation Failure)
[82.064s][info][gc,heap        ] GC(183) PSYoungGen: 238656K(239104K)->64K(238080K) Eden: 238592K(238592K)->0K(229376K) From: 64K(512K)->64K(8704K)
[82.064s][info][gc,heap        ] GC(183) ParOldGen: 196979K(197120K)->196995K(197120K)
[82.064s][info][gc,metaspace   ] GC(183) Metaspace: 35043K(35776K)->35043K(35776K) NonClass: 25851K(26368K)->25851K(26368K) Class: 9192K(9408K)->9192K(9408K)
[82.064s][info][gc             ] GC(183) Pause Young (Allocation Failure) 425M->192M(425M) 1.723ms
[82.064s][info][gc,cpu         ] GC(183) User=0.00s Sys=0.00s Real=0.00s
[82.380s][info][gc,start       ] GC(184) Pause Young (Allocation Failure)
[82.383s][info][gc,heap        ] GC(184) PSYoungGen: 229440K(238080K)->64K(221184K) Eden: 229376K(229376K)->0K(220672K) From: 64K(8704K)->64K(512K)
[82.383s][info][gc,heap        ] GC(184) ParOldGen: 196995K(197120K)->197003K(197120K)
[82.383s][info][gc,metaspace   ] GC(184) Metaspace: 35043K(35776K)->35043K(35776K) NonClass: 25851K(26368K)->25851K(26368K) Class: 9192K(9408K)->9192K(9408K)
[82.383s][info][gc             ] GC(184) Pause Young (Allocation Failure) 416M->192M(408M) 2.246ms
[82.383s][info][gc,cpu         ] GC(184) User=0.00s Sys=0.00s Real=0.00s
[82.799s][info][gc,start       ] GC(185) Pause Young (Allocation Failure)
[82.801s][info][gc,heap        ] GC(185) PSYoungGen: 220736K(221184K)->64K(220160K) Eden: 220672K(220672K)->0K(212480K) From: 64K(512K)->64K(7680K)
[82.801s][info][gc,heap        ] GC(185) ParOldGen: 197003K(197120K)->197011K(197120K)
[82.801s][info][gc,metaspace   ] GC(185) Metaspace: 35043K(35776K)->35043K(35776K) NonClass: 25851K(26368K)->25851K(26368K) Class: 9192K(9408K)->9192K(9408K)
[82.801s][info][gc             ] GC(185) Pause Young (Allocation Failure) 407M->192M(407M) 1.859ms
[82.801s][info][gc,cpu         ] GC(185) User=0.00s Sys=0.00s Real=0.00s
[83.124s][info][gc,start       ] GC(186) Pause Young (Allocation Failure)
[83.125s][info][gc,heap        ] GC(186) PSYoungGen: 212544K(220160K)->64K(205312K) Eden: 212480K(212480K)->0K(204800K) From: 64K(7680K)->64K(512K)
[83.125s][info][gc,heap        ] GC(186) ParOldGen: 197011K(197120K)->197019K(197120K)
[83.125s][info][gc,metaspace   ] GC(186) Metaspace: 35043K(35776K)->35043K(35776K) NonClass: 25851K(26368K)->25851K(26368K) Class: 9192K(9408K)->9192K(9408K)
[83.125s][info][gc             ] GC(186) Pause Young (Allocation Failure) 399M->192M(393M) 1.737ms
[83.125s][info][gc,cpu         ] GC(186) User=0.00s Sys=0.00s Real=0.00s
[83.377s][info][gc,start       ] GC(187) Pause Young (Allocation Failure)
[83.433s][info][gc,heap        ] GC(187) PSYoungGen: 204864K(205312K)->6656K(252416K) Eden: 204800K(204800K)->0K(245760K) From: 64K(512K)->6656K(6656K)
[83.433s][info][gc,heap        ] GC(187) ParOldGen: 197019K(197120K)->211931K(211968K)
[83.433s][info][gc,metaspace   ] GC(187) Metaspace: 35043K(35776K)->35043K(35776K) NonClass: 25851K(26368K)->25851K(26368K) Class: 9192K(9408K)->9192K(9408K)
[83.433s][info][gc             ] GC(187) Pause Young (Allocation Failure) 392M->213M(453M) 55.898ms
[83.433s][info][gc,cpu         ] GC(187) User=0.07s Sys=0.01s Real=0.05s
[83.714s][info][gc,start       ] GC(188) Pause Young (Allocation Failure)
[83.771s][info][gc,heap        ] GC(188) PSYoungGen: 252416K(252416K)->6656K(252416K) Eden: 245760K(245760K)->0K(245760K) From: 6656K(6656K)->6656K(6656K)
[83.771s][info][gc,heap        ] GC(188) ParOldGen: 211931K(211968K)->233339K(233472K)
[83.771s][info][gc,metaspace   ] GC(188) Metaspace: 35043K(35776K)->35043K(35776K) NonClass: 25851K(26368K)->25851K(26368K) Class: 9192K(9408K)->9192K(9408K)
[83.771s][info][gc             ] GC(188) Pause Young (Allocation Failure) 453M->234M(474M) 57.118ms
[83.771s][info][gc,cpu         ] GC(188) User=0.09s Sys=0.02s Real=0.06s
[83.940s][info][gc,start       ] GC(189) Pause Young (Allocation Failure)
[83.965s][info][gc,heap        ] GC(189) PSYoungGen: 252416K(252416K)->13440K(267776K) Eden: 245760K(245760K)->0K(245760K) From: 6656K(6656K)->13440K(22016K)
[83.965s][info][gc,heap        ] GC(189) ParOldGen: 233339K(233472K)->233915K(233984K)
[83.965s][info][gc,metaspace   ] GC(189) Metaspace: 35043K(35776K)->35043K(35776K) NonClass: 25851K(26368K)->25851K(26368K) Class: 9192K(9408K)->9192K(9408K)
[83.965s][info][gc             ] GC(189) Pause Young (Allocation Failure) 474M->241M(490M) 25.010ms
[83.965s][info][gc,cpu         ] GC(189) User=0.05s Sys=0.00s Real=0.02s
[84.167s][info][gc,start       ] GC(190) Pause Young (Allocation Failure)
[84.168s][info][gc,heap        ] GC(190) PSYoungGen: 259200K(267776K)->64K(310784K) Eden: 245760K(245760K)->0K(287744K) From: 13440K(22016K)->64K(23040K)
[84.168s][info][gc,heap        ] GC(190) ParOldGen: 233915K(233984K)->233923K(233984K)
[84.168s][info][gc,metaspace   ] GC(190) Metaspace: 35043K(35776K)->35043K(35776K) NonClass: 25851K(26368K)->25851K(26368K) Class: 9192K(9408K)->9192K(9408K)
[84.168s][info][gc             ] GC(190) Pause Young (Allocation Failure) 481M->228M(532M) 1.125ms
[84.168s][info][gc,cpu         ] GC(190) User=0.01s Sys=0.00s Real=0.00s
[84.849s][info][gc,start       ] GC(191) Pause Young (Allocation Failure)
[84.850s][info][gc,heap        ] GC(191) PSYoungGen: 287808K(310784K)->64K(310272K) Eden: 287744K(287744K)->0K(287744K) From: 64K(23040K)->64K(22528K)
[84.850s][info][gc,heap        ] GC(191) ParOldGen: 233923K(233984K)->233931K(233984K)
[84.850s][info][gc,metaspace   ] GC(191) Metaspace: 35043K(35776K)->35043K(35776K) NonClass: 25851K(26368K)->25851K(26368K) Class: 9192K(9408K)->9192K(9408K)
[84.850s][info][gc             ] GC(191) Pause Young (Allocation Failure) 509M->228M(531M) 1.206ms
[84.850s][info][gc,cpu         ] GC(191) User=0.00s Sys=0.00s Real=0.00s
[85.383s][info][gc,start       ] GC(192) Pause Young (Allocation Failure)
[85.386s][info][gc,heap        ] GC(192) PSYoungGen: 287808K(310272K)->64K(310272K) Eden: 287744K(287744K)->0K(289280K) From: 64K(22528K)->64K(20992K)
[85.386s][info][gc,heap        ] GC(192) ParOldGen: 233931K(233984K)->233947K(233984K)
[85.386s][info][gc,metaspace   ] GC(192) Metaspace: 35043K(35776K)->35043K(35776K) NonClass: 25851K(26368K)->25851K(26368K) Class: 9192K(9408K)->9192K(9408K)
[85.386s][info][gc             ] GC(192) Pause Young (Allocation Failure) 509M->228M(531M) 2.121ms
[85.386s][info][gc,cpu         ] GC(192) User=0.01s Sys=0.00s Real=0.00s
[85.622s][info][gc,start       ] GC(193) Pause Young (Allocation Failure)
[85.624s][info][gc,heap        ] GC(193) PSYoungGen: 289344K(310272K)->32K(310272K) Eden: 289280K(289280K)->0K(289280K) From: 64K(20992K)->32K(20992K)
[85.624s][info][gc,heap        ] GC(193) ParOldGen: 233947K(233984K)->233963K(233984K)
[85.624s][info][gc,metaspace   ] GC(193) Metaspace: 35043K(35776K)->35043K(35776K) NonClass: 25851K(26368K)->25851K(26368K) Class: 9192K(9408K)->9192K(9408K)
[85.624s][info][gc             ] GC(193) Pause Young (Allocation Failure) 511M->228M(531M) 2.100ms
[85.624s][info][gc,cpu         ] GC(193) User=0.00s Sys=0.00s Real=0.00s
[85.859s][info][gc,start       ] GC(194) Pause Young (Allocation Failure)
[85.861s][info][gc,heap        ] GC(194) PSYoungGen: 289312K(310272K)->32K(311296K) Eden: 289280K(289280K)->0K(292352K) From: 32K(20992K)->32K(18944K)
[85.861s][info][gc,heap        ] GC(194) ParOldGen: 233963K(233984K)->233963K(233984K)
[85.861s][info][gc,metaspace   ] GC(194) Metaspace: 35043K(35776K)->35043K(35776K) NonClass: 25851K(26368K)->25851K(26368K) Class: 9192K(9408K)->9192K(9408K)
[85.861s][info][gc             ] GC(194) Pause Young (Allocation Failure) 511M->228M(532M) 2.366ms
[85.861s][info][gc,cpu         ] GC(194) User=0.00s Sys=0.00s Real=0.00s
[86.199s][info][gc,start       ] GC(195) Pause Young (Allocation Failure)
[86.201s][info][gc,heap        ] GC(195) PSYoungGen: 292384K(311296K)->32K(311808K) Eden: 292352K(292352K)->0K(292352K) From: 32K(18944K)->32K(19456K)
[86.201s][info][gc,heap        ] GC(195) ParOldGen: 233963K(233984K)->233963K(233984K)
[86.201s][info][gc,metaspace   ] GC(195) Metaspace: 35043K(35776K)->35043K(35776K) NonClass: 25851K(26368K)->25851K(26368K) Class: 9192K(9408K)->9192K(9408K)
[86.201s][info][gc             ] GC(195) Pause Young (Allocation Failure) 514M->228M(533M) 1.743ms
[86.201s][info][gc,cpu         ] GC(195) User=0.00s Sys=0.00s Real=0.00s
[86.251s][info][gc,start       ] GC(196) Pause Young (Allocation Failure)
[86.252s][info][gc,heap        ] GC(196) PSYoungGen: 292384K(311808K)->32K(312832K) Eden: 292352K(292352K)->0K(295936K) From: 32K(19456K)->32K(16896K)
[86.252s][info][gc,heap        ] GC(196) ParOldGen: 233963K(233984K)->233979K(233984K)
[86.252s][info][gc,metaspace   ] GC(196) Metaspace: 35043K(35776K)->35043K(35776K) NonClass: 25851K(26368K)->25851K(26368K) Class: 9192K(9408K)->9192K(9408K)
[86.252s][info][gc             ] GC(196) Pause Young (Allocation Failure) 514M->228M(534M) 0.916ms
[86.252s][info][gc,cpu         ] GC(196) User=0.00s Sys=0.00s Real=0.00s
[86.304s][info][gc,start       ] GC(197) Pause Young (Allocation Failure)
[86.305s][info][gc,heap        ] GC(197) PSYoungGen: 295968K(312832K)->64K(313344K) Eden: 295936K(295936K)->0K(295936K) From: 32K(16896K)->64K(17408K)
[86.305s][info][gc,heap        ] GC(197) ParOldGen: 233979K(233984K)->233979K(233984K)
[86.305s][info][gc,metaspace   ] GC(197) Metaspace: 35043K(35776K)->35043K(35776K) NonClass: 25851K(26368K)->25851K(26368K) Class: 9192K(9408K)->9192K(9408K)
[86.305s][info][gc             ] GC(197) Pause Young (Allocation Failure) 517M->228M(534M) 0.877ms
[86.305s][info][gc,cpu         ] GC(197) User=0.00s Sys=0.00s Real=0.00s
[86.515s][info][gc,start       ] GC(198) Pause Young (Allocation Failure)
[86.516s][info][gc,heap        ] GC(198) PSYoungGen: 296000K(313344K)->64K(314880K) Eden: 295936K(295936K)->0K(300032K) From: 64K(17408K)->64K(14848K)
[86.516s][info][gc,heap        ] GC(198) ParOldGen: 233979K(233984K)->233979K(233984K)
[86.516s][info][gc,metaspace   ] GC(198) Metaspace: 35043K(35776K)->35043K(35776K) NonClass: 25851K(26368K)->25851K(26368K) Class: 9192K(9408K)->9192K(9408K)
[86.516s][info][gc             ] GC(198) Pause Young (Allocation Failure) 517M->228M(536M) 0.932ms
[86.516s][info][gc,cpu         ] GC(198) User=0.00s Sys=0.00s Real=0.00s
[86.731s][info][gc,start       ] GC(199) Pause Young (Allocation Failure)
[86.732s][info][gc,heap        ] GC(199) PSYoungGen: 300096K(314880K)->64K(315392K) Eden: 300032K(300032K)->0K(300032K) From: 64K(14848K)->64K(15360K)
[86.732s][info][gc,heap        ] GC(199) ParOldGen: 233979K(233984K)->233987K(234496K)
[86.732s][info][gc,metaspace   ] GC(199) Metaspace: 35043K(35776K)->35043K(35776K) NonClass: 25851K(26368K)->25851K(26368K) Class: 9192K(9408K)->9192K(9408K)
[86.732s][info][gc             ] GC(199) Pause Young (Allocation Failure) 521M->228M(537M) 1.017ms
[86.732s][info][gc,cpu         ] GC(199) User=0.00s Sys=0.00s Real=0.00s
[86.816s][info][gc,start       ] GC(200) Pause Young (Allocation Failure)
[86.817s][info][gc,heap        ] GC(200) PSYoungGen: 300096K(315392K)->64K(316416K) Eden: 300032K(300032K)->0K(303616K) From: 64K(15360K)->64K(12800K)
[86.817s][info][gc,heap        ] GC(200) ParOldGen: 233987K(234496K)->233995K(234496K)
[86.817s][info][gc,metaspace   ] GC(200) Metaspace: 35043K(35776K)->35043K(35776K) NonClass: 25851K(26368K)->25851K(26368K) Class: 9192K(9408K)->9192K(9408K)
[86.817s][info][gc             ] GC(200) Pause Young (Allocation Failure) 521M->228M(538M) 0.927ms
[86.817s][info][gc,cpu         ] GC(200) User=0.00s Sys=0.00s Real=0.01s
[86.962s][info][gc,start       ] GC(201) Pause Young (Allocation Failure)
[86.963s][info][gc,heap        ] GC(201) PSYoungGen: 303680K(316416K)->64K(317440K) Eden: 303616K(303616K)->0K(303616K) From: 64K(12800K)->64K(13824K)
[86.963s][info][gc,heap        ] GC(201) ParOldGen: 233995K(234496K)->234003K(234496K)
[86.963s][info][gc,metaspace   ] GC(201) Metaspace: 35043K(35776K)->35043K(35776K) NonClass: 25851K(26368K)->25851K(26368K) Class: 9192K(9408K)->9192K(9408K)
[86.963s][info][gc             ] GC(201) Pause Young (Allocation Failure) 525M->228M(539M) 1.247ms
[86.963s][info][gc,cpu         ] GC(201) User=0.00s Sys=0.01s Real=0.00s
[87.388s][info][gc,start       ] GC(202) Pause Young (Allocation Failure)
[87.390s][info][gc,heap        ] GC(202) PSYoungGen: 303680K(317440K)->64K(291840K) Eden: 303616K(303616K)->0K(291328K) From: 64K(13824K)->64K(512K)
[87.390s][info][gc,heap        ] GC(202) ParOldGen: 234003K(234496K)->234011K(234496K)
[87.390s][info][gc,metaspace   ] GC(202) Metaspace: 35043K(35776K)->35043K(35776K) NonClass: 25851K(26368K)->25851K(26368K) Class: 9192K(9408K)->9192K(9408K)
[87.390s][info][gc             ] GC(202) Pause Young (Allocation Failure) 525M->228M(514M) 1.646ms
[87.390s][info][gc,cpu         ] GC(202) User=0.00s Sys=0.00s Real=0.00s
[88.496s][info][gc,start       ] GC(203) Pause Young (Allocation Failure)
[88.497s][info][gc,heap        ] GC(203) PSYoungGen: 291392K(291840K)->64K(291840K) Eden: 291328K(291328K)->0K(279552K) From: 64K(512K)->64K(12288K)
[88.497s][info][gc,heap        ] GC(203) ParOldGen: 234011K(234496K)->234019K(234496K)
[88.497s][info][gc,metaspace   ] GC(203) Metaspace: 35043K(35776K)->35043K(35776K) NonClass: 25851K(26368K)->25851K(26368K) Class: 9192K(9408K)->9192K(9408K)
[88.497s][info][gc             ] GC(203) Pause Young (Allocation Failure) 513M->228M(514M) 1.120ms
[88.497s][info][gc,cpu         ] GC(203) User=0.00s Sys=0.00s Real=0.01s
[88.966s][info][gc,start       ] GC(204) Pause Young (Allocation Failure)
[88.968s][info][gc,heap        ] GC(204) PSYoungGen: 279616K(291840K)->64K(268800K) Eden: 279552K(279552K)->0K(268288K) From: 64K(12288K)->64K(512K)
[88.968s][info][gc,heap        ] GC(204) ParOldGen: 234019K(234496K)->234027K(234496K)
[88.968s][info][gc,metaspace   ] GC(204) Metaspace: 35043K(35776K)->35043K(35776K) NonClass: 25851K(26368K)->25851K(26368K) Class: 9192K(9408K)->9192K(9408K)
[88.968s][info][gc             ] GC(204) Pause Young (Allocation Failure) 501M->228M(491M) 1.896ms
[88.968s][info][gc,cpu         ] GC(204) User=0.00s Sys=0.00s Real=0.01s
[89.511s][info][gc,start       ] GC(205) Pause Young (Allocation Failure)
[89.513s][info][gc,heap        ] GC(205) PSYoungGen: 268352K(268800K)->64K(268288K) Eden: 268288K(268288K)->0K(257536K) From: 64K(512K)->64K(10752K)
[89.513s][info][gc,heap        ] GC(205) ParOldGen: 234027K(234496K)->234035K(234496K)
[89.513s][info][gc,metaspace   ] GC(205) Metaspace: 35055K(35776K)->35055K(35776K) NonClass: 25863K(26368K)->25863K(26368K) Class: 9192K(9408K)->9192K(9408K)
[89.513s][info][gc             ] GC(205) Pause Young (Allocation Failure) 490M->228M(491M) 1.899ms
[89.513s][info][gc,cpu         ] GC(205) User=0.00s Sys=0.00s Real=0.00s
[90.495s][info][gc,start       ] GC(206) Pause Young (Allocation Failure)
[90.497s][info][gc,heap        ] GC(206) PSYoungGen: 257600K(268288K)->64K(247808K) Eden: 257536K(257536K)->0K(247296K) From: 64K(10752K)->64K(512K)
[90.497s][info][gc,heap        ] GC(206) ParOldGen: 234035K(234496K)->234043K(234496K)
[90.497s][info][gc,metaspace   ] GC(206) Metaspace: 35055K(35776K)->35055K(35776K) NonClass: 25863K(26368K)->25863K(26368K) Class: 9192K(9408K)->9192K(9408K)
[90.497s][info][gc             ] GC(206) Pause Young (Allocation Failure) 480M->228M(471M) 2.251ms
[90.497s][info][gc,cpu         ] GC(206) User=0.00s Sys=0.00s Real=0.01s
[90.883s][info][gc,start       ] GC(207) Pause Young (Allocation Failure)
[90.885s][info][gc,heap        ] GC(207) PSYoungGen: 247360K(247808K)->64K(246784K) Eden: 247296K(247296K)->0K(237568K) From: 64K(512K)->64K(9216K)
[90.885s][info][gc,heap        ] GC(207) ParOldGen: 234043K(234496K)->234051K(234496K)
[90.885s][info][gc,metaspace   ] GC(207) Metaspace: 35055K(35776K)->35055K(35776K) NonClass: 25863K(26368K)->25863K(26368K) Class: 9192K(9408K)->9192K(9408K)
[90.885s][info][gc             ] GC(207) Pause Young (Allocation Failure) 470M->228M(470M) 1.891ms
[90.885s][info][gc,cpu         ] GC(207) User=0.00s Sys=0.00s Real=0.00s
[91.014s][info][gc,start       ] GC(208) Pause Young (Allocation Failure)
[91.016s][info][gc,heap        ] GC(208) PSYoungGen: 237632K(246784K)->64K(228864K) Eden: 237568K(237568K)->0K(228352K) From: 64K(9216K)->64K(512K)
[91.016s][info][gc,heap        ] GC(208) ParOldGen: 234051K(234496K)->234067K(234496K)
[91.016s][info][gc,metaspace   ] GC(208) Metaspace: 35055K(35776K)->35055K(35776K) NonClass: 25863K(26368K)->25863K(26368K) Class: 9192K(9408K)->9192K(9408K)
[91.016s][info][gc             ] GC(208) Pause Young (Allocation Failure) 460M->228M(452M) 2.495ms
[91.016s][info][gc,cpu         ] GC(208) User=0.00s Sys=0.00s Real=0.00s
[91.323s][info][gc,start       ] GC(209) Pause Young (Allocation Failure)
[91.324s][info][gc,heap        ] GC(209) PSYoungGen: 228416K(228864K)->64K(227840K) Eden: 228352K(228352K)->0K(219648K) From: 64K(512K)->64K(8192K)
[91.324s][info][gc,heap        ] GC(209) ParOldGen: 234067K(234496K)->234075K(234496K)
[91.324s][info][gc,metaspace   ] GC(209) Metaspace: 35055K(35776K)->35055K(35776K) NonClass: 25863K(26368K)->25863K(26368K) Class: 9192K(9408K)->9192K(9408K)
[91.324s][info][gc             ] GC(209) Pause Young (Allocation Failure) 451M->228M(451M) 1.103ms
[91.324s][info][gc,cpu         ] GC(209) User=0.00s Sys=0.00s Real=0.00s
[91.726s][info][gc,start       ] GC(210) Pause Young (Allocation Failure)
[91.728s][info][gc,heap        ] GC(210) PSYoungGen: 219712K(227840K)->64K(211968K) Eden: 219648K(219648K)->0K(211456K) From: 64K(8192K)->64K(512K)
[91.728s][info][gc,heap        ] GC(210) ParOldGen: 234075K(234496K)->234083K(234496K)
[91.728s][info][gc,metaspace   ] GC(210) Metaspace: 35055K(35776K)->35055K(35776K) NonClass: 25863K(26368K)->25863K(26368K) Class: 9192K(9408K)->9192K(9408K)
[91.728s][info][gc             ] GC(210) Pause Young (Allocation Failure) 443M->228M(436M) 1.937ms
[91.728s][info][gc,cpu         ] GC(210) User=0.01s Sys=0.00s Real=0.01s
[92.033s][info][gc,start       ] GC(211) Pause Young (Allocation Failure)
[92.035s][info][gc,heap        ] GC(211) PSYoungGen: 211520K(211968K)->32K(210944K) Eden: 211456K(211456K)->0K(203776K) From: 64K(512K)->32K(7168K)
[92.035s][info][gc,heap        ] GC(211) ParOldGen: 234083K(234496K)->234091K(234496K)
[92.035s][info][gc,metaspace   ] GC(211) Metaspace: 35055K(35776K)->35055K(35776K) NonClass: 25863K(26368K)->25863K(26368K) Class: 9192K(9408K)->9192K(9408K)
[92.035s][info][gc             ] GC(211) Pause Young (Allocation Failure) 435M->228M(435M) 1.648ms
[92.035s][info][gc,cpu         ] GC(211) User=0.00s Sys=0.00s Real=0.00s
[92.286s][info][gc,start       ] GC(212) Pause Young (Allocation Failure)
[92.343s][info][gc,heap        ] GC(212) PSYoungGen: 203808K(210944K)->6656K(251392K) Eden: 203776K(203776K)->0K(244736K) From: 32K(7168K)->6656K(6656K)
[92.343s][info][gc,heap        ] GC(212) ParOldGen: 234091K(234496K)->248635K(248832K)
[92.343s][info][gc,metaspace   ] GC(212) Metaspace: 35055K(35776K)->35055K(35776K) NonClass: 25863K(26368K)->25863K(26368K) Class: 9192K(9408K)->9192K(9408K)
[92.343s][info][gc             ] GC(212) Pause Young (Allocation Failure) 427M->249M(488M) 56.690ms
[92.343s][info][gc,cpu         ] GC(212) User=0.06s Sys=0.01s Real=0.06s
[92.622s][info][gc,start       ] GC(213) Pause Young (Allocation Failure)
[92.674s][info][gc,heap        ] GC(213) PSYoungGen: 251392K(251392K)->13312K(271872K) Eden: 244736K(244736K)->0K(258560K) From: 6656K(6656K)->13312K(13312K)
[92.674s][info][gc,heap        ] GC(213) ParOldGen: 248635K(248832K)->263243K(263680K)
[92.674s][info][gc,metaspace   ] GC(213) Metaspace: 35055K(35776K)->35055K(35776K) NonClass: 25863K(26368K)->25863K(26368K) Class: 9192K(9408K)->9192K(9408K)
[92.675s][info][gc             ] GC(213) Pause Young (Allocation Failure) 488M->270M(523M) 52.782ms
[92.675s][info][gc,cpu         ] GC(213) User=0.09s Sys=0.02s Real=0.05s
[92.849s][info][gc,start       ] GC(214) Pause Young (Allocation Failure)
[92.880s][info][gc,heap        ] GC(214) PSYoungGen: 271872K(271872K)->13952K(308736K) Eden: 258560K(258560K)->0K(286720K) From: 13312K(13312K)->13952K(22016K)
[92.880s][info][gc,heap        ] GC(214) ParOldGen: 263243K(263680K)->263627K(263680K)
[92.880s][info][gc,metaspace   ] GC(214) Metaspace: 35055K(35776K)->35055K(35776K) NonClass: 25863K(26368K)->25863K(26368K) Class: 9192K(9408K)->9192K(9408K)
[92.880s][info][gc             ] GC(214) Pause Young (Allocation Failure) 522M->271M(559M) 31.145ms
[92.880s][info][gc,cpu         ] GC(214) User=0.06s Sys=0.01s Real=0.03s
[93.199s][info][gc,start       ] GC(215) Pause Young (Allocation Failure)
[93.200s][info][gc,heap        ] GC(215) PSYoungGen: 300672K(308736K)->64K(310272K) Eden: 286720K(286720K)->0K(286720K) From: 13952K(22016K)->64K(23552K)
[93.200s][info][gc,heap        ] GC(215) ParOldGen: 263627K(263680K)->263635K(263680K)
[93.200s][info][gc,metaspace   ] GC(215) Metaspace: 35055K(35776K)->35055K(35776K) NonClass: 25863K(26368K)->25863K(26368K) Class: 9192K(9408K)->9192K(9408K)
[93.200s][info][gc             ] GC(215) Pause Young (Allocation Failure) 551M->257M(560M) 1.188ms
[93.200s][info][gc,cpu         ] GC(215) User=0.00s Sys=0.00s Real=0.00s
[93.812s][info][gc,start       ] GC(216) Pause Young (Allocation Failure)
[93.813s][info][gc,heap        ] GC(216) PSYoungGen: 286784K(310272K)->64K(308736K) Eden: 286720K(286720K)->0K(287744K) From: 64K(23552K)->64K(20992K)
[93.813s][info][gc,heap        ] GC(216) ParOldGen: 263635K(263680K)->263643K(263680K)
[93.813s][info][gc,metaspace   ] GC(216) Metaspace: 35056K(35776K)->35056K(35776K) NonClass: 25864K(26368K)->25864K(26368K) Class: 9192K(9408K)->9192K(9408K)
[93.813s][info][gc             ] GC(216) Pause Young (Allocation Failure) 537M->257M(559M) 1.341ms
[93.813s][info][gc,cpu         ] GC(216) User=0.00s Sys=0.00s Real=0.00s
[94.300s][info][gc,start       ] GC(217) Pause Young (Allocation Failure)
[94.302s][info][gc,heap        ] GC(217) PSYoungGen: 287808K(308736K)->64K(309760K) Eden: 287744K(287744K)->0K(287744K) From: 64K(20992K)->64K(22016K)
[94.302s][info][gc,heap        ] GC(217) ParOldGen: 263643K(263680K)->263659K(263680K)
[94.302s][info][gc,metaspace   ] GC(217) Metaspace: 35056K(35776K)->35056K(35776K) NonClass: 25864K(26368K)->25864K(26368K) Class: 9192K(9408K)->9192K(9408K)
[94.302s][info][gc             ] GC(217) Pause Young (Allocation Failure) 538M->257M(560M) 2.270ms
[94.302s][info][gc,cpu         ] GC(217) User=0.00s Sys=0.00s Real=0.00s
[94.546s][info][gc,start       ] GC(218) Pause Young (Allocation Failure)
[94.548s][info][gc,heap        ] GC(218) PSYoungGen: 287808K(309760K)->32K(310784K) Eden: 287744K(287744K)->0K(290816K) From: 64K(22016K)->32K(19968K)
[94.548s][info][gc,heap        ] GC(218) ParOldGen: 263659K(263680K)->263675K(263680K)
[94.548s][info][gc,metaspace   ] GC(218) Metaspace: 35056K(35776K)->35056K(35776K) NonClass: 25864K(26368K)->25864K(26368K) Class: 9192K(9408K)->9192K(9408K)
[94.548s][info][gc             ] GC(218) Pause Young (Allocation Failure) 538M->257M(561M) 2.137ms
[94.549s][info][gc,cpu         ] GC(218) User=0.00s Sys=0.00s Real=0.01s
[94.775s][info][gc,start       ] GC(219) Pause Young (Allocation Failure)
[94.777s][info][gc,heap        ] GC(219) PSYoungGen: 290848K(310784K)->32K(311296K) Eden: 290816K(290816K)->0K(290816K) From: 32K(19968K)->32K(20480K)
[94.777s][info][gc,heap        ] GC(219) ParOldGen: 263675K(263680K)->263675K(263680K)
[94.777s][info][gc,metaspace   ] GC(219) Metaspace: 35056K(35776K)->35056K(35776K) NonClass: 25864K(26368K)->25864K(26368K) Class: 9192K(9408K)->9192K(9408K)
[94.777s][info][gc             ] GC(219) Pause Young (Allocation Failure) 541M->257M(561M) 2.533ms
[94.777s][info][gc,cpu         ] GC(219) User=0.01s Sys=0.00s Real=0.01s
[95.082s][info][gc,start       ] GC(220) Pause Young (Allocation Failure)
[95.084s][info][gc,heap        ] GC(220) PSYoungGen: 290848K(311296K)->64K(311808K) Eden: 290816K(290816K)->0K(293888K) From: 32K(20480K)->64K(17920K)
[95.084s][info][gc,heap        ] GC(220) ParOldGen: 263675K(263680K)->263675K(263680K)
[95.084s][info][gc,metaspace   ] GC(220) Metaspace: 35056K(35776K)->35056K(35776K) NonClass: 25864K(26368K)->25864K(26368K) Class: 9192K(9408K)->9192K(9408K)
[95.084s][info][gc             ] GC(220) Pause Young (Allocation Failure) 541M->257M(562M) 1.962ms
[95.084s][info][gc,cpu         ] GC(220) User=0.00s Sys=0.00s Real=0.00s
[95.137s][info][gc,start       ] GC(221) Pause Young (Allocation Failure)
[95.139s][info][gc,heap        ] GC(221) PSYoungGen: 293952K(311808K)->32K(312320K) Eden: 293888K(293888K)->0K(293888K) From: 64K(17920K)->32K(18432K)
[95.139s][info][gc,heap        ] GC(221) ParOldGen: 263675K(263680K)->263683K(264192K)
[95.139s][info][gc,metaspace   ] GC(221) Metaspace: 35056K(35776K)->35056K(35776K) NonClass: 25864K(26368K)->25864K(26368K) Class: 9192K(9408K)->9192K(9408K)
[95.139s][info][gc             ] GC(221) Pause Young (Allocation Failure) 544M->257M(563M) 2.006ms
[95.139s][info][gc,cpu         ] GC(221) User=0.00s Sys=0.00s Real=0.00s
[95.213s][info][gc,start       ] GC(222) Pause Young (Allocation Failure)
[95.214s][info][gc,heap        ] GC(222) PSYoungGen: 293920K(312320K)->64K(313856K) Eden: 293888K(293888K)->0K(297984K) From: 32K(18432K)->64K(15872K)
[95.214s][info][gc,heap        ] GC(222) ParOldGen: 263683K(264192K)->263683K(264192K)
[95.214s][info][gc,metaspace   ] GC(222) Metaspace: 35056K(35776K)->35056K(35776K) NonClass: 25864K(26368K)->25864K(26368K) Class: 9192K(9408K)->9192K(9408K)
[95.214s][info][gc             ] GC(222) Pause Young (Allocation Failure) 544M->257M(564M) 1.025ms
[95.214s][info][gc,cpu         ] GC(222) User=0.00s Sys=0.00s Real=0.00s
[95.434s][info][gc,start       ] GC(223) Pause Young (Allocation Failure)
[95.436s][info][gc,heap        ] GC(223) PSYoungGen: 298048K(313856K)->32K(314368K) Eden: 297984K(297984K)->0K(297984K) From: 64K(15872K)->32K(16384K)
[95.436s][info][gc,heap        ] GC(223) ParOldGen: 263683K(264192K)->263699K(264192K)
[95.436s][info][gc,metaspace   ] GC(223) Metaspace: 35056K(35776K)->35056K(35776K) NonClass: 25864K(26368K)->25864K(26368K) Class: 9192K(9408K)->9192K(9408K)
[95.436s][info][gc             ] GC(223) Pause Young (Allocation Failure) 548M->257M(565M) 2.121ms
[95.436s][info][gc,cpu         ] GC(223) User=0.01s Sys=0.00s Real=0.00s
[95.628s][info][gc,start       ] GC(224) Pause Young (Allocation Failure)
[95.629s][info][gc,heap        ] GC(224) PSYoungGen: 298016K(314368K)->64K(316928K) Eden: 297984K(297984K)->0K(302080K) From: 32K(16384K)->64K(14848K)
[95.630s][info][gc,heap        ] GC(224) ParOldGen: 263699K(264192K)->263699K(264192K)
[95.630s][info][gc,metaspace   ] GC(224) Metaspace: 35056K(35776K)->35056K(35776K) NonClass: 25864K(26368K)->25864K(26368K) Class: 9192K(9408K)->9192K(9408K)
[95.630s][info][gc             ] GC(224) Pause Young (Allocation Failure) 548M->257M(567M) 1.681ms
[95.630s][info][gc,cpu         ] GC(224) User=0.00s Sys=0.00s Real=0.00s
[95.714s][info][gc,start       ] GC(225) Pause Young (Allocation Failure)
[95.715s][info][gc,heap        ] GC(225) PSYoungGen: 302144K(316928K)->64K(316928K) Eden: 302080K(302080K)->0K(302080K) From: 64K(14848K)->64K(14848K)
[95.715s][info][gc,heap        ] GC(225) ParOldGen: 263699K(264192K)->263715K(264192K)
[95.715s][info][gc,metaspace   ] GC(225) Metaspace: 35056K(35776K)->35056K(35776K) NonClass: 25864K(26368K)->25864K(26368K) Class: 9192K(9408K)->9192K(9408K)
[95.715s][info][gc             ] GC(225) Pause Young (Allocation Failure) 552M->257M(567M) 1.118ms
[95.715s][info][gc,cpu         ] GC(225) User=0.00s Sys=0.00s Real=0.00s
[95.862s][info][gc,start       ] GC(226) Pause Young (Allocation Failure)
[95.863s][info][gc,heap        ] GC(226) PSYoungGen: 302144K(316928K)->64K(317952K) Eden: 302080K(302080K)->0K(305152K) From: 64K(14848K)->64K(12800K)
[95.863s][info][gc,heap        ] GC(226) ParOldGen: 263715K(264192K)->263715K(264192K)
[95.863s][info][gc,metaspace   ] GC(226) Metaspace: 35056K(35776K)->35056K(35776K) NonClass: 25864K(26368K)->25864K(26368K) Class: 9192K(9408K)->9192K(9408K)
[95.863s][info][gc             ] GC(226) Pause Young (Allocation Failure) 552M->257M(568M) 1.025ms
[95.863s][info][gc,cpu         ] GC(226) User=0.00s Sys=0.00s Real=0.00s
[96.793s][info][gc,start       ] GC(227) Pause Young (Allocation Failure)
[96.795s][info][gc,heap        ] GC(227) PSYoungGen: 305216K(317952K)->64K(293376K) Eden: 305152K(305152K)->0K(292864K) From: 64K(12800K)->64K(512K)
[96.795s][info][gc,heap        ] GC(227) ParOldGen: 263715K(264192K)->263723K(264192K)
[96.795s][info][gc,metaspace   ] GC(227) Metaspace: 35056K(35776K)->35056K(35776K) NonClass: 25864K(26368K)->25864K(26368K) Class: 9192K(9408K)->9192K(9408K)
[96.795s][info][gc             ] GC(227) Pause Young (Allocation Failure) 555M->257M(544M) 1.795ms
[96.795s][info][gc,cpu         ] GC(227) User=0.00s Sys=0.00s Real=0.00s
[97.616s][info][gc,start       ] GC(228) Pause Young (Allocation Failure)
[97.618s][info][gc,heap        ] GC(228) PSYoungGen: 292928K(293376K)->64K(281600K) Eden: 292864K(292864K)->0K(281088K) From: 64K(512K)->64K(512K)
[97.618s][info][gc,heap        ] GC(228) ParOldGen: 263723K(264192K)->263731K(264192K)
[97.618s][info][gc,metaspace   ] GC(228) Metaspace: 35056K(35776K)->35056K(35776K) NonClass: 25864K(26368K)->25864K(26368K) Class: 9192K(9408K)->9192K(9408K)
[97.618s][info][gc             ] GC(228) Pause Young (Allocation Failure) 543M->257M(533M) 1.675ms
[97.618s][info][gc,cpu         ] GC(228) User=0.00s Sys=0.00s Real=0.01s
[97.934s][info][gc,start       ] GC(229) Pause Young (Allocation Failure)
[97.935s][info][gc,heap        ] GC(229) PSYoungGen: 281152K(281600K)->64K(281088K) Eden: 281088K(281088K)->0K(269824K) From: 64K(512K)->64K(11264K)
[97.935s][info][gc,heap        ] GC(229) ParOldGen: 263731K(264192K)->263739K(264192K)
[97.935s][info][gc,metaspace   ] GC(229) Metaspace: 35056K(35776K)->35056K(35776K) NonClass: 25864K(26368K)->25864K(26368K) Class: 9192K(9408K)->9192K(9408K)
[97.935s][info][gc             ] GC(229) Pause Young (Allocation Failure) 532M->257M(532M) 1.044ms
[97.935s][info][gc,cpu         ] GC(229) User=0.00s Sys=0.00s Real=0.00s
[98.627s][info][gc,start       ] GC(230) Pause Young (Allocation Failure)
[98.629s][info][gc,heap        ] GC(230) PSYoungGen: 269888K(281088K)->64K(259584K) Eden: 269824K(269824K)->0K(259072K) From: 64K(11264K)->64K(512K)
[98.629s][info][gc,heap        ] GC(230) ParOldGen: 263739K(264192K)->263747K(264192K)
[98.629s][info][gc,metaspace   ] GC(230) Metaspace: 35056K(35776K)->35056K(35776K) NonClass: 25864K(26368K)->25864K(26368K) Class: 9192K(9408K)->9192K(9408K)
[98.629s][info][gc             ] GC(230) Pause Young (Allocation Failure) 521M->257M(511M) 1.862ms
[98.629s][info][gc,cpu         ] GC(230) User=0.01s Sys=0.00s Real=0.00s
[99.348s][info][gc,start       ] GC(231) Pause Young (Allocation Failure)
[99.350s][info][gc,heap        ] GC(231) PSYoungGen: 259136K(259584K)->64K(258560K) Eden: 259072K(259072K)->0K(248832K) From: 64K(512K)->64K(9728K)
[99.350s][info][gc,heap        ] GC(231) ParOldGen: 263747K(264192K)->263755K(264192K)
[99.350s][info][gc,metaspace   ] GC(231) Metaspace: 35056K(35776K)->35056K(35776K) NonClass: 25864K(26368K)->25864K(26368K) Class: 9192K(9408K)->9192K(9408K)
[99.350s][info][gc             ] GC(231) Pause Young (Allocation Failure) 510M->257M(510M) 2.186ms
[99.350s][info][gc,cpu         ] GC(231) User=0.00s Sys=0.00s Real=0.00s
[99.736s][info][gc,start       ] GC(232) Pause Young (Allocation Failure)
[99.739s][info][gc,heap        ] GC(232) PSYoungGen: 248896K(258560K)->64K(239616K) Eden: 248832K(248832K)->0K(239104K) From: 64K(9728K)->64K(512K)
[99.739s][info][gc,heap        ] GC(232) ParOldGen: 263755K(264192K)->263763K(264192K)
[99.739s][info][gc,metaspace   ] GC(232) Metaspace: 35056K(35776K)->35056K(35776K) NonClass: 25864K(26368K)->25864K(26368K) Class: 9192K(9408K)->9192K(9408K)
[99.739s][info][gc             ] GC(232) Pause Young (Allocation Failure) 500M->257M(492M) 2.588ms
[99.739s][info][gc,cpu         ] GC(232) User=0.01s Sys=0.00s Real=0.01s
[99.801s][info][gc,start       ] GC(233) Pause Young (Allocation Failure)
[99.803s][info][gc,heap        ] GC(233) PSYoungGen: 239168K(239616K)->64K(279040K) Eden: 239104K(239104K)->0K(270336K) From: 64K(512K)->64K(8704K)
[99.803s][info][gc,heap        ] GC(233) ParOldGen: 263763K(264192K)->263779K(264192K)
[99.803s][info][gc,metaspace   ] GC(233) Metaspace: 35056K(35776K)->35056K(35776K) NonClass: 25864K(26368K)->25864K(26368K) Class: 9192K(9408K)->9192K(9408K)
[99.803s][info][gc             ] GC(233) Pause Young (Allocation Failure) 491M->257M(530M) 2.216ms
[99.803s][info][gc,cpu         ] GC(233) User=0.00s Sys=0.00s Real=0.00s
[100.362s][info][gc,start       ] GC(234) Pause Young (Allocation Failure)
[100.364s][info][gc,heap        ] GC(234) PSYoungGen: 270400K(279040K)->64K(260096K) Eden: 270336K(270336K)->0K(259584K) From: 64K(8704K)->64K(512K)
[100.364s][info][gc,heap        ] GC(234) ParOldGen: 263779K(264192K)->263787K(264192K)
[100.364s][info][gc,metaspace   ] GC(234) Metaspace: 35056K(35776K)->35056K(35776K) NonClass: 25864K(26368K)->25864K(26368K) Class: 9192K(9408K)->9192K(9408K)
[100.364s][info][gc             ] GC(234) Pause Young (Allocation Failure) 521M->257M(512M) 2.080ms
[100.364s][info][gc,cpu         ] GC(234) User=0.01s Sys=0.00s Real=0.00s
[100.679s][info][gc,start       ] GC(235) Pause Young (Allocation Failure)
[100.680s][info][gc,heap        ] GC(235) PSYoungGen: 259648K(260096K)->64K(257024K) Eden: 259584K(259584K)->0K(249344K) From: 64K(512K)->64K(7680K)
[100.680s][info][gc,heap        ] GC(235) ParOldGen: 263787K(264192K)->263795K(264192K)
[100.680s][info][gc,metaspace   ] GC(235) Metaspace: 35056K(35776K)->35056K(35776K) NonClass: 25864K(26368K)->25864K(26368K) Class: 9192K(9408K)->9192K(9408K)
[100.681s][info][gc             ] GC(235) Pause Young (Allocation Failure) 511M->257M(509M) 1.956ms
[100.681s][info][gc,cpu         ] GC(235) User=0.00s Sys=0.00s Real=0.00s
[101.028s][info][gc,start       ] GC(236) Pause Young (Allocation Failure)
[101.071s][info][gc,heap        ] GC(236) PSYoungGen: 249408K(257024K)->7168K(283136K) Eden: 249344K(249344K)->0K(275968K) From: 64K(7680K)->7168K(7168K)
[101.071s][info][gc,heap        ] GC(236) ParOldGen: 263795K(264192K)->275123K(275456K)
[101.071s][info][gc,metaspace   ] GC(236) Metaspace: 35056K(35776K)->35056K(35776K) NonClass: 25864K(26368K)->25864K(26368K) Class: 9192K(9408K)->9192K(9408K)
[101.071s][info][gc             ] GC(236) Pause Young (Allocation Failure) 501M->275M(545M) 42.504ms
[101.071s][info][gc,cpu         ] GC(236) User=0.05s Sys=0.01s Real=0.04s
[101.386s][info][gc,start       ] GC(237) Pause Young (Allocation Failure)
[101.446s][info][gc,heap        ] GC(237) PSYoungGen: 283136K(283136K)->12800K(288768K) Eden: 275968K(275968K)->0K(275968K) From: 7168K(7168K)->12800K(12800K)
[101.446s][info][gc,heap        ] GC(237) ParOldGen: 275123K(275456K)->293675K(293888K)
[101.446s][info][gc,metaspace   ] GC(237) Metaspace: 35056K(35776K)->35056K(35776K) NonClass: 25864K(26368K)->25864K(26368K) Class: 9192K(9408K)->9192K(9408K)
[101.446s][info][gc             ] GC(237) Pause Young (Allocation Failure) 545M->299M(569M) 59.385ms
[101.446s][info][gc,cpu         ] GC(237) User=0.10s Sys=0.02s Real=0.06s
[101.619s][info][gc,start       ] GC(238) Pause Young (Allocation Failure)
[101.650s][info][gc,heap        ] GC(238) PSYoungGen: 288768K(288768K)->13120K(309248K) Eden: 275968K(275968K)->0K(286720K) From: 12800K(12800K)->13120K(22528K)
[101.650s][info][gc,heap        ] GC(238) ParOldGen: 293675K(293888K)->294171K(294400K)
[101.650s][info][gc,metaspace   ] GC(238) Metaspace: 35056K(35776K)->35056K(35776K) NonClass: 25864K(26368K)->25864K(26368K) Class: 9192K(9408K)->9192K(9408K)
[101.650s][info][gc             ] GC(238) Pause Young (Allocation Failure) 568M->300M(589M) 30.976ms
[101.650s][info][gc,cpu         ] GC(238) User=0.05s Sys=0.01s Real=0.03s
[102.024s][info][gc,start       ] GC(239) Pause Young (Allocation Failure)
[102.025s][info][gc,heap        ] GC(239) PSYoungGen: 299840K(309248K)->64K(310272K) Eden: 286720K(286720K)->0K(286720K) From: 13120K(22528K)->64K(23552K)
[102.025s][info][gc,heap        ] GC(239) ParOldGen: 294171K(294400K)->294179K(294400K)
[102.025s][info][gc,metaspace   ] GC(239) Metaspace: 35056K(35776K)->35056K(35776K) NonClass: 25864K(26368K)->25864K(26368K) Class: 9192K(9408K)->9192K(9408K)
[102.026s][info][gc             ] GC(239) Pause Young (Allocation Failure) 580M->287M(590M) 1.209ms
[102.026s][info][gc,cpu         ] GC(239) User=0.01s Sys=0.00s Real=0.00s
[102.605s][info][gc,start       ] GC(240) Pause Young (Allocation Failure)
[102.606s][info][gc,heap        ] GC(240) PSYoungGen: 286784K(310272K)->64K(308736K) Eden: 286720K(286720K)->0K(287232K) From: 64K(23552K)->64K(21504K)
[102.606s][info][gc,heap        ] GC(240) ParOldGen: 294179K(294400K)->294187K(294400K)
[102.606s][info][gc,metaspace   ] GC(240) Metaspace: 35057K(35776K)->35057K(35776K) NonClass: 25865K(26368K)->25865K(26368K) Class: 9192K(9408K)->9192K(9408K)
[102.606s][info][gc             ] GC(240) Pause Young (Allocation Failure) 567M->287M(589M) 1.245ms
[102.606s][info][gc,cpu         ] GC(240) User=0.00s Sys=0.00s Real=0.00s
[103.074s][info][gc,start       ] GC(241) Pause Young (Allocation Failure)
[103.075s][info][gc,heap        ] GC(241) PSYoungGen: 287296K(308736K)->64K(309760K) Eden: 287232K(287232K)->0K(287232K) From: 64K(21504K)->64K(22528K)
[103.075s][info][gc,heap        ] GC(241) ParOldGen: 294187K(294400K)->294203K(294400K)
[103.075s][info][gc,metaspace   ] GC(241) Metaspace: 35057K(35776K)->35057K(35776K) NonClass: 25865K(26368K)->25865K(26368K) Class: 9192K(9408K)->9192K(9408K)
[103.075s][info][gc             ] GC(241) Pause Young (Allocation Failure) 567M->287M(590M) 1.231ms
[103.075s][info][gc,cpu         ] GC(241) User=0.01s Sys=0.00s Real=0.00s
[103.297s][info][gc,start       ] GC(242) Pause Young (Allocation Failure)
[103.298s][info][gc,heap        ] GC(242) PSYoungGen: 287296K(309760K)->64K(309248K) Eden: 287232K(287232K)->0K(289792K) From: 64K(22528K)->64K(19456K)
[103.298s][info][gc,heap        ] GC(242) ParOldGen: 294203K(294400K)->294219K(294400K)
[103.298s][info][gc,metaspace   ] GC(242) Metaspace: 35057K(35776K)->35057K(35776K) NonClass: 25865K(26368K)->25865K(26368K) Class: 9192K(9408K)->9192K(9408K)
[103.298s][info][gc             ] GC(242) Pause Young (Allocation Failure) 567M->287M(589M) 1.159ms
[103.298s][info][gc,cpu         ] GC(242) User=0.00s Sys=0.00s Real=0.01s
[103.521s][info][gc,start       ] GC(243) Pause Young (Allocation Failure)
[103.522s][info][gc,heap        ] GC(243) PSYoungGen: 289856K(309248K)->64K(310272K) Eden: 289792K(289792K)->0K(289792K) From: 64K(19456K)->64K(20480K)
[103.522s][info][gc,heap        ] GC(243) ParOldGen: 294219K(294400K)->294219K(294400K)
[103.522s][info][gc,metaspace   ] GC(243) Metaspace: 35057K(35776K)->35057K(35776K) NonClass: 25865K(26368K)->25865K(26368K) Class: 9192K(9408K)->9192K(9408K)
[103.522s][info][gc             ] GC(243) Pause Young (Allocation Failure) 570M->287M(590M) 1.069ms
[103.522s][info][gc,cpu         ] GC(243) User=0.00s Sys=0.00s Real=0.00s
[103.809s][info][gc,start       ] GC(244) Pause Young (Allocation Failure)
[103.810s][info][gc,heap        ] GC(244) PSYoungGen: 289856K(310272K)->64K(311296K) Eden: 289792K(289792K)->0K(293888K) From: 64K(20480K)->64K(17408K)
[103.810s][info][gc,heap        ] GC(244) ParOldGen: 294219K(294400K)->294219K(294400K)
[103.810s][info][gc,metaspace   ] GC(244) Metaspace: 35057K(35776K)->35057K(35776K) NonClass: 25865K(26368K)->25865K(26368K) Class: 9192K(9408K)->9192K(9408K)
[103.810s][info][gc             ] GC(244) Pause Young (Allocation Failure) 570M->287M(591M) 1.067ms
[103.810s][info][gc,cpu         ] GC(244) User=0.00s Sys=0.00s Real=0.00s
[103.861s][info][gc,start       ] GC(245) Pause Young (Allocation Failure)
[103.862s][info][gc,heap        ] GC(245) PSYoungGen: 293952K(311296K)->64K(312320K) Eden: 293888K(293888K)->0K(293888K) From: 64K(17408K)->64K(18432K)
[103.862s][info][gc,heap        ] GC(245) ParOldGen: 294219K(294400K)->294235K(294400K)
[103.862s][info][gc,metaspace   ] GC(245) Metaspace: 35057K(35776K)->35057K(35776K) NonClass: 25865K(26368K)->25865K(26368K) Class: 9192K(9408K)->9192K(9408K)
[103.862s][info][gc             ] GC(245) Pause Young (Allocation Failure) 574M->287M(592M) 1.041ms
[103.862s][info][gc,cpu         ] GC(245) User=0.00s Sys=0.00s Real=0.00s
[103.949s][info][gc,start       ] GC(246) Pause Young (Allocation Failure)
[103.950s][info][gc,heap        ] GC(246) PSYoungGen: 293952K(312320K)->64K(312832K) Eden: 293888K(293888K)->0K(297472K) From: 64K(18432K)->64K(15360K)
[103.950s][info][gc,heap        ] GC(246) ParOldGen: 294235K(294400K)->294235K(294400K)
[103.950s][info][gc,metaspace   ] GC(246) Metaspace: 35057K(35776K)->35057K(35776K) NonClass: 25865K(26368K)->25865K(26368K) Class: 9192K(9408K)->9192K(9408K)
[103.950s][info][gc             ] GC(246) Pause Young (Allocation Failure) 574M->287M(593M) 1.125ms
[103.950s][info][gc,cpu         ] GC(246) User=0.00s Sys=0.00s Real=0.00s
[104.205s][info][gc,start       ] GC(247) Pause Young (Allocation Failure)
[104.206s][info][gc,heap        ] GC(247) PSYoungGen: 297536K(312832K)->64K(314368K) Eden: 297472K(297472K)->0K(297472K) From: 64K(15360K)->64K(16896K)
[104.206s][info][gc,heap        ] GC(247) ParOldGen: 294235K(294400K)->294251K(294400K)
[104.206s][info][gc,metaspace   ] GC(247) Metaspace: 35057K(35776K)->35057K(35776K) NonClass: 25865K(26368K)->25865K(26368K) Class: 9192K(9408K)->9192K(9408K)
[104.206s][info][gc             ] GC(247) Pause Young (Allocation Failure) 577M->287M(594M) 1.290ms
[104.206s][info][gc,cpu         ] GC(247) User=0.00s Sys=0.00s Real=0.00s
[104.392s][info][gc,start       ] GC(248) Pause Young (Allocation Failure)
[104.393s][info][gc,heap        ] GC(248) PSYoungGen: 297536K(314368K)->64K(314368K) Eden: 297472K(297472K)->0K(301056K) From: 64K(16896K)->64K(13312K)
[104.393s][info][gc,heap        ] GC(248) ParOldGen: 294251K(294400K)->294251K(294400K)
[104.393s][info][gc,metaspace   ] GC(248) Metaspace: 35058K(35776K)->35058K(35776K) NonClass: 25866K(26368K)->25866K(26368K) Class: 9192K(9408K)->9192K(9408K)
[104.393s][info][gc             ] GC(248) Pause Young (Allocation Failure) 577M->287M(594M) 1.303ms
[104.393s][info][gc,cpu         ] GC(248) User=0.00s Sys=0.00s Real=0.00s
[104.476s][info][gc,start       ] GC(249) Pause Young (Allocation Failure)
[104.478s][info][gc,heap        ] GC(249) PSYoungGen: 301120K(314368K)->64K(315904K) Eden: 301056K(301056K)->0K(301056K) From: 64K(13312K)->64K(14848K)
[104.478s][info][gc,heap        ] GC(249) ParOldGen: 294251K(294400K)->294267K(294400K)
[104.478s][info][gc,metaspace   ] GC(249) Metaspace: 35058K(35776K)->35058K(35776K) NonClass: 25866K(26368K)->25866K(26368K) Class: 9192K(9408K)->9192K(9408K)
[104.478s][info][gc             ] GC(249) Pause Young (Allocation Failure) 581M->287M(596M) 1.221ms
[104.478s][info][gc,cpu         ] GC(249) User=0.01s Sys=0.00s Real=0.01s
[104.628s][info][gc,start       ] GC(250) Pause Young (Allocation Failure)
[104.629s][info][gc,heap        ] GC(250) PSYoungGen: 301120K(315904K)->64K(317440K) Eden: 301056K(301056K)->0K(305152K) From: 64K(14848K)->64K(12288K)
[104.629s][info][gc,heap        ] GC(250) ParOldGen: 294267K(294400K)->294267K(294400K)
[104.629s][info][gc,metaspace   ] GC(250) Metaspace: 35058K(35776K)->35058K(35776K) NonClass: 25866K(26368K)->25866K(26368K) Class: 9192K(9408K)->9192K(9408K)
[104.630s][info][gc             ] GC(250) Pause Young (Allocation Failure) 581M->287M(597M) 1.157ms
[104.630s][info][gc,cpu         ] GC(250) User=0.00s Sys=0.00s Real=0.00s
[105.556s][info][gc,start       ] GC(251) Pause Young (Allocation Failure)
[105.557s][info][gc,heap        ] GC(251) PSYoungGen: 305216K(317440K)->64K(293376K) Eden: 305152K(305152K)->0K(292864K) From: 64K(12288K)->64K(512K)
[105.557s][info][gc,heap        ] GC(251) ParOldGen: 294267K(294400K)->294275K(294400K)
[105.557s][info][gc,metaspace   ] GC(251) Metaspace: 35058K(35776K)->35058K(35776K) NonClass: 25866K(26368K)->25866K(26368K) Class: 9192K(9408K)->9192K(9408K)
[105.557s][info][gc             ] GC(251) Pause Young (Allocation Failure) 585M->287M(574M) 1.615ms
[105.557s][info][gc,cpu         ] GC(251) User=0.00s Sys=0.00s Real=0.01s
[106.381s][info][gc,start       ] GC(252) Pause Young (Allocation Failure)
[106.383s][info][gc,heap        ] GC(252) PSYoungGen: 292928K(293376K)->64K(281600K) Eden: 292864K(292864K)->0K(281088K) From: 64K(512K)->64K(512K)
[106.383s][info][gc,heap        ] GC(252) ParOldGen: 294275K(294400K)->294283K(294400K)
[106.383s][info][gc,metaspace   ] GC(252) Metaspace: 35058K(35776K)->35058K(35776K) NonClass: 25866K(26368K)->25866K(26368K) Class: 9192K(9408K)->9192K(9408K)
[106.383s][info][gc             ] GC(252) Pause Young (Allocation Failure) 573M->287M(562M) 1.796ms
[106.383s][info][gc,cpu         ] GC(252) User=0.00s Sys=0.00s Real=0.00s
[106.729s][info][gc,start       ] GC(253) Pause Young (Allocation Failure)
[106.730s][info][gc,heap        ] GC(253) PSYoungGen: 281152K(281600K)->64K(281600K) Eden: 281088K(281088K)->0K(269824K) From: 64K(512K)->64K(11776K)
[106.730s][info][gc,heap        ] GC(253) ParOldGen: 294283K(294400K)->294291K(294400K)
[106.730s][info][gc,metaspace   ] GC(253) Metaspace: 35058K(35776K)->35058K(35776K) NonClass: 25866K(26368K)->25866K(26368K) Class: 9192K(9408K)->9192K(9408K)
[106.730s][info][gc             ] GC(253) Pause Young (Allocation Failure) 561M->287M(562M) 1.175ms
[106.730s][info][gc,cpu         ] GC(253) User=0.01s Sys=0.00s Real=0.00s
[107.685s][info][gc,start       ] GC(254) Pause Young (Allocation Failure)
[107.687s][info][gc,heap        ] GC(254) PSYoungGen: 269888K(281600K)->64K(259584K) Eden: 269824K(269824K)->0K(259072K) From: 64K(11776K)->64K(512K)
[107.687s][info][gc,heap        ] GC(254) ParOldGen: 294291K(294400K)->294299K(294400K)
[107.687s][info][gc,metaspace   ] GC(254) Metaspace: 35058K(35776K)->35058K(35776K) NonClass: 25866K(26368K)->25866K(26368K) Class: 9192K(9408K)->9192K(9408K)
[107.687s][info][gc             ] GC(254) Pause Young (Allocation Failure) 550M->287M(541M) 2.212ms
[107.687s][info][gc,cpu         ] GC(254) User=0.00s Sys=0.00s Real=0.01s
[108.054s][info][gc,start       ] GC(255) Pause Young (Allocation Failure)
[108.056s][info][gc,heap        ] GC(255) PSYoungGen: 259136K(259584K)->64K(259072K) Eden: 259072K(259072K)->0K(248832K) From: 64K(512K)->64K(10240K)
[108.056s][info][gc,heap        ] GC(255) ParOldGen: 294299K(294400K)->294315K(294400K)
[108.056s][info][gc,metaspace   ] GC(255) Metaspace: 35058K(35776K)->35058K(35776K) NonClass: 25866K(26368K)->25866K(26368K) Class: 9192K(9408K)->9192K(9408K)
[108.056s][info][gc             ] GC(255) Pause Young (Allocation Failure) 540M->287M(540M) 2.173ms
[108.056s][info][gc,cpu         ] GC(255) User=0.00s Sys=0.00s Real=0.00s
[108.434s][info][gc,start       ] GC(256) Pause Young (Allocation Failure)
[108.436s][info][gc,heap        ] GC(256) PSYoungGen: 248896K(259072K)->64K(239616K) Eden: 248832K(248832K)->0K(239104K) From: 64K(10240K)->64K(512K)
[108.436s][info][gc,heap        ] GC(256) ParOldGen: 294315K(294400K)->294323K(294400K)
[108.436s][info][gc,metaspace   ] GC(256) Metaspace: 35058K(35776K)->35058K(35776K) NonClass: 25866K(26368K)->25866K(26368K) Class: 9192K(9408K)->9192K(9408K)
[108.437s][info][gc             ] GC(256) Pause Young (Allocation Failure) 530M->287M(521M) 2.889ms
[108.437s][info][gc,cpu         ] GC(256) User=0.01s Sys=0.00s Real=0.00s
[108.508s][info][gc,start       ] GC(257) Pause Young (Allocation Failure)
[108.510s][info][gc,heap        ] GC(257) PSYoungGen: 239168K(239616K)->64K(280576K) Eden: 239104K(239104K)->0K(271872K) From: 64K(512K)->64K(8704K)
[108.510s][info][gc,heap        ] GC(257) ParOldGen: 294323K(294400K)->294339K(294400K)
[108.510s][info][gc,metaspace   ] GC(257) Metaspace: 35058K(35776K)->35058K(35776K) NonClass: 25866K(26368K)->25866K(26368K) Class: 9192K(9408K)->9192K(9408K)
[108.510s][info][gc             ] GC(257) Pause Young (Allocation Failure) 520M->287M(561M) 2.323ms
[108.510s][info][gc,cpu         ] GC(257) User=0.00s Sys=0.00s Real=0.00s
[109.106s][info][gc,start       ] GC(258) Pause Young (Allocation Failure)
[109.108s][info][gc,heap        ] GC(258) PSYoungGen: 271936K(280576K)->64K(261632K) Eden: 271872K(271872K)->0K(261120K) From: 64K(8704K)->64K(512K)
[109.108s][info][gc,heap        ] GC(258) ParOldGen: 294339K(294400K)->294347K(294400K)
[109.108s][info][gc,metaspace   ] GC(258) Metaspace: 35058K(35776K)->35058K(35776K) NonClass: 25866K(26368K)->25866K(26368K) Class: 9192K(9408K)->9192K(9408K)
[109.108s][info][gc             ] GC(258) Pause Young (Allocation Failure) 553M->287M(543M) 2.598ms
[109.108s][info][gc,cpu         ] GC(258) User=0.01s Sys=0.00s Real=0.01s
[109.402s][info][gc,start       ] GC(259) Pause Young (Allocation Failure)
[109.403s][info][gc,heap        ] GC(259) PSYoungGen: 261184K(261632K)->64K(258560K) Eden: 261120K(261120K)->0K(250880K) From: 64K(512K)->64K(7680K)
[109.403s][info][gc,heap        ] GC(259) ParOldGen: 294347K(294400K)->294355K(294400K)
[109.403s][info][gc,metaspace   ] GC(259) Metaspace: 35058K(35776K)->35058K(35776K) NonClass: 25866K(26368K)->25866K(26368K) Class: 9192K(9408K)->9192K(9408K)
[109.403s][info][gc             ] GC(259) Pause Young (Allocation Failure) 542M->287M(540M) 1.355ms
[109.403s][info][gc,cpu         ] GC(259) User=0.00s Sys=0.00s Real=0.00s
[109.739s][info][gc,start       ] GC(260) Pause Young (Allocation Failure)
[109.781s][info][gc,heap        ] GC(260) PSYoungGen: 250944K(258560K)->7168K(282112K) Eden: 250880K(250880K)->0K(274944K) From: 64K(7680K)->7168K(7168K)
[109.782s][info][gc,heap        ] GC(260) ParOldGen: 294355K(294400K)->308331K(308736K)
[109.782s][info][gc,metaspace   ] GC(260) Metaspace: 35058K(35776K)->35058K(35776K) NonClass: 25866K(26368K)->25866K(26368K) Class: 9192K(9408K)->9192K(9408K)
[109.782s][info][gc             ] GC(260) Pause Young (Allocation Failure) 532M->308M(577M) 42.230ms
[109.782s][info][gc,cpu         ] GC(260) User=0.08s Sys=0.01s Real=0.04s
[110.098s][info][gc,start       ] GC(261) Pause Young (Allocation Failure)
[110.157s][info][gc,heap        ] GC(261) PSYoungGen: 282112K(282112K)->13824K(288768K) Eden: 274944K(274944K)->0K(274944K) From: 7168K(7168K)->13824K(13824K)
[110.157s][info][gc,heap        ] GC(261) ParOldGen: 308331K(308736K)->325819K(326144K)
[110.157s][info][gc,metaspace   ] GC(261) Metaspace: 35058K(35776K)->35058K(35776K) NonClass: 25866K(26368K)->25866K(26368K) Class: 9192K(9408K)->9192K(9408K)
[110.157s][info][gc             ] GC(261) Pause Young (Allocation Failure) 576M->331M(600M) 59.418ms
[110.157s][info][gc,cpu         ] GC(261) User=0.11s Sys=0.01s Real=0.06s
[110.310s][info][gc,start       ] GC(262) Pause Young (Allocation Failure)
[110.336s][info][gc,heap        ] GC(262) PSYoungGen: 288768K(288768K)->10592K(310272K) Eden: 274944K(274944K)->0K(286720K) From: 13824K(13824K)->10592K(23552K)
[110.336s][info][gc,heap        ] GC(262) ParOldGen: 325819K(326144K)->326283K(326656K)
[110.336s][info][gc,metaspace   ] GC(262) Metaspace: 35058K(35776K)->35058K(35776K) NonClass: 25866K(26368K)->25866K(26368K) Class: 9192K(9408K)->9192K(9408K)
[110.336s][info][gc             ] GC(262) Pause Young (Allocation Failure) 600M->328M(622M) 25.703ms
[110.336s][info][gc,cpu         ] GC(262) User=0.05s Sys=0.01s Real=0.02s
[110.761s][info][gc,start       ] GC(263) Pause Young (Allocation Failure)
[110.762s][info][gc,heap        ] GC(263) PSYoungGen: 297312K(310272K)->64K(287232K) Eden: 286720K(286720K)->0K(286720K) From: 10592K(23552K)->64K(512K)
[110.762s][info][gc,heap        ] GC(263) ParOldGen: 326283K(326656K)->326291K(326656K)
[110.762s][info][gc,metaspace   ] GC(263) Metaspace: 35058K(35776K)->35058K(35776K) NonClass: 25866K(26368K)->25866K(26368K) Class: 9192K(9408K)->9192K(9408K)
[110.762s][info][gc             ] GC(263) Pause Young (Allocation Failure) 608M->318M(599M) 1.426ms
[110.762s][info][gc,cpu         ] GC(263) User=0.00s Sys=0.00s Real=0.00s
[111.308s][info][gc,start       ] GC(264) Pause Young (Allocation Failure)
[111.309s][info][gc,heap        ] GC(264) PSYoungGen: 286784K(287232K)->64K(310784K) Eden: 286720K(286720K)->0K(287744K) From: 64K(512K)->64K(23040K)
[111.309s][info][gc,heap        ] GC(264) ParOldGen: 326291K(326656K)->326299K(326656K)
[111.309s][info][gc,metaspace   ] GC(264) Metaspace: 35058K(35776K)->35058K(35776K) NonClass: 25866K(26368K)->25866K(26368K) Class: 9192K(9408K)->9192K(9408K)
[111.309s][info][gc             ] GC(264) Pause Young (Allocation Failure) 598M->318M(622M) 1.315ms
[111.309s][info][gc,cpu         ] GC(264) User=0.00s Sys=0.00s Real=0.00s
[111.750s][info][gc,start       ] GC(265) Pause Young (Allocation Failure)
[111.751s][info][gc,heap        ] GC(265) PSYoungGen: 287808K(310784K)->64K(309760K) Eden: 287744K(287744K)->0K(287744K) From: 64K(23040K)->64K(22016K)
[111.751s][info][gc,heap        ] GC(265) ParOldGen: 326299K(326656K)->326315K(326656K)
[111.751s][info][gc,metaspace   ] GC(265) Metaspace: 35058K(35776K)->35058K(35776K) NonClass: 25866K(26368K)->25866K(26368K) Class: 9192K(9408K)->9192K(9408K)
[111.751s][info][gc             ] GC(265) Pause Young (Allocation Failure) 599M->318M(621M) 1.294ms
[111.751s][info][gc,cpu         ] GC(265) User=0.00s Sys=0.00s Real=0.00s
[111.973s][info][gc,start       ] GC(266) Pause Young (Allocation Failure)
[111.974s][info][gc,heap        ] GC(266) PSYoungGen: 287808K(309760K)->64K(310272K) Eden: 287744K(287744K)->0K(289280K) From: 64K(22016K)->64K(20992K)
[111.975s][info][gc,heap        ] GC(266) ParOldGen: 326315K(326656K)->326331K(326656K)
[111.975s][info][gc,metaspace   ] GC(266) Metaspace: 35058K(35776K)->35058K(35776K) NonClass: 25866K(26368K)->25866K(26368K) Class: 9192K(9408K)->9192K(9408K)
[111.975s][info][gc             ] GC(266) Pause Young (Allocation Failure) 599M->318M(622M) 1.194ms
[111.975s][info][gc,cpu         ] GC(266) User=0.01s Sys=0.00s Real=0.00s
[112.197s][info][gc,start       ] GC(267) Pause Young (Allocation Failure)
[112.198s][info][gc,heap        ] GC(267) PSYoungGen: 289344K(310272K)->64K(309760K) Eden: 289280K(289280K)->0K(289280K) From: 64K(20992K)->64K(20480K)
[112.198s][info][gc,heap        ] GC(267) ParOldGen: 326331K(326656K)->326331K(326656K)
[112.198s][info][gc,metaspace   ] GC(267) Metaspace: 35058K(35776K)->35058K(35776K) NonClass: 25866K(26368K)->25866K(26368K) Class: 9192K(9408K)->9192K(9408K)
[112.198s][info][gc             ] GC(267) Pause Young (Allocation Failure) 601M->318M(621M) 1.102ms
[112.198s][info][gc,cpu         ] GC(267) User=0.00s Sys=0.00s Real=0.00s
[112.472s][info][gc,start       ] GC(268) Pause Young (Allocation Failure)
[112.473s][info][gc,heap        ] GC(268) PSYoungGen: 289344K(309760K)->64K(312320K) Eden: 289280K(289280K)->0K(293376K) From: 64K(20480K)->64K(18944K)
[112.473s][info][gc,heap        ] GC(268) ParOldGen: 326331K(326656K)->326331K(326656K)
[112.473s][info][gc,metaspace   ] GC(268) Metaspace: 35058K(35776K)->35058K(35776K) NonClass: 25866K(26368K)->25866K(26368K) Class: 9192K(9408K)->9192K(9408K)
[112.473s][info][gc             ] GC(268) Pause Young (Allocation Failure) 601M->318M(624M) 1.187ms
[112.473s][info][gc,cpu         ] GC(268) User=0.00s Sys=0.00s Real=0.00s
[112.524s][info][gc,start       ] GC(269) Pause Young (Allocation Failure)
[112.525s][info][gc,heap        ] GC(269) PSYoungGen: 293440K(312320K)->64K(311808K) Eden: 293376K(293376K)->0K(293376K) From: 64K(18944K)->64K(18432K)
[112.525s][info][gc,heap        ] GC(269) ParOldGen: 326331K(326656K)->326347K(326656K)
[112.525s][info][gc,metaspace   ] GC(269) Metaspace: 35058K(35776K)->35058K(35776K) NonClass: 25866K(26368K)->25866K(26368K) Class: 9192K(9408K)->9192K(9408K)
[112.525s][info][gc             ] GC(269) Pause Young (Allocation Failure) 605M->318M(623M) 1.127ms
[112.525s][info][gc,cpu         ] GC(269) User=0.00s Sys=0.00s Real=0.00s
[112.631s][info][gc,start       ] GC(270) Pause Young (Allocation Failure)
[112.632s][info][gc,heap        ] GC(270) PSYoungGen: 293440K(311808K)->64K(314368K) Eden: 293376K(293376K)->0K(297472K) From: 64K(18432K)->64K(16896K)
[112.632s][info][gc,heap        ] GC(270) ParOldGen: 326347K(326656K)->326347K(326656K)
[112.632s][info][gc,metaspace   ] GC(270) Metaspace: 35058K(35776K)->35058K(35776K) NonClass: 25866K(26368K)->25866K(26368K) Class: 9192K(9408K)->9192K(9408K)
[112.632s][info][gc             ] GC(270) Pause Young (Allocation Failure) 605M->318M(626M) 1.089ms
[112.632s][info][gc,cpu         ] GC(270) User=0.00s Sys=0.00s Real=0.00s
[112.875s][info][gc,start       ] GC(271) Pause Young (Allocation Failure)
[112.876s][info][gc,heap        ] GC(271) PSYoungGen: 297536K(314368K)->64K(313856K) Eden: 297472K(297472K)->0K(297472K) From: 64K(16896K)->64K(16384K)
[112.876s][info][gc,heap        ] GC(271) ParOldGen: 326347K(326656K)->326363K(326656K)
[112.876s][info][gc,metaspace   ] GC(271) Metaspace: 35058K(35776K)->35058K(35776K) NonClass: 25866K(26368K)->25866K(26368K) Class: 9192K(9408K)->9192K(9408K)
[112.876s][info][gc             ] GC(271) Pause Young (Allocation Failure) 609M->318M(625M) 1.205ms
[112.876s][info][gc,cpu         ] GC(271) User=0.00s Sys=0.00s Real=0.00s
[113.060s][info][gc,start       ] GC(272) Pause Young (Allocation Failure)
[113.062s][info][gc,heap        ] GC(272) PSYoungGen: 297536K(313856K)->64K(316416K) Eden: 297472K(297472K)->0K(301568K) From: 64K(16384K)->64K(14848K)
[113.062s][info][gc,heap        ] GC(272) ParOldGen: 326363K(326656K)->326363K(326656K)
[113.062s][info][gc,metaspace   ] GC(272) Metaspace: 35058K(35776K)->35058K(35776K) NonClass: 25866K(26368K)->25866K(26368K) Class: 9192K(9408K)->9192K(9408K)
[113.062s][info][gc             ] GC(272) Pause Young (Allocation Failure) 609M->318M(628M) 1.436ms
[113.062s][info][gc,cpu         ] GC(272) User=0.01s Sys=0.00s Real=0.00s
[113.146s][info][gc,start       ] GC(273) Pause Young (Allocation Failure)
[113.147s][info][gc,heap        ] GC(273) PSYoungGen: 301632K(316416K)->64K(316416K) Eden: 301568K(301568K)->0K(301568K) From: 64K(14848K)->64K(14848K)
[113.147s][info][gc,heap        ] GC(273) ParOldGen: 326363K(326656K)->326379K(326656K)
[113.147s][info][gc,metaspace   ] GC(273) Metaspace: 35058K(35776K)->35058K(35776K) NonClass: 25866K(26368K)->25866K(26368K) Class: 9192K(9408K)->9192K(9408K)
[113.147s][info][gc             ] GC(273) Pause Young (Allocation Failure) 613M->318M(628M) 1.285ms
[113.147s][info][gc,cpu         ] GC(273) User=0.00s Sys=0.00s Real=0.01s
[113.306s][info][gc,start       ] GC(274) Pause Young (Allocation Failure)
[113.307s][info][gc,heap        ] GC(274) PSYoungGen: 301632K(316416K)->64K(317952K) Eden: 301568K(301568K)->0K(305152K) From: 64K(14848K)->64K(12800K)
[113.307s][info][gc,heap        ] GC(274) ParOldGen: 326379K(326656K)->326379K(326656K)
[113.307s][info][gc,metaspace   ] GC(274) Metaspace: 35058K(35776K)->35058K(35776K) NonClass: 25866K(26368K)->25866K(26368K) Class: 9192K(9408K)->9192K(9408K)
[113.307s][info][gc             ] GC(274) Pause Young (Allocation Failure) 613M->318M(629M) 1.181ms
[113.307s][info][gc,cpu         ] GC(274) User=0.00s Sys=0.00s Real=0.01s
[114.231s][info][gc,start       ] GC(275) Pause Young (Allocation Failure)
[114.233s][info][gc,heap        ] GC(275) PSYoungGen: 305216K(317952K)->64K(293376K) Eden: 305152K(305152K)->0K(292864K) From: 64K(12800K)->64K(512K)
[114.233s][info][gc,heap        ] GC(275) ParOldGen: 326379K(326656K)->326387K(326656K)
[114.233s][info][gc,metaspace   ] GC(275) Metaspace: 35058K(35776K)->35058K(35776K) NonClass: 25866K(26368K)->25866K(26368K) Class: 9192K(9408K)->9192K(9408K)
[114.233s][info][gc             ] GC(275) Pause Young (Allocation Failure) 616M->318M(605M) 1.552ms
[114.233s][info][gc,cpu         ] GC(275) User=0.00s Sys=0.00s Real=0.00s
[115.058s][info][gc,start       ] GC(276) Pause Young (Allocation Failure)
[115.060s][info][gc,heap        ] GC(276) PSYoungGen: 292928K(293376K)->64K(281600K) Eden: 292864K(292864K)->0K(281088K) From: 64K(512K)->64K(512K)
[115.060s][info][gc,heap        ] GC(276) ParOldGen: 326387K(326656K)->326395K(326656K)
[115.060s][info][gc,metaspace   ] GC(276) Metaspace: 35058K(35776K)->35058K(35776K) NonClass: 25866K(26368K)->25866K(26368K) Class: 9192K(9408K)->9192K(9408K)
[115.060s][info][gc             ] GC(276) Pause Young (Allocation Failure) 604M->318M(594M) 1.923ms
[115.060s][info][gc,cpu         ] GC(276) User=0.00s Sys=0.01s Real=0.00s
[115.440s][info][gc,start       ] GC(277) Pause Young (Allocation Failure)
[115.442s][info][gc,heap        ] GC(277) PSYoungGen: 281152K(281600K)->64K(281088K) Eden: 281088K(281088K)->0K(269824K) From: 64K(512K)->64K(11264K)
[115.442s][info][gc,heap        ] GC(277) ParOldGen: 326395K(326656K)->326403K(326656K)
[115.442s][info][gc,metaspace   ] GC(277) Metaspace: 35058K(35776K)->35058K(35776K) NonClass: 25866K(26368K)->25866K(26368K) Class: 9192K(9408K)->9192K(9408K)
[115.442s][info][gc             ] GC(277) Pause Young (Allocation Failure) 593M->318M(593M) 2.225ms
[115.442s][info][gc,cpu         ] GC(277) User=0.00s Sys=0.00s Real=0.00s
[116.488s][info][gc,start       ] GC(278) Pause Young (Allocation Failure)
[116.491s][info][gc,heap        ] GC(278) PSYoungGen: 269888K(281088K)->64K(259584K) Eden: 269824K(269824K)->0K(259072K) From: 64K(11264K)->64K(512K)
[116.491s][info][gc,heap        ] GC(278) ParOldGen: 326403K(326656K)->326411K(326656K)
[116.491s][info][gc,metaspace   ] GC(278) Metaspace: 35058K(35776K)->35058K(35776K) NonClass: 25866K(26368K)->25866K(26368K) Class: 9192K(9408K)->9192K(9408K)
[116.491s][info][gc             ] GC(278) Pause Young (Allocation Failure) 582M->318M(572M) 2.977ms
[116.491s][info][gc,cpu         ] GC(278) User=0.01s Sys=0.00s Real=0.00s
[116.875s][info][gc,start       ] GC(279) Pause Young (Allocation Failure)
[116.877s][info][gc,heap        ] GC(279) PSYoungGen: 259136K(259584K)->64K(259072K) Eden: 259072K(259072K)->0K(248832K) From: 64K(512K)->64K(10240K)
[116.877s][info][gc,heap        ] GC(279) ParOldGen: 326411K(326656K)->326419K(326656K)
[116.877s][info][gc,metaspace   ] GC(279) Metaspace: 35058K(35776K)->35058K(35776K) NonClass: 25866K(26368K)->25866K(26368K) Class: 9192K(9408K)->9192K(9408K)
[116.877s][info][gc             ] GC(279) Pause Young (Allocation Failure) 571M->318M(572M) 2.116ms
[116.877s][info][gc,cpu         ] GC(279) User=0.00s Sys=0.00s Real=0.01s
[117.065s][info][gc,start       ] GC(280) Pause Young (Allocation Failure)
[117.067s][info][gc,heap        ] GC(280) PSYoungGen: 248896K(259072K)->64K(239616K) Eden: 248832K(248832K)->0K(239104K) From: 64K(10240K)->64K(512K)
[117.067s][info][gc,heap        ] GC(280) ParOldGen: 326419K(326656K)->326435K(326656K)
[117.067s][info][gc,metaspace   ] GC(280) Metaspace: 35058K(35776K)->35058K(35776K) NonClass: 25866K(26368K)->25866K(26368K) Class: 9192K(9408K)->9192K(9408K)
[117.067s][info][gc             ] GC(280) Pause Young (Allocation Failure) 561M->318M(553M) 2.653ms
[117.067s][info][gc,cpu         ] GC(280) User=0.00s Sys=0.00s Real=0.01s
[117.145s][info][gc,start       ] GC(281) Pause Young (Allocation Failure)
[117.147s][info][gc,heap        ] GC(281) PSYoungGen: 239168K(239616K)->64K(238592K) Eden: 239104K(239104K)->0K(229888K) From: 64K(512K)->64K(8704K)
[117.147s][info][gc,heap        ] GC(281) ParOldGen: 326435K(326656K)->326443K(326656K)
[117.147s][info][gc,metaspace   ] GC(281) Metaspace: 35058K(35776K)->35058K(35776K) NonClass: 25866K(26368K)->25866K(26368K) Class: 9192K(9408K)->9192K(9408K)
[117.147s][info][gc             ] GC(281) Pause Young (Allocation Failure) 552M->318M(552M) 1.400ms
[117.147s][info][gc,cpu         ] GC(281) User=0.01s Sys=0.00s Real=0.00s
[117.673s][info][gc,start       ] GC(282) Pause Young (Allocation Failure)
[117.674s][info][gc,heap        ] GC(282) PSYoungGen: 229952K(238592K)->64K(221696K) Eden: 229888K(229888K)->0K(221184K) From: 64K(8704K)->64K(512K)
[117.674s][info][gc,heap        ] GC(282) ParOldGen: 326443K(326656K)->326451K(326656K)
[117.674s][info][gc,metaspace   ] GC(282) Metaspace: 35058K(35776K)->35058K(35776K) NonClass: 25866K(26368K)->25866K(26368K) Class: 9192K(9408K)->9192K(9408K)
[117.674s][info][gc             ] GC(282) Pause Young (Allocation Failure) 543M->318M(535M) 1.553ms
[117.674s][info][gc,cpu         ] GC(282) User=0.00s Sys=0.00s Real=0.00s
[117.923s][info][gc,start       ] GC(283) Pause Young (Allocation Failure)
[117.924s][info][gc,heap        ] GC(283) PSYoungGen: 221248K(221696K)->64K(220672K) Eden: 221184K(221184K)->0K(212992K) From: 64K(512K)->64K(7680K)
[117.924s][info][gc,heap        ] GC(283) ParOldGen: 326451K(326656K)->326459K(326656K)
[117.924s][info][gc,metaspace   ] GC(283) Metaspace: 35058K(35776K)->35058K(35776K) NonClass: 25866K(26368K)->25866K(26368K) Class: 9192K(9408K)->9192K(9408K)
[117.924s][info][gc             ] GC(283) Pause Young (Allocation Failure) 534M->318M(534M) 1.006ms
[117.924s][info][gc,cpu         ] GC(283) User=0.00s Sys=0.00s Real=0.00s
[118.246s][info][gc,start       ] GC(284) Pause Young (Allocation Failure)
[118.263s][info][gc,heap        ] GC(284) PSYoungGen: 213056K(220672K)->7168K(263168K) Eden: 212992K(212992K)->0K(256000K) From: 64K(7680K)->7168K(7168K)
[118.263s][info][gc,heap        ] GC(284) ParOldGen: 326459K(326656K)->329371K(329728K)
[118.263s][info][gc,metaspace   ] GC(284) Metaspace: 35058K(35776K)->35058K(35776K) NonClass: 25866K(26368K)->25866K(26368K) Class: 9192K(9408K)->9192K(9408K)
[118.263s][info][gc             ] GC(284) Pause Young (Allocation Failure) 526M->328M(579M) 16.790ms
[118.263s][info][gc,cpu         ] GC(284) User=0.03s Sys=0.00s Real=0.02s
[118.556s][info][gc,start       ] GC(285) Pause Young (Allocation Failure)
[118.609s][info][gc,heap        ] GC(285) PSYoungGen: 263168K(263168K)->9728K(270336K) Eden: 256000K(256000K)->0K(260608K) From: 7168K(7168K)->9728K(9728K)
[118.609s][info][gc,heap        ] GC(285) ParOldGen: 329371K(329728K)->348531K(348672K)
[118.609s][info][gc,metaspace   ] GC(285) Metaspace: 35058K(35776K)->35058K(35776K) NonClass: 25866K(26368K)->25866K(26368K) Class: 9192K(9408K)->9192K(9408K)
[118.609s][info][gc             ] GC(285) Pause Young (Allocation Failure) 578M->349M(604M) 53.158ms
[118.609s][info][gc,cpu         ] GC(285) User=0.09s Sys=0.01s Real=0.06s
[118.875s][info][gc,start       ] GC(286) Pause Young (Allocation Failure)
[118.926s][info][gc,heap        ] GC(286) PSYoungGen: 270336K(270336K)->18944K(302592K) Eden: 260608K(260608K)->0K(283648K) From: 9728K(9728K)->18944K(18944K)
[118.926s][info][gc,heap        ] GC(286) ParOldGen: 348531K(348672K)->353851K(354304K)
[118.926s][info][gc,metaspace   ] GC(286) Metaspace: 35058K(35776K)->35058K(35776K) NonClass: 25866K(26368K)->25866K(26368K) Class: 9192K(9408K)->9192K(9408K)
[118.926s][info][gc             ] GC(286) Pause Young (Allocation Failure) 604M->364M(641M) 51.666ms
[118.926s][info][gc,cpu         ] GC(286) User=0.08s Sys=0.02s Real=0.05s
[119.054s][info][gc,start       ] GC(287) Pause Young (Allocation Failure)
[119.057s][info][gc,heap        ] GC(287) PSYoungGen: 302592K(302592K)->64K(308736K) Eden: 283648K(283648K)->0K(283648K) From: 18944K(18944K)->64K(25088K)
[119.057s][info][gc,heap        ] GC(287) ParOldGen: 353851K(354304K)->353995K(354304K)
[119.057s][info][gc,metaspace   ] GC(287) Metaspace: 35058K(35776K)->35058K(35776K) NonClass: 25866K(26368K)->25866K(26368K) Class: 9192K(9408K)->9192K(9408K)
[119.057s][info][gc             ] GC(287) Pause Young (Allocation Failure) 641M->345M(647M) 2.735ms
[119.057s][info][gc,cpu         ] GC(287) User=0.01s Sys=0.00s Real=0.01s
[119.748s][info][gc,start       ] GC(288) Pause Young (Allocation Failure)
[119.749s][info][gc,heap        ] GC(288) PSYoungGen: 283712K(308736K)->64K(306688K) Eden: 283648K(283648K)->0K(284672K) From: 64K(25088K)->64K(22016K)
[119.749s][info][gc,heap        ] GC(288) ParOldGen: 353995K(354304K)->354011K(354304K)
[119.749s][info][gc,metaspace   ] GC(288) Metaspace: 35058K(35776K)->35058K(35776K) NonClass: 25866K(26368K)->25866K(26368K) Class: 9192K(9408K)->9192K(9408K)
[119.749s][info][gc             ] GC(288) Pause Young (Allocation Failure) 622M->345M(645M) 1.586ms
[119.749s][info][gc,cpu         ] GC(288) User=0.01s Sys=0.00s Real=0.00s
[120.267s][info][gc,start       ] GC(289) Pause Young (Allocation Failure)
[120.269s][info][gc,heap        ] GC(289) PSYoungGen: 284736K(306688K)->64K(308224K) Eden: 284672K(284672K)->0K(284672K) From: 64K(22016K)->64K(23552K)
[120.269s][info][gc,heap        ] GC(289) ParOldGen: 354011K(354304K)->354011K(354304K)
[120.269s][info][gc,metaspace   ] GC(289) Metaspace: 35058K(35776K)->35058K(35776K) NonClass: 25866K(26368K)->25866K(26368K) Class: 9192K(9408K)->9192K(9408K)
[120.269s][info][gc             ] GC(289) Pause Young (Allocation Failure) 623M->345M(647M) 1.361ms
[120.269s][info][gc,cpu         ] GC(289) User=0.00s Sys=0.00s Real=0.00s
[120.490s][info][gc,start       ] GC(290) Pause Young (Allocation Failure)
[120.492s][info][gc,heap        ] GC(290) PSYoungGen: 284736K(308224K)->64K(307712K) Eden: 284672K(284672K)->0K(287744K) From: 64K(23552K)->64K(19968K)
[120.492s][info][gc,heap        ] GC(290) ParOldGen: 354011K(354304K)->354027K(354304K)
[120.492s][info][gc,metaspace   ] GC(290) Metaspace: 35058K(35776K)->35058K(35776K) NonClass: 25866K(26368K)->25866K(26368K) Class: 9192K(9408K)->9192K(9408K)
[120.492s][info][gc             ] GC(290) Pause Young (Allocation Failure) 623M->345M(646M) 1.334ms
[120.492s][info][gc,cpu         ] GC(290) User=0.01s Sys=0.00s Real=0.00s
[120.719s][info][gc,start       ] GC(291) Pause Young (Allocation Failure)
[120.720s][info][gc,heap        ] GC(291) PSYoungGen: 287808K(307712K)->32K(309248K) Eden: 287744K(287744K)->0K(287744K) From: 64K(19968K)->32K(21504K)
[120.720s][info][gc,heap        ] GC(291) ParOldGen: 354027K(354304K)->354027K(354304K)
[120.720s][info][gc,metaspace   ] GC(291) Metaspace: 35058K(35776K)->35058K(35776K) NonClass: 25866K(26368K)->25866K(26368K) Class: 9192K(9408K)->9192K(9408K)
[120.720s][info][gc             ] GC(291) Pause Young (Allocation Failure) 626M->345M(648M) 1.320ms
[120.720s][info][gc,cpu         ] GC(291) User=0.00s Sys=0.00s Real=0.00s
[120.836s][info][metaspace      ] ChkMgr @0x00007fd83803f190 (non-class-space): failed to commit 157 words on chunk @0x00007fd7a06c5fe8, f, base 0x00007fd7d1ac0000, level lv10.
[120.836s][info][metaspace      ] Arena @0x00007fd83878e730 (non-class arena): failed to allocate new chunk for requested word size 157.
[120.836s][info][metaspace      ] Arena @0x00007fd83878e730 (non-class arena): allocation failed, returned null.
[120.836s][info][metaspace      ] ChkMgr @0x00007fd83803f190 (non-class-space): failed to commit 157 words on chunk @0x00007fd7a06c5fe8, f, base 0x00007fd7d1ac0000, level lv10.
[120.836s][info][metaspace      ] Arena @0x00007fd83878e730 (non-class arena): failed to allocate new chunk for requested word size 157.
[120.836s][info][metaspace      ] Arena @0x00007fd83878e730 (non-class arena): allocation failed, returned null.
[120.836s][info][metaspace      ] ChkMgr @0x00007fd83803f190 (non-class-space): failed to commit 157 words on chunk @0x00007fd7a06c5fe8, f, base 0x00007fd7d1ac0000, level lv10.
[120.836s][info][metaspace      ] Arena @0x00007fd83878e730 (non-class arena): failed to allocate new chunk for requested word size 157.
[120.836s][info][metaspace      ] Arena @0x00007fd83878e730 (non-class arena): allocation failed, returned null.
[120.837s][info][gc,start       ] GC(292) Pause Full (Metadata GC Threshold)
[120.837s][info][gc,phases,start] GC(292) Marking Phase
[120.883s][info][gc,phases      ] GC(292) Marking Phase 46.760ms
[120.883s][info][gc,phases,start] GC(292) Summary Phase
[120.883s][info][gc,phases      ] GC(292) Summary Phase 0.017ms
[120.883s][info][gc,phases,start] GC(292) Forward
[120.885s][info][gc,phases      ] GC(292) Forward 1.465ms
[120.885s][info][gc,phases,start] GC(292) Adjust Pointers
[120.907s][info][gc,phases      ] GC(292) Adjust Pointers 22.345ms
[120.907s][info][gc,phases,start] GC(292) Compaction Phase
[120.914s][info][gc,phases      ] GC(292) Compaction Phase 6.475ms
[120.914s][info][gc,phases,start] GC(292) Post Compact
[120.920s][info][metaspace      ] ChkMgr @0x00007fd83803f190 (non-class-space): : reclaiming memory...
[120.920s][info][metaspace      ] ChkMgr @0x00007fd83803f190 (non-class-space): nothing reclaimed.
[120.920s][info][metaspace      ] ChkMgr @0x00007fd83803efa0 (class-space): : reclaiming memory...
[120.920s][info][metaspace      ] ChkMgr @0x00007fd83803efa0 (class-space): nothing reclaimed.
[120.921s][info][gc,phases      ] GC(292) Post Compact 6.914ms
[120.921s][info][gc,heap        ] GC(292) PSYoungGen: 149643K(309248K)->0K(309248K) Eden: 149611K(287744K)->0K(287744K) From: 32K(21504K)->0K(21504K)
[120.921s][info][gc,heap        ] GC(292) ParOldGen: 354027K(354304K)->40495K(354304K)
[120.921s][info][gc,metaspace   ] GC(292) Metaspace: 35131K(35840K)->35097K(35840K) NonClass: 25939K(26432K)->25909K(26432K) Class: 9192K(9408K)->9188K(9408K)
[120.921s][info][gc             ] GC(292) Pause Full (Metadata GC Threshold) 491M->39M(648M) 84.223ms
[120.921s][info][gc,cpu         ] GC(292) User=0.11s Sys=0.00s Real=0.09s
[121.197s][info][gc,start       ] GC(293) Pause Young (Allocation Failure)
[121.197s][info][gc,heap        ] GC(293) PSYoungGen: 287744K(309248K)->64K(309760K) Eden: 287744K(287744K)->0K(291840K) From: 0K(21504K)->64K(17920K)
[121.197s][info][gc,heap        ] GC(293) ParOldGen: 40495K(354304K)->40495K(354304K)
[121.197s][info][gc,metaspace   ] GC(293) Metaspace: 35104K(35840K)->35104K(35840K) NonClass: 25916K(26432K)->25916K(26432K) Class: 9188K(9408K)->9188K(9408K)
[121.197s][info][gc             ] GC(293) Pause Young (Allocation Failure) 320M->39M(648M) 0.745ms
[121.197s][info][gc,cpu         ] GC(293) User=0.00s Sys=0.00s Real=0.01s
[121.251s][info][gc,start       ] GC(294) Pause Young (Allocation Failure)
[121.252s][info][gc,heap        ] GC(294) PSYoungGen: 291904K(309760K)->64K(311296K) Eden: 291840K(291840K)->0K(291840K) From: 64K(17920K)->64K(19456K)
[121.252s][info][gc,heap        ] GC(294) ParOldGen: 40495K(354304K)->40511K(354304K)
[121.252s][info][gc,metaspace   ] GC(294) Metaspace: 35104K(35840K)->35104K(35840K) NonClass: 25916K(26432K)->25916K(26432K) Class: 9188K(9408K)->9188K(9408K)
[121.252s][info][gc             ] GC(294) Pause Young (Allocation Failure) 324M->39M(650M) 0.574ms
[121.252s][info][gc,cpu         ] GC(294) User=0.00s Sys=0.00s Real=0.00s
[121.356s][info][gc,start       ] GC(295) Pause Young (Allocation Failure)
[121.357s][info][gc,heap        ] GC(295) PSYoungGen: 291904K(311296K)->64K(311808K) Eden: 291840K(291840K)->0K(295936K) From: 64K(19456K)->64K(15872K)
[121.357s][info][gc,heap        ] GC(295) ParOldGen: 40511K(354304K)->40511K(354304K)
[121.357s][info][gc,metaspace   ] GC(295) Metaspace: 35104K(35840K)->35104K(35840K) NonClass: 25916K(26432K)->25916K(26432K) Class: 9188K(9408K)->9188K(9408K)
[121.357s][info][gc             ] GC(295) Pause Young (Allocation Failure) 324M->39M(650M) 0.486ms
[121.357s][info][gc,cpu         ] GC(295) User=0.00s Sys=0.00s Real=0.00s
[121.603s][info][gc,start       ] GC(296) Pause Young (Allocation Failure)
[121.604s][info][gc,heap        ] GC(296) PSYoungGen: 296000K(311808K)->64K(284672K) Eden: 295936K(295936K)->0K(284160K) From: 64K(15872K)->64K(512K)
[121.604s][info][gc,heap        ] GC(296) ParOldGen: 40511K(354304K)->40527K(354304K)
[121.604s][info][gc,metaspace   ] GC(296) Metaspace: 35104K(35840K)->35104K(35840K) NonClass: 25916K(26432K)->25916K(26432K) Class: 9188K(9408K)->9188K(9408K)
[121.604s][info][gc             ] GC(296) Pause Young (Allocation Failure) 328M->39M(624M) 1.360ms
[121.604s][info][gc,cpu         ] GC(296) User=0.00s Sys=0.00s Real=0.00s
[121.777s][info][gc,start       ] GC(297) Pause Young (Allocation Failure)
[121.777s][info][gc,heap        ] GC(297) PSYoungGen: 284224K(284672K)->64K(275968K) Eden: 284160K(284160K)->0K(272896K) From: 64K(512K)->64K(3072K)
[121.777s][info][gc,heap        ] GC(297) ParOldGen: 40527K(354304K)->40527K(354304K)
[121.778s][info][gc,metaspace   ] GC(297) Metaspace: 35104K(35840K)->35104K(35840K) NonClass: 25916K(26432K)->25916K(26432K) Class: 9188K(9408K)->9188K(9408K)
[121.778s][info][gc             ] GC(297) Pause Young (Allocation Failure) 317M->39M(615M) 0.737ms
[121.778s][info][gc,cpu         ] GC(297) User=0.00s Sys=0.00s Real=0.01s
[121.851s][info][gc,start       ] GC(298) Pause Young (Allocation Failure)
[121.851s][info][gc,heap        ] GC(298) PSYoungGen: 272960K(275968K)->64K(262656K) Eden: 272896K(272896K)->0K(262144K) From: 64K(3072K)->64K(512K)
[121.851s][info][gc,heap        ] GC(298) ParOldGen: 40527K(354304K)->40543K(354304K)
[121.851s][info][gc,metaspace   ] GC(298) Metaspace: 35104K(35840K)->35104K(35840K) NonClass: 25916K(26432K)->25916K(26432K) Class: 9188K(9408K)->9188K(9408K)
[121.851s][info][gc             ] GC(298) Pause Young (Allocation Failure) 306M->39M(602M) 0.466ms
[121.851s][info][gc,cpu         ] GC(298) User=0.00s Sys=0.00s Real=0.00s
[121.973s][info][gc,start       ] GC(299) Pause Young (Allocation Failure)
[121.974s][info][gc,heap        ] GC(299) PSYoungGen: 262208K(262656K)->64K(252416K) Eden: 262144K(262144K)->0K(251904K) From: 64K(512K)->64K(512K)
[121.974s][info][gc,heap        ] GC(299) ParOldGen: 40543K(354304K)->40543K(354304K)
[121.974s][info][gc,metaspace   ] GC(299) Metaspace: 35104K(35840K)->35104K(35840K) NonClass: 25916K(26432K)->25916K(26432K) Class: 9188K(9408K)->9188K(9408K)
[121.974s][info][gc             ] GC(299) Pause Young (Allocation Failure) 295M->39M(592M) 1.093ms
[121.974s][info][gc,cpu         ] GC(299) User=0.00s Sys=0.00s Real=0.00s
[122.320s][info][gc,start       ] GC(300) Pause Young (Allocation Failure)
[122.320s][info][gc,heap        ] GC(300) PSYoungGen: 251968K(252416K)->64K(256000K) Eden: 251904K(251904K)->0K(242176K) From: 64K(512K)->64K(13824K)
[122.320s][info][gc,heap        ] GC(300) ParOldGen: 40543K(354304K)->40551K(354304K)
[122.320s][info][gc,metaspace   ] GC(300) Metaspace: 35104K(35840K)->35104K(35840K) NonClass: 25916K(26432K)->25916K(26432K) Class: 9188K(9408K)->9188K(9408K)
[122.320s][info][gc             ] GC(300) Pause Young (Allocation Failure) 285M->39M(596M) 0.568ms
[122.320s][info][gc,cpu         ] GC(300) User=0.01s Sys=0.00s Real=0.00s
[122.952s][info][gc,start       ] GC(301) Pause Young (Allocation Failure)
[122.953s][info][gc,heap        ] GC(301) PSYoungGen: 242240K(256000K)->64K(233472K) Eden: 242176K(242176K)->0K(232960K) From: 64K(13824K)->64K(512K)
[122.953s][info][gc,heap        ] GC(301) ParOldGen: 40551K(354304K)->40559K(354304K)
[122.953s][info][gc,metaspace   ] GC(301) Metaspace: 35104K(35840K)->35104K(35840K) NonClass: 25916K(26432K)->25916K(26432K) Class: 9188K(9408K)->9188K(9408K)
[122.953s][info][gc             ] GC(301) Pause Young (Allocation Failure) 276M->39M(574M) 1.530ms
[122.953s][info][gc,cpu         ] GC(301) User=0.01s Sys=0.00s Real=0.00s
[123.810s][info][gc,start       ] GC(302) Pause Young (Allocation Failure)
[123.811s][info][gc,heap        ] GC(302) PSYoungGen: 233024K(233472K)->64K(236544K) Eden: 232960K(232960K)->0K(224256K) From: 64K(512K)->64K(12288K)
[123.811s][info][gc,heap        ] GC(302) ParOldGen: 40559K(354304K)->40567K(354304K)
[123.811s][info][gc,metaspace   ] GC(302) Metaspace: 35104K(35840K)->35104K(35840K) NonClass: 25916K(26432K)->25916K(26432K) Class: 9188K(9408K)->9188K(9408K)
[123.811s][info][gc             ] GC(302) Pause Young (Allocation Failure) 267M->39M(577M) 0.461ms
[123.811s][info][gc,cpu         ] GC(302) User=0.00s Sys=0.00s Real=0.00s
[124.128s][info][gc,start       ] GC(303) Pause Young (Allocation Failure)
[124.129s][info][gc,heap        ] GC(303) PSYoungGen: 224320K(236544K)->64K(216576K) Eden: 224256K(224256K)->0K(216064K) From: 64K(12288K)->64K(512K)
[124.129s][info][gc,heap        ] GC(303) ParOldGen: 40567K(354304K)->40575K(354304K)
[124.129s][info][gc,metaspace   ] GC(303) Metaspace: 35104K(35840K)->35104K(35840K) NonClass: 25916K(26432K)->25916K(26432K) Class: 9188K(9408K)->9188K(9408K)
[124.129s][info][gc             ] GC(303) Pause Young (Allocation Failure) 258M->39M(557M) 1.246ms
[124.129s][info][gc,cpu         ] GC(303) User=0.01s Sys=0.00s Real=0.00s
[124.465s][info][gc,start       ] GC(304) Pause Young (Allocation Failure)
[124.465s][info][gc,heap        ] GC(304) PSYoungGen: 216128K(216576K)->64K(218624K) Eden: 216064K(216064K)->0K(207872K) From: 64K(512K)->64K(10752K)
[124.465s][info][gc,heap        ] GC(304) ParOldGen: 40575K(354304K)->40583K(354304K)
[124.465s][info][gc,metaspace   ] GC(304) Metaspace: 35104K(35840K)->35104K(35840K) NonClass: 25916K(26432K)->25916K(26432K) Class: 9188K(9408K)->9188K(9408K)
[124.465s][info][gc             ] GC(304) Pause Young (Allocation Failure) 250M->39M(559M) 0.494ms
[124.465s][info][gc,cpu         ] GC(304) User=0.00s Sys=0.00s Real=0.00s
[125.343s][info][gc,start       ] GC(305) Pause Young (Allocation Failure)
[125.345s][info][gc,heap        ] GC(305) PSYoungGen: 207936K(218624K)->64K(200704K) Eden: 207872K(207872K)->0K(200192K) From: 64K(10752K)->64K(512K)
[125.345s][info][gc,heap        ] GC(305) ParOldGen: 40583K(354304K)->40591K(354304K)
[125.345s][info][gc,metaspace   ] GC(305) Metaspace: 35104K(35840K)->35104K(35840K) NonClass: 25916K(26432K)->25916K(26432K) Class: 9188K(9408K)->9188K(9408K)
[125.345s][info][gc             ] GC(305) Pause Young (Allocation Failure) 242M->39M(542M) 1.335ms
[125.345s][info][gc,cpu         ] GC(305) User=0.01s Sys=0.00s Real=0.00s
[125.642s][info][gc,start       ] GC(306) Pause Young (Allocation Failure)
[125.642s][info][gc,heap        ] GC(306) PSYoungGen: 200256K(200704K)->64K(202240K) Eden: 200192K(200192K)->0K(193024K) From: 64K(512K)->64K(9216K)
[125.642s][info][gc,heap        ] GC(306) ParOldGen: 40591K(354304K)->40599K(354304K)
[125.642s][info][gc,metaspace   ] GC(306) Metaspace: 35104K(35840K)->35104K(35840K) NonClass: 25916K(26432K)->25916K(26432K) Class: 9188K(9408K)->9188K(9408K)
[125.642s][info][gc             ] GC(306) Pause Young (Allocation Failure) 235M->39M(543M) 0.814ms
[125.642s][info][gc,cpu         ] GC(306) User=0.00s Sys=0.00s Real=0.00s
[125.780s][info][gc,start       ] GC(307) Pause Young (Allocation Failure)
[125.781s][info][gc,heap        ] GC(307) PSYoungGen: 193088K(202240K)->64K(186368K) Eden: 193024K(193024K)->0K(185856K) From: 64K(9216K)->64K(512K)
[125.781s][info][gc,heap        ] GC(307) ParOldGen: 40599K(354304K)->40615K(354304K)
[125.781s][info][gc,metaspace   ] GC(307) Metaspace: 35104K(35840K)->35104K(35840K) NonClass: 25916K(26432K)->25916K(26432K) Class: 9188K(9408K)->9188K(9408K)
[125.781s][info][gc             ] GC(307) Pause Young (Allocation Failure) 228M->39M(528M) 1.506ms
[125.781s][info][gc,cpu         ] GC(307) User=0.00s Sys=0.00s Real=0.00s
[125.835s][info][gc,start       ] GC(308) Pause Young (Allocation Failure)
[125.836s][info][gc,heap        ] GC(308) PSYoungGen: 185920K(186368K)->64K(186880K) Eden: 185856K(185856K)->0K(179200K) From: 64K(512K)->64K(7680K)
[125.836s][info][gc,heap        ] GC(308) ParOldGen: 40615K(354304K)->40623K(354304K)
[125.836s][info][gc,metaspace   ] GC(308) Metaspace: 35104K(35840K)->35104K(35840K) NonClass: 25916K(26432K)->25916K(26432K) Class: 9188K(9408K)->9188K(9408K)
[125.836s][info][gc             ] GC(308) Pause Young (Allocation Failure) 221M->39M(528M) 0.641ms
[125.836s][info][gc,cpu         ] GC(308) User=0.00s Sys=0.00s Real=0.00s
[126.178s][info][gc,start       ] GC(309) Pause Young (Allocation Failure)
[126.179s][info][gc,heap        ] GC(309) PSYoungGen: 179264K(186880K)->64K(173568K) Eden: 179200K(179200K)->0K(173056K) From: 64K(7680K)->64K(512K)
[126.179s][info][gc,heap        ] GC(309) ParOldGen: 40623K(354304K)->40631K(354304K)
[126.179s][info][gc,metaspace   ] GC(309) Metaspace: 35104K(35840K)->35104K(35840K) NonClass: 25916K(26432K)->25916K(26432K) Class: 9188K(9408K)->9188K(9408K)
[126.179s][info][gc             ] GC(309) Pause Young (Allocation Failure) 214M->39M(515M) 1.158ms
[126.179s][info][gc,cpu         ] GC(309) User=0.00s Sys=0.00s Real=0.00s
[126.501s][info][gc,start       ] GC(310) Pause Young (Allocation Failure)
[126.501s][info][gc,heap        ] GC(310) PSYoungGen: 173120K(173568K)->64K(173568K) Eden: 173056K(173056K)->0K(166912K) From: 64K(512K)->64K(6656K)
[126.501s][info][gc,heap        ] GC(310) ParOldGen: 40631K(354304K)->40639K(354304K)
[126.501s][info][gc,metaspace   ] GC(310) Metaspace: 35104K(35840K)->35104K(35840K) NonClass: 25916K(26432K)->25916K(26432K) Class: 9188K(9408K)->9188K(9408K)
[126.501s][info][gc             ] GC(310) Pause Young (Allocation Failure) 208M->39M(515M) 0.757ms
[126.501s][info][gc,cpu         ] GC(310) User=0.00s Sys=0.00s Real=0.00s
[126.703s][info][gc,start       ] GC(311) Pause Young (Allocation Failure)
[126.704s][info][gc,heap        ] GC(311) PSYoungGen: 166974K(173568K)->64K(161792K) Eden: 166910K(166912K)->0K(161280K) From: 64K(6656K)->64K(512K)
[126.704s][info][gc,heap        ] GC(311) ParOldGen: 40639K(354304K)->40647K(354304K)
[126.704s][info][gc,metaspace   ] GC(311) Metaspace: 35104K(35840K)->35104K(35840K) NonClass: 25916K(26432K)->25916K(26432K) Class: 9188K(9408K)->9188K(9408K)
[126.704s][info][gc             ] GC(311) Pause Young (Allocation Failure) 202M->39M(504M) 1.508ms
[126.704s][info][gc,cpu         ] GC(311) User=0.00s Sys=0.00s Real=0.00s
[126.949s][info][gc,start       ] GC(312) Pause Young (Allocation Failure)
[126.964s][info][gc,heap        ] GC(312) PSYoungGen: 161344K(161792K)->6144K(199680K) Eden: 161280K(161280K)->0K(193536K) From: 64K(512K)->6144K(6144K)
[126.964s][info][gc,heap        ] GC(312) ParOldGen: 40647K(354304K)->43455K(354304K)
[126.964s][info][gc,metaspace   ] GC(312) Metaspace: 35104K(35840K)->35104K(35840K) NonClass: 25916K(26432K)->25916K(26432K) Class: 9188K(9408K)->9188K(9408K)
[126.964s][info][gc             ] GC(312) Pause Young (Allocation Failure) 197M->48M(541M) 14.588ms
[126.964s][info][gc,cpu         ] GC(312) User=0.03s Sys=0.00s Real=0.01s
[127.186s][info][gc,start       ] GC(313) Pause Young (Allocation Failure)
[127.235s][info][gc,heap        ] GC(313) PSYoungGen: 199680K(199680K)->6144K(218624K) Eden: 193536K(193536K)->0K(212480K) From: 6144K(6144K)->6144K(6144K)
[127.235s][info][gc,heap        ] GC(313) ParOldGen: 43455K(354304K)->59175K(354304K)
[127.235s][info][gc,metaspace   ] GC(313) Metaspace: 35104K(35840K)->35104K(35840K) NonClass: 25916K(26432K)->25916K(26432K) Class: 9188K(9408K)->9188K(9408K)
[127.235s][info][gc             ] GC(313) Pause Young (Allocation Failure) 237M->63M(559M) 48.669ms
[127.235s][info][gc,cpu         ] GC(313) User=0.07s Sys=0.00s Real=0.05s
[127.479s][info][gc,start       ] GC(314) Pause Young (Allocation Failure)
[127.518s][info][gc,heap        ] GC(314) PSYoungGen: 218624K(218624K)->15360K(227840K) Eden: 212480K(212480K)->0K(212480K) From: 6144K(6144K)->15360K(15360K)
[127.518s][info][gc,heap        ] GC(314) ParOldGen: 59175K(354304K)->68135K(354304K)
[127.518s][info][gc,metaspace   ] GC(314) Metaspace: 35104K(35840K)->35104K(35840K) NonClass: 25916K(26432K)->25916K(26432K) Class: 9188K(9408K)->9188K(9408K)
[127.518s][info][gc             ] GC(314) Pause Young (Allocation Failure) 271M->81M(568M) 39.809ms
[127.518s][info][gc,cpu         ] GC(314) User=0.08s Sys=0.00s Real=0.04s
[127.635s][info][gc,start       ] GC(315) Pause Young (Allocation Failure)
[127.653s][info][gc,heap        ] GC(315) PSYoungGen: 227840K(227840K)->8032K(275968K) Eden: 212480K(212480K)->0K(254976K) From: 15360K(15360K)->8032K(20992K)
[127.653s][info][gc,heap        ] GC(315) ParOldGen: 68135K(354304K)->68375K(354304K)
[127.653s][info][gc,metaspace   ] GC(315) Metaspace: 35104K(35840K)->35104K(35840K) NonClass: 25916K(26432K)->25916K(26432K) Class: 9188K(9408K)->9188K(9408K)
[127.653s][info][gc             ] GC(315) Pause Young (Allocation Failure) 289M->74M(615M) 17.964ms
[127.653s][info][gc,cpu         ] GC(315) User=0.03s Sys=0.01s Real=0.02s
[127.926s][info][gc,start       ] GC(316) Pause Young (Allocation Failure)
[127.927s][info][gc,heap        ] GC(316) PSYoungGen: 263008K(275968K)->64K(276480K) Eden: 254976K(254976K)->0K(254976K) From: 8032K(20992K)->64K(21504K)
[127.927s][info][gc,heap        ] GC(316) ParOldGen: 68375K(354304K)->68383K(354304K)
[127.927s][info][gc,metaspace   ] GC(316) Metaspace: 35104K(35840K)->35104K(35840K) NonClass: 25916K(26432K)->25916K(26432K) Class: 9188K(9408K)->9188K(9408K)
[127.927s][info][gc             ] GC(316) Pause Young (Allocation Failure) 323M->66M(616M) 0.753ms
[127.927s][info][gc,cpu         ] GC(316) User=0.00s Sys=0.00s Real=0.01s
[128.538s][info][gc,start       ] GC(317) Pause Young (Allocation Failure)
[128.538s][info][gc,heap        ] GC(317) PSYoungGen: 255040K(276480K)->64K(311808K) Eden: 254976K(254976K)->0K(291840K) From: 64K(21504K)->64K(19968K)
[128.538s][info][gc,heap        ] GC(317) ParOldGen: 68383K(354304K)->68391K(354304K)
[128.538s][info][gc,metaspace   ] GC(317) Metaspace: 35104K(35840K)->35104K(35840K) NonClass: 25916K(26432K)->25916K(26432K) Class: 9188K(9408K)->9188K(9408K)
[128.538s][info][gc             ] GC(317) Pause Young (Allocation Failure) 315M->66M(650M) 0.737ms
[128.538s][info][gc,cpu         ] GC(317) User=0.00s Sys=0.00s Real=0.00s
[129.041s][info][gc,start       ] GC(318) Pause Young (Allocation Failure)
[129.042s][info][gc,heap        ] GC(318) PSYoungGen: 291904K(311808K)->64K(311808K) Eden: 291840K(291840K)->0K(291840K) From: 64K(19968K)->64K(19968K)
[129.042s][info][gc,heap        ] GC(318) ParOldGen: 68391K(354304K)->68407K(354304K)
[129.042s][info][gc,metaspace   ] GC(318) Metaspace: 35104K(35840K)->35104K(35840K) NonClass: 25916K(26432K)->25916K(26432K) Class: 9188K(9408K)->9188K(9408K)
[129.042s][info][gc             ] GC(318) Pause Young (Allocation Failure) 351M->66M(650M) 0.812ms
[129.042s][info][gc,cpu         ] GC(318) User=0.00s Sys=0.00s Real=0.00s
[129.268s][info][gc,start       ] GC(319) Pause Young (Allocation Failure)
[129.269s][info][gc,heap        ] GC(319) PSYoungGen: 291904K(311808K)->64K(312320K) Eden: 291840K(291840K)->0K(294400K) From: 64K(19968K)->64K(17920K)
[129.269s][info][gc,heap        ] GC(319) ParOldGen: 68407K(354304K)->68423K(354304K)
[129.269s][info][gc,metaspace   ] GC(319) Metaspace: 35104K(35840K)->35104K(35840K) NonClass: 25916K(26432K)->25916K(26432K) Class: 9188K(9408K)->9188K(9408K)
[129.269s][info][gc             ] GC(319) Pause Young (Allocation Failure) 351M->66M(651M) 0.731ms
[129.269s][info][gc,cpu         ] GC(319) User=0.00s Sys=0.00s Real=0.00s
[129.497s][info][gc,start       ] GC(320) Pause Young (Allocation Failure)
[129.498s][info][gc,heap        ] GC(320) PSYoungGen: 294464K(312320K)->64K(312832K) Eden: 294400K(294400K)->0K(294400K) From: 64K(17920K)->64K(18432K)
[129.498s][info][gc,heap        ] GC(320) ParOldGen: 68423K(354304K)->68423K(354304K)
[129.498s][info][gc,metaspace   ] GC(320) Metaspace: 35104K(35840K)->35104K(35840K) NonClass: 25916K(26432K)->25916K(26432K) Class: 9188K(9408K)->9188K(9408K)
[129.498s][info][gc             ] GC(320) Pause Young (Allocation Failure) 354M->66M(651M) 0.670ms
[129.498s][info][gc,cpu         ] GC(320) User=0.00s Sys=0.00s Real=0.00s
[129.827s][info][gc,start       ] GC(321) Pause Young (Allocation Failure)
[129.828s][info][gc,heap        ] GC(321) PSYoungGen: 294464K(312832K)->64K(313344K) Eden: 294400K(294400K)->0K(297472K) From: 64K(18432K)->64K(15872K)
[129.828s][info][gc,heap        ] GC(321) ParOldGen: 68423K(354304K)->68423K(354304K)
[129.828s][info][gc,metaspace   ] GC(321) Metaspace: 35104K(35840K)->35104K(35840K) NonClass: 25916K(26432K)->25916K(26432K) Class: 9188K(9408K)->9188K(9408K)
[129.828s][info][gc             ] GC(321) Pause Young (Allocation Failure) 354M->66M(652M) 0.992ms
[129.828s][info][gc,cpu         ] GC(321) User=0.00s Sys=0.00s Real=0.01s
[129.880s][info][gc,start       ] GC(322) Pause Young (Allocation Failure)
[129.881s][info][gc,heap        ] GC(322) PSYoungGen: 297536K(313344K)->64K(314368K) Eden: 297472K(297472K)->0K(297472K) From: 64K(15872K)->64K(16896K)
[129.882s][info][gc,heap        ] GC(322) ParOldGen: 68423K(354304K)->68439K(354304K)
[129.882s][info][gc,metaspace   ] GC(322) Metaspace: 35104K(35840K)->35104K(35840K) NonClass: 25916K(26432K)->25916K(26432K) Class: 9188K(9408K)->9188K(9408K)
[129.882s][info][gc             ] GC(322) Pause Young (Allocation Failure) 357M->66M(653M) 1.157ms
[129.882s][info][gc,cpu         ] GC(322) User=0.00s Sys=0.00s Real=0.00s
[129.937s][info][gc,start       ] GC(323) Pause Young (Allocation Failure)
[129.938s][info][gc,heap        ] GC(323) PSYoungGen: 297536K(314368K)->64K(315904K) Eden: 297472K(297472K)->0K(301056K) From: 64K(16896K)->64K(14848K)
[129.938s][info][gc,heap        ] GC(323) ParOldGen: 68439K(354304K)->68439K(354304K)
[129.938s][info][gc,metaspace   ] GC(323) Metaspace: 35104K(35840K)->35104K(35840K) NonClass: 25916K(26432K)->25916K(26432K) Class: 9188K(9408K)->9188K(9408K)
[129.938s][info][gc             ] GC(323) Pause Young (Allocation Failure) 357M->66M(654M) 0.970ms
[129.938s][info][gc,cpu         ] GC(323) User=0.00s Sys=0.00s Real=0.00s
[130.190s][info][gc,start       ] GC(324) Pause Young (Allocation Failure)
[130.191s][info][gc,heap        ] GC(324) PSYoungGen: 301120K(315904K)->32K(316416K) Eden: 301056K(301056K)->0K(301056K) From: 64K(14848K)->32K(15360K)
[130.191s][info][gc,heap        ] GC(324) ParOldGen: 68439K(354304K)->68455K(354304K)
[130.191s][info][gc,metaspace   ] GC(324) Metaspace: 35104K(35840K)->35104K(35840K) NonClass: 25916K(26432K)->25916K(26432K) Class: 9188K(9408K)->9188K(9408K)
[130.191s][info][gc             ] GC(324) Pause Young (Allocation Failure) 360M->66M(655M) 1.002ms
[130.191s][info][gc,cpu         ] GC(324) User=0.00s Sys=0.00s Real=0.00s
[130.406s][info][gc,start       ] GC(325) Pause Young (Allocation Failure)
[130.407s][info][gc,heap        ] GC(325) PSYoungGen: 301088K(316416K)->64K(317952K) Eden: 301056K(301056K)->0K(304128K) From: 32K(15360K)->64K(13824K)
[130.407s][info][gc,heap        ] GC(325) ParOldGen: 68455K(354304K)->68455K(354304K)
[130.407s][info][gc,metaspace   ] GC(325) Metaspace: 35104K(35840K)->35104K(35840K) NonClass: 25916K(26432K)->25916K(26432K) Class: 9188K(9408K)->9188K(9408K)
[130.407s][info][gc             ] GC(325) Pause Young (Allocation Failure) 360M->66M(656M) 1.000ms
[130.407s][info][gc,cpu         ] GC(325) User=0.00s Sys=0.00s Real=0.01s
[130.492s][info][gc,start       ] GC(326) Pause Young (Allocation Failure)
[130.493s][info][gc,heap        ] GC(326) PSYoungGen: 304192K(317952K)->32K(317952K) Eden: 304128K(304128K)->0K(304128K) From: 64K(13824K)->32K(13824K)
[130.493s][info][gc,heap        ] GC(326) ParOldGen: 68455K(354304K)->68471K(354304K)
[130.493s][info][gc,metaspace   ] GC(326) Metaspace: 35104K(35840K)->35104K(35840K) NonClass: 25916K(26432K)->25916K(26432K) Class: 9188K(9408K)->9188K(9408K)
[130.493s][info][gc             ] GC(326) Pause Young (Allocation Failure) 363M->66M(656M) 1.021ms
[130.493s][info][gc,cpu         ] GC(326) User=0.00s Sys=0.00s Real=0.00s
[130.633s][info][gc,start       ] GC(327) Pause Young (Allocation Failure)
[130.634s][info][gc,heap        ] GC(327) PSYoungGen: 304160K(317952K)->64K(292352K) Eden: 304128K(304128K)->0K(291840K) From: 32K(13824K)->64K(512K)
[130.634s][info][gc,heap        ] GC(327) ParOldGen: 68471K(354304K)->68471K(354304K)
[130.634s][info][gc,metaspace   ] GC(327) Metaspace: 35104K(35840K)->35104K(35840K) NonClass: 25916K(26432K)->25916K(26432K) Class: 9188K(9408K)->9188K(9408K)
[130.634s][info][gc             ] GC(327) Pause Young (Allocation Failure) 363M->66M(631M) 0.984ms
[130.634s][info][gc,cpu         ] GC(327) User=0.00s Sys=0.00s Real=0.00s
[131.201s][info][gc,start       ] GC(328) Pause Young (Allocation Failure)
[131.201s][info][gc,heap        ] GC(328) PSYoungGen: 291904K(292352K)->64K(292352K) Eden: 291840K(291840K)->0K(280064K) From: 64K(512K)->64K(12288K)
[131.201s][info][gc,heap        ] GC(328) ParOldGen: 68471K(354304K)->68487K(354304K)
[131.201s][info][gc,metaspace   ] GC(328) Metaspace: 35104K(35840K)->35104K(35840K) NonClass: 25916K(26432K)->25916K(26432K) Class: 9188K(9408K)->9188K(9408K)
[131.202s][info][gc             ] GC(328) Pause Young (Allocation Failure) 351M->66M(631M) 0.929ms
[131.202s][info][gc,cpu         ] GC(328) User=0.00s Sys=0.00s Real=0.00s
[132.159s][info][gc,start       ] GC(329) Pause Young (Allocation Failure)
[132.160s][info][gc,heap        ] GC(329) PSYoungGen: 280128K(292352K)->64K(269312K) Eden: 280064K(280064K)->0K(268800K) From: 64K(12288K)->64K(512K)
[132.160s][info][gc,heap        ] GC(329) ParOldGen: 68487K(354304K)->68503K(354304K)
[132.160s][info][gc,metaspace   ] GC(329) Metaspace: 35104K(35840K)->35104K(35840K) NonClass: 25916K(26432K)->25916K(26432K) Class: 9188K(9408K)->9188K(9408K)
[132.160s][info][gc             ] GC(329) Pause Young (Allocation Failure) 340M->66M(609M) 1.131ms
[132.160s][info][gc,cpu         ] GC(329) User=0.00s Sys=0.00s Real=0.00s
[132.561s][info][gc,start       ] GC(330) Pause Young (Allocation Failure)
[132.562s][info][gc,heap        ] GC(330) PSYoungGen: 268864K(269312K)->64K(268800K) Eden: 268800K(268800K)->0K(258048K) From: 64K(512K)->64K(10752K)
[132.562s][info][gc,heap        ] GC(330) ParOldGen: 68503K(354304K)->68511K(354304K)
[132.562s][info][gc,metaspace   ] GC(330) Metaspace: 35104K(35840K)->35104K(35840K) NonClass: 25916K(26432K)->25916K(26432K) Class: 9188K(9408K)->9188K(9408K)
[132.562s][info][gc             ] GC(330) Pause Young (Allocation Failure) 329M->66M(608M) 0.952ms
[132.562s][info][gc,cpu         ] GC(330) User=0.00s Sys=0.00s Real=0.00s
[133.045s][info][gc,start       ] GC(331) Pause Young (Allocation Failure)
[133.047s][info][gc,heap        ] GC(331) PSYoungGen: 258112K(268800K)->64K(248320K) Eden: 258048K(258048K)->0K(247808K) From: 64K(10752K)->64K(512K)
[133.047s][info][gc,heap        ] GC(331) ParOldGen: 68511K(354304K)->68519K(354304K)
[133.047s][info][gc,metaspace   ] GC(331) Metaspace: 35104K(35840K)->35104K(35840K) NonClass: 25916K(26432K)->25916K(26432K) Class: 9188K(9408K)->9188K(9408K)
[133.047s][info][gc             ] GC(331) Pause Young (Allocation Failure) 318M->66M(588M) 1.461ms
[133.047s][info][gc,cpu         ] GC(331) User=0.00s Sys=0.00s Real=0.00s
[133.972s][info][gc,start       ] GC(332) Pause Young (Allocation Failure)
[133.973s][info][gc,heap        ] GC(332) PSYoungGen: 247872K(248320K)->64K(247296K) Eden: 247808K(247808K)->0K(238080K) From: 64K(512K)->64K(9216K)
[133.973s][info][gc,heap        ] GC(332) ParOldGen: 68519K(354304K)->68535K(354304K)
[133.973s][info][gc,metaspace   ] GC(332) Metaspace: 35104K(35840K)->35104K(35840K) NonClass: 25916K(26432K)->25916K(26432K) Class: 9188K(9408K)->9188K(9408K)
[133.973s][info][gc             ] GC(332) Pause Young (Allocation Failure) 308M->66M(587M) 1.180ms
[133.973s][info][gc,cpu         ] GC(332) User=0.00s Sys=0.00s Real=0.00s
[134.299s][info][gc,start       ] GC(333) Pause Young (Allocation Failure)
[134.301s][info][gc,heap        ] GC(333) PSYoungGen: 238144K(247296K)->64K(229376K) Eden: 238080K(238080K)->0K(228864K) From: 64K(9216K)->64K(512K)
[134.301s][info][gc,heap        ] GC(333) ParOldGen: 68535K(354304K)->68543K(354304K)
[134.301s][info][gc,metaspace   ] GC(333) Metaspace: 35104K(35840K)->35104K(35840K) NonClass: 25916K(26432K)->25916K(26432K) Class: 9188K(9408K)->9188K(9408K)
[134.301s][info][gc             ] GC(333) Pause Young (Allocation Failure) 299M->66M(570M) 1.788ms
[134.301s][info][gc,cpu         ] GC(333) User=0.00s Sys=0.00s Real=0.00s
[134.433s][info][gc,start       ] GC(334) Pause Young (Allocation Failure)
[134.434s][info][gc,heap        ] GC(334) PSYoungGen: 228928K(229376K)->64K(228352K) Eden: 228864K(228864K)->0K(220160K) From: 64K(512K)->64K(8192K)
[134.434s][info][gc,heap        ] GC(334) ParOldGen: 68543K(354304K)->68559K(354304K)
[134.434s][info][gc,metaspace   ] GC(334) Metaspace: 35104K(35840K)->35104K(35840K) NonClass: 25916K(26432K)->25916K(26432K) Class: 9188K(9408K)->9188K(9408K)
[134.434s][info][gc             ] GC(334) Pause Young (Allocation Failure) 290M->67M(569M) 0.811ms
[134.434s][info][gc,cpu         ] GC(334) User=0.00s Sys=0.00s Real=0.00s
[134.601s][info][gc,start       ] GC(335) Pause Young (Allocation Failure)
[134.602s][info][gc,heap        ] GC(335) PSYoungGen: 220224K(228352K)->64K(212480K) Eden: 220160K(220160K)->0K(211968K) From: 64K(8192K)->64K(512K)
[134.602s][info][gc,heap        ] GC(335) ParOldGen: 68559K(354304K)->68567K(354304K)
[134.602s][info][gc,metaspace   ] GC(335) Metaspace: 35104K(35840K)->35104K(35840K) NonClass: 25916K(26432K)->25916K(26432K) Class: 9188K(9408K)->9188K(9408K)
[134.602s][info][gc             ] GC(335) Pause Young (Allocation Failure) 282M->67M(553M) 1.464ms
[134.602s][info][gc,cpu         ] GC(335) User=0.00s Sys=0.01s Real=0.00s
[135.116s][info][gc,start       ] GC(336) Pause Young (Allocation Failure)
[135.117s][info][gc,heap        ] GC(336) PSYoungGen: 212032K(212480K)->64K(211456K) Eden: 211968K(211968K)->0K(204288K) From: 64K(512K)->64K(7168K)
[135.117s][info][gc,heap        ] GC(336) ParOldGen: 68567K(354304K)->68575K(354304K)
[135.117s][info][gc,metaspace   ] GC(336) Metaspace: 35104K(35840K)->35104K(35840K) NonClass: 25916K(26432K)->25916K(26432K) Class: 9188K(9408K)->9188K(9408K)
[135.117s][info][gc             ] GC(336) Pause Young (Allocation Failure) 274M->67M(552M) 1.285ms
[135.117s][info][gc,cpu         ] GC(336) User=0.00s Sys=0.00s Real=0.01s
[135.338s][info][gc,start       ] GC(337) Pause Young (Allocation Failure)
[135.340s][info][gc,heap        ] GC(337) PSYoungGen: 204352K(211456K)->64K(197120K) Eden: 204288K(204288K)->0K(196608K) From: 64K(7168K)->64K(512K)
[135.340s][info][gc,heap        ] GC(337) ParOldGen: 68575K(354304K)->68583K(354304K)
[135.340s][info][gc,metaspace   ] GC(337) Metaspace: 35104K(35840K)->35104K(35840K) NonClass: 25916K(26432K)->25916K(26432K) Class: 9188K(9408K)->9188K(9408K)
[135.340s][info][gc             ] GC(337) Pause Young (Allocation Failure) 266M->67M(538M) 1.618ms
[135.340s][info][gc,cpu         ] GC(337) User=0.01s Sys=0.00s Real=0.00s
[135.625s][info][gc,start       ] GC(338) Pause Young (Allocation Failure)
[135.644s][info][gc,heap        ] GC(338) PSYoungGen: 196672K(197120K)->6144K(242176K) Eden: 196608K(196608K)->0K(236032K) From: 64K(512K)->6144K(6144K)
[135.644s][info][gc,heap        ] GC(338) ParOldGen: 68583K(354304K)->75015K(354304K)
[135.644s][info][gc,metaspace   ] GC(338) Metaspace: 35104K(35840K)->35104K(35840K) NonClass: 25916K(26432K)->25916K(26432K) Class: 9188K(9408K)->9188K(9408K)
[135.644s][info][gc             ] GC(338) Pause Young (Allocation Failure) 259M->79M(582M) 19.129ms
[135.644s][info][gc,cpu         ] GC(338) User=0.04s Sys=0.00s Real=0.02s
[135.915s][info][gc,start       ] GC(339) Pause Young (Allocation Failure)
[135.956s][info][gc,heap        ] GC(339) PSYoungGen: 242176K(242176K)->6144K(259584K) Eden: 236032K(236032K)->0K(253440K) From: 6144K(6144K)->6144K(6144K)
[135.956s][info][gc,heap        ] GC(339) ParOldGen: 75015K(354304K)->95615K(354304K)
[135.956s][info][gc,metaspace   ] GC(339) Metaspace: 35104K(35840K)->35104K(35840K) NonClass: 25916K(26432K)->25916K(26432K) Class: 9188K(9408K)->9188K(9408K)
[135.956s][info][gc             ] GC(339) Pause Young (Allocation Failure) 309M->99M(599M) 40.763ms
[135.956s][info][gc,cpu         ] GC(339) User=0.08s Sys=0.00s Real=0.04s
[136.208s][info][gc,start       ] GC(340) Pause Young (Allocation Failure)
[136.246s][info][gc,heap        ] GC(340) PSYoungGen: 259584K(259584K)->18432K(271872K) Eden: 253440K(253440K)->0K(253440K) From: 6144K(6144K)->18432K(18432K)
[136.246s][info][gc,heap        ] GC(340) ParOldGen: 95615K(354304K)->101239K(354304K)
[136.246s][info][gc,metaspace   ] GC(340) Metaspace: 35104K(35840K)->35104K(35840K) NonClass: 25916K(26432K)->25916K(26432K) Class: 9188K(9408K)->9188K(9408K)
[136.246s][info][gc             ] GC(340) Pause Young (Allocation Failure) 346M->116M(611M) 38.502ms
[136.246s][info][gc,cpu         ] GC(340) User=0.08s Sys=0.00s Real=0.03s
[136.326s][info][gc,start       ] GC(341) Pause Young (Allocation Failure)
[136.329s][info][gc,heap        ] GC(341) PSYoungGen: 271872K(271872K)->64K(310272K) Eden: 253440K(253440K)->0K(285696K) From: 18432K(18432K)->64K(24576K)
[136.329s][info][gc,heap        ] GC(341) ParOldGen: 101239K(354304K)->101383K(354304K)
[136.329s][info][gc,metaspace   ] GC(341) Metaspace: 35104K(35840K)->35104K(35840K) NonClass: 25916K(26432K)->25916K(26432K) Class: 9188K(9408K)->9188K(9408K)
[136.329s][info][gc             ] GC(341) Pause Young (Allocation Failure) 364M->99M(649M) 2.222ms
[136.329s][info][gc,cpu         ] GC(341) User=0.01s Sys=0.00s Real=0.01s
[136.990s][info][gc,start       ] GC(342) Pause Young (Allocation Failure)
[136.991s][info][gc,heap        ] GC(342) PSYoungGen: 285760K(310272K)->64K(286208K) Eden: 285696K(285696K)->0K(285696K) From: 64K(24576K)->64K(512K)
[136.991s][info][gc,heap        ] GC(342) ParOldGen: 101383K(354304K)->101391K(354304K)
[136.991s][info][gc,metaspace   ] GC(342) Metaspace: 35104K(35840K)->35104K(35840K) NonClass: 25916K(26432K)->25916K(26432K) Class: 9188K(9408K)->9188K(9408K)
[136.991s][info][gc             ] GC(342) Pause Young (Allocation Failure) 378M->99M(625M) 0.824ms
[136.991s][info][gc,cpu         ] GC(342) User=0.00s Sys=0.00s Real=0.00s
[137.355s][info][gc,start       ] GC(343) Pause Young (Allocation Failure)
[137.356s][info][gc,heap        ] GC(343) PSYoungGen: 285760K(286208K)->64K(309760K) Eden: 285696K(285696K)->0K(286720K) From: 64K(512K)->64K(23040K)
[137.356s][info][gc,heap        ] GC(343) ParOldGen: 101391K(354304K)->101399K(354304K)
[137.356s][info][gc,metaspace   ] GC(343) Metaspace: 35104K(35840K)->35104K(35840K) NonClass: 25916K(26432K)->25916K(26432K) Class: 9188K(9408K)->9188K(9408K)
[137.356s][info][gc             ] GC(343) Pause Young (Allocation Failure) 378M->99M(648M) 0.817ms
[137.356s][info][gc,cpu         ] GC(343) User=0.00s Sys=0.00s Real=0.00s
[137.786s][info][gc,start       ] GC(344) Pause Young (Allocation Failure)
[137.787s][info][gc,heap        ] GC(344) PSYoungGen: 286784K(309760K)->64K(308736K) Eden: 286720K(286720K)->0K(286720K) From: 64K(23040K)->64K(22016K)
[137.787s][info][gc,heap        ] GC(344) ParOldGen: 101399K(354304K)->101415K(354304K)
[137.787s][info][gc,metaspace   ] GC(344) Metaspace: 35104K(35840K)->35104K(35840K) NonClass: 25916K(26432K)->25916K(26432K) Class: 9188K(9408K)->9188K(9408K)
[137.787s][info][gc             ] GC(344) Pause Young (Allocation Failure) 379M->99M(647M) 1.182ms
[137.787s][info][gc,cpu         ] GC(344) User=0.00s Sys=0.00s Real=0.01s
[138.010s][info][gc,start       ] GC(345) Pause Young (Allocation Failure)
[138.011s][info][gc,heap        ] GC(345) PSYoungGen: 286784K(308736K)->32K(310784K) Eden: 286720K(286720K)->0K(289792K) From: 64K(22016K)->32K(20992K)
[138.011s][info][gc,heap        ] GC(345) ParOldGen: 101415K(354304K)->101431K(354304K)
[138.011s][info][gc,metaspace   ] GC(345) Metaspace: 35104K(35840K)->35104K(35840K) NonClass: 25916K(26432K)->25916K(26432K) Class: 9188K(9408K)->9188K(9408K)
[138.011s][info][gc             ] GC(345) Pause Young (Allocation Failure) 379M->99M(649M) 1.024ms
[138.011s][info][gc,cpu         ] GC(345) User=0.00s Sys=0.00s Real=0.00s
[138.370s][info][gc,start       ] GC(346) Pause Young (Allocation Failure)
[138.371s][info][gc,heap        ] GC(346) PSYoungGen: 289824K(310784K)->64K(309760K) Eden: 289792K(289792K)->0K(289792K) From: 32K(20992K)->64K(19968K)
[138.371s][info][gc,heap        ] GC(346) ParOldGen: 101431K(354304K)->101431K(354304K)
[138.371s][info][gc,metaspace   ] GC(346) Metaspace: 35104K(35840K)->35104K(35840K) NonClass: 25916K(26432K)->25916K(26432K) Class: 9188K(9408K)->9188K(9408K)
[138.371s][info][gc             ] GC(346) Pause Young (Allocation Failure) 382M->99M(648M) 1.112ms
[138.371s][info][gc,cpu         ] GC(346) User=0.00s Sys=0.00s Real=0.00s
[138.447s][info][gc,start       ] GC(347) Pause Young (Allocation Failure)
[138.448s][info][gc,heap        ] GC(347) PSYoungGen: 289856K(309760K)->64K(312832K) Eden: 289792K(289792K)->0K(293888K) From: 64K(19968K)->64K(18944K)
[138.448s][info][gc,heap        ] GC(347) ParOldGen: 101431K(354304K)->101447K(354304K)
[138.448s][info][gc,metaspace   ] GC(347) Metaspace: 35104K(35840K)->35104K(35840K) NonClass: 25916K(26432K)->25916K(26432K) Class: 9188K(9408K)->9188K(9408K)
[138.448s][info][gc             ] GC(347) Pause Young (Allocation Failure) 382M->99M(651M) 1.068ms
[138.448s][info][gc,cpu         ] GC(347) User=0.00s Sys=0.00s Real=0.00s
[138.503s][info][gc,start       ] GC(348) Pause Young (Allocation Failure)
[138.504s][info][gc,heap        ] GC(348) PSYoungGen: 293952K(312832K)->32K(311808K) Eden: 293888K(293888K)->0K(293888K) From: 64K(18944K)->32K(17920K)
[138.504s][info][gc,heap        ] GC(348) ParOldGen: 101447K(354304K)->101463K(354304K)
[138.504s][info][gc,metaspace   ] GC(348) Metaspace: 35104K(35840K)->35104K(35840K) NonClass: 25916K(26432K)->25916K(26432K) Class: 9188K(9408K)->9188K(9408K)
[138.504s][info][gc             ] GC(348) Pause Young (Allocation Failure) 386M->99M(650M) 1.193ms
[138.504s][info][gc,cpu         ] GC(348) User=0.00s Sys=0.00s Real=0.00s
[138.695s][info][gc,start       ] GC(349) Pause Young (Allocation Failure)
[138.696s][info][gc,heap        ] GC(349) PSYoungGen: 293920K(311808K)->64K(314368K) Eden: 293888K(293888K)->0K(297472K) From: 32K(17920K)->64K(16896K)
[138.696s][info][gc,heap        ] GC(349) ParOldGen: 101463K(354304K)->101463K(354304K)
[138.696s][info][gc,metaspace   ] GC(349) Metaspace: 35104K(35840K)->35104K(35840K) NonClass: 25916K(26432K)->25916K(26432K) Class: 9188K(9408K)->9188K(9408K)
[138.696s][info][gc             ] GC(349) Pause Young (Allocation Failure) 386M->99M(653M) 1.161ms
[138.696s][info][gc,cpu         ] GC(349) User=0.00s Sys=0.00s Real=0.00s
[138.934s][info][gc,start       ] GC(350) Pause Young (Allocation Failure)
[138.935s][info][gc,heap        ] GC(350) PSYoungGen: 297536K(314368K)->64K(313856K) Eden: 297472K(297472K)->0K(297472K) From: 64K(16896K)->64K(16384K)
[138.935s][info][gc,heap        ] GC(350) ParOldGen: 101463K(354304K)->101479K(354304K)
[138.935s][info][gc,metaspace   ] GC(350) Metaspace: 35106K(35840K)->35106K(35840K) NonClass: 25918K(26432K)->25918K(26432K) Class: 9188K(9408K)->9188K(9408K)
[138.935s][info][gc             ] GC(350) Pause Young (Allocation Failure) 389M->99M(652M) 1.220ms
[138.935s][info][gc,cpu         ] GC(350) User=0.00s Sys=0.00s Real=0.00s
[139.057s][info][gc,start       ] GC(351) Pause Young (Allocation Failure)
[139.058s][info][gc,heap        ] GC(351) PSYoungGen: 297536K(313856K)->64K(316416K) Eden: 297472K(297472K)->0K(301568K) From: 64K(16384K)->64K(14848K)
[139.058s][info][gc,heap        ] GC(351) ParOldGen: 101479K(354304K)->101495K(354304K)
[139.058s][info][gc,metaspace   ] GC(351) Metaspace: 35106K(35840K)->35106K(35840K) NonClass: 25918K(26432K)->25918K(26432K) Class: 9188K(9408K)->9188K(9408K)
[139.058s][info][gc             ] GC(351) Pause Young (Allocation Failure) 389M->99M(655M) 1.085ms
[139.058s][info][gc,cpu         ] GC(351) User=0.00s Sys=0.00s Real=0.00s
[139.165s][info][gc,start       ] GC(352) Pause Young (Allocation Failure)
[139.166s][info][gc,heap        ] GC(352) PSYoungGen: 301632K(316416K)->64K(289792K) Eden: 301568K(301568K)->0K(289280K) From: 64K(14848K)->64K(512K)
[139.166s][info][gc,heap        ] GC(352) ParOldGen: 101495K(354304K)->101503K(354304K)
[139.166s][info][gc,metaspace   ] GC(352) Metaspace: 35106K(35840K)->35106K(35840K) NonClass: 25918K(26432K)->25918K(26432K) Class: 9188K(9408K)->9188K(9408K)
[139.166s][info][gc             ] GC(352) Pause Young (Allocation Failure) 393M->99M(629M) 1.154ms
[139.166s][info][gc,cpu         ] GC(352) User=0.00s Sys=0.00s Real=0.00s
[139.402s][info][gc,start       ] GC(353) Pause Young (Allocation Failure)
[139.403s][info][gc,heap        ] GC(353) PSYoungGen: 289344K(289792K)->64K(278016K) Eden: 289280K(289280K)->0K(277504K) From: 64K(512K)->64K(512K)
[139.403s][info][gc,heap        ] GC(353) ParOldGen: 101503K(354304K)->101519K(354304K)
[139.403s][info][gc,metaspace   ] GC(353) Metaspace: 35106K(35840K)->35106K(35840K) NonClass: 25918K(26432K)->25918K(26432K) Class: 9188K(9408K)->9188K(9408K)
[139.403s][info][gc             ] GC(353) Pause Young (Allocation Failure) 381M->99M(617M) 1.198ms
[139.403s][info][gc,cpu         ] GC(353) User=0.00s Sys=0.00s Real=0.00s
[140.205s][info][gc,start       ] GC(354) Pause Young (Allocation Failure)
[140.206s][info][gc,heap        ] GC(354) PSYoungGen: 277568K(278016K)->51K(279552K) Eden: 277504K(277504K)->0K(266752K) From: 64K(512K)->51K(12800K)
[140.206s][info][gc,heap        ] GC(354) ParOldGen: 101519K(354304K)->101527K(354304K)
[140.206s][info][gc,metaspace   ] GC(354) Metaspace: 35106K(35840K)->35106K(35840K) NonClass: 25918K(26432K)->25918K(26432K) Class: 9188K(9408K)->9188K(9408K)
[140.206s][info][gc             ] GC(354) Pause Young (Allocation Failure) 370M->99M(619M) 1.182ms
[140.206s][info][gc,cpu         ] GC(354) User=0.00s Sys=0.00s Real=0.00s
[141.070s][info][gc,start       ] GC(355) Pause Young (Allocation Failure)
[141.072s][info][gc,heap        ] GC(355) PSYoungGen: 266803K(279552K)->64K(257024K) Eden: 266752K(266752K)->0K(256512K) From: 51K(12800K)->64K(512K)
[141.072s][info][gc,heap        ] GC(355) ParOldGen: 101527K(354304K)->101535K(354304K)
[141.072s][info][gc,metaspace   ] GC(355) Metaspace: 35106K(35840K)->35106K(35840K) NonClass: 25918K(26432K)->25918K(26432K) Class: 9188K(9408K)->9188K(9408K)
[141.072s][info][gc             ] GC(355) Pause Young (Allocation Failure) 359M->99M(597M) 1.479ms
[141.072s][info][gc,cpu         ] GC(355) User=0.01s Sys=0.00s Real=0.00s
[141.464s][info][gc,start       ] GC(356) Pause Young (Allocation Failure)
[141.465s][info][gc,heap        ] GC(356) PSYoungGen: 256576K(257024K)->64K(258048K) Eden: 256512K(256512K)->0K(246784K) From: 64K(512K)->64K(11264K)
[141.465s][info][gc,heap        ] GC(356) ParOldGen: 101535K(354304K)->101551K(354304K)
[141.465s][info][gc,metaspace   ] GC(356) Metaspace: 35106K(35840K)->35106K(35840K) NonClass: 25918K(26432K)->25918K(26432K) Class: 9188K(9408K)->9188K(9408K)
[141.465s][info][gc             ] GC(356) Pause Young (Allocation Failure) 349M->99M(598M) 1.194ms
[141.465s][info][gc,cpu         ] GC(356) User=0.01s Sys=0.00s Real=0.00s
[142.472s][info][gc,start       ] GC(357) Pause Young (Allocation Failure)
[142.473s][info][gc,heap        ] GC(357) PSYoungGen: 246848K(258048K)->64K(237568K) Eden: 246784K(246784K)->0K(237056K) From: 64K(11264K)->64K(512K)
[142.473s][info][gc,heap        ] GC(357) ParOldGen: 101551K(354304K)->101567K(354304K)
[142.473s][info][gc,metaspace   ] GC(357) Metaspace: 35106K(35840K)->35106K(35840K) NonClass: 25918K(26432K)->25918K(26432K) Class: 9188K(9408K)->9188K(9408K)
[142.473s][info][gc             ] GC(357) Pause Young (Allocation Failure) 340M->99M(578M) 1.915ms
[142.473s][info][gc,cpu         ] GC(357) User=0.00s Sys=0.00s Real=0.00s
[142.687s][info][gc,start       ] GC(358) Pause Young (Allocation Failure)
[142.688s][info][gc,heap        ] GC(358) PSYoungGen: 237120K(237568K)->64K(237568K) Eden: 237056K(237056K)->0K(227840K) From: 64K(512K)->64K(9728K)
[142.688s][info][gc,heap        ] GC(358) ParOldGen: 101567K(354304K)->101583K(354304K)
[142.688s][info][gc,metaspace   ] GC(358) Metaspace: 35106K(35840K)->35106K(35840K) NonClass: 25918K(26432K)->25918K(26432K) Class: 9188K(9408K)->9188K(9408K)
[142.688s][info][gc             ] GC(358) Pause Young (Allocation Failure) 330M->99M(578M) 1.084ms
[142.688s][info][gc,cpu         ] GC(358) User=0.00s Sys=0.00s Real=0.00s
[143.045s][info][gc,start       ] GC(359) Pause Young (Allocation Failure)
[143.047s][info][gc,heap        ] GC(359) PSYoungGen: 227904K(237568K)->64K(219648K) Eden: 227840K(227840K)->0K(219136K) From: 64K(9728K)->64K(512K)
[143.047s][info][gc,heap        ] GC(359) ParOldGen: 101583K(354304K)->101591K(354304K)
[143.047s][info][gc,metaspace   ] GC(359) Metaspace: 35106K(35840K)->35106K(35840K) NonClass: 25918K(26432K)->25918K(26432K) Class: 9188K(9408K)->9188K(9408K)
[143.047s][info][gc             ] GC(359) Pause Young (Allocation Failure) 321M->99M(560M) 1.896ms
[143.047s][info][gc,cpu         ] GC(359) User=0.00s Sys=0.00s Real=0.01s
[143.100s][info][gc,start       ] GC(360) Pause Young (Allocation Failure)
[143.101s][info][gc,heap        ] GC(360) PSYoungGen: 219200K(219648K)->32K(219136K) Eden: 219136K(219136K)->0K(210944K) From: 64K(512K)->32K(8192K)
[143.101s][info][gc,heap        ] GC(360) ParOldGen: 101591K(354304K)->101607K(354304K)
[143.101s][info][gc,metaspace   ] GC(360) Metaspace: 35106K(35840K)->35106K(35840K) NonClass: 25918K(26432K)->25918K(26432K) Class: 9188K(9408K)->9188K(9408K)
[143.101s][info][gc             ] GC(360) Pause Young (Allocation Failure) 313M->99M(560M) 0.931ms
[143.101s][info][gc,cpu         ] GC(360) User=0.00s Sys=0.00s Real=0.00s
[143.450s][info][gc,start       ] GC(361) Pause Young (Allocation Failure)
[143.451s][info][gc,heap        ] GC(361) PSYoungGen: 210976K(219136K)->64K(203776K) Eden: 210944K(210944K)->0K(203264K) From: 32K(8192K)->64K(512K)
[143.451s][info][gc,heap        ] GC(361) ParOldGen: 101607K(354304K)->101607K(354304K)
[143.451s][info][gc,metaspace   ] GC(361) Metaspace: 35106K(35840K)->35106K(35840K) NonClass: 25918K(26432K)->25918K(26432K) Class: 9188K(9408K)->9188K(9408K)
[143.452s][info][gc             ] GC(361) Pause Young (Allocation Failure) 305M->99M(545M) 1.670ms
[143.452s][info][gc,cpu         ] GC(361) User=0.00s Sys=0.00s Real=0.00s
[143.800s][info][gc,start       ] GC(362) Pause Young (Allocation Failure)
[143.801s][info][gc,heap        ] GC(362) PSYoungGen: 203328K(203776K)->64K(202752K) Eden: 203264K(203264K)->0K(195584K) From: 64K(512K)->64K(7168K)
[143.801s][info][gc,heap        ] GC(362) ParOldGen: 101607K(354304K)->101615K(354304K)
[143.801s][info][gc,metaspace   ] GC(362) Metaspace: 35106K(35840K)->35106K(35840K) NonClass: 25918K(26432K)->25918K(26432K) Class: 9188K(9408K)->9188K(9408K)
[143.801s][info][gc             ] GC(362) Pause Young (Allocation Failure) 297M->99M(544M) 1.183ms
[143.801s][info][gc,cpu         ] GC(362) User=0.00s Sys=0.00s Real=0.00s
[144.079s][info][gc,start       ] GC(363) Pause Young (Allocation Failure)
[144.080s][info][gc,heap        ] GC(363) PSYoungGen: 195648K(202752K)->64K(188928K) Eden: 195584K(195584K)->0K(188416K) From: 64K(7168K)->64K(512K)
[144.080s][info][gc,heap        ] GC(363) ParOldGen: 101615K(354304K)->101623K(354304K)
[144.080s][info][gc,metaspace   ] GC(363) Metaspace: 35106K(35840K)->35106K(35840K) NonClass: 25918K(26432K)->25918K(26432K) Class: 9188K(9408K)->9188K(9408K)
[144.080s][info][gc             ] GC(363) Pause Young (Allocation Failure) 290M->99M(530M) 1.191ms
[144.080s][info][gc,cpu         ] GC(363) User=0.00s Sys=0.01s Real=0.00s
[144.326s][info][gc,start       ] GC(364) Pause Young (Allocation Failure)
[144.353s][info][gc,heap        ] GC(364) PSYoungGen: 188480K(188928K)->6144K(232448K) Eden: 188416K(188416K)->0K(226304K) From: 64K(512K)->6144K(6144K)
[144.353s][info][gc,heap        ] GC(364) ParOldGen: 101623K(354304K)->113679K(354304K)
[144.353s][info][gc,metaspace   ] GC(364) Metaspace: 35106K(35840K)->35106K(35840K) NonClass: 25918K(26432K)->25918K(26432K) Class: 9188K(9408K)->9188K(9408K)
[144.353s][info][gc             ] GC(364) Pause Young (Allocation Failure) 283M->117M(573M) 27.030ms
[144.353s][info][gc,cpu         ] GC(364) User=0.05s Sys=0.00s Real=0.03s
[144.616s][info][gc,start       ] GC(365) Pause Young (Allocation Failure)
[144.657s][info][gc,heap        ] GC(365) PSYoungGen: 232448K(232448K)->6144K(240640K) Eden: 226304K(226304K)->0K(234496K) From: 6144K(6144K)->6144K(6144K)
[144.657s][info][gc,heap        ] GC(365) ParOldGen: 113679K(354304K)->133335K(354304K)
[144.657s][info][gc,metaspace   ] GC(365) Metaspace: 35106K(35840K)->35106K(35840K) NonClass: 25918K(26432K)->25918K(26432K) Class: 9188K(9408K)->9188K(9408K)
[144.657s][info][gc             ] GC(365) Pause Young (Allocation Failure) 338M->136M(581M) 40.874ms
[144.657s][info][gc,cpu         ] GC(365) User=0.07s Sys=0.00s Real=0.05s
[144.869s][info][gc,start       ] GC(366) Pause Young (Allocation Failure)
[144.900s][info][gc,heap        ] GC(366) PSYoungGen: 240640K(240640K)->19008K(254464K) Eden: 234496K(234496K)->0K(234496K) From: 6144K(6144K)->19008K(19968K)
[144.900s][info][gc,heap        ] GC(366) ParOldGen: 133335K(354304K)->133863K(354304K)
[144.900s][info][gc,metaspace   ] GC(366) Metaspace: 35106K(35840K)->35106K(35840K) NonClass: 25918K(26432K)->25918K(26432K) Class: 9188K(9408K)->9188K(9408K)
[144.900s][info][gc             ] GC(366) Pause Young (Allocation Failure) 365M->149M(594M) 31.161ms
[144.900s][info][gc,cpu         ] GC(366) User=0.06s Sys=0.00s Real=0.03s
[144.976s][info][gc,start       ] GC(367) Pause Young (Allocation Failure)
[144.977s][info][gc,heap        ] GC(367) PSYoungGen: 253504K(254464K)->64K(304128K) Eden: 234496K(234496K)->0K(281600K) From: 19008K(19968K)->64K(22528K)
[144.977s][info][gc,heap        ] GC(367) ParOldGen: 133863K(354304K)->133871K(354304K)
[144.977s][info][gc,metaspace   ] GC(367) Metaspace: 35106K(35840K)->35106K(35840K) NonClass: 25918K(26432K)->25918K(26432K) Class: 9188K(9408K)->9188K(9408K)
[144.977s][info][gc             ] GC(367) Pause Young (Allocation Failure) 378M->130M(643M) 0.837ms
[144.977s][info][gc,cpu         ] GC(367) User=0.00s Sys=0.00s Real=0.01s
[145.648s][info][gc,start       ] GC(368) Pause Young (Allocation Failure)
[145.649s][info][gc,heap        ] GC(368) PSYoungGen: 281664K(304128K)->64K(304640K) Eden: 281600K(281600K)->0K(281600K) From: 64K(22528K)->64K(23040K)
[145.649s][info][gc,heap        ] GC(368) ParOldGen: 133871K(354304K)->133879K(354304K)
[145.649s][info][gc,metaspace   ] GC(368) Metaspace: 35106K(35840K)->35106K(35840K) NonClass: 25918K(26432K)->25918K(26432K) Class: 9188K(9408K)->9188K(9408K)
[145.649s][info][gc             ] GC(368) Pause Young (Allocation Failure) 405M->130M(643M) 0.806ms
[145.649s][info][gc,cpu         ] GC(368) User=0.00s Sys=0.00s Real=0.00s
[146.007s][info][gc,start       ] GC(369) Pause Young (Allocation Failure)
[146.008s][info][gc,heap        ] GC(369) PSYoungGen: 281664K(304640K)->64K(310272K) Eden: 281600K(281600K)->0K(288768K) From: 64K(23040K)->64K(21504K)
[146.008s][info][gc,heap        ] GC(369) ParOldGen: 133879K(354304K)->133887K(354304K)
[146.008s][info][gc,metaspace   ] GC(369) Metaspace: 35106K(35840K)->35106K(35840K) NonClass: 25918K(26432K)->25918K(26432K) Class: 9188K(9408K)->9188K(9408K)
[146.008s][info][gc             ] GC(369) Pause Young (Allocation Failure) 405M->130M(649M) 0.814ms
[146.008s][info][gc,cpu         ] GC(369) User=0.00s Sys=0.00s Real=0.00s
[146.449s][info][gc,start       ] GC(370) Pause Young (Allocation Failure)
[146.450s][info][gc,heap        ] GC(370) PSYoungGen: 288832K(310272K)->64K(310272K) Eden: 288768K(288768K)->0K(288768K) From: 64K(21504K)->64K(21504K)
[146.450s][info][gc,heap        ] GC(370) ParOldGen: 133887K(354304K)->133903K(354304K)
[146.450s][info][gc,metaspace   ] GC(370) Metaspace: 35106K(35840K)->35106K(35840K) NonClass: 25918K(26432K)->25918K(26432K) Class: 9188K(9408K)->9188K(9408K)
[146.450s][info][gc             ] GC(370) Pause Young (Allocation Failure) 412M->130M(649M) 0.810ms
[146.450s][info][gc,cpu         ] GC(370) User=0.00s Sys=0.00s Real=0.00s
[146.673s][info][gc,start       ] GC(371) Pause Young (Allocation Failure)
[146.674s][info][gc,heap        ] GC(371) PSYoungGen: 288832K(310272K)->64K(311296K) Eden: 288768K(288768K)->0K(291840K) From: 64K(21504K)->64K(19456K)
[146.674s][info][gc,heap        ] GC(371) ParOldGen: 133903K(354304K)->133919K(354304K)
[146.674s][info][gc,metaspace   ] GC(371) Metaspace: 35106K(35840K)->35106K(35840K) NonClass: 25918K(26432K)->25918K(26432K) Class: 9188K(9408K)->9188K(9408K)
[146.674s][info][gc             ] GC(371) Pause Young (Allocation Failure) 412M->130M(650M) 0.725ms
[146.674s][info][gc,cpu         ] GC(371) User=0.00s Sys=0.00s Real=0.00s
[147.036s][info][gc,start       ] GC(372) Pause Young (Allocation Failure)
[147.037s][info][gc,heap        ] GC(372) PSYoungGen: 291904K(311296K)->64K(311296K) Eden: 291840K(291840K)->0K(291840K) From: 64K(19456K)->64K(19456K)
[147.037s][info][gc,heap        ] GC(372) ParOldGen: 133919K(354304K)->133919K(354304K)
[147.037s][info][gc,metaspace   ] GC(372) Metaspace: 35106K(35840K)->35106K(35840K) NonClass: 25918K(26432K)->25918K(26432K) Class: 9188K(9408K)->9188K(9408K)
[147.037s][info][gc             ] GC(372) Pause Young (Allocation Failure) 415M->130M(650M) 0.783ms
[147.037s][info][gc,cpu         ] GC(372) User=0.00s Sys=0.00s Real=0.01s
[147.110s][info][gc,start       ] GC(373) Pause Young (Allocation Failure)
[147.111s][info][gc,heap        ] GC(373) PSYoungGen: 291904K(311296K)->64K(313344K) Eden: 291840K(291840K)->0K(295936K) From: 64K(19456K)->64K(17408K)
[147.111s][info][gc,heap        ] GC(373) ParOldGen: 133919K(354304K)->133927K(354304K)
[147.111s][info][gc,metaspace   ] GC(373) Metaspace: 35106K(35840K)->35106K(35840K) NonClass: 25918K(26432K)->25918K(26432K) Class: 9188K(9408K)->9188K(9408K)
[147.111s][info][gc             ] GC(373) Pause Young (Allocation Failure) 415M->130M(652M) 0.723ms
[147.111s][info][gc,cpu         ] GC(373) User=0.01s Sys=0.00s Real=0.00s
[147.164s][info][gc,start       ] GC(374) Pause Young (Allocation Failure)
[147.164s][info][gc,heap        ] GC(374) PSYoungGen: 296000K(313344K)->64K(313344K) Eden: 295936K(295936K)->0K(295936K) From: 64K(17408K)->64K(17408K)
[147.164s][info][gc,heap        ] GC(374) ParOldGen: 133927K(354304K)->133943K(354304K)
[147.164s][info][gc,metaspace   ] GC(374) Metaspace: 35106K(35840K)->35106K(35840K) NonClass: 25918K(26432K)->25918K(26432K) Class: 9188K(9408K)->9188K(9408K)
[147.164s][info][gc             ] GC(374) Pause Young (Allocation Failure) 419M->130M(652M) 0.758ms
[147.164s][info][gc,cpu         ] GC(374) User=0.01s Sys=0.00s Real=0.00s
[147.353s][info][gc,start       ] GC(375) Pause Young (Allocation Failure)
[147.353s][info][gc,heap        ] GC(375) PSYoungGen: 295999K(313344K)->64K(314880K) Eden: 295935K(295936K)->0K(299520K) From: 64K(17408K)->64K(15360K)
[147.353s][info][gc,heap        ] GC(375) ParOldGen: 133943K(354304K)->133951K(354304K)
[147.353s][info][gc,metaspace   ] GC(375) Metaspace: 35106K(35840K)->35106K(35840K) NonClass: 25918K(26432K)->25918K(26432K) Class: 9188K(9408K)->9188K(9408K)
[147.353s][info][gc             ] GC(375) Pause Young (Allocation Failure) 419M->130M(653M) 0.815ms
[147.353s][info][gc,cpu         ] GC(375) User=0.00s Sys=0.00s Real=0.00s
[147.588s][info][gc,start       ] GC(376) Pause Young (Allocation Failure)
[147.589s][info][gc,heap        ] GC(376) PSYoungGen: 299584K(314880K)->64K(288256K) Eden: 299520K(299520K)->0K(287744K) From: 64K(15360K)->64K(512K)
[147.589s][info][gc,heap        ] GC(376) ParOldGen: 133951K(354304K)->133959K(354304K)
[147.589s][info][gc,metaspace   ] GC(376) Metaspace: 35106K(35840K)->35106K(35840K) NonClass: 25918K(26432K)->25918K(26432K) Class: 9188K(9408K)->9188K(9408K)
[147.589s][info][gc             ] GC(376) Pause Young (Allocation Failure) 423M->130M(627M) 0.848ms
[147.589s][info][gc,cpu         ] GC(376) User=0.00s Sys=0.00s Real=0.00s
[147.705s][info][gc,start       ] GC(377) Pause Young (Allocation Failure)
[147.706s][info][gc,heap        ] GC(377) PSYoungGen: 287808K(288256K)->64K(278016K) Eden: 287744K(287744K)->0K(276480K) From: 64K(512K)->64K(1536K)
[147.706s][info][gc,heap        ] GC(377) ParOldGen: 133959K(354304K)->133967K(354304K)
[147.706s][info][gc,metaspace   ] GC(377) Metaspace: 35106K(35840K)->35106K(35840K) NonClass: 25918K(26432K)->25918K(26432K) Class: 9188K(9408K)->9188K(9408K)
[147.706s][info][gc             ] GC(377) Pause Young (Allocation Failure) 411M->130M(617M) 0.766ms
[147.706s][info][gc,cpu         ] GC(377) User=0.01s Sys=0.00s Real=0.00s
[147.796s][info][gc,start       ] GC(378) Pause Young (Allocation Failure)
[147.797s][info][gc,heap        ] GC(378) PSYoungGen: 276544K(278016K)->64K(266240K) Eden: 276480K(276480K)->0K(265728K) From: 64K(1536K)->64K(512K)
[147.797s][info][gc,heap        ] GC(378) ParOldGen: 133967K(354304K)->133975K(354304K)
[147.797s][info][gc,metaspace   ] GC(378) Metaspace: 35106K(35840K)->35106K(35840K) NonClass: 25918K(26432K)->25918K(26432K) Class: 9188K(9408K)->9188K(9408K)
[147.797s][info][gc             ] GC(378) Pause Young (Allocation Failure) 400M->130M(606M) 0.708ms
[147.797s][info][gc,cpu         ] GC(378) User=0.00s Sys=0.00s Real=0.00s
[147.946s][info][gc,start       ] GC(379) Pause Young (Allocation Failure)
[147.947s][info][gc,heap        ] GC(379) PSYoungGen: 265792K(266240K)->64K(256000K) Eden: 265728K(265728K)->0K(255488K) From: 64K(512K)->64K(512K)
[147.947s][info][gc,heap        ] GC(379) ParOldGen: 133975K(354304K)->133983K(354304K)
[147.947s][info][gc,metaspace   ] GC(379) Metaspace: 35106K(35840K)->35106K(35840K) NonClass: 25918K(26432K)->25918K(26432K) Class: 9188K(9408K)->9188K(9408K)
[147.947s][info][gc             ] GC(379) Pause Young (Allocation Failure) 390M->130M(596M) 1.355ms
[147.947s][info][gc,cpu         ] GC(379) User=0.01s Sys=0.00s Real=0.01s
[148.827s][info][gc,start       ] GC(380) Pause Young (Allocation Failure)
[148.827s][info][gc,heap        ] GC(380) PSYoungGen: 255552K(256000K)->83K(258048K) Eden: 255488K(255488K)->0K(245760K) From: 64K(512K)->83K(12288K)
[148.827s][info][gc,heap        ] GC(380) ParOldGen: 133983K(354304K)->133991K(354304K)
[148.827s][info][gc,metaspace   ] GC(380) Metaspace: 35106K(35840K)->35106K(35840K) NonClass: 25918K(26432K)->25918K(26432K) Class: 9188K(9408K)->9188K(9408K)
[148.827s][info][gc             ] GC(380) Pause Young (Allocation Failure) 380M->130M(598M) 0.709ms
[148.827s][info][gc,cpu         ] GC(380) User=0.00s Sys=0.00s Real=0.01s
[149.642s][info][gc,start       ] GC(381) Pause Young (Allocation Failure)
[149.644s][info][gc,heap        ] GC(381) PSYoungGen: 245843K(258048K)->64K(237056K) Eden: 245760K(245760K)->0K(236544K) From: 83K(12288K)->64K(512K)
[149.644s][info][gc,heap        ] GC(381) ParOldGen: 133991K(354304K)->134007K(354304K)
[149.644s][info][gc,metaspace   ] GC(381) Metaspace: 35106K(35840K)->35106K(35840K) NonClass: 25918K(26432K)->25918K(26432K) Class: 9188K(9408K)->9188K(9408K)
[149.644s][info][gc             ] GC(381) Pause Young (Allocation Failure) 370M->130M(577M) 1.996ms
[149.644s][info][gc,cpu         ] GC(381) User=0.00s Sys=0.00s Real=0.00s
[149.851s][info][gc,start       ] GC(382) Pause Young (Allocation Failure)
[149.852s][info][gc,heap        ] GC(382) PSYoungGen: 236608K(237056K)->64K(238080K) Eden: 236544K(236544K)->0K(227328K) From: 64K(512K)->64K(10752K)
[149.852s][info][gc,heap        ] GC(382) ParOldGen: 134007K(354304K)->134015K(354304K)
[149.852s][info][gc,metaspace   ] GC(382) Metaspace: 35106K(35840K)->35106K(35840K) NonClass: 25918K(26432K)->25918K(26432K) Class: 9188K(9408K)->9188K(9408K)
[149.852s][info][gc             ] GC(382) Pause Young (Allocation Failure) 361M->130M(578M) 1.120ms
[149.852s][info][gc,cpu         ] GC(382) User=0.00s Sys=0.00s Real=0.00s
[150.235s][info][gc,start       ] GC(383) Pause Young (Allocation Failure)
[150.237s][info][gc,heap        ] GC(383) PSYoungGen: 227392K(238080K)->64K(219136K) Eden: 227328K(227328K)->0K(218624K) From: 64K(10752K)->64K(512K)
[150.237s][info][gc,heap        ] GC(383) ParOldGen: 134015K(354304K)->134023K(354304K)
[150.237s][info][gc,metaspace   ] GC(383) Metaspace: 35106K(35840K)->35106K(35840K) NonClass: 25918K(26432K)->25918K(26432K) Class: 9188K(9408K)->9188K(9408K)
[150.237s][info][gc             ] GC(383) Pause Young (Allocation Failure) 352M->130M(560M) 1.967ms
[150.237s][info][gc,cpu         ] GC(383) User=0.00s Sys=0.00s Real=0.01s
[151.173s][info][gc,start       ] GC(384) Pause Young (Allocation Failure)
[151.175s][info][gc,heap        ] GC(384) PSYoungGen: 218688K(219136K)->64K(219648K) Eden: 218624K(218624K)->0K(210432K) From: 64K(512K)->64K(9216K)
[151.175s][info][gc,heap        ] GC(384) ParOldGen: 134023K(354304K)->134031K(354304K)
[151.175s][info][gc,metaspace   ] GC(384) Metaspace: 35106K(35840K)->35106K(35840K) NonClass: 25918K(26432K)->25918K(26432K) Class: 9188K(9408K)->9188K(9408K)
[151.175s][info][gc             ] GC(384) Pause Young (Allocation Failure) 344M->130M(560M) 1.329ms
[151.175s][info][gc,cpu         ] GC(384) User=0.00s Sys=0.00s Real=0.00s
[151.514s][info][gc,start       ] GC(385) Pause Young (Allocation Failure)
[151.516s][info][gc,heap        ] GC(385) PSYoungGen: 210496K(219648K)->64K(203264K) Eden: 210432K(210432K)->0K(202752K) From: 64K(9216K)->64K(512K)
[151.516s][info][gc,heap        ] GC(385) ParOldGen: 134031K(354304K)->134039K(354304K)
[151.516s][info][gc,metaspace   ] GC(385) Metaspace: 35106K(35840K)->35106K(35840K) NonClass: 25918K(26432K)->25918K(26432K) Class: 9188K(9408K)->9188K(9408K)
[151.516s][info][gc             ] GC(385) Pause Young (Allocation Failure) 336M->130M(544M) 1.686ms
[151.516s][info][gc,cpu         ] GC(385) User=0.00s Sys=0.00s Real=0.00s
[151.676s][info][gc,start       ] GC(386) Pause Young (Allocation Failure)
[151.677s][info][gc,heap        ] GC(386) PSYoungGen: 202816K(203264K)->64K(203776K) Eden: 202752K(202752K)->0K(195584K) From: 64K(512K)->64K(8192K)
[151.677s][info][gc,heap        ] GC(386) ParOldGen: 134039K(354304K)->134047K(354304K)
[151.677s][info][gc,metaspace   ] GC(386) Metaspace: 35106K(35840K)->35106K(35840K) NonClass: 25918K(26432K)->25918K(26432K) Class: 9188K(9408K)->9188K(9408K)
[151.677s][info][gc             ] GC(386) Pause Young (Allocation Failure) 328M->130M(545M) 1.071ms
[151.677s][info][gc,cpu         ] GC(386) User=0.00s Sys=0.00s Real=0.00s
[151.724s][info][gc,start       ] GC(387) Pause Young (Allocation Failure)
[151.725s][info][gc,heap        ] GC(387) PSYoungGen: 195648K(203776K)->32K(188928K) Eden: 195584K(195584K)->0K(188416K) From: 64K(8192K)->32K(512K)
[151.725s][info][gc,heap        ] GC(387) ParOldGen: 134047K(354304K)->134063K(354304K)
[151.725s][info][gc,metaspace   ] GC(387) Metaspace: 35106K(35840K)->35106K(35840K) NonClass: 25918K(26432K)->25918K(26432K) Class: 9188K(9408K)->9188K(9408K)
[151.725s][info][gc             ] GC(387) Pause Young (Allocation Failure) 321M->130M(530M) 1.781ms
[151.725s][info][gc,cpu         ] GC(387) User=0.01s Sys=0.00s Real=0.00s
[152.042s][info][gc,start       ] GC(388) Pause Young (Allocation Failure)
[152.043s][info][gc,heap        ] GC(388) PSYoungGen: 188448K(188928K)->64K(188928K) Eden: 188416K(188416K)->0K(181760K) From: 32K(512K)->64K(7168K)
[152.043s][info][gc,heap        ] GC(388) ParOldGen: 134063K(354304K)->134063K(354304K)
[152.043s][info][gc,metaspace   ] GC(388) Metaspace: 35106K(35840K)->35106K(35840K) NonClass: 25918K(26432K)->25918K(26432K) Class: 9188K(9408K)->9188K(9408K)
[152.043s][info][gc             ] GC(388) Pause Young (Allocation Failure) 314M->130M(530M) 1.114ms
[152.043s][info][gc,cpu         ] GC(388) User=0.00s Sys=0.00s Real=0.00s
[152.401s][info][gc,start       ] GC(389) Pause Young (Allocation Failure)
[152.404s][info][gc,heap        ] GC(389) PSYoungGen: 181824K(188928K)->64K(175616K) Eden: 181760K(181760K)->0K(175104K) From: 64K(7168K)->64K(512K)
[152.404s][info][gc,heap        ] GC(389) ParOldGen: 134063K(354304K)->134079K(354304K)
[152.404s][info][gc,metaspace   ] GC(389) Metaspace: 35106K(35840K)->35106K(35840K) NonClass: 25918K(26432K)->25918K(26432K) Class: 9188K(9408K)->9188K(9408K)
[152.404s][info][gc             ] GC(389) Pause Young (Allocation Failure) 308M->130M(517M) 2.261ms
[152.404s][info][gc,cpu         ] GC(389) User=0.00s Sys=0.00s Real=0.00s
[152.611s][info][gc,start       ] GC(390) Pause Young (Allocation Failure)
[152.612s][info][gc,heap        ] GC(390) PSYoungGen: 175168K(175616K)->32K(175104K) Eden: 175104K(175104K)->0K(168960K) From: 64K(512K)->32K(6144K)
[152.612s][info][gc,heap        ] GC(390) ParOldGen: 134079K(354304K)->134087K(354304K)
[152.612s][info][gc,metaspace   ] GC(390) Metaspace: 35106K(35840K)->35106K(35840K) NonClass: 25918K(26432K)->25918K(26432K) Class: 9188K(9408K)->9188K(9408K)
[152.612s][info][gc             ] GC(390) Pause Young (Allocation Failure) 301M->130M(517M) 1.111ms
[152.612s][info][gc,cpu         ] GC(390) User=0.00s Sys=0.00s Real=0.00s
[152.864s][info][gc,start       ] GC(391) Pause Young (Allocation Failure)
[152.892s][info][gc,heap        ] GC(391) PSYoungGen: 168992K(175104K)->5632K(208384K) Eden: 168960K(168960K)->0K(202752K) From: 32K(6144K)->5632K(5632K)
[152.892s][info][gc,heap        ] GC(391) ParOldGen: 134087K(354304K)->138455K(354304K)
[152.892s][info][gc,metaspace   ] GC(391) Metaspace: 35106K(35840K)->35106K(35840K) NonClass: 25918K(26432K)->25918K(26432K) Class: 9188K(9408K)->9188K(9408K)
[152.892s][info][gc             ] GC(391) Pause Young (Allocation Failure) 295M->140M(549M) 27.654ms
[152.892s][info][gc,cpu         ] GC(391) User=0.03s Sys=0.00s Real=0.03s
[153.127s][info][gc,start       ] GC(392) Pause Young (Allocation Failure)
[153.164s][info][gc,heap        ] GC(392) PSYoungGen: 208384K(208384K)->8704K(239616K) Eden: 202752K(202752K)->0K(230912K) From: 5632K(5632K)->8704K(8704K)
[153.164s][info][gc,heap        ] GC(392) ParOldGen: 138455K(354304K)->152679K(354304K)
[153.164s][info][gc,metaspace   ] GC(392) Metaspace: 35106K(35840K)->35106K(35840K) NonClass: 25918K(26432K)->25918K(26432K) Class: 9188K(9408K)->9188K(9408K)
[153.164s][info][gc             ] GC(392) Pause Young (Allocation Failure) 338M->157M(580M) 36.713ms
[153.164s][info][gc,cpu         ] GC(392) User=0.07s Sys=0.01s Real=0.03s
[153.431s][info][gc,start       ] GC(393) Pause Young (Allocation Failure)
[153.479s][info][gc,heap        ] GC(393) PSYoungGen: 239616K(239616K)->15872K(252416K) Eden: 230912K(230912K)->0K(236544K) From: 8704K(8704K)->15872K(15872K)
[153.479s][info][gc,heap        ] GC(393) ParOldGen: 152679K(354304K)->163159K(354304K)
[153.479s][info][gc,metaspace   ] GC(393) Metaspace: 35106K(35840K)->35106K(35840K) NonClass: 25918K(26432K)->25918K(26432K) Class: 9188K(9408K)->9188K(9408K)
[153.480s][info][gc             ] GC(393) Pause Young (Allocation Failure) 383M->174M(592M) 48.962ms
[153.480s][info][gc,cpu         ] GC(393) User=0.09s Sys=0.00s Real=0.05s
[153.568s][info][gc,start       ] GC(394) Pause Young (Allocation Failure)
[153.577s][info][gc,heap        ] GC(394) PSYoungGen: 252416K(252416K)->3872K(259584K) Eden: 236544K(236544K)->0K(236544K) From: 15872K(15872K)->3872K(23040K)
[153.577s][info][gc,heap        ] GC(394) ParOldGen: 163159K(354304K)->163447K(354304K)
[153.577s][info][gc,metaspace   ] GC(394) Metaspace: 35106K(35840K)->35106K(35840K) NonClass: 25918K(26432K)->25918K(26432K) Class: 9188K(9408K)->9188K(9408K)
[153.577s][info][gc             ] GC(394) Pause Young (Allocation Failure) 405M->163M(599M) 8.936ms
[153.577s][info][gc,cpu         ] GC(394) User=0.02s Sys=0.00s Real=0.01s
[153.923s][info][gc,start       ] GC(395) Pause Young (Allocation Failure)
[153.924s][info][gc,heap        ] GC(395) PSYoungGen: 240416K(259584K)->64K(304128K) Eden: 236544K(236544K)->0K(284160K) From: 3872K(23040K)->64K(19968K)
[153.924s][info][gc,heap        ] GC(395) ParOldGen: 163447K(354304K)->163455K(354304K)
[153.924s][info][gc,metaspace   ] GC(395) Metaspace: 35106K(35840K)->35106K(35840K) NonClass: 25918K(26432K)->25918K(26432K) Class: 9188K(9408K)->9188K(9408K)
[153.924s][info][gc             ] GC(395) Pause Young (Allocation Failure) 394M->159M(643M) 0.906ms
[153.924s][info][gc,cpu         ] GC(395) User=0.00s Sys=0.00s Real=0.00s
[154.520s][info][gc,start       ] GC(396) Pause Young (Allocation Failure)
[154.520s][info][gc,heap        ] GC(396) PSYoungGen: 284224K(304128K)->64K(305152K) Eden: 284160K(284160K)->0K(284160K) From: 64K(19968K)->64K(20992K)
[154.521s][info][gc,heap        ] GC(396) ParOldGen: 163455K(354304K)->163463K(354304K)
[154.521s][info][gc,metaspace   ] GC(396) Metaspace: 35106K(35840K)->35106K(35840K) NonClass: 25918K(26432K)->25918K(26432K) Class: 9188K(9408K)->9188K(9408K)
[154.521s][info][gc             ] GC(396) Pause Young (Allocation Failure) 437M->159M(644M) 1.028ms
[154.521s][info][gc,cpu         ] GC(396) User=0.00s Sys=0.00s Real=0.00s
[154.967s][info][gc,start       ] GC(397) Pause Young (Allocation Failure)
[154.968s][info][gc,heap        ] GC(397) PSYoungGen: 284224K(305152K)->64K(310272K) Eden: 284160K(284160K)->0K(292352K) From: 64K(20992K)->64K(17920K)
[154.968s][info][gc,heap        ] GC(397) ParOldGen: 163463K(354304K)->163479K(354304K)
[154.968s][info][gc,metaspace   ] GC(397) Metaspace: 35106K(35840K)->35106K(35840K) NonClass: 25918K(26432K)->25918K(26432K) Class: 9188K(9408K)->9188K(9408K)
[154.968s][info][gc             ] GC(397) Pause Young (Allocation Failure) 437M->159M(649M) 0.837ms
[154.968s][info][gc,cpu         ] GC(397) User=0.01s Sys=0.00s Real=0.01s
[155.200s][info][gc,start       ] GC(398) Pause Young (Allocation Failure)
[155.201s][info][gc,heap        ] GC(398) PSYoungGen: 292416K(310272K)->64K(311808K) Eden: 292352K(292352K)->0K(292352K) From: 64K(17920K)->64K(19456K)
[155.201s][info][gc,heap        ] GC(398) ParOldGen: 163479K(354304K)->163495K(354304K)
[155.201s][info][gc,metaspace   ] GC(398) Metaspace: 35106K(35840K)->35106K(35840K) NonClass: 25918K(26432K)->25918K(26432K) Class: 9188K(9408K)->9188K(9408K)
[155.201s][info][gc             ] GC(398) Pause Young (Allocation Failure) 445M->159M(650M) 0.852ms
[155.201s][info][gc,cpu         ] GC(398) User=0.00s Sys=0.00s Real=0.00s
[155.428s][info][gc,start       ] GC(399) Pause Young (Allocation Failure)
[155.429s][info][gc,heap        ] GC(399) PSYoungGen: 292416K(311808K)->64K(311808K) Eden: 292352K(292352K)->0K(295424K) From: 64K(19456K)->64K(16384K)
[155.429s][info][gc,heap        ] GC(399) ParOldGen: 163495K(354304K)->163495K(354304K)
[155.429s][info][gc,metaspace   ] GC(399) Metaspace: 35106K(35840K)->35106K(35840K) NonClass: 25918K(26432K)->25918K(26432K) Class: 9188K(9408K)->9188K(9408K)
[155.429s][info][gc             ] GC(399) Pause Young (Allocation Failure) 445M->159M(650M) 0.888ms
[155.429s][info][gc,cpu         ] GC(399) User=0.00s Sys=0.00s Real=0.00s
[155.724s][info][gc,start       ] GC(400) Pause Young (Allocation Failure)
[155.725s][info][gc,heap        ] GC(400) PSYoungGen: 295488K(311808K)->64K(313344K) Eden: 295424K(295424K)->0K(295424K) From: 64K(16384K)->64K(17920K)
[155.725s][info][gc,heap        ] GC(400) ParOldGen: 163495K(354304K)->163495K(354304K)
[155.725s][info][gc,metaspace   ] GC(400) Metaspace: 35106K(35840K)->35106K(35840K) NonClass: 25918K(26432K)->25918K(26432K) Class: 9188K(9408K)->9188K(9408K)
[155.725s][info][gc             ] GC(400) Pause Young (Allocation Failure) 448M->159M(652M) 0.885ms
[155.725s][info][gc,cpu         ] GC(400) User=0.00s Sys=0.00s Real=0.00s
[155.775s][info][gc,start       ] GC(401) Pause Young (Allocation Failure)
[155.776s][info][gc,heap        ] GC(401) PSYoungGen: 295488K(313344K)->64K(314368K) Eden: 295424K(295424K)->0K(299008K) From: 64K(17920K)->64K(15360K)
[155.776s][info][gc,heap        ] GC(401) ParOldGen: 163495K(354304K)->163511K(354304K)
[155.776s][info][gc,metaspace   ] GC(401) Metaspace: 35106K(35840K)->35106K(35840K) NonClass: 25918K(26432K)->25918K(26432K) Class: 9188K(9408K)->9188K(9408K)
[155.776s][info][gc             ] GC(401) Pause Young (Allocation Failure) 448M->159M(653M) 0.775ms
[155.776s][info][gc,cpu         ] GC(401) User=0.00s Sys=0.00s Real=0.00s
[155.875s][info][gc,start       ] GC(402) Pause Young (Allocation Failure)
[155.876s][info][gc,heap        ] GC(402) PSYoungGen: 299072K(314368K)->64K(315392K) Eden: 299008K(299008K)->0K(299008K) From: 64K(15360K)->64K(16384K)
[155.876s][info][gc,heap        ] GC(402) ParOldGen: 163511K(354304K)->163511K(354304K)
[155.876s][info][gc,metaspace   ] GC(402) Metaspace: 35106K(35840K)->35106K(35840K) NonClass: 25918K(26432K)->25918K(26432K) Class: 9188K(9408K)->9188K(9408K)
[155.876s][info][gc             ] GC(402) Pause Young (Allocation Failure) 451M->159M(654M) 0.786ms
[155.876s][info][gc,cpu         ] GC(402) User=0.00s Sys=0.00s Real=0.00s
[156.121s][info][gc,start       ] GC(403) Pause Young (Allocation Failure)
[156.122s][info][gc,heap        ] GC(403) PSYoungGen: 299072K(315392K)->64K(315392K) Eden: 299008K(299008K)->0K(302080K) From: 64K(16384K)->64K(13312K)
[156.122s][info][gc,heap        ] GC(403) ParOldGen: 163511K(354304K)->163527K(354304K)
[156.122s][info][gc,metaspace   ] GC(403) Metaspace: 35106K(35840K)->35106K(35840K) NonClass: 25918K(26432K)->25918K(26432K) Class: 9188K(9408K)->9188K(9408K)
[156.122s][info][gc             ] GC(403) Pause Young (Allocation Failure) 451M->159M(654M) 0.784ms
[156.122s][info][gc,cpu         ] GC(403) User=0.00s Sys=0.00s Real=0.00s
[156.305s][info][gc,start       ] GC(404) Pause Young (Allocation Failure)
[156.306s][info][gc,heap        ] GC(404) PSYoungGen: 302144K(315392K)->64K(290304K) Eden: 302080K(302080K)->0K(289792K) From: 64K(13312K)->64K(512K)
[156.306s][info][gc,heap        ] GC(404) ParOldGen: 163527K(354304K)->163527K(354304K)
[156.306s][info][gc,metaspace   ] GC(404) Metaspace: 35106K(35840K)->35106K(35840K) NonClass: 25918K(26432K)->25918K(26432K) Class: 9188K(9408K)->9188K(9408K)
[156.306s][info][gc             ] GC(404) Pause Young (Allocation Failure) 454M->159M(629M) 0.915ms
[156.306s][info][gc,cpu         ] GC(404) User=0.00s Sys=0.00s Real=0.00s
[156.384s][info][gc,start       ] GC(405) Pause Young (Allocation Failure)
[156.385s][info][gc,heap        ] GC(405) PSYoungGen: 289856K(290304K)->64K(278528K) Eden: 289792K(289792K)->0K(278016K) From: 64K(512K)->64K(512K)
[156.385s][info][gc,heap        ] GC(405) ParOldGen: 163527K(354304K)->163543K(354304K)
[156.385s][info][gc,metaspace   ] GC(405) Metaspace: 35106K(35840K)->35106K(35840K) NonClass: 25918K(26432K)->25918K(26432K) Class: 9188K(9408K)->9188K(9408K)
[156.385s][info][gc             ] GC(405) Pause Young (Allocation Failure) 442M->159M(618M) 0.851ms
[156.385s][info][gc,cpu         ] GC(405) User=0.00s Sys=0.00s Real=0.00s
[156.524s][info][gc,start       ] GC(406) Pause Young (Allocation Failure)
[156.524s][info][gc,heap        ] GC(406) PSYoungGen: 278080K(278528K)->64K(280064K) Eden: 278016K(278016K)->0K(267264K) From: 64K(512K)->64K(12800K)
[156.524s][info][gc,heap        ] GC(406) ParOldGen: 163543K(354304K)->163543K(354304K)
[156.524s][info][gc,metaspace   ] GC(406) Metaspace: 35106K(35840K)->35106K(35840K) NonClass: 25918K(26432K)->25918K(26432K) Class: 9188K(9408K)->9188K(9408K)
[156.524s][info][gc             ] GC(406) Pause Young (Allocation Failure) 431M->159M(619M) 0.716ms
[156.524s][info][gc,cpu         ] GC(406) User=0.00s Sys=0.00s Real=0.00s
[156.920s][info][gc,start       ] GC(407) Pause Young (Allocation Failure)
[156.921s][info][gc,heap        ] GC(407) PSYoungGen: 267328K(280064K)->64K(257536K) Eden: 267264K(267264K)->0K(257024K) From: 64K(12800K)->64K(512K)
[156.921s][info][gc,heap        ] GC(407) ParOldGen: 163543K(354304K)->163551K(354304K)
[156.921s][info][gc,metaspace   ] GC(407) Metaspace: 35106K(35840K)->35106K(35840K) NonClass: 25918K(26432K)->25918K(26432K) Class: 9188K(9408K)->9188K(9408K)
[156.921s][info][gc             ] GC(407) Pause Young (Allocation Failure) 420M->159M(597M) 1.375ms
[156.921s][info][gc,cpu         ] GC(407) User=0.01s Sys=0.00s Real=0.00s
[157.631s][info][gc,start       ] GC(408) Pause Young (Allocation Failure)
[157.632s][info][gc,heap        ] GC(408) PSYoungGen: 257088K(257536K)->64K(258048K) Eden: 257024K(257024K)->0K(246784K) From: 64K(512K)->64K(11264K)
[157.632s][info][gc,heap        ] GC(408) ParOldGen: 163551K(354304K)->163559K(354304K)
[157.632s][info][gc,metaspace   ] GC(408) Metaspace: 35106K(35840K)->35106K(35840K) NonClass: 25918K(26432K)->25918K(26432K) Class: 9188K(9408K)->9188K(9408K)
[157.632s][info][gc             ] GC(408) Pause Young (Allocation Failure) 410M->159M(598M) 0.718ms
[157.632s][info][gc,cpu         ] GC(408) User=0.00s Sys=0.00s Real=0.00s
[158.411s][info][gc,start       ] GC(409) Pause Young (Allocation Failure)
[158.413s][info][gc,heap        ] GC(409) PSYoungGen: 246848K(258048K)->64K(237568K) Eden: 246784K(246784K)->0K(237056K) From: 64K(11264K)->64K(512K)
[158.413s][info][gc,heap        ] GC(409) ParOldGen: 163559K(354304K)->163567K(354304K)
[158.413s][info][gc,metaspace   ] GC(409) Metaspace: 35106K(35840K)->35106K(35840K) NonClass: 25918K(26432K)->25918K(26432K) Class: 9188K(9408K)->9188K(9408K)
[158.413s][info][gc             ] GC(409) Pause Young (Allocation Failure) 400M->159M(578M) 2.090ms
[158.413s][info][gc,cpu         ] GC(409) User=0.00s Sys=0.00s Real=0.00s
[158.825s][info][gc,start       ] GC(410) Pause Young (Allocation Failure)
[158.826s][info][gc,heap        ] GC(410) PSYoungGen: 237120K(237568K)->64K(237568K) Eden: 237056K(237056K)->0K(227840K) From: 64K(512K)->64K(9728K)
[158.826s][info][gc,heap        ] GC(410) ParOldGen: 163567K(354304K)->163575K(354304K)
[158.826s][info][gc,metaspace   ] GC(410) Metaspace: 35106K(35840K)->35106K(35840K) NonClass: 25918K(26432K)->25918K(26432K) Class: 9188K(9408K)->9188K(9408K)
[158.826s][info][gc             ] GC(410) Pause Young (Allocation Failure) 391M->159M(578M) 1.373ms
[158.826s][info][gc,cpu         ] GC(410) User=0.00s Sys=0.00s Real=0.00s
[159.749s][info][gc,start       ] GC(411) Pause Young (Allocation Failure)
[159.751s][info][gc,heap        ] GC(411) PSYoungGen: 227904K(237568K)->32K(219648K) Eden: 227840K(227840K)->0K(219136K) From: 64K(9728K)->32K(512K)
[159.751s][info][gc,heap        ] GC(411) ParOldGen: 163575K(354304K)->163583K(354304K)
[159.751s][info][gc,metaspace   ] GC(411) Metaspace: 35106K(35840K)->35106K(35840K) NonClass: 25918K(26432K)->25918K(26432K) Class: 9188K(9408K)->9188K(9408K)
[159.751s][info][gc             ] GC(411) Pause Young (Allocation Failure) 382M->159M(560M) 2.107ms
[159.751s][info][gc,cpu         ] GC(411) User=0.00s Sys=0.00s Real=0.00s
[160.107s][info][gc,start       ] GC(412) Pause Young (Allocation Failure)
[160.108s][info][gc,heap        ] GC(412) PSYoungGen: 219168K(219648K)->64K(219648K) Eden: 219136K(219136K)->0K(210944K) From: 32K(512K)->64K(8704K)
[160.108s][info][gc,heap        ] GC(412) ParOldGen: 163583K(354304K)->163591K(354304K)
[160.108s][info][gc,metaspace   ] GC(412) Metaspace: 35106K(35840K)->35106K(35840K) NonClass: 25918K(26432K)->25918K(26432K) Class: 9188K(9408K)->9188K(9408K)
[160.108s][info][gc             ] GC(412) Pause Young (Allocation Failure) 373M->159M(560M) 1.258ms
[160.108s][info][gc,cpu         ] GC(412) User=0.01s Sys=0.00s Real=0.01s
[160.285s][info][gc,start       ] GC(413) Pause Young (Allocation Failure)
[160.287s][info][gc,heap        ] GC(413) PSYoungGen: 211008K(219648K)->32K(203776K) Eden: 210944K(210944K)->0K(203264K) From: 64K(8704K)->32K(512K)
[160.287s][info][gc,heap        ] GC(413) ParOldGen: 163591K(354304K)->163599K(354304K)
[160.287s][info][gc,metaspace   ] GC(413) Metaspace: 35106K(35840K)->35106K(35840K) NonClass: 25918K(26432K)->25918K(26432K) Class: 9188K(9408K)->9188K(9408K)
[160.287s][info][gc             ] GC(413) Pause Young (Allocation Failure) 365M->159M(545M) 1.894ms
[160.287s][info][gc,cpu         ] GC(413) User=0.00s Sys=0.00s Real=0.01s
[160.336s][info][gc,start       ] GC(414) Pause Young (Allocation Failure)
[160.336s][info][gc,heap        ] GC(414) PSYoungGen: 203296K(203776K)->64K(203264K) Eden: 203264K(203264K)->0K(195584K) From: 32K(512K)->64K(7680K)
[160.336s][info][gc,heap        ] GC(414) ParOldGen: 163599K(354304K)->163615K(354304K)
[160.336s][info][gc,metaspace   ] GC(414) Metaspace: 35106K(35840K)->35106K(35840K) NonClass: 25918K(26432K)->25918K(26432K) Class: 9188K(9408K)->9188K(9408K)
[160.336s][info][gc             ] GC(414) Pause Young (Allocation Failure) 358M->159M(544M) 0.660ms
[160.336s][info][gc,cpu         ] GC(414) User=0.00s Sys=0.00s Real=0.00s
[160.628s][info][gc,start       ] GC(415) Pause Young (Allocation Failure)
[160.630s][info][gc,heap        ] GC(415) PSYoungGen: 195648K(203264K)->64K(188928K) Eden: 195584K(195584K)->0K(188416K) From: 64K(7680K)->64K(512K)
[160.630s][info][gc,heap        ] GC(415) ParOldGen: 163615K(354304K)->163615K(354304K)
[160.630s][info][gc,metaspace   ] GC(415) Metaspace: 35106K(35840K)->35106K(35840K) NonClass: 25918K(26432K)->25918K(26432K) Class: 9188K(9408K)->9188K(9408K)
[160.630s][info][gc             ] GC(415) Pause Young (Allocation Failure) 350M->159M(530M) 1.329ms
[160.630s][info][gc,cpu         ] GC(415) User=0.01s Sys=0.00s Real=0.00s
[161.017s][info][gc,start       ] GC(416) Pause Young (Allocation Failure)
[161.018s][info][gc,heap        ] GC(416) PSYoungGen: 188480K(188928K)->64K(188416K) Eden: 188416K(188416K)->0K(181760K) From: 64K(512K)->64K(6656K)
[161.018s][info][gc,heap        ] GC(416) ParOldGen: 163615K(354304K)->163623K(354304K)
[161.018s][info][gc,metaspace   ] GC(416) Metaspace: 35106K(35840K)->35106K(35840K) NonClass: 25918K(26432K)->25918K(26432K) Class: 9188K(9408K)->9188K(9408K)
[161.018s][info][gc             ] GC(416) Pause Young (Allocation Failure) 343M->159M(530M) 1.184ms
[161.018s][info][gc,cpu         ] GC(416) User=0.00s Sys=0.00s Real=0.00s
[161.232s][info][gc,start       ] GC(417) Pause Young (Allocation Failure)
[161.233s][info][gc,heap        ] GC(417) PSYoungGen: 181824K(188416K)->64K(175616K) Eden: 181760K(181760K)->0K(175104K) From: 64K(6656K)->64K(512K)
[161.233s][info][gc,heap        ] GC(417) ParOldGen: 163623K(354304K)->163631K(354304K)
[161.233s][info][gc,metaspace   ] GC(417) Metaspace: 35106K(35840K)->35106K(35840K) NonClass: 25918K(26432K)->25918K(26432K) Class: 9188K(9408K)->9188K(9408K)
[161.233s][info][gc             ] GC(417) Pause Young (Allocation Failure) 337M->159M(517M) 1.298ms
[161.233s][info][gc,cpu         ] GC(417) User=0.00s Sys=0.00s Real=0.00s
[161.493s][info][gc,start       ] GC(418) Pause Young (Allocation Failure)
[161.510s][info][gc,heap        ] GC(418) PSYoungGen: 175168K(175616K)->5632K(216064K) Eden: 175104K(175104K)->0K(210432K) From: 64K(512K)->5632K(5632K)
[161.510s][info][gc,heap        ] GC(418) ParOldGen: 163631K(354304K)->168911K(354304K)
[161.510s][info][gc,metaspace   ] GC(418) Metaspace: 35106K(35840K)->35106K(35840K) NonClass: 25918K(26432K)->25918K(26432K) Class: 9188K(9408K)->9188K(9408K)
[161.510s][info][gc             ] GC(418) Pause Young (Allocation Failure) 330M->170M(557M) 16.745ms
[161.510s][info][gc,cpu         ] GC(418) User=0.03s Sys=0.00s Real=0.02s
[161.753s][info][gc,start       ] GC(419) Pause Young (Allocation Failure)
[161.790s][info][gc,heap        ] GC(419) PSYoungGen: 216064K(216064K)->5632K(237568K) Eden: 210432K(210432K)->0K(231936K) From: 5632K(5632K)->5632K(5632K)
[161.790s][info][gc,heap        ] GC(419) ParOldGen: 168911K(354304K)->187111K(354304K)
[161.790s][info][gc,metaspace   ] GC(419) Metaspace: 35106K(35840K)->35106K(35840K) NonClass: 25918K(26432K)->25918K(26432K) Class: 9188K(9408K)->9188K(9408K)
[161.790s][info][gc             ] GC(419) Pause Young (Allocation Failure) 375M->188M(578M) 36.920ms
[161.790s][info][gc,cpu         ] GC(419) User=0.07s Sys=0.00s Real=0.04s
[162.059s][info][gc,start       ] GC(420) Pause Young (Allocation Failure)
[162.100s][info][gc,heap        ] GC(420) PSYoungGen: 237568K(237568K)->16384K(248320K) Eden: 231936K(231936K)->0K(231936K) From: 5632K(5632K)->16384K(16384K)
[162.100s][info][gc,heap        ] GC(420) ParOldGen: 187111K(354304K)->197295K(354304K)
[162.100s][info][gc,metaspace   ] GC(420) Metaspace: 35106K(35840K)->35106K(35840K) NonClass: 25918K(26432K)->25918K(26432K) Class: 9188K(9408K)->9188K(9408K)
[162.100s][info][gc             ] GC(420) Pause Young (Allocation Failure) 414M->208M(588M) 41.517ms
[162.100s][info][gc,cpu         ] GC(420) User=0.09s Sys=0.00s Real=0.04s
[162.173s][info][gc,start       ] GC(421) Pause Young (Allocation Failure)
[162.181s][info][gc,heap        ] GC(421) PSYoungGen: 248320K(248320K)->2016K(300032K) Eden: 231936K(231936K)->0K(278528K) From: 16384K(16384K)->2016K(21504K)
[162.181s][info][gc,heap        ] GC(421) ParOldGen: 197295K(354304K)->197567K(354304K)
[162.181s][info][gc,metaspace   ] GC(421) Metaspace: 35106K(35840K)->35106K(35840K) NonClass: 25918K(26432K)->25918K(26432K) Class: 9188K(9408K)->9188K(9408K)
[162.181s][info][gc             ] GC(421) Pause Young (Allocation Failure) 435M->194M(639M) 7.489ms
[162.181s][info][gc,cpu         ] GC(421) User=0.02s Sys=0.00s Real=0.01s
[162.676s][info][gc,start       ] GC(422) Pause Young (Allocation Failure)
[162.677s][info][gc,heap        ] GC(422) PSYoungGen: 280544K(300032K)->64K(301056K) Eden: 278528K(278528K)->0K(278528K) From: 2016K(21504K)->64K(22528K)
[162.677s][info][gc,heap        ] GC(422) ParOldGen: 197567K(354304K)->197575K(354304K)
[162.677s][info][gc,metaspace   ] GC(422) Metaspace: 35106K(35840K)->35106K(35840K) NonClass: 25918K(26432K)->25918K(26432K) Class: 9188K(9408K)->9188K(9408K)
[162.677s][info][gc             ] GC(422) Pause Young (Allocation Failure) 466M->193M(640M) 1.169ms
[162.677s][info][gc,cpu         ] GC(422) User=0.00s Sys=0.00s Real=0.01s
[163.234s][info][gc,start       ] GC(423) Pause Young (Allocation Failure)
[163.238s][info][gc,heap        ] GC(423) PSYoungGen: 278592K(301056K)->160K(308736K) Eden: 278528K(278528K)->0K(289280K) From: 64K(22528K)->160K(19456K)
[163.238s][info][gc,heap        ] GC(423) ParOldGen: 197575K(354304K)->197591K(354304K)
[163.238s][info][gc,metaspace   ] GC(423) Metaspace: 35209K(35904K)->35209K(35904K) NonClass: 26014K(26496K)->26014K(26496K) Class: 9194K(9408K)->9194K(9408K)
[163.238s][info][gc             ] GC(423) Pause Young (Allocation Failure) 465M->193M(647M) 3.748ms
[163.238s][info][gc,cpu         ] GC(423) User=0.01s Sys=0.00s Real=0.01s
[163.764s][info][gc,start       ] GC(424) Pause Young (Allocation Failure)
[163.765s][info][gc,heap        ] GC(424) PSYoungGen: 289440K(308736K)->64K(310272K) Eden: 289280K(289280K)->0K(289280K) From: 160K(19456K)->64K(20992K)
[163.766s][info][gc,heap        ] GC(424) ParOldGen: 197591K(354304K)->197689K(354304K)
[163.766s][info][gc,metaspace   ] GC(424) Metaspace: 35209K(35904K)->35209K(35904K) NonClass: 26014K(26496K)->26014K(26496K) Class: 9194K(9408K)->9194K(9408K)
[163.766s][info][gc             ] GC(424) Pause Young (Allocation Failure) 475M->193M(649M) 1.122ms
[163.766s][info][gc,cpu         ] GC(424) User=0.00s Sys=0.00s Real=0.00s
[164.007s][info][gc,start       ] GC(425) Pause Young (Allocation Failure)
[164.008s][info][gc,heap        ] GC(425) PSYoungGen: 289344K(310272K)->64K(310272K) Eden: 289280K(289280K)->0K(292352K) From: 64K(20992K)->64K(17920K)
[164.008s][info][gc,heap        ] GC(425) ParOldGen: 197689K(354304K)->197705K(354304K)
[164.008s][info][gc,metaspace   ] GC(425) Metaspace: 35209K(35904K)->35209K(35904K) NonClass: 26014K(26496K)->26014K(26496K) Class: 9194K(9408K)->9194K(9408K)
[164.008s][info][gc             ] GC(425) Pause Young (Allocation Failure) 475M->193M(649M) 1.084ms
[164.008s][info][gc,cpu         ] GC(425) User=0.00s Sys=0.00s Real=0.01s
[164.250s][info][gc,start       ] GC(426) Pause Young (Allocation Failure)
[164.251s][info][gc,heap        ] GC(426) PSYoungGen: 292416K(310272K)->64K(311808K) Eden: 292352K(292352K)->0K(292352K) From: 64K(17920K)->64K(19456K)
[164.251s][info][gc,heap        ] GC(426) ParOldGen: 197705K(354304K)->197705K(354304K)
[164.251s][info][gc,metaspace   ] GC(426) Metaspace: 35209K(35904K)->35209K(35904K) NonClass: 26014K(26496K)->26014K(26496K) Class: 9194K(9408K)->9194K(9408K)
[164.251s][info][gc             ] GC(426) Pause Young (Allocation Failure) 478M->193M(650M) 1.159ms
[164.251s][info][gc,cpu         ] GC(426) User=0.00s Sys=0.00s Real=0.00s
[164.529s][info][gc,start       ] GC(427) Pause Young (Allocation Failure)
[164.531s][info][gc,heap        ] GC(427) PSYoungGen: 292416K(311808K)->64K(311808K) Eden: 292352K(292352K)->0K(295936K) From: 64K(19456K)->64K(15872K)
[164.531s][info][gc,heap        ] GC(427) ParOldGen: 197705K(354304K)->197705K(354304K)
[164.531s][info][gc,metaspace   ] GC(427) Metaspace: 35209K(35904K)->35209K(35904K) NonClass: 26014K(26496K)->26014K(26496K) Class: 9194K(9408K)->9194K(9408K)
[164.531s][info][gc             ] GC(427) Pause Young (Allocation Failure) 478M->193M(650M) 1.430ms
[164.531s][info][gc,cpu         ] GC(427) User=0.00s Sys=0.00s Real=0.00s
[164.583s][info][gc,start       ] GC(428) Pause Young (Allocation Failure)
[164.584s][info][gc,heap        ] GC(428) PSYoungGen: 296000K(311808K)->64K(313344K) Eden: 295936K(295936K)->0K(295936K) From: 64K(15872K)->64K(17408K)
[164.584s][info][gc,heap        ] GC(428) ParOldGen: 197705K(354304K)->197721K(354304K)
[164.584s][info][gc,metaspace   ] GC(428) Metaspace: 35209K(35904K)->35209K(35904K) NonClass: 26014K(26496K)->26014K(26496K) Class: 9194K(9408K)->9194K(9408K)
[164.584s][info][gc             ] GC(428) Pause Young (Allocation Failure) 482M->193M(652M) 0.925ms
[164.584s][info][gc,cpu         ] GC(428) User=0.00s Sys=0.00s Real=0.00s
[164.696s][info][gc,start       ] GC(429) Pause Young (Allocation Failure)
[164.697s][info][gc,heap        ] GC(429) PSYoungGen: 296000K(313344K)->64K(313856K) Eden: 295936K(295936K)->0K(299520K) From: 64K(17408K)->64K(14336K)
[164.697s][info][gc,heap        ] GC(429) ParOldGen: 197721K(354304K)->197721K(354304K)
[164.697s][info][gc,metaspace   ] GC(429) Metaspace: 35209K(35904K)->35209K(35904K) NonClass: 26014K(26496K)->26014K(26496K) Class: 9194K(9408K)->9194K(9408K)
[164.697s][info][gc             ] GC(429) Pause Young (Allocation Failure) 482M->193M(652M) 0.848ms
[164.697s][info][gc,cpu         ] GC(429) User=0.00s Sys=0.00s Real=0.00s
[164.944s][info][gc,start       ] GC(430) Pause Young (Allocation Failure)
[164.945s][info][gc,heap        ] GC(430) PSYoungGen: 299584K(313856K)->64K(315392K) Eden: 299520K(299520K)->0K(299520K) From: 64K(14336K)->64K(15872K)
[164.945s][info][gc,heap        ] GC(430) ParOldGen: 197721K(354304K)->197729K(354304K)
[164.945s][info][gc,metaspace   ] GC(430) Metaspace: 35209K(35904K)->35209K(35904K) NonClass: 26014K(26496K)->26014K(26496K) Class: 9194K(9408K)->9194K(9408K)
[164.945s][info][gc             ] GC(430) Pause Young (Allocation Failure) 485M->193M(654M) 0.911ms
[164.945s][info][gc,cpu         ] GC(430) User=0.01s Sys=0.00s Real=0.00s
[165.122s][info][gc,start       ] GC(431) Pause Young (Allocation Failure)
[165.123s][info][gc,heap        ] GC(431) PSYoungGen: 299584K(315392K)->64K(288256K) Eden: 299520K(299520K)->0K(287744K) From: 64K(15872K)->64K(512K)
[165.123s][info][gc,heap        ] GC(431) ParOldGen: 197729K(354304K)->197737K(354304K)
[165.123s][info][gc,metaspace   ] GC(431) Metaspace: 35209K(35904K)->35209K(35904K) NonClass: 26014K(26496K)->26014K(26496K) Class: 9194K(9408K)->9194K(9408K)
[165.123s][info][gc             ] GC(431) Pause Young (Allocation Failure) 485M->193M(627M) 1.056ms
[165.123s][info][gc,cpu         ] GC(431) User=0.00s Sys=0.00s Real=0.00s
[165.200s][info][gc,start       ] GC(432) Pause Young (Allocation Failure)
[165.201s][info][gc,heap        ] GC(432) PSYoungGen: 287808K(288256K)->64K(290304K) Eden: 287744K(287744K)->0K(276480K) From: 64K(512K)->64K(13824K)
[165.201s][info][gc,heap        ] GC(432) ParOldGen: 197737K(354304K)->197753K(354304K)
[165.201s][info][gc,metaspace   ] GC(432) Metaspace: 35209K(35904K)->35209K(35904K) NonClass: 26014K(26496K)->26014K(26496K) Class: 9194K(9408K)->9194K(9408K)
[165.201s][info][gc             ] GC(432) Pause Young (Allocation Failure) 474M->193M(629M) 0.886ms
[165.201s][info][gc,cpu         ] GC(432) User=0.00s Sys=0.00s Real=0.00s
[165.345s][info][gc,start       ] GC(433) Pause Young (Allocation Failure)
[165.346s][info][gc,heap        ] GC(433) PSYoungGen: 276544K(290304K)->64K(266240K) Eden: 276480K(276480K)->0K(265728K) From: 64K(13824K)->64K(512K)
[165.346s][info][gc,heap        ] GC(433) ParOldGen: 197753K(354304K)->197753K(354304K)
[165.346s][info][gc,metaspace   ] GC(433) Metaspace: 35209K(35904K)->35209K(35904K) NonClass: 26014K(26496K)->26014K(26496K) Class: 9194K(9408K)->9194K(9408K)
[165.346s][info][gc             ] GC(433) Pause Young (Allocation Failure) 463M->193M(606M) 0.990ms
[165.346s][info][gc,cpu         ] GC(433) User=0.00s Sys=0.00s Real=0.00s
[166.260s][info][gc,start       ] GC(434) Pause Young (Allocation Failure)
[166.261s][info][gc,heap        ] GC(434) PSYoungGen: 265792K(266240K)->64K(267776K) Eden: 265728K(265728K)->0K(255488K) From: 64K(512K)->64K(12288K)
[166.261s][info][gc,heap        ] GC(434) ParOldGen: 197753K(354304K)->197761K(354304K)
[166.261s][info][gc,metaspace   ] GC(434) Metaspace: 35209K(35904K)->35209K(35904K) NonClass: 26014K(26496K)->26014K(26496K) Class: 9194K(9408K)->9194K(9408K)
[166.261s][info][gc             ] GC(434) Pause Young (Allocation Failure) 452M->193M(607M) 0.888ms
[166.261s][info][gc,cpu         ] GC(434) User=0.00s Sys=0.00s Real=0.00s
[166.666s][info][gc,start       ] GC(435) Pause Young (Allocation Failure)
[166.668s][info][gc,heap        ] GC(435) PSYoungGen: 255552K(267776K)->64K(246272K) Eden: 255488K(255488K)->0K(245760K) From: 64K(12288K)->64K(512K)
[166.668s][info][gc,heap        ] GC(435) ParOldGen: 197761K(354304K)->197769K(354304K)
[166.668s][info][gc,metaspace   ] GC(435) Metaspace: 35209K(35904K)->35209K(35904K) NonClass: 26014K(26496K)->26014K(26496K) Class: 9194K(9408K)->9194K(9408K)
[166.668s][info][gc             ] GC(435) Pause Young (Allocation Failure) 442M->193M(586M) 1.677ms
[166.668s][info][gc,cpu         ] GC(435) User=0.00s Sys=0.00s Real=0.01s
[167.238s][info][gc,start       ] GC(436) Pause Young (Allocation Failure)
[167.239s][info][gc,heap        ] GC(436) PSYoungGen: 245824K(246272K)->64K(247296K) Eden: 245760K(245760K)->0K(236544K) From: 64K(512K)->64K(10752K)
[167.239s][info][gc,heap        ] GC(436) ParOldGen: 197769K(354304K)->197777K(354304K)
[167.239s][info][gc,metaspace   ] GC(436) Metaspace: 35209K(35904K)->35209K(35904K) NonClass: 26014K(26496K)->26014K(26496K) Class: 9194K(9408K)->9194K(9408K)
[167.239s][info][gc             ] GC(436) Pause Young (Allocation Failure) 433M->193M(587M) 1.589ms
[167.239s][info][gc,cpu         ] GC(436) User=0.00s Sys=0.00s Real=0.00s
[167.664s][info][gc,start       ] GC(437) Pause Young (Allocation Failure)
[167.666s][info][gc,heap        ] GC(437) PSYoungGen: 236608K(247296K)->64K(227840K) Eden: 236544K(236544K)->0K(227328K) From: 64K(10752K)->64K(512K)
[167.666s][info][gc,heap        ] GC(437) ParOldGen: 197777K(354304K)->197793K(354304K)
[167.666s][info][gc,metaspace   ] GC(437) Metaspace: 35209K(35904K)->35209K(35904K) NonClass: 26014K(26496K)->26014K(26496K) Class: 9194K(9408K)->9194K(9408K)
[167.666s][info][gc             ] GC(437) Pause Young (Allocation Failure) 424M->193M(568M) 2.610ms
[167.666s][info][gc,cpu         ] GC(437) User=0.00s Sys=0.00s Real=0.00s
[168.603s][info][gc,start       ] GC(438) Pause Young (Allocation Failure)
[168.605s][info][gc,heap        ] GC(438) PSYoungGen: 227392K(227840K)->64K(227840K) Eden: 227328K(227328K)->0K(218624K) From: 64K(512K)->64K(9216K)
[168.605s][info][gc,heap        ] GC(438) ParOldGen: 197793K(354304K)->197801K(354304K)
[168.605s][info][gc,metaspace   ] GC(438) Metaspace: 35209K(35904K)->35209K(35904K) NonClass: 26014K(26496K)->26014K(26496K) Class: 9194K(9408K)->9194K(9408K)
[168.605s][info][gc             ] GC(438) Pause Young (Allocation Failure) 415M->193M(568M) 1.603ms
[168.605s][info][gc,cpu         ] GC(438) User=0.00s Sys=0.00s Real=0.00s
[168.968s][info][gc,start       ] GC(439) Pause Young (Allocation Failure)
[168.970s][info][gc,heap        ] GC(439) PSYoungGen: 218688K(227840K)->64K(210944K) Eden: 218624K(218624K)->0K(210432K) From: 64K(9216K)->64K(512K)
[168.970s][info][gc,heap        ] GC(439) ParOldGen: 197801K(354304K)->197817K(354304K)
[168.970s][info][gc,metaspace   ] GC(439) Metaspace: 35209K(35904K)->35209K(35904K) NonClass: 26014K(26496K)->26014K(26496K) Class: 9194K(9408K)->9194K(9408K)
[168.970s][info][gc             ] GC(439) Pause Young (Allocation Failure) 406M->193M(552M) 2.370ms
[168.970s][info][gc,cpu         ] GC(439) User=0.00s Sys=0.00s Real=0.00s
[169.145s][info][gc,start       ] GC(440) Pause Young (Allocation Failure)
[169.146s][info][gc,heap        ] GC(440) PSYoungGen: 210496K(210944K)->64K(210944K) Eden: 210432K(210432K)->0K(202752K) From: 64K(512K)->64K(8192K)
[169.146s][info][gc,heap        ] GC(440) ParOldGen: 197817K(354304K)->197825K(354304K)
[169.146s][info][gc,metaspace   ] GC(440) Metaspace: 35209K(35904K)->35209K(35904K) NonClass: 26014K(26496K)->26014K(26496K) Class: 9194K(9408K)->9194K(9408K)
[169.146s][info][gc             ] GC(440) Pause Young (Allocation Failure) 398M->193M(552M) 1.372ms
[169.146s][info][gc,cpu         ] GC(440) User=0.00s Sys=0.00s Real=0.00s
[169.195s][info][gc,start       ] GC(441) Pause Young (Allocation Failure)
[169.197s][info][gc,heap        ] GC(441) PSYoungGen: 202816K(210944K)->32K(244224K) Eden: 202752K(202752K)->0K(243712K) From: 64K(8192K)->32K(512K)
[169.197s][info][gc,heap        ] GC(441) ParOldGen: 197825K(354304K)->197833K(354304K)
[169.197s][info][gc,metaspace   ] GC(441) Metaspace: 35209K(35904K)->35209K(35904K) NonClass: 26014K(26496K)->26014K(26496K) Class: 9194K(9408K)->9194K(9408K)
[169.197s][info][gc             ] GC(441) Pause Young (Allocation Failure) 391M->193M(584M) 2.046ms
[169.197s][info][gc,cpu         ] GC(441) User=0.00s Sys=0.01s Real=0.01s
[169.631s][info][gc,start       ] GC(442) Pause Young (Allocation Failure)
[169.633s][info][gc,heap        ] GC(442) PSYoungGen: 243744K(244224K)->64K(241664K) Eden: 243712K(243712K)->0K(234496K) From: 32K(512K)->64K(7168K)
[169.633s][info][gc,heap        ] GC(442) ParOldGen: 197833K(354304K)->197833K(354304K)
[169.633s][info][gc,metaspace   ] GC(442) Metaspace: 35209K(35904K)->35209K(35904K) NonClass: 26014K(26496K)->26014K(26496K) Class: 9194K(9408K)->9194K(9408K)
[169.633s][info][gc             ] GC(442) Pause Young (Allocation Failure) 431M->193M(582M) 1.516ms
[169.633s][info][gc,cpu         ] GC(442) User=0.00s Sys=0.00s Real=0.00s
[169.946s][info][gc,start       ] GC(443) Pause Young (Allocation Failure)
[169.948s][info][gc,heap        ] GC(443) PSYoungGen: 234560K(241664K)->64K(226304K) Eden: 234496K(234496K)->0K(225792K) From: 64K(7168K)->64K(512K)
[169.948s][info][gc,heap        ] GC(443) ParOldGen: 197833K(354304K)->197849K(354304K)
[169.948s][info][gc,metaspace   ] GC(443) Metaspace: 35209K(35904K)->35209K(35904K) NonClass: 26014K(26496K)->26014K(26496K) Class: 9194K(9408K)->9194K(9408K)
[169.948s][info][gc             ] GC(443) Pause Young (Allocation Failure) 422M->193M(567M) 1.947ms
[169.948s][info][gc,cpu         ] GC(443) User=0.01s Sys=0.00s Real=0.01s
[170.326s][info][gc,start       ] GC(444) Pause Young (Allocation Failure)
[170.349s][info][gc,heap        ] GC(444) PSYoungGen: 225856K(226304K)->6144K(257536K) Eden: 225792K(225792K)->0K(251392K) From: 64K(512K)->6144K(6144K)
[170.349s][info][gc,heap        ] GC(444) ParOldGen: 197849K(354304K)->199497K(354304K)
[170.349s][info][gc,metaspace   ] GC(444) Metaspace: 35209K(35904K)->35209K(35904K) NonClass: 26014K(26496K)->26014K(26496K) Class: 9194K(9408K)->9194K(9408K)
[170.349s][info][gc             ] GC(444) Pause Young (Allocation Failure) 413M->200M(597M) 22.233ms
[170.349s][info][gc,cpu         ] GC(444) User=0.02s Sys=0.00s Real=0.03s
[170.640s][info][gc,start       ] GC(445) Pause Young (Allocation Failure)
[170.689s][info][gc,heap        ] GC(445) PSYoungGen: 257536K(257536K)->8192K(270336K) Eden: 251392K(251392K)->0K(262144K) From: 6144K(6144K)->8192K(8192K)
[170.689s][info][gc,heap        ] GC(445) ParOldGen: 199497K(354304K)->219641K(354304K)
[170.689s][info][gc,metaspace   ] GC(445) Metaspace: 35209K(35904K)->35209K(35904K) NonClass: 26014K(26496K)->26014K(26496K) Class: 9194K(9408K)->9194K(9408K)
[170.689s][info][gc             ] GC(445) Pause Young (Allocation Failure) 446M->222M(610M) 49.488ms
[170.689s][info][gc,cpu         ] GC(445) User=0.09s Sys=0.00s Real=0.05s
[170.972s][info][gc,start       ] GC(446) Pause Young (Allocation Failure)
[171.025s][info][gc,heap        ] GC(446) PSYoungGen: 270336K(270336K)->17408K(279552K) Eden: 262144K(262144K)->0K(262144K) From: 8192K(8192K)->17408K(17408K)
[171.025s][info][gc,heap        ] GC(446) ParOldGen: 219641K(354304K)->229329K(354304K)
[171.025s][info][gc,metaspace   ] GC(446) Metaspace: 35209K(35904K)->35209K(35904K) NonClass: 26014K(26496K)->26014K(26496K) Class: 9194K(9408K)->9194K(9408K)
[171.025s][info][gc             ] GC(446) Pause Young (Allocation Failure) 478M->240M(619M) 52.914ms
[171.025s][info][gc,cpu         ] GC(446) User=0.10s Sys=0.01s Real=0.05s
[171.104s][info][gc,start       ] GC(447) Pause Young (Allocation Failure)
[171.108s][info][gc,heap        ] GC(447) PSYoungGen: 279552K(279552K)->64K(309760K) Eden: 262144K(262144K)->0K(285184K) From: 17408K(17408K)->64K(24576K)
[171.108s][info][gc,heap        ] GC(447) ParOldGen: 229329K(354304K)->229585K(354304K)
[171.108s][info][gc,metaspace   ] GC(447) Metaspace: 35209K(35904K)->35209K(35904K) NonClass: 26014K(26496K)->26014K(26496K) Class: 9194K(9408K)->9194K(9408K)
[171.108s][info][gc             ] GC(447) Pause Young (Allocation Failure) 496M->224M(648M) 3.583ms
[171.108s][info][gc,cpu         ] GC(447) User=0.01s Sys=0.00s Real=0.01s
[171.727s][info][gc,start       ] GC(448) Pause Young (Allocation Failure)
[171.728s][info][gc,heap        ] GC(448) PSYoungGen: 285248K(309760K)->64K(285696K) Eden: 285184K(285184K)->0K(285184K) From: 64K(24576K)->64K(512K)
[171.728s][info][gc,heap        ] GC(448) ParOldGen: 229585K(354304K)->229593K(354304K)
[171.728s][info][gc,metaspace   ] GC(448) Metaspace: 35209K(35904K)->35209K(35904K) NonClass: 26014K(26496K)->26014K(26496K) Class: 9194K(9408K)->9194K(9408K)
[171.728s][info][gc             ] GC(448) Pause Young (Allocation Failure) 502M->224M(625M) 1.085ms
[171.728s][info][gc,cpu         ] GC(448) User=0.01s Sys=0.00s Real=0.00s
[172.093s][info][gc,start       ] GC(449) Pause Young (Allocation Failure)
[172.094s][info][gc,heap        ] GC(449) PSYoungGen: 285248K(285696K)->64K(308736K) Eden: 285184K(285184K)->0K(285696K) From: 64K(512K)->64K(23040K)
[172.094s][info][gc,heap        ] GC(449) ParOldGen: 229593K(354304K)->229601K(354304K)
[172.094s][info][gc,metaspace   ] GC(449) Metaspace: 35209K(35904K)->35209K(35904K) NonClass: 26014K(26496K)->26014K(26496K) Class: 9194K(9408K)->9194K(9408K)
[172.094s][info][gc             ] GC(449) Pause Young (Allocation Failure) 502M->224M(647M) 1.041ms
[172.094s][info][gc,cpu         ] GC(449) User=0.00s Sys=0.00s Real=0.00s
[172.543s][info][gc,start       ] GC(450) Pause Young (Allocation Failure)
[172.544s][info][gc,heap        ] GC(450) PSYoungGen: 285760K(308736K)->64K(308224K) Eden: 285696K(285696K)->0K(285696K) From: 64K(23040K)->64K(22528K)
[172.544s][info][gc,heap        ] GC(450) ParOldGen: 229601K(354304K)->229617K(354304K)
[172.544s][info][gc,metaspace   ] GC(450) Metaspace: 35209K(35904K)->35209K(35904K) NonClass: 26014K(26496K)->26014K(26496K) Class: 9194K(9408K)->9194K(9408K)
[172.544s][info][gc             ] GC(450) Pause Young (Allocation Failure) 503M->224M(647M) 1.098ms
[172.544s][info][gc,cpu         ] GC(450) User=0.00s Sys=0.00s Real=0.00s
[172.777s][info][gc,start       ] GC(451) Pause Young (Allocation Failure)
[172.778s][info][gc,heap        ] GC(451) PSYoungGen: 285760K(308224K)->64K(310272K) Eden: 285696K(285696K)->0K(289280K) From: 64K(22528K)->64K(20992K)
[172.778s][info][gc,heap        ] GC(451) ParOldGen: 229617K(354304K)->229633K(354304K)
[172.778s][info][gc,metaspace   ] GC(451) Metaspace: 35209K(35904K)->35209K(35904K) NonClass: 26014K(26496K)->26014K(26496K) Class: 9194K(9408K)->9194K(9408K)
[172.778s][info][gc             ] GC(451) Pause Young (Allocation Failure) 503M->224M(649M) 1.000ms
[172.778s][info][gc,cpu         ] GC(451) User=0.00s Sys=0.00s Real=0.00s
[173.152s][info][gc,start       ] GC(452) Pause Young (Allocation Failure)
[173.153s][info][gc,heap        ] GC(452) PSYoungGen: 289344K(310272K)->64K(309760K) Eden: 289280K(289280K)->0K(289280K) From: 64K(20992K)->64K(20480K)
[173.153s][info][gc,heap        ] GC(452) ParOldGen: 229633K(354304K)->229633K(354304K)
[173.153s][info][gc,metaspace   ] GC(452) Metaspace: 35209K(35904K)->35209K(35904K) NonClass: 26014K(26496K)->26014K(26496K) Class: 9194K(9408K)->9194K(9408K)
[173.153s][info][gc             ] GC(452) Pause Young (Allocation Failure) 506M->224M(648M) 1.045ms
[173.153s][info][gc,cpu         ] GC(452) User=0.01s Sys=0.00s Real=0.00s
[173.239s][info][gc,start       ] GC(453) Pause Young (Allocation Failure)
[173.240s][info][gc,heap        ] GC(453) PSYoungGen: 289344K(309760K)->64K(312320K) Eden: 289280K(289280K)->0K(293376K) From: 64K(20480K)->64K(18944K)
[173.240s][info][gc,heap        ] GC(453) ParOldGen: 229633K(354304K)->229641K(354304K)
[173.240s][info][gc,metaspace   ] GC(453) Metaspace: 35209K(35904K)->35209K(35904K) NonClass: 26014K(26496K)->26014K(26496K) Class: 9194K(9408K)->9194K(9408K)
[173.240s][info][gc             ] GC(453) Pause Young (Allocation Failure) 506M->224M(651M) 0.861ms
[173.240s][info][gc,cpu         ] GC(453) User=0.00s Sys=0.00s Real=0.00s
[173.292s][info][gc,start       ] GC(454) Pause Young (Allocation Failure)
[173.293s][info][gc,heap        ] GC(454) PSYoungGen: 293440K(312320K)->64K(311808K) Eden: 293376K(293376K)->0K(293376K) From: 64K(18944K)->64K(18432K)
[173.293s][info][gc,heap        ] GC(454) ParOldGen: 229641K(354304K)->229657K(354304K)
[173.293s][info][gc,metaspace   ] GC(454) Metaspace: 35209K(35904K)->35209K(35904K) NonClass: 26014K(26496K)->26014K(26496K) Class: 9194K(9408K)->9194K(9408K)
[173.293s][info][gc             ] GC(454) Pause Young (Allocation Failure) 510M->224M(650M) 0.858ms
[173.293s][info][gc,cpu         ] GC(454) User=0.00s Sys=0.00s Real=0.00s
[173.465s][info][gc,start       ] GC(455) Pause Young (Allocation Failure)
[173.466s][info][gc,heap        ] GC(455) PSYoungGen: 293440K(311808K)->64K(314368K) Eden: 293376K(293376K)->0K(297472K) From: 64K(18432K)->64K(16896K)
[173.466s][info][gc,heap        ] GC(455) ParOldGen: 229657K(354304K)->229657K(354304K)
[173.466s][info][gc,metaspace   ] GC(455) Metaspace: 35209K(35904K)->35209K(35904K) NonClass: 26014K(26496K)->26014K(26496K) Class: 9194K(9408K)->9194K(9408K)
[173.466s][info][gc             ] GC(455) Pause Young (Allocation Failure) 510M->224M(653M) 0.918ms
[173.466s][info][gc,cpu         ] GC(455) User=0.01s Sys=0.00s Real=0.00s
[173.703s][info][gc,start       ] GC(456) Pause Young (Allocation Failure)
[173.704s][info][gc,heap        ] GC(456) PSYoungGen: 297536K(314368K)->64K(313856K) Eden: 297472K(297472K)->0K(297472K) From: 64K(16896K)->64K(16384K)
[173.704s][info][gc,heap        ] GC(456) ParOldGen: 229657K(354304K)->229665K(354304K)
[173.704s][info][gc,metaspace   ] GC(456) Metaspace: 35210K(35904K)->35210K(35904K) NonClass: 26015K(26496K)->26015K(26496K) Class: 9194K(9408K)->9194K(9408K)
[173.704s][info][gc             ] GC(456) Pause Young (Allocation Failure) 514M->224M(652M) 1.021ms
[173.704s][info][gc,cpu         ] GC(456) User=0.00s Sys=0.00s Real=0.00s
[173.833s][info][gc,start       ] GC(457) Pause Young (Allocation Failure)
[173.834s][info][gc,heap        ] GC(457) PSYoungGen: 297536K(313856K)->64K(286208K) Eden: 297472K(297472K)->0K(285696K) From: 64K(16384K)->64K(512K)
[173.834s][info][gc,heap        ] GC(457) ParOldGen: 229665K(354304K)->229673K(354304K)
[173.834s][info][gc,metaspace   ] GC(457) Metaspace: 35210K(35904K)->35210K(35904K) NonClass: 26015K(26496K)->26015K(26496K) Class: 9194K(9408K)->9194K(9408K)
[173.834s][info][gc             ] GC(457) Pause Young (Allocation Failure) 514M->224M(625M) 0.958ms
[173.834s][info][gc,cpu         ] GC(457) User=0.00s Sys=0.00s Real=0.00s
[173.926s][info][gc,start       ] GC(458) Pause Young (Allocation Failure)
[173.927s][info][gc,heap        ] GC(458) PSYoungGen: 285760K(286208K)->64K(288768K) Eden: 285696K(285696K)->0K(274432K) From: 64K(512K)->64K(14336K)
[173.927s][info][gc,heap        ] GC(458) ParOldGen: 229673K(354304K)->229681K(354304K)
[173.927s][info][gc,metaspace   ] GC(458) Metaspace: 35210K(35904K)->35210K(35904K) NonClass: 26015K(26496K)->26015K(26496K) Class: 9194K(9408K)->9194K(9408K)
[173.927s][info][gc             ] GC(458) Pause Young (Allocation Failure) 503M->224M(628M) 0.806ms
[173.927s][info][gc,cpu         ] GC(458) User=0.00s Sys=0.00s Real=0.01s
[174.081s][info][gc,start       ] GC(459) Pause Young (Allocation Failure)
[174.082s][info][gc,heap        ] GC(459) PSYoungGen: 274496K(288768K)->64K(264192K) Eden: 274432K(274432K)->0K(263680K) From: 64K(14336K)->64K(512K)
[174.082s][info][gc,heap        ] GC(459) ParOldGen: 229681K(354304K)->229689K(354304K)
[174.082s][info][gc,metaspace   ] GC(459) Metaspace: 35210K(35904K)->35210K(35904K) NonClass: 26015K(26496K)->26015K(26496K) Class: 9194K(9408K)->9194K(9408K)
[174.082s][info][gc             ] GC(459) Pause Young (Allocation Failure) 492M->224M(604M) 0.901ms
[174.082s][info][gc,cpu         ] GC(459) User=0.00s Sys=0.00s Real=0.00s
[174.958s][info][gc,start       ] GC(460) Pause Young (Allocation Failure)
[174.959s][info][gc,heap        ] GC(460) PSYoungGen: 263744K(264192K)->83K(266240K) Eden: 263680K(263680K)->0K(253440K) From: 64K(512K)->83K(12800K)
[174.959s][info][gc,heap        ] GC(460) ParOldGen: 229689K(354304K)->229697K(354304K)
[174.959s][info][gc,metaspace   ] GC(460) Metaspace: 35210K(35904K)->35210K(35904K) NonClass: 26015K(26496K)->26015K(26496K) Class: 9194K(9408K)->9194K(9408K)
[174.959s][info][gc             ] GC(460) Pause Young (Allocation Failure) 481M->224M(606M) 0.890ms
[174.959s][info][gc,cpu         ] GC(460) User=0.00s Sys=0.00s Real=0.00s
[175.778s][info][gc,start       ] GC(461) Pause Young (Allocation Failure)
[175.779s][info][gc,heap        ] GC(461) PSYoungGen: 253523K(266240K)->64K(244224K) Eden: 253440K(253440K)->0K(243712K) From: 83K(12800K)->64K(512K)
[175.779s][info][gc,heap        ] GC(461) ParOldGen: 229697K(354304K)->229705K(354304K)
[175.779s][info][gc,metaspace   ] GC(461) Metaspace: 35210K(35904K)->35210K(35904K) NonClass: 26015K(26496K)->26015K(26496K) Class: 9194K(9408K)->9194K(9408K)
[175.779s][info][gc             ] GC(461) Pause Young (Allocation Failure) 471M->224M(584M) 1.398ms
[175.779s][info][gc,cpu         ] GC(461) User=0.00s Sys=0.00s Real=0.00s
[176.039s][info][gc,start       ] GC(462) Pause Young (Allocation Failure)
[176.040s][info][gc,heap        ] GC(462) PSYoungGen: 243776K(244224K)->64K(245760K) Eden: 243712K(243712K)->0K(234496K) From: 64K(512K)->64K(11264K)
[176.040s][info][gc,heap        ] GC(462) ParOldGen: 229705K(354304K)->229713K(354304K)
[176.040s][info][gc,metaspace   ] GC(462) Metaspace: 35210K(35904K)->35210K(35904K) NonClass: 26015K(26496K)->26015K(26496K) Class: 9194K(9408K)->9194K(9408K)
[176.040s][info][gc             ] GC(462) Pause Young (Allocation Failure) 462M->224M(586M) 0.880ms
[176.040s][info][gc,cpu         ] GC(462) User=0.00s Sys=0.00s Real=0.00s
[176.451s][info][gc,start       ] GC(463) Pause Young (Allocation Failure)
[176.453s][info][gc,heap        ] GC(463) PSYoungGen: 234560K(245760K)->64K(226304K) Eden: 234496K(234496K)->0K(225792K) From: 64K(11264K)->64K(512K)
[176.453s][info][gc,heap        ] GC(463) ParOldGen: 229713K(354304K)->229721K(354304K)
[176.453s][info][gc,metaspace   ] GC(463) Metaspace: 35210K(35904K)->35210K(35904K) NonClass: 26015K(26496K)->26015K(26496K) Class: 9194K(9408K)->9194K(9408K)
[176.453s][info][gc             ] GC(463) Pause Young (Allocation Failure) 453M->224M(567M) 1.690ms
[176.453s][info][gc,cpu         ] GC(463) User=0.00s Sys=0.00s Real=0.00s
[177.363s][info][gc,start       ] GC(464) Pause Young (Allocation Failure)
[177.363s][info][gc,heap        ] GC(464) PSYoungGen: 225856K(226304K)->64K(226816K) Eden: 225792K(225792K)->0K(217088K) From: 64K(512K)->64K(9728K)
[177.363s][info][gc,heap        ] GC(464) ParOldGen: 229721K(354304K)->229729K(354304K)
[177.363s][info][gc,metaspace   ] GC(464) Metaspace: 35210K(35904K)->35210K(35904K) NonClass: 26015K(26496K)->26015K(26496K) Class: 9194K(9408K)->9194K(9408K)
[177.363s][info][gc             ] GC(464) Pause Young (Allocation Failure) 444M->224M(567M) 0.962ms
[177.363s][info][gc,cpu         ] GC(464) User=0.00s Sys=0.00s Real=0.00s
[177.682s][info][gc,start       ] GC(465) Pause Young (Allocation Failure)
[177.684s][info][gc,heap        ] GC(465) PSYoungGen: 217152K(226816K)->64K(209408K) Eden: 217088K(217088K)->0K(208896K) From: 64K(9728K)->64K(512K)
[177.684s][info][gc,heap        ] GC(465) ParOldGen: 229729K(354304K)->229737K(354304K)
[177.684s][info][gc,metaspace   ] GC(465) Metaspace: 35210K(35904K)->35210K(35904K) NonClass: 26015K(26496K)->26015K(26496K) Class: 9194K(9408K)->9194K(9408K)
[177.684s][info][gc             ] GC(465) Pause Young (Allocation Failure) 436M->224M(550M) 2.360ms
[177.684s][info][gc,cpu         ] GC(465) User=0.00s Sys=0.00s Real=0.00s
[177.824s][info][gc,start       ] GC(466) Pause Young (Allocation Failure)
[177.825s][info][gc,heap        ] GC(466) PSYoungGen: 208960K(209408K)->64K(209920K) Eden: 208896K(208896K)->0K(201216K) From: 64K(512K)->64K(8704K)
[177.825s][info][gc,heap        ] GC(466) ParOldGen: 229737K(354304K)->229745K(354304K)
[177.825s][info][gc,metaspace   ] GC(466) Metaspace: 35210K(35904K)->35210K(35904K) NonClass: 26015K(26496K)->26015K(26496K) Class: 9194K(9408K)->9194K(9408K)
[177.825s][info][gc             ] GC(466) Pause Young (Allocation Failure) 428M->224M(551M) 1.395ms
[177.825s][info][gc,cpu         ] GC(466) User=0.00s Sys=0.00s Real=0.00s
[177.895s][info][gc,start       ] GC(467) Pause Young (Allocation Failure)
[177.897s][info][gc,heap        ] GC(467) PSYoungGen: 201280K(209920K)->64K(194560K) Eden: 201216K(201216K)->0K(194048K) From: 64K(8704K)->64K(512K)
[177.897s][info][gc,heap        ] GC(467) ParOldGen: 229745K(354304K)->229761K(354304K)
[177.897s][info][gc,metaspace   ] GC(467) Metaspace: 35210K(35904K)->35210K(35904K) NonClass: 26015K(26496K)->26015K(26496K) Class: 9194K(9408K)->9194K(9408K)
[177.897s][info][gc             ] GC(467) Pause Young (Allocation Failure) 420M->224M(536M) 2.093ms
[177.897s][info][gc,cpu         ] GC(467) User=0.00s Sys=0.01s Real=0.01s
[178.338s][info][gc,start       ] GC(468) Pause Young (Allocation Failure)
[178.339s][info][gc,heap        ] GC(468) PSYoungGen: 194112K(194560K)->32K(194048K) Eden: 194048K(194048K)->0K(186880K) From: 64K(512K)->32K(7168K)
[178.339s][info][gc,heap        ] GC(468) ParOldGen: 229761K(354304K)->229769K(354304K)
[178.339s][info][gc,metaspace   ] GC(468) Metaspace: 35210K(35904K)->35210K(35904K) NonClass: 26015K(26496K)->26015K(26496K) Class: 9194K(9408K)->9194K(9408K)
[178.339s][info][gc             ] GC(468) Pause Young (Allocation Failure) 413M->224M(535M) 1.479ms
[178.339s][info][gc,cpu         ] GC(468) User=0.00s Sys=0.00s Real=0.00s
[178.559s][info][gc,start       ] GC(469) Pause Young (Allocation Failure)
[178.562s][info][gc,heap        ] GC(469) PSYoungGen: 186912K(194048K)->64K(180736K) Eden: 186880K(186880K)->0K(180224K) From: 32K(7168K)->64K(512K)
[178.562s][info][gc,heap        ] GC(469) ParOldGen: 229769K(354304K)->229785K(354304K)
[178.562s][info][gc,metaspace   ] GC(469) Metaspace: 35210K(35904K)->35210K(35904K) NonClass: 26015K(26496K)->26015K(26496K) Class: 9194K(9408K)->9194K(9408K)
[178.562s][info][gc             ] GC(469) Pause Young (Allocation Failure) 406M->224M(522M) 2.283ms
[178.562s][info][gc,cpu         ] GC(469) User=0.00s Sys=0.00s Real=0.00s
[178.870s][info][gc,start       ] GC(470) Pause Young (Allocation Failure)
[178.872s][info][gc,heap        ] GC(470) PSYoungGen: 180288K(180736K)->32K(180224K) Eden: 180224K(180224K)->0K(174080K) From: 64K(512K)->32K(6144K)
[178.872s][info][gc,heap        ] GC(470) ParOldGen: 229785K(354304K)->229793K(354304K)
[178.872s][info][gc,metaspace   ] GC(470) Metaspace: 35210K(35904K)->35210K(35904K) NonClass: 26015K(26496K)->26015K(26496K) Class: 9194K(9408K)->9194K(9408K)
[178.872s][info][gc             ] GC(470) Pause Young (Allocation Failure) 400M->224M(522M) 1.621ms
[178.872s][info][gc,cpu         ] GC(470) User=0.00s Sys=0.00s Real=0.00s
[179.078s][info][gc,start       ] GC(471) Pause Young (Allocation Failure)
[179.108s][info][gc,heap        ] GC(471) PSYoungGen: 174112K(180224K)->6144K(215040K) Eden: 174080K(174080K)->0K(208896K) From: 32K(6144K)->6144K(6144K)
[179.108s][info][gc,heap        ] GC(471) ParOldGen: 229793K(354304K)->242785K(354304K)
[179.108s][info][gc,metaspace   ] GC(471) Metaspace: 35210K(35904K)->35210K(35904K) NonClass: 26015K(26496K)->26015K(26496K) Class: 9194K(9408K)->9194K(9408K)
[179.108s][info][gc             ] GC(471) Pause Young (Allocation Failure) 394M->243M(556M) 30.887ms
[179.108s][info][gc,cpu         ] GC(471) User=0.06s Sys=0.00s Real=0.03s
[179.356s][info][gc,start       ] GC(472) Pause Young (Allocation Failure)
[179.395s][info][gc,heap        ] GC(472) PSYoungGen: 215040K(215040K)->12288K(247808K) Eden: 208896K(208896K)->0K(235520K) From: 6144K(6144K)->12288K(12288K)
[179.395s][info][gc,heap        ] GC(472) ParOldGen: 242785K(354304K)->254345K(354304K)
[179.395s][info][gc,metaspace   ] GC(472) Metaspace: 35210K(35904K)->35210K(35904K) NonClass: 26015K(26496K)->26015K(26496K) Class: 9194K(9408K)->9194K(9408K)
[179.395s][info][gc             ] GC(472) Pause Young (Allocation Failure) 447M->260M(588M) 39.107ms
[179.395s][info][gc,cpu         ] GC(472) User=0.08s Sys=0.00s Real=0.04s
[179.616s][info][gc,start       ] GC(473) Pause Young (Allocation Failure)
[179.658s][info][gc,heap        ] GC(473) PSYoungGen: 247808K(247808K)->19456K(266240K) Eden: 235520K(235520K)->0K(246784K) From: 12288K(12288K)->19456K(19456K)
[179.658s][info][gc,heap        ] GC(473) ParOldGen: 254345K(354304K)->255185K(354304K)
[179.658s][info][gc,metaspace   ] GC(473) Metaspace: 35210K(35904K)->35210K(35904K) NonClass: 26015K(26496K)->26015K(26496K) Class: 9194K(9408K)->9194K(9408K)
[179.658s][info][gc             ] GC(473) Pause Young (Allocation Failure) 490M->268M(606M) 42.009ms
[179.658s][info][gc,cpu         ] GC(473) User=0.07s Sys=0.01s Real=0.05s
[179.739s][info][gc,start       ] GC(474) Pause Young (Allocation Failure)
[179.740s][info][gc,heap        ] GC(474) PSYoungGen: 266240K(266240K)->64K(270336K) Eden: 246784K(246784K)->0K(246784K) From: 19456K(19456K)->64K(23552K)
[179.740s][info][gc,heap        ] GC(474) ParOldGen: 255185K(354304K)->255209K(354304K)
[179.740s][info][gc,metaspace   ] GC(474) Metaspace: 35210K(35904K)->35210K(35904K) NonClass: 26015K(26496K)->26015K(26496K) Class: 9194K(9408K)->9194K(9408K)
[179.740s][info][gc             ] GC(474) Pause Young (Allocation Failure) 509M->249M(610M) 1.235ms
[179.740s][info][gc,cpu         ] GC(474) User=0.00s Sys=0.00s Real=0.00s
[180.304s][info][gc,start       ] GC(475) Pause Young (Allocation Failure)
[180.305s][info][gc,heap        ] GC(475) PSYoungGen: 246848K(270336K)->64K(307712K) Eden: 246784K(246784K)->0K(287232K) From: 64K(23552K)->64K(20480K)
[180.306s][info][gc,heap        ] GC(475) ParOldGen: 255209K(354304K)->255217K(354304K)
[180.306s][info][gc,metaspace   ] GC(475) Metaspace: 35210K(35904K)->35210K(35904K) NonClass: 26015K(26496K)->26015K(26496K) Class: 9194K(9408K)->9194K(9408K)
[180.306s][info][gc             ] GC(475) Pause Young (Allocation Failure) 490M->249M(646M) 1.101ms
[180.306s][info][gc,cpu         ] GC(475) User=0.00s Sys=0.00s Real=0.00s
[180.717s][info][gc,start       ] GC(476) Pause Young (Allocation Failure)
[180.718s][info][gc,heap        ] GC(476) PSYoungGen: 287296K(307712K)->64K(309248K) Eden: 287232K(287232K)->0K(287232K) From: 64K(20480K)->64K(22016K)
[180.718s][info][gc,heap        ] GC(476) ParOldGen: 255217K(354304K)->255225K(354304K)
[180.718s][info][gc,metaspace   ] GC(476) Metaspace: 35210K(35904K)->35210K(35904K) NonClass: 26015K(26496K)->26015K(26496K) Class: 9194K(9408K)->9194K(9408K)
[180.718s][info][gc             ] GC(476) Pause Young (Allocation Failure) 529M->249M(648M) 1.136ms
[180.718s][info][gc,cpu         ] GC(476) User=0.00s Sys=0.00s Real=0.01s
[181.170s][info][gc,start       ] GC(477) Pause Young (Allocation Failure)
[181.171s][info][gc,heap        ] GC(477) PSYoungGen: 287296K(309248K)->64K(309248K) Eden: 287232K(287232K)->0K(290304K) From: 64K(22016K)->64K(18944K)
[181.171s][info][gc,heap        ] GC(477) ParOldGen: 255225K(354304K)->255241K(354304K)
[181.171s][info][gc,metaspace   ] GC(477) Metaspace: 35210K(35904K)->35210K(35904K) NonClass: 26015K(26496K)->26015K(26496K) Class: 9194K(9408K)->9194K(9408K)
[181.171s][info][gc             ] GC(477) Pause Young (Allocation Failure) 529M->249M(648M) 1.133ms
[181.171s][info][gc,cpu         ] GC(477) User=0.00s Sys=0.00s Real=0.00s
[181.410s][info][gc,start       ] GC(478) Pause Young (Allocation Failure)
[181.411s][info][gc,heap        ] GC(478) PSYoungGen: 290368K(309248K)->64K(310784K) Eden: 290304K(290304K)->0K(290304K) From: 64K(18944K)->64K(20480K)
[181.411s][info][gc,heap        ] GC(478) ParOldGen: 255241K(354304K)->255257K(354304K)
[181.411s][info][gc,metaspace   ] GC(478) Metaspace: 35210K(35904K)->35210K(35904K) NonClass: 26015K(26496K)->26015K(26496K) Class: 9194K(9408K)->9194K(9408K)
[181.411s][info][gc             ] GC(478) Pause Young (Allocation Failure) 532M->249M(649M) 1.088ms
[181.411s][info][gc,cpu         ] GC(478) User=0.00s Sys=0.00s Real=0.00s
[181.774s][info][gc,start       ] GC(479) Pause Young (Allocation Failure)
[181.775s][info][gc,heap        ] GC(479) PSYoungGen: 290368K(310784K)->64K(310784K) Eden: 290304K(290304K)->0K(293888K) From: 64K(20480K)->64K(16896K)
[181.775s][info][gc,heap        ] GC(479) ParOldGen: 255257K(354304K)->255257K(354304K)
[181.775s][info][gc,metaspace   ] GC(479) Metaspace: 35210K(35904K)->35210K(35904K) NonClass: 26015K(26496K)->26015K(26496K) Class: 9194K(9408K)->9194K(9408K)
[181.775s][info][gc             ] GC(479) Pause Young (Allocation Failure) 532M->249M(649M) 1.059ms
[181.775s][info][gc,cpu         ] GC(479) User=0.01s Sys=0.00s Real=0.00s
[181.873s][info][gc,start       ] GC(480) Pause Young (Allocation Failure)
[181.874s][info][gc,heap        ] GC(480) PSYoungGen: 293952K(310784K)->64K(312320K) Eden: 293888K(293888K)->0K(293888K) From: 64K(16896K)->64K(18432K)
[181.874s][info][gc,heap        ] GC(480) ParOldGen: 255257K(354304K)->255265K(354304K)
[181.874s][info][gc,metaspace   ] GC(480) Metaspace: 35210K(35904K)->35210K(35904K) NonClass: 26015K(26496K)->26015K(26496K) Class: 9194K(9408K)->9194K(9408K)
[181.874s][info][gc             ] GC(480) Pause Young (Allocation Failure) 536M->249M(651M) 1.039ms
[181.874s][info][gc,cpu         ] GC(480) User=0.00s Sys=0.00s Real=0.00s
[181.924s][info][gc,start       ] GC(481) Pause Young (Allocation Failure)
[181.925s][info][gc,heap        ] GC(481) PSYoungGen: 293952K(312320K)->64K(312832K) Eden: 293888K(293888K)->0K(297984K) From: 64K(18432K)->64K(14848K)
[181.925s][info][gc,heap        ] GC(481) ParOldGen: 255265K(354304K)->255281K(354304K)
[181.925s][info][gc,metaspace   ] GC(481) Metaspace: 35210K(35904K)->35210K(35904K) NonClass: 26015K(26496K)->26015K(26496K) Class: 9194K(9408K)->9194K(9408K)
[181.925s][info][gc             ] GC(481) Pause Young (Allocation Failure) 536M->249M(651M) 0.960ms
[181.925s][info][gc,cpu         ] GC(481) User=0.00s Sys=0.00s Real=0.00s
[182.096s][info][gc,start       ] GC(482) Pause Young (Allocation Failure)
[182.097s][info][gc,heap        ] GC(482) PSYoungGen: 298048K(312832K)->64K(314368K) Eden: 297984K(297984K)->0K(297984K) From: 64K(14848K)->64K(16384K)
[182.097s][info][gc,heap        ] GC(482) ParOldGen: 255281K(354304K)->255281K(354304K)
[182.097s][info][gc,metaspace   ] GC(482) Metaspace: 35210K(35904K)->35210K(35904K) NonClass: 26015K(26496K)->26015K(26496K) Class: 9194K(9408K)->9194K(9408K)
[182.097s][info][gc             ] GC(482) Pause Young (Allocation Failure) 540M->249M(653M) 1.012ms
[182.097s][info][gc,cpu         ] GC(482) User=0.00s Sys=0.00s Real=0.01s
[182.331s][info][gc,start       ] GC(483) Pause Young (Allocation Failure)
[182.331s][info][gc,heap        ] GC(483) PSYoungGen: 298048K(314368K)->64K(314880K) Eden: 297984K(297984K)->0K(301568K) From: 64K(16384K)->64K(13312K)
[182.331s][info][gc,heap        ] GC(483) ParOldGen: 255281K(354304K)->255289K(354304K)
[182.331s][info][gc,metaspace   ] GC(483) Metaspace: 35210K(35904K)->35210K(35904K) NonClass: 26015K(26496K)->26015K(26496K) Class: 9194K(9408K)->9194K(9408K)
[182.331s][info][gc             ] GC(483) Pause Young (Allocation Failure) 540M->249M(653M) 0.940ms
[182.331s][info][gc,cpu         ] GC(483) User=0.00s Sys=0.00s Real=0.00s
[182.465s][info][gc,start       ] GC(484) Pause Young (Allocation Failure)
[182.466s][info][gc,heap        ] GC(484) PSYoungGen: 301632K(314880K)->64K(289792K) Eden: 301568K(301568K)->0K(289280K) From: 64K(13312K)->64K(512K)
[182.466s][info][gc,heap        ] GC(484) ParOldGen: 255289K(354304K)->255297K(354304K)
[182.466s][info][gc,metaspace   ] GC(484) Metaspace: 35210K(35904K)->35210K(35904K) NonClass: 26015K(26496K)->26015K(26496K) Class: 9194K(9408K)->9194K(9408K)
[182.466s][info][gc             ] GC(484) Pause Young (Allocation Failure) 543M->249M(629M) 1.055ms
[182.466s][info][gc,cpu         ] GC(484) User=0.00s Sys=0.00s Real=0.00s
[182.561s][info][gc,start       ] GC(485) Pause Young (Allocation Failure)
[182.562s][info][gc,heap        ] GC(485) PSYoungGen: 289344K(289792K)->64K(278016K) Eden: 289280K(289280K)->0K(277504K) From: 64K(512K)->64K(512K)
[182.562s][info][gc,heap        ] GC(485) ParOldGen: 255297K(354304K)->255305K(354304K)
[182.562s][info][gc,metaspace   ] GC(485) Metaspace: 35210K(35904K)->35210K(35904K) NonClass: 26015K(26496K)->26015K(26496K) Class: 9194K(9408K)->9194K(9408K)
[182.562s][info][gc             ] GC(485) Pause Young (Allocation Failure) 531M->249M(617M) 1.006ms
[182.562s][info][gc,cpu         ] GC(485) User=0.00s Sys=0.00s Real=0.00s
[182.717s][info][gc,start       ] GC(486) Pause Young (Allocation Failure)
[182.718s][info][gc,heap        ] GC(486) PSYoungGen: 277568K(278016K)->64K(280064K) Eden: 277504K(277504K)->0K(266752K) From: 64K(512K)->64K(13312K)
[182.718s][info][gc,heap        ] GC(486) ParOldGen: 255305K(354304K)->255313K(354304K)
[182.718s][info][gc,metaspace   ] GC(486) Metaspace: 35210K(35904K)->35210K(35904K) NonClass: 26015K(26496K)->26015K(26496K) Class: 9194K(9408K)->9194K(9408K)
[182.718s][info][gc             ] GC(486) Pause Young (Allocation Failure) 520M->249M(619M) 0.871ms
[182.718s][info][gc,cpu         ] GC(486) User=0.00s Sys=0.00s Real=0.00s
[183.588s][info][gc,start       ] GC(487) Pause Young (Allocation Failure)
[183.589s][info][gc,heap        ] GC(487) PSYoungGen: 266816K(280064K)->64K(257024K) Eden: 266752K(266752K)->0K(256512K) From: 64K(13312K)->64K(512K)
[183.590s][info][gc,heap        ] GC(487) ParOldGen: 255313K(354304K)->255321K(354304K)
[183.590s][info][gc,metaspace   ] GC(487) Metaspace: 35210K(35904K)->35210K(35904K) NonClass: 26015K(26496K)->26015K(26496K) Class: 9194K(9408K)->9194K(9408K)
[183.590s][info][gc             ] GC(487) Pause Young (Allocation Failure) 509M->249M(597M) 1.500ms
[183.590s][info][gc,cpu         ] GC(487) User=0.00s Sys=0.00s Real=0.00s
[184.409s][info][gc,start       ] GC(488) Pause Young (Allocation Failure)
[184.410s][info][gc,heap        ] GC(488) PSYoungGen: 256576K(257024K)->32K(258048K) Eden: 256512K(256512K)->0K(246784K) From: 64K(512K)->32K(11264K)
[184.410s][info][gc,heap        ] GC(488) ParOldGen: 255321K(354304K)->255329K(354304K)
[184.410s][info][gc,metaspace   ] GC(488) Metaspace: 35210K(35904K)->35210K(35904K) NonClass: 26015K(26496K)->26015K(26496K) Class: 9194K(9408K)->9194K(9408K)
[184.410s][info][gc             ] GC(488) Pause Young (Allocation Failure) 499M->249M(598M) 1.496ms
[184.410s][info][gc,cpu         ] GC(488) User=0.00s Sys=0.00s Real=0.00s
[184.699s][info][gc,start       ] GC(489) Pause Young (Allocation Failure)
[184.700s][info][gc,heap        ] GC(489) PSYoungGen: 246816K(258048K)->64K(237568K) Eden: 246784K(246784K)->0K(237056K) From: 32K(11264K)->64K(512K)
[184.700s][info][gc,heap        ] GC(489) ParOldGen: 255329K(354304K)->255337K(354304K)
[184.700s][info][gc,metaspace   ] GC(489) Metaspace: 35210K(35904K)->35210K(35904K) NonClass: 26015K(26496K)->26015K(26496K) Class: 9194K(9408K)->9194K(9408K)
[184.700s][info][gc             ] GC(489) Pause Young (Allocation Failure) 490M->249M(578M) 1.582ms
[184.700s][info][gc,cpu         ] GC(489) User=0.00s Sys=0.00s Real=0.00s
[185.096s][info][gc,start       ] GC(490) Pause Young (Allocation Failure)
[185.097s][info][gc,heap        ] GC(490) PSYoungGen: 237120K(237568K)->64K(238080K) Eden: 237056K(237056K)->0K(227840K) From: 64K(512K)->64K(10240K)
[185.097s][info][gc,heap        ] GC(490) ParOldGen: 255337K(354304K)->255345K(354304K)
[185.097s][info][gc,metaspace   ] GC(490) Metaspace: 35210K(35904K)->35210K(35904K) NonClass: 26015K(26496K)->26015K(26496K) Class: 9194K(9408K)->9194K(9408K)
[185.097s][info][gc             ] GC(490) Pause Young (Allocation Failure) 480M->249M(578M) 0.942ms
[185.097s][info][gc,cpu         ] GC(490) User=0.01s Sys=0.00s Real=0.00s
[186.006s][info][gc,start       ] GC(491) Pause Young (Allocation Failure)
[186.008s][info][gc,heap        ] GC(491) PSYoungGen: 227904K(238080K)->64K(219648K) Eden: 227840K(227840K)->0K(219136K) From: 64K(10240K)->64K(512K)
[186.008s][info][gc,heap        ] GC(491) ParOldGen: 255345K(354304K)->255353K(354304K)
[186.008s][info][gc,metaspace   ] GC(491) Metaspace: 35210K(35904K)->35210K(35904K) NonClass: 26015K(26496K)->26015K(26496K) Class: 9194K(9408K)->9194K(9408K)
[186.008s][info][gc             ] GC(491) Pause Young (Allocation Failure) 471M->249M(560M) 2.062ms
[186.008s][info][gc,cpu         ] GC(491) User=0.00s Sys=0.00s Real=0.01s
[186.312s][info][gc,start       ] GC(492) Pause Young (Allocation Failure)
[186.313s][info][gc,heap        ] GC(492) PSYoungGen: 219200K(219648K)->64K(219648K) Eden: 219136K(219136K)->0K(210944K) From: 64K(512K)->64K(8704K)
[186.313s][info][gc,heap        ] GC(492) ParOldGen: 255353K(354304K)->255361K(354304K)
[186.313s][info][gc,metaspace   ] GC(492) Metaspace: 35210K(35904K)->35210K(35904K) NonClass: 26015K(26496K)->26015K(26496K) Class: 9194K(9408K)->9194K(9408K)
[186.313s][info][gc             ] GC(492) Pause Young (Allocation Failure) 463M->249M(560M) 1.353ms
[186.313s][info][gc,cpu         ] GC(492) User=0.00s Sys=0.00s Real=0.00s
[186.443s][info][gc,start       ] GC(493) Pause Young (Allocation Failure)
[186.445s][info][gc,heap        ] GC(493) PSYoungGen: 211008K(219648K)->64K(203776K) Eden: 210944K(210944K)->0K(203264K) From: 64K(8704K)->64K(512K)
[186.445s][info][gc,heap        ] GC(493) ParOldGen: 255361K(354304K)->255369K(354304K)
[186.445s][info][gc,metaspace   ] GC(493) Metaspace: 35210K(35904K)->35210K(35904K) NonClass: 26015K(26496K)->26015K(26496K) Class: 9194K(9408K)->9194K(9408K)
[186.445s][info][gc             ] GC(493) Pause Young (Allocation Failure) 455M->249M(545M) 2.126ms
[186.445s][info][gc,cpu         ] GC(493) User=0.00s Sys=0.00s Real=0.00s
[186.527s][info][gc,start       ] GC(494) Pause Young (Allocation Failure)
[186.528s][info][gc,heap        ] GC(494) PSYoungGen: 203328K(203776K)->32K(203264K) Eden: 203264K(203264K)->0K(195584K) From: 64K(512K)->32K(7680K)
[186.528s][info][gc,heap        ] GC(494) ParOldGen: 255369K(354304K)->255377K(354304K)
[186.528s][info][gc,metaspace   ] GC(494) Metaspace: 35210K(35904K)->35210K(35904K) NonClass: 26015K(26496K)->26015K(26496K) Class: 9194K(9408K)->9194K(9408K)
[186.529s][info][gc             ] GC(494) Pause Young (Allocation Failure) 447M->249M(544M) 1.498ms
[186.529s][info][gc,cpu         ] GC(494) User=0.00s Sys=0.00s Real=0.00s
[187.029s][info][gc,start       ] GC(495) Pause Young (Allocation Failure)
[187.032s][info][gc,heap        ] GC(495) PSYoungGen: 195616K(203264K)->64K(188928K) Eden: 195584K(195584K)->0K(188416K) From: 32K(7680K)->64K(512K)
[187.032s][info][gc,heap        ] GC(495) ParOldGen: 255377K(354304K)->255393K(354304K)
[187.032s][info][gc,metaspace   ] GC(495) Metaspace: 35210K(35904K)->35210K(35904K) NonClass: 26015K(26496K)->26015K(26496K) Class: 9194K(9408K)->9194K(9408K)
[187.032s][info][gc             ] GC(495) Pause Young (Allocation Failure) 440M->249M(530M) 2.309ms
[187.032s][info][gc,cpu         ] GC(495) User=0.00s Sys=0.00s Real=0.00s
[187.223s][info][gc,start       ] GC(496) Pause Young (Allocation Failure)
[187.224s][info][gc,heap        ] GC(496) PSYoungGen: 188480K(188928K)->64K(188416K) Eden: 188416K(188416K)->0K(181760K) From: 64K(512K)->64K(6656K)
[187.224s][info][gc,heap        ] GC(496) ParOldGen: 255393K(354304K)->255409K(354304K)
[187.224s][info][gc,metaspace   ] GC(496) Metaspace: 35210K(35904K)->35210K(35904K) NonClass: 26015K(26496K)->26015K(26496K) Class: 9194K(9408K)->9194K(9408K)
[187.224s][info][gc             ] GC(496) Pause Young (Allocation Failure) 433M->249M(530M) 1.580ms
[187.224s][info][gc,cpu         ] GC(496) User=0.00s Sys=0.00s Real=0.00s
[187.531s][info][gc,start       ] GC(497) Pause Young (Allocation Failure)
[187.539s][info][gc,heap        ] GC(497) PSYoungGen: 181823K(188416K)->3264K(221696K) Eden: 181759K(181760K)->0K(218112K) From: 64K(6656K)->3264K(3584K)
[187.539s][info][gc,heap        ] GC(497) ParOldGen: 255409K(354304K)->255425K(354304K)
[187.539s][info][gc,metaspace   ] GC(497) Metaspace: 35210K(35904K)->35210K(35904K) NonClass: 26015K(26496K)->26015K(26496K) Class: 9194K(9408K)->9194K(9408K)
[187.539s][info][gc             ] GC(497) Pause Young (Allocation Failure) 426M->252M(562M) 8.265ms
[187.539s][info][gc,cpu         ] GC(497) User=0.01s Sys=0.00s Real=0.01s
[187.795s][info][gc,start       ] GC(498) Pause Young (Allocation Failure)
[187.841s][info][gc,heap        ] GC(498) PSYoungGen: 221376K(221696K)->6656K(250880K) Eden: 218112K(218112K)->0K(244224K) From: 3264K(3584K)->6656K(6656K)
[187.841s][info][gc,heap        ] GC(498) ParOldGen: 255425K(354304K)->273313K(354304K)
[187.841s][info][gc,metaspace   ] GC(498) Metaspace: 35210K(35904K)->35210K(35904K) NonClass: 26015K(26496K)->26015K(26496K) Class: 9194K(9408K)->9194K(9408K)
[187.841s][info][gc             ] GC(498) Pause Young (Allocation Failure) 465M->273M(591M) 46.121ms
[187.841s][info][gc,cpu         ] GC(498) User=0.09s Sys=0.00s Real=0.05s
[188.144s][info][gc,start       ] GC(499) Pause Young (Allocation Failure)
[188.197s][info][gc,heap        ] GC(499) PSYoungGen: 250880K(250880K)->14848K(268800K) Eden: 244224K(244224K)->0K(253952K) From: 6656K(6656K)->14848K(14848K)
[188.197s][info][gc,heap        ] GC(499) ParOldGen: 273313K(354304K)->286425K(354304K)
[188.197s][info][gc,metaspace   ] GC(499) Metaspace: 35210K(35904K)->35210K(35904K) NonClass: 26015K(26496K)->26015K(26496K) Class: 9194K(9408K)->9194K(9408K)
[188.197s][info][gc             ] GC(499) Pause Young (Allocation Failure) 511M->294M(608M) 53.663ms
[188.197s][info][gc,cpu         ] GC(499) User=0.10s Sys=0.01s Real=0.06s
[188.319s][info][gc,start       ] GC(500) Pause Young (Allocation Failure)
[188.343s][info][gc,heap        ] GC(500) PSYoungGen: 268800K(268800K)->7424K(276992K) Eden: 253952K(253952K)->0K(253952K) From: 14848K(14848K)->7424K(23040K)
[188.343s][info][gc,heap        ] GC(500) ParOldGen: 286425K(354304K)->286777K(354304K)
[188.343s][info][gc,metaspace   ] GC(500) Metaspace: 35210K(35904K)->35210K(35904K) NonClass: 26015K(26496K)->26015K(26496K) Class: 9194K(9408K)->9194K(9408K)
[188.343s][info][gc             ] GC(500) Pause Young (Allocation Failure) 542M->287M(616M) 23.376ms
[188.343s][info][gc,cpu         ] GC(500) User=0.04s Sys=0.01s Real=0.02s
[188.694s][info][gc,start       ] GC(501) Pause Young (Allocation Failure)
[188.696s][info][gc,heap        ] GC(501) PSYoungGen: 261376K(276992K)->64K(308224K) Eden: 253952K(253952K)->0K(289280K) From: 7424K(23040K)->64K(18944K)
[188.696s][info][gc,heap        ] GC(501) ParOldGen: 286777K(354304K)->286785K(354304K)
[188.696s][info][gc,metaspace   ] GC(501) Metaspace: 35210K(35904K)->35210K(35904K) NonClass: 26015K(26496K)->26015K(26496K) Class: 9194K(9408K)->9194K(9408K)
[188.696s][info][gc             ] GC(501) Pause Young (Allocation Failure) 535M->280M(647M) 1.686ms
[188.696s][info][gc,cpu         ] GC(501) User=0.00s Sys=0.00s Real=0.00s
[189.283s][info][gc,start       ] GC(502) Pause Young (Allocation Failure)
[189.285s][info][gc,heap        ] GC(502) PSYoungGen: 289344K(308224K)->64K(310272K) Eden: 289280K(289280K)->0K(289280K) From: 64K(18944K)->64K(20992K)
[189.285s][info][gc,heap        ] GC(502) ParOldGen: 286785K(354304K)->286793K(354304K)
[189.285s][info][gc,metaspace   ] GC(502) Metaspace: 35210K(35904K)->35210K(35904K) NonClass: 26015K(26496K)->26015K(26496K) Class: 9194K(9408K)->9194K(9408K)
[189.285s][info][gc             ] GC(502) Pause Young (Allocation Failure) 562M->280M(649M) 1.786ms
[189.285s][info][gc,cpu         ] GC(502) User=0.01s Sys=0.00s Real=0.00s
[189.736s][info][gc,start       ] GC(503) Pause Young (Allocation Failure)
[189.737s][info][gc,heap        ] GC(503) PSYoungGen: 289344K(310272K)->64K(311296K) Eden: 289280K(289280K)->0K(292352K) From: 64K(20992K)->64K(18944K)
[189.738s][info][gc,heap        ] GC(503) ParOldGen: 286793K(354304K)->286809K(354304K)
[189.738s][info][gc,metaspace   ] GC(503) Metaspace: 35210K(35904K)->35210K(35904K) NonClass: 26015K(26496K)->26015K(26496K) Class: 9194K(9408K)->9194K(9408K)
[189.738s][info][gc             ] GC(503) Pause Young (Allocation Failure) 562M->280M(650M) 1.120ms
[189.738s][info][gc,cpu         ] GC(503) User=0.01s Sys=0.00s Real=0.01s
[189.986s][info][gc,start       ] GC(504) Pause Young (Allocation Failure)
[189.987s][info][gc,heap        ] GC(504) PSYoungGen: 292416K(311296K)->64K(312320K) Eden: 292352K(292352K)->0K(292352K) From: 64K(18944K)->64K(19968K)
[189.987s][info][gc,heap        ] GC(504) ParOldGen: 286809K(354304K)->286825K(354304K)
[189.987s][info][gc,metaspace   ] GC(504) Metaspace: 35210K(35904K)->35210K(35904K) NonClass: 26015K(26496K)->26015K(26496K) Class: 9194K(9408K)->9194K(9408K)
[189.987s][info][gc             ] GC(504) Pause Young (Allocation Failure) 565M->280M(651M) 1.534ms
[189.987s][info][gc,cpu         ] GC(504) User=0.00s Sys=0.00s Real=0.01s
[190.245s][info][gc,start       ] GC(505) Pause Young (Allocation Failure)
[190.246s][info][gc,heap        ] GC(505) PSYoungGen: 292416K(312320K)->64K(311808K) Eden: 292352K(292352K)->0K(294912K) From: 64K(19968K)->64K(16896K)
[190.246s][info][gc,heap        ] GC(505) ParOldGen: 286825K(354304K)->286825K(354304K)
[190.246s][info][gc,metaspace   ] GC(505) Metaspace: 35210K(35904K)->35210K(35904K) NonClass: 26015K(26496K)->26015K(26496K) Class: 9194K(9408K)->9194K(9408K)
[190.246s][info][gc             ] GC(505) Pause Young (Allocation Failure) 565M->280M(650M) 1.560ms
[190.246s][info][gc,cpu         ] GC(505) User=0.00s Sys=0.00s Real=0.00s
[190.555s][info][gc,start       ] GC(506) Pause Young (Allocation Failure)
[190.556s][info][gc,heap        ] GC(506) PSYoungGen: 294976K(311808K)->64K(312832K) Eden: 294912K(294912K)->0K(294912K) From: 64K(16896K)->64K(17920K)
[190.556s][info][gc,heap        ] GC(506) ParOldGen: 286825K(354304K)->286825K(354304K)
[190.556s][info][gc,metaspace   ] GC(506) Metaspace: 35210K(35904K)->35210K(35904K) NonClass: 26015K(26496K)->26015K(26496K) Class: 9194K(9408K)->9194K(9408K)
[190.556s][info][gc             ] GC(506) Pause Young (Allocation Failure) 568M->280M(651M) 1.265ms
[190.556s][info][gc,cpu         ] GC(506) User=0.00s Sys=0.00s Real=0.00s
[190.609s][info][gc,start       ] GC(507) Pause Young (Allocation Failure)
[190.610s][info][gc,heap        ] GC(507) PSYoungGen: 294976K(312832K)->64K(313344K) Eden: 294912K(294912K)->0K(298496K) From: 64K(17920K)->64K(14848K)
[190.610s][info][gc,heap        ] GC(507) ParOldGen: 286825K(354304K)->286841K(354304K)
[190.610s][info][gc,metaspace   ] GC(507) Metaspace: 35210K(35904K)->35210K(35904K) NonClass: 26015K(26496K)->26015K(26496K) Class: 9194K(9408K)->9194K(9408K)
[190.610s][info][gc             ] GC(507) Pause Young (Allocation Failure) 568M->280M(652M) 1.281ms
[190.610s][info][gc,cpu         ] GC(507) User=0.00s Sys=0.00s Real=0.00s
[190.726s][info][gc,start       ] GC(508) Pause Young (Allocation Failure)
[190.727s][info][gc,heap        ] GC(508) PSYoungGen: 298560K(313344K)->64K(314880K) Eden: 298496K(298496K)->0K(298496K) From: 64K(14848K)->64K(16384K)
[190.727s][info][gc,heap        ] GC(508) ParOldGen: 286841K(354304K)->286841K(354304K)
[190.727s][info][gc,metaspace   ] GC(508) Metaspace: 35210K(35904K)->35210K(35904K) NonClass: 26015K(26496K)->26015K(26496K) Class: 9194K(9408K)->9194K(9408K)
[190.727s][info][gc             ] GC(508) Pause Young (Allocation Failure) 571M->280M(653M) 1.210ms
[190.727s][info][gc,cpu         ] GC(508) User=0.00s Sys=0.00s Real=0.01s
[190.992s][info][gc,start       ] GC(509) Pause Young (Allocation Failure)
[190.993s][info][gc,heap        ] GC(509) PSYoungGen: 298560K(314880K)->64K(315904K) Eden: 298496K(298496K)->0K(302080K) From: 64K(16384K)->64K(13824K)
[190.993s][info][gc,heap        ] GC(509) ParOldGen: 286841K(354304K)->286857K(354304K)
[190.993s][info][gc,metaspace   ] GC(509) Metaspace: 35210K(35904K)->35210K(35904K) NonClass: 26015K(26496K)->26015K(26496K) Class: 9194K(9408K)->9194K(9408K)
[190.993s][info][gc             ] GC(509) Pause Young (Allocation Failure) 571M->280M(654M) 1.240ms
[190.993s][info][gc,cpu         ] GC(509) User=0.00s Sys=0.00s Real=0.00s
[191.184s][info][gc,start       ] GC(510) Pause Young (Allocation Failure)
[191.186s][info][gc,heap        ] GC(510) PSYoungGen: 302144K(315904K)->64K(316928K) Eden: 302080K(302080K)->0K(302080K) From: 64K(13824K)->64K(14848K)
[191.186s][info][gc,heap        ] GC(510) ParOldGen: 286857K(354304K)->286857K(354304K)
[191.186s][info][gc,metaspace   ] GC(510) Metaspace: 35211K(35904K)->35211K(35904K) NonClass: 26016K(26496K)->26016K(26496K) Class: 9194K(9408K)->9194K(9408K)
[191.186s][info][gc             ] GC(510) Pause Young (Allocation Failure) 575M->280M(655M) 1.287ms
[191.186s][info][gc,cpu         ] GC(510) User=0.00s Sys=0.00s Real=0.00s
[191.273s][info][gc,start       ] GC(511) Pause Young (Allocation Failure)
[191.274s][info][gc,heap        ] GC(511) PSYoungGen: 302144K(316928K)->64K(317952K) Eden: 302080K(302080K)->0K(305152K) From: 64K(14848K)->64K(12800K)
[191.274s][info][gc,heap        ] GC(511) ParOldGen: 286857K(354304K)->286873K(354304K)
[191.274s][info][gc,metaspace   ] GC(511) Metaspace: 35211K(35904K)->35211K(35904K) NonClass: 26016K(26496K)->26016K(26496K) Class: 9194K(9408K)->9194K(9408K)
[191.274s][info][gc             ] GC(511) Pause Young (Allocation Failure) 575M->280M(656M) 1.278ms
[191.274s][info][gc,cpu         ] GC(511) User=0.00s Sys=0.00s Real=0.00s
[191.450s][info][gc,start       ] GC(512) Pause Young (Allocation Failure)
[191.452s][info][gc,heap        ] GC(512) PSYoungGen: 305216K(317952K)->64K(318464K) Eden: 305152K(305152K)->0K(305152K) From: 64K(12800K)->64K(13312K)
[191.452s][info][gc,heap        ] GC(512) ParOldGen: 286873K(354304K)->286873K(354304K)
[191.452s][info][gc,metaspace   ] GC(512) Metaspace: 35211K(35904K)->35211K(35904K) NonClass: 26016K(26496K)->26016K(26496K) Class: 9194K(9408K)->9194K(9408K)
[191.452s][info][gc             ] GC(512) Pause Young (Allocation Failure) 578M->280M(657M) 1.315ms
[191.452s][info][gc,cpu         ] GC(512) User=0.00s Sys=0.00s Real=0.00s
[192.426s][info][gc,start       ] GC(513) Pause Young (Allocation Failure)
[192.427s][info][gc,heap        ] GC(513) PSYoungGen: 305216K(318464K)->64K(293376K) Eden: 305152K(305152K)->0K(292864K) From: 64K(13312K)->64K(512K)
[192.427s][info][gc,heap        ] GC(513) ParOldGen: 286873K(354304K)->286881K(354304K)
[192.427s][info][gc,metaspace   ] GC(513) Metaspace: 35211K(35904K)->35211K(35904K) NonClass: 26016K(26496K)->26016K(26496K) Class: 9194K(9408K)->9194K(9408K)
[192.428s][info][gc             ] GC(513) Pause Young (Allocation Failure) 578M->280M(632M) 1.354ms
[192.428s][info][gc,cpu         ] GC(513) User=0.00s Sys=0.00s Real=0.01s
[193.323s][info][gc,start       ] GC(514) Pause Young (Allocation Failure)
[193.324s][info][gc,heap        ] GC(514) PSYoungGen: 292928K(293376K)->64K(292864K) Eden: 292864K(292864K)->0K(281088K) From: 64K(512K)->64K(11776K)
[193.324s][info][gc,heap        ] GC(514) ParOldGen: 286881K(354304K)->286889K(354304K)
[193.324s][info][gc,metaspace   ] GC(514) Metaspace: 35211K(35904K)->35211K(35904K) NonClass: 26016K(26496K)->26016K(26496K) Class: 9194K(9408K)->9194K(9408K)
[193.324s][info][gc             ] GC(514) Pause Young (Allocation Failure) 566M->280M(632M) 1.378ms
[193.324s][info][gc,cpu         ] GC(514) User=0.01s Sys=0.00s Real=0.00s
[193.746s][info][gc,start       ] GC(515) Pause Young (Allocation Failure)
[193.748s][info][gc,heap        ] GC(515) PSYoungGen: 281152K(292864K)->64K(270336K) Eden: 281088K(281088K)->0K(269824K) From: 64K(11776K)->64K(512K)
[193.748s][info][gc,heap        ] GC(515) ParOldGen: 286889K(354304K)->286897K(354304K)
[193.748s][info][gc,metaspace   ] GC(515) Metaspace: 35211K(35904K)->35211K(35904K) NonClass: 26016K(26496K)->26016K(26496K) Class: 9194K(9408K)->9194K(9408K)
[193.748s][info][gc             ] GC(515) Pause Young (Allocation Failure) 554M->280M(610M) 1.352ms
[193.748s][info][gc,cpu         ] GC(515) User=0.00s Sys=0.00s Real=0.01s
[194.874s][info][gc,start       ] GC(516) Pause Young (Allocation Failure)
[194.875s][info][gc,heap        ] GC(516) PSYoungGen: 269888K(270336K)->64K(269312K) Eden: 269824K(269824K)->0K(259072K) From: 64K(512K)->64K(10240K)
[194.875s][info][gc,heap        ] GC(516) ParOldGen: 286897K(354304K)->286905K(354304K)
[194.875s][info][gc,metaspace   ] GC(516) Metaspace: 35211K(35904K)->35211K(35904K) NonClass: 26016K(26496K)->26016K(26496K) Class: 9194K(9408K)->9194K(9408K)
[194.875s][info][gc             ] GC(516) Pause Young (Allocation Failure) 543M->280M(609M) 1.293ms
[194.875s][info][gc,cpu         ] GC(516) User=0.00s Sys=0.00s Real=0.00s
[195.288s][info][gc,start       ] GC(517) Pause Young (Allocation Failure)
[195.289s][info][gc,heap        ] GC(517) PSYoungGen: 259136K(269312K)->64K(249344K) Eden: 259072K(259072K)->0K(248832K) From: 64K(10240K)->64K(512K)
[195.289s][info][gc,heap        ] GC(517) ParOldGen: 286905K(354304K)->286913K(354304K)
[195.289s][info][gc,metaspace   ] GC(517) Metaspace: 35211K(35904K)->35211K(35904K) NonClass: 26016K(26496K)->26016K(26496K) Class: 9194K(9408K)->9194K(9408K)
[195.289s][info][gc             ] GC(517) Pause Young (Allocation Failure) 533M->280M(589M) 1.542ms
[195.289s][info][gc,cpu         ] GC(517) User=0.01s Sys=0.00s Real=0.00s
[195.487s][info][gc,start       ] GC(518) Pause Young (Allocation Failure)
[195.488s][info][gc,heap        ] GC(518) PSYoungGen: 248896K(249344K)->64K(247808K) Eden: 248832K(248832K)->0K(239104K) From: 64K(512K)->64K(8704K)
[195.488s][info][gc,heap        ] GC(518) ParOldGen: 286913K(354304K)->286921K(354304K)
[195.488s][info][gc,metaspace   ] GC(518) Metaspace: 35211K(35904K)->35211K(35904K) NonClass: 26016K(26496K)->26016K(26496K) Class: 9194K(9408K)->9194K(9408K)
[195.488s][info][gc             ] GC(518) Pause Young (Allocation Failure) 523M->280M(588M) 1.460ms
[195.488s][info][gc,cpu         ] GC(518) User=0.00s Sys=0.00s Real=0.01s
[195.572s][info][gc,start       ] GC(519) Pause Young (Allocation Failure)
[195.573s][info][gc,heap        ] GC(519) PSYoungGen: 239168K(247808K)->64K(230400K) Eden: 239104K(239104K)->0K(229888K) From: 64K(8704K)->64K(512K)
[195.573s][info][gc,heap        ] GC(519) ParOldGen: 286921K(354304K)->286937K(354304K)
[195.573s][info][gc,metaspace   ] GC(519) Metaspace: 35211K(35904K)->35211K(35904K) NonClass: 26016K(26496K)->26016K(26496K) Class: 9194K(9408K)->9194K(9408K)
[195.573s][info][gc             ] GC(519) Pause Young (Allocation Failure) 513M->280M(571M) 1.803ms
[195.573s][info][gc,cpu         ] GC(519) User=0.00s Sys=0.00s Real=0.00s
[196.144s][info][gc,start       ] GC(520) Pause Young (Allocation Failure)
[196.145s][info][gc,heap        ] GC(520) PSYoungGen: 229952K(230400K)->64K(228864K) Eden: 229888K(229888K)->0K(221184K) From: 64K(512K)->64K(7680K)
[196.145s][info][gc,heap        ] GC(520) ParOldGen: 286937K(354304K)->286945K(354304K)
[196.145s][info][gc,metaspace   ] GC(520) Metaspace: 35211K(35904K)->35211K(35904K) NonClass: 26016K(26496K)->26016K(26496K) Class: 9194K(9408K)->9194K(9408K)
[196.145s][info][gc             ] GC(520) Pause Young (Allocation Failure) 504M->280M(569M) 1.342ms
[196.145s][info][gc,cpu         ] GC(520) User=0.00s Sys=0.00s Real=0.00s
[196.402s][info][gc,start       ] GC(521) Pause Young (Allocation Failure)
[196.404s][info][gc,heap        ] GC(521) PSYoungGen: 221248K(228864K)->64K(213504K) Eden: 221184K(221184K)->0K(212992K) From: 64K(7680K)->64K(512K)
[196.404s][info][gc,heap        ] GC(521) ParOldGen: 286945K(354304K)->286953K(354304K)
[196.404s][info][gc,metaspace   ] GC(521) Metaspace: 35211K(35904K)->35211K(35904K) NonClass: 26016K(26496K)->26016K(26496K) Class: 9194K(9408K)->9194K(9408K)
[196.404s][info][gc             ] GC(521) Pause Young (Allocation Failure) 496M->280M(554M) 1.867ms
[196.404s][info][gc,cpu         ] GC(521) User=0.00s Sys=0.00s Real=0.00s
[196.750s][info][gc,start       ] GC(522) Pause Young (Allocation Failure)
[196.772s][info][gc,heap        ] GC(522) PSYoungGen: 213056K(213504K)->6656K(262656K) Eden: 212992K(212992K)->0K(256000K) From: 64K(512K)->6656K(6656K)
[196.773s][info][gc,heap        ] GC(522) ParOldGen: 286953K(354304K)->291305K(354304K)
[196.773s][info][gc,metaspace   ] GC(522) Metaspace: 35211K(35904K)->35211K(35904K) NonClass: 26016K(26496K)->26016K(26496K) Class: 9194K(9408K)->9194K(9408K)
[196.773s][info][gc             ] GC(522) Pause Young (Allocation Failure) 488M->290M(602M) 22.829ms
[196.773s][info][gc,cpu         ] GC(522) User=0.04s Sys=0.00s Real=0.02s
[197.088s][info][gc,start       ] GC(523) Pause Young (Allocation Failure)
[197.142s][info][gc,heap        ] GC(523) PSYoungGen: 262656K(262656K)->6656K(268288K) Eden: 256000K(256000K)->0K(261632K) From: 6656K(6656K)->6656K(6656K)
[197.142s][info][gc,heap        ] GC(523) ParOldGen: 291305K(354304K)->313577K(354304K)
[197.142s][info][gc,metaspace   ] GC(523) Metaspace: 35211K(35904K)->35211K(35904K) NonClass: 26016K(26496K)->26016K(26496K) Class: 9194K(9408K)->9194K(9408K)
[197.142s][info][gc             ] GC(523) Pause Young (Allocation Failure) 540M->312M(608M) 54.172ms
[197.142s][info][gc,cpu         ] GC(523) User=0.11s Sys=0.00s Real=0.05s
[197.407s][info][gc,start       ] GC(524) Pause Young (Allocation Failure)
[197.452s][info][gc,heap        ] GC(524) PSYoungGen: 268288K(268288K)->18944K(280576K) Eden: 261632K(261632K)->0K(261632K) From: 6656K(6656K)->18944K(18944K)
[197.452s][info][gc,heap        ] GC(524) ParOldGen: 313577K(354304K)->318049K(354304K)
[197.452s][info][gc,metaspace   ] GC(524) Metaspace: 35211K(35904K)->35211K(35904K) NonClass: 26016K(26496K)->26016K(26496K) Class: 9194K(9408K)->9194K(9408K)
[197.452s][info][gc             ] GC(524) Pause Young (Allocation Failure) 568M->329M(620M) 44.684ms
[197.452s][info][gc,cpu         ] GC(524) User=0.09s Sys=0.00s Real=0.04s
[197.549s][info][gc,start       ] GC(525) Pause Young (Allocation Failure)
[197.552s][info][gc,heap        ] GC(525) PSYoungGen: 280576K(280576K)->32K(309760K) Eden: 261632K(261632K)->0K(285184K) From: 18944K(18944K)->32K(24576K)
[197.552s][info][gc,heap        ] GC(525) ParOldGen: 318049K(354304K)->318161K(354304K)
[197.552s][info][gc,metaspace   ] GC(525) Metaspace: 35211K(35904K)->35211K(35904K) NonClass: 26016K(26496K)->26016K(26496K) Class: 9194K(9408K)->9194K(9408K)
[197.552s][info][gc             ] GC(525) Pause Young (Allocation Failure) 584M->310M(648M) 2.719ms
[197.552s][info][gc,cpu         ] GC(525) User=0.00s Sys=0.00s Real=0.00s
[198.276s][info][gc,start       ] GC(526) Pause Young (Allocation Failure)
[198.277s][info][gc,heap        ] GC(526) PSYoungGen: 285216K(309760K)->64K(285696K) Eden: 285184K(285184K)->0K(285184K) From: 32K(24576K)->64K(512K)
[198.277s][info][gc,heap        ] GC(526) ParOldGen: 318161K(354304K)->318177K(354304K)
[198.277s][info][gc,metaspace   ] GC(526) Metaspace: 35211K(35904K)->35211K(35904K) NonClass: 26016K(26496K)->26016K(26496K) Class: 9194K(9408K)->9194K(9408K)
[198.277s][info][gc             ] GC(526) Pause Young (Allocation Failure) 589M->310M(625M) 1.505ms
[198.277s][info][gc,cpu         ] GC(526) User=0.01s Sys=0.00s Real=0.01s
[198.642s][info][gc,start       ] GC(527) Pause Young (Allocation Failure)
[198.643s][info][gc,heap        ] GC(527) PSYoungGen: 285248K(285696K)->64K(309248K) Eden: 285184K(285184K)->0K(286208K) From: 64K(512K)->64K(23040K)
[198.643s][info][gc,heap        ] GC(527) ParOldGen: 318177K(354304K)->318177K(354304K)
[198.643s][info][gc,metaspace   ] GC(527) Metaspace: 35211K(35904K)->35211K(35904K) NonClass: 26016K(26496K)->26016K(26496K) Class: 9194K(9408K)->9194K(9408K)
[198.643s][info][gc             ] GC(527) Pause Young (Allocation Failure) 589M->310M(648M) 1.637ms
[198.643s][info][gc,cpu         ] GC(527) User=0.00s Sys=0.00s Real=0.00s
[199.097s][info][gc,start       ] GC(528) Pause Young (Allocation Failure)
[199.098s][info][gc,heap        ] GC(528) PSYoungGen: 286272K(309248K)->64K(308224K) Eden: 286208K(286208K)->0K(286208K) From: 64K(23040K)->64K(22016K)
[199.098s][info][gc,heap        ] GC(528) ParOldGen: 318177K(354304K)->318193K(354304K)
[199.098s][info][gc,metaspace   ] GC(528) Metaspace: 35211K(35904K)->35211K(35904K) NonClass: 26016K(26496K)->26016K(26496K) Class: 9194K(9408K)->9194K(9408K)
[199.098s][info][gc             ] GC(528) Pause Young (Allocation Failure) 590M->310M(647M) 1.328ms
[199.098s][info][gc,cpu         ] GC(528) User=0.01s Sys=0.00s Real=0.01s
[199.349s][info][gc,start       ] GC(529) Pause Young (Allocation Failure)
[199.350s][info][gc,heap        ] GC(529) PSYoungGen: 286272K(308224K)->64K(310784K) Eden: 286208K(286208K)->0K(289792K) From: 64K(22016K)->64K(20992K)
[199.350s][info][gc,heap        ] GC(529) ParOldGen: 318193K(354304K)->318209K(354304K)
[199.350s][info][gc,metaspace   ] GC(529) Metaspace: 35211K(35904K)->35211K(35904K) NonClass: 26016K(26496K)->26016K(26496K) Class: 9194K(9408K)->9194K(9408K)
[199.350s][info][gc             ] GC(529) Pause Young (Allocation Failure) 590M->310M(649M) 1.331ms
[199.350s][info][gc,cpu         ] GC(529) User=0.00s Sys=0.00s Real=0.00s
[199.747s][info][gc,start       ] GC(530) Pause Young (Allocation Failure)
[199.748s][info][gc,heap        ] GC(530) PSYoungGen: 289856K(310784K)->64K(310272K) Eden: 289792K(289792K)->0K(289792K) From: 64K(20992K)->64K(20480K)
[199.748s][info][gc,heap        ] GC(530) ParOldGen: 318209K(354304K)->318209K(354304K)
[199.748s][info][gc,metaspace   ] GC(530) Metaspace: 35211K(35904K)->35211K(35904K) NonClass: 26016K(26496K)->26016K(26496K) Class: 9194K(9408K)->9194K(9408K)
[199.748s][info][gc             ] GC(530) Pause Young (Allocation Failure) 593M->310M(649M) 1.310ms
[199.748s][info][gc,cpu         ] GC(530) User=0.00s Sys=0.00s Real=0.00s
[199.807s][info][gc,start       ] GC(531) Pause Young (Allocation Failure)
[199.808s][info][gc,heap        ] GC(531) PSYoungGen: 289856K(310272K)->64K(312320K) Eden: 289792K(289792K)->0K(293376K) From: 64K(20480K)->64K(18944K)
[199.808s][info][gc,heap        ] GC(531) ParOldGen: 318209K(354304K)->318217K(354304K)
[199.808s][info][gc,metaspace   ] GC(531) Metaspace: 35211K(35904K)->35211K(35904K) NonClass: 26016K(26496K)->26016K(26496K) Class: 9194K(9408K)->9194K(9408K)
[199.809s][info][gc             ] GC(531) Pause Young (Allocation Failure) 593M->310M(651M) 1.318ms
[199.809s][info][gc,cpu         ] GC(531) User=0.00s Sys=0.00s Real=0.00s
[199.863s][info][gc,start       ] GC(532) Pause Young (Allocation Failure)
[199.865s][info][gc,heap        ] GC(532) PSYoungGen: 293440K(312320K)->32K(311808K) Eden: 293376K(293376K)->0K(293376K) From: 64K(18944K)->32K(18432K)
[199.865s][info][gc,heap        ] GC(532) ParOldGen: 318217K(354304K)->318233K(354304K)
[199.865s][info][gc,metaspace   ] GC(532) Metaspace: 35211K(35904K)->35211K(35904K) NonClass: 26016K(26496K)->26016K(26496K) Class: 9194K(9408K)->9194K(9408K)
[199.865s][info][gc             ] GC(532) Pause Young (Allocation Failure) 597M->310M(650M) 1.473ms
[199.865s][info][gc,cpu         ] GC(532) User=0.00s Sys=0.00s Real=0.00s
[200.070s][info][gc,start       ] GC(533) Pause Young (Allocation Failure)
[200.071s][info][gc,heap        ] GC(533) PSYoungGen: 293408K(311808K)->64K(314368K) Eden: 293376K(293376K)->0K(297472K) From: 32K(18432K)->64K(16896K)
[200.071s][info][gc,heap        ] GC(533) ParOldGen: 318233K(354304K)->318233K(354304K)
[200.071s][info][gc,metaspace   ] GC(533) Metaspace: 35211K(35904K)->35211K(35904K) NonClass: 26016K(26496K)->26016K(26496K) Class: 9194K(9408K)->9194K(9408K)
[200.072s][info][gc             ] GC(533) Pause Young (Allocation Failure) 597M->310M(653M) 1.296ms
[200.072s][info][gc,cpu         ] GC(533) User=0.00s Sys=0.00s Real=0.00s
[200.320s][info][gc,start       ] GC(534) Pause Young (Allocation Failure)
[200.322s][info][gc,heap        ] GC(534) PSYoungGen: 297536K(314368K)->64K(313856K) Eden: 297472K(297472K)->0K(297472K) From: 64K(16896K)->64K(16384K)
[200.322s][info][gc,heap        ] GC(534) ParOldGen: 318233K(354304K)->318241K(354304K)
[200.322s][info][gc,metaspace   ] GC(534) Metaspace: 35211K(35904K)->35211K(35904K) NonClass: 26016K(26496K)->26016K(26496K) Class: 9194K(9408K)->9194K(9408K)
[200.322s][info][gc             ] GC(534) Pause Young (Allocation Failure) 601M->310M(652M) 1.285ms
[200.322s][info][gc,cpu         ] GC(534) User=0.00s Sys=0.00s Real=0.00s
[200.444s][info][gc,start       ] GC(535) Pause Young (Allocation Failure)
[200.446s][info][gc,heap        ] GC(535) PSYoungGen: 297536K(313856K)->64K(316416K) Eden: 297472K(297472K)->0K(301568K) From: 64K(16384K)->64K(14848K)
[200.446s][info][gc,heap        ] GC(535) ParOldGen: 318241K(354304K)->318249K(354304K)
[200.446s][info][gc,metaspace   ] GC(535) Metaspace: 35211K(35904K)->35211K(35904K) NonClass: 26016K(26496K)->26016K(26496K) Class: 9194K(9408K)->9194K(9408K)
[200.446s][info][gc             ] GC(535) Pause Young (Allocation Failure) 601M->310M(655M) 1.312ms
[200.446s][info][gc,cpu         ] GC(535) User=0.01s Sys=0.00s Real=0.00s
[200.567s][info][gc,start       ] GC(536) Pause Young (Allocation Failure)
[200.569s][info][gc,heap        ] GC(536) PSYoungGen: 301632K(316416K)->64K(315904K) Eden: 301568K(301568K)->0K(301568K) From: 64K(14848K)->64K(14336K)
[200.569s][info][gc,heap        ] GC(536) ParOldGen: 318249K(354304K)->318265K(354304K)
[200.569s][info][gc,metaspace   ] GC(536) Metaspace: 35211K(35904K)->35211K(35904K) NonClass: 26016K(26496K)->26016K(26496K) Class: 9194K(9408K)->9194K(9408K)
[200.569s][info][gc             ] GC(536) Pause Young (Allocation Failure) 605M->310M(654M) 1.501ms
[200.569s][info][gc,cpu         ] GC(536) User=0.00s Sys=0.00s Real=0.00s
[200.945s][info][gc,start       ] GC(537) Pause Young (Allocation Failure)
[200.947s][info][gc,heap        ] GC(537) PSYoungGen: 301632K(315904K)->64K(289792K) Eden: 301568K(301568K)->0K(289280K) From: 64K(14336K)->64K(512K)
[200.947s][info][gc,heap        ] GC(537) ParOldGen: 318265K(354304K)->318273K(354304K)
[200.947s][info][gc,metaspace   ] GC(537) Metaspace: 35211K(35904K)->35211K(35904K) NonClass: 26016K(26496K)->26016K(26496K) Class: 9194K(9408K)->9194K(9408K)
[200.947s][info][gc             ] GC(537) Pause Young (Allocation Failure) 605M->310M(629M) 1.451ms
[200.947s][info][gc,cpu         ] GC(537) User=0.01s Sys=0.00s Real=0.00s
[201.664s][info][gc,start       ] GC(538) Pause Young (Allocation Failure)
[201.665s][info][gc,heap        ] GC(538) PSYoungGen: 289344K(289792K)->83K(290304K) Eden: 289280K(289280K)->0K(277504K) From: 64K(512K)->83K(12800K)
[201.665s][info][gc,heap        ] GC(538) ParOldGen: 318273K(354304K)->318281K(354304K)
[201.665s][info][gc,metaspace   ] GC(538) Metaspace: 35211K(35904K)->35211K(35904K) NonClass: 26016K(26496K)->26016K(26496K) Class: 9194K(9408K)->9194K(9408K)
[201.665s][info][gc             ] GC(538) Pause Young (Allocation Failure) 593M->310M(629M) 1.355ms
[201.665s][info][gc,cpu         ] GC(538) User=0.00s Sys=0.00s Real=0.00s
[202.637s][info][gc,start       ] GC(539) Pause Young (Allocation Failure)
[202.638s][info][gc,heap        ] GC(539) PSYoungGen: 277587K(290304K)->64K(267264K) Eden: 277504K(277504K)->0K(266752K) From: 83K(12800K)->64K(512K)
[202.638s][info][gc,heap        ] GC(539) ParOldGen: 318281K(354304K)->318289K(354304K)
[202.638s][info][gc,metaspace   ] GC(539) Metaspace: 35211K(35904K)->35211K(35904K) NonClass: 26016K(26496K)->26016K(26496K) Class: 9194K(9408K)->9194K(9408K)
[202.638s][info][gc             ] GC(539) Pause Young (Allocation Failure) 581M->310M(607M) 1.411ms
[202.638s][info][gc,cpu         ] GC(539) User=0.00s Sys=0.00s Real=0.01s
[203.120s][info][gc,start       ] GC(540) Pause Young (Allocation Failure)
[203.121s][info][gc,heap        ] GC(540) PSYoungGen: 266816K(267264K)->64K(267776K) Eden: 266752K(266752K)->0K(256512K) From: 64K(512K)->64K(11264K)
[203.121s][info][gc,heap        ] GC(540) ParOldGen: 318289K(354304K)->318297K(354304K)
[203.121s][info][gc,metaspace   ] GC(540) Metaspace: 35211K(35904K)->35211K(35904K) NonClass: 26016K(26496K)->26016K(26496K) Class: 9194K(9408K)->9194K(9408K)
[203.121s][info][gc             ] GC(540) Pause Young (Allocation Failure) 571M->310M(607M) 1.380ms
[203.121s][info][gc,cpu         ] GC(540) User=0.00s Sys=0.00s Real=0.00s
[204.157s][info][gc,start       ] GC(541) Pause Young (Allocation Failure)
[204.159s][info][gc,heap        ] GC(541) PSYoungGen: 256576K(267776K)->64K(247296K) Eden: 256512K(256512K)->0K(246784K) From: 64K(11264K)->64K(512K)
[204.159s][info][gc,heap        ] GC(541) ParOldGen: 318297K(354304K)->318305K(354304K)
[204.159s][info][gc,metaspace   ] GC(541) Metaspace: 35211K(35904K)->35211K(35904K) NonClass: 26016K(26496K)->26016K(26496K) Class: 9194K(9408K)->9194K(9408K)
[204.159s][info][gc             ] GC(541) Pause Young (Allocation Failure) 561M->310M(587M) 1.680ms
[204.159s][info][gc,cpu         ] GC(541) User=0.01s Sys=0.00s Real=0.00s
[204.556s][info][gc,start       ] GC(542) Pause Young (Allocation Failure)
[204.557s][info][gc,heap        ] GC(542) PSYoungGen: 246848K(247296K)->64K(246784K) Eden: 246784K(246784K)->0K(237056K) From: 64K(512K)->64K(9728K)
[204.557s][info][gc,heap        ] GC(542) ParOldGen: 318305K(354304K)->318313K(354304K)
[204.557s][info][gc,metaspace   ] GC(542) Metaspace: 35211K(35904K)->35211K(35904K) NonClass: 26016K(26496K)->26016K(26496K) Class: 9194K(9408K)->9194K(9408K)
[204.557s][info][gc             ] GC(542) Pause Young (Allocation Failure) 551M->310M(587M) 1.519ms
[204.557s][info][gc,cpu         ] GC(542) User=0.00s Sys=0.00s Real=0.01s
[204.725s][info][gc,start       ] GC(543) Pause Young (Allocation Failure)
[204.728s][info][gc,heap        ] GC(543) PSYoungGen: 237120K(246784K)->64K(228352K) Eden: 237056K(237056K)->0K(227840K) From: 64K(9728K)->64K(512K)
[204.728s][info][gc,heap        ] GC(543) ParOldGen: 318313K(354304K)->318321K(354304K)
[204.728s][info][gc,metaspace   ] GC(543) Metaspace: 35211K(35904K)->35211K(35904K) NonClass: 26016K(26496K)->26016K(26496K) Class: 9194K(9408K)->9194K(9408K)
[204.728s][info][gc             ] GC(543) Pause Young (Allocation Failure) 542M->310M(569M) 2.978ms
[204.728s][info][gc,cpu         ] GC(543) User=0.00s Sys=0.00s Real=0.01s
[204.824s][info][gc,start       ] GC(544) Pause Young (Allocation Failure)
[204.826s][info][gc,heap        ] GC(544) PSYoungGen: 227904K(228352K)->64K(227840K) Eden: 227840K(227840K)->0K(219136K) From: 64K(512K)->64K(8704K)
[204.826s][info][gc,heap        ] GC(544) ParOldGen: 318321K(354304K)->318337K(354304K)
[204.826s][info][gc,metaspace   ] GC(544) Metaspace: 35211K(35904K)->35211K(35904K) NonClass: 26016K(26496K)->26016K(26496K) Class: 9194K(9408K)->9194K(9408K)
[204.826s][info][gc             ] GC(544) Pause Young (Allocation Failure) 533M->310M(568M) 2.089ms
[204.826s][info][gc,cpu         ] GC(544) User=0.00s Sys=0.00s Real=0.00s
[205.431s][info][gc,start       ] GC(545) Pause Young (Allocation Failure)
[205.435s][info][gc,heap        ] GC(545) PSYoungGen: 219200K(227840K)->64K(211456K) Eden: 219136K(219136K)->0K(210944K) From: 64K(8704K)->64K(512K)
[205.435s][info][gc,heap        ] GC(545) ParOldGen: 318337K(354304K)->318353K(354304K)
[205.435s][info][gc,metaspace   ] GC(545) Metaspace: 35211K(35904K)->35211K(35904K) NonClass: 26016K(26496K)->26016K(26496K) Class: 9194K(9408K)->9194K(9408K)
[205.435s][info][gc             ] GC(545) Pause Young (Allocation Failure) 524M->310M(552M) 3.568ms
[205.435s][info][gc,cpu         ] GC(545) User=0.00s Sys=0.00s Real=0.00s
[205.653s][info][gc,start       ] GC(546) Pause Young (Allocation Failure)
[205.655s][info][gc,heap        ] GC(546) PSYoungGen: 211008K(211456K)->64K(210432K) Eden: 210944K(210944K)->0K(203264K) From: 64K(512K)->64K(7168K)
[205.655s][info][gc,heap        ] GC(546) ParOldGen: 318353K(354304K)->318369K(354304K)
[205.655s][info][gc,metaspace   ] GC(546) Metaspace: 35211K(35904K)->35211K(35904K) NonClass: 26016K(26496K)->26016K(26496K) Class: 9194K(9408K)->9194K(9408K)
[205.655s][info][gc             ] GC(546) Pause Young (Allocation Failure) 516M->310M(551M) 2.246ms
[205.655s][info][gc,cpu         ] GC(546) User=0.00s Sys=0.00s Real=0.00s
[205.983s][info][gc,start       ] GC(547) Pause Young (Allocation Failure)
[206.002s][info][gc,heap        ] GC(547) PSYoungGen: 203328K(210432K)->6656K(250880K) Eden: 203264K(203264K)->0K(244224K) From: 64K(7168K)->6656K(6656K)
[206.002s][info][gc,heap        ] GC(547) ParOldGen: 318369K(354304K)->322833K(354304K)
[206.002s][info][gc,metaspace   ] GC(547) Metaspace: 35211K(35904K)->35211K(35904K) NonClass: 26016K(26496K)->26016K(26496K) Class: 9194K(9408K)->9194K(9408K)
[206.002s][info][gc             ] GC(547) Pause Young (Allocation Failure) 509M->321M(591M) 19.258ms
[206.002s][info][gc,cpu         ] GC(547) User=0.03s Sys=0.00s Real=0.02s
[206.305s][info][gc,start       ] GC(548) Pause Young (Allocation Failure)
[206.349s][info][gc,heap        ] GC(548) PSYoungGen: 250880K(250880K)->10240K(271872K) Eden: 244224K(244224K)->0K(261632K) From: 6656K(6656K)->10240K(10240K)
[206.349s][info][gc,heap        ] GC(548) ParOldGen: 322833K(354304K)->340193K(354304K)
[206.349s][info][gc,metaspace   ] GC(548) Metaspace: 35211K(35904K)->35211K(35904K) NonClass: 26016K(26496K)->26016K(26496K) Class: 9194K(9408K)->9194K(9408K)
[206.349s][info][gc             ] GC(548) Pause Young (Allocation Failure) 560M->342M(611M) 44.275ms
[206.349s][info][gc,cpu         ] GC(548) User=0.09s Sys=0.00s Real=0.05s
[206.627s][info][gc,start       ] GC(549) Pause Young (Allocation Failure)
[206.679s][info][gc,heap        ] GC(549) PSYoungGen: 271872K(271872K)->18944K(302592K) Eden: 261632K(261632K)->0K(283648K) From: 10240K(10240K)->18944K(18944K)
[206.679s][info][gc,heap        ] GC(549) ParOldGen: 340193K(354304K)->345745K(354304K)
[206.679s][info][gc,metaspace   ] GC(549) Metaspace: 35211K(35904K)->35211K(35904K) NonClass: 26016K(26496K)->26016K(26496K) Class: 9194K(9408K)->9194K(9408K)
[206.679s][info][gc             ] GC(549) Pause Young (Allocation Failure) 597M->356M(641M) 51.821ms
[206.679s][info][gc,cpu         ] GC(549) User=0.08s Sys=0.02s Real=0.05s
[206.810s][info][gc,start       ] GC(550) Pause Young (Allocation Failure)
[206.813s][info][gc,heap        ] GC(550) PSYoungGen: 302592K(302592K)->64K(308736K) Eden: 283648K(283648K)->0K(283648K) From: 18944K(18944K)->64K(25088K)
[206.813s][info][gc,heap        ] GC(550) ParOldGen: 345745K(354304K)->345889K(354304K)
[206.813s][info][gc,metaspace   ] GC(550) Metaspace: 35211K(35904K)->35211K(35904K) NonClass: 26016K(26496K)->26016K(26496K) Class: 9194K(9408K)->9194K(9408K)
[206.813s][info][gc             ] GC(550) Pause Young (Allocation Failure) 633M->337M(647M) 2.906ms
[206.813s][info][gc,cpu         ] GC(550) User=0.01s Sys=0.00s Real=0.00s
[207.544s][info][gc,start       ] GC(551) Pause Young (Allocation Failure)
[207.545s][info][gc,heap        ] GC(551) PSYoungGen: 283712K(308736K)->64K(305664K) Eden: 283648K(283648K)->0K(284672K) From: 64K(25088K)->64K(20992K)
[207.545s][info][gc,heap        ] GC(551) ParOldGen: 345889K(354304K)->345905K(354304K)
[207.545s][info][gc,metaspace   ] GC(551) Metaspace: 35211K(35904K)->35211K(35904K) NonClass: 26016K(26496K)->26016K(26496K) Class: 9194K(9408K)->9194K(9408K)
[207.545s][info][gc             ] GC(551) Pause Young (Allocation Failure) 614M->337M(644M) 1.566ms
[207.545s][info][gc,cpu         ] GC(551) User=0.00s Sys=0.00s Real=0.00s
[208.039s][info][gc,start       ] GC(552) Pause Young (Allocation Failure)
[208.040s][info][gc,heap        ] GC(552) PSYoungGen: 284736K(305664K)->64K(307712K) Eden: 284672K(284672K)->0K(284672K) From: 64K(20992K)->64K(23040K)
[208.040s][info][gc,heap        ] GC(552) ParOldGen: 345905K(354304K)->345905K(354304K)
[208.040s][info][gc,metaspace   ] GC(552) Metaspace: 35211K(35904K)->35211K(35904K) NonClass: 26016K(26496K)->26016K(26496K) Class: 9194K(9408K)->9194K(9408K)
[208.040s][info][gc             ] GC(552) Pause Young (Allocation Failure) 615M->337M(646M) 1.358ms
[208.040s][info][gc,cpu         ] GC(552) User=0.00s Sys=0.00s Real=0.00s
[208.312s][info][gc,start       ] GC(553) Pause Young (Allocation Failure)
[208.313s][info][gc,heap        ] GC(553) PSYoungGen: 284736K(307712K)->64K(308224K) Eden: 284672K(284672K)->0K(288256K) From: 64K(23040K)->64K(19968K)
[208.313s][info][gc,heap        ] GC(553) ParOldGen: 345905K(354304K)->345921K(354304K)
[208.313s][info][gc,metaspace   ] GC(553) Metaspace: 35211K(35904K)->35211K(35904K) NonClass: 26016K(26496K)->26016K(26496K) Class: 9194K(9408K)->9194K(9408K)
[208.313s][info][gc             ] GC(553) Pause Young (Allocation Failure) 615M->337M(647M) 1.319ms
[208.313s][info][gc,cpu         ] GC(553) User=0.01s Sys=0.00s Real=0.00s
[208.551s][info][gc,start       ] GC(554) Pause Young (Allocation Failure)
[208.552s][info][gc,heap        ] GC(554) PSYoungGen: 288320K(308224K)->64K(309760K) Eden: 288256K(288256K)->0K(288256K) From: 64K(19968K)->64K(21504K)
[208.552s][info][gc,heap        ] GC(554) ParOldGen: 345921K(354304K)->345937K(354304K)
[208.552s][info][gc,metaspace   ] GC(554) Metaspace: 35211K(35904K)->35211K(35904K) NonClass: 26016K(26496K)->26016K(26496K) Class: 9194K(9408K)->9194K(9408K)
[208.552s][info][gc             ] GC(554) Pause Young (Allocation Failure) 619M->337M(648M) 1.222ms
[208.552s][info][gc,cpu         ] GC(554) User=0.00s Sys=0.00s Real=0.00s
[208.922s][info][gc,start       ] GC(555) Pause Young (Allocation Failure)
[208.923s][info][gc,heap        ] GC(555) PSYoungGen: 288320K(309760K)->64K(309760K) Eden: 288256K(288256K)->0K(291840K) From: 64K(21504K)->64K(17920K)
[208.923s][info][gc,heap        ] GC(555) ParOldGen: 345937K(354304K)->345937K(354304K)
[208.923s][info][gc,metaspace   ] GC(555) Metaspace: 35211K(35904K)->35211K(35904K) NonClass: 26016K(26496K)->26016K(26496K) Class: 9194K(9408K)->9194K(9408K)
[208.923s][info][gc             ] GC(555) Pause Young (Allocation Failure) 619M->337M(648M) 1.205ms
[208.923s][info][gc,cpu         ] GC(555) User=0.00s Sys=0.00s Real=0.00s
[208.976s][info][gc,start       ] GC(556) Pause Young (Allocation Failure)
[208.977s][info][gc,heap        ] GC(556) PSYoungGen: 291904K(309760K)->64K(311296K) Eden: 291840K(291840K)->0K(291840K) From: 64K(17920K)->64K(19456K)
[208.977s][info][gc,heap        ] GC(556) ParOldGen: 345937K(354304K)->345945K(354304K)
[208.977s][info][gc,metaspace   ] GC(556) Metaspace: 35211K(35904K)->35211K(35904K) NonClass: 26016K(26496K)->26016K(26496K) Class: 9194K(9408K)->9194K(9408K)
[208.977s][info][gc             ] GC(556) Pause Young (Allocation Failure) 622M->337M(650M) 1.189ms
[208.977s][info][gc,cpu         ] GC(556) User=0.01s Sys=0.00s Real=0.00s
[209.026s][info][gc,start       ] GC(557) Pause Young (Allocation Failure)
[209.027s][info][gc,heap        ] GC(557) PSYoungGen: 291904K(311296K)->64K(311808K) Eden: 291840K(291840K)->0K(295936K) From: 64K(19456K)->64K(15872K)
[209.027s][info][gc,heap        ] GC(557) ParOldGen: 345945K(354304K)->345961K(354304K)
[209.027s][info][gc,metaspace   ] GC(557) Metaspace: 35211K(35904K)->35211K(35904K) NonClass: 26016K(26496K)->26016K(26496K) Class: 9194K(9408K)->9194K(9408K)
[209.027s][info][gc             ] GC(557) Pause Young (Allocation Failure) 622M->337M(650M) 1.145ms
[209.027s][info][gc,cpu         ] GC(557) User=0.01s Sys=0.00s Real=0.01s
[209.229s][info][gc,start       ] GC(558) Pause Young (Allocation Failure)
[209.231s][info][gc,heap        ] GC(558) PSYoungGen: 296000K(311808K)->64K(313344K) Eden: 295936K(295936K)->0K(295936K) From: 64K(15872K)->64K(17408K)
[209.231s][info][gc,heap        ] GC(558) ParOldGen: 345961K(354304K)->345961K(354304K)
[209.231s][info][gc,metaspace   ] GC(558) Metaspace: 35211K(35904K)->35211K(35904K) NonClass: 26016K(26496K)->26016K(26496K) Class: 9194K(9408K)->9194K(9408K)
[209.231s][info][gc             ] GC(558) Pause Young (Allocation Failure) 626M->337M(652M) 1.219ms
[209.231s][info][gc,cpu         ] GC(558) User=0.00s Sys=0.00s Real=0.00s
[209.458s][info][gc,start       ] GC(559) Pause Young (Allocation Failure)
[209.460s][info][gc,heap        ] GC(559) PSYoungGen: 296000K(313344K)->64K(313856K) Eden: 295936K(295936K)->0K(300032K) From: 64K(17408K)->64K(13824K)
[209.460s][info][gc,heap        ] GC(559) ParOldGen: 345961K(354304K)->345969K(354304K)
[209.460s][info][gc,metaspace   ] GC(559) Metaspace: 35211K(35904K)->35211K(35904K) NonClass: 26016K(26496K)->26016K(26496K) Class: 9194K(9408K)->9194K(9408K)
[209.460s][info][gc             ] GC(559) Pause Young (Allocation Failure) 626M->337M(652M) 1.226ms
[209.460s][info][gc,cpu         ] GC(559) User=0.00s Sys=0.00s Real=0.00s
[209.573s][info][gc,start       ] GC(560) Pause Young (Allocation Failure)
[209.575s][info][gc,heap        ] GC(560) PSYoungGen: 300096K(313856K)->64K(315392K) Eden: 300032K(300032K)->0K(300032K) From: 64K(13824K)->64K(15360K)
[209.575s][info][gc,heap        ] GC(560) ParOldGen: 345969K(354304K)->345977K(354304K)
[209.575s][info][gc,metaspace   ] GC(560) Metaspace: 35211K(35904K)->35211K(35904K) NonClass: 26016K(26496K)->26016K(26496K) Class: 9194K(9408K)->9194K(9408K)
[209.575s][info][gc             ] GC(560) Pause Young (Allocation Failure) 630M->337M(654M) 1.697ms
[209.575s][info][gc,cpu         ] GC(560) User=0.00s Sys=0.00s Real=0.00s
[209.686s][info][gc,start       ] GC(561) Pause Young (Allocation Failure)
[209.687s][info][gc,heap        ] GC(561) PSYoungGen: 300096K(315392K)->64K(316928K) Eden: 300032K(300032K)->0K(304128K) From: 64K(15360K)->64K(12800K)
[209.687s][info][gc,heap        ] GC(561) ParOldGen: 345977K(354304K)->345985K(354304K)
[209.687s][info][gc,metaspace   ] GC(561) Metaspace: 35211K(35904K)->35211K(35904K) NonClass: 26016K(26496K)->26016K(26496K) Class: 9194K(9408K)->9194K(9408K)
[209.687s][info][gc             ] GC(561) Pause Young (Allocation Failure) 630M->337M(655M) 1.128ms
[209.687s][info][gc,cpu         ] GC(561) User=0.00s Sys=0.00s Real=0.01s
[210.049s][info][gc,start       ] GC(562) Pause Young (Allocation Failure)
[210.052s][info][gc,heap        ] GC(562) PSYoungGen: 304192K(316928K)->64K(292352K) Eden: 304128K(304128K)->0K(291840K) From: 64K(12800K)->64K(512K)
[210.052s][info][gc,heap        ] GC(562) ParOldGen: 345985K(354304K)->345993K(354304K)
[210.052s][info][gc,metaspace   ] GC(562) Metaspace: 35211K(35904K)->35211K(35904K) NonClass: 26016K(26496K)->26016K(26496K) Class: 9194K(9408K)->9194K(9408K)
[210.052s][info][gc             ] GC(562) Pause Young (Allocation Failure) 634M->337M(631M) 2.247ms
[210.052s][info][gc,cpu         ] GC(562) User=0.00s Sys=0.00s Real=0.00s
[210.718s][info][gc,start       ] GC(563) Pause Young (Allocation Failure)
[210.720s][info][gc,heap        ] GC(563) PSYoungGen: 291904K(292352K)->83K(280576K) Eden: 291840K(291840K)->0K(280064K) From: 64K(512K)->83K(512K)
[210.720s][info][gc,heap        ] GC(563) ParOldGen: 345993K(354304K)->346001K(354304K)
[210.720s][info][gc,metaspace   ] GC(563) Metaspace: 35211K(35904K)->35211K(35904K) NonClass: 26016K(26496K)->26016K(26496K) Class: 9194K(9408K)->9194K(9408K)
[210.720s][info][gc             ] GC(563) Pause Young (Allocation Failure) 622M->337M(620M) 2.120ms
[210.720s][info][gc,cpu         ] GC(563) User=0.00s Sys=0.00s Real=0.00s
[211.634s][info][gc,start       ] GC(564) Pause Young (Allocation Failure)
[211.635s][info][gc,heap        ] GC(564) PSYoungGen: 280147K(280576K)->64K(280576K) Eden: 280064K(280064K)->0K(268800K) From: 83K(512K)->64K(11776K)
[211.635s][info][gc,heap        ] GC(564) ParOldGen: 346001K(354304K)->346009K(354304K)
[211.635s][info][gc,metaspace   ] GC(564) Metaspace: 35211K(35904K)->35211K(35904K) NonClass: 26016K(26496K)->26016K(26496K) Class: 9194K(9408K)->9194K(9408K)
[211.635s][info][gc             ] GC(564) Pause Young (Allocation Failure) 611M->337M(620M) 1.206ms
[211.635s][info][gc,cpu         ] GC(564) User=0.00s Sys=0.00s Real=0.00s
[212.076s][info][gc,start       ] GC(565) Pause Young (Allocation Failure)
[212.078s][info][gc,heap        ] GC(565) PSYoungGen: 268864K(280576K)->64K(258560K) Eden: 268800K(268800K)->0K(258048K) From: 64K(11776K)->64K(512K)
[212.078s][info][gc,heap        ] GC(565) ParOldGen: 346009K(354304K)->346017K(354304K)
[212.078s][info][gc,metaspace   ] GC(565) Metaspace: 35211K(35904K)->35211K(35904K) NonClass: 26016K(26496K)->26016K(26496K) Class: 9194K(9408K)->9194K(9408K)
[212.078s][info][gc             ] GC(565) Pause Young (Allocation Failure) 600M->337M(598M) 1.952ms
[212.078s][info][gc,cpu         ] GC(565) User=0.00s Sys=0.01s Real=0.01s
[213.049s][info][gc,start       ] GC(566) Pause Young (Allocation Failure)
[213.051s][info][gc,heap        ] GC(566) PSYoungGen: 258112K(258560K)->64K(258048K) Eden: 258048K(258048K)->0K(247808K) From: 64K(512K)->64K(10240K)
[213.051s][info][gc,heap        ] GC(566) ParOldGen: 346017K(354304K)->346033K(354304K)
[213.051s][info][gc,metaspace   ] GC(566) Metaspace: 35211K(35904K)->35211K(35904K) NonClass: 26016K(26496K)->26016K(26496K) Class: 9194K(9408K)->9194K(9408K)
[213.051s][info][gc             ] GC(566) Pause Young (Allocation Failure) 589M->337M(598M) 2.113ms
[213.051s][info][gc,cpu         ] GC(566) User=0.00s Sys=0.00s Real=0.00s
[213.408s][info][gc,start       ] GC(567) Pause Young (Allocation Failure)
[213.411s][info][gc,heap        ] GC(567) PSYoungGen: 247872K(258048K)->64K(238592K) Eden: 247808K(247808K)->0K(238080K) From: 64K(10240K)->64K(512K)
[213.411s][info][gc,heap        ] GC(567) ParOldGen: 346033K(354304K)->346049K(354304K)
[213.411s][info][gc,metaspace   ] GC(567) Metaspace: 35211K(35904K)->35211K(35904K) NonClass: 26016K(26496K)->26016K(26496K) Class: 9194K(9408K)->9194K(9408K)
[213.411s][info][gc             ] GC(567) Pause Young (Allocation Failure) 579M->338M(579M) 2.779ms
[213.411s][info][gc,cpu         ] GC(567) User=0.00s Sys=0.00s Real=0.00s
[213.557s][info][gc,start       ] GC(568) Pause Young (Allocation Failure)
[213.559s][info][gc,heap        ] GC(568) PSYoungGen: 238144K(238592K)->64K(238080K) Eden: 238080K(238080K)->0K(228864K) From: 64K(512K)->64K(9216K)
[213.559s][info][gc,heap        ] GC(568) ParOldGen: 346049K(354304K)->346065K(354304K)
[213.559s][info][gc,metaspace   ] GC(568) Metaspace: 35211K(35904K)->35211K(35904K) NonClass: 26016K(26496K)->26016K(26496K) Class: 9194K(9408K)->9194K(9408K)
[213.559s][info][gc             ] GC(568) Pause Young (Allocation Failure) 570M->338M(578M) 1.833ms
[213.559s][info][gc,cpu         ] GC(568) User=0.00s Sys=0.00s Real=0.00s
[213.706s][info][gc,start       ] GC(569) Pause Young (Allocation Failure)
[213.708s][info][gc,heap        ] GC(569) PSYoungGen: 228928K(238080K)->64K(220672K) Eden: 228864K(228864K)->0K(220160K) From: 64K(9216K)->64K(512K)
[213.708s][info][gc,heap        ] GC(569) ParOldGen: 346065K(354304K)->346073K(354304K)
[213.708s][info][gc,metaspace   ] GC(569) Metaspace: 35211K(35904K)->35211K(35904K) NonClass: 26016K(26496K)->26016K(26496K) Class: 9194K(9408K)->9194K(9408K)
[213.708s][info][gc             ] GC(569) Pause Young (Allocation Failure) 561M->338M(561M) 2.687ms
[213.708s][info][gc,cpu         ] GC(569) User=0.00s Sys=0.00s Real=0.01s
[214.218s][info][gc,start       ] GC(570) Pause Young (Allocation Failure)
[214.220s][info][gc,heap        ] GC(570) PSYoungGen: 220224K(220672K)->64K(219648K) Eden: 220160K(220160K)->0K(211968K) From: 64K(512K)->64K(7680K)
[214.220s][info][gc,heap        ] GC(570) ParOldGen: 346073K(354304K)->346081K(354304K)
[214.220s][info][gc,metaspace   ] GC(570) Metaspace: 35211K(35904K)->35211K(35904K) NonClass: 26016K(26496K)->26016K(26496K) Class: 9194K(9408K)->9194K(9408K)
[214.220s][info][gc             ] GC(570) Pause Young (Allocation Failure) 553M->338M(560M) 2.357ms
[214.220s][info][gc,cpu         ] GC(570) User=0.00s Sys=0.00s Real=0.00s
[214.451s][info][gc,start       ] GC(571) Pause Young (Allocation Failure)
[214.453s][info][gc,heap        ] GC(571) PSYoungGen: 212032K(219648K)->64K(204800K) Eden: 211968K(211968K)->0K(204288K) From: 64K(7680K)->64K(512K)
[214.453s][info][gc,heap        ] GC(571) ParOldGen: 346081K(354304K)->346097K(354304K)
[214.453s][info][gc,metaspace   ] GC(571) Metaspace: 35211K(35904K)->35211K(35904K) NonClass: 26016K(26496K)->26016K(26496K) Class: 9194K(9408K)->9194K(9408K)
[214.453s][info][gc             ] GC(571) Pause Young (Allocation Failure) 545M->338M(546M) 2.585ms
[214.453s][info][gc,cpu         ] GC(571) User=0.00s Sys=0.00s Real=0.00s
[214.744s][info][gc,start       ] GC(572) Pause Young (Allocation Failure)
[214.766s][info][gc,heap        ] GC(572) PSYoungGen: 204352K(204800K)->6656K(251904K) Eden: 204288K(204288K)->0K(245248K) From: 64K(512K)->6656K(6656K)
[214.766s][info][gc,heap        ] GC(572) ParOldGen: 346097K(354304K)->353729K(354304K)
[214.766s][info][gc,metaspace   ] GC(572) Metaspace: 35211K(35904K)->35211K(35904K) NonClass: 26016K(26496K)->26016K(26496K) Class: 9194K(9408K)->9194K(9408K)
[214.766s][info][gc             ] GC(572) Pause Young (Allocation Failure) 537M->351M(592M) 22.502ms
[214.766s][info][gc,cpu         ] GC(572) User=0.05s Sys=0.00s Real=0.02s
[215.051s][info][gc,start       ] GC(573) Pause Young (Allocation Failure)
[215.107s][info][gc,heap        ] GC(573) PSYoungGen: 251904K(251904K)->6656K(252416K) Eden: 245248K(245248K)->0K(245760K) From: 6656K(6656K)->6656K(6656K)
[215.107s][info][gc,heap        ] GC(573) ParOldGen: 353729K(354304K)->374881K(375296K)
[215.107s][info][gc,metaspace   ] GC(573) Metaspace: 35211K(35904K)->35211K(35904K) NonClass: 26016K(26496K)->26016K(26496K) Class: 9194K(9408K)->9194K(9408K)
[215.107s][info][gc             ] GC(573) Pause Young (Allocation Failure) 591M->372M(613M) 56.124ms
[215.107s][info][gc,cpu         ] GC(573) User=0.09s Sys=0.01s Real=0.06s
[215.337s][info][gc,start       ] GC(574) Pause Young (Allocation Failure)
[215.375s][info][gc,heap        ] GC(574) PSYoungGen: 252416K(252416K)->19968K(265728K) Eden: 245760K(245760K)->0K(245760K) From: 6656K(6656K)->19968K(19968K)
[215.375s][info][gc,heap        ] GC(574) ParOldGen: 374881K(375296K)->376225K(376320K)
[215.375s][info][gc,metaspace   ] GC(574) Metaspace: 35211K(35904K)->35211K(35904K) NonClass: 26016K(26496K)->26016K(26496K) Class: 9194K(9408K)->9194K(9408K)
[215.375s][info][gc             ] GC(574) Pause Young (Allocation Failure) 612M->386M(627M) 37.756ms
[215.375s][info][gc,cpu         ] GC(574) User=0.07s Sys=0.01s Real=0.03s
[215.455s][info][gc,start       ] GC(575) Pause Young (Allocation Failure)
[215.456s][info][gc,heap        ] GC(575) PSYoungGen: 265728K(265728K)->64K(309760K) Eden: 245760K(245760K)->0K(285184K) From: 19968K(19968K)->64K(24576K)
[215.456s][info][gc,heap        ] GC(575) ParOldGen: 376225K(376320K)->376257K(376320K)
[215.456s][info][gc,metaspace   ] GC(575) Metaspace: 35211K(35904K)->35211K(35904K) NonClass: 26016K(26496K)->26016K(26496K) Class: 9194K(9408K)->9194K(9408K)
[215.456s][info][gc             ] GC(575) Pause Young (Allocation Failure) 626M->367M(670M) 1.541ms
[215.456s][info][gc,cpu         ] GC(575) User=0.01s Sys=0.00s Real=0.00s
[216.120s][info][gc,start       ] GC(576) Pause Young (Allocation Failure)
[216.122s][info][gc,heap        ] GC(576) PSYoungGen: 285248K(309760K)->64K(285696K) Eden: 285184K(285184K)->0K(285184K) From: 64K(24576K)->64K(512K)
[216.122s][info][gc,heap        ] GC(576) ParOldGen: 376257K(376320K)->376265K(376320K)
[216.122s][info][gc,metaspace   ] GC(576) Metaspace: 35211K(35904K)->35211K(35904K) NonClass: 26016K(26496K)->26016K(26496K) Class: 9194K(9408K)->9194K(9408K)
[216.122s][info][gc             ] GC(576) Pause Young (Allocation Failure) 646M->367M(646M) 1.446ms
[216.122s][info][gc,cpu         ] GC(576) User=0.00s Sys=0.00s Real=0.00s
[216.473s][info][gc,start       ] GC(577) Pause Young (Allocation Failure)
[216.475s][info][gc,heap        ] GC(577) PSYoungGen: 285248K(285696K)->64K(309248K) Eden: 285184K(285184K)->0K(286208K) From: 64K(512K)->64K(23040K)
[216.475s][info][gc,heap        ] GC(577) ParOldGen: 376265K(376320K)->376273K(376320K)
[216.475s][info][gc,metaspace   ] GC(577) Metaspace: 35211K(35904K)->35211K(35904K) NonClass: 26016K(26496K)->26016K(26496K) Class: 9194K(9408K)->9194K(9408K)
[216.475s][info][gc             ] GC(577) Pause Young (Allocation Failure) 646M->367M(669M) 1.361ms
[216.475s][info][gc,cpu         ] GC(577) User=0.00s Sys=0.00s Real=0.00s
[216.907s][info][gc,start       ] GC(578) Pause Young (Allocation Failure)
[216.908s][info][gc,heap        ] GC(578) PSYoungGen: 286272K(309248K)->64K(308224K) Eden: 286208K(286208K)->0K(286208K) From: 64K(23040K)->64K(22016K)
[216.908s][info][gc,heap        ] GC(578) ParOldGen: 376273K(376320K)->376289K(376320K)
[216.908s][info][gc,metaspace   ] GC(578) Metaspace: 35211K(35904K)->35211K(35904K) NonClass: 26016K(26496K)->26016K(26496K) Class: 9194K(9408K)->9194K(9408K)
[216.908s][info][gc             ] GC(578) Pause Young (Allocation Failure) 647M->367M(668M) 1.400ms
[216.908s][info][gc,cpu         ] GC(578) User=0.01s Sys=0.00s Real=0.00s
[217.142s][info][gc,start       ] GC(579) Pause Young (Allocation Failure)
[217.143s][info][gc,heap        ] GC(579) PSYoungGen: 286272K(308224K)->64K(310784K) Eden: 286208K(286208K)->0K(289792K) From: 64K(22016K)->64K(20992K)
[217.143s][info][gc,heap        ] GC(579) ParOldGen: 376289K(376320K)->376305K(376320K)
[217.143s][info][gc,metaspace   ] GC(579) Metaspace: 35211K(35904K)->35211K(35904K) NonClass: 26016K(26496K)->26016K(26496K) Class: 9194K(9408K)->9194K(9408K)
[217.143s][info][gc             ] GC(579) Pause Young (Allocation Failure) 647M->367M(671M) 1.315ms
[217.143s][info][gc,cpu         ] GC(579) User=0.00s Sys=0.00s Real=0.00s
[217.512s][info][gc,start       ] GC(580) Pause Young (Allocation Failure)
[217.513s][info][gc,heap        ] GC(580) PSYoungGen: 289856K(310784K)->64K(309760K) Eden: 289792K(289792K)->0K(289792K) From: 64K(20992K)->64K(19968K)
[217.513s][info][gc,heap        ] GC(580) ParOldGen: 376305K(376320K)->376305K(376320K)
[217.513s][info][gc,metaspace   ] GC(580) Metaspace: 35211K(35904K)->35211K(35904K) NonClass: 26016K(26496K)->26016K(26496K) Class: 9194K(9408K)->9194K(9408K)
[217.513s][info][gc             ] GC(580) Pause Young (Allocation Failure) 650M->367M(670M) 1.308ms
[217.513s][info][gc,cpu         ] GC(580) User=0.00s Sys=0.00s Real=0.00s
[217.581s][info][gc,start       ] GC(581) Pause Young (Allocation Failure)
[217.582s][info][gc,heap        ] GC(581) PSYoungGen: 289856K(309760K)->64K(312832K) Eden: 289792K(289792K)->0K(293888K) From: 64K(19968K)->64K(18944K)
[217.582s][info][gc,heap        ] GC(581) ParOldGen: 376305K(376320K)->376313K(376320K)
[217.582s][info][gc,metaspace   ] GC(581) Metaspace: 35211K(35904K)->35211K(35904K) NonClass: 26016K(26496K)->26016K(26496K) Class: 9194K(9408K)->9194K(9408K)
[217.582s][info][gc             ] GC(581) Pause Young (Allocation Failure) 650M->367M(673M) 1.273ms
[217.582s][info][gc,cpu         ] GC(581) User=0.00s Sys=0.00s Real=0.00s
[217.634s][info][gc,start       ] GC(582) Pause Young (Allocation Failure)
[217.636s][info][gc,heap        ] GC(582) PSYoungGen: 293952K(312832K)->64K(311808K) Eden: 293888K(293888K)->0K(293888K) From: 64K(18944K)->64K(17920K)
[217.636s][info][gc,heap        ] GC(582) ParOldGen: 376313K(376320K)->376329K(376832K)
[217.636s][info][gc,metaspace   ] GC(582) Metaspace: 35211K(35904K)->35211K(35904K) NonClass: 26016K(26496K)->26016K(26496K) Class: 9194K(9408K)->9194K(9408K)
[217.636s][info][gc             ] GC(582) Pause Young (Allocation Failure) 654M->367M(672M) 1.780ms
[217.636s][info][gc,cpu         ] GC(582) User=0.00s Sys=0.00s Real=0.00s
[217.820s][info][gc,start       ] GC(583) Pause Young (Allocation Failure)
[217.821s][info][gc,heap        ] GC(583) PSYoungGen: 293952K(311808K)->64K(314880K) Eden: 293888K(293888K)->0K(297984K) From: 64K(17920K)->64K(16896K)
[217.821s][info][gc,heap        ] GC(583) ParOldGen: 376329K(376832K)->376329K(376832K)
[217.821s][info][gc,metaspace   ] GC(583) Metaspace: 35211K(35904K)->35211K(35904K) NonClass: 26016K(26496K)->26016K(26496K) Class: 9194K(9408K)->9194K(9408K)
[217.821s][info][gc             ] GC(583) Pause Young (Allocation Failure) 654M->367M(675M) 1.174ms
[217.821s][info][gc,cpu         ] GC(583) User=0.00s Sys=0.00s Real=0.00s
[218.066s][info][gc,start       ] GC(584) Pause Young (Allocation Failure)
[218.067s][info][gc,heap        ] GC(584) PSYoungGen: 298048K(314880K)->64K(314368K) Eden: 297984K(297984K)->0K(297984K) From: 64K(16896K)->64K(16384K)
[218.067s][info][gc,heap        ] GC(584) ParOldGen: 376329K(376832K)->376337K(376832K)
[218.067s][info][gc,metaspace   ] GC(584) Metaspace: 35211K(35904K)->35211K(35904K) NonClass: 26016K(26496K)->26016K(26496K) Class: 9194K(9408K)->9194K(9408K)
[218.067s][info][gc             ] GC(584) Pause Young (Allocation Failure) 658M->367M(675M) 1.375ms
[218.067s][info][gc,cpu         ] GC(584) User=0.00s Sys=0.00s Real=0.01s
[218.187s][info][gc,start       ] GC(585) Pause Young (Allocation Failure)
[218.188s][info][gc,heap        ] GC(585) PSYoungGen: 298048K(314368K)->64K(316416K) Eden: 297984K(297984K)->0K(301568K) From: 64K(16384K)->64K(14848K)
[218.188s][info][gc,heap        ] GC(585) ParOldGen: 376337K(376832K)->376345K(376832K)
[218.188s][info][gc,metaspace   ] GC(585) Metaspace: 35211K(35904K)->35211K(35904K) NonClass: 26016K(26496K)->26016K(26496K) Class: 9194K(9408K)->9194K(9408K)
[218.188s][info][gc             ] GC(585) Pause Young (Allocation Failure) 658M->367M(677M) 1.251ms
[218.188s][info][gc,cpu         ] GC(585) User=0.00s Sys=0.00s Real=0.01s
[218.297s][info][gc,start       ] GC(586) Pause Young (Allocation Failure)
[218.299s][info][gc,heap        ] GC(586) PSYoungGen: 301632K(316416K)->64K(315904K) Eden: 301568K(301568K)->0K(301568K) From: 64K(14848K)->64K(14336K)
[218.299s][info][gc,heap        ] GC(586) ParOldGen: 376345K(376832K)->376353K(376832K)
[218.299s][info][gc,metaspace   ] GC(586) Metaspace: 35211K(35904K)->35211K(35904K) NonClass: 26016K(26496K)->26016K(26496K) Class: 9194K(9408K)->9194K(9408K)
[218.299s][info][gc             ] GC(586) Pause Young (Allocation Failure) 662M->367M(676M) 1.289ms
[218.299s][info][gc,cpu         ] GC(586) User=0.00s Sys=0.00s Real=0.00s
[218.637s][info][gc,start       ] GC(587) Pause Young (Allocation Failure)
[218.638s][info][gc,heap        ] GC(587) PSYoungGen: 301632K(315904K)->64K(318464K) Eden: 301568K(301568K)->0K(305152K) From: 64K(14336K)->64K(13312K)
[218.638s][info][gc,heap        ] GC(587) ParOldGen: 376353K(376832K)->376361K(376832K)
[218.638s][info][gc,metaspace   ] GC(587) Metaspace: 35211K(35904K)->35211K(35904K) NonClass: 26016K(26496K)->26016K(26496K) Class: 9194K(9408K)->9194K(9408K)
[218.638s][info][gc             ] GC(587) Pause Young (Allocation Failure) 662M->367M(679M) 1.220ms
[218.638s][info][gc,cpu         ] GC(587) User=0.00s Sys=0.00s Real=0.01s
[219.325s][info][gc,start       ] GC(588) Pause Young (Allocation Failure)
[219.326s][info][gc,heap        ] GC(588) PSYoungGen: 305216K(318464K)->64K(293376K) Eden: 305152K(305152K)->0K(292864K) From: 64K(13312K)->64K(512K)
[219.326s][info][gc,heap        ] GC(588) ParOldGen: 376361K(376832K)->376369K(376832K)
[219.326s][info][gc,metaspace   ] GC(588) Metaspace: 35211K(35904K)->35211K(35904K) NonClass: 26016K(26496K)->26016K(26496K) Class: 9194K(9408K)->9194K(9408K)
[219.326s][info][gc             ] GC(588) Pause Young (Allocation Failure) 665M->367M(654M) 1.297ms
[219.326s][info][gc,cpu         ] GC(588) User=0.00s Sys=0.01s Real=0.00s
[220.238s][info][gc,start       ] GC(589) Pause Young (Allocation Failure)
[220.239s][info][gc,heap        ] GC(589) PSYoungGen: 292928K(293376K)->64K(281600K) Eden: 292864K(292864K)->0K(281088K) From: 64K(512K)->64K(512K)
[220.239s][info][gc,heap        ] GC(589) ParOldGen: 376369K(376832K)->376377K(376832K)
[220.239s][info][gc,metaspace   ] GC(589) Metaspace: 35211K(35904K)->35211K(35904K) NonClass: 26016K(26496K)->26016K(26496K) Class: 9194K(9408K)->9194K(9408K)
[220.239s][info][gc             ] GC(589) Pause Young (Allocation Failure) 653M->367M(643M) 1.327ms
[220.239s][info][gc,cpu         ] GC(589) User=0.00s Sys=0.00s Real=0.00s
[220.691s][info][gc,start       ] GC(590) Pause Young (Allocation Failure)
[220.693s][info][gc,heap        ] GC(590) PSYoungGen: 281152K(281600K)->64K(281088K) Eden: 281088K(281088K)->0K(269824K) From: 64K(512K)->64K(11264K)
[220.693s][info][gc,heap        ] GC(590) ParOldGen: 376377K(376832K)->376385K(376832K)
[220.693s][info][gc,metaspace   ] GC(590) Metaspace: 35211K(35904K)->35211K(35904K) NonClass: 26016K(26496K)->26016K(26496K) Class: 9194K(9408K)->9194K(9408K)
[220.693s][info][gc             ] GC(590) Pause Young (Allocation Failure) 642M->367M(642M) 1.288ms
[220.693s][info][gc,cpu         ] GC(590) User=0.01s Sys=0.00s Real=0.00s
[221.690s][info][gc,start       ] GC(591) Pause Young (Allocation Failure)
[221.691s][info][gc,heap        ] GC(591) PSYoungGen: 269888K(281088K)->64K(259584K) Eden: 269824K(269824K)->0K(259072K) From: 64K(11264K)->64K(512K)
[221.691s][info][gc,heap        ] GC(591) ParOldGen: 376385K(376832K)->376393K(376832K)
[221.691s][info][gc,metaspace   ] GC(591) Metaspace: 35211K(35904K)->35211K(35904K) NonClass: 26016K(26496K)->26016K(26496K) Class: 9194K(9408K)->9194K(9408K)
[221.692s][info][gc             ] GC(591) Pause Young (Allocation Failure) 631M->367M(621M) 1.722ms
[221.692s][info][gc,cpu         ] GC(591) User=0.00s Sys=0.00s Real=0.00s
[222.040s][info][gc,start       ] GC(592) Pause Young (Allocation Failure)
[222.041s][info][gc,heap        ] GC(592) PSYoungGen: 259136K(259584K)->64K(258560K) Eden: 259072K(259072K)->0K(248832K) From: 64K(512K)->64K(9728K)
[222.041s][info][gc,heap        ] GC(592) ParOldGen: 376393K(376832K)->376401K(376832K)
[222.041s][info][gc,metaspace   ] GC(592) Metaspace: 35211K(35904K)->35211K(35904K) NonClass: 26016K(26496K)->26016K(26496K) Class: 9194K(9408K)->9194K(9408K)
[222.041s][info][gc             ] GC(592) Pause Young (Allocation Failure) 620M->367M(620M) 1.304ms
[222.041s][info][gc,cpu         ] GC(592) User=0.00s Sys=0.00s Real=0.00s
[222.174s][info][gc,start       ] GC(593) Pause Young (Allocation Failure)
[222.176s][info][gc,heap        ] GC(593) PSYoungGen: 248896K(258560K)->64K(239616K) Eden: 248832K(248832K)->0K(239104K) From: 64K(9728K)->64K(512K)
[222.176s][info][gc,heap        ] GC(593) ParOldGen: 376401K(376832K)->376409K(376832K)
[222.176s][info][gc,metaspace   ] GC(593) Metaspace: 35211K(35904K)->35211K(35904K) NonClass: 26016K(26496K)->26016K(26496K) Class: 9194K(9408K)->9194K(9408K)
[222.176s][info][gc             ] GC(593) Pause Young (Allocation Failure) 610M->367M(602M) 1.655ms
[222.176s][info][gc,cpu         ] GC(593) User=0.01s Sys=0.00s Real=0.00s
[222.464s][info][gc,start       ] GC(594) Pause Young (Allocation Failure)
[222.465s][info][gc,heap        ] GC(594) PSYoungGen: 239168K(239616K)->64K(238080K) Eden: 239104K(239104K)->0K(229888K) From: 64K(512K)->64K(8192K)
[222.465s][info][gc,heap        ] GC(594) ParOldGen: 376409K(376832K)->376417K(376832K)
[222.465s][info][gc,metaspace   ] GC(594) Metaspace: 35211K(35904K)->35211K(35904K) NonClass: 26016K(26496K)->26016K(26496K) Class: 9194K(9408K)->9194K(9408K)
[222.465s][info][gc             ] GC(594) Pause Young (Allocation Failure) 601M->367M(600M) 1.109ms
[222.465s][info][gc,cpu         ] GC(594) User=0.00s Sys=0.00s Real=0.00s
[222.872s][info][gc,start       ] GC(595) Pause Young (Allocation Failure)
[222.874s][info][gc,heap        ] GC(595) PSYoungGen: 229952K(238080K)->64K(221696K) Eden: 229888K(229888K)->0K(221184K) From: 64K(8192K)->64K(512K)
[222.874s][info][gc,heap        ] GC(595) ParOldGen: 376417K(376832K)->376425K(376832K)
[222.874s][info][gc,metaspace   ] GC(595) Metaspace: 35211K(35904K)->35211K(35904K) NonClass: 26016K(26496K)->26016K(26496K) Class: 9194K(9408K)->9194K(9408K)
[222.874s][info][gc             ] GC(595) Pause Young (Allocation Failure) 592M->367M(584M) 2.251ms
[222.874s][info][gc,cpu         ] GC(595) User=0.00s Sys=0.00s Real=0.00s
[223.211s][info][gc,start       ] GC(596) Pause Young (Allocation Failure)
[223.212s][info][gc,heap        ] GC(596) PSYoungGen: 221247K(221696K)->64K(220160K) Eden: 221183K(221184K)->0K(212992K) From: 64K(512K)->64K(7168K)
[223.212s][info][gc,heap        ] GC(596) ParOldGen: 376425K(376832K)->376433K(376832K)
[223.212s][info][gc,metaspace   ] GC(596) Metaspace: 35211K(35904K)->35211K(35904K) NonClass: 26016K(26496K)->26016K(26496K) Class: 9194K(9408K)->9194K(9408K)
[223.212s][info][gc             ] GC(596) Pause Young (Allocation Failure) 583M->367M(583M) 1.144ms
[223.212s][info][gc,cpu         ] GC(596) User=0.00s Sys=0.00s Real=0.00s
[223.461s][info][gc,start       ] GC(597) Pause Young (Allocation Failure)
[223.507s][info][gc,heap        ] GC(597) PSYoungGen: 213056K(220160K)->6656K(262656K) Eden: 212992K(212992K)->0K(256000K) From: 64K(7168K)->6656K(6656K)
[223.507s][info][gc,heap        ] GC(597) ParOldGen: 376433K(376832K)->393689K(393728K)
[223.507s][info][gc,metaspace   ] GC(597) Metaspace: 35211K(35904K)->35211K(35904K) NonClass: 26016K(26496K)->26016K(26496K) Class: 9194K(9408K)->9194K(9408K)
[223.507s][info][gc             ] GC(597) Pause Young (Allocation Failure) 575M->390M(641M) 45.382ms
[223.507s][info][gc,cpu         ] GC(597) User=0.08s Sys=0.01s Real=0.04s
[223.806s][info][gc,start       ] GC(598) Pause Young (Allocation Failure)
[223.862s][info][gc,heap        ] GC(598) PSYoungGen: 262656K(262656K)->14848K(270848K) Eden: 256000K(256000K)->0K(256000K) From: 6656K(6656K)->14848K(14848K)
[223.862s][info][gc,heap        ] GC(598) ParOldGen: 393689K(393728K)->408105K(408576K)
[223.862s][info][gc,metaspace   ] GC(598) Metaspace: 35211K(35904K)->35211K(35904K) NonClass: 26016K(26496K)->26016K(26496K) Class: 9194K(9408K)->9194K(9408K)
[223.862s][info][gc             ] GC(598) Pause Young (Allocation Failure) 640M->413M(663M) 55.696ms
[223.862s][info][gc,cpu         ] GC(598) User=0.10s Sys=0.01s Real=0.06s
[224.008s][info][gc,start       ] GC(599) Pause Young (Allocation Failure)
[224.032s][info][gc,heap        ] GC(599) PSYoungGen: 270848K(270848K)->9952K(310784K) Eden: 256000K(256000K)->0K(287232K) From: 14848K(14848K)->9952K(23552K)
[224.032s][info][gc,heap        ] GC(599) ParOldGen: 408105K(408576K)->408489K(408576K)
[224.032s][info][gc,metaspace   ] GC(599) Metaspace: 35211K(35904K)->35211K(35904K) NonClass: 26016K(26496K)->26016K(26496K) Class: 9194K(9408K)->9194K(9408K)
[224.032s][info][gc             ] GC(599) Pause Young (Allocation Failure) 663M->408M(702M) 23.443ms
[224.032s][info][gc,cpu         ] GC(599) User=0.04s Sys=0.01s Real=0.02s
[224.422s][info][gc,start       ] GC(600) Pause Young (Allocation Failure)
[224.424s][info][gc,heap        ] GC(600) PSYoungGen: 297184K(310784K)->64K(287744K) Eden: 287232K(287232K)->0K(287232K) From: 9952K(23552K)->64K(512K)
[224.424s][info][gc,heap        ] GC(600) ParOldGen: 408489K(408576K)->408497K(408576K)
[224.424s][info][gc,metaspace   ] GC(600) Metaspace: 35211K(35904K)->35211K(35904K) NonClass: 26016K(26496K)->26016K(26496K) Class: 9194K(9408K)->9194K(9408K)
[224.424s][info][gc             ] GC(600) Pause Young (Allocation Failure) 689M->398M(680M) 1.474ms
[224.424s][info][gc,cpu         ] GC(600) User=0.00s Sys=0.00s Real=0.00s
[224.981s][info][gc,start       ] GC(601) Pause Young (Allocation Failure)
[224.982s][info][gc,heap        ] GC(601) PSYoungGen: 287296K(287744K)->64K(310784K) Eden: 287232K(287232K)->0K(288256K) From: 64K(512K)->64K(22528K)
[224.983s][info][gc,heap        ] GC(601) ParOldGen: 408497K(408576K)->408505K(408576K)
[224.983s][info][gc,metaspace   ] GC(601) Metaspace: 35211K(35904K)->35211K(35904K) NonClass: 26016K(26496K)->26016K(26496K) Class: 9194K(9408K)->9194K(9408K)
[224.983s][info][gc             ] GC(601) Pause Young (Allocation Failure) 679M->398M(702M) 1.462ms
[224.983s][info][gc,cpu         ] GC(601) User=0.00s Sys=0.00s Real=0.00s
[225.436s][info][gc,start       ] GC(602) Pause Young (Allocation Failure)
[225.438s][info][gc,heap        ] GC(602) PSYoungGen: 288320K(310784K)->64K(309760K) Eden: 288256K(288256K)->0K(288256K) From: 64K(22528K)->64K(21504K)
[225.438s][info][gc,heap        ] GC(602) ParOldGen: 408505K(408576K)->408521K(408576K)
[225.438s][info][gc,metaspace   ] GC(602) Metaspace: 35211K(35904K)->35211K(35904K) NonClass: 26016K(26496K)->26016K(26496K) Class: 9194K(9408K)->9194K(9408K)
[225.438s][info][gc             ] GC(602) Pause Young (Allocation Failure) 680M->399M(701M) 1.594ms
[225.438s][info][gc,cpu         ] GC(602) User=0.00s Sys=0.00s Real=0.01s
[225.675s][info][gc,start       ] GC(603) Pause Young (Allocation Failure)
[225.676s][info][gc,heap        ] GC(603) PSYoungGen: 288320K(309760K)->64K(311296K) Eden: 288256K(288256K)->0K(290816K) From: 64K(21504K)->64K(20480K)
[225.676s][info][gc,heap        ] GC(603) ParOldGen: 408521K(408576K)->408537K(408576K)
[225.676s][info][gc,metaspace   ] GC(603) Metaspace: 35211K(35904K)->35211K(35904K) NonClass: 26016K(26496K)->26016K(26496K) Class: 9194K(9408K)->9194K(9408K)
[225.676s][info][gc             ] GC(603) Pause Young (Allocation Failure) 680M->399M(703M) 1.370ms
[225.676s][info][gc,cpu         ] GC(603) User=0.00s Sys=0.00s Real=0.00s
[225.916s][info][gc,start       ] GC(604) Pause Young (Allocation Failure)
[225.917s][info][gc,heap        ] GC(604) PSYoungGen: 290880K(311296K)->64K(310784K) Eden: 290816K(290816K)->0K(290816K) From: 64K(20480K)->64K(19968K)
[225.917s][info][gc,heap        ] GC(604) ParOldGen: 408537K(408576K)->408537K(408576K)
[225.917s][info][gc,metaspace   ] GC(604) Metaspace: 35211K(35904K)->35211K(35904K) NonClass: 26016K(26496K)->26016K(26496K) Class: 9194K(9408K)->9194K(9408K)
[225.917s][info][gc             ] GC(604) Pause Young (Allocation Failure) 683M->399M(702M) 1.262ms
[225.917s][info][gc,cpu         ] GC(604) User=0.00s Sys=0.00s Real=0.01s
[226.203s][info][gc,start       ] GC(605) Pause Young (Allocation Failure)
[226.204s][info][gc,heap        ] GC(605) PSYoungGen: 290880K(310784K)->64K(312832K) Eden: 290816K(290816K)->0K(293888K) From: 64K(19968K)->64K(18944K)
[226.204s][info][gc,heap        ] GC(605) ParOldGen: 408537K(408576K)->408537K(408576K)
[226.204s][info][gc,metaspace   ] GC(605) Metaspace: 35211K(35904K)->35211K(35904K) NonClass: 26016K(26496K)->26016K(26496K) Class: 9194K(9408K)->9194K(9408K)
[226.204s][info][gc             ] GC(605) Pause Young (Allocation Failure) 683M->399M(704M) 1.340ms
[226.204s][info][gc,cpu         ] GC(605) User=0.00s Sys=0.00s Real=0.00s
[226.257s][info][gc,start       ] GC(606) Pause Young (Allocation Failure)
[226.258s][info][gc,heap        ] GC(606) PSYoungGen: 293952K(312832K)->64K(312320K) Eden: 293888K(293888K)->0K(293888K) From: 64K(18944K)->64K(18432K)
[226.258s][info][gc,heap        ] GC(606) ParOldGen: 408537K(408576K)->408553K(408576K)
[226.258s][info][gc,metaspace   ] GC(606) Metaspace: 35211K(35904K)->35211K(35904K) NonClass: 26016K(26496K)->26016K(26496K) Class: 9194K(9408K)->9194K(9408K)
[226.258s][info][gc             ] GC(606) Pause Young (Allocation Failure) 686M->399M(704M) 1.266ms
[226.258s][info][gc,cpu         ] GC(606) User=0.01s Sys=0.00s Real=0.00s
[226.359s][info][gc,start       ] GC(607) Pause Young (Allocation Failure)
[226.360s][info][gc,heap        ] GC(607) PSYoungGen: 293952K(312320K)->64K(314368K) Eden: 293888K(293888K)->0K(297472K) From: 64K(18432K)->64K(16896K)
[226.360s][info][gc,heap        ] GC(607) ParOldGen: 408553K(408576K)->408553K(408576K)
[226.360s][info][gc,metaspace   ] GC(607) Metaspace: 35211K(35904K)->35211K(35904K) NonClass: 26016K(26496K)->26016K(26496K) Class: 9194K(9408K)->9194K(9408K)
[226.360s][info][gc             ] GC(607) Pause Young (Allocation Failure) 686M->399M(706M) 1.259ms
[226.360s][info][gc,cpu         ] GC(607) User=0.00s Sys=0.00s Real=0.00s
[226.606s][info][gc,start       ] GC(608) Pause Young (Allocation Failure)
[226.608s][info][gc,heap        ] GC(608) PSYoungGen: 297536K(314368K)->64K(313856K) Eden: 297472K(297472K)->0K(297472K) From: 64K(16896K)->64K(16384K)
[226.608s][info][gc,heap        ] GC(608) ParOldGen: 408553K(408576K)->408569K(408576K)
[226.608s][info][gc,metaspace   ] GC(608) Metaspace: 35211K(35904K)->35211K(35904K) NonClass: 26016K(26496K)->26016K(26496K) Class: 9194K(9408K)->9194K(9408K)
[226.608s][info][gc             ] GC(608) Pause Young (Allocation Failure) 689M->399M(705M) 1.277ms
[226.608s][info][gc,cpu         ] GC(608) User=0.00s Sys=0.00s Real=0.01s
[226.785s][info][gc,start       ] GC(609) Pause Young (Allocation Failure)
[226.787s][info][gc,heap        ] GC(609) PSYoungGen: 297536K(313856K)->64K(316416K) Eden: 297472K(297472K)->0K(301568K) From: 64K(16384K)->64K(14848K)
[226.787s][info][gc,heap        ] GC(609) ParOldGen: 408569K(408576K)->408569K(408576K)
[226.787s][info][gc,metaspace   ] GC(609) Metaspace: 35211K(35904K)->35211K(35904K) NonClass: 26016K(26496K)->26016K(26496K) Class: 9194K(9408K)->9194K(9408K)
[226.787s][info][gc             ] GC(609) Pause Young (Allocation Failure) 689M->399M(708M) 1.321ms
[226.787s][info][gc,cpu         ] GC(609) User=0.00s Sys=0.00s Real=0.00s
[226.871s][info][gc,start       ] GC(610) Pause Young (Allocation Failure)
[226.873s][info][gc,heap        ] GC(610) PSYoungGen: 301632K(316416K)->64K(315904K) Eden: 301568K(301568K)->0K(301568K) From: 64K(14848K)->64K(14336K)
[226.873s][info][gc,heap        ] GC(610) ParOldGen: 408569K(408576K)->408585K(409088K)
[226.873s][info][gc,metaspace   ] GC(610) Metaspace: 35211K(35904K)->35211K(35904K) NonClass: 26016K(26496K)->26016K(26496K) Class: 9194K(9408K)->9194K(9408K)
[226.873s][info][gc             ] GC(610) Pause Young (Allocation Failure) 693M->399M(708M) 1.414ms
[226.873s][info][gc,cpu         ] GC(610) User=0.01s Sys=0.00s Real=0.00s
[227.028s][info][gc,start       ] GC(611) Pause Young (Allocation Failure)
[227.030s][info][gc,heap        ] GC(611) PSYoungGen: 301632K(315904K)->64K(318464K) Eden: 301568K(301568K)->0K(305664K) From: 64K(14336K)->64K(12800K)
[227.030s][info][gc,heap        ] GC(611) ParOldGen: 408585K(409088K)->408585K(409088K)
[227.030s][info][gc,metaspace   ] GC(611) Metaspace: 35211K(35904K)->35211K(35904K) NonClass: 26016K(26496K)->26016K(26496K) Class: 9194K(9408K)->9194K(9408K)
[227.030s][info][gc             ] GC(611) Pause Young (Allocation Failure) 693M->399M(710M) 1.255ms
[227.030s][info][gc,cpu         ] GC(611) User=0.00s Sys=0.00s Real=0.00s
[227.944s][info][gc,start       ] GC(612) Pause Young (Allocation Failure)
[227.945s][info][gc,heap        ] GC(612) PSYoungGen: 305728K(318464K)->83K(293888K) Eden: 305664K(305664K)->0K(293376K) From: 64K(12800K)->83K(512K)
[227.945s][info][gc,heap        ] GC(612) ParOldGen: 408585K(409088K)->408593K(409088K)
[227.945s][info][gc,metaspace   ] GC(612) Metaspace: 35211K(35904K)->35211K(35904K) NonClass: 26016K(26496K)->26016K(26496K) Class: 9194K(9408K)->9194K(9408K)
[227.945s][info][gc             ] GC(612) Pause Young (Allocation Failure) 697M->399M(686M) 1.519ms
[227.945s][info][gc,cpu         ] GC(612) User=0.00s Sys=0.00s Real=0.00s
[228.773s][info][gc,start       ] GC(613) Pause Young (Allocation Failure)
[228.775s][info][gc,heap        ] GC(613) PSYoungGen: 293459K(293888K)->64K(282112K) Eden: 293376K(293376K)->0K(281600K) From: 83K(512K)->64K(512K)
[228.775s][info][gc,heap        ] GC(613) ParOldGen: 408593K(409088K)->408601K(409088K)
[228.775s][info][gc,metaspace   ] GC(613) Metaspace: 35211K(35904K)->35211K(35904K) NonClass: 26016K(26496K)->26016K(26496K) Class: 9194K(9408K)->9194K(9408K)
[228.775s][info][gc             ] GC(613) Pause Young (Allocation Failure) 685M->399M(675M) 1.992ms
[228.775s][info][gc,cpu         ] GC(613) User=0.00s Sys=0.00s Real=0.00s
[229.151s][info][gc,start       ] GC(614) Pause Young (Allocation Failure)
[229.152s][info][gc,heap        ] GC(614) PSYoungGen: 281664K(282112K)->64K(281600K) Eden: 281600K(281600K)->0K(270336K) From: 64K(512K)->64K(11264K)
[229.152s][info][gc,heap        ] GC(614) ParOldGen: 408601K(409088K)->408609K(409088K)
[229.152s][info][gc,metaspace   ] GC(614) Metaspace: 35211K(35904K)->35211K(35904K) NonClass: 26016K(26496K)->26016K(26496K) Class: 9194K(9408K)->9194K(9408K)
[229.152s][info][gc             ] GC(614) Pause Young (Allocation Failure) 674M->399M(674M) 1.297ms
[229.152s][info][gc,cpu         ] GC(614) User=0.00s Sys=0.00s Real=0.00s
[230.213s][info][gc,start       ] GC(615) Pause Young (Allocation Failure)
[230.215s][info][gc,heap        ] GC(615) PSYoungGen: 270400K(281600K)->64K(260096K) Eden: 270336K(270336K)->0K(259584K) From: 64K(11264K)->64K(512K)
[230.215s][info][gc,heap        ] GC(615) ParOldGen: 408609K(409088K)->408617K(409088K)
[230.215s][info][gc,metaspace   ] GC(615) Metaspace: 35211K(35904K)->35211K(35904K) NonClass: 26016K(26496K)->26016K(26496K) Class: 9194K(9408K)->9194K(9408K)
[230.215s][info][gc             ] GC(615) Pause Young (Allocation Failure) 663M->399M(653M) 1.857ms
[230.215s][info][gc,cpu         ] GC(615) User=0.00s Sys=0.00s Real=0.00s
[230.599s][info][gc,start       ] GC(616) Pause Young (Allocation Failure)
[230.600s][info][gc,heap        ] GC(616) PSYoungGen: 259648K(260096K)->64K(259072K) Eden: 259584K(259584K)->0K(249344K) From: 64K(512K)->64K(9728K)
[230.600s][info][gc,heap        ] GC(616) ParOldGen: 408617K(409088K)->408625K(409088K)
[230.600s][info][gc,metaspace   ] GC(616) Metaspace: 35211K(35904K)->35211K(35904K) NonClass: 26016K(26496K)->26016K(26496K) Class: 9194K(9408K)->9194K(9408K)
[230.600s][info][gc             ] GC(616) Pause Young (Allocation Failure) 652M->399M(652M) 1.530ms
[230.600s][info][gc,cpu         ] GC(616) User=0.00s Sys=0.00s Real=0.00s
[230.793s][info][gc,start       ] GC(617) Pause Young (Allocation Failure)
[230.795s][info][gc,heap        ] GC(617) PSYoungGen: 249408K(259072K)->64K(240128K) Eden: 249344K(249344K)->0K(239616K) From: 64K(9728K)->64K(512K)
[230.795s][info][gc,heap        ] GC(617) ParOldGen: 408625K(409088K)->408633K(409088K)
[230.795s][info][gc,metaspace   ] GC(617) Metaspace: 35211K(35904K)->35211K(35904K) NonClass: 26016K(26496K)->26016K(26496K) Class: 9194K(9408K)->9194K(9408K)
[230.795s][info][gc             ] GC(617) Pause Young (Allocation Failure) 642M->399M(634M) 2.429ms
[230.795s][info][gc,cpu         ] GC(617) User=0.00s Sys=0.00s Real=0.00s
[230.870s][info][gc,start       ] GC(618) Pause Young (Allocation Failure)
[230.872s][info][gc,heap        ] GC(618) PSYoungGen: 239680K(240128K)->64K(279552K) Eden: 239616K(239616K)->0K(270848K) From: 64K(512K)->64K(8704K)
[230.872s][info][gc,heap        ] GC(618) ParOldGen: 408633K(409088K)->408641K(409088K)
[230.872s][info][gc,metaspace   ] GC(618) Metaspace: 35211K(35904K)->35211K(35904K) NonClass: 26016K(26496K)->26016K(26496K) Class: 9194K(9408K)->9194K(9408K)
[230.872s][info][gc             ] GC(618) Pause Young (Allocation Failure) 633M->399M(672M) 2.257ms
[230.872s][info][gc,cpu         ] GC(618) User=0.00s Sys=0.00s Real=0.00s
[231.479s][info][gc,start       ] GC(619) Pause Young (Allocation Failure)
[231.481s][info][gc,heap        ] GC(619) PSYoungGen: 270912K(279552K)->64K(260608K) Eden: 270848K(270848K)->0K(260096K) From: 64K(8704K)->64K(512K)
[231.481s][info][gc,heap        ] GC(619) ParOldGen: 408641K(409088K)->408649K(409088K)
[231.481s][info][gc,metaspace   ] GC(619) Metaspace: 35211K(35904K)->35211K(35904K) NonClass: 26016K(26496K)->26016K(26496K) Class: 9194K(9408K)->9194K(9408K)
[231.481s][info][gc             ] GC(619) Pause Young (Allocation Failure) 663M->399M(654M) 2.464ms
[231.481s][info][gc,cpu         ] GC(619) User=0.00s Sys=0.00s Real=0.00s
[231.775s][info][gc,start       ] GC(620) Pause Young (Allocation Failure)
[231.777s][info][gc,heap        ] GC(620) PSYoungGen: 260160K(260608K)->64K(257536K) Eden: 260096K(260096K)->0K(249856K) From: 64K(512K)->64K(7680K)
[231.777s][info][gc,heap        ] GC(620) ParOldGen: 408649K(409088K)->408657K(409088K)
[231.777s][info][gc,metaspace   ] GC(620) Metaspace: 35266K(35968K)->35266K(35968K) NonClass: 26071K(26560K)->26071K(26560K) Class: 9194K(9408K)->9194K(9408K)
[231.777s][info][gc             ] GC(620) Pause Young (Allocation Failure) 653M->399M(651M) 2.644ms
[231.777s][info][gc,cpu         ] GC(620) User=0.01s Sys=0.00s Real=0.01s
[232.112s][info][gc,start       ] GC(621) Pause Young (Allocation Failure)
[232.161s][info][gc,heap        ] GC(621) PSYoungGen: 249920K(257536K)->7168K(282112K) Eden: 249856K(249856K)->0K(274944K) From: 64K(7680K)->7168K(7168K)
[232.161s][info][gc,heap        ] GC(621) ParOldGen: 408657K(409088K)->424321K(424448K)
[232.161s][info][gc,metaspace   ] GC(621) Metaspace: 35266K(35968K)->35266K(35968K) NonClass: 26071K(26560K)->26071K(26560K) Class: 9194K(9408K)->9194K(9408K)
[232.161s][info][gc             ] GC(621) Pause Young (Allocation Failure) 643M->421M(690M) 48.806ms
[232.161s][info][gc,cpu         ] GC(621) User=0.08s Sys=0.01s Real=0.05s
[232.486s][info][gc,start       ] GC(622) Pause Young (Allocation Failure)
[232.549s][info][gc,heap        ] GC(622) PSYoungGen: 282112K(282112K)->14336K(289280K) Eden: 274944K(274944K)->0K(274944K) From: 7168K(7168K)->14336K(14336K)
[232.549s][info][gc,heap        ] GC(622) ParOldGen: 424321K(424448K)->441337K(441344K)
[232.549s][info][gc,metaspace   ] GC(622) Metaspace: 35266K(35968K)->35266K(35968K) NonClass: 26071K(26560K)->26071K(26560K) Class: 9194K(9408K)->9194K(9408K)
[232.549s][info][gc             ] GC(622) Pause Young (Allocation Failure) 689M->444M(713M) 62.459ms
[232.549s][info][gc,cpu         ] GC(622) User=0.12s Sys=0.00s Real=0.07s
[232.689s][info][gc,start       ] GC(623) Pause Young (Allocation Failure)
[232.712s][info][gc,heap        ] GC(623) PSYoungGen: 289280K(289280K)->8896K(310784K) Eden: 274944K(274944K)->0K(286720K) From: 14336K(14336K)->8896K(24064K)
[232.712s][info][gc,heap        ] GC(623) ParOldGen: 441337K(441344K)->441801K(441856K)
[232.712s][info][gc,metaspace   ] GC(623) Metaspace: 35266K(35968K)->35266K(35968K) NonClass: 26071K(26560K)->26071K(26560K) Class: 9194K(9408K)->9194K(9408K)
[232.712s][info][gc             ] GC(623) Pause Young (Allocation Failure) 713M->440M(735M) 22.884ms
[232.712s][info][gc,cpu         ] GC(623) User=0.04s Sys=0.01s Real=0.02s
[233.170s][info][gc,start       ] GC(624) Pause Young (Allocation Failure)
[233.172s][info][gc,heap        ] GC(624) PSYoungGen: 295616K(310784K)->64K(287232K) Eden: 286720K(286720K)->0K(286720K) From: 8896K(24064K)->64K(512K)
[233.172s][info][gc,heap        ] GC(624) ParOldGen: 441801K(441856K)->441809K(441856K)
[233.172s][info][gc,metaspace   ] GC(624) Metaspace: 35266K(35968K)->35266K(35968K) NonClass: 26071K(26560K)->26071K(26560K) Class: 9194K(9408K)->9194K(9408K)
[233.172s][info][gc             ] GC(624) Pause Young (Allocation Failure) 720M->431M(712M) 1.583ms
[233.172s][info][gc,cpu         ] GC(624) User=0.00s Sys=0.00s Real=0.00s
[233.686s][info][gc,start       ] GC(625) Pause Young (Allocation Failure)
[233.688s][info][gc,heap        ] GC(625) PSYoungGen: 286784K(287232K)->64K(309760K) Eden: 286720K(286720K)->0K(287232K) From: 64K(512K)->64K(22528K)
[233.688s][info][gc,heap        ] GC(625) ParOldGen: 441809K(441856K)->441817K(441856K)
[233.688s][info][gc,metaspace   ] GC(625) Metaspace: 35266K(35968K)->35266K(35968K) NonClass: 26071K(26560K)->26071K(26560K) Class: 9194K(9408K)->9194K(9408K)
[233.688s][info][gc             ] GC(625) Pause Young (Allocation Failure) 711M->431M(734M) 1.417ms
[233.688s][info][gc,cpu         ] GC(625) User=0.01s Sys=0.00s Real=0.01s
[234.138s][info][gc,start       ] GC(626) Pause Young (Allocation Failure)
[234.140s][info][gc,heap        ] GC(626) PSYoungGen: 287296K(309760K)->64K(309248K) Eden: 287232K(287232K)->0K(287232K) From: 64K(22528K)->64K(22016K)
[234.140s][info][gc,heap        ] GC(626) ParOldGen: 441817K(441856K)->441833K(441856K)
[234.140s][info][gc,metaspace   ] GC(626) Metaspace: 35266K(35968K)->35266K(35968K) NonClass: 26071K(26560K)->26071K(26560K) Class: 9194K(9408K)->9194K(9408K)
[234.140s][info][gc             ] GC(626) Pause Young (Allocation Failure) 712M->431M(733M) 1.397ms
[234.140s][info][gc,cpu         ] GC(626) User=0.01s Sys=0.00s Real=0.00s
[234.376s][info][gc,start       ] GC(627) Pause Young (Allocation Failure)
[234.377s][info][gc,heap        ] GC(627) PSYoungGen: 287296K(309248K)->64K(310784K) Eden: 287232K(287232K)->0K(290304K) From: 64K(22016K)->64K(20480K)
[234.377s][info][gc,heap        ] GC(627) ParOldGen: 441833K(441856K)->441849K(441856K)
[234.377s][info][gc,metaspace   ] GC(627) Metaspace: 35266K(35968K)->35266K(35968K) NonClass: 26071K(26560K)->26071K(26560K) Class: 9194K(9408K)->9194K(9408K)
[234.377s][info][gc             ] GC(627) Pause Young (Allocation Failure) 712M->431M(735M) 1.414ms
[234.377s][info][gc,cpu         ] GC(627) User=0.00s Sys=0.00s Real=0.01s
[234.727s][info][gc,start       ] GC(628) Pause Young (Allocation Failure)
[234.728s][info][gc,heap        ] GC(628) PSYoungGen: 290368K(310784K)->64K(310272K) Eden: 290304K(290304K)->0K(290304K) From: 64K(20480K)->64K(19968K)
[234.728s][info][gc,heap        ] GC(628) ParOldGen: 441849K(441856K)->441849K(441856K)
[234.728s][info][gc,metaspace   ] GC(628) Metaspace: 35266K(35968K)->35266K(35968K) NonClass: 26071K(26560K)->26071K(26560K) Class: 9194K(9408K)->9194K(9408K)
[234.728s][info][gc             ] GC(628) Pause Young (Allocation Failure) 715M->431M(734M) 1.296ms
[234.728s][info][gc,cpu         ] GC(628) User=0.00s Sys=0.00s Real=0.00s
[234.884s][info][gc,start       ] GC(629) Pause Young (Allocation Failure)
[234.885s][info][gc,heap        ] GC(629) PSYoungGen: 290368K(310272K)->64K(312832K) Eden: 290304K(290304K)->0K(294400K) From: 64K(19968K)->64K(18432K)
[234.885s][info][gc,heap        ] GC(629) ParOldGen: 441849K(441856K)->441857K(442368K)
[234.885s][info][gc,metaspace   ] GC(629) Metaspace: 35266K(35968K)->35266K(35968K) NonClass: 26071K(26560K)->26071K(26560K) Class: 9194K(9408K)->9194K(9408K)
[234.885s][info][gc             ] GC(629) Pause Young (Allocation Failure) 715M->431M(737M) 1.224ms
[234.885s][info][gc,cpu         ] GC(629) User=0.00s Sys=0.00s Real=0.00s
[234.938s][info][gc,start       ] GC(630) Pause Young (Allocation Failure)
[234.940s][info][gc,heap        ] GC(630) PSYoungGen: 294464K(312832K)->64K(312832K) Eden: 294400K(294400K)->0K(294400K) From: 64K(18432K)->64K(18432K)
[234.940s][info][gc,heap        ] GC(630) ParOldGen: 441857K(442368K)->441873K(442368K)
[234.940s][info][gc,metaspace   ] GC(630) Metaspace: 35266K(35968K)->35266K(35968K) NonClass: 26071K(26560K)->26071K(26560K) Class: 9194K(9408K)->9194K(9408K)
[234.940s][info][gc             ] GC(630) Pause Young (Allocation Failure) 719M->431M(737M) 1.359ms
[234.940s][info][gc,cpu         ] GC(630) User=0.01s Sys=0.00s Real=0.00s
[235.057s][info][gc,start       ] GC(631) Pause Young (Allocation Failure)
[235.058s][info][gc,heap        ] GC(631) PSYoungGen: 294464K(312832K)->64K(314368K) Eden: 294400K(294400K)->0K(297984K) From: 64K(18432K)->64K(16384K)
[235.058s][info][gc,heap        ] GC(631) ParOldGen: 441873K(442368K)->441873K(442368K)
[235.058s][info][gc,metaspace   ] GC(631) Metaspace: 35266K(35968K)->35266K(35968K) NonClass: 26071K(26560K)->26071K(26560K) Class: 9194K(9408K)->9194K(9408K)
[235.058s][info][gc             ] GC(631) Pause Young (Allocation Failure) 719M->431M(739M) 1.244ms
[235.058s][info][gc,cpu         ] GC(631) User=0.00s Sys=0.00s Real=0.00s
[235.303s][info][gc,start       ] GC(632) Pause Young (Allocation Failure)
[235.304s][info][gc,heap        ] GC(632) PSYoungGen: 298048K(314368K)->64K(314368K) Eden: 297984K(297984K)->0K(297984K) From: 64K(16384K)->64K(16384K)
[235.304s][info][gc,heap        ] GC(632) ParOldGen: 441873K(442368K)->441881K(442368K)
[235.304s][info][gc,metaspace   ] GC(632) Metaspace: 35266K(35968K)->35266K(35968K) NonClass: 26071K(26560K)->26071K(26560K) Class: 9194K(9408K)->9194K(9408K)
[235.305s][info][gc             ] GC(632) Pause Young (Allocation Failure) 722M->431M(739M) 1.302ms
[235.305s][info][gc,cpu         ] GC(632) User=0.00s Sys=0.00s Real=0.00s
[235.470s][info][gc,start       ] GC(633) Pause Young (Allocation Failure)
[235.472s][info][gc,heap        ] GC(633) PSYoungGen: 298048K(314368K)->64K(316928K) Eden: 297984K(297984K)->0K(301568K) From: 64K(16384K)->64K(15360K)
[235.472s][info][gc,heap        ] GC(633) ParOldGen: 441881K(442368K)->441889K(442368K)
[235.472s][info][gc,metaspace   ] GC(633) Metaspace: 35266K(35968K)->35266K(35968K) NonClass: 26071K(26560K)->26071K(26560K) Class: 9194K(9408K)->9194K(9408K)
[235.472s][info][gc             ] GC(633) Pause Young (Allocation Failure) 722M->431M(741M) 1.420ms
[235.472s][info][gc,cpu         ] GC(633) User=0.01s Sys=0.00s Real=0.00s
[235.556s][info][gc,start       ] GC(634) Pause Young (Allocation Failure)
[235.557s][info][gc,heap        ] GC(634) PSYoungGen: 301632K(316928K)->64K(316416K) Eden: 301568K(301568K)->0K(301568K) From: 64K(15360K)->64K(14848K)
[235.557s][info][gc,heap        ] GC(634) ParOldGen: 441889K(442368K)->441905K(442368K)
[235.557s][info][gc,metaspace   ] GC(634) Metaspace: 35266K(35968K)->35266K(35968K) NonClass: 26071K(26560K)->26071K(26560K) Class: 9194K(9408K)->9194K(9408K)
[235.557s][info][gc             ] GC(634) Pause Young (Allocation Failure) 726M->431M(741M) 1.337ms
[235.557s][info][gc,cpu         ] GC(634) User=0.00s Sys=0.00s Real=0.01s
[235.722s][info][gc,start       ] GC(635) Pause Young (Allocation Failure)
[235.723s][info][gc,heap        ] GC(635) PSYoungGen: 301632K(316416K)->64K(317952K) Eden: 301568K(301568K)->0K(304640K) From: 64K(14848K)->64K(13312K)
[235.723s][info][gc,heap        ] GC(635) ParOldGen: 441905K(442368K)->441905K(442368K)
[235.723s][info][gc,metaspace   ] GC(635) Metaspace: 35266K(35968K)->35266K(35968K) NonClass: 26071K(26560K)->26071K(26560K) Class: 9194K(9408K)->9194K(9408K)
[235.723s][info][gc             ] GC(635) Pause Young (Allocation Failure) 726M->431M(742M) 1.300ms
[235.723s][info][gc,cpu         ] GC(635) User=0.01s Sys=0.00s Real=0.00s
[236.631s][info][gc,start       ] GC(636) Pause Young (Allocation Failure)
[236.632s][info][gc,heap        ] GC(636) PSYoungGen: 304704K(317952K)->83K(292864K) Eden: 304640K(304640K)->0K(292352K) From: 64K(13312K)->83K(512K)
[236.632s][info][gc,heap        ] GC(636) ParOldGen: 441905K(442368K)->441913K(442368K)
[236.632s][info][gc,metaspace   ] GC(636) Metaspace: 35266K(35968K)->35266K(35968K) NonClass: 26071K(26560K)->26071K(26560K) Class: 9194K(9408K)->9194K(9408K)
[236.632s][info][gc             ] GC(636) Pause Young (Allocation Failure) 729M->431M(718M) 1.492ms
[236.632s][info][gc,cpu         ] GC(636) User=0.00s Sys=0.00s Real=0.00s
[237.477s][info][gc,start       ] GC(637) Pause Young (Allocation Failure)
[237.479s][info][gc,heap        ] GC(637) PSYoungGen: 292435K(292864K)->64K(281088K) Eden: 292352K(292352K)->0K(280576K) From: 83K(512K)->64K(512K)
[237.479s][info][gc,heap        ] GC(637) ParOldGen: 441913K(442368K)->441921K(442368K)
[237.479s][info][gc,metaspace   ] GC(637) Metaspace: 35266K(35968K)->35266K(35968K) NonClass: 26071K(26560K)->26071K(26560K) Class: 9194K(9408K)->9194K(9408K)
[237.479s][info][gc             ] GC(637) Pause Young (Allocation Failure) 717M->431M(706M) 2.194ms
[237.479s][info][gc,cpu         ] GC(637) User=0.00s Sys=0.01s Real=0.00s
[237.885s][info][gc,start       ] GC(638) Pause Young (Allocation Failure)
[237.887s][info][gc,heap        ] GC(638) PSYoungGen: 280640K(281088K)->64K(280576K) Eden: 280576K(280576K)->0K(269312K) From: 64K(512K)->64K(11264K)
[237.887s][info][gc,heap        ] GC(638) ParOldGen: 441921K(442368K)->441929K(442368K)
[237.887s][info][gc,metaspace   ] GC(638) Metaspace: 35266K(35968K)->35266K(35968K) NonClass: 26071K(26560K)->26071K(26560K) Class: 9194K(9408K)->9194K(9408K)
[237.887s][info][gc             ] GC(638) Pause Young (Allocation Failure) 705M->431M(706M) 1.387ms
[237.887s][info][gc,cpu         ] GC(638) User=0.01s Sys=0.00s Real=0.00s
[238.924s][info][gc,start       ] GC(639) Pause Young (Allocation Failure)
[238.926s][info][gc,heap        ] GC(639) PSYoungGen: 269376K(280576K)->64K(259072K) Eden: 269312K(269312K)->0K(258560K) From: 64K(11264K)->64K(512K)
[238.926s][info][gc,heap        ] GC(639) ParOldGen: 441929K(442368K)->441937K(442368K)
[238.926s][info][gc,metaspace   ] GC(639) Metaspace: 35266K(35968K)->35266K(35968K) NonClass: 26071K(26560K)->26071K(26560K) Class: 9194K(9408K)->9194K(9408K)
[238.926s][info][gc             ] GC(639) Pause Young (Allocation Failure) 694M->431M(685M) 1.987ms
[238.926s][info][gc,cpu         ] GC(639) User=0.00s Sys=0.00s Real=0.00s
[239.308s][info][gc,start       ] GC(640) Pause Young (Allocation Failure)
[239.309s][info][gc,heap        ] GC(640) PSYoungGen: 258624K(259072K)->64K(258048K) Eden: 258560K(258560K)->0K(248320K) From: 64K(512K)->64K(9728K)
[239.309s][info][gc,heap        ] GC(640) ParOldGen: 441937K(442368K)->441945K(442368K)
[239.309s][info][gc,metaspace   ] GC(640) Metaspace: 35266K(35968K)->35266K(35968K) NonClass: 26071K(26560K)->26071K(26560K) Class: 9194K(9408K)->9194K(9408K)
[239.309s][info][gc             ] GC(640) Pause Young (Allocation Failure) 684M->431M(684M) 1.640ms
[239.309s][info][gc,cpu         ] GC(640) User=0.00s Sys=0.00s Real=0.00s
[239.490s][info][gc,start       ] GC(641) Pause Young (Allocation Failure)
[239.493s][info][gc,heap        ] GC(641) PSYoungGen: 248384K(258048K)->64K(239104K) Eden: 248320K(248320K)->0K(238592K) From: 64K(9728K)->64K(512K)
[239.493s][info][gc,heap        ] GC(641) ParOldGen: 441945K(442368K)->441961K(442368K)
[239.493s][info][gc,metaspace   ] GC(641) Metaspace: 35266K(35968K)->35266K(35968K) NonClass: 26071K(26560K)->26071K(26560K) Class: 9194K(9408K)->9194K(9408K)
[239.493s][info][gc             ] GC(641) Pause Young (Allocation Failure) 674M->431M(665M) 3.163ms
[239.493s][info][gc,cpu         ] GC(641) User=0.00s Sys=0.00s Real=0.00s
[239.576s][info][gc,start       ] GC(642) Pause Young (Allocation Failure)
[239.578s][info][gc,heap        ] GC(642) PSYoungGen: 238656K(239104K)->64K(278528K) Eden: 238592K(238592K)->0K(269824K) From: 64K(512K)->64K(8704K)
[239.578s][info][gc,heap        ] GC(642) ParOldGen: 441961K(442368K)->441969K(442368K)
[239.578s][info][gc,metaspace   ] GC(642) Metaspace: 35266K(35968K)->35266K(35968K) NonClass: 26071K(26560K)->26071K(26560K) Class: 9194K(9408K)->9194K(9408K)
[239.578s][info][gc             ] GC(642) Pause Young (Allocation Failure) 664M->431M(704M) 2.257ms
[239.578s][info][gc,cpu         ] GC(642) User=0.00s Sys=0.00s Real=0.01s
[240.188s][info][gc,start       ] GC(643) Pause Young (Allocation Failure)
[240.195s][info][gc,heap        ] GC(643) PSYoungGen: 269888K(278528K)->32K(295424K) Eden: 269824K(269824K)->0K(287232K) From: 64K(8704K)->32K(8192K)
[240.195s][info][gc,heap        ] GC(643) ParOldGen: 441969K(442368K)->441977K(442368K)
[240.195s][info][gc,metaspace   ] GC(643) Metaspace: 35266K(35968K)->35266K(35968K) NonClass: 26071K(26560K)->26071K(26560K) Class: 9194K(9408K)->9194K(9408K)
[240.195s][info][gc             ] GC(643) Pause Young (Allocation Failure) 695M->431M(720M) 6.205ms
[240.195s][info][gc,cpu         ] GC(643) User=0.01s Sys=0.00s Real=0.00s
[240.542s][info][gc,start       ] GC(644) Pause Young (Allocation Failure)
[240.545s][info][gc,heap        ] GC(644) PSYoungGen: 287264K(295424K)->64K(276480K) Eden: 287232K(287232K)->0K(275968K) From: 32K(8192K)->64K(512K)
[240.545s][info][gc,heap        ] GC(644) ParOldGen: 441977K(442368K)->441985K(442368K)
[240.545s][info][gc,metaspace   ] GC(644) Metaspace: 35266K(35968K)->35266K(35968K) NonClass: 26071K(26560K)->26071K(26560K) Class: 9194K(9408K)->9194K(9408K)
[240.545s][info][gc             ] GC(644) Pause Young (Allocation Failure) 712M->431M(702M) 2.841ms
[240.545s][info][gc,cpu         ] GC(644) User=0.00s Sys=0.00s Real=0.00s
[240.867s][info][gc,start       ] GC(645) Pause Young (Allocation Failure)
[240.933s][info][gc,heap        ] GC(645) PSYoungGen: 276032K(276480K)->7168K(278016K) Eden: 275968K(275968K)->0K(270848K) From: 64K(512K)->7168K(7168K)
[240.933s][info][gc,heap        ] GC(645) ParOldGen: 441985K(442368K)->465665K(465920K)
[240.933s][info][gc,metaspace   ] GC(645) Metaspace: 35266K(35968K)->35266K(35968K) NonClass: 26071K(26560K)->26071K(26560K) Class: 9194K(9408K)->9194K(9408K)
[240.933s][info][gc             ] GC(645) Pause Young (Allocation Failure) 701M->461M(726M) 66.096ms
[240.934s][info][gc,cpu         ] GC(645) User=0.10s Sys=0.03s Real=0.06s
[241.256s][info][gc,start       ] GC(646) Pause Young (Allocation Failure)
[241.317s][info][gc,heap        ] GC(646) PSYoungGen: 278016K(278016K)->17408K(288256K) Eden: 270848K(270848K)->0K(270848K) From: 7168K(7168K)->17408K(17408K)
[241.317s][info][gc,heap        ] GC(646) ParOldGen: 465665K(465920K)->479361K(479744K)
[241.317s][info][gc,metaspace   ] GC(646) Metaspace: 35266K(35968K)->35266K(35968K) NonClass: 26071K(26560K)->26071K(26560K) Class: 9194K(9408K)->9194K(9408K)
[241.317s][info][gc             ] GC(646) Pause Young (Allocation Failure) 726M->485M(750M) 60.854ms
[241.317s][info][gc,cpu         ] GC(646) User=0.11s Sys=0.01s Real=0.06s
[241.405s][info][gc,start       ] GC(647) Pause Young (Allocation Failure)
[241.412s][info][gc,heap        ] GC(647) PSYoungGen: 288256K(288256K)->1376K(308736K) Eden: 270848K(270848K)->0K(282624K) From: 17408K(17408K)->1376K(26112K)
[241.412s][info][gc,heap        ] GC(647) ParOldGen: 479361K(479744K)->479729K(479744K)
[241.412s][info][gc,metaspace   ] GC(647) Metaspace: 35266K(35968K)->35266K(35968K) NonClass: 26071K(26560K)->26071K(26560K) Class: 9194K(9408K)->9194K(9408K)
[241.412s][info][gc             ] GC(647) Pause Young (Allocation Failure) 749M->469M(770M) 7.936ms
[241.413s][info][gc,cpu         ] GC(647) User=0.02s Sys=0.00s Real=0.01s
[241.979s][info][gc,start       ] GC(648) Pause Young (Allocation Failure)
[241.980s][info][gc,heap        ] GC(648) PSYoungGen: 284000K(308736K)->64K(283136K) Eden: 282624K(282624K)->0K(282624K) From: 1376K(26112K)->64K(512K)
[241.980s][info][gc,heap        ] GC(648) ParOldGen: 479729K(479744K)->479737K(479744K)
[241.980s][info][gc,metaspace   ] GC(648) Metaspace: 35266K(35968K)->35266K(35968K) NonClass: 26071K(26560K)->26071K(26560K) Class: 9194K(9408K)->9194K(9408K)
[241.980s][info][gc             ] GC(648) Pause Young (Allocation Failure) 745M->468M(745M) 1.622ms
[241.980s][info][gc,cpu         ] GC(648) User=0.00s Sys=0.00s Real=0.00s
[242.395s][info][gc,start       ] GC(649) Pause Young (Allocation Failure)
[242.397s][info][gc,heap        ] GC(649) PSYoungGen: 282688K(283136K)->64K(307200K) Eden: 282624K(282624K)->0K(283136K) From: 64K(512K)->64K(24064K)
[242.397s][info][gc,heap        ] GC(649) ParOldGen: 479737K(479744K)->479745K(480256K)
[242.397s][info][gc,metaspace   ] GC(649) Metaspace: 35266K(35968K)->35266K(35968K) NonClass: 26071K(26560K)->26071K(26560K) Class: 9194K(9408K)->9194K(9408K)
[242.397s][info][gc             ] GC(649) Pause Young (Allocation Failure) 744M->468M(769M) 1.687ms
[242.397s][info][gc,cpu         ] GC(649) User=0.00s Sys=0.00s Real=0.00s
[242.846s][info][gc,start       ] GC(650) Pause Young (Allocation Failure)
[242.848s][info][gc,heap        ] GC(650) PSYoungGen: 283200K(307200K)->64K(306688K) Eden: 283136K(283136K)->0K(283136K) From: 64K(24064K)->64K(23552K)
[242.848s][info][gc,heap        ] GC(650) ParOldGen: 479745K(480256K)->479761K(480256K)
[242.848s][info][gc,metaspace   ] GC(650) Metaspace: 35266K(35968K)->35266K(35968K) NonClass: 26071K(26560K)->26071K(26560K) Class: 9194K(9408K)->9194K(9408K)
[242.848s][info][gc             ] GC(650) Pause Young (Allocation Failure) 745M->468M(768M) 1.573ms
[242.848s][info][gc,cpu         ] GC(650) User=0.00s Sys=0.00s Real=0.01s
[243.080s][info][gc,start       ] GC(651) Pause Young (Allocation Failure)
[243.082s][info][gc,heap        ] GC(651) PSYoungGen: 283200K(306688K)->64K(309248K) Eden: 283136K(283136K)->0K(287232K) From: 64K(23552K)->64K(22016K)
[243.082s][info][gc,heap        ] GC(651) ParOldGen: 479761K(480256K)->479777K(480256K)
[243.082s][info][gc,metaspace   ] GC(651) Metaspace: 35266K(35968K)->35266K(35968K) NonClass: 26071K(26560K)->26071K(26560K) Class: 9194K(9408K)->9194K(9408K)
[243.082s][info][gc             ] GC(651) Pause Young (Allocation Failure) 745M->468M(771M) 1.419ms
[243.082s][info][gc,cpu         ] GC(651) User=0.00s Sys=0.00s Real=0.00s
[243.436s][info][gc,start       ] GC(652) Pause Young (Allocation Failure)
[243.438s][info][gc,heap        ] GC(652) PSYoungGen: 287296K(309248K)->64K(308736K) Eden: 287232K(287232K)->0K(287232K) From: 64K(22016K)->64K(21504K)
[243.438s][info][gc,heap        ] GC(652) ParOldGen: 479777K(480256K)->479777K(480256K)
[243.438s][info][gc,metaspace   ] GC(652) Metaspace: 35266K(35968K)->35266K(35968K) NonClass: 26071K(26560K)->26071K(26560K) Class: 9194K(9408K)->9194K(9408K)
[243.438s][info][gc             ] GC(652) Pause Young (Allocation Failure) 749M->468M(770M) 1.404ms
[243.438s][info][gc,cpu         ] GC(652) User=0.00s Sys=0.00s Real=0.01s
[243.556s][info][gc,start       ] GC(653) Pause Young (Allocation Failure)
[243.558s][info][gc,heap        ] GC(653) PSYoungGen: 287296K(308736K)->64K(310784K) Eden: 287232K(287232K)->0K(291840K) From: 64K(21504K)->64K(18944K)
[243.558s][info][gc,heap        ] GC(653) ParOldGen: 479777K(480256K)->479785K(480256K)
[243.558s][info][gc,metaspace   ] GC(653) Metaspace: 35266K(35968K)->35266K(35968K) NonClass: 26071K(26560K)->26071K(26560K) Class: 9194K(9408K)->9194K(9408K)
[243.558s][info][gc             ] GC(653) Pause Young (Allocation Failure) 749M->468M(772M) 1.458ms
[243.558s][info][gc,cpu         ] GC(653) User=0.00s Sys=0.00s Real=0.01s
[243.608s][info][gc,start       ] GC(654) Pause Young (Allocation Failure)
[243.610s][info][gc,heap        ] GC(654) PSYoungGen: 291904K(310784K)->32K(310784K) Eden: 291840K(291840K)->0K(291840K) From: 64K(18944K)->32K(18944K)
[243.610s][info][gc,heap        ] GC(654) ParOldGen: 479785K(480256K)->479801K(480256K)
[243.610s][info][gc,metaspace   ] GC(654) Metaspace: 35266K(35968K)->35266K(35968K) NonClass: 26071K(26560K)->26071K(26560K) Class: 9194K(9408K)->9194K(9408K)
[243.610s][info][gc             ] GC(654) Pause Young (Allocation Failure) 753M->468M(772M) 1.334ms
[243.610s][info][gc,cpu         ] GC(654) User=0.00s Sys=0.00s Real=0.00s
[243.750s][info][gc,start       ] GC(655) Pause Young (Allocation Failure)
[243.751s][info][gc,heap        ] GC(655) PSYoungGen: 291872K(310784K)->64K(313856K) Eden: 291840K(291840K)->0K(296960K) From: 32K(18944K)->64K(16896K)
[243.751s][info][gc,heap        ] GC(655) ParOldGen: 479801K(480256K)->479801K(480256K)
[243.751s][info][gc,metaspace   ] GC(655) Metaspace: 35266K(35968K)->35266K(35968K) NonClass: 26071K(26560K)->26071K(26560K) Class: 9194K(9408K)->9194K(9408K)
[243.751s][info][gc             ] GC(655) Pause Young (Allocation Failure) 753M->468M(775M) 1.352ms
[243.751s][info][gc,cpu         ] GC(655) User=0.00s Sys=0.00s Real=0.00s
[243.991s][info][gc,start       ] GC(656) Pause Young (Allocation Failure)
[243.992s][info][gc,heap        ] GC(656) PSYoungGen: 297024K(313856K)->64K(313856K) Eden: 296960K(296960K)->0K(296960K) From: 64K(16896K)->64K(16896K)
[243.992s][info][gc,heap        ] GC(656) ParOldGen: 479801K(480256K)->479809K(480256K)
[243.992s][info][gc,metaspace   ] GC(656) Metaspace: 35266K(35968K)->35266K(35968K) NonClass: 26071K(26560K)->26071K(26560K) Class: 9194K(9408K)->9194K(9408K)
[243.992s][info][gc             ] GC(656) Pause Young (Allocation Failure) 758M->468M(775M) 1.399ms
[243.992s][info][gc,cpu         ] GC(656) User=0.00s Sys=0.00s Real=0.00s
[244.141s][info][gc,start       ] GC(657) Pause Young (Allocation Failure)
[244.143s][info][gc,heap        ] GC(657) PSYoungGen: 297024K(313856K)->64K(315392K) Eden: 296960K(296960K)->0K(300544K) From: 64K(16896K)->64K(14848K)
[244.143s][info][gc,heap        ] GC(657) ParOldGen: 479809K(480256K)->479817K(480256K)
[244.143s][info][gc,metaspace   ] GC(657) Metaspace: 35266K(35968K)->35266K(35968K) NonClass: 26071K(26560K)->26071K(26560K) Class: 9194K(9408K)->9194K(9408K)
[244.143s][info][gc             ] GC(657) Pause Young (Allocation Failure) 758M->468M(777M) 1.388ms
[244.143s][info][gc,cpu         ] GC(657) User=0.00s Sys=0.00s Real=0.00s
[244.234s][info][gc,start       ] GC(658) Pause Young (Allocation Failure)
[244.235s][info][gc,heap        ] GC(658) PSYoungGen: 300608K(315392K)->64K(315904K) Eden: 300544K(300544K)->0K(300544K) From: 64K(14848K)->64K(15360K)
[244.235s][info][gc,heap        ] GC(658) ParOldGen: 479817K(480256K)->479825K(480256K)
[244.235s][info][gc,metaspace   ] GC(658) Metaspace: 35266K(35968K)->35266K(35968K) NonClass: 26071K(26560K)->26071K(26560K) Class: 9194K(9408K)->9194K(9408K)
[244.235s][info][gc             ] GC(658) Pause Young (Allocation Failure) 762M->468M(777M) 1.466ms
[244.235s][info][gc,cpu         ] GC(658) User=0.00s Sys=0.00s Real=0.00s
[244.402s][info][gc,start       ] GC(659) Pause Young (Allocation Failure)
[244.404s][info][gc,heap        ] GC(659) PSYoungGen: 300608K(315904K)->64K(316928K) Eden: 300544K(300544K)->0K(304128K) From: 64K(15360K)->64K(12800K)
[244.404s][info][gc,heap        ] GC(659) ParOldGen: 479825K(480256K)->479833K(480256K)
[244.404s][info][gc,metaspace   ] GC(659) Metaspace: 35266K(35968K)->35266K(35968K) NonClass: 26071K(26560K)->26071K(26560K) Class: 9194K(9408K)->9194K(9408K)
[244.404s][info][gc             ] GC(659) Pause Young (Allocation Failure) 762M->468M(778M) 1.380ms
[244.404s][info][gc,cpu         ] GC(659) User=0.00s Sys=0.00s Real=0.00s
[245.294s][info][gc,start       ] GC(660) Pause Young (Allocation Failure)
[245.296s][info][gc,heap        ] GC(660) PSYoungGen: 304192K(316928K)->83K(292352K) Eden: 304128K(304128K)->0K(291840K) From: 64K(12800K)->83K(512K)
[245.296s][info][gc,heap        ] GC(660) ParOldGen: 479833K(480256K)->479841K(480256K)
[245.296s][info][gc,metaspace   ] GC(660) Metaspace: 35266K(35968K)->35266K(35968K) NonClass: 26071K(26560K)->26071K(26560K) Class: 9194K(9408K)->9194K(9408K)
[245.296s][info][gc             ] GC(660) Pause Young (Allocation Failure) 765M->468M(754M) 1.542ms
[245.296s][info][gc,cpu         ] GC(660) User=0.00s Sys=0.00s Real=0.00s
[246.168s][info][gc,start       ] GC(661) Pause Young (Allocation Failure)
[246.169s][info][gc,heap        ] GC(661) PSYoungGen: 291923K(292352K)->64K(280576K) Eden: 291840K(291840K)->0K(280064K) From: 83K(512K)->64K(512K)
[246.169s][info][gc,heap        ] GC(661) ParOldGen: 479841K(480256K)->479849K(480256K)
[246.169s][info][gc,metaspace   ] GC(661) Metaspace: 35266K(35968K)->35266K(35968K) NonClass: 26071K(26560K)->26071K(26560K) Class: 9194K(9408K)->9194K(9408K)
[246.169s][info][gc             ] GC(661) Pause Young (Allocation Failure) 753M->468M(743M) 1.618ms
[246.169s][info][gc,cpu         ] GC(661) User=0.00s Sys=0.00s Real=0.00s
[246.601s][info][gc,start       ] GC(662) Pause Young (Allocation Failure)
[246.603s][info][gc,heap        ] GC(662) PSYoungGen: 280128K(280576K)->64K(280576K) Eden: 280064K(280064K)->0K(268800K) From: 64K(512K)->64K(11776K)
[246.603s][info][gc,heap        ] GC(662) ParOldGen: 479849K(480256K)->479857K(480256K)
[246.603s][info][gc,metaspace   ] GC(662) Metaspace: 35266K(35968K)->35266K(35968K) NonClass: 26071K(26560K)->26071K(26560K) Class: 9194K(9408K)->9194K(9408K)
[246.603s][info][gc             ] GC(662) Pause Young (Allocation Failure) 742M->468M(743M) 1.480ms
[246.603s][info][gc,cpu         ] GC(662) User=0.00s Sys=0.00s Real=0.00s
[247.603s][info][gc,start       ] GC(663) Pause Young (Allocation Failure)
[247.605s][info][gc,heap        ] GC(663) PSYoungGen: 268864K(280576K)->64K(258560K) Eden: 268800K(268800K)->0K(258048K) From: 64K(11776K)->64K(512K)
[247.605s][info][gc,heap        ] GC(663) ParOldGen: 479857K(480256K)->479865K(480256K)
[247.605s][info][gc,metaspace   ] GC(663) Metaspace: 35266K(35968K)->35266K(35968K) NonClass: 26071K(26560K)->26071K(26560K) Class: 9194K(9408K)->9194K(9408K)
[247.605s][info][gc             ] GC(663) Pause Young (Allocation Failure) 731M->468M(721M) 2.091ms
[247.605s][info][gc,cpu         ] GC(663) User=0.00s Sys=0.00s Real=0.00s
[247.986s][info][gc,start       ] GC(664) Pause Young (Allocation Failure)
[247.988s][info][gc,heap        ] GC(664) PSYoungGen: 258112K(258560K)->64K(258048K) Eden: 258048K(258048K)->0K(247808K) From: 64K(512K)->64K(10240K)
[247.988s][info][gc,heap        ] GC(664) ParOldGen: 479865K(480256K)->479873K(480256K)
[247.988s][info][gc,metaspace   ] GC(664) Metaspace: 35266K(35968K)->35266K(35968K) NonClass: 26071K(26560K)->26071K(26560K) Class: 9194K(9408K)->9194K(9408K)
[247.988s][info][gc             ] GC(664) Pause Young (Allocation Failure) 720M->468M(721M) 1.948ms
[247.988s][info][gc,cpu         ] GC(664) User=0.00s Sys=0.00s Real=0.01s
[248.168s][info][gc,start       ] GC(665) Pause Young (Allocation Failure)
[248.171s][info][gc,heap        ] GC(665) PSYoungGen: 247872K(258048K)->64K(238592K) Eden: 247808K(247808K)->0K(238080K) From: 64K(10240K)->64K(512K)
[248.171s][info][gc,heap        ] GC(665) ParOldGen: 479873K(480256K)->479881K(480256K)
[248.171s][info][gc,metaspace   ] GC(665) Metaspace: 35266K(35968K)->35266K(35968K) NonClass: 26071K(26560K)->26071K(26560K) Class: 9194K(9408K)->9194K(9408K)
[248.171s][info][gc             ] GC(665) Pause Young (Allocation Failure) 710M->468M(702M) 3.476ms
[248.171s][info][gc,cpu         ] GC(665) User=0.01s Sys=0.00s Real=0.00s
[248.272s][info][gc,start       ] GC(666) Pause Young (Allocation Failure)
[248.274s][info][gc,heap        ] GC(666) PSYoungGen: 238144K(238592K)->64K(278528K) Eden: 238080K(238080K)->0K(269824K) From: 64K(512K)->64K(8704K)
[248.274s][info][gc,heap        ] GC(666) ParOldGen: 479881K(480256K)->479889K(480256K)
[248.274s][info][gc,metaspace   ] GC(666) Metaspace: 35266K(35968K)->35266K(35968K) NonClass: 26071K(26560K)->26071K(26560K) Class: 9194K(9408K)->9194K(9408K)
[248.274s][info][gc             ] GC(666) Pause Young (Allocation Failure) 701M->468M(741M) 2.126ms
[248.274s][info][gc,cpu         ] GC(666) User=0.00s Sys=0.00s Real=0.00s
[248.863s][info][gc,start       ] GC(667) Pause Young (Allocation Failure)
[248.864s][info][gc,heap        ] GC(667) PSYoungGen: 269888K(278528K)->64K(259584K) Eden: 269824K(269824K)->0K(259072K) From: 64K(8704K)->64K(512K)
[248.864s][info][gc,heap        ] GC(667) ParOldGen: 479889K(480256K)->479897K(480256K)
[248.864s][info][gc,metaspace   ] GC(667) Metaspace: 35266K(35968K)->35266K(35968K) NonClass: 26071K(26560K)->26071K(26560K) Class: 9194K(9408K)->9194K(9408K)
[248.864s][info][gc             ] GC(667) Pause Young (Allocation Failure) 732M->468M(722M) 1.722ms
[248.864s][info][gc,cpu         ] GC(667) User=0.00s Sys=0.00s Real=0.00s
[249.201s][info][gc,start       ] GC(668) Pause Young (Allocation Failure)
[249.202s][info][gc,heap        ] GC(668) PSYoungGen: 259136K(259584K)->64K(256512K) Eden: 259072K(259072K)->0K(248832K) From: 64K(512K)->64K(7680K)
[249.202s][info][gc,heap        ] GC(668) ParOldGen: 479897K(480256K)->479905K(480256K)
[249.202s][info][gc,metaspace   ] GC(668) Metaspace: 35266K(35968K)->35266K(35968K) NonClass: 26071K(26560K)->26071K(26560K) Class: 9194K(9408K)->9194K(9408K)
[249.202s][info][gc             ] GC(668) Pause Young (Allocation Failure) 721M->468M(719M) 1.392ms
[249.202s][info][gc,cpu         ] GC(668) User=0.00s Sys=0.00s Real=0.00s
[249.495s][info][gc,start       ] GC(669) Pause Young (Allocation Failure)
[249.553s][info][gc,heap        ] GC(669) PSYoungGen: 248896K(256512K)->7168K(278016K) Eden: 248832K(248832K)->0K(270848K) From: 64K(7680K)->7168K(7168K)
[249.553s][info][gc,heap        ] GC(669) ParOldGen: 479905K(480256K)->500473K(500736K)
[249.553s][info][gc,metaspace   ] GC(669) Metaspace: 35266K(35968K)->35266K(35968K) NonClass: 26071K(26560K)->26071K(26560K) Class: 9194K(9408K)->9194K(9408K)
[249.553s][info][gc             ] GC(669) Pause Young (Allocation Failure) 711M->495M(760M) 57.783ms
[249.553s][info][gc,cpu         ] GC(669) User=0.08s Sys=0.03s Real=0.06s
[249.869s][info][gc,start       ] GC(670) Pause Young (Allocation Failure)
[249.929s][info][gc,heap        ] GC(670) PSYoungGen: 278016K(278016K)->16384K(287232K) Eden: 270848K(270848K)->0K(270848K) From: 7168K(7168K)->16384K(16384K)
[249.929s][info][gc,heap        ] GC(670) ParOldGen: 500473K(500736K)->515113K(515584K)
[249.929s][info][gc,metaspace   ] GC(670) Metaspace: 35266K(35968K)->35266K(35968K) NonClass: 26071K(26560K)->26071K(26560K) Class: 9194K(9408K)->9194K(9408K)
[249.929s][info][gc             ] GC(670) Pause Young (Allocation Failure) 760M->519M(784M) 59.520ms
[249.929s][info][gc,cpu         ] GC(670) User=0.11s Sys=0.00s Real=0.06s
[250.033s][info][gc,start       ] GC(671) Pause Young (Allocation Failure)
[250.048s][info][gc,heap        ] GC(671) PSYoungGen: 287232K(287232K)->4448K(309760K) Eden: 270848K(270848K)->0K(284160K) From: 16384K(16384K)->4448K(25600K)
[250.048s][info][gc,heap        ] GC(671) ParOldGen: 515113K(515584K)->515497K(515584K)
[250.048s][info][gc,metaspace   ] GC(671) Metaspace: 35266K(35968K)->35266K(35968K) NonClass: 26071K(26560K)->26071K(26560K) Class: 9194K(9408K)->9194K(9408K)
[250.048s][info][gc             ] GC(671) Pause Young (Allocation Failure) 783M->507M(806M) 14.427ms
[250.048s][info][gc,cpu         ] GC(671) User=0.03s Sys=0.00s Real=0.02s
[250.563s][info][gc,start       ] GC(672) Pause Young (Allocation Failure)
[250.565s][info][gc,heap        ] GC(672) PSYoungGen: 288608K(309760K)->64K(284672K) Eden: 284160K(284160K)->0K(284160K) From: 4448K(25600K)->64K(512K)
[250.565s][info][gc,heap        ] GC(672) ParOldGen: 515497K(515584K)->515505K(515584K)
[250.565s][info][gc,metaspace   ] GC(672) Metaspace: 35266K(35968K)->35266K(35968K) NonClass: 26071K(26560K)->26071K(26560K) Class: 9194K(9408K)->9194K(9408K)
[250.565s][info][gc             ] GC(672) Pause Young (Allocation Failure) 785M->503M(781M) 1.686ms
[250.565s][info][gc,cpu         ] GC(672) User=0.01s Sys=0.00s Real=0.00s
[251.022s][info][gc,start       ] GC(673) Pause Young (Allocation Failure)
[251.024s][info][gc,heap        ] GC(673) PSYoungGen: 284224K(284672K)->64K(308224K) Eden: 284160K(284160K)->0K(285184K) From: 64K(512K)->64K(23040K)
[251.024s][info][gc,heap        ] GC(673) ParOldGen: 515505K(515584K)->515513K(515584K)
[251.024s][info][gc,metaspace   ] GC(673) Metaspace: 35266K(35968K)->35266K(35968K) NonClass: 26071K(26560K)->26071K(26560K) Class: 9194K(9408K)->9194K(9408K)
[251.024s][info][gc             ] GC(673) Pause Young (Allocation Failure) 780M->503M(804M) 1.748ms
[251.024s][info][gc,cpu         ] GC(673) User=0.00s Sys=0.00s Real=0.00s
[251.470s][info][gc,start       ] GC(674) Pause Young (Allocation Failure)
[251.471s][info][gc,heap        ] GC(674) PSYoungGen: 285248K(308224K)->64K(307200K) Eden: 285184K(285184K)->0K(285184K) From: 64K(23040K)->64K(22016K)
[251.471s][info][gc,heap        ] GC(674) ParOldGen: 515513K(515584K)->515529K(515584K)
[251.471s][info][gc,metaspace   ] GC(674) Metaspace: 35266K(35968K)->35266K(35968K) NonClass: 26071K(26560K)->26071K(26560K) Class: 9194K(9408K)->9194K(9408K)
[251.471s][info][gc             ] GC(674) Pause Young (Allocation Failure) 781M->503M(803M) 1.590ms
[251.471s][info][gc,cpu         ] GC(674) User=0.00s Sys=0.00s Real=0.00s
[251.704s][info][gc,start       ] GC(675) Pause Young (Allocation Failure)
[251.706s][info][gc,heap        ] GC(675) PSYoungGen: 285248K(307200K)->64K(310784K) Eden: 285184K(285184K)->0K(289792K) From: 64K(22016K)->64K(20992K)
[251.706s][info][gc,heap        ] GC(675) ParOldGen: 515529K(515584K)->515545K(515584K)
[251.706s][info][gc,metaspace   ] GC(675) Metaspace: 35266K(35968K)->35266K(35968K) NonClass: 26071K(26560K)->26071K(26560K) Class: 9194K(9408K)->9194K(9408K)
[251.706s][info][gc             ] GC(675) Pause Young (Allocation Failure) 782M->503M(807M) 1.521ms
[251.706s][info][gc,cpu         ] GC(675) User=0.00s Sys=0.00s Real=0.00s
[252.059s][info][gc,start       ] GC(676) Pause Young (Allocation Failure)
[252.060s][info][gc,heap        ] GC(676) PSYoungGen: 289856K(310784K)->64K(310272K) Eden: 289792K(289792K)->0K(289792K) From: 64K(20992K)->64K(20480K)
[252.060s][info][gc,heap        ] GC(676) ParOldGen: 515545K(515584K)->515545K(515584K)
[252.060s][info][gc,metaspace   ] GC(676) Metaspace: 35266K(35968K)->35266K(35968K) NonClass: 26071K(26560K)->26071K(26560K) Class: 9194K(9408K)->9194K(9408K)
[252.060s][info][gc             ] GC(676) Pause Young (Allocation Failure) 786M->503M(806M) 1.496ms
[252.060s][info][gc,cpu         ] GC(676) User=0.01s Sys=0.00s Real=0.00s
[252.194s][info][gc,start       ] GC(677) Pause Young (Allocation Failure)
[252.195s][info][gc,heap        ] GC(677) PSYoungGen: 289856K(310272K)->64K(312320K) Eden: 289792K(289792K)->0K(293376K) From: 64K(20480K)->64K(18944K)
[252.195s][info][gc,heap        ] GC(677) ParOldGen: 515545K(515584K)->515553K(515584K)
[252.195s][info][gc,metaspace   ] GC(677) Metaspace: 35266K(35968K)->35266K(35968K) NonClass: 26071K(26560K)->26071K(26560K) Class: 9194K(9408K)->9194K(9408K)
[252.195s][info][gc             ] GC(677) Pause Young (Allocation Failure) 786M->503M(808M) 1.510ms
[252.195s][info][gc,cpu         ] GC(677) User=0.00s Sys=0.00s Real=0.00s
[252.246s][info][gc,start       ] GC(678) Pause Young (Allocation Failure)
[252.247s][info][gc,heap        ] GC(678) PSYoungGen: 293440K(312320K)->64K(311808K) Eden: 293376K(293376K)->0K(293376K) From: 64K(18944K)->64K(18432K)
[252.247s][info][gc,heap        ] GC(678) ParOldGen: 515553K(515584K)->515569K(515584K)
[252.247s][info][gc,metaspace   ] GC(678) Metaspace: 35266K(35968K)->35266K(35968K) NonClass: 26071K(26560K)->26071K(26560K) Class: 9194K(9408K)->9194K(9408K)
[252.247s][info][gc             ] GC(678) Pause Young (Allocation Failure) 790M->503M(808M) 1.408ms
[252.247s][info][gc,cpu         ] GC(678) User=0.00s Sys=0.00s Real=0.01s
[252.378s][info][gc,start       ] GC(679) Pause Young (Allocation Failure)
[252.380s][info][gc,heap        ] GC(679) PSYoungGen: 293440K(311808K)->64K(314368K) Eden: 293376K(293376K)->0K(297472K) From: 64K(18432K)->64K(16896K)
[252.380s][info][gc,heap        ] GC(679) ParOldGen: 515569K(515584K)->515569K(515584K)
[252.380s][info][gc,metaspace   ] GC(679) Metaspace: 35266K(35968K)->35266K(35968K) NonClass: 26071K(26560K)->26071K(26560K) Class: 9194K(9408K)->9194K(9408K)
[252.380s][info][gc             ] GC(679) Pause Young (Allocation Failure) 790M->503M(810M) 1.474ms
[252.380s][info][gc,cpu         ] GC(679) User=0.00s Sys=0.00s Real=0.00s
[252.621s][info][gc,start       ] GC(680) Pause Young (Allocation Failure)
[252.623s][info][gc,heap        ] GC(680) PSYoungGen: 297536K(314368K)->64K(313856K) Eden: 297472K(297472K)->0K(297472K) From: 64K(16896K)->64K(16384K)
[252.623s][info][gc,heap        ] GC(680) ParOldGen: 515569K(515584K)->515577K(515584K)
[252.623s][info][gc,metaspace   ] GC(680) Metaspace: 35266K(35968K)->35266K(35968K) NonClass: 26071K(26560K)->26071K(26560K) Class: 9194K(9408K)->9194K(9408K)
[252.623s][info][gc             ] GC(680) Pause Young (Allocation Failure) 794M->503M(810M) 1.554ms
[252.623s][info][gc,cpu         ] GC(680) User=0.00s Sys=0.00s Real=0.00s
[252.777s][info][gc,start       ] GC(681) Pause Young (Allocation Failure)
[252.779s][info][gc,heap        ] GC(681) PSYoungGen: 297536K(313856K)->64K(316416K) Eden: 297472K(297472K)->0K(301568K) From: 64K(16384K)->64K(14848K)
[252.779s][info][gc,heap        ] GC(681) ParOldGen: 515577K(515584K)->515585K(516096K)
[252.779s][info][gc,metaspace   ] GC(681) Metaspace: 35266K(35968K)->35266K(35968K) NonClass: 26071K(26560K)->26071K(26560K) Class: 9194K(9408K)->9194K(9408K)
[252.779s][info][gc             ] GC(681) Pause Young (Allocation Failure) 794M->503M(813M) 1.589ms
[252.779s][info][gc,cpu         ] GC(681) User=0.01s Sys=0.00s Real=0.00s
[252.867s][info][gc,start       ] GC(682) Pause Young (Allocation Failure)
[252.868s][info][gc,heap        ] GC(682) PSYoungGen: 301632K(316416K)->64K(316416K) Eden: 301568K(301568K)->0K(301568K) From: 64K(14848K)->64K(14848K)
[252.868s][info][gc,heap        ] GC(682) ParOldGen: 515585K(516096K)->515593K(516096K)
[252.868s][info][gc,metaspace   ] GC(682) Metaspace: 35266K(35968K)->35266K(35968K) NonClass: 26071K(26560K)->26071K(26560K) Class: 9194K(9408K)->9194K(9408K)
[252.868s][info][gc             ] GC(682) Pause Young (Allocation Failure) 798M->503M(813M) 1.548ms
[252.868s][info][gc,cpu         ] GC(682) User=0.00s Sys=0.00s Real=0.01s
[253.036s][info][gc,start       ] GC(683) Pause Young (Allocation Failure)
[253.037s][info][gc,heap        ] GC(683) PSYoungGen: 301632K(316416K)->64K(317952K) Eden: 301568K(301568K)->0K(305152K) From: 64K(14848K)->64K(12800K)
[253.037s][info][gc,heap        ] GC(683) ParOldGen: 515593K(516096K)->515601K(516096K)
[253.037s][info][gc,metaspace   ] GC(683) Metaspace: 35266K(35968K)->35266K(35968K) NonClass: 26071K(26560K)->26071K(26560K) Class: 9194K(9408K)->9194K(9408K)
[253.037s][info][gc             ] GC(683) Pause Young (Allocation Failure) 798M->503M(814M) 1.535ms
[253.037s][info][gc,cpu         ] GC(683) User=0.00s Sys=0.00s Real=0.01s
[253.925s][info][gc,start       ] GC(684) Pause Young (Allocation Failure)
[253.927s][info][gc,heap        ] GC(684) PSYoungGen: 305216K(317952K)->64K(317952K) Eden: 305152K(305152K)->0K(305152K) From: 64K(12800K)->64K(12800K)
[253.927s][info][gc,heap        ] GC(684) ParOldGen: 515601K(516096K)->515609K(516096K)
[253.927s][info][gc,metaspace   ] GC(684) Metaspace: 35266K(35968K)->35266K(35968K) NonClass: 26071K(26560K)->26071K(26560K) Class: 9194K(9408K)->9194K(9408K)
[253.927s][info][gc             ] GC(684) Pause Young (Allocation Failure) 801M->503M(814M) 1.652ms
[253.927s][info][gc,cpu         ] GC(684) User=0.00s Sys=0.00s Real=0.01s
[254.796s][info][gc,start       ] GC(685) Pause Young (Allocation Failure)
[254.797s][info][gc,heap        ] GC(685) PSYoungGen: 305216K(317952K)->64K(293376K) Eden: 305152K(305152K)->0K(292864K) From: 64K(12800K)->64K(512K)
[254.797s][info][gc,heap        ] GC(685) ParOldGen: 515609K(516096K)->515617K(516096K)
[254.797s][info][gc,metaspace   ] GC(685) Metaspace: 35266K(35968K)->35266K(35968K) NonClass: 26071K(26560K)->26071K(26560K) Class: 9194K(9408K)->9194K(9408K)
[254.797s][info][gc             ] GC(685) Pause Young (Allocation Failure) 801M->503M(790M) 1.731ms
[254.797s][info][gc,cpu         ] GC(685) User=0.00s Sys=0.00s Real=0.01s
[255.270s][info][gc,start       ] GC(686) Pause Young (Allocation Failure)
[255.272s][info][gc,heap        ] GC(686) PSYoungGen: 292928K(293376K)->64K(292352K) Eden: 292864K(292864K)->0K(281088K) From: 64K(512K)->64K(11264K)
[255.272s][info][gc,heap        ] GC(686) ParOldGen: 515617K(516096K)->515625K(516096K)
[255.272s][info][gc,metaspace   ] GC(686) Metaspace: 35266K(35968K)->35266K(35968K) NonClass: 26071K(26560K)->26071K(26560K) Class: 9194K(9408K)->9194K(9408K)
[255.272s][info][gc             ] GC(686) Pause Young (Allocation Failure) 789M->503M(789M) 2.092ms
[255.272s][info][gc,cpu         ] GC(686) User=0.00s Sys=0.00s Real=0.00s
[256.274s][info][gc,start       ] GC(687) Pause Young (Allocation Failure)
[256.276s][info][gc,heap        ] GC(687) PSYoungGen: 281152K(292352K)->64K(270336K) Eden: 281088K(281088K)->0K(269824K) From: 64K(11264K)->64K(512K)
[256.276s][info][gc,heap        ] GC(687) ParOldGen: 515625K(516096K)->515633K(516096K)
[256.276s][info][gc,metaspace   ] GC(687) Metaspace: 35266K(35968K)->35266K(35968K) NonClass: 26071K(26560K)->26071K(26560K) Class: 9194K(9408K)->9194K(9408K)
[256.276s][info][gc             ] GC(687) Pause Young (Allocation Failure) 778M->503M(768M) 1.810ms
[256.276s][info][gc,cpu         ] GC(687) User=0.00s Sys=0.00s Real=0.00s
[256.661s][info][gc,start       ] GC(688) Pause Young (Allocation Failure)
[256.663s][info][gc,heap        ] GC(688) PSYoungGen: 269888K(270336K)->64K(268800K) Eden: 269824K(269824K)->0K(259072K) From: 64K(512K)->64K(9728K)
[256.663s][info][gc,heap        ] GC(688) ParOldGen: 515633K(516096K)->515641K(516096K)
[256.663s][info][gc,metaspace   ] GC(688) Metaspace: 35266K(35968K)->35266K(35968K) NonClass: 26071K(26560K)->26071K(26560K) Class: 9194K(9408K)->9194K(9408K)
[256.663s][info][gc             ] GC(688) Pause Young (Allocation Failure) 767M->503M(766M) 1.529ms
[256.663s][info][gc,cpu         ] GC(688) User=0.00s Sys=0.00s Real=0.00s
[256.814s][info][gc,start       ] GC(689) Pause Young (Allocation Failure)
[256.816s][info][gc,heap        ] GC(689) PSYoungGen: 259136K(268800K)->64K(249344K) Eden: 259072K(259072K)->0K(248832K) From: 64K(9728K)->64K(512K)
[256.816s][info][gc,heap        ] GC(689) ParOldGen: 515641K(516096K)->515649K(516096K)
[256.816s][info][gc,metaspace   ] GC(689) Metaspace: 35266K(35968K)->35266K(35968K) NonClass: 26071K(26560K)->26071K(26560K) Class: 9194K(9408K)->9194K(9408K)
[256.816s][info][gc             ] GC(689) Pause Young (Allocation Failure) 756M->503M(747M) 1.823ms
[256.816s][info][gc,cpu         ] GC(689) User=0.00s Sys=0.00s Real=0.00s
[257.069s][info][gc,start       ] GC(690) Pause Young (Allocation Failure)
[257.070s][info][gc,heap        ] GC(690) PSYoungGen: 248896K(249344K)->64K(247808K) Eden: 248832K(248832K)->0K(239104K) From: 64K(512K)->64K(8704K)
[257.070s][info][gc,heap        ] GC(690) ParOldGen: 515649K(516096K)->515657K(516096K)
[257.070s][info][gc,metaspace   ] GC(690) Metaspace: 35266K(35968K)->35266K(35968K) NonClass: 26071K(26560K)->26071K(26560K) Class: 9194K(9408K)->9194K(9408K)
[257.070s][info][gc             ] GC(690) Pause Young (Allocation Failure) 746M->503M(746M) 1.746ms
[257.070s][info][gc,cpu         ] GC(690) User=0.01s Sys=0.00s Real=0.00s
[257.488s][info][gc,start       ] GC(691) Pause Young (Allocation Failure)
[257.490s][info][gc,heap        ] GC(691) PSYoungGen: 239168K(247808K)->64K(230400K) Eden: 239104K(239104K)->0K(229888K) From: 64K(8704K)->64K(512K)
[257.490s][info][gc,heap        ] GC(691) ParOldGen: 515657K(516096K)->515665K(516096K)
[257.490s][info][gc,metaspace   ] GC(691) Metaspace: 35266K(35968K)->35266K(35968K) NonClass: 26071K(26560K)->26071K(26560K) Class: 9194K(9408K)->9194K(9408K)
[257.490s][info][gc             ] GC(691) Pause Young (Allocation Failure) 737M->503M(729M) 1.971ms
[257.490s][info][gc,cpu         ] GC(691) User=0.01s Sys=0.00s Real=0.00s
[257.822s][info][gc,start       ] GC(692) Pause Young (Allocation Failure)
[257.824s][info][gc,heap        ] GC(692) PSYoungGen: 229952K(230400K)->256K(228864K) Eden: 229888K(229888K)->0K(221184K) From: 64K(512K)->256K(7680K)
[257.824s][info][gc,heap        ] GC(692) ParOldGen: 515665K(516096K)->515673K(516096K)
[257.824s][info][gc,metaspace   ] GC(692) Metaspace: 35266K(35968K)->35266K(35968K) NonClass: 26071K(26560K)->26071K(26560K) Class: 9194K(9408K)->9194K(9408K)
[257.824s][info][gc             ] GC(692) Pause Young (Allocation Failure) 728M->503M(727M) 1.921ms
[257.824s][info][gc,cpu         ] GC(692) User=0.00s Sys=0.00s Real=0.00s
[258.080s][info][gc,start       ] GC(693) Pause Young (Allocation Failure)
[258.128s][info][gc,heap        ] GC(693) PSYoungGen: 221440K(228864K)->7168K(272896K) Eden: 221184K(221184K)->0K(265728K) From: 256K(7680K)->7168K(7168K)
[258.128s][info][gc,heap        ] GC(693) ParOldGen: 515673K(516096K)->533401K(533504K)
[258.128s][info][gc,metaspace   ] GC(693) Metaspace: 35266K(35968K)->35266K(35968K) NonClass: 26071K(26560K)->26071K(26560K) Class: 9194K(9408K)->9194K(9408K)
[258.128s][info][gc             ] GC(693) Pause Young (Allocation Failure) 719M->527M(787M) 47.201ms
[258.128s][info][gc,cpu         ] GC(693) User=0.07s Sys=0.02s Real=0.05s
[258.437s][info][gc,start       ] GC(694) Pause Young (Allocation Failure)
[258.494s][info][gc,heap        ] GC(694) PSYoungGen: 272896K(272896K)->15360K(281088K) Eden: 265728K(265728K)->0K(265728K) From: 7168K(7168K)->15360K(15360K)
[258.494s][info][gc,heap        ] GC(694) ParOldGen: 533401K(533504K)->548409K(548864K)
[258.494s][info][gc,metaspace   ] GC(694) Metaspace: 35266K(35968K)->35266K(35968K) NonClass: 26071K(26560K)->26071K(26560K) Class: 9194K(9408K)->9194K(9408K)
[258.494s][info][gc             ] GC(694) Pause Young (Allocation Failure) 787M->550M(810M) 57.110ms
[258.494s][info][gc,cpu         ] GC(694) User=0.10s Sys=0.01s Real=0.06s
[258.622s][info][gc,start       ] GC(695) Pause Young (Allocation Failure)
[258.642s][info][gc,heap        ] GC(695) PSYoungGen: 281088K(281088K)->7680K(310784K) Eden: 265728K(265728K)->0K(286720K) From: 15360K(15360K)->7680K(24064K)
[258.642s][info][gc,heap        ] GC(695) ParOldGen: 548409K(548864K)->548809K(548864K)
[258.642s][info][gc,metaspace   ] GC(695) Metaspace: 35266K(35968K)->35266K(35968K) NonClass: 26071K(26560K)->26071K(26560K) Class: 9194K(9408K)->9194K(9408K)
[258.642s][info][gc             ] GC(695) Pause Young (Allocation Failure) 810M->543M(839M) 19.788ms
[258.642s][info][gc,cpu         ] GC(695) User=0.03s Sys=0.00s Real=0.02s
[259.093s][info][gc,start       ] GC(696) Pause Young (Allocation Failure)
[259.095s][info][gc,heap        ] GC(696) PSYoungGen: 294400K(310784K)->64K(287232K) Eden: 286720K(286720K)->0K(286720K) From: 7680K(24064K)->64K(512K)
[259.095s][info][gc,heap        ] GC(696) ParOldGen: 548809K(548864K)->548817K(548864K)
[259.095s][info][gc,metaspace   ] GC(696) Metaspace: 35266K(35968K)->35266K(35968K) NonClass: 26071K(26560K)->26071K(26560K) Class: 9194K(9408K)->9194K(9408K)
[259.095s][info][gc             ] GC(696) Pause Young (Allocation Failure) 823M->536M(816M) 1.798ms
[259.095s][info][gc,cpu         ] GC(696) User=0.01s Sys=0.00s Real=0.00s
[259.606s][info][gc,start       ] GC(697) Pause Young (Allocation Failure)
[259.608s][info][gc,heap        ] GC(697) PSYoungGen: 286784K(287232K)->64K(310272K) Eden: 286720K(286720K)->0K(287744K) From: 64K(512K)->64K(22528K)
[259.608s][info][gc,heap        ] GC(697) ParOldGen: 548817K(548864K)->548825K(548864K)
[259.608s][info][gc,metaspace   ] GC(697) Metaspace: 35266K(35968K)->35266K(35968K) NonClass: 26071K(26560K)->26071K(26560K) Class: 9194K(9408K)->9194K(9408K)
[259.608s][info][gc             ] GC(697) Pause Young (Allocation Failure) 816M->536M(839M) 1.732ms
[259.608s][info][gc,cpu         ] GC(697) User=0.00s Sys=0.00s Real=0.01s
[260.053s][info][gc,start       ] GC(698) Pause Young (Allocation Failure)
[260.055s][info][gc,heap        ] GC(698) PSYoungGen: 287808K(310272K)->64K(309248K) Eden: 287744K(287744K)->0K(287744K) From: 64K(22528K)->64K(21504K)
[260.055s][info][gc,heap        ] GC(698) ParOldGen: 548825K(548864K)->548841K(548864K)
[260.055s][info][gc,metaspace   ] GC(698) Metaspace: 35266K(35968K)->35266K(35968K) NonClass: 26071K(26560K)->26071K(26560K) Class: 9194K(9408K)->9194K(9408K)
[260.055s][info][gc             ] GC(698) Pause Young (Allocation Failure) 817M->536M(838M) 1.648ms
[260.055s][info][gc,cpu         ] GC(698) User=0.01s Sys=0.00s Real=0.00s
[260.291s][info][gc,start       ] GC(699) Pause Young (Allocation Failure)
[260.292s][info][gc,heap        ] GC(699) PSYoungGen: 287808K(309248K)->64K(311296K) Eden: 287744K(287744K)->0K(290816K) From: 64K(21504K)->64K(20480K)
[260.292s][info][gc,heap        ] GC(699) ParOldGen: 548841K(548864K)->548857K(548864K)
[260.292s][info][gc,metaspace   ] GC(699) Metaspace: 35266K(35968K)->35266K(35968K) NonClass: 26071K(26560K)->26071K(26560K) Class: 9194K(9408K)->9194K(9408K)
[260.293s][info][gc             ] GC(699) Pause Young (Allocation Failure) 817M->536M(840M) 1.656ms
[260.293s][info][gc,cpu         ] GC(699) User=0.00s Sys=0.00s Real=0.00s
[260.644s][info][gc,start       ] GC(700) Pause Young (Allocation Failure)
[260.646s][info][gc,heap        ] GC(700) PSYoungGen: 290880K(311296K)->64K(310784K) Eden: 290816K(290816K)->0K(290816K) From: 64K(20480K)->64K(19968K)
[260.646s][info][gc,heap        ] GC(700) ParOldGen: 548857K(548864K)->548857K(548864K)
[260.646s][info][gc,metaspace   ] GC(700) Metaspace: 35266K(35968K)->35266K(35968K) NonClass: 26071K(26560K)->26071K(26560K) Class: 9194K(9408K)->9194K(9408K)
[260.646s][info][gc             ] GC(700) Pause Young (Allocation Failure) 820M->536M(839M) 1.556ms
[260.646s][info][gc,cpu         ] GC(700) User=0.00s Sys=0.00s Real=0.00s
[260.800s][info][gc,start       ] GC(701) Pause Young (Allocation Failure)
[260.802s][info][gc,heap        ] GC(701) PSYoungGen: 290880K(310784K)->64K(312832K) Eden: 290816K(290816K)->0K(294400K) From: 64K(19968K)->64K(18432K)
[260.802s][info][gc,heap        ] GC(701) ParOldGen: 548857K(548864K)->548873K(549376K)
[260.802s][info][gc,metaspace   ] GC(701) Metaspace: 35266K(35968K)->35266K(35968K) NonClass: 26071K(26560K)->26071K(26560K) Class: 9194K(9408K)->9194K(9408K)
[260.802s][info][gc             ] GC(701) Pause Young (Allocation Failure) 820M->536M(842M) 1.599ms
[260.802s][info][gc,cpu         ] GC(701) User=0.00s Sys=0.00s Real=0.00s
[260.852s][info][gc,start       ] GC(702) Pause Young (Allocation Failure)
[260.854s][info][gc,heap        ] GC(702) PSYoungGen: 294464K(312832K)->64K(312320K) Eden: 294400K(294400K)->0K(294400K) From: 64K(18432K)->64K(17920K)
[260.854s][info][gc,heap        ] GC(702) ParOldGen: 548873K(549376K)->548889K(549376K)
[260.854s][info][gc,metaspace   ] GC(702) Metaspace: 35266K(35968K)->35266K(35968K) NonClass: 26071K(26560K)->26071K(26560K) Class: 9194K(9408K)->9194K(9408K)
[260.854s][info][gc             ] GC(702) Pause Young (Allocation Failure) 823M->536M(841M) 1.496ms
[260.854s][info][gc,cpu         ] GC(702) User=0.00s Sys=0.00s Real=0.00s
[260.973s][info][gc,start       ] GC(703) Pause Young (Allocation Failure)
[260.975s][info][gc,heap        ] GC(703) PSYoungGen: 294464K(312320K)->64K(314880K) Eden: 294400K(294400K)->0K(298496K) From: 64K(17920K)->64K(16384K)
[260.975s][info][gc,heap        ] GC(703) ParOldGen: 548889K(549376K)->548889K(549376K)
[260.975s][info][gc,metaspace   ] GC(703) Metaspace: 35266K(35968K)->35266K(35968K) NonClass: 26071K(26560K)->26071K(26560K) Class: 9194K(9408K)->9194K(9408K)
[260.975s][info][gc             ] GC(703) Pause Young (Allocation Failure) 823M->536M(844M) 1.574ms
[260.975s][info][gc,cpu         ] GC(703) User=0.01s Sys=0.00s Real=0.00s
[261.221s][info][gc,start       ] GC(704) Pause Young (Allocation Failure)
[261.222s][info][gc,heap        ] GC(704) PSYoungGen: 298560K(314880K)->64K(314880K) Eden: 298496K(298496K)->0K(298496K) From: 64K(16384K)->64K(16384K)
[261.222s][info][gc,heap        ] GC(704) ParOldGen: 548889K(549376K)->548897K(549376K)
[261.222s][info][gc,metaspace   ] GC(704) Metaspace: 35266K(35968K)->35266K(35968K) NonClass: 26071K(26560K)->26071K(26560K) Class: 9194K(9408K)->9194K(9408K)
[261.222s][info][gc             ] GC(704) Pause Young (Allocation Failure) 827M->536M(844M) 1.579ms
[261.222s][info][gc,cpu         ] GC(704) User=0.00s Sys=0.00s Real=0.00s
[261.385s][info][gc,start       ] GC(705) Pause Young (Allocation Failure)
[261.387s][info][gc,heap        ] GC(705) PSYoungGen: 298560K(314880K)->64K(316416K) Eden: 298496K(298496K)->0K(302080K) From: 64K(16384K)->64K(14336K)
[261.387s][info][gc,heap        ] GC(705) ParOldGen: 548897K(549376K)->548905K(549376K)
[261.387s][info][gc,metaspace   ] GC(705) Metaspace: 35266K(35968K)->35266K(35968K) NonClass: 26071K(26560K)->26071K(26560K) Class: 9194K(9408K)->9194K(9408K)
[261.387s][info][gc             ] GC(705) Pause Young (Allocation Failure) 827M->536M(845M) 1.642ms
[261.387s][info][gc,cpu         ] GC(705) User=0.00s Sys=0.00s Real=0.00s
[261.471s][info][gc,start       ] GC(706) Pause Young (Allocation Failure)
[261.473s][info][gc,heap        ] GC(706) PSYoungGen: 302144K(316416K)->64K(316416K) Eden: 302080K(302080K)->0K(302080K) From: 64K(14336K)->64K(14336K)
[261.473s][info][gc,heap        ] GC(706) ParOldGen: 548905K(549376K)->548921K(549376K)
[261.473s][info][gc,metaspace   ] GC(706) Metaspace: 35266K(35968K)->35266K(35968K) NonClass: 26071K(26560K)->26071K(26560K) Class: 9194K(9408K)->9194K(9408K)
[261.473s][info][gc             ] GC(706) Pause Young (Allocation Failure) 831M->536M(845M) 1.679ms
[261.473s][info][gc,cpu         ] GC(706) User=0.01s Sys=0.00s Real=0.00s
[261.638s][info][gc,start       ] GC(707) Pause Young (Allocation Failure)
[261.640s][info][gc,heap        ] GC(707) PSYoungGen: 302144K(316416K)->64K(317952K) Eden: 302080K(302080K)->0K(305664K) From: 64K(14336K)->64K(12288K)
[261.640s][info][gc,heap        ] GC(707) ParOldGen: 548921K(549376K)->548921K(549376K)
[261.640s][info][gc,metaspace   ] GC(707) Metaspace: 35266K(35968K)->35266K(35968K) NonClass: 26071K(26560K)->26071K(26560K) Class: 9194K(9408K)->9194K(9408K)
[261.640s][info][gc             ] GC(707) Pause Young (Allocation Failure) 831M->536M(847M) 1.535ms
[261.640s][info][gc,cpu         ] GC(707) User=0.00s Sys=0.00s Real=0.00s
[262.536s][info][gc,start       ] GC(708) Pause Young (Allocation Failure)
[262.538s][info][gc,heap        ] GC(708) PSYoungGen: 305728K(317952K)->83K(318464K) Eden: 305664K(305664K)->0K(305664K) From: 64K(12288K)->83K(12800K)
[262.538s][info][gc,heap        ] GC(708) ParOldGen: 548921K(549376K)->548929K(549376K)
[262.538s][info][gc,metaspace   ] GC(708) Metaspace: 35266K(35968K)->35266K(35968K) NonClass: 26071K(26560K)->26071K(26560K) Class: 9194K(9408K)->9194K(9408K)
[262.538s][info][gc             ] GC(708) Pause Young (Allocation Failure) 834M->536M(847M) 1.708ms
[262.538s][info][gc,cpu         ] GC(708) User=0.01s Sys=0.00s Real=0.01s
[263.407s][info][gc,start       ] GC(709) Pause Young (Allocation Failure)
[263.409s][info][gc,heap        ] GC(709) PSYoungGen: 305747K(318464K)->64K(293888K) Eden: 305664K(305664K)->0K(293376K) From: 83K(12800K)->64K(512K)
[263.409s][info][gc,heap        ] GC(709) ParOldGen: 548929K(549376K)->548937K(549376K)
[263.409s][info][gc,metaspace   ] GC(709) Metaspace: 35266K(35968K)->35266K(35968K) NonClass: 26071K(26560K)->26071K(26560K) Class: 9194K(9408K)->9194K(9408K)
[263.409s][info][gc             ] GC(709) Pause Young (Allocation Failure) 834M->536M(823M) 1.771ms
[263.409s][info][gc,cpu         ] GC(709) User=0.00s Sys=0.00s Real=0.01s
[263.856s][info][gc,start       ] GC(710) Pause Young (Allocation Failure)
[263.858s][info][gc,heap        ] GC(710) PSYoungGen: 293440K(293888K)->64K(292864K) Eden: 293376K(293376K)->0K(281600K) From: 64K(512K)->64K(11264K)
[263.858s][info][gc,heap        ] GC(710) ParOldGen: 548937K(549376K)->548945K(549376K)
[263.858s][info][gc,metaspace   ] GC(710) Metaspace: 35266K(35968K)->35266K(35968K) NonClass: 26071K(26560K)->26071K(26560K) Class: 9194K(9408K)->9194K(9408K)
[263.858s][info][gc             ] GC(710) Pause Young (Allocation Failure) 822M->536M(822M) 1.889ms
[263.858s][info][gc,cpu         ] GC(710) User=0.00s Sys=0.00s Real=0.01s
[264.862s][info][gc,start       ] GC(711) Pause Young (Allocation Failure)
[264.864s][info][gc,heap        ] GC(711) PSYoungGen: 281664K(292864K)->64K(270848K) Eden: 281600K(281600K)->0K(270336K) From: 64K(11264K)->64K(512K)
[264.864s][info][gc,heap        ] GC(711) ParOldGen: 548945K(549376K)->548953K(549376K)
[264.864s][info][gc,metaspace   ] GC(711) Metaspace: 35266K(35968K)->35266K(35968K) NonClass: 26071K(26560K)->26071K(26560K) Class: 9194K(9408K)->9194K(9408K)
[264.864s][info][gc             ] GC(711) Pause Young (Allocation Failure) 811M->536M(801M) 2.111ms
[264.864s][info][gc,cpu         ] GC(711) User=0.01s Sys=0.00s Real=0.00s
[265.254s][info][gc,start       ] GC(712) Pause Young (Allocation Failure)
[265.255s][info][gc,heap        ] GC(712) PSYoungGen: 270400K(270848K)->64K(269312K) Eden: 270336K(270336K)->0K(259584K) From: 64K(512K)->64K(9728K)
[265.255s][info][gc,heap        ] GC(712) ParOldGen: 548953K(549376K)->548961K(549376K)
[265.255s][info][gc,metaspace   ] GC(712) Metaspace: 35266K(35968K)->35266K(35968K) NonClass: 26071K(26560K)->26071K(26560K) Class: 9194K(9408K)->9194K(9408K)
[265.255s][info][gc             ] GC(712) Pause Young (Allocation Failure) 800M->536M(799M) 1.652ms
[265.255s][info][gc,cpu         ] GC(712) User=0.00s Sys=0.01s Real=0.00s
[265.412s][info][gc,start       ] GC(713) Pause Young (Allocation Failure)
[265.414s][info][gc,heap        ] GC(713) PSYoungGen: 259648K(269312K)->64K(249856K) Eden: 259584K(259584K)->0K(249344K) From: 64K(9728K)->64K(512K)
[265.414s][info][gc,heap        ] GC(713) ParOldGen: 548961K(549376K)->548969K(549376K)
[265.414s][info][gc,metaspace   ] GC(713) Metaspace: 35266K(35968K)->35266K(35968K) NonClass: 26071K(26560K)->26071K(26560K) Class: 9194K(9408K)->9194K(9408K)
[265.414s][info][gc             ] GC(713) Pause Young (Allocation Failure) 789M->536M(780M) 2.108ms
[265.414s][info][gc,cpu         ] GC(713) User=0.01s Sys=0.00s Real=0.00s
[265.636s][info][gc,start       ] GC(714) Pause Young (Allocation Failure)
[265.639s][info][gc,heap        ] GC(714) PSYoungGen: 249408K(249856K)->64K(248320K) Eden: 249344K(249344K)->0K(239616K) From: 64K(512K)->64K(8704K)
[265.639s][info][gc,heap        ] GC(714) ParOldGen: 548969K(549376K)->548977K(549376K)
[265.639s][info][gc,metaspace   ] GC(714) Metaspace: 35266K(35968K)->35266K(35968K) NonClass: 26071K(26560K)->26071K(26560K) Class: 9194K(9408K)->9194K(9408K)
[265.639s][info][gc             ] GC(714) Pause Young (Allocation Failure) 779M->536M(779M) 2.729ms
[265.639s][info][gc,cpu         ] GC(714) User=0.00s Sys=0.00s Real=0.01s
[266.081s][info][gc,start       ] GC(715) Pause Young (Allocation Failure)
[266.085s][info][gc,heap        ] GC(715) PSYoungGen: 239680K(248320K)->64K(230912K) Eden: 239616K(239616K)->0K(230400K) From: 64K(8704K)->64K(512K)
[266.085s][info][gc,heap        ] GC(715) ParOldGen: 548977K(549376K)->548985K(549376K)
[266.085s][info][gc,metaspace   ] GC(715) Metaspace: 35266K(35968K)->35266K(35968K) NonClass: 26071K(26560K)->26071K(26560K) Class: 9194K(9408K)->9194K(9408K)
[266.085s][info][gc             ] GC(715) Pause Young (Allocation Failure) 770M->536M(762M) 3.628ms
[266.085s][info][gc,cpu         ] GC(715) User=0.00s Sys=0.00s Real=0.00s
[266.404s][info][gc,start       ] GC(716) Pause Young (Allocation Failure)
[266.407s][info][gc,heap        ] GC(716) PSYoungGen: 230464K(230912K)->64K(229376K) Eden: 230400K(230400K)->0K(221696K) From: 64K(512K)->64K(7680K)
[266.407s][info][gc,heap        ] GC(716) ParOldGen: 548985K(549376K)->548993K(549376K)
[266.407s][info][gc,metaspace   ] GC(716) Metaspace: 35266K(35968K)->35266K(35968K) NonClass: 26071K(26560K)->26071K(26560K) Class: 9194K(9408K)->9194K(9408K)
[266.407s][info][gc             ] GC(716) Pause Young (Allocation Failure) 761M->536M(760M) 2.856ms
[266.407s][info][gc,cpu         ] GC(716) User=0.00s Sys=0.00s Real=0.00s
[266.672s][info][gc,start       ] GC(717) Pause Young (Allocation Failure)
[266.730s][info][gc,heap        ] GC(717) PSYoungGen: 221760K(229376K)->7168K(273408K) Eden: 221696K(221696K)->0K(266240K) From: 64K(7680K)->7168K(7168K)
[266.730s][info][gc,heap        ] GC(717) ParOldGen: 548993K(549376K)->565745K(565760K)
[266.730s][info][gc,metaspace   ] GC(717) Metaspace: 35266K(35968K)->35266K(35968K) NonClass: 26071K(26560K)->26071K(26560K) Class: 9194K(9408K)->9194K(9408K)
[266.730s][info][gc             ] GC(717) Pause Young (Allocation Failure) 752M->559M(819M) 58.418ms
[266.730s][info][gc,cpu         ] GC(717) User=0.08s Sys=0.00s Real=0.06s
[267.038s][info][gc,start       ] GC(718) Pause Young (Allocation Failure)
[267.096s][info][gc,heap        ] GC(718) PSYoungGen: 273408K(273408K)->14848K(281088K) Eden: 266240K(266240K)->0K(266240K) From: 7168K(7168K)->14848K(14848K)
[267.096s][info][gc,heap        ] GC(718) ParOldGen: 565745K(565760K)->581305K(581632K)
[267.096s][info][gc,metaspace   ] GC(718) Metaspace: 35266K(35968K)->35266K(35968K) NonClass: 26071K(26560K)->26071K(26560K) Class: 9194K(9408K)->9194K(9408K)
[267.096s][info][gc             ] GC(718) Pause Young (Allocation Failure) 819M->582M(842M) 58.047ms
[267.096s][info][gc,cpu         ] GC(718) User=0.09s Sys=0.03s Real=0.05s
[267.232s][info][gc,start       ] GC(719) Pause Young (Allocation Failure)
[267.255s][info][gc,heap        ] GC(719) PSYoungGen: 281088K(281088K)->8800K(310784K) Eden: 266240K(266240K)->0K(286720K) From: 14848K(14848K)->8800K(24064K)
[267.255s][info][gc,heap        ] GC(719) ParOldGen: 581305K(581632K)->581721K(582144K)
[267.255s][info][gc,metaspace   ] GC(719) Metaspace: 35266K(35968K)->35266K(35968K) NonClass: 26071K(26560K)->26071K(26560K) Class: 9194K(9408K)->9194K(9408K)
[267.255s][info][gc             ] GC(719) Pause Young (Allocation Failure) 842M->576M(872M) 22.625ms
[267.255s][info][gc,cpu         ] GC(719) User=0.03s Sys=0.00s Real=0.02s
[267.682s][info][gc,start       ] GC(720) Pause Young (Allocation Failure)
[267.684s][info][gc,heap        ] GC(720) PSYoungGen: 295520K(310784K)->64K(287232K) Eden: 286720K(286720K)->0K(286720K) From: 8800K(24064K)->64K(512K)
[267.684s][info][gc,heap        ] GC(720) ParOldGen: 581721K(582144K)->581729K(582144K)
[267.684s][info][gc,metaspace   ] GC(720) Metaspace: 35266K(35968K)->35266K(35968K) NonClass: 26071K(26560K)->26071K(26560K) Class: 9194K(9408K)->9194K(9408K)
[267.684s][info][gc             ] GC(720) Pause Young (Allocation Failure) 856M->568M(849M) 1.816ms
[267.684s][info][gc,cpu         ] GC(720) User=0.01s Sys=0.00s Real=0.00s
[268.204s][info][gc,start       ] GC(721) Pause Young (Allocation Failure)
[268.206s][info][gc,heap        ] GC(721) PSYoungGen: 286784K(287232K)->64K(309760K) Eden: 286720K(286720K)->0K(287232K) From: 64K(512K)->64K(22528K)
[268.206s][info][gc,heap        ] GC(721) ParOldGen: 581729K(582144K)->581737K(582144K)
[268.206s][info][gc,metaspace   ] GC(721) Metaspace: 35266K(35968K)->35266K(35968K) NonClass: 26071K(26560K)->26071K(26560K) Class: 9194K(9408K)->9194K(9408K)
[268.206s][info][gc             ] GC(721) Pause Young (Allocation Failure) 848M->568M(871M) 1.742ms
[268.206s][info][gc,cpu         ] GC(721) User=0.01s Sys=0.00s Real=0.00s
[268.652s][info][gc,start       ] GC(722) Pause Young (Allocation Failure)
[268.653s][info][gc,heap        ] GC(722) PSYoungGen: 287296K(309760K)->64K(309248K) Eden: 287232K(287232K)->0K(287232K) From: 64K(22528K)->64K(22016K)
[268.653s][info][gc,heap        ] GC(722) ParOldGen: 581737K(582144K)->581753K(582144K)
[268.653s][info][gc,metaspace   ] GC(722) Metaspace: 35266K(35968K)->35266K(35968K) NonClass: 26071K(26560K)->26071K(26560K) Class: 9194K(9408K)->9194K(9408K)
[268.653s][info][gc             ] GC(722) Pause Young (Allocation Failure) 848M->568M(870M) 1.771ms
[268.653s][info][gc,cpu         ] GC(722) User=0.00s Sys=0.00s Real=0.00s
[268.889s][info][gc,start       ] GC(723) Pause Young (Allocation Failure)
[268.890s][info][gc,heap        ] GC(723) PSYoungGen: 287296K(309248K)->64K(310784K) Eden: 287232K(287232K)->0K(290304K) From: 64K(22016K)->64K(20480K)
[268.890s][info][gc,heap        ] GC(723) ParOldGen: 581753K(582144K)->581769K(582144K)
[268.890s][info][gc,metaspace   ] GC(723) Metaspace: 35266K(35968K)->35266K(35968K) NonClass: 26071K(26560K)->26071K(26560K) Class: 9194K(9408K)->9194K(9408K)
[268.890s][info][gc             ] GC(723) Pause Young (Allocation Failure) 848M->568M(872M) 1.697ms
[268.890s][info][gc,cpu         ] GC(723) User=0.00s Sys=0.00s Real=0.00s
[269.237s][info][gc,start       ] GC(724) Pause Young (Allocation Failure)
[269.239s][info][gc,heap        ] GC(724) PSYoungGen: 290368K(310784K)->64K(310272K) Eden: 290304K(290304K)->0K(290304K) From: 64K(20480K)->64K(19968K)
[269.239s][info][gc,heap        ] GC(724) ParOldGen: 581769K(582144K)->581769K(582144K)
[269.239s][info][gc,metaspace   ] GC(724) Metaspace: 35266K(35968K)->35266K(35968K) NonClass: 26071K(26560K)->26071K(26560K) Class: 9194K(9408K)->9194K(9408K)
[269.239s][info][gc             ] GC(724) Pause Young (Allocation Failure) 851M->568M(871M) 1.588ms
[269.239s][info][gc,cpu         ] GC(724) User=0.00s Sys=0.01s Real=0.00s
[269.401s][info][gc,start       ] GC(725) Pause Young (Allocation Failure)
[269.402s][info][gc,heap        ] GC(725) PSYoungGen: 290368K(310272K)->64K(312832K) Eden: 290304K(290304K)->0K(293888K) From: 64K(19968K)->64K(18944K)
[269.402s][info][gc,heap        ] GC(725) ParOldGen: 581769K(582144K)->581777K(582144K)
[269.402s][info][gc,metaspace   ] GC(725) Metaspace: 35266K(35968K)->35266K(35968K) NonClass: 26071K(26560K)->26071K(26560K) Class: 9194K(9408K)->9194K(9408K)
[269.402s][info][gc             ] GC(725) Pause Young (Allocation Failure) 851M->568M(874M) 1.666ms
[269.402s][info][gc,cpu         ] GC(725) User=0.00s Sys=0.00s Real=0.00s
[269.452s][info][gc,start       ] GC(726) Pause Young (Allocation Failure)
[269.453s][info][gc,heap        ] GC(726) PSYoungGen: 293952K(312832K)->64K(312320K) Eden: 293888K(293888K)->0K(293888K) From: 64K(18944K)->64K(18432K)
[269.453s][info][gc,heap        ] GC(726) ParOldGen: 581777K(582144K)->581793K(582144K)
[269.453s][info][gc,metaspace   ] GC(726) Metaspace: 35266K(35968K)->35266K(35968K) NonClass: 26071K(26560K)->26071K(26560K) Class: 9194K(9408K)->9194K(9408K)
[269.453s][info][gc             ] GC(726) Pause Young (Allocation Failure) 855M->568M(873M) 1.545ms
[269.453s][info][gc,cpu         ] GC(726) User=0.00s Sys=0.00s Real=0.00s
[269.564s][info][gc,start       ] GC(727) Pause Young (Allocation Failure)
[269.565s][info][gc,heap        ] GC(727) PSYoungGen: 293952K(312320K)->64K(314368K) Eden: 293888K(293888K)->0K(297472K) From: 64K(18432K)->64K(16896K)
[269.565s][info][gc,heap        ] GC(727) ParOldGen: 581793K(582144K)->581793K(582144K)
[269.565s][info][gc,metaspace   ] GC(727) Metaspace: 35266K(35968K)->35266K(35968K) NonClass: 26071K(26560K)->26071K(26560K) Class: 9194K(9408K)->9194K(9408K)
[269.565s][info][gc             ] GC(727) Pause Young (Allocation Failure) 855M->568M(875M) 1.631ms
[269.565s][info][gc,cpu         ] GC(727) User=0.01s Sys=0.00s Real=0.00s
[269.811s][info][gc,start       ] GC(728) Pause Young (Allocation Failure)
[269.812s][info][gc,heap        ] GC(728) PSYoungGen: 297536K(314368K)->64K(313856K) Eden: 297472K(297472K)->0K(297472K) From: 64K(16896K)->64K(16384K)
[269.812s][info][gc,heap        ] GC(728) ParOldGen: 581793K(582144K)->581809K(582144K)
[269.812s][info][gc,metaspace   ] GC(728) Metaspace: 35266K(35968K)->35266K(35968K) NonClass: 26071K(26560K)->26071K(26560K) Class: 9194K(9408K)->9194K(9408K)
[269.812s][info][gc             ] GC(728) Pause Young (Allocation Failure) 858M->568M(875M) 1.709ms
[269.812s][info][gc,cpu         ] GC(728) User=0.00s Sys=0.00s Real=0.00s
[269.980s][info][gc,start       ] GC(729) Pause Young (Allocation Failure)
[269.982s][info][gc,heap        ] GC(729) PSYoungGen: 297536K(313856K)->64K(316416K) Eden: 297472K(297472K)->0K(301056K) From: 64K(16384K)->64K(15360K)
[269.982s][info][gc,heap        ] GC(729) ParOldGen: 581809K(582144K)->581809K(582144K)
[269.982s][info][gc,metaspace   ] GC(729) Metaspace: 35266K(35968K)->35266K(35968K) NonClass: 26071K(26560K)->26071K(26560K) Class: 9194K(9408K)->9194K(9408K)
[269.982s][info][gc             ] GC(729) Pause Young (Allocation Failure) 858M->568M(877M) 1.689ms
[269.982s][info][gc,cpu         ] GC(729) User=0.00s Sys=0.00s Real=0.00s
[270.065s][info][gc,start       ] GC(730) Pause Young (Allocation Failure)
[270.067s][info][gc,heap        ] GC(730) PSYoungGen: 301120K(316416K)->64K(315904K) Eden: 301056K(301056K)->0K(301056K) From: 64K(15360K)->64K(14848K)
[270.067s][info][gc,heap        ] GC(730) ParOldGen: 581809K(582144K)->581825K(582144K)
[270.067s][info][gc,metaspace   ] GC(730) Metaspace: 35266K(35968K)->35266K(35968K) NonClass: 26071K(26560K)->26071K(26560K) Class: 9194K(9408K)->9194K(9408K)
[270.067s][info][gc             ] GC(730) Pause Young (Allocation Failure) 862M->568M(877M) 1.773ms
[270.067s][info][gc,cpu         ] GC(730) User=0.01s Sys=0.00s Real=0.01s
[270.230s][info][gc,start       ] GC(731) Pause Young (Allocation Failure)
[270.231s][info][gc,heap        ] GC(731) PSYoungGen: 301120K(315904K)->64K(317952K) Eden: 301056K(301056K)->0K(304640K) From: 64K(14848K)->64K(13312K)
[270.231s][info][gc,heap        ] GC(731) ParOldGen: 581825K(582144K)->581825K(582144K)
[270.231s][info][gc,metaspace   ] GC(731) Metaspace: 35266K(35968K)->35266K(35968K) NonClass: 26071K(26560K)->26071K(26560K) Class: 9194K(9408K)->9194K(9408K)
[270.231s][info][gc             ] GC(731) Pause Young (Allocation Failure) 862M->568M(879M) 1.655ms
[270.231s][info][gc,cpu         ] GC(731) User=0.00s Sys=0.00s Real=0.00s
[271.141s][info][gc,start       ] GC(732) Pause Young (Allocation Failure)
[271.142s][info][gc,heap        ] GC(732) PSYoungGen: 304704K(317952K)->64K(317440K) Eden: 304640K(304640K)->0K(304640K) From: 64K(13312K)->64K(12800K)
[271.142s][info][gc,heap        ] GC(732) ParOldGen: 581825K(582144K)->581833K(582144K)
[271.142s][info][gc,metaspace   ] GC(732) Metaspace: 35266K(35968K)->35266K(35968K) NonClass: 26071K(26560K)->26071K(26560K) Class: 9194K(9408K)->9194K(9408K)
[271.142s][info][gc             ] GC(732) Pause Young (Allocation Failure) 865M->568M(878M) 1.805ms
[271.142s][info][gc,cpu         ] GC(732) User=0.00s Sys=0.00s Real=0.00s
[271.994s][info][gc,start       ] GC(733) Pause Young (Allocation Failure)
[271.995s][info][gc,heap        ] GC(733) PSYoungGen: 304704K(317440K)->64K(292864K) Eden: 304640K(304640K)->0K(292352K) From: 64K(12800K)->64K(512K)
[271.995s][info][gc,heap        ] GC(733) ParOldGen: 581833K(582144K)->581841K(582144K)
[271.995s][info][gc,metaspace   ] GC(733) Metaspace: 35266K(35968K)->35266K(35968K) NonClass: 26071K(26560K)->26071K(26560K) Class: 9194K(9408K)->9194K(9408K)
[271.995s][info][gc             ] GC(733) Pause Young (Allocation Failure) 865M->568M(854M) 1.788ms
[271.995s][info][gc,cpu         ] GC(733) User=0.00s Sys=0.00s Real=0.00s
[272.424s][info][gc,start       ] GC(734) Pause Young (Allocation Failure)
[272.425s][info][gc,heap        ] GC(734) PSYoungGen: 292416K(292864K)->64K(291840K) Eden: 292352K(292352K)->0K(280576K) From: 64K(512K)->64K(11264K)
[272.425s][info][gc,heap        ] GC(734) ParOldGen: 581841K(582144K)->581849K(582144K)
[272.425s][info][gc,metaspace   ] GC(734) Metaspace: 35266K(35968K)->35266K(35968K) NonClass: 26071K(26560K)->26071K(26560K) Class: 9194K(9408K)->9194K(9408K)
[272.425s][info][gc             ] GC(734) Pause Young (Allocation Failure) 853M->568M(853M) 1.698ms
[272.425s][info][gc,cpu         ] GC(734) User=0.00s Sys=0.00s Real=0.00s
[273.450s][info][gc,start       ] GC(735) Pause Young (Allocation Failure)
[273.452s][info][gc,heap        ] GC(735) PSYoungGen: 280640K(291840K)->64K(269824K) Eden: 280576K(280576K)->0K(269312K) From: 64K(11264K)->64K(512K)
[273.452s][info][gc,heap        ] GC(735) ParOldGen: 581849K(582144K)->581857K(582144K)
[273.452s][info][gc,metaspace   ] GC(735) Metaspace: 35266K(35968K)->35266K(35968K) NonClass: 26071K(26560K)->26071K(26560K) Class: 9194K(9408K)->9194K(9408K)
[273.452s][info][gc             ] GC(735) Pause Young (Allocation Failure) 842M->568M(832M) 2.169ms
[273.452s][info][gc,cpu         ] GC(735) User=0.00s Sys=0.00s Real=0.00s
[273.839s][info][gc,start       ] GC(736) Pause Young (Allocation Failure)
[273.840s][info][gc,heap        ] GC(736) PSYoungGen: 269376K(269824K)->64K(268288K) Eden: 269312K(269312K)->0K(258560K) From: 64K(512K)->64K(9728K)
[273.840s][info][gc,heap        ] GC(736) ParOldGen: 581857K(582144K)->581865K(582144K)
[273.840s][info][gc,metaspace   ] GC(736) Metaspace: 35266K(35968K)->35266K(35968K) NonClass: 26071K(26560K)->26071K(26560K) Class: 9194K(9408K)->9194K(9408K)
[273.840s][info][gc             ] GC(736) Pause Young (Allocation Failure) 831M->568M(830M) 1.588ms
[273.840s][info][gc,cpu         ] GC(736) User=0.00s Sys=0.00s Real=0.00s
[274.007s][info][gc,start       ] GC(737) Pause Young (Allocation Failure)
[274.009s][info][gc,heap        ] GC(737) PSYoungGen: 258624K(268288K)->64K(248832K) Eden: 258560K(258560K)->0K(248320K) From: 64K(9728K)->64K(512K)
[274.009s][info][gc,heap        ] GC(737) ParOldGen: 581865K(582144K)->581873K(582144K)
[274.009s][info][gc,metaspace   ] GC(737) Metaspace: 35266K(35968K)->35266K(35968K) NonClass: 26071K(26560K)->26071K(26560K) Class: 9194K(9408K)->9194K(9408K)
[274.009s][info][gc             ] GC(737) Pause Young (Allocation Failure) 820M->568M(811M) 1.759ms
[274.009s][info][gc,cpu         ] GC(737) User=0.00s Sys=0.00s Real=0.00s
[274.177s][info][gc,start       ] GC(738) Pause Young (Allocation Failure)
[274.179s][info][gc,heap        ] GC(738) PSYoungGen: 248384K(248832K)->64K(247296K) Eden: 248320K(248320K)->0K(238592K) From: 64K(512K)->64K(8704K)
[274.179s][info][gc,heap        ] GC(738) ParOldGen: 581873K(582144K)->581881K(582144K)
[274.179s][info][gc,metaspace   ] GC(738) Metaspace: 35266K(35968K)->35266K(35968K) NonClass: 26071K(26560K)->26071K(26560K) Class: 9194K(9408K)->9194K(9408K)
[274.179s][info][gc             ] GC(738) Pause Young (Allocation Failure) 810M->568M(810M) 2.000ms
[274.179s][info][gc,cpu         ] GC(738) User=0.00s Sys=0.00s Real=0.00s
[274.678s][info][gc,start       ] GC(739) Pause Young (Allocation Failure)
[274.681s][info][gc,heap        ] GC(739) PSYoungGen: 238656K(247296K)->32K(229888K) Eden: 238592K(238592K)->0K(229376K) From: 64K(8704K)->32K(512K)
[274.681s][info][gc,heap        ] GC(739) ParOldGen: 581881K(582144K)->581889K(582144K)
[274.681s][info][gc,metaspace   ] GC(739) Metaspace: 35266K(35968K)->35266K(35968K) NonClass: 26071K(26560K)->26071K(26560K) Class: 9194K(9408K)->9194K(9408K)
[274.681s][info][gc             ] GC(739) Pause Young (Allocation Failure) 801M->568M(793M) 3.473ms
[274.681s][info][gc,cpu         ] GC(739) User=0.00s Sys=0.00s Real=0.00s
[274.944s][info][gc,start       ] GC(740) Pause Young (Allocation Failure)
[274.947s][info][gc,heap        ] GC(740) PSYoungGen: 229408K(229888K)->64K(228352K) Eden: 229376K(229376K)->0K(220672K) From: 32K(512K)->64K(7680K)
[274.947s][info][gc,heap        ] GC(740) ParOldGen: 581889K(582144K)->581897K(582144K)
[274.947s][info][gc,metaspace   ] GC(740) Metaspace: 35266K(35968K)->35266K(35968K) NonClass: 26071K(26560K)->26071K(26560K) Class: 9194K(9408K)->9194K(9408K)
[274.947s][info][gc             ] GC(740) Pause Young (Allocation Failure) 792M->568M(791M) 3.002ms
[274.947s][info][gc,cpu         ] GC(740) User=0.00s Sys=0.00s Real=0.01s
[275.238s][info][gc,start       ] GC(741) Pause Young (Allocation Failure)
[275.279s][info][gc,heap        ] GC(741) PSYoungGen: 220736K(228352K)->7168K(272384K) Eden: 220672K(220672K)->0K(265216K) From: 64K(7680K)->7168K(7168K)
[275.279s][info][gc,heap        ] GC(741) ParOldGen: 581897K(582144K)->595617K(595968K)
[275.279s][info][gc,metaspace   ] GC(741) Metaspace: 35266K(35968K)->35266K(35968K) NonClass: 26071K(26560K)->26071K(26560K) Class: 9194K(9408K)->9194K(9408K)
[275.279s][info][gc             ] GC(741) Pause Young (Allocation Failure) 783M->588M(848M) 40.577ms
[275.279s][info][gc,cpu         ] GC(741) User=0.08s Sys=0.01s Real=0.04s
[275.584s][info][gc,start       ] GC(742) Pause Young (Allocation Failure)
[275.641s][info][gc,heap        ] GC(742) PSYoungGen: 272384K(272384K)->13824K(280064K) Eden: 265216K(265216K)->0K(266240K) From: 7168K(7168K)->13824K(13824K)
[275.641s][info][gc,heap        ] GC(742) ParOldGen: 595617K(595968K)->612001K(612352K)
[275.641s][info][gc,metaspace   ] GC(742) Metaspace: 35266K(35968K)->35266K(35968K) NonClass: 26071K(26560K)->26071K(26560K) Class: 9194K(9408K)->9194K(9408K)
[275.641s][info][gc             ] GC(742) Pause Young (Allocation Failure) 847M->611M(871M) 57.119ms
[275.641s][info][gc,cpu         ] GC(742) User=0.10s Sys=0.01s Real=0.06s
[275.802s][info][gc,start       ] GC(743) Pause Young (Allocation Failure)
[275.831s][info][gc,heap        ] GC(743) PSYoungGen: 280064K(280064K)->11936K(309760K) Eden: 266240K(266240K)->0K(286720K) From: 13824K(13824K)->11936K(23040K)
[275.831s][info][gc,heap        ] GC(743) ParOldGen: 612001K(612352K)->612449K(612864K)
[275.831s][info][gc,metaspace   ] GC(743) Metaspace: 35266K(35968K)->35266K(35968K) NonClass: 26071K(26560K)->26071K(26560K) Class: 9194K(9408K)->9194K(9408K)
[275.831s][info][gc             ] GC(743) Pause Young (Allocation Failure) 871M->609M(901M) 28.605ms
[275.831s][info][gc,cpu         ] GC(743) User=0.05s Sys=0.01s Real=0.03s
[276.198s][info][gc,start       ] GC(744) Pause Young (Allocation Failure)
[276.200s][info][gc,heap        ] GC(744) PSYoungGen: 298656K(309760K)->64K(310272K) Eden: 286720K(286720K)->0K(286720K) From: 11936K(23040K)->64K(23552K)
[276.200s][info][gc,heap        ] GC(744) ParOldGen: 612449K(612864K)->612457K(612864K)
[276.200s][info][gc,metaspace   ] GC(744) Metaspace: 35266K(35968K)->35266K(35968K) NonClass: 26071K(26560K)->26071K(26560K) Class: 9194K(9408K)->9194K(9408K)
[276.200s][info][gc             ] GC(744) Pause Young (Allocation Failure) 889M->598M(901M) 1.855ms
[276.200s][info][gc,cpu         ] GC(744) User=0.00s Sys=0.00s Real=0.00s
[276.764s][info][gc,start       ] GC(745) Pause Young (Allocation Failure)
[276.766s][info][gc,heap        ] GC(745) PSYoungGen: 286784K(310272K)->64K(308224K) Eden: 286720K(286720K)->0K(287232K) From: 64K(23552K)->64K(20992K)
[276.766s][info][gc,heap        ] GC(745) ParOldGen: 612457K(612864K)->612465K(612864K)
[276.766s][info][gc,metaspace   ] GC(745) Metaspace: 35266K(35968K)->35266K(35968K) NonClass: 26071K(26560K)->26071K(26560K) Class: 9194K(9408K)->9194K(9408K)
[276.766s][info][gc             ] GC(745) Pause Young (Allocation Failure) 878M->598M(899M) 1.918ms
[276.766s][info][gc,cpu         ] GC(745) User=0.00s Sys=0.00s Real=0.00s
[277.216s][info][gc,start       ] GC(746) Pause Young (Allocation Failure)
[277.218s][info][gc,heap        ] GC(746) PSYoungGen: 287296K(308224K)->64K(309248K) Eden: 287232K(287232K)->0K(287232K) From: 64K(20992K)->64K(22016K)
[277.218s][info][gc,heap        ] GC(746) ParOldGen: 612465K(612864K)->612481K(612864K)
[277.218s][info][gc,metaspace   ] GC(746) Metaspace: 35266K(35968K)->35266K(35968K) NonClass: 26071K(26560K)->26071K(26560K) Class: 9194K(9408K)->9194K(9408K)
[277.218s][info][gc             ] GC(746) Pause Young (Allocation Failure) 878M->598M(900M) 1.843ms
[277.218s][info][gc,cpu         ] GC(746) User=0.00s Sys=0.00s Real=0.01s
[277.454s][info][gc,start       ] GC(747) Pause Young (Allocation Failure)
[277.456s][info][gc,heap        ] GC(747) PSYoungGen: 287296K(309248K)->64K(309248K) Eden: 287232K(287232K)->0K(290304K) From: 64K(22016K)->64K(18944K)
[277.456s][info][gc,heap        ] GC(747) ParOldGen: 612481K(612864K)->612497K(612864K)
[277.456s][info][gc,metaspace   ] GC(747) Metaspace: 35266K(35968K)->35266K(35968K) NonClass: 26071K(26560K)->26071K(26560K) Class: 9194K(9408K)->9194K(9408K)
[277.456s][info][gc             ] GC(747) Pause Young (Allocation Failure) 878M->598M(900M) 1.842ms
[277.456s][info][gc,cpu         ] GC(747) User=0.00s Sys=0.00s Real=0.00s
[277.694s][info][gc,start       ] GC(748) Pause Young (Allocation Failure)
[277.696s][info][gc,heap        ] GC(748) PSYoungGen: 290368K(309248K)->64K(310784K) Eden: 290304K(290304K)->0K(290304K) From: 64K(18944K)->64K(20480K)
[277.696s][info][gc,heap        ] GC(748) ParOldGen: 612497K(612864K)->612497K(612864K)
[277.696s][info][gc,metaspace   ] GC(748) Metaspace: 35266K(35968K)->35266K(35968K) NonClass: 26071K(26560K)->26071K(26560K) Class: 9194K(9408K)->9194K(9408K)
[277.696s][info][gc             ] GC(748) Pause Young (Allocation Failure) 881M->598M(902M) 1.776ms
[277.696s][info][gc,cpu         ] GC(748) User=0.00s Sys=0.00s Real=0.00s
[277.986s][info][gc,start       ] GC(749) Pause Young (Allocation Failure)
[277.987s][info][gc,heap        ] GC(749) PSYoungGen: 290368K(310784K)->64K(310784K) Eden: 290304K(290304K)->0K(293888K) From: 64K(20480K)->64K(16896K)
[277.987s][info][gc,heap        ] GC(749) ParOldGen: 612497K(612864K)->612497K(612864K)
[277.987s][info][gc,metaspace   ] GC(749) Metaspace: 35266K(35968K)->35266K(35968K) NonClass: 26071K(26560K)->26071K(26560K) Class: 9194K(9408K)->9194K(9408K)
[277.987s][info][gc             ] GC(749) Pause Young (Allocation Failure) 881M->598M(902M) 1.670ms
[277.987s][info][gc,cpu         ] GC(749) User=0.00s Sys=0.00s Real=0.01s
[278.041s][info][gc,start       ] GC(750) Pause Young (Allocation Failure)
[278.043s][info][gc,heap        ] GC(750) PSYoungGen: 293952K(310784K)->64K(312320K) Eden: 293888K(293888K)->0K(293888K) From: 64K(16896K)->64K(18432K)
[278.043s][info][gc,heap        ] GC(750) ParOldGen: 612497K(612864K)->612513K(612864K)
[278.043s][info][gc,metaspace   ] GC(750) Metaspace: 35266K(35968K)->35266K(35968K) NonClass: 26071K(26560K)->26071K(26560K) Class: 9194K(9408K)->9194K(9408K)
[278.044s][info][gc             ] GC(750) Pause Young (Allocation Failure) 885M->598M(903M) 2.062ms
[278.044s][info][gc,cpu         ] GC(750) User=0.01s Sys=0.00s Real=0.00s
[278.138s][info][gc,start       ] GC(751) Pause Young (Allocation Failure)
[278.139s][info][gc,heap        ] GC(751) PSYoungGen: 293952K(312320K)->64K(312832K) Eden: 293888K(293888K)->0K(297984K) From: 64K(18432K)->64K(14848K)
[278.139s][info][gc,heap        ] GC(751) ParOldGen: 612513K(612864K)->612513K(612864K)
[278.139s][info][gc,metaspace   ] GC(751) Metaspace: 35266K(35968K)->35266K(35968K) NonClass: 26071K(26560K)->26071K(26560K) Class: 9194K(9408K)->9194K(9408K)
[278.139s][info][gc             ] GC(751) Pause Young (Allocation Failure) 885M->598M(904M) 1.776ms
[278.139s][info][gc,cpu         ] GC(751) User=0.00s Sys=0.00s Real=0.00s
[278.388s][info][gc,start       ] GC(752) Pause Young (Allocation Failure)
[278.389s][info][gc,heap        ] GC(752) PSYoungGen: 298048K(312832K)->64K(314368K) Eden: 297984K(297984K)->0K(297984K) From: 64K(14848K)->64K(16384K)
[278.389s][info][gc,heap        ] GC(752) ParOldGen: 612513K(612864K)->612529K(612864K)
[278.389s][info][gc,metaspace   ] GC(752) Metaspace: 35266K(35968K)->35266K(35968K) NonClass: 26071K(26560K)->26071K(26560K) Class: 9194K(9408K)->9194K(9408K)
[278.389s][info][gc             ] GC(752) Pause Young (Allocation Failure) 889M->598M(905M) 1.767ms
[278.389s][info][gc,cpu         ] GC(752) User=0.00s Sys=0.00s Real=0.00s
[278.573s][info][gc,start       ] GC(753) Pause Young (Allocation Failure)
[278.575s][info][gc,heap        ] GC(753) PSYoungGen: 298048K(314368K)->64K(314880K) Eden: 297984K(297984K)->0K(301568K) From: 64K(16384K)->64K(13312K)
[278.575s][info][gc,heap        ] GC(753) ParOldGen: 612529K(612864K)->612529K(612864K)
[278.575s][info][gc,metaspace   ] GC(753) Metaspace: 35266K(35968K)->35266K(35968K) NonClass: 26071K(26560K)->26071K(26560K) Class: 9194K(9408K)->9194K(9408K)
[278.575s][info][gc             ] GC(753) Pause Young (Allocation Failure) 889M->598M(906M) 1.721ms
[278.575s][info][gc,cpu         ] GC(753) User=0.01s Sys=0.00s Real=0.00s
[278.658s][info][gc,start       ] GC(754) Pause Young (Allocation Failure)
[278.660s][info][gc,heap        ] GC(754) PSYoungGen: 301632K(314880K)->64K(316416K) Eden: 301568K(301568K)->0K(301568K) From: 64K(13312K)->64K(14848K)
[278.660s][info][gc,heap        ] GC(754) ParOldGen: 612529K(612864K)->612545K(612864K)
[278.660s][info][gc,metaspace   ] GC(754) Metaspace: 35267K(35968K)->35267K(35968K) NonClass: 26072K(26560K)->26072K(26560K) Class: 9194K(9408K)->9194K(9408K)
[278.660s][info][gc             ] GC(754) Pause Young (Allocation Failure) 892M->598M(907M) 1.661ms
[278.660s][info][gc,cpu         ] GC(754) User=0.00s Sys=0.00s Real=0.00s
[278.813s][info][gc,start       ] GC(755) Pause Young (Allocation Failure)
[278.815s][info][gc,heap        ] GC(755) PSYoungGen: 301632K(316416K)->64K(317440K) Eden: 301568K(301568K)->0K(305152K) From: 64K(14848K)->64K(12288K)
[278.815s][info][gc,heap        ] GC(755) ParOldGen: 612545K(612864K)->612545K(612864K)
[278.815s][info][gc,metaspace   ] GC(755) Metaspace: 35267K(35968K)->35267K(35968K) NonClass: 26072K(26560K)->26072K(26560K) Class: 9194K(9408K)->9194K(9408K)
[278.815s][info][gc             ] GC(755) Pause Young (Allocation Failure) 892M->598M(908M) 1.641ms
[278.815s][info][gc,cpu         ] GC(755) User=0.01s Sys=0.00s Real=0.00s
[279.755s][info][gc,start       ] GC(756) Pause Young (Allocation Failure)
[279.757s][info][gc,heap        ] GC(756) PSYoungGen: 305216K(317440K)->83K(318464K) Eden: 305152K(305152K)->0K(305152K) From: 64K(12288K)->83K(13312K)
[279.757s][info][gc,heap        ] GC(756) ParOldGen: 612545K(612864K)->612553K(612864K)
[279.757s][info][gc,metaspace   ] GC(756) Metaspace: 35267K(35968K)->35267K(35968K) NonClass: 26072K(26560K)->26072K(26560K) Class: 9194K(9408K)->9194K(9408K)
[279.757s][info][gc             ] GC(756) Pause Young (Allocation Failure) 896M->598M(909M) 1.794ms
[279.757s][info][gc,cpu         ] GC(756) User=0.00s Sys=0.00s Real=0.00s
[280.592s][info][gc,start       ] GC(757) Pause Young (Allocation Failure)
[280.594s][info][gc,heap        ] GC(757) PSYoungGen: 305235K(318464K)->64K(293376K) Eden: 305152K(305152K)->0K(292864K) From: 83K(13312K)->64K(512K)
[280.594s][info][gc,heap        ] GC(757) ParOldGen: 612553K(612864K)->612561K(612864K)
[280.594s][info][gc,metaspace   ] GC(757) Metaspace: 35267K(35968K)->35267K(35968K) NonClass: 26072K(26560K)->26072K(26560K) Class: 9194K(9408K)->9194K(9408K)
[280.594s][info][gc             ] GC(757) Pause Young (Allocation Failure) 896M->598M(885M) 1.929ms
[280.594s][info][gc,cpu         ] GC(757) User=0.01s Sys=0.00s Real=0.00s
[280.992s][info][gc,start       ] GC(758) Pause Young (Allocation Failure)
[280.994s][info][gc,heap        ] GC(758) PSYoungGen: 292928K(293376K)->64K(292352K) Eden: 292864K(292864K)->0K(281088K) From: 64K(512K)->64K(11264K)
[280.994s][info][gc,heap        ] GC(758) ParOldGen: 612561K(612864K)->612577K(612864K)
[280.994s][info][gc,metaspace   ] GC(758) Metaspace: 35267K(35968K)->35267K(35968K) NonClass: 26072K(26560K)->26072K(26560K) Class: 9194K(9408K)->9194K(9408K)
[280.994s][info][gc             ] GC(758) Pause Young (Allocation Failure) 884M->598M(884M) 2.033ms
[280.994s][info][gc,cpu         ] GC(758) User=0.00s Sys=0.00s Real=0.00s
[282.040s][info][gc,start       ] GC(759) Pause Young (Allocation Failure)
[282.043s][info][gc,heap        ] GC(759) PSYoungGen: 281152K(292352K)->64K(270336K) Eden: 281088K(281088K)->0K(269824K) From: 64K(11264K)->64K(512K)
[282.043s][info][gc,heap        ] GC(759) ParOldGen: 612577K(612864K)->612593K(612864K)
[282.043s][info][gc,metaspace   ] GC(759) Metaspace: 35267K(35968K)->35267K(35968K) NonClass: 26072K(26560K)->26072K(26560K) Class: 9194K(9408K)->9194K(9408K)
[282.043s][info][gc             ] GC(759) Pause Young (Allocation Failure) 872M->598M(862M) 2.459ms
[282.043s][info][gc,cpu         ] GC(759) User=0.01s Sys=0.00s Real=0.00s
[282.431s][info][gc,start       ] GC(760) Pause Young (Allocation Failure)
[282.434s][info][gc,heap        ] GC(760) PSYoungGen: 269888K(270336K)->64K(269312K) Eden: 269824K(269824K)->0K(259072K) From: 64K(512K)->64K(10240K)
[282.434s][info][gc,heap        ] GC(760) ParOldGen: 612593K(612864K)->612601K(612864K)
[282.434s][info][gc,metaspace   ] GC(760) Metaspace: 35267K(35968K)->35267K(35968K) NonClass: 26072K(26560K)->26072K(26560K) Class: 9194K(9408K)->9194K(9408K)
[282.434s][info][gc             ] GC(760) Pause Young (Allocation Failure) 861M->598M(861M) 2.478ms
[282.434s][info][gc,cpu         ] GC(760) User=0.01s Sys=0.00s Real=0.00s
[282.610s][info][gc,start       ] GC(761) Pause Young (Allocation Failure)
[282.613s][info][gc,heap        ] GC(761) PSYoungGen: 259136K(269312K)->64K(249344K) Eden: 259072K(259072K)->0K(248832K) From: 64K(10240K)->64K(512K)
[282.613s][info][gc,heap        ] GC(761) ParOldGen: 612601K(612864K)->612609K(612864K)
[282.613s][info][gc,metaspace   ] GC(761) Metaspace: 35267K(35968K)->35267K(35968K) NonClass: 26072K(26560K)->26072K(26560K) Class: 9194K(9408K)->9194K(9408K)
[282.613s][info][gc             ] GC(761) Pause Young (Allocation Failure) 851M->598M(842M) 2.558ms
[282.613s][info][gc,cpu         ] GC(761) User=0.01s Sys=0.00s Real=0.00s
[282.728s][info][gc,start       ] GC(762) Pause Young (Allocation Failure)
[282.730s][info][gc,heap        ] GC(762) PSYoungGen: 248896K(249344K)->64K(247808K) Eden: 248832K(248832K)->0K(239104K) From: 64K(512K)->64K(8704K)
[282.730s][info][gc,heap        ] GC(762) ParOldGen: 612609K(612864K)->612617K(612864K)
[282.730s][info][gc,metaspace   ] GC(762) Metaspace: 35267K(35968K)->35267K(35968K) NonClass: 26072K(26560K)->26072K(26560K) Class: 9194K(9408K)->9194K(9408K)
[282.730s][info][gc             ] GC(762) Pause Young (Allocation Failure) 841M->598M(840M) 1.565ms
[282.730s][info][gc,cpu         ] GC(762) User=0.00s Sys=0.00s Real=0.00s
[283.283s][info][gc,start       ] GC(763) Pause Young (Allocation Failure)
[283.285s][info][gc,heap        ] GC(763) PSYoungGen: 239168K(247808K)->64K(230400K) Eden: 239104K(239104K)->0K(229888K) From: 64K(8704K)->64K(512K)
[283.285s][info][gc,heap        ] GC(763) ParOldGen: 612617K(612864K)->612625K(612864K)
[283.285s][info][gc,metaspace   ] GC(763) Metaspace: 35267K(35968K)->35267K(35968K) NonClass: 26072K(26560K)->26072K(26560K) Class: 9194K(9408K)->9194K(9408K)
[283.285s][info][gc             ] GC(763) Pause Young (Allocation Failure) 831M->598M(823M) 2.324ms
[283.285s][info][gc,cpu         ] GC(763) User=0.01s Sys=0.00s Real=0.00s
[283.520s][info][gc,start       ] GC(764) Pause Young (Allocation Failure)
[283.522s][info][gc,heap        ] GC(764) PSYoungGen: 229952K(230400K)->64K(228864K) Eden: 229888K(229888K)->0K(221184K) From: 64K(512K)->64K(7680K)
[283.522s][info][gc,heap        ] GC(764) ParOldGen: 612625K(612864K)->612633K(612864K)
[283.522s][info][gc,metaspace   ] GC(764) Metaspace: 35267K(35968K)->35267K(35968K) NonClass: 26072K(26560K)->26072K(26560K) Class: 9194K(9408K)->9194K(9408K)
[283.522s][info][gc             ] GC(764) Pause Young (Allocation Failure) 822M->598M(822M) 1.752ms
[283.522s][info][gc,cpu         ] GC(764) User=0.00s Sys=0.01s Real=0.00s
[283.826s][info][gc,start       ] GC(765) Pause Young (Allocation Failure)
[283.860s][info][gc,heap        ] GC(765) PSYoungGen: 221248K(228864K)->7168K(272896K) Eden: 221184K(221184K)->0K(265728K) From: 64K(7680K)->7168K(7168K)
[283.860s][info][gc,heap        ] GC(765) ParOldGen: 612633K(612864K)->624017K(624128K)
[283.860s][info][gc,metaspace   ] GC(765) Metaspace: 35267K(35968K)->35267K(35968K) NonClass: 26072K(26560K)->26072K(26560K) Class: 9194K(9408K)->9194K(9408K)
[283.860s][info][gc             ] GC(765) Pause Young (Allocation Failure) 814M->616M(876M) 34.203ms
[283.860s][info][gc,cpu         ] GC(765) User=0.07s Sys=0.00s Real=0.04s
[284.170s][info][gc,start       ] GC(766) Pause Young (Allocation Failure)
[284.229s][info][gc,heap        ] GC(766) PSYoungGen: 272896K(272896K)->12800K(281600K) Eden: 265728K(265728K)->0K(268800K) From: 7168K(7168K)->12800K(12800K)
[284.229s][info][gc,heap        ] GC(766) ParOldGen: 624017K(624128K)->641425K(641536K)
[284.229s][info][gc,metaspace   ] GC(766) Metaspace: 35267K(35968K)->35267K(35968K) NonClass: 26072K(26560K)->26072K(26560K) Class: 9194K(9408K)->9194K(9408K)
[284.229s][info][gc             ] GC(766) Pause Young (Allocation Failure) 875M->638M(901M) 58.982ms
[284.229s][info][gc,cpu         ] GC(766) User=0.10s Sys=0.01s Real=0.06s
[284.412s][info][gc,start       ] GC(767) Pause Young (Allocation Failure)
[284.445s][info][gc,heap        ] GC(767) PSYoungGen: 281600K(281600K)->14208K(307712K) Eden: 268800K(268800K)->0K(285696K) From: 12800K(12800K)->14208K(22016K)
[284.445s][info][gc,heap        ] GC(767) ParOldGen: 641425K(641536K)->641889K(642048K)
[284.445s][info][gc,metaspace   ] GC(767) Metaspace: 35267K(35968K)->35267K(35968K) NonClass: 26072K(26560K)->26072K(26560K) Class: 9194K(9408K)->9194K(9408K)
[284.445s][info][gc             ] GC(767) Pause Young (Allocation Failure) 901M->640M(927M) 33.059ms
[284.445s][info][gc,cpu         ] GC(767) User=0.06s Sys=0.02s Real=0.03s
[284.775s][info][gc,start       ] GC(768) Pause Young (Allocation Failure)
[284.777s][info][gc,heap        ] GC(768) PSYoungGen: 299904K(307712K)->64K(309760K) Eden: 285696K(285696K)->0K(285696K) From: 14208K(22016K)->64K(24064K)
[284.777s][info][gc,heap        ] GC(768) ParOldGen: 641889K(642048K)->641897K(642048K)
[284.777s][info][gc,metaspace   ] GC(768) Metaspace: 35267K(35968K)->35267K(35968K) NonClass: 26072K(26560K)->26072K(26560K) Class: 9194K(9408K)->9194K(9408K)
[284.777s][info][gc             ] GC(768) Pause Young (Allocation Failure) 919M->626M(929M) 1.976ms
[284.777s][info][gc,cpu         ] GC(768) User=0.01s Sys=0.00s Real=0.01s
[285.371s][info][gc,start       ] GC(769) Pause Young (Allocation Failure)
[285.373s][info][gc,heap        ] GC(769) PSYoungGen: 285760K(309760K)->64K(307712K) Eden: 285696K(285696K)->0K(286720K) From: 64K(24064K)->64K(20992K)
[285.373s][info][gc,heap        ] GC(769) ParOldGen: 641897K(642048K)->641905K(642048K)
[285.373s][info][gc,metaspace   ] GC(769) Metaspace: 35267K(35968K)->35267K(35968K) NonClass: 26072K(26560K)->26072K(26560K) Class: 9194K(9408K)->9194K(9408K)
[285.373s][info][gc             ] GC(769) Pause Young (Allocation Failure) 905M->626M(927M) 1.950ms
[285.373s][info][gc,cpu         ] GC(769) User=0.00s Sys=0.00s Real=0.00s
[285.831s][info][gc,start       ] GC(770) Pause Young (Allocation Failure)
[285.833s][info][gc,heap        ] GC(770) PSYoungGen: 286784K(307712K)->64K(309248K) Eden: 286720K(286720K)->0K(286720K) From: 64K(20992K)->64K(22528K)
[285.833s][info][gc,heap        ] GC(770) ParOldGen: 641905K(642048K)->641921K(642048K)
[285.833s][info][gc,metaspace   ] GC(770) Metaspace: 35267K(35968K)->35267K(35968K) NonClass: 26072K(26560K)->26072K(26560K) Class: 9194K(9408K)->9194K(9408K)
[285.833s][info][gc             ] GC(770) Pause Young (Allocation Failure) 906M->626M(929M) 1.976ms
[285.833s][info][gc,cpu         ] GC(770) User=0.00s Sys=0.00s Real=0.00s
[286.069s][info][gc,start       ] GC(771) Pause Young (Allocation Failure)
[286.071s][info][gc,heap        ] GC(771) PSYoungGen: 286784K(309248K)->64K(308736K) Eden: 286720K(286720K)->0K(289792K) From: 64K(22528K)->64K(18944K)
[286.071s][info][gc,heap        ] GC(771) ParOldGen: 641921K(642048K)->641937K(642048K)
[286.071s][info][gc,metaspace   ] GC(771) Metaspace: 35267K(35968K)->35267K(35968K) NonClass: 26072K(26560K)->26072K(26560K) Class: 9194K(9408K)->9194K(9408K)
[286.071s][info][gc             ] GC(771) Pause Young (Allocation Failure) 906M->626M(928M) 1.917ms
[286.071s][info][gc,cpu         ] GC(771) User=0.01s Sys=0.00s Real=0.00s
[286.308s][info][gc,start       ] GC(772) Pause Young (Allocation Failure)
[286.310s][info][gc,heap        ] GC(772) PSYoungGen: 289856K(308736K)->64K(310272K) Eden: 289792K(289792K)->0K(289792K) From: 64K(18944K)->64K(20480K)
[286.310s][info][gc,heap        ] GC(772) ParOldGen: 641937K(642048K)->641937K(642048K)
[286.310s][info][gc,metaspace   ] GC(772) Metaspace: 35267K(35968K)->35267K(35968K) NonClass: 26072K(26560K)->26072K(26560K) Class: 9194K(9408K)->9194K(9408K)
[286.310s][info][gc             ] GC(772) Pause Young (Allocation Failure) 909M->626M(930M) 1.777ms
[286.310s][info][gc,cpu         ] GC(772) User=0.01s Sys=0.00s Real=0.00s
[286.613s][info][gc,start       ] GC(773) Pause Young (Allocation Failure)
[286.615s][info][gc,heap        ] GC(773) PSYoungGen: 289856K(310272K)->64K(311808K) Eden: 289792K(289792K)->0K(293888K) From: 64K(20480K)->64K(17920K)
[286.615s][info][gc,heap        ] GC(773) ParOldGen: 641937K(642048K)->641937K(642048K)
[286.615s][info][gc,metaspace   ] GC(773) Metaspace: 35267K(35968K)->35267K(35968K) NonClass: 26072K(26560K)->26072K(26560K) Class: 9194K(9408K)->9194K(9408K)
[286.615s][info][gc             ] GC(773) Pause Young (Allocation Failure) 909M->626M(931M) 1.752ms
[286.615s][info][gc,cpu         ] GC(773) User=0.00s Sys=0.00s Real=0.00s
[286.664s][info][gc,start       ] GC(774) Pause Young (Allocation Failure)
[286.666s][info][gc,heap        ] GC(774) PSYoungGen: 293952K(311808K)->64K(312832K) Eden: 293888K(293888K)->0K(293888K) From: 64K(17920K)->64K(18944K)
[286.666s][info][gc,heap        ] GC(774) ParOldGen: 641937K(642048K)->641953K(642048K)
[286.666s][info][gc,metaspace   ] GC(774) Metaspace: 35267K(35968K)->35267K(35968K) NonClass: 26072K(26560K)->26072K(26560K) Class: 9194K(9408K)->9194K(9408K)
[286.666s][info][gc             ] GC(774) Pause Young (Allocation Failure) 913M->626M(932M) 1.693ms
[286.666s][info][gc,cpu         ] GC(774) User=0.00s Sys=0.00s Real=0.00s
[286.745s][info][gc,start       ] GC(775) Pause Young (Allocation Failure)
[286.747s][info][gc,heap        ] GC(775) PSYoungGen: 293952K(312832K)->64K(312832K) Eden: 293888K(293888K)->0K(296960K) From: 64K(18944K)->64K(15872K)
[286.747s][info][gc,heap        ] GC(775) ParOldGen: 641953K(642048K)->641953K(642048K)
[286.747s][info][gc,metaspace   ] GC(775) Metaspace: 35267K(35968K)->35267K(35968K) NonClass: 26072K(26560K)->26072K(26560K) Class: 9194K(9408K)->9194K(9408K)
[286.747s][info][gc             ] GC(775) Pause Young (Allocation Failure) 913M->626M(932M) 1.637ms
[286.747s][info][gc,cpu         ] GC(775) User=0.00s Sys=0.00s Real=0.01s
[286.992s][info][gc,start       ] GC(776) Pause Young (Allocation Failure)
[286.994s][info][gc,heap        ] GC(776) PSYoungGen: 297024K(312832K)->64K(313856K) Eden: 296960K(296960K)->0K(296960K) From: 64K(15872K)->64K(16896K)
[286.994s][info][gc,heap        ] GC(776) ParOldGen: 641953K(642048K)->641969K(642048K)
[286.994s][info][gc,metaspace   ] GC(776) Metaspace: 35267K(35968K)->35267K(35968K) NonClass: 26072K(26560K)->26072K(26560K) Class: 9194K(9408K)->9194K(9408K)
[286.994s][info][gc             ] GC(776) Pause Young (Allocation Failure) 916M->626M(933M) 1.769ms
[286.994s][info][gc,cpu         ] GC(776) User=0.00s Sys=0.00s Real=0.00s
[287.191s][info][gc,start       ] GC(777) Pause Young (Allocation Failure)
[287.193s][info][gc,heap        ] GC(777) PSYoungGen: 297024K(313856K)->64K(314880K) Eden: 296960K(296960K)->0K(301056K) From: 64K(16896K)->64K(13824K)
[287.193s][info][gc,heap        ] GC(777) ParOldGen: 641969K(642048K)->641969K(642048K)
[287.193s][info][gc,metaspace   ] GC(777) Metaspace: 35267K(35968K)->35267K(35968K) NonClass: 26072K(26560K)->26072K(26560K) Class: 9194K(9408K)->9194K(9408K)
[287.193s][info][gc             ] GC(777) Pause Young (Allocation Failure) 916M->626M(934M) 1.791ms
[287.193s][info][gc,cpu         ] GC(777) User=0.01s Sys=0.00s Real=0.00s
[287.277s][info][gc,start       ] GC(778) Pause Young (Allocation Failure)
[287.278s][info][gc,heap        ] GC(778) PSYoungGen: 301120K(314880K)->64K(315904K) Eden: 301056K(301056K)->0K(301056K) From: 64K(13824K)->64K(14848K)
[287.278s][info][gc,heap        ] GC(778) ParOldGen: 641969K(642048K)->641985K(642048K)
[287.278s][info][gc,metaspace   ] GC(778) Metaspace: 35267K(35968K)->35267K(35968K) NonClass: 26072K(26560K)->26072K(26560K) Class: 9194K(9408K)->9194K(9408K)
[287.278s][info][gc             ] GC(778) Pause Young (Allocation Failure) 920M->627M(935M) 1.815ms
[287.278s][info][gc,cpu         ] GC(778) User=0.00s Sys=0.00s Real=0.01s
[287.422s][info][gc,start       ] GC(779) Pause Young (Allocation Failure)
[287.424s][info][gc,heap        ] GC(779) PSYoungGen: 301120K(315904K)->64K(317952K) Eden: 301056K(301056K)->0K(305152K) From: 64K(14848K)->64K(12800K)
[287.424s][info][gc,heap        ] GC(779) ParOldGen: 641985K(642048K)->641985K(642048K)
[287.424s][info][gc,metaspace   ] GC(779) Metaspace: 35267K(35968K)->35267K(35968K) NonClass: 26072K(26560K)->26072K(26560K) Class: 9194K(9408K)->9194K(9408K)
[287.424s][info][gc             ] GC(779) Pause Young (Allocation Failure) 921M->627M(937M) 1.695ms
[287.424s][info][gc,cpu         ] GC(779) User=0.00s Sys=0.00s Real=0.00s
[288.347s][info][gc,start       ] GC(780) Pause Young (Allocation Failure)
[288.349s][info][gc,heap        ] GC(780) PSYoungGen: 305216K(317952K)->64K(318464K) Eden: 305152K(305152K)->0K(305152K) From: 64K(12800K)->64K(13312K)
[288.349s][info][gc,heap        ] GC(780) ParOldGen: 641985K(642048K)->641993K(642048K)
[288.349s][info][gc,metaspace   ] GC(780) Metaspace: 35267K(35968K)->35267K(35968K) NonClass: 26072K(26560K)->26072K(26560K) Class: 9194K(9408K)->9194K(9408K)
[288.349s][info][gc             ] GC(780) Pause Young (Allocation Failure) 925M->627M(938M) 1.918ms
[288.349s][info][gc,cpu         ] GC(780) User=0.01s Sys=0.00s Real=0.00s
[289.166s][info][gc,start       ] GC(781) Pause Young (Allocation Failure)
[289.168s][info][gc,heap        ] GC(781) PSYoungGen: 305216K(318464K)->64K(293376K) Eden: 305152K(305152K)->0K(292864K) From: 64K(13312K)->64K(512K)
[289.168s][info][gc,heap        ] GC(781) ParOldGen: 641993K(642048K)->642001K(642048K)
[289.168s][info][gc,metaspace   ] GC(781) Metaspace: 35267K(35968K)->35267K(35968K) NonClass: 26072K(26560K)->26072K(26560K) Class: 9194K(9408K)->9194K(9408K)
[289.168s][info][gc             ] GC(781) Pause Young (Allocation Failure) 925M->627M(913M) 2.219ms
[289.168s][info][gc,cpu         ] GC(781) User=0.00s Sys=0.00s Real=0.01s
[289.529s][info][gc,start       ] GC(782) Pause Young (Allocation Failure)
[289.531s][info][gc,heap        ] GC(782) PSYoungGen: 292928K(293376K)->64K(292864K) Eden: 292864K(292864K)->0K(281088K) From: 64K(512K)->64K(11776K)
[289.531s][info][gc,heap        ] GC(782) ParOldGen: 642001K(642048K)->642009K(642048K)
[289.531s][info][gc,metaspace   ] GC(782) Metaspace: 35267K(35968K)->35267K(35968K) NonClass: 26072K(26560K)->26072K(26560K) Class: 9194K(9408K)->9194K(9408K)
[289.531s][info][gc             ] GC(782) Pause Young (Allocation Failure) 913M->627M(913M) 1.847ms
[289.531s][info][gc,cpu         ] GC(782) User=0.01s Sys=0.00s Real=0.00s
[290.603s][info][gc,start       ] GC(783) Pause Young (Allocation Failure)
[290.606s][info][gc,heap        ] GC(783) PSYoungGen: 281152K(292864K)->64K(270336K) Eden: 281088K(281088K)->0K(269824K) From: 64K(11776K)->64K(512K)
[290.606s][info][gc,heap        ] GC(783) ParOldGen: 642009K(642048K)->642017K(642048K)
[290.606s][info][gc,metaspace   ] GC(783) Metaspace: 35267K(35968K)->35267K(35968K) NonClass: 26072K(26560K)->26072K(26560K) Class: 9194K(9408K)->9194K(9408K)
[290.606s][info][gc             ] GC(783) Pause Young (Allocation Failure) 901M->627M(891M) 2.915ms
[290.606s][info][gc,cpu         ] GC(783) User=0.01s Sys=0.00s Real=0.00s
[290.997s][info][gc,start       ] GC(784) Pause Young (Allocation Failure)
[291.000s][info][gc,heap        ] GC(784) PSYoungGen: 269888K(270336K)->64K(269312K) Eden: 269824K(269824K)->0K(259072K) From: 64K(512K)->64K(10240K)
[291.000s][info][gc,heap        ] GC(784) ParOldGen: 642017K(642048K)->642025K(642048K)
[291.000s][info][gc,metaspace   ] GC(784) Metaspace: 35267K(35968K)->35267K(35968K) NonClass: 26072K(26560K)->26072K(26560K) Class: 9194K(9408K)->9194K(9408K)
[291.000s][info][gc             ] GC(784) Pause Young (Allocation Failure) 890M->627M(890M) 2.208ms
[291.000s][info][gc,cpu         ] GC(784) User=0.00s Sys=0.00s Real=0.00s
[291.188s][info][gc,start       ] GC(785) Pause Young (Allocation Failure)
[291.191s][info][gc,heap        ] GC(785) PSYoungGen: 259136K(269312K)->32K(249344K) Eden: 259072K(259072K)->0K(248832K) From: 64K(10240K)->32K(512K)
[291.191s][info][gc,heap        ] GC(785) ParOldGen: 642025K(642048K)->642033K(642048K)
[291.191s][info][gc,metaspace   ] GC(785) Metaspace: 35267K(35968K)->35267K(35968K) NonClass: 26072K(26560K)->26072K(26560K) Class: 9194K(9408K)->9194K(9408K)
[291.191s][info][gc             ] GC(785) Pause Young (Allocation Failure) 880M->627M(870M) 3.399ms
[291.191s][info][gc,cpu         ] GC(785) User=0.00s Sys=0.00s Real=0.00s
[291.280s][info][gc,start       ] GC(786) Pause Young (Allocation Failure)
[291.282s][info][gc,heap        ] GC(786) PSYoungGen: 248864K(249344K)->64K(292864K) Eden: 248832K(248832K)->0K(284160K) From: 32K(512K)->64K(8704K)
[291.282s][info][gc,heap        ] GC(786) ParOldGen: 642033K(642048K)->642041K(642048K)
[291.282s][info][gc,metaspace   ] GC(786) Metaspace: 35267K(35968K)->35267K(35968K) NonClass: 26072K(26560K)->26072K(26560K) Class: 9194K(9408K)->9194K(9408K)
[291.282s][info][gc             ] GC(786) Pause Young (Allocation Failure) 870M->627M(913M) 1.818ms
[291.282s][info][gc,cpu         ] GC(786) User=0.00s Sys=0.00s Real=0.00s
[291.873s][info][gc,start       ] GC(787) Pause Young (Allocation Failure)
[291.875s][info][gc,heap        ] GC(787) PSYoungGen: 284224K(292864K)->64K(273408K) Eden: 284160K(284160K)->0K(272896K) From: 64K(8704K)->64K(512K)
[291.875s][info][gc,heap        ] GC(787) ParOldGen: 642041K(642048K)->642049K(642560K)
[291.875s][info][gc,metaspace   ] GC(787) Metaspace: 35267K(35968K)->35267K(35968K) NonClass: 26072K(26560K)->26072K(26560K) Class: 9194K(9408K)->9194K(9408K)
[291.875s][info][gc             ] GC(787) Pause Young (Allocation Failure) 904M->627M(894M) 1.903ms
[291.875s][info][gc,cpu         ] GC(787) User=0.00s Sys=0.00s Real=0.00s
[292.231s][info][gc,start       ] GC(788) Pause Young (Allocation Failure)
[292.234s][info][gc,heap        ] GC(788) PSYoungGen: 272960K(273408K)->800K(269824K) Eden: 272896K(272896K)->0K(262144K) From: 64K(512K)->800K(7680K)
[292.234s][info][gc,heap        ] GC(788) ParOldGen: 642049K(642560K)->642065K(642560K)
[292.234s][info][gc,metaspace   ] GC(788) Metaspace: 35281K(36032K)->35281K(36032K) NonClass: 26086K(26624K)->26086K(26624K) Class: 9194K(9408K)->9194K(9408K)
[292.234s][info][gc             ] GC(788) Pause Young (Allocation Failure) 893M->627M(891M) 3.064ms
[292.234s][info][gc,cpu         ] GC(788) User=0.00s Sys=0.00s Real=0.00s
[292.545s][info][gc,start       ] GC(789) Pause Young (Allocation Failure)
[292.605s][info][gc,heap        ] GC(789) PSYoungGen: 262944K(269824K)->7168K(290816K) Eden: 262144K(262144K)->0K(283648K) From: 800K(7680K)->7168K(7168K)
[292.605s][info][gc,heap        ] GC(789) ParOldGen: 642065K(642560K)->664401K(664576K)
[292.605s][info][gc,metaspace   ] GC(789) Metaspace: 35281K(36032K)->35281K(36032K) NonClass: 26086K(26624K)->26086K(26624K) Class: 9194K(9408K)->9194K(9408K)
[292.605s][info][gc             ] GC(789) Pause Young (Allocation Failure) 883M->655M(933M) 60.112ms
[292.605s][info][gc,cpu         ] GC(789) User=0.11s Sys=0.02s Real=0.06s
[292.938s][info][gc,start       ] GC(790) Pause Full (Allocation Failure)
[292.938s][info][gc,phases,start] GC(790) Marking Phase
[293.038s][info][gc,phases      ] GC(790) Marking Phase 99.573ms
[293.038s][info][gc,phases,start] GC(790) Summary Phase
[293.038s][info][gc,phases      ] GC(790) Summary Phase 0.032ms
[293.038s][info][gc,phases,start] GC(790) Forward
[293.068s][info][gc,phases      ] GC(790) Forward 29.470ms
[293.068s][info][gc,phases,start] GC(790) Adjust Pointers
[293.118s][info][gc,phases      ] GC(790) Adjust Pointers 50.675ms
[293.118s][info][gc,phases,start] GC(790) Compaction Phase
[293.149s][info][gc,phases      ] GC(790) Compaction Phase 30.156ms
[293.149s][info][gc,phases,start] GC(790) Post Compact
[293.156s][info][gc,phases      ] GC(790) Post Compact 7.745ms
[293.193s][info][gc,heap        ] GC(790) PSYoungGen: 290816K(290816K)->0K(300544K) Eden: 283648K(283648K)->0K(283648K) From: 7168K(7168K)->0K(16896K)
[293.193s][info][gc,heap        ] GC(790) ParOldGen: 664401K(664576K)->88335K(175104K)
[293.193s][info][gc,metaspace   ] GC(790) Metaspace: 35281K(36032K)->35281K(36032K) NonClass: 26086K(26624K)->26086K(26624K) Class: 9194K(9408K)->9194K(9408K)
[293.193s][info][gc             ] GC(790) Pause Full (Allocation Failure) 932M->86M(464M) 254.625ms
[293.193s][info][gc,cpu         ] GC(790) User=0.37s Sys=0.05s Real=0.25s
[293.281s][info][gc,start       ] GC(791) Pause Young (Allocation Failure)
[293.291s][info][gc,heap        ] GC(791) PSYoungGen: 283648K(300544K)->512K(315904K) Eden: 283648K(283648K)->0K(300032K) From: 0K(16896K)->512K(15872K)
[293.291s][info][gc,heap        ] GC(791) ParOldGen: 88335K(175104K)->88335K(175104K)
[293.291s][info][gc,metaspace   ] GC(791) Metaspace: 35282K(36032K)->35282K(36032K) NonClass: 26087K(26624K)->26087K(26624K) Class: 9194K(9408K)->9194K(9408K)
[293.291s][info][gc             ] GC(791) Pause Young (Allocation Failure) 363M->86M(479M) 9.698ms
[293.291s][info][gc,cpu         ] GC(791) User=0.02s Sys=0.00s Real=0.01s
[293.933s][info][gc,start       ] GC(792) Pause Young (Allocation Failure)
[293.933s][info][gc,heap        ] GC(792) PSYoungGen: 300544K(315904K)->64K(316416K) Eden: 300032K(300032K)->0K(300032K) From: 512K(15872K)->64K(16384K)
[293.933s][info][gc,heap        ] GC(792) ParOldGen: 88335K(175104K)->88343K(175104K)
[293.933s][info][gc,metaspace   ] GC(792) Metaspace: 35282K(36032K)->35282K(36032K) NonClass: 26087K(26624K)->26087K(26624K) Class: 9194K(9408K)->9194K(9408K)
[293.933s][info][gc             ] GC(792) Pause Young (Allocation Failure) 379M->86M(480M) 0.627ms
[293.933s][info][gc,cpu         ] GC(792) User=0.00s Sys=0.00s Real=0.00s
[294.317s][info][gc,start       ] GC(793) Pause Young (Allocation Failure)
[294.318s][info][gc,heap        ] GC(793) PSYoungGen: 300096K(316416K)->64K(316928K) Eden: 300032K(300032K)->0K(302080K) From: 64K(16384K)->64K(14848K)
[294.318s][info][gc,heap        ] GC(793) ParOldGen: 88343K(175104K)->88351K(175104K)
[294.318s][info][gc,metaspace   ] GC(793) Metaspace: 35282K(36032K)->35282K(36032K) NonClass: 26087K(26624K)->26087K(26624K) Class: 9194K(9408K)->9194K(9408K)
[294.318s][info][gc             ] GC(793) Pause Young (Allocation Failure) 379M->86M(480M) 0.619ms
[294.318s][info][gc,cpu         ] GC(793) User=0.00s Sys=0.00s Real=0.00s
[294.763s][info][gc,start       ] GC(794) Pause Young (Allocation Failure)
[294.763s][info][gc,heap        ] GC(794) PSYoungGen: 302144K(316928K)->64K(316928K) Eden: 302080K(302080K)->0K(302080K) From: 64K(14848K)->64K(14848K)
[294.763s][info][gc,heap        ] GC(794) ParOldGen: 88351K(175104K)->88367K(175104K)
[294.763s][info][gc,metaspace   ] GC(794) Metaspace: 35282K(36032K)->35282K(36032K) NonClass: 26087K(26624K)->26087K(26624K) Class: 9194K(9408K)->9194K(9408K)
[294.763s][info][gc             ] GC(794) Pause Young (Allocation Failure) 381M->86M(480M) 0.571ms
[294.763s][info][gc,cpu         ] GC(794) User=0.00s Sys=0.00s Real=0.00s
[295.013s][info][gc,start       ] GC(795) Pause Young (Allocation Failure)
[295.013s][info][gc,heap        ] GC(795) PSYoungGen: 302144K(316928K)->64K(317440K) Eden: 302080K(302080K)->0K(304640K) From: 64K(14848K)->64K(12800K)
[295.013s][info][gc,heap        ] GC(795) ParOldGen: 88367K(175104K)->88383K(175104K)
[295.013s][info][gc,metaspace   ] GC(795) Metaspace: 35282K(36032K)->35282K(36032K) NonClass: 26087K(26624K)->26087K(26624K) Class: 9194K(9408K)->9194K(9408K)
[295.013s][info][gc             ] GC(795) Pause Young (Allocation Failure) 381M->86M(481M) 0.650ms
[295.013s][info][gc,cpu         ] GC(795) User=0.00s Sys=0.00s Real=0.00s
[295.379s][info][gc,start       ] GC(796) Pause Young (Allocation Failure)
[295.380s][info][gc,heap        ] GC(796) PSYoungGen: 304704K(317440K)->64K(317952K) Eden: 304640K(304640K)->0K(304640K) From: 64K(12800K)->64K(13312K)
[295.380s][info][gc,heap        ] GC(796) ParOldGen: 88383K(175104K)->88383K(175104K)
[295.380s][info][gc,metaspace   ] GC(796) Metaspace: 35282K(36032K)->35282K(36032K) NonClass: 26087K(26624K)->26087K(26624K) Class: 9194K(9408K)->9194K(9408K)
[295.380s][info][gc             ] GC(796) Pause Young (Allocation Failure) 383M->86M(481M) 0.616ms
[295.380s][info][gc,cpu         ] GC(796) User=0.00s Sys=0.00s Real=0.00s
[295.431s][info][gc,start       ] GC(797) Pause Young (Allocation Failure)
[295.432s][info][gc,heap        ] GC(797) PSYoungGen: 304704K(317952K)->64K(318464K) Eden: 304640K(304640K)->0K(307712K) From: 64K(13312K)->64K(10752K)
[295.432s][info][gc,heap        ] GC(797) ParOldGen: 88383K(175104K)->88399K(175104K)
[295.432s][info][gc,metaspace   ] GC(797) Metaspace: 35282K(36032K)->35282K(36032K) NonClass: 26087K(26624K)->26087K(26624K) Class: 9194K(9408K)->9194K(9408K)
[295.432s][info][gc             ] GC(797) Pause Young (Allocation Failure) 383M->86M(482M) 0.617ms
[295.432s][info][gc,cpu         ] GC(797) User=0.00s Sys=0.00s Real=0.00s
[295.484s][info][gc,start       ] GC(798) Pause Young (Allocation Failure)
[295.485s][info][gc,heap        ] GC(798) PSYoungGen: 307776K(318464K)->64K(319488K) Eden: 307712K(307712K)->0K(307712K) From: 64K(10752K)->64K(11776K)
[295.485s][info][gc,heap        ] GC(798) ParOldGen: 88399K(175104K)->88399K(175104K)
[295.485s][info][gc,metaspace   ] GC(798) Metaspace: 35282K(36032K)->35282K(36032K) NonClass: 26087K(26624K)->26087K(26624K) Class: 9194K(9408K)->9194K(9408K)
[295.485s][info][gc             ] GC(798) Pause Young (Allocation Failure) 386M->86M(483M) 0.543ms
[295.485s][info][gc,cpu         ] GC(798) User=0.00s Sys=0.00s Real=0.00s
[295.731s][info][gc,start       ] GC(799) Pause Young (Allocation Failure)
[295.731s][info][gc,heap        ] GC(799) PSYoungGen: 307776K(319488K)->64K(295936K) Eden: 307712K(307712K)->0K(295424K) From: 64K(11776K)->64K(512K)
[295.731s][info][gc,heap        ] GC(799) ParOldGen: 88399K(175104K)->88399K(175104K)
[295.731s][info][gc,metaspace   ] GC(799) Metaspace: 35282K(36032K)->35282K(36032K) NonClass: 26087K(26624K)->26087K(26624K) Class: 9194K(9408K)->9194K(9408K)
[295.731s][info][gc             ] GC(799) Pause Young (Allocation Failure) 386M->86M(460M) 0.606ms
[295.731s][info][gc,cpu         ] GC(799) User=0.00s Sys=0.00s Real=0.00s
[295.950s][info][gc,start       ] GC(800) Pause Young (Allocation Failure)
[295.951s][info][gc,heap        ] GC(800) PSYoungGen: 295488K(295936K)->64K(294400K) Eden: 295424K(295424K)->0K(283648K) From: 64K(512K)->64K(10752K)
[295.951s][info][gc,heap        ] GC(800) ParOldGen: 88399K(175104K)->88407K(175104K)
[295.951s][info][gc,metaspace   ] GC(800) Metaspace: 35282K(36032K)->35282K(36032K) NonClass: 26087K(26624K)->26087K(26624K) Class: 9194K(9408K)->9194K(9408K)
[295.951s][info][gc             ] GC(800) Pause Young (Allocation Failure) 374M->86M(458M) 0.574ms
[295.951s][info][gc,cpu         ] GC(800) User=0.00s Sys=0.00s Real=0.00s
[296.028s][info][gc,start       ] GC(801) Pause Young (Allocation Failure)
[296.029s][info][gc,heap        ] GC(801) PSYoungGen: 283712K(294400K)->64K(272896K) Eden: 283648K(283648K)->0K(272384K) From: 64K(10752K)->64K(512K)
[296.029s][info][gc,heap        ] GC(801) ParOldGen: 88407K(175104K)->88415K(175104K)
[296.029s][info][gc,metaspace   ] GC(801) Metaspace: 35282K(36032K)->35282K(36032K) NonClass: 26087K(26624K)->26087K(26624K) Class: 9194K(9408K)->9194K(9408K)
[296.029s][info][gc             ] GC(801) Pause Young (Allocation Failure) 363M->86M(437M) 0.626ms
[296.029s][info][gc,cpu         ] GC(801) User=0.00s Sys=0.00s Real=0.00s
[296.139s][info][gc,start       ] GC(802) Pause Young (Allocation Failure)
[296.139s][info][gc,heap        ] GC(802) PSYoungGen: 272448K(272896K)->64K(270848K) Eden: 272384K(272384K)->0K(261632K) From: 64K(512K)->64K(9216K)
[296.139s][info][gc,heap        ] GC(802) ParOldGen: 88415K(175104K)->88423K(175104K)
[296.139s][info][gc,metaspace   ] GC(802) Metaspace: 35282K(36032K)->35282K(36032K) NonClass: 26087K(26624K)->26087K(26624K) Class: 9194K(9408K)->9194K(9408K)
[296.139s][info][gc             ] GC(802) Pause Young (Allocation Failure) 352M->86M(435M) 0.506ms
[296.139s][info][gc,cpu         ] GC(802) User=0.00s Sys=0.00s Real=0.00s
[296.462s][info][gc,start       ] GC(803) Pause Young (Allocation Failure)
[296.463s][info][gc,heap        ] GC(803) PSYoungGen: 261696K(270848K)->64K(251904K) Eden: 261632K(261632K)->0K(251392K) From: 64K(9216K)->64K(512K)
[296.463s][info][gc,heap        ] GC(803) ParOldGen: 88423K(175104K)->88431K(175104K)
[296.463s][info][gc,metaspace   ] GC(803) Metaspace: 35282K(36032K)->35282K(36032K) NonClass: 26087K(26624K)->26087K(26624K) Class: 9194K(9408K)->9194K(9408K)
[296.463s][info][gc             ] GC(803) Pause Young (Allocation Failure) 341M->86M(417M) 0.711ms
[296.463s][info][gc,cpu         ] GC(803) User=0.00s Sys=0.00s Real=0.00s
[297.134s][info][gc,start       ] GC(804) Pause Young (Allocation Failure)
[297.134s][info][gc,heap        ] GC(804) PSYoungGen: 251456K(251904K)->64K(249856K) Eden: 251392K(251392K)->0K(241664K) From: 64K(512K)->64K(8192K)
[297.135s][info][gc,heap        ] GC(804) ParOldGen: 88431K(175104K)->88439K(175104K)
[297.135s][info][gc,metaspace   ] GC(804) Metaspace: 35282K(36032K)->35282K(36032K) NonClass: 26087K(26624K)->26087K(26624K) Class: 9194K(9408K)->9194K(9408K)
[297.135s][info][gc             ] GC(804) Pause Young (Allocation Failure) 331M->86M(415M) 0.541ms
[297.135s][info][gc,cpu         ] GC(804) User=0.01s Sys=0.00s Real=0.00s
[297.966s][info][gc,start       ] GC(805) Pause Young (Allocation Failure)
[297.967s][info][gc,heap        ] GC(805) PSYoungGen: 241728K(249856K)->64K(232960K) Eden: 241664K(241664K)->0K(232448K) From: 64K(8192K)->64K(512K)
[297.967s][info][gc,heap        ] GC(805) ParOldGen: 88439K(175104K)->88447K(175104K)
[297.967s][info][gc,metaspace   ] GC(805) Metaspace: 35282K(36032K)->35282K(36032K) NonClass: 26087K(26624K)->26087K(26624K) Class: 9194K(9408K)->9194K(9408K)
[297.967s][info][gc             ] GC(805) Pause Young (Allocation Failure) 322M->86M(398M) 1.128ms
[297.967s][info][gc,cpu         ] GC(805) User=0.00s Sys=0.00s Real=0.01s
[298.281s][info][gc,start       ] GC(806) Pause Young (Allocation Failure)
[298.282s][info][gc,heap        ] GC(806) PSYoungGen: 232512K(232960K)->32K(230912K) Eden: 232448K(232448K)->0K(223744K) From: 64K(512K)->32K(7168K)
[298.282s][info][gc,heap        ] GC(806) ParOldGen: 88447K(175104K)->88455K(175104K)
[298.282s][info][gc,metaspace   ] GC(806) Metaspace: 35282K(36032K)->35282K(36032K) NonClass: 26087K(26624K)->26087K(26624K) Class: 9194K(9408K)->9194K(9408K)
[298.282s][info][gc             ] GC(806) Pause Young (Allocation Failure) 313M->86M(396M) 0.876ms
[298.282s][info][gc,cpu         ] GC(806) User=0.00s Sys=0.00s Real=0.00s
[298.643s][info][gc,start       ] GC(807) Pause Young (Allocation Failure)
[298.644s][info][gc,heap        ] GC(807) PSYoungGen: 223776K(230912K)->32K(216064K) Eden: 223744K(223744K)->0K(215552K) From: 32K(7168K)->32K(512K)
[298.644s][info][gc,heap        ] GC(807) ParOldGen: 88455K(175104K)->88463K(175104K)
[298.644s][info][gc,metaspace   ] GC(807) Metaspace: 35282K(36032K)->35282K(36032K) NonClass: 26087K(26624K)->26087K(26624K) Class: 9194K(9408K)->9194K(9408K)
[298.644s][info][gc             ] GC(807) Pause Young (Allocation Failure) 304M->86M(382M) 1.341ms
[298.644s][info][gc,cpu         ] GC(807) User=0.00s Sys=0.00s Real=0.00s
[299.528s][info][gc,start       ] GC(808) Pause Young (Allocation Failure)
[299.529s][info][gc,heap        ] GC(808) PSYoungGen: 215584K(216064K)->32K(213504K) Eden: 215552K(215552K)->0K(207360K) From: 32K(512K)->32K(6144K)
[299.529s][info][gc,heap        ] GC(808) ParOldGen: 88463K(175104K)->88471K(175104K)
[299.529s][info][gc,metaspace   ] GC(808) Metaspace: 35282K(36032K)->35282K(36032K) NonClass: 26087K(26624K)->26087K(26624K) Class: 9194K(9408K)->9194K(9408K)
[299.529s][info][gc             ] GC(808) Pause Young (Allocation Failure) 296M->86M(379M) 0.902ms
[299.529s][info][gc,cpu         ] GC(808) User=0.00s Sys=0.00s Real=0.00s
[299.825s][info][gc,start       ] GC(809) Pause Young (Allocation Failure)
[299.826s][info][gc,heap        ] GC(809) PSYoungGen: 207392K(213504K)->32K(200192K) Eden: 207360K(207360K)->0K(199680K) From: 32K(6144K)->32K(512K)
[299.826s][info][gc,heap        ] GC(809) ParOldGen: 88471K(175104K)->88479K(175104K)
[299.826s][info][gc,metaspace   ] GC(809) Metaspace: 35282K(36032K)->35282K(36032K) NonClass: 26087K(26624K)->26087K(26624K) Class: 9194K(9408K)->9194K(9408K)
[299.826s][info][gc             ] GC(809) Pause Young (Allocation Failure) 288M->86M(366M) 1.312ms
[299.826s][info][gc,cpu         ] GC(809) User=0.01s Sys=0.00s Real=0.00s
[299.960s][info][gc,start       ] GC(810) Pause Young (Allocation Failure)
[299.961s][info][gc,heap        ] GC(810) PSYoungGen: 199712K(200192K)->32K(198144K) Eden: 199680K(199680K)->0K(192512K) From: 32K(512K)->32K(5632K)
[299.961s][info][gc,heap        ] GC(810) ParOldGen: 88479K(175104K)->88487K(175104K)
[299.961s][info][gc,metaspace   ] GC(810) Metaspace: 35282K(36032K)->35282K(36032K) NonClass: 26087K(26624K)->26087K(26624K) Class: 9194K(9408K)->9194K(9408K)
[299.961s][info][gc             ] GC(810) Pause Young (Allocation Failure) 281M->86M(364M) 0.842ms
[299.961s][info][gc,cpu         ] GC(810) User=0.00s Sys=0.00s Real=0.00s
[300.025s][info][gc,start       ] GC(811) Pause Young (Allocation Failure)
[300.026s][info][gc,heap        ] GC(811) PSYoungGen: 192544K(198144K)->32K(186368K) Eden: 192512K(192512K)->0K(185856K) From: 32K(5632K)->32K(512K)
[300.026s][info][gc,heap        ] GC(811) ParOldGen: 88487K(175104K)->88495K(175104K)
[300.026s][info][gc,metaspace   ] GC(811) Metaspace: 35282K(36032K)->35282K(36032K) NonClass: 26087K(26624K)->26087K(26624K) Class: 9194K(9408K)->9194K(9408K)
[300.026s][info][gc             ] GC(811) Pause Young (Allocation Failure) 274M->86M(353M) 1.174ms
[300.026s][info][gc,cpu         ] GC(811) User=0.00s Sys=0.00s Real=0.00s
[300.427s][info][gc,start       ] GC(812) Pause Young (Allocation Failure)
[300.428s][info][gc,heap        ] GC(812) PSYoungGen: 185888K(186368K)->32K(183808K) Eden: 185856K(185856K)->0K(179200K) From: 32K(512K)->32K(4608K)
[300.428s][info][gc,heap        ] GC(812) ParOldGen: 88495K(175104K)->88503K(175104K)
[300.428s][info][gc,metaspace   ] GC(812) Metaspace: 35282K(36032K)->35282K(36032K) NonClass: 26087K(26624K)->26087K(26624K) Class: 9194K(9408K)->9194K(9408K)
[300.428s][info][gc             ] GC(812) Pause Young (Allocation Failure) 267M->86M(350M) 0.988ms
[300.428s][info][gc,cpu         ] GC(812) User=0.00s Sys=0.00s Real=0.00s
[300.659s][info][gc,start       ] GC(813) Pause Young (Allocation Failure)
[300.660s][info][gc,heap        ] GC(813) PSYoungGen: 179232K(183808K)->32K(173568K) Eden: 179200K(179200K)->0K(173056K) From: 32K(4608K)->32K(512K)
[300.660s][info][gc,heap        ] GC(813) ParOldGen: 88503K(175104K)->88511K(175104K)
[300.660s][info][gc,metaspace   ] GC(813) Metaspace: 35282K(36032K)->35282K(36032K) NonClass: 26087K(26624K)->26087K(26624K) Class: 9194K(9408K)->9194K(9408K)
[300.660s][info][gc             ] GC(813) Pause Young (Allocation Failure) 261M->86M(340M) 1.417ms
[300.660s][info][gc,cpu         ] GC(813) User=0.00s Sys=0.01s Real=0.00s
[300.903s][info][gc,start       ] GC(814) Pause Young (Allocation Failure)
[300.904s][info][gc,heap        ] GC(814) PSYoungGen: 173088K(173568K)->32K(171008K) Eden: 173056K(173056K)->0K(166912K) From: 32K(512K)->32K(4096K)
[300.904s][info][gc,heap        ] GC(814) ParOldGen: 88511K(175104K)->88519K(175104K)
[300.904s][info][gc,metaspace   ] GC(814) Metaspace: 35282K(36032K)->35282K(36032K) NonClass: 26087K(26624K)->26087K(26624K) Class: 9194K(9408K)->9194K(9408K)
[300.904s][info][gc             ] GC(814) Pause Young (Allocation Failure) 255M->86M(338M) 1.105ms
[300.904s][info][gc,cpu         ] GC(814) User=0.00s Sys=0.00s Real=0.00s
[301.139s][info][gc,start       ] GC(815) Pause Young (Allocation Failure)
[301.164s][info][gc,heap        ] GC(815) PSYoungGen: 166944K(171008K)->3584K(203264K) Eden: 166912K(166912K)->0K(199680K) From: 32K(4096K)->3584K(3584K)
[301.164s][info][gc,heap        ] GC(815) ParOldGen: 88519K(175104K)->99319K(175104K)
[301.164s][info][gc,metaspace   ] GC(815) Metaspace: 35282K(36032K)->35282K(36032K) NonClass: 26087K(26624K)->26087K(26624K) Class: 9194K(9408K)->9194K(9408K)
[301.164s][info][gc             ] GC(815) Pause Young (Allocation Failure) 249M->100M(369M) 25.136ms
[301.164s][info][gc,cpu         ] GC(815) User=0.04s Sys=0.00s Real=0.02s
[301.404s][info][gc,start       ] GC(816) Pause Young (Allocation Failure)
[301.443s][info][gc,heap        ] GC(816) PSYoungGen: 203264K(203264K)->8704K(247808K) Eden: 199680K(199680K)->0K(239104K) From: 3584K(3584K)->8704K(8704K)
[301.443s][info][gc,heap        ] GC(816) ParOldGen: 99319K(175104K)->113375K(175104K)
[301.443s][info][gc,metaspace   ] GC(816) Metaspace: 35282K(36032K)->35282K(36032K) NonClass: 26087K(26624K)->26087K(26624K) Class: 9194K(9408K)->9194K(9408K)
[301.443s][info][gc             ] GC(816) Pause Young (Allocation Failure) 295M->119M(413M) 39.174ms
[301.443s][info][gc,cpu         ] GC(816) User=0.08s Sys=0.00s Real=0.04s
[301.723s][info][gc,start       ] GC(817) Pause Young (Allocation Failure)
[301.769s][info][gc,heap        ] GC(817) PSYoungGen: 247808K(247808K)->5632K(252928K) Eden: 239104K(239104K)->0K(247296K) From: 8704K(8704K)->5632K(5632K)
[301.769s][info][gc,heap        ] GC(817) ParOldGen: 113375K(175104K)->133935K(175104K)
[301.769s][info][gc,metaspace   ] GC(817) Metaspace: 35282K(36032K)->35282K(36032K) NonClass: 26087K(26624K)->26087K(26624K) Class: 9194K(9408K)->9194K(9408K)
[301.769s][info][gc             ] GC(817) Pause Young (Allocation Failure) 352M->136M(418M) 46.042ms
[301.769s][info][gc,cpu         ] GC(817) User=0.09s Sys=0.00s Real=0.05s
[301.842s][info][gc,start       ] GC(818) Pause Young (Allocation Failure)
[301.848s][info][gc,heap        ] GC(818) PSYoungGen: 252928K(252928K)->64K(270336K) Eden: 247296K(247296K)->0K(247296K) From: 5632K(5632K)->64K(23040K)
[301.849s][info][gc,heap        ] GC(818) ParOldGen: 133935K(175104K)->134487K(175104K)
[301.849s][info][gc,metaspace   ] GC(818) Metaspace: 35282K(36032K)->35282K(36032K) NonClass: 26087K(26624K)->26087K(26624K) Class: 9194K(9408K)->9194K(9408K)
[301.849s][info][gc             ] GC(818) Pause Young (Allocation Failure) 377M->131M(435M) 6.868ms
[301.849s][info][gc,cpu         ] GC(818) User=0.01s Sys=0.00s Real=0.01s
[302.347s][info][gc,start       ] GC(819) Pause Young (Allocation Failure)
[302.348s][info][gc,heap        ] GC(819) PSYoungGen: 247360K(270336K)->64K(308736K) Eden: 247296K(247296K)->0K(288768K) From: 64K(23040K)->64K(19968K)
[302.348s][info][gc,heap        ] GC(819) ParOldGen: 134487K(175104K)->134495K(175104K)
[302.348s][info][gc,metaspace   ] GC(819) Metaspace: 35282K(36032K)->35282K(36032K) NonClass: 26087K(26624K)->26087K(26624K) Class: 9194K(9408K)->9194K(9408K)
[302.348s][info][gc             ] GC(819) Pause Young (Allocation Failure) 372M->131M(472M) 0.898ms
[302.348s][info][gc,cpu         ] GC(819) User=0.00s Sys=0.00s Real=0.00s
[302.905s][info][gc,start       ] GC(820) Pause Young (Allocation Failure)
[302.909s][info][gc,heap        ] GC(820) PSYoungGen: 288832K(308736K)->128K(310272K) Eden: 288768K(288768K)->0K(288768K) From: 64K(19968K)->128K(21504K)
[302.909s][info][gc,heap        ] GC(820) ParOldGen: 134495K(175104K)->134503K(175104K)
[302.909s][info][gc,metaspace   ] GC(820) Metaspace: 35363K(36096K)->35363K(36096K) NonClass: 26167K(26688K)->26167K(26688K) Class: 9195K(9408K)->9195K(9408K)
[302.909s][info][gc             ] GC(820) Pause Young (Allocation Failure) 413M->131M(474M) 3.295ms
[302.909s][info][gc,cpu         ] GC(820) User=0.01s Sys=0.00s Real=0.01s
[303.363s][info][gc,start       ] GC(821) Pause Young (Allocation Failure)
[303.366s][info][gc,heap        ] GC(821) PSYoungGen: 288896K(310272K)->64K(310784K) Eden: 288768K(288768K)->0K(291840K) From: 128K(21504K)->64K(18944K)
[303.366s][info][gc,heap        ] GC(821) ParOldGen: 134503K(175104K)->134591K(175104K)
[303.366s][info][gc,metaspace   ] GC(821) Metaspace: 35363K(36096K)->35363K(36096K) NonClass: 26167K(26688K)->26167K(26688K) Class: 9195K(9408K)->9195K(9408K)
[303.366s][info][gc             ] GC(821) Pause Young (Allocation Failure) 413M->131M(474M) 2.574ms
[303.366s][info][gc,cpu         ] GC(821) User=0.00s Sys=0.00s Real=0.00s
[303.607s][info][gc,start       ] GC(822) Pause Young (Allocation Failure)
[303.608s][info][gc,heap        ] GC(822) PSYoungGen: 291904K(310784K)->64K(311808K) Eden: 291840K(291840K)->0K(291840K) From: 64K(18944K)->64K(19968K)
[303.608s][info][gc,heap        ] GC(822) ParOldGen: 134591K(175104K)->134607K(175104K)
[303.608s][info][gc,metaspace   ] GC(822) Metaspace: 35363K(36096K)->35363K(36096K) NonClass: 26167K(26688K)->26167K(26688K) Class: 9195K(9408K)->9195K(9408K)
[303.608s][info][gc             ] GC(822) Pause Young (Allocation Failure) 416M->131M(475M) 1.044ms
[303.608s][info][gc,cpu         ] GC(822) User=0.00s Sys=0.00s Real=0.00s
[303.959s][info][gc,start       ] GC(823) Pause Young (Allocation Failure)
[303.960s][info][gc,heap        ] GC(823) PSYoungGen: 291904K(311808K)->64K(311808K) Eden: 291840K(291840K)->0K(294912K) From: 64K(19968K)->64K(16896K)
[303.960s][info][gc,heap        ] GC(823) ParOldGen: 134607K(175104K)->134607K(175104K)
[303.960s][info][gc,metaspace   ] GC(823) Metaspace: 35363K(36096K)->35363K(36096K) NonClass: 26167K(26688K)->26167K(26688K) Class: 9195K(9408K)->9195K(9408K)
[303.960s][info][gc             ] GC(823) Pause Young (Allocation Failure) 416M->131M(475M) 0.661ms
[303.960s][info][gc,cpu         ] GC(823) User=0.00s Sys=0.00s Real=0.00s
[304.108s][info][gc,start       ] GC(824) Pause Young (Allocation Failure)
[304.109s][info][gc,heap        ] GC(824) PSYoungGen: 294976K(311808K)->64K(312832K) Eden: 294912K(294912K)->0K(294912K) From: 64K(16896K)->64K(17920K)
[304.109s][info][gc,heap        ] GC(824) ParOldGen: 134607K(175104K)->134615K(175104K)
[304.109s][info][gc,metaspace   ] GC(824) Metaspace: 35363K(36096K)->35363K(36096K) NonClass: 26167K(26688K)->26167K(26688K) Class: 9195K(9408K)->9195K(9408K)
[304.109s][info][gc             ] GC(824) Pause Young (Allocation Failure) 419M->131M(476M) 0.718ms
[304.109s][info][gc,cpu         ] GC(824) User=0.00s Sys=0.00s Real=0.00s
[304.159s][info][gc,start       ] GC(825) Pause Young (Allocation Failure)
[304.160s][info][gc,heap        ] GC(825) PSYoungGen: 294976K(312832K)->64K(314880K) Eden: 294912K(294912K)->0K(299008K) From: 64K(17920K)->64K(15872K)
[304.160s][info][gc,heap        ] GC(825) ParOldGen: 134615K(175104K)->134631K(175104K)
[304.160s][info][gc,metaspace   ] GC(825) Metaspace: 35363K(36096K)->35363K(36096K) NonClass: 26167K(26688K)->26167K(26688K) Class: 9195K(9408K)->9195K(9408K)
[304.160s][info][gc             ] GC(825) Pause Young (Allocation Failure) 419M->131M(478M) 0.611ms
[304.160s][info][gc,cpu         ] GC(825) User=0.00s Sys=0.00s Real=0.00s
[304.295s][info][gc,start       ] GC(826) Pause Young (Allocation Failure)
[304.296s][info][gc,heap        ] GC(826) PSYoungGen: 299072K(314880K)->64K(315392K) Eden: 299008K(299008K)->0K(299008K) From: 64K(15872K)->64K(16384K)
[304.296s][info][gc,heap        ] GC(826) ParOldGen: 134631K(175104K)->134631K(175104K)
[304.296s][info][gc,metaspace   ] GC(826) Metaspace: 35363K(36096K)->35363K(36096K) NonClass: 26167K(26688K)->26167K(26688K) Class: 9195K(9408K)->9195K(9408K)
[304.296s][info][gc             ] GC(826) Pause Young (Allocation Failure) 423M->131M(479M) 0.785ms
[304.296s][info][gc,cpu         ] GC(826) User=0.00s Sys=0.00s Real=0.00s
[304.538s][info][gc,start       ] GC(827) Pause Young (Allocation Failure)
[304.538s][info][gc,heap        ] GC(827) PSYoungGen: 299072K(315392K)->64K(315904K) Eden: 299008K(299008K)->0K(302080K) From: 64K(16384K)->64K(13824K)
[304.538s][info][gc,heap        ] GC(827) ParOldGen: 134631K(175104K)->134639K(175104K)
[304.538s][info][gc,metaspace   ] GC(827) Metaspace: 35363K(36096K)->35363K(36096K) NonClass: 26167K(26688K)->26167K(26688K) Class: 9195K(9408K)->9195K(9408K)
[304.538s][info][gc             ] GC(827) Pause Young (Allocation Failure) 423M->131M(479M) 0.678ms
[304.538s][info][gc,cpu         ] GC(827) User=0.00s Sys=0.00s Real=0.00s
[304.696s][info][gc,start       ] GC(828) Pause Young (Allocation Failure)
[304.697s][info][gc,heap        ] GC(828) PSYoungGen: 302144K(315904K)->64K(290304K) Eden: 302080K(302080K)->0K(289792K) From: 64K(13824K)->64K(512K)
[304.697s][info][gc,heap        ] GC(828) ParOldGen: 134639K(175104K)->134647K(175104K)
[304.697s][info][gc,metaspace   ] GC(828) Metaspace: 35363K(36096K)->35363K(36096K) NonClass: 26167K(26688K)->26167K(26688K) Class: 9195K(9408K)->9195K(9408K)
[304.697s][info][gc             ] GC(828) Pause Young (Allocation Failure) 426M->131M(454M) 0.697ms
[304.697s][info][gc,cpu         ] GC(828) User=0.00s Sys=0.00s Real=0.00s
[304.777s][info][gc,start       ] GC(829) Pause Young (Allocation Failure)
[304.777s][info][gc,heap        ] GC(829) PSYoungGen: 289856K(290304K)->64K(279040K) Eden: 289792K(289792K)->0K(278528K) From: 64K(512K)->64K(512K)
[304.777s][info][gc,heap        ] GC(829) ParOldGen: 134647K(175104K)->134655K(175104K)
[304.777s][info][gc,metaspace   ] GC(829) Metaspace: 35363K(36096K)->35363K(36096K) NonClass: 26167K(26688K)->26167K(26688K) Class: 9195K(9408K)->9195K(9408K)
[304.777s][info][gc             ] GC(829) Pause Young (Allocation Failure) 414M->131M(443M) 0.735ms
[304.777s][info][gc,cpu         ] GC(829) User=0.00s Sys=0.00s Real=0.01s
[304.930s][info][gc,start       ] GC(830) Pause Young (Allocation Failure)
[304.931s][info][gc,heap        ] GC(830) PSYoungGen: 278592K(279040K)->64K(280576K) Eden: 278528K(278528K)->0K(267776K) From: 64K(512K)->64K(12800K)
[304.931s][info][gc,heap        ] GC(830) ParOldGen: 134655K(175104K)->134663K(175104K)
[304.931s][info][gc,metaspace   ] GC(830) Metaspace: 35363K(36096K)->35363K(36096K) NonClass: 26167K(26688K)->26167K(26688K) Class: 9195K(9408K)->9195K(9408K)
[304.931s][info][gc             ] GC(830) Pause Young (Allocation Failure) 403M->131M(445M) 0.596ms
[304.931s][info][gc,cpu         ] GC(830) User=0.00s Sys=0.00s Real=0.00s
[305.827s][info][gc,start       ] GC(831) Pause Young (Allocation Failure)
[305.828s][info][gc,heap        ] GC(831) PSYoungGen: 267840K(280576K)->64K(258048K) Eden: 267776K(267776K)->0K(257536K) From: 64K(12800K)->64K(512K)
[305.828s][info][gc,heap        ] GC(831) ParOldGen: 134663K(175104K)->134671K(175104K)
[305.828s][info][gc,metaspace   ] GC(831) Metaspace: 35363K(36096K)->35363K(36096K) NonClass: 26167K(26688K)->26167K(26688K) Class: 9195K(9408K)->9195K(9408K)
[305.828s][info][gc             ] GC(831) Pause Young (Allocation Failure) 393M->131M(423M) 1.392ms
[305.828s][info][gc,cpu         ] GC(831) User=0.01s Sys=0.00s Real=0.01s
[306.646s][info][gc,start       ] GC(832) Pause Young (Allocation Failure)
[306.646s][info][gc,heap        ] GC(832) PSYoungGen: 257600K(258048K)->64K(259072K) Eden: 257536K(257536K)->0K(247808K) From: 64K(512K)->64K(11264K)
[306.646s][info][gc,heap        ] GC(832) ParOldGen: 134671K(175104K)->134679K(175104K)
[306.646s][info][gc,metaspace   ] GC(832) Metaspace: 35363K(36096K)->35363K(36096K) NonClass: 26167K(26688K)->26167K(26688K) Class: 9195K(9408K)->9195K(9408K)
[306.646s][info][gc             ] GC(832) Pause Young (Allocation Failure) 383M->131M(424M) 0.764ms
[306.646s][info][gc,cpu         ] GC(832) User=0.00s Sys=0.00s Real=0.00s
[306.846s][info][gc,start       ] GC(833) Pause Young (Allocation Failure)
[306.848s][info][gc,heap        ] GC(833) PSYoungGen: 247872K(259072K)->64K(238592K) Eden: 247808K(247808K)->0K(238080K) From: 64K(11264K)->64K(512K)
[306.848s][info][gc,heap        ] GC(833) ParOldGen: 134679K(175104K)->134695K(175104K)
[306.848s][info][gc,metaspace   ] GC(833) Metaspace: 35363K(36096K)->35363K(36096K) NonClass: 26167K(26688K)->26167K(26688K) Class: 9195K(9408K)->9195K(9408K)
[306.848s][info][gc             ] GC(833) Pause Young (Allocation Failure) 373M->131M(404M) 1.783ms
[306.848s][info][gc,cpu         ] GC(833) User=0.00s Sys=0.01s Real=0.01s
[307.250s][info][gc,start       ] GC(834) Pause Young (Allocation Failure)
[307.251s][info][gc,heap        ] GC(834) PSYoungGen: 238144K(238592K)->64K(238592K) Eden: 238080K(238080K)->0K(228864K) From: 64K(512K)->64K(9728K)
[307.251s][info][gc,heap        ] GC(834) ParOldGen: 134695K(175104K)->134711K(175104K)
[307.251s][info][gc,metaspace   ] GC(834) Metaspace: 35363K(36096K)->35363K(36096K) NonClass: 26167K(26688K)->26167K(26688K) Class: 9195K(9408K)->9195K(9408K)
[307.251s][info][gc             ] GC(834) Pause Young (Allocation Failure) 364M->131M(404M) 1.134ms
[307.251s][info][gc,cpu         ] GC(834) User=0.00s Sys=0.00s Real=0.00s
[308.201s][info][gc,start       ] GC(835) Pause Young (Allocation Failure)
[308.203s][info][gc,heap        ] GC(835) PSYoungGen: 228928K(238592K)->64K(220672K) Eden: 228864K(228864K)->0K(220160K) From: 64K(9728K)->64K(512K)
[308.203s][info][gc,heap        ] GC(835) ParOldGen: 134711K(175104K)->134719K(175104K)
[308.203s][info][gc,metaspace   ] GC(835) Metaspace: 35363K(36096K)->35363K(36096K) NonClass: 26167K(26688K)->26167K(26688K) Class: 9195K(9408K)->9195K(9408K)
[308.203s][info][gc             ] GC(835) Pause Young (Allocation Failure) 355M->131M(386M) 2.122ms
[308.203s][info][gc,cpu         ] GC(835) User=0.00s Sys=0.00s Real=0.00s
[308.544s][info][gc,start       ] GC(836) Pause Young (Allocation Failure)
[308.545s][info][gc,heap        ] GC(836) PSYoungGen: 220224K(220672K)->64K(220672K) Eden: 220160K(220160K)->0K(211968K) From: 64K(512K)->64K(8704K)
[308.545s][info][gc,heap        ] GC(836) ParOldGen: 134719K(175104K)->134735K(175104K)
[308.545s][info][gc,metaspace   ] GC(836) Metaspace: 35363K(36096K)->35363K(36096K) NonClass: 26167K(26688K)->26167K(26688K) Class: 9195K(9408K)->9195K(9408K)
[308.545s][info][gc             ] GC(836) Pause Young (Allocation Failure) 346M->131M(386M) 1.266ms
[308.545s][info][gc,cpu         ] GC(836) User=0.01s Sys=0.00s Real=0.00s
[308.696s][info][gc,start       ] GC(837) Pause Young (Allocation Failure)
[308.697s][info][gc,heap        ] GC(837) PSYoungGen: 212032K(220672K)->64K(204800K) Eden: 211968K(211968K)->0K(204288K) From: 64K(8704K)->64K(512K)
[308.697s][info][gc,heap        ] GC(837) ParOldGen: 134735K(175104K)->134743K(175104K)
[308.697s][info][gc,metaspace   ] GC(837) Metaspace: 35363K(36096K)->35363K(36096K) NonClass: 26167K(26688K)->26167K(26688K) Class: 9195K(9408K)->9195K(9408K)
[308.697s][info][gc             ] GC(837) Pause Young (Allocation Failure) 338M->131M(371M) 1.710ms
[308.697s][info][gc,cpu         ] GC(837) User=0.00s Sys=0.00s Real=0.01s
[308.762s][info][gc,start       ] GC(838) Pause Young (Allocation Failure)
[308.763s][info][gc,heap        ] GC(838) PSYoungGen: 204352K(204800K)->64K(204800K) Eden: 204288K(204288K)->0K(197120K) From: 64K(512K)->64K(7680K)
[308.763s][info][gc,heap        ] GC(838) ParOldGen: 134743K(175104K)->134751K(175104K)
[308.763s][info][gc,metaspace   ] GC(838) Metaspace: 35363K(36096K)->35363K(36096K) NonClass: 26167K(26688K)->26167K(26688K) Class: 9195K(9408K)->9195K(9408K)
[308.763s][info][gc             ] GC(838) Pause Young (Allocation Failure) 331M->131M(371M) 1.033ms
[308.763s][info][gc,cpu         ] GC(838) User=0.00s Sys=0.00s Real=0.00s
[309.198s][info][gc,start       ] GC(839) Pause Young (Allocation Failure)
[309.200s][info][gc,heap        ] GC(839) PSYoungGen: 197184K(204800K)->64K(190464K) Eden: 197120K(197120K)->0K(189952K) From: 64K(7680K)->64K(512K)
[309.200s][info][gc,heap        ] GC(839) ParOldGen: 134751K(175104K)->134759K(175104K)
[309.200s][info][gc,metaspace   ] GC(839) Metaspace: 35363K(36096K)->35363K(36096K) NonClass: 26167K(26688K)->26167K(26688K) Class: 9195K(9408K)->9195K(9408K)
[309.200s][info][gc             ] GC(839) Pause Young (Allocation Failure) 324M->131M(357M) 2.101ms
[309.200s][info][gc,cpu         ] GC(839) User=0.00s Sys=0.00s Real=0.00s
[309.425s][info][gc,start       ] GC(840) Pause Young (Allocation Failure)
[309.426s][info][gc,heap        ] GC(840) PSYoungGen: 190016K(190464K)->64K(189952K) Eden: 189952K(189952K)->0K(183296K) From: 64K(512K)->64K(6656K)
[309.426s][info][gc,heap        ] GC(840) ParOldGen: 134759K(175104K)->134767K(175104K)
[309.426s][info][gc,metaspace   ] GC(840) Metaspace: 35363K(36096K)->35363K(36096K) NonClass: 26167K(26688K)->26167K(26688K) Class: 9195K(9408K)->9195K(9408K)
[309.426s][info][gc             ] GC(840) Pause Young (Allocation Failure) 317M->131M(356M) 1.189ms
[309.426s][info][gc,cpu         ] GC(840) User=0.00s Sys=0.00s Real=0.00s
[309.718s][info][gc,start       ] GC(841) Pause Young (Allocation Failure)
[309.719s][info][gc,heap        ] GC(841) PSYoungGen: 183360K(189952K)->64K(177152K) Eden: 183296K(183296K)->0K(176640K) From: 64K(6656K)->64K(512K)
[309.719s][info][gc,heap        ] GC(841) ParOldGen: 134767K(175104K)->134775K(175104K)
[309.719s][info][gc,metaspace   ] GC(841) Metaspace: 35363K(36096K)->35363K(36096K) NonClass: 26167K(26688K)->26167K(26688K) Class: 9195K(9408K)->9195K(9408K)
[309.719s][info][gc             ] GC(841) Pause Young (Allocation Failure) 310M->131M(344M) 1.399ms
[309.719s][info][gc,cpu         ] GC(841) User=0.00s Sys=0.00s Real=0.00s
[309.948s][info][gc,start       ] GC(842) Pause Young (Allocation Failure)
[309.977s][info][gc,heap        ] GC(842) PSYoungGen: 176704K(177152K)->5632K(216576K) Eden: 176640K(176640K)->0K(210944K) From: 64K(512K)->5632K(5632K)
[309.977s][info][gc,heap        ] GC(842) ParOldGen: 134775K(175104K)->147567K(175104K)
[309.977s][info][gc,metaspace   ] GC(842) Metaspace: 35363K(36096K)->35363K(36096K) NonClass: 26167K(26688K)->26167K(26688K) Class: 9195K(9408K)->9195K(9408K)
[309.977s][info][gc             ] GC(842) Pause Young (Allocation Failure) 304M->149M(382M) 28.684ms
[309.977s][info][gc,cpu         ] GC(842) User=0.06s Sys=0.00s Real=0.03s
[310.222s][info][gc,start       ] GC(843) Pause Young (Allocation Failure)
[310.262s][info][gc,heap        ] GC(843) PSYoungGen: 216576K(216576K)->5632K(235008K) Eden: 210944K(210944K)->0K(229376K) From: 5632K(5632K)->5632K(5632K)
[310.262s][info][gc,heap        ] GC(843) ParOldGen: 147567K(175104K)->166023K(175104K)
[310.262s][info][gc,metaspace   ] GC(843) Metaspace: 35363K(36096K)->35363K(36096K) NonClass: 26167K(26688K)->26167K(26688K) Class: 9195K(9408K)->9195K(9408K)
[310.262s][info][gc             ] GC(843) Pause Young (Allocation Failure) 355M->167M(400M) 40.300ms
[310.262s][info][gc,cpu         ] GC(843) User=0.08s Sys=0.00s Real=0.04s
[310.485s][info][gc,start       ] GC(844) Pause Young (Allocation Failure)
[310.520s][info][gc,heap        ] GC(844) PSYoungGen: 235008K(235008K)->18944K(248320K) Eden: 229376K(229376K)->0K(229376K) From: 5632K(5632K)->18944K(18944K)
[310.520s][info][gc,heap        ] GC(844) ParOldGen: 166023K(175104K)->168039K(175104K)
[310.520s][info][gc,metaspace   ] GC(844) Metaspace: 35363K(36096K)->35363K(36096K) NonClass: 26167K(26688K)->26167K(26688K) Class: 9195K(9408K)->9195K(9408K)
[310.520s][info][gc             ] GC(844) Pause Young (Allocation Failure) 391M->182M(413M) 34.613ms
[310.520s][info][gc,cpu         ] GC(844) User=0.07s Sys=0.00s Real=0.04s
[310.588s][info][gc,start       ] GC(845) Pause Young (Allocation Failure)
[310.590s][info][gc,heap        ] GC(845) PSYoungGen: 248320K(248320K)->64K(297472K) Eden: 229376K(229376K)->0K(274944K) From: 18944K(18944K)->64K(22528K)
[310.590s][info][gc,heap        ] GC(845) ParOldGen: 168039K(175104K)->168087K(175104K)
[310.590s][info][gc,metaspace   ] GC(845) Metaspace: 35363K(36096K)->35363K(36096K) NonClass: 26167K(26688K)->26167K(26688K) Class: 9195K(9408K)->9195K(9408K)
[310.590s][info][gc             ] GC(845) Pause Young (Allocation Failure) 406M->164M(461M) 1.311ms
[310.590s][info][gc,cpu         ] GC(845) User=0.00s Sys=0.00s Real=0.00s
[311.175s][info][gc,start       ] GC(846) Pause Young (Allocation Failure)
[311.176s][info][gc,heap        ] GC(846) PSYoungGen: 275008K(297472K)->64K(297984K) Eden: 274944K(274944K)->0K(274944K) From: 64K(22528K)->64K(23040K)
[311.176s][info][gc,heap        ] GC(846) ParOldGen: 168087K(175104K)->168095K(175104K)
[311.176s][info][gc,metaspace   ] GC(846) Metaspace: 35363K(36096K)->35363K(36096K) NonClass: 26167K(26688K)->26167K(26688K) Class: 9195K(9408K)->9195K(9408K)
[311.176s][info][gc             ] GC(846) Pause Young (Allocation Failure) 432M->164M(462M) 0.911ms
[311.176s][info][gc,cpu         ] GC(846) User=0.00s Sys=0.00s Real=0.00s
[311.563s][info][gc,start       ] GC(847) Pause Young (Allocation Failure)
[311.564s][info][gc,heap        ] GC(847) PSYoungGen: 275008K(297984K)->64K(309248K) Eden: 274944K(274944K)->0K(288768K) From: 64K(23040K)->64K(20480K)
[311.564s][info][gc,heap        ] GC(847) ParOldGen: 168095K(175104K)->168111K(175104K)
[311.564s][info][gc,metaspace   ] GC(847) Metaspace: 35364K(36096K)->35364K(36096K) NonClass: 26169K(26688K)->26169K(26688K) Class: 9195K(9408K)->9195K(9408K)
[311.564s][info][gc             ] GC(847) Pause Young (Allocation Failure) 432M->164M(473M) 0.866ms
[311.564s][info][gc,cpu         ] GC(847) User=0.00s Sys=0.00s Real=0.00s
[312.028s][info][gc,start       ] GC(848) Pause Young (Allocation Failure)
[312.029s][info][gc,heap        ] GC(848) PSYoungGen: 288832K(309248K)->64K(309760K) Eden: 288768K(288768K)->0K(288768K) From: 64K(20480K)->64K(20992K)
[312.029s][info][gc,heap        ] GC(848) ParOldGen: 168111K(175104K)->168127K(175104K)
[312.029s][info][gc,metaspace   ] GC(848) Metaspace: 35364K(36096K)->35364K(36096K) NonClass: 26169K(26688K)->26169K(26688K) Class: 9195K(9408K)->9195K(9408K)
[312.029s][info][gc             ] GC(848) Pause Young (Allocation Failure) 446M->164M(473M) 0.955ms
[312.029s][info][gc,cpu         ] GC(848) User=0.00s Sys=0.00s Real=0.00s
[312.265s][info][gc,start       ] GC(849) Pause Young (Allocation Failure)
[312.266s][info][gc,heap        ] GC(849) PSYoungGen: 288832K(309760K)->64K(310784K) Eden: 288768K(288768K)->0K(292352K) From: 64K(20992K)->64K(18432K)
[312.266s][info][gc,heap        ] GC(849) ParOldGen: 168127K(175104K)->168143K(175104K)
[312.266s][info][gc,metaspace   ] GC(849) Metaspace: 35364K(36096K)->35364K(36096K) NonClass: 26169K(26688K)->26169K(26688K) Class: 9195K(9408K)->9195K(9408K)
[312.266s][info][gc             ] GC(849) Pause Young (Allocation Failure) 446M->164M(474M) 0.805ms
[312.266s][info][gc,cpu         ] GC(849) User=0.00s Sys=0.00s Real=0.00s
[312.630s][info][gc,start       ] GC(850) Pause Young (Allocation Failure)
[312.631s][info][gc,heap        ] GC(850) PSYoungGen: 292416K(310784K)->64K(311808K) Eden: 292352K(292352K)->0K(292352K) From: 64K(18432K)->64K(19456K)
[312.631s][info][gc,heap        ] GC(850) ParOldGen: 168143K(175104K)->168143K(175104K)
[312.631s][info][gc,metaspace   ] GC(850) Metaspace: 35364K(36096K)->35364K(36096K) NonClass: 26169K(26688K)->26169K(26688K) Class: 9195K(9408K)->9195K(9408K)
[312.631s][info][gc             ] GC(850) Pause Young (Allocation Failure) 449M->164M(475M) 0.857ms
[312.631s][info][gc,cpu         ] GC(850) User=0.00s Sys=0.00s Real=0.00s
[312.734s][info][gc,start       ] GC(851) Pause Young (Allocation Failure)
[312.735s][info][gc,heap        ] GC(851) PSYoungGen: 292416K(311808K)->64K(312320K) Eden: 292352K(292352K)->0K(295936K) From: 64K(19456K)->64K(16384K)
[312.735s][info][gc,heap        ] GC(851) ParOldGen: 168143K(175104K)->168151K(175104K)
[312.735s][info][gc,metaspace   ] GC(851) Metaspace: 35364K(36096K)->35364K(36096K) NonClass: 26169K(26688K)->26169K(26688K) Class: 9195K(9408K)->9195K(9408K)
[312.735s][info][gc             ] GC(851) Pause Young (Allocation Failure) 449M->164M(476M) 0.716ms
[312.735s][info][gc,cpu         ] GC(851) User=0.00s Sys=0.00s Real=0.00s
[312.788s][info][gc,start       ] GC(852) Pause Young (Allocation Failure)
[312.789s][info][gc,heap        ] GC(852) PSYoungGen: 296000K(312320K)->64K(313344K) Eden: 295936K(295936K)->0K(295936K) From: 64K(16384K)->64K(17408K)
[312.789s][info][gc,heap        ] GC(852) ParOldGen: 168151K(175104K)->168167K(175104K)
[312.789s][info][gc,metaspace   ] GC(852) Metaspace: 35364K(36096K)->35364K(36096K) NonClass: 26169K(26688K)->26169K(26688K) Class: 9195K(9408K)->9195K(9408K)
[312.789s][info][gc             ] GC(852) Pause Young (Allocation Failure) 453M->164M(477M) 0.920ms
[312.789s][info][gc,cpu         ] GC(852) User=0.01s Sys=0.00s Real=0.00s
[312.951s][info][gc,start       ] GC(853) Pause Young (Allocation Failure)
[312.952s][info][gc,heap        ] GC(853) PSYoungGen: 296000K(313344K)->64K(315392K) Eden: 295936K(295936K)->0K(300032K) From: 64K(17408K)->64K(15360K)
[312.952s][info][gc,heap        ] GC(853) ParOldGen: 168167K(175104K)->168167K(175104K)
[312.952s][info][gc,metaspace   ] GC(853) Metaspace: 35364K(36096K)->35364K(36096K) NonClass: 26169K(26688K)->26169K(26688K) Class: 9195K(9408K)->9195K(9408K)
[312.952s][info][gc             ] GC(853) Pause Young (Allocation Failure) 453M->164M(479M) 1.429ms
[312.952s][info][gc,cpu         ] GC(853) User=0.00s Sys=0.01s Real=0.00s
[313.192s][info][gc,start       ] GC(854) Pause Young (Allocation Failure)
[313.193s][info][gc,heap        ] GC(854) PSYoungGen: 300096K(315392K)->32K(315904K) Eden: 300032K(300032K)->0K(300032K) From: 64K(15360K)->32K(15872K)
[313.193s][info][gc,heap        ] GC(854) ParOldGen: 168167K(175104K)->168175K(175104K)
[313.193s][info][gc,metaspace   ] GC(854) Metaspace: 35364K(36096K)->35364K(36096K) NonClass: 26169K(26688K)->26169K(26688K) Class: 9195K(9408K)->9195K(9408K)
[313.193s][info][gc             ] GC(854) Pause Young (Allocation Failure) 457M->164M(479M) 1.348ms
[313.193s][info][gc,cpu         ] GC(854) User=0.00s Sys=0.00s Real=0.00s
[313.330s][info][gc,start       ] GC(855) Pause Young (Allocation Failure)
[313.331s][info][gc,heap        ] GC(855) PSYoungGen: 300064K(315904K)->64K(316416K) Eden: 300032K(300032K)->0K(303104K) From: 32K(15872K)->64K(13312K)
[313.331s][info][gc,heap        ] GC(855) ParOldGen: 168175K(175104K)->168191K(175104K)
[313.331s][info][gc,metaspace   ] GC(855) Metaspace: 35364K(36096K)->35364K(36096K) NonClass: 26169K(26688K)->26169K(26688K) Class: 9195K(9408K)->9195K(9408K)
[313.331s][info][gc             ] GC(855) Pause Young (Allocation Failure) 457M->164M(480M) 1.495ms
[313.331s][info][gc,cpu         ] GC(855) User=0.00s Sys=0.00s Real=0.00s
[313.433s][info][gc,start       ] GC(856) Pause Young (Allocation Failure)
[313.434s][info][gc,heap        ] GC(856) PSYoungGen: 303168K(316416K)->64K(316928K) Eden: 303104K(303104K)->0K(303104K) From: 64K(13312K)->64K(13824K)
[313.434s][info][gc,heap        ] GC(856) ParOldGen: 168191K(175104K)->168207K(175104K)
[313.434s][info][gc,metaspace   ] GC(856) Metaspace: 35364K(36096K)->35364K(36096K) NonClass: 26169K(26688K)->26169K(26688K) Class: 9195K(9408K)->9195K(9408K)
[313.434s][info][gc             ] GC(856) Pause Young (Allocation Failure) 460M->164M(480M) 1.448ms
[313.434s][info][gc,cpu         ] GC(856) User=0.00s Sys=0.00s Real=0.00s
[313.657s][info][gc,start       ] GC(857) Pause Young (Allocation Failure)
[313.658s][info][gc,heap        ] GC(857) PSYoungGen: 303168K(316928K)->32K(317952K) Eden: 303104K(303104K)->0K(306688K) From: 64K(13824K)->32K(11264K)
[313.658s][info][gc,heap        ] GC(857) ParOldGen: 168207K(175104K)->168223K(175104K)
[313.658s][info][gc,metaspace   ] GC(857) Metaspace: 35364K(36096K)->35364K(36096K) NonClass: 26169K(26688K)->26169K(26688K) Class: 9195K(9408K)->9195K(9408K)
[313.658s][info][gc             ] GC(857) Pause Young (Allocation Failure) 460M->164M(481M) 1.364ms
[313.658s][info][gc,cpu         ] GC(857) User=0.00s Sys=0.00s Real=0.00s
[314.477s][info][gc,start       ] GC(858) Pause Young (Allocation Failure)
[314.479s][info][gc,heap        ] GC(858) PSYoungGen: 306720K(317952K)->64K(294912K) Eden: 306688K(306688K)->0K(294400K) From: 32K(11264K)->64K(512K)
[314.479s][info][gc,heap        ] GC(858) ParOldGen: 168223K(175104K)->168231K(175104K)
[314.479s][info][gc,metaspace   ] GC(858) Metaspace: 35364K(36096K)->35364K(36096K) NonClass: 26169K(26688K)->26169K(26688K) Class: 9195K(9408K)->9195K(9408K)
[314.479s][info][gc             ] GC(858) Pause Young (Allocation Failure) 463M->164M(459M) 1.428ms
[314.479s][info][gc,cpu         ] GC(858) User=0.00s Sys=0.00s Real=0.00s
[315.400s][info][gc,start       ] GC(859) Pause Young (Allocation Failure)
[315.401s][info][gc,heap        ] GC(859) PSYoungGen: 294464K(294912K)->32K(283136K) Eden: 294400K(294400K)->0K(282624K) From: 64K(512K)->32K(512K)
[315.401s][info][gc,heap        ] GC(859) ParOldGen: 168231K(175104K)->168239K(175104K)
[315.401s][info][gc,metaspace   ] GC(859) Metaspace: 35364K(36096K)->35364K(36096K) NonClass: 26169K(26688K)->26169K(26688K) Class: 9195K(9408K)->9195K(9408K)
[315.402s][info][gc             ] GC(859) Pause Young (Allocation Failure) 451M->164M(447M) 1.640ms
[315.402s][info][gc,cpu         ] GC(859) User=0.00s Sys=0.00s Real=0.00s
[315.854s][info][gc,start       ] GC(860) Pause Young (Allocation Failure)
[315.855s][info][gc,heap        ] GC(860) PSYoungGen: 282656K(283136K)->64K(282112K) Eden: 282624K(282624K)->0K(271360K) From: 32K(512K)->64K(10752K)
[315.855s][info][gc,heap        ] GC(860) ParOldGen: 168239K(175104K)->168255K(175104K)
[315.855s][info][gc,metaspace   ] GC(860) Metaspace: 35364K(36096K)->35364K(36096K) NonClass: 26169K(26688K)->26169K(26688K) Class: 9195K(9408K)->9195K(9408K)
[315.855s][info][gc             ] GC(860) Pause Young (Allocation Failure) 440M->164M(446M) 1.388ms
[315.855s][info][gc,cpu         ] GC(860) User=0.00s Sys=0.01s Real=0.00s
[316.825s][info][gc,start       ] GC(861) Pause Young (Allocation Failure)
[316.827s][info][gc,heap        ] GC(861) PSYoungGen: 271424K(282112K)->32K(261120K) Eden: 271360K(271360K)->0K(260608K) From: 64K(10752K)->32K(512K)
[316.827s][info][gc,heap        ] GC(861) ParOldGen: 168255K(175104K)->168263K(175104K)
[316.827s][info][gc,metaspace   ] GC(861) Metaspace: 35364K(36096K)->35364K(36096K) NonClass: 26169K(26688K)->26169K(26688K) Class: 9195K(9408K)->9195K(9408K)
[316.827s][info][gc             ] GC(861) Pause Young (Allocation Failure) 429M->164M(426M) 1.841ms
[316.827s][info][gc,cpu         ] GC(861) User=0.00s Sys=0.00s Real=0.01s
[317.188s][info][gc,start       ] GC(862) Pause Young (Allocation Failure)
[317.189s][info][gc,heap        ] GC(862) PSYoungGen: 260640K(261120K)->64K(259584K) Eden: 260608K(260608K)->0K(250368K) From: 32K(512K)->64K(9216K)
[317.189s][info][gc,heap        ] GC(862) ParOldGen: 168263K(175104K)->168271K(175104K)
[317.189s][info][gc,metaspace   ] GC(862) Metaspace: 35364K(36096K)->35364K(36096K) NonClass: 26169K(26688K)->26169K(26688K) Class: 9195K(9408K)->9195K(9408K)
[317.189s][info][gc             ] GC(862) Pause Young (Allocation Failure) 418M->164M(424M) 0.830ms
[317.189s][info][gc,cpu         ] GC(862) User=0.00s Sys=0.00s Real=0.00s
[317.331s][info][gc,start       ] GC(863) Pause Young (Allocation Failure)
[317.332s][info][gc,heap        ] GC(863) PSYoungGen: 250432K(259584K)->64K(241152K) Eden: 250368K(250368K)->0K(240640K) From: 64K(9216K)->64K(512K)
[317.332s][info][gc,heap        ] GC(863) ParOldGen: 168271K(175104K)->168279K(175104K)
[317.332s][info][gc,metaspace   ] GC(863) Metaspace: 35364K(36096K)->35364K(36096K) NonClass: 26169K(26688K)->26169K(26688K) Class: 9195K(9408K)->9195K(9408K)
[317.332s][info][gc             ] GC(863) Pause Young (Allocation Failure) 408M->164M(406M) 1.420ms
[317.332s][info][gc,cpu         ] GC(863) User=0.00s Sys=0.00s Real=0.00s
[317.574s][info][gc,start       ] GC(864) Pause Young (Allocation Failure)
[317.576s][info][gc,heap        ] GC(864) PSYoungGen: 240704K(241152K)->64K(239616K) Eden: 240640K(240640K)->0K(231424K) From: 64K(512K)->64K(8192K)
[317.576s][info][gc,heap        ] GC(864) ParOldGen: 168279K(175104K)->168295K(175104K)
[317.576s][info][gc,metaspace   ] GC(864) Metaspace: 35364K(36096K)->35364K(36096K) NonClass: 26169K(26688K)->26169K(26688K) Class: 9195K(9408K)->9195K(9408K)
[317.576s][info][gc             ] GC(864) Pause Young (Allocation Failure) 399M->164M(405M) 1.211ms
[317.576s][info][gc,cpu         ] GC(864) User=0.00s Sys=0.00s Real=0.00s
[317.988s][info][gc,start       ] GC(865) Pause Young (Allocation Failure)
[317.990s][info][gc,heap        ] GC(865) PSYoungGen: 231488K(239616K)->32K(223232K) Eden: 231424K(231424K)->0K(222720K) From: 64K(8192K)->32K(512K)
[317.990s][info][gc,heap        ] GC(865) ParOldGen: 168295K(175104K)->168303K(175104K)
[317.990s][info][gc,metaspace   ] GC(865) Metaspace: 35364K(36096K)->35364K(36096K) NonClass: 26169K(26688K)->26169K(26688K) Class: 9195K(9408K)->9195K(9408K)
[317.990s][info][gc             ] GC(865) Pause Young (Allocation Failure) 390M->164M(389M) 2.056ms
[317.990s][info][gc,cpu         ] GC(865) User=0.00s Sys=0.00s Real=0.00s
[318.284s][info][gc,start       ] GC(866) Pause Young (Allocation Failure)
[318.285s][info][gc,heap        ] GC(866) PSYoungGen: 222752K(223232K)->64K(221696K) Eden: 222720K(222720K)->0K(214528K) From: 32K(512K)->64K(7168K)
[318.285s][info][gc,heap        ] GC(866) ParOldGen: 168303K(175104K)->168319K(175104K)
[318.285s][info][gc,metaspace   ] GC(866) Metaspace: 35364K(36096K)->35364K(36096K) NonClass: 26169K(26688K)->26169K(26688K) Class: 9195K(9408K)->9195K(9408K)
[318.285s][info][gc             ] GC(866) Pause Young (Allocation Failure) 381M->164M(387M) 1.259ms
[318.285s][info][gc,cpu         ] GC(866) User=0.01s Sys=0.00s Real=0.00s
[318.551s][info][gc,start       ] GC(867) Pause Young (Allocation Failure)
[318.606s][info][gc,heap        ] GC(867) PSYoungGen: 214592K(221696K)->6656K(263168K) Eden: 214528K(214528K)->0K(256512K) From: 64K(7168K)->6656K(6656K)
[318.606s][info][gc,heap        ] GC(867) ParOldGen: 168319K(175104K)->184079K(184320K)
[318.606s][info][gc,metaspace   ] GC(867) Metaspace: 35364K(36096K)->35364K(36096K) NonClass: 26169K(26688K)->26169K(26688K) Class: 9195K(9408K)->9195K(9408K)
[318.606s][info][gc             ] GC(867) Pause Young (Allocation Failure) 373M->186M(437M) 55.193ms
[318.606s][info][gc,cpu         ] GC(867) User=0.07s Sys=0.00s Real=0.05s
[318.905s][info][gc,start       ] GC(868) Pause Young (Allocation Failure)
[318.962s][info][gc,heap        ] GC(868) PSYoungGen: 263168K(263168K)->13824K(270848K) Eden: 256512K(256512K)->0K(257024K) From: 6656K(6656K)->13824K(13824K)
[318.962s][info][gc,heap        ] GC(868) ParOldGen: 184079K(184320K)->199535K(199680K)
[318.962s][info][gc,metaspace   ] GC(868) Metaspace: 35364K(36096K)->35364K(36096K) NonClass: 26169K(26688K)->26169K(26688K) Class: 9195K(9408K)->9195K(9408K)
[318.962s][info][gc             ] GC(868) Pause Young (Allocation Failure) 436M->208M(459M) 56.410ms
[318.962s][info][gc,cpu         ] GC(868) User=0.10s Sys=0.02s Real=0.06s
[319.118s][info][gc,start       ] GC(869) Pause Young (Allocation Failure)
[319.145s][info][gc,heap        ] GC(869) PSYoungGen: 270848K(270848K)->11392K(310272K) Eden: 257024K(257024K)->0K(287744K) From: 13824K(13824K)->11392K(22528K)
[319.145s][info][gc,heap        ] GC(869) ParOldGen: 199535K(199680K)->199951K(200192K)
[319.145s][info][gc,metaspace   ] GC(869) Metaspace: 35364K(36096K)->35364K(36096K) NonClass: 26169K(26688K)->26169K(26688K) Class: 9195K(9408K)->9195K(9408K)
[319.145s][info][gc             ] GC(869) Pause Young (Allocation Failure) 459M->206M(498M) 26.859ms
[319.145s][info][gc,cpu         ] GC(869) User=0.04s Sys=0.00s Real=0.02s
[319.504s][info][gc,start       ] GC(870) Pause Young (Allocation Failure)
[319.505s][info][gc,heap        ] GC(870) PSYoungGen: 299136K(310272K)->64K(310784K) Eden: 287744K(287744K)->0K(287744K) From: 11392K(22528K)->64K(23040K)
[319.505s][info][gc,heap        ] GC(870) ParOldGen: 199951K(200192K)->199959K(200192K)
[319.505s][info][gc,metaspace   ] GC(870) Metaspace: 35364K(36096K)->35364K(36096K) NonClass: 26169K(26688K)->26169K(26688K) Class: 9195K(9408K)->9195K(9408K)
[319.505s][info][gc             ] GC(870) Pause Young (Allocation Failure) 487M->195M(499M) 1.095ms
[319.505s][info][gc,cpu         ] GC(870) User=0.00s Sys=0.00s Real=0.00s
[320.069s][info][gc,start       ] GC(871) Pause Young (Allocation Failure)
[320.070s][info][gc,heap        ] GC(871) PSYoungGen: 287808K(310784K)->64K(309760K) Eden: 287744K(287744K)->0K(288256K) From: 64K(23040K)->64K(21504K)
[320.070s][info][gc,heap        ] GC(871) ParOldGen: 199959K(200192K)->199967K(200192K)
[320.070s][info][gc,metaspace   ] GC(871) Metaspace: 35364K(36096K)->35364K(36096K) NonClass: 26169K(26688K)->26169K(26688K) Class: 9195K(9408K)->9195K(9408K)
[320.070s][info][gc             ] GC(871) Pause Young (Allocation Failure) 476M->195M(498M) 1.398ms
[320.070s][info][gc,cpu         ] GC(871) User=0.00s Sys=0.00s Real=0.00s
[320.521s][info][gc,start       ] GC(872) Pause Young (Allocation Failure)
[320.522s][info][gc,heap        ] GC(872) PSYoungGen: 288320K(309760K)->64K(310272K) Eden: 288256K(288256K)->0K(288256K) From: 64K(21504K)->64K(22016K)
[320.522s][info][gc,heap        ] GC(872) ParOldGen: 199967K(200192K)->199983K(200192K)
[320.522s][info][gc,metaspace   ] GC(872) Metaspace: 35364K(36096K)->35364K(36096K) NonClass: 26169K(26688K)->26169K(26688K) Class: 9195K(9408K)->9195K(9408K)
[320.522s][info][gc             ] GC(872) Pause Young (Allocation Failure) 476M->195M(498M) 0.963ms
[320.522s][info][gc,cpu         ] GC(872) User=0.00s Sys=0.00s Real=0.00s
[320.758s][info][gc,start       ] GC(873) Pause Young (Allocation Failure)
[320.759s][info][gc,heap        ] GC(873) PSYoungGen: 288320K(310272K)->64K(310272K) Eden: 288256K(288256K)->0K(290816K) From: 64K(22016K)->64K(19456K)
[320.759s][info][gc,heap        ] GC(873) ParOldGen: 199983K(200192K)->199999K(200192K)
[320.759s][info][gc,metaspace   ] GC(873) Metaspace: 35364K(36096K)->35364K(36096K) NonClass: 26169K(26688K)->26169K(26688K) Class: 9195K(9408K)->9195K(9408K)
[320.759s][info][gc             ] GC(873) Pause Young (Allocation Failure) 476M->195M(498M) 0.910ms
[320.759s][info][gc,cpu         ] GC(873) User=0.00s Sys=0.00s Real=0.00s
[320.998s][info][gc,start       ] GC(874) Pause Young (Allocation Failure)
[321.000s][info][gc,heap        ] GC(874) PSYoungGen: 290880K(310272K)->64K(310784K) Eden: 290816K(290816K)->0K(290816K) From: 64K(19456K)->64K(19968K)
[321.000s][info][gc,heap        ] GC(874) ParOldGen: 199999K(200192K)->199999K(200192K)
[321.000s][info][gc,metaspace   ] GC(874) Metaspace: 35364K(36096K)->35364K(36096K) NonClass: 26169K(26688K)->26169K(26688K) Class: 9195K(9408K)->9195K(9408K)
[321.000s][info][gc             ] GC(874) Pause Young (Allocation Failure) 479M->195M(499M) 1.575ms
[321.000s][info][gc,cpu         ] GC(874) User=0.00s Sys=0.00s Real=0.00s
[321.290s][info][gc,start       ] GC(875) Pause Young (Allocation Failure)
[321.292s][info][gc,heap        ] GC(875) PSYoungGen: 290880K(310784K)->64K(313344K) Eden: 290816K(290816K)->0K(294912K) From: 64K(19968K)->64K(18432K)
[321.292s][info][gc,heap        ] GC(875) ParOldGen: 199999K(200192K)->199999K(200192K)
[321.292s][info][gc,metaspace   ] GC(875) Metaspace: 35364K(36096K)->35364K(36096K) NonClass: 26169K(26688K)->26169K(26688K) Class: 9195K(9408K)->9195K(9408K)
[321.292s][info][gc             ] GC(875) Pause Young (Allocation Failure) 479M->195M(501M) 1.575ms
[321.292s][info][gc,cpu         ] GC(875) User=0.00s Sys=0.00s Real=0.00s
[321.344s][info][gc,start       ] GC(876) Pause Young (Allocation Failure)
[321.346s][info][gc,heap        ] GC(876) PSYoungGen: 294976K(313344K)->32K(313344K) Eden: 294912K(294912K)->0K(294912K) From: 64K(18432K)->32K(18432K)
[321.346s][info][gc,heap        ] GC(876) ParOldGen: 199999K(200192K)->200015K(200192K)
[321.346s][info][gc,metaspace   ] GC(876) Metaspace: 35364K(36096K)->35364K(36096K) NonClass: 26169K(26688K)->26169K(26688K) Class: 9195K(9408K)->9195K(9408K)
[321.346s][info][gc             ] GC(876) Pause Young (Allocation Failure) 483M->195M(501M) 1.460ms
[321.346s][info][gc,cpu         ] GC(876) User=0.00s Sys=0.00s Real=0.00s
[321.441s][info][gc,start       ] GC(877) Pause Young (Allocation Failure)
[321.443s][info][gc,heap        ] GC(877) PSYoungGen: 294944K(313344K)->64K(314368K) Eden: 294912K(294912K)->0K(297984K) From: 32K(18432K)->64K(16384K)
[321.443s][info][gc,heap        ] GC(877) ParOldGen: 200015K(200192K)->200015K(200192K)
[321.443s][info][gc,metaspace   ] GC(877) Metaspace: 35364K(36096K)->35364K(36096K) NonClass: 26169K(26688K)->26169K(26688K) Class: 9195K(9408K)->9195K(9408K)
[321.443s][info][gc             ] GC(877) Pause Young (Allocation Failure) 483M->195M(502M) 1.496ms
[321.443s][info][gc,cpu         ] GC(877) User=0.00s Sys=0.00s Real=0.00s
[321.689s][info][gc,start       ] GC(878) Pause Young (Allocation Failure)
[321.691s][info][gc,heap        ] GC(878) PSYoungGen: 298048K(314368K)->32K(314368K) Eden: 297984K(297984K)->0K(297984K) From: 64K(16384K)->32K(16384K)
[321.691s][info][gc,heap        ] GC(878) ParOldGen: 200015K(200192K)->200031K(200192K)
[321.691s][info][gc,metaspace   ] GC(878) Metaspace: 35364K(36096K)->35364K(36096K) NonClass: 26169K(26688K)->26169K(26688K) Class: 9195K(9408K)->9195K(9408K)
[321.691s][info][gc             ] GC(878) Pause Young (Allocation Failure) 486M->195M(502M) 1.610ms
[321.691s][info][gc,cpu         ] GC(878) User=0.00s Sys=0.00s Real=0.00s
[321.874s][info][gc,start       ] GC(879) Pause Young (Allocation Failure)
[321.875s][info][gc,heap        ] GC(879) PSYoungGen: 298016K(314368K)->32K(316928K) Eden: 297984K(297984K)->0K(301568K) From: 32K(16384K)->32K(15360K)
[321.875s][info][gc,heap        ] GC(879) ParOldGen: 200031K(200192K)->200031K(200192K)
[321.875s][info][gc,metaspace   ] GC(879) Metaspace: 35364K(36096K)->35364K(36096K) NonClass: 26169K(26688K)->26169K(26688K) Class: 9195K(9408K)->9195K(9408K)
[321.875s][info][gc             ] GC(879) Pause Young (Allocation Failure) 486M->195M(505M) 1.464ms
[321.875s][info][gc,cpu         ] GC(879) User=0.00s Sys=0.00s Real=0.00s
[321.959s][info][gc,start       ] GC(880) Pause Young (Allocation Failure)
[321.960s][info][gc,heap        ] GC(880) PSYoungGen: 301600K(316928K)->64K(316416K) Eden: 301568K(301568K)->0K(301568K) From: 32K(15360K)->64K(14848K)
[321.960s][info][gc,heap        ] GC(880) ParOldGen: 200031K(200192K)->200047K(200192K)
[321.960s][info][gc,metaspace   ] GC(880) Metaspace: 35364K(36096K)->35364K(36096K) NonClass: 26169K(26688K)->26169K(26688K) Class: 9195K(9408K)->9195K(9408K)
[321.960s][info][gc             ] GC(880) Pause Young (Allocation Failure) 489M->195M(504M) 0.912ms
[321.960s][info][gc,cpu         ] GC(880) User=0.01s Sys=0.00s Real=0.00s
[322.113s][info][gc,start       ] GC(881) Pause Young (Allocation Failure)
[322.114s][info][gc,heap        ] GC(881) PSYoungGen: 301632K(316416K)->64K(317952K) Eden: 301568K(301568K)->0K(304640K) From: 64K(14848K)->64K(13312K)
[322.114s][info][gc,heap        ] GC(881) ParOldGen: 200047K(200192K)->200047K(200192K)
[322.114s][info][gc,metaspace   ] GC(881) Metaspace: 35364K(36096K)->35364K(36096K) NonClass: 26169K(26688K)->26169K(26688K) Class: 9195K(9408K)->9195K(9408K)
[322.114s][info][gc             ] GC(881) Pause Young (Allocation Failure) 489M->195M(506M) 0.824ms
[322.114s][info][gc,cpu         ] GC(881) User=0.00s Sys=0.00s Real=0.00s
[323.028s][info][gc,start       ] GC(882) Pause Young (Allocation Failure)
[323.029s][info][gc,heap        ] GC(882) PSYoungGen: 304704K(317952K)->64K(292864K) Eden: 304640K(304640K)->0K(292352K) From: 64K(13312K)->64K(512K)
[323.029s][info][gc,heap        ] GC(882) ParOldGen: 200047K(200192K)->200055K(200192K)
[323.030s][info][gc,metaspace   ] GC(882) Metaspace: 35364K(36096K)->35364K(36096K) NonClass: 26169K(26688K)->26169K(26688K) Class: 9195K(9408K)->9195K(9408K)
[323.030s][info][gc             ] GC(882) Pause Young (Allocation Failure) 492M->195M(481M) 1.573ms
[323.030s][info][gc,cpu         ] GC(882) User=0.00s Sys=0.00s Real=0.00s
[323.872s][info][gc,start       ] GC(883) Pause Young (Allocation Failure)
[323.873s][info][gc,heap        ] GC(883) PSYoungGen: 292416K(292864K)->64K(281088K) Eden: 292352K(292352K)->0K(280576K) From: 64K(512K)->64K(512K)
[323.873s][info][gc,heap        ] GC(883) ParOldGen: 200055K(200192K)->200063K(200192K)
[323.873s][info][gc,metaspace   ] GC(883) Metaspace: 35364K(36096K)->35364K(36096K) NonClass: 26169K(26688K)->26169K(26688K) Class: 9195K(9408K)->9195K(9408K)
[323.873s][info][gc             ] GC(883) Pause Young (Allocation Failure) 480M->195M(470M) 1.701ms
[323.873s][info][gc,cpu         ] GC(883) User=0.00s Sys=0.00s Real=0.00s
[324.227s][info][gc,start       ] GC(884) Pause Young (Allocation Failure)
[324.227s][info][gc,heap        ] GC(884) PSYoungGen: 280640K(281088K)->64K(280576K) Eden: 280576K(280576K)->0K(269312K) From: 64K(512K)->64K(11264K)
[324.227s][info][gc,heap        ] GC(884) ParOldGen: 200063K(200192K)->200071K(200192K)
[324.227s][info][gc,metaspace   ] GC(884) Metaspace: 35364K(36096K)->35364K(36096K) NonClass: 26169K(26688K)->26169K(26688K) Class: 9195K(9408K)->9195K(9408K)
[324.227s][info][gc             ] GC(884) Pause Young (Allocation Failure) 469M->195M(469M) 0.882ms
[324.227s][info][gc,cpu         ] GC(884) User=0.01s Sys=0.00s Real=0.01s
[325.290s][info][gc,start       ] GC(885) Pause Young (Allocation Failure)
[325.292s][info][gc,heap        ] GC(885) PSYoungGen: 269376K(280576K)->64K(259072K) Eden: 269312K(269312K)->0K(258560K) From: 64K(11264K)->64K(512K)
[325.292s][info][gc,heap        ] GC(885) ParOldGen: 200071K(200192K)->200087K(200192K)
[325.292s][info][gc,metaspace   ] GC(885) Metaspace: 35364K(36096K)->35364K(36096K) NonClass: 26169K(26688K)->26169K(26688K) Class: 9195K(9408K)->9195K(9408K)
[325.292s][info][gc             ] GC(885) Pause Young (Allocation Failure) 458M->195M(448M) 2.125ms
[325.292s][info][gc,cpu         ] GC(885) User=0.01s Sys=0.00s Real=0.00s
[325.522s][info][gc,start       ] GC(886) Pause Young (Allocation Failure)
[325.523s][info][gc,heap        ] GC(886) PSYoungGen: 258624K(259072K)->64K(258048K) Eden: 258560K(258560K)->0K(248320K) From: 64K(512K)->64K(9728K)
[325.523s][info][gc,heap        ] GC(886) ParOldGen: 200087K(200192K)->200103K(200192K)
[325.523s][info][gc,metaspace   ] GC(886) Metaspace: 35364K(36096K)->35364K(36096K) NonClass: 26169K(26688K)->26169K(26688K) Class: 9195K(9408K)->9195K(9408K)
[325.523s][info][gc             ] GC(886) Pause Young (Allocation Failure) 447M->195M(447M) 1.410ms
[325.523s][info][gc,cpu         ] GC(886) User=0.00s Sys=0.00s Real=0.00s
[325.870s][info][gc,start       ] GC(887) Pause Young (Allocation Failure)
[325.872s][info][gc,heap        ] GC(887) PSYoungGen: 248384K(258048K)->64K(239104K) Eden: 248320K(248320K)->0K(238592K) From: 64K(9728K)->64K(512K)
[325.872s][info][gc,heap        ] GC(887) ParOldGen: 200103K(200192K)->200119K(200192K)
[325.872s][info][gc,metaspace   ] GC(887) Metaspace: 35364K(36096K)->35364K(36096K) NonClass: 26169K(26688K)->26169K(26688K) Class: 9195K(9408K)->9195K(9408K)
[325.872s][info][gc             ] GC(887) Pause Young (Allocation Failure) 437M->195M(429M) 2.126ms
[325.872s][info][gc,cpu         ] GC(887) User=0.00s Sys=0.01s Real=0.00s
[325.942s][info][gc,start       ] GC(888) Pause Young (Allocation Failure)
[325.943s][info][gc,heap        ] GC(888) PSYoungGen: 238656K(239104K)->64K(238080K) Eden: 238592K(238592K)->0K(229376K) From: 64K(512K)->64K(8704K)
[325.943s][info][gc,heap        ] GC(888) ParOldGen: 200119K(200192K)->200135K(200192K)
[325.943s][info][gc,metaspace   ] GC(888) Metaspace: 35364K(36096K)->35364K(36096K) NonClass: 26169K(26688K)->26169K(26688K) Class: 9195K(9408K)->9195K(9408K)
[325.943s][info][gc             ] GC(888) Pause Young (Allocation Failure) 428M->195M(428M) 1.300ms
[325.943s][info][gc,cpu         ] GC(888) User=0.00s Sys=0.00s Real=0.00s
[326.415s][info][gc,start       ] GC(889) Pause Young (Allocation Failure)
[326.417s][info][gc,heap        ] GC(889) PSYoungGen: 229440K(238080K)->64K(221184K) Eden: 229376K(229376K)->0K(220672K) From: 64K(8704K)->64K(512K)
[326.417s][info][gc,heap        ] GC(889) ParOldGen: 200135K(200192K)->200151K(200192K)
[326.417s][info][gc,metaspace   ] GC(889) Metaspace: 35364K(36096K)->35364K(36096K) NonClass: 26169K(26688K)->26169K(26688K) Class: 9195K(9408K)->9195K(9408K)
[326.417s][info][gc             ] GC(889) Pause Young (Allocation Failure) 419M->195M(411M) 2.224ms
[326.417s][info][gc,cpu         ] GC(889) User=0.00s Sys=0.00s Real=0.00s
[326.640s][info][gc,start       ] GC(890) Pause Young (Allocation Failure)
[326.641s][info][gc,heap        ] GC(890) PSYoungGen: 220736K(221184K)->64K(220160K) Eden: 220672K(220672K)->0K(212480K) From: 64K(512K)->64K(7680K)
[326.641s][info][gc,heap        ] GC(890) ParOldGen: 200151K(200192K)->200167K(200192K)
[326.641s][info][gc,metaspace   ] GC(890) Metaspace: 35364K(36096K)->35364K(36096K) NonClass: 26169K(26688K)->26169K(26688K) Class: 9195K(9408K)->9195K(9408K)
[326.641s][info][gc             ] GC(890) Pause Young (Allocation Failure) 411M->195M(410M) 1.380ms
[326.641s][info][gc,cpu         ] GC(890) User=0.00s Sys=0.00s Real=0.00s
[326.973s][info][gc,start       ] GC(891) Pause Young (Allocation Failure)
[326.996s][info][gc,heap        ] GC(891) PSYoungGen: 212544K(220160K)->7168K(260096K) Eden: 212480K(212480K)->0K(252928K) From: 64K(7680K)->7168K(7168K)
[326.996s][info][gc,heap        ] GC(891) ParOldGen: 200167K(200192K)->200911K(201216K)
[326.996s][info][gc,metaspace   ] GC(891) Metaspace: 35364K(36096K)->35364K(36096K) NonClass: 26169K(26688K)->26169K(26688K) Class: 9195K(9408K)->9195K(9408K)
[326.996s][info][gc             ] GC(891) Pause Young (Allocation Failure) 403M->203M(450M) 23.278ms
[326.996s][info][gc,cpu         ] GC(891) User=0.03s Sys=0.00s Real=0.02s
[327.288s][info][gc,start       ] GC(892) Pause Young (Allocation Failure)
[327.343s][info][gc,heap        ] GC(892) PSYoungGen: 260096K(260096K)->9216K(270336K) Eden: 252928K(252928K)->0K(261120K) From: 7168K(7168K)->9216K(9216K)
[327.343s][info][gc,heap        ] GC(892) ParOldGen: 200911K(201216K)->220175K(220672K)
[327.343s][info][gc,metaspace   ] GC(892) Metaspace: 35364K(36096K)->35364K(36096K) NonClass: 26169K(26688K)->26169K(26688K) Class: 9195K(9408K)->9195K(9408K)
[327.343s][info][gc             ] GC(892) Pause Young (Allocation Failure) 450M->224M(479M) 54.414ms
[327.343s][info][gc,cpu         ] GC(892) User=0.09s Sys=0.01s Real=0.05s
[327.621s][info][gc,start       ] GC(893) Pause Young (Allocation Failure)
[327.677s][info][gc,heap        ] GC(893) PSYoungGen: 270336K(270336K)->18432K(302080K) Eden: 261120K(261120K)->0K(283648K) From: 9216K(9216K)->18432K(18432K)
[327.677s][info][gc,heap        ] GC(893) ParOldGen: 220175K(220672K)->228527K(228864K)
[327.677s][info][gc,metaspace   ] GC(893) Metaspace: 35364K(36096K)->35364K(36096K) NonClass: 26169K(26688K)->26169K(26688K) Class: 9195K(9408K)->9195K(9408K)
[327.677s][info][gc             ] GC(893) Pause Young (Allocation Failure) 479M->241M(518M) 56.675ms
[327.677s][info][gc,cpu         ] GC(893) User=0.09s Sys=0.03s Real=0.06s
[327.771s][info][gc,start       ] GC(894) Pause Young (Allocation Failure)
[327.775s][info][gc,heap        ] GC(894) PSYoungGen: 302080K(302080K)->64K(308736K) Eden: 283648K(283648K)->0K(283648K) From: 18432K(18432K)->64K(25088K)
[327.775s][info][gc,heap        ] GC(894) ParOldGen: 228527K(228864K)->228751K(228864K)
[327.775s][info][gc,metaspace   ] GC(894) Metaspace: 35364K(36096K)->35364K(36096K) NonClass: 26169K(26688K)->26169K(26688K) Class: 9195K(9408K)->9195K(9408K)
[327.775s][info][gc             ] GC(894) Pause Young (Allocation Failure) 518M->223M(525M) 3.268ms
[327.775s][info][gc,cpu         ] GC(894) User=0.00s Sys=0.00s Real=0.00s
[328.422s][info][gc,start       ] GC(895) Pause Young (Allocation Failure)
[328.423s][info][gc,heap        ] GC(895) PSYoungGen: 283712K(308736K)->64K(306176K) Eden: 283648K(283648K)->0K(284160K) From: 64K(25088K)->64K(22016K)
[328.423s][info][gc,heap        ] GC(895) ParOldGen: 228751K(228864K)->228759K(228864K)
[328.423s][info][gc,metaspace   ] GC(895) Metaspace: 35364K(36096K)->35364K(36096K) NonClass: 26169K(26688K)->26169K(26688K) Class: 9195K(9408K)->9195K(9408K)
[328.423s][info][gc             ] GC(895) Pause Young (Allocation Failure) 500M->223M(522M) 1.216ms
[328.423s][info][gc,cpu         ] GC(895) User=0.00s Sys=0.00s Real=0.00s
[328.767s][info][gc,start       ] GC(896) Pause Young (Allocation Failure)
[328.768s][info][gc,heap        ] GC(896) PSYoungGen: 284224K(306176K)->64K(307712K) Eden: 284160K(284160K)->0K(284160K) From: 64K(22016K)->64K(23552K)
[328.768s][info][gc,heap        ] GC(896) ParOldGen: 228759K(228864K)->228767K(228864K)
[328.768s][info][gc,metaspace   ] GC(896) Metaspace: 35364K(36096K)->35364K(36096K) NonClass: 26169K(26688K)->26169K(26688K) Class: 9195K(9408K)->9195K(9408K)
[328.768s][info][gc             ] GC(896) Pause Young (Allocation Failure) 500M->223M(524M) 0.950ms
[328.768s][info][gc,cpu         ] GC(896) User=0.00s Sys=0.00s Real=0.01s
[329.198s][info][gc,start       ] GC(897) Pause Young (Allocation Failure)
[329.199s][info][gc,heap        ] GC(897) PSYoungGen: 284224K(307712K)->64K(307712K) Eden: 284160K(284160K)->0K(287744K) From: 64K(23552K)->64K(19968K)
[329.199s][info][gc,heap        ] GC(897) ParOldGen: 228767K(228864K)->228783K(228864K)
[329.199s][info][gc,metaspace   ] GC(897) Metaspace: 35364K(36096K)->35364K(36096K) NonClass: 26169K(26688K)->26169K(26688K) Class: 9195K(9408K)->9195K(9408K)
[329.199s][info][gc             ] GC(897) Pause Young (Allocation Failure) 500M->223M(524M) 1.033ms
[329.200s][info][gc,cpu         ] GC(897) User=0.00s Sys=0.00s Real=0.00s
[329.438s][info][gc,start       ] GC(898) Pause Young (Allocation Failure)
[329.440s][info][gc,heap        ] GC(898) PSYoungGen: 287808K(307712K)->64K(309248K) Eden: 287744K(287744K)->0K(287744K) From: 64K(19968K)->64K(21504K)
[329.440s][info][gc,heap        ] GC(898) ParOldGen: 228783K(228864K)->228799K(228864K)
[329.440s][info][gc,metaspace   ] GC(898) Metaspace: 35364K(36096K)->35364K(36096K) NonClass: 26169K(26688K)->26169K(26688K) Class: 9195K(9408K)->9195K(9408K)
[329.440s][info][gc             ] GC(898) Pause Young (Allocation Failure) 504M->223M(525M) 1.404ms
[329.440s][info][gc,cpu         ] GC(898) User=0.00s Sys=0.00s Real=0.00s
[329.805s][info][gc,start       ] GC(899) Pause Young (Allocation Failure)
[329.806s][info][gc,heap        ] GC(899) PSYoungGen: 287808K(309248K)->64K(309760K) Eden: 287744K(287744K)->0K(291840K) From: 64K(21504K)->64K(17920K)
[329.806s][info][gc,heap        ] GC(899) ParOldGen: 228799K(228864K)->228799K(228864K)
[329.806s][info][gc,metaspace   ] GC(899) Metaspace: 35364K(36096K)->35364K(36096K) NonClass: 26169K(26688K)->26169K(26688K) Class: 9195K(9408K)->9195K(9408K)
[329.806s][info][gc             ] GC(899) Pause Young (Allocation Failure) 504M->223M(526M) 0.947ms
[329.806s][info][gc,cpu         ] GC(899) User=0.00s Sys=0.00s Real=0.00s
[329.877s][info][gc,start       ] GC(900) Pause Young (Allocation Failure)
[329.878s][info][gc,heap        ] GC(900) PSYoungGen: 291904K(309760K)->64K(311296K) Eden: 291840K(291840K)->0K(291840K) From: 64K(17920K)->64K(19456K)
[329.878s][info][gc,heap        ] GC(900) ParOldGen: 228799K(228864K)->228807K(228864K)
[329.878s][info][gc,metaspace   ] GC(900) Metaspace: 35377K(36096K)->35377K(36096K) NonClass: 26182K(26688K)->26182K(26688K) Class: 9195K(9408K)->9195K(9408K)
[329.878s][info][gc             ] GC(900) Pause Young (Allocation Failure) 508M->223M(527M) 0.982ms
[329.878s][info][gc,cpu         ] GC(900) User=0.00s Sys=0.00s Real=0.01s
[329.928s][info][gc,start       ] GC(901) Pause Young (Allocation Failure)
[329.929s][info][gc,heap        ] GC(901) PSYoungGen: 291904K(311296K)->32K(311808K) Eden: 291840K(291840K)->0K(295936K) From: 64K(19456K)->32K(15872K)
[329.929s][info][gc,heap        ] GC(901) ParOldGen: 228807K(228864K)->228823K(228864K)
[329.929s][info][gc,metaspace   ] GC(901) Metaspace: 35377K(36096K)->35377K(36096K) NonClass: 26182K(26688K)->26182K(26688K) Class: 9195K(9408K)->9195K(9408K)
[329.929s][info][gc             ] GC(901) Pause Young (Allocation Failure) 508M->223M(528M) 0.857ms
[329.929s][info][gc,cpu         ] GC(901) User=0.00s Sys=0.00s Real=0.00s
[330.120s][info][gc,start       ] GC(902) Pause Young (Allocation Failure)
[330.121s][info][gc,heap        ] GC(902) PSYoungGen: 295968K(311808K)->64K(313344K) Eden: 295936K(295936K)->0K(295936K) From: 32K(15872K)->64K(17408K)
[330.121s][info][gc,heap        ] GC(902) ParOldGen: 228823K(228864K)->228823K(228864K)
[330.121s][info][gc,metaspace   ] GC(902) Metaspace: 35377K(36096K)->35377K(36096K) NonClass: 26182K(26688K)->26182K(26688K) Class: 9195K(9408K)->9195K(9408K)
[330.121s][info][gc             ] GC(902) Pause Young (Allocation Failure) 512M->223M(529M) 1.096ms
[330.121s][info][gc,cpu         ] GC(902) User=0.00s Sys=0.00s Real=0.00s
[330.353s][info][gc,start       ] GC(903) Pause Young (Allocation Failure)
[330.353s][info][gc,heap        ] GC(903) PSYoungGen: 296000K(313344K)->64K(314880K) Eden: 295936K(295936K)->0K(300032K) From: 64K(17408K)->64K(14848K)
[330.353s][info][gc,heap        ] GC(903) ParOldGen: 228823K(228864K)->228831K(228864K)
[330.354s][info][gc,metaspace   ] GC(903) Metaspace: 35379K(36096K)->35379K(36096K) NonClass: 26183K(26688K)->26183K(26688K) Class: 9195K(9408K)->9195K(9408K)
[330.354s][info][gc             ] GC(903) Pause Young (Allocation Failure) 512M->223M(531M) 0.951ms
[330.354s][info][gc,cpu         ] GC(903) User=0.00s Sys=0.00s Real=0.00s
[330.478s][info][gc,start       ] GC(904) Pause Young (Allocation Failure)
[330.479s][info][gc,heap        ] GC(904) PSYoungGen: 300096K(314880K)->64K(315904K) Eden: 300032K(300032K)->0K(300032K) From: 64K(14848K)->64K(15872K)
[330.479s][info][gc,heap        ] GC(904) ParOldGen: 228831K(228864K)->228839K(228864K)
[330.479s][info][gc,metaspace   ] GC(904) Metaspace: 35379K(36096K)->35379K(36096K) NonClass: 26183K(26688K)->26183K(26688K) Class: 9195K(9408K)->9195K(9408K)
[330.479s][info][gc             ] GC(904) Pause Young (Allocation Failure) 516M->223M(532M) 0.942ms
[330.479s][info][gc,cpu         ] GC(904) User=0.00s Sys=0.00s Real=0.00s
[330.585s][info][gc,start       ] GC(905) Pause Young (Allocation Failure)
[330.586s][info][gc,heap        ] GC(905) PSYoungGen: 300096K(315904K)->64K(315904K) Eden: 300032K(300032K)->0K(303104K) From: 64K(15872K)->64K(12800K)
[330.586s][info][gc,heap        ] GC(905) ParOldGen: 228839K(228864K)->228847K(228864K)
[330.586s][info][gc,metaspace   ] GC(905) Metaspace: 35379K(36096K)->35379K(36096K) NonClass: 26183K(26688K)->26183K(26688K) Class: 9195K(9408K)->9195K(9408K)
[330.586s][info][gc             ] GC(905) Pause Young (Allocation Failure) 516M->223M(532M) 0.956ms
[330.586s][info][gc,cpu         ] GC(905) User=0.01s Sys=0.00s Real=0.00s
[330.933s][info][gc,start       ] GC(906) Pause Young (Allocation Failure)
[330.935s][info][gc,heap        ] GC(906) PSYoungGen: 303168K(315904K)->64K(291328K) Eden: 303104K(303104K)->0K(290816K) From: 64K(12800K)->64K(512K)
[330.935s][info][gc,heap        ] GC(906) ParOldGen: 228847K(228864K)->228855K(228864K)
[330.935s][info][gc,metaspace   ] GC(906) Metaspace: 35379K(36096K)->35379K(36096K) NonClass: 26183K(26688K)->26183K(26688K) Class: 9195K(9408K)->9195K(9408K)
[330.935s][info][gc             ] GC(906) Pause Young (Allocation Failure) 519M->223M(508M) 1.717ms
[330.935s][info][gc,cpu         ] GC(906) User=0.00s Sys=0.00s Real=0.00s
[331.633s][info][gc,start       ] GC(907) Pause Young (Allocation Failure)
[331.634s][info][gc,heap        ] GC(907) PSYoungGen: 290880K(291328K)->64K(279552K) Eden: 290816K(290816K)->0K(279040K) From: 64K(512K)->64K(512K)
[331.634s][info][gc,heap        ] GC(907) ParOldGen: 228855K(228864K)->228863K(228864K)
[331.634s][info][gc,metaspace   ] GC(907) Metaspace: 35379K(36096K)->35379K(36096K) NonClass: 26183K(26688K)->26183K(26688K) Class: 9195K(9408K)->9195K(9408K)
[331.635s][info][gc             ] GC(907) Pause Young (Allocation Failure) 507M->223M(496M) 1.329ms
[331.635s][info][gc,cpu         ] GC(907) User=0.00s Sys=0.00s Real=0.00s
[332.545s][info][gc,start       ] GC(908) Pause Young (Allocation Failure)
[332.546s][info][gc,heap        ] GC(908) PSYoungGen: 279104K(279552K)->64K(280576K) Eden: 279040K(279040K)->0K(268288K) From: 64K(512K)->64K(12288K)
[332.546s][info][gc,heap        ] GC(908) ParOldGen: 228863K(228864K)->228879K(229376K)
[332.546s][info][gc,metaspace   ] GC(908) Metaspace: 35379K(36096K)->35379K(36096K) NonClass: 26183K(26688K)->26183K(26688K) Class: 9195K(9408K)->9195K(9408K)
[332.546s][info][gc             ] GC(908) Pause Young (Allocation Failure) 496M->223M(498M) 1.015ms
[332.546s][info][gc,cpu         ] GC(908) User=0.00s Sys=0.00s Real=0.00s
[332.987s][info][gc,start       ] GC(909) Pause Young (Allocation Failure)
[332.989s][info][gc,heap        ] GC(909) PSYoungGen: 268352K(280576K)->64K(258560K) Eden: 268288K(268288K)->0K(258048K) From: 64K(12288K)->64K(512K)
[332.989s][info][gc,heap        ] GC(909) ParOldGen: 228879K(229376K)->228887K(229376K)
[332.989s][info][gc,metaspace   ] GC(909) Metaspace: 35379K(36096K)->35379K(36096K) NonClass: 26183K(26688K)->26183K(26688K) Class: 9195K(9408K)->9195K(9408K)
[332.989s][info][gc             ] GC(909) Pause Young (Allocation Failure) 485M->223M(476M) 1.431ms
[332.989s][info][gc,cpu         ] GC(909) User=0.00s Sys=0.00s Real=0.00s
[333.930s][info][gc,start       ] GC(910) Pause Young (Allocation Failure)
[333.931s][info][gc,heap        ] GC(910) PSYoungGen: 258112K(258560K)->64K(259072K) Eden: 258048K(258048K)->0K(248320K) From: 64K(512K)->64K(10752K)
[333.931s][info][gc,heap        ] GC(910) ParOldGen: 228887K(229376K)->228895K(229376K)
[333.931s][info][gc,metaspace   ] GC(910) Metaspace: 35379K(36096K)->35379K(36096K) NonClass: 26183K(26688K)->26183K(26688K) Class: 9195K(9408K)->9195K(9408K)
[333.931s][info][gc             ] GC(910) Pause Young (Allocation Failure) 475M->223M(477M) 0.965ms
[333.931s][info][gc,cpu         ] GC(910) User=0.00s Sys=0.00s Real=0.00s
[334.303s][info][gc,start       ] GC(911) Pause Young (Allocation Failure)
[334.304s][info][gc,heap        ] GC(911) PSYoungGen: 248384K(259072K)->64K(239104K) Eden: 248320K(248320K)->0K(238592K) From: 64K(10752K)->64K(512K)
[334.304s][info][gc,heap        ] GC(911) ParOldGen: 228895K(229376K)->228903K(229376K)
[334.304s][info][gc,metaspace   ] GC(911) Metaspace: 35379K(36096K)->35379K(36096K) NonClass: 26183K(26688K)->26183K(26688K) Class: 9195K(9408K)->9195K(9408K)
[334.304s][info][gc             ] GC(911) Pause Young (Allocation Failure) 466M->223M(457M) 1.648ms
[334.304s][info][gc,cpu         ] GC(911) User=0.00s Sys=0.00s Real=0.00s
[334.461s][info][gc,start       ] GC(912) Pause Young (Allocation Failure)
[334.462s][info][gc,heap        ] GC(912) PSYoungGen: 238656K(239104K)->64K(238592K) Eden: 238592K(238592K)->0K(229376K) From: 64K(512K)->64K(9216K)
[334.462s][info][gc,heap        ] GC(912) ParOldGen: 228903K(229376K)->228911K(229376K)
[334.462s][info][gc,metaspace   ] GC(912) Metaspace: 35379K(36096K)->35379K(36096K) NonClass: 26183K(26688K)->26183K(26688K) Class: 9195K(9408K)->9195K(9408K)
[334.462s][info][gc             ] GC(912) Pause Young (Allocation Failure) 456M->223M(457M) 0.848ms
[334.462s][info][gc,cpu         ] GC(912) User=0.00s Sys=0.00s Real=0.00s
[334.554s][info][gc,start       ] GC(913) Pause Young (Allocation Failure)
[334.555s][info][gc,heap        ] GC(913) PSYoungGen: 229440K(238592K)->64K(221184K) Eden: 229376K(229376K)->0K(220672K) From: 64K(9216K)->64K(512K)
[334.555s][info][gc,heap        ] GC(913) ParOldGen: 228911K(229376K)->228927K(229376K)
[334.555s][info][gc,metaspace   ] GC(913) Metaspace: 35379K(36096K)->35379K(36096K) NonClass: 26183K(26688K)->26183K(26688K) Class: 9195K(9408K)->9195K(9408K)
[334.555s][info][gc             ] GC(913) Pause Young (Allocation Failure) 447M->223M(440M) 1.459ms
[334.555s][info][gc,cpu         ] GC(913) User=0.00s Sys=0.00s Real=0.00s
[335.108s][info][gc,start       ] GC(914) Pause Young (Allocation Failure)
[335.109s][info][gc,heap        ] GC(914) PSYoungGen: 220736K(221184K)->64K(220672K) Eden: 220672K(220672K)->0K(212480K) From: 64K(512K)->64K(8192K)
[335.109s][info][gc,heap        ] GC(914) ParOldGen: 228927K(229376K)->228935K(229376K)
[335.109s][info][gc,metaspace   ] GC(914) Metaspace: 35379K(36096K)->35379K(36096K) NonClass: 26183K(26688K)->26183K(26688K) Class: 9195K(9408K)->9195K(9408K)
[335.109s][info][gc             ] GC(914) Pause Young (Allocation Failure) 439M->223M(439M) 0.919ms
[335.109s][info][gc,cpu         ] GC(914) User=0.00s Sys=0.00s Real=0.00s
[335.279s][info][gc,start       ] GC(915) Pause Young (Allocation Failure)
[335.280s][info][gc,heap        ] GC(915) PSYoungGen: 212544K(220672K)->64K(205312K) Eden: 212480K(212480K)->0K(204800K) From: 64K(8192K)->64K(512K)
[335.280s][info][gc,heap        ] GC(915) ParOldGen: 228935K(229376K)->228943K(229376K)
[335.280s][info][gc,metaspace   ] GC(915) Metaspace: 35379K(36096K)->35379K(36096K) NonClass: 26183K(26688K)->26183K(26688K) Class: 9195K(9408K)->9195K(9408K)
[335.280s][info][gc             ] GC(915) Pause Young (Allocation Failure) 431M->223M(424M) 1.614ms
[335.280s][info][gc,cpu         ] GC(915) User=0.00s Sys=0.01s Real=0.00s
[335.583s][info][gc,start       ] GC(916) Pause Young (Allocation Failure)
[335.604s][info][gc,heap        ] GC(916) PSYoungGen: 204864K(205312K)->6656K(249856K) Eden: 204800K(204800K)->0K(243200K) From: 64K(512K)->6656K(6656K)
[335.604s][info][gc,heap        ] GC(916) ParOldGen: 228943K(229376K)->234071K(234496K)
[335.604s][info][gc,metaspace   ] GC(916) Metaspace: 35379K(36096K)->35379K(36096K) NonClass: 26183K(26688K)->26183K(26688K) Class: 9195K(9408K)->9195K(9408K)
[335.604s][info][gc             ] GC(916) Pause Young (Allocation Failure) 423M->235M(473M) 20.224ms
[335.604s][info][gc,cpu         ] GC(916) User=0.04s Sys=0.00s Real=0.02s
[335.889s][info][gc,start       ] GC(917) Pause Young (Allocation Failure)
[335.943s][info][gc,heap        ] GC(917) PSYoungGen: 249856K(249856K)->6656K(252416K) Eden: 243200K(243200K)->0K(245760K) From: 6656K(6656K)->6656K(6656K)
[335.943s][info][gc,heap        ] GC(917) ParOldGen: 234071K(234496K)->254927K(254976K)
[335.943s][info][gc,metaspace   ] GC(917) Metaspace: 35379K(36096K)->35379K(36096K) NonClass: 26183K(26688K)->26183K(26688K) Class: 9195K(9408K)->9195K(9408K)
[335.943s][info][gc             ] GC(917) Pause Young (Allocation Failure) 472M->255M(495M) 53.290ms
[335.943s][info][gc,cpu         ] GC(917) User=0.09s Sys=0.02s Real=0.05s
[336.195s][info][gc,start       ] GC(918) Pause Young (Allocation Failure)
[336.238s][info][gc,heap        ] GC(918) PSYoungGen: 252416K(252416K)->18944K(264704K) Eden: 245760K(245760K)->0K(245760K) From: 6656K(6656K)->18944K(18944K)
[336.238s][info][gc,heap        ] GC(918) ParOldGen: 254927K(254976K)->260031K(260096K)
[336.238s][info][gc,metaspace   ] GC(918) Metaspace: 35379K(36096K)->35379K(36096K) NonClass: 26183K(26688K)->26183K(26688K) Class: 9195K(9408K)->9195K(9408K)
[336.238s][info][gc             ] GC(918) Pause Young (Allocation Failure) 495M->272M(512M) 42.848ms
[336.238s][info][gc,cpu         ] GC(918) User=0.09s Sys=0.00s Real=0.05s
[336.312s][info][gc,start       ] GC(919) Pause Young (Allocation Failure)
[336.314s][info][gc,heap        ] GC(919) PSYoungGen: 264704K(264704K)->64K(309760K) Eden: 245760K(245760K)->0K(284672K) From: 18944K(18944K)->64K(25088K)
[336.314s][info][gc,heap        ] GC(919) ParOldGen: 260031K(260096K)->260159K(260608K)
[336.314s][info][gc,metaspace   ] GC(919) Metaspace: 35379K(36096K)->35379K(36096K) NonClass: 26183K(26688K)->26183K(26688K) Class: 9195K(9408K)->9195K(9408K)
[336.314s][info][gc             ] GC(919) Pause Young (Allocation Failure) 512M->254M(557M) 2.441ms
[336.314s][info][gc,cpu         ] GC(919) User=0.01s Sys=0.00s Real=0.00s
[336.926s][info][gc,start       ] GC(920) Pause Young (Allocation Failure)
[336.927s][info][gc,heap        ] GC(920) PSYoungGen: 284736K(309760K)->64K(285184K) Eden: 284672K(284672K)->0K(284672K) From: 64K(25088K)->64K(512K)
[336.927s][info][gc,heap        ] GC(920) ParOldGen: 260159K(260608K)->260167K(260608K)
[336.927s][info][gc,metaspace   ] GC(920) Metaspace: 35379K(36096K)->35379K(36096K) NonClass: 26183K(26688K)->26183K(26688K) Class: 9195K(9408K)->9195K(9408K)
[336.927s][info][gc             ] GC(920) Pause Young (Allocation Failure) 532M->254M(533M) 1.164ms
[336.927s][info][gc,cpu         ] GC(920) User=0.00s Sys=0.00s Real=0.00s
[337.298s][info][gc,start       ] GC(921) Pause Young (Allocation Failure)
[337.299s][info][gc,heap        ] GC(921) PSYoungGen: 284736K(285184K)->64K(309248K) Eden: 284672K(284672K)->0K(285696K) From: 64K(512K)->64K(23552K)
[337.299s][info][gc,heap        ] GC(921) ParOldGen: 260167K(260608K)->260175K(260608K)
[337.299s][info][gc,metaspace   ] GC(921) Metaspace: 35379K(36096K)->35379K(36096K) NonClass: 26183K(26688K)->26183K(26688K) Class: 9195K(9408K)->9195K(9408K)
[337.299s][info][gc             ] GC(921) Pause Young (Allocation Failure) 532M->254M(556M) 1.142ms
[337.299s][info][gc,cpu         ] GC(921) User=0.00s Sys=0.00s Real=0.00s
[337.750s][info][gc,start       ] GC(922) Pause Young (Allocation Failure)
[337.751s][info][gc,heap        ] GC(922) PSYoungGen: 285760K(309248K)->64K(308224K) Eden: 285696K(285696K)->0K(285696K) From: 64K(23552K)->64K(22528K)
[337.751s][info][gc,heap        ] GC(922) ParOldGen: 260175K(260608K)->260191K(260608K)
[337.751s][info][gc,metaspace   ] GC(922) Metaspace: 35379K(36096K)->35379K(36096K) NonClass: 26183K(26688K)->26183K(26688K) Class: 9195K(9408K)->9195K(9408K)
[337.751s][info][gc             ] GC(922) Pause Young (Allocation Failure) 533M->254M(555M) 1.060ms
[337.751s][info][gc,cpu         ] GC(922) User=0.00s Sys=0.00s Real=0.00s
[337.985s][info][gc,start       ] GC(923) Pause Young (Allocation Failure)
[337.986s][info][gc,heap        ] GC(923) PSYoungGen: 285760K(308224K)->64K(310272K) Eden: 285696K(285696K)->0K(288768K) From: 64K(22528K)->64K(21504K)
[337.986s][info][gc,heap        ] GC(923) ParOldGen: 260191K(260608K)->260207K(260608K)
[337.986s][info][gc,metaspace   ] GC(923) Metaspace: 35379K(36096K)->35379K(36096K) NonClass: 26183K(26688K)->26183K(26688K) Class: 9195K(9408K)->9195K(9408K)
[337.986s][info][gc             ] GC(923) Pause Young (Allocation Failure) 533M->254M(557M) 0.995ms
[337.986s][info][gc,cpu         ] GC(923) User=0.00s Sys=0.00s Real=0.00s
[338.360s][info][gc,start       ] GC(924) Pause Young (Allocation Failure)
[338.361s][info][gc,heap        ] GC(924) PSYoungGen: 288832K(310272K)->64K(309248K) Eden: 288768K(288768K)->0K(288768K) From: 64K(21504K)->64K(20480K)
[338.361s][info][gc,heap        ] GC(924) ParOldGen: 260207K(260608K)->260207K(260608K)
[338.361s][info][gc,metaspace   ] GC(924) Metaspace: 35379K(36096K)->35379K(36096K) NonClass: 26183K(26688K)->26183K(26688K) Class: 9195K(9408K)->9195K(9408K)
[338.361s][info][gc             ] GC(924) Pause Young (Allocation Failure) 536M->254M(556M) 1.073ms
[338.361s][info][gc,cpu         ] GC(924) User=0.00s Sys=0.00s Real=0.00s
[338.451s][info][gc,start       ] GC(925) Pause Young (Allocation Failure)
[338.452s][info][gc,heap        ] GC(925) PSYoungGen: 288832K(309248K)->64K(312320K) Eden: 288768K(288768K)->0K(292864K) From: 64K(20480K)->64K(19456K)
[338.452s][info][gc,heap        ] GC(925) ParOldGen: 260207K(260608K)->260215K(260608K)
[338.452s][info][gc,metaspace   ] GC(925) Metaspace: 35379K(36096K)->35379K(36096K) NonClass: 26183K(26688K)->26183K(26688K) Class: 9195K(9408K)->9195K(9408K)
[338.452s][info][gc             ] GC(925) Pause Young (Allocation Failure) 536M->254M(559M) 0.930ms
[338.452s][info][gc,cpu         ] GC(925) User=0.00s Sys=0.00s Real=0.00s
[338.505s][info][gc,start       ] GC(926) Pause Young (Allocation Failure)
[338.506s][info][gc,heap        ] GC(926) PSYoungGen: 292928K(312320K)->64K(311296K) Eden: 292864K(292864K)->0K(292864K) From: 64K(19456K)->64K(18432K)
[338.506s][info][gc,heap        ] GC(926) ParOldGen: 260215K(260608K)->260231K(260608K)
[338.506s][info][gc,metaspace   ] GC(926) Metaspace: 35379K(36096K)->35379K(36096K) NonClass: 26183K(26688K)->26183K(26688K) Class: 9195K(9408K)->9195K(9408K)
[338.506s][info][gc             ] GC(926) Pause Young (Allocation Failure) 540M->254M(558M) 0.913ms
[338.506s][info][gc,cpu         ] GC(926) User=0.00s Sys=0.00s Real=0.00s
[338.671s][info][gc,start       ] GC(927) Pause Young (Allocation Failure)
[338.671s][info][gc,heap        ] GC(927) PSYoungGen: 292928K(311296K)->64K(314368K) Eden: 292864K(292864K)->0K(296960K) From: 64K(18432K)->64K(17408K)
[338.671s][info][gc,heap        ] GC(927) ParOldGen: 260231K(260608K)->260231K(260608K)
[338.671s][info][gc,metaspace   ] GC(927) Metaspace: 35379K(36096K)->35379K(36096K) NonClass: 26183K(26688K)->26183K(26688K) Class: 9195K(9408K)->9195K(9408K)
[338.672s][info][gc             ] GC(927) Pause Young (Allocation Failure) 540M->254M(561M) 0.898ms
[338.672s][info][gc,cpu         ] GC(927) User=0.00s Sys=0.00s Real=0.00s
[338.910s][info][gc,start       ] GC(928) Pause Young (Allocation Failure)
[338.911s][info][gc,heap        ] GC(928) PSYoungGen: 297024K(314368K)->64K(313344K) Eden: 296960K(296960K)->0K(296960K) From: 64K(17408K)->64K(16384K)
[338.911s][info][gc,heap        ] GC(928) ParOldGen: 260231K(260608K)->260239K(260608K)
[338.911s][info][gc,metaspace   ] GC(928) Metaspace: 35379K(36096K)->35379K(36096K) NonClass: 26183K(26688K)->26183K(26688K) Class: 9195K(9408K)->9195K(9408K)
[338.911s][info][gc             ] GC(928) Pause Young (Allocation Failure) 544M->254M(560M) 0.984ms
[338.911s][info][gc,cpu         ] GC(928) User=0.00s Sys=0.00s Real=0.00s
[339.044s][info][gc,start       ] GC(929) Pause Young (Allocation Failure)
[339.045s][info][gc,heap        ] GC(929) PSYoungGen: 297024K(313344K)->64K(316416K) Eden: 296960K(296960K)->0K(301056K) From: 64K(16384K)->64K(15360K)
[339.045s][info][gc,heap        ] GC(929) ParOldGen: 260239K(260608K)->260247K(260608K)
[339.045s][info][gc,metaspace   ] GC(929) Metaspace: 35379K(36096K)->35379K(36096K) NonClass: 26183K(26688K)->26183K(26688K) Class: 9195K(9408K)->9195K(9408K)
[339.045s][info][gc             ] GC(929) Pause Young (Allocation Failure) 544M->254M(563M) 1.031ms
[339.045s][info][gc,cpu         ] GC(929) User=0.00s Sys=0.00s Real=0.00s
[339.145s][info][gc,start       ] GC(930) Pause Young (Allocation Failure)
[339.146s][info][gc,heap        ] GC(930) PSYoungGen: 301120K(316416K)->64K(315392K) Eden: 301056K(301056K)->0K(301056K) From: 64K(15360K)->64K(14336K)
[339.146s][info][gc,heap        ] GC(930) ParOldGen: 260247K(260608K)->260255K(260608K)
[339.146s][info][gc,metaspace   ] GC(930) Metaspace: 35379K(36096K)->35379K(36096K) NonClass: 26183K(26688K)->26183K(26688K) Class: 9195K(9408K)->9195K(9408K)
[339.146s][info][gc             ] GC(930) Pause Young (Allocation Failure) 548M->254M(562M) 1.057ms
[339.146s][info][gc,cpu         ] GC(930) User=0.01s Sys=0.00s Real=0.00s
[339.358s][info][gc,start       ] GC(931) Pause Young (Allocation Failure)
[339.359s][info][gc,heap        ] GC(931) PSYoungGen: 301120K(315392K)->64K(289280K) Eden: 301056K(301056K)->0K(288768K) From: 64K(14336K)->64K(512K)
[339.359s][info][gc,heap        ] GC(931) ParOldGen: 260255K(260608K)->260263K(260608K)
[339.359s][info][gc,metaspace   ] GC(931) Metaspace: 35379K(36096K)->35379K(36096K) NonClass: 26183K(26688K)->26183K(26688K) Class: 9195K(9408K)->9195K(9408K)
[339.360s][info][gc             ] GC(931) Pause Young (Allocation Failure) 548M->254M(537M) 1.025ms
[339.360s][info][gc,cpu         ] GC(931) User=0.00s Sys=0.00s Real=0.00s
[340.181s][info][gc,start       ] GC(932) Pause Young (Allocation Failure)
[340.182s][info][gc,heap        ] GC(932) PSYoungGen: 288832K(289280K)->83K(290304K) Eden: 288768K(288768K)->0K(277504K) From: 64K(512K)->83K(12800K)
[340.182s][info][gc,heap        ] GC(932) ParOldGen: 260263K(260608K)->260271K(260608K)
[340.182s][info][gc,metaspace   ] GC(932) Metaspace: 35379K(36096K)->35379K(36096K) NonClass: 26183K(26688K)->26183K(26688K) Class: 9195K(9408K)->9195K(9408K)
[340.182s][info][gc             ] GC(932) Pause Young (Allocation Failure) 536M->254M(538M) 0.919ms
[340.182s][info][gc,cpu         ] GC(932) User=0.00s Sys=0.00s Real=0.00s
[341.079s][info][gc,start       ] GC(933) Pause Young (Allocation Failure)
[341.080s][info][gc,heap        ] GC(933) PSYoungGen: 277587K(290304K)->64K(267264K) Eden: 277504K(277504K)->0K(266752K) From: 83K(12800K)->64K(512K)
[341.080s][info][gc,heap        ] GC(933) ParOldGen: 260271K(260608K)->260279K(260608K)
[341.080s][info][gc,metaspace   ] GC(933) Metaspace: 35379K(36096K)->35379K(36096K) NonClass: 26183K(26688K)->26183K(26688K) Class: 9195K(9408K)->9195K(9408K)
[341.080s][info][gc             ] GC(933) Pause Young (Allocation Failure) 525M->254M(515M) 1.092ms
[341.080s][info][gc,cpu         ] GC(933) User=0.00s Sys=0.00s Real=0.00s
[341.493s][info][gc,start       ] GC(934) Pause Young (Allocation Failure)
[341.494s][info][gc,heap        ] GC(934) PSYoungGen: 266816K(267264K)->64K(267776K) Eden: 266752K(266752K)->0K(256512K) From: 64K(512K)->64K(11264K)
[341.494s][info][gc,heap        ] GC(934) ParOldGen: 260279K(260608K)->260287K(260608K)
[341.494s][info][gc,metaspace   ] GC(934) Metaspace: 35379K(36096K)->35379K(36096K) NonClass: 26183K(26688K)->26183K(26688K) Class: 9195K(9408K)->9195K(9408K)
[341.494s][info][gc             ] GC(934) Pause Young (Allocation Failure) 514M->254M(516M) 0.947ms
[341.494s][info][gc,cpu         ] GC(934) User=0.01s Sys=0.00s Real=0.00s
[342.473s][info][gc,start       ] GC(935) Pause Young (Allocation Failure)
[342.474s][info][gc,heap        ] GC(935) PSYoungGen: 256576K(267776K)->64K(247296K) Eden: 256512K(256512K)->0K(246784K) From: 64K(11264K)->64K(512K)
[342.474s][info][gc,heap        ] GC(935) ParOldGen: 260287K(260608K)->260303K(260608K)
[342.474s][info][gc,metaspace   ] GC(935) Metaspace: 35379K(36096K)->35379K(36096K) NonClass: 26183K(26688K)->26183K(26688K) Class: 9195K(9408K)->9195K(9408K)
[342.474s][info][gc             ] GC(935) Pause Young (Allocation Failure) 504M->254M(496M) 1.273ms
[342.474s][info][gc,cpu         ] GC(935) User=0.00s Sys=0.00s Real=0.00s
[342.847s][info][gc,start       ] GC(936) Pause Young (Allocation Failure)
[342.848s][info][gc,heap        ] GC(936) PSYoungGen: 246848K(247296K)->64K(247296K) Eden: 246784K(246784K)->0K(237568K) From: 64K(512K)->64K(9728K)
[342.848s][info][gc,heap        ] GC(936) ParOldGen: 260303K(260608K)->260311K(260608K)
[342.848s][info][gc,metaspace   ] GC(936) Metaspace: 35379K(36096K)->35379K(36096K) NonClass: 26183K(26688K)->26183K(26688K) Class: 9195K(9408K)->9195K(9408K)
[342.848s][info][gc             ] GC(936) Pause Young (Allocation Failure) 495M->254M(496M) 0.934ms
[342.848s][info][gc,cpu         ] GC(936) User=0.00s Sys=0.00s Real=0.01s
[343.025s][info][gc,start       ] GC(937) Pause Young (Allocation Failure)
[343.027s][info][gc,heap        ] GC(937) PSYoungGen: 237632K(247296K)->64K(228864K) Eden: 237568K(237568K)->0K(228352K) From: 64K(9728K)->64K(512K)
[343.027s][info][gc,heap        ] GC(937) ParOldGen: 260311K(260608K)->260319K(260608K)
[343.027s][info][gc,metaspace   ] GC(937) Metaspace: 35379K(36096K)->35379K(36096K) NonClass: 26183K(26688K)->26183K(26688K) Class: 9195K(9408K)->9195K(9408K)
[343.027s][info][gc             ] GC(937) Pause Young (Allocation Failure) 486M->254M(478M) 1.529ms
[343.027s][info][gc,cpu         ] GC(937) User=0.00s Sys=0.00s Real=0.00s
[343.099s][info][gc,start       ] GC(938) Pause Young (Allocation Failure)
[343.099s][info][gc,heap        ] GC(938) PSYoungGen: 228416K(228864K)->64K(228352K) Eden: 228352K(228352K)->0K(219648K) From: 64K(512K)->64K(8704K)
[343.099s][info][gc,heap        ] GC(938) ParOldGen: 260319K(260608K)->260327K(260608K)
[343.099s][info][gc,metaspace   ] GC(938) Metaspace: 35379K(36096K)->35379K(36096K) NonClass: 26183K(26688K)->26183K(26688K) Class: 9195K(9408K)->9195K(9408K)
[343.099s][info][gc             ] GC(938) Pause Young (Allocation Failure) 477M->254M(477M) 0.855ms
[343.099s][info][gc,cpu         ] GC(938) User=0.00s Sys=0.00s Real=0.00s
[343.573s][info][gc,start       ] GC(939) Pause Young (Allocation Failure)
[343.575s][info][gc,heap        ] GC(939) PSYoungGen: 219712K(228352K)->64K(211968K) Eden: 219648K(219648K)->0K(211456K) From: 64K(8704K)->64K(512K)
[343.575s][info][gc,heap        ] GC(939) ParOldGen: 260327K(260608K)->260343K(260608K)
[343.576s][info][gc,metaspace   ] GC(939) Metaspace: 35379K(36096K)->35379K(36096K) NonClass: 26183K(26688K)->26183K(26688K) Class: 9195K(9408K)->9195K(9408K)
[343.576s][info][gc             ] GC(939) Pause Young (Allocation Failure) 468M->254M(461M) 2.120ms
[343.576s][info][gc,cpu         ] GC(939) User=0.00s Sys=0.00s Real=0.00s
[343.779s][info][gc,start       ] GC(940) Pause Young (Allocation Failure)
[343.781s][info][gc,heap        ] GC(940) PSYoungGen: 211520K(211968K)->64K(210944K) Eden: 211456K(211456K)->0K(203776K) From: 64K(512K)->64K(7168K)
[343.781s][info][gc,heap        ] GC(940) ParOldGen: 260343K(260608K)->260359K(260608K)
[343.781s][info][gc,metaspace   ] GC(940) Metaspace: 35379K(36096K)->35379K(36096K) NonClass: 26183K(26688K)->26183K(26688K) Class: 9195K(9408K)->9195K(9408K)
[343.781s][info][gc             ] GC(940) Pause Young (Allocation Failure) 460M->254M(460M) 1.470ms
[343.781s][info][gc,cpu         ] GC(940) User=0.00s Sys=0.00s Real=0.00s
[344.103s][info][gc,start       ] GC(941) Pause Young (Allocation Failure)
[344.114s][info][gc,heap        ] GC(941) PSYoungGen: 203840K(210944K)->6400K(247808K) Eden: 203776K(203776K)->0K(241152K) From: 64K(7168K)->6400K(6656K)
[344.114s][info][gc,heap        ] GC(941) ParOldGen: 260359K(260608K)->260375K(260608K)
[344.114s][info][gc,metaspace   ] GC(941) Metaspace: 35379K(36096K)->35379K(36096K) NonClass: 26183K(26688K)->26183K(26688K) Class: 9195K(9408K)->9195K(9408K)
[344.114s][info][gc             ] GC(941) Pause Young (Allocation Failure) 453M->260M(496M) 10.794ms
[344.114s][info][gc,cpu         ] GC(941) User=0.02s Sys=0.00s Real=0.01s
[344.396s][info][gc,start       ] GC(942) Pause Young (Allocation Failure)
[344.465s][info][gc,heap        ] GC(942) PSYoungGen: 247552K(247808K)->8192K(273408K) Eden: 241152K(241152K)->0K(265216K) From: 6400K(6656K)->8192K(8192K)
[344.465s][info][gc,heap        ] GC(942) ParOldGen: 260375K(260608K)->279319K(279552K)
[344.465s][info][gc,metaspace   ] GC(942) Metaspace: 35379K(36096K)->35379K(36096K) NonClass: 26183K(26688K)->26183K(26688K) Class: 9195K(9408K)->9195K(9408K)
[344.465s][info][gc             ] GC(942) Pause Young (Allocation Failure) 496M->280M(540M) 68.912ms
[344.465s][info][gc,cpu         ] GC(942) User=0.09s Sys=0.01s Real=0.07s
[344.769s][info][gc,start       ] GC(943) Pause Young (Allocation Failure)
[344.832s][info][gc,heap        ] GC(943) PSYoungGen: 273408K(273408K)->17408K(297984K) Eden: 265216K(265216K)->0K(280576K) From: 8192K(8192K)->17408K(17408K)
[344.832s][info][gc,heap        ] GC(943) ParOldGen: 279319K(279552K)->291543K(291840K)
[344.832s][info][gc,metaspace   ] GC(943) Metaspace: 35379K(36096K)->35379K(36096K) NonClass: 26183K(26688K)->26183K(26688K) Class: 9195K(9408K)->9195K(9408K)
[344.832s][info][gc             ] GC(943) Pause Young (Allocation Failure) 539M->301M(576M) 62.669ms
[344.832s][info][gc,cpu         ] GC(943) User=0.09s Sys=0.02s Real=0.06s
[344.917s][info][gc,start       ] GC(944) Pause Young (Allocation Failure)
[344.921s][info][gc,heap        ] GC(944) PSYoungGen: 297984K(297984K)->64K(306176K) Eden: 280576K(280576K)->0K(280576K) From: 17408K(17408K)->64K(25600K)
[344.921s][info][gc,heap        ] GC(944) ParOldGen: 291543K(291840K)->291863K(292352K)
[344.921s][info][gc,metaspace   ] GC(944) Metaspace: 35379K(36096K)->35379K(36096K) NonClass: 26183K(26688K)->26183K(26688K) Class: 9195K(9408K)->9195K(9408K)
[344.921s][info][gc             ] GC(944) Pause Young (Allocation Failure) 575M->285M(584M) 4.494ms
[344.921s][info][gc,cpu         ] GC(944) User=0.01s Sys=0.00s Real=0.01s
[345.524s][info][gc,start       ] GC(945) Pause Young (Allocation Failure)
[345.525s][info][gc,heap        ] GC(945) PSYoungGen: 280640K(306176K)->64K(305152K) Eden: 280576K(280576K)->0K(283648K) From: 64K(25600K)->64K(21504K)
[345.525s][info][gc,heap        ] GC(945) ParOldGen: 291863K(292352K)->291871K(292352K)
[345.525s][info][gc,metaspace   ] GC(945) Metaspace: 35379K(36096K)->35379K(36096K) NonClass: 26183K(26688K)->26183K(26688K) Class: 9195K(9408K)->9195K(9408K)
[345.525s][info][gc             ] GC(945) Pause Young (Allocation Failure) 559M->285M(583M) 1.158ms
[345.525s][info][gc,cpu         ] GC(945) User=0.00s Sys=0.00s Real=0.00s
[345.894s][info][gc,start       ] GC(946) Pause Young (Allocation Failure)
[345.895s][info][gc,heap        ] GC(946) PSYoungGen: 283712K(305152K)->64K(307200K) Eden: 283648K(283648K)->0K(283648K) From: 64K(21504K)->64K(23552K)
[345.895s][info][gc,heap        ] GC(946) ParOldGen: 291871K(292352K)->291879K(292352K)
[345.895s][info][gc,metaspace   ] GC(946) Metaspace: 35379K(36096K)->35379K(36096K) NonClass: 26183K(26688K)->26183K(26688K) Class: 9195K(9408K)->9195K(9408K)
[345.895s][info][gc             ] GC(946) Pause Young (Allocation Failure) 562M->285M(585M) 1.194ms
[345.895s][info][gc,cpu         ] GC(946) User=0.00s Sys=0.00s Real=0.00s
[346.343s][info][gc,start       ] GC(947) Pause Young (Allocation Failure)
[346.344s][info][gc,heap        ] GC(947) PSYoungGen: 283712K(307200K)->64K(307712K) Eden: 283648K(283648K)->0K(287232K) From: 64K(23552K)->64K(20480K)
[346.344s][info][gc,heap        ] GC(947) ParOldGen: 291879K(292352K)->291895K(292352K)
[346.344s][info][gc,metaspace   ] GC(947) Metaspace: 35379K(36096K)->35379K(36096K) NonClass: 26183K(26688K)->26183K(26688K) Class: 9195K(9408K)->9195K(9408K)
[346.344s][info][gc             ] GC(947) Pause Young (Allocation Failure) 562M->285M(586M) 1.222ms
[346.344s][info][gc,cpu         ] GC(947) User=0.00s Sys=0.00s Real=0.00s
[346.581s][info][gc,start       ] GC(948) Pause Young (Allocation Failure)
[346.583s][info][gc,heap        ] GC(948) PSYoungGen: 287296K(307712K)->64K(309248K) Eden: 287232K(287232K)->0K(287232K) From: 64K(20480K)->64K(22016K)
[346.583s][info][gc,heap        ] GC(948) ParOldGen: 291895K(292352K)->291911K(292352K)
[346.583s][info][gc,metaspace   ] GC(948) Metaspace: 35379K(36096K)->35379K(36096K) NonClass: 26183K(26688K)->26183K(26688K) Class: 9195K(9408K)->9195K(9408K)
[346.583s][info][gc             ] GC(948) Pause Young (Allocation Failure) 565M->285M(587M) 1.319ms
[346.583s][info][gc,cpu         ] GC(948) User=0.00s Sys=0.00s Real=0.00s
[346.944s][info][gc,start       ] GC(949) Pause Young (Allocation Failure)
[346.945s][info][gc,heap        ] GC(949) PSYoungGen: 287296K(309248K)->64K(309248K) Eden: 287232K(287232K)->0K(290816K) From: 64K(22016K)->64K(18432K)
[346.945s][info][gc,heap        ] GC(949) ParOldGen: 291911K(292352K)->291911K(292352K)
[346.945s][info][gc,metaspace   ] GC(949) Metaspace: 35379K(36096K)->35379K(36096K) NonClass: 26183K(26688K)->26183K(26688K) Class: 9195K(9408K)->9195K(9408K)
[346.945s][info][gc             ] GC(949) Pause Young (Allocation Failure) 565M->285M(587M) 1.110ms
[346.945s][info][gc,cpu         ] GC(949) User=0.00s Sys=0.00s Real=0.00s
[347.041s][info][gc,start       ] GC(950) Pause Young (Allocation Failure)
[347.042s][info][gc,heap        ] GC(950) PSYoungGen: 290880K(309248K)->64K(310784K) Eden: 290816K(290816K)->0K(290816K) From: 64K(18432K)->64K(19968K)
[347.042s][info][gc,heap        ] GC(950) ParOldGen: 291911K(292352K)->291919K(292352K)
[347.042s][info][gc,metaspace   ] GC(950) Metaspace: 35379K(36096K)->35379K(36096K) NonClass: 26183K(26688K)->26183K(26688K) Class: 9195K(9408K)->9195K(9408K)
[347.042s][info][gc             ] GC(950) Pause Young (Allocation Failure) 569M->285M(589M) 1.050ms
[347.042s][info][gc,cpu         ] GC(950) User=0.00s Sys=0.00s Real=0.00s
[347.091s][info][gc,start       ] GC(951) Pause Young (Allocation Failure)
[347.092s][info][gc,heap        ] GC(951) PSYoungGen: 290880K(310784K)->64K(311296K) Eden: 290816K(290816K)->0K(294912K) From: 64K(19968K)->64K(16384K)
[347.092s][info][gc,heap        ] GC(951) ParOldGen: 291919K(292352K)->291935K(292352K)
[347.092s][info][gc,metaspace   ] GC(951) Metaspace: 35379K(36096K)->35379K(36096K) NonClass: 26183K(26688K)->26183K(26688K) Class: 9195K(9408K)->9195K(9408K)
[347.092s][info][gc             ] GC(951) Pause Young (Allocation Failure) 569M->285M(589M) 1.041ms
[347.092s][info][gc,cpu         ] GC(951) User=0.00s Sys=0.00s Real=0.00s
[347.262s][info][gc,start       ] GC(952) Pause Young (Allocation Failure)
[347.263s][info][gc,heap        ] GC(952) PSYoungGen: 294976K(311296K)->64K(312832K) Eden: 294912K(294912K)->0K(294912K) From: 64K(16384K)->64K(17920K)
[347.263s][info][gc,heap        ] GC(952) ParOldGen: 291935K(292352K)->291935K(292352K)
[347.263s][info][gc,metaspace   ] GC(952) Metaspace: 35379K(36096K)->35379K(36096K) NonClass: 26183K(26688K)->26183K(26688K) Class: 9195K(9408K)->9195K(9408K)
[347.263s][info][gc             ] GC(952) Pause Young (Allocation Failure) 573M->285M(591M) 1.241ms
[347.263s][info][gc,cpu         ] GC(952) User=0.00s Sys=0.00s Real=0.00s
[347.496s][info][gc,start       ] GC(953) Pause Young (Allocation Failure)
[347.497s][info][gc,heap        ] GC(953) PSYoungGen: 294976K(312832K)->64K(313344K) Eden: 294912K(294912K)->0K(299008K) From: 64K(17920K)->64K(14336K)
[347.497s][info][gc,heap        ] GC(953) ParOldGen: 291935K(292352K)->291943K(292352K)
[347.497s][info][gc,metaspace   ] GC(953) Metaspace: 35379K(36096K)->35379K(36096K) NonClass: 26183K(26688K)->26183K(26688K) Class: 9195K(9408K)->9195K(9408K)
[347.497s][info][gc             ] GC(953) Pause Young (Allocation Failure) 573M->285M(591M) 1.160ms
[347.497s][info][gc,cpu         ] GC(953) User=0.00s Sys=0.00s Real=0.01s
[347.635s][info][gc,start       ] GC(954) Pause Young (Allocation Failure)
[347.636s][info][gc,heap        ] GC(954) PSYoungGen: 299072K(313344K)->64K(314880K) Eden: 299008K(299008K)->0K(299008K) From: 64K(14336K)->64K(15872K)
[347.636s][info][gc,heap        ] GC(954) ParOldGen: 291943K(292352K)->291951K(292352K)
[347.636s][info][gc,metaspace   ] GC(954) Metaspace: 35379K(36096K)->35379K(36096K) NonClass: 26183K(26688K)->26183K(26688K) Class: 9195K(9408K)->9195K(9408K)
[347.637s][info][gc             ] GC(954) Pause Young (Allocation Failure) 577M->285M(593M) 1.104ms
[347.637s][info][gc,cpu         ] GC(954) User=0.00s Sys=0.00s Real=0.00s
[347.733s][info][gc,start       ] GC(955) Pause Young (Allocation Failure)
[347.734s][info][gc,heap        ] GC(955) PSYoungGen: 299072K(314880K)->64K(315392K) Eden: 299008K(299008K)->0K(303104K) From: 64K(15872K)->64K(12288K)
[347.734s][info][gc,heap        ] GC(955) ParOldGen: 291951K(292352K)->291959K(292352K)
[347.734s][info][gc,metaspace   ] GC(955) Metaspace: 35379K(36096K)->35379K(36096K) NonClass: 26183K(26688K)->26183K(26688K) Class: 9195K(9408K)->9195K(9408K)
[347.734s][info][gc             ] GC(955) Pause Young (Allocation Failure) 577M->285M(593M) 0.953ms
[347.734s][info][gc,cpu         ] GC(955) User=0.00s Sys=0.00s Real=0.00s
[347.949s][info][gc,start       ] GC(956) Pause Young (Allocation Failure)
[347.950s][info][gc,heap        ] GC(956) PSYoungGen: 303168K(315392K)->64K(316928K) Eden: 303104K(303104K)->0K(303104K) From: 64K(12288K)->64K(13824K)
[347.950s][info][gc,heap        ] GC(956) ParOldGen: 291959K(292352K)->291967K(292352K)
[347.950s][info][gc,metaspace   ] GC(956) Metaspace: 35379K(36096K)->35379K(36096K) NonClass: 26183K(26688K)->26183K(26688K) Class: 9195K(9408K)->9195K(9408K)
[347.950s][info][gc             ] GC(956) Pause Young (Allocation Failure) 581M->285M(595M) 1.055ms
[347.950s][info][gc,cpu         ] GC(956) User=0.00s Sys=0.00s Real=0.00s
[348.779s][info][gc,start       ] GC(957) Pause Young (Allocation Failure)
[348.780s][info][gc,heap        ] GC(957) PSYoungGen: 303168K(316928K)->64K(291328K) Eden: 303104K(303104K)->0K(290816K) From: 64K(13824K)->64K(512K)
[348.780s][info][gc,heap        ] GC(957) ParOldGen: 291967K(292352K)->291975K(292352K)
[348.780s][info][gc,metaspace   ] GC(957) Metaspace: 35379K(36096K)->35379K(36096K) NonClass: 26183K(26688K)->26183K(26688K) Class: 9195K(9408K)->9195K(9408K)
[348.780s][info][gc             ] GC(957) Pause Young (Allocation Failure) 581M->285M(570M) 1.176ms
[348.780s][info][gc,cpu         ] GC(957) User=0.00s Sys=0.00s Real=0.00s
[349.690s][info][gc,start       ] GC(958) Pause Young (Allocation Failure)
[349.690s][info][gc,heap        ] GC(958) PSYoungGen: 290880K(291328K)->64K(291328K) Eden: 290816K(290816K)->0K(279040K) From: 64K(512K)->64K(12288K)
[349.691s][info][gc,heap        ] GC(958) ParOldGen: 291975K(292352K)->291991K(292352K)
[349.691s][info][gc,metaspace   ] GC(958) Metaspace: 35379K(36096K)->35379K(36096K) NonClass: 26183K(26688K)->26183K(26688K) Class: 9195K(9408K)->9195K(9408K)
[349.691s][info][gc             ] GC(958) Pause Young (Allocation Failure) 569M->285M(570M) 1.039ms
[349.691s][info][gc,cpu         ] GC(958) User=0.01s Sys=0.00s Real=0.00s
[350.141s][info][gc,start       ] GC(959) Pause Young (Allocation Failure)
[350.142s][info][gc,heap        ] GC(959) PSYoungGen: 279104K(291328K)->64K(268800K) Eden: 279040K(279040K)->0K(268288K) From: 64K(12288K)->64K(512K)
[350.142s][info][gc,heap        ] GC(959) ParOldGen: 291991K(292352K)->291999K(292352K)
[350.142s][info][gc,metaspace   ] GC(959) Metaspace: 35379K(36096K)->35379K(36096K) NonClass: 26183K(26688K)->26183K(26688K) Class: 9195K(9408K)->9195K(9408K)
[350.142s][info][gc             ] GC(959) Pause Young (Allocation Failure) 557M->285M(548M) 1.670ms
[350.142s][info][gc,cpu         ] GC(959) User=0.01s Sys=0.00s Real=0.00s
[351.100s][info][gc,start       ] GC(960) Pause Young (Allocation Failure)
[351.101s][info][gc,heap        ] GC(960) PSYoungGen: 268352K(268800K)->64K(268800K) Eden: 268288K(268288K)->0K(258048K) From: 64K(512K)->64K(10752K)
[351.101s][info][gc,heap        ] GC(960) ParOldGen: 291999K(292352K)->292007K(292352K)
[351.101s][info][gc,metaspace   ] GC(960) Metaspace: 35379K(36096K)->35379K(36096K) NonClass: 26183K(26688K)->26183K(26688K) Class: 9195K(9408K)->9195K(9408K)
[351.101s][info][gc             ] GC(960) Pause Young (Allocation Failure) 547M->285M(548M) 1.029ms
[351.101s][info][gc,cpu         ] GC(960) User=0.00s Sys=0.00s Real=0.00s
[351.475s][info][gc,start       ] GC(961) Pause Young (Allocation Failure)
[351.476s][info][gc,heap        ] GC(961) PSYoungGen: 258112K(268800K)->64K(248832K) Eden: 258048K(258048K)->0K(248320K) From: 64K(10752K)->64K(512K)
[351.476s][info][gc,heap        ] GC(961) ParOldGen: 292007K(292352K)->292015K(292352K)
[351.476s][info][gc,metaspace   ] GC(961) Metaspace: 35379K(36096K)->35379K(36096K) NonClass: 26183K(26688K)->26183K(26688K) Class: 9195K(9408K)->9195K(9408K)
[351.476s][info][gc             ] GC(961) Pause Young (Allocation Failure) 537M->285M(528M) 1.413ms
[351.476s][info][gc,cpu         ] GC(961) User=0.00s Sys=0.00s Real=0.00s
[351.627s][info][gc,start       ] GC(962) Pause Young (Allocation Failure)
[351.628s][info][gc,heap        ] GC(962) PSYoungGen: 248384K(248832K)->64K(247808K) Eden: 248320K(248320K)->0K(238592K) From: 64K(512K)->64K(9216K)
[351.628s][info][gc,heap        ] GC(962) ParOldGen: 292015K(292352K)->292023K(292352K)
[351.628s][info][gc,metaspace   ] GC(962) Metaspace: 35379K(36096K)->35379K(36096K) NonClass: 26183K(26688K)->26183K(26688K) Class: 9195K(9408K)->9195K(9408K)
[351.628s][info][gc             ] GC(962) Pause Young (Allocation Failure) 527M->285M(527M) 0.944ms
[351.628s][info][gc,cpu         ] GC(962) User=0.01s Sys=0.00s Real=0.00s
[351.810s][info][gc,start       ] GC(963) Pause Young (Allocation Failure)
[351.812s][info][gc,heap        ] GC(963) PSYoungGen: 238656K(247808K)->64K(229888K) Eden: 238592K(238592K)->0K(229376K) From: 64K(9216K)->64K(512K)
[351.812s][info][gc,heap        ] GC(963) ParOldGen: 292023K(292352K)->292031K(292352K)
[351.812s][info][gc,metaspace   ] GC(963) Metaspace: 35379K(36096K)->35379K(36096K) NonClass: 26183K(26688K)->26183K(26688K) Class: 9195K(9408K)->9195K(9408K)
[351.812s][info][gc             ] GC(963) Pause Young (Allocation Failure) 518M->285M(510M) 1.675ms
[351.812s][info][gc,cpu         ] GC(963) User=0.00s Sys=0.00s Real=0.00s
[352.283s][info][gc,start       ] GC(964) Pause Young (Allocation Failure)
[352.284s][info][gc,heap        ] GC(964) PSYoungGen: 229440K(229888K)->64K(228864K) Eden: 229376K(229376K)->0K(220672K) From: 64K(512K)->64K(8192K)
[352.284s][info][gc,heap        ] GC(964) ParOldGen: 292031K(292352K)->292039K(292352K)
[352.284s][info][gc,metaspace   ] GC(964) Metaspace: 35379K(36096K)->35379K(36096K) NonClass: 26183K(26688K)->26183K(26688K) Class: 9195K(9408K)->9195K(9408K)
[352.284s][info][gc             ] GC(964) Pause Young (Allocation Failure) 509M->285M(509M) 1.022ms
[352.284s][info][gc,cpu         ] GC(964) User=0.00s Sys=0.00s Real=0.00s
[352.527s][info][gc,start       ] GC(965) Pause Young (Allocation Failure)
[352.529s][info][gc,heap        ] GC(965) PSYoungGen: 220736K(228864K)->64K(212992K) Eden: 220672K(220672K)->0K(212480K) From: 64K(8192K)->64K(512K)
[352.529s][info][gc,heap        ] GC(965) ParOldGen: 292039K(292352K)->292047K(292352K)
[352.529s][info][gc,metaspace   ] GC(965) Metaspace: 35379K(36096K)->35379K(36096K) NonClass: 26183K(26688K)->26183K(26688K) Class: 9195K(9408K)->9195K(9408K)
[352.529s][info][gc             ] GC(965) Pause Young (Allocation Failure) 500M->285M(493M) 1.662ms
[352.529s][info][gc,cpu         ] GC(965) User=0.00s Sys=0.00s Real=0.00s
[352.816s][info][gc,start       ] GC(966) Pause Young (Allocation Failure)
[352.850s][info][gc,heap        ] GC(966) PSYoungGen: 212544K(212992K)->7168K(260608K) Eden: 212480K(212480K)->0K(253440K) From: 64K(512K)->7168K(7168K)
[352.850s][info][gc,heap        ] GC(966) ParOldGen: 292047K(292352K)->303727K(304128K)
[352.850s][info][gc,metaspace   ] GC(966) Metaspace: 35379K(36096K)->35379K(36096K) NonClass: 26183K(26688K)->26183K(26688K) Class: 9195K(9408K)->9195K(9408K)
[352.850s][info][gc             ] GC(966) Pause Young (Allocation Failure) 492M->303M(551M) 34.038ms
[352.850s][info][gc,cpu         ] GC(966) User=0.06s Sys=0.01s Real=0.04s
[353.156s][info][gc,start       ] GC(967) Pause Young (Allocation Failure)
[353.213s][info][gc,heap        ] GC(967) PSYoungGen: 260608K(260608K)->7168K(263680K) Eden: 253440K(253440K)->0K(256512K) From: 7168K(7168K)->7168K(7168K)
[353.213s][info][gc,heap        ] GC(967) ParOldGen: 303727K(304128K)->325399K(325632K)
[353.213s][info][gc,metaspace   ] GC(967) Metaspace: 35379K(36096K)->35379K(36096K) NonClass: 26183K(26688K)->26183K(26688K) Class: 9195K(9408K)->9195K(9408K)
[353.213s][info][gc             ] GC(967) Pause Young (Allocation Failure) 551M->324M(575M) 57.708ms
[353.213s][info][gc,cpu         ] GC(967) User=0.10s Sys=0.01s Real=0.06s
[353.404s][info][gc,start       ] GC(968) Pause Young (Allocation Failure)
[353.432s][info][gc,heap        ] GC(968) PSYoungGen: 263680K(263680K)->15296K(278528K) Eden: 256512K(256512K)->0K(256512K) From: 7168K(7168K)->15296K(22016K)
[353.432s][info][gc,heap        ] GC(968) ParOldGen: 325399K(325632K)->325983K(326144K)
[353.432s][info][gc,metaspace   ] GC(968) Metaspace: 35379K(36096K)->35379K(36096K) NonClass: 26183K(26688K)->26183K(26688K) Class: 9195K(9408K)->9195K(9408K)
[353.432s][info][gc             ] GC(968) Pause Young (Allocation Failure) 575M->333M(590M) 28.229ms
[353.432s][info][gc,cpu         ] GC(968) User=0.05s Sys=0.00s Real=0.03s
[353.641s][info][gc,start       ] GC(969) Pause Young (Allocation Failure)
[353.642s][info][gc,heap        ] GC(969) PSYoungGen: 271808K(278528K)->64K(310784K) Eden: 256512K(256512K)->0K(286720K) From: 15296K(22016K)->64K(24064K)
[353.642s][info][gc,heap        ] GC(969) ParOldGen: 325983K(326144K)->325991K(326144K)
[353.642s][info][gc,metaspace   ] GC(969) Metaspace: 35379K(36096K)->35379K(36096K) NonClass: 26183K(26688K)->26183K(26688K) Class: 9195K(9408K)->9195K(9408K)
[353.642s][info][gc             ] GC(969) Pause Young (Allocation Failure) 583M->318M(622M) 1.184ms
[353.642s][info][gc,cpu         ] GC(969) User=0.00s Sys=0.00s Real=0.00s
[354.280s][info][gc,start       ] GC(970) Pause Young (Allocation Failure)
[354.281s][info][gc,heap        ] GC(970) PSYoungGen: 286784K(310784K)->64K(287232K) Eden: 286720K(286720K)->0K(286720K) From: 64K(24064K)->64K(512K)
[354.281s][info][gc,heap        ] GC(970) ParOldGen: 325991K(326144K)->325999K(326144K)
[354.281s][info][gc,metaspace   ] GC(970) Metaspace: 35379K(36096K)->35379K(36096K) NonClass: 26183K(26688K)->26183K(26688K) Class: 9195K(9408K)->9195K(9408K)
[354.281s][info][gc             ] GC(970) Pause Young (Allocation Failure) 598M->318M(599M) 1.293ms
[354.281s][info][gc,cpu         ] GC(970) User=0.01s Sys=0.00s Real=0.00s
[354.751s][info][gc,start       ] GC(971) Pause Young (Allocation Failure)
[354.752s][info][gc,heap        ] GC(971) PSYoungGen: 286784K(287232K)->64K(310272K) Eden: 286720K(286720K)->0K(287744K) From: 64K(512K)->64K(22528K)
[354.752s][info][gc,heap        ] GC(971) ParOldGen: 325999K(326144K)->326015K(326144K)
[354.752s][info][gc,metaspace   ] GC(971) Metaspace: 35379K(36096K)->35379K(36096K) NonClass: 26183K(26688K)->26183K(26688K) Class: 9195K(9408K)->9195K(9408K)
[354.752s][info][gc             ] GC(971) Pause Young (Allocation Failure) 598M->318M(621M) 1.231ms
[354.752s][info][gc,cpu         ] GC(971) User=0.01s Sys=0.00s Real=0.00s
[354.990s][info][gc,start       ] GC(972) Pause Young (Allocation Failure)
[354.992s][info][gc,heap        ] GC(972) PSYoungGen: 287808K(310272K)->64K(309248K) Eden: 287744K(287744K)->0K(287744K) From: 64K(22528K)->64K(21504K)
[354.992s][info][gc,heap        ] GC(972) ParOldGen: 326015K(326144K)->326031K(326144K)
[354.992s][info][gc,metaspace   ] GC(972) Metaspace: 35379K(36096K)->35379K(36096K) NonClass: 26183K(26688K)->26183K(26688K) Class: 9195K(9408K)->9195K(9408K)
[354.992s][info][gc             ] GC(972) Pause Young (Allocation Failure) 599M->318M(620M) 1.285ms
[354.992s][info][gc,cpu         ] GC(972) User=0.00s Sys=0.00s Real=0.00s
[355.228s][info][gc,start       ] GC(973) Pause Young (Allocation Failure)
[355.229s][info][gc,heap        ] GC(973) PSYoungGen: 287808K(309248K)->64K(311296K) Eden: 287744K(287744K)->0K(290816K) From: 64K(21504K)->64K(20480K)
[355.229s][info][gc,heap        ] GC(973) ParOldGen: 326031K(326144K)->326031K(326144K)
[355.229s][info][gc,metaspace   ] GC(973) Metaspace: 35379K(36096K)->35379K(36096K) NonClass: 26183K(26688K)->26183K(26688K) Class: 9195K(9408K)->9195K(9408K)
[355.229s][info][gc             ] GC(973) Pause Young (Allocation Failure) 599M->318M(622M) 1.148ms
[355.229s][info][gc,cpu         ] GC(973) User=0.00s Sys=0.00s Real=0.00s
[355.567s][info][gc,start       ] GC(974) Pause Young (Allocation Failure)
[355.568s][info][gc,heap        ] GC(974) PSYoungGen: 290880K(311296K)->64K(310272K) Eden: 290816K(290816K)->0K(290816K) From: 64K(20480K)->64K(19456K)
[355.568s][info][gc,heap        ] GC(974) ParOldGen: 326031K(326144K)->326031K(326144K)
[355.568s][info][gc,metaspace   ] GC(974) Metaspace: 35379K(36096K)->35379K(36096K) NonClass: 26183K(26688K)->26183K(26688K) Class: 9195K(9408K)->9195K(9408K)
[355.568s][info][gc             ] GC(974) Pause Young (Allocation Failure) 602M->318M(621M) 1.160ms
[355.568s][info][gc,cpu         ] GC(974) User=0.01s Sys=0.00s Real=0.01s
[355.617s][info][gc,start       ] GC(975) Pause Young (Allocation Failure)
[355.618s][info][gc,heap        ] GC(975) PSYoungGen: 290880K(310272K)->64K(312832K) Eden: 290816K(290816K)->0K(294400K) From: 64K(19456K)->64K(18432K)
[355.618s][info][gc,heap        ] GC(975) ParOldGen: 326031K(326144K)->326047K(326144K)
[355.618s][info][gc,metaspace   ] GC(975) Metaspace: 35379K(36096K)->35379K(36096K) NonClass: 26183K(26688K)->26183K(26688K) Class: 9195K(9408K)->9195K(9408K)
[355.618s][info][gc             ] GC(975) Pause Young (Allocation Failure) 602M->318M(624M) 1.065ms
[355.618s][info][gc,cpu         ] GC(975) User=0.00s Sys=0.00s Real=0.00s
[355.671s][info][gc,start       ] GC(976) Pause Young (Allocation Failure)
[355.672s][info][gc,heap        ] GC(976) PSYoungGen: 294464K(312832K)->64K(312320K) Eden: 294400K(294400K)->0K(294400K) From: 64K(18432K)->64K(17920K)
[355.672s][info][gc,heap        ] GC(976) ParOldGen: 326047K(326144K)->326047K(326144K)
[355.672s][info][gc,metaspace   ] GC(976) Metaspace: 35379K(36096K)->35379K(36096K) NonClass: 26183K(26688K)->26183K(26688K) Class: 9195K(9408K)->9195K(9408K)
[355.672s][info][gc             ] GC(976) Pause Young (Allocation Failure) 605M->318M(623M) 1.117ms
[355.672s][info][gc,cpu         ] GC(976) User=0.00s Sys=0.00s Real=0.00s
[355.907s][info][gc,start       ] GC(977) Pause Young (Allocation Failure)
[355.908s][info][gc,heap        ] GC(977) PSYoungGen: 294464K(312320K)->64K(314880K) Eden: 294400K(294400K)->0K(298496K) From: 64K(17920K)->64K(16384K)
[355.909s][info][gc,heap        ] GC(977) ParOldGen: 326047K(326144K)->326047K(326144K)
[355.909s][info][gc,metaspace   ] GC(977) Metaspace: 35379K(36096K)->35379K(36096K) NonClass: 26183K(26688K)->26183K(26688K) Class: 9195K(9408K)->9195K(9408K)
[355.909s][info][gc             ] GC(977) Pause Young (Allocation Failure) 605M->318M(626M) 1.236ms
[355.909s][info][gc,cpu         ] GC(977) User=0.01s Sys=0.00s Real=0.00s
[356.133s][info][gc,start       ] GC(978) Pause Young (Allocation Failure)
[356.134s][info][gc,heap        ] GC(978) PSYoungGen: 298560K(314880K)->64K(314368K) Eden: 298496K(298496K)->0K(298496K) From: 64K(16384K)->64K(15872K)
[356.134s][info][gc,heap        ] GC(978) ParOldGen: 326047K(326144K)->326055K(326144K)
[356.134s][info][gc,metaspace   ] GC(978) Metaspace: 35379K(36096K)->35379K(36096K) NonClass: 26183K(26688K)->26183K(26688K) Class: 9195K(9408K)->9195K(9408K)
[356.134s][info][gc             ] GC(978) Pause Young (Allocation Failure) 609M->318M(625M) 1.108ms
[356.134s][info][gc,cpu         ] GC(978) User=0.00s Sys=0.00s Real=0.00s
[356.220s][info][gc,start       ] GC(979) Pause Young (Allocation Failure)
[356.221s][info][gc,heap        ] GC(979) PSYoungGen: 298560K(314368K)->64K(316928K) Eden: 298496K(298496K)->0K(302592K) From: 64K(15872K)->64K(14336K)
[356.221s][info][gc,heap        ] GC(979) ParOldGen: 326055K(326144K)->326063K(326144K)
[356.221s][info][gc,metaspace   ] GC(979) Metaspace: 35379K(36096K)->35379K(36096K) NonClass: 26183K(26688K)->26183K(26688K) Class: 9195K(9408K)->9195K(9408K)
[356.221s][info][gc             ] GC(979) Pause Young (Allocation Failure) 609M->318M(628M) 1.129ms
[356.221s][info][gc,cpu         ] GC(979) User=0.01s Sys=0.00s Real=0.00s
[356.352s][info][gc,start       ] GC(980) Pause Young (Allocation Failure)
[356.353s][info][gc,heap        ] GC(980) PSYoungGen: 302656K(316928K)->64K(316416K) Eden: 302592K(302592K)->0K(302592K) From: 64K(14336K)->64K(13824K)
[356.353s][info][gc,heap        ] GC(980) ParOldGen: 326063K(326144K)->326071K(326144K)
[356.353s][info][gc,metaspace   ] GC(980) Metaspace: 35379K(36096K)->35379K(36096K) NonClass: 26183K(26688K)->26183K(26688K) Class: 9195K(9408K)->9195K(9408K)
[356.353s][info][gc             ] GC(980) Pause Young (Allocation Failure) 613M->318M(627M) 1.180ms
[356.353s][info][gc,cpu         ] GC(980) User=0.00s Sys=0.00s Real=0.00s
[356.756s][info][gc,start       ] GC(981) Pause Young (Allocation Failure)
[356.757s][info][gc,heap        ] GC(981) PSYoungGen: 302656K(316416K)->64K(290816K) Eden: 302592K(302592K)->0K(290304K) From: 64K(13824K)->64K(512K)
[356.757s][info][gc,heap        ] GC(981) ParOldGen: 326071K(326144K)->326079K(326144K)
[356.757s][info][gc,metaspace   ] GC(981) Metaspace: 35379K(36096K)->35379K(36096K) NonClass: 26183K(26688K)->26183K(26688K) Class: 9195K(9408K)->9195K(9408K)
[356.757s][info][gc             ] GC(981) Pause Young (Allocation Failure) 613M->318M(602M) 1.120ms
[356.757s][info][gc,cpu         ] GC(981) User=0.00s Sys=0.00s Real=0.01s
[357.737s][info][gc,start       ] GC(982) Pause Young (Allocation Failure)
[357.738s][info][gc,heap        ] GC(982) PSYoungGen: 290368K(290816K)->64K(291328K) Eden: 290304K(290304K)->0K(279040K) From: 64K(512K)->64K(12288K)
[357.738s][info][gc,heap        ] GC(982) ParOldGen: 326079K(326144K)->326087K(326144K)
[357.738s][info][gc,metaspace   ] GC(982) Metaspace: 35379K(36096K)->35379K(36096K) NonClass: 26183K(26688K)->26183K(26688K) Class: 9195K(9408K)->9195K(9408K)
[357.738s][info][gc             ] GC(982) Pause Young (Allocation Failure) 601M->318M(603M) 1.186ms
[357.738s][info][gc,cpu         ] GC(982) User=0.00s Sys=0.00s Real=0.01s
[358.322s][info][gc,start       ] GC(983) Pause Young (Allocation Failure)
[358.323s][info][gc,heap        ] GC(983) PSYoungGen: 279104K(291328K)->64K(268800K) Eden: 279040K(279040K)->0K(268288K) From: 64K(12288K)->64K(512K)
[358.323s][info][gc,heap        ] GC(983) ParOldGen: 326087K(326144K)->326095K(326144K)
[358.323s][info][gc,metaspace   ] GC(983) Metaspace: 35379K(36096K)->35379K(36096K) NonClass: 26183K(26688K)->26183K(26688K) Class: 9195K(9408K)->9195K(9408K)
[358.323s][info][gc             ] GC(983) Pause Young (Allocation Failure) 591M->318M(581M) 1.215ms
[358.323s][info][gc,cpu         ] GC(983) User=0.00s Sys=0.00s Real=0.00s
[358.820s][info][gc,start       ] GC(984) Pause Young (Allocation Failure)
[358.821s][info][gc,heap        ] GC(984) PSYoungGen: 268352K(268800K)->64K(268800K) Eden: 268288K(268288K)->0K(258048K) From: 64K(512K)->64K(10752K)
[358.821s][info][gc,heap        ] GC(984) ParOldGen: 326095K(326144K)->326103K(326144K)
[358.821s][info][gc,metaspace   ] GC(984) Metaspace: 35379K(36096K)->35379K(36096K) NonClass: 26183K(26688K)->26183K(26688K) Class: 9195K(9408K)->9195K(9408K)
[358.821s][info][gc             ] GC(984) Pause Young (Allocation Failure) 580M->318M(581M) 1.126ms
[358.821s][info][gc,cpu         ] GC(984) User=0.00s Sys=0.00s Real=0.00s
[359.744s][info][gc,start       ] GC(985) Pause Young (Allocation Failure)
[359.746s][info][gc,heap        ] GC(985) PSYoungGen: 258112K(268800K)->64K(248832K) Eden: 258048K(258048K)->0K(248320K) From: 64K(10752K)->64K(512K)
[359.746s][info][gc,heap        ] GC(985) ParOldGen: 326103K(326144K)->326111K(326144K)
[359.746s][info][gc,metaspace   ] GC(985) Metaspace: 35379K(36096K)->35379K(36096K) NonClass: 26183K(26688K)->26183K(26688K) Class: 9195K(9408K)->9195K(9408K)
[359.746s][info][gc             ] GC(985) Pause Young (Allocation Failure) 570M->318M(561M) 1.352ms
[359.746s][info][gc,cpu         ] GC(985) User=0.00s Sys=0.00s Real=0.00s
[360.070s][info][gc,start       ] GC(986) Pause Young (Allocation Failure)
[360.072s][info][gc,heap        ] GC(986) PSYoungGen: 248384K(248832K)->64K(247808K) Eden: 248320K(248320K)->0K(238592K) From: 64K(512K)->64K(9216K)
[360.072s][info][gc,heap        ] GC(986) ParOldGen: 326111K(326144K)->326119K(326144K)
[360.072s][info][gc,metaspace   ] GC(986) Metaspace: 35379K(36096K)->35379K(36096K) NonClass: 26183K(26688K)->26183K(26688K) Class: 9195K(9408K)->9195K(9408K)
[360.072s][info][gc             ] GC(986) Pause Young (Allocation Failure) 561M->318M(560M) 1.464ms
[360.072s][info][gc,cpu         ] GC(986) User=0.00s Sys=0.00s Real=0.00s
[360.195s][info][gc,start       ] GC(987) Pause Young (Allocation Failure)
[360.197s][info][gc,heap        ] GC(987) PSYoungGen: 238656K(247808K)->32K(229888K) Eden: 238592K(238592K)->0K(229376K) From: 64K(9216K)->32K(512K)
[360.197s][info][gc,heap        ] GC(987) ParOldGen: 326119K(326144K)->326127K(326144K)
[360.197s][info][gc,metaspace   ] GC(987) Metaspace: 35379K(36096K)->35379K(36096K) NonClass: 26183K(26688K)->26183K(26688K) Class: 9195K(9408K)->9195K(9408K)
[360.197s][info][gc             ] GC(987) Pause Young (Allocation Failure) 551M->318M(543M) 2.220ms
[360.197s][info][gc,cpu         ] GC(987) User=0.00s Sys=0.00s Real=0.01s
[360.475s][info][gc,start       ] GC(988) Pause Young (Allocation Failure)
[360.477s][info][gc,heap        ] GC(988) PSYoungGen: 229408K(229888K)->64K(228864K) Eden: 229376K(229376K)->0K(220672K) From: 32K(512K)->64K(8192K)
[360.477s][info][gc,heap        ] GC(988) ParOldGen: 326127K(326144K)->326143K(326144K)
[360.477s][info][gc,metaspace   ] GC(988) Metaspace: 35379K(36096K)->35379K(36096K) NonClass: 26183K(26688K)->26183K(26688K) Class: 9195K(9408K)->9195K(9408K)
[360.477s][info][gc             ] GC(988) Pause Young (Allocation Failure) 542M->318M(542M) 1.858ms
[360.477s][info][gc,cpu         ] GC(988) User=0.00s Sys=0.00s Real=0.00s
[360.850s][info][gc,start       ] GC(989) Pause Young (Allocation Failure)
[360.852s][info][gc,heap        ] GC(989) PSYoungGen: 220736K(228864K)->64K(212992K) Eden: 220672K(220672K)->0K(212480K) From: 64K(8192K)->64K(512K)
[360.852s][info][gc,heap        ] GC(989) ParOldGen: 326143K(326144K)->326159K(326656K)
[360.852s][info][gc,metaspace   ] GC(989) Metaspace: 35379K(36096K)->35379K(36096K) NonClass: 26183K(26688K)->26183K(26688K) Class: 9195K(9408K)->9195K(9408K)
[360.852s][info][gc             ] GC(989) Pause Young (Allocation Failure) 534M->318M(527M) 2.463ms
[360.852s][info][gc,cpu         ] GC(989) User=0.00s Sys=0.01s Real=0.00s
[361.140s][info][gc,start       ] GC(990) Pause Young (Allocation Failure)
[361.142s][info][gc,heap        ] GC(990) PSYoungGen: 212544K(212992K)->64K(211968K) Eden: 212480K(212480K)->0K(204800K) From: 64K(512K)->64K(7168K)
[361.142s][info][gc,heap        ] GC(990) ParOldGen: 326159K(326656K)->326175K(326656K)
[361.142s][info][gc,metaspace   ] GC(990) Metaspace: 35379K(36096K)->35379K(36096K) NonClass: 26183K(26688K)->26183K(26688K) Class: 9195K(9408K)->9195K(9408K)
[361.142s][info][gc             ] GC(990) Pause Young (Allocation Failure) 526M->318M(526M) 2.262ms
[361.142s][info][gc,cpu         ] GC(990) User=0.01s Sys=0.00s Real=0.00s
[361.406s][info][gc,start       ] GC(991) Pause Young (Allocation Failure)
[361.473s][info][gc,heap        ] GC(991) PSYoungGen: 204864K(211968K)->6656K(251904K) Eden: 204800K(204800K)->0K(245248K) From: 64K(7168K)->6656K(6656K)
[361.473s][info][gc,heap        ] GC(991) ParOldGen: 326175K(326656K)->340399K(340480K)
[361.473s][info][gc,metaspace   ] GC(991) Metaspace: 35379K(36096K)->35379K(36096K) NonClass: 26183K(26688K)->26183K(26688K) Class: 9195K(9408K)->9195K(9408K)
[361.473s][info][gc             ] GC(991) Pause Young (Allocation Failure) 518M->338M(578M) 66.799ms
[361.473s][info][gc,cpu         ] GC(991) User=0.11s Sys=0.01s Real=0.07s
[361.763s][info][gc,start       ] GC(992) Pause Young (Allocation Failure)
[361.835s][info][gc,heap        ] GC(992) PSYoungGen: 251904K(251904K)->13312K(269824K) Eden: 245248K(245248K)->0K(256512K) From: 6656K(6656K)->13312K(13312K)
[361.835s][info][gc,heap        ] GC(992) ParOldGen: 340399K(340480K)->355063K(355328K)
[361.835s][info][gc,metaspace   ] GC(992) Metaspace: 35379K(36096K)->35379K(36096K) NonClass: 26183K(26688K)->26183K(26688K) Class: 9195K(9408K)->9195K(9408K)
[361.835s][info][gc             ] GC(992) Pause Young (Allocation Failure) 578M->359M(610M) 72.488ms
[361.835s][info][gc,cpu         ] GC(992) User=0.14s Sys=0.00s Real=0.07s
[362.016s][info][gc,start       ] GC(993) Pause Young (Allocation Failure)
[362.075s][info][gc,heap        ] GC(993) PSYoungGen: 269824K(269824K)->14208K(308736K) Eden: 256512K(256512K)->0K(286720K) From: 13312K(13312K)->14208K(22016K)
[362.075s][info][gc,heap        ] GC(993) ParOldGen: 355063K(355328K)->355463K(355840K)
[362.075s][info][gc,metaspace   ] GC(993) Metaspace: 35379K(36096K)->35379K(36096K) NonClass: 26183K(26688K)->26183K(26688K) Class: 9195K(9408K)->9195K(9408K)
[362.075s][info][gc             ] GC(993) Pause Young (Allocation Failure) 610M->361M(649M) 59.063ms
[362.075s][info][gc,cpu         ] GC(993) User=0.11s Sys=0.01s Real=0.06s
[362.381s][info][gc,start       ] GC(994) Pause Young (Allocation Failure)
[362.383s][info][gc,heap        ] GC(994) PSYoungGen: 300928K(308736K)->64K(310272K) Eden: 286720K(286720K)->0K(286720K) From: 14208K(22016K)->64K(23552K)
[362.383s][info][gc,heap        ] GC(994) ParOldGen: 355463K(355840K)->355471K(355840K)
[362.383s][info][gc,metaspace   ] GC(994) Metaspace: 35379K(36096K)->35379K(36096K) NonClass: 26183K(26688K)->26183K(26688K) Class: 9195K(9408K)->9195K(9408K)
[362.383s][info][gc             ] GC(994) Pause Young (Allocation Failure) 641M->347M(650M) 2.650ms
[362.383s][info][gc,cpu         ] GC(994) User=0.00s Sys=0.00s Real=0.00s
[362.972s][info][gc,start       ] GC(995) Pause Young (Allocation Failure)
[362.974s][info][gc,heap        ] GC(995) PSYoungGen: 286784K(310272K)->64K(307712K) Eden: 286720K(286720K)->0K(287232K) From: 64K(23552K)->64K(20480K)
[362.974s][info][gc,heap        ] GC(995) ParOldGen: 355471K(355840K)->355479K(355840K)
[362.974s][info][gc,metaspace   ] GC(995) Metaspace: 35379K(36096K)->35379K(36096K) NonClass: 26183K(26688K)->26183K(26688K) Class: 9195K(9408K)->9195K(9408K)
[362.974s][info][gc             ] GC(995) Pause Young (Allocation Failure) 627M->347M(648M) 2.297ms
[362.974s][info][gc,cpu         ] GC(995) User=0.00s Sys=0.00s Real=0.00s
[363.432s][info][gc,start       ] GC(996) Pause Young (Allocation Failure)
[363.434s][info][gc,heap        ] GC(996) PSYoungGen: 287296K(307712K)->64K(309248K) Eden: 287232K(287232K)->0K(287232K) From: 64K(20480K)->64K(22016K)
[363.434s][info][gc,heap        ] GC(996) ParOldGen: 355479K(355840K)->355495K(355840K)
[363.434s][info][gc,metaspace   ] GC(996) Metaspace: 35379K(36096K)->35379K(36096K) NonClass: 26183K(26688K)->26183K(26688K) Class: 9195K(9408K)->9195K(9408K)
[363.434s][info][gc             ] GC(996) Pause Young (Allocation Failure) 627M->347M(649M) 1.973ms
[363.434s][info][gc,cpu         ] GC(996) User=0.00s Sys=0.00s Real=0.00s
[363.669s][info][gc,start       ] GC(997) Pause Young (Allocation Failure)
[363.670s][info][gc,heap        ] GC(997) PSYoungGen: 287296K(309248K)->64K(310272K) Eden: 287232K(287232K)->0K(290816K) From: 64K(22016K)->64K(19456K)
[363.670s][info][gc,heap        ] GC(997) ParOldGen: 355495K(355840K)->355511K(355840K)
[363.670s][info][gc,metaspace   ] GC(997) Metaspace: 35379K(36096K)->35379K(36096K) NonClass: 26183K(26688K)->26183K(26688K) Class: 9195K(9408K)->9195K(9408K)
[363.670s][info][gc             ] GC(997) Pause Young (Allocation Failure) 627M->347M(650M) 1.473ms
[363.670s][info][gc,cpu         ] GC(997) User=0.00s Sys=0.00s Real=0.00s
[363.911s][info][gc,start       ] GC(998) Pause Young (Allocation Failure)
[363.912s][info][gc,heap        ] GC(998) PSYoungGen: 290880K(310272K)->64K(311296K) Eden: 290816K(290816K)->0K(290816K) From: 64K(19456K)->64K(20480K)
[363.912s][info][gc,heap        ] GC(998) ParOldGen: 355511K(355840K)->355511K(355840K)
[363.912s][info][gc,metaspace   ] GC(998) Metaspace: 35379K(36096K)->35379K(36096K) NonClass: 26183K(26688K)->26183K(26688K) Class: 9195K(9408K)->9195K(9408K)
[363.912s][info][gc             ] GC(998) Pause Young (Allocation Failure) 631M->347M(651M) 1.182ms
[363.912s][info][gc,cpu         ] GC(998) User=0.00s Sys=0.00s Real=0.00s
[364.219s][info][gc,start       ] GC(999) Pause Young (Allocation Failure)
[364.220s][info][gc,heap        ] GC(999) PSYoungGen: 290880K(311296K)->64K(311296K) Eden: 290816K(290816K)->0K(293888K) From: 64K(20480K)->64K(17408K)
[364.220s][info][gc,heap        ] GC(999) ParOldGen: 355511K(355840K)->355511K(355840K)
[364.220s][info][gc,metaspace   ] GC(999) Metaspace: 35379K(36096K)->35379K(36096K) NonClass: 26183K(26688K)->26183K(26688K) Class: 9195K(9408K)->9195K(9408K)
[364.220s][info][gc             ] GC(999) Pause Young (Allocation Failure) 631M->347M(651M) 1.044ms
[364.220s][info][gc,cpu         ] GC(999) User=0.00s Sys=0.00s Real=0.00s
[364.273s][info][gc,start       ] GC(1000) Pause Young (Allocation Failure)
[364.274s][info][gc,heap        ] GC(1000) PSYoungGen: 293952K(311296K)->64K(312320K) Eden: 293888K(293888K)->0K(293888K) From: 64K(17408K)->64K(18432K)
[364.274s][info][gc,heap        ] GC(1000) ParOldGen: 355511K(355840K)->355527K(355840K)
[364.274s][info][gc,metaspace   ] GC(1000) Metaspace: 35379K(36096K)->35379K(36096K) NonClass: 26183K(26688K)->26183K(26688K) Class: 9195K(9408K)->9195K(9408K)
[364.274s][info][gc             ] GC(1000) Pause Young (Allocation Failure) 634M->347M(652M) 1.125ms
[364.274s][info][gc,cpu         ] GC(1000) User=0.00s Sys=0.00s Real=0.00s
[364.349s][info][gc,start       ] GC(1001) Pause Young (Allocation Failure)
[364.350s][info][gc,heap        ] GC(1001) PSYoungGen: 293952K(312320K)->64K(313344K) Eden: 293888K(293888K)->0K(297984K) From: 64K(18432K)->64K(15360K)
[364.350s][info][gc,heap        ] GC(1001) ParOldGen: 355527K(355840K)->355527K(355840K)
[364.350s][info][gc,metaspace   ] GC(1001) Metaspace: 35379K(36096K)->35379K(36096K) NonClass: 26183K(26688K)->26183K(26688K) Class: 9195K(9408K)->9195K(9408K)
[364.350s][info][gc             ] GC(1001) Pause Young (Allocation Failure) 634M->347M(653M) 1.063ms
[364.350s][info][gc,cpu         ] GC(1001) User=0.00s Sys=0.00s Real=0.00s
[364.597s][info][gc,start       ] GC(1002) Pause Young (Allocation Failure)
[364.598s][info][gc,heap        ] GC(1002) PSYoungGen: 298048K(313344K)->64K(314368K) Eden: 297984K(297984K)->0K(297984K) From: 64K(15360K)->64K(16384K)
[364.598s][info][gc,heap        ] GC(1002) ParOldGen: 355527K(355840K)->355543K(355840K)
[364.598s][info][gc,metaspace   ] GC(1002) Metaspace: 35379K(36096K)->35379K(36096K) NonClass: 26183K(26688K)->26183K(26688K) Class: 9195K(9408K)->9195K(9408K)
[364.598s][info][gc             ] GC(1002) Pause Young (Allocation Failure) 638M->347M(654M) 1.191ms
[364.598s][info][gc,cpu         ] GC(1002) User=0.00s Sys=0.00s Real=0.01s
[364.798s][info][gc,start       ] GC(1003) Pause Young (Allocation Failure)
[364.799s][info][gc,heap        ] GC(1003) PSYoungGen: 298048K(314368K)->64K(314880K) Eden: 297984K(297984K)->0K(301568K) From: 64K(16384K)->64K(13312K)
[364.799s][info][gc,heap        ] GC(1003) ParOldGen: 355543K(355840K)->355543K(355840K)
[364.799s][info][gc,metaspace   ] GC(1003) Metaspace: 35379K(36096K)->35379K(36096K) NonClass: 26183K(26688K)->26183K(26688K) Class: 9195K(9408K)->9195K(9408K)
[364.799s][info][gc             ] GC(1003) Pause Young (Allocation Failure) 638M->347M(655M) 1.177ms
[364.799s][info][gc,cpu         ] GC(1003) User=0.00s Sys=0.00s Real=0.00s
[364.883s][info][gc,start       ] GC(1004) Pause Young (Allocation Failure)
[364.884s][info][gc,heap        ] GC(1004) PSYoungGen: 301632K(314880K)->64K(316416K) Eden: 301568K(301568K)->0K(301568K) From: 64K(13312K)->64K(14848K)
[364.884s][info][gc,heap        ] GC(1004) ParOldGen: 355543K(355840K)->355559K(355840K)
[364.884s][info][gc,metaspace   ] GC(1004) Metaspace: 35379K(36096K)->35379K(36096K) NonClass: 26183K(26688K)->26183K(26688K) Class: 9195K(9408K)->9195K(9408K)
[364.884s][info][gc             ] GC(1004) Pause Young (Allocation Failure) 641M->347M(656M) 1.177ms
[364.884s][info][gc,cpu         ] GC(1004) User=0.01s Sys=0.00s Real=0.00s
[365.028s][info][gc,start       ] GC(1005) Pause Young (Allocation Failure)
[365.030s][info][gc,heap        ] GC(1005) PSYoungGen: 301632K(316416K)->64K(316416K) Eden: 301568K(301568K)->0K(305152K) From: 64K(14848K)->64K(11264K)
[365.030s][info][gc,heap        ] GC(1005) ParOldGen: 355559K(355840K)->355559K(355840K)
[365.030s][info][gc,metaspace   ] GC(1005) Metaspace: 35379K(36096K)->35379K(36096K) NonClass: 26183K(26688K)->26183K(26688K) Class: 9195K(9408K)->9195K(9408K)
[365.030s][info][gc             ] GC(1005) Pause Young (Allocation Failure) 641M->347M(656M) 1.129ms
[365.030s][info][gc,cpu         ] GC(1005) User=0.00s Sys=0.00s Real=0.00s
[365.967s][info][gc,start       ] GC(1006) Pause Young (Allocation Failure)
[365.968s][info][gc,heap        ] GC(1006) PSYoungGen: 305216K(316416K)->83K(317952K) Eden: 305152K(305152K)->0K(305152K) From: 64K(11264K)->83K(12800K)
[365.968s][info][gc,heap        ] GC(1006) ParOldGen: 355559K(355840K)->355567K(355840K)
[365.968s][info][gc,metaspace   ] GC(1006) Metaspace: 35379K(36096K)->35379K(36096K) NonClass: 26183K(26688K)->26183K(26688K) Class: 9195K(9408K)->9195K(9408K)
[365.968s][info][gc             ] GC(1006) Pause Young (Allocation Failure) 645M->347M(658M) 1.255ms
[365.968s][info][gc,cpu         ] GC(1006) User=0.01s Sys=0.00s Real=0.00s
[366.804s][info][gc,start       ] GC(1007) Pause Young (Allocation Failure)
[366.806s][info][gc,heap        ] GC(1007) PSYoungGen: 305235K(317952K)->64K(293376K) Eden: 305152K(305152K)->0K(292864K) From: 83K(12800K)->64K(512K)
[366.806s][info][gc,heap        ] GC(1007) ParOldGen: 355567K(355840K)->355575K(355840K)
[366.806s][info][gc,metaspace   ] GC(1007) Metaspace: 35379K(36096K)->35379K(36096K) NonClass: 26183K(26688K)->26183K(26688K) Class: 9195K(9408K)->9195K(9408K)
[366.806s][info][gc             ] GC(1007) Pause Young (Allocation Failure) 645M->347M(634M) 1.528ms
[366.806s][info][gc,cpu         ] GC(1007) User=0.00s Sys=0.00s Real=0.00s
[367.157s][info][gc,start       ] GC(1008) Pause Young (Allocation Failure)
[367.158s][info][gc,heap        ] GC(1008) PSYoungGen: 292928K(293376K)->64K(292352K) Eden: 292864K(292864K)->0K(281088K) From: 64K(512K)->64K(11264K)
[367.158s][info][gc,heap        ] GC(1008) ParOldGen: 355575K(355840K)->355583K(355840K)
[367.158s][info][gc,metaspace   ] GC(1008) Metaspace: 35379K(36096K)->35379K(36096K) NonClass: 26183K(26688K)->26183K(26688K) Class: 9195K(9408K)->9195K(9408K)
[367.158s][info][gc             ] GC(1008) Pause Young (Allocation Failure) 633M->347M(633M) 1.166ms
[367.158s][info][gc,cpu         ] GC(1008) User=0.00s Sys=0.00s Real=0.00s
[368.245s][info][gc,start       ] GC(1009) Pause Young (Allocation Failure)
[368.247s][info][gc,heap        ] GC(1009) PSYoungGen: 281152K(292352K)->64K(270336K) Eden: 281088K(281088K)->0K(269824K) From: 64K(11264K)->64K(512K)
[368.247s][info][gc,heap        ] GC(1009) ParOldGen: 355583K(355840K)->355591K(355840K)
[368.247s][info][gc,metaspace   ] GC(1009) Metaspace: 35379K(36096K)->35379K(36096K) NonClass: 26183K(26688K)->26183K(26688K) Class: 9195K(9408K)->9195K(9408K)
[368.247s][info][gc             ] GC(1009) Pause Young (Allocation Failure) 621M->347M(611M) 2.243ms
[368.247s][info][gc,cpu         ] GC(1009) User=0.01s Sys=0.00s Real=0.01s
[368.636s][info][gc,start       ] GC(1010) Pause Young (Allocation Failure)
[368.638s][info][gc,heap        ] GC(1010) PSYoungGen: 269888K(270336K)->64K(269312K) Eden: 269824K(269824K)->0K(259072K) From: 64K(512K)->64K(10240K)
[368.638s][info][gc,heap        ] GC(1010) ParOldGen: 355591K(355840K)->355599K(355840K)
[368.638s][info][gc,metaspace   ] GC(1010) Metaspace: 35379K(36096K)->35379K(36096K) NonClass: 26183K(26688K)->26183K(26688K) Class: 9195K(9408K)->9195K(9408K)
[368.638s][info][gc             ] GC(1010) Pause Young (Allocation Failure) 610M->347M(610M) 1.707ms
[368.638s][info][gc,cpu         ] GC(1010) User=0.01s Sys=0.00s Real=0.01s
[368.827s][info][gc,start       ] GC(1011) Pause Young (Allocation Failure)
[368.829s][info][gc,heap        ] GC(1011) PSYoungGen: 259136K(269312K)->64K(249344K) Eden: 259072K(259072K)->0K(248832K) From: 64K(10240K)->64K(512K)
[368.829s][info][gc,heap        ] GC(1011) ParOldGen: 355599K(355840K)->355607K(355840K)
[368.829s][info][gc,metaspace   ] GC(1011) Metaspace: 35379K(36096K)->35379K(36096K) NonClass: 26183K(26688K)->26183K(26688K) Class: 9195K(9408K)->9195K(9408K)
[368.829s][info][gc             ] GC(1011) Pause Young (Allocation Failure) 600M->347M(591M) 1.700ms
[368.829s][info][gc,cpu         ] GC(1011) User=0.01s Sys=0.00s Real=0.00s
[368.916s][info][gc,start       ] GC(1012) Pause Young (Allocation Failure)
[368.918s][info][gc,heap        ] GC(1012) PSYoungGen: 248896K(249344K)->64K(294400K) Eden: 248832K(248832K)->0K(285696K) From: 64K(512K)->64K(8704K)
[368.918s][info][gc,heap        ] GC(1012) ParOldGen: 355607K(355840K)->355615K(355840K)
[368.918s][info][gc,metaspace   ] GC(1012) Metaspace: 35379K(36096K)->35379K(36096K) NonClass: 26183K(26688K)->26183K(26688K) Class: 9195K(9408K)->9195K(9408K)
[368.918s][info][gc             ] GC(1012) Pause Young (Allocation Failure) 590M->347M(635M) 2.137ms
[368.918s][info][gc,cpu         ] GC(1012) User=0.01s Sys=0.00s Real=0.01s
[369.498s][info][gc,start       ] GC(1013) Pause Young (Allocation Failure)
[369.500s][info][gc,heap        ] GC(1013) PSYoungGen: 285760K(294400K)->64K(274944K) Eden: 285696K(285696K)->0K(274432K) From: 64K(8704K)->64K(512K)
[369.500s][info][gc,heap        ] GC(1013) ParOldGen: 355615K(355840K)->355623K(355840K)
[369.500s][info][gc,metaspace   ] GC(1013) Metaspace: 35379K(36096K)->35379K(36096K) NonClass: 26183K(26688K)->26183K(26688K) Class: 9195K(9408K)->9195K(9408K)
[369.500s][info][gc             ] GC(1013) Pause Young (Allocation Failure) 626M->347M(616M) 2.201ms
[369.500s][info][gc,cpu         ] GC(1013) User=0.00s Sys=0.00s Real=0.00s
[369.843s][info][gc,start       ] GC(1014) Pause Young (Allocation Failure)
[369.845s][info][gc,heap        ] GC(1014) PSYoungGen: 274496K(274944K)->704K(271360K) Eden: 274432K(274432K)->0K(263680K) From: 64K(512K)->704K(7680K)
[369.845s][info][gc,heap        ] GC(1014) ParOldGen: 355623K(355840K)->355631K(355840K)
[369.845s][info][gc,metaspace   ] GC(1014) Metaspace: 35379K(36096K)->35379K(36096K) NonClass: 26183K(26688K)->26183K(26688K) Class: 9195K(9408K)->9195K(9408K)
[369.845s][info][gc             ] GC(1014) Pause Young (Allocation Failure) 615M->347M(612M) 2.407ms
[369.845s][info][gc,cpu         ] GC(1014) User=0.00s Sys=0.00s Real=0.00s
[370.149s][info][gc,start       ] GC(1015) Pause Young (Allocation Failure)
[370.205s][info][gc,heap        ] GC(1015) PSYoungGen: 264384K(271360K)->7168K(285184K) Eden: 263680K(263680K)->0K(278016K) From: 704K(7680K)->7168K(7168K)
[370.206s][info][gc,heap        ] GC(1015) ParOldGen: 355631K(355840K)->378143K(378368K)
[370.206s][info][gc,metaspace   ] GC(1015) Metaspace: 35379K(36096K)->35379K(36096K) NonClass: 26183K(26688K)->26183K(26688K) Class: 9195K(9408K)->9195K(9408K)
[370.206s][info][gc             ] GC(1015) Pause Young (Allocation Failure) 605M->376M(648M) 56.607ms
[370.206s][info][gc,cpu         ] GC(1015) User=0.10s Sys=0.01s Real=0.05s
[370.528s][info][gc,start       ] GC(1016) Pause Young (Allocation Failure)
[370.587s][info][gc,heap        ] GC(1016) PSYoungGen: 285184K(285184K)->16896K(294912K) Eden: 278016K(278016K)->0K(278016K) From: 7168K(7168K)->16896K(16896K)
[370.587s][info][gc,heap        ] GC(1016) ParOldGen: 378143K(378368K)->393127K(393216K)
[370.587s][info][gc,metaspace   ] GC(1016) Metaspace: 35379K(36096K)->35379K(36096K) NonClass: 26183K(26688K)->26183K(26688K) Class: 9195K(9408K)->9195K(9408K)
[370.587s][info][gc             ] GC(1016) Pause Young (Allocation Failure) 647M->400M(672M) 59.131ms
[370.587s][info][gc,cpu         ] GC(1016) User=0.10s Sys=0.01s Real=0.06s
[370.674s][info][gc,start       ] GC(1017) Pause Young (Allocation Failure)
[370.681s][info][gc,heap        ] GC(1017) PSYoungGen: 294912K(294912K)->1056K(308736K) Eden: 278016K(278016K)->0K(282624K) From: 16896K(16896K)->1056K(26112K)
[370.681s][info][gc,heap        ] GC(1017) ParOldGen: 393127K(393216K)->393527K(393728K)
[370.681s][info][gc,metaspace   ] GC(1017) Metaspace: 35379K(36096K)->35379K(36096K) NonClass: 26183K(26688K)->26183K(26688K) Class: 9195K(9408K)->9195K(9408K)
[370.681s][info][gc             ] GC(1017) Pause Young (Allocation Failure) 671M->385M(686M) 7.294ms
[370.681s][info][gc,cpu         ] GC(1017) User=0.01s Sys=0.01s Real=0.01s
[371.250s][info][gc,start       ] GC(1018) Pause Young (Allocation Failure)
[371.251s][info][gc,heap        ] GC(1018) PSYoungGen: 283680K(308736K)->64K(283136K) Eden: 282624K(282624K)->0K(282624K) From: 1056K(26112K)->64K(512K)
[371.251s][info][gc,heap        ] GC(1018) ParOldGen: 393527K(393728K)->393535K(393728K)
[371.251s][info][gc,metaspace   ] GC(1018) Metaspace: 35379K(36096K)->35379K(36096K) NonClass: 26183K(26688K)->26183K(26688K) Class: 9195K(9408K)->9195K(9408K)
[371.251s][info][gc             ] GC(1018) Pause Young (Allocation Failure) 661M->384M(661M) 1.429ms
[371.251s][info][gc,cpu         ] GC(1018) User=0.01s Sys=0.00s Real=0.00s
[371.642s][info][gc,start       ] GC(1019) Pause Young (Allocation Failure)
[371.644s][info][gc,heap        ] GC(1019) PSYoungGen: 282688K(283136K)->64K(307712K) Eden: 282624K(282624K)->0K(283648K) From: 64K(512K)->64K(24064K)
[371.644s][info][gc,heap        ] GC(1019) ParOldGen: 393535K(393728K)->393543K(393728K)
[371.644s][info][gc,metaspace   ] GC(1019) Metaspace: 35379K(36096K)->35379K(36096K) NonClass: 26183K(26688K)->26183K(26688K) Class: 9195K(9408K)->9195K(9408K)
[371.644s][info][gc             ] GC(1019) Pause Young (Allocation Failure) 660M->384M(685M) 1.297ms
[371.644s][info][gc,cpu         ] GC(1019) User=0.00s Sys=0.00s Real=0.00s
[372.094s][info][gc,start       ] GC(1020) Pause Young (Allocation Failure)
[372.095s][info][gc,heap        ] GC(1020) PSYoungGen: 283712K(307712K)->64K(306688K) Eden: 283648K(283648K)->0K(283648K) From: 64K(24064K)->64K(23040K)
[372.095s][info][gc,heap        ] GC(1020) ParOldGen: 393543K(393728K)->393559K(393728K)
[372.095s][info][gc,metaspace   ] GC(1020) Metaspace: 35379K(36096K)->35379K(36096K) NonClass: 26183K(26688K)->26183K(26688K) Class: 9195K(9408K)->9195K(9408K)
[372.095s][info][gc             ] GC(1020) Pause Young (Allocation Failure) 661M->384M(684M) 1.341ms
[372.095s][info][gc,cpu         ] GC(1020) User=0.00s Sys=0.00s Real=0.00s
[372.326s][info][gc,start       ] GC(1021) Pause Young (Allocation Failure)
[372.328s][info][gc,heap        ] GC(1021) PSYoungGen: 283712K(306688K)->64K(309248K) Eden: 283648K(283648K)->0K(288256K) From: 64K(23040K)->64K(20992K)
[372.328s][info][gc,heap        ] GC(1021) ParOldGen: 393559K(393728K)->393575K(393728K)
[372.328s][info][gc,metaspace   ] GC(1021) Metaspace: 35379K(36096K)->35379K(36096K) NonClass: 26183K(26688K)->26183K(26688K) Class: 9195K(9408K)->9195K(9408K)
[372.328s][info][gc             ] GC(1021) Pause Young (Allocation Failure) 661M->384M(686M) 1.237ms
[372.328s][info][gc,cpu         ] GC(1021) User=0.00s Sys=0.00s Real=0.01s
[372.683s][info][gc,start       ] GC(1022) Pause Young (Allocation Failure)
[372.684s][info][gc,heap        ] GC(1022) PSYoungGen: 288320K(309248K)->64K(309248K) Eden: 288256K(288256K)->0K(288256K) From: 64K(20992K)->64K(20992K)
[372.684s][info][gc,heap        ] GC(1022) ParOldGen: 393575K(393728K)->393575K(393728K)
[372.684s][info][gc,metaspace   ] GC(1022) Metaspace: 35379K(36096K)->35379K(36096K) NonClass: 26183K(26688K)->26183K(26688K) Class: 9195K(9408K)->9195K(9408K)
[372.684s][info][gc             ] GC(1022) Pause Young (Allocation Failure) 665M->384M(686M) 1.189ms
[372.684s][info][gc,cpu         ] GC(1022) User=0.00s Sys=0.00s Real=0.00s
[372.792s][info][gc,start       ] GC(1023) Pause Young (Allocation Failure)
[372.793s][info][gc,heap        ] GC(1023) PSYoungGen: 288320K(309248K)->64K(311808K) Eden: 288256K(288256K)->0K(292864K) From: 64K(20992K)->64K(18944K)
[372.793s][info][gc,heap        ] GC(1023) ParOldGen: 393575K(393728K)->393583K(393728K)
[372.793s][info][gc,metaspace   ] GC(1023) Metaspace: 35379K(36096K)->35379K(36096K) NonClass: 26183K(26688K)->26183K(26688K) Class: 9195K(9408K)->9195K(9408K)
[372.793s][info][gc             ] GC(1023) Pause Young (Allocation Failure) 665M->384M(689M) 1.169ms
[372.793s][info][gc,cpu         ] GC(1023) User=0.00s Sys=0.00s Real=0.00s
[372.843s][info][gc,start       ] GC(1024) Pause Young (Allocation Failure)
[372.844s][info][gc,heap        ] GC(1024) PSYoungGen: 292928K(311808K)->64K(311808K) Eden: 292864K(292864K)->0K(292864K) From: 64K(18944K)->64K(18944K)
[372.844s][info][gc,heap        ] GC(1024) ParOldGen: 393583K(393728K)->393599K(393728K)
[372.844s][info][gc,metaspace   ] GC(1024) Metaspace: 35379K(36096K)->35379K(36096K) NonClass: 26183K(26688K)->26183K(26688K) Class: 9195K(9408K)->9195K(9408K)
[372.844s][info][gc             ] GC(1024) Pause Young (Allocation Failure) 670M->384M(689M) 1.212ms
[372.845s][info][gc,cpu         ] GC(1024) User=0.00s Sys=0.00s Real=0.00s
[372.993s][info][gc,start       ] GC(1025) Pause Young (Allocation Failure)
[372.995s][info][gc,heap        ] GC(1025) PSYoungGen: 292928K(311808K)->64K(313856K) Eden: 292864K(292864K)->0K(296960K) From: 64K(18944K)->64K(16896K)
[372.995s][info][gc,heap        ] GC(1025) ParOldGen: 393599K(393728K)->393599K(393728K)
[372.995s][info][gc,metaspace   ] GC(1025) Metaspace: 35379K(36096K)->35379K(36096K) NonClass: 26183K(26688K)->26183K(26688K) Class: 9195K(9408K)->9195K(9408K)
[372.995s][info][gc             ] GC(1025) Pause Young (Allocation Failure) 670M->384M(691M) 1.225ms
[372.995s][info][gc,cpu         ] GC(1025) User=0.00s Sys=0.00s Real=0.00s
[373.230s][info][gc,start       ] GC(1026) Pause Young (Allocation Failure)
[373.231s][info][gc,heap        ] GC(1026) PSYoungGen: 297024K(313856K)->64K(313856K) Eden: 296960K(296960K)->0K(296960K) From: 64K(16896K)->64K(16896K)
[373.231s][info][gc,heap        ] GC(1026) ParOldGen: 393599K(393728K)->393607K(393728K)
[373.231s][info][gc,metaspace   ] GC(1026) Metaspace: 35379K(36096K)->35379K(36096K) NonClass: 26183K(26688K)->26183K(26688K) Class: 9195K(9408K)->9195K(9408K)
[373.231s][info][gc             ] GC(1026) Pause Young (Allocation Failure) 674M->384M(691M) 1.115ms
[373.231s][info][gc,cpu         ] GC(1026) User=0.01s Sys=0.00s Real=0.00s
[373.374s][info][gc,start       ] GC(1027) Pause Young (Allocation Failure)
[373.375s][info][gc,heap        ] GC(1027) PSYoungGen: 297024K(313856K)->64K(316416K) Eden: 296960K(296960K)->0K(300544K) From: 64K(16896K)->64K(15872K)
[373.375s][info][gc,heap        ] GC(1027) ParOldGen: 393607K(393728K)->393615K(393728K)
[373.375s][info][gc,metaspace   ] GC(1027) Metaspace: 35379K(36096K)->35379K(36096K) NonClass: 26183K(26688K)->26183K(26688K) Class: 9195K(9408K)->9195K(9408K)
[373.376s][info][gc             ] GC(1027) Pause Young (Allocation Failure) 674M->384M(693M) 1.274ms
[373.376s][info][gc,cpu         ] GC(1027) User=0.00s Sys=0.00s Real=0.00s
[373.466s][info][gc,start       ] GC(1028) Pause Young (Allocation Failure)
[373.467s][info][gc,heap        ] GC(1028) PSYoungGen: 300608K(316416K)->64K(315904K) Eden: 300544K(300544K)->0K(300544K) From: 64K(15872K)->64K(15360K)
[373.467s][info][gc,heap        ] GC(1028) ParOldGen: 393615K(393728K)->393623K(393728K)
[373.468s][info][gc,metaspace   ] GC(1028) Metaspace: 35379K(36096K)->35379K(36096K) NonClass: 26183K(26688K)->26183K(26688K) Class: 9195K(9408K)->9195K(9408K)
[373.468s][info][gc             ] GC(1028) Pause Young (Allocation Failure) 677M->384M(693M) 1.177ms
[373.468s][info][gc,cpu         ] GC(1028) User=0.00s Sys=0.00s Real=0.01s
[373.635s][info][gc,start       ] GC(1029) Pause Young (Allocation Failure)
[373.636s][info][gc,heap        ] GC(1029) PSYoungGen: 300608K(315904K)->64K(317440K) Eden: 300544K(300544K)->0K(303616K) From: 64K(15360K)->64K(13824K)
[373.636s][info][gc,heap        ] GC(1029) ParOldGen: 393623K(393728K)->393631K(393728K)
[373.636s][info][gc,metaspace   ] GC(1029) Metaspace: 35379K(36096K)->35379K(36096K) NonClass: 26183K(26688K)->26183K(26688K) Class: 9195K(9408K)->9195K(9408K)
[373.636s][info][gc             ] GC(1029) Pause Young (Allocation Failure) 677M->384M(694M) 1.157ms
[373.636s][info][gc,cpu         ] GC(1029) User=0.00s Sys=0.00s Real=0.00s
[374.511s][info][gc,start       ] GC(1030) Pause Young (Allocation Failure)
[374.512s][info][gc,heap        ] GC(1030) PSYoungGen: 303680K(317440K)->64K(291840K) Eden: 303616K(303616K)->0K(291328K) From: 64K(13824K)->64K(512K)
[374.512s][info][gc,heap        ] GC(1030) ParOldGen: 393631K(393728K)->393639K(393728K)
[374.512s][info][gc,metaspace   ] GC(1030) Metaspace: 35379K(36096K)->35379K(36096K) NonClass: 26183K(26688K)->26183K(26688K) Class: 9195K(9408K)->9195K(9408K)
[374.512s][info][gc             ] GC(1030) Pause Young (Allocation Failure) 680M->384M(669M) 1.352ms
[374.512s][info][gc,cpu         ] GC(1030) User=0.00s Sys=0.00s Real=0.00s
[375.404s][info][gc,start       ] GC(1031) Pause Young (Allocation Failure)
[375.405s][info][gc,heap        ] GC(1031) PSYoungGen: 291392K(291840K)->64K(280064K) Eden: 291328K(291328K)->0K(279552K) From: 64K(512K)->64K(512K)
[375.405s][info][gc,heap        ] GC(1031) ParOldGen: 393639K(393728K)->393647K(393728K)
[375.405s][info][gc,metaspace   ] GC(1031) Metaspace: 35379K(36096K)->35379K(36096K) NonClass: 26183K(26688K)->26183K(26688K) Class: 9195K(9408K)->9195K(9408K)
[375.405s][info][gc             ] GC(1031) Pause Young (Allocation Failure) 668M->384M(658M) 1.415ms
[375.405s][info][gc,cpu         ] GC(1031) User=0.01s Sys=0.00s Real=0.00s
[375.847s][info][gc,start       ] GC(1032) Pause Young (Allocation Failure)
[375.849s][info][gc,heap        ] GC(1032) PSYoungGen: 279616K(280064K)->64K(280576K) Eden: 279552K(279552K)->0K(268800K) From: 64K(512K)->64K(11776K)
[375.849s][info][gc,heap        ] GC(1032) ParOldGen: 393647K(393728K)->393655K(393728K)
[375.849s][info][gc,metaspace   ] GC(1032) Metaspace: 35379K(36096K)->35379K(36096K) NonClass: 26183K(26688K)->26183K(26688K) Class: 9195K(9408K)->9195K(9408K)
[375.849s][info][gc             ] GC(1032) Pause Young (Allocation Failure) 657M->384M(658M) 1.237ms
[375.849s][info][gc,cpu         ] GC(1032) User=0.00s Sys=0.00s Real=0.00s
[376.811s][info][gc,start       ] GC(1033) Pause Young (Allocation Failure)
[376.813s][info][gc,heap        ] GC(1033) PSYoungGen: 268864K(280576K)->64K(259072K) Eden: 268800K(268800K)->0K(258560K) From: 64K(11776K)->64K(512K)
[376.813s][info][gc,heap        ] GC(1033) ParOldGen: 393655K(393728K)->393663K(393728K)
[376.813s][info][gc,metaspace   ] GC(1033) Metaspace: 35379K(36096K)->35379K(36096K) NonClass: 26183K(26688K)->26183K(26688K) Class: 9195K(9408K)->9195K(9408K)
[376.813s][info][gc             ] GC(1033) Pause Young (Allocation Failure) 646M->384M(637M) 1.882ms
[376.813s][info][gc,cpu         ] GC(1033) User=0.00s Sys=0.00s Real=0.00s
[377.193s][info][gc,start       ] GC(1034) Pause Young (Allocation Failure)
[377.195s][info][gc,heap        ] GC(1034) PSYoungGen: 258624K(259072K)->64K(258560K) Eden: 258560K(258560K)->0K(248320K) From: 64K(512K)->64K(10240K)
[377.195s][info][gc,heap        ] GC(1034) ParOldGen: 393663K(393728K)->393671K(393728K)
[377.195s][info][gc,metaspace   ] GC(1034) Metaspace: 35379K(36096K)->35379K(36096K) NonClass: 26183K(26688K)->26183K(26688K) Class: 9195K(9408K)->9195K(9408K)
[377.195s][info][gc             ] GC(1034) Pause Young (Allocation Failure) 636M->384M(637M) 1.174ms
[377.195s][info][gc,cpu         ] GC(1034) User=0.00s Sys=0.00s Real=0.00s
[377.356s][info][gc,start       ] GC(1035) Pause Young (Allocation Failure)
[377.358s][info][gc,heap        ] GC(1035) PSYoungGen: 248383K(258560K)->64K(239104K) Eden: 248319K(248320K)->0K(238592K) From: 64K(10240K)->64K(512K)
[377.358s][info][gc,heap        ] GC(1035) ParOldGen: 393671K(393728K)->393679K(393728K)
[377.358s][info][gc,metaspace   ] GC(1035) Metaspace: 35379K(36096K)->35379K(36096K) NonClass: 26183K(26688K)->26183K(26688K) Class: 9195K(9408K)->9195K(9408K)
[377.358s][info][gc             ] GC(1035) Pause Young (Allocation Failure) 627M->384M(618M) 1.709ms
[377.358s][info][gc,cpu         ] GC(1035) User=0.00s Sys=0.00s Real=0.01s
[377.492s][info][gc,start       ] GC(1036) Pause Young (Allocation Failure)
[377.493s][info][gc,heap        ] GC(1036) PSYoungGen: 238656K(239104K)->64K(238080K) Eden: 238592K(238592K)->0K(229376K) From: 64K(512K)->64K(8704K)
[377.493s][info][gc,heap        ] GC(1036) ParOldGen: 393679K(393728K)->393687K(393728K)
[377.493s][info][gc,metaspace   ] GC(1036) Metaspace: 35379K(36096K)->35379K(36096K) NonClass: 26183K(26688K)->26183K(26688K) Class: 9195K(9408K)->9195K(9408K)
[377.493s][info][gc             ] GC(1036) Pause Young (Allocation Failure) 617M->384M(617M) 1.120ms
[377.493s][info][gc,cpu         ] GC(1036) User=0.00s Sys=0.00s Real=0.00s
[378.007s][info][gc,start       ] GC(1037) Pause Young (Allocation Failure)
[378.009s][info][gc,heap        ] GC(1037) PSYoungGen: 229440K(238080K)->64K(221184K) Eden: 229376K(229376K)->0K(220672K) From: 64K(8704K)->64K(512K)
[378.009s][info][gc,heap        ] GC(1037) ParOldGen: 393687K(393728K)->393695K(393728K)
[378.009s][info][gc,metaspace   ] GC(1037) Metaspace: 35379K(36096K)->35379K(36096K) NonClass: 26183K(26688K)->26183K(26688K) Class: 9195K(9408K)->9195K(9408K)
[378.009s][info][gc             ] GC(1037) Pause Young (Allocation Failure) 608M->384M(600M) 1.865ms
[378.009s][info][gc,cpu         ] GC(1037) User=0.00s Sys=0.00s Real=0.00s
[378.229s][info][gc,start       ] GC(1038) Pause Young (Allocation Failure)
[378.230s][info][gc,heap        ] GC(1038) PSYoungGen: 220736K(221184K)->64K(220160K) Eden: 220672K(220672K)->0K(212480K) From: 64K(512K)->64K(7680K)
[378.230s][info][gc,heap        ] GC(1038) ParOldGen: 393695K(393728K)->393703K(393728K)
[378.230s][info][gc,metaspace   ] GC(1038) Metaspace: 35379K(36096K)->35379K(36096K) NonClass: 26183K(26688K)->26183K(26688K) Class: 9195K(9408K)->9195K(9408K)
[378.230s][info][gc             ] GC(1038) Pause Young (Allocation Failure) 600M->384M(599M) 1.506ms
[378.230s][info][gc,cpu         ] GC(1038) User=0.00s Sys=0.00s Real=0.00s
[378.534s][info][gc,start       ] GC(1039) Pause Young (Allocation Failure)
[378.600s][info][gc,heap        ] GC(1039) PSYoungGen: 212544K(220160K)->7168K(261120K) Eden: 212480K(212480K)->0K(253952K) From: 64K(7680K)->7168K(7168K)
[378.600s][info][gc,heap        ] GC(1039) ParOldGen: 393703K(393728K)->403071K(403456K)
[378.600s][info][gc,metaspace   ] GC(1039) Metaspace: 35379K(36096K)->35379K(36096K) NonClass: 26183K(26688K)->26183K(26688K) Class: 9195K(9408K)->9195K(9408K)
[378.600s][info][gc             ] GC(1039) Pause Young (Allocation Failure) 592M->400M(649M) 65.252ms
[378.600s][info][gc,cpu         ] GC(1039) User=0.12s Sys=0.01s Real=0.07s
[378.901s][info][gc,start       ] GC(1040) Pause Young (Allocation Failure)
[378.999s][info][gc,heap        ] GC(1040) PSYoungGen: 261120K(261120K)->12288K(266752K) Eden: 253952K(253952K)->0K(254464K) From: 7168K(7168K)->12288K(12288K)
[378.999s][info][gc,heap        ] GC(1040) ParOldGen: 403071K(403456K)->419415K(419840K)
[378.999s][info][gc,metaspace   ] GC(1040) Metaspace: 35379K(36096K)->35379K(36096K) NonClass: 26183K(26688K)->26183K(26688K) Class: 9195K(9408K)->9195K(9408K)
[378.999s][info][gc             ] GC(1040) Pause Young (Allocation Failure) 648M->421M(670M) 98.176ms
[378.999s][info][gc,cpu         ] GC(1040) User=0.19s Sys=0.00s Real=0.10s
[379.223s][info][gc,start       ] GC(1041) Pause Young (Allocation Failure)
[379.263s][info][gc,heap        ] GC(1041) PSYoungGen: 266752K(266752K)->17568K(306688K) Eden: 254464K(254464K)->0K(285696K) From: 12288K(12288K)->17568K(20992K)
[379.263s][info][gc,heap        ] GC(1041) ParOldGen: 419415K(419840K)->419863K(420352K)
[379.263s][info][gc,metaspace   ] GC(1041) Metaspace: 35379K(36096K)->35379K(36096K) NonClass: 26183K(26688K)->26183K(26688K) Class: 9195K(9408K)->9195K(9408K)
[379.263s][info][gc             ] GC(1041) Pause Young (Allocation Failure) 670M->427M(710M) 39.200ms
[379.263s][info][gc,cpu         ] GC(1041) User=0.06s Sys=0.02s Real=0.04s
[379.501s][info][gc,start       ] GC(1042) Pause Young (Allocation Failure)
[379.502s][info][gc,heap        ] GC(1042) PSYoungGen: 303264K(306688K)->64K(309760K) Eden: 285696K(285696K)->0K(285696K) From: 17568K(20992K)->64K(24064K)
[379.502s][info][gc,heap        ] GC(1042) ParOldGen: 419863K(420352K)->419871K(420352K)
[379.502s][info][gc,metaspace   ] GC(1042) Metaspace: 35379K(36096K)->35379K(36096K) NonClass: 26183K(26688K)->26183K(26688K) Class: 9195K(9408K)->9195K(9408K)
[379.502s][info][gc             ] GC(1042) Pause Young (Allocation Failure) 706M->410M(713M) 1.472ms
[379.502s][info][gc,cpu         ] GC(1042) User=0.01s Sys=0.00s Real=0.00s
[380.126s][info][gc,start       ] GC(1043) Pause Young (Allocation Failure)
[380.128s][info][gc,heap        ] GC(1043) PSYoungGen: 285760K(309760K)->64K(307200K) Eden: 285696K(285696K)->0K(286208K) From: 64K(24064K)->64K(20992K)
[380.128s][info][gc,heap        ] GC(1043) ParOldGen: 419871K(420352K)->419879K(420352K)
[380.128s][info][gc,metaspace   ] GC(1043) Metaspace: 35379K(36096K)->35379K(36096K) NonClass: 26183K(26688K)->26183K(26688K) Class: 9195K(9408K)->9195K(9408K)
[380.128s][info][gc             ] GC(1043) Pause Young (Allocation Failure) 689M->410M(710M) 1.568ms
[380.128s][info][gc,cpu         ] GC(1043) User=0.00s Sys=0.00s Real=0.01s
[380.596s][info][gc,start       ] GC(1044) Pause Young (Allocation Failure)
[380.598s][info][gc,heap        ] GC(1044) PSYoungGen: 286272K(307200K)->64K(308736K) Eden: 286208K(286208K)->0K(286208K) From: 64K(20992K)->64K(22528K)
[380.598s][info][gc,heap        ] GC(1044) ParOldGen: 419879K(420352K)->419895K(420352K)
[380.598s][info][gc,metaspace   ] GC(1044) Metaspace: 35379K(36096K)->35379K(36096K) NonClass: 26183K(26688K)->26183K(26688K) Class: 9195K(9408K)->9195K(9408K)
[380.598s][info][gc             ] GC(1044) Pause Young (Allocation Failure) 689M->410M(712M) 1.515ms
[380.598s][info][gc,cpu         ] GC(1044) User=0.00s Sys=0.00s Real=0.01s
[380.831s][info][gc,start       ] GC(1045) Pause Young (Allocation Failure)
[380.833s][info][gc,heap        ] GC(1045) PSYoungGen: 286272K(308736K)->64K(309760K) Eden: 286208K(286208K)->0K(289792K) From: 64K(22528K)->64K(19968K)
[380.833s][info][gc,heap        ] GC(1045) ParOldGen: 419895K(420352K)->419911K(420352K)
[380.833s][info][gc,metaspace   ] GC(1045) Metaspace: 35379K(36096K)->35379K(36096K) NonClass: 26183K(26688K)->26183K(26688K) Class: 9195K(9408K)->9195K(9408K)
[380.833s][info][gc             ] GC(1045) Pause Young (Allocation Failure) 689M->410M(713M) 1.472ms
[380.833s][info][gc,cpu         ] GC(1045) User=0.01s Sys=0.00s Real=0.00s
[381.072s][info][gc,start       ] GC(1046) Pause Young (Allocation Failure)
[381.073s][info][gc,heap        ] GC(1046) PSYoungGen: 289856K(309760K)->64K(310784K) Eden: 289792K(289792K)->0K(289792K) From: 64K(19968K)->64K(20992K)
[381.073s][info][gc,heap        ] GC(1046) ParOldGen: 419911K(420352K)->419911K(420352K)
[381.073s][info][gc,metaspace   ] GC(1046) Metaspace: 35379K(36096K)->35379K(36096K) NonClass: 26183K(26688K)->26183K(26688K) Class: 9195K(9408K)->9195K(9408K)
[381.073s][info][gc             ] GC(1046) Pause Young (Allocation Failure) 693M->410M(714M) 1.430ms
[381.073s][info][gc,cpu         ] GC(1046) User=0.00s Sys=0.00s Real=0.00s
[381.406s][info][gc,start       ] GC(1047) Pause Young (Allocation Failure)
[381.407s][info][gc,heap        ] GC(1047) PSYoungGen: 289856K(310784K)->64K(310784K) Eden: 289792K(289792K)->0K(292864K) From: 64K(20992K)->64K(17920K)
[381.407s][info][gc,heap        ] GC(1047) ParOldGen: 419911K(420352K)->419911K(420352K)
[381.407s][info][gc,metaspace   ] GC(1047) Metaspace: 35379K(36096K)->35379K(36096K) NonClass: 26183K(26688K)->26183K(26688K) Class: 9195K(9408K)->9195K(9408K)
[381.407s][info][gc             ] GC(1047) Pause Young (Allocation Failure) 693M->410M(714M) 1.347ms
[381.407s][info][gc,cpu         ] GC(1047) User=0.01s Sys=0.00s Real=0.01s
[381.459s][info][gc,start       ] GC(1048) Pause Young (Allocation Failure)
[381.460s][info][gc,heap        ] GC(1048) PSYoungGen: 292928K(310784K)->64K(311808K) Eden: 292864K(292864K)->0K(292864K) From: 64K(17920K)->64K(18944K)
[381.460s][info][gc,heap        ] GC(1048) ParOldGen: 419911K(420352K)->419927K(420352K)
[381.460s][info][gc,metaspace   ] GC(1048) Metaspace: 35379K(36096K)->35379K(36096K) NonClass: 26183K(26688K)->26183K(26688K) Class: 9195K(9408K)->9195K(9408K)
[381.460s][info][gc             ] GC(1048) Pause Young (Allocation Failure) 696M->410M(715M) 1.297ms
[381.460s][info][gc,cpu         ] GC(1048) User=0.00s Sys=0.00s Real=0.00s
[381.510s][info][gc,start       ] GC(1049) Pause Young (Allocation Failure)
[381.511s][info][gc,heap        ] GC(1049) PSYoungGen: 292928K(311808K)->64K(312832K) Eden: 292864K(292864K)->0K(296960K) From: 64K(18944K)->64K(15872K)
[381.511s][info][gc,heap        ] GC(1049) ParOldGen: 419927K(420352K)->419927K(420352K)
[381.511s][info][gc,metaspace   ] GC(1049) Metaspace: 35379K(36096K)->35379K(36096K) NonClass: 26183K(26688K)->26183K(26688K) Class: 9195K(9408K)->9195K(9408K)
[381.511s][info][gc             ] GC(1049) Pause Young (Allocation Failure) 696M->410M(716M) 1.205ms
[381.511s][info][gc,cpu         ] GC(1049) User=0.00s Sys=0.00s Real=0.00s
[381.755s][info][gc,start       ] GC(1050) Pause Young (Allocation Failure)
[381.756s][info][gc,heap        ] GC(1050) PSYoungGen: 297024K(312832K)->64K(313856K) Eden: 296960K(296960K)->0K(296960K) From: 64K(15872K)->64K(16896K)
[381.756s][info][gc,heap        ] GC(1050) ParOldGen: 419927K(420352K)->419927K(420352K)
[381.756s][info][gc,metaspace   ] GC(1050) Metaspace: 35379K(36096K)->35379K(36096K) NonClass: 26183K(26688K)->26183K(26688K) Class: 9195K(9408K)->9195K(9408K)
[381.756s][info][gc             ] GC(1050) Pause Young (Allocation Failure) 700M->410M(717M) 1.350ms
[381.756s][info][gc,cpu         ] GC(1050) User=0.00s Sys=0.00s Real=0.00s
[381.975s][info][gc,start       ] GC(1051) Pause Young (Allocation Failure)
[381.976s][info][gc,heap        ] GC(1051) PSYoungGen: 297024K(313856K)->64K(314880K) Eden: 296960K(296960K)->0K(301056K) From: 64K(16896K)->64K(13824K)
[381.976s][info][gc,heap        ] GC(1051) ParOldGen: 419927K(420352K)->419935K(420352K)
[381.977s][info][gc,metaspace   ] GC(1051) Metaspace: 35379K(36096K)->35379K(36096K) NonClass: 26183K(26688K)->26183K(26688K) Class: 9195K(9408K)->9195K(9408K)
[381.977s][info][gc             ] GC(1051) Pause Young (Allocation Failure) 700M->410M(718M) 1.415ms
[381.977s][info][gc,cpu         ] GC(1051) User=0.00s Sys=0.00s Real=0.00s
[382.062s][info][gc,start       ] GC(1052) Pause Young (Allocation Failure)
[382.064s][info][gc,heap        ] GC(1052) PSYoungGen: 301120K(314880K)->64K(315904K) Eden: 301056K(301056K)->0K(301056K) From: 64K(13824K)->64K(14848K)
[382.064s][info][gc,heap        ] GC(1052) ParOldGen: 419935K(420352K)->419943K(420352K)
[382.064s][info][gc,metaspace   ] GC(1052) Metaspace: 35379K(36096K)->35379K(36096K) NonClass: 26183K(26688K)->26183K(26688K) Class: 9195K(9408K)->9195K(9408K)
[382.064s][info][gc             ] GC(1052) Pause Young (Allocation Failure) 704M->410M(719M) 1.337ms
[382.064s][info][gc,cpu         ] GC(1052) User=0.01s Sys=0.00s Real=0.00s
[382.192s][info][gc,start       ] GC(1053) Pause Young (Allocation Failure)
[382.194s][info][gc,heap        ] GC(1053) PSYoungGen: 301120K(315904K)->64K(316416K) Eden: 301056K(301056K)->0K(304640K) From: 64K(14848K)->64K(11776K)
[382.194s][info][gc,heap        ] GC(1053) ParOldGen: 419943K(420352K)->419951K(420352K)
[382.194s][info][gc,metaspace   ] GC(1053) Metaspace: 35379K(36096K)->35379K(36096K) NonClass: 26183K(26688K)->26183K(26688K) Class: 9195K(9408K)->9195K(9408K)
[382.194s][info][gc             ] GC(1053) Pause Young (Allocation Failure) 704M->410M(719M) 1.232ms
[382.194s][info][gc,cpu         ] GC(1053) User=0.01s Sys=0.00s Real=0.00s
[382.606s][info][gc,start       ] GC(1054) Pause Young (Allocation Failure)
[382.608s][info][gc,heap        ] GC(1054) PSYoungGen: 304704K(316416K)->64K(317952K) Eden: 304640K(304640K)->0K(304640K) From: 64K(11776K)->64K(13312K)
[382.608s][info][gc,heap        ] GC(1054) ParOldGen: 419951K(420352K)->419959K(420352K)
[382.608s][info][gc,metaspace   ] GC(1054) Metaspace: 35379K(36096K)->35379K(36096K) NonClass: 26183K(26688K)->26183K(26688K) Class: 9195K(9408K)->9195K(9408K)
[382.608s][info][gc             ] GC(1054) Pause Young (Allocation Failure) 707M->410M(721M) 1.419ms
[382.608s][info][gc,cpu         ] GC(1054) User=0.01s Sys=0.00s Real=0.01s
[383.961s][info][gc,start       ] GC(1055) Pause Young (Allocation Failure)
[383.963s][info][gc,heap        ] GC(1055) PSYoungGen: 304704K(317952K)->64K(292864K) Eden: 304640K(304640K)->0K(292352K) From: 64K(13312K)->64K(512K)
[383.963s][info][gc,heap        ] GC(1055) ParOldGen: 419959K(420352K)->419967K(420352K)
[383.963s][info][gc,metaspace   ] GC(1055) Metaspace: 35379K(36096K)->35379K(36096K) NonClass: 26183K(26688K)->26183K(26688K) Class: 9195K(9408K)->9195K(9408K)
[383.963s][info][gc             ] GC(1055) Pause Young (Allocation Failure) 707M->410M(696M) 2.066ms
[383.963s][info][gc,cpu         ] GC(1055) User=0.01s Sys=0.00s Real=0.00s
[384.234s][info][gc,start       ] GC(1056) Pause Young (Allocation Failure)
[384.236s][info][gc,heap        ] GC(1056) PSYoungGen: 292416K(292864K)->64K(292352K) Eden: 292352K(292352K)->0K(280576K) From: 64K(512K)->64K(11776K)
[384.237s][info][gc,heap        ] GC(1056) ParOldGen: 419967K(420352K)->419983K(420352K)
[384.237s][info][gc,metaspace   ] GC(1056) Metaspace: 35379K(36096K)->35379K(36096K) NonClass: 26183K(26688K)->26183K(26688K) Class: 9195K(9408K)->9195K(9408K)
[384.237s][info][gc             ] GC(1056) Pause Young (Allocation Failure) 695M->410M(696M) 2.491ms
[384.237s][info][gc,cpu         ] GC(1056) User=0.00s Sys=0.00s Real=0.00s
[384.703s][info][gc,start       ] GC(1057) Pause Young (Allocation Failure)
[384.706s][info][gc,heap        ] GC(1057) PSYoungGen: 280640K(292352K)->64K(269824K) Eden: 280576K(280576K)->0K(269312K) From: 64K(11776K)->64K(512K)
[384.706s][info][gc,heap        ] GC(1057) ParOldGen: 419983K(420352K)->419999K(420352K)
[384.706s][info][gc,metaspace   ] GC(1057) Metaspace: 35379K(36096K)->35379K(36096K) NonClass: 26183K(26688K)->26183K(26688K) Class: 9195K(9408K)->9195K(9408K)
[384.706s][info][gc             ] GC(1057) Pause Young (Allocation Failure) 684M->410M(674M) 2.907ms
[384.706s][info][gc,cpu         ] GC(1057) User=0.01s Sys=0.01s Real=0.00s
[385.617s][info][gc,start       ] GC(1058) Pause Young (Allocation Failure)
[385.619s][info][gc,heap        ] GC(1058) PSYoungGen: 269376K(269824K)->64K(268800K) Eden: 269312K(269312K)->0K(258560K) From: 64K(512K)->64K(10240K)
[385.619s][info][gc,heap        ] GC(1058) ParOldGen: 419999K(420352K)->420007K(420352K)
[385.619s][info][gc,metaspace   ] GC(1058) Metaspace: 35379K(36096K)->35379K(36096K) NonClass: 26183K(26688K)->26183K(26688K) Class: 9195K(9408K)->9195K(9408K)
[385.619s][info][gc             ] GC(1058) Pause Young (Allocation Failure) 673M->410M(673M) 1.691ms
[385.619s][info][gc,cpu         ] GC(1058) User=0.01s Sys=0.00s Real=0.00s
[385.980s][info][gc,start       ] GC(1059) Pause Young (Allocation Failure)
[385.981s][info][gc,heap        ] GC(1059) PSYoungGen: 258624K(268800K)->64K(248832K) Eden: 258560K(258560K)->0K(248320K) From: 64K(10240K)->64K(512K)
[385.981s][info][gc,heap        ] GC(1059) ParOldGen: 420007K(420352K)->420015K(420352K)
[385.981s][info][gc,metaspace   ] GC(1059) Metaspace: 35379K(36096K)->35379K(36096K) NonClass: 26183K(26688K)->26183K(26688K) Class: 9195K(9408K)->9195K(9408K)
[385.981s][info][gc             ] GC(1059) Pause Young (Allocation Failure) 662M->410M(653M) 1.486ms
[385.981s][info][gc,cpu         ] GC(1059) User=0.00s Sys=0.00s Real=0.00s
[386.049s][info][gc,start       ] GC(1060) Pause Young (Allocation Failure)
[386.050s][info][gc,heap        ] GC(1060) PSYoungGen: 248384K(248832K)->64K(247296K) Eden: 248320K(248320K)->0K(238592K) From: 64K(512K)->64K(8704K)
[386.050s][info][gc,heap        ] GC(1060) ParOldGen: 420015K(420352K)->420023K(420352K)
[386.050s][info][gc,metaspace   ] GC(1060) Metaspace: 35379K(36096K)->35379K(36096K) NonClass: 26183K(26688K)->26183K(26688K) Class: 9195K(9408K)->9195K(9408K)
[386.050s][info][gc             ] GC(1060) Pause Young (Allocation Failure) 652M->410M(652M) 1.120ms
[386.050s][info][gc,cpu         ] GC(1060) User=0.01s Sys=0.00s Real=0.00s
[386.524s][info][gc,start       ] GC(1061) Pause Young (Allocation Failure)
[386.526s][info][gc,heap        ] GC(1061) PSYoungGen: 238656K(247296K)->64K(229888K) Eden: 238592K(238592K)->0K(229376K) From: 64K(8704K)->64K(512K)
[386.526s][info][gc,heap        ] GC(1061) ParOldGen: 420023K(420352K)->420031K(420352K)
[386.526s][info][gc,metaspace   ] GC(1061) Metaspace: 35379K(36096K)->35379K(36096K) NonClass: 26183K(26688K)->26183K(26688K) Class: 9195K(9408K)->9195K(9408K)
[386.526s][info][gc             ] GC(1061) Pause Young (Allocation Failure) 643M->410M(635M) 1.981ms
[386.526s][info][gc,cpu         ] GC(1061) User=0.00s Sys=0.00s Real=0.00s
[386.766s][info][gc,start       ] GC(1062) Pause Young (Allocation Failure)
[386.767s][info][gc,heap        ] GC(1062) PSYoungGen: 229440K(229888K)->64K(228352K) Eden: 229376K(229376K)->0K(220672K) From: 64K(512K)->64K(7680K)
[386.767s][info][gc,heap        ] GC(1062) ParOldGen: 420031K(420352K)->420039K(420352K)
[386.767s][info][gc,metaspace   ] GC(1062) Metaspace: 35379K(36096K)->35379K(36096K) NonClass: 26183K(26688K)->26183K(26688K) Class: 9195K(9408K)->9195K(9408K)
[386.767s][info][gc             ] GC(1062) Pause Young (Allocation Failure) 634M->410M(633M) 1.175ms
[386.767s][info][gc,cpu         ] GC(1062) User=0.00s Sys=0.00s Real=0.01s
[387.103s][info][gc,start       ] GC(1063) Pause Young (Allocation Failure)
[387.119s][info][gc,heap        ] GC(1063) PSYoungGen: 220736K(228352K)->7168K(269312K) Eden: 220672K(220672K)->0K(262144K) From: 64K(7680K)->7168K(7168K)
[387.119s][info][gc,heap        ] GC(1063) ParOldGen: 420039K(420352K)->422743K(422912K)
[387.119s][info][gc,metaspace   ] GC(1063) Metaspace: 35379K(36096K)->35379K(36096K) NonClass: 26183K(26688K)->26183K(26688K) Class: 9195K(9408K)->9195K(9408K)
[387.120s][info][gc             ] GC(1063) Pause Young (Allocation Failure) 625M->419M(676M) 16.570ms
[387.120s][info][gc,cpu         ] GC(1063) User=0.02s Sys=0.00s Real=0.02s
[387.424s][info][gc,start       ] GC(1064) Pause Young (Allocation Failure)
[387.480s][info][gc,heap        ] GC(1064) PSYoungGen: 269312K(269312K)->9728K(284672K) Eden: 262144K(262144K)->0K(274944K) From: 7168K(7168K)->9728K(9728K)
[387.480s][info][gc,heap        ] GC(1064) ParOldGen: 422743K(422912K)->442591K(442880K)
[387.480s][info][gc,metaspace   ] GC(1064) Metaspace: 35379K(36096K)->35379K(36096K) NonClass: 26183K(26688K)->26183K(26688K) Class: 9195K(9408K)->9195K(9408K)
[387.480s][info][gc             ] GC(1064) Pause Young (Allocation Failure) 675M->441M(710M) 55.254ms
[387.480s][info][gc,cpu         ] GC(1064) User=0.10s Sys=0.02s Real=0.06s
[387.737s][info][gc,start       ] GC(1065) Pause Young (Allocation Failure)
[387.788s][info][gc,heap        ] GC(1065) PSYoungGen: 284672K(284672K)->19456K(303104K) Eden: 274944K(274944K)->0K(283648K) From: 9728K(9728K)->19456K(19456K)
[387.788s][info][gc,heap        ] GC(1065) ParOldGen: 442591K(442880K)->446935K(446976K)
[387.788s][info][gc,metaspace   ] GC(1065) Metaspace: 35379K(36096K)->35379K(36096K) NonClass: 26183K(26688K)->26183K(26688K) Class: 9195K(9408K)->9195K(9408K)
[387.788s][info][gc             ] GC(1065) Pause Young (Allocation Failure) 710M->455M(732M) 50.878ms
[387.788s][info][gc,cpu         ] GC(1065) User=0.08s Sys=0.01s Real=0.05s
[387.950s][info][gc,start       ] GC(1066) Pause Young (Allocation Failure)
[387.953s][info][gc,heap        ] GC(1066) PSYoungGen: 303104K(303104K)->64K(308736K) Eden: 283648K(283648K)->0K(283648K) From: 19456K(19456K)->64K(25088K)
[387.953s][info][gc,heap        ] GC(1066) ParOldGen: 446935K(446976K)->447047K(447488K)
[387.953s][info][gc,metaspace   ] GC(1066) Metaspace: 35379K(36096K)->35379K(36096K) NonClass: 26183K(26688K)->26183K(26688K) Class: 9195K(9408K)->9195K(9408K)
[387.953s][info][gc             ] GC(1066) Pause Young (Allocation Failure) 732M->436M(738M) 2.673ms
[387.953s][info][gc,cpu         ] GC(1066) User=0.01s Sys=0.00s Real=0.00s
[388.615s][info][gc,start       ] GC(1067) Pause Young (Allocation Failure)
[388.616s][info][gc,heap        ] GC(1067) PSYoungGen: 283712K(308736K)->64K(306176K) Eden: 283648K(283648K)->0K(284160K) From: 64K(25088K)->64K(22016K)
[388.616s][info][gc,heap        ] GC(1067) ParOldGen: 447047K(447488K)->447063K(447488K)
[388.616s][info][gc,metaspace   ] GC(1067) Metaspace: 35379K(36096K)->35379K(36096K) NonClass: 26183K(26688K)->26183K(26688K) Class: 9195K(9408K)->9195K(9408K)
[388.616s][info][gc             ] GC(1067) Pause Young (Allocation Failure) 713M->436M(736M) 1.760ms
[388.616s][info][gc,cpu         ] GC(1067) User=0.00s Sys=0.00s Real=0.00s
[389.094s][info][gc,start       ] GC(1068) Pause Young (Allocation Failure)
[389.095s][info][gc,heap        ] GC(1068) PSYoungGen: 284224K(306176K)->64K(307712K) Eden: 284160K(284160K)->0K(284160K) From: 64K(22016K)->64K(23552K)
[389.095s][info][gc,heap        ] GC(1068) ParOldGen: 447063K(447488K)->447063K(447488K)
[389.095s][info][gc,metaspace   ] GC(1068) Metaspace: 35379K(36096K)->35379K(36096K) NonClass: 26183K(26688K)->26183K(26688K) Class: 9195K(9408K)->9195K(9408K)
[389.095s][info][gc             ] GC(1068) Pause Young (Allocation Failure) 714M->436M(737M) 1.470ms
[389.095s][info][gc,cpu         ] GC(1068) User=0.00s Sys=0.00s Real=0.00s
[389.328s][info][gc,start       ] GC(1069) Pause Young (Allocation Failure)
[389.329s][info][gc,heap        ] GC(1069) PSYoungGen: 284224K(307712K)->32K(307712K) Eden: 284160K(284160K)->0K(287744K) From: 64K(23552K)->32K(19968K)
[389.329s][info][gc,heap        ] GC(1069) ParOldGen: 447063K(447488K)->447079K(447488K)
[389.329s][info][gc,metaspace   ] GC(1069) Metaspace: 35379K(36096K)->35379K(36096K) NonClass: 26183K(26688K)->26183K(26688K) Class: 9195K(9408K)->9195K(9408K)
[389.329s][info][gc             ] GC(1069) Pause Young (Allocation Failure) 714M->436M(737M) 1.409ms
[389.329s][info][gc,cpu         ] GC(1069) User=0.00s Sys=0.00s Real=0.00s
[389.563s][info][gc,start       ] GC(1070) Pause Young (Allocation Failure)
[389.565s][info][gc,heap        ] GC(1070) PSYoungGen: 287776K(307712K)->64K(309248K) Eden: 287744K(287744K)->0K(287744K) From: 32K(19968K)->64K(21504K)
[389.565s][info][gc,heap        ] GC(1070) ParOldGen: 447079K(447488K)->447079K(447488K)
[389.565s][info][gc,metaspace   ] GC(1070) Metaspace: 35379K(36096K)->35379K(36096K) NonClass: 26183K(26688K)->26183K(26688K) Class: 9195K(9408K)->9195K(9408K)
[389.565s][info][gc             ] GC(1070) Pause Young (Allocation Failure) 717M->436M(739M) 1.312ms
[389.565s][info][gc,cpu         ] GC(1070) User=0.00s Sys=0.00s Real=0.00s
[389.921s][info][gc,start       ] GC(1071) Pause Young (Allocation Failure)
[389.922s][info][gc,heap        ] GC(1071) PSYoungGen: 287808K(309248K)->64K(309760K) Eden: 287744K(287744K)->0K(291840K) From: 64K(21504K)->64K(17920K)
[389.922s][info][gc,heap        ] GC(1071) ParOldGen: 447079K(447488K)->447079K(447488K)
[389.922s][info][gc,metaspace   ] GC(1071) Metaspace: 35379K(36096K)->35379K(36096K) NonClass: 26183K(26688K)->26183K(26688K) Class: 9195K(9408K)->9195K(9408K)
[389.922s][info][gc             ] GC(1071) Pause Young (Allocation Failure) 717M->436M(739M) 1.375ms
[389.922s][info][gc,cpu         ] GC(1071) User=0.00s Sys=0.00s Real=0.00s
[389.971s][info][gc,start       ] GC(1072) Pause Young (Allocation Failure)
[389.972s][info][gc,heap        ] GC(1072) PSYoungGen: 291904K(309760K)->64K(311296K) Eden: 291840K(291840K)->0K(291840K) From: 64K(17920K)->64K(19456K)
[389.972s][info][gc,heap        ] GC(1072) ParOldGen: 447079K(447488K)->447095K(447488K)
[389.972s][info][gc,metaspace   ] GC(1072) Metaspace: 35379K(36096K)->35379K(36096K) NonClass: 26183K(26688K)->26183K(26688K) Class: 9195K(9408K)->9195K(9408K)
[389.972s][info][gc             ] GC(1072) Pause Young (Allocation Failure) 721M->436M(741M) 1.262ms
[389.972s][info][gc,cpu         ] GC(1072) User=0.00s Sys=0.00s Real=0.00s
[390.021s][info][gc,start       ] GC(1073) Pause Young (Allocation Failure)
[390.022s][info][gc,heap        ] GC(1073) PSYoungGen: 291904K(311296K)->64K(311808K) Eden: 291840K(291840K)->0K(295936K) From: 64K(19456K)->64K(15872K)
[390.022s][info][gc,heap        ] GC(1073) ParOldGen: 447095K(447488K)->447095K(447488K)
[390.022s][info][gc,metaspace   ] GC(1073) Metaspace: 35379K(36096K)->35379K(36096K) NonClass: 26183K(26688K)->26183K(26688K) Class: 9195K(9408K)->9195K(9408K)
[390.022s][info][gc             ] GC(1073) Pause Young (Allocation Failure) 721M->436M(741M) 1.239ms
[390.023s][info][gc,cpu         ] GC(1073) User=0.01s Sys=0.00s Real=0.00s
[390.239s][info][gc,start       ] GC(1074) Pause Young (Allocation Failure)
[390.241s][info][gc,heap        ] GC(1074) PSYoungGen: 295999K(311808K)->64K(313344K) Eden: 295935K(295936K)->0K(295936K) From: 64K(15872K)->64K(17408K)
[390.241s][info][gc,heap        ] GC(1074) ParOldGen: 447095K(447488K)->447095K(447488K)
[390.241s][info][gc,metaspace   ] GC(1074) Metaspace: 35379K(36096K)->35379K(36096K) NonClass: 26183K(26688K)->26183K(26688K) Class: 9195K(9408K)->9195K(9408K)
[390.241s][info][gc             ] GC(1074) Pause Young (Allocation Failure) 725M->436M(743M) 1.527ms
[390.241s][info][gc,cpu         ] GC(1074) User=0.00s Sys=0.00s Real=0.00s
[390.466s][info][gc,start       ] GC(1075) Pause Young (Allocation Failure)
[390.468s][info][gc,heap        ] GC(1075) PSYoungGen: 296000K(313344K)->64K(313856K) Eden: 295936K(295936K)->0K(300032K) From: 64K(17408K)->64K(13824K)
[390.468s][info][gc,heap        ] GC(1075) ParOldGen: 447095K(447488K)->447103K(447488K)
[390.468s][info][gc,metaspace   ] GC(1075) Metaspace: 35379K(36096K)->35379K(36096K) NonClass: 26183K(26688K)->26183K(26688K) Class: 9195K(9408K)->9195K(9408K)
[390.468s][info][gc             ] GC(1075) Pause Young (Allocation Failure) 725M->436M(743M) 1.414ms
[390.468s][info][gc,cpu         ] GC(1075) User=0.00s Sys=0.00s Real=0.01s
[390.573s][info][gc,start       ] GC(1076) Pause Young (Allocation Failure)
[390.575s][info][gc,heap        ] GC(1076) PSYoungGen: 300096K(313856K)->64K(315392K) Eden: 300032K(300032K)->0K(300032K) From: 64K(13824K)->64K(15360K)
[390.575s][info][gc,heap        ] GC(1076) ParOldGen: 447103K(447488K)->447111K(447488K)
[390.575s][info][gc,metaspace   ] GC(1076) Metaspace: 35379K(36096K)->35379K(36096K) NonClass: 26183K(26688K)->26183K(26688K) Class: 9195K(9408K)->9195K(9408K)
[390.575s][info][gc             ] GC(1076) Pause Young (Allocation Failure) 729M->436M(745M) 1.473ms
[390.575s][info][gc,cpu         ] GC(1076) User=0.00s Sys=0.00s Real=0.00s
[390.691s][info][gc,start       ] GC(1077) Pause Young (Allocation Failure)
[390.692s][info][gc,heap        ] GC(1077) PSYoungGen: 300096K(315392K)->64K(315904K) Eden: 300032K(300032K)->0K(303616K) From: 64K(15360K)->64K(12288K)
[390.692s][info][gc,heap        ] GC(1077) ParOldGen: 447111K(447488K)->447119K(447488K)
[390.692s][info][gc,metaspace   ] GC(1077) Metaspace: 35379K(36096K)->35379K(36096K) NonClass: 26183K(26688K)->26183K(26688K) Class: 9195K(9408K)->9195K(9408K)
[390.692s][info][gc             ] GC(1077) Pause Young (Allocation Failure) 729M->436M(745M) 1.333ms
[390.692s][info][gc,cpu         ] GC(1077) User=0.00s Sys=0.00s Real=0.00s
[391.068s][info][gc,start       ] GC(1078) Pause Young (Allocation Failure)
[391.070s][info][gc,heap        ] GC(1078) PSYoungGen: 303680K(315904K)->64K(317440K) Eden: 303616K(303616K)->0K(303616K) From: 64K(12288K)->64K(13824K)
[391.070s][info][gc,heap        ] GC(1078) ParOldGen: 447119K(447488K)->447127K(447488K)
[391.070s][info][gc,metaspace   ] GC(1078) Metaspace: 35379K(36096K)->35379K(36096K) NonClass: 26183K(26688K)->26183K(26688K) Class: 9195K(9408K)->9195K(9408K)
[391.070s][info][gc             ] GC(1078) Pause Young (Allocation Failure) 733M->436M(747M) 1.470ms
[391.070s][info][gc,cpu         ] GC(1078) User=0.01s Sys=0.00s Real=0.00s
[391.710s][info][gc,start       ] GC(1079) Pause Young (Allocation Failure)
[391.712s][info][gc,heap        ] GC(1079) PSYoungGen: 303680K(317440K)->83K(291840K) Eden: 303616K(303616K)->0K(291328K) From: 64K(13824K)->83K(512K)
[391.712s][info][gc,heap        ] GC(1079) ParOldGen: 447127K(447488K)->447135K(447488K)
[391.712s][info][gc,metaspace   ] GC(1079) Metaspace: 35379K(36096K)->35379K(36096K) NonClass: 26183K(26688K)->26183K(26688K) Class: 9195K(9408K)->9195K(9408K)
[391.712s][info][gc             ] GC(1079) Pause Young (Allocation Failure) 733M->436M(722M) 1.981ms
[391.712s][info][gc,cpu         ] GC(1079) User=0.01s Sys=0.00s Real=0.00s
[392.657s][info][gc,start       ] GC(1080) Pause Young (Allocation Failure)
[392.659s][info][gc,heap        ] GC(1080) PSYoungGen: 291411K(291840K)->64K(291840K) Eden: 291328K(291328K)->0K(279552K) From: 83K(512K)->64K(12288K)
[392.659s][info][gc,heap        ] GC(1080) ParOldGen: 447135K(447488K)->447151K(447488K)
[392.659s][info][gc,metaspace   ] GC(1080) Metaspace: 35379K(36096K)->35379K(36096K) NonClass: 26183K(26688K)->26183K(26688K) Class: 9195K(9408K)->9195K(9408K)
[392.659s][info][gc             ] GC(1080) Pause Young (Allocation Failure) 721M->436M(722M) 1.435ms
[392.659s][info][gc,cpu         ] GC(1080) User=0.00s Sys=0.00s Real=0.00s
[393.168s][info][gc,start       ] GC(1081) Pause Young (Allocation Failure)
[393.170s][info][gc,heap        ] GC(1081) PSYoungGen: 279616K(291840K)->64K(269312K) Eden: 279552K(279552K)->0K(268800K) From: 64K(12288K)->64K(512K)
[393.170s][info][gc,heap        ] GC(1081) ParOldGen: 447151K(447488K)->447159K(447488K)
[393.170s][info][gc,metaspace   ] GC(1081) Metaspace: 35379K(36096K)->35379K(36096K) NonClass: 26183K(26688K)->26183K(26688K) Class: 9195K(9408K)->9195K(9408K)
[393.170s][info][gc             ] GC(1081) Pause Young (Allocation Failure) 709M->436M(700M) 1.796ms
[393.170s][info][gc,cpu         ] GC(1081) User=0.00s Sys=0.00s Real=0.00s
[394.097s][info][gc,start       ] GC(1082) Pause Young (Allocation Failure)
[394.098s][info][gc,heap        ] GC(1082) PSYoungGen: 268864K(269312K)->64K(269312K) Eden: 268800K(268800K)->0K(258560K) From: 64K(512K)->64K(10752K)
[394.098s][info][gc,heap        ] GC(1082) ParOldGen: 447159K(447488K)->447167K(447488K)
[394.098s][info][gc,metaspace   ] GC(1082) Metaspace: 35379K(36096K)->35379K(36096K) NonClass: 26183K(26688K)->26183K(26688K) Class: 9195K(9408K)->9195K(9408K)
[394.098s][info][gc             ] GC(1082) Pause Young (Allocation Failure) 699M->436M(700M) 1.321ms
[394.098s][info][gc,cpu         ] GC(1082) User=0.00s Sys=0.00s Real=0.01s
[394.440s][info][gc,start       ] GC(1083) Pause Young (Allocation Failure)
[394.442s][info][gc,heap        ] GC(1083) PSYoungGen: 258624K(269312K)->64K(248832K) Eden: 258560K(258560K)->0K(248320K) From: 64K(10752K)->64K(512K)
[394.442s][info][gc,heap        ] GC(1083) ParOldGen: 447167K(447488K)->447175K(447488K)
[394.442s][info][gc,metaspace   ] GC(1083) Metaspace: 35379K(36096K)->35379K(36096K) NonClass: 26183K(26688K)->26183K(26688K) Class: 9195K(9408K)->9195K(9408K)
[394.442s][info][gc             ] GC(1083) Pause Young (Allocation Failure) 689M->436M(680M) 1.506ms
[394.442s][info][gc,cpu         ] GC(1083) User=0.00s Sys=0.00s Real=0.00s
[394.550s][info][gc,start       ] GC(1084) Pause Young (Allocation Failure)
[394.551s][info][gc,heap        ] GC(1084) PSYoungGen: 248384K(248832K)->64K(247808K) Eden: 248320K(248320K)->0K(238592K) From: 64K(512K)->64K(9216K)
[394.551s][info][gc,heap        ] GC(1084) ParOldGen: 447175K(447488K)->447183K(447488K)
[394.551s][info][gc,metaspace   ] GC(1084) Metaspace: 35379K(36096K)->35379K(36096K) NonClass: 26183K(26688K)->26183K(26688K) Class: 9195K(9408K)->9195K(9408K)
[394.551s][info][gc             ] GC(1084) Pause Young (Allocation Failure) 679M->436M(679M) 1.204ms
[394.551s][info][gc,cpu         ] GC(1084) User=0.00s Sys=0.00s Real=0.00s
[394.915s][info][gc,start       ] GC(1085) Pause Young (Allocation Failure)
[394.917s][info][gc,heap        ] GC(1085) PSYoungGen: 238656K(247808K)->64K(229888K) Eden: 238592K(238592K)->0K(229376K) From: 64K(9216K)->64K(512K)
[394.917s][info][gc,heap        ] GC(1085) ParOldGen: 447183K(447488K)->447191K(447488K)
[394.917s][info][gc,metaspace   ] GC(1085) Metaspace: 35379K(36096K)->35379K(36096K) NonClass: 26183K(26688K)->26183K(26688K) Class: 9195K(9408K)->9195K(9408K)
[394.917s][info][gc             ] GC(1085) Pause Young (Allocation Failure) 669M->436M(661M) 2.021ms
[394.917s][info][gc,cpu         ] GC(1085) User=0.00s Sys=0.00s Real=0.01s
[395.208s][info][gc,start       ] GC(1086) Pause Young (Allocation Failure)
[395.209s][info][gc,heap        ] GC(1086) PSYoungGen: 229440K(229888K)->64K(228864K) Eden: 229376K(229376K)->0K(220672K) From: 64K(512K)->64K(8192K)
[395.209s][info][gc,heap        ] GC(1086) ParOldGen: 447191K(447488K)->447199K(447488K)
[395.209s][info][gc,metaspace   ] GC(1086) Metaspace: 35379K(36096K)->35379K(36096K) NonClass: 26183K(26688K)->26183K(26688K) Class: 9195K(9408K)->9195K(9408K)
[395.209s][info][gc             ] GC(1086) Pause Young (Allocation Failure) 660M->436M(660M) 1.508ms
[395.209s][info][gc,cpu         ] GC(1086) User=0.01s Sys=0.00s Real=0.00s
[395.560s][info][gc,start       ] GC(1087) Pause Young (Allocation Failure)
[395.574s][info][gc,heap        ] GC(1087) PSYoungGen: 220736K(228864K)->3840K(265728K) Eden: 220672K(220672K)->0K(261632K) From: 64K(8192K)->3840K(4096K)
[395.574s][info][gc,heap        ] GC(1087) ParOldGen: 447199K(447488K)->447207K(447488K)
[395.574s][info][gc,metaspace   ] GC(1087) Metaspace: 35379K(36096K)->35379K(36096K) NonClass: 26183K(26688K)->26183K(26688K) Class: 9195K(9408K)->9195K(9408K)
[395.574s][info][gc             ] GC(1087) Pause Young (Allocation Failure) 652M->440M(696M) 13.787ms
[395.574s][info][gc,cpu         ] GC(1087) User=0.02s Sys=0.00s Real=0.01s
[395.875s][info][gc,start       ] GC(1088) Pause Young (Allocation Failure)
[395.932s][info][gc,heap        ] GC(1088) PSYoungGen: 265472K(265728K)->7680K(282112K) Eden: 261632K(261632K)->0K(274432K) From: 3840K(4096K)->7680K(7680K)
[395.932s][info][gc,heap        ] GC(1088) ParOldGen: 447207K(447488K)->468975K(468992K)
[395.932s][info][gc,metaspace   ] GC(1088) Metaspace: 35379K(36096K)->35379K(36096K) NonClass: 26183K(26688K)->26183K(26688K) Class: 9195K(9408K)->9195K(9408K)
[395.932s][info][gc             ] GC(1088) Pause Young (Allocation Failure) 695M->465M(733M) 57.014ms
[395.932s][info][gc,cpu         ] GC(1088) User=0.10s Sys=0.02s Real=0.06s
[396.235s][info][gc,start       ] GC(1089) Pause Young (Allocation Failure)
[396.300s][info][gc,heap        ] GC(1089) PSYoungGen: 282112K(282112K)->17920K(299520K) Eden: 274432K(274432K)->0K(281600K) From: 7680K(7680K)->17920K(17920K)
[396.300s][info][gc,heap        ] GC(1089) ParOldGen: 468975K(468992K)->480999K(481280K)
[396.300s][info][gc,metaspace   ] GC(1089) Metaspace: 35379K(36096K)->35379K(36096K) NonClass: 26183K(26688K)->26183K(26688K) Class: 9195K(9408K)->9195K(9408K)
[396.300s][info][gc             ] GC(1089) Pause Young (Allocation Failure) 733M->487M(762M) 65.248ms
[396.300s][info][gc,cpu         ] GC(1089) User=0.11s Sys=0.02s Real=0.07s
[396.386s][info][gc,start       ] GC(1090) Pause Young (Allocation Failure)
[396.391s][info][gc,heap        ] GC(1090) PSYoungGen: 299520K(299520K)->64K(307712K) Eden: 281600K(281600K)->0K(281600K) From: 17920K(17920K)->64K(26112K)
[396.391s][info][gc,heap        ] GC(1090) ParOldGen: 480999K(481280K)->481319K(481792K)
[396.391s][info][gc,metaspace   ] GC(1090) Metaspace: 35379K(36096K)->35379K(36096K) NonClass: 26183K(26688K)->26183K(26688K) Class: 9195K(9408K)->9195K(9408K)
[396.391s][info][gc             ] GC(1090) Pause Young (Allocation Failure) 762M->470M(771M) 4.903ms
[396.391s][info][gc,cpu         ] GC(1090) User=0.01s Sys=0.00s Real=0.01s
[397.002s][info][gc,start       ] GC(1091) Pause Young (Allocation Failure)
[397.004s][info][gc,heap        ] GC(1091) PSYoungGen: 281664K(307712K)->64K(304640K) Eden: 281600K(281600K)->0K(282624K) From: 64K(26112K)->64K(22016K)
[397.004s][info][gc,heap        ] GC(1091) ParOldGen: 481319K(481792K)->481327K(481792K)
[397.004s][info][gc,metaspace   ] GC(1091) Metaspace: 35379K(36096K)->35379K(36096K) NonClass: 26183K(26688K)->26183K(26688K) Class: 9195K(9408K)->9195K(9408K)
[397.004s][info][gc             ] GC(1091) Pause Young (Allocation Failure) 745M->470M(768M) 1.759ms
[397.004s][info][gc,cpu         ] GC(1091) User=0.00s Sys=0.00s Real=0.00s
[397.359s][info][gc,start       ] GC(1092) Pause Young (Allocation Failure)
[397.360s][info][gc,heap        ] GC(1092) PSYoungGen: 282688K(304640K)->64K(306688K) Eden: 282624K(282624K)->0K(282624K) From: 64K(22016K)->64K(24064K)
[397.360s][info][gc,heap        ] GC(1092) ParOldGen: 481327K(481792K)->481335K(481792K)
[397.360s][info][gc,metaspace   ] GC(1092) Metaspace: 35379K(36096K)->35379K(36096K) NonClass: 26183K(26688K)->26183K(26688K) Class: 9195K(9408K)->9195K(9408K)
[397.360s][info][gc             ] GC(1092) Pause Young (Allocation Failure) 746M->470M(770M) 1.453ms
[397.360s][info][gc,cpu         ] GC(1092) User=0.01s Sys=0.00s Real=0.00s
[397.802s][info][gc,start       ] GC(1093) Pause Young (Allocation Failure)
[397.804s][info][gc,heap        ] GC(1093) PSYoungGen: 282688K(306688K)->64K(306688K) Eden: 282624K(282624K)->0K(286720K) From: 64K(24064K)->64K(19968K)
[397.804s][info][gc,heap        ] GC(1093) ParOldGen: 481335K(481792K)->481351K(481792K)
[397.804s][info][gc,metaspace   ] GC(1093) Metaspace: 35379K(36096K)->35379K(36096K) NonClass: 26183K(26688K)->26183K(26688K) Class: 9195K(9408K)->9195K(9408K)
[397.804s][info][gc             ] GC(1093) Pause Young (Allocation Failure) 746M->470M(770M) 1.434ms
[397.804s][info][gc,cpu         ] GC(1093) User=0.01s Sys=0.00s Real=0.00s
[398.037s][info][gc,start       ] GC(1094) Pause Young (Allocation Failure)
[398.039s][info][gc,heap        ] GC(1094) PSYoungGen: 286784K(306688K)->64K(308736K) Eden: 286720K(286720K)->0K(286720K) From: 64K(19968K)->64K(22016K)
[398.039s][info][gc,heap        ] GC(1094) ParOldGen: 481351K(481792K)->481367K(481792K)
[398.039s][info][gc,metaspace   ] GC(1094) Metaspace: 35379K(36096K)->35379K(36096K) NonClass: 26183K(26688K)->26183K(26688K) Class: 9195K(9408K)->9195K(9408K)
[398.039s][info][gc             ] GC(1094) Pause Young (Allocation Failure) 750M->470M(772M) 1.372ms
[398.039s][info][gc,cpu         ] GC(1094) User=0.00s Sys=0.00s Real=0.00s
[398.408s][info][gc,start       ] GC(1095) Pause Young (Allocation Failure)
[398.410s][info][gc,heap        ] GC(1095) PSYoungGen: 286784K(308736K)->64K(308736K) Eden: 286720K(286720K)->0K(290816K) From: 64K(22016K)->64K(17920K)
[398.410s][info][gc,heap        ] GC(1095) ParOldGen: 481367K(481792K)->481367K(481792K)
[398.410s][info][gc,metaspace   ] GC(1095) Metaspace: 35379K(36096K)->35379K(36096K) NonClass: 26183K(26688K)->26183K(26688K) Class: 9195K(9408K)->9195K(9408K)
[398.410s][info][gc             ] GC(1095) Pause Young (Allocation Failure) 750M->470M(772M) 1.553ms
[398.410s][info][gc,cpu         ] GC(1095) User=0.00s Sys=0.00s Real=0.00s
[398.499s][info][gc,start       ] GC(1096) Pause Young (Allocation Failure)
[398.500s][info][gc,heap        ] GC(1096) PSYoungGen: 290880K(308736K)->64K(310784K) Eden: 290816K(290816K)->0K(290816K) From: 64K(17920K)->64K(19968K)
[398.500s][info][gc,heap        ] GC(1096) ParOldGen: 481367K(481792K)->481375K(481792K)
[398.500s][info][gc,metaspace   ] GC(1096) Metaspace: 35379K(36096K)->35379K(36096K) NonClass: 26183K(26688K)->26183K(26688K) Class: 9195K(9408K)->9195K(9408K)
[398.500s][info][gc             ] GC(1096) Pause Young (Allocation Failure) 754M->470M(774M) 1.385ms
[398.500s][info][gc,cpu         ] GC(1096) User=0.00s Sys=0.00s Real=0.00s
[398.551s][info][gc,start       ] GC(1097) Pause Young (Allocation Failure)
[398.552s][info][gc,heap        ] GC(1097) PSYoungGen: 290880K(310784K)->64K(310784K) Eden: 290816K(290816K)->0K(294912K) From: 64K(19968K)->64K(15872K)
[398.552s][info][gc,heap        ] GC(1097) ParOldGen: 481375K(481792K)->481391K(481792K)
[398.552s][info][gc,metaspace   ] GC(1097) Metaspace: 35379K(36096K)->35379K(36096K) NonClass: 26183K(26688K)->26183K(26688K) Class: 9195K(9408K)->9195K(9408K)
[398.552s][info][gc             ] GC(1097) Pause Young (Allocation Failure) 754M->470M(774M) 1.325ms
[398.552s][info][gc,cpu         ] GC(1097) User=0.00s Sys=0.00s Real=0.00s
[398.722s][info][gc,start       ] GC(1098) Pause Young (Allocation Failure)
[398.724s][info][gc,heap        ] GC(1098) PSYoungGen: 294976K(310784K)->64K(312832K) Eden: 294912K(294912K)->0K(294912K) From: 64K(15872K)->64K(17920K)
[398.724s][info][gc,heap        ] GC(1098) ParOldGen: 481391K(481792K)->481391K(481792K)
[398.724s][info][gc,metaspace   ] GC(1098) Metaspace: 35379K(36096K)->35379K(36096K) NonClass: 26183K(26688K)->26183K(26688K) Class: 9195K(9408K)->9195K(9408K)
[398.724s][info][gc             ] GC(1098) Pause Young (Allocation Failure) 758M->470M(776M) 1.397ms
[398.724s][info][gc,cpu         ] GC(1098) User=0.00s Sys=0.00s Real=0.00s
[398.955s][info][gc,start       ] GC(1099) Pause Young (Allocation Failure)
[398.956s][info][gc,heap        ] GC(1099) PSYoungGen: 294976K(312832K)->64K(312832K) Eden: 294912K(294912K)->0K(299008K) From: 64K(17920K)->64K(13824K)
[398.956s][info][gc,heap        ] GC(1099) ParOldGen: 481391K(481792K)->481399K(481792K)
[398.956s][info][gc,metaspace   ] GC(1099) Metaspace: 35379K(36096K)->35379K(36096K) NonClass: 26183K(26688K)->26183K(26688K) Class: 9195K(9408K)->9195K(9408K)
[398.956s][info][gc             ] GC(1099) Pause Young (Allocation Failure) 758M->470M(776M) 1.486ms
[398.956s][info][gc,cpu         ] GC(1099) User=0.01s Sys=0.00s Real=0.00s
[399.091s][info][gc,start       ] GC(1100) Pause Young (Allocation Failure)
[399.092s][info][gc,heap        ] GC(1100) PSYoungGen: 299072K(312832K)->64K(314880K) Eden: 299008K(299008K)->0K(299008K) From: 64K(13824K)->64K(15872K)
[399.092s][info][gc,heap        ] GC(1100) ParOldGen: 481399K(481792K)->481407K(481792K)
[399.092s][info][gc,metaspace   ] GC(1100) Metaspace: 35379K(36096K)->35379K(36096K) NonClass: 26183K(26688K)->26183K(26688K) Class: 9195K(9408K)->9195K(9408K)
[399.092s][info][gc             ] GC(1100) Pause Young (Allocation Failure) 762M->470M(778M) 1.546ms
[399.092s][info][gc,cpu         ] GC(1100) User=0.00s Sys=0.00s Real=0.00s
[399.189s][info][gc,start       ] GC(1101) Pause Young (Allocation Failure)
[399.190s][info][gc,heap        ] GC(1101) PSYoungGen: 299072K(314880K)->64K(315904K) Eden: 299008K(299008K)->0K(303104K) From: 64K(15872K)->64K(12800K)
[399.190s][info][gc,heap        ] GC(1101) ParOldGen: 481407K(481792K)->481415K(481792K)
[399.190s][info][gc,metaspace   ] GC(1101) Metaspace: 35379K(36096K)->35379K(36096K) NonClass: 26183K(26688K)->26183K(26688K) Class: 9195K(9408K)->9195K(9408K)
[399.190s][info][gc             ] GC(1101) Pause Young (Allocation Failure) 762M->470M(779M) 1.381ms
[399.190s][info][gc,cpu         ] GC(1101) User=0.00s Sys=0.00s Real=0.00s
[399.417s][info][gc,start       ] GC(1102) Pause Young (Allocation Failure)
[399.418s][info][gc,heap        ] GC(1102) PSYoungGen: 303168K(315904K)->64K(317440K) Eden: 303104K(303104K)->0K(303104K) From: 64K(12800K)->64K(14336K)
[399.418s][info][gc,heap        ] GC(1102) ParOldGen: 481415K(481792K)->481423K(481792K)
[399.418s][info][gc,metaspace   ] GC(1102) Metaspace: 35379K(36096K)->35379K(36096K) NonClass: 26183K(26688K)->26183K(26688K) Class: 9195K(9408K)->9195K(9408K)
[399.418s][info][gc             ] GC(1102) Pause Young (Allocation Failure) 766M->470M(780M) 1.456ms
[399.418s][info][gc,cpu         ] GC(1102) User=0.00s Sys=0.00s Real=0.01s
[400.231s][info][gc,start       ] GC(1103) Pause Young (Allocation Failure)
[400.232s][info][gc,heap        ] GC(1103) PSYoungGen: 303168K(317440K)->64K(316928K) Eden: 303104K(303104K)->0K(306176K) From: 64K(14336K)->64K(10752K)
[400.232s][info][gc,heap        ] GC(1103) ParOldGen: 481423K(481792K)->481431K(481792K)
[400.232s][info][gc,metaspace   ] GC(1103) Metaspace: 35379K(36096K)->35379K(36096K) NonClass: 26183K(26688K)->26183K(26688K) Class: 9195K(9408K)->9195K(9408K)
[400.232s][info][gc             ] GC(1103) Pause Young (Allocation Failure) 766M->470M(780M) 1.525ms
[400.232s][info][gc,cpu         ] GC(1103) User=0.01s Sys=0.00s Real=0.00s
[401.164s][info][gc,start       ] GC(1104) Pause Young (Allocation Failure)
[401.166s][info][gc,heap        ] GC(1104) PSYoungGen: 306240K(316928K)->64K(294400K) Eden: 306176K(306176K)->0K(293888K) From: 64K(10752K)->64K(512K)
[401.166s][info][gc,heap        ] GC(1104) ParOldGen: 481431K(481792K)->481439K(481792K)
[401.166s][info][gc,metaspace   ] GC(1104) Metaspace: 35379K(36096K)->35379K(36096K) NonClass: 26183K(26688K)->26183K(26688K) Class: 9195K(9408K)->9195K(9408K)
[401.166s][info][gc             ] GC(1104) Pause Young (Allocation Failure) 769M->470M(758M) 2.168ms
[401.166s][info][gc,cpu         ] GC(1104) User=0.00s Sys=0.00s Real=0.00s
[401.632s][info][gc,start       ] GC(1105) Pause Young (Allocation Failure)
[401.633s][info][gc,heap        ] GC(1105) PSYoungGen: 293952K(294400K)->64K(282624K) Eden: 293888K(293888K)->0K(282112K) From: 64K(512K)->64K(512K)
[401.634s][info][gc,heap        ] GC(1105) ParOldGen: 481439K(481792K)->481447K(481792K)
[401.634s][info][gc,metaspace   ] GC(1105) Metaspace: 35379K(36096K)->35379K(36096K) NonClass: 26183K(26688K)->26183K(26688K) Class: 9195K(9408K)->9195K(9408K)
[401.634s][info][gc             ] GC(1105) Pause Young (Allocation Failure) 757M->470M(746M) 1.875ms
[401.634s][info][gc,cpu         ] GC(1105) User=0.00s Sys=0.00s Real=0.00s
[402.629s][info][gc,start       ] GC(1106) Pause Young (Allocation Failure)
[402.631s][info][gc,heap        ] GC(1106) PSYoungGen: 282176K(282624K)->64K(281600K) Eden: 282112K(282112K)->0K(270848K) From: 64K(512K)->64K(10752K)
[402.631s][info][gc,heap        ] GC(1106) ParOldGen: 481447K(481792K)->481455K(481792K)
[402.631s][info][gc,metaspace   ] GC(1106) Metaspace: 35379K(36096K)->35379K(36096K) NonClass: 26183K(26688K)->26183K(26688K) Class: 9195K(9408K)->9195K(9408K)
[402.631s][info][gc             ] GC(1106) Pause Young (Allocation Failure) 745M->470M(745M) 1.497ms
[402.631s][info][gc,cpu         ] GC(1106) User=0.00s Sys=0.00s Real=0.00s
[402.980s][info][gc,start       ] GC(1107) Pause Young (Allocation Failure)
[402.982s][info][gc,heap        ] GC(1107) PSYoungGen: 270912K(281600K)->64K(260608K) Eden: 270848K(270848K)->0K(260096K) From: 64K(10752K)->64K(512K)
[402.982s][info][gc,heap        ] GC(1107) ParOldGen: 481455K(481792K)->481463K(481792K)
[402.982s][info][gc,metaspace   ] GC(1107) Metaspace: 35379K(36096K)->35379K(36096K) NonClass: 26183K(26688K)->26183K(26688K) Class: 9195K(9408K)->9195K(9408K)
[402.982s][info][gc             ] GC(1107) Pause Young (Allocation Failure) 734M->470M(725M) 1.830ms
[402.982s][info][gc,cpu         ] GC(1107) User=0.00s Sys=0.00s Real=0.00s
[403.106s][info][gc,start       ] GC(1108) Pause Young (Allocation Failure)
[403.107s][info][gc,heap        ] GC(1108) PSYoungGen: 260160K(260608K)->64K(259072K) Eden: 260096K(260096K)->0K(249856K) From: 64K(512K)->64K(9216K)
[403.107s][info][gc,heap        ] GC(1108) ParOldGen: 481463K(481792K)->481471K(481792K)
[403.107s][info][gc,metaspace   ] GC(1108) Metaspace: 35379K(36096K)->35379K(36096K) NonClass: 26183K(26688K)->26183K(26688K) Class: 9195K(9408K)->9195K(9408K)
[403.107s][info][gc             ] GC(1108) Pause Young (Allocation Failure) 724M->470M(723M) 1.536ms
[403.107s][info][gc,cpu         ] GC(1108) User=0.00s Sys=0.00s Real=0.01s
[403.487s][info][gc,start       ] GC(1109) Pause Young (Allocation Failure)
[403.490s][info][gc,heap        ] GC(1109) PSYoungGen: 249920K(259072K)->64K(240640K) Eden: 249856K(249856K)->0K(240128K) From: 64K(9216K)->64K(512K)
[403.490s][info][gc,heap        ] GC(1109) ParOldGen: 481471K(481792K)->481479K(481792K)
[403.490s][info][gc,metaspace   ] GC(1109) Metaspace: 35379K(36096K)->35379K(36096K) NonClass: 26183K(26688K)->26183K(26688K) Class: 9195K(9408K)->9195K(9408K)
[403.490s][info][gc             ] GC(1109) Pause Young (Allocation Failure) 714M->470M(705M) 3.014ms
[403.490s][info][gc,cpu         ] GC(1109) User=0.00s Sys=0.00s Real=0.00s
[403.783s][info][gc,start       ] GC(1110) Pause Young (Allocation Failure)
[403.785s][info][gc,heap        ] GC(1110) PSYoungGen: 240192K(240640K)->64K(239104K) Eden: 240128K(240128K)->0K(230912K) From: 64K(512K)->64K(8192K)
[403.785s][info][gc,heap        ] GC(1110) ParOldGen: 481479K(481792K)->481487K(481792K)
[403.785s][info][gc,metaspace   ] GC(1110) Metaspace: 35379K(36096K)->35379K(36096K) NonClass: 26183K(26688K)->26183K(26688K) Class: 9195K(9408K)->9195K(9408K)
[403.786s][info][gc             ] GC(1110) Pause Young (Allocation Failure) 704M->470M(704M) 2.463ms
[403.786s][info][gc,cpu         ] GC(1110) User=0.00s Sys=0.00s Real=0.00s
[404.146s][info][gc,start       ] GC(1111) Pause Young (Allocation Failure)
[404.164s][info][gc,heap        ] GC(1111) PSYoungGen: 230975K(239104K)->6976K(282112K) Eden: 230911K(230912K)->0K(274432K) From: 64K(8192K)->6976K(7680K)
[404.164s][info][gc,heap        ] GC(1111) ParOldGen: 481487K(481792K)->481495K(481792K)
[404.164s][info][gc,metaspace   ] GC(1111) Metaspace: 35379K(36096K)->35379K(36096K) NonClass: 26183K(26688K)->26183K(26688K) Class: 9195K(9408K)->9195K(9408K)
[404.164s][info][gc             ] GC(1111) Pause Young (Allocation Failure) 695M->477M(746M) 17.830ms
[404.164s][info][gc,cpu         ] GC(1111) User=0.02s Sys=0.00s Real=0.02s
[404.478s][info][gc,start       ] GC(1112) Pause Young (Allocation Failure)
[404.549s][info][gc,heap        ] GC(1112) PSYoungGen: 281408K(282112K)->9216K(283648K) Eden: 274432K(274432K)->0K(274432K) From: 6976K(7680K)->9216K(9216K)
[404.549s][info][gc,heap        ] GC(1112) ParOldGen: 481495K(481792K)->503159K(503296K)
[404.549s][info][gc,metaspace   ] GC(1112) Metaspace: 35379K(36096K)->35379K(36096K) NonClass: 26183K(26688K)->26183K(26688K) Class: 9195K(9408K)->9195K(9408K)
[404.549s][info][gc             ] GC(1112) Pause Young (Allocation Failure) 745M->500M(768M) 71.112ms
[404.549s][info][gc,cpu         ] GC(1112) User=0.10s Sys=0.01s Real=0.07s
[404.816s][info][gc,start       ] GC(1113) Pause Young (Allocation Failure)
[404.872s][info][gc,heap        ] GC(1113) PSYoungGen: 283648K(283648K)->19456K(302080K) Eden: 274432K(274432K)->0K(282624K) From: 9216K(9216K)->19456K(19456K)
[404.872s][info][gc,heap        ] GC(1113) ParOldGen: 503159K(503296K)->509063K(509440K)
[404.872s][info][gc,metaspace   ] GC(1113) Metaspace: 35379K(36096K)->35379K(36096K) NonClass: 26183K(26688K)->26183K(26688K) Class: 9195K(9408K)->9195K(9408K)
[404.872s][info][gc             ] GC(1113) Pause Young (Allocation Failure) 768M->516M(792M) 55.569ms
[404.872s][info][gc,cpu         ] GC(1113) User=0.08s Sys=0.03s Real=0.06s
[405.003s][info][gc,start       ] GC(1114) Pause Young (Allocation Failure)
[405.006s][info][gc,heap        ] GC(1114) PSYoungGen: 302080K(302080K)->64K(308224K) Eden: 282624K(282624K)->0K(282624K) From: 19456K(19456K)->64K(25600K)
[405.006s][info][gc,heap        ] GC(1114) ParOldGen: 509063K(509440K)->509215K(509440K)
[405.006s][info][gc,metaspace   ] GC(1114) Metaspace: 35379K(36096K)->35379K(36096K) NonClass: 26183K(26688K)->26183K(26688K) Class: 9195K(9408K)->9195K(9408K)
[405.006s][info][gc             ] GC(1114) Pause Young (Allocation Failure) 792M->497M(798M) 3.208ms
[405.006s][info][gc,cpu         ] GC(1114) User=0.00s Sys=0.00s Real=0.00s
[405.665s][info][gc,start       ] GC(1115) Pause Young (Allocation Failure)
[405.667s][info][gc,heap        ] GC(1115) PSYoungGen: 282688K(308224K)->64K(305664K) Eden: 282624K(282624K)->0K(283136K) From: 64K(25600K)->64K(22528K)
[405.667s][info][gc,heap        ] GC(1115) ParOldGen: 509215K(509440K)->509231K(509440K)
[405.667s][info][gc,metaspace   ] GC(1115) Metaspace: 35379K(36096K)->35379K(36096K) NonClass: 26183K(26688K)->26183K(26688K) Class: 9195K(9408K)->9195K(9408K)
[405.667s][info][gc             ] GC(1115) Pause Young (Allocation Failure) 773M->497M(796M) 1.804ms
[405.667s][info][gc,cpu         ] GC(1115) User=0.00s Sys=0.00s Real=0.00s
[406.167s][info][gc,start       ] GC(1116) Pause Young (Allocation Failure)
[406.168s][info][gc,heap        ] GC(1116) PSYoungGen: 283200K(305664K)->64K(307200K) Eden: 283136K(283136K)->0K(283136K) From: 64K(22528K)->64K(24064K)
[406.168s][info][gc,heap        ] GC(1116) ParOldGen: 509231K(509440K)->509231K(509440K)
[406.168s][info][gc,metaspace   ] GC(1116) Metaspace: 35379K(36096K)->35379K(36096K) NonClass: 26183K(26688K)->26183K(26688K) Class: 9195K(9408K)->9195K(9408K)
[406.168s][info][gc             ] GC(1116) Pause Young (Allocation Failure) 773M->497M(797M) 1.551ms
[406.168s][info][gc,cpu         ] GC(1116) User=0.00s Sys=0.00s Real=0.01s
[406.399s][info][gc,start       ] GC(1117) Pause Young (Allocation Failure)
[406.401s][info][gc,heap        ] GC(1117) PSYoungGen: 283200K(307200K)->64K(307200K) Eden: 283136K(283136K)->0K(286720K) From: 64K(24064K)->64K(20480K)
[406.401s][info][gc,heap        ] GC(1117) ParOldGen: 509231K(509440K)->509247K(509440K)
[406.401s][info][gc,metaspace   ] GC(1117) Metaspace: 35379K(36096K)->35379K(36096K) NonClass: 26183K(26688K)->26183K(26688K) Class: 9195K(9408K)->9195K(9408K)
[406.401s][info][gc             ] GC(1117) Pause Young (Allocation Failure) 773M->497M(797M) 1.572ms
[406.401s][info][gc,cpu         ] GC(1117) User=0.00s Sys=0.00s Real=0.00s
[406.634s][info][gc,start       ] GC(1118) Pause Young (Allocation Failure)
[406.635s][info][gc,heap        ] GC(1118) PSYoungGen: 286784K(307200K)->64K(308736K) Eden: 286720K(286720K)->0K(286720K) From: 64K(20480K)->64K(22016K)
[406.635s][info][gc,heap        ] GC(1118) ParOldGen: 509247K(509440K)->509247K(509440K)
[406.635s][info][gc,metaspace   ] GC(1118) Metaspace: 35379K(36096K)->35379K(36096K) NonClass: 26183K(26688K)->26183K(26688K) Class: 9195K(9408K)->9195K(9408K)
[406.635s][info][gc             ] GC(1118) Pause Young (Allocation Failure) 777M->497M(799M) 1.437ms
[406.635s][info][gc,cpu         ] GC(1118) User=0.00s Sys=0.00s Real=0.00s
[407.002s][info][gc,start       ] GC(1119) Pause Young (Allocation Failure)
[407.004s][info][gc,heap        ] GC(1119) PSYoungGen: 286784K(308736K)->64K(309248K) Eden: 286720K(286720K)->0K(290816K) From: 64K(22016K)->64K(18432K)
[407.004s][info][gc,heap        ] GC(1119) ParOldGen: 509247K(509440K)->509247K(509440K)
[407.004s][info][gc,metaspace   ] GC(1119) Metaspace: 35379K(36096K)->35379K(36096K) NonClass: 26183K(26688K)->26183K(26688K) Class: 9195K(9408K)->9195K(9408K)
[407.004s][info][gc             ] GC(1119) Pause Young (Allocation Failure) 777M->497M(799M) 1.456ms
[407.004s][info][gc,cpu         ] GC(1119) User=0.01s Sys=0.00s Real=0.00s
[407.055s][info][gc,start       ] GC(1120) Pause Young (Allocation Failure)
[407.057s][info][gc,heap        ] GC(1120) PSYoungGen: 290880K(309248K)->64K(310784K) Eden: 290816K(290816K)->0K(290816K) From: 64K(18432K)->64K(19968K)
[407.057s][info][gc,heap        ] GC(1120) ParOldGen: 509247K(509440K)->509255K(509440K)
[407.057s][info][gc,metaspace   ] GC(1120) Metaspace: 35379K(36096K)->35379K(36096K) NonClass: 26183K(26688K)->26183K(26688K) Class: 9195K(9408K)->9195K(9408K)
[407.057s][info][gc             ] GC(1120) Pause Young (Allocation Failure) 781M->497M(801M) 1.372ms
[407.057s][info][gc,cpu         ] GC(1120) User=0.00s Sys=0.00s Real=0.00s
[407.107s][info][gc,start       ] GC(1121) Pause Young (Allocation Failure)
[407.108s][info][gc,heap        ] GC(1121) PSYoungGen: 290880K(310784K)->64K(311296K) Eden: 290816K(290816K)->0K(294912K) From: 64K(19968K)->64K(16384K)
[407.109s][info][gc,heap        ] GC(1121) ParOldGen: 509255K(509440K)->509271K(509440K)
[407.109s][info][gc,metaspace   ] GC(1121) Metaspace: 35379K(36096K)->35379K(36096K) NonClass: 26183K(26688K)->26183K(26688K) Class: 9195K(9408K)->9195K(9408K)
[407.109s][info][gc             ] GC(1121) Pause Young (Allocation Failure) 781M->497M(801M) 1.350ms
[407.109s][info][gc,cpu         ] GC(1121) User=0.00s Sys=0.00s Real=0.00s
[407.307s][info][gc,start       ] GC(1122) Pause Young (Allocation Failure)
[407.308s][info][gc,heap        ] GC(1122) PSYoungGen: 294976K(311296K)->64K(312832K) Eden: 294912K(294912K)->0K(294912K) From: 64K(16384K)->64K(17920K)
[407.308s][info][gc,heap        ] GC(1122) ParOldGen: 509271K(509440K)->509271K(509440K)
[407.308s][info][gc,metaspace   ] GC(1122) Metaspace: 35379K(36096K)->35379K(36096K) NonClass: 26183K(26688K)->26183K(26688K) Class: 9195K(9408K)->9195K(9408K)
[407.308s][info][gc             ] GC(1122) Pause Young (Allocation Failure) 785M->497M(803M) 1.534ms
[407.308s][info][gc,cpu         ] GC(1122) User=0.00s Sys=0.00s Real=0.01s
[407.534s][info][gc,start       ] GC(1123) Pause Young (Allocation Failure)
[407.535s][info][gc,heap        ] GC(1123) PSYoungGen: 294976K(312832K)->64K(313344K) Eden: 294912K(294912K)->0K(299008K) From: 64K(17920K)->64K(14336K)
[407.535s][info][gc,heap        ] GC(1123) ParOldGen: 509271K(509440K)->509279K(509440K)
[407.535s][info][gc,metaspace   ] GC(1123) Metaspace: 35379K(36096K)->35379K(36096K) NonClass: 26183K(26688K)->26183K(26688K) Class: 9195K(9408K)->9195K(9408K)
[407.535s][info][gc             ] GC(1123) Pause Young (Allocation Failure) 785M->497M(803M) 1.426ms
[407.535s][info][gc,cpu         ] GC(1123) User=0.01s Sys=0.00s Real=0.00s
[407.651s][info][gc,start       ] GC(1124) Pause Young (Allocation Failure)
[407.652s][info][gc,heap        ] GC(1124) PSYoungGen: 299072K(313344K)->64K(314880K) Eden: 299008K(299008K)->0K(299008K) From: 64K(14336K)->64K(15872K)
[407.652s][info][gc,heap        ] GC(1124) ParOldGen: 509279K(509440K)->509287K(509440K)
[407.652s][info][gc,metaspace   ] GC(1124) Metaspace: 35379K(36096K)->35379K(36096K) NonClass: 26183K(26688K)->26183K(26688K) Class: 9195K(9408K)->9195K(9408K)
[407.652s][info][gc             ] GC(1124) Pause Young (Allocation Failure) 789M->497M(805M) 1.518ms
[407.652s][info][gc,cpu         ] GC(1124) User=0.00s Sys=0.00s Real=0.00s
[407.761s][info][gc,start       ] GC(1125) Pause Young (Allocation Failure)
[407.762s][info][gc,heap        ] GC(1125) PSYoungGen: 299072K(314880K)->64K(315392K) Eden: 299008K(299008K)->0K(303104K) From: 64K(15872K)->64K(12288K)
[407.762s][info][gc,heap        ] GC(1125) ParOldGen: 509287K(509440K)->509295K(509440K)
[407.762s][info][gc,metaspace   ] GC(1125) Metaspace: 35379K(36096K)->35379K(36096K) NonClass: 26183K(26688K)->26183K(26688K) Class: 9195K(9408K)->9195K(9408K)
[407.762s][info][gc             ] GC(1125) Pause Young (Allocation Failure) 789M->497M(805M) 1.515ms
[407.763s][info][gc,cpu         ] GC(1125) User=0.00s Sys=0.00s Real=0.00s
[408.116s][info][gc,start       ] GC(1126) Pause Young (Allocation Failure)
[408.117s][info][gc,heap        ] GC(1126) PSYoungGen: 303168K(315392K)->64K(316928K) Eden: 303104K(303104K)->0K(303104K) From: 64K(12288K)->64K(13824K)
[408.117s][info][gc,heap        ] GC(1126) ParOldGen: 509295K(509440K)->509303K(509440K)
[408.117s][info][gc,metaspace   ] GC(1126) Metaspace: 35379K(36096K)->35379K(36096K) NonClass: 26183K(26688K)->26183K(26688K) Class: 9195K(9408K)->9195K(9408K)
[408.117s][info][gc             ] GC(1126) Pause Young (Allocation Failure) 793M->497M(807M) 1.570ms
[408.117s][info][gc,cpu         ] GC(1126) User=0.00s Sys=0.00s Real=0.01s
[408.781s][info][gc,start       ] GC(1127) Pause Young (Allocation Failure)
[408.782s][info][gc,heap        ] GC(1127) PSYoungGen: 303168K(316928K)->64K(317440K) Eden: 303104K(303104K)->0K(306688K) From: 64K(13824K)->64K(10752K)
[408.782s][info][gc,heap        ] GC(1127) ParOldGen: 509303K(509440K)->509311K(509440K)
[408.782s][info][gc,metaspace   ] GC(1127) Metaspace: 35379K(36096K)->35379K(36096K) NonClass: 26183K(26688K)->26183K(26688K) Class: 9195K(9408K)->9195K(9408K)
[408.782s][info][gc             ] GC(1127) Pause Young (Allocation Failure) 793M->497M(807M) 1.628ms
[408.782s][info][gc,cpu         ] GC(1127) User=0.00s Sys=0.00s Real=0.00s
[409.736s][info][gc,start       ] GC(1128) Pause Young (Allocation Failure)
[409.738s][info][gc,heap        ] GC(1128) PSYoungGen: 306752K(317440K)->64K(294912K) Eden: 306688K(306688K)->0K(294400K) From: 64K(10752K)->64K(512K)
[409.738s][info][gc,heap        ] GC(1128) ParOldGen: 509311K(509440K)->509319K(509440K)
[409.738s][info][gc,metaspace   ] GC(1128) Metaspace: 35379K(36096K)->35379K(36096K) NonClass: 26183K(26688K)->26183K(26688K) Class: 9195K(9408K)->9195K(9408K)
[409.738s][info][gc             ] GC(1128) Pause Young (Allocation Failure) 796M->497M(785M) 2.146ms
[409.738s][info][gc,cpu         ] GC(1128) User=0.00s Sys=0.00s Real=0.01s
[410.258s][info][gc,start       ] GC(1129) Pause Young (Allocation Failure)
[410.261s][info][gc,heap        ] GC(1129) PSYoungGen: 294464K(294912K)->64K(283136K) Eden: 294400K(294400K)->0K(282624K) From: 64K(512K)->64K(512K)
[410.261s][info][gc,heap        ] GC(1129) ParOldGen: 509319K(509440K)->509335K(509440K)
[410.261s][info][gc,metaspace   ] GC(1129) Metaspace: 35379K(36096K)->35379K(36096K) NonClass: 26183K(26688K)->26183K(26688K) Class: 9195K(9408K)->9195K(9408K)
[410.261s][info][gc             ] GC(1129) Pause Young (Allocation Failure) 784M->497M(774M) 3.239ms
[410.261s][info][gc,cpu         ] GC(1129) User=0.00s Sys=0.00s Real=0.00s
[411.197s][info][gc,start       ] GC(1130) Pause Young (Allocation Failure)
[411.199s][info][gc,heap        ] GC(1130) PSYoungGen: 282688K(283136K)->64K(282112K) Eden: 282624K(282624K)->0K(271360K) From: 64K(512K)->64K(10752K)
[411.199s][info][gc,heap        ] GC(1130) ParOldGen: 509335K(509440K)->509351K(509440K)
[411.199s][info][gc,metaspace   ] GC(1130) Metaspace: 35379K(36096K)->35379K(36096K) NonClass: 26183K(26688K)->26183K(26688K) Class: 9195K(9408K)->9195K(9408K)
[411.199s][info][gc             ] GC(1130) Pause Young (Allocation Failure) 773M->497M(773M) 2.825ms
[411.199s][info][gc,cpu         ] GC(1130) User=0.01s Sys=0.00s Real=0.01s
[411.573s][info][gc,start       ] GC(1131) Pause Young (Allocation Failure)
[411.577s][info][gc,heap        ] GC(1131) PSYoungGen: 271424K(282112K)->64K(261120K) Eden: 271360K(271360K)->0K(260608K) From: 64K(10752K)->64K(512K)
[411.577s][info][gc,heap        ] GC(1131) ParOldGen: 509351K(509440K)->509359K(509440K)
[411.577s][info][gc,metaspace   ] GC(1131) Metaspace: 35379K(36096K)->35379K(36096K) NonClass: 26183K(26688K)->26183K(26688K) Class: 9195K(9408K)->9195K(9408K)
[411.577s][info][gc             ] GC(1131) Pause Young (Allocation Failure) 762M->497M(752M) 3.517ms
[411.577s][info][gc,cpu         ] GC(1131) User=0.00s Sys=0.00s Real=0.00s
[411.651s][info][gc,start       ] GC(1132) Pause Young (Allocation Failure)
[411.653s][info][gc,heap        ] GC(1132) PSYoungGen: 260672K(261120K)->64K(291840K) Eden: 260608K(260608K)->0K(282624K) From: 64K(512K)->64K(9216K)
[411.653s][info][gc,heap        ] GC(1132) ParOldGen: 509359K(509440K)->509367K(509440K)
[411.653s][info][gc,metaspace   ] GC(1132) Metaspace: 35379K(36096K)->35379K(36096K) NonClass: 26183K(26688K)->26183K(26688K) Class: 9195K(9408K)->9195K(9408K)
[411.653s][info][gc             ] GC(1132) Pause Young (Allocation Failure) 751M->497M(782M) 2.552ms
[411.653s][info][gc,cpu         ] GC(1132) User=0.00s Sys=0.00s Real=0.00s
[412.216s][info][gc,start       ] GC(1133) Pause Young (Allocation Failure)
[412.219s][info][gc,heap        ] GC(1133) PSYoungGen: 282688K(291840K)->64K(317440K) Eden: 282624K(282624K)->0K(308736K) From: 64K(9216K)->64K(8704K)
[412.219s][info][gc,heap        ] GC(1133) ParOldGen: 509367K(509440K)->509375K(509440K)
[412.219s][info][gc,metaspace   ] GC(1133) Metaspace: 35379K(36096K)->35379K(36096K) NonClass: 26183K(26688K)->26183K(26688K) Class: 9195K(9408K)->9195K(9408K)
[412.219s][info][gc             ] GC(1133) Pause Young (Allocation Failure) 773M->497M(807M) 2.745ms
[412.219s][info][gc,cpu         ] GC(1133) User=0.00s Sys=0.00s Real=0.01s
[412.561s][info][gc,start       ] GC(1134) Pause Young (Allocation Failure)
[412.564s][info][gc,heap        ] GC(1134) PSYoungGen: 308800K(317440K)->64K(316928K) Eden: 308736K(308736K)->0K(308736K) From: 64K(8704K)->64K(8192K)
[412.564s][info][gc,heap        ] GC(1134) ParOldGen: 509375K(509440K)->509383K(509440K)
[412.564s][info][gc,metaspace   ] GC(1134) Metaspace: 35379K(36096K)->35379K(36096K) NonClass: 26183K(26688K)->26183K(26688K) Class: 9195K(9408K)->9195K(9408K)
[412.564s][info][gc             ] GC(1134) Pause Young (Allocation Failure) 798M->497M(807M) 2.866ms
[412.564s][info][gc,cpu         ] GC(1134) User=0.00s Sys=0.00s Real=0.00s
[412.944s][info][gc,start       ] GC(1135) Pause Young (Allocation Failure)
[413.011s][info][gc,heap        ] GC(1135) PSYoungGen: 308800K(316928K)->7680K(304640K) Eden: 308736K(308736K)->0K(296960K) From: 64K(8192K)->7680K(7680K)
[413.011s][info][gc,heap        ] GC(1135) ParOldGen: 509383K(509440K)->534055K(534528K)
[413.011s][info][gc,metaspace   ] GC(1135) Metaspace: 35379K(36096K)->35379K(36096K) NonClass: 26183K(26688K)->26183K(26688K) Class: 9195K(9408K)->9195K(9408K)
[413.011s][info][gc             ] GC(1135) Pause Young (Allocation Failure) 799M->529M(819M) 67.220ms
[413.011s][info][gc,cpu         ] GC(1135) User=0.10s Sys=0.02s Real=0.07s
[413.338s][info][gc,start       ] GC(1136) Pause Young (Allocation Failure)
[413.400s][info][gc,heap        ] GC(1136) PSYoungGen: 304640K(304640K)->18432K(315392K) Eden: 296960K(296960K)->0K(296960K) From: 7680K(7680K)->18432K(18432K)
[413.400s][info][gc,heap        ] GC(1136) ParOldGen: 534055K(534528K)->546583K(546816K)
[413.400s][info][gc,metaspace   ] GC(1136) Metaspace: 35379K(36096K)->35379K(36096K) NonClass: 26183K(26688K)->26183K(26688K) Class: 9195K(9408K)->9195K(9408K)
[413.400s][info][gc             ] GC(1136) Pause Young (Allocation Failure) 819M->551M(842M) 62.762ms
[413.400s][info][gc,cpu         ] GC(1136) User=0.10s Sys=0.02s Real=0.06s
[413.509s][info][gc,start       ] GC(1137) Pause Young (Allocation Failure)
[413.514s][info][gc,heap        ] GC(1137) PSYoungGen: 315392K(315392K)->32K(300032K) Eden: 296960K(296960K)->0K(281600K) From: 18432K(18432K)->32K(18432K)
[413.514s][info][gc,heap        ] GC(1137) ParOldGen: 546583K(546816K)->546911K(547328K)
[413.514s][info][gc,metaspace   ] GC(1137) Metaspace: 35379K(36096K)->35379K(36096K) NonClass: 26183K(26688K)->26183K(26688K) Class: 9195K(9408K)->9195K(9408K)
[413.514s][info][gc             ] GC(1137) Pause Young (Allocation Failure) 841M->534M(827M) 5.220ms
[413.514s][info][gc,cpu         ] GC(1137) User=0.01s Sys=0.00s Real=0.00s
[414.164s][info][gc,start       ] GC(1138) Pause Young (Allocation Failure)
[414.166s][info][gc,heap        ] GC(1138) PSYoungGen: 281632K(300032K)->64K(307712K) Eden: 281600K(281600K)->0K(281600K) From: 32K(18432K)->64K(26112K)
[414.166s][info][gc,heap        ] GC(1138) ParOldGen: 546911K(547328K)->546927K(547328K)
[414.166s][info][gc,metaspace   ] GC(1138) Metaspace: 35379K(36096K)->35379K(36096K) NonClass: 26183K(26688K)->26183K(26688K) Class: 9195K(9408K)->9195K(9408K)
[414.166s][info][gc             ] GC(1138) Pause Young (Allocation Failure) 809M->534M(835M) 1.711ms
[414.166s][info][gc,cpu         ] GC(1138) User=0.00s Sys=0.00s Real=0.00s
[414.497s][info][gc,start       ] GC(1139) Pause Young (Allocation Failure)
[414.499s][info][gc,heap        ] GC(1139) PSYoungGen: 281664K(307712K)->64K(304640K) Eden: 281600K(281600K)->0K(282624K) From: 64K(26112K)->64K(22016K)
[414.499s][info][gc,heap        ] GC(1139) ParOldGen: 546927K(547328K)->546927K(547328K)
[414.499s][info][gc,metaspace   ] GC(1139) Metaspace: 35379K(36096K)->35379K(36096K) NonClass: 26183K(26688K)->26183K(26688K) Class: 9195K(9408K)->9195K(9408K)
[414.499s][info][gc             ] GC(1139) Pause Young (Allocation Failure) 809M->534M(832M) 1.776ms
[414.499s][info][gc,cpu         ] GC(1139) User=0.00s Sys=0.00s Real=0.00s
[414.918s][info][gc,start       ] GC(1140) Pause Young (Allocation Failure)
[414.919s][info][gc,heap        ] GC(1140) PSYoungGen: 282688K(304640K)->64K(306688K) Eden: 282624K(282624K)->0K(282624K) From: 64K(22016K)->64K(24064K)
[414.920s][info][gc,heap        ] GC(1140) ParOldGen: 546927K(547328K)->546943K(547328K)
[414.920s][info][gc,metaspace   ] GC(1140) Metaspace: 35379K(36096K)->35379K(36096K) NonClass: 26183K(26688K)->26183K(26688K) Class: 9195K(9408K)->9195K(9408K)
[414.920s][info][gc             ] GC(1140) Pause Young (Allocation Failure) 810M->534M(834M) 1.671ms
[414.920s][info][gc,cpu         ] GC(1140) User=0.00s Sys=0.00s Real=0.00s
[415.150s][info][gc,start       ] GC(1141) Pause Young (Allocation Failure)
[415.152s][info][gc,heap        ] GC(1141) PSYoungGen: 282688K(306688K)->64K(306688K) Eden: 282624K(282624K)->0K(286720K) From: 64K(24064K)->64K(19968K)
[415.152s][info][gc,heap        ] GC(1141) ParOldGen: 546943K(547328K)->546959K(547328K)
[415.152s][info][gc,metaspace   ] GC(1141) Metaspace: 35379K(36096K)->35379K(36096K) NonClass: 26183K(26688K)->26183K(26688K) Class: 9195K(9408K)->9195K(9408K)
[415.152s][info][gc             ] GC(1141) Pause Young (Allocation Failure) 810M->534M(834M) 1.707ms
[415.152s][info][gc,cpu         ] GC(1141) User=0.00s Sys=0.00s Real=0.00s
[415.514s][info][gc,start       ] GC(1142) Pause Young (Allocation Failure)
[415.516s][info][gc,heap        ] GC(1142) PSYoungGen: 286784K(306688K)->64K(308736K) Eden: 286720K(286720K)->0K(286720K) From: 64K(19968K)->64K(22016K)
[415.516s][info][gc,heap        ] GC(1142) ParOldGen: 546959K(547328K)->546959K(547328K)
[415.516s][info][gc,metaspace   ] GC(1142) Metaspace: 35379K(36096K)->35379K(36096K) NonClass: 26183K(26688K)->26183K(26688K) Class: 9195K(9408K)->9195K(9408K)
[415.516s][info][gc             ] GC(1142) Pause Young (Allocation Failure) 814M->534M(836M) 1.607ms
[415.516s][info][gc,cpu         ] GC(1142) User=0.01s Sys=0.00s Real=0.00s
[415.584s][info][gc,start       ] GC(1143) Pause Young (Allocation Failure)
[415.585s][info][gc,heap        ] GC(1143) PSYoungGen: 286784K(308736K)->64K(308736K) Eden: 286720K(286720K)->0K(290816K) From: 64K(22016K)->64K(17920K)
[415.585s][info][gc,heap        ] GC(1143) ParOldGen: 546959K(547328K)->546967K(547328K)
[415.585s][info][gc,metaspace   ] GC(1143) Metaspace: 35379K(36096K)->35379K(36096K) NonClass: 26183K(26688K)->26183K(26688K) Class: 9195K(9408K)->9195K(9408K)
[415.585s][info][gc             ] GC(1143) Pause Young (Allocation Failure) 814M->534M(836M) 1.547ms
[415.585s][info][gc,cpu         ] GC(1143) User=0.01s Sys=0.00s Real=0.00s
[415.635s][info][gc,start       ] GC(1144) Pause Young (Allocation Failure)
[415.636s][info][gc,heap        ] GC(1144) PSYoungGen: 290880K(308736K)->64K(310784K) Eden: 290816K(290816K)->0K(290816K) From: 64K(17920K)->64K(19968K)
[415.636s][info][gc,heap        ] GC(1144) ParOldGen: 546967K(547328K)->546983K(547328K)
[415.636s][info][gc,metaspace   ] GC(1144) Metaspace: 35379K(36096K)->35379K(36096K) NonClass: 26183K(26688K)->26183K(26688K) Class: 9195K(9408K)->9195K(9408K)
[415.636s][info][gc             ] GC(1144) Pause Young (Allocation Failure) 818M->534M(838M) 1.460ms
[415.636s][info][gc,cpu         ] GC(1144) User=0.00s Sys=0.00s Real=0.00s
[415.812s][info][gc,start       ] GC(1145) Pause Young (Allocation Failure)
[415.814s][info][gc,heap        ] GC(1145) PSYoungGen: 290880K(310784K)->64K(311296K) Eden: 290816K(290816K)->0K(295424K) From: 64K(19968K)->64K(15872K)
[415.814s][info][gc,heap        ] GC(1145) ParOldGen: 546983K(547328K)->546983K(547328K)
[415.814s][info][gc,metaspace   ] GC(1145) Metaspace: 35379K(36096K)->35379K(36096K) NonClass: 26183K(26688K)->26183K(26688K) Class: 9195K(9408K)->9195K(9408K)
[415.814s][info][gc             ] GC(1145) Pause Young (Allocation Failure) 818M->534M(838M) 1.641ms
[415.814s][info][gc,cpu         ] GC(1145) User=0.01s Sys=0.00s Real=0.00s
[416.043s][info][gc,start       ] GC(1146) Pause Young (Allocation Failure)
[416.045s][info][gc,heap        ] GC(1146) PSYoungGen: 295488K(311296K)->64K(312832K) Eden: 295424K(295424K)->0K(295424K) From: 64K(15872K)->64K(17408K)
[416.045s][info][gc,heap        ] GC(1146) ParOldGen: 546983K(547328K)->546991K(547328K)
[416.045s][info][gc,metaspace   ] GC(1146) Metaspace: 35379K(36096K)->35379K(36096K) NonClass: 26183K(26688K)->26183K(26688K) Class: 9195K(9408K)->9195K(9408K)
[416.045s][info][gc             ] GC(1146) Pause Young (Allocation Failure) 822M->534M(840M) 1.549ms
[416.045s][info][gc,cpu         ] GC(1146) User=0.01s Sys=0.00s Real=0.00s
[416.167s][info][gc,start       ] GC(1147) Pause Young (Allocation Failure)
[416.169s][info][gc,heap        ] GC(1147) PSYoungGen: 295488K(312832K)->64K(313856K) Eden: 295424K(295424K)->0K(300032K) From: 64K(17408K)->64K(13824K)
[416.169s][info][gc,heap        ] GC(1147) ParOldGen: 546991K(547328K)->546999K(547328K)
[416.169s][info][gc,metaspace   ] GC(1147) Metaspace: 35379K(36096K)->35379K(36096K) NonClass: 26183K(26688K)->26183K(26688K) Class: 9195K(9408K)->9195K(9408K)
[416.169s][info][gc             ] GC(1147) Pause Young (Allocation Failure) 822M->534M(841M) 1.606ms
[416.169s][info][gc,cpu         ] GC(1147) User=0.00s Sys=0.00s Real=0.00s
[416.269s][info][gc,start       ] GC(1148) Pause Young (Allocation Failure)
[416.271s][info][gc,heap        ] GC(1148) PSYoungGen: 300096K(313856K)->64K(315392K) Eden: 300032K(300032K)->0K(300032K) From: 64K(13824K)->64K(15360K)
[416.271s][info][gc,heap        ] GC(1148) ParOldGen: 546999K(547328K)->547007K(547328K)
[416.271s][info][gc,metaspace   ] GC(1148) Metaspace: 35379K(36096K)->35379K(36096K) NonClass: 26183K(26688K)->26183K(26688K) Class: 9195K(9408K)->9195K(9408K)
[416.271s][info][gc             ] GC(1148) Pause Young (Allocation Failure) 827M->534M(842M) 1.455ms
[416.271s][info][gc,cpu         ] GC(1148) User=0.00s Sys=0.00s Real=0.00s
[416.516s][info][gc,start       ] GC(1149) Pause Young (Allocation Failure)
[416.518s][info][gc,heap        ] GC(1149) PSYoungGen: 300096K(315392K)->64K(316928K) Eden: 300032K(300032K)->0K(304128K) From: 64K(15360K)->64K(12800K)
[416.518s][info][gc,heap        ] GC(1149) ParOldGen: 547007K(547328K)->547015K(547328K)
[416.518s][info][gc,metaspace   ] GC(1149) Metaspace: 35379K(36096K)->35379K(36096K) NonClass: 26183K(26688K)->26183K(26688K) Class: 9195K(9408K)->9195K(9408K)
[416.518s][info][gc             ] GC(1149) Pause Young (Allocation Failure) 827M->534M(844M) 1.628ms
[416.518s][info][gc,cpu         ] GC(1149) User=0.00s Sys=0.00s Real=0.01s
[417.298s][info][gc,start       ] GC(1150) Pause Young (Allocation Failure)
[417.299s][info][gc,heap        ] GC(1150) PSYoungGen: 304192K(316928K)->64K(317952K) Eden: 304128K(304128K)->0K(304128K) From: 64K(12800K)->64K(13824K)
[417.299s][info][gc,heap        ] GC(1150) ParOldGen: 547015K(547328K)->547023K(547328K)
[417.299s][info][gc,metaspace   ] GC(1150) Metaspace: 35379K(36096K)->35379K(36096K) NonClass: 26183K(26688K)->26183K(26688K) Class: 9195K(9408K)->9195K(9408K)
[417.299s][info][gc             ] GC(1150) Pause Young (Allocation Failure) 831M->534M(845M) 1.661ms
[417.299s][info][gc,cpu         ] GC(1150) User=0.00s Sys=0.00s Real=0.00s
[418.218s][info][gc,start       ] GC(1151) Pause Young (Allocation Failure)
[418.220s][info][gc,heap        ] GC(1151) PSYoungGen: 304192K(317952K)->64K(292352K) Eden: 304128K(304128K)->0K(291840K) From: 64K(13824K)->64K(512K)
[418.220s][info][gc,heap        ] GC(1151) ParOldGen: 547023K(547328K)->547031K(547328K)
[418.220s][info][gc,metaspace   ] GC(1151) Metaspace: 35379K(36096K)->35379K(36096K) NonClass: 26183K(26688K)->26183K(26688K) Class: 9195K(9408K)->9195K(9408K)
[418.220s][info][gc             ] GC(1151) Pause Young (Allocation Failure) 831M->534M(820M) 1.966ms
[418.220s][info][gc,cpu         ] GC(1151) User=0.00s Sys=0.00s Real=0.00s
[418.675s][info][gc,start       ] GC(1152) Pause Young (Allocation Failure)
[418.677s][info][gc,heap        ] GC(1152) PSYoungGen: 291904K(292352K)->64K(291840K) Eden: 291840K(291840K)->0K(280064K) From: 64K(512K)->64K(11776K)
[418.677s][info][gc,heap        ] GC(1152) ParOldGen: 547031K(547328K)->547039K(547328K)
[418.677s][info][gc,metaspace   ] GC(1152) Metaspace: 35379K(36096K)->35379K(36096K) NonClass: 26183K(26688K)->26183K(26688K) Class: 9195K(9408K)->9195K(9408K)
[418.677s][info][gc             ] GC(1152) Pause Young (Allocation Failure) 819M->534M(819M) 1.533ms
[418.677s][info][gc,cpu         ] GC(1152) User=0.01s Sys=0.00s Real=0.00s
[419.669s][info][gc,start       ] GC(1153) Pause Young (Allocation Failure)
[419.671s][info][gc,heap        ] GC(1153) PSYoungGen: 280128K(291840K)->64K(269312K) Eden: 280064K(280064K)->0K(268800K) From: 64K(11776K)->64K(512K)
[419.671s][info][gc,heap        ] GC(1153) ParOldGen: 547039K(547328K)->547047K(547328K)
[419.671s][info][gc,metaspace   ] GC(1153) Metaspace: 35379K(36096K)->35379K(36096K) NonClass: 26183K(26688K)->26183K(26688K) Class: 9195K(9408K)->9195K(9408K)
[419.671s][info][gc             ] GC(1153) Pause Young (Allocation Failure) 807M->534M(797M) 1.929ms
[419.671s][info][gc,cpu         ] GC(1153) User=0.01s Sys=0.00s Real=0.00s
[420.013s][info][gc,start       ] GC(1154) Pause Young (Allocation Failure)
[420.016s][info][gc,heap        ] GC(1154) PSYoungGen: 268864K(269312K)->64K(268800K) Eden: 268800K(268800K)->0K(258560K) From: 64K(512K)->64K(10240K)
[420.016s][info][gc,heap        ] GC(1154) ParOldGen: 547047K(547328K)->547063K(547328K)
[420.016s][info][gc,metaspace   ] GC(1154) Metaspace: 35379K(36096K)->35379K(36096K) NonClass: 26183K(26688K)->26183K(26688K) Class: 9195K(9408K)->9195K(9408K)
[420.016s][info][gc             ] GC(1154) Pause Young (Allocation Failure) 796M->534M(797M) 2.740ms
[420.016s][info][gc,cpu         ] GC(1154) User=0.00s Sys=0.00s Real=0.00s
[420.140s][info][gc,start       ] GC(1155) Pause Young (Allocation Failure)
[420.143s][info][gc,heap        ] GC(1155) PSYoungGen: 258624K(268800K)->64K(300544K) Eden: 258560K(258560K)->0K(290816K) From: 64K(10240K)->64K(9728K)
[420.143s][info][gc,heap        ] GC(1155) ParOldGen: 547063K(547328K)->547079K(547328K)
[420.143s][info][gc,metaspace   ] GC(1155) Metaspace: 35379K(36096K)->35379K(36096K) NonClass: 26183K(26688K)->26183K(26688K) Class: 9195K(9408K)->9195K(9408K)
[420.143s][info][gc             ] GC(1155) Pause Young (Allocation Failure) 786M->534M(828M) 3.080ms
[420.143s][info][gc,cpu         ] GC(1155) User=0.01s Sys=0.00s Real=0.00s
[420.633s][info][gc,start       ] GC(1156) Pause Young (Allocation Failure)
[420.636s][info][gc,heap        ] GC(1156) PSYoungGen: 290880K(300544K)->64K(300032K) Eden: 290816K(290816K)->0K(290816K) From: 64K(9728K)->64K(9216K)
[420.636s][info][gc,heap        ] GC(1156) ParOldGen: 547079K(547328K)->547095K(547328K)
[420.636s][info][gc,metaspace   ] GC(1156) Metaspace: 35379K(36096K)->35379K(36096K) NonClass: 26183K(26688K)->26183K(26688K) Class: 9195K(9408K)->9195K(9408K)
[420.636s][info][gc             ] GC(1156) Pause Young (Allocation Failure) 818M->534M(827M) 2.930ms
[420.636s][info][gc,cpu         ] GC(1156) User=0.01s Sys=0.00s Real=0.00s
[420.971s][info][gc,start       ] GC(1157) Pause Young (Allocation Failure)
[420.973s][info][gc,heap        ] GC(1157) PSYoungGen: 290880K(300032K)->64K(279552K) Eden: 290816K(290816K)->0K(279040K) From: 64K(9216K)->64K(512K)
[420.973s][info][gc,heap        ] GC(1157) ParOldGen: 547095K(547328K)->547111K(547328K)
[420.973s][info][gc,metaspace   ] GC(1157) Metaspace: 35379K(36096K)->35379K(36096K) NonClass: 26183K(26688K)->26183K(26688K) Class: 9195K(9408K)->9195K(9408K)
[420.973s][info][gc             ] GC(1157) Pause Young (Allocation Failure) 818M->534M(807M) 2.803ms
[420.973s][info][gc,cpu         ] GC(1157) User=0.00s Sys=0.00s Real=0.00s
[421.349s][info][gc,start       ] GC(1158) Pause Young (Allocation Failure)
[421.412s][info][gc,heap        ] GC(1158) PSYoungGen: 279104K(279552K)->7680K(315904K) Eden: 279040K(279040K)->0K(308224K) From: 64K(512K)->7680K(7680K)
[421.412s][info][gc,heap        ] GC(1158) ParOldGen: 547111K(547328K)->562415K(562688K)
[421.412s][info][gc,metaspace   ] GC(1158) Metaspace: 35379K(36096K)->35379K(36096K) NonClass: 26183K(26688K)->26183K(26688K) Class: 9195K(9408K)->9195K(9408K)
[421.412s][info][gc             ] GC(1158) Pause Young (Allocation Failure) 806M->556M(858M) 63.281ms
[421.412s][info][gc,cpu         ] GC(1158) User=0.07s Sys=0.01s Real=0.06s
[421.765s][info][gc,start       ] GC(1159) Pause Young (Allocation Failure)
[421.840s][info][gc,heap        ] GC(1159) PSYoungGen: 315904K(315904K)->15360K(296960K) Eden: 308224K(308224K)->0K(281600K) From: 7680K(7680K)->15360K(15360K)
[421.840s][info][gc,heap        ] GC(1159) ParOldGen: 562415K(562688K)->582143K(582144K)
[421.840s][info][gc,metaspace   ] GC(1159) Metaspace: 35379K(36096K)->35379K(36096K) NonClass: 26183K(26688K)->26183K(26688K) Class: 9195K(9408K)->9195K(9408K)
[421.840s][info][gc             ] GC(1159) Pause Young (Allocation Failure) 857M->583M(858M) 74.891ms
[421.840s][info][gc,cpu         ] GC(1159) User=0.13s Sys=0.03s Real=0.08s
[421.952s][info][gc,start       ] GC(1160) Pause Young (Allocation Failure)
[421.967s][info][gc,heap        ] GC(1160) PSYoungGen: 296960K(296960K)->5024K(307712K) Eden: 281600K(281600K)->0K(281600K) From: 15360K(15360K)->5024K(26112K)
[421.967s][info][gc,heap        ] GC(1160) ParOldGen: 582143K(582144K)->582671K(583168K)
[421.967s][info][gc,metaspace   ] GC(1160) Metaspace: 35379K(36096K)->35379K(36096K) NonClass: 26183K(26688K)->26183K(26688K) Class: 9195K(9408K)->9195K(9408K)
[421.967s][info][gc             ] GC(1160) Pause Young (Allocation Failure) 858M->573M(870M) 14.491ms
[421.967s][info][gc,cpu         ] GC(1160) User=0.02s Sys=0.00s Real=0.01s
[422.473s][info][gc,start       ] GC(1161) Pause Young (Allocation Failure)
[422.475s][info][gc,heap        ] GC(1161) PSYoungGen: 286624K(307712K)->64K(304640K) Eden: 281600K(281600K)->0K(283648K) From: 5024K(26112K)->64K(20992K)
[422.475s][info][gc,heap        ] GC(1161) ParOldGen: 582671K(583168K)->582679K(583168K)
[422.475s][info][gc,metaspace   ] GC(1161) Metaspace: 35379K(36096K)->35379K(36096K) NonClass: 26183K(26688K)->26183K(26688K) Class: 9195K(9408K)->9195K(9408K)
[422.475s][info][gc             ] GC(1161) Pause Young (Allocation Failure) 848M->569M(867M) 1.999ms
[422.475s][info][gc,cpu         ] GC(1161) User=0.00s Sys=0.00s Real=0.00s
[422.916s][info][gc,start       ] GC(1162) Pause Young (Allocation Failure)
[422.918s][info][gc,heap        ] GC(1162) PSYoungGen: 283712K(304640K)->64K(307200K) Eden: 283648K(283648K)->0K(283648K) From: 64K(20992K)->64K(23552K)
[422.918s][info][gc,heap        ] GC(1162) ParOldGen: 582679K(583168K)->582687K(583168K)
[422.918s][info][gc,metaspace   ] GC(1162) Metaspace: 35379K(36096K)->35379K(36096K) NonClass: 26183K(26688K)->26183K(26688K) Class: 9195K(9408K)->9195K(9408K)
[422.918s][info][gc             ] GC(1162) Pause Young (Allocation Failure) 846M->569M(869M) 1.746ms
[422.918s][info][gc,cpu         ] GC(1162) User=0.01s Sys=0.00s Real=0.01s
[423.360s][info][gc,start       ] GC(1163) Pause Young (Allocation Failure)
[423.362s][info][gc,heap        ] GC(1163) PSYoungGen: 283712K(307200K)->64K(307200K) Eden: 283648K(283648K)->0K(287744K) From: 64K(23552K)->64K(19456K)
[423.362s][info][gc,heap        ] GC(1163) ParOldGen: 582687K(583168K)->582703K(583168K)
[423.362s][info][gc,metaspace   ] GC(1163) Metaspace: 35379K(36096K)->35379K(36096K) NonClass: 26183K(26688K)->26183K(26688K) Class: 9195K(9408K)->9195K(9408K)
[423.362s][info][gc             ] GC(1163) Pause Young (Allocation Failure) 846M->569M(869M) 1.839ms
[423.362s][info][gc,cpu         ] GC(1163) User=0.00s Sys=0.00s Real=0.00s
[423.596s][info][gc,start       ] GC(1164) Pause Young (Allocation Failure)
[423.598s][info][gc,heap        ] GC(1164) PSYoungGen: 287808K(307200K)->64K(309248K) Eden: 287744K(287744K)->0K(287744K) From: 64K(19456K)->64K(21504K)
[423.598s][info][gc,heap        ] GC(1164) ParOldGen: 582703K(583168K)->582719K(583168K)
[423.598s][info][gc,metaspace   ] GC(1164) Metaspace: 35379K(36096K)->35379K(36096K) NonClass: 26183K(26688K)->26183K(26688K) Class: 9195K(9408K)->9195K(9408K)
[423.598s][info][gc             ] GC(1164) Pause Young (Allocation Failure) 850M->569M(871M) 1.646ms
[423.598s][info][gc,cpu         ] GC(1164) User=0.01s Sys=0.00s Real=0.01s
[423.948s][info][gc,start       ] GC(1165) Pause Young (Allocation Failure)
[423.949s][info][gc,heap        ] GC(1165) PSYoungGen: 287808K(309248K)->64K(309760K) Eden: 287744K(287744K)->0K(291328K) From: 64K(21504K)->64K(18432K)
[423.949s][info][gc,heap        ] GC(1165) ParOldGen: 582719K(583168K)->582719K(583168K)
[423.949s][info][gc,metaspace   ] GC(1165) Metaspace: 35379K(36096K)->35379K(36096K) NonClass: 26183K(26688K)->26183K(26688K) Class: 9195K(9408K)->9195K(9408K)
[423.949s][info][gc             ] GC(1165) Pause Young (Allocation Failure) 850M->569M(872M) 1.624ms
[423.949s][info][gc,cpu         ] GC(1165) User=0.01s Sys=0.00s Real=0.00s
[424.081s][info][gc,start       ] GC(1166) Pause Young (Allocation Failure)
[424.083s][info][gc,heap        ] GC(1166) PSYoungGen: 291392K(309760K)->64K(311296K) Eden: 291328K(291328K)->0K(291328K) From: 64K(18432K)->64K(19968K)
[424.083s][info][gc,heap        ] GC(1166) ParOldGen: 582719K(583168K)->582727K(583168K)
[424.083s][info][gc,metaspace   ] GC(1166) Metaspace: 35379K(36096K)->35379K(36096K) NonClass: 26183K(26688K)->26183K(26688K) Class: 9195K(9408K)->9195K(9408K)
[424.083s][info][gc             ] GC(1166) Pause Young (Allocation Failure) 853M->569M(873M) 1.603ms
[424.083s][info][gc,cpu         ] GC(1166) User=0.00s Sys=0.00s Real=0.00s
[424.133s][info][gc,start       ] GC(1167) Pause Young (Allocation Failure)
[424.135s][info][gc,heap        ] GC(1167) PSYoungGen: 291392K(311296K)->64K(311296K) Eden: 291328K(291328K)->0K(294912K) From: 64K(19968K)->64K(16384K)
[424.135s][info][gc,heap        ] GC(1167) ParOldGen: 582727K(583168K)->582743K(583168K)
[424.135s][info][gc,metaspace   ] GC(1167) Metaspace: 35379K(36096K)->35379K(36096K) NonClass: 26183K(26688K)->26183K(26688K) Class: 9195K(9408K)->9195K(9408K)
[424.135s][info][gc             ] GC(1167) Pause Young (Allocation Failure) 853M->569M(873M) 1.554ms
[424.135s][info][gc,cpu         ] GC(1167) User=0.00s Sys=0.00s Real=0.00s
[424.284s][info][gc,start       ] GC(1168) Pause Young (Allocation Failure)
[424.286s][info][gc,heap        ] GC(1168) PSYoungGen: 294976K(311296K)->64K(312832K) Eden: 294912K(294912K)->0K(294912K) From: 64K(16384K)->64K(17920K)
[424.286s][info][gc,heap        ] GC(1168) ParOldGen: 582743K(583168K)->582743K(583168K)
[424.286s][info][gc,metaspace   ] GC(1168) Metaspace: 35379K(36096K)->35379K(36096K) NonClass: 26183K(26688K)->26183K(26688K) Class: 9195K(9408K)->9195K(9408K)
[424.286s][info][gc             ] GC(1168) Pause Young (Allocation Failure) 857M->569M(875M) 1.811ms
[424.286s][info][gc,cpu         ] GC(1168) User=0.00s Sys=0.00s Real=0.00s
[424.524s][info][gc,start       ] GC(1169) Pause Young (Allocation Failure)
[424.525s][info][gc,heap        ] GC(1169) PSYoungGen: 294976K(312832K)->64K(313344K) Eden: 294912K(294912K)->0K(299008K) From: 64K(17920K)->64K(14336K)
[424.525s][info][gc,heap        ] GC(1169) ParOldGen: 582743K(583168K)->582751K(583168K)
[424.525s][info][gc,metaspace   ] GC(1169) Metaspace: 35379K(36096K)->35379K(36096K) NonClass: 26183K(26688K)->26183K(26688K) Class: 9195K(9408K)->9195K(9408K)
[424.525s][info][gc             ] GC(1169) Pause Young (Allocation Failure) 857M->569M(875M) 1.766ms
[424.525s][info][gc,cpu         ] GC(1169) User=0.00s Sys=0.00s Real=0.00s
[424.679s][info][gc,start       ] GC(1170) Pause Young (Allocation Failure)
[424.681s][info][gc,heap        ] GC(1170) PSYoungGen: 299072K(313344K)->64K(314880K) Eden: 299008K(299008K)->0K(299008K) From: 64K(14336K)->64K(15872K)
[424.681s][info][gc,heap        ] GC(1170) ParOldGen: 582751K(583168K)->582759K(583168K)
[424.681s][info][gc,metaspace   ] GC(1170) Metaspace: 35379K(36096K)->35379K(36096K) NonClass: 26183K(26688K)->26183K(26688K) Class: 9195K(9408K)->9195K(9408K)
[424.681s][info][gc             ] GC(1170) Pause Young (Allocation Failure) 861M->569M(877M) 1.675ms
[424.681s][info][gc,cpu         ] GC(1170) User=0.01s Sys=0.00s Real=0.00s
[424.765s][info][gc,start       ] GC(1171) Pause Young (Allocation Failure)
[424.766s][info][gc,heap        ] GC(1171) PSYoungGen: 299072K(314880K)->64K(315392K) Eden: 299008K(299008K)->0K(303104K) From: 64K(15872K)->64K(12288K)
[424.767s][info][gc,heap        ] GC(1171) ParOldGen: 582759K(583168K)->582767K(583168K)
[424.767s][info][gc,metaspace   ] GC(1171) Metaspace: 35379K(36096K)->35379K(36096K) NonClass: 26183K(26688K)->26183K(26688K) Class: 9195K(9408K)->9195K(9408K)
[424.767s][info][gc             ] GC(1171) Pause Young (Allocation Failure) 861M->569M(877M) 1.609ms
[424.767s][info][gc,cpu         ] GC(1171) User=0.00s Sys=0.00s Real=0.00s
[424.934s][info][gc,start       ] GC(1172) Pause Young (Allocation Failure)
[424.935s][info][gc,heap        ] GC(1172) PSYoungGen: 303168K(315392K)->64K(316928K) Eden: 303104K(303104K)->0K(303104K) From: 64K(12288K)->64K(13824K)
[424.935s][info][gc,heap        ] GC(1172) ParOldGen: 582767K(583168K)->582775K(583168K)
[424.935s][info][gc,metaspace   ] GC(1172) Metaspace: 35379K(36096K)->35379K(36096K) NonClass: 26183K(26688K)->26183K(26688K) Class: 9195K(9408K)->9195K(9408K)
[424.935s][info][gc             ] GC(1172) Pause Young (Allocation Failure) 865M->569M(879M) 1.574ms
[424.935s][info][gc,cpu         ] GC(1172) User=0.00s Sys=0.00s Real=0.00s
[425.824s][info][gc,start       ] GC(1173) Pause Young (Allocation Failure)
[425.826s][info][gc,heap        ] GC(1173) PSYoungGen: 303168K(316928K)->64K(317440K) Eden: 303104K(303104K)->0K(306688K) From: 64K(13824K)->64K(10752K)
[425.826s][info][gc,heap        ] GC(1173) ParOldGen: 582775K(583168K)->582783K(583168K)
[425.826s][info][gc,metaspace   ] GC(1173) Metaspace: 35379K(36096K)->35379K(36096K) NonClass: 26183K(26688K)->26183K(26688K) Class: 9195K(9408K)->9195K(9408K)
[425.826s][info][gc             ] GC(1173) Pause Young (Allocation Failure) 865M->569M(879M) 1.741ms
[425.826s][info][gc,cpu         ] GC(1173) User=0.00s Sys=0.01s Real=0.00s
[426.702s][info][gc,start       ] GC(1174) Pause Young (Allocation Failure)
[426.705s][info][gc,heap        ] GC(1174) PSYoungGen: 306752K(317440K)->64K(294912K) Eden: 306688K(306688K)->0K(294400K) From: 64K(10752K)->64K(512K)
[426.705s][info][gc,heap        ] GC(1174) ParOldGen: 582783K(583168K)->582791K(583168K)
[426.705s][info][gc,metaspace   ] GC(1174) Metaspace: 35379K(36096K)->35379K(36096K) NonClass: 26183K(26688K)->26183K(26688K) Class: 9195K(9408K)->9195K(9408K)
[426.705s][info][gc             ] GC(1174) Pause Young (Allocation Failure) 868M->569M(857M) 2.309ms
[426.705s][info][gc,cpu         ] GC(1174) User=0.01s Sys=0.00s Real=0.00s
[427.168s][info][gc,start       ] GC(1175) Pause Young (Allocation Failure)
[427.171s][info][gc,heap        ] GC(1175) PSYoungGen: 294464K(294912K)->64K(283136K) Eden: 294400K(294400K)->0K(282624K) From: 64K(512K)->64K(512K)
[427.171s][info][gc,heap        ] GC(1175) ParOldGen: 582791K(583168K)->582799K(583168K)
[427.171s][info][gc,metaspace   ] GC(1175) Metaspace: 35379K(36096K)->35379K(36096K) NonClass: 26183K(26688K)->26183K(26688K) Class: 9195K(9408K)->9195K(9408K)
[427.171s][info][gc             ] GC(1175) Pause Young (Allocation Failure) 856M->569M(846M) 2.333ms
[427.171s][info][gc,cpu         ] GC(1175) User=0.00s Sys=0.00s Real=0.00s
[428.152s][info][gc,start       ] GC(1176) Pause Young (Allocation Failure)
[428.154s][info][gc,heap        ] GC(1176) PSYoungGen: 282688K(283136K)->64K(282112K) Eden: 282624K(282624K)->0K(271360K) From: 64K(512K)->64K(10752K)
[428.154s][info][gc,heap        ] GC(1176) ParOldGen: 582799K(583168K)->582807K(583168K)
[428.154s][info][gc,metaspace   ] GC(1176) Metaspace: 35379K(36096K)->35379K(36096K) NonClass: 26183K(26688K)->26183K(26688K) Class: 9195K(9408K)->9195K(9408K)
[428.154s][info][gc             ] GC(1176) Pause Young (Allocation Failure) 845M->569M(845M) 1.847ms
[428.154s][info][gc,cpu         ] GC(1176) User=0.00s Sys=0.00s Real=0.00s
[428.536s][info][gc,start       ] GC(1177) Pause Young (Allocation Failure)
[428.538s][info][gc,heap        ] GC(1177) PSYoungGen: 271424K(282112K)->64K(261120K) Eden: 271360K(271360K)->0K(260608K) From: 64K(10752K)->64K(512K)
[428.538s][info][gc,heap        ] GC(1177) ParOldGen: 582807K(583168K)->582815K(583168K)
[428.538s][info][gc,metaspace   ] GC(1177) Metaspace: 35379K(36096K)->35379K(36096K) NonClass: 26183K(26688K)->26183K(26688K) Class: 9195K(9408K)->9195K(9408K)
[428.538s][info][gc             ] GC(1177) Pause Young (Allocation Failure) 834M->569M(824M) 2.454ms
[428.538s][info][gc,cpu         ] GC(1177) User=0.00s Sys=0.00s Real=0.01s
[428.686s][info][gc,start       ] GC(1178) Pause Young (Allocation Failure)
[428.687s][info][gc,heap        ] GC(1178) PSYoungGen: 260672K(261120K)->64K(259584K) Eden: 260608K(260608K)->0K(250368K) From: 64K(512K)->64K(9216K)
[428.688s][info][gc,heap        ] GC(1178) ParOldGen: 582815K(583168K)->582823K(583168K)
[428.688s][info][gc,metaspace   ] GC(1178) Metaspace: 35379K(36096K)->35379K(36096K) NonClass: 26183K(26688K)->26183K(26688K) Class: 9195K(9408K)->9195K(9408K)
[428.688s][info][gc             ] GC(1178) Pause Young (Allocation Failure) 823M->569M(823M) 1.578ms
[428.688s][info][gc,cpu         ] GC(1178) User=0.00s Sys=0.00s Real=0.01s
[428.955s][info][gc,start       ] GC(1179) Pause Young (Allocation Failure)
[428.958s][info][gc,heap        ] GC(1179) PSYoungGen: 250432K(259584K)->64K(241152K) Eden: 250368K(250368K)->0K(240640K) From: 64K(9216K)->64K(512K)
[428.958s][info][gc,heap        ] GC(1179) ParOldGen: 582823K(583168K)->582831K(583168K)
[428.958s][info][gc,metaspace   ] GC(1179) Metaspace: 35379K(36096K)->35379K(36096K) NonClass: 26183K(26688K)->26183K(26688K) Class: 9195K(9408K)->9195K(9408K)
[428.958s][info][gc             ] GC(1179) Pause Young (Allocation Failure) 813M->569M(805M) 2.166ms
[428.958s][info][gc,cpu         ] GC(1179) User=0.01s Sys=0.00s Real=0.01s
[429.348s][info][gc,start       ] GC(1180) Pause Young (Allocation Failure)
[429.350s][info][gc,heap        ] GC(1180) PSYoungGen: 240704K(241152K)->64K(239616K) Eden: 240640K(240640K)->0K(231424K) From: 64K(512K)->64K(8192K)
[429.350s][info][gc,heap        ] GC(1180) ParOldGen: 582831K(583168K)->582839K(583168K)
[429.350s][info][gc,metaspace   ] GC(1180) Metaspace: 35379K(36096K)->35379K(36096K) NonClass: 26183K(26688K)->26183K(26688K) Class: 9195K(9408K)->9195K(9408K)
[429.350s][info][gc             ] GC(1180) Pause Young (Allocation Failure) 804M->569M(803M) 1.711ms
[429.350s][info][gc,cpu         ] GC(1180) User=0.01s Sys=0.00s Real=0.00s
[429.686s][info][gc,start       ] GC(1181) Pause Young (Allocation Failure)
[429.690s][info][gc,heap        ] GC(1181) PSYoungGen: 231488K(239616K)->1536K(224256K) Eden: 231424K(231424K)->0K(222720K) From: 64K(8192K)->1536K(1536K)
[429.690s][info][gc,heap        ] GC(1181) ParOldGen: 582839K(583168K)->582855K(583168K)
[429.690s][info][gc,metaspace   ] GC(1181) Metaspace: 35379K(36096K)->35379K(36096K) NonClass: 26183K(26688K)->26183K(26688K) Class: 9195K(9408K)->9195K(9408K)
[429.690s][info][gc             ] GC(1181) Pause Young (Allocation Failure) 795M->570M(788M) 4.090ms
[429.690s][info][gc,cpu         ] GC(1181) User=0.01s Sys=0.00s Real=0.01s
[429.948s][info][gc,start       ] GC(1182) Pause Young (Allocation Failure)
[429.996s][info][gc,heap        ] GC(1182) PSYoungGen: 224256K(224256K)->7168K(273408K) Eden: 222720K(222720K)->0K(266240K) From: 1536K(1536K)->7168K(7168K)
[429.996s][info][gc,heap        ] GC(1182) ParOldGen: 582855K(583168K)->600751K(601088K)
[429.996s][info][gc,metaspace   ] GC(1182) Metaspace: 35379K(36096K)->35379K(36096K) NonClass: 26183K(26688K)->26183K(26688K) Class: 9195K(9408K)->9195K(9408K)
[429.996s][info][gc             ] GC(1182) Pause Young (Allocation Failure) 788M->593M(854M) 47.430ms
[429.996s][info][gc,cpu         ] GC(1182) User=0.08s Sys=0.01s Real=0.04s
[430.304s][info][gc,start       ] GC(1183) Pause Young (Allocation Failure)
[430.367s][info][gc,heap        ] GC(1183) PSYoungGen: 273408K(273408K)->15360K(272384K) Eden: 266240K(266240K)->0K(257024K) From: 7168K(7168K)->15360K(15360K)
[430.367s][info][gc,heap        ] GC(1183) ParOldGen: 600751K(601088K)->615823K(615936K)
[430.367s][info][gc,metaspace   ] GC(1183) Metaspace: 35379K(36096K)->35379K(36096K) NonClass: 26183K(26688K)->26183K(26688K) Class: 9195K(9408K)->9195K(9408K)
[430.367s][info][gc             ] GC(1183) Pause Young (Allocation Failure) 853M->616M(867M) 63.158ms
[430.367s][info][gc,cpu         ] GC(1183) User=0.10s Sys=0.02s Real=0.07s
[430.479s][info][gc,start       ] GC(1184) Pause Young (Allocation Failure)
[430.494s][info][gc,heap        ] GC(1184) PSYoungGen: 272384K(272384K)->6144K(281600K) Eden: 257024K(257024K)->0K(257024K) From: 15360K(15360K)->6144K(24576K)
[430.494s][info][gc,heap        ] GC(1184) ParOldGen: 615823K(615936K)->616223K(616448K)
[430.494s][info][gc,metaspace   ] GC(1184) Metaspace: 35379K(36096K)->35379K(36096K) NonClass: 26183K(26688K)->26183K(26688K) Class: 9195K(9408K)->9195K(9408K)
[430.494s][info][gc             ] GC(1184) Pause Young (Allocation Failure) 867M->607M(877M) 14.343ms
[430.494s][info][gc,cpu         ] GC(1184) User=0.03s Sys=0.00s Real=0.01s
[430.877s][info][gc,start       ] GC(1185) Pause Young (Allocation Failure)
[430.879s][info][gc,heap        ] GC(1185) PSYoungGen: 263168K(281600K)->64K(306176K) Eden: 257024K(257024K)->0K(286720K) From: 6144K(24576K)->64K(19456K)
[430.879s][info][gc,heap        ] GC(1185) ParOldGen: 616223K(616448K)->616231K(616448K)
[430.879s][info][gc,metaspace   ] GC(1185) Metaspace: 35379K(36096K)->35379K(36096K) NonClass: 26183K(26688K)->26183K(26688K) Class: 9195K(9408K)->9195K(9408K)
[430.879s][info][gc             ] GC(1185) Pause Young (Allocation Failure) 858M->601M(901M) 1.958ms
[430.879s][info][gc,cpu         ] GC(1185) User=0.00s Sys=0.00s Real=0.01s
[431.416s][info][gc,start       ] GC(1186) Pause Young (Allocation Failure)
[431.418s][info][gc,heap        ] GC(1186) PSYoungGen: 286784K(306176K)->64K(308736K) Eden: 286720K(286720K)->0K(286720K) From: 64K(19456K)->64K(22016K)
[431.418s][info][gc,heap        ] GC(1186) ParOldGen: 616231K(616448K)->616239K(616448K)
[431.418s][info][gc,metaspace   ] GC(1186) Metaspace: 35379K(36096K)->35379K(36096K) NonClass: 26183K(26688K)->26183K(26688K) Class: 9195K(9408K)->9195K(9408K)
[431.418s][info][gc             ] GC(1186) Pause Young (Allocation Failure) 881M->601M(903M) 1.846ms
[431.418s][info][gc,cpu         ] GC(1186) User=0.00s Sys=0.00s Real=0.01s
[431.861s][info][gc,start       ] GC(1187) Pause Young (Allocation Failure)
[431.863s][info][gc,heap        ] GC(1187) PSYoungGen: 286784K(308736K)->64K(309248K) Eden: 286720K(286720K)->0K(290304K) From: 64K(22016K)->64K(18944K)
[431.863s][info][gc,heap        ] GC(1187) ParOldGen: 616239K(616448K)->616255K(616448K)
[431.863s][info][gc,metaspace   ] GC(1187) Metaspace: 35379K(36096K)->35379K(36096K) NonClass: 26183K(26688K)->26183K(26688K) Class: 9195K(9408K)->9195K(9408K)
[431.863s][info][gc             ] GC(1187) Pause Young (Allocation Failure) 881M->601M(904M) 1.955ms
[431.863s][info][gc,cpu         ] GC(1187) User=0.01s Sys=0.00s Real=0.00s
[432.100s][info][gc,start       ] GC(1188) Pause Young (Allocation Failure)
[432.101s][info][gc,heap        ] GC(1188) PSYoungGen: 290368K(309248K)->64K(310784K) Eden: 290304K(290304K)->0K(290304K) From: 64K(18944K)->64K(20480K)
[432.102s][info][gc,heap        ] GC(1188) ParOldGen: 616255K(616448K)->616271K(616448K)
[432.102s][info][gc,metaspace   ] GC(1188) Metaspace: 35379K(36096K)->35379K(36096K) NonClass: 26183K(26688K)->26183K(26688K) Class: 9195K(9408K)->9195K(9408K)
[432.102s][info][gc             ] GC(1188) Pause Young (Allocation Failure) 885M->601M(905M) 1.694ms
[432.102s][info][gc,cpu         ] GC(1188) User=0.00s Sys=0.00s Real=0.00s
[432.338s][info][gc,start       ] GC(1189) Pause Young (Allocation Failure)
[432.340s][info][gc,heap        ] GC(1189) PSYoungGen: 290368K(310784K)->64K(311808K) Eden: 290304K(290304K)->0K(293888K) From: 64K(20480K)->64K(17920K)
[432.340s][info][gc,heap        ] GC(1189) ParOldGen: 616271K(616448K)->616271K(616448K)
[432.340s][info][gc,metaspace   ] GC(1189) Metaspace: 35379K(36096K)->35379K(36096K) NonClass: 26183K(26688K)->26183K(26688K) Class: 9195K(9408K)->9195K(9408K)
[432.340s][info][gc             ] GC(1189) Pause Young (Allocation Failure) 885M->601M(906M) 1.679ms
[432.340s][info][gc,cpu         ] GC(1189) User=0.00s Sys=0.00s Real=0.00s
[432.618s][info][gc,start       ] GC(1190) Pause Young (Allocation Failure)
[432.620s][info][gc,heap        ] GC(1190) PSYoungGen: 293952K(311808K)->64K(312832K) Eden: 293888K(293888K)->0K(293888K) From: 64K(17920K)->64K(18944K)
[432.620s][info][gc,heap        ] GC(1190) ParOldGen: 616271K(616448K)->616271K(616448K)
[432.620s][info][gc,metaspace   ] GC(1190) Metaspace: 35379K(36096K)->35379K(36096K) NonClass: 26183K(26688K)->26183K(26688K) Class: 9195K(9408K)->9195K(9408K)
[432.620s][info][gc             ] GC(1190) Pause Young (Allocation Failure) 888M->601M(907M) 1.706ms
[432.620s][info][gc,cpu         ] GC(1190) User=0.00s Sys=0.00s Real=0.00s
[432.670s][info][gc,start       ] GC(1191) Pause Young (Allocation Failure)
[432.671s][info][gc,heap        ] GC(1191) PSYoungGen: 293952K(312832K)->64K(312832K) Eden: 293888K(293888K)->0K(296960K) From: 64K(18944K)->64K(15872K)
[432.671s][info][gc,heap        ] GC(1191) ParOldGen: 616271K(616448K)->616287K(616448K)
[432.671s][info][gc,metaspace   ] GC(1191) Metaspace: 35379K(36096K)->35379K(36096K) NonClass: 26183K(26688K)->26183K(26688K) Class: 9195K(9408K)->9195K(9408K)
[432.671s][info][gc             ] GC(1191) Pause Young (Allocation Failure) 888M->601M(907M) 1.582ms
[432.671s][info][gc,cpu         ] GC(1191) User=0.01s Sys=0.00s Real=0.00s
[432.779s][info][gc,start       ] GC(1192) Pause Young (Allocation Failure)
[432.781s][info][gc,heap        ] GC(1192) PSYoungGen: 297024K(312832K)->64K(313856K) Eden: 296960K(296960K)->0K(296960K) From: 64K(15872K)->64K(16896K)
[432.781s][info][gc,heap        ] GC(1192) ParOldGen: 616287K(616448K)->616287K(616448K)
[432.781s][info][gc,metaspace   ] GC(1192) Metaspace: 35379K(36096K)->35379K(36096K) NonClass: 26183K(26688K)->26183K(26688K) Class: 9195K(9408K)->9195K(9408K)
[432.781s][info][gc             ] GC(1192) Pause Young (Allocation Failure) 891M->601M(908M) 1.633ms
[432.781s][info][gc,cpu         ] GC(1192) User=0.01s Sys=0.00s Real=0.00s
[433.023s][info][gc,start       ] GC(1193) Pause Young (Allocation Failure)
[433.025s][info][gc,heap        ] GC(1193) PSYoungGen: 297024K(313856K)->64K(315904K) Eden: 296960K(296960K)->0K(301056K) From: 64K(16896K)->64K(14848K)
[433.025s][info][gc,heap        ] GC(1193) ParOldGen: 616287K(616448K)->616303K(616448K)
[433.025s][info][gc,metaspace   ] GC(1193) Metaspace: 35379K(36096K)->35379K(36096K) NonClass: 26183K(26688K)->26183K(26688K) Class: 9195K(9408K)->9195K(9408K)
[433.025s][info][gc             ] GC(1193) Pause Young (Allocation Failure) 891M->601M(910M) 1.630ms
[433.025s][info][gc,cpu         ] GC(1193) User=0.00s Sys=0.00s Real=0.00s
[433.202s][info][gc,start       ] GC(1194) Pause Young (Allocation Failure)
[433.203s][info][gc,heap        ] GC(1194) PSYoungGen: 301120K(315904K)->64K(316416K) Eden: 301056K(301056K)->0K(301056K) From: 64K(14848K)->64K(15360K)
[433.203s][info][gc,heap        ] GC(1194) ParOldGen: 616303K(616448K)->616303K(616448K)
[433.203s][info][gc,metaspace   ] GC(1194) Metaspace: 35379K(36096K)->35379K(36096K) NonClass: 26183K(26688K)->26183K(26688K) Class: 9195K(9408K)->9195K(9408K)
[433.203s][info][gc             ] GC(1194) Pause Young (Allocation Failure) 895M->601M(911M) 1.790ms
[433.203s][info][gc,cpu         ] GC(1194) User=0.01s Sys=0.00s Real=0.00s
[433.284s][info][gc,start       ] GC(1195) Pause Young (Allocation Failure)
[433.285s][info][gc,heap        ] GC(1195) PSYoungGen: 301120K(316416K)->64K(316928K) Eden: 301056K(301056K)->0K(304128K) From: 64K(15360K)->64K(12800K)
[433.285s][info][gc,heap        ] GC(1195) ParOldGen: 616303K(616448K)->616319K(616448K)
[433.285s][info][gc,metaspace   ] GC(1195) Metaspace: 35379K(36096K)->35379K(36096K) NonClass: 26183K(26688K)->26183K(26688K) Class: 9195K(9408K)->9195K(9408K)
[433.285s][info][gc             ] GC(1195) Pause Young (Allocation Failure) 895M->601M(911M) 1.649ms
[433.285s][info][gc,cpu         ] GC(1195) User=0.01s Sys=0.00s Real=0.00s
[433.448s][info][gc,start       ] GC(1196) Pause Young (Allocation Failure)
[433.450s][info][gc,heap        ] GC(1196) PSYoungGen: 304192K(316928K)->64K(317440K) Eden: 304128K(304128K)->0K(304128K) From: 64K(12800K)->64K(13312K)
[433.450s][info][gc,heap        ] GC(1196) ParOldGen: 616319K(616448K)->616319K(616448K)
[433.450s][info][gc,metaspace   ] GC(1196) Metaspace: 35379K(36096K)->35379K(36096K) NonClass: 26183K(26688K)->26183K(26688K) Class: 9195K(9408K)->9195K(9408K)
[433.450s][info][gc             ] GC(1196) Pause Young (Allocation Failure) 898M->601M(912M) 1.773ms
[433.450s][info][gc,cpu         ] GC(1196) User=0.00s Sys=0.00s Real=0.00s
[434.346s][info][gc,start       ] GC(1197) Pause Young (Allocation Failure)
[434.348s][info][gc,heap        ] GC(1197) PSYoungGen: 304192K(317440K)->83K(318464K) Eden: 304128K(304128K)->0K(307712K) From: 64K(13312K)->83K(10752K)
[434.348s][info][gc,heap        ] GC(1197) ParOldGen: 616319K(616448K)->616327K(616448K)
[434.348s][info][gc,metaspace   ] GC(1197) Metaspace: 35379K(36096K)->35379K(36096K) NonClass: 26183K(26688K)->26183K(26688K) Class: 9195K(9408K)->9195K(9408K)
[434.348s][info][gc             ] GC(1197) Pause Young (Allocation Failure) 898M->601M(913M) 1.722ms
[434.348s][info][gc,cpu         ] GC(1197) User=0.01s Sys=0.00s Real=0.01s
[435.205s][info][gc,start       ] GC(1198) Pause Young (Allocation Failure)
[435.207s][info][gc,heap        ] GC(1198) PSYoungGen: 307795K(318464K)->64K(319488K) Eden: 307712K(307712K)->0K(307712K) From: 83K(10752K)->64K(11776K)
[435.207s][info][gc,heap        ] GC(1198) ParOldGen: 616327K(616448K)->616335K(616448K)
[435.207s][info][gc,metaspace   ] GC(1198) Metaspace: 35379K(36096K)->35379K(36096K) NonClass: 26183K(26688K)->26183K(26688K) Class: 9195K(9408K)->9195K(9408K)
[435.207s][info][gc             ] GC(1198) Pause Young (Allocation Failure) 902M->601M(914M) 1.803ms
[435.207s][info][gc,cpu         ] GC(1198) User=0.00s Sys=0.00s Real=0.01s
[435.666s][info][gc,start       ] GC(1199) Pause Young (Allocation Failure)
[435.668s][info][gc,heap        ] GC(1199) PSYoungGen: 307776K(319488K)->64K(295936K) Eden: 307712K(307712K)->0K(295424K) From: 64K(11776K)->64K(512K)
[435.668s][info][gc,heap        ] GC(1199) ParOldGen: 616335K(616448K)->616343K(616448K)
[435.668s][info][gc,metaspace   ] GC(1199) Metaspace: 35379K(36096K)->35379K(36096K) NonClass: 26183K(26688K)->26183K(26688K) Class: 9195K(9408K)->9195K(9408K)
[435.668s][info][gc             ] GC(1199) Pause Young (Allocation Failure) 902M->601M(891M) 1.777ms
[435.668s][info][gc,cpu         ] GC(1199) User=0.00s Sys=0.00s Real=0.01s
[436.695s][info][gc,start       ] GC(1200) Pause Young (Allocation Failure)
[436.697s][info][gc,heap        ] GC(1200) PSYoungGen: 295488K(295936K)->64K(293888K) Eden: 295424K(295424K)->0K(283648K) From: 64K(512K)->64K(10240K)
[436.697s][info][gc,heap        ] GC(1200) ParOldGen: 616343K(616448K)->616351K(616448K)
[436.697s][info][gc,metaspace   ] GC(1200) Metaspace: 35379K(36096K)->35379K(36096K) NonClass: 26183K(26688K)->26183K(26688K) Class: 9195K(9408K)->9195K(9408K)
[436.697s][info][gc             ] GC(1200) Pause Young (Allocation Failure) 890M->601M(889M) 1.722ms
[436.697s][info][gc,cpu         ] GC(1200) User=0.00s Sys=0.00s Real=0.00s
[437.090s][info][gc,start       ] GC(1201) Pause Young (Allocation Failure)
[437.091s][info][gc,heap        ] GC(1201) PSYoungGen: 283712K(293888K)->64K(272896K) Eden: 283648K(283648K)->0K(272384K) From: 64K(10240K)->64K(512K)
[437.092s][info][gc,heap        ] GC(1201) ParOldGen: 616351K(616448K)->616359K(616448K)
[437.092s][info][gc,metaspace   ] GC(1201) Metaspace: 35379K(36096K)->35379K(36096K) NonClass: 26183K(26688K)->26183K(26688K) Class: 9195K(9408K)->9195K(9408K)
[437.092s][info][gc             ] GC(1201) Pause Young (Allocation Failure) 878M->601M(868M) 1.796ms
[437.092s][info][gc,cpu         ] GC(1201) User=0.00s Sys=0.00s Real=0.00s
[437.238s][info][gc,start       ] GC(1202) Pause Young (Allocation Failure)
[437.240s][info][gc,heap        ] GC(1202) PSYoungGen: 272448K(272896K)->64K(270848K) Eden: 272384K(272384K)->0K(261632K) From: 64K(512K)->64K(9216K)
[437.240s][info][gc,heap        ] GC(1202) ParOldGen: 616359K(616448K)->616367K(616448K)
[437.240s][info][gc,metaspace   ] GC(1202) Metaspace: 35379K(36096K)->35379K(36096K) NonClass: 26183K(26688K)->26183K(26688K) Class: 9195K(9408K)->9195K(9408K)
[437.240s][info][gc             ] GC(1202) Pause Young (Allocation Failure) 867M->601M(866M) 1.561ms
[437.240s][info][gc,cpu         ] GC(1202) User=0.00s Sys=0.00s Real=0.00s
[437.578s][info][gc,start       ] GC(1203) Pause Young (Allocation Failure)
[437.580s][info][gc,heap        ] GC(1203) PSYoungGen: 261696K(270848K)->64K(251904K) Eden: 261632K(261632K)->0K(251392K) From: 64K(9216K)->64K(512K)
[437.580s][info][gc,heap        ] GC(1203) ParOldGen: 616367K(616448K)->616375K(616448K)
[437.580s][info][gc,metaspace   ] GC(1203) Metaspace: 35379K(36096K)->35379K(36096K) NonClass: 26183K(26688K)->26183K(26688K) Class: 9195K(9408K)->9195K(9408K)
[437.580s][info][gc             ] GC(1203) Pause Young (Allocation Failure) 857M->601M(848M) 1.771ms
[437.580s][info][gc,cpu         ] GC(1203) User=0.00s Sys=0.00s Real=0.00s
[437.910s][info][gc,start       ] GC(1204) Pause Young (Allocation Failure)
[437.911s][info][gc,heap        ] GC(1204) PSYoungGen: 251456K(251904K)->64K(249344K) Eden: 251392K(251392K)->0K(241664K) From: 64K(512K)->64K(7680K)
[437.911s][info][gc,heap        ] GC(1204) ParOldGen: 616375K(616448K)->616383K(616448K)
[437.911s][info][gc,metaspace   ] GC(1204) Metaspace: 35379K(36096K)->35379K(36096K) NonClass: 26183K(26688K)->26183K(26688K) Class: 9195K(9408K)->9195K(9408K)
[437.911s][info][gc             ] GC(1204) Pause Young (Allocation Failure) 847M->601M(845M) 1.573ms
[437.911s][info][gc,cpu         ] GC(1204) User=0.00s Sys=0.00s Real=0.00s
[438.291s][info][gc,start       ] GC(1205) Pause Young (Allocation Failure)
[438.302s][info][gc,heap        ] GC(1205) PSYoungGen: 241728K(249344K)->7168K(292864K) Eden: 241664K(241664K)->0K(285696K) From: 64K(7680K)->7168K(7168K)
[438.302s][info][gc,heap        ] GC(1205) ParOldGen: 616383K(616448K)->616447K(616448K)
[438.302s][info][gc,metaspace   ] GC(1205) Metaspace: 35379K(36096K)->35379K(36096K) NonClass: 26183K(26688K)->26183K(26688K) Class: 9195K(9408K)->9195K(9408K)
[438.302s][info][gc             ] GC(1205) Pause Young (Allocation Failure) 837M->608M(888M) 11.589ms
[438.302s][info][gc,cpu         ] GC(1205) User=0.02s Sys=0.01s Real=0.01s
[438.634s][info][gc,start       ] GC(1206) Pause Young (Allocation Failure)
[438.695s][info][gc,heap        ] GC(1206) PSYoungGen: 292864K(292864K)->9216K(296448K) Eden: 285696K(285696K)->0K(287232K) From: 7168K(7168K)->9216K(9216K)
[438.695s][info][gc,heap        ] GC(1206) ParOldGen: 616447K(616448K)->639383K(639488K)
[438.695s][info][gc,metaspace   ] GC(1206) Metaspace: 35379K(36096K)->35379K(36096K) NonClass: 26183K(26688K)->26183K(26688K) Class: 9195K(9408K)->9195K(9408K)
[438.695s][info][gc             ] GC(1206) Pause Young (Allocation Failure) 887M->633M(914M) 60.920ms
[438.695s][info][gc,cpu         ] GC(1206) User=0.10s Sys=0.01s Real=0.06s
[438.956s][info][gc,start       ] GC(1207) Pause Young (Allocation Failure)
[439.010s][info][gc,heap        ] GC(1207) PSYoungGen: 296448K(296448K)->19968K(302592K) Eden: 287232K(287232K)->0K(282624K) From: 9216K(9216K)->19968K(19968K)
[439.010s][info][gc,heap        ] GC(1207) ParOldGen: 639383K(639488K)->643287K(643584K)
[439.010s][info][gc,metaspace   ] GC(1207) Metaspace: 35379K(36096K)->35379K(36096K) NonClass: 26183K(26688K)->26183K(26688K) Class: 9195K(9408K)->9195K(9408K)
[439.010s][info][gc             ] GC(1207) Pause Young (Allocation Failure) 913M->647M(924M) 54.003ms
[439.010s][info][gc,cpu         ] GC(1207) User=0.09s Sys=0.01s Real=0.06s
[439.196s][info][gc,start       ] GC(1208) Pause Young (Allocation Failure)
[439.199s][info][gc,heap        ] GC(1208) PSYoungGen: 302592K(302592K)->64K(308224K) Eden: 282624K(282624K)->0K(282624K) From: 19968K(19968K)->64K(25600K)
[439.199s][info][gc,heap        ] GC(1208) ParOldGen: 643287K(643584K)->643383K(643584K)
[439.199s][info][gc,metaspace   ] GC(1208) Metaspace: 35379K(36096K)->35379K(36096K) NonClass: 26183K(26688K)->26183K(26688K) Class: 9195K(9408K)->9195K(9408K)
[439.199s][info][gc             ] GC(1208) Pause Young (Allocation Failure) 923M->628M(929M) 2.855ms
[439.199s][info][gc,cpu         ] GC(1208) User=0.00s Sys=0.00s Real=0.01s
[439.861s][info][gc,start       ] GC(1209) Pause Young (Allocation Failure)
[439.868s][info][gc,heap        ] GC(1209) PSYoungGen: 282688K(308224K)->1091K(305152K) Eden: 282624K(282624K)->0K(283648K) From: 64K(25600K)->1091K(21504K)
[439.868s][info][gc,heap        ] GC(1209) ParOldGen: 643383K(643584K)->643391K(643584K)
[439.868s][info][gc,metaspace   ] GC(1209) Metaspace: 35382K(36096K)->35382K(36096K) NonClass: 26186K(26688K)->26186K(26688K) Class: 9195K(9408K)->9195K(9408K)
[439.868s][info][gc             ] GC(1209) Pause Young (Allocation Failure) 904M->629M(926M) 6.891ms
[439.868s][info][gc,cpu         ] GC(1209) User=0.01s Sys=0.00s Real=0.01s
[440.381s][info][gc,start       ] GC(1210) Pause Young (Allocation Failure)
[440.386s][info][gc,heap        ] GC(1210) PSYoungGen: 284739K(305152K)->160K(307200K) Eden: 283648K(283648K)->0K(283648K) From: 1091K(21504K)->160K(23552K)
[440.386s][info][gc,heap        ] GC(1210) ParOldGen: 643391K(643584K)->643407K(643584K)
[440.386s][info][gc,metaspace   ] GC(1210) Metaspace: 35520K(36288K)->35520K(36288K) NonClass: 26304K(26880K)->26304K(26880K) Class: 9215K(9408K)->9215K(9408K)
[440.386s][info][gc             ] GC(1210) Pause Young (Allocation Failure) 906M->628M(928M) 5.474ms
[440.386s][info][gc,cpu         ] GC(1210) User=0.00s Sys=0.00s Real=0.00s
[440.618s][info][gc,start       ] GC(1211) Pause Young (Allocation Failure)
[440.620s][info][gc,heap        ] GC(1211) PSYoungGen: 283808K(307200K)->64K(307200K) Eden: 283648K(283648K)->0K(287744K) From: 160K(23552K)->64K(19456K)
[440.620s][info][gc,heap        ] GC(1211) ParOldGen: 643407K(643584K)->643495K(643584K)
[440.620s][info][gc,metaspace   ] GC(1211) Metaspace: 35520K(36288K)->35520K(36288K) NonClass: 26304K(26880K)->26304K(26880K) Class: 9215K(9408K)->9215K(9408K)
[440.620s][info][gc             ] GC(1211) Pause Young (Allocation Failure) 905M->628M(928M) 1.985ms
[440.620s][info][gc,cpu         ] GC(1211) User=0.01s Sys=0.00s Real=0.00s
[440.856s][info][gc,start       ] GC(1212) Pause Young (Allocation Failure)
[440.857s][info][gc,heap        ] GC(1212) PSYoungGen: 287808K(307200K)->64K(309248K) Eden: 287744K(287744K)->0K(287744K) From: 64K(19456K)->64K(21504K)
[440.857s][info][gc,heap        ] GC(1212) ParOldGen: 643495K(643584K)->643495K(643584K)
[440.857s][info][gc,metaspace   ] GC(1212) Metaspace: 35520K(36288K)->35520K(36288K) NonClass: 26304K(26880K)->26304K(26880K) Class: 9215K(9408K)->9215K(9408K)
[440.858s][info][gc             ] GC(1212) Pause Young (Allocation Failure) 909M->628M(930M) 1.738ms
[440.858s][info][gc,cpu         ] GC(1212) User=0.00s Sys=0.00s Real=0.01s
[441.223s][info][gc,start       ] GC(1213) Pause Young (Allocation Failure)
[441.224s][info][gc,heap        ] GC(1213) PSYoungGen: 287808K(309248K)->64K(310272K) Eden: 287744K(287744K)->0K(291840K) From: 64K(21504K)->64K(18432K)
[441.224s][info][gc,heap        ] GC(1213) ParOldGen: 643495K(643584K)->643495K(643584K)
[441.224s][info][gc,metaspace   ] GC(1213) Metaspace: 35520K(36288K)->35520K(36288K) NonClass: 26304K(26880K)->26304K(26880K) Class: 9215K(9408K)->9215K(9408K)
[441.225s][info][gc             ] GC(1213) Pause Young (Allocation Failure) 909M->628M(931M) 1.823ms
[441.225s][info][gc,cpu         ] GC(1213) User=0.00s Sys=0.00s Real=0.00s
[441.277s][info][gc,start       ] GC(1214) Pause Young (Allocation Failure)
[441.278s][info][gc,heap        ] GC(1214) PSYoungGen: 291904K(310272K)->32K(311808K) Eden: 291840K(291840K)->0K(291840K) From: 64K(18432K)->32K(19968K)
[441.278s][info][gc,heap        ] GC(1214) ParOldGen: 643495K(643584K)->643511K(643584K)
[441.278s][info][gc,metaspace   ] GC(1214) Metaspace: 35520K(36288K)->35520K(36288K) NonClass: 26304K(26880K)->26304K(26880K) Class: 9215K(9408K)->9215K(9408K)
[441.278s][info][gc             ] GC(1214) Pause Young (Allocation Failure) 913M->628M(933M) 1.649ms
[441.278s][info][gc,cpu         ] GC(1214) User=0.01s Sys=0.00s Real=0.01s
[441.329s][info][gc,start       ] GC(1215) Pause Young (Allocation Failure)
[441.330s][info][gc,heap        ] GC(1215) PSYoungGen: 291872K(311808K)->64K(311296K) Eden: 291840K(291840K)->0K(294912K) From: 32K(19968K)->64K(16384K)
[441.330s][info][gc,heap        ] GC(1215) ParOldGen: 643511K(643584K)->643511K(643584K)
[441.330s][info][gc,metaspace   ] GC(1215) Metaspace: 35520K(36288K)->35520K(36288K) NonClass: 26304K(26880K)->26304K(26880K) Class: 9215K(9408K)->9215K(9408K)
[441.330s][info][gc             ] GC(1215) Pause Young (Allocation Failure) 913M->628M(932M) 1.653ms
[441.330s][info][gc,cpu         ] GC(1215) User=0.00s Sys=0.00s Real=0.00s
[441.533s][info][gc,start       ] GC(1216) Pause Young (Allocation Failure)
[441.535s][info][gc,heap        ] GC(1216) PSYoungGen: 294976K(311296K)->64K(312832K) Eden: 294912K(294912K)->0K(294912K) From: 64K(16384K)->64K(17920K)
[441.535s][info][gc,heap        ] GC(1216) ParOldGen: 643511K(643584K)->643511K(643584K)
[441.535s][info][gc,metaspace   ] GC(1216) Metaspace: 35520K(36288K)->35520K(36288K) NonClass: 26304K(26880K)->26304K(26880K) Class: 9215K(9408K)->9215K(9408K)
[441.535s][info][gc             ] GC(1216) Pause Young (Allocation Failure) 916M->628M(934M) 1.671ms
[441.535s][info][gc,cpu         ] GC(1216) User=0.00s Sys=0.00s Real=0.00s
[441.761s][info][gc,start       ] GC(1217) Pause Young (Allocation Failure)
[441.763s][info][gc,heap        ] GC(1217) PSYoungGen: 294976K(312832K)->64K(313344K) Eden: 294912K(294912K)->0K(299008K) From: 64K(17920K)->64K(14336K)
[441.763s][info][gc,heap        ] GC(1217) ParOldGen: 643511K(643584K)->643519K(643584K)
[441.763s][info][gc,metaspace   ] GC(1217) Metaspace: 35529K(36288K)->35529K(36288K) NonClass: 26313K(26880K)->26313K(26880K) Class: 9215K(9408K)->9215K(9408K)
[441.763s][info][gc             ] GC(1217) Pause Young (Allocation Failure) 916M->628M(934M) 1.791ms
[441.763s][info][gc,cpu         ] GC(1217) User=0.00s Sys=0.00s Real=0.00s
[441.871s][info][gc,start       ] GC(1218) Pause Young (Allocation Failure)
[441.873s][info][gc,heap        ] GC(1218) PSYoungGen: 299072K(313344K)->64K(314880K) Eden: 299008K(299008K)->0K(299008K) From: 64K(14336K)->64K(15872K)
[441.873s][info][gc,heap        ] GC(1218) ParOldGen: 643519K(643584K)->643527K(643584K)
[441.873s][info][gc,metaspace   ] GC(1218) Metaspace: 35529K(36288K)->35529K(36288K) NonClass: 26313K(26880K)->26313K(26880K) Class: 9215K(9408K)->9215K(9408K)
[441.873s][info][gc             ] GC(1218) Pause Young (Allocation Failure) 920M->628M(936M) 1.713ms
[441.873s][info][gc,cpu         ] GC(1218) User=0.00s Sys=0.00s Real=0.00s
[441.985s][info][gc,start       ] GC(1219) Pause Young (Allocation Failure)
[441.986s][info][gc,heap        ] GC(1219) PSYoungGen: 299072K(314880K)->64K(315392K) Eden: 299008K(299008K)->0K(303104K) From: 64K(15872K)->64K(12288K)
[441.986s][info][gc,heap        ] GC(1219) ParOldGen: 643527K(643584K)->643535K(643584K)
[441.986s][info][gc,metaspace   ] GC(1219) Metaspace: 35529K(36288K)->35529K(36288K) NonClass: 26313K(26880K)->26313K(26880K) Class: 9215K(9408K)->9215K(9408K)
[441.986s][info][gc             ] GC(1219) Pause Young (Allocation Failure) 920M->628M(936M) 1.610ms
[441.986s][info][gc,cpu         ] GC(1219) User=0.01s Sys=0.00s Real=0.00s
[442.345s][info][gc,start       ] GC(1220) Pause Young (Allocation Failure)
[442.347s][info][gc,heap        ] GC(1220) PSYoungGen: 303168K(315392K)->64K(316928K) Eden: 303104K(303104K)->0K(303104K) From: 64K(12288K)->64K(13824K)
[442.347s][info][gc,heap        ] GC(1220) ParOldGen: 643535K(643584K)->643543K(643584K)
[442.347s][info][gc,metaspace   ] GC(1220) Metaspace: 35529K(36288K)->35529K(36288K) NonClass: 26313K(26880K)->26313K(26880K) Class: 9215K(9408K)->9215K(9408K)
[442.347s][info][gc             ] GC(1220) Pause Young (Allocation Failure) 924M->628M(938M) 1.729ms
[442.347s][info][gc,cpu         ] GC(1220) User=0.01s Sys=0.00s Real=0.00s
[443.002s][info][gc,start       ] GC(1221) Pause Young (Allocation Failure)
[443.003s][info][gc,heap        ] GC(1221) PSYoungGen: 303168K(316928K)->83K(317440K) Eden: 303104K(303104K)->0K(306688K) From: 64K(13824K)->83K(10752K)
[443.003s][info][gc,heap        ] GC(1221) ParOldGen: 643543K(643584K)->643551K(643584K)
[443.004s][info][gc,metaspace   ] GC(1221) Metaspace: 35529K(36288K)->35529K(36288K) NonClass: 26313K(26880K)->26313K(26880K) Class: 9215K(9408K)->9215K(9408K)
[443.004s][info][gc             ] GC(1221) Pause Young (Allocation Failure) 924M->628M(938M) 1.651ms
[443.004s][info][gc,cpu         ] GC(1221) User=0.00s Sys=0.00s Real=0.00s
[443.959s][info][gc,start       ] GC(1222) Pause Young (Allocation Failure)
[443.961s][info][gc,heap        ] GC(1222) PSYoungGen: 306771K(317440K)->64K(294912K) Eden: 306688K(306688K)->0K(294400K) From: 83K(10752K)->64K(512K)
[443.961s][info][gc,heap        ] GC(1222) ParOldGen: 643551K(643584K)->643559K(643584K)
[443.961s][info][gc,metaspace   ] GC(1222) Metaspace: 35529K(36288K)->35529K(36288K) NonClass: 26313K(26880K)->26313K(26880K) Class: 9215K(9408K)->9215K(9408K)
[443.961s][info][gc             ] GC(1222) Pause Young (Allocation Failure) 928M->628M(916M) 2.436ms
[443.961s][info][gc,cpu         ] GC(1222) User=0.01s Sys=0.01s Real=0.00s
[444.483s][info][gc,start       ] GC(1223) Pause Young (Allocation Failure)
[444.486s][info][gc,heap        ] GC(1223) PSYoungGen: 294464K(294912K)->64K(283136K) Eden: 294400K(294400K)->0K(282624K) From: 64K(512K)->64K(512K)
[444.486s][info][gc,heap        ] GC(1223) ParOldGen: 643559K(643584K)->643567K(643584K)
[444.486s][info][gc,metaspace   ] GC(1223) Metaspace: 35529K(36288K)->35529K(36288K) NonClass: 26313K(26880K)->26313K(26880K) Class: 9215K(9408K)->9215K(9408K)
[444.486s][info][gc             ] GC(1223) Pause Young (Allocation Failure) 916M->628M(905M) 2.746ms
[444.486s][info][gc,cpu         ] GC(1223) User=0.00s Sys=0.00s Real=0.00s
[445.419s][info][gc,start       ] GC(1224) Pause Young (Allocation Failure)
[445.422s][info][gc,heap        ] GC(1224) PSYoungGen: 282688K(283136K)->64K(282112K) Eden: 282624K(282624K)->0K(271360K) From: 64K(512K)->64K(10752K)
[445.422s][info][gc,heap        ] GC(1224) ParOldGen: 643567K(643584K)->643575K(643584K)
[445.422s][info][gc,metaspace   ] GC(1224) Metaspace: 35529K(36288K)->35529K(36288K) NonClass: 26313K(26880K)->26313K(26880K) Class: 9215K(9408K)->9215K(9408K)
[445.422s][info][gc             ] GC(1224) Pause Young (Allocation Failure) 904M->628M(904M) 2.481ms
[445.422s][info][gc,cpu         ] GC(1224) User=0.00s Sys=0.00s Real=0.00s
[445.797s][info][gc,start       ] GC(1225) Pause Young (Allocation Failure)
[445.799s][info][gc,heap        ] GC(1225) PSYoungGen: 271424K(282112K)->64K(261120K) Eden: 271360K(271360K)->0K(260608K) From: 64K(10752K)->64K(512K)
[445.799s][info][gc,heap        ] GC(1225) ParOldGen: 643575K(643584K)->643583K(643584K)
[445.799s][info][gc,metaspace   ] GC(1225) Metaspace: 35529K(36288K)->35529K(36288K) NonClass: 26313K(26880K)->26313K(26880K) Class: 9215K(9408K)->9215K(9408K)
[445.799s][info][gc             ] GC(1225) Pause Young (Allocation Failure) 893M->628M(883M) 2.214ms
[445.799s][info][gc,cpu         ] GC(1225) User=0.00s Sys=0.00s Real=0.01s
[445.870s][info][gc,start       ] GC(1226) Pause Young (Allocation Failure)
[445.872s][info][gc,heap        ] GC(1226) PSYoungGen: 260672K(261120K)->64K(291328K) Eden: 260608K(260608K)->0K(282112K) From: 64K(512K)->64K(9216K)
[445.872s][info][gc,heap        ] GC(1226) ParOldGen: 643583K(643584K)->643591K(644096K)
[445.872s][info][gc,metaspace   ] GC(1226) Metaspace: 35529K(36288K)->35529K(36288K) NonClass: 26313K(26880K)->26313K(26880K) Class: 9215K(9408K)->9215K(9408K)
[445.872s][info][gc             ] GC(1226) Pause Young (Allocation Failure) 883M->628M(913M) 1.947ms
[445.872s][info][gc,cpu         ] GC(1226) User=0.00s Sys=0.00s Real=0.00s
[446.456s][info][gc,start       ] GC(1227) Pause Young (Allocation Failure)
[446.458s][info][gc,heap        ] GC(1227) PSYoungGen: 282176K(291328K)->64K(271360K) Eden: 282112K(282112K)->0K(270848K) From: 64K(9216K)->64K(512K)
[446.458s][info][gc,heap        ] GC(1227) ParOldGen: 643591K(644096K)->643607K(644096K)
[446.459s][info][gc,metaspace   ] GC(1227) Metaspace: 35529K(36288K)->35529K(36288K) NonClass: 26313K(26880K)->26313K(26880K) Class: 9215K(9408K)->9215K(9408K)
[446.459s][info][gc             ] GC(1227) Pause Young (Allocation Failure) 904M->628M(894M) 2.307ms
[446.459s][info][gc,cpu         ] GC(1227) User=0.01s Sys=0.00s Real=0.01s
[446.716s][info][gc,start       ] GC(1228) Pause Young (Allocation Failure)
[446.718s][info][gc,heap        ] GC(1228) PSYoungGen: 270912K(271360K)->64K(268288K) Eden: 270848K(270848K)->0K(260096K) From: 64K(512K)->64K(8192K)
[446.718s][info][gc,heap        ] GC(1228) ParOldGen: 643607K(644096K)->643615K(644096K)
[446.718s][info][gc,metaspace   ] GC(1228) Metaspace: 35529K(36288K)->35529K(36288K) NonClass: 26313K(26880K)->26313K(26880K) Class: 9215K(9408K)->9215K(9408K)
[446.718s][info][gc             ] GC(1228) Pause Young (Allocation Failure) 893M->628M(891M) 1.661ms
[446.718s][info][gc,cpu         ] GC(1228) User=0.01s Sys=0.00s Real=0.01s
[447.064s][info][gc,start       ] GC(1229) Pause Young (Allocation Failure)
[447.133s][info][gc,heap        ] GC(1229) PSYoungGen: 260160K(268288K)->7680K(301056K) Eden: 260096K(260096K)->0K(293376K) From: 64K(8192K)->7680K(7680K)
[447.133s][info][gc,heap        ] GC(1229) ParOldGen: 643615K(644096K)->659775K(659968K)
[447.133s][info][gc,metaspace   ] GC(1229) Metaspace: 35529K(36288K)->35529K(36288K) NonClass: 26313K(26880K)->26313K(26880K) Class: 9215K(9408K)->9215K(9408K)
[447.133s][info][gc             ] GC(1229) Pause Young (Allocation Failure) 882M->651M(938M) 69.562ms
[447.133s][info][gc,cpu         ] GC(1229) User=0.08s Sys=0.02s Real=0.07s
[447.470s][info][gc,start       ] GC(1230) Pause Full (Allocation Failure)
[447.470s][info][gc,phases,start] GC(1230) Marking Phase
[447.560s][info][gc,phases      ] GC(1230) Marking Phase 89.801ms
[447.560s][info][gc,phases,start] GC(1230) Summary Phase
[447.560s][info][gc,phases      ] GC(1230) Summary Phase 0.027ms
[447.560s][info][gc,phases,start] GC(1230) Forward
[447.586s][info][gc,phases      ] GC(1230) Forward 26.122ms
[447.586s][info][gc,phases,start] GC(1230) Adjust Pointers
[447.636s][info][gc,phases      ] GC(1230) Adjust Pointers 49.902ms
[447.636s][info][gc,phases,start] GC(1230) Compaction Phase
[447.667s][info][gc,phases      ] GC(1230) Compaction Phase 31.124ms
[447.667s][info][gc,phases,start] GC(1230) Post Compact
[447.670s][info][gc,phases      ] GC(1230) Post Compact 2.743ms
[447.707s][info][gc,heap        ] GC(1230) PSYoungGen: 301056K(301056K)->0K(308736K) Eden: 293376K(293376K)->0K(293376K) From: 7680K(7680K)->0K(15360K)
[447.707s][info][gc,heap        ] GC(1230) ParOldGen: 659775K(659968K)->89103K(175104K)
[447.707s][info][gc,metaspace   ] GC(1230) Metaspace: 35529K(36288K)->35529K(36288K) NonClass: 26313K(26880K)->26313K(26880K) Class: 9215K(9408K)->9215K(9408K)
[447.707s][info][gc             ] GC(1230) Pause Full (Allocation Failure) 938M->87M(472M) 236.827ms
[447.707s][info][gc,cpu         ] GC(1230) User=0.37s Sys=0.03s Real=0.24s
[447.830s][info][gc,start       ] GC(1231) Pause Young (Allocation Failure)
[447.850s][info][gc,heap        ] GC(1231) PSYoungGen: 293376K(308736K)->5856K(318464K) Eden: 293376K(293376K)->0K(303104K) From: 0K(15360K)->5856K(15360K)
[447.850s][info][gc,heap        ] GC(1231) ParOldGen: 89103K(175104K)->89103K(175104K)
[447.850s][info][gc,metaspace   ] GC(1231) Metaspace: 35529K(36288K)->35529K(36288K) NonClass: 26313K(26880K)->26313K(26880K) Class: 9215K(9408K)->9215K(9408K)
[447.851s][info][gc             ] GC(1231) Pause Young (Allocation Failure) 373M->92M(482M) 20.116ms
[447.851s][info][gc,cpu         ] GC(1231) User=0.04s Sys=0.00s Real=0.02s
[448.415s][info][gc,start       ] GC(1232) Pause Young (Allocation Failure)
[448.416s][info][gc,heap        ] GC(1232) PSYoungGen: 308960K(318464K)->64K(303616K) Eden: 303104K(303104K)->0K(303104K) From: 5856K(15360K)->64K(512K)
[448.416s][info][gc,heap        ] GC(1232) ParOldGen: 89103K(175104K)->89111K(175104K)
[448.416s][info][gc,metaspace   ] GC(1232) Metaspace: 35529K(36288K)->35529K(36288K) NonClass: 26313K(26880K)->26313K(26880K) Class: 9215K(9408K)->9215K(9408K)
[448.416s][info][gc             ] GC(1232) Pause Young (Allocation Failure) 388M->87M(467M) 0.696ms
[448.416s][info][gc,cpu         ] GC(1232) User=0.00s Sys=0.00s Real=0.00s
[448.829s][info][gc,start       ] GC(1233) Pause Young (Allocation Failure)
[448.829s][info][gc,heap        ] GC(1233) PSYoungGen: 303168K(303616K)->64K(318976K) Eden: 303104K(303104K)->0K(304128K) From: 64K(512K)->64K(14848K)
[448.829s][info][gc,heap        ] GC(1233) ParOldGen: 89111K(175104K)->89119K(175104K)
[448.829s][info][gc,metaspace   ] GC(1233) Metaspace: 35529K(36288K)->35529K(36288K) NonClass: 26313K(26880K)->26313K(26880K) Class: 9215K(9408K)->9215K(9408K)
[448.829s][info][gc             ] GC(1233) Pause Young (Allocation Failure) 383M->87M(482M) 0.619ms
[448.829s][info][gc,cpu         ] GC(1233) User=0.00s Sys=0.00s Real=0.00s
[449.290s][info][gc,start       ] GC(1234) Pause Young (Allocation Failure)
[449.290s][info][gc,heap        ] GC(1234) PSYoungGen: 304192K(318976K)->64K(317952K) Eden: 304128K(304128K)->0K(304128K) From: 64K(14848K)->64K(13824K)
[449.290s][info][gc,heap        ] GC(1234) ParOldGen: 89119K(175104K)->89135K(175104K)
[449.290s][info][gc,metaspace   ] GC(1234) Metaspace: 35529K(36288K)->35529K(36288K) NonClass: 26313K(26880K)->26313K(26880K) Class: 9215K(9408K)->9215K(9408K)
[449.290s][info][gc             ] GC(1234) Pause Young (Allocation Failure) 384M->87M(481M) 0.631ms
[449.290s][info][gc,cpu         ] GC(1234) User=0.00s Sys=0.00s Real=0.00s
[449.537s][info][gc,start       ] GC(1235) Pause Young (Allocation Failure)
[449.537s][info][gc,heap        ] GC(1235) PSYoungGen: 304192K(317952K)->64K(318976K) Eden: 304128K(304128K)->0K(305664K) From: 64K(13824K)->64K(13312K)
[449.537s][info][gc,heap        ] GC(1235) ParOldGen: 89135K(175104K)->89151K(175104K)
[449.537s][info][gc,metaspace   ] GC(1235) Metaspace: 35529K(36288K)->35529K(36288K) NonClass: 26313K(26880K)->26313K(26880K) Class: 9215K(9408K)->9215K(9408K)
[449.537s][info][gc             ] GC(1235) Pause Young (Allocation Failure) 384M->87M(482M) 0.653ms
[449.537s][info][gc,cpu         ] GC(1235) User=0.00s Sys=0.01s Real=0.01s
[449.919s][info][gc,start       ] GC(1236) Pause Young (Allocation Failure)
[449.920s][info][gc,heap        ] GC(1236) PSYoungGen: 305728K(318976K)->64K(318464K) Eden: 305664K(305664K)->0K(305664K) From: 64K(13312K)->64K(12800K)
[449.920s][info][gc,heap        ] GC(1236) ParOldGen: 89151K(175104K)->89151K(175104K)
[449.920s][info][gc,metaspace   ] GC(1236) Metaspace: 35529K(36288K)->35529K(36288K) NonClass: 26313K(26880K)->26313K(26880K) Class: 9215K(9408K)->9215K(9408K)
[449.920s][info][gc             ] GC(1236) Pause Young (Allocation Failure) 385M->87M(482M) 0.544ms
[449.920s][info][gc,cpu         ] GC(1236) User=0.00s Sys=0.00s Real=0.00s
[449.972s][info][gc,start       ] GC(1237) Pause Young (Allocation Failure)
[449.973s][info][gc,heap        ] GC(1237) PSYoungGen: 305728K(318464K)->64K(320000K) Eden: 305664K(305664K)->0K(308736K) From: 64K(12800K)->64K(11264K)
[449.973s][info][gc,heap        ] GC(1237) ParOldGen: 89151K(175104K)->89167K(175104K)
[449.973s][info][gc,metaspace   ] GC(1237) Metaspace: 35529K(36288K)->35529K(36288K) NonClass: 26313K(26880K)->26313K(26880K) Class: 9215K(9408K)->9215K(9408K)
[449.973s][info][gc             ] GC(1237) Pause Young (Allocation Failure) 385M->87M(483M) 0.593ms
[449.973s][info][gc,cpu         ] GC(1237) User=0.00s Sys=0.00s Real=0.00s
[450.028s][info][gc,start       ] GC(1238) Pause Young (Allocation Failure)
[450.028s][info][gc,heap        ] GC(1238) PSYoungGen: 308800K(320000K)->64K(320000K) Eden: 308736K(308736K)->0K(308736K) From: 64K(11264K)->64K(11264K)
[450.028s][info][gc,heap        ] GC(1238) ParOldGen: 89167K(175104K)->89167K(175104K)
[450.028s][info][gc,metaspace   ] GC(1238) Metaspace: 35529K(36288K)->35529K(36288K) NonClass: 26313K(26880K)->26313K(26880K) Class: 9215K(9408K)->9215K(9408K)
[450.028s][info][gc             ] GC(1238) Pause Young (Allocation Failure) 388M->87M(483M) 0.569ms
[450.028s][info][gc,cpu         ] GC(1238) User=0.00s Sys=0.00s Real=0.00s
[450.263s][info][gc,start       ] GC(1239) Pause Young (Allocation Failure)
[450.263s][info][gc,heap        ] GC(1239) PSYoungGen: 308800K(320000K)->64K(296960K) Eden: 308736K(308736K)->0K(296448K) From: 64K(11264K)->64K(512K)
[450.263s][info][gc,heap        ] GC(1239) ParOldGen: 89167K(175104K)->89167K(175104K)
[450.263s][info][gc,metaspace   ] GC(1239) Metaspace: 35529K(36288K)->35529K(36288K) NonClass: 26313K(26880K)->26313K(26880K) Class: 9215K(9408K)->9215K(9408K)
[450.263s][info][gc             ] GC(1239) Pause Young (Allocation Failure) 388M->87M(461M) 0.817ms
[450.263s][info][gc,cpu         ] GC(1239) User=0.00s Sys=0.00s Real=0.00s
[450.485s][info][gc,start       ] GC(1240) Pause Young (Allocation Failure)
[450.485s][info][gc,heap        ] GC(1240) PSYoungGen: 296512K(296960K)->64K(294912K) Eden: 296448K(296448K)->0K(284672K) From: 64K(512K)->64K(10240K)
[450.485s][info][gc,heap        ] GC(1240) ParOldGen: 89167K(175104K)->89175K(175104K)
[450.485s][info][gc,metaspace   ] GC(1240) Metaspace: 35529K(36288K)->35529K(36288K) NonClass: 26313K(26880K)->26313K(26880K) Class: 9215K(9408K)->9215K(9408K)
[450.485s][info][gc             ] GC(1240) Pause Young (Allocation Failure) 376M->87M(459M) 0.585ms
[450.485s][info][gc,cpu         ] GC(1240) User=0.00s Sys=0.00s Real=0.00s
[450.572s][info][gc,start       ] GC(1241) Pause Young (Allocation Failure)
[450.574s][info][gc,heap        ] GC(1241) PSYoungGen: 284736K(294912K)->64K(273920K) Eden: 284672K(284672K)->0K(273408K) From: 64K(10240K)->64K(512K)
[450.574s][info][gc,heap        ] GC(1241) ParOldGen: 89175K(175104K)->89183K(175104K)
[450.574s][info][gc,metaspace   ] GC(1241) Metaspace: 35529K(36288K)->35529K(36288K) NonClass: 26313K(26880K)->26313K(26880K) Class: 9215K(9408K)->9215K(9408K)
[450.574s][info][gc             ] GC(1241) Pause Young (Allocation Failure) 365M->87M(438M) 1.169ms
[450.574s][info][gc,cpu         ] GC(1241) User=0.00s Sys=0.00s Real=0.00s
[450.679s][info][gc,start       ] GC(1242) Pause Young (Allocation Failure)
[450.679s][info][gc,heap        ] GC(1242) PSYoungGen: 273472K(273920K)->64K(271872K) Eden: 273408K(273408K)->0K(262656K) From: 64K(512K)->64K(9216K)
[450.679s][info][gc,heap        ] GC(1242) ParOldGen: 89183K(175104K)->89191K(175104K)
[450.679s][info][gc,metaspace   ] GC(1242) Metaspace: 35529K(36288K)->35529K(36288K) NonClass: 26313K(26880K)->26313K(26880K) Class: 9215K(9408K)->9215K(9408K)
[450.679s][info][gc             ] GC(1242) Pause Young (Allocation Failure) 354M->87M(436M) 0.514ms
[450.679s][info][gc,cpu         ] GC(1242) User=0.00s Sys=0.00s Real=0.00s
[450.913s][info][gc,start       ] GC(1243) Pause Young (Allocation Failure)
[450.914s][info][gc,heap        ] GC(1243) PSYoungGen: 262720K(271872K)->64K(252928K) Eden: 262656K(262656K)->0K(252416K) From: 64K(9216K)->64K(512K)
[450.914s][info][gc,heap        ] GC(1243) ParOldGen: 89191K(175104K)->89199K(175104K)
[450.914s][info][gc,metaspace   ] GC(1243) Metaspace: 35529K(36288K)->35529K(36288K) NonClass: 26313K(26880K)->26313K(26880K) Class: 9215K(9408K)->9215K(9408K)
[450.914s][info][gc             ] GC(1243) Pause Young (Allocation Failure) 343M->87M(418M) 1.293ms
[450.914s][info][gc,cpu         ] GC(1243) User=0.00s Sys=0.00s Real=0.00s
[451.676s][info][gc,start       ] GC(1244) Pause Young (Allocation Failure)
[451.676s][info][gc,heap        ] GC(1244) PSYoungGen: 252480K(252928K)->64K(250368K) Eden: 252416K(252416K)->0K(242688K) From: 64K(512K)->64K(7680K)
[451.676s][info][gc,heap        ] GC(1244) ParOldGen: 89199K(175104K)->89207K(175104K)
[451.676s][info][gc,metaspace   ] GC(1244) Metaspace: 35529K(36288K)->35529K(36288K) NonClass: 26313K(26880K)->26313K(26880K) Class: 9215K(9408K)->9215K(9408K)
[451.676s][info][gc             ] GC(1244) Pause Young (Allocation Failure) 333M->87M(415M) 0.518ms
[451.676s][info][gc,cpu         ] GC(1244) User=0.01s Sys=0.00s Real=0.00s
[452.506s][info][gc,start       ] GC(1245) Pause Young (Allocation Failure)
[452.507s][info][gc,heap        ] GC(1245) PSYoungGen: 242752K(250368K)->64K(233984K) Eden: 242688K(242688K)->0K(233472K) From: 64K(7680K)->64K(512K)
[452.507s][info][gc,heap        ] GC(1245) ParOldGen: 89207K(175104K)->89215K(175104K)
[452.507s][info][gc,metaspace   ] GC(1245) Metaspace: 35529K(36288K)->35529K(36288K) NonClass: 26313K(26880K)->26313K(26880K) Class: 9215K(9408K)->9215K(9408K)
[452.507s][info][gc             ] GC(1245) Pause Young (Allocation Failure) 324M->87M(399M) 1.252ms
[452.507s][info][gc,cpu         ] GC(1245) User=0.00s Sys=0.00s Real=0.01s
[452.795s][info][gc,start       ] GC(1246) Pause Young (Allocation Failure)
[452.795s][info][gc,heap        ] GC(1246) PSYoungGen: 233536K(233984K)->64K(231424K) Eden: 233472K(233472K)->0K(224768K) From: 64K(512K)->64K(6656K)
[452.795s][info][gc,heap        ] GC(1246) ParOldGen: 89215K(175104K)->89223K(175104K)
[452.795s][info][gc,metaspace   ] GC(1246) Metaspace: 35529K(36288K)->35529K(36288K) NonClass: 26313K(26880K)->26313K(26880K) Class: 9215K(9408K)->9215K(9408K)
[452.795s][info][gc             ] GC(1246) Pause Young (Allocation Failure) 315M->87M(397M) 0.583ms
[452.795s][info][gc,cpu         ] GC(1246) User=0.00s Sys=0.00s Real=0.00s
[453.173s][info][gc,start       ] GC(1247) Pause Young (Allocation Failure)
[453.174s][info][gc,heap        ] GC(1247) PSYoungGen: 224832K(231424K)->64K(217088K) Eden: 224768K(224768K)->0K(216576K) From: 64K(6656K)->64K(512K)
[453.174s][info][gc,heap        ] GC(1247) ParOldGen: 89223K(175104K)->89231K(175104K)
[453.174s][info][gc,metaspace   ] GC(1247) Metaspace: 35529K(36288K)->35529K(36288K) NonClass: 26313K(26880K)->26313K(26880K) Class: 9215K(9408K)->9215K(9408K)
[453.174s][info][gc             ] GC(1247) Pause Young (Allocation Failure) 306M->87M(383M) 1.081ms
[453.174s][info][gc,cpu         ] GC(1247) User=0.00s Sys=0.00s Real=0.00s
[454.050s][info][gc,start       ] GC(1248) Pause Young (Allocation Failure)
[454.051s][info][gc,heap        ] GC(1248) PSYoungGen: 216640K(217088K)->64K(214528K) Eden: 216576K(216576K)->0K(208384K) From: 64K(512K)->64K(6144K)
[454.051s][info][gc,heap        ] GC(1248) ParOldGen: 89231K(175104K)->89239K(175104K)
[454.051s][info][gc,metaspace   ] GC(1248) Metaspace: 35529K(36288K)->35529K(36288K) NonClass: 26313K(26880K)->26313K(26880K) Class: 9215K(9408K)->9215K(9408K)
[454.051s][info][gc             ] GC(1248) Pause Young (Allocation Failure) 298M->87M(380M) 0.577ms
[454.051s][info][gc,cpu         ] GC(1248) User=0.00s Sys=0.00s Real=0.00s
[454.356s][info][gc,start       ] GC(1249) Pause Young (Allocation Failure)
[454.357s][info][gc,heap        ] GC(1249) PSYoungGen: 208448K(214528K)->64K(201216K) Eden: 208384K(208384K)->0K(200704K) From: 64K(6144K)->64K(512K)
[454.357s][info][gc,heap        ] GC(1249) ParOldGen: 89239K(175104K)->89247K(175104K)
[454.357s][info][gc,metaspace   ] GC(1249) Metaspace: 35529K(36288K)->35529K(36288K) NonClass: 26313K(26880K)->26313K(26880K) Class: 9215K(9408K)->9215K(9408K)
[454.357s][info][gc             ] GC(1249) Pause Young (Allocation Failure) 290M->87M(367M) 1.019ms
[454.357s][info][gc,cpu         ] GC(1249) User=0.00s Sys=0.00s Real=0.00s
[454.496s][info][gc,start       ] GC(1250) Pause Young (Allocation Failure)
[454.496s][info][gc,heap        ] GC(1250) PSYoungGen: 200768K(201216K)->64K(198656K) Eden: 200704K(200704K)->0K(193536K) From: 64K(512K)->64K(5120K)
[454.496s][info][gc,heap        ] GC(1250) ParOldGen: 89247K(175104K)->89255K(175104K)
[454.496s][info][gc,metaspace   ] GC(1250) Metaspace: 35529K(36288K)->35529K(36288K) NonClass: 26313K(26880K)->26313K(26880K) Class: 9215K(9408K)->9215K(9408K)
[454.496s][info][gc             ] GC(1250) Pause Young (Allocation Failure) 283M->87M(365M) 0.510ms
[454.496s][info][gc,cpu         ] GC(1250) User=0.00s Sys=0.00s Real=0.00s
[454.556s][info][gc,start       ] GC(1251) Pause Young (Allocation Failure)
[454.558s][info][gc,heap        ] GC(1251) PSYoungGen: 193600K(198656K)->64K(187392K) Eden: 193536K(193536K)->0K(186880K) From: 64K(5120K)->64K(512K)
[454.558s][info][gc,heap        ] GC(1251) ParOldGen: 89255K(175104K)->89263K(175104K)
[454.558s][info][gc,metaspace   ] GC(1251) Metaspace: 35529K(36288K)->35529K(36288K) NonClass: 26313K(26880K)->26313K(26880K) Class: 9215K(9408K)->9215K(9408K)
[454.558s][info][gc             ] GC(1251) Pause Young (Allocation Failure) 276M->87M(354M) 1.359ms
[454.558s][info][gc,cpu         ] GC(1251) User=0.00s Sys=0.00s Real=0.01s
[454.935s][info][gc,start       ] GC(1252) Pause Young (Allocation Failure)
[454.936s][info][gc,heap        ] GC(1252) PSYoungGen: 186944K(187392K)->64K(184832K) Eden: 186880K(186880K)->0K(180224K) From: 64K(512K)->64K(4608K)
[454.936s][info][gc,heap        ] GC(1252) ParOldGen: 89263K(175104K)->89271K(175104K)
[454.936s][info][gc,metaspace   ] GC(1252) Metaspace: 35529K(36288K)->35529K(36288K) NonClass: 26313K(26880K)->26313K(26880K) Class: 9215K(9408K)->9215K(9408K)
[454.936s][info][gc             ] GC(1252) Pause Young (Allocation Failure) 269M->87M(351M) 0.571ms
[454.936s][info][gc,cpu         ] GC(1252) User=0.00s Sys=0.00s Real=0.00s
[455.181s][info][gc,start       ] GC(1253) Pause Young (Allocation Failure)
[455.182s][info][gc,heap        ] GC(1253) PSYoungGen: 180288K(184832K)->64K(174592K) Eden: 180224K(180224K)->0K(174080K) From: 64K(4608K)->64K(512K)
[455.182s][info][gc,heap        ] GC(1253) ParOldGen: 89271K(175104K)->89279K(175104K)
[455.182s][info][gc,metaspace   ] GC(1253) Metaspace: 35529K(36288K)->35529K(36288K) NonClass: 26313K(26880K)->26313K(26880K) Class: 9215K(9408K)->9215K(9408K)
[455.182s][info][gc             ] GC(1253) Pause Young (Allocation Failure) 263M->87M(341M) 0.842ms
[455.182s][info][gc,cpu         ] GC(1253) User=0.00s Sys=0.00s Real=0.00s
[455.408s][info][gc,start       ] GC(1254) Pause Young (Allocation Failure)
[455.408s][info][gc,heap        ] GC(1254) PSYoungGen: 174144K(174592K)->64K(172032K) Eden: 174080K(174080K)->0K(167936K) From: 64K(512K)->64K(4096K)
[455.408s][info][gc,heap        ] GC(1254) ParOldGen: 89279K(175104K)->89287K(175104K)
[455.408s][info][gc,metaspace   ] GC(1254) Metaspace: 35529K(36288K)->35529K(36288K) NonClass: 26313K(26880K)->26313K(26880K) Class: 9215K(9408K)->9215K(9408K)
[455.408s][info][gc             ] GC(1254) Pause Young (Allocation Failure) 257M->87M(339M) 0.596ms
[455.408s][info][gc,cpu         ] GC(1254) User=0.01s Sys=0.00s Real=0.00s
[455.649s][info][gc,start       ] GC(1255) Pause Young (Allocation Failure)
[455.670s][info][gc,heap        ] GC(1255) PSYoungGen: 168000K(172032K)->3584K(203776K) Eden: 167936K(167936K)->0K(200192K) From: 64K(4096K)->3584K(3584K)
[455.670s][info][gc,heap        ] GC(1255) ParOldGen: 89287K(175104K)->99303K(175104K)
[455.670s][info][gc,metaspace   ] GC(1255) Metaspace: 35529K(36288K)->35529K(36288K) NonClass: 26313K(26880K)->26313K(26880K) Class: 9215K(9408K)->9215K(9408K)
[455.670s][info][gc             ] GC(1255) Pause Young (Allocation Failure) 251M->100M(370M) 20.335ms
[455.670s][info][gc,cpu         ] GC(1255) User=0.04s Sys=0.00s Real=0.02s
[455.903s][info][gc,start       ] GC(1256) Pause Young (Allocation Failure)
[455.940s][info][gc,heap        ] GC(1256) PSYoungGen: 203776K(203776K)->8192K(247808K) Eden: 200192K(200192K)->0K(239616K) From: 3584K(3584K)->8192K(8192K)
[455.940s][info][gc,heap        ] GC(1256) ParOldGen: 99303K(175104K)->113903K(175104K)
[455.940s][info][gc,metaspace   ] GC(1256) Metaspace: 35529K(36288K)->35529K(36288K) NonClass: 26313K(26880K)->26313K(26880K) Class: 9215K(9408K)->9215K(9408K)
[455.940s][info][gc             ] GC(1256) Pause Young (Allocation Failure) 295M->119M(413M) 36.173ms
[455.940s][info][gc,cpu         ] GC(1256) User=0.07s Sys=0.00s Real=0.04s
[456.213s][info][gc,start       ] GC(1257) Pause Young (Allocation Failure)
[456.259s][info][gc,heap        ] GC(1257) PSYoungGen: 247808K(247808K)->5120K(253440K) Eden: 239616K(239616K)->0K(248320K) From: 8192K(8192K)->5120K(5120K)
[456.259s][info][gc,heap        ] GC(1257) ParOldGen: 113903K(175104K)->135711K(175104K)
[456.259s][info][gc,metaspace   ] GC(1257) Metaspace: 35529K(36288K)->35529K(36288K) NonClass: 26313K(26880K)->26313K(26880K) Class: 9215K(9408K)->9215K(9408K)
[456.259s][info][gc             ] GC(1257) Pause Young (Allocation Failure) 353M->137M(418M) 45.562ms
[456.259s][info][gc,cpu         ] GC(1257) User=0.08s Sys=0.00s Real=0.05s
[456.325s][info][gc,start       ] GC(1258) Pause Young (Allocation Failure)
[456.332s][info][gc,heap        ] GC(1258) PSYoungGen: 253440K(253440K)->64K(271360K) Eden: 248320K(248320K)->0K(248320K) From: 5120K(5120K)->64K(23040K)
[456.332s][info][gc,heap        ] GC(1258) ParOldGen: 135711K(175104K)->136303K(175104K)
[456.332s][info][gc,metaspace   ] GC(1258) Metaspace: 35529K(36288K)->35529K(36288K) NonClass: 26313K(26880K)->26313K(26880K) Class: 9215K(9408K)->9215K(9408K)
[456.332s][info][gc             ] GC(1258) Pause Young (Allocation Failure) 380M->133M(436M) 7.031ms
[456.332s][info][gc,cpu         ] GC(1258) User=0.01s Sys=0.00s Real=0.01s
[456.787s][info][gc,start       ] GC(1259) Pause Young (Allocation Failure)
[456.788s][info][gc,heap        ] GC(1259) PSYoungGen: 248384K(271360K)->64K(308736K) Eden: 248320K(248320K)->0K(288768K) From: 64K(23040K)->64K(19968K)
[456.788s][info][gc,heap        ] GC(1259) ParOldGen: 136303K(175104K)->136311K(175104K)
[456.788s][info][gc,metaspace   ] GC(1259) Metaspace: 35529K(36288K)->35529K(36288K) NonClass: 26313K(26880K)->26313K(26880K) Class: 9215K(9408K)->9215K(9408K)
[456.788s][info][gc             ] GC(1259) Pause Young (Allocation Failure) 375M->133M(472M) 0.816ms
[456.788s][info][gc,cpu         ] GC(1259) User=0.00s Sys=0.00s Real=0.00s
[457.270s][info][gc,start       ] GC(1260) Pause Young (Allocation Failure)
[457.271s][info][gc,heap        ] GC(1260) PSYoungGen: 288832K(308736K)->64K(310272K) Eden: 288768K(288768K)->0K(288768K) From: 64K(19968K)->64K(21504K)
[457.271s][info][gc,heap        ] GC(1260) ParOldGen: 136311K(175104K)->136319K(175104K)
[457.271s][info][gc,metaspace   ] GC(1260) Metaspace: 35529K(36288K)->35529K(36288K) NonClass: 26313K(26880K)->26313K(26880K) Class: 9215K(9408K)->9215K(9408K)
[457.271s][info][gc             ] GC(1260) Pause Young (Allocation Failure) 415M->133M(474M) 0.907ms
[457.271s][info][gc,cpu         ] GC(1260) User=0.01s Sys=0.00s Real=0.00s
[457.717s][info][gc,start       ] GC(1261) Pause Young (Allocation Failure)
[457.718s][info][gc,heap        ] GC(1261) PSYoungGen: 288832K(310272K)->64K(310784K) Eden: 288768K(288768K)->0K(291840K) From: 64K(21504K)->64K(18944K)
[457.718s][info][gc,heap        ] GC(1261) ParOldGen: 136319K(175104K)->136335K(175104K)
[457.718s][info][gc,metaspace   ] GC(1261) Metaspace: 35529K(36288K)->35529K(36288K) NonClass: 26313K(26880K)->26313K(26880K) Class: 9215K(9408K)->9215K(9408K)
[457.718s][info][gc             ] GC(1261) Pause Young (Allocation Failure) 415M->133M(474M) 0.806ms
[457.718s][info][gc,cpu         ] GC(1261) User=0.00s Sys=0.00s Real=0.00s
[457.958s][info][gc,start       ] GC(1262) Pause Young (Allocation Failure)
[457.958s][info][gc,heap        ] GC(1262) PSYoungGen: 291904K(310784K)->64K(311808K) Eden: 291840K(291840K)->0K(291840K) From: 64K(18944K)->64K(19968K)
[457.958s][info][gc,heap        ] GC(1262) ParOldGen: 136335K(175104K)->136351K(175104K)
[457.958s][info][gc,metaspace   ] GC(1262) Metaspace: 35529K(36288K)->35529K(36288K) NonClass: 26313K(26880K)->26313K(26880K) Class: 9215K(9408K)->9215K(9408K)
[457.958s][info][gc             ] GC(1262) Pause Young (Allocation Failure) 418M->133M(475M) 0.788ms
[457.958s][info][gc,cpu         ] GC(1262) User=0.00s Sys=0.00s Real=0.00s
[458.321s][info][gc,start       ] GC(1263) Pause Young (Allocation Failure)
[458.322s][info][gc,heap        ] GC(1263) PSYoungGen: 291904K(311808K)->64K(311808K) Eden: 291840K(291840K)->0K(294912K) From: 64K(19968K)->64K(16896K)
[458.322s][info][gc,heap        ] GC(1263) ParOldGen: 136351K(175104K)->136351K(175104K)
[458.322s][info][gc,metaspace   ] GC(1263) Metaspace: 35529K(36288K)->35529K(36288K) NonClass: 26313K(26880K)->26313K(26880K) Class: 9215K(9408K)->9215K(9408K)
[458.322s][info][gc             ] GC(1263) Pause Young (Allocation Failure) 418M->133M(475M) 0.842ms
[458.322s][info][gc,cpu         ] GC(1263) User=0.00s Sys=0.00s Real=0.00s
[458.457s][info][gc,start       ] GC(1264) Pause Young (Allocation Failure)
[458.458s][info][gc,heap        ] GC(1264) PSYoungGen: 294976K(311808K)->64K(312832K) Eden: 294912K(294912K)->0K(294912K) From: 64K(16896K)->64K(17920K)
[458.458s][info][gc,heap        ] GC(1264) ParOldGen: 136351K(175104K)->136359K(175104K)
[458.458s][info][gc,metaspace   ] GC(1264) Metaspace: 35529K(36288K)->35529K(36288K) NonClass: 26313K(26880K)->26313K(26880K) Class: 9215K(9408K)->9215K(9408K)
[458.458s][info][gc             ] GC(1264) Pause Young (Allocation Failure) 421M->133M(476M) 0.785ms
[458.458s][info][gc,cpu         ] GC(1264) User=0.00s Sys=0.00s Real=0.00s
[458.509s][info][gc,start       ] GC(1265) Pause Young (Allocation Failure)
[458.510s][info][gc,heap        ] GC(1265) PSYoungGen: 294976K(312832K)->64K(313344K) Eden: 294912K(294912K)->0K(298496K) From: 64K(17920K)->64K(14848K)
[458.510s][info][gc,heap        ] GC(1265) ParOldGen: 136359K(175104K)->136375K(175104K)
[458.510s][info][gc,metaspace   ] GC(1265) Metaspace: 35529K(36288K)->35529K(36288K) NonClass: 26313K(26880K)->26313K(26880K) Class: 9215K(9408K)->9215K(9408K)
[458.510s][info][gc             ] GC(1265) Pause Young (Allocation Failure) 421M->133M(477M) 0.686ms
[458.510s][info][gc,cpu         ] GC(1265) User=0.01s Sys=0.00s Real=0.00s
[458.653s][info][gc,start       ] GC(1266) Pause Young (Allocation Failure)
[458.654s][info][gc,heap        ] GC(1266) PSYoungGen: 298560K(313344K)->64K(314880K) Eden: 298496K(298496K)->0K(298496K) From: 64K(14848K)->64K(16384K)
[458.654s][info][gc,heap        ] GC(1266) ParOldGen: 136375K(175104K)->136375K(175104K)
[458.654s][info][gc,metaspace   ] GC(1266) Metaspace: 35529K(36288K)->35529K(36288K) NonClass: 26313K(26880K)->26313K(26880K) Class: 9215K(9408K)->9215K(9408K)
[458.654s][info][gc             ] GC(1266) Pause Young (Allocation Failure) 424M->133M(478M) 0.693ms
[458.654s][info][gc,cpu         ] GC(1266) User=0.00s Sys=0.00s Real=0.00s
[458.893s][info][gc,start       ] GC(1267) Pause Young (Allocation Failure)
[458.893s][info][gc,heap        ] GC(1267) PSYoungGen: 298560K(314880K)->64K(314880K) Eden: 298496K(298496K)->0K(302080K) From: 64K(16384K)->64K(12800K)
[458.893s][info][gc,heap        ] GC(1267) ParOldGen: 136375K(175104K)->136383K(175104K)
[458.893s][info][gc,metaspace   ] GC(1267) Metaspace: 35529K(36288K)->35529K(36288K) NonClass: 26313K(26880K)->26313K(26880K) Class: 9215K(9408K)->9215K(9408K)
[458.893s][info][gc             ] GC(1267) Pause Young (Allocation Failure) 424M->133M(478M) 0.705ms
[458.893s][info][gc,cpu         ] GC(1267) User=0.00s Sys=0.00s Real=0.00s
[459.045s][info][gc,start       ] GC(1268) Pause Young (Allocation Failure)
[459.045s][info][gc,heap        ] GC(1268) PSYoungGen: 302144K(314880K)->64K(290816K) Eden: 302080K(302080K)->0K(290304K) From: 64K(12800K)->64K(512K)
[459.045s][info][gc,heap        ] GC(1268) ParOldGen: 136383K(175104K)->136391K(175104K)
[459.045s][info][gc,metaspace   ] GC(1268) Metaspace: 35529K(36288K)->35529K(36288K) NonClass: 26313K(26880K)->26313K(26880K) Class: 9215K(9408K)->9215K(9408K)
[459.045s][info][gc             ] GC(1268) Pause Young (Allocation Failure) 428M->133M(455M) 0.734ms
[459.045s][info][gc,cpu         ] GC(1268) User=0.00s Sys=0.00s Real=0.00s
[459.129s][info][gc,start       ] GC(1269) Pause Young (Allocation Failure)
[459.130s][info][gc,heap        ] GC(1269) PSYoungGen: 290368K(290816K)->64K(279552K) Eden: 290304K(290304K)->0K(279040K) From: 64K(512K)->64K(512K)
[459.130s][info][gc,heap        ] GC(1269) ParOldGen: 136391K(175104K)->136399K(175104K)
[459.130s][info][gc,metaspace   ] GC(1269) Metaspace: 35529K(36288K)->35529K(36288K) NonClass: 26313K(26880K)->26313K(26880K) Class: 9215K(9408K)->9215K(9408K)
[459.130s][info][gc             ] GC(1269) Pause Young (Allocation Failure) 416M->133M(444M) 0.675ms
[459.130s][info][gc,cpu         ] GC(1269) User=0.00s Sys=0.00s Real=0.00s
[459.283s][info][gc,start       ] GC(1270) Pause Young (Allocation Failure)
[459.283s][info][gc,heap        ] GC(1270) PSYoungGen: 279104K(279552K)->64K(281088K) Eden: 279040K(279040K)->0K(268288K) From: 64K(512K)->64K(12800K)
[459.283s][info][gc,heap        ] GC(1270) ParOldGen: 136399K(175104K)->136407K(175104K)
[459.283s][info][gc,metaspace   ] GC(1270) Metaspace: 35529K(36288K)->35529K(36288K) NonClass: 26313K(26880K)->26313K(26880K) Class: 9215K(9408K)->9215K(9408K)
[459.283s][info][gc             ] GC(1270) Pause Young (Allocation Failure) 405M->133M(445M) 0.661ms
[459.283s][info][gc,cpu         ] GC(1270) User=0.00s Sys=0.00s Real=0.00s
[460.166s][info][gc,start       ] GC(1271) Pause Young (Allocation Failure)
[460.168s][info][gc,heap        ] GC(1271) PSYoungGen: 268352K(281088K)->83K(258560K) Eden: 268288K(268288K)->0K(258048K) From: 64K(12800K)->83K(512K)
[460.168s][info][gc,heap        ] GC(1271) ParOldGen: 136407K(175104K)->136415K(175104K)
[460.168s][info][gc,metaspace   ] GC(1271) Metaspace: 35529K(36288K)->35529K(36288K) NonClass: 26313K(26880K)->26313K(26880K) Class: 9215K(9408K)->9215K(9408K)
[460.168s][info][gc             ] GC(1271) Pause Young (Allocation Failure) 395M->133M(423M) 1.468ms
[460.168s][info][gc,cpu         ] GC(1271) User=0.00s Sys=0.01s Real=0.01s
[460.971s][info][gc,start       ] GC(1272) Pause Young (Allocation Failure)
[460.972s][info][gc,heap        ] GC(1272) PSYoungGen: 258131K(258560K)->64K(259584K) Eden: 258048K(258048K)->0K(248320K) From: 83K(512K)->64K(11264K)
[460.972s][info][gc,heap        ] GC(1272) ParOldGen: 136415K(175104K)->136423K(175104K)
[460.972s][info][gc,metaspace   ] GC(1272) Metaspace: 35529K(36288K)->35529K(36288K) NonClass: 26313K(26880K)->26313K(26880K) Class: 9215K(9408K)->9215K(9408K)
[460.972s][info][gc             ] GC(1272) Pause Young (Allocation Failure) 385M->133M(424M) 0.787ms
[460.972s][info][gc,cpu         ] GC(1272) User=0.00s Sys=0.00s Real=0.00s
[461.202s][info][gc,start       ] GC(1273) Pause Young (Allocation Failure)
[461.204s][info][gc,heap        ] GC(1273) PSYoungGen: 248384K(259584K)->64K(239616K) Eden: 248320K(248320K)->0K(239104K) From: 64K(11264K)->64K(512K)
[461.204s][info][gc,heap        ] GC(1273) ParOldGen: 136423K(175104K)->136431K(175104K)
[461.204s][info][gc,metaspace   ] GC(1273) Metaspace: 35529K(36288K)->35529K(36288K) NonClass: 26313K(26880K)->26313K(26880K) Class: 9215K(9408K)->9215K(9408K)
[461.204s][info][gc             ] GC(1273) Pause Young (Allocation Failure) 375M->133M(405M) 1.968ms
[461.204s][info][gc,cpu         ] GC(1273) User=0.00s Sys=0.00s Real=0.00s
[461.637s][info][gc,start       ] GC(1274) Pause Young (Allocation Failure)
[461.638s][info][gc,heap        ] GC(1274) PSYoungGen: 239168K(239616K)->64K(239616K) Eden: 239104K(239104K)->0K(229888K) From: 64K(512K)->64K(9728K)
[461.638s][info][gc,heap        ] GC(1274) ParOldGen: 136431K(175104K)->136439K(175104K)
[461.638s][info][gc,metaspace   ] GC(1274) Metaspace: 35529K(36288K)->35529K(36288K) NonClass: 26313K(26880K)->26313K(26880K) Class: 9215K(9408K)->9215K(9408K)
[461.638s][info][gc             ] GC(1274) Pause Young (Allocation Failure) 366M->133M(405M) 1.300ms
[461.638s][info][gc,cpu         ] GC(1274) User=0.01s Sys=0.00s Real=0.00s
[462.522s][info][gc,start       ] GC(1275) Pause Young (Allocation Failure)
[462.524s][info][gc,heap        ] GC(1275) PSYoungGen: 229952K(239616K)->64K(221696K) Eden: 229888K(229888K)->0K(221184K) From: 64K(9728K)->64K(512K)
[462.524s][info][gc,heap        ] GC(1275) ParOldGen: 136439K(175104K)->136447K(175104K)
[462.524s][info][gc,metaspace   ] GC(1275) Metaspace: 35529K(36288K)->35529K(36288K) NonClass: 26313K(26880K)->26313K(26880K) Class: 9215K(9408K)->9215K(9408K)
[462.524s][info][gc             ] GC(1275) Pause Young (Allocation Failure) 357M->133M(387M) 2.110ms
[462.524s][info][gc,cpu         ] GC(1275) User=0.00s Sys=0.00s Real=0.00s
[462.846s][info][gc,start       ] GC(1276) Pause Young (Allocation Failure)
[462.847s][info][gc,heap        ] GC(1276) PSYoungGen: 221248K(221696K)->64K(221696K) Eden: 221184K(221184K)->0K(212992K) From: 64K(512K)->64K(8704K)
[462.847s][info][gc,heap        ] GC(1276) ParOldGen: 136447K(175104K)->136455K(175104K)
[462.847s][info][gc,metaspace   ] GC(1276) Metaspace: 35529K(36288K)->35529K(36288K) NonClass: 26313K(26880K)->26313K(26880K) Class: 9215K(9408K)->9215K(9408K)
[462.847s][info][gc             ] GC(1276) Pause Young (Allocation Failure) 349M->133M(387M) 1.408ms
[462.847s][info][gc,cpu         ] GC(1276) User=0.00s Sys=0.00s Real=0.01s
[462.988s][info][gc,start       ] GC(1277) Pause Young (Allocation Failure)
[462.990s][info][gc,heap        ] GC(1277) PSYoungGen: 213056K(221696K)->64K(205824K) Eden: 212992K(212992K)->0K(205312K) From: 64K(8704K)->64K(512K)
[462.990s][info][gc,heap        ] GC(1277) ParOldGen: 136455K(175104K)->136471K(175104K)
[462.990s][info][gc,metaspace   ] GC(1277) Metaspace: 35529K(36288K)->35529K(36288K) NonClass: 26313K(26880K)->26313K(26880K) Class: 9215K(9408K)->9215K(9408K)
[462.990s][info][gc             ] GC(1277) Pause Young (Allocation Failure) 341M->133M(372M) 1.695ms
[462.990s][info][gc,cpu         ] GC(1277) User=0.00s Sys=0.00s Real=0.00s
[463.062s][info][gc,start       ] GC(1278) Pause Young (Allocation Failure)
[463.063s][info][gc,heap        ] GC(1278) PSYoungGen: 205376K(205824K)->64K(205824K) Eden: 205312K(205312K)->0K(198144K) From: 64K(512K)->64K(7680K)
[463.063s][info][gc,heap        ] GC(1278) ParOldGen: 136471K(175104K)->136487K(175104K)
[463.063s][info][gc,metaspace   ] GC(1278) Metaspace: 35529K(36288K)->35529K(36288K) NonClass: 26313K(26880K)->26313K(26880K) Class: 9215K(9408K)->9215K(9408K)
[463.063s][info][gc             ] GC(1278) Pause Young (Allocation Failure) 333M->133M(372M) 0.976ms
[463.063s][info][gc,cpu         ] GC(1278) User=0.00s Sys=0.00s Real=0.00s
[463.514s][info][gc,start       ] GC(1279) Pause Young (Allocation Failure)
[463.515s][info][gc,heap        ] GC(1279) PSYoungGen: 198208K(205824K)->64K(191488K) Eden: 198144K(198144K)->0K(190976K) From: 64K(7680K)->64K(512K)
[463.515s][info][gc,heap        ] GC(1279) ParOldGen: 136487K(175104K)->136503K(175104K)
[463.515s][info][gc,metaspace   ] GC(1279) Metaspace: 35529K(36288K)->35529K(36288K) NonClass: 26313K(26880K)->26313K(26880K) Class: 9215K(9408K)->9215K(9408K)
[463.515s][info][gc             ] GC(1279) Pause Young (Allocation Failure) 326M->133M(358M) 1.685ms
[463.515s][info][gc,cpu         ] GC(1279) User=0.00s Sys=0.00s Real=0.00s
[463.688s][info][gc,start       ] GC(1280) Pause Young (Allocation Failure)
[463.689s][info][gc,heap        ] GC(1280) PSYoungGen: 191040K(191488K)->64K(190976K) Eden: 190976K(190976K)->0K(184320K) From: 64K(512K)->64K(6656K)
[463.689s][info][gc,heap        ] GC(1280) ParOldGen: 136503K(175104K)->136519K(175104K)
[463.689s][info][gc,metaspace   ] GC(1280) Metaspace: 35529K(36288K)->35529K(36288K) NonClass: 26313K(26880K)->26313K(26880K) Class: 9215K(9408K)->9215K(9408K)
[463.689s][info][gc             ] GC(1280) Pause Young (Allocation Failure) 319M->133M(357M) 1.079ms
[463.689s][info][gc,cpu         ] GC(1280) User=0.00s Sys=0.00s Real=0.00s
[464.001s][info][gc,start       ] GC(1281) Pause Young (Allocation Failure)
[464.006s][info][gc,heap        ] GC(1281) PSYoungGen: 184384K(190976K)->1536K(179200K) Eden: 184320K(184320K)->0K(177664K) From: 64K(6656K)->1536K(1536K)
[464.006s][info][gc,heap        ] GC(1281) ParOldGen: 136519K(175104K)->136535K(175104K)
[464.006s][info][gc,metaspace   ] GC(1281) Metaspace: 35529K(36288K)->35529K(36288K) NonClass: 26313K(26880K)->26313K(26880K) Class: 9215K(9408K)->9215K(9408K)
[464.006s][info][gc             ] GC(1281) Pause Young (Allocation Failure) 313M->134M(346M) 4.649ms
[464.006s][info][gc,cpu         ] GC(1281) User=0.01s Sys=0.00s Real=0.00s
[464.213s][info][gc,start       ] GC(1282) Pause Young (Allocation Failure)
[464.246s][info][gc,heap        ] GC(1282) PSYoungGen: 179200K(179200K)->5632K(218112K) Eden: 177664K(177664K)->0K(212480K) From: 1536K(1536K)->5632K(5632K)
[464.246s][info][gc,heap        ] GC(1282) ParOldGen: 136535K(175104K)->150903K(175104K)
[464.246s][info][gc,metaspace   ] GC(1282) Metaspace: 35529K(36288K)->35529K(36288K) NonClass: 26313K(26880K)->26313K(26880K) Class: 9215K(9408K)->9215K(9408K)
[464.246s][info][gc             ] GC(1282) Pause Young (Allocation Failure) 308M->152M(384M) 33.100ms
[464.246s][info][gc,cpu         ] GC(1282) User=0.06s Sys=0.00s Real=0.03s
[464.492s][info][gc,start       ] GC(1283) Pause Young (Allocation Failure)
[464.531s][info][gc,heap        ] GC(1283) PSYoungGen: 218112K(218112K)->4608K(235008K) Eden: 212480K(212480K)->0K(230400K) From: 5632K(5632K)->4608K(4608K)
[464.531s][info][gc,heap        ] GC(1283) ParOldGen: 150903K(175104K)->170599K(175104K)
[464.531s][info][gc,metaspace   ] GC(1283) Metaspace: 35529K(36288K)->35529K(36288K) NonClass: 26313K(26880K)->26313K(26880K) Class: 9215K(9408K)->9215K(9408K)
[464.531s][info][gc             ] GC(1283) Pause Young (Allocation Failure) 360M->171M(400M) 38.565ms
[464.531s][info][gc,cpu         ] GC(1283) User=0.07s Sys=0.00s Real=0.04s
[464.725s][info][gc,start       ] GC(1284) Pause Young (Allocation Failure)
[464.754s][info][gc,heap        ] GC(1284) PSYoungGen: 235008K(235008K)->17280K(249856K) Eden: 230400K(230400K)->0K(230400K) From: 4608K(4608K)->17280K(19456K)
[464.754s][info][gc,heap        ] GC(1284) ParOldGen: 170599K(175104K)->171127K(175104K)
[464.754s][info][gc,metaspace   ] GC(1284) Metaspace: 35532K(36288K)->35532K(36288K) NonClass: 26316K(26880K)->26316K(26880K) Class: 9215K(9408K)->9215K(9408K)
[464.754s][info][gc             ] GC(1284) Pause Young (Allocation Failure) 396M->183M(415M) 29.137ms
[464.754s][info][gc,cpu         ] GC(1284) User=0.06s Sys=0.00s Real=0.03s
[464.830s][info][gc,start       ] GC(1285) Pause Young (Allocation Failure)
[464.831s][info][gc,heap        ] GC(1285) PSYoungGen: 247680K(249856K)->64K(297472K) Eden: 230400K(230400K)->0K(275968K) From: 17280K(19456K)->64K(21504K)
[464.831s][info][gc,heap        ] GC(1285) ParOldGen: 171127K(175104K)->171135K(175104K)
[464.831s][info][gc,metaspace   ] GC(1285) Metaspace: 35532K(36288K)->35532K(36288K) NonClass: 26316K(26880K)->26316K(26880K) Class: 9215K(9408K)->9215K(9408K)
[464.831s][info][gc             ] GC(1285) Pause Young (Allocation Failure) 408M->167M(461M) 0.880ms
[464.831s][info][gc,cpu         ] GC(1285) User=0.01s Sys=0.00s Real=0.00s
[465.472s][info][gc,start       ] GC(1286) Pause Young (Allocation Failure)
[465.473s][info][gc,heap        ] GC(1286) PSYoungGen: 276032K(297472K)->64K(297984K) Eden: 275968K(275968K)->0K(275968K) From: 64K(21504K)->64K(22016K)
[465.473s][info][gc,heap        ] GC(1286) ParOldGen: 171135K(175104K)->171143K(175104K)
[465.473s][info][gc,metaspace   ] GC(1286) Metaspace: 35532K(36288K)->35532K(36288K) NonClass: 26316K(26880K)->26316K(26880K) Class: 9215K(9408K)->9215K(9408K)
[465.473s][info][gc             ] GC(1286) Pause Young (Allocation Failure) 436M->167M(462M) 0.902ms
[465.473s][info][gc,cpu         ] GC(1286) User=0.00s Sys=0.00s Real=0.00s
[465.809s][info][gc,start       ] GC(1287) Pause Young (Allocation Failure)
[465.810s][info][gc,heap        ] GC(1287) PSYoungGen: 276032K(297984K)->64K(309760K) Eden: 275968K(275968K)->0K(290304K) From: 64K(22016K)->64K(19456K)
[465.810s][info][gc,heap        ] GC(1287) ParOldGen: 171143K(175104K)->171151K(175104K)
[465.810s][info][gc,metaspace   ] GC(1287) Metaspace: 35532K(36288K)->35532K(36288K) NonClass: 26316K(26880K)->26316K(26880K) Class: 9215K(9408K)->9215K(9408K)
[465.810s][info][gc             ] GC(1287) Pause Young (Allocation Failure) 436M->167M(473M) 0.864ms
[465.810s][info][gc,cpu         ] GC(1287) User=0.00s Sys=0.00s Real=0.00s
[466.269s][info][gc,start       ] GC(1288) Pause Young (Allocation Failure)
[466.270s][info][gc,heap        ] GC(1288) PSYoungGen: 290368K(309760K)->64K(310784K) Eden: 290304K(290304K)->0K(290304K) From: 64K(19456K)->64K(20480K)
[466.270s][info][gc,heap        ] GC(1288) ParOldGen: 171151K(175104K)->171167K(175104K)
[466.270s][info][gc,metaspace   ] GC(1288) Metaspace: 35532K(36288K)->35532K(36288K) NonClass: 26316K(26880K)->26316K(26880K) Class: 9215K(9408K)->9215K(9408K)
[466.270s][info][gc             ] GC(1288) Pause Young (Allocation Failure) 450M->167M(474M) 0.942ms
[466.270s][info][gc,cpu         ] GC(1288) User=0.00s Sys=0.01s Real=0.00s
[466.506s][info][gc,start       ] GC(1289) Pause Young (Allocation Failure)
[466.506s][info][gc,heap        ] GC(1289) PSYoungGen: 290368K(310784K)->64K(310784K) Eden: 290304K(290304K)->0K(293376K) From: 64K(20480K)->64K(17408K)
[466.506s][info][gc,heap        ] GC(1289) ParOldGen: 171167K(175104K)->171183K(175104K)
[466.506s][info][gc,metaspace   ] GC(1289) Metaspace: 35532K(36288K)->35532K(36288K) NonClass: 26316K(26880K)->26316K(26880K) Class: 9215K(9408K)->9215K(9408K)
[466.506s][info][gc             ] GC(1289) Pause Young (Allocation Failure) 450M->167M(474M) 0.808ms
[466.506s][info][gc,cpu         ] GC(1289) User=0.00s Sys=0.00s Real=0.00s
[466.876s][info][gc,start       ] GC(1290) Pause Young (Allocation Failure)
[466.877s][info][gc,heap        ] GC(1290) PSYoungGen: 293440K(310784K)->64K(312320K) Eden: 293376K(293376K)->0K(293376K) From: 64K(17408K)->64K(18944K)
[466.877s][info][gc,heap        ] GC(1290) ParOldGen: 171183K(175104K)->171183K(175104K)
[466.877s][info][gc,metaspace   ] GC(1290) Metaspace: 35532K(36288K)->35532K(36288K) NonClass: 26316K(26880K)->26316K(26880K) Class: 9215K(9408K)->9215K(9408K)
[466.877s][info][gc             ] GC(1290) Pause Young (Allocation Failure) 453M->167M(476M) 0.906ms
[466.877s][info][gc,cpu         ] GC(1290) User=0.00s Sys=0.00s Real=0.00s
[466.950s][info][gc,start       ] GC(1291) Pause Young (Allocation Failure)
[466.950s][info][gc,heap        ] GC(1291) PSYoungGen: 293440K(312320K)->64K(312320K) Eden: 293376K(293376K)->0K(296960K) From: 64K(18944K)->64K(15360K)
[466.950s][info][gc,heap        ] GC(1291) ParOldGen: 171183K(175104K)->171191K(175104K)
[466.950s][info][gc,metaspace   ] GC(1291) Metaspace: 35532K(36288K)->35532K(36288K) NonClass: 26316K(26880K)->26316K(26880K) Class: 9215K(9408K)->9215K(9408K)
[466.950s][info][gc             ] GC(1291) Pause Young (Allocation Failure) 453M->167M(476M) 0.751ms
[466.950s][info][gc,cpu         ] GC(1291) User=0.01s Sys=0.00s Real=0.00s
[467.005s][info][gc,start       ] GC(1292) Pause Young (Allocation Failure)
[467.005s][info][gc,heap        ] GC(1292) PSYoungGen: 297024K(312320K)->64K(313856K) Eden: 296960K(296960K)->0K(296960K) From: 64K(15360K)->64K(16896K)
[467.005s][info][gc,heap        ] GC(1292) ParOldGen: 171191K(175104K)->171207K(175104K)
[467.005s][info][gc,metaspace   ] GC(1292) Metaspace: 35532K(36288K)->35532K(36288K) NonClass: 26316K(26880K)->26316K(26880K) Class: 9215K(9408K)->9215K(9408K)
[467.005s][info][gc             ] GC(1292) Pause Young (Allocation Failure) 457M->167M(477M) 0.757ms
[467.005s][info][gc,cpu         ] GC(1292) User=0.00s Sys=0.00s Real=0.00s
[467.191s][info][gc,start       ] GC(1293) Pause Young (Allocation Failure)
[467.192s][info][gc,heap        ] GC(1293) PSYoungGen: 297024K(313856K)->64K(314368K) Eden: 296960K(296960K)->0K(300544K) From: 64K(16896K)->64K(13824K)
[467.192s][info][gc,heap        ] GC(1293) ParOldGen: 171207K(175104K)->171207K(175104K)
[467.192s][info][gc,metaspace   ] GC(1293) Metaspace: 35532K(36288K)->35532K(36288K) NonClass: 26316K(26880K)->26316K(26880K) Class: 9215K(9408K)->9215K(9408K)
[467.192s][info][gc             ] GC(1293) Pause Young (Allocation Failure) 457M->167M(478M) 0.773ms
[467.192s][info][gc,cpu         ] GC(1293) User=0.00s Sys=0.00s Real=0.00s
[467.426s][info][gc,start       ] GC(1294) Pause Young (Allocation Failure)
[467.427s][info][gc,heap        ] GC(1294) PSYoungGen: 300608K(314368K)->64K(315904K) Eden: 300544K(300544K)->0K(300544K) From: 64K(13824K)->64K(15360K)
[467.427s][info][gc,heap        ] GC(1294) ParOldGen: 171207K(175104K)->171215K(175104K)
[467.427s][info][gc,metaspace   ] GC(1294) Metaspace: 35532K(36288K)->35532K(36288K) NonClass: 26316K(26880K)->26316K(26880K) Class: 9215K(9408K)->9215K(9408K)
[467.427s][info][gc             ] GC(1294) Pause Young (Allocation Failure) 460M->167M(479M) 0.869ms
[467.427s][info][gc,cpu         ] GC(1294) User=0.00s Sys=0.00s Real=0.00s
[467.543s][info][gc,start       ] GC(1295) Pause Young (Allocation Failure)
[467.544s][info][gc,heap        ] GC(1295) PSYoungGen: 300608K(315904K)->64K(289280K) Eden: 300544K(300544K)->0K(288768K) From: 64K(15360K)->64K(512K)
[467.544s][info][gc,heap        ] GC(1295) ParOldGen: 171215K(175104K)->171223K(175104K)
[467.544s][info][gc,metaspace   ] GC(1295) Metaspace: 35532K(36288K)->35532K(36288K) NonClass: 26316K(26880K)->26316K(26880K) Class: 9215K(9408K)->9215K(9408K)
[467.544s][info][gc             ] GC(1295) Pause Young (Allocation Failure) 460M->167M(453M) 0.853ms
[467.544s][info][gc,cpu         ] GC(1295) User=0.00s Sys=0.00s Real=0.00s
[467.645s][info][gc,start       ] GC(1296) Pause Young (Allocation Failure)
[467.646s][info][gc,heap        ] GC(1296) PSYoungGen: 288832K(289280K)->64K(290816K) Eden: 288768K(288768K)->0K(277504K) From: 64K(512K)->64K(13312K)
[467.646s][info][gc,heap        ] GC(1296) ParOldGen: 171223K(175104K)->171231K(175104K)
[467.646s][info][gc,metaspace   ] GC(1296) Metaspace: 35532K(36288K)->35532K(36288K) NonClass: 26316K(26880K)->26316K(26880K) Class: 9215K(9408K)->9215K(9408K)
[467.646s][info][gc             ] GC(1296) Pause Young (Allocation Failure) 449M->167M(455M) 0.705ms
[467.646s][info][gc,cpu         ] GC(1296) User=0.00s Sys=0.00s Real=0.00s
[467.855s][info][gc,start       ] GC(1297) Pause Young (Allocation Failure)
[467.855s][info][gc,heap        ] GC(1297) PSYoungGen: 277568K(290816K)->64K(267264K) Eden: 277504K(277504K)->0K(266752K) From: 64K(13312K)->64K(512K)
[467.855s][info][gc,heap        ] GC(1297) ParOldGen: 171231K(175104K)->171239K(175104K)
[467.855s][info][gc,metaspace   ] GC(1297) Metaspace: 35532K(36288K)->35532K(36288K) NonClass: 26316K(26880K)->26316K(26880K) Class: 9215K(9408K)->9215K(9408K)
[467.856s][info][gc             ] GC(1297) Pause Young (Allocation Failure) 438M->167M(432M) 0.784ms
[467.856s][info][gc,cpu         ] GC(1297) User=0.00s Sys=0.00s Real=0.00s
[468.657s][info][gc,start       ] GC(1298) Pause Young (Allocation Failure)
[468.657s][info][gc,heap        ] GC(1298) PSYoungGen: 266816K(267264K)->64K(268288K) Eden: 266752K(266752K)->0K(256512K) From: 64K(512K)->64K(11776K)
[468.657s][info][gc,heap        ] GC(1298) ParOldGen: 171239K(175104K)->171247K(175104K)
[468.657s][info][gc,metaspace   ] GC(1298) Metaspace: 35532K(36288K)->35532K(36288K) NonClass: 26316K(26880K)->26316K(26880K) Class: 9215K(9408K)->9215K(9408K)
[468.657s][info][gc             ] GC(1298) Pause Young (Allocation Failure) 427M->167M(433M) 0.720ms
[468.657s][info][gc,cpu         ] GC(1298) User=0.00s Sys=0.00s Real=0.01s
[469.484s][info][gc,start       ] GC(1299) Pause Young (Allocation Failure)
[469.485s][info][gc,heap        ] GC(1299) PSYoungGen: 256576K(268288K)->64K(247296K) Eden: 256512K(256512K)->0K(246784K) From: 64K(11776K)->64K(512K)
[469.485s][info][gc,heap        ] GC(1299) ParOldGen: 171247K(175104K)->171255K(175104K)
[469.485s][info][gc,metaspace   ] GC(1299) Metaspace: 35532K(36288K)->35532K(36288K) NonClass: 26316K(26880K)->26316K(26880K) Class: 9215K(9408K)->9215K(9408K)
[469.485s][info][gc             ] GC(1299) Pause Young (Allocation Failure) 417M->167M(412M) 1.164ms
[469.485s][info][gc,cpu         ] GC(1299) User=0.01s Sys=0.01s Real=0.00s
[469.825s][info][gc,start       ] GC(1300) Pause Young (Allocation Failure)
[469.826s][info][gc,heap        ] GC(1300) PSYoungGen: 246848K(247296K)->64K(247808K) Eden: 246784K(246784K)->0K(237568K) From: 64K(512K)->64K(10240K)
[469.826s][info][gc,heap        ] GC(1300) ParOldGen: 171255K(175104K)->171263K(175104K)
[469.826s][info][gc,metaspace   ] GC(1300) Metaspace: 35532K(36288K)->35532K(36288K) NonClass: 26316K(26880K)->26316K(26880K) Class: 9215K(9408K)->9215K(9408K)
[469.826s][info][gc             ] GC(1300) Pause Young (Allocation Failure) 408M->167M(413M) 0.760ms
[469.826s][info][gc,cpu         ] GC(1300) User=0.00s Sys=0.00s Real=0.00s
[470.315s][info][gc,start       ] GC(1301) Pause Young (Allocation Failure)
[470.316s][info][gc,heap        ] GC(1301) PSYoungGen: 237632K(247808K)->64K(229376K) Eden: 237568K(237568K)->0K(228864K) From: 64K(10240K)->64K(512K)
[470.316s][info][gc,heap        ] GC(1301) ParOldGen: 171263K(175104K)->171271K(175104K)
[470.316s][info][gc,metaspace   ] GC(1301) Metaspace: 35532K(36288K)->35532K(36288K) NonClass: 26316K(26880K)->26316K(26880K) Class: 9215K(9408K)->9215K(9408K)
[470.316s][info][gc             ] GC(1301) Pause Young (Allocation Failure) 399M->167M(395M) 1.572ms
[470.316s][info][gc,cpu         ] GC(1301) User=0.00s Sys=0.00s Real=0.00s
[471.066s][info][gc,start       ] GC(1302) Pause Young (Allocation Failure)
[471.067s][info][gc,heap        ] GC(1302) PSYoungGen: 228928K(229376K)->64K(229376K) Eden: 228864K(228864K)->0K(220160K) From: 64K(512K)->64K(9216K)
[471.067s][info][gc,heap        ] GC(1302) ParOldGen: 171271K(175104K)->171279K(175104K)
[471.067s][info][gc,metaspace   ] GC(1302) Metaspace: 35532K(36288K)->35532K(36288K) NonClass: 26316K(26880K)->26316K(26880K) Class: 9215K(9408K)->9215K(9408K)
[471.067s][info][gc             ] GC(1302) Pause Young (Allocation Failure) 390M->167M(395M) 1.328ms
[471.067s][info][gc,cpu         ] GC(1302) User=0.00s Sys=0.00s Real=0.01s
[471.373s][info][gc,start       ] GC(1303) Pause Young (Allocation Failure)
[471.374s][info][gc,heap        ] GC(1303) PSYoungGen: 220224K(229376K)->64K(212480K) Eden: 220160K(220160K)->0K(211968K) From: 64K(9216K)->64K(512K)
[471.374s][info][gc,heap        ] GC(1303) ParOldGen: 171279K(175104K)->171287K(175104K)
[471.374s][info][gc,metaspace   ] GC(1303) Metaspace: 35532K(36288K)->35532K(36288K) NonClass: 26316K(26880K)->26316K(26880K) Class: 9215K(9408K)->9215K(9408K)
[471.374s][info][gc             ] GC(1303) Pause Young (Allocation Failure) 382M->167M(378M) 1.555ms
[471.374s][info][gc,cpu         ] GC(1303) User=0.00s Sys=0.00s Real=0.00s
[471.488s][info][gc,start       ] GC(1304) Pause Young (Allocation Failure)
[471.489s][info][gc,heap        ] GC(1304) PSYoungGen: 212032K(212480K)->64K(212480K) Eden: 211968K(211968K)->0K(204288K) From: 64K(512K)->64K(8192K)
[471.489s][info][gc,heap        ] GC(1304) ParOldGen: 171287K(175104K)->171295K(175104K)
[471.489s][info][gc,metaspace   ] GC(1304) Metaspace: 35532K(36288K)->35532K(36288K) NonClass: 26316K(26880K)->26316K(26880K) Class: 9215K(9408K)->9215K(9408K)
[471.489s][info][gc             ] GC(1304) Pause Young (Allocation Failure) 374M->167M(378M) 1.192ms
[471.489s][info][gc,cpu         ] GC(1304) User=0.00s Sys=0.00s Real=0.00s
[471.645s][info][gc,start       ] GC(1305) Pause Young (Allocation Failure)
[471.647s][info][gc,heap        ] GC(1305) PSYoungGen: 204352K(212480K)->64K(197632K) Eden: 204288K(204288K)->0K(197120K) From: 64K(8192K)->64K(512K)
[471.647s][info][gc,heap        ] GC(1305) ParOldGen: 171295K(175104K)->171311K(175104K)
[471.647s][info][gc,metaspace   ] GC(1305) Metaspace: 35532K(36288K)->35532K(36288K) NonClass: 26316K(26880K)->26316K(26880K) Class: 9215K(9408K)->9215K(9408K)
[471.647s][info][gc             ] GC(1305) Pause Young (Allocation Failure) 366M->167M(364M) 1.779ms
[471.647s][info][gc,cpu         ] GC(1305) User=0.01s Sys=0.00s Real=0.00s
[472.119s][info][gc,start       ] GC(1306) Pause Young (Allocation Failure)
[472.120s][info][gc,heap        ] GC(1306) PSYoungGen: 197184K(197632K)->32K(196608K) Eden: 197120K(197120K)->0K(189952K) From: 64K(512K)->32K(6656K)
[472.120s][info][gc,heap        ] GC(1306) ParOldGen: 171311K(175104K)->171319K(175104K)
[472.120s][info][gc,metaspace   ] GC(1306) Metaspace: 35532K(36288K)->35532K(36288K) NonClass: 26316K(26880K)->26316K(26880K) Class: 9215K(9408K)->9215K(9408K)
[472.120s][info][gc             ] GC(1306) Pause Young (Allocation Failure) 359M->167M(363M) 1.192ms
[472.120s][info][gc,cpu         ] GC(1306) User=0.00s Sys=0.00s Real=0.00s
[472.262s][info][gc,start       ] GC(1307) Pause Young (Allocation Failure)
[472.263s][info][gc,heap        ] GC(1307) PSYoungGen: 189984K(196608K)->64K(183808K) Eden: 189952K(189952K)->0K(183296K) From: 32K(6656K)->64K(512K)
[472.263s][info][gc,heap        ] GC(1307) ParOldGen: 171319K(175104K)->171335K(175104K)
[472.263s][info][gc,metaspace   ] GC(1307) Metaspace: 35532K(36288K)->35532K(36288K) NonClass: 26316K(26880K)->26316K(26880K) Class: 9215K(9408K)->9215K(9408K)
[472.263s][info][gc             ] GC(1307) Pause Young (Allocation Failure) 352M->167M(350M) 1.962ms
[472.263s][info][gc,cpu         ] GC(1307) User=0.00s Sys=0.00s Real=0.00s
[472.551s][info][gc,start       ] GC(1308) Pause Young (Allocation Failure)
[472.565s][info][gc,heap        ] GC(1308) PSYoungGen: 183360K(183808K)->6144K(223744K) Eden: 183296K(183296K)->0K(217600K) From: 64K(512K)->6144K(6144K)
[472.565s][info][gc,heap        ] GC(1308) ParOldGen: 171335K(175104K)->172847K(175104K)
[472.565s][info][gc,metaspace   ] GC(1308) Metaspace: 35532K(36288K)->35532K(36288K) NonClass: 26316K(26880K)->26316K(26880K) Class: 9215K(9408K)->9215K(9408K)
[472.565s][info][gc             ] GC(1308) Pause Young (Allocation Failure) 346M->174M(389M) 13.555ms
[472.565s][info][gc,cpu         ] GC(1308) User=0.02s Sys=0.00s Real=0.01s
[472.814s][info][gc,start       ] GC(1309) Pause Young (Allocation Failure)
[472.863s][info][gc,heap        ] GC(1309) PSYoungGen: 223744K(223744K)->6144K(250368K) Eden: 217600K(217600K)->0K(244224K) From: 6144K(6144K)->6144K(6144K)
[472.863s][info][gc,heap        ] GC(1309) ParOldGen: 172847K(175104K)->191231K(191488K)
[472.863s][info][gc,metaspace   ] GC(1309) Metaspace: 35532K(36288K)->35532K(36288K) NonClass: 26316K(26880K)->26316K(26880K) Class: 9215K(9408K)->9215K(9408K)
[472.863s][info][gc             ] GC(1309) Pause Young (Allocation Failure) 387M->192M(431M) 48.687ms
[472.863s][info][gc,cpu         ] GC(1309) User=0.08s Sys=0.01s Real=0.05s
[473.154s][info][gc,start       ] GC(1310) Pause Young (Allocation Failure)
[473.204s][info][gc,heap        ] GC(1310) PSYoungGen: 250368K(250368K)->15872K(260096K) Eden: 244224K(244224K)->0K(244224K) From: 6144K(6144K)->15872K(15872K)
[473.204s][info][gc,heap        ] GC(1310) ParOldGen: 191231K(191488K)->203327K(203776K)
[473.204s][info][gc,metaspace   ] GC(1310) Metaspace: 35532K(36288K)->35532K(36288K) NonClass: 26316K(26880K)->26316K(26880K) Class: 9215K(9408K)->9215K(9408K)
[473.204s][info][gc             ] GC(1310) Pause Young (Allocation Failure) 431M->214M(453M) 50.407ms
[473.204s][info][gc,cpu         ] GC(1310) User=0.09s Sys=0.01s Real=0.05s
[473.287s][info][gc,start       ] GC(1311) Pause Young (Allocation Failure)
[473.300s][info][gc,heap        ] GC(1311) PSYoungGen: 260096K(260096K)->3040K(311296K) Eden: 244224K(244224K)->0K(287744K) From: 15872K(15872K)->3040K(23552K)
[473.300s][info][gc,heap        ] GC(1311) ParOldGen: 203327K(203776K)->203655K(203776K)
[473.300s][info][gc,metaspace   ] GC(1311) Metaspace: 35532K(36288K)->35532K(36288K) NonClass: 26316K(26880K)->26316K(26880K) Class: 9215K(9408K)->9215K(9408K)
[473.300s][info][gc             ] GC(1311) Pause Young (Allocation Failure) 452M->201M(503M) 12.487ms
[473.300s][info][gc,cpu         ] GC(1311) User=0.02s Sys=0.00s Real=0.01s
[473.798s][info][gc,start       ] GC(1312) Pause Young (Allocation Failure)
[473.799s][info][gc,heap        ] GC(1312) PSYoungGen: 290784K(311296K)->64K(288256K) Eden: 287744K(287744K)->0K(287744K) From: 3040K(23552K)->64K(512K)
[473.799s][info][gc,heap        ] GC(1312) ParOldGen: 203655K(203776K)->203663K(203776K)
[473.799s][info][gc,metaspace   ] GC(1312) Metaspace: 35532K(36288K)->35532K(36288K) NonClass: 26316K(26880K)->26316K(26880K) Class: 9215K(9408K)->9215K(9408K)
[473.799s][info][gc             ] GC(1312) Pause Young (Allocation Failure) 482M->198M(480M) 1.064ms
[473.799s][info][gc,cpu         ] GC(1312) User=0.00s Sys=0.00s Real=0.00s
[474.263s][info][gc,start       ] GC(1313) Pause Young (Allocation Failure)
[474.264s][info][gc,heap        ] GC(1313) PSYoungGen: 287808K(288256K)->64K(310784K) Eden: 287744K(287744K)->0K(288768K) From: 64K(512K)->64K(22016K)
[474.264s][info][gc,heap        ] GC(1313) ParOldGen: 203663K(203776K)->203671K(203776K)
[474.264s][info][gc,metaspace   ] GC(1313) Metaspace: 35532K(36288K)->35532K(36288K) NonClass: 26316K(26880K)->26316K(26880K) Class: 9215K(9408K)->9215K(9408K)
[474.264s][info][gc             ] GC(1313) Pause Young (Allocation Failure) 479M->198M(502M) 0.974ms
[474.264s][info][gc,cpu         ] GC(1313) User=0.01s Sys=0.00s Real=0.00s
[474.710s][info][gc,start       ] GC(1314) Pause Young (Allocation Failure)
[474.711s][info][gc,heap        ] GC(1314) PSYoungGen: 288832K(310784K)->64K(309760K) Eden: 288768K(288768K)->0K(288768K) From: 64K(22016K)->64K(20992K)
[474.711s][info][gc,heap        ] GC(1314) ParOldGen: 203671K(203776K)->203687K(203776K)
[474.711s][info][gc,metaspace   ] GC(1314) Metaspace: 35532K(36288K)->35532K(36288K) NonClass: 26316K(26880K)->26316K(26880K) Class: 9215K(9408K)->9215K(9408K)
[474.711s][info][gc             ] GC(1314) Pause Young (Allocation Failure) 480M->198M(501M) 0.990ms
[474.711s][info][gc,cpu         ] GC(1314) User=0.00s Sys=0.00s Real=0.00s
[474.948s][info][gc,start       ] GC(1315) Pause Young (Allocation Failure)
[474.949s][info][gc,heap        ] GC(1315) PSYoungGen: 288832K(309760K)->64K(311808K) Eden: 288768K(288768K)->0K(291840K) From: 64K(20992K)->64K(19968K)
[474.949s][info][gc,heap        ] GC(1315) ParOldGen: 203687K(203776K)->203703K(203776K)
[474.949s][info][gc,metaspace   ] GC(1315) Metaspace: 35532K(36288K)->35532K(36288K) NonClass: 26316K(26880K)->26316K(26880K) Class: 9215K(9408K)->9215K(9408K)
[474.949s][info][gc             ] GC(1315) Pause Young (Allocation Failure) 480M->198M(503M) 1.016ms
[474.949s][info][gc,cpu         ] GC(1315) User=0.00s Sys=0.00s Real=0.00s
[475.304s][info][gc,start       ] GC(1316) Pause Young (Allocation Failure)
[475.305s][info][gc,heap        ] GC(1316) PSYoungGen: 291904K(311808K)->64K(311296K) Eden: 291840K(291840K)->0K(291840K) From: 64K(19968K)->64K(19456K)
[475.305s][info][gc,heap        ] GC(1316) ParOldGen: 203703K(203776K)->203703K(203776K)
[475.305s][info][gc,metaspace   ] GC(1316) Metaspace: 35532K(36288K)->35532K(36288K) NonClass: 26316K(26880K)->26316K(26880K) Class: 9215K(9408K)->9215K(9408K)
[475.305s][info][gc             ] GC(1316) Pause Young (Allocation Failure) 483M->198M(503M) 0.831ms
[475.305s][info][gc,cpu         ] GC(1316) User=0.00s Sys=0.00s Real=0.00s
[475.436s][info][gc,start       ] GC(1317) Pause Young (Allocation Failure)
[475.437s][info][gc,heap        ] GC(1317) PSYoungGen: 291904K(311296K)->64K(313344K) Eden: 291840K(291840K)->0K(295424K) From: 64K(19456K)->64K(17920K)
[475.437s][info][gc,heap        ] GC(1317) ParOldGen: 203703K(203776K)->203711K(203776K)
[475.437s][info][gc,metaspace   ] GC(1317) Metaspace: 35532K(36288K)->35532K(36288K) NonClass: 26316K(26880K)->26316K(26880K) Class: 9215K(9408K)->9215K(9408K)
[475.437s][info][gc             ] GC(1317) Pause Young (Allocation Failure) 483M->198M(505M) 0.875ms
[475.437s][info][gc,cpu         ] GC(1317) User=0.00s Sys=0.00s Real=0.01s
[475.491s][info][gc,start       ] GC(1318) Pause Young (Allocation Failure)
[475.491s][info][gc,heap        ] GC(1318) PSYoungGen: 295488K(313344K)->64K(312832K) Eden: 295424K(295424K)->0K(295424K) From: 64K(17920K)->64K(17408K)
[475.491s][info][gc,heap        ] GC(1318) ParOldGen: 203711K(203776K)->203727K(203776K)
[475.491s][info][gc,metaspace   ] GC(1318) Metaspace: 35532K(36288K)->35532K(36288K) NonClass: 26316K(26880K)->26316K(26880K) Class: 9215K(9408K)->9215K(9408K)
[475.491s][info][gc             ] GC(1318) Pause Young (Allocation Failure) 487M->199M(504M) 0.831ms
[475.491s][info][gc,cpu         ] GC(1318) User=0.00s Sys=0.00s Real=0.00s
[475.629s][info][gc,start       ] GC(1319) Pause Young (Allocation Failure)
[475.630s][info][gc,heap        ] GC(1319) PSYoungGen: 295488K(312832K)->64K(315392K) Eden: 295424K(295424K)->0K(299520K) From: 64K(17408K)->64K(15872K)
[475.630s][info][gc,heap        ] GC(1319) ParOldGen: 203727K(203776K)->203727K(203776K)
[475.630s][info][gc,metaspace   ] GC(1319) Metaspace: 35532K(36288K)->35532K(36288K) NonClass: 26316K(26880K)->26316K(26880K) Class: 9215K(9408K)->9215K(9408K)
[475.630s][info][gc             ] GC(1319) Pause Young (Allocation Failure) 487M->199M(507M) 0.853ms
[475.630s][info][gc,cpu         ] GC(1319) User=0.00s Sys=0.00s Real=0.00s
[475.872s][info][gc,start       ] GC(1320) Pause Young (Allocation Failure)
[475.873s][info][gc,heap        ] GC(1320) PSYoungGen: 299584K(315392K)->64K(315392K) Eden: 299520K(299520K)->0K(299520K) From: 64K(15872K)->64K(15872K)
[475.873s][info][gc,heap        ] GC(1320) ParOldGen: 203727K(203776K)->203735K(203776K)
[475.873s][info][gc,metaspace   ] GC(1320) Metaspace: 35532K(36288K)->35532K(36288K) NonClass: 26316K(26880K)->26316K(26880K) Class: 9215K(9408K)->9215K(9408K)
[475.873s][info][gc             ] GC(1320) Pause Young (Allocation Failure) 491M->199M(507M) 0.853ms
[475.873s][info][gc,cpu         ] GC(1320) User=0.00s Sys=0.00s Real=0.00s
[476.023s][info][gc,start       ] GC(1321) Pause Young (Allocation Failure)
[476.023s][info][gc,heap        ] GC(1321) PSYoungGen: 299584K(315392K)->64K(316928K) Eden: 299520K(299520K)->0K(303104K) From: 64K(15872K)->64K(13824K)
[476.023s][info][gc,heap        ] GC(1321) ParOldGen: 203735K(203776K)->203743K(203776K)
[476.024s][info][gc,metaspace   ] GC(1321) Metaspace: 35532K(36288K)->35532K(36288K) NonClass: 26316K(26880K)->26316K(26880K) Class: 9215K(9408K)->9215K(9408K)
[476.024s][info][gc             ] GC(1321) Pause Young (Allocation Failure) 491M->199M(508M) 0.909ms
[476.024s][info][gc,cpu         ] GC(1321) User=0.00s Sys=0.00s Real=0.00s
[476.115s][info][gc,start       ] GC(1322) Pause Young (Allocation Failure)
[476.116s][info][gc,heap        ] GC(1322) PSYoungGen: 303168K(316928K)->64K(316928K) Eden: 303104K(303104K)->0K(303104K) From: 64K(13824K)->64K(13824K)
[476.116s][info][gc,heap        ] GC(1322) ParOldGen: 203743K(203776K)->203751K(203776K)
[476.116s][info][gc,metaspace   ] GC(1322) Metaspace: 35532K(36288K)->35532K(36288K) NonClass: 26316K(26880K)->26316K(26880K) Class: 9215K(9408K)->9215K(9408K)
[476.116s][info][gc             ] GC(1322) Pause Young (Allocation Failure) 495M->199M(508M) 0.878ms
[476.116s][info][gc,cpu         ] GC(1322) User=0.00s Sys=0.00s Real=0.00s
[476.283s][info][gc,start       ] GC(1323) Pause Young (Allocation Failure)
[476.284s][info][gc,heap        ] GC(1323) PSYoungGen: 303168K(316928K)->64K(291328K) Eden: 303104K(303104K)->0K(290816K) From: 64K(13824K)->64K(512K)
[476.284s][info][gc,heap        ] GC(1323) ParOldGen: 203751K(203776K)->203759K(203776K)
[476.284s][info][gc,metaspace   ] GC(1323) Metaspace: 35532K(36288K)->35532K(36288K) NonClass: 26316K(26880K)->26316K(26880K) Class: 9215K(9408K)->9215K(9408K)
[476.284s][info][gc             ] GC(1323) Pause Young (Allocation Failure) 495M->199M(483M) 0.882ms
[476.284s][info][gc,cpu         ] GC(1323) User=0.00s Sys=0.00s Real=0.00s
[477.160s][info][gc,start       ] GC(1324) Pause Young (Allocation Failure)
[477.161s][info][gc,heap        ] GC(1324) PSYoungGen: 290880K(291328K)->64K(291840K) Eden: 290816K(290816K)->0K(279552K) From: 64K(512K)->64K(12288K)
[477.161s][info][gc,heap        ] GC(1324) ParOldGen: 203759K(203776K)->203767K(203776K)
[477.161s][info][gc,metaspace   ] GC(1324) Metaspace: 35532K(36288K)->35532K(36288K) NonClass: 26316K(26880K)->26316K(26880K) Class: 9215K(9408K)->9215K(9408K)
[477.161s][info][gc             ] GC(1324) Pause Young (Allocation Failure) 483M->199M(484M) 0.841ms
[477.161s][info][gc,cpu         ] GC(1324) User=0.00s Sys=0.00s Real=0.00s
[477.997s][info][gc,start       ] GC(1325) Pause Young (Allocation Failure)
[477.998s][info][gc,heap        ] GC(1325) PSYoungGen: 279616K(291840K)->64K(269312K) Eden: 279552K(279552K)->0K(268800K) From: 64K(12288K)->64K(512K)
[477.998s][info][gc,heap        ] GC(1325) ParOldGen: 203767K(203776K)->203775K(203776K)
[477.998s][info][gc,metaspace   ] GC(1325) Metaspace: 35532K(36288K)->35532K(36288K) NonClass: 26316K(26880K)->26316K(26880K) Class: 9215K(9408K)->9215K(9408K)
[477.999s][info][gc             ] GC(1325) Pause Young (Allocation Failure) 472M->199M(462M) 1.135ms
[477.999s][info][gc,cpu         ] GC(1325) User=0.01s Sys=0.00s Real=0.00s
[478.389s][info][gc,start       ] GC(1326) Pause Young (Allocation Failure)
[478.390s][info][gc,heap        ] GC(1326) PSYoungGen: 268864K(269312K)->64K(269312K) Eden: 268800K(268800K)->0K(258560K) From: 64K(512K)->64K(10752K)
[478.390s][info][gc,heap        ] GC(1326) ParOldGen: 203775K(203776K)->203783K(204288K)
[478.390s][info][gc,metaspace   ] GC(1326) Metaspace: 35532K(36288K)->35532K(36288K) NonClass: 26316K(26880K)->26316K(26880K) Class: 9215K(9408K)->9215K(9408K)
[478.390s][info][gc             ] GC(1326) Pause Young (Allocation Failure) 461M->199M(462M) 0.851ms
[478.390s][info][gc,cpu         ] GC(1326) User=0.01s Sys=0.00s Real=0.00s
[479.402s][info][gc,start       ] GC(1327) Pause Young (Allocation Failure)
[479.404s][info][gc,heap        ] GC(1327) PSYoungGen: 258624K(269312K)->64K(249344K) Eden: 258560K(258560K)->0K(248832K) From: 64K(10752K)->64K(512K)
[479.404s][info][gc,heap        ] GC(1327) ParOldGen: 203783K(204288K)->203791K(204288K)
[479.404s][info][gc,metaspace   ] GC(1327) Metaspace: 35532K(36288K)->35532K(36288K) NonClass: 26316K(26880K)->26316K(26880K) Class: 9215K(9408K)->9215K(9408K)
[479.404s][info][gc             ] GC(1327) Pause Young (Allocation Failure) 451M->199M(443M) 1.807ms
[479.404s][info][gc,cpu         ] GC(1327) User=0.01s Sys=0.00s Real=0.00s
[479.776s][info][gc,start       ] GC(1328) Pause Young (Allocation Failure)
[479.777s][info][gc,heap        ] GC(1328) PSYoungGen: 248896K(249344K)->64K(249344K) Eden: 248832K(248832K)->0K(239616K) From: 64K(512K)->64K(9728K)
[479.777s][info][gc,heap        ] GC(1328) ParOldGen: 203791K(204288K)->203799K(204288K)
[479.777s][info][gc,metaspace   ] GC(1328) Metaspace: 35532K(36288K)->35532K(36288K) NonClass: 26316K(26880K)->26316K(26880K) Class: 9215K(9408K)->9215K(9408K)
[479.777s][info][gc             ] GC(1328) Pause Young (Allocation Failure) 442M->199M(443M) 1.330ms
[479.778s][info][gc,cpu         ] GC(1328) User=0.01s Sys=0.00s Real=0.01s
[479.965s][info][gc,start       ] GC(1329) Pause Young (Allocation Failure)
[479.967s][info][gc,heap        ] GC(1329) PSYoungGen: 239680K(249344K)->64K(230912K) Eden: 239616K(239616K)->0K(230400K) From: 64K(9728K)->64K(512K)
[479.967s][info][gc,heap        ] GC(1329) ParOldGen: 203799K(204288K)->203815K(204288K)
[479.967s][info][gc,metaspace   ] GC(1329) Metaspace: 35532K(36288K)->35532K(36288K) NonClass: 26316K(26880K)->26316K(26880K) Class: 9215K(9408K)->9215K(9408K)
[479.967s][info][gc             ] GC(1329) Pause Young (Allocation Failure) 433M->199M(425M) 1.929ms
[479.967s][info][gc,cpu         ] GC(1329) User=0.00s Sys=0.00s Real=0.01s
[480.032s][info][gc,start       ] GC(1330) Pause Young (Allocation Failure)
[480.033s][info][gc,heap        ] GC(1330) PSYoungGen: 230464K(230912K)->64K(229888K) Eden: 230400K(230400K)->0K(221696K) From: 64K(512K)->64K(8192K)
[480.033s][info][gc,heap        ] GC(1330) ParOldGen: 203815K(204288K)->203831K(204288K)
[480.033s][info][gc,metaspace   ] GC(1330) Metaspace: 35532K(36288K)->35532K(36288K) NonClass: 26316K(26880K)->26316K(26880K) Class: 9215K(9408K)->9215K(9408K)
[480.033s][info][gc             ] GC(1330) Pause Young (Allocation Failure) 424M->199M(424M) 1.212ms
[480.033s][info][gc,cpu         ] GC(1330) User=0.00s Sys=0.00s Real=0.00s
[480.480s][info][gc,start       ] GC(1331) Pause Young (Allocation Failure)
[480.482s][info][gc,heap        ] GC(1331) PSYoungGen: 221760K(229888K)->64K(214016K) Eden: 221696K(221696K)->0K(213504K) From: 64K(8192K)->64K(512K)
[480.482s][info][gc,heap        ] GC(1331) ParOldGen: 203831K(204288K)->203847K(204288K)
[480.482s][info][gc,metaspace   ] GC(1331) Metaspace: 35532K(36288K)->35532K(36288K) NonClass: 26316K(26880K)->26316K(26880K) Class: 9215K(9408K)->9215K(9408K)
[480.482s][info][gc             ] GC(1331) Pause Young (Allocation Failure) 415M->199M(408M) 1.974ms
[480.482s][info][gc,cpu         ] GC(1331) User=0.01s Sys=0.00s Real=0.00s
[480.701s][info][gc,start       ] GC(1332) Pause Young (Allocation Failure)
[480.703s][info][gc,heap        ] GC(1332) PSYoungGen: 213568K(214016K)->64K(212992K) Eden: 213504K(213504K)->0K(205824K) From: 64K(512K)->64K(7168K)
[480.703s][info][gc,heap        ] GC(1332) ParOldGen: 203847K(204288K)->203863K(204288K)
[480.703s][info][gc,metaspace   ] GC(1332) Metaspace: 35532K(36288K)->35532K(36288K) NonClass: 26316K(26880K)->26316K(26880K) Class: 9215K(9408K)->9215K(9408K)
[480.703s][info][gc             ] GC(1332) Pause Young (Allocation Failure) 407M->199M(407M) 1.406ms
[480.703s][info][gc,cpu         ] GC(1332) User=0.01s Sys=0.00s Real=0.00s
[481.032s][info][gc,start       ] GC(1333) Pause Young (Allocation Failure)
[481.045s][info][gc,heap        ] GC(1333) PSYoungGen: 205888K(212992K)->5024K(249344K) Eden: 205824K(205824K)->0K(244224K) From: 64K(7168K)->5024K(5120K)
[481.045s][info][gc,heap        ] GC(1333) ParOldGen: 203863K(204288K)->203871K(204288K)
[481.045s][info][gc,metaspace   ] GC(1333) Metaspace: 35532K(36288K)->35532K(36288K) NonClass: 26316K(26880K)->26316K(26880K) Class: 9215K(9408K)->9215K(9408K)
[481.045s][info][gc             ] GC(1333) Pause Young (Allocation Failure) 400M->203M(443M) 13.538ms
[481.045s][info][gc,cpu         ] GC(1333) User=0.02s Sys=0.00s Real=0.01s
[481.326s][info][gc,start       ] GC(1334) Pause Young (Allocation Failure)
[481.377s][info][gc,heap        ] GC(1334) PSYoungGen: 249248K(249344K)->7680K(274432K) Eden: 244224K(244224K)->0K(266752K) From: 5024K(5120K)->7680K(7680K)
[481.377s][info][gc,heap        ] GC(1334) ParOldGen: 203871K(204288K)->223679K(223744K)
[481.377s][info][gc,metaspace   ] GC(1334) Metaspace: 35532K(36288K)->35532K(36288K) NonClass: 26316K(26880K)->26316K(26880K) Class: 9215K(9408K)->9215K(9408K)
[481.377s][info][gc             ] GC(1334) Pause Young (Allocation Failure) 442M->225M(486M) 50.431ms
[481.377s][info][gc,cpu         ] GC(1334) User=0.09s Sys=0.02s Real=0.05s
[481.684s][info][gc,start       ] GC(1335) Pause Young (Allocation Failure)
[481.748s][info][gc,heap        ] GC(1335) PSYoungGen: 274432K(274432K)->16896K(299520K) Eden: 266752K(266752K)->0K(282624K) From: 7680K(7680K)->16896K(16896K)
[481.748s][info][gc,heap        ] GC(1335) ParOldGen: 223679K(223744K)->237319K(237568K)
[481.748s][info][gc,metaspace   ] GC(1335) Metaspace: 35532K(36288K)->35532K(36288K) NonClass: 26316K(26880K)->26316K(26880K) Class: 9215K(9408K)->9215K(9408K)
[481.748s][info][gc             ] GC(1335) Pause Young (Allocation Failure) 486M->248M(524M) 63.943ms
[481.748s][info][gc,cpu         ] GC(1335) User=0.10s Sys=0.02s Real=0.07s
[481.831s][info][gc,start       ] GC(1336) Pause Young (Allocation Failure)
[481.836s][info][gc,heap        ] GC(1336) PSYoungGen: 299520K(299520K)->192K(308224K) Eden: 282624K(282624K)->0K(282624K) From: 16896K(16896K)->192K(25600K)
[481.836s][info][gc,heap        ] GC(1336) ParOldGen: 237319K(237568K)->237687K(238080K)
[481.836s][info][gc,metaspace   ] GC(1336) Metaspace: 35532K(36288K)->35532K(36288K) NonClass: 26316K(26880K)->26316K(26880K) Class: 9215K(9408K)->9215K(9408K)
[481.836s][info][gc             ] GC(1336) Pause Young (Allocation Failure) 524M->232M(533M) 5.024ms
[481.837s][info][gc,cpu         ] GC(1336) User=0.01s Sys=0.00s Real=0.00s
[482.424s][info][gc,start       ] GC(1337) Pause Young (Allocation Failure)
[482.425s][info][gc,heap        ] GC(1337) PSYoungGen: 282816K(308224K)->64K(305152K) Eden: 282624K(282624K)->0K(283648K) From: 192K(25600K)->64K(21504K)
[482.425s][info][gc,heap        ] GC(1337) ParOldGen: 237687K(238080K)->237703K(238080K)
[482.425s][info][gc,metaspace   ] GC(1337) Metaspace: 35532K(36288K)->35532K(36288K) NonClass: 26316K(26880K)->26316K(26880K) Class: 9215K(9408K)->9215K(9408K)
[482.425s][info][gc             ] GC(1337) Pause Young (Allocation Failure) 508M->232M(530M) 0.999ms
[482.425s][info][gc,cpu         ] GC(1337) User=0.01s Sys=0.00s Real=0.00s
[482.794s][info][gc,start       ] GC(1338) Pause Young (Allocation Failure)
[482.795s][info][gc,heap        ] GC(1338) PSYoungGen: 283712K(305152K)->64K(307200K) Eden: 283648K(283648K)->0K(283648K) From: 64K(21504K)->64K(23552K)
[482.795s][info][gc,heap        ] GC(1338) ParOldGen: 237703K(238080K)->237711K(238080K)
[482.795s][info][gc,metaspace   ] GC(1338) Metaspace: 35532K(36288K)->35532K(36288K) NonClass: 26316K(26880K)->26316K(26880K) Class: 9215K(9408K)->9215K(9408K)
[482.795s][info][gc             ] GC(1338) Pause Young (Allocation Failure) 509M->232M(532M) 0.987ms
[482.795s][info][gc,cpu         ] GC(1338) User=0.01s Sys=0.00s Real=0.00s
[483.243s][info][gc,start       ] GC(1339) Pause Young (Allocation Failure)
[483.243s][info][gc,heap        ] GC(1339) PSYoungGen: 283712K(307200K)->64K(307712K) Eden: 283648K(283648K)->0K(287232K) From: 64K(23552K)->64K(20480K)
[483.243s][info][gc,heap        ] GC(1339) ParOldGen: 237711K(238080K)->237727K(238080K)
[483.243s][info][gc,metaspace   ] GC(1339) Metaspace: 35532K(36288K)->35532K(36288K) NonClass: 26316K(26880K)->26316K(26880K) Class: 9215K(9408K)->9215K(9408K)
[483.244s][info][gc             ] GC(1339) Pause Young (Allocation Failure) 509M->232M(533M) 0.907ms
[483.244s][info][gc,cpu         ] GC(1339) User=0.00s Sys=0.00s Real=0.00s
[483.481s][info][gc,start       ] GC(1340) Pause Young (Allocation Failure)
[483.481s][info][gc,heap        ] GC(1340) PSYoungGen: 287296K(307712K)->64K(309248K) Eden: 287232K(287232K)->0K(287232K) From: 64K(20480K)->64K(22016K)
[483.481s][info][gc,heap        ] GC(1340) ParOldGen: 237727K(238080K)->237743K(238080K)
[483.481s][info][gc,metaspace   ] GC(1340) Metaspace: 35532K(36288K)->35532K(36288K) NonClass: 26316K(26880K)->26316K(26880K) Class: 9215K(9408K)->9215K(9408K)
[483.481s][info][gc             ] GC(1340) Pause Young (Allocation Failure) 512M->232M(534M) 0.961ms
[483.481s][info][gc,cpu         ] GC(1340) User=0.00s Sys=0.00s Real=0.00s
[483.838s][info][gc,start       ] GC(1341) Pause Young (Allocation Failure)
[483.839s][info][gc,heap        ] GC(1341) PSYoungGen: 287296K(309248K)->64K(309248K) Eden: 287232K(287232K)->0K(290816K) From: 64K(22016K)->64K(18432K)
[483.839s][info][gc,heap        ] GC(1341) ParOldGen: 237743K(238080K)->237743K(238080K)
[483.839s][info][gc,metaspace   ] GC(1341) Metaspace: 35532K(36288K)->35532K(36288K) NonClass: 26316K(26880K)->26316K(26880K) Class: 9215K(9408K)->9215K(9408K)
[483.839s][info][gc             ] GC(1341) Pause Young (Allocation Failure) 512M->232M(534M) 0.929ms
[483.839s][info][gc,cpu         ] GC(1341) User=0.01s Sys=0.00s Real=0.00s
[483.936s][info][gc,start       ] GC(1342) Pause Young (Allocation Failure)
[483.937s][info][gc,heap        ] GC(1342) PSYoungGen: 290880K(309248K)->64K(310784K) Eden: 290816K(290816K)->0K(290816K) From: 64K(18432K)->64K(19968K)
[483.937s][info][gc,heap        ] GC(1342) ParOldGen: 237743K(238080K)->237751K(238080K)
[483.937s][info][gc,metaspace   ] GC(1342) Metaspace: 35532K(36288K)->35532K(36288K) NonClass: 26316K(26880K)->26316K(26880K) Class: 9215K(9408K)->9215K(9408K)
[483.937s][info][gc             ] GC(1342) Pause Young (Allocation Failure) 516M->232M(536M) 0.972ms
[483.937s][info][gc,cpu         ] GC(1342) User=0.00s Sys=0.00s Real=0.01s
[483.987s][info][gc,start       ] GC(1343) Pause Young (Allocation Failure)
[483.987s][info][gc,heap        ] GC(1343) PSYoungGen: 290880K(310784K)->64K(311296K) Eden: 290816K(290816K)->0K(294912K) From: 64K(19968K)->64K(16384K)
[483.987s][info][gc,heap        ] GC(1343) ParOldGen: 237751K(238080K)->237767K(238080K)
[483.987s][info][gc,metaspace   ] GC(1343) Metaspace: 35532K(36288K)->35532K(36288K) NonClass: 26316K(26880K)->26316K(26880K) Class: 9215K(9408K)->9215K(9408K)
[483.987s][info][gc             ] GC(1343) Pause Young (Allocation Failure) 516M->232M(536M) 0.889ms
[483.987s][info][gc,cpu         ] GC(1343) User=0.00s Sys=0.00s Real=0.01s
[484.151s][info][gc,start       ] GC(1344) Pause Young (Allocation Failure)
[484.152s][info][gc,heap        ] GC(1344) PSYoungGen: 294976K(311296K)->64K(312832K) Eden: 294912K(294912K)->0K(294912K) From: 64K(16384K)->64K(17920K)
[484.152s][info][gc,heap        ] GC(1344) ParOldGen: 237767K(238080K)->237767K(238080K)
[484.152s][info][gc,metaspace   ] GC(1344) Metaspace: 35532K(36288K)->35532K(36288K) NonClass: 26316K(26880K)->26316K(26880K) Class: 9215K(9408K)->9215K(9408K)
[484.152s][info][gc             ] GC(1344) Pause Young (Allocation Failure) 520M->232M(538M) 1.019ms
[484.152s][info][gc,cpu         ] GC(1344) User=0.00s Sys=0.00s Real=0.00s
[484.383s][info][gc,start       ] GC(1345) Pause Young (Allocation Failure)
[484.384s][info][gc,heap        ] GC(1345) PSYoungGen: 294976K(312832K)->64K(313344K) Eden: 294912K(294912K)->0K(299008K) From: 64K(17920K)->64K(14336K)
[484.384s][info][gc,heap        ] GC(1345) ParOldGen: 237767K(238080K)->237775K(238080K)
[484.384s][info][gc,metaspace   ] GC(1345) Metaspace: 35532K(36288K)->35532K(36288K) NonClass: 26316K(26880K)->26316K(26880K) Class: 9215K(9408K)->9215K(9408K)
[484.384s][info][gc             ] GC(1345) Pause Young (Allocation Failure) 520M->232M(538M) 0.961ms
[484.384s][info][gc,cpu         ] GC(1345) User=0.00s Sys=0.00s Real=0.00s
[484.522s][info][gc,start       ] GC(1346) Pause Young (Allocation Failure)
[484.523s][info][gc,heap        ] GC(1346) PSYoungGen: 299072K(313344K)->64K(314880K) Eden: 299008K(299008K)->0K(299008K) From: 64K(14336K)->64K(15872K)
[484.523s][info][gc,heap        ] GC(1346) ParOldGen: 237775K(238080K)->237783K(238080K)
[484.523s][info][gc,metaspace   ] GC(1346) Metaspace: 35532K(36288K)->35532K(36288K) NonClass: 26316K(26880K)->26316K(26880K) Class: 9215K(9408K)->9215K(9408K)
[484.523s][info][gc             ] GC(1346) Pause Young (Allocation Failure) 524M->232M(540M) 1.049ms
[484.523s][info][gc,cpu         ] GC(1346) User=0.00s Sys=0.00s Real=0.00s
[484.617s][info][gc,start       ] GC(1347) Pause Young (Allocation Failure)
[484.618s][info][gc,heap        ] GC(1347) PSYoungGen: 299072K(314880K)->64K(315392K) Eden: 299008K(299008K)->0K(303104K) From: 64K(15872K)->64K(12288K)
[484.618s][info][gc,heap        ] GC(1347) ParOldGen: 237783K(238080K)->237791K(238080K)
[484.618s][info][gc,metaspace   ] GC(1347) Metaspace: 35532K(36288K)->35532K(36288K) NonClass: 26316K(26880K)->26316K(26880K) Class: 9215K(9408K)->9215K(9408K)
[484.618s][info][gc             ] GC(1347) Pause Young (Allocation Failure) 524M->232M(540M) 0.986ms
[484.618s][info][gc,cpu         ] GC(1347) User=0.00s Sys=0.00s Real=0.00s
[484.823s][info][gc,start       ] GC(1348) Pause Young (Allocation Failure)
[484.824s][info][gc,heap        ] GC(1348) PSYoungGen: 303168K(315392K)->64K(291328K) Eden: 303104K(303104K)->0K(290816K) From: 64K(12288K)->64K(512K)
[484.824s][info][gc,heap        ] GC(1348) ParOldGen: 237791K(238080K)->237799K(238080K)
[484.824s][info][gc,metaspace   ] GC(1348) Metaspace: 35532K(36288K)->35532K(36288K) NonClass: 26316K(26880K)->26316K(26880K) Class: 9215K(9408K)->9215K(9408K)
[484.824s][info][gc             ] GC(1348) Pause Young (Allocation Failure) 528M->232M(517M) 1.474ms
[484.824s][info][gc,cpu         ] GC(1348) User=0.00s Sys=0.00s Real=0.00s
[485.657s][info][gc,start       ] GC(1349) Pause Young (Allocation Failure)
[485.659s][info][gc,heap        ] GC(1349) PSYoungGen: 290880K(291328K)->64K(280064K) Eden: 290816K(290816K)->0K(279552K) From: 64K(512K)->64K(512K)
[485.659s][info][gc,heap        ] GC(1349) ParOldGen: 237799K(238080K)->237807K(238080K)
[485.659s][info][gc,metaspace   ] GC(1349) Metaspace: 35532K(36288K)->35532K(36288K) NonClass: 26316K(26880K)->26316K(26880K) Class: 9215K(9408K)->9215K(9408K)
[485.659s][info][gc             ] GC(1349) Pause Young (Allocation Failure) 516M->232M(506M) 1.666ms
[485.659s][info][gc,cpu         ] GC(1349) User=0.00s Sys=0.00s Real=0.00s
[486.521s][info][gc,start       ] GC(1350) Pause Young (Allocation Failure)
[486.522s][info][gc,heap        ] GC(1350) PSYoungGen: 279616K(280064K)->64K(281088K) Eden: 279552K(279552K)->0K(268800K) From: 64K(512K)->64K(12288K)
[486.522s][info][gc,heap        ] GC(1350) ParOldGen: 237807K(238080K)->237815K(238080K)
[486.522s][info][gc,metaspace   ] GC(1350) Metaspace: 35532K(36288K)->35532K(36288K) NonClass: 26316K(26880K)->26316K(26880K) Class: 9215K(9408K)->9215K(9408K)
[486.522s][info][gc             ] GC(1350) Pause Young (Allocation Failure) 505M->232M(507M) 1.031ms
[486.522s][info][gc,cpu         ] GC(1350) User=0.00s Sys=0.00s Real=0.00s
[486.939s][info][gc,start       ] GC(1351) Pause Young (Allocation Failure)
[486.940s][info][gc,heap        ] GC(1351) PSYoungGen: 268864K(281088K)->64K(259072K) Eden: 268800K(268800K)->0K(258560K) From: 64K(12288K)->64K(512K)
[486.940s][info][gc,heap        ] GC(1351) ParOldGen: 237815K(238080K)->237823K(238080K)
[486.940s][info][gc,metaspace   ] GC(1351) Metaspace: 35532K(36288K)->35532K(36288K) NonClass: 26316K(26880K)->26316K(26880K) Class: 9215K(9408K)->9215K(9408K)
[486.940s][info][gc             ] GC(1351) Pause Young (Allocation Failure) 494M->232M(485M) 1.459ms
[486.940s][info][gc,cpu         ] GC(1351) User=0.00s Sys=0.01s Real=0.00s
[487.920s][info][gc,start       ] GC(1352) Pause Young (Allocation Failure)
[487.920s][info][gc,heap        ] GC(1352) PSYoungGen: 258624K(259072K)->64K(259584K) Eden: 258560K(258560K)->0K(248832K) From: 64K(512K)->64K(10752K)
[487.920s][info][gc,heap        ] GC(1352) ParOldGen: 237823K(238080K)->237831K(238080K)
[487.921s][info][gc,metaspace   ] GC(1352) Metaspace: 35532K(36288K)->35532K(36288K) NonClass: 26316K(26880K)->26316K(26880K) Class: 9215K(9408K)->9215K(9408K)
[487.921s][info][gc             ] GC(1352) Pause Young (Allocation Failure) 484M->232M(486M) 0.974ms
[487.921s][info][gc,cpu         ] GC(1352) User=0.00s Sys=0.00s Real=0.00s
[488.307s][info][gc,start       ] GC(1353) Pause Young (Allocation Failure)
[488.308s][info][gc,heap        ] GC(1353) PSYoungGen: 248896K(259584K)->64K(240128K) Eden: 248832K(248832K)->0K(239616K) From: 64K(10752K)->64K(512K)
[488.308s][info][gc,heap        ] GC(1353) ParOldGen: 237831K(238080K)->237839K(238080K)
[488.308s][info][gc,metaspace   ] GC(1353) Metaspace: 35532K(36288K)->35532K(36288K) NonClass: 26316K(26880K)->26316K(26880K) Class: 9215K(9408K)->9215K(9408K)
[488.308s][info][gc             ] GC(1353) Pause Young (Allocation Failure) 475M->232M(467M) 1.682ms
[488.308s][info][gc,cpu         ] GC(1353) User=0.00s Sys=0.00s Real=0.01s
[488.483s][info][gc,start       ] GC(1354) Pause Young (Allocation Failure)
[488.484s][info][gc,heap        ] GC(1354) PSYoungGen: 239680K(240128K)->64K(239616K) Eden: 239616K(239616K)->0K(230400K) From: 64K(512K)->64K(9216K)
[488.484s][info][gc,heap        ] GC(1354) ParOldGen: 237839K(238080K)->237847K(238080K)
[488.484s][info][gc,metaspace   ] GC(1354) Metaspace: 35532K(36288K)->35532K(36288K) NonClass: 26316K(26880K)->26316K(26880K) Class: 9215K(9408K)->9215K(9408K)
[488.484s][info][gc             ] GC(1354) Pause Young (Allocation Failure) 466M->232M(466M) 0.879ms
[488.484s][info][gc,cpu         ] GC(1354) User=0.01s Sys=0.00s Real=0.00s
[488.559s][info][gc,start       ] GC(1355) Pause Young (Allocation Failure)
[488.561s][info][gc,heap        ] GC(1355) PSYoungGen: 230464K(239616K)->64K(222208K) Eden: 230400K(230400K)->0K(221696K) From: 64K(9216K)->64K(512K)
[488.561s][info][gc,heap        ] GC(1355) ParOldGen: 237847K(238080K)->237855K(238080K)
[488.561s][info][gc,metaspace   ] GC(1355) Metaspace: 35532K(36288K)->35532K(36288K) NonClass: 26316K(26880K)->26316K(26880K) Class: 9215K(9408K)->9215K(9408K)
[488.561s][info][gc             ] GC(1355) Pause Young (Allocation Failure) 457M->232M(449M) 1.393ms
[488.561s][info][gc,cpu         ] GC(1355) User=0.00s Sys=0.00s Real=0.00s
[489.057s][info][gc,start       ] GC(1356) Pause Young (Allocation Failure)
[489.058s][info][gc,heap        ] GC(1356) PSYoungGen: 221760K(222208K)->64K(221696K) Eden: 221696K(221696K)->0K(213504K) From: 64K(512K)->64K(8192K)
[489.058s][info][gc,heap        ] GC(1356) ParOldGen: 237855K(238080K)->237863K(238080K)
[489.058s][info][gc,metaspace   ] GC(1356) Metaspace: 35532K(36288K)->35532K(36288K) NonClass: 26316K(26880K)->26316K(26880K) Class: 9215K(9408K)->9215K(9408K)
[489.058s][info][gc             ] GC(1356) Pause Young (Allocation Failure) 448M->232M(449M) 0.921ms
[489.058s][info][gc,cpu         ] GC(1356) User=0.00s Sys=0.00s Real=0.00s
[489.252s][info][gc,start       ] GC(1357) Pause Young (Allocation Failure)
[489.254s][info][gc,heap        ] GC(1357) PSYoungGen: 213568K(221696K)->64K(206336K) Eden: 213504K(213504K)->0K(205824K) From: 64K(8192K)->64K(512K)
[489.254s][info][gc,heap        ] GC(1357) ParOldGen: 237863K(238080K)->237871K(238080K)
[489.254s][info][gc,metaspace   ] GC(1357) Metaspace: 35532K(36288K)->35532K(36288K) NonClass: 26316K(26880K)->26316K(26880K) Class: 9215K(9408K)->9215K(9408K)
[489.254s][info][gc             ] GC(1357) Pause Young (Allocation Failure) 440M->232M(434M) 1.606ms
[489.254s][info][gc,cpu         ] GC(1357) User=0.00s Sys=0.00s Real=0.00s
[489.572s][info][gc,start       ] GC(1358) Pause Young (Allocation Failure)
[489.585s][info][gc,heap        ] GC(1358) PSYoungGen: 205888K(206336K)->7168K(250880K) Eden: 205824K(205824K)->0K(243712K) From: 64K(512K)->7168K(7168K)
[489.585s][info][gc,heap        ] GC(1358) ParOldGen: 237871K(238080K)->238903K(239104K)
[489.585s][info][gc,metaspace   ] GC(1358) Metaspace: 35532K(36288K)->35532K(36288K) NonClass: 26316K(26880K)->26316K(26880K) Class: 9215K(9408K)->9215K(9408K)
[489.585s][info][gc             ] GC(1358) Pause Young (Allocation Failure) 433M->240M(478M) 12.978ms
[489.585s][info][gc,cpu         ] GC(1358) User=0.02s Sys=0.00s Real=0.01s
[489.866s][info][gc,start       ] GC(1359) Pause Young (Allocation Failure)
[489.926s][info][gc,heap        ] GC(1359) PSYoungGen: 250880K(250880K)->7168K(253440K) Eden: 243712K(243712K)->0K(246272K) From: 7168K(7168K)->7168K(7168K)
[489.926s][info][gc,heap        ] GC(1359) ParOldGen: 238903K(239104K)->259191K(259584K)
[489.926s][info][gc,metaspace   ] GC(1359) Metaspace: 35532K(36288K)->35532K(36288K) NonClass: 26316K(26880K)->26316K(26880K) Class: 9215K(9408K)->9215K(9408K)
[489.926s][info][gc             ] GC(1359) Pause Young (Allocation Failure) 478M->260M(501M) 60.110ms
[489.926s][info][gc,cpu         ] GC(1359) User=0.08s Sys=0.01s Real=0.06s
[490.206s][info][gc,start       ] GC(1360) Pause Young (Allocation Failure)
[490.255s][info][gc,heap        ] GC(1360) PSYoungGen: 253440K(253440K)->17920K(264192K) Eden: 246272K(246272K)->0K(246272K) From: 7168K(7168K)->17920K(17920K)
[490.255s][info][gc,heap        ] GC(1360) ParOldGen: 259191K(259584K)->268831K(269312K)
[490.255s][info][gc,metaspace   ] GC(1360) Metaspace: 35532K(36288K)->35532K(36288K) NonClass: 26316K(26880K)->26316K(26880K) Class: 9215K(9408K)->9215K(9408K)
[490.255s][info][gc             ] GC(1360) Pause Young (Allocation Failure) 500M->280M(521M) 48.979ms
[490.255s][info][gc,cpu         ] GC(1360) User=0.09s Sys=0.01s Real=0.05s
[490.322s][info][gc,start       ] GC(1361) Pause Young (Allocation Failure)
[490.326s][info][gc,heap        ] GC(1361) PSYoungGen: 264192K(264192K)->64K(309248K) Eden: 246272K(246272K)->0K(284160K) From: 17920K(17920K)->64K(25088K)
[490.326s][info][gc,heap        ] GC(1361) ParOldGen: 268831K(269312K)->269087K(269312K)
[490.326s][info][gc,metaspace   ] GC(1361) Metaspace: 35532K(36288K)->35532K(36288K) NonClass: 26316K(26880K)->26316K(26880K) Class: 9215K(9408K)->9215K(9408K)
[490.326s][info][gc             ] GC(1361) Pause Young (Allocation Failure) 520M->262M(565M) 3.757ms
[490.326s][info][gc,cpu         ] GC(1361) User=0.01s Sys=0.00s Real=0.00s
[490.890s][info][gc,start       ] GC(1362) Pause Young (Allocation Failure)
[490.891s][info][gc,heap        ] GC(1362) PSYoungGen: 284224K(309248K)->64K(284672K) Eden: 284160K(284160K)->0K(284160K) From: 64K(25088K)->64K(512K)
[490.891s][info][gc,heap        ] GC(1362) ParOldGen: 269087K(269312K)->269095K(269312K)
[490.891s][info][gc,metaspace   ] GC(1362) Metaspace: 35532K(36288K)->35532K(36288K) NonClass: 26316K(26880K)->26316K(26880K) Class: 9215K(9408K)->9215K(9408K)
[490.891s][info][gc             ] GC(1362) Pause Young (Allocation Failure) 540M->262M(541M) 1.218ms
[490.891s][info][gc,cpu         ] GC(1362) User=0.00s Sys=0.00s Real=0.00s
[491.314s][info][gc,start       ] GC(1363) Pause Young (Allocation Failure)
[491.315s][info][gc,heap        ] GC(1363) PSYoungGen: 284224K(284672K)->64K(308736K) Eden: 284160K(284160K)->0K(285184K) From: 64K(512K)->64K(23552K)
[491.315s][info][gc,heap        ] GC(1363) ParOldGen: 269095K(269312K)->269103K(269312K)
[491.315s][info][gc,metaspace   ] GC(1363) Metaspace: 35532K(36288K)->35532K(36288K) NonClass: 26316K(26880K)->26316K(26880K) Class: 9215K(9408K)->9215K(9408K)
[491.315s][info][gc             ] GC(1363) Pause Young (Allocation Failure) 540M->262M(564M) 1.202ms
[491.315s][info][gc,cpu         ] GC(1363) User=0.00s Sys=0.00s Real=0.00s
[491.762s][info][gc,start       ] GC(1364) Pause Young (Allocation Failure)
[491.763s][info][gc,heap        ] GC(1364) PSYoungGen: 285248K(308736K)->64K(307712K) Eden: 285184K(285184K)->0K(285184K) From: 64K(23552K)->64K(22528K)
[491.763s][info][gc,heap        ] GC(1364) ParOldGen: 269103K(269312K)->269119K(269312K)
[491.763s][info][gc,metaspace   ] GC(1364) Metaspace: 35532K(36288K)->35532K(36288K) NonClass: 26316K(26880K)->26316K(26880K) Class: 9215K(9408K)->9215K(9408K)
[491.763s][info][gc             ] GC(1364) Pause Young (Allocation Failure) 541M->262M(563M) 1.094ms
[491.763s][info][gc,cpu         ] GC(1364) User=0.00s Sys=0.00s Real=0.00s
[491.996s][info][gc,start       ] GC(1365) Pause Young (Allocation Failure)
[491.997s][info][gc,heap        ] GC(1365) PSYoungGen: 285248K(307712K)->64K(310272K) Eden: 285184K(285184K)->0K(288768K) From: 64K(22528K)->64K(21504K)
[491.997s][info][gc,heap        ] GC(1365) ParOldGen: 269119K(269312K)->269135K(269312K)
[491.997s][info][gc,metaspace   ] GC(1365) Metaspace: 35532K(36288K)->35532K(36288K) NonClass: 26316K(26880K)->26316K(26880K) Class: 9215K(9408K)->9215K(9408K)
[491.997s][info][gc             ] GC(1365) Pause Young (Allocation Failure) 541M->262M(566M) 1.021ms
[491.997s][info][gc,cpu         ] GC(1365) User=0.00s Sys=0.00s Real=0.01s
[492.354s][info][gc,start       ] GC(1366) Pause Young (Allocation Failure)
[492.355s][info][gc,heap        ] GC(1366) PSYoungGen: 288832K(310272K)->64K(309248K) Eden: 288768K(288768K)->0K(288768K) From: 64K(21504K)->64K(20480K)
[492.355s][info][gc,heap        ] GC(1366) ParOldGen: 269135K(269312K)->269135K(269312K)
[492.355s][info][gc,metaspace   ] GC(1366) Metaspace: 35532K(36288K)->35532K(36288K) NonClass: 26316K(26880K)->26316K(26880K) Class: 9215K(9408K)->9215K(9408K)
[492.355s][info][gc             ] GC(1366) Pause Young (Allocation Failure) 544M->262M(565M) 1.015ms
[492.355s][info][gc,cpu         ] GC(1366) User=0.00s Sys=0.00s Real=0.00s
[492.472s][info][gc,start       ] GC(1367) Pause Young (Allocation Failure)
[492.473s][info][gc,heap        ] GC(1367) PSYoungGen: 288832K(309248K)->64K(312320K) Eden: 288768K(288768K)->0K(292864K) From: 64K(20480K)->64K(19456K)
[492.473s][info][gc,heap        ] GC(1367) ParOldGen: 269135K(269312K)->269143K(269312K)
[492.473s][info][gc,metaspace   ] GC(1367) Metaspace: 35532K(36288K)->35532K(36288K) NonClass: 26316K(26880K)->26316K(26880K) Class: 9215K(9408K)->9215K(9408K)
[492.473s][info][gc             ] GC(1367) Pause Young (Allocation Failure) 544M->262M(568M) 0.994ms
[492.473s][info][gc,cpu         ] GC(1367) User=0.01s Sys=0.00s Real=0.00s
[492.527s][info][gc,start       ] GC(1368) Pause Young (Allocation Failure)
[492.528s][info][gc,heap        ] GC(1368) PSYoungGen: 292928K(312320K)->64K(311296K) Eden: 292864K(292864K)->0K(292864K) From: 64K(19456K)->64K(18432K)
[492.528s][info][gc,heap        ] GC(1368) ParOldGen: 269143K(269312K)->269159K(269312K)
[492.528s][info][gc,metaspace   ] GC(1368) Metaspace: 35532K(36288K)->35532K(36288K) NonClass: 26316K(26880K)->26316K(26880K) Class: 9215K(9408K)->9215K(9408K)
[492.528s][info][gc             ] GC(1368) Pause Young (Allocation Failure) 548M->262M(567M) 1.027ms
[492.528s][info][gc,cpu         ] GC(1368) User=0.00s Sys=0.01s Real=0.00s
[492.672s][info][gc,start       ] GC(1369) Pause Young (Allocation Failure)
[492.672s][info][gc,heap        ] GC(1369) PSYoungGen: 292928K(311296K)->64K(314368K) Eden: 292864K(292864K)->0K(296960K) From: 64K(18432K)->64K(17408K)
[492.672s][info][gc,heap        ] GC(1369) ParOldGen: 269159K(269312K)->269159K(269312K)
[492.672s][info][gc,metaspace   ] GC(1369) Metaspace: 35532K(36288K)->35532K(36288K) NonClass: 26316K(26880K)->26316K(26880K) Class: 9215K(9408K)->9215K(9408K)
[492.672s][info][gc             ] GC(1369) Pause Young (Allocation Failure) 548M->262M(570M) 0.894ms
[492.672s][info][gc,cpu         ] GC(1369) User=0.00s Sys=0.00s Real=0.00s
[492.913s][info][gc,start       ] GC(1370) Pause Young (Allocation Failure)
[492.914s][info][gc,heap        ] GC(1370) PSYoungGen: 297024K(314368K)->64K(313344K) Eden: 296960K(296960K)->0K(296960K) From: 64K(17408K)->64K(16384K)
[492.914s][info][gc,heap        ] GC(1370) ParOldGen: 269159K(269312K)->269167K(269312K)
[492.914s][info][gc,metaspace   ] GC(1370) Metaspace: 35532K(36288K)->35532K(36288K) NonClass: 26316K(26880K)->26316K(26880K) Class: 9215K(9408K)->9215K(9408K)
[492.914s][info][gc             ] GC(1370) Pause Young (Allocation Failure) 552M->262M(569M) 1.005ms
[492.914s][info][gc,cpu         ] GC(1370) User=0.00s Sys=0.00s Real=0.00s
[493.060s][info][gc,start       ] GC(1371) Pause Young (Allocation Failure)
[493.061s][info][gc,heap        ] GC(1371) PSYoungGen: 297024K(313344K)->64K(316416K) Eden: 296960K(296960K)->0K(301056K) From: 64K(16384K)->64K(15360K)
[493.061s][info][gc,heap        ] GC(1371) ParOldGen: 269167K(269312K)->269175K(269312K)
[493.061s][info][gc,metaspace   ] GC(1371) Metaspace: 35532K(36288K)->35532K(36288K) NonClass: 26316K(26880K)->26316K(26880K) Class: 9215K(9408K)->9215K(9408K)
[493.061s][info][gc             ] GC(1371) Pause Young (Allocation Failure) 552M->262M(572M) 0.991ms
[493.061s][info][gc,cpu         ] GC(1371) User=0.00s Sys=0.00s Real=0.00s
[493.154s][info][gc,start       ] GC(1372) Pause Young (Allocation Failure)
[493.155s][info][gc,heap        ] GC(1372) PSYoungGen: 301120K(316416K)->64K(315904K) Eden: 301056K(301056K)->0K(301056K) From: 64K(15360K)->64K(14848K)
[493.155s][info][gc,heap        ] GC(1372) ParOldGen: 269175K(269312K)->269183K(269312K)
[493.155s][info][gc,metaspace   ] GC(1372) Metaspace: 35532K(36288K)->35532K(36288K) NonClass: 26316K(26880K)->26316K(26880K) Class: 9215K(9408K)->9215K(9408K)
[493.155s][info][gc             ] GC(1372) Pause Young (Allocation Failure) 556M->262M(571M) 0.944ms
[493.155s][info][gc,cpu         ] GC(1372) User=0.01s Sys=0.00s Real=0.00s
[493.322s][info][gc,start       ] GC(1373) Pause Young (Allocation Failure)
[493.323s][info][gc,heap        ] GC(1373) PSYoungGen: 301120K(315904K)->64K(289792K) Eden: 301056K(301056K)->0K(289280K) From: 64K(14848K)->64K(512K)
[493.323s][info][gc,heap        ] GC(1373) ParOldGen: 269183K(269312K)->269191K(269312K)
[493.323s][info][gc,metaspace   ] GC(1373) Metaspace: 35532K(36288K)->35532K(36288K) NonClass: 26316K(26880K)->26316K(26880K) Class: 9215K(9408K)->9215K(9408K)
[493.323s][info][gc             ] GC(1373) Pause Young (Allocation Failure) 556M->262M(546M) 0.989ms
[493.323s][info][gc,cpu         ] GC(1373) User=0.00s Sys=0.00s Real=0.00s
[494.195s][info][gc,start       ] GC(1374) Pause Young (Allocation Failure)
[494.196s][info][gc,heap        ] GC(1374) PSYoungGen: 289344K(289792K)->83K(290816K) Eden: 289280K(289280K)->0K(278016K) From: 64K(512K)->83K(12800K)
[494.196s][info][gc,heap        ] GC(1374) ParOldGen: 269191K(269312K)->269199K(269312K)
[494.196s][info][gc,metaspace   ] GC(1374) Metaspace: 35532K(36288K)->35532K(36288K) NonClass: 26316K(26880K)->26316K(26880K) Class: 9215K(9408K)->9215K(9408K)
[494.196s][info][gc             ] GC(1374) Pause Young (Allocation Failure) 545M->262M(547M) 0.922ms
[494.196s][info][gc,cpu         ] GC(1374) User=0.00s Sys=0.00s Real=0.00s
[495.032s][info][gc,start       ] GC(1375) Pause Young (Allocation Failure)
[495.033s][info][gc,heap        ] GC(1375) PSYoungGen: 278099K(290816K)->64K(267776K) Eden: 278016K(278016K)->0K(267264K) From: 83K(12800K)->64K(512K)
[495.033s][info][gc,heap        ] GC(1375) ParOldGen: 269199K(269312K)->269207K(269312K)
[495.033s][info][gc,metaspace   ] GC(1375) Metaspace: 35532K(36288K)->35532K(36288K) NonClass: 26316K(26880K)->26316K(26880K) Class: 9215K(9408K)->9215K(9408K)
[495.033s][info][gc             ] GC(1375) Pause Young (Allocation Failure) 534M->262M(524M) 1.033ms
[495.033s][info][gc,cpu         ] GC(1375) User=0.00s Sys=0.00s Real=0.00s
[495.421s][info][gc,start       ] GC(1376) Pause Young (Allocation Failure)
[495.422s][info][gc,heap        ] GC(1376) PSYoungGen: 267328K(267776K)->64K(268288K) Eden: 267264K(267264K)->0K(257024K) From: 64K(512K)->64K(11264K)
[495.422s][info][gc,heap        ] GC(1376) ParOldGen: 269207K(269312K)->269215K(269312K)
[495.422s][info][gc,metaspace   ] GC(1376) Metaspace: 35532K(36288K)->35532K(36288K) NonClass: 26316K(26880K)->26316K(26880K) Class: 9215K(9408K)->9215K(9408K)
[495.422s][info][gc             ] GC(1376) Pause Young (Allocation Failure) 523M->262M(525M) 1.059ms
[495.422s][info][gc,cpu         ] GC(1376) User=0.01s Sys=0.00s Real=0.00s
[496.444s][info][gc,start       ] GC(1377) Pause Young (Allocation Failure)
[496.445s][info][gc,heap        ] GC(1377) PSYoungGen: 257088K(268288K)->64K(247808K) Eden: 257024K(257024K)->0K(247296K) From: 64K(11264K)->64K(512K)
[496.445s][info][gc,heap        ] GC(1377) ParOldGen: 269215K(269312K)->269223K(269312K)
[496.445s][info][gc,metaspace   ] GC(1377) Metaspace: 35532K(36288K)->35532K(36288K) NonClass: 26316K(26880K)->26316K(26880K) Class: 9215K(9408K)->9215K(9408K)
[496.445s][info][gc             ] GC(1377) Pause Young (Allocation Failure) 513M->262M(505M) 1.331ms
[496.445s][info][gc,cpu         ] GC(1377) User=0.00s Sys=0.01s Real=0.00s
[496.666s][info][gc,start       ] GC(1378) Pause Young (Allocation Failure)
[496.667s][info][gc,heap        ] GC(1378) PSYoungGen: 247360K(247808K)->64K(247808K) Eden: 247296K(247296K)->0K(238080K) From: 64K(512K)->64K(9728K)
[496.667s][info][gc,heap        ] GC(1378) ParOldGen: 269223K(269312K)->269231K(269312K)
[496.667s][info][gc,metaspace   ] GC(1378) Metaspace: 35532K(36288K)->35532K(36288K) NonClass: 26316K(26880K)->26316K(26880K) Class: 9215K(9408K)->9215K(9408K)
[496.667s][info][gc             ] GC(1378) Pause Young (Allocation Failure) 504M->262M(505M) 0.950ms
[496.667s][info][gc,cpu         ] GC(1378) User=0.01s Sys=0.00s Real=0.01s
[497.010s][info][gc,start       ] GC(1379) Pause Young (Allocation Failure)
[497.011s][info][gc,heap        ] GC(1379) PSYoungGen: 238144K(247808K)->64K(229888K) Eden: 238080K(238080K)->0K(229376K) From: 64K(9728K)->64K(512K)
[497.011s][info][gc,heap        ] GC(1379) ParOldGen: 269231K(269312K)->269239K(269312K)
[497.011s][info][gc,metaspace   ] GC(1379) Metaspace: 35532K(36288K)->35532K(36288K) NonClass: 26316K(26880K)->26316K(26880K) Class: 9215K(9408K)->9215K(9408K)
[497.011s][info][gc             ] GC(1379) Pause Young (Allocation Failure) 495M->262M(487M) 1.567ms
[497.011s][info][gc,cpu         ] GC(1379) User=0.00s Sys=0.00s Real=0.00s
[497.072s][info][gc,start       ] GC(1380) Pause Young (Allocation Failure)
[497.073s][info][gc,heap        ] GC(1380) PSYoungGen: 229440K(229888K)->64K(229376K) Eden: 229376K(229376K)->0K(220672K) From: 64K(512K)->64K(8704K)
[497.073s][info][gc,heap        ] GC(1380) ParOldGen: 269239K(269312K)->269247K(269312K)
[497.073s][info][gc,metaspace   ] GC(1380) Metaspace: 35532K(36288K)->35532K(36288K) NonClass: 26316K(26880K)->26316K(26880K) Class: 9215K(9408K)->9215K(9408K)
[497.073s][info][gc             ] GC(1380) Pause Young (Allocation Failure) 486M->262M(487M) 0.838ms
[497.073s][info][gc,cpu         ] GC(1380) User=0.00s Sys=0.00s Real=0.00s
[497.497s][info][gc,start       ] GC(1381) Pause Young (Allocation Failure)
[497.498s][info][gc,heap        ] GC(1381) PSYoungGen: 220736K(229376K)->64K(212992K) Eden: 220672K(220672K)->0K(212480K) From: 64K(8704K)->64K(512K)
[497.498s][info][gc,heap        ] GC(1381) ParOldGen: 269247K(269312K)->269255K(269312K)
[497.498s][info][gc,metaspace   ] GC(1381) Metaspace: 35532K(36288K)->35532K(36288K) NonClass: 26316K(26880K)->26316K(26880K) Class: 9215K(9408K)->9215K(9408K)
[497.498s][info][gc             ] GC(1381) Pause Young (Allocation Failure) 478M->263M(471M) 1.425ms
[497.498s][info][gc,cpu         ] GC(1381) User=0.00s Sys=0.00s Real=0.00s
[497.726s][info][gc,start       ] GC(1382) Pause Young (Allocation Failure)
[497.727s][info][gc,heap        ] GC(1382) PSYoungGen: 212544K(212992K)->64K(211968K) Eden: 212480K(212480K)->0K(204800K) From: 64K(512K)->64K(7168K)
[497.727s][info][gc,heap        ] GC(1382) ParOldGen: 269255K(269312K)->269263K(269312K)
[497.727s][info][gc,metaspace   ] GC(1382) Metaspace: 35532K(36288K)->35532K(36288K) NonClass: 26316K(26880K)->26316K(26880K) Class: 9215K(9408K)->9215K(9408K)
[497.727s][info][gc             ] GC(1382) Pause Young (Allocation Failure) 470M->263M(470M) 0.915ms
[497.727s][info][gc,cpu         ] GC(1382) User=0.00s Sys=0.00s Real=0.01s
[498.059s][info][gc,start       ] GC(1383) Pause Young (Allocation Failure)
[498.065s][info][gc,heap        ] GC(1383) PSYoungGen: 204863K(211968K)->3584K(201216K) Eden: 204799K(204800K)->0K(197632K) From: 64K(7168K)->3584K(3584K)
[498.065s][info][gc,heap        ] GC(1383) ParOldGen: 269263K(269312K)->269279K(269312K)
[498.065s][info][gc,metaspace   ] GC(1383) Metaspace: 35532K(36288K)->35532K(36288K) NonClass: 26316K(26880K)->26316K(26880K) Class: 9215K(9408K)->9215K(9408K)
[498.065s][info][gc             ] GC(1383) Pause Young (Allocation Failure) 463M->266M(459M) 5.828ms
[498.065s][info][gc,cpu         ] GC(1383) User=0.01s Sys=0.00s Real=0.00s
[498.295s][info][gc,start       ] GC(1384) Pause Young (Allocation Failure)
[498.336s][info][gc,heap        ] GC(1384) PSYoungGen: 201216K(201216K)->7168K(243712K) Eden: 197632K(197632K)->0K(236544K) From: 3584K(3584K)->7168K(7168K)
[498.336s][info][gc,heap        ] GC(1384) ParOldGen: 269279K(269312K)->284351K(284672K)
[498.336s][info][gc,metaspace   ] GC(1384) Metaspace: 35532K(36288K)->35532K(36288K) NonClass: 26316K(26880K)->26316K(26880K) Class: 9215K(9408K)->9215K(9408K)
[498.336s][info][gc             ] GC(1384) Pause Young (Allocation Failure) 459M->284M(516M) 41.040ms
[498.336s][info][gc,cpu         ] GC(1384) User=0.07s Sys=0.01s Real=0.04s
[498.610s][info][gc,start       ] GC(1385) Pause Young (Allocation Failure)
[498.665s][info][gc,heap        ] GC(1385) PSYoungGen: 243712K(243712K)->4096K(250880K) Eden: 236544K(236544K)->0K(246784K) From: 7168K(7168K)->4096K(4096K)
[498.665s][info][gc,heap        ] GC(1385) ParOldGen: 284351K(284672K)->307287K(307712K)
[498.665s][info][gc,metaspace   ] GC(1385) Metaspace: 35532K(36288K)->35532K(36288K) NonClass: 26316K(26880K)->26316K(26880K) Class: 9215K(9408K)->9215K(9408K)
[498.665s][info][gc             ] GC(1385) Pause Young (Allocation Failure) 515M->304M(545M) 55.091ms
[498.665s][info][gc,cpu         ] GC(1385) User=0.09s Sys=0.02s Real=0.05s
[498.810s][info][gc,start       ] GC(1386) Pause Young (Allocation Failure)
[498.831s][info][gc,heap        ] GC(1386) PSYoungGen: 250880K(250880K)->10272K(269312K) Eden: 246784K(246784K)->0K(246784K) From: 4096K(4096K)->10272K(22528K)
[498.831s][info][gc,heap        ] GC(1386) ParOldGen: 307287K(307712K)->307911K(308224K)
[498.831s][info][gc,metaspace   ] GC(1386) Metaspace: 35532K(36288K)->35532K(36288K) NonClass: 26316K(26880K)->26316K(26880K) Class: 9215K(9408K)->9215K(9408K)
[498.832s][info][gc             ] GC(1386) Pause Young (Allocation Failure) 545M->310M(564M) 21.329ms
[498.832s][info][gc,cpu         ] GC(1386) User=0.04s Sys=0.00s Real=0.02s
[499.096s][info][gc,start       ] GC(1387) Pause Young (Allocation Failure)
[499.097s][info][gc,heap        ] GC(1387) PSYoungGen: 257056K(269312K)->64K(310272K) Eden: 246784K(246784K)->0K(288768K) From: 10272K(22528K)->64K(21504K)
[499.097s][info][gc,heap        ] GC(1387) ParOldGen: 307911K(308224K)->307919K(308224K)
[499.097s][info][gc,metaspace   ] GC(1387) Metaspace: 35532K(36288K)->35532K(36288K) NonClass: 26316K(26880K)->26316K(26880K) Class: 9215K(9408K)->9215K(9408K)
[499.097s][info][gc             ] GC(1387) Pause Young (Allocation Failure) 551M->300M(604M) 1.278ms
[499.097s][info][gc,cpu         ] GC(1387) User=0.00s Sys=0.00s Real=0.01s
[499.738s][info][gc,start       ] GC(1388) Pause Young (Allocation Failure)
[499.739s][info][gc,heap        ] GC(1388) PSYoungGen: 288832K(310272K)->64K(310784K) Eden: 288768K(288768K)->0K(288768K) From: 64K(21504K)->64K(22016K)
[499.739s][info][gc,heap        ] GC(1388) ParOldGen: 307919K(308224K)->307927K(308224K)
[499.739s][info][gc,metaspace   ] GC(1388) Metaspace: 35533K(36288K)->35533K(36288K) NonClass: 26317K(26880K)->26317K(26880K) Class: 9215K(9408K)->9215K(9408K)
[499.739s][info][gc             ] GC(1388) Pause Young (Allocation Failure) 582M->300M(604M) 1.265ms
[499.739s][info][gc,cpu         ] GC(1388) User=0.00s Sys=0.00s Real=0.00s
[500.205s][info][gc,start       ] GC(1389) Pause Young (Allocation Failure)
[500.206s][info][gc,heap        ] GC(1389) PSYoungGen: 288832K(310784K)->64K(311296K) Eden: 288768K(288768K)->0K(290816K) From: 64K(22016K)->64K(20480K)
[500.206s][info][gc,heap        ] GC(1389) ParOldGen: 307927K(308224K)->307943K(308224K)
[500.206s][info][gc,metaspace   ] GC(1389) Metaspace: 35533K(36288K)->35533K(36288K) NonClass: 26317K(26880K)->26317K(26880K) Class: 9215K(9408K)->9215K(9408K)
[500.206s][info][gc             ] GC(1389) Pause Young (Allocation Failure) 582M->300M(605M) 1.186ms
[500.206s][info][gc,cpu         ] GC(1389) User=0.00s Sys=0.00s Real=0.00s
[500.445s][info][gc,start       ] GC(1390) Pause Young (Allocation Failure)
[500.446s][info][gc,heap        ] GC(1390) PSYoungGen: 290880K(311296K)->64K(311296K) Eden: 290816K(290816K)->0K(290816K) From: 64K(20480K)->64K(20480K)
[500.446s][info][gc,heap        ] GC(1390) ParOldGen: 307943K(308224K)->307959K(308224K)
[500.446s][info][gc,metaspace   ] GC(1390) Metaspace: 35533K(36288K)->35533K(36288K) NonClass: 26317K(26880K)->26317K(26880K) Class: 9215K(9408K)->9215K(9408K)
[500.446s][info][gc             ] GC(1390) Pause Young (Allocation Failure) 584M->300M(605M) 1.123ms
[500.446s][info][gc,cpu         ] GC(1390) User=0.01s Sys=0.00s Real=0.00s
[500.683s][info][gc,start       ] GC(1391) Pause Young (Allocation Failure)
[500.684s][info][gc,heap        ] GC(1391) PSYoungGen: 290880K(311296K)->64K(312320K) Eden: 290816K(290816K)->0K(293888K) From: 64K(20480K)->64K(18432K)
[500.684s][info][gc,heap        ] GC(1391) ParOldGen: 307959K(308224K)->307959K(308224K)
[500.684s][info][gc,metaspace   ] GC(1391) Metaspace: 35533K(36288K)->35533K(36288K) NonClass: 26317K(26880K)->26317K(26880K) Class: 9215K(9408K)->9215K(9408K)
[500.684s][info][gc             ] GC(1391) Pause Young (Allocation Failure) 584M->300M(606M) 1.077ms
[500.684s][info][gc,cpu         ] GC(1391) User=0.00s Sys=0.00s Real=0.00s
[500.999s][info][gc,start       ] GC(1392) Pause Young (Allocation Failure)
[501.000s][info][gc,heap        ] GC(1392) PSYoungGen: 293952K(312320K)->64K(312320K) Eden: 293888K(293888K)->0K(293888K) From: 64K(18432K)->64K(18432K)
[501.000s][info][gc,heap        ] GC(1392) ParOldGen: 307959K(308224K)->307959K(308224K)
[501.000s][info][gc,metaspace   ] GC(1392) Metaspace: 35533K(36288K)->35533K(36288K) NonClass: 26317K(26880K)->26317K(26880K) Class: 9215K(9408K)->9215K(9408K)
[501.000s][info][gc             ] GC(1392) Pause Young (Allocation Failure) 587M->300M(606M) 1.195ms
[501.000s][info][gc,cpu         ] GC(1392) User=0.01s Sys=0.00s Real=0.00s
[501.051s][info][gc,start       ] GC(1393) Pause Young (Allocation Failure)
[501.052s][info][gc,heap        ] GC(1393) PSYoungGen: 293952K(312320K)->64K(313856K) Eden: 293888K(293888K)->0K(297472K) From: 64K(18432K)->64K(16384K)
[501.052s][info][gc,heap        ] GC(1393) ParOldGen: 307959K(308224K)->307975K(308224K)
[501.052s][info][gc,metaspace   ] GC(1393) Metaspace: 35533K(36288K)->35533K(36288K) NonClass: 26317K(26880K)->26317K(26880K) Class: 9215K(9408K)->9215K(9408K)
[501.052s][info][gc             ] GC(1393) Pause Young (Allocation Failure) 587M->300M(607M) 1.063ms
[501.052s][info][gc,cpu         ] GC(1393) User=0.00s Sys=0.00s Real=0.00s
[501.129s][info][gc,start       ] GC(1394) Pause Young (Allocation Failure)
[501.130s][info][gc,heap        ] GC(1394) PSYoungGen: 297536K(313856K)->64K(314368K) Eden: 297472K(297472K)->0K(297472K) From: 64K(16384K)->64K(16896K)
[501.130s][info][gc,heap        ] GC(1394) ParOldGen: 307975K(308224K)->307975K(308224K)
[501.130s][info][gc,metaspace   ] GC(1394) Metaspace: 35533K(36288K)->35533K(36288K) NonClass: 26317K(26880K)->26317K(26880K) Class: 9215K(9408K)->9215K(9408K)
[501.130s][info][gc             ] GC(1394) Pause Young (Allocation Failure) 591M->300M(608M) 1.028ms
[501.130s][info][gc,cpu         ] GC(1394) User=0.01s Sys=0.00s Real=0.00s
[501.373s][info][gc,start       ] GC(1395) Pause Young (Allocation Failure)
[501.374s][info][gc,heap        ] GC(1395) PSYoungGen: 297536K(314368K)->64K(315392K) Eden: 297472K(297472K)->0K(301056K) From: 64K(16896K)->64K(14336K)
[501.374s][info][gc,heap        ] GC(1395) ParOldGen: 307975K(308224K)->307991K(308224K)
[501.374s][info][gc,metaspace   ] GC(1395) Metaspace: 35533K(36288K)->35533K(36288K) NonClass: 26317K(26880K)->26317K(26880K) Class: 9215K(9408K)->9215K(9408K)
[501.374s][info][gc             ] GC(1395) Pause Young (Allocation Failure) 591M->300M(609M) 1.058ms
[501.374s][info][gc,cpu         ] GC(1395) User=0.00s Sys=0.00s Real=0.00s
[501.579s][info][gc,start       ] GC(1396) Pause Young (Allocation Failure)
[501.580s][info][gc,heap        ] GC(1396) PSYoungGen: 301120K(315392K)->64K(315904K) Eden: 301056K(301056K)->0K(301056K) From: 64K(14336K)->64K(14848K)
[501.580s][info][gc,heap        ] GC(1396) ParOldGen: 307991K(308224K)->307991K(308224K)
[501.580s][info][gc,metaspace   ] GC(1396) Metaspace: 35534K(36288K)->35534K(36288K) NonClass: 26318K(26880K)->26318K(26880K) Class: 9215K(9408K)->9215K(9408K)
[501.580s][info][gc             ] GC(1396) Pause Young (Allocation Failure) 594M->300M(609M) 1.134ms
[501.581s][info][gc,cpu         ] GC(1396) User=0.00s Sys=0.00s Real=0.00s
[501.661s][info][gc,start       ] GC(1397) Pause Young (Allocation Failure)
[501.662s][info][gc,heap        ] GC(1397) PSYoungGen: 301120K(315904K)->64K(316928K) Eden: 301056K(301056K)->0K(304640K) From: 64K(14848K)->64K(12288K)
[501.662s][info][gc,heap        ] GC(1397) ParOldGen: 307991K(308224K)->308007K(308224K)
[501.662s][info][gc,metaspace   ] GC(1397) Metaspace: 35534K(36288K)->35534K(36288K) NonClass: 26318K(26880K)->26318K(26880K) Class: 9215K(9408K)->9215K(9408K)
[501.662s][info][gc             ] GC(1397) Pause Young (Allocation Failure) 594M->300M(610M) 1.073ms
[501.662s][info][gc,cpu         ] GC(1397) User=0.01s Sys=0.00s Real=0.00s
[501.809s][info][gc,start       ] GC(1398) Pause Young (Allocation Failure)
[501.810s][info][gc,heap        ] GC(1398) PSYoungGen: 304704K(316928K)->64K(317952K) Eden: 304640K(304640K)->0K(304640K) From: 64K(12288K)->64K(13312K)
[501.810s][info][gc,heap        ] GC(1398) ParOldGen: 308007K(308224K)->308007K(308224K)
[501.810s][info][gc,metaspace   ] GC(1398) Metaspace: 35534K(36288K)->35534K(36288K) NonClass: 26318K(26880K)->26318K(26880K) Class: 9215K(9408K)->9215K(9408K)
[501.810s][info][gc             ] GC(1398) Pause Young (Allocation Failure) 598M->300M(611M) 1.103ms
[501.810s][info][gc,cpu         ] GC(1398) User=0.00s Sys=0.00s Real=0.00s
[502.729s][info][gc,start       ] GC(1399) Pause Young (Allocation Failure)
[502.730s][info][gc,heap        ] GC(1399) PSYoungGen: 304704K(317952K)->83K(292864K) Eden: 304640K(304640K)->0K(292352K) From: 64K(13312K)->83K(512K)
[502.731s][info][gc,heap        ] GC(1399) ParOldGen: 308007K(308224K)->308015K(308224K)
[502.731s][info][gc,metaspace   ] GC(1399) Metaspace: 35534K(36288K)->35534K(36288K) NonClass: 26318K(26880K)->26318K(26880K) Class: 9215K(9408K)->9215K(9408K)
[502.731s][info][gc             ] GC(1399) Pause Young (Allocation Failure) 598M->300M(587M) 1.174ms
[502.731s][info][gc,cpu         ] GC(1399) User=0.00s Sys=0.00s Real=0.00s
[503.570s][info][gc,start       ] GC(1400) Pause Young (Allocation Failure)
[503.571s][info][gc,heap        ] GC(1400) PSYoungGen: 292435K(292864K)->64K(292352K) Eden: 292352K(292352K)->0K(280576K) From: 83K(512K)->64K(11776K)
[503.571s][info][gc,heap        ] GC(1400) ParOldGen: 308015K(308224K)->308023K(308224K)
[503.571s][info][gc,metaspace   ] GC(1400) Metaspace: 35534K(36288K)->35534K(36288K) NonClass: 26318K(26880K)->26318K(26880K) Class: 9215K(9408K)->9215K(9408K)
[503.571s][info][gc             ] GC(1400) Pause Young (Allocation Failure) 586M->300M(586M) 1.111ms
[503.571s][info][gc,cpu         ] GC(1400) User=0.00s Sys=0.00s Real=0.00s
[503.876s][info][gc,start       ] GC(1401) Pause Young (Allocation Failure)
[503.877s][info][gc,heap        ] GC(1401) PSYoungGen: 280640K(292352K)->64K(270336K) Eden: 280576K(280576K)->0K(269824K) From: 64K(11776K)->64K(512K)
[503.877s][info][gc,heap        ] GC(1401) ParOldGen: 308023K(308224K)->308031K(308224K)
[503.877s][info][gc,metaspace   ] GC(1401) Metaspace: 35534K(36288K)->35534K(36288K) NonClass: 26318K(26880K)->26318K(26880K) Class: 9215K(9408K)->9215K(9408K)
[503.877s][info][gc             ] GC(1401) Pause Young (Allocation Failure) 574M->300M(565M) 1.131ms
[503.877s][info][gc,cpu         ] GC(1401) User=0.00s Sys=0.00s Real=0.01s
[504.494s][info][gc,start       ] GC(1402) Pause Young (Allocation Failure)
[504.495s][info][gc,heap        ] GC(1402) PSYoungGen: 269888K(270336K)->64K(269824K) Eden: 269824K(269824K)->0K(259584K) From: 64K(512K)->64K(10240K)
[504.495s][info][gc,heap        ] GC(1402) ParOldGen: 308031K(308224K)->308039K(308224K)
[504.495s][info][gc,metaspace   ] GC(1402) Metaspace: 35534K(36288K)->35534K(36288K) NonClass: 26318K(26880K)->26318K(26880K) Class: 9215K(9408K)->9215K(9408K)
[504.495s][info][gc             ] GC(1402) Pause Young (Allocation Failure) 564M->300M(564M) 1.051ms
[504.495s][info][gc,cpu         ] GC(1402) User=0.00s Sys=0.00s Real=0.00s
[505.208s][info][gc,start       ] GC(1403) Pause Young (Allocation Failure)
[505.209s][info][gc,heap        ] GC(1403) PSYoungGen: 259648K(269824K)->64K(250368K) Eden: 259584K(259584K)->0K(249856K) From: 64K(10240K)->64K(512K)
[505.209s][info][gc,heap        ] GC(1403) ParOldGen: 308039K(308224K)->308047K(308224K)
[505.209s][info][gc,metaspace   ] GC(1403) Metaspace: 35534K(36288K)->35534K(36288K) NonClass: 26318K(26880K)->26318K(26880K) Class: 9215K(9408K)->9215K(9408K)
[505.209s][info][gc             ] GC(1403) Pause Young (Allocation Failure) 554M->300M(545M) 1.221ms
[505.209s][info][gc,cpu         ] GC(1403) User=0.00s Sys=0.00s Real=0.00s
[505.567s][info][gc,start       ] GC(1404) Pause Young (Allocation Failure)
[505.568s][info][gc,heap        ] GC(1404) PSYoungGen: 249920K(250368K)->32K(249344K) Eden: 249856K(249856K)->0K(240128K) From: 64K(512K)->32K(9216K)
[505.568s][info][gc,heap        ] GC(1404) ParOldGen: 308047K(308224K)->308055K(308224K)
[505.568s][info][gc,metaspace   ] GC(1404) Metaspace: 35534K(36288K)->35534K(36288K) NonClass: 26318K(26880K)->26318K(26880K) Class: 9215K(9408K)->9215K(9408K)
[505.568s][info][gc             ] GC(1404) Pause Young (Allocation Failure) 544M->300M(544M) 1.527ms
[505.569s][info][gc,cpu         ] GC(1404) User=0.00s Sys=0.00s Real=0.00s
[505.629s][info][gc,start       ] GC(1405) Pause Young (Allocation Failure)
[505.631s][info][gc,heap        ] GC(1405) PSYoungGen: 240160K(249344K)->32K(231424K) Eden: 240128K(240128K)->0K(230912K) From: 32K(9216K)->32K(512K)
[505.631s][info][gc,heap        ] GC(1405) ParOldGen: 308055K(308224K)->308063K(308224K)
[505.631s][info][gc,metaspace   ] GC(1405) Metaspace: 35534K(36288K)->35534K(36288K) NonClass: 26318K(26880K)->26318K(26880K) Class: 9215K(9408K)->9215K(9408K)
[505.631s][info][gc             ] GC(1405) Pause Young (Allocation Failure) 535M->300M(527M) 2.075ms
[505.631s][info][gc,cpu         ] GC(1405) User=0.00s Sys=0.00s Real=0.00s
[506.060s][info][gc,start       ] GC(1406) Pause Young (Allocation Failure)
[506.062s][info][gc,heap        ] GC(1406) PSYoungGen: 230944K(231424K)->64K(229888K) Eden: 230912K(230912K)->0K(222208K) From: 32K(512K)->64K(7680K)
[506.062s][info][gc,heap        ] GC(1406) ParOldGen: 308063K(308224K)->308071K(308224K)
[506.062s][info][gc,metaspace   ] GC(1406) Metaspace: 35534K(36288K)->35534K(36288K) NonClass: 26318K(26880K)->26318K(26880K) Class: 9215K(9408K)->9215K(9408K)
[506.062s][info][gc             ] GC(1406) Pause Young (Allocation Failure) 526M->300M(525M) 1.374ms
[506.062s][info][gc,cpu         ] GC(1406) User=0.00s Sys=0.00s Real=0.00s
[506.303s][info][gc,start       ] GC(1407) Pause Young (Allocation Failure)
[506.304s][info][gc,heap        ] GC(1407) PSYoungGen: 222272K(229888K)->64K(214528K) Eden: 222208K(222208K)->0K(214016K) From: 64K(7680K)->64K(512K)
[506.304s][info][gc,heap        ] GC(1407) ParOldGen: 308071K(308224K)->308079K(308224K)
[506.304s][info][gc,metaspace   ] GC(1407) Metaspace: 35534K(36288K)->35534K(36288K) NonClass: 26318K(26880K)->26318K(26880K) Class: 9215K(9408K)->9215K(9408K)
[506.304s][info][gc             ] GC(1407) Pause Young (Allocation Failure) 517M->300M(510M) 1.671ms
[506.304s][info][gc,cpu         ] GC(1407) User=0.00s Sys=0.00s Real=0.00s
[506.643s][info][gc,start       ] GC(1408) Pause Young (Allocation Failure)
[506.653s][info][gc,heap        ] GC(1408) PSYoungGen: 214079K(214528K)->5888K(259584K) Eden: 214015K(214016K)->0K(253440K) From: 64K(512K)->5888K(6144K)
[506.653s][info][gc,heap        ] GC(1408) ParOldGen: 308079K(308224K)->308087K(308224K)
[506.653s][info][gc,metaspace   ] GC(1408) Metaspace: 35534K(36288K)->35534K(36288K) NonClass: 26318K(26880K)->26318K(26880K) Class: 9215K(9408K)->9215K(9408K)
[506.653s][info][gc             ] GC(1408) Pause Young (Allocation Failure) 509M->306M(554M) 10.411ms
[506.653s][info][gc,cpu         ] GC(1408) User=0.02s Sys=0.00s Real=0.01s
[506.946s][info][gc,start       ] GC(1409) Pause Young (Allocation Failure)
[506.999s][info][gc,heap        ] GC(1409) PSYoungGen: 259328K(259584K)->7168K(269824K) Eden: 253440K(253440K)->0K(262656K) From: 5888K(6144K)->7168K(7168K)
[506.999s][info][gc,heap        ] GC(1409) ParOldGen: 308087K(308224K)->329447K(329728K)
[506.999s][info][gc,metaspace   ] GC(1409) Metaspace: 35534K(36288K)->35534K(36288K) NonClass: 26318K(26880K)->26318K(26880K) Class: 9215K(9408K)->9215K(9408K)
[506.999s][info][gc             ] GC(1409) Pause Young (Allocation Failure) 554M->328M(585M) 53.149ms
[506.999s][info][gc,cpu         ] GC(1409) User=0.09s Sys=0.02s Real=0.06s
[507.297s][info][gc,start       ] GC(1410) Pause Young (Allocation Failure)
[507.350s][info][gc,heap        ] GC(1410) PSYoungGen: 269824K(269824K)->17408K(280064K) Eden: 262656K(262656K)->0K(262656K) From: 7168K(7168K)->17408K(17408K)
[507.350s][info][gc,heap        ] GC(1410) ParOldGen: 329447K(329728K)->340863K(340992K)
[507.350s][info][gc,metaspace   ] GC(1410) Metaspace: 35534K(36288K)->35534K(36288K) NonClass: 26318K(26880K)->26318K(26880K) Class: 9215K(9408K)->9215K(9408K)
[507.350s][info][gc             ] GC(1410) Pause Young (Allocation Failure) 585M->349M(606M) 53.379ms
[507.350s][info][gc,cpu         ] GC(1410) User=0.10s Sys=0.01s Real=0.06s
[507.425s][info][gc,start       ] GC(1411) Pause Young (Allocation Failure)
[507.430s][info][gc,heap        ] GC(1411) PSYoungGen: 280064K(280064K)->64K(309248K) Eden: 262656K(262656K)->0K(283648K) From: 17408K(17408K)->64K(25600K)
[507.430s][info][gc,heap        ] GC(1411) ParOldGen: 340863K(340992K)->341167K(341504K)
[507.430s][info][gc,metaspace   ] GC(1411) Metaspace: 35534K(36288K)->35534K(36288K) NonClass: 26318K(26880K)->26318K(26880K) Class: 9215K(9408K)->9215K(9408K)
[507.430s][info][gc             ] GC(1411) Pause Young (Allocation Failure) 606M->333M(635M) 4.521ms
[507.430s][info][gc,cpu         ] GC(1411) User=0.01s Sys=0.00s Real=0.01s
[508.009s][info][gc,start       ] GC(1412) Pause Young (Allocation Failure)
[508.010s][info][gc,heap        ] GC(1412) PSYoungGen: 283712K(309248K)->64K(284160K) Eden: 283648K(283648K)->0K(283648K) From: 64K(25600K)->64K(512K)
[508.010s][info][gc,heap        ] GC(1412) ParOldGen: 341167K(341504K)->341175K(341504K)
[508.010s][info][gc,metaspace   ] GC(1412) Metaspace: 35534K(36288K)->35534K(36288K) NonClass: 26318K(26880K)->26318K(26880K) Class: 9215K(9408K)->9215K(9408K)
[508.010s][info][gc             ] GC(1412) Pause Young (Allocation Failure) 610M->333M(611M) 1.208ms
[508.010s][info][gc,cpu         ] GC(1412) User=0.00s Sys=0.00s Real=0.00s
[508.391s][info][gc,start       ] GC(1413) Pause Young (Allocation Failure)
[508.392s][info][gc,heap        ] GC(1413) PSYoungGen: 283712K(284160K)->64K(307712K) Eden: 283648K(283648K)->0K(284160K) From: 64K(512K)->64K(23552K)
[508.392s][info][gc,heap        ] GC(1413) ParOldGen: 341175K(341504K)->341183K(341504K)
[508.392s][info][gc,metaspace   ] GC(1413) Metaspace: 35534K(36288K)->35534K(36288K) NonClass: 26318K(26880K)->26318K(26880K) Class: 9215K(9408K)->9215K(9408K)
[508.392s][info][gc             ] GC(1413) Pause Young (Allocation Failure) 610M->333M(634M) 1.162ms
[508.392s][info][gc,cpu         ] GC(1413) User=0.01s Sys=0.00s Real=0.00s
[508.836s][info][gc,start       ] GC(1414) Pause Young (Allocation Failure)
[508.838s][info][gc,heap        ] GC(1414) PSYoungGen: 284224K(307712K)->64K(307200K) Eden: 284160K(284160K)->0K(284160K) From: 64K(23552K)->64K(23040K)
[508.838s][info][gc,heap        ] GC(1414) ParOldGen: 341183K(341504K)->341199K(341504K)
[508.838s][info][gc,metaspace   ] GC(1414) Metaspace: 35534K(36288K)->35534K(36288K) NonClass: 26318K(26880K)->26318K(26880K) Class: 9215K(9408K)->9215K(9408K)
[508.838s][info][gc             ] GC(1414) Pause Young (Allocation Failure) 610M->333M(633M) 1.168ms
[508.838s][info][gc,cpu         ] GC(1414) User=0.00s Sys=0.00s Real=0.01s
[509.068s][info][gc,start       ] GC(1415) Pause Young (Allocation Failure)
[509.070s][info][gc,heap        ] GC(1415) PSYoungGen: 284224K(307200K)->64K(309760K) Eden: 284160K(284160K)->0K(288256K) From: 64K(23040K)->64K(21504K)
[509.070s][info][gc,heap        ] GC(1415) ParOldGen: 341199K(341504K)->341215K(341504K)
[509.070s][info][gc,metaspace   ] GC(1415) Metaspace: 35534K(36288K)->35534K(36288K) NonClass: 26318K(26880K)->26318K(26880K) Class: 9215K(9408K)->9215K(9408K)
[509.070s][info][gc             ] GC(1415) Pause Young (Allocation Failure) 610M->333M(636M) 1.125ms
[509.070s][info][gc,cpu         ] GC(1415) User=0.00s Sys=0.00s Real=0.00s
[509.427s][info][gc,start       ] GC(1416) Pause Young (Allocation Failure)
[509.428s][info][gc,heap        ] GC(1416) PSYoungGen: 288320K(309760K)->64K(309248K) Eden: 288256K(288256K)->0K(288256K) From: 64K(21504K)->64K(20992K)
[509.428s][info][gc,heap        ] GC(1416) ParOldGen: 341215K(341504K)->341215K(341504K)
[509.428s][info][gc,metaspace   ] GC(1416) Metaspace: 35534K(36288K)->35534K(36288K) NonClass: 26318K(26880K)->26318K(26880K) Class: 9215K(9408K)->9215K(9408K)
[509.428s][info][gc             ] GC(1416) Pause Young (Allocation Failure) 614M->333M(635M) 1.243ms
[509.428s][info][gc,cpu         ] GC(1416) User=0.00s Sys=0.00s Real=0.01s
[509.528s][info][gc,start       ] GC(1417) Pause Young (Allocation Failure)
[509.529s][info][gc,heap        ] GC(1417) PSYoungGen: 288320K(309248K)->64K(311808K) Eden: 288256K(288256K)->0K(292352K) From: 64K(20992K)->64K(19456K)
[509.529s][info][gc,heap        ] GC(1417) ParOldGen: 341215K(341504K)->341223K(341504K)
[509.529s][info][gc,metaspace   ] GC(1417) Metaspace: 35534K(36288K)->35534K(36288K) NonClass: 26318K(26880K)->26318K(26880K) Class: 9215K(9408K)->9215K(9408K)
[509.529s][info][gc             ] GC(1417) Pause Young (Allocation Failure) 614M->333M(638M) 1.139ms
[509.529s][info][gc,cpu         ] GC(1417) User=0.00s Sys=0.00s Real=0.00s
[509.581s][info][gc,start       ] GC(1418) Pause Young (Allocation Failure)
[509.582s][info][gc,heap        ] GC(1418) PSYoungGen: 292416K(311808K)->64K(311296K) Eden: 292352K(292352K)->0K(292352K) From: 64K(19456K)->64K(18944K)
[509.582s][info][gc,heap        ] GC(1418) ParOldGen: 341223K(341504K)->341239K(341504K)
[509.582s][info][gc,metaspace   ] GC(1418) Metaspace: 35534K(36288K)->35534K(36288K) NonClass: 26318K(26880K)->26318K(26880K) Class: 9215K(9408K)->9215K(9408K)
[509.582s][info][gc             ] GC(1418) Pause Young (Allocation Failure) 618M->333M(637M) 1.131ms
[509.582s][info][gc,cpu         ] GC(1418) User=0.00s Sys=0.00s Real=0.00s
[509.734s][info][gc,start       ] GC(1419) Pause Young (Allocation Failure)
[509.736s][info][gc,heap        ] GC(1419) PSYoungGen: 292416K(311296K)->64K(313856K) Eden: 292352K(292352K)->0K(296448K) From: 64K(18944K)->64K(17408K)
[509.736s][info][gc,heap        ] GC(1419) ParOldGen: 341239K(341504K)->341239K(341504K)
[509.736s][info][gc,metaspace   ] GC(1419) Metaspace: 35534K(36288K)->35534K(36288K) NonClass: 26318K(26880K)->26318K(26880K) Class: 9215K(9408K)->9215K(9408K)
[509.736s][info][gc             ] GC(1419) Pause Young (Allocation Failure) 618M->333M(640M) 1.194ms
[509.736s][info][gc,cpu         ] GC(1419) User=0.00s Sys=0.00s Real=0.00s
[509.974s][info][gc,start       ] GC(1420) Pause Young (Allocation Failure)
[509.976s][info][gc,heap        ] GC(1420) PSYoungGen: 296512K(313856K)->64K(313344K) Eden: 296448K(296448K)->0K(296448K) From: 64K(17408K)->64K(16896K)
[509.976s][info][gc,heap        ] GC(1420) ParOldGen: 341239K(341504K)->341247K(341504K)
[509.976s][info][gc,metaspace   ] GC(1420) Metaspace: 35534K(36288K)->35534K(36288K) NonClass: 26318K(26880K)->26318K(26880K) Class: 9215K(9408K)->9215K(9408K)
[509.976s][info][gc             ] GC(1420) Pause Young (Allocation Failure) 622M->333M(639M) 1.172ms
[509.976s][info][gc,cpu         ] GC(1420) User=0.00s Sys=0.00s Real=0.00s
[510.114s][info][gc,start       ] GC(1421) Pause Young (Allocation Failure)
[510.115s][info][gc,heap        ] GC(1421) PSYoungGen: 296512K(313344K)->64K(315904K) Eden: 296448K(296448K)->0K(300544K) From: 64K(16896K)->64K(15360K)
[510.115s][info][gc,heap        ] GC(1421) ParOldGen: 341247K(341504K)->341255K(341504K)
[510.115s][info][gc,metaspace   ] GC(1421) Metaspace: 35534K(36288K)->35534K(36288K) NonClass: 26318K(26880K)->26318K(26880K) Class: 9215K(9408K)->9215K(9408K)
[510.115s][info][gc             ] GC(1421) Pause Young (Allocation Failure) 622M->333M(642M) 1.237ms
[510.115s][info][gc,cpu         ] GC(1421) User=0.00s Sys=0.00s Real=0.00s
[510.213s][info][gc,start       ] GC(1422) Pause Young (Allocation Failure)
[510.215s][info][gc,heap        ] GC(1422) PSYoungGen: 300608K(315904K)->64K(315392K) Eden: 300544K(300544K)->0K(300544K) From: 64K(15360K)->64K(14848K)
[510.215s][info][gc,heap        ] GC(1422) ParOldGen: 341255K(341504K)->341263K(341504K)
[510.215s][info][gc,metaspace   ] GC(1422) Metaspace: 35534K(36288K)->35534K(36288K) NonClass: 26318K(26880K)->26318K(26880K) Class: 9215K(9408K)->9215K(9408K)
[510.215s][info][gc             ] GC(1422) Pause Young (Allocation Failure) 626M->333M(641M) 1.256ms
[510.215s][info][gc,cpu         ] GC(1422) User=0.01s Sys=0.00s Real=0.00s
[510.387s][info][gc,start       ] GC(1423) Pause Young (Allocation Failure)
[510.388s][info][gc,heap        ] GC(1423) PSYoungGen: 300608K(315392K)->64K(317952K) Eden: 300544K(300544K)->0K(304640K) From: 64K(14848K)->64K(13312K)
[510.388s][info][gc,heap        ] GC(1423) ParOldGen: 341263K(341504K)->341271K(341504K)
[510.388s][info][gc,metaspace   ] GC(1423) Metaspace: 35534K(36288K)->35534K(36288K) NonClass: 26318K(26880K)->26318K(26880K) Class: 9215K(9408K)->9215K(9408K)
[510.389s][info][gc             ] GC(1423) Pause Young (Allocation Failure) 626M->333M(644M) 1.167ms
[510.389s][info][gc,cpu         ] GC(1423) User=0.00s Sys=0.00s Real=0.00s
[511.264s][info][gc,start       ] GC(1424) Pause Young (Allocation Failure)
[511.265s][info][gc,heap        ] GC(1424) PSYoungGen: 304704K(317952K)->83K(292864K) Eden: 304640K(304640K)->0K(292352K) From: 64K(13312K)->83K(512K)
[511.265s][info][gc,heap        ] GC(1424) ParOldGen: 341271K(341504K)->341279K(341504K)
[511.265s][info][gc,metaspace   ] GC(1424) Metaspace: 35534K(36288K)->35534K(36288K) NonClass: 26318K(26880K)->26318K(26880K) Class: 9215K(9408K)->9215K(9408K)
[511.265s][info][gc             ] GC(1424) Pause Young (Allocation Failure) 630M->333M(619M) 1.360ms
[511.265s][info][gc,cpu         ] GC(1424) User=0.00s Sys=0.00s Real=0.00s
[512.139s][info][gc,start       ] GC(1425) Pause Young (Allocation Failure)
[512.140s][info][gc,heap        ] GC(1425) PSYoungGen: 292435K(292864K)->64K(281088K) Eden: 292352K(292352K)->0K(280576K) From: 83K(512K)->64K(512K)
[512.140s][info][gc,heap        ] GC(1425) ParOldGen: 341279K(341504K)->341287K(341504K)
[512.140s][info][gc,metaspace   ] GC(1425) Metaspace: 35534K(36288K)->35534K(36288K) NonClass: 26318K(26880K)->26318K(26880K) Class: 9215K(9408K)->9215K(9408K)
[512.140s][info][gc             ] GC(1425) Pause Young (Allocation Failure) 618M->333M(608M) 1.317ms
[512.140s][info][gc,cpu         ] GC(1425) User=0.01s Sys=0.00s Real=0.00s
[512.591s][info][gc,start       ] GC(1426) Pause Young (Allocation Failure)
[512.592s][info][gc,heap        ] GC(1426) PSYoungGen: 280640K(281088K)->64K(281088K) Eden: 280576K(280576K)->0K(269824K) From: 64K(512K)->64K(11264K)
[512.592s][info][gc,heap        ] GC(1426) ParOldGen: 341287K(341504K)->341295K(341504K)
[512.592s][info][gc,metaspace   ] GC(1426) Metaspace: 35534K(36288K)->35534K(36288K) NonClass: 26318K(26880K)->26318K(26880K) Class: 9215K(9408K)->9215K(9408K)
[512.592s][info][gc             ] GC(1426) Pause Young (Allocation Failure) 607M->333M(608M) 1.157ms
[512.592s][info][gc,cpu         ] GC(1426) User=0.01s Sys=0.00s Real=0.00s
[513.543s][info][gc,start       ] GC(1427) Pause Young (Allocation Failure)
[513.544s][info][gc,heap        ] GC(1427) PSYoungGen: 269888K(281088K)->64K(260096K) Eden: 269824K(269824K)->0K(259584K) From: 64K(11264K)->64K(512K)
[513.544s][info][gc,heap        ] GC(1427) ParOldGen: 341295K(341504K)->341303K(341504K)
[513.544s][info][gc,metaspace   ] GC(1427) Metaspace: 35534K(36288K)->35534K(36288K) NonClass: 26318K(26880K)->26318K(26880K) Class: 9215K(9408K)->9215K(9408K)
[513.544s][info][gc             ] GC(1427) Pause Young (Allocation Failure) 596M->333M(587M) 1.687ms
[513.544s][info][gc,cpu         ] GC(1427) User=0.00s Sys=0.00s Real=0.00s
[513.922s][info][gc,start       ] GC(1428) Pause Young (Allocation Failure)
[513.924s][info][gc,heap        ] GC(1428) PSYoungGen: 259648K(260096K)->64K(259584K) Eden: 259584K(259584K)->0K(249856K) From: 64K(512K)->64K(9728K)
[513.924s][info][gc,heap        ] GC(1428) ParOldGen: 341303K(341504K)->341311K(341504K)
[513.924s][info][gc,metaspace   ] GC(1428) Metaspace: 35534K(36288K)->35534K(36288K) NonClass: 26318K(26880K)->26318K(26880K) Class: 9215K(9408K)->9215K(9408K)
[513.924s][info][gc             ] GC(1428) Pause Young (Allocation Failure) 586M->333M(587M) 1.919ms
[513.924s][info][gc,cpu         ] GC(1428) User=0.00s Sys=0.00s Real=0.00s
[514.079s][info][gc,start       ] GC(1429) Pause Young (Allocation Failure)
[514.082s][info][gc,heap        ] GC(1429) PSYoungGen: 249920K(259584K)->64K(240640K) Eden: 249856K(249856K)->0K(240128K) From: 64K(9728K)->64K(512K)
[514.082s][info][gc,heap        ] GC(1429) ParOldGen: 341311K(341504K)->341319K(341504K)
[514.082s][info][gc,metaspace   ] GC(1429) Metaspace: 35534K(36288K)->35534K(36288K) NonClass: 26318K(26880K)->26318K(26880K) Class: 9215K(9408K)->9215K(9408K)
[514.082s][info][gc             ] GC(1429) Pause Young (Allocation Failure) 577M->333M(568M) 2.409ms
[514.082s][info][gc,cpu         ] GC(1429) User=0.00s Sys=0.00s Real=0.00s
[514.250s][info][gc,start       ] GC(1430) Pause Young (Allocation Failure)
[514.252s][info][gc,heap        ] GC(1430) PSYoungGen: 240192K(240640K)->64K(239616K) Eden: 240128K(240128K)->0K(230912K) From: 64K(512K)->64K(8704K)
[514.252s][info][gc,heap        ] GC(1430) ParOldGen: 341319K(341504K)->341327K(341504K)
[514.252s][info][gc,metaspace   ] GC(1430) Metaspace: 35534K(36288K)->35534K(36288K) NonClass: 26318K(26880K)->26318K(26880K) Class: 9215K(9408K)->9215K(9408K)
[514.252s][info][gc             ] GC(1430) Pause Young (Allocation Failure) 567M->333M(567M) 1.873ms
[514.252s][info][gc,cpu         ] GC(1430) User=0.01s Sys=0.00s Real=0.00s
[514.733s][info][gc,start       ] GC(1431) Pause Young (Allocation Failure)
[514.735s][info][gc,heap        ] GC(1431) PSYoungGen: 230976K(239616K)->64K(222720K) Eden: 230912K(230912K)->0K(222208K) From: 64K(8704K)->64K(512K)
[514.735s][info][gc,heap        ] GC(1431) ParOldGen: 341327K(341504K)->341335K(341504K)
[514.735s][info][gc,metaspace   ] GC(1431) Metaspace: 35534K(36288K)->35534K(36288K) NonClass: 26318K(26880K)->26318K(26880K) Class: 9215K(9408K)->9215K(9408K)
[514.735s][info][gc             ] GC(1431) Pause Young (Allocation Failure) 558M->333M(551M) 2.476ms
[514.735s][info][gc,cpu         ] GC(1431) User=0.00s Sys=0.00s Real=0.00s
[514.972s][info][gc,start       ] GC(1432) Pause Young (Allocation Failure)
[514.973s][info][gc,heap        ] GC(1432) PSYoungGen: 222272K(222720K)->32K(221696K) Eden: 222208K(222208K)->0K(214016K) From: 64K(512K)->32K(7680K)
[514.973s][info][gc,heap        ] GC(1432) ParOldGen: 341335K(341504K)->341343K(341504K)
[514.973s][info][gc,metaspace   ] GC(1432) Metaspace: 35534K(36288K)->35534K(36288K) NonClass: 26318K(26880K)->26318K(26880K) Class: 9215K(9408K)->9215K(9408K)
[514.973s][info][gc             ] GC(1432) Pause Young (Allocation Failure) 550M->333M(550M) 1.471ms
[514.973s][info][gc,cpu         ] GC(1432) User=0.00s Sys=0.00s Real=0.00s
[515.263s][info][gc,start       ] GC(1433) Pause Young (Allocation Failure)
[515.314s][info][gc,heap        ] GC(1433) PSYoungGen: 214048K(221696K)->7168K(263168K) Eden: 214016K(214016K)->0K(256000K) From: 32K(7680K)->7168K(7168K)
[515.314s][info][gc,heap        ] GC(1433) ParOldGen: 341343K(341504K)->352863K(353280K)
[515.314s][info][gc,metaspace   ] GC(1433) Metaspace: 35534K(36288K)->35534K(36288K) NonClass: 26318K(26880K)->26318K(26880K) Class: 9215K(9408K)->9215K(9408K)
[515.314s][info][gc             ] GC(1433) Pause Young (Allocation Failure) 542M->351M(602M) 50.837ms
[515.314s][info][gc,cpu         ] GC(1433) User=0.06s Sys=0.01s Real=0.05s
[515.616s][info][gc,start       ] GC(1434) Pause Young (Allocation Failure)
[515.670s][info][gc,heap        ] GC(1434) PSYoungGen: 263168K(263168K)->12800K(268800K) Eden: 256000K(256000K)->0K(256000K) From: 7168K(7168K)->12800K(12800K)
[515.670s][info][gc,heap        ] GC(1434) ParOldGen: 352863K(353280K)->369175K(369664K)
[515.670s][info][gc,metaspace   ] GC(1434) Metaspace: 35534K(36288K)->35534K(36288K) NonClass: 26318K(26880K)->26318K(26880K) Class: 9215K(9408K)->9215K(9408K)
[515.670s][info][gc             ] GC(1434) Pause Young (Allocation Failure) 601M->373M(623M) 54.576ms
[515.670s][info][gc,cpu         ] GC(1434) User=0.09s Sys=0.01s Real=0.06s
[515.859s][info][gc,start       ] GC(1435) Pause Young (Allocation Failure)
[515.893s][info][gc,heap        ] GC(1435) PSYoungGen: 268800K(268800K)->15168K(307712K) Eden: 256000K(256000K)->0K(285696K) From: 12800K(12800K)->15168K(22016K)
[515.893s][info][gc,heap        ] GC(1435) ParOldGen: 369175K(369664K)->369615K(369664K)
[515.893s][info][gc,metaspace   ] GC(1435) Metaspace: 35534K(36288K)->35534K(36288K) NonClass: 26318K(26880K)->26318K(26880K) Class: 9215K(9408K)->9215K(9408K)
[515.893s][info][gc             ] GC(1435) Pause Young (Allocation Failure) 623M->375M(661M) 34.547ms
[515.893s][info][gc,cpu         ] GC(1435) User=0.06s Sys=0.00s Real=0.03s
[516.177s][info][gc,start       ] GC(1436) Pause Young (Allocation Failure)
[516.178s][info][gc,heap        ] GC(1436) PSYoungGen: 300864K(307712K)->64K(309760K) Eden: 285696K(285696K)->0K(285696K) From: 15168K(22016K)->64K(24064K)
[516.179s][info][gc,heap        ] GC(1436) ParOldGen: 369615K(369664K)->369623K(369664K)
[516.179s][info][gc,metaspace   ] GC(1436) Metaspace: 35534K(36288K)->35534K(36288K) NonClass: 26318K(26880K)->26318K(26880K) Class: 9215K(9408K)->9215K(9408K)
[516.179s][info][gc             ] GC(1436) Pause Young (Allocation Failure) 654M->361M(663M) 1.309ms
[516.179s][info][gc,cpu         ] GC(1436) User=0.00s Sys=0.00s Real=0.00s
[516.778s][info][gc,start       ] GC(1437) Pause Young (Allocation Failure)
[516.779s][info][gc,heap        ] GC(1437) PSYoungGen: 285760K(309760K)->64K(307712K) Eden: 285696K(285696K)->0K(286720K) From: 64K(24064K)->64K(20992K)
[516.780s][info][gc,heap        ] GC(1437) ParOldGen: 369623K(369664K)->369631K(369664K)
[516.780s][info][gc,metaspace   ] GC(1437) Metaspace: 35534K(36288K)->35534K(36288K) NonClass: 26318K(26880K)->26318K(26880K) Class: 9215K(9408K)->9215K(9408K)
[516.780s][info][gc             ] GC(1437) Pause Young (Allocation Failure) 640M->361M(661M) 1.429ms
[516.780s][info][gc,cpu         ] GC(1437) User=0.00s Sys=0.00s Real=0.00s
[517.240s][info][gc,start       ] GC(1438) Pause Young (Allocation Failure)
[517.241s][info][gc,heap        ] GC(1438) PSYoungGen: 286784K(307712K)->64K(309248K) Eden: 286720K(286720K)->0K(286720K) From: 64K(20992K)->64K(22528K)
[517.241s][info][gc,heap        ] GC(1438) ParOldGen: 369631K(369664K)->369647K(369664K)
[517.241s][info][gc,metaspace   ] GC(1438) Metaspace: 35534K(36288K)->35534K(36288K) NonClass: 26318K(26880K)->26318K(26880K) Class: 9215K(9408K)->9215K(9408K)
[517.241s][info][gc             ] GC(1438) Pause Young (Allocation Failure) 641M->361M(663M) 1.342ms
[517.241s][info][gc,cpu         ] GC(1438) User=0.01s Sys=0.00s Real=0.00s
[517.475s][info][gc,start       ] GC(1439) Pause Young (Allocation Failure)
[517.476s][info][gc,heap        ] GC(1439) PSYoungGen: 286784K(309248K)->64K(308736K) Eden: 286720K(286720K)->0K(289792K) From: 64K(22528K)->64K(18944K)
[517.476s][info][gc,heap        ] GC(1439) ParOldGen: 369647K(369664K)->369663K(369664K)
[517.476s][info][gc,metaspace   ] GC(1439) Metaspace: 35534K(36288K)->35534K(36288K) NonClass: 26318K(26880K)->26318K(26880K) Class: 9215K(9408K)->9215K(9408K)
[517.476s][info][gc             ] GC(1439) Pause Young (Allocation Failure) 641M->361M(662M) 1.203ms
[517.476s][info][gc,cpu         ] GC(1439) User=0.00s Sys=0.00s Real=0.00s
[517.716s][info][gc,start       ] GC(1440) Pause Young (Allocation Failure)
[517.717s][info][gc,heap        ] GC(1440) PSYoungGen: 289856K(308736K)->64K(310272K) Eden: 289792K(289792K)->0K(289792K) From: 64K(18944K)->64K(20480K)
[517.717s][info][gc,heap        ] GC(1440) ParOldGen: 369663K(369664K)->369663K(369664K)
[517.717s][info][gc,metaspace   ] GC(1440) Metaspace: 35534K(36288K)->35534K(36288K) NonClass: 26318K(26880K)->26318K(26880K) Class: 9215K(9408K)->9215K(9408K)
[517.717s][info][gc             ] GC(1440) Pause Young (Allocation Failure) 644M->361M(664M) 1.278ms
[517.717s][info][gc,cpu         ] GC(1440) User=0.00s Sys=0.00s Real=0.01s
[518.034s][info][gc,start       ] GC(1441) Pause Young (Allocation Failure)
[518.035s][info][gc,heap        ] GC(1441) PSYoungGen: 289856K(310272K)->64K(310784K) Eden: 289792K(289792K)->0K(293888K) From: 64K(20480K)->64K(16896K)
[518.035s][info][gc,heap        ] GC(1441) ParOldGen: 369663K(369664K)->369663K(369664K)
[518.035s][info][gc,metaspace   ] GC(1441) Metaspace: 35534K(36288K)->35534K(36288K) NonClass: 26318K(26880K)->26318K(26880K) Class: 9215K(9408K)->9215K(9408K)
[518.035s][info][gc             ] GC(1441) Pause Young (Allocation Failure) 644M->361M(664M) 1.290ms
[518.035s][info][gc,cpu         ] GC(1441) User=0.00s Sys=0.00s Real=0.00s
[518.088s][info][gc,start       ] GC(1442) Pause Young (Allocation Failure)
[518.090s][info][gc,heap        ] GC(1442) PSYoungGen: 293952K(310784K)->64K(312320K) Eden: 293888K(293888K)->0K(293888K) From: 64K(16896K)->64K(18432K)
[518.090s][info][gc,heap        ] GC(1442) ParOldGen: 369663K(369664K)->369679K(370176K)
[518.090s][info][gc,metaspace   ] GC(1442) Metaspace: 35534K(36288K)->35534K(36288K) NonClass: 26318K(26880K)->26318K(26880K) Class: 9215K(9408K)->9215K(9408K)
[518.090s][info][gc             ] GC(1442) Pause Young (Allocation Failure) 648M->361M(666M) 1.312ms
[518.090s][info][gc,cpu         ] GC(1442) User=0.01s Sys=0.00s Real=0.00s
[518.159s][info][gc,start       ] GC(1443) Pause Young (Allocation Failure)
[518.160s][info][gc,heap        ] GC(1443) PSYoungGen: 293952K(312320K)->64K(312832K) Eden: 293888K(293888K)->0K(297472K) From: 64K(18432K)->64K(15360K)
[518.160s][info][gc,heap        ] GC(1443) ParOldGen: 369679K(370176K)->369679K(370176K)
[518.161s][info][gc,metaspace   ] GC(1443) Metaspace: 35534K(36288K)->35534K(36288K) NonClass: 26318K(26880K)->26318K(26880K) Class: 9215K(9408K)->9215K(9408K)
[518.161s][info][gc             ] GC(1443) Pause Young (Allocation Failure) 648M->361M(667M) 1.273ms
[518.161s][info][gc,cpu         ] GC(1443) User=0.00s Sys=0.00s Real=0.00s
[518.406s][info][gc,start       ] GC(1444) Pause Young (Allocation Failure)
[518.408s][info][gc,heap        ] GC(1444) PSYoungGen: 297536K(312832K)->64K(314368K) Eden: 297472K(297472K)->0K(297472K) From: 64K(15360K)->64K(16896K)
[518.408s][info][gc,heap        ] GC(1444) ParOldGen: 369679K(370176K)->369695K(370176K)
[518.408s][info][gc,metaspace   ] GC(1444) Metaspace: 35534K(36288K)->35534K(36288K) NonClass: 26318K(26880K)->26318K(26880K) Class: 9215K(9408K)->9215K(9408K)
[518.408s][info][gc             ] GC(1444) Pause Young (Allocation Failure) 651M->361M(668M) 1.230ms
[518.408s][info][gc,cpu         ] GC(1444) User=0.00s Sys=0.00s Real=0.01s
[518.613s][info][gc,start       ] GC(1445) Pause Young (Allocation Failure)
[518.614s][info][gc,heap        ] GC(1445) PSYoungGen: 297536K(314368K)->64K(314368K) Eden: 297472K(297472K)->0K(301056K) From: 64K(16896K)->64K(13312K)
[518.614s][info][gc,heap        ] GC(1445) ParOldGen: 369695K(370176K)->369695K(370176K)
[518.614s][info][gc,metaspace   ] GC(1445) Metaspace: 35534K(36288K)->35534K(36288K) NonClass: 26318K(26880K)->26318K(26880K) Class: 9215K(9408K)->9215K(9408K)
[518.614s][info][gc             ] GC(1445) Pause Young (Allocation Failure) 651M->361M(668M) 1.235ms
[518.614s][info][gc,cpu         ] GC(1445) User=0.01s Sys=0.00s Real=0.00s
[518.697s][info][gc,start       ] GC(1446) Pause Young (Allocation Failure)
[518.698s][info][gc,heap        ] GC(1446) PSYoungGen: 301120K(314368K)->64K(315904K) Eden: 301056K(301056K)->0K(301056K) From: 64K(13312K)->64K(14848K)
[518.698s][info][gc,heap        ] GC(1446) ParOldGen: 369695K(370176K)->369711K(370176K)
[518.698s][info][gc,metaspace   ] GC(1446) Metaspace: 35534K(36288K)->35534K(36288K) NonClass: 26318K(26880K)->26318K(26880K) Class: 9215K(9408K)->9215K(9408K)
[518.698s][info][gc             ] GC(1446) Pause Young (Allocation Failure) 655M->361M(670M) 1.264ms
[518.698s][info][gc,cpu         ] GC(1446) User=0.00s Sys=0.00s Real=0.00s
[518.836s][info][gc,start       ] GC(1447) Pause Young (Allocation Failure)
[518.837s][info][gc,heap        ] GC(1447) PSYoungGen: 301120K(315904K)->64K(317440K) Eden: 301056K(301056K)->0K(305152K) From: 64K(14848K)->64K(12288K)
[518.837s][info][gc,heap        ] GC(1447) ParOldGen: 369711K(370176K)->369711K(370176K)
[518.837s][info][gc,metaspace   ] GC(1447) Metaspace: 35534K(36288K)->35534K(36288K) NonClass: 26318K(26880K)->26318K(26880K) Class: 9215K(9408K)->9215K(9408K)
[518.837s][info][gc             ] GC(1447) Pause Young (Allocation Failure) 655M->361M(671M) 1.216ms
[518.837s][info][gc,cpu         ] GC(1447) User=0.00s Sys=0.00s Real=0.01s
[519.763s][info][gc,start       ] GC(1448) Pause Young (Allocation Failure)
[519.764s][info][gc,heap        ] GC(1448) PSYoungGen: 305216K(317440K)->64K(318464K) Eden: 305152K(305152K)->0K(305152K) From: 64K(12288K)->64K(13312K)
[519.764s][info][gc,heap        ] GC(1448) ParOldGen: 369711K(370176K)->369719K(370176K)
[519.764s][info][gc,metaspace   ] GC(1448) Metaspace: 35534K(36288K)->35534K(36288K) NonClass: 26318K(26880K)->26318K(26880K) Class: 9215K(9408K)->9215K(9408K)
[519.764s][info][gc             ] GC(1448) Pause Young (Allocation Failure) 659M->361M(672M) 1.290ms
[519.764s][info][gc,cpu         ] GC(1448) User=0.00s Sys=0.00s Real=0.00s
[520.577s][info][gc,start       ] GC(1449) Pause Young (Allocation Failure)
[520.579s][info][gc,heap        ] GC(1449) PSYoungGen: 305216K(318464K)->64K(293376K) Eden: 305152K(305152K)->0K(292864K) From: 64K(13312K)->64K(512K)
[520.579s][info][gc,heap        ] GC(1449) ParOldGen: 369719K(370176K)->369727K(370176K)
[520.579s][info][gc,metaspace   ] GC(1449) Metaspace: 35534K(36288K)->35534K(36288K) NonClass: 26318K(26880K)->26318K(26880K) Class: 9215K(9408K)->9215K(9408K)
[520.579s][info][gc             ] GC(1449) Pause Young (Allocation Failure) 659M->361M(648M) 1.623ms
[520.579s][info][gc,cpu         ] GC(1449) User=0.00s Sys=0.00s Real=0.00s
[520.900s][info][gc,start       ] GC(1450) Pause Young (Allocation Failure)
[520.901s][info][gc,heap        ] GC(1450) PSYoungGen: 292928K(293376K)->64K(292864K) Eden: 292864K(292864K)->0K(281088K) From: 64K(512K)->64K(11776K)
[520.901s][info][gc,heap        ] GC(1450) ParOldGen: 369727K(370176K)->369735K(370176K)
[520.901s][info][gc,metaspace   ] GC(1450) Metaspace: 35534K(36288K)->35534K(36288K) NonClass: 26318K(26880K)->26318K(26880K) Class: 9215K(9408K)->9215K(9408K)
[520.901s][info][gc             ] GC(1450) Pause Young (Allocation Failure) 647M->361M(647M) 1.187ms
[520.901s][info][gc,cpu         ] GC(1450) User=0.00s Sys=0.00s Real=0.00s
[521.793s][info][gc,start       ] GC(1451) Pause Young (Allocation Failure)
[521.794s][info][gc,heap        ] GC(1451) PSYoungGen: 281152K(292864K)->64K(270336K) Eden: 281088K(281088K)->0K(269824K) From: 64K(11776K)->64K(512K)
[521.795s][info][gc,heap        ] GC(1451) ParOldGen: 369735K(370176K)->369743K(370176K)
[521.795s][info][gc,metaspace   ] GC(1451) Metaspace: 35534K(36288K)->35534K(36288K) NonClass: 26318K(26880K)->26318K(26880K) Class: 9215K(9408K)->9215K(9408K)
[521.795s][info][gc             ] GC(1451) Pause Young (Allocation Failure) 635M->361M(625M) 1.756ms
[521.795s][info][gc,cpu         ] GC(1451) User=0.00s Sys=0.00s Real=0.00s
[522.240s][info][gc,start       ] GC(1452) Pause Young (Allocation Failure)
[522.241s][info][gc,heap        ] GC(1452) PSYoungGen: 269888K(270336K)->64K(269824K) Eden: 269824K(269824K)->0K(259584K) From: 64K(512K)->64K(10240K)
[522.241s][info][gc,heap        ] GC(1452) ParOldGen: 369743K(370176K)->369751K(370176K)
[522.241s][info][gc,metaspace   ] GC(1452) Metaspace: 35534K(36288K)->35534K(36288K) NonClass: 26318K(26880K)->26318K(26880K) Class: 9215K(9408K)->9215K(9408K)
[522.241s][info][gc             ] GC(1452) Pause Young (Allocation Failure) 624M->361M(625M) 1.199ms
[522.241s][info][gc,cpu         ] GC(1452) User=0.01s Sys=0.00s Real=0.00s
[522.587s][info][gc,start       ] GC(1453) Pause Young (Allocation Failure)
[522.588s][info][gc,heap        ] GC(1453) PSYoungGen: 259648K(269824K)->64K(250368K) Eden: 259584K(259584K)->0K(249856K) From: 64K(10240K)->64K(512K)
[522.588s][info][gc,heap        ] GC(1453) ParOldGen: 369751K(370176K)->369759K(370176K)
[522.588s][info][gc,metaspace   ] GC(1453) Metaspace: 35534K(36288K)->35534K(36288K) NonClass: 26318K(26880K)->26318K(26880K) Class: 9215K(9408K)->9215K(9408K)
[522.588s][info][gc             ] GC(1453) Pause Young (Allocation Failure) 614M->361M(606M) 1.397ms
[522.588s][info][gc,cpu         ] GC(1453) User=0.00s Sys=0.00s Real=0.01s
[522.667s][info][gc,start       ] GC(1454) Pause Young (Allocation Failure)
[522.668s][info][gc,heap        ] GC(1454) PSYoungGen: 249920K(250368K)->64K(248832K) Eden: 249856K(249856K)->0K(240128K) From: 64K(512K)->64K(8704K)
[522.668s][info][gc,heap        ] GC(1454) ParOldGen: 369759K(370176K)->369767K(370176K)
[522.668s][info][gc,metaspace   ] GC(1454) Metaspace: 35534K(36288K)->35534K(36288K) NonClass: 26318K(26880K)->26318K(26880K) Class: 9215K(9408K)->9215K(9408K)
[522.668s][info][gc             ] GC(1454) Pause Young (Allocation Failure) 605M->361M(604M) 1.064ms
[522.668s][info][gc,cpu         ] GC(1454) User=0.00s Sys=0.00s Real=0.00s
[523.215s][info][gc,start       ] GC(1455) Pause Young (Allocation Failure)
[523.216s][info][gc,heap        ] GC(1455) PSYoungGen: 240192K(248832K)->64K(231424K) Eden: 240128K(240128K)->0K(230912K) From: 64K(8704K)->64K(512K)
[523.217s][info][gc,heap        ] GC(1455) ParOldGen: 369767K(370176K)->369775K(370176K)
[523.217s][info][gc,metaspace   ] GC(1455) Metaspace: 35534K(36288K)->35534K(36288K) NonClass: 26318K(26880K)->26318K(26880K) Class: 9215K(9408K)->9215K(9408K)
[523.217s][info][gc             ] GC(1455) Pause Young (Allocation Failure) 595M->361M(587M) 1.790ms
[523.217s][info][gc,cpu         ] GC(1455) User=0.00s Sys=0.00s Real=0.00s
[523.420s][info][gc,start       ] GC(1456) Pause Young (Allocation Failure)
[523.421s][info][gc,heap        ] GC(1456) PSYoungGen: 230976K(231424K)->64K(229888K) Eden: 230912K(230912K)->0K(222208K) From: 64K(512K)->64K(7680K)
[523.421s][info][gc,heap        ] GC(1456) ParOldGen: 369775K(370176K)->369783K(370176K)
[523.421s][info][gc,metaspace   ] GC(1456) Metaspace: 35534K(36288K)->35534K(36288K) NonClass: 26318K(26880K)->26318K(26880K) Class: 9215K(9408K)->9215K(9408K)
[523.421s][info][gc             ] GC(1456) Pause Young (Allocation Failure) 586M->361M(586M) 1.096ms
[523.421s][info][gc,cpu         ] GC(1456) User=0.00s Sys=0.00s Real=0.00s
[523.742s][info][gc,start       ] GC(1457) Pause Young (Allocation Failure)
[523.766s][info][gc,heap        ] GC(1457) PSYoungGen: 222272K(229888K)->7168K(271872K) Eden: 222208K(222208K)->0K(264704K) From: 64K(7680K)->7168K(7168K)
[523.767s][info][gc,heap        ] GC(1457) ParOldGen: 369783K(370176K)->376599K(376832K)
[523.767s][info][gc,metaspace   ] GC(1457) Metaspace: 35534K(36288K)->35534K(36288K) NonClass: 26318K(26880K)->26318K(26880K) Class: 9215K(9408K)->9215K(9408K)
[523.767s][info][gc             ] GC(1457) Pause Young (Allocation Failure) 578M->374M(633M) 24.297ms
[523.767s][info][gc,cpu         ] GC(1457) User=0.05s Sys=0.01s Real=0.02s
[524.073s][info][gc,start       ] GC(1458) Pause Young (Allocation Failure)
[524.128s][info][gc,heap        ] GC(1458) PSYoungGen: 271872K(271872K)->11264K(283136K) Eden: 264704K(264704K)->0K(271872K) From: 7168K(7168K)->11264K(11264K)
[524.128s][info][gc,heap        ] GC(1458) ParOldGen: 376599K(376832K)->395303K(395776K)
[524.128s][info][gc,metaspace   ] GC(1458) Metaspace: 35534K(36288K)->35534K(36288K) NonClass: 26318K(26880K)->26318K(26880K) Class: 9215K(9408K)->9215K(9408K)
[524.128s][info][gc             ] GC(1458) Pause Young (Allocation Failure) 633M->397M(663M) 55.326ms
[524.128s][info][gc,cpu         ] GC(1458) User=0.09s Sys=0.01s Real=0.06s
[524.349s][info][gc,start       ] GC(1459) Pause Young (Allocation Failure)
[524.390s][info][gc,heap        ] GC(1459) PSYoungGen: 283136K(283136K)->18880K(305664K) Eden: 271872K(271872K)->0K(284672K) From: 11264K(11264K)->18880K(20992K)
[524.390s][info][gc,heap        ] GC(1459) ParOldGen: 395303K(395776K)->395815K(396288K)
[524.390s][info][gc,metaspace   ] GC(1459) Metaspace: 35534K(36288K)->35534K(36288K) NonClass: 26318K(26880K)->26318K(26880K) Class: 9215K(9408K)->9215K(9408K)
[524.390s][info][gc             ] GC(1459) Pause Young (Allocation Failure) 662M->404M(685M) 41.530ms
[524.390s][info][gc,cpu         ] GC(1459) User=0.07s Sys=0.01s Real=0.04s
[524.630s][info][gc,start       ] GC(1460) Pause Young (Allocation Failure)
[524.631s][info][gc,heap        ] GC(1460) PSYoungGen: 303552K(305664K)->64K(309248K) Eden: 284672K(284672K)->0K(284672K) From: 18880K(20992K)->64K(24576K)
[524.631s][info][gc,heap        ] GC(1460) ParOldGen: 395815K(396288K)->395823K(396288K)
[524.631s][info][gc,metaspace   ] GC(1460) Metaspace: 35534K(36288K)->35534K(36288K) NonClass: 26318K(26880K)->26318K(26880K) Class: 9215K(9408K)->9215K(9408K)
[524.631s][info][gc             ] GC(1460) Pause Young (Allocation Failure) 682M->386M(689M) 1.375ms
[524.631s][info][gc,cpu         ] GC(1460) User=0.00s Sys=0.00s Real=0.00s
[525.256s][info][gc,start       ] GC(1461) Pause Young (Allocation Failure)
[525.258s][info][gc,heap        ] GC(1461) PSYoungGen: 284736K(309248K)->64K(307200K) Eden: 284672K(284672K)->0K(285696K) From: 64K(24576K)->64K(21504K)
[525.258s][info][gc,heap        ] GC(1461) ParOldGen: 395823K(396288K)->395831K(396288K)
[525.258s][info][gc,metaspace   ] GC(1461) Metaspace: 35534K(36288K)->35534K(36288K) NonClass: 26318K(26880K)->26318K(26880K) Class: 9215K(9408K)->9215K(9408K)
[525.258s][info][gc             ] GC(1461) Pause Young (Allocation Failure) 664M->386M(687M) 1.403ms
[525.258s][info][gc,cpu         ] GC(1461) User=0.00s Sys=0.00s Real=0.01s
[525.723s][info][gc,start       ] GC(1462) Pause Young (Allocation Failure)
[525.724s][info][gc,heap        ] GC(1462) PSYoungGen: 285760K(307200K)->64K(308736K) Eden: 285696K(285696K)->0K(285696K) From: 64K(21504K)->64K(23040K)
[525.724s][info][gc,heap        ] GC(1462) ParOldGen: 395831K(396288K)->395847K(396288K)
[525.724s][info][gc,metaspace   ] GC(1462) Metaspace: 35534K(36288K)->35534K(36288K) NonClass: 26318K(26880K)->26318K(26880K) Class: 9215K(9408K)->9215K(9408K)
[525.724s][info][gc             ] GC(1462) Pause Young (Allocation Failure) 665M->386M(688M) 1.342ms
[525.724s][info][gc,cpu         ] GC(1462) User=0.00s Sys=0.00s Real=0.00s
[525.960s][info][gc,start       ] GC(1463) Pause Young (Allocation Failure)
[525.961s][info][gc,heap        ] GC(1463) PSYoungGen: 285760K(308736K)->64K(308224K) Eden: 285696K(285696K)->0K(288768K) From: 64K(23040K)->64K(19456K)
[525.961s][info][gc,heap        ] GC(1463) ParOldGen: 395847K(396288K)->395863K(396288K)
[525.961s][info][gc,metaspace   ] GC(1463) Metaspace: 35534K(36288K)->35534K(36288K) NonClass: 26318K(26880K)->26318K(26880K) Class: 9215K(9408K)->9215K(9408K)
[525.961s][info][gc             ] GC(1463) Pause Young (Allocation Failure) 665M->386M(688M) 1.386ms
[525.961s][info][gc,cpu         ] GC(1463) User=0.01s Sys=0.00s Real=0.00s
[526.197s][info][gc,start       ] GC(1464) Pause Young (Allocation Failure)
[526.198s][info][gc,heap        ] GC(1464) PSYoungGen: 288832K(308224K)->64K(309760K) Eden: 288768K(288768K)->0K(288768K) From: 64K(19456K)->64K(20992K)
[526.198s][info][gc,heap        ] GC(1464) ParOldGen: 395863K(396288K)->395863K(396288K)
[526.198s][info][gc,metaspace   ] GC(1464) Metaspace: 35534K(36288K)->35534K(36288K) NonClass: 26318K(26880K)->26318K(26880K) Class: 9215K(9408K)->9215K(9408K)
[526.198s][info][gc             ] GC(1464) Pause Young (Allocation Failure) 668M->386M(689M) 1.246ms
[526.198s][info][gc,cpu         ] GC(1464) User=0.00s Sys=0.00s Real=0.01s
[526.527s][info][gc,start       ] GC(1465) Pause Young (Allocation Failure)
[526.528s][info][gc,heap        ] GC(1465) PSYoungGen: 288832K(309760K)->64K(310272K) Eden: 288768K(288768K)->0K(292864K) From: 64K(20992K)->64K(17408K)
[526.528s][info][gc,heap        ] GC(1465) ParOldGen: 395863K(396288K)->395863K(396288K)
[526.528s][info][gc,metaspace   ] GC(1465) Metaspace: 35534K(36288K)->35534K(36288K) NonClass: 26318K(26880K)->26318K(26880K) Class: 9215K(9408K)->9215K(9408K)
[526.528s][info][gc             ] GC(1465) Pause Young (Allocation Failure) 668M->386M(690M) 1.203ms
[526.528s][info][gc,cpu         ] GC(1465) User=0.00s Sys=0.00s Real=0.00s
[526.578s][info][gc,start       ] GC(1466) Pause Young (Allocation Failure)
[526.579s][info][gc,heap        ] GC(1466) PSYoungGen: 292928K(310272K)->64K(311808K) Eden: 292864K(292864K)->0K(292864K) From: 64K(17408K)->64K(18944K)
[526.579s][info][gc,heap        ] GC(1466) ParOldGen: 395863K(396288K)->395879K(396288K)
[526.579s][info][gc,metaspace   ] GC(1466) Metaspace: 35534K(36288K)->35534K(36288K) NonClass: 26318K(26880K)->26318K(26880K) Class: 9215K(9408K)->9215K(9408K)
[526.579s][info][gc             ] GC(1466) Pause Young (Allocation Failure) 672M->386M(691M) 1.120ms
[526.579s][info][gc,cpu         ] GC(1466) User=0.00s Sys=0.00s Real=0.00s
[526.629s][info][gc,start       ] GC(1467) Pause Young (Allocation Failure)
[526.630s][info][gc,heap        ] GC(1467) PSYoungGen: 292928K(311808K)->64K(312320K) Eden: 292864K(292864K)->0K(296960K) From: 64K(18944K)->64K(15360K)
[526.630s][info][gc,heap        ] GC(1467) ParOldGen: 395879K(396288K)->395879K(396288K)
[526.630s][info][gc,metaspace   ] GC(1467) Metaspace: 35534K(36288K)->35534K(36288K) NonClass: 26318K(26880K)->26318K(26880K) Class: 9215K(9408K)->9215K(9408K)
[526.630s][info][gc             ] GC(1467) Pause Young (Allocation Failure) 672M->386M(692M) 1.170ms
[526.630s][info][gc,cpu         ] GC(1467) User=0.00s Sys=0.00s Real=0.00s
[526.872s][info][gc,start       ] GC(1468) Pause Young (Allocation Failure)
[526.874s][info][gc,heap        ] GC(1468) PSYoungGen: 297024K(312320K)->64K(313856K) Eden: 296960K(296960K)->0K(296960K) From: 64K(15360K)->64K(16896K)
[526.874s][info][gc,heap        ] GC(1468) ParOldGen: 395879K(396288K)->395879K(396288K)
[526.874s][info][gc,metaspace   ] GC(1468) Metaspace: 35534K(36288K)->35534K(36288K) NonClass: 26318K(26880K)->26318K(26880K) Class: 9215K(9408K)->9215K(9408K)
[526.874s][info][gc             ] GC(1468) Pause Young (Allocation Failure) 676M->386M(693M) 1.262ms
[526.874s][info][gc,cpu         ] GC(1468) User=0.01s Sys=0.00s Real=0.00s
[527.093s][info][gc,start       ] GC(1469) Pause Young (Allocation Failure)
[527.094s][info][gc,heap        ] GC(1469) PSYoungGen: 297024K(313856K)->64K(314368K) Eden: 296960K(296960K)->0K(300544K) From: 64K(16896K)->64K(13824K)
[527.094s][info][gc,heap        ] GC(1469) ParOldGen: 395879K(396288K)->395887K(396288K)
[527.094s][info][gc,metaspace   ] GC(1469) Metaspace: 35534K(36288K)->35534K(36288K) NonClass: 26318K(26880K)->26318K(26880K) Class: 9215K(9408K)->9215K(9408K)
[527.094s][info][gc             ] GC(1469) Pause Young (Allocation Failure) 676M->386M(694M) 1.334ms
[527.094s][info][gc,cpu         ] GC(1469) User=0.01s Sys=0.00s Real=0.00s
[527.178s][info][gc,start       ] GC(1470) Pause Young (Allocation Failure)
[527.179s][info][gc,heap        ] GC(1470) PSYoungGen: 300608K(314368K)->64K(315904K) Eden: 300544K(300544K)->0K(300544K) From: 64K(13824K)->64K(15360K)
[527.179s][info][gc,heap        ] GC(1470) ParOldGen: 395887K(396288K)->395895K(396288K)
[527.179s][info][gc,metaspace   ] GC(1470) Metaspace: 35534K(36288K)->35534K(36288K) NonClass: 26318K(26880K)->26318K(26880K) Class: 9215K(9408K)->9215K(9408K)
[527.179s][info][gc             ] GC(1470) Pause Young (Allocation Failure) 680M->386M(695M) 1.213ms
[527.179s][info][gc,cpu         ] GC(1470) User=0.00s Sys=0.00s Real=0.00s
[527.308s][info][gc,start       ] GC(1471) Pause Young (Allocation Failure)
[527.309s][info][gc,heap        ] GC(1471) PSYoungGen: 300608K(315904K)->64K(315904K) Eden: 300544K(300544K)->0K(304128K) From: 64K(15360K)->64K(11776K)
[527.309s][info][gc,heap        ] GC(1471) ParOldGen: 395895K(396288K)->395903K(396288K)
[527.309s][info][gc,metaspace   ] GC(1471) Metaspace: 35534K(36288K)->35534K(36288K) NonClass: 26318K(26880K)->26318K(26880K) Class: 9215K(9408K)->9215K(9408K)
[527.309s][info][gc             ] GC(1471) Pause Young (Allocation Failure) 680M->386M(695M) 1.211ms
[527.309s][info][gc,cpu         ] GC(1471) User=0.00s Sys=0.00s Real=0.00s
[527.719s][info][gc,start       ] GC(1472) Pause Young (Allocation Failure)
[527.721s][info][gc,heap        ] GC(1472) PSYoungGen: 304192K(315904K)->64K(317440K) Eden: 304128K(304128K)->0K(304128K) From: 64K(11776K)->64K(13312K)
[527.721s][info][gc,heap        ] GC(1472) ParOldGen: 395903K(396288K)->395911K(396288K)
[527.721s][info][gc,metaspace   ] GC(1472) Metaspace: 35534K(36288K)->35534K(36288K) NonClass: 26318K(26880K)->26318K(26880K) Class: 9215K(9408K)->9215K(9408K)
[527.721s][info][gc             ] GC(1472) Pause Young (Allocation Failure) 683M->386M(697M) 1.373ms
[527.721s][info][gc,cpu         ] GC(1472) User=0.00s Sys=0.00s Real=0.00s
[529.077s][info][gc,start       ] GC(1473) Pause Young (Allocation Failure)
[529.079s][info][gc,heap        ] GC(1473) PSYoungGen: 304192K(317440K)->64K(292352K) Eden: 304128K(304128K)->0K(291840K) From: 64K(13312K)->64K(512K)
[529.079s][info][gc,heap        ] GC(1473) ParOldGen: 395911K(396288K)->395919K(396288K)
[529.079s][info][gc,metaspace   ] GC(1473) Metaspace: 35534K(36288K)->35534K(36288K) NonClass: 26318K(26880K)->26318K(26880K) Class: 9215K(9408K)->9215K(9408K)
[529.079s][info][gc             ] GC(1473) Pause Young (Allocation Failure) 683M->386M(672M) 1.867ms
[529.079s][info][gc,cpu         ] GC(1473) User=0.00s Sys=0.00s Real=0.00s
[529.345s][info][gc,start       ] GC(1474) Pause Young (Allocation Failure)
[529.346s][info][gc,heap        ] GC(1474) PSYoungGen: 291904K(292352K)->64K(291840K) Eden: 291840K(291840K)->0K(280064K) From: 64K(512K)->64K(11776K)
[529.346s][info][gc,heap        ] GC(1474) ParOldGen: 395919K(396288K)->395927K(396288K)
[529.346s][info][gc,metaspace   ] GC(1474) Metaspace: 35534K(36288K)->35534K(36288K) NonClass: 26318K(26880K)->26318K(26880K) Class: 9215K(9408K)->9215K(9408K)
[529.346s][info][gc             ] GC(1474) Pause Young (Allocation Failure) 671M->386M(672M) 1.251ms
[529.346s][info][gc,cpu         ] GC(1474) User=0.00s Sys=0.00s Real=0.00s
[529.813s][info][gc,start       ] GC(1475) Pause Young (Allocation Failure)
[529.814s][info][gc,heap        ] GC(1475) PSYoungGen: 280128K(291840K)->64K(269824K) Eden: 280064K(280064K)->0K(269312K) From: 64K(11776K)->64K(512K)
[529.814s][info][gc,heap        ] GC(1475) ParOldGen: 395927K(396288K)->395935K(396288K)
[529.814s][info][gc,metaspace   ] GC(1475) Metaspace: 35534K(36288K)->35534K(36288K) NonClass: 26318K(26880K)->26318K(26880K) Class: 9215K(9408K)->9215K(9408K)
[529.814s][info][gc             ] GC(1475) Pause Young (Allocation Failure) 660M->386M(650M) 1.774ms
[529.814s][info][gc,cpu         ] GC(1475) User=0.00s Sys=0.00s Real=0.00s
[530.733s][info][gc,start       ] GC(1476) Pause Young (Allocation Failure)
[530.734s][info][gc,heap        ] GC(1476) PSYoungGen: 269376K(269824K)->64K(269312K) Eden: 269312K(269312K)->0K(259072K) From: 64K(512K)->64K(10240K)
[530.734s][info][gc,heap        ] GC(1476) ParOldGen: 395935K(396288K)->395943K(396288K)
[530.734s][info][gc,metaspace   ] GC(1476) Metaspace: 35534K(36288K)->35534K(36288K) NonClass: 26318K(26880K)->26318K(26880K) Class: 9215K(9408K)->9215K(9408K)
[530.734s][info][gc             ] GC(1476) Pause Young (Allocation Failure) 649M->386M(650M) 1.251ms
[530.734s][info][gc,cpu         ] GC(1476) User=0.00s Sys=0.00s Real=0.00s
[531.098s][info][gc,start       ] GC(1477) Pause Young (Allocation Failure)
[531.099s][info][gc,heap        ] GC(1477) PSYoungGen: 259136K(269312K)->64K(249856K) Eden: 259072K(259072K)->0K(249344K) From: 64K(10240K)->64K(512K)
[531.099s][info][gc,heap        ] GC(1477) ParOldGen: 395943K(396288K)->395951K(396288K)
[531.099s][info][gc,metaspace   ] GC(1477) Metaspace: 35534K(36288K)->35534K(36288K) NonClass: 26318K(26880K)->26318K(26880K) Class: 9215K(9408K)->9215K(9408K)
[531.099s][info][gc             ] GC(1477) Pause Young (Allocation Failure) 639M->386M(631M) 1.450ms
[531.099s][info][gc,cpu         ] GC(1477) User=0.00s Sys=0.00s Real=0.00s
[531.167s][info][gc,start       ] GC(1478) Pause Young (Allocation Failure)
[531.168s][info][gc,heap        ] GC(1478) PSYoungGen: 249408K(249856K)->64K(248320K) Eden: 249344K(249344K)->0K(239616K) From: 64K(512K)->64K(8704K)
[531.168s][info][gc,heap        ] GC(1478) ParOldGen: 395951K(396288K)->395959K(396288K)
[531.168s][info][gc,metaspace   ] GC(1478) Metaspace: 35534K(36288K)->35534K(36288K) NonClass: 26318K(26880K)->26318K(26880K) Class: 9215K(9408K)->9215K(9408K)
[531.168s][info][gc             ] GC(1478) Pause Young (Allocation Failure) 630M->386M(629M) 1.099ms
[531.168s][info][gc,cpu         ] GC(1478) User=0.00s Sys=0.00s Real=0.01s
[531.660s][info][gc,start       ] GC(1479) Pause Young (Allocation Failure)
[531.662s][info][gc,heap        ] GC(1479) PSYoungGen: 239680K(248320K)->64K(230912K) Eden: 239616K(239616K)->0K(230400K) From: 64K(8704K)->64K(512K)
[531.662s][info][gc,heap        ] GC(1479) ParOldGen: 395959K(396288K)->395967K(396288K)
[531.662s][info][gc,metaspace   ] GC(1479) Metaspace: 35534K(36288K)->35534K(36288K) NonClass: 26318K(26880K)->26318K(26880K) Class: 9215K(9408K)->9215K(9408K)
[531.662s][info][gc             ] GC(1479) Pause Young (Allocation Failure) 620M->386M(612M) 2.020ms
[531.662s][info][gc,cpu         ] GC(1479) User=0.01s Sys=0.00s Real=0.00s
[531.897s][info][gc,start       ] GC(1480) Pause Young (Allocation Failure)
[531.898s][info][gc,heap        ] GC(1480) PSYoungGen: 230464K(230912K)->64K(229376K) Eden: 230400K(230400K)->0K(221696K) From: 64K(512K)->64K(7680K)
[531.899s][info][gc,heap        ] GC(1480) ParOldGen: 395967K(396288K)->395975K(396288K)
[531.899s][info][gc,metaspace   ] GC(1480) Metaspace: 35534K(36288K)->35534K(36288K) NonClass: 26318K(26880K)->26318K(26880K) Class: 9215K(9408K)->9215K(9408K)
[531.899s][info][gc             ] GC(1480) Pause Young (Allocation Failure) 611M->386M(611M) 1.302ms
[531.899s][info][gc,cpu         ] GC(1480) User=0.00s Sys=0.00s Real=0.00s
[532.233s][info][gc,start       ] GC(1481) Pause Young (Allocation Failure)
[532.251s][info][gc,heap        ] GC(1481) PSYoungGen: 221760K(229376K)->7168K(270336K) Eden: 221696K(221696K)->0K(263168K) From: 64K(7680K)->7168K(7168K)
[532.251s][info][gc,heap        ] GC(1481) ParOldGen: 395975K(396288K)->398895K(399360K)
[532.251s][info][gc,metaspace   ] GC(1481) Metaspace: 35534K(36288K)->35534K(36288K) NonClass: 26318K(26880K)->26318K(26880K) Class: 9215K(9408K)->9215K(9408K)
[532.251s][info][gc             ] GC(1481) Pause Young (Allocation Failure) 603M->396M(654M) 17.148ms
[532.251s][info][gc,cpu         ] GC(1481) User=0.03s Sys=0.00s Real=0.02s
[532.554s][info][gc,start       ] GC(1482) Pause Young (Allocation Failure)
[532.609s][info][gc,heap        ] GC(1482) PSYoungGen: 270336K(270336K)->10240K(283648K) Eden: 263168K(263168K)->0K(273408K) From: 7168K(7168K)->10240K(10240K)
[532.609s][info][gc,heap        ] GC(1482) ParOldGen: 398895K(399360K)->418351K(418816K)
[532.609s][info][gc,metaspace   ] GC(1482) Metaspace: 35534K(36288K)->35534K(36288K) NonClass: 26318K(26880K)->26318K(26880K) Class: 9215K(9408K)->9215K(9408K)
[532.609s][info][gc             ] GC(1482) Pause Young (Allocation Failure) 653M->418M(686M) 54.663ms
[532.609s][info][gc,cpu         ] GC(1482) User=0.10s Sys=0.02s Real=0.06s
[532.862s][info][gc,start       ] GC(1483) Pause Young (Allocation Failure)
[532.912s][info][gc,heap        ] GC(1483) PSYoungGen: 283648K(283648K)->19456K(303104K) Eden: 273408K(273408K)->0K(283648K) From: 10240K(10240K)->19456K(19456K)
[532.912s][info][gc,heap        ] GC(1483) ParOldGen: 418351K(418816K)->422351K(422400K)
[532.912s][info][gc,metaspace   ] GC(1483) Metaspace: 35534K(36288K)->35534K(36288K) NonClass: 26318K(26880K)->26318K(26880K) Class: 9215K(9408K)->9215K(9408K)
[532.912s][info][gc             ] GC(1483) Pause Young (Allocation Failure) 685M->431M(708M) 50.300ms
[532.912s][info][gc,cpu         ] GC(1483) User=0.09s Sys=0.01s Real=0.05s
[533.078s][info][gc,start       ] GC(1484) Pause Young (Allocation Failure)
[533.080s][info][gc,heap        ] GC(1484) PSYoungGen: 303104K(303104K)->64K(308736K) Eden: 283648K(283648K)->0K(283648K) From: 19456K(19456K)->64K(25088K)
[533.080s][info][gc,heap        ] GC(1484) ParOldGen: 422351K(422400K)->422447K(422912K)
[533.080s][info][gc,metaspace   ] GC(1484) Metaspace: 35534K(36288K)->35534K(36288K) NonClass: 26318K(26880K)->26318K(26880K) Class: 9215K(9408K)->9215K(9408K)
[533.080s][info][gc             ] GC(1484) Pause Young (Allocation Failure) 708M->412M(714M) 2.534ms
[533.080s][info][gc,cpu         ] GC(1484) User=0.01s Sys=0.01s Real=0.00s
[533.751s][info][gc,start       ] GC(1485) Pause Young (Allocation Failure)
[533.752s][info][gc,heap        ] GC(1485) PSYoungGen: 283712K(308736K)->64K(306176K) Eden: 283648K(283648K)->0K(284160K) From: 64K(25088K)->64K(22016K)
[533.752s][info][gc,heap        ] GC(1485) ParOldGen: 422447K(422912K)->422463K(422912K)
[533.752s][info][gc,metaspace   ] GC(1485) Metaspace: 35534K(36288K)->35534K(36288K) NonClass: 26318K(26880K)->26318K(26880K) Class: 9215K(9408K)->9215K(9408K)
[533.752s][info][gc             ] GC(1485) Pause Young (Allocation Failure) 689M->412M(712M) 1.644ms
[533.752s][info][gc,cpu         ] GC(1485) User=0.00s Sys=0.00s Real=0.00s
[534.228s][info][gc,start       ] GC(1486) Pause Young (Allocation Failure)
[534.230s][info][gc,heap        ] GC(1486) PSYoungGen: 284224K(306176K)->64K(307712K) Eden: 284160K(284160K)->0K(284160K) From: 64K(22016K)->64K(23552K)
[534.230s][info][gc,heap        ] GC(1486) ParOldGen: 422463K(422912K)->422463K(422912K)
[534.230s][info][gc,metaspace   ] GC(1486) Metaspace: 35534K(36288K)->35534K(36288K) NonClass: 26318K(26880K)->26318K(26880K) Class: 9215K(9408K)->9215K(9408K)
[534.230s][info][gc             ] GC(1486) Pause Young (Allocation Failure) 690M->412M(713M) 1.463ms
[534.230s][info][gc,cpu         ] GC(1486) User=0.00s Sys=0.00s Real=0.00s
[534.464s][info][gc,start       ] GC(1487) Pause Young (Allocation Failure)
[534.465s][info][gc,heap        ] GC(1487) PSYoungGen: 284224K(307712K)->64K(307712K) Eden: 284160K(284160K)->0K(287744K) From: 64K(23552K)->64K(19968K)
[534.465s][info][gc,heap        ] GC(1487) ParOldGen: 422463K(422912K)->422479K(422912K)
[534.465s][info][gc,metaspace   ] GC(1487) Metaspace: 35534K(36288K)->35534K(36288K) NonClass: 26318K(26880K)->26318K(26880K) Class: 9215K(9408K)->9215K(9408K)
[534.465s][info][gc             ] GC(1487) Pause Young (Allocation Failure) 690M->412M(713M) 1.388ms
[534.465s][info][gc,cpu         ] GC(1487) User=0.00s Sys=0.00s Real=0.00s
[534.700s][info][gc,start       ] GC(1488) Pause Young (Allocation Failure)
[534.701s][info][gc,heap        ] GC(1488) PSYoungGen: 287808K(307712K)->64K(309248K) Eden: 287744K(287744K)->0K(287744K) From: 64K(19968K)->64K(21504K)
[534.701s][info][gc,heap        ] GC(1488) ParOldGen: 422479K(422912K)->422479K(422912K)
[534.701s][info][gc,metaspace   ] GC(1488) Metaspace: 35534K(36288K)->35534K(36288K) NonClass: 26318K(26880K)->26318K(26880K) Class: 9215K(9408K)->9215K(9408K)
[534.701s][info][gc             ] GC(1488) Pause Young (Allocation Failure) 693M->412M(715M) 1.278ms
[534.701s][info][gc,cpu         ] GC(1488) User=0.00s Sys=0.00s Real=0.00s
[535.059s][info][gc,start       ] GC(1489) Pause Young (Allocation Failure)
[535.060s][info][gc,heap        ] GC(1489) PSYoungGen: 287808K(309248K)->64K(309760K) Eden: 287744K(287744K)->0K(291840K) From: 64K(21504K)->64K(17920K)
[535.060s][info][gc,heap        ] GC(1489) ParOldGen: 422479K(422912K)->422479K(422912K)
[535.060s][info][gc,metaspace   ] GC(1489) Metaspace: 35534K(36288K)->35534K(36288K) NonClass: 26318K(26880K)->26318K(26880K) Class: 9215K(9408K)->9215K(9408K)
[535.060s][info][gc             ] GC(1489) Pause Young (Allocation Failure) 693M->412M(715M) 1.301ms
[535.060s][info][gc,cpu         ] GC(1489) User=0.01s Sys=0.00s Real=0.00s
[535.110s][info][gc,start       ] GC(1490) Pause Young (Allocation Failure)
[535.111s][info][gc,heap        ] GC(1490) PSYoungGen: 291904K(309760K)->64K(311296K) Eden: 291840K(291840K)->0K(291840K) From: 64K(17920K)->64K(19456K)
[535.111s][info][gc,heap        ] GC(1490) ParOldGen: 422479K(422912K)->422495K(422912K)
[535.111s][info][gc,metaspace   ] GC(1490) Metaspace: 35534K(36288K)->35534K(36288K) NonClass: 26318K(26880K)->26318K(26880K) Class: 9215K(9408K)->9215K(9408K)
[535.111s][info][gc             ] GC(1490) Pause Young (Allocation Failure) 697M->412M(717M) 1.194ms
[535.111s][info][gc,cpu         ] GC(1490) User=0.00s Sys=0.00s Real=0.00s
[535.162s][info][gc,start       ] GC(1491) Pause Young (Allocation Failure)
[535.163s][info][gc,heap        ] GC(1491) PSYoungGen: 291904K(311296K)->32K(311808K) Eden: 291840K(291840K)->0K(295936K) From: 64K(19456K)->32K(15872K)
[535.163s][info][gc,heap        ] GC(1491) ParOldGen: 422495K(422912K)->422495K(422912K)
[535.163s][info][gc,metaspace   ] GC(1491) Metaspace: 35534K(36288K)->35534K(36288K) NonClass: 26318K(26880K)->26318K(26880K) Class: 9215K(9408K)->9215K(9408K)
[535.163s][info][gc             ] GC(1491) Pause Young (Allocation Failure) 697M->412M(717M) 1.276ms
[535.163s][info][gc,cpu         ] GC(1491) User=0.00s Sys=0.00s Real=0.00s
[535.378s][info][gc,start       ] GC(1492) Pause Young (Allocation Failure)
[535.380s][info][gc,heap        ] GC(1492) PSYoungGen: 295968K(311808K)->64K(313344K) Eden: 295936K(295936K)->0K(295936K) From: 32K(15872K)->64K(17408K)
[535.380s][info][gc,heap        ] GC(1492) ParOldGen: 422495K(422912K)->422495K(422912K)
[535.380s][info][gc,metaspace   ] GC(1492) Metaspace: 35534K(36288K)->35534K(36288K) NonClass: 26318K(26880K)->26318K(26880K) Class: 9215K(9408K)->9215K(9408K)
[535.380s][info][gc             ] GC(1492) Pause Young (Allocation Failure) 701M->412M(719M) 1.375ms
[535.380s][info][gc,cpu         ] GC(1492) User=0.00s Sys=0.00s Real=0.00s
[535.603s][info][gc,start       ] GC(1493) Pause Young (Allocation Failure)
[535.605s][info][gc,heap        ] GC(1493) PSYoungGen: 296000K(313344K)->64K(313856K) Eden: 295936K(295936K)->0K(300032K) From: 64K(17408K)->64K(13824K)
[535.605s][info][gc,heap        ] GC(1493) ParOldGen: 422495K(422912K)->422503K(422912K)
[535.605s][info][gc,metaspace   ] GC(1493) Metaspace: 35534K(36288K)->35534K(36288K) NonClass: 26318K(26880K)->26318K(26880K) Class: 9215K(9408K)->9215K(9408K)
[535.605s][info][gc             ] GC(1493) Pause Young (Allocation Failure) 701M->412M(719M) 1.341ms
[535.605s][info][gc,cpu         ] GC(1493) User=0.00s Sys=0.00s Real=0.00s
[535.709s][info][gc,start       ] GC(1494) Pause Young (Allocation Failure)
[535.711s][info][gc,heap        ] GC(1494) PSYoungGen: 300096K(313856K)->64K(315392K) Eden: 300032K(300032K)->0K(300032K) From: 64K(13824K)->64K(15360K)
[535.711s][info][gc,heap        ] GC(1494) ParOldGen: 422503K(422912K)->422511K(422912K)
[535.711s][info][gc,metaspace   ] GC(1494) Metaspace: 35534K(36288K)->35534K(36288K) NonClass: 26318K(26880K)->26318K(26880K) Class: 9215K(9408K)->9215K(9408K)
[535.711s][info][gc             ] GC(1494) Pause Young (Allocation Failure) 705M->412M(721M) 1.346ms
[535.711s][info][gc,cpu         ] GC(1494) User=0.00s Sys=0.00s Real=0.00s
[535.828s][info][gc,start       ] GC(1495) Pause Young (Allocation Failure)
[535.830s][info][gc,heap        ] GC(1495) PSYoungGen: 300096K(315392K)->64K(315904K) Eden: 300032K(300032K)->0K(303616K) From: 64K(15360K)->64K(12288K)
[535.830s][info][gc,heap        ] GC(1495) ParOldGen: 422511K(422912K)->422519K(422912K)
[535.830s][info][gc,metaspace   ] GC(1495) Metaspace: 35534K(36288K)->35534K(36288K) NonClass: 26318K(26880K)->26318K(26880K) Class: 9215K(9408K)->9215K(9408K)
[535.830s][info][gc             ] GC(1495) Pause Young (Allocation Failure) 705M->412M(721M) 1.401ms
[535.830s][info][gc,cpu         ] GC(1495) User=0.00s Sys=0.00s Real=0.00s
[536.203s][info][gc,start       ] GC(1496) Pause Young (Allocation Failure)
[536.204s][info][gc,heap        ] GC(1496) PSYoungGen: 303680K(315904K)->64K(317440K) Eden: 303616K(303616K)->0K(303616K) From: 64K(12288K)->64K(13824K)
[536.204s][info][gc,heap        ] GC(1496) ParOldGen: 422519K(422912K)->422527K(422912K)
[536.204s][info][gc,metaspace   ] GC(1496) Metaspace: 35534K(36288K)->35534K(36288K) NonClass: 26318K(26880K)->26318K(26880K) Class: 9215K(9408K)->9215K(9408K)
[536.205s][info][gc             ] GC(1496) Pause Young (Allocation Failure) 709M->412M(723M) 1.493ms
[536.205s][info][gc,cpu         ] GC(1496) User=0.01s Sys=0.00s Real=0.00s
[536.841s][info][gc,start       ] GC(1497) Pause Young (Allocation Failure)
[536.843s][info][gc,heap        ] GC(1497) PSYoungGen: 303680K(317440K)->64K(291840K) Eden: 303616K(303616K)->0K(291328K) From: 64K(13824K)->64K(512K)
[536.843s][info][gc,heap        ] GC(1497) ParOldGen: 422527K(422912K)->422535K(422912K)
[536.843s][info][gc,metaspace   ] GC(1497) Metaspace: 35534K(36288K)->35534K(36288K) NonClass: 26318K(26880K)->26318K(26880K) Class: 9215K(9408K)->9215K(9408K)
[536.843s][info][gc             ] GC(1497) Pause Young (Allocation Failure) 709M->412M(698M) 1.921ms
[536.843s][info][gc,cpu         ] GC(1497) User=0.00s Sys=0.00s Real=0.00s
[537.779s][info][gc,start       ] GC(1498) Pause Young (Allocation Failure)
[537.780s][info][gc,heap        ] GC(1498) PSYoungGen: 291392K(291840K)->64K(292352K) Eden: 291328K(291328K)->0K(280064K) From: 64K(512K)->64K(12288K)
[537.780s][info][gc,heap        ] GC(1498) ParOldGen: 422535K(422912K)->422543K(422912K)
[537.780s][info][gc,metaspace   ] GC(1498) Metaspace: 35534K(36288K)->35534K(36288K) NonClass: 26318K(26880K)->26318K(26880K) Class: 9215K(9408K)->9215K(9408K)
[537.780s][info][gc             ] GC(1498) Pause Young (Allocation Failure) 697M->412M(698M) 1.320ms
[537.780s][info][gc,cpu         ] GC(1498) User=0.00s Sys=0.00s Real=0.00s
[538.288s][info][gc,start       ] GC(1499) Pause Young (Allocation Failure)
[538.290s][info][gc,heap        ] GC(1499) PSYoungGen: 280128K(292352K)->64K(269824K) Eden: 280064K(280064K)->0K(269312K) From: 64K(12288K)->64K(512K)
[538.290s][info][gc,heap        ] GC(1499) ParOldGen: 422543K(422912K)->422551K(422912K)
[538.290s][info][gc,metaspace   ] GC(1499) Metaspace: 35534K(36288K)->35534K(36288K) NonClass: 26318K(26880K)->26318K(26880K) Class: 9215K(9408K)->9215K(9408K)
[538.290s][info][gc             ] GC(1499) Pause Young (Allocation Failure) 686M->412M(676M) 1.764ms
[538.290s][info][gc,cpu         ] GC(1499) User=0.01s Sys=0.00s Real=0.00s
[539.220s][info][gc,start       ] GC(1500) Pause Young (Allocation Failure)
[539.221s][info][gc,heap        ] GC(1500) PSYoungGen: 269376K(269824K)->64K(269824K) Eden: 269312K(269312K)->0K(259072K) From: 64K(512K)->64K(10752K)
[539.221s][info][gc,heap        ] GC(1500) ParOldGen: 422551K(422912K)->422559K(422912K)
[539.221s][info][gc,metaspace   ] GC(1500) Metaspace: 35534K(36288K)->35534K(36288K) NonClass: 26318K(26880K)->26318K(26880K) Class: 9215K(9408K)->9215K(9408K)
[539.221s][info][gc             ] GC(1500) Pause Young (Allocation Failure) 675M->412M(676M) 1.284ms
[539.221s][info][gc,cpu         ] GC(1500) User=0.00s Sys=0.00s Real=0.00s
[539.562s][info][gc,start       ] GC(1501) Pause Young (Allocation Failure)
[539.564s][info][gc,heap        ] GC(1501) PSYoungGen: 259136K(269824K)->64K(249856K) Eden: 259072K(259072K)->0K(249344K) From: 64K(10752K)->64K(512K)
[539.564s][info][gc,heap        ] GC(1501) ParOldGen: 422559K(422912K)->422567K(422912K)
[539.564s][info][gc,metaspace   ] GC(1501) Metaspace: 35534K(36288K)->35534K(36288K) NonClass: 26318K(26880K)->26318K(26880K) Class: 9215K(9408K)->9215K(9408K)
[539.564s][info][gc             ] GC(1501) Pause Young (Allocation Failure) 665M->412M(657M) 1.424ms
[539.564s][info][gc,cpu         ] GC(1501) User=0.01s Sys=0.00s Real=0.00s
[539.666s][info][gc,start       ] GC(1502) Pause Young (Allocation Failure)
[539.667s][info][gc,heap        ] GC(1502) PSYoungGen: 249408K(249856K)->64K(248832K) Eden: 249344K(249344K)->0K(239616K) From: 64K(512K)->64K(9216K)
[539.667s][info][gc,heap        ] GC(1502) ParOldGen: 422567K(422912K)->422575K(422912K)
[539.667s][info][gc,metaspace   ] GC(1502) Metaspace: 35534K(36288K)->35534K(36288K) NonClass: 26318K(26880K)->26318K(26880K) Class: 9215K(9408K)->9215K(9408K)
[539.667s][info][gc             ] GC(1502) Pause Young (Allocation Failure) 656M->412M(656M) 1.432ms
[539.667s][info][gc,cpu         ] GC(1502) User=0.00s Sys=0.00s Real=0.01s
[540.042s][info][gc,start       ] GC(1503) Pause Young (Allocation Failure)
[540.043s][info][gc,heap        ] GC(1503) PSYoungGen: 239680K(248832K)->64K(230912K) Eden: 239616K(239616K)->0K(230400K) From: 64K(9216K)->64K(512K)
[540.043s][info][gc,heap        ] GC(1503) ParOldGen: 422575K(422912K)->422583K(422912K)
[540.043s][info][gc,metaspace   ] GC(1503) Metaspace: 35534K(36288K)->35534K(36288K) NonClass: 26318K(26880K)->26318K(26880K) Class: 9215K(9408K)->9215K(9408K)
[540.044s][info][gc             ] GC(1503) Pause Young (Allocation Failure) 646M->412M(638M) 1.788ms
[540.044s][info][gc,cpu         ] GC(1503) User=0.01s Sys=0.00s Real=0.00s
[540.330s][info][gc,start       ] GC(1504) Pause Young (Allocation Failure)
[540.331s][info][gc,heap        ] GC(1504) PSYoungGen: 230464K(230912K)->64K(229888K) Eden: 230400K(230400K)->0K(221696K) From: 64K(512K)->64K(8192K)
[540.331s][info][gc,heap        ] GC(1504) ParOldGen: 422583K(422912K)->422591K(422912K)
[540.331s][info][gc,metaspace   ] GC(1504) Metaspace: 35534K(36288K)->35534K(36288K) NonClass: 26318K(26880K)->26318K(26880K) Class: 9215K(9408K)->9215K(9408K)
[540.331s][info][gc             ] GC(1504) Pause Young (Allocation Failure) 637M->412M(637M) 1.294ms
[540.331s][info][gc,cpu         ] GC(1504) User=0.00s Sys=0.00s Real=0.00s
[540.687s][info][gc,start       ] GC(1505) Pause Young (Allocation Failure)
[540.695s][info][gc,heap        ] GC(1505) PSYoungGen: 221760K(229888K)->4672K(266240K) Eden: 221696K(221696K)->0K(261120K) From: 64K(8192K)->4672K(5120K)
[540.695s][info][gc,heap        ] GC(1505) ParOldGen: 422591K(422912K)->422599K(422912K)
[540.695s][info][gc,metaspace   ] GC(1505) Metaspace: 35534K(36288K)->35534K(36288K) NonClass: 26318K(26880K)->26318K(26880K) Class: 9215K(9408K)->9215K(9408K)
[540.695s][info][gc             ] GC(1505) Pause Young (Allocation Failure) 629M->417M(673M) 7.796ms
[540.695s][info][gc,cpu         ] GC(1505) User=0.01s Sys=0.00s Real=0.00s
[540.999s][info][gc,start       ] GC(1506) Pause Young (Allocation Failure)
[541.074s][info][gc,heap        ] GC(1506) PSYoungGen: 265792K(266240K)->8192K(282624K) Eden: 261120K(261120K)->0K(274432K) From: 4672K(5120K)->8192K(8192K)
[541.074s][info][gc,heap        ] GC(1506) ParOldGen: 422599K(422912K)->443791K(443904K)
[541.074s][info][gc,metaspace   ] GC(1506) Metaspace: 35534K(36288K)->35534K(36288K) NonClass: 26318K(26880K)->26318K(26880K) Class: 9215K(9408K)->9215K(9408K)
[541.074s][info][gc             ] GC(1506) Pause Young (Allocation Failure) 672M->441M(709M) 74.700ms
[541.074s][info][gc,cpu         ] GC(1506) User=0.09s Sys=0.01s Real=0.07s
[541.372s][info][gc,start       ] GC(1507) Pause Young (Allocation Failure)
[541.434s][info][gc,heap        ] GC(1507) PSYoungGen: 282624K(282624K)->17920K(299520K) Eden: 274432K(274432K)->0K(281600K) From: 8192K(8192K)->17920K(17920K)
[541.435s][info][gc,heap        ] GC(1507) ParOldGen: 443791K(443904K)->455071K(455168K)
[541.435s][info][gc,metaspace   ] GC(1507) Metaspace: 35534K(36288K)->35534K(36288K) NonClass: 26318K(26880K)->26318K(26880K) Class: 9215K(9408K)->9215K(9408K)
[541.435s][info][gc             ] GC(1507) Pause Young (Allocation Failure) 709M->461M(737M) 62.748ms
[541.435s][info][gc,cpu         ] GC(1507) User=0.11s Sys=0.02s Real=0.06s
[541.523s][info][gc,start       ] GC(1508) Pause Young (Allocation Failure)
[541.528s][info][gc,heap        ] GC(1508) PSYoungGen: 299520K(299520K)->64K(307712K) Eden: 281600K(281600K)->0K(281600K) From: 17920K(17920K)->64K(26112K)
[541.528s][info][gc,heap        ] GC(1508) ParOldGen: 455071K(455168K)->455367K(455680K)
[541.528s][info][gc,metaspace   ] GC(1508) Metaspace: 35534K(36288K)->35534K(36288K) NonClass: 26318K(26880K)->26318K(26880K) Class: 9215K(9408K)->9215K(9408K)
[541.528s][info][gc             ] GC(1508) Pause Young (Allocation Failure) 736M->444M(745M) 4.444ms
[541.528s][info][gc,cpu         ] GC(1508) User=0.01s Sys=0.00s Real=0.01s
[542.153s][info][gc,start       ] GC(1509) Pause Young (Allocation Failure)
[542.155s][info][gc,heap        ] GC(1509) PSYoungGen: 281664K(307712K)->64K(304640K) Eden: 281600K(281600K)->0K(282624K) From: 64K(26112K)->64K(22016K)
[542.155s][info][gc,heap        ] GC(1509) ParOldGen: 455367K(455680K)->455375K(455680K)
[542.155s][info][gc,metaspace   ] GC(1509) Metaspace: 35534K(36288K)->35534K(36288K) NonClass: 26318K(26880K)->26318K(26880K) Class: 9215K(9408K)->9215K(9408K)
[542.155s][info][gc             ] GC(1509) Pause Young (Allocation Failure) 719M->444M(742M) 1.768ms
[542.155s][info][gc,cpu         ] GC(1509) User=0.00s Sys=0.00s Real=0.00s
[542.504s][info][gc,start       ] GC(1510) Pause Young (Allocation Failure)
[542.505s][info][gc,heap        ] GC(1510) PSYoungGen: 282688K(304640K)->64K(306688K) Eden: 282624K(282624K)->0K(282624K) From: 64K(22016K)->64K(24064K)
[542.505s][info][gc,heap        ] GC(1510) ParOldGen: 455375K(455680K)->455383K(455680K)
[542.505s][info][gc,metaspace   ] GC(1510) Metaspace: 35536K(36288K)->35536K(36288K) NonClass: 26320K(26880K)->26320K(26880K) Class: 9215K(9408K)->9215K(9408K)
[542.505s][info][gc             ] GC(1510) Pause Young (Allocation Failure) 720M->444M(744M) 1.491ms
[542.505s][info][gc,cpu         ] GC(1510) User=0.00s Sys=0.00s Real=0.00s
[542.945s][info][gc,start       ] GC(1511) Pause Young (Allocation Failure)
[542.946s][info][gc,heap        ] GC(1511) PSYoungGen: 282688K(306688K)->64K(306688K) Eden: 282624K(282624K)->0K(286720K) From: 64K(24064K)->64K(19968K)
[542.947s][info][gc,heap        ] GC(1511) ParOldGen: 455383K(455680K)->455399K(455680K)
[542.947s][info][gc,metaspace   ] GC(1511) Metaspace: 35536K(36288K)->35536K(36288K) NonClass: 26320K(26880K)->26320K(26880K) Class: 9215K(9408K)->9215K(9408K)
[542.947s][info][gc             ] GC(1511) Pause Young (Allocation Failure) 720M->444M(744M) 1.448ms
[542.947s][info][gc,cpu         ] GC(1511) User=0.00s Sys=0.00s Real=0.00s
[543.181s][info][gc,start       ] GC(1512) Pause Young (Allocation Failure)
[543.182s][info][gc,heap        ] GC(1512) PSYoungGen: 286784K(306688K)->64K(308736K) Eden: 286720K(286720K)->0K(286720K) From: 64K(19968K)->64K(22016K)
[543.182s][info][gc,heap        ] GC(1512) ParOldGen: 455399K(455680K)->455415K(455680K)
[543.182s][info][gc,metaspace   ] GC(1512) Metaspace: 35536K(36288K)->35536K(36288K) NonClass: 26320K(26880K)->26320K(26880K) Class: 9215K(9408K)->9215K(9408K)
[543.182s][info][gc             ] GC(1512) Pause Young (Allocation Failure) 724M->444M(746M) 1.376ms
[543.182s][info][gc,cpu         ] GC(1512) User=0.01s Sys=0.00s Real=0.00s
[543.542s][info][gc,start       ] GC(1513) Pause Young (Allocation Failure)
[543.543s][info][gc,heap        ] GC(1513) PSYoungGen: 286784K(308736K)->64K(308736K) Eden: 286720K(286720K)->0K(290816K) From: 64K(22016K)->64K(17920K)
[543.543s][info][gc,heap        ] GC(1513) ParOldGen: 455415K(455680K)->455415K(455680K)
[543.543s][info][gc,metaspace   ] GC(1513) Metaspace: 35536K(36288K)->35536K(36288K) NonClass: 26320K(26880K)->26320K(26880K) Class: 9215K(9408K)->9215K(9408K)
[543.543s][info][gc             ] GC(1513) Pause Young (Allocation Failure) 724M->444M(746M) 1.395ms
[543.543s][info][gc,cpu         ] GC(1513) User=0.00s Sys=0.00s Real=0.00s
[543.626s][info][gc,start       ] GC(1514) Pause Young (Allocation Failure)
[543.627s][info][gc,heap        ] GC(1514) PSYoungGen: 290880K(308736K)->64K(310784K) Eden: 290816K(290816K)->0K(290816K) From: 64K(17920K)->64K(19968K)
[543.627s][info][gc,heap        ] GC(1514) ParOldGen: 455415K(455680K)->455423K(455680K)
[543.627s][info][gc,metaspace   ] GC(1514) Metaspace: 35536K(36288K)->35536K(36288K) NonClass: 26320K(26880K)->26320K(26880K) Class: 9215K(9408K)->9215K(9408K)
[543.627s][info][gc             ] GC(1514) Pause Young (Allocation Failure) 728M->444M(748M) 1.330ms
[543.627s][info][gc,cpu         ] GC(1514) User=0.00s Sys=0.00s Real=0.01s
[543.676s][info][gc,start       ] GC(1515) Pause Young (Allocation Failure)
[543.678s][info][gc,heap        ] GC(1515) PSYoungGen: 290880K(310784K)->64K(310784K) Eden: 290816K(290816K)->0K(294912K) From: 64K(19968K)->64K(15872K)
[543.678s][info][gc,heap        ] GC(1515) ParOldGen: 455423K(455680K)->455439K(455680K)
[543.678s][info][gc,metaspace   ] GC(1515) Metaspace: 35536K(36288K)->35536K(36288K) NonClass: 26320K(26880K)->26320K(26880K) Class: 9215K(9408K)->9215K(9408K)
[543.678s][info][gc             ] GC(1515) Pause Young (Allocation Failure) 728M->444M(748M) 1.332ms
[543.678s][info][gc,cpu         ] GC(1515) User=0.00s Sys=0.00s Real=0.01s
[543.852s][info][gc,start       ] GC(1516) Pause Young (Allocation Failure)
[543.853s][info][gc,heap        ] GC(1516) PSYoungGen: 294976K(310784K)->64K(312832K) Eden: 294912K(294912K)->0K(294912K) From: 64K(15872K)->64K(17920K)
[543.853s][info][gc,heap        ] GC(1516) ParOldGen: 455439K(455680K)->455439K(455680K)
[543.853s][info][gc,metaspace   ] GC(1516) Metaspace: 35536K(36288K)->35536K(36288K) NonClass: 26320K(26880K)->26320K(26880K) Class: 9215K(9408K)->9215K(9408K)
[543.853s][info][gc             ] GC(1516) Pause Young (Allocation Failure) 732M->444M(750M) 1.502ms
[543.853s][info][gc,cpu         ] GC(1516) User=0.00s Sys=0.00s Real=0.00s
[544.084s][info][gc,start       ] GC(1517) Pause Young (Allocation Failure)
[544.085s][info][gc,heap        ] GC(1517) PSYoungGen: 294976K(312832K)->64K(312832K) Eden: 294912K(294912K)->0K(299008K) From: 64K(17920K)->64K(13824K)
[544.085s][info][gc,heap        ] GC(1517) ParOldGen: 455439K(455680K)->455447K(455680K)
[544.085s][info][gc,metaspace   ] GC(1517) Metaspace: 35536K(36288K)->35536K(36288K) NonClass: 26320K(26880K)->26320K(26880K) Class: 9215K(9408K)->9215K(9408K)
[544.085s][info][gc             ] GC(1517) Pause Young (Allocation Failure) 732M->444M(750M) 1.410ms
[544.085s][info][gc,cpu         ] GC(1517) User=0.00s Sys=0.01s Real=0.00s
[544.216s][info][gc,start       ] GC(1518) Pause Young (Allocation Failure)
[544.218s][info][gc,heap        ] GC(1518) PSYoungGen: 299072K(312832K)->64K(314880K) Eden: 299008K(299008K)->0K(299008K) From: 64K(13824K)->64K(15872K)
[544.218s][info][gc,heap        ] GC(1518) ParOldGen: 455447K(455680K)->455455K(455680K)
[544.218s][info][gc,metaspace   ] GC(1518) Metaspace: 35536K(36288K)->35536K(36288K) NonClass: 26320K(26880K)->26320K(26880K) Class: 9215K(9408K)->9215K(9408K)
[544.218s][info][gc             ] GC(1518) Pause Young (Allocation Failure) 736M->444M(752M) 1.368ms
[544.218s][info][gc,cpu         ] GC(1518) User=0.00s Sys=0.00s Real=0.01s
[544.316s][info][gc,start       ] GC(1519) Pause Young (Allocation Failure)
[544.318s][info][gc,heap        ] GC(1519) PSYoungGen: 299072K(314880K)->64K(315904K) Eden: 299008K(299008K)->0K(303104K) From: 64K(15872K)->64K(12800K)
[544.318s][info][gc,heap        ] GC(1519) ParOldGen: 455455K(455680K)->455463K(455680K)
[544.318s][info][gc,metaspace   ] GC(1519) Metaspace: 35536K(36288K)->35536K(36288K) NonClass: 26320K(26880K)->26320K(26880K) Class: 9215K(9408K)->9215K(9408K)
[544.318s][info][gc             ] GC(1519) Pause Young (Allocation Failure) 736M->444M(753M) 1.391ms
[544.318s][info][gc,cpu         ] GC(1519) User=0.00s Sys=0.00s Real=0.01s
[544.558s][info][gc,start       ] GC(1520) Pause Young (Allocation Failure)
[544.560s][info][gc,heap        ] GC(1520) PSYoungGen: 303168K(315904K)->64K(317440K) Eden: 303104K(303104K)->0K(303104K) From: 64K(12800K)->64K(14336K)
[544.560s][info][gc,heap        ] GC(1520) ParOldGen: 455463K(455680K)->455471K(455680K)
[544.560s][info][gc,metaspace   ] GC(1520) Metaspace: 35536K(36288K)->35536K(36288K) NonClass: 26320K(26880K)->26320K(26880K) Class: 9215K(9408K)->9215K(9408K)
[544.560s][info][gc             ] GC(1520) Pause Young (Allocation Failure) 740M->444M(755M) 1.474ms
[544.560s][info][gc,cpu         ] GC(1520) User=0.00s Sys=0.00s Real=0.00s
[545.352s][info][gc,start       ] GC(1521) Pause Young (Allocation Failure)
[545.354s][info][gc,heap        ] GC(1521) PSYoungGen: 303168K(317440K)->83K(291328K) Eden: 303104K(303104K)->0K(290816K) From: 64K(14336K)->83K(512K)
[545.354s][info][gc,heap        ] GC(1521) ParOldGen: 455471K(455680K)->455479K(455680K)
[545.354s][info][gc,metaspace   ] GC(1521) Metaspace: 35536K(36288K)->35536K(36288K) NonClass: 26320K(26880K)->26320K(26880K) Class: 9215K(9408K)->9215K(9408K)
[545.354s][info][gc             ] GC(1521) Pause Young (Allocation Failure) 740M->444M(729M) 2.045ms
[545.354s][info][gc,cpu         ] GC(1521) User=0.00s Sys=0.00s Real=0.00s
[546.249s][info][gc,start       ] GC(1522) Pause Young (Allocation Failure)
[546.250s][info][gc,heap        ] GC(1522) PSYoungGen: 290899K(291328K)->64K(291840K) Eden: 290816K(290816K)->0K(279552K) From: 83K(512K)->64K(12288K)
[546.250s][info][gc,heap        ] GC(1522) ParOldGen: 455479K(455680K)->455487K(455680K)
[546.250s][info][gc,metaspace   ] GC(1522) Metaspace: 35536K(36288K)->35536K(36288K) NonClass: 26320K(26880K)->26320K(26880K) Class: 9215K(9408K)->9215K(9408K)
[546.250s][info][gc             ] GC(1522) Pause Young (Allocation Failure) 728M->444M(730M) 1.481ms
[546.250s][info][gc,cpu         ] GC(1522) User=0.00s Sys=0.00s Real=0.00s
[546.698s][info][gc,start       ] GC(1523) Pause Young (Allocation Failure)
[546.700s][info][gc,heap        ] GC(1523) PSYoungGen: 279616K(291840K)->64K(269312K) Eden: 279552K(279552K)->0K(268800K) From: 64K(12288K)->64K(512K)
[546.700s][info][gc,heap        ] GC(1523) ParOldGen: 455487K(455680K)->455495K(455680K)
[546.700s][info][gc,metaspace   ] GC(1523) Metaspace: 35536K(36288K)->35536K(36288K) NonClass: 26320K(26880K)->26320K(26880K) Class: 9215K(9408K)->9215K(9408K)
[546.700s][info][gc             ] GC(1523) Pause Young (Allocation Failure) 717M->444M(708M) 1.733ms
[546.700s][info][gc,cpu         ] GC(1523) User=0.01s Sys=0.00s Real=0.00s
[547.665s][info][gc,start       ] GC(1524) Pause Young (Allocation Failure)
[547.667s][info][gc,heap        ] GC(1524) PSYoungGen: 268864K(269312K)->64K(269312K) Eden: 268800K(268800K)->0K(258560K) From: 64K(512K)->64K(10752K)
[547.667s][info][gc,heap        ] GC(1524) ParOldGen: 455495K(455680K)->455503K(455680K)
[547.667s][info][gc,metaspace   ] GC(1524) Metaspace: 35536K(36288K)->35536K(36288K) NonClass: 26320K(26880K)->26320K(26880K) Class: 9215K(9408K)->9215K(9408K)
[547.667s][info][gc             ] GC(1524) Pause Young (Allocation Failure) 707M->444M(708M) 1.351ms
[547.667s][info][gc,cpu         ] GC(1524) User=0.00s Sys=0.00s Real=0.00s
[548.034s][info][gc,start       ] GC(1525) Pause Young (Allocation Failure)
[548.035s][info][gc,heap        ] GC(1525) PSYoungGen: 258624K(269312K)->64K(249344K) Eden: 258560K(258560K)->0K(248832K) From: 64K(10752K)->64K(512K)
[548.035s][info][gc,heap        ] GC(1525) ParOldGen: 455503K(455680K)->455511K(455680K)
[548.035s][info][gc,metaspace   ] GC(1525) Metaspace: 35536K(36288K)->35536K(36288K) NonClass: 26320K(26880K)->26320K(26880K) Class: 9215K(9408K)->9215K(9408K)
[548.035s][info][gc             ] GC(1525) Pause Young (Allocation Failure) 697M->444M(688M) 1.650ms
[548.035s][info][gc,cpu         ] GC(1525) User=0.01s Sys=0.00s Real=0.00s
[548.188s][info][gc,start       ] GC(1526) Pause Young (Allocation Failure)
[548.189s][info][gc,heap        ] GC(1526) PSYoungGen: 248896K(249344K)->64K(248832K) Eden: 248832K(248832K)->0K(239616K) From: 64K(512K)->64K(9216K)
[548.189s][info][gc,heap        ] GC(1526) ParOldGen: 455511K(455680K)->455519K(455680K)
[548.189s][info][gc,metaspace   ] GC(1526) Metaspace: 35536K(36288K)->35536K(36288K) NonClass: 26320K(26880K)->26320K(26880K) Class: 9215K(9408K)->9215K(9408K)
[548.189s][info][gc             ] GC(1526) Pause Young (Allocation Failure) 687M->444M(688M) 1.416ms
[548.189s][info][gc,cpu         ] GC(1526) User=0.00s Sys=0.00s Real=0.00s
[548.408s][info][gc,start       ] GC(1527) Pause Young (Allocation Failure)
[548.410s][info][gc,heap        ] GC(1527) PSYoungGen: 239680K(248832K)->64K(230912K) Eden: 239616K(239616K)->0K(230400K) From: 64K(9216K)->64K(512K)
[548.410s][info][gc,heap        ] GC(1527) ParOldGen: 455519K(455680K)->455527K(455680K)
[548.410s][info][gc,metaspace   ] GC(1527) Metaspace: 35536K(36288K)->35536K(36288K) NonClass: 26320K(26880K)->26320K(26880K) Class: 9215K(9408K)->9215K(9408K)
[548.410s][info][gc             ] GC(1527) Pause Young (Allocation Failure) 678M->444M(670M) 1.821ms
[548.410s][info][gc,cpu         ] GC(1527) User=0.00s Sys=0.00s Real=0.00s
[548.843s][info][gc,start       ] GC(1528) Pause Young (Allocation Failure)
[548.844s][info][gc,heap        ] GC(1528) PSYoungGen: 230464K(230912K)->64K(229888K) Eden: 230400K(230400K)->0K(221696K) From: 64K(512K)->64K(8192K)
[548.844s][info][gc,heap        ] GC(1528) ParOldGen: 455527K(455680K)->455535K(455680K)
[548.844s][info][gc,metaspace   ] GC(1528) Metaspace: 35536K(36288K)->35536K(36288K) NonClass: 26320K(26880K)->26320K(26880K) Class: 9215K(9408K)->9215K(9408K)
[548.844s][info][gc             ] GC(1528) Pause Young (Allocation Failure) 669M->444M(669M) 1.576ms
[548.844s][info][gc,cpu         ] GC(1528) User=0.01s Sys=0.00s Real=0.00s
[549.112s][info][gc,start       ] GC(1529) Pause Young (Allocation Failure)
[549.114s][info][gc,heap        ] GC(1529) PSYoungGen: 221760K(229888K)->64K(214016K) Eden: 221696K(221696K)->0K(213504K) From: 64K(8192K)->64K(512K)
[549.114s][info][gc,heap        ] GC(1529) ParOldGen: 455535K(455680K)->455543K(455680K)
[549.114s][info][gc,metaspace   ] GC(1529) Metaspace: 35536K(36288K)->35536K(36288K) NonClass: 26320K(26880K)->26320K(26880K) Class: 9215K(9408K)->9215K(9408K)
[549.114s][info][gc             ] GC(1529) Pause Young (Allocation Failure) 661M->444M(654M) 2.038ms
[549.114s][info][gc,cpu         ] GC(1529) User=0.00s Sys=0.00s Real=0.00s
[549.390s][info][gc,start       ] GC(1530) Pause Young (Allocation Failure)
[549.429s][info][gc,heap        ] GC(1530) PSYoungGen: 213568K(214016K)->7168K(262144K) Eden: 213504K(213504K)->0K(254976K) From: 64K(512K)->7168K(7168K)
[549.429s][info][gc,heap        ] GC(1530) ParOldGen: 455543K(455680K)->469335K(469504K)
[549.429s][info][gc,metaspace   ] GC(1530) Metaspace: 35536K(36288K)->35536K(36288K) NonClass: 26320K(26880K)->26320K(26880K) Class: 9215K(9408K)->9215K(9408K)
[549.429s][info][gc             ] GC(1530) Pause Young (Allocation Failure) 653M->465M(714M) 38.499ms
[549.429s][info][gc,cpu         ] GC(1530) User=0.07s Sys=0.01s Real=0.04s
[549.724s][info][gc,start       ] GC(1531) Pause Young (Allocation Failure)
[549.782s][info][gc,heap        ] GC(1531) PSYoungGen: 262144K(262144K)->7168K(261632K) Eden: 254976K(254976K)->0K(254464K) From: 7168K(7168K)->7168K(7168K)
[549.782s][info][gc,heap        ] GC(1531) ParOldGen: 469335K(469504K)->491239K(491520K)
[549.782s][info][gc,metaspace   ] GC(1531) Metaspace: 35536K(36288K)->35536K(36288K) NonClass: 26320K(26880K)->26320K(26880K) Class: 9215K(9408K)->9215K(9408K)
[549.782s][info][gc             ] GC(1531) Pause Young (Allocation Failure) 714M->486M(735M) 58.317ms
[549.782s][info][gc,cpu         ] GC(1531) User=0.10s Sys=0.02s Real=0.06s
[549.950s][info][gc,start       ] GC(1532) Pause Young (Allocation Failure)
[549.975s][info][gc,heap        ] GC(1532) PSYoungGen: 261632K(261632K)->13024K(276992K) Eden: 254464K(254464K)->0K(254464K) From: 7168K(7168K)->13024K(22528K)
[549.975s][info][gc,heap        ] GC(1532) ParOldGen: 491239K(491520K)->491831K(492032K)
[549.975s][info][gc,metaspace   ] GC(1532) Metaspace: 35536K(36288K)->35536K(36288K) NonClass: 26320K(26880K)->26320K(26880K) Class: 9215K(9408K)->9215K(9408K)
[549.975s][info][gc             ] GC(1532) Pause Young (Allocation Failure) 735M->493M(751M) 24.996ms
[549.975s][info][gc,cpu         ] GC(1532) User=0.05s Sys=0.00s Real=0.02s
[550.219s][info][gc,start       ] GC(1533) Pause Young (Allocation Failure)
[550.220s][info][gc,heap        ] GC(1533) PSYoungGen: 267488K(276992K)->64K(310784K) Eden: 254464K(254464K)->0K(287232K) From: 13024K(22528K)->64K(23552K)
[550.220s][info][gc,heap        ] GC(1533) ParOldGen: 491831K(492032K)->491839K(492032K)
[550.220s][info][gc,metaspace   ] GC(1533) Metaspace: 35536K(36288K)->35536K(36288K) NonClass: 26320K(26880K)->26320K(26880K) Class: 9215K(9408K)->9215K(9408K)
[550.220s][info][gc             ] GC(1533) Pause Young (Allocation Failure) 741M->480M(784M) 1.525ms
[550.220s][info][gc,cpu         ] GC(1533) User=0.00s Sys=0.00s Real=0.00s
[550.844s][info][gc,start       ] GC(1534) Pause Young (Allocation Failure)
[550.845s][info][gc,heap        ] GC(1534) PSYoungGen: 287296K(310784K)->64K(287744K) Eden: 287232K(287232K)->0K(287232K) From: 64K(23552K)->64K(512K)
[550.845s][info][gc,heap        ] GC(1534) ParOldGen: 491839K(492032K)->491847K(492032K)
[550.845s][info][gc,metaspace   ] GC(1534) Metaspace: 35536K(36288K)->35536K(36288K) NonClass: 26320K(26880K)->26320K(26880K) Class: 9215K(9408K)->9215K(9408K)
[550.845s][info][gc             ] GC(1534) Pause Young (Allocation Failure) 760M->480M(761M) 1.607ms
[550.845s][info][gc,cpu         ] GC(1534) User=0.00s Sys=0.00s Real=0.00s
[551.312s][info][gc,start       ] GC(1535) Pause Young (Allocation Failure)
[551.313s][info][gc,heap        ] GC(1535) PSYoungGen: 287296K(287744K)->64K(309760K) Eden: 287232K(287232K)->0K(287744K) From: 64K(512K)->64K(22016K)
[551.313s][info][gc,heap        ] GC(1535) ParOldGen: 491847K(492032K)->491863K(492032K)
[551.313s][info][gc,metaspace   ] GC(1535) Metaspace: 35536K(36288K)->35536K(36288K) NonClass: 26320K(26880K)->26320K(26880K) Class: 9215K(9408K)->9215K(9408K)
[551.313s][info][gc             ] GC(1535) Pause Young (Allocation Failure) 760M->480M(783M) 1.545ms
[551.313s][info][gc,cpu         ] GC(1535) User=0.00s Sys=0.00s Real=0.00s
[551.549s][info][gc,start       ] GC(1536) Pause Young (Allocation Failure)
[551.550s][info][gc,heap        ] GC(1536) PSYoungGen: 287808K(309760K)->64K(309248K) Eden: 287744K(287744K)->0K(287744K) From: 64K(22016K)->64K(21504K)
[551.550s][info][gc,heap        ] GC(1536) ParOldGen: 491863K(492032K)->491879K(492032K)
[551.550s][info][gc,metaspace   ] GC(1536) Metaspace: 35536K(36288K)->35536K(36288K) NonClass: 26320K(26880K)->26320K(26880K) Class: 9215K(9408K)->9215K(9408K)
[551.550s][info][gc             ] GC(1536) Pause Young (Allocation Failure) 761M->480M(782M) 1.519ms
[551.550s][info][gc,cpu         ] GC(1536) User=0.00s Sys=0.00s Real=0.00s
[551.785s][info][gc,start       ] GC(1537) Pause Young (Allocation Failure)
[551.787s][info][gc,heap        ] GC(1537) PSYoungGen: 287808K(309248K)->64K(311296K) Eden: 287744K(287744K)->0K(291328K) From: 64K(21504K)->64K(19968K)
[551.787s][info][gc,heap        ] GC(1537) ParOldGen: 491879K(492032K)->491879K(492032K)
[551.787s][info][gc,metaspace   ] GC(1537) Metaspace: 35536K(36288K)->35536K(36288K) NonClass: 26320K(26880K)->26320K(26880K) Class: 9215K(9408K)->9215K(9408K)
[551.787s][info][gc             ] GC(1537) Pause Young (Allocation Failure) 761M->480M(784M) 1.450ms
[551.787s][info][gc,cpu         ] GC(1537) User=0.00s Sys=0.00s Real=0.00s
[552.124s][info][gc,start       ] GC(1538) Pause Young (Allocation Failure)
[552.125s][info][gc,heap        ] GC(1538) PSYoungGen: 291392K(311296K)->64K(310784K) Eden: 291328K(291328K)->0K(291328K) From: 64K(19968K)->64K(19456K)
[552.125s][info][gc,heap        ] GC(1538) ParOldGen: 491879K(492032K)->491879K(492032K)
[552.125s][info][gc,metaspace   ] GC(1538) Metaspace: 35536K(36288K)->35536K(36288K) NonClass: 26320K(26880K)->26320K(26880K) Class: 9215K(9408K)->9215K(9408K)
[552.125s][info][gc             ] GC(1538) Pause Young (Allocation Failure) 764M->480M(784M) 1.474ms
[552.125s][info][gc,cpu         ] GC(1538) User=0.01s Sys=0.01s Real=0.00s
[552.174s][info][gc,start       ] GC(1539) Pause Young (Allocation Failure)
[552.176s][info][gc,heap        ] GC(1539) PSYoungGen: 291392K(310784K)->32K(313344K) Eden: 291328K(291328K)->0K(295424K) From: 64K(19456K)->32K(17920K)
[552.176s][info][gc,heap        ] GC(1539) ParOldGen: 491879K(492032K)->491895K(492032K)
[552.176s][info][gc,metaspace   ] GC(1539) Metaspace: 35536K(36288K)->35536K(36288K) NonClass: 26320K(26880K)->26320K(26880K) Class: 9215K(9408K)->9215K(9408K)
[552.176s][info][gc             ] GC(1539) Pause Young (Allocation Failure) 764M->480M(786M) 1.389ms
[552.176s][info][gc,cpu         ] GC(1539) User=0.01s Sys=0.00s Real=0.00s
[552.236s][info][gc,start       ] GC(1540) Pause Young (Allocation Failure)
[552.237s][info][gc,heap        ] GC(1540) PSYoungGen: 295456K(313344K)->64K(312832K) Eden: 295424K(295424K)->0K(295424K) From: 32K(17920K)->64K(17408K)
[552.237s][info][gc,heap        ] GC(1540) ParOldGen: 491895K(492032K)->491895K(492032K)
[552.237s][info][gc,metaspace   ] GC(1540) Metaspace: 35536K(36288K)->35536K(36288K) NonClass: 26320K(26880K)->26320K(26880K) Class: 9215K(9408K)->9215K(9408K)
[552.237s][info][gc             ] GC(1540) Pause Young (Allocation Failure) 768M->480M(786M) 1.436ms
[552.237s][info][gc,cpu         ] GC(1540) User=0.00s Sys=0.00s Real=0.01s
[552.479s][info][gc,start       ] GC(1541) Pause Young (Allocation Failure)
[552.480s][info][gc,heap        ] GC(1541) PSYoungGen: 295488K(312832K)->64K(315392K) Eden: 295424K(295424K)->0K(299520K) From: 64K(17408K)->64K(15872K)
[552.480s][info][gc,heap        ] GC(1541) ParOldGen: 491895K(492032K)->491911K(492032K)
[552.480s][info][gc,metaspace   ] GC(1541) Metaspace: 35536K(36288K)->35536K(36288K) NonClass: 26320K(26880K)->26320K(26880K) Class: 9215K(9408K)->9215K(9408K)
[552.480s][info][gc             ] GC(1541) Pause Young (Allocation Failure) 768M->480M(788M) 1.386ms
[552.480s][info][gc,cpu         ] GC(1541) User=0.00s Sys=0.00s Real=0.00s
[552.698s][info][gc,start       ] GC(1542) Pause Young (Allocation Failure)
[552.699s][info][gc,heap        ] GC(1542) PSYoungGen: 299584K(315392K)->64K(315392K) Eden: 299520K(299520K)->0K(299520K) From: 64K(15872K)->64K(15872K)
[552.699s][info][gc,heap        ] GC(1542) ParOldGen: 491911K(492032K)->491911K(492032K)
[552.699s][info][gc,metaspace   ] GC(1542) Metaspace: 35536K(36288K)->35536K(36288K) NonClass: 26320K(26880K)->26320K(26880K) Class: 9215K(9408K)->9215K(9408K)
[552.699s][info][gc             ] GC(1542) Pause Young (Allocation Failure) 772M->480M(788M) 1.497ms
[552.699s][info][gc,cpu         ] GC(1542) User=0.00s Sys=0.00s Real=0.00s
[552.779s][info][gc,start       ] GC(1543) Pause Young (Allocation Failure)
[552.781s][info][gc,heap        ] GC(1543) PSYoungGen: 299584K(315392K)->64K(316928K) Eden: 299520K(299520K)->0K(303104K) From: 64K(15872K)->64K(13824K)
[552.781s][info][gc,heap        ] GC(1543) ParOldGen: 491911K(492032K)->491927K(492032K)
[552.781s][info][gc,metaspace   ] GC(1543) Metaspace: 35536K(36288K)->35536K(36288K) NonClass: 26320K(26880K)->26320K(26880K) Class: 9215K(9408K)->9215K(9408K)
[552.781s][info][gc             ] GC(1543) Pause Young (Allocation Failure) 772M->480M(790M) 1.464ms
[552.781s][info][gc,cpu         ] GC(1543) User=0.01s Sys=0.00s Real=0.00s
[552.917s][info][gc,start       ] GC(1544) Pause Young (Allocation Failure)
[552.919s][info][gc,heap        ] GC(1544) PSYoungGen: 303168K(316928K)->64K(316928K) Eden: 303104K(303104K)->0K(303104K) From: 64K(13824K)->64K(13824K)
[552.919s][info][gc,heap        ] GC(1544) ParOldGen: 491927K(492032K)->491927K(492032K)
[552.919s][info][gc,metaspace   ] GC(1544) Metaspace: 35536K(36288K)->35536K(36288K) NonClass: 26320K(26880K)->26320K(26880K) Class: 9215K(9408K)->9215K(9408K)
[552.919s][info][gc             ] GC(1544) Pause Young (Allocation Failure) 776M->480M(790M) 1.465ms
[552.919s][info][gc,cpu         ] GC(1544) User=0.00s Sys=0.00s Real=0.00s
[553.846s][info][gc,start       ] GC(1545) Pause Young (Allocation Failure)
[553.847s][info][gc,heap        ] GC(1545) PSYoungGen: 303168K(316928K)->64K(318464K) Eden: 303104K(303104K)->0K(306688K) From: 64K(13824K)->64K(11776K)
[553.847s][info][gc,heap        ] GC(1545) ParOldGen: 491927K(492032K)->491935K(492032K)
[553.847s][info][gc,metaspace   ] GC(1545) Metaspace: 35536K(36288K)->35536K(36288K) NonClass: 26320K(26880K)->26320K(26880K) Class: 9215K(9408K)->9215K(9408K)
[553.847s][info][gc             ] GC(1545) Pause Young (Allocation Failure) 776M->480M(791M) 1.468ms
[553.847s][info][gc,cpu         ] GC(1545) User=0.00s Sys=0.00s Real=0.01s
[554.657s][info][gc,start       ] GC(1546) Pause Young (Allocation Failure)
[554.658s][info][gc,heap        ] GC(1546) PSYoungGen: 306752K(318464K)->64K(294912K) Eden: 306688K(306688K)->0K(294400K) From: 64K(11776K)->64K(512K)
[554.658s][info][gc,heap        ] GC(1546) ParOldGen: 491935K(492032K)->491943K(492032K)
[554.658s][info][gc,metaspace   ] GC(1546) Metaspace: 35536K(36288K)->35536K(36288K) NonClass: 26320K(26880K)->26320K(26880K) Class: 9215K(9408K)->9215K(9408K)
[554.658s][info][gc             ] GC(1546) Pause Young (Allocation Failure) 779M->480M(768M) 1.514ms
[554.658s][info][gc,cpu         ] GC(1546) User=0.00s Sys=0.00s Real=0.01s
[554.962s][info][gc,start       ] GC(1547) Pause Young (Allocation Failure)
[554.964s][info][gc,heap        ] GC(1547) PSYoungGen: 294464K(294912K)->64K(283136K) Eden: 294400K(294400K)->0K(282624K) From: 64K(512K)->64K(512K)
[554.964s][info][gc,heap        ] GC(1547) ParOldGen: 491943K(492032K)->491951K(492032K)
[554.964s][info][gc,metaspace   ] GC(1547) Metaspace: 35536K(36288K)->35536K(36288K) NonClass: 26320K(26880K)->26320K(26880K) Class: 9215K(9408K)->9215K(9408K)
[554.964s][info][gc             ] GC(1547) Pause Young (Allocation Failure) 767M->480M(757M) 1.515ms
[554.964s][info][gc,cpu         ] GC(1547) User=0.00s Sys=0.00s Real=0.00s
[555.722s][info][gc,start       ] GC(1548) Pause Young (Allocation Failure)
[555.723s][info][gc,heap        ] GC(1548) PSYoungGen: 282688K(283136K)->64K(282112K) Eden: 282624K(282624K)->0K(271360K) From: 64K(512K)->64K(10752K)
[555.723s][info][gc,heap        ] GC(1548) ParOldGen: 491951K(492032K)->491959K(492032K)
[555.723s][info][gc,metaspace   ] GC(1548) Metaspace: 35536K(36288K)->35536K(36288K) NonClass: 26320K(26880K)->26320K(26880K) Class: 9215K(9408K)->9215K(9408K)
[555.723s][info][gc             ] GC(1548) Pause Young (Allocation Failure) 756M->480M(756M) 1.435ms
[555.723s][info][gc,cpu         ] GC(1548) User=0.01s Sys=0.00s Real=0.00s
[556.324s][info][gc,start       ] GC(1549) Pause Young (Allocation Failure)
[556.326s][info][gc,heap        ] GC(1549) PSYoungGen: 271424K(282112K)->64K(261120K) Eden: 271360K(271360K)->0K(260608K) From: 64K(10752K)->64K(512K)
[556.326s][info][gc,heap        ] GC(1549) ParOldGen: 491959K(492032K)->491967K(492032K)
[556.326s][info][gc,metaspace   ] GC(1549) Metaspace: 35536K(36288K)->35536K(36288K) NonClass: 26320K(26880K)->26320K(26880K) Class: 9215K(9408K)->9215K(9408K)
[556.326s][info][gc             ] GC(1549) Pause Young (Allocation Failure) 745M->480M(735M) 2.003ms
[556.326s][info][gc,cpu         ] GC(1549) User=0.01s Sys=0.00s Real=0.00s
[556.678s][info][gc,start       ] GC(1550) Pause Young (Allocation Failure)
[556.679s][info][gc,heap        ] GC(1550) PSYoungGen: 260672K(261120K)->64K(259584K) Eden: 260608K(260608K)->0K(250368K) From: 64K(512K)->64K(9216K)
[556.679s][info][gc,heap        ] GC(1550) ParOldGen: 491967K(492032K)->491975K(492032K)
[556.679s][info][gc,metaspace   ] GC(1550) Metaspace: 35536K(36288K)->35536K(36288K) NonClass: 26320K(26880K)->26320K(26880K) Class: 9215K(9408K)->9215K(9408K)
[556.679s][info][gc             ] GC(1550) Pause Young (Allocation Failure) 734M->480M(734M) 1.423ms
[556.679s][info][gc,cpu         ] GC(1550) User=0.00s Sys=0.00s Real=0.00s
[556.757s][info][gc,start       ] GC(1551) Pause Young (Allocation Failure)
[556.759s][info][gc,heap        ] GC(1551) PSYoungGen: 250432K(259584K)->64K(241152K) Eden: 250368K(250368K)->0K(240640K) From: 64K(9216K)->64K(512K)
[556.759s][info][gc,heap        ] GC(1551) ParOldGen: 491975K(492032K)->491983K(492032K)
[556.759s][info][gc,metaspace   ] GC(1551) Metaspace: 35536K(36288K)->35536K(36288K) NonClass: 26320K(26880K)->26320K(26880K) Class: 9215K(9408K)->9215K(9408K)
[556.759s][info][gc             ] GC(1551) Pause Young (Allocation Failure) 725M->480M(716M) 1.862ms
[556.759s][info][gc,cpu         ] GC(1551) User=0.00s Sys=0.00s Real=0.01s
[557.293s][info][gc,start       ] GC(1552) Pause Young (Allocation Failure)
[557.294s][info][gc,heap        ] GC(1552) PSYoungGen: 240704K(241152K)->64K(239616K) Eden: 240640K(240640K)->0K(231424K) From: 64K(512K)->64K(8192K)
[557.294s][info][gc,heap        ] GC(1552) ParOldGen: 491983K(492032K)->491991K(492032K)
[557.294s][info][gc,metaspace   ] GC(1552) Metaspace: 35536K(36288K)->35536K(36288K) NonClass: 26320K(26880K)->26320K(26880K) Class: 9215K(9408K)->9215K(9408K)
[557.294s][info][gc             ] GC(1552) Pause Young (Allocation Failure) 715M->480M(714M) 1.459ms
[557.294s][info][gc,cpu         ] GC(1552) User=0.00s Sys=0.00s Real=0.00s
[557.503s][info][gc,start       ] GC(1553) Pause Young (Allocation Failure)
[557.505s][info][gc,heap        ] GC(1553) PSYoungGen: 231488K(239616K)->64K(223232K) Eden: 231424K(231424K)->0K(222720K) From: 64K(8192K)->64K(512K)
[557.505s][info][gc,heap        ] GC(1553) ParOldGen: 491991K(492032K)->491999K(492032K)
[557.505s][info][gc,metaspace   ] GC(1553) Metaspace: 35536K(36288K)->35536K(36288K) NonClass: 26320K(26880K)->26320K(26880K) Class: 9215K(9408K)->9215K(9408K)
[557.505s][info][gc             ] GC(1553) Pause Young (Allocation Failure) 706M->480M(698M) 1.915ms
[557.505s][info][gc,cpu         ] GC(1553) User=0.00s Sys=0.00s Real=0.00s
[557.829s][info][gc,start       ] GC(1554) Pause Young (Allocation Failure)
[557.868s][info][gc,heap        ] GC(1554) PSYoungGen: 222784K(223232K)->7168K(272896K) Eden: 222720K(222720K)->0K(265728K) From: 64K(512K)->7168K(7168K)
[557.868s][info][gc,heap        ] GC(1554) ParOldGen: 491999K(492032K)->498311K(498688K)
[557.868s][info][gc,metaspace   ] GC(1554) Metaspace: 35536K(36288K)->35536K(36288K) NonClass: 26320K(26880K)->26320K(26880K) Class: 9215K(9408K)->9215K(9408K)
[557.868s][info][gc             ] GC(1554) Pause Young (Allocation Failure) 698M->493M(753M) 38.780ms
[557.868s][info][gc,cpu         ] GC(1554) User=0.04s Sys=0.00s Real=0.04s
[558.173s][info][gc,start       ] GC(1555) Pause Young (Allocation Failure)
[558.230s][info][gc,heap        ] GC(1555) PSYoungGen: 272896K(272896K)->11264K(267776K) Eden: 265728K(265728K)->0K(256512K) From: 7168K(7168K)->11264K(11264K)
[558.230s][info][gc,heap        ] GC(1555) ParOldGen: 498311K(498688K)->517119K(517120K)
[558.230s][info][gc,metaspace   ] GC(1555) Metaspace: 35536K(36288K)->35536K(36288K) NonClass: 26320K(26880K)->26320K(26880K) Class: 9215K(9408K)->9215K(9408K)
[558.231s][info][gc             ] GC(1555) Pause Young (Allocation Failure) 753M->515M(766M) 57.848ms
[558.231s][info][gc,cpu         ] GC(1555) User=0.09s Sys=0.02s Real=0.06s
[558.451s][info][gc,start       ] GC(1556) Pause Young (Allocation Failure)
[558.484s][info][gc,heap        ] GC(1556) PSYoungGen: 267776K(267776K)->19296K(276992K) Eden: 256512K(256512K)->0K(256512K) From: 11264K(11264K)->19296K(20480K)
[558.484s][info][gc,heap        ] GC(1556) ParOldGen: 517119K(517120K)->517631K(517632K)
[558.484s][info][gc,metaspace   ] GC(1556) Metaspace: 35536K(36288K)->35536K(36288K) NonClass: 26320K(26880K)->26320K(26880K) Class: 9215K(9408K)->9215K(9408K)
[558.484s][info][gc             ] GC(1556) Pause Young (Allocation Failure) 766M->524M(776M) 32.557ms
[558.484s][info][gc,cpu         ] GC(1556) User=0.06s Sys=0.00s Real=0.03s
[558.618s][info][gc,start       ] GC(1557) Pause Young (Allocation Failure)
[558.620s][info][gc,heap        ] GC(1557) PSYoungGen: 275808K(276992K)->64K(310272K) Eden: 256512K(256512K)->0K(285696K) From: 19296K(20480K)->64K(24576K)
[558.620s][info][gc,heap        ] GC(1557) ParOldGen: 517631K(517632K)->517647K(518144K)
[558.620s][info][gc,metaspace   ] GC(1557) Metaspace: 35536K(36288K)->35536K(36288K) NonClass: 26320K(26880K)->26320K(26880K) Class: 9215K(9408K)->9215K(9408K)
[558.620s][info][gc             ] GC(1557) Pause Young (Allocation Failure) 774M->505M(809M) 1.735ms
[558.620s][info][gc,cpu         ] GC(1557) User=0.00s Sys=0.00s Real=0.00s
[559.284s][info][gc,start       ] GC(1558) Pause Young (Allocation Failure)
[559.286s][info][gc,heap        ] GC(1558) PSYoungGen: 285760K(310272K)->64K(286208K) Eden: 285696K(285696K)->0K(285696K) From: 64K(24576K)->64K(512K)
[559.286s][info][gc,heap        ] GC(1558) ParOldGen: 517647K(518144K)->517663K(518144K)
[559.286s][info][gc,metaspace   ] GC(1558) Metaspace: 35536K(36288K)->35536K(36288K) NonClass: 26320K(26880K)->26320K(26880K) Class: 9215K(9408K)->9215K(9408K)
[559.286s][info][gc             ] GC(1558) Pause Young (Allocation Failure) 784M->505M(785M) 1.650ms
[559.286s][info][gc,cpu         ] GC(1558) User=0.00s Sys=0.00s Real=0.00s
[559.781s][info][gc,start       ] GC(1559) Pause Young (Allocation Failure)
[559.782s][info][gc,heap        ] GC(1559) PSYoungGen: 285760K(286208K)->64K(309760K) Eden: 285696K(285696K)->0K(286720K) From: 64K(512K)->64K(23040K)
[559.782s][info][gc,heap        ] GC(1559) ParOldGen: 517663K(518144K)->517663K(518144K)
[559.782s][info][gc,metaspace   ] GC(1559) Metaspace: 35536K(36288K)->35536K(36288K) NonClass: 26320K(26880K)->26320K(26880K) Class: 9215K(9408K)->9215K(9408K)
[559.782s][info][gc             ] GC(1559) Pause Young (Allocation Failure) 784M->505M(808M) 1.622ms
[559.782s][info][gc,cpu         ] GC(1559) User=0.00s Sys=0.00s Real=0.00s
[560.017s][info][gc,start       ] GC(1560) Pause Young (Allocation Failure)
[560.018s][info][gc,heap        ] GC(1560) PSYoungGen: 286784K(309760K)->64K(308736K) Eden: 286720K(286720K)->0K(286720K) From: 64K(23040K)->64K(22016K)
[560.018s][info][gc,heap        ] GC(1560) ParOldGen: 517663K(518144K)->517679K(518144K)
[560.018s][info][gc,metaspace   ] GC(1560) Metaspace: 35536K(36288K)->35536K(36288K) NonClass: 26320K(26880K)->26320K(26880K) Class: 9215K(9408K)->9215K(9408K)
[560.018s][info][gc             ] GC(1560) Pause Young (Allocation Failure) 785M->505M(807M) 1.668ms
[560.018s][info][gc,cpu         ] GC(1560) User=0.00s Sys=0.00s Real=0.01s
[560.252s][info][gc,start       ] GC(1561) Pause Young (Allocation Failure)
[560.254s][info][gc,heap        ] GC(1561) PSYoungGen: 286784K(308736K)->64K(310784K) Eden: 286720K(286720K)->0K(289792K) From: 64K(22016K)->64K(20992K)
[560.254s][info][gc,heap        ] GC(1561) ParOldGen: 517679K(518144K)->517679K(518144K)
[560.254s][info][gc,metaspace   ] GC(1561) Metaspace: 35536K(36288K)->35536K(36288K) NonClass: 26320K(26880K)->26320K(26880K) Class: 9215K(9408K)->9215K(9408K)
[560.254s][info][gc             ] GC(1561) Pause Young (Allocation Failure) 785M->505M(809M) 1.510ms
[560.254s][info][gc,cpu         ] GC(1561) User=0.00s Sys=0.00s Real=0.00s
[560.617s][info][gc,start       ] GC(1562) Pause Young (Allocation Failure)
[560.619s][info][gc,heap        ] GC(1562) PSYoungGen: 289856K(310784K)->64K(309760K) Eden: 289792K(289792K)->0K(289792K) From: 64K(20992K)->64K(19968K)
[560.619s][info][gc,heap        ] GC(1562) ParOldGen: 517679K(518144K)->517679K(518144K)
[560.619s][info][gc,metaspace   ] GC(1562) Metaspace: 35536K(36288K)->35536K(36288K) NonClass: 26320K(26880K)->26320K(26880K) Class: 9215K(9408K)->9215K(9408K)
[560.619s][info][gc             ] GC(1562) Pause Young (Allocation Failure) 788M->505M(808M) 1.578ms
[560.619s][info][gc,cpu         ] GC(1562) User=0.00s Sys=0.00s Real=0.00s
[560.668s][info][gc,start       ] GC(1563) Pause Young (Allocation Failure)
[560.669s][info][gc,heap        ] GC(1563) PSYoungGen: 289856K(309760K)->64K(312832K) Eden: 289792K(289792K)->0K(293888K) From: 64K(19968K)->64K(18944K)
[560.669s][info][gc,heap        ] GC(1563) ParOldGen: 517679K(518144K)->517695K(518144K)
[560.669s][info][gc,metaspace   ] GC(1563) Metaspace: 35536K(36288K)->35536K(36288K) NonClass: 26320K(26880K)->26320K(26880K) Class: 9215K(9408K)->9215K(9408K)
[560.669s][info][gc             ] GC(1563) Pause Young (Allocation Failure) 788M->505M(811M) 1.459ms
[560.669s][info][gc,cpu         ] GC(1563) User=0.00s Sys=0.00s Real=0.00s
[560.722s][info][gc,start       ] GC(1564) Pause Young (Allocation Failure)
[560.724s][info][gc,heap        ] GC(1564) PSYoungGen: 293952K(312832K)->64K(311808K) Eden: 293888K(293888K)->0K(293888K) From: 64K(18944K)->64K(17920K)
[560.724s][info][gc,heap        ] GC(1564) ParOldGen: 517695K(518144K)->517695K(518144K)
[560.724s][info][gc,metaspace   ] GC(1564) Metaspace: 35536K(36288K)->35536K(36288K) NonClass: 26320K(26880K)->26320K(26880K) Class: 9215K(9408K)->9215K(9408K)
[560.724s][info][gc             ] GC(1564) Pause Young (Allocation Failure) 792M->505M(810M) 1.429ms
[560.724s][info][gc,cpu         ] GC(1564) User=0.01s Sys=0.00s Real=0.00s
[560.932s][info][gc,start       ] GC(1565) Pause Young (Allocation Failure)
[560.933s][info][gc,heap        ] GC(1565) PSYoungGen: 293952K(311808K)->64K(314368K) Eden: 293888K(293888K)->0K(297472K) From: 64K(17920K)->64K(16896K)
[560.933s][info][gc,heap        ] GC(1565) ParOldGen: 517695K(518144K)->517695K(518144K)
[560.933s][info][gc,metaspace   ] GC(1565) Metaspace: 35536K(36288K)->35536K(36288K) NonClass: 26320K(26880K)->26320K(26880K) Class: 9215K(9408K)->9215K(9408K)
[560.933s][info][gc             ] GC(1565) Pause Young (Allocation Failure) 792M->505M(813M) 1.464ms
[560.933s][info][gc,cpu         ] GC(1565) User=0.01s Sys=0.00s Real=0.00s
[561.161s][info][gc,start       ] GC(1566) Pause Young (Allocation Failure)
[561.163s][info][gc,heap        ] GC(1566) PSYoungGen: 297536K(314368K)->64K(313856K) Eden: 297472K(297472K)->0K(297472K) From: 64K(16896K)->64K(16384K)
[561.163s][info][gc,heap        ] GC(1566) ParOldGen: 517695K(518144K)->517703K(518144K)
[561.163s][info][gc,metaspace   ] GC(1566) Metaspace: 35536K(36288K)->35536K(36288K) NonClass: 26320K(26880K)->26320K(26880K) Class: 9215K(9408K)->9215K(9408K)
[561.163s][info][gc             ] GC(1566) Pause Young (Allocation Failure) 796M->505M(812M) 1.570ms
[561.163s][info][gc,cpu         ] GC(1566) User=0.00s Sys=0.00s Real=0.00s
[561.267s][info][gc,start       ] GC(1567) Pause Young (Allocation Failure)
[561.269s][info][gc,heap        ] GC(1567) PSYoungGen: 297536K(313856K)->64K(316416K) Eden: 297472K(297472K)->0K(301568K) From: 64K(16384K)->64K(14848K)
[561.269s][info][gc,heap        ] GC(1567) ParOldGen: 517703K(518144K)->517711K(518144K)
[561.269s][info][gc,metaspace   ] GC(1567) Metaspace: 35536K(36288K)->35536K(36288K) NonClass: 26320K(26880K)->26320K(26880K) Class: 9215K(9408K)->9215K(9408K)
[561.269s][info][gc             ] GC(1567) Pause Young (Allocation Failure) 796M->505M(815M) 1.585ms
[561.269s][info][gc,cpu         ] GC(1567) User=0.00s Sys=0.00s Real=0.00s
[561.387s][info][gc,start       ] GC(1568) Pause Young (Allocation Failure)
[561.388s][info][gc,heap        ] GC(1568) PSYoungGen: 301632K(316416K)->64K(315904K) Eden: 301568K(301568K)->0K(301568K) From: 64K(14848K)->64K(14336K)
[561.388s][info][gc,heap        ] GC(1568) ParOldGen: 517711K(518144K)->517719K(518144K)
[561.388s][info][gc,metaspace   ] GC(1568) Metaspace: 35536K(36288K)->35536K(36288K) NonClass: 26320K(26880K)->26320K(26880K) Class: 9215K(9408K)->9215K(9408K)
[561.388s][info][gc             ] GC(1568) Pause Young (Allocation Failure) 800M->505M(814M) 1.594ms
[561.388s][info][gc,cpu         ] GC(1568) User=0.01s Sys=0.00s Real=0.01s
[561.754s][info][gc,start       ] GC(1569) Pause Young (Allocation Failure)
[561.755s][info][gc,heap        ] GC(1569) PSYoungGen: 301632K(315904K)->64K(318464K) Eden: 301568K(301568K)->0K(305152K) From: 64K(14336K)->64K(13312K)
[561.755s][info][gc,heap        ] GC(1569) ParOldGen: 517719K(518144K)->517727K(518144K)
[561.755s][info][gc,metaspace   ] GC(1569) Metaspace: 35536K(36288K)->35536K(36288K) NonClass: 26320K(26880K)->26320K(26880K) Class: 9215K(9408K)->9215K(9408K)
[561.755s][info][gc             ] GC(1569) Pause Young (Allocation Failure) 800M->505M(817M) 1.599ms
[561.755s][info][gc,cpu         ] GC(1569) User=0.00s Sys=0.00s Real=0.00s
[562.407s][info][gc,start       ] GC(1570) Pause Young (Allocation Failure)
[562.409s][info][gc,heap        ] GC(1570) PSYoungGen: 305216K(318464K)->83K(317952K) Eden: 305152K(305152K)->0K(305152K) From: 64K(13312K)->83K(12800K)
[562.409s][info][gc,heap        ] GC(1570) ParOldGen: 517727K(518144K)->517735K(518144K)
[562.409s][info][gc,metaspace   ] GC(1570) Metaspace: 35536K(36288K)->35536K(36288K) NonClass: 26320K(26880K)->26320K(26880K) Class: 9215K(9408K)->9215K(9408K)
[562.409s][info][gc             ] GC(1570) Pause Young (Allocation Failure) 803M->505M(816M) 1.628ms
[562.409s][info][gc,cpu         ] GC(1570) User=0.00s Sys=0.00s Real=0.00s
[563.392s][info][gc,start       ] GC(1571) Pause Young (Allocation Failure)
[563.394s][info][gc,heap        ] GC(1571) PSYoungGen: 305235K(317952K)->64K(293376K) Eden: 305152K(305152K)->0K(292864K) From: 83K(12800K)->64K(512K)
[563.394s][info][gc,heap        ] GC(1571) ParOldGen: 517735K(518144K)->517743K(518144K)
[563.394s][info][gc,metaspace   ] GC(1571) Metaspace: 35536K(36288K)->35536K(36288K) NonClass: 26320K(26880K)->26320K(26880K) Class: 9215K(9408K)->9215K(9408K)
[563.394s][info][gc             ] GC(1571) Pause Young (Allocation Failure) 803M->505M(792M) 1.669ms
[563.394s][info][gc,cpu         ] GC(1571) User=0.00s Sys=0.00s Real=0.00s
[563.920s][info][gc,start       ] GC(1572) Pause Young (Allocation Failure)
[563.922s][info][gc,heap        ] GC(1572) PSYoungGen: 292928K(293376K)->64K(292352K) Eden: 292864K(292864K)->0K(281088K) From: 64K(512K)->64K(11264K)
[563.922s][info][gc,heap        ] GC(1572) ParOldGen: 517743K(518144K)->517751K(518144K)
[563.922s][info][gc,metaspace   ] GC(1572) Metaspace: 35536K(36288K)->35536K(36288K) NonClass: 26320K(26880K)->26320K(26880K) Class: 9215K(9408K)->9215K(9408K)
[563.922s][info][gc             ] GC(1572) Pause Young (Allocation Failure) 791M->505M(791M) 1.589ms
[563.922s][info][gc,cpu         ] GC(1572) User=0.00s Sys=0.00s Real=0.00s
[564.858s][info][gc,start       ] GC(1573) Pause Young (Allocation Failure)
[564.859s][info][gc,heap        ] GC(1573) PSYoungGen: 281152K(292352K)->64K(270336K) Eden: 281088K(281088K)->0K(269824K) From: 64K(11264K)->64K(512K)
[564.859s][info][gc,heap        ] GC(1573) ParOldGen: 517751K(518144K)->517759K(518144K)
[564.859s][info][gc,metaspace   ] GC(1573) Metaspace: 35536K(36288K)->35536K(36288K) NonClass: 26320K(26880K)->26320K(26880K) Class: 9215K(9408K)->9215K(9408K)
[564.859s][info][gc             ] GC(1573) Pause Young (Allocation Failure) 780M->505M(770M) 1.681ms
[564.859s][info][gc,cpu         ] GC(1573) User=0.01s Sys=0.00s Real=0.00s
[565.234s][info][gc,start       ] GC(1574) Pause Young (Allocation Failure)
[565.235s][info][gc,heap        ] GC(1574) PSYoungGen: 269888K(270336K)->64K(269312K) Eden: 269824K(269824K)->0K(259584K) From: 64K(512K)->64K(9728K)
[565.235s][info][gc,heap        ] GC(1574) ParOldGen: 517759K(518144K)->517767K(518144K)
[565.235s][info][gc,metaspace   ] GC(1574) Metaspace: 35536K(36288K)->35536K(36288K) NonClass: 26320K(26880K)->26320K(26880K) Class: 9215K(9408K)->9215K(9408K)
[565.235s][info][gc             ] GC(1574) Pause Young (Allocation Failure) 769M->505M(769M) 1.503ms
[565.236s][info][gc,cpu         ] GC(1574) User=0.00s Sys=0.00s Real=0.00s
[565.308s][info][gc,start       ] GC(1575) Pause Young (Allocation Failure)
[565.309s][info][gc,heap        ] GC(1575) PSYoungGen: 259648K(269312K)->64K(250368K) Eden: 259584K(259584K)->0K(249856K) From: 64K(9728K)->64K(512K)
[565.309s][info][gc,heap        ] GC(1575) ParOldGen: 517767K(518144K)->517775K(518144K)
[565.309s][info][gc,metaspace   ] GC(1575) Metaspace: 35536K(36288K)->35536K(36288K) NonClass: 26320K(26880K)->26320K(26880K) Class: 9215K(9408K)->9215K(9408K)
[565.309s][info][gc             ] GC(1575) Pause Young (Allocation Failure) 759M->505M(750M) 1.604ms
[565.309s][info][gc,cpu         ] GC(1575) User=0.01s Sys=0.00s Real=0.00s
[565.823s][info][gc,start       ] GC(1576) Pause Young (Allocation Failure)
[565.824s][info][gc,heap        ] GC(1576) PSYoungGen: 249920K(250368K)->64K(248320K) Eden: 249856K(249856K)->0K(240128K) From: 64K(512K)->64K(8192K)
[565.824s][info][gc,heap        ] GC(1576) ParOldGen: 517775K(518144K)->517783K(518144K)
[565.824s][info][gc,metaspace   ] GC(1576) Metaspace: 35536K(36288K)->35536K(36288K) NonClass: 26320K(26880K)->26320K(26880K) Class: 9215K(9408K)->9215K(9408K)
[565.824s][info][gc             ] GC(1576) Pause Young (Allocation Failure) 749M->505M(748M) 1.491ms
[565.824s][info][gc,cpu         ] GC(1576) User=0.00s Sys=0.00s Real=0.00s
[566.061s][info][gc,start       ] GC(1577) Pause Young (Allocation Failure)
[566.064s][info][gc,heap        ] GC(1577) PSYoungGen: 240192K(248320K)->64K(231424K) Eden: 240128K(240128K)->0K(230912K) From: 64K(8192K)->64K(512K)
[566.064s][info][gc,heap        ] GC(1577) ParOldGen: 517783K(518144K)->517791K(518144K)
[566.064s][info][gc,metaspace   ] GC(1577) Metaspace: 35536K(36288K)->35536K(36288K) NonClass: 26320K(26880K)->26320K(26880K) Class: 9215K(9408K)->9215K(9408K)
[566.064s][info][gc             ] GC(1577) Pause Young (Allocation Failure) 740M->505M(732M) 3.252ms
[566.064s][info][gc,cpu         ] GC(1577) User=0.00s Sys=0.01s Real=0.00s
[566.399s][info][gc,start       ] GC(1578) Pause Young (Allocation Failure)
[566.424s][info][gc,heap        ] GC(1578) PSYoungGen: 230976K(231424K)->7168K(282624K) Eden: 230912K(230912K)->0K(275456K) From: 64K(512K)->7168K(7168K)
[566.424s][info][gc,heap        ] GC(1578) ParOldGen: 517791K(518144K)->524527K(524800K)
[566.424s][info][gc,metaspace   ] GC(1578) Metaspace: 35536K(36288K)->35536K(36288K) NonClass: 26320K(26880K)->26320K(26880K) Class: 9215K(9408K)->9215K(9408K)
[566.424s][info][gc             ] GC(1578) Pause Young (Allocation Failure) 731M->519M(788M) 24.868ms
[566.424s][info][gc,cpu         ] GC(1578) User=0.04s Sys=0.00s Real=0.02s
[566.747s][info][gc,start       ] GC(1579) Pause Young (Allocation Failure)
[566.809s][info][gc,heap        ] GC(1579) PSYoungGen: 282624K(282624K)->10752K(276480K) Eden: 275456K(275456K)->0K(265728K) From: 7168K(7168K)->10752K(10752K)
[566.809s][info][gc,heap        ] GC(1579) ParOldGen: 524527K(524800K)->544951K(545280K)
[566.809s][info][gc,metaspace   ] GC(1579) Metaspace: 35536K(36288K)->35536K(36288K) NonClass: 26320K(26880K)->26320K(26880K) Class: 9215K(9408K)->9215K(9408K)
[566.809s][info][gc             ] GC(1579) Pause Young (Allocation Failure) 788M->542M(802M) 61.916ms
[566.809s][info][gc,cpu         ] GC(1579) User=0.10s Sys=0.02s Real=0.07s
[567.022s][info][gc,start       ] GC(1580) Pause Young (Allocation Failure)
[567.053s][info][gc,heap        ] GC(1580) PSYoungGen: 276480K(276480K)->17760K(287232K) Eden: 265728K(265728K)->0K(265728K) From: 10752K(10752K)->17760K(21504K)
[567.053s][info][gc,heap        ] GC(1580) ParOldGen: 544951K(545280K)->545511K(545792K)
[567.053s][info][gc,metaspace   ] GC(1580) Metaspace: 35536K(36288K)->35536K(36288K) NonClass: 26320K(26880K)->26320K(26880K) Class: 9215K(9408K)->9215K(9408K)
[567.053s][info][gc             ] GC(1580) Pause Young (Allocation Failure) 802M->550M(813M) 31.197ms
[567.053s][info][gc,cpu         ] GC(1580) User=0.06s Sys=0.00s Real=0.03s
[567.259s][info][gc,start       ] GC(1581) Pause Young (Allocation Failure)
[567.260s][info][gc,heap        ] GC(1581) PSYoungGen: 283488K(287232K)->64K(310272K) Eden: 265728K(265728K)->0K(285696K) From: 17760K(21504K)->64K(24576K)
[567.260s][info][gc,heap        ] GC(1581) ParOldGen: 545511K(545792K)->545519K(545792K)
[567.260s][info][gc,metaspace   ] GC(1581) Metaspace: 35536K(36288K)->35536K(36288K) NonClass: 26320K(26880K)->26320K(26880K) Class: 9215K(9408K)->9215K(9408K)
[567.260s][info][gc             ] GC(1581) Pause Young (Allocation Failure) 809M->532M(836M) 1.703ms
[567.260s][info][gc,cpu         ] GC(1581) User=0.00s Sys=0.00s Real=0.00s
[567.904s][info][gc,start       ] GC(1582) Pause Young (Allocation Failure)
[567.906s][info][gc,heap        ] GC(1582) PSYoungGen: 285760K(310272K)->64K(286208K) Eden: 285696K(285696K)->0K(285696K) From: 64K(24576K)->64K(512K)
[567.906s][info][gc,heap        ] GC(1582) ParOldGen: 545519K(545792K)->545527K(545792K)
[567.906s][info][gc,metaspace   ] GC(1582) Metaspace: 35536K(36288K)->35536K(36288K) NonClass: 26320K(26880K)->26320K(26880K) Class: 9215K(9408K)->9215K(9408K)
[567.906s][info][gc             ] GC(1582) Pause Young (Allocation Failure) 811M->532M(812M) 1.720ms
[567.906s][info][gc,cpu         ] GC(1582) User=0.00s Sys=0.00s Real=0.00s
[568.379s][info][gc,start       ] GC(1583) Pause Young (Allocation Failure)
[568.380s][info][gc,heap        ] GC(1583) PSYoungGen: 285760K(286208K)->64K(309760K) Eden: 285696K(285696K)->0K(286720K) From: 64K(512K)->64K(23040K)
[568.380s][info][gc,heap        ] GC(1583) ParOldGen: 545527K(545792K)->545543K(545792K)
[568.380s][info][gc,metaspace   ] GC(1583) Metaspace: 35536K(36288K)->35536K(36288K) NonClass: 26320K(26880K)->26320K(26880K) Class: 9215K(9408K)->9215K(9408K)
[568.380s][info][gc             ] GC(1583) Pause Young (Allocation Failure) 811M->532M(835M) 1.746ms
[568.380s][info][gc,cpu         ] GC(1583) User=0.01s Sys=0.00s Real=0.00s
[568.615s][info][gc,start       ] GC(1584) Pause Young (Allocation Failure)
[568.616s][info][gc,heap        ] GC(1584) PSYoungGen: 286784K(309760K)->64K(308736K) Eden: 286720K(286720K)->0K(286720K) From: 64K(23040K)->64K(22016K)
[568.616s][info][gc,heap        ] GC(1584) ParOldGen: 545543K(545792K)->545559K(545792K)
[568.616s][info][gc,metaspace   ] GC(1584) Metaspace: 35536K(36288K)->35536K(36288K) NonClass: 26320K(26880K)->26320K(26880K) Class: 9215K(9408K)->9215K(9408K)
[568.616s][info][gc             ] GC(1584) Pause Young (Allocation Failure) 812M->532M(834M) 1.694ms
[568.616s][info][gc,cpu         ] GC(1584) User=0.00s Sys=0.00s Real=0.00s
[568.851s][info][gc,start       ] GC(1585) Pause Young (Allocation Failure)
[568.852s][info][gc,heap        ] GC(1585) PSYoungGen: 286784K(308736K)->64K(310784K) Eden: 286720K(286720K)->0K(289792K) From: 64K(22016K)->64K(20992K)
[568.852s][info][gc,heap        ] GC(1585) ParOldGen: 545559K(545792K)->545559K(545792K)
[568.852s][info][gc,metaspace   ] GC(1585) Metaspace: 35536K(36288K)->35536K(36288K) NonClass: 26320K(26880K)->26320K(26880K) Class: 9215K(9408K)->9215K(9408K)
[568.852s][info][gc             ] GC(1585) Pause Young (Allocation Failure) 812M->532M(836M) 1.550ms
[568.852s][info][gc,cpu         ] GC(1585) User=0.00s Sys=0.00s Real=0.00s
[569.192s][info][gc,start       ] GC(1586) Pause Young (Allocation Failure)
[569.194s][info][gc,heap        ] GC(1586) PSYoungGen: 289856K(310784K)->64K(309760K) Eden: 289792K(289792K)->0K(289792K) From: 64K(20992K)->64K(19968K)
[569.194s][info][gc,heap        ] GC(1586) ParOldGen: 545559K(545792K)->545559K(545792K)
[569.194s][info][gc,metaspace   ] GC(1586) Metaspace: 35536K(36288K)->35536K(36288K) NonClass: 26320K(26880K)->26320K(26880K) Class: 9215K(9408K)->9215K(9408K)
[569.194s][info][gc             ] GC(1586) Pause Young (Allocation Failure) 815M->532M(835M) 1.485ms
[569.194s][info][gc,cpu         ] GC(1586) User=0.00s Sys=0.00s Real=0.00s
[569.243s][info][gc,start       ] GC(1587) Pause Young (Allocation Failure)
[569.244s][info][gc,heap        ] GC(1587) PSYoungGen: 289856K(309760K)->64K(312832K) Eden: 289792K(289792K)->0K(293888K) From: 64K(19968K)->64K(18944K)
[569.244s][info][gc,heap        ] GC(1587) ParOldGen: 545559K(545792K)->545575K(545792K)
[569.244s][info][gc,metaspace   ] GC(1587) Metaspace: 35536K(36288K)->35536K(36288K) NonClass: 26320K(26880K)->26320K(26880K) Class: 9215K(9408K)->9215K(9408K)
[569.244s][info][gc             ] GC(1587) Pause Young (Allocation Failure) 815M->532M(838M) 1.484ms
[569.244s][info][gc,cpu         ] GC(1587) User=0.00s Sys=0.00s Real=0.00s
[569.295s][info][gc,start       ] GC(1588) Pause Young (Allocation Failure)
[569.296s][info][gc,heap        ] GC(1588) PSYoungGen: 293952K(312832K)->64K(311808K) Eden: 293888K(293888K)->0K(293888K) From: 64K(18944K)->64K(17920K)
[569.296s][info][gc,heap        ] GC(1588) ParOldGen: 545575K(545792K)->545575K(545792K)
[569.296s][info][gc,metaspace   ] GC(1588) Metaspace: 35536K(36288K)->35536K(36288K) NonClass: 26320K(26880K)->26320K(26880K) Class: 9215K(9408K)->9215K(9408K)
[569.296s][info][gc             ] GC(1588) Pause Young (Allocation Failure) 819M->532M(837M) 1.430ms
[569.296s][info][gc,cpu         ] GC(1588) User=0.00s Sys=0.00s Real=0.00s
[569.524s][info][gc,start       ] GC(1589) Pause Young (Allocation Failure)
[569.526s][info][gc,heap        ] GC(1589) PSYoungGen: 293952K(311808K)->64K(314368K) Eden: 293888K(293888K)->0K(297472K) From: 64K(17920K)->64K(16896K)
[569.526s][info][gc,heap        ] GC(1589) ParOldGen: 545575K(545792K)->545575K(545792K)
[569.526s][info][gc,metaspace   ] GC(1589) Metaspace: 35536K(36288K)->35536K(36288K) NonClass: 26320K(26880K)->26320K(26880K) Class: 9215K(9408K)->9215K(9408K)
[569.526s][info][gc             ] GC(1589) Pause Young (Allocation Failure) 819M->532M(840M) 1.515ms
[569.526s][info][gc,cpu         ] GC(1589) User=0.00s Sys=0.00s Real=0.00s
[569.747s][info][gc,start       ] GC(1590) Pause Young (Allocation Failure)
[569.748s][info][gc,heap        ] GC(1590) PSYoungGen: 297536K(314368K)->64K(313856K) Eden: 297472K(297472K)->0K(297472K) From: 64K(16896K)->64K(16384K)
[569.748s][info][gc,heap        ] GC(1590) ParOldGen: 545575K(545792K)->545583K(545792K)
[569.748s][info][gc,metaspace   ] GC(1590) Metaspace: 35536K(36288K)->35536K(36288K) NonClass: 26320K(26880K)->26320K(26880K) Class: 9215K(9408K)->9215K(9408K)
[569.748s][info][gc             ] GC(1590) Pause Young (Allocation Failure) 823M->532M(839M) 1.589ms
[569.748s][info][gc,cpu         ] GC(1590) User=0.00s Sys=0.00s Real=0.01s
[569.838s][info][gc,start       ] GC(1591) Pause Young (Allocation Failure)
[569.839s][info][gc,heap        ] GC(1591) PSYoungGen: 297536K(313856K)->64K(316416K) Eden: 297472K(297472K)->0K(301568K) From: 64K(16384K)->64K(14848K)
[569.839s][info][gc,heap        ] GC(1591) ParOldGen: 545583K(545792K)->545591K(545792K)
[569.839s][info][gc,metaspace   ] GC(1591) Metaspace: 35536K(36288K)->35536K(36288K) NonClass: 26320K(26880K)->26320K(26880K) Class: 9215K(9408K)->9215K(9408K)
[569.839s][info][gc             ] GC(1591) Pause Young (Allocation Failure) 823M->532M(842M) 1.475ms
[569.840s][info][gc,cpu         ] GC(1591) User=0.01s Sys=0.00s Real=0.00s
[569.966s][info][gc,start       ] GC(1592) Pause Young (Allocation Failure)
[569.967s][info][gc,heap        ] GC(1592) PSYoungGen: 301632K(316416K)->64K(315904K) Eden: 301568K(301568K)->0K(301568K) From: 64K(14848K)->64K(14336K)
[569.967s][info][gc,heap        ] GC(1592) ParOldGen: 545591K(545792K)->545599K(545792K)
[569.967s][info][gc,metaspace   ] GC(1592) Metaspace: 35536K(36288K)->35536K(36288K) NonClass: 26320K(26880K)->26320K(26880K) Class: 9215K(9408K)->9215K(9408K)
[569.967s][info][gc             ] GC(1592) Pause Young (Allocation Failure) 827M->532M(841M) 1.587ms
[569.967s][info][gc,cpu         ] GC(1592) User=0.00s Sys=0.00s Real=0.01s
[570.360s][info][gc,start       ] GC(1593) Pause Young (Allocation Failure)
[570.362s][info][gc,heap        ] GC(1593) PSYoungGen: 301632K(315904K)->64K(318464K) Eden: 301568K(301568K)->0K(305152K) From: 64K(14336K)->64K(13312K)
[570.362s][info][gc,heap        ] GC(1593) ParOldGen: 545599K(545792K)->545607K(545792K)
[570.362s][info][gc,metaspace   ] GC(1593) Metaspace: 35536K(36288K)->35536K(36288K) NonClass: 26320K(26880K)->26320K(26880K) Class: 9215K(9408K)->9215K(9408K)
[570.362s][info][gc             ] GC(1593) Pause Young (Allocation Failure) 827M->532M(844M) 1.683ms
[570.362s][info][gc,cpu         ] GC(1593) User=0.00s Sys=0.00s Real=0.00s
[571.349s][info][gc,start       ] GC(1594) Pause Young (Allocation Failure)
[571.350s][info][gc,heap        ] GC(1594) PSYoungGen: 305216K(318464K)->64K(317952K) Eden: 305152K(305152K)->0K(305152K) From: 64K(13312K)->64K(12800K)
[571.350s][info][gc,heap        ] GC(1594) ParOldGen: 545607K(545792K)->545615K(545792K)
[571.350s][info][gc,metaspace   ] GC(1594) Metaspace: 35536K(36288K)->35536K(36288K) NonClass: 26320K(26880K)->26320K(26880K) Class: 9215K(9408K)->9215K(9408K)
[571.350s][info][gc             ] GC(1594) Pause Young (Allocation Failure) 830M->532M(843M) 1.621ms
[571.350s][info][gc,cpu         ] GC(1594) User=0.00s Sys=0.00s Real=0.00s
[571.987s][info][gc,start       ] GC(1595) Pause Young (Allocation Failure)
[571.989s][info][gc,heap        ] GC(1595) PSYoungGen: 305216K(317952K)->64K(293376K) Eden: 305152K(305152K)->0K(292864K) From: 64K(12800K)->64K(512K)
[571.989s][info][gc,heap        ] GC(1595) ParOldGen: 545615K(545792K)->545623K(545792K)
[571.989s][info][gc,metaspace   ] GC(1595) Metaspace: 35536K(36288K)->35536K(36288K) NonClass: 26320K(26880K)->26320K(26880K) Class: 9215K(9408K)->9215K(9408K)
[571.989s][info][gc             ] GC(1595) Pause Young (Allocation Failure) 830M->532M(819M) 1.627ms
[571.989s][info][gc,cpu         ] GC(1595) User=0.00s Sys=0.00s Real=0.00s
[572.480s][info][gc,start       ] GC(1596) Pause Young (Allocation Failure)
[572.482s][info][gc,heap        ] GC(1596) PSYoungGen: 292928K(293376K)->64K(292352K) Eden: 292864K(292864K)->0K(281088K) From: 64K(512K)->64K(11264K)
[572.482s][info][gc,heap        ] GC(1596) ParOldGen: 545623K(545792K)->545631K(545792K)
[572.482s][info][gc,metaspace   ] GC(1596) Metaspace: 35536K(36288K)->35536K(36288K) NonClass: 26320K(26880K)->26320K(26880K) Class: 9215K(9408K)->9215K(9408K)
[572.482s][info][gc             ] GC(1596) Pause Young (Allocation Failure) 818M->532M(818M) 1.570ms
[572.482s][info][gc,cpu         ] GC(1596) User=0.00s Sys=0.00s Real=0.00s
[573.417s][info][gc,start       ] GC(1597) Pause Young (Allocation Failure)
[573.418s][info][gc,heap        ] GC(1597) PSYoungGen: 281152K(292352K)->64K(270336K) Eden: 281088K(281088K)->0K(269824K) From: 64K(11264K)->64K(512K)
[573.419s][info][gc,heap        ] GC(1597) ParOldGen: 545631K(545792K)->545639K(545792K)
[573.419s][info][gc,metaspace   ] GC(1597) Metaspace: 35536K(36288K)->35536K(36288K) NonClass: 26320K(26880K)->26320K(26880K) Class: 9215K(9408K)->9215K(9408K)
[573.419s][info][gc             ] GC(1597) Pause Young (Allocation Failure) 807M->532M(797M) 1.679ms
[573.419s][info][gc,cpu         ] GC(1597) User=0.01s Sys=0.00s Real=0.01s
[573.777s][info][gc,start       ] GC(1598) Pause Young (Allocation Failure)
[573.778s][info][gc,heap        ] GC(1598) PSYoungGen: 269888K(270336K)->64K(269312K) Eden: 269824K(269824K)->0K(259584K) From: 64K(512K)->64K(9728K)
[573.779s][info][gc,heap        ] GC(1598) ParOldGen: 545639K(545792K)->545647K(545792K)
[573.779s][info][gc,metaspace   ] GC(1598) Metaspace: 35536K(36288K)->35536K(36288K) NonClass: 26320K(26880K)->26320K(26880K) Class: 9215K(9408K)->9215K(9408K)
[573.779s][info][gc             ] GC(1598) Pause Young (Allocation Failure) 796M->532M(796M) 1.466ms
[573.779s][info][gc,cpu         ] GC(1598) User=0.01s Sys=0.00s Real=0.00s
[573.862s][info][gc,start       ] GC(1599) Pause Young (Allocation Failure)
[573.864s][info][gc,heap        ] GC(1599) PSYoungGen: 259648K(269312K)->64K(250368K) Eden: 259584K(259584K)->0K(249856K) From: 64K(9728K)->64K(512K)
[573.864s][info][gc,heap        ] GC(1599) ParOldGen: 545647K(545792K)->545655K(545792K)
[573.864s][info][gc,metaspace   ] GC(1599) Metaspace: 35536K(36288K)->35536K(36288K) NonClass: 26320K(26880K)->26320K(26880K) Class: 9215K(9408K)->9215K(9408K)
[573.864s][info][gc             ] GC(1599) Pause Young (Allocation Failure) 786M->532M(777M) 1.618ms
[573.864s][info][gc,cpu         ] GC(1599) User=0.00s Sys=0.00s Real=0.00s
[574.439s][info][gc,start       ] GC(1600) Pause Young (Allocation Failure)
[574.440s][info][gc,heap        ] GC(1600) PSYoungGen: 249920K(250368K)->64K(248320K) Eden: 249856K(249856K)->0K(240128K) From: 64K(512K)->64K(8192K)
[574.440s][info][gc,heap        ] GC(1600) ParOldGen: 545655K(545792K)->545663K(545792K)
[574.440s][info][gc,metaspace   ] GC(1600) Metaspace: 35536K(36288K)->35536K(36288K) NonClass: 26320K(26880K)->26320K(26880K) Class: 9215K(9408K)->9215K(9408K)
[574.440s][info][gc             ] GC(1600) Pause Young (Allocation Failure) 776M->532M(775M) 1.820ms
[574.440s][info][gc,cpu         ] GC(1600) User=0.01s Sys=0.00s Real=0.00s
[574.646s][info][gc,start       ] GC(1601) Pause Young (Allocation Failure)
[574.649s][info][gc,heap        ] GC(1601) PSYoungGen: 240192K(248320K)->64K(231424K) Eden: 240128K(240128K)->0K(230912K) From: 64K(8192K)->64K(512K)
[574.649s][info][gc,heap        ] GC(1601) ParOldGen: 545663K(545792K)->545671K(545792K)
[574.649s][info][gc,metaspace   ] GC(1601) Metaspace: 35536K(36288K)->35536K(36288K) NonClass: 26320K(26880K)->26320K(26880K) Class: 9215K(9408K)->9215K(9408K)
[574.649s][info][gc             ] GC(1601) Pause Young (Allocation Failure) 767M->532M(759M) 3.156ms
[574.649s][info][gc,cpu         ] GC(1601) User=0.00s Sys=0.00s Real=0.01s
[574.974s][info][gc,start       ] GC(1602) Pause Young (Allocation Failure)
[575.009s][info][gc,heap        ] GC(1602) PSYoungGen: 230976K(231424K)->7168K(283136K) Eden: 230912K(230912K)->0K(275968K) From: 64K(512K)->7168K(7168K)
[575.009s][info][gc,heap        ] GC(1602) ParOldGen: 545671K(545792K)->555999K(556032K)
[575.009s][info][gc,metaspace   ] GC(1602) Metaspace: 35536K(36288K)->35536K(36288K) NonClass: 26320K(26880K)->26320K(26880K) Class: 9215K(9408K)->9215K(9408K)
[575.009s][info][gc             ] GC(1602) Pause Young (Allocation Failure) 758M->549M(819M) 35.651ms
[575.009s][info][gc,cpu         ] GC(1602) User=0.05s Sys=0.01s Real=0.04s
[575.326s][info][gc,start       ] GC(1603) Pause Young (Allocation Failure)
[575.390s][info][gc,heap        ] GC(1603) PSYoungGen: 283136K(283136K)->12800K(279040K) Eden: 275968K(275968K)->0K(266240K) From: 7168K(7168K)->12800K(12800K)
[575.390s][info][gc,heap        ] GC(1603) ParOldGen: 555999K(556032K)->574527K(574976K)
[575.390s][info][gc,metaspace   ] GC(1603) Metaspace: 35536K(36288K)->35536K(36288K) NonClass: 26320K(26880K)->26320K(26880K) Class: 9215K(9408K)->9215K(9408K)
[575.390s][info][gc             ] GC(1603) Pause Young (Allocation Failure) 819M->573M(834M) 64.077ms
[575.390s][info][gc,cpu         ] GC(1603) User=0.10s Sys=0.02s Real=0.07s
[575.569s][info][gc,start       ] GC(1604) Pause Young (Allocation Failure)
[575.594s][info][gc,heap        ] GC(1604) PSYoungGen: 279040K(279040K)->14144K(288768K) Eden: 266240K(266240K)->0K(266240K) From: 12800K(12800K)->14144K(22528K)
[575.594s][info][gc,heap        ] GC(1604) ParOldGen: 574527K(574976K)->575023K(575488K)
[575.594s][info][gc,metaspace   ] GC(1604) Metaspace: 35536K(36288K)->35536K(36288K) NonClass: 26320K(26880K)->26320K(26880K) Class: 9215K(9408K)->9215K(9408K)
[575.594s][info][gc             ] GC(1604) Pause Young (Allocation Failure) 833M->575M(844M) 25.533ms
[575.594s][info][gc,cpu         ] GC(1604) User=0.05s Sys=0.00s Real=0.02s
[575.867s][info][gc,start       ] GC(1605) Pause Young (Allocation Failure)
[575.869s][info][gc,heap        ] GC(1605) PSYoungGen: 280384K(288768K)->64K(310272K) Eden: 266240K(266240K)->0K(286208K) From: 14144K(22528K)->64K(24064K)
[575.869s][info][gc,heap        ] GC(1605) ParOldGen: 575023K(575488K)->575031K(575488K)
[575.869s][info][gc,metaspace   ] GC(1605) Metaspace: 35536K(36288K)->35536K(36288K) NonClass: 26320K(26880K)->26320K(26880K) Class: 9215K(9408K)->9215K(9408K)
[575.869s][info][gc             ] GC(1605) Pause Young (Allocation Failure) 835M->561M(865M) 1.782ms
[575.869s][info][gc,cpu         ] GC(1605) User=0.00s Sys=0.00s Real=0.00s
[576.519s][info][gc,start       ] GC(1606) Pause Young (Allocation Failure)
[576.522s][info][gc,heap        ] GC(1606) PSYoungGen: 286272K(310272K)->128K(286720K) Eden: 286208K(286208K)->0K(286208K) From: 64K(24064K)->128K(512K)
[576.522s][info][gc,heap        ] GC(1606) ParOldGen: 575031K(575488K)->575039K(575488K)
[576.522s][info][gc,metaspace   ] GC(1606) Metaspace: 35610K(36352K)->35610K(36352K) NonClass: 26393K(26944K)->26393K(26944K) Class: 9216K(9408K)->9216K(9408K)
[576.522s][info][gc             ] GC(1606) Pause Young (Allocation Failure) 841M->561M(842M) 2.620ms
[576.522s][info][gc,cpu         ] GC(1606) User=0.01s Sys=0.00s Real=0.00s
[576.999s][info][gc,start       ] GC(1607) Pause Young (Allocation Failure)
[577.001s][info][gc,heap        ] GC(1607) PSYoungGen: 286336K(286720K)->64K(309760K) Eden: 286208K(286208K)->0K(287232K) From: 128K(512K)->64K(22528K)
[577.001s][info][gc,heap        ] GC(1607) ParOldGen: 575039K(575488K)->575127K(575488K)
[577.001s][info][gc,metaspace   ] GC(1607) Metaspace: 35610K(36352K)->35610K(36352K) NonClass: 26393K(26944K)->26393K(26944K) Class: 9216K(9408K)->9216K(9408K)
[577.001s][info][gc             ] GC(1607) Pause Young (Allocation Failure) 841M->561M(864M) 1.929ms
[577.001s][info][gc,cpu         ] GC(1607) User=0.00s Sys=0.00s Real=0.00s
[577.236s][info][gc,start       ] GC(1608) Pause Young (Allocation Failure)
[577.237s][info][gc,heap        ] GC(1608) PSYoungGen: 287296K(309760K)->64K(308736K) Eden: 287232K(287232K)->0K(287232K) From: 64K(22528K)->64K(21504K)
[577.237s][info][gc,heap        ] GC(1608) ParOldGen: 575127K(575488K)->575143K(575488K)
[577.237s][info][gc,metaspace   ] GC(1608) Metaspace: 35610K(36352K)->35610K(36352K) NonClass: 26393K(26944K)->26393K(26944K) Class: 9216K(9408K)->9216K(9408K)
[577.237s][info][gc             ] GC(1608) Pause Young (Allocation Failure) 842M->561M(863M) 1.606ms
[577.237s][info][gc,cpu         ] GC(1608) User=0.01s Sys=0.00s Real=0.01s
[577.473s][info][gc,start       ] GC(1609) Pause Young (Allocation Failure)
[577.474s][info][gc,heap        ] GC(1609) PSYoungGen: 287296K(308736K)->64K(310784K) Eden: 287232K(287232K)->0K(290304K) From: 64K(21504K)->64K(20480K)
[577.474s][info][gc,heap        ] GC(1609) ParOldGen: 575143K(575488K)->575143K(575488K)
[577.474s][info][gc,metaspace   ] GC(1609) Metaspace: 35610K(36352K)->35610K(36352K) NonClass: 26393K(26944K)->26393K(26944K) Class: 9216K(9408K)->9216K(9408K)
[577.475s][info][gc             ] GC(1609) Pause Young (Allocation Failure) 842M->561M(865M) 1.565ms
[577.475s][info][gc,cpu         ] GC(1609) User=0.01s Sys=0.00s Real=0.00s
[577.805s][info][gc,start       ] GC(1610) Pause Young (Allocation Failure)
[577.807s][info][gc,heap        ] GC(1610) PSYoungGen: 290368K(310784K)->64K(310272K) Eden: 290304K(290304K)->0K(290304K) From: 64K(20480K)->64K(19968K)
[577.807s][info][gc,heap        ] GC(1610) ParOldGen: 575143K(575488K)->575143K(575488K)
[577.807s][info][gc,metaspace   ] GC(1610) Metaspace: 35610K(36352K)->35610K(36352K) NonClass: 26393K(26944K)->26393K(26944K) Class: 9216K(9408K)->9216K(9408K)
[577.807s][info][gc             ] GC(1610) Pause Young (Allocation Failure) 845M->561M(865M) 1.518ms
[577.807s][info][gc,cpu         ] GC(1610) User=0.00s Sys=0.00s Real=0.00s
[577.857s][info][gc,start       ] GC(1611) Pause Young (Allocation Failure)
[577.858s][info][gc,heap        ] GC(1611) PSYoungGen: 290368K(310272K)->64K(312832K) Eden: 290304K(290304K)->0K(294400K) From: 64K(19968K)->64K(18432K)
[577.858s][info][gc,heap        ] GC(1611) ParOldGen: 575143K(575488K)->575159K(575488K)
[577.858s][info][gc,metaspace   ] GC(1611) Metaspace: 35610K(36352K)->35610K(36352K) NonClass: 26393K(26944K)->26393K(26944K) Class: 9216K(9408K)->9216K(9408K)
[577.858s][info][gc             ] GC(1611) Pause Young (Allocation Failure) 845M->561M(867M) 1.491ms
[577.858s][info][gc,cpu         ] GC(1611) User=0.00s Sys=0.00s Real=0.00s
[577.911s][info][gc,start       ] GC(1612) Pause Young (Allocation Failure)
[577.912s][info][gc,heap        ] GC(1612) PSYoungGen: 294464K(312832K)->64K(312320K) Eden: 294400K(294400K)->0K(294400K) From: 64K(18432K)->64K(17920K)
[577.912s][info][gc,heap        ] GC(1612) ParOldGen: 575159K(575488K)->575159K(575488K)
[577.912s][info][gc,metaspace   ] GC(1612) Metaspace: 35610K(36352K)->35610K(36352K) NonClass: 26393K(26944K)->26393K(26944K) Class: 9216K(9408K)->9216K(9408K)
[577.912s][info][gc             ] GC(1612) Pause Young (Allocation Failure) 849M->561M(867M) 1.451ms
[577.912s][info][gc,cpu         ] GC(1612) User=0.01s Sys=0.00s Real=0.00s
[578.163s][info][gc,start       ] GC(1613) Pause Young (Allocation Failure)
[578.165s][info][gc,heap        ] GC(1613) PSYoungGen: 294464K(312320K)->64K(314880K) Eden: 294400K(294400K)->0K(298496K) From: 64K(17920K)->64K(16384K)
[578.165s][info][gc,heap        ] GC(1613) ParOldGen: 575159K(575488K)->575175K(575488K)
[578.165s][info][gc,metaspace   ] GC(1613) Metaspace: 35610K(36352K)->35610K(36352K) NonClass: 26393K(26944K)->26393K(26944K) Class: 9216K(9408K)->9216K(9408K)
[578.165s][info][gc             ] GC(1613) Pause Young (Allocation Failure) 849M->561M(869M) 1.896ms
[578.165s][info][gc,cpu         ] GC(1613) User=0.01s Sys=0.00s Real=0.00s
[578.387s][info][gc,start       ] GC(1614) Pause Young (Allocation Failure)
[578.388s][info][gc,heap        ] GC(1614) PSYoungGen: 298560K(314880K)->64K(314368K) Eden: 298496K(298496K)->0K(298496K) From: 64K(16384K)->64K(15872K)
[578.388s][info][gc,heap        ] GC(1614) ParOldGen: 575175K(575488K)->575175K(575488K)
[578.388s][info][gc,metaspace   ] GC(1614) Metaspace: 35610K(36352K)->35610K(36352K) NonClass: 26393K(26944K)->26393K(26944K) Class: 9216K(9408K)->9216K(9408K)
[578.388s][info][gc             ] GC(1614) Pause Young (Allocation Failure) 853M->561M(869M) 1.598ms
[578.388s][info][gc,cpu         ] GC(1614) User=0.00s Sys=0.00s Real=0.01s
[578.469s][info][gc,start       ] GC(1615) Pause Young (Allocation Failure)
[578.471s][info][gc,heap        ] GC(1615) PSYoungGen: 298560K(314368K)->64K(316928K) Eden: 298496K(298496K)->0K(302080K) From: 64K(15872K)->64K(14848K)
[578.471s][info][gc,heap        ] GC(1615) ParOldGen: 575175K(575488K)->575183K(575488K)
[578.471s][info][gc,metaspace   ] GC(1615) Metaspace: 35610K(36352K)->35610K(36352K) NonClass: 26393K(26944K)->26393K(26944K) Class: 9216K(9408K)->9216K(9408K)
[578.471s][info][gc             ] GC(1615) Pause Young (Allocation Failure) 853M->561M(871M) 1.588ms
[578.471s][info][gc,cpu         ] GC(1615) User=0.00s Sys=0.00s Real=0.00s
[578.601s][info][gc,start       ] GC(1616) Pause Young (Allocation Failure)
[578.603s][info][gc,heap        ] GC(1616) PSYoungGen: 302144K(316928K)->64K(316416K) Eden: 302080K(302080K)->0K(302080K) From: 64K(14848K)->64K(14336K)
[578.603s][info][gc,heap        ] GC(1616) ParOldGen: 575183K(575488K)->575191K(575488K)
[578.603s][info][gc,metaspace   ] GC(1616) Metaspace: 35610K(36352K)->35610K(36352K) NonClass: 26393K(26944K)->26393K(26944K) Class: 9216K(9408K)->9216K(9408K)
[578.603s][info][gc             ] GC(1616) Pause Young (Allocation Failure) 856M->561M(871M) 1.501ms
[578.603s][info][gc,cpu         ] GC(1616) User=0.01s Sys=0.00s Real=0.00s
[579.009s][info][gc,start       ] GC(1617) Pause Young (Allocation Failure)
[579.010s][info][gc,heap        ] GC(1617) PSYoungGen: 302144K(316416K)->64K(318464K) Eden: 302080K(302080K)->0K(305664K) From: 64K(14336K)->64K(12800K)
[579.010s][info][gc,heap        ] GC(1617) ParOldGen: 575191K(575488K)->575199K(575488K)
[579.011s][info][gc,metaspace   ] GC(1617) Metaspace: 35610K(36352K)->35610K(36352K) NonClass: 26393K(26944K)->26393K(26944K) Class: 9216K(9408K)->9216K(9408K)
[579.011s][info][gc             ] GC(1617) Pause Young (Allocation Failure) 856M->561M(873M) 1.585ms
[579.011s][info][gc,cpu         ] GC(1617) User=0.00s Sys=0.00s Real=0.00s
[580.364s][info][gc,start       ] GC(1618) Pause Young (Allocation Failure)
[580.366s][info][gc,heap        ] GC(1618) PSYoungGen: 305728K(318464K)->64K(317952K) Eden: 305664K(305664K)->0K(305664K) From: 64K(12800K)->64K(12288K)
[580.366s][info][gc,heap        ] GC(1618) ParOldGen: 575199K(575488K)->575207K(575488K)
[580.366s][info][gc,metaspace   ] GC(1618) Metaspace: 35610K(36352K)->35610K(36352K) NonClass: 26393K(26944K)->26393K(26944K) Class: 9216K(9408K)->9216K(9408K)
[580.366s][info][gc             ] GC(1618) Pause Young (Allocation Failure) 860M->561M(872M) 1.668ms
[580.366s][info][gc,cpu         ] GC(1618) User=0.00s Sys=0.00s Real=0.00s
[580.681s][info][gc,start       ] GC(1619) Pause Young (Allocation Failure)
[580.682s][info][gc,heap        ] GC(1619) PSYoungGen: 305728K(317952K)->64K(293888K) Eden: 305664K(305664K)->0K(293376K) From: 64K(12288K)->64K(512K)
[580.683s][info][gc,heap        ] GC(1619) ParOldGen: 575207K(575488K)->575215K(575488K)
[580.683s][info][gc,metaspace   ] GC(1619) Metaspace: 35610K(36352K)->35610K(36352K) NonClass: 26393K(26944K)->26393K(26944K) Class: 9216K(9408K)->9216K(9408K)
[580.683s][info][gc             ] GC(1619) Pause Young (Allocation Failure) 860M->561M(849M) 1.874ms
[580.683s][info][gc,cpu         ] GC(1619) User=0.00s Sys=0.00s Real=0.00s
[581.562s][info][gc,start       ] GC(1620) Pause Young (Allocation Failure)
[581.564s][info][gc,heap        ] GC(1620) PSYoungGen: 293440K(293888K)->64K(292352K) Eden: 293376K(293376K)->0K(281600K) From: 64K(512K)->64K(10752K)
[581.564s][info][gc,heap        ] GC(1620) ParOldGen: 575215K(575488K)->575231K(575488K)
[581.564s][info][gc,metaspace   ] GC(1620) Metaspace: 35610K(36352K)->35610K(36352K) NonClass: 26393K(26944K)->26393K(26944K) Class: 9216K(9408K)->9216K(9408K)
[581.564s][info][gc             ] GC(1620) Pause Young (Allocation Failure) 848M->561M(847M) 1.697ms
[581.564s][info][gc,cpu         ] GC(1620) User=0.00s Sys=0.00s Real=0.00s
[582.218s][info][gc,start       ] GC(1621) Pause Young (Allocation Failure)
[582.219s][info][gc,heap        ] GC(1621) PSYoungGen: 281664K(292352K)->64K(270848K) Eden: 281600K(281600K)->0K(270336K) From: 64K(10752K)->64K(512K)
[582.219s][info][gc,heap        ] GC(1621) ParOldGen: 575231K(575488K)->575239K(575488K)
[582.219s][info][gc,metaspace   ] GC(1621) Metaspace: 35610K(36352K)->35610K(36352K) NonClass: 26393K(26944K)->26393K(26944K) Class: 9216K(9408K)->9216K(9408K)
[582.219s][info][gc             ] GC(1621) Pause Young (Allocation Failure) 836M->561M(826M) 1.756ms
[582.219s][info][gc,cpu         ] GC(1621) User=0.01s Sys=0.00s Real=0.00s
[582.415s][info][gc,start       ] GC(1622) Pause Young (Allocation Failure)
[582.416s][info][gc,heap        ] GC(1622) PSYoungGen: 270400K(270848K)->64K(269824K) Eden: 270336K(270336K)->0K(260096K) From: 64K(512K)->64K(9728K)
[582.416s][info][gc,heap        ] GC(1622) ParOldGen: 575239K(575488K)->575247K(575488K)
[582.417s][info][gc,metaspace   ] GC(1622) Metaspace: 35610K(36352K)->35610K(36352K) NonClass: 26393K(26944K)->26393K(26944K) Class: 9216K(9408K)->9216K(9408K)
[582.417s][info][gc             ] GC(1622) Pause Young (Allocation Failure) 825M->561M(825M) 1.549ms
[582.417s][info][gc,cpu         ] GC(1622) User=0.00s Sys=0.00s Real=0.00s
[582.511s][info][gc,start       ] GC(1623) Pause Young (Allocation Failure)
[582.512s][info][gc,heap        ] GC(1623) PSYoungGen: 260160K(269824K)->64K(250368K) Eden: 260096K(260096K)->0K(249856K) From: 64K(9728K)->64K(512K)
[582.512s][info][gc,heap        ] GC(1623) ParOldGen: 575247K(575488K)->575255K(575488K)
[582.512s][info][gc,metaspace   ] GC(1623) Metaspace: 35610K(36352K)->35610K(36352K) NonClass: 26393K(26944K)->26393K(26944K) Class: 9216K(9408K)->9216K(9408K)
[582.512s][info][gc             ] GC(1623) Pause Young (Allocation Failure) 815M->561M(806M) 1.734ms
[582.512s][info][gc,cpu         ] GC(1623) User=0.00s Sys=0.00s Real=0.00s
[583.079s][info][gc,start       ] GC(1624) Pause Young (Allocation Failure)
[583.082s][info][gc,heap        ] GC(1624) PSYoungGen: 249920K(250368K)->64K(248320K) Eden: 249856K(249856K)->0K(240128K) From: 64K(512K)->64K(8192K)
[583.082s][info][gc,heap        ] GC(1624) ParOldGen: 575255K(575488K)->575263K(575488K)
[583.082s][info][gc,metaspace   ] GC(1624) Metaspace: 35610K(36352K)->35610K(36352K) NonClass: 26393K(26944K)->26393K(26944K) Class: 9216K(9408K)->9216K(9408K)
[583.082s][info][gc             ] GC(1624) Pause Young (Allocation Failure) 805M->561M(804M) 2.447ms
[583.082s][info][gc,cpu         ] GC(1624) User=0.00s Sys=0.00s Real=0.00s
[583.322s][info][gc,start       ] GC(1625) Pause Young (Allocation Failure)
[583.325s][info][gc,heap        ] GC(1625) PSYoungGen: 240192K(248320K)->64K(231424K) Eden: 240128K(240128K)->0K(230912K) From: 64K(8192K)->64K(512K)
[583.325s][info][gc,heap        ] GC(1625) ParOldGen: 575263K(575488K)->575271K(575488K)
[583.325s][info][gc,metaspace   ] GC(1625) Metaspace: 35610K(36352K)->35610K(36352K) NonClass: 26393K(26944K)->26393K(26944K) Class: 9216K(9408K)->9216K(9408K)
[583.325s][info][gc             ] GC(1625) Pause Young (Allocation Failure) 796M->561M(788M) 2.628ms
[583.325s][info][gc,cpu         ] GC(1625) User=0.00s Sys=0.00s Real=0.00s
[583.635s][info][gc,start       ] GC(1626) Pause Young (Allocation Failure)
[583.673s][info][gc,heap        ] GC(1626) PSYoungGen: 230976K(231424K)->7168K(283136K) Eden: 230912K(230912K)->0K(275968K) From: 64K(512K)->7168K(7168K)
[583.673s][info][gc,heap        ] GC(1626) ParOldGen: 575271K(575488K)->588591K(588800K)
[583.673s][info][gc,metaspace   ] GC(1626) Metaspace: 35610K(36352K)->35610K(36352K) NonClass: 26393K(26944K)->26393K(26944K) Class: 9216K(9408K)->9216K(9408K)
[583.673s][info][gc             ] GC(1626) Pause Young (Allocation Failure) 787M->581M(851M) 37.758ms
[583.673s][info][gc,cpu         ] GC(1626) User=0.07s Sys=0.00s Real=0.04s
[583.994s][info][gc,start       ] GC(1627) Pause Young (Allocation Failure)
[584.058s][info][gc,heap        ] GC(1627) PSYoungGen: 283136K(283136K)->13824K(280064K) Eden: 275968K(275968K)->0K(266240K) From: 7168K(7168K)->13824K(13824K)
[584.058s][info][gc,heap        ] GC(1627) ParOldGen: 588591K(588800K)->606175K(606208K)
[584.058s][info][gc,metaspace   ] GC(1627) Metaspace: 35610K(36352K)->35610K(36352K) NonClass: 26393K(26944K)->26393K(26944K) Class: 9216K(9408K)->9216K(9408K)
[584.058s][info][gc             ] GC(1627) Pause Young (Allocation Failure) 851M->605M(865M) 63.920ms
[584.058s][info][gc,cpu         ] GC(1627) User=0.11s Sys=0.02s Real=0.07s
[584.215s][info][gc,start       ] GC(1628) Pause Young (Allocation Failure)
[584.236s][info][gc,heap        ] GC(1628) PSYoungGen: 280064K(280064K)->11104K(289792K) Eden: 266240K(266240K)->0K(266240K) From: 13824K(13824K)->11104K(23552K)
[584.236s][info][gc,heap        ] GC(1628) ParOldGen: 606175K(606208K)->606655K(606720K)
[584.236s][info][gc,metaspace   ] GC(1628) Metaspace: 35610K(36352K)->35610K(36352K) NonClass: 26393K(26944K)->26393K(26944K) Class: 9216K(9408K)->9216K(9408K)
[584.236s][info][gc             ] GC(1628) Pause Young (Allocation Failure) 865M->603M(875M) 21.409ms
[584.236s][info][gc,cpu         ] GC(1628) User=0.05s Sys=0.00s Real=0.02s
[584.567s][info][gc,start       ] GC(1629) Pause Young (Allocation Failure)
[584.569s][info][gc,heap        ] GC(1629) PSYoungGen: 277344K(289792K)->64K(309248K) Eden: 266240K(266240K)->0K(286720K) From: 11104K(23552K)->64K(22528K)
[584.569s][info][gc,heap        ] GC(1629) ParOldGen: 606655K(606720K)->606663K(606720K)
[584.569s][info][gc,metaspace   ] GC(1629) Metaspace: 35610K(36352K)->35610K(36352K) NonClass: 26393K(26944K)->26393K(26944K) Class: 9216K(9408K)->9216K(9408K)
[584.569s][info][gc             ] GC(1629) Pause Young (Allocation Failure) 863M->592M(894M) 1.913ms
[584.569s][info][gc,cpu         ] GC(1629) User=0.00s Sys=0.00s Real=0.00s
[585.141s][info][gc,start       ] GC(1630) Pause Young (Allocation Failure)
[585.143s][info][gc,heap        ] GC(1630) PSYoungGen: 286784K(309248K)->64K(309760K) Eden: 286720K(286720K)->0K(286720K) From: 64K(22528K)->64K(23040K)
[585.143s][info][gc,heap        ] GC(1630) ParOldGen: 606663K(606720K)->606671K(606720K)
[585.143s][info][gc,metaspace   ] GC(1630) Metaspace: 35625K(36352K)->35625K(36352K) NonClass: 26408K(26944K)->26408K(26944K) Class: 9216K(9408K)->9216K(9408K)
[585.143s][info][gc             ] GC(1630) Pause Young (Allocation Failure) 872M->592M(895M) 1.818ms
[585.143s][info][gc,cpu         ] GC(1630) User=0.01s Sys=0.00s Real=0.00s
[585.597s][info][gc,start       ] GC(1631) Pause Young (Allocation Failure)
[585.599s][info][gc,heap        ] GC(1631) PSYoungGen: 286784K(309760K)->64K(310272K) Eden: 286720K(286720K)->0K(288768K) From: 64K(23040K)->64K(21504K)
[585.599s][info][gc,heap        ] GC(1631) ParOldGen: 606671K(606720K)->606687K(606720K)
[585.599s][info][gc,metaspace   ] GC(1631) Metaspace: 35625K(36352K)->35625K(36352K) NonClass: 26408K(26944K)->26408K(26944K) Class: 9216K(9408K)->9216K(9408K)
[585.599s][info][gc             ] GC(1631) Pause Young (Allocation Failure) 872M->592M(895M) 1.865ms
[585.599s][info][gc,cpu         ] GC(1631) User=0.00s Sys=0.00s Real=0.00s
[585.835s][info][gc,start       ] GC(1632) Pause Young (Allocation Failure)
[585.837s][info][gc,heap        ] GC(1632) PSYoungGen: 288832K(310272K)->64K(310272K) Eden: 288768K(288768K)->0K(288768K) From: 64K(21504K)->64K(21504K)
[585.837s][info][gc,heap        ] GC(1632) ParOldGen: 606687K(606720K)->606703K(606720K)
[585.837s][info][gc,metaspace   ] GC(1632) Metaspace: 35625K(36352K)->35625K(36352K) NonClass: 26408K(26944K)->26408K(26944K) Class: 9216K(9408K)->9216K(9408K)
[585.837s][info][gc             ] GC(1632) Pause Young (Allocation Failure) 874M->592M(895M) 1.752ms
[585.837s][info][gc,cpu         ] GC(1632) User=0.00s Sys=0.00s Real=0.01s
[586.074s][info][gc,start       ] GC(1633) Pause Young (Allocation Failure)
[586.075s][info][gc,heap        ] GC(1633) PSYoungGen: 288832K(310272K)->64K(311296K) Eden: 288768K(288768K)->0K(291840K) From: 64K(21504K)->64K(19456K)
[586.075s][info][gc,heap        ] GC(1633) ParOldGen: 606703K(606720K)->606703K(606720K)
[586.075s][info][gc,metaspace   ] GC(1633) Metaspace: 35625K(36352K)->35625K(36352K) NonClass: 26408K(26944K)->26408K(26944K) Class: 9216K(9408K)->9216K(9408K)
[586.075s][info][gc             ] GC(1633) Pause Young (Allocation Failure) 874M->592M(896M) 1.717ms
[586.075s][info][gc,cpu         ] GC(1633) User=0.01s Sys=0.00s Real=0.00s
[586.375s][info][gc,start       ] GC(1634) Pause Young (Allocation Failure)
[586.376s][info][gc,heap        ] GC(1634) PSYoungGen: 291904K(311296K)->64K(311296K) Eden: 291840K(291840K)->0K(291840K) From: 64K(19456K)->64K(19456K)
[586.376s][info][gc,heap        ] GC(1634) ParOldGen: 606703K(606720K)->606703K(606720K)
[586.376s][info][gc,metaspace   ] GC(1634) Metaspace: 35625K(36352K)->35625K(36352K) NonClass: 26408K(26944K)->26408K(26944K) Class: 9216K(9408K)->9216K(9408K)
[586.376s][info][gc             ] GC(1634) Pause Young (Allocation Failure) 877M->592M(896M) 1.717ms
[586.376s][info][gc,cpu         ] GC(1634) User=0.00s Sys=0.00s Real=0.00s
[586.427s][info][gc,start       ] GC(1635) Pause Young (Allocation Failure)
[586.428s][info][gc,heap        ] GC(1635) PSYoungGen: 291904K(311296K)->64K(313344K) Eden: 291840K(291840K)->0K(295936K) From: 64K(19456K)->64K(17408K)
[586.428s][info][gc,heap        ] GC(1635) ParOldGen: 606703K(606720K)->606719K(606720K)
[586.428s][info][gc,metaspace   ] GC(1635) Metaspace: 35625K(36352K)->35625K(36352K) NonClass: 26408K(26944K)->26408K(26944K) Class: 9216K(9408K)->9216K(9408K)
[586.428s][info][gc             ] GC(1635) Pause Young (Allocation Failure) 877M->592M(898M) 1.604ms
[586.428s][info][gc,cpu         ] GC(1635) User=0.00s Sys=0.00s Real=0.01s
[586.514s][info][gc,start       ] GC(1636) Pause Young (Allocation Failure)
[586.516s][info][gc,heap        ] GC(1636) PSYoungGen: 296000K(313344K)->64K(313344K) Eden: 295936K(295936K)->0K(295936K) From: 64K(17408K)->64K(17408K)
[586.516s][info][gc,heap        ] GC(1636) ParOldGen: 606719K(606720K)->606719K(606720K)
[586.516s][info][gc,metaspace   ] GC(1636) Metaspace: 35625K(36352K)->35625K(36352K) NonClass: 26408K(26944K)->26408K(26944K) Class: 9216K(9408K)->9216K(9408K)
[586.516s][info][gc             ] GC(1636) Pause Young (Allocation Failure) 881M->592M(898M) 1.555ms
[586.516s][info][gc,cpu         ] GC(1636) User=0.00s Sys=0.00s Real=0.00s
[586.757s][info][gc,start       ] GC(1637) Pause Young (Allocation Failure)
[586.758s][info][gc,heap        ] GC(1637) PSYoungGen: 296000K(313344K)->64K(315904K) Eden: 295936K(295936K)->0K(299520K) From: 64K(17408K)->64K(16384K)
[586.758s][info][gc,heap        ] GC(1637) ParOldGen: 606719K(606720K)->606735K(607232K)
[586.758s][info][gc,metaspace   ] GC(1637) Metaspace: 35625K(36352K)->35625K(36352K) NonClass: 26408K(26944K)->26408K(26944K) Class: 9216K(9408K)->9216K(9408K)
[586.758s][info][gc             ] GC(1637) Pause Young (Allocation Failure) 881M->592M(901M) 1.643ms
[586.758s][info][gc,cpu         ] GC(1637) User=0.00s Sys=0.00s Real=0.01s
[586.953s][info][gc,start       ] GC(1638) Pause Young (Allocation Failure)
[586.955s][info][gc,heap        ] GC(1638) PSYoungGen: 299584K(315904K)->64K(315392K) Eden: 299520K(299520K)->0K(299520K) From: 64K(16384K)->64K(15872K)
[586.955s][info][gc,heap        ] GC(1638) ParOldGen: 606735K(607232K)->606735K(607232K)
[586.955s][info][gc,metaspace   ] GC(1638) Metaspace: 35625K(36352K)->35625K(36352K) NonClass: 26408K(26944K)->26408K(26944K) Class: 9216K(9408K)->9216K(9408K)
[586.955s][info][gc             ] GC(1638) Pause Young (Allocation Failure) 885M->592M(901M) 1.796ms
[586.955s][info][gc,cpu         ] GC(1638) User=0.00s Sys=0.00s Real=0.00s
[587.034s][info][gc,start       ] GC(1639) Pause Young (Allocation Failure)
[587.036s][info][gc,heap        ] GC(1639) PSYoungGen: 299584K(315392K)->64K(316928K) Eden: 299520K(299520K)->0K(302592K) From: 64K(15872K)->64K(14336K)
[587.036s][info][gc,heap        ] GC(1639) ParOldGen: 606735K(607232K)->606751K(607232K)
[587.036s][info][gc,metaspace   ] GC(1639) Metaspace: 35625K(36352K)->35625K(36352K) NonClass: 26408K(26944K)->26408K(26944K) Class: 9216K(9408K)->9216K(9408K)
[587.036s][info][gc             ] GC(1639) Pause Young (Allocation Failure) 885M->592M(902M) 1.609ms
[587.036s][info][gc,cpu         ] GC(1639) User=0.00s Sys=0.01s Real=0.00s
[587.184s][info][gc,start       ] GC(1640) Pause Young (Allocation Failure)
[587.186s][info][gc,heap        ] GC(1640) PSYoungGen: 302656K(316928K)->64K(316416K) Eden: 302592K(302592K)->0K(302592K) From: 64K(14336K)->64K(13824K)
[587.186s][info][gc,heap        ] GC(1640) ParOldGen: 606751K(607232K)->606751K(607232K)
[587.186s][info][gc,metaspace   ] GC(1640) Metaspace: 35625K(36352K)->35625K(36352K) NonClass: 26408K(26944K)->26408K(26944K) Class: 9216K(9408K)->9216K(9408K)
[587.186s][info][gc             ] GC(1640) Pause Young (Allocation Failure) 888M->592M(902M) 1.603ms
[587.186s][info][gc,cpu         ] GC(1640) User=0.00s Sys=0.00s Real=0.00s
[588.102s][info][gc,start       ] GC(1641) Pause Young (Allocation Failure)
[588.103s][info][gc,heap        ] GC(1641) PSYoungGen: 302656K(316416K)->64K(318976K) Eden: 302592K(302592K)->0K(306688K) From: 64K(13824K)->64K(12288K)
[588.103s][info][gc,heap        ] GC(1641) ParOldGen: 606751K(607232K)->606759K(607232K)
[588.103s][info][gc,metaspace   ] GC(1641) Metaspace: 35625K(36352K)->35625K(36352K) NonClass: 26408K(26944K)->26408K(26944K) Class: 9216K(9408K)->9216K(9408K)
[588.103s][info][gc             ] GC(1641) Pause Young (Allocation Failure) 888M->592M(904M) 1.763ms
[588.104s][info][gc,cpu         ] GC(1641) User=0.01s Sys=0.00s Real=0.00s
[588.930s][info][gc,start       ] GC(1642) Pause Young (Allocation Failure)
[588.932s][info][gc,heap        ] GC(1642) PSYoungGen: 306752K(318976K)->64K(318976K) Eden: 306688K(306688K)->0K(306688K) From: 64K(12288K)->64K(12288K)
[588.932s][info][gc,heap        ] GC(1642) ParOldGen: 606759K(607232K)->606767K(607232K)
[588.932s][info][gc,metaspace   ] GC(1642) Metaspace: 35625K(36352K)->35625K(36352K) NonClass: 26408K(26944K)->26408K(26944K) Class: 9216K(9408K)->9216K(9408K)
[588.932s][info][gc             ] GC(1642) Pause Young (Allocation Failure) 892M->592M(904M) 1.912ms
[588.932s][info][gc,cpu         ] GC(1642) User=0.00s Sys=0.00s Real=0.00s
[589.329s][info][gc,start       ] GC(1643) Pause Young (Allocation Failure)
[589.331s][info][gc,heap        ] GC(1643) PSYoungGen: 306752K(318976K)->64K(294912K) Eden: 306688K(306688K)->0K(294400K) From: 64K(12288K)->64K(512K)
[589.331s][info][gc,heap        ] GC(1643) ParOldGen: 606767K(607232K)->606775K(607232K)
[589.331s][info][gc,metaspace   ] GC(1643) Metaspace: 35625K(36352K)->35625K(36352K) NonClass: 26408K(26944K)->26408K(26944K) Class: 9216K(9408K)->9216K(9408K)
[589.331s][info][gc             ] GC(1643) Pause Young (Allocation Failure) 892M->592M(881M) 1.805ms
[589.331s][info][gc,cpu         ] GC(1643) User=0.01s Sys=0.00s Real=0.00s
[590.380s][info][gc,start       ] GC(1644) Pause Young (Allocation Failure)
[590.381s][info][gc,heap        ] GC(1644) PSYoungGen: 294464K(294912K)->64K(293376K) Eden: 294400K(294400K)->0K(282624K) From: 64K(512K)->64K(10752K)
[590.382s][info][gc,heap        ] GC(1644) ParOldGen: 606775K(607232K)->606783K(607232K)
[590.382s][info][gc,metaspace   ] GC(1644) Metaspace: 35625K(36352K)->35625K(36352K) NonClass: 26408K(26944K)->26408K(26944K) Class: 9216K(9408K)->9216K(9408K)
[590.382s][info][gc             ] GC(1644) Pause Young (Allocation Failure) 880M->592M(879M) 1.805ms
[590.382s][info][gc,cpu         ] GC(1644) User=0.01s Sys=0.00s Real=0.00s
[590.781s][info][gc,start       ] GC(1645) Pause Young (Allocation Failure)
[590.783s][info][gc,heap        ] GC(1645) PSYoungGen: 282688K(293376K)->64K(271872K) Eden: 282624K(282624K)->0K(271360K) From: 64K(10752K)->64K(512K)
[590.783s][info][gc,heap        ] GC(1645) ParOldGen: 606783K(607232K)->606791K(607232K)
[590.783s][info][gc,metaspace   ] GC(1645) Metaspace: 35625K(36352K)->35625K(36352K) NonClass: 26408K(26944K)->26408K(26944K) Class: 9216K(9408K)->9216K(9408K)
[590.783s][info][gc             ] GC(1645) Pause Young (Allocation Failure) 868M->592M(858M) 1.756ms
[590.783s][info][gc,cpu         ] GC(1645) User=0.01s Sys=0.00s Real=0.00s
[590.954s][info][gc,start       ] GC(1646) Pause Young (Allocation Failure)
[590.955s][info][gc,heap        ] GC(1646) PSYoungGen: 271424K(271872K)->64K(269824K) Eden: 271360K(271360K)->0K(260608K) From: 64K(512K)->64K(9216K)
[590.955s][info][gc,heap        ] GC(1646) ParOldGen: 606791K(607232K)->606799K(607232K)
[590.955s][info][gc,metaspace   ] GC(1646) Metaspace: 35625K(36352K)->35625K(36352K) NonClass: 26408K(26944K)->26408K(26944K) Class: 9216K(9408K)->9216K(9408K)
[590.955s][info][gc             ] GC(1646) Pause Young (Allocation Failure) 857M->592M(856M) 1.662ms
[590.955s][info][gc,cpu         ] GC(1646) User=0.00s Sys=0.00s Real=0.00s
[591.186s][info][gc,start       ] GC(1647) Pause Young (Allocation Failure)
[591.188s][info][gc,heap        ] GC(1647) PSYoungGen: 260672K(269824K)->64K(250880K) Eden: 260608K(260608K)->0K(250368K) From: 64K(9216K)->64K(512K)
[591.188s][info][gc,heap        ] GC(1647) ParOldGen: 606799K(607232K)->606807K(607232K)
[591.188s][info][gc,metaspace   ] GC(1647) Metaspace: 35625K(36352K)->35625K(36352K) NonClass: 26408K(26944K)->26408K(26944K) Class: 9216K(9408K)->9216K(9408K)
[591.188s][info][gc             ] GC(1647) Pause Young (Allocation Failure) 847M->592M(838M) 1.782ms
[591.188s][info][gc,cpu         ] GC(1647) User=0.00s Sys=0.00s Real=0.01s
[591.623s][info][gc,start       ] GC(1648) Pause Young (Allocation Failure)
[591.626s][info][gc,heap        ] GC(1648) PSYoungGen: 250432K(250880K)->64K(248832K) Eden: 250368K(250368K)->0K(240640K) From: 64K(512K)->64K(8192K)
[591.626s][info][gc,heap        ] GC(1648) ParOldGen: 606807K(607232K)->606823K(607232K)
[591.626s][info][gc,metaspace   ] GC(1648) Metaspace: 35625K(36352K)->35625K(36352K) NonClass: 26408K(26944K)->26408K(26944K) Class: 9216K(9408K)->9216K(9408K)
[591.626s][info][gc             ] GC(1648) Pause Young (Allocation Failure) 837M->592M(836M) 3.196ms
[591.626s][info][gc,cpu         ] GC(1648) User=0.00s Sys=0.00s Real=0.00s
[591.965s][info][gc,start       ] GC(1649) Pause Young (Allocation Failure)
[591.972s][info][gc,heap        ] GC(1649) PSYoungGen: 240704K(248832K)->1696K(286208K) Eden: 240640K(240640K)->0K(283648K) From: 64K(8192K)->1696K(2560K)
[591.972s][info][gc,heap        ] GC(1649) ParOldGen: 606823K(607232K)->606839K(607232K)
[591.972s][info][gc,metaspace   ] GC(1649) Metaspace: 35625K(36352K)->35625K(36352K) NonClass: 26408K(26944K)->26408K(26944K) Class: 9216K(9408K)->9216K(9408K)
[591.972s][info][gc             ] GC(1649) Pause Young (Allocation Failure) 827M->594M(872M) 7.213ms
[591.972s][info][gc,cpu         ] GC(1649) User=0.00s Sys=0.00s Real=0.01s
[592.299s][info][gc,start       ] GC(1650) Pause Young (Allocation Failure)
[592.362s][info][gc,heap        ] GC(1650) PSYoungGen: 285344K(286208K)->7168K(290816K) Eden: 283648K(283648K)->0K(283648K) From: 1696K(2560K)->7168K(7168K)
[592.362s][info][gc,heap        ] GC(1650) ParOldGen: 606839K(607232K)->631599K(631808K)
[592.362s][info][gc,metaspace   ] GC(1650) Metaspace: 35625K(36352K)->35625K(36352K) NonClass: 26408K(26944K)->26408K(26944K) Class: 9216K(9408K)->9216K(9408K)
[592.363s][info][gc             ] GC(1650) Pause Young (Allocation Failure) 871M->623M(901M) 63.307ms
[592.363s][info][gc,cpu         ] GC(1650) User=0.10s Sys=0.02s Real=0.06s
[592.669s][info][gc,start       ] GC(1651) Pause Young (Allocation Failure)
[592.734s][info][gc,heap        ] GC(1651) PSYoungGen: 290816K(290816K)->17920K(299520K) Eden: 283648K(283648K)->0K(281600K) From: 7168K(7168K)->17920K(17920K)
[592.734s][info][gc,heap        ] GC(1651) ParOldGen: 631599K(631808K)->643399K(643584K)
[592.734s][info][gc,metaspace   ] GC(1651) Metaspace: 35625K(36352K)->35625K(36352K) NonClass: 26408K(26944K)->26408K(26944K) Class: 9216K(9408K)->9216K(9408K)
[592.734s][info][gc             ] GC(1651) Pause Young (Allocation Failure) 900M->645M(921M) 64.606ms
[592.734s][info][gc,cpu         ] GC(1651) User=0.10s Sys=0.02s Real=0.06s
[592.825s][info][gc,start       ] GC(1652) Pause Young (Allocation Failure)
[592.830s][info][gc,heap        ] GC(1652) PSYoungGen: 299520K(299520K)->64K(307712K) Eden: 281600K(281600K)->0K(281600K) From: 17920K(17920K)->64K(26112K)
[592.830s][info][gc,heap        ] GC(1652) ParOldGen: 643399K(643584K)->643703K(644096K)
[592.830s][info][gc,metaspace   ] GC(1652) Metaspace: 35625K(36352K)->35625K(36352K) NonClass: 26408K(26944K)->26408K(26944K) Class: 9216K(9408K)->9216K(9408K)
[592.830s][info][gc             ] GC(1652) Pause Young (Allocation Failure) 920M->628M(929M) 5.180ms
[592.830s][info][gc,cpu         ] GC(1652) User=0.01s Sys=0.00s Real=0.01s
[593.479s][info][gc,start       ] GC(1653) Pause Young (Allocation Failure)
[593.481s][info][gc,heap        ] GC(1653) PSYoungGen: 281664K(307712K)->64K(305152K) Eden: 281600K(281600K)->0K(282112K) From: 64K(26112K)->64K(23040K)
[593.481s][info][gc,heap        ] GC(1653) ParOldGen: 643703K(644096K)->643711K(644096K)
[593.481s][info][gc,metaspace   ] GC(1653) Metaspace: 35625K(36352K)->35625K(36352K) NonClass: 26408K(26944K)->26408K(26944K) Class: 9216K(9408K)->9216K(9408K)
[593.481s][info][gc             ] GC(1653) Pause Young (Allocation Failure) 903M->628M(927M) 2.212ms
[593.481s][info][gc,cpu         ] GC(1653) User=0.00s Sys=0.00s Real=0.00s
[593.825s][info][gc,start       ] GC(1654) Pause Young (Allocation Failure)
[593.827s][info][gc,heap        ] GC(1654) PSYoungGen: 282176K(305152K)->64K(306688K) Eden: 282112K(282112K)->0K(282112K) From: 64K(23040K)->64K(24576K)
[593.827s][info][gc,heap        ] GC(1654) ParOldGen: 643711K(644096K)->643719K(644096K)
[593.827s][info][gc,metaspace   ] GC(1654) Metaspace: 35625K(36352K)->35625K(36352K) NonClass: 26408K(26944K)->26408K(26944K) Class: 9216K(9408K)->9216K(9408K)
[593.827s][info][gc             ] GC(1654) Pause Young (Allocation Failure) 904M->628M(928M) 1.926ms
[593.827s][info][gc,cpu         ] GC(1654) User=0.00s Sys=0.00s Real=0.01s
[594.262s][info][gc,start       ] GC(1655) Pause Young (Allocation Failure)
[594.263s][info][gc,heap        ] GC(1655) PSYoungGen: 282176K(306688K)->64K(306688K) Eden: 282112K(282112K)->0K(285696K) From: 64K(24576K)->64K(20992K)
[594.263s][info][gc,heap        ] GC(1655) ParOldGen: 643719K(644096K)->643735K(644096K)
[594.263s][info][gc,metaspace   ] GC(1655) Metaspace: 35625K(36352K)->35625K(36352K) NonClass: 26408K(26944K)->26408K(26944K) Class: 9216K(9408K)->9216K(9408K)
[594.263s][info][gc             ] GC(1655) Pause Young (Allocation Failure) 904M->628M(928M) 1.861ms
[594.264s][info][gc,cpu         ] GC(1655) User=0.01s Sys=0.00s Real=0.00s
[594.498s][info][gc,start       ] GC(1656) Pause Young (Allocation Failure)
[594.499s][info][gc,heap        ] GC(1656) PSYoungGen: 285760K(306688K)->64K(308224K) Eden: 285696K(285696K)->0K(285696K) From: 64K(20992K)->64K(22528K)
[594.500s][info][gc,heap        ] GC(1656) ParOldGen: 643735K(644096K)->643751K(644096K)
[594.500s][info][gc,metaspace   ] GC(1656) Metaspace: 35625K(36352K)->35625K(36352K) NonClass: 26408K(26944K)->26408K(26944K) Class: 9216K(9408K)->9216K(9408K)
[594.500s][info][gc             ] GC(1656) Pause Young (Allocation Failure) 907M->628M(930M) 1.747ms
[594.500s][info][gc,cpu         ] GC(1656) User=0.00s Sys=0.00s Real=0.00s
[594.860s][info][gc,start       ] GC(1657) Pause Young (Allocation Failure)
[594.862s][info][gc,heap        ] GC(1657) PSYoungGen: 285760K(308224K)->64K(308736K) Eden: 285696K(285696K)->0K(289792K) From: 64K(22528K)->64K(18944K)
[594.862s][info][gc,heap        ] GC(1657) ParOldGen: 643751K(644096K)->643751K(644096K)
[594.862s][info][gc,metaspace   ] GC(1657) Metaspace: 35625K(36352K)->35625K(36352K) NonClass: 26408K(26944K)->26408K(26944K) Class: 9216K(9408K)->9216K(9408K)
[594.862s][info][gc             ] GC(1657) Pause Young (Allocation Failure) 907M->628M(930M) 1.807ms
[594.862s][info][gc,cpu         ] GC(1657) User=0.01s Sys=0.00s Real=0.00s
[594.943s][info][gc,start       ] GC(1658) Pause Young (Allocation Failure)
[594.945s][info][gc,heap        ] GC(1658) PSYoungGen: 289856K(308736K)->64K(310272K) Eden: 289792K(289792K)->0K(289792K) From: 64K(18944K)->64K(20480K)
[594.945s][info][gc,heap        ] GC(1658) ParOldGen: 643751K(644096K)->643759K(644096K)
[594.945s][info][gc,metaspace   ] GC(1658) Metaspace: 35625K(36352K)->35625K(36352K) NonClass: 26408K(26944K)->26408K(26944K) Class: 9216K(9408K)->9216K(9408K)
[594.945s][info][gc             ] GC(1658) Pause Young (Allocation Failure) 911M->628M(932M) 1.852ms
[594.945s][info][gc,cpu         ] GC(1658) User=0.00s Sys=0.00s Real=0.00s
[594.995s][info][gc,start       ] GC(1659) Pause Young (Allocation Failure)
[594.997s][info][gc,heap        ] GC(1659) PSYoungGen: 289856K(310272K)->64K(310784K) Eden: 289792K(289792K)->0K(293888K) From: 64K(20480K)->64K(16896K)
[594.997s][info][gc,heap        ] GC(1659) ParOldGen: 643759K(644096K)->643775K(644096K)
[594.997s][info][gc,metaspace   ] GC(1659) Metaspace: 35625K(36352K)->35625K(36352K) NonClass: 26408K(26944K)->26408K(26944K) Class: 9216K(9408K)->9216K(9408K)
[594.997s][info][gc             ] GC(1659) Pause Young (Allocation Failure) 911M->628M(932M) 1.748ms
[594.997s][info][gc,cpu         ] GC(1659) User=0.00s Sys=0.00s Real=0.01s
[595.168s][info][gc,start       ] GC(1660) Pause Young (Allocation Failure)
[595.170s][info][gc,heap        ] GC(1660) PSYoungGen: 293952K(310784K)->64K(312320K) Eden: 293888K(293888K)->0K(293888K) From: 64K(16896K)->64K(18432K)
[595.170s][info][gc,heap        ] GC(1660) ParOldGen: 643775K(644096K)->643775K(644096K)
[595.170s][info][gc,metaspace   ] GC(1660) Metaspace: 35625K(36352K)->35625K(36352K) NonClass: 26408K(26944K)->26408K(26944K) Class: 9216K(9408K)->9216K(9408K)
[595.170s][info][gc             ] GC(1660) Pause Young (Allocation Failure) 915M->628M(934M) 1.778ms
[595.170s][info][gc,cpu         ] GC(1660) User=0.01s Sys=0.00s Real=0.00s
[595.401s][info][gc,start       ] GC(1661) Pause Young (Allocation Failure)
[595.403s][info][gc,heap        ] GC(1661) PSYoungGen: 293952K(312320K)->64K(312832K) Eden: 293888K(293888K)->0K(297984K) From: 64K(18432K)->64K(14848K)
[595.403s][info][gc,heap        ] GC(1661) ParOldGen: 643775K(644096K)->643783K(644096K)
[595.403s][info][gc,metaspace   ] GC(1661) Metaspace: 35625K(36352K)->35625K(36352K) NonClass: 26409K(26944K)->26409K(26944K) Class: 9216K(9408K)->9216K(9408K)
[595.403s][info][gc             ] GC(1661) Pause Young (Allocation Failure) 915M->628M(934M) 1.950ms
[595.403s][info][gc,cpu         ] GC(1661) User=0.00s Sys=0.00s Real=0.00s
[595.532s][info][gc,start       ] GC(1662) Pause Young (Allocation Failure)
[595.534s][info][gc,heap        ] GC(1662) PSYoungGen: 298048K(312832K)->64K(314368K) Eden: 297984K(297984K)->0K(297984K) From: 64K(14848K)->64K(16384K)
[595.534s][info][gc,heap        ] GC(1662) ParOldGen: 643783K(644096K)->643791K(644096K)
[595.534s][info][gc,metaspace   ] GC(1662) Metaspace: 35625K(36352K)->35625K(36352K) NonClass: 26409K(26944K)->26409K(26944K) Class: 9216K(9408K)->9216K(9408K)
[595.534s][info][gc             ] GC(1662) Pause Young (Allocation Failure) 919M->628M(936M) 1.788ms
[595.534s][info][gc,cpu         ] GC(1662) User=0.00s Sys=0.00s Real=0.00s
[595.631s][info][gc,start       ] GC(1663) Pause Young (Allocation Failure)
[595.633s][info][gc,heap        ] GC(1663) PSYoungGen: 298048K(314368K)->64K(314880K) Eden: 297984K(297984K)->0K(302080K) From: 64K(16384K)->64K(12800K)
[595.633s][info][gc,heap        ] GC(1663) ParOldGen: 643791K(644096K)->643799K(644096K)
[595.633s][info][gc,metaspace   ] GC(1663) Metaspace: 35625K(36352K)->35625K(36352K) NonClass: 26409K(26944K)->26409K(26944K) Class: 9216K(9408K)->9216K(9408K)
[595.633s][info][gc             ] GC(1663) Pause Young (Allocation Failure) 919M->628M(936M) 1.700ms
[595.633s][info][gc,cpu         ] GC(1663) User=0.00s Sys=0.00s Real=0.00s
[595.862s][info][gc,start       ] GC(1664) Pause Young (Allocation Failure)
[595.864s][info][gc,heap        ] GC(1664) PSYoungGen: 302144K(314880K)->64K(316416K) Eden: 302080K(302080K)->0K(302080K) From: 64K(12800K)->64K(14336K)
[595.864s][info][gc,heap        ] GC(1664) ParOldGen: 643799K(644096K)->643807K(644096K)
[595.864s][info][gc,metaspace   ] GC(1664) Metaspace: 35625K(36352K)->35625K(36352K) NonClass: 26409K(26944K)->26409K(26944K) Class: 9216K(9408K)->9216K(9408K)
[595.864s][info][gc             ] GC(1664) Pause Young (Allocation Failure) 923M->628M(938M) 1.820ms
[595.864s][info][gc,cpu         ] GC(1664) User=0.00s Sys=0.00s Real=0.00s
[596.669s][info][gc,start       ] GC(1665) Pause Young (Allocation Failure)
[596.670s][info][gc,heap        ] GC(1665) PSYoungGen: 302144K(316416K)->83K(316928K) Eden: 302080K(302080K)->0K(306176K) From: 64K(14336K)->83K(10752K)
[596.670s][info][gc,heap        ] GC(1665) ParOldGen: 643807K(644096K)->643815K(644096K)
[596.670s][info][gc,metaspace   ] GC(1665) Metaspace: 35625K(36352K)->35625K(36352K) NonClass: 26409K(26944K)->26409K(26944K) Class: 9216K(9408K)->9216K(9408K)
[596.670s][info][gc             ] GC(1665) Pause Young (Allocation Failure) 923M->628M(938M) 1.786ms
[596.671s][info][gc,cpu         ] GC(1665) User=0.00s Sys=0.00s Real=0.00s
[597.578s][info][gc,start       ] GC(1666) Pause Young (Allocation Failure)
[597.581s][info][gc,heap        ] GC(1666) PSYoungGen: 306259K(316928K)->64K(294400K) Eden: 306176K(306176K)->0K(293888K) From: 83K(10752K)->64K(512K)
[597.581s][info][gc,heap        ] GC(1666) ParOldGen: 643815K(644096K)->643823K(644096K)
[597.581s][info][gc,metaspace   ] GC(1666) Metaspace: 35625K(36352K)->35625K(36352K) NonClass: 26409K(26944K)->26409K(26944K) Class: 9216K(9408K)->9216K(9408K)
[597.581s][info][gc             ] GC(1666) Pause Young (Allocation Failure) 927M->628M(916M) 2.412ms
[597.581s][info][gc,cpu         ] GC(1666) User=0.00s Sys=0.00s Real=0.00s
[598.041s][info][gc,start       ] GC(1667) Pause Young (Allocation Failure)
[598.043s][info][gc,heap        ] GC(1667) PSYoungGen: 293952K(294400K)->64K(282624K) Eden: 293888K(293888K)->0K(282112K) From: 64K(512K)->64K(512K)
[598.043s][info][gc,heap        ] GC(1667) ParOldGen: 643823K(644096K)->643831K(644096K)
[598.043s][info][gc,metaspace   ] GC(1667) Metaspace: 35625K(36352K)->35625K(36352K) NonClass: 26409K(26944K)->26409K(26944K) Class: 9216K(9408K)->9216K(9408K)
[598.043s][info][gc             ] GC(1667) Pause Young (Allocation Failure) 915M->628M(905M) 2.072ms
[598.043s][info][gc,cpu         ] GC(1667) User=0.00s Sys=0.00s Real=0.00s
[599.046s][info][gc,start       ] GC(1668) Pause Young (Allocation Failure)
[599.047s][info][gc,heap        ] GC(1668) PSYoungGen: 282176K(282624K)->64K(281600K) Eden: 282112K(282112K)->0K(270848K) From: 64K(512K)->64K(10752K)
[599.047s][info][gc,heap        ] GC(1668) ParOldGen: 643831K(644096K)->643839K(644096K)
[599.047s][info][gc,metaspace   ] GC(1668) Metaspace: 35625K(36352K)->35625K(36352K) NonClass: 26409K(26944K)->26409K(26944K) Class: 9216K(9408K)->9216K(9408K)
[599.047s][info][gc             ] GC(1668) Pause Young (Allocation Failure) 904M->628M(904M) 1.749ms
[599.047s][info][gc,cpu         ] GC(1668) User=0.00s Sys=0.00s Real=0.01s
[599.395s][info][gc,start       ] GC(1669) Pause Young (Allocation Failure)
[599.397s][info][gc,heap        ] GC(1669) PSYoungGen: 270912K(281600K)->64K(260608K) Eden: 270848K(270848K)->0K(260096K) From: 64K(10752K)->64K(512K)
[599.397s][info][gc,heap        ] GC(1669) ParOldGen: 643839K(644096K)->643847K(644096K)
[599.397s][info][gc,metaspace   ] GC(1669) Metaspace: 35625K(36352K)->35625K(36352K) NonClass: 26409K(26944K)->26409K(26944K) Class: 9216K(9408K)->9216K(9408K)
[599.397s][info][gc             ] GC(1669) Pause Young (Allocation Failure) 893M->628M(883M) 2.183ms
[599.397s][info][gc,cpu         ] GC(1669) User=0.00s Sys=0.00s Real=0.00s
[599.523s][info][gc,start       ] GC(1670) Pause Young (Allocation Failure)
[599.524s][info][gc,heap        ] GC(1670) PSYoungGen: 260160K(260608K)->64K(259584K) Eden: 260096K(260096K)->0K(249856K) From: 64K(512K)->64K(9728K)
[599.524s][info][gc,heap        ] GC(1670) ParOldGen: 643847K(644096K)->643855K(644096K)
[599.524s][info][gc,metaspace   ] GC(1670) Metaspace: 35625K(36352K)->35625K(36352K) NonClass: 26409K(26944K)->26409K(26944K) Class: 9216K(9408K)->9216K(9408K)
[599.524s][info][gc             ] GC(1670) Pause Young (Allocation Failure) 882M->628M(882M) 1.632ms
[599.525s][info][gc,cpu         ] GC(1670) User=0.00s Sys=0.00s Real=0.00s
[599.908s][info][gc,start       ] GC(1671) Pause Young (Allocation Failure)
[599.911s][info][gc,heap        ] GC(1671) PSYoungGen: 249920K(259584K)->64K(240640K) Eden: 249856K(249856K)->0K(240128K) From: 64K(9728K)->64K(512K)
[599.911s][info][gc,heap        ] GC(1671) ParOldGen: 643855K(644096K)->643863K(644096K)
[599.911s][info][gc,metaspace   ] GC(1671) Metaspace: 35625K(36352K)->35625K(36352K) NonClass: 26409K(26944K)->26409K(26944K) Class: 9216K(9408K)->9216K(9408K)
[599.911s][info][gc             ] GC(1671) Pause Young (Allocation Failure) 872M->628M(864M) 2.153ms
[599.911s][info][gc,cpu         ] GC(1671) User=0.00s Sys=0.00s Real=0.00s
[600.208s][info][gc,start       ] GC(1672) Pause Young (Allocation Failure)
[600.210s][info][gc,heap        ] GC(1672) PSYoungGen: 240192K(240640K)->64K(239104K) Eden: 240128K(240128K)->0K(230912K) From: 64K(512K)->64K(8192K)
[600.210s][info][gc,heap        ] GC(1672) ParOldGen: 643863K(644096K)->643871K(644096K)
[600.210s][info][gc,metaspace   ] GC(1672) Metaspace: 35625K(36352K)->35625K(36352K) NonClass: 26409K(26944K)->26409K(26944K) Class: 9216K(9408K)->9216K(9408K)
[600.210s][info][gc             ] GC(1672) Pause Young (Allocation Failure) 863M->628M(862M) 1.819ms
[600.210s][info][gc,cpu         ] GC(1672) User=0.00s Sys=0.00s Real=0.00s
[600.576s][info][gc,start       ] GC(1673) Pause Young (Allocation Failure)
[600.588s][info][gc,heap        ] GC(1673) PSYoungGen: 230976K(239104K)->7072K(281088K) Eden: 230912K(230912K)->0K(273408K) From: 64K(8192K)->7072K(7680K)
[600.588s][info][gc,heap        ] GC(1673) ParOldGen: 643871K(644096K)->643887K(644096K)
[600.588s][info][gc,metaspace   ] GC(1673) Metaspace: 35625K(36352K)->35625K(36352K) NonClass: 26409K(26944K)->26409K(26944K) Class: 9216K(9408K)->9216K(9408K)
[600.588s][info][gc             ] GC(1673) Pause Young (Allocation Failure) 854M->635M(903M) 11.798ms
[600.588s][info][gc,cpu         ] GC(1673) User=0.02s Sys=0.00s Real=0.02s
[600.906s][info][gc,start       ] GC(1674) Pause Young (Allocation Failure)
[600.982s][info][gc,heap        ] GC(1674) PSYoungGen: 280480K(281088K)->9216K(282624K) Eden: 273408K(273408K)->0K(273408K) From: 7072K(7680K)->9216K(9216K)
[600.982s][info][gc,heap        ] GC(1674) ParOldGen: 643887K(644096K)->665439K(665600K)
[600.982s][info][gc,metaspace   ] GC(1674) Metaspace: 35625K(36352K)->35625K(36352K) NonClass: 26409K(26944K)->26409K(26944K) Class: 9216K(9408K)->9216K(9408K)
[600.982s][info][gc             ] GC(1674) Pause Young (Allocation Failure) 902M->658M(926M) 76.414ms
[600.982s][info][gc,cpu         ] GC(1674) User=0.10s Sys=0.02s Real=0.08s
[601.250s][info][gc,start       ] GC(1675) Pause Full (Allocation Failure)
[601.250s][info][gc,phases,start] GC(1675) Marking Phase
[601.331s][info][gc,phases      ] GC(1675) Marking Phase 81.735ms
[601.331s][info][gc,phases,start] GC(1675) Summary Phase
[601.332s][info][gc,phases      ] GC(1675) Summary Phase 0.026ms
[601.332s][info][gc,phases,start] GC(1675) Forward
[601.355s][info][gc,phases      ] GC(1675) Forward 23.730ms
[601.355s][info][gc,phases,start] GC(1675) Adjust Pointers
[601.397s][info][gc,phases      ] GC(1675) Adjust Pointers 41.957ms
[601.397s][info][gc,phases,start] GC(1675) Compaction Phase
[601.422s][info][gc,phases      ] GC(1675) Compaction Phase 24.470ms
[601.422s][info][gc,phases,start] GC(1675) Post Compact
[601.424s][info][metaspace      ] ChkMgr @0x00007fd83803f190 (non-class-space): : reclaiming memory...
[601.424s][info][metaspace      ] ChkMgr @0x00007fd83803f190 (non-class-space): nothing reclaimed.
[601.424s][info][metaspace      ] ChkMgr @0x00007fd83803efa0 (class-space): : reclaiming memory...
[601.424s][info][metaspace      ] ChkMgr @0x00007fd83803efa0 (class-space): nothing reclaimed.
[601.425s][info][gc,phases      ] GC(1675) Post Compact 2.726ms
[601.463s][info][gc,heap        ] GC(1675) PSYoungGen: 282624K(282624K)->0K(314368K) Eden: 273408K(273408K)->0K(294912K) From: 9216K(9216K)->0K(19456K)
[601.463s][info][gc,heap        ] GC(1675) ParOldGen: 665439K(665600K)->81253K(175104K)
[601.463s][info][gc,metaspace   ] GC(1675) Metaspace: 35625K(36352K)->35541K(36352K) NonClass: 26409K(26944K)->26326K(26944K) Class: 9216K(9408K)->9215K(9408K)
[601.463s][info][gc             ] GC(1675) Pause Full (Allocation Failure) 925M->79M(478M) 213.015ms
[601.463s][info][gc,cpu         ] GC(1675) User=0.31s Sys=0.04s Real=0.21s
[601.633s][info][gc,start       ] GC(1676) Pause Young (Allocation Failure)
[601.640s][info][gc,heap        ] GC(1676) PSYoungGen: 294912K(314368K)->64K(295424K) Eden: 294912K(294912K)->0K(294912K) From: 0K(19456K)->64K(512K)
[601.640s][info][gc,heap        ] GC(1676) ParOldGen: 81253K(175104K)->81253K(175104K)
[601.640s][info][gc,metaspace   ] GC(1676) Metaspace: 35541K(36352K)->35541K(36352K) NonClass: 26326K(26944K)->26326K(26944K) Class: 9215K(9408K)->9215K(9408K)
[601.640s][info][gc             ] GC(1676) Pause Young (Allocation Failure) 367M->79M(459M) 6.825ms
[601.640s][info][gc,cpu         ] GC(1676) User=0.01s Sys=0.00s Real=0.01s
[602.322s][info][gc,start       ] GC(1677) Pause Young (Allocation Failure)
[602.323s][info][gc,heap        ] GC(1677) PSYoungGen: 294976K(295424K)->64K(313856K) Eden: 294912K(294912K)->0K(295424K) From: 64K(512K)->64K(18432K)
[602.323s][info][gc,heap        ] GC(1677) ParOldGen: 81253K(175104K)->81261K(175104K)
[602.323s][info][gc,metaspace   ] GC(1677) Metaspace: 35541K(36352K)->35541K(36352K) NonClass: 26326K(26944K)->26326K(26944K) Class: 9215K(9408K)->9215K(9408K)
[602.323s][info][gc             ] GC(1677) Pause Young (Allocation Failure) 367M->79M(477M) 0.672ms
[602.323s][info][gc,cpu         ] GC(1677) User=0.00s Sys=0.00s Real=0.00s
[602.808s][info][gc,start       ] GC(1678) Pause Young (Allocation Failure)
[602.808s][info][gc,heap        ] GC(1678) PSYoungGen: 295488K(313856K)->64K(313344K) Eden: 295424K(295424K)->0K(295424K) From: 64K(18432K)->64K(17920K)
[602.808s][info][gc,heap        ] GC(1678) ParOldGen: 81261K(175104K)->81277K(175104K)
[602.808s][info][gc,metaspace   ] GC(1678) Metaspace: 35541K(36352K)->35541K(36352K) NonClass: 26326K(26944K)->26326K(26944K) Class: 9215K(9408K)->9215K(9408K)
[602.808s][info][gc             ] GC(1678) Pause Young (Allocation Failure) 367M->79M(477M) 0.624ms
[602.809s][info][gc,cpu         ] GC(1678) User=0.00s Sys=0.00s Real=0.00s
[603.052s][info][gc,start       ] GC(1679) Pause Young (Allocation Failure)
[603.053s][info][gc,heap        ] GC(1679) PSYoungGen: 295488K(313344K)->64K(314880K) Eden: 295424K(295424K)->0K(297984K) From: 64K(17920K)->64K(16896K)
[603.053s][info][gc,heap        ] GC(1679) ParOldGen: 81277K(175104K)->81293K(175104K)
[603.053s][info][gc,metaspace   ] GC(1679) Metaspace: 35541K(36352K)->35541K(36352K) NonClass: 26326K(26944K)->26326K(26944K) Class: 9215K(9408K)->9215K(9408K)
[603.053s][info][gc             ] GC(1679) Pause Young (Allocation Failure) 367M->79M(478M) 0.590ms
[603.053s][info][gc,cpu         ] GC(1679) User=0.00s Sys=0.00s Real=0.00s
[603.299s][info][gc,start       ] GC(1680) Pause Young (Allocation Failure)
[603.300s][info][gc,heap        ] GC(1680) PSYoungGen: 298048K(314880K)->64K(314368K) Eden: 297984K(297984K)->0K(297984K) From: 64K(16896K)->64K(16384K)
[603.300s][info][gc,heap        ] GC(1680) ParOldGen: 81293K(175104K)->81293K(175104K)
[603.300s][info][gc,metaspace   ] GC(1680) Metaspace: 35541K(36352K)->35541K(36352K) NonClass: 26326K(26944K)->26326K(26944K) Class: 9215K(9408K)->9215K(9408K)
[603.300s][info][gc             ] GC(1680) Pause Young (Allocation Failure) 370M->79M(478M) 0.588ms
[603.300s][info][gc,cpu         ] GC(1680) User=0.00s Sys=0.00s Real=0.00s
[603.635s][info][gc,start       ] GC(1681) Pause Young (Allocation Failure)
[603.635s][info][gc,heap        ] GC(1681) PSYoungGen: 298048K(314368K)->64K(316416K) Eden: 297984K(297984K)->0K(301568K) From: 64K(16384K)->64K(14848K)
[603.635s][info][gc,heap        ] GC(1681) ParOldGen: 81293K(175104K)->81293K(175104K)
[603.635s][info][gc,metaspace   ] GC(1681) Metaspace: 35541K(36352K)->35541K(36352K) NonClass: 26326K(26944K)->26326K(26944K) Class: 9215K(9408K)->9215K(9408K)
[603.635s][info][gc             ] GC(1681) Pause Young (Allocation Failure) 370M->79M(480M) 0.578ms
[603.635s][info][gc,cpu         ] GC(1681) User=0.01s Sys=0.00s Real=0.00s
[603.690s][info][gc,start       ] GC(1682) Pause Young (Allocation Failure)
[603.690s][info][gc,heap        ] GC(1682) PSYoungGen: 301632K(316416K)->64K(315904K) Eden: 301568K(301568K)->0K(301568K) From: 64K(14848K)->64K(14336K)
[603.690s][info][gc,heap        ] GC(1682) ParOldGen: 81293K(175104K)->81309K(175104K)
[603.690s][info][gc,metaspace   ] GC(1682) Metaspace: 35541K(36352K)->35541K(36352K) NonClass: 26326K(26944K)->26326K(26944K) Class: 9215K(9408K)->9215K(9408K)
[603.690s][info][gc             ] GC(1682) Pause Young (Allocation Failure) 373M->79M(479M) 0.568ms
[603.690s][info][gc,cpu         ] GC(1682) User=0.00s Sys=0.01s Real=0.00s
[603.756s][info][gc,start       ] GC(1683) Pause Young (Allocation Failure)
[603.757s][info][gc,heap        ] GC(1683) PSYoungGen: 301632K(315904K)->64K(318464K) Eden: 301568K(301568K)->0K(305664K) From: 64K(14336K)->64K(12800K)
[603.757s][info][gc,heap        ] GC(1683) ParOldGen: 81309K(175104K)->81309K(175104K)
[603.757s][info][gc,metaspace   ] GC(1683) Metaspace: 35541K(36352K)->35541K(36352K) NonClass: 26326K(26944K)->26326K(26944K) Class: 9215K(9408K)->9215K(9408K)
[603.757s][info][gc             ] GC(1683) Pause Young (Allocation Failure) 373M->79M(482M) 0.542ms
[603.757s][info][gc,cpu         ] GC(1683) User=0.00s Sys=0.00s Real=0.00s
[604.011s][info][gc,start       ] GC(1684) Pause Young (Allocation Failure)
[604.011s][info][gc,heap        ] GC(1684) PSYoungGen: 305728K(318464K)->64K(293888K) Eden: 305664K(305664K)->0K(293376K) From: 64K(12800K)->64K(512K)
[604.011s][info][gc,heap        ] GC(1684) ParOldGen: 81309K(175104K)->81325K(175104K)
[604.011s][info][gc,metaspace   ] GC(1684) Metaspace: 35541K(36352K)->35541K(36352K) NonClass: 26326K(26944K)->26326K(26944K) Class: 9215K(9408K)->9215K(9408K)
[604.011s][info][gc             ] GC(1684) Pause Young (Allocation Failure) 377M->79M(458M) 0.696ms
[604.011s][info][gc,cpu         ] GC(1684) User=0.00s Sys=0.00s Real=0.00s
[604.213s][info][gc,start       ] GC(1685) Pause Young (Allocation Failure)
[604.214s][info][gc,heap        ] GC(1685) PSYoungGen: 293440K(293888K)->64K(282112K) Eden: 293376K(293376K)->0K(281600K) From: 64K(512K)->64K(512K)
[604.214s][info][gc,heap        ] GC(1685) ParOldGen: 81325K(175104K)->81325K(175104K)
[604.214s][info][gc,metaspace   ] GC(1685) Metaspace: 35541K(36352K)->35541K(36352K) NonClass: 26326K(26944K)->26326K(26944K) Class: 9215K(9408K)->9215K(9408K)
[604.214s][info][gc             ] GC(1685) Pause Young (Allocation Failure) 365M->79M(446M) 0.644ms
[604.214s][info][gc,cpu         ] GC(1685) User=0.01s Sys=0.00s Real=0.00s
[604.289s][info][gc,start       ] GC(1686) Pause Young (Allocation Failure)
[604.290s][info][gc,heap        ] GC(1686) PSYoungGen: 281664K(282112K)->64K(282112K) Eden: 281600K(281600K)->0K(270848K) From: 64K(512K)->64K(11264K)
[604.290s][info][gc,heap        ] GC(1686) ParOldGen: 81325K(175104K)->81341K(175104K)
[604.290s][info][gc,metaspace   ] GC(1686) Metaspace: 35541K(36352K)->35541K(36352K) NonClass: 26326K(26944K)->26326K(26944K) Class: 9215K(9408K)->9215K(9408K)
[604.290s][info][gc             ] GC(1686) Pause Young (Allocation Failure) 354M->79M(446M) 0.507ms
[604.290s][info][gc,cpu         ] GC(1686) User=0.00s Sys=0.00s Real=0.00s
[604.405s][info][gc,start       ] GC(1687) Pause Young (Allocation Failure)
[604.406s][info][gc,heap        ] GC(1687) PSYoungGen: 270912K(282112K)->64K(261120K) Eden: 270848K(270848K)->0K(260608K) From: 64K(11264K)->64K(512K)
[604.406s][info][gc,heap        ] GC(1687) ParOldGen: 81341K(175104K)->81341K(175104K)
[604.406s][info][gc,metaspace   ] GC(1687) Metaspace: 35541K(36352K)->35541K(36352K) NonClass: 26326K(26944K)->26326K(26944K) Class: 9215K(9408K)->9215K(9408K)
[604.406s][info][gc             ] GC(1687) Pause Young (Allocation Failure) 343M->79M(426M) 1.193ms
[604.406s][info][gc,cpu         ] GC(1687) User=0.00s Sys=0.00s Real=0.00s
[604.745s][info][gc,start       ] GC(1688) Pause Young (Allocation Failure)
[604.746s][info][gc,heap        ] GC(1688) PSYoungGen: 260672K(261120K)->64K(260608K) Eden: 260608K(260608K)->0K(250368K) From: 64K(512K)->64K(10240K)
[604.746s][info][gc,heap        ] GC(1688) ParOldGen: 81341K(175104K)->81349K(175104K)
[604.746s][info][gc,metaspace   ] GC(1688) Metaspace: 35541K(36352K)->35541K(36352K) NonClass: 26326K(26944K)->26326K(26944K) Class: 9215K(9408K)->9215K(9408K)
[604.746s][info][gc             ] GC(1688) Pause Young (Allocation Failure) 333M->79M(425M) 0.578ms
[604.746s][info][gc,cpu         ] GC(1688) User=0.00s Sys=0.00s Real=0.00s
[605.389s][info][gc,start       ] GC(1689) Pause Young (Allocation Failure)
[605.390s][info][gc,heap        ] GC(1689) PSYoungGen: 250432K(260608K)->83K(241152K) Eden: 250368K(250368K)->0K(240640K) From: 64K(10240K)->83K(512K)
[605.390s][info][gc,heap        ] GC(1689) ParOldGen: 81349K(175104K)->81357K(175104K)
[605.390s][info][gc,metaspace   ] GC(1689) Metaspace: 35541K(36352K)->35541K(36352K) NonClass: 26326K(26944K)->26326K(26944K) Class: 9215K(9408K)->9215K(9408K)
[605.390s][info][gc             ] GC(1689) Pause Young (Allocation Failure) 324M->79M(406M) 1.242ms
[605.390s][info][gc,cpu         ] GC(1689) User=0.00s Sys=0.00s Real=0.00s
[606.232s][info][gc,start       ] GC(1690) Pause Young (Allocation Failure)
[606.233s][info][gc,heap        ] GC(1690) PSYoungGen: 240723K(241152K)->64K(240128K) Eden: 240640K(240640K)->0K(231424K) From: 83K(512K)->64K(8704K)
[606.233s][info][gc,heap        ] GC(1690) ParOldGen: 81357K(175104K)->81365K(175104K)
[606.233s][info][gc,metaspace   ] GC(1690) Metaspace: 35541K(36352K)->35541K(36352K) NonClass: 26326K(26944K)->26326K(26944K) Class: 9215K(9408K)->9215K(9408K)
[606.233s][info][gc             ] GC(1690) Pause Young (Allocation Failure) 314M->79M(405M) 0.547ms
[606.233s][info][gc,cpu         ] GC(1690) User=0.00s Sys=0.00s Real=0.00s
[606.564s][info][gc,start       ] GC(1691) Pause Young (Allocation Failure)
[606.566s][info][gc,heap        ] GC(1691) PSYoungGen: 231488K(240128K)->64K(223232K) Eden: 231424K(231424K)->0K(222720K) From: 64K(8704K)->64K(512K)
[606.566s][info][gc,heap        ] GC(1691) ParOldGen: 81365K(175104K)->81373K(175104K)
[606.566s][info][gc,metaspace   ] GC(1691) Metaspace: 35541K(36352K)->35541K(36352K) NonClass: 26326K(26944K)->26326K(26944K) Class: 9215K(9408K)->9215K(9408K)
[606.566s][info][gc             ] GC(1691) Pause Young (Allocation Failure) 305M->79M(389M) 1.191ms
[606.566s][info][gc,cpu         ] GC(1691) User=0.01s Sys=0.00s Real=0.00s
[606.904s][info][gc,start       ] GC(1692) Pause Young (Allocation Failure)
[606.905s][info][gc,heap        ] GC(1692) PSYoungGen: 222784K(223232K)->64K(222208K) Eden: 222720K(222720K)->0K(214528K) From: 64K(512K)->64K(7680K)
[606.905s][info][gc,heap        ] GC(1692) ParOldGen: 81373K(175104K)->81381K(175104K)
[606.905s][info][gc,metaspace   ] GC(1692) Metaspace: 35541K(36352K)->35541K(36352K) NonClass: 26326K(26944K)->26326K(26944K) Class: 9215K(9408K)->9215K(9408K)
[606.905s][info][gc             ] GC(1692) Pause Young (Allocation Failure) 297M->79M(388M) 0.568ms
[606.905s][info][gc,cpu         ] GC(1692) User=0.00s Sys=0.00s Real=0.00s
[607.806s][info][gc,start       ] GC(1693) Pause Young (Allocation Failure)
[607.807s][info][gc,heap        ] GC(1693) PSYoungGen: 214592K(222208K)->64K(207360K) Eden: 214528K(214528K)->0K(206848K) From: 64K(7680K)->64K(512K)
[607.807s][info][gc,heap        ] GC(1693) ParOldGen: 81381K(175104K)->81389K(175104K)
[607.807s][info][gc,metaspace   ] GC(1693) Metaspace: 35541K(36352K)->35541K(36352K) NonClass: 26326K(26944K)->26326K(26944K) Class: 9215K(9408K)->9215K(9408K)
[607.807s][info][gc             ] GC(1693) Pause Young (Allocation Failure) 289M->79M(373M) 1.215ms
[607.807s][info][gc,cpu         ] GC(1693) User=0.00s Sys=0.00s Real=0.01s
[608.103s][info][gc,start       ] GC(1694) Pause Young (Allocation Failure)
[608.104s][info][gc,heap        ] GC(1694) PSYoungGen: 206912K(207360K)->64K(205824K) Eden: 206848K(206848K)->0K(199168K) From: 64K(512K)->64K(6656K)
[608.104s][info][gc,heap        ] GC(1694) ParOldGen: 81389K(175104K)->81405K(175104K)
[608.104s][info][gc,metaspace   ] GC(1694) Metaspace: 35541K(36352K)->35541K(36352K) NonClass: 26326K(26944K)->26326K(26944K) Class: 9215K(9408K)->9215K(9408K)
[608.104s][info][gc             ] GC(1694) Pause Young (Allocation Failure) 281M->79M(372M) 0.876ms
[608.104s][info][gc,cpu         ] GC(1694) User=0.00s Sys=0.00s Real=0.00s
[608.241s][info][gc,start       ] GC(1695) Pause Young (Allocation Failure)
[608.243s][info][gc,heap        ] GC(1695) PSYoungGen: 199232K(205824K)->64K(192512K) Eden: 199168K(199168K)->0K(192000K) From: 64K(6656K)->64K(512K)
[608.243s][info][gc,heap        ] GC(1695) ParOldGen: 81405K(175104K)->81421K(175104K)
[608.243s][info][gc,metaspace   ] GC(1695) Metaspace: 35541K(36352K)->35541K(36352K) NonClass: 26326K(26944K)->26326K(26944K) Class: 9215K(9408K)->9215K(9408K)
[608.243s][info][gc             ] GC(1695) Pause Young (Allocation Failure) 274M->79M(359M) 1.573ms
[608.243s][info][gc,cpu         ] GC(1695) User=0.00s Sys=0.00s Real=0.00s
[608.313s][info][gc,start       ] GC(1696) Pause Young (Allocation Failure)
[608.314s][info][gc,heap        ] GC(1696) PSYoungGen: 192064K(192512K)->64K(190976K) Eden: 192000K(192000K)->0K(185344K) From: 64K(512K)->64K(5632K)
[608.314s][info][gc,heap        ] GC(1696) ParOldGen: 81421K(175104K)->81437K(175104K)
[608.314s][info][gc,metaspace   ] GC(1696) Metaspace: 35541K(36352K)->35541K(36352K) NonClass: 26326K(26944K)->26326K(26944K) Class: 9215K(9408K)->9215K(9408K)
[608.314s][info][gc             ] GC(1696) Pause Young (Allocation Failure) 267M->79M(357M) 0.860ms
[608.314s][info][gc,cpu         ] GC(1696) User=0.01s Sys=0.00s Real=0.00s
[608.734s][info][gc,start       ] GC(1697) Pause Young (Allocation Failure)
[608.736s][info][gc,heap        ] GC(1697) PSYoungGen: 185408K(190976K)->64K(179200K) Eden: 185344K(185344K)->0K(178688K) From: 64K(5632K)->64K(512K)
[608.736s][info][gc,heap        ] GC(1697) ParOldGen: 81437K(175104K)->81453K(175104K)
[608.736s][info][gc,metaspace   ] GC(1697) Metaspace: 35541K(36352K)->35541K(36352K) NonClass: 26326K(26944K)->26326K(26944K) Class: 9215K(9408K)->9215K(9408K)
[608.736s][info][gc             ] GC(1697) Pause Young (Allocation Failure) 260M->79M(346M) 1.346ms
[608.736s][info][gc,cpu         ] GC(1697) User=0.01s Sys=0.00s Real=0.00s
[608.924s][info][gc,start       ] GC(1698) Pause Young (Allocation Failure)
[608.925s][info][gc,heap        ] GC(1698) PSYoungGen: 178752K(179200K)->64K(177664K) Eden: 178688K(178688K)->0K(172544K) From: 64K(512K)->64K(5120K)
[608.925s][info][gc,heap        ] GC(1698) ParOldGen: 81453K(175104K)->81461K(175104K)
[608.925s][info][gc,metaspace   ] GC(1698) Metaspace: 35541K(36352K)->35541K(36352K) NonClass: 26326K(26944K)->26326K(26944K) Class: 9215K(9408K)->9215K(9408K)
[608.925s][info][gc             ] GC(1698) Pause Young (Allocation Failure) 254M->79M(344M) 0.982ms
[608.925s][info][gc,cpu         ] GC(1698) User=0.00s Sys=0.00s Real=0.00s
[609.185s][info][gc,start       ] GC(1699) Pause Young (Allocation Failure)
[609.186s][info][gc,heap        ] GC(1699) PSYoungGen: 172608K(177664K)->64K(167424K) Eden: 172544K(172544K)->0K(166912K) From: 64K(5120K)->64K(512K)
[609.186s][info][gc,heap        ] GC(1699) ParOldGen: 81461K(175104K)->81477K(175104K)
[609.186s][info][gc,metaspace   ] GC(1699) Metaspace: 35541K(36352K)->35541K(36352K) NonClass: 26326K(26944K)->26326K(26944K) Class: 9215K(9408K)->9215K(9408K)
[609.186s][info][gc             ] GC(1699) Pause Young (Allocation Failure) 248M->79M(334M) 1.356ms
[609.186s][info][gc,cpu         ] GC(1699) User=0.00s Sys=0.00s Real=0.00s
[609.407s][info][gc,start       ] GC(1700) Pause Young (Allocation Failure)
[609.432s][info][gc,heap        ] GC(1700) PSYoungGen: 166976K(167424K)->4096K(203776K) Eden: 166912K(166912K)->0K(199680K) From: 64K(512K)->4096K(4096K)
[609.432s][info][gc,heap        ] GC(1700) ParOldGen: 81477K(175104K)->93421K(175104K)
[609.432s][info][gc,metaspace   ] GC(1700) Metaspace: 35541K(36352K)->35541K(36352K) NonClass: 26326K(26944K)->26326K(26944K) Class: 9215K(9408K)->9215K(9408K)
[609.432s][info][gc             ] GC(1700) Pause Young (Allocation Failure) 242M->95M(370M) 24.926ms
[609.432s][info][gc,cpu         ] GC(1700) User=0.05s Sys=0.01s Real=0.02s
[609.663s][info][gc,start       ] GC(1701) Pause Young (Allocation Failure)
[609.700s][info][gc,heap        ] GC(1701) PSYoungGen: 203776K(203776K)->4096K(242688K) Eden: 199680K(199680K)->0K(238592K) From: 4096K(4096K)->4096K(4096K)
[609.700s][info][gc,heap        ] GC(1701) ParOldGen: 93421K(175104K)->112125K(175104K)
[609.700s][info][gc,metaspace   ] GC(1701) Metaspace: 35541K(36352K)->35541K(36352K) NonClass: 26326K(26944K)->26326K(26944K) Class: 9215K(9408K)->9215K(9408K)
[609.700s][info][gc             ] GC(1701) Pause Young (Allocation Failure) 290M->113M(408M) 36.589ms
[609.700s][info][gc,cpu         ] GC(1701) User=0.07s Sys=0.00s Real=0.04s
[609.956s][info][gc,start       ] GC(1702) Pause Young (Allocation Failure)
[609.995s][info][gc,heap        ] GC(1702) PSYoungGen: 242688K(242688K)->16896K(255488K) Eden: 238592K(238592K)->0K(238592K) From: 4096K(4096K)->16896K(16896K)
[609.995s][info][gc,heap        ] GC(1702) ParOldGen: 112125K(175104K)->119861K(175104K)
[609.995s][info][gc,metaspace   ] GC(1702) Metaspace: 35541K(36352K)->35541K(36352K) NonClass: 26326K(26944K)->26326K(26944K) Class: 9215K(9408K)->9215K(9408K)
[609.995s][info][gc             ] GC(1702) Pause Young (Allocation Failure) 346M->133M(420M) 39.300ms
[609.995s][info][gc,cpu         ] GC(1702) User=0.07s Sys=0.00s Real=0.04s
[610.063s][info][gc,start       ] GC(1703) Pause Young (Allocation Failure)
[610.066s][info][gc,heap        ] GC(1703) PSYoungGen: 255488K(255488K)->64K(308224K) Eden: 238592K(238592K)->0K(286208K) From: 16896K(16896K)->64K(22016K)
[610.066s][info][gc,heap        ] GC(1703) ParOldGen: 119861K(175104K)->120069K(175104K)
[610.066s][info][gc,metaspace   ] GC(1703) Metaspace: 35541K(36352K)->35541K(36352K) NonClass: 26326K(26944K)->26326K(26944K) Class: 9215K(9408K)->9215K(9408K)
[610.066s][info][gc             ] GC(1703) Pause Young (Allocation Failure) 366M->117M(472M) 2.817ms
[610.066s][info][gc,cpu         ] GC(1703) User=0.00s Sys=0.00s Real=0.00s
[610.657s][info][gc,start       ] GC(1704) Pause Young (Allocation Failure)
[610.658s][info][gc,heap        ] GC(1704) PSYoungGen: 286272K(308224K)->64K(308736K) Eden: 286208K(286208K)->0K(286208K) From: 64K(22016K)->64K(22528K)
[610.658s][info][gc,heap        ] GC(1704) ParOldGen: 120069K(175104K)->120077K(175104K)
[610.658s][info][gc,metaspace   ] GC(1704) Metaspace: 35541K(36352K)->35541K(36352K) NonClass: 26326K(26944K)->26326K(26944K) Class: 9215K(9408K)->9215K(9408K)
[610.658s][info][gc             ] GC(1704) Pause Young (Allocation Failure) 396M->117M(472M) 0.801ms
[610.658s][info][gc,cpu         ] GC(1704) User=0.00s Sys=0.00s Real=0.00s
[611.057s][info][gc,start       ] GC(1705) Pause Young (Allocation Failure)
[611.058s][info][gc,heap        ] GC(1705) PSYoungGen: 286272K(308736K)->64K(310784K) Eden: 286208K(286208K)->0K(289792K) From: 64K(22528K)->64K(20992K)
[611.058s][info][gc,heap        ] GC(1705) ParOldGen: 120077K(175104K)->120085K(175104K)
[611.058s][info][gc,metaspace   ] GC(1705) Metaspace: 35541K(36352K)->35541K(36352K) NonClass: 26326K(26944K)->26326K(26944K) Class: 9215K(9408K)->9215K(9408K)
[611.058s][info][gc             ] GC(1705) Pause Young (Allocation Failure) 396M->117M(474M) 0.774ms
[611.058s][info][gc,cpu         ] GC(1705) User=0.00s Sys=0.00s Real=0.00s
[611.512s][info][gc,start       ] GC(1706) Pause Young (Allocation Failure)
[611.513s][info][gc,heap        ] GC(1706) PSYoungGen: 289856K(310784K)->64K(310784K) Eden: 289792K(289792K)->0K(289792K) From: 64K(20992K)->64K(20992K)
[611.513s][info][gc,heap        ] GC(1706) ParOldGen: 120085K(175104K)->120101K(175104K)
[611.513s][info][gc,metaspace   ] GC(1706) Metaspace: 35541K(36352K)->35541K(36352K) NonClass: 26326K(26944K)->26326K(26944K) Class: 9215K(9408K)->9215K(9408K)
[611.513s][info][gc             ] GC(1706) Pause Young (Allocation Failure) 400M->117M(474M) 0.752ms
[611.513s][info][gc,cpu         ] GC(1706) User=0.00s Sys=0.00s Real=0.00s
[611.750s][info][gc,start       ] GC(1707) Pause Young (Allocation Failure)
[611.750s][info][gc,heap        ] GC(1707) PSYoungGen: 289856K(310784K)->64K(311808K) Eden: 289792K(289792K)->0K(292864K) From: 64K(20992K)->64K(18944K)
[611.750s][info][gc,heap        ] GC(1707) ParOldGen: 120101K(175104K)->120117K(175104K)
[611.750s][info][gc,metaspace   ] GC(1707) Metaspace: 35541K(36352K)->35541K(36352K) NonClass: 26326K(26944K)->26326K(26944K) Class: 9215K(9408K)->9215K(9408K)
[611.750s][info][gc             ] GC(1707) Pause Young (Allocation Failure) 400M->117M(475M) 0.713ms
[611.750s][info][gc,cpu         ] GC(1707) User=0.00s Sys=0.00s Real=0.00s
[612.119s][info][gc,start       ] GC(1708) Pause Young (Allocation Failure)
[612.120s][info][gc,heap        ] GC(1708) PSYoungGen: 292928K(311808K)->64K(311808K) Eden: 292864K(292864K)->0K(292864K) From: 64K(18944K)->64K(18944K)
[612.120s][info][gc,heap        ] GC(1708) ParOldGen: 120117K(175104K)->120117K(175104K)
[612.120s][info][gc,metaspace   ] GC(1708) Metaspace: 35541K(36352K)->35541K(36352K) NonClass: 26326K(26944K)->26326K(26944K) Class: 9215K(9408K)->9215K(9408K)
[612.120s][info][gc             ] GC(1708) Pause Young (Allocation Failure) 403M->117M(475M) 0.768ms
[612.120s][info][gc,cpu         ] GC(1708) User=0.00s Sys=0.00s Real=0.00s
[612.215s][info][gc,start       ] GC(1709) Pause Young (Allocation Failure)
[612.215s][info][gc,heap        ] GC(1709) PSYoungGen: 292928K(311808K)->64K(313344K) Eden: 292864K(292864K)->0K(296448K) From: 64K(18944K)->64K(16896K)
[612.215s][info][gc,heap        ] GC(1709) ParOldGen: 120117K(175104K)->120125K(175104K)
[612.215s][info][gc,metaspace   ] GC(1709) Metaspace: 35541K(36352K)->35541K(36352K) NonClass: 26326K(26944K)->26326K(26944K) Class: 9215K(9408K)->9215K(9408K)
[612.215s][info][gc             ] GC(1709) Pause Young (Allocation Failure) 403M->117M(477M) 0.652ms
[612.215s][info][gc,cpu         ] GC(1709) User=0.00s Sys=0.00s Real=0.00s
[612.269s][info][gc,start       ] GC(1710) Pause Young (Allocation Failure)
[612.269s][info][gc,heap        ] GC(1710) PSYoungGen: 296512K(313344K)->64K(313856K) Eden: 296448K(296448K)->0K(296448K) From: 64K(16896K)->64K(17408K)
[612.269s][info][gc,heap        ] GC(1710) ParOldGen: 120125K(175104K)->120141K(175104K)
[612.269s][info][gc,metaspace   ] GC(1710) Metaspace: 35541K(36352K)->35541K(36352K) NonClass: 26326K(26944K)->26326K(26944K) Class: 9215K(9408K)->9215K(9408K)
[612.269s][info][gc             ] GC(1710) Pause Young (Allocation Failure) 406M->117M(477M) 0.690ms
[612.269s][info][gc,cpu         ] GC(1710) User=0.00s Sys=0.00s Real=0.00s
[612.439s][info][gc,start       ] GC(1711) Pause Young (Allocation Failure)
[612.440s][info][gc,heap        ] GC(1711) PSYoungGen: 296512K(313856K)->64K(314880K) Eden: 296448K(296448K)->0K(300032K) From: 64K(17408K)->64K(14848K)
[612.440s][info][gc,heap        ] GC(1711) ParOldGen: 120141K(175104K)->120141K(175104K)
[612.440s][info][gc,metaspace   ] GC(1711) Metaspace: 35541K(36352K)->35541K(36352K) NonClass: 26326K(26944K)->26326K(26944K) Class: 9215K(9408K)->9215K(9408K)
[612.440s][info][gc             ] GC(1711) Pause Young (Allocation Failure) 406M->117M(478M) 0.712ms
[612.440s][info][gc,cpu         ] GC(1711) User=0.00s Sys=0.00s Real=0.00s
[612.677s][info][gc,start       ] GC(1712) Pause Young (Allocation Failure)
[612.678s][info][gc,heap        ] GC(1712) PSYoungGen: 300096K(314880K)->64K(288768K) Eden: 300032K(300032K)->0K(288256K) From: 64K(14848K)->64K(512K)
[612.678s][info][gc,heap        ] GC(1712) ParOldGen: 120141K(175104K)->120149K(175104K)
[612.678s][info][gc,metaspace   ] GC(1712) Metaspace: 35541K(36352K)->35541K(36352K) NonClass: 26326K(26944K)->26326K(26944K) Class: 9215K(9408K)->9215K(9408K)
[612.678s][info][gc             ] GC(1712) Pause Young (Allocation Failure) 410M->117M(453M) 0.737ms
[612.678s][info][gc,cpu         ] GC(1712) User=0.00s Sys=0.00s Real=0.00s
[612.804s][info][gc,start       ] GC(1713) Pause Young (Allocation Failure)
[612.805s][info][gc,heap        ] GC(1713) PSYoungGen: 288320K(288768K)->64K(279040K) Eden: 288256K(288256K)->0K(276992K) From: 64K(512K)->64K(2048K)
[612.805s][info][gc,heap        ] GC(1713) ParOldGen: 120149K(175104K)->120157K(175104K)
[612.805s][info][gc,metaspace   ] GC(1713) Metaspace: 35541K(36352K)->35541K(36352K) NonClass: 26326K(26944K)->26326K(26944K) Class: 9215K(9408K)->9215K(9408K)
[612.805s][info][gc             ] GC(1713) Pause Young (Allocation Failure) 398M->117M(443M) 0.711ms
[612.805s][info][gc,cpu         ] GC(1713) User=0.00s Sys=0.00s Real=0.00s
[612.889s][info][gc,start       ] GC(1714) Pause Young (Allocation Failure)
[612.890s][info][gc,heap        ] GC(1714) PSYoungGen: 277056K(279040K)->64K(266752K) Eden: 276992K(276992K)->0K(266240K) From: 64K(2048K)->64K(512K)
[612.890s][info][gc,heap        ] GC(1714) ParOldGen: 120157K(175104K)->120165K(175104K)
[612.890s][info][gc,metaspace   ] GC(1714) Metaspace: 35541K(36352K)->35541K(36352K) NonClass: 26326K(26944K)->26326K(26944K) Class: 9215K(9408K)->9215K(9408K)
[612.890s][info][gc             ] GC(1714) Pause Young (Allocation Failure) 387M->117M(431M) 0.618ms
[612.890s][info][gc,cpu         ] GC(1714) User=0.00s Sys=0.00s Real=0.00s
[613.037s][info][gc,start       ] GC(1715) Pause Young (Allocation Failure)
[613.039s][info][gc,heap        ] GC(1715) PSYoungGen: 266304K(266752K)->64K(256512K) Eden: 266240K(266240K)->0K(256000K) From: 64K(512K)->64K(512K)
[613.039s][info][gc,heap        ] GC(1715) ParOldGen: 120165K(175104K)->120173K(175104K)
[613.039s][info][gc,metaspace   ] GC(1715) Metaspace: 35541K(36352K)->35541K(36352K) NonClass: 26326K(26944K)->26326K(26944K) Class: 9215K(9408K)->9215K(9408K)
[613.039s][info][gc             ] GC(1715) Pause Young (Allocation Failure) 377M->117M(421M) 1.458ms
[613.039s][info][gc,cpu         ] GC(1715) User=0.00s Sys=0.00s Real=0.00s
[613.915s][info][gc,start       ] GC(1716) Pause Young (Allocation Failure)
[613.916s][info][gc,heap        ] GC(1716) PSYoungGen: 256064K(256512K)->83K(258560K) Eden: 256000K(256000K)->0K(246272K) From: 64K(512K)->83K(12288K)
[613.916s][info][gc,heap        ] GC(1716) ParOldGen: 120173K(175104K)->120181K(175104K)
[613.916s][info][gc,metaspace   ] GC(1716) Metaspace: 35541K(36352K)->35541K(36352K) NonClass: 26326K(26944K)->26326K(26944K) Class: 9215K(9408K)->9215K(9408K)
[613.916s][info][gc             ] GC(1716) Pause Young (Allocation Failure) 367M->117M(423M) 0.599ms
[613.916s][info][gc,cpu         ] GC(1716) User=0.00s Sys=0.00s Real=0.00s
[614.712s][info][gc,start       ] GC(1717) Pause Young (Allocation Failure)
[614.714s][info][gc,heap        ] GC(1717) PSYoungGen: 246355K(258560K)->64K(237568K) Eden: 246272K(246272K)->0K(237056K) From: 83K(12288K)->64K(512K)
[614.714s][info][gc,heap        ] GC(1717) ParOldGen: 120181K(175104K)->120189K(175104K)
[614.714s][info][gc,metaspace   ] GC(1717) Metaspace: 35541K(36352K)->35541K(36352K) NonClass: 26326K(26944K)->26326K(26944K) Class: 9215K(9408K)->9215K(9408K)
[614.714s][info][gc             ] GC(1717) Pause Young (Allocation Failure) 357M->117M(403M) 1.663ms
[614.714s][info][gc,cpu         ] GC(1717) User=0.00s Sys=0.00s Real=0.00s
[614.889s][info][gc,start       ] GC(1718) Pause Young (Allocation Failure)
[614.889s][info][gc,heap        ] GC(1718) PSYoungGen: 237120K(237568K)->64K(239104K) Eden: 237056K(237056K)->0K(228352K) From: 64K(512K)->64K(10752K)
[614.889s][info][gc,heap        ] GC(1718) ParOldGen: 120189K(175104K)->120197K(175104K)
[614.889s][info][gc,metaspace   ] GC(1718) Metaspace: 35541K(36352K)->35541K(36352K) NonClass: 26326K(26944K)->26326K(26944K) Class: 9215K(9408K)->9215K(9408K)
[614.889s][info][gc             ] GC(1718) Pause Young (Allocation Failure) 348M->117M(404M) 0.717ms
[614.889s][info][gc,cpu         ] GC(1718) User=0.00s Sys=0.00s Real=0.00s
[615.301s][info][gc,start       ] GC(1719) Pause Young (Allocation Failure)
[615.303s][info][gc,heap        ] GC(1719) PSYoungGen: 228416K(239104K)->64K(220160K) Eden: 228352K(228352K)->0K(219648K) From: 64K(10752K)->64K(512K)
[615.303s][info][gc,heap        ] GC(1719) ParOldGen: 120197K(175104K)->120213K(175104K)
[615.303s][info][gc,metaspace   ] GC(1719) Metaspace: 35541K(36352K)->35541K(36352K) NonClass: 26326K(26944K)->26326K(26944K) Class: 9215K(9408K)->9215K(9408K)
[615.303s][info][gc             ] GC(1719) Pause Young (Allocation Failure) 340M->117M(386M) 2.033ms
[615.303s][info][gc,cpu         ] GC(1719) User=0.00s Sys=0.01s Real=0.00s
[616.214s][info][gc,start       ] GC(1720) Pause Young (Allocation Failure)
[616.215s][info][gc,heap        ] GC(1720) PSYoungGen: 219712K(220160K)->64K(220672K) Eden: 219648K(219648K)->0K(211456K) From: 64K(512K)->64K(9216K)
[616.215s][info][gc,heap        ] GC(1720) ParOldGen: 120213K(175104K)->120229K(175104K)
[616.215s][info][gc,metaspace   ] GC(1720) Metaspace: 35541K(36352K)->35541K(36352K) NonClass: 26326K(26944K)->26326K(26944K) Class: 9215K(9408K)->9215K(9408K)
[616.215s][info][gc             ] GC(1720) Pause Young (Allocation Failure) 331M->117M(386M) 1.191ms
[616.215s][info][gc,cpu         ] GC(1720) User=0.00s Sys=0.00s Real=0.00s
[616.561s][info][gc,start       ] GC(1721) Pause Young (Allocation Failure)
[616.563s][info][gc,heap        ] GC(1721) PSYoungGen: 211520K(220672K)->64K(204288K) Eden: 211456K(211456K)->0K(203776K) From: 64K(9216K)->64K(512K)
[616.563s][info][gc,heap        ] GC(1721) ParOldGen: 120229K(175104K)->120245K(175104K)
[616.563s][info][gc,metaspace   ] GC(1721) Metaspace: 35541K(36352K)->35541K(36352K) NonClass: 26326K(26944K)->26326K(26944K) Class: 9215K(9408K)->9215K(9408K)
[616.563s][info][gc             ] GC(1721) Pause Young (Allocation Failure) 323M->117M(370M) 1.842ms
[616.563s][info][gc,cpu         ] GC(1721) User=0.00s Sys=0.00s Real=0.00s
[616.728s][info][gc,start       ] GC(1722) Pause Young (Allocation Failure)
[616.729s][info][gc,heap        ] GC(1722) PSYoungGen: 203840K(204288K)->64K(204800K) Eden: 203776K(203776K)->0K(196608K) From: 64K(512K)->64K(8192K)
[616.729s][info][gc,heap        ] GC(1722) ParOldGen: 120245K(175104K)->120261K(175104K)
[616.729s][info][gc,metaspace   ] GC(1722) Metaspace: 35541K(36352K)->35541K(36352K) NonClass: 26326K(26944K)->26326K(26944K) Class: 9215K(9408K)->9215K(9408K)
[616.729s][info][gc             ] GC(1722) Pause Young (Allocation Failure) 316M->117M(371M) 0.931ms
[616.729s][info][gc,cpu         ] GC(1722) User=0.00s Sys=0.00s Real=0.00s
[616.777s][info][gc,start       ] GC(1723) Pause Young (Allocation Failure)
[616.778s][info][gc,heap        ] GC(1723) PSYoungGen: 196672K(204800K)->32K(189952K) Eden: 196608K(196608K)->0K(189440K) From: 64K(8192K)->32K(512K)
[616.778s][info][gc,heap        ] GC(1723) ParOldGen: 120261K(175104K)->120277K(175104K)
[616.778s][info][gc,metaspace   ] GC(1723) Metaspace: 35541K(36352K)->35541K(36352K) NonClass: 26326K(26944K)->26326K(26944K) Class: 9215K(9408K)->9215K(9408K)
[616.778s][info][gc             ] GC(1723) Pause Young (Allocation Failure) 309M->117M(356M) 1.623ms
[616.778s][info][gc,cpu         ] GC(1723) User=0.00s Sys=0.00s Real=0.01s
[617.054s][info][gc,start       ] GC(1724) Pause Young (Allocation Failure)
[617.055s][info][gc,heap        ] GC(1724) PSYoungGen: 189472K(189952K)->64K(189952K) Eden: 189440K(189440K)->0K(182784K) From: 32K(512K)->64K(7168K)
[617.055s][info][gc,heap        ] GC(1724) ParOldGen: 120277K(175104K)->120277K(175104K)
[617.055s][info][gc,metaspace   ] GC(1724) Metaspace: 35541K(36352K)->35541K(36352K) NonClass: 26326K(26944K)->26326K(26944K) Class: 9215K(9408K)->9215K(9408K)
[617.055s][info][gc             ] GC(1724) Pause Young (Allocation Failure) 302M->117M(356M) 0.990ms
[617.055s][info][gc,cpu         ] GC(1724) User=0.00s Sys=0.00s Real=0.00s
[617.408s][info][gc,start       ] GC(1725) Pause Young (Allocation Failure)
[617.410s][info][gc,heap        ] GC(1725) PSYoungGen: 182848K(189952K)->64K(177152K) Eden: 182784K(182784K)->0K(176640K) From: 64K(7168K)->64K(512K)
[617.410s][info][gc,heap        ] GC(1725) ParOldGen: 120277K(175104K)->120293K(175104K)
[617.410s][info][gc,metaspace   ] GC(1725) Metaspace: 35541K(36352K)->35541K(36352K) NonClass: 26326K(26944K)->26326K(26944K) Class: 9215K(9408K)->9215K(9408K)
[617.410s][info][gc             ] GC(1725) Pause Young (Allocation Failure) 296M->117M(344M) 1.727ms
[617.410s][info][gc,cpu         ] GC(1725) User=0.01s Sys=0.00s Real=0.00s
[617.577s][info][gc,start       ] GC(1726) Pause Young (Allocation Failure)
[617.578s][info][gc,heap        ] GC(1726) PSYoungGen: 176704K(177152K)->64K(176640K) Eden: 176640K(176640K)->0K(170496K) From: 64K(512K)->64K(6144K)
[617.578s][info][gc,heap        ] GC(1726) ParOldGen: 120293K(175104K)->120309K(175104K)
[617.578s][info][gc,metaspace   ] GC(1726) Metaspace: 35541K(36352K)->35541K(36352K) NonClass: 26326K(26944K)->26326K(26944K) Class: 9215K(9408K)->9215K(9408K)
[617.578s][info][gc             ] GC(1726) Pause Young (Allocation Failure) 290M->117M(343M) 0.962ms
[617.578s][info][gc,cpu         ] GC(1726) User=0.00s Sys=0.00s Real=0.00s
[617.836s][info][gc,start       ] GC(1727) Pause Young (Allocation Failure)
[617.849s][info][gc,heap        ] GC(1727) PSYoungGen: 170560K(176640K)->5632K(208384K) Eden: 170496K(170496K)->0K(202752K) From: 64K(6144K)->5632K(5632K)
[617.849s][info][gc,heap        ] GC(1727) ParOldGen: 120309K(175104K)->123685K(175104K)
[617.849s][info][gc,metaspace   ] GC(1727) Metaspace: 35541K(36352K)->35541K(36352K) NonClass: 26326K(26944K)->26326K(26944K) Class: 9215K(9408K)->9215K(9408K)
[617.849s][info][gc             ] GC(1727) Pause Young (Allocation Failure) 284M->126M(374M) 13.428ms
[617.849s][info][gc,cpu         ] GC(1727) User=0.02s Sys=0.00s Real=0.02s
[618.083s][info][gc,start       ] GC(1728) Pause Young (Allocation Failure)
[618.117s][info][gc,heap        ] GC(1728) PSYoungGen: 208384K(208384K)->8192K(241152K) Eden: 202752K(202752K)->0K(232960K) From: 5632K(5632K)->8192K(8192K)
[618.117s][info][gc,heap        ] GC(1728) ParOldGen: 123685K(175104K)->138397K(175104K)
[618.117s][info][gc,metaspace   ] GC(1728) Metaspace: 35541K(36352K)->35541K(36352K) NonClass: 26326K(26944K)->26326K(26944K) Class: 9215K(9408K)->9215K(9408K)
[618.118s][info][gc             ] GC(1728) Pause Young (Allocation Failure) 324M->143M(406M) 34.180ms
[618.118s][info][gc,cpu         ] GC(1728) User=0.07s Sys=0.00s Real=0.04s
[618.387s][info][gc,start       ] GC(1729) Pause Young (Allocation Failure)
[618.437s][info][gc,heap        ] GC(1729) PSYoungGen: 241152K(241152K)->15360K(250368K) Eden: 232960K(232960K)->0K(235008K) From: 8192K(8192K)->15360K(15360K)
[618.437s][info][gc,heap        ] GC(1729) ParOldGen: 138397K(175104K)->149629K(175104K)
[618.437s][info][gc,metaspace   ] GC(1729) Metaspace: 35541K(36352K)->35541K(36352K) NonClass: 26326K(26944K)->26326K(26944K) Class: 9215K(9408K)->9215K(9408K)
[618.437s][info][gc             ] GC(1729) Pause Young (Allocation Failure) 370M->161M(415M) 49.733ms
[618.437s][info][gc,cpu         ] GC(1729) User=0.08s Sys=0.02s Real=0.05s
[618.533s][info][gc,start       ] GC(1730) Pause Young (Allocation Failure)
[618.543s][info][gc,heap        ] GC(1730) PSYoungGen: 250368K(250368K)->4640K(258048K) Eden: 235008K(235008K)->0K(235008K) From: 15360K(15360K)->4640K(23040K)
[618.543s][info][gc,heap        ] GC(1730) ParOldGen: 149629K(175104K)->149933K(175104K)
[618.543s][info][gc,metaspace   ] GC(1730) Metaspace: 35541K(36352K)->35541K(36352K) NonClass: 26326K(26944K)->26326K(26944K) Class: 9215K(9408K)->9215K(9408K)
[618.543s][info][gc             ] GC(1730) Pause Young (Allocation Failure) 390M->150M(423M) 10.229ms
[618.544s][info][gc,cpu         ] GC(1730) User=0.02s Sys=0.00s Real=0.01s
[618.856s][info][gc,start       ] GC(1731) Pause Young (Allocation Failure)
[618.857s][info][gc,heap        ] GC(1731) PSYoungGen: 239648K(258048K)->64K(302080K) Eden: 235008K(235008K)->0K(281600K) From: 4640K(23040K)->64K(20480K)
[618.857s][info][gc,heap        ] GC(1731) ParOldGen: 149933K(175104K)->149941K(175104K)
[618.857s][info][gc,metaspace   ] GC(1731) Metaspace: 35541K(36352K)->35541K(36352K) NonClass: 26326K(26944K)->26326K(26944K) Class: 9215K(9408K)->9215K(9408K)
[618.857s][info][gc             ] GC(1731) Pause Young (Allocation Failure) 380M->146M(466M) 0.802ms
[618.857s][info][gc,cpu         ] GC(1731) User=0.00s Sys=0.00s Real=0.00s
[619.436s][info][gc,start       ] GC(1732) Pause Young (Allocation Failure)
[619.437s][info][gc,heap        ] GC(1732) PSYoungGen: 281664K(302080K)->64K(302592K) Eden: 281600K(281600K)->0K(281600K) From: 64K(20480K)->64K(20992K)
[619.437s][info][gc,heap        ] GC(1732) ParOldGen: 149941K(175104K)->149949K(175104K)
[619.437s][info][gc,metaspace   ] GC(1732) Metaspace: 35541K(36352K)->35541K(36352K) NonClass: 26326K(26944K)->26326K(26944K) Class: 9215K(9408K)->9215K(9408K)
[619.437s][info][gc             ] GC(1732) Pause Young (Allocation Failure) 421M->146M(466M) 0.924ms
[619.437s][info][gc,cpu         ] GC(1732) User=0.00s Sys=0.00s Real=0.00s
[619.888s][info][gc,start       ] GC(1733) Pause Young (Allocation Failure)
[619.888s][info][gc,heap        ] GC(1733) PSYoungGen: 281664K(302592K)->64K(312320K) Eden: 281600K(281600K)->0K(292864K) From: 64K(20992K)->64K(19456K)
[619.888s][info][gc,heap        ] GC(1733) ParOldGen: 149949K(175104K)->149965K(175104K)
[619.888s][info][gc,metaspace   ] GC(1733) Metaspace: 35541K(36352K)->35541K(36352K) NonClass: 26326K(26944K)->26326K(26944K) Class: 9215K(9408K)->9215K(9408K)
[619.888s][info][gc             ] GC(1733) Pause Young (Allocation Failure) 421M->146M(476M) 0.825ms
[619.888s][info][gc,cpu         ] GC(1733) User=0.00s Sys=0.00s Real=0.00s
[620.136s][info][gc,start       ] GC(1734) Pause Young (Allocation Failure)
[620.137s][info][gc,heap        ] GC(1734) PSYoungGen: 292928K(312320K)->64K(312320K) Eden: 292864K(292864K)->0K(292864K) From: 64K(19456K)->64K(19456K)
[620.137s][info][gc,heap        ] GC(1734) ParOldGen: 149965K(175104K)->149981K(175104K)
[620.137s][info][gc,metaspace   ] GC(1734) Metaspace: 35541K(36352K)->35541K(36352K) NonClass: 26326K(26944K)->26326K(26944K) Class: 9215K(9408K)->9215K(9408K)
[620.137s][info][gc             ] GC(1734) Pause Young (Allocation Failure) 432M->146M(476M) 0.785ms
[620.137s][info][gc,cpu         ] GC(1734) User=0.00s Sys=0.00s Real=0.01s
[620.376s][info][gc,start       ] GC(1735) Pause Young (Allocation Failure)
[620.377s][info][gc,heap        ] GC(1735) PSYoungGen: 292928K(312320K)->64K(313856K) Eden: 292864K(292864K)->0K(295424K) From: 64K(19456K)->64K(18432K)
[620.377s][info][gc,heap        ] GC(1735) ParOldGen: 149981K(175104K)->149981K(175104K)
[620.377s][info][gc,metaspace   ] GC(1735) Metaspace: 35541K(36352K)->35541K(36352K) NonClass: 26326K(26944K)->26326K(26944K) Class: 9215K(9408K)->9215K(9408K)
[620.377s][info][gc             ] GC(1735) Pause Young (Allocation Failure) 432M->146M(477M) 0.742ms
[620.377s][info][gc,cpu         ] GC(1735) User=0.00s Sys=0.00s Real=0.00s
[620.684s][info][gc,start       ] GC(1736) Pause Young (Allocation Failure)
[620.685s][info][gc,heap        ] GC(1736) PSYoungGen: 295488K(313856K)->64K(313344K) Eden: 295424K(295424K)->0K(295424K) From: 64K(18432K)->64K(17920K)
[620.685s][info][gc,heap        ] GC(1736) ParOldGen: 149981K(175104K)->149981K(175104K)
[620.685s][info][gc,metaspace   ] GC(1736) Metaspace: 35541K(36352K)->35541K(36352K) NonClass: 26326K(26944K)->26326K(26944K) Class: 9215K(9408K)->9215K(9408K)
[620.685s][info][gc             ] GC(1736) Pause Young (Allocation Failure) 435M->146M(477M) 0.746ms
[620.685s][info][gc,cpu         ] GC(1736) User=0.01s Sys=0.00s Real=0.00s
[620.735s][info][gc,start       ] GC(1737) Pause Young (Allocation Failure)
[620.736s][info][gc,heap        ] GC(1737) PSYoungGen: 295488K(313344K)->32K(314880K) Eden: 295424K(295424K)->0K(298496K) From: 64K(17920K)->32K(16384K)
[620.736s][info][gc,heap        ] GC(1737) ParOldGen: 149981K(175104K)->149997K(175104K)
[620.736s][info][gc,metaspace   ] GC(1737) Metaspace: 35541K(36352K)->35541K(36352K) NonClass: 26326K(26944K)->26326K(26944K) Class: 9215K(9408K)->9215K(9408K)
[620.736s][info][gc             ] GC(1737) Pause Young (Allocation Failure) 435M->146M(478M) 0.638ms
[620.736s][info][gc,cpu         ] GC(1737) User=0.00s Sys=0.00s Real=0.00s
[620.826s][info][gc,start       ] GC(1738) Pause Young (Allocation Failure)
[620.827s][info][gc,heap        ] GC(1738) PSYoungGen: 298528K(314880K)->64K(314368K) Eden: 298496K(298496K)->0K(298496K) From: 32K(16384K)->64K(15872K)
[620.827s][info][gc,heap        ] GC(1738) ParOldGen: 149997K(175104K)->149997K(175104K)
[620.827s][info][gc,metaspace   ] GC(1738) Metaspace: 35541K(36352K)->35541K(36352K) NonClass: 26326K(26944K)->26326K(26944K) Class: 9215K(9408K)->9215K(9408K)
[620.827s][info][gc             ] GC(1738) Pause Young (Allocation Failure) 438M->146M(478M) 0.833ms
[620.827s][info][gc,cpu         ] GC(1738) User=0.01s Sys=0.00s Real=0.01s
[621.071s][info][gc,start       ] GC(1739) Pause Young (Allocation Failure)
[621.072s][info][gc,heap        ] GC(1739) PSYoungGen: 298560K(314368K)->64K(316928K) Eden: 298496K(298496K)->0K(302592K) From: 64K(15872K)->64K(14336K)
[621.072s][info][gc,heap        ] GC(1739) ParOldGen: 149997K(175104K)->150013K(175104K)
[621.072s][info][gc,metaspace   ] GC(1739) Metaspace: 35541K(36352K)->35541K(36352K) NonClass: 26326K(26944K)->26326K(26944K) Class: 9215K(9408K)->9215K(9408K)
[621.072s][info][gc             ] GC(1739) Pause Young (Allocation Failure) 438M->146M(480M) 0.789ms
[621.072s][info][gc,cpu         ] GC(1739) User=0.00s Sys=0.00s Real=0.00s
[621.264s][info][gc,start       ] GC(1740) Pause Young (Allocation Failure)
[621.265s][info][gc,heap        ] GC(1740) PSYoungGen: 302656K(316928K)->64K(291328K) Eden: 302592K(302592K)->0K(290816K) From: 64K(14336K)->64K(512K)
[621.265s][info][gc,heap        ] GC(1740) ParOldGen: 150013K(175104K)->150013K(175104K)
[621.265s][info][gc,metaspace   ] GC(1740) Metaspace: 35541K(36352K)->35541K(36352K) NonClass: 26326K(26944K)->26326K(26944K) Class: 9215K(9408K)->9215K(9408K)
[621.265s][info][gc             ] GC(1740) Pause Young (Allocation Failure) 442M->146M(455M) 0.831ms
[621.265s][info][gc,cpu         ] GC(1740) User=0.00s Sys=0.00s Real=0.00s
[621.343s][info][gc,start       ] GC(1741) Pause Young (Allocation Failure)
[621.343s][info][gc,heap        ] GC(1741) PSYoungGen: 290880K(291328K)->64K(280064K) Eden: 290816K(290816K)->0K(279552K) From: 64K(512K)->64K(512K)
[621.343s][info][gc,heap        ] GC(1741) ParOldGen: 150013K(175104K)->150029K(175104K)
[621.343s][info][gc,metaspace   ] GC(1741) Metaspace: 35541K(36352K)->35541K(36352K) NonClass: 26326K(26944K)->26326K(26944K) Class: 9215K(9408K)->9215K(9408K)
[621.343s][info][gc             ] GC(1741) Pause Young (Allocation Failure) 430M->146M(444M) 0.781ms
[621.343s][info][gc,cpu         ] GC(1741) User=0.00s Sys=0.00s Real=0.00s
[621.477s][info][gc,start       ] GC(1742) Pause Young (Allocation Failure)
[621.478s][info][gc,heap        ] GC(1742) PSYoungGen: 279616K(280064K)->64K(281600K) Eden: 279552K(279552K)->0K(268800K) From: 64K(512K)->64K(12800K)
[621.478s][info][gc,heap        ] GC(1742) ParOldGen: 150029K(175104K)->150029K(175104K)
[621.478s][info][gc,metaspace   ] GC(1742) Metaspace: 35541K(36352K)->35541K(36352K) NonClass: 26326K(26944K)->26326K(26944K) Class: 9215K(9408K)->9215K(9408K)
[621.478s][info][gc             ] GC(1742) Pause Young (Allocation Failure) 419M->146M(446M) 0.690ms
[621.478s][info][gc,cpu         ] GC(1742) User=0.00s Sys=0.00s Real=0.00s
[621.865s][info][gc,start       ] GC(1743) Pause Young (Allocation Failure)
[621.866s][info][gc,heap        ] GC(1743) PSYoungGen: 268864K(281600K)->64K(259072K) Eden: 268800K(268800K)->0K(258560K) From: 64K(12800K)->64K(512K)
[621.866s][info][gc,heap        ] GC(1743) ParOldGen: 150029K(175104K)->150037K(175104K)
[621.866s][info][gc,metaspace   ] GC(1743) Metaspace: 35541K(36352K)->35541K(36352K) NonClass: 26326K(26944K)->26326K(26944K) Class: 9215K(9408K)->9215K(9408K)
[621.866s][info][gc             ] GC(1743) Pause Young (Allocation Failure) 409M->146M(424M) 1.362ms
[621.866s][info][gc,cpu         ] GC(1743) User=0.00s Sys=0.00s Real=0.00s
[622.443s][info][gc,start       ] GC(1744) Pause Young (Allocation Failure)
[622.444s][info][gc,heap        ] GC(1744) PSYoungGen: 258624K(259072K)->64K(260096K) Eden: 258560K(258560K)->0K(248832K) From: 64K(512K)->64K(11264K)
[622.444s][info][gc,heap        ] GC(1744) ParOldGen: 150037K(175104K)->150053K(175104K)
[622.444s][info][gc,metaspace   ] GC(1744) Metaspace: 35541K(36352K)->35541K(36352K) NonClass: 26326K(26944K)->26326K(26944K) Class: 9215K(9408K)->9215K(9408K)
[622.444s][info][gc             ] GC(1744) Pause Young (Allocation Failure) 399M->146M(425M) 1.203ms
[622.444s][info][gc,cpu         ] GC(1744) User=0.01s Sys=0.00s Real=0.00s
[623.359s][info][gc,start       ] GC(1745) Pause Young (Allocation Failure)
[623.362s][info][gc,heap        ] GC(1745) PSYoungGen: 248896K(260096K)->64K(240128K) Eden: 248832K(248832K)->0K(239616K) From: 64K(11264K)->64K(512K)
[623.362s][info][gc,heap        ] GC(1745) ParOldGen: 150053K(175104K)->150069K(175104K)
[623.362s][info][gc,metaspace   ] GC(1745) Metaspace: 35541K(36352K)->35541K(36352K) NonClass: 26326K(26944K)->26326K(26944K) Class: 9215K(9408K)->9215K(9408K)
[623.362s][info][gc             ] GC(1745) Pause Young (Allocation Failure) 389M->146M(405M) 2.512ms
[623.362s][info][gc,cpu         ] GC(1745) User=0.00s Sys=0.00s Real=0.00s
[623.779s][info][gc,start       ] GC(1746) Pause Young (Allocation Failure)
[623.780s][info][gc,heap        ] GC(1746) PSYoungGen: 239680K(240128K)->64K(240128K) Eden: 239616K(239616K)->0K(230400K) From: 64K(512K)->64K(9728K)
[623.780s][info][gc,heap        ] GC(1746) ParOldGen: 150069K(175104K)->150085K(175104K)
[623.780s][info][gc,metaspace   ] GC(1746) Metaspace: 35541K(36352K)->35541K(36352K) NonClass: 26326K(26944K)->26326K(26944K) Class: 9215K(9408K)->9215K(9408K)
[623.780s][info][gc             ] GC(1746) Pause Young (Allocation Failure) 380M->146M(405M) 1.244ms
[623.780s][info][gc,cpu         ] GC(1746) User=0.01s Sys=0.00s Real=0.00s
[624.698s][info][gc,start       ] GC(1747) Pause Young (Allocation Failure)
[624.701s][info][gc,heap        ] GC(1747) PSYoungGen: 230464K(240128K)->64K(222208K) Eden: 230400K(230400K)->0K(221696K) From: 64K(9728K)->64K(512K)
[624.701s][info][gc,heap        ] GC(1747) ParOldGen: 150085K(175104K)->150093K(175104K)
[624.701s][info][gc,metaspace   ] GC(1747) Metaspace: 35541K(36352K)->35541K(36352K) NonClass: 26326K(26944K)->26326K(26944K) Class: 9215K(9408K)->9215K(9408K)
[624.701s][info][gc             ] GC(1747) Pause Young (Allocation Failure) 371M->146M(388M) 2.088ms
[624.701s][info][gc,cpu         ] GC(1747) User=0.00s Sys=0.00s Real=0.00s
[625.053s][info][gc,start       ] GC(1748) Pause Young (Allocation Failure)
[625.054s][info][gc,heap        ] GC(1748) PSYoungGen: 221760K(222208K)->64K(222208K) Eden: 221696K(221696K)->0K(213504K) From: 64K(512K)->64K(8704K)
[625.054s][info][gc,heap        ] GC(1748) ParOldGen: 150093K(175104K)->150101K(175104K)
[625.054s][info][gc,metaspace   ] GC(1748) Metaspace: 35541K(36352K)->35541K(36352K) NonClass: 26326K(26944K)->26326K(26944K) Class: 9215K(9408K)->9215K(9408K)
[625.054s][info][gc             ] GC(1748) Pause Young (Allocation Failure) 363M->146M(388M) 1.212ms
[625.054s][info][gc,cpu         ] GC(1748) User=0.00s Sys=0.00s Real=0.00s
[625.229s][info][gc,start       ] GC(1749) Pause Young (Allocation Failure)
[625.231s][info][gc,heap        ] GC(1749) PSYoungGen: 213568K(222208K)->64K(206336K) Eden: 213504K(213504K)->0K(205824K) From: 64K(8704K)->64K(512K)
[625.231s][info][gc,heap        ] GC(1749) ParOldGen: 150101K(175104K)->150109K(175104K)
[625.231s][info][gc,metaspace   ] GC(1749) Metaspace: 35541K(36352K)->35541K(36352K) NonClass: 26326K(26944K)->26326K(26944K) Class: 9215K(9408K)->9215K(9408K)
[625.231s][info][gc             ] GC(1749) Pause Young (Allocation Failure) 355M->146M(372M) 1.848ms
[625.231s][info][gc,cpu         ] GC(1749) User=0.00s Sys=0.00s Real=0.00s
[625.281s][info][gc,start       ] GC(1750) Pause Young (Allocation Failure)
[625.282s][info][gc,heap        ] GC(1750) PSYoungGen: 205888K(206336K)->32K(206336K) Eden: 205824K(205824K)->0K(198656K) From: 64K(512K)->32K(7680K)
[625.282s][info][gc,heap        ] GC(1750) ParOldGen: 150109K(175104K)->150125K(175104K)
[625.282s][info][gc,metaspace   ] GC(1750) Metaspace: 35541K(36352K)->35541K(36352K) NonClass: 26326K(26944K)->26326K(26944K) Class: 9215K(9408K)->9215K(9408K)
[625.282s][info][gc             ] GC(1750) Pause Young (Allocation Failure) 347M->146M(372M) 1.124ms
[625.282s][info][gc,cpu         ] GC(1750) User=0.00s Sys=0.00s Real=0.00s
[625.583s][info][gc,start       ] GC(1751) Pause Young (Allocation Failure)
[625.585s][info][gc,heap        ] GC(1751) PSYoungGen: 198688K(206336K)->64K(192000K) Eden: 198656K(198656K)->0K(191488K) From: 32K(7680K)->64K(512K)
[625.585s][info][gc,heap        ] GC(1751) ParOldGen: 150125K(175104K)->150125K(175104K)
[625.585s][info][gc,metaspace   ] GC(1751) Metaspace: 35541K(36352K)->35541K(36352K) NonClass: 26326K(26944K)->26326K(26944K) Class: 9215K(9408K)->9215K(9408K)
[625.585s][info][gc             ] GC(1751) Pause Young (Allocation Failure) 340M->146M(358M) 1.711ms
[625.585s][info][gc,cpu         ] GC(1751) User=0.00s Sys=0.00s Real=0.00s
[625.912s][info][gc,start       ] GC(1752) Pause Young (Allocation Failure)
[625.913s][info][gc,heap        ] GC(1752) PSYoungGen: 191552K(192000K)->64K(191488K) Eden: 191488K(191488K)->0K(184832K) From: 64K(512K)->64K(6656K)
[625.913s][info][gc,heap        ] GC(1752) ParOldGen: 150125K(175104K)->150141K(175104K)
[625.913s][info][gc,metaspace   ] GC(1752) Metaspace: 35541K(36352K)->35541K(36352K) NonClass: 26326K(26944K)->26326K(26944K) Class: 9215K(9408K)->9215K(9408K)
[625.913s][info][gc             ] GC(1752) Pause Young (Allocation Failure) 333M->146M(358M) 1.124ms
[625.914s][info][gc,cpu         ] GC(1752) User=0.00s Sys=0.00s Real=0.00s
[626.119s][info][gc,start       ] GC(1753) Pause Young (Allocation Failure)
[626.121s][info][gc,heap        ] GC(1753) PSYoungGen: 184894K(191488K)->64K(178688K) Eden: 184830K(184832K)->0K(178176K) From: 64K(6656K)->64K(512K)
[626.121s][info][gc,heap        ] GC(1753) ParOldGen: 150141K(175104K)->150157K(175104K)
[626.121s][info][gc,metaspace   ] GC(1753) Metaspace: 35541K(36352K)->35541K(36352K) NonClass: 26326K(26944K)->26326K(26944K) Class: 9215K(9408K)->9215K(9408K)
[626.121s][info][gc             ] GC(1753) Pause Young (Allocation Failure) 327M->146M(345M) 1.691ms
[626.121s][info][gc,cpu         ] GC(1753) User=0.00s Sys=0.00s Real=0.00s
[626.376s][info][gc,start       ] GC(1754) Pause Young (Allocation Failure)
[626.398s][info][gc,heap        ] GC(1754) PSYoungGen: 178240K(178688K)->5632K(218112K) Eden: 178176K(178176K)->0K(212480K) From: 64K(512K)->5632K(5632K)
[626.398s][info][gc,heap        ] GC(1754) ParOldGen: 150157K(175104K)->157581K(175104K)
[626.398s][info][gc,metaspace   ] GC(1754) Metaspace: 35541K(36352K)->35541K(36352K) NonClass: 26326K(26944K)->26326K(26944K) Class: 9215K(9408K)->9215K(9408K)
[626.398s][info][gc             ] GC(1754) Pause Young (Allocation Failure) 320M->159M(384M) 21.318ms
[626.398s][info][gc,cpu         ] GC(1754) User=0.04s Sys=0.00s Real=0.03s
[626.642s][info][gc,start       ] GC(1755) Pause Young (Allocation Failure)
[626.680s][info][gc,heap        ] GC(1755) PSYoungGen: 218112K(218112K)->5632K(237056K) Eden: 212480K(212480K)->0K(231424K) From: 5632K(5632K)->5632K(5632K)
[626.680s][info][gc,heap        ] GC(1755) ParOldGen: 157581K(175104K)->176069K(176128K)
[626.680s][info][gc,metaspace   ] GC(1755) Metaspace: 35541K(36352K)->35541K(36352K) NonClass: 26326K(26944K)->26326K(26944K) Class: 9215K(9408K)->9215K(9408K)
[626.680s][info][gc             ] GC(1755) Pause Young (Allocation Failure) 366M->177M(403M) 37.954ms
[626.680s][info][gc,cpu         ] GC(1755) User=0.07s Sys=0.00s Real=0.04s
[626.947s][info][gc,start       ] GC(1756) Pause Young (Allocation Failure)
[626.994s][info][gc,heap        ] GC(1756) PSYoungGen: 237056K(237056K)->17408K(248832K) Eden: 231424K(231424K)->0K(231424K) From: 5632K(5632K)->17408K(17408K)
[626.994s][info][gc,heap        ] GC(1756) ParOldGen: 176069K(176128K)->184829K(184832K)
[626.994s][info][gc,metaspace   ] GC(1756) Metaspace: 35541K(36352K)->35541K(36352K) NonClass: 26326K(26944K)->26326K(26944K) Class: 9215K(9408K)->9215K(9408K)
[626.994s][info][gc             ] GC(1756) Pause Young (Allocation Failure) 403M->197M(423M) 46.151ms
[626.994s][info][gc,cpu         ] GC(1756) User=0.09s Sys=0.01s Real=0.04s
[627.053s][info][gc,start       ] GC(1757) Pause Young (Allocation Failure)
[627.056s][info][gc,heap        ] GC(1757) PSYoungGen: 248832K(248832K)->64K(300544K) Eden: 231424K(231424K)->0K(277504K) From: 17408K(17408K)->64K(23040K)
[627.056s][info][gc,heap        ] GC(1757) ParOldGen: 184829K(184832K)->185061K(185344K)
[627.056s][info][gc,metaspace   ] GC(1757) Metaspace: 35541K(36352K)->35541K(36352K) NonClass: 26326K(26944K)->26326K(26944K) Class: 9215K(9408K)->9215K(9408K)
[627.056s][info][gc             ] GC(1757) Pause Young (Allocation Failure) 423M->180M(474M) 3.461ms
[627.056s][info][gc,cpu         ] GC(1757) User=0.01s Sys=0.00s Real=0.00s
[627.570s][info][gc,start       ] GC(1758) Pause Young (Allocation Failure)
[627.571s][info][gc,heap        ] GC(1758) PSYoungGen: 277568K(300544K)->64K(301056K) Eden: 277504K(277504K)->0K(277504K) From: 64K(23040K)->64K(23552K)
[627.571s][info][gc,heap        ] GC(1758) ParOldGen: 185061K(185344K)->185069K(185344K)
[627.571s][info][gc,metaspace   ] GC(1758) Metaspace: 35541K(36352K)->35541K(36352K) NonClass: 26326K(26944K)->26326K(26944K) Class: 9215K(9408K)->9215K(9408K)
[627.571s][info][gc             ] GC(1758) Pause Young (Allocation Failure) 451M->180M(475M) 1.047ms
[627.571s][info][gc,cpu         ] GC(1758) User=0.00s Sys=0.00s Real=0.00s
[628.019s][info][gc,start       ] GC(1759) Pause Young (Allocation Failure)
[628.020s][info][gc,heap        ] GC(1759) PSYoungGen: 277568K(301056K)->64K(309760K) Eden: 277504K(277504K)->0K(287744K) From: 64K(23552K)->64K(22016K)
[628.020s][info][gc,heap        ] GC(1759) ParOldGen: 185069K(185344K)->185077K(185344K)
[628.020s][info][gc,metaspace   ] GC(1759) Metaspace: 35541K(36352K)->35541K(36352K) NonClass: 26326K(26944K)->26326K(26944K) Class: 9215K(9408K)->9215K(9408K)
[628.020s][info][gc             ] GC(1759) Pause Young (Allocation Failure) 451M->180M(483M) 0.923ms
[628.020s][info][gc,cpu         ] GC(1759) User=0.00s Sys=0.00s Real=0.00s
[628.477s][info][gc,start       ] GC(1760) Pause Young (Allocation Failure)
[628.477s][info][gc,heap        ] GC(1760) PSYoungGen: 287808K(309760K)->64K(309760K) Eden: 287744K(287744K)->0K(287744K) From: 64K(22016K)->64K(22016K)
[628.477s][info][gc,heap        ] GC(1760) ParOldGen: 185077K(185344K)->185093K(185344K)
[628.477s][info][gc,metaspace   ] GC(1760) Metaspace: 35541K(36352K)->35541K(36352K) NonClass: 26326K(26944K)->26326K(26944K) Class: 9215K(9408K)->9215K(9408K)
[628.477s][info][gc             ] GC(1760) Pause Young (Allocation Failure) 461M->180M(483M) 0.968ms
[628.477s][info][gc,cpu         ] GC(1760) User=0.00s Sys=0.00s Real=0.01s
[628.713s][info][gc,start       ] GC(1761) Pause Young (Allocation Failure)
[628.713s][info][gc,heap        ] GC(1761) PSYoungGen: 287808K(309760K)->64K(310784K) Eden: 287744K(287744K)->0K(290816K) From: 64K(22016K)->64K(19968K)
[628.713s][info][gc,heap        ] GC(1761) ParOldGen: 185093K(185344K)->185109K(185344K)
[628.713s][info][gc,metaspace   ] GC(1761) Metaspace: 35541K(36352K)->35541K(36352K) NonClass: 26326K(26944K)->26326K(26944K) Class: 9215K(9408K)->9215K(9408K)
[628.713s][info][gc             ] GC(1761) Pause Young (Allocation Failure) 461M->180M(484M) 0.825ms
[628.713s][info][gc,cpu         ] GC(1761) User=0.00s Sys=0.00s Real=0.00s
[629.070s][info][gc,start       ] GC(1762) Pause Young (Allocation Failure)
[629.071s][info][gc,heap        ] GC(1762) PSYoungGen: 290880K(310784K)->64K(310784K) Eden: 290816K(290816K)->0K(290816K) From: 64K(19968K)->64K(19968K)
[629.071s][info][gc,heap        ] GC(1762) ParOldGen: 185109K(185344K)->185109K(185344K)
[629.071s][info][gc,metaspace   ] GC(1762) Metaspace: 35541K(36352K)->35541K(36352K) NonClass: 26326K(26944K)->26326K(26944K) Class: 9215K(9408K)->9215K(9408K)
[629.071s][info][gc             ] GC(1762) Pause Young (Allocation Failure) 464M->180M(484M) 0.817ms
[629.071s][info][gc,cpu         ] GC(1762) User=0.00s Sys=0.00s Real=0.00s
[629.208s][info][gc,start       ] GC(1763) Pause Young (Allocation Failure)
[629.209s][info][gc,heap        ] GC(1763) PSYoungGen: 290880K(310784K)->64K(312832K) Eden: 290816K(290816K)->0K(294912K) From: 64K(19968K)->64K(17920K)
[629.209s][info][gc,heap        ] GC(1763) ParOldGen: 185109K(185344K)->185117K(185344K)
[629.209s][info][gc,metaspace   ] GC(1763) Metaspace: 35541K(36352K)->35541K(36352K) NonClass: 26326K(26944K)->26326K(26944K) Class: 9215K(9408K)->9215K(9408K)
[629.209s][info][gc             ] GC(1763) Pause Young (Allocation Failure) 464M->180M(486M) 0.850ms
[629.209s][info][gc,cpu         ] GC(1763) User=0.00s Sys=0.00s Real=0.00s
[629.262s][info][gc,start       ] GC(1764) Pause Young (Allocation Failure)
[629.263s][info][gc,heap        ] GC(1764) PSYoungGen: 294976K(312832K)->64K(312832K) Eden: 294912K(294912K)->0K(294912K) From: 64K(17920K)->64K(17920K)
[629.263s][info][gc,heap        ] GC(1764) ParOldGen: 185117K(185344K)->185133K(185344K)
[629.263s][info][gc,metaspace   ] GC(1764) Metaspace: 35541K(36352K)->35541K(36352K) NonClass: 26326K(26944K)->26326K(26944K) Class: 9215K(9408K)->9215K(9408K)
[629.263s][info][gc             ] GC(1764) Pause Young (Allocation Failure) 468M->180M(486M) 0.870ms
[629.263s][info][gc,cpu         ] GC(1764) User=0.00s Sys=0.00s Real=0.00s
[629.395s][info][gc,start       ] GC(1765) Pause Young (Allocation Failure)
[629.395s][info][gc,heap        ] GC(1765) PSYoungGen: 294976K(312832K)->64K(314880K) Eden: 294912K(294912K)->0K(299008K) From: 64K(17920K)->64K(15872K)
[629.395s][info][gc,heap        ] GC(1765) ParOldGen: 185133K(185344K)->185133K(185344K)
[629.395s][info][gc,metaspace   ] GC(1765) Metaspace: 35541K(36352K)->35541K(36352K) NonClass: 26326K(26944K)->26326K(26944K) Class: 9215K(9408K)->9215K(9408K)
[629.395s][info][gc             ] GC(1765) Pause Young (Allocation Failure) 468M->180M(488M) 0.845ms
[629.395s][info][gc,cpu         ] GC(1765) User=0.00s Sys=0.00s Real=0.00s
[629.640s][info][gc,start       ] GC(1766) Pause Young (Allocation Failure)
[629.641s][info][gc,heap        ] GC(1766) PSYoungGen: 299072K(314880K)->64K(314880K) Eden: 299008K(299008K)->0K(299008K) From: 64K(15872K)->64K(15872K)
[629.641s][info][gc,heap        ] GC(1766) ParOldGen: 185133K(185344K)->185141K(185344K)
[629.641s][info][gc,metaspace   ] GC(1766) Metaspace: 35541K(36352K)->35541K(36352K) NonClass: 26326K(26944K)->26326K(26944K) Class: 9215K(9408K)->9215K(9408K)
[629.641s][info][gc             ] GC(1766) Pause Young (Allocation Failure) 472M->180M(488M) 0.888ms
[629.641s][info][gc,cpu         ] GC(1766) User=0.00s Sys=0.00s Real=0.00s
[629.797s][info][gc,start       ] GC(1767) Pause Young (Allocation Failure)
[629.798s][info][gc,heap        ] GC(1767) PSYoungGen: 299072K(314880K)->64K(287744K) Eden: 299008K(299008K)->0K(287232K) From: 64K(15872K)->64K(512K)
[629.798s][info][gc,heap        ] GC(1767) ParOldGen: 185141K(185344K)->185149K(185344K)
[629.798s][info][gc,metaspace   ] GC(1767) Metaspace: 35541K(36352K)->35541K(36352K) NonClass: 26326K(26944K)->26326K(26944K) Class: 9215K(9408K)->9215K(9408K)
[629.798s][info][gc             ] GC(1767) Pause Young (Allocation Failure) 472M->180M(462M) 0.902ms
[629.798s][info][gc,cpu         ] GC(1767) User=0.00s Sys=0.00s Real=0.00s
[629.876s][info][gc,start       ] GC(1768) Pause Young (Allocation Failure)
[629.877s][info][gc,heap        ] GC(1768) PSYoungGen: 287296K(287744K)->64K(290304K) Eden: 287232K(287232K)->0K(275968K) From: 64K(512K)->64K(14336K)
[629.877s][info][gc,heap        ] GC(1768) ParOldGen: 185149K(185344K)->185157K(185344K)
[629.877s][info][gc,metaspace   ] GC(1768) Metaspace: 35541K(36352K)->35541K(36352K) NonClass: 26326K(26944K)->26326K(26944K) Class: 9215K(9408K)->9215K(9408K)
[629.877s][info][gc             ] GC(1768) Pause Young (Allocation Failure) 461M->180M(464M) 0.745ms
[629.877s][info][gc,cpu         ] GC(1768) User=0.00s Sys=0.00s Real=0.01s
[630.027s][info][gc,start       ] GC(1769) Pause Young (Allocation Failure)
[630.028s][info][gc,heap        ] GC(1769) PSYoungGen: 276032K(290304K)->64K(265728K) Eden: 275968K(275968K)->0K(265216K) From: 64K(14336K)->64K(512K)
[630.028s][info][gc,heap        ] GC(1769) ParOldGen: 185157K(185344K)->185165K(185344K)
[630.028s][info][gc,metaspace   ] GC(1769) Metaspace: 35541K(36352K)->35541K(36352K) NonClass: 26326K(26944K)->26326K(26944K) Class: 9215K(9408K)->9215K(9408K)
[630.028s][info][gc             ] GC(1769) Pause Young (Allocation Failure) 450M->180M(440M) 0.846ms
[630.028s][info][gc,cpu         ] GC(1769) User=0.00s Sys=0.00s Real=0.00s
[630.927s][info][gc,start       ] GC(1770) Pause Young (Allocation Failure)
[630.928s][info][gc,heap        ] GC(1770) PSYoungGen: 265280K(265728K)->64K(267264K) Eden: 265216K(265216K)->0K(254976K) From: 64K(512K)->64K(12288K)
[630.928s][info][gc,heap        ] GC(1770) ParOldGen: 185165K(185344K)->185173K(185344K)
[630.928s][info][gc,metaspace   ] GC(1770) Metaspace: 35541K(36352K)->35541K(36352K) NonClass: 26326K(26944K)->26326K(26944K) Class: 9215K(9408K)->9215K(9408K)
[630.928s][info][gc             ] GC(1770) Pause Young (Allocation Failure) 439M->180M(442M) 0.887ms
[630.928s][info][gc,cpu         ] GC(1770) User=0.00s Sys=0.00s Real=0.00s
[631.736s][info][gc,start       ] GC(1771) Pause Young (Allocation Failure)
[631.738s][info][gc,heap        ] GC(1771) PSYoungGen: 255040K(267264K)->64K(245760K) Eden: 254976K(254976K)->0K(245248K) From: 64K(12288K)->64K(512K)
[631.738s][info][gc,heap        ] GC(1771) ParOldGen: 185173K(185344K)->185181K(185344K)
[631.738s][info][gc,metaspace   ] GC(1771) Metaspace: 35541K(36352K)->35541K(36352K) NonClass: 26326K(26944K)->26326K(26944K) Class: 9215K(9408K)->9215K(9408K)
[631.738s][info][gc             ] GC(1771) Pause Young (Allocation Failure) 429M->180M(421M) 1.206ms
[631.738s][info][gc,cpu         ] GC(1771) User=0.00s Sys=0.00s Real=0.01s
[631.916s][info][gc,start       ] GC(1772) Pause Young (Allocation Failure)
[631.917s][info][gc,heap        ] GC(1772) PSYoungGen: 245312K(245760K)->64K(246784K) Eden: 245248K(245248K)->0K(236032K) From: 64K(512K)->64K(10752K)
[631.917s][info][gc,heap        ] GC(1772) ParOldGen: 185181K(185344K)->185197K(185344K)
[631.917s][info][gc,metaspace   ] GC(1772) Metaspace: 35541K(36352K)->35541K(36352K) NonClass: 26326K(26944K)->26326K(26944K) Class: 9215K(9408K)->9215K(9408K)
[631.917s][info][gc             ] GC(1772) Pause Young (Allocation Failure) 420M->180M(422M) 0.720ms
[631.917s][info][gc,cpu         ] GC(1772) User=0.00s Sys=0.00s Real=0.00s
[632.332s][info][gc,start       ] GC(1773) Pause Young (Allocation Failure)
[632.334s][info][gc,heap        ] GC(1773) PSYoungGen: 236096K(246784K)->64K(227840K) Eden: 236032K(236032K)->0K(227328K) From: 64K(10752K)->64K(512K)
[632.334s][info][gc,heap        ] GC(1773) ParOldGen: 185197K(185344K)->185205K(185344K)
[632.334s][info][gc,metaspace   ] GC(1773) Metaspace: 35541K(36352K)->35541K(36352K) NonClass: 26326K(26944K)->26326K(26944K) Class: 9215K(9408K)->9215K(9408K)
[632.334s][info][gc             ] GC(1773) Pause Young (Allocation Failure) 411M->180M(403M) 1.441ms
[632.334s][info][gc,cpu         ] GC(1773) User=0.00s Sys=0.00s Real=0.00s
[633.259s][info][gc,start       ] GC(1774) Pause Young (Allocation Failure)
[633.259s][info][gc,heap        ] GC(1774) PSYoungGen: 227392K(227840K)->64K(228864K) Eden: 227328K(227328K)->0K(219136K) From: 64K(512K)->64K(9728K)
[633.259s][info][gc,heap        ] GC(1774) ParOldGen: 185205K(185344K)->185213K(185344K)
[633.259s][info][gc,metaspace   ] GC(1774) Metaspace: 35541K(36352K)->35541K(36352K) NonClass: 26326K(26944K)->26326K(26944K) Class: 9215K(9408K)->9215K(9408K)
[633.259s][info][gc             ] GC(1774) Pause Young (Allocation Failure) 402M->180M(404M) 0.769ms
[633.259s][info][gc,cpu         ] GC(1774) User=0.00s Sys=0.00s Real=0.00s
[633.602s][info][gc,start       ] GC(1775) Pause Young (Allocation Failure)
[633.603s][info][gc,heap        ] GC(1775) PSYoungGen: 219200K(228864K)->64K(211456K) Eden: 219136K(219136K)->0K(210944K) From: 64K(9728K)->64K(512K)
[633.603s][info][gc,heap        ] GC(1775) ParOldGen: 185213K(185344K)->185221K(185344K)
[633.603s][info][gc,metaspace   ] GC(1775) Metaspace: 35541K(36352K)->35541K(36352K) NonClass: 26326K(26944K)->26326K(26944K) Class: 9215K(9408K)->9215K(9408K)
[633.603s][info][gc             ] GC(1775) Pause Young (Allocation Failure) 394M->180M(387M) 1.354ms
[633.603s][info][gc,cpu         ] GC(1775) User=0.00s Sys=0.00s Real=0.00s
[633.761s][info][gc,start       ] GC(1776) Pause Young (Allocation Failure)
[633.763s][info][gc,heap        ] GC(1776) PSYoungGen: 211008K(211456K)->64K(211456K) Eden: 210944K(210944K)->0K(203264K) From: 64K(512K)->64K(8192K)
[633.763s][info][gc,heap        ] GC(1776) ParOldGen: 185221K(185344K)->185237K(185344K)
[633.763s][info][gc,metaspace   ] GC(1776) Metaspace: 35541K(36352K)->35541K(36352K) NonClass: 26326K(26944K)->26326K(26944K) Class: 9215K(9408K)->9215K(9408K)
[633.763s][info][gc             ] GC(1776) Pause Young (Allocation Failure) 386M->180M(387M) 1.247ms
[633.763s][info][gc,cpu         ] GC(1776) User=0.00s Sys=0.00s Real=0.00s
[633.820s][info][gc,start       ] GC(1777) Pause Young (Allocation Failure)
[633.821s][info][gc,heap        ] GC(1777) PSYoungGen: 203328K(211456K)->64K(196608K) Eden: 203264K(203264K)->0K(196096K) From: 64K(8192K)->64K(512K)
[633.821s][info][gc,heap        ] GC(1777) ParOldGen: 185237K(185344K)->185253K(185344K)
[633.821s][info][gc,metaspace   ] GC(1777) Metaspace: 35541K(36352K)->35541K(36352K) NonClass: 26326K(26944K)->26326K(26944K) Class: 9215K(9408K)->9215K(9408K)
[633.821s][info][gc             ] GC(1777) Pause Young (Allocation Failure) 379M->180M(373M) 1.636ms
[633.821s][info][gc,cpu         ] GC(1777) User=0.01s Sys=0.01s Real=0.00s
[634.185s][info][gc,start       ] GC(1778) Pause Young (Allocation Failure)
[634.186s][info][gc,heap        ] GC(1778) PSYoungGen: 196160K(196608K)->64K(196096K) Eden: 196096K(196096K)->0K(188928K) From: 64K(512K)->64K(7168K)
[634.186s][info][gc,heap        ] GC(1778) ParOldGen: 185253K(185344K)->185269K(185344K)
[634.186s][info][gc,metaspace   ] GC(1778) Metaspace: 35541K(36352K)->35541K(36352K) NonClass: 26326K(26944K)->26326K(26944K) Class: 9215K(9408K)->9215K(9408K)
[634.186s][info][gc             ] GC(1778) Pause Young (Allocation Failure) 372M->180M(372M) 1.170ms
[634.186s][info][gc,cpu         ] GC(1778) User=0.00s Sys=0.00s Real=0.00s
[634.445s][info][gc,start       ] GC(1779) Pause Young (Allocation Failure)
[634.447s][info][gc,heap        ] GC(1779) PSYoungGen: 188992K(196096K)->32K(182784K) Eden: 188928K(188928K)->0K(182272K) From: 64K(7168K)->32K(512K)
[634.447s][info][gc,heap        ] GC(1779) ParOldGen: 185269K(185344K)->185277K(185344K)
[634.447s][info][gc,metaspace   ] GC(1779) Metaspace: 35541K(36352K)->35541K(36352K) NonClass: 26326K(26944K)->26326K(26944K) Class: 9215K(9408K)->9215K(9408K)
[634.447s][info][gc             ] GC(1779) Pause Young (Allocation Failure) 365M->180M(359M) 1.820ms
[634.447s][info][gc,cpu         ] GC(1779) User=0.00s Sys=0.00s Real=0.01s
[634.686s][info][gc,start       ] GC(1780) Pause Young (Allocation Failure)
[634.687s][info][gc,heap        ] GC(1780) PSYoungGen: 182304K(182784K)->64K(182272K) Eden: 182272K(182272K)->0K(176128K) From: 32K(512K)->64K(6144K)
[634.687s][info][gc,heap        ] GC(1780) ParOldGen: 185277K(185344K)->185293K(185344K)
[634.687s][info][gc,metaspace   ] GC(1780) Metaspace: 35541K(36352K)->35541K(36352K) NonClass: 26326K(26944K)->26326K(26944K) Class: 9215K(9408K)->9215K(9408K)
[634.687s][info][gc             ] GC(1780) Pause Young (Allocation Failure) 358M->181M(359M) 1.196ms
[634.687s][info][gc,cpu         ] GC(1780) User=0.00s Sys=0.00s Real=0.01s
[634.930s][info][gc,start       ] GC(1781) Pause Young (Allocation Failure)
[634.961s][info][gc,heap        ] GC(1781) PSYoungGen: 176192K(182272K)->5632K(216064K) Eden: 176128K(176128K)->0K(210432K) From: 64K(6144K)->5632K(5632K)
[634.961s][info][gc,heap        ] GC(1781) ParOldGen: 185293K(185344K)->195437K(195584K)
[634.961s][info][gc,metaspace   ] GC(1781) Metaspace: 35541K(36352K)->35541K(36352K) NonClass: 26326K(26944K)->26326K(26944K) Class: 9215K(9408K)->9215K(9408K)
[634.961s][info][gc             ] GC(1781) Pause Young (Allocation Failure) 353M->196M(402M) 30.966ms
[634.961s][info][gc,cpu         ] GC(1781) User=0.05s Sys=0.00s Real=0.03s
[635.205s][info][gc,start       ] GC(1782) Pause Young (Allocation Failure)
[635.250s][info][gc,heap        ] GC(1782) PSYoungGen: 216064K(216064K)->10752K(251904K) Eden: 210432K(210432K)->0K(241152K) From: 5632K(5632K)->10752K(10752K)
[635.250s][info][gc,heap        ] GC(1782) ParOldGen: 195437K(195584K)->208637K(208896K)
[635.250s][info][gc,metaspace   ] GC(1782) Metaspace: 35541K(36352K)->35541K(36352K) NonClass: 26326K(26944K)->26326K(26944K) Class: 9215K(9408K)->9215K(9408K)
[635.250s][info][gc             ] GC(1782) Pause Young (Allocation Failure) 401M->214M(450M) 44.945ms
[635.250s][info][gc,cpu         ] GC(1782) User=0.07s Sys=0.02s Real=0.05s
[635.498s][info][gc,start       ] GC(1783) Pause Young (Allocation Failure)
[635.546s][info][gc,heap        ] GC(1783) PSYoungGen: 251904K(251904K)->17920K(264192K) Eden: 241152K(241152K)->0K(246272K) From: 10752K(10752K)->17920K(17920K)
[635.546s][info][gc,heap        ] GC(1783) ParOldGen: 208637K(208896K)->214253K(214528K)
[635.546s][info][gc,metaspace   ] GC(1783) Metaspace: 35541K(36352K)->35541K(36352K) NonClass: 26326K(26944K)->26326K(26944K) Class: 9215K(9408K)->9215K(9408K)
[635.546s][info][gc             ] GC(1783) Pause Young (Allocation Failure) 449M->226M(467M) 48.289ms
[635.546s][info][gc,cpu         ] GC(1783) User=0.08s Sys=0.01s Real=0.04s
[635.621s][info][gc,start       ] GC(1784) Pause Young (Allocation Failure)
[635.623s][info][gc,heap        ] GC(1784) PSYoungGen: 264192K(264192K)->64K(270336K) Eden: 246272K(246272K)->0K(246272K) From: 17920K(17920K)->64K(24064K)
[635.623s][info][gc,heap        ] GC(1784) ParOldGen: 214253K(214528K)->214405K(214528K)
[635.623s][info][gc,metaspace   ] GC(1784) Metaspace: 35541K(36352K)->35541K(36352K) NonClass: 26326K(26944K)->26326K(26944K) Class: 9215K(9408K)->9215K(9408K)
[635.623s][info][gc             ] GC(1784) Pause Young (Allocation Failure) 467M->209M(473M) 2.449ms
[635.623s][info][gc,cpu         ] GC(1784) User=0.00s Sys=0.00s Real=0.00s
[636.130s][info][gc,start       ] GC(1785) Pause Young (Allocation Failure)
[636.131s][info][gc,heap        ] GC(1785) PSYoungGen: 246336K(270336K)->64K(307712K) Eden: 246272K(246272K)->0K(286720K) From: 64K(24064K)->64K(20992K)
[636.131s][info][gc,heap        ] GC(1785) ParOldGen: 214405K(214528K)->214413K(214528K)
[636.131s][info][gc,metaspace   ] GC(1785) Metaspace: 35541K(36352K)->35541K(36352K) NonClass: 26326K(26944K)->26326K(26944K) Class: 9215K(9408K)->9215K(9408K)
[636.131s][info][gc             ] GC(1785) Pause Young (Allocation Failure) 449M->209M(510M) 0.996ms
[636.131s][info][gc,cpu         ] GC(1785) User=0.00s Sys=0.00s Real=0.00s
[636.569s][info][gc,start       ] GC(1786) Pause Young (Allocation Failure)
[636.570s][info][gc,heap        ] GC(1786) PSYoungGen: 286784K(307712K)->64K(309248K) Eden: 286720K(286720K)->0K(286720K) From: 64K(20992K)->64K(22528K)
[636.570s][info][gc,heap        ] GC(1786) ParOldGen: 214413K(214528K)->214421K(214528K)
[636.570s][info][gc,metaspace   ] GC(1786) Metaspace: 35541K(36352K)->35541K(36352K) NonClass: 26326K(26944K)->26326K(26944K) Class: 9215K(9408K)->9215K(9408K)
[636.570s][info][gc             ] GC(1786) Pause Young (Allocation Failure) 489M->209M(511M) 1.002ms
[636.570s][info][gc,cpu         ] GC(1786) User=0.00s Sys=0.00s Real=0.00s
[637.017s][info][gc,start       ] GC(1787) Pause Young (Allocation Failure)
[637.018s][info][gc,heap        ] GC(1787) PSYoungGen: 286784K(309248K)->64K(308736K) Eden: 286720K(286720K)->0K(289792K) From: 64K(22528K)->64K(18944K)
[637.018s][info][gc,heap        ] GC(1787) ParOldGen: 214421K(214528K)->214437K(214528K)
[637.018s][info][gc,metaspace   ] GC(1787) Metaspace: 35541K(36352K)->35541K(36352K) NonClass: 26326K(26944K)->26326K(26944K) Class: 9215K(9408K)->9215K(9408K)
[637.018s][info][gc             ] GC(1787) Pause Young (Allocation Failure) 489M->209M(511M) 0.994ms
[637.018s][info][gc,cpu         ] GC(1787) User=0.00s Sys=0.00s Real=0.00s
[637.257s][info][gc,start       ] GC(1788) Pause Young (Allocation Failure)
[637.258s][info][gc,heap        ] GC(1788) PSYoungGen: 289856K(308736K)->64K(310272K) Eden: 289792K(289792K)->0K(289792K) From: 64K(18944K)->64K(20480K)
[637.258s][info][gc,heap        ] GC(1788) ParOldGen: 214437K(214528K)->214453K(214528K)
[637.258s][info][gc,metaspace   ] GC(1788) Metaspace: 35541K(36352K)->35541K(36352K) NonClass: 26326K(26944K)->26326K(26944K) Class: 9215K(9408K)->9215K(9408K)
[637.258s][info][gc             ] GC(1788) Pause Young (Allocation Failure) 492M->209M(512M) 1.005ms
[637.258s][info][gc,cpu         ] GC(1788) User=0.00s Sys=0.00s Real=0.00s
[637.614s][info][gc,start       ] GC(1789) Pause Young (Allocation Failure)
[637.615s][info][gc,heap        ] GC(1789) PSYoungGen: 289856K(310272K)->64K(311808K) Eden: 289792K(289792K)->0K(293888K) From: 64K(20480K)->64K(17920K)
[637.615s][info][gc,heap        ] GC(1789) ParOldGen: 214453K(214528K)->214453K(214528K)
[637.615s][info][gc,metaspace   ] GC(1789) Metaspace: 35541K(36352K)->35541K(36352K) NonClass: 26326K(26944K)->26326K(26944K) Class: 9215K(9408K)->9215K(9408K)
[637.615s][info][gc             ] GC(1789) Pause Young (Allocation Failure) 492M->209M(514M) 0.914ms
[637.615s][info][gc,cpu         ] GC(1789) User=0.00s Sys=0.00s Real=0.00s
[637.736s][info][gc,start       ] GC(1790) Pause Young (Allocation Failure)
[637.736s][info][gc,heap        ] GC(1790) PSYoungGen: 293952K(311808K)->64K(312832K) Eden: 293888K(293888K)->0K(293888K) From: 64K(17920K)->64K(18944K)
[637.736s][info][gc,heap        ] GC(1790) ParOldGen: 214453K(214528K)->214461K(214528K)
[637.736s][info][gc,metaspace   ] GC(1790) Metaspace: 35541K(36352K)->35541K(36352K) NonClass: 26326K(26944K)->26326K(26944K) Class: 9215K(9408K)->9215K(9408K)
[637.736s][info][gc             ] GC(1790) Pause Young (Allocation Failure) 496M->209M(515M) 0.922ms
[637.736s][info][gc,cpu         ] GC(1790) User=0.00s Sys=0.00s Real=0.00s
[637.786s][info][gc,start       ] GC(1791) Pause Young (Allocation Failure)
[637.787s][info][gc,heap        ] GC(1791) PSYoungGen: 293952K(312832K)->64K(312832K) Eden: 293888K(293888K)->0K(296960K) From: 64K(18944K)->64K(15872K)
[637.787s][info][gc,heap        ] GC(1791) ParOldGen: 214461K(214528K)->214477K(214528K)
[637.787s][info][gc,metaspace   ] GC(1791) Metaspace: 35541K(36352K)->35541K(36352K) NonClass: 26326K(26944K)->26326K(26944K) Class: 9215K(9408K)->9215K(9408K)
[637.787s][info][gc             ] GC(1791) Pause Young (Allocation Failure) 496M->209M(515M) 0.873ms
[637.787s][info][gc,cpu         ] GC(1791) User=0.00s Sys=0.00s Real=0.01s
[637.940s][info][gc,start       ] GC(1792) Pause Young (Allocation Failure)
[637.941s][info][gc,heap        ] GC(1792) PSYoungGen: 297024K(312832K)->64K(313856K) Eden: 296960K(296960K)->0K(296960K) From: 64K(15872K)->64K(16896K)
[637.941s][info][gc,heap        ] GC(1792) ParOldGen: 214477K(214528K)->214477K(214528K)
[637.941s][info][gc,metaspace   ] GC(1792) Metaspace: 35541K(36352K)->35541K(36352K) NonClass: 26326K(26944K)->26326K(26944K) Class: 9215K(9408K)->9215K(9408K)
[637.941s][info][gc             ] GC(1792) Pause Young (Allocation Failure) 499M->209M(516M) 0.907ms
[637.941s][info][gc,cpu         ] GC(1792) User=0.00s Sys=0.00s Real=0.00s
[638.185s][info][gc,start       ] GC(1793) Pause Young (Allocation Failure)
[638.186s][info][gc,heap        ] GC(1793) PSYoungGen: 297024K(313856K)->64K(314880K) Eden: 296960K(296960K)->0K(301056K) From: 64K(16896K)->64K(13824K)
[638.186s][info][gc,heap        ] GC(1793) ParOldGen: 214477K(214528K)->214485K(214528K)
[638.186s][info][gc,metaspace   ] GC(1793) Metaspace: 35541K(36352K)->35541K(36352K) NonClass: 26326K(26944K)->26326K(26944K) Class: 9215K(9408K)->9215K(9408K)
[638.186s][info][gc             ] GC(1793) Pause Young (Allocation Failure) 499M->209M(517M) 1.001ms
[638.186s][info][gc,cpu         ] GC(1793) User=0.00s Sys=0.00s Real=0.00s
[638.332s][info][gc,start       ] GC(1794) Pause Young (Allocation Failure)
[638.333s][info][gc,heap        ] GC(1794) PSYoungGen: 301120K(314880K)->64K(315904K) Eden: 301056K(301056K)->0K(301056K) From: 64K(13824K)->64K(14848K)
[638.333s][info][gc,heap        ] GC(1794) ParOldGen: 214485K(214528K)->214493K(214528K)
[638.333s][info][gc,metaspace   ] GC(1794) Metaspace: 35541K(36352K)->35541K(36352K) NonClass: 26326K(26944K)->26326K(26944K) Class: 9215K(9408K)->9215K(9408K)
[638.333s][info][gc             ] GC(1794) Pause Young (Allocation Failure) 503M->209M(518M) 0.959ms
[638.333s][info][gc,cpu         ] GC(1794) User=0.00s Sys=0.00s Real=0.00s
[638.426s][info][gc,start       ] GC(1795) Pause Young (Allocation Failure)
[638.427s][info][gc,heap        ] GC(1795) PSYoungGen: 301120K(315904K)->64K(317952K) Eden: 301056K(301056K)->0K(305152K) From: 64K(14848K)->64K(12800K)
[638.427s][info][gc,heap        ] GC(1795) ParOldGen: 214493K(214528K)->214501K(214528K)
[638.427s][info][gc,metaspace   ] GC(1795) Metaspace: 35541K(36352K)->35541K(36352K) NonClass: 26326K(26944K)->26326K(26944K) Class: 9215K(9408K)->9215K(9408K)
[638.427s][info][gc             ] GC(1795) Pause Young (Allocation Failure) 503M->209M(520M) 0.821ms
[638.427s][info][gc,cpu         ] GC(1795) User=0.00s Sys=0.00s Real=0.00s
[638.614s][info][gc,start       ] GC(1796) Pause Young (Allocation Failure)
[638.615s][info][gc,heap        ] GC(1796) PSYoungGen: 305216K(317952K)->64K(293376K) Eden: 305152K(305152K)->0K(292864K) From: 64K(12800K)->64K(512K)
[638.615s][info][gc,heap        ] GC(1796) ParOldGen: 214501K(214528K)->214509K(214528K)
[638.615s][info][gc,metaspace   ] GC(1796) Metaspace: 35541K(36352K)->35541K(36352K) NonClass: 26326K(26944K)->26326K(26944K) Class: 9215K(9408K)->9215K(9408K)
[638.615s][info][gc             ] GC(1796) Pause Young (Allocation Failure) 507M->209M(496M) 0.898ms
[638.615s][info][gc,cpu         ] GC(1796) User=0.00s Sys=0.01s Real=0.00s
[639.469s][info][gc,start       ] GC(1797) Pause Young (Allocation Failure)
[639.470s][info][gc,heap        ] GC(1797) PSYoungGen: 292928K(293376K)->64K(281600K) Eden: 292864K(292864K)->0K(281088K) From: 64K(512K)->64K(512K)
[639.470s][info][gc,heap        ] GC(1797) ParOldGen: 214509K(214528K)->214517K(214528K)
[639.470s][info][gc,metaspace   ] GC(1797) Metaspace: 35541K(36352K)->35541K(36352K) NonClass: 26326K(26944K)->26326K(26944K) Class: 9215K(9408K)->9215K(9408K)
[639.470s][info][gc             ] GC(1797) Pause Young (Allocation Failure) 495M->209M(484M) 0.950ms
[639.470s][info][gc,cpu         ] GC(1797) User=0.00s Sys=0.00s Real=0.00s
[640.324s][info][gc,start       ] GC(1798) Pause Young (Allocation Failure)
[640.325s][info][gc,heap        ] GC(1798) PSYoungGen: 281152K(281600K)->64K(282112K) Eden: 281088K(281088K)->0K(270336K) From: 64K(512K)->64K(11776K)
[640.325s][info][gc,heap        ] GC(1798) ParOldGen: 214517K(214528K)->214525K(214528K)
[640.325s][info][gc,metaspace   ] GC(1798) Metaspace: 35541K(36352K)->35541K(36352K) NonClass: 26326K(26944K)->26326K(26944K) Class: 9215K(9408K)->9215K(9408K)
[640.325s][info][gc             ] GC(1798) Pause Young (Allocation Failure) 484M->209M(485M) 0.856ms
[640.325s][info][gc,cpu         ] GC(1798) User=0.00s Sys=0.00s Real=0.00s
[640.739s][info][gc,start       ] GC(1799) Pause Young (Allocation Failure)
[640.741s][info][gc,heap        ] GC(1799) PSYoungGen: 270400K(282112K)->64K(260608K) Eden: 270336K(270336K)->0K(260096K) From: 64K(11776K)->64K(512K)
[640.741s][info][gc,heap        ] GC(1799) ParOldGen: 214525K(214528K)->214533K(215040K)
[640.741s][info][gc,metaspace   ] GC(1799) Metaspace: 35541K(36352K)->35541K(36352K) NonClass: 26326K(26944K)->26326K(26944K) Class: 9215K(9408K)->9215K(9408K)
[640.741s][info][gc             ] GC(1799) Pause Young (Allocation Failure) 473M->209M(464M) 1.448ms
[640.741s][info][gc,cpu         ] GC(1799) User=0.01s Sys=0.00s Real=0.00s
[641.723s][info][gc,start       ] GC(1800) Pause Young (Allocation Failure)
[641.724s][info][gc,heap        ] GC(1800) PSYoungGen: 260160K(260608K)->64K(260608K) Eden: 260096K(260096K)->0K(250368K) From: 64K(512K)->64K(10240K)
[641.724s][info][gc,heap        ] GC(1800) ParOldGen: 214533K(215040K)->214541K(215040K)
[641.724s][info][gc,metaspace   ] GC(1800) Metaspace: 35541K(36352K)->35541K(36352K) NonClass: 26326K(26944K)->26326K(26944K) Class: 9215K(9408K)->9215K(9408K)
[641.724s][info][gc             ] GC(1800) Pause Young (Allocation Failure) 463M->209M(464M) 0.923ms
[641.724s][info][gc,cpu         ] GC(1800) User=0.01s Sys=0.00s Real=0.00s
[642.100s][info][gc,start       ] GC(1801) Pause Young (Allocation Failure)
[642.101s][info][gc,heap        ] GC(1801) PSYoungGen: 250432K(260608K)->64K(241152K) Eden: 250368K(250368K)->0K(240640K) From: 64K(10240K)->64K(512K)
[642.101s][info][gc,heap        ] GC(1801) ParOldGen: 214541K(215040K)->214549K(215040K)
[642.101s][info][gc,metaspace   ] GC(1801) Metaspace: 35541K(36352K)->35541K(36352K) NonClass: 26326K(26944K)->26326K(26944K) Class: 9215K(9408K)->9215K(9408K)
[642.101s][info][gc             ] GC(1801) Pause Young (Allocation Failure) 454M->209M(445M) 1.544ms
[642.101s][info][gc,cpu         ] GC(1801) User=0.00s Sys=0.00s Real=0.00s
[642.276s][info][gc,start       ] GC(1802) Pause Young (Allocation Failure)
[642.277s][info][gc,heap        ] GC(1802) PSYoungGen: 240704K(241152K)->64K(240128K) Eden: 240640K(240640K)->0K(231424K) From: 64K(512K)->64K(8704K)
[642.277s][info][gc,heap        ] GC(1802) ParOldGen: 214549K(215040K)->214557K(215040K)
[642.277s][info][gc,metaspace   ] GC(1802) Metaspace: 35541K(36352K)->35541K(36352K) NonClass: 26326K(26944K)->26326K(26944K) Class: 9215K(9408K)->9215K(9408K)
[642.277s][info][gc             ] GC(1802) Pause Young (Allocation Failure) 444M->209M(444M) 0.855ms
[642.277s][info][gc,cpu         ] GC(1802) User=0.00s Sys=0.00s Real=0.01s
[642.355s][info][gc,start       ] GC(1803) Pause Young (Allocation Failure)
[642.356s][info][gc,heap        ] GC(1803) PSYoungGen: 231488K(240128K)->64K(223232K) Eden: 231424K(231424K)->0K(222720K) From: 64K(8704K)->64K(512K)
[642.356s][info][gc,heap        ] GC(1803) ParOldGen: 214557K(215040K)->214565K(215040K)
[642.356s][info][gc,metaspace   ] GC(1803) Metaspace: 35541K(36352K)->35541K(36352K) NonClass: 26326K(26944K)->26326K(26944K) Class: 9215K(9408K)->9215K(9408K)
[642.356s][info][gc             ] GC(1803) Pause Young (Allocation Failure) 435M->209M(428M) 1.362ms
[642.356s][info][gc,cpu         ] GC(1803) User=0.00s Sys=0.00s Real=0.00s
[642.858s][info][gc,start       ] GC(1804) Pause Young (Allocation Failure)
[642.859s][info][gc,heap        ] GC(1804) PSYoungGen: 222784K(223232K)->64K(222208K) Eden: 222720K(222720K)->0K(214528K) From: 64K(512K)->64K(7680K)
[642.859s][info][gc,heap        ] GC(1804) ParOldGen: 214565K(215040K)->214573K(215040K)
[642.859s][info][gc,metaspace   ] GC(1804) Metaspace: 35541K(36352K)->35541K(36352K) NonClass: 26326K(26944K)->26326K(26944K) Class: 9215K(9408K)->9215K(9408K)
[642.859s][info][gc             ] GC(1804) Pause Young (Allocation Failure) 427M->209M(427M) 0.819ms
[642.859s][info][gc,cpu         ] GC(1804) User=0.01s Sys=0.00s Real=0.00s
[643.051s][info][gc,start       ] GC(1805) Pause Young (Allocation Failure)
[643.052s][info][gc,heap        ] GC(1805) PSYoungGen: 214592K(222208K)->64K(207360K) Eden: 214528K(214528K)->0K(206848K) From: 64K(7680K)->64K(512K)
[643.052s][info][gc,heap        ] GC(1805) ParOldGen: 214573K(215040K)->214581K(215040K)
[643.052s][info][gc,metaspace   ] GC(1805) Metaspace: 35541K(36352K)->35541K(36352K) NonClass: 26326K(26944K)->26326K(26944K) Class: 9215K(9408K)->9215K(9408K)
[643.052s][info][gc             ] GC(1805) Pause Young (Allocation Failure) 419M->209M(412M) 1.273ms
[643.052s][info][gc,cpu         ] GC(1805) User=0.00s Sys=0.00s Real=0.00s
[643.368s][info][gc,start       ] GC(1806) Pause Young (Allocation Failure)
[643.383s][info][gc,heap        ] GC(1806) PSYoungGen: 206911K(207360K)->6656K(251904K) Eden: 206847K(206848K)->0K(245248K) From: 64K(512K)->6656K(6656K)
[643.383s][info][gc,heap        ] GC(1806) ParOldGen: 214581K(215040K)->216629K(217088K)
[643.383s][info][gc,metaspace   ] GC(1806) Metaspace: 35541K(36352K)->35541K(36352K) NonClass: 26326K(26944K)->26326K(26944K) Class: 9215K(9408K)->9215K(9408K)
[643.383s][info][gc             ] GC(1806) Pause Young (Allocation Failure) 411M->218M(458M) 15.081ms
[643.383s][info][gc,cpu         ] GC(1806) User=0.03s Sys=0.00s Real=0.01s
[643.668s][info][gc,start       ] GC(1807) Pause Young (Allocation Failure)
[643.721s][info][gc,heap        ] GC(1807) PSYoungGen: 251904K(251904K)->6656K(256512K) Eden: 245248K(245248K)->0K(249856K) From: 6656K(6656K)->6656K(6656K)
[643.721s][info][gc,heap        ] GC(1807) ParOldGen: 216629K(217088K)->237629K(238080K)
[643.721s][info][gc,metaspace   ] GC(1807) Metaspace: 35541K(36352K)->35541K(36352K) NonClass: 26326K(26944K)->26326K(26944K) Class: 9215K(9408K)->9215K(9408K)
[643.721s][info][gc             ] GC(1807) Pause Young (Allocation Failure) 457M->238M(483M) 53.123ms
[643.721s][info][gc,cpu         ] GC(1807) User=0.09s Sys=0.02s Real=0.05s
[643.998s][info][gc,start       ] GC(1808) Pause Young (Allocation Failure)
[644.046s][info][gc,heap        ] GC(1808) PSYoungGen: 256512K(256512K)->17920K(267776K) Eden: 249856K(249856K)->0K(249856K) From: 6656K(6656K)->17920K(17920K)
[644.046s][info][gc,heap        ] GC(1808) ParOldGen: 237629K(238080K)->246605K(246784K)
[644.046s][info][gc,metaspace   ] GC(1808) Metaspace: 35541K(36352K)->35541K(36352K) NonClass: 26326K(26944K)->26326K(26944K) Class: 9215K(9408K)->9215K(9408K)
[644.046s][info][gc             ] GC(1808) Pause Young (Allocation Failure) 482M->258M(502M) 48.264ms
[644.046s][info][gc,cpu         ] GC(1808) User=0.09s Sys=0.00s Real=0.04s
[644.117s][info][gc,start       ] GC(1809) Pause Young (Allocation Failure)
[644.120s][info][gc,heap        ] GC(1809) PSYoungGen: 267776K(267776K)->64K(309760K) Eden: 249856K(249856K)->0K(284672K) From: 17920K(17920K)->64K(25088K)
[644.120s][info][gc,heap        ] GC(1809) ParOldGen: 246605K(246784K)->246845K(247296K)
[644.120s][info][gc,metaspace   ] GC(1809) Metaspace: 35541K(36352K)->35541K(36352K) NonClass: 26326K(26944K)->26326K(26944K) Class: 9215K(9408K)->9215K(9408K)
[644.120s][info][gc             ] GC(1809) Pause Young (Allocation Failure) 502M->241M(544M) 3.393ms
[644.120s][info][gc,cpu         ] GC(1809) User=0.01s Sys=0.00s Real=0.00s
[644.696s][info][gc,start       ] GC(1810) Pause Young (Allocation Failure)
[644.697s][info][gc,heap        ] GC(1810) PSYoungGen: 284736K(309760K)->64K(285184K) Eden: 284672K(284672K)->0K(284672K) From: 64K(25088K)->64K(512K)
[644.697s][info][gc,heap        ] GC(1810) ParOldGen: 246845K(247296K)->246853K(247296K)
[644.697s][info][gc,metaspace   ] GC(1810) Metaspace: 35541K(36352K)->35541K(36352K) NonClass: 26326K(26944K)->26326K(26944K) Class: 9215K(9408K)->9215K(9408K)
[644.697s][info][gc             ] GC(1810) Pause Young (Allocation Failure) 519M->241M(520M) 1.064ms
[644.697s][info][gc,cpu         ] GC(1810) User=0.00s Sys=0.00s Real=0.01s
[645.092s][info][gc,start       ] GC(1811) Pause Young (Allocation Failure)
[645.093s][info][gc,heap        ] GC(1811) PSYoungGen: 284736K(285184K)->64K(309248K) Eden: 284672K(284672K)->0K(285696K) From: 64K(512K)->64K(23552K)
[645.093s][info][gc,heap        ] GC(1811) ParOldGen: 246853K(247296K)->246861K(247296K)
[645.093s][info][gc,metaspace   ] GC(1811) Metaspace: 35541K(36352K)->35541K(36352K) NonClass: 26326K(26944K)->26326K(26944K) Class: 9215K(9408K)->9215K(9408K)
[645.093s][info][gc             ] GC(1811) Pause Young (Allocation Failure) 519M->241M(543M) 1.020ms
[645.093s][info][gc,cpu         ] GC(1811) User=0.00s Sys=0.00s Real=0.00s
[645.546s][info][gc,start       ] GC(1812) Pause Young (Allocation Failure)
[645.547s][info][gc,heap        ] GC(1812) PSYoungGen: 285760K(309248K)->64K(308224K) Eden: 285696K(285696K)->0K(285696K) From: 64K(23552K)->64K(22528K)
[645.547s][info][gc,heap        ] GC(1812) ParOldGen: 246861K(247296K)->246877K(247296K)
[645.547s][info][gc,metaspace   ] GC(1812) Metaspace: 35541K(36352K)->35541K(36352K) NonClass: 26326K(26944K)->26326K(26944K) Class: 9215K(9408K)->9215K(9408K)
[645.547s][info][gc             ] GC(1812) Pause Young (Allocation Failure) 520M->241M(542M) 1.056ms
[645.547s][info][gc,cpu         ] GC(1812) User=0.00s Sys=0.00s Real=0.01s
[645.780s][info][gc,start       ] GC(1813) Pause Young (Allocation Failure)
[645.781s][info][gc,heap        ] GC(1813) PSYoungGen: 285760K(308224K)->64K(310272K) Eden: 285696K(285696K)->0K(288768K) From: 64K(22528K)->64K(21504K)
[645.781s][info][gc,heap        ] GC(1813) ParOldGen: 246877K(247296K)->246893K(247296K)
[645.781s][info][gc,metaspace   ] GC(1813) Metaspace: 35541K(36352K)->35541K(36352K) NonClass: 26326K(26944K)->26326K(26944K) Class: 9215K(9408K)->9215K(9408K)
[645.781s][info][gc             ] GC(1813) Pause Young (Allocation Failure) 520M->241M(544M) 0.982ms
[645.781s][info][gc,cpu         ] GC(1813) User=0.00s Sys=0.00s Real=0.00s
[646.143s][info][gc,start       ] GC(1814) Pause Young (Allocation Failure)
[646.144s][info][gc,heap        ] GC(1814) PSYoungGen: 288832K(310272K)->64K(309248K) Eden: 288768K(288768K)->0K(288768K) From: 64K(21504K)->64K(20480K)
[646.144s][info][gc,heap        ] GC(1814) ParOldGen: 246893K(247296K)->246893K(247296K)
[646.144s][info][gc,metaspace   ] GC(1814) Metaspace: 35541K(36352K)->35541K(36352K) NonClass: 26326K(26944K)->26326K(26944K) Class: 9215K(9408K)->9215K(9408K)
[646.144s][info][gc             ] GC(1814) Pause Young (Allocation Failure) 523M->241M(543M) 0.992ms
[646.144s][info][gc,cpu         ] GC(1814) User=0.00s Sys=0.00s Real=0.00s
[646.248s][info][gc,start       ] GC(1815) Pause Young (Allocation Failure)
[646.249s][info][gc,heap        ] GC(1815) PSYoungGen: 288832K(309248K)->64K(312320K) Eden: 288768K(288768K)->0K(292864K) From: 64K(20480K)->64K(19456K)
[646.249s][info][gc,heap        ] GC(1815) ParOldGen: 246893K(247296K)->246901K(247296K)
[646.249s][info][gc,metaspace   ] GC(1815) Metaspace: 35541K(36352K)->35541K(36352K) NonClass: 26326K(26944K)->26326K(26944K) Class: 9215K(9408K)->9215K(9408K)
[646.249s][info][gc             ] GC(1815) Pause Young (Allocation Failure) 523M->241M(546M) 0.980ms
[646.249s][info][gc,cpu         ] GC(1815) User=0.00s Sys=0.00s Real=0.00s
[646.302s][info][gc,start       ] GC(1816) Pause Young (Allocation Failure)
[646.303s][info][gc,heap        ] GC(1816) PSYoungGen: 292928K(312320K)->64K(311296K) Eden: 292864K(292864K)->0K(292864K) From: 64K(19456K)->64K(18432K)
[646.303s][info][gc,heap        ] GC(1816) ParOldGen: 246901K(247296K)->246917K(247296K)
[646.303s][info][gc,metaspace   ] GC(1816) Metaspace: 35541K(36352K)->35541K(36352K) NonClass: 26326K(26944K)->26326K(26944K) Class: 9215K(9408K)->9215K(9408K)
[646.303s][info][gc             ] GC(1816) Pause Young (Allocation Failure) 527M->241M(545M) 0.953ms
[646.303s][info][gc,cpu         ] GC(1816) User=0.00s Sys=0.00s Real=0.00s
[646.455s][info][gc,start       ] GC(1817) Pause Young (Allocation Failure)
[646.456s][info][gc,heap        ] GC(1817) PSYoungGen: 292928K(311296K)->64K(314368K) Eden: 292864K(292864K)->0K(296960K) From: 64K(18432K)->64K(17408K)
[646.456s][info][gc,heap        ] GC(1817) ParOldGen: 246917K(247296K)->246917K(247296K)
[646.456s][info][gc,metaspace   ] GC(1817) Metaspace: 35541K(36352K)->35541K(36352K) NonClass: 26326K(26944K)->26326K(26944K) Class: 9215K(9408K)->9215K(9408K)
[646.456s][info][gc             ] GC(1817) Pause Young (Allocation Failure) 527M->241M(548M) 0.901ms
[646.456s][info][gc,cpu         ] GC(1817) User=0.00s Sys=0.00s Real=0.00s
[646.694s][info][gc,start       ] GC(1818) Pause Young (Allocation Failure)
[646.695s][info][gc,heap        ] GC(1818) PSYoungGen: 297024K(314368K)->64K(313344K) Eden: 296960K(296960K)->0K(296960K) From: 64K(17408K)->64K(16384K)
[646.695s][info][gc,heap        ] GC(1818) ParOldGen: 246917K(247296K)->246925K(247296K)
[646.695s][info][gc,metaspace   ] GC(1818) Metaspace: 35541K(36352K)->35541K(36352K) NonClass: 26326K(26944K)->26326K(26944K) Class: 9215K(9408K)->9215K(9408K)
[646.695s][info][gc             ] GC(1818) Pause Young (Allocation Failure) 531M->241M(547M) 0.971ms
[646.695s][info][gc,cpu         ] GC(1818) User=0.00s Sys=0.00s Real=0.00s
[646.835s][info][gc,start       ] GC(1819) Pause Young (Allocation Failure)
[646.836s][info][gc,heap        ] GC(1819) PSYoungGen: 297024K(313344K)->64K(315904K) Eden: 296960K(296960K)->0K(300544K) From: 64K(16384K)->64K(15360K)
[646.836s][info][gc,heap        ] GC(1819) ParOldGen: 246925K(247296K)->246933K(247296K)
[646.836s][info][gc,metaspace   ] GC(1819) Metaspace: 35541K(36352K)->35541K(36352K) NonClass: 26326K(26944K)->26326K(26944K) Class: 9215K(9408K)->9215K(9408K)
[646.836s][info][gc             ] GC(1819) Pause Young (Allocation Failure) 531M->241M(550M) 0.923ms
[646.836s][info][gc,cpu         ] GC(1819) User=0.00s Sys=0.00s Real=0.00s
[646.932s][info][gc,start       ] GC(1820) Pause Young (Allocation Failure)
[646.933s][info][gc,heap        ] GC(1820) PSYoungGen: 300608K(315904K)->64K(315392K) Eden: 300544K(300544K)->0K(300544K) From: 64K(15360K)->64K(14848K)
[646.933s][info][gc,heap        ] GC(1820) ParOldGen: 246933K(247296K)->246941K(247296K)
[646.933s][info][gc,metaspace   ] GC(1820) Metaspace: 35541K(36352K)->35541K(36352K) NonClass: 26326K(26944K)->26326K(26944K) Class: 9215K(9408K)->9215K(9408K)
[646.933s][info][gc             ] GC(1820) Pause Young (Allocation Failure) 534M->241M(549M) 1.008ms
[646.933s][info][gc,cpu         ] GC(1820) User=0.01s Sys=0.00s Real=0.00s
[647.105s][info][gc,start       ] GC(1821) Pause Young (Allocation Failure)
[647.106s][info][gc,heap        ] GC(1821) PSYoungGen: 300608K(315392K)->64K(289280K) Eden: 300544K(300544K)->0K(288768K) From: 64K(14848K)->64K(512K)
[647.106s][info][gc,heap        ] GC(1821) ParOldGen: 246941K(247296K)->246949K(247296K)
[647.106s][info][gc,metaspace   ] GC(1821) Metaspace: 35541K(36352K)->35541K(36352K) NonClass: 26326K(26944K)->26326K(26944K) Class: 9215K(9408K)->9215K(9408K)
[647.106s][info][gc             ] GC(1821) Pause Young (Allocation Failure) 534M->241M(524M) 0.955ms
[647.106s][info][gc,cpu         ] GC(1821) User=0.00s Sys=0.00s Real=0.00s
[647.968s][info][gc,start       ] GC(1822) Pause Young (Allocation Failure)
[647.969s][info][gc,heap        ] GC(1822) PSYoungGen: 288832K(289280K)->64K(290304K) Eden: 288768K(288768K)->0K(277504K) From: 64K(512K)->64K(12800K)
[647.969s][info][gc,heap        ] GC(1822) ParOldGen: 246949K(247296K)->246957K(247296K)
[647.969s][info][gc,metaspace   ] GC(1822) Metaspace: 35541K(36352K)->35541K(36352K) NonClass: 26326K(26944K)->26326K(26944K) Class: 9215K(9408K)->9215K(9408K)
[647.969s][info][gc             ] GC(1822) Pause Young (Allocation Failure) 523M->241M(525M) 0.919ms
[647.969s][info][gc,cpu         ] GC(1822) User=0.00s Sys=0.00s Real=0.00s
[648.812s][info][gc,start       ] GC(1823) Pause Young (Allocation Failure)
[648.813s][info][gc,heap        ] GC(1823) PSYoungGen: 277568K(290304K)->64K(267264K) Eden: 277504K(277504K)->0K(266752K) From: 64K(12800K)->64K(512K)
[648.813s][info][gc,heap        ] GC(1823) ParOldGen: 246957K(247296K)->246965K(247296K)
[648.813s][info][gc,metaspace   ] GC(1823) Metaspace: 35541K(36352K)->35541K(36352K) NonClass: 26326K(26944K)->26326K(26944K) Class: 9215K(9408K)->9215K(9408K)
[648.813s][info][gc             ] GC(1823) Pause Young (Allocation Failure) 512M->241M(502M) 1.055ms
[648.813s][info][gc,cpu         ] GC(1823) User=0.00s Sys=0.00s Real=0.00s
[649.206s][info][gc,start       ] GC(1824) Pause Young (Allocation Failure)
[649.207s][info][gc,heap        ] GC(1824) PSYoungGen: 266816K(267264K)->64K(267776K) Eden: 266752K(266752K)->0K(256512K) From: 64K(512K)->64K(11264K)
[649.207s][info][gc,heap        ] GC(1824) ParOldGen: 246965K(247296K)->246973K(247296K)
[649.207s][info][gc,metaspace   ] GC(1824) Metaspace: 35541K(36352K)->35541K(36352K) NonClass: 26326K(26944K)->26326K(26944K) Class: 9215K(9408K)->9215K(9408K)
[649.207s][info][gc             ] GC(1824) Pause Young (Allocation Failure) 501M->241M(503M) 0.938ms
[649.207s][info][gc,cpu         ] GC(1824) User=0.00s Sys=0.00s Real=0.01s
[650.205s][info][gc,start       ] GC(1825) Pause Young (Allocation Failure)
[650.207s][info][gc,heap        ] GC(1825) PSYoungGen: 256576K(267776K)->64K(247296K) Eden: 256512K(256512K)->0K(246784K) From: 64K(11264K)->64K(512K)
[650.207s][info][gc,heap        ] GC(1825) ParOldGen: 246973K(247296K)->246981K(247296K)
[650.207s][info][gc,metaspace   ] GC(1825) Metaspace: 35541K(36352K)->35541K(36352K) NonClass: 26326K(26944K)->26326K(26944K) Class: 9215K(9408K)->9215K(9408K)
[650.207s][info][gc             ] GC(1825) Pause Young (Allocation Failure) 491M->241M(483M) 1.274ms
[650.207s][info][gc,cpu         ] GC(1825) User=0.00s Sys=0.00s Real=0.00s
[650.579s][info][gc,start       ] GC(1826) Pause Young (Allocation Failure)
[650.580s][info][gc,heap        ] GC(1826) PSYoungGen: 246848K(247296K)->64K(247296K) Eden: 246784K(246784K)->0K(237568K) From: 64K(512K)->64K(9728K)
[650.580s][info][gc,heap        ] GC(1826) ParOldGen: 246981K(247296K)->246989K(247296K)
[650.580s][info][gc,metaspace   ] GC(1826) Metaspace: 35541K(36352K)->35541K(36352K) NonClass: 26326K(26944K)->26326K(26944K) Class: 9215K(9408K)->9215K(9408K)
[650.580s][info][gc             ] GC(1826) Pause Young (Allocation Failure) 482M->241M(483M) 1.191ms
[650.580s][info][gc,cpu         ] GC(1826) User=0.00s Sys=0.00s Real=0.00s
[650.765s][info][gc,start       ] GC(1827) Pause Young (Allocation Failure)
[650.767s][info][gc,heap        ] GC(1827) PSYoungGen: 237632K(247296K)->64K(229376K) Eden: 237568K(237568K)->0K(228864K) From: 64K(9728K)->64K(512K)
[650.767s][info][gc,heap        ] GC(1827) ParOldGen: 246989K(247296K)->247005K(247296K)
[650.767s][info][gc,metaspace   ] GC(1827) Metaspace: 35541K(36352K)->35541K(36352K) NonClass: 26326K(26944K)->26326K(26944K) Class: 9215K(9408K)->9215K(9408K)
[650.767s][info][gc             ] GC(1827) Pause Young (Allocation Failure) 473M->241M(465M) 2.076ms
[650.767s][info][gc,cpu         ] GC(1827) User=0.01s Sys=0.00s Real=0.00s
[650.833s][info][gc,start       ] GC(1828) Pause Young (Allocation Failure)
[650.834s][info][gc,heap        ] GC(1828) PSYoungGen: 228928K(229376K)->64K(228864K) Eden: 228864K(228864K)->0K(220160K) From: 64K(512K)->64K(8704K)
[650.834s][info][gc,heap        ] GC(1828) ParOldGen: 247005K(247296K)->247013K(247296K)
[650.834s][info][gc,metaspace   ] GC(1828) Metaspace: 35541K(36352K)->35541K(36352K) NonClass: 26326K(26944K)->26326K(26944K) Class: 9215K(9408K)->9215K(9408K)
[650.834s][info][gc             ] GC(1828) Pause Young (Allocation Failure) 464M->241M(465M) 1.455ms
[650.834s][info][gc,cpu         ] GC(1828) User=0.00s Sys=0.00s Real=0.00s
[651.277s][info][gc,start       ] GC(1829) Pause Young (Allocation Failure)
[651.279s][info][gc,heap        ] GC(1829) PSYoungGen: 220224K(228864K)->64K(212480K) Eden: 220160K(220160K)->0K(211968K) From: 64K(8704K)->64K(512K)
[651.279s][info][gc,heap        ] GC(1829) ParOldGen: 247013K(247296K)->247021K(247296K)
[651.279s][info][gc,metaspace   ] GC(1829) Metaspace: 35541K(36352K)->35541K(36352K) NonClass: 26326K(26944K)->26326K(26944K) Class: 9215K(9408K)->9215K(9408K)
[651.279s][info][gc             ] GC(1829) Pause Young (Allocation Failure) 456M->241M(449M) 2.159ms
[651.279s][info][gc,cpu         ] GC(1829) User=0.01s Sys=0.00s Real=0.01s
[651.498s][info][gc,start       ] GC(1830) Pause Young (Allocation Failure)
[651.500s][info][gc,heap        ] GC(1830) PSYoungGen: 212032K(212480K)->64K(211456K) Eden: 211968K(211968K)->0K(204288K) From: 64K(512K)->64K(7168K)
[651.500s][info][gc,heap        ] GC(1830) ParOldGen: 247021K(247296K)->247029K(247296K)
[651.500s][info][gc,metaspace   ] GC(1830) Metaspace: 35541K(36352K)->35541K(36352K) NonClass: 26326K(26944K)->26326K(26944K) Class: 9215K(9408K)->9215K(9408K)
[651.500s][info][gc             ] GC(1830) Pause Young (Allocation Failure) 448M->241M(448M) 1.626ms
[651.500s][info][gc,cpu         ] GC(1830) User=0.01s Sys=0.00s Real=0.00s
[651.826s][info][gc,start       ] GC(1831) Pause Young (Allocation Failure)
[651.841s][info][gc,heap        ] GC(1831) PSYoungGen: 204352K(211456K)->4608K(247296K) Eden: 204288K(204288K)->0K(242688K) From: 64K(7168K)->4608K(4608K)
[651.841s][info][gc,heap        ] GC(1831) ParOldGen: 247029K(247296K)->247045K(247296K)
[651.841s][info][gc,metaspace   ] GC(1831) Metaspace: 35541K(36352K)->35541K(36352K) NonClass: 26326K(26944K)->26326K(26944K) Class: 9215K(9408K)->9215K(9408K)
[651.841s][info][gc             ] GC(1831) Pause Young (Allocation Failure) 440M->245M(483M) 14.902ms
[651.841s][info][gc,cpu         ] GC(1831) User=0.02s Sys=0.00s Real=0.02s
[652.122s][info][gc,start       ] GC(1832) Pause Young (Allocation Failure)
[652.176s][info][gc,heap        ] GC(1832) PSYoungGen: 247296K(247296K)->7680K(270336K) Eden: 242688K(242688K)->0K(262656K) From: 4608K(4608K)->7680K(7680K)
[652.176s][info][gc,heap        ] GC(1832) ParOldGen: 247045K(247296K)->266677K(266752K)
[652.176s][info][gc,metaspace   ] GC(1832) Metaspace: 35541K(36352K)->35541K(36352K) NonClass: 26326K(26944K)->26326K(26944K) Class: 9215K(9408K)->9215K(9408K)
[652.176s][info][gc             ] GC(1832) Pause Young (Allocation Failure) 482M->267M(524M) 53.879ms
[652.176s][info][gc,cpu         ] GC(1832) User=0.07s Sys=0.02s Real=0.05s
[652.479s][info][gc,start       ] GC(1833) Pause Young (Allocation Failure)
[652.544s][info][gc,heap        ] GC(1833) PSYoungGen: 270336K(270336K)->16896K(299008K) Eden: 262656K(262656K)->0K(282112K) From: 7680K(7680K)->16896K(16896K)
[652.544s][info][gc,heap        ] GC(1833) ParOldGen: 266677K(266752K)->279853K(280064K)
[652.544s][info][gc,metaspace   ] GC(1833) Metaspace: 35541K(36352K)->35541K(36352K) NonClass: 26326K(26944K)->26326K(26944K) Class: 9215K(9408K)->9215K(9408K)
[652.544s][info][gc             ] GC(1833) Pause Young (Allocation Failure) 524M->289M(565M) 64.624ms
[652.544s][info][gc,cpu         ] GC(1833) User=0.11s Sys=0.02s Real=0.06s
[652.638s][info][gc,start       ] GC(1834) Pause Young (Allocation Failure)
[652.645s][info][gc,heap        ] GC(1834) PSYoungGen: 299008K(299008K)->1248K(307200K) Eden: 282112K(282112K)->0K(282112K) From: 16896K(16896K)->1248K(25088K)
[652.645s][info][gc,heap        ] GC(1834) ParOldGen: 279853K(280064K)->280205K(280576K)
[652.645s][info][gc,metaspace   ] GC(1834) Metaspace: 35541K(36352K)->35541K(36352K) NonClass: 26326K(26944K)->26326K(26944K) Class: 9215K(9408K)->9215K(9408K)
[652.645s][info][gc             ] GC(1834) Pause Young (Allocation Failure) 565M->274M(574M) 7.031ms
[652.645s][info][gc,cpu         ] GC(1834) User=0.02s Sys=0.00s Real=0.00s
[653.228s][info][gc,start       ] GC(1835) Pause Young (Allocation Failure)
[653.229s][info][gc,heap        ] GC(1835) PSYoungGen: 283360K(307200K)->64K(306688K) Eden: 282112K(282112K)->0K(284672K) From: 1248K(25088K)->64K(22016K)
[653.229s][info][gc,heap        ] GC(1835) ParOldGen: 280205K(280576K)->280221K(280576K)
[653.229s][info][gc,metaspace   ] GC(1835) Metaspace: 35541K(36352K)->35541K(36352K) NonClass: 26326K(26944K)->26326K(26944K) Class: 9215K(9408K)->9215K(9408K)
[653.229s][info][gc             ] GC(1835) Pause Young (Allocation Failure) 550M->273M(573M) 1.152ms
[653.229s][info][gc,cpu         ] GC(1835) User=0.00s Sys=0.00s Real=0.00s
[653.621s][info][gc,start       ] GC(1836) Pause Young (Allocation Failure)
[653.622s][info][gc,heap        ] GC(1836) PSYoungGen: 284736K(306688K)->64K(308224K) Eden: 284672K(284672K)->0K(284672K) From: 64K(22016K)->64K(23552K)
[653.622s][info][gc,heap        ] GC(1836) ParOldGen: 280221K(280576K)->280229K(280576K)
[653.622s][info][gc,metaspace   ] GC(1836) Metaspace: 35541K(36352K)->35541K(36352K) NonClass: 26326K(26944K)->26326K(26944K) Class: 9215K(9408K)->9215K(9408K)
[653.622s][info][gc             ] GC(1836) Pause Young (Allocation Failure) 551M->273M(575M) 1.118ms
[653.622s][info][gc,cpu         ] GC(1836) User=0.00s Sys=0.00s Real=0.00s
[654.072s][info][gc,start       ] GC(1837) Pause Young (Allocation Failure)
[654.073s][info][gc,heap        ] GC(1837) PSYoungGen: 284736K(308224K)->64K(307712K) Eden: 284672K(284672K)->0K(287744K) From: 64K(23552K)->64K(19968K)
[654.073s][info][gc,heap        ] GC(1837) ParOldGen: 280229K(280576K)->280245K(280576K)
[654.073s][info][gc,metaspace   ] GC(1837) Metaspace: 35541K(36352K)->35541K(36352K) NonClass: 26326K(26944K)->26326K(26944K) Class: 9215K(9408K)->9215K(9408K)
[654.073s][info][gc             ] GC(1837) Pause Young (Allocation Failure) 551M->273M(574M) 1.027ms
[654.073s][info][gc,cpu         ] GC(1837) User=0.00s Sys=0.00s Real=0.00s
[654.310s][info][gc,start       ] GC(1838) Pause Young (Allocation Failure)
[654.311s][info][gc,heap        ] GC(1838) PSYoungGen: 287808K(307712K)->32K(309248K) Eden: 287744K(287744K)->0K(287744K) From: 64K(19968K)->32K(21504K)
[654.311s][info][gc,heap        ] GC(1838) ParOldGen: 280245K(280576K)->280261K(280576K)
[654.311s][info][gc,metaspace   ] GC(1838) Metaspace: 35541K(36352K)->35541K(36352K) NonClass: 26326K(26944K)->26326K(26944K) Class: 9215K(9408K)->9215K(9408K)
[654.311s][info][gc             ] GC(1838) Pause Young (Allocation Failure) 554M->273M(576M) 1.016ms
[654.311s][info][gc,cpu         ] GC(1838) User=0.00s Sys=0.00s Real=0.00s
[654.669s][info][gc,start       ] GC(1839) Pause Young (Allocation Failure)
[654.670s][info][gc,heap        ] GC(1839) PSYoungGen: 287776K(309248K)->64K(309760K) Eden: 287744K(287744K)->0K(291840K) From: 32K(21504K)->64K(17920K)
[654.670s][info][gc,heap        ] GC(1839) ParOldGen: 280261K(280576K)->280261K(280576K)
[654.670s][info][gc,metaspace   ] GC(1839) Metaspace: 35541K(36352K)->35541K(36352K) NonClass: 26326K(26944K)->26326K(26944K) Class: 9215K(9408K)->9215K(9408K)
[654.670s][info][gc             ] GC(1839) Pause Young (Allocation Failure) 554M->273M(576M) 1.014ms
[654.670s][info][gc,cpu         ] GC(1839) User=0.00s Sys=0.00s Real=0.00s
[654.775s][info][gc,start       ] GC(1840) Pause Young (Allocation Failure)
[654.776s][info][gc,heap        ] GC(1840) PSYoungGen: 291904K(309760K)->64K(311296K) Eden: 291840K(291840K)->0K(291840K) From: 64K(17920K)->64K(19456K)
[654.776s][info][gc,heap        ] GC(1840) ParOldGen: 280261K(280576K)->280269K(280576K)
[654.776s][info][gc,metaspace   ] GC(1840) Metaspace: 35541K(36352K)->35541K(36352K) NonClass: 26326K(26944K)->26326K(26944K) Class: 9215K(9408K)->9215K(9408K)
[654.776s][info][gc             ] GC(1840) Pause Young (Allocation Failure) 558M->273M(578M) 1.096ms
[654.776s][info][gc,cpu         ] GC(1840) User=0.01s Sys=0.00s Real=0.00s
[654.827s][info][gc,start       ] GC(1841) Pause Young (Allocation Failure)
[654.828s][info][gc,heap        ] GC(1841) PSYoungGen: 291904K(311296K)->32K(311808K) Eden: 291840K(291840K)->0K(295936K) From: 64K(19456K)->32K(15872K)
[654.828s][info][gc,heap        ] GC(1841) ParOldGen: 280269K(280576K)->280285K(280576K)
[654.828s][info][gc,metaspace   ] GC(1841) Metaspace: 35541K(36352K)->35541K(36352K) NonClass: 26326K(26944K)->26326K(26944K) Class: 9215K(9408K)->9215K(9408K)
[654.828s][info][gc             ] GC(1841) Pause Young (Allocation Failure) 558M->273M(578M) 1.043ms
[654.828s][info][gc,cpu         ] GC(1841) User=0.00s Sys=0.00s Real=0.01s
[654.991s][info][gc,start       ] GC(1842) Pause Young (Allocation Failure)
[654.992s][info][gc,heap        ] GC(1842) PSYoungGen: 295968K(311808K)->64K(313344K) Eden: 295936K(295936K)->0K(295936K) From: 32K(15872K)->64K(17408K)
[654.992s][info][gc,heap        ] GC(1842) ParOldGen: 280285K(280576K)->280285K(280576K)
[654.992s][info][gc,metaspace   ] GC(1842) Metaspace: 35541K(36352K)->35541K(36352K) NonClass: 26326K(26944K)->26326K(26944K) Class: 9215K(9408K)->9215K(9408K)
[654.992s][info][gc             ] GC(1842) Pause Young (Allocation Failure) 562M->273M(580M) 1.101ms
[654.992s][info][gc,cpu         ] GC(1842) User=0.00s Sys=0.00s Real=0.00s
[655.225s][info][gc,start       ] GC(1843) Pause Young (Allocation Failure)
[655.226s][info][gc,heap        ] GC(1843) PSYoungGen: 296000K(313344K)->64K(314880K) Eden: 295936K(295936K)->0K(300032K) From: 64K(17408K)->64K(14848K)
[655.226s][info][gc,heap        ] GC(1843) ParOldGen: 280285K(280576K)->280293K(280576K)
[655.226s][info][gc,metaspace   ] GC(1843) Metaspace: 35541K(36352K)->35541K(36352K) NonClass: 26326K(26944K)->26326K(26944K) Class: 9215K(9408K)->9215K(9408K)
[655.226s][info][gc             ] GC(1843) Pause Young (Allocation Failure) 562M->273M(581M) 0.989ms
[655.226s][info][gc,cpu         ] GC(1843) User=0.00s Sys=0.00s Real=0.00s
[655.367s][info][gc,start       ] GC(1844) Pause Young (Allocation Failure)
[655.368s][info][gc,heap        ] GC(1844) PSYoungGen: 300096K(314880K)->64K(315904K) Eden: 300032K(300032K)->0K(300032K) From: 64K(14848K)->64K(15872K)
[655.368s][info][gc,heap        ] GC(1844) ParOldGen: 280293K(280576K)->280301K(280576K)
[655.368s][info][gc,metaspace   ] GC(1844) Metaspace: 35541K(36352K)->35541K(36352K) NonClass: 26326K(26944K)->26326K(26944K) Class: 9215K(9408K)->9215K(9408K)
[655.368s][info][gc             ] GC(1844) Pause Young (Allocation Failure) 566M->273M(582M) 1.072ms
[655.368s][info][gc,cpu         ] GC(1844) User=0.00s Sys=0.00s Real=0.01s
[655.463s][info][gc,start       ] GC(1845) Pause Young (Allocation Failure)
[655.464s][info][gc,heap        ] GC(1845) PSYoungGen: 300096K(315904K)->64K(315904K) Eden: 300032K(300032K)->0K(303104K) From: 64K(15872K)->64K(12800K)
[655.464s][info][gc,heap        ] GC(1845) ParOldGen: 280301K(280576K)->280309K(280576K)
[655.464s][info][gc,metaspace   ] GC(1845) Metaspace: 35541K(36352K)->35541K(36352K) NonClass: 26326K(26944K)->26326K(26944K) Class: 9215K(9408K)->9215K(9408K)
[655.464s][info][gc             ] GC(1845) Pause Young (Allocation Failure) 566M->273M(582M) 1.032ms
[655.464s][info][gc,cpu         ] GC(1845) User=0.00s Sys=0.00s Real=0.00s
[655.666s][info][gc,start       ] GC(1846) Pause Young (Allocation Failure)
[655.667s][info][gc,heap        ] GC(1846) PSYoungGen: 303168K(315904K)->64K(316928K) Eden: 303104K(303104K)->0K(303104K) From: 64K(12800K)->64K(13824K)
[655.667s][info][gc,heap        ] GC(1846) ParOldGen: 280309K(280576K)->280317K(280576K)
[655.667s][info][gc,metaspace   ] GC(1846) Metaspace: 35541K(36352K)->35541K(36352K) NonClass: 26326K(26944K)->26326K(26944K) Class: 9215K(9408K)->9215K(9408K)
[655.667s][info][gc             ] GC(1846) Pause Young (Allocation Failure) 569M->273M(583M) 1.097ms
[655.667s][info][gc,cpu         ] GC(1846) User=0.00s Sys=0.00s Real=0.00s
[656.502s][info][gc,start       ] GC(1847) Pause Young (Allocation Failure)
[656.503s][info][gc,heap        ] GC(1847) PSYoungGen: 303168K(316928K)->64K(291328K) Eden: 303104K(303104K)->0K(290816K) From: 64K(13824K)->64K(512K)
[656.503s][info][gc,heap        ] GC(1847) ParOldGen: 280317K(280576K)->280325K(280576K)
[656.503s][info][gc,metaspace   ] GC(1847) Metaspace: 35541K(36352K)->35541K(36352K) NonClass: 26326K(26944K)->26326K(26944K) Class: 9215K(9408K)->9215K(9408K)
[656.503s][info][gc             ] GC(1847) Pause Young (Allocation Failure) 569M->273M(558M) 1.312ms
[656.503s][info][gc,cpu         ] GC(1847) User=0.00s Sys=0.00s Real=0.00s
[657.383s][info][gc,start       ] GC(1848) Pause Young (Allocation Failure)
[657.384s][info][gc,heap        ] GC(1848) PSYoungGen: 290880K(291328K)->64K(291840K) Eden: 290816K(290816K)->0K(279552K) From: 64K(512K)->64K(12288K)
[657.384s][info][gc,heap        ] GC(1848) ParOldGen: 280325K(280576K)->280333K(280576K)
[657.384s][info][gc,metaspace   ] GC(1848) Metaspace: 35541K(36352K)->35541K(36352K) NonClass: 26326K(26944K)->26326K(26944K) Class: 9215K(9408K)->9215K(9408K)
[657.384s][info][gc             ] GC(1848) Pause Young (Allocation Failure) 557M->273M(559M) 1.119ms
[657.384s][info][gc,cpu         ] GC(1848) User=0.00s Sys=0.00s Real=0.00s
[657.837s][info][gc,start       ] GC(1849) Pause Young (Allocation Failure)
[657.839s][info][gc,heap        ] GC(1849) PSYoungGen: 279616K(291840K)->64K(269312K) Eden: 279552K(279552K)->0K(268800K) From: 64K(12288K)->64K(512K)
[657.839s][info][gc,heap        ] GC(1849) ParOldGen: 280333K(280576K)->280341K(280576K)
[657.839s][info][gc,metaspace   ] GC(1849) Metaspace: 35541K(36352K)->35541K(36352K) NonClass: 26326K(26944K)->26326K(26944K) Class: 9215K(9408K)->9215K(9408K)
[657.839s][info][gc             ] GC(1849) Pause Young (Allocation Failure) 546M->273M(537M) 1.783ms
[657.839s][info][gc,cpu         ] GC(1849) User=0.00s Sys=0.01s Real=0.00s
[658.793s][info][gc,start       ] GC(1850) Pause Young (Allocation Failure)
[658.794s][info][gc,heap        ] GC(1850) PSYoungGen: 268864K(269312K)->64K(269312K) Eden: 268800K(268800K)->0K(258560K) From: 64K(512K)->64K(10752K)
[658.794s][info][gc,heap        ] GC(1850) ParOldGen: 280341K(280576K)->280349K(280576K)
[658.794s][info][gc,metaspace   ] GC(1850) Metaspace: 35541K(36352K)->35541K(36352K) NonClass: 26326K(26944K)->26326K(26944K) Class: 9215K(9408K)->9215K(9408K)
[658.794s][info][gc             ] GC(1850) Pause Young (Allocation Failure) 536M->273M(537M) 1.085ms
[658.794s][info][gc,cpu         ] GC(1850) User=0.01s Sys=0.00s Real=0.00s
[659.168s][info][gc,start       ] GC(1851) Pause Young (Allocation Failure)
[659.169s][info][gc,heap        ] GC(1851) PSYoungGen: 258624K(269312K)->64K(249344K) Eden: 258560K(258560K)->0K(248832K) From: 64K(10752K)->64K(512K)
[659.169s][info][gc,heap        ] GC(1851) ParOldGen: 280349K(280576K)->280357K(280576K)
[659.169s][info][gc,metaspace   ] GC(1851) Metaspace: 35541K(36352K)->35541K(36352K) NonClass: 26326K(26944K)->26326K(26944K) Class: 9215K(9408K)->9215K(9408K)
[659.169s][info][gc             ] GC(1851) Pause Young (Allocation Failure) 526M->273M(517M) 1.325ms
[659.169s][info][gc,cpu         ] GC(1851) User=0.00s Sys=0.00s Real=0.00s
[659.322s][info][gc,start       ] GC(1852) Pause Young (Allocation Failure)
[659.322s][info][gc,heap        ] GC(1852) PSYoungGen: 248896K(249344K)->64K(248832K) Eden: 248832K(248832K)->0K(239616K) From: 64K(512K)->64K(9216K)
[659.322s][info][gc,heap        ] GC(1852) ParOldGen: 280357K(280576K)->280365K(280576K)
[659.322s][info][gc,metaspace   ] GC(1852) Metaspace: 35541K(36352K)->35541K(36352K) NonClass: 26326K(26944K)->26326K(26944K) Class: 9215K(9408K)->9215K(9408K)
[659.322s][info][gc             ] GC(1852) Pause Young (Allocation Failure) 516M->273M(517M) 0.898ms
[659.322s][info][gc,cpu         ] GC(1852) User=0.00s Sys=0.00s Real=0.00s
[659.501s][info][gc,start       ] GC(1853) Pause Young (Allocation Failure)
[659.502s][info][gc,heap        ] GC(1853) PSYoungGen: 239680K(248832K)->64K(230912K) Eden: 239616K(239616K)->0K(230400K) From: 64K(9216K)->64K(512K)
[659.502s][info][gc,heap        ] GC(1853) ParOldGen: 280365K(280576K)->280373K(280576K)
[659.502s][info][gc,metaspace   ] GC(1853) Metaspace: 35541K(36352K)->35541K(36352K) NonClass: 26326K(26944K)->26326K(26944K) Class: 9215K(9408K)->9215K(9408K)
[659.502s][info][gc             ] GC(1853) Pause Young (Allocation Failure) 507M->273M(499M) 1.368ms
[659.502s][info][gc,cpu         ] GC(1853) User=0.00s Sys=0.00s Real=0.00s
[659.973s][info][gc,start       ] GC(1854) Pause Young (Allocation Failure)
[659.974s][info][gc,heap        ] GC(1854) PSYoungGen: 230464K(230912K)->64K(229888K) Eden: 230400K(230400K)->0K(221696K) From: 64K(512K)->64K(8192K)
[659.974s][info][gc,heap        ] GC(1854) ParOldGen: 280373K(280576K)->280381K(280576K)
[659.974s][info][gc,metaspace   ] GC(1854) Metaspace: 35541K(36352K)->35541K(36352K) NonClass: 26326K(26944K)->26326K(26944K) Class: 9215K(9408K)->9215K(9408K)
[659.974s][info][gc             ] GC(1854) Pause Young (Allocation Failure) 498M->273M(498M) 0.989ms
[659.974s][info][gc,cpu         ] GC(1854) User=0.00s Sys=0.00s Real=0.00s
[660.215s][info][gc,start       ] GC(1855) Pause Young (Allocation Failure)
[660.217s][info][gc,heap        ] GC(1855) PSYoungGen: 221760K(229888K)->64K(214016K) Eden: 221696K(221696K)->0K(213504K) From: 64K(8192K)->64K(512K)
[660.217s][info][gc,heap        ] GC(1855) ParOldGen: 280381K(280576K)->280389K(280576K)
[660.217s][info][gc,metaspace   ] GC(1855) Metaspace: 35541K(36352K)->35541K(36352K) NonClass: 26326K(26944K)->26326K(26944K) Class: 9215K(9408K)->9215K(9408K)
[660.217s][info][gc             ] GC(1855) Pause Young (Allocation Failure) 490M->273M(483M) 1.701ms
[660.217s][info][gc,cpu         ] GC(1855) User=0.00s Sys=0.00s Real=0.01s
[660.508s][info][gc,start       ] GC(1856) Pause Young (Allocation Failure)
[660.548s][info][gc,heap        ] GC(1856) PSYoungGen: 213568K(214016K)->6656K(261632K) Eden: 213504K(213504K)->0K(254976K) From: 64K(512K)->6656K(6656K)
[660.548s][info][gc,heap        ] GC(1856) ParOldGen: 280389K(280576K)->292733K(292864K)
[660.548s][info][gc,metaspace   ] GC(1856) Metaspace: 35541K(36352K)->35541K(36352K) NonClass: 26326K(26944K)->26326K(26944K) Class: 9215K(9408K)->9215K(9408K)
[660.548s][info][gc             ] GC(1856) Pause Young (Allocation Failure) 482M->292M(541M) 40.271ms
[660.548s][info][gc,cpu         ] GC(1856) User=0.06s Sys=0.01s Real=0.04s
[660.850s][info][gc,start       ] GC(1857) Pause Young (Allocation Failure)
[660.909s][info][gc,heap        ] GC(1857) PSYoungGen: 261632K(261632K)->6656K(263168K) Eden: 254976K(254976K)->0K(256512K) From: 6656K(6656K)->6656K(6656K)
[660.909s][info][gc,heap        ] GC(1857) ParOldGen: 292733K(292864K)->315109K(315392K)
[660.909s][info][gc,metaspace   ] GC(1857) Metaspace: 35541K(36352K)->35541K(36352K) NonClass: 26326K(26944K)->26326K(26944K) Class: 9215K(9408K)->9215K(9408K)
[660.909s][info][gc             ] GC(1857) Pause Young (Allocation Failure) 541M->314M(565M) 59.327ms
[660.909s][info][gc,cpu         ] GC(1857) User=0.11s Sys=0.02s Real=0.06s
[661.094s][info][gc,start       ] GC(1858) Pause Young (Allocation Failure)
[661.121s][info][gc,heap        ] GC(1858) PSYoungGen: 263168K(263168K)->14976K(278528K) Eden: 256512K(256512K)->0K(256512K) From: 6656K(6656K)->14976K(22016K)
[661.121s][info][gc,heap        ] GC(1858) ParOldGen: 315109K(315392K)->315717K(315904K)
[661.121s][info][gc,metaspace   ] GC(1858) Metaspace: 35541K(36352K)->35541K(36352K) NonClass: 26326K(26944K)->26326K(26944K) Class: 9215K(9408K)->9215K(9408K)
[661.121s][info][gc             ] GC(1858) Pause Young (Allocation Failure) 564M->322M(580M) 26.993ms
[661.121s][info][gc,cpu         ] GC(1858) User=0.05s Sys=0.00s Real=0.03s
[661.338s][info][gc,start       ] GC(1859) Pause Young (Allocation Failure)
[661.339s][info][gc,heap        ] GC(1859) PSYoungGen: 271488K(278528K)->64K(310784K) Eden: 256512K(256512K)->0K(286720K) From: 14976K(22016K)->64K(24064K)
[661.339s][info][gc,heap        ] GC(1859) ParOldGen: 315717K(315904K)->315725K(315904K)
[661.339s][info][gc,metaspace   ] GC(1859) Metaspace: 35541K(36352K)->35541K(36352K) NonClass: 26326K(26944K)->26326K(26944K) Class: 9215K(9408K)->9215K(9408K)
[661.339s][info][gc             ] GC(1859) Pause Young (Allocation Failure) 573M->308M(612M) 1.203ms
[661.339s][info][gc,cpu         ] GC(1859) User=0.00s Sys=0.00s Real=0.00s
[661.975s][info][gc,start       ] GC(1860) Pause Young (Allocation Failure)
[661.977s][info][gc,heap        ] GC(1860) PSYoungGen: 286784K(310784K)->64K(287232K) Eden: 286720K(286720K)->0K(286720K) From: 64K(24064K)->64K(512K)
[661.977s][info][gc,heap        ] GC(1860) ParOldGen: 315725K(315904K)->315733K(315904K)
[661.977s][info][gc,metaspace   ] GC(1860) Metaspace: 35543K(36352K)->35543K(36352K) NonClass: 26328K(26944K)->26328K(26944K) Class: 9215K(9408K)->9215K(9408K)
[661.977s][info][gc             ] GC(1860) Pause Young (Allocation Failure) 588M->308M(589M) 1.240ms
[661.977s][info][gc,cpu         ] GC(1860) User=0.00s Sys=0.00s Real=0.00s
[662.446s][info][gc,start       ] GC(1861) Pause Young (Allocation Failure)
[662.447s][info][gc,heap        ] GC(1861) PSYoungGen: 286784K(287232K)->64K(310272K) Eden: 286720K(286720K)->0K(287744K) From: 64K(512K)->64K(22528K)
[662.447s][info][gc,heap        ] GC(1861) ParOldGen: 315733K(315904K)->315749K(315904K)
[662.447s][info][gc,metaspace   ] GC(1861) Metaspace: 35543K(36352K)->35543K(36352K) NonClass: 26328K(26944K)->26328K(26944K) Class: 9215K(9408K)->9215K(9408K)
[662.447s][info][gc             ] GC(1861) Pause Young (Allocation Failure) 588M->308M(611M) 1.147ms
[662.447s][info][gc,cpu         ] GC(1861) User=0.00s Sys=0.00s Real=0.00s
[662.683s][info][gc,start       ] GC(1862) Pause Young (Allocation Failure)
[662.684s][info][gc,heap        ] GC(1862) PSYoungGen: 287808K(310272K)->64K(309248K) Eden: 287744K(287744K)->0K(287744K) From: 64K(22528K)->64K(21504K)
[662.684s][info][gc,heap        ] GC(1862) ParOldGen: 315749K(315904K)->315765K(315904K)
[662.684s][info][gc,metaspace   ] GC(1862) Metaspace: 35543K(36352K)->35543K(36352K) NonClass: 26328K(26944K)->26328K(26944K) Class: 9215K(9408K)->9215K(9408K)
[662.684s][info][gc             ] GC(1862) Pause Young (Allocation Failure) 589M->308M(610M) 1.079ms
[662.684s][info][gc,cpu         ] GC(1862) User=0.00s Sys=0.00s Real=0.00s
[662.920s][info][gc,start       ] GC(1863) Pause Young (Allocation Failure)
[662.921s][info][gc,heap        ] GC(1863) PSYoungGen: 287808K(309248K)->64K(311296K) Eden: 287744K(287744K)->0K(290816K) From: 64K(21504K)->64K(20480K)
[662.921s][info][gc,heap        ] GC(1863) ParOldGen: 315765K(315904K)->315765K(315904K)
[662.921s][info][gc,metaspace   ] GC(1863) Metaspace: 35543K(36352K)->35543K(36352K) NonClass: 26328K(26944K)->26328K(26944K) Class: 9215K(9408K)->9215K(9408K)
[662.921s][info][gc             ] GC(1863) Pause Young (Allocation Failure) 589M->308M(612M) 1.054ms
[662.921s][info][gc,cpu         ] GC(1863) User=0.00s Sys=0.00s Real=0.00s
[663.259s][info][gc,start       ] GC(1864) Pause Young (Allocation Failure)
[663.260s][info][gc,heap        ] GC(1864) PSYoungGen: 290880K(311296K)->64K(310272K) Eden: 290816K(290816K)->0K(290816K) From: 64K(20480K)->64K(19456K)
[663.260s][info][gc,heap        ] GC(1864) ParOldGen: 315765K(315904K)->315765K(315904K)
[663.260s][info][gc,metaspace   ] GC(1864) Metaspace: 35543K(36352K)->35543K(36352K) NonClass: 26328K(26944K)->26328K(26944K) Class: 9215K(9408K)->9215K(9408K)
[663.260s][info][gc             ] GC(1864) Pause Young (Allocation Failure) 592M->308M(611M) 1.068ms
[663.260s][info][gc,cpu         ] GC(1864) User=0.00s Sys=0.00s Real=0.00s
[663.311s][info][gc,start       ] GC(1865) Pause Young (Allocation Failure)
[663.312s][info][gc,heap        ] GC(1865) PSYoungGen: 290880K(310272K)->64K(312832K) Eden: 290816K(290816K)->0K(294400K) From: 64K(19456K)->64K(18432K)
[663.312s][info][gc,heap        ] GC(1865) ParOldGen: 315765K(315904K)->315781K(315904K)
[663.312s][info][gc,metaspace   ] GC(1865) Metaspace: 35543K(36352K)->35543K(36352K) NonClass: 26328K(26944K)->26328K(26944K) Class: 9215K(9408K)->9215K(9408K)
[663.312s][info][gc             ] GC(1865) Pause Young (Allocation Failure) 592M->308M(614M) 1.083ms
[663.312s][info][gc,cpu         ] GC(1865) User=0.00s Sys=0.00s Real=0.00s
[663.366s][info][gc,start       ] GC(1866) Pause Young (Allocation Failure)
[663.367s][info][gc,heap        ] GC(1866) PSYoungGen: 294464K(312832K)->64K(312320K) Eden: 294400K(294400K)->0K(294400K) From: 64K(18432K)->64K(17920K)
[663.367s][info][gc,heap        ] GC(1866) ParOldGen: 315781K(315904K)->315781K(315904K)
[663.367s][info][gc,metaspace   ] GC(1866) Metaspace: 35543K(36352K)->35543K(36352K) NonClass: 26328K(26944K)->26328K(26944K) Class: 9215K(9408K)->9215K(9408K)
[663.367s][info][gc             ] GC(1866) Pause Young (Allocation Failure) 595M->308M(613M) 1.081ms
[663.367s][info][gc,cpu         ] GC(1866) User=0.00s Sys=0.00s Real=0.00s
[663.603s][info][gc,start       ] GC(1867) Pause Young (Allocation Failure)
[663.604s][info][gc,heap        ] GC(1867) PSYoungGen: 294464K(312320K)->64K(314880K) Eden: 294400K(294400K)->0K(298496K) From: 64K(17920K)->64K(16384K)
[663.604s][info][gc,heap        ] GC(1867) ParOldGen: 315781K(315904K)->315781K(315904K)
[663.604s][info][gc,metaspace   ] GC(1867) Metaspace: 35543K(36352K)->35543K(36352K) NonClass: 26328K(26944K)->26328K(26944K) Class: 9215K(9408K)->9215K(9408K)
[663.604s][info][gc             ] GC(1867) Pause Young (Allocation Failure) 595M->308M(616M) 1.098ms
[663.604s][info][gc,cpu         ] GC(1867) User=0.00s Sys=0.00s Real=0.00s
[663.827s][info][gc,start       ] GC(1868) Pause Young (Allocation Failure)
[663.828s][info][gc,heap        ] GC(1868) PSYoungGen: 298560K(314880K)->64K(314368K) Eden: 298496K(298496K)->0K(298496K) From: 64K(16384K)->64K(15872K)
[663.828s][info][gc,heap        ] GC(1868) ParOldGen: 315781K(315904K)->315789K(315904K)
[663.828s][info][gc,metaspace   ] GC(1868) Metaspace: 35543K(36352K)->35543K(36352K) NonClass: 26328K(26944K)->26328K(26944K) Class: 9215K(9408K)->9215K(9408K)
[663.828s][info][gc             ] GC(1868) Pause Young (Allocation Failure) 599M->308M(615M) 1.172ms
[663.828s][info][gc,cpu         ] GC(1868) User=0.00s Sys=0.00s Real=0.00s
[663.912s][info][gc,start       ] GC(1869) Pause Young (Allocation Failure)
[663.913s][info][gc,heap        ] GC(1869) PSYoungGen: 298560K(314368K)->64K(316928K) Eden: 298496K(298496K)->0K(302592K) From: 64K(15872K)->64K(14336K)
[663.913s][info][gc,heap        ] GC(1869) ParOldGen: 315789K(315904K)->315797K(315904K)
[663.913s][info][gc,metaspace   ] GC(1869) Metaspace: 35543K(36352K)->35543K(36352K) NonClass: 26328K(26944K)->26328K(26944K) Class: 9215K(9408K)->9215K(9408K)
[663.913s][info][gc             ] GC(1869) Pause Young (Allocation Failure) 599M->308M(618M) 1.121ms
[663.913s][info][gc,cpu         ] GC(1869) User=0.01s Sys=0.00s Real=0.00s
[664.044s][info][gc,start       ] GC(1870) Pause Young (Allocation Failure)
[664.046s][info][gc,heap        ] GC(1870) PSYoungGen: 302656K(316928K)->64K(316416K) Eden: 302592K(302592K)->0K(302592K) From: 64K(14336K)->64K(13824K)
[664.046s][info][gc,heap        ] GC(1870) ParOldGen: 315797K(315904K)->315805K(315904K)
[664.046s][info][gc,metaspace   ] GC(1870) Metaspace: 35543K(36352K)->35543K(36352K) NonClass: 26328K(26944K)->26328K(26944K) Class: 9215K(9408K)->9215K(9408K)
[664.046s][info][gc             ] GC(1870) Pause Young (Allocation Failure) 603M->308M(617M) 1.251ms
[664.046s][info][gc,cpu         ] GC(1870) User=0.01s Sys=0.00s Real=0.00s
[664.447s][info][gc,start       ] GC(1871) Pause Young (Allocation Failure)
[664.448s][info][gc,heap        ] GC(1871) PSYoungGen: 302656K(316416K)->64K(318976K) Eden: 302592K(302592K)->0K(306688K) From: 64K(13824K)->64K(12288K)
[664.448s][info][gc,heap        ] GC(1871) ParOldGen: 315805K(315904K)->315813K(315904K)
[664.448s][info][gc,metaspace   ] GC(1871) Metaspace: 35543K(36352K)->35543K(36352K) NonClass: 26328K(26944K)->26328K(26944K) Class: 9215K(9408K)->9215K(9408K)
[664.448s][info][gc             ] GC(1871) Pause Young (Allocation Failure) 603M->308M(620M) 1.213ms
[664.448s][info][gc,cpu         ] GC(1871) User=0.00s Sys=0.00s Real=0.00s
[665.785s][info][gc,start       ] GC(1872) Pause Young (Allocation Failure)
[665.786s][info][gc,heap        ] GC(1872) PSYoungGen: 306752K(318976K)->64K(294912K) Eden: 306688K(306688K)->0K(294400K) From: 64K(12288K)->64K(512K)
[665.786s][info][gc,heap        ] GC(1872) ParOldGen: 315813K(315904K)->315821K(315904K)
[665.786s][info][gc,metaspace   ] GC(1872) Metaspace: 35543K(36352K)->35543K(36352K) NonClass: 26328K(26944K)->26328K(26944K) Class: 9215K(9408K)->9215K(9408K)
[665.786s][info][gc             ] GC(1872) Pause Young (Allocation Failure) 607M->308M(596M) 1.248ms
[665.786s][info][gc,cpu         ] GC(1872) User=0.00s Sys=0.00s Real=0.00s
[666.054s][info][gc,start       ] GC(1873) Pause Young (Allocation Failure)
[666.056s][info][gc,heap        ] GC(1873) PSYoungGen: 294464K(294912K)->64K(283136K) Eden: 294400K(294400K)->0K(282624K) From: 64K(512K)->64K(512K)
[666.056s][info][gc,heap        ] GC(1873) ParOldGen: 315821K(315904K)->315829K(315904K)
[666.056s][info][gc,metaspace   ] GC(1873) Metaspace: 35543K(36352K)->35543K(36352K) NonClass: 26328K(26944K)->26328K(26944K) Class: 9215K(9408K)->9215K(9408K)
[666.056s][info][gc             ] GC(1873) Pause Young (Allocation Failure) 595M->308M(585M) 1.157ms
[666.056s][info][gc,cpu         ] GC(1873) User=0.00s Sys=0.00s Real=0.00s
[666.527s][info][gc,start       ] GC(1874) Pause Young (Allocation Failure)
[666.528s][info][gc,heap        ] GC(1874) PSYoungGen: 282688K(283136K)->64K(282112K) Eden: 282624K(282624K)->0K(271360K) From: 64K(512K)->64K(10752K)
[666.528s][info][gc,heap        ] GC(1874) ParOldGen: 315829K(315904K)->315837K(315904K)
[666.528s][info][gc,metaspace   ] GC(1874) Metaspace: 35543K(36352K)->35543K(36352K) NonClass: 26328K(26944K)->26328K(26944K) Class: 9215K(9408K)->9215K(9408K)
[666.528s][info][gc             ] GC(1874) Pause Young (Allocation Failure) 584M->308M(584M) 1.083ms
[666.528s][info][gc,cpu         ] GC(1874) User=0.00s Sys=0.00s Real=0.01s
[667.443s][info][gc,start       ] GC(1875) Pause Young (Allocation Failure)
[667.445s][info][gc,heap        ] GC(1875) PSYoungGen: 271424K(282112K)->64K(261120K) Eden: 271360K(271360K)->0K(260608K) From: 64K(10752K)->64K(512K)
[667.445s][info][gc,heap        ] GC(1875) ParOldGen: 315837K(315904K)->315845K(315904K)
[667.445s][info][gc,metaspace   ] GC(1875) Metaspace: 35543K(36352K)->35543K(36352K) NonClass: 26328K(26944K)->26328K(26944K) Class: 9215K(9408K)->9215K(9408K)
[667.445s][info][gc             ] GC(1875) Pause Young (Allocation Failure) 573M->308M(563M) 1.641ms
[667.445s][info][gc,cpu         ] GC(1875) User=0.01s Sys=0.00s Real=0.00s
[667.807s][info][gc,start       ] GC(1876) Pause Young (Allocation Failure)
[667.808s][info][gc,heap        ] GC(1876) PSYoungGen: 260672K(261120K)->64K(259584K) Eden: 260608K(260608K)->0K(250368K) From: 64K(512K)->64K(9216K)
[667.808s][info][gc,heap        ] GC(1876) ParOldGen: 315845K(315904K)->315853K(315904K)
[667.808s][info][gc,metaspace   ] GC(1876) Metaspace: 35543K(36352K)->35543K(36352K) NonClass: 26328K(26944K)->26328K(26944K) Class: 9215K(9408K)->9215K(9408K)
[667.808s][info][gc             ] GC(1876) Pause Young (Allocation Failure) 563M->308M(562M) 1.086ms
[667.808s][info][gc,cpu         ] GC(1876) User=0.00s Sys=0.00s Real=0.01s
[667.880s][info][gc,start       ] GC(1877) Pause Young (Allocation Failure)
[667.881s][info][gc,heap        ] GC(1877) PSYoungGen: 250432K(259584K)->64K(241152K) Eden: 250368K(250368K)->0K(240640K) From: 64K(9216K)->64K(512K)
[667.881s][info][gc,heap        ] GC(1877) ParOldGen: 315853K(315904K)->315861K(315904K)
[667.881s][info][gc,metaspace   ] GC(1877) Metaspace: 35543K(36352K)->35543K(36352K) NonClass: 26328K(26944K)->26328K(26944K) Class: 9215K(9408K)->9215K(9408K)
[667.881s][info][gc             ] GC(1877) Pause Young (Allocation Failure) 553M->308M(544M) 1.522ms
[667.881s][info][gc,cpu         ] GC(1877) User=0.00s Sys=0.00s Real=0.00s
[668.385s][info][gc,start       ] GC(1878) Pause Young (Allocation Failure)
[668.387s][info][gc,heap        ] GC(1878) PSYoungGen: 240704K(241152K)->64K(239616K) Eden: 240640K(240640K)->0K(231424K) From: 64K(512K)->64K(8192K)
[668.387s][info][gc,heap        ] GC(1878) ParOldGen: 315861K(315904K)->315869K(315904K)
[668.387s][info][gc,metaspace   ] GC(1878) Metaspace: 35543K(36352K)->35543K(36352K) NonClass: 26328K(26944K)->26328K(26944K) Class: 9215K(9408K)->9215K(9408K)
[668.387s][info][gc             ] GC(1878) Pause Young (Allocation Failure) 543M->308M(542M) 2.152ms
[668.387s][info][gc,cpu         ] GC(1878) User=0.00s Sys=0.00s Real=0.01s
[668.616s][info][gc,start       ] GC(1879) Pause Young (Allocation Failure)
[668.619s][info][gc,heap        ] GC(1879) PSYoungGen: 231488K(239616K)->64K(223232K) Eden: 231424K(231424K)->0K(222720K) From: 64K(8192K)->64K(512K)
[668.619s][info][gc,heap        ] GC(1879) ParOldGen: 315869K(315904K)->315877K(315904K)
[668.619s][info][gc,metaspace   ] GC(1879) Metaspace: 35543K(36352K)->35543K(36352K) NonClass: 26328K(26944K)->26328K(26944K) Class: 9215K(9408K)->9215K(9408K)
[668.619s][info][gc             ] GC(1879) Pause Young (Allocation Failure) 534M->308M(526M) 2.506ms
[668.619s][info][gc,cpu         ] GC(1879) User=0.00s Sys=0.01s Real=0.01s
[668.952s][info][gc,start       ] GC(1880) Pause Young (Allocation Failure)
[668.974s][info][gc,heap        ] GC(1880) PSYoungGen: 222784K(223232K)->7168K(271872K) Eden: 222720K(222720K)->0K(264704K) From: 64K(512K)->7168K(7168K)
[668.974s][info][gc,heap        ] GC(1880) ParOldGen: 315877K(315904K)->319885K(320000K)
[668.974s][info][gc,metaspace   ] GC(1880) Metaspace: 35543K(36352K)->35543K(36352K) NonClass: 26328K(26944K)->26328K(26944K) Class: 9215K(9408K)->9215K(9408K)
[668.974s][info][gc             ] GC(1880) Pause Young (Allocation Failure) 526M->319M(578M) 22.411ms
[668.974s][info][gc,cpu         ] GC(1880) User=0.04s Sys=0.00s Real=0.02s
[669.281s][info][gc,start       ] GC(1881) Pause Young (Allocation Failure)
[669.340s][info][gc,heap        ] GC(1881) PSYoungGen: 271872K(271872K)->9216K(265216K) Eden: 264704K(264704K)->0K(256000K) From: 7168K(7168K)->9216K(9216K)
[669.340s][info][gc,heap        ] GC(1881) ParOldGen: 319885K(320000K)->340565K(340992K)
[669.340s][info][gc,metaspace   ] GC(1881) Metaspace: 35543K(36352K)->35543K(36352K) NonClass: 26328K(26944K)->26328K(26944K) Class: 9215K(9408K)->9215K(9408K)
[669.340s][info][gc             ] GC(1881) Pause Young (Allocation Failure) 577M->341M(592M) 58.217ms
[669.340s][info][gc,cpu         ] GC(1881) User=0.11s Sys=0.01s Real=0.06s
[669.580s][info][gc,start       ] GC(1882) Pause Young (Allocation Failure)
[669.618s][info][gc,heap        ] GC(1882) PSYoungGen: 265216K(265216K)->19968K(275968K) Eden: 256000K(256000K)->0K(256000K) From: 9216K(9216K)->19968K(19968K)
[669.618s][info][gc,heap        ] GC(1882) ParOldGen: 340565K(340992K)->342829K(343040K)
[669.618s][info][gc,metaspace   ] GC(1882) Metaspace: 35543K(36352K)->35543K(36352K) NonClass: 26328K(26944K)->26328K(26944K) Class: 9215K(9408K)->9215K(9408K)
[669.618s][info][gc             ] GC(1882) Pause Young (Allocation Failure) 591M->354M(604M) 37.703ms
[669.618s][info][gc,cpu         ] GC(1882) User=0.08s Sys=0.00s Real=0.04s
[669.707s][info][gc,start       ] GC(1883) Pause Young (Allocation Failure)
[669.709s][info][gc,heap        ] GC(1883) PSYoungGen: 275968K(275968K)->64K(309760K) Eden: 256000K(256000K)->0K(284672K) From: 19968K(19968K)->64K(25088K)
[669.709s][info][gc,heap        ] GC(1883) ParOldGen: 342829K(343040K)->342885K(343040K)
[669.709s][info][gc,metaspace   ] GC(1883) Metaspace: 35543K(36352K)->35543K(36352K) NonClass: 26328K(26944K)->26328K(26944K) Class: 9215K(9408K)->9215K(9408K)
[669.709s][info][gc             ] GC(1883) Pause Young (Allocation Failure) 604M->334M(637M) 1.753ms
[669.709s][info][gc,cpu         ] GC(1883) User=0.00s Sys=0.00s Real=0.00s
[670.376s][info][gc,start       ] GC(1884) Pause Young (Allocation Failure)
[670.377s][info][gc,heap        ] GC(1884) PSYoungGen: 284736K(309760K)->64K(285184K) Eden: 284672K(284672K)->0K(284672K) From: 64K(25088K)->64K(512K)
[670.377s][info][gc,heap        ] GC(1884) ParOldGen: 342885K(343040K)->342901K(343040K)
[670.377s][info][gc,metaspace   ] GC(1884) Metaspace: 35543K(36352K)->35543K(36352K) NonClass: 26328K(26944K)->26328K(26944K) Class: 9215K(9408K)->9215K(9408K)
[670.377s][info][gc             ] GC(1884) Pause Young (Allocation Failure) 612M->334M(613M) 1.246ms
[670.377s][info][gc,cpu         ] GC(1884) User=0.01s Sys=0.00s Real=0.01s
[670.716s][info][gc,start       ] GC(1885) Pause Young (Allocation Failure)
[670.717s][info][gc,heap        ] GC(1885) PSYoungGen: 284736K(285184K)->64K(309248K) Eden: 284672K(284672K)->0K(285696K) From: 64K(512K)->64K(23552K)
[670.717s][info][gc,heap        ] GC(1885) ParOldGen: 342901K(343040K)->342901K(343040K)
[670.717s][info][gc,metaspace   ] GC(1885) Metaspace: 35544K(36352K)->35544K(36352K) NonClass: 26329K(26944K)->26329K(26944K) Class: 9215K(9408K)->9215K(9408K)
[670.717s][info][gc             ] GC(1885) Pause Young (Allocation Failure) 612M->334M(637M) 1.211ms
[670.718s][info][gc,cpu         ] GC(1885) User=0.01s Sys=0.00s Real=0.01s
[671.145s][info][gc,start       ] GC(1886) Pause Young (Allocation Failure)
[671.146s][info][gc,heap        ] GC(1886) PSYoungGen: 285760K(309248K)->64K(308224K) Eden: 285696K(285696K)->0K(285696K) From: 64K(23552K)->64K(22528K)
[671.146s][info][gc,heap        ] GC(1886) ParOldGen: 342901K(343040K)->342917K(343040K)
[671.146s][info][gc,metaspace   ] GC(1886) Metaspace: 35544K(36352K)->35544K(36352K) NonClass: 26329K(26944K)->26329K(26944K) Class: 9215K(9408K)->9215K(9408K)
[671.146s][info][gc             ] GC(1886) Pause Young (Allocation Failure) 613M->334M(636M) 1.263ms
[671.146s][info][gc,cpu         ] GC(1886) User=0.00s Sys=0.00s Real=0.00s
[671.382s][info][gc,start       ] GC(1887) Pause Young (Allocation Failure)
[671.383s][info][gc,heap        ] GC(1887) PSYoungGen: 285760K(308224K)->64K(310272K) Eden: 285696K(285696K)->0K(288768K) From: 64K(22528K)->64K(21504K)
[671.383s][info][gc,heap        ] GC(1887) ParOldGen: 342917K(343040K)->342933K(343040K)
[671.383s][info][gc,metaspace   ] GC(1887) Metaspace: 35544K(36352K)->35544K(36352K) NonClass: 26329K(26944K)->26329K(26944K) Class: 9215K(9408K)->9215K(9408K)
[671.383s][info][gc             ] GC(1887) Pause Young (Allocation Failure) 613M->334M(638M) 1.199ms
[671.383s][info][gc,cpu         ] GC(1887) User=0.00s Sys=0.00s Real=0.00s
[671.754s][info][gc,start       ] GC(1888) Pause Young (Allocation Failure)
[671.755s][info][gc,heap        ] GC(1888) PSYoungGen: 288832K(310272K)->64K(309248K) Eden: 288768K(288768K)->0K(288768K) From: 64K(21504K)->64K(20480K)
[671.755s][info][gc,heap        ] GC(1888) ParOldGen: 342933K(343040K)->342933K(343040K)
[671.755s][info][gc,metaspace   ] GC(1888) Metaspace: 35544K(36352K)->35544K(36352K) NonClass: 26329K(26944K)->26329K(26944K) Class: 9215K(9408K)->9215K(9408K)
[671.755s][info][gc             ] GC(1888) Pause Young (Allocation Failure) 616M->334M(637M) 1.203ms
[671.755s][info][gc,cpu         ] GC(1888) User=0.01s Sys=0.00s Real=0.00s
[671.815s][info][gc,start       ] GC(1889) Pause Young (Allocation Failure)
[671.816s][info][gc,heap        ] GC(1889) PSYoungGen: 288832K(309248K)->64K(312320K) Eden: 288768K(288768K)->0K(292864K) From: 64K(20480K)->64K(19456K)
[671.816s][info][gc,heap        ] GC(1889) ParOldGen: 342933K(343040K)->342941K(343040K)
[671.816s][info][gc,metaspace   ] GC(1889) Metaspace: 35544K(36352K)->35544K(36352K) NonClass: 26329K(26944K)->26329K(26944K) Class: 9215K(9408K)->9215K(9408K)
[671.816s][info][gc             ] GC(1889) Pause Young (Allocation Failure) 616M->334M(640M) 1.153ms
[671.816s][info][gc,cpu         ] GC(1889) User=0.00s Sys=0.00s Real=0.00s
[671.869s][info][gc,start       ] GC(1890) Pause Young (Allocation Failure)
[671.870s][info][gc,heap        ] GC(1890) PSYoungGen: 292928K(312320K)->64K(311296K) Eden: 292864K(292864K)->0K(292864K) From: 64K(19456K)->64K(18432K)
[671.870s][info][gc,heap        ] GC(1890) ParOldGen: 342941K(343040K)->342957K(343040K)
[671.870s][info][gc,metaspace   ] GC(1890) Metaspace: 35544K(36352K)->35544K(36352K) NonClass: 26329K(26944K)->26329K(26944K) Class: 9215K(9408K)->9215K(9408K)
[671.870s][info][gc             ] GC(1890) Pause Young (Allocation Failure) 620M->334M(639M) 1.126ms
[671.870s][info][gc,cpu         ] GC(1890) User=0.00s Sys=0.00s Real=0.00s
[672.059s][info][gc,start       ] GC(1891) Pause Young (Allocation Failure)
[672.060s][info][gc,heap        ] GC(1891) PSYoungGen: 292928K(311296K)->64K(314368K) Eden: 292864K(292864K)->0K(296960K) From: 64K(18432K)->64K(17408K)
[672.060s][info][gc,heap        ] GC(1891) ParOldGen: 342957K(343040K)->342957K(343040K)
[672.060s][info][gc,metaspace   ] GC(1891) Metaspace: 35544K(36352K)->35544K(36352K) NonClass: 26329K(26944K)->26329K(26944K) Class: 9215K(9408K)->9215K(9408K)
[672.060s][info][gc             ] GC(1891) Pause Young (Allocation Failure) 620M->334M(642M) 1.144ms
[672.061s][info][gc,cpu         ] GC(1891) User=0.00s Sys=0.00s Real=0.00s
[672.291s][info][gc,start       ] GC(1892) Pause Young (Allocation Failure)
[672.293s][info][gc,heap        ] GC(1892) PSYoungGen: 297024K(314368K)->64K(313344K) Eden: 296960K(296960K)->0K(296960K) From: 64K(17408K)->64K(16384K)
[672.293s][info][gc,heap        ] GC(1892) ParOldGen: 342957K(343040K)->342965K(343040K)
[672.293s][info][gc,metaspace   ] GC(1892) Metaspace: 35544K(36352K)->35544K(36352K) NonClass: 26329K(26944K)->26329K(26944K) Class: 9215K(9408K)->9215K(9408K)
[672.293s][info][gc             ] GC(1892) Pause Young (Allocation Failure) 624M->334M(641M) 1.169ms
[672.293s][info][gc,cpu         ] GC(1892) User=0.00s Sys=0.00s Real=0.00s
[672.409s][info][gc,start       ] GC(1893) Pause Young (Allocation Failure)
[672.411s][info][gc,heap        ] GC(1893) PSYoungGen: 297024K(313344K)->64K(316416K) Eden: 296960K(296960K)->0K(301056K) From: 64K(16384K)->64K(15360K)
[672.411s][info][gc,heap        ] GC(1893) ParOldGen: 342965K(343040K)->342973K(343040K)
[672.411s][info][gc,metaspace   ] GC(1893) Metaspace: 35544K(36352K)->35544K(36352K) NonClass: 26329K(26944K)->26329K(26944K) Class: 9215K(9408K)->9215K(9408K)
[672.411s][info][gc             ] GC(1893) Pause Young (Allocation Failure) 624M->334M(644M) 1.172ms
[672.411s][info][gc,cpu         ] GC(1893) User=0.00s Sys=0.00s Real=0.00s
[672.520s][info][gc,start       ] GC(1894) Pause Young (Allocation Failure)
[672.521s][info][gc,heap        ] GC(1894) PSYoungGen: 301120K(316416K)->64K(315392K) Eden: 301056K(301056K)->0K(301056K) From: 64K(15360K)->64K(14336K)
[672.521s][info][gc,heap        ] GC(1894) ParOldGen: 342973K(343040K)->342981K(343040K)
[672.521s][info][gc,metaspace   ] GC(1894) Metaspace: 35544K(36352K)->35544K(36352K) NonClass: 26329K(26944K)->26329K(26944K) Class: 9215K(9408K)->9215K(9408K)
[672.521s][info][gc             ] GC(1894) Pause Young (Allocation Failure) 628M->335M(643M) 1.179ms
[672.521s][info][gc,cpu         ] GC(1894) User=0.00s Sys=0.01s Real=0.00s
[672.861s][info][gc,start       ] GC(1895) Pause Young (Allocation Failure)
[672.862s][info][gc,heap        ] GC(1895) PSYoungGen: 301120K(315392K)->64K(318464K) Eden: 301056K(301056K)->0K(305152K) From: 64K(14336K)->64K(13312K)
[672.862s][info][gc,heap        ] GC(1895) ParOldGen: 342981K(343040K)->342989K(343040K)
[672.862s][info][gc,metaspace   ] GC(1895) Metaspace: 35544K(36352K)->35544K(36352K) NonClass: 26329K(26944K)->26329K(26944K) Class: 9215K(9408K)->9215K(9408K)
[672.862s][info][gc             ] GC(1895) Pause Young (Allocation Failure) 629M->335M(646M) 1.154ms
[672.862s][info][gc,cpu         ] GC(1895) User=0.00s Sys=0.00s Real=0.00s
[673.548s][info][gc,start       ] GC(1896) Pause Young (Allocation Failure)
[673.549s][info][gc,heap        ] GC(1896) PSYoungGen: 305216K(318464K)->83K(293376K) Eden: 305152K(305152K)->0K(292864K) From: 64K(13312K)->83K(512K)
[673.549s][info][gc,heap        ] GC(1896) ParOldGen: 342989K(343040K)->342997K(343040K)
[673.549s][info][gc,metaspace   ] GC(1896) Metaspace: 35544K(36352K)->35544K(36352K) NonClass: 26329K(26944K)->26329K(26944K) Class: 9215K(9408K)->9215K(9408K)
[673.549s][info][gc             ] GC(1896) Pause Young (Allocation Failure) 633M->335M(621M) 1.266ms
[673.549s][info][gc,cpu         ] GC(1896) User=0.00s Sys=0.00s Real=0.00s
[674.461s][info][gc,start       ] GC(1897) Pause Young (Allocation Failure)
[674.462s][info][gc,heap        ] GC(1897) PSYoungGen: 292947K(293376K)->64K(281600K) Eden: 292864K(292864K)->0K(281088K) From: 83K(512K)->64K(512K)
[674.462s][info][gc,heap        ] GC(1897) ParOldGen: 342997K(343040K)->343005K(343040K)
[674.462s][info][gc,metaspace   ] GC(1897) Metaspace: 35544K(36352K)->35544K(36352K) NonClass: 26329K(26944K)->26329K(26944K) Class: 9215K(9408K)->9215K(9408K)
[674.462s][info][gc             ] GC(1897) Pause Young (Allocation Failure) 621M->335M(610M) 1.270ms
[674.462s][info][gc,cpu         ] GC(1897) User=0.00s Sys=0.00s Real=0.00s
[674.911s][info][gc,start       ] GC(1898) Pause Young (Allocation Failure)
[674.912s][info][gc,heap        ] GC(1898) PSYoungGen: 281152K(281600K)->64K(281600K) Eden: 281088K(281088K)->0K(270336K) From: 64K(512K)->64K(11264K)
[674.912s][info][gc,heap        ] GC(1898) ParOldGen: 343005K(343040K)->343013K(343040K)
[674.912s][info][gc,metaspace   ] GC(1898) Metaspace: 35544K(36352K)->35544K(36352K) NonClass: 26329K(26944K)->26329K(26944K) Class: 9215K(9408K)->9215K(9408K)
[674.912s][info][gc             ] GC(1898) Pause Young (Allocation Failure) 609M->335M(610M) 1.181ms
[674.912s][info][gc,cpu         ] GC(1898) User=0.00s Sys=0.00s Real=0.00s
[675.903s][info][gc,start       ] GC(1899) Pause Young (Allocation Failure)
[675.904s][info][gc,heap        ] GC(1899) PSYoungGen: 270400K(281600K)->64K(260608K) Eden: 270336K(270336K)->0K(260096K) From: 64K(11264K)->64K(512K)
[675.904s][info][gc,heap        ] GC(1899) ParOldGen: 343013K(343040K)->343021K(343040K)
[675.904s][info][gc,metaspace   ] GC(1899) Metaspace: 35544K(36352K)->35544K(36352K) NonClass: 26329K(26944K)->26329K(26944K) Class: 9215K(9408K)->9215K(9408K)
[675.905s][info][gc             ] GC(1899) Pause Young (Allocation Failure) 599M->335M(589M) 1.795ms
[675.905s][info][gc,cpu         ] GC(1899) User=0.00s Sys=0.00s Real=0.00s
[676.247s][info][gc,start       ] GC(1900) Pause Young (Allocation Failure)
[676.248s][info][gc,heap        ] GC(1900) PSYoungGen: 260160K(260608K)->64K(260096K) Eden: 260096K(260096K)->0K(250368K) From: 64K(512K)->64K(9728K)
[676.248s][info][gc,heap        ] GC(1900) ParOldGen: 343021K(343040K)->343029K(343040K)
[676.248s][info][gc,metaspace   ] GC(1900) Metaspace: 35544K(36352K)->35544K(36352K) NonClass: 26329K(26944K)->26329K(26944K) Class: 9215K(9408K)->9215K(9408K)
[676.248s][info][gc             ] GC(1900) Pause Young (Allocation Failure) 589M->335M(589M) 1.109ms
[676.248s][info][gc,cpu         ] GC(1900) User=0.00s Sys=0.00s Real=0.00s
[676.379s][info][gc,start       ] GC(1901) Pause Young (Allocation Failure)
[676.381s][info][gc,heap        ] GC(1901) PSYoungGen: 250432K(260096K)->64K(241152K) Eden: 250368K(250368K)->0K(240640K) From: 64K(9728K)->64K(512K)
[676.381s][info][gc,heap        ] GC(1901) ParOldGen: 343029K(343040K)->343037K(343040K)
[676.381s][info][gc,metaspace   ] GC(1901) Metaspace: 35544K(36352K)->35544K(36352K) NonClass: 26329K(26944K)->26329K(26944K) Class: 9215K(9408K)->9215K(9408K)
[676.381s][info][gc             ] GC(1901) Pause Young (Allocation Failure) 579M->335M(570M) 1.604ms
[676.381s][info][gc,cpu         ] GC(1901) User=0.01s Sys=0.00s Real=0.00s
[676.681s][info][gc,start       ] GC(1902) Pause Young (Allocation Failure)
[676.682s][info][gc,heap        ] GC(1902) PSYoungGen: 240704K(241152K)->64K(240128K) Eden: 240640K(240640K)->0K(231424K) From: 64K(512K)->64K(8704K)
[676.682s][info][gc,heap        ] GC(1902) ParOldGen: 343037K(343040K)->343045K(343552K)
[676.682s][info][gc,metaspace   ] GC(1902) Metaspace: 35544K(36352K)->35544K(36352K) NonClass: 26329K(26944K)->26329K(26944K) Class: 9215K(9408K)->9215K(9408K)
[676.682s][info][gc             ] GC(1902) Pause Young (Allocation Failure) 570M->335M(570M) 1.037ms
[676.682s][info][gc,cpu         ] GC(1902) User=0.01s Sys=0.00s Real=0.00s
[677.036s][info][gc,start       ] GC(1903) Pause Young (Allocation Failure)
[677.038s][info][gc,heap        ] GC(1903) PSYoungGen: 231488K(240128K)->64K(223232K) Eden: 231424K(231424K)->0K(222720K) From: 64K(8704K)->64K(512K)
[677.038s][info][gc,heap        ] GC(1903) ParOldGen: 343045K(343552K)->343053K(343552K)
[677.038s][info][gc,metaspace   ] GC(1903) Metaspace: 35544K(36352K)->35544K(36352K) NonClass: 26329K(26944K)->26329K(26944K) Class: 9215K(9408K)->9215K(9408K)
[677.038s][info][gc             ] GC(1903) Pause Young (Allocation Failure) 561M->335M(553M) 1.671ms
[677.038s][info][gc,cpu         ] GC(1903) User=0.00s Sys=0.00s Real=0.01s
[677.368s][info][gc,start       ] GC(1904) Pause Young (Allocation Failure)
[677.372s][info][gc,heap        ] GC(1904) PSYoungGen: 222784K(223232K)->1248K(221696K) Eden: 222720K(222720K)->0K(214528K) From: 64K(512K)->1248K(7168K)
[677.372s][info][gc,heap        ] GC(1904) ParOldGen: 343053K(343552K)->343061K(343552K)
[677.372s][info][gc,metaspace   ] GC(1904) Metaspace: 35544K(36352K)->35544K(36352K) NonClass: 26329K(26944K)->26329K(26944K) Class: 9215K(9408K)->9215K(9408K)
[677.372s][info][gc             ] GC(1904) Pause Young (Allocation Failure) 552M->336M(552M) 4.123ms
[677.372s][info][gc,cpu         ] GC(1904) User=0.01s Sys=0.00s Real=0.00s
[677.619s][info][gc,start       ] GC(1905) Pause Young (Allocation Failure)
[677.664s][info][gc,heap        ] GC(1905) PSYoungGen: 215776K(221696K)->6656K(263168K) Eden: 214528K(214528K)->0K(256512K) From: 1248K(7168K)->6656K(6656K)
[677.664s][info][gc,heap        ] GC(1905) ParOldGen: 343061K(343552K)->360549K(360960K)
[677.664s][info][gc,metaspace   ] GC(1905) Metaspace: 35544K(36352K)->35544K(36352K) NonClass: 26329K(26944K)->26329K(26944K) Class: 9215K(9408K)->9215K(9408K)
[677.664s][info][gc             ] GC(1905) Pause Young (Allocation Failure) 545M->358M(609M) 44.867ms
[677.664s][info][gc,cpu         ] GC(1905) User=0.08s Sys=0.02s Real=0.04s
[677.961s][info][gc,start       ] GC(1906) Pause Young (Allocation Failure)
[678.015s][info][gc,heap        ] GC(1906) PSYoungGen: 263168K(263168K)->14848K(271360K) Eden: 256512K(256512K)->0K(256512K) From: 6656K(6656K)->14848K(14848K)
[678.015s][info][gc,heap        ] GC(1906) ParOldGen: 360549K(360960K)->375029K(375296K)
[678.015s][info][gc,metaspace   ] GC(1906) Metaspace: 35544K(36352K)->35544K(36352K) NonClass: 26329K(26944K)->26329K(26944K) Class: 9215K(9408K)->9215K(9408K)
[678.015s][info][gc             ] GC(1906) Pause Young (Allocation Failure) 609M->380M(631M) 54.019ms
[678.015s][info][gc,cpu         ] GC(1906) User=0.10s Sys=0.01s Real=0.05s
[678.146s][info][gc,start       ] GC(1907) Pause Young (Allocation Failure)
[678.167s][info][gc,heap        ] GC(1907) PSYoungGen: 271360K(271360K)->8448K(311296K) Eden: 256512K(256512K)->0K(287744K) From: 14848K(14848K)->8448K(23552K)
[678.167s][info][gc,heap        ] GC(1907) ParOldGen: 375029K(375296K)->375413K(375808K)
[678.167s][info][gc,metaspace   ] GC(1907) Metaspace: 35544K(36352K)->35544K(36352K) NonClass: 26329K(26944K)->26329K(26944K) Class: 9215K(9408K)->9215K(9408K)
[678.167s][info][gc             ] GC(1907) Pause Young (Allocation Failure) 631M->374M(671M) 20.653ms
[678.167s][info][gc,cpu         ] GC(1907) User=0.03s Sys=0.00s Real=0.03s
[678.581s][info][gc,start       ] GC(1908) Pause Young (Allocation Failure)
[678.583s][info][gc,heap        ] GC(1908) PSYoungGen: 296192K(311296K)->64K(288256K) Eden: 287744K(287744K)->0K(287744K) From: 8448K(23552K)->64K(512K)
[678.583s][info][gc,heap        ] GC(1908) ParOldGen: 375413K(375808K)->375421K(375808K)
[678.583s][info][gc,metaspace   ] GC(1908) Metaspace: 35544K(36352K)->35544K(36352K) NonClass: 26329K(26944K)->26329K(26944K) Class: 9215K(9408K)->9215K(9408K)
[678.583s][info][gc             ] GC(1908) Pause Young (Allocation Failure) 655M->366M(648M) 1.406ms
[678.583s][info][gc,cpu         ] GC(1908) User=0.00s Sys=0.00s Real=0.00s
[679.106s][info][gc,start       ] GC(1909) Pause Young (Allocation Failure)
[679.107s][info][gc,heap        ] GC(1909) PSYoungGen: 287808K(288256K)->64K(310272K) Eden: 287744K(287744K)->0K(288256K) From: 64K(512K)->64K(22016K)
[679.107s][info][gc,heap        ] GC(1909) ParOldGen: 375421K(375808K)->375429K(375808K)
[679.107s][info][gc,metaspace   ] GC(1909) Metaspace: 35544K(36352K)->35544K(36352K) NonClass: 26329K(26944K)->26329K(26944K) Class: 9215K(9408K)->9215K(9408K)
[679.107s][info][gc             ] GC(1909) Pause Young (Allocation Failure) 647M->366M(670M) 1.368ms
[679.107s][info][gc,cpu         ] GC(1909) User=0.00s Sys=0.00s Real=0.01s
[679.555s][info][gc,start       ] GC(1910) Pause Young (Allocation Failure)
[679.557s][info][gc,heap        ] GC(1910) PSYoungGen: 288320K(310272K)->64K(309760K) Eden: 288256K(288256K)->0K(288256K) From: 64K(22016K)->64K(21504K)
[679.557s][info][gc,heap        ] GC(1910) ParOldGen: 375429K(375808K)->375445K(375808K)
[679.557s][info][gc,metaspace   ] GC(1910) Metaspace: 35544K(36352K)->35544K(36352K) NonClass: 26329K(26944K)->26329K(26944K) Class: 9215K(9408K)->9215K(9408K)
[679.557s][info][gc             ] GC(1910) Pause Young (Allocation Failure) 648M->366M(669M) 1.446ms
[679.557s][info][gc,cpu         ] GC(1910) User=0.00s Sys=0.00s Real=0.00s
[679.794s][info][gc,start       ] GC(1911) Pause Young (Allocation Failure)
[679.795s][info][gc,heap        ] GC(1911) PSYoungGen: 288320K(309760K)->64K(311296K) Eden: 288256K(288256K)->0K(290816K) From: 64K(21504K)->64K(20480K)
[679.795s][info][gc,heap        ] GC(1911) ParOldGen: 375445K(375808K)->375461K(375808K)
[679.795s][info][gc,metaspace   ] GC(1911) Metaspace: 35544K(36352K)->35544K(36352K) NonClass: 26329K(26944K)->26329K(26944K) Class: 9215K(9408K)->9215K(9408K)
[679.795s][info][gc             ] GC(1911) Pause Young (Allocation Failure) 648M->366M(671M) 1.243ms
[679.795s][info][gc,cpu         ] GC(1911) User=0.00s Sys=0.00s Real=0.00s
[680.143s][info][gc,start       ] GC(1912) Pause Young (Allocation Failure)
[680.145s][info][gc,heap        ] GC(1912) PSYoungGen: 290880K(311296K)->64K(310784K) Eden: 290816K(290816K)->0K(290816K) From: 64K(20480K)->64K(19968K)
[680.145s][info][gc,heap        ] GC(1912) ParOldGen: 375461K(375808K)->375461K(375808K)
[680.145s][info][gc,metaspace   ] GC(1912) Metaspace: 35544K(36352K)->35544K(36352K) NonClass: 26329K(26944K)->26329K(26944K) Class: 9215K(9408K)->9215K(9408K)
[680.145s][info][gc             ] GC(1912) Pause Young (Allocation Failure) 650M->366M(670M) 1.259ms
[680.145s][info][gc,cpu         ] GC(1912) User=0.00s Sys=0.00s Real=0.00s
[680.309s][info][gc,start       ] GC(1913) Pause Young (Allocation Failure)
[680.310s][info][gc,heap        ] GC(1913) PSYoungGen: 290880K(310784K)->64K(312832K) Eden: 290816K(290816K)->0K(294400K) From: 64K(19968K)->64K(18432K)
[680.310s][info][gc,heap        ] GC(1913) ParOldGen: 375461K(375808K)->375469K(375808K)
[680.310s][info][gc,metaspace   ] GC(1913) Metaspace: 35544K(36352K)->35544K(36352K) NonClass: 26329K(26944K)->26329K(26944K) Class: 9215K(9408K)->9215K(9408K)
[680.311s][info][gc             ] GC(1913) Pause Young (Allocation Failure) 650M->366M(672M) 1.210ms
[680.311s][info][gc,cpu         ] GC(1913) User=0.00s Sys=0.00s Real=0.00s
[680.364s][info][gc,start       ] GC(1914) Pause Young (Allocation Failure)
[680.365s][info][gc,heap        ] GC(1914) PSYoungGen: 294464K(312832K)->64K(312320K) Eden: 294400K(294400K)->0K(294400K) From: 64K(18432K)->64K(17920K)
[680.365s][info][gc,heap        ] GC(1914) ParOldGen: 375469K(375808K)->375485K(375808K)
[680.365s][info][gc,metaspace   ] GC(1914) Metaspace: 35544K(36352K)->35544K(36352K) NonClass: 26329K(26944K)->26329K(26944K) Class: 9215K(9408K)->9215K(9408K)
[680.365s][info][gc             ] GC(1914) Pause Young (Allocation Failure) 654M->366M(672M) 1.251ms
[680.365s][info][gc,cpu         ] GC(1914) User=0.00s Sys=0.00s Real=0.00s
[680.476s][info][gc,start       ] GC(1915) Pause Young (Allocation Failure)
[680.477s][info][gc,heap        ] GC(1915) PSYoungGen: 294464K(312320K)->64K(314880K) Eden: 294400K(294400K)->0K(298496K) From: 64K(17920K)->64K(16384K)
[680.477s][info][gc,heap        ] GC(1915) ParOldGen: 375485K(375808K)->375485K(375808K)
[680.477s][info][gc,metaspace   ] GC(1915) Metaspace: 35544K(36352K)->35544K(36352K) NonClass: 26329K(26944K)->26329K(26944K) Class: 9215K(9408K)->9215K(9408K)
[680.477s][info][gc             ] GC(1915) Pause Young (Allocation Failure) 654M->366M(674M) 1.300ms
[680.477s][info][gc,cpu         ] GC(1915) User=0.00s Sys=0.00s Real=0.01s
[680.724s][info][gc,start       ] GC(1916) Pause Young (Allocation Failure)
[680.725s][info][gc,heap        ] GC(1916) PSYoungGen: 298560K(314880K)->64K(314368K) Eden: 298496K(298496K)->0K(298496K) From: 64K(16384K)->64K(15872K)
[680.725s][info][gc,heap        ] GC(1916) ParOldGen: 375485K(375808K)->375501K(375808K)
[680.725s][info][gc,metaspace   ] GC(1916) Metaspace: 35544K(36352K)->35544K(36352K) NonClass: 26329K(26944K)->26329K(26944K) Class: 9215K(9408K)->9215K(9408K)
[680.725s][info][gc             ] GC(1916) Pause Young (Allocation Failure) 658M->366M(674M) 1.280ms
[680.725s][info][gc,cpu         ] GC(1916) User=0.00s Sys=0.00s Real=0.00s
[680.894s][info][gc,start       ] GC(1917) Pause Young (Allocation Failure)
[680.895s][info][gc,heap        ] GC(1917) PSYoungGen: 298560K(314368K)->64K(316928K) Eden: 298496K(298496K)->0K(302592K) From: 64K(15872K)->64K(14336K)
[680.895s][info][gc,heap        ] GC(1917) ParOldGen: 375501K(375808K)->375501K(375808K)
[680.895s][info][gc,metaspace   ] GC(1917) Metaspace: 35544K(36352K)->35544K(36352K) NonClass: 26329K(26944K)->26329K(26944K) Class: 9215K(9408K)->9215K(9408K)
[680.895s][info][gc             ] GC(1917) Pause Young (Allocation Failure) 658M->366M(676M) 1.373ms
[680.895s][info][gc,cpu         ] GC(1917) User=0.00s Sys=0.00s Real=0.00s
[680.980s][info][gc,start       ] GC(1918) Pause Young (Allocation Failure)
[680.981s][info][gc,heap        ] GC(1918) PSYoungGen: 302656K(316928K)->64K(316928K) Eden: 302592K(302592K)->0K(302592K) From: 64K(14336K)->64K(14336K)
[680.981s][info][gc,heap        ] GC(1918) ParOldGen: 375501K(375808K)->375517K(375808K)
[680.981s][info][gc,metaspace   ] GC(1918) Metaspace: 35544K(36352K)->35544K(36352K) NonClass: 26329K(26944K)->26329K(26944K) Class: 9215K(9408K)->9215K(9408K)
[680.981s][info][gc             ] GC(1918) Pause Young (Allocation Failure) 662M->366M(676M) 1.344ms
[680.981s][info][gc,cpu         ] GC(1918) User=0.00s Sys=0.00s Real=0.00s
[681.143s][info][gc,start       ] GC(1919) Pause Young (Allocation Failure)
[681.144s][info][gc,heap        ] GC(1919) PSYoungGen: 302656K(316928K)->64K(318976K) Eden: 302592K(302592K)->0K(305664K) From: 64K(14336K)->64K(13312K)
[681.144s][info][gc,heap        ] GC(1919) ParOldGen: 375517K(375808K)->375517K(375808K)
[681.144s][info][gc,metaspace   ] GC(1919) Metaspace: 35544K(36352K)->35544K(36352K) NonClass: 26329K(26944K)->26329K(26944K) Class: 9215K(9408K)->9215K(9408K)
[681.144s][info][gc             ] GC(1919) Pause Young (Allocation Failure) 662M->366M(678M) 1.146ms
[681.144s][info][gc,cpu         ] GC(1919) User=0.01s Sys=0.00s Real=0.00s
[682.049s][info][gc,start       ] GC(1920) Pause Young (Allocation Failure)
[682.050s][info][gc,heap        ] GC(1920) PSYoungGen: 305728K(318976K)->83K(293888K) Eden: 305664K(305664K)->0K(293376K) From: 64K(13312K)->83K(512K)
[682.050s][info][gc,heap        ] GC(1920) ParOldGen: 375517K(375808K)->375525K(375808K)
[682.050s][info][gc,metaspace   ] GC(1920) Metaspace: 35544K(36352K)->35544K(36352K) NonClass: 26329K(26944K)->26329K(26944K) Class: 9215K(9408K)->9215K(9408K)
[682.050s][info][gc             ] GC(1920) Pause Young (Allocation Failure) 665M->366M(654M) 1.417ms
[682.050s][info][gc,cpu         ] GC(1920) User=0.00s Sys=0.00s Real=0.00s
[682.905s][info][gc,start       ] GC(1921) Pause Young (Allocation Failure)
[682.907s][info][gc,heap        ] GC(1921) PSYoungGen: 293459K(293888K)->64K(282112K) Eden: 293376K(293376K)->0K(281600K) From: 83K(512K)->64K(512K)
[682.907s][info][gc,heap        ] GC(1921) ParOldGen: 375525K(375808K)->375533K(375808K)
[682.907s][info][gc,metaspace   ] GC(1921) Metaspace: 35544K(36352K)->35544K(36352K) NonClass: 26329K(26944K)->26329K(26944K) Class: 9215K(9408K)->9215K(9408K)
[682.907s][info][gc             ] GC(1921) Pause Young (Allocation Failure) 653M->366M(642M) 1.887ms
[682.907s][info][gc,cpu         ] GC(1921) User=0.00s Sys=0.00s Real=0.01s
[683.319s][info][gc,start       ] GC(1922) Pause Young (Allocation Failure)
[683.320s][info][gc,heap        ] GC(1922) PSYoungGen: 281664K(282112K)->64K(282112K) Eden: 281600K(281600K)->0K(270848K) From: 64K(512K)->64K(11264K)
[683.320s][info][gc,heap        ] GC(1922) ParOldGen: 375533K(375808K)->375541K(375808K)
[683.320s][info][gc,metaspace   ] GC(1922) Metaspace: 35544K(36352K)->35544K(36352K) NonClass: 26329K(26944K)->26329K(26944K) Class: 9215K(9408K)->9215K(9408K)
[683.320s][info][gc             ] GC(1922) Pause Young (Allocation Failure) 641M->366M(642M) 1.338ms
[683.320s][info][gc,cpu         ] GC(1922) User=0.01s Sys=0.00s Real=0.00s
[684.342s][info][gc,start       ] GC(1923) Pause Young (Allocation Failure)
[684.344s][info][gc,heap        ] GC(1923) PSYoungGen: 270912K(282112K)->64K(261120K) Eden: 270848K(270848K)->0K(260608K) From: 64K(11264K)->64K(512K)
[684.344s][info][gc,heap        ] GC(1923) ParOldGen: 375541K(375808K)->375549K(375808K)
[684.344s][info][gc,metaspace   ] GC(1923) Metaspace: 35544K(36352K)->35544K(36352K) NonClass: 26329K(26944K)->26329K(26944K) Class: 9215K(9408K)->9215K(9408K)
[684.344s][info][gc             ] GC(1923) Pause Young (Allocation Failure) 631M->366M(622M) 1.914ms
[684.344s][info][gc,cpu         ] GC(1923) User=0.01s Sys=0.00s Real=0.00s
[684.725s][info][gc,start       ] GC(1924) Pause Young (Allocation Failure)
[684.726s][info][gc,heap        ] GC(1924) PSYoungGen: 260672K(261120K)->64K(260096K) Eden: 260608K(260608K)->0K(250368K) From: 64K(512K)->64K(9728K)
[684.726s][info][gc,heap        ] GC(1924) ParOldGen: 375549K(375808K)->375557K(375808K)
[684.726s][info][gc,metaspace   ] GC(1924) Metaspace: 35544K(36352K)->35544K(36352K) NonClass: 26329K(26944K)->26329K(26944K) Class: 9215K(9408K)->9215K(9408K)
[684.726s][info][gc             ] GC(1924) Pause Young (Allocation Failure) 621M->366M(621M) 1.167ms
[684.726s][info][gc,cpu         ] GC(1924) User=0.00s Sys=0.00s Real=0.00s
[684.906s][info][gc,start       ] GC(1925) Pause Young (Allocation Failure)
[684.907s][info][gc,heap        ] GC(1925) PSYoungGen: 250432K(260096K)->64K(241152K) Eden: 250368K(250368K)->0K(240640K) From: 64K(9728K)->64K(512K)
[684.908s][info][gc,heap        ] GC(1925) ParOldGen: 375557K(375808K)->375565K(375808K)
[684.908s][info][gc,metaspace   ] GC(1925) Metaspace: 35544K(36352K)->35544K(36352K) NonClass: 26329K(26944K)->26329K(26944K) Class: 9215K(9408K)->9215K(9408K)
[684.908s][info][gc             ] GC(1925) Pause Young (Allocation Failure) 611M->366M(602M) 1.678ms
[684.908s][info][gc,cpu         ] GC(1925) User=0.00s Sys=0.00s Real=0.01s
[684.993s][info][gc,start       ] GC(1926) Pause Young (Allocation Failure)
[684.995s][info][gc,heap        ] GC(1926) PSYoungGen: 240704K(241152K)->64K(240128K) Eden: 240640K(240640K)->0K(231424K) From: 64K(512K)->64K(8704K)
[684.995s][info][gc,heap        ] GC(1926) ParOldGen: 375565K(375808K)->375573K(375808K)
[684.995s][info][gc,metaspace   ] GC(1926) Metaspace: 35544K(36352K)->35544K(36352K) NonClass: 26329K(26944K)->26329K(26944K) Class: 9215K(9408K)->9215K(9408K)
[684.995s][info][gc             ] GC(1926) Pause Young (Allocation Failure) 601M->366M(601M) 1.280ms
[684.995s][info][gc,cpu         ] GC(1926) User=0.01s Sys=0.00s Real=0.00s
[685.547s][info][gc,start       ] GC(1927) Pause Young (Allocation Failure)
[685.548s][info][gc,heap        ] GC(1927) PSYoungGen: 231488K(240128K)->64K(223232K) Eden: 231424K(231424K)->0K(222720K) From: 64K(8704K)->64K(512K)
[685.548s][info][gc,heap        ] GC(1927) ParOldGen: 375573K(375808K)->375581K(375808K)
[685.548s][info][gc,metaspace   ] GC(1927) Metaspace: 35544K(36352K)->35544K(36352K) NonClass: 26329K(26944K)->26329K(26944K) Class: 9215K(9408K)->9215K(9408K)
[685.548s][info][gc             ] GC(1927) Pause Young (Allocation Failure) 592M->366M(585M) 1.768ms
[685.549s][info][gc,cpu         ] GC(1927) User=0.00s Sys=0.00s Real=0.01s
[685.733s][info][gc,start       ] GC(1928) Pause Young (Allocation Failure)
[685.734s][info][gc,heap        ] GC(1928) PSYoungGen: 222784K(223232K)->64K(221696K) Eden: 222720K(222720K)->0K(214528K) From: 64K(512K)->64K(7168K)
[685.734s][info][gc,heap        ] GC(1928) ParOldGen: 375581K(375808K)->375589K(375808K)
[685.734s][info][gc,metaspace   ] GC(1928) Metaspace: 35544K(36352K)->35544K(36352K) NonClass: 26329K(26944K)->26329K(26944K) Class: 9215K(9408K)->9215K(9408K)
[685.734s][info][gc             ] GC(1928) Pause Young (Allocation Failure) 584M->366M(583M) 1.175ms
[685.734s][info][gc,cpu         ] GC(1928) User=0.00s Sys=0.00s Real=0.00s
[686.048s][info][gc,start       ] GC(1929) Pause Young (Allocation Failure)
[686.071s][info][gc,heap        ] GC(1929) PSYoungGen: 214592K(221696K)->6656K(262144K) Eden: 214528K(214528K)->0K(255488K) From: 64K(7168K)->6656K(6656K)
[686.071s][info][gc,heap        ] GC(1929) ParOldGen: 375589K(375808K)->381869K(381952K)
[686.071s][info][gc,metaspace   ] GC(1929) Metaspace: 35544K(36352K)->35544K(36352K) NonClass: 26329K(26944K)->26329K(26944K) Class: 9215K(9408K)->9215K(9408K)
[686.071s][info][gc             ] GC(1929) Pause Young (Allocation Failure) 576M->379M(629M) 22.917ms
[686.071s][info][gc,cpu         ] GC(1929) User=0.04s Sys=0.01s Real=0.02s
[686.369s][info][gc,start       ] GC(1930) Pause Young (Allocation Failure)
[686.424s][info][gc,heap        ] GC(1930) PSYoungGen: 262144K(262144K)->10752K(270848K) Eden: 255488K(255488K)->0K(260096K) From: 6656K(6656K)->10752K(10752K)
[686.424s][info][gc,heap        ] GC(1930) ParOldGen: 381869K(381952K)->400037K(400384K)
[686.424s][info][gc,metaspace   ] GC(1930) Metaspace: 35544K(36352K)->35544K(36352K) NonClass: 26329K(26944K)->26329K(26944K) Class: 9215K(9408K)->9215K(9408K)
[686.424s][info][gc             ] GC(1930) Pause Young (Allocation Failure) 628M->401M(655M) 54.729ms
[686.424s][info][gc,cpu         ] GC(1930) User=0.09s Sys=0.01s Real=0.05s
[686.659s][info][gc,start       ] GC(1931) Pause Young (Allocation Failure)
[686.706s][info][gc,heap        ] GC(1931) PSYoungGen: 270848K(270848K)->19968K(304640K) Eden: 260096K(260096K)->0K(284672K) From: 10752K(10752K)->19968K(19968K)
[686.706s][info][gc,heap        ] GC(1931) ParOldGen: 400037K(400384K)->401501K(401920K)
[686.706s][info][gc,metaspace   ] GC(1931) Metaspace: 35544K(36352K)->35544K(36352K) NonClass: 26329K(26944K)->26329K(26944K) Class: 9215K(9408K)->9215K(9408K)
[686.706s][info][gc             ] GC(1931) Pause Young (Allocation Failure) 655M->411M(690M) 46.408ms
[686.706s][info][gc,cpu         ] GC(1931) User=0.07s Sys=0.02s Real=0.04s
[686.889s][info][gc,start       ] GC(1932) Pause Young (Allocation Failure)
[686.891s][info][gc,heap        ] GC(1932) PSYoungGen: 304640K(304640K)->64K(309248K) Eden: 284672K(284672K)->0K(284672K) From: 19968K(19968K)->64K(24576K)
[686.891s][info][gc,heap        ] GC(1932) ParOldGen: 401501K(401920K)->401533K(401920K)
[686.891s][info][gc,metaspace   ] GC(1932) Metaspace: 35544K(36352K)->35544K(36352K) NonClass: 26329K(26944K)->26329K(26944K) Class: 9215K(9408K)->9215K(9408K)
[686.891s][info][gc             ] GC(1932) Pause Young (Allocation Failure) 689M->392M(694M) 1.729ms
[686.891s][info][gc,cpu         ] GC(1932) User=0.01s Sys=0.00s Real=0.00s
[687.551s][info][gc,start       ] GC(1933) Pause Young (Allocation Failure)
[687.553s][info][gc,heap        ] GC(1933) PSYoungGen: 284736K(309248K)->64K(306688K) Eden: 284672K(284672K)->0K(285184K) From: 64K(24576K)->64K(21504K)
[687.553s][info][gc,heap        ] GC(1933) ParOldGen: 401533K(401920K)->401541K(401920K)
[687.553s][info][gc,metaspace   ] GC(1933) Metaspace: 35544K(36352K)->35544K(36352K) NonClass: 26329K(26944K)->26329K(26944K) Class: 9215K(9408K)->9215K(9408K)
[687.553s][info][gc             ] GC(1933) Pause Young (Allocation Failure) 670M->392M(692M) 1.638ms
[687.553s][info][gc,cpu         ] GC(1933) User=0.01s Sys=0.01s Real=0.00s
[688.029s][info][gc,start       ] GC(1934) Pause Young (Allocation Failure)
[688.030s][info][gc,heap        ] GC(1934) PSYoungGen: 285248K(306688K)->64K(308224K) Eden: 285184K(285184K)->0K(285184K) From: 64K(21504K)->64K(23040K)
[688.030s][info][gc,heap        ] GC(1934) ParOldGen: 401541K(401920K)->401557K(401920K)
[688.030s][info][gc,metaspace   ] GC(1934) Metaspace: 35544K(36352K)->35544K(36352K) NonClass: 26329K(26944K)->26329K(26944K) Class: 9215K(9408K)->9215K(9408K)
[688.030s][info][gc             ] GC(1934) Pause Young (Allocation Failure) 670M->392M(693M) 1.405ms
[688.030s][info][gc,cpu         ] GC(1934) User=0.00s Sys=0.00s Real=0.00s
[688.263s][info][gc,start       ] GC(1935) Pause Young (Allocation Failure)
[688.264s][info][gc,heap        ] GC(1935) PSYoungGen: 285248K(308224K)->64K(308224K) Eden: 285184K(285184K)->0K(288768K) From: 64K(23040K)->64K(19456K)
[688.264s][info][gc,heap        ] GC(1935) ParOldGen: 401557K(401920K)->401573K(401920K)
[688.264s][info][gc,metaspace   ] GC(1935) Metaspace: 35544K(36352K)->35544K(36352K) NonClass: 26329K(26944K)->26329K(26944K) Class: 9215K(9408K)->9215K(9408K)
[688.264s][info][gc             ] GC(1935) Pause Young (Allocation Failure) 670M->392M(693M) 1.354ms
[688.264s][info][gc,cpu         ] GC(1935) User=0.01s Sys=0.00s Real=0.00s
[688.503s][info][gc,start       ] GC(1936) Pause Young (Allocation Failure)
[688.505s][info][gc,heap        ] GC(1936) PSYoungGen: 288832K(308224K)->64K(309760K) Eden: 288768K(288768K)->0K(288768K) From: 64K(19456K)->64K(20992K)
[688.505s][info][gc,heap        ] GC(1936) ParOldGen: 401573K(401920K)->401573K(401920K)
[688.505s][info][gc,metaspace   ] GC(1936) Metaspace: 35544K(36352K)->35544K(36352K) NonClass: 26329K(26944K)->26329K(26944K) Class: 9215K(9408K)->9215K(9408K)
[688.505s][info][gc             ] GC(1936) Pause Young (Allocation Failure) 674M->392M(695M) 1.335ms
[688.505s][info][gc,cpu         ] GC(1936) User=0.01s Sys=0.00s Real=0.00s
[688.856s][info][gc,start       ] GC(1937) Pause Young (Allocation Failure)
[688.858s][info][gc,heap        ] GC(1937) PSYoungGen: 288832K(309760K)->64K(311296K) Eden: 288768K(288768K)->0K(292864K) From: 64K(20992K)->64K(18432K)
[688.858s][info][gc,heap        ] GC(1937) ParOldGen: 401573K(401920K)->401573K(401920K)
[688.858s][info][gc,metaspace   ] GC(1937) Metaspace: 35544K(36352K)->35544K(36352K) NonClass: 26329K(26944K)->26329K(26944K) Class: 9215K(9408K)->9215K(9408K)
[688.858s][info][gc             ] GC(1937) Pause Young (Allocation Failure) 674M->392M(696M) 1.325ms
[688.858s][info][gc,cpu         ] GC(1937) User=0.00s Sys=0.00s Real=0.01s
[688.910s][info][gc,start       ] GC(1938) Pause Young (Allocation Failure)
[688.911s][info][gc,heap        ] GC(1938) PSYoungGen: 292928K(311296K)->64K(312320K) Eden: 292864K(292864K)->0K(292864K) From: 64K(18432K)->64K(19456K)
[688.911s][info][gc,heap        ] GC(1938) ParOldGen: 401573K(401920K)->401589K(401920K)
[688.911s][info][gc,metaspace   ] GC(1938) Metaspace: 35544K(36352K)->35544K(36352K) NonClass: 26329K(26944K)->26329K(26944K) Class: 9215K(9408K)->9215K(9408K)
[688.911s][info][gc             ] GC(1938) Pause Young (Allocation Failure) 678M->392M(697M) 1.365ms
[688.912s][info][gc,cpu         ] GC(1938) User=0.00s Sys=0.00s Real=0.00s
[688.960s][info][gc,start       ] GC(1939) Pause Young (Allocation Failure)
[688.961s][info][gc,heap        ] GC(1939) PSYoungGen: 292928K(312320K)->64K(312320K) Eden: 292864K(292864K)->0K(295936K) From: 64K(19456K)->64K(16384K)
[688.961s][info][gc,heap        ] GC(1939) ParOldGen: 401589K(401920K)->401589K(401920K)
[688.961s][info][gc,metaspace   ] GC(1939) Metaspace: 35544K(36352K)->35544K(36352K) NonClass: 26329K(26944K)->26329K(26944K) Class: 9215K(9408K)->9215K(9408K)
[688.961s][info][gc             ] GC(1939) Pause Young (Allocation Failure) 678M->392M(697M) 1.264ms
[688.961s][info][gc,cpu         ] GC(1939) User=0.00s Sys=0.00s Real=0.00s
[689.184s][info][gc,start       ] GC(1940) Pause Young (Allocation Failure)
[689.185s][info][gc,heap        ] GC(1940) PSYoungGen: 296000K(312320K)->64K(313344K) Eden: 295936K(295936K)->0K(295936K) From: 64K(16384K)->64K(17408K)
[689.185s][info][gc,heap        ] GC(1940) ParOldGen: 401589K(401920K)->401589K(401920K)
[689.185s][info][gc,metaspace   ] GC(1940) Metaspace: 35544K(36352K)->35544K(36352K) NonClass: 26329K(26944K)->26329K(26944K) Class: 9215K(9408K)->9215K(9408K)
[689.185s][info][gc             ] GC(1940) Pause Young (Allocation Failure) 681M->392M(698M) 1.379ms
[689.185s][info][gc,cpu         ] GC(1940) User=0.00s Sys=0.00s Real=0.00s
[689.409s][info][gc,start       ] GC(1941) Pause Young (Allocation Failure)
[689.410s][info][gc,heap        ] GC(1941) PSYoungGen: 296000K(313344K)->64K(314368K) Eden: 295936K(295936K)->0K(300032K) From: 64K(17408K)->64K(14336K)
[689.410s][info][gc,heap        ] GC(1941) ParOldGen: 401589K(401920K)->401597K(401920K)
[689.410s][info][gc,metaspace   ] GC(1941) Metaspace: 35544K(36352K)->35544K(36352K) NonClass: 26329K(26944K)->26329K(26944K) Class: 9215K(9408K)->9215K(9408K)
[689.410s][info][gc             ] GC(1941) Pause Young (Allocation Failure) 681M->392M(699M) 1.419ms
[689.410s][info][gc,cpu         ] GC(1941) User=0.00s Sys=0.00s Real=0.00s
[689.510s][info][gc,start       ] GC(1942) Pause Young (Allocation Failure)
[689.511s][info][gc,heap        ] GC(1942) PSYoungGen: 300096K(314368K)->64K(315392K) Eden: 300032K(300032K)->0K(300032K) From: 64K(14336K)->64K(15360K)
[689.511s][info][gc,heap        ] GC(1942) ParOldGen: 401597K(401920K)->401605K(401920K)
[689.511s][info][gc,metaspace   ] GC(1942) Metaspace: 35544K(36352K)->35544K(36352K) NonClass: 26329K(26944K)->26329K(26944K) Class: 9215K(9408K)->9215K(9408K)
[689.511s][info][gc             ] GC(1942) Pause Young (Allocation Failure) 685M->392M(700M) 1.428ms
[689.511s][info][gc,cpu         ] GC(1942) User=0.01s Sys=0.00s Real=0.00s
[689.631s][info][gc,start       ] GC(1943) Pause Young (Allocation Failure)
[689.633s][info][gc,heap        ] GC(1943) PSYoungGen: 300096K(315392K)->64K(316416K) Eden: 300032K(300032K)->0K(304128K) From: 64K(15360K)->64K(12288K)
[689.633s][info][gc,heap        ] GC(1943) ParOldGen: 401605K(401920K)->401613K(401920K)
[689.633s][info][gc,metaspace   ] GC(1943) Metaspace: 35544K(36352K)->35544K(36352K) NonClass: 26329K(26944K)->26329K(26944K) Class: 9215K(9408K)->9215K(9408K)
[689.633s][info][gc             ] GC(1943) Pause Young (Allocation Failure) 685M->392M(701M) 2.287ms
[689.633s][info][gc,cpu         ] GC(1943) User=0.00s Sys=0.00s Real=0.00s
[690.020s][info][gc,start       ] GC(1944) Pause Young (Allocation Failure)
[690.022s][info][gc,heap        ] GC(1944) PSYoungGen: 304192K(316416K)->64K(317440K) Eden: 304128K(304128K)->0K(304128K) From: 64K(12288K)->64K(13312K)
[690.022s][info][gc,heap        ] GC(1944) ParOldGen: 401613K(401920K)->401629K(401920K)
[690.022s][info][gc,metaspace   ] GC(1944) Metaspace: 35544K(36352K)->35544K(36352K) NonClass: 26329K(26944K)->26329K(26944K) Class: 9215K(9408K)->9215K(9408K)
[690.023s][info][gc             ] GC(1944) Pause Young (Allocation Failure) 689M->392M(702M) 2.675ms
[690.023s][info][gc,cpu         ] GC(1944) User=0.00s Sys=0.00s Real=0.00s
[690.833s][info][gc,start       ] GC(1945) Pause Young (Allocation Failure)
[690.835s][info][gc,heap        ] GC(1945) PSYoungGen: 304192K(317440K)->64K(317952K) Eden: 304128K(304128K)->0K(307712K) From: 64K(13312K)->64K(10240K)
[690.835s][info][gc,heap        ] GC(1945) ParOldGen: 401629K(401920K)->401645K(401920K)
[690.835s][info][gc,metaspace   ] GC(1945) Metaspace: 35544K(36352K)->35544K(36352K) NonClass: 26329K(26944K)->26329K(26944K) Class: 9215K(9408K)->9215K(9408K)
[690.835s][info][gc             ] GC(1945) Pause Young (Allocation Failure) 689M->392M(703M) 1.699ms
[690.835s][info][gc,cpu         ] GC(1945) User=0.00s Sys=0.01s Real=0.00s
[691.642s][info][gc,start       ] GC(1946) Pause Young (Allocation Failure)
[691.644s][info][gc,heap        ] GC(1946) PSYoungGen: 307776K(317952K)->64K(295936K) Eden: 307712K(307712K)->0K(295424K) From: 64K(10240K)->64K(512K)
[691.644s][info][gc,heap        ] GC(1946) ParOldGen: 401645K(401920K)->401653K(401920K)
[691.644s][info][gc,metaspace   ] GC(1946) Metaspace: 35544K(36352K)->35544K(36352K) NonClass: 26329K(26944K)->26329K(26944K) Class: 9215K(9408K)->9215K(9408K)
[691.644s][info][gc             ] GC(1946) Pause Young (Allocation Failure) 692M->392M(681M) 1.923ms
[691.644s][info][gc,cpu         ] GC(1946) User=0.00s Sys=0.00s Real=0.00s
[692.153s][info][gc,start       ] GC(1947) Pause Young (Allocation Failure)
[692.155s][info][gc,heap        ] GC(1947) PSYoungGen: 295488K(295936K)->64K(284160K) Eden: 295424K(295424K)->0K(283648K) From: 64K(512K)->64K(512K)
[692.155s][info][gc,heap        ] GC(1947) ParOldGen: 401653K(401920K)->401661K(401920K)
[692.155s][info][gc,metaspace   ] GC(1947) Metaspace: 35544K(36352K)->35544K(36352K) NonClass: 26329K(26944K)->26329K(26944K) Class: 9215K(9408K)->9215K(9408K)
[692.155s][info][gc             ] GC(1947) Pause Young (Allocation Failure) 680M->392M(670M) 1.836ms
[692.155s][info][gc,cpu         ] GC(1947) User=0.00s Sys=0.00s Real=0.00s
[693.081s][info][gc,start       ] GC(1948) Pause Young (Allocation Failure)
[693.082s][info][gc,heap        ] GC(1948) PSYoungGen: 283712K(284160K)->64K(282624K) Eden: 283648K(283648K)->0K(272384K) From: 64K(512K)->64K(10240K)
[693.082s][info][gc,heap        ] GC(1948) ParOldGen: 401661K(401920K)->401669K(401920K)
[693.082s][info][gc,metaspace   ] GC(1948) Metaspace: 35544K(36352K)->35544K(36352K) NonClass: 26329K(26944K)->26329K(26944K) Class: 9215K(9408K)->9215K(9408K)
[693.082s][info][gc             ] GC(1948) Pause Young (Allocation Failure) 669M->392M(668M) 1.291ms
[693.082s][info][gc,cpu         ] GC(1948) User=0.01s Sys=0.00s Real=0.00s
[693.442s][info][gc,start       ] GC(1949) Pause Young (Allocation Failure)
[693.444s][info][gc,heap        ] GC(1949) PSYoungGen: 272448K(282624K)->64K(262144K) Eden: 272384K(272384K)->0K(261632K) From: 64K(10240K)->64K(512K)
[693.444s][info][gc,heap        ] GC(1949) ParOldGen: 401669K(401920K)->401677K(401920K)
[693.444s][info][gc,metaspace   ] GC(1949) Metaspace: 35544K(36352K)->35544K(36352K) NonClass: 26329K(26944K)->26329K(26944K) Class: 9215K(9408K)->9215K(9408K)
[693.444s][info][gc             ] GC(1949) Pause Young (Allocation Failure) 658M->392M(648M) 1.674ms
[693.444s][info][gc,cpu         ] GC(1949) User=0.00s Sys=0.00s Real=0.00s
[693.530s][info][gc,start       ] GC(1950) Pause Young (Allocation Failure)
[693.531s][info][gc,heap        ] GC(1950) PSYoungGen: 261696K(262144K)->64K(260608K) Eden: 261632K(261632K)->0K(251392K) From: 64K(512K)->64K(9216K)
[693.531s][info][gc,heap        ] GC(1950) ParOldGen: 401677K(401920K)->401685K(401920K)
[693.531s][info][gc,metaspace   ] GC(1950) Metaspace: 35544K(36352K)->35544K(36352K) NonClass: 26329K(26944K)->26329K(26944K) Class: 9215K(9408K)->9215K(9408K)
[693.531s][info][gc             ] GC(1950) Pause Young (Allocation Failure) 647M->392M(647M) 1.151ms
[693.531s][info][gc,cpu         ] GC(1950) User=0.01s Sys=0.00s Real=0.00s
[694.104s][info][gc,start       ] GC(1951) Pause Young (Allocation Failure)
[694.106s][info][gc,heap        ] GC(1951) PSYoungGen: 251456K(260608K)->64K(242176K) Eden: 251392K(251392K)->0K(241664K) From: 64K(9216K)->64K(512K)
[694.106s][info][gc,heap        ] GC(1951) ParOldGen: 401685K(401920K)->401693K(401920K)
[694.106s][info][gc,metaspace   ] GC(1951) Metaspace: 35544K(36352K)->35544K(36352K) NonClass: 26329K(26944K)->26329K(26944K) Class: 9215K(9408K)->9215K(9408K)
[694.106s][info][gc             ] GC(1951) Pause Young (Allocation Failure) 637M->392M(629M) 1.777ms
[694.106s][info][gc,cpu         ] GC(1951) User=0.00s Sys=0.00s Real=0.00s
[694.317s][info][gc,start       ] GC(1952) Pause Young (Allocation Failure)
[694.319s][info][gc,heap        ] GC(1952) PSYoungGen: 241728K(242176K)->64K(240128K) Eden: 241664K(241664K)->0K(232448K) From: 64K(512K)->64K(7680K)
[694.319s][info][gc,heap        ] GC(1952) ParOldGen: 401693K(401920K)->401709K(401920K)
[694.319s][info][gc,metaspace   ] GC(1952) Metaspace: 35544K(36352K)->35544K(36352K) NonClass: 26329K(26944K)->26329K(26944K) Class: 9215K(9408K)->9215K(9408K)
[694.319s][info][gc             ] GC(1952) Pause Young (Allocation Failure) 628M->392M(627M) 2.231ms
[694.319s][info][gc,cpu         ] GC(1952) User=0.00s Sys=0.00s Real=0.00s
[694.640s][info][gc,start       ] GC(1953) Pause Young (Allocation Failure)
[694.675s][info][gc,heap        ] GC(1953) PSYoungGen: 232512K(240128K)->7168K(280576K) Eden: 232448K(232448K)->0K(273408K) From: 64K(7680K)->7168K(7168K)
[694.675s][info][gc,heap        ] GC(1953) ParOldGen: 401709K(401920K)->412573K(412672K)
[694.675s][info][gc,metaspace   ] GC(1953) Metaspace: 35544K(36352K)->35544K(36352K) NonClass: 26329K(26944K)->26329K(26944K) Class: 9215K(9408K)->9215K(9408K)
[694.675s][info][gc             ] GC(1953) Pause Young (Allocation Failure) 619M->409M(677M) 35.202ms
[694.675s][info][gc,cpu         ] GC(1953) User=0.06s Sys=0.01s Real=0.03s
[694.992s][info][gc,start       ] GC(1954) Pause Young (Allocation Failure)
[695.050s][info][gc,heap        ] GC(1954) PSYoungGen: 280576K(280576K)->13312K(286720K) Eden: 273408K(273408K)->0K(273408K) From: 7168K(7168K)->13312K(13312K)
[695.050s][info][gc,heap        ] GC(1954) ParOldGen: 412573K(412672K)->430317K(430592K)
[695.050s][info][gc,metaspace   ] GC(1954) Metaspace: 35544K(36352K)->35544K(36352K) NonClass: 26329K(26944K)->26329K(26944K) Class: 9215K(9408K)->9215K(9408K)
[695.050s][info][gc             ] GC(1954) Pause Young (Allocation Failure) 676M->433M(700M) 58.491ms
[695.050s][info][gc,cpu         ] GC(1954) User=0.10s Sys=0.01s Real=0.06s
[695.231s][info][gc,start       ] GC(1955) Pause Young (Allocation Failure)
[695.263s][info][gc,heap        ] GC(1955) PSYoungGen: 286720K(286720K)->13856K(308224K) Eden: 273408K(273408K)->0K(285696K) From: 13312K(13312K)->13856K(22528K)
[695.263s][info][gc,heap        ] GC(1955) ParOldGen: 430317K(430592K)->430797K(431104K)
[695.263s][info][gc,metaspace   ] GC(1955) Metaspace: 35544K(36352K)->35544K(36352K) NonClass: 26329K(26944K)->26329K(26944K) Class: 9215K(9408K)->9215K(9408K)
[695.263s][info][gc             ] GC(1955) Pause Young (Allocation Failure) 700M->434M(722M) 32.372ms
[695.263s][info][gc,cpu         ] GC(1955) User=0.06s Sys=0.01s Real=0.03s
[695.605s][info][gc,start       ] GC(1956) Pause Young (Allocation Failure)
[695.606s][info][gc,heap        ] GC(1956) PSYoungGen: 299552K(308224K)->64K(309760K) Eden: 285696K(285696K)->0K(285696K) From: 13856K(22528K)->64K(24064K)
[695.606s][info][gc,heap        ] GC(1956) ParOldGen: 430797K(431104K)->430805K(431104K)
[695.606s][info][gc,metaspace   ] GC(1956) Metaspace: 35544K(36352K)->35544K(36352K) NonClass: 26329K(26944K)->26329K(26944K) Class: 9215K(9408K)->9215K(9408K)
[695.606s][info][gc             ] GC(1956) Pause Young (Allocation Failure) 713M->420M(723M) 1.390ms
[695.606s][info][gc,cpu         ] GC(1956) User=0.00s Sys=0.00s Real=0.00s
[696.171s][info][gc,start       ] GC(1957) Pause Young (Allocation Failure)
[696.173s][info][gc,heap        ] GC(1957) PSYoungGen: 285760K(309760K)->64K(307200K) Eden: 285696K(285696K)->0K(286208K) From: 64K(24064K)->64K(20992K)
[696.173s][info][gc,heap        ] GC(1957) ParOldGen: 430805K(431104K)->430813K(431104K)
[696.173s][info][gc,metaspace   ] GC(1957) Metaspace: 35544K(36352K)->35544K(36352K) NonClass: 26329K(26944K)->26329K(26944K) Class: 9215K(9408K)->9215K(9408K)
[696.173s][info][gc             ] GC(1957) Pause Young (Allocation Failure) 699M->420M(721M) 1.417ms
[696.173s][info][gc,cpu         ] GC(1957) User=0.00s Sys=0.00s Real=0.00s
[696.625s][info][gc,start       ] GC(1958) Pause Young (Allocation Failure)
[696.626s][info][gc,heap        ] GC(1958) PSYoungGen: 286272K(307200K)->64K(308736K) Eden: 286208K(286208K)->0K(286208K) From: 64K(20992K)->64K(22528K)
[696.626s][info][gc,heap        ] GC(1958) ParOldGen: 430813K(431104K)->430829K(431104K)
[696.626s][info][gc,metaspace   ] GC(1958) Metaspace: 35544K(36352K)->35544K(36352K) NonClass: 26329K(26944K)->26329K(26944K) Class: 9215K(9408K)->9215K(9408K)
[696.626s][info][gc             ] GC(1958) Pause Young (Allocation Failure) 700M->420M(722M) 1.439ms
[696.626s][info][gc,cpu         ] GC(1958) User=0.00s Sys=0.00s Real=0.00s
[696.861s][info][gc,start       ] GC(1959) Pause Young (Allocation Failure)
[696.862s][info][gc,heap        ] GC(1959) PSYoungGen: 286272K(308736K)->64K(308736K) Eden: 286208K(286208K)->0K(289792K) From: 64K(22528K)->64K(18944K)
[696.862s][info][gc,heap        ] GC(1959) ParOldGen: 430829K(431104K)->430845K(431104K)
[696.862s][info][gc,metaspace   ] GC(1959) Metaspace: 35544K(36352K)->35544K(36352K) NonClass: 26329K(26944K)->26329K(26944K) Class: 9215K(9408K)->9215K(9408K)
[696.862s][info][gc             ] GC(1959) Pause Young (Allocation Failure) 700M->420M(722M) 1.304ms
[696.862s][info][gc,cpu         ] GC(1959) User=0.00s Sys=0.00s Real=0.00s
[697.100s][info][gc,start       ] GC(1960) Pause Young (Allocation Failure)
[697.101s][info][gc,heap        ] GC(1960) PSYoungGen: 289856K(308736K)->64K(310272K) Eden: 289792K(289792K)->0K(289792K) From: 64K(18944K)->64K(20480K)
[697.101s][info][gc,heap        ] GC(1960) ParOldGen: 430845K(431104K)->430845K(431104K)
[697.101s][info][gc,metaspace   ] GC(1960) Metaspace: 35544K(36352K)->35544K(36352K) NonClass: 26329K(26944K)->26329K(26944K) Class: 9215K(9408K)->9215K(9408K)
[697.101s][info][gc             ] GC(1960) Pause Young (Allocation Failure) 703M->420M(724M) 1.328ms
[697.101s][info][gc,cpu         ] GC(1960) User=0.01s Sys=0.00s Real=0.00s
[697.402s][info][gc,start       ] GC(1961) Pause Young (Allocation Failure)
[697.403s][info][gc,heap        ] GC(1961) PSYoungGen: 289856K(310272K)->64K(310784K) Eden: 289792K(289792K)->0K(293376K) From: 64K(20480K)->64K(17408K)
[697.403s][info][gc,heap        ] GC(1961) ParOldGen: 430845K(431104K)->430845K(431104K)
[697.403s][info][gc,metaspace   ] GC(1961) Metaspace: 35544K(36352K)->35544K(36352K) NonClass: 26329K(26944K)->26329K(26944K) Class: 9215K(9408K)->9215K(9408K)
[697.403s][info][gc             ] GC(1961) Pause Young (Allocation Failure) 703M->420M(724M) 1.429ms
[697.403s][info][gc,cpu         ] GC(1961) User=0.00s Sys=0.00s Real=0.00s
[697.454s][info][gc,start       ] GC(1962) Pause Young (Allocation Failure)
[697.455s][info][gc,heap        ] GC(1962) PSYoungGen: 293440K(310784K)->64K(312320K) Eden: 293376K(293376K)->0K(293376K) From: 64K(17408K)->64K(18944K)
[697.455s][info][gc,heap        ] GC(1962) ParOldGen: 430845K(431104K)->430861K(431104K)
[697.455s][info][gc,metaspace   ] GC(1962) Metaspace: 35544K(36352K)->35544K(36352K) NonClass: 26329K(26944K)->26329K(26944K) Class: 9215K(9408K)->9215K(9408K)
[697.455s][info][gc             ] GC(1962) Pause Young (Allocation Failure) 707M->420M(726M) 1.265ms
[697.455s][info][gc,cpu         ] GC(1962) User=0.00s Sys=0.00s Real=0.00s
[697.538s][info][gc,start       ] GC(1963) Pause Young (Allocation Failure)
[697.539s][info][gc,heap        ] GC(1963) PSYoungGen: 293440K(312320K)->64K(312320K) Eden: 293376K(293376K)->0K(296960K) From: 64K(18944K)->64K(15360K)
[697.539s][info][gc,heap        ] GC(1963) ParOldGen: 430861K(431104K)->430861K(431104K)
[697.539s][info][gc,metaspace   ] GC(1963) Metaspace: 35544K(36352K)->35544K(36352K) NonClass: 26329K(26944K)->26329K(26944K) Class: 9215K(9408K)->9215K(9408K)
[697.539s][info][gc             ] GC(1963) Pause Young (Allocation Failure) 707M->420M(726M) 1.211ms
[697.539s][info][gc,cpu         ] GC(1963) User=0.01s Sys=0.00s Real=0.00s
[697.785s][info][gc,start       ] GC(1964) Pause Young (Allocation Failure)
[697.786s][info][gc,heap        ] GC(1964) PSYoungGen: 297024K(312320K)->64K(313856K) Eden: 296960K(296960K)->0K(296960K) From: 64K(15360K)->64K(16896K)
[697.786s][info][gc,heap        ] GC(1964) ParOldGen: 430861K(431104K)->430877K(431104K)
[697.786s][info][gc,metaspace   ] GC(1964) Metaspace: 35544K(36352K)->35544K(36352K) NonClass: 26329K(26944K)->26329K(26944K) Class: 9215K(9408K)->9215K(9408K)
[697.786s][info][gc             ] GC(1964) Pause Young (Allocation Failure) 710M->420M(727M) 1.367ms
[697.786s][info][gc,cpu         ] GC(1964) User=0.00s Sys=0.00s Real=0.00s
[697.980s][info][gc,start       ] GC(1965) Pause Young (Allocation Failure)
[697.982s][info][gc,heap        ] GC(1965) PSYoungGen: 297024K(313856K)->64K(314368K) Eden: 296960K(296960K)->0K(301056K) From: 64K(16896K)->64K(13312K)
[697.982s][info][gc,heap        ] GC(1965) ParOldGen: 430877K(431104K)->430877K(431104K)
[697.982s][info][gc,metaspace   ] GC(1965) Metaspace: 35544K(36352K)->35544K(36352K) NonClass: 26329K(26944K)->26329K(26944K) Class: 9215K(9408K)->9215K(9408K)
[697.982s][info][gc             ] GC(1965) Pause Young (Allocation Failure) 710M->420M(728M) 1.319ms
[697.982s][info][gc,cpu         ] GC(1965) User=0.01s Sys=0.00s Real=0.00s
[698.065s][info][gc,start       ] GC(1966) Pause Young (Allocation Failure)
[698.066s][info][gc,heap        ] GC(1966) PSYoungGen: 301120K(314368K)->64K(315904K) Eden: 301056K(301056K)->0K(301056K) From: 64K(13312K)->64K(14848K)
[698.067s][info][gc,heap        ] GC(1966) ParOldGen: 430877K(431104K)->430893K(431104K)
[698.067s][info][gc,metaspace   ] GC(1966) Metaspace: 35544K(36352K)->35544K(36352K) NonClass: 26329K(26944K)->26329K(26944K) Class: 9215K(9408K)->9215K(9408K)
[698.067s][info][gc             ] GC(1966) Pause Young (Allocation Failure) 714M->420M(729M) 1.363ms
[698.067s][info][gc,cpu         ] GC(1966) User=0.00s Sys=0.00s Real=0.00s
[698.225s][info][gc,start       ] GC(1967) Pause Young (Allocation Failure)
[698.226s][info][gc,heap        ] GC(1967) PSYoungGen: 301120K(315904K)->64K(316416K) Eden: 301056K(301056K)->0K(304640K) From: 64K(14848K)->64K(11776K)
[698.226s][info][gc,heap        ] GC(1967) ParOldGen: 430893K(431104K)->430893K(431104K)
[698.226s][info][gc,metaspace   ] GC(1967) Metaspace: 35544K(36352K)->35544K(36352K) NonClass: 26329K(26944K)->26329K(26944K) Class: 9215K(9408K)->9215K(9408K)
[698.226s][info][gc             ] GC(1967) Pause Young (Allocation Failure) 714M->420M(730M) 1.504ms
[698.226s][info][gc,cpu         ] GC(1967) User=0.00s Sys=0.00s Real=0.00s
[699.151s][info][gc,start       ] GC(1968) Pause Young (Allocation Failure)
[699.153s][info][gc,heap        ] GC(1968) PSYoungGen: 304704K(316416K)->64K(317952K) Eden: 304640K(304640K)->0K(304640K) From: 64K(11776K)->64K(13312K)
[699.153s][info][gc,heap        ] GC(1968) ParOldGen: 430893K(431104K)->430901K(431104K)
[699.153s][info][gc,metaspace   ] GC(1968) Metaspace: 35544K(36352K)->35544K(36352K) NonClass: 26329K(26944K)->26329K(26944K) Class: 9215K(9408K)->9215K(9408K)
[699.153s][info][gc             ] GC(1968) Pause Young (Allocation Failure) 718M->420M(731M) 1.539ms
[699.153s][info][gc,cpu         ] GC(1968) User=0.00s Sys=0.00s Real=0.00s
[699.974s][info][gc,start       ] GC(1969) Pause Young (Allocation Failure)
[699.975s][info][gc,heap        ] GC(1969) PSYoungGen: 304704K(317952K)->64K(292864K) Eden: 304640K(304640K)->0K(292352K) From: 64K(13312K)->64K(512K)
[699.975s][info][gc,heap        ] GC(1969) ParOldGen: 430901K(431104K)->430909K(431104K)
[699.975s][info][gc,metaspace   ] GC(1969) Metaspace: 35544K(36352K)->35544K(36352K) NonClass: 26329K(26944K)->26329K(26944K) Class: 9215K(9408K)->9215K(9408K)
[699.975s][info][gc             ] GC(1969) Pause Young (Allocation Failure) 718M->420M(707M) 1.553ms
[699.975s][info][gc,cpu         ] GC(1969) User=0.00s Sys=0.00s Real=0.00s
[700.340s][info][gc,start       ] GC(1970) Pause Young (Allocation Failure)
[700.342s][info][gc,heap        ] GC(1970) PSYoungGen: 292416K(292864K)->64K(292864K) Eden: 292352K(292352K)->0K(281088K) From: 64K(512K)->64K(11776K)
[700.342s][info][gc,heap        ] GC(1970) ParOldGen: 430909K(431104K)->430917K(431104K)
[700.342s][info][gc,metaspace   ] GC(1970) Metaspace: 35544K(36352K)->35544K(36352K) NonClass: 26329K(26944K)->26329K(26944K) Class: 9215K(9408K)->9215K(9408K)
[700.342s][info][gc             ] GC(1970) Pause Young (Allocation Failure) 706M->420M(707M) 1.344ms
[700.342s][info][gc,cpu         ] GC(1970) User=0.01s Sys=0.00s Real=0.00s
[701.415s][info][gc,start       ] GC(1971) Pause Young (Allocation Failure)
[701.417s][info][gc,heap        ] GC(1971) PSYoungGen: 281152K(292864K)->64K(270848K) Eden: 281088K(281088K)->0K(270336K) From: 64K(11776K)->64K(512K)
[701.417s][info][gc,heap        ] GC(1971) ParOldGen: 430917K(431104K)->430925K(431104K)
[701.417s][info][gc,metaspace   ] GC(1971) Metaspace: 35544K(36352K)->35544K(36352K) NonClass: 26329K(26944K)->26329K(26944K) Class: 9215K(9408K)->9215K(9408K)
[701.417s][info][gc             ] GC(1971) Pause Young (Allocation Failure) 695M->420M(685M) 2.154ms
[701.417s][info][gc,cpu         ] GC(1971) User=0.01s Sys=0.00s Real=0.01s
[701.808s][info][gc,start       ] GC(1972) Pause Young (Allocation Failure)
[701.809s][info][gc,heap        ] GC(1972) PSYoungGen: 270400K(270848K)->64K(270336K) Eden: 270336K(270336K)->0K(260096K) From: 64K(512K)->64K(10240K)
[701.809s][info][gc,heap        ] GC(1972) ParOldGen: 430925K(431104K)->430933K(431104K)
[701.809s][info][gc,metaspace   ] GC(1972) Metaspace: 35544K(36352K)->35544K(36352K) NonClass: 26329K(26944K)->26329K(26944K) Class: 9215K(9408K)->9215K(9408K)
[701.809s][info][gc             ] GC(1972) Pause Young (Allocation Failure) 684M->420M(685M) 1.354ms
[701.809s][info][gc,cpu         ] GC(1972) User=0.00s Sys=0.00s Real=0.00s
[701.999s][info][gc,start       ] GC(1973) Pause Young (Allocation Failure)
[702.001s][info][gc,heap        ] GC(1973) PSYoungGen: 260160K(270336K)->64K(250880K) Eden: 260096K(260096K)->0K(250368K) From: 64K(10240K)->64K(512K)
[702.001s][info][gc,heap        ] GC(1973) ParOldGen: 430933K(431104K)->430941K(431104K)
[702.001s][info][gc,metaspace   ] GC(1973) Metaspace: 35544K(36352K)->35544K(36352K) NonClass: 26329K(26944K)->26329K(26944K) Class: 9215K(9408K)->9215K(9408K)
[702.001s][info][gc             ] GC(1973) Pause Young (Allocation Failure) 674M->420M(666M) 1.515ms
[702.001s][info][gc,cpu         ] GC(1973) User=0.00s Sys=0.00s Real=0.00s
[702.094s][info][gc,start       ] GC(1974) Pause Young (Allocation Failure)
[702.095s][info][gc,heap        ] GC(1974) PSYoungGen: 250432K(250880K)->64K(249344K) Eden: 250368K(250368K)->0K(240640K) From: 64K(512K)->64K(8704K)
[702.095s][info][gc,heap        ] GC(1974) ParOldGen: 430941K(431104K)->430949K(431104K)
[702.095s][info][gc,metaspace   ] GC(1974) Metaspace: 35544K(36352K)->35544K(36352K) NonClass: 26329K(26944K)->26329K(26944K) Class: 9215K(9408K)->9215K(9408K)
[702.095s][info][gc             ] GC(1974) Pause Young (Allocation Failure) 665M->420M(664M) 1.212ms
[702.095s][info][gc,cpu         ] GC(1974) User=0.00s Sys=0.00s Real=0.00s
[702.660s][info][gc,start       ] GC(1975) Pause Young (Allocation Failure)
[702.662s][info][gc,heap        ] GC(1975) PSYoungGen: 240704K(249344K)->64K(231936K) Eden: 240640K(240640K)->0K(231424K) From: 64K(8704K)->64K(512K)
[702.662s][info][gc,heap        ] GC(1975) ParOldGen: 430949K(431104K)->430957K(431104K)
[702.662s][info][gc,metaspace   ] GC(1975) Metaspace: 35544K(36352K)->35544K(36352K) NonClass: 26329K(26944K)->26329K(26944K) Class: 9215K(9408K)->9215K(9408K)
[702.662s][info][gc             ] GC(1975) Pause Young (Allocation Failure) 655M->420M(647M) 1.866ms
[702.662s][info][gc,cpu         ] GC(1975) User=0.01s Sys=0.00s Real=0.00s
[702.874s][info][gc,start       ] GC(1976) Pause Young (Allocation Failure)
[702.875s][info][gc,heap        ] GC(1976) PSYoungGen: 231488K(231936K)->64K(230400K) Eden: 231424K(231424K)->0K(222720K) From: 64K(512K)->64K(7680K)
[702.875s][info][gc,heap        ] GC(1976) ParOldGen: 430957K(431104K)->430965K(431104K)
[702.875s][info][gc,metaspace   ] GC(1976) Metaspace: 35544K(36352K)->35544K(36352K) NonClass: 26329K(26944K)->26329K(26944K) Class: 9215K(9408K)->9215K(9408K)
[702.875s][info][gc             ] GC(1976) Pause Young (Allocation Failure) 646M->420M(646M) 1.273ms
[702.875s][info][gc,cpu         ] GC(1976) User=0.00s Sys=0.00s Real=0.00s
[703.188s][info][gc,start       ] GC(1977) Pause Young (Allocation Failure)
[703.218s][info][gc,heap        ] GC(1977) PSYoungGen: 222784K(230400K)->7168K(272896K) Eden: 222720K(222720K)->0K(265728K) From: 64K(7680K)->7168K(7168K)
[703.218s][info][gc,heap        ] GC(1977) ParOldGen: 430965K(431104K)->440861K(441344K)
[703.218s][info][gc,metaspace   ] GC(1977) Metaspace: 35544K(36352K)->35544K(36352K) NonClass: 26329K(26944K)->26329K(26944K) Class: 9215K(9408K)->9215K(9408K)
[703.218s][info][gc             ] GC(1977) Pause Young (Allocation Failure) 638M->437M(697M) 30.721ms
[703.219s][info][gc,cpu         ] GC(1977) User=0.06s Sys=0.00s Real=0.03s
[703.530s][info][gc,start       ] GC(1978) Pause Young (Allocation Failure)
[703.587s][info][gc,heap        ] GC(1978) PSYoungGen: 272896K(272896K)->12800K(281600K) Eden: 265728K(265728K)->0K(268800K) From: 7168K(7168K)->12800K(12800K)
[703.587s][info][gc,heap        ] GC(1978) ParOldGen: 440861K(441344K)->458229K(458240K)
[703.587s][info][gc,metaspace   ] GC(1978) Metaspace: 35544K(36352K)->35544K(36352K) NonClass: 26329K(26944K)->26329K(26944K) Class: 9215K(9408K)->9215K(9408K)
[703.587s][info][gc             ] GC(1978) Pause Young (Allocation Failure) 697M->459M(722M) 57.372ms
[703.587s][info][gc,cpu         ] GC(1978) User=0.10s Sys=0.02s Real=0.06s
[703.782s][info][gc,start       ] GC(1979) Pause Young (Allocation Failure)
[703.816s][info][gc,heap        ] GC(1979) PSYoungGen: 281600K(281600K)->15712K(307712K) Eden: 268800K(268800K)->0K(285696K) From: 12800K(12800K)->15712K(22016K)
[703.816s][info][gc,heap        ] GC(1979) ParOldGen: 458229K(458240K)->458693K(458752K)
[703.816s][info][gc,metaspace   ] GC(1979) Metaspace: 35544K(36352K)->35544K(36352K) NonClass: 26329K(26944K)->26329K(26944K) Class: 9215K(9408K)->9215K(9408K)
[703.816s][info][gc             ] GC(1979) Pause Young (Allocation Failure) 722M->463M(748M) 34.738ms
[703.817s][info][gc,cpu         ] GC(1979) User=0.05s Sys=0.01s Real=0.03s
[704.114s][info][gc,start       ] GC(1980) Pause Young (Allocation Failure)
[704.115s][info][gc,heap        ] GC(1980) PSYoungGen: 301408K(307712K)->64K(309760K) Eden: 285696K(285696K)->0K(285696K) From: 15712K(22016K)->64K(24064K)
[704.115s][info][gc,heap        ] GC(1980) ParOldGen: 458693K(458752K)->458701K(458752K)
[704.115s][info][gc,metaspace   ] GC(1980) Metaspace: 35544K(36352K)->35544K(36352K) NonClass: 26329K(26944K)->26329K(26944K) Class: 9215K(9408K)->9215K(9408K)
[704.115s][info][gc             ] GC(1980) Pause Young (Allocation Failure) 742M->448M(750M) 1.527ms
[704.115s][info][gc,cpu         ] GC(1980) User=0.00s Sys=0.00s Real=0.00s
[704.705s][info][gc,start       ] GC(1981) Pause Young (Allocation Failure)
[704.706s][info][gc,heap        ] GC(1981) PSYoungGen: 285760K(309760K)->64K(307200K) Eden: 285696K(285696K)->0K(286208K) From: 64K(24064K)->64K(20992K)
[704.706s][info][gc,heap        ] GC(1981) ParOldGen: 458701K(458752K)->458709K(458752K)
[704.706s][info][gc,metaspace   ] GC(1981) Metaspace: 35544K(36352K)->35544K(36352K) NonClass: 26329K(26944K)->26329K(26944K) Class: 9215K(9408K)->9215K(9408K)
[704.706s][info][gc             ] GC(1981) Pause Young (Allocation Failure) 727M->448M(748M) 1.521ms
[704.706s][info][gc,cpu         ] GC(1981) User=0.00s Sys=0.00s Real=0.00s
[705.165s][info][gc,start       ] GC(1982) Pause Young (Allocation Failure)
[705.167s][info][gc,heap        ] GC(1982) PSYoungGen: 286272K(307200K)->64K(308736K) Eden: 286208K(286208K)->0K(286208K) From: 64K(20992K)->64K(22528K)
[705.167s][info][gc,heap        ] GC(1982) ParOldGen: 458709K(458752K)->458725K(458752K)
[705.167s][info][gc,metaspace   ] GC(1982) Metaspace: 35544K(36352K)->35544K(36352K) NonClass: 26329K(26944K)->26329K(26944K) Class: 9215K(9408K)->9215K(9408K)
[705.167s][info][gc             ] GC(1982) Pause Young (Allocation Failure) 727M->448M(749M) 1.433ms
[705.167s][info][gc,cpu         ] GC(1982) User=0.00s Sys=0.00s Real=0.00s
[705.405s][info][gc,start       ] GC(1983) Pause Young (Allocation Failure)
[705.407s][info][gc,heap        ] GC(1983) PSYoungGen: 286272K(308736K)->32K(309760K) Eden: 286208K(286208K)->0K(289792K) From: 64K(22528K)->32K(19968K)
[705.407s][info][gc,heap        ] GC(1983) ParOldGen: 458725K(458752K)->458741K(458752K)
[705.407s][info][gc,metaspace   ] GC(1983) Metaspace: 35544K(36352K)->35544K(36352K) NonClass: 26329K(26944K)->26329K(26944K) Class: 9215K(9408K)->9215K(9408K)
[705.407s][info][gc             ] GC(1983) Pause Young (Allocation Failure) 727M->448M(750M) 1.442ms
[705.407s][info][gc,cpu         ] GC(1983) User=0.00s Sys=0.01s Real=0.01s
[705.644s][info][gc,start       ] GC(1984) Pause Young (Allocation Failure)
[705.645s][info][gc,heap        ] GC(1984) PSYoungGen: 289824K(309760K)->64K(310784K) Eden: 289792K(289792K)->0K(289792K) From: 32K(19968K)->64K(20992K)
[705.645s][info][gc,heap        ] GC(1984) ParOldGen: 458741K(458752K)->458741K(458752K)
[705.645s][info][gc,metaspace   ] GC(1984) Metaspace: 35544K(36352K)->35544K(36352K) NonClass: 26329K(26944K)->26329K(26944K) Class: 9215K(9408K)->9215K(9408K)
[705.645s][info][gc             ] GC(1984) Pause Young (Allocation Failure) 731M->448M(751M) 1.438ms
[705.645s][info][gc,cpu         ] GC(1984) User=0.01s Sys=0.00s Real=0.00s
[705.959s][info][gc,start       ] GC(1985) Pause Young (Allocation Failure)
[705.960s][info][gc,heap        ] GC(1985) PSYoungGen: 289856K(310784K)->64K(310784K) Eden: 289792K(289792K)->0K(292864K) From: 64K(20992K)->64K(17920K)
[705.960s][info][gc,heap        ] GC(1985) ParOldGen: 458741K(458752K)->458741K(458752K)
[705.960s][info][gc,metaspace   ] GC(1985) Metaspace: 35544K(36352K)->35544K(36352K) NonClass: 26329K(26944K)->26329K(26944K) Class: 9215K(9408K)->9215K(9408K)
[705.960s][info][gc             ] GC(1985) Pause Young (Allocation Failure) 731M->448M(751M) 1.420ms
[705.960s][info][gc,cpu         ] GC(1985) User=0.00s Sys=0.00s Real=0.00s
[706.011s][info][gc,start       ] GC(1986) Pause Young (Allocation Failure)
[706.012s][info][gc,heap        ] GC(1986) PSYoungGen: 292928K(310784K)->64K(311808K) Eden: 292864K(292864K)->0K(292864K) From: 64K(17920K)->64K(18944K)
[706.012s][info][gc,heap        ] GC(1986) ParOldGen: 458741K(458752K)->458757K(459264K)
[706.012s][info][gc,metaspace   ] GC(1986) Metaspace: 35544K(36352K)->35544K(36352K) NonClass: 26329K(26944K)->26329K(26944K) Class: 9215K(9408K)->9215K(9408K)
[706.013s][info][gc             ] GC(1986) Pause Young (Allocation Failure) 734M->448M(753M) 1.306ms
[706.013s][info][gc,cpu         ] GC(1986) User=0.00s Sys=0.00s Real=0.00s
[706.082s][info][gc,start       ] GC(1987) Pause Young (Allocation Failure)
[706.083s][info][gc,heap        ] GC(1987) PSYoungGen: 292928K(311808K)->64K(312832K) Eden: 292864K(292864K)->0K(296960K) From: 64K(18944K)->64K(15872K)
[706.083s][info][gc,heap        ] GC(1987) ParOldGen: 458757K(459264K)->458757K(459264K)
[706.083s][info][gc,metaspace   ] GC(1987) Metaspace: 35544K(36352K)->35544K(36352K) NonClass: 26329K(26944K)->26329K(26944K) Class: 9215K(9408K)->9215K(9408K)
[706.083s][info][gc             ] GC(1987) Pause Young (Allocation Failure) 734M->448M(754M) 1.405ms
[706.083s][info][gc,cpu         ] GC(1987) User=0.00s Sys=0.00s Real=0.00s
[706.328s][info][gc,start       ] GC(1988) Pause Young (Allocation Failure)
[706.329s][info][gc,heap        ] GC(1988) PSYoungGen: 297024K(312832K)->64K(313856K) Eden: 296960K(296960K)->0K(296960K) From: 64K(15872K)->64K(16896K)
[706.329s][info][gc,heap        ] GC(1988) ParOldGen: 458757K(459264K)->458773K(459264K)
[706.329s][info][gc,metaspace   ] GC(1988) Metaspace: 35544K(36352K)->35544K(36352K) NonClass: 26329K(26944K)->26329K(26944K) Class: 9215K(9408K)->9215K(9408K)
[706.329s][info][gc             ] GC(1988) Pause Young (Allocation Failure) 738M->448M(755M) 1.467ms
[706.329s][info][gc,cpu         ] GC(1988) User=0.00s Sys=0.00s Real=0.00s
[706.534s][info][gc,start       ] GC(1989) Pause Young (Allocation Failure)
[706.536s][info][gc,heap        ] GC(1989) PSYoungGen: 297024K(313856K)->64K(314880K) Eden: 296960K(296960K)->0K(301056K) From: 64K(16896K)->64K(13824K)
[706.536s][info][gc,heap        ] GC(1989) ParOldGen: 458773K(459264K)->458773K(459264K)
[706.536s][info][gc,metaspace   ] GC(1989) Metaspace: 35544K(36352K)->35544K(36352K) NonClass: 26329K(26944K)->26329K(26944K) Class: 9215K(9408K)->9215K(9408K)
[706.536s][info][gc             ] GC(1989) Pause Young (Allocation Failure) 738M->448M(756M) 1.435ms
[706.536s][info][gc,cpu         ] GC(1989) User=0.01s Sys=0.00s Real=0.00s
[706.620s][info][gc,start       ] GC(1990) Pause Young (Allocation Failure)
[706.621s][info][gc,heap        ] GC(1990) PSYoungGen: 301120K(314880K)->64K(315904K) Eden: 301056K(301056K)->0K(301056K) From: 64K(13824K)->64K(14848K)
[706.621s][info][gc,heap        ] GC(1990) ParOldGen: 458773K(459264K)->458789K(459264K)
[706.621s][info][gc,metaspace   ] GC(1990) Metaspace: 35544K(36352K)->35544K(36352K) NonClass: 26329K(26944K)->26329K(26944K) Class: 9215K(9408K)->9215K(9408K)
[706.621s][info][gc             ] GC(1990) Pause Young (Allocation Failure) 742M->448M(757M) 1.450ms
[706.621s][info][gc,cpu         ] GC(1990) User=0.00s Sys=0.00s Real=0.00s
[706.759s][info][gc,start       ] GC(1991) Pause Young (Allocation Failure)
[706.761s][info][gc,heap        ] GC(1991) PSYoungGen: 301120K(315904K)->64K(316416K) Eden: 301056K(301056K)->0K(304640K) From: 64K(14848K)->64K(11776K)
[706.761s][info][gc,heap        ] GC(1991) ParOldGen: 458789K(459264K)->458789K(459264K)
[706.761s][info][gc,metaspace   ] GC(1991) Metaspace: 35544K(36352K)->35544K(36352K) NonClass: 26329K(26944K)->26329K(26944K) Class: 9215K(9408K)->9215K(9408K)
[706.761s][info][gc             ] GC(1991) Pause Young (Allocation Failure) 742M->448M(757M) 1.298ms
[706.761s][info][gc,cpu         ] GC(1991) User=0.00s Sys=0.00s Real=0.00s
[707.700s][info][gc,start       ] GC(1992) Pause Young (Allocation Failure)
[707.701s][info][gc,heap        ] GC(1992) PSYoungGen: 304696K(316416K)->64K(317952K) Eden: 304632K(304640K)->0K(304640K) From: 64K(11776K)->64K(13312K)
[707.701s][info][gc,heap        ] GC(1992) ParOldGen: 458789K(459264K)->458797K(459264K)
[707.701s][info][gc,metaspace   ] GC(1992) Metaspace: 35544K(36352K)->35544K(36352K) NonClass: 26329K(26944K)->26329K(26944K) Class: 9215K(9408K)->9215K(9408K)
[707.702s][info][gc             ] GC(1992) Pause Young (Allocation Failure) 745M->448M(759M) 1.496ms
[707.702s][info][gc,cpu         ] GC(1992) User=0.01s Sys=0.00s Real=0.00s
[708.513s][info][gc,start       ] GC(1993) Pause Young (Allocation Failure)
[708.515s][info][gc,heap        ] GC(1993) PSYoungGen: 304704K(317952K)->64K(292864K) Eden: 304640K(304640K)->0K(292352K) From: 64K(13312K)->64K(512K)
[708.515s][info][gc,heap        ] GC(1993) ParOldGen: 458797K(459264K)->458805K(459264K)
[708.515s][info][gc,metaspace   ] GC(1993) Metaspace: 35544K(36352K)->35544K(36352K) NonClass: 26329K(26944K)->26329K(26944K) Class: 9215K(9408K)->9215K(9408K)
[708.515s][info][gc             ] GC(1993) Pause Young (Allocation Failure) 745M->448M(734M) 1.815ms
[708.515s][info][gc,cpu         ] GC(1993) User=0.01s Sys=0.00s Real=0.00s
[708.840s][info][gc,start       ] GC(1994) Pause Young (Allocation Failure)
[708.841s][info][gc,heap        ] GC(1994) PSYoungGen: 292416K(292864K)->64K(292864K) Eden: 292352K(292352K)->0K(281088K) From: 64K(512K)->64K(11776K)
[708.841s][info][gc,heap        ] GC(1994) ParOldGen: 458805K(459264K)->458813K(459264K)
[708.841s][info][gc,metaspace   ] GC(1994) Metaspace: 35544K(36352K)->35544K(36352K) NonClass: 26329K(26944K)->26329K(26944K) Class: 9215K(9408K)->9215K(9408K)
[708.841s][info][gc             ] GC(1994) Pause Young (Allocation Failure) 733M->448M(734M) 1.438ms
[708.841s][info][gc,cpu         ] GC(1994) User=0.00s Sys=0.00s Real=0.00s
[709.771s][info][gc,start       ] GC(1995) Pause Young (Allocation Failure)
[709.774s][info][gc,heap        ] GC(1995) PSYoungGen: 281152K(292864K)->64K(270848K) Eden: 281088K(281088K)->0K(270336K) From: 64K(11776K)->64K(512K)
[709.774s][info][gc,heap        ] GC(1995) ParOldGen: 458813K(459264K)->458821K(459264K)
[709.774s][info][gc,metaspace   ] GC(1995) Metaspace: 35544K(36352K)->35544K(36352K) NonClass: 26329K(26944K)->26329K(26944K) Class: 9215K(9408K)->9215K(9408K)
[709.774s][info][gc             ] GC(1995) Pause Young (Allocation Failure) 722M->448M(713M) 2.089ms
[709.774s][info][gc,cpu         ] GC(1995) User=0.00s Sys=0.00s Real=0.00s
[710.177s][info][gc,start       ] GC(1996) Pause Young (Allocation Failure)
[710.179s][info][gc,heap        ] GC(1996) PSYoungGen: 270400K(270848K)->64K(270336K) Eden: 270336K(270336K)->0K(260096K) From: 64K(512K)->64K(10240K)
[710.179s][info][gc,heap        ] GC(1996) ParOldGen: 458821K(459264K)->458829K(459264K)
[710.179s][info][gc,metaspace   ] GC(1996) Metaspace: 35544K(36352K)->35544K(36352K) NonClass: 26329K(26944K)->26329K(26944K) Class: 9215K(9408K)->9215K(9408K)
[710.179s][info][gc             ] GC(1996) Pause Young (Allocation Failure) 712M->448M(712M) 1.371ms
[710.179s][info][gc,cpu         ] GC(1996) User=0.01s Sys=0.00s Real=0.00s
[710.525s][info][gc,start       ] GC(1997) Pause Young (Allocation Failure)
[710.527s][info][gc,heap        ] GC(1997) PSYoungGen: 260160K(270336K)->64K(250880K) Eden: 260096K(260096K)->0K(250368K) From: 64K(10240K)->64K(512K)
[710.527s][info][gc,heap        ] GC(1997) ParOldGen: 458829K(459264K)->458837K(459264K)
[710.527s][info][gc,metaspace   ] GC(1997) Metaspace: 35544K(36352K)->35544K(36352K) NonClass: 26329K(26944K)->26329K(26944K) Class: 9215K(9408K)->9215K(9408K)
[710.527s][info][gc             ] GC(1997) Pause Young (Allocation Failure) 702M->448M(693M) 1.770ms
[710.527s][info][gc,cpu         ] GC(1997) User=0.00s Sys=0.00s Real=0.01s
[710.610s][info][gc,start       ] GC(1998) Pause Young (Allocation Failure)
[710.612s][info][gc,heap        ] GC(1998) PSYoungGen: 250432K(250880K)->64K(249344K) Eden: 250368K(250368K)->0K(240640K) From: 64K(512K)->64K(8704K)
[710.612s][info][gc,heap        ] GC(1998) ParOldGen: 458837K(459264K)->458845K(459264K)
[710.612s][info][gc,metaspace   ] GC(1998) Metaspace: 35544K(36352K)->35544K(36352K) NonClass: 26329K(26944K)->26329K(26944K) Class: 9215K(9408K)->9215K(9408K)
[710.612s][info][gc             ] GC(1998) Pause Young (Allocation Failure) 692M->448M(692M) 1.315ms
[710.612s][info][gc,cpu         ] GC(1998) User=0.00s Sys=0.00s Real=0.00s
[711.164s][info][gc,start       ] GC(1999) Pause Young (Allocation Failure)
[711.166s][info][gc,heap        ] GC(1999) PSYoungGen: 240704K(249344K)->64K(231936K) Eden: 240640K(240640K)->0K(231424K) From: 64K(8704K)->64K(512K)
[711.166s][info][gc,heap        ] GC(1999) ParOldGen: 458845K(459264K)->458853K(459264K)
[711.166s][info][gc,metaspace   ] GC(1999) Metaspace: 35544K(36352K)->35544K(36352K) NonClass: 26329K(26944K)->26329K(26944K) Class: 9215K(9408K)->9215K(9408K)
[711.166s][info][gc             ] GC(1999) Pause Young (Allocation Failure) 683M->448M(675M) 2.008ms
[711.166s][info][gc,cpu         ] GC(1999) User=0.00s Sys=0.00s Real=0.00s
[711.369s][info][gc,start       ] GC(2000) Pause Young (Allocation Failure)
[711.370s][info][gc,heap        ] GC(2000) PSYoungGen: 231488K(231936K)->64K(230400K) Eden: 231424K(231424K)->0K(222720K) From: 64K(512K)->64K(7680K)
[711.370s][info][gc,heap        ] GC(2000) ParOldGen: 458853K(459264K)->458861K(459264K)
[711.370s][info][gc,metaspace   ] GC(2000) Metaspace: 35544K(36352K)->35544K(36352K) NonClass: 26329K(26944K)->26329K(26944K) Class: 9215K(9408K)->9215K(9408K)
[711.370s][info][gc             ] GC(2000) Pause Young (Allocation Failure) 674M->448M(673M) 1.426ms
[711.370s][info][gc,cpu         ] GC(2000) User=0.01s Sys=0.00s Real=0.00s
[711.692s][info][gc,start       ] GC(2001) Pause Young (Allocation Failure)
[711.718s][info][gc,heap        ] GC(2001) PSYoungGen: 222784K(230400K)->7168K(272384K) Eden: 222720K(222720K)->0K(265216K) From: 64K(7680K)->7168K(7168K)
[711.718s][info][gc,heap        ] GC(2001) ParOldGen: 458861K(459264K)->466293K(466432K)
[711.718s][info][gc,metaspace   ] GC(2001) Metaspace: 35544K(36352K)->35544K(36352K) NonClass: 26329K(26944K)->26329K(26944K) Class: 9215K(9408K)->9215K(9408K)
[711.718s][info][gc             ] GC(2001) Pause Young (Allocation Failure) 665M->462M(721M) 26.552ms
[711.718s][info][gc,cpu         ] GC(2001) User=0.04s Sys=0.01s Real=0.03s
[712.028s][info][gc,start       ] GC(2002) Pause Young (Allocation Failure)
[712.085s][info][gc,heap        ] GC(2002) PSYoungGen: 272384K(272384K)->11776K(282624K) Eden: 265216K(265216K)->0K(270848K) From: 7168K(7168K)->11776K(11776K)
[712.085s][info][gc,heap        ] GC(2002) ParOldGen: 466293K(466432K)->484557K(484864K)
[712.085s][info][gc,metaspace   ] GC(2002) Metaspace: 35544K(36352K)->35544K(36352K) NonClass: 26329K(26944K)->26329K(26944K) Class: 9215K(9408K)->9215K(9408K)
[712.085s][info][gc             ] GC(2002) Pause Young (Allocation Failure) 721M->484M(749M) 57.492ms
[712.086s][info][gc,cpu         ] GC(2002) User=0.10s Sys=0.01s Real=0.05s
[712.301s][info][gc,start       ] GC(2003) Pause Young (Allocation Failure)
[712.342s][info][gc,heap        ] GC(2003) PSYoungGen: 282624K(282624K)->18208K(305664K) Eden: 270848K(270848K)->0K(284672K) From: 11776K(11776K)->18208K(20992K)
[712.342s][info][gc,heap        ] GC(2003) ParOldGen: 484557K(484864K)->485053K(485376K)
[712.342s][info][gc,metaspace   ] GC(2003) Metaspace: 35544K(36352K)->35544K(36352K) NonClass: 26329K(26944K)->26329K(26944K) Class: 9215K(9408K)->9215K(9408K)
[712.342s][info][gc             ] GC(2003) Pause Young (Allocation Failure) 749M->491M(772M) 40.451ms
[712.342s][info][gc,cpu         ] GC(2003) User=0.06s Sys=0.02s Real=0.04s
[712.594s][info][gc,start       ] GC(2004) Pause Young (Allocation Failure)
[712.595s][info][gc,heap        ] GC(2004) PSYoungGen: 302880K(305664K)->64K(309248K) Eden: 284672K(284672K)->0K(284672K) From: 18208K(20992K)->64K(24576K)
[712.595s][info][gc,heap        ] GC(2004) ParOldGen: 485053K(485376K)->485061K(485376K)
[712.595s][info][gc,metaspace   ] GC(2004) Metaspace: 35544K(36352K)->35544K(36352K) NonClass: 26329K(26944K)->26329K(26944K) Class: 9215K(9408K)->9215K(9408K)
[712.595s][info][gc             ] GC(2004) Pause Young (Allocation Failure) 769M->473M(776M) 1.659ms
[712.595s][info][gc,cpu         ] GC(2004) User=0.01s Sys=0.00s Real=0.00s
[713.260s][info][gc,start       ] GC(2005) Pause Young (Allocation Failure)
[713.262s][info][gc,heap        ] GC(2005) PSYoungGen: 284736K(309248K)->160K(307200K) Eden: 284672K(284672K)->0K(285696K) From: 64K(24576K)->160K(21504K)
[713.262s][info][gc,heap        ] GC(2005) ParOldGen: 485061K(485376K)->485077K(485376K)
[713.262s][info][gc,metaspace   ] GC(2005) Metaspace: 35692K(36416K)->35692K(36416K) NonClass: 26476K(27008K)->26476K(27008K) Class: 9215K(9408K)->9215K(9408K)
[713.262s][info][gc             ] GC(2005) Pause Young (Allocation Failure) 751M->473M(774M) 2.138ms
[713.262s][info][gc,cpu         ] GC(2005) User=0.01s Sys=0.00s Real=0.00s
[713.736s][info][gc,start       ] GC(2006) Pause Young (Allocation Failure)
[713.737s][info][gc,heap        ] GC(2006) PSYoungGen: 285856K(307200K)->64K(308736K) Eden: 285696K(285696K)->0K(285696K) From: 160K(21504K)->64K(23040K)
[713.737s][info][gc,heap        ] GC(2006) ParOldGen: 485077K(485376K)->485165K(485376K)
[713.737s][info][gc,metaspace   ] GC(2006) Metaspace: 35693K(36416K)->35693K(36416K) NonClass: 26477K(27008K)->26477K(27008K) Class: 9215K(9408K)->9215K(9408K)
[713.737s][info][gc             ] GC(2006) Pause Young (Allocation Failure) 752M->473M(775M) 1.828ms
[713.737s][info][gc,cpu         ] GC(2006) User=0.00s Sys=0.00s Real=0.01s
[713.971s][info][gc,start       ] GC(2007) Pause Young (Allocation Failure)
[713.972s][info][gc,heap        ] GC(2007) PSYoungGen: 285760K(308736K)->32K(308224K) Eden: 285696K(285696K)->0K(288768K) From: 64K(23040K)->32K(19456K)
[713.972s][info][gc,heap        ] GC(2007) ParOldGen: 485165K(485376K)->485181K(485376K)
[713.972s][info][gc,metaspace   ] GC(2007) Metaspace: 35693K(36416K)->35693K(36416K) NonClass: 26477K(27008K)->26477K(27008K) Class: 9215K(9408K)->9215K(9408K)
[713.972s][info][gc             ] GC(2007) Pause Young (Allocation Failure) 752M->473M(775M) 1.532ms
[713.972s][info][gc,cpu         ] GC(2007) User=0.00s Sys=0.00s Real=0.00s
[714.209s][info][gc,start       ] GC(2008) Pause Young (Allocation Failure)
[714.210s][info][gc,heap        ] GC(2008) PSYoungGen: 288800K(308224K)->64K(309760K) Eden: 288768K(288768K)->0K(288768K) From: 32K(19456K)->64K(20992K)
[714.210s][info][gc,heap        ] GC(2008) ParOldGen: 485181K(485376K)->485181K(485376K)
[714.210s][info][gc,metaspace   ] GC(2008) Metaspace: 35693K(36416K)->35693K(36416K) NonClass: 26477K(27008K)->26477K(27008K) Class: 9215K(9408K)->9215K(9408K)
[714.210s][info][gc             ] GC(2008) Pause Young (Allocation Failure) 755M->473M(776M) 1.454ms
[714.210s][info][gc,cpu         ] GC(2008) User=0.00s Sys=0.00s Real=0.00s
[714.550s][info][gc,start       ] GC(2009) Pause Young (Allocation Failure)
[714.551s][info][gc,heap        ] GC(2009) PSYoungGen: 288832K(309760K)->64K(310272K) Eden: 288768K(288768K)->0K(292864K) From: 64K(20992K)->64K(17408K)
[714.551s][info][gc,heap        ] GC(2009) ParOldGen: 485181K(485376K)->485181K(485376K)
[714.551s][info][gc,metaspace   ] GC(2009) Metaspace: 35693K(36416K)->35693K(36416K) NonClass: 26477K(27008K)->26477K(27008K) Class: 9215K(9408K)->9215K(9408K)
[714.551s][info][gc             ] GC(2009) Pause Young (Allocation Failure) 755M->473M(777M) 1.401ms
[714.551s][info][gc,cpu         ] GC(2009) User=0.00s Sys=0.00s Real=0.00s
[714.603s][info][gc,start       ] GC(2010) Pause Young (Allocation Failure)
[714.604s][info][gc,heap        ] GC(2010) PSYoungGen: 292928K(310272K)->64K(311808K) Eden: 292864K(292864K)->0K(292864K) From: 64K(17408K)->64K(18944K)
[714.604s][info][gc,heap        ] GC(2010) ParOldGen: 485181K(485376K)->485197K(485376K)
[714.604s][info][gc,metaspace   ] GC(2010) Metaspace: 35693K(36416K)->35693K(36416K) NonClass: 26477K(27008K)->26477K(27008K) Class: 9215K(9408K)->9215K(9408K)
[714.604s][info][gc             ] GC(2010) Pause Young (Allocation Failure) 759M->473M(778M) 1.425ms
[714.604s][info][gc,cpu         ] GC(2010) User=0.01s Sys=0.00s Real=0.00s
[714.654s][info][gc,start       ] GC(2011) Pause Young (Allocation Failure)
[714.655s][info][gc,heap        ] GC(2011) PSYoungGen: 292928K(311808K)->64K(312320K) Eden: 292864K(292864K)->0K(296960K) From: 64K(18944K)->64K(15360K)
[714.655s][info][gc,heap        ] GC(2011) ParOldGen: 485197K(485376K)->485197K(485376K)
[714.655s][info][gc,metaspace   ] GC(2011) Metaspace: 35693K(36416K)->35693K(36416K) NonClass: 26477K(27008K)->26477K(27008K) Class: 9215K(9408K)->9215K(9408K)
[714.655s][info][gc             ] GC(2011) Pause Young (Allocation Failure) 759M->473M(779M) 1.337ms
[714.655s][info][gc,cpu         ] GC(2011) User=0.01s Sys=0.00s Real=0.00s
[714.890s][info][gc,start       ] GC(2012) Pause Young (Allocation Failure)
[714.892s][info][gc,heap        ] GC(2012) PSYoungGen: 297024K(312320K)->64K(313856K) Eden: 296960K(296960K)->0K(296960K) From: 64K(15360K)->64K(16896K)
[714.892s][info][gc,heap        ] GC(2012) ParOldGen: 485197K(485376K)->485197K(485376K)
[714.892s][info][gc,metaspace   ] GC(2012) Metaspace: 35693K(36416K)->35693K(36416K) NonClass: 26477K(27008K)->26477K(27008K) Class: 9215K(9408K)->9215K(9408K)
[714.892s][info][gc             ] GC(2012) Pause Young (Allocation Failure) 763M->473M(780M) 1.500ms
[714.892s][info][gc,cpu         ] GC(2012) User=0.00s Sys=0.00s Real=0.00s
[715.114s][info][gc,start       ] GC(2013) Pause Young (Allocation Failure)
[715.115s][info][gc,heap        ] GC(2013) PSYoungGen: 297024K(313856K)->64K(315392K) Eden: 296960K(296960K)->0K(301056K) From: 64K(16896K)->64K(14336K)
[715.115s][info][gc,heap        ] GC(2013) ParOldGen: 485197K(485376K)->485205K(485376K)
[715.115s][info][gc,metaspace   ] GC(2013) Metaspace: 35693K(36416K)->35693K(36416K) NonClass: 26477K(27008K)->26477K(27008K) Class: 9215K(9408K)->9215K(9408K)
[715.115s][info][gc             ] GC(2013) Pause Young (Allocation Failure) 763M->473M(782M) 1.471ms
[715.115s][info][gc,cpu         ] GC(2013) User=0.01s Sys=0.00s Real=0.00s
[715.206s][info][gc,start       ] GC(2014) Pause Young (Allocation Failure)
[715.207s][info][gc,heap        ] GC(2014) PSYoungGen: 301120K(315392K)->64K(316416K) Eden: 301056K(301056K)->0K(301056K) From: 64K(14336K)->64K(15360K)
[715.208s][info][gc,heap        ] GC(2014) ParOldGen: 485205K(485376K)->485213K(485376K)
[715.208s][info][gc,metaspace   ] GC(2014) Metaspace: 35693K(36416K)->35693K(36416K) NonClass: 26477K(27008K)->26477K(27008K) Class: 9215K(9408K)->9215K(9408K)
[715.208s][info][gc             ] GC(2014) Pause Young (Allocation Failure) 767M->473M(783M) 1.441ms
[715.208s][info][gc,cpu         ] GC(2014) User=0.00s Sys=0.00s Real=0.01s
[715.333s][info][gc,start       ] GC(2015) Pause Young (Allocation Failure)
[715.335s][info][gc,heap        ] GC(2015) PSYoungGen: 301120K(316416K)->64K(316416K) Eden: 301056K(301056K)->0K(304128K) From: 64K(15360K)->64K(12288K)
[715.335s][info][gc,heap        ] GC(2015) ParOldGen: 485213K(485376K)->485221K(485376K)
[715.335s][info][gc,metaspace   ] GC(2015) Metaspace: 35693K(36416K)->35693K(36416K) NonClass: 26477K(27008K)->26477K(27008K) Class: 9215K(9408K)->9215K(9408K)
[715.335s][info][gc             ] GC(2015) Pause Young (Allocation Failure) 767M->473M(783M) 1.389ms
[715.335s][info][gc,cpu         ] GC(2015) User=0.01s Sys=0.00s Real=0.00s
[715.738s][info][gc,start       ] GC(2016) Pause Young (Allocation Failure)
[715.739s][info][gc,heap        ] GC(2016) PSYoungGen: 304192K(316416K)->64K(317440K) Eden: 304128K(304128K)->0K(304128K) From: 64K(12288K)->64K(13312K)
[715.739s][info][gc,heap        ] GC(2016) ParOldGen: 485221K(485376K)->485229K(485376K)
[715.739s][info][gc,metaspace   ] GC(2016) Metaspace: 35693K(36416K)->35693K(36416K) NonClass: 26477K(27008K)->26477K(27008K) Class: 9215K(9408K)->9215K(9408K)
[715.739s][info][gc             ] GC(2016) Pause Young (Allocation Failure) 770M->473M(784M) 1.447ms
[715.739s][info][gc,cpu         ] GC(2016) User=0.01s Sys=0.00s Real=0.00s
[716.886s][info][gc,start       ] GC(2017) Pause Young (Allocation Failure)
[716.888s][info][gc,heap        ] GC(2017) PSYoungGen: 304192K(317440K)->64K(292352K) Eden: 304128K(304128K)->0K(291840K) From: 64K(13312K)->64K(512K)
[716.888s][info][gc,heap        ] GC(2017) ParOldGen: 485229K(485376K)->485237K(485376K)
[716.888s][info][gc,metaspace   ] GC(2017) Metaspace: 35693K(36416K)->35693K(36416K) NonClass: 26477K(27008K)->26477K(27008K) Class: 9215K(9408K)->9215K(9408K)
[716.888s][info][gc             ] GC(2017) Pause Young (Allocation Failure) 770M->473M(759M) 2.147ms
[716.888s][info][gc,cpu         ] GC(2017) User=0.00s Sys=0.00s Real=0.01s
[717.342s][info][gc,start       ] GC(2018) Pause Young (Allocation Failure)
[717.344s][info][gc,heap        ] GC(2018) PSYoungGen: 291904K(292352K)->64K(292352K) Eden: 291840K(291840K)->0K(280576K) From: 64K(512K)->64K(11776K)
[717.344s][info][gc,heap        ] GC(2018) ParOldGen: 485237K(485376K)->485245K(485376K)
[717.344s][info][gc,metaspace   ] GC(2018) Metaspace: 35693K(36416K)->35693K(36416K) NonClass: 26477K(27008K)->26477K(27008K) Class: 9215K(9408K)->9215K(9408K)
[717.344s][info][gc             ] GC(2018) Pause Young (Allocation Failure) 758M->473M(759M) 1.498ms
[717.344s][info][gc,cpu         ] GC(2018) User=0.00s Sys=0.00s Real=0.00s
[717.828s][info][gc,start       ] GC(2019) Pause Young (Allocation Failure)
[717.831s][info][gc,heap        ] GC(2019) PSYoungGen: 280640K(292352K)->64K(270336K) Eden: 280576K(280576K)->0K(269824K) From: 64K(11776K)->64K(512K)
[717.831s][info][gc,heap        ] GC(2019) ParOldGen: 485245K(485376K)->485253K(485376K)
[717.831s][info][gc,metaspace   ] GC(2019) Metaspace: 35693K(36416K)->35693K(36416K) NonClass: 26477K(27008K)->26477K(27008K) Class: 9215K(9408K)->9215K(9408K)
[717.831s][info][gc             ] GC(2019) Pause Young (Allocation Failure) 747M->473M(738M) 2.628ms
[717.831s][info][gc,cpu         ] GC(2019) User=0.00s Sys=0.00s Real=0.00s
[718.747s][info][gc,start       ] GC(2020) Pause Young (Allocation Failure)
[718.749s][info][gc,heap        ] GC(2020) PSYoungGen: 269888K(270336K)->64K(269824K) Eden: 269824K(269824K)->0K(259584K) From: 64K(512K)->64K(10240K)
[718.749s][info][gc,heap        ] GC(2020) ParOldGen: 485253K(485376K)->485261K(485376K)
[718.749s][info][gc,metaspace   ] GC(2020) Metaspace: 35693K(36416K)->35693K(36416K) NonClass: 26477K(27008K)->26477K(27008K) Class: 9215K(9408K)->9215K(9408K)
[718.749s][info][gc             ] GC(2020) Pause Young (Allocation Failure) 737M->473M(737M) 1.341ms
[718.749s][info][gc,cpu         ] GC(2020) User=0.00s Sys=0.00s Real=0.00s
[719.118s][info][gc,start       ] GC(2021) Pause Young (Allocation Failure)
[719.119s][info][gc,heap        ] GC(2021) PSYoungGen: 259648K(269824K)->64K(250368K) Eden: 259584K(259584K)->0K(249856K) From: 64K(10240K)->64K(512K)
[719.119s][info][gc,heap        ] GC(2021) ParOldGen: 485261K(485376K)->485269K(485376K)
[719.119s][info][gc,metaspace   ] GC(2021) Metaspace: 35693K(36416K)->35693K(36416K) NonClass: 26477K(27008K)->26477K(27008K) Class: 9215K(9408K)->9215K(9408K)
[719.119s][info][gc             ] GC(2021) Pause Young (Allocation Failure) 727M->473M(718M) 1.657ms
[719.119s][info][gc,cpu         ] GC(2021) User=0.00s Sys=0.00s Real=0.00s
[719.185s][info][gc,start       ] GC(2022) Pause Young (Allocation Failure)
[719.186s][info][gc,heap        ] GC(2022) PSYoungGen: 249920K(250368K)->64K(248832K) Eden: 249856K(249856K)->0K(240128K) From: 64K(512K)->64K(8704K)
[719.186s][info][gc,heap        ] GC(2022) ParOldGen: 485269K(485376K)->485277K(485376K)
[719.186s][info][gc,metaspace   ] GC(2022) Metaspace: 35693K(36416K)->35693K(36416K) NonClass: 26477K(27008K)->26477K(27008K) Class: 9215K(9408K)->9215K(9408K)
[719.186s][info][gc             ] GC(2022) Pause Young (Allocation Failure) 717M->473M(717M) 1.320ms
[719.186s][info][gc,cpu         ] GC(2022) User=0.00s Sys=0.00s Real=0.00s
[719.648s][info][gc,start       ] GC(2023) Pause Young (Allocation Failure)
[719.650s][info][gc,heap        ] GC(2023) PSYoungGen: 240192K(248832K)->64K(231424K) Eden: 240128K(240128K)->0K(230912K) From: 64K(8704K)->64K(512K)
[719.650s][info][gc,heap        ] GC(2023) ParOldGen: 485277K(485376K)->485285K(485376K)
[719.650s][info][gc,metaspace   ] GC(2023) Metaspace: 35693K(36416K)->35693K(36416K) NonClass: 26477K(27008K)->26477K(27008K) Class: 9215K(9408K)->9215K(9408K)
[719.650s][info][gc             ] GC(2023) Pause Young (Allocation Failure) 708M->473M(700M) 2.030ms
[719.650s][info][gc,cpu         ] GC(2023) User=0.00s Sys=0.00s Real=0.00s
[719.895s][info][gc,start       ] GC(2024) Pause Young (Allocation Failure)
[719.897s][info][gc,heap        ] GC(2024) PSYoungGen: 230976K(231424K)->64K(229888K) Eden: 230912K(230912K)->0K(222208K) From: 64K(512K)->64K(7680K)
[719.897s][info][gc,heap        ] GC(2024) ParOldGen: 485285K(485376K)->485293K(485376K)
[719.897s][info][gc,metaspace   ] GC(2024) Metaspace: 35693K(36416K)->35693K(36416K) NonClass: 26477K(27008K)->26477K(27008K) Class: 9215K(9408K)->9215K(9408K)
[719.897s][info][gc             ] GC(2024) Pause Young (Allocation Failure) 699M->473M(698M) 1.422ms
[719.897s][info][gc,cpu         ] GC(2024) User=0.00s Sys=0.00s Real=0.00s
[720.238s][info][gc,start       ] GC(2025) Pause Young (Allocation Failure)
[720.258s][info][gc,heap        ] GC(2025) PSYoungGen: 222272K(229888K)->7168K(271360K) Eden: 222208K(222208K)->0K(264192K) From: 64K(7680K)->7168K(7168K)
[720.258s][info][gc,heap        ] GC(2025) ParOldGen: 485293K(485376K)->487373K(487424K)
[720.258s][info][gc,metaspace   ] GC(2025) Metaspace: 35693K(36416K)->35693K(36416K) NonClass: 26477K(27008K)->26477K(27008K) Class: 9215K(9408K)->9215K(9408K)
[720.258s][info][gc             ] GC(2025) Pause Young (Allocation Failure) 690M->482M(741M) 20.240ms
[720.258s][info][gc,cpu         ] GC(2025) User=0.03s Sys=0.00s Real=0.02s
[720.565s][info][gc,start       ] GC(2026) Pause Young (Allocation Failure)
[720.624s][info][gc,heap        ] GC(2026) PSYoungGen: 271360K(271360K)->9728K(284672K) Eden: 264192K(264192K)->0K(274944K) From: 7168K(7168K)->9728K(9728K)
[720.624s][info][gc,heap        ] GC(2026) ParOldGen: 487373K(487424K)->507429K(507904K)
[720.624s][info][gc,metaspace   ] GC(2026) Metaspace: 35693K(36416K)->35693K(36416K) NonClass: 26477K(27008K)->26477K(27008K) Class: 9215K(9408K)->9215K(9408K)
[720.624s][info][gc             ] GC(2026) Pause Young (Allocation Failure) 740M->505M(774M) 59.543ms
[720.624s][info][gc,cpu         ] GC(2026) User=0.10s Sys=0.01s Real=0.06s
[720.886s][info][gc,start       ] GC(2027) Pause Young (Allocation Failure)
[720.938s][info][gc,heap        ] GC(2027) PSYoungGen: 284672K(284672K)->19456K(303104K) Eden: 274944K(274944K)->0K(283648K) From: 9728K(9728K)->19456K(19456K)
[720.938s][info][gc,heap        ] GC(2027) ParOldGen: 507429K(507904K)->512173K(512512K)
[720.938s][info][gc,metaspace   ] GC(2027) Metaspace: 35693K(36416K)->35693K(36416K) NonClass: 26477K(27008K)->26477K(27008K) Class: 9215K(9408K)->9215K(9408K)
[720.938s][info][gc             ] GC(2027) Pause Young (Allocation Failure) 773M->519M(796M) 51.875ms
[720.938s][info][gc,cpu         ] GC(2027) User=0.08s Sys=0.02s Real=0.06s
[721.095s][info][gc,start       ] GC(2028) Pause Young (Allocation Failure)
[721.098s][info][gc,heap        ] GC(2028) PSYoungGen: 303104K(303104K)->64K(308736K) Eden: 283648K(283648K)->0K(283648K) From: 19456K(19456K)->64K(25088K)
[721.098s][info][gc,heap        ] GC(2028) ParOldGen: 512173K(512512K)->512293K(512512K)
[721.098s][info][gc,metaspace   ] GC(2028) Metaspace: 35693K(36416K)->35693K(36416K) NonClass: 26477K(27008K)->26477K(27008K) Class: 9215K(9408K)->9215K(9408K)
[721.098s][info][gc             ] GC(2028) Pause Young (Allocation Failure) 796M->500M(802M) 2.932ms
[721.098s][info][gc,cpu         ] GC(2028) User=0.01s Sys=0.00s Real=0.01s
[721.757s][info][gc,start       ] GC(2029) Pause Young (Allocation Failure)
[721.759s][info][gc,heap        ] GC(2029) PSYoungGen: 283712K(308736K)->64K(306176K) Eden: 283648K(283648K)->0K(284160K) From: 64K(25088K)->64K(22016K)
[721.759s][info][gc,heap        ] GC(2029) ParOldGen: 512293K(512512K)->512309K(512512K)
[721.759s][info][gc,metaspace   ] GC(2029) Metaspace: 35693K(36416K)->35693K(36416K) NonClass: 26477K(27008K)->26477K(27008K) Class: 9215K(9408K)->9215K(9408K)
[721.759s][info][gc             ] GC(2029) Pause Young (Allocation Failure) 777M->500M(799M) 1.852ms
[721.759s][info][gc,cpu         ] GC(2029) User=0.01s Sys=0.00s Real=0.00s
[722.245s][info][gc,start       ] GC(2030) Pause Young (Allocation Failure)
[722.247s][info][gc,heap        ] GC(2030) PSYoungGen: 284224K(306176K)->64K(307712K) Eden: 284160K(284160K)->0K(284160K) From: 64K(22016K)->64K(23552K)
[722.247s][info][gc,heap        ] GC(2030) ParOldGen: 512309K(512512K)->512309K(512512K)
[722.247s][info][gc,metaspace   ] GC(2030) Metaspace: 35693K(36416K)->35693K(36416K) NonClass: 26477K(27008K)->26477K(27008K) Class: 9215K(9408K)->9215K(9408K)
[722.247s][info][gc             ] GC(2030) Pause Young (Allocation Failure) 777M->500M(801M) 1.650ms
[722.247s][info][gc,cpu         ] GC(2030) User=0.00s Sys=0.00s Real=0.00s
[722.479s][info][gc,start       ] GC(2031) Pause Young (Allocation Failure)
[722.481s][info][gc,heap        ] GC(2031) PSYoungGen: 284224K(307712K)->64K(307712K) Eden: 284160K(284160K)->0K(287744K) From: 64K(23552K)->64K(19968K)
[722.481s][info][gc,heap        ] GC(2031) ParOldGen: 512309K(512512K)->512325K(512512K)
[722.481s][info][gc,metaspace   ] GC(2031) Metaspace: 35693K(36416K)->35693K(36416K) NonClass: 26477K(27008K)->26477K(27008K) Class: 9215K(9408K)->9215K(9408K)
[722.481s][info][gc             ] GC(2031) Pause Young (Allocation Failure) 777M->500M(801M) 1.524ms
[722.481s][info][gc,cpu         ] GC(2031) User=0.01s Sys=0.00s Real=0.00s
[722.716s][info][gc,start       ] GC(2032) Pause Young (Allocation Failure)
[722.717s][info][gc,heap        ] GC(2032) PSYoungGen: 287808K(307712K)->32K(309248K) Eden: 287744K(287744K)->0K(287744K) From: 64K(19968K)->32K(21504K)
[722.717s][info][gc,heap        ] GC(2032) ParOldGen: 512325K(512512K)->512325K(512512K)
[722.717s][info][gc,metaspace   ] GC(2032) Metaspace: 35693K(36416K)->35693K(36416K) NonClass: 26477K(27008K)->26477K(27008K) Class: 9215K(9408K)->9215K(9408K)
[722.717s][info][gc             ] GC(2032) Pause Young (Allocation Failure) 781M->500M(802M) 1.449ms
[722.717s][info][gc,cpu         ] GC(2032) User=0.00s Sys=0.00s Real=0.01s
[723.081s][info][gc,start       ] GC(2033) Pause Young (Allocation Failure)
[723.082s][info][gc,heap        ] GC(2033) PSYoungGen: 287776K(309248K)->64K(309760K) Eden: 287744K(287744K)->0K(291840K) From: 32K(21504K)->64K(17920K)
[723.082s][info][gc,heap        ] GC(2033) ParOldGen: 512325K(512512K)->512325K(512512K)
[723.082s][info][gc,metaspace   ] GC(2033) Metaspace: 35693K(36416K)->35693K(36416K) NonClass: 26477K(27008K)->26477K(27008K) Class: 9215K(9408K)->9215K(9408K)
[723.082s][info][gc             ] GC(2033) Pause Young (Allocation Failure) 781M->500M(803M) 1.483ms
[723.082s][info][gc,cpu         ] GC(2033) User=0.01s Sys=0.00s Real=0.00s
[723.132s][info][gc,start       ] GC(2034) Pause Young (Allocation Failure)
[723.133s][info][gc,heap        ] GC(2034) PSYoungGen: 291904K(309760K)->64K(311296K) Eden: 291840K(291840K)->0K(291840K) From: 64K(17920K)->64K(19456K)
[723.133s][info][gc,heap        ] GC(2034) ParOldGen: 512325K(512512K)->512341K(512512K)
[723.133s][info][gc,metaspace   ] GC(2034) Metaspace: 35693K(36416K)->35693K(36416K) NonClass: 26477K(27008K)->26477K(27008K) Class: 9215K(9408K)->9215K(9408K)
[723.133s][info][gc             ] GC(2034) Pause Young (Allocation Failure) 785M->500M(804M) 1.376ms
[723.133s][info][gc,cpu         ] GC(2034) User=0.00s Sys=0.00s Real=0.00s
[723.183s][info][gc,start       ] GC(2035) Pause Young (Allocation Failure)
[723.184s][info][gc,heap        ] GC(2035) PSYoungGen: 291904K(311296K)->64K(311808K) Eden: 291840K(291840K)->0K(295936K) From: 64K(19456K)->64K(15872K)
[723.184s][info][gc,heap        ] GC(2035) ParOldGen: 512341K(512512K)->512341K(512512K)
[723.184s][info][gc,metaspace   ] GC(2035) Metaspace: 35693K(36416K)->35693K(36416K) NonClass: 26477K(27008K)->26477K(27008K) Class: 9215K(9408K)->9215K(9408K)
[723.184s][info][gc             ] GC(2035) Pause Young (Allocation Failure) 785M->500M(805M) 1.359ms
[723.184s][info][gc,cpu         ] GC(2035) User=0.00s Sys=0.00s Real=0.00s
[723.394s][info][gc,start       ] GC(2036) Pause Young (Allocation Failure)
[723.395s][info][gc,heap        ] GC(2036) PSYoungGen: 296000K(311808K)->64K(313344K) Eden: 295936K(295936K)->0K(295936K) From: 64K(15872K)->64K(17408K)
[723.395s][info][gc,heap        ] GC(2036) ParOldGen: 512341K(512512K)->512341K(512512K)
[723.395s][info][gc,metaspace   ] GC(2036) Metaspace: 35693K(36416K)->35693K(36416K) NonClass: 26477K(27008K)->26477K(27008K) Class: 9215K(9408K)->9215K(9408K)
[723.395s][info][gc             ] GC(2036) Pause Young (Allocation Failure) 789M->500M(806M) 1.476ms
[723.395s][info][gc,cpu         ] GC(2036) User=0.00s Sys=0.00s Real=0.00s
[723.619s][info][gc,start       ] GC(2037) Pause Young (Allocation Failure)
[723.621s][info][gc,heap        ] GC(2037) PSYoungGen: 296000K(313344K)->64K(314880K) Eden: 295936K(295936K)->0K(300032K) From: 64K(17408K)->64K(14848K)
[723.621s][info][gc,heap        ] GC(2037) ParOldGen: 512341K(512512K)->512349K(512512K)
[723.621s][info][gc,metaspace   ] GC(2037) Metaspace: 35693K(36416K)->35693K(36416K) NonClass: 26477K(27008K)->26477K(27008K) Class: 9215K(9408K)->9215K(9408K)
[723.621s][info][gc             ] GC(2037) Pause Young (Allocation Failure) 789M->500M(808M) 1.464ms
[723.621s][info][gc,cpu         ] GC(2037) User=0.01s Sys=0.00s Real=0.00s
[723.729s][info][gc,start       ] GC(2038) Pause Young (Allocation Failure)
[723.730s][info][gc,heap        ] GC(2038) PSYoungGen: 300096K(314880K)->64K(315904K) Eden: 300032K(300032K)->0K(300032K) From: 64K(14848K)->64K(15872K)
[723.730s][info][gc,heap        ] GC(2038) ParOldGen: 512349K(512512K)->512357K(512512K)
[723.730s][info][gc,metaspace   ] GC(2038) Metaspace: 35693K(36416K)->35693K(36416K) NonClass: 26477K(27008K)->26477K(27008K) Class: 9215K(9408K)->9215K(9408K)
[723.730s][info][gc             ] GC(2038) Pause Young (Allocation Failure) 793M->500M(809M) 1.499ms
[723.730s][info][gc,cpu         ] GC(2038) User=0.00s Sys=0.00s Real=0.00s
[723.845s][info][gc,start       ] GC(2039) Pause Young (Allocation Failure)
[723.846s][info][gc,heap        ] GC(2039) PSYoungGen: 300096K(315904K)->64K(315904K) Eden: 300032K(300032K)->0K(303104K) From: 64K(15872K)->64K(12800K)
[723.846s][info][gc,heap        ] GC(2039) ParOldGen: 512357K(512512K)->512365K(512512K)
[723.846s][info][gc,metaspace   ] GC(2039) Metaspace: 35693K(36416K)->35693K(36416K) NonClass: 26477K(27008K)->26477K(27008K) Class: 9215K(9408K)->9215K(9408K)
[723.846s][info][gc             ] GC(2039) Pause Young (Allocation Failure) 793M->500M(809M) 1.409ms
[723.846s][info][gc,cpu         ] GC(2039) User=0.00s Sys=0.00s Real=0.00s
[724.215s][info][gc,start       ] GC(2040) Pause Young (Allocation Failure)
[724.217s][info][gc,heap        ] GC(2040) PSYoungGen: 303168K(315904K)->64K(316928K) Eden: 303104K(303104K)->0K(303104K) From: 64K(12800K)->64K(13824K)
[724.217s][info][gc,heap        ] GC(2040) ParOldGen: 512365K(512512K)->512373K(512512K)
[724.217s][info][gc,metaspace   ] GC(2040) Metaspace: 35693K(36416K)->35693K(36416K) NonClass: 26477K(27008K)->26477K(27008K) Class: 9215K(9408K)->9215K(9408K)
[724.217s][info][gc             ] GC(2040) Pause Young (Allocation Failure) 796M->500M(810M) 1.596ms
[724.217s][info][gc,cpu         ] GC(2040) User=0.00s Sys=0.00s Real=0.01s
[724.856s][info][gc,start       ] GC(2041) Pause Young (Allocation Failure)
[724.859s][info][gc,heap        ] GC(2041) PSYoungGen: 303168K(316928K)->83K(291328K) Eden: 303104K(303104K)->0K(290816K) From: 64K(13824K)->83K(512K)
[724.859s][info][gc,heap        ] GC(2041) ParOldGen: 512373K(512512K)->512381K(512512K)
[724.859s][info][gc,metaspace   ] GC(2041) Metaspace: 35693K(36416K)->35693K(36416K) NonClass: 26477K(27008K)->26477K(27008K) Class: 9215K(9408K)->9215K(9408K)
[724.859s][info][gc             ] GC(2041) Pause Young (Allocation Failure) 796M->500M(785M) 2.239ms
[724.859s][info][gc,cpu         ] GC(2041) User=0.01s Sys=0.00s Real=0.01s
[725.789s][info][gc,start       ] GC(2042) Pause Young (Allocation Failure)
[725.791s][info][gc,heap        ] GC(2042) PSYoungGen: 290899K(291328K)->64K(291840K) Eden: 290816K(290816K)->0K(279552K) From: 83K(512K)->64K(12288K)
[725.791s][info][gc,heap        ] GC(2042) ParOldGen: 512381K(512512K)->512389K(512512K)
[725.791s][info][gc,metaspace   ] GC(2042) Metaspace: 35693K(36416K)->35693K(36416K) NonClass: 26477K(27008K)->26477K(27008K) Class: 9215K(9408K)->9215K(9408K)
[725.791s][info][gc             ] GC(2042) Pause Young (Allocation Failure) 784M->500M(785M) 1.495ms
[725.791s][info][gc,cpu         ] GC(2042) User=0.00s Sys=0.00s Real=0.00s
[726.293s][info][gc,start       ] GC(2043) Pause Young (Allocation Failure)
[726.295s][info][gc,heap        ] GC(2043) PSYoungGen: 279616K(291840K)->64K(269312K) Eden: 279552K(279552K)->0K(268800K) From: 64K(12288K)->64K(512K)
[726.295s][info][gc,heap        ] GC(2043) ParOldGen: 512389K(512512K)->512397K(512512K)
[726.295s][info][gc,metaspace   ] GC(2043) Metaspace: 35693K(36416K)->35693K(36416K) NonClass: 26477K(27008K)->26477K(27008K) Class: 9215K(9408K)->9215K(9408K)
[726.295s][info][gc             ] GC(2043) Pause Young (Allocation Failure) 773M->500M(763M) 1.916ms
[726.295s][info][gc,cpu         ] GC(2043) User=0.00s Sys=0.00s Real=0.00s
[727.237s][info][gc,start       ] GC(2044) Pause Young (Allocation Failure)
[727.238s][info][gc,heap        ] GC(2044) PSYoungGen: 268864K(269312K)->64K(269312K) Eden: 268800K(268800K)->0K(258560K) From: 64K(512K)->64K(10752K)
[727.238s][info][gc,heap        ] GC(2044) ParOldGen: 512397K(512512K)->512405K(512512K)
[727.238s][info][gc,metaspace   ] GC(2044) Metaspace: 35693K(36416K)->35693K(36416K) NonClass: 26477K(27008K)->26477K(27008K) Class: 9215K(9408K)->9215K(9408K)
[727.238s][info][gc             ] GC(2044) Pause Young (Allocation Failure) 762M->500M(763M) 1.516ms
[727.238s][info][gc,cpu         ] GC(2044) User=0.00s Sys=0.00s Real=0.01s
[727.572s][info][gc,start       ] GC(2045) Pause Young (Allocation Failure)
[727.574s][info][gc,heap        ] GC(2045) PSYoungGen: 258624K(269312K)->64K(249344K) Eden: 258560K(258560K)->0K(248832K) From: 64K(10752K)->64K(512K)
[727.574s][info][gc,heap        ] GC(2045) ParOldGen: 512405K(512512K)->512413K(512512K)
[727.574s][info][gc,metaspace   ] GC(2045) Metaspace: 35693K(36416K)->35693K(36416K) NonClass: 26477K(27008K)->26477K(27008K) Class: 9215K(9408K)->9215K(9408K)
[727.574s][info][gc             ] GC(2045) Pause Young (Allocation Failure) 752M->500M(744M) 1.824ms
[727.574s][info][gc,cpu         ] GC(2045) User=0.01s Sys=0.00s Real=0.00s
[727.690s][info][gc,start       ] GC(2046) Pause Young (Allocation Failure)
[727.691s][info][gc,heap        ] GC(2046) PSYoungGen: 248896K(249344K)->64K(248832K) Eden: 248832K(248832K)->0K(239616K) From: 64K(512K)->64K(9216K)
[727.691s][info][gc,heap        ] GC(2046) ParOldGen: 512413K(512512K)->512421K(512512K)
[727.691s][info][gc,metaspace   ] GC(2046) Metaspace: 35693K(36416K)->35693K(36416K) NonClass: 26477K(27008K)->26477K(27008K) Class: 9215K(9408K)->9215K(9408K)
[727.691s][info][gc             ] GC(2046) Pause Young (Allocation Failure) 743M->500M(743M) 1.416ms
[727.691s][info][gc,cpu         ] GC(2046) User=0.00s Sys=0.00s Real=0.00s
[728.047s][info][gc,start       ] GC(2047) Pause Young (Allocation Failure)
[728.049s][info][gc,heap        ] GC(2047) PSYoungGen: 239680K(248832K)->64K(230912K) Eden: 239616K(239616K)->0K(230400K) From: 64K(9216K)->64K(512K)
[728.049s][info][gc,heap        ] GC(2047) ParOldGen: 512421K(512512K)->512429K(512512K)
[728.049s][info][gc,metaspace   ] GC(2047) Metaspace: 35693K(36416K)->35693K(36416K) NonClass: 26477K(27008K)->26477K(27008K) Class: 9215K(9408K)->9215K(9408K)
[728.049s][info][gc             ] GC(2047) Pause Young (Allocation Failure) 734M->500M(726M) 1.977ms
[728.049s][info][gc,cpu         ] GC(2047) User=0.00s Sys=0.00s Real=0.00s
[728.362s][info][gc,start       ] GC(2048) Pause Young (Allocation Failure)
[728.364s][info][gc,heap        ] GC(2048) PSYoungGen: 230464K(230912K)->64K(229888K) Eden: 230400K(230400K)->0K(221696K) From: 64K(512K)->64K(8192K)
[728.364s][info][gc,heap        ] GC(2048) ParOldGen: 512429K(512512K)->512437K(512512K)
[728.364s][info][gc,metaspace   ] GC(2048) Metaspace: 35693K(36416K)->35693K(36416K) NonClass: 26477K(27008K)->26477K(27008K) Class: 9215K(9408K)->9215K(9408K)
[728.364s][info][gc             ] GC(2048) Pause Young (Allocation Failure) 725M->500M(725M) 1.767ms
[728.364s][info][gc,cpu         ] GC(2048) User=0.00s Sys=0.00s Real=0.00s
[728.712s][info][gc,start       ] GC(2049) Pause Young (Allocation Failure)
[728.719s][info][gc,heap        ] GC(2049) PSYoungGen: 221760K(229888K)->3680K(217600K) Eden: 221696K(221696K)->0K(213504K) From: 64K(8192K)->3680K(4096K)
[728.719s][info][gc,heap        ] GC(2049) ParOldGen: 512437K(512512K)->512453K(512512K)
[728.719s][info][gc,metaspace   ] GC(2049) Metaspace: 35693K(36416K)->35693K(36416K) NonClass: 26477K(27008K)->26477K(27008K) Class: 9215K(9408K)->9215K(9408K)
[728.719s][info][gc             ] GC(2049) Pause Young (Allocation Failure) 716M->504M(713M) 6.941ms
[728.719s][info][gc,cpu         ] GC(2049) User=0.01s Sys=0.00s Real=0.01s
[728.967s][info][gc,start       ] GC(2050) Pause Young (Allocation Failure)
[729.012s][info][gc,heap        ] GC(2050) PSYoungGen: 217184K(217600K)->7680K(263168K) Eden: 213504K(213504K)->0K(255488K) From: 3680K(4096K)->7680K(7680K)
[729.012s][info][gc,heap        ] GC(2050) ParOldGen: 512453K(512512K)->528797K(528896K)
[729.012s][info][gc,metaspace   ] GC(2050) Metaspace: 35693K(36416K)->35693K(36416K) NonClass: 26477K(27008K)->26477K(27008K) Class: 9215K(9408K)->9215K(9408K)
[729.012s][info][gc             ] GC(2050) Pause Young (Allocation Failure) 712M->523M(773M) 45.146ms
[729.012s][info][gc,cpu         ] GC(2050) User=0.08s Sys=0.02s Real=0.04s
[729.309s][info][gc,start       ] GC(2051) Pause Young (Allocation Failure)
[729.372s][info][gc,heap        ] GC(2051) PSYoungGen: 263168K(263168K)->5632K(263168K) Eden: 255488K(255488K)->0K(257536K) From: 7680K(7680K)->5632K(5632K)
[729.372s][info][gc,heap        ] GC(2051) ParOldGen: 528797K(528896K)->552365K(552448K)
[729.372s][info][gc,metaspace   ] GC(2051) Metaspace: 35693K(36416K)->35693K(36416K) NonClass: 26477K(27008K)->26477K(27008K) Class: 9215K(9408K)->9215K(9408K)
[729.372s][info][gc             ] GC(2051) Pause Young (Allocation Failure) 773M->544M(796M) 62.293ms
[729.372s][info][gc,cpu         ] GC(2051) User=0.10s Sys=0.02s Real=0.06s
[729.487s][info][gc,start       ] GC(2052) Pause Young (Allocation Failure)
[729.504s][info][gc,heap        ] GC(2052) PSYoungGen: 263168K(263168K)->6208K(281600K) Eden: 257536K(257536K)->0K(257536K) From: 5632K(5632K)->6208K(24064K)
[729.504s][info][gc,heap        ] GC(2052) ParOldGen: 552365K(552448K)->553005K(553472K)
[729.504s][info][gc,metaspace   ] GC(2052) Metaspace: 35693K(36416K)->35693K(36416K) NonClass: 26477K(27008K)->26477K(27008K) Class: 9215K(9408K)->9215K(9408K)
[729.504s][info][gc             ] GC(2052) Pause Young (Allocation Failure) 796M->546M(815M) 17.142ms
[729.504s][info][gc,cpu         ] GC(2052) User=0.03s Sys=0.00s Real=0.01s
[729.885s][info][gc,start       ] GC(2053) Pause Young (Allocation Failure)
[729.887s][info][gc,heap        ] GC(2053) PSYoungGen: 263744K(281600K)->64K(306176K) Eden: 257536K(257536K)->0K(287232K) From: 6208K(24064K)->64K(18944K)
[729.887s][info][gc,heap        ] GC(2053) ParOldGen: 553005K(553472K)->553013K(553472K)
[729.887s][info][gc,metaspace   ] GC(2053) Metaspace: 35693K(36416K)->35693K(36416K) NonClass: 26477K(27008K)->26477K(27008K) Class: 9215K(9408K)->9215K(9408K)
[729.887s][info][gc             ] GC(2053) Pause Young (Allocation Failure) 797M->540M(839M) 1.797ms
[729.887s][info][gc,cpu         ] GC(2053) User=0.01s Sys=0.00s Real=0.01s
[730.423s][info][gc,start       ] GC(2054) Pause Young (Allocation Failure)
[730.425s][info][gc,heap        ] GC(2054) PSYoungGen: 287296K(306176K)->64K(308736K) Eden: 287232K(287232K)->0K(287232K) From: 64K(18944K)->64K(21504K)
[730.425s][info][gc,heap        ] GC(2054) ParOldGen: 553013K(553472K)->553021K(553472K)
[730.425s][info][gc,metaspace   ] GC(2054) Metaspace: 35693K(36416K)->35693K(36416K) NonClass: 26477K(27008K)->26477K(27008K) Class: 9215K(9408K)->9215K(9408K)
[730.425s][info][gc             ] GC(2054) Pause Young (Allocation Failure) 820M->540M(842M) 1.770ms
[730.425s][info][gc,cpu         ] GC(2054) User=0.00s Sys=0.00s Real=0.00s
[730.872s][info][gc,start       ] GC(2055) Pause Young (Allocation Failure)
[730.874s][info][gc,heap        ] GC(2055) PSYoungGen: 287296K(308736K)->64K(310784K) Eden: 287232K(287232K)->0K(291328K) From: 64K(21504K)->64K(19456K)
[730.874s][info][gc,heap        ] GC(2055) ParOldGen: 553021K(553472K)->553037K(553472K)
[730.874s][info][gc,metaspace   ] GC(2055) Metaspace: 35693K(36416K)->35693K(36416K) NonClass: 26477K(27008K)->26477K(27008K) Class: 9215K(9408K)->9215K(9408K)
[730.874s][info][gc             ] GC(2055) Pause Young (Allocation Failure) 820M->540M(844M) 1.729ms
[730.874s][info][gc,cpu         ] GC(2055) User=0.00s Sys=0.00s Real=0.00s
[731.115s][info][gc,start       ] GC(2056) Pause Young (Allocation Failure)
[731.117s][info][gc,heap        ] GC(2056) PSYoungGen: 291392K(310784K)->64K(311808K) Eden: 291328K(291328K)->0K(291328K) From: 64K(19456K)->64K(20480K)
[731.117s][info][gc,heap        ] GC(2056) ParOldGen: 553037K(553472K)->553053K(553472K)
[731.117s][info][gc,metaspace   ] GC(2056) Metaspace: 35693K(36416K)->35693K(36416K) NonClass: 26477K(27008K)->26477K(27008K) Class: 9215K(9408K)->9215K(9408K)
[731.117s][info][gc             ] GC(2056) Pause Young (Allocation Failure) 824M->540M(845M) 1.679ms
[731.117s][info][gc,cpu         ] GC(2056) User=0.00s Sys=0.00s Real=0.01s
[731.355s][info][gc,start       ] GC(2057) Pause Young (Allocation Failure)
[731.356s][info][gc,heap        ] GC(2057) PSYoungGen: 291392K(311808K)->64K(311296K) Eden: 291328K(291328K)->0K(293888K) From: 64K(20480K)->64K(17408K)
[731.356s][info][gc,heap        ] GC(2057) ParOldGen: 553053K(553472K)->553053K(553472K)
[731.356s][info][gc,metaspace   ] GC(2057) Metaspace: 35693K(36416K)->35693K(36416K) NonClass: 26477K(27008K)->26477K(27008K) Class: 9215K(9408K)->9215K(9408K)
[731.356s][info][gc             ] GC(2057) Pause Young (Allocation Failure) 824M->540M(844M) 1.606ms
[731.356s][info][gc,cpu         ] GC(2057) User=0.01s Sys=0.00s Real=0.00s
[731.636s][info][gc,start       ] GC(2058) Pause Young (Allocation Failure)
[731.638s][info][gc,heap        ] GC(2058) PSYoungGen: 293952K(311296K)->64K(312320K) Eden: 293888K(293888K)->0K(293888K) From: 64K(17408K)->64K(18432K)
[731.638s][info][gc,heap        ] GC(2058) ParOldGen: 553053K(553472K)->553053K(553472K)
[731.638s][info][gc,metaspace   ] GC(2058) Metaspace: 35693K(36416K)->35693K(36416K) NonClass: 26477K(27008K)->26477K(27008K) Class: 9215K(9408K)->9215K(9408K)
[731.638s][info][gc             ] GC(2058) Pause Young (Allocation Failure) 827M->540M(845M) 1.586ms
[731.638s][info][gc,cpu         ] GC(2058) User=0.00s Sys=0.00s Real=0.01s
[731.688s][info][gc,start       ] GC(2059) Pause Young (Allocation Failure)
[731.689s][info][gc,heap        ] GC(2059) PSYoungGen: 293952K(312320K)->64K(312832K) Eden: 293888K(293888K)->0K(297472K) From: 64K(18432K)->64K(15360K)
[731.689s][info][gc,heap        ] GC(2059) ParOldGen: 553053K(553472K)->553069K(553472K)
[731.689s][info][gc,metaspace   ] GC(2059) Metaspace: 35693K(36416K)->35693K(36416K) NonClass: 26477K(27008K)->26477K(27008K) Class: 9215K(9408K)->9215K(9408K)
[731.689s][info][gc             ] GC(2059) Pause Young (Allocation Failure) 827M->540M(846M) 1.504ms
[731.689s][info][gc,cpu         ] GC(2059) User=0.00s Sys=0.00s Real=0.00s
[731.802s][info][gc,start       ] GC(2060) Pause Young (Allocation Failure)
[731.803s][info][gc,heap        ] GC(2060) PSYoungGen: 297536K(312832K)->64K(314368K) Eden: 297472K(297472K)->0K(297472K) From: 64K(15360K)->64K(16896K)
[731.803s][info][gc,heap        ] GC(2060) ParOldGen: 553069K(553472K)->553069K(553472K)
[731.803s][info][gc,metaspace   ] GC(2060) Metaspace: 35693K(36416K)->35693K(36416K) NonClass: 26477K(27008K)->26477K(27008K) Class: 9215K(9408K)->9215K(9408K)
[731.803s][info][gc             ] GC(2060) Pause Young (Allocation Failure) 830M->540M(847M) 1.703ms
[731.803s][info][gc,cpu         ] GC(2060) User=0.00s Sys=0.00s Real=0.00s
[732.050s][info][gc,start       ] GC(2061) Pause Young (Allocation Failure)
[732.052s][info][gc,heap        ] GC(2061) PSYoungGen: 297536K(314368K)->32K(314368K) Eden: 297472K(297472K)->0K(301056K) From: 64K(16896K)->32K(13312K)
[732.052s][info][gc,heap        ] GC(2061) ParOldGen: 553069K(553472K)->553085K(553472K)
[732.052s][info][gc,metaspace   ] GC(2061) Metaspace: 35693K(36416K)->35693K(36416K) NonClass: 26477K(27008K)->26477K(27008K) Class: 9215K(9408K)->9215K(9408K)
[732.052s][info][gc             ] GC(2061) Pause Young (Allocation Failure) 830M->540M(847M) 1.613ms
[732.052s][info][gc,cpu         ] GC(2061) User=0.00s Sys=0.00s Real=0.00s
[732.224s][info][gc,start       ] GC(2062) Pause Young (Allocation Failure)
[732.225s][info][gc,heap        ] GC(2062) PSYoungGen: 301088K(314368K)->64K(315904K) Eden: 301056K(301056K)->0K(301056K) From: 32K(13312K)->64K(14848K)
[732.225s][info][gc,heap        ] GC(2062) ParOldGen: 553085K(553472K)->553085K(553472K)
[732.225s][info][gc,metaspace   ] GC(2062) Metaspace: 35693K(36416K)->35693K(36416K) NonClass: 26477K(27008K)->26477K(27008K) Class: 9215K(9408K)->9215K(9408K)
[732.225s][info][gc             ] GC(2062) Pause Young (Allocation Failure) 834M->540M(849M) 1.724ms
[732.225s][info][gc,cpu         ] GC(2062) User=0.01s Sys=0.00s Real=0.00s
[732.306s][info][gc,start       ] GC(2063) Pause Young (Allocation Failure)
[732.307s][info][gc,heap        ] GC(2063) PSYoungGen: 301120K(315904K)->64K(316416K) Eden: 301056K(301056K)->0K(304640K) From: 64K(14848K)->64K(11776K)
[732.307s][info][gc,heap        ] GC(2063) ParOldGen: 553085K(553472K)->553101K(553472K)
[732.307s][info][gc,metaspace   ] GC(2063) Metaspace: 35693K(36416K)->35693K(36416K) NonClass: 26477K(27008K)->26477K(27008K) Class: 9215K(9408K)->9215K(9408K)
[732.307s][info][gc             ] GC(2063) Pause Young (Allocation Failure) 834M->540M(849M) 1.583ms
[732.307s][info][gc,cpu         ] GC(2063) User=0.00s Sys=0.00s Real=0.01s
[732.472s][info][gc,start       ] GC(2064) Pause Young (Allocation Failure)
[732.473s][info][gc,heap        ] GC(2064) PSYoungGen: 304704K(316416K)->64K(317952K) Eden: 304640K(304640K)->0K(304640K) From: 64K(11776K)->64K(13312K)
[732.473s][info][gc,heap        ] GC(2064) ParOldGen: 553101K(553472K)->553101K(553472K)
[732.473s][info][gc,metaspace   ] GC(2064) Metaspace: 35693K(36416K)->35693K(36416K) NonClass: 26477K(27008K)->26477K(27008K) Class: 9215K(9408K)->9215K(9408K)
[732.473s][info][gc             ] GC(2064) Pause Young (Allocation Failure) 837M->540M(851M) 1.642ms
[732.473s][info][gc,cpu         ] GC(2064) User=0.00s Sys=0.00s Real=0.00s
[733.367s][info][gc,start       ] GC(2065) Pause Young (Allocation Failure)
[733.368s][info][gc,heap        ] GC(2065) PSYoungGen: 304704K(317952K)->64K(318976K) Eden: 304640K(304640K)->0K(308224K) From: 64K(13312K)->64K(10752K)
[733.368s][info][gc,heap        ] GC(2065) ParOldGen: 553101K(553472K)->553109K(553472K)
[733.368s][info][gc,metaspace   ] GC(2065) Metaspace: 35693K(36416K)->35693K(36416K) NonClass: 26477K(27008K)->26477K(27008K) Class: 9215K(9408K)->9215K(9408K)
[733.368s][info][gc             ] GC(2065) Pause Young (Allocation Failure) 837M->540M(852M) 1.770ms
[733.368s][info][gc,cpu         ] GC(2065) User=0.00s Sys=0.01s Real=0.01s
[734.213s][info][gc,start       ] GC(2066) Pause Young (Allocation Failure)
[734.215s][info][gc,heap        ] GC(2066) PSYoungGen: 308288K(318976K)->64K(296448K) Eden: 308224K(308224K)->0K(295936K) From: 64K(10752K)->64K(512K)
[734.215s][info][gc,heap        ] GC(2066) ParOldGen: 553109K(553472K)->553117K(553472K)
[734.215s][info][gc,metaspace   ] GC(2066) Metaspace: 35693K(36416K)->35693K(36416K) NonClass: 26477K(27008K)->26477K(27008K) Class: 9215K(9408K)->9215K(9408K)
[734.215s][info][gc             ] GC(2066) Pause Young (Allocation Failure) 841M->540M(830M) 1.639ms
[734.215s][info][gc,cpu         ] GC(2066) User=0.01s Sys=0.00s Real=0.00s
[734.657s][info][gc,start       ] GC(2067) Pause Young (Allocation Failure)
[734.659s][info][gc,heap        ] GC(2067) PSYoungGen: 296000K(296448K)->64K(284672K) Eden: 295936K(295936K)->0K(284160K) From: 64K(512K)->64K(512K)
[734.659s][info][gc,heap        ] GC(2067) ParOldGen: 553117K(553472K)->553125K(553472K)
[734.659s][info][gc,metaspace   ] GC(2067) Metaspace: 35693K(36416K)->35693K(36416K) NonClass: 26477K(27008K)->26477K(27008K) Class: 9215K(9408K)->9215K(9408K)
[734.659s][info][gc             ] GC(2067) Pause Young (Allocation Failure) 829M->540M(818M) 1.652ms
[734.659s][info][gc,cpu         ] GC(2067) User=0.00s Sys=0.00s Real=0.00s
[735.660s][info][gc,start       ] GC(2068) Pause Young (Allocation Failure)
[735.663s][info][gc,heap        ] GC(2068) PSYoungGen: 284224K(284672K)->64K(283136K) Eden: 284160K(284160K)->0K(272896K) From: 64K(512K)->64K(10240K)
[735.663s][info][gc,heap        ] GC(2068) ParOldGen: 553125K(553472K)->553141K(553472K)
[735.663s][info][gc,metaspace   ] GC(2068) Metaspace: 35693K(36416K)->35693K(36416K) NonClass: 26477K(27008K)->26477K(27008K) Class: 9215K(9408K)->9215K(9408K)
[735.663s][info][gc             ] GC(2068) Pause Young (Allocation Failure) 817M->540M(817M) 3.169ms
[735.663s][info][gc,cpu         ] GC(2068) User=0.00s Sys=0.00s Real=0.00s
[736.052s][info][gc,start       ] GC(2069) Pause Young (Allocation Failure)
[736.055s][info][gc,heap        ] GC(2069) PSYoungGen: 272960K(283136K)->64K(262656K) Eden: 272896K(272896K)->0K(262144K) From: 64K(10240K)->64K(512K)
[736.055s][info][gc,heap        ] GC(2069) ParOldGen: 553141K(553472K)->553157K(553472K)
[736.055s][info][gc,metaspace   ] GC(2069) Metaspace: 35693K(36416K)->35693K(36416K) NonClass: 26477K(27008K)->26477K(27008K) Class: 9215K(9408K)->9215K(9408K)
[736.055s][info][gc             ] GC(2069) Pause Young (Allocation Failure) 806M->540M(797M) 3.286ms
[736.055s][info][gc,cpu         ] GC(2069) User=0.00s Sys=0.00s Real=0.00s
[736.213s][info][gc,start       ] GC(2070) Pause Young (Allocation Failure)
[736.215s][info][gc,heap        ] GC(2070) PSYoungGen: 262208K(262656K)->64K(261120K) Eden: 262144K(262144K)->0K(251904K) From: 64K(512K)->64K(9216K)
[736.215s][info][gc,heap        ] GC(2070) ParOldGen: 553157K(553472K)->553173K(553472K)
[736.215s][info][gc,metaspace   ] GC(2070) Metaspace: 35693K(36416K)->35693K(36416K) NonClass: 26477K(27008K)->26477K(27008K) Class: 9215K(9408K)->9215K(9408K)
[736.215s][info][gc             ] GC(2070) Pause Young (Allocation Failure) 796M->540M(795M) 2.596ms
[736.215s][info][gc,cpu         ] GC(2070) User=0.01s Sys=0.00s Real=0.00s
[736.443s][info][gc,start       ] GC(2071) Pause Young (Allocation Failure)
[736.445s][info][gc,heap        ] GC(2071) PSYoungGen: 251968K(261120K)->64K(293888K) Eden: 251904K(251904K)->0K(285696K) From: 64K(9216K)->64K(8192K)
[736.445s][info][gc,heap        ] GC(2071) ParOldGen: 553173K(553472K)->553189K(553472K)
[736.445s][info][gc,metaspace   ] GC(2071) Metaspace: 35693K(36416K)->35693K(36416K) NonClass: 26477K(27008K)->26477K(27008K) Class: 9215K(9408K)->9215K(9408K)
[736.445s][info][gc             ] GC(2071) Pause Young (Allocation Failure) 786M->540M(827M) 2.652ms
[736.445s][info][gc,cpu         ] GC(2071) User=0.01s Sys=0.00s Real=0.00s
[736.886s][info][gc,start       ] GC(2072) Pause Young (Allocation Failure)
[736.889s][info][gc,heap        ] GC(2072) PSYoungGen: 285760K(293888K)->64K(274944K) Eden: 285696K(285696K)->0K(274432K) From: 64K(8192K)->64K(512K)
[736.889s][info][gc,heap        ] GC(2072) ParOldGen: 553189K(553472K)->553205K(553472K)
[736.889s][info][gc,metaspace   ] GC(2072) Metaspace: 35693K(36416K)->35693K(36416K) NonClass: 26477K(27008K)->26477K(27008K) Class: 9215K(9408K)->9215K(9408K)
[736.889s][info][gc             ] GC(2072) Pause Young (Allocation Failure) 819M->540M(809M) 3.297ms
[736.889s][info][gc,cpu         ] GC(2072) User=0.00s Sys=0.00s Real=0.01s
[737.297s][info][gc,start       ] GC(2073) Pause Young (Allocation Failure)
[737.315s][info][gc,heap        ] GC(2073) PSYoungGen: 274496K(274944K)->7168K(284160K) Eden: 274432K(274432K)->0K(276992K) From: 64K(512K)->7168K(7168K)
[737.315s][info][gc,heap        ] GC(2073) ParOldGen: 553205K(553472K)->555445K(555520K)
[737.315s][info][gc,metaspace   ] GC(2073) Metaspace: 35693K(36416K)->35693K(36416K) NonClass: 26477K(27008K)->26477K(27008K) Class: 9215K(9408K)->9215K(9408K)
[737.315s][info][gc             ] GC(2073) Pause Young (Allocation Failure) 808M->549M(820M) 17.869ms
[737.315s][info][gc,cpu         ] GC(2073) User=0.04s Sys=0.00s Real=0.01s
[737.636s][info][gc,start       ] GC(2074) Pause Young (Allocation Failure)
[737.694s][info][gc,heap        ] GC(2074) PSYoungGen: 284160K(284160K)->9728K(286720K) Eden: 276992K(276992K)->0K(276992K) From: 7168K(7168K)->9728K(9728K)
[737.694s][info][gc,heap        ] GC(2074) ParOldGen: 555445K(555520K)->576949K(577024K)
[737.694s][info][gc,metaspace   ] GC(2074) Metaspace: 35693K(36416K)->35693K(36416K) NonClass: 26477K(27008K)->26477K(27008K) Class: 9215K(9408K)->9215K(9408K)
[737.694s][info][gc             ] GC(2074) Pause Young (Allocation Failure) 819M->572M(843M) 58.732ms
[737.694s][info][gc,cpu         ] GC(2074) User=0.10s Sys=0.01s Real=0.06s
[737.940s][info][gc,start       ] GC(2075) Pause Young (Allocation Failure)
[737.989s][info][gc,heap        ] GC(2075) PSYoungGen: 286720K(286720K)->19968K(303616K) Eden: 276992K(276992K)->0K(283648K) From: 9728K(9728K)->19968K(19968K)
[737.989s][info][gc,heap        ] GC(2075) ParOldGen: 576949K(577024K)->579621K(580096K)
[737.989s][info][gc,metaspace   ] GC(2075) Metaspace: 35693K(36416K)->35693K(36416K) NonClass: 26477K(27008K)->26477K(27008K) Class: 9215K(9408K)->9215K(9408K)
[737.989s][info][gc             ] GC(2075) Pause Young (Allocation Failure) 843M->585M(863M) 49.698ms
[737.989s][info][gc,cpu         ] GC(2075) User=0.09s Sys=0.02s Real=0.05s
[738.178s][info][gc,start       ] GC(2076) Pause Young (Allocation Failure)
[738.180s][info][gc,heap        ] GC(2076) PSYoungGen: 303616K(303616K)->64K(308736K) Eden: 283648K(283648K)->0K(283648K) From: 19968K(19968K)->64K(25088K)
[738.180s][info][gc,heap        ] GC(2076) ParOldGen: 579621K(580096K)->579685K(580096K)
[738.180s][info][gc,metaspace   ] GC(2076) Metaspace: 35693K(36416K)->35693K(36416K) NonClass: 26477K(27008K)->26477K(27008K) Class: 9215K(9408K)->9215K(9408K)
[738.181s][info][gc             ] GC(2076) Pause Young (Allocation Failure) 862M->566M(868M) 2.455ms
[738.181s][info][gc,cpu         ] GC(2076) User=0.00s Sys=0.00s Real=0.00s
[738.823s][info][gc,start       ] GC(2077) Pause Young (Allocation Failure)
[738.825s][info][gc,heap        ] GC(2077) PSYoungGen: 283712K(308736K)->64K(306176K) Eden: 283648K(283648K)->0K(284160K) From: 64K(25088K)->64K(22016K)
[738.825s][info][gc,heap        ] GC(2077) ParOldGen: 579685K(580096K)->579693K(580096K)
[738.825s][info][gc,metaspace   ] GC(2077) Metaspace: 35693K(36416K)->35693K(36416K) NonClass: 26477K(27008K)->26477K(27008K) Class: 9215K(9408K)->9215K(9408K)
[738.825s][info][gc             ] GC(2077) Pause Young (Allocation Failure) 843M->566M(865M) 2.004ms
[738.825s][info][gc,cpu         ] GC(2077) User=0.00s Sys=0.00s Real=0.00s
[739.298s][info][gc,start       ] GC(2078) Pause Young (Allocation Failure)
[739.300s][info][gc,heap        ] GC(2078) PSYoungGen: 284224K(306176K)->64K(307712K) Eden: 284160K(284160K)->0K(284160K) From: 64K(22016K)->64K(23552K)
[739.300s][info][gc,heap        ] GC(2078) ParOldGen: 579693K(580096K)->579709K(580096K)
[739.300s][info][gc,metaspace   ] GC(2078) Metaspace: 35693K(36416K)->35693K(36416K) NonClass: 26477K(27008K)->26477K(27008K) Class: 9215K(9408K)->9215K(9408K)
[739.300s][info][gc             ] GC(2078) Pause Young (Allocation Failure) 843M->566M(867M) 1.743ms
[739.300s][info][gc,cpu         ] GC(2078) User=0.00s Sys=0.00s Real=0.00s
[739.532s][info][gc,start       ] GC(2079) Pause Young (Allocation Failure)
[739.533s][info][gc,heap        ] GC(2079) PSYoungGen: 284224K(307712K)->64K(307712K) Eden: 284160K(284160K)->0K(287744K) From: 64K(23552K)->64K(19968K)
[739.533s][info][gc,heap        ] GC(2079) ParOldGen: 579709K(580096K)->579725K(580096K)
[739.533s][info][gc,metaspace   ] GC(2079) Metaspace: 35693K(36416K)->35693K(36416K) NonClass: 26477K(27008K)->26477K(27008K) Class: 9215K(9408K)->9215K(9408K)
[739.533s][info][gc             ] GC(2079) Pause Young (Allocation Failure) 843M->566M(867M) 1.684ms
[739.533s][info][gc,cpu         ] GC(2079) User=0.00s Sys=0.00s Real=0.00s
[739.769s][info][gc,start       ] GC(2080) Pause Young (Allocation Failure)
[739.771s][info][gc,heap        ] GC(2080) PSYoungGen: 287808K(307712K)->64K(309248K) Eden: 287744K(287744K)->0K(287744K) From: 64K(19968K)->64K(21504K)
[739.771s][info][gc,heap        ] GC(2080) ParOldGen: 579725K(580096K)->579725K(580096K)
[739.771s][info][gc,metaspace   ] GC(2080) Metaspace: 35693K(36416K)->35693K(36416K) NonClass: 26477K(27008K)->26477K(27008K) Class: 9215K(9408K)->9215K(9408K)
[739.771s][info][gc             ] GC(2080) Pause Young (Allocation Failure) 847M->566M(868M) 1.637ms
[739.771s][info][gc,cpu         ] GC(2080) User=0.00s Sys=0.00s Real=0.00s
[740.122s][info][gc,start       ] GC(2081) Pause Young (Allocation Failure)
[740.124s][info][gc,heap        ] GC(2081) PSYoungGen: 287808K(309248K)->64K(309760K) Eden: 287744K(287744K)->0K(291840K) From: 64K(21504K)->64K(17920K)
[740.124s][info][gc,heap        ] GC(2081) ParOldGen: 579725K(580096K)->579725K(580096K)
[740.124s][info][gc,metaspace   ] GC(2081) Metaspace: 35693K(36416K)->35693K(36416K) NonClass: 26477K(27008K)->26477K(27008K) Class: 9215K(9408K)->9215K(9408K)
[740.124s][info][gc             ] GC(2081) Pause Young (Allocation Failure) 847M->566M(869M) 1.617ms
[740.124s][info][gc,cpu         ] GC(2081) User=0.00s Sys=0.00s Real=0.00s
[740.174s][info][gc,start       ] GC(2082) Pause Young (Allocation Failure)
[740.175s][info][gc,heap        ] GC(2082) PSYoungGen: 291904K(309760K)->64K(311296K) Eden: 291840K(291840K)->0K(291840K) From: 64K(17920K)->64K(19456K)
[740.175s][info][gc,heap        ] GC(2082) ParOldGen: 579725K(580096K)->579741K(580096K)
[740.175s][info][gc,metaspace   ] GC(2082) Metaspace: 35693K(36416K)->35693K(36416K) NonClass: 26477K(27008K)->26477K(27008K) Class: 9215K(9408K)->9215K(9408K)
[740.175s][info][gc             ] GC(2082) Pause Young (Allocation Failure) 851M->566M(870M) 1.539ms
[740.175s][info][gc,cpu         ] GC(2082) User=0.00s Sys=0.00s Real=0.00s
[740.225s][info][gc,start       ] GC(2083) Pause Young (Allocation Failure)
[740.226s][info][gc,heap        ] GC(2083) PSYoungGen: 291904K(311296K)->64K(311808K) Eden: 291840K(291840K)->0K(295936K) From: 64K(19456K)->64K(15872K)
[740.226s][info][gc,heap        ] GC(2083) ParOldGen: 579741K(580096K)->579741K(580096K)
[740.226s][info][gc,metaspace   ] GC(2083) Metaspace: 35693K(36416K)->35693K(36416K) NonClass: 26477K(27008K)->26477K(27008K) Class: 9215K(9408K)->9215K(9408K)
[740.226s][info][gc             ] GC(2083) Pause Young (Allocation Failure) 851M->566M(871M) 1.541ms
[740.226s][info][gc,cpu         ] GC(2083) User=0.01s Sys=0.00s Real=0.00s
[740.447s][info][gc,start       ] GC(2084) Pause Young (Allocation Failure)
[740.449s][info][gc,heap        ] GC(2084) PSYoungGen: 295999K(311808K)->64K(313344K) Eden: 295935K(295936K)->0K(295936K) From: 64K(15872K)->64K(17408K)
[740.449s][info][gc,heap        ] GC(2084) ParOldGen: 579741K(580096K)->579741K(580096K)
[740.449s][info][gc,metaspace   ] GC(2084) Metaspace: 35693K(36416K)->35693K(36416K) NonClass: 26477K(27008K)->26477K(27008K) Class: 9215K(9408K)->9215K(9408K)
[740.449s][info][gc             ] GC(2084) Pause Young (Allocation Failure) 855M->566M(872M) 1.663ms
[740.449s][info][gc,cpu         ] GC(2084) User=0.00s Sys=0.00s Real=0.00s
[740.671s][info][gc,start       ] GC(2085) Pause Young (Allocation Failure)
[740.673s][info][gc,heap        ] GC(2085) PSYoungGen: 296000K(313344K)->64K(314880K) Eden: 295936K(295936K)->0K(300032K) From: 64K(17408K)->64K(14848K)
[740.673s][info][gc,heap        ] GC(2085) ParOldGen: 579741K(580096K)->579749K(580096K)
[740.673s][info][gc,metaspace   ] GC(2085) Metaspace: 35693K(36416K)->35693K(36416K) NonClass: 26477K(27008K)->26477K(27008K) Class: 9215K(9408K)->9215K(9408K)
[740.673s][info][gc             ] GC(2085) Pause Young (Allocation Failure) 855M->566M(874M) 1.609ms
[740.673s][info][gc,cpu         ] GC(2085) User=0.00s Sys=0.00s Real=0.00s
[740.773s][info][gc,start       ] GC(2086) Pause Young (Allocation Failure)
[740.775s][info][gc,heap        ] GC(2086) PSYoungGen: 300096K(314880K)->64K(315904K) Eden: 300032K(300032K)->0K(300032K) From: 64K(14848K)->64K(15872K)
[740.775s][info][gc,heap        ] GC(2086) ParOldGen: 579749K(580096K)->579757K(580096K)
[740.775s][info][gc,metaspace   ] GC(2086) Metaspace: 35693K(36416K)->35693K(36416K) NonClass: 26477K(27008K)->26477K(27008K) Class: 9215K(9408K)->9215K(9408K)
[740.775s][info][gc             ] GC(2086) Pause Young (Allocation Failure) 859M->566M(875M) 1.657ms
[740.775s][info][gc,cpu         ] GC(2086) User=0.00s Sys=0.00s Real=0.00s
[740.893s][info][gc,start       ] GC(2087) Pause Young (Allocation Failure)
[740.895s][info][gc,heap        ] GC(2087) PSYoungGen: 300096K(315904K)->64K(315904K) Eden: 300032K(300032K)->0K(303104K) From: 64K(15872K)->64K(12800K)
[740.895s][info][gc,heap        ] GC(2087) ParOldGen: 579757K(580096K)->579765K(580096K)
[740.895s][info][gc,metaspace   ] GC(2087) Metaspace: 35693K(36416K)->35693K(36416K) NonClass: 26477K(27008K)->26477K(27008K) Class: 9215K(9408K)->9215K(9408K)
[740.895s][info][gc             ] GC(2087) Pause Young (Allocation Failure) 859M->566M(875M) 1.569ms
[740.895s][info][gc,cpu         ] GC(2087) User=0.00s Sys=0.00s Real=0.00s
[741.279s][info][gc,start       ] GC(2088) Pause Young (Allocation Failure)
[741.281s][info][gc,heap        ] GC(2088) PSYoungGen: 303168K(315904K)->64K(316928K) Eden: 303104K(303104K)->0K(303104K) From: 64K(12800K)->64K(13824K)
[741.281s][info][gc,heap        ] GC(2088) ParOldGen: 579765K(580096K)->579773K(580096K)
[741.281s][info][gc,metaspace   ] GC(2088) Metaspace: 35693K(36416K)->35693K(36416K) NonClass: 26477K(27008K)->26477K(27008K) Class: 9215K(9408K)->9215K(9408K)
[741.281s][info][gc             ] GC(2088) Pause Young (Allocation Failure) 862M->566M(876M) 1.800ms
[741.281s][info][gc,cpu         ] GC(2088) User=0.01s Sys=0.00s Real=0.00s
[742.037s][info][gc,start       ] GC(2089) Pause Young (Allocation Failure)
[742.039s][info][gc,heap        ] GC(2089) PSYoungGen: 303168K(316928K)->64K(318976K) Eden: 303104K(303104K)->0K(307200K) From: 64K(13824K)->64K(11776K)
[742.039s][info][gc,heap        ] GC(2089) ParOldGen: 579773K(580096K)->579789K(580096K)
[742.039s][info][gc,metaspace   ] GC(2089) Metaspace: 35701K(36416K)->35701K(36416K) NonClass: 26485K(27008K)->26485K(27008K) Class: 9215K(9408K)->9215K(9408K)
[742.039s][info][gc             ] GC(2089) Pause Young (Allocation Failure) 862M->566M(878M) 1.761ms
[742.039s][info][gc,cpu         ] GC(2089) User=0.00s Sys=0.01s Real=0.00s
[742.881s][info][gc,start       ] GC(2090) Pause Young (Allocation Failure)
[742.884s][info][gc,heap        ] GC(2090) PSYoungGen: 307264K(318976K)->64K(295424K) Eden: 307200K(307200K)->0K(294912K) From: 64K(11776K)->64K(512K)
[742.884s][info][gc,heap        ] GC(2090) ParOldGen: 579789K(580096K)->579797K(580096K)
[742.884s][info][gc,metaspace   ] GC(2090) Metaspace: 35701K(36416K)->35701K(36416K) NonClass: 26485K(27008K)->26485K(27008K) Class: 9215K(9408K)->9215K(9408K)
[742.884s][info][gc             ] GC(2090) Pause Young (Allocation Failure) 866M->566M(855M) 2.414ms
[742.884s][info][gc,cpu         ] GC(2090) User=0.00s Sys=0.00s Real=0.00s
[743.404s][info][gc,start       ] GC(2091) Pause Young (Allocation Failure)
[743.407s][info][gc,heap        ] GC(2091) PSYoungGen: 294976K(295424K)->64K(283648K) Eden: 294912K(294912K)->0K(283136K) From: 64K(512K)->64K(512K)
[743.407s][info][gc,heap        ] GC(2091) ParOldGen: 579797K(580096K)->579805K(580096K)
[743.407s][info][gc,metaspace   ] GC(2091) Metaspace: 35709K(36416K)->35709K(36416K) NonClass: 26493K(27008K)->26493K(27008K) Class: 9215K(9408K)->9215K(9408K)
[743.407s][info][gc             ] GC(2091) Pause Young (Allocation Failure) 854M->566M(843M) 2.582ms
[743.407s][info][gc,cpu         ] GC(2091) User=0.01s Sys=0.00s Real=0.00s
[744.332s][info][gc,start       ] GC(2092) Pause Young (Allocation Failure)
[744.334s][info][gc,heap        ] GC(2092) PSYoungGen: 283200K(283648K)->64K(282624K) Eden: 283136K(283136K)->0K(271872K) From: 64K(512K)->64K(10752K)
[744.334s][info][gc,heap        ] GC(2092) ParOldGen: 579805K(580096K)->579813K(580096K)
[744.334s][info][gc,metaspace   ] GC(2092) Metaspace: 35709K(36416K)->35709K(36416K) NonClass: 26493K(27008K)->26493K(27008K) Class: 9215K(9408K)->9215K(9408K)
[744.334s][info][gc             ] GC(2092) Pause Young (Allocation Failure) 842M->566M(842M) 1.681ms
[744.334s][info][gc,cpu         ] GC(2092) User=0.00s Sys=0.00s Real=0.00s
[744.697s][info][gc,start       ] GC(2093) Pause Young (Allocation Failure)
[744.699s][info][gc,heap        ] GC(2093) PSYoungGen: 271936K(282624K)->64K(261632K) Eden: 271872K(271872K)->0K(261120K) From: 64K(10752K)->64K(512K)
[744.699s][info][gc,heap        ] GC(2093) ParOldGen: 579813K(580096K)->579821K(580096K)
[744.699s][info][gc,metaspace   ] GC(2093) Metaspace: 35709K(36416K)->35709K(36416K) NonClass: 26493K(27008K)->26493K(27008K) Class: 9215K(9408K)->9215K(9408K)
[744.699s][info][gc             ] GC(2093) Pause Young (Allocation Failure) 831M->566M(822M) 2.119ms
[744.699s][info][gc,cpu         ] GC(2093) User=0.01s Sys=0.00s Real=0.01s
[744.782s][info][gc,start       ] GC(2094) Pause Young (Allocation Failure)
[744.783s][info][gc,heap        ] GC(2094) PSYoungGen: 261184K(261632K)->64K(260096K) Eden: 261120K(261120K)->0K(250880K) From: 64K(512K)->64K(9216K)
[744.783s][info][gc,heap        ] GC(2094) ParOldGen: 579821K(580096K)->579829K(580096K)
[744.783s][info][gc,metaspace   ] GC(2094) Metaspace: 35709K(36416K)->35709K(36416K) NonClass: 26493K(27008K)->26493K(27008K) Class: 9215K(9408K)->9215K(9408K)
[744.783s][info][gc             ] GC(2094) Pause Young (Allocation Failure) 821M->566M(820M) 1.557ms
[744.783s][info][gc,cpu         ] GC(2094) User=0.00s Sys=0.00s Real=0.00s
[745.347s][info][gc,start       ] GC(2095) Pause Young (Allocation Failure)
[745.349s][info][gc,heap        ] GC(2095) PSYoungGen: 250944K(260096K)->64K(241664K) Eden: 250880K(250880K)->0K(241152K) From: 64K(9216K)->64K(512K)
[745.349s][info][gc,heap        ] GC(2095) ParOldGen: 579829K(580096K)->579837K(580096K)
[745.349s][info][gc,metaspace   ] GC(2095) Metaspace: 35709K(36416K)->35709K(36416K) NonClass: 26493K(27008K)->26493K(27008K) Class: 9215K(9408K)->9215K(9408K)
[745.349s][info][gc             ] GC(2095) Pause Young (Allocation Failure) 811M->566M(802M) 2.119ms
[745.349s][info][gc,cpu         ] GC(2095) User=0.00s Sys=0.00s Real=0.01s
[745.560s][info][gc,start       ] GC(2096) Pause Young (Allocation Failure)
[745.562s][info][gc,heap        ] GC(2096) PSYoungGen: 241216K(241664K)->64K(240128K) Eden: 241152K(241152K)->0K(231936K) From: 64K(512K)->64K(8192K)
[745.562s][info][gc,heap        ] GC(2096) ParOldGen: 579837K(580096K)->579845K(580096K)
[745.562s][info][gc,metaspace   ] GC(2096) Metaspace: 35709K(36416K)->35709K(36416K) NonClass: 26493K(27008K)->26493K(27008K) Class: 9215K(9408K)->9215K(9408K)
[745.562s][info][gc             ] GC(2096) Pause Young (Allocation Failure) 801M->566M(801M) 1.604ms
[745.562s][info][gc,cpu         ] GC(2096) User=0.01s Sys=0.00s Real=0.00s
[745.886s][info][gc,start       ] GC(2097) Pause Young (Allocation Failure)
[745.918s][info][gc,heap        ] GC(2097) PSYoungGen: 232000K(240128K)->7168K(279552K) Eden: 231936K(231936K)->0K(272384K) From: 64K(8192K)->7168K(7168K)
[745.918s][info][gc,heap        ] GC(2097) ParOldGen: 579845K(580096K)->589893K(590336K)
[745.918s][info][gc,metaspace   ] GC(2097) Metaspace: 35709K(36416K)->35709K(36416K) NonClass: 26493K(27008K)->26493K(27008K) Class: 9215K(9408K)->9215K(9408K)
[745.918s][info][gc             ] GC(2097) Pause Young (Allocation Failure) 792M->583M(849M) 31.870ms
[745.918s][info][gc,cpu         ] GC(2097) User=0.05s Sys=0.01s Real=0.04s
[746.235s][info][gc,start       ] GC(2098) Pause Young (Allocation Failure)
[746.293s][info][gc,heap        ] GC(2098) PSYoungGen: 279552K(279552K)->12800K(285184K) Eden: 272384K(272384K)->0K(272384K) From: 7168K(7168K)->12800K(12800K)
[746.293s][info][gc,heap        ] GC(2098) ParOldGen: 589893K(590336K)->608013K(608256K)
[746.294s][info][gc,metaspace   ] GC(2098) Metaspace: 35709K(36416K)->35709K(36416K) NonClass: 26493K(27008K)->26493K(27008K) Class: 9215K(9408K)->9215K(9408K)
[746.294s][info][gc             ] GC(2098) Pause Young (Allocation Failure) 849M->606M(872M) 58.766ms
[746.294s][info][gc,cpu         ] GC(2098) User=0.10s Sys=0.02s Real=0.06s
[746.482s][info][gc,start       ] GC(2099) Pause Young (Allocation Failure)
[746.516s][info][gc,heap        ] GC(2099) PSYoungGen: 285184K(285184K)->14784K(308224K) Eden: 272384K(272384K)->0K(285696K) From: 12800K(12800K)->14784K(22528K)
[746.517s][info][gc,heap        ] GC(2099) ParOldGen: 608013K(608256K)->608509K(608768K)
[746.517s][info][gc,metaspace   ] GC(2099) Metaspace: 35709K(36416K)->35709K(36416K) NonClass: 26493K(27008K)->26493K(27008K) Class: 9215K(9408K)->9215K(9408K)
[746.517s][info][gc             ] GC(2099) Pause Young (Allocation Failure) 872M->608M(895M) 34.547ms
[746.517s][info][gc,cpu         ] GC(2099) User=0.06s Sys=0.01s Real=0.03s
[746.837s][info][gc,start       ] GC(2100) Pause Young (Allocation Failure)
[746.838s][info][gc,heap        ] GC(2100) PSYoungGen: 300480K(308224K)->64K(309760K) Eden: 285696K(285696K)->0K(285696K) From: 14784K(22528K)->64K(24064K)
[746.838s][info][gc,heap        ] GC(2100) ParOldGen: 608509K(608768K)->608517K(608768K)
[746.838s][info][gc,metaspace   ] GC(2100) Metaspace: 35709K(36416K)->35709K(36416K) NonClass: 26493K(27008K)->26493K(27008K) Class: 9215K(9408K)->9215K(9408K)
[746.839s][info][gc             ] GC(2100) Pause Young (Allocation Failure) 887M->594M(897M) 1.929ms
[746.839s][info][gc,cpu         ] GC(2100) User=0.00s Sys=0.00s Real=0.01s
[747.414s][info][gc,start       ] GC(2101) Pause Young (Allocation Failure)
[747.416s][info][gc,heap        ] GC(2101) PSYoungGen: 285760K(309760K)->64K(307200K) Eden: 285696K(285696K)->0K(286208K) From: 64K(24064K)->64K(20992K)
[747.416s][info][gc,heap        ] GC(2101) ParOldGen: 608517K(608768K)->608525K(608768K)
[747.416s][info][gc,metaspace   ] GC(2101) Metaspace: 35709K(36416K)->35709K(36416K) NonClass: 26493K(27008K)->26493K(27008K) Class: 9215K(9408K)->9215K(9408K)
[747.416s][info][gc             ] GC(2101) Pause Young (Allocation Failure) 873M->594M(894M) 1.863ms
[747.416s][info][gc,cpu         ] GC(2101) User=0.01s Sys=0.00s Real=0.00s
[747.871s][info][gc,start       ] GC(2102) Pause Young (Allocation Failure)
[747.873s][info][gc,heap        ] GC(2102) PSYoungGen: 286272K(307200K)->64K(308736K) Eden: 286208K(286208K)->0K(286208K) From: 64K(20992K)->64K(22528K)
[747.873s][info][gc,heap        ] GC(2102) ParOldGen: 608525K(608768K)->608541K(608768K)
[747.873s][info][gc,metaspace   ] GC(2102) Metaspace: 35709K(36416K)->35709K(36416K) NonClass: 26493K(27008K)->26493K(27008K) Class: 9215K(9408K)->9215K(9408K)
[747.873s][info][gc             ] GC(2102) Pause Young (Allocation Failure) 873M->594M(896M) 1.855ms
[747.873s][info][gc,cpu         ] GC(2102) User=0.00s Sys=0.00s Real=0.00s
[748.107s][info][gc,start       ] GC(2103) Pause Young (Allocation Failure)
[748.109s][info][gc,heap        ] GC(2103) PSYoungGen: 286272K(308736K)->64K(308736K) Eden: 286208K(286208K)->0K(289280K) From: 64K(22528K)->64K(19456K)
[748.109s][info][gc,heap        ] GC(2103) ParOldGen: 608541K(608768K)->608557K(608768K)
[748.109s][info][gc,metaspace   ] GC(2103) Metaspace: 35709K(36416K)->35709K(36416K) NonClass: 26493K(27008K)->26493K(27008K) Class: 9215K(9408K)->9215K(9408K)
[748.109s][info][gc             ] GC(2103) Pause Young (Allocation Failure) 873M->594M(896M) 1.677ms
[748.109s][info][gc,cpu         ] GC(2103) User=0.01s Sys=0.00s Real=0.00s
[748.345s][info][gc,start       ] GC(2104) Pause Young (Allocation Failure)
[748.347s][info][gc,heap        ] GC(2104) PSYoungGen: 289344K(308736K)->64K(310272K) Eden: 289280K(289280K)->0K(289280K) From: 64K(19456K)->64K(20992K)
[748.347s][info][gc,heap        ] GC(2104) ParOldGen: 608557K(608768K)->608557K(608768K)
[748.347s][info][gc,metaspace   ] GC(2104) Metaspace: 35709K(36416K)->35709K(36416K) NonClass: 26493K(27008K)->26493K(27008K) Class: 9215K(9408K)->9215K(9408K)
[748.347s][info][gc             ] GC(2104) Pause Young (Allocation Failure) 876M->594M(897M) 1.706ms
[748.347s][info][gc,cpu         ] GC(2104) User=0.01s Sys=0.00s Real=0.00s
[748.653s][info][gc,start       ] GC(2105) Pause Young (Allocation Failure)
[748.655s][info][gc,heap        ] GC(2105) PSYoungGen: 289344K(310272K)->64K(310272K) Eden: 289280K(289280K)->0K(292864K) From: 64K(20992K)->64K(17408K)
[748.655s][info][gc,heap        ] GC(2105) ParOldGen: 608557K(608768K)->608557K(608768K)
[748.655s][info][gc,metaspace   ] GC(2105) Metaspace: 35709K(36416K)->35709K(36416K) NonClass: 26493K(27008K)->26493K(27008K) Class: 9215K(9408K)->9215K(9408K)
[748.655s][info][gc             ] GC(2105) Pause Young (Allocation Failure) 876M->594M(897M) 1.705ms
[748.655s][info][gc,cpu         ] GC(2105) User=0.00s Sys=0.00s Real=0.00s
[748.706s][info][gc,start       ] GC(2106) Pause Young (Allocation Failure)
[748.708s][info][gc,heap        ] GC(2106) PSYoungGen: 292928K(310272K)->64K(311808K) Eden: 292864K(292864K)->0K(292864K) From: 64K(17408K)->64K(18944K)
[748.708s][info][gc,heap        ] GC(2106) ParOldGen: 608557K(608768K)->608573K(608768K)
[748.708s][info][gc,metaspace   ] GC(2106) Metaspace: 35709K(36416K)->35709K(36416K) NonClass: 26493K(27008K)->26493K(27008K) Class: 9215K(9408K)->9215K(9408K)
[748.708s][info][gc             ] GC(2106) Pause Young (Allocation Failure) 880M->594M(899M) 1.690ms
[748.708s][info][gc,cpu         ] GC(2106) User=0.01s Sys=0.00s Real=0.01s
[748.783s][info][gc,start       ] GC(2107) Pause Young (Allocation Failure)
[748.784s][info][gc,heap        ] GC(2107) PSYoungGen: 292928K(311808K)->64K(312320K) Eden: 292864K(292864K)->0K(296960K) From: 64K(18944K)->64K(15360K)
[748.784s][info][gc,heap        ] GC(2107) ParOldGen: 608573K(608768K)->608573K(608768K)
[748.784s][info][gc,metaspace   ] GC(2107) Metaspace: 35709K(36416K)->35709K(36416K) NonClass: 26493K(27008K)->26493K(27008K) Class: 9215K(9408K)->9215K(9408K)
[748.784s][info][gc             ] GC(2107) Pause Young (Allocation Failure) 880M->594M(899M) 1.591ms
[748.784s][info][gc,cpu         ] GC(2107) User=0.00s Sys=0.00s Real=0.00s
[749.030s][info][gc,start       ] GC(2108) Pause Young (Allocation Failure)
[749.032s][info][gc,heap        ] GC(2108) PSYoungGen: 297024K(312320K)->32K(313856K) Eden: 296960K(296960K)->0K(296960K) From: 64K(15360K)->32K(16896K)
[749.032s][info][gc,heap        ] GC(2108) ParOldGen: 608573K(608768K)->608589K(608768K)
[749.032s][info][gc,metaspace   ] GC(2108) Metaspace: 35709K(36416K)->35709K(36416K) NonClass: 26493K(27008K)->26493K(27008K) Class: 9215K(9408K)->9215K(9408K)
[749.032s][info][gc             ] GC(2108) Pause Young (Allocation Failure) 884M->594M(901M) 1.761ms
[749.032s][info][gc,cpu         ] GC(2108) User=0.01s Sys=0.00s Real=0.00s
[749.231s][info][gc,start       ] GC(2109) Pause Young (Allocation Failure)
[749.232s][info][gc,heap        ] GC(2109) PSYoungGen: 296992K(313856K)->64K(314368K) Eden: 296960K(296960K)->0K(301056K) From: 32K(16896K)->64K(13312K)
[749.232s][info][gc,heap        ] GC(2109) ParOldGen: 608589K(608768K)->608589K(608768K)
[749.232s][info][gc,metaspace   ] GC(2109) Metaspace: 35709K(36416K)->35709K(36416K) NonClass: 26493K(27008K)->26493K(27008K) Class: 9215K(9408K)->9215K(9408K)
[749.232s][info][gc             ] GC(2109) Pause Young (Allocation Failure) 884M->594M(901M) 1.751ms
[749.232s][info][gc,cpu         ] GC(2109) User=0.00s Sys=0.00s Real=0.00s
[749.316s][info][gc,start       ] GC(2110) Pause Young (Allocation Failure)
[749.318s][info][gc,heap        ] GC(2110) PSYoungGen: 301120K(314368K)->64K(315904K) Eden: 301056K(301056K)->0K(301056K) From: 64K(13312K)->64K(14848K)
[749.318s][info][gc,heap        ] GC(2110) ParOldGen: 608589K(608768K)->608605K(608768K)
[749.318s][info][gc,metaspace   ] GC(2110) Metaspace: 35709K(36416K)->35709K(36416K) NonClass: 26493K(27008K)->26493K(27008K) Class: 9215K(9408K)->9215K(9408K)
[749.318s][info][gc             ] GC(2110) Pause Young (Allocation Failure) 888M->594M(903M) 1.699ms
[749.318s][info][gc,cpu         ] GC(2110) User=0.00s Sys=0.00s Real=0.01s
[749.460s][info][gc,start       ] GC(2111) Pause Young (Allocation Failure)
[749.462s][info][gc,heap        ] GC(2111) PSYoungGen: 301120K(315904K)->64K(316416K) Eden: 301056K(301056K)->0K(304640K) From: 64K(14848K)->64K(11776K)
[749.462s][info][gc,heap        ] GC(2111) ParOldGen: 608605K(608768K)->608605K(608768K)
[749.462s][info][gc,metaspace   ] GC(2111) Metaspace: 35709K(36416K)->35709K(36416K) NonClass: 26493K(27008K)->26493K(27008K) Class: 9215K(9408K)->9215K(9408K)
[749.462s][info][gc             ] GC(2111) Pause Young (Allocation Failure) 888M->594M(903M) 1.747ms
[749.462s][info][gc,cpu         ] GC(2111) User=0.00s Sys=0.00s Real=0.00s
[750.391s][info][gc,start       ] GC(2112) Pause Young (Allocation Failure)
[750.393s][info][gc,heap        ] GC(2112) PSYoungGen: 304704K(316416K)->64K(317952K) Eden: 304640K(304640K)->0K(304640K) From: 64K(11776K)->64K(13312K)
[750.393s][info][gc,heap        ] GC(2112) ParOldGen: 608605K(608768K)->608613K(608768K)
[750.393s][info][gc,metaspace   ] GC(2112) Metaspace: 35709K(36416K)->35709K(36416K) NonClass: 26493K(27008K)->26493K(27008K) Class: 9215K(9408K)->9215K(9408K)
[750.393s][info][gc             ] GC(2112) Pause Young (Allocation Failure) 891M->594M(905M) 1.812ms
[750.393s][info][gc,cpu         ] GC(2112) User=0.00s Sys=0.00s Real=0.00s
[751.207s][info][gc,start       ] GC(2113) Pause Young (Allocation Failure)
[751.209s][info][gc,heap        ] GC(2113) PSYoungGen: 304704K(317952K)->64K(318976K) Eden: 304640K(304640K)->0K(308224K) From: 64K(13312K)->64K(10752K)
[751.209s][info][gc,heap        ] GC(2113) ParOldGen: 608613K(608768K)->608621K(608768K)
[751.209s][info][gc,metaspace   ] GC(2113) Metaspace: 35709K(36416K)->35709K(36416K) NonClass: 26493K(27008K)->26493K(27008K) Class: 9215K(9408K)->9215K(9408K)
[751.209s][info][gc             ] GC(2113) Pause Young (Allocation Failure) 891M->594M(906M) 1.771ms
[751.209s][info][gc,cpu         ] GC(2113) User=0.00s Sys=0.00s Real=0.00s
[751.592s][info][gc,start       ] GC(2114) Pause Young (Allocation Failure)
[751.594s][info][gc,heap        ] GC(2114) PSYoungGen: 308288K(318976K)->64K(296448K) Eden: 308224K(308224K)->0K(295936K) From: 64K(10752K)->64K(512K)
[751.594s][info][gc,heap        ] GC(2114) ParOldGen: 608621K(608768K)->608629K(608768K)
[751.594s][info][gc,metaspace   ] GC(2114) Metaspace: 35709K(36416K)->35709K(36416K) NonClass: 26493K(27008K)->26493K(27008K) Class: 9215K(9408K)->9215K(9408K)
[751.594s][info][gc             ] GC(2114) Pause Young (Allocation Failure) 895M->594M(884M) 2.096ms
[751.594s][info][gc,cpu         ] GC(2114) User=0.00s Sys=0.00s Real=0.00s
[752.669s][info][gc,start       ] GC(2115) Pause Young (Allocation Failure)
[752.671s][info][gc,heap        ] GC(2115) PSYoungGen: 296000K(296448K)->64K(284672K) Eden: 295936K(295936K)->0K(284160K) From: 64K(512K)->64K(512K)
[752.671s][info][gc,heap        ] GC(2115) ParOldGen: 608629K(608768K)->608637K(608768K)
[752.671s][info][gc,metaspace   ] GC(2115) Metaspace: 35709K(36416K)->35709K(36416K) NonClass: 26493K(27008K)->26493K(27008K) Class: 9215K(9408K)->9215K(9408K)
[752.671s][info][gc             ] GC(2115) Pause Young (Allocation Failure) 883M->594M(872M) 2.518ms
[752.671s][info][gc,cpu         ] GC(2115) User=0.00s Sys=0.00s Real=0.00s
[753.068s][info][gc,start       ] GC(2116) Pause Young (Allocation Failure)
[753.071s][info][gc,heap        ] GC(2116) PSYoungGen: 284224K(284672K)->64K(283136K) Eden: 284160K(284160K)->0K(272896K) From: 64K(512K)->64K(10240K)
[753.071s][info][gc,heap        ] GC(2116) ParOldGen: 608637K(608768K)->608653K(608768K)
[753.071s][info][gc,metaspace   ] GC(2116) Metaspace: 35709K(36416K)->35709K(36416K) NonClass: 26493K(27008K)->26493K(27008K) Class: 9215K(9408K)->9215K(9408K)
[753.071s][info][gc             ] GC(2116) Pause Young (Allocation Failure) 871M->594M(871M) 3.155ms
[753.071s][info][gc,cpu         ] GC(2116) User=0.00s Sys=0.00s Real=0.00s
[753.245s][info][gc,start       ] GC(2117) Pause Young (Allocation Failure)
[753.248s][info][gc,heap        ] GC(2117) PSYoungGen: 272960K(283136K)->64K(302592K) Eden: 272896K(272896K)->0K(292864K) From: 64K(10240K)->64K(9728K)
[753.248s][info][gc,heap        ] GC(2117) ParOldGen: 608653K(608768K)->608669K(608768K)
[753.248s][info][gc,metaspace   ] GC(2117) Metaspace: 35709K(36416K)->35709K(36416K) NonClass: 26493K(27008K)->26493K(27008K) Class: 9215K(9408K)->9215K(9408K)
[753.248s][info][gc             ] GC(2117) Pause Young (Allocation Failure) 860M->594M(890M) 2.931ms
[753.248s][info][gc,cpu         ] GC(2117) User=0.00s Sys=0.00s Real=0.01s
[753.536s][info][gc,start       ] GC(2118) Pause Young (Allocation Failure)
[753.539s][info][gc,heap        ] GC(2118) PSYoungGen: 292928K(302592K)->64K(301568K) Eden: 292864K(292864K)->0K(292864K) From: 64K(9728K)->64K(8704K)
[753.539s][info][gc,heap        ] GC(2118) ParOldGen: 608669K(608768K)->608685K(608768K)
[753.539s][info][gc,metaspace   ] GC(2118) Metaspace: 35709K(36416K)->35709K(36416K) NonClass: 26493K(27008K)->26493K(27008K) Class: 9215K(9408K)->9215K(9408K)
[753.539s][info][gc             ] GC(2118) Pause Young (Allocation Failure) 880M->594M(889M) 2.911ms
[753.539s][info][gc,cpu         ] GC(2118) User=0.00s Sys=0.00s Real=0.01s
[753.957s][info][gc,start       ] GC(2119) Pause Young (Allocation Failure)
[753.960s][info][gc,heap        ] GC(2119) PSYoungGen: 292928K(301568K)->64K(281600K) Eden: 292864K(292864K)->0K(281088K) From: 64K(8704K)->64K(512K)
[753.960s][info][gc,heap        ] GC(2119) ParOldGen: 608685K(608768K)->608701K(608768K)
[753.960s][info][gc,metaspace   ] GC(2119) Metaspace: 35709K(36416K)->35709K(36416K) NonClass: 26493K(27008K)->26493K(27008K) Class: 9215K(9408K)->9215K(9408K)
[753.960s][info][gc             ] GC(2119) Pause Young (Allocation Failure) 880M->594M(869M) 2.909ms
[753.960s][info][gc,cpu         ] GC(2119) User=0.00s Sys=0.00s Real=0.00s
[754.374s][info][gc,start       ] GC(2120) Pause Young (Allocation Failure)
[754.403s][info][gc,heap        ] GC(2120) PSYoungGen: 281152K(281600K)->7680K(316416K) Eden: 281088K(281088K)->0K(308736K) From: 64K(512K)->7680K(7680K)
[754.403s][info][gc,heap        ] GC(2120) ParOldGen: 608701K(608768K)->614461K(614912K)
[754.403s][info][gc,metaspace   ] GC(2120) Metaspace: 35709K(36416K)->35709K(36416K) NonClass: 26493K(27008K)->26493K(27008K) Class: 9215K(9408K)->9215K(9408K)
[754.404s][info][gc             ] GC(2120) Pause Young (Allocation Failure) 868M->607M(909M) 29.741ms
[754.404s][info][gc,cpu         ] GC(2120) User=0.05s Sys=0.01s Real=0.03s
[754.760s][info][gc,start       ] GC(2121) Pause Young (Allocation Failure)
[754.831s][info][gc,heap        ] GC(2121) PSYoungGen: 316416K(316416K)->11776K(299520K) Eden: 308736K(308736K)->0K(287744K) From: 7680K(7680K)->11776K(11776K)
[754.831s][info][gc,heap        ] GC(2121) ParOldGen: 614461K(614912K)->637581K(637952K)
[754.831s][info][gc,metaspace   ] GC(2121) Metaspace: 35709K(36416K)->35709K(36416K) NonClass: 26493K(27008K)->26493K(27008K) Class: 9215K(9408K)->9215K(9408K)
[754.831s][info][gc             ] GC(2121) Pause Young (Allocation Failure) 909M->634M(915M) 71.749ms
[754.832s][info][gc,cpu         ] GC(2121) User=0.11s Sys=0.03s Real=0.07s
[755.023s][info][gc,start       ] GC(2122) Pause Young (Allocation Failure)
[755.050s][info][gc,heap        ] GC(2122) PSYoungGen: 299520K(299520K)->14464K(302592K) Eden: 287744K(287744K)->0K(287744K) From: 11776K(11776K)->14464K(14848K)
[755.050s][info][gc,heap        ] GC(2122) ParOldGen: 637581K(637952K)->638205K(638464K)
[755.050s][info][gc,metaspace   ] GC(2122) Metaspace: 35709K(36416K)->35709K(36416K) NonClass: 26493K(27008K)->26493K(27008K) Class: 9215K(9408K)->9215K(9408K)
[755.050s][info][gc             ] GC(2122) Pause Young (Allocation Failure) 915M->637M(919M) 27.395ms
[755.050s][info][gc,cpu         ] GC(2122) User=0.05s Sys=0.00s Real=0.03s
[755.413s][info][gc,start       ] GC(2123) Pause Young (Allocation Failure)
[755.415s][info][gc,heap        ] GC(2123) PSYoungGen: 302208K(302592K)->64K(309760K) Eden: 287744K(287744K)->0K(285184K) From: 14464K(14848K)->64K(24576K)
[755.415s][info][gc,heap        ] GC(2123) ParOldGen: 638205K(638464K)->638213K(638464K)
[755.415s][info][gc,metaspace   ] GC(2123) Metaspace: 35709K(36416K)->35709K(36416K) NonClass: 26493K(27008K)->26493K(27008K) Class: 9215K(9408K)->9215K(9408K)
[755.415s][info][gc             ] GC(2123) Pause Young (Allocation Failure) 918M->623M(926M) 1.900ms
[755.415s][info][gc,cpu         ] GC(2123) User=0.00s Sys=0.00s Real=0.00s
[755.966s][info][gc,start       ] GC(2124) Pause Young (Allocation Failure)
[755.968s][info][gc,heap        ] GC(2124) PSYoungGen: 285248K(309760K)->64K(285696K) Eden: 285184K(285184K)->0K(285184K) From: 64K(24576K)->64K(512K)
[755.968s][info][gc,heap        ] GC(2124) ParOldGen: 638213K(638464K)->638221K(638464K)
[755.968s][info][gc,metaspace   ] GC(2124) Metaspace: 35709K(36416K)->35709K(36416K) NonClass: 26493K(27008K)->26493K(27008K) Class: 9215K(9408K)->9215K(9408K)
[755.968s][info][gc             ] GC(2124) Pause Young (Allocation Failure) 901M->623M(902M) 2.162ms
[755.968s][info][gc,cpu         ] GC(2124) User=0.01s Sys=0.00s Real=0.01s
[756.415s][info][gc,start       ] GC(2125) Pause Young (Allocation Failure)
[756.417s][info][gc,heap        ] GC(2125) PSYoungGen: 285248K(285696K)->64K(309248K) Eden: 285184K(285184K)->0K(286208K) From: 64K(512K)->64K(23040K)
[756.417s][info][gc,heap        ] GC(2125) ParOldGen: 638221K(638464K)->638237K(638464K)
[756.417s][info][gc,metaspace   ] GC(2125) Metaspace: 35709K(36416K)->35709K(36416K) NonClass: 26493K(27008K)->26493K(27008K) Class: 9215K(9408K)->9215K(9408K)
[756.417s][info][gc             ] GC(2125) Pause Young (Allocation Failure) 901M->623M(925M) 1.875ms
[756.417s][info][gc,cpu         ] GC(2125) User=0.00s Sys=0.00s Real=0.01s
[756.652s][info][gc,start       ] GC(2126) Pause Young (Allocation Failure)
[756.654s][info][gc,heap        ] GC(2126) PSYoungGen: 286272K(309248K)->64K(308224K) Eden: 286208K(286208K)->0K(286208K) From: 64K(23040K)->64K(22016K)
[756.654s][info][gc,heap        ] GC(2126) ParOldGen: 638237K(638464K)->638253K(638464K)
[756.654s][info][gc,metaspace   ] GC(2126) Metaspace: 35709K(36416K)->35709K(36416K) NonClass: 26493K(27008K)->26493K(27008K) Class: 9215K(9408K)->9215K(9408K)
[756.654s][info][gc             ] GC(2126) Pause Young (Allocation Failure) 902M->623M(924M) 1.826ms
[756.654s][info][gc,cpu         ] GC(2126) User=0.00s Sys=0.00s Real=0.00s
[756.887s][info][gc,start       ] GC(2127) Pause Young (Allocation Failure)
[756.889s][info][gc,heap        ] GC(2127) PSYoungGen: 286272K(308224K)->64K(310784K) Eden: 286208K(286208K)->0K(289792K) From: 64K(22016K)->64K(20992K)
[756.889s][info][gc,heap        ] GC(2127) ParOldGen: 638253K(638464K)->638253K(638464K)
[756.889s][info][gc,metaspace   ] GC(2127) Metaspace: 35709K(36416K)->35709K(36416K) NonClass: 26493K(27008K)->26493K(27008K) Class: 9215K(9408K)->9215K(9408K)
[756.889s][info][gc             ] GC(2127) Pause Young (Allocation Failure) 902M->623M(927M) 1.761ms
[756.889s][info][gc,cpu         ] GC(2127) User=0.01s Sys=0.00s Real=0.00s
[757.185s][info][gc,start       ] GC(2128) Pause Young (Allocation Failure)
[757.187s][info][gc,heap        ] GC(2128) PSYoungGen: 289856K(310784K)->64K(309760K) Eden: 289792K(289792K)->0K(289792K) From: 64K(20992K)->64K(19968K)
[757.187s][info][gc,heap        ] GC(2128) ParOldGen: 638253K(638464K)->638253K(638464K)
[757.187s][info][gc,metaspace   ] GC(2128) Metaspace: 35709K(36416K)->35709K(36416K) NonClass: 26493K(27008K)->26493K(27008K) Class: 9215K(9408K)->9215K(9408K)
[757.187s][info][gc             ] GC(2128) Pause Young (Allocation Failure) 906M->623M(926M) 1.780ms
[757.187s][info][gc,cpu         ] GC(2128) User=0.00s Sys=0.00s Real=0.01s
[757.237s][info][gc,start       ] GC(2129) Pause Young (Allocation Failure)
[757.239s][info][gc,heap        ] GC(2129) PSYoungGen: 289856K(309760K)->64K(312832K) Eden: 289792K(289792K)->0K(293888K) From: 64K(19968K)->64K(18944K)
[757.239s][info][gc,heap        ] GC(2129) ParOldGen: 638253K(638464K)->638269K(638464K)
[757.239s][info][gc,metaspace   ] GC(2129) Metaspace: 35709K(36416K)->35709K(36416K) NonClass: 26493K(27008K)->26493K(27008K) Class: 9215K(9408K)->9215K(9408K)
[757.239s][info][gc             ] GC(2129) Pause Young (Allocation Failure) 906M->623M(929M) 1.683ms
[757.239s][info][gc,cpu         ] GC(2129) User=0.01s Sys=0.00s Real=0.00s
[757.323s][info][gc,start       ] GC(2130) Pause Young (Allocation Failure)
[757.325s][info][gc,heap        ] GC(2130) PSYoungGen: 293952K(312832K)->64K(311808K) Eden: 293888K(293888K)->0K(293888K) From: 64K(18944K)->64K(17920K)
[757.325s][info][gc,heap        ] GC(2130) ParOldGen: 638269K(638464K)->638269K(638464K)
[757.325s][info][gc,metaspace   ] GC(2130) Metaspace: 35709K(36416K)->35709K(36416K) NonClass: 26493K(27008K)->26493K(27008K) Class: 9215K(9408K)->9215K(9408K)
[757.325s][info][gc             ] GC(2130) Pause Young (Allocation Failure) 910M->623M(928M) 1.708ms
[757.325s][info][gc,cpu         ] GC(2130) User=0.00s Sys=0.00s Real=0.00s
[757.566s][info][gc,start       ] GC(2131) Pause Young (Allocation Failure)
[757.568s][info][gc,heap        ] GC(2131) PSYoungGen: 293952K(311808K)->32K(314880K) Eden: 293888K(293888K)->0K(297984K) From: 64K(17920K)->32K(16896K)
[757.568s][info][gc,heap        ] GC(2131) ParOldGen: 638269K(638464K)->638285K(638464K)
[757.568s][info][gc,metaspace   ] GC(2131) Metaspace: 35709K(36416K)->35709K(36416K) NonClass: 26493K(27008K)->26493K(27008K) Class: 9215K(9408K)->9215K(9408K)
[757.568s][info][gc             ] GC(2131) Pause Young (Allocation Failure) 910M->623M(931M) 1.668ms
[757.568s][info][gc,cpu         ] GC(2131) User=0.01s Sys=0.00s Real=0.01s
[757.761s][info][gc,start       ] GC(2132) Pause Young (Allocation Failure)
[757.763s][info][gc,heap        ] GC(2132) PSYoungGen: 298016K(314880K)->64K(314368K) Eden: 297984K(297984K)->0K(297984K) From: 32K(16896K)->64K(16384K)
[757.763s][info][gc,heap        ] GC(2132) ParOldGen: 638285K(638464K)->638285K(638464K)
[757.763s][info][gc,metaspace   ] GC(2132) Metaspace: 35709K(36416K)->35709K(36416K) NonClass: 26493K(27008K)->26493K(27008K) Class: 9215K(9408K)->9215K(9408K)
[757.763s][info][gc             ] GC(2132) Pause Young (Allocation Failure) 914M->623M(930M) 1.793ms
[757.763s][info][gc,cpu         ] GC(2132) User=0.00s Sys=0.00s Real=0.00s
[757.843s][info][gc,start       ] GC(2133) Pause Young (Allocation Failure)
[757.845s][info][gc,heap        ] GC(2133) PSYoungGen: 298048K(314368K)->64K(316416K) Eden: 297984K(297984K)->0K(301568K) From: 64K(16384K)->64K(14848K)
[757.845s][info][gc,heap        ] GC(2133) ParOldGen: 638285K(638464K)->638301K(638464K)
[757.845s][info][gc,metaspace   ] GC(2133) Metaspace: 35709K(36416K)->35709K(36416K) NonClass: 26493K(27008K)->26493K(27008K) Class: 9215K(9408K)->9215K(9408K)
[757.845s][info][gc             ] GC(2133) Pause Young (Allocation Failure) 914M->623M(932M) 1.726ms
[757.845s][info][gc,cpu         ] GC(2133) User=0.00s Sys=0.00s Real=0.00s
[757.990s][info][gc,start       ] GC(2134) Pause Young (Allocation Failure)
[757.992s][info][gc,heap        ] GC(2134) PSYoungGen: 301632K(316416K)->64K(315904K) Eden: 301568K(301568K)->0K(301568K) From: 64K(14848K)->64K(14336K)
[757.992s][info][gc,heap        ] GC(2134) ParOldGen: 638301K(638464K)->638301K(638464K)
[757.992s][info][gc,metaspace   ] GC(2134) Metaspace: 35709K(36416K)->35709K(36416K) NonClass: 26493K(27008K)->26493K(27008K) Class: 9215K(9408K)->9215K(9408K)
[757.992s][info][gc             ] GC(2134) Pause Young (Allocation Failure) 917M->623M(932M) 1.780ms
[757.992s][info][gc,cpu         ] GC(2134) User=0.00s Sys=0.00s Real=0.00s
[758.919s][info][gc,start       ] GC(2135) Pause Young (Allocation Failure)
[758.921s][info][gc,heap        ] GC(2135) PSYoungGen: 301632K(315904K)->64K(318464K) Eden: 301568K(301568K)->0K(305152K) From: 64K(14336K)->64K(13312K)
[758.921s][info][gc,heap        ] GC(2135) ParOldGen: 638301K(638464K)->638309K(638464K)
[758.921s][info][gc,metaspace   ] GC(2135) Metaspace: 35709K(36416K)->35709K(36416K) NonClass: 26493K(27008K)->26493K(27008K) Class: 9215K(9408K)->9215K(9408K)
[758.921s][info][gc             ] GC(2135) Pause Young (Allocation Failure) 917M->623M(934M) 1.926ms
[758.921s][info][gc,cpu         ] GC(2135) User=0.01s Sys=0.00s Real=0.00s
[759.741s][info][gc,start       ] GC(2136) Pause Young (Allocation Failure)
[759.743s][info][gc,heap        ] GC(2136) PSYoungGen: 305216K(318464K)->64K(317952K) Eden: 305152K(305152K)->0K(305152K) From: 64K(13312K)->64K(12800K)
[759.743s][info][gc,heap        ] GC(2136) ParOldGen: 638309K(638464K)->638317K(638464K)
[759.743s][info][gc,metaspace   ] GC(2136) Metaspace: 35709K(36416K)->35709K(36416K) NonClass: 26493K(27008K)->26493K(27008K) Class: 9215K(9408K)->9215K(9408K)
[759.743s][info][gc             ] GC(2136) Pause Young (Allocation Failure) 921M->623M(934M) 1.829ms
[759.743s][info][gc,cpu         ] GC(2136) User=0.01s Sys=0.00s Real=0.00s
[760.125s][info][gc,start       ] GC(2137) Pause Young (Allocation Failure)
[760.128s][info][gc,heap        ] GC(2137) PSYoungGen: 305216K(317952K)->64K(293376K) Eden: 305152K(305152K)->0K(292864K) From: 64K(12800K)->64K(512K)
[760.128s][info][gc,heap        ] GC(2137) ParOldGen: 638317K(638464K)->638325K(638464K)
[760.128s][info][gc,metaspace   ] GC(2137) Metaspace: 35709K(36416K)->35709K(36416K) NonClass: 26493K(27008K)->26493K(27008K) Class: 9215K(9408K)->9215K(9408K)
[760.128s][info][gc             ] GC(2137) Pause Young (Allocation Failure) 921M->623M(910M) 2.447ms
[760.128s][info][gc,cpu         ] GC(2137) User=0.00s Sys=0.00s Real=0.01s
[761.191s][info][gc,start       ] GC(2138) Pause Young (Allocation Failure)
[761.192s][info][gc,heap        ] GC(2138) PSYoungGen: 292928K(293376K)->64K(292352K) Eden: 292864K(292864K)->0K(281088K) From: 64K(512K)->64K(11264K)
[761.192s][info][gc,heap        ] GC(2138) ParOldGen: 638325K(638464K)->638333K(638464K)
[761.192s][info][gc,metaspace   ] GC(2138) Metaspace: 35709K(36416K)->35709K(36416K) NonClass: 26493K(27008K)->26493K(27008K) Class: 9215K(9408K)->9215K(9408K)
[761.192s][info][gc             ] GC(2138) Pause Young (Allocation Failure) 909M->623M(909M) 1.830ms
[761.192s][info][gc,cpu         ] GC(2138) User=0.00s Sys=0.00s Real=0.00s
[761.589s][info][gc,start       ] GC(2139) Pause Young (Allocation Failure)
[761.591s][info][gc,heap        ] GC(2139) PSYoungGen: 281152K(292352K)->64K(270848K) Eden: 281088K(281088K)->0K(270336K) From: 64K(11264K)->64K(512K)
[761.591s][info][gc,heap        ] GC(2139) ParOldGen: 638333K(638464K)->638341K(638464K)
[761.591s][info][gc,metaspace   ] GC(2139) Metaspace: 35709K(36416K)->35709K(36416K) NonClass: 26493K(27008K)->26493K(27008K) Class: 9215K(9408K)->9215K(9408K)
[761.591s][info][gc             ] GC(2139) Pause Young (Allocation Failure) 897M->623M(888M) 2.221ms
[761.591s][info][gc,cpu         ] GC(2139) User=0.00s Sys=0.00s Real=0.00s
[761.766s][info][gc,start       ] GC(2140) Pause Young (Allocation Failure)
[761.768s][info][gc,heap        ] GC(2140) PSYoungGen: 270400K(270848K)->64K(269824K) Eden: 270336K(270336K)->0K(260096K) From: 64K(512K)->64K(9728K)
[761.768s][info][gc,heap        ] GC(2140) ParOldGen: 638341K(638464K)->638349K(638464K)
[761.768s][info][gc,metaspace   ] GC(2140) Metaspace: 35709K(36416K)->35709K(36416K) NonClass: 26493K(27008K)->26493K(27008K) Class: 9215K(9408K)->9215K(9408K)
[761.768s][info][gc             ] GC(2140) Pause Young (Allocation Failure) 887M->623M(887M) 1.729ms
[761.768s][info][gc,cpu         ] GC(2140) User=0.00s Sys=0.00s Real=0.01s
[761.962s][info][gc,start       ] GC(2141) Pause Young (Allocation Failure)
[761.964s][info][gc,heap        ] GC(2141) PSYoungGen: 260160K(269824K)->64K(250880K) Eden: 260096K(260096K)->0K(250368K) From: 64K(9728K)->64K(512K)
[761.964s][info][gc,heap        ] GC(2141) ParOldGen: 638349K(638464K)->638357K(638464K)
[761.964s][info][gc,metaspace   ] GC(2141) Metaspace: 35709K(36416K)->35709K(36416K) NonClass: 26493K(27008K)->26493K(27008K) Class: 9215K(9408K)->9215K(9408K)
[761.964s][info][gc             ] GC(2141) Pause Young (Allocation Failure) 877M->623M(868M) 2.245ms
[761.964s][info][gc,cpu         ] GC(2141) User=0.00s Sys=0.01s Real=0.00s
[762.432s][info][gc,start       ] GC(2142) Pause Young (Allocation Failure)
[762.434s][info][gc,heap        ] GC(2142) PSYoungGen: 250432K(250880K)->64K(248832K) Eden: 250368K(250368K)->0K(240640K) From: 64K(512K)->64K(8192K)
[762.434s][info][gc,heap        ] GC(2142) ParOldGen: 638357K(638464K)->638365K(638464K)
[762.434s][info][gc,metaspace   ] GC(2142) Metaspace: 35709K(36416K)->35709K(36416K) NonClass: 26493K(27008K)->26493K(27008K) Class: 9215K(9408K)->9215K(9408K)
[762.434s][info][gc             ] GC(2142) Pause Young (Allocation Failure) 867M->623M(866M) 1.743ms
[762.434s][info][gc,cpu         ] GC(2142) User=0.00s Sys=0.00s Real=0.00s
[762.756s][info][gc,start       ] GC(2143) Pause Young (Allocation Failure)
[762.758s][info][gc,heap        ] GC(2143) PSYoungGen: 240704K(248832K)->64K(231936K) Eden: 240640K(240640K)->0K(231424K) From: 64K(8192K)->64K(512K)
[762.758s][info][gc,heap        ] GC(2143) ParOldGen: 638365K(638464K)->638373K(638464K)
[762.758s][info][gc,metaspace   ] GC(2143) Metaspace: 35709K(36416K)->35709K(36416K) NonClass: 26493K(27008K)->26493K(27008K) Class: 9215K(9408K)->9215K(9408K)
[762.758s][info][gc             ] GC(2143) Pause Young (Allocation Failure) 858M->623M(850M) 2.209ms
[762.758s][info][gc,cpu         ] GC(2143) User=0.00s Sys=0.00s Real=0.01s
[763.029s][info][gc,start       ] GC(2144) Pause Young (Allocation Failure)
[763.097s][info][gc,heap        ] GC(2144) PSYoungGen: 231488K(231936K)->7168K(284160K) Eden: 231424K(231424K)->0K(276992K) From: 64K(512K)->7168K(7168K)
[763.097s][info][gc,heap        ] GC(2144) ParOldGen: 638373K(638464K)->657109K(657408K)
[763.097s][info][gc,metaspace   ] GC(2144) Metaspace: 35709K(36416K)->35709K(36416K) NonClass: 26493K(27008K)->26493K(27008K) Class: 9215K(9408K)->9215K(9408K)
[763.097s][info][gc             ] GC(2144) Pause Young (Allocation Failure) 849M->648M(919M) 67.456ms
[763.097s][info][gc,cpu         ] GC(2144) User=0.08s Sys=0.01s Real=0.06s
[763.416s][info][gc,start       ] GC(2145) Pause Young (Allocation Failure)
[763.487s][info][gc,promotion   ] GC(2145) Promotion failed
[763.487s][info][gc,heap        ] GC(2145) PSYoungGen: 284160K(284160K)->284160K(284160K) Eden: 276992K(276992K)->276992K(276992K) From: 7168K(7168K)->7168K(7168K)
[763.487s][info][gc,heap        ] GC(2145) ParOldGen: 657109K(657408K)->667645K(667648K)
[763.487s][info][gc,metaspace   ] GC(2145) Metaspace: 35709K(36416K)->35709K(36416K) NonClass: 26493K(27008K)->26493K(27008K) Class: 9215K(9408K)->9215K(9408K)
[763.487s][info][gc             ] GC(2145) Pause Young (Allocation Failure) 919M->929M(929M) 70.915ms
[763.487s][info][gc,cpu         ] GC(2145) User=0.12s Sys=0.02s Real=0.08s
[763.487s][info][gc,start       ] GC(2146) Pause Full (Allocation Failure)
[763.487s][info][gc,phases,start] GC(2146) Marking Phase
[763.558s][info][gc,phases      ] GC(2146) Marking Phase 70.888ms
[763.558s][info][gc,phases,start] GC(2146) Summary Phase
[763.558s][info][gc,phases      ] GC(2146) Summary Phase 0.034ms
[763.558s][info][gc,phases,start] GC(2146) Forward
[763.571s][info][gc,phases      ] GC(2146) Forward 13.272ms
[763.571s][info][gc,phases,start] GC(2146) Adjust Pointers
[763.604s][info][gc,phases      ] GC(2146) Adjust Pointers 33.003ms
[763.604s][info][gc,phases,start] GC(2146) Compaction Phase
[763.625s][info][gc,phases      ] GC(2146) Compaction Phase 20.117ms
[763.625s][info][gc,phases,start] GC(2146) Post Compact
[763.627s][info][metaspace      ] ChkMgr @0x00007fd83803f190 (non-class-space): : reclaiming memory...
[763.627s][info][metaspace      ] ChkMgr @0x00007fd83803f190 (non-class-space): nothing reclaimed.
[763.627s][info][metaspace      ] ChkMgr @0x00007fd83803efa0 (class-space): : reclaiming memory...
[763.627s][info][metaspace      ] ChkMgr @0x00007fd83803efa0 (class-space): nothing reclaimed.
[763.627s][info][gc,phases      ] GC(2146) Post Compact 2.767ms
[763.665s][info][gc,heap        ] GC(2146) PSYoungGen: 284160K(284160K)->0K(292864K) Eden: 276992K(276992K)->0K(276992K) From: 7168K(7168K)->0K(15872K)
[763.665s][info][gc,heap        ] GC(2146) ParOldGen: 667645K(667648K)->87665K(175104K)
[763.665s][info][gc,metaspace   ] GC(2146) Metaspace: 35709K(36416K)->35668K(36416K) NonClass: 26493K(27008K)->26453K(27008K) Class: 9215K(9408K)->9215K(9408K)
[763.665s][info][gc             ] GC(2146) Pause Full (Allocation Failure) 929M->85M(457M) 177.650ms
[763.665s][info][gc,cpu         ] GC(2146) User=0.25s Sys=0.03s Real=0.17s
[763.783s][info][gc,start       ] GC(2147) Pause Young (Allocation Failure)
[763.792s][info][gc,heap        ] GC(2147) PSYoungGen: 276992K(292864K)->5600K(292864K) Eden: 276992K(276992K)->0K(276992K) From: 0K(15872K)->5600K(15872K)
[763.792s][info][gc,heap        ] GC(2147) ParOldGen: 87665K(175104K)->87665K(175104K)
[763.792s][info][gc,metaspace   ] GC(2147) Metaspace: 35668K(36416K)->35668K(36416K) NonClass: 26453K(27008K)->26453K(27008K) Class: 9215K(9408K)->9215K(9408K)
[763.792s][info][gc             ] GC(2147) Pause Young (Allocation Failure) 356M->91M(457M) 8.974ms
[763.792s][info][gc,cpu         ] GC(2147) User=0.02s Sys=0.00s Real=0.01s
[764.270s][info][gc,start       ] GC(2148) Pause Young (Allocation Failure)
[764.271s][info][gc,heap        ] GC(2148) PSYoungGen: 282592K(292864K)->64K(317440K) Eden: 276992K(276992K)->0K(302592K) From: 5600K(15872K)->64K(14848K)
[764.271s][info][gc,heap        ] GC(2148) ParOldGen: 87665K(175104K)->87673K(175104K)
[764.271s][info][gc,metaspace   ] GC(2148) Metaspace: 35668K(36416K)->35668K(36416K) NonClass: 26453K(27008K)->26453K(27008K) Class: 9215K(9408K)->9215K(9408K)
[764.271s][info][gc             ] GC(2148) Pause Young (Allocation Failure) 361M->85M(481M) 0.689ms
[764.271s][info][gc,cpu         ] GC(2148) User=0.00s Sys=0.00s Real=0.00s
[764.748s][info][gc,start       ] GC(2149) Pause Young (Allocation Failure)
[764.749s][info][gc,heap        ] GC(2149) PSYoungGen: 302656K(317440K)->64K(317440K) Eden: 302592K(302592K)->0K(302592K) From: 64K(14848K)->64K(14848K)
[764.749s][info][gc,heap        ] GC(2149) ParOldGen: 87673K(175104K)->87681K(175104K)
[764.749s][info][gc,metaspace   ] GC(2149) Metaspace: 35668K(36416K)->35668K(36416K) NonClass: 26453K(27008K)->26453K(27008K) Class: 9215K(9408K)->9215K(9408K)
[764.749s][info][gc             ] GC(2149) Pause Young (Allocation Failure) 381M->85M(481M) 0.599ms
[764.749s][info][gc,cpu         ] GC(2149) User=0.00s Sys=0.00s Real=0.00s
[765.209s][info][gc,start       ] GC(2150) Pause Young (Allocation Failure)
[765.210s][info][gc,heap        ] GC(2150) PSYoungGen: 302656K(317440K)->64K(318464K) Eden: 302592K(302592K)->0K(304640K) From: 64K(14848K)->64K(13824K)
[765.210s][info][gc,heap        ] GC(2150) ParOldGen: 87681K(175104K)->87697K(175104K)
[765.210s][info][gc,metaspace   ] GC(2150) Metaspace: 35668K(36416K)->35668K(36416K) NonClass: 26453K(27008K)->26453K(27008K) Class: 9215K(9408K)->9215K(9408K)
[765.210s][info][gc             ] GC(2150) Pause Young (Allocation Failure) 381M->85M(482M) 0.684ms
[765.210s][info][gc,cpu         ] GC(2150) User=0.00s Sys=0.00s Real=0.00s
[765.464s][info][gc,start       ] GC(2151) Pause Young (Allocation Failure)
[765.465s][info][gc,heap        ] GC(2151) PSYoungGen: 304704K(318464K)->64K(318464K) Eden: 304640K(304640K)->0K(304640K) From: 64K(13824K)->64K(13824K)
[765.465s][info][gc,heap        ] GC(2151) ParOldGen: 87697K(175104K)->87713K(175104K)
[765.465s][info][gc,metaspace   ] GC(2151) Metaspace: 35668K(36416K)->35668K(36416K) NonClass: 26453K(27008K)->26453K(27008K) Class: 9215K(9408K)->9215K(9408K)
[765.465s][info][gc             ] GC(2151) Pause Young (Allocation Failure) 383M->85M(482M) 0.613ms
[765.465s][info][gc,cpu         ] GC(2151) User=0.00s Sys=0.00s Real=0.00s
[765.840s][info][gc,start       ] GC(2152) Pause Young (Allocation Failure)
[765.840s][info][gc,heap        ] GC(2152) PSYoungGen: 304704K(318464K)->64K(319488K) Eden: 304640K(304640K)->0K(306688K) From: 64K(13824K)->64K(12800K)
[765.840s][info][gc,heap        ] GC(2152) ParOldGen: 87713K(175104K)->87713K(175104K)
[765.840s][info][gc,metaspace   ] GC(2152) Metaspace: 35668K(36416K)->35668K(36416K) NonClass: 26453K(27008K)->26453K(27008K) Class: 9215K(9408K)->9215K(9408K)
[765.841s][info][gc             ] GC(2152) Pause Young (Allocation Failure) 383M->85M(483M) 0.588ms
[765.841s][info][gc,cpu         ] GC(2152) User=0.00s Sys=0.00s Real=0.00s
[765.928s][info][gc,start       ] GC(2153) Pause Young (Allocation Failure)
[765.929s][info][gc,heap        ] GC(2153) PSYoungGen: 306752K(319488K)->64K(318976K) Eden: 306688K(306688K)->0K(306688K) From: 64K(12800K)->64K(12288K)
[765.929s][info][gc,heap        ] GC(2153) ParOldGen: 87713K(175104K)->87721K(175104K)
[765.929s][info][gc,metaspace   ] GC(2153) Metaspace: 35668K(36416K)->35668K(36416K) NonClass: 26453K(27008K)->26453K(27008K) Class: 9215K(9408K)->9215K(9408K)
[765.929s][info][gc             ] GC(2153) Pause Young (Allocation Failure) 385M->85M(482M) 0.586ms
[765.929s][info][gc,cpu         ] GC(2153) User=0.00s Sys=0.00s Real=0.00s
[765.981s][info][gc,start       ] GC(2154) Pause Young (Allocation Failure)
[765.981s][info][gc,heap        ] GC(2154) PSYoungGen: 306752K(318976K)->64K(321024K) Eden: 306688K(306688K)->0K(309248K) From: 64K(12288K)->64K(11776K)
[765.981s][info][gc,heap        ] GC(2154) ParOldGen: 87721K(175104K)->87737K(175104K)
[765.981s][info][gc,metaspace   ] GC(2154) Metaspace: 35668K(36416K)->35668K(36416K) NonClass: 26453K(27008K)->26453K(27008K) Class: 9215K(9408K)->9215K(9408K)
[765.981s][info][gc             ] GC(2154) Pause Young (Allocation Failure) 385M->85M(484M) 0.534ms
[765.981s][info][gc,cpu         ] GC(2154) User=0.01s Sys=0.00s Real=0.00s
[766.183s][info][gc,start       ] GC(2155) Pause Young (Allocation Failure)
[766.184s][info][gc,heap        ] GC(2155) PSYoungGen: 309312K(321024K)->64K(320512K) Eden: 309248K(309248K)->0K(309248K) From: 64K(11776K)->64K(11264K)
[766.184s][info][gc,heap        ] GC(2155) ParOldGen: 87737K(175104K)->87737K(175104K)
[766.184s][info][gc,metaspace   ] GC(2155) Metaspace: 35668K(36416K)->35668K(36416K) NonClass: 26453K(27008K)->26453K(27008K) Class: 9215K(9408K)->9215K(9408K)
[766.184s][info][gc             ] GC(2155) Pause Young (Allocation Failure) 387M->85M(484M) 0.640ms
[766.184s][info][gc,cpu         ] GC(2155) User=0.00s Sys=0.00s Real=0.00s
[766.419s][info][gc,start       ] GC(2156) Pause Young (Allocation Failure)
[766.420s][info][gc,heap        ] GC(2156) PSYoungGen: 309312K(320512K)->64K(297472K) Eden: 309248K(309248K)->0K(296960K) From: 64K(11264K)->64K(512K)
[766.420s][info][gc,heap        ] GC(2156) ParOldGen: 87737K(175104K)->87745K(175104K)
[766.420s][info][gc,metaspace   ] GC(2156) Metaspace: 35668K(36416K)->35668K(36416K) NonClass: 26453K(27008K)->26453K(27008K) Class: 9215K(9408K)->9215K(9408K)
[766.420s][info][gc             ] GC(2156) Pause Young (Allocation Failure) 387M->85M(461M) 0.626ms
[766.420s][info][gc,cpu         ] GC(2156) User=0.00s Sys=0.00s Real=0.00s
[766.524s][info][gc,start       ] GC(2157) Pause Young (Allocation Failure)
[766.524s][info][gc,heap        ] GC(2157) PSYoungGen: 297024K(297472K)->64K(294912K) Eden: 296960K(296960K)->0K(285184K) From: 64K(512K)->64K(9728K)
[766.524s][info][gc,heap        ] GC(2157) ParOldGen: 87745K(175104K)->87753K(175104K)
[766.524s][info][gc,metaspace   ] GC(2157) Metaspace: 35668K(36416K)->35668K(36416K) NonClass: 26453K(27008K)->26453K(27008K) Class: 9215K(9408K)->9215K(9408K)
[766.524s][info][gc             ] GC(2157) Pause Young (Allocation Failure) 375M->85M(459M) 0.569ms
[766.524s][info][gc,cpu         ] GC(2157) User=0.00s Sys=0.00s Real=0.00s
[766.630s][info][gc,start       ] GC(2158) Pause Young (Allocation Failure)
[766.631s][info][gc,heap        ] GC(2158) PSYoungGen: 285248K(294912K)->64K(274432K) Eden: 285184K(285184K)->0K(273920K) From: 64K(9728K)->64K(512K)
[766.631s][info][gc,heap        ] GC(2158) ParOldGen: 87753K(175104K)->87761K(175104K)
[766.631s][info][gc,metaspace   ] GC(2158) Metaspace: 35668K(36416K)->35668K(36416K) NonClass: 26453K(27008K)->26453K(27008K) Class: 9215K(9408K)->9215K(9408K)
[766.631s][info][gc             ] GC(2158) Pause Young (Allocation Failure) 364M->85M(439M) 0.582ms
[766.631s][info][gc,cpu         ] GC(2158) User=0.00s Sys=0.00s Real=0.00s
[766.949s][info][gc,start       ] GC(2159) Pause Young (Allocation Failure)
[766.950s][info][gc,heap        ] GC(2159) PSYoungGen: 273984K(274432K)->64K(271872K) Eden: 273920K(273920K)->0K(263168K) From: 64K(512K)->64K(8704K)
[766.950s][info][gc,heap        ] GC(2159) ParOldGen: 87761K(175104K)->87769K(175104K)
[766.950s][info][gc,metaspace   ] GC(2159) Metaspace: 35668K(36416K)->35668K(36416K) NonClass: 26453K(27008K)->26453K(27008K) Class: 9215K(9408K)->9215K(9408K)
[766.950s][info][gc             ] GC(2159) Pause Young (Allocation Failure) 353M->85M(436M) 0.703ms
[766.950s][info][gc,cpu         ] GC(2159) User=0.00s Sys=0.00s Real=0.00s
[767.644s][info][gc,start       ] GC(2160) Pause Young (Allocation Failure)
[767.646s][info][gc,heap        ] GC(2160) PSYoungGen: 263232K(271872K)->64K(253440K) Eden: 263168K(263168K)->0K(252928K) From: 64K(8704K)->64K(512K)
[767.646s][info][gc,heap        ] GC(2160) ParOldGen: 87769K(175104K)->87777K(175104K)
[767.646s][info][gc,metaspace   ] GC(2160) Metaspace: 35668K(36416K)->35668K(36416K) NonClass: 26453K(27008K)->26453K(27008K) Class: 9215K(9408K)->9215K(9408K)
[767.646s][info][gc             ] GC(2160) Pause Young (Allocation Failure) 342M->85M(418M) 1.211ms
[767.646s][info][gc,cpu         ] GC(2160) User=0.00s Sys=0.00s Real=0.00s
[768.488s][info][gc,start       ] GC(2161) Pause Young (Allocation Failure)
[768.489s][info][gc,heap        ] GC(2161) PSYoungGen: 252992K(253440K)->64K(250880K) Eden: 252928K(252928K)->0K(243200K) From: 64K(512K)->64K(7680K)
[768.489s][info][gc,heap        ] GC(2161) ParOldGen: 87777K(175104K)->87785K(175104K)
[768.489s][info][gc,metaspace   ] GC(2161) Metaspace: 35668K(36416K)->35668K(36416K) NonClass: 26453K(27008K)->26453K(27008K) Class: 9215K(9408K)->9215K(9408K)
[768.489s][info][gc             ] GC(2161) Pause Young (Allocation Failure) 332M->85M(416M) 0.586ms
[768.489s][info][gc,cpu         ] GC(2161) User=0.00s Sys=0.00s Real=0.00s
[768.833s][info][gc,start       ] GC(2162) Pause Young (Allocation Failure)
[768.835s][info][gc,heap        ] GC(2162) PSYoungGen: 243264K(250880K)->64K(234496K) Eden: 243200K(243200K)->0K(233984K) From: 64K(7680K)->64K(512K)
[768.835s][info][gc,heap        ] GC(2162) ParOldGen: 87785K(175104K)->87793K(175104K)
[768.835s][info][gc,metaspace   ] GC(2162) Metaspace: 35668K(36416K)->35668K(36416K) NonClass: 26453K(27008K)->26453K(27008K) Class: 9215K(9408K)->9215K(9408K)
[768.835s][info][gc             ] GC(2162) Pause Young (Allocation Failure) 323M->85M(400M) 1.709ms
[768.835s][info][gc,cpu         ] GC(2162) User=0.00s Sys=0.00s Real=0.00s
[769.401s][info][gc,start       ] GC(2163) Pause Young (Allocation Failure)
[769.402s][info][gc,heap        ] GC(2163) PSYoungGen: 234048K(234496K)->64K(231936K) Eden: 233984K(233984K)->0K(225280K) From: 64K(512K)->64K(6656K)
[769.402s][info][gc,heap        ] GC(2163) ParOldGen: 87793K(175104K)->87801K(175104K)
[769.402s][info][gc,metaspace   ] GC(2163) Metaspace: 35668K(36416K)->35668K(36416K) NonClass: 26453K(27008K)->26453K(27008K) Class: 9215K(9408K)->9215K(9408K)
[769.402s][info][gc             ] GC(2163) Pause Young (Allocation Failure) 314M->85M(397M) 0.936ms
[769.402s][info][gc,cpu         ] GC(2163) User=0.00s Sys=0.00s Real=0.00s
[770.070s][info][gc,start       ] GC(2164) Pause Young (Allocation Failure)
[770.072s][info][gc,heap        ] GC(2164) PSYoungGen: 225344K(231936K)->64K(217600K) Eden: 225280K(225280K)->0K(217088K) From: 64K(6656K)->64K(512K)
[770.072s][info][gc,heap        ] GC(2164) ParOldGen: 87801K(175104K)->87817K(175104K)
[770.072s][info][gc,metaspace   ] GC(2164) Metaspace: 35668K(36416K)->35668K(36416K) NonClass: 26453K(27008K)->26453K(27008K) Class: 9215K(9408K)->9215K(9408K)
[770.072s][info][gc             ] GC(2164) Pause Young (Allocation Failure) 305M->85M(383M) 1.468ms
[770.072s][info][gc,cpu         ] GC(2164) User=0.00s Sys=0.00s Real=0.00s
[770.374s][info][gc,start       ] GC(2165) Pause Young (Allocation Failure)
[770.374s][info][gc,heap        ] GC(2165) PSYoungGen: 217152K(217600K)->64K(215040K) Eden: 217088K(217088K)->0K(209408K) From: 64K(512K)->64K(5632K)
[770.374s][info][gc,heap        ] GC(2165) ParOldGen: 87817K(175104K)->87833K(175104K)
[770.375s][info][gc,metaspace   ] GC(2165) Metaspace: 35668K(36416K)->35668K(36416K) NonClass: 26453K(27008K)->26453K(27008K) Class: 9215K(9408K)->9215K(9408K)
[770.375s][info][gc             ] GC(2165) Pause Young (Allocation Failure) 297M->85M(381M) 0.903ms
[770.375s][info][gc,cpu         ] GC(2165) User=0.00s Sys=0.00s Real=0.00s
[770.489s][info][gc,start       ] GC(2166) Pause Young (Allocation Failure)
[770.491s][info][gc,heap        ] GC(2166) PSYoungGen: 209472K(215040K)->64K(202240K) Eden: 209408K(209408K)->0K(201728K) From: 64K(5632K)->64K(512K)
[770.491s][info][gc,heap        ] GC(2166) ParOldGen: 87833K(175104K)->87849K(175104K)
[770.491s][info][gc,metaspace   ] GC(2166) Metaspace: 35668K(36416K)->35668K(36416K) NonClass: 26453K(27008K)->26453K(27008K) Class: 9215K(9408K)->9215K(9408K)
[770.491s][info][gc             ] GC(2166) Pause Young (Allocation Failure) 290M->85M(368M) 1.384ms
[770.491s][info][gc,cpu         ] GC(2166) User=0.00s Sys=0.00s Real=0.00s
[770.630s][info][gc,start       ] GC(2167) Pause Young (Allocation Failure)
[770.631s][info][gc,heap        ] GC(2167) PSYoungGen: 201792K(202240K)->64K(199680K) Eden: 201728K(201728K)->0K(194560K) From: 64K(512K)->64K(5120K)
[770.631s][info][gc,heap        ] GC(2167) ParOldGen: 87849K(175104K)->87865K(175104K)
[770.631s][info][gc,metaspace   ] GC(2167) Metaspace: 35668K(36416K)->35668K(36416K) NonClass: 26453K(27008K)->26453K(27008K) Class: 9215K(9408K)->9215K(9408K)
[770.631s][info][gc             ] GC(2167) Pause Young (Allocation Failure) 282M->85M(366M) 0.886ms
[770.631s][info][gc,cpu         ] GC(2167) User=0.00s Sys=0.00s Real=0.00s
[771.122s][info][gc,start       ] GC(2168) Pause Young (Allocation Failure)
[771.123s][info][gc,heap        ] GC(2168) PSYoungGen: 194624K(199680K)->64K(188416K) Eden: 194560K(194560K)->0K(187904K) From: 64K(5120K)->64K(512K)
[771.123s][info][gc,heap        ] GC(2168) ParOldGen: 87865K(175104K)->87881K(175104K)
[771.123s][info][gc,metaspace   ] GC(2168) Metaspace: 35668K(36416K)->35668K(36416K) NonClass: 26453K(27008K)->26453K(27008K) Class: 9215K(9408K)->9215K(9408K)
[771.123s][info][gc             ] GC(2168) Pause Young (Allocation Failure) 275M->85M(355M) 1.301ms
[771.123s][info][gc,cpu         ] GC(2168) User=0.00s Sys=0.00s Real=0.00s
[771.248s][info][gc,start       ] GC(2169) Pause Young (Allocation Failure)
[771.249s][info][gc,heap        ] GC(2169) PSYoungGen: 187968K(188416K)->64K(185344K) Eden: 187904K(187904K)->0K(181248K) From: 64K(512K)->64K(4096K)
[771.249s][info][gc,heap        ] GC(2169) ParOldGen: 87881K(175104K)->87897K(175104K)
[771.249s][info][gc,metaspace   ] GC(2169) Metaspace: 35668K(36416K)->35668K(36416K) NonClass: 26453K(27008K)->26453K(27008K) Class: 9215K(9408K)->9215K(9408K)
[771.249s][info][gc             ] GC(2169) Pause Young (Allocation Failure) 269M->85M(352M) 0.955ms
[771.249s][info][gc,cpu         ] GC(2169) User=0.00s Sys=0.00s Real=0.00s
[771.536s][info][gc,start       ] GC(2170) Pause Young (Allocation Failure)
[771.546s][info][gc,heap        ] GC(2170) PSYoungGen: 181312K(185344K)->4096K(218624K) Eden: 181248K(181248K)->0K(214528K) From: 64K(4096K)->4096K(4096K)
[771.546s][info][gc,heap        ] GC(2170) ParOldGen: 87897K(175104K)->89897K(175104K)
[771.546s][info][gc,metaspace   ] GC(2170) Metaspace: 35668K(36416K)->35668K(36416K) NonClass: 26453K(27008K)->26453K(27008K) Class: 9215K(9408K)->9215K(9408K)
[771.546s][info][gc             ] GC(2170) Pause Young (Allocation Failure) 262M->91M(384M) 10.026ms
[771.546s][info][gc,cpu         ] GC(2170) User=0.01s Sys=0.00s Real=0.01s
[771.801s][info][gc,start       ] GC(2171) Pause Young (Allocation Failure)
[771.838s][info][gc,heap        ] GC(2171) PSYoungGen: 218624K(218624K)->5632K(262144K) Eden: 214528K(214528K)->0K(256512K) From: 4096K(4096K)->5632K(5632K)
[771.838s][info][gc,heap        ] GC(2171) ParOldGen: 89897K(175104K)->108465K(175104K)
[771.838s][info][gc,metaspace   ] GC(2171) Metaspace: 35668K(36416K)->35668K(36416K) NonClass: 26453K(27008K)->26453K(27008K) Class: 9215K(9408K)->9215K(9408K)
[771.838s][info][gc             ] GC(2171) Pause Young (Allocation Failure) 301M->111M(427M) 36.749ms
[771.838s][info][gc,cpu         ] GC(2171) User=0.07s Sys=0.00s Real=0.04s
[772.137s][info][gc,start       ] GC(2172) Pause Young (Allocation Failure)
[772.184s][info][gc,heap        ] GC(2172) PSYoungGen: 262144K(262144K)->6144K(261632K) Eden: 256512K(256512K)->0K(255488K) From: 5632K(5632K)->6144K(6144K)
[772.184s][info][gc,heap        ] GC(2172) ParOldGen: 108465K(175104K)->131697K(175104K)
[772.184s][info][gc,metaspace   ] GC(2172) Metaspace: 35668K(36416K)->35668K(36416K) NonClass: 26453K(27008K)->26453K(27008K) Class: 9215K(9408K)->9215K(9408K)
[772.184s][info][gc             ] GC(2172) Pause Young (Allocation Failure) 361M->134M(426M) 47.271ms
[772.184s][info][gc,cpu         ] GC(2172) User=0.09s Sys=0.00s Real=0.05s
[772.277s][info][gc,start       ] GC(2173) Pause Young (Allocation Failure)
[772.289s][info][gc,heap        ] GC(2173) PSYoungGen: 261632K(261632K)->3584K(278016K) Eden: 255488K(255488K)->0K(255488K) From: 6144K(6144K)->3584K(22528K)
[772.289s][info][gc,heap        ] GC(2173) ParOldGen: 131697K(175104K)->132321K(175104K)
[772.289s][info][gc,metaspace   ] GC(2173) Metaspace: 35668K(36416K)->35668K(36416K) NonClass: 26453K(27008K)->26453K(27008K) Class: 9215K(9408K)->9215K(9408K)
[772.289s][info][gc             ] GC(2173) Pause Young (Allocation Failure) 384M->132M(442M) 11.961ms
[772.289s][info][gc,cpu         ] GC(2173) User=0.02s Sys=0.00s Real=0.01s
[772.711s][info][gc,start       ] GC(2174) Pause Young (Allocation Failure)
[772.712s][info][gc,heap        ] GC(2174) PSYoungGen: 259072K(278016K)->64K(308224K) Eden: 255488K(255488K)->0K(289792K) From: 3584K(22528K)->64K(18432K)
[772.712s][info][gc,heap        ] GC(2174) ParOldGen: 132321K(175104K)->132329K(175104K)
[772.712s][info][gc,metaspace   ] GC(2174) Metaspace: 35668K(36416K)->35668K(36416K) NonClass: 26453K(27008K)->26453K(27008K) Class: 9215K(9408K)->9215K(9408K)
[772.712s][info][gc             ] GC(2174) Pause Young (Allocation Failure) 382M->129M(472M) 0.830ms
[772.712s][info][gc,cpu         ] GC(2174) User=0.00s Sys=0.00s Real=0.00s
[773.233s][info][gc,start       ] GC(2175) Pause Young (Allocation Failure)
[773.234s][info][gc,heap        ] GC(2175) PSYoungGen: 289856K(308224K)->64K(310272K) Eden: 289792K(289792K)->0K(289792K) From: 64K(18432K)->64K(20480K)
[773.234s][info][gc,heap        ] GC(2175) ParOldGen: 132329K(175104K)->132337K(175104K)
[773.234s][info][gc,metaspace   ] GC(2175) Metaspace: 35668K(36416K)->35668K(36416K) NonClass: 26453K(27008K)->26453K(27008K) Class: 9215K(9408K)->9215K(9408K)
[773.234s][info][gc             ] GC(2175) Pause Young (Allocation Failure) 412M->129M(474M) 0.803ms
[773.234s][info][gc,cpu         ] GC(2175) User=0.00s Sys=0.00s Real=0.00s
[773.682s][info][gc,start       ] GC(2176) Pause Young (Allocation Failure)
[773.683s][info][gc,heap        ] GC(2176) PSYoungGen: 289856K(310272K)->64K(311808K) Eden: 289792K(289792K)->0K(293376K) From: 64K(20480K)->64K(18432K)
[773.683s][info][gc,heap        ] GC(2176) ParOldGen: 132337K(175104K)->132353K(175104K)
[773.683s][info][gc,metaspace   ] GC(2176) Metaspace: 35668K(36416K)->35668K(36416K) NonClass: 26453K(27008K)->26453K(27008K) Class: 9215K(9408K)->9215K(9408K)
[773.683s][info][gc             ] GC(2176) Pause Young (Allocation Failure) 412M->129M(475M) 0.698ms
[773.683s][info][gc,cpu         ] GC(2176) User=0.00s Sys=0.00s Real=0.00s
[773.926s][info][gc,start       ] GC(2177) Pause Young (Allocation Failure)
[773.927s][info][gc,heap        ] GC(2177) PSYoungGen: 293440K(311808K)->64K(312832K) Eden: 293376K(293376K)->0K(293376K) From: 64K(18432K)->64K(19456K)
[773.927s][info][gc,heap        ] GC(2177) ParOldGen: 132353K(175104K)->132369K(175104K)
[773.927s][info][gc,metaspace   ] GC(2177) Metaspace: 35668K(36416K)->35668K(36416K) NonClass: 26453K(27008K)->26453K(27008K) Class: 9215K(9408K)->9215K(9408K)
[773.927s][info][gc             ] GC(2177) Pause Young (Allocation Failure) 415M->129M(476M) 0.687ms
[773.927s][info][gc,cpu         ] GC(2177) User=0.00s Sys=0.00s Real=0.00s
[774.279s][info][gc,start       ] GC(2178) Pause Young (Allocation Failure)
[774.279s][info][gc,heap        ] GC(2178) PSYoungGen: 293440K(312832K)->64K(313344K) Eden: 293376K(293376K)->0K(295936K) From: 64K(19456K)->64K(17408K)
[774.279s][info][gc,heap        ] GC(2178) ParOldGen: 132369K(175104K)->132369K(175104K)
[774.280s][info][gc,metaspace   ] GC(2178) Metaspace: 35668K(36416K)->35668K(36416K) NonClass: 26453K(27008K)->26453K(27008K) Class: 9215K(9408K)->9215K(9408K)
[774.280s][info][gc             ] GC(2178) Pause Young (Allocation Failure) 415M->129M(477M) 0.732ms
[774.280s][info][gc,cpu         ] GC(2178) User=0.00s Sys=0.00s Real=0.00s
[774.429s][info][gc,start       ] GC(2179) Pause Young (Allocation Failure)
[774.430s][info][gc,heap        ] GC(2179) PSYoungGen: 296000K(313344K)->64K(313856K) Eden: 295936K(295936K)->0K(295936K) From: 64K(17408K)->64K(17920K)
[774.430s][info][gc,heap        ] GC(2179) ParOldGen: 132369K(175104K)->132377K(175104K)
[774.430s][info][gc,metaspace   ] GC(2179) Metaspace: 35668K(36416K)->35668K(36416K) NonClass: 26453K(27008K)->26453K(27008K) Class: 9215K(9408K)->9215K(9408K)
[774.430s][info][gc             ] GC(2179) Pause Young (Allocation Failure) 418M->129M(477M) 0.660ms
[774.430s][info][gc,cpu         ] GC(2179) User=0.00s Sys=0.00s Real=0.00s
[774.481s][info][gc,start       ] GC(2180) Pause Young (Allocation Failure)
[774.482s][info][gc,heap        ] GC(2180) PSYoungGen: 296000K(313856K)->64K(314368K) Eden: 295936K(295936K)->0K(299008K) From: 64K(17920K)->64K(15360K)
[774.482s][info][gc,heap        ] GC(2180) ParOldGen: 132377K(175104K)->132393K(175104K)
[774.482s][info][gc,metaspace   ] GC(2180) Metaspace: 35668K(36416K)->35668K(36416K) NonClass: 26453K(27008K)->26453K(27008K) Class: 9215K(9408K)->9215K(9408K)
[774.482s][info][gc             ] GC(2180) Pause Young (Allocation Failure) 418M->129M(478M) 0.628ms
[774.482s][info][gc,cpu         ] GC(2180) User=0.00s Sys=0.00s Real=0.00s
[774.616s][info][gc,start       ] GC(2181) Pause Young (Allocation Failure)
[774.617s][info][gc,heap        ] GC(2181) PSYoungGen: 299072K(314368K)->64K(314880K) Eden: 299008K(299008K)->0K(299008K) From: 64K(15360K)->64K(15872K)
[774.617s][info][gc,heap        ] GC(2181) ParOldGen: 132393K(175104K)->132393K(175104K)
[774.617s][info][gc,metaspace   ] GC(2181) Metaspace: 35668K(36416K)->35668K(36416K) NonClass: 26453K(27008K)->26453K(27008K) Class: 9215K(9408K)->9215K(9408K)
[774.617s][info][gc             ] GC(2181) Pause Young (Allocation Failure) 421M->129M(478M) 0.703ms
[774.617s][info][gc,cpu         ] GC(2181) User=0.00s Sys=0.00s Real=0.01s
[774.859s][info][gc,start       ] GC(2182) Pause Young (Allocation Failure)
[774.859s][info][gc,heap        ] GC(2182) PSYoungGen: 299072K(314880K)->64K(315904K) Eden: 299008K(299008K)->0K(302592K) From: 64K(15872K)->64K(13312K)
[774.859s][info][gc,heap        ] GC(2182) ParOldGen: 132393K(175104K)->132401K(175104K)
[774.859s][info][gc,metaspace   ] GC(2182) Metaspace: 35668K(36416K)->35668K(36416K) NonClass: 26453K(27008K)->26453K(27008K) Class: 9215K(9408K)->9215K(9408K)
[774.859s][info][gc             ] GC(2182) Pause Young (Allocation Failure) 421M->129M(479M) 0.699ms
[774.859s][info][gc,cpu         ] GC(2182) User=0.00s Sys=0.00s Real=0.00s
[775.018s][info][gc,start       ] GC(2183) Pause Young (Allocation Failure)
[775.019s][info][gc,heap        ] GC(2183) PSYoungGen: 302656K(315904K)->64K(291328K) Eden: 302592K(302592K)->0K(290816K) From: 64K(13312K)->64K(512K)
[775.019s][info][gc,heap        ] GC(2183) ParOldGen: 132401K(175104K)->132409K(175104K)
[775.019s][info][gc,metaspace   ] GC(2183) Metaspace: 35668K(36416K)->35668K(36416K) NonClass: 26453K(27008K)->26453K(27008K) Class: 9215K(9408K)->9215K(9408K)
[775.019s][info][gc             ] GC(2183) Pause Young (Allocation Failure) 424M->129M(455M) 0.759ms
[775.019s][info][gc,cpu         ] GC(2183) User=0.00s Sys=0.00s Real=0.00s
[775.099s][info][gc,start       ] GC(2184) Pause Young (Allocation Failure)
[775.100s][info][gc,heap        ] GC(2184) PSYoungGen: 290880K(291328K)->64K(280064K) Eden: 290816K(290816K)->0K(279552K) From: 64K(512K)->64K(512K)
[775.100s][info][gc,heap        ] GC(2184) ParOldGen: 132409K(175104K)->132417K(175104K)
[775.100s][info][gc,metaspace   ] GC(2184) Metaspace: 35668K(36416K)->35668K(36416K) NonClass: 26453K(27008K)->26453K(27008K) Class: 9215K(9408K)->9215K(9408K)
[775.100s][info][gc             ] GC(2184) Pause Young (Allocation Failure) 413M->129M(444M) 0.702ms
[775.100s][info][gc,cpu         ] GC(2184) User=0.00s Sys=0.00s Real=0.00s
[775.253s][info][gc,start       ] GC(2185) Pause Young (Allocation Failure)
[775.254s][info][gc,heap        ] GC(2185) PSYoungGen: 279616K(280064K)->64K(281600K) Eden: 279552K(279552K)->0K(268800K) From: 64K(512K)->64K(12800K)
[775.254s][info][gc,heap        ] GC(2185) ParOldGen: 132417K(175104K)->132425K(175104K)
[775.254s][info][gc,metaspace   ] GC(2185) Metaspace: 35668K(36416K)->35668K(36416K) NonClass: 26453K(27008K)->26453K(27008K) Class: 9215K(9408K)->9215K(9408K)
[775.254s][info][gc             ] GC(2185) Pause Young (Allocation Failure) 402M->129M(446M) 0.602ms
[775.254s][info][gc,cpu         ] GC(2185) User=0.01s Sys=0.00s Real=0.00s
[776.144s][info][gc,start       ] GC(2186) Pause Young (Allocation Failure)
[776.145s][info][gc,heap        ] GC(2186) PSYoungGen: 268864K(281600K)->64K(259072K) Eden: 268800K(268800K)->0K(258560K) From: 64K(12800K)->64K(512K)
[776.146s][info][gc,heap        ] GC(2186) ParOldGen: 132425K(175104K)->132433K(175104K)
[776.146s][info][gc,metaspace   ] GC(2186) Metaspace: 35668K(36416K)->35668K(36416K) NonClass: 26453K(27008K)->26453K(27008K) Class: 9215K(9408K)->9215K(9408K)
[776.146s][info][gc             ] GC(2186) Pause Young (Allocation Failure) 391M->129M(424M) 1.391ms
[776.146s][info][gc,cpu         ] GC(2186) User=0.00s Sys=0.00s Real=0.00s
[776.945s][info][gc,start       ] GC(2187) Pause Young (Allocation Failure)
[776.946s][info][gc,heap        ] GC(2187) PSYoungGen: 258624K(259072K)->64K(260096K) Eden: 258560K(258560K)->0K(248832K) From: 64K(512K)->64K(11264K)
[776.946s][info][gc,heap        ] GC(2187) ParOldGen: 132433K(175104K)->132441K(175104K)
[776.946s][info][gc,metaspace   ] GC(2187) Metaspace: 35668K(36416K)->35668K(36416K) NonClass: 26453K(27008K)->26453K(27008K) Class: 9215K(9408K)->9215K(9408K)
[776.946s][info][gc             ] GC(2187) Pause Young (Allocation Failure) 381M->129M(425M) 0.675ms
[776.946s][info][gc,cpu         ] GC(2187) User=0.00s Sys=0.00s Real=0.00s
[777.162s][info][gc,start       ] GC(2188) Pause Young (Allocation Failure)
[777.163s][info][gc,heap        ] GC(2188) PSYoungGen: 248896K(260096K)->64K(240128K) Eden: 248832K(248832K)->0K(239616K) From: 64K(11264K)->64K(512K)
[777.163s][info][gc,heap        ] GC(2188) ParOldGen: 132441K(175104K)->132449K(175104K)
[777.163s][info][gc,metaspace   ] GC(2188) Metaspace: 35668K(36416K)->35668K(36416K) NonClass: 26453K(27008K)->26453K(27008K) Class: 9215K(9408K)->9215K(9408K)
[777.163s][info][gc             ] GC(2188) Pause Young (Allocation Failure) 372M->129M(405M) 1.819ms
[777.163s][info][gc,cpu         ] GC(2188) User=0.00s Sys=0.01s Real=0.00s
[777.596s][info][gc,start       ] GC(2189) Pause Young (Allocation Failure)
[777.597s][info][gc,heap        ] GC(2189) PSYoungGen: 239680K(240128K)->64K(240128K) Eden: 239616K(239616K)->0K(230400K) From: 64K(512K)->64K(9728K)
[777.597s][info][gc,heap        ] GC(2189) ParOldGen: 132449K(175104K)->132457K(175104K)
[777.597s][info][gc,metaspace   ] GC(2189) Metaspace: 35668K(36416K)->35668K(36416K) NonClass: 26453K(27008K)->26453K(27008K) Class: 9215K(9408K)->9215K(9408K)
[777.597s][info][gc             ] GC(2189) Pause Young (Allocation Failure) 363M->129M(405M) 1.153ms
[777.597s][info][gc,cpu         ] GC(2189) User=0.00s Sys=0.00s Real=0.01s
[778.505s][info][gc,start       ] GC(2190) Pause Young (Allocation Failure)
[778.507s][info][gc,heap        ] GC(2190) PSYoungGen: 230464K(240128K)->64K(222208K) Eden: 230400K(230400K)->0K(221696K) From: 64K(9728K)->64K(512K)
[778.507s][info][gc,heap        ] GC(2190) ParOldGen: 132457K(175104K)->132465K(175104K)
[778.507s][info][gc,metaspace   ] GC(2190) Metaspace: 35668K(36416K)->35668K(36416K) NonClass: 26453K(27008K)->26453K(27008K) Class: 9215K(9408K)->9215K(9408K)
[778.507s][info][gc             ] GC(2190) Pause Young (Allocation Failure) 354M->129M(388M) 1.843ms
[778.507s][info][gc,cpu         ] GC(2190) User=0.00s Sys=0.00s Real=0.00s
[778.832s][info][gc,start       ] GC(2191) Pause Young (Allocation Failure)
[778.833s][info][gc,heap        ] GC(2191) PSYoungGen: 221760K(222208K)->64K(222208K) Eden: 221696K(221696K)->0K(213504K) From: 64K(512K)->64K(8704K)
[778.833s][info][gc,heap        ] GC(2191) ParOldGen: 132465K(175104K)->132473K(175104K)
[778.833s][info][gc,metaspace   ] GC(2191) Metaspace: 35668K(36416K)->35668K(36416K) NonClass: 26453K(27008K)->26453K(27008K) Class: 9215K(9408K)->9215K(9408K)
[778.833s][info][gc             ] GC(2191) Pause Young (Allocation Failure) 345M->129M(388M) 1.051ms
[778.833s][info][gc,cpu         ] GC(2191) User=0.00s Sys=0.00s Real=0.00s
[778.978s][info][gc,start       ] GC(2192) Pause Young (Allocation Failure)
[778.980s][info][gc,heap        ] GC(2192) PSYoungGen: 213568K(222208K)->64K(206336K) Eden: 213504K(213504K)->0K(205824K) From: 64K(8704K)->64K(512K)
[778.980s][info][gc,heap        ] GC(2192) ParOldGen: 132473K(175104K)->132481K(175104K)
[778.980s][info][gc,metaspace   ] GC(2192) Metaspace: 35668K(36416K)->35668K(36416K) NonClass: 26453K(27008K)->26453K(27008K) Class: 9215K(9408K)->9215K(9408K)
[778.980s][info][gc             ] GC(2192) Pause Young (Allocation Failure) 337M->129M(372M) 1.858ms
[778.980s][info][gc,cpu         ] GC(2192) User=0.00s Sys=0.00s Real=0.00s
[779.052s][info][gc,start       ] GC(2193) Pause Young (Allocation Failure)
[779.052s][info][gc,heap        ] GC(2193) PSYoungGen: 205888K(206336K)->64K(206336K) Eden: 205824K(205824K)->0K(198656K) From: 64K(512K)->64K(7680K)
[779.052s][info][gc,heap        ] GC(2193) ParOldGen: 132481K(175104K)->132489K(175104K)
[779.052s][info][gc,metaspace   ] GC(2193) Metaspace: 35668K(36416K)->35668K(36416K) NonClass: 26453K(27008K)->26453K(27008K) Class: 9215K(9408K)->9215K(9408K)
[779.053s][info][gc             ] GC(2193) Pause Young (Allocation Failure) 330M->129M(372M) 0.747ms
[779.053s][info][gc,cpu         ] GC(2193) User=0.00s Sys=0.00s Real=0.00s
[779.490s][info][gc,start       ] GC(2194) Pause Young (Allocation Failure)
[779.492s][info][gc,heap        ] GC(2194) PSYoungGen: 198720K(206336K)->64K(192000K) Eden: 198656K(198656K)->0K(191488K) From: 64K(7680K)->64K(512K)
[779.492s][info][gc,heap        ] GC(2194) ParOldGen: 132489K(175104K)->132497K(175104K)
[779.492s][info][gc,metaspace   ] GC(2194) Metaspace: 35668K(36416K)->35668K(36416K) NonClass: 26453K(27008K)->26453K(27008K) Class: 9215K(9408K)->9215K(9408K)
[779.492s][info][gc             ] GC(2194) Pause Young (Allocation Failure) 323M->129M(358M) 1.673ms
[779.492s][info][gc,cpu         ] GC(2194) User=0.00s Sys=0.00s Real=0.00s
[779.670s][info][gc,start       ] GC(2195) Pause Young (Allocation Failure)
[779.671s][info][gc,heap        ] GC(2195) PSYoungGen: 191552K(192000K)->32K(191488K) Eden: 191488K(191488K)->0K(184832K) From: 64K(512K)->32K(6656K)
[779.671s][info][gc,heap        ] GC(2195) ParOldGen: 132497K(175104K)->132505K(175104K)
[779.671s][info][gc,metaspace   ] GC(2195) Metaspace: 35668K(36416K)->35668K(36416K) NonClass: 26453K(27008K)->26453K(27008K) Class: 9215K(9408K)->9215K(9408K)
[779.671s][info][gc             ] GC(2195) Pause Young (Allocation Failure) 316M->129M(358M) 1.196ms
[779.671s][info][gc,cpu         ] GC(2195) User=0.00s Sys=0.00s Real=0.00s
[779.985s][info][gc,start       ] GC(2196) Pause Young (Allocation Failure)
[779.988s][info][gc,heap        ] GC(2196) PSYoungGen: 184864K(191488K)->896K(179200K) Eden: 184832K(184832K)->0K(178176K) From: 32K(6656K)->896K(1024K)
[779.989s][info][gc,heap        ] GC(2196) ParOldGen: 132505K(175104K)->132513K(175104K)
[779.989s][info][gc,metaspace   ] GC(2196) Metaspace: 35668K(36416K)->35668K(36416K) NonClass: 26453K(27008K)->26453K(27008K) Class: 9215K(9408K)->9215K(9408K)
[779.989s][info][gc             ] GC(2196) Pause Young (Allocation Failure) 309M->130M(346M) 3.847ms
[779.989s][info][gc,cpu         ] GC(2196) User=0.01s Sys=0.00s Real=0.01s
[780.195s][info][gc,start       ] GC(2197) Pause Young (Allocation Failure)
[780.228s][info][gc,heap        ] GC(2197) PSYoungGen: 179072K(179200K)->5632K(219136K) Eden: 178176K(178176K)->0K(213504K) From: 896K(1024K)->5632K(5632K)
[780.228s][info][gc,heap        ] GC(2197) ParOldGen: 132513K(175104K)->146937K(175104K)
[780.228s][info][gc,metaspace   ] GC(2197) Metaspace: 35668K(36416K)->35668K(36416K) NonClass: 26453K(27008K)->26453K(27008K) Class: 9215K(9408K)->9215K(9408K)
[780.228s][info][gc             ] GC(2197) Pause Young (Allocation Failure) 304M->148M(385M) 33.512ms
[780.228s][info][gc,cpu         ] GC(2197) User=0.06s Sys=0.00s Real=0.04s
[780.483s][info][gc,start       ] GC(2198) Pause Young (Allocation Failure)
[780.521s][info][gc,heap        ] GC(2198) PSYoungGen: 219136K(219136K)->5120K(236032K) Eden: 213504K(213504K)->0K(230912K) From: 5632K(5632K)->5120K(5120K)
[780.521s][info][gc,heap        ] GC(2198) ParOldGen: 146937K(175104K)->166241K(175104K)
[780.521s][info][gc,metaspace   ] GC(2198) Metaspace: 35668K(36416K)->35668K(36416K) NonClass: 26453K(27008K)->26453K(27008K) Class: 9215K(9408K)->9215K(9408K)
[780.521s][info][gc             ] GC(2198) Pause Young (Allocation Failure) 357M->167M(401M) 38.534ms
[780.521s][info][gc,cpu         ] GC(2198) User=0.08s Sys=0.00s Real=0.04s
[780.724s][info][gc,start       ] GC(2199) Pause Young (Allocation Failure)
[780.753s][info][gc,heap        ] GC(2199) PSYoungGen: 236032K(236032K)->17728K(250368K) Eden: 230912K(230912K)->0K(230912K) From: 5120K(5120K)->17728K(19456K)
[780.753s][info][gc,heap        ] GC(2199) ParOldGen: 166241K(175104K)->166753K(175104K)
[780.753s][info][gc,metaspace   ] GC(2199) Metaspace: 35668K(36416K)->35668K(36416K) NonClass: 26453K(27008K)->26453K(27008K) Class: 9215K(9408K)->9215K(9408K)
[780.753s][info][gc             ] GC(2199) Pause Young (Allocation Failure) 392M->180M(415M) 29.548ms
[780.753s][info][gc,cpu         ] GC(2199) User=0.06s Sys=0.00s Real=0.03s
[780.831s][info][gc,start       ] GC(2200) Pause Young (Allocation Failure)
[780.832s][info][gc,heap        ] GC(2200) PSYoungGen: 248640K(250368K)->64K(297984K) Eden: 230912K(230912K)->0K(276992K) From: 17728K(19456K)->64K(20992K)
[780.832s][info][gc,heap        ] GC(2200) ParOldGen: 166753K(175104K)->166761K(175104K)
[780.832s][info][gc,metaspace   ] GC(2200) Metaspace: 35668K(36416K)->35668K(36416K) NonClass: 26453K(27008K)->26453K(27008K) Class: 9215K(9408K)->9215K(9408K)
[780.832s][info][gc             ] GC(2200) Pause Young (Allocation Failure) 405M->162M(462M) 0.911ms
[780.832s][info][gc,cpu         ] GC(2200) User=0.00s Sys=0.01s Real=0.00s
[781.468s][info][gc,start       ] GC(2201) Pause Young (Allocation Failure)
[781.469s][info][gc,heap        ] GC(2201) PSYoungGen: 277056K(297984K)->64K(299008K) Eden: 276992K(276992K)->0K(276992K) From: 64K(20992K)->64K(22016K)
[781.469s][info][gc,heap        ] GC(2201) ParOldGen: 166761K(175104K)->166769K(175104K)
[781.469s][info][gc,metaspace   ] GC(2201) Metaspace: 35668K(36416K)->35668K(36416K) NonClass: 26453K(27008K)->26453K(27008K) Class: 9215K(9408K)->9215K(9408K)
[781.469s][info][gc             ] GC(2201) Pause Young (Allocation Failure) 433M->162M(463M) 0.876ms
[781.469s][info][gc,cpu         ] GC(2201) User=0.00s Sys=0.00s Real=0.00s
[781.807s][info][gc,start       ] GC(2202) Pause Young (Allocation Failure)
[781.808s][info][gc,heap        ] GC(2202) PSYoungGen: 277056K(299008K)->64K(309248K) Eden: 276992K(276992K)->0K(290304K) From: 64K(22016K)->64K(18944K)
[781.808s][info][gc,heap        ] GC(2202) ParOldGen: 166769K(175104K)->166777K(175104K)
[781.808s][info][gc,metaspace   ] GC(2202) Metaspace: 35668K(36416K)->35668K(36416K) NonClass: 26453K(27008K)->26453K(27008K) Class: 9215K(9408K)->9215K(9408K)
[781.808s][info][gc             ] GC(2202) Pause Young (Allocation Failure) 433M->162M(473M) 0.830ms
[781.808s][info][gc,cpu         ] GC(2202) User=0.00s Sys=0.00s Real=0.01s
[782.272s][info][gc,start       ] GC(2203) Pause Young (Allocation Failure)
[782.273s][info][gc,heap        ] GC(2203) PSYoungGen: 290368K(309248K)->64K(310784K) Eden: 290304K(290304K)->0K(290304K) From: 64K(18944K)->64K(20480K)
[782.273s][info][gc,heap        ] GC(2203) ParOldGen: 166777K(175104K)->166793K(175104K)
[782.273s][info][gc,metaspace   ] GC(2203) Metaspace: 35668K(36416K)->35668K(36416K) NonClass: 26453K(27008K)->26453K(27008K) Class: 9215K(9408K)->9215K(9408K)
[782.273s][info][gc             ] GC(2203) Pause Young (Allocation Failure) 446M->162M(474M) 0.958ms
[782.273s][info][gc,cpu         ] GC(2203) User=0.01s Sys=0.00s Real=0.00s
[782.511s][info][gc,start       ] GC(2204) Pause Young (Allocation Failure)
[782.511s][info][gc,heap        ] GC(2204) PSYoungGen: 290368K(310784K)->64K(310784K) Eden: 290304K(290304K)->0K(293376K) From: 64K(20480K)->64K(17408K)
[782.511s][info][gc,heap        ] GC(2204) ParOldGen: 166793K(175104K)->166809K(175104K)
[782.511s][info][gc,metaspace   ] GC(2204) Metaspace: 35668K(36416K)->35668K(36416K) NonClass: 26453K(27008K)->26453K(27008K) Class: 9215K(9408K)->9215K(9408K)
[782.511s][info][gc             ] GC(2204) Pause Young (Allocation Failure) 446M->162M(474M) 0.854ms
[782.511s][info][gc,cpu         ] GC(2204) User=0.00s Sys=0.00s Real=0.00s
[782.883s][info][gc,start       ] GC(2205) Pause Young (Allocation Failure)
[782.884s][info][gc,heap        ] GC(2205) PSYoungGen: 293440K(310784K)->64K(312320K) Eden: 293376K(293376K)->0K(293376K) From: 64K(17408K)->64K(18944K)
[782.884s][info][gc,heap        ] GC(2205) ParOldGen: 166809K(175104K)->166809K(175104K)
[782.884s][info][gc,metaspace   ] GC(2205) Metaspace: 35668K(36416K)->35668K(36416K) NonClass: 26453K(27008K)->26453K(27008K) Class: 9215K(9408K)->9215K(9408K)
[782.884s][info][gc             ] GC(2205) Pause Young (Allocation Failure) 449M->162M(476M) 0.863ms
[782.884s][info][gc,cpu         ] GC(2205) User=0.00s Sys=0.00s Real=0.00s
[782.958s][info][gc,start       ] GC(2206) Pause Young (Allocation Failure)
[782.959s][info][gc,heap        ] GC(2206) PSYoungGen: 293440K(312320K)->64K(312320K) Eden: 293376K(293376K)->0K(296960K) From: 64K(18944K)->64K(15360K)
[782.959s][info][gc,heap        ] GC(2206) ParOldGen: 166809K(175104K)->166817K(175104K)
[782.959s][info][gc,metaspace   ] GC(2206) Metaspace: 35668K(36416K)->35668K(36416K) NonClass: 26453K(27008K)->26453K(27008K) Class: 9215K(9408K)->9215K(9408K)
[782.959s][info][gc             ] GC(2206) Pause Young (Allocation Failure) 449M->162M(476M) 0.871ms
[782.959s][info][gc,cpu         ] GC(2206) User=0.00s Sys=0.00s Real=0.00s
[783.013s][info][gc,start       ] GC(2207) Pause Young (Allocation Failure)
[783.013s][info][gc,heap        ] GC(2207) PSYoungGen: 297024K(312320K)->64K(313856K) Eden: 296960K(296960K)->0K(296960K) From: 64K(15360K)->64K(16896K)
[783.013s][info][gc,heap        ] GC(2207) ParOldGen: 166817K(175104K)->166833K(175104K)
[783.013s][info][gc,metaspace   ] GC(2207) Metaspace: 35668K(36416K)->35668K(36416K) NonClass: 26453K(27008K)->26453K(27008K) Class: 9215K(9408K)->9215K(9408K)
[783.013s][info][gc             ] GC(2207) Pause Young (Allocation Failure) 452M->162M(477M) 0.877ms
[783.013s][info][gc,cpu         ] GC(2207) User=0.00s Sys=0.00s Real=0.00s
[783.199s][info][gc,start       ] GC(2208) Pause Young (Allocation Failure)
[783.200s][info][gc,heap        ] GC(2208) PSYoungGen: 297024K(313856K)->64K(314368K) Eden: 296960K(296960K)->0K(300544K) From: 64K(16896K)->64K(13824K)
[783.200s][info][gc,heap        ] GC(2208) ParOldGen: 166833K(175104K)->166833K(175104K)
[783.200s][info][gc,metaspace   ] GC(2208) Metaspace: 35668K(36416K)->35668K(36416K) NonClass: 26453K(27008K)->26453K(27008K) Class: 9215K(9408K)->9215K(9408K)
[783.200s][info][gc             ] GC(2208) Pause Young (Allocation Failure) 452M->162M(478M) 1.403ms
[783.200s][info][gc,cpu         ] GC(2208) User=0.00s Sys=0.00s Real=0.00s
[783.435s][info][gc,start       ] GC(2209) Pause Young (Allocation Failure)
[783.436s][info][gc,heap        ] GC(2209) PSYoungGen: 300608K(314368K)->32K(315904K) Eden: 300544K(300544K)->0K(300544K) From: 64K(13824K)->32K(15360K)
[783.436s][info][gc,heap        ] GC(2209) ParOldGen: 166833K(175104K)->166849K(175104K)
[783.436s][info][gc,metaspace   ] GC(2209) Metaspace: 35668K(36416K)->35668K(36416K) NonClass: 26453K(27008K)->26453K(27008K) Class: 9215K(9408K)->9215K(9408K)
[783.436s][info][gc             ] GC(2209) Pause Young (Allocation Failure) 456M->162M(479M) 1.481ms
[783.436s][info][gc,cpu         ] GC(2209) User=0.00s Sys=0.00s Real=0.00s
[783.554s][info][gc,start       ] GC(2210) Pause Young (Allocation Failure)
[783.554s][info][gc,heap        ] GC(2210) PSYoungGen: 300576K(315904K)->64K(316928K) Eden: 300544K(300544K)->0K(304128K) From: 32K(15360K)->64K(12800K)
[783.554s][info][gc,heap        ] GC(2210) ParOldGen: 166849K(175104K)->166857K(175104K)
[783.555s][info][gc,metaspace   ] GC(2210) Metaspace: 35668K(36416K)->35668K(36416K) NonClass: 26453K(27008K)->26453K(27008K) Class: 9215K(9408K)->9215K(9408K)
[783.555s][info][gc             ] GC(2210) Pause Young (Allocation Failure) 456M->163M(480M) 0.865ms
[783.555s][info][gc,cpu         ] GC(2210) User=0.01s Sys=0.00s Real=0.00s
[783.666s][info][gc,start       ] GC(2211) Pause Young (Allocation Failure)
[783.667s][info][gc,heap        ] GC(2211) PSYoungGen: 304192K(316928K)->64K(292352K) Eden: 304128K(304128K)->0K(291840K) From: 64K(12800K)->64K(512K)
[783.667s][info][gc,heap        ] GC(2211) ParOldGen: 166857K(175104K)->166865K(175104K)
[783.667s][info][gc,metaspace   ] GC(2211) Metaspace: 35668K(36416K)->35668K(36416K) NonClass: 26453K(27008K)->26453K(27008K) Class: 9215K(9408K)->9215K(9408K)
[783.667s][info][gc             ] GC(2211) Pause Young (Allocation Failure) 460M->163M(456M) 0.807ms
[783.667s][info][gc,cpu         ] GC(2211) User=0.01s Sys=0.00s Real=0.00s
[784.000s][info][gc,start       ] GC(2212) Pause Young (Allocation Failure)
[784.001s][info][gc,heap        ] GC(2212) PSYoungGen: 291904K(292352K)->64K(281088K) Eden: 291840K(291840K)->0K(280576K) From: 64K(512K)->64K(512K)
[784.001s][info][gc,heap        ] GC(2212) ParOldGen: 166865K(175104K)->166873K(175104K)
[784.001s][info][gc,metaspace   ] GC(2212) Metaspace: 35668K(36416K)->35668K(36416K) NonClass: 26453K(27008K)->26453K(27008K) Class: 9215K(9408K)->9215K(9408K)
[784.001s][info][gc             ] GC(2212) Pause Young (Allocation Failure) 448M->163M(445M) 0.884ms
[784.001s][info][gc,cpu         ] GC(2212) User=0.00s Sys=0.00s Real=0.00s
[784.681s][info][gc,start       ] GC(2213) Pause Young (Allocation Failure)
[784.681s][info][gc,heap        ] GC(2213) PSYoungGen: 280640K(281088K)->64K(281600K) Eden: 280576K(280576K)->0K(269824K) From: 64K(512K)->64K(11776K)
[784.681s][info][gc,heap        ] GC(2213) ParOldGen: 166873K(175104K)->166881K(175104K)
[784.681s][info][gc,metaspace   ] GC(2213) Metaspace: 35668K(36416K)->35668K(36416K) NonClass: 26453K(27008K)->26453K(27008K) Class: 9215K(9408K)->9215K(9408K)
[784.681s][info][gc             ] GC(2213) Pause Young (Allocation Failure) 437M->163M(446M) 0.748ms
[784.681s][info][gc,cpu         ] GC(2213) User=0.00s Sys=0.00s Real=0.00s
[785.555s][info][gc,start       ] GC(2214) Pause Young (Allocation Failure)
[785.556s][info][gc,heap        ] GC(2214) PSYoungGen: 269888K(281600K)->64K(260096K) Eden: 269824K(269824K)->0K(259584K) From: 64K(11776K)->64K(512K)
[785.556s][info][gc,heap        ] GC(2214) ParOldGen: 166881K(175104K)->166889K(175104K)
[785.556s][info][gc,metaspace   ] GC(2214) Metaspace: 35668K(36416K)->35668K(36416K) NonClass: 26453K(27008K)->26453K(27008K) Class: 9215K(9408K)->9215K(9408K)
[785.556s][info][gc             ] GC(2214) Pause Young (Allocation Failure) 426M->163M(425M) 1.597ms
[785.556s][info][gc,cpu         ] GC(2214) User=0.00s Sys=0.00s Real=0.00s
[785.974s][info][gc,start       ] GC(2215) Pause Young (Allocation Failure)
[785.975s][info][gc,heap        ] GC(2215) PSYoungGen: 259648K(260096K)->64K(260608K) Eden: 259584K(259584K)->0K(249856K) From: 64K(512K)->64K(10752K)
[785.975s][info][gc,heap        ] GC(2215) ParOldGen: 166889K(175104K)->166897K(175104K)
[785.975s][info][gc,metaspace   ] GC(2215) Metaspace: 35668K(36416K)->35668K(36416K) NonClass: 26453K(27008K)->26453K(27008K) Class: 9215K(9408K)->9215K(9408K)
[785.975s][info][gc             ] GC(2215) Pause Young (Allocation Failure) 416M->163M(425M) 1.261ms
[785.975s][info][gc,cpu         ] GC(2215) User=0.00s Sys=0.00s Real=0.00s
[786.937s][info][gc,start       ] GC(2216) Pause Young (Allocation Failure)
[786.939s][info][gc,heap        ] GC(2216) PSYoungGen: 249920K(260608K)->32K(241152K) Eden: 249856K(249856K)->0K(240640K) From: 64K(10752K)->32K(512K)
[786.939s][info][gc,heap        ] GC(2216) ParOldGen: 166897K(175104K)->166905K(175104K)
[786.939s][info][gc,metaspace   ] GC(2216) Metaspace: 35668K(36416K)->35668K(36416K) NonClass: 26453K(27008K)->26453K(27008K) Class: 9215K(9408K)->9215K(9408K)
[786.939s][info][gc             ] GC(2216) Pause Young (Allocation Failure) 407M->163M(406M) 2.125ms
[786.939s][info][gc,cpu         ] GC(2216) User=0.00s Sys=0.00s Real=0.00s
[787.307s][info][gc,start       ] GC(2217) Pause Young (Allocation Failure)
[787.308s][info][gc,heap        ] GC(2217) PSYoungGen: 240672K(241152K)->64K(240640K) Eden: 240640K(240640K)->0K(231424K) From: 32K(512K)->64K(9216K)
[787.308s][info][gc,heap        ] GC(2217) ParOldGen: 166905K(175104K)->166913K(175104K)
[787.308s][info][gc,metaspace   ] GC(2217) Metaspace: 35668K(36416K)->35668K(36416K) NonClass: 26453K(27008K)->26453K(27008K) Class: 9215K(9408K)->9215K(9408K)
[787.308s][info][gc             ] GC(2217) Pause Young (Allocation Failure) 398M->163M(406M) 1.283ms
[787.308s][info][gc,cpu         ] GC(2217) User=0.00s Sys=0.00s Real=0.01s
[787.484s][info][gc,start       ] GC(2218) Pause Young (Allocation Failure)
[787.486s][info][gc,heap        ] GC(2218) PSYoungGen: 231488K(240640K)->64K(223232K) Eden: 231424K(231424K)->0K(222720K) From: 64K(9216K)->64K(512K)
[787.486s][info][gc,heap        ] GC(2218) ParOldGen: 166913K(175104K)->166921K(175104K)
[787.486s][info][gc,metaspace   ] GC(2218) Metaspace: 35668K(36416K)->35668K(36416K) NonClass: 26453K(27008K)->26453K(27008K) Class: 9215K(9408K)->9215K(9408K)
[787.486s][info][gc             ] GC(2218) Pause Young (Allocation Failure) 389M->163M(389M) 2.063ms
[787.486s][info][gc,cpu         ] GC(2218) User=0.00s Sys=0.00s Real=0.00s
[787.553s][info][gc,start       ] GC(2219) Pause Young (Allocation Failure)
[787.554s][info][gc,heap        ] GC(2219) PSYoungGen: 222784K(223232K)->64K(222720K) Eden: 222720K(222720K)->0K(214528K) From: 64K(512K)->64K(8192K)
[787.554s][info][gc,heap        ] GC(2219) ParOldGen: 166921K(175104K)->166929K(175104K)
[787.554s][info][gc,metaspace   ] GC(2219) Metaspace: 35668K(36416K)->35668K(36416K) NonClass: 26453K(27008K)->26453K(27008K) Class: 9215K(9408K)->9215K(9408K)
[787.554s][info][gc             ] GC(2219) Pause Young (Allocation Failure) 380M->163M(388M) 1.126ms
[787.554s][info][gc,cpu         ] GC(2219) User=0.00s Sys=0.00s Real=0.00s
[787.985s][info][gc,start       ] GC(2220) Pause Young (Allocation Failure)
[787.987s][info][gc,heap        ] GC(2220) PSYoungGen: 214592K(222720K)->64K(207360K) Eden: 214528K(214528K)->0K(206848K) From: 64K(8192K)->64K(512K)
[787.987s][info][gc,heap        ] GC(2220) ParOldGen: 166929K(175104K)->166937K(175104K)
[787.987s][info][gc,metaspace   ] GC(2220) Metaspace: 35668K(36416K)->35668K(36416K) NonClass: 26453K(27008K)->26453K(27008K) Class: 9215K(9408K)->9215K(9408K)
[787.987s][info][gc             ] GC(2220) Pause Young (Allocation Failure) 372M->163M(373M) 2.017ms
[787.987s][info][gc,cpu         ] GC(2220) User=0.00s Sys=0.00s Real=0.01s
[788.201s][info][gc,start       ] GC(2221) Pause Young (Allocation Failure)
[788.202s][info][gc,heap        ] GC(2221) PSYoungGen: 206912K(207360K)->32K(206336K) Eden: 206848K(206848K)->0K(199168K) From: 64K(512K)->32K(7168K)
[788.202s][info][gc,heap        ] GC(2221) ParOldGen: 166937K(175104K)->166945K(175104K)
[788.202s][info][gc,metaspace   ] GC(2221) Metaspace: 35668K(36416K)->35668K(36416K) NonClass: 26453K(27008K)->26453K(27008K) Class: 9215K(9408K)->9215K(9408K)
[788.202s][info][gc             ] GC(2221) Pause Young (Allocation Failure) 365M->163M(372M) 1.428ms
[788.202s][info][gc,cpu         ] GC(2221) User=0.00s Sys=0.00s Real=0.00s
[788.535s][info][gc,start       ] GC(2222) Pause Young (Allocation Failure)
[788.541s][info][gc,heap        ] GC(2222) PSYoungGen: 199200K(206336K)->3264K(195584K) Eden: 199168K(199168K)->0K(192000K) From: 32K(7168K)->3264K(3584K)
[788.541s][info][gc,heap        ] GC(2222) ParOldGen: 166945K(175104K)->166953K(175104K)
[788.541s][info][gc,metaspace   ] GC(2222) Metaspace: 35668K(36416K)->35668K(36416K) NonClass: 26453K(27008K)->26453K(27008K) Class: 9215K(9408K)->9215K(9408K)
[788.541s][info][gc             ] GC(2222) Pause Young (Allocation Failure) 357M->166M(362M) 5.601ms
[788.541s][info][gc,cpu         ] GC(2222) User=0.01s Sys=0.00s Real=0.01s
[788.766s][info][gc,start       ] GC(2223) Pause Young (Allocation Failure)
[788.802s][info][gc,heap        ] GC(2223) PSYoungGen: 195264K(195584K)->6656K(236032K) Eden: 192000K(192000K)->0K(229376K) From: 3264K(3584K)->6656K(6656K)
[788.802s][info][gc,heap        ] GC(2223) ParOldGen: 166953K(175104K)->181905K(182272K)
[788.802s][info][gc,metaspace   ] GC(2223) Metaspace: 35668K(36416K)->35668K(36416K) NonClass: 26453K(27008K)->26453K(27008K) Class: 9215K(9408K)->9215K(9408K)
[788.802s][info][gc             ] GC(2223) Pause Young (Allocation Failure) 353M->184M(408M) 36.103ms
[788.802s][info][gc,cpu         ] GC(2223) User=0.06s Sys=0.00s Real=0.04s
[789.068s][info][gc,start       ] GC(2224) Pause Young (Allocation Failure)
[789.122s][info][gc,heap        ] GC(2224) PSYoungGen: 236032K(236032K)->3584K(244224K) Eden: 229376K(229376K)->0K(240640K) From: 6656K(6656K)->3584K(3584K)
[789.122s][info][gc,heap        ] GC(2224) ParOldGen: 181905K(182272K)->204545K(204800K)
[789.122s][info][gc,metaspace   ] GC(2224) Metaspace: 35668K(36416K)->35668K(36416K) NonClass: 26453K(27008K)->26453K(27008K) Class: 9215K(9408K)->9215K(9408K)
[789.122s][info][gc             ] GC(2224) Pause Young (Allocation Failure) 408M->203M(438M) 54.509ms
[789.122s][info][gc,cpu         ] GC(2224) User=0.09s Sys=0.02s Real=0.05s
[789.281s][info][gc,start       ] GC(2225) Pause Young (Allocation Failure)
[789.307s][info][gc,heap        ] GC(2225) PSYoungGen: 244224K(244224K)->12000K(262144K) Eden: 240640K(240640K)->0K(240640K) From: 3584K(3584K)->12000K(21504K)
[789.307s][info][gc,heap        ] GC(2225) ParOldGen: 204545K(204800K)->205153K(205312K)
[789.307s][info][gc,metaspace   ] GC(2225) Metaspace: 35668K(36416K)->35668K(36416K) NonClass: 26453K(27008K)->26453K(27008K) Class: 9215K(9408K)->9215K(9408K)
[789.307s][info][gc             ] GC(2225) Pause Young (Allocation Failure) 438M->212M(456M) 26.009ms
[789.307s][info][gc,cpu         ] GC(2225) User=0.04s Sys=0.00s Real=0.02s
[789.507s][info][gc,start       ] GC(2226) Pause Young (Allocation Failure)
[789.508s][info][gc,heap        ] GC(2226) PSYoungGen: 252640K(262144K)->64K(308736K) Eden: 240640K(240640K)->0K(288256K) From: 12000K(21504K)->64K(20480K)
[789.508s][info][gc,heap        ] GC(2226) ParOldGen: 205153K(205312K)->205161K(205312K)
[789.508s][info][gc,metaspace   ] GC(2226) Metaspace: 35668K(36416K)->35668K(36416K) NonClass: 26453K(27008K)->26453K(27008K) Class: 9215K(9408K)->9215K(9408K)
[789.508s][info][gc             ] GC(2226) Pause Young (Allocation Failure) 447M->200M(502M) 0.965ms
[789.508s][info][gc,cpu         ] GC(2226) User=0.00s Sys=0.00s Real=0.01s
[790.163s][info][gc,start       ] GC(2227) Pause Young (Allocation Failure)
[790.164s][info][gc,heap        ] GC(2227) PSYoungGen: 288320K(308736K)->64K(309760K) Eden: 288256K(288256K)->0K(288256K) From: 64K(20480K)->64K(21504K)
[790.164s][info][gc,heap        ] GC(2227) ParOldGen: 205161K(205312K)->205169K(205312K)
[790.164s][info][gc,metaspace   ] GC(2227) Metaspace: 35668K(36416K)->35668K(36416K) NonClass: 26453K(27008K)->26453K(27008K) Class: 9215K(9408K)->9215K(9408K)
[790.164s][info][gc             ] GC(2227) Pause Young (Allocation Failure) 481M->200M(503M) 1.013ms
[790.164s][info][gc,cpu         ] GC(2227) User=0.00s Sys=0.00s Real=0.00s
[790.640s][info][gc,start       ] GC(2228) Pause Young (Allocation Failure)
[790.641s][info][gc,heap        ] GC(2228) PSYoungGen: 288320K(309760K)->64K(310784K) Eden: 288256K(288256K)->0K(291328K) From: 64K(21504K)->64K(19456K)
[790.641s][info][gc,heap        ] GC(2228) ParOldGen: 205169K(205312K)->205185K(205312K)
[790.641s][info][gc,metaspace   ] GC(2228) Metaspace: 35668K(36416K)->35668K(36416K) NonClass: 26453K(27008K)->26453K(27008K) Class: 9215K(9408K)->9215K(9408K)
[790.641s][info][gc             ] GC(2228) Pause Young (Allocation Failure) 481M->200M(504M) 1.040ms
[790.641s][info][gc,cpu         ] GC(2228) User=0.00s Sys=0.00s Real=0.00s
[790.883s][info][gc,start       ] GC(2229) Pause Young (Allocation Failure)
[790.884s][info][gc,heap        ] GC(2229) PSYoungGen: 291392K(310784K)->64K(311808K) Eden: 291328K(291328K)->0K(291328K) From: 64K(19456K)->64K(20480K)
[790.884s][info][gc,heap        ] GC(2229) ParOldGen: 205185K(205312K)->205201K(205312K)
[790.884s][info][gc,metaspace   ] GC(2229) Metaspace: 35668K(36416K)->35668K(36416K) NonClass: 26453K(27008K)->26453K(27008K) Class: 9215K(9408K)->9215K(9408K)
[790.884s][info][gc             ] GC(2229) Pause Young (Allocation Failure) 484M->200M(505M) 0.906ms
[790.884s][info][gc,cpu         ] GC(2229) User=0.01s Sys=0.00s Real=0.00s
[791.123s][info][gc,start       ] GC(2230) Pause Young (Allocation Failure)
[791.124s][info][gc,heap        ] GC(2230) PSYoungGen: 291392K(311808K)->64K(311296K) Eden: 291328K(291328K)->0K(293888K) From: 64K(20480K)->64K(17408K)
[791.124s][info][gc,heap        ] GC(2230) ParOldGen: 205201K(205312K)->205201K(205312K)
[791.124s][info][gc,metaspace   ] GC(2230) Metaspace: 35668K(36416K)->35668K(36416K) NonClass: 26453K(27008K)->26453K(27008K) Class: 9215K(9408K)->9215K(9408K)
[791.124s][info][gc             ] GC(2230) Pause Young (Allocation Failure) 484M->200M(504M) 0.895ms
[791.124s][info][gc,cpu         ] GC(2230) User=0.01s Sys=0.00s Real=0.00s
[791.460s][info][gc,start       ] GC(2231) Pause Young (Allocation Failure)
[791.461s][info][gc,heap        ] GC(2231) PSYoungGen: 293952K(311296K)->64K(312320K) Eden: 293888K(293888K)->0K(293888K) From: 64K(17408K)->64K(18432K)
[791.461s][info][gc,heap        ] GC(2231) ParOldGen: 205201K(205312K)->205201K(205312K)
[791.461s][info][gc,metaspace   ] GC(2231) Metaspace: 35668K(36416K)->35668K(36416K) NonClass: 26453K(27008K)->26453K(27008K) Class: 9215K(9408K)->9215K(9408K)
[791.461s][info][gc             ] GC(2231) Pause Young (Allocation Failure) 487M->200M(505M) 0.901ms
[791.461s][info][gc,cpu         ] GC(2231) User=0.00s Sys=0.00s Real=0.00s
[791.511s][info][gc,start       ] GC(2232) Pause Young (Allocation Failure)
[791.512s][info][gc,heap        ] GC(2232) PSYoungGen: 293952K(312320K)->64K(312832K) Eden: 293888K(293888K)->0K(297472K) From: 64K(18432K)->64K(15360K)
[791.512s][info][gc,heap        ] GC(2232) ParOldGen: 205201K(205312K)->205217K(205312K)
[791.512s][info][gc,metaspace   ] GC(2232) Metaspace: 35668K(36416K)->35668K(36416K) NonClass: 26453K(27008K)->26453K(27008K) Class: 9215K(9408K)->9215K(9408K)
[791.512s][info][gc             ] GC(2232) Pause Young (Allocation Failure) 487M->200M(506M) 0.848ms
[791.512s][info][gc,cpu         ] GC(2232) User=0.00s Sys=0.00s Real=0.00s
[791.571s][info][gc,start       ] GC(2233) Pause Young (Allocation Failure)
[791.572s][info][gc,heap        ] GC(2233) PSYoungGen: 297536K(312832K)->64K(314368K) Eden: 297472K(297472K)->0K(297472K) From: 64K(15360K)->64K(16896K)
[791.572s][info][gc,heap        ] GC(2233) ParOldGen: 205217K(205312K)->205217K(205312K)
[791.572s][info][gc,metaspace   ] GC(2233) Metaspace: 35668K(36416K)->35668K(36416K) NonClass: 26453K(27008K)->26453K(27008K) Class: 9215K(9408K)->9215K(9408K)
[791.572s][info][gc             ] GC(2233) Pause Young (Allocation Failure) 490M->200M(507M) 0.779ms
[791.572s][info][gc,cpu         ] GC(2233) User=0.00s Sys=0.00s Real=0.00s
[791.815s][info][gc,start       ] GC(2234) Pause Young (Allocation Failure)
[791.816s][info][gc,heap        ] GC(2234) PSYoungGen: 297536K(314368K)->64K(314368K) Eden: 297472K(297472K)->0K(301056K) From: 64K(16896K)->64K(13312K)
[791.816s][info][gc,heap        ] GC(2234) ParOldGen: 205217K(205312K)->205233K(205312K)
[791.816s][info][gc,metaspace   ] GC(2234) Metaspace: 35668K(36416K)->35668K(36416K) NonClass: 26453K(27008K)->26453K(27008K) Class: 9215K(9408K)->9215K(9408K)
[791.816s][info][gc             ] GC(2234) Pause Young (Allocation Failure) 490M->200M(507M) 0.897ms
[791.816s][info][gc,cpu         ] GC(2234) User=0.00s Sys=0.00s Real=0.00s
[792.037s][info][gc,start       ] GC(2235) Pause Young (Allocation Failure)
[792.038s][info][gc,heap        ] GC(2235) PSYoungGen: 301120K(314368K)->64K(315904K) Eden: 301056K(301056K)->0K(301056K) From: 64K(13312K)->64K(14848K)
[792.038s][info][gc,heap        ] GC(2235) ParOldGen: 205233K(205312K)->205233K(205312K)
[792.038s][info][gc,metaspace   ] GC(2235) Metaspace: 35668K(36416K)->35668K(36416K) NonClass: 26453K(27008K)->26453K(27008K) Class: 9215K(9408K)->9215K(9408K)
[792.038s][info][gc             ] GC(2235) Pause Young (Allocation Failure) 494M->200M(509M) 0.963ms
[792.038s][info][gc,cpu         ] GC(2235) User=0.00s Sys=0.00s Real=0.01s
[792.118s][info][gc,start       ] GC(2236) Pause Young (Allocation Failure)
[792.119s][info][gc,heap        ] GC(2236) PSYoungGen: 301120K(315904K)->64K(316416K) Eden: 301056K(301056K)->0K(304640K) From: 64K(14848K)->64K(11776K)
[792.119s][info][gc,heap        ] GC(2236) ParOldGen: 205233K(205312K)->205249K(205312K)
[792.119s][info][gc,metaspace   ] GC(2236) Metaspace: 35668K(36416K)->35668K(36416K) NonClass: 26453K(27008K)->26453K(27008K) Class: 9215K(9408K)->9215K(9408K)
[792.119s][info][gc             ] GC(2236) Pause Young (Allocation Failure) 494M->200M(509M) 0.808ms
[792.119s][info][gc,cpu         ] GC(2236) User=0.00s Sys=0.00s Real=0.00s
[792.258s][info][gc,start       ] GC(2237) Pause Young (Allocation Failure)
[792.259s][info][gc,heap        ] GC(2237) PSYoungGen: 304704K(316416K)->64K(292864K) Eden: 304640K(304640K)->0K(292352K) From: 64K(11776K)->64K(512K)
[792.259s][info][gc,heap        ] GC(2237) ParOldGen: 205249K(205312K)->205249K(205312K)
[792.259s][info][gc,metaspace   ] GC(2237) Metaspace: 35668K(36416K)->35668K(36416K) NonClass: 26453K(27008K)->26453K(27008K) Class: 9215K(9408K)->9215K(9408K)
[792.259s][info][gc             ] GC(2237) Pause Young (Allocation Failure) 498M->200M(486M) 0.867ms
[792.259s][info][gc,cpu         ] GC(2237) User=0.00s Sys=0.00s Real=0.00s
[792.673s][info][gc,start       ] GC(2238) Pause Young (Allocation Failure)
[792.674s][info][gc,heap        ] GC(2238) PSYoungGen: 292416K(292864K)->64K(281600K) Eden: 292352K(292352K)->0K(281088K) From: 64K(512K)->64K(512K)
[792.674s][info][gc,heap        ] GC(2238) ParOldGen: 205249K(205312K)->205257K(205312K)
[792.674s][info][gc,metaspace   ] GC(2238) Metaspace: 35668K(36416K)->35668K(36416K) NonClass: 26453K(27008K)->26453K(27008K) Class: 9215K(9408K)->9215K(9408K)
[792.674s][info][gc             ] GC(2238) Pause Young (Allocation Failure) 486M->200M(475M) 0.920ms
[792.674s][info][gc,cpu         ] GC(2238) User=0.00s Sys=0.00s Real=0.00s
[793.771s][info][gc,start       ] GC(2239) Pause Young (Allocation Failure)
[793.772s][info][gc,heap        ] GC(2239) PSYoungGen: 281152K(281600K)->64K(282112K) Eden: 281088K(281088K)->0K(270336K) From: 64K(512K)->64K(11776K)
[793.772s][info][gc,heap        ] GC(2239) ParOldGen: 205257K(205312K)->205265K(205312K)
[793.772s][info][gc,metaspace   ] GC(2239) Metaspace: 35668K(36416K)->35668K(36416K) NonClass: 26453K(27008K)->26453K(27008K) Class: 9215K(9408K)->9215K(9408K)
[793.772s][info][gc             ] GC(2239) Pause Young (Allocation Failure) 475M->200M(476M) 0.811ms
[793.772s][info][gc,cpu         ] GC(2239) User=0.00s Sys=0.00s Real=0.00s
[794.223s][info][gc,start       ] GC(2240) Pause Young (Allocation Failure)
[794.224s][info][gc,heap        ] GC(2240) PSYoungGen: 270400K(282112K)->64K(260608K) Eden: 270336K(270336K)->0K(260096K) From: 64K(11776K)->64K(512K)
[794.224s][info][gc,heap        ] GC(2240) ParOldGen: 205265K(205312K)->205273K(205312K)
[794.224s][info][gc,metaspace   ] GC(2240) Metaspace: 35668K(36416K)->35668K(36416K) NonClass: 26453K(27008K)->26453K(27008K) Class: 9215K(9408K)->9215K(9408K)
[794.224s][info][gc             ] GC(2240) Pause Young (Allocation Failure) 464M->200M(455M) 1.292ms
[794.224s][info][gc,cpu         ] GC(2240) User=0.00s Sys=0.00s Real=0.00s
[794.707s][info][gc,start       ] GC(2241) Pause Young (Allocation Failure)
[794.708s][info][gc,heap        ] GC(2241) PSYoungGen: 260160K(260608K)->64K(260608K) Eden: 260096K(260096K)->0K(250368K) From: 64K(512K)->64K(10240K)
[794.708s][info][gc,heap        ] GC(2241) ParOldGen: 205273K(205312K)->205281K(205312K)
[794.708s][info][gc,metaspace   ] GC(2241) Metaspace: 35668K(36416K)->35668K(36416K) NonClass: 26453K(27008K)->26453K(27008K) Class: 9215K(9408K)->9215K(9408K)
[794.708s][info][gc             ] GC(2241) Pause Young (Allocation Failure) 454M->200M(455M) 1.028ms
[794.708s][info][gc,cpu         ] GC(2241) User=0.00s Sys=0.00s Real=0.01s
[795.636s][info][gc,start       ] GC(2242) Pause Young (Allocation Failure)
[795.638s][info][gc,heap        ] GC(2242) PSYoungGen: 250432K(260608K)->64K(241152K) Eden: 250368K(250368K)->0K(240640K) From: 64K(10240K)->64K(512K)
[795.638s][info][gc,heap        ] GC(2242) ParOldGen: 205281K(205312K)->205289K(205312K)
[795.638s][info][gc,metaspace   ] GC(2242) Metaspace: 35668K(36416K)->35668K(36416K) NonClass: 26453K(27008K)->26453K(27008K) Class: 9215K(9408K)->9215K(9408K)
[795.638s][info][gc             ] GC(2242) Pause Young (Allocation Failure) 445M->200M(436M) 1.783ms
[795.638s][info][gc,cpu         ] GC(2242) User=0.00s Sys=0.00s Real=0.01s
[795.963s][info][gc,start       ] GC(2243) Pause Young (Allocation Failure)
[795.965s][info][gc,heap        ] GC(2243) PSYoungGen: 240704K(241152K)->32K(240640K) Eden: 240640K(240640K)->0K(231424K) From: 64K(512K)->32K(9216K)
[795.965s][info][gc,heap        ] GC(2243) ParOldGen: 205289K(205312K)->205297K(205312K)
[795.965s][info][gc,metaspace   ] GC(2243) Metaspace: 35668K(36416K)->35668K(36416K) NonClass: 26453K(27008K)->26453K(27008K) Class: 9215K(9408K)->9215K(9408K)
[795.965s][info][gc             ] GC(2243) Pause Young (Allocation Failure) 435M->200M(435M) 1.508ms
[795.965s][info][gc,cpu         ] GC(2243) User=0.00s Sys=0.00s Real=0.00s
[796.096s][info][gc,start       ] GC(2244) Pause Young (Allocation Failure)
[796.098s][info][gc,heap        ] GC(2244) PSYoungGen: 231456K(240640K)->64K(223232K) Eden: 231424K(231424K)->0K(222720K) From: 32K(9216K)->64K(512K)
[796.098s][info][gc,heap        ] GC(2244) ParOldGen: 205297K(205312K)->205313K(205824K)
[796.098s][info][gc,metaspace   ] GC(2244) Metaspace: 35668K(36416K)->35668K(36416K) NonClass: 26453K(27008K)->26453K(27008K) Class: 9215K(9408K)->9215K(9408K)
[796.098s][info][gc             ] GC(2244) Pause Young (Allocation Failure) 426M->200M(419M) 2.134ms
[796.098s][info][gc,cpu         ] GC(2244) User=0.00s Sys=0.00s Real=0.01s
[796.284s][info][gc,start       ] GC(2245) Pause Young (Allocation Failure)
[796.286s][info][gc,heap        ] GC(2245) PSYoungGen: 222784K(223232K)->64K(222208K) Eden: 222720K(222720K)->0K(214528K) From: 64K(512K)->64K(7680K)
[796.286s][info][gc,heap        ] GC(2245) ParOldGen: 205313K(205824K)->205329K(205824K)
[796.286s][info][gc,metaspace   ] GC(2245) Metaspace: 35668K(36416K)->35668K(36416K) NonClass: 26453K(27008K)->26453K(27008K) Class: 9215K(9408K)->9215K(9408K)
[796.286s][info][gc             ] GC(2245) Pause Young (Allocation Failure) 418M->200M(418M) 1.245ms
[796.286s][info][gc,cpu         ] GC(2245) User=0.00s Sys=0.00s Real=0.00s
[796.733s][info][gc,start       ] GC(2246) Pause Young (Allocation Failure)
[796.734s][info][gc,heap        ] GC(2246) PSYoungGen: 214592K(222208K)->64K(207360K) Eden: 214528K(214528K)->0K(206848K) From: 64K(7680K)->64K(512K)
[796.735s][info][gc,heap        ] GC(2246) ParOldGen: 205329K(205824K)->205345K(205824K)
[796.735s][info][gc,metaspace   ] GC(2246) Metaspace: 35668K(36416K)->35668K(36416K) NonClass: 26453K(27008K)->26453K(27008K) Class: 9215K(9408K)->9215K(9408K)
[796.735s][info][gc             ] GC(2246) Pause Young (Allocation Failure) 410M->200M(403M) 2.011ms
[796.735s][info][gc,cpu         ] GC(2246) User=0.00s Sys=0.00s Real=0.00s
[796.939s][info][gc,start       ] GC(2247) Pause Young (Allocation Failure)
[796.940s][info][gc,heap        ] GC(2247) PSYoungGen: 206912K(207360K)->64K(205824K) Eden: 206848K(206848K)->0K(199168K) From: 64K(512K)->64K(6656K)
[796.940s][info][gc,heap        ] GC(2247) ParOldGen: 205345K(205824K)->205361K(205824K)
[796.940s][info][gc,metaspace   ] GC(2247) Metaspace: 35668K(36416K)->35668K(36416K) NonClass: 26453K(27008K)->26453K(27008K) Class: 9215K(9408K)->9215K(9408K)
[796.940s][info][gc             ] GC(2247) Pause Young (Allocation Failure) 402M->200M(402M) 1.399ms
[796.940s][info][gc,cpu         ] GC(2247) User=0.00s Sys=0.00s Real=0.00s
[797.223s][info][gc,start       ] GC(2248) Pause Young (Allocation Failure)
[797.251s][info][gc,heap        ] GC(2248) PSYoungGen: 199232K(205824K)->6144K(243712K) Eden: 199168K(199168K)->0K(237568K) From: 64K(6656K)->6144K(6144K)
[797.251s][info][gc,heap        ] GC(2248) ParOldGen: 205361K(205824K)->213817K(214016K)
[797.251s][info][gc,metaspace   ] GC(2248) Metaspace: 35668K(36416K)->35668K(36416K) NonClass: 26453K(27008K)->26453K(27008K) Class: 9215K(9408K)->9215K(9408K)
[797.251s][info][gc             ] GC(2248) Pause Young (Allocation Failure) 395M->214M(447M) 28.033ms
[797.251s][info][gc,cpu         ] GC(2248) User=0.05s Sys=0.01s Real=0.03s
[797.525s][info][gc,start       ] GC(2249) Pause Young (Allocation Failure)
[797.576s][info][gc,heap        ] GC(2249) PSYoungGen: 243712K(243712K)->10752K(262656K) Eden: 237568K(237568K)->0K(251904K) From: 6144K(6144K)->10752K(10752K)
[797.576s][info][gc,heap        ] GC(2249) ParOldGen: 213817K(214016K)->230025K(230400K)
[797.576s][info][gc,metaspace   ] GC(2249) Metaspace: 35668K(36416K)->35668K(36416K) NonClass: 26453K(27008K)->26453K(27008K) Class: 9215K(9408K)->9215K(9408K)
[797.576s][info][gc             ] GC(2249) Pause Young (Allocation Failure) 446M->235M(481M) 51.431ms
[797.576s][info][gc,cpu         ] GC(2249) User=0.10s Sys=0.00s Real=0.05s
[797.812s][info][gc,start       ] GC(2250) Pause Young (Allocation Failure)
[797.858s][info][gc,heap        ] GC(2250) PSYoungGen: 262656K(262656K)->19456K(299520K) Eden: 251904K(251904K)->0K(280064K) From: 10752K(10752K)->19456K(19456K)
[797.858s][info][gc,heap        ] GC(2250) ParOldGen: 230025K(230400K)->232305K(232448K)
[797.858s][info][gc,metaspace   ] GC(2250) Metaspace: 35668K(36416K)->35668K(36416K) NonClass: 26453K(27008K)->26453K(27008K) Class: 9215K(9408K)->9215K(9408K)
[797.858s][info][gc             ] GC(2250) Pause Young (Allocation Failure) 481M->245M(519M) 46.049ms
[797.858s][info][gc,cpu         ] GC(2250) User=0.08s Sys=0.01s Real=0.05s
[798.006s][info][gc,start       ] GC(2251) Pause Young (Allocation Failure)
[798.008s][info][gc,heap        ] GC(2251) PSYoungGen: 299520K(299520K)->64K(304128K) Eden: 280064K(280064K)->0K(280064K) From: 19456K(19456K)->64K(24064K)
[798.008s][info][gc,heap        ] GC(2251) ParOldGen: 232305K(232448K)->232361K(232448K)
[798.008s][info][gc,metaspace   ] GC(2251) Metaspace: 35668K(36416K)->35668K(36416K) NonClass: 26453K(27008K)->26453K(27008K) Class: 9215K(9408K)->9215K(9408K)
[798.008s][info][gc             ] GC(2251) Pause Young (Allocation Failure) 519M->226M(524M) 1.638ms
[798.008s][info][gc,cpu         ] GC(2251) User=0.00s Sys=0.00s Real=0.01s
[798.652s][info][gc,start       ] GC(2252) Pause Young (Allocation Failure)
[798.653s][info][gc,heap        ] GC(2252) PSYoungGen: 280128K(304128K)->64K(307200K) Eden: 280064K(280064K)->0K(286208K) From: 64K(24064K)->64K(20992K)
[798.653s][info][gc,heap        ] GC(2252) ParOldGen: 232361K(232448K)->232377K(232448K)
[798.653s][info][gc,metaspace   ] GC(2252) Metaspace: 35668K(36416K)->35668K(36416K) NonClass: 26453K(27008K)->26453K(27008K) Class: 9215K(9408K)->9215K(9408K)
[798.653s][info][gc             ] GC(2252) Pause Young (Allocation Failure) 500M->226M(527M) 0.970ms
[798.653s][info][gc,cpu         ] GC(2252) User=0.00s Sys=0.00s Real=0.00s
[799.161s][info][gc,start       ] GC(2253) Pause Young (Allocation Failure)
[799.162s][info][gc,heap        ] GC(2253) PSYoungGen: 286272K(307200K)->64K(308736K) Eden: 286208K(286208K)->0K(286208K) From: 64K(20992K)->64K(22528K)
[799.162s][info][gc,heap        ] GC(2253) ParOldGen: 232377K(232448K)->232377K(232448K)
[799.162s][info][gc,metaspace   ] GC(2253) Metaspace: 35668K(36416K)->35668K(36416K) NonClass: 26453K(27008K)->26453K(27008K) Class: 9215K(9408K)->9215K(9408K)
[799.162s][info][gc             ] GC(2253) Pause Young (Allocation Failure) 506M->226M(528M) 1.064ms
[799.162s][info][gc,cpu         ] GC(2253) User=0.00s Sys=0.00s Real=0.00s
[799.397s][info][gc,start       ] GC(2254) Pause Young (Allocation Failure)
[799.397s][info][gc,heap        ] GC(2254) PSYoungGen: 286272K(308736K)->64K(308736K) Eden: 286208K(286208K)->0K(289280K) From: 64K(22528K)->64K(19456K)
[799.398s][info][gc,heap        ] GC(2254) ParOldGen: 232377K(232448K)->232393K(232448K)
[799.398s][info][gc,metaspace   ] GC(2254) Metaspace: 35668K(36416K)->35668K(36416K) NonClass: 26453K(27008K)->26453K(27008K) Class: 9215K(9408K)->9215K(9408K)
[799.398s][info][gc             ] GC(2254) Pause Young (Allocation Failure) 506M->227M(528M) 0.971ms
[799.398s][info][gc,cpu         ] GC(2254) User=0.01s Sys=0.00s Real=0.01s
[799.636s][info][gc,start       ] GC(2255) Pause Young (Allocation Failure)
[799.637s][info][gc,heap        ] GC(2255) PSYoungGen: 289344K(308736K)->64K(310272K) Eden: 289280K(289280K)->0K(289280K) From: 64K(19456K)->64K(20992K)
[799.637s][info][gc,heap        ] GC(2255) ParOldGen: 232393K(232448K)->232393K(232448K)
[799.637s][info][gc,metaspace   ] GC(2255) Metaspace: 35668K(36416K)->35668K(36416K) NonClass: 26453K(27008K)->26453K(27008K) Class: 9215K(9408K)->9215K(9408K)
[799.637s][info][gc             ] GC(2255) Pause Young (Allocation Failure) 509M->227M(530M) 0.981ms
[799.637s][info][gc,cpu         ] GC(2255) User=0.00s Sys=0.00s Real=0.01s
[800.003s][info][gc,start       ] GC(2256) Pause Young (Allocation Failure)
[800.004s][info][gc,heap        ] GC(2256) PSYoungGen: 289344K(310272K)->64K(310272K) Eden: 289280K(289280K)->0K(292864K) From: 64K(20992K)->64K(17408K)
[800.004s][info][gc,heap        ] GC(2256) ParOldGen: 232393K(232448K)->232393K(232448K)
[800.004s][info][gc,metaspace   ] GC(2256) Metaspace: 35668K(36416K)->35668K(36416K) NonClass: 26453K(27008K)->26453K(27008K) Class: 9215K(9408K)->9215K(9408K)
[800.004s][info][gc             ] GC(2256) Pause Young (Allocation Failure) 509M->227M(530M) 0.923ms
[800.004s][info][gc,cpu         ] GC(2256) User=0.01s Sys=0.00s Real=0.00s
[800.056s][info][gc,start       ] GC(2257) Pause Young (Allocation Failure)
[800.057s][info][gc,heap        ] GC(2257) PSYoungGen: 292928K(310272K)->64K(311808K) Eden: 292864K(292864K)->0K(292864K) From: 64K(17408K)->64K(18944K)
[800.057s][info][gc,heap        ] GC(2257) ParOldGen: 232393K(232448K)->232409K(232448K)
[800.057s][info][gc,metaspace   ] GC(2257) Metaspace: 35668K(36416K)->35668K(36416K) NonClass: 26453K(27008K)->26453K(27008K) Class: 9215K(9408K)->9215K(9408K)
[800.057s][info][gc             ] GC(2257) Pause Young (Allocation Failure) 513M->227M(531M) 0.919ms
[800.057s][info][gc,cpu         ] GC(2257) User=0.01s Sys=0.00s Real=0.00s
[800.106s][info][gc,start       ] GC(2258) Pause Young (Allocation Failure)
[800.107s][info][gc,heap        ] GC(2258) PSYoungGen: 292928K(311808K)->64K(312320K) Eden: 292864K(292864K)->0K(296960K) From: 64K(18944K)->64K(15360K)
[800.107s][info][gc,heap        ] GC(2258) ParOldGen: 232409K(232448K)->232409K(232448K)
[800.107s][info][gc,metaspace   ] GC(2258) Metaspace: 35668K(36416K)->35668K(36416K) NonClass: 26453K(27008K)->26453K(27008K) Class: 9215K(9408K)->9215K(9408K)
[800.107s][info][gc             ] GC(2258) Pause Young (Allocation Failure) 513M->227M(532M) 0.865ms
[800.107s][info][gc,cpu         ] GC(2258) User=0.00s Sys=0.00s Real=0.01s
[800.319s][info][gc,start       ] GC(2259) Pause Young (Allocation Failure)
[800.320s][info][gc,heap        ] GC(2259) PSYoungGen: 297024K(312320K)->64K(313856K) Eden: 296960K(296960K)->0K(296960K) From: 64K(15360K)->64K(16896K)
[800.320s][info][gc,heap        ] GC(2259) ParOldGen: 232409K(232448K)->232409K(232448K)
[800.320s][info][gc,metaspace   ] GC(2259) Metaspace: 35668K(36416K)->35668K(36416K) NonClass: 26453K(27008K)->26453K(27008K) Class: 9215K(9408K)->9215K(9408K)
[800.320s][info][gc             ] GC(2259) Pause Young (Allocation Failure) 517M->227M(533M) 0.920ms
[800.320s][info][gc,cpu         ] GC(2259) User=0.01s Sys=0.00s Real=0.00s
[800.547s][info][gc,start       ] GC(2260) Pause Young (Allocation Failure)
[800.548s][info][gc,heap        ] GC(2260) PSYoungGen: 297024K(313856K)->64K(315392K) Eden: 296960K(296960K)->0K(301056K) From: 64K(16896K)->64K(14336K)
[800.548s][info][gc,heap        ] GC(2260) ParOldGen: 232409K(232448K)->232417K(232448K)
[800.548s][info][gc,metaspace   ] GC(2260) Metaspace: 35668K(36416K)->35668K(36416K) NonClass: 26453K(27008K)->26453K(27008K) Class: 9215K(9408K)->9215K(9408K)
[800.548s][info][gc             ] GC(2260) Pause Young (Allocation Failure) 517M->227M(535M) 0.999ms
[800.548s][info][gc,cpu         ] GC(2260) User=0.00s Sys=0.00s Real=0.00s
[800.655s][info][gc,start       ] GC(2261) Pause Young (Allocation Failure)
[800.656s][info][gc,heap        ] GC(2261) PSYoungGen: 301120K(315392K)->64K(316416K) Eden: 301056K(301056K)->0K(301056K) From: 64K(14336K)->64K(15360K)
[800.656s][info][gc,heap        ] GC(2261) ParOldGen: 232417K(232448K)->232425K(232448K)
[800.656s][info][gc,metaspace   ] GC(2261) Metaspace: 35668K(36416K)->35668K(36416K) NonClass: 26453K(27008K)->26453K(27008K) Class: 9215K(9408K)->9215K(9408K)
[800.656s][info][gc             ] GC(2261) Pause Young (Allocation Failure) 521M->227M(536M) 0.950ms
[800.656s][info][gc,cpu         ] GC(2261) User=0.00s Sys=0.00s Real=0.00s
[800.773s][info][gc,start       ] GC(2262) Pause Young (Allocation Failure)
[800.773s][info][gc,heap        ] GC(2262) PSYoungGen: 301120K(316416K)->64K(316416K) Eden: 301056K(301056K)->0K(304128K) From: 64K(15360K)->64K(12288K)
[800.773s][info][gc,heap        ] GC(2262) ParOldGen: 232425K(232448K)->232433K(232448K)
[800.773s][info][gc,metaspace   ] GC(2262) Metaspace: 35668K(36416K)->35668K(36416K) NonClass: 26453K(27008K)->26453K(27008K) Class: 9215K(9408K)->9215K(9408K)
[800.773s][info][gc             ] GC(2262) Pause Young (Allocation Failure) 521M->227M(536M) 0.875ms
[800.773s][info][gc,cpu         ] GC(2262) User=0.00s Sys=0.00s Real=0.00s
[801.152s][info][gc,start       ] GC(2263) Pause Young (Allocation Failure)
[801.154s][info][gc,heap        ] GC(2263) PSYoungGen: 304192K(316416K)->64K(292352K) Eden: 304128K(304128K)->0K(291840K) From: 64K(12288K)->64K(512K)
[801.154s][info][gc,heap        ] GC(2263) ParOldGen: 232433K(232448K)->232441K(232448K)
[801.154s][info][gc,metaspace   ] GC(2263) Metaspace: 35668K(36416K)->35668K(36416K) NonClass: 26453K(27008K)->26453K(27008K) Class: 9215K(9408K)->9215K(9408K)
[801.154s][info][gc             ] GC(2263) Pause Young (Allocation Failure) 524M->227M(512M) 1.354ms
[801.154s][info][gc,cpu         ] GC(2263) User=0.00s Sys=0.00s Real=0.00s
[801.793s][info][gc,start       ] GC(2264) Pause Young (Allocation Failure)
[801.795s][info][gc,heap        ] GC(2264) PSYoungGen: 291904K(292352K)->83K(281088K) Eden: 291840K(291840K)->0K(280576K) From: 64K(512K)->83K(512K)
[801.795s][info][gc,heap        ] GC(2264) ParOldGen: 232441K(232448K)->232449K(232960K)
[801.795s][info][gc,metaspace   ] GC(2264) Metaspace: 35668K(36416K)->35668K(36416K) NonClass: 26453K(27008K)->26453K(27008K) Class: 9215K(9408K)->9215K(9408K)
[801.795s][info][gc             ] GC(2264) Pause Young (Allocation Failure) 512M->227M(502M) 1.668ms
[801.795s][info][gc,cpu         ] GC(2264) User=0.00s Sys=0.00s Real=0.00s
[802.719s][info][gc,start       ] GC(2265) Pause Young (Allocation Failure)
[802.720s][info][gc,heap        ] GC(2265) PSYoungGen: 280659K(281088K)->64K(281600K) Eden: 280576K(280576K)->0K(269824K) From: 83K(512K)->64K(11776K)
[802.720s][info][gc,heap        ] GC(2265) ParOldGen: 232449K(232960K)->232457K(232960K)
[802.720s][info][gc,metaspace   ] GC(2265) Metaspace: 35668K(36416K)->35668K(36416K) NonClass: 26453K(27008K)->26453K(27008K) Class: 9215K(9408K)->9215K(9408K)
[802.720s][info][gc             ] GC(2265) Pause Young (Allocation Failure) 501M->227M(502M) 0.952ms
[802.720s][info][gc,cpu         ] GC(2265) User=0.00s Sys=0.00s Real=0.00s
[803.160s][info][gc,start       ] GC(2266) Pause Young (Allocation Failure)
[803.162s][info][gc,heap        ] GC(2266) PSYoungGen: 269888K(281600K)->64K(260096K) Eden: 269824K(269824K)->0K(259584K) From: 64K(11776K)->64K(512K)
[803.162s][info][gc,heap        ] GC(2266) ParOldGen: 232457K(232960K)->232465K(232960K)
[803.162s][info][gc,metaspace   ] GC(2266) Metaspace: 35668K(36416K)->35668K(36416K) NonClass: 26453K(27008K)->26453K(27008K) Class: 9215K(9408K)->9215K(9408K)
[803.162s][info][gc             ] GC(2266) Pause Young (Allocation Failure) 490M->227M(481M) 1.536ms
[803.162s][info][gc,cpu         ] GC(2266) User=0.00s Sys=0.00s Real=0.00s
[804.148s][info][gc,start       ] GC(2267) Pause Young (Allocation Failure)
[804.149s][info][gc,heap        ] GC(2267) PSYoungGen: 259648K(260096K)->64K(260096K) Eden: 259584K(259584K)->0K(249856K) From: 64K(512K)->64K(10240K)
[804.149s][info][gc,heap        ] GC(2267) ParOldGen: 232465K(232960K)->232473K(232960K)
[804.149s][info][gc,metaspace   ] GC(2267) Metaspace: 35668K(36416K)->35668K(36416K) NonClass: 26453K(27008K)->26453K(27008K) Class: 9215K(9408K)->9215K(9408K)
[804.149s][info][gc             ] GC(2267) Pause Young (Allocation Failure) 480M->227M(481M) 1.055ms
[804.149s][info][gc,cpu         ] GC(2267) User=0.00s Sys=0.00s Real=0.00s
[804.491s][info][gc,start       ] GC(2268) Pause Young (Allocation Failure)
[804.492s][info][gc,heap        ] GC(2268) PSYoungGen: 249920K(260096K)->64K(241152K) Eden: 249856K(249856K)->0K(240640K) From: 64K(10240K)->64K(512K)
[804.492s][info][gc,heap        ] GC(2268) ParOldGen: 232473K(232960K)->232481K(232960K)
[804.492s][info][gc,metaspace   ] GC(2268) Metaspace: 35668K(36416K)->35668K(36416K) NonClass: 26453K(27008K)->26453K(27008K) Class: 9215K(9408K)->9215K(9408K)
[804.492s][info][gc             ] GC(2268) Pause Young (Allocation Failure) 471M->227M(463M) 1.500ms
[804.492s][info][gc,cpu         ] GC(2268) User=0.00s Sys=0.00s Real=0.00s
[804.628s][info][gc,start       ] GC(2269) Pause Young (Allocation Failure)
[804.629s][info][gc,heap        ] GC(2269) PSYoungGen: 240704K(241152K)->64K(240128K) Eden: 240640K(240640K)->0K(231424K) From: 64K(512K)->64K(8704K)
[804.629s][info][gc,heap        ] GC(2269) ParOldGen: 232481K(232960K)->232489K(232960K)
[804.629s][info][gc,metaspace   ] GC(2269) Metaspace: 35668K(36416K)->35668K(36416K) NonClass: 26453K(27008K)->26453K(27008K) Class: 9215K(9408K)->9215K(9408K)
[804.629s][info][gc             ] GC(2269) Pause Young (Allocation Failure) 462M->227M(462M) 0.806ms
[804.629s][info][gc,cpu         ] GC(2269) User=0.00s Sys=0.00s Real=0.00s
[804.841s][info][gc,start       ] GC(2270) Pause Young (Allocation Failure)
[804.843s][info][gc,heap        ] GC(2270) PSYoungGen: 231488K(240128K)->64K(223232K) Eden: 231424K(231424K)->0K(222720K) From: 64K(8704K)->64K(512K)
[804.843s][info][gc,heap        ] GC(2270) ParOldGen: 232489K(232960K)->232497K(232960K)
[804.843s][info][gc,metaspace   ] GC(2270) Metaspace: 35668K(36416K)->35668K(36416K) NonClass: 26453K(27008K)->26453K(27008K) Class: 9215K(9408K)->9215K(9408K)
[804.843s][info][gc             ] GC(2270) Pause Young (Allocation Failure) 453M->227M(445M) 1.325ms
[804.843s][info][gc,cpu         ] GC(2270) User=0.00s Sys=0.00s Real=0.00s
[805.269s][info][gc,start       ] GC(2271) Pause Young (Allocation Failure)
[805.270s][info][gc,heap        ] GC(2271) PSYoungGen: 222784K(223232K)->64K(222208K) Eden: 222720K(222720K)->0K(214528K) From: 64K(512K)->64K(7680K)
[805.270s][info][gc,heap        ] GC(2271) ParOldGen: 232497K(232960K)->232505K(232960K)
[805.270s][info][gc,metaspace   ] GC(2271) Metaspace: 35668K(36416K)->35668K(36416K) NonClass: 26453K(27008K)->26453K(27008K) Class: 9215K(9408K)->9215K(9408K)
[805.270s][info][gc             ] GC(2271) Pause Young (Allocation Failure) 444M->227M(444M) 0.890ms
[805.270s][info][gc,cpu         ] GC(2271) User=0.00s Sys=0.00s Real=0.00s
[805.512s][info][gc,start       ] GC(2272) Pause Young (Allocation Failure)
[805.514s][info][gc,heap        ] GC(2272) PSYoungGen: 214590K(222208K)->64K(207360K) Eden: 214526K(214528K)->0K(206848K) From: 64K(7680K)->64K(512K)
[805.514s][info][gc,heap        ] GC(2272) ParOldGen: 232505K(232960K)->232513K(232960K)
[805.514s][info][gc,metaspace   ] GC(2272) Metaspace: 35668K(36416K)->35668K(36416K) NonClass: 26453K(27008K)->26453K(27008K) Class: 9215K(9408K)->9215K(9408K)
[805.514s][info][gc             ] GC(2272) Pause Young (Allocation Failure) 436M->227M(430M) 1.451ms
[805.514s][info][gc,cpu         ] GC(2272) User=0.01s Sys=0.00s Real=0.00s
[805.794s][info][gc,start       ] GC(2273) Pause Young (Allocation Failure)
[805.827s][info][gc,heap        ] GC(2273) PSYoungGen: 206912K(207360K)->6656K(253440K) Eden: 206848K(206848K)->0K(246784K) From: 64K(512K)->6656K(6656K)
[805.827s][info][gc,heap        ] GC(2273) ParOldGen: 232513K(232960K)->244329K(244736K)
[805.827s][info][gc,metaspace   ] GC(2273) Metaspace: 35668K(36416K)->35668K(36416K) NonClass: 26453K(27008K)->26453K(27008K) Class: 9215K(9408K)->9215K(9408K)
[805.827s][info][gc             ] GC(2273) Pause Young (Allocation Failure) 429M->245M(486M) 33.453ms
[805.827s][info][gc,cpu         ] GC(2273) User=0.05s Sys=0.01s Real=0.04s
[806.116s][info][gc,start       ] GC(2274) Pause Young (Allocation Failure)
[806.173s][info][gc,heap        ] GC(2274) PSYoungGen: 253440K(253440K)->6656K(252416K) Eden: 246784K(246784K)->0K(245760K) From: 6656K(6656K)->6656K(6656K)
[806.173s][info][gc,heap        ] GC(2274) ParOldGen: 244329K(244736K)->265769K(266240K)
[806.173s][info][gc,metaspace   ] GC(2274) Metaspace: 35668K(36416K)->35668K(36416K) NonClass: 26453K(27008K)->26453K(27008K) Class: 9215K(9408K)->9215K(9408K)
[806.173s][info][gc             ] GC(2274) Pause Young (Allocation Failure) 486M->266M(506M) 56.641ms
[806.173s][info][gc,cpu         ] GC(2274) User=0.09s Sys=0.02s Real=0.06s
[806.368s][info][gc,start       ] GC(2275) Pause Young (Allocation Failure)
[806.398s][info][gc,heap        ] GC(2275) PSYoungGen: 252416K(252416K)->16416K(266752K) Eden: 245760K(245760K)->0K(245760K) From: 6656K(6656K)->16416K(20992K)
[806.398s][info][gc,heap        ] GC(2275) ParOldGen: 265769K(266240K)->266345K(266752K)
[806.398s][info][gc,metaspace   ] GC(2275) Metaspace: 35668K(36416K)->35668K(36416K) NonClass: 26453K(27008K)->26453K(27008K) Class: 9215K(9408K)->9215K(9408K)
[806.398s][info][gc             ] GC(2275) Pause Young (Allocation Failure) 506M->276M(521M) 30.251ms
[806.398s][info][gc,cpu         ] GC(2275) User=0.06s Sys=0.00s Real=0.03s
[806.539s][info][gc,start       ] GC(2276) Pause Young (Allocation Failure)
[806.541s][info][gc,heap        ] GC(2276) PSYoungGen: 262176K(266752K)->64K(310784K) Eden: 245760K(245760K)->0K(286720K) From: 16416K(20992K)->64K(24064K)
[806.541s][info][gc,heap        ] GC(2276) ParOldGen: 266345K(266752K)->266353K(266752K)
[806.541s][info][gc,metaspace   ] GC(2276) Metaspace: 35668K(36416K)->35668K(36416K) NonClass: 26453K(27008K)->26453K(27008K) Class: 9215K(9408K)->9215K(9408K)
[806.541s][info][gc             ] GC(2276) Pause Young (Allocation Failure) 516M->260M(564M) 1.177ms
[806.541s][info][gc,cpu         ] GC(2276) User=0.00s Sys=0.00s Real=0.00s
[807.219s][info][gc,start       ] GC(2277) Pause Young (Allocation Failure)
[807.220s][info][gc,heap        ] GC(2277) PSYoungGen: 286784K(310784K)->64K(287232K) Eden: 286720K(286720K)->0K(286720K) From: 64K(24064K)->64K(512K)
[807.220s][info][gc,heap        ] GC(2277) ParOldGen: 266353K(266752K)->266369K(266752K)
[807.220s][info][gc,metaspace   ] GC(2277) Metaspace: 35668K(36416K)->35668K(36416K) NonClass: 26453K(27008K)->26453K(27008K) Class: 9215K(9408K)->9215K(9408K)
[807.220s][info][gc             ] GC(2277) Pause Young (Allocation Failure) 540M->260M(541M) 1.168ms
[807.220s][info][gc,cpu         ] GC(2277) User=0.00s Sys=0.00s Real=0.00s
[807.709s][info][gc,start       ] GC(2278) Pause Young (Allocation Failure)
[807.710s][info][gc,heap        ] GC(2278) PSYoungGen: 286784K(287232K)->64K(310272K) Eden: 286720K(286720K)->0K(287744K) From: 64K(512K)->64K(22528K)
[807.710s][info][gc,heap        ] GC(2278) ParOldGen: 266369K(266752K)->266369K(266752K)
[807.710s][info][gc,metaspace   ] GC(2278) Metaspace: 35668K(36416K)->35668K(36416K) NonClass: 26453K(27008K)->26453K(27008K) Class: 9215K(9408K)->9215K(9408K)
[807.710s][info][gc             ] GC(2278) Pause Young (Allocation Failure) 540M->260M(563M) 1.136ms
[807.710s][info][gc,cpu         ] GC(2278) User=0.00s Sys=0.00s Real=0.00s
[807.946s][info][gc,start       ] GC(2279) Pause Young (Allocation Failure)
[807.947s][info][gc,heap        ] GC(2279) PSYoungGen: 287808K(310272K)->64K(309248K) Eden: 287744K(287744K)->0K(287744K) From: 64K(22528K)->64K(21504K)
[807.947s][info][gc,heap        ] GC(2279) ParOldGen: 266369K(266752K)->266385K(266752K)
[807.947s][info][gc,metaspace   ] GC(2279) Metaspace: 35668K(36416K)->35668K(36416K) NonClass: 26453K(27008K)->26453K(27008K) Class: 9215K(9408K)->9215K(9408K)
[807.947s][info][gc             ] GC(2279) Pause Young (Allocation Failure) 541M->260M(562M) 1.124ms
[807.947s][info][gc,cpu         ] GC(2279) User=0.01s Sys=0.00s Real=0.01s
[808.185s][info][gc,start       ] GC(2280) Pause Young (Allocation Failure)
[808.186s][info][gc,heap        ] GC(2280) PSYoungGen: 287808K(309248K)->64K(311296K) Eden: 287744K(287744K)->0K(290816K) From: 64K(21504K)->64K(20480K)
[808.186s][info][gc,heap        ] GC(2280) ParOldGen: 266385K(266752K)->266385K(266752K)
[808.186s][info][gc,metaspace   ] GC(2280) Metaspace: 35668K(36416K)->35668K(36416K) NonClass: 26453K(27008K)->26453K(27008K) Class: 9215K(9408K)->9215K(9408K)
[808.186s][info][gc             ] GC(2280) Pause Young (Allocation Failure) 541M->260M(564M) 1.037ms
[808.186s][info][gc,cpu         ] GC(2280) User=0.00s Sys=0.00s Real=0.00s
[808.546s][info][gc,start       ] GC(2281) Pause Young (Allocation Failure)
[808.547s][info][gc,heap        ] GC(2281) PSYoungGen: 290880K(311296K)->64K(310272K) Eden: 290816K(290816K)->0K(290816K) From: 64K(20480K)->64K(19456K)
[808.547s][info][gc,heap        ] GC(2281) ParOldGen: 266385K(266752K)->266385K(266752K)
[808.547s][info][gc,metaspace   ] GC(2281) Metaspace: 35668K(36416K)->35668K(36416K) NonClass: 26453K(27008K)->26453K(27008K) Class: 9215K(9408K)->9215K(9408K)
[808.547s][info][gc             ] GC(2281) Pause Young (Allocation Failure) 544M->260M(563M) 0.956ms
[808.547s][info][gc,cpu         ] GC(2281) User=0.00s Sys=0.00s Real=0.00s
[808.596s][info][gc,start       ] GC(2282) Pause Young (Allocation Failure)
[808.597s][info][gc,heap        ] GC(2282) PSYoungGen: 290880K(310272K)->64K(312832K) Eden: 290816K(290816K)->0K(294400K) From: 64K(19456K)->64K(18432K)
[808.597s][info][gc,heap        ] GC(2282) ParOldGen: 266385K(266752K)->266401K(266752K)
[808.597s][info][gc,metaspace   ] GC(2282) Metaspace: 35668K(36416K)->35668K(36416K) NonClass: 26453K(27008K)->26453K(27008K) Class: 9215K(9408K)->9215K(9408K)
[808.597s][info][gc             ] GC(2282) Pause Young (Allocation Failure) 544M->260M(566M) 0.976ms
[808.597s][info][gc,cpu         ] GC(2282) User=0.00s Sys=0.00s Real=0.01s
[808.649s][info][gc,start       ] GC(2283) Pause Young (Allocation Failure)
[808.650s][info][gc,heap        ] GC(2283) PSYoungGen: 294464K(312832K)->64K(312320K) Eden: 294400K(294400K)->0K(294400K) From: 64K(18432K)->64K(17920K)
[808.650s][info][gc,heap        ] GC(2283) ParOldGen: 266401K(266752K)->266401K(266752K)
[808.650s][info][gc,metaspace   ] GC(2283) Metaspace: 35668K(36416K)->35668K(36416K) NonClass: 26453K(27008K)->26453K(27008K) Class: 9215K(9408K)->9215K(9408K)
[808.650s][info][gc             ] GC(2283) Pause Young (Allocation Failure) 547M->260M(565M) 0.993ms
[808.650s][info][gc,cpu         ] GC(2283) User=0.00s Sys=0.00s Real=0.00s
[808.864s][info][gc,start       ] GC(2284) Pause Young (Allocation Failure)
[808.865s][info][gc,heap        ] GC(2284) PSYoungGen: 294464K(312320K)->64K(314880K) Eden: 294400K(294400K)->0K(298496K) From: 64K(17920K)->64K(16384K)
[808.865s][info][gc,heap        ] GC(2284) ParOldGen: 266401K(266752K)->266401K(266752K)
[808.865s][info][gc,metaspace   ] GC(2284) Metaspace: 35668K(36416K)->35668K(36416K) NonClass: 26453K(27008K)->26453K(27008K) Class: 9215K(9408K)->9215K(9408K)
[808.865s][info][gc             ] GC(2284) Pause Young (Allocation Failure) 547M->260M(568M) 1.020ms
[808.865s][info][gc,cpu         ] GC(2284) User=0.00s Sys=0.00s Real=0.00s
[809.094s][info][gc,start       ] GC(2285) Pause Young (Allocation Failure)
[809.095s][info][gc,heap        ] GC(2285) PSYoungGen: 298560K(314880K)->64K(314368K) Eden: 298496K(298496K)->0K(298496K) From: 64K(16384K)->64K(15872K)
[809.095s][info][gc,heap        ] GC(2285) ParOldGen: 266401K(266752K)->266409K(266752K)
[809.095s][info][gc,metaspace   ] GC(2285) Metaspace: 35676K(36416K)->35676K(36416K) NonClass: 26461K(27008K)->26461K(27008K) Class: 9215K(9408K)->9215K(9408K)
[809.095s][info][gc             ] GC(2285) Pause Young (Allocation Failure) 551M->260M(567M) 1.154ms
[809.095s][info][gc,cpu         ] GC(2285) User=0.01s Sys=0.00s Real=0.00s
[809.193s][info][gc,start       ] GC(2286) Pause Young (Allocation Failure)
[809.194s][info][gc,heap        ] GC(2286) PSYoungGen: 298560K(314368K)->64K(316928K) Eden: 298496K(298496K)->0K(302592K) From: 64K(15872K)->64K(14336K)
[809.194s][info][gc,heap        ] GC(2286) ParOldGen: 266409K(266752K)->266417K(266752K)
[809.194s][info][gc,metaspace   ] GC(2286) Metaspace: 35676K(36416K)->35676K(36416K) NonClass: 26461K(27008K)->26461K(27008K) Class: 9215K(9408K)->9215K(9408K)
[809.194s][info][gc             ] GC(2286) Pause Young (Allocation Failure) 551M->260M(570M) 1.003ms
[809.195s][info][gc,cpu         ] GC(2286) User=0.00s Sys=0.00s Real=0.00s
[809.317s][info][gc,start       ] GC(2287) Pause Young (Allocation Failure)
[809.318s][info][gc,heap        ] GC(2287) PSYoungGen: 302656K(316928K)->64K(316416K) Eden: 302592K(302592K)->0K(302592K) From: 64K(14336K)->64K(13824K)
[809.318s][info][gc,heap        ] GC(2287) ParOldGen: 266417K(266752K)->266425K(266752K)
[809.318s][info][gc,metaspace   ] GC(2287) Metaspace: 35676K(36416K)->35676K(36416K) NonClass: 26461K(27008K)->26461K(27008K) Class: 9215K(9408K)->9215K(9408K)
[809.318s][info][gc             ] GC(2287) Pause Young (Allocation Failure) 555M->260M(569M) 0.999ms
[809.318s][info][gc,cpu         ] GC(2287) User=0.01s Sys=0.00s Real=0.01s
[809.700s][info][gc,start       ] GC(2288) Pause Young (Allocation Failure)
[809.700s][info][gc,heap        ] GC(2288) PSYoungGen: 302656K(316416K)->64K(291328K) Eden: 302592K(302592K)->0K(290816K) From: 64K(13824K)->64K(512K)
[809.701s][info][gc,heap        ] GC(2288) ParOldGen: 266425K(266752K)->266433K(266752K)
[809.701s][info][gc,metaspace   ] GC(2288) Metaspace: 35676K(36416K)->35676K(36416K) NonClass: 26461K(27008K)->26461K(27008K) Class: 9215K(9408K)->9215K(9408K)
[809.701s][info][gc             ] GC(2288) Pause Young (Allocation Failure) 555M->260M(545M) 1.003ms
[809.701s][info][gc,cpu         ] GC(2288) User=0.00s Sys=0.00s Real=0.00s
[810.331s][info][gc,start       ] GC(2289) Pause Young (Allocation Failure)
[810.332s][info][gc,heap        ] GC(2289) PSYoungGen: 290880K(291328K)->64K(291840K) Eden: 290816K(290816K)->0K(279552K) From: 64K(512K)->64K(12288K)
[810.332s][info][gc,heap        ] GC(2289) ParOldGen: 266433K(266752K)->266441K(266752K)
[810.332s][info][gc,metaspace   ] GC(2289) Metaspace: 35676K(36416K)->35676K(36416K) NonClass: 26461K(27008K)->26461K(27008K) Class: 9215K(9408K)->9215K(9408K)
[810.332s][info][gc             ] GC(2289) Pause Young (Allocation Failure) 544M->260M(545M) 1.010ms
[810.332s][info][gc,cpu         ] GC(2289) User=0.00s Sys=0.00s Real=0.00s
[811.274s][info][gc,start       ] GC(2290) Pause Young (Allocation Failure)
[811.275s][info][gc,heap        ] GC(2290) PSYoungGen: 279616K(291840K)->64K(269312K) Eden: 279552K(279552K)->0K(268800K) From: 64K(12288K)->64K(512K)
[811.275s][info][gc,heap        ] GC(2290) ParOldGen: 266441K(266752K)->266449K(266752K)
[811.275s][info][gc,metaspace   ] GC(2290) Metaspace: 35676K(36416K)->35676K(36416K) NonClass: 26461K(27008K)->26461K(27008K) Class: 9215K(9408K)->9215K(9408K)
[811.275s][info][gc             ] GC(2290) Pause Young (Allocation Failure) 533M->260M(523M) 1.050ms
[811.275s][info][gc,cpu         ] GC(2290) User=0.01s Sys=0.00s Real=0.00s
[811.714s][info][gc,start       ] GC(2291) Pause Young (Allocation Failure)
[811.715s][info][gc,heap        ] GC(2291) PSYoungGen: 268864K(269312K)->64K(269312K) Eden: 268800K(268800K)->0K(258560K) From: 64K(512K)->64K(10752K)
[811.715s][info][gc,heap        ] GC(2291) ParOldGen: 266449K(266752K)->266457K(266752K)
[811.715s][info][gc,metaspace   ] GC(2291) Metaspace: 35676K(36416K)->35676K(36416K) NonClass: 26461K(27008K)->26461K(27008K) Class: 9215K(9408K)->9215K(9408K)
[811.715s][info][gc             ] GC(2291) Pause Young (Allocation Failure) 522M->260M(523M) 0.970ms
[811.715s][info][gc,cpu         ] GC(2291) User=0.01s Sys=0.00s Real=0.00s
[812.691s][info][gc,start       ] GC(2292) Pause Young (Allocation Failure)
[812.692s][info][gc,heap        ] GC(2292) PSYoungGen: 258624K(269312K)->64K(249344K) Eden: 258560K(258560K)->0K(248832K) From: 64K(10752K)->64K(512K)
[812.693s][info][gc,heap        ] GC(2292) ParOldGen: 266457K(266752K)->266465K(266752K)
[812.693s][info][gc,metaspace   ] GC(2292) Metaspace: 35676K(36416K)->35676K(36416K) NonClass: 26461K(27008K)->26461K(27008K) Class: 9215K(9408K)->9215K(9408K)
[812.693s][info][gc             ] GC(2292) Pause Young (Allocation Failure) 512M->260M(504M) 1.299ms
[812.693s][info][gc,cpu         ] GC(2292) User=0.00s Sys=0.00s Real=0.00s
[813.032s][info][gc,start       ] GC(2293) Pause Young (Allocation Failure)
[813.033s][info][gc,heap        ] GC(2293) PSYoungGen: 248896K(249344K)->32K(248832K) Eden: 248832K(248832K)->0K(239616K) From: 64K(512K)->32K(9216K)
[813.033s][info][gc,heap        ] GC(2293) ParOldGen: 266465K(266752K)->266473K(266752K)
[813.033s][info][gc,metaspace   ] GC(2293) Metaspace: 35676K(36416K)->35676K(36416K) NonClass: 26461K(27008K)->26461K(27008K) Class: 9215K(9408K)->9215K(9408K)
[813.033s][info][gc             ] GC(2293) Pause Young (Allocation Failure) 503M->260M(503M) 1.534ms
[813.033s][info][gc,cpu         ] GC(2293) User=0.00s Sys=0.00s Real=0.00s
[813.168s][info][gc,start       ] GC(2294) Pause Young (Allocation Failure)
[813.170s][info][gc,heap        ] GC(2294) PSYoungGen: 239648K(248832K)->32K(230912K) Eden: 239616K(239616K)->0K(230400K) From: 32K(9216K)->32K(512K)
[813.170s][info][gc,heap        ] GC(2294) ParOldGen: 266473K(266752K)->266481K(266752K)
[813.170s][info][gc,metaspace   ] GC(2294) Metaspace: 35676K(36416K)->35676K(36416K) NonClass: 26461K(27008K)->26461K(27008K) Class: 9215K(9408K)->9215K(9408K)
[813.170s][info][gc             ] GC(2294) Pause Young (Allocation Failure) 494M->260M(486M) 1.951ms
[813.170s][info][gc,cpu         ] GC(2294) User=0.00s Sys=0.00s Real=0.00s
[813.385s][info][gc,start       ] GC(2295) Pause Young (Allocation Failure)
[813.386s][info][gc,heap        ] GC(2295) PSYoungGen: 230432K(230912K)->64K(229888K) Eden: 230400K(230400K)->0K(221696K) From: 32K(512K)->64K(8192K)
[813.386s][info][gc,heap        ] GC(2295) ParOldGen: 266481K(266752K)->266489K(266752K)
[813.386s][info][gc,metaspace   ] GC(2295) Metaspace: 35676K(36416K)->35676K(36416K) NonClass: 26461K(27008K)->26461K(27008K) Class: 9215K(9408K)->9215K(9408K)
[813.386s][info][gc             ] GC(2295) Pause Young (Allocation Failure) 485M->260M(485M) 1.118ms
[813.386s][info][gc,cpu         ] GC(2295) User=0.00s Sys=0.00s Real=0.00s
[813.809s][info][gc,start       ] GC(2296) Pause Young (Allocation Failure)
[813.811s][info][gc,heap        ] GC(2296) PSYoungGen: 221760K(229888K)->64K(214016K) Eden: 221696K(221696K)->0K(213504K) From: 64K(8192K)->64K(512K)
[813.811s][info][gc,heap        ] GC(2296) ParOldGen: 266489K(266752K)->266497K(266752K)
[813.811s][info][gc,metaspace   ] GC(2296) Metaspace: 35676K(36416K)->35676K(36416K) NonClass: 26461K(27008K)->26461K(27008K) Class: 9215K(9408K)->9215K(9408K)
[813.811s][info][gc             ] GC(2296) Pause Young (Allocation Failure) 476M->260M(469M) 2.109ms
[813.811s][info][gc,cpu         ] GC(2296) User=0.00s Sys=0.00s Real=0.00s
[814.050s][info][gc,start       ] GC(2297) Pause Young (Allocation Failure)
[814.051s][info][gc,heap        ] GC(2297) PSYoungGen: 213568K(214016K)->64K(212992K) Eden: 213504K(213504K)->0K(205824K) From: 64K(512K)->64K(7168K)
[814.051s][info][gc,heap        ] GC(2297) ParOldGen: 266497K(266752K)->266505K(266752K)
[814.051s][info][gc,metaspace   ] GC(2297) Metaspace: 35676K(36416K)->35676K(36416K) NonClass: 26461K(27008K)->26461K(27008K) Class: 9215K(9408K)->9215K(9408K)
[814.051s][info][gc             ] GC(2297) Pause Young (Allocation Failure) 468M->260M(468M) 1.534ms
[814.051s][info][gc,cpu         ] GC(2297) User=0.00s Sys=0.00s Real=0.00s
[814.330s][info][gc,start       ] GC(2298) Pause Young (Allocation Failure)
[814.366s][info][gc,heap        ] GC(2298) PSYoungGen: 205888K(212992K)->6656K(252928K) Eden: 205824K(205824K)->0K(246272K) From: 64K(7168K)->6656K(6656K)
[814.366s][info][gc,heap        ] GC(2298) ParOldGen: 266505K(266752K)->278049K(278528K)
[814.366s][info][gc,metaspace   ] GC(2298) Metaspace: 35676K(36416K)->35676K(36416K) NonClass: 26461K(27008K)->26461K(27008K) Class: 9215K(9408K)->9215K(9408K)
[814.366s][info][gc             ] GC(2298) Pause Young (Allocation Failure) 461M->278M(519M) 36.531ms
[814.366s][info][gc,cpu         ] GC(2298) User=0.05s Sys=0.01s Real=0.03s
[814.652s][info][gc,start       ] GC(2299) Pause Young (Allocation Failure)
[814.705s][info][gc,heap        ] GC(2299) PSYoungGen: 252928K(252928K)->12288K(270848K) Eden: 246272K(246272K)->0K(258560K) From: 6656K(6656K)->12288K(12288K)
[814.705s][info][gc,heap        ] GC(2299) ParOldGen: 278049K(278528K)->293777K(293888K)
[814.705s][info][gc,metaspace   ] GC(2299) Metaspace: 35676K(36416K)->35676K(36416K) NonClass: 26461K(27008K)->26461K(27008K) Class: 9215K(9408K)->9215K(9408K)
[814.705s][info][gc             ] GC(2299) Pause Young (Allocation Failure) 518M->298M(551M) 53.275ms
[814.705s][info][gc,cpu         ] GC(2299) User=0.09s Sys=0.01s Real=0.05s
[814.907s][info][gc,start       ] GC(2300) Pause Young (Allocation Failure)
[814.943s][info][gc,heap        ] GC(2300) PSYoungGen: 270848K(270848K)->16736K(307712K) Eden: 258560K(258560K)->0K(286720K) From: 12288K(12288K)->16736K(20992K)
[814.944s][info][gc,heap        ] GC(2300) ParOldGen: 293777K(293888K)->294201K(294400K)
[814.944s][info][gc,metaspace   ] GC(2300) Metaspace: 35676K(36416K)->35676K(36416K) NonClass: 26461K(27008K)->26461K(27008K) Class: 9215K(9408K)->9215K(9408K)
[814.944s][info][gc             ] GC(2300) Pause Young (Allocation Failure) 551M->303M(588M) 36.537ms
[814.944s][info][gc,cpu         ] GC(2300) User=0.07s Sys=0.01s Real=0.03s
[815.202s][info][gc,start       ] GC(2301) Pause Young (Allocation Failure)
[815.204s][info][gc,heap        ] GC(2301) PSYoungGen: 303456K(307712K)->64K(310272K) Eden: 286720K(286720K)->0K(286720K) From: 16736K(20992K)->64K(23552K)
[815.204s][info][gc,heap        ] GC(2301) ParOldGen: 294201K(294400K)->294209K(294400K)
[815.204s][info][gc,metaspace   ] GC(2301) Metaspace: 35676K(36416K)->35676K(36416K) NonClass: 26461K(27008K)->26461K(27008K) Class: 9215K(9408K)->9215K(9408K)
[815.204s][info][gc             ] GC(2301) Pause Young (Allocation Failure) 583M->287M(590M) 1.158ms
[815.204s][info][gc,cpu         ] GC(2301) User=0.00s Sys=0.00s Real=0.00s
[815.810s][info][gc,start       ] GC(2302) Pause Young (Allocation Failure)
[815.811s][info][gc,heap        ] GC(2302) PSYoungGen: 286784K(310272K)->64K(308736K) Eden: 286720K(286720K)->0K(287232K) From: 64K(23552K)->64K(21504K)
[815.811s][info][gc,heap        ] GC(2302) ParOldGen: 294209K(294400K)->294217K(294400K)
[815.811s][info][gc,metaspace   ] GC(2302) Metaspace: 35676K(36416K)->35676K(36416K) NonClass: 26461K(27008K)->26461K(27008K) Class: 9215K(9408K)->9215K(9408K)
[815.811s][info][gc             ] GC(2302) Pause Young (Allocation Failure) 567M->287M(589M) 1.139ms
[815.811s][info][gc,cpu         ] GC(2302) User=0.00s Sys=0.00s Real=0.00s
[816.281s][info][gc,start       ] GC(2303) Pause Young (Allocation Failure)
[816.282s][info][gc,heap        ] GC(2303) PSYoungGen: 287296K(308736K)->64K(309760K) Eden: 287232K(287232K)->0K(287232K) From: 64K(21504K)->64K(22528K)
[816.282s][info][gc,heap        ] GC(2303) ParOldGen: 294217K(294400K)->294233K(294400K)
[816.282s][info][gc,metaspace   ] GC(2303) Metaspace: 35676K(36416K)->35676K(36416K) NonClass: 26461K(27008K)->26461K(27008K) Class: 9215K(9408K)->9215K(9408K)
[816.282s][info][gc             ] GC(2303) Pause Young (Allocation Failure) 567M->287M(590M) 1.166ms
[816.282s][info][gc,cpu         ] GC(2303) User=0.00s Sys=0.00s Real=0.00s
[816.519s][info][gc,start       ] GC(2304) Pause Young (Allocation Failure)
[816.520s][info][gc,heap        ] GC(2304) PSYoungGen: 287296K(309760K)->32K(309248K) Eden: 287232K(287232K)->0K(289792K) From: 64K(22528K)->32K(19456K)
[816.520s][info][gc,heap        ] GC(2304) ParOldGen: 294233K(294400K)->294249K(294400K)
[816.520s][info][gc,metaspace   ] GC(2304) Metaspace: 35676K(36416K)->35676K(36416K) NonClass: 26461K(27008K)->26461K(27008K) Class: 9215K(9408K)->9215K(9408K)
[816.520s][info][gc             ] GC(2304) Pause Young (Allocation Failure) 567M->287M(589M) 1.153ms
[816.520s][info][gc,cpu         ] GC(2304) User=0.00s Sys=0.00s Real=0.00s
[816.760s][info][gc,start       ] GC(2305) Pause Young (Allocation Failure)
[816.761s][info][gc,heap        ] GC(2305) PSYoungGen: 289824K(309248K)->64K(310272K) Eden: 289792K(289792K)->0K(289792K) From: 32K(19456K)->64K(20480K)
[816.761s][info][gc,heap        ] GC(2305) ParOldGen: 294249K(294400K)->294249K(294400K)
[816.761s][info][gc,metaspace   ] GC(2305) Metaspace: 35676K(36416K)->35676K(36416K) NonClass: 26461K(27008K)->26461K(27008K) Class: 9215K(9408K)->9215K(9408K)
[816.761s][info][gc             ] GC(2305) Pause Young (Allocation Failure) 570M->287M(590M) 1.178ms
[816.761s][info][gc,cpu         ] GC(2305) User=0.01s Sys=0.00s Real=0.00s
[817.084s][info][gc,start       ] GC(2306) Pause Young (Allocation Failure)
[817.086s][info][gc,heap        ] GC(2306) PSYoungGen: 289856K(310272K)->64K(311296K) Eden: 289792K(289792K)->0K(293888K) From: 64K(20480K)->64K(17408K)
[817.086s][info][gc,heap        ] GC(2306) ParOldGen: 294249K(294400K)->294249K(294400K)
[817.086s][info][gc,metaspace   ] GC(2306) Metaspace: 35676K(36416K)->35676K(36416K) NonClass: 26461K(27008K)->26461K(27008K) Class: 9215K(9408K)->9215K(9408K)
[817.086s][info][gc             ] GC(2306) Pause Young (Allocation Failure) 570M->287M(591M) 1.071ms
[817.086s][info][gc,cpu         ] GC(2306) User=0.00s Sys=0.00s Real=0.00s
[817.139s][info][gc,start       ] GC(2307) Pause Young (Allocation Failure)
[817.140s][info][gc,heap        ] GC(2307) PSYoungGen: 293952K(311296K)->64K(312320K) Eden: 293888K(293888K)->0K(293888K) From: 64K(17408K)->64K(18432K)
[817.140s][info][gc,heap        ] GC(2307) ParOldGen: 294249K(294400K)->294265K(294400K)
[817.140s][info][gc,metaspace   ] GC(2307) Metaspace: 35676K(36416K)->35676K(36416K) NonClass: 26461K(27008K)->26461K(27008K) Class: 9215K(9408K)->9215K(9408K)
[817.140s][info][gc             ] GC(2307) Pause Young (Allocation Failure) 574M->287M(592M) 1.055ms
[817.140s][info][gc,cpu         ] GC(2307) User=0.00s Sys=0.00s Real=0.00s
[817.199s][info][gc,start       ] GC(2308) Pause Young (Allocation Failure)
[817.200s][info][gc,heap        ] GC(2308) PSYoungGen: 293952K(312320K)->64K(314368K) Eden: 293888K(293888K)->0K(297984K) From: 64K(18432K)->64K(16384K)
[817.200s][info][gc,heap        ] GC(2308) ParOldGen: 294265K(294400K)->294265K(294400K)
[817.200s][info][gc,metaspace   ] GC(2308) Metaspace: 35676K(36416K)->35676K(36416K) NonClass: 26461K(27008K)->26461K(27008K) Class: 9215K(9408K)->9215K(9408K)
[817.200s][info][gc             ] GC(2308) Pause Young (Allocation Failure) 574M->287M(594M) 1.059ms
[817.200s][info][gc,cpu         ] GC(2308) User=0.00s Sys=0.00s Real=0.00s
[817.447s][info][gc,start       ] GC(2309) Pause Young (Allocation Failure)
[817.448s][info][gc,heap        ] GC(2309) PSYoungGen: 298048K(314368K)->64K(314880K) Eden: 297984K(297984K)->0K(297984K) From: 64K(16384K)->64K(16896K)
[817.448s][info][gc,heap        ] GC(2309) ParOldGen: 294265K(294400K)->294281K(294400K)
[817.448s][info][gc,metaspace   ] GC(2309) Metaspace: 35676K(36416K)->35676K(36416K) NonClass: 26461K(27008K)->26461K(27008K) Class: 9215K(9408K)->9215K(9408K)
[817.448s][info][gc             ] GC(2309) Pause Young (Allocation Failure) 578M->287M(595M) 1.044ms
[817.448s][info][gc,cpu         ] GC(2309) User=0.00s Sys=0.00s Real=0.01s
[817.659s][info][gc,start       ] GC(2310) Pause Young (Allocation Failure)
[817.660s][info][gc,heap        ] GC(2310) PSYoungGen: 298048K(314880K)->64K(315392K) Eden: 297984K(297984K)->0K(301056K) From: 64K(16896K)->64K(14336K)
[817.660s][info][gc,heap        ] GC(2310) ParOldGen: 294281K(294400K)->294281K(294400K)
[817.660s][info][gc,metaspace   ] GC(2310) Metaspace: 35676K(36416K)->35676K(36416K) NonClass: 26461K(27008K)->26461K(27008K) Class: 9215K(9408K)->9215K(9408K)
[817.660s][info][gc             ] GC(2310) Pause Young (Allocation Failure) 578M->287M(595M) 1.049ms
[817.660s][info][gc,cpu         ] GC(2310) User=0.00s Sys=0.00s Real=0.00s
[817.743s][info][gc,start       ] GC(2311) Pause Young (Allocation Failure)
[817.744s][info][gc,heap        ] GC(2311) PSYoungGen: 301120K(315392K)->64K(315904K) Eden: 301056K(301056K)->0K(301056K) From: 64K(14336K)->64K(14848K)
[817.745s][info][gc,heap        ] GC(2311) ParOldGen: 294281K(294400K)->294297K(294400K)
[817.745s][info][gc,metaspace   ] GC(2311) Metaspace: 35676K(36416K)->35676K(36416K) NonClass: 26461K(27008K)->26461K(27008K) Class: 9215K(9408K)->9215K(9408K)
[817.745s][info][gc             ] GC(2311) Pause Young (Allocation Failure) 581M->287M(596M) 1.095ms
[817.745s][info][gc,cpu         ] GC(2311) User=0.01s Sys=0.00s Real=0.00s
[817.880s][info][gc,start       ] GC(2312) Pause Young (Allocation Failure)
[817.881s][info][gc,heap        ] GC(2312) PSYoungGen: 301120K(315904K)->64K(318464K) Eden: 301056K(301056K)->0K(305152K) From: 64K(14848K)->64K(13312K)
[817.881s][info][gc,heap        ] GC(2312) ParOldGen: 294297K(294400K)->294297K(294400K)
[817.881s][info][gc,metaspace   ] GC(2312) Metaspace: 35676K(36416K)->35676K(36416K) NonClass: 26461K(27008K)->26461K(27008K) Class: 9215K(9408K)->9215K(9408K)
[817.881s][info][gc             ] GC(2312) Pause Young (Allocation Failure) 581M->287M(598M) 1.041ms
[817.881s][info][gc,cpu         ] GC(2312) User=0.00s Sys=0.00s Real=0.00s
[818.833s][info][gc,start       ] GC(2313) Pause Young (Allocation Failure)
[818.835s][info][gc,heap        ] GC(2313) PSYoungGen: 305216K(318464K)->64K(293376K) Eden: 305152K(305152K)->0K(292864K) From: 64K(13312K)->64K(512K)
[818.835s][info][gc,heap        ] GC(2313) ParOldGen: 294297K(294400K)->294305K(294400K)
[818.835s][info][gc,metaspace   ] GC(2313) Metaspace: 35676K(36416K)->35676K(36416K) NonClass: 26461K(27008K)->26461K(27008K) Class: 9215K(9408K)->9215K(9408K)
[818.835s][info][gc             ] GC(2313) Pause Young (Allocation Failure) 585M->287M(574M) 1.918ms
[818.835s][info][gc,cpu         ] GC(2313) User=0.00s Sys=0.01s Real=0.00s
[819.645s][info][gc,start       ] GC(2314) Pause Young (Allocation Failure)
[819.646s][info][gc,heap        ] GC(2314) PSYoungGen: 292928K(293376K)->64K(282112K) Eden: 292864K(292864K)->0K(281600K) From: 64K(512K)->64K(512K)
[819.646s][info][gc,heap        ] GC(2314) ParOldGen: 294305K(294400K)->294313K(294400K)
[819.646s][info][gc,metaspace   ] GC(2314) Metaspace: 35676K(36416K)->35676K(36416K) NonClass: 26461K(27008K)->26461K(27008K) Class: 9215K(9408K)->9215K(9408K)
[819.646s][info][gc             ] GC(2314) Pause Young (Allocation Failure) 573M->287M(563M) 1.451ms
[819.646s][info][gc,cpu         ] GC(2314) User=0.00s Sys=0.00s Real=0.00s
[819.908s][info][gc,start       ] GC(2315) Pause Young (Allocation Failure)
[819.909s][info][gc,heap        ] GC(2315) PSYoungGen: 281664K(282112K)->64K(282624K) Eden: 281600K(281600K)->0K(270848K) From: 64K(512K)->64K(11776K)
[819.909s][info][gc,heap        ] GC(2315) ParOldGen: 294313K(294400K)->294321K(294400K)
[819.909s][info][gc,metaspace   ] GC(2315) Metaspace: 35676K(36416K)->35676K(36416K) NonClass: 26461K(27008K)->26461K(27008K) Class: 9215K(9408K)->9215K(9408K)
[819.909s][info][gc             ] GC(2315) Pause Young (Allocation Failure) 562M->287M(563M) 1.019ms
[819.909s][info][gc,cpu         ] GC(2315) User=0.00s Sys=0.00s Real=0.00s
[820.369s][info][gc,start       ] GC(2316) Pause Young (Allocation Failure)
[820.371s][info][gc,heap        ] GC(2316) PSYoungGen: 270912K(282624K)->64K(261120K) Eden: 270848K(270848K)->0K(260608K) From: 64K(11776K)->64K(512K)
[820.371s][info][gc,heap        ] GC(2316) ParOldGen: 294321K(294400K)->294329K(294400K)
[820.371s][info][gc,metaspace   ] GC(2316) Metaspace: 35676K(36416K)->35676K(36416K) NonClass: 26461K(27008K)->26461K(27008K) Class: 9215K(9408K)->9215K(9408K)
[820.371s][info][gc             ] GC(2316) Pause Young (Allocation Failure) 551M->287M(542M) 1.598ms
[820.371s][info][gc,cpu         ] GC(2316) User=0.00s Sys=0.00s Real=0.00s
[821.286s][info][gc,start       ] GC(2317) Pause Young (Allocation Failure)
[821.288s][info][gc,heap        ] GC(2317) PSYoungGen: 260672K(261120K)->64K(261120K) Eden: 260608K(260608K)->0K(250880K) From: 64K(512K)->64K(10240K)
[821.288s][info][gc,heap        ] GC(2317) ParOldGen: 294329K(294400K)->294337K(294400K)
[821.288s][info][gc,metaspace   ] GC(2317) Metaspace: 35676K(36416K)->35676K(36416K) NonClass: 26461K(27008K)->26461K(27008K) Class: 9215K(9408K)->9215K(9408K)
[821.288s][info][gc             ] GC(2317) Pause Young (Allocation Failure) 541M->287M(542M) 1.847ms
[821.288s][info][gc,cpu         ] GC(2317) User=0.01s Sys=0.00s Real=0.01s
[821.644s][info][gc,start       ] GC(2318) Pause Young (Allocation Failure)
[821.646s][info][gc,heap        ] GC(2318) PSYoungGen: 250944K(261120K)->32K(241664K) Eden: 250880K(250880K)->0K(241152K) From: 64K(10240K)->32K(512K)
[821.646s][info][gc,heap        ] GC(2318) ParOldGen: 294337K(294400K)->294345K(294400K)
[821.646s][info][gc,metaspace   ] GC(2318) Metaspace: 35676K(36416K)->35676K(36416K) NonClass: 26461K(27008K)->26461K(27008K) Class: 9215K(9408K)->9215K(9408K)
[821.646s][info][gc             ] GC(2318) Pause Young (Allocation Failure) 532M->287M(523M) 2.252ms
[821.646s][info][gc,cpu         ] GC(2318) User=0.00s Sys=0.00s Real=0.00s
[821.719s][info][gc,start       ] GC(2319) Pause Young (Allocation Failure)
[821.720s][info][gc,heap        ] GC(2319) PSYoungGen: 241184K(241664K)->64K(240640K) Eden: 241152K(241152K)->0K(231936K) From: 32K(512K)->64K(8704K)
[821.720s][info][gc,heap        ] GC(2319) ParOldGen: 294345K(294400K)->294353K(294400K)
[821.720s][info][gc,metaspace   ] GC(2319) Metaspace: 35676K(36416K)->35676K(36416K) NonClass: 26461K(27008K)->26461K(27008K) Class: 9215K(9408K)->9215K(9408K)
[821.720s][info][gc             ] GC(2319) Pause Young (Allocation Failure) 522M->287M(522M) 0.924ms
[821.720s][info][gc,cpu         ] GC(2319) User=0.00s Sys=0.00s Real=0.00s
[822.106s][info][gc,start       ] GC(2320) Pause Young (Allocation Failure)
[822.107s][info][gc,heap        ] GC(2320) PSYoungGen: 232000K(240640K)->64K(223744K) Eden: 231936K(231936K)->0K(223232K) From: 64K(8704K)->64K(512K)
[822.108s][info][gc,heap        ] GC(2320) ParOldGen: 294353K(294400K)->294361K(294400K)
[822.108s][info][gc,metaspace   ] GC(2320) Metaspace: 35676K(36416K)->35676K(36416K) NonClass: 26461K(27008K)->26461K(27008K) Class: 9215K(9408K)->9215K(9408K)
[822.108s][info][gc             ] GC(2320) Pause Young (Allocation Failure) 514M->287M(506M) 1.487ms
[822.108s][info][gc,cpu         ] GC(2320) User=0.00s Sys=0.00s Real=0.01s
[822.370s][info][gc,start       ] GC(2321) Pause Young (Allocation Failure)
[822.371s][info][gc,heap        ] GC(2321) PSYoungGen: 223296K(223744K)->64K(222720K) Eden: 223232K(223232K)->0K(215040K) From: 64K(512K)->64K(7680K)
[822.371s][info][gc,heap        ] GC(2321) ParOldGen: 294361K(294400K)->294369K(294400K)
[822.371s][info][gc,metaspace   ] GC(2321) Metaspace: 35676K(36416K)->35676K(36416K) NonClass: 26461K(27008K)->26461K(27008K) Class: 9215K(9408K)->9215K(9408K)
[822.371s][info][gc             ] GC(2321) Pause Young (Allocation Failure) 505M->287M(505M) 1.036ms
[822.371s][info][gc,cpu         ] GC(2321) User=0.01s Sys=0.00s Real=0.00s
[822.719s][info][gc,start       ] GC(2322) Pause Young (Allocation Failure)
[822.726s][info][gc,heap        ] GC(2322) PSYoungGen: 215103K(222720K)->3776K(211456K) Eden: 215039K(215040K)->0K(207360K) From: 64K(7680K)->3776K(4096K)
[822.726s][info][gc,heap        ] GC(2322) ParOldGen: 294369K(294400K)->294385K(294400K)
[822.726s][info][gc,metaspace   ] GC(2322) Metaspace: 35676K(36416K)->35676K(36416K) NonClass: 26461K(27008K)->26461K(27008K) Class: 9215K(9408K)->9215K(9408K)
[822.726s][info][gc             ] GC(2322) Pause Young (Allocation Failure) 497M->291M(494M) 6.691ms
[822.726s][info][gc,cpu         ] GC(2322) User=0.01s Sys=0.00s Real=0.00s
[822.970s][info][gc,start       ] GC(2323) Pause Young (Allocation Failure)
[823.015s][info][gc,heap        ] GC(2323) PSYoungGen: 211136K(211456K)->7680K(255488K) Eden: 207360K(207360K)->0K(247808K) From: 3776K(4096K)->7680K(7680K)
[823.015s][info][gc,heap        ] GC(2323) ParOldGen: 294385K(294400K)->310041K(310272K)
[823.015s][info][gc,metaspace   ] GC(2323) Metaspace: 35676K(36416K)->35676K(36416K) NonClass: 26461K(27008K)->26461K(27008K) Class: 9215K(9408K)->9215K(9408K)
[823.015s][info][gc             ] GC(2323) Pause Young (Allocation Failure) 493M->310M(552M) 44.785ms
[823.015s][info][gc,cpu         ] GC(2323) User=0.07s Sys=0.01s Real=0.04s
[823.302s][info][gc,start       ] GC(2324) Pause Young (Allocation Failure)
[823.358s][info][gc,heap        ] GC(2324) PSYoungGen: 255488K(255488K)->8704K(254976K) Eden: 247808K(247808K)->0K(246272K) From: 7680K(7680K)->8704K(8704K)
[823.358s][info][gc,heap        ] GC(2324) ParOldGen: 310041K(310272K)->329641K(329728K)
[823.358s][info][gc,metaspace   ] GC(2324) Metaspace: 35676K(36416K)->35676K(36416K) NonClass: 26461K(27008K)->26461K(27008K) Class: 9215K(9408K)->9215K(9408K)
[823.358s][info][gc             ] GC(2324) Pause Young (Allocation Failure) 552M->330M(571M) 56.009ms
[823.358s][info][gc,cpu         ] GC(2324) User=0.10s Sys=0.02s Real=0.06s
[823.482s][info][gc,start       ] GC(2325) Pause Young (Allocation Failure)
[823.499s][info][gc,heap        ] GC(2325) PSYoungGen: 254976K(254976K)->7680K(269824K) Eden: 246272K(246272K)->0K(246272K) From: 8704K(8704K)->7680K(23552K)
[823.499s][info][gc,heap        ] GC(2325) ParOldGen: 329641K(329728K)->330169K(330240K)
[823.499s][info][gc,metaspace   ] GC(2325) Metaspace: 35676K(36416K)->35676K(36416K) NonClass: 26461K(27008K)->26461K(27008K) Class: 9215K(9408K)->9215K(9408K)
[823.499s][info][gc             ] GC(2325) Pause Young (Allocation Failure) 570M->329M(586M) 16.949ms
[823.499s][info][gc,cpu         ] GC(2325) User=0.03s Sys=0.00s Real=0.02s
[823.802s][info][gc,start       ] GC(2326) Pause Young (Allocation Failure)
[823.803s][info][gc,heap        ] GC(2326) PSYoungGen: 253952K(269824K)->64K(307200K) Eden: 246272K(246272K)->0K(287744K) From: 7680K(23552K)->64K(19456K)
[823.803s][info][gc,heap        ] GC(2326) ParOldGen: 330169K(330240K)->330177K(330240K)
[823.803s][info][gc,metaspace   ] GC(2326) Metaspace: 35676K(36416K)->35676K(36416K) NonClass: 26461K(27008K)->26461K(27008K) Class: 9215K(9408K)->9215K(9408K)
[823.803s][info][gc             ] GC(2326) Pause Young (Allocation Failure) 570M->322M(622M) 1.262ms
[823.803s][info][gc,cpu         ] GC(2326) User=0.00s Sys=0.00s Real=0.00s
[824.385s][info][gc,start       ] GC(2327) Pause Young (Allocation Failure)
[824.386s][info][gc,heap        ] GC(2327) PSYoungGen: 287808K(307200K)->64K(309248K) Eden: 287744K(287744K)->0K(287744K) From: 64K(19456K)->64K(21504K)
[824.386s][info][gc,heap        ] GC(2327) ParOldGen: 330177K(330240K)->330185K(330240K)
[824.386s][info][gc,metaspace   ] GC(2327) Metaspace: 35676K(36416K)->35676K(36416K) NonClass: 26461K(27008K)->26461K(27008K) Class: 9215K(9408K)->9215K(9408K)
[824.386s][info][gc             ] GC(2327) Pause Young (Allocation Failure) 603M->322M(624M) 1.316ms
[824.386s][info][gc,cpu         ] GC(2327) User=0.00s Sys=0.00s Real=0.00s
[824.845s][info][gc,start       ] GC(2328) Pause Young (Allocation Failure)
[824.846s][info][gc,heap        ] GC(2328) PSYoungGen: 287808K(309248K)->64K(309760K) Eden: 287744K(287744K)->0K(291328K) From: 64K(21504K)->64K(18432K)
[824.846s][info][gc,heap        ] GC(2328) ParOldGen: 330185K(330240K)->330201K(330240K)
[824.846s][info][gc,metaspace   ] GC(2328) Metaspace: 35676K(36416K)->35676K(36416K) NonClass: 26461K(27008K)->26461K(27008K) Class: 9215K(9408K)->9215K(9408K)
[824.846s][info][gc             ] GC(2328) Pause Young (Allocation Failure) 603M->322M(625M) 1.252ms
[824.846s][info][gc,cpu         ] GC(2328) User=0.01s Sys=0.00s Real=0.00s
[825.087s][info][gc,start       ] GC(2329) Pause Young (Allocation Failure)
[825.089s][info][gc,heap        ] GC(2329) PSYoungGen: 291392K(309760K)->64K(311296K) Eden: 291328K(291328K)->0K(291328K) From: 64K(18432K)->64K(19968K)
[825.089s][info][gc,heap        ] GC(2329) ParOldGen: 330201K(330240K)->330217K(330240K)
[825.089s][info][gc,metaspace   ] GC(2329) Metaspace: 35676K(36416K)->35676K(36416K) NonClass: 26461K(27008K)->26461K(27008K) Class: 9215K(9408K)->9215K(9408K)
[825.089s][info][gc             ] GC(2329) Pause Young (Allocation Failure) 607M->322M(626M) 1.173ms
[825.089s][info][gc,cpu         ] GC(2329) User=0.01s Sys=0.00s Real=0.00s
[825.331s][info][gc,start       ] GC(2330) Pause Young (Allocation Failure)
[825.332s][info][gc,heap        ] GC(2330) PSYoungGen: 291392K(311296K)->64K(311296K) Eden: 291328K(291328K)->0K(294400K) From: 64K(19968K)->64K(16896K)
[825.332s][info][gc,heap        ] GC(2330) ParOldGen: 330217K(330240K)->330217K(330240K)
[825.332s][info][gc,metaspace   ] GC(2330) Metaspace: 35676K(36416K)->35676K(36416K) NonClass: 26461K(27008K)->26461K(27008K) Class: 9215K(9408K)->9215K(9408K)
[825.332s][info][gc             ] GC(2330) Pause Young (Allocation Failure) 607M->322M(626M) 1.213ms
[825.332s][info][gc,cpu         ] GC(2330) User=0.00s Sys=0.00s Real=0.00s
[825.636s][info][gc,start       ] GC(2331) Pause Young (Allocation Failure)
[825.637s][info][gc,heap        ] GC(2331) PSYoungGen: 294464K(311296K)->64K(312832K) Eden: 294400K(294400K)->0K(294400K) From: 64K(16896K)->64K(18432K)
[825.637s][info][gc,heap        ] GC(2331) ParOldGen: 330217K(330240K)->330217K(330240K)
[825.637s][info][gc,metaspace   ] GC(2331) Metaspace: 35676K(36416K)->35676K(36416K) NonClass: 26461K(27008K)->26461K(27008K) Class: 9215K(9408K)->9215K(9408K)
[825.637s][info][gc             ] GC(2331) Pause Young (Allocation Failure) 610M->322M(628M) 1.124ms
[825.637s][info][gc,cpu         ] GC(2331) User=0.00s Sys=0.00s Real=0.01s
[825.687s][info][gc,start       ] GC(2332) Pause Young (Allocation Failure)
[825.688s][info][gc,heap        ] GC(2332) PSYoungGen: 294464K(312832K)->64K(313856K) Eden: 294400K(294400K)->0K(297984K) From: 64K(18432K)->64K(15872K)
[825.688s][info][gc,heap        ] GC(2332) ParOldGen: 330217K(330240K)->330233K(330240K)
[825.688s][info][gc,metaspace   ] GC(2332) Metaspace: 35676K(36416K)->35676K(36416K) NonClass: 26461K(27008K)->26461K(27008K) Class: 9215K(9408K)->9215K(9408K)
[825.688s][info][gc             ] GC(2332) Pause Young (Allocation Failure) 610M->322M(629M) 1.033ms
[825.688s][info][gc,cpu         ] GC(2332) User=0.00s Sys=0.00s Real=0.00s
[825.781s][info][gc,start       ] GC(2333) Pause Young (Allocation Failure)
[825.782s][info][gc,heap        ] GC(2333) PSYoungGen: 298048K(313856K)->64K(314880K) Eden: 297984K(297984K)->0K(297984K) From: 64K(15872K)->64K(16896K)
[825.782s][info][gc,heap        ] GC(2333) ParOldGen: 330233K(330240K)->330233K(330240K)
[825.782s][info][gc,metaspace   ] GC(2333) Metaspace: 35676K(36416K)->35676K(36416K) NonClass: 26461K(27008K)->26461K(27008K) Class: 9215K(9408K)->9215K(9408K)
[825.782s][info][gc             ] GC(2333) Pause Young (Allocation Failure) 613M->322M(630M) 1.084ms
[825.782s][info][gc,cpu         ] GC(2333) User=0.00s Sys=0.00s Real=0.00s
[826.026s][info][gc,start       ] GC(2334) Pause Young (Allocation Failure)
[826.027s][info][gc,heap        ] GC(2334) PSYoungGen: 298048K(314880K)->64K(314880K) Eden: 297984K(297984K)->0K(301056K) From: 64K(16896K)->64K(13824K)
[826.027s][info][gc,heap        ] GC(2334) ParOldGen: 330233K(330240K)->330249K(330752K)
[826.027s][info][gc,metaspace   ] GC(2334) Metaspace: 35676K(36416K)->35676K(36416K) NonClass: 26461K(27008K)->26461K(27008K) Class: 9215K(9408K)->9215K(9408K)
[826.027s][info][gc             ] GC(2334) Pause Young (Allocation Failure) 613M->322M(630M) 1.126ms
[826.027s][info][gc,cpu         ] GC(2334) User=0.00s Sys=0.00s Real=0.01s
[826.217s][info][gc,start       ] GC(2335) Pause Young (Allocation Failure)
[826.218s][info][gc,heap        ] GC(2335) PSYoungGen: 301120K(314880K)->64K(315904K) Eden: 301056K(301056K)->0K(301056K) From: 64K(13824K)->64K(14848K)
[826.218s][info][gc,heap        ] GC(2335) ParOldGen: 330249K(330752K)->330249K(330752K)
[826.218s][info][gc,metaspace   ] GC(2335) Metaspace: 35676K(36416K)->35676K(36416K) NonClass: 26461K(27008K)->26461K(27008K) Class: 9215K(9408K)->9215K(9408K)
[826.218s][info][gc             ] GC(2335) Pause Young (Allocation Failure) 616M->322M(631M) 1.242ms
[826.219s][info][gc,cpu         ] GC(2335) User=0.01s Sys=0.00s Real=0.00s
[826.300s][info][gc,start       ] GC(2336) Pause Young (Allocation Failure)
[826.301s][info][gc,heap        ] GC(2336) PSYoungGen: 301120K(315904K)->64K(316416K) Eden: 301056K(301056K)->0K(304640K) From: 64K(14848K)->64K(11776K)
[826.301s][info][gc,heap        ] GC(2336) ParOldGen: 330249K(330752K)->330265K(330752K)
[826.301s][info][gc,metaspace   ] GC(2336) Metaspace: 35676K(36416K)->35676K(36416K) NonClass: 26461K(27008K)->26461K(27008K) Class: 9215K(9408K)->9215K(9408K)
[826.301s][info][gc             ] GC(2336) Pause Young (Allocation Failure) 616M->322M(632M) 1.076ms
[826.301s][info][gc,cpu         ] GC(2336) User=0.00s Sys=0.00s Real=0.00s
[826.457s][info][gc,start       ] GC(2337) Pause Young (Allocation Failure)
[826.458s][info][gc,heap        ] GC(2337) PSYoungGen: 304704K(316416K)->64K(317952K) Eden: 304640K(304640K)->0K(304640K) From: 64K(11776K)->64K(13312K)
[826.458s][info][gc,heap        ] GC(2337) ParOldGen: 330265K(330752K)->330265K(330752K)
[826.458s][info][gc,metaspace   ] GC(2337) Metaspace: 35676K(36416K)->35676K(36416K) NonClass: 26461K(27008K)->26461K(27008K) Class: 9215K(9408K)->9215K(9408K)
[826.458s][info][gc             ] GC(2337) Pause Young (Allocation Failure) 620M->322M(633M) 1.131ms
[826.458s][info][gc,cpu         ] GC(2337) User=0.00s Sys=0.00s Real=0.01s
[827.380s][info][gc,start       ] GC(2338) Pause Young (Allocation Failure)
[827.381s][info][gc,heap        ] GC(2338) PSYoungGen: 304704K(317952K)->64K(292864K) Eden: 304640K(304640K)->0K(292352K) From: 64K(13312K)->64K(512K)
[827.381s][info][gc,heap        ] GC(2338) ParOldGen: 330265K(330752K)->330273K(330752K)
[827.381s][info][gc,metaspace   ] GC(2338) Metaspace: 35676K(36416K)->35676K(36416K) NonClass: 26461K(27008K)->26461K(27008K) Class: 9215K(9408K)->9215K(9408K)
[827.382s][info][gc             ] GC(2338) Pause Young (Allocation Failure) 620M->322M(609M) 1.215ms
[827.382s][info][gc,cpu         ] GC(2338) User=0.00s Sys=0.00s Real=0.00s
[828.202s][info][gc,start       ] GC(2339) Pause Young (Allocation Failure)
[828.203s][info][gc,heap        ] GC(2339) PSYoungGen: 292416K(292864K)->64K(292864K) Eden: 292352K(292352K)->0K(281088K) From: 64K(512K)->64K(11776K)
[828.203s][info][gc,heap        ] GC(2339) ParOldGen: 330273K(330752K)->330281K(330752K)
[828.203s][info][gc,metaspace   ] GC(2339) Metaspace: 35676K(36416K)->35676K(36416K) NonClass: 26461K(27008K)->26461K(27008K) Class: 9215K(9408K)->9215K(9408K)
[828.203s][info][gc             ] GC(2339) Pause Young (Allocation Failure) 608M->322M(609M) 1.066ms
[828.203s][info][gc,cpu         ] GC(2339) User=0.00s Sys=0.00s Real=0.00s
[828.550s][info][gc,start       ] GC(2340) Pause Young (Allocation Failure)
[828.551s][info][gc,heap        ] GC(2340) PSYoungGen: 281152K(292864K)->64K(270848K) Eden: 281088K(281088K)->0K(270336K) From: 64K(11776K)->64K(512K)
[828.551s][info][gc,heap        ] GC(2340) ParOldGen: 330281K(330752K)->330289K(330752K)
[828.551s][info][gc,metaspace   ] GC(2340) Metaspace: 35676K(36416K)->35676K(36416K) NonClass: 26461K(27008K)->26461K(27008K) Class: 9215K(9408K)->9215K(9408K)
[828.551s][info][gc             ] GC(2340) Pause Young (Allocation Failure) 597M->322M(587M) 1.135ms
[828.551s][info][gc,cpu         ] GC(2340) User=0.00s Sys=0.00s Real=0.00s
[829.631s][info][gc,start       ] GC(2341) Pause Young (Allocation Failure)
[829.632s][info][gc,heap        ] GC(2341) PSYoungGen: 270400K(270848K)->64K(270336K) Eden: 270336K(270336K)->0K(260096K) From: 64K(512K)->64K(10240K)
[829.632s][info][gc,heap        ] GC(2341) ParOldGen: 330289K(330752K)->330297K(330752K)
[829.632s][info][gc,metaspace   ] GC(2341) Metaspace: 35676K(36416K)->35676K(36416K) NonClass: 26461K(27008K)->26461K(27008K) Class: 9215K(9408K)->9215K(9408K)
[829.632s][info][gc             ] GC(2341) Pause Young (Allocation Failure) 586M->322M(587M) 1.094ms
[829.632s][info][gc,cpu         ] GC(2341) User=0.00s Sys=0.00s Real=0.00s
[829.864s][info][gc,start       ] GC(2342) Pause Young (Allocation Failure)
[829.865s][info][gc,heap        ] GC(2342) PSYoungGen: 260160K(270336K)->64K(250880K) Eden: 260096K(260096K)->0K(250368K) From: 64K(10240K)->64K(512K)
[829.865s][info][gc,heap        ] GC(2342) ParOldGen: 330297K(330752K)->330305K(330752K)
[829.865s][info][gc,metaspace   ] GC(2342) Metaspace: 35676K(36416K)->35676K(36416K) NonClass: 26461K(27008K)->26461K(27008K) Class: 9215K(9408K)->9215K(9408K)
[829.865s][info][gc             ] GC(2342) Pause Young (Allocation Failure) 576M->322M(568M) 1.349ms
[829.865s][info][gc,cpu         ] GC(2342) User=0.00s Sys=0.00s Real=0.00s
[830.214s][info][gc,start       ] GC(2343) Pause Young (Allocation Failure)
[830.215s][info][gc,heap        ] GC(2343) PSYoungGen: 250432K(250880K)->64K(249856K) Eden: 250368K(250368K)->0K(240640K) From: 64K(512K)->64K(9216K)
[830.215s][info][gc,heap        ] GC(2343) ParOldGen: 330305K(330752K)->330313K(330752K)
[830.215s][info][gc,metaspace   ] GC(2343) Metaspace: 35676K(36416K)->35676K(36416K) NonClass: 26461K(27008K)->26461K(27008K) Class: 9215K(9408K)->9215K(9408K)
[830.215s][info][gc             ] GC(2343) Pause Young (Allocation Failure) 567M->322M(567M) 1.175ms
[830.215s][info][gc,cpu         ] GC(2343) User=0.01s Sys=0.00s Real=0.00s
[830.286s][info][gc,start       ] GC(2344) Pause Young (Allocation Failure)
[830.289s][info][gc,heap        ] GC(2344) PSYoungGen: 240704K(249856K)->64K(231936K) Eden: 240640K(240640K)->0K(231424K) From: 64K(9216K)->64K(512K)
[830.289s][info][gc,heap        ] GC(2344) ParOldGen: 330313K(330752K)->330329K(330752K)
[830.289s][info][gc,metaspace   ] GC(2344) Metaspace: 35676K(36416K)->35676K(36416K) NonClass: 26461K(27008K)->26461K(27008K) Class: 9215K(9408K)->9215K(9408K)
[830.289s][info][gc             ] GC(2344) Pause Young (Allocation Failure) 557M->322M(549M) 2.294ms
[830.289s][info][gc,cpu         ] GC(2344) User=0.00s Sys=0.00s Real=0.01s
[830.764s][info][gc,start       ] GC(2345) Pause Young (Allocation Failure)
[830.766s][info][gc,heap        ] GC(2345) PSYoungGen: 231488K(231936K)->64K(230400K) Eden: 231424K(231424K)->0K(222720K) From: 64K(512K)->64K(7680K)
[830.766s][info][gc,heap        ] GC(2345) ParOldGen: 330329K(330752K)->330345K(330752K)
[830.766s][info][gc,metaspace   ] GC(2345) Metaspace: 35676K(36416K)->35676K(36416K) NonClass: 26461K(27008K)->26461K(27008K) Class: 9215K(9408K)->9215K(9408K)
[830.766s][info][gc             ] GC(2345) Pause Young (Allocation Failure) 548M->322M(548M) 1.896ms
[830.766s][info][gc,cpu         ] GC(2345) User=0.00s Sys=0.00s Real=0.00s
[830.985s][info][gc,start       ] GC(2346) Pause Young (Allocation Failure)
[830.987s][info][gc,heap        ] GC(2346) PSYoungGen: 222784K(230400K)->32K(215040K) Eden: 222720K(222720K)->0K(214528K) From: 64K(7680K)->32K(512K)
[830.987s][info][gc,heap        ] GC(2346) ParOldGen: 330345K(330752K)->330353K(330752K)
[830.987s][info][gc,metaspace   ] GC(2346) Metaspace: 35676K(36416K)->35676K(36416K) NonClass: 26461K(27008K)->26461K(27008K) Class: 9215K(9408K)->9215K(9408K)
[830.987s][info][gc             ] GC(2346) Pause Young (Allocation Failure) 540M->322M(533M) 2.162ms
[830.987s][info][gc,cpu         ] GC(2346) User=0.00s Sys=0.00s Real=0.01s
[831.316s][info][gc,start       ] GC(2347) Pause Young (Allocation Failure)
[831.331s][info][gc,heap        ] GC(2347) PSYoungGen: 214560K(215040K)->6656K(261632K) Eden: 214528K(214528K)->0K(254976K) From: 32K(512K)->6656K(6656K)
[831.331s][info][gc,heap        ] GC(2347) ParOldGen: 330353K(330752K)->332601K(332800K)
[831.331s][info][gc,metaspace   ] GC(2347) Metaspace: 35676K(36416K)->35676K(36416K) NonClass: 26461K(27008K)->26461K(27008K) Class: 9215K(9408K)->9215K(9408K)
[831.331s][info][gc             ] GC(2347) Pause Young (Allocation Failure) 532M->331M(580M) 15.620ms
[831.331s][info][gc,cpu         ] GC(2347) User=0.02s Sys=0.01s Real=0.02s
[831.631s][info][gc,start       ] GC(2348) Pause Young (Allocation Failure)
[831.686s][info][gc,heap        ] GC(2348) PSYoungGen: 261632K(261632K)->6656K(268800K) Eden: 254976K(254976K)->0K(262144K) From: 6656K(6656K)->6656K(6656K)
[831.686s][info][gc,heap        ] GC(2348) ParOldGen: 332601K(332800K)->354705K(354816K)
[831.686s][info][gc,metaspace   ] GC(2348) Metaspace: 35676K(36416K)->35676K(36416K) NonClass: 26461K(27008K)->26461K(27008K) Class: 9215K(9408K)->9215K(9408K)
[831.686s][info][gc             ] GC(2348) Pause Young (Allocation Failure) 580M->352M(609M) 55.628ms
[831.687s][info][gc,cpu         ] GC(2348) User=0.09s Sys=0.01s Real=0.05s
[831.959s][info][gc,start       ] GC(2349) Pause Young (Allocation Failure)
[832.005s][info][gc,heap        ] GC(2349) PSYoungGen: 268800K(268800K)->18432K(280576K) Eden: 262144K(262144K)->0K(262144K) From: 6656K(6656K)->18432K(18432K)
[832.005s][info][gc,heap        ] GC(2349) ParOldGen: 354705K(354816K)->361913K(361984K)
[832.005s][info][gc,metaspace   ] GC(2349) Metaspace: 35676K(36416K)->35676K(36416K) NonClass: 26461K(27008K)->26461K(27008K) Class: 9215K(9408K)->9215K(9408K)
[832.005s][info][gc             ] GC(2349) Pause Young (Allocation Failure) 608M->371M(627M) 45.406ms
[832.005s][info][gc,cpu         ] GC(2349) User=0.08s Sys=0.01s Real=0.04s
[832.090s][info][gc,start       ] GC(2350) Pause Young (Allocation Failure)
[832.093s][info][gc,heap        ] GC(2350) PSYoungGen: 280576K(280576K)->64K(309760K) Eden: 262144K(262144K)->0K(284672K) From: 18432K(18432K)->64K(25088K)
[832.093s][info][gc,heap        ] GC(2350) ParOldGen: 361913K(361984K)->362097K(362496K)
[832.093s][info][gc,metaspace   ] GC(2350) Metaspace: 35676K(36416K)->35676K(36416K) NonClass: 26461K(27008K)->26461K(27008K) Class: 9215K(9408K)->9215K(9408K)
[832.093s][info][gc             ] GC(2350) Pause Young (Allocation Failure) 627M->353M(656M) 3.231ms
[832.093s][info][gc,cpu         ] GC(2350) User=0.00s Sys=0.00s Real=0.00s
[832.722s][info][gc,start       ] GC(2351) Pause Young (Allocation Failure)
[832.723s][info][gc,heap        ] GC(2351) PSYoungGen: 284736K(309760K)->64K(285184K) Eden: 284672K(284672K)->0K(284672K) From: 64K(25088K)->64K(512K)
[832.723s][info][gc,heap        ] GC(2351) ParOldGen: 362097K(362496K)->362105K(362496K)
[832.723s][info][gc,metaspace   ] GC(2351) Metaspace: 35676K(36416K)->35676K(36416K) NonClass: 26461K(27008K)->26461K(27008K) Class: 9215K(9408K)->9215K(9408K)
[832.723s][info][gc             ] GC(2351) Pause Young (Allocation Failure) 631M->353M(632M) 1.271ms
[832.723s][info][gc,cpu         ] GC(2351) User=0.00s Sys=0.00s Real=0.00s
[833.074s][info][gc,start       ] GC(2352) Pause Young (Allocation Failure)
[833.075s][info][gc,heap        ] GC(2352) PSYoungGen: 284736K(285184K)->64K(309248K) Eden: 284672K(284672K)->0K(285696K) From: 64K(512K)->64K(23552K)
[833.075s][info][gc,heap        ] GC(2352) ParOldGen: 362105K(362496K)->362113K(362496K)
[833.075s][info][gc,metaspace   ] GC(2352) Metaspace: 35676K(36416K)->35676K(36416K) NonClass: 26461K(27008K)->26461K(27008K) Class: 9215K(9408K)->9215K(9408K)
[833.075s][info][gc             ] GC(2352) Pause Young (Allocation Failure) 631M->353M(656M) 1.250ms
[833.075s][info][gc,cpu         ] GC(2352) User=0.00s Sys=0.00s Real=0.00s
[833.528s][info][gc,start       ] GC(2353) Pause Young (Allocation Failure)
[833.529s][info][gc,heap        ] GC(2353) PSYoungGen: 285760K(309248K)->64K(308224K) Eden: 285696K(285696K)->0K(285696K) From: 64K(23552K)->64K(22528K)
[833.530s][info][gc,heap        ] GC(2353) ParOldGen: 362113K(362496K)->362129K(362496K)
[833.530s][info][gc,metaspace   ] GC(2353) Metaspace: 35676K(36416K)->35676K(36416K) NonClass: 26461K(27008K)->26461K(27008K) Class: 9215K(9408K)->9215K(9408K)
[833.530s][info][gc             ] GC(2353) Pause Young (Allocation Failure) 632M->353M(655M) 1.334ms
[833.530s][info][gc,cpu         ] GC(2353) User=0.00s Sys=0.00s Real=0.00s
[833.763s][info][gc,start       ] GC(2354) Pause Young (Allocation Failure)
[833.764s][info][gc,heap        ] GC(2354) PSYoungGen: 285760K(308224K)->64K(310272K) Eden: 285696K(285696K)->0K(288768K) From: 64K(22528K)->64K(21504K)
[833.764s][info][gc,heap        ] GC(2354) ParOldGen: 362129K(362496K)->362145K(362496K)
[833.764s][info][gc,metaspace   ] GC(2354) Metaspace: 35676K(36416K)->35676K(36416K) NonClass: 26461K(27008K)->26461K(27008K) Class: 9215K(9408K)->9215K(9408K)
[833.764s][info][gc             ] GC(2354) Pause Young (Allocation Failure) 632M->353M(657M) 1.184ms
[833.764s][info][gc,cpu         ] GC(2354) User=0.00s Sys=0.00s Real=0.00s
[834.131s][info][gc,start       ] GC(2355) Pause Young (Allocation Failure)
[834.132s][info][gc,heap        ] GC(2355) PSYoungGen: 288832K(310272K)->64K(309248K) Eden: 288768K(288768K)->0K(288768K) From: 64K(21504K)->64K(20480K)
[834.132s][info][gc,heap        ] GC(2355) ParOldGen: 362145K(362496K)->362145K(362496K)
[834.132s][info][gc,metaspace   ] GC(2355) Metaspace: 35676K(36416K)->35676K(36416K) NonClass: 26461K(27008K)->26461K(27008K) Class: 9215K(9408K)->9215K(9408K)
[834.132s][info][gc             ] GC(2355) Pause Young (Allocation Failure) 635M->353M(656M) 1.106ms
[834.132s][info][gc,cpu         ] GC(2355) User=0.00s Sys=0.00s Real=0.00s
[834.207s][info][gc,start       ] GC(2356) Pause Young (Allocation Failure)
[834.208s][info][gc,heap        ] GC(2356) PSYoungGen: 288832K(309248K)->64K(312320K) Eden: 288768K(288768K)->0K(292864K) From: 64K(20480K)->64K(19456K)
[834.208s][info][gc,heap        ] GC(2356) ParOldGen: 362145K(362496K)->362153K(362496K)
[834.208s][info][gc,metaspace   ] GC(2356) Metaspace: 35676K(36416K)->35676K(36416K) NonClass: 26461K(27008K)->26461K(27008K) Class: 9215K(9408K)->9215K(9408K)
[834.208s][info][gc             ] GC(2356) Pause Young (Allocation Failure) 635M->353M(659M) 1.066ms
[834.208s][info][gc,cpu         ] GC(2356) User=0.00s Sys=0.00s Real=0.00s
[834.260s][info][gc,start       ] GC(2357) Pause Young (Allocation Failure)
[834.261s][info][gc,heap        ] GC(2357) PSYoungGen: 292928K(312320K)->64K(311296K) Eden: 292864K(292864K)->0K(292864K) From: 64K(19456K)->64K(18432K)
[834.261s][info][gc,heap        ] GC(2357) ParOldGen: 362153K(362496K)->362169K(362496K)
[834.261s][info][gc,metaspace   ] GC(2357) Metaspace: 35676K(36416K)->35676K(36416K) NonClass: 26461K(27008K)->26461K(27008K) Class: 9215K(9408K)->9215K(9408K)
[834.261s][info][gc             ] GC(2357) Pause Young (Allocation Failure) 639M->353M(658M) 1.094ms
[834.261s][info][gc,cpu         ] GC(2357) User=0.00s Sys=0.00s Real=0.00s
[834.438s][info][gc,start       ] GC(2358) Pause Young (Allocation Failure)
[834.439s][info][gc,heap        ] GC(2358) PSYoungGen: 292928K(311296K)->64K(314368K) Eden: 292864K(292864K)->0K(296960K) From: 64K(18432K)->64K(17408K)
[834.439s][info][gc,heap        ] GC(2358) ParOldGen: 362169K(362496K)->362169K(362496K)
[834.439s][info][gc,metaspace   ] GC(2358) Metaspace: 35676K(36416K)->35676K(36416K) NonClass: 26461K(27008K)->26461K(27008K) Class: 9215K(9408K)->9215K(9408K)
[834.439s][info][gc             ] GC(2358) Pause Young (Allocation Failure) 639M->353M(661M) 1.257ms
[834.439s][info][gc,cpu         ] GC(2358) User=0.00s Sys=0.00s Real=0.00s
[834.674s][info][gc,start       ] GC(2359) Pause Young (Allocation Failure)
[834.675s][info][gc,heap        ] GC(2359) PSYoungGen: 297024K(314368K)->64K(313344K) Eden: 296960K(296960K)->0K(296960K) From: 64K(17408K)->64K(16384K)
[834.675s][info][gc,heap        ] GC(2359) ParOldGen: 362169K(362496K)->362177K(362496K)
[834.675s][info][gc,metaspace   ] GC(2359) Metaspace: 35676K(36416K)->35676K(36416K) NonClass: 26461K(27008K)->26461K(27008K) Class: 9215K(9408K)->9215K(9408K)
[834.675s][info][gc             ] GC(2359) Pause Young (Allocation Failure) 643M->353M(660M) 1.267ms
[834.675s][info][gc,cpu         ] GC(2359) User=0.00s Sys=0.00s Real=0.00s
[834.799s][info][gc,start       ] GC(2360) Pause Young (Allocation Failure)
[834.800s][info][gc,heap        ] GC(2360) PSYoungGen: 297024K(313344K)->64K(315904K) Eden: 296960K(296960K)->0K(300544K) From: 64K(16384K)->64K(15360K)
[834.800s][info][gc,heap        ] GC(2360) ParOldGen: 362177K(362496K)->362185K(362496K)
[834.800s][info][gc,metaspace   ] GC(2360) Metaspace: 35676K(36416K)->35676K(36416K) NonClass: 26461K(27008K)->26461K(27008K) Class: 9215K(9408K)->9215K(9408K)
[834.800s][info][gc             ] GC(2360) Pause Young (Allocation Failure) 643M->353M(662M) 1.215ms
[834.800s][info][gc,cpu         ] GC(2360) User=0.01s Sys=0.00s Real=0.00s
[834.905s][info][gc,start       ] GC(2361) Pause Young (Allocation Failure)
[834.907s][info][gc,heap        ] GC(2361) PSYoungGen: 300608K(315904K)->64K(315392K) Eden: 300544K(300544K)->0K(300544K) From: 64K(15360K)->64K(14848K)
[834.907s][info][gc,heap        ] GC(2361) ParOldGen: 362185K(362496K)->362193K(362496K)
[834.907s][info][gc,metaspace   ] GC(2361) Metaspace: 35676K(36416K)->35676K(36416K) NonClass: 26461K(27008K)->26461K(27008K) Class: 9215K(9408K)->9215K(9408K)
[834.907s][info][gc             ] GC(2361) Pause Young (Allocation Failure) 647M->353M(662M) 1.158ms
[834.907s][info][gc,cpu         ] GC(2361) User=0.00s Sys=0.00s Real=0.00s
[835.159s][info][gc,start       ] GC(2362) Pause Young (Allocation Failure)
[835.160s][info][gc,heap        ] GC(2362) PSYoungGen: 300608K(315392K)->64K(317952K) Eden: 300544K(300544K)->0K(304640K) From: 64K(14848K)->64K(13312K)
[835.160s][info][gc,heap        ] GC(2362) ParOldGen: 362193K(362496K)->362201K(362496K)
[835.160s][info][gc,metaspace   ] GC(2362) Metaspace: 35676K(36416K)->35676K(36416K) NonClass: 26461K(27008K)->26461K(27008K) Class: 9215K(9408K)->9215K(9408K)
[835.160s][info][gc             ] GC(2362) Pause Young (Allocation Failure) 647M->353M(664M) 1.205ms
[835.160s][info][gc,cpu         ] GC(2362) User=0.00s Sys=0.01s Real=0.00s
[835.949s][info][gc,start       ] GC(2363) Pause Young (Allocation Failure)
[835.950s][info][gc,heap        ] GC(2363) PSYoungGen: 304704K(317952K)->64K(292864K) Eden: 304640K(304640K)->0K(292352K) From: 64K(13312K)->64K(512K)
[835.950s][info][gc,heap        ] GC(2363) ParOldGen: 362201K(362496K)->362209K(362496K)
[835.950s][info][gc,metaspace   ] GC(2363) Metaspace: 35676K(36416K)->35676K(36416K) NonClass: 26461K(27008K)->26461K(27008K) Class: 9215K(9408K)->9215K(9408K)
[835.950s][info][gc             ] GC(2363) Pause Young (Allocation Failure) 651M->353M(640M) 1.322ms
[835.950s][info][gc,cpu         ] GC(2363) User=0.00s Sys=0.00s Real=0.00s
[836.856s][info][gc,start       ] GC(2364) Pause Young (Allocation Failure)
[836.857s][info][gc,heap        ] GC(2364) PSYoungGen: 292416K(292864K)->64K(281600K) Eden: 292352K(292352K)->0K(281088K) From: 64K(512K)->64K(512K)
[836.857s][info][gc,heap        ] GC(2364) ParOldGen: 362209K(362496K)->362217K(362496K)
[836.857s][info][gc,metaspace   ] GC(2364) Metaspace: 35676K(36416K)->35676K(36416K) NonClass: 26461K(27008K)->26461K(27008K) Class: 9215K(9408K)->9215K(9408K)
[836.857s][info][gc             ] GC(2364) Pause Young (Allocation Failure) 639M->353M(629M) 1.334ms
[836.857s][info][gc,cpu         ] GC(2364) User=0.00s Sys=0.00s Real=0.01s
[837.310s][info][gc,start       ] GC(2365) Pause Young (Allocation Failure)
[837.311s][info][gc,heap        ] GC(2365) PSYoungGen: 281152K(281600K)->64K(281600K) Eden: 281088K(281088K)->0K(270336K) From: 64K(512K)->64K(11264K)
[837.311s][info][gc,heap        ] GC(2365) ParOldGen: 362217K(362496K)->362225K(362496K)
[837.311s][info][gc,metaspace   ] GC(2365) Metaspace: 35676K(36416K)->35676K(36416K) NonClass: 26461K(27008K)->26461K(27008K) Class: 9215K(9408K)->9215K(9408K)
[837.311s][info][gc             ] GC(2365) Pause Young (Allocation Failure) 628M->353M(629M) 1.280ms
[837.311s][info][gc,cpu         ] GC(2365) User=0.00s Sys=0.00s Real=0.00s
[838.303s][info][gc,start       ] GC(2366) Pause Young (Allocation Failure)
[838.305s][info][gc,heap        ] GC(2366) PSYoungGen: 270400K(281600K)->64K(260608K) Eden: 270336K(270336K)->0K(260096K) From: 64K(11264K)->64K(512K)
[838.305s][info][gc,heap        ] GC(2366) ParOldGen: 362225K(362496K)->362233K(362496K)
[838.305s][info][gc,metaspace   ] GC(2366) Metaspace: 35676K(36416K)->35676K(36416K) NonClass: 26461K(27008K)->26461K(27008K) Class: 9215K(9408K)->9215K(9408K)
[838.305s][info][gc             ] GC(2366) Pause Young (Allocation Failure) 617M->353M(608M) 1.916ms
[838.305s][info][gc,cpu         ] GC(2366) User=0.00s Sys=0.00s Real=0.00s
[838.663s][info][gc,start       ] GC(2367) Pause Young (Allocation Failure)
[838.664s][info][gc,heap        ] GC(2367) PSYoungGen: 260160K(260608K)->64K(260096K) Eden: 260096K(260096K)->0K(250368K) From: 64K(512K)->64K(9728K)
[838.664s][info][gc,heap        ] GC(2367) ParOldGen: 362233K(362496K)->362241K(362496K)
[838.664s][info][gc,metaspace   ] GC(2367) Metaspace: 35676K(36416K)->35676K(36416K) NonClass: 26461K(27008K)->26461K(27008K) Class: 9215K(9408K)->9215K(9408K)
[838.664s][info][gc             ] GC(2367) Pause Young (Allocation Failure) 607M->353M(608M) 1.444ms
[838.664s][info][gc,cpu         ] GC(2367) User=0.00s Sys=0.00s Real=0.00s
[838.804s][info][gc,start       ] GC(2368) Pause Young (Allocation Failure)
[838.806s][info][gc,heap        ] GC(2368) PSYoungGen: 250432K(260096K)->32K(241152K) Eden: 250368K(250368K)->0K(240640K) From: 64K(9728K)->32K(512K)
[838.806s][info][gc,heap        ] GC(2368) ParOldGen: 362241K(362496K)->362249K(362496K)
[838.806s][info][gc,metaspace   ] GC(2368) Metaspace: 35676K(36416K)->35676K(36416K) NonClass: 26461K(27008K)->26461K(27008K) Class: 9215K(9408K)->9215K(9408K)
[838.806s][info][gc             ] GC(2368) Pause Young (Allocation Failure) 598M->353M(589M) 2.106ms
[838.806s][info][gc,cpu         ] GC(2368) User=0.00s Sys=0.00s Real=0.00s
[839.061s][info][gc,start       ] GC(2369) Pause Young (Allocation Failure)
[839.062s][info][gc,heap        ] GC(2369) PSYoungGen: 240672K(241152K)->64K(240128K) Eden: 240640K(240640K)->0K(231424K) From: 32K(512K)->64K(8704K)
[839.062s][info][gc,heap        ] GC(2369) ParOldGen: 362249K(362496K)->362257K(362496K)
[839.062s][info][gc,metaspace   ] GC(2369) Metaspace: 35676K(36416K)->35676K(36416K) NonClass: 26461K(27008K)->26461K(27008K) Class: 9215K(9408K)->9215K(9408K)
[839.062s][info][gc             ] GC(2369) Pause Young (Allocation Failure) 588M->353M(588M) 1.347ms
[839.062s][info][gc,cpu         ] GC(2369) User=0.01s Sys=0.00s Real=0.00s
[839.454s][info][gc,start       ] GC(2370) Pause Young (Allocation Failure)
[839.456s][info][gc,heap        ] GC(2370) PSYoungGen: 231488K(240128K)->64K(223232K) Eden: 231424K(231424K)->0K(222720K) From: 64K(8704K)->64K(512K)
[839.456s][info][gc,heap        ] GC(2370) ParOldGen: 362257K(362496K)->362265K(362496K)
[839.456s][info][gc,metaspace   ] GC(2370) Metaspace: 35676K(36416K)->35676K(36416K) NonClass: 26461K(27008K)->26461K(27008K) Class: 9215K(9408K)->9215K(9408K)
[839.456s][info][gc             ] GC(2370) Pause Young (Allocation Failure) 579M->353M(572M) 1.851ms
[839.456s][info][gc,cpu         ] GC(2370) User=0.00s Sys=0.00s Real=0.00s
[839.760s][info][gc,start       ] GC(2371) Pause Young (Allocation Failure)
[839.761s][info][gc,heap        ] GC(2371) PSYoungGen: 222784K(223232K)->64K(221696K) Eden: 222720K(222720K)->0K(214528K) From: 64K(512K)->64K(7168K)
[839.761s][info][gc,heap        ] GC(2371) ParOldGen: 362265K(362496K)->362273K(362496K)
[839.761s][info][gc,metaspace   ] GC(2371) Metaspace: 35676K(36416K)->35676K(36416K) NonClass: 26461K(27008K)->26461K(27008K) Class: 9215K(9408K)->9215K(9408K)
[839.761s][info][gc             ] GC(2371) Pause Young (Allocation Failure) 571M->353M(570M) 1.507ms
[839.761s][info][gc,cpu         ] GC(2371) User=0.00s Sys=0.00s Real=0.00s
[840.022s][info][gc,start       ] GC(2372) Pause Young (Allocation Failure)
[840.072s][info][gc,heap        ] GC(2372) PSYoungGen: 214592K(221696K)->6656K(263168K) Eden: 214528K(214528K)->0K(256512K) From: 64K(7168K)->6656K(6656K)
[840.072s][info][gc,heap        ] GC(2372) ParOldGen: 362273K(362496K)->378777K(378880K)
[840.072s][info][gc,metaspace   ] GC(2372) Metaspace: 35676K(36416K)->35676K(36416K) NonClass: 26461K(27008K)->26461K(27008K) Class: 9215K(9408K)->9215K(9408K)
[840.072s][info][gc             ] GC(2372) Pause Young (Allocation Failure) 563M->376M(627M) 49.341ms
[840.072s][info][gc,cpu         ] GC(2372) User=0.08s Sys=0.01s Real=0.05s
[840.378s][info][gc,start       ] GC(2373) Pause Young (Allocation Failure)
[840.434s][info][gc,heap        ] GC(2373) PSYoungGen: 263168K(263168K)->14848K(271360K) Eden: 256512K(256512K)->0K(256512K) From: 6656K(6656K)->14848K(14848K)
[840.434s][info][gc,heap        ] GC(2373) ParOldGen: 378777K(378880K)->393233K(393728K)
[840.434s][info][gc,metaspace   ] GC(2373) Metaspace: 35676K(36416K)->35676K(36416K) NonClass: 26461K(27008K)->26461K(27008K) Class: 9215K(9408K)->9215K(9408K)
[840.434s][info][gc             ] GC(2373) Pause Young (Allocation Failure) 626M->398M(649M) 55.995ms
[840.434s][info][gc,cpu         ] GC(2373) User=0.10s Sys=0.02s Real=0.05s
[840.586s][info][gc,start       ] GC(2374) Pause Young (Allocation Failure)
[840.612s][info][gc,heap        ] GC(2374) PSYoungGen: 271360K(271360K)->10656K(309760K) Eden: 256512K(256512K)->0K(286720K) From: 14848K(14848K)->10656K(23040K)
[840.612s][info][gc,heap        ] GC(2374) ParOldGen: 393233K(393728K)->393617K(393728K)
[840.612s][info][gc,metaspace   ] GC(2374) Metaspace: 35676K(36416K)->35676K(36416K) NonClass: 26461K(27008K)->26461K(27008K) Class: 9215K(9408K)->9215K(9408K)
[840.612s][info][gc             ] GC(2374) Pause Young (Allocation Failure) 649M->394M(687M) 25.286ms
[840.612s][info][gc,cpu         ] GC(2374) User=0.04s Sys=0.00s Real=0.03s
[840.982s][info][gc,start       ] GC(2375) Pause Young (Allocation Failure)
[840.983s][info][gc,heap        ] GC(2375) PSYoungGen: 297376K(309760K)->64K(287232K) Eden: 286720K(286720K)->0K(286720K) From: 10656K(23040K)->64K(512K)
[840.983s][info][gc,heap        ] GC(2375) ParOldGen: 393617K(393728K)->393625K(393728K)
[840.983s][info][gc,metaspace   ] GC(2375) Metaspace: 35676K(36416K)->35676K(36416K) NonClass: 26461K(27008K)->26461K(27008K) Class: 9215K(9408K)->9215K(9408K)
[840.983s][info][gc             ] GC(2375) Pause Young (Allocation Failure) 674M->384M(665M) 1.545ms
[840.983s][info][gc,cpu         ] GC(2375) User=0.00s Sys=0.00s Real=0.00s
[841.538s][info][gc,start       ] GC(2376) Pause Young (Allocation Failure)
[841.539s][info][gc,heap        ] GC(2376) PSYoungGen: 286784K(287232K)->64K(310272K) Eden: 286720K(286720K)->0K(287744K) From: 64K(512K)->64K(22528K)
[841.539s][info][gc,heap        ] GC(2376) ParOldGen: 393625K(393728K)->393633K(393728K)
[841.539s][info][gc,metaspace   ] GC(2376) Metaspace: 35676K(36416K)->35676K(36416K) NonClass: 26461K(27008K)->26461K(27008K) Class: 9215K(9408K)->9215K(9408K)
[841.539s][info][gc             ] GC(2376) Pause Young (Allocation Failure) 664M->384M(687M) 1.416ms
[841.539s][info][gc,cpu         ] GC(2376) User=0.01s Sys=0.00s Real=0.00s
[841.991s][info][gc,start       ] GC(2377) Pause Young (Allocation Failure)
[841.992s][info][gc,heap        ] GC(2377) PSYoungGen: 287808K(310272K)->64K(309760K) Eden: 287744K(287744K)->0K(287744K) From: 64K(22528K)->64K(22016K)
[841.992s][info][gc,heap        ] GC(2377) ParOldGen: 393633K(393728K)->393649K(393728K)
[841.992s][info][gc,metaspace   ] GC(2377) Metaspace: 35676K(36416K)->35676K(36416K) NonClass: 26461K(27008K)->26461K(27008K) Class: 9215K(9408K)->9215K(9408K)
[841.992s][info][gc             ] GC(2377) Pause Young (Allocation Failure) 665M->384M(687M) 1.415ms
[841.992s][info][gc,cpu         ] GC(2377) User=0.01s Sys=0.00s Real=0.00s
[842.229s][info][gc,start       ] GC(2378) Pause Young (Allocation Failure)
[842.230s][info][gc,heap        ] GC(2378) PSYoungGen: 287808K(309760K)->64K(310784K) Eden: 287744K(287744K)->0K(290304K) From: 64K(22016K)->64K(20480K)
[842.231s][info][gc,heap        ] GC(2378) ParOldGen: 393649K(393728K)->393665K(393728K)
[842.231s][info][gc,metaspace   ] GC(2378) Metaspace: 35676K(36416K)->35676K(36416K) NonClass: 26461K(27008K)->26461K(27008K) Class: 9215K(9408K)->9215K(9408K)
[842.231s][info][gc             ] GC(2378) Pause Young (Allocation Failure) 665M->384M(688M) 1.342ms
[842.231s][info][gc,cpu         ] GC(2378) User=0.00s Sys=0.00s Real=0.00s
[842.471s][info][gc,start       ] GC(2379) Pause Young (Allocation Failure)
[842.472s][info][gc,heap        ] GC(2379) PSYoungGen: 290368K(310784K)->64K(310272K) Eden: 290304K(290304K)->0K(290304K) From: 64K(20480K)->64K(19968K)
[842.472s][info][gc,heap        ] GC(2379) ParOldGen: 393665K(393728K)->393665K(393728K)
[842.472s][info][gc,metaspace   ] GC(2379) Metaspace: 35676K(36416K)->35676K(36416K) NonClass: 26461K(27008K)->26461K(27008K) Class: 9215K(9408K)->9215K(9408K)
[842.472s][info][gc             ] GC(2379) Pause Young (Allocation Failure) 668M->384M(687M) 1.329ms
[842.472s][info][gc,cpu         ] GC(2379) User=0.00s Sys=0.00s Real=0.00s
[842.760s][info][gc,start       ] GC(2380) Pause Young (Allocation Failure)
[842.762s][info][gc,heap        ] GC(2380) PSYoungGen: 290368K(310272K)->64K(312832K) Eden: 290304K(290304K)->0K(294400K) From: 64K(19968K)->64K(18432K)
[842.762s][info][gc,heap        ] GC(2380) ParOldGen: 393665K(393728K)->393665K(393728K)
[842.762s][info][gc,metaspace   ] GC(2380) Metaspace: 35676K(36416K)->35676K(36416K) NonClass: 26461K(27008K)->26461K(27008K) Class: 9215K(9408K)->9215K(9408K)
[842.762s][info][gc             ] GC(2380) Pause Young (Allocation Failure) 668M->384M(690M) 1.269ms
[842.762s][info][gc,cpu         ] GC(2380) User=0.00s Sys=0.00s Real=0.00s
[842.816s][info][gc,start       ] GC(2381) Pause Young (Allocation Failure)
[842.817s][info][gc,heap        ] GC(2381) PSYoungGen: 294464K(312832K)->64K(312832K) Eden: 294400K(294400K)->0K(294400K) From: 64K(18432K)->64K(18432K)
[842.817s][info][gc,heap        ] GC(2381) ParOldGen: 393665K(393728K)->393681K(393728K)
[842.817s][info][gc,metaspace   ] GC(2381) Metaspace: 35676K(36416K)->35676K(36416K) NonClass: 26461K(27008K)->26461K(27008K) Class: 9215K(9408K)->9215K(9408K)
[842.817s][info][gc             ] GC(2381) Pause Young (Allocation Failure) 672M->384M(690M) 1.231ms
[842.817s][info][gc,cpu         ] GC(2381) User=0.00s Sys=0.00s Real=0.01s
[842.913s][info][gc,start       ] GC(2382) Pause Young (Allocation Failure)
[842.914s][info][gc,heap        ] GC(2382) PSYoungGen: 294464K(312832K)->64K(314368K) Eden: 294400K(294400K)->0K(297984K) From: 64K(18432K)->64K(16384K)
[842.914s][info][gc,heap        ] GC(2382) ParOldGen: 393681K(393728K)->393681K(393728K)
[842.914s][info][gc,metaspace   ] GC(2382) Metaspace: 35676K(36416K)->35676K(36416K) NonClass: 26461K(27008K)->26461K(27008K) Class: 9215K(9408K)->9215K(9408K)
[842.914s][info][gc             ] GC(2382) Pause Young (Allocation Failure) 672M->384M(691M) 1.207ms
[842.914s][info][gc,cpu         ] GC(2382) User=0.00s Sys=0.00s Real=0.00s
[843.161s][info][gc,start       ] GC(2383) Pause Young (Allocation Failure)
[843.162s][info][gc,heap        ] GC(2383) PSYoungGen: 298048K(314368K)->32K(314368K) Eden: 297984K(297984K)->0K(297984K) From: 64K(16384K)->32K(16384K)
[843.162s][info][gc,heap        ] GC(2383) ParOldGen: 393681K(393728K)->393697K(393728K)
[843.162s][info][gc,metaspace   ] GC(2383) Metaspace: 35676K(36416K)->35676K(36416K) NonClass: 26461K(27008K)->26461K(27008K) Class: 9215K(9408K)->9215K(9408K)
[843.162s][info][gc             ] GC(2383) Pause Young (Allocation Failure) 675M->384M(691M) 1.267ms
[843.162s][info][gc,cpu         ] GC(2383) User=0.00s Sys=0.00s Real=0.00s
[843.343s][info][gc,start       ] GC(2384) Pause Young (Allocation Failure)
[843.344s][info][gc,heap        ] GC(2384) PSYoungGen: 298016K(314368K)->64K(316928K) Eden: 297984K(297984K)->0K(301568K) From: 32K(16384K)->64K(15360K)
[843.344s][info][gc,heap        ] GC(2384) ParOldGen: 393697K(393728K)->393697K(393728K)
[843.344s][info][gc,metaspace   ] GC(2384) Metaspace: 35676K(36416K)->35676K(36416K) NonClass: 26461K(27008K)->26461K(27008K) Class: 9215K(9408K)->9215K(9408K)
[843.344s][info][gc             ] GC(2384) Pause Young (Allocation Failure) 675M->384M(694M) 1.243ms
[843.344s][info][gc,cpu         ] GC(2384) User=0.00s Sys=0.00s Real=0.00s
[843.428s][info][gc,start       ] GC(2385) Pause Young (Allocation Failure)
[843.429s][info][gc,heap        ] GC(2385) PSYoungGen: 301632K(316928K)->64K(316416K) Eden: 301568K(301568K)->0K(301568K) From: 64K(15360K)->64K(14848K)
[843.429s][info][gc,heap        ] GC(2385) ParOldGen: 393697K(393728K)->393713K(393728K)
[843.429s][info][gc,metaspace   ] GC(2385) Metaspace: 35676K(36416K)->35676K(36416K) NonClass: 26461K(27008K)->26461K(27008K) Class: 9215K(9408K)->9215K(9408K)
[843.429s][info][gc             ] GC(2385) Pause Young (Allocation Failure) 679M->384M(693M) 1.281ms
[843.429s][info][gc,cpu         ] GC(2385) User=0.00s Sys=0.00s Real=0.00s
[843.583s][info][gc,start       ] GC(2386) Pause Young (Allocation Failure)
[843.584s][info][gc,heap        ] GC(2386) PSYoungGen: 301632K(316416K)->64K(317952K) Eden: 301568K(301568K)->0K(304640K) From: 64K(14848K)->64K(13312K)
[843.584s][info][gc,heap        ] GC(2386) ParOldGen: 393713K(393728K)->393713K(393728K)
[843.584s][info][gc,metaspace   ] GC(2386) Metaspace: 35676K(36416K)->35676K(36416K) NonClass: 26461K(27008K)->26461K(27008K) Class: 9215K(9408K)->9215K(9408K)
[843.584s][info][gc             ] GC(2386) Pause Young (Allocation Failure) 679M->384M(695M) 1.230ms
[843.584s][info][gc,cpu         ] GC(2386) User=0.00s Sys=0.00s Real=0.00s
[844.499s][info][gc,start       ] GC(2387) Pause Young (Allocation Failure)
[844.501s][info][gc,heap        ] GC(2387) PSYoungGen: 304704K(317952K)->83K(292864K) Eden: 304640K(304640K)->0K(292352K) From: 64K(13312K)->83K(512K)
[844.501s][info][gc,heap        ] GC(2387) ParOldGen: 393713K(393728K)->393721K(393728K)
[844.501s][info][gc,metaspace   ] GC(2387) Metaspace: 35676K(36416K)->35676K(36416K) NonClass: 26461K(27008K)->26461K(27008K) Class: 9215K(9408K)->9215K(9408K)
[844.501s][info][gc             ] GC(2387) Pause Young (Allocation Failure) 682M->384M(670M) 1.514ms
[844.501s][info][gc,cpu         ] GC(2387) User=0.00s Sys=0.00s Real=0.00s
[845.322s][info][gc,start       ] GC(2388) Pause Young (Allocation Failure)
[845.324s][info][gc,heap        ] GC(2388) PSYoungGen: 292435K(292864K)->64K(281600K) Eden: 292352K(292352K)->0K(281088K) From: 83K(512K)->64K(512K)
[845.324s][info][gc,heap        ] GC(2388) ParOldGen: 393721K(393728K)->393729K(394240K)
[845.324s][info][gc,metaspace   ] GC(2388) Metaspace: 35676K(36416K)->35676K(36416K) NonClass: 26461K(27008K)->26461K(27008K) Class: 9215K(9408K)->9215K(9408K)
[845.324s][info][gc             ] GC(2388) Pause Young (Allocation Failure) 670M->384M(660M) 1.752ms
[845.324s][info][gc,cpu         ] GC(2388) User=0.00s Sys=0.00s Real=0.00s
[845.681s][info][gc,start       ] GC(2389) Pause Young (Allocation Failure)
[845.683s][info][gc,heap        ] GC(2389) PSYoungGen: 281152K(281600K)->64K(281600K) Eden: 281088K(281088K)->0K(270336K) From: 64K(512K)->64K(11264K)
[845.683s][info][gc,heap        ] GC(2389) ParOldGen: 393729K(394240K)->393737K(394240K)
[845.683s][info][gc,metaspace   ] GC(2389) Metaspace: 35676K(36416K)->35676K(36416K) NonClass: 26461K(27008K)->26461K(27008K) Class: 9215K(9408K)->9215K(9408K)
[845.683s][info][gc             ] GC(2389) Pause Young (Allocation Failure) 659M->384M(660M) 1.198ms
[845.683s][info][gc,cpu         ] GC(2389) User=0.01s Sys=0.00s Real=0.00s
[846.741s][info][gc,start       ] GC(2390) Pause Young (Allocation Failure)
[846.743s][info][gc,heap        ] GC(2390) PSYoungGen: 270400K(281600K)->64K(260608K) Eden: 270336K(270336K)->0K(260096K) From: 64K(11264K)->64K(512K)
[846.743s][info][gc,heap        ] GC(2390) ParOldGen: 393737K(394240K)->393745K(394240K)
[846.743s][info][gc,metaspace   ] GC(2390) Metaspace: 35676K(36416K)->35676K(36416K) NonClass: 26461K(27008K)->26461K(27008K) Class: 9215K(9408K)->9215K(9408K)
[846.743s][info][gc             ] GC(2390) Pause Young (Allocation Failure) 648M->384M(639M) 1.906ms
[846.743s][info][gc,cpu         ] GC(2390) User=0.00s Sys=0.00s Real=0.00s
[846.980s][info][gc,start       ] GC(2391) Pause Young (Allocation Failure)
[846.981s][info][gc,heap        ] GC(2391) PSYoungGen: 260160K(260608K)->64K(260096K) Eden: 260096K(260096K)->0K(250368K) From: 64K(512K)->64K(9728K)
[846.981s][info][gc,heap        ] GC(2391) ParOldGen: 393745K(394240K)->393753K(394240K)
[846.981s][info][gc,metaspace   ] GC(2391) Metaspace: 35676K(36416K)->35676K(36416K) NonClass: 26461K(27008K)->26461K(27008K) Class: 9215K(9408K)->9215K(9408K)
[846.981s][info][gc             ] GC(2391) Pause Young (Allocation Failure) 638M->384M(639M) 1.301ms
[846.981s][info][gc,cpu         ] GC(2391) User=0.00s Sys=0.00s Real=0.00s
[847.337s][info][gc,start       ] GC(2392) Pause Young (Allocation Failure)
[847.339s][info][gc,heap        ] GC(2392) PSYoungGen: 250432K(260096K)->64K(241152K) Eden: 250368K(250368K)->0K(240640K) From: 64K(9728K)->64K(512K)
[847.339s][info][gc,heap        ] GC(2392) ParOldGen: 393753K(394240K)->393761K(394240K)
[847.339s][info][gc,metaspace   ] GC(2392) Metaspace: 35676K(36416K)->35676K(36416K) NonClass: 26461K(27008K)->26461K(27008K) Class: 9215K(9408K)->9215K(9408K)
[847.339s][info][gc             ] GC(2392) Pause Young (Allocation Failure) 629M->384M(620M) 2.099ms
[847.339s][info][gc,cpu         ] GC(2392) User=0.01s Sys=0.00s Real=0.01s
[847.414s][info][gc,start       ] GC(2393) Pause Young (Allocation Failure)
[847.415s][info][gc,heap        ] GC(2393) PSYoungGen: 240704K(241152K)->64K(240128K) Eden: 240640K(240640K)->0K(231424K) From: 64K(512K)->64K(8704K)
[847.415s][info][gc,heap        ] GC(2393) ParOldGen: 393761K(394240K)->393769K(394240K)
[847.415s][info][gc,metaspace   ] GC(2393) Metaspace: 35676K(36416K)->35676K(36416K) NonClass: 26461K(27008K)->26461K(27008K) Class: 9215K(9408K)->9215K(9408K)
[847.415s][info][gc             ] GC(2393) Pause Young (Allocation Failure) 619M->384M(619M) 1.275ms
[847.415s][info][gc,cpu         ] GC(2393) User=0.00s Sys=0.00s Real=0.00s
[847.902s][info][gc,start       ] GC(2394) Pause Young (Allocation Failure)
[847.905s][info][gc,heap        ] GC(2394) PSYoungGen: 231488K(240128K)->64K(223232K) Eden: 231424K(231424K)->0K(222720K) From: 64K(8704K)->64K(512K)
[847.905s][info][gc,heap        ] GC(2394) ParOldGen: 393769K(394240K)->393777K(394240K)
[847.905s][info][gc,metaspace   ] GC(2394) Metaspace: 35676K(36416K)->35676K(36416K) NonClass: 26461K(27008K)->26461K(27008K) Class: 9215K(9408K)->9215K(9408K)
[847.905s][info][gc             ] GC(2394) Pause Young (Allocation Failure) 610M->384M(603M) 3.215ms
[847.905s][info][gc,cpu         ] GC(2394) User=0.00s Sys=0.00s Real=0.00s
[848.119s][info][gc,start       ] GC(2395) Pause Young (Allocation Failure)
[848.121s][info][gc,heap        ] GC(2395) PSYoungGen: 222784K(223232K)->64K(222208K) Eden: 222720K(222720K)->0K(214528K) From: 64K(512K)->64K(7680K)
[848.121s][info][gc,heap        ] GC(2395) ParOldGen: 393777K(394240K)->393785K(394240K)
[848.121s][info][gc,metaspace   ] GC(2395) Metaspace: 35676K(36416K)->35676K(36416K) NonClass: 26461K(27008K)->26461K(27008K) Class: 9215K(9408K)->9215K(9408K)
[848.121s][info][gc             ] GC(2395) Pause Young (Allocation Failure) 602M->384M(602M) 2.037ms
[848.121s][info][gc,cpu         ] GC(2395) User=0.01s Sys=0.00s Real=0.00s
[848.459s][info][gc,start       ] GC(2396) Pause Young (Allocation Failure)
[848.478s][info][gc,heap        ] GC(2396) PSYoungGen: 214592K(222208K)->7168K(262656K) Eden: 214528K(214528K)->0K(255488K) From: 64K(7680K)->7168K(7168K)
[848.478s][info][gc,heap        ] GC(2396) ParOldGen: 393785K(394240K)->396137K(396288K)
[848.478s][info][gc,metaspace   ] GC(2396) Metaspace: 35676K(36416K)->35676K(36416K) NonClass: 26461K(27008K)->26461K(27008K) Class: 9215K(9408K)->9215K(9408K)
[848.478s][info][gc             ] GC(2396) Pause Young (Allocation Failure) 594M->393M(643M) 19.321ms
[848.478s][info][gc,cpu         ] GC(2396) User=0.03s Sys=0.00s Real=0.02s
[848.774s][info][gc,start       ] GC(2397) Pause Young (Allocation Failure)
[848.828s][info][gc,heap        ] GC(2397) PSYoungGen: 262656K(262656K)->9728K(269824K) Eden: 255488K(255488K)->0K(260096K) From: 7168K(7168K)->9728K(9728K)
[848.828s][info][gc,heap        ] GC(2397) ParOldGen: 396137K(396288K)->415225K(415232K)
[848.828s][info][gc,metaspace   ] GC(2397) Metaspace: 35676K(36416K)->35676K(36416K) NonClass: 26461K(27008K)->26461K(27008K) Class: 9215K(9408K)->9215K(9408K)
[848.828s][info][gc             ] GC(2397) Pause Young (Allocation Failure) 643M->414M(669M) 54.087ms
[848.828s][info][gc,cpu         ] GC(2397) User=0.09s Sys=0.02s Real=0.06s
[849.092s][info][gc,start       ] GC(2398) Pause Young (Allocation Failure)
[849.145s][info][gc,heap        ] GC(2398) PSYoungGen: 269824K(269824K)->18944K(302592K) Eden: 260096K(260096K)->0K(283648K) From: 9728K(9728K)->18944K(18944K)
[849.145s][info][gc,heap        ] GC(2398) ParOldGen: 415225K(415232K)->421161K(421376K)
[849.145s][info][gc,metaspace   ] GC(2398) Metaspace: 35676K(36416K)->35676K(36416K) NonClass: 26461K(27008K)->26461K(27008K) Class: 9215K(9408K)->9215K(9408K)
[849.145s][info][gc             ] GC(2398) Pause Young (Allocation Failure) 668M->429M(707M) 52.292ms
[849.145s][info][gc,cpu         ] GC(2398) User=0.09s Sys=0.01s Real=0.05s
[849.260s][info][gc,start       ] GC(2399) Pause Young (Allocation Failure)
[849.263s][info][gc,heap        ] GC(2399) PSYoungGen: 302592K(302592K)->64K(308736K) Eden: 283648K(283648K)->0K(283648K) From: 18944K(18944K)->64K(25088K)
[849.263s][info][gc,heap        ] GC(2399) ParOldGen: 421161K(421376K)->421313K(421376K)
[849.263s][info][gc,metaspace   ] GC(2399) Metaspace: 35676K(36416K)->35676K(36416K) NonClass: 26461K(27008K)->26461K(27008K) Class: 9215K(9408K)->9215K(9408K)
[849.263s][info][gc             ] GC(2399) Pause Young (Allocation Failure) 706M->411M(713M) 2.941ms
[849.263s][info][gc,cpu         ] GC(2399) User=0.00s Sys=0.00s Real=0.00s
[849.915s][info][gc,start       ] GC(2400) Pause Young (Allocation Failure)
[849.917s][info][gc,heap        ] GC(2400) PSYoungGen: 283712K(308736K)->64K(306176K) Eden: 283648K(283648K)->0K(284160K) From: 64K(25088K)->64K(22016K)
[849.917s][info][gc,heap        ] GC(2400) ParOldGen: 421313K(421376K)->421329K(421376K)
[849.917s][info][gc,metaspace   ] GC(2400) Metaspace: 35676K(36416K)->35676K(36416K) NonClass: 26461K(27008K)->26461K(27008K) Class: 9215K(9408K)->9215K(9408K)
[849.917s][info][gc             ] GC(2400) Pause Young (Allocation Failure) 688M->411M(710M) 1.700ms
[849.917s][info][gc,cpu         ] GC(2400) User=0.00s Sys=0.00s Real=0.01s
[850.292s][info][gc,start       ] GC(2401) Pause Young (Allocation Failure)
[850.293s][info][gc,heap        ] GC(2401) PSYoungGen: 284224K(306176K)->128K(307712K) Eden: 284160K(284160K)->0K(284160K) From: 64K(22016K)->128K(23552K)
[850.293s][info][gc,heap        ] GC(2401) ParOldGen: 421329K(421376K)->421329K(421376K)
[850.293s][info][gc,metaspace   ] GC(2401) Metaspace: 35749K(36480K)->35749K(36480K) NonClass: 26534K(27072K)->26534K(27072K) Class: 9215K(9408K)->9215K(9408K)
[850.294s][info][gc             ] GC(2401) Pause Young (Allocation Failure) 689M->411M(712M) 1.988ms
[850.294s][info][gc,cpu         ] GC(2401) User=0.00s Sys=0.00s Real=0.00s
[850.732s][info][gc,start       ] GC(2402) Pause Young (Allocation Failure)
[850.734s][info][gc,heap        ] GC(2402) PSYoungGen: 284288K(307712K)->64K(307712K) Eden: 284160K(284160K)->0K(287744K) From: 128K(23552K)->64K(19968K)
[850.734s][info][gc,heap        ] GC(2402) ParOldGen: 421329K(421376K)->421417K(421888K)
[850.734s][info][gc,metaspace   ] GC(2402) Metaspace: 35749K(36480K)->35749K(36480K) NonClass: 26534K(27072K)->26534K(27072K) Class: 9215K(9408K)->9215K(9408K)
[850.734s][info][gc             ] GC(2402) Pause Young (Allocation Failure) 689M->411M(712M) 1.627ms
[850.734s][info][gc,cpu         ] GC(2402) User=0.00s Sys=0.00s Real=0.00s
[850.974s][info][gc,start       ] GC(2403) Pause Young (Allocation Failure)
[850.975s][info][gc,heap        ] GC(2403) PSYoungGen: 287808K(307712K)->64K(309248K) Eden: 287744K(287744K)->0K(287744K) From: 64K(19968K)->64K(21504K)
[850.975s][info][gc,heap        ] GC(2403) ParOldGen: 421417K(421888K)->421433K(421888K)
[850.975s][info][gc,metaspace   ] GC(2403) Metaspace: 35749K(36480K)->35749K(36480K) NonClass: 26534K(27072K)->26534K(27072K) Class: 9215K(9408K)->9215K(9408K)
[850.975s][info][gc             ] GC(2403) Pause Young (Allocation Failure) 692M->411M(714M) 1.358ms
[850.975s][info][gc,cpu         ] GC(2403) User=0.00s Sys=0.01s Real=0.00s
[851.341s][info][gc,start       ] GC(2404) Pause Young (Allocation Failure)
[851.342s][info][gc,heap        ] GC(2404) PSYoungGen: 287808K(309248K)->64K(309760K) Eden: 287744K(287744K)->0K(291840K) From: 64K(21504K)->64K(17920K)
[851.342s][info][gc,heap        ] GC(2404) ParOldGen: 421433K(421888K)->421433K(421888K)
[851.342s][info][gc,metaspace   ] GC(2404) Metaspace: 35749K(36480K)->35749K(36480K) NonClass: 26534K(27072K)->26534K(27072K) Class: 9215K(9408K)->9215K(9408K)
[851.342s][info][gc             ] GC(2404) Pause Young (Allocation Failure) 692M->411M(714M) 1.343ms
[851.342s][info][gc,cpu         ] GC(2404) User=0.01s Sys=0.00s Real=0.00s
[851.418s][info][gc,start       ] GC(2405) Pause Young (Allocation Failure)
[851.419s][info][gc,heap        ] GC(2405) PSYoungGen: 291904K(309760K)->64K(311296K) Eden: 291840K(291840K)->0K(291840K) From: 64K(17920K)->64K(19456K)
[851.419s][info][gc,heap        ] GC(2405) ParOldGen: 421433K(421888K)->421441K(421888K)
[851.419s][info][gc,metaspace   ] GC(2405) Metaspace: 35749K(36480K)->35749K(36480K) NonClass: 26534K(27072K)->26534K(27072K) Class: 9215K(9408K)->9215K(9408K)
[851.419s][info][gc             ] GC(2405) Pause Young (Allocation Failure) 696M->411M(716M) 1.393ms
[851.419s][info][gc,cpu         ] GC(2405) User=0.00s Sys=0.00s Real=0.00s
[851.471s][info][gc,start       ] GC(2406) Pause Young (Allocation Failure)
[851.472s][info][gc,heap        ] GC(2406) PSYoungGen: 291904K(311296K)->64K(311808K) Eden: 291840K(291840K)->0K(295936K) From: 64K(19456K)->64K(15872K)
[851.472s][info][gc,heap        ] GC(2406) ParOldGen: 421441K(421888K)->421457K(421888K)
[851.472s][info][gc,metaspace   ] GC(2406) Metaspace: 35749K(36480K)->35749K(36480K) NonClass: 26534K(27072K)->26534K(27072K) Class: 9215K(9408K)->9215K(9408K)
[851.472s][info][gc             ] GC(2406) Pause Young (Allocation Failure) 696M->411M(716M) 1.206ms
[851.472s][info][gc,cpu         ] GC(2406) User=0.00s Sys=0.00s Real=0.00s
[851.657s][info][gc,start       ] GC(2407) Pause Young (Allocation Failure)
[851.659s][info][gc,heap        ] GC(2407) PSYoungGen: 296000K(311808K)->64K(313344K) Eden: 295936K(295936K)->0K(295936K) From: 64K(15872K)->64K(17408K)
[851.659s][info][gc,heap        ] GC(2407) ParOldGen: 421457K(421888K)->421457K(421888K)
[851.659s][info][gc,metaspace   ] GC(2407) Metaspace: 35749K(36480K)->35749K(36480K) NonClass: 26534K(27072K)->26534K(27072K) Class: 9215K(9408K)->9215K(9408K)
[851.659s][info][gc             ] GC(2407) Pause Young (Allocation Failure) 700M->411M(718M) 1.297ms
[851.659s][info][gc,cpu         ] GC(2407) User=0.00s Sys=0.00s Real=0.00s
[851.890s][info][gc,start       ] GC(2408) Pause Young (Allocation Failure)
[851.891s][info][gc,heap        ] GC(2408) PSYoungGen: 296000K(313344K)->64K(313856K) Eden: 295936K(295936K)->0K(300032K) From: 64K(17408K)->64K(13824K)
[851.891s][info][gc,heap        ] GC(2408) ParOldGen: 421457K(421888K)->421465K(421888K)
[851.891s][info][gc,metaspace   ] GC(2408) Metaspace: 35749K(36480K)->35749K(36480K) NonClass: 26534K(27072K)->26534K(27072K) Class: 9215K(9408K)->9215K(9408K)
[851.891s][info][gc             ] GC(2408) Pause Young (Allocation Failure) 700M->411M(718M) 1.382ms
[851.891s][info][gc,cpu         ] GC(2408) User=0.00s Sys=0.00s Real=0.00s
[852.019s][info][gc,start       ] GC(2409) Pause Young (Allocation Failure)
[852.021s][info][gc,heap        ] GC(2409) PSYoungGen: 300096K(313856K)->64K(315392K) Eden: 300032K(300032K)->0K(300032K) From: 64K(13824K)->64K(15360K)
[852.021s][info][gc,heap        ] GC(2409) ParOldGen: 421465K(421888K)->421473K(421888K)
[852.021s][info][gc,metaspace   ] GC(2409) Metaspace: 35749K(36480K)->35749K(36480K) NonClass: 26534K(27072K)->26534K(27072K) Class: 9215K(9408K)->9215K(9408K)
[852.021s][info][gc             ] GC(2409) Pause Young (Allocation Failure) 704M->411M(720M) 1.328ms
[852.021s][info][gc,cpu         ] GC(2409) User=0.00s Sys=0.00s Real=0.00s
[852.127s][info][gc,start       ] GC(2410) Pause Young (Allocation Failure)
[852.128s][info][gc,heap        ] GC(2410) PSYoungGen: 300096K(315392K)->64K(315904K) Eden: 300032K(300032K)->0K(303616K) From: 64K(15360K)->64K(12288K)
[852.128s][info][gc,heap        ] GC(2410) ParOldGen: 421473K(421888K)->421481K(421888K)
[852.128s][info][gc,metaspace   ] GC(2410) Metaspace: 35749K(36480K)->35749K(36480K) NonClass: 26534K(27072K)->26534K(27072K) Class: 9215K(9408K)->9215K(9408K)
[852.128s][info][gc             ] GC(2410) Pause Young (Allocation Failure) 704M->411M(720M) 1.412ms
[852.128s][info][gc,cpu         ] GC(2410) User=0.00s Sys=0.00s Real=0.01s
[852.472s][info][gc,start       ] GC(2411) Pause Young (Allocation Failure)
[852.474s][info][gc,heap        ] GC(2411) PSYoungGen: 303680K(315904K)->64K(317440K) Eden: 303616K(303616K)->0K(303616K) From: 64K(12288K)->64K(13824K)
[852.474s][info][gc,heap        ] GC(2411) ParOldGen: 421481K(421888K)->421489K(421888K)
[852.474s][info][gc,metaspace   ] GC(2411) Metaspace: 35749K(36480K)->35749K(36480K) NonClass: 26534K(27072K)->26534K(27072K) Class: 9215K(9408K)->9215K(9408K)
[852.475s][info][gc             ] GC(2411) Pause Young (Allocation Failure) 708M->411M(722M) 2.692ms
[852.475s][info][gc,cpu         ] GC(2411) User=0.00s Sys=0.00s Real=0.00s
[853.167s][info][gc,start       ] GC(2412) Pause Young (Allocation Failure)
[853.170s][info][gc,heap        ] GC(2412) PSYoungGen: 303680K(317440K)->96K(318464K) Eden: 303616K(303616K)->0K(307200K) From: 64K(13824K)->96K(11264K)
[853.170s][info][gc,heap        ] GC(2412) ParOldGen: 421489K(421888K)->421497K(421888K)
[853.170s][info][gc,metaspace   ] GC(2412) Metaspace: 35749K(36480K)->35749K(36480K) NonClass: 26534K(27072K)->26534K(27072K) Class: 9215K(9408K)->9215K(9408K)
[853.170s][info][gc             ] GC(2412) Pause Young (Allocation Failure) 708M->411M(723M) 2.640ms
[853.170s][info][gc,cpu         ] GC(2412) User=0.00s Sys=0.00s Real=0.00s
[854.093s][info][gc,start       ] GC(2413) Pause Young (Allocation Failure)
[854.096s][info][gc,heap        ] GC(2413) PSYoungGen: 307296K(318464K)->64K(295424K) Eden: 307200K(307200K)->0K(294912K) From: 96K(11264K)->64K(512K)
[854.096s][info][gc,heap        ] GC(2413) ParOldGen: 421497K(421888K)->421505K(421888K)
[854.096s][info][gc,metaspace   ] GC(2413) Metaspace: 35749K(36480K)->35749K(36480K) NonClass: 26534K(27072K)->26534K(27072K) Class: 9215K(9408K)->9215K(9408K)
[854.096s][info][gc             ] GC(2413) Pause Young (Allocation Failure) 711M->411M(700M) 2.959ms
[854.096s][info][gc,cpu         ] GC(2413) User=0.00s Sys=0.00s Real=0.00s
[854.575s][info][gc,start       ] GC(2414) Pause Young (Allocation Failure)
[854.577s][info][gc,heap        ] GC(2414) PSYoungGen: 294976K(295424K)->64K(283648K) Eden: 294912K(294912K)->0K(283136K) From: 64K(512K)->64K(512K)
[854.577s][info][gc,heap        ] GC(2414) ParOldGen: 421505K(421888K)->421513K(421888K)
[854.577s][info][gc,metaspace   ] GC(2414) Metaspace: 35749K(36480K)->35749K(36480K) NonClass: 26534K(27072K)->26534K(27072K) Class: 9215K(9408K)->9215K(9408K)
[854.577s][info][gc             ] GC(2414) Pause Young (Allocation Failure) 699M->411M(689M) 2.057ms
[854.577s][info][gc,cpu         ] GC(2414) User=0.00s Sys=0.00s Real=0.01s
[855.569s][info][gc,start       ] GC(2415) Pause Young (Allocation Failure)
[855.571s][info][gc,heap        ] GC(2415) PSYoungGen: 283200K(283648K)->64K(282624K) Eden: 283136K(283136K)->0K(271872K) From: 64K(512K)->64K(10752K)
[855.571s][info][gc,heap        ] GC(2415) ParOldGen: 421513K(421888K)->421521K(421888K)
[855.571s][info][gc,metaspace   ] GC(2415) Metaspace: 35749K(36480K)->35749K(36480K) NonClass: 26534K(27072K)->26534K(27072K) Class: 9215K(9408K)->9215K(9408K)
[855.571s][info][gc             ] GC(2415) Pause Young (Allocation Failure) 688M->411M(688M) 1.532ms
[855.571s][info][gc,cpu         ] GC(2415) User=0.00s Sys=0.00s Real=0.00s
[855.934s][info][gc,start       ] GC(2416) Pause Young (Allocation Failure)
[855.937s][info][gc,heap        ] GC(2416) PSYoungGen: 271936K(282624K)->32K(261632K) Eden: 271872K(271872K)->0K(261120K) From: 64K(10752K)->32K(512K)
[855.937s][info][gc,heap        ] GC(2416) ParOldGen: 421521K(421888K)->421537K(421888K)
[855.937s][info][gc,metaspace   ] GC(2416) Metaspace: 35749K(36480K)->35749K(36480K) NonClass: 26534K(27072K)->26534K(27072K) Class: 9215K(9408K)->9215K(9408K)
[855.937s][info][gc             ] GC(2416) Pause Young (Allocation Failure) 677M->411M(667M) 2.804ms
[855.937s][info][gc,cpu         ] GC(2416) User=0.00s Sys=0.00s Real=0.01s
[856.031s][info][gc,start       ] GC(2417) Pause Young (Allocation Failure)
[856.033s][info][gc,heap        ] GC(2417) PSYoungGen: 261152K(261632K)->32K(291840K) Eden: 261120K(261120K)->0K(282624K) From: 32K(512K)->32K(9216K)
[856.033s][info][gc,heap        ] GC(2417) ParOldGen: 421537K(421888K)->421545K(421888K)
[856.033s][info][gc,metaspace   ] GC(2417) Metaspace: 35749K(36480K)->35749K(36480K) NonClass: 26534K(27072K)->26534K(27072K) Class: 9215K(9408K)->9215K(9408K)
[856.033s][info][gc             ] GC(2417) Pause Young (Allocation Failure) 666M->411M(697M) 2.444ms
[856.033s][info][gc,cpu         ] GC(2417) User=0.00s Sys=0.00s Real=0.00s
[856.565s][info][gc,start       ] GC(2418) Pause Young (Allocation Failure)
[856.567s][info][gc,heap        ] GC(2418) PSYoungGen: 282656K(291840K)->64K(271872K) Eden: 282624K(282624K)->0K(271360K) From: 32K(9216K)->64K(512K)
[856.567s][info][gc,heap        ] GC(2418) ParOldGen: 421545K(421888K)->421553K(421888K)
[856.567s][info][gc,metaspace   ] GC(2418) Metaspace: 35749K(36480K)->35749K(36480K) NonClass: 26534K(27072K)->26534K(27072K) Class: 9215K(9408K)->9215K(9408K)
[856.567s][info][gc             ] GC(2418) Pause Young (Allocation Failure) 687M->411M(677M) 2.241ms
[856.567s][info][gc,cpu         ] GC(2418) User=0.00s Sys=0.00s Real=0.01s
[856.850s][info][gc,start       ] GC(2419) Pause Young (Allocation Failure)
[856.853s][info][gc,heap        ] GC(2419) PSYoungGen: 271424K(271872K)->32K(269312K) Eden: 271360K(271360K)->0K(261120K) From: 64K(512K)->32K(8192K)
[856.853s][info][gc,heap        ] GC(2419) ParOldGen: 421553K(421888K)->421569K(421888K)
[856.853s][info][gc,metaspace   ] GC(2419) Metaspace: 35749K(36480K)->35749K(36480K) NonClass: 26534K(27072K)->26534K(27072K) Class: 9215K(9408K)->9215K(9408K)
[856.853s][info][gc             ] GC(2419) Pause Young (Allocation Failure) 676M->411M(675M) 2.215ms
[856.853s][info][gc,cpu         ] GC(2419) User=0.00s Sys=0.00s Real=0.00s
[857.211s][info][gc,start       ] GC(2420) Pause Young (Allocation Failure)
[857.256s][info][gc,heap        ] GC(2420) PSYoungGen: 261152K(269312K)->7168K(303104K) Eden: 261120K(261120K)->0K(295936K) From: 32K(8192K)->7168K(7168K)
[857.256s][info][gc,heap        ] GC(2420) ParOldGen: 421569K(421888K)->435529K(435712K)
[857.256s][info][gc,metaspace   ] GC(2420) Metaspace: 35749K(36480K)->35749K(36480K) NonClass: 26534K(27072K)->26534K(27072K) Class: 9215K(9408K)->9215K(9408K)
[857.256s][info][gc             ] GC(2420) Pause Young (Allocation Failure) 666M->432M(721M) 45.304ms
[857.256s][info][gc,cpu         ] GC(2420) User=0.07s Sys=0.01s Real=0.04s
[857.603s][info][gc,start       ] GC(2421) Pause Young (Allocation Failure)
[857.672s][info][gc,heap        ] GC(2421) PSYoungGen: 303104K(303104K)->14336K(310272K) Eden: 295936K(295936K)->0K(295936K) From: 7168K(7168K)->14336K(14336K)
[857.672s][info][gc,heap        ] GC(2421) ParOldGen: 435529K(435712K)->454865K(455168K)
[857.672s][info][gc,metaspace   ] GC(2421) Metaspace: 35749K(36480K)->35749K(36480K) NonClass: 26534K(27072K)->26534K(27072K) Class: 9215K(9408K)->9215K(9408K)
[857.672s][info][gc             ] GC(2421) Pause Young (Allocation Failure) 721M->458M(747M) 69.125ms
[857.672s][info][gc,cpu         ] GC(2421) User=0.12s Sys=0.02s Real=0.07s
[857.813s][info][gc,start       ] GC(2422) Pause Young (Allocation Failure)
[857.832s][info][gc,heap        ] GC(2422) PSYoungGen: 310272K(310272K)->8256K(310272K) Eden: 295936K(295936K)->0K(286720K) From: 14336K(14336K)->8256K(23552K)
[857.832s][info][gc,heap        ] GC(2422) ParOldGen: 454865K(455168K)->455377K(455680K)
[857.832s][info][gc,metaspace   ] GC(2422) Metaspace: 35749K(36480K)->35749K(36480K) NonClass: 26534K(27072K)->26534K(27072K) Class: 9215K(9408K)->9215K(9408K)
[857.832s][info][gc             ] GC(2422) Pause Young (Allocation Failure) 747M->452M(748M) 18.360ms
[857.832s][info][gc,cpu         ] GC(2422) User=0.03s Sys=0.00s Real=0.02s
[858.320s][info][gc,start       ] GC(2423) Pause Young (Allocation Failure)
[858.322s][info][gc,heap        ] GC(2423) PSYoungGen: 294976K(310272K)->64K(287232K) Eden: 286720K(286720K)->0K(286720K) From: 8256K(23552K)->64K(512K)
[858.322s][info][gc,heap        ] GC(2423) ParOldGen: 455377K(455680K)->455385K(455680K)
[858.322s][info][gc,metaspace   ] GC(2423) Metaspace: 35749K(36480K)->35749K(36480K) NonClass: 26534K(27072K)->26534K(27072K) Class: 9215K(9408K)->9215K(9408K)
[858.322s][info][gc             ] GC(2423) Pause Young (Allocation Failure) 732M->444M(725M) 1.530ms
[858.322s][info][gc,cpu         ] GC(2423) User=0.00s Sys=0.00s Real=0.00s
[858.780s][info][gc,start       ] GC(2424) Pause Young (Allocation Failure)
[858.781s][info][gc,heap        ] GC(2424) PSYoungGen: 286784K(287232K)->64K(310784K) Eden: 286720K(286720K)->0K(287744K) From: 64K(512K)->64K(23040K)
[858.781s][info][gc,heap        ] GC(2424) ParOldGen: 455385K(455680K)->455393K(455680K)
[858.781s][info][gc,metaspace   ] GC(2424) Metaspace: 35749K(36480K)->35749K(36480K) NonClass: 26534K(27072K)->26534K(27072K) Class: 9215K(9408K)->9215K(9408K)
[858.781s][info][gc             ] GC(2424) Pause Young (Allocation Failure) 724M->444M(748M) 1.479ms
[858.781s][info][gc,cpu         ] GC(2424) User=0.01s Sys=0.00s Real=0.00s
[859.231s][info][gc,start       ] GC(2425) Pause Young (Allocation Failure)
[859.233s][info][gc,heap        ] GC(2425) PSYoungGen: 287808K(310784K)->64K(309760K) Eden: 287744K(287744K)->0K(287744K) From: 64K(23040K)->64K(22016K)
[859.233s][info][gc,heap        ] GC(2425) ParOldGen: 455393K(455680K)->455409K(455680K)
[859.233s][info][gc,metaspace   ] GC(2425) Metaspace: 35749K(36480K)->35749K(36480K) NonClass: 26534K(27072K)->26534K(27072K) Class: 9215K(9408K)->9215K(9408K)
[859.233s][info][gc             ] GC(2425) Pause Young (Allocation Failure) 725M->444M(747M) 1.427ms
[859.233s][info][gc,cpu         ] GC(2425) User=0.01s Sys=0.00s Real=0.00s
[859.469s][info][gc,start       ] GC(2426) Pause Young (Allocation Failure)
[859.470s][info][gc,heap        ] GC(2426) PSYoungGen: 287808K(309760K)->32K(310784K) Eden: 287744K(287744K)->0K(289792K) From: 64K(22016K)->32K(20992K)
[859.470s][info][gc,heap        ] GC(2426) ParOldGen: 455409K(455680K)->455425K(455680K)
[859.470s][info][gc,metaspace   ] GC(2426) Metaspace: 35749K(36480K)->35749K(36480K) NonClass: 26534K(27072K)->26534K(27072K) Class: 9215K(9408K)->9215K(9408K)
[859.470s][info][gc             ] GC(2426) Pause Young (Allocation Failure) 725M->444M(748M) 1.352ms
[859.470s][info][gc,cpu         ] GC(2426) User=0.01s Sys=0.00s Real=0.00s
[859.834s][info][gc,start       ] GC(2427) Pause Young (Allocation Failure)
[859.836s][info][gc,heap        ] GC(2427) PSYoungGen: 289824K(310784K)->64K(310272K) Eden: 289792K(289792K)->0K(289792K) From: 32K(20992K)->64K(20480K)
[859.836s][info][gc,heap        ] GC(2427) ParOldGen: 455425K(455680K)->455425K(455680K)
[859.836s][info][gc,metaspace   ] GC(2427) Metaspace: 35749K(36480K)->35749K(36480K) NonClass: 26534K(27072K)->26534K(27072K) Class: 9215K(9408K)->9215K(9408K)
[859.836s][info][gc             ] GC(2427) Pause Young (Allocation Failure) 727M->444M(748M) 1.436ms
[859.836s][info][gc,cpu         ] GC(2427) User=0.00s Sys=0.00s Real=0.00s
[859.977s][info][gc,start       ] GC(2428) Pause Young (Allocation Failure)
[859.978s][info][gc,heap        ] GC(2428) PSYoungGen: 289856K(310272K)->64K(312320K) Eden: 289792K(289792K)->0K(293376K) From: 64K(20480K)->64K(18944K)
[859.978s][info][gc,heap        ] GC(2428) ParOldGen: 455425K(455680K)->455433K(455680K)
[859.978s][info][gc,metaspace   ] GC(2428) Metaspace: 35749K(36480K)->35749K(36480K) NonClass: 26534K(27072K)->26534K(27072K) Class: 9215K(9408K)->9215K(9408K)
[859.978s][info][gc             ] GC(2428) Pause Young (Allocation Failure) 727M->444M(750M) 1.475ms
[859.978s][info][gc,cpu         ] GC(2428) User=0.00s Sys=0.00s Real=0.00s
[860.031s][info][gc,start       ] GC(2429) Pause Young (Allocation Failure)
[860.032s][info][gc,heap        ] GC(2429) PSYoungGen: 293440K(312320K)->64K(311808K) Eden: 293376K(293376K)->0K(293376K) From: 64K(18944K)->64K(18432K)
[860.032s][info][gc,heap        ] GC(2429) ParOldGen: 455433K(455680K)->455449K(455680K)
[860.032s][info][gc,metaspace   ] GC(2429) Metaspace: 35749K(36480K)->35749K(36480K) NonClass: 26534K(27072K)->26534K(27072K) Class: 9215K(9408K)->9215K(9408K)
[860.033s][info][gc             ] GC(2429) Pause Young (Allocation Failure) 731M->444M(749M) 1.451ms
[860.033s][info][gc,cpu         ] GC(2429) User=0.00s Sys=0.00s Real=0.00s
[860.166s][info][gc,start       ] GC(2430) Pause Young (Allocation Failure)
[860.168s][info][gc,heap        ] GC(2430) PSYoungGen: 293440K(311808K)->64K(314368K) Eden: 293376K(293376K)->0K(297472K) From: 64K(18432K)->64K(16896K)
[860.168s][info][gc,heap        ] GC(2430) ParOldGen: 455449K(455680K)->455449K(455680K)
[860.168s][info][gc,metaspace   ] GC(2430) Metaspace: 35749K(36480K)->35749K(36480K) NonClass: 26534K(27072K)->26534K(27072K) Class: 9215K(9408K)->9215K(9408K)
[860.168s][info][gc             ] GC(2430) Pause Young (Allocation Failure) 731M->444M(752M) 1.359ms
[860.168s][info][gc,cpu         ] GC(2430) User=0.00s Sys=0.00s Real=0.01s
[860.408s][info][gc,start       ] GC(2431) Pause Young (Allocation Failure)
[860.409s][info][gc,heap        ] GC(2431) PSYoungGen: 297536K(314368K)->64K(313856K) Eden: 297472K(297472K)->0K(297472K) From: 64K(16896K)->64K(16384K)
[860.409s][info][gc,heap        ] GC(2431) ParOldGen: 455449K(455680K)->455457K(455680K)
[860.409s][info][gc,metaspace   ] GC(2431) Metaspace: 35749K(36480K)->35749K(36480K) NonClass: 26534K(27072K)->26534K(27072K) Class: 9215K(9408K)->9215K(9408K)
[860.409s][info][gc             ] GC(2431) Pause Young (Allocation Failure) 735M->444M(751M) 1.425ms
[860.409s][info][gc,cpu         ] GC(2431) User=0.00s Sys=0.00s Real=0.00s
[860.565s][info][gc,start       ] GC(2432) Pause Young (Allocation Failure)
[860.566s][info][gc,heap        ] GC(2432) PSYoungGen: 297536K(313856K)->64K(316416K) Eden: 297472K(297472K)->0K(301568K) From: 64K(16384K)->64K(14848K)
[860.566s][info][gc,heap        ] GC(2432) ParOldGen: 455457K(455680K)->455465K(455680K)
[860.566s][info][gc,metaspace   ] GC(2432) Metaspace: 35749K(36480K)->35749K(36480K) NonClass: 26534K(27072K)->26534K(27072K) Class: 9215K(9408K)->9215K(9408K)
[860.566s][info][gc             ] GC(2432) Pause Young (Allocation Failure) 735M->444M(754M) 1.452ms
[860.566s][info][gc,cpu         ] GC(2432) User=0.00s Sys=0.00s Real=0.00s
[860.653s][info][gc,start       ] GC(2433) Pause Young (Allocation Failure)
[860.654s][info][gc,heap        ] GC(2433) PSYoungGen: 301632K(316416K)->64K(316416K) Eden: 301568K(301568K)->0K(301568K) From: 64K(14848K)->64K(14848K)
[860.654s][info][gc,heap        ] GC(2433) ParOldGen: 455465K(455680K)->455473K(455680K)
[860.654s][info][gc,metaspace   ] GC(2433) Metaspace: 35749K(36480K)->35749K(36480K) NonClass: 26534K(27072K)->26534K(27072K) Class: 9215K(9408K)->9215K(9408K)
[860.654s][info][gc             ] GC(2433) Pause Young (Allocation Failure) 739M->444M(754M) 1.370ms
[860.654s][info][gc,cpu         ] GC(2433) User=0.00s Sys=0.00s Real=0.00s
[860.822s][info][gc,start       ] GC(2434) Pause Young (Allocation Failure)
[860.824s][info][gc,heap        ] GC(2434) PSYoungGen: 301632K(316416K)->64K(317952K) Eden: 301568K(301568K)->0K(305152K) From: 64K(14848K)->64K(12800K)
[860.824s][info][gc,heap        ] GC(2434) ParOldGen: 455473K(455680K)->455481K(455680K)
[860.824s][info][gc,metaspace   ] GC(2434) Metaspace: 35749K(36480K)->35749K(36480K) NonClass: 26534K(27072K)->26534K(27072K) Class: 9215K(9408K)->9215K(9408K)
[860.824s][info][gc             ] GC(2434) Pause Young (Allocation Failure) 739M->444M(755M) 1.396ms
[860.824s][info][gc,cpu         ] GC(2434) User=0.00s Sys=0.00s Real=0.00s
[861.713s][info][gc,start       ] GC(2435) Pause Young (Allocation Failure)
[861.714s][info][gc,heap        ] GC(2435) PSYoungGen: 305216K(317952K)->83K(317952K) Eden: 305152K(305152K)->0K(305152K) From: 64K(12800K)->83K(12800K)
[861.715s][info][gc,heap        ] GC(2435) ParOldGen: 455481K(455680K)->455489K(455680K)
[861.715s][info][gc,metaspace   ] GC(2435) Metaspace: 35749K(36480K)->35749K(36480K) NonClass: 26534K(27072K)->26534K(27072K) Class: 9215K(9408K)->9215K(9408K)
[861.715s][info][gc             ] GC(2435) Pause Young (Allocation Failure) 742M->444M(755M) 1.482ms
[861.715s][info][gc,cpu         ] GC(2435) User=0.01s Sys=0.00s Real=0.00s
[862.585s][info][gc,start       ] GC(2436) Pause Young (Allocation Failure)
[862.587s][info][gc,heap        ] GC(2436) PSYoungGen: 305235K(317952K)->64K(293376K) Eden: 305152K(305152K)->0K(292864K) From: 83K(12800K)->64K(512K)
[862.587s][info][gc,heap        ] GC(2436) ParOldGen: 455489K(455680K)->455497K(455680K)
[862.587s][info][gc,metaspace   ] GC(2436) Metaspace: 35749K(36480K)->35749K(36480K) NonClass: 26534K(27072K)->26534K(27072K) Class: 9215K(9408K)->9215K(9408K)
[862.587s][info][gc             ] GC(2436) Pause Young (Allocation Failure) 742M->444M(731M) 1.505ms
[862.587s][info][gc,cpu         ] GC(2436) User=0.01s Sys=0.00s Real=0.00s
[863.054s][info][gc,start       ] GC(2437) Pause Young (Allocation Failure)
[863.056s][info][gc,heap        ] GC(2437) PSYoungGen: 292928K(293376K)->64K(292864K) Eden: 292864K(292864K)->0K(281600K) From: 64K(512K)->64K(11264K)
[863.056s][info][gc,heap        ] GC(2437) ParOldGen: 455497K(455680K)->455505K(455680K)
[863.056s][info][gc,metaspace   ] GC(2437) Metaspace: 35749K(36480K)->35749K(36480K) NonClass: 26534K(27072K)->26534K(27072K) Class: 9215K(9408K)->9215K(9408K)
[863.056s][info][gc             ] GC(2437) Pause Young (Allocation Failure) 730M->444M(731M) 1.442ms
[863.056s][info][gc,cpu         ] GC(2437) User=0.00s Sys=0.00s Real=0.00s
[864.045s][info][gc,start       ] GC(2438) Pause Young (Allocation Failure)
[864.047s][info][gc,heap        ] GC(2438) PSYoungGen: 281664K(292864K)->64K(271360K) Eden: 281600K(281600K)->0K(270848K) From: 64K(11264K)->64K(512K)
[864.047s][info][gc,heap        ] GC(2438) ParOldGen: 455505K(455680K)->455513K(455680K)
[864.047s][info][gc,metaspace   ] GC(2438) Metaspace: 35749K(36480K)->35749K(36480K) NonClass: 26534K(27072K)->26534K(27072K) Class: 9215K(9408K)->9215K(9408K)
[864.047s][info][gc             ] GC(2438) Pause Young (Allocation Failure) 719M->444M(710M) 2.081ms
[864.047s][info][gc,cpu         ] GC(2438) User=0.00s Sys=0.00s Real=0.00s
[864.433s][info][gc,start       ] GC(2439) Pause Young (Allocation Failure)
[864.434s][info][gc,heap        ] GC(2439) PSYoungGen: 270912K(271360K)->64K(270848K) Eden: 270848K(270848K)->0K(260608K) From: 64K(512K)->64K(10240K)
[864.434s][info][gc,heap        ] GC(2439) ParOldGen: 455513K(455680K)->455521K(455680K)
[864.434s][info][gc,metaspace   ] GC(2439) Metaspace: 35749K(36480K)->35749K(36480K) NonClass: 26534K(27072K)->26534K(27072K) Class: 9215K(9408K)->9215K(9408K)
[864.434s][info][gc             ] GC(2439) Pause Young (Allocation Failure) 709M->444M(709M) 1.410ms
[864.434s][info][gc,cpu         ] GC(2439) User=0.00s Sys=0.00s Real=0.00s
[864.586s][info][gc,start       ] GC(2440) Pause Young (Allocation Failure)
[864.588s][info][gc,heap        ] GC(2440) PSYoungGen: 260672K(270848K)->64K(251392K) Eden: 260608K(260608K)->0K(250880K) From: 64K(10240K)->64K(512K)
[864.588s][info][gc,heap        ] GC(2440) ParOldGen: 455521K(455680K)->455529K(455680K)
[864.588s][info][gc,metaspace   ] GC(2440) Metaspace: 35749K(36480K)->35749K(36480K) NonClass: 26534K(27072K)->26534K(27072K) Class: 9215K(9408K)->9215K(9408K)
[864.588s][info][gc             ] GC(2440) Pause Young (Allocation Failure) 699M->444M(690M) 1.958ms
[864.588s][info][gc,cpu         ] GC(2440) User=0.00s Sys=0.00s Real=0.01s
[864.851s][info][gc,start       ] GC(2441) Pause Young (Allocation Failure)
[864.853s][info][gc,heap        ] GC(2441) PSYoungGen: 250944K(251392K)->64K(249856K) Eden: 250880K(250880K)->0K(241152K) From: 64K(512K)->64K(8704K)
[864.853s][info][gc,heap        ] GC(2441) ParOldGen: 455529K(455680K)->455537K(455680K)
[864.853s][info][gc,metaspace   ] GC(2441) Metaspace: 35749K(36480K)->35749K(36480K) NonClass: 26534K(27072K)->26534K(27072K) Class: 9215K(9408K)->9215K(9408K)
[864.853s][info][gc             ] GC(2441) Pause Young (Allocation Failure) 689M->444M(689M) 1.356ms
[864.853s][info][gc,cpu         ] GC(2441) User=0.00s Sys=0.00s Real=0.00s
[865.244s][info][gc,start       ] GC(2442) Pause Young (Allocation Failure)
[865.246s][info][gc,heap        ] GC(2442) PSYoungGen: 241216K(249856K)->64K(232448K) Eden: 241152K(241152K)->0K(231936K) From: 64K(8704K)->64K(512K)
[865.246s][info][gc,heap        ] GC(2442) ParOldGen: 455537K(455680K)->455545K(455680K)
[865.246s][info][gc,metaspace   ] GC(2442) Metaspace: 35749K(36480K)->35749K(36480K) NonClass: 26534K(27072K)->26534K(27072K) Class: 9215K(9408K)->9215K(9408K)
[865.246s][info][gc             ] GC(2442) Pause Young (Allocation Failure) 680M->444M(672M) 1.899ms
[865.246s][info][gc,cpu         ] GC(2442) User=0.00s Sys=0.00s Real=0.00s
[865.582s][info][gc,start       ] GC(2443) Pause Young (Allocation Failure)
[865.586s][info][gc,heap        ] GC(2443) PSYoungGen: 231999K(232448K)->1504K(230912K) Eden: 231935K(231936K)->0K(223232K) From: 64K(512K)->1504K(7680K)
[865.586s][info][gc,heap        ] GC(2443) ParOldGen: 455545K(455680K)->455553K(455680K)
[865.586s][info][gc,metaspace   ] GC(2443) Metaspace: 35749K(36480K)->35749K(36480K) NonClass: 26534K(27072K)->26534K(27072K) Class: 9215K(9408K)->9215K(9408K)
[865.586s][info][gc             ] GC(2443) Pause Young (Allocation Failure) 671M->446M(670M) 3.498ms
[865.586s][info][gc,cpu         ] GC(2443) User=0.01s Sys=0.00s Real=0.00s
[865.844s][info][gc,start       ] GC(2444) Pause Young (Allocation Failure)
[865.891s][info][gc,heap        ] GC(2444) PSYoungGen: 224736K(230912K)->7168K(274432K) Eden: 223232K(223232K)->0K(267264K) From: 1504K(7680K)->7168K(7168K)
[865.892s][info][gc,heap        ] GC(2444) ParOldGen: 455553K(455680K)->473513K(473600K)
[865.892s][info][gc,metaspace   ] GC(2444) Metaspace: 35749K(36480K)->35749K(36480K) NonClass: 26534K(27072K)->26534K(27072K) Class: 9215K(9408K)->9215K(9408K)
[865.892s][info][gc             ] GC(2444) Pause Young (Allocation Failure) 664M->469M(730M) 47.303ms
[865.892s][info][gc,cpu         ] GC(2444) User=0.07s Sys=0.02s Real=0.05s
[866.204s][info][gc,start       ] GC(2445) Pause Young (Allocation Failure)
[866.261s][info][gc,heap        ] GC(2445) PSYoungGen: 274432K(274432K)->15360K(282624K) Eden: 267264K(267264K)->0K(267264K) From: 7168K(7168K)->15360K(15360K)
[866.261s][info][gc,heap        ] GC(2445) ParOldGen: 473513K(473600K)->488705K(488960K)
[866.261s][info][gc,metaspace   ] GC(2445) Metaspace: 35749K(36480K)->35749K(36480K) NonClass: 26534K(27072K)->26534K(27072K) Class: 9215K(9408K)->9215K(9408K)
[866.261s][info][gc             ] GC(2445) Pause Young (Allocation Failure) 730M->492M(753M) 56.944ms
[866.261s][info][gc,cpu         ] GC(2445) User=0.10s Sys=0.01s Real=0.06s
[866.376s][info][gc,start       ] GC(2446) Pause Young (Allocation Failure)
[866.393s][info][gc,heap        ] GC(2446) PSYoungGen: 282624K(282624K)->5984K(311296K) Eden: 267264K(267264K)->0K(286720K) From: 15360K(15360K)->5984K(24576K)
[866.393s][info][gc,heap        ] GC(2446) ParOldGen: 488705K(488960K)->489105K(489472K)
[866.393s][info][gc,metaspace   ] GC(2446) Metaspace: 35749K(36480K)->35749K(36480K) NonClass: 26534K(27072K)->26534K(27072K) Class: 9215K(9408K)->9215K(9408K)
[866.393s][info][gc             ] GC(2446) Pause Young (Allocation Failure) 753M->483M(782M) 16.860ms
[866.393s][info][gc,cpu         ] GC(2446) User=0.03s Sys=0.00s Real=0.02s
[866.870s][info][gc,start       ] GC(2447) Pause Young (Allocation Failure)
[866.872s][info][gc,heap        ] GC(2447) PSYoungGen: 292704K(311296K)->64K(287232K) Eden: 286720K(286720K)->0K(286720K) From: 5984K(24576K)->64K(512K)
[866.872s][info][gc,heap        ] GC(2447) ParOldGen: 489105K(489472K)->489113K(489472K)
[866.872s][info][gc,metaspace   ] GC(2447) Metaspace: 35749K(36480K)->35749K(36480K) NonClass: 26534K(27072K)->26534K(27072K) Class: 9215K(9408K)->9215K(9408K)
[866.872s][info][gc             ] GC(2447) Pause Young (Allocation Failure) 763M->477M(758M) 1.776ms
[866.872s][info][gc,cpu         ] GC(2447) User=0.00s Sys=0.00s Real=0.00s
[867.344s][info][gc,start       ] GC(2448) Pause Young (Allocation Failure)
[867.345s][info][gc,heap        ] GC(2448) PSYoungGen: 286784K(287232K)->64K(309248K) Eden: 286720K(286720K)->0K(287232K) From: 64K(512K)->64K(22016K)
[867.345s][info][gc,heap        ] GC(2448) ParOldGen: 489113K(489472K)->489121K(489472K)
[867.345s][info][gc,metaspace   ] GC(2448) Metaspace: 35749K(36480K)->35749K(36480K) NonClass: 26534K(27072K)->26534K(27072K) Class: 9215K(9408K)->9215K(9408K)
[867.345s][info][gc             ] GC(2448) Pause Young (Allocation Failure) 757M->477M(780M) 1.541ms
[867.345s][info][gc,cpu         ] GC(2448) User=0.00s Sys=0.00s Real=0.00s
[867.794s][info][gc,start       ] GC(2449) Pause Young (Allocation Failure)
[867.796s][info][gc,heap        ] GC(2449) PSYoungGen: 287296K(309248K)->64K(308736K) Eden: 287232K(287232K)->0K(287232K) From: 64K(22016K)->64K(21504K)
[867.796s][info][gc,heap        ] GC(2449) ParOldGen: 489121K(489472K)->489137K(489472K)
[867.796s][info][gc,metaspace   ] GC(2449) Metaspace: 35749K(36480K)->35749K(36480K) NonClass: 26534K(27072K)->26534K(27072K) Class: 9215K(9408K)->9215K(9408K)
[867.796s][info][gc             ] GC(2449) Pause Young (Allocation Failure) 758M->477M(779M) 1.589ms
[867.796s][info][gc,cpu         ] GC(2449) User=0.00s Sys=0.00s Real=0.00s
[868.031s][info][gc,start       ] GC(2450) Pause Young (Allocation Failure)
[868.033s][info][gc,heap        ] GC(2450) PSYoungGen: 287296K(308736K)->64K(311296K) Eden: 287232K(287232K)->0K(291328K) From: 64K(21504K)->64K(19968K)
[868.033s][info][gc,heap        ] GC(2450) ParOldGen: 489137K(489472K)->489153K(489472K)
[868.033s][info][gc,metaspace   ] GC(2450) Metaspace: 35749K(36480K)->35749K(36480K) NonClass: 26534K(27072K)->26534K(27072K) Class: 9215K(9408K)->9215K(9408K)
[868.033s][info][gc             ] GC(2450) Pause Young (Allocation Failure) 758M->477M(782M) 1.403ms
[868.033s][info][gc,cpu         ] GC(2450) User=0.00s Sys=0.00s Real=0.00s
[868.386s][info][gc,start       ] GC(2451) Pause Young (Allocation Failure)
[868.388s][info][gc,heap        ] GC(2451) PSYoungGen: 291392K(311296K)->64K(310784K) Eden: 291328K(291328K)->0K(291328K) From: 64K(19968K)->64K(19456K)
[868.388s][info][gc,heap        ] GC(2451) ParOldGen: 489153K(489472K)->489153K(489472K)
[868.388s][info][gc,metaspace   ] GC(2451) Metaspace: 35749K(36480K)->35749K(36480K) NonClass: 26534K(27072K)->26534K(27072K) Class: 9215K(9408K)->9215K(9408K)
[868.388s][info][gc             ] GC(2451) Pause Young (Allocation Failure) 762M->477M(781M) 1.418ms
[868.388s][info][gc,cpu         ] GC(2451) User=0.01s Sys=0.00s Real=0.01s
[868.529s][info][gc,start       ] GC(2452) Pause Young (Allocation Failure)
[868.531s][info][gc,heap        ] GC(2452) PSYoungGen: 291392K(310784K)->64K(313344K) Eden: 291328K(291328K)->0K(295424K) From: 64K(19456K)->64K(17920K)
[868.531s][info][gc,heap        ] GC(2452) ParOldGen: 489153K(489472K)->489161K(489472K)
[868.531s][info][gc,metaspace   ] GC(2452) Metaspace: 35749K(36480K)->35749K(36480K) NonClass: 26534K(27072K)->26534K(27072K) Class: 9215K(9408K)->9215K(9408K)
[868.531s][info][gc             ] GC(2452) Pause Young (Allocation Failure) 762M->477M(784M) 1.365ms
[868.531s][info][gc,cpu         ] GC(2452) User=0.01s Sys=0.00s Real=0.00s
[868.583s][info][gc,start       ] GC(2453) Pause Young (Allocation Failure)
[868.584s][info][gc,heap        ] GC(2453) PSYoungGen: 295488K(313344K)->64K(313344K) Eden: 295424K(295424K)->0K(295424K) From: 64K(17920K)->64K(17920K)
[868.585s][info][gc,heap        ] GC(2453) ParOldGen: 489161K(489472K)->489177K(489472K)
[868.585s][info][gc,metaspace   ] GC(2453) Metaspace: 35749K(36480K)->35749K(36480K) NonClass: 26534K(27072K)->26534K(27072K) Class: 9215K(9408K)->9215K(9408K)
[868.585s][info][gc             ] GC(2453) Pause Young (Allocation Failure) 766M->477M(784M) 1.362ms
[868.585s][info][gc,cpu         ] GC(2453) User=0.00s Sys=0.00s Real=0.00s
[868.716s][info][gc,start       ] GC(2454) Pause Young (Allocation Failure)
[868.718s][info][gc,heap        ] GC(2454) PSYoungGen: 295488K(313344K)->64K(314880K) Eden: 295424K(295424K)->0K(299008K) From: 64K(17920K)->64K(15872K)
[868.718s][info][gc,heap        ] GC(2454) ParOldGen: 489177K(489472K)->489177K(489472K)
[868.718s][info][gc,metaspace   ] GC(2454) Metaspace: 35749K(36480K)->35749K(36480K) NonClass: 26534K(27072K)->26534K(27072K) Class: 9215K(9408K)->9215K(9408K)
[868.718s][info][gc             ] GC(2454) Pause Young (Allocation Failure) 766M->477M(785M) 1.367ms
[868.718s][info][gc,cpu         ] GC(2454) User=0.00s Sys=0.00s Real=0.01s
[868.961s][info][gc,start       ] GC(2455) Pause Young (Allocation Failure)
[868.962s][info][gc,heap        ] GC(2455) PSYoungGen: 299072K(314880K)->64K(314880K) Eden: 299008K(299008K)->0K(299008K) From: 64K(15872K)->64K(15872K)
[868.963s][info][gc,heap        ] GC(2455) ParOldGen: 489177K(489472K)->489185K(489472K)
[868.963s][info][gc,metaspace   ] GC(2455) Metaspace: 35749K(36480K)->35749K(36480K) NonClass: 26534K(27072K)->26534K(27072K) Class: 9215K(9408K)->9215K(9408K)
[868.963s][info][gc             ] GC(2455) Pause Young (Allocation Failure) 769M->477M(785M) 1.517ms
[868.963s][info][gc,cpu         ] GC(2455) User=0.00s Sys=0.00s Real=0.00s
[869.118s][info][gc,start       ] GC(2456) Pause Young (Allocation Failure)
[869.119s][info][gc,heap        ] GC(2456) PSYoungGen: 299072K(314880K)->64K(316416K) Eden: 299008K(299008K)->0K(302592K) From: 64K(15872K)->64K(13824K)
[869.119s][info][gc,heap        ] GC(2456) ParOldGen: 489185K(489472K)->489193K(489472K)
[869.119s][info][gc,metaspace   ] GC(2456) Metaspace: 35749K(36480K)->35749K(36480K) NonClass: 26534K(27072K)->26534K(27072K) Class: 9215K(9408K)->9215K(9408K)
[869.119s][info][gc             ] GC(2456) Pause Young (Allocation Failure) 769M->477M(787M) 1.425ms
[869.119s][info][gc,cpu         ] GC(2456) User=0.01s Sys=0.00s Real=0.00s
[869.208s][info][gc,start       ] GC(2457) Pause Young (Allocation Failure)
[869.209s][info][gc,heap        ] GC(2457) PSYoungGen: 302656K(316416K)->64K(316928K) Eden: 302592K(302592K)->0K(302592K) From: 64K(13824K)->64K(14336K)
[869.209s][info][gc,heap        ] GC(2457) ParOldGen: 489193K(489472K)->489201K(489472K)
[869.209s][info][gc,metaspace   ] GC(2457) Metaspace: 35749K(36480K)->35749K(36480K) NonClass: 26534K(27072K)->26534K(27072K) Class: 9215K(9408K)->9215K(9408K)
[869.210s][info][gc             ] GC(2457) Pause Young (Allocation Failure) 773M->477M(787M) 1.514ms
[869.210s][info][gc,cpu         ] GC(2457) User=0.00s Sys=0.00s Real=0.00s
[869.379s][info][gc,start       ] GC(2458) Pause Young (Allocation Failure)
[869.380s][info][gc,heap        ] GC(2458) PSYoungGen: 302656K(316928K)->64K(318976K) Eden: 302592K(302592K)->0K(306176K) From: 64K(14336K)->64K(12800K)
[869.380s][info][gc,heap        ] GC(2458) ParOldGen: 489201K(489472K)->489209K(489472K)
[869.380s][info][gc,metaspace   ] GC(2458) Metaspace: 35749K(36480K)->35749K(36480K) NonClass: 26534K(27072K)->26534K(27072K) Class: 9215K(9408K)->9215K(9408K)
[869.380s][info][gc             ] GC(2458) Pause Young (Allocation Failure) 773M->477M(789M) 1.477ms
[869.380s][info][gc,cpu         ] GC(2458) User=0.00s Sys=0.00s Real=0.00s
[870.269s][info][gc,start       ] GC(2459) Pause Young (Allocation Failure)
[870.271s][info][gc,heap        ] GC(2459) PSYoungGen: 306240K(318976K)->83K(318976K) Eden: 306176K(306176K)->0K(306176K) From: 64K(12800K)->83K(12800K)
[870.271s][info][gc,heap        ] GC(2459) ParOldGen: 489209K(489472K)->489217K(489472K)
[870.271s][info][gc,metaspace   ] GC(2459) Metaspace: 35749K(36480K)->35749K(36480K) NonClass: 26534K(27072K)->26534K(27072K) Class: 9215K(9408K)->9215K(9408K)
[870.271s][info][gc             ] GC(2459) Pause Young (Allocation Failure) 776M->477M(789M) 1.672ms
[870.271s][info][gc,cpu         ] GC(2459) User=0.00s Sys=0.00s Real=0.00s
[871.145s][info][gc,start       ] GC(2460) Pause Young (Allocation Failure)
[871.146s][info][gc,heap        ] GC(2460) PSYoungGen: 306259K(318976K)->64K(294400K) Eden: 306176K(306176K)->0K(293888K) From: 83K(12800K)->64K(512K)
[871.146s][info][gc,heap        ] GC(2460) ParOldGen: 489217K(489472K)->489225K(489472K)
[871.146s][info][gc,metaspace   ] GC(2460) Metaspace: 35749K(36480K)->35749K(36480K) NonClass: 26534K(27072K)->26534K(27072K) Class: 9215K(9408K)->9215K(9408K)
[871.146s][info][gc             ] GC(2460) Pause Young (Allocation Failure) 776M->477M(765M) 1.647ms
[871.146s][info][gc,cpu         ] GC(2460) User=0.01s Sys=0.00s Real=0.00s
[871.616s][info][gc,start       ] GC(2461) Pause Young (Allocation Failure)
[871.618s][info][gc,heap        ] GC(2461) PSYoungGen: 293952K(294400K)->64K(293376K) Eden: 293888K(293888K)->0K(282112K) From: 64K(512K)->64K(11264K)
[871.618s][info][gc,heap        ] GC(2461) ParOldGen: 489225K(489472K)->489233K(489472K)
[871.618s][info][gc,metaspace   ] GC(2461) Metaspace: 35749K(36480K)->35749K(36480K) NonClass: 26534K(27072K)->26534K(27072K) Class: 9215K(9408K)->9215K(9408K)
[871.618s][info][gc             ] GC(2461) Pause Young (Allocation Failure) 764M->477M(764M) 1.495ms
[871.618s][info][gc,cpu         ] GC(2461) User=0.01s Sys=0.00s Real=0.01s
[872.586s][info][gc,start       ] GC(2462) Pause Young (Allocation Failure)
[872.588s][info][gc,heap        ] GC(2462) PSYoungGen: 282176K(293376K)->64K(271872K) Eden: 282112K(282112K)->0K(271360K) From: 64K(11264K)->64K(512K)
[872.588s][info][gc,heap        ] GC(2462) ParOldGen: 489233K(489472K)->489241K(489472K)
[872.588s][info][gc,metaspace   ] GC(2462) Metaspace: 35749K(36480K)->35749K(36480K) NonClass: 26534K(27072K)->26534K(27072K) Class: 9215K(9408K)->9215K(9408K)
[872.588s][info][gc             ] GC(2462) Pause Young (Allocation Failure) 753M->477M(743M) 1.779ms
[872.588s][info][gc,cpu         ] GC(2462) User=0.00s Sys=0.00s Real=0.01s
[872.968s][info][gc,start       ] GC(2463) Pause Young (Allocation Failure)
[872.970s][info][gc,heap        ] GC(2463) PSYoungGen: 271424K(271872K)->64K(270848K) Eden: 271360K(271360K)->0K(261120K) From: 64K(512K)->64K(9728K)
[872.970s][info][gc,heap        ] GC(2463) ParOldGen: 489241K(489472K)->489249K(489472K)
[872.970s][info][gc,metaspace   ] GC(2463) Metaspace: 35749K(36480K)->35749K(36480K) NonClass: 26534K(27072K)->26534K(27072K) Class: 9215K(9408K)->9215K(9408K)
[872.970s][info][gc             ] GC(2463) Pause Young (Allocation Failure) 742M->477M(742M) 1.563ms
[872.970s][info][gc,cpu         ] GC(2463) User=0.01s Sys=0.00s Real=0.00s
[873.120s][info][gc,start       ] GC(2464) Pause Young (Allocation Failure)
[873.123s][info][gc,heap        ] GC(2464) PSYoungGen: 261184K(270848K)->64K(251392K) Eden: 261120K(261120K)->0K(250880K) From: 64K(9728K)->64K(512K)
[873.123s][info][gc,heap        ] GC(2464) ParOldGen: 489249K(489472K)->489265K(489472K)
[873.123s][info][gc,metaspace   ] GC(2464) Metaspace: 35749K(36480K)->35749K(36480K) NonClass: 26534K(27072K)->26534K(27072K) Class: 9215K(9408K)->9215K(9408K)
[873.123s][info][gc             ] GC(2464) Pause Young (Allocation Failure) 732M->477M(723M) 3.267ms
[873.123s][info][gc,cpu         ] GC(2464) User=0.01s Sys=0.00s Real=0.00s
[873.411s][info][gc,start       ] GC(2465) Pause Young (Allocation Failure)
[873.414s][info][gc,heap        ] GC(2465) PSYoungGen: 250944K(251392K)->64K(249856K) Eden: 250880K(250880K)->0K(241152K) From: 64K(512K)->64K(8704K)
[873.414s][info][gc,heap        ] GC(2465) ParOldGen: 489265K(489472K)->489281K(489472K)
[873.414s][info][gc,metaspace   ] GC(2465) Metaspace: 35749K(36480K)->35749K(36480K) NonClass: 26534K(27072K)->26534K(27072K) Class: 9215K(9408K)->9215K(9408K)
[873.414s][info][gc             ] GC(2465) Pause Young (Allocation Failure) 722M->477M(722M) 2.657ms
[873.414s][info][gc,cpu         ] GC(2465) User=0.01s Sys=0.00s Real=0.00s
[873.791s][info][gc,start       ] GC(2466) Pause Young (Allocation Failure)
[873.794s][info][gc,heap        ] GC(2466) PSYoungGen: 241216K(249856K)->32K(232448K) Eden: 241152K(241152K)->0K(231936K) From: 64K(8704K)->32K(512K)
[873.794s][info][gc,heap        ] GC(2466) ParOldGen: 489281K(489472K)->489297K(489472K)
[873.794s][info][gc,metaspace   ] GC(2466) Metaspace: 35749K(36480K)->35749K(36480K) NonClass: 26534K(27072K)->26534K(27072K) Class: 9215K(9408K)->9215K(9408K)
[873.794s][info][gc             ] GC(2466) Pause Young (Allocation Failure) 713M->477M(705M) 3.065ms
[873.794s][info][gc,cpu         ] GC(2466) User=0.00s Sys=0.00s Real=0.00s
[874.140s][info][gc,start       ] GC(2467) Pause Young (Allocation Failure)
[874.148s][info][gc,heap        ] GC(2467) PSYoungGen: 231968K(232448K)->2368K(281600K) Eden: 231936K(231936K)->0K(274432K) From: 32K(512K)->2368K(7168K)
[874.148s][info][gc,heap        ] GC(2467) ParOldGen: 489297K(489472K)->489305K(489472K)
[874.148s][info][gc,metaspace   ] GC(2467) Metaspace: 35749K(36480K)->35749K(36480K) NonClass: 26534K(27072K)->26534K(27072K) Class: 9215K(9408K)->9215K(9408K)
[874.148s][info][gc             ] GC(2467) Pause Young (Allocation Failure) 704M->480M(753M) 8.637ms
[874.148s][info][gc,cpu         ] GC(2467) User=0.01s Sys=0.00s Real=0.01s
[874.468s][info][gc,start       ] GC(2468) Pause Young (Allocation Failure)
[874.548s][info][gc,heap        ] GC(2468) PSYoungGen: 276800K(281600K)->7168K(276992K) Eden: 274432K(274432K)->0K(269824K) From: 2368K(7168K)->7168K(7168K)
[874.548s][info][gc,heap        ] GC(2468) ParOldGen: 489305K(489472K)->513025K(513536K)
[874.548s][info][gc,metaspace   ] GC(2468) Metaspace: 35749K(36480K)->35749K(36480K) NonClass: 26534K(27072K)->26534K(27072K) Class: 9215K(9408K)->9215K(9408K)
[874.548s][info][gc             ] GC(2468) Pause Young (Allocation Failure) 748M->508M(772M) 79.833ms
[874.548s][info][gc,cpu         ] GC(2468) User=0.10s Sys=0.02s Real=0.08s
[874.851s][info][gc,start       ] GC(2469) Pause Young (Allocation Failure)
[874.907s][info][gc,heap        ] GC(2469) PSYoungGen: 276992K(276992K)->17920K(287744K) Eden: 269824K(269824K)->0K(269824K) From: 7168K(7168K)->17920K(17920K)
[874.907s][info][gc,heap        ] GC(2469) ParOldGen: 513025K(513536K)->525177K(525312K)
[874.907s][info][gc,metaspace   ] GC(2469) Metaspace: 35749K(36480K)->35749K(36480K) NonClass: 26534K(27072K)->26534K(27072K) Class: 9215K(9408K)->9215K(9408K)
[874.907s][info][gc             ] GC(2469) Pause Young (Allocation Failure) 771M->530M(794M) 56.012ms
[874.907s][info][gc,cpu         ] GC(2469) User=0.11s Sys=0.01s Real=0.05s
[874.988s][info][gc,start       ] GC(2470) Pause Young (Allocation Failure)
[874.993s][info][gc,heap        ] GC(2470) PSYoungGen: 287744K(287744K)->64K(308736K) Eden: 269824K(269824K)->0K(282624K) From: 17920K(17920K)->64K(26112K)
[874.993s][info][gc,heap        ] GC(2470) ParOldGen: 525177K(525312K)->525497K(525824K)
[874.993s][info][gc,metaspace   ] GC(2470) Metaspace: 35749K(36480K)->35749K(36480K) NonClass: 26534K(27072K)->26534K(27072K) Class: 9215K(9408K)->9215K(9408K)
[874.993s][info][gc             ] GC(2470) Pause Young (Allocation Failure) 793M->513M(815M) 5.107ms
[874.993s][info][gc,cpu         ] GC(2470) User=0.01s Sys=0.00s Real=0.00s
[875.578s][info][gc,start       ] GC(2471) Pause Young (Allocation Failure)
[875.580s][info][gc,heap        ] GC(2471) PSYoungGen: 282688K(308736K)->64K(283136K) Eden: 282624K(282624K)->0K(282624K) From: 64K(26112K)->64K(512K)
[875.580s][info][gc,heap        ] GC(2471) ParOldGen: 525497K(525824K)->525505K(525824K)
[875.580s][info][gc,metaspace   ] GC(2471) Metaspace: 35749K(36480K)->35749K(36480K) NonClass: 26534K(27072K)->26534K(27072K) Class: 9215K(9408K)->9215K(9408K)
[875.580s][info][gc             ] GC(2471) Pause Young (Allocation Failure) 789M->513M(790M) 1.759ms
[875.580s][info][gc,cpu         ] GC(2471) User=0.00s Sys=0.00s Real=0.00s
[875.955s][info][gc,start       ] GC(2472) Pause Young (Allocation Failure)
[875.956s][info][gc,heap        ] GC(2472) PSYoungGen: 282688K(283136K)->64K(308224K) Eden: 282624K(282624K)->0K(283648K) From: 64K(512K)->64K(24576K)
[875.956s][info][gc,heap        ] GC(2472) ParOldGen: 525505K(525824K)->525513K(525824K)
[875.956s][info][gc,metaspace   ] GC(2472) Metaspace: 35749K(36480K)->35749K(36480K) NonClass: 26534K(27072K)->26534K(27072K) Class: 9215K(9408K)->9215K(9408K)
[875.956s][info][gc             ] GC(2472) Pause Young (Allocation Failure) 789M->513M(814M) 1.671ms
[875.956s][info][gc,cpu         ] GC(2472) User=0.00s Sys=0.00s Real=0.00s
[876.405s][info][gc,start       ] GC(2473) Pause Young (Allocation Failure)
[876.407s][info][gc,heap        ] GC(2473) PSYoungGen: 283712K(308224K)->64K(307200K) Eden: 283648K(283648K)->0K(283648K) From: 64K(24576K)->64K(23552K)
[876.407s][info][gc,heap        ] GC(2473) ParOldGen: 525513K(525824K)->525529K(525824K)
[876.407s][info][gc,metaspace   ] GC(2473) Metaspace: 35749K(36480K)->35749K(36480K) NonClass: 26534K(27072K)->26534K(27072K) Class: 9215K(9408K)->9215K(9408K)
[876.407s][info][gc             ] GC(2473) Pause Young (Allocation Failure) 790M->513M(813M) 1.695ms
[876.407s][info][gc,cpu         ] GC(2473) User=0.00s Sys=0.00s Real=0.01s
[876.639s][info][gc,start       ] GC(2474) Pause Young (Allocation Failure)
[876.641s][info][gc,heap        ] GC(2474) PSYoungGen: 283712K(307200K)->64K(309248K) Eden: 283648K(283648K)->0K(286720K) From: 64K(23552K)->64K(22528K)
[876.641s][info][gc,heap        ] GC(2474) ParOldGen: 525529K(525824K)->525545K(525824K)
[876.641s][info][gc,metaspace   ] GC(2474) Metaspace: 35749K(36480K)->35749K(36480K) NonClass: 26534K(27072K)->26534K(27072K) Class: 9215K(9408K)->9215K(9408K)
[876.641s][info][gc             ] GC(2474) Pause Young (Allocation Failure) 790M->513M(815M) 1.530ms
[876.641s][info][gc,cpu         ] GC(2474) User=0.00s Sys=0.00s Real=0.00s
[876.997s][info][gc,start       ] GC(2475) Pause Young (Allocation Failure)
[876.998s][info][gc,heap        ] GC(2475) PSYoungGen: 286784K(309248K)->64K(308224K) Eden: 286720K(286720K)->0K(286720K) From: 64K(22528K)->64K(21504K)
[876.999s][info][gc,heap        ] GC(2475) ParOldGen: 525545K(525824K)->525545K(525824K)
[876.999s][info][gc,metaspace   ] GC(2475) Metaspace: 35749K(36480K)->35749K(36480K) NonClass: 26534K(27072K)->26534K(27072K) Class: 9215K(9408K)->9215K(9408K)
[876.999s][info][gc             ] GC(2475) Pause Young (Allocation Failure) 793M->513M(814M) 1.466ms
[876.999s][info][gc,cpu         ] GC(2475) User=0.00s Sys=0.00s Real=0.00s
[877.103s][info][gc,start       ] GC(2476) Pause Young (Allocation Failure)
[877.104s][info][gc,heap        ] GC(2476) PSYoungGen: 286784K(308224K)->64K(310784K) Eden: 286720K(286720K)->0K(291328K) From: 64K(21504K)->64K(19456K)
[877.104s][info][gc,heap        ] GC(2476) ParOldGen: 525545K(525824K)->525553K(525824K)
[877.104s][info][gc,metaspace   ] GC(2476) Metaspace: 35749K(36480K)->35749K(36480K) NonClass: 26534K(27072K)->26534K(27072K) Class: 9215K(9408K)->9215K(9408K)
[877.104s][info][gc             ] GC(2476) Pause Young (Allocation Failure) 793M->513M(817M) 1.731ms
[877.104s][info][gc,cpu         ] GC(2476) User=0.00s Sys=0.00s Real=0.00s
[877.156s][info][gc,start       ] GC(2477) Pause Young (Allocation Failure)
[877.157s][info][gc,heap        ] GC(2477) PSYoungGen: 291392K(310784K)->64K(310272K) Eden: 291328K(291328K)->0K(291328K) From: 64K(19456K)->64K(18944K)
[877.157s][info][gc,heap        ] GC(2477) ParOldGen: 525553K(525824K)->525569K(525824K)
[877.157s][info][gc,metaspace   ] GC(2477) Metaspace: 35749K(36480K)->35749K(36480K) NonClass: 26534K(27072K)->26534K(27072K) Class: 9215K(9408K)->9215K(9408K)
[877.157s][info][gc             ] GC(2477) Pause Young (Allocation Failure) 797M->513M(816M) 1.526ms
[877.157s][info][gc,cpu         ] GC(2477) User=0.00s Sys=0.00s Real=0.01s
[877.308s][info][gc,start       ] GC(2478) Pause Young (Allocation Failure)
[877.310s][info][gc,heap        ] GC(2478) PSYoungGen: 291392K(310272K)->64K(313856K) Eden: 291328K(291328K)->0K(296448K) From: 64K(18944K)->64K(17408K)
[877.310s][info][gc,heap        ] GC(2478) ParOldGen: 525569K(525824K)->525569K(525824K)
[877.310s][info][gc,metaspace   ] GC(2478) Metaspace: 35749K(36480K)->35749K(36480K) NonClass: 26534K(27072K)->26534K(27072K) Class: 9215K(9408K)->9215K(9408K)
[877.310s][info][gc             ] GC(2478) Pause Young (Allocation Failure) 797M->513M(820M) 1.455ms
[877.310s][info][gc,cpu         ] GC(2478) User=0.00s Sys=0.00s Real=0.00s
[877.546s][info][gc,start       ] GC(2479) Pause Young (Allocation Failure)
[877.547s][info][gc,heap        ] GC(2479) PSYoungGen: 296512K(313856K)->64K(313344K) Eden: 296448K(296448K)->0K(296448K) From: 64K(17408K)->64K(16896K)
[877.547s][info][gc,heap        ] GC(2479) ParOldGen: 525569K(525824K)->525577K(525824K)
[877.547s][info][gc,metaspace   ] GC(2479) Metaspace: 35749K(36480K)->35749K(36480K) NonClass: 26534K(27072K)->26534K(27072K) Class: 9215K(9408K)->9215K(9408K)
[877.547s][info][gc             ] GC(2479) Pause Young (Allocation Failure) 802M->513M(819M) 1.461ms
[877.547s][info][gc,cpu         ] GC(2479) User=0.00s Sys=0.00s Real=0.01s
[877.691s][info][gc,start       ] GC(2480) Pause Young (Allocation Failure)
[877.693s][info][gc,heap        ] GC(2480) PSYoungGen: 296512K(313344K)->64K(315904K) Eden: 296448K(296448K)->0K(300032K) From: 64K(16896K)->64K(15872K)
[877.693s][info][gc,heap        ] GC(2480) ParOldGen: 525577K(525824K)->525585K(525824K)
[877.693s][info][gc,metaspace   ] GC(2480) Metaspace: 35749K(36480K)->35749K(36480K) NonClass: 26534K(27072K)->26534K(27072K) Class: 9215K(9408K)->9215K(9408K)
[877.693s][info][gc             ] GC(2480) Pause Young (Allocation Failure) 802M->513M(822M) 1.522ms
[877.693s][info][gc,cpu         ] GC(2480) User=0.01s Sys=0.00s Real=0.00s
[877.787s][info][gc,start       ] GC(2481) Pause Young (Allocation Failure)
[877.788s][info][gc,heap        ] GC(2481) PSYoungGen: 300096K(315904K)->64K(315392K) Eden: 300032K(300032K)->0K(300032K) From: 64K(15872K)->64K(15360K)
[877.788s][info][gc,heap        ] GC(2481) ParOldGen: 525585K(525824K)->525593K(525824K)
[877.788s][info][gc,metaspace   ] GC(2481) Metaspace: 35749K(36480K)->35749K(36480K) NonClass: 26534K(27072K)->26534K(27072K) Class: 9215K(9408K)->9215K(9408K)
[877.788s][info][gc             ] GC(2481) Pause Young (Allocation Failure) 806M->513M(821M) 1.472ms
[877.788s][info][gc,cpu         ] GC(2481) User=0.00s Sys=0.00s Real=0.01s
[877.957s][info][gc,start       ] GC(2482) Pause Young (Allocation Failure)
[877.959s][info][gc,heap        ] GC(2482) PSYoungGen: 300096K(315392K)->64K(317440K) Eden: 300032K(300032K)->0K(303616K) From: 64K(15360K)->64K(13824K)
[877.959s][info][gc,heap        ] GC(2482) ParOldGen: 525593K(525824K)->525601K(525824K)
[877.959s][info][gc,metaspace   ] GC(2482) Metaspace: 35749K(36480K)->35749K(36480K) NonClass: 26534K(27072K)->26534K(27072K) Class: 9215K(9408K)->9215K(9408K)
[877.959s][info][gc             ] GC(2482) Pause Young (Allocation Failure) 806M->513M(823M) 1.420ms
[877.959s][info][gc,cpu         ] GC(2482) User=0.00s Sys=0.00s Real=0.00s
[878.854s][info][gc,start       ] GC(2483) Pause Young (Allocation Failure)
[878.856s][info][gc,heap        ] GC(2483) PSYoungGen: 303680K(317440K)->83K(316928K) Eden: 303616K(303616K)->0K(303616K) From: 64K(13824K)->83K(13312K)
[878.856s][info][gc,heap        ] GC(2483) ParOldGen: 525601K(525824K)->525609K(525824K)
[878.856s][info][gc,metaspace   ] GC(2483) Metaspace: 35749K(36480K)->35749K(36480K) NonClass: 26534K(27072K)->26534K(27072K) Class: 9215K(9408K)->9215K(9408K)
[878.856s][info][gc             ] GC(2483) Pause Young (Allocation Failure) 809M->513M(823M) 1.717ms
[878.856s][info][gc,cpu         ] GC(2483) User=0.00s Sys=0.00s Real=0.00s
[879.736s][info][gc,start       ] GC(2484) Pause Young (Allocation Failure)
[879.737s][info][gc,heap        ] GC(2484) PSYoungGen: 303699K(316928K)->64K(292352K) Eden: 303616K(303616K)->0K(291840K) From: 83K(13312K)->64K(512K)
[879.737s][info][gc,heap        ] GC(2484) ParOldGen: 525609K(525824K)->525617K(525824K)
[879.737s][info][gc,metaspace   ] GC(2484) Metaspace: 35749K(36480K)->35749K(36480K) NonClass: 26534K(27072K)->26534K(27072K) Class: 9215K(9408K)->9215K(9408K)
[879.737s][info][gc             ] GC(2484) Pause Young (Allocation Failure) 809M->513M(799M) 1.660ms
[879.737s][info][gc,cpu         ] GC(2484) User=0.00s Sys=0.00s Real=0.01s
[880.199s][info][gc,start       ] GC(2485) Pause Young (Allocation Failure)
[880.200s][info][gc,heap        ] GC(2485) PSYoungGen: 291904K(292352K)->64K(292352K) Eden: 291840K(291840K)->0K(280576K) From: 64K(512K)->64K(11776K)
[880.200s][info][gc,heap        ] GC(2485) ParOldGen: 525617K(525824K)->525625K(525824K)
[880.200s][info][gc,metaspace   ] GC(2485) Metaspace: 35749K(36480K)->35749K(36480K) NonClass: 26534K(27072K)->26534K(27072K) Class: 9215K(9408K)->9215K(9408K)
[880.200s][info][gc             ] GC(2485) Pause Young (Allocation Failure) 798M->513M(799M) 1.593ms
[880.200s][info][gc,cpu         ] GC(2485) User=0.00s Sys=0.00s Real=0.00s
[881.178s][info][gc,start       ] GC(2486) Pause Young (Allocation Failure)
[881.180s][info][gc,heap        ] GC(2486) PSYoungGen: 280640K(292352K)->64K(270336K) Eden: 280576K(280576K)->0K(269824K) From: 64K(11776K)->64K(512K)
[881.180s][info][gc,heap        ] GC(2486) ParOldGen: 525625K(525824K)->525633K(525824K)
[881.180s][info][gc,metaspace   ] GC(2486) Metaspace: 35749K(36480K)->35749K(36480K) NonClass: 26534K(27072K)->26534K(27072K) Class: 9215K(9408K)->9215K(9408K)
[881.180s][info][gc             ] GC(2486) Pause Young (Allocation Failure) 787M->513M(777M) 1.628ms
[881.180s][info][gc,cpu         ] GC(2486) User=0.00s Sys=0.00s Real=0.00s
[881.551s][info][gc,start       ] GC(2487) Pause Young (Allocation Failure)
[881.553s][info][gc,heap        ] GC(2487) PSYoungGen: 269888K(270336K)->64K(269824K) Eden: 269824K(269824K)->0K(259584K) From: 64K(512K)->64K(10240K)
[881.553s][info][gc,heap        ] GC(2487) ParOldGen: 525633K(525824K)->525641K(525824K)
[881.553s][info][gc,metaspace   ] GC(2487) Metaspace: 35749K(36480K)->35749K(36480K) NonClass: 26534K(27072K)->26534K(27072K) Class: 9215K(9408K)->9215K(9408K)
[881.553s][info][gc             ] GC(2487) Pause Young (Allocation Failure) 776M->513M(777M) 1.535ms
[881.553s][info][gc,cpu         ] GC(2487) User=0.00s Sys=0.00s Real=0.00s
[881.695s][info][gc,start       ] GC(2488) Pause Young (Allocation Failure)
[881.697s][info][gc,heap        ] GC(2488) PSYoungGen: 259648K(269824K)->64K(250368K) Eden: 259584K(259584K)->0K(249856K) From: 64K(10240K)->64K(512K)
[881.697s][info][gc,heap        ] GC(2488) ParOldGen: 525641K(525824K)->525649K(525824K)
[881.697s][info][gc,metaspace   ] GC(2488) Metaspace: 35749K(36480K)->35749K(36480K) NonClass: 26534K(27072K)->26534K(27072K) Class: 9215K(9408K)->9215K(9408K)
[881.697s][info][gc             ] GC(2488) Pause Young (Allocation Failure) 766M->513M(758M) 1.586ms
[881.697s][info][gc,cpu         ] GC(2488) User=0.00s Sys=0.00s Real=0.01s
[881.999s][info][gc,start       ] GC(2489) Pause Young (Allocation Failure)
[882.000s][info][gc,heap        ] GC(2489) PSYoungGen: 249920K(250368K)->64K(249344K) Eden: 249856K(249856K)->0K(240640K) From: 64K(512K)->64K(8704K)
[882.000s][info][gc,heap        ] GC(2489) ParOldGen: 525649K(525824K)->525657K(525824K)
[882.000s][info][gc,metaspace   ] GC(2489) Metaspace: 35749K(36480K)->35749K(36480K) NonClass: 26534K(27072K)->26534K(27072K) Class: 9215K(9408K)->9215K(9408K)
[882.000s][info][gc             ] GC(2489) Pause Young (Allocation Failure) 757M->513M(757M) 1.573ms
[882.000s][info][gc,cpu         ] GC(2489) User=0.00s Sys=0.00s Real=0.00s
[882.357s][info][gc,start       ] GC(2490) Pause Young (Allocation Failure)
[882.359s][info][gc,heap        ] GC(2490) PSYoungGen: 240704K(249344K)->64K(231936K) Eden: 240640K(240640K)->0K(231424K) From: 64K(8704K)->64K(512K)
[882.359s][info][gc,heap        ] GC(2490) ParOldGen: 525657K(525824K)->525665K(525824K)
[882.359s][info][gc,metaspace   ] GC(2490) Metaspace: 35749K(36480K)->35749K(36480K) NonClass: 26534K(27072K)->26534K(27072K) Class: 9215K(9408K)->9215K(9408K)
[882.359s][info][gc             ] GC(2490) Pause Young (Allocation Failure) 748M->513M(740M) 2.283ms
[882.359s][info][gc,cpu         ] GC(2490) User=0.00s Sys=0.00s Real=0.01s
[882.706s][info][gc,start       ] GC(2491) Pause Young (Allocation Failure)
[882.713s][info][gc,heap        ] GC(2491) PSYoungGen: 231488K(231936K)->3136K(230400K) Eden: 231424K(231424K)->0K(222720K) From: 64K(512K)->3136K(7680K)
[882.713s][info][gc,heap        ] GC(2491) ParOldGen: 525665K(525824K)->525673K(525824K)
[882.713s][info][gc,metaspace   ] GC(2491) Metaspace: 35749K(36480K)->35749K(36480K) NonClass: 26534K(27072K)->26534K(27072K) Class: 9215K(9408K)->9215K(9408K)
[882.713s][info][gc             ] GC(2491) Pause Young (Allocation Failure) 739M->516M(738M) 6.734ms
[882.713s][info][gc,cpu         ] GC(2491) User=0.02s Sys=0.00s Real=0.01s
[882.972s][info][gc,start       ] GC(2492) Pause Young (Allocation Failure)
[883.022s][info][gc,heap        ] GC(2492) PSYoungGen: 225856K(230400K)->7680K(273920K) Eden: 222720K(222720K)->0K(266240K) From: 3136K(7680K)->7680K(7680K)
[883.022s][info][gc,heap        ] GC(2492) ParOldGen: 525673K(525824K)->543057K(543232K)
[883.022s][info][gc,metaspace   ] GC(2492) Metaspace: 35749K(36480K)->35749K(36480K) NonClass: 26534K(27072K)->26534K(27072K) Class: 9215K(9408K)->9215K(9408K)
[883.022s][info][gc             ] GC(2492) Pause Young (Allocation Failure) 733M->537M(798M) 49.653ms
[883.022s][info][gc,cpu         ] GC(2492) User=0.09s Sys=0.01s Real=0.05s
[883.333s][info][gc,start       ] GC(2493) Pause Young (Allocation Failure)
[883.390s][info][gc,heap        ] GC(2493) PSYoungGen: 273920K(273920K)->15872K(282112K) Eden: 266240K(266240K)->0K(266240K) From: 7680K(7680K)->15872K(15872K)
[883.390s][info][gc,heap        ] GC(2493) ParOldGen: 543057K(543232K)->557601K(558080K)
[883.390s][info][gc,metaspace   ] GC(2493) Metaspace: 35749K(36480K)->35749K(36480K) NonClass: 26534K(27072K)->26534K(27072K) Class: 9215K(9408K)->9215K(9408K)
[883.390s][info][gc             ] GC(2493) Pause Young (Allocation Failure) 797M->560M(820M) 56.588ms
[883.390s][info][gc,cpu         ] GC(2493) User=0.10s Sys=0.01s Real=0.06s
[883.494s][info][gc,start       ] GC(2494) Pause Young (Allocation Failure)
[883.508s][info][gc,heap        ] GC(2494) PSYoungGen: 282112K(282112K)->4576K(310784K) Eden: 266240K(266240K)->0K(286208K) From: 15872K(15872K)->4576K(24576K)
[883.508s][info][gc,heap        ] GC(2494) ParOldGen: 557601K(558080K)->557985K(558080K)
[883.508s][info][gc,metaspace   ] GC(2494) Metaspace: 35749K(36480K)->35749K(36480K) NonClass: 26534K(27072K)->26534K(27072K) Class: 9215K(9408K)->9215K(9408K)
[883.508s][info][gc             ] GC(2494) Pause Young (Allocation Failure) 820M->549M(848M) 14.151ms
[883.508s][info][gc,cpu         ] GC(2494) User=0.02s Sys=0.01s Real=0.02s
[884.002s][info][gc,start       ] GC(2495) Pause Young (Allocation Failure)
[884.004s][info][gc,heap        ] GC(2495) PSYoungGen: 290784K(310784K)->64K(286720K) Eden: 286208K(286208K)->0K(286208K) From: 4576K(24576K)->64K(512K)
[884.004s][info][gc,heap        ] GC(2495) ParOldGen: 557985K(558080K)->557993K(558080K)
[884.004s][info][gc,metaspace   ] GC(2495) Metaspace: 35749K(36480K)->35749K(36480K) NonClass: 26534K(27072K)->26534K(27072K) Class: 9215K(9408K)->9215K(9408K)
[884.004s][info][gc             ] GC(2495) Pause Young (Allocation Failure) 828M->544M(825M) 1.769ms
[884.004s][info][gc,cpu         ] GC(2495) User=0.00s Sys=0.00s Real=0.00s
[884.454s][info][gc,start       ] GC(2496) Pause Young (Allocation Failure)
[884.456s][info][gc,heap        ] GC(2496) PSYoungGen: 286272K(286720K)->64K(309760K) Eden: 286208K(286208K)->0K(287232K) From: 64K(512K)->64K(22528K)
[884.456s][info][gc,heap        ] GC(2496) ParOldGen: 557993K(558080K)->558001K(558080K)
[884.456s][info][gc,metaspace   ] GC(2496) Metaspace: 35749K(36480K)->35749K(36480K) NonClass: 26534K(27072K)->26534K(27072K) Class: 9215K(9408K)->9215K(9408K)
[884.456s][info][gc             ] GC(2496) Pause Young (Allocation Failure) 824M->544M(847M) 1.713ms
[884.456s][info][gc,cpu         ] GC(2496) User=0.00s Sys=0.00s Real=0.00s
[884.903s][info][gc,start       ] GC(2497) Pause Young (Allocation Failure)
[884.905s][info][gc,heap        ] GC(2497) PSYoungGen: 287296K(309760K)->64K(308736K) Eden: 287232K(287232K)->0K(287232K) From: 64K(22528K)->64K(21504K)
[884.905s][info][gc,heap        ] GC(2497) ParOldGen: 558001K(558080K)->558017K(558080K)
[884.905s][info][gc,metaspace   ] GC(2497) Metaspace: 35749K(36480K)->35749K(36480K) NonClass: 26534K(27072K)->26534K(27072K) Class: 9215K(9408K)->9215K(9408K)
[884.905s][info][gc             ] GC(2497) Pause Young (Allocation Failure) 825M->545M(846M) 1.695ms
[884.905s][info][gc,cpu         ] GC(2497) User=0.00s Sys=0.00s Real=0.00s
[885.142s][info][gc,start       ] GC(2498) Pause Young (Allocation Failure)
[885.143s][info][gc,heap        ] GC(2498) PSYoungGen: 287296K(308736K)->64K(311296K) Eden: 287232K(287232K)->0K(290816K) From: 64K(21504K)->64K(20480K)
[885.143s][info][gc,heap        ] GC(2498) ParOldGen: 558017K(558080K)->558033K(558080K)
[885.143s][info][gc,metaspace   ] GC(2498) Metaspace: 35749K(36480K)->35749K(36480K) NonClass: 26534K(27072K)->26534K(27072K) Class: 9215K(9408K)->9215K(9408K)
[885.143s][info][gc             ] GC(2498) Pause Young (Allocation Failure) 825M->545M(849M) 1.740ms
[885.143s][info][gc,cpu         ] GC(2498) User=0.01s Sys=0.00s Real=0.00s
[885.502s][info][gc,start       ] GC(2499) Pause Young (Allocation Failure)
[885.503s][info][gc,heap        ] GC(2499) PSYoungGen: 290880K(311296K)->64K(310784K) Eden: 290816K(290816K)->0K(290816K) From: 64K(20480K)->64K(19968K)
[885.503s][info][gc,heap        ] GC(2499) ParOldGen: 558033K(558080K)->558033K(558080K)
[885.503s][info][gc,metaspace   ] GC(2499) Metaspace: 35749K(36480K)->35749K(36480K) NonClass: 26534K(27072K)->26534K(27072K) Class: 9215K(9408K)->9215K(9408K)
[885.503s][info][gc             ] GC(2499) Pause Young (Allocation Failure) 829M->545M(848M) 1.620ms
[885.503s][info][gc,cpu         ] GC(2499) User=0.01s Sys=0.00s Real=0.00s
[885.636s][info][gc,start       ] GC(2500) Pause Young (Allocation Failure)
[885.638s][info][gc,heap        ] GC(2500) PSYoungGen: 290880K(310784K)->64K(312832K) Eden: 290816K(290816K)->0K(294400K) From: 64K(19968K)->64K(18432K)
[885.638s][info][gc,heap        ] GC(2500) ParOldGen: 558033K(558080K)->558041K(558080K)
[885.638s][info][gc,metaspace   ] GC(2500) Metaspace: 35749K(36480K)->35749K(36480K) NonClass: 26534K(27072K)->26534K(27072K) Class: 9215K(9408K)->9215K(9408K)
[885.638s][info][gc             ] GC(2500) Pause Young (Allocation Failure) 829M->545M(850M) 1.535ms
[885.638s][info][gc,cpu         ] GC(2500) User=0.00s Sys=0.00s Real=0.01s
[885.691s][info][gc,start       ] GC(2501) Pause Young (Allocation Failure)
[885.692s][info][gc,heap        ] GC(2501) PSYoungGen: 294464K(312832K)->64K(312320K) Eden: 294400K(294400K)->0K(294400K) From: 64K(18432K)->64K(17920K)
[885.692s][info][gc,heap        ] GC(2501) ParOldGen: 558041K(558080K)->558057K(558080K)
[885.692s][info][gc,metaspace   ] GC(2501) Metaspace: 35749K(36480K)->35749K(36480K) NonClass: 26534K(27072K)->26534K(27072K) Class: 9215K(9408K)->9215K(9408K)
[885.692s][info][gc             ] GC(2501) Pause Young (Allocation Failure) 832M->545M(850M) 1.513ms
[885.692s][info][gc,cpu         ] GC(2501) User=0.01s Sys=0.00s Real=0.00s
[885.828s][info][gc,start       ] GC(2502) Pause Young (Allocation Failure)
[885.830s][info][gc,heap        ] GC(2502) PSYoungGen: 294464K(312320K)->64K(314880K) Eden: 294400K(294400K)->0K(298496K) From: 64K(17920K)->64K(16384K)
[885.830s][info][gc,heap        ] GC(2502) ParOldGen: 558057K(558080K)->558057K(558080K)
[885.830s][info][gc,metaspace   ] GC(2502) Metaspace: 35749K(36480K)->35749K(36480K) NonClass: 26534K(27072K)->26534K(27072K) Class: 9215K(9408K)->9215K(9408K)
[885.830s][info][gc             ] GC(2502) Pause Young (Allocation Failure) 832M->545M(852M) 1.564ms
[885.830s][info][gc,cpu         ] GC(2502) User=0.00s Sys=0.00s Real=0.00s
[886.073s][info][gc,start       ] GC(2503) Pause Young (Allocation Failure)
[886.075s][info][gc,heap        ] GC(2503) PSYoungGen: 298560K(314880K)->64K(314880K) Eden: 298496K(298496K)->0K(298496K) From: 64K(16384K)->64K(16384K)
[886.075s][info][gc,heap        ] GC(2503) ParOldGen: 558057K(558080K)->558065K(558080K)
[886.075s][info][gc,metaspace   ] GC(2503) Metaspace: 35749K(36480K)->35749K(36480K) NonClass: 26534K(27072K)->26534K(27072K) Class: 9215K(9408K)->9215K(9408K)
[886.075s][info][gc             ] GC(2503) Pause Young (Allocation Failure) 836M->545M(852M) 1.559ms
[886.075s][info][gc,cpu         ] GC(2503) User=0.00s Sys=0.00s Real=0.00s
[886.225s][info][gc,start       ] GC(2504) Pause Young (Allocation Failure)
[886.227s][info][gc,heap        ] GC(2504) PSYoungGen: 298560K(314880K)->64K(316416K) Eden: 298496K(298496K)->0K(302080K) From: 64K(16384K)->64K(14336K)
[886.227s][info][gc,heap        ] GC(2504) ParOldGen: 558065K(558080K)->558073K(558080K)
[886.227s][info][gc,metaspace   ] GC(2504) Metaspace: 35749K(36480K)->35749K(36480K) NonClass: 26534K(27072K)->26534K(27072K) Class: 9215K(9408K)->9215K(9408K)
[886.227s][info][gc             ] GC(2504) Pause Young (Allocation Failure) 836M->545M(854M) 1.574ms
[886.227s][info][gc,cpu         ] GC(2504) User=0.00s Sys=0.00s Real=0.01s
[886.318s][info][gc,start       ] GC(2505) Pause Young (Allocation Failure)
[886.319s][info][gc,heap        ] GC(2505) PSYoungGen: 302144K(316416K)->64K(316416K) Eden: 302080K(302080K)->0K(302080K) From: 64K(14336K)->64K(14336K)
[886.319s][info][gc,heap        ] GC(2505) ParOldGen: 558073K(558080K)->558081K(558592K)
[886.319s][info][gc,metaspace   ] GC(2505) Metaspace: 35749K(36480K)->35749K(36480K) NonClass: 26534K(27072K)->26534K(27072K) Class: 9215K(9408K)->9215K(9408K)
[886.319s][info][gc             ] GC(2505) Pause Young (Allocation Failure) 840M->545M(854M) 1.605ms
[886.319s][info][gc,cpu         ] GC(2505) User=0.00s Sys=0.00s Real=0.00s
[886.488s][info][gc,start       ] GC(2506) Pause Young (Allocation Failure)
[886.489s][info][gc,heap        ] GC(2506) PSYoungGen: 302144K(316416K)->64K(317952K) Eden: 302080K(302080K)->0K(305664K) From: 64K(14336K)->64K(12288K)
[886.489s][info][gc,heap        ] GC(2506) ParOldGen: 558081K(558592K)->558089K(558592K)
[886.489s][info][gc,metaspace   ] GC(2506) Metaspace: 35749K(36480K)->35749K(36480K) NonClass: 26534K(27072K)->26534K(27072K) Class: 9215K(9408K)->9215K(9408K)
[886.489s][info][gc             ] GC(2506) Pause Young (Allocation Failure) 840M->545M(856M) 1.568ms
[886.490s][info][gc,cpu         ] GC(2506) User=0.00s Sys=0.00s Real=0.00s
[887.378s][info][gc,start       ] GC(2507) Pause Young (Allocation Failure)
[887.380s][info][gc,heap        ] GC(2507) PSYoungGen: 305728K(317952K)->64K(318464K) Eden: 305664K(305664K)->0K(305664K) From: 64K(12288K)->64K(12800K)
[887.380s][info][gc,heap        ] GC(2507) ParOldGen: 558089K(558592K)->558097K(558592K)
[887.380s][info][gc,metaspace   ] GC(2507) Metaspace: 35749K(36480K)->35749K(36480K) NonClass: 26534K(27072K)->26534K(27072K) Class: 9215K(9408K)->9215K(9408K)
[887.380s][info][gc             ] GC(2507) Pause Young (Allocation Failure) 843M->545M(856M) 1.685ms
[887.380s][info][gc,cpu         ] GC(2507) User=0.00s Sys=0.00s Real=0.00s
[888.251s][info][gc,start       ] GC(2508) Pause Young (Allocation Failure)
[888.252s][info][gc,heap        ] GC(2508) PSYoungGen: 305728K(318464K)->64K(293888K) Eden: 305664K(305664K)->0K(293376K) From: 64K(12800K)->64K(512K)
[888.253s][info][gc,heap        ] GC(2508) ParOldGen: 558097K(558592K)->558105K(558592K)
[888.253s][info][gc,metaspace   ] GC(2508) Metaspace: 35749K(36480K)->35749K(36480K) NonClass: 26534K(27072K)->26534K(27072K) Class: 9215K(9408K)->9215K(9408K)
[888.253s][info][gc             ] GC(2508) Pause Young (Allocation Failure) 843M->545M(832M) 1.766ms
[888.253s][info][gc,cpu         ] GC(2508) User=0.00s Sys=0.00s Real=0.00s
[888.719s][info][gc,start       ] GC(2509) Pause Young (Allocation Failure)
[888.720s][info][gc,heap        ] GC(2509) PSYoungGen: 293440K(293888K)->64K(292864K) Eden: 293376K(293376K)->0K(281600K) From: 64K(512K)->64K(11264K)
[888.720s][info][gc,heap        ] GC(2509) ParOldGen: 558105K(558592K)->558113K(558592K)
[888.720s][info][gc,metaspace   ] GC(2509) Metaspace: 35749K(36480K)->35749K(36480K) NonClass: 26534K(27072K)->26534K(27072K) Class: 9215K(9408K)->9215K(9408K)
[888.720s][info][gc             ] GC(2509) Pause Young (Allocation Failure) 831M->545M(831M) 1.558ms
[888.720s][info][gc,cpu         ] GC(2509) User=0.01s Sys=0.00s Real=0.00s
[889.687s][info][gc,start       ] GC(2510) Pause Young (Allocation Failure)
[889.689s][info][gc,heap        ] GC(2510) PSYoungGen: 281664K(292864K)->64K(271360K) Eden: 281600K(281600K)->0K(270848K) From: 64K(11264K)->64K(512K)
[889.689s][info][gc,heap        ] GC(2510) ParOldGen: 558113K(558592K)->558121K(558592K)
[889.689s][info][gc,metaspace   ] GC(2510) Metaspace: 35749K(36480K)->35749K(36480K) NonClass: 26534K(27072K)->26534K(27072K) Class: 9215K(9408K)->9215K(9408K)
[889.689s][info][gc             ] GC(2510) Pause Young (Allocation Failure) 820M->545M(810M) 1.821ms
[889.689s][info][gc,cpu         ] GC(2510) User=0.00s Sys=0.00s Real=0.00s
[890.067s][info][gc,start       ] GC(2511) Pause Young (Allocation Failure)
[890.068s][info][gc,heap        ] GC(2511) PSYoungGen: 270912K(271360K)->64K(270336K) Eden: 270848K(270848K)->0K(260608K) From: 64K(512K)->64K(9728K)
[890.068s][info][gc,heap        ] GC(2511) ParOldGen: 558121K(558592K)->558129K(558592K)
[890.068s][info][gc,metaspace   ] GC(2511) Metaspace: 35749K(36480K)->35749K(36480K) NonClass: 26534K(27072K)->26534K(27072K) Class: 9215K(9408K)->9215K(9408K)
[890.068s][info][gc             ] GC(2511) Pause Young (Allocation Failure) 809M->545M(809M) 1.592ms
[890.068s][info][gc,cpu         ] GC(2511) User=0.00s Sys=0.00s Real=0.01s
[890.214s][info][gc,start       ] GC(2512) Pause Young (Allocation Failure)
[890.216s][info][gc,heap        ] GC(2512) PSYoungGen: 260672K(270336K)->64K(251392K) Eden: 260608K(260608K)->0K(250880K) From: 64K(9728K)->64K(512K)
[890.216s][info][gc,heap        ] GC(2512) ParOldGen: 558129K(558592K)->558137K(558592K)
[890.216s][info][gc,metaspace   ] GC(2512) Metaspace: 35749K(36480K)->35749K(36480K) NonClass: 26534K(27072K)->26534K(27072K) Class: 9215K(9408K)->9215K(9408K)
[890.216s][info][gc             ] GC(2512) Pause Young (Allocation Failure) 799M->545M(791M) 1.773ms
[890.216s][info][gc,cpu         ] GC(2512) User=0.01s Sys=0.00s Real=0.00s
[890.503s][info][gc,start       ] GC(2513) Pause Young (Allocation Failure)
[890.505s][info][gc,heap        ] GC(2513) PSYoungGen: 250944K(251392K)->64K(249856K) Eden: 250880K(250880K)->0K(241152K) From: 64K(512K)->64K(8704K)
[890.505s][info][gc,heap        ] GC(2513) ParOldGen: 558137K(558592K)->558145K(558592K)
[890.505s][info][gc,metaspace   ] GC(2513) Metaspace: 35749K(36480K)->35749K(36480K) NonClass: 26534K(27072K)->26534K(27072K) Class: 9215K(9408K)->9215K(9408K)
[890.505s][info][gc             ] GC(2513) Pause Young (Allocation Failure) 790M->545M(789M) 1.998ms
[890.506s][info][gc,cpu         ] GC(2513) User=0.01s Sys=0.00s Real=0.00s
[890.874s][info][gc,start       ] GC(2514) Pause Young (Allocation Failure)
[890.877s][info][gc,heap        ] GC(2514) PSYoungGen: 241216K(249856K)->64K(232448K) Eden: 241152K(241152K)->0K(231936K) From: 64K(8704K)->64K(512K)
[890.877s][info][gc,heap        ] GC(2514) ParOldGen: 558145K(558592K)->558153K(558592K)
[890.877s][info][gc,metaspace   ] GC(2514) Metaspace: 35749K(36480K)->35749K(36480K) NonClass: 26534K(27072K)->26534K(27072K) Class: 9215K(9408K)->9215K(9408K)
[890.877s][info][gc             ] GC(2514) Pause Young (Allocation Failure) 780M->545M(772M) 2.697ms
[890.877s][info][gc,cpu         ] GC(2514) User=0.01s Sys=0.00s Real=0.01s
[891.221s][info][gc,start       ] GC(2515) Pause Young (Allocation Failure)
[891.229s][info][gc,heap        ] GC(2515) PSYoungGen: 232000K(232448K)->2624K(276992K) Eden: 231936K(231936K)->0K(273920K) From: 64K(512K)->2624K(3072K)
[891.229s][info][gc,heap        ] GC(2515) ParOldGen: 558153K(558592K)->558161K(558592K)
[891.229s][info][gc,metaspace   ] GC(2515) Metaspace: 35749K(36480K)->35749K(36480K) NonClass: 26534K(27072K)->26534K(27072K) Class: 9215K(9408K)->9215K(9408K)
[891.229s][info][gc             ] GC(2515) Pause Young (Allocation Failure) 771M->547M(816M) 7.965ms
[891.229s][info][gc,cpu         ] GC(2515) User=0.01s Sys=0.00s Real=0.01s
[891.544s][info][gc,start       ] GC(2516) Pause Young (Allocation Failure)
[891.604s][info][gc,heap        ] GC(2516) PSYoungGen: 276544K(276992K)->7680K(276480K) Eden: 273920K(273920K)->0K(268800K) From: 2624K(3072K)->7680K(7680K)
[891.604s][info][gc,heap        ] GC(2516) ParOldGen: 558161K(558592K)->581305K(581632K)
[891.604s][info][gc,metaspace   ] GC(2516) Metaspace: 35749K(36480K)->35749K(36480K) NonClass: 26534K(27072K)->26534K(27072K) Class: 9215K(9408K)->9215K(9408K)
[891.604s][info][gc             ] GC(2516) Pause Young (Allocation Failure) 815M->575M(838M) 60.504ms
[891.604s][info][gc,cpu         ] GC(2516) User=0.10s Sys=0.02s Real=0.06s
[891.907s][info][gc,start       ] GC(2517) Pause Young (Allocation Failure)
[891.962s][info][gc,heap        ] GC(2517) PSYoungGen: 276480K(276480K)->17920K(286720K) Eden: 268800K(268800K)->0K(268800K) From: 7680K(7680K)->17920K(17920K)
[891.962s][info][gc,heap        ] GC(2517) ParOldGen: 581305K(581632K)->593225K(593408K)
[891.962s][info][gc,metaspace   ] GC(2517) Metaspace: 35749K(36480K)->35749K(36480K) NonClass: 26534K(27072K)->26534K(27072K) Class: 9215K(9408K)->9215K(9408K)
[891.962s][info][gc             ] GC(2517) Pause Young (Allocation Failure) 837M->596M(859M) 55.275ms
[891.962s][info][gc,cpu         ] GC(2517) User=0.10s Sys=0.00s Real=0.06s
[892.041s][info][gc,start       ] GC(2518) Pause Young (Allocation Failure)
[892.046s][info][gc,heap        ] GC(2518) PSYoungGen: 286720K(286720K)->64K(308736K) Eden: 268800K(268800K)->0K(282624K) From: 17920K(17920K)->64K(26112K)
[892.046s][info][gc,heap        ] GC(2518) ParOldGen: 593225K(593408K)->593537K(593920K)
[892.046s][info][gc,metaspace   ] GC(2518) Metaspace: 35749K(36480K)->35749K(36480K) NonClass: 26534K(27072K)->26534K(27072K) Class: 9215K(9408K)->9215K(9408K)
[892.046s][info][gc             ] GC(2518) Pause Young (Allocation Failure) 859M->579M(881M) 5.098ms
[892.046s][info][gc,cpu         ] GC(2518) User=0.01s Sys=0.00s Real=0.00s
[892.624s][info][gc,start       ] GC(2519) Pause Young (Allocation Failure)
[892.626s][info][gc,heap        ] GC(2519) PSYoungGen: 282688K(308736K)->64K(283136K) Eden: 282624K(282624K)->0K(282624K) From: 64K(26112K)->64K(512K)
[892.626s][info][gc,heap        ] GC(2519) ParOldGen: 593537K(593920K)->593545K(593920K)
[892.626s][info][gc,metaspace   ] GC(2519) Metaspace: 35749K(36480K)->35749K(36480K) NonClass: 26534K(27072K)->26534K(27072K) Class: 9215K(9408K)->9215K(9408K)
[892.626s][info][gc             ] GC(2519) Pause Young (Allocation Failure) 855M->579M(856M) 1.884ms
[892.626s][info][gc,cpu         ] GC(2519) User=0.01s Sys=0.01s Real=0.00s
[893.000s][info][gc,start       ] GC(2520) Pause Young (Allocation Failure)
[893.002s][info][gc,heap        ] GC(2520) PSYoungGen: 282688K(283136K)->64K(308224K) Eden: 282624K(282624K)->0K(283648K) From: 64K(512K)->64K(24576K)
[893.002s][info][gc,heap        ] GC(2520) ParOldGen: 593545K(593920K)->593553K(593920K)
[893.002s][info][gc,metaspace   ] GC(2520) Metaspace: 35749K(36480K)->35749K(36480K) NonClass: 26534K(27072K)->26534K(27072K) Class: 9215K(9408K)->9215K(9408K)
[893.002s][info][gc             ] GC(2520) Pause Young (Allocation Failure) 855M->579M(881M) 1.749ms
[893.002s][info][gc,cpu         ] GC(2520) User=0.00s Sys=0.00s Real=0.00s
[893.462s][info][gc,start       ] GC(2521) Pause Young (Allocation Failure)
[893.464s][info][gc,heap        ] GC(2521) PSYoungGen: 283712K(308224K)->64K(307200K) Eden: 283648K(283648K)->0K(283648K) From: 64K(24576K)->64K(23552K)
[893.464s][info][gc,heap        ] GC(2521) ParOldGen: 593553K(593920K)->593569K(593920K)
[893.464s][info][gc,metaspace   ] GC(2521) Metaspace: 35749K(36480K)->35749K(36480K) NonClass: 26534K(27072K)->26534K(27072K) Class: 9215K(9408K)->9215K(9408K)
[893.464s][info][gc             ] GC(2521) Pause Young (Allocation Failure) 856M->579M(880M) 1.866ms
[893.464s][info][gc,cpu         ] GC(2521) User=0.00s Sys=0.00s Real=0.00s
[893.695s][info][gc,start       ] GC(2522) Pause Young (Allocation Failure)
[893.697s][info][gc,heap        ] GC(2522) PSYoungGen: 283712K(307200K)->64K(309248K) Eden: 283648K(283648K)->0K(286720K) From: 64K(23552K)->64K(22528K)
[893.697s][info][gc,heap        ] GC(2522) ParOldGen: 593569K(593920K)->593585K(593920K)
[893.697s][info][gc,metaspace   ] GC(2522) Metaspace: 35749K(36480K)->35749K(36480K) NonClass: 26534K(27072K)->26534K(27072K) Class: 9215K(9408K)->9215K(9408K)
[893.697s][info][gc             ] GC(2522) Pause Young (Allocation Failure) 856M->579M(882M) 1.644ms
[893.697s][info][gc,cpu         ] GC(2522) User=0.01s Sys=0.00s Real=0.01s
[894.053s][info][gc,start       ] GC(2523) Pause Young (Allocation Failure)
[894.055s][info][gc,heap        ] GC(2523) PSYoungGen: 286784K(309248K)->64K(308224K) Eden: 286720K(286720K)->0K(286720K) From: 64K(22528K)->64K(21504K)
[894.055s][info][gc,heap        ] GC(2523) ParOldGen: 593585K(593920K)->593585K(593920K)
[894.055s][info][gc,metaspace   ] GC(2523) Metaspace: 35749K(36480K)->35749K(36480K) NonClass: 26534K(27072K)->26534K(27072K) Class: 9215K(9408K)->9215K(9408K)
[894.055s][info][gc             ] GC(2523) Pause Young (Allocation Failure) 859M->579M(881M) 1.574ms
[894.055s][info][gc,cpu         ] GC(2523) User=0.00s Sys=0.00s Real=0.00s
[894.159s][info][gc,start       ] GC(2524) Pause Young (Allocation Failure)
[894.160s][info][gc,heap        ] GC(2524) PSYoungGen: 286784K(308224K)->64K(310784K) Eden: 286720K(286720K)->0K(290816K) From: 64K(21504K)->64K(19968K)
[894.160s][info][gc,heap        ] GC(2524) ParOldGen: 593585K(593920K)->593593K(593920K)
[894.160s][info][gc,metaspace   ] GC(2524) Metaspace: 35749K(36480K)->35749K(36480K) NonClass: 26534K(27072K)->26534K(27072K) Class: 9215K(9408K)->9215K(9408K)
[894.160s][info][gc             ] GC(2524) Pause Young (Allocation Failure) 859M->579M(883M) 1.566ms
[894.160s][info][gc,cpu         ] GC(2524) User=0.00s Sys=0.00s Real=0.00s
[894.210s][info][gc,start       ] GC(2525) Pause Young (Allocation Failure)
[894.212s][info][gc,heap        ] GC(2525) PSYoungGen: 290880K(310784K)->64K(309760K) Eden: 290816K(290816K)->0K(290816K) From: 64K(19968K)->64K(18944K)
[894.212s][info][gc,heap        ] GC(2525) ParOldGen: 593593K(593920K)->593609K(593920K)
[894.212s][info][gc,metaspace   ] GC(2525) Metaspace: 35749K(36480K)->35749K(36480K) NonClass: 26534K(27072K)->26534K(27072K) Class: 9215K(9408K)->9215K(9408K)
[894.212s][info][gc             ] GC(2525) Pause Young (Allocation Failure) 863M->579M(882M) 1.562ms
[894.212s][info][gc,cpu         ] GC(2525) User=0.00s Sys=0.00s Real=0.00s
[894.361s][info][gc,start       ] GC(2526) Pause Young (Allocation Failure)
[894.363s][info][gc,heap        ] GC(2526) PSYoungGen: 290880K(309760K)->64K(313856K) Eden: 290816K(290816K)->0K(295936K) From: 64K(18944K)->64K(17920K)
[894.363s][info][gc,heap        ] GC(2526) ParOldGen: 593609K(593920K)->593609K(593920K)
[894.363s][info][gc,metaspace   ] GC(2526) Metaspace: 35749K(36480K)->35749K(36480K) NonClass: 26534K(27072K)->26534K(27072K) Class: 9215K(9408K)->9215K(9408K)
[894.363s][info][gc             ] GC(2526) Pause Young (Allocation Failure) 863M->579M(886M) 1.555ms
[894.363s][info][gc,cpu         ] GC(2526) User=0.00s Sys=0.00s Real=0.00s
[894.599s][info][gc,start       ] GC(2527) Pause Young (Allocation Failure)
[894.600s][info][gc,heap        ] GC(2527) PSYoungGen: 296000K(313856K)->64K(312832K) Eden: 295936K(295936K)->0K(295936K) From: 64K(17920K)->64K(16896K)
[894.600s][info][gc,heap        ] GC(2527) ParOldGen: 593609K(593920K)->593617K(593920K)
[894.600s][info][gc,metaspace   ] GC(2527) Metaspace: 35749K(36480K)->35749K(36480K) NonClass: 26534K(27072K)->26534K(27072K) Class: 9215K(9408K)->9215K(9408K)
[894.600s][info][gc             ] GC(2527) Pause Young (Allocation Failure) 868M->579M(885M) 1.623ms
[894.600s][info][gc,cpu         ] GC(2527) User=0.00s Sys=0.00s Real=0.00s
[894.743s][info][gc,start       ] GC(2528) Pause Young (Allocation Failure)
[894.744s][info][gc,heap        ] GC(2528) PSYoungGen: 296000K(312832K)->64K(315392K) Eden: 295936K(295936K)->0K(299520K) From: 64K(16896K)->64K(15872K)
[894.744s][info][gc,heap        ] GC(2528) ParOldGen: 593617K(593920K)->593625K(593920K)
[894.744s][info][gc,metaspace   ] GC(2528) Metaspace: 35749K(36480K)->35749K(36480K) NonClass: 26534K(27072K)->26534K(27072K) Class: 9215K(9408K)->9215K(9408K)
[894.744s][info][gc             ] GC(2528) Pause Young (Allocation Failure) 868M->579M(888M) 1.580ms
[894.745s][info][gc,cpu         ] GC(2528) User=0.00s Sys=0.00s Real=0.00s
[894.839s][info][gc,start       ] GC(2529) Pause Young (Allocation Failure)
[894.840s][info][gc,heap        ] GC(2529) PSYoungGen: 299584K(315392K)->64K(314880K) Eden: 299520K(299520K)->0K(299520K) From: 64K(15872K)->64K(15360K)
[894.840s][info][gc,heap        ] GC(2529) ParOldGen: 593625K(593920K)->593633K(593920K)
[894.840s][info][gc,metaspace   ] GC(2529) Metaspace: 35749K(36480K)->35749K(36480K) NonClass: 26534K(27072K)->26534K(27072K) Class: 9215K(9408K)->9215K(9408K)
[894.840s][info][gc             ] GC(2529) Pause Young (Allocation Failure) 872M->579M(887M) 1.720ms
[894.840s][info][gc,cpu         ] GC(2529) User=0.00s Sys=0.00s Real=0.00s
[895.009s][info][gc,start       ] GC(2530) Pause Young (Allocation Failure)
[895.011s][info][gc,heap        ] GC(2530) PSYoungGen: 299584K(314880K)->64K(317440K) Eden: 299520K(299520K)->0K(303616K) From: 64K(15360K)->64K(13824K)
[895.011s][info][gc,heap        ] GC(2530) ParOldGen: 593633K(593920K)->593641K(593920K)
[895.011s][info][gc,metaspace   ] GC(2530) Metaspace: 35749K(36480K)->35749K(36480K) NonClass: 26534K(27072K)->26534K(27072K) Class: 9215K(9408K)->9215K(9408K)
[895.011s][info][gc             ] GC(2530) Pause Young (Allocation Failure) 872M->579M(890M) 1.751ms
[895.011s][info][gc,cpu         ] GC(2530) User=0.00s Sys=0.00s Real=0.00s
[895.893s][info][gc,start       ] GC(2531) Pause Young (Allocation Failure)
[895.894s][info][gc,heap        ] GC(2531) PSYoungGen: 303680K(317440K)->83K(316928K) Eden: 303616K(303616K)->0K(303616K) From: 64K(13824K)->83K(13312K)
[895.894s][info][gc,heap        ] GC(2531) ParOldGen: 593641K(593920K)->593649K(593920K)
[895.894s][info][gc,metaspace   ] GC(2531) Metaspace: 35749K(36480K)->35749K(36480K) NonClass: 26534K(27072K)->26534K(27072K) Class: 9215K(9408K)->9215K(9408K)
[895.894s][info][gc             ] GC(2531) Pause Young (Allocation Failure) 876M->579M(889M) 1.725ms
[895.894s][info][gc,cpu         ] GC(2531) User=0.00s Sys=0.00s Real=0.00s
[896.772s][info][gc,start       ] GC(2532) Pause Young (Allocation Failure)
[896.773s][info][gc,heap        ] GC(2532) PSYoungGen: 303699K(316928K)->64K(292352K) Eden: 303616K(303616K)->0K(291840K) From: 83K(13312K)->64K(512K)
[896.773s][info][gc,heap        ] GC(2532) ParOldGen: 593649K(593920K)->593657K(593920K)
[896.773s][info][gc,metaspace   ] GC(2532) Metaspace: 35749K(36480K)->35749K(36480K) NonClass: 26534K(27072K)->26534K(27072K) Class: 9215K(9408K)->9215K(9408K)
[896.773s][info][gc             ] GC(2532) Pause Young (Allocation Failure) 876M->579M(865M) 1.747ms
[896.773s][info][gc,cpu         ] GC(2532) User=0.01s Sys=0.00s Real=0.00s
[897.238s][info][gc,start       ] GC(2533) Pause Young (Allocation Failure)
[897.240s][info][gc,heap        ] GC(2533) PSYoungGen: 291904K(292352K)->64K(292352K) Eden: 291840K(291840K)->0K(280576K) From: 64K(512K)->64K(11776K)
[897.240s][info][gc,heap        ] GC(2533) ParOldGen: 593657K(593920K)->593665K(593920K)
[897.240s][info][gc,metaspace   ] GC(2533) Metaspace: 35749K(36480K)->35749K(36480K) NonClass: 26534K(27072K)->26534K(27072K) Class: 9215K(9408K)->9215K(9408K)
[897.240s][info][gc             ] GC(2533) Pause Young (Allocation Failure) 864M->579M(865M) 1.674ms
[897.240s][info][gc,cpu         ] GC(2533) User=0.00s Sys=0.00s Real=0.00s
[898.214s][info][gc,start       ] GC(2534) Pause Young (Allocation Failure)
[898.216s][info][gc,heap        ] GC(2534) PSYoungGen: 280640K(292352K)->64K(270336K) Eden: 280576K(280576K)->0K(269824K) From: 64K(11776K)->64K(512K)
[898.216s][info][gc,heap        ] GC(2534) ParOldGen: 593665K(593920K)->593673K(593920K)
[898.216s][info][gc,metaspace   ] GC(2534) Metaspace: 35749K(36480K)->35749K(36480K) NonClass: 26534K(27072K)->26534K(27072K) Class: 9215K(9408K)->9215K(9408K)
[898.216s][info][gc             ] GC(2534) Pause Young (Allocation Failure) 853M->579M(844M) 1.782ms
[898.216s][info][gc,cpu         ] GC(2534) User=0.01s Sys=0.00s Real=0.00s
[898.590s][info][gc,start       ] GC(2535) Pause Young (Allocation Failure)
[898.592s][info][gc,heap        ] GC(2535) PSYoungGen: 269888K(270336K)->64K(269824K) Eden: 269824K(269824K)->0K(259584K) From: 64K(512K)->64K(10240K)
[898.592s][info][gc,heap        ] GC(2535) ParOldGen: 593673K(593920K)->593681K(593920K)
[898.592s][info][gc,metaspace   ] GC(2535) Metaspace: 35749K(36480K)->35749K(36480K) NonClass: 26534K(27072K)->26534K(27072K) Class: 9215K(9408K)->9215K(9408K)
[898.592s][info][gc             ] GC(2535) Pause Young (Allocation Failure) 843M->579M(843M) 1.708ms
[898.592s][info][gc,cpu         ] GC(2535) User=0.00s Sys=0.00s Real=0.00s
[898.737s][info][gc,start       ] GC(2536) Pause Young (Allocation Failure)
[898.738s][info][gc,heap        ] GC(2536) PSYoungGen: 259648K(269824K)->64K(250368K) Eden: 259584K(259584K)->0K(249856K) From: 64K(10240K)->64K(512K)
[898.738s][info][gc,heap        ] GC(2536) ParOldGen: 593681K(593920K)->593689K(593920K)
[898.738s][info][gc,metaspace   ] GC(2536) Metaspace: 35749K(36480K)->35749K(36480K) NonClass: 26534K(27072K)->26534K(27072K) Class: 9215K(9408K)->9215K(9408K)
[898.738s][info][gc             ] GC(2536) Pause Young (Allocation Failure) 833M->579M(824M) 1.775ms
[898.738s][info][gc,cpu         ] GC(2536) User=0.00s Sys=0.00s Real=0.01s
[899.031s][info][gc,start       ] GC(2537) Pause Young (Allocation Failure)
[899.032s][info][gc,heap        ] GC(2537) PSYoungGen: 249920K(250368K)->64K(249344K) Eden: 249856K(249856K)->0K(240640K) From: 64K(512K)->64K(8704K)
[899.032s][info][gc,heap        ] GC(2537) ParOldGen: 593689K(593920K)->593697K(593920K)
[899.032s][info][gc,metaspace   ] GC(2537) Metaspace: 35749K(36480K)->35749K(36480K) NonClass: 26534K(27072K)->26534K(27072K) Class: 9215K(9408K)->9215K(9408K)
[899.032s][info][gc             ] GC(2537) Pause Young (Allocation Failure) 823M->579M(823M) 1.531ms
[899.032s][info][gc,cpu         ] GC(2537) User=0.00s Sys=0.00s Real=0.00s
[899.395s][info][gc,start       ] GC(2538) Pause Young (Allocation Failure)
[899.397s][info][gc,heap        ] GC(2538) PSYoungGen: 240704K(249344K)->64K(231936K) Eden: 240640K(240640K)->0K(231424K) From: 64K(8704K)->64K(512K)
[899.397s][info][gc,heap        ] GC(2538) ParOldGen: 593697K(593920K)->593705K(593920K)
[899.397s][info][gc,metaspace   ] GC(2538) Metaspace: 35749K(36480K)->35749K(36480K) NonClass: 26534K(27072K)->26534K(27072K) Class: 9215K(9408K)->9215K(9408K)
[899.397s][info][gc             ] GC(2538) Pause Young (Allocation Failure) 814M->579M(806M) 2.107ms
[899.397s][info][gc,cpu         ] GC(2538) User=0.01s Sys=0.00s Real=0.01s
[899.742s][info][gc,start       ] GC(2539) Pause Young (Allocation Failure)
[899.750s][info][gc,heap        ] GC(2539) PSYoungGen: 231488K(231936K)->2784K(281088K) Eden: 231424K(231424K)->0K(273408K) From: 64K(512K)->2784K(7680K)
[899.750s][info][gc,heap        ] GC(2539) ParOldGen: 593705K(593920K)->593713K(593920K)
[899.750s][info][gc,metaspace   ] GC(2539) Metaspace: 35750K(36480K)->35750K(36480K) NonClass: 26534K(27072K)->26534K(27072K) Class: 9215K(9408K)->9215K(9408K)
[899.750s][info][gc             ] GC(2539) Pause Young (Allocation Failure) 805M->582M(854M) 8.296ms
[899.750s][info][gc,cpu         ] GC(2539) User=0.01s Sys=0.00s Real=0.01s
[900.070s][info][gc,start       ] GC(2540) Pause Young (Allocation Failure)
[900.133s][info][gc,heap        ] GC(2540) PSYoungGen: 276192K(281088K)->7680K(274944K) Eden: 273408K(273408K)->0K(267264K) From: 2784K(7680K)->7680K(7680K)
[900.133s][info][gc,heap        ] GC(2540) ParOldGen: 593713K(593920K)->616801K(616960K)
[900.133s][info][gc,metaspace   ] GC(2540) Metaspace: 35750K(36480K)->35750K(36480K) NonClass: 26534K(27072K)->26534K(27072K) Class: 9215K(9408K)->9215K(9408K)
[900.134s][info][gc             ] GC(2540) Pause Young (Allocation Failure) 849M->609M(871M) 63.491ms
[900.134s][info][gc,cpu         ] GC(2540) User=0.10s Sys=0.02s Real=0.06s
[900.439s][info][gc,start       ] GC(2541) Pause Young (Allocation Failure)
[900.495s][info][gc,heap        ] GC(2541) PSYoungGen: 274944K(274944K)->17920K(285184K) Eden: 267264K(267264K)->0K(267264K) From: 7680K(7680K)->17920K(17920K)
[900.496s][info][gc,heap        ] GC(2541) ParOldGen: 616801K(616960K)->628641K(628736K)
[900.496s][info][gc,metaspace   ] GC(2541) Metaspace: 35750K(36480K)->35750K(36480K) NonClass: 26534K(27072K)->26534K(27072K) Class: 9215K(9408K)->9215K(9408K)
[900.496s][info][gc             ] GC(2541) Pause Young (Allocation Failure) 870M->631M(892M) 56.611ms
[900.496s][info][gc,cpu         ] GC(2541) User=0.11s Sys=0.00s Real=0.05s
[900.575s][info][gc,start       ] GC(2542) Pause Young (Allocation Failure)
[900.580s][info][gc,heap        ] GC(2542) PSYoungGen: 285184K(285184K)->64K(308224K) Eden: 267264K(267264K)->0K(282112K) From: 17920K(17920K)->64K(26112K)
[900.580s][info][gc,heap        ] GC(2542) ParOldGen: 628641K(628736K)->628953K(629248K)
[900.580s][info][gc,metaspace   ] GC(2542) Metaspace: 35750K(36480K)->35750K(36480K) NonClass: 26534K(27072K)->26534K(27072K) Class: 9215K(9408K)->9215K(9408K)
[900.580s][info][gc             ] GC(2542) Pause Young (Allocation Failure) 892M->614M(915M) 5.092ms
[900.580s][info][gc,cpu         ] GC(2542) User=0.01s Sys=0.00s Real=0.01s
[901.161s][info][gc,start       ] GC(2543) Pause Young (Allocation Failure)
[901.163s][info][gc,heap        ] GC(2543) PSYoungGen: 282176K(308224K)->64K(282624K) Eden: 282112K(282112K)->0K(282112K) From: 64K(26112K)->64K(512K)
[901.163s][info][gc,heap        ] GC(2543) ParOldGen: 628953K(629248K)->628961K(629248K)
[901.163s][info][gc,metaspace   ] GC(2543) Metaspace: 35750K(36480K)->35750K(36480K) NonClass: 26534K(27072K)->26534K(27072K) Class: 9215K(9408K)->9215K(9408K)
[901.163s][info][gc             ] GC(2543) Pause Young (Allocation Failure) 889M->614M(890M) 1.960ms
[901.163s][info][gc,cpu         ] GC(2543) User=0.01s Sys=0.00s Real=0.00s
[901.541s][info][gc,start       ] GC(2544) Pause Young (Allocation Failure)
[901.543s][info][gc,heap        ] GC(2544) PSYoungGen: 282176K(282624K)->64K(307712K) Eden: 282112K(282112K)->0K(283136K) From: 64K(512K)->64K(24576K)
[901.543s][info][gc,heap        ] GC(2544) ParOldGen: 628961K(629248K)->628969K(629248K)
[901.543s][info][gc,metaspace   ] GC(2544) Metaspace: 35750K(36480K)->35750K(36480K) NonClass: 26534K(27072K)->26534K(27072K) Class: 9215K(9408K)->9215K(9408K)
[901.543s][info][gc             ] GC(2544) Pause Young (Allocation Failure) 889M->614M(915M) 1.893ms
[901.543s][info][gc,cpu         ] GC(2544) User=0.01s Sys=0.00s Real=0.00s
[901.990s][info][gc,start       ] GC(2545) Pause Young (Allocation Failure)
[901.992s][info][gc,heap        ] GC(2545) PSYoungGen: 283200K(307712K)->64K(306688K) Eden: 283136K(283136K)->0K(283136K) From: 64K(24576K)->64K(23552K)
[901.992s][info][gc,heap        ] GC(2545) ParOldGen: 628969K(629248K)->628985K(629248K)
[901.992s][info][gc,metaspace   ] GC(2545) Metaspace: 35750K(36480K)->35750K(36480K) NonClass: 26534K(27072K)->26534K(27072K) Class: 9215K(9408K)->9215K(9408K)
[901.992s][info][gc             ] GC(2545) Pause Young (Allocation Failure) 890M->614M(914M) 1.854ms
[901.992s][info][gc,cpu         ] GC(2545) User=0.01s Sys=0.00s Real=0.00s
[902.225s][info][gc,start       ] GC(2546) Pause Young (Allocation Failure)
[902.227s][info][gc,heap        ] GC(2546) PSYoungGen: 283200K(306688K)->64K(309248K) Eden: 283136K(283136K)->0K(286720K) From: 64K(23552K)->64K(22528K)
[902.227s][info][gc,heap        ] GC(2546) ParOldGen: 628985K(629248K)->629001K(629248K)
[902.227s][info][gc,metaspace   ] GC(2546) Metaspace: 35750K(36480K)->35750K(36480K) NonClass: 26534K(27072K)->26534K(27072K) Class: 9215K(9408K)->9215K(9408K)
[902.227s][info][gc             ] GC(2546) Pause Young (Allocation Failure) 890M->614M(916M) 1.819ms
[902.227s][info][gc,cpu         ] GC(2546) User=0.00s Sys=0.00s Real=0.00s
[902.584s][info][gc,start       ] GC(2547) Pause Young (Allocation Failure)
[902.586s][info][gc,heap        ] GC(2547) PSYoungGen: 286784K(309248K)->64K(308224K) Eden: 286720K(286720K)->0K(286720K) From: 64K(22528K)->64K(21504K)
[902.586s][info][gc,heap        ] GC(2547) ParOldGen: 629001K(629248K)->629001K(629248K)
[902.586s][info][gc,metaspace   ] GC(2547) Metaspace: 35750K(36480K)->35750K(36480K) NonClass: 26534K(27072K)->26534K(27072K) Class: 9215K(9408K)->9215K(9408K)
[902.586s][info][gc             ] GC(2547) Pause Young (Allocation Failure) 894M->614M(915M) 1.778ms
[902.586s][info][gc,cpu         ] GC(2547) User=0.00s Sys=0.00s Real=0.00s
[902.693s][info][gc,start       ] GC(2548) Pause Young (Allocation Failure)
[902.695s][info][gc,heap        ] GC(2548) PSYoungGen: 286784K(308224K)->64K(311296K) Eden: 286720K(286720K)->0K(290816K) From: 64K(21504K)->64K(20480K)
[902.695s][info][gc,heap        ] GC(2548) ParOldGen: 629001K(629248K)->629009K(629248K)
[902.695s][info][gc,metaspace   ] GC(2548) Metaspace: 35750K(36480K)->35750K(36480K) NonClass: 26534K(27072K)->26534K(27072K) Class: 9215K(9408K)->9215K(9408K)
[902.695s][info][gc             ] GC(2548) Pause Young (Allocation Failure) 894M->614M(918M) 1.665ms
[902.695s][info][gc,cpu         ] GC(2548) User=0.00s Sys=0.00s Real=0.00s
[902.744s][info][gc,start       ] GC(2549) Pause Young (Allocation Failure)
[902.745s][info][gc,heap        ] GC(2549) PSYoungGen: 290880K(311296K)->64K(310272K) Eden: 290816K(290816K)->0K(290816K) From: 64K(20480K)->64K(19456K)
[902.745s][info][gc,heap        ] GC(2549) ParOldGen: 629009K(629248K)->629025K(629248K)
[902.745s][info][gc,metaspace   ] GC(2549) Metaspace: 35750K(36480K)->35750K(36480K) NonClass: 26534K(27072K)->26534K(27072K) Class: 9215K(9408K)->9215K(9408K)
[902.745s][info][gc             ] GC(2549) Pause Young (Allocation Failure) 898M->614M(917M) 1.624ms
[902.745s][info][gc,cpu         ] GC(2549) User=0.00s Sys=0.00s Real=0.00s
[902.896s][info][gc,start       ] GC(2550) Pause Young (Allocation Failure)
[902.897s][info][gc,heap        ] GC(2550) PSYoungGen: 290880K(310272K)->64K(312832K) Eden: 290816K(290816K)->0K(294912K) From: 64K(19456K)->64K(17920K)
[902.897s][info][gc,heap        ] GC(2550) ParOldGen: 629025K(629248K)->629025K(629248K)
[902.897s][info][gc,metaspace   ] GC(2550) Metaspace: 35750K(36480K)->35750K(36480K) NonClass: 26534K(27072K)->26534K(27072K) Class: 9215K(9408K)->9215K(9408K)
[902.897s][info][gc             ] GC(2550) Pause Young (Allocation Failure) 898M->614M(920M) 1.798ms
[902.897s][info][gc,cpu         ] GC(2550) User=0.00s Sys=0.00s Real=0.01s
[903.133s][info][gc,start       ] GC(2551) Pause Young (Allocation Failure)
[903.135s][info][gc,heap        ] GC(2551) PSYoungGen: 294976K(312832K)->64K(311808K) Eden: 294912K(294912K)->0K(294912K) From: 64K(17920K)->64K(16896K)
[903.135s][info][gc,heap        ] GC(2551) ParOldGen: 629025K(629248K)->629033K(629248K)
[903.135s][info][gc,metaspace   ] GC(2551) Metaspace: 35750K(36480K)->35750K(36480K) NonClass: 26534K(27072K)->26534K(27072K) Class: 9215K(9408K)->9215K(9408K)
[903.135s][info][gc             ] GC(2551) Pause Young (Allocation Failure) 902M->614M(919M) 1.801ms
[903.135s][info][gc,cpu         ] GC(2551) User=0.00s Sys=0.00s Real=0.00s
[903.280s][info][gc,start       ] GC(2552) Pause Young (Allocation Failure)
[903.282s][info][gc,heap        ] GC(2552) PSYoungGen: 294976K(311808K)->64K(315392K) Eden: 294912K(294912K)->0K(299520K) From: 64K(16896K)->64K(15872K)
[903.282s][info][gc,heap        ] GC(2552) ParOldGen: 629033K(629248K)->629041K(629248K)
[903.282s][info][gc,metaspace   ] GC(2552) Metaspace: 35750K(36480K)->35750K(36480K) NonClass: 26534K(27072K)->26534K(27072K) Class: 9215K(9408K)->9215K(9408K)
[903.282s][info][gc             ] GC(2552) Pause Young (Allocation Failure) 902M->614M(922M) 1.762ms
[903.282s][info][gc,cpu         ] GC(2552) User=0.01s Sys=0.00s Real=0.00s
[903.375s][info][gc,start       ] GC(2553) Pause Young (Allocation Failure)
[903.376s][info][gc,heap        ] GC(2553) PSYoungGen: 299584K(315392K)->64K(314880K) Eden: 299520K(299520K)->0K(299520K) From: 64K(15872K)->64K(15360K)
[903.376s][info][gc,heap        ] GC(2553) ParOldGen: 629041K(629248K)->629049K(629248K)
[903.376s][info][gc,metaspace   ] GC(2553) Metaspace: 35750K(36480K)->35750K(36480K) NonClass: 26534K(27072K)->26534K(27072K) Class: 9215K(9408K)->9215K(9408K)
[903.376s][info][gc             ] GC(2553) Pause Young (Allocation Failure) 906M->614M(922M) 1.733ms
[903.376s][info][gc,cpu         ] GC(2553) User=0.00s Sys=0.00s Real=0.00s
[903.543s][info][gc,start       ] GC(2554) Pause Young (Allocation Failure)
[903.545s][info][gc,heap        ] GC(2554) PSYoungGen: 299584K(314880K)->64K(317440K) Eden: 299520K(299520K)->0K(303616K) From: 64K(15360K)->64K(13824K)
[903.545s][info][gc,heap        ] GC(2554) ParOldGen: 629049K(629248K)->629057K(629248K)
[903.545s][info][gc,metaspace   ] GC(2554) Metaspace: 35750K(36480K)->35750K(36480K) NonClass: 26534K(27072K)->26534K(27072K) Class: 9215K(9408K)->9215K(9408K)
[903.545s][info][gc             ] GC(2554) Pause Young (Allocation Failure) 906M->614M(924M) 1.725ms
[903.545s][info][gc,cpu         ] GC(2554) User=0.00s Sys=0.00s Real=0.00s
[904.426s][info][gc,start       ] GC(2555) Pause Young (Allocation Failure)
[904.428s][info][gc,heap        ] GC(2555) PSYoungGen: 303680K(317440K)->64K(316928K) Eden: 303616K(303616K)->0K(303616K) From: 64K(13824K)->64K(13312K)
[904.428s][info][gc,heap        ] GC(2555) ParOldGen: 629057K(629248K)->629065K(629248K)
[904.428s][info][gc,metaspace   ] GC(2555) Metaspace: 35750K(36480K)->35750K(36480K) NonClass: 26534K(27072K)->26534K(27072K) Class: 9215K(9408K)->9215K(9408K)
[904.428s][info][gc             ] GC(2555) Pause Young (Allocation Failure) 910M->614M(924M) 1.849ms
[904.428s][info][gc,cpu         ] GC(2555) User=0.00s Sys=0.00s Real=0.01s
[905.298s][info][gc,start       ] GC(2556) Pause Young (Allocation Failure)
[905.300s][info][gc,heap        ] GC(2556) PSYoungGen: 303680K(316928K)->64K(292352K) Eden: 303616K(303616K)->0K(291840K) From: 64K(13312K)->64K(512K)
[905.300s][info][gc,heap        ] GC(2556) ParOldGen: 629065K(629248K)->629073K(629248K)
[905.300s][info][gc,metaspace   ] GC(2556) Metaspace: 35750K(36480K)->35750K(36480K) NonClass: 26534K(27072K)->26534K(27072K) Class: 9215K(9408K)->9215K(9408K)
[905.300s][info][gc             ] GC(2556) Pause Young (Allocation Failure) 910M->614M(900M) 1.881ms
[905.300s][info][gc,cpu         ] GC(2556) User=0.00s Sys=0.01s Real=0.00s
[905.766s][info][gc,start       ] GC(2557) Pause Young (Allocation Failure)
[905.767s][info][gc,heap        ] GC(2557) PSYoungGen: 291904K(292352K)->64K(292352K) Eden: 291840K(291840K)->0K(280576K) From: 64K(512K)->64K(11776K)
[905.767s][info][gc,heap        ] GC(2557) ParOldGen: 629073K(629248K)->629081K(629248K)
[905.767s][info][gc,metaspace   ] GC(2557) Metaspace: 35750K(36480K)->35750K(36480K) NonClass: 26534K(27072K)->26534K(27072K) Class: 9215K(9408K)->9215K(9408K)
[905.768s][info][gc             ] GC(2557) Pause Young (Allocation Failure) 899M->614M(900M) 1.703ms
[905.768s][info][gc,cpu         ] GC(2557) User=0.00s Sys=0.00s Real=0.01s
[906.736s][info][gc,start       ] GC(2558) Pause Young (Allocation Failure)
[906.738s][info][gc,heap        ] GC(2558) PSYoungGen: 280640K(292352K)->64K(270336K) Eden: 280576K(280576K)->0K(269824K) From: 64K(11776K)->64K(512K)
[906.738s][info][gc,heap        ] GC(2558) ParOldGen: 629081K(629248K)->629089K(629248K)
[906.738s][info][gc,metaspace   ] GC(2558) Metaspace: 35750K(36480K)->35750K(36480K) NonClass: 26534K(27072K)->26534K(27072K) Class: 9215K(9408K)->9215K(9408K)
[906.738s][info][gc             ] GC(2558) Pause Young (Allocation Failure) 888M->614M(878M) 1.869ms
[906.738s][info][gc,cpu         ] GC(2558) User=0.01s Sys=0.00s Real=0.01s
[907.116s][info][gc,start       ] GC(2559) Pause Young (Allocation Failure)
[907.118s][info][gc,heap        ] GC(2559) PSYoungGen: 269888K(270336K)->64K(269824K) Eden: 269824K(269824K)->0K(259584K) From: 64K(512K)->64K(10240K)
[907.118s][info][gc,heap        ] GC(2559) ParOldGen: 629089K(629248K)->629097K(629248K)
[907.118s][info][gc,metaspace   ] GC(2559) Metaspace: 35750K(36480K)->35750K(36480K) NonClass: 26534K(27072K)->26534K(27072K) Class: 9215K(9408K)->9215K(9408K)
[907.118s][info][gc             ] GC(2559) Pause Young (Allocation Failure) 877M->614M(878M) 1.769ms
[907.118s][info][gc,cpu         ] GC(2559) User=0.01s Sys=0.00s Real=0.01s
[907.266s][info][gc,start       ] GC(2560) Pause Young (Allocation Failure)
[907.267s][info][gc,heap        ] GC(2560) PSYoungGen: 259648K(269824K)->64K(250368K) Eden: 259584K(259584K)->0K(249856K) From: 64K(10240K)->64K(512K)
[907.267s][info][gc,heap        ] GC(2560) ParOldGen: 629097K(629248K)->629105K(629248K)
[907.267s][info][gc,metaspace   ] GC(2560) Metaspace: 35750K(36480K)->35750K(36480K) NonClass: 26534K(27072K)->26534K(27072K) Class: 9215K(9408K)->9215K(9408K)
[907.267s][info][gc             ] GC(2560) Pause Young (Allocation Failure) 867M->614M(859M) 1.956ms
[907.268s][info][gc,cpu         ] GC(2560) User=0.01s Sys=0.00s Real=0.01s
[907.545s][info][gc,start       ] GC(2561) Pause Young (Allocation Failure)
[907.547s][info][gc,heap        ] GC(2561) PSYoungGen: 249920K(250368K)->64K(249344K) Eden: 249856K(249856K)->0K(240640K) From: 64K(512K)->64K(8704K)
[907.547s][info][gc,heap        ] GC(2561) ParOldGen: 629105K(629248K)->629113K(629248K)
[907.547s][info][gc,metaspace   ] GC(2561) Metaspace: 35750K(36480K)->35750K(36480K) NonClass: 26534K(27072K)->26534K(27072K) Class: 9215K(9408K)->9215K(9408K)
[907.547s][info][gc             ] GC(2561) Pause Young (Allocation Failure) 858M->614M(858M) 1.778ms
[907.547s][info][gc,cpu         ] GC(2561) User=0.00s Sys=0.00s Real=0.00s
[907.923s][info][gc,start       ] GC(2562) Pause Young (Allocation Failure)
[907.925s][info][gc,heap        ] GC(2562) PSYoungGen: 240704K(249344K)->64K(231936K) Eden: 240640K(240640K)->0K(231424K) From: 64K(8704K)->64K(512K)
[907.925s][info][gc,heap        ] GC(2562) ParOldGen: 629113K(629248K)->629121K(629248K)
[907.925s][info][gc,metaspace   ] GC(2562) Metaspace: 35750K(36480K)->35750K(36480K) NonClass: 26534K(27072K)->26534K(27072K) Class: 9215K(9408K)->9215K(9408K)
[907.925s][info][gc             ] GC(2562) Pause Young (Allocation Failure) 849M->614M(841M) 2.294ms
[907.925s][info][gc,cpu         ] GC(2562) User=0.00s Sys=0.00s Real=0.00s
[908.273s][info][gc,start       ] GC(2563) Pause Young (Allocation Failure)
[908.278s][info][gc,heap        ] GC(2563) PSYoungGen: 231488K(231936K)->2048K(230400K) Eden: 231424K(231424K)->0K(222720K) From: 64K(512K)->2048K(7680K)
[908.278s][info][gc,heap        ] GC(2563) ParOldGen: 629121K(629248K)->629129K(629248K)
[908.278s][info][gc,metaspace   ] GC(2563) Metaspace: 35750K(36480K)->35750K(36480K) NonClass: 26534K(27072K)->26534K(27072K) Class: 9215K(9408K)->9215K(9408K)
[908.278s][info][gc             ] GC(2563) Pause Young (Allocation Failure) 840M->616M(839M) 4.954ms
[908.278s][info][gc,cpu         ] GC(2563) User=0.01s Sys=0.00s Real=0.01s
[908.538s][info][gc,start       ] GC(2564) Pause Young (Allocation Failure)
[908.585s][info][gc,heap        ] GC(2564) PSYoungGen: 224768K(230400K)->7680K(273920K) Eden: 222720K(222720K)->0K(266240K) From: 2048K(7680K)->7680K(7680K)
[908.585s][info][gc,heap        ] GC(2564) ParOldGen: 629129K(629248K)->646513K(646656K)
[908.585s][info][gc,metaspace   ] GC(2564) Metaspace: 35750K(36480K)->35750K(36480K) NonClass: 26534K(27072K)->26534K(27072K) Class: 9215K(9408K)->9215K(9408K)
[908.585s][info][gc             ] GC(2564) Pause Young (Allocation Failure) 833M->638M(899M) 46.933ms
[908.585s][info][gc,cpu         ] GC(2564) User=0.07s Sys=0.02s Real=0.04s
[908.894s][info][gc,start       ] GC(2565) Pause Young (Allocation Failure)
[908.951s][info][gc,heap        ] GC(2565) PSYoungGen: 273920K(273920K)->15872K(282112K) Eden: 266240K(266240K)->0K(266240K) From: 7680K(7680K)->15872K(15872K)
[908.951s][info][gc,heap        ] GC(2565) ParOldGen: 646513K(646656K)->661057K(661504K)
[908.951s][info][gc,metaspace   ] GC(2565) Metaspace: 35750K(36480K)->35750K(36480K) NonClass: 26534K(27072K)->26534K(27072K) Class: 9215K(9408K)->9215K(9408K)
[908.951s][info][gc             ] GC(2565) Pause Young (Allocation Failure) 898M->661M(921M) 56.420ms
[908.951s][info][gc,cpu         ] GC(2565) User=0.10s Sys=0.01s Real=0.06s
[909.063s][info][gc,start       ] GC(2566) Pause Full (Allocation Failure)
[909.063s][info][gc,phases,start] GC(2566) Marking Phase
[909.110s][info][gc,phases      ] GC(2566) Marking Phase 47.252ms
[909.110s][info][gc,phases,start] GC(2566) Summary Phase
[909.110s][info][gc,phases      ] GC(2566) Summary Phase 0.025ms
[909.110s][info][gc,phases,start] GC(2566) Forward
[909.120s][info][gc,phases      ] GC(2566) Forward 9.570ms
[909.120s][info][gc,phases,start] GC(2566) Adjust Pointers
[909.140s][info][gc,phases      ] GC(2566) Adjust Pointers 20.626ms
[909.140s][info][gc,phases,start] GC(2566) Compaction Phase
[909.149s][info][gc,phases      ] GC(2566) Compaction Phase 8.870ms
[909.149s][info][gc,phases,start] GC(2566) Post Compact
[909.152s][info][metaspace      ] ChkMgr @0x00007fd83803f190 (non-class-space): : reclaiming memory...
[909.152s][info][metaspace      ] ChkMgr @0x00007fd83803f190 (non-class-space): nothing reclaimed.
[909.152s][info][metaspace      ] ChkMgr @0x00007fd83803efa0 (class-space): : reclaiming memory...
[909.152s][info][metaspace      ] ChkMgr @0x00007fd83803efa0 (class-space): nothing reclaimed.
[909.152s][info][gc,phases      ] GC(2566) Post Compact 2.867ms
[909.189s][info][gc,heap        ] GC(2566) PSYoungGen: 282112K(282112K)->0K(309248K) Eden: 266240K(266240K)->0K(284672K) From: 15872K(15872K)->0K(24576K)
[909.189s][info][gc,heap        ] GC(2566) ParOldGen: 661057K(661504K)->61229K(175104K)
[909.189s][info][gc,metaspace   ] GC(2566) Metaspace: 35750K(36480K)->35637K(36480K) NonClass: 26534K(27072K)->26422K(27072K) Class: 9215K(9408K)->9215K(9408K)
[909.189s][info][gc             ] GC(2566) Pause Full (Allocation Failure) 921M->59M(473M) 126.472ms
[909.189s][info][gc,cpu         ] GC(2566) User=0.14s Sys=0.04s Real=0.13s
[909.661s][info][gc,start       ] GC(2567) Pause Young (Allocation Failure)
[909.664s][info][gc,heap        ] GC(2567) PSYoungGen: 284672K(309248K)->64K(285184K) Eden: 284672K(284672K)->0K(284672K) From: 0K(24576K)->64K(512K)
[909.664s][info][gc,heap        ] GC(2567) ParOldGen: 61229K(175104K)->61229K(175104K)
[909.664s][info][gc,metaspace   ] GC(2567) Metaspace: 35637K(36480K)->35637K(36480K) NonClass: 26422K(27072K)->26422K(27072K) Class: 9215K(9408K)->9215K(9408K)
[909.664s][info][gc             ] GC(2567) Pause Young (Allocation Failure) 337M->59M(449M) 2.207ms
[909.664s][info][gc,cpu         ] GC(2567) User=0.00s Sys=0.00s Real=0.00s
[910.131s][info][gc,start       ] GC(2568) Pause Young (Allocation Failure)
[910.132s][info][gc,heap        ] GC(2568) PSYoungGen: 284736K(285184K)->64K(308736K) Eden: 284672K(284672K)->0K(285184K) From: 64K(512K)->64K(23552K)
[910.132s][info][gc,heap        ] GC(2568) ParOldGen: 61229K(175104K)->61237K(175104K)
[910.132s][info][gc,metaspace   ] GC(2568) Metaspace: 35637K(36480K)->35637K(36480K) NonClass: 26422K(27072K)->26422K(27072K) Class: 9215K(9408K)->9215K(9408K)
[910.132s][info][gc             ] GC(2568) Pause Young (Allocation Failure) 337M->59M(472M) 0.638ms
[910.132s][info][gc,cpu         ] GC(2568) User=0.00s Sys=0.00s Real=0.00s
[910.579s][info][gc,start       ] GC(2569) Pause Young (Allocation Failure)
[910.580s][info][gc,heap        ] GC(2569) PSYoungGen: 285248K(308736K)->64K(308224K) Eden: 285184K(285184K)->0K(285184K) From: 64K(23552K)->64K(23040K)
[910.580s][info][gc,heap        ] GC(2569) ParOldGen: 61237K(175104K)->61253K(175104K)
[910.580s][info][gc,metaspace   ] GC(2569) Metaspace: 35637K(36480K)->35637K(36480K) NonClass: 26422K(27072K)->26422K(27072K) Class: 9215K(9408K)->9215K(9408K)
[910.580s][info][gc             ] GC(2569) Pause Young (Allocation Failure) 338M->59M(472M) 0.593ms
[910.580s][info][gc,cpu         ] GC(2569) User=0.01s Sys=0.00s Real=0.00s
[910.815s][info][gc,start       ] GC(2570) Pause Young (Allocation Failure)
[910.816s][info][gc,heap        ] GC(2570) PSYoungGen: 285248K(308224K)->64K(309760K) Eden: 285184K(285184K)->0K(288256K) From: 64K(23040K)->64K(21504K)
[910.816s][info][gc,heap        ] GC(2570) ParOldGen: 61253K(175104K)->61269K(175104K)
[910.816s][info][gc,metaspace   ] GC(2570) Metaspace: 35637K(36480K)->35637K(36480K) NonClass: 26422K(27072K)->26422K(27072K) Class: 9215K(9408K)->9215K(9408K)
[910.816s][info][gc             ] GC(2570) Pause Young (Allocation Failure) 338M->59M(473M) 0.567ms
[910.816s][info][gc,cpu         ] GC(2570) User=0.00s Sys=0.00s Real=0.00s
[911.169s][info][gc,start       ] GC(2571) Pause Young (Allocation Failure)
[911.169s][info][gc,heap        ] GC(2571) PSYoungGen: 288320K(309760K)->64K(309248K) Eden: 288256K(288256K)->0K(288256K) From: 64K(21504K)->64K(20992K)
[911.169s][info][gc,heap        ] GC(2571) ParOldGen: 61269K(175104K)->61269K(175104K)
[911.170s][info][gc,metaspace   ] GC(2571) Metaspace: 35637K(36480K)->35637K(36480K) NonClass: 26422K(27072K)->26422K(27072K) Class: 9215K(9408K)->9215K(9408K)
[911.170s][info][gc             ] GC(2571) Pause Young (Allocation Failure) 341M->59M(473M) 0.720ms
[911.170s][info][gc,cpu         ] GC(2571) User=0.00s Sys=0.00s Real=0.00s
[911.322s][info][gc,start       ] GC(2572) Pause Young (Allocation Failure)
[911.323s][info][gc,heap        ] GC(2572) PSYoungGen: 288320K(309248K)->64K(311808K) Eden: 288256K(288256K)->0K(292352K) From: 64K(20992K)->64K(19456K)
[911.323s][info][gc,heap        ] GC(2572) ParOldGen: 61269K(175104K)->61277K(175104K)
[911.323s][info][gc,metaspace   ] GC(2572) Metaspace: 35637K(36480K)->35637K(36480K) NonClass: 26422K(27072K)->26422K(27072K) Class: 9215K(9408K)->9215K(9408K)
[911.323s][info][gc             ] GC(2572) Pause Young (Allocation Failure) 341M->59M(475M) 0.775ms
[911.323s][info][gc,cpu         ] GC(2572) User=0.00s Sys=0.00s Real=0.00s
[911.374s][info][gc,start       ] GC(2573) Pause Young (Allocation Failure)
[911.375s][info][gc,heap        ] GC(2573) PSYoungGen: 292416K(311808K)->64K(311296K) Eden: 292352K(292352K)->0K(292352K) From: 64K(19456K)->64K(18944K)
[911.375s][info][gc,heap        ] GC(2573) ParOldGen: 61277K(175104K)->61293K(175104K)
[911.375s][info][gc,metaspace   ] GC(2573) Metaspace: 35637K(36480K)->35637K(36480K) NonClass: 26422K(27072K)->26422K(27072K) Class: 9215K(9408K)->9215K(9408K)
[911.375s][info][gc             ] GC(2573) Pause Young (Allocation Failure) 345M->59M(475M) 0.562ms
[911.375s][info][gc,cpu         ] GC(2573) User=0.00s Sys=0.00s Real=0.00s
[911.495s][info][gc,start       ] GC(2574) Pause Young (Allocation Failure)
[911.496s][info][gc,heap        ] GC(2574) PSYoungGen: 292416K(311296K)->64K(313856K) Eden: 292352K(292352K)->0K(296448K) From: 64K(18944K)->64K(17408K)
[911.496s][info][gc,heap        ] GC(2574) ParOldGen: 61293K(175104K)->61293K(175104K)
[911.496s][info][gc,metaspace   ] GC(2574) Metaspace: 35637K(36480K)->35637K(36480K) NonClass: 26422K(27072K)->26422K(27072K) Class: 9215K(9408K)->9215K(9408K)
[911.496s][info][gc             ] GC(2574) Pause Young (Allocation Failure) 345M->59M(477M) 0.594ms
[911.496s][info][gc,cpu         ] GC(2574) User=0.00s Sys=0.00s Real=0.00s
[911.744s][info][gc,start       ] GC(2575) Pause Young (Allocation Failure)
[911.745s][info][gc,heap        ] GC(2575) PSYoungGen: 296512K(313856K)->64K(285184K) Eden: 296448K(296448K)->0K(284672K) From: 64K(17408K)->64K(512K)
[911.745s][info][gc,heap        ] GC(2575) ParOldGen: 61293K(175104K)->61301K(175104K)
[911.745s][info][gc,metaspace   ] GC(2575) Metaspace: 35637K(36480K)->35637K(36480K) NonClass: 26422K(27072K)->26422K(27072K) Class: 9215K(9408K)->9215K(9408K)
[911.745s][info][gc             ] GC(2575) Pause Young (Allocation Failure) 349M->59M(449M) 0.693ms
[911.745s][info][gc,cpu         ] GC(2575) User=0.00s Sys=0.00s Real=0.00s
[911.904s][info][gc,start       ] GC(2576) Pause Young (Allocation Failure)
[911.905s][info][gc,heap        ] GC(2576) PSYoungGen: 284736K(285184K)->64K(275968K) Eden: 284672K(284672K)->0K(273408K) From: 64K(512K)->64K(2560K)
[911.905s][info][gc,heap        ] GC(2576) ParOldGen: 61301K(175104K)->61309K(175104K)
[911.905s][info][gc,metaspace   ] GC(2576) Metaspace: 35637K(36480K)->35637K(36480K) NonClass: 26422K(27072K)->26422K(27072K) Class: 9215K(9408K)->9215K(9408K)
[911.905s][info][gc             ] GC(2576) Pause Young (Allocation Failure) 337M->59M(440M) 0.680ms
[911.905s][info][gc,cpu         ] GC(2576) User=0.00s Sys=0.00s Real=0.00s
[911.979s][info][gc,start       ] GC(2577) Pause Young (Allocation Failure)
[911.980s][info][gc,heap        ] GC(2577) PSYoungGen: 273472K(275968K)->64K(263168K) Eden: 273408K(273408K)->0K(262656K) From: 64K(2560K)->64K(512K)
[911.980s][info][gc,heap        ] GC(2577) ParOldGen: 61309K(175104K)->61325K(175104K)
[911.980s][info][gc,metaspace   ] GC(2577) Metaspace: 35637K(36480K)->35637K(36480K) NonClass: 26422K(27072K)->26422K(27072K) Class: 9215K(9408K)->9215K(9408K)
[911.980s][info][gc             ] GC(2577) Pause Young (Allocation Failure) 326M->59M(428M) 0.595ms
[911.980s][info][gc,cpu         ] GC(2577) User=0.00s Sys=0.00s Real=0.00s
[912.110s][info][gc,start       ] GC(2578) Pause Young (Allocation Failure)
[912.111s][info][gc,heap        ] GC(2578) PSYoungGen: 262720K(263168K)->64K(252928K) Eden: 262656K(262656K)->0K(252416K) From: 64K(512K)->64K(512K)
[912.111s][info][gc,heap        ] GC(2578) ParOldGen: 61325K(175104K)->61325K(175104K)
[912.111s][info][gc,metaspace   ] GC(2578) Metaspace: 35637K(36480K)->35637K(36480K) NonClass: 26422K(27072K)->26422K(27072K) Class: 9215K(9408K)->9215K(9408K)
[912.111s][info][gc             ] GC(2578) Pause Young (Allocation Failure) 316M->59M(418M) 1.449ms
[912.111s][info][gc,cpu         ] GC(2578) User=0.00s Sys=0.01s Real=0.00s
[912.476s][info][gc,start       ] GC(2579) Pause Young (Allocation Failure)
[912.476s][info][gc,heap        ] GC(2579) PSYoungGen: 252480K(252928K)->64K(256000K) Eden: 252416K(252416K)->0K(242688K) From: 64K(512K)->64K(13312K)
[912.476s][info][gc,heap        ] GC(2579) ParOldGen: 61325K(175104K)->61333K(175104K)
[912.476s][info][gc,metaspace   ] GC(2579) Metaspace: 35637K(36480K)->35637K(36480K) NonClass: 26422K(27072K)->26422K(27072K) Class: 9215K(9408K)->9215K(9408K)
[912.476s][info][gc             ] GC(2579) Pause Young (Allocation Failure) 306M->59M(421M) 0.573ms
[912.476s][info][gc,cpu         ] GC(2579) User=0.00s Sys=0.00s Real=0.00s
[913.074s][info][gc,start       ] GC(2580) Pause Young (Allocation Failure)
[913.075s][info][gc,heap        ] GC(2580) PSYoungGen: 242752K(256000K)->83K(233984K) Eden: 242688K(242688K)->0K(233472K) From: 64K(13312K)->83K(512K)
[913.075s][info][gc,heap        ] GC(2580) ParOldGen: 61333K(175104K)->61341K(175104K)
[913.075s][info][gc,metaspace   ] GC(2580) Metaspace: 35637K(36480K)->35637K(36480K) NonClass: 26422K(27072K)->26422K(27072K) Class: 9215K(9408K)->9215K(9408K)
[913.075s][info][gc             ] GC(2580) Pause Young (Allocation Failure) 296M->59M(399M) 1.534ms
[913.075s][info][gc,cpu         ] GC(2580) User=0.00s Sys=0.00s Real=0.00s
[913.963s][info][gc,start       ] GC(2581) Pause Young (Allocation Failure)
[913.963s][info][gc,heap        ] GC(2581) PSYoungGen: 233555K(233984K)->64K(236544K) Eden: 233472K(233472K)->0K(224768K) From: 83K(512K)->64K(11776K)
[913.963s][info][gc,heap        ] GC(2581) ParOldGen: 61341K(175104K)->61349K(175104K)
[913.963s][info][gc,metaspace   ] GC(2581) Metaspace: 35637K(36480K)->35637K(36480K) NonClass: 26422K(27072K)->26422K(27072K) Class: 9215K(9408K)->9215K(9408K)
[913.963s][info][gc             ] GC(2581) Pause Young (Allocation Failure) 287M->59M(402M) 0.576ms
[913.963s][info][gc,cpu         ] GC(2581) User=0.01s Sys=0.00s Real=0.00s
[914.308s][info][gc,start       ] GC(2582) Pause Young (Allocation Failure)
[914.309s][info][gc,heap        ] GC(2582) PSYoungGen: 224832K(236544K)->64K(217088K) Eden: 224768K(224768K)->0K(216576K) From: 64K(11776K)->64K(512K)
[914.309s][info][gc,heap        ] GC(2582) ParOldGen: 61349K(175104K)->61357K(175104K)
[914.309s][info][gc,metaspace   ] GC(2582) Metaspace: 35637K(36480K)->35637K(36480K) NonClass: 26422K(27072K)->26422K(27072K) Class: 9215K(9408K)->9215K(9408K)
[914.309s][info][gc             ] GC(2582) Pause Young (Allocation Failure) 279M->59M(383M) 1.467ms
[914.309s][info][gc,cpu         ] GC(2582) User=0.00s Sys=0.00s Real=0.00s
[914.906s][info][gc,start       ] GC(2583) Pause Young (Allocation Failure)
[914.907s][info][gc,heap        ] GC(2583) PSYoungGen: 216640K(217088K)->64K(219136K) Eden: 216576K(216576K)->0K(208896K) From: 64K(512K)->64K(10240K)
[914.907s][info][gc,heap        ] GC(2583) ParOldGen: 61357K(175104K)->61365K(175104K)
[914.907s][info][gc,metaspace   ] GC(2583) Metaspace: 35637K(36480K)->35637K(36480K) NonClass: 26422K(27072K)->26422K(27072K) Class: 9215K(9408K)->9215K(9408K)
[914.907s][info][gc             ] GC(2583) Pause Young (Allocation Failure) 271M->59M(385M) 0.612ms
[914.907s][info][gc,cpu         ] GC(2583) User=0.00s Sys=0.00s Real=0.00s
[915.489s][info][gc,start       ] GC(2584) Pause Young (Allocation Failure)
[915.491s][info][gc,heap        ] GC(2584) PSYoungGen: 208960K(219136K)->64K(201728K) Eden: 208896K(208896K)->0K(201216K) From: 64K(10240K)->64K(512K)
[915.491s][info][gc,heap        ] GC(2584) ParOldGen: 61365K(175104K)->61373K(175104K)
[915.491s][info][gc,metaspace   ] GC(2584) Metaspace: 35637K(36480K)->35637K(36480K) NonClass: 26422K(27072K)->26422K(27072K) Class: 9215K(9408K)->9215K(9408K)
[915.491s][info][gc             ] GC(2584) Pause Young (Allocation Failure) 263M->59M(368M) 1.891ms
[915.491s][info][gc,cpu         ] GC(2584) User=0.00s Sys=0.00s Real=0.00s
[915.782s][info][gc,start       ] GC(2585) Pause Young (Allocation Failure)
[915.783s][info][gc,heap        ] GC(2585) PSYoungGen: 201280K(201728K)->64K(202752K) Eden: 201216K(201216K)->0K(194048K) From: 64K(512K)->64K(8704K)
[915.783s][info][gc,heap        ] GC(2585) ParOldGen: 61373K(175104K)->61389K(175104K)
[915.783s][info][gc,metaspace   ] GC(2585) Metaspace: 35637K(36480K)->35637K(36480K) NonClass: 26422K(27072K)->26422K(27072K) Class: 9215K(9408K)->9215K(9408K)
[915.783s][info][gc             ] GC(2585) Pause Young (Allocation Failure) 256M->60M(369M) 0.891ms
[915.783s][info][gc,cpu         ] GC(2585) User=0.00s Sys=0.00s Real=0.00s
[915.907s][info][gc,start       ] GC(2586) Pause Young (Allocation Failure)
[915.908s][info][gc,heap        ] GC(2586) PSYoungGen: 194112K(202752K)->64K(187904K) Eden: 194048K(194048K)->0K(187392K) From: 64K(8704K)->64K(512K)
[915.908s][info][gc,heap        ] GC(2586) ParOldGen: 61389K(175104K)->61405K(175104K)
[915.908s][info][gc,metaspace   ] GC(2586) Metaspace: 35637K(36480K)->35637K(36480K) NonClass: 26422K(27072K)->26422K(27072K) Class: 9215K(9408K)->9215K(9408K)
[915.908s][info][gc             ] GC(2586) Pause Young (Allocation Failure) 249M->60M(354M) 1.419ms
[915.908s][info][gc,cpu         ] GC(2586) User=0.00s Sys=0.00s Real=0.01s
[915.976s][info][gc,start       ] GC(2587) Pause Young (Allocation Failure)
[915.976s][info][gc,heap        ] GC(2587) PSYoungGen: 187456K(187904K)->64K(188416K) Eden: 187392K(187392K)->0K(180736K) From: 64K(512K)->64K(7680K)
[915.976s][info][gc,heap        ] GC(2587) ParOldGen: 61405K(175104K)->61421K(175104K)
[915.976s][info][gc,metaspace   ] GC(2587) Metaspace: 35637K(36480K)->35637K(36480K) NonClass: 26422K(27072K)->26422K(27072K) Class: 9215K(9408K)->9215K(9408K)
[915.976s][info][gc             ] GC(2587) Pause Young (Allocation Failure) 243M->60M(355M) 0.761ms
[915.976s][info][gc,cpu         ] GC(2587) User=0.00s Sys=0.00s Real=0.00s
[916.368s][info][gc,start       ] GC(2588) Pause Young (Allocation Failure)
[916.369s][info][gc,heap        ] GC(2588) PSYoungGen: 180800K(188416K)->64K(175104K) Eden: 180736K(180736K)->0K(174592K) From: 64K(7680K)->64K(512K)
[916.369s][info][gc,heap        ] GC(2588) ParOldGen: 61421K(175104K)->61437K(175104K)
[916.369s][info][gc,metaspace   ] GC(2588) Metaspace: 35637K(36480K)->35637K(36480K) NonClass: 26422K(27072K)->26422K(27072K) Class: 9215K(9408K)->9215K(9408K)
[916.369s][info][gc             ] GC(2588) Pause Young (Allocation Failure) 236M->60M(342M) 1.337ms
[916.369s][info][gc,cpu         ] GC(2588) User=0.00s Sys=0.01s Real=0.00s
[916.577s][info][gc,start       ] GC(2589) Pause Young (Allocation Failure)
[916.578s][info][gc,heap        ] GC(2589) PSYoungGen: 174656K(175104K)->64K(175104K) Eden: 174592K(174592K)->0K(168448K) From: 64K(512K)->64K(6656K)
[916.578s][info][gc,heap        ] GC(2589) ParOldGen: 61437K(175104K)->61453K(175104K)
[916.578s][info][gc,metaspace   ] GC(2589) Metaspace: 35637K(36480K)->35637K(36480K) NonClass: 26422K(27072K)->26422K(27072K) Class: 9215K(9408K)->9215K(9408K)
[916.578s][info][gc             ] GC(2589) Pause Young (Allocation Failure) 230M->60M(342M) 0.823ms
[916.578s][info][gc,cpu         ] GC(2589) User=0.00s Sys=0.00s Real=0.01s
[916.803s][info][gc,start       ] GC(2590) Pause Young (Allocation Failure)
[916.804s][info][gc,heap        ] GC(2590) PSYoungGen: 168512K(175104K)->64K(163328K) Eden: 168448K(168448K)->0K(162816K) From: 64K(6656K)->64K(512K)
[916.804s][info][gc,heap        ] GC(2590) ParOldGen: 61453K(175104K)->61469K(175104K)
[916.804s][info][gc,metaspace   ] GC(2590) Metaspace: 35637K(36480K)->35637K(36480K) NonClass: 26422K(27072K)->26422K(27072K) Class: 9215K(9408K)->9215K(9408K)
[916.804s][info][gc             ] GC(2590) Pause Young (Allocation Failure) 224M->60M(330M) 1.246ms
[916.804s][info][gc,cpu         ] GC(2590) User=0.00s Sys=0.00s Real=0.00s
[917.036s][info][gc,start       ] GC(2591) Pause Young (Allocation Failure)
[917.056s][info][gc,heap        ] GC(2591) PSYoungGen: 162880K(163328K)->5632K(200192K) Eden: 162816K(162816K)->0K(194560K) From: 64K(512K)->5632K(5632K)
[917.056s][info][gc,heap        ] GC(2591) ParOldGen: 61469K(175104K)->69261K(175104K)
[917.056s][info][gc,metaspace   ] GC(2591) Metaspace: 35637K(36480K)->35637K(36480K) NonClass: 26422K(27072K)->26422K(27072K) Class: 9215K(9408K)->9215K(9408K)
[917.056s][info][gc             ] GC(2591) Pause Young (Allocation Failure) 219M->73M(366M) 20.415ms
[917.056s][info][gc,cpu         ] GC(2591) User=0.04s Sys=0.00s Real=0.02s
[917.283s][info][gc,start       ] GC(2592) Pause Young (Allocation Failure)
[917.318s][info][gc,heap        ] GC(2592) PSYoungGen: 200192K(200192K)->5632K(219648K) Eden: 194560K(194560K)->0K(214016K) From: 5632K(5632K)->5632K(5632K)
[917.318s][info][gc,heap        ] GC(2592) ParOldGen: 69261K(175104K)->85741K(175104K)
[917.318s][info][gc,metaspace   ] GC(2592) Metaspace: 35637K(36480K)->35637K(36480K) NonClass: 26422K(27072K)->26422K(27072K) Class: 9215K(9408K)->9215K(9408K)
[917.318s][info][gc             ] GC(2592) Pause Young (Allocation Failure) 263M->89M(385M) 34.860ms
[917.318s][info][gc,cpu         ] GC(2592) User=0.07s Sys=0.00s Real=0.04s
[917.567s][info][gc,start       ] GC(2593) Pause Young (Allocation Failure)
[917.604s][info][gc,heap        ] GC(2593) PSYoungGen: 219648K(219648K)->16896K(230912K) Eden: 214016K(214016K)->0K(214016K) From: 5632K(5632K)->16896K(16896K)
[917.605s][info][gc,heap        ] GC(2593) ParOldGen: 85741K(175104K)->93349K(175104K)
[917.605s][info][gc,metaspace   ] GC(2593) Metaspace: 35637K(36480K)->35637K(36480K) NonClass: 26422K(27072K)->26422K(27072K) Class: 9215K(9408K)->9215K(9408K)
[917.605s][info][gc             ] GC(2593) Pause Young (Allocation Failure) 298M->107M(396M) 38.012ms
[917.605s][info][gc,cpu         ] GC(2593) User=0.07s Sys=0.00s Real=0.04s
[917.685s][info][gc,start       ] GC(2594) Pause Young (Allocation Failure)
[917.694s][info][gc,heap        ] GC(2594) PSYoungGen: 230912K(230912K)->3296K(277504K) Eden: 214016K(214016K)->0K(256512K) From: 16896K(16896K)->3296K(20992K)
[917.694s][info][gc,heap        ] GC(2594) ParOldGen: 93349K(175104K)->93557K(175104K)
[917.694s][info][gc,metaspace   ] GC(2594) Metaspace: 35637K(36480K)->35637K(36480K) NonClass: 26422K(27072K)->26422K(27072K) Class: 9215K(9408K)->9215K(9408K)
[917.694s][info][gc             ] GC(2594) Pause Young (Allocation Failure) 316M->94M(442M) 8.769ms
[917.694s][info][gc,cpu         ] GC(2594) User=0.01s Sys=0.00s Real=0.01s
[918.051s][info][gc,start       ] GC(2595) Pause Young (Allocation Failure)
[918.052s][info][gc,heap        ] GC(2595) PSYoungGen: 259808K(277504K)->64K(278528K) Eden: 256512K(256512K)->0K(256512K) From: 3296K(20992K)->64K(22016K)
[918.052s][info][gc,heap        ] GC(2595) ParOldGen: 93557K(175104K)->93565K(175104K)
[918.052s][info][gc,metaspace   ] GC(2595) Metaspace: 35637K(36480K)->35637K(36480K) NonClass: 26422K(27072K)->26422K(27072K) Class: 9215K(9408K)->9215K(9408K)
[918.052s][info][gc             ] GC(2595) Pause Young (Allocation Failure) 345M->91M(443M) 1.292ms
[918.052s][info][gc,cpu         ] GC(2595) User=0.00s Sys=0.00s Real=0.00s
[918.570s][info][gc,start       ] GC(2596) Pause Young (Allocation Failure)
[918.571s][info][gc,heap        ] GC(2596) PSYoungGen: 256576K(278528K)->64K(310784K) Eden: 256512K(256512K)->0K(290816K) From: 64K(22016K)->64K(19968K)
[918.571s][info][gc,heap        ] GC(2596) ParOldGen: 93565K(175104K)->93573K(175104K)
[918.571s][info][gc,metaspace   ] GC(2596) Metaspace: 35637K(36480K)->35637K(36480K) NonClass: 26422K(27072K)->26422K(27072K) Class: 9215K(9408K)->9215K(9408K)
[918.572s][info][gc             ] GC(2596) Pause Young (Allocation Failure) 341M->91M(474M) 1.130ms
[918.572s][info][gc,cpu         ] GC(2596) User=0.01s Sys=0.00s Real=0.00s
[919.058s][info][gc,start       ] GC(2597) Pause Young (Allocation Failure)
[919.060s][info][gc,heap        ] GC(2597) PSYoungGen: 290880K(310784K)->64K(311296K) Eden: 290816K(290816K)->0K(290816K) From: 64K(19968K)->64K(20480K)
[919.060s][info][gc,heap        ] GC(2597) ParOldGen: 93573K(175104K)->93581K(175104K)
[919.060s][info][gc,metaspace   ] GC(2597) Metaspace: 35637K(36480K)->35637K(36480K) NonClass: 26422K(27072K)->26422K(27072K) Class: 9215K(9408K)->9215K(9408K)
[919.060s][info][gc             ] GC(2597) Pause Young (Allocation Failure) 375M->91M(475M) 1.250ms
[919.060s][info][gc,cpu         ] GC(2597) User=0.00s Sys=0.00s Real=0.00s
[919.297s][info][gc,start       ] GC(2598) Pause Young (Allocation Failure)
[919.298s][info][gc,heap        ] GC(2598) PSYoungGen: 290880K(311296K)->32K(312832K) Eden: 290816K(290816K)->0K(293888K) From: 64K(20480K)->32K(18944K)
[919.298s][info][gc,heap        ] GC(2598) ParOldGen: 93581K(175104K)->93597K(175104K)
[919.298s][info][gc,metaspace   ] GC(2598) Metaspace: 35637K(36480K)->35637K(36480K) NonClass: 26422K(27072K)->26422K(27072K) Class: 9215K(9408K)->9215K(9408K)
[919.298s][info][gc             ] GC(2598) Pause Young (Allocation Failure) 375M->91M(476M) 1.188ms
[919.298s][info][gc,cpu         ] GC(2598) User=0.00s Sys=0.00s Real=0.00s
[919.542s][info][gc,start       ] GC(2599) Pause Young (Allocation Failure)
[919.543s][info][gc,heap        ] GC(2599) PSYoungGen: 293920K(312832K)->32K(312832K) Eden: 293888K(293888K)->0K(293888K) From: 32K(18944K)->32K(18944K)
[919.543s][info][gc,heap        ] GC(2599) ParOldGen: 93597K(175104K)->93597K(175104K)
[919.543s][info][gc,metaspace   ] GC(2599) Metaspace: 35637K(36480K)->35637K(36480K) NonClass: 26422K(27072K)->26422K(27072K) Class: 9215K(9408K)->9215K(9408K)
[919.543s][info][gc             ] GC(2599) Pause Young (Allocation Failure) 378M->91M(476M) 1.060ms
[919.543s][info][gc,cpu         ] GC(2599) User=0.01s Sys=0.00s Real=0.00s
[919.849s][info][gc,start       ] GC(2600) Pause Young (Allocation Failure)
[919.850s][info][gc,heap        ] GC(2600) PSYoungGen: 293920K(312832K)->64K(313856K) Eden: 293888K(293888K)->0K(296960K) From: 32K(18944K)->64K(16896K)
[919.850s][info][gc,heap        ] GC(2600) ParOldGen: 93597K(175104K)->93597K(175104K)
[919.850s][info][gc,metaspace   ] GC(2600) Metaspace: 35637K(36480K)->35637K(36480K) NonClass: 26422K(27072K)->26422K(27072K) Class: 9215K(9408K)->9215K(9408K)
[919.850s][info][gc             ] GC(2600) Pause Young (Allocation Failure) 378M->91M(477M) 1.017ms
[919.850s][info][gc,cpu         ] GC(2600) User=0.00s Sys=0.00s Real=0.00s
[919.903s][info][gc,start       ] GC(2601) Pause Young (Allocation Failure)
[919.904s][info][gc,heap        ] GC(2601) PSYoungGen: 297024K(313856K)->32K(313856K) Eden: 296960K(296960K)->0K(296960K) From: 64K(16896K)->32K(16896K)
[919.904s][info][gc,heap        ] GC(2601) ParOldGen: 93597K(175104K)->93613K(175104K)
[919.904s][info][gc,metaspace   ] GC(2601) Metaspace: 35637K(36480K)->35637K(36480K) NonClass: 26422K(27072K)->26422K(27072K) Class: 9215K(9408K)->9215K(9408K)
[919.904s][info][gc             ] GC(2601) Pause Young (Allocation Failure) 381M->91M(477M) 1.009ms
[919.904s][info][gc,cpu         ] GC(2601) User=0.00s Sys=0.00s Real=0.00s
[919.988s][info][gc,start       ] GC(2602) Pause Young (Allocation Failure)
[919.989s][info][gc,heap        ] GC(2602) PSYoungGen: 296992K(313856K)->64K(315392K) Eden: 296960K(296960K)->0K(300544K) From: 32K(16896K)->64K(14848K)
[919.989s][info][gc,heap        ] GC(2602) ParOldGen: 93613K(175104K)->93613K(175104K)
[919.989s][info][gc,metaspace   ] GC(2602) Metaspace: 35637K(36480K)->35637K(36480K) NonClass: 26422K(27072K)->26422K(27072K) Class: 9215K(9408K)->9215K(9408K)
[919.989s][info][gc             ] GC(2602) Pause Young (Allocation Failure) 381M->91M(479M) 0.976ms
[919.989s][info][gc,cpu         ] GC(2602) User=0.01s Sys=0.00s Real=0.00s
[920.236s][info][gc,start       ] GC(2603) Pause Young (Allocation Failure)
[920.237s][info][gc,heap        ] GC(2603) PSYoungGen: 300608K(315392K)->32K(315904K) Eden: 300544K(300544K)->0K(300544K) From: 64K(14848K)->32K(15360K)
[920.237s][info][gc,heap        ] GC(2603) ParOldGen: 93613K(175104K)->93629K(175104K)
[920.237s][info][gc,metaspace   ] GC(2603) Metaspace: 35637K(36480K)->35637K(36480K) NonClass: 26422K(27072K)->26422K(27072K) Class: 9215K(9408K)->9215K(9408K)
[920.237s][info][gc             ] GC(2603) Pause Young (Allocation Failure) 384M->91M(479M) 1.121ms
[920.237s][info][gc,cpu         ] GC(2603) User=0.00s Sys=0.00s Real=0.01s
[920.428s][info][gc,start       ] GC(2604) Pause Young (Allocation Failure)
[920.429s][info][gc,heap        ] GC(2604) PSYoungGen: 300576K(315904K)->64K(317952K) Eden: 300544K(300544K)->0K(304128K) From: 32K(15360K)->64K(13824K)
[920.429s][info][gc,heap        ] GC(2604) ParOldGen: 93629K(175104K)->93629K(175104K)
[920.429s][info][gc,metaspace   ] GC(2604) Metaspace: 35637K(36480K)->35637K(36480K) NonClass: 26422K(27072K)->26422K(27072K) Class: 9215K(9408K)->9215K(9408K)
[920.429s][info][gc             ] GC(2604) Pause Young (Allocation Failure) 384M->91M(481M) 1.155ms
[920.429s][info][gc,cpu         ] GC(2604) User=0.00s Sys=0.00s Real=0.00s
[920.516s][info][gc,start       ] GC(2605) Pause Young (Allocation Failure)
[920.517s][info][gc,heap        ] GC(2605) PSYoungGen: 304192K(317952K)->32K(317952K) Eden: 304128K(304128K)->0K(304128K) From: 64K(13824K)->32K(13824K)
[920.517s][info][gc,heap        ] GC(2605) ParOldGen: 93629K(175104K)->93645K(175104K)
[920.517s][info][gc,metaspace   ] GC(2605) Metaspace: 35637K(36480K)->35637K(36480K) NonClass: 26422K(27072K)->26422K(27072K) Class: 9215K(9408K)->9215K(9408K)
[920.517s][info][gc             ] GC(2605) Pause Young (Allocation Failure) 388M->91M(481M) 1.104ms
[920.517s][info][gc,cpu         ] GC(2605) User=0.00s Sys=0.00s Real=0.01s
[920.670s][info][gc,start       ] GC(2606) Pause Young (Allocation Failure)
[920.671s][info][gc,heap        ] GC(2606) PSYoungGen: 304160K(317952K)->64K(319488K) Eden: 304128K(304128K)->0K(306688K) From: 32K(13824K)->64K(12800K)
[920.671s][info][gc,heap        ] GC(2606) ParOldGen: 93645K(175104K)->93645K(175104K)
[920.671s][info][gc,metaspace   ] GC(2606) Metaspace: 35637K(36480K)->35637K(36480K) NonClass: 26422K(27072K)->26422K(27072K) Class: 9215K(9408K)->9215K(9408K)
[920.671s][info][gc             ] GC(2606) Pause Young (Allocation Failure) 388M->91M(483M) 1.132ms
[920.671s][info][gc,cpu         ] GC(2606) User=0.01s Sys=0.00s Real=0.00s
[921.587s][info][gc,start       ] GC(2607) Pause Young (Allocation Failure)
[921.588s][info][gc,heap        ] GC(2607) PSYoungGen: 306752K(319488K)->83K(294912K) Eden: 306688K(306688K)->0K(294400K) From: 64K(12800K)->83K(512K)
[921.588s][info][gc,heap        ] GC(2607) ParOldGen: 93645K(175104K)->93653K(175104K)
[921.588s][info][gc,metaspace   ] GC(2607) Metaspace: 35637K(36480K)->35637K(36480K) NonClass: 26422K(27072K)->26422K(27072K) Class: 9215K(9408K)->9215K(9408K)
[921.588s][info][gc             ] GC(2607) Pause Young (Allocation Failure) 391M->91M(459M) 1.171ms
[921.588s][info][gc,cpu         ] GC(2607) User=0.00s Sys=0.00s Real=0.00s
[922.416s][info][gc,start       ] GC(2608) Pause Young (Allocation Failure)
[922.417s][info][gc,heap        ] GC(2608) PSYoungGen: 294483K(294912K)->64K(283136K) Eden: 294400K(294400K)->0K(282624K) From: 83K(512K)->64K(512K)
[922.417s][info][gc,heap        ] GC(2608) ParOldGen: 93653K(175104K)->93661K(175104K)
[922.417s][info][gc,metaspace   ] GC(2608) Metaspace: 35637K(36480K)->35637K(36480K) NonClass: 26422K(27072K)->26422K(27072K) Class: 9215K(9408K)->9215K(9408K)
[922.417s][info][gc             ] GC(2608) Pause Young (Allocation Failure) 379M->91M(447M) 1.183ms
[922.417s][info][gc,cpu         ] GC(2608) User=0.00s Sys=0.00s Real=0.01s
[922.769s][info][gc,start       ] GC(2609) Pause Young (Allocation Failure)
[922.770s][info][gc,heap        ] GC(2609) PSYoungGen: 282688K(283136K)->64K(282624K) Eden: 282624K(282624K)->0K(271872K) From: 64K(512K)->64K(10752K)
[922.770s][info][gc,heap        ] GC(2609) ParOldGen: 93661K(175104K)->93677K(175104K)
[922.770s][info][gc,metaspace   ] GC(2609) Metaspace: 35637K(36480K)->35637K(36480K) NonClass: 26422K(27072K)->26422K(27072K) Class: 9215K(9408K)->9215K(9408K)
[922.770s][info][gc             ] GC(2609) Pause Young (Allocation Failure) 367M->91M(447M) 0.971ms
[922.770s][info][gc,cpu         ] GC(2609) User=0.00s Sys=0.00s Real=0.00s
[923.847s][info][gc,start       ] GC(2610) Pause Young (Allocation Failure)
[923.849s][info][gc,heap        ] GC(2610) PSYoungGen: 271936K(282624K)->64K(262144K) Eden: 271872K(271872K)->0K(261632K) From: 64K(10752K)->64K(512K)
[923.849s][info][gc,heap        ] GC(2610) ParOldGen: 93677K(175104K)->93693K(175104K)
[923.849s][info][gc,metaspace   ] GC(2610) Metaspace: 35637K(36480K)->35637K(36480K) NonClass: 26422K(27072K)->26422K(27072K) Class: 9215K(9408K)->9215K(9408K)
[923.849s][info][gc             ] GC(2610) Pause Young (Allocation Failure) 357M->91M(427M) 1.787ms
[923.849s][info][gc,cpu         ] GC(2610) User=0.00s Sys=0.00s Real=0.01s
[924.081s][info][gc,start       ] GC(2611) Pause Young (Allocation Failure)
[924.082s][info][gc,heap        ] GC(2611) PSYoungGen: 261696K(262144K)->64K(260608K) Eden: 261632K(261632K)->0K(251392K) From: 64K(512K)->64K(9216K)
[924.082s][info][gc,heap        ] GC(2611) ParOldGen: 93693K(175104K)->93709K(175104K)
[924.082s][info][gc,metaspace   ] GC(2611) Metaspace: 35637K(36480K)->35637K(36480K) NonClass: 26422K(27072K)->26422K(27072K) Class: 9215K(9408K)->9215K(9408K)
[924.082s][info][gc             ] GC(2611) Pause Young (Allocation Failure) 347M->91M(425M) 0.997ms
[924.082s][info][gc,cpu         ] GC(2611) User=0.00s Sys=0.00s Real=0.00s
[924.427s][info][gc,start       ] GC(2612) Pause Young (Allocation Failure)
[924.429s][info][gc,heap        ] GC(2612) PSYoungGen: 251456K(260608K)->64K(242176K) Eden: 251392K(251392K)->0K(241664K) From: 64K(9216K)->64K(512K)
[924.429s][info][gc,heap        ] GC(2612) ParOldGen: 93709K(175104K)->93725K(175104K)
[924.429s][info][gc,metaspace   ] GC(2612) Metaspace: 35637K(36480K)->35637K(36480K) NonClass: 26422K(27072K)->26422K(27072K) Class: 9215K(9408K)->9215K(9408K)
[924.429s][info][gc             ] GC(2612) Pause Young (Allocation Failure) 337M->91M(407M) 1.683ms
[924.429s][info][gc,cpu         ] GC(2612) User=0.00s Sys=0.00s Real=0.00s
[924.504s][info][gc,start       ] GC(2613) Pause Young (Allocation Failure)
[924.505s][info][gc,heap        ] GC(2613) PSYoungGen: 241728K(242176K)->64K(240640K) Eden: 241664K(241664K)->0K(232448K) From: 64K(512K)->64K(8192K)
[924.505s][info][gc,heap        ] GC(2613) ParOldGen: 93725K(175104K)->93741K(175104K)
[924.505s][info][gc,metaspace   ] GC(2613) Metaspace: 35637K(36480K)->35637K(36480K) NonClass: 26422K(27072K)->26422K(27072K) Class: 9215K(9408K)->9215K(9408K)
[924.505s][info][gc             ] GC(2613) Pause Young (Allocation Failure) 327M->91M(406M) 1.041ms
[924.505s][info][gc,cpu         ] GC(2613) User=0.00s Sys=0.00s Real=0.00s
[925.000s][info][gc,start       ] GC(2614) Pause Young (Allocation Failure)
[925.002s][info][gc,heap        ] GC(2614) PSYoungGen: 232512K(240640K)->64K(224256K) Eden: 232448K(232448K)->0K(223744K) From: 64K(8192K)->64K(512K)
[925.002s][info][gc,heap        ] GC(2614) ParOldGen: 93741K(175104K)->93749K(175104K)
[925.002s][info][gc,metaspace   ] GC(2614) Metaspace: 35637K(36480K)->35637K(36480K) NonClass: 26422K(27072K)->26422K(27072K) Class: 9215K(9408K)->9215K(9408K)
[925.002s][info][gc             ] GC(2614) Pause Young (Allocation Failure) 318M->91M(390M) 1.776ms
[925.002s][info][gc,cpu         ] GC(2614) User=0.00s Sys=0.00s Real=0.00s
[925.214s][info][gc,start       ] GC(2615) Pause Young (Allocation Failure)
[925.215s][info][gc,heap        ] GC(2615) PSYoungGen: 223808K(224256K)->64K(222720K) Eden: 223744K(223744K)->0K(215552K) From: 64K(512K)->64K(7168K)
[925.215s][info][gc,heap        ] GC(2615) ParOldGen: 93749K(175104K)->93765K(175104K)
[925.215s][info][gc,metaspace   ] GC(2615) Metaspace: 35637K(36480K)->35637K(36480K) NonClass: 26422K(27072K)->26422K(27072K) Class: 9215K(9408K)->9215K(9408K)
[925.215s][info][gc             ] GC(2615) Pause Young (Allocation Failure) 310M->91M(388M) 0.990ms
[925.215s][info][gc,cpu         ] GC(2615) User=0.01s Sys=0.00s Real=0.00s
[925.541s][info][gc,start       ] GC(2616) Pause Young (Allocation Failure)
[925.558s][info][gc,heap        ] GC(2616) PSYoungGen: 215616K(222720K)->6656K(263168K) Eden: 215552K(215552K)->0K(256512K) From: 64K(7168K)->6656K(6656K)
[925.558s][info][gc,heap        ] GC(2616) ParOldGen: 93765K(175104K)->97205K(175104K)
[925.558s][info][gc,metaspace   ] GC(2616) Metaspace: 35637K(36480K)->35637K(36480K) NonClass: 26422K(27072K)->26422K(27072K) Class: 9215K(9408K)->9215K(9408K)
[925.558s][info][gc             ] GC(2616) Pause Young (Allocation Failure) 302M->101M(428M) 16.573ms
[925.558s][info][gc,cpu         ] GC(2616) User=0.03s Sys=0.00s Real=0.02s
[925.855s][info][gc,start       ] GC(2617) Pause Young (Allocation Failure)
[925.899s][info][gc,heap        ] GC(2617) PSYoungGen: 263168K(263168K)->9216K(274944K) Eden: 256512K(256512K)->0K(265728K) From: 6656K(6656K)->9216K(9216K)
[925.899s][info][gc,heap        ] GC(2617) ParOldGen: 97205K(175104K)->116949K(175104K)
[925.899s][info][gc,metaspace   ] GC(2617) Metaspace: 35637K(36480K)->35637K(36480K) NonClass: 26422K(27072K)->26422K(27072K) Class: 9215K(9408K)->9215K(9408K)
[925.899s][info][gc             ] GC(2617) Pause Young (Allocation Failure) 351M->123M(439M) 43.257ms
[925.899s][info][gc,cpu         ] GC(2617) User=0.09s Sys=0.00s Real=0.05s
[926.157s][info][gc,start       ] GC(2618) Pause Young (Allocation Failure)
[926.206s][info][gc,heap        ] GC(2618) PSYoungGen: 274944K(274944K)->18944K(303616K) Eden: 265728K(265728K)->0K(284672K) From: 9216K(9216K)->18944K(18944K)
[926.206s][info][gc,heap        ] GC(2618) ParOldGen: 116949K(175104K)->122213K(175104K)
[926.206s][info][gc,metaspace   ] GC(2618) Metaspace: 35637K(36480K)->35637K(36480K) NonClass: 26422K(27072K)->26422K(27072K) Class: 9215K(9408K)->9215K(9408K)
[926.206s][info][gc             ] GC(2618) Pause Young (Allocation Failure) 382M->137M(467M) 49.110ms
[926.206s][info][gc,cpu         ] GC(2618) User=0.08s Sys=0.02s Real=0.04s
[926.346s][info][gc,start       ] GC(2619) Pause Young (Allocation Failure)
[926.348s][info][gc,heap        ] GC(2619) PSYoungGen: 303616K(303616K)->64K(309248K) Eden: 284672K(284672K)->0K(284672K) From: 18944K(18944K)->64K(24576K)
[926.348s][info][gc,heap        ] GC(2619) ParOldGen: 122213K(175104K)->122349K(175104K)
[926.348s][info][gc,metaspace   ] GC(2619) Metaspace: 35637K(36480K)->35637K(36480K) NonClass: 26422K(27072K)->26422K(27072K) Class: 9215K(9408K)->9215K(9408K)
[926.348s][info][gc             ] GC(2619) Pause Young (Allocation Failure) 415M->119M(473M) 2.213ms
[926.348s][info][gc,cpu         ] GC(2619) User=0.01s Sys=0.00s Real=0.01s
[927.008s][info][gc,start       ] GC(2620) Pause Young (Allocation Failure)
[927.009s][info][gc,heap        ] GC(2620) PSYoungGen: 284736K(309248K)->64K(306688K) Eden: 284672K(284672K)->0K(285184K) From: 64K(24576K)->64K(21504K)
[927.009s][info][gc,heap        ] GC(2620) ParOldGen: 122349K(175104K)->122365K(175104K)
[927.009s][info][gc,metaspace   ] GC(2620) Metaspace: 35637K(36480K)->35637K(36480K) NonClass: 26422K(27072K)->26422K(27072K) Class: 9215K(9408K)->9215K(9408K)
[927.009s][info][gc             ] GC(2620) Pause Young (Allocation Failure) 397M->119M(470M) 1.075ms
[927.009s][info][gc,cpu         ] GC(2620) User=0.00s Sys=0.00s Real=0.00s
[927.509s][info][gc,start       ] GC(2621) Pause Young (Allocation Failure)
[927.510s][info][gc,heap        ] GC(2621) PSYoungGen: 285248K(306688K)->64K(308224K) Eden: 285184K(285184K)->0K(285184K) From: 64K(21504K)->64K(23040K)
[927.510s][info][gc,heap        ] GC(2621) ParOldGen: 122365K(175104K)->122365K(175104K)
[927.510s][info][gc,metaspace   ] GC(2621) Metaspace: 35637K(36480K)->35637K(36480K) NonClass: 26422K(27072K)->26422K(27072K) Class: 9215K(9408K)->9215K(9408K)
[927.510s][info][gc             ] GC(2621) Pause Young (Allocation Failure) 398M->119M(472M) 0.864ms
[927.510s][info][gc,cpu         ] GC(2621) User=0.00s Sys=0.00s Real=0.00s
[927.742s][info][gc,start       ] GC(2622) Pause Young (Allocation Failure)
[927.743s][info][gc,heap        ] GC(2622) PSYoungGen: 285248K(308224K)->64K(309248K) Eden: 285184K(285184K)->0K(288768K) From: 64K(23040K)->64K(20480K)
[927.743s][info][gc,heap        ] GC(2622) ParOldGen: 122365K(175104K)->122381K(175104K)
[927.743s][info][gc,metaspace   ] GC(2622) Metaspace: 35637K(36480K)->35637K(36480K) NonClass: 26422K(27072K)->26422K(27072K) Class: 9215K(9408K)->9215K(9408K)
[927.743s][info][gc             ] GC(2622) Pause Young (Allocation Failure) 398M->119M(473M) 0.797ms
[927.743s][info][gc,cpu         ] GC(2622) User=0.00s Sys=0.00s Real=0.00s
[927.982s][info][gc,start       ] GC(2623) Pause Young (Allocation Failure)
[927.982s][info][gc,heap        ] GC(2623) PSYoungGen: 288832K(309248K)->64K(310272K) Eden: 288768K(288768K)->0K(288768K) From: 64K(20480K)->64K(21504K)
[927.982s][info][gc,heap        ] GC(2623) ParOldGen: 122381K(175104K)->122381K(175104K)
[927.982s][info][gc,metaspace   ] GC(2623) Metaspace: 35637K(36480K)->35637K(36480K) NonClass: 26422K(27072K)->26422K(27072K) Class: 9215K(9408K)->9215K(9408K)
[927.982s][info][gc             ] GC(2623) Pause Young (Allocation Failure) 401M->119M(474M) 0.775ms
[927.982s][info][gc,cpu         ] GC(2623) User=0.00s Sys=0.00s Real=0.00s
[928.346s][info][gc,start       ] GC(2624) Pause Young (Allocation Failure)
[928.347s][info][gc,heap        ] GC(2624) PSYoungGen: 288832K(310272K)->64K(310272K) Eden: 288768K(288768K)->0K(291840K) From: 64K(21504K)->64K(18432K)
[928.347s][info][gc,heap        ] GC(2624) ParOldGen: 122381K(175104K)->122381K(175104K)
[928.347s][info][gc,metaspace   ] GC(2624) Metaspace: 35637K(36480K)->35637K(36480K) NonClass: 26422K(27072K)->26422K(27072K) Class: 9215K(9408K)->9215K(9408K)
[928.347s][info][gc             ] GC(2624) Pause Young (Allocation Failure) 401M->119M(474M) 1.328ms
[928.347s][info][gc,cpu         ] GC(2624) User=0.00s Sys=0.00s Real=0.01s
[928.399s][info][gc,start       ] GC(2625) Pause Young (Allocation Failure)
[928.401s][info][gc,heap        ] GC(2625) PSYoungGen: 291904K(310272K)->32K(311296K) Eden: 291840K(291840K)->0K(291840K) From: 64K(18432K)->32K(19456K)
[928.401s][info][gc,heap        ] GC(2625) ParOldGen: 122381K(175104K)->122397K(175104K)
[928.401s][info][gc,metaspace   ] GC(2625) Metaspace: 35637K(36480K)->35637K(36480K) NonClass: 26422K(27072K)->26422K(27072K) Class: 9215K(9408K)->9215K(9408K)
[928.401s][info][gc             ] GC(2625) Pause Young (Allocation Failure) 404M->119M(475M) 1.309ms
[928.401s][info][gc,cpu         ] GC(2625) User=0.00s Sys=0.00s Real=0.00s
[928.451s][info][gc,start       ] GC(2626) Pause Young (Allocation Failure)
[928.452s][info][gc,heap        ] GC(2626) PSYoungGen: 291872K(311296K)->64K(312320K) Eden: 291840K(291840K)->0K(295936K) From: 32K(19456K)->64K(16384K)
[928.452s][info][gc,heap        ] GC(2626) ParOldGen: 122397K(175104K)->122397K(175104K)
[928.452s][info][gc,metaspace   ] GC(2626) Metaspace: 35637K(36480K)->35637K(36480K) NonClass: 26422K(27072K)->26422K(27072K) Class: 9215K(9408K)->9215K(9408K)
[928.452s][info][gc             ] GC(2626) Pause Young (Allocation Failure) 404M->119M(476M) 1.162ms
[928.452s][info][gc,cpu         ] GC(2626) User=0.00s Sys=0.00s Real=0.00s
[928.662s][info][gc,start       ] GC(2627) Pause Young (Allocation Failure)
[928.663s][info][gc,heap        ] GC(2627) PSYoungGen: 296000K(312320K)->64K(313344K) Eden: 295936K(295936K)->0K(295936K) From: 64K(16384K)->64K(17408K)
[928.663s][info][gc,heap        ] GC(2627) ParOldGen: 122397K(175104K)->122397K(175104K)
[928.663s][info][gc,metaspace   ] GC(2627) Metaspace: 35637K(36480K)->35637K(36480K) NonClass: 26422K(27072K)->26422K(27072K) Class: 9215K(9408K)->9215K(9408K)
[928.663s][info][gc             ] GC(2627) Pause Young (Allocation Failure) 408M->119M(477M) 1.293ms
[928.663s][info][gc,cpu         ] GC(2627) User=0.00s Sys=0.00s Real=0.00s
[928.888s][info][gc,start       ] GC(2628) Pause Young (Allocation Failure)
[928.890s][info][gc,heap        ] GC(2628) PSYoungGen: 296000K(313344K)->64K(314368K) Eden: 295936K(295936K)->0K(300032K) From: 64K(17408K)->64K(14336K)
[928.890s][info][gc,heap        ] GC(2628) ParOldGen: 122397K(175104K)->122405K(175104K)
[928.890s][info][gc,metaspace   ] GC(2628) Metaspace: 35637K(36480K)->35637K(36480K) NonClass: 26422K(27072K)->26422K(27072K) Class: 9215K(9408K)->9215K(9408K)
[928.890s][info][gc             ] GC(2628) Pause Young (Allocation Failure) 408M->119M(478M) 1.500ms
[928.890s][info][gc,cpu         ] GC(2628) User=0.00s Sys=0.00s Real=0.00s
[928.999s][info][gc,start       ] GC(2629) Pause Young (Allocation Failure)
[929.000s][info][gc,heap        ] GC(2629) PSYoungGen: 300096K(314368K)->64K(315392K) Eden: 300032K(300032K)->0K(300032K) From: 64K(14336K)->64K(15360K)
[929.000s][info][gc,heap        ] GC(2629) ParOldGen: 122405K(175104K)->122421K(175104K)
[929.000s][info][gc,metaspace   ] GC(2629) Metaspace: 35637K(36480K)->35637K(36480K) NonClass: 26422K(27072K)->26422K(27072K) Class: 9215K(9408K)->9215K(9408K)
[929.000s][info][gc             ] GC(2629) Pause Young (Allocation Failure) 412M->119M(479M) 1.220ms
[929.000s][info][gc,cpu         ] GC(2629) User=0.00s Sys=0.00s Real=0.00s
[929.115s][info][gc,start       ] GC(2630) Pause Young (Allocation Failure)
[929.116s][info][gc,heap        ] GC(2630) PSYoungGen: 300096K(315392K)->64K(317440K) Eden: 300032K(300032K)->0K(304128K) From: 64K(15360K)->64K(13312K)
[929.116s][info][gc,heap        ] GC(2630) ParOldGen: 122421K(175104K)->122429K(175104K)
[929.116s][info][gc,metaspace   ] GC(2630) Metaspace: 35637K(36480K)->35637K(36480K) NonClass: 26422K(27072K)->26422K(27072K) Class: 9215K(9408K)->9215K(9408K)
[929.116s][info][gc             ] GC(2630) Pause Young (Allocation Failure) 412M->119M(481M) 1.161ms
[929.116s][info][gc,cpu         ] GC(2630) User=0.00s Sys=0.00s Real=0.00s
[929.487s][info][gc,start       ] GC(2631) Pause Young (Allocation Failure)
[929.488s][info][gc,heap        ] GC(2631) PSYoungGen: 304192K(317440K)->64K(317952K) Eden: 304128K(304128K)->0K(304128K) From: 64K(13312K)->64K(13824K)
[929.488s][info][gc,heap        ] GC(2631) ParOldGen: 122429K(175104K)->122437K(175104K)
[929.488s][info][gc,metaspace   ] GC(2631) Metaspace: 35637K(36480K)->35637K(36480K) NonClass: 26422K(27072K)->26422K(27072K) Class: 9215K(9408K)->9215K(9408K)
[929.488s][info][gc             ] GC(2631) Pause Young (Allocation Failure) 416M->119M(481M) 1.252ms
[929.488s][info][gc,cpu         ] GC(2631) User=0.00s Sys=0.00s Real=0.01s
[930.133s][info][gc,start       ] GC(2632) Pause Young (Allocation Failure)
[930.135s][info][gc,heap        ] GC(2632) PSYoungGen: 304192K(317952K)->64K(292352K) Eden: 304128K(304128K)->0K(291840K) From: 64K(13824K)->64K(512K)
[930.135s][info][gc,heap        ] GC(2632) ParOldGen: 122437K(175104K)->122445K(175104K)
[930.135s][info][gc,metaspace   ] GC(2632) Metaspace: 35637K(36480K)->35637K(36480K) NonClass: 26422K(27072K)->26422K(27072K) Class: 9215K(9408K)->9215K(9408K)
[930.135s][info][gc             ] GC(2632) Pause Young (Allocation Failure) 416M->119M(456M) 1.966ms
[930.135s][info][gc,cpu         ] GC(2632) User=0.01s Sys=0.00s Real=0.00s
[931.074s][info][gc,start       ] GC(2633) Pause Young (Allocation Failure)
[931.075s][info][gc,heap        ] GC(2633) PSYoungGen: 291904K(292352K)->64K(292352K) Eden: 291840K(291840K)->0K(280576K) From: 64K(512K)->64K(11776K)
[931.075s][info][gc,heap        ] GC(2633) ParOldGen: 122445K(175104K)->122453K(175104K)
[931.075s][info][gc,metaspace   ] GC(2633) Metaspace: 35637K(36480K)->35637K(36480K) NonClass: 26422K(27072K)->26422K(27072K) Class: 9215K(9408K)->9215K(9408K)
[931.075s][info][gc             ] GC(2633) Pause Young (Allocation Failure) 404M->119M(456M) 1.309ms
[931.075s][info][gc,cpu         ] GC(2633) User=0.00s Sys=0.00s Real=0.00s
[931.584s][info][gc,start       ] GC(2634) Pause Young (Allocation Failure)
[931.585s][info][gc,heap        ] GC(2634) PSYoungGen: 280640K(292352K)->64K(270336K) Eden: 280576K(280576K)->0K(269824K) From: 64K(11776K)->64K(512K)
[931.585s][info][gc,heap        ] GC(2634) ParOldGen: 122453K(175104K)->122461K(175104K)
[931.585s][info][gc,metaspace   ] GC(2634) Metaspace: 35637K(36480K)->35637K(36480K) NonClass: 26422K(27072K)->26422K(27072K) Class: 9215K(9408K)->9215K(9408K)
[931.585s][info][gc             ] GC(2634) Pause Young (Allocation Failure) 393M->119M(435M) 1.382ms
[931.585s][info][gc,cpu         ] GC(2634) User=0.00s Sys=0.00s Real=0.00s
[932.520s][info][gc,start       ] GC(2635) Pause Young (Allocation Failure)
[932.521s][info][gc,heap        ] GC(2635) PSYoungGen: 269888K(270336K)->64K(269824K) Eden: 269824K(269824K)->0K(259584K) From: 64K(512K)->64K(10240K)
[932.521s][info][gc,heap        ] GC(2635) ParOldGen: 122461K(175104K)->122469K(175104K)
[932.521s][info][gc,metaspace   ] GC(2635) Metaspace: 35637K(36480K)->35637K(36480K) NonClass: 26422K(27072K)->26422K(27072K) Class: 9215K(9408K)->9215K(9408K)
[932.521s][info][gc             ] GC(2635) Pause Young (Allocation Failure) 383M->119M(434M) 0.694ms
[932.521s][info][gc,cpu         ] GC(2635) User=0.00s Sys=0.00s Real=0.00s
[932.857s][info][gc,start       ] GC(2636) Pause Young (Allocation Failure)
[932.858s][info][gc,heap        ] GC(2636) PSYoungGen: 259648K(269824K)->64K(250368K) Eden: 259584K(259584K)->0K(249856K) From: 64K(10240K)->64K(512K)
[932.858s][info][gc,heap        ] GC(2636) ParOldGen: 122469K(175104K)->122477K(175104K)
[932.858s][info][gc,metaspace   ] GC(2636) Metaspace: 35637K(36480K)->35637K(36480K) NonClass: 26422K(27072K)->26422K(27072K) Class: 9215K(9408K)->9215K(9408K)
[932.858s][info][gc             ] GC(2636) Pause Young (Allocation Failure) 373M->119M(415M) 0.981ms
[932.858s][info][gc,cpu         ] GC(2636) User=0.00s Sys=0.00s Real=0.00s
[932.970s][info][gc,start       ] GC(2637) Pause Young (Allocation Failure)
[932.971s][info][gc,heap        ] GC(2637) PSYoungGen: 249920K(250368K)->64K(249856K) Eden: 249856K(249856K)->0K(240640K) From: 64K(512K)->64K(9216K)
[932.971s][info][gc,heap        ] GC(2637) ParOldGen: 122477K(175104K)->122485K(175104K)
[932.971s][info][gc,metaspace   ] GC(2637) Metaspace: 35637K(36480K)->35637K(36480K) NonClass: 26422K(27072K)->26422K(27072K) Class: 9215K(9408K)->9215K(9408K)
[932.971s][info][gc             ] GC(2637) Pause Young (Allocation Failure) 363M->119M(415M) 0.595ms
[932.971s][info][gc,cpu         ] GC(2637) User=0.00s Sys=0.00s Real=0.00s
[933.334s][info][gc,start       ] GC(2638) Pause Young (Allocation Failure)
[933.336s][info][gc,heap        ] GC(2638) PSYoungGen: 240704K(249856K)->64K(231936K) Eden: 240640K(240640K)->0K(231424K) From: 64K(9216K)->64K(512K)
[933.336s][info][gc,heap        ] GC(2638) ParOldGen: 122485K(175104K)->122501K(175104K)
[933.336s][info][gc,metaspace   ] GC(2638) Metaspace: 35637K(36480K)->35637K(36480K) NonClass: 26422K(27072K)->26422K(27072K) Class: 9215K(9408K)->9215K(9408K)
[933.336s][info][gc             ] GC(2638) Pause Young (Allocation Failure) 354M->119M(397M) 1.783ms
[933.336s][info][gc,cpu         ] GC(2638) User=0.00s Sys=0.00s Real=0.00s
[933.622s][info][gc,start       ] GC(2639) Pause Young (Allocation Failure)
[933.623s][info][gc,heap        ] GC(2639) PSYoungGen: 231488K(231936K)->64K(230400K) Eden: 231424K(231424K)->0K(222720K) From: 64K(512K)->64K(7680K)
[933.623s][info][gc,heap        ] GC(2639) ParOldGen: 122501K(175104K)->122517K(175104K)
[933.623s][info][gc,metaspace   ] GC(2639) Metaspace: 35637K(36480K)->35637K(36480K) NonClass: 26422K(27072K)->26422K(27072K) Class: 9215K(9408K)->9215K(9408K)
[933.623s][info][gc             ] GC(2639) Pause Young (Allocation Failure) 345M->119M(396M) 1.081ms
[933.623s][info][gc,cpu         ] GC(2639) User=0.00s Sys=0.00s Real=0.00s
[933.977s][info][gc,start       ] GC(2640) Pause Young (Allocation Failure)
[933.990s][info][gc,heap        ] GC(2640) PSYoungGen: 222784K(230400K)->4480K(268800K) Eden: 222720K(222720K)->0K(264192K) From: 64K(7680K)->4480K(4608K)
[933.990s][info][gc,heap        ] GC(2640) ParOldGen: 122517K(175104K)->122533K(175104K)
[933.990s][info][gc,metaspace   ] GC(2640) Metaspace: 35637K(36480K)->35637K(36480K) NonClass: 26422K(27072K)->26422K(27072K) Class: 9215K(9408K)->9215K(9408K)
[933.991s][info][gc             ] GC(2640) Pause Young (Allocation Failure) 337M->124M(433M) 13.986ms
[933.991s][info][gc,cpu         ] GC(2640) User=0.01s Sys=0.00s Real=0.02s
[934.294s][info][gc,start       ] GC(2641) Pause Young (Allocation Failure)
[934.339s][info][gc,heap        ] GC(2641) PSYoungGen: 268672K(268800K)->8192K(281600K) Eden: 264192K(264192K)->0K(273408K) From: 4480K(4608K)->8192K(8192K)
[934.339s][info][gc,heap        ] GC(2641) ParOldGen: 122533K(175104K)->144069K(175104K)
[934.339s][info][gc,metaspace   ] GC(2641) Metaspace: 35637K(36480K)->35637K(36480K) NonClass: 26422K(27072K)->26422K(27072K) Class: 9215K(9408K)->9215K(9408K)
[934.339s][info][gc             ] GC(2641) Pause Young (Allocation Failure) 382M->148M(446M) 45.588ms
[934.339s][info][gc,cpu         ] GC(2641) User=0.08s Sys=0.00s Real=0.05s
[934.635s][info][gc,start       ] GC(2642) Pause Young (Allocation Failure)
[934.690s][info][gc,heap        ] GC(2642) PSYoungGen: 281600K(281600K)->17920K(299520K) Eden: 273408K(273408K)->0K(281600K) From: 8192K(8192K)->17920K(17920K)
[934.690s][info][gc,heap        ] GC(2642) ParOldGen: 144069K(175104K)->155173K(175104K)
[934.690s][info][gc,metaspace   ] GC(2642) Metaspace: 35637K(36480K)->35637K(36480K) NonClass: 26422K(27072K)->26422K(27072K) Class: 9215K(9408K)->9215K(9408K)
[934.690s][info][gc             ] GC(2642) Pause Young (Allocation Failure) 415M->169M(463M) 55.326ms
[934.690s][info][gc,cpu         ] GC(2642) User=0.09s Sys=0.01s Real=0.06s
[934.780s][info][gc,start       ] GC(2643) Pause Young (Allocation Failure)
[934.783s][info][gc,heap        ] GC(2643) PSYoungGen: 299520K(299520K)->64K(307712K) Eden: 281600K(281600K)->0K(281600K) From: 17920K(17920K)->64K(26112K)
[934.783s][info][gc,heap        ] GC(2643) ParOldGen: 155173K(175104K)->155461K(175104K)
[934.783s][info][gc,metaspace   ] GC(2643) Metaspace: 35637K(36480K)->35637K(36480K) NonClass: 26422K(27072K)->26422K(27072K) Class: 9215K(9408K)->9215K(9408K)
[934.783s][info][gc             ] GC(2643) Pause Young (Allocation Failure) 444M->151M(471M) 3.840ms
[934.784s][info][gc,cpu         ] GC(2643) User=0.00s Sys=0.00s Real=0.00s
[935.404s][info][gc,start       ] GC(2644) Pause Young (Allocation Failure)
[935.405s][info][gc,heap        ] GC(2644) PSYoungGen: 281664K(307712K)->64K(304640K) Eden: 281600K(281600K)->0K(282624K) From: 64K(26112K)->64K(22016K)
[935.405s][info][gc,heap        ] GC(2644) ParOldGen: 155461K(175104K)->155469K(175104K)
[935.405s][info][gc,metaspace   ] GC(2644) Metaspace: 35637K(36480K)->35637K(36480K) NonClass: 26422K(27072K)->26422K(27072K) Class: 9215K(9408K)->9215K(9408K)
[935.405s][info][gc             ] GC(2644) Pause Young (Allocation Failure) 426M->151M(468M) 1.105ms
[935.405s][info][gc,cpu         ] GC(2644) User=0.00s Sys=0.00s Real=0.00s
[935.749s][info][gc,start       ] GC(2645) Pause Young (Allocation Failure)
[935.750s][info][gc,heap        ] GC(2645) PSYoungGen: 282688K(304640K)->64K(306688K) Eden: 282624K(282624K)->0K(282624K) From: 64K(22016K)->64K(24064K)
[935.750s][info][gc,heap        ] GC(2645) ParOldGen: 155469K(175104K)->155477K(175104K)
[935.750s][info][gc,metaspace   ] GC(2645) Metaspace: 35637K(36480K)->35637K(36480K) NonClass: 26422K(27072K)->26422K(27072K) Class: 9215K(9408K)->9215K(9408K)
[935.750s][info][gc             ] GC(2645) Pause Young (Allocation Failure) 427M->151M(470M) 0.785ms
[935.750s][info][gc,cpu         ] GC(2645) User=0.00s Sys=0.00s Real=0.00s
[936.189s][info][gc,start       ] GC(2646) Pause Young (Allocation Failure)
[936.190s][info][gc,heap        ] GC(2646) PSYoungGen: 282688K(306688K)->64K(306688K) Eden: 282624K(282624K)->0K(286720K) From: 64K(24064K)->64K(19968K)
[936.190s][info][gc,heap        ] GC(2646) ParOldGen: 155477K(175104K)->155493K(175104K)
[936.190s][info][gc,metaspace   ] GC(2646) Metaspace: 35637K(36480K)->35637K(36480K) NonClass: 26422K(27072K)->26422K(27072K) Class: 9215K(9408K)->9215K(9408K)
[936.190s][info][gc             ] GC(2646) Pause Young (Allocation Failure) 427M->151M(470M) 0.848ms
[936.190s][info][gc,cpu         ] GC(2646) User=0.00s Sys=0.00s Real=0.00s
[936.423s][info][gc,start       ] GC(2647) Pause Young (Allocation Failure)
[936.424s][info][gc,heap        ] GC(2647) PSYoungGen: 286784K(306688K)->64K(308736K) Eden: 286720K(286720K)->0K(286720K) From: 64K(19968K)->64K(22016K)
[936.424s][info][gc,heap        ] GC(2647) ParOldGen: 155493K(175104K)->155509K(175104K)
[936.424s][info][gc,metaspace   ] GC(2647) Metaspace: 35637K(36480K)->35637K(36480K) NonClass: 26422K(27072K)->26422K(27072K) Class: 9215K(9408K)->9215K(9408K)
[936.424s][info][gc             ] GC(2647) Pause Young (Allocation Failure) 431M->151M(472M) 0.804ms
[936.424s][info][gc,cpu         ] GC(2647) User=0.00s Sys=0.00s Real=0.00s
[936.786s][info][gc,start       ] GC(2648) Pause Young (Allocation Failure)
[936.787s][info][gc,heap        ] GC(2648) PSYoungGen: 286784K(308736K)->64K(308736K) Eden: 286720K(286720K)->0K(290816K) From: 64K(22016K)->64K(17920K)
[936.787s][info][gc,heap        ] GC(2648) ParOldGen: 155509K(175104K)->155509K(175104K)
[936.787s][info][gc,metaspace   ] GC(2648) Metaspace: 35637K(36480K)->35637K(36480K) NonClass: 26422K(27072K)->26422K(27072K) Class: 9215K(9408K)->9215K(9408K)
[936.787s][info][gc             ] GC(2648) Pause Young (Allocation Failure) 431M->151M(472M) 0.794ms
[936.787s][info][gc,cpu         ] GC(2648) User=0.00s Sys=0.00s Real=0.00s
[936.869s][info][gc,start       ] GC(2649) Pause Young (Allocation Failure)
[936.870s][info][gc,heap        ] GC(2649) PSYoungGen: 290880K(308736K)->64K(310784K) Eden: 290816K(290816K)->0K(290816K) From: 64K(17920K)->64K(19968K)
[936.870s][info][gc,heap        ] GC(2649) ParOldGen: 155509K(175104K)->155517K(175104K)
[936.870s][info][gc,metaspace   ] GC(2649) Metaspace: 35637K(36480K)->35637K(36480K) NonClass: 26422K(27072K)->26422K(27072K) Class: 9215K(9408K)->9215K(9408K)
[936.870s][info][gc             ] GC(2649) Pause Young (Allocation Failure) 435M->151M(474M) 0.777ms
[936.870s][info][gc,cpu         ] GC(2649) User=0.00s Sys=0.00s Real=0.00s
[936.919s][info][gc,start       ] GC(2650) Pause Young (Allocation Failure)
[936.920s][info][gc,heap        ] GC(2650) PSYoungGen: 290880K(310784K)->64K(310784K) Eden: 290816K(290816K)->0K(294912K) From: 64K(19968K)->64K(15872K)
[936.920s][info][gc,heap        ] GC(2650) ParOldGen: 155517K(175104K)->155533K(175104K)
[936.920s][info][gc,metaspace   ] GC(2650) Metaspace: 35637K(36480K)->35637K(36480K) NonClass: 26422K(27072K)->26422K(27072K) Class: 9215K(9408K)->9215K(9408K)
[936.920s][info][gc             ] GC(2650) Pause Young (Allocation Failure) 435M->151M(474M) 0.728ms
[936.920s][info][gc,cpu         ] GC(2650) User=0.00s Sys=0.00s Real=0.00s
[937.095s][info][gc,start       ] GC(2651) Pause Young (Allocation Failure)
[937.096s][info][gc,heap        ] GC(2651) PSYoungGen: 294976K(310784K)->64K(312832K) Eden: 294912K(294912K)->0K(294912K) From: 64K(15872K)->64K(17920K)
[937.096s][info][gc,heap        ] GC(2651) ParOldGen: 155533K(175104K)->155533K(175104K)
[937.096s][info][gc,metaspace   ] GC(2651) Metaspace: 35637K(36480K)->35637K(36480K) NonClass: 26422K(27072K)->26422K(27072K) Class: 9215K(9408K)->9215K(9408K)
[937.096s][info][gc             ] GC(2651) Pause Young (Allocation Failure) 439M->151M(476M) 0.804ms
[937.096s][info][gc,cpu         ] GC(2651) User=0.01s Sys=0.00s Real=0.00s
[937.326s][info][gc,start       ] GC(2652) Pause Young (Allocation Failure)
[937.327s][info][gc,heap        ] GC(2652) PSYoungGen: 294976K(312832K)->64K(312832K) Eden: 294912K(294912K)->0K(299008K) From: 64K(17920K)->64K(13824K)
[937.327s][info][gc,heap        ] GC(2652) ParOldGen: 155533K(175104K)->155541K(175104K)
[937.327s][info][gc,metaspace   ] GC(2652) Metaspace: 35637K(36480K)->35637K(36480K) NonClass: 26422K(27072K)->26422K(27072K) Class: 9215K(9408K)->9215K(9408K)
[937.327s][info][gc             ] GC(2652) Pause Young (Allocation Failure) 439M->151M(476M) 0.841ms
[937.327s][info][gc,cpu         ] GC(2652) User=0.01s Sys=0.00s Real=0.01s
[937.458s][info][gc,start       ] GC(2653) Pause Young (Allocation Failure)
[937.460s][info][gc,heap        ] GC(2653) PSYoungGen: 299072K(312832K)->64K(287744K) Eden: 299008K(299008K)->0K(287232K) From: 64K(13824K)->64K(512K)
[937.460s][info][gc,heap        ] GC(2653) ParOldGen: 155541K(175104K)->155549K(175104K)
[937.460s][info][gc,metaspace   ] GC(2653) Metaspace: 35637K(36480K)->35637K(36480K) NonClass: 26422K(27072K)->26422K(27072K) Class: 9215K(9408K)->9215K(9408K)
[937.460s][info][gc             ] GC(2653) Pause Young (Allocation Failure) 443M->151M(452M) 1.982ms
[937.460s][info][gc,cpu         ] GC(2653) User=0.00s Sys=0.00s Real=0.00s
[937.554s][info][gc,start       ] GC(2654) Pause Young (Allocation Failure)
[937.555s][info][gc,heap        ] GC(2654) PSYoungGen: 287296K(287744K)->64K(276992K) Eden: 287232K(287232K)->0K(275968K) From: 64K(512K)->64K(1024K)
[937.555s][info][gc,heap        ] GC(2654) ParOldGen: 155549K(175104K)->155557K(175104K)
[937.555s][info][gc,metaspace   ] GC(2654) Metaspace: 35637K(36480K)->35637K(36480K) NonClass: 26422K(27072K)->26422K(27072K) Class: 9215K(9408K)->9215K(9408K)
[937.555s][info][gc             ] GC(2654) Pause Young (Allocation Failure) 432M->151M(441M) 0.874ms
[937.555s][info][gc,cpu         ] GC(2654) User=0.00s Sys=0.00s Real=0.00s
[937.711s][info][gc,start       ] GC(2655) Pause Young (Allocation Failure)
[937.712s][info][gc,heap        ] GC(2655) PSYoungGen: 276032K(276992K)->64K(279040K) Eden: 275968K(275968K)->0K(265216K) From: 64K(1024K)->64K(13824K)
[937.712s][info][gc,heap        ] GC(2655) ParOldGen: 155557K(175104K)->155565K(175104K)
[937.712s][info][gc,metaspace   ] GC(2655) Metaspace: 35637K(36480K)->35637K(36480K) NonClass: 26422K(27072K)->26422K(27072K) Class: 9215K(9408K)->9215K(9408K)
[937.712s][info][gc             ] GC(2655) Pause Young (Allocation Failure) 421M->151M(443M) 0.788ms
[937.712s][info][gc,cpu         ] GC(2655) User=0.00s Sys=0.00s Real=0.00s
[938.594s][info][gc,start       ] GC(2656) Pause Young (Allocation Failure)
[938.596s][info][gc,heap        ] GC(2656) PSYoungGen: 265280K(279040K)->83K(255488K) Eden: 265216K(265216K)->0K(254976K) From: 64K(13824K)->83K(512K)
[938.596s][info][gc,heap        ] GC(2656) ParOldGen: 155565K(175104K)->155573K(175104K)
[938.596s][info][gc,metaspace   ] GC(2656) Metaspace: 35637K(36480K)->35637K(36480K) NonClass: 26422K(27072K)->26422K(27072K) Class: 9215K(9408K)->9215K(9408K)
[938.596s][info][gc             ] GC(2656) Pause Young (Allocation Failure) 410M->152M(420M) 1.754ms
[938.596s][info][gc,cpu         ] GC(2656) User=0.01s Sys=0.00s Real=0.00s
[939.418s][info][gc,start       ] GC(2657) Pause Young (Allocation Failure)
[939.420s][info][gc,heap        ] GC(2657) PSYoungGen: 255059K(255488K)->64K(257536K) Eden: 254976K(254976K)->0K(245248K) From: 83K(512K)->64K(12288K)
[939.420s][info][gc,heap        ] GC(2657) ParOldGen: 155573K(175104K)->155589K(175104K)
[939.420s][info][gc,metaspace   ] GC(2657) Metaspace: 35637K(36480K)->35637K(36480K) NonClass: 26422K(27072K)->26422K(27072K) Class: 9215K(9408K)->9215K(9408K)
[939.420s][info][gc             ] GC(2657) Pause Young (Allocation Failure) 401M->152M(422M) 1.378ms
[939.420s][info][gc,cpu         ] GC(2657) User=0.01s Sys=0.00s Real=0.00s
[939.698s][info][gc,start       ] GC(2658) Pause Young (Allocation Failure)
[939.701s][info][gc,heap        ] GC(2658) PSYoungGen: 245312K(257536K)->64K(236544K) Eden: 245248K(245248K)->0K(236032K) From: 64K(12288K)->64K(512K)
[939.701s][info][gc,heap        ] GC(2658) ParOldGen: 155589K(175104K)->155605K(175104K)
[939.701s][info][gc,metaspace   ] GC(2658) Metaspace: 35637K(36480K)->35637K(36480K) NonClass: 26422K(27072K)->26422K(27072K) Class: 9215K(9408K)->9215K(9408K)
[939.701s][info][gc             ] GC(2658) Pause Young (Allocation Failure) 391M->152M(402M) 2.313ms
[939.701s][info][gc,cpu         ] GC(2658) User=0.00s Sys=0.01s Real=0.00s
[940.106s][info][gc,start       ] GC(2659) Pause Young (Allocation Failure)
[940.107s][info][gc,heap        ] GC(2659) PSYoungGen: 236096K(236544K)->64K(238080K) Eden: 236032K(236032K)->0K(227328K) From: 64K(512K)->64K(10752K)
[940.107s][info][gc,heap        ] GC(2659) ParOldGen: 155605K(175104K)->155621K(175104K)
[940.107s][info][gc,metaspace   ] GC(2659) Metaspace: 35637K(36480K)->35637K(36480K) NonClass: 26422K(27072K)->26422K(27072K) Class: 9215K(9408K)->9215K(9408K)
[940.107s][info][gc             ] GC(2659) Pause Young (Allocation Failure) 382M->152M(403M) 1.187ms
[940.107s][info][gc,cpu         ] GC(2659) User=0.00s Sys=0.00s Real=0.01s
[941.007s][info][gc,start       ] GC(2660) Pause Young (Allocation Failure)
[941.009s][info][gc,heap        ] GC(2660) PSYoungGen: 227392K(238080K)->64K(219648K) Eden: 227328K(227328K)->0K(219136K) From: 64K(10752K)->64K(512K)
[941.009s][info][gc,heap        ] GC(2660) ParOldGen: 155621K(175104K)->155637K(175104K)
[941.009s][info][gc,metaspace   ] GC(2660) Metaspace: 35637K(36480K)->35637K(36480K) NonClass: 26422K(27072K)->26422K(27072K) Class: 9215K(9408K)->9215K(9408K)
[941.009s][info][gc             ] GC(2660) Pause Young (Allocation Failure) 374M->152M(385M) 2.243ms
[941.009s][info][gc,cpu         ] GC(2660) User=0.01s Sys=0.00s Real=0.01s
[941.319s][info][gc,start       ] GC(2661) Pause Young (Allocation Failure)
[941.320s][info][gc,heap        ] GC(2661) PSYoungGen: 219200K(219648K)->64K(220160K) Eden: 219136K(219136K)->0K(210944K) From: 64K(512K)->64K(9216K)
[941.320s][info][gc,heap        ] GC(2661) ParOldGen: 155637K(175104K)->155653K(175104K)
[941.320s][info][gc,metaspace   ] GC(2661) Metaspace: 35637K(36480K)->35637K(36480K) NonClass: 26422K(27072K)->26422K(27072K) Class: 9215K(9408K)->9215K(9408K)
[941.320s][info][gc             ] GC(2661) Pause Young (Allocation Failure) 366M->152M(386M) 1.252ms
[941.320s][info][gc,cpu         ] GC(2661) User=0.00s Sys=0.00s Real=0.00s
[941.454s][info][gc,start       ] GC(2662) Pause Young (Allocation Failure)
[941.456s][info][gc,heap        ] GC(2662) PSYoungGen: 211008K(220160K)->64K(203776K) Eden: 210944K(210944K)->0K(203264K) From: 64K(9216K)->64K(512K)
[941.456s][info][gc,heap        ] GC(2662) ParOldGen: 155653K(175104K)->155669K(175104K)
[941.456s][info][gc,metaspace   ] GC(2662) Metaspace: 35637K(36480K)->35637K(36480K) NonClass: 26422K(27072K)->26422K(27072K) Class: 9215K(9408K)->9215K(9408K)
[941.456s][info][gc             ] GC(2662) Pause Young (Allocation Failure) 358M->152M(370M) 1.944ms
[941.456s][info][gc,cpu         ] GC(2662) User=0.00s Sys=0.00s Real=0.00s
[941.535s][info][gc,start       ] GC(2663) Pause Young (Allocation Failure)
[941.536s][info][gc,heap        ] GC(2663) PSYoungGen: 203328K(203776K)->32K(204288K) Eden: 203264K(203264K)->0K(196096K) From: 64K(512K)->32K(8192K)
[941.536s][info][gc,heap        ] GC(2663) ParOldGen: 155669K(175104K)->155677K(175104K)
[941.536s][info][gc,metaspace   ] GC(2663) Metaspace: 35637K(36480K)->35637K(36480K) NonClass: 26422K(27072K)->26422K(27072K) Class: 9215K(9408K)->9215K(9408K)
[941.536s][info][gc             ] GC(2663) Pause Young (Allocation Failure) 350M->152M(370M) 1.222ms
[941.536s][info][gc,cpu         ] GC(2663) User=0.00s Sys=0.00s Real=0.00s
[942.006s][info][gc,start       ] GC(2664) Pause Young (Allocation Failure)
[942.008s][info][gc,heap        ] GC(2664) PSYoungGen: 196128K(204288K)->64K(189952K) Eden: 196096K(196096K)->0K(189440K) From: 32K(8192K)->64K(512K)
[942.008s][info][gc,heap        ] GC(2664) ParOldGen: 155677K(175104K)->155685K(175104K)
[942.008s][info][gc,metaspace   ] GC(2664) Metaspace: 35637K(36480K)->35637K(36480K) NonClass: 26422K(27072K)->26422K(27072K) Class: 9215K(9408K)->9215K(9408K)
[942.008s][info][gc             ] GC(2664) Pause Young (Allocation Failure) 343M->152M(356M) 1.840ms
[942.008s][info][gc,cpu         ] GC(2664) User=0.01s Sys=0.00s Real=0.01s
[942.165s][info][gc,start       ] GC(2665) Pause Young (Allocation Failure)
[942.166s][info][gc,heap        ] GC(2665) PSYoungGen: 189504K(189952K)->64K(189952K) Eden: 189440K(189440K)->0K(182784K) From: 64K(512K)->64K(7168K)
[942.166s][info][gc,heap        ] GC(2665) ParOldGen: 155685K(175104K)->155693K(175104K)
[942.166s][info][gc,metaspace   ] GC(2665) Metaspace: 35637K(36480K)->35637K(36480K) NonClass: 26422K(27072K)->26422K(27072K) Class: 9215K(9408K)->9215K(9408K)
[942.166s][info][gc             ] GC(2665) Pause Young (Allocation Failure) 337M->152M(356M) 1.176ms
[942.166s][info][gc,cpu         ] GC(2665) User=0.00s Sys=0.00s Real=0.00s
[942.467s][info][gc,start       ] GC(2666) Pause Young (Allocation Failure)
[942.474s][info][gc,heap        ] GC(2666) PSYoungGen: 182848K(189952K)->2688K(219648K) Eden: 182784K(182784K)->0K(216576K) From: 64K(7168K)->2688K(3072K)
[942.474s][info][gc,heap        ] GC(2666) ParOldGen: 155693K(175104K)->155701K(175104K)
[942.474s][info][gc,metaspace   ] GC(2666) Metaspace: 35637K(36480K)->35637K(36480K) NonClass: 26422K(27072K)->26422K(27072K) Class: 9215K(9408K)->9215K(9408K)
[942.474s][info][gc             ] GC(2666) Pause Young (Allocation Failure) 330M->154M(385M) 6.933ms
[942.474s][info][gc,cpu         ] GC(2666) User=0.01s Sys=0.00s Real=0.01s
[942.722s][info][gc,start       ] GC(2667) Pause Young (Allocation Failure)
[942.762s][info][gc,heap        ] GC(2667) PSYoungGen: 219264K(219648K)->6656K(243712K) Eden: 216576K(216576K)->0K(237056K) From: 2688K(3072K)->6656K(6656K)
[942.762s][info][gc,heap        ] GC(2667) ParOldGen: 155701K(175104K)->173421K(175104K)
[942.762s][info][gc,metaspace   ] GC(2667) Metaspace: 35637K(36480K)->35637K(36480K) NonClass: 26422K(27072K)->26422K(27072K) Class: 9215K(9408K)->9215K(9408K)
[942.762s][info][gc             ] GC(2667) Pause Young (Allocation Failure) 366M->175M(409M) 39.212ms
[942.762s][info][gc,cpu         ] GC(2667) User=0.07s Sys=0.00s Real=0.04s
[943.040s][info][gc,start       ] GC(2668) Pause Young (Allocation Failure)
[943.098s][info][gc,heap        ] GC(2668) PSYoungGen: 243712K(243712K)->14848K(266240K) Eden: 237056K(237056K)->0K(251392K) From: 6656K(6656K)->14848K(14848K)
[943.098s][info][gc,heap        ] GC(2668) ParOldGen: 173421K(175104K)->185717K(185856K)
[943.098s][info][gc,metaspace   ] GC(2668) Metaspace: 35637K(36480K)->35637K(36480K) NonClass: 26422K(27072K)->26422K(27072K) Class: 9215K(9408K)->9215K(9408K)
[943.098s][info][gc             ] GC(2668) Pause Young (Allocation Failure) 407M->195M(441M) 58.637ms
[943.098s][info][gc,cpu         ] GC(2668) User=0.10s Sys=0.01s Real=0.06s
[943.235s][info][gc,start       ] GC(2669) Pause Young (Allocation Failure)
[943.257s][info][gc,heap        ] GC(2669) PSYoungGen: 266240K(266240K)->8992K(273920K) Eden: 251392K(251392K)->0K(251392K) From: 14848K(14848K)->8992K(22528K)
[943.257s][info][gc,heap        ] GC(2669) ParOldGen: 185717K(185856K)->186037K(186368K)
[943.257s][info][gc,metaspace   ] GC(2669) Metaspace: 35637K(36480K)->35637K(36480K) NonClass: 26422K(27072K)->26422K(27072K) Class: 9215K(9408K)->9215K(9408K)
[943.257s][info][gc             ] GC(2669) Pause Young (Allocation Failure) 441M->190M(449M) 21.807ms
[943.257s][info][gc,cpu         ] GC(2669) User=0.04s Sys=0.00s Real=0.02s
[943.558s][info][gc,start       ] GC(2670) Pause Young (Allocation Failure)
[943.559s][info][gc,heap        ] GC(2670) PSYoungGen: 260384K(273920K)->64K(309760K) Eden: 251392K(251392K)->0K(289280K) From: 8992K(22528K)->64K(20480K)
[943.559s][info][gc,heap        ] GC(2670) ParOldGen: 186037K(186368K)->186045K(186368K)
[943.559s][info][gc,metaspace   ] GC(2670) Metaspace: 35637K(36480K)->35637K(36480K) NonClass: 26422K(27072K)->26422K(27072K) Class: 9215K(9408K)->9215K(9408K)
[943.559s][info][gc             ] GC(2670) Pause Young (Allocation Failure) 435M->181M(484M) 0.941ms
[943.559s][info][gc,cpu         ] GC(2670) User=0.00s Sys=0.00s Real=0.00s
[944.151s][info][gc,start       ] GC(2671) Pause Young (Allocation Failure)
[944.152s][info][gc,heap        ] GC(2671) PSYoungGen: 289344K(309760K)->64K(310784K) Eden: 289280K(289280K)->0K(289280K) From: 64K(20480K)->64K(21504K)
[944.152s][info][gc,heap        ] GC(2671) ParOldGen: 186045K(186368K)->186053K(186368K)
[944.152s][info][gc,metaspace   ] GC(2671) Metaspace: 35637K(36480K)->35637K(36480K) NonClass: 26422K(27072K)->26422K(27072K) Class: 9215K(9408K)->9215K(9408K)
[944.152s][info][gc             ] GC(2671) Pause Young (Allocation Failure) 464M->181M(485M) 0.971ms
[944.152s][info][gc,cpu         ] GC(2671) User=0.00s Sys=0.00s Real=0.00s
[944.609s][info][gc,start       ] GC(2672) Pause Young (Allocation Failure)
[944.610s][info][gc,heap        ] GC(2672) PSYoungGen: 289344K(310784K)->64K(309760K) Eden: 289280K(289280K)->0K(291328K) From: 64K(21504K)->64K(18432K)
[944.610s][info][gc,heap        ] GC(2672) ParOldGen: 186053K(186368K)->186069K(186368K)
[944.610s][info][gc,metaspace   ] GC(2672) Metaspace: 35637K(36480K)->35637K(36480K) NonClass: 26422K(27072K)->26422K(27072K) Class: 9215K(9408K)->9215K(9408K)
[944.610s][info][gc             ] GC(2672) Pause Young (Allocation Failure) 464M->181M(484M) 0.901ms
[944.610s][info][gc,cpu         ] GC(2672) User=0.00s Sys=0.00s Real=0.00s
[944.850s][info][gc,start       ] GC(2673) Pause Young (Allocation Failure)
[944.851s][info][gc,heap        ] GC(2673) PSYoungGen: 291392K(309760K)->64K(311296K) Eden: 291328K(291328K)->0K(291328K) From: 64K(18432K)->64K(19968K)
[944.851s][info][gc,heap        ] GC(2673) ParOldGen: 186069K(186368K)->186085K(186368K)
[944.851s][info][gc,metaspace   ] GC(2673) Metaspace: 35637K(36480K)->35637K(36480K) NonClass: 26422K(27072K)->26422K(27072K) Class: 9215K(9408K)->9215K(9408K)
[944.851s][info][gc             ] GC(2673) Pause Young (Allocation Failure) 466M->181M(486M) 0.912ms
[944.851s][info][gc,cpu         ] GC(2673) User=0.00s Sys=0.00s Real=0.00s
[945.090s][info][gc,start       ] GC(2674) Pause Young (Allocation Failure)
[945.091s][info][gc,heap        ] GC(2674) PSYoungGen: 291392K(311296K)->64K(311296K) Eden: 291328K(291328K)->0K(294400K) From: 64K(19968K)->64K(16896K)
[945.091s][info][gc,heap        ] GC(2674) ParOldGen: 186085K(186368K)->186085K(186368K)
[945.091s][info][gc,metaspace   ] GC(2674) Metaspace: 35637K(36480K)->35637K(36480K) NonClass: 26422K(27072K)->26422K(27072K) Class: 9215K(9408K)->9215K(9408K)
[945.091s][info][gc             ] GC(2674) Pause Young (Allocation Failure) 466M->181M(486M) 0.868ms
[945.091s][info][gc,cpu         ] GC(2674) User=0.00s Sys=0.00s Real=0.00s
[945.396s][info][gc,start       ] GC(2675) Pause Young (Allocation Failure)
[945.397s][info][gc,heap        ] GC(2675) PSYoungGen: 294464K(311296K)->64K(312832K) Eden: 294400K(294400K)->0K(294400K) From: 64K(16896K)->64K(18432K)
[945.397s][info][gc,heap        ] GC(2675) ParOldGen: 186085K(186368K)->186085K(186368K)
[945.397s][info][gc,metaspace   ] GC(2675) Metaspace: 35637K(36480K)->35637K(36480K) NonClass: 26422K(27072K)->26422K(27072K) Class: 9215K(9408K)->9215K(9408K)
[945.397s][info][gc             ] GC(2675) Pause Young (Allocation Failure) 469M->181M(487M) 0.940ms
[945.397s][info][gc,cpu         ] GC(2675) User=0.00s Sys=0.00s Real=0.01s
[945.448s][info][gc,start       ] GC(2676) Pause Young (Allocation Failure)
[945.448s][info][gc,heap        ] GC(2676) PSYoungGen: 294464K(312832K)->64K(313856K) Eden: 294400K(294400K)->0K(297984K) From: 64K(18432K)->64K(15872K)
[945.448s][info][gc,heap        ] GC(2676) ParOldGen: 186085K(186368K)->186101K(186368K)
[945.448s][info][gc,metaspace   ] GC(2676) Metaspace: 35637K(36480K)->35637K(36480K) NonClass: 26422K(27072K)->26422K(27072K) Class: 9215K(9408K)->9215K(9408K)
[945.448s][info][gc             ] GC(2676) Pause Young (Allocation Failure) 469M->181M(488M) 0.833ms
[945.448s][info][gc,cpu         ] GC(2676) User=0.00s Sys=0.00s Real=0.00s
[945.541s][info][gc,start       ] GC(2677) Pause Young (Allocation Failure)
[945.542s][info][gc,heap        ] GC(2677) PSYoungGen: 298048K(313856K)->64K(314880K) Eden: 297984K(297984K)->0K(297984K) From: 64K(15872K)->64K(16896K)
[945.542s][info][gc,heap        ] GC(2677) ParOldGen: 186101K(186368K)->186101K(186368K)
[945.542s][info][gc,metaspace   ] GC(2677) Metaspace: 35637K(36480K)->35637K(36480K) NonClass: 26422K(27072K)->26422K(27072K) Class: 9215K(9408K)->9215K(9408K)
[945.542s][info][gc             ] GC(2677) Pause Young (Allocation Failure) 472M->181M(489M) 0.872ms
[945.542s][info][gc,cpu         ] GC(2677) User=0.00s Sys=0.00s Real=0.00s
[945.786s][info][gc,start       ] GC(2678) Pause Young (Allocation Failure)
[945.787s][info][gc,heap        ] GC(2678) PSYoungGen: 298048K(314880K)->64K(314880K) Eden: 297984K(297984K)->0K(301056K) From: 64K(16896K)->64K(13824K)
[945.787s][info][gc,heap        ] GC(2678) ParOldGen: 186101K(186368K)->186117K(186368K)
[945.787s][info][gc,metaspace   ] GC(2678) Metaspace: 35637K(36480K)->35637K(36480K) NonClass: 26422K(27072K)->26422K(27072K) Class: 9215K(9408K)->9215K(9408K)
[945.787s][info][gc             ] GC(2678) Pause Young (Allocation Failure) 472M->181M(489M) 0.843ms
[945.787s][info][gc,cpu         ] GC(2678) User=0.00s Sys=0.00s Real=0.00s
[945.978s][info][gc,start       ] GC(2679) Pause Young (Allocation Failure)
[945.979s][info][gc,heap        ] GC(2679) PSYoungGen: 301120K(314880K)->64K(315904K) Eden: 301056K(301056K)->0K(301056K) From: 64K(13824K)->64K(14848K)
[945.979s][info][gc,heap        ] GC(2679) ParOldGen: 186117K(186368K)->186117K(186368K)
[945.979s][info][gc,metaspace   ] GC(2679) Metaspace: 35637K(36480K)->35637K(36480K) NonClass: 26422K(27072K)->26422K(27072K) Class: 9215K(9408K)->9215K(9408K)
[945.979s][info][gc             ] GC(2679) Pause Young (Allocation Failure) 475M->181M(490M) 0.941ms
[945.979s][info][gc,cpu         ] GC(2679) User=0.00s Sys=0.00s Real=0.00s
[946.060s][info][gc,start       ] GC(2680) Pause Young (Allocation Failure)
[946.061s][info][gc,heap        ] GC(2680) PSYoungGen: 301120K(315904K)->64K(317952K) Eden: 301056K(301056K)->0K(305152K) From: 64K(14848K)->64K(12800K)
[946.061s][info][gc,heap        ] GC(2680) ParOldGen: 186117K(186368K)->186133K(186368K)
[946.061s][info][gc,metaspace   ] GC(2680) Metaspace: 35637K(36480K)->35637K(36480K) NonClass: 26422K(27072K)->26422K(27072K) Class: 9215K(9408K)->9215K(9408K)
[946.061s][info][gc             ] GC(2680) Pause Young (Allocation Failure) 475M->181M(492M) 0.902ms
[946.061s][info][gc,cpu         ] GC(2680) User=0.00s Sys=0.00s Real=0.00s
[946.219s][info][gc,start       ] GC(2681) Pause Young (Allocation Failure)
[946.220s][info][gc,heap        ] GC(2681) PSYoungGen: 305216K(317952K)->64K(293376K) Eden: 305152K(305152K)->0K(292864K) From: 64K(12800K)->64K(512K)
[946.220s][info][gc,heap        ] GC(2681) ParOldGen: 186133K(186368K)->186133K(186368K)
[946.220s][info][gc,metaspace   ] GC(2681) Metaspace: 35637K(36480K)->35637K(36480K) NonClass: 26422K(27072K)->26422K(27072K) Class: 9215K(9408K)->9215K(9408K)
[946.220s][info][gc             ] GC(2681) Pause Young (Allocation Failure) 479M->181M(468M) 0.957ms
[946.220s][info][gc,cpu         ] GC(2681) User=0.00s Sys=0.00s Real=0.00s
[947.129s][info][gc,start       ] GC(2682) Pause Young (Allocation Failure)
[947.130s][info][gc,heap        ] GC(2682) PSYoungGen: 292928K(293376K)->64K(282112K) Eden: 292864K(292864K)->0K(281600K) From: 64K(512K)->64K(512K)
[947.130s][info][gc,heap        ] GC(2682) ParOldGen: 186133K(186368K)->186141K(186368K)
[947.130s][info][gc,metaspace   ] GC(2682) Metaspace: 35637K(36480K)->35637K(36480K) NonClass: 26422K(27072K)->26422K(27072K) Class: 9215K(9408K)->9215K(9408K)
[947.130s][info][gc             ] GC(2682) Pause Young (Allocation Failure) 467M->181M(457M) 0.973ms
[947.130s][info][gc,cpu         ] GC(2682) User=0.00s Sys=0.00s Real=0.00s
[947.959s][info][gc,start       ] GC(2683) Pause Young (Allocation Failure)
[947.960s][info][gc,heap        ] GC(2683) PSYoungGen: 281664K(282112K)->64K(282624K) Eden: 281600K(281600K)->0K(270848K) From: 64K(512K)->64K(11776K)
[947.960s][info][gc,heap        ] GC(2683) ParOldGen: 186141K(186368K)->186149K(186368K)
[947.960s][info][gc,metaspace   ] GC(2683) Metaspace: 35637K(36480K)->35637K(36480K) NonClass: 26422K(27072K)->26422K(27072K) Class: 9215K(9408K)->9215K(9408K)
[947.960s][info][gc             ] GC(2683) Pause Young (Allocation Failure) 456M->181M(458M) 0.821ms
[947.960s][info][gc,cpu         ] GC(2683) User=0.00s Sys=0.00s Real=0.00s
[948.250s][info][gc,start       ] GC(2684) Pause Young (Allocation Failure)
[948.252s][info][gc,heap        ] GC(2684) PSYoungGen: 270912K(282624K)->64K(261120K) Eden: 270848K(270848K)->0K(260608K) From: 64K(11776K)->64K(512K)
[948.252s][info][gc,heap        ] GC(2684) ParOldGen: 186149K(186368K)->186157K(186368K)
[948.252s][info][gc,metaspace   ] GC(2684) Metaspace: 35637K(36480K)->35637K(36480K) NonClass: 26422K(27072K)->26422K(27072K) Class: 9215K(9408K)->9215K(9408K)
[948.252s][info][gc             ] GC(2684) Pause Young (Allocation Failure) 446M->181M(437M) 1.397ms
[948.252s][info][gc,cpu         ] GC(2684) User=0.00s Sys=0.00s Real=0.00s
[948.679s][info][gc,start       ] GC(2685) Pause Young (Allocation Failure)
[948.680s][info][gc,heap        ] GC(2685) PSYoungGen: 260672K(261120K)->64K(261120K) Eden: 260608K(260608K)->0K(250880K) From: 64K(512K)->64K(10240K)
[948.680s][info][gc,heap        ] GC(2685) ParOldGen: 186157K(186368K)->186165K(186368K)
[948.680s][info][gc,metaspace   ] GC(2685) Metaspace: 35637K(36480K)->35637K(36480K) NonClass: 26422K(27072K)->26422K(27072K) Class: 9215K(9408K)->9215K(9408K)
[948.680s][info][gc             ] GC(2685) Pause Young (Allocation Failure) 436M->181M(437M) 1.398ms
[948.680s][info][gc,cpu         ] GC(2685) User=0.00s Sys=0.00s Real=0.00s
[949.585s][info][gc,start       ] GC(2686) Pause Young (Allocation Failure)
[949.587s][info][gc,heap        ] GC(2686) PSYoungGen: 250944K(261120K)->32K(241664K) Eden: 250880K(250880K)->0K(241152K) From: 64K(10240K)->32K(512K)
[949.587s][info][gc,heap        ] GC(2686) ParOldGen: 186165K(186368K)->186173K(186368K)
[949.587s][info][gc,metaspace   ] GC(2686) Metaspace: 35637K(36480K)->35637K(36480K) NonClass: 26422K(27072K)->26422K(27072K) Class: 9215K(9408K)->9215K(9408K)
[949.587s][info][gc             ] GC(2686) Pause Young (Allocation Failure) 426M->181M(418M) 1.907ms
[949.587s][info][gc,cpu         ] GC(2686) User=0.00s Sys=0.00s Real=0.01s
[949.927s][info][gc,start       ] GC(2687) Pause Young (Allocation Failure)
[949.928s][info][gc,heap        ] GC(2687) PSYoungGen: 241184K(241664K)->64K(240640K) Eden: 241152K(241152K)->0K(231936K) From: 32K(512K)->64K(8704K)
[949.928s][info][gc,heap        ] GC(2687) ParOldGen: 186173K(186368K)->186181K(186368K)
[949.928s][info][gc,metaspace   ] GC(2687) Metaspace: 35637K(36480K)->35637K(36480K) NonClass: 26422K(27072K)->26422K(27072K) Class: 9215K(9408K)->9215K(9408K)
[949.928s][info][gc             ] GC(2687) Pause Young (Allocation Failure) 417M->181M(417M) 0.778ms
[949.928s][info][gc,cpu         ] GC(2687) User=0.00s Sys=0.00s Real=0.01s
[950.013s][info][gc,start       ] GC(2688) Pause Young (Allocation Failure)
[950.015s][info][gc,heap        ] GC(2688) PSYoungGen: 232000K(240640K)->64K(223744K) Eden: 231936K(231936K)->0K(223232K) From: 64K(8704K)->64K(512K)
[950.015s][info][gc,heap        ] GC(2688) ParOldGen: 186181K(186368K)->186189K(186368K)
[950.015s][info][gc,metaspace   ] GC(2688) Metaspace: 35637K(36480K)->35637K(36480K) NonClass: 26422K(27072K)->26422K(27072K) Class: 9215K(9408K)->9215K(9408K)
[950.015s][info][gc             ] GC(2688) Pause Young (Allocation Failure) 408M->181M(400M) 1.508ms
[950.015s][info][gc,cpu         ] GC(2688) User=0.00s Sys=0.00s Real=0.00s
[950.330s][info][gc,start       ] GC(2689) Pause Young (Allocation Failure)
[950.331s][info][gc,heap        ] GC(2689) PSYoungGen: 223296K(223744K)->64K(222720K) Eden: 223232K(223232K)->0K(215040K) From: 64K(512K)->64K(7680K)
[950.331s][info][gc,heap        ] GC(2689) ParOldGen: 186189K(186368K)->186197K(186368K)
[950.331s][info][gc,metaspace   ] GC(2689) Metaspace: 35637K(36480K)->35637K(36480K) NonClass: 26422K(27072K)->26422K(27072K) Class: 9215K(9408K)->9215K(9408K)
[950.331s][info][gc             ] GC(2689) Pause Young (Allocation Failure) 399M->181M(399M) 0.837ms
[950.331s][info][gc,cpu         ] GC(2689) User=0.00s Sys=0.00s Real=0.00s
[950.655s][info][gc,start       ] GC(2690) Pause Young (Allocation Failure)
[950.656s][info][gc,heap        ] GC(2690) PSYoungGen: 215104K(222720K)->64K(207872K) Eden: 215040K(215040K)->0K(207360K) From: 64K(7680K)->64K(512K)
[950.656s][info][gc,heap        ] GC(2690) ParOldGen: 186197K(186368K)->186205K(186368K)
[950.656s][info][gc,metaspace   ] GC(2690) Metaspace: 35637K(36480K)->35637K(36480K) NonClass: 26422K(27072K)->26422K(27072K) Class: 9215K(9408K)->9215K(9408K)
[950.656s][info][gc             ] GC(2690) Pause Young (Allocation Failure) 391M->181M(385M) 1.423ms
[950.656s][info][gc,cpu         ] GC(2690) User=0.01s Sys=0.00s Real=0.00s
[950.951s][info][gc,start       ] GC(2691) Pause Young (Allocation Failure)
[950.953s][info][gc,heap        ] GC(2691) PSYoungGen: 207424K(207872K)->64K(206336K) Eden: 207360K(207360K)->0K(199680K) From: 64K(512K)->64K(6656K)
[950.953s][info][gc,heap        ] GC(2691) ParOldGen: 186205K(186368K)->186213K(186368K)
[950.953s][info][gc,metaspace   ] GC(2691) Metaspace: 35637K(36480K)->35637K(36480K) NonClass: 26422K(27072K)->26422K(27072K) Class: 9215K(9408K)->9215K(9408K)
[950.953s][info][gc             ] GC(2691) Pause Young (Allocation Failure) 384M->181M(383M) 1.321ms
[950.953s][info][gc,cpu         ] GC(2691) User=0.00s Sys=0.00s Real=0.00s
[951.197s][info][gc,start       ] GC(2692) Pause Young (Allocation Failure)
[951.241s][info][gc,heap        ] GC(2692) PSYoungGen: 199744K(206336K)->6144K(245248K) Eden: 199680K(199680K)->0K(239104K) From: 64K(6656K)->6144K(6144K)
[951.241s][info][gc,heap        ] GC(2692) ParOldGen: 186213K(186368K)->201269K(201728K)
[951.241s][info][gc,metaspace   ] GC(2692) Metaspace: 35637K(36480K)->35637K(36480K) NonClass: 26422K(27072K)->26422K(27072K) Class: 9215K(9408K)->9215K(9408K)
[951.241s][info][gc             ] GC(2692) Pause Young (Allocation Failure) 376M->202M(436M) 43.552ms
[951.241s][info][gc,cpu         ] GC(2692) User=0.07s Sys=0.01s Real=0.04s
[951.517s][info][gc,start       ] GC(2693) Pause Young (Allocation Failure)
[951.570s][info][gc,heap        ] GC(2693) PSYoungGen: 245248K(245248K)->13312K(260608K) Eden: 239104K(239104K)->0K(247296K) From: 6144K(6144K)->13312K(13312K)
[951.570s][info][gc,heap        ] GC(2693) ParOldGen: 201269K(201728K)->215261K(215552K)
[951.570s][info][gc,metaspace   ] GC(2693) Metaspace: 35637K(36480K)->35637K(36480K) NonClass: 26422K(27072K)->26422K(27072K) Class: 9215K(9408K)->9215K(9408K)
[951.570s][info][gc             ] GC(2693) Pause Young (Allocation Failure) 436M->223M(465M) 53.010ms
[951.570s][info][gc,cpu         ] GC(2693) User=0.09s Sys=0.01s Real=0.05s
[951.750s][info][gc,start       ] GC(2694) Pause Young (Allocation Failure)
[951.782s][info][gc,heap        ] GC(2694) PSYoungGen: 260608K(260608K)->14560K(306688K) Eden: 247296K(247296K)->0K(285184K) From: 13312K(13312K)->14560K(21504K)
[951.782s][info][gc,heap        ] GC(2694) ParOldGen: 215261K(215552K)->215629K(216064K)
[951.782s][info][gc,metaspace   ] GC(2694) Metaspace: 35637K(36480K)->35637K(36480K) NonClass: 26422K(27072K)->26422K(27072K) Class: 9215K(9408K)->9215K(9408K)
[951.782s][info][gc             ] GC(2694) Pause Young (Allocation Failure) 464M->224M(510M) 31.902ms
[951.782s][info][gc,cpu         ] GC(2694) User=0.06s Sys=0.01s Real=0.03s
[952.060s][info][gc,start       ] GC(2695) Pause Young (Allocation Failure)
[952.061s][info][gc,heap        ] GC(2695) PSYoungGen: 299744K(306688K)->64K(308224K) Eden: 285184K(285184K)->0K(285184K) From: 14560K(21504K)->64K(23040K)
[952.061s][info][gc,heap        ] GC(2695) ParOldGen: 215629K(216064K)->215637K(216064K)
[952.061s][info][gc,metaspace   ] GC(2695) Metaspace: 35637K(36480K)->35637K(36480K) NonClass: 26422K(27072K)->26422K(27072K) Class: 9215K(9408K)->9215K(9408K)
[952.061s][info][gc             ] GC(2695) Pause Young (Allocation Failure) 503M->210M(512M) 1.043ms
[952.061s][info][gc,cpu         ] GC(2695) User=0.00s Sys=0.00s Real=0.00s
[952.658s][info][gc,start       ] GC(2696) Pause Young (Allocation Failure)
[952.659s][info][gc,heap        ] GC(2696) PSYoungGen: 285248K(308224K)->64K(309248K) Eden: 285184K(285184K)->0K(288256K) From: 64K(23040K)->64K(20992K)
[952.659s][info][gc,heap        ] GC(2696) ParOldGen: 215637K(216064K)->215645K(216064K)
[952.659s][info][gc,metaspace   ] GC(2696) Metaspace: 35637K(36480K)->35637K(36480K) NonClass: 26422K(27072K)->26422K(27072K) Class: 9215K(9408K)->9215K(9408K)
[952.659s][info][gc             ] GC(2696) Pause Young (Allocation Failure) 489M->210M(513M) 0.978ms
[952.659s][info][gc,cpu         ] GC(2696) User=0.00s Sys=0.00s Real=0.00s
[953.126s][info][gc,start       ] GC(2697) Pause Young (Allocation Failure)
[953.127s][info][gc,heap        ] GC(2697) PSYoungGen: 288320K(309248K)->64K(310272K) Eden: 288256K(288256K)->0K(288256K) From: 64K(20992K)->64K(22016K)
[953.127s][info][gc,heap        ] GC(2697) ParOldGen: 215645K(216064K)->215661K(216064K)
[953.127s][info][gc,metaspace   ] GC(2697) Metaspace: 35637K(36480K)->35637K(36480K) NonClass: 26422K(27072K)->26422K(27072K) Class: 9215K(9408K)->9215K(9408K)
[953.127s][info][gc             ] GC(2697) Pause Young (Allocation Failure) 492M->210M(514M) 1.018ms
[953.127s][info][gc,cpu         ] GC(2697) User=0.00s Sys=0.00s Real=0.00s
[953.375s][info][gc,start       ] GC(2698) Pause Young (Allocation Failure)
[953.376s][info][gc,heap        ] GC(2698) PSYoungGen: 288320K(310272K)->64K(309760K) Eden: 288256K(288256K)->0K(290816K) From: 64K(22016K)->64K(18944K)
[953.376s][info][gc,heap        ] GC(2698) ParOldGen: 215661K(216064K)->215677K(216064K)
[953.376s][info][gc,metaspace   ] GC(2698) Metaspace: 35637K(36480K)->35637K(36480K) NonClass: 26422K(27072K)->26422K(27072K) Class: 9215K(9408K)->9215K(9408K)
[953.376s][info][gc             ] GC(2698) Pause Young (Allocation Failure) 492M->210M(513M) 1.065ms
[953.376s][info][gc,cpu         ] GC(2698) User=0.00s Sys=0.00s Real=0.00s
[953.615s][info][gc,start       ] GC(2699) Pause Young (Allocation Failure)
[953.616s][info][gc,heap        ] GC(2699) PSYoungGen: 290880K(309760K)->64K(310784K) Eden: 290816K(290816K)->0K(290816K) From: 64K(18944K)->64K(19968K)
[953.616s][info][gc,heap        ] GC(2699) ParOldGen: 215677K(216064K)->215677K(216064K)
[953.616s][info][gc,metaspace   ] GC(2699) Metaspace: 35637K(36480K)->35637K(36480K) NonClass: 26422K(27072K)->26422K(27072K) Class: 9215K(9408K)->9215K(9408K)
[953.616s][info][gc             ] GC(2699) Pause Young (Allocation Failure) 494M->210M(514M) 1.007ms
[953.617s][info][gc,cpu         ] GC(2699) User=0.01s Sys=0.00s Real=0.00s
[953.935s][info][gc,start       ] GC(2700) Pause Young (Allocation Failure)
[953.935s][info][gc,heap        ] GC(2700) PSYoungGen: 290880K(310784K)->64K(311296K) Eden: 290816K(290816K)->0K(294400K) From: 64K(19968K)->64K(16896K)
[953.935s][info][gc,heap        ] GC(2700) ParOldGen: 215677K(216064K)->215677K(216064K)
[953.935s][info][gc,metaspace   ] GC(2700) Metaspace: 35637K(36480K)->35637K(36480K) NonClass: 26422K(27072K)->26422K(27072K) Class: 9215K(9408K)->9215K(9408K)
[953.935s][info][gc             ] GC(2700) Pause Young (Allocation Failure) 494M->210M(515M) 0.904ms
[953.935s][info][gc,cpu         ] GC(2700) User=0.00s Sys=0.00s Real=0.00s
[953.988s][info][gc,start       ] GC(2701) Pause Young (Allocation Failure)
[953.989s][info][gc,heap        ] GC(2701) PSYoungGen: 294464K(311296K)->64K(312832K) Eden: 294400K(294400K)->0K(294400K) From: 64K(16896K)->64K(18432K)
[953.989s][info][gc,heap        ] GC(2701) ParOldGen: 215677K(216064K)->215693K(216064K)
[953.989s][info][gc,metaspace   ] GC(2701) Metaspace: 35637K(36480K)->35637K(36480K) NonClass: 26422K(27072K)->26422K(27072K) Class: 9215K(9408K)->9215K(9408K)
[953.989s][info][gc             ] GC(2701) Pause Young (Allocation Failure) 498M->210M(516M) 0.873ms
[953.989s][info][gc,cpu         ] GC(2701) User=0.01s Sys=0.00s Real=0.00s
[954.055s][info][gc,start       ] GC(2702) Pause Young (Allocation Failure)
[954.056s][info][gc,heap        ] GC(2702) PSYoungGen: 294464K(312832K)->64K(312832K) Eden: 294400K(294400K)->0K(297984K) From: 64K(18432K)->64K(14848K)
[954.056s][info][gc,heap        ] GC(2702) ParOldGen: 215693K(216064K)->215693K(216064K)
[954.056s][info][gc,metaspace   ] GC(2702) Metaspace: 35637K(36480K)->35637K(36480K) NonClass: 26422K(27072K)->26422K(27072K) Class: 9215K(9408K)->9215K(9408K)
[954.056s][info][gc             ] GC(2702) Pause Young (Allocation Failure) 498M->210M(516M) 0.820ms
[954.056s][info][gc,cpu         ] GC(2702) User=0.00s Sys=0.00s Real=0.00s
[954.302s][info][gc,start       ] GC(2703) Pause Young (Allocation Failure)
[954.302s][info][gc,heap        ] GC(2703) PSYoungGen: 298048K(312832K)->64K(314368K) Eden: 297984K(297984K)->0K(297984K) From: 64K(14848K)->64K(16384K)
[954.302s][info][gc,heap        ] GC(2703) ParOldGen: 215693K(216064K)->215709K(216064K)
[954.302s][info][gc,metaspace   ] GC(2703) Metaspace: 35637K(36480K)->35637K(36480K) NonClass: 26422K(27072K)->26422K(27072K) Class: 9215K(9408K)->9215K(9408K)
[954.303s][info][gc             ] GC(2703) Pause Young (Allocation Failure) 501M->210M(518M) 0.995ms
[954.303s][info][gc,cpu         ] GC(2703) User=0.00s Sys=0.00s Real=0.00s
[954.508s][info][gc,start       ] GC(2704) Pause Young (Allocation Failure)
[954.509s][info][gc,heap        ] GC(2704) PSYoungGen: 298048K(314368K)->64K(315904K) Eden: 297984K(297984K)->0K(302080K) From: 64K(16384K)->64K(13824K)
[954.509s][info][gc,heap        ] GC(2704) ParOldGen: 215709K(216064K)->215709K(216064K)
[954.509s][info][gc,metaspace   ] GC(2704) Metaspace: 35637K(36480K)->35637K(36480K) NonClass: 26422K(27072K)->26422K(27072K) Class: 9215K(9408K)->9215K(9408K)
[954.509s][info][gc             ] GC(2704) Pause Young (Allocation Failure) 501M->210M(519M) 0.987ms
[954.509s][info][gc,cpu         ] GC(2704) User=0.01s Sys=0.00s Real=0.00s
[954.593s][info][gc,start       ] GC(2705) Pause Young (Allocation Failure)
[954.594s][info][gc,heap        ] GC(2705) PSYoungGen: 302144K(315904K)->64K(316928K) Eden: 302080K(302080K)->0K(302080K) From: 64K(13824K)->64K(14848K)
[954.594s][info][gc,heap        ] GC(2705) ParOldGen: 215709K(216064K)->215725K(216064K)
[954.594s][info][gc,metaspace   ] GC(2705) Metaspace: 35637K(36480K)->35637K(36480K) NonClass: 26422K(27072K)->26422K(27072K) Class: 9215K(9408K)->9215K(9408K)
[954.594s][info][gc             ] GC(2705) Pause Young (Allocation Failure) 505M->210M(520M) 0.976ms
[954.594s][info][gc,cpu         ] GC(2705) User=0.00s Sys=0.00s Real=0.00s
[954.735s][info][gc,start       ] GC(2706) Pause Young (Allocation Failure)
[954.736s][info][gc,heap        ] GC(2706) PSYoungGen: 302144K(316928K)->64K(290816K) Eden: 302080K(302080K)->0K(290304K) From: 64K(14848K)->64K(512K)
[954.736s][info][gc,heap        ] GC(2706) ParOldGen: 215725K(216064K)->215725K(216064K)
[954.736s][info][gc,metaspace   ] GC(2706) Metaspace: 35637K(36480K)->35637K(36480K) NonClass: 26422K(27072K)->26422K(27072K) Class: 9215K(9408K)->9215K(9408K)
[954.736s][info][gc             ] GC(2706) Pause Young (Allocation Failure) 505M->210M(495M) 1.148ms
[954.736s][info][gc,cpu         ] GC(2706) User=0.00s Sys=0.00s Real=0.00s
[955.670s][info][gc,start       ] GC(2707) Pause Young (Allocation Failure)
[955.671s][info][gc,heap        ] GC(2707) PSYoungGen: 290368K(290816K)->83K(291840K) Eden: 290304K(290304K)->0K(279040K) From: 64K(512K)->83K(12800K)
[955.671s][info][gc,heap        ] GC(2707) ParOldGen: 215725K(216064K)->215733K(216064K)
[955.671s][info][gc,metaspace   ] GC(2707) Metaspace: 35637K(36480K)->35637K(36480K) NonClass: 26422K(27072K)->26422K(27072K) Class: 9215K(9408K)->9215K(9408K)
[955.671s][info][gc             ] GC(2707) Pause Young (Allocation Failure) 494M->210M(496M) 0.957ms
[955.671s][info][gc,cpu         ] GC(2707) User=0.00s Sys=0.00s Real=0.00s
[956.461s][info][gc,start       ] GC(2708) Pause Young (Allocation Failure)
[956.464s][info][gc,heap        ] GC(2708) PSYoungGen: 279123K(291840K)->32K(268800K) Eden: 279040K(279040K)->0K(268288K) From: 83K(12800K)->32K(512K)
[956.464s][info][gc,heap        ] GC(2708) ParOldGen: 215733K(216064K)->215741K(216064K)
[956.464s][info][gc,metaspace   ] GC(2708) Metaspace: 35637K(36480K)->35637K(36480K) NonClass: 26422K(27072K)->26422K(27072K) Class: 9215K(9408K)->9215K(9408K)
[956.464s][info][gc             ] GC(2708) Pause Young (Allocation Failure) 483M->210M(473M) 2.444ms
[956.464s][info][gc,cpu         ] GC(2708) User=0.00s Sys=0.00s Real=0.00s
[956.672s][info][gc,start       ] GC(2709) Pause Young (Allocation Failure)
[956.673s][info][gc,heap        ] GC(2709) PSYoungGen: 268320K(268800K)->64K(269312K) Eden: 268288K(268288K)->0K(258048K) From: 32K(512K)->64K(11264K)
[956.673s][info][gc,heap        ] GC(2709) ParOldGen: 215741K(216064K)->215757K(216064K)
[956.673s][info][gc,metaspace   ] GC(2709) Metaspace: 35637K(36480K)->35637K(36480K) NonClass: 26422K(27072K)->26422K(27072K) Class: 9215K(9408K)->9215K(9408K)
[956.673s][info][gc             ] GC(2709) Pause Young (Allocation Failure) 472M->210M(474M) 1.536ms
[956.673s][info][gc,cpu         ] GC(2709) User=0.00s Sys=0.00s Real=0.00s
[957.158s][info][gc,start       ] GC(2710) Pause Young (Allocation Failure)
[957.160s][info][gc,heap        ] GC(2710) PSYoungGen: 258112K(269312K)->64K(248832K) Eden: 258048K(258048K)->0K(248320K) From: 64K(11264K)->64K(512K)
[957.160s][info][gc,heap        ] GC(2710) ParOldGen: 215757K(216064K)->215773K(216064K)
[957.160s][info][gc,metaspace   ] GC(2710) Metaspace: 35637K(36480K)->35637K(36480K) NonClass: 26422K(27072K)->26422K(27072K) Class: 9215K(9408K)->9215K(9408K)
[957.160s][info][gc             ] GC(2710) Pause Young (Allocation Failure) 462M->210M(454M) 1.873ms
[957.160s][info][gc,cpu         ] GC(2710) User=0.00s Sys=0.01s Real=0.00s
[958.072s][info][gc,start       ] GC(2711) Pause Young (Allocation Failure)
[958.074s][info][gc,heap        ] GC(2711) PSYoungGen: 248384K(248832K)->64K(248832K) Eden: 248320K(248320K)->0K(239104K) From: 64K(512K)->64K(9728K)
[958.074s][info][gc,heap        ] GC(2711) ParOldGen: 215773K(216064K)->215789K(216064K)
[958.074s][info][gc,metaspace   ] GC(2711) Metaspace: 35637K(36480K)->35637K(36480K) NonClass: 26422K(27072K)->26422K(27072K) Class: 9215K(9408K)->9215K(9408K)
[958.074s][info][gc             ] GC(2711) Pause Young (Allocation Failure) 453M->210M(454M) 1.551ms
[958.074s][info][gc,cpu         ] GC(2711) User=0.00s Sys=0.00s Real=0.00s
[958.396s][info][gc,start       ] GC(2712) Pause Young (Allocation Failure)
[958.398s][info][gc,heap        ] GC(2712) PSYoungGen: 239168K(248832K)->64K(230912K) Eden: 239104K(239104K)->0K(230400K) From: 64K(9728K)->64K(512K)
[958.398s][info][gc,heap        ] GC(2712) ParOldGen: 215789K(216064K)->215805K(216064K)
[958.398s][info][gc,metaspace   ] GC(2712) Metaspace: 35637K(36480K)->35637K(36480K) NonClass: 26422K(27072K)->26422K(27072K) Class: 9215K(9408K)->9215K(9408K)
[958.398s][info][gc             ] GC(2712) Pause Young (Allocation Failure) 444M->210M(436M) 2.027ms
[958.398s][info][gc,cpu         ] GC(2712) User=0.00s Sys=0.00s Real=0.01s
[958.530s][info][gc,start       ] GC(2713) Pause Young (Allocation Failure)
[958.531s][info][gc,heap        ] GC(2713) PSYoungGen: 230464K(230912K)->64K(230400K) Eden: 230400K(230400K)->0K(221696K) From: 64K(512K)->64K(8704K)
[958.531s][info][gc,heap        ] GC(2713) ParOldGen: 215805K(216064K)->215821K(216064K)
[958.531s][info][gc,metaspace   ] GC(2713) Metaspace: 35637K(36480K)->35637K(36480K) NonClass: 26422K(27072K)->26422K(27072K) Class: 9215K(9408K)->9215K(9408K)
[958.531s][info][gc             ] GC(2713) Pause Young (Allocation Failure) 435M->210M(436M) 1.397ms
[958.531s][info][gc,cpu         ] GC(2713) User=0.01s Sys=0.00s Real=0.00s
[958.714s][info][gc,start       ] GC(2714) Pause Young (Allocation Failure)
[958.716s][info][gc,heap        ] GC(2714) PSYoungGen: 221760K(230400K)->64K(214016K) Eden: 221696K(221696K)->0K(213504K) From: 64K(8704K)->64K(512K)
[958.716s][info][gc,heap        ] GC(2714) ParOldGen: 215821K(216064K)->215837K(216064K)
[958.716s][info][gc,metaspace   ] GC(2714) Metaspace: 35637K(36480K)->35637K(36480K) NonClass: 26422K(27072K)->26422K(27072K) Class: 9215K(9408K)->9215K(9408K)
[958.716s][info][gc             ] GC(2714) Pause Young (Allocation Failure) 427M->210M(420M) 2.055ms
[958.716s][info][gc,cpu         ] GC(2714) User=0.00s Sys=0.00s Real=0.00s
[959.173s][info][gc,start       ] GC(2715) Pause Young (Allocation Failure)
[959.174s][info][gc,heap        ] GC(2715) PSYoungGen: 213568K(214016K)->64K(213504K) Eden: 213504K(213504K)->0K(205824K) From: 64K(512K)->64K(7680K)
[959.174s][info][gc,heap        ] GC(2715) ParOldGen: 215837K(216064K)->215845K(216064K)
[959.174s][info][gc,metaspace   ] GC(2715) Metaspace: 35637K(36480K)->35637K(36480K) NonClass: 26422K(27072K)->26422K(27072K) Class: 9215K(9408K)->9215K(9408K)
[959.174s][info][gc             ] GC(2715) Pause Young (Allocation Failure) 419M->210M(419M) 1.612ms
[959.174s][info][gc,cpu         ] GC(2715) User=0.00s Sys=0.00s Real=0.00s
[959.376s][info][gc,start       ] GC(2716) Pause Young (Allocation Failure)
[959.378s][info][gc,heap        ] GC(2716) PSYoungGen: 205887K(213504K)->64K(199168K) Eden: 205823K(205824K)->0K(198656K) From: 64K(7680K)->64K(512K)
[959.378s][info][gc,heap        ] GC(2716) ParOldGen: 215845K(216064K)->215853K(216064K)
[959.378s][info][gc,metaspace   ] GC(2716) Metaspace: 35637K(36480K)->35637K(36480K) NonClass: 26422K(27072K)->26422K(27072K) Class: 9215K(9408K)->9215K(9408K)
[959.378s][info][gc             ] GC(2716) Pause Young (Allocation Failure) 411M->210M(405M) 2.177ms
[959.378s][info][gc,cpu         ] GC(2716) User=0.00s Sys=0.00s Real=0.01s
[959.661s][info][gc,start       ] GC(2717) Pause Young (Allocation Failure)
[959.690s][info][gc,heap        ] GC(2717) PSYoungGen: 198720K(199168K)->6656K(244224K) Eden: 198656K(198656K)->0K(237568K) From: 64K(512K)->6656K(6656K)
[959.690s][info][gc,heap        ] GC(2717) ParOldGen: 215853K(216064K)->223309K(223744K)
[959.690s][info][gc,metaspace   ] GC(2717) Metaspace: 35637K(36480K)->35637K(36480K) NonClass: 26422K(27072K)->26422K(27072K) Class: 9215K(9408K)->9215K(9408K)
[959.690s][info][gc             ] GC(2717) Pause Young (Allocation Failure) 404M->224M(457M) 28.911ms
[959.690s][info][gc,cpu         ] GC(2717) User=0.04s Sys=0.00s Real=0.03s
[959.969s][info][gc,start       ] GC(2718) Pause Young (Allocation Failure)
[960.024s][info][gc,heap        ] GC(2718) PSYoungGen: 244224K(244224K)->6656K(254976K) Eden: 237568K(237568K)->0K(248320K) From: 6656K(6656K)->6656K(6656K)
[960.024s][info][gc,heap        ] GC(2718) ParOldGen: 223309K(223744K)->243589K(243712K)
[960.024s][info][gc,metaspace   ] GC(2718) Metaspace: 35637K(36480K)->35637K(36480K) NonClass: 26422K(27072K)->26422K(27072K) Class: 9215K(9408K)->9215K(9408K)
[960.024s][info][gc             ] GC(2718) Pause Young (Allocation Failure) 456M->244M(487M) 54.795ms
[960.024s][info][gc,cpu         ] GC(2718) User=0.09s Sys=0.02s Real=0.05s
[960.266s][info][gc,start       ] GC(2719) Pause Young (Allocation Failure)
[960.304s][info][gc,heap        ] GC(2719) PSYoungGen: 254976K(254976K)->19456K(267776K) Eden: 248320K(248320K)->0K(248320K) From: 6656K(6656K)->19456K(19456K)
[960.305s][info][gc,heap        ] GC(2719) ParOldGen: 243589K(243712K)->246461K(246784K)
[960.305s][info][gc,metaspace   ] GC(2719) Metaspace: 35637K(36480K)->35637K(36480K) NonClass: 26422K(27072K)->26422K(27072K) Class: 9215K(9408K)->9215K(9408K)
[960.305s][info][gc             ] GC(2719) Pause Young (Allocation Failure) 486M->259M(502M) 38.989ms
[960.305s][info][gc,cpu         ] GC(2719) User=0.08s Sys=0.00s Real=0.04s
[960.389s][info][gc,start       ] GC(2720) Pause Young (Allocation Failure)
[960.391s][info][gc,heap        ] GC(2720) PSYoungGen: 267776K(267776K)->64K(310272K) Eden: 248320K(248320K)->0K(285696K) From: 19456K(19456K)->64K(24576K)
[960.391s][info][gc,heap        ] GC(2720) ParOldGen: 246461K(246784K)->246533K(246784K)
[960.391s][info][gc,metaspace   ] GC(2720) Metaspace: 35637K(36480K)->35637K(36480K) NonClass: 26422K(27072K)->26422K(27072K) Class: 9215K(9408K)->9215K(9408K)
[960.391s][info][gc             ] GC(2720) Pause Young (Allocation Failure) 502M->240M(544M) 1.878ms
[960.391s][info][gc,cpu         ] GC(2720) User=0.01s Sys=0.00s Real=0.00s
[961.034s][info][gc,start       ] GC(2721) Pause Young (Allocation Failure)
[961.035s][info][gc,heap        ] GC(2721) PSYoungGen: 285760K(310272K)->64K(286208K) Eden: 285696K(285696K)->0K(285696K) From: 64K(24576K)->64K(512K)
[961.035s][info][gc,heap        ] GC(2721) ParOldGen: 246533K(246784K)->246541K(246784K)
[961.035s][info][gc,metaspace   ] GC(2721) Metaspace: 35637K(36480K)->35637K(36480K) NonClass: 26422K(27072K)->26422K(27072K) Class: 9215K(9408K)->9215K(9408K)
[961.035s][info][gc             ] GC(2721) Pause Young (Allocation Failure) 519M->240M(520M) 1.165ms
[961.035s][info][gc,cpu         ] GC(2721) User=0.00s Sys=0.00s Real=0.00s
[961.385s][info][gc,start       ] GC(2722) Pause Young (Allocation Failure)
[961.387s][info][gc,heap        ] GC(2722) PSYoungGen: 285760K(286208K)->64K(309760K) Eden: 285696K(285696K)->0K(286720K) From: 64K(512K)->64K(23040K)
[961.387s][info][gc,heap        ] GC(2722) ParOldGen: 246541K(246784K)->246549K(246784K)
[961.387s][info][gc,metaspace   ] GC(2722) Metaspace: 35637K(36480K)->35637K(36480K) NonClass: 26422K(27072K)->26422K(27072K) Class: 9215K(9408K)->9215K(9408K)
[961.387s][info][gc             ] GC(2722) Pause Young (Allocation Failure) 519M->240M(543M) 1.153ms
[961.387s][info][gc,cpu         ] GC(2722) User=0.00s Sys=0.00s Real=0.00s
[961.827s][info][gc,start       ] GC(2723) Pause Young (Allocation Failure)
[961.828s][info][gc,heap        ] GC(2723) PSYoungGen: 286784K(309760K)->64K(308736K) Eden: 286720K(286720K)->0K(286720K) From: 64K(23040K)->64K(22016K)
[961.828s][info][gc,heap        ] GC(2723) ParOldGen: 246549K(246784K)->246565K(246784K)
[961.828s][info][gc,metaspace   ] GC(2723) Metaspace: 35637K(36480K)->35637K(36480K) NonClass: 26422K(27072K)->26422K(27072K) Class: 9215K(9408K)->9215K(9408K)
[961.828s][info][gc             ] GC(2723) Pause Young (Allocation Failure) 520M->240M(542M) 1.148ms
[961.828s][info][gc,cpu         ] GC(2723) User=0.00s Sys=0.00s Real=0.01s
[962.062s][info][gc,start       ] GC(2724) Pause Young (Allocation Failure)
[962.063s][info][gc,heap        ] GC(2724) PSYoungGen: 286784K(308736K)->64K(310784K) Eden: 286720K(286720K)->0K(289792K) From: 64K(22016K)->64K(20992K)
[962.063s][info][gc,heap        ] GC(2724) ParOldGen: 246565K(246784K)->246581K(246784K)
[962.063s][info][gc,metaspace   ] GC(2724) Metaspace: 35637K(36480K)->35637K(36480K) NonClass: 26422K(27072K)->26422K(27072K) Class: 9215K(9408K)->9215K(9408K)
[962.063s][info][gc             ] GC(2724) Pause Young (Allocation Failure) 520M->240M(544M) 0.959ms
[962.063s][info][gc,cpu         ] GC(2724) User=0.01s Sys=0.00s Real=0.00s
[962.434s][info][gc,start       ] GC(2725) Pause Young (Allocation Failure)
[962.435s][info][gc,heap        ] GC(2725) PSYoungGen: 289856K(310784K)->64K(309760K) Eden: 289792K(289792K)->0K(289792K) From: 64K(20992K)->64K(19968K)
[962.435s][info][gc,heap        ] GC(2725) ParOldGen: 246581K(246784K)->246581K(246784K)
[962.435s][info][gc,metaspace   ] GC(2725) Metaspace: 35637K(36480K)->35637K(36480K) NonClass: 26422K(27072K)->26422K(27072K) Class: 9215K(9408K)->9215K(9408K)
[962.435s][info][gc             ] GC(2725) Pause Young (Allocation Failure) 523M->240M(543M) 1.041ms
[962.435s][info][gc,cpu         ] GC(2725) User=0.01s Sys=0.00s Real=0.00s
[962.504s][info][gc,start       ] GC(2726) Pause Young (Allocation Failure)
[962.505s][info][gc,heap        ] GC(2726) PSYoungGen: 289856K(309760K)->64K(312832K) Eden: 289792K(289792K)->0K(293888K) From: 64K(19968K)->64K(18944K)
[962.505s][info][gc,heap        ] GC(2726) ParOldGen: 246581K(246784K)->246589K(246784K)
[962.505s][info][gc,metaspace   ] GC(2726) Metaspace: 35637K(36480K)->35637K(36480K) NonClass: 26422K(27072K)->26422K(27072K) Class: 9215K(9408K)->9215K(9408K)
[962.505s][info][gc             ] GC(2726) Pause Young (Allocation Failure) 523M->240M(546M) 0.948ms
[962.505s][info][gc,cpu         ] GC(2726) User=0.00s Sys=0.00s Real=0.00s
[962.558s][info][gc,start       ] GC(2727) Pause Young (Allocation Failure)
[962.559s][info][gc,heap        ] GC(2727) PSYoungGen: 293952K(312832K)->64K(311808K) Eden: 293888K(293888K)->0K(293888K) From: 64K(18944K)->64K(17920K)
[962.559s][info][gc,heap        ] GC(2727) ParOldGen: 246589K(246784K)->246605K(246784K)
[962.559s][info][gc,metaspace   ] GC(2727) Metaspace: 35637K(36480K)->35637K(36480K) NonClass: 26422K(27072K)->26422K(27072K) Class: 9215K(9408K)->9215K(9408K)
[962.559s][info][gc             ] GC(2727) Pause Young (Allocation Failure) 527M->240M(545M) 0.978ms
[962.559s][info][gc,cpu         ] GC(2727) User=0.00s Sys=0.00s Real=0.00s
[962.742s][info][gc,start       ] GC(2728) Pause Young (Allocation Failure)
[962.743s][info][gc,heap        ] GC(2728) PSYoungGen: 293952K(311808K)->64K(314368K) Eden: 293888K(293888K)->0K(297472K) From: 64K(17920K)->64K(16896K)
[962.743s][info][gc,heap        ] GC(2728) ParOldGen: 246605K(246784K)->246605K(246784K)
[962.743s][info][gc,metaspace   ] GC(2728) Metaspace: 35637K(36480K)->35637K(36480K) NonClass: 26422K(27072K)->26422K(27072K) Class: 9215K(9408K)->9215K(9408K)
[962.743s][info][gc             ] GC(2728) Pause Young (Allocation Failure) 527M->240M(548M) 0.974ms
[962.743s][info][gc,cpu         ] GC(2728) User=0.00s Sys=0.00s Real=0.00s
[962.977s][info][gc,start       ] GC(2729) Pause Young (Allocation Failure)
[962.978s][info][gc,heap        ] GC(2729) PSYoungGen: 297536K(314368K)->64K(313856K) Eden: 297472K(297472K)->0K(297472K) From: 64K(16896K)->64K(16384K)
[962.978s][info][gc,heap        ] GC(2729) ParOldGen: 246605K(246784K)->246613K(246784K)
[962.978s][info][gc,metaspace   ] GC(2729) Metaspace: 35637K(36480K)->35637K(36480K) NonClass: 26422K(27072K)->26422K(27072K) Class: 9215K(9408K)->9215K(9408K)
[962.978s][info][gc             ] GC(2729) Pause Young (Allocation Failure) 531M->240M(547M) 1.038ms
[962.978s][info][gc,cpu         ] GC(2729) User=0.00s Sys=0.00s Real=0.00s
[963.100s][info][gc,start       ] GC(2730) Pause Young (Allocation Failure)
[963.101s][info][gc,heap        ] GC(2730) PSYoungGen: 297536K(313856K)->64K(316416K) Eden: 297472K(297472K)->0K(301568K) From: 64K(16384K)->64K(14848K)
[963.101s][info][gc,heap        ] GC(2730) ParOldGen: 246613K(246784K)->246621K(246784K)
[963.101s][info][gc,metaspace   ] GC(2730) Metaspace: 35637K(36480K)->35637K(36480K) NonClass: 26422K(27072K)->26422K(27072K) Class: 9215K(9408K)->9215K(9408K)
[963.101s][info][gc             ] GC(2730) Pause Young (Allocation Failure) 531M->240M(550M) 0.963ms
[963.101s][info][gc,cpu         ] GC(2730) User=0.00s Sys=0.00s Real=0.00s
[963.210s][info][gc,start       ] GC(2731) Pause Young (Allocation Failure)
[963.211s][info][gc,heap        ] GC(2731) PSYoungGen: 301632K(316416K)->64K(315904K) Eden: 301568K(301568K)->0K(301568K) From: 64K(14848K)->64K(14336K)
[963.211s][info][gc,heap        ] GC(2731) ParOldGen: 246621K(246784K)->246629K(246784K)
[963.211s][info][gc,metaspace   ] GC(2731) Metaspace: 35637K(36480K)->35637K(36480K) NonClass: 26422K(27072K)->26422K(27072K) Class: 9215K(9408K)->9215K(9408K)
[963.211s][info][gc             ] GC(2731) Pause Young (Allocation Failure) 535M->240M(549M) 1.040ms
[963.211s][info][gc,cpu         ] GC(2731) User=0.00s Sys=0.00s Real=0.00s
[963.548s][info][gc,start       ] GC(2732) Pause Young (Allocation Failure)
[963.549s][info][gc,heap        ] GC(2732) PSYoungGen: 301632K(315904K)->64K(290304K) Eden: 301568K(301568K)->0K(289792K) From: 64K(14336K)->64K(512K)
[963.549s][info][gc,heap        ] GC(2732) ParOldGen: 246629K(246784K)->246637K(246784K)
[963.549s][info][gc,metaspace   ] GC(2732) Metaspace: 35637K(36480K)->35637K(36480K) NonClass: 26422K(27072K)->26422K(27072K) Class: 9215K(9408K)->9215K(9408K)
[963.549s][info][gc             ] GC(2732) Pause Young (Allocation Failure) 535M->240M(524M) 1.011ms
[963.549s][info][gc,cpu         ] GC(2732) User=0.00s Sys=0.00s Real=0.00s
[964.235s][info][gc,start       ] GC(2733) Pause Young (Allocation Failure)
[964.236s][info][gc,heap        ] GC(2733) PSYoungGen: 289856K(290304K)->64K(291328K) Eden: 289792K(289792K)->0K(278528K) From: 64K(512K)->64K(12800K)
[964.236s][info][gc,heap        ] GC(2733) ParOldGen: 246637K(246784K)->246645K(246784K)
[964.236s][info][gc,metaspace   ] GC(2733) Metaspace: 35637K(36480K)->35637K(36480K) NonClass: 26422K(27072K)->26422K(27072K) Class: 9215K(9408K)->9215K(9408K)
[964.236s][info][gc             ] GC(2733) Pause Young (Allocation Failure) 523M->240M(525M) 0.972ms
[964.236s][info][gc,cpu         ] GC(2733) User=0.00s Sys=0.00s Real=0.00s
[965.120s][info][gc,start       ] GC(2734) Pause Young (Allocation Failure)
[965.121s][info][gc,heap        ] GC(2734) PSYoungGen: 278592K(291328K)->64K(268288K) Eden: 278528K(278528K)->0K(267776K) From: 64K(12800K)->64K(512K)
[965.121s][info][gc,heap        ] GC(2734) ParOldGen: 246645K(246784K)->246653K(246784K)
[965.121s][info][gc,metaspace   ] GC(2734) Metaspace: 35637K(36480K)->35637K(36480K) NonClass: 26422K(27072K)->26422K(27072K) Class: 9215K(9408K)->9215K(9408K)
[965.121s][info][gc             ] GC(2734) Pause Young (Allocation Failure) 512M->240M(503M) 1.118ms
[965.121s][info][gc,cpu         ] GC(2734) User=0.00s Sys=0.00s Real=0.00s
[965.565s][info][gc,start       ] GC(2735) Pause Young (Allocation Failure)
[965.566s][info][gc,heap        ] GC(2735) PSYoungGen: 267840K(268288K)->64K(268800K) Eden: 267776K(267776K)->0K(257536K) From: 64K(512K)->64K(11264K)
[965.566s][info][gc,heap        ] GC(2735) ParOldGen: 246653K(246784K)->246661K(246784K)
[965.566s][info][gc,metaspace   ] GC(2735) Metaspace: 35637K(36480K)->35637K(36480K) NonClass: 26422K(27072K)->26422K(27072K) Class: 9215K(9408K)->9215K(9408K)
[965.566s][info][gc             ] GC(2735) Pause Young (Allocation Failure) 502M->240M(503M) 1.047ms
[965.566s][info][gc,cpu         ] GC(2735) User=0.00s Sys=0.00s Real=0.00s
[966.507s][info][gc,start       ] GC(2736) Pause Young (Allocation Failure)
[966.509s][info][gc,heap        ] GC(2736) PSYoungGen: 257600K(268800K)->64K(248320K) Eden: 257536K(257536K)->0K(247808K) From: 64K(11264K)->64K(512K)
[966.509s][info][gc,heap        ] GC(2736) ParOldGen: 246661K(246784K)->246669K(246784K)
[966.509s][info][gc,metaspace   ] GC(2736) Metaspace: 35637K(36480K)->35637K(36480K) NonClass: 26422K(27072K)->26422K(27072K) Class: 9215K(9408K)->9215K(9408K)
[966.509s][info][gc             ] GC(2736) Pause Young (Allocation Failure) 492M->240M(483M) 1.304ms
[966.509s][info][gc,cpu         ] GC(2736) User=0.01s Sys=0.00s Real=0.00s
[966.882s][info][gc,start       ] GC(2737) Pause Young (Allocation Failure)
[966.883s][info][gc,heap        ] GC(2737) PSYoungGen: 247872K(248320K)->64K(248320K) Eden: 247808K(247808K)->0K(238592K) From: 64K(512K)->64K(9728K)
[966.883s][info][gc,heap        ] GC(2737) ParOldGen: 246669K(246784K)->246677K(246784K)
[966.883s][info][gc,metaspace   ] GC(2737) Metaspace: 35637K(36480K)->35637K(36480K) NonClass: 26422K(27072K)->26422K(27072K) Class: 9215K(9408K)->9215K(9408K)
[966.883s][info][gc             ] GC(2737) Pause Young (Allocation Failure) 482M->240M(483M) 0.997ms
[966.883s][info][gc,cpu         ] GC(2737) User=0.00s Sys=0.00s Real=0.00s
[967.046s][info][gc,start       ] GC(2738) Pause Young (Allocation Failure)
[967.047s][info][gc,heap        ] GC(2738) PSYoungGen: 238656K(248320K)->64K(230400K) Eden: 238592K(238592K)->0K(229888K) From: 64K(9728K)->64K(512K)
[967.047s][info][gc,heap        ] GC(2738) ParOldGen: 246677K(246784K)->246685K(246784K)
[967.047s][info][gc,metaspace   ] GC(2738) Metaspace: 35637K(36480K)->35637K(36480K) NonClass: 26422K(27072K)->26422K(27072K) Class: 9215K(9408K)->9215K(9408K)
[967.047s][info][gc             ] GC(2738) Pause Young (Allocation Failure) 473M->240M(466M) 1.440ms
[967.048s][info][gc,cpu         ] GC(2738) User=0.00s Sys=0.00s Real=0.01s
[967.136s][info][gc,start       ] GC(2739) Pause Young (Allocation Failure)
[967.137s][info][gc,heap        ] GC(2739) PSYoungGen: 229952K(230400K)->64K(229376K) Eden: 229888K(229888K)->0K(221184K) From: 64K(512K)->64K(8192K)
[967.137s][info][gc,heap        ] GC(2739) ParOldGen: 246685K(246784K)->246693K(246784K)
[967.137s][info][gc,metaspace   ] GC(2739) Metaspace: 35637K(36480K)->35637K(36480K) NonClass: 26422K(27072K)->26422K(27072K) Class: 9215K(9408K)->9215K(9408K)
[967.137s][info][gc             ] GC(2739) Pause Young (Allocation Failure) 465M->240M(465M) 0.900ms
[967.137s][info][gc,cpu         ] GC(2739) User=0.00s Sys=0.00s Real=0.01s
[967.677s][info][gc,start       ] GC(2740) Pause Young (Allocation Failure)
[967.678s][info][gc,heap        ] GC(2740) PSYoungGen: 221248K(229376K)->64K(213504K) Eden: 221184K(221184K)->0K(212992K) From: 64K(8192K)->64K(512K)
[967.678s][info][gc,heap        ] GC(2740) ParOldGen: 246693K(246784K)->246701K(246784K)
[967.678s][info][gc,metaspace   ] GC(2740) Metaspace: 35637K(36480K)->35637K(36480K) NonClass: 26422K(27072K)->26422K(27072K) Class: 9215K(9408K)->9215K(9408K)
[967.678s][info][gc             ] GC(2740) Pause Young (Allocation Failure) 456M->240M(449M) 1.309ms
[967.678s][info][gc,cpu         ] GC(2740) User=0.00s Sys=0.00s Real=0.00s
[967.846s][info][gc,start       ] GC(2741) Pause Young (Allocation Failure)
[967.847s][info][gc,heap        ] GC(2741) PSYoungGen: 213056K(213504K)->64K(212480K) Eden: 212992K(212992K)->0K(205312K) From: 64K(512K)->64K(7168K)
[967.847s][info][gc,heap        ] GC(2741) ParOldGen: 246701K(246784K)->246709K(246784K)
[967.847s][info][gc,metaspace   ] GC(2741) Metaspace: 35637K(36480K)->35637K(36480K) NonClass: 26422K(27072K)->26422K(27072K) Class: 9215K(9408K)->9215K(9408K)
[967.847s][info][gc             ] GC(2741) Pause Young (Allocation Failure) 448M->240M(448M) 0.939ms
[967.847s][info][gc,cpu         ] GC(2741) User=0.00s Sys=0.00s Real=0.00s
[968.150s][info][gc,start       ] GC(2742) Pause Young (Allocation Failure)
[968.170s][info][gc,heap        ] GC(2742) PSYoungGen: 205376K(212480K)->6656K(251392K) Eden: 205312K(205312K)->0K(244736K) From: 64K(7168K)->6656K(6656K)
[968.170s][info][gc,heap        ] GC(2742) ParOldGen: 246709K(246784K)->251237K(251392K)
[968.170s][info][gc,metaspace   ] GC(2742) Metaspace: 35637K(36480K)->35637K(36480K) NonClass: 26422K(27072K)->26422K(27072K) Class: 9215K(9408K)->9215K(9408K)
[968.170s][info][gc             ] GC(2742) Pause Young (Allocation Failure) 441M->251M(491M) 19.327ms
[968.170s][info][gc,cpu         ] GC(2742) User=0.03s Sys=0.00s Real=0.02s
[968.469s][info][gc,start       ] GC(2743) Pause Young (Allocation Failure)
[968.520s][info][gc,heap        ] GC(2743) PSYoungGen: 251392K(251392K)->10240K(271360K) Eden: 244736K(244736K)->0K(261120K) From: 6656K(6656K)->10240K(10240K)
[968.520s][info][gc,heap        ] GC(2743) ParOldGen: 251237K(251392K)->268653K(268800K)
[968.520s][info][gc,metaspace   ] GC(2743) Metaspace: 35637K(36480K)->35637K(36480K) NonClass: 26422K(27072K)->26422K(27072K) Class: 9215K(9408K)->9215K(9408K)
[968.521s][info][gc             ] GC(2743) Pause Young (Allocation Failure) 490M->272M(527M) 51.805ms
[968.521s][info][gc,cpu         ] GC(2743) User=0.08s Sys=0.02s Real=0.05s
[968.780s][info][gc,start       ] GC(2744) Pause Young (Allocation Failure)
[968.832s][info][gc,heap        ] GC(2744) PSYoungGen: 271360K(271360K)->18944K(303616K) Eden: 261120K(261120K)->0K(284672K) From: 10240K(10240K)->18944K(18944K)
[968.832s][info][gc,heap        ] GC(2744) ParOldGen: 268653K(268800K)->274085K(274432K)
[968.832s][info][gc,metaspace   ] GC(2744) Metaspace: 35637K(36480K)->35637K(36480K) NonClass: 26422K(27072K)->26422K(27072K) Class: 9215K(9408K)->9215K(9408K)
[968.832s][info][gc             ] GC(2744) Pause Young (Allocation Failure) 527M->286M(564M) 51.513ms
[968.832s][info][gc,cpu         ] GC(2744) User=0.08s Sys=0.02s Real=0.05s
[968.960s][info][gc,start       ] GC(2745) Pause Young (Allocation Failure)
[968.965s][info][gc,heap        ] GC(2745) PSYoungGen: 303616K(303616K)->64K(309248K) Eden: 284672K(284672K)->0K(284672K) From: 18944K(18944K)->64K(24576K)
[968.965s][info][gc,heap        ] GC(2745) ParOldGen: 274085K(274432K)->274229K(274432K)
[968.965s][info][gc,metaspace   ] GC(2745) Metaspace: 35637K(36480K)->35637K(36480K) NonClass: 26422K(27072K)->26422K(27072K) Class: 9215K(9408K)->9215K(9408K)
[968.965s][info][gc             ] GC(2745) Pause Young (Allocation Failure) 564M->267M(570M) 4.899ms
[968.965s][info][gc,cpu         ] GC(2745) User=0.00s Sys=0.00s Real=0.00s
[969.622s][info][gc,start       ] GC(2746) Pause Young (Allocation Failure)
[969.623s][info][gc,heap        ] GC(2746) PSYoungGen: 284736K(309248K)->64K(306688K) Eden: 284672K(284672K)->0K(285184K) From: 64K(24576K)->64K(21504K)
[969.623s][info][gc,heap        ] GC(2746) ParOldGen: 274229K(274432K)->274245K(274432K)
[969.623s][info][gc,metaspace   ] GC(2746) Metaspace: 35637K(36480K)->35637K(36480K) NonClass: 26422K(27072K)->26422K(27072K) Class: 9215K(9408K)->9215K(9408K)
[969.623s][info][gc             ] GC(2746) Pause Young (Allocation Failure) 545M->267M(567M) 1.372ms
[969.623s][info][gc,cpu         ] GC(2746) User=0.00s Sys=0.00s Real=0.00s
[970.132s][info][gc,start       ] GC(2747) Pause Young (Allocation Failure)
[970.133s][info][gc,heap        ] GC(2747) PSYoungGen: 285248K(306688K)->64K(308224K) Eden: 285184K(285184K)->0K(285184K) From: 64K(21504K)->64K(23040K)
[970.133s][info][gc,heap        ] GC(2747) ParOldGen: 274245K(274432K)->274245K(274432K)
[970.133s][info][gc,metaspace   ] GC(2747) Metaspace: 35637K(36480K)->35637K(36480K) NonClass: 26422K(27072K)->26422K(27072K) Class: 9215K(9408K)->9215K(9408K)
[970.134s][info][gc             ] GC(2747) Pause Young (Allocation Failure) 546M->267M(569M) 1.152ms
[970.134s][info][gc,cpu         ] GC(2747) User=0.00s Sys=0.00s Real=0.00s
[970.367s][info][gc,start       ] GC(2748) Pause Young (Allocation Failure)
[970.368s][info][gc,heap        ] GC(2748) PSYoungGen: 285248K(308224K)->64K(308224K) Eden: 285184K(285184K)->0K(288256K) From: 64K(23040K)->64K(19968K)
[970.368s][info][gc,heap        ] GC(2748) ParOldGen: 274245K(274432K)->274261K(274432K)
[970.368s][info][gc,metaspace   ] GC(2748) Metaspace: 35637K(36480K)->35637K(36480K) NonClass: 26422K(27072K)->26422K(27072K) Class: 9215K(9408K)->9215K(9408K)
[970.368s][info][gc             ] GC(2748) Pause Young (Allocation Failure) 546M->267M(569M) 1.099ms
[970.368s][info][gc,cpu         ] GC(2748) User=0.00s Sys=0.00s Real=0.00s
[970.609s][info][gc,start       ] GC(2749) Pause Young (Allocation Failure)
[970.610s][info][gc,heap        ] GC(2749) PSYoungGen: 288320K(308224K)->64K(309760K) Eden: 288256K(288256K)->0K(288256K) From: 64K(19968K)->64K(21504K)
[970.610s][info][gc,heap        ] GC(2749) ParOldGen: 274261K(274432K)->274261K(274432K)
[970.610s][info][gc,metaspace   ] GC(2749) Metaspace: 35637K(36480K)->35637K(36480K) NonClass: 26422K(27072K)->26422K(27072K) Class: 9215K(9408K)->9215K(9408K)
[970.610s][info][gc             ] GC(2749) Pause Young (Allocation Failure) 549M->267M(570M) 1.145ms
[970.610s][info][gc,cpu         ] GC(2749) User=0.00s Sys=0.00s Real=0.00s
[970.982s][info][gc,start       ] GC(2750) Pause Young (Allocation Failure)
[970.983s][info][gc,heap        ] GC(2750) PSYoungGen: 288320K(309760K)->64K(309760K) Eden: 288256K(288256K)->0K(291840K) From: 64K(21504K)->64K(17920K)
[970.983s][info][gc,heap        ] GC(2750) ParOldGen: 274261K(274432K)->274261K(274432K)
[970.983s][info][gc,metaspace   ] GC(2750) Metaspace: 35637K(36480K)->35637K(36480K) NonClass: 26422K(27072K)->26422K(27072K) Class: 9215K(9408K)->9215K(9408K)
[970.983s][info][gc             ] GC(2750) Pause Young (Allocation Failure) 549M->267M(570M) 1.204ms
[970.983s][info][gc,cpu         ] GC(2750) User=0.00s Sys=0.00s Real=0.00s
[971.036s][info][gc,start       ] GC(2751) Pause Young (Allocation Failure)
[971.038s][info][gc,heap        ] GC(2751) PSYoungGen: 291904K(309760K)->64K(311296K) Eden: 291840K(291840K)->0K(291840K) From: 64K(17920K)->64K(19456K)
[971.038s][info][gc,heap        ] GC(2751) ParOldGen: 274261K(274432K)->274277K(274432K)
[971.038s][info][gc,metaspace   ] GC(2751) Metaspace: 35637K(36480K)->35637K(36480K) NonClass: 26422K(27072K)->26422K(27072K) Class: 9215K(9408K)->9215K(9408K)
[971.038s][info][gc             ] GC(2751) Pause Young (Allocation Failure) 552M->267M(572M) 1.166ms
[971.038s][info][gc,cpu         ] GC(2751) User=0.00s Sys=0.00s Real=0.01s
[971.088s][info][gc,start       ] GC(2752) Pause Young (Allocation Failure)
[971.089s][info][gc,heap        ] GC(2752) PSYoungGen: 291904K(311296K)->64K(311808K) Eden: 291840K(291840K)->0K(295936K) From: 64K(19456K)->64K(15872K)
[971.089s][info][gc,heap        ] GC(2752) ParOldGen: 274277K(274432K)->274277K(274432K)
[971.089s][info][gc,metaspace   ] GC(2752) Metaspace: 35637K(36480K)->35637K(36480K) NonClass: 26422K(27072K)->26422K(27072K) Class: 9215K(9408K)->9215K(9408K)
[971.089s][info][gc             ] GC(2752) Pause Young (Allocation Failure) 552M->267M(572M) 1.046ms
[971.089s][info][gc,cpu         ] GC(2752) User=0.00s Sys=0.00s Real=0.00s
[971.293s][info][gc,start       ] GC(2753) Pause Young (Allocation Failure)
[971.295s][info][gc,heap        ] GC(2753) PSYoungGen: 296000K(311808K)->64K(313344K) Eden: 295936K(295936K)->0K(295936K) From: 64K(15872K)->64K(17408K)
[971.295s][info][gc,heap        ] GC(2753) ParOldGen: 274277K(274432K)->274277K(274432K)
[971.295s][info][gc,metaspace   ] GC(2753) Metaspace: 35637K(36480K)->35637K(36480K) NonClass: 26422K(27072K)->26422K(27072K) Class: 9215K(9408K)->9215K(9408K)
[971.295s][info][gc             ] GC(2753) Pause Young (Allocation Failure) 556M->267M(574M) 1.119ms
[971.295s][info][gc,cpu         ] GC(2753) User=0.01s Sys=0.00s Real=0.00s
[971.521s][info][gc,start       ] GC(2754) Pause Young (Allocation Failure)
[971.522s][info][gc,heap        ] GC(2754) PSYoungGen: 296000K(313344K)->64K(313856K) Eden: 295936K(295936K)->0K(300032K) From: 64K(17408K)->64K(13824K)
[971.522s][info][gc,heap        ] GC(2754) ParOldGen: 274277K(274432K)->274285K(274432K)
[971.522s][info][gc,metaspace   ] GC(2754) Metaspace: 35637K(36480K)->35637K(36480K) NonClass: 26422K(27072K)->26422K(27072K) Class: 9215K(9408K)->9215K(9408K)
[971.522s][info][gc             ] GC(2754) Pause Young (Allocation Failure) 556M->267M(574M) 1.104ms
[971.522s][info][gc,cpu         ] GC(2754) User=0.00s Sys=0.00s Real=0.00s
[971.634s][info][gc,start       ] GC(2755) Pause Young (Allocation Failure)
[971.635s][info][gc,heap        ] GC(2755) PSYoungGen: 300096K(313856K)->64K(315392K) Eden: 300032K(300032K)->0K(300032K) From: 64K(13824K)->64K(15360K)
[971.635s][info][gc,heap        ] GC(2755) ParOldGen: 274285K(274432K)->274293K(274432K)
[971.635s][info][gc,metaspace   ] GC(2755) Metaspace: 35637K(36480K)->35637K(36480K) NonClass: 26422K(27072K)->26422K(27072K) Class: 9215K(9408K)->9215K(9408K)
[971.635s][info][gc             ] GC(2755) Pause Young (Allocation Failure) 560M->267M(576M) 1.184ms
[971.635s][info][gc,cpu         ] GC(2755) User=0.01s Sys=0.00s Real=0.00s
[971.748s][info][gc,start       ] GC(2756) Pause Young (Allocation Failure)
[971.749s][info][gc,heap        ] GC(2756) PSYoungGen: 300096K(315392K)->64K(316928K) Eden: 300032K(300032K)->0K(304128K) From: 64K(15360K)->64K(12800K)
[971.749s][info][gc,heap        ] GC(2756) ParOldGen: 274293K(274432K)->274301K(274432K)
[971.749s][info][gc,metaspace   ] GC(2756) Metaspace: 35637K(36480K)->35637K(36480K) NonClass: 26422K(27072K)->26422K(27072K) Class: 9215K(9408K)->9215K(9408K)
[971.749s][info][gc             ] GC(2756) Pause Young (Allocation Failure) 560M->267M(577M) 1.099ms
[971.749s][info][gc,cpu         ] GC(2756) User=0.00s Sys=0.00s Real=0.00s
[972.115s][info][gc,start       ] GC(2757) Pause Young (Allocation Failure)
[972.116s][info][gc,heap        ] GC(2757) PSYoungGen: 304192K(316928K)->64K(317952K) Eden: 304128K(304128K)->0K(304128K) From: 64K(12800K)->64K(13824K)
[972.116s][info][gc,heap        ] GC(2757) ParOldGen: 274301K(274432K)->274317K(274432K)
[972.116s][info][gc,metaspace   ] GC(2757) Metaspace: 35637K(36480K)->35637K(36480K) NonClass: 26422K(27072K)->26422K(27072K) Class: 9215K(9408K)->9215K(9408K)
[972.116s][info][gc             ] GC(2757) Pause Young (Allocation Failure) 564M->267M(578M) 1.619ms
[972.116s][info][gc,cpu         ] GC(2757) User=0.00s Sys=0.00s Real=0.00s
[972.769s][info][gc,start       ] GC(2758) Pause Young (Allocation Failure)
[972.771s][info][gc,heap        ] GC(2758) PSYoungGen: 304192K(317952K)->64K(292352K) Eden: 304128K(304128K)->0K(291840K) From: 64K(13824K)->64K(512K)
[972.771s][info][gc,heap        ] GC(2758) ParOldGen: 274317K(274432K)->274325K(274432K)
[972.771s][info][gc,metaspace   ] GC(2758) Metaspace: 35637K(36480K)->35637K(36480K) NonClass: 26422K(27072K)->26422K(27072K) Class: 9215K(9408K)->9215K(9408K)
[972.771s][info][gc             ] GC(2758) Pause Young (Allocation Failure) 564M->267M(553M) 1.686ms
[972.771s][info][gc,cpu         ] GC(2758) User=0.00s Sys=0.00s Real=0.00s
[973.692s][info][gc,start       ] GC(2759) Pause Young (Allocation Failure)
[973.693s][info][gc,heap        ] GC(2759) PSYoungGen: 291904K(292352K)->64K(292352K) Eden: 291840K(291840K)->0K(280576K) From: 64K(512K)->64K(11776K)
[973.693s][info][gc,heap        ] GC(2759) ParOldGen: 274325K(274432K)->274333K(274432K)
[973.693s][info][gc,metaspace   ] GC(2759) Metaspace: 35637K(36480K)->35637K(36480K) NonClass: 26422K(27072K)->26422K(27072K) Class: 9215K(9408K)->9215K(9408K)
[973.693s][info][gc             ] GC(2759) Pause Young (Allocation Failure) 552M->267M(553M) 1.046ms
[973.693s][info][gc,cpu         ] GC(2759) User=0.00s Sys=0.00s Real=0.00s
[974.170s][info][gc,start       ] GC(2760) Pause Young (Allocation Failure)
[974.172s][info][gc,heap        ] GC(2760) PSYoungGen: 280640K(292352K)->64K(270336K) Eden: 280576K(280576K)->0K(269824K) From: 64K(11776K)->64K(512K)
[974.172s][info][gc,heap        ] GC(2760) ParOldGen: 274333K(274432K)->274341K(274432K)
[974.172s][info][gc,metaspace   ] GC(2760) Metaspace: 35637K(36480K)->35637K(36480K) NonClass: 26422K(27072K)->26422K(27072K) Class: 9215K(9408K)->9215K(9408K)
[974.172s][info][gc             ] GC(2760) Pause Young (Allocation Failure) 541M->267M(532M) 1.578ms
[974.172s][info][gc,cpu         ] GC(2760) User=0.00s Sys=0.00s Real=0.00s
[975.137s][info][gc,start       ] GC(2761) Pause Young (Allocation Failure)
[975.138s][info][gc,heap        ] GC(2761) PSYoungGen: 269888K(270336K)->64K(269824K) Eden: 269824K(269824K)->0K(259584K) From: 64K(512K)->64K(10240K)
[975.138s][info][gc,heap        ] GC(2761) ParOldGen: 274341K(274432K)->274349K(274432K)
[975.138s][info][gc,metaspace   ] GC(2761) Metaspace: 35637K(36480K)->35637K(36480K) NonClass: 26422K(27072K)->26422K(27072K) Class: 9215K(9408K)->9215K(9408K)
[975.138s][info][gc             ] GC(2761) Pause Young (Allocation Failure) 531M->267M(531M) 1.055ms
[975.138s][info][gc,cpu         ] GC(2761) User=0.00s Sys=0.00s Real=0.00s
[975.474s][info][gc,start       ] GC(2762) Pause Young (Allocation Failure)
[975.475s][info][gc,heap        ] GC(2762) PSYoungGen: 259648K(269824K)->64K(250368K) Eden: 259584K(259584K)->0K(249856K) From: 64K(10240K)->64K(512K)
[975.475s][info][gc,heap        ] GC(2762) ParOldGen: 274349K(274432K)->274357K(274432K)
[975.475s][info][gc,metaspace   ] GC(2762) Metaspace: 35637K(36480K)->35637K(36480K) NonClass: 26422K(27072K)->26422K(27072K) Class: 9215K(9408K)->9215K(9408K)
[975.475s][info][gc             ] GC(2762) Pause Young (Allocation Failure) 521M->267M(512M) 1.401ms
[975.475s][info][gc,cpu         ] GC(2762) User=0.00s Sys=0.00s Real=0.00s
[975.597s][info][gc,start       ] GC(2763) Pause Young (Allocation Failure)
[975.599s][info][gc,heap        ] GC(2763) PSYoungGen: 249920K(250368K)->64K(249856K) Eden: 249856K(249856K)->0K(240640K) From: 64K(512K)->64K(9216K)
[975.599s][info][gc,heap        ] GC(2763) ParOldGen: 274357K(274432K)->274365K(274432K)
[975.599s][info][gc,metaspace   ] GC(2763) Metaspace: 35637K(36480K)->35637K(36480K) NonClass: 26422K(27072K)->26422K(27072K) Class: 9215K(9408K)->9215K(9408K)
[975.599s][info][gc             ] GC(2763) Pause Young (Allocation Failure) 511M->267M(512M) 1.663ms
[975.599s][info][gc,cpu         ] GC(2763) User=0.00s Sys=0.00s Real=0.00s
[975.944s][info][gc,start       ] GC(2764) Pause Young (Allocation Failure)
[975.947s][info][gc,heap        ] GC(2764) PSYoungGen: 240704K(249856K)->64K(231936K) Eden: 240640K(240640K)->0K(231424K) From: 64K(9216K)->64K(512K)
[975.947s][info][gc,heap        ] GC(2764) ParOldGen: 274365K(274432K)->274373K(274432K)
[975.947s][info][gc,metaspace   ] GC(2764) Metaspace: 35637K(36480K)->35637K(36480K) NonClass: 26422K(27072K)->26422K(27072K) Class: 9215K(9408K)->9215K(9408K)
[975.947s][info][gc             ] GC(2764) Pause Young (Allocation Failure) 502M->268M(494M) 2.330ms
[975.947s][info][gc,cpu         ] GC(2764) User=0.01s Sys=0.00s Real=0.00s
[976.250s][info][gc,start       ] GC(2765) Pause Young (Allocation Failure)
[976.251s][info][gc,heap        ] GC(2765) PSYoungGen: 231488K(231936K)->64K(230400K) Eden: 231424K(231424K)->0K(222720K) From: 64K(512K)->64K(7680K)
[976.252s][info][gc,heap        ] GC(2765) ParOldGen: 274373K(274432K)->274381K(274432K)
[976.252s][info][gc,metaspace   ] GC(2765) Metaspace: 35637K(36480K)->35637K(36480K) NonClass: 26422K(27072K)->26422K(27072K) Class: 9215K(9408K)->9215K(9408K)
[976.252s][info][gc             ] GC(2765) Pause Young (Allocation Failure) 494M->268M(493M) 1.892ms
[976.252s][info][gc,cpu         ] GC(2765) User=0.00s Sys=0.00s Real=0.00s
[976.598s][info][gc,start       ] GC(2766) Pause Young (Allocation Failure)
[976.607s][info][gc,heap        ] GC(2766) PSYoungGen: 222784K(230400K)->3616K(267776K) Eden: 222720K(222720K)->0K(263680K) From: 64K(7680K)->3616K(4096K)
[976.607s][info][gc,heap        ] GC(2766) ParOldGen: 274381K(274432K)->274389K(274432K)
[976.607s][info][gc,metaspace   ] GC(2766) Metaspace: 35637K(36480K)->35637K(36480K) NonClass: 26422K(27072K)->26422K(27072K) Class: 9215K(9408K)->9215K(9408K)
[976.607s][info][gc             ] GC(2766) Pause Young (Allocation Failure) 485M->271M(529M) 9.651ms
[976.607s][info][gc,cpu         ] GC(2766) User=0.02s Sys=0.00s Real=0.01s
[976.910s][info][gc,start       ] GC(2767) Pause Young (Allocation Failure)
[976.967s][info][gc,heap        ] GC(2767) PSYoungGen: 267296K(267776K)->7680K(281600K) Eden: 263680K(263680K)->0K(273920K) From: 3616K(4096K)->7680K(7680K)
[976.967s][info][gc,heap        ] GC(2767) ParOldGen: 274389K(274432K)->296389K(296448K)
[976.967s][info][gc,metaspace   ] GC(2767) Metaspace: 35637K(36480K)->35637K(36480K) NonClass: 26422K(27072K)->26422K(27072K) Class: 9215K(9408K)->9215K(9408K)
[976.967s][info][gc             ] GC(2767) Pause Young (Allocation Failure) 528M->296M(564M) 57.347ms
[976.967s][info][gc,cpu         ] GC(2767) User=0.09s Sys=0.02s Real=0.06s
[977.272s][info][gc,start       ] GC(2768) Pause Young (Allocation Failure)
[977.337s][info][gc,heap        ] GC(2768) PSYoungGen: 281600K(281600K)->17920K(299520K) Eden: 273920K(273920K)->0K(281600K) From: 7680K(7680K)->17920K(17920K)
[977.337s][info][gc,heap        ] GC(2768) ParOldGen: 296389K(296448K)->308429K(308736K)
[977.337s][info][gc,metaspace   ] GC(2768) Metaspace: 35637K(36480K)->35637K(36480K) NonClass: 26422K(27072K)->26422K(27072K) Class: 9215K(9408K)->9215K(9408K)
[977.337s][info][gc             ] GC(2768) Pause Young (Allocation Failure) 564M->318M(594M) 65.184ms
[977.337s][info][gc,cpu         ] GC(2768) User=0.11s Sys=0.02s Real=0.07s
[977.426s][info][gc,start       ] GC(2769) Pause Young (Allocation Failure)
[977.430s][info][gc,heap        ] GC(2769) PSYoungGen: 299520K(299520K)->64K(307712K) Eden: 281600K(281600K)->0K(281600K) From: 17920K(17920K)->64K(26112K)
[977.430s][info][gc,heap        ] GC(2769) ParOldGen: 308429K(308736K)->308749K(309248K)
[977.430s][info][gc,metaspace   ] GC(2769) Metaspace: 35637K(36480K)->35637K(36480K) NonClass: 26422K(27072K)->26422K(27072K) Class: 9215K(9408K)->9215K(9408K)
[977.430s][info][gc             ] GC(2769) Pause Young (Allocation Failure) 593M->301M(602M) 4.628ms
[977.430s][info][gc,cpu         ] GC(2769) User=0.01s Sys=0.00s Real=0.01s
[978.034s][info][gc,start       ] GC(2770) Pause Young (Allocation Failure)
[978.036s][info][gc,heap        ] GC(2770) PSYoungGen: 281664K(307712K)->64K(304640K) Eden: 281600K(281600K)->0K(282624K) From: 64K(26112K)->64K(22016K)
[978.036s][info][gc,heap        ] GC(2770) ParOldGen: 308749K(309248K)->308757K(309248K)
[978.036s][info][gc,metaspace   ] GC(2770) Metaspace: 35637K(36480K)->35637K(36480K) NonClass: 26422K(27072K)->26422K(27072K) Class: 9215K(9408K)->9215K(9408K)
[978.036s][info][gc             ] GC(2770) Pause Young (Allocation Failure) 576M->301M(599M) 1.465ms
[978.036s][info][gc,cpu         ] GC(2770) User=0.00s Sys=0.00s Real=0.00s
[978.386s][info][gc,start       ] GC(2771) Pause Young (Allocation Failure)
[978.387s][info][gc,heap        ] GC(2771) PSYoungGen: 282688K(304640K)->64K(306688K) Eden: 282624K(282624K)->0K(282624K) From: 64K(22016K)->64K(24064K)
[978.387s][info][gc,heap        ] GC(2771) ParOldGen: 308757K(309248K)->308765K(309248K)
[978.387s][info][gc,metaspace   ] GC(2771) Metaspace: 35637K(36480K)->35637K(36480K) NonClass: 26422K(27072K)->26422K(27072K) Class: 9215K(9408K)->9215K(9408K)
[978.387s][info][gc             ] GC(2771) Pause Young (Allocation Failure) 577M->301M(601M) 1.128ms
[978.387s][info][gc,cpu         ] GC(2771) User=0.00s Sys=0.00s Real=0.00s
[978.834s][info][gc,start       ] GC(2772) Pause Young (Allocation Failure)
[978.835s][info][gc,heap        ] GC(2772) PSYoungGen: 282688K(306688K)->64K(306688K) Eden: 282624K(282624K)->0K(286720K) From: 64K(24064K)->64K(19968K)
[978.835s][info][gc,heap        ] GC(2772) ParOldGen: 308765K(309248K)->308781K(309248K)
[978.835s][info][gc,metaspace   ] GC(2772) Metaspace: 35637K(36480K)->35637K(36480K) NonClass: 26422K(27072K)->26422K(27072K) Class: 9215K(9408K)->9215K(9408K)
[978.835s][info][gc             ] GC(2772) Pause Young (Allocation Failure) 577M->301M(601M) 1.246ms
[978.835s][info][gc,cpu         ] GC(2772) User=0.00s Sys=0.00s Real=0.00s
[979.069s][info][gc,start       ] GC(2773) Pause Young (Allocation Failure)
[979.070s][info][gc,heap        ] GC(2773) PSYoungGen: 286784K(306688K)->64K(308736K) Eden: 286720K(286720K)->0K(286720K) From: 64K(19968K)->64K(22016K)
[979.071s][info][gc,heap        ] GC(2773) ParOldGen: 308781K(309248K)->308797K(309248K)
[979.071s][info][gc,metaspace   ] GC(2773) Metaspace: 35637K(36480K)->35637K(36480K) NonClass: 26422K(27072K)->26422K(27072K) Class: 9215K(9408K)->9215K(9408K)
[979.071s][info][gc             ] GC(2773) Pause Young (Allocation Failure) 581M->301M(603M) 1.094ms
[979.071s][info][gc,cpu         ] GC(2773) User=0.00s Sys=0.00s Real=0.00s
[979.431s][info][gc,start       ] GC(2774) Pause Young (Allocation Failure)
[979.432s][info][gc,heap        ] GC(2774) PSYoungGen: 286784K(308736K)->64K(308736K) Eden: 286720K(286720K)->0K(290816K) From: 64K(22016K)->64K(17920K)
[979.432s][info][gc,heap        ] GC(2774) ParOldGen: 308797K(309248K)->308797K(309248K)
[979.432s][info][gc,metaspace   ] GC(2774) Metaspace: 35637K(36480K)->35637K(36480K) NonClass: 26422K(27072K)->26422K(27072K) Class: 9215K(9408K)->9215K(9408K)
[979.432s][info][gc             ] GC(2774) Pause Young (Allocation Failure) 581M->301M(603M) 1.078ms
[979.432s][info][gc,cpu         ] GC(2774) User=0.00s Sys=0.00s Real=0.00s
[979.522s][info][gc,start       ] GC(2775) Pause Young (Allocation Failure)
[979.523s][info][gc,heap        ] GC(2775) PSYoungGen: 290880K(308736K)->64K(310784K) Eden: 290816K(290816K)->0K(290816K) From: 64K(17920K)->64K(19968K)
[979.523s][info][gc,heap        ] GC(2775) ParOldGen: 308797K(309248K)->308805K(309248K)
[979.523s][info][gc,metaspace   ] GC(2775) Metaspace: 35637K(36480K)->35637K(36480K) NonClass: 26422K(27072K)->26422K(27072K) Class: 9215K(9408K)->9215K(9408K)
[979.523s][info][gc             ] GC(2775) Pause Young (Allocation Failure) 585M->301M(605M) 1.095ms
[979.523s][info][gc,cpu         ] GC(2775) User=0.00s Sys=0.00s Real=0.00s
[979.573s][info][gc,start       ] GC(2776) Pause Young (Allocation Failure)
[979.574s][info][gc,heap        ] GC(2776) PSYoungGen: 290880K(310784K)->64K(310784K) Eden: 290816K(290816K)->0K(294912K) From: 64K(19968K)->64K(15872K)
[979.574s][info][gc,heap        ] GC(2776) ParOldGen: 308805K(309248K)->308821K(309248K)
[979.574s][info][gc,metaspace   ] GC(2776) Metaspace: 35637K(36480K)->35637K(36480K) NonClass: 26422K(27072K)->26422K(27072K) Class: 9215K(9408K)->9215K(9408K)
[979.574s][info][gc             ] GC(2776) Pause Young (Allocation Failure) 585M->301M(605M) 1.058ms
[979.574s][info][gc,cpu         ] GC(2776) User=0.00s Sys=0.00s Real=0.00s
[979.743s][info][gc,start       ] GC(2777) Pause Young (Allocation Failure)
[979.744s][info][gc,heap        ] GC(2777) PSYoungGen: 294976K(310784K)->64K(312832K) Eden: 294912K(294912K)->0K(294912K) From: 64K(15872K)->64K(17920K)
[979.744s][info][gc,heap        ] GC(2777) ParOldGen: 308821K(309248K)->308821K(309248K)
[979.744s][info][gc,metaspace   ] GC(2777) Metaspace: 35637K(36480K)->35637K(36480K) NonClass: 26422K(27072K)->26422K(27072K) Class: 9215K(9408K)->9215K(9408K)
[979.744s][info][gc             ] GC(2777) Pause Young (Allocation Failure) 589M->301M(607M) 1.173ms
[979.744s][info][gc,cpu         ] GC(2777) User=0.00s Sys=0.00s Real=0.00s
[979.976s][info][gc,start       ] GC(2778) Pause Young (Allocation Failure)
[979.977s][info][gc,heap        ] GC(2778) PSYoungGen: 294976K(312832K)->64K(312832K) Eden: 294912K(294912K)->0K(299008K) From: 64K(17920K)->64K(13824K)
[979.978s][info][gc,heap        ] GC(2778) ParOldGen: 308821K(309248K)->308829K(309248K)
[979.978s][info][gc,metaspace   ] GC(2778) Metaspace: 35637K(36480K)->35637K(36480K) NonClass: 26422K(27072K)->26422K(27072K) Class: 9215K(9408K)->9215K(9408K)
[979.978s][info][gc             ] GC(2778) Pause Young (Allocation Failure) 589M->301M(607M) 1.225ms
[979.978s][info][gc,cpu         ] GC(2778) User=0.00s Sys=0.00s Real=0.01s
[980.113s][info][gc,start       ] GC(2779) Pause Young (Allocation Failure)
[980.114s][info][gc,heap        ] GC(2779) PSYoungGen: 299072K(312832K)->64K(314880K) Eden: 299008K(299008K)->0K(299008K) From: 64K(13824K)->64K(15872K)
[980.114s][info][gc,heap        ] GC(2779) ParOldGen: 308829K(309248K)->308837K(309248K)
[980.114s][info][gc,metaspace   ] GC(2779) Metaspace: 35637K(36480K)->35637K(36480K) NonClass: 26422K(27072K)->26422K(27072K) Class: 9215K(9408K)->9215K(9408K)
[980.114s][info][gc             ] GC(2779) Pause Young (Allocation Failure) 593M->301M(609M) 1.141ms
[980.114s][info][gc,cpu         ] GC(2779) User=0.00s Sys=0.00s Real=0.00s
[980.212s][info][gc,start       ] GC(2780) Pause Young (Allocation Failure)
[980.213s][info][gc,heap        ] GC(2780) PSYoungGen: 299072K(314880K)->64K(315904K) Eden: 299008K(299008K)->0K(303104K) From: 64K(15872K)->64K(12800K)
[980.213s][info][gc,heap        ] GC(2780) ParOldGen: 308837K(309248K)->308845K(309248K)
[980.213s][info][gc,metaspace   ] GC(2780) Metaspace: 35637K(36480K)->35637K(36480K) NonClass: 26422K(27072K)->26422K(27072K) Class: 9215K(9408K)->9215K(9408K)
[980.213s][info][gc             ] GC(2780) Pause Young (Allocation Failure) 593M->301M(610M) 1.121ms
[980.213s][info][gc,cpu         ] GC(2780) User=0.01s Sys=0.00s Real=0.00s
[980.440s][info][gc,start       ] GC(2781) Pause Young (Allocation Failure)
[980.441s][info][gc,heap        ] GC(2781) PSYoungGen: 303168K(315904K)->64K(317440K) Eden: 303104K(303104K)->0K(303104K) From: 64K(12800K)->64K(14336K)
[980.441s][info][gc,heap        ] GC(2781) ParOldGen: 308845K(309248K)->308853K(309248K)
[980.441s][info][gc,metaspace   ] GC(2781) Metaspace: 35637K(36480K)->35637K(36480K) NonClass: 26422K(27072K)->26422K(27072K) Class: 9215K(9408K)->9215K(9408K)
[980.441s][info][gc             ] GC(2781) Pause Young (Allocation Failure) 597M->301M(612M) 1.214ms
[980.441s][info][gc,cpu         ] GC(2781) User=0.00s Sys=0.00s Real=0.00s
[981.258s][info][gc,start       ] GC(2782) Pause Young (Allocation Failure)
[981.260s][info][gc,heap        ] GC(2782) PSYoungGen: 303168K(317440K)->83K(291840K) Eden: 303104K(303104K)->0K(291328K) From: 64K(14336K)->83K(512K)
[981.260s][info][gc,heap        ] GC(2782) ParOldGen: 308853K(309248K)->308861K(309248K)
[981.260s][info][gc,metaspace   ] GC(2782) Metaspace: 35637K(36480K)->35637K(36480K) NonClass: 26422K(27072K)->26422K(27072K) Class: 9215K(9408K)->9215K(9408K)
[981.260s][info][gc             ] GC(2782) Pause Young (Allocation Failure) 597M->301M(587M) 1.844ms
[981.260s][info][gc,cpu         ] GC(2782) User=0.00s Sys=0.00s Real=0.00s
[982.146s][info][gc,start       ] GC(2783) Pause Young (Allocation Failure)
[982.147s][info][gc,heap        ] GC(2783) PSYoungGen: 291411K(291840K)->64K(292352K) Eden: 291328K(291328K)->0K(280064K) From: 83K(512K)->64K(12288K)
[982.148s][info][gc,heap        ] GC(2783) ParOldGen: 308861K(309248K)->308869K(309248K)
[982.148s][info][gc,metaspace   ] GC(2783) Metaspace: 35637K(36480K)->35637K(36480K) NonClass: 26422K(27072K)->26422K(27072K) Class: 9215K(9408K)->9215K(9408K)
[982.148s][info][gc             ] GC(2783) Pause Young (Allocation Failure) 586M->301M(587M) 1.105ms
[982.148s][info][gc,cpu         ] GC(2783) User=0.00s Sys=0.00s Real=0.01s
[982.600s][info][gc,start       ] GC(2784) Pause Young (Allocation Failure)
[982.601s][info][gc,heap        ] GC(2784) PSYoungGen: 280128K(292352K)->64K(269824K) Eden: 280064K(280064K)->0K(269312K) From: 64K(12288K)->64K(512K)
[982.601s][info][gc,heap        ] GC(2784) ParOldGen: 308869K(309248K)->308877K(309248K)
[982.601s][info][gc,metaspace   ] GC(2784) Metaspace: 35637K(36480K)->35637K(36480K) NonClass: 26422K(27072K)->26422K(27072K) Class: 9215K(9408K)->9215K(9408K)
[982.601s][info][gc             ] GC(2784) Pause Young (Allocation Failure) 575M->301M(565M) 1.464ms
[982.601s][info][gc,cpu         ] GC(2784) User=0.01s Sys=0.00s Real=0.00s
[983.574s][info][gc,start       ] GC(2785) Pause Young (Allocation Failure)
[983.576s][info][gc,heap        ] GC(2785) PSYoungGen: 269376K(269824K)->64K(269824K) Eden: 269312K(269312K)->0K(259072K) From: 64K(512K)->64K(10752K)
[983.576s][info][gc,heap        ] GC(2785) ParOldGen: 308877K(309248K)->308885K(309248K)
[983.576s][info][gc,metaspace   ] GC(2785) Metaspace: 35637K(36480K)->35637K(36480K) NonClass: 26422K(27072K)->26422K(27072K) Class: 9215K(9408K)->9215K(9408K)
[983.576s][info][gc             ] GC(2785) Pause Young (Allocation Failure) 564M->301M(565M) 2.135ms
[983.576s][info][gc,cpu         ] GC(2785) User=0.00s Sys=0.00s Real=0.00s
[983.945s][info][gc,start       ] GC(2786) Pause Young (Allocation Failure)
[983.947s][info][gc,heap        ] GC(2786) PSYoungGen: 259136K(269824K)->64K(249856K) Eden: 259072K(259072K)->0K(249344K) From: 64K(10752K)->64K(512K)
[983.947s][info][gc,heap        ] GC(2786) ParOldGen: 308885K(309248K)->308893K(309248K)
[983.947s][info][gc,metaspace   ] GC(2786) Metaspace: 35637K(36480K)->35637K(36480K) NonClass: 26422K(27072K)->26422K(27072K) Class: 9215K(9408K)->9215K(9408K)
[983.947s][info][gc             ] GC(2786) Pause Young (Allocation Failure) 554M->301M(546M) 2.327ms
[983.947s][info][gc,cpu         ] GC(2786) User=0.01s Sys=0.00s Real=0.01s
[984.096s][info][gc,start       ] GC(2787) Pause Young (Allocation Failure)
[984.098s][info][gc,heap        ] GC(2787) PSYoungGen: 249408K(249856K)->64K(249344K) Eden: 249344K(249344K)->0K(240128K) From: 64K(512K)->64K(9216K)
[984.098s][info][gc,heap        ] GC(2787) ParOldGen: 308893K(309248K)->308901K(309248K)
[984.098s][info][gc,metaspace   ] GC(2787) Metaspace: 35637K(36480K)->35637K(36480K) NonClass: 26422K(27072K)->26422K(27072K) Class: 9215K(9408K)->9215K(9408K)
[984.098s][info][gc             ] GC(2787) Pause Young (Allocation Failure) 545M->301M(545M) 1.751ms
[984.098s][info][gc,cpu         ] GC(2787) User=0.01s Sys=0.00s Real=0.01s
[984.307s][info][gc,start       ] GC(2788) Pause Young (Allocation Failure)
[984.309s][info][gc,heap        ] GC(2788) PSYoungGen: 240192K(249344K)->64K(231424K) Eden: 240128K(240128K)->0K(230912K) From: 64K(9216K)->64K(512K)
[984.309s][info][gc,heap        ] GC(2788) ParOldGen: 308901K(309248K)->308909K(309248K)
[984.309s][info][gc,metaspace   ] GC(2788) Metaspace: 35637K(36480K)->35637K(36480K) NonClass: 26422K(27072K)->26422K(27072K) Class: 9215K(9408K)->9215K(9408K)
[984.309s][info][gc             ] GC(2788) Pause Young (Allocation Failure) 536M->301M(528M) 2.342ms
[984.309s][info][gc,cpu         ] GC(2788) User=0.00s Sys=0.00s Real=0.01s
[984.746s][info][gc,start       ] GC(2789) Pause Young (Allocation Failure)
[984.748s][info][gc,heap        ] GC(2789) PSYoungGen: 230976K(231424K)->64K(230400K) Eden: 230912K(230912K)->0K(222208K) From: 64K(512K)->64K(8192K)
[984.748s][info][gc,heap        ] GC(2789) ParOldGen: 308909K(309248K)->308917K(309248K)
[984.748s][info][gc,metaspace   ] GC(2789) Metaspace: 35637K(36480K)->35637K(36480K) NonClass: 26422K(27072K)->26422K(27072K) Class: 9215K(9408K)->9215K(9408K)
[984.748s][info][gc             ] GC(2789) Pause Young (Allocation Failure) 527M->301M(527M) 1.710ms
[984.748s][info][gc,cpu         ] GC(2789) User=0.00s Sys=0.00s Real=0.01s
[985.009s][info][gc,start       ] GC(2790) Pause Young (Allocation Failure)
[985.012s][info][gc,heap        ] GC(2790) PSYoungGen: 222272K(230400K)->64K(214528K) Eden: 222208K(222208K)->0K(214016K) From: 64K(8192K)->64K(512K)
[985.012s][info][gc,heap        ] GC(2790) ParOldGen: 308917K(309248K)->308925K(309248K)
[985.012s][info][gc,metaspace   ] GC(2790) Metaspace: 35637K(36480K)->35637K(36480K) NonClass: 26422K(27072K)->26422K(27072K) Class: 9215K(9408K)->9215K(9408K)
[985.012s][info][gc             ] GC(2790) Pause Young (Allocation Failure) 518M->301M(511M) 2.276ms
[985.012s][info][gc,cpu         ] GC(2790) User=0.00s Sys=0.00s Real=0.00s
[985.292s][info][gc,start       ] GC(2791) Pause Young (Allocation Failure)
[985.336s][info][gc,heap        ] GC(2791) PSYoungGen: 214080K(214528K)->7168K(263168K) Eden: 214016K(214016K)->0K(256000K) From: 64K(512K)->7168K(7168K)
[985.336s][info][gc,heap        ] GC(2791) ParOldGen: 308925K(309248K)->322429K(322560K)
[985.336s][info][gc,metaspace   ] GC(2791) Metaspace: 35637K(36480K)->35637K(36480K) NonClass: 26422K(27072K)->26422K(27072K) Class: 9215K(9408K)->9215K(9408K)
[985.336s][info][gc             ] GC(2791) Pause Young (Allocation Failure) 510M->321M(572M) 43.332ms
[985.336s][info][gc,cpu         ] GC(2791) User=0.07s Sys=0.01s Real=0.04s
[985.630s][info][gc,start       ] GC(2792) Pause Young (Allocation Failure)
[985.691s][info][gc,heap        ] GC(2792) PSYoungGen: 263168K(263168K)->7168K(261632K) Eden: 256000K(256000K)->0K(254464K) From: 7168K(7168K)->7168K(7168K)
[985.691s][info][gc,heap        ] GC(2792) ParOldGen: 322429K(322560K)->344437K(344576K)
[985.691s][info][gc,metaspace   ] GC(2792) Metaspace: 35637K(36480K)->35637K(36480K) NonClass: 26422K(27072K)->26422K(27072K) Class: 9215K(9408K)->9215K(9408K)
[985.691s][info][gc             ] GC(2792) Pause Young (Allocation Failure) 571M->343M(592M) 60.229ms
[985.691s][info][gc,cpu         ] GC(2792) User=0.11s Sys=0.01s Real=0.06s
[985.863s][info][gc,start       ] GC(2793) Pause Young (Allocation Failure)
[985.889s][info][gc,heap        ] GC(2793) PSYoungGen: 261632K(261632K)->13184K(276992K) Eden: 254464K(254464K)->0K(254464K) From: 7168K(7168K)->13184K(22528K)
[985.889s][info][gc,heap        ] GC(2793) ParOldGen: 344437K(344576K)->345029K(345088K)
[985.889s][info][gc,metaspace   ] GC(2793) Metaspace: 35637K(36480K)->35637K(36480K) NonClass: 26422K(27072K)->26422K(27072K) Class: 9215K(9408K)->9215K(9408K)
[985.889s][info][gc             ] GC(2793) Pause Young (Allocation Failure) 591M->349M(607M) 25.973ms
[985.889s][info][gc,cpu         ] GC(2793) User=0.05s Sys=0.00s Real=0.03s
[986.128s][info][gc,start       ] GC(2794) Pause Young (Allocation Failure)
[986.130s][info][gc,heap        ] GC(2794) PSYoungGen: 267648K(276992K)->64K(310784K) Eden: 254464K(254464K)->0K(287232K) From: 13184K(22528K)->64K(23552K)
[986.130s][info][gc,heap        ] GC(2794) ParOldGen: 345029K(345088K)->345037K(345088K)
[986.130s][info][gc,metaspace   ] GC(2794) Metaspace: 35637K(36480K)->35637K(36480K) NonClass: 26422K(27072K)->26422K(27072K) Class: 9215K(9408K)->9215K(9408K)
[986.130s][info][gc             ] GC(2794) Pause Young (Allocation Failure) 598M->337M(640M) 1.370ms
[986.130s][info][gc,cpu         ] GC(2794) User=0.00s Sys=0.00s Real=0.00s
[986.779s][info][gc,start       ] GC(2795) Pause Young (Allocation Failure)
[986.781s][info][gc,heap        ] GC(2795) PSYoungGen: 287296K(310784K)->128K(287744K) Eden: 287232K(287232K)->0K(287232K) From: 64K(23552K)->128K(512K)
[986.781s][info][gc,heap        ] GC(2795) ParOldGen: 345037K(345088K)->345045K(345088K)
[986.781s][info][gc,metaspace   ] GC(2795) Metaspace: 35701K(36480K)->35701K(36480K) NonClass: 26486K(27072K)->26486K(27072K) Class: 9215K(9408K)->9215K(9408K)
[986.781s][info][gc             ] GC(2795) Pause Young (Allocation Failure) 617M->337M(618M) 1.880ms
[986.781s][info][gc,cpu         ] GC(2795) User=0.00s Sys=0.00s Real=0.00s
[987.255s][info][gc,start       ] GC(2796) Pause Young (Allocation Failure)
[987.257s][info][gc,heap        ] GC(2796) PSYoungGen: 287360K(287744K)->64K(309760K) Eden: 287232K(287232K)->0K(287744K) From: 128K(512K)->64K(22016K)
[987.257s][info][gc,heap        ] GC(2796) ParOldGen: 345045K(345088K)->345133K(345600K)
[987.257s][info][gc,metaspace   ] GC(2796) Metaspace: 35701K(36480K)->35701K(36480K) NonClass: 26486K(27072K)->26486K(27072K) Class: 9215K(9408K)->9215K(9408K)
[987.257s][info][gc             ] GC(2796) Pause Young (Allocation Failure) 617M->337M(640M) 1.565ms
[987.257s][info][gc,cpu         ] GC(2796) User=0.00s Sys=0.00s Real=0.00s
[987.493s][info][gc,start       ] GC(2797) Pause Young (Allocation Failure)
[987.495s][info][gc,heap        ] GC(2797) PSYoungGen: 287808K(309760K)->64K(309248K) Eden: 287744K(287744K)->0K(287744K) From: 64K(22016K)->64K(21504K)
[987.495s][info][gc,heap        ] GC(2797) ParOldGen: 345133K(345600K)->345149K(345600K)
[987.495s][info][gc,metaspace   ] GC(2797) Metaspace: 35701K(36480K)->35701K(36480K) NonClass: 26486K(27072K)->26486K(27072K) Class: 9215K(9408K)->9215K(9408K)
[987.495s][info][gc             ] GC(2797) Pause Young (Allocation Failure) 618M->337M(639M) 1.354ms
[987.495s][info][gc,cpu         ] GC(2797) User=0.00s Sys=0.00s Real=0.00s
[987.730s][info][gc,start       ] GC(2798) Pause Young (Allocation Failure)
[987.731s][info][gc,heap        ] GC(2798) PSYoungGen: 287808K(309248K)->64K(311296K) Eden: 287744K(287744K)->0K(291328K) From: 64K(21504K)->64K(19968K)
[987.731s][info][gc,heap        ] GC(2798) ParOldGen: 345149K(345600K)->345149K(345600K)
[987.731s][info][gc,metaspace   ] GC(2798) Metaspace: 35701K(36480K)->35701K(36480K) NonClass: 26486K(27072K)->26486K(27072K) Class: 9215K(9408K)->9215K(9408K)
[987.731s][info][gc             ] GC(2798) Pause Young (Allocation Failure) 618M->337M(641M) 1.332ms
[987.731s][info][gc,cpu         ] GC(2798) User=0.01s Sys=0.00s Real=0.00s
[988.072s][info][gc,start       ] GC(2799) Pause Young (Allocation Failure)
[988.073s][info][gc,heap        ] GC(2799) PSYoungGen: 291392K(311296K)->64K(310784K) Eden: 291328K(291328K)->0K(291328K) From: 64K(19968K)->64K(19456K)
[988.073s][info][gc,heap        ] GC(2799) ParOldGen: 345149K(345600K)->345149K(345600K)
[988.073s][info][gc,metaspace   ] GC(2799) Metaspace: 35701K(36480K)->35701K(36480K) NonClass: 26486K(27072K)->26486K(27072K) Class: 9215K(9408K)->9215K(9408K)
[988.073s][info][gc             ] GC(2799) Pause Young (Allocation Failure) 621M->337M(641M) 1.238ms
[988.073s][info][gc,cpu         ] GC(2799) User=0.00s Sys=0.00s Real=0.00s
[988.122s][info][gc,start       ] GC(2800) Pause Young (Allocation Failure)
[988.123s][info][gc,heap        ] GC(2800) PSYoungGen: 291392K(310784K)->64K(313344K) Eden: 291328K(291328K)->0K(295424K) From: 64K(19456K)->64K(17920K)
[988.123s][info][gc,heap        ] GC(2800) ParOldGen: 345149K(345600K)->345165K(345600K)
[988.123s][info][gc,metaspace   ] GC(2800) Metaspace: 35701K(36480K)->35701K(36480K) NonClass: 26486K(27072K)->26486K(27072K) Class: 9215K(9408K)->9215K(9408K)
[988.123s][info][gc             ] GC(2800) Pause Young (Allocation Failure) 621M->337M(643M) 1.100ms
[988.123s][info][gc,cpu         ] GC(2800) User=0.00s Sys=0.00s Real=0.00s
[988.177s][info][gc,start       ] GC(2801) Pause Young (Allocation Failure)
[988.178s][info][gc,heap        ] GC(2801) PSYoungGen: 295488K(313344K)->64K(312832K) Eden: 295424K(295424K)->0K(295424K) From: 64K(17920K)->64K(17408K)
[988.178s][info][gc,heap        ] GC(2801) ParOldGen: 345165K(345600K)->345165K(345600K)
[988.178s][info][gc,metaspace   ] GC(2801) Metaspace: 35701K(36480K)->35701K(36480K) NonClass: 26486K(27072K)->26486K(27072K) Class: 9215K(9408K)->9215K(9408K)
[988.178s][info][gc             ] GC(2801) Pause Young (Allocation Failure) 625M->337M(643M) 1.143ms
[988.178s][info][gc,cpu         ] GC(2801) User=0.00s Sys=0.00s Real=0.01s
[988.414s][info][gc,start       ] GC(2802) Pause Young (Allocation Failure)
[988.415s][info][gc,heap        ] GC(2802) PSYoungGen: 295488K(312832K)->64K(315392K) Eden: 295424K(295424K)->0K(299520K) From: 64K(17408K)->64K(15872K)
[988.415s][info][gc,heap        ] GC(2802) ParOldGen: 345165K(345600K)->345165K(345600K)
[988.415s][info][gc,metaspace   ] GC(2802) Metaspace: 35701K(36480K)->35701K(36480K) NonClass: 26486K(27072K)->26486K(27072K) Class: 9215K(9408K)->9215K(9408K)
[988.415s][info][gc             ] GC(2802) Pause Young (Allocation Failure) 625M->337M(645M) 1.205ms
[988.415s][info][gc,cpu         ] GC(2802) User=0.01s Sys=0.00s Real=0.00s
[988.641s][info][gc,start       ] GC(2803) Pause Young (Allocation Failure)
[988.642s][info][gc,heap        ] GC(2803) PSYoungGen: 299584K(315392K)->64K(315392K) Eden: 299520K(299520K)->0K(299520K) From: 64K(15872K)->64K(15872K)
[988.642s][info][gc,heap        ] GC(2803) ParOldGen: 345165K(345600K)->345173K(345600K)
[988.642s][info][gc,metaspace   ] GC(2803) Metaspace: 35701K(36480K)->35701K(36480K) NonClass: 26486K(27072K)->26486K(27072K) Class: 9215K(9408K)->9215K(9408K)
[988.642s][info][gc             ] GC(2803) Pause Young (Allocation Failure) 629M->337M(645M) 1.301ms
[988.642s][info][gc,cpu         ] GC(2803) User=0.00s Sys=0.00s Real=0.00s
[988.727s][info][gc,start       ] GC(2804) Pause Young (Allocation Failure)
[988.728s][info][gc,heap        ] GC(2804) PSYoungGen: 299584K(315392K)->64K(316928K) Eden: 299520K(299520K)->0K(303104K) From: 64K(15872K)->64K(13824K)
[988.728s][info][gc,heap        ] GC(2804) ParOldGen: 345173K(345600K)->345181K(345600K)
[988.728s][info][gc,metaspace   ] GC(2804) Metaspace: 35701K(36480K)->35701K(36480K) NonClass: 26486K(27072K)->26486K(27072K) Class: 9215K(9408K)->9215K(9408K)
[988.728s][info][gc             ] GC(2804) Pause Young (Allocation Failure) 629M->337M(647M) 1.201ms
[988.728s][info][gc,cpu         ] GC(2804) User=0.00s Sys=0.00s Real=0.01s
[988.860s][info][gc,start       ] GC(2805) Pause Young (Allocation Failure)
[988.861s][info][gc,heap        ] GC(2805) PSYoungGen: 303168K(316928K)->64K(316928K) Eden: 303104K(303104K)->0K(303104K) From: 64K(13824K)->64K(13824K)
[988.861s][info][gc,heap        ] GC(2805) ParOldGen: 345181K(345600K)->345189K(345600K)
[988.861s][info][gc,metaspace   ] GC(2805) Metaspace: 35701K(36480K)->35701K(36480K) NonClass: 26486K(27072K)->26486K(27072K) Class: 9215K(9408K)->9215K(9408K)
[988.861s][info][gc             ] GC(2805) Pause Young (Allocation Failure) 633M->337M(647M) 1.200ms
[988.861s][info][gc,cpu         ] GC(2805) User=0.00s Sys=0.00s Real=0.00s
[989.270s][info][gc,start       ] GC(2806) Pause Young (Allocation Failure)
[989.271s][info][gc,heap        ] GC(2806) PSYoungGen: 303168K(316928K)->64K(318464K) Eden: 303104K(303104K)->0K(306688K) From: 64K(13824K)->64K(11776K)
[989.271s][info][gc,heap        ] GC(2806) ParOldGen: 345189K(345600K)->345197K(345600K)
[989.271s][info][gc,metaspace   ] GC(2806) Metaspace: 35701K(36480K)->35701K(36480K) NonClass: 26486K(27072K)->26486K(27072K) Class: 9215K(9408K)->9215K(9408K)
[989.271s][info][gc             ] GC(2806) Pause Young (Allocation Failure) 633M->337M(648M) 1.220ms
[989.271s][info][gc,cpu         ] GC(2806) User=0.01s Sys=0.00s Real=0.00s
[990.619s][info][gc,start       ] GC(2807) Pause Young (Allocation Failure)
[990.621s][info][gc,heap        ] GC(2807) PSYoungGen: 306752K(318464K)->64K(294912K) Eden: 306688K(306688K)->0K(294400K) From: 64K(11776K)->64K(512K)
[990.621s][info][gc,heap        ] GC(2807) ParOldGen: 345197K(345600K)->345205K(345600K)
[990.621s][info][gc,metaspace   ] GC(2807) Metaspace: 35701K(36480K)->35701K(36480K) NonClass: 26486K(27072K)->26486K(27072K) Class: 9215K(9408K)->9215K(9408K)
[990.621s][info][gc             ] GC(2807) Pause Young (Allocation Failure) 636M->337M(625M) 1.358ms
[990.621s][info][gc,cpu         ] GC(2807) User=0.00s Sys=0.00s Real=0.00s
[990.895s][info][gc,start       ] GC(2808) Pause Young (Allocation Failure)
[990.896s][info][gc,heap        ] GC(2808) PSYoungGen: 294464K(294912K)->64K(283136K) Eden: 294400K(294400K)->0K(282624K) From: 64K(512K)->64K(512K)
[990.896s][info][gc,heap        ] GC(2808) ParOldGen: 345205K(345600K)->345213K(345600K)
[990.896s][info][gc,metaspace   ] GC(2808) Metaspace: 35701K(36480K)->35701K(36480K) NonClass: 26486K(27072K)->26486K(27072K) Class: 9215K(9408K)->9215K(9408K)
[990.896s][info][gc             ] GC(2808) Pause Young (Allocation Failure) 624M->337M(614M) 1.253ms
[990.896s][info][gc,cpu         ] GC(2808) User=0.01s Sys=0.00s Real=0.00s
[991.370s][info][gc,start       ] GC(2809) Pause Young (Allocation Failure)
[991.371s][info][gc,heap        ] GC(2809) PSYoungGen: 282688K(283136K)->64K(282624K) Eden: 282624K(282624K)->0K(271872K) From: 64K(512K)->64K(10752K)
[991.371s][info][gc,heap        ] GC(2809) ParOldGen: 345213K(345600K)->345221K(345600K)
[991.371s][info][gc,metaspace   ] GC(2809) Metaspace: 35701K(36480K)->35701K(36480K) NonClass: 26486K(27072K)->26486K(27072K) Class: 9215K(9408K)->9215K(9408K)
[991.371s][info][gc             ] GC(2809) Pause Young (Allocation Failure) 613M->337M(613M) 1.199ms
[991.371s][info][gc,cpu         ] GC(2809) User=0.00s Sys=0.00s Real=0.00s
[992.288s][info][gc,start       ] GC(2810) Pause Young (Allocation Failure)
[992.290s][info][gc,heap        ] GC(2810) PSYoungGen: 271936K(282624K)->64K(262144K) Eden: 271872K(271872K)->0K(261632K) From: 64K(10752K)->64K(512K)
[992.290s][info][gc,heap        ] GC(2810) ParOldGen: 345221K(345600K)->345229K(345600K)
[992.290s][info][gc,metaspace   ] GC(2810) Metaspace: 35701K(36480K)->35701K(36480K) NonClass: 26486K(27072K)->26486K(27072K) Class: 9215K(9408K)->9215K(9408K)
[992.290s][info][gc             ] GC(2810) Pause Young (Allocation Failure) 602M->337M(593M) 1.778ms
[992.290s][info][gc,cpu         ] GC(2810) User=0.00s Sys=0.00s Real=0.00s
[992.652s][info][gc,start       ] GC(2811) Pause Young (Allocation Failure)
[992.653s][info][gc,heap        ] GC(2811) PSYoungGen: 261696K(262144K)->64K(260608K) Eden: 261632K(261632K)->0K(251392K) From: 64K(512K)->64K(9216K)
[992.653s][info][gc,heap        ] GC(2811) ParOldGen: 345229K(345600K)->345237K(345600K)
[992.653s][info][gc,metaspace   ] GC(2811) Metaspace: 35701K(36480K)->35701K(36480K) NonClass: 26486K(27072K)->26486K(27072K) Class: 9215K(9408K)->9215K(9408K)
[992.653s][info][gc             ] GC(2811) Pause Young (Allocation Failure) 592M->337M(592M) 1.293ms
[992.653s][info][gc,cpu         ] GC(2811) User=0.00s Sys=0.00s Real=0.00s
[992.726s][info][gc,start       ] GC(2812) Pause Young (Allocation Failure)
[992.729s][info][gc,heap        ] GC(2812) PSYoungGen: 251456K(260608K)->32K(242176K) Eden: 251392K(251392K)->0K(241664K) From: 64K(9216K)->32K(512K)
[992.729s][info][gc,heap        ] GC(2812) ParOldGen: 345237K(345600K)->345245K(345600K)
[992.729s][info][gc,metaspace   ] GC(2812) Metaspace: 35701K(36480K)->35701K(36480K) NonClass: 26486K(27072K)->26486K(27072K) Class: 9215K(9408K)->9215K(9408K)
[992.729s][info][gc             ] GC(2812) Pause Young (Allocation Failure) 582M->337M(574M) 2.474ms
[992.729s][info][gc,cpu         ] GC(2812) User=0.01s Sys=0.00s Real=0.01s
[993.224s][info][gc,start       ] GC(2813) Pause Young (Allocation Failure)
[993.226s][info][gc,heap        ] GC(2813) PSYoungGen: 241696K(242176K)->64K(240640K) Eden: 241664K(241664K)->0K(232448K) From: 32K(512K)->64K(8192K)
[993.226s][info][gc,heap        ] GC(2813) ParOldGen: 345245K(345600K)->345253K(345600K)
[993.226s][info][gc,metaspace   ] GC(2813) Metaspace: 35701K(36480K)->35701K(36480K) NonClass: 26486K(27072K)->26486K(27072K) Class: 9215K(9408K)->9215K(9408K)
[993.226s][info][gc             ] GC(2813) Pause Young (Allocation Failure) 573M->337M(572M) 2.011ms
[993.226s][info][gc,cpu         ] GC(2813) User=0.00s Sys=0.00s Real=0.00s
[993.452s][info][gc,start       ] GC(2814) Pause Young (Allocation Failure)
[993.454s][info][gc,heap        ] GC(2814) PSYoungGen: 232512K(240640K)->32K(224256K) Eden: 232448K(232448K)->0K(223744K) From: 64K(8192K)->32K(512K)
[993.454s][info][gc,heap        ] GC(2814) ParOldGen: 345253K(345600K)->345261K(345600K)
[993.454s][info][gc,metaspace   ] GC(2814) Metaspace: 35701K(36480K)->35701K(36480K) NonClass: 26486K(27072K)->26486K(27072K) Class: 9215K(9408K)->9215K(9408K)
[993.454s][info][gc             ] GC(2814) Pause Young (Allocation Failure) 564M->337M(556M) 2.727ms
[993.454s][info][gc,cpu         ] GC(2814) User=0.00s Sys=0.00s Real=0.00s
[993.784s][info][gc,start       ] GC(2815) Pause Young (Allocation Failure)
[993.807s][info][gc,heap        ] GC(2815) PSYoungGen: 223776K(224256K)->7168K(274432K) Eden: 223744K(223744K)->0K(267264K) From: 32K(512K)->7168K(7168K)
[993.807s][info][gc,heap        ] GC(2815) ParOldGen: 345261K(345600K)->350109K(350208K)
[993.807s][info][gc,metaspace   ] GC(2815) Metaspace: 35701K(36480K)->35701K(36480K) NonClass: 26486K(27072K)->26486K(27072K) Class: 9215K(9408K)->9215K(9408K)
[993.807s][info][gc             ] GC(2815) Pause Young (Allocation Failure) 555M->348M(610M) 23.177ms
[993.807s][info][gc,cpu         ] GC(2815) User=0.04s Sys=0.01s Real=0.02s
[994.113s][info][gc,start       ] GC(2816) Pause Young (Allocation Failure)
[994.174s][info][gc,heap        ] GC(2816) PSYoungGen: 274432K(274432K)->10752K(268288K) Eden: 267264K(267264K)->0K(257536K) From: 7168K(7168K)->10752K(10752K)
[994.174s][info][gc,heap        ] GC(2816) ParOldGen: 350109K(350208K)->369565K(369664K)
[994.174s][info][gc,metaspace   ] GC(2816) Metaspace: 35701K(36480K)->35701K(36480K) NonClass: 26486K(27072K)->26486K(27072K) Class: 9215K(9408K)->9215K(9408K)
[994.174s][info][gc             ] GC(2816) Pause Young (Allocation Failure) 609M->371M(623M) 60.724ms
[994.174s][info][gc,cpu         ] GC(2816) User=0.12s Sys=0.00s Real=0.06s
[994.412s][info][gc,start       ] GC(2817) Pause Young (Allocation Failure)
[994.448s][info][gc,heap        ] GC(2817) PSYoungGen: 268288K(268288K)->20480K(278016K) Eden: 257536K(257536K)->0K(257536K) From: 10752K(10752K)->20480K(20480K)
[994.448s][info][gc,heap        ] GC(2817) ParOldGen: 369565K(369664K)->370149K(370176K)
[994.448s][info][gc,metaspace   ] GC(2817) Metaspace: 35701K(36480K)->35701K(36480K) NonClass: 26486K(27072K)->26486K(27072K) Class: 9215K(9408K)->9215K(9408K)
[994.448s][info][gc             ] GC(2817) Pause Young (Allocation Failure) 622M->381M(633M) 35.993ms
[994.448s][info][gc,cpu         ] GC(2817) User=0.07s Sys=0.00s Real=0.04s
[994.564s][info][gc,start       ] GC(2818) Pause Young (Allocation Failure)
[994.566s][info][gc,heap        ] GC(2818) PSYoungGen: 278016K(278016K)->64K(309760K) Eden: 257536K(257536K)->0K(285184K) From: 20480K(20480K)->64K(24576K)
[994.566s][info][gc,heap        ] GC(2818) ParOldGen: 370149K(370176K)->370157K(370176K)
[994.566s][info][gc,metaspace   ] GC(2818) Metaspace: 35701K(36480K)->35701K(36480K) NonClass: 26486K(27072K)->26486K(27072K) Class: 9215K(9408K)->9215K(9408K)
[994.566s][info][gc             ] GC(2818) Pause Young (Allocation Failure) 632M->361M(664M) 1.322ms
[994.566s][info][gc,cpu         ] GC(2818) User=0.00s Sys=0.00s Real=0.00s
[995.225s][info][gc,start       ] GC(2819) Pause Young (Allocation Failure)
[995.227s][info][gc,heap        ] GC(2819) PSYoungGen: 285248K(309760K)->64K(285696K) Eden: 285184K(285184K)->0K(285184K) From: 64K(24576K)->64K(512K)
[995.227s][info][gc,heap        ] GC(2819) ParOldGen: 370157K(370176K)->370173K(370176K)
[995.227s][info][gc,metaspace   ] GC(2819) Metaspace: 35701K(36480K)->35701K(36480K) NonClass: 26486K(27072K)->26486K(27072K) Class: 9215K(9408K)->9215K(9408K)
[995.227s][info][gc             ] GC(2819) Pause Young (Allocation Failure) 640M->361M(640M) 1.301ms
[995.227s][info][gc,cpu         ] GC(2819) User=0.00s Sys=0.00s Real=0.00s
[995.733s][info][gc,start       ] GC(2820) Pause Young (Allocation Failure)
[995.735s][info][gc,heap        ] GC(2820) PSYoungGen: 285248K(285696K)->64K(308736K) Eden: 285184K(285184K)->0K(285696K) From: 64K(512K)->64K(23040K)
[995.735s][info][gc,heap        ] GC(2820) ParOldGen: 370173K(370176K)->370173K(370176K)
[995.735s][info][gc,metaspace   ] GC(2820) Metaspace: 35701K(36480K)->35701K(36480K) NonClass: 26486K(27072K)->26486K(27072K) Class: 9215K(9408K)->9215K(9408K)
[995.735s][info][gc             ] GC(2820) Pause Young (Allocation Failure) 640M->361M(663M) 1.330ms
[995.735s][info][gc,cpu         ] GC(2820) User=0.01s Sys=0.00s Real=0.00s
[995.968s][info][gc,start       ] GC(2821) Pause Young (Allocation Failure)
[995.970s][info][gc,heap        ] GC(2821) PSYoungGen: 285760K(308736K)->64K(308224K) Eden: 285696K(285696K)->0K(285696K) From: 64K(23040K)->64K(22528K)
[995.970s][info][gc,heap        ] GC(2821) ParOldGen: 370173K(370176K)->370189K(370688K)
[995.970s][info][gc,metaspace   ] GC(2821) Metaspace: 35701K(36480K)->35701K(36480K) NonClass: 26486K(27072K)->26486K(27072K) Class: 9215K(9408K)->9215K(9408K)
[995.970s][info][gc             ] GC(2821) Pause Young (Allocation Failure) 640M->361M(663M) 1.395ms
[995.970s][info][gc,cpu         ] GC(2821) User=0.00s Sys=0.00s Real=0.00s
[996.203s][info][gc,start       ] GC(2822) Pause Young (Allocation Failure)
[996.205s][info][gc,heap        ] GC(2822) PSYoungGen: 285760K(308224K)->64K(310272K) Eden: 285696K(285696K)->0K(289280K) From: 64K(22528K)->64K(20992K)
[996.205s][info][gc,heap        ] GC(2822) ParOldGen: 370189K(370688K)->370189K(370688K)
[996.205s][info][gc,metaspace   ] GC(2822) Metaspace: 35701K(36480K)->35701K(36480K) NonClass: 26486K(27072K)->26486K(27072K) Class: 9215K(9408K)->9215K(9408K)
[996.205s][info][gc             ] GC(2822) Pause Young (Allocation Failure) 640M->361M(665M) 1.506ms
[996.205s][info][gc,cpu         ] GC(2822) User=0.01s Sys=0.00s Real=0.00s
[996.577s][info][gc,start       ] GC(2823) Pause Young (Allocation Failure)
[996.578s][info][gc,heap        ] GC(2823) PSYoungGen: 289344K(310272K)->64K(309760K) Eden: 289280K(289280K)->0K(289280K) From: 64K(20992K)->64K(20480K)
[996.578s][info][gc,heap        ] GC(2823) ParOldGen: 370189K(370688K)->370189K(370688K)
[996.578s][info][gc,metaspace   ] GC(2823) Metaspace: 35701K(36480K)->35701K(36480K) NonClass: 26486K(27072K)->26486K(27072K) Class: 9215K(9408K)->9215K(9408K)
[996.578s][info][gc             ] GC(2823) Pause Young (Allocation Failure) 644M->361M(664M) 1.335ms
[996.578s][info][gc,cpu         ] GC(2823) User=0.00s Sys=0.00s Real=0.01s
[996.628s][info][gc,start       ] GC(2824) Pause Young (Allocation Failure)
[996.629s][info][gc,heap        ] GC(2824) PSYoungGen: 289344K(309760K)->64K(312320K) Eden: 289280K(289280K)->0K(293376K) From: 64K(20480K)->64K(18944K)
[996.629s][info][gc,heap        ] GC(2824) ParOldGen: 370189K(370688K)->370205K(370688K)
[996.629s][info][gc,metaspace   ] GC(2824) Metaspace: 35701K(36480K)->35701K(36480K) NonClass: 26486K(27072K)->26486K(27072K) Class: 9215K(9408K)->9215K(9408K)
[996.629s][info][gc             ] GC(2824) Pause Young (Allocation Failure) 644M->361M(667M) 1.214ms
[996.629s][info][gc,cpu         ] GC(2824) User=0.00s Sys=0.00s Real=0.00s
[996.682s][info][gc,start       ] GC(2825) Pause Young (Allocation Failure)
[996.683s][info][gc,heap        ] GC(2825) PSYoungGen: 293440K(312320K)->64K(311808K) Eden: 293376K(293376K)->0K(293376K) From: 64K(18944K)->64K(18432K)
[996.683s][info][gc,heap        ] GC(2825) ParOldGen: 370205K(370688K)->370205K(370688K)
[996.683s][info][gc,metaspace   ] GC(2825) Metaspace: 35701K(36480K)->35701K(36480K) NonClass: 26486K(27072K)->26486K(27072K) Class: 9215K(9408K)->9215K(9408K)
[996.683s][info][gc             ] GC(2825) Pause Young (Allocation Failure) 648M->361M(666M) 1.254ms
[996.683s][info][gc,cpu         ] GC(2825) User=0.00s Sys=0.00s Real=0.00s
[996.882s][info][gc,start       ] GC(2826) Pause Young (Allocation Failure)
[996.883s][info][gc,heap        ] GC(2826) PSYoungGen: 293440K(311808K)->64K(314368K) Eden: 293376K(293376K)->0K(297472K) From: 64K(18432K)->64K(16896K)
[996.883s][info][gc,heap        ] GC(2826) ParOldGen: 370205K(370688K)->370205K(370688K)
[996.883s][info][gc,metaspace   ] GC(2826) Metaspace: 35701K(36480K)->35701K(36480K) NonClass: 26486K(27072K)->26486K(27072K) Class: 9215K(9408K)->9215K(9408K)
[996.883s][info][gc             ] GC(2826) Pause Young (Allocation Failure) 648M->361M(669M) 1.255ms
[996.883s][info][gc,cpu         ] GC(2826) User=0.00s Sys=0.00s Real=0.00s
[997.114s][info][gc,start       ] GC(2827) Pause Young (Allocation Failure)
[997.115s][info][gc,heap        ] GC(2827) PSYoungGen: 297536K(314368K)->64K(313856K) Eden: 297472K(297472K)->0K(297472K) From: 64K(16896K)->64K(16384K)
[997.115s][info][gc,heap        ] GC(2827) ParOldGen: 370205K(370688K)->370213K(370688K)
[997.115s][info][gc,metaspace   ] GC(2827) Metaspace: 35701K(36480K)->35701K(36480K) NonClass: 26486K(27072K)->26486K(27072K) Class: 9215K(9408K)->9215K(9408K)
[997.115s][info][gc             ] GC(2827) Pause Young (Allocation Failure) 652M->361M(668M) 1.350ms
[997.115s][info][gc,cpu         ] GC(2827) User=0.00s Sys=0.00s Real=0.00s
[997.225s][info][gc,start       ] GC(2828) Pause Young (Allocation Failure)
[997.227s][info][gc,heap        ] GC(2828) PSYoungGen: 297536K(313856K)->64K(316416K) Eden: 297472K(297472K)->0K(301568K) From: 64K(16384K)->64K(14848K)
[997.227s][info][gc,heap        ] GC(2828) ParOldGen: 370213K(370688K)->370221K(370688K)
[997.227s][info][gc,metaspace   ] GC(2828) Metaspace: 35701K(36480K)->35701K(36480K) NonClass: 26486K(27072K)->26486K(27072K) Class: 9215K(9408K)->9215K(9408K)
[997.227s][info][gc             ] GC(2828) Pause Young (Allocation Failure) 652M->361M(671M) 1.270ms
[997.227s][info][gc,cpu         ] GC(2828) User=0.00s Sys=0.00s Real=0.00s
[997.341s][info][gc,start       ] GC(2829) Pause Young (Allocation Failure)
[997.342s][info][gc,heap        ] GC(2829) PSYoungGen: 301632K(316416K)->64K(315904K) Eden: 301568K(301568K)->0K(301568K) From: 64K(14848K)->64K(14336K)
[997.342s][info][gc,heap        ] GC(2829) ParOldGen: 370221K(370688K)->370229K(370688K)
[997.342s][info][gc,metaspace   ] GC(2829) Metaspace: 35701K(36480K)->35701K(36480K) NonClass: 26486K(27072K)->26486K(27072K) Class: 9215K(9408K)->9215K(9408K)
[997.342s][info][gc             ] GC(2829) Pause Young (Allocation Failure) 656M->361M(670M) 1.243ms
[997.342s][info][gc,cpu         ] GC(2829) User=0.00s Sys=0.00s Real=0.00s
[997.698s][info][gc,start       ] GC(2830) Pause Young (Allocation Failure)
[997.700s][info][gc,heap        ] GC(2830) PSYoungGen: 301632K(315904K)->64K(318464K) Eden: 301568K(301568K)->0K(305664K) From: 64K(14336K)->64K(12800K)
[997.700s][info][gc,heap        ] GC(2830) ParOldGen: 370229K(370688K)->370237K(370688K)
[997.700s][info][gc,metaspace   ] GC(2830) Metaspace: 35701K(36480K)->35701K(36480K) NonClass: 26486K(27072K)->26486K(27072K) Class: 9215K(9408K)->9215K(9408K)
[997.700s][info][gc             ] GC(2830) Pause Young (Allocation Failure) 656M->361M(673M) 1.271ms
[997.700s][info][gc,cpu         ] GC(2830) User=0.00s Sys=0.00s Real=0.00s
[998.375s][info][gc,start       ] GC(2831) Pause Young (Allocation Failure)
[998.376s][info][gc,heap        ] GC(2831) PSYoungGen: 305728K(318464K)->83K(293888K) Eden: 305664K(305664K)->0K(293376K) From: 64K(12800K)->83K(512K)
[998.376s][info][gc,heap        ] GC(2831) ParOldGen: 370237K(370688K)->370245K(370688K)
[998.376s][info][gc,metaspace   ] GC(2831) Metaspace: 35701K(36480K)->35701K(36480K) NonClass: 26486K(27072K)->26486K(27072K) Class: 9215K(9408K)->9215K(9408K)
[998.376s][info][gc             ] GC(2831) Pause Young (Allocation Failure) 660M->361M(649M) 1.492ms
[998.376s][info][gc,cpu         ] GC(2831) User=0.00s Sys=0.00s Real=0.00s
[999.298s][info][gc,start       ] GC(2832) Pause Young (Allocation Failure)
[999.299s][info][gc,heap        ] GC(2832) PSYoungGen: 293459K(293888K)->64K(282624K) Eden: 293376K(293376K)->0K(282112K) From: 83K(512K)->64K(512K)
[999.300s][info][gc,heap        ] GC(2832) ParOldGen: 370245K(370688K)->370253K(370688K)
[999.300s][info][gc,metaspace   ] GC(2832) Metaspace: 35701K(36480K)->35701K(36480K) NonClass: 26486K(27072K)->26486K(27072K) Class: 9215K(9408K)->9215K(9408K)
[999.300s][info][gc             ] GC(2832) Pause Young (Allocation Failure) 648M->361M(638M) 1.312ms
[999.300s][info][gc,cpu         ] GC(2832) User=0.00s Sys=0.00s Real=0.00s
[999.772s][info][gc,start       ] GC(2833) Pause Young (Allocation Failure)
[999.773s][info][gc,heap        ] GC(2833) PSYoungGen: 282176K(282624K)->64K(282624K) Eden: 282112K(282112K)->0K(271360K) From: 64K(512K)->64K(11264K)
[999.773s][info][gc,heap        ] GC(2833) ParOldGen: 370253K(370688K)->370261K(370688K)
[999.773s][info][gc,metaspace   ] GC(2833) Metaspace: 35701K(36480K)->35701K(36480K) NonClass: 26486K(27072K)->26486K(27072K) Class: 9215K(9408K)->9215K(9408K)
[999.773s][info][gc             ] GC(2833) Pause Young (Allocation Failure) 637M->361M(638M) 1.230ms
[999.773s][info][gc,cpu         ] GC(2833) User=0.00s Sys=0.01s Real=0.00s
[1000.759s][info][gc,start       ] GC(2834) Pause Young (Allocation Failure)
[1000.761s][info][gc,heap        ] GC(2834) PSYoungGen: 271424K(282624K)->64K(261632K) Eden: 271360K(271360K)->0K(261120K) From: 64K(11264K)->64K(512K)
[1000.761s][info][gc,heap        ] GC(2834) ParOldGen: 370261K(370688K)->370269K(370688K)
[1000.761s][info][gc,metaspace   ] GC(2834) Metaspace: 35701K(36480K)->35701K(36480K) NonClass: 26486K(27072K)->26486K(27072K) Class: 9215K(9408K)->9215K(9408K)
[1000.761s][info][gc             ] GC(2834) Pause Young (Allocation Failure) 626M->361M(617M) 1.922ms
[1000.761s][info][gc,cpu         ] GC(2834) User=0.01s Sys=0.00s Real=0.00s
[1001.095s][info][gc,start       ] GC(2835) Pause Young (Allocation Failure)
[1001.096s][info][gc,heap        ] GC(2835) PSYoungGen: 261184K(261632K)->64K(261120K) Eden: 261120K(261120K)->0K(251392K) From: 64K(512K)->64K(9728K)
[1001.096s][info][gc,heap        ] GC(2835) ParOldGen: 370269K(370688K)->370277K(370688K)
[1001.096s][info][gc,metaspace   ] GC(2835) Metaspace: 35701K(36480K)->35701K(36480K) NonClass: 26486K(27072K)->26486K(27072K) Class: 9215K(9408K)->9215K(9408K)
[1001.096s][info][gc             ] GC(2835) Pause Young (Allocation Failure) 616M->361M(617M) 1.273ms
[1001.096s][info][gc,cpu         ] GC(2835) User=0.00s Sys=0.00s Real=0.00s
[1001.219s][info][gc,start       ] GC(2836) Pause Young (Allocation Failure)
[1001.220s][info][gc,heap        ] GC(2836) PSYoungGen: 251456K(261120K)->64K(242176K) Eden: 251392K(251392K)->0K(241664K) From: 64K(9728K)->64K(512K)
[1001.220s][info][gc,heap        ] GC(2836) ParOldGen: 370277K(370688K)->370285K(370688K)
[1001.220s][info][gc,metaspace   ] GC(2836) Metaspace: 35701K(36480K)->35701K(36480K) NonClass: 26486K(27072K)->26486K(27072K) Class: 9215K(9408K)->9215K(9408K)
[1001.220s][info][gc             ] GC(2836) Pause Young (Allocation Failure) 607M->361M(598M) 1.734ms
[1001.220s][info][gc,cpu         ] GC(2836) User=0.00s Sys=0.00s Real=0.00s
[1001.575s][info][gc,start       ] GC(2837) Pause Young (Allocation Failure)
[1001.577s][info][gc,heap        ] GC(2837) PSYoungGen: 241728K(242176K)->64K(241152K) Eden: 241664K(241664K)->0K(232448K) From: 64K(512K)->64K(8704K)
[1001.577s][info][gc,heap        ] GC(2837) ParOldGen: 370285K(370688K)->370301K(370688K)
[1001.577s][info][gc,metaspace   ] GC(2837) Metaspace: 35701K(36480K)->35701K(36480K) NonClass: 26486K(27072K)->26486K(27072K) Class: 9215K(9408K)->9215K(9408K)
[1001.577s][info][gc             ] GC(2837) Pause Young (Allocation Failure) 597M->361M(597M) 2.256ms
[1001.577s][info][gc,cpu         ] GC(2837) User=0.00s Sys=0.00s Real=0.01s
[1001.873s][info][gc,start       ] GC(2838) Pause Young (Allocation Failure)
[1001.875s][info][gc,heap        ] GC(2838) PSYoungGen: 232512K(241152K)->64K(224256K) Eden: 232448K(232448K)->0K(223744K) From: 64K(8704K)->64K(512K)
[1001.875s][info][gc,heap        ] GC(2838) ParOldGen: 370301K(370688K)->370317K(370688K)
[1001.875s][info][gc,metaspace   ] GC(2838) Metaspace: 35701K(36480K)->35701K(36480K) NonClass: 26486K(27072K)->26486K(27072K) Class: 9215K(9408K)->9215K(9408K)
[1001.875s][info][gc             ] GC(2838) Pause Young (Allocation Failure) 588M->361M(581M) 2.663ms
[1001.875s][info][gc,cpu         ] GC(2838) User=0.00s Sys=0.00s Real=0.00s
[1002.230s][info][gc,start       ] GC(2839) Pause Young (Allocation Failure)
[1002.241s][info][gc,heap        ] GC(2839) PSYoungGen: 223808K(224256K)->4224K(269824K) Eden: 223744K(223744K)->0K(265216K) From: 64K(512K)->4224K(4608K)
[1002.241s][info][gc,heap        ] GC(2839) ParOldGen: 370317K(370688K)->370333K(370688K)
[1002.241s][info][gc,metaspace   ] GC(2839) Metaspace: 35701K(36480K)->35701K(36480K) NonClass: 26486K(27072K)->26486K(27072K) Class: 9215K(9408K)->9215K(9408K)
[1002.241s][info][gc             ] GC(2839) Pause Young (Allocation Failure) 580M->365M(625M) 10.571ms
[1002.241s][info][gc,cpu         ] GC(2839) User=0.01s Sys=0.00s Real=0.01s
[1002.547s][info][gc,start       ] GC(2840) Pause Young (Allocation Failure)
[1002.621s][info][gc,heap        ] GC(2840) PSYoungGen: 269440K(269824K)->8192K(264192K) Eden: 265216K(265216K)->0K(256000K) From: 4224K(4608K)->8192K(8192K)
[1002.621s][info][gc,heap        ] GC(2840) ParOldGen: 370333K(370688K)->391989K(392192K)
[1002.621s][info][gc,metaspace   ] GC(2840) Metaspace: 35701K(36480K)->35701K(36480K) NonClass: 26486K(27072K)->26486K(27072K) Class: 9215K(9408K)->9215K(9408K)
[1002.621s][info][gc             ] GC(2840) Pause Young (Allocation Failure) 624M->390M(641M) 74.428ms
[1002.621s][info][gc,cpu         ] GC(2840) User=0.10s Sys=0.01s Real=0.07s
[1002.918s][info][gc,start       ] GC(2841) Pause Young (Allocation Failure)
[1002.972s][info][gc,heap        ] GC(2841) PSYoungGen: 264192K(264192K)->17920K(273920K) Eden: 256000K(256000K)->0K(256000K) From: 8192K(8192K)->17920K(17920K)
[1002.972s][info][gc,heap        ] GC(2841) ParOldGen: 391989K(392192K)->403245K(403456K)
[1002.972s][info][gc,metaspace   ] GC(2841) Metaspace: 35701K(36480K)->35701K(36480K) NonClass: 26486K(27072K)->26486K(27072K) Class: 9215K(9408K)->9215K(9408K)
[1002.972s][info][gc             ] GC(2841) Pause Young (Allocation Failure) 640M->411M(661M) 54.776ms
[1002.972s][info][gc,cpu         ] GC(2841) User=0.10s Sys=0.01s Real=0.05s
[1003.044s][info][gc,start       ] GC(2842) Pause Young (Allocation Failure)
[1003.049s][info][gc,heap        ] GC(2842) PSYoungGen: 273920K(273920K)->64K(308736K) Eden: 256000K(256000K)->0K(282624K) From: 17920K(17920K)->64K(26112K)
[1003.049s][info][gc,heap        ] GC(2842) ParOldGen: 403245K(403456K)->403541K(403968K)
[1003.049s][info][gc,metaspace   ] GC(2842) Metaspace: 35701K(36480K)->35701K(36480K) NonClass: 26486K(27072K)->26486K(27072K) Class: 9215K(9408K)->9215K(9408K)
[1003.049s][info][gc             ] GC(2842) Pause Young (Allocation Failure) 661M->394M(696M) 4.840ms
[1003.049s][info][gc,cpu         ] GC(2842) User=0.00s Sys=0.00s Real=0.01s
[1003.591s][info][gc,start       ] GC(2843) Pause Young (Allocation Failure)
[1003.594s][info][gc,heap        ] GC(2843) PSYoungGen: 282688K(308736K)->32K(283136K) Eden: 282624K(282624K)->0K(282624K) From: 64K(26112K)->32K(512K)
[1003.594s][info][gc,heap        ] GC(2843) ParOldGen: 403541K(403968K)->403549K(403968K)
[1003.594s][info][gc,metaspace   ] GC(2843) Metaspace: 35701K(36480K)->35701K(36480K) NonClass: 26486K(27072K)->26486K(27072K) Class: 9215K(9408K)->9215K(9408K)
[1003.594s][info][gc             ] GC(2843) Pause Young (Allocation Failure) 670M->394M(671M) 2.819ms
[1003.594s][info][gc,cpu         ] GC(2843) User=0.00s Sys=0.00s Real=0.00s
[1003.999s][info][gc,start       ] GC(2844) Pause Young (Allocation Failure)
[1004.002s][info][gc,heap        ] GC(2844) PSYoungGen: 282656K(283136K)->64K(307712K) Eden: 282624K(282624K)->0K(283648K) From: 32K(512K)->64K(24064K)
[1004.002s][info][gc,heap        ] GC(2844) ParOldGen: 403549K(403968K)->403557K(403968K)
[1004.002s][info][gc,metaspace   ] GC(2844) Metaspace: 35701K(36480K)->35701K(36480K) NonClass: 26486K(27072K)->26486K(27072K) Class: 9215K(9408K)->9215K(9408K)
[1004.002s][info][gc             ] GC(2844) Pause Young (Allocation Failure) 670M->394M(695M) 2.758ms
[1004.002s][info][gc,cpu         ] GC(2844) User=0.00s Sys=0.00s Real=0.00s
[1004.448s][info][gc,start       ] GC(2845) Pause Young (Allocation Failure)
[1004.450s][info][gc,heap        ] GC(2845) PSYoungGen: 283712K(307712K)->64K(306688K) Eden: 283648K(283648K)->0K(283648K) From: 64K(24064K)->64K(23040K)
[1004.450s][info][gc,heap        ] GC(2845) ParOldGen: 403557K(403968K)->403573K(403968K)
[1004.450s][info][gc,metaspace   ] GC(2845) Metaspace: 35701K(36480K)->35701K(36480K) NonClass: 26486K(27072K)->26486K(27072K) Class: 9215K(9408K)->9215K(9408K)
[1004.450s][info][gc             ] GC(2845) Pause Young (Allocation Failure) 671M->394M(694M) 1.787ms
[1004.450s][info][gc,cpu         ] GC(2845) User=0.00s Sys=0.00s Real=0.00s
[1004.682s][info][gc,start       ] GC(2846) Pause Young (Allocation Failure)
[1004.683s][info][gc,heap        ] GC(2846) PSYoungGen: 283712K(306688K)->64K(309760K) Eden: 283648K(283648K)->0K(287744K) From: 64K(23040K)->64K(22016K)
[1004.683s][info][gc,heap        ] GC(2846) ParOldGen: 403573K(403968K)->403589K(403968K)
[1004.683s][info][gc,metaspace   ] GC(2846) Metaspace: 35701K(36480K)->35701K(36480K) NonClass: 26486K(27072K)->26486K(27072K) Class: 9215K(9408K)->9215K(9408K)
[1004.683s][info][gc             ] GC(2846) Pause Young (Allocation Failure) 671M->394M(697M) 1.278ms
[1004.683s][info][gc,cpu         ] GC(2846) User=0.00s Sys=0.00s Real=0.00s
[1005.040s][info][gc,start       ] GC(2847) Pause Young (Allocation Failure)
[1005.041s][info][gc,heap        ] GC(2847) PSYoungGen: 287808K(309760K)->64K(308736K) Eden: 287744K(287744K)->0K(287744K) From: 64K(22016K)->64K(20992K)
[1005.041s][info][gc,heap        ] GC(2847) ParOldGen: 403589K(403968K)->403589K(403968K)
[1005.041s][info][gc,metaspace   ] GC(2847) Metaspace: 35701K(36480K)->35701K(36480K) NonClass: 26486K(27072K)->26486K(27072K) Class: 9215K(9408K)->9215K(9408K)
[1005.041s][info][gc             ] GC(2847) Pause Young (Allocation Failure) 675M->394M(696M) 1.371ms
[1005.041s][info][gc,cpu         ] GC(2847) User=0.01s Sys=0.00s Real=0.00s
[1005.160s][info][gc,start       ] GC(2848) Pause Young (Allocation Failure)
[1005.162s][info][gc,heap        ] GC(2848) PSYoungGen: 287808K(308736K)->64K(311808K) Eden: 287744K(287744K)->0K(291840K) From: 64K(20992K)->64K(19968K)
[1005.162s][info][gc,heap        ] GC(2848) ParOldGen: 403589K(403968K)->403597K(403968K)
[1005.162s][info][gc,metaspace   ] GC(2848) Metaspace: 35701K(36480K)->35701K(36480K) NonClass: 26486K(27072K)->26486K(27072K) Class: 9215K(9408K)->9215K(9408K)
[1005.162s][info][gc             ] GC(2848) Pause Young (Allocation Failure) 675M->394M(699M) 1.231ms
[1005.162s][info][gc,cpu         ] GC(2848) User=0.00s Sys=0.00s Real=0.00s
[1005.213s][info][gc,start       ] GC(2849) Pause Young (Allocation Failure)
[1005.215s][info][gc,heap        ] GC(2849) PSYoungGen: 291904K(311808K)->64K(310784K) Eden: 291840K(291840K)->0K(291840K) From: 64K(19968K)->64K(18944K)
[1005.215s][info][gc,heap        ] GC(2849) ParOldGen: 403597K(403968K)->403613K(403968K)
[1005.215s][info][gc,metaspace   ] GC(2849) Metaspace: 35701K(36480K)->35701K(36480K) NonClass: 26486K(27072K)->26486K(27072K) Class: 9215K(9408K)->9215K(9408K)
[1005.215s][info][gc             ] GC(2849) Pause Young (Allocation Failure) 679M->394M(698M) 1.254ms
[1005.215s][info][gc,cpu         ] GC(2849) User=0.01s Sys=0.00s Real=0.00s
[1005.357s][info][gc,start       ] GC(2850) Pause Young (Allocation Failure)
[1005.358s][info][gc,heap        ] GC(2850) PSYoungGen: 291904K(310784K)->64K(313856K) Eden: 291840K(291840K)->0K(295936K) From: 64K(18944K)->64K(17920K)
[1005.358s][info][gc,heap        ] GC(2850) ParOldGen: 403613K(403968K)->403613K(403968K)
[1005.358s][info][gc,metaspace   ] GC(2850) Metaspace: 35701K(36480K)->35701K(36480K) NonClass: 26486K(27072K)->26486K(27072K) Class: 9215K(9408K)->9215K(9408K)
[1005.358s][info][gc             ] GC(2850) Pause Young (Allocation Failure) 679M->394M(701M) 1.371ms
[1005.359s][info][gc,cpu         ] GC(2850) User=0.00s Sys=0.00s Real=0.00s
[1005.600s][info][gc,start       ] GC(2851) Pause Young (Allocation Failure)
[1005.602s][info][gc,heap        ] GC(2851) PSYoungGen: 296000K(313856K)->64K(312832K) Eden: 295936K(295936K)->0K(295936K) From: 64K(17920K)->64K(16896K)
[1005.602s][info][gc,heap        ] GC(2851) ParOldGen: 403613K(403968K)->403621K(403968K)
[1005.602s][info][gc,metaspace   ] GC(2851) Metaspace: 35701K(36480K)->35701K(36480K) NonClass: 26486K(27072K)->26486K(27072K) Class: 9215K(9408K)->9215K(9408K)
[1005.602s][info][gc             ] GC(2851) Pause Young (Allocation Failure) 683M->394M(700M) 1.290ms
[1005.602s][info][gc,cpu         ] GC(2851) User=0.00s Sys=0.00s Real=0.00s
[1005.750s][info][gc,start       ] GC(2852) Pause Young (Allocation Failure)
[1005.751s][info][gc,heap        ] GC(2852) PSYoungGen: 296000K(312832K)->64K(315904K) Eden: 295936K(295936K)->0K(300032K) From: 64K(16896K)->64K(15872K)
[1005.751s][info][gc,heap        ] GC(2852) ParOldGen: 403621K(403968K)->403629K(403968K)
[1005.751s][info][gc,metaspace   ] GC(2852) Metaspace: 35701K(36480K)->35701K(36480K) NonClass: 26486K(27072K)->26486K(27072K) Class: 9215K(9408K)->9215K(9408K)
[1005.751s][info][gc             ] GC(2852) Pause Young (Allocation Failure) 683M->394M(703M) 1.355ms
[1005.751s][info][gc,cpu         ] GC(2852) User=0.00s Sys=0.00s Real=0.00s
[1005.842s][info][gc,start       ] GC(2853) Pause Young (Allocation Failure)
[1005.843s][info][gc,heap        ] GC(2853) PSYoungGen: 300096K(315904K)->64K(314880K) Eden: 300032K(300032K)->0K(300032K) From: 64K(15872K)->64K(14848K)
[1005.843s][info][gc,heap        ] GC(2853) ParOldGen: 403629K(403968K)->403637K(403968K)
[1005.843s][info][gc,metaspace   ] GC(2853) Metaspace: 35701K(36480K)->35701K(36480K) NonClass: 26486K(27072K)->26486K(27072K) Class: 9215K(9408K)->9215K(9408K)
[1005.843s][info][gc             ] GC(2853) Pause Young (Allocation Failure) 687M->394M(702M) 1.300ms
[1005.843s][info][gc,cpu         ] GC(2853) User=0.00s Sys=0.00s Real=0.00s
[1006.011s][info][gc,start       ] GC(2854) Pause Young (Allocation Failure)
[1006.012s][info][gc,heap        ] GC(2854) PSYoungGen: 300096K(314880K)->64K(317440K) Eden: 300032K(300032K)->0K(303616K) From: 64K(14848K)->64K(13824K)
[1006.012s][info][gc,heap        ] GC(2854) ParOldGen: 403637K(403968K)->403645K(403968K)
[1006.012s][info][gc,metaspace   ] GC(2854) Metaspace: 35701K(36480K)->35701K(36480K) NonClass: 26486K(27072K)->26486K(27072K) Class: 9215K(9408K)->9215K(9408K)
[1006.012s][info][gc             ] GC(2854) Pause Young (Allocation Failure) 687M->394M(704M) 1.298ms
[1006.012s][info][gc,cpu         ] GC(2854) User=0.00s Sys=0.00s Real=0.00s
[1006.897s][info][gc,start       ] GC(2855) Pause Young (Allocation Failure)
[1006.898s][info][gc,heap        ] GC(2855) PSYoungGen: 303680K(317440K)->64K(292352K) Eden: 303616K(303616K)->0K(291840K) From: 64K(13824K)->64K(512K)
[1006.898s][info][gc,heap        ] GC(2855) ParOldGen: 403645K(403968K)->403653K(403968K)
[1006.898s][info][gc,metaspace   ] GC(2855) Metaspace: 35701K(36480K)->35701K(36480K) NonClass: 26486K(27072K)->26486K(27072K) Class: 9215K(9408K)->9215K(9408K)
[1006.898s][info][gc             ] GC(2855) Pause Young (Allocation Failure) 690M->394M(680M) 1.432ms
[1006.898s][info][gc,cpu         ] GC(2855) User=0.00s Sys=0.00s Real=0.01s
[1007.752s][info][gc,start       ] GC(2856) Pause Young (Allocation Failure)
[1007.753s][info][gc,heap        ] GC(2856) PSYoungGen: 291904K(292352K)->64K(281088K) Eden: 291840K(291840K)->0K(280576K) From: 64K(512K)->64K(512K)
[1007.753s][info][gc,heap        ] GC(2856) ParOldGen: 403653K(403968K)->403661K(403968K)
[1007.753s][info][gc,metaspace   ] GC(2856) Metaspace: 35701K(36480K)->35701K(36480K) NonClass: 26486K(27072K)->26486K(27072K) Class: 9215K(9408K)->9215K(9408K)
[1007.753s][info][gc             ] GC(2856) Pause Young (Allocation Failure) 679M->394M(669M) 1.528ms
[1007.753s][info][gc,cpu         ] GC(2856) User=0.00s Sys=0.00s Real=0.00s
[1008.183s][info][gc,start       ] GC(2857) Pause Young (Allocation Failure)
[1008.185s][info][gc,heap        ] GC(2857) PSYoungGen: 280640K(281088K)->64K(281600K) Eden: 280576K(280576K)->0K(269824K) From: 64K(512K)->64K(11776K)
[1008.185s][info][gc,heap        ] GC(2857) ParOldGen: 403661K(403968K)->403669K(403968K)
[1008.185s][info][gc,metaspace   ] GC(2857) Metaspace: 35701K(36480K)->35701K(36480K) NonClass: 26486K(27072K)->26486K(27072K) Class: 9215K(9408K)->9215K(9408K)
[1008.185s][info][gc             ] GC(2857) Pause Young (Allocation Failure) 668M->394M(669M) 1.442ms
[1008.185s][info][gc,cpu         ] GC(2857) User=0.00s Sys=0.00s Real=0.00s
[1009.168s][info][gc,start       ] GC(2858) Pause Young (Allocation Failure)
[1009.170s][info][gc,heap        ] GC(2858) PSYoungGen: 269888K(281600K)->64K(260096K) Eden: 269824K(269824K)->0K(259584K) From: 64K(11776K)->64K(512K)
[1009.170s][info][gc,heap        ] GC(2858) ParOldGen: 403669K(403968K)->403677K(403968K)
[1009.170s][info][gc,metaspace   ] GC(2858) Metaspace: 35701K(36480K)->35701K(36480K) NonClass: 26486K(27072K)->26486K(27072K) Class: 9215K(9408K)->9215K(9408K)
[1009.170s][info][gc             ] GC(2858) Pause Young (Allocation Failure) 657M->394M(648M) 1.804ms
[1009.170s][info][gc,cpu         ] GC(2858) User=0.00s Sys=0.00s Real=0.00s
[1009.551s][info][gc,start       ] GC(2859) Pause Young (Allocation Failure)
[1009.553s][info][gc,heap        ] GC(2859) PSYoungGen: 259648K(260096K)->64K(260096K) Eden: 259584K(259584K)->0K(249856K) From: 64K(512K)->64K(10240K)
[1009.553s][info][gc,heap        ] GC(2859) ParOldGen: 403677K(403968K)->403685K(403968K)
[1009.553s][info][gc,metaspace   ] GC(2859) Metaspace: 35701K(36480K)->35701K(36480K) NonClass: 26486K(27072K)->26486K(27072K) Class: 9215K(9408K)->9215K(9408K)
[1009.553s][info][gc             ] GC(2859) Pause Young (Allocation Failure) 647M->394M(648M) 2.323ms
[1009.553s][info][gc,cpu         ] GC(2859) User=0.01s Sys=0.00s Real=0.00s
[1009.721s][info][gc,start       ] GC(2860) Pause Young (Allocation Failure)
[1009.724s][info][gc,heap        ] GC(2860) PSYoungGen: 249920K(260096K)->64K(241152K) Eden: 249856K(249856K)->0K(240640K) From: 64K(10240K)->64K(512K)
[1009.724s][info][gc,heap        ] GC(2860) ParOldGen: 403685K(403968K)->403701K(403968K)
[1009.724s][info][gc,metaspace   ] GC(2860) Metaspace: 35701K(36480K)->35701K(36480K) NonClass: 26486K(27072K)->26486K(27072K) Class: 9215K(9408K)->9215K(9408K)
[1009.724s][info][gc             ] GC(2860) Pause Young (Allocation Failure) 638M->394M(630M) 2.790ms
[1009.724s][info][gc,cpu         ] GC(2860) User=0.00s Sys=0.00s Real=0.00s
[1009.837s][info][gc,start       ] GC(2861) Pause Young (Allocation Failure)
[1009.838s][info][gc,heap        ] GC(2861) PSYoungGen: 240704K(241152K)->64K(240128K) Eden: 240640K(240640K)->0K(231424K) From: 64K(512K)->64K(8704K)
[1009.838s][info][gc,heap        ] GC(2861) ParOldGen: 403701K(403968K)->403709K(403968K)
[1009.838s][info][gc,metaspace   ] GC(2861) Metaspace: 35701K(36480K)->35701K(36480K) NonClass: 26486K(27072K)->26486K(27072K) Class: 9215K(9408K)->9215K(9408K)
[1009.838s][info][gc             ] GC(2861) Pause Young (Allocation Failure) 629M->394M(629M) 1.531ms
[1009.838s][info][gc,cpu         ] GC(2861) User=0.00s Sys=0.00s Real=0.01s
[1010.365s][info][gc,start       ] GC(2862) Pause Young (Allocation Failure)
[1010.366s][info][gc,heap        ] GC(2862) PSYoungGen: 231488K(240128K)->64K(223232K) Eden: 231424K(231424K)->0K(222720K) From: 64K(8704K)->64K(512K)
[1010.366s][info][gc,heap        ] GC(2862) ParOldGen: 403709K(403968K)->403717K(403968K)
[1010.366s][info][gc,metaspace   ] GC(2862) Metaspace: 35701K(36480K)->35701K(36480K) NonClass: 26486K(27072K)->26486K(27072K) Class: 9215K(9408K)->9215K(9408K)
[1010.366s][info][gc             ] GC(2862) Pause Young (Allocation Failure) 620M->394M(612M) 1.728ms
[1010.366s][info][gc,cpu         ] GC(2862) User=0.00s Sys=0.00s Real=0.00s
[1010.575s][info][gc,start       ] GC(2863) Pause Young (Allocation Failure)
[1010.576s][info][gc,heap        ] GC(2863) PSYoungGen: 222784K(223232K)->64K(222208K) Eden: 222720K(222720K)->0K(214528K) From: 64K(512K)->64K(7680K)
[1010.576s][info][gc,heap        ] GC(2863) ParOldGen: 403717K(403968K)->403725K(403968K)
[1010.576s][info][gc,metaspace   ] GC(2863) Metaspace: 35701K(36480K)->35701K(36480K) NonClass: 26486K(27072K)->26486K(27072K) Class: 9215K(9408K)->9215K(9408K)
[1010.576s][info][gc             ] GC(2863) Pause Young (Allocation Failure) 611M->394M(611M) 1.221ms
[1010.576s][info][gc,cpu         ] GC(2863) User=0.00s Sys=0.00s Real=0.00s
[1010.881s][info][gc,start       ] GC(2864) Pause Young (Allocation Failure)
[1010.910s][info][gc,heap        ] GC(2864) PSYoungGen: 214592K(222208K)->7168K(263168K) Eden: 214528K(214528K)->0K(256000K) From: 64K(7680K)->7168K(7168K)
[1010.910s][info][gc,heap        ] GC(2864) ParOldGen: 403725K(403968K)->412653K(412672K)
[1010.910s][info][gc,metaspace   ] GC(2864) Metaspace: 35701K(36480K)->35701K(36480K) NonClass: 26486K(27072K)->26486K(27072K) Class: 9215K(9408K)->9215K(9408K)
[1010.910s][info][gc             ] GC(2864) Pause Young (Allocation Failure) 603M->409M(660M) 29.029ms
[1010.910s][info][gc,cpu         ] GC(2864) User=0.05s Sys=0.01s Real=0.03s
[1011.206s][info][gc,start       ] GC(2865) Pause Young (Allocation Failure)
[1011.261s][info][gc,heap        ] GC(2865) PSYoungGen: 263168K(263168K)->12288K(268288K) Eden: 256000K(256000K)->0K(256000K) From: 7168K(7168K)->12288K(12288K)
[1011.261s][info][gc,heap        ] GC(2865) ParOldGen: 412653K(412672K)->429405K(429568K)
[1011.261s][info][gc,metaspace   ] GC(2865) Metaspace: 35701K(36480K)->35701K(36480K) NonClass: 26486K(27072K)->26486K(27072K) Class: 9215K(9408K)->9215K(9408K)
[1011.261s][info][gc             ] GC(2865) Pause Young (Allocation Failure) 659M->431M(681M) 55.254ms
[1011.261s][info][gc,cpu         ] GC(2865) User=0.10s Sys=0.01s Real=0.06s
[1011.468s][info][gc,start       ] GC(2866) Pause Young (Allocation Failure)
[1011.507s][info][gc,heap        ] GC(2866) PSYoungGen: 268288K(268288K)->17760K(306688K) Eden: 256000K(256000K)->0K(285696K) From: 12288K(12288K)->17760K(20992K)
[1011.507s][info][gc,heap        ] GC(2866) ParOldGen: 429405K(429568K)->429853K(430080K)
[1011.507s][info][gc,metaspace   ] GC(2866) Metaspace: 35701K(36480K)->35701K(36480K) NonClass: 26486K(27072K)->26486K(27072K) Class: 9215K(9408K)->9215K(9408K)
[1011.508s][info][gc             ] GC(2866) Pause Young (Allocation Failure) 681M->437M(719M) 39.107ms
[1011.508s][info][gc,cpu         ] GC(2866) User=0.07s Sys=0.01s Real=0.04s
[1011.742s][info][gc,start       ] GC(2867) Pause Young (Allocation Failure)
[1011.743s][info][gc,heap        ] GC(2867) PSYoungGen: 303456K(306688K)->64K(309760K) Eden: 285696K(285696K)->0K(285696K) From: 17760K(20992K)->64K(24064K)
[1011.743s][info][gc,heap        ] GC(2867) ParOldGen: 429853K(430080K)->429861K(430080K)
[1011.743s][info][gc,metaspace   ] GC(2867) Metaspace: 35701K(36480K)->35701K(36480K) NonClass: 26486K(27072K)->26486K(27072K) Class: 9215K(9408K)->9215K(9408K)
[1011.743s][info][gc             ] GC(2867) Pause Young (Allocation Failure) 716M->419M(722M) 1.535ms
[1011.743s][info][gc,cpu         ] GC(2867) User=0.00s Sys=0.01s Real=0.00s
[1012.360s][info][gc,start       ] GC(2868) Pause Young (Allocation Failure)
[1012.362s][info][gc,heap        ] GC(2868) PSYoungGen: 285760K(309760K)->64K(307200K) Eden: 285696K(285696K)->0K(286208K) From: 64K(24064K)->64K(20992K)
[1012.362s][info][gc,heap        ] GC(2868) ParOldGen: 429861K(430080K)->429869K(430080K)
[1012.362s][info][gc,metaspace   ] GC(2868) Metaspace: 35701K(36480K)->35701K(36480K) NonClass: 26486K(27072K)->26486K(27072K) Class: 9215K(9408K)->9215K(9408K)
[1012.362s][info][gc             ] GC(2868) Pause Young (Allocation Failure) 698M->419M(720M) 1.490ms
[1012.362s][info][gc,cpu         ] GC(2868) User=0.00s Sys=0.00s Real=0.00s
[1012.828s][info][gc,start       ] GC(2869) Pause Young (Allocation Failure)
[1012.830s][info][gc,heap        ] GC(2869) PSYoungGen: 286272K(307200K)->64K(308736K) Eden: 286208K(286208K)->0K(286208K) From: 64K(20992K)->64K(22528K)
[1012.830s][info][gc,heap        ] GC(2869) ParOldGen: 429869K(430080K)->429885K(430080K)
[1012.830s][info][gc,metaspace   ] GC(2869) Metaspace: 35701K(36480K)->35701K(36480K) NonClass: 26486K(27072K)->26486K(27072K) Class: 9215K(9408K)->9215K(9408K)
[1012.830s][info][gc             ] GC(2869) Pause Young (Allocation Failure) 699M->419M(721M) 1.490ms
[1012.830s][info][gc,cpu         ] GC(2869) User=0.00s Sys=0.00s Real=0.00s
[1013.064s][info][gc,start       ] GC(2870) Pause Young (Allocation Failure)
[1013.065s][info][gc,heap        ] GC(2870) PSYoungGen: 286272K(308736K)->64K(308736K) Eden: 286208K(286208K)->0K(289280K) From: 64K(22528K)->64K(19456K)
[1013.065s][info][gc,heap        ] GC(2870) ParOldGen: 429885K(430080K)->429901K(430080K)
[1013.065s][info][gc,metaspace   ] GC(2870) Metaspace: 35701K(36480K)->35701K(36480K) NonClass: 26486K(27072K)->26486K(27072K) Class: 9215K(9408K)->9215K(9408K)
[1013.065s][info][gc             ] GC(2870) Pause Young (Allocation Failure) 699M->419M(721M) 1.415ms
[1013.065s][info][gc,cpu         ] GC(2870) User=0.00s Sys=0.00s Real=0.00s
[1013.313s][info][gc,start       ] GC(2871) Pause Young (Allocation Failure)
[1013.315s][info][gc,heap        ] GC(2871) PSYoungGen: 289344K(308736K)->64K(310272K) Eden: 289280K(289280K)->0K(289280K) From: 64K(19456K)->64K(20992K)
[1013.315s][info][gc,heap        ] GC(2871) ParOldGen: 429901K(430080K)->429901K(430080K)
[1013.315s][info][gc,metaspace   ] GC(2871) Metaspace: 35701K(36480K)->35701K(36480K) NonClass: 26486K(27072K)->26486K(27072K) Class: 9215K(9408K)->9215K(9408K)
[1013.315s][info][gc             ] GC(2871) Pause Young (Allocation Failure) 702M->419M(723M) 1.669ms
[1013.315s][info][gc,cpu         ] GC(2871) User=0.00s Sys=0.00s Real=0.00s
[1013.649s][info][gc,start       ] GC(2872) Pause Young (Allocation Failure)
[1013.650s][info][gc,heap        ] GC(2872) PSYoungGen: 289344K(310272K)->64K(310272K) Eden: 289280K(289280K)->0K(292864K) From: 64K(20992K)->64K(17408K)
[1013.650s][info][gc,heap        ] GC(2872) ParOldGen: 429901K(430080K)->429901K(430080K)
[1013.650s][info][gc,metaspace   ] GC(2872) Metaspace: 35701K(36480K)->35701K(36480K) NonClass: 26486K(27072K)->26486K(27072K) Class: 9215K(9408K)->9215K(9408K)
[1013.650s][info][gc             ] GC(2872) Pause Young (Allocation Failure) 702M->419M(723M) 1.431ms
[1013.650s][info][gc,cpu         ] GC(2872) User=0.01s Sys=0.00s Real=0.00s
[1013.703s][info][gc,start       ] GC(2873) Pause Young (Allocation Failure)
[1013.704s][info][gc,heap        ] GC(2873) PSYoungGen: 292928K(310272K)->64K(311808K) Eden: 292864K(292864K)->0K(292864K) From: 64K(17408K)->64K(18944K)
[1013.704s][info][gc,heap        ] GC(2873) ParOldGen: 429901K(430080K)->429917K(430080K)
[1013.704s][info][gc,metaspace   ] GC(2873) Metaspace: 35701K(36480K)->35701K(36480K) NonClass: 26486K(27072K)->26486K(27072K) Class: 9215K(9408K)->9215K(9408K)
[1013.704s][info][gc             ] GC(2873) Pause Young (Allocation Failure) 705M->419M(724M) 1.416ms
[1013.704s][info][gc,cpu         ] GC(2873) User=0.00s Sys=0.00s Real=0.00s
[1013.756s][info][gc,start       ] GC(2874) Pause Young (Allocation Failure)
[1013.757s][info][gc,heap        ] GC(2874) PSYoungGen: 292928K(311808K)->64K(312320K) Eden: 292864K(292864K)->0K(296960K) From: 64K(18944K)->64K(15360K)
[1013.757s][info][gc,heap        ] GC(2874) ParOldGen: 429917K(430080K)->429917K(430080K)
[1013.757s][info][gc,metaspace   ] GC(2874) Metaspace: 35701K(36480K)->35701K(36480K) NonClass: 26486K(27072K)->26486K(27072K) Class: 9215K(9408K)->9215K(9408K)
[1013.757s][info][gc             ] GC(2874) Pause Young (Allocation Failure) 705M->419M(725M) 1.327ms
[1013.757s][info][gc,cpu         ] GC(2874) User=0.00s Sys=0.00s Real=0.01s
[1014.000s][info][gc,start       ] GC(2875) Pause Young (Allocation Failure)
[1014.001s][info][gc,heap        ] GC(2875) PSYoungGen: 297024K(312320K)->64K(313856K) Eden: 296960K(296960K)->0K(296960K) From: 64K(15360K)->64K(16896K)
[1014.001s][info][gc,heap        ] GC(2875) ParOldGen: 429917K(430080K)->429917K(430080K)
[1014.001s][info][gc,metaspace   ] GC(2875) Metaspace: 35701K(36480K)->35701K(36480K) NonClass: 26486K(27072K)->26486K(27072K) Class: 9215K(9408K)->9215K(9408K)
[1014.001s][info][gc             ] GC(2875) Pause Young (Allocation Failure) 709M->419M(726M) 1.412ms
[1014.001s][info][gc,cpu         ] GC(2875) User=0.00s Sys=0.00s Real=0.00s
[1014.219s][info][gc,start       ] GC(2876) Pause Young (Allocation Failure)
[1014.220s][info][gc,heap        ] GC(2876) PSYoungGen: 297024K(313856K)->64K(314368K) Eden: 296960K(296960K)->0K(301056K) From: 64K(16896K)->64K(13312K)
[1014.220s][info][gc,heap        ] GC(2876) ParOldGen: 429917K(430080K)->429925K(430080K)
[1014.220s][info][gc,metaspace   ] GC(2876) Metaspace: 35701K(36480K)->35701K(36480K) NonClass: 26486K(27072K)->26486K(27072K) Class: 9215K(9408K)->9215K(9408K)
[1014.220s][info][gc             ] GC(2876) Pause Young (Allocation Failure) 709M->419M(727M) 1.381ms
[1014.220s][info][gc,cpu         ] GC(2876) User=0.00s Sys=0.00s Real=0.00s
[1014.307s][info][gc,start       ] GC(2877) Pause Young (Allocation Failure)
[1014.308s][info][gc,heap        ] GC(2877) PSYoungGen: 301120K(314368K)->64K(315904K) Eden: 301056K(301056K)->0K(301056K) From: 64K(13312K)->64K(14848K)
[1014.308s][info][gc,heap        ] GC(2877) ParOldGen: 429925K(430080K)->429933K(430080K)
[1014.308s][info][gc,metaspace   ] GC(2877) Metaspace: 35701K(36480K)->35701K(36480K) NonClass: 26486K(27072K)->26486K(27072K) Class: 9215K(9408K)->9215K(9408K)
[1014.309s][info][gc             ] GC(2877) Pause Young (Allocation Failure) 713M->419M(728M) 1.463ms
[1014.309s][info][gc,cpu         ] GC(2877) User=0.00s Sys=0.00s Real=0.00s
[1014.437s][info][gc,start       ] GC(2878) Pause Young (Allocation Failure)
[1014.439s][info][gc,heap        ] GC(2878) PSYoungGen: 301120K(315904K)->64K(316416K) Eden: 301056K(301056K)->0K(304640K) From: 64K(14848K)->64K(11776K)
[1014.439s][info][gc,heap        ] GC(2878) ParOldGen: 429933K(430080K)->429941K(430080K)
[1014.439s][info][gc,metaspace   ] GC(2878) Metaspace: 35701K(36480K)->35701K(36480K) NonClass: 26486K(27072K)->26486K(27072K) Class: 9215K(9408K)->9215K(9408K)
[1014.439s][info][gc             ] GC(2878) Pause Young (Allocation Failure) 713M->419M(729M) 1.483ms
[1014.439s][info][gc,cpu         ] GC(2878) User=0.00s Sys=0.00s Real=0.00s
[1014.851s][info][gc,start       ] GC(2879) Pause Young (Allocation Failure)
[1014.852s][info][gc,heap        ] GC(2879) PSYoungGen: 304704K(316416K)->64K(317952K) Eden: 304640K(304640K)->0K(304640K) From: 64K(11776K)->64K(13312K)
[1014.852s][info][gc,heap        ] GC(2879) ParOldGen: 429941K(430080K)->429949K(430080K)
[1014.852s][info][gc,metaspace   ] GC(2879) Metaspace: 35701K(36480K)->35701K(36480K) NonClass: 26486K(27072K)->26486K(27072K) Class: 9215K(9408K)->9215K(9408K)
[1014.852s][info][gc             ] GC(2879) Pause Young (Allocation Failure) 717M->419M(730M) 1.449ms
[1014.852s][info][gc,cpu         ] GC(2879) User=0.00s Sys=0.00s Real=0.00s
[1016.189s][info][gc,start       ] GC(2880) Pause Young (Allocation Failure)
[1016.191s][info][gc,heap        ] GC(2880) PSYoungGen: 304704K(317952K)->64K(292864K) Eden: 304640K(304640K)->0K(292352K) From: 64K(13312K)->64K(512K)
[1016.191s][info][gc,heap        ] GC(2880) ParOldGen: 429949K(430080K)->429957K(430080K)
[1016.191s][info][gc,metaspace   ] GC(2880) Metaspace: 35701K(36480K)->35701K(36480K) NonClass: 26486K(27072K)->26486K(27072K) Class: 9215K(9408K)->9215K(9408K)
[1016.191s][info][gc             ] GC(2880) Pause Young (Allocation Failure) 717M->419M(706M) 1.983ms
[1016.191s][info][gc,cpu         ] GC(2880) User=0.00s Sys=0.00s Real=0.00s
[1016.461s][info][gc,start       ] GC(2881) Pause Young (Allocation Failure)
[1016.462s][info][gc,heap        ] GC(2881) PSYoungGen: 292416K(292864K)->64K(292864K) Eden: 292352K(292352K)->0K(281088K) From: 64K(512K)->64K(11776K)
[1016.462s][info][gc,heap        ] GC(2881) ParOldGen: 429957K(430080K)->429965K(430080K)
[1016.462s][info][gc,metaspace   ] GC(2881) Metaspace: 35701K(36480K)->35701K(36480K) NonClass: 26486K(27072K)->26486K(27072K) Class: 9215K(9408K)->9215K(9408K)
[1016.462s][info][gc             ] GC(2881) Pause Young (Allocation Failure) 705M->419M(706M) 1.444ms
[1016.462s][info][gc,cpu         ] GC(2881) User=0.00s Sys=0.00s Real=0.00s
[1016.932s][info][gc,start       ] GC(2882) Pause Young (Allocation Failure)
[1016.934s][info][gc,heap        ] GC(2882) PSYoungGen: 281152K(292864K)->64K(270848K) Eden: 281088K(281088K)->0K(270336K) From: 64K(11776K)->64K(512K)
[1016.934s][info][gc,heap        ] GC(2882) ParOldGen: 429965K(430080K)->429973K(430080K)
[1016.934s][info][gc,metaspace   ] GC(2882) Metaspace: 35701K(36480K)->35701K(36480K) NonClass: 26486K(27072K)->26486K(27072K) Class: 9215K(9408K)->9215K(9408K)
[1016.934s][info][gc             ] GC(2882) Pause Young (Allocation Failure) 694M->419M(684M) 1.912ms
[1016.934s][info][gc,cpu         ] GC(2882) User=0.00s Sys=0.00s Real=0.00s
[1017.849s][info][gc,start       ] GC(2883) Pause Young (Allocation Failure)
[1017.851s][info][gc,heap        ] GC(2883) PSYoungGen: 270400K(270848K)->64K(270336K) Eden: 270336K(270336K)->0K(260096K) From: 64K(512K)->64K(10240K)
[1017.851s][info][gc,heap        ] GC(2883) ParOldGen: 429973K(430080K)->429981K(430080K)
[1017.851s][info][gc,metaspace   ] GC(2883) Metaspace: 35701K(36480K)->35701K(36480K) NonClass: 26486K(27072K)->26486K(27072K) Class: 9215K(9408K)->9215K(9408K)
[1017.851s][info][gc             ] GC(2883) Pause Young (Allocation Failure) 683M->419M(684M) 1.423ms
[1017.851s][info][gc,cpu         ] GC(2883) User=0.00s Sys=0.00s Real=0.00s
[1018.214s][info][gc,start       ] GC(2884) Pause Young (Allocation Failure)
[1018.216s][info][gc,heap        ] GC(2884) PSYoungGen: 260160K(270336K)->64K(250880K) Eden: 260096K(260096K)->0K(250368K) From: 64K(10240K)->64K(512K)
[1018.216s][info][gc,heap        ] GC(2884) ParOldGen: 429981K(430080K)->429989K(430080K)
[1018.216s][info][gc,metaspace   ] GC(2884) Metaspace: 35701K(36480K)->35701K(36480K) NonClass: 26486K(27072K)->26486K(27072K) Class: 9215K(9408K)->9215K(9408K)
[1018.216s][info][gc             ] GC(2884) Pause Young (Allocation Failure) 673M->419M(665M) 1.582ms
[1018.216s][info][gc,cpu         ] GC(2884) User=0.00s Sys=0.00s Real=0.00s
[1018.287s][info][gc,start       ] GC(2885) Pause Young (Allocation Failure)
[1018.288s][info][gc,heap        ] GC(2885) PSYoungGen: 250432K(250880K)->64K(249856K) Eden: 250368K(250368K)->0K(241152K) From: 64K(512K)->64K(8704K)
[1018.288s][info][gc,heap        ] GC(2885) ParOldGen: 429989K(430080K)->429997K(430080K)
[1018.288s][info][gc,metaspace   ] GC(2885) Metaspace: 35701K(36480K)->35701K(36480K) NonClass: 26486K(27072K)->26486K(27072K) Class: 9215K(9408K)->9215K(9408K)
[1018.288s][info][gc             ] GC(2885) Pause Young (Allocation Failure) 664M->419M(664M) 1.251ms
[1018.288s][info][gc,cpu         ] GC(2885) User=0.01s Sys=0.00s Real=0.00s
[1018.772s][info][gc,start       ] GC(2886) Pause Young (Allocation Failure)
[1018.774s][info][gc,heap        ] GC(2886) PSYoungGen: 241216K(249856K)->64K(232448K) Eden: 241152K(241152K)->0K(231936K) From: 64K(8704K)->64K(512K)
[1018.774s][info][gc,heap        ] GC(2886) ParOldGen: 429997K(430080K)->430005K(430080K)
[1018.774s][info][gc,metaspace   ] GC(2886) Metaspace: 35701K(36480K)->35701K(36480K) NonClass: 26486K(27072K)->26486K(27072K) Class: 9215K(9408K)->9215K(9408K)
[1018.774s][info][gc             ] GC(2886) Pause Young (Allocation Failure) 655M->419M(647M) 1.928ms
[1018.774s][info][gc,cpu         ] GC(2886) User=0.00s Sys=0.00s Real=0.00s
[1019.005s][info][gc,start       ] GC(2887) Pause Young (Allocation Failure)
[1019.006s][info][gc,heap        ] GC(2887) PSYoungGen: 232000K(232448K)->64K(230912K) Eden: 231936K(231936K)->0K(223232K) From: 64K(512K)->64K(7680K)
[1019.006s][info][gc,heap        ] GC(2887) ParOldGen: 430005K(430080K)->430013K(430080K)
[1019.006s][info][gc,metaspace   ] GC(2887) Metaspace: 35701K(36480K)->35701K(36480K) NonClass: 26486K(27072K)->26486K(27072K) Class: 9215K(9408K)->9215K(9408K)
[1019.006s][info][gc             ] GC(2887) Pause Young (Allocation Failure) 646M->419M(645M) 1.295ms
[1019.006s][info][gc,cpu         ] GC(2887) User=0.00s Sys=0.00s Real=0.00s
[1019.340s][info][gc,start       ] GC(2888) Pause Young (Allocation Failure)
[1019.360s][info][gc,heap        ] GC(2888) PSYoungGen: 223296K(230912K)->7168K(273408K) Eden: 223232K(223232K)->0K(266240K) From: 64K(7680K)->7168K(7168K)
[1019.360s][info][gc,heap        ] GC(2888) ParOldGen: 430013K(430080K)->433997K(434176K)
[1019.360s][info][gc,metaspace   ] GC(2888) Metaspace: 35701K(36480K)->35701K(36480K) NonClass: 26486K(27072K)->26486K(27072K) Class: 9215K(9408K)->9215K(9408K)
[1019.360s][info][gc             ] GC(2888) Pause Young (Allocation Failure) 637M->430M(691M) 19.819ms
[1019.360s][info][gc,cpu         ] GC(2888) User=0.04s Sys=0.01s Real=0.02s
[1019.673s][info][gc,start       ] GC(2889) Pause Young (Allocation Failure)
[1019.731s][info][gc,heap        ] GC(2889) PSYoungGen: 273408K(273408K)->10240K(284160K) Eden: 266240K(266240K)->0K(273920K) From: 7168K(7168K)->10240K(10240K)
[1019.731s][info][gc,heap        ] GC(2889) ParOldGen: 433997K(434176K)->453821K(454144K)
[1019.731s][info][gc,metaspace   ] GC(2889) Metaspace: 35701K(36480K)->35701K(36480K) NonClass: 26486K(27072K)->26486K(27072K) Class: 9215K(9408K)->9215K(9408K)
[1019.731s][info][gc             ] GC(2889) Pause Young (Allocation Failure) 690M->453M(721M) 57.863ms
[1019.731s][info][gc,cpu         ] GC(2889) User=0.10s Sys=0.01s Real=0.06s
[1019.977s][info][gc,start       ] GC(2890) Pause Young (Allocation Failure)
[1020.024s][info][gc,heap        ] GC(2890) PSYoungGen: 284160K(284160K)->19968K(303616K) Eden: 273920K(273920K)->0K(283648K) From: 10240K(10240K)->19968K(19968K)
[1020.024s][info][gc,heap        ] GC(2890) ParOldGen: 453821K(454144K)->455909K(456192K)
[1020.024s][info][gc,metaspace   ] GC(2890) Metaspace: 35701K(36480K)->35701K(36480K) NonClass: 26486K(27072K)->26486K(27072K) Class: 9215K(9408K)->9215K(9408K)
[1020.025s][info][gc             ] GC(2890) Pause Young (Allocation Failure) 720M->464M(742M) 47.565ms
[1020.025s][info][gc,cpu         ] GC(2890) User=0.08s Sys=0.02s Real=0.04s
[1020.219s][info][gc,start       ] GC(2891) Pause Young (Allocation Failure)
[1020.221s][info][gc,heap        ] GC(2891) PSYoungGen: 303616K(303616K)->64K(308736K) Eden: 283648K(283648K)->0K(283648K) From: 19968K(19968K)->64K(25088K)
[1020.221s][info][gc,heap        ] GC(2891) ParOldGen: 455909K(456192K)->455957K(456192K)
[1020.221s][info][gc,metaspace   ] GC(2891) Metaspace: 35701K(36480K)->35701K(36480K) NonClass: 26486K(27072K)->26486K(27072K) Class: 9215K(9408K)->9215K(9408K)
[1020.221s][info][gc             ] GC(2891) Pause Young (Allocation Failure) 741M->445M(747M) 1.999ms
[1020.221s][info][gc,cpu         ] GC(2891) User=0.01s Sys=0.00s Real=0.00s
[1020.869s][info][gc,start       ] GC(2892) Pause Young (Allocation Failure)
[1020.871s][info][gc,heap        ] GC(2892) PSYoungGen: 283712K(308736K)->64K(306688K) Eden: 283648K(283648K)->0K(284672K) From: 64K(25088K)->64K(22016K)
[1020.871s][info][gc,heap        ] GC(2892) ParOldGen: 455957K(456192K)->455965K(456192K)
[1020.871s][info][gc,metaspace   ] GC(2892) Metaspace: 35701K(36480K)->35701K(36480K) NonClass: 26486K(27072K)->26486K(27072K) Class: 9215K(9408K)->9215K(9408K)
[1020.871s][info][gc             ] GC(2892) Pause Young (Allocation Failure) 722M->445M(745M) 1.697ms
[1020.871s][info][gc,cpu         ] GC(2892) User=0.00s Sys=0.00s Real=0.00s
[1021.346s][info][gc,start       ] GC(2893) Pause Young (Allocation Failure)
[1021.347s][info][gc,heap        ] GC(2893) PSYoungGen: 284736K(306688K)->64K(308224K) Eden: 284672K(284672K)->0K(284672K) From: 64K(22016K)->64K(23552K)
[1021.347s][info][gc,heap        ] GC(2893) ParOldGen: 455965K(456192K)->455981K(456192K)
[1021.347s][info][gc,metaspace   ] GC(2893) Metaspace: 35701K(36480K)->35701K(36480K) NonClass: 26486K(27072K)->26486K(27072K) Class: 9215K(9408K)->9215K(9408K)
[1021.347s][info][gc             ] GC(2893) Pause Young (Allocation Failure) 723M->445M(746M) 1.598ms
[1021.347s][info][gc,cpu         ] GC(2893) User=0.00s Sys=0.00s Real=0.01s
[1021.583s][info][gc,start       ] GC(2894) Pause Young (Allocation Failure)
[1021.584s][info][gc,heap        ] GC(2894) PSYoungGen: 284736K(308224K)->64K(307712K) Eden: 284672K(284672K)->0K(287744K) From: 64K(23552K)->64K(19968K)
[1021.584s][info][gc,heap        ] GC(2894) ParOldGen: 455981K(456192K)->455997K(456192K)
[1021.584s][info][gc,metaspace   ] GC(2894) Metaspace: 35701K(36480K)->35701K(36480K) NonClass: 26486K(27072K)->26486K(27072K) Class: 9215K(9408K)->9215K(9408K)
[1021.584s][info][gc             ] GC(2894) Pause Young (Allocation Failure) 723M->445M(746M) 1.557ms
[1021.585s][info][gc,cpu         ] GC(2894) User=0.00s Sys=0.00s Real=0.00s
[1021.819s][info][gc,start       ] GC(2895) Pause Young (Allocation Failure)
[1021.821s][info][gc,heap        ] GC(2895) PSYoungGen: 287808K(307712K)->64K(309248K) Eden: 287744K(287744K)->0K(287744K) From: 64K(19968K)->64K(21504K)
[1021.821s][info][gc,heap        ] GC(2895) ParOldGen: 455997K(456192K)->455997K(456192K)
[1021.821s][info][gc,metaspace   ] GC(2895) Metaspace: 35701K(36480K)->35701K(36480K) NonClass: 26486K(27072K)->26486K(27072K) Class: 9215K(9408K)->9215K(9408K)
[1021.821s][info][gc             ] GC(2895) Pause Young (Allocation Failure) 726M->445M(747M) 1.384ms
[1021.821s][info][gc,cpu         ] GC(2895) User=0.00s Sys=0.00s Real=0.00s
[1022.171s][info][gc,start       ] GC(2896) Pause Young (Allocation Failure)
[1022.173s][info][gc,heap        ] GC(2896) PSYoungGen: 287808K(309248K)->64K(309760K) Eden: 287744K(287744K)->0K(291840K) From: 64K(21504K)->64K(17920K)
[1022.173s][info][gc,heap        ] GC(2896) ParOldGen: 455997K(456192K)->455997K(456192K)
[1022.173s][info][gc,metaspace   ] GC(2896) Metaspace: 35701K(36480K)->35701K(36480K) NonClass: 26486K(27072K)->26486K(27072K) Class: 9215K(9408K)->9215K(9408K)
[1022.173s][info][gc             ] GC(2896) Pause Young (Allocation Failure) 726M->445M(748M) 1.383ms
[1022.173s][info][gc,cpu         ] GC(2896) User=0.00s Sys=0.00s Real=0.00s
[1022.223s][info][gc,start       ] GC(2897) Pause Young (Allocation Failure)
[1022.224s][info][gc,heap        ] GC(2897) PSYoungGen: 291904K(309760K)->64K(311296K) Eden: 291840K(291840K)->0K(291840K) From: 64K(17920K)->64K(19456K)
[1022.224s][info][gc,heap        ] GC(2897) ParOldGen: 455997K(456192K)->456013K(456192K)
[1022.224s][info][gc,metaspace   ] GC(2897) Metaspace: 35701K(36480K)->35701K(36480K) NonClass: 26486K(27072K)->26486K(27072K) Class: 9215K(9408K)->9215K(9408K)
[1022.224s][info][gc             ] GC(2897) Pause Young (Allocation Failure) 730M->445M(749M) 1.399ms
[1022.224s][info][gc,cpu         ] GC(2897) User=0.00s Sys=0.00s Real=0.00s
[1022.273s][info][gc,start       ] GC(2898) Pause Young (Allocation Failure)
[1022.275s][info][gc,heap        ] GC(2898) PSYoungGen: 291904K(311296K)->64K(311808K) Eden: 291840K(291840K)->0K(295936K) From: 64K(19456K)->64K(15872K)
[1022.275s][info][gc,heap        ] GC(2898) ParOldGen: 456013K(456192K)->456013K(456192K)
[1022.275s][info][gc,metaspace   ] GC(2898) Metaspace: 35701K(36480K)->35701K(36480K) NonClass: 26486K(27072K)->26486K(27072K) Class: 9215K(9408K)->9215K(9408K)
[1022.275s][info][gc             ] GC(2898) Pause Young (Allocation Failure) 730M->445M(750M) 1.285ms
[1022.275s][info][gc,cpu         ] GC(2898) User=0.01s Sys=0.00s Real=0.00s
[1022.497s][info][gc,start       ] GC(2899) Pause Young (Allocation Failure)
[1022.498s][info][gc,heap        ] GC(2899) PSYoungGen: 295999K(311808K)->64K(313344K) Eden: 295935K(295936K)->0K(295936K) From: 64K(15872K)->64K(17408K)
[1022.498s][info][gc,heap        ] GC(2899) ParOldGen: 456013K(456192K)->456013K(456192K)
[1022.498s][info][gc,metaspace   ] GC(2899) Metaspace: 35701K(36480K)->35701K(36480K) NonClass: 26486K(27072K)->26486K(27072K) Class: 9215K(9408K)->9215K(9408K)
[1022.498s][info][gc             ] GC(2899) Pause Young (Allocation Failure) 734M->445M(751M) 1.447ms
[1022.499s][info][gc,cpu         ] GC(2899) User=0.00s Sys=0.00s Real=0.00s
[1022.726s][info][gc,start       ] GC(2900) Pause Young (Allocation Failure)
[1022.727s][info][gc,heap        ] GC(2900) PSYoungGen: 296000K(313344K)->64K(313856K) Eden: 295936K(295936K)->0K(300032K) From: 64K(17408K)->64K(13824K)
[1022.727s][info][gc,heap        ] GC(2900) ParOldGen: 456013K(456192K)->456021K(456192K)
[1022.727s][info][gc,metaspace   ] GC(2900) Metaspace: 35701K(36480K)->35701K(36480K) NonClass: 26486K(27072K)->26486K(27072K) Class: 9215K(9408K)->9215K(9408K)
[1022.727s][info][gc             ] GC(2900) Pause Young (Allocation Failure) 734M->445M(752M) 1.565ms
[1022.727s][info][gc,cpu         ] GC(2900) User=0.01s Sys=0.00s Real=0.01s
[1022.831s][info][gc,start       ] GC(2901) Pause Young (Allocation Failure)
[1022.833s][info][gc,heap        ] GC(2901) PSYoungGen: 300096K(313856K)->64K(315392K) Eden: 300032K(300032K)->0K(300032K) From: 64K(13824K)->64K(15360K)
[1022.833s][info][gc,heap        ] GC(2901) ParOldGen: 456021K(456192K)->456029K(456192K)
[1022.833s][info][gc,metaspace   ] GC(2901) Metaspace: 35701K(36480K)->35701K(36480K) NonClass: 26486K(27072K)->26486K(27072K) Class: 9215K(9408K)->9215K(9408K)
[1022.833s][info][gc             ] GC(2901) Pause Young (Allocation Failure) 738M->445M(753M) 1.590ms
[1022.833s][info][gc,cpu         ] GC(2901) User=0.00s Sys=0.00s Real=0.00s
[1022.954s][info][gc,start       ] GC(2902) Pause Young (Allocation Failure)
[1022.956s][info][gc,heap        ] GC(2902) PSYoungGen: 300096K(315392K)->64K(316928K) Eden: 300032K(300032K)->0K(304128K) From: 64K(15360K)->64K(12800K)
[1022.956s][info][gc,heap        ] GC(2902) ParOldGen: 456029K(456192K)->456037K(456192K)
[1022.956s][info][gc,metaspace   ] GC(2902) Metaspace: 35701K(36480K)->35701K(36480K) NonClass: 26486K(27072K)->26486K(27072K) Class: 9215K(9408K)->9215K(9408K)
[1022.956s][info][gc             ] GC(2902) Pause Young (Allocation Failure) 738M->445M(755M) 1.509ms
[1022.956s][info][gc,cpu         ] GC(2902) User=0.00s Sys=0.00s Real=0.00s
[1023.348s][info][gc,start       ] GC(2903) Pause Young (Allocation Failure)
[1023.349s][info][gc,heap        ] GC(2903) PSYoungGen: 304192K(316928K)->64K(317952K) Eden: 304128K(304128K)->0K(304128K) From: 64K(12800K)->64K(13824K)
[1023.349s][info][gc,heap        ] GC(2903) ParOldGen: 456037K(456192K)->456045K(456192K)
[1023.349s][info][gc,metaspace   ] GC(2903) Metaspace: 35701K(36480K)->35701K(36480K) NonClass: 26486K(27072K)->26486K(27072K) Class: 9215K(9408K)->9215K(9408K)
[1023.349s][info][gc             ] GC(2903) Pause Young (Allocation Failure) 742M->445M(756M) 1.511ms
[1023.349s][info][gc,cpu         ] GC(2903) User=0.00s Sys=0.00s Real=0.00s
[1024.185s][info][gc,start       ] GC(2904) Pause Young (Allocation Failure)
[1024.187s][info][gc,heap        ] GC(2904) PSYoungGen: 304192K(317952K)->64K(292352K) Eden: 304128K(304128K)->0K(291840K) From: 64K(13824K)->64K(512K)
[1024.187s][info][gc,heap        ] GC(2904) ParOldGen: 456045K(456192K)->456053K(456192K)
[1024.187s][info][gc,metaspace   ] GC(2904) Metaspace: 35701K(36480K)->35701K(36480K) NonClass: 26486K(27072K)->26486K(27072K) Class: 9215K(9408K)->9215K(9408K)
[1024.187s][info][gc             ] GC(2904) Pause Young (Allocation Failure) 742M->445M(731M) 2.223ms
[1024.187s][info][gc,cpu         ] GC(2904) User=0.00s Sys=0.00s Real=0.01s
[1024.930s][info][gc,start       ] GC(2905) Pause Young (Allocation Failure)
[1024.931s][info][gc,heap        ] GC(2905) PSYoungGen: 291904K(292352K)->64K(292352K) Eden: 291840K(291840K)->0K(280576K) From: 64K(512K)->64K(11776K)
[1024.931s][info][gc,heap        ] GC(2905) ParOldGen: 456053K(456192K)->456061K(456192K)
[1024.931s][info][gc,metaspace   ] GC(2905) Metaspace: 35701K(36480K)->35701K(36480K) NonClass: 26486K(27072K)->26486K(27072K) Class: 9215K(9408K)->9215K(9408K)
[1024.931s][info][gc             ] GC(2905) Pause Young (Allocation Failure) 730M->445M(731M) 1.391ms
[1024.931s][info][gc,cpu         ] GC(2905) User=0.00s Sys=0.00s Real=0.00s
[1025.443s][info][gc,start       ] GC(2906) Pause Young (Allocation Failure)
[1025.445s][info][gc,heap        ] GC(2906) PSYoungGen: 280640K(292352K)->64K(270336K) Eden: 280576K(280576K)->0K(269824K) From: 64K(11776K)->64K(512K)
[1025.445s][info][gc,heap        ] GC(2906) ParOldGen: 456061K(456192K)->456069K(456192K)
[1025.445s][info][gc,metaspace   ] GC(2906) Metaspace: 35701K(36480K)->35701K(36480K) NonClass: 26486K(27072K)->26486K(27072K) Class: 9215K(9408K)->9215K(9408K)
[1025.445s][info][gc             ] GC(2906) Pause Young (Allocation Failure) 719M->445M(709M) 1.854ms
[1025.445s][info][gc,cpu         ] GC(2906) User=0.00s Sys=0.00s Real=0.00s
[1026.373s][info][gc,start       ] GC(2907) Pause Young (Allocation Failure)
[1026.376s][info][gc,heap        ] GC(2907) PSYoungGen: 269888K(270336K)->64K(269824K) Eden: 269824K(269824K)->0K(259584K) From: 64K(512K)->64K(10240K)
[1026.376s][info][gc,heap        ] GC(2907) ParOldGen: 456069K(456192K)->456077K(456192K)
[1026.376s][info][gc,metaspace   ] GC(2907) Metaspace: 35701K(36480K)->35701K(36480K) NonClass: 26486K(27072K)->26486K(27072K) Class: 9215K(9408K)->9215K(9408K)
[1026.376s][info][gc             ] GC(2907) Pause Young (Allocation Failure) 708M->445M(709M) 2.684ms
[1026.376s][info][gc,cpu         ] GC(2907) User=0.00s Sys=0.00s Real=0.00s
[1026.736s][info][gc,start       ] GC(2908) Pause Young (Allocation Failure)
[1026.739s][info][gc,heap        ] GC(2908) PSYoungGen: 259648K(269824K)->64K(250368K) Eden: 259584K(259584K)->0K(249856K) From: 64K(10240K)->64K(512K)
[1026.739s][info][gc,heap        ] GC(2908) ParOldGen: 456077K(456192K)->456085K(456192K)
[1026.739s][info][gc,metaspace   ] GC(2908) Metaspace: 35701K(36480K)->35701K(36480K) NonClass: 26486K(27072K)->26486K(27072K) Class: 9215K(9408K)->9215K(9408K)
[1026.739s][info][gc             ] GC(2908) Pause Young (Allocation Failure) 698M->445M(690M) 2.784ms
[1026.739s][info][gc,cpu         ] GC(2908) User=0.00s Sys=0.00s Real=0.01s
[1026.820s][info][gc,start       ] GC(2909) Pause Young (Allocation Failure)
[1026.823s][info][gc,heap        ] GC(2909) PSYoungGen: 249920K(250368K)->64K(291328K) Eden: 249856K(249856K)->0K(282112K) From: 64K(512K)->64K(9216K)
[1026.823s][info][gc,heap        ] GC(2909) ParOldGen: 456085K(456192K)->456101K(456192K)
[1026.823s][info][gc,metaspace   ] GC(2909) Metaspace: 35701K(36480K)->35701K(36480K) NonClass: 26486K(27072K)->26486K(27072K) Class: 9215K(9408K)->9215K(9408K)
[1026.823s][info][gc             ] GC(2909) Pause Young (Allocation Failure) 689M->445M(730M) 2.361ms
[1026.823s][info][gc,cpu         ] GC(2909) User=0.00s Sys=0.00s Real=0.00s
[1027.341s][info][gc,start       ] GC(2910) Pause Young (Allocation Failure)
[1027.343s][info][gc,heap        ] GC(2910) PSYoungGen: 282176K(291328K)->64K(271872K) Eden: 282112K(282112K)->0K(271360K) From: 64K(9216K)->64K(512K)
[1027.343s][info][gc,heap        ] GC(2910) ParOldGen: 456101K(456192K)->456117K(456192K)
[1027.343s][info][gc,metaspace   ] GC(2910) Metaspace: 35701K(36480K)->35701K(36480K) NonClass: 26486K(27072K)->26486K(27072K) Class: 9215K(9408K)->9215K(9408K)
[1027.343s][info][gc             ] GC(2910) Pause Young (Allocation Failure) 720M->445M(711M) 2.448ms
[1027.343s][info][gc,cpu         ] GC(2910) User=0.00s Sys=0.00s Real=0.00s
[1027.631s][info][gc,start       ] GC(2911) Pause Young (Allocation Failure)
[1027.633s][info][gc,heap        ] GC(2911) PSYoungGen: 271424K(271872K)->64K(268800K) Eden: 271360K(271360K)->0K(261120K) From: 64K(512K)->64K(7680K)
[1027.633s][info][gc,heap        ] GC(2911) ParOldGen: 456117K(456192K)->456133K(456192K)
[1027.633s][info][gc,metaspace   ] GC(2911) Metaspace: 35701K(36480K)->35701K(36480K) NonClass: 26486K(27072K)->26486K(27072K) Class: 9215K(9408K)->9215K(9408K)
[1027.633s][info][gc             ] GC(2911) Pause Young (Allocation Failure) 710M->445M(708M) 2.340ms
[1027.633s][info][gc,cpu         ] GC(2911) User=0.00s Sys=0.00s Real=0.00s
[1027.991s][info][gc,start       ] GC(2912) Pause Young (Allocation Failure)
[1028.036s][info][gc,heap        ] GC(2912) PSYoungGen: 261184K(268800K)->7168K(291328K) Eden: 261120K(261120K)->0K(284160K) From: 64K(7680K)->7168K(7168K)
[1028.036s][info][gc,heap        ] GC(2912) ParOldGen: 456133K(456192K)->469421K(469504K)
[1028.036s][info][gc,metaspace   ] GC(2912) Metaspace: 35701K(36480K)->35701K(36480K) NonClass: 26486K(27072K)->26486K(27072K) Class: 9215K(9408K)->9215K(9408K)
[1028.036s][info][gc             ] GC(2912) Pause Young (Allocation Failure) 700M->465M(743M) 45.089ms
[1028.036s][info][gc,cpu         ] GC(2912) User=0.07s Sys=0.02s Real=0.04s
[1028.376s][info][gc,start       ] GC(2913) Pause Young (Allocation Failure)
[1028.438s][info][gc,heap        ] GC(2913) PSYoungGen: 291328K(291328K)->13824K(297984K) Eden: 284160K(284160K)->0K(284160K) From: 7168K(7168K)->13824K(13824K)
[1028.438s][info][gc,heap        ] GC(2913) ParOldGen: 469421K(469504K)->487925K(487936K)
[1028.438s][info][gc,metaspace   ] GC(2913) Metaspace: 35701K(36480K)->35701K(36480K) NonClass: 26486K(27072K)->26486K(27072K) Class: 9215K(9408K)->9215K(9408K)
[1028.438s][info][gc             ] GC(2913) Pause Young (Allocation Failure) 742M->489M(767M) 62.384ms
[1028.438s][info][gc,cpu         ] GC(2913) User=0.11s Sys=0.01s Real=0.07s
[1028.592s][info][gc,start       ] GC(2914) Pause Young (Allocation Failure)
[1028.618s][info][gc,heap        ] GC(2914) PSYoungGen: 297984K(297984K)->10240K(310272K) Eden: 284160K(284160K)->0K(286208K) From: 13824K(13824K)->10240K(24064K)
[1028.618s][info][gc,heap        ] GC(2914) ParOldGen: 487925K(487936K)->488421K(488448K)
[1028.618s][info][gc,metaspace   ] GC(2914) Metaspace: 35701K(36480K)->35701K(36480K) NonClass: 26486K(27072K)->26486K(27072K) Class: 9215K(9408K)->9215K(9408K)
[1028.618s][info][gc             ] GC(2914) Pause Young (Allocation Failure) 767M->486M(780M) 25.888ms
[1028.618s][info][gc,cpu         ] GC(2914) User=0.04s Sys=0.01s Real=0.03s
[1029.044s][info][gc,start       ] GC(2915) Pause Young (Allocation Failure)
[1029.046s][info][gc,heap        ] GC(2915) PSYoungGen: 296448K(310272K)->64K(286720K) Eden: 286208K(286208K)->0K(286208K) From: 10240K(24064K)->64K(512K)
[1029.046s][info][gc,heap        ] GC(2915) ParOldGen: 488421K(488448K)->488429K(488448K)
[1029.046s][info][gc,metaspace   ] GC(2915) Metaspace: 35701K(36480K)->35701K(36480K) NonClass: 26486K(27072K)->26486K(27072K) Class: 9215K(9408K)->9215K(9408K)
[1029.046s][info][gc             ] GC(2915) Pause Young (Allocation Failure) 766M->477M(757M) 1.773ms
[1029.046s][info][gc,cpu         ] GC(2915) User=0.00s Sys=0.00s Real=0.00s
[1029.550s][info][gc,start       ] GC(2916) Pause Young (Allocation Failure)
[1029.552s][info][gc,heap        ] GC(2916) PSYoungGen: 286272K(286720K)->64K(310272K) Eden: 286208K(286208K)->0K(287232K) From: 64K(512K)->64K(23040K)
[1029.552s][info][gc,heap        ] GC(2916) ParOldGen: 488429K(488448K)->488437K(488448K)
[1029.552s][info][gc,metaspace   ] GC(2916) Metaspace: 35701K(36480K)->35701K(36480K) NonClass: 26486K(27072K)->26486K(27072K) Class: 9215K(9408K)->9215K(9408K)
[1029.552s][info][gc             ] GC(2916) Pause Young (Allocation Failure) 756M->477M(780M) 1.652ms
[1029.552s][info][gc,cpu         ] GC(2916) User=0.00s Sys=0.00s Real=0.00s
[1029.998s][info][gc,start       ] GC(2917) Pause Young (Allocation Failure)
[1030.000s][info][gc,heap        ] GC(2917) PSYoungGen: 287296K(310272K)->64K(309248K) Eden: 287232K(287232K)->0K(287232K) From: 64K(23040K)->64K(22016K)
[1030.000s][info][gc,heap        ] GC(2917) ParOldGen: 488437K(488448K)->488453K(488960K)
[1030.000s][info][gc,metaspace   ] GC(2917) Metaspace: 35701K(36480K)->35701K(36480K) NonClass: 26486K(27072K)->26486K(27072K) Class: 9215K(9408K)->9215K(9408K)
[1030.000s][info][gc             ] GC(2917) Pause Young (Allocation Failure) 757M->477M(779M) 1.638ms
[1030.000s][info][gc,cpu         ] GC(2917) User=0.00s Sys=0.00s Real=0.00s
[1030.236s][info][gc,start       ] GC(2918) Pause Young (Allocation Failure)
[1030.238s][info][gc,heap        ] GC(2918) PSYoungGen: 287296K(309248K)->64K(310784K) Eden: 287232K(287232K)->0K(289792K) From: 64K(22016K)->64K(20992K)
[1030.238s][info][gc,heap        ] GC(2918) ParOldGen: 488453K(488960K)->488469K(488960K)
[1030.238s][info][gc,metaspace   ] GC(2918) Metaspace: 35701K(36480K)->35701K(36480K) NonClass: 26486K(27072K)->26486K(27072K) Class: 9215K(9408K)->9215K(9408K)
[1030.238s][info][gc             ] GC(2918) Pause Young (Allocation Failure) 757M->477M(781M) 1.470ms
[1030.238s][info][gc,cpu         ] GC(2918) User=0.01s Sys=0.00s Real=0.01s
[1030.589s][info][gc,start       ] GC(2919) Pause Young (Allocation Failure)
[1030.590s][info][gc,heap        ] GC(2919) PSYoungGen: 289856K(310784K)->64K(310272K) Eden: 289792K(289792K)->0K(289792K) From: 64K(20992K)->64K(20480K)
[1030.590s][info][gc,heap        ] GC(2919) ParOldGen: 488469K(488960K)->488469K(488960K)
[1030.590s][info][gc,metaspace   ] GC(2919) Metaspace: 35701K(36480K)->35701K(36480K) NonClass: 26486K(27072K)->26486K(27072K) Class: 9215K(9408K)->9215K(9408K)
[1030.590s][info][gc             ] GC(2919) Pause Young (Allocation Failure) 760M->477M(780M) 1.484ms
[1030.590s][info][gc,cpu         ] GC(2919) User=0.01s Sys=0.00s Real=0.00s
[1030.751s][info][gc,start       ] GC(2920) Pause Young (Allocation Failure)
[1030.753s][info][gc,heap        ] GC(2920) PSYoungGen: 289856K(310272K)->64K(312320K) Eden: 289792K(289792K)->0K(293376K) From: 64K(20480K)->64K(18944K)
[1030.753s][info][gc,heap        ] GC(2920) ParOldGen: 488469K(488960K)->488477K(488960K)
[1030.753s][info][gc,metaspace   ] GC(2920) Metaspace: 35701K(36480K)->35701K(36480K) NonClass: 26486K(27072K)->26486K(27072K) Class: 9215K(9408K)->9215K(9408K)
[1030.753s][info][gc             ] GC(2920) Pause Young (Allocation Failure) 760M->477M(782M) 1.533ms
[1030.753s][info][gc,cpu         ] GC(2920) User=0.00s Sys=0.00s Real=0.00s
[1030.805s][info][gc,start       ] GC(2921) Pause Young (Allocation Failure)
[1030.806s][info][gc,heap        ] GC(2921) PSYoungGen: 293440K(312320K)->64K(311808K) Eden: 293376K(293376K)->0K(293376K) From: 64K(18944K)->64K(18432K)
[1030.806s][info][gc,heap        ] GC(2921) ParOldGen: 488477K(488960K)->488493K(488960K)
[1030.806s][info][gc,metaspace   ] GC(2921) Metaspace: 35701K(36480K)->35701K(36480K) NonClass: 26486K(27072K)->26486K(27072K) Class: 9215K(9408K)->9215K(9408K)
[1030.806s][info][gc             ] GC(2921) Pause Young (Allocation Failure) 763M->477M(782M) 1.454ms
[1030.806s][info][gc,cpu         ] GC(2921) User=0.00s Sys=0.00s Real=0.00s
[1030.920s][info][gc,start       ] GC(2922) Pause Young (Allocation Failure)
[1030.921s][info][gc,heap        ] GC(2922) PSYoungGen: 293440K(311808K)->64K(314368K) Eden: 293376K(293376K)->0K(296960K) From: 64K(18432K)->64K(17408K)
[1030.921s][info][gc,heap        ] GC(2922) ParOldGen: 488493K(488960K)->488493K(488960K)
[1030.921s][info][gc,metaspace   ] GC(2922) Metaspace: 35701K(36480K)->35701K(36480K) NonClass: 26486K(27072K)->26486K(27072K) Class: 9215K(9408K)->9215K(9408K)
[1030.921s][info][gc             ] GC(2922) Pause Young (Allocation Failure) 763M->477M(784M) 1.420ms
[1030.921s][info][gc,cpu         ] GC(2922) User=0.00s Sys=0.00s Real=0.00s
[1031.165s][info][gc,start       ] GC(2923) Pause Young (Allocation Failure)
[1031.167s][info][gc,heap        ] GC(2923) PSYoungGen: 297024K(314368K)->64K(313856K) Eden: 296960K(296960K)->0K(296960K) From: 64K(17408K)->64K(16896K)
[1031.167s][info][gc,heap        ] GC(2923) ParOldGen: 488493K(488960K)->488509K(488960K)
[1031.167s][info][gc,metaspace   ] GC(2923) Metaspace: 35701K(36480K)->35701K(36480K) NonClass: 26486K(27072K)->26486K(27072K) Class: 9215K(9408K)->9215K(9408K)
[1031.167s][info][gc             ] GC(2923) Pause Young (Allocation Failure) 767M->477M(784M) 1.552ms
[1031.167s][info][gc,cpu         ] GC(2923) User=0.00s Sys=0.00s Real=0.00s
[1031.334s][info][gc,start       ] GC(2924) Pause Young (Allocation Failure)
[1031.336s][info][gc,heap        ] GC(2924) PSYoungGen: 297024K(313856K)->64K(315904K) Eden: 296960K(296960K)->0K(300544K) From: 64K(16896K)->64K(15360K)
[1031.336s][info][gc,heap        ] GC(2924) ParOldGen: 488509K(488960K)->488509K(488960K)
[1031.336s][info][gc,metaspace   ] GC(2924) Metaspace: 35701K(36480K)->35701K(36480K) NonClass: 26486K(27072K)->26486K(27072K) Class: 9215K(9408K)->9215K(9408K)
[1031.336s][info][gc             ] GC(2924) Pause Young (Allocation Failure) 767M->477M(786M) 1.557ms
[1031.336s][info][gc,cpu         ] GC(2924) User=0.00s Sys=0.00s Real=0.00s
[1031.417s][info][gc,start       ] GC(2925) Pause Young (Allocation Failure)
[1031.419s][info][gc,heap        ] GC(2925) PSYoungGen: 300608K(315904K)->64K(315392K) Eden: 300544K(300544K)->0K(300544K) From: 64K(15360K)->64K(14848K)
[1031.419s][info][gc,heap        ] GC(2925) ParOldGen: 488509K(488960K)->488525K(488960K)
[1031.419s][info][gc,metaspace   ] GC(2925) Metaspace: 35701K(36480K)->35701K(36480K) NonClass: 26486K(27072K)->26486K(27072K) Class: 9215K(9408K)->9215K(9408K)
[1031.419s][info][gc             ] GC(2925) Pause Young (Allocation Failure) 770M->477M(785M) 1.563ms
[1031.419s][info][gc,cpu         ] GC(2925) User=0.01s Sys=0.00s Real=0.00s
[1031.581s][info][gc,start       ] GC(2926) Pause Young (Allocation Failure)
[1031.582s][info][gc,heap        ] GC(2926) PSYoungGen: 300608K(315392K)->64K(317952K) Eden: 300544K(300544K)->0K(304128K) From: 64K(14848K)->64K(13824K)
[1031.582s][info][gc,heap        ] GC(2926) ParOldGen: 488525K(488960K)->488525K(488960K)
[1031.582s][info][gc,metaspace   ] GC(2926) Metaspace: 35701K(36480K)->35701K(36480K) NonClass: 26486K(27072K)->26486K(27072K) Class: 9215K(9408K)->9215K(9408K)
[1031.582s][info][gc             ] GC(2926) Pause Young (Allocation Failure) 770M->477M(788M) 1.600ms
[1031.582s][info][gc,cpu         ] GC(2926) User=0.00s Sys=0.00s Real=0.00s
[1032.488s][info][gc,start       ] GC(2927) Pause Young (Allocation Failure)
[1032.489s][info][gc,heap        ] GC(2927) PSYoungGen: 304192K(317952K)->64K(317440K) Eden: 304128K(304128K)->0K(304128K) From: 64K(13824K)->64K(13312K)
[1032.489s][info][gc,heap        ] GC(2927) ParOldGen: 488525K(488960K)->488533K(488960K)
[1032.489s][info][gc,metaspace   ] GC(2927) Metaspace: 35701K(36480K)->35701K(36480K) NonClass: 26486K(27072K)->26486K(27072K) Class: 9215K(9408K)->9215K(9408K)
[1032.489s][info][gc             ] GC(2927) Pause Young (Allocation Failure) 774M->477M(787M) 1.623ms
[1032.489s][info][gc,cpu         ] GC(2927) User=0.00s Sys=0.00s Real=0.00s
[1033.323s][info][gc,start       ] GC(2928) Pause Young (Allocation Failure)
[1033.325s][info][gc,heap        ] GC(2928) PSYoungGen: 304192K(317440K)->64K(292352K) Eden: 304128K(304128K)->0K(291840K) From: 64K(13312K)->64K(512K)
[1033.325s][info][gc,heap        ] GC(2928) ParOldGen: 488533K(488960K)->488541K(488960K)
[1033.325s][info][gc,metaspace   ] GC(2928) Metaspace: 35701K(36480K)->35701K(36480K) NonClass: 26486K(27072K)->26486K(27072K) Class: 9215K(9408K)->9215K(9408K)
[1033.325s][info][gc             ] GC(2928) Pause Young (Allocation Failure) 774M->477M(763M) 1.708ms
[1033.325s][info][gc,cpu         ] GC(2928) User=0.00s Sys=0.00s Real=0.00s
[1033.756s][info][gc,start       ] GC(2929) Pause Young (Allocation Failure)
[1033.757s][info][gc,heap        ] GC(2929) PSYoungGen: 291904K(292352K)->64K(291840K) Eden: 291840K(291840K)->0K(280576K) From: 64K(512K)->64K(11264K)
[1033.757s][info][gc,heap        ] GC(2929) ParOldGen: 488541K(488960K)->488549K(488960K)
[1033.757s][info][gc,metaspace   ] GC(2929) Metaspace: 35701K(36480K)->35701K(36480K) NonClass: 26486K(27072K)->26486K(27072K) Class: 9215K(9408K)->9215K(9408K)
[1033.757s][info][gc             ] GC(2929) Pause Young (Allocation Failure) 762M->477M(762M) 1.459ms
[1033.757s][info][gc,cpu         ] GC(2929) User=0.00s Sys=0.00s Real=0.01s
[1034.775s][info][gc,start       ] GC(2930) Pause Young (Allocation Failure)
[1034.777s][info][gc,heap        ] GC(2930) PSYoungGen: 280640K(291840K)->64K(270336K) Eden: 280576K(280576K)->0K(269824K) From: 64K(11264K)->64K(512K)
[1034.777s][info][gc,heap        ] GC(2930) ParOldGen: 488549K(488960K)->488557K(488960K)
[1034.777s][info][gc,metaspace   ] GC(2930) Metaspace: 35701K(36480K)->35701K(36480K) NonClass: 26486K(27072K)->26486K(27072K) Class: 9215K(9408K)->9215K(9408K)
[1034.777s][info][gc             ] GC(2930) Pause Young (Allocation Failure) 751M->477M(741M) 2.152ms
[1034.777s][info][gc,cpu         ] GC(2930) User=0.00s Sys=0.00s Real=0.00s
[1035.166s][info][gc,start       ] GC(2931) Pause Young (Allocation Failure)
[1035.168s][info][gc,heap        ] GC(2931) PSYoungGen: 269888K(270336K)->64K(269824K) Eden: 269824K(269824K)->0K(259584K) From: 64K(512K)->64K(10240K)
[1035.168s][info][gc,heap        ] GC(2931) ParOldGen: 488557K(488960K)->488565K(488960K)
[1035.168s][info][gc,metaspace   ] GC(2931) Metaspace: 35701K(36480K)->35701K(36480K) NonClass: 26486K(27072K)->26486K(27072K) Class: 9215K(9408K)->9215K(9408K)
[1035.168s][info][gc             ] GC(2931) Pause Young (Allocation Failure) 740M->477M(741M) 1.452ms
[1035.168s][info][gc,cpu         ] GC(2931) User=0.01s Sys=0.00s Real=0.01s
[1035.338s][info][gc,start       ] GC(2932) Pause Young (Allocation Failure)
[1035.340s][info][gc,heap        ] GC(2932) PSYoungGen: 259648K(269824K)->64K(250368K) Eden: 259584K(259584K)->0K(249856K) From: 64K(10240K)->64K(512K)
[1035.340s][info][gc,heap        ] GC(2932) ParOldGen: 488565K(488960K)->488573K(488960K)
[1035.340s][info][gc,metaspace   ] GC(2932) Metaspace: 35701K(36480K)->35701K(36480K) NonClass: 26486K(27072K)->26486K(27072K) Class: 9215K(9408K)->9215K(9408K)
[1035.340s][info][gc             ] GC(2932) Pause Young (Allocation Failure) 730M->477M(722M) 1.943ms
[1035.340s][info][gc,cpu         ] GC(2932) User=0.01s Sys=0.00s Real=0.00s
[1035.512s][info][gc,start       ] GC(2933) Pause Young (Allocation Failure)
[1035.514s][info][gc,heap        ] GC(2933) PSYoungGen: 249920K(250368K)->64K(249344K) Eden: 249856K(249856K)->0K(240640K) From: 64K(512K)->64K(8704K)
[1035.514s][info][gc,heap        ] GC(2933) ParOldGen: 488573K(488960K)->488581K(488960K)
[1035.514s][info][gc,metaspace   ] GC(2933) Metaspace: 35701K(36480K)->35701K(36480K) NonClass: 26486K(27072K)->26486K(27072K) Class: 9215K(9408K)->9215K(9408K)
[1035.514s][info][gc             ] GC(2933) Pause Young (Allocation Failure) 721M->477M(721M) 1.421ms
[1035.514s][info][gc,cpu         ] GC(2933) User=0.00s Sys=0.00s Real=0.00s
[1035.996s][info][gc,start       ] GC(2934) Pause Young (Allocation Failure)
[1035.998s][info][gc,heap        ] GC(2934) PSYoungGen: 240704K(249344K)->64K(231936K) Eden: 240640K(240640K)->0K(231424K) From: 64K(8704K)->64K(512K)
[1035.998s][info][gc,heap        ] GC(2934) ParOldGen: 488581K(488960K)->488589K(488960K)
[1035.998s][info][gc,metaspace   ] GC(2934) Metaspace: 35701K(36480K)->35701K(36480K) NonClass: 26486K(27072K)->26486K(27072K) Class: 9215K(9408K)->9215K(9408K)
[1035.998s][info][gc             ] GC(2934) Pause Young (Allocation Failure) 712M->477M(704M) 2.007ms
[1035.998s][info][gc,cpu         ] GC(2934) User=0.00s Sys=0.00s Real=0.01s
[1036.266s][info][gc,start       ] GC(2935) Pause Young (Allocation Failure)
[1036.267s][info][gc,heap        ] GC(2935) PSYoungGen: 231488K(231936K)->64K(230400K) Eden: 231424K(231424K)->0K(222720K) From: 64K(512K)->64K(7680K)
[1036.267s][info][gc,heap        ] GC(2935) ParOldGen: 488589K(488960K)->488597K(488960K)
[1036.267s][info][gc,metaspace   ] GC(2935) Metaspace: 35701K(36480K)->35701K(36480K) NonClass: 26486K(27072K)->26486K(27072K) Class: 9215K(9408K)->9215K(9408K)
[1036.267s][info][gc             ] GC(2935) Pause Young (Allocation Failure) 703M->477M(702M) 1.446ms
[1036.267s][info][gc,cpu         ] GC(2935) User=0.00s Sys=0.00s Real=0.01s
[1036.558s][info][gc,start       ] GC(2936) Pause Young (Allocation Failure)
[1036.604s][info][gc,heap        ] GC(2936) PSYoungGen: 222784K(230400K)->7168K(273408K) Eden: 222720K(222720K)->0K(266240K) From: 64K(7680K)->7168K(7168K)
[1036.604s][info][gc,heap        ] GC(2936) ParOldGen: 488597K(488960K)->503181K(503296K)
[1036.604s][info][gc,metaspace   ] GC(2936) Metaspace: 35701K(36480K)->35701K(36480K) NonClass: 26486K(27072K)->26486K(27072K) Class: 9215K(9408K)->9215K(9408K)
[1036.604s][info][gc             ] GC(2936) Pause Young (Allocation Failure) 694M->498M(758M) 46.364ms
[1036.604s][info][gc,cpu         ] GC(2936) User=0.07s Sys=0.01s Real=0.04s
[1036.913s][info][gc,start       ] GC(2937) Pause Young (Allocation Failure)
[1036.972s][info][gc,heap        ] GC(2937) PSYoungGen: 273408K(273408K)->14336K(280576K) Eden: 266240K(266240K)->0K(266240K) From: 7168K(7168K)->14336K(14336K)
[1036.972s][info][gc,heap        ] GC(2937) ParOldGen: 503181K(503296K)->519189K(519680K)
[1036.972s][info][gc,metaspace   ] GC(2937) Metaspace: 35701K(36480K)->35701K(36480K) NonClass: 26486K(27072K)->26486K(27072K) Class: 9215K(9408K)->9215K(9408K)
[1036.972s][info][gc             ] GC(2937) Pause Young (Allocation Failure) 758M->521M(781M) 58.672ms
[1036.972s][info][gc,cpu         ] GC(2937) User=0.10s Sys=0.02s Real=0.06s
[1037.127s][info][gc,start       ] GC(2938) Pause Young (Allocation Failure)
[1037.154s][info][gc,heap        ] GC(2938) PSYoungGen: 280576K(280576K)->10944K(310272K) Eden: 266240K(266240K)->0K(286720K) From: 14336K(14336K)->10944K(23552K)
[1037.154s][info][gc,heap        ] GC(2938) ParOldGen: 519189K(519680K)->519621K(519680K)
[1037.154s][info][gc,metaspace   ] GC(2938) Metaspace: 35701K(36480K)->35701K(36480K) NonClass: 26486K(27072K)->26486K(27072K) Class: 9215K(9408K)->9215K(9408K)
[1037.154s][info][gc             ] GC(2938) Pause Young (Allocation Failure) 781M->518M(810M) 26.220ms
[1037.154s][info][gc,cpu         ] GC(2938) User=0.05s Sys=0.00s Real=0.02s
[1037.533s][info][gc,start       ] GC(2939) Pause Young (Allocation Failure)
[1037.535s][info][gc,heap        ] GC(2939) PSYoungGen: 297664K(310272K)->64K(287232K) Eden: 286720K(286720K)->0K(286720K) From: 10944K(23552K)->64K(512K)
[1037.535s][info][gc,heap        ] GC(2939) ParOldGen: 519621K(519680K)->519629K(519680K)
[1037.535s][info][gc,metaspace   ] GC(2939) Metaspace: 35701K(36480K)->35701K(36480K) NonClass: 26486K(27072K)->26486K(27072K) Class: 9215K(9408K)->9215K(9408K)
[1037.535s][info][gc             ] GC(2939) Pause Young (Allocation Failure) 798M->507M(788M) 1.746ms
[1037.535s][info][gc,cpu         ] GC(2939) User=0.00s Sys=0.00s Real=0.00s
[1038.074s][info][gc,start       ] GC(2940) Pause Young (Allocation Failure)
[1038.075s][info][gc,heap        ] GC(2940) PSYoungGen: 286784K(287232K)->64K(310784K) Eden: 286720K(286720K)->0K(287744K) From: 64K(512K)->64K(23040K)
[1038.075s][info][gc,heap        ] GC(2940) ParOldGen: 519629K(519680K)->519637K(519680K)
[1038.075s][info][gc,metaspace   ] GC(2940) Metaspace: 35701K(36480K)->35701K(36480K) NonClass: 26486K(27072K)->26486K(27072K) Class: 9215K(9408K)->9215K(9408K)
[1038.075s][info][gc             ] GC(2940) Pause Young (Allocation Failure) 787M->507M(811M) 1.658ms
[1038.075s][info][gc,cpu         ] GC(2940) User=0.00s Sys=0.00s Real=0.00s
[1038.521s][info][gc,start       ] GC(2941) Pause Young (Allocation Failure)
[1038.522s][info][gc,heap        ] GC(2941) PSYoungGen: 287808K(310784K)->64K(309760K) Eden: 287744K(287744K)->0K(287744K) From: 64K(23040K)->64K(22016K)
[1038.523s][info][gc,heap        ] GC(2941) ParOldGen: 519637K(519680K)->519653K(519680K)
[1038.523s][info][gc,metaspace   ] GC(2941) Metaspace: 35701K(36480K)->35701K(36480K) NonClass: 26486K(27072K)->26486K(27072K) Class: 9215K(9408K)->9215K(9408K)
[1038.523s][info][gc             ] GC(2941) Pause Young (Allocation Failure) 788M->507M(810M) 1.638ms
[1038.523s][info][gc,cpu         ] GC(2941) User=0.00s Sys=0.00s Real=0.00s
[1038.758s][info][gc,start       ] GC(2942) Pause Young (Allocation Failure)
[1038.760s][info][gc,heap        ] GC(2942) PSYoungGen: 287808K(309760K)->64K(310272K) Eden: 287744K(287744K)->0K(289280K) From: 64K(22016K)->64K(20992K)
[1038.760s][info][gc,heap        ] GC(2942) ParOldGen: 519653K(519680K)->519669K(519680K)
[1038.760s][info][gc,metaspace   ] GC(2942) Metaspace: 35701K(36480K)->35701K(36480K) NonClass: 26486K(27072K)->26486K(27072K) Class: 9215K(9408K)->9215K(9408K)
[1038.760s][info][gc             ] GC(2942) Pause Young (Allocation Failure) 788M->507M(810M) 1.547ms
[1038.760s][info][gc,cpu         ] GC(2942) User=0.01s Sys=0.00s Real=0.00s
[1038.997s][info][gc,start       ] GC(2943) Pause Young (Allocation Failure)
[1038.999s][info][gc,heap        ] GC(2943) PSYoungGen: 289344K(310272K)->64K(309760K) Eden: 289280K(289280K)->0K(289280K) From: 64K(20992K)->64K(20480K)
[1038.999s][info][gc,heap        ] GC(2943) ParOldGen: 519669K(519680K)->519669K(519680K)
[1038.999s][info][gc,metaspace   ] GC(2943) Metaspace: 35701K(36480K)->35701K(36480K) NonClass: 26486K(27072K)->26486K(27072K) Class: 9215K(9408K)->9215K(9408K)
[1038.999s][info][gc             ] GC(2943) Pause Young (Allocation Failure) 790M->507M(810M) 1.543ms
[1038.999s][info][gc,cpu         ] GC(2943) User=0.01s Sys=0.00s Real=0.00s
[1039.285s][info][gc,start       ] GC(2944) Pause Young (Allocation Failure)
[1039.287s][info][gc,heap        ] GC(2944) PSYoungGen: 289344K(309760K)->64K(312320K) Eden: 289280K(289280K)->0K(293376K) From: 64K(20480K)->64K(18944K)
[1039.287s][info][gc,heap        ] GC(2944) ParOldGen: 519669K(519680K)->519669K(519680K)
[1039.287s][info][gc,metaspace   ] GC(2944) Metaspace: 35701K(36480K)->35701K(36480K) NonClass: 26486K(27072K)->26486K(27072K) Class: 9215K(9408K)->9215K(9408K)
[1039.287s][info][gc             ] GC(2944) Pause Young (Allocation Failure) 790M->507M(812M) 1.535ms
[1039.287s][info][gc,cpu         ] GC(2944) User=0.00s Sys=0.00s Real=0.00s
[1039.339s][info][gc,start       ] GC(2945) Pause Young (Allocation Failure)
[1039.340s][info][gc,heap        ] GC(2945) PSYoungGen: 293440K(312320K)->64K(311808K) Eden: 293376K(293376K)->0K(293376K) From: 64K(18944K)->64K(18432K)
[1039.340s][info][gc,heap        ] GC(2945) ParOldGen: 519669K(519680K)->519685K(520192K)
[1039.340s][info][gc,metaspace   ] GC(2945) Metaspace: 35701K(36480K)->35701K(36480K) NonClass: 26486K(27072K)->26486K(27072K) Class: 9215K(9408K)->9215K(9408K)
[1039.340s][info][gc             ] GC(2945) Pause Young (Allocation Failure) 794M->507M(812M) 1.535ms
[1039.340s][info][gc,cpu         ] GC(2945) User=0.00s Sys=0.00s Real=0.00s
[1039.438s][info][gc,start       ] GC(2946) Pause Young (Allocation Failure)
[1039.440s][info][gc,heap        ] GC(2946) PSYoungGen: 293440K(311808K)->64K(314368K) Eden: 293376K(293376K)->0K(297472K) From: 64K(18432K)->64K(16896K)
[1039.440s][info][gc,heap        ] GC(2946) ParOldGen: 519685K(520192K)->519685K(520192K)
[1039.440s][info][gc,metaspace   ] GC(2946) Metaspace: 35701K(36480K)->35701K(36480K) NonClass: 26486K(27072K)->26486K(27072K) Class: 9215K(9408K)->9215K(9408K)
[1039.440s][info][gc             ] GC(2946) Pause Young (Allocation Failure) 794M->507M(815M) 1.578ms
[1039.440s][info][gc,cpu         ] GC(2946) User=0.00s Sys=0.00s Real=0.00s
[1039.685s][info][gc,start       ] GC(2947) Pause Young (Allocation Failure)
[1039.687s][info][gc,heap        ] GC(2947) PSYoungGen: 297536K(314368K)->64K(313856K) Eden: 297472K(297472K)->0K(297472K) From: 64K(16896K)->64K(16384K)
[1039.687s][info][gc,heap        ] GC(2947) ParOldGen: 519685K(520192K)->519701K(520192K)
[1039.687s][info][gc,metaspace   ] GC(2947) Metaspace: 35701K(36480K)->35701K(36480K) NonClass: 26486K(27072K)->26486K(27072K) Class: 9215K(9408K)->9215K(9408K)
[1039.687s][info][gc             ] GC(2947) Pause Young (Allocation Failure) 798M->507M(814M) 1.555ms
[1039.687s][info][gc,cpu         ] GC(2947) User=0.00s Sys=0.00s Real=0.00s
[1039.867s][info][gc,start       ] GC(2948) Pause Young (Allocation Failure)
[1039.868s][info][gc,heap        ] GC(2948) PSYoungGen: 297536K(313856K)->64K(316416K) Eden: 297472K(297472K)->0K(301568K) From: 64K(16384K)->64K(14848K)
[1039.868s][info][gc,heap        ] GC(2948) ParOldGen: 519701K(520192K)->519701K(520192K)
[1039.868s][info][gc,metaspace   ] GC(2948) Metaspace: 35701K(36480K)->35701K(36480K) NonClass: 26486K(27072K)->26486K(27072K) Class: 9215K(9408K)->9215K(9408K)
[1039.868s][info][gc             ] GC(2948) Pause Young (Allocation Failure) 798M->507M(817M) 1.656ms
[1039.868s][info][gc,cpu         ] GC(2948) User=0.00s Sys=0.00s Real=0.01s
[1039.952s][info][gc,start       ] GC(2949) Pause Young (Allocation Failure)
[1039.954s][info][gc,heap        ] GC(2949) PSYoungGen: 301632K(316416K)->64K(316416K) Eden: 301568K(301568K)->0K(301568K) From: 64K(14848K)->64K(14848K)
[1039.954s][info][gc,heap        ] GC(2949) ParOldGen: 519701K(520192K)->519717K(520192K)
[1039.954s][info][gc,metaspace   ] GC(2949) Metaspace: 35701K(36480K)->35701K(36480K) NonClass: 26486K(27072K)->26486K(27072K) Class: 9215K(9408K)->9215K(9408K)
[1039.954s][info][gc             ] GC(2949) Pause Young (Allocation Failure) 802M->507M(817M) 1.614ms
[1039.954s][info][gc,cpu         ] GC(2949) User=0.01s Sys=0.00s Real=0.00s
[1040.108s][info][gc,start       ] GC(2950) Pause Young (Allocation Failure)
[1040.110s][info][gc,heap        ] GC(2950) PSYoungGen: 301632K(316416K)->64K(317952K) Eden: 301568K(301568K)->0K(305152K) From: 64K(14848K)->64K(12800K)
[1040.110s][info][gc,heap        ] GC(2950) ParOldGen: 519717K(520192K)->519717K(520192K)
[1040.110s][info][gc,metaspace   ] GC(2950) Metaspace: 35701K(36480K)->35701K(36480K) NonClass: 26486K(27072K)->26486K(27072K) Class: 9215K(9408K)->9215K(9408K)
[1040.110s][info][gc             ] GC(2950) Pause Young (Allocation Failure) 802M->507M(818M) 1.568ms
[1040.110s][info][gc,cpu         ] GC(2950) User=0.00s Sys=0.00s Real=0.00s
[1041.024s][info][gc,start       ] GC(2951) Pause Young (Allocation Failure)
[1041.026s][info][gc,heap        ] GC(2951) PSYoungGen: 305216K(317952K)->64K(317952K) Eden: 305152K(305152K)->0K(305152K) From: 64K(12800K)->64K(12800K)
[1041.026s][info][gc,heap        ] GC(2951) ParOldGen: 519717K(520192K)->519725K(520192K)
[1041.026s][info][gc,metaspace   ] GC(2951) Metaspace: 35701K(36480K)->35701K(36480K) NonClass: 26486K(27072K)->26486K(27072K) Class: 9215K(9408K)->9215K(9408K)
[1041.026s][info][gc             ] GC(2951) Pause Young (Allocation Failure) 805M->507M(818M) 1.720ms
[1041.026s][info][gc,cpu         ] GC(2951) User=0.00s Sys=0.00s Real=0.00s
[1041.859s][info][gc,start       ] GC(2952) Pause Young (Allocation Failure)
[1041.861s][info][gc,heap        ] GC(2952) PSYoungGen: 305216K(317952K)->64K(293376K) Eden: 305152K(305152K)->0K(292864K) From: 64K(12800K)->64K(512K)
[1041.861s][info][gc,heap        ] GC(2952) ParOldGen: 519725K(520192K)->519733K(520192K)
[1041.861s][info][gc,metaspace   ] GC(2952) Metaspace: 35701K(36480K)->35701K(36480K) NonClass: 26486K(27072K)->26486K(27072K) Class: 9215K(9408K)->9215K(9408K)
[1041.861s][info][gc             ] GC(2952) Pause Young (Allocation Failure) 805M->507M(794M) 1.784ms
[1041.861s][info][gc,cpu         ] GC(2952) User=0.01s Sys=0.00s Real=0.00s
[1042.267s][info][gc,start       ] GC(2953) Pause Young (Allocation Failure)
[1042.269s][info][gc,heap        ] GC(2953) PSYoungGen: 292928K(293376K)->64K(292864K) Eden: 292864K(292864K)->0K(281600K) From: 64K(512K)->64K(11264K)
[1042.269s][info][gc,heap        ] GC(2953) ParOldGen: 519733K(520192K)->519741K(520192K)
[1042.269s][info][gc,metaspace   ] GC(2953) Metaspace: 35701K(36480K)->35701K(36480K) NonClass: 26486K(27072K)->26486K(27072K) Class: 9215K(9408K)->9215K(9408K)
[1042.269s][info][gc             ] GC(2953) Pause Young (Allocation Failure) 793M->507M(794M) 1.645ms
[1042.269s][info][gc,cpu         ] GC(2953) User=0.00s Sys=0.00s Real=0.00s
[1043.311s][info][gc,start       ] GC(2954) Pause Young (Allocation Failure)
[1043.314s][info][gc,heap        ] GC(2954) PSYoungGen: 281664K(292864K)->64K(271360K) Eden: 281600K(281600K)->0K(270848K) From: 64K(11264K)->64K(512K)
[1043.314s][info][gc,heap        ] GC(2954) ParOldGen: 519741K(520192K)->519749K(520192K)
[1043.314s][info][gc,metaspace   ] GC(2954) Metaspace: 35701K(36480K)->35701K(36480K) NonClass: 26486K(27072K)->26486K(27072K) Class: 9215K(9408K)->9215K(9408K)
[1043.314s][info][gc             ] GC(2954) Pause Young (Allocation Failure) 782M->507M(773M) 2.677ms
[1043.314s][info][gc,cpu         ] GC(2954) User=0.00s Sys=0.00s Real=0.00s
[1043.709s][info][gc,start       ] GC(2955) Pause Young (Allocation Failure)
[1043.712s][info][gc,heap        ] GC(2955) PSYoungGen: 270912K(271360K)->64K(270848K) Eden: 270848K(270848K)->0K(260608K) From: 64K(512K)->64K(10240K)
[1043.712s][info][gc,heap        ] GC(2955) ParOldGen: 519749K(520192K)->519757K(520192K)
[1043.712s][info][gc,metaspace   ] GC(2955) Metaspace: 35701K(36480K)->35701K(36480K) NonClass: 26486K(27072K)->26486K(27072K) Class: 9215K(9408K)->9215K(9408K)
[1043.712s][info][gc             ] GC(2955) Pause Young (Allocation Failure) 772M->507M(772M) 2.190ms
[1043.712s][info][gc,cpu         ] GC(2955) User=0.00s Sys=0.00s Real=0.00s
[1043.888s][info][gc,start       ] GC(2956) Pause Young (Allocation Failure)
[1043.891s][info][gc,heap        ] GC(2956) PSYoungGen: 260672K(270848K)->64K(251392K) Eden: 260608K(260608K)->0K(250880K) From: 64K(10240K)->64K(512K)
[1043.891s][info][gc,heap        ] GC(2956) ParOldGen: 519757K(520192K)->519773K(520192K)
[1043.891s][info][gc,metaspace   ] GC(2956) Metaspace: 35701K(36480K)->35701K(36480K) NonClass: 26486K(27072K)->26486K(27072K) Class: 9215K(9408K)->9215K(9408K)
[1043.891s][info][gc             ] GC(2956) Pause Young (Allocation Failure) 762M->507M(753M) 3.194ms
[1043.891s][info][gc,cpu         ] GC(2956) User=0.00s Sys=0.00s Real=0.00s
[1044.031s][info][gc,start       ] GC(2957) Pause Young (Allocation Failure)
[1044.034s][info][gc,heap        ] GC(2957) PSYoungGen: 250944K(251392K)->64K(293376K) Eden: 250880K(250880K)->0K(284672K) From: 64K(512K)->64K(8704K)
[1044.034s][info][gc,heap        ] GC(2957) ParOldGen: 519773K(520192K)->519789K(520192K)
[1044.034s][info][gc,metaspace   ] GC(2957) Metaspace: 35701K(36480K)->35701K(36480K) NonClass: 26486K(27072K)->26486K(27072K) Class: 9215K(9408K)->9215K(9408K)
[1044.034s][info][gc             ] GC(2957) Pause Young (Allocation Failure) 752M->507M(794M) 2.725ms
[1044.034s][info][gc,cpu         ] GC(2957) User=0.00s Sys=0.00s Real=0.00s
[1044.556s][info][gc,start       ] GC(2958) Pause Young (Allocation Failure)
[1044.559s][info][gc,heap        ] GC(2958) PSYoungGen: 284736K(293376K)->64K(305664K) Eden: 284672K(284672K)->0K(297472K) From: 64K(8704K)->64K(8192K)
[1044.559s][info][gc,heap        ] GC(2958) ParOldGen: 519789K(520192K)->519805K(520192K)
[1044.559s][info][gc,metaspace   ] GC(2958) Metaspace: 35701K(36480K)->35701K(36480K) NonClass: 26486K(27072K)->26486K(27072K) Class: 9215K(9408K)->9215K(9408K)
[1044.559s][info][gc             ] GC(2958) Pause Young (Allocation Failure) 785M->507M(806M) 2.695ms
[1044.559s][info][gc,cpu         ] GC(2958) User=0.00s Sys=0.00s Real=0.01s
[1044.961s][info][gc,start       ] GC(2959) Pause Young (Allocation Failure)
[1044.986s][info][gc,heap        ] GC(2959) PSYoungGen: 297536K(305664K)->7648K(305152K) Eden: 297472K(297472K)->0K(297472K) From: 64K(8192K)->7648K(7680K)
[1044.986s][info][gc,heap        ] GC(2959) ParOldGen: 519805K(520192K)->519821K(520192K)
[1044.986s][info][gc,metaspace   ] GC(2959) Metaspace: 35701K(36480K)->35701K(36480K) NonClass: 26486K(27072K)->26486K(27072K) Class: 9215K(9408K)->9215K(9408K)
[1044.986s][info][gc             ] GC(2959) Pause Young (Allocation Failure) 798M->515M(806M) 24.998ms
[1044.986s][info][gc,cpu         ] GC(2959) User=0.03s Sys=0.00s Real=0.02s
[1045.329s][info][gc,start       ] GC(2960) Pause Young (Allocation Failure)
[1045.399s][info][gc,heap        ] GC(2960) PSYoungGen: 305120K(305152K)->9216K(302080K) Eden: 297472K(297472K)->0K(292864K) From: 7648K(7680K)->9216K(9216K)
[1045.399s][info][gc,heap        ] GC(2960) ParOldGen: 519821K(520192K)->544085K(544256K)
[1045.399s][info][gc,metaspace   ] GC(2960) Metaspace: 35701K(36480K)->35701K(36480K) NonClass: 26486K(27072K)->26486K(27072K) Class: 9215K(9408K)->9215K(9408K)
[1045.399s][info][gc             ] GC(2960) Pause Young (Allocation Failure) 805M->540M(826M) 70.195ms
[1045.399s][info][gc,cpu         ] GC(2960) User=0.11s Sys=0.03s Real=0.07s
[1045.648s][info][gc,start       ] GC(2961) Pause Young (Allocation Failure)
[1045.691s][info][gc,heap        ] GC(2961) PSYoungGen: 302080K(302080K)->20480K(313344K) Eden: 292864K(292864K)->0K(292864K) From: 9216K(9216K)->20480K(20480K)
[1045.692s][info][gc,heap        ] GC(2961) ParOldGen: 544085K(544256K)->545805K(546304K)
[1045.692s][info][gc,metaspace   ] GC(2961) Metaspace: 35701K(36480K)->35701K(36480K) NonClass: 26486K(27072K)->26486K(27072K) Class: 9215K(9408K)->9215K(9408K)
[1045.692s][info][gc             ] GC(2961) Pause Young (Allocation Failure) 826M->553M(839M) 43.948ms
[1045.692s][info][gc,cpu         ] GC(2961) User=0.08s Sys=0.00s Real=0.04s
[1045.943s][info][gc,start       ] GC(2962) Pause Young (Allocation Failure)
[1045.945s][info][gc,heap        ] GC(2962) PSYoungGen: 313344K(313344K)->64K(305152K) Eden: 292864K(292864K)->0K(284672K) From: 20480K(20480K)->64K(20480K)
[1045.945s][info][gc,heap        ] GC(2962) ParOldGen: 545805K(546304K)->545837K(546304K)
[1045.945s][info][gc,metaspace   ] GC(2962) Metaspace: 35701K(36480K)->35701K(36480K) NonClass: 26486K(27072K)->26486K(27072K) Class: 9215K(9408K)->9215K(9408K)
[1045.946s][info][gc             ] GC(2962) Pause Young (Allocation Failure) 839M->533M(831M) 2.091ms
[1045.946s][info][gc,cpu         ] GC(2962) User=0.01s Sys=0.00s Real=0.00s
[1046.554s][info][gc,start       ] GC(2963) Pause Young (Allocation Failure)
[1046.555s][info][gc,heap        ] GC(2963) PSYoungGen: 284736K(305152K)->64K(309248K) Eden: 284672K(284672K)->0K(284672K) From: 64K(20480K)->64K(24576K)
[1046.555s][info][gc,heap        ] GC(2963) ParOldGen: 545837K(546304K)->545845K(546304K)
[1046.555s][info][gc,metaspace   ] GC(2963) Metaspace: 35701K(36480K)->35701K(36480K) NonClass: 26486K(27072K)->26486K(27072K) Class: 9215K(9408K)->9215K(9408K)
[1046.555s][info][gc             ] GC(2963) Pause Young (Allocation Failure) 811M->533M(835M) 1.733ms
[1046.555s][info][gc,cpu         ] GC(2963) User=0.01s Sys=0.00s Real=0.00s
[1047.020s][info][gc,start       ] GC(2964) Pause Young (Allocation Failure)
[1047.023s][info][gc,heap        ] GC(2964) PSYoungGen: 284736K(309248K)->64K(307200K) Eden: 284672K(284672K)->0K(285696K) From: 64K(24576K)->64K(21504K)
[1047.023s][info][gc,heap        ] GC(2964) ParOldGen: 545845K(546304K)->545861K(546304K)
[1047.023s][info][gc,metaspace   ] GC(2964) Metaspace: 35701K(36480K)->35701K(36480K) NonClass: 26486K(27072K)->26486K(27072K) Class: 9215K(9408K)->9215K(9408K)
[1047.023s][info][gc             ] GC(2964) Pause Young (Allocation Failure) 811M->533M(833M) 2.763ms
[1047.023s][info][gc,cpu         ] GC(2964) User=0.00s Sys=0.00s Real=0.00s
[1047.257s][info][gc,start       ] GC(2965) Pause Young (Allocation Failure)
[1047.259s][info][gc,heap        ] GC(2965) PSYoungGen: 285760K(307200K)->64K(308736K) Eden: 285696K(285696K)->0K(285696K) From: 64K(21504K)->64K(23040K)
[1047.259s][info][gc,heap        ] GC(2965) ParOldGen: 545861K(546304K)->545877K(546304K)
[1047.259s][info][gc,metaspace   ] GC(2965) Metaspace: 35701K(36480K)->35701K(36480K) NonClass: 26486K(27072K)->26486K(27072K) Class: 9215K(9408K)->9215K(9408K)
[1047.259s][info][gc             ] GC(2965) Pause Young (Allocation Failure) 812M->533M(835M) 1.759ms
[1047.259s][info][gc,cpu         ] GC(2965) User=0.00s Sys=0.00s Real=0.00s
[1047.494s][info][gc,start       ] GC(2966) Pause Young (Allocation Failure)
[1047.495s][info][gc,heap        ] GC(2966) PSYoungGen: 285760K(308736K)->64K(308224K) Eden: 285696K(285696K)->0K(288768K) From: 64K(23040K)->64K(19456K)
[1047.495s][info][gc,heap        ] GC(2966) ParOldGen: 545877K(546304K)->545877K(546304K)
[1047.495s][info][gc,metaspace   ] GC(2966) Metaspace: 35701K(36480K)->35701K(36480K) NonClass: 26486K(27072K)->26486K(27072K) Class: 9215K(9408K)->9215K(9408K)
[1047.495s][info][gc             ] GC(2966) Pause Young (Allocation Failure) 812M->533M(834M) 1.825ms
[1047.495s][info][gc,cpu         ] GC(2966) User=0.01s Sys=0.00s Real=0.00s
[1047.826s][info][gc,start       ] GC(2967) Pause Young (Allocation Failure)
[1047.828s][info][gc,heap        ] GC(2967) PSYoungGen: 288832K(308224K)->64K(309760K) Eden: 288768K(288768K)->0K(288768K) From: 64K(19456K)->64K(20992K)
[1047.828s][info][gc,heap        ] GC(2967) ParOldGen: 545877K(546304K)->545877K(546304K)
[1047.828s][info][gc,metaspace   ] GC(2967) Metaspace: 35701K(36480K)->35701K(36480K) NonClass: 26486K(27072K)->26486K(27072K) Class: 9215K(9408K)->9215K(9408K)
[1047.828s][info][gc             ] GC(2967) Pause Young (Allocation Failure) 815M->533M(836M) 1.631ms
[1047.828s][info][gc,cpu         ] GC(2967) User=0.00s Sys=0.00s Real=0.01s
[1047.877s][info][gc,start       ] GC(2968) Pause Young (Allocation Failure)
[1047.879s][info][gc,heap        ] GC(2968) PSYoungGen: 288832K(309760K)->64K(310272K) Eden: 288768K(288768K)->0K(292864K) From: 64K(20992K)->64K(17408K)
[1047.879s][info][gc,heap        ] GC(2968) ParOldGen: 545877K(546304K)->545893K(546304K)
[1047.879s][info][gc,metaspace   ] GC(2968) Metaspace: 35701K(36480K)->35701K(36480K) NonClass: 26486K(27072K)->26486K(27072K) Class: 9215K(9408K)->9215K(9408K)
[1047.879s][info][gc             ] GC(2968) Pause Young (Allocation Failure) 815M->533M(836M) 1.640ms
[1047.879s][info][gc,cpu         ] GC(2968) User=0.00s Sys=0.00s Real=0.00s
[1047.929s][info][gc,start       ] GC(2969) Pause Young (Allocation Failure)
[1047.931s][info][gc,heap        ] GC(2969) PSYoungGen: 292928K(310272K)->64K(311808K) Eden: 292864K(292864K)->0K(292864K) From: 64K(17408K)->64K(18944K)
[1047.931s][info][gc,heap        ] GC(2969) ParOldGen: 545893K(546304K)->545893K(546304K)
[1047.931s][info][gc,metaspace   ] GC(2969) Metaspace: 35701K(36480K)->35701K(36480K) NonClass: 26486K(27072K)->26486K(27072K) Class: 9215K(9408K)->9215K(9408K)
[1047.931s][info][gc             ] GC(2969) Pause Young (Allocation Failure) 819M->533M(838M) 1.512ms
[1047.931s][info][gc,cpu         ] GC(2969) User=0.00s Sys=0.00s Real=0.00s
[1048.167s][info][gc,start       ] GC(2970) Pause Young (Allocation Failure)
[1048.168s][info][gc,heap        ] GC(2970) PSYoungGen: 292928K(311808K)->64K(312320K) Eden: 292864K(292864K)->0K(296960K) From: 64K(18944K)->64K(15360K)
[1048.168s][info][gc,heap        ] GC(2970) ParOldGen: 545893K(546304K)->545893K(546304K)
[1048.168s][info][gc,metaspace   ] GC(2970) Metaspace: 35701K(36480K)->35701K(36480K) NonClass: 26486K(27072K)->26486K(27072K) Class: 9215K(9408K)->9215K(9408K)
[1048.168s][info][gc             ] GC(2970) Pause Young (Allocation Failure) 819M->533M(838M) 1.615ms
[1048.168s][info][gc,cpu         ] GC(2970) User=0.00s Sys=0.00s Real=0.01s
[1048.388s][info][gc,start       ] GC(2971) Pause Young (Allocation Failure)
[1048.390s][info][gc,heap        ] GC(2971) PSYoungGen: 297024K(312320K)->64K(313856K) Eden: 296960K(296960K)->0K(296960K) From: 64K(15360K)->64K(16896K)
[1048.390s][info][gc,heap        ] GC(2971) ParOldGen: 545893K(546304K)->545901K(546304K)
[1048.390s][info][gc,metaspace   ] GC(2971) Metaspace: 35701K(36480K)->35701K(36480K) NonClass: 26486K(27072K)->26486K(27072K) Class: 9215K(9408K)->9215K(9408K)
[1048.390s][info][gc             ] GC(2971) Pause Young (Allocation Failure) 823M->533M(840M) 1.709ms
[1048.390s][info][gc,cpu         ] GC(2971) User=0.00s Sys=0.00s Real=0.00s
[1048.475s][info][gc,start       ] GC(2972) Pause Young (Allocation Failure)
[1048.477s][info][gc,heap        ] GC(2972) PSYoungGen: 297024K(313856K)->64K(314368K) Eden: 296960K(296960K)->0K(301056K) From: 64K(16896K)->64K(13312K)
[1048.477s][info][gc,heap        ] GC(2972) ParOldGen: 545901K(546304K)->545909K(546304K)
[1048.477s][info][gc,metaspace   ] GC(2972) Metaspace: 35701K(36480K)->35701K(36480K) NonClass: 26486K(27072K)->26486K(27072K) Class: 9215K(9408K)->9215K(9408K)
[1048.477s][info][gc             ] GC(2972) Pause Young (Allocation Failure) 823M->533M(840M) 1.543ms
[1048.477s][info][gc,cpu         ] GC(2972) User=0.00s Sys=0.00s Real=0.00s
[1048.603s][info][gc,start       ] GC(2973) Pause Young (Allocation Failure)
[1048.604s][info][gc,heap        ] GC(2973) PSYoungGen: 301120K(314368K)->64K(315904K) Eden: 301056K(301056K)->0K(301056K) From: 64K(13312K)->64K(14848K)
[1048.604s][info][gc,heap        ] GC(2973) ParOldGen: 545909K(546304K)->545917K(546304K)
[1048.604s][info][gc,metaspace   ] GC(2973) Metaspace: 35701K(36480K)->35701K(36480K) NonClass: 26486K(27072K)->26486K(27072K) Class: 9215K(9408K)->9215K(9408K)
[1048.604s][info][gc             ] GC(2973) Pause Young (Allocation Failure) 827M->533M(842M) 1.554ms
[1048.604s][info][gc,cpu         ] GC(2973) User=0.01s Sys=0.00s Real=0.00s
[1049.003s][info][gc,start       ] GC(2974) Pause Young (Allocation Failure)
[1049.005s][info][gc,heap        ] GC(2974) PSYoungGen: 301120K(315904K)->64K(316416K) Eden: 301056K(301056K)->0K(305152K) From: 64K(14848K)->64K(11264K)
[1049.005s][info][gc,heap        ] GC(2974) ParOldGen: 545917K(546304K)->545925K(546304K)
[1049.005s][info][gc,metaspace   ] GC(2974) Metaspace: 35701K(36480K)->35701K(36480K) NonClass: 26486K(27072K)->26486K(27072K) Class: 9215K(9408K)->9215K(9408K)
[1049.005s][info][gc             ] GC(2974) Pause Young (Allocation Failure) 827M->533M(842M) 1.646ms
[1049.005s][info][gc,cpu         ] GC(2974) User=0.01s Sys=0.00s Real=0.00s
[1050.134s][info][gc,start       ] GC(2975) Pause Young (Allocation Failure)
[1050.135s][info][gc,heap        ] GC(2975) PSYoungGen: 305216K(316416K)->64K(317952K) Eden: 305152K(305152K)->0K(305152K) From: 64K(11264K)->64K(12800K)
[1050.135s][info][gc,heap        ] GC(2975) ParOldGen: 545925K(546304K)->545933K(546304K)
[1050.135s][info][gc,metaspace   ] GC(2975) Metaspace: 35701K(36480K)->35701K(36480K) NonClass: 26486K(27072K)->26486K(27072K) Class: 9215K(9408K)->9215K(9408K)
[1050.135s][info][gc             ] GC(2975) Pause Young (Allocation Failure) 831M->533M(844M) 1.622ms
[1050.135s][info][gc,cpu         ] GC(2975) User=0.01s Sys=0.00s Real=0.00s
[1050.638s][info][gc,start       ] GC(2976) Pause Young (Allocation Failure)
[1050.640s][info][gc,heap        ] GC(2976) PSYoungGen: 305216K(317952K)->64K(293376K) Eden: 305152K(305152K)->0K(292864K) From: 64K(12800K)->64K(512K)
[1050.640s][info][gc,heap        ] GC(2976) ParOldGen: 545933K(546304K)->545941K(546304K)
[1050.640s][info][gc,metaspace   ] GC(2976) Metaspace: 35701K(36480K)->35701K(36480K) NonClass: 26486K(27072K)->26486K(27072K) Class: 9215K(9408K)->9215K(9408K)
[1050.640s][info][gc             ] GC(2976) Pause Young (Allocation Failure) 831M->533M(820M) 2.145ms
[1050.640s][info][gc,cpu         ] GC(2976) User=0.00s Sys=0.00s Real=0.00s
[1051.293s][info][gc,start       ] GC(2977) Pause Young (Allocation Failure)
[1051.294s][info][gc,heap        ] GC(2977) PSYoungGen: 292928K(293376K)->64K(292864K) Eden: 292864K(292864K)->0K(281600K) From: 64K(512K)->64K(11264K)
[1051.294s][info][gc,heap        ] GC(2977) ParOldGen: 545941K(546304K)->545949K(546304K)
[1051.294s][info][gc,metaspace   ] GC(2977) Metaspace: 35701K(36480K)->35701K(36480K) NonClass: 26486K(27072K)->26486K(27072K) Class: 9215K(9408K)->9215K(9408K)
[1051.294s][info][gc             ] GC(2977) Pause Young (Allocation Failure) 819M->533M(819M) 1.735ms
[1051.294s][info][gc,cpu         ] GC(2977) User=0.00s Sys=0.00s Real=0.00s
[1052.054s][info][gc,start       ] GC(2978) Pause Young (Allocation Failure)
[1052.055s][info][gc,heap        ] GC(2978) PSYoungGen: 281664K(292864K)->64K(271360K) Eden: 281600K(281600K)->0K(270848K) From: 64K(11264K)->64K(512K)
[1052.055s][info][gc,heap        ] GC(2978) ParOldGen: 545949K(546304K)->545957K(546304K)
[1052.055s][info][gc,metaspace   ] GC(2978) Metaspace: 35701K(36480K)->35701K(36480K) NonClass: 26486K(27072K)->26486K(27072K) Class: 9215K(9408K)->9215K(9408K)
[1052.056s][info][gc             ] GC(2978) Pause Young (Allocation Failure) 808M->533M(798M) 1.832ms
[1052.056s][info][gc,cpu         ] GC(2978) User=0.00s Sys=0.00s Real=0.00s
[1052.411s][info][gc,start       ] GC(2979) Pause Young (Allocation Failure)
[1052.413s][info][gc,heap        ] GC(2979) PSYoungGen: 270912K(271360K)->64K(270336K) Eden: 270848K(270848K)->0K(260608K) From: 64K(512K)->64K(9728K)
[1052.413s][info][gc,heap        ] GC(2979) ParOldGen: 545957K(546304K)->545965K(546304K)
[1052.413s][info][gc,metaspace   ] GC(2979) Metaspace: 35701K(36480K)->35701K(36480K) NonClass: 26486K(27072K)->26486K(27072K) Class: 9215K(9408K)->9215K(9408K)
[1052.413s][info][gc             ] GC(2979) Pause Young (Allocation Failure) 797M->533M(797M) 1.613ms
[1052.413s][info][gc,cpu         ] GC(2979) User=0.01s Sys=0.00s Real=0.00s
[1052.504s][info][gc,start       ] GC(2980) Pause Young (Allocation Failure)
[1052.506s][info][gc,heap        ] GC(2980) PSYoungGen: 260672K(270336K)->64K(251392K) Eden: 260608K(260608K)->0K(250880K) From: 64K(9728K)->64K(512K)
[1052.506s][info][gc,heap        ] GC(2980) ParOldGen: 545965K(546304K)->545973K(546304K)
[1052.506s][info][gc,metaspace   ] GC(2980) Metaspace: 35701K(36480K)->35701K(36480K) NonClass: 26486K(27072K)->26486K(27072K) Class: 9215K(9408K)->9215K(9408K)
[1052.506s][info][gc             ] GC(2980) Pause Young (Allocation Failure) 787M->533M(779M) 2.074ms
[1052.506s][info][gc,cpu         ] GC(2980) User=0.00s Sys=0.00s Real=0.00s
[1053.070s][info][gc,start       ] GC(2981) Pause Young (Allocation Failure)
[1053.071s][info][gc,heap        ] GC(2981) PSYoungGen: 250944K(251392K)->64K(249856K) Eden: 250880K(250880K)->0K(241152K) From: 64K(512K)->64K(8704K)
[1053.071s][info][gc,heap        ] GC(2981) ParOldGen: 545973K(546304K)->545981K(546304K)
[1053.071s][info][gc,metaspace   ] GC(2981) Metaspace: 35701K(36480K)->35701K(36480K) NonClass: 26486K(27072K)->26486K(27072K) Class: 9215K(9408K)->9215K(9408K)
[1053.071s][info][gc             ] GC(2981) Pause Young (Allocation Failure) 778M->533M(777M) 1.622ms
[1053.071s][info][gc,cpu         ] GC(2981) User=0.00s Sys=0.01s Real=0.00s
[1053.297s][info][gc,start       ] GC(2982) Pause Young (Allocation Failure)
[1053.299s][info][gc,heap        ] GC(2982) PSYoungGen: 241216K(249856K)->64K(232448K) Eden: 241152K(241152K)->0K(231936K) From: 64K(8704K)->64K(512K)
[1053.299s][info][gc,heap        ] GC(2982) ParOldGen: 545981K(546304K)->545989K(546304K)
[1053.299s][info][gc,metaspace   ] GC(2982) Metaspace: 35701K(36480K)->35701K(36480K) NonClass: 26486K(27072K)->26486K(27072K) Class: 9215K(9408K)->9215K(9408K)
[1053.299s][info][gc             ] GC(2982) Pause Young (Allocation Failure) 768M->533M(760M) 2.001ms
[1053.299s][info][gc,cpu         ] GC(2982) User=0.00s Sys=0.00s Real=0.01s
[1053.617s][info][gc,start       ] GC(2983) Pause Young (Allocation Failure)
[1053.652s][info][gc,heap        ] GC(2983) PSYoungGen: 232000K(232448K)->7680K(284672K) Eden: 231936K(231936K)->0K(276992K) From: 64K(512K)->7680K(7680K)
[1053.652s][info][gc,heap        ] GC(2983) ParOldGen: 545989K(546304K)->557581K(558080K)
[1053.652s][info][gc,metaspace   ] GC(2983) Metaspace: 35701K(36480K)->35701K(36480K) NonClass: 26486K(27072K)->26486K(27072K) Class: 9215K(9408K)->9215K(9408K)
[1053.652s][info][gc             ] GC(2983) Pause Young (Allocation Failure) 759M->552M(823M) 35.222ms
[1053.652s][info][gc,cpu         ] GC(2983) User=0.06s Sys=0.00s Real=0.03s
[1053.976s][info][gc,start       ] GC(2984) Pause Young (Allocation Failure)
[1054.041s][info][gc,heap        ] GC(2984) PSYoungGen: 284672K(284672K)->13824K(281600K) Eden: 276992K(276992K)->0K(267776K) From: 7680K(7680K)->13824K(13824K)
[1054.041s][info][gc,heap        ] GC(2984) ParOldGen: 557581K(558080K)->575229K(575488K)
[1054.041s][info][gc,metaspace   ] GC(2984) Metaspace: 35701K(36480K)->35701K(36480K) NonClass: 26486K(27072K)->26486K(27072K) Class: 9215K(9408K)->9215K(9408K)
[1054.041s][info][gc             ] GC(2984) Pause Young (Allocation Failure) 822M->575M(837M) 65.149ms
[1054.041s][info][gc,cpu         ] GC(2984) User=0.12s Sys=0.01s Real=0.07s
[1054.208s][info][gc,start       ] GC(2985) Pause Young (Allocation Failure)
[1054.231s][info][gc,heap        ] GC(2985) PSYoungGen: 281600K(281600K)->12224K(290816K) Eden: 267776K(267776K)->0K(267776K) From: 13824K(13824K)->12224K(23040K)
[1054.231s][info][gc,heap        ] GC(2985) ParOldGen: 575229K(575488K)->575709K(576000K)
[1054.231s][info][gc,metaspace   ] GC(2985) Metaspace: 35701K(36480K)->35701K(36480K) NonClass: 26486K(27072K)->26486K(27072K) Class: 9215K(9408K)->9215K(9408K)
[1054.231s][info][gc             ] GC(2985) Pause Young (Allocation Failure) 836M->574M(846M) 23.712ms
[1054.231s][info][gc,cpu         ] GC(2985) User=0.05s Sys=0.00s Real=0.02s
[1054.546s][info][gc,start       ] GC(2986) Pause Young (Allocation Failure)
[1054.548s][info][gc,heap        ] GC(2986) PSYoungGen: 280000K(290816K)->64K(309760K) Eden: 267776K(267776K)->0K(286720K) From: 12224K(23040K)->64K(23040K)
[1054.548s][info][gc,heap        ] GC(2986) ParOldGen: 575709K(576000K)->575717K(576000K)
[1054.548s][info][gc,metaspace   ] GC(2986) Metaspace: 35701K(36480K)->35701K(36480K) NonClass: 26486K(27072K)->26486K(27072K) Class: 9215K(9408K)->9215K(9408K)
[1054.548s][info][gc             ] GC(2986) Pause Young (Allocation Failure) 835M->562M(865M) 1.860ms
[1054.548s][info][gc,cpu         ] GC(2986) User=0.00s Sys=0.00s Real=0.01s
[1055.133s][info][gc,start       ] GC(2987) Pause Young (Allocation Failure)
[1055.135s][info][gc,heap        ] GC(2987) PSYoungGen: 286784K(309760K)->64K(309760K) Eden: 286720K(286720K)->0K(286720K) From: 64K(23040K)->64K(23040K)
[1055.135s][info][gc,heap        ] GC(2987) ParOldGen: 575717K(576000K)->575725K(576000K)
[1055.135s][info][gc,metaspace   ] GC(2987) Metaspace: 35701K(36480K)->35701K(36480K) NonClass: 26486K(27072K)->26486K(27072K) Class: 9215K(9408K)->9215K(9408K)
[1055.135s][info][gc             ] GC(2987) Pause Young (Allocation Failure) 842M->562M(865M) 1.904ms
[1055.135s][info][gc,cpu         ] GC(2987) User=0.01s Sys=0.00s Real=0.00s
[1055.591s][info][gc,start       ] GC(2988) Pause Young (Allocation Failure)
[1055.593s][info][gc,heap        ] GC(2988) PSYoungGen: 286784K(309760K)->64K(309248K) Eden: 286720K(286720K)->0K(288256K) From: 64K(23040K)->64K(20992K)
[1055.593s][info][gc,heap        ] GC(2988) ParOldGen: 575725K(576000K)->575741K(576000K)
[1055.593s][info][gc,metaspace   ] GC(2988) Metaspace: 35701K(36480K)->35701K(36480K) NonClass: 26486K(27072K)->26486K(27072K) Class: 9215K(9408K)->9215K(9408K)
[1055.593s][info][gc             ] GC(2988) Pause Young (Allocation Failure) 842M->562M(864M) 1.844ms
[1055.593s][info][gc,cpu         ] GC(2988) User=0.00s Sys=0.00s Real=0.00s
[1055.828s][info][gc,start       ] GC(2989) Pause Young (Allocation Failure)
[1055.829s][info][gc,heap        ] GC(2989) PSYoungGen: 288320K(309248K)->64K(309760K) Eden: 288256K(288256K)->0K(288256K) From: 64K(20992K)->64K(21504K)
[1055.829s][info][gc,heap        ] GC(2989) ParOldGen: 575741K(576000K)->575757K(576000K)
[1055.829s][info][gc,metaspace   ] GC(2989) Metaspace: 35701K(36480K)->35701K(36480K) NonClass: 26486K(27072K)->26486K(27072K) Class: 9215K(9408K)->9215K(9408K)
[1055.829s][info][gc             ] GC(2989) Pause Young (Allocation Failure) 843M->562M(865M) 1.690ms
[1055.829s][info][gc,cpu         ] GC(2989) User=0.00s Sys=0.00s Real=0.00s
[1056.065s][info][gc,start       ] GC(2990) Pause Young (Allocation Failure)
[1056.067s][info][gc,heap        ] GC(2990) PSYoungGen: 288320K(309760K)->64K(311808K) Eden: 288256K(288256K)->0K(291840K) From: 64K(21504K)->64K(19968K)
[1056.067s][info][gc,heap        ] GC(2990) ParOldGen: 575757K(576000K)->575757K(576000K)
[1056.067s][info][gc,metaspace   ] GC(2990) Metaspace: 35701K(36480K)->35701K(36480K) NonClass: 26486K(27072K)->26486K(27072K) Class: 9215K(9408K)->9215K(9408K)
[1056.067s][info][gc             ] GC(2990) Pause Young (Allocation Failure) 843M->562M(867M) 1.693ms
[1056.067s][info][gc,cpu         ] GC(2990) User=0.00s Sys=0.00s Real=0.01s
[1056.372s][info][gc,start       ] GC(2991) Pause Young (Allocation Failure)
[1056.373s][info][gc,heap        ] GC(2991) PSYoungGen: 291904K(311808K)->64K(311808K) Eden: 291840K(291840K)->0K(291840K) From: 64K(19968K)->64K(19968K)
[1056.373s][info][gc,heap        ] GC(2991) ParOldGen: 575757K(576000K)->575757K(576000K)
[1056.373s][info][gc,metaspace   ] GC(2991) Metaspace: 35701K(36480K)->35701K(36480K) NonClass: 26486K(27072K)->26486K(27072K) Class: 9215K(9408K)->9215K(9408K)
[1056.373s][info][gc             ] GC(2991) Pause Young (Allocation Failure) 847M->562M(867M) 1.542ms
[1056.373s][info][gc,cpu         ] GC(2991) User=0.00s Sys=0.00s Real=0.00s
[1056.424s][info][gc,start       ] GC(2992) Pause Young (Allocation Failure)
[1056.426s][info][gc,heap        ] GC(2992) PSYoungGen: 291904K(311808K)->64K(312832K) Eden: 291840K(291840K)->0K(294912K) From: 64K(19968K)->64K(17920K)
[1056.426s][info][gc,heap        ] GC(2992) ParOldGen: 575757K(576000K)->575773K(576000K)
[1056.426s][info][gc,metaspace   ] GC(2992) Metaspace: 35701K(36480K)->35701K(36480K) NonClass: 26486K(27072K)->26486K(27072K) Class: 9215K(9408K)->9215K(9408K)
[1056.426s][info][gc             ] GC(2992) Pause Young (Allocation Failure) 847M->562M(868M) 1.703ms
[1056.426s][info][gc,cpu         ] GC(2992) User=0.01s Sys=0.00s Real=0.00s
[1056.505s][info][gc,start       ] GC(2993) Pause Young (Allocation Failure)
[1056.507s][info][gc,heap        ] GC(2993) PSYoungGen: 294976K(312832K)->64K(312832K) Eden: 294912K(294912K)->0K(294912K) From: 64K(17920K)->64K(17920K)
[1056.507s][info][gc,heap        ] GC(2993) ParOldGen: 575773K(576000K)->575773K(576000K)
[1056.507s][info][gc,metaspace   ] GC(2993) Metaspace: 35701K(36480K)->35701K(36480K) NonClass: 26486K(27072K)->26486K(27072K) Class: 9215K(9408K)->9215K(9408K)
[1056.507s][info][gc             ] GC(2993) Pause Young (Allocation Failure) 850M->562M(868M) 1.600ms
[1056.507s][info][gc,cpu         ] GC(2993) User=0.00s Sys=0.00s Real=0.00s
[1056.748s][info][gc,start       ] GC(2994) Pause Young (Allocation Failure)
[1056.750s][info][gc,heap        ] GC(2994) PSYoungGen: 294976K(312832K)->64K(314880K) Eden: 294912K(294912K)->0K(299008K) From: 64K(17920K)->64K(15872K)
[1056.750s][info][gc,heap        ] GC(2994) ParOldGen: 575773K(576000K)->575789K(576000K)
[1056.750s][info][gc,metaspace   ] GC(2994) Metaspace: 35701K(36480K)->35701K(36480K) NonClass: 26486K(27072K)->26486K(27072K) Class: 9215K(9408K)->9215K(9408K)
[1056.750s][info][gc             ] GC(2994) Pause Young (Allocation Failure) 850M->562M(870M) 1.978ms
[1056.750s][info][gc,cpu         ] GC(2994) User=0.00s Sys=0.00s Real=0.00s
[1056.947s][info][gc,start       ] GC(2995) Pause Young (Allocation Failure)
[1056.949s][info][gc,heap        ] GC(2995) PSYoungGen: 299072K(314880K)->64K(314880K) Eden: 299008K(299008K)->0K(299008K) From: 64K(15872K)->64K(15872K)
[1056.949s][info][gc,heap        ] GC(2995) ParOldGen: 575789K(576000K)->575789K(576000K)
[1056.949s][info][gc,metaspace   ] GC(2995) Metaspace: 35701K(36480K)->35701K(36480K) NonClass: 26486K(27072K)->26486K(27072K) Class: 9215K(9408K)->9215K(9408K)
[1056.949s][info][gc             ] GC(2995) Pause Young (Allocation Failure) 854M->562M(870M) 1.594ms
[1056.949s][info][gc,cpu         ] GC(2995) User=0.00s Sys=0.00s Real=0.00s
[1057.029s][info][gc,start       ] GC(2996) Pause Young (Allocation Failure)
[1057.031s][info][gc,heap        ] GC(2996) PSYoungGen: 299072K(314880K)->64K(316928K) Eden: 299008K(299008K)->0K(303104K) From: 64K(15872K)->64K(13824K)
[1057.031s][info][gc,heap        ] GC(2996) ParOldGen: 575789K(576000K)->575805K(576000K)
[1057.031s][info][gc,metaspace   ] GC(2996) Metaspace: 35701K(36480K)->35701K(36480K) NonClass: 26486K(27072K)->26486K(27072K) Class: 9215K(9408K)->9215K(9408K)
[1057.031s][info][gc             ] GC(2996) Pause Young (Allocation Failure) 854M->562M(872M) 1.575ms
[1057.031s][info][gc,cpu         ] GC(2996) User=0.00s Sys=0.00s Real=0.00s
[1057.178s][info][gc,start       ] GC(2997) Pause Young (Allocation Failure)
[1057.179s][info][gc,heap        ] GC(2997) PSYoungGen: 303168K(316928K)->64K(316928K) Eden: 303104K(303104K)->0K(303104K) From: 64K(13824K)->64K(13824K)
[1057.179s][info][gc,heap        ] GC(2997) ParOldGen: 575805K(576000K)->575805K(576000K)
[1057.179s][info][gc,metaspace   ] GC(2997) Metaspace: 35701K(36480K)->35701K(36480K) NonClass: 26486K(27072K)->26486K(27072K) Class: 9215K(9408K)->9215K(9408K)
[1057.179s][info][gc             ] GC(2997) Pause Young (Allocation Failure) 858M->562M(872M) 1.651ms
[1057.179s][info][gc,cpu         ] GC(2997) User=0.00s Sys=0.00s Real=0.00s
[1058.104s][info][gc,start       ] GC(2998) Pause Young (Allocation Failure)
[1058.105s][info][gc,heap        ] GC(2998) PSYoungGen: 303168K(316928K)->64K(318464K) Eden: 303104K(303104K)->0K(306688K) From: 64K(13824K)->64K(11776K)
[1058.105s][info][gc,heap        ] GC(2998) ParOldGen: 575805K(576000K)->575813K(576000K)
[1058.106s][info][gc,metaspace   ] GC(2998) Metaspace: 35701K(36480K)->35701K(36480K) NonClass: 26486K(27072K)->26486K(27072K) Class: 9215K(9408K)->9215K(9408K)
[1058.106s][info][gc             ] GC(2998) Pause Young (Allocation Failure) 858M->562M(873M) 1.773ms
[1058.106s][info][gc,cpu         ] GC(2998) User=0.01s Sys=0.00s Real=0.00s
[1058.950s][info][gc,start       ] GC(2999) Pause Young (Allocation Failure)
[1058.952s][info][gc,heap        ] GC(2999) PSYoungGen: 306752K(318464K)->64K(294912K) Eden: 306688K(306688K)->0K(294400K) From: 64K(11776K)->64K(512K)
[1058.952s][info][gc,heap        ] GC(2999) ParOldGen: 575813K(576000K)->575821K(576000K)
[1058.952s][info][gc,metaspace   ] GC(2999) Metaspace: 35701K(36480K)->35701K(36480K) NonClass: 26486K(27072K)->26486K(27072K) Class: 9215K(9408K)->9215K(9408K)
[1058.952s][info][gc             ] GC(2999) Pause Young (Allocation Failure) 861M->562M(850M) 1.869ms
[1058.952s][info][gc,cpu         ] GC(2999) User=0.00s Sys=0.00s Real=0.00s
[1059.314s][info][gc,start       ] GC(3000) Pause Young (Allocation Failure)
[1059.316s][info][gc,heap        ] GC(3000) PSYoungGen: 294464K(294912K)->64K(283136K) Eden: 294400K(294400K)->0K(282624K) From: 64K(512K)->64K(512K)
[1059.316s][info][gc,heap        ] GC(3000) ParOldGen: 575821K(576000K)->575829K(576000K)
[1059.316s][info][gc,metaspace   ] GC(3000) Metaspace: 35701K(36480K)->35701K(36480K) NonClass: 26486K(27072K)->26486K(27072K) Class: 9215K(9408K)->9215K(9408K)
[1059.316s][info][gc             ] GC(3000) Pause Young (Allocation Failure) 849M->562M(839M) 1.763ms
[1059.316s][info][gc,cpu         ] GC(3000) User=0.00s Sys=0.00s Real=0.00s
[1060.391s][info][gc,start       ] GC(3001) Pause Young (Allocation Failure)
[1060.393s][info][gc,heap        ] GC(3001) PSYoungGen: 282688K(283136K)->64K(282624K) Eden: 282624K(282624K)->0K(271872K) From: 64K(512K)->64K(10752K)
[1060.393s][info][gc,heap        ] GC(3001) ParOldGen: 575829K(576000K)->575837K(576000K)
[1060.393s][info][gc,metaspace   ] GC(3001) Metaspace: 35701K(36480K)->35701K(36480K) NonClass: 26486K(27072K)->26486K(27072K) Class: 9215K(9408K)->9215K(9408K)
[1060.393s][info][gc             ] GC(3001) Pause Young (Allocation Failure) 838M->562M(838M) 1.742ms
[1060.393s][info][gc,cpu         ] GC(3001) User=0.01s Sys=0.00s Real=0.00s
[1060.786s][info][gc,start       ] GC(3002) Pause Young (Allocation Failure)
[1060.788s][info][gc,heap        ] GC(3002) PSYoungGen: 271936K(282624K)->64K(262144K) Eden: 271872K(271872K)->0K(261632K) From: 64K(10752K)->64K(512K)
[1060.788s][info][gc,heap        ] GC(3002) ParOldGen: 575837K(576000K)->575845K(576000K)
[1060.788s][info][gc,metaspace   ] GC(3002) Metaspace: 35701K(36480K)->35701K(36480K) NonClass: 26486K(27072K)->26486K(27072K) Class: 9215K(9408K)->9215K(9408K)
[1060.788s][info][gc             ] GC(3002) Pause Young (Allocation Failure) 827M->562M(818M) 2.183ms
[1060.788s][info][gc,cpu         ] GC(3002) User=0.01s Sys=0.00s Real=0.01s
[1060.976s][info][gc,start       ] GC(3003) Pause Young (Allocation Failure)
[1060.977s][info][gc,heap        ] GC(3003) PSYoungGen: 261696K(262144K)->64K(260608K) Eden: 261632K(261632K)->0K(251392K) From: 64K(512K)->64K(9216K)
[1060.977s][info][gc,heap        ] GC(3003) ParOldGen: 575845K(576000K)->575853K(576000K)
[1060.977s][info][gc,metaspace   ] GC(3003) Metaspace: 35701K(36480K)->35701K(36480K) NonClass: 26486K(27072K)->26486K(27072K) Class: 9215K(9408K)->9215K(9408K)
[1060.977s][info][gc             ] GC(3003) Pause Young (Allocation Failure) 817M->562M(817M) 1.501ms
[1060.977s][info][gc,cpu         ] GC(3003) User=0.00s Sys=0.00s Real=0.01s
[1061.071s][info][gc,start       ] GC(3004) Pause Young (Allocation Failure)
[1061.073s][info][gc,heap        ] GC(3004) PSYoungGen: 251456K(260608K)->64K(242176K) Eden: 251392K(251392K)->0K(241664K) From: 64K(9216K)->64K(512K)
[1061.073s][info][gc,heap        ] GC(3004) ParOldGen: 575853K(576000K)->575861K(576000K)
[1061.073s][info][gc,metaspace   ] GC(3004) Metaspace: 35701K(36480K)->35701K(36480K) NonClass: 26486K(27072K)->26486K(27072K) Class: 9215K(9408K)->9215K(9408K)
[1061.073s][info][gc             ] GC(3004) Pause Young (Allocation Failure) 807M->562M(799M) 2.141ms
[1061.073s][info][gc,cpu         ] GC(3004) User=0.00s Sys=0.00s Real=0.00s
[1061.628s][info][gc,start       ] GC(3005) Pause Young (Allocation Failure)
[1061.630s][info][gc,heap        ] GC(3005) PSYoungGen: 241728K(242176K)->64K(240640K) Eden: 241664K(241664K)->0K(232448K) From: 64K(512K)->64K(8192K)
[1061.630s][info][gc,heap        ] GC(3005) ParOldGen: 575861K(576000K)->575869K(576000K)
[1061.630s][info][gc,metaspace   ] GC(3005) Metaspace: 35701K(36480K)->35701K(36480K) NonClass: 26486K(27072K)->26486K(27072K) Class: 9215K(9408K)->9215K(9408K)
[1061.630s][info][gc             ] GC(3005) Pause Young (Allocation Failure) 798M->562M(797M) 1.678ms
[1061.630s][info][gc,cpu         ] GC(3005) User=0.00s Sys=0.00s Real=0.00s
[1061.848s][info][gc,start       ] GC(3006) Pause Young (Allocation Failure)
[1061.850s][info][gc,heap        ] GC(3006) PSYoungGen: 232512K(240640K)->64K(224256K) Eden: 232448K(232448K)->0K(223744K) From: 64K(8192K)->64K(512K)
[1061.850s][info][gc,heap        ] GC(3006) ParOldGen: 575869K(576000K)->575877K(576000K)
[1061.850s][info][gc,metaspace   ] GC(3006) Metaspace: 35701K(36480K)->35701K(36480K) NonClass: 26486K(27072K)->26486K(27072K) Class: 9215K(9408K)->9215K(9408K)
[1061.850s][info][gc             ] GC(3006) Pause Young (Allocation Failure) 789M->562M(781M) 2.106ms
[1061.850s][info][gc,cpu         ] GC(3006) User=0.00s Sys=0.00s Real=0.00s
[1062.163s][info][gc,start       ] GC(3007) Pause Young (Allocation Failure)
[1062.199s][info][gc,heap        ] GC(3007) PSYoungGen: 223808K(224256K)->7168K(274944K) Eden: 223744K(223744K)->0K(267776K) From: 64K(512K)->7168K(7168K)
[1062.199s][info][gc,heap        ] GC(3007) ParOldGen: 575877K(576000K)->586501K(586752K)
[1062.199s][info][gc,metaspace   ] GC(3007) Metaspace: 35701K(36480K)->35701K(36480K) NonClass: 26486K(27072K)->26486K(27072K) Class: 9215K(9408K)->9215K(9408K)
[1062.199s][info][gc             ] GC(3007) Pause Young (Allocation Failure) 780M->579M(841M) 35.683ms
[1062.199s][info][gc,cpu         ] GC(3007) User=0.06s Sys=0.01s Real=0.04s
[1062.510s][info][gc,start       ] GC(3008) Pause Young (Allocation Failure)
[1062.575s][info][gc,heap        ] GC(3008) PSYoungGen: 274944K(274944K)->12800K(271360K) Eden: 267776K(267776K)->0K(258560K) From: 7168K(7168K)->12800K(12800K)
[1062.575s][info][gc,heap        ] GC(3008) ParOldGen: 586501K(586752K)->604117K(604160K)
[1062.575s][info][gc,metaspace   ] GC(3008) Metaspace: 35701K(36480K)->35701K(36480K) NonClass: 26486K(27072K)->26486K(27072K) Class: 9215K(9408K)->9215K(9408K)
[1062.575s][info][gc             ] GC(3008) Pause Young (Allocation Failure) 841M->602M(855M) 64.193ms
[1062.575s][info][gc,cpu         ] GC(3008) User=0.11s Sys=0.02s Real=0.06s
[1062.760s][info][gc,start       ] GC(3009) Pause Young (Allocation Failure)
[1062.786s][info][gc,heap        ] GC(3009) PSYoungGen: 271360K(271360K)->14752K(280576K) Eden: 258560K(258560K)->0K(258560K) From: 12800K(12800K)->14752K(22016K)
[1062.786s][info][gc,heap        ] GC(3009) ParOldGen: 604117K(604160K)->604597K(604672K)
[1062.786s][info][gc,metaspace   ] GC(3009) Metaspace: 35701K(36480K)->35701K(36480K) NonClass: 26486K(27072K)->26486K(27072K) Class: 9215K(9408K)->9215K(9408K)
[1062.786s][info][gc             ] GC(3009) Pause Young (Allocation Failure) 854M->604M(864M) 26.616ms
[1062.786s][info][gc,cpu         ] GC(3009) User=0.05s Sys=0.00s Real=0.02s
[1063.015s][info][gc,start       ] GC(3010) Pause Young (Allocation Failure)
[1063.017s][info][gc,heap        ] GC(3010) PSYoungGen: 273312K(280576K)->64K(310272K) Eden: 258560K(258560K)->0K(286208K) From: 14752K(22016K)->64K(24064K)
[1063.017s][info][gc,heap        ] GC(3010) ParOldGen: 604597K(604672K)->604605K(604672K)
[1063.017s][info][gc,metaspace   ] GC(3010) Metaspace: 35701K(36480K)->35701K(36480K) NonClass: 26486K(27072K)->26486K(27072K) Class: 9215K(9408K)->9215K(9408K)
[1063.017s][info][gc             ] GC(3010) Pause Young (Allocation Failure) 857M->590M(893M) 1.875ms
[1063.017s][info][gc,cpu         ] GC(3010) User=0.01s Sys=0.00s Real=0.01s
[1063.640s][info][gc,start       ] GC(3011) Pause Young (Allocation Failure)
[1063.642s][info][gc,heap        ] GC(3011) PSYoungGen: 286272K(310272K)->64K(286720K) Eden: 286208K(286208K)->0K(286208K) From: 64K(24064K)->64K(512K)
[1063.642s][info][gc,heap        ] GC(3011) ParOldGen: 604605K(604672K)->604613K(604672K)
[1063.642s][info][gc,metaspace   ] GC(3011) Metaspace: 35701K(36480K)->35701K(36480K) NonClass: 26486K(27072K)->26486K(27072K) Class: 9215K(9408K)->9215K(9408K)
[1063.642s][info][gc             ] GC(3011) Pause Young (Allocation Failure) 869M->590M(870M) 1.905ms
[1063.642s][info][gc,cpu         ] GC(3011) User=0.00s Sys=0.00s Real=0.00s
[1064.111s][info][gc,start       ] GC(3012) Pause Young (Allocation Failure)
[1064.112s][info][gc,heap        ] GC(3012) PSYoungGen: 286272K(286720K)->64K(309760K) Eden: 286208K(286208K)->0K(287232K) From: 64K(512K)->64K(22528K)
[1064.112s][info][gc,heap        ] GC(3012) ParOldGen: 604613K(604672K)->604629K(604672K)
[1064.112s][info][gc,metaspace   ] GC(3012) Metaspace: 35701K(36480K)->35701K(36480K) NonClass: 26486K(27072K)->26486K(27072K) Class: 9215K(9408K)->9215K(9408K)
[1064.112s][info][gc             ] GC(3012) Pause Young (Allocation Failure) 870M->590M(893M) 1.852ms
[1064.112s][info][gc,cpu         ] GC(3012) User=0.01s Sys=0.00s Real=0.00s
[1064.348s][info][gc,start       ] GC(3013) Pause Young (Allocation Failure)
[1064.349s][info][gc,heap        ] GC(3013) PSYoungGen: 287296K(309760K)->64K(308736K) Eden: 287232K(287232K)->0K(287232K) From: 64K(22528K)->64K(21504K)
[1064.349s][info][gc,heap        ] GC(3013) ParOldGen: 604629K(604672K)->604645K(604672K)
[1064.349s][info][gc,metaspace   ] GC(3013) Metaspace: 35701K(36480K)->35701K(36480K) NonClass: 26486K(27072K)->26486K(27072K) Class: 9215K(9408K)->9215K(9408K)
[1064.349s][info][gc             ] GC(3013) Pause Young (Allocation Failure) 871M->590M(892M) 1.897ms
[1064.349s][info][gc,cpu         ] GC(3013) User=0.00s Sys=0.00s Real=0.00s
[1064.585s][info][gc,start       ] GC(3014) Pause Young (Allocation Failure)
[1064.587s][info][gc,heap        ] GC(3014) PSYoungGen: 287296K(308736K)->64K(310784K) Eden: 287232K(287232K)->0K(290304K) From: 64K(21504K)->64K(20480K)
[1064.587s][info][gc,heap        ] GC(3014) ParOldGen: 604645K(604672K)->604645K(604672K)
[1064.587s][info][gc,metaspace   ] GC(3014) Metaspace: 35701K(36480K)->35701K(36480K) NonClass: 26486K(27072K)->26486K(27072K) Class: 9215K(9408K)->9215K(9408K)
[1064.587s][info][gc             ] GC(3014) Pause Young (Allocation Failure) 871M->590M(894M) 1.809ms
[1064.587s][info][gc,cpu         ] GC(3014) User=0.00s Sys=0.00s Real=0.00s
[1064.920s][info][gc,start       ] GC(3015) Pause Young (Allocation Failure)
[1064.922s][info][gc,heap        ] GC(3015) PSYoungGen: 290368K(310784K)->64K(310272K) Eden: 290304K(290304K)->0K(290304K) From: 64K(20480K)->64K(19968K)
[1064.922s][info][gc,heap        ] GC(3015) ParOldGen: 604645K(604672K)->604645K(604672K)
[1064.922s][info][gc,metaspace   ] GC(3015) Metaspace: 35701K(36480K)->35701K(36480K) NonClass: 26486K(27072K)->26486K(27072K) Class: 9215K(9408K)->9215K(9408K)
[1064.922s][info][gc             ] GC(3015) Pause Young (Allocation Failure) 874M->590M(893M) 1.837ms
[1064.922s][info][gc,cpu         ] GC(3015) User=0.01s Sys=0.00s Real=0.00s
[1064.972s][info][gc,start       ] GC(3016) Pause Young (Allocation Failure)
[1064.974s][info][gc,heap        ] GC(3016) PSYoungGen: 290368K(310272K)->64K(312832K) Eden: 290304K(290304K)->0K(294400K) From: 64K(19968K)->64K(18432K)
[1064.974s][info][gc,heap        ] GC(3016) ParOldGen: 604645K(604672K)->604661K(604672K)
[1064.974s][info][gc,metaspace   ] GC(3016) Metaspace: 35701K(36480K)->35701K(36480K) NonClass: 26486K(27072K)->26486K(27072K) Class: 9215K(9408K)->9215K(9408K)
[1064.974s][info][gc             ] GC(3016) Pause Young (Allocation Failure) 874M->590M(896M) 1.729ms
[1064.974s][info][gc,cpu         ] GC(3016) User=0.00s Sys=0.00s Real=0.00s
[1065.025s][info][gc,start       ] GC(3017) Pause Young (Allocation Failure)
[1065.027s][info][gc,heap        ] GC(3017) PSYoungGen: 294464K(312832K)->64K(312320K) Eden: 294400K(294400K)->0K(294400K) From: 64K(18432K)->64K(17920K)
[1065.027s][info][gc,heap        ] GC(3017) ParOldGen: 604661K(604672K)->604661K(604672K)
[1065.027s][info][gc,metaspace   ] GC(3017) Metaspace: 35701K(36480K)->35701K(36480K) NonClass: 26486K(27072K)->26486K(27072K) Class: 9215K(9408K)->9215K(9408K)
[1065.027s][info][gc             ] GC(3017) Pause Young (Allocation Failure) 878M->590M(895M) 1.652ms
[1065.027s][info][gc,cpu         ] GC(3017) User=0.00s Sys=0.00s Real=0.01s
[1065.268s][info][gc,start       ] GC(3018) Pause Young (Allocation Failure)
[1065.270s][info][gc,heap        ] GC(3018) PSYoungGen: 294464K(312320K)->64K(314880K) Eden: 294400K(294400K)->0K(298496K) From: 64K(17920K)->64K(16384K)
[1065.270s][info][gc,heap        ] GC(3018) ParOldGen: 604661K(604672K)->604661K(604672K)
[1065.270s][info][gc,metaspace   ] GC(3018) Metaspace: 35701K(36480K)->35701K(36480K) NonClass: 26486K(27072K)->26486K(27072K) Class: 9215K(9408K)->9215K(9408K)
[1065.270s][info][gc             ] GC(3018) Pause Young (Allocation Failure) 878M->590M(898M) 1.753ms
[1065.270s][info][gc,cpu         ] GC(3018) User=0.00s Sys=0.00s Real=0.00s
[1065.496s][info][gc,start       ] GC(3019) Pause Young (Allocation Failure)
[1065.498s][info][gc,heap        ] GC(3019) PSYoungGen: 298560K(314880K)->64K(314368K) Eden: 298496K(298496K)->0K(298496K) From: 64K(16384K)->64K(15872K)
[1065.498s][info][gc,heap        ] GC(3019) ParOldGen: 604661K(604672K)->604669K(604672K)
[1065.498s][info][gc,metaspace   ] GC(3019) Metaspace: 35701K(36480K)->35701K(36480K) NonClass: 26486K(27072K)->26486K(27072K) Class: 9215K(9408K)->9215K(9408K)
[1065.498s][info][gc             ] GC(3019) Pause Young (Allocation Failure) 882M->590M(897M) 1.921ms
[1065.498s][info][gc,cpu         ] GC(3019) User=0.00s Sys=0.00s Real=0.01s
[1065.581s][info][gc,start       ] GC(3020) Pause Young (Allocation Failure)
[1065.583s][info][gc,heap        ] GC(3020) PSYoungGen: 298560K(314368K)->64K(316928K) Eden: 298496K(298496K)->0K(302080K) From: 64K(15872K)->64K(14848K)
[1065.583s][info][gc,heap        ] GC(3020) ParOldGen: 604669K(604672K)->604677K(605184K)
[1065.583s][info][gc,metaspace   ] GC(3020) Metaspace: 35701K(36480K)->35701K(36480K) NonClass: 26486K(27072K)->26486K(27072K) Class: 9215K(9408K)->9215K(9408K)
[1065.583s][info][gc             ] GC(3020) Pause Young (Allocation Failure) 882M->590M(900M) 1.656ms
[1065.583s][info][gc,cpu         ] GC(3020) User=0.01s Sys=0.00s Real=0.00s
[1065.715s][info][gc,start       ] GC(3021) Pause Young (Allocation Failure)
[1065.717s][info][gc,heap        ] GC(3021) PSYoungGen: 302144K(316928K)->64K(316416K) Eden: 302080K(302080K)->0K(302080K) From: 64K(14848K)->64K(14336K)
[1065.717s][info][gc,heap        ] GC(3021) ParOldGen: 604677K(605184K)->604685K(605184K)
[1065.717s][info][gc,metaspace   ] GC(3021) Metaspace: 35701K(36480K)->35701K(36480K) NonClass: 26486K(27072K)->26486K(27072K) Class: 9215K(9408K)->9215K(9408K)
[1065.717s][info][gc             ] GC(3021) Pause Young (Allocation Failure) 885M->590M(900M) 1.744ms
[1065.717s][info][gc,cpu         ] GC(3021) User=0.01s Sys=0.00s Real=0.00s
[1066.130s][info][gc,start       ] GC(3022) Pause Young (Allocation Failure)
[1066.132s][info][gc,heap        ] GC(3022) PSYoungGen: 302144K(316416K)->64K(318464K) Eden: 302080K(302080K)->0K(305664K) From: 64K(14336K)->64K(12800K)
[1066.132s][info][gc,heap        ] GC(3022) ParOldGen: 604685K(605184K)->604693K(605184K)
[1066.132s][info][gc,metaspace   ] GC(3022) Metaspace: 35701K(36480K)->35701K(36480K) NonClass: 26486K(27072K)->26486K(27072K) Class: 9215K(9408K)->9215K(9408K)
[1066.132s][info][gc             ] GC(3022) Pause Young (Allocation Failure) 885M->590M(902M) 1.943ms
[1066.132s][info][gc,cpu         ] GC(3022) User=0.00s Sys=0.00s Real=0.00s
[1067.478s][info][gc,start       ] GC(3023) Pause Young (Allocation Failure)
[1067.480s][info][gc,heap        ] GC(3023) PSYoungGen: 305728K(318464K)->64K(317952K) Eden: 305664K(305664K)->0K(305664K) From: 64K(12800K)->64K(12288K)
[1067.480s][info][gc,heap        ] GC(3023) ParOldGen: 604693K(605184K)->604701K(605184K)
[1067.480s][info][gc,metaspace   ] GC(3023) Metaspace: 35701K(36480K)->35701K(36480K) NonClass: 26486K(27072K)->26486K(27072K) Class: 9215K(9408K)->9215K(9408K)
[1067.480s][info][gc             ] GC(3023) Pause Young (Allocation Failure) 889M->590M(901M) 1.912ms
[1067.480s][info][gc,cpu         ] GC(3023) User=0.01s Sys=0.00s Real=0.00s
[1067.776s][info][gc,start       ] GC(3024) Pause Young (Allocation Failure)
[1067.778s][info][gc,heap        ] GC(3024) PSYoungGen: 305728K(317952K)->64K(293888K) Eden: 305664K(305664K)->0K(293376K) From: 64K(12288K)->64K(512K)
[1067.778s][info][gc,heap        ] GC(3024) ParOldGen: 604701K(605184K)->604709K(605184K)
[1067.778s][info][gc,metaspace   ] GC(3024) Metaspace: 35701K(36480K)->35701K(36480K) NonClass: 26486K(27072K)->26486K(27072K) Class: 9215K(9408K)->9215K(9408K)
[1067.778s][info][gc             ] GC(3024) Pause Young (Allocation Failure) 889M->590M(878M) 1.829ms
[1067.778s][info][gc,cpu         ] GC(3024) User=0.00s Sys=0.00s Real=0.01s
[1068.613s][info][gc,start       ] GC(3025) Pause Young (Allocation Failure)
[1068.615s][info][gc,heap        ] GC(3025) PSYoungGen: 293440K(293888K)->64K(292864K) Eden: 293376K(293376K)->0K(282112K) From: 64K(512K)->64K(10752K)
[1068.615s][info][gc,heap        ] GC(3025) ParOldGen: 604709K(605184K)->604717K(605184K)
[1068.615s][info][gc,metaspace   ] GC(3025) Metaspace: 35701K(36480K)->35701K(36480K) NonClass: 26486K(27072K)->26486K(27072K) Class: 9215K(9408K)->9215K(9408K)
[1068.615s][info][gc             ] GC(3025) Pause Young (Allocation Failure) 877M->590M(877M) 1.673ms
[1068.615s][info][gc,cpu         ] GC(3025) User=0.01s Sys=0.00s Real=0.00s
[1069.182s][info][gc,start       ] GC(3026) Pause Young (Allocation Failure)
[1069.184s][info][gc,heap        ] GC(3026) PSYoungGen: 282176K(292864K)->64K(271872K) Eden: 282112K(282112K)->0K(271360K) From: 64K(10752K)->64K(512K)
[1069.184s][info][gc,heap        ] GC(3026) ParOldGen: 604717K(605184K)->604725K(605184K)
[1069.184s][info][gc,metaspace   ] GC(3026) Metaspace: 35701K(36480K)->35701K(36480K) NonClass: 26486K(27072K)->26486K(27072K) Class: 9215K(9408K)->9215K(9408K)
[1069.184s][info][gc             ] GC(3026) Pause Young (Allocation Failure) 866M->590M(856M) 1.708ms
[1069.184s][info][gc,cpu         ] GC(3026) User=0.01s Sys=0.00s Real=0.00s
[1069.535s][info][gc,start       ] GC(3027) Pause Young (Allocation Failure)
[1069.537s][info][gc,heap        ] GC(3027) PSYoungGen: 271424K(271872K)->64K(270848K) Eden: 271360K(271360K)->0K(261120K) From: 64K(512K)->64K(9728K)
[1069.537s][info][gc,heap        ] GC(3027) ParOldGen: 604725K(605184K)->604733K(605184K)
[1069.537s][info][gc,metaspace   ] GC(3027) Metaspace: 35701K(36480K)->35701K(36480K) NonClass: 26486K(27072K)->26486K(27072K) Class: 9215K(9408K)->9215K(9408K)
[1069.537s][info][gc             ] GC(3027) Pause Young (Allocation Failure) 855M->590M(855M) 1.717ms
[1069.537s][info][gc,cpu         ] GC(3027) User=0.00s Sys=0.00s Real=0.01s
[1069.632s][info][gc,start       ] GC(3028) Pause Young (Allocation Failure)
[1069.634s][info][gc,heap        ] GC(3028) PSYoungGen: 261184K(270848K)->64K(251904K) Eden: 261120K(261120K)->0K(251392K) From: 64K(9728K)->64K(512K)
[1069.634s][info][gc,heap        ] GC(3028) ParOldGen: 604733K(605184K)->604741K(605184K)
[1069.634s][info][gc,metaspace   ] GC(3028) Metaspace: 35701K(36480K)->35701K(36480K) NonClass: 26486K(27072K)->26486K(27072K) Class: 9215K(9408K)->9215K(9408K)
[1069.634s][info][gc             ] GC(3028) Pause Young (Allocation Failure) 845M->590M(837M) 1.747ms
[1069.634s][info][gc,cpu         ] GC(3028) User=0.00s Sys=0.00s Real=0.00s
[1070.195s][info][gc,start       ] GC(3029) Pause Young (Allocation Failure)
[1070.197s][info][gc,heap        ] GC(3029) PSYoungGen: 251456K(251904K)->64K(249856K) Eden: 251392K(251392K)->0K(241664K) From: 64K(512K)->64K(8192K)
[1070.197s][info][gc,heap        ] GC(3029) ParOldGen: 604741K(605184K)->604749K(605184K)
[1070.197s][info][gc,metaspace   ] GC(3029) Metaspace: 35701K(36480K)->35701K(36480K) NonClass: 26486K(27072K)->26486K(27072K) Class: 9215K(9408K)->9215K(9408K)
[1070.197s][info][gc             ] GC(3029) Pause Young (Allocation Failure) 836M->590M(835M) 1.715ms
[1070.197s][info][gc,cpu         ] GC(3029) User=0.01s Sys=0.01s Real=0.01s
[1070.441s][info][gc,start       ] GC(3030) Pause Young (Allocation Failure)
[1070.443s][info][gc,heap        ] GC(3030) PSYoungGen: 241728K(249856K)->64K(232960K) Eden: 241664K(241664K)->0K(232448K) From: 64K(8192K)->64K(512K)
[1070.443s][info][gc,heap        ] GC(3030) ParOldGen: 604749K(605184K)->604757K(605184K)
[1070.443s][info][gc,metaspace   ] GC(3030) Metaspace: 35701K(36480K)->35701K(36480K) NonClass: 26486K(27072K)->26486K(27072K) Class: 9215K(9408K)->9215K(9408K)
[1070.443s][info][gc             ] GC(3030) Pause Young (Allocation Failure) 826M->590M(818M) 2.038ms
[1070.443s][info][gc,cpu         ] GC(3030) User=0.00s Sys=0.00s Real=0.00s
[1070.757s][info][gc,start       ] GC(3031) Pause Young (Allocation Failure)
[1070.796s][info][gc,heap        ] GC(3031) PSYoungGen: 232512K(232960K)->7168K(285184K) Eden: 232448K(232448K)->0K(278016K) From: 64K(512K)->7168K(7168K)
[1070.796s][info][gc,heap        ] GC(3031) ParOldGen: 604757K(605184K)->618453K(618496K)
[1070.796s][info][gc,metaspace   ] GC(3031) Metaspace: 35701K(36480K)->35701K(36480K) NonClass: 26486K(27072K)->26486K(27072K) Class: 9215K(9408K)->9215K(9408K)
[1070.796s][info][gc             ] GC(3031) Pause Young (Allocation Failure) 817M->610M(882M) 39.631ms
[1070.796s][info][gc,cpu         ] GC(3031) User=0.07s Sys=0.01s Real=0.04s
[1071.126s][info][gc,start       ] GC(3032) Pause Young (Allocation Failure)
[1071.192s][info][gc,heap        ] GC(3032) PSYoungGen: 285184K(285184K)->13824K(282112K) Eden: 278016K(278016K)->0K(268288K) From: 7168K(7168K)->13824K(13824K)
[1071.192s][info][gc,heap        ] GC(3032) ParOldGen: 618453K(618496K)->636277K(636416K)
[1071.192s][info][gc,metaspace   ] GC(3032) Metaspace: 35701K(36480K)->35701K(36480K) NonClass: 26486K(27072K)->26486K(27072K) Class: 9215K(9408K)->9215K(9408K)
[1071.193s][info][gc             ] GC(3032) Pause Young (Allocation Failure) 882M->634M(897M) 66.502ms
[1071.193s][info][gc,cpu         ] GC(3032) User=0.12s Sys=0.01s Real=0.07s
[1071.347s][info][gc,start       ] GC(3033) Pause Young (Allocation Failure)
[1071.368s][info][gc,heap        ] GC(3033) PSYoungGen: 282112K(282112K)->10528K(291840K) Eden: 268288K(268288K)->0K(268288K) From: 13824K(13824K)->10528K(23552K)
[1071.368s][info][gc,heap        ] GC(3033) ParOldGen: 636277K(636416K)->636757K(636928K)
[1071.368s][info][gc,metaspace   ] GC(3033) Metaspace: 35701K(36480K)->35701K(36480K) NonClass: 26486K(27072K)->26486K(27072K) Class: 9215K(9408K)->9215K(9408K)
[1071.368s][info][gc             ] GC(3033) Pause Young (Allocation Failure) 896M->632M(907M) 20.717ms
[1071.368s][info][gc,cpu         ] GC(3033) User=0.04s Sys=0.00s Real=0.02s
[1071.718s][info][gc,start       ] GC(3034) Pause Young (Allocation Failure)
[1071.720s][info][gc,heap        ] GC(3034) PSYoungGen: 278816K(291840K)->64K(309248K) Eden: 268288K(268288K)->0K(286720K) From: 10528K(23552K)->64K(22528K)
[1071.720s][info][gc,heap        ] GC(3034) ParOldGen: 636757K(636928K)->636765K(636928K)
[1071.720s][info][gc,metaspace   ] GC(3034) Metaspace: 35701K(36480K)->35701K(36480K) NonClass: 26486K(27072K)->26486K(27072K) Class: 9215K(9408K)->9215K(9408K)
[1071.720s][info][gc             ] GC(3034) Pause Young (Allocation Failure) 894M->621M(924M) 2.070ms
[1071.720s][info][gc,cpu         ] GC(3034) User=0.01s Sys=0.00s Real=0.00s
[1072.279s][info][gc,start       ] GC(3035) Pause Young (Allocation Failure)
[1072.280s][info][gc,heap        ] GC(3035) PSYoungGen: 286784K(309248K)->64K(309760K) Eden: 286720K(286720K)->0K(286720K) From: 64K(22528K)->64K(23040K)
[1072.280s][info][gc,heap        ] GC(3035) ParOldGen: 636765K(636928K)->636773K(636928K)
[1072.280s][info][gc,metaspace   ] GC(3035) Metaspace: 35701K(36480K)->35701K(36480K) NonClass: 26486K(27072K)->26486K(27072K) Class: 9215K(9408K)->9215K(9408K)
[1072.281s][info][gc             ] GC(3035) Pause Young (Allocation Failure) 901M->621M(924M) 1.918ms
[1072.281s][info][gc,cpu         ] GC(3035) User=0.00s Sys=0.00s Real=0.00s
[1072.731s][info][gc,start       ] GC(3036) Pause Young (Allocation Failure)
[1072.733s][info][gc,heap        ] GC(3036) PSYoungGen: 286784K(309760K)->64K(310272K) Eden: 286720K(286720K)->0K(288768K) From: 64K(23040K)->64K(21504K)
[1072.733s][info][gc,heap        ] GC(3036) ParOldGen: 636773K(636928K)->636789K(636928K)
[1072.733s][info][gc,metaspace   ] GC(3036) Metaspace: 35701K(36480K)->35701K(36480K) NonClass: 26486K(27072K)->26486K(27072K) Class: 9215K(9408K)->9215K(9408K)
[1072.733s][info][gc             ] GC(3036) Pause Young (Allocation Failure) 901M->621M(925M) 1.912ms
[1072.733s][info][gc,cpu         ] GC(3036) User=0.01s Sys=0.00s Real=0.00s
[1072.970s][info][gc,start       ] GC(3037) Pause Young (Allocation Failure)
[1072.972s][info][gc,heap        ] GC(3037) PSYoungGen: 288832K(310272K)->64K(310272K) Eden: 288768K(288768K)->0K(288768K) From: 64K(21504K)->64K(21504K)
[1072.972s][info][gc,heap        ] GC(3037) ParOldGen: 636789K(636928K)->636805K(636928K)
[1072.972s][info][gc,metaspace   ] GC(3037) Metaspace: 35701K(36480K)->35701K(36480K) NonClass: 26486K(27072K)->26486K(27072K) Class: 9215K(9408K)->9215K(9408K)
[1072.972s][info][gc             ] GC(3037) Pause Young (Allocation Failure) 903M->621M(925M) 1.902ms
[1072.972s][info][gc,cpu         ] GC(3037) User=0.00s Sys=0.00s Real=0.00s
[1073.208s][info][gc,start       ] GC(3038) Pause Young (Allocation Failure)
[1073.210s][info][gc,heap        ] GC(3038) PSYoungGen: 288832K(310272K)->64K(311296K) Eden: 288768K(288768K)->0K(291840K) From: 64K(21504K)->64K(19456K)
[1073.210s][info][gc,heap        ] GC(3038) ParOldGen: 636805K(636928K)->636805K(636928K)
[1073.210s][info][gc,metaspace   ] GC(3038) Metaspace: 35701K(36480K)->35701K(36480K) NonClass: 26486K(27072K)->26486K(27072K) Class: 9215K(9408K)->9215K(9408K)
[1073.210s][info][gc             ] GC(3038) Pause Young (Allocation Failure) 903M->621M(926M) 1.792ms
[1073.210s][info][gc,cpu         ] GC(3038) User=0.00s Sys=0.00s Real=0.00s
[1073.515s][info][gc,start       ] GC(3039) Pause Young (Allocation Failure)
[1073.517s][info][gc,heap        ] GC(3039) PSYoungGen: 291904K(311296K)->64K(311296K) Eden: 291840K(291840K)->0K(291840K) From: 64K(19456K)->64K(19456K)
[1073.517s][info][gc,heap        ] GC(3039) ParOldGen: 636805K(636928K)->636805K(636928K)
[1073.517s][info][gc,metaspace   ] GC(3039) Metaspace: 35701K(36480K)->35701K(36480K) NonClass: 26486K(27072K)->26486K(27072K) Class: 9215K(9408K)->9215K(9408K)
[1073.517s][info][gc             ] GC(3039) Pause Young (Allocation Failure) 906M->621M(926M) 1.962ms
[1073.517s][info][gc,cpu         ] GC(3039) User=0.00s Sys=0.00s Real=0.01s
[1073.568s][info][gc,start       ] GC(3040) Pause Young (Allocation Failure)
[1073.570s][info][gc,heap        ] GC(3040) PSYoungGen: 291904K(311296K)->64K(313344K) Eden: 291840K(291840K)->0K(295936K) From: 64K(19456K)->64K(17408K)
[1073.570s][info][gc,heap        ] GC(3040) ParOldGen: 636805K(636928K)->636821K(636928K)
[1073.570s][info][gc,metaspace   ] GC(3040) Metaspace: 35701K(36480K)->35701K(36480K) NonClass: 26486K(27072K)->26486K(27072K) Class: 9215K(9408K)->9215K(9408K)
[1073.570s][info][gc             ] GC(3040) Pause Young (Allocation Failure) 906M->621M(928M) 1.810ms
[1073.570s][info][gc,cpu         ] GC(3040) User=0.00s Sys=0.00s Real=0.00s
[1073.662s][info][gc,start       ] GC(3041) Pause Young (Allocation Failure)
[1073.663s][info][gc,heap        ] GC(3041) PSYoungGen: 296000K(313344K)->64K(313344K) Eden: 295936K(295936K)->0K(295936K) From: 64K(17408K)->64K(17408K)
[1073.663s][info][gc,heap        ] GC(3041) ParOldGen: 636821K(636928K)->636821K(636928K)
[1073.663s][info][gc,metaspace   ] GC(3041) Metaspace: 35701K(36480K)->35701K(36480K) NonClass: 26486K(27072K)->26486K(27072K) Class: 9215K(9408K)->9215K(9408K)
[1073.663s][info][gc             ] GC(3041) Pause Young (Allocation Failure) 910M->621M(928M) 1.716ms
[1073.663s][info][gc,cpu         ] GC(3041) User=0.01s Sys=0.00s Real=0.00s
[1073.906s][info][gc,start       ] GC(3042) Pause Young (Allocation Failure)
[1073.907s][info][gc,heap        ] GC(3042) PSYoungGen: 296000K(313344K)->64K(315904K) Eden: 295936K(295936K)->0K(299520K) From: 64K(17408K)->64K(16384K)
[1073.907s][info][gc,heap        ] GC(3042) ParOldGen: 636821K(636928K)->636837K(636928K)
[1073.908s][info][gc,metaspace   ] GC(3042) Metaspace: 35701K(36480K)->35701K(36480K) NonClass: 26486K(27072K)->26486K(27072K) Class: 9215K(9408K)->9215K(9408K)
[1073.908s][info][gc             ] GC(3042) Pause Young (Allocation Failure) 910M->621M(930M) 1.699ms
[1073.908s][info][gc,cpu         ] GC(3042) User=0.00s Sys=0.01s Real=0.01s
[1074.095s][info][gc,start       ] GC(3043) Pause Young (Allocation Failure)
[1074.097s][info][gc,heap        ] GC(3043) PSYoungGen: 299584K(315904K)->64K(315392K) Eden: 299520K(299520K)->0K(299520K) From: 64K(16384K)->64K(15872K)
[1074.097s][info][gc,heap        ] GC(3043) ParOldGen: 636837K(636928K)->636837K(636928K)
[1074.097s][info][gc,metaspace   ] GC(3043) Metaspace: 35701K(36480K)->35701K(36480K) NonClass: 26486K(27072K)->26486K(27072K) Class: 9215K(9408K)->9215K(9408K)
[1074.097s][info][gc             ] GC(3043) Pause Young (Allocation Failure) 914M->621M(930M) 1.841ms
[1074.097s][info][gc,cpu         ] GC(3043) User=0.00s Sys=0.00s Real=0.01s
[1074.177s][info][gc,start       ] GC(3044) Pause Young (Allocation Failure)
[1074.179s][info][gc,heap        ] GC(3044) PSYoungGen: 299584K(315392K)->64K(316928K) Eden: 299520K(299520K)->0K(302592K) From: 64K(15872K)->64K(14336K)
[1074.179s][info][gc,heap        ] GC(3044) ParOldGen: 636837K(636928K)->636853K(636928K)
[1074.179s][info][gc,metaspace   ] GC(3044) Metaspace: 35701K(36480K)->35701K(36480K) NonClass: 26486K(27072K)->26486K(27072K) Class: 9215K(9408K)->9215K(9408K)
[1074.179s][info][gc             ] GC(3044) Pause Young (Allocation Failure) 914M->621M(931M) 1.708ms
[1074.179s][info][gc,cpu         ] GC(3044) User=0.00s Sys=0.00s Real=0.00s
[1074.331s][info][gc,start       ] GC(3045) Pause Young (Allocation Failure)
[1074.333s][info][gc,heap        ] GC(3045) PSYoungGen: 302656K(316928K)->64K(316416K) Eden: 302592K(302592K)->0K(302592K) From: 64K(14336K)->64K(13824K)
[1074.333s][info][gc,heap        ] GC(3045) ParOldGen: 636853K(636928K)->636853K(636928K)
[1074.333s][info][gc,metaspace   ] GC(3045) Metaspace: 35701K(36480K)->35701K(36480K) NonClass: 26486K(27072K)->26486K(27072K) Class: 9215K(9408K)->9215K(9408K)
[1074.333s][info][gc             ] GC(3045) Pause Young (Allocation Failure) 917M->621M(931M) 1.700ms
[1074.333s][info][gc,cpu         ] GC(3045) User=0.00s Sys=0.00s Real=0.00s
[1075.253s][info][gc,start       ] GC(3046) Pause Young (Allocation Failure)
[1075.255s][info][gc,heap        ] GC(3046) PSYoungGen: 302656K(316416K)->64K(318976K) Eden: 302592K(302592K)->0K(306688K) From: 64K(13824K)->64K(12288K)
[1075.255s][info][gc,heap        ] GC(3046) ParOldGen: 636853K(636928K)->636861K(636928K)
[1075.255s][info][gc,metaspace   ] GC(3046) Metaspace: 35701K(36480K)->35701K(36480K) NonClass: 26486K(27072K)->26486K(27072K) Class: 9215K(9408K)->9215K(9408K)
[1075.255s][info][gc             ] GC(3046) Pause Young (Allocation Failure) 917M->621M(933M) 1.878ms
[1075.255s][info][gc,cpu         ] GC(3046) User=0.01s Sys=0.00s Real=0.00s
[1076.084s][info][gc,start       ] GC(3047) Pause Young (Allocation Failure)
[1076.086s][info][gc,heap        ] GC(3047) PSYoungGen: 306752K(318976K)->64K(318976K) Eden: 306688K(306688K)->0K(306688K) From: 64K(12288K)->64K(12288K)
[1076.086s][info][gc,heap        ] GC(3047) ParOldGen: 636861K(636928K)->636869K(636928K)
[1076.086s][info][gc,metaspace   ] GC(3047) Metaspace: 35701K(36480K)->35701K(36480K) NonClass: 26486K(27072K)->26486K(27072K) Class: 9215K(9408K)->9215K(9408K)
[1076.086s][info][gc             ] GC(3047) Pause Young (Allocation Failure) 921M->622M(933M) 1.895ms
[1076.086s][info][gc,cpu         ] GC(3047) User=0.01s Sys=0.00s Real=0.00s
[1076.502s][info][gc,start       ] GC(3048) Pause Young (Allocation Failure)
[1076.503s][info][gc,heap        ] GC(3048) PSYoungGen: 306752K(318976K)->64K(294912K) Eden: 306688K(306688K)->0K(294400K) From: 64K(12288K)->64K(512K)
[1076.503s][info][gc,heap        ] GC(3048) ParOldGen: 636869K(636928K)->636877K(636928K)
[1076.503s][info][gc,metaspace   ] GC(3048) Metaspace: 35701K(36480K)->35701K(36480K) NonClass: 26486K(27072K)->26486K(27072K) Class: 9215K(9408K)->9215K(9408K)
[1076.503s][info][gc             ] GC(3048) Pause Young (Allocation Failure) 921M->622M(910M) 1.883ms
[1076.503s][info][gc,cpu         ] GC(3048) User=0.00s Sys=0.00s Real=0.00s
[1077.544s][info][gc,start       ] GC(3049) Pause Young (Allocation Failure)
[1077.546s][info][gc,heap        ] GC(3049) PSYoungGen: 294464K(294912K)->64K(293376K) Eden: 294400K(294400K)->0K(282624K) From: 64K(512K)->64K(10752K)
[1077.546s][info][gc,heap        ] GC(3049) ParOldGen: 636877K(636928K)->636885K(636928K)
[1077.546s][info][gc,metaspace   ] GC(3049) Metaspace: 35701K(36480K)->35701K(36480K) NonClass: 26486K(27072K)->26486K(27072K) Class: 9215K(9408K)->9215K(9408K)
[1077.546s][info][gc             ] GC(3049) Pause Young (Allocation Failure) 909M->622M(908M) 1.848ms
[1077.546s][info][gc,cpu         ] GC(3049) User=0.00s Sys=0.00s Real=0.00s
[1077.946s][info][gc,start       ] GC(3050) Pause Young (Allocation Failure)
[1077.948s][info][gc,heap        ] GC(3050) PSYoungGen: 282688K(293376K)->64K(272384K) Eden: 282624K(282624K)->0K(271872K) From: 64K(10752K)->64K(512K)
[1077.948s][info][gc,heap        ] GC(3050) ParOldGen: 636885K(636928K)->636893K(636928K)
[1077.948s][info][gc,metaspace   ] GC(3050) Metaspace: 35701K(36480K)->35701K(36480K) NonClass: 26486K(27072K)->26486K(27072K) Class: 9215K(9408K)->9215K(9408K)
[1077.948s][info][gc             ] GC(3050) Pause Young (Allocation Failure) 898M->622M(888M) 1.933ms
[1077.948s][info][gc,cpu         ] GC(3050) User=0.01s Sys=0.00s Real=0.01s
[1078.114s][info][gc,start       ] GC(3051) Pause Young (Allocation Failure)
[1078.116s][info][gc,heap        ] GC(3051) PSYoungGen: 271936K(272384K)->64K(270848K) Eden: 271872K(271872K)->0K(261632K) From: 64K(512K)->64K(9216K)
[1078.116s][info][gc,heap        ] GC(3051) ParOldGen: 636893K(636928K)->636901K(636928K)
[1078.116s][info][gc,metaspace   ] GC(3051) Metaspace: 35701K(36480K)->35701K(36480K) NonClass: 26486K(27072K)->26486K(27072K) Class: 9215K(9408K)->9215K(9408K)
[1078.116s][info][gc             ] GC(3051) Pause Young (Allocation Failure) 887M->622M(886M) 1.790ms
[1078.116s][info][gc,cpu         ] GC(3051) User=0.00s Sys=0.00s Real=0.00s
[1078.372s][info][gc,start       ] GC(3052) Pause Young (Allocation Failure)
[1078.374s][info][gc,heap        ] GC(3052) PSYoungGen: 261696K(270848K)->64K(251904K) Eden: 261632K(261632K)->0K(251392K) From: 64K(9216K)->64K(512K)
[1078.374s][info][gc,heap        ] GC(3052) ParOldGen: 636901K(636928K)->636909K(636928K)
[1078.374s][info][gc,metaspace   ] GC(3052) Metaspace: 35701K(36480K)->35701K(36480K) NonClass: 26486K(27072K)->26486K(27072K) Class: 9215K(9408K)->9215K(9408K)
[1078.374s][info][gc             ] GC(3052) Pause Young (Allocation Failure) 877M->622M(868M) 2.015ms
[1078.374s][info][gc,cpu         ] GC(3052) User=0.00s Sys=0.00s Real=0.00s
[1078.777s][info][gc,start       ] GC(3053) Pause Young (Allocation Failure)
[1078.779s][info][gc,heap        ] GC(3053) PSYoungGen: 251456K(251904K)->64K(249856K) Eden: 251392K(251392K)->0K(241664K) From: 64K(512K)->64K(8192K)
[1078.779s][info][gc,heap        ] GC(3053) ParOldGen: 636909K(636928K)->636917K(636928K)
