[0.002s][info][metaspace]  - commit_granule_bytes: 65536.
[0.002s][info][metaspace]  - commit_granule_words: 8192.
[0.002s][info][metaspace]  - virtual_space_node_default_size: 8388608.
[0.002s][info][metaspace]  - enlarge_chunks_in_place: 1.
[0.004s][info][gc,init  ] CardTable entry size: 512
[0.004s][info][gc       ] Using Parallel
[0.005s][info][gc,init  ] Version: 24-internal-adhoc.root.jdk (release)
[0.005s][info][gc,init  ] CPUs: 2 total, 2 available
[0.005s][info][gc,init  ] Memory: 3908M
[0.005s][info][gc,init  ] Large Page Support: Disabled
[0.005s][info][gc,init  ] NUMA Support: Disabled
[0.005s][info][gc,init  ] Compressed Oops: Enabled (32-bit)
[0.005s][info][gc,init  ] Alignments: Space 512K, Generation 512K, Heap 2M
[0.005s][info][gc,init  ] Heap Min Capacity: 256M
[0.005s][info][gc,init  ] Heap Initial Capacity: 256M
[0.005s][info][gc,init  ] Heap Max Capacity: 978M
[0.005s][info][gc,init  ] Pre-touch: Disabled
[0.005s][info][gc,init  ] Parallel Workers: 2
[0.019s][info][gc,metaspace] CDS archive(s) mapped at: [0x00007f6c55000000-0x00007f6c55e7b000-0x00007f6c55e7b000), size 15183872, SharedBaseAddress: 0x00007f6c55000000, ArchiveRelocationMode: 1.
[0.019s][info][gc,metaspace] Compressed class space mapped at: 0x00007f6c56000000-0x00007f6c96000000, reserved size: 1073741824
[0.019s][info][gc,metaspace] UseCompressedClassPointers 1, UseCompactObjectHeaders 1
[0.019s][info][gc,metaspace] Narrow klass pointer bits 22, Max shift 10
[0.019s][info][gc,metaspace] Narrow klass base: 0x00007f6c55000000, Narrow klass shift: 10
[0.019s][info][gc,metaspace] Encoding Range: [0x00007f6c55000000 - 0x00007f6d55000000), (4294967296 bytes)
[0.019s][info][gc,metaspace] Klass Range:    [0x00007f6c55000000 - 0x00007f6c96000000), (1090519040 bytes)
[0.019s][info][gc,metaspace] Klass ID Range:  [1 - 1064960) (1064959)
[1.247s][info][gc,start    ] GC(0) Pause Young (Allocation Failure)
[1.257s][info][gc,heap     ] GC(0) PSYoungGen: 65536K(76288K)->8366K(76288K) Eden: 65536K(65536K)->0K(65536K) From: 0K(10752K)->8366K(10752K)
[1.257s][info][gc,heap     ] GC(0) ParOldGen: 1088K(175104K)->1096K(175104K)
[1.257s][info][gc,metaspace] GC(0) Metaspace: 8918K(9088K)->8918K(9088K) NonClass: 7719K(7808K)->7719K(7808K) Class: 1199K(1280K)->1199K(1280K)
[1.257s][info][gc          ] GC(0) Pause Young (Allocation Failure) 65M->9M(245M) 9.683ms
[1.257s][info][gc,cpu      ] GC(0) User=0.01s Sys=0.01s Real=0.01s
[1.897s][info][metaspace   ] ChkMgr @0x00007f6cb403ef70 (class-space): failed to commit 183 words on chunk @0x00007f6c08355458, f, base 0x00007f6c562f0000, level lv10.
[1.897s][info][metaspace   ] Arena @0x00007f6cb42a2420 (class arena): failed to allocate new chunk for requested word size 183.
[1.897s][info][metaspace   ] Arena @0x00007f6cb42a2420 (class arena): allocation failed, returned null.
[1.897s][info][metaspace   ] ChkMgr @0x00007f6cb403ef70 (class-space): failed to commit 183 words on chunk @0x00007f6c08355458, f, base 0x00007f6c562f0000, level lv10.
[1.897s][info][metaspace   ] Arena @0x00007f6cb42a2420 (class arena): failed to allocate new chunk for requested word size 183.
[1.897s][info][metaspace   ] Arena @0x00007f6cb42a2420 (class arena): allocation failed, returned null.
[1.897s][info][metaspace   ] ChkMgr @0x00007f6cb403ef70 (class-space): failed to commit 183 words on chunk @0x00007f6c08355458, f, base 0x00007f6c562f0000, level lv10.
[1.897s][info][metaspace   ] Arena @0x00007f6cb42a2420 (class arena): failed to allocate new chunk for requested word size 183.
[1.897s][info][metaspace   ] Arena @0x00007f6cb42a2420 (class arena): allocation failed, returned null.
[1.897s][info][gc,start    ] GC(1) Pause Full (Metadata GC Threshold)
[1.897s][info][gc,phases,start] GC(1) Marking Phase
[1.908s][info][gc,phases      ] GC(1) Marking Phase 11.358ms
[1.908s][info][gc,phases,start] GC(1) Summary Phase
[1.908s][info][gc,phases      ] GC(1) Summary Phase 0.010ms
[1.908s][info][gc,phases,start] GC(1) Forward
[1.912s][info][gc,phases      ] GC(1) Forward 3.379ms
[1.912s][info][gc,phases,start] GC(1) Adjust Pointers
[1.917s][info][gc,phases      ] GC(1) Adjust Pointers 5.082ms
[1.917s][info][gc,phases,start] GC(1) Compaction Phase
[1.923s][info][gc,phases      ] GC(1) Compaction Phase 6.437ms
[1.924s][info][gc,phases,start] GC(1) Post Compact
[1.925s][info][gc,phases      ] GC(1) Post Compact 1.419ms
[1.925s][info][gc,heap        ] GC(1) PSYoungGen: 55383K(76288K)->0K(76288K) Eden: 47017K(65536K)->0K(65536K) From: 8366K(10752K)->0K(10752K)
[1.925s][info][gc,heap        ] GC(1) ParOldGen: 1096K(175104K)->10547K(175104K)
[1.925s][info][gc,metaspace   ] GC(1) Metaspace: 21348K(21504K)->21348K(21504K) NonClass: 18406K(18496K)->18406K(18496K) Class: 2941K(3008K)->2941K(3008K)
[1.925s][info][gc             ] GC(1) Pause Full (Metadata GC Threshold) 55M->10M(245M) 27.986ms
[1.925s][info][gc,cpu         ] GC(1) User=0.03s Sys=0.01s Real=0.02s
[3.025s][info][gc,start       ] GC(2) Pause Young (Allocation Failure)
[3.033s][info][gc,heap        ] GC(2) PSYoungGen: 65536K(76288K)->4048K(76288K) Eden: 65536K(65536K)->0K(65536K) From: 0K(10752K)->4048K(10752K)
[3.033s][info][gc,heap        ] GC(2) ParOldGen: 141620K(175104K)->141628K(175104K)
[3.033s][info][gc,metaspace   ] GC(2) Metaspace: 32047K(32320K)->32047K(32320K) NonClass: 27618K(27776K)->27618K(27776K) Class: 4428K(4544K)->4428K(4544K)
[3.033s][info][gc             ] GC(2) Pause Young (Allocation Failure) 202M->142M(245M) 8.063ms
[3.033s][info][gc,cpu         ] GC(2) User=0.02s Sys=0.00s Real=0.01s
[3.265s][info][metaspace      ] ChkMgr @0x00007f6cb403f160 (non-class-space): failed to commit 508 words on chunk @0x00007f6cb478e958, f, base 0x00007f6c4deb0000, level lv10.
[3.265s][info][metaspace      ] Arena @0x00007f6cb42a23d0 (non-class arena): failed to allocate new chunk for requested word size 508.
[3.265s][info][metaspace      ] Arena @0x00007f6cb42a23d0 (non-class arena): allocation failed, returned null.
[3.265s][info][metaspace      ] ChkMgr @0x00007f6cb403f160 (non-class-space): failed to commit 508 words on chunk @0x00007f6cb478e958, f, base 0x00007f6c4deb0000, level lv10.
[3.265s][info][metaspace      ] Arena @0x00007f6cb42a23d0 (non-class arena): failed to allocate new chunk for requested word size 508.
[3.265s][info][metaspace      ] Arena @0x00007f6cb42a23d0 (non-class arena): allocation failed, returned null.
[3.266s][info][metaspace      ] ChkMgr @0x00007f6cb403f160 (non-class-space): failed to commit 508 words on chunk @0x00007f6cb478e958, f, base 0x00007f6c4deb0000, level lv10.
[3.266s][info][metaspace      ] Arena @0x00007f6cb42a23d0 (non-class arena): failed to allocate new chunk for requested word size 508.
[3.266s][info][metaspace      ] Arena @0x00007f6cb42a23d0 (non-class arena): allocation failed, returned null.
[3.266s][info][gc,start       ] GC(3) Pause Full (Metadata GC Threshold)
[3.266s][info][gc,phases,start] GC(3) Marking Phase
[3.283s][info][gc,phases      ] GC(3) Marking Phase 16.866ms
[3.283s][info][gc,phases,start] GC(3) Summary Phase
[3.283s][info][gc,phases      ] GC(3) Summary Phase 0.027ms
[3.283s][info][gc,phases,start] GC(3) Forward
[3.287s][info][gc,phases      ] GC(3) Forward 3.949ms
[3.287s][info][gc,phases,start] GC(3) Adjust Pointers
[3.295s][info][gc,phases      ] GC(3) Adjust Pointers 8.442ms
[3.295s][info][gc,phases,start] GC(3) Compaction Phase
[3.321s][info][gc,phases      ] GC(3) Compaction Phase 25.925ms
[3.321s][info][gc,phases,start] GC(3) Post Compact
[3.324s][info][gc,phases      ] GC(3) Post Compact 3.177ms
[3.324s][info][gc,heap        ] GC(3) PSYoungGen: 61461K(76288K)->43832K(76288K) Eden: 57413K(65536K)->43832K(65536K) From: 4048K(10752K)->0K(10752K)
[3.324s][info][gc,heap        ] GC(3) ParOldGen: 180690K(214528K)->180537K(214528K)
[3.324s][info][gc,metaspace   ] GC(3) Metaspace: 35685K(35840K)->35685K(35840K) NonClass: 30764K(30848K)->30764K(30848K) Class: 4921K(4992K)->4921K(4992K)
[3.324s][info][gc             ] GC(3) Pause Full (Metadata GC Threshold) 236M->219M(284M) 58.775ms
[3.324s][info][gc,cpu         ] GC(3) User=0.10s Sys=0.01s Real=0.06s
[3.539s][info][gc,start       ] GC(4) Pause Young (Allocation Failure)
[3.587s][info][gc,heap        ] GC(4) PSYoungGen: 65536K(76288K)->5696K(76288K) Eden: 65536K(65536K)->0K(65536K) From: 0K(10752K)->5696K(10752K)
[3.587s][info][gc,heap        ] GC(4) ParOldGen: 180537K(214528K)->219607K(253952K)
[3.587s][info][gc,metaspace   ] GC(4) Metaspace: 39103K(39296K)->39103K(39296K) NonClass: 33745K(33856K)->33745K(33856K) Class: 5358K(5440K)->5358K(5440K)
[3.587s][info][gc             ] GC(4) Pause Young (Allocation Failure) 240M->220M(322M) 47.908ms
[3.587s][info][gc,cpu         ] GC(4) User=0.08s Sys=0.01s Real=0.05s
[4.507s][info][gc,start       ] GC(5) Pause Young (Allocation Failure)
[4.522s][info][gc,heap        ] GC(5) PSYoungGen: 71232K(76288K)->8615K(141824K) Eden: 65536K(65536K)->0K(131072K) From: 5696K(10752K)->8615K(10752K)
[4.522s][info][gc,heap        ] GC(5) ParOldGen: 219607K(253952K)->219615K(253952K)
[4.522s][info][gc,metaspace   ] GC(5) Metaspace: 49771K(50112K)->49771K(50112K) NonClass: 42358K(42560K)->42358K(42560K) Class: 7412K(7552K)->7412K(7552K)
[4.522s][info][gc             ] GC(5) Pause Young (Allocation Failure) 284M->222M(386M) 14.435ms
[4.522s][info][gc,cpu         ] GC(5) User=0.02s Sys=0.00s Real=0.01s
[6.942s][info][gc,start       ] GC(6) Pause Young (Allocation Failure)
[6.982s][info][gc,heap        ] GC(6) PSYoungGen: 139687K(141824K)->10744K(141824K) Eden: 131072K(131072K)->0K(131072K) From: 8615K(10752K)->10744K(10752K)
[6.982s][info][gc,heap        ] GC(6) ParOldGen: 219615K(253952K)->239644K(253952K)
[6.982s][info][gc,metaspace   ] GC(6) Metaspace: 54399K(54720K)->54399K(54720K) NonClass: 46185K(46400K)->46185K(46400K) Class: 8213K(8320K)->8213K(8320K)
[6.982s][info][gc             ] GC(6) Pause Young (Allocation Failure) 350M->244M(386M) 39.301ms
[6.982s][info][gc,cpu         ] GC(6) User=0.05s Sys=0.03s Real=0.04s
[7.620s][info][gc,start       ] GC(7) Pause Young (Allocation Failure)
[7.674s][info][gc,heap        ] GC(7) PSYoungGen: 141816K(141824K)->26083K(274432K) Eden: 131072K(131072K)->0K(248320K) From: 10744K(10752K)->26083K(26112K)
[7.674s][info][gc,heap        ] GC(7) ParOldGen: 239644K(253952K)->253755K(253952K)
[7.674s][info][gc,metaspace   ] GC(7) Metaspace: 54813K(55168K)->54813K(55168K) NonClass: 46598K(46848K)->46598K(46848K) Class: 8214K(8320K)->8214K(8320K)
[7.674s][info][gc             ] GC(7) Pause Young (Allocation Failure) 372M->273M(516M) 53.514ms
[7.674s][info][gc,cpu         ] GC(7) User=0.08s Sys=0.03s Real=0.05s
[8.649s][info][gc,start       ] GC(8) Pause Young (Allocation Failure)
[8.712s][info][gc,heap        ] GC(8) PSYoungGen: 274123K(274432K)->39501K(288256K) Eden: 248039K(248320K)->0K(248320K) From: 26083K(26112K)->39501K(39936K)
[8.712s][info][gc,heap        ] GC(8) ParOldGen: 253755K(253952K)->253899K(253952K)
[8.713s][info][gc,metaspace   ] GC(8) Metaspace: 55013K(55360K)->55013K(55360K) NonClass: 46798K(47040K)->46798K(47040K) Class: 8214K(8320K)->8214K(8320K)
[8.713s][info][gc             ] GC(8) Pause Young (Allocation Failure) 515M->286M(529M) 63.807ms
[8.713s][info][gc,cpu         ] GC(8) User=0.11s Sys=0.02s Real=0.06s
[9.417s][info][gc,start       ] GC(9) Pause Young (Allocation Failure)
[9.472s][info][gc,heap        ] GC(9) PSYoungGen: 287821K(288256K)->34348K(276992K) Eden: 248320K(248320K)->0K(231424K) From: 39501K(39936K)->34348K(45568K)
[9.472s][info][gc,heap        ] GC(9) ParOldGen: 253899K(253952K)->260351K(260608K)
[9.472s][info][gc,metaspace   ] GC(9) Metaspace: 55183K(55552K)->55183K(55552K) NonClass: 46955K(47232K)->46955K(47232K) Class: 8228K(8320K)->8228K(8320K)
[9.472s][info][gc             ] GC(9) Pause Young (Allocation Failure) 529M->287M(525M) 54.834ms
[9.472s][info][gc,cpu         ] GC(9) User=0.10s Sys=0.01s Real=0.05s
[10.086s][info][gc,start       ] GC(10) Pause Young (Allocation Failure)
[10.135s][info][gc,heap        ] GC(10) PSYoungGen: 265772K(276992K)->15391K(282624K) Eden: 231424K(231424K)->0K(231424K) From: 34348K(45568K)->15391K(51200K)
[10.135s][info][gc,heap        ] GC(10) ParOldGen: 260351K(260608K)->279504K(279552K)
[10.135s][info][gc,metaspace   ] GC(10) Metaspace: 55436K(55808K)->55436K(55808K) NonClass: 47208K(47488K)->47208K(47488K) Class: 8228K(8320K)->8228K(8320K)
[10.135s][info][gc             ] GC(10) Pause Young (Allocation Failure) 513M->287M(549M) 48.830ms
[10.135s][info][gc,cpu         ] GC(10) User=0.09s Sys=0.01s Real=0.04s
[10.648s][info][gc,start       ] GC(11) Pause Young (Allocation Failure)
[10.672s][info][gc,heap        ] GC(11) PSYoungGen: 246815K(282624K)->11615K(277504K) Eden: 231424K(231424K)->0K(233472K) From: 15391K(51200K)->11615K(44032K)
[10.672s][info][gc,heap        ] GC(11) ParOldGen: 279504K(279552K)->283368K(283648K)
[10.672s][info][gc,metaspace   ] GC(11) Metaspace: 55443K(55808K)->55443K(55808K) NonClass: 47215K(47488K)->47215K(47488K) Class: 8228K(8320K)->8228K(8320K)
[10.672s][info][gc             ] GC(11) Pause Young (Allocation Failure) 513M->288M(548M) 23.762ms
[10.672s][info][gc,cpu         ] GC(11) User=0.05s Sys=0.00s Real=0.02s
[11.264s][info][gc,start       ] GC(12) Pause Young (Allocation Failure)
[11.290s][info][gc,heap        ] GC(12) PSYoungGen: 245087K(277504K)->11710K(281088K) Eden: 233472K(233472K)->0K(233472K) From: 11615K(44032K)->11710K(47616K)
[11.290s][info][gc,heap        ] GC(12) ParOldGen: 283368K(283648K)->283616K(283648K)
[11.290s][info][gc,metaspace   ] GC(12) Metaspace: 55446K(55808K)->55446K(55808K) NonClass: 47218K(47488K)->47218K(47488K) Class: 8228K(8320K)->8228K(8320K)
[11.290s][info][gc             ] GC(12) Pause Young (Allocation Failure) 516M->288M(551M) 26.316ms
[11.290s][info][gc,cpu         ] GC(12) User=0.05s Sys=0.00s Real=0.03s
[11.900s][info][gc,start       ] GC(13) Pause Young (Allocation Failure)
[11.922s][info][gc,heap        ] GC(13) PSYoungGen: 245182K(281088K)->11040K(282112K) Eden: 233472K(233472K)->0K(239616K) From: 11710K(47616K)->11040K(42496K)
[11.922s][info][gc,heap        ] GC(13) ParOldGen: 283616K(283648K)->283728K(284160K)
[11.922s][info][gc,metaspace   ] GC(13) Metaspace: 55447K(55808K)->55447K(55808K) NonClass: 47219K(47488K)->47219K(47488K) Class: 8228K(8320K)->8228K(8320K)
[11.922s][info][gc             ] GC(13) Pause Young (Allocation Failure) 516M->287M(553M) 22.468ms
[11.922s][info][gc,cpu         ] GC(13) User=0.04s Sys=0.00s Real=0.02s
[12.513s][info][gc,start       ] GC(14) Pause Young (Allocation Failure)
[12.518s][info][gc,heap        ] GC(14) PSYoungGen: 250656K(282112K)->1471K(284672K) Eden: 239616K(239616K)->0K(239616K) From: 11040K(42496K)->1471K(45056K)
[12.518s][info][gc,heap        ] GC(14) ParOldGen: 283728K(284160K)->283864K(284160K)
[12.518s][info][gc,metaspace   ] GC(14) Metaspace: 55450K(55808K)->55450K(55808K) NonClass: 47221K(47488K)->47221K(47488K) Class: 8228K(8320K)->8228K(8320K)
[12.518s][info][gc             ] GC(14) Pause Young (Allocation Failure) 521M->278M(555M) 5.269ms
[12.518s][info][gc,cpu         ] GC(14) User=0.01s Sys=0.00s Real=0.01s
[13.115s][info][gc,start       ] GC(15) Pause Young (Allocation Failure)
[13.121s][info][gc,heap        ] GC(15) PSYoungGen: 241087K(284672K)->1663K(288768K) Eden: 239616K(239616K)->0K(243712K) From: 1471K(45056K)->1663K(45056K)
[13.121s][info][gc,heap        ] GC(15) ParOldGen: 283864K(284160K)->284043K(284160K)
[13.121s][info][gc,metaspace   ] GC(15) Metaspace: 55452K(55808K)->55452K(55808K) NonClass: 47223K(47488K)->47223K(47488K) Class: 8228K(8320K)->8228K(8320K)
[13.121s][info][gc             ] GC(15) Pause Young (Allocation Failure) 512M->279M(559M) 5.621ms
[13.121s][info][gc,cpu         ] GC(15) User=0.01s Sys=0.00s Real=0.01s
[13.720s][info][gc,start       ] GC(16) Pause Young (Allocation Failure)
[13.728s][info][gc,heap        ] GC(16) PSYoungGen: 245375K(288768K)->1695K(245760K) Eden: 243712K(243712K)->0K(243712K) From: 1663K(45056K)->1695K(2048K)
[13.728s][info][gc,heap        ] GC(16) ParOldGen: 284043K(284160K)->284163K(284672K)
[13.728s][info][gc,metaspace   ] GC(16) Metaspace: 55468K(55808K)->55468K(55808K) NonClass: 47235K(47488K)->47235K(47488K) Class: 8233K(8320K)->8233K(8320K)
[13.729s][info][gc             ] GC(16) Pause Young (Allocation Failure) 517M->279M(518M) 8.883ms
[13.729s][info][gc,cpu         ] GC(16) User=0.01s Sys=0.00s Real=0.01s
[14.332s][info][gc,start       ] GC(17) Pause Young (Allocation Failure)
[14.336s][info][gc,heap        ] GC(17) PSYoungGen: 245407K(245760K)->1470K(288768K) Eden: 243712K(243712K)->0K(244736K) From: 1695K(2048K)->1470K(44032K)
[14.336s][info][gc,heap        ] GC(17) ParOldGen: 284163K(284672K)->284275K(284672K)
[14.336s][info][gc,metaspace   ] GC(17) Metaspace: 55470K(55808K)->55470K(55808K) NonClass: 47237K(47488K)->47237K(47488K) Class: 8233K(8320K)->8233K(8320K)
[14.336s][info][gc             ] GC(17) Pause Young (Allocation Failure) 517M->279M(560M) 4.139ms
[14.336s][info][gc,cpu         ] GC(17) User=0.01s Sys=0.00s Real=0.01s
[14.967s][info][gc,start       ] GC(18) Pause Young (Allocation Failure)
[14.970s][info][gc,heap        ] GC(18) PSYoungGen: 246206K(288768K)->384K(287744K) Eden: 244736K(244736K)->0K(244736K) From: 1470K(44032K)->384K(43008K)
[14.970s][info][gc,heap        ] GC(18) ParOldGen: 284275K(284672K)->284371K(284672K)
[14.970s][info][gc,metaspace   ] GC(18) Metaspace: 55471K(55808K)->55471K(55808K) NonClass: 47237K(47488K)->47237K(47488K) Class: 8233K(8320K)->8233K(8320K)
[14.970s][info][gc             ] GC(18) Pause Young (Allocation Failure) 518M->278M(559M) 2.540ms
[14.970s][info][gc,cpu         ] GC(18) User=0.00s Sys=0.00s Real=0.00s
[15.641s][info][gc,start       ] GC(19) Pause Young (Allocation Failure)
[15.644s][info][gc,heap        ] GC(19) PSYoungGen: 245120K(287744K)->760K(289792K) Eden: 244736K(244736K)->0K(247808K) From: 384K(43008K)->760K(41984K)
[15.644s][info][gc,heap        ] GC(19) ParOldGen: 284371K(284672K)->284459K(284672K)
[15.644s][info][gc,metaspace   ] GC(19) Metaspace: 55471K(55808K)->55471K(55808K) NonClass: 47237K(47488K)->47237K(47488K) Class: 8233K(8320K)->8233K(8320K)
[15.644s][info][gc             ] GC(19) Pause Young (Allocation Failure) 517M->278M(561M) 2.855ms
[15.644s][info][gc,cpu         ] GC(19) User=0.01s Sys=0.00s Real=0.00s
[16.177s][info][gc,start       ] GC(20) Pause Young (Allocation Failure)
[16.181s][info][gc,heap        ] GC(20) PSYoungGen: 248568K(289792K)->1119K(288768K) Eden: 247808K(247808K)->0K(247808K) From: 760K(41984K)->1119K(40960K)
[16.181s][info][gc,heap        ] GC(20) ParOldGen: 284459K(284672K)->284539K(284672K)
[16.181s][info][gc,metaspace   ] GC(20) Metaspace: 55472K(55808K)->55472K(55808K) NonClass: 47238K(47488K)->47238K(47488K) Class: 8233K(8320K)->8233K(8320K)
[16.181s][info][gc             ] GC(20) Pause Young (Allocation Failure) 520M->278M(560M) 4.234ms
[16.181s][info][gc,cpu         ] GC(20) User=0.01s Sys=0.00s Real=0.00s
[16.889s][info][gc,start       ] GC(21) Pause Young (Allocation Failure)
[16.893s][info][gc,heap        ] GC(21) PSYoungGen: 248927K(288768K)->1023K(291328K) Eden: 247808K(247808K)->0K(252416K) From: 1119K(40960K)->1023K(38912K)
[16.893s][info][gc,heap        ] GC(21) ParOldGen: 284539K(284672K)->284619K(284672K)
[16.893s][info][gc,metaspace   ] GC(21) Metaspace: 55472K(55808K)->55472K(55808K) NonClass: 47239K(47488K)->47239K(47488K) Class: 8233K(8320K)->8233K(8320K)
[16.893s][info][gc             ] GC(21) Pause Young (Allocation Failure) 520M->278M(562M) 4.372ms
[16.893s][info][gc,cpu         ] GC(21) User=0.00s Sys=0.00s Real=0.00s
[17.490s][info][gc,start       ] GC(22) Pause Young (Allocation Failure)
[17.496s][info][gc,heap        ] GC(22) PSYoungGen: 253439K(291328K)->2303K(245248K) Eden: 252416K(252416K)->0K(242688K) From: 1023K(38912K)->2303K(2560K)
[17.496s][info][gc,heap        ] GC(22) ParOldGen: 284619K(284672K)->284691K(285184K)
[17.496s][info][gc,metaspace   ] GC(22) Metaspace: 55472K(55808K)->55472K(55808K) NonClass: 47239K(47488K)->47239K(47488K) Class: 8233K(8320K)->8233K(8320K)
[17.496s][info][gc             ] GC(22) Pause Young (Allocation Failure) 525M->280M(518M) 5.515ms
[17.496s][info][gc,cpu         ] GC(22) User=0.01s Sys=0.00s Real=0.01s
[18.085s][info][gc,start       ] GC(23) Pause Young (Allocation Failure)
[18.091s][info][gc,heap        ] GC(23) PSYoungGen: 244991K(245248K)->2143K(257024K) Eden: 242688K(242688K)->0K(233472K) From: 2303K(2560K)->2143K(23552K)
[18.091s][info][gc,heap        ] GC(23) ParOldGen: 284691K(285184K)->284755K(285184K)
[18.091s][info][gc,metaspace   ] GC(23) Metaspace: 55489K(55808K)->55489K(55808K) NonClass: 47252K(47488K)->47252K(47488K) Class: 8237K(8320K)->8237K(8320K)
[18.091s][info][gc             ] GC(23) Pause Young (Allocation Failure) 517M->280M(529M) 5.650ms
[18.091s][info][gc,cpu         ] GC(23) User=0.01s Sys=0.00s Real=0.01s
[18.675s][info][gc,start       ] GC(24) Pause Young (Allocation Failure)
[18.680s][info][gc,heap        ] GC(24) PSYoungGen: 235615K(257024K)->1471K(226304K) Eden: 233472K(233472K)->0K(224768K) From: 2143K(23552K)->1471K(1536K)
[18.680s][info][gc,heap        ] GC(24) ParOldGen: 284755K(285184K)->284819K(285184K)
[18.680s][info][gc,metaspace   ] GC(24) Metaspace: 55489K(55808K)->55489K(55808K) NonClass: 47252K(47488K)->47252K(47488K) Class: 8237K(8320K)->8237K(8320K)
[18.680s][info][gc             ] GC(24) Pause Young (Allocation Failure) 508M->279M(499M) 4.532ms
[18.680s][info][gc,cpu         ] GC(24) User=0.01s Sys=0.00s Real=0.01s
[19.232s][info][gc,start       ] GC(25) Pause Young (Allocation Failure)
[19.238s][info][gc,heap        ] GC(25) PSYoungGen: 226132K(226304K)->320K(237568K) Eden: 224661K(224768K)->0K(216576K) From: 1471K(1536K)->320K(20992K)
[19.238s][info][gc,heap        ] GC(25) ParOldGen: 284819K(285184K)->284875K(285184K)
[19.238s][info][gc,metaspace   ] GC(25) Metaspace: 55491K(55808K)->55491K(55808K) NonClass: 47254K(47488K)->47254K(47488K) Class: 8237K(8320K)->8237K(8320K)
[19.238s][info][gc             ] GC(25) Pause Young (Allocation Failure) 498M->278M(510M) 5.929ms
[19.238s][info][gc,cpu         ] GC(25) User=0.01s Sys=0.00s Real=0.01s
[19.782s][info][gc,start       ] GC(26) Pause Young (Allocation Failure)
[19.788s][info][gc,heap        ] GC(26) PSYoungGen: 216896K(237568K)->1503K(209920K) Eden: 216576K(216576K)->0K(208384K) From: 320K(20992K)->1503K(1536K)
[19.788s][info][gc,heap        ] GC(26) ParOldGen: 284875K(285184K)->284923K(285184K)
[19.788s][info][gc,metaspace   ] GC(26) Metaspace: 55491K(55808K)->55491K(55808K) NonClass: 47254K(47488K)->47254K(47488K) Class: 8237K(8320K)->8237K(8320K)
[19.788s][info][gc             ] GC(26) Pause Young (Allocation Failure) 490M->279M(483M) 6.013ms
[19.788s][info][gc,cpu         ] GC(26) User=0.00s Sys=0.00s Real=0.01s
[20.289s][info][gc,start       ] GC(27) Pause Young (Allocation Failure)
[20.296s][info][gc,heap        ] GC(27) PSYoungGen: 209887K(209920K)->1183K(219136K) Eden: 208384K(208384K)->0K(200704K) From: 1503K(1536K)->1183K(18432K)
[20.296s][info][gc,heap        ] GC(27) ParOldGen: 284923K(285184K)->284971K(285184K)
[20.296s][info][gc,metaspace   ] GC(27) Metaspace: 55491K(55808K)->55491K(55808K) NonClass: 47254K(47488K)->47254K(47488K) Class: 8237K(8320K)->8237K(8320K)
[20.296s][info][gc             ] GC(27) Pause Young (Allocation Failure) 483M->279M(492M) 6.558ms
[20.296s][info][gc,cpu         ] GC(27) User=0.01s Sys=0.00s Real=0.01s
[20.804s][info][gc,start       ] GC(28) Pause Young (Allocation Failure)
[20.814s][info][gc,heap        ] GC(28) PSYoungGen: 201887K(219136K)->1568K(228352K) Eden: 200704K(200704K)->0K(200704K) From: 1183K(18432K)->1568K(27648K)
[20.814s][info][gc,heap        ] GC(28) ParOldGen: 284971K(285184K)->285019K(285184K)
[20.814s][info][gc,metaspace   ] GC(28) Metaspace: 55491K(55808K)->55491K(55808K) NonClass: 47254K(47488K)->47254K(47488K) Class: 8237K(8320K)->8237K(8320K)
[20.814s][info][gc             ] GC(28) Pause Young (Allocation Failure) 475M->279M(501M) 10.051ms
[20.814s][info][gc,cpu         ] GC(28) User=0.01s Sys=0.00s Real=0.01s
[21.272s][info][gc,start       ] GC(29) Pause Young (Allocation Failure)
[21.277s][info][gc,heap        ] GC(29) PSYoungGen: 202272K(228352K)->1759K(284160K) Eden: 200704K(200704K)->0K(261120K) From: 1568K(27648K)->1759K(23040K)
[21.277s][info][gc,heap        ] GC(29) ParOldGen: 285019K(285184K)->285067K(285184K)
[21.277s][info][gc,metaspace   ] GC(29) Metaspace: 55491K(55808K)->55491K(55808K) NonClass: 47254K(47488K)->47254K(47488K) Class: 8237K(8320K)->8237K(8320K)
[21.277s][info][gc             ] GC(29) Pause Young (Allocation Failure) 475M->280M(556M) 5.478ms
[21.277s][info][gc,cpu         ] GC(29) User=0.00s Sys=0.00s Real=0.01s
[21.906s][info][gc,start       ] GC(30) Pause Young (Allocation Failure)
[21.911s][info][gc,heap        ] GC(30) PSYoungGen: 262879K(284160K)->1823K(285696K) Eden: 261120K(261120K)->0K(261120K) From: 1759K(23040K)->1823K(24576K)
[21.911s][info][gc,heap        ] GC(30) ParOldGen: 285067K(285184K)->285115K(285184K)
[21.911s][info][gc,metaspace   ] GC(30) Metaspace: 55501K(55872K)->55501K(55872K) NonClass: 47264K(47552K)->47264K(47552K) Class: 8237K(8320K)->8237K(8320K)
[21.911s][info][gc             ] GC(30) Pause Young (Allocation Failure) 535M->280M(557M) 4.717ms
[21.911s][info][gc,cpu         ] GC(30) User=0.01s Sys=0.00s Real=0.00s
[22.570s][info][gc,start       ] GC(31) Pause Young (Allocation Failure)
[22.577s][info][gc,heap        ] GC(31) PSYoungGen: 262943K(285696K)->3295K(305152K) Eden: 261120K(261120K)->0K(286208K) From: 1823K(24576K)->3295K(18944K)
[22.577s][info][gc,heap        ] GC(31) ParOldGen: 285115K(285184K)->285163K(285184K)
[22.577s][info][gc,metaspace   ] GC(31) Metaspace: 55501K(55872K)->55501K(55872K) NonClass: 47264K(47552K)->47264K(47552K) Class: 8237K(8320K)->8237K(8320K)
[22.577s][info][gc             ] GC(31) Pause Young (Allocation Failure) 535M->281M(576M) 7.418ms
[22.577s][info][gc,cpu         ] GC(31) User=0.01s Sys=0.00s Real=0.01s
[23.262s][info][gc,start       ] GC(32) Pause Young (Allocation Failure)
[23.265s][info][gc,heap        ] GC(32) PSYoungGen: 289503K(305152K)->608K(275968K) Eden: 286208K(286208K)->0K(274944K) From: 3295K(18944K)->608K(1024K)
[23.265s][info][gc,heap        ] GC(32) ParOldGen: 285163K(285184K)->285211K(285696K)
[23.265s][info][gc,metaspace   ] GC(32) Metaspace: 55502K(55872K)->55502K(55872K) NonClass: 47264K(47552K)->47264K(47552K) Class: 8237K(8320K)->8237K(8320K)
[23.265s][info][gc             ] GC(32) Pause Young (Allocation Failure) 561M->279M(548M) 2.922ms
[23.265s][info][gc,cpu         ] GC(32) User=0.00s Sys=0.00s Real=0.00s
[23.910s][info][gc,start       ] GC(33) Pause Young (Allocation Failure)
[23.914s][info][gc,heap        ] GC(33) PSYoungGen: 275552K(275968K)->1311K(271360K) Eden: 274944K(274944K)->0K(264192K) From: 608K(1024K)->1311K(7168K)
[23.914s][info][gc,heap        ] GC(33) ParOldGen: 285211K(285696K)->285267K(285696K)
[23.914s][info][gc,metaspace   ] GC(33) Metaspace: 55506K(55872K)->55506K(55872K) NonClass: 47267K(47552K)->47267K(47552K) Class: 8238K(8320K)->8238K(8320K)
[23.914s][info][gc             ] GC(33) Pause Young (Allocation Failure) 547M->279M(544M) 4.205ms
[23.914s][info][gc,cpu         ] GC(33) User=0.01s Sys=0.00s Real=0.00s
[24.575s][info][gc,start       ] GC(34) Pause Young (Allocation Failure)
[24.578s][info][gc,heap        ] GC(34) PSYoungGen: 265503K(271360K)->1024K(254976K) Eden: 264192K(264192K)->0K(253952K) From: 1311K(7168K)->1024K(1024K)
[24.578s][info][gc,heap        ] GC(34) ParOldGen: 285267K(285696K)->285315K(285696K)
[24.578s][info][gc,metaspace   ] GC(34) Metaspace: 55507K(55872K)->55507K(55872K) NonClass: 47269K(47552K)->47269K(47552K) Class: 8238K(8320K)->8238K(8320K)
[24.578s][info][gc             ] GC(34) Pause Young (Allocation Failure) 537M->279M(528M) 3.464ms
[24.578s][info][gc,cpu         ] GC(34) User=0.00s Sys=0.00s Real=0.01s
[25.190s][info][gc,start       ] GC(35) Pause Young (Allocation Failure)
[25.195s][info][gc,heap        ] GC(35) PSYoungGen: 254976K(254976K)->2431K(246784K) Eden: 253952K(253952K)->0K(244224K) From: 1024K(1024K)->2431K(2560K)
[25.196s][info][gc,heap        ] GC(35) ParOldGen: 285315K(285696K)->285363K(285696K)
[25.196s][info][gc,metaspace   ] GC(35) Metaspace: 55507K(55872K)->55507K(55872K) NonClass: 47269K(47552K)->47269K(47552K) Class: 8238K(8320K)->8238K(8320K)
[25.196s][info][gc             ] GC(35) Pause Young (Allocation Failure) 527M->281M(520M) 5.727ms
[25.196s][info][gc,cpu         ] GC(35) User=0.01s Sys=0.00s Real=0.00s
[25.783s][info][gc,start       ] GC(36) Pause Young (Allocation Failure)
[25.788s][info][gc,heap        ] GC(36) PSYoungGen: 246655K(246784K)->2176K(237568K) Eden: 244224K(244224K)->0K(235008K) From: 2431K(2560K)->2176K(2560K)
[25.788s][info][gc,heap        ] GC(36) ParOldGen: 285363K(285696K)->285403K(285696K)
[25.788s][info][gc,metaspace   ] GC(36) Metaspace: 55507K(55872K)->55507K(55872K) NonClass: 47269K(47552K)->47269K(47552K) Class: 8238K(8320K)->8238K(8320K)
[25.788s][info][gc             ] GC(36) Pause Young (Allocation Failure) 519M->280M(511M) 5.323ms
[25.788s][info][gc,cpu         ] GC(36) User=0.01s Sys=0.00s Real=0.01s
[26.375s][info][gc,start       ] GC(37) Pause Young (Allocation Failure)
[26.380s][info][gc,heap        ] GC(37) PSYoungGen: 237184K(237568K)->2143K(228864K) Eden: 235008K(235008K)->0K(226304K) From: 2176K(2560K)->2143K(2560K)
[26.380s][info][gc,heap        ] GC(37) ParOldGen: 285403K(285696K)->285435K(285696K)
[26.380s][info][gc,metaspace   ] GC(37) Metaspace: 55507K(55872K)->55507K(55872K) NonClass: 47269K(47552K)->47269K(47552K) Class: 8238K(8320K)->8238K(8320K)
[26.380s][info][gc             ] GC(37) Pause Young (Allocation Failure) 510M->280M(502M) 5.400ms
[26.380s][info][gc,cpu         ] GC(37) User=0.01s Sys=0.00s Real=0.01s
[26.912s][info][gc,start       ] GC(38) Pause Young (Allocation Failure)
[26.915s][info][gc,heap        ] GC(38) PSYoungGen: 228447K(228864K)->1055K(219136K) Eden: 226304K(226304K)->0K(217600K) From: 2143K(2560K)->1055K(1536K)
[26.915s][info][gc,heap        ] GC(38) ParOldGen: 285435K(285696K)->285475K(285696K)
[26.915s][info][gc,metaspace   ] GC(38) Metaspace: 55507K(55872K)->55507K(55872K) NonClass: 47269K(47552K)->47269K(47552K) Class: 8238K(8320K)->8238K(8320K)
[26.915s][info][gc             ] GC(38) Pause Young (Allocation Failure) 501M->279M(493M) 3.129ms
[26.916s][info][gc,cpu         ] GC(38) User=0.00s Sys=0.00s Real=0.00s
[27.470s][info][gc,start       ] GC(39) Pause Young (Allocation Failure)
[27.474s][info][gc,heap        ] GC(39) PSYoungGen: 218655K(219136K)->1247K(210944K) Eden: 217600K(217600K)->0K(209408K) From: 1055K(1536K)->1247K(1536K)
[27.474s][info][gc,heap        ] GC(39) ParOldGen: 285475K(285696K)->285507K(285696K)
[27.474s][info][gc,metaspace   ] GC(39) Metaspace: 55507K(55872K)->55507K(55872K) NonClass: 47269K(47552K)->47269K(47552K) Class: 8238K(8320K)->8238K(8320K)
[27.474s][info][gc             ] GC(39) Pause Young (Allocation Failure) 492M->280M(485M) 4.025ms
[27.474s][info][gc,cpu         ] GC(39) User=0.01s Sys=0.00s Real=0.00s
[28.096s][info][gc,start       ] GC(40) Pause Young (Allocation Failure)
[28.111s][info][gc,heap        ] GC(40) PSYoungGen: 210655K(210944K)->3005K(238080K) Eden: 209408K(209408K)->0K(225280K) From: 1247K(1536K)->3005K(12800K)
[28.111s][info][gc,heap        ] GC(40) ParOldGen: 285507K(285696K)->285539K(285696K)
[28.111s][info][gc,metaspace   ] GC(40) Metaspace: 55507K(55872K)->55507K(55872K) NonClass: 47269K(47552K)->47269K(47552K) Class: 8238K(8320K)->8238K(8320K)
[28.111s][info][gc             ] GC(40) Pause Young (Allocation Failure) 484M->281M(511M) 15.464ms
[28.111s][info][gc,cpu         ] GC(40) User=0.01s Sys=0.00s Real=0.01s
[28.613s][info][gc,start       ] GC(41) Pause Young (Allocation Failure)
[28.618s][info][gc,heap        ] GC(41) PSYoungGen: 228285K(238080K)->1279K(274432K) Eden: 225280K(225280K)->0K(262656K) From: 3005K(12800K)->1279K(11776K)
[28.618s][info][gc,heap        ] GC(41) ParOldGen: 285539K(285696K)->285571K(285696K)
[28.618s][info][gc,metaspace   ] GC(41) Metaspace: 55507K(55872K)->55507K(55872K) NonClass: 47269K(47552K)->47269K(47552K) Class: 8238K(8320K)->8238K(8320K)
[28.618s][info][gc             ] GC(41) Pause Young (Allocation Failure) 501M->280M(547M) 4.538ms
[28.618s][info][gc,cpu         ] GC(41) User=0.00s Sys=0.00s Real=0.01s
[29.309s][info][gc,start       ] GC(42) Pause Young (Allocation Failure)
[29.313s][info][gc,heap        ] GC(42) PSYoungGen: 263935K(274432K)->1024K(253440K) Eden: 262656K(262656K)->0K(252416K) From: 1279K(11776K)->1024K(1024K)
[29.313s][info][gc,heap        ] GC(42) ParOldGen: 285571K(285696K)->285603K(285696K)
[29.313s][info][gc,metaspace   ] GC(42) Metaspace: 55507K(55872K)->55507K(55872K) NonClass: 47269K(47552K)->47269K(47552K) Class: 8238K(8320K)->8238K(8320K)
[29.313s][info][gc             ] GC(42) Pause Young (Allocation Failure) 536M->279M(526M) 3.661ms
[29.313s][info][gc,cpu         ] GC(42) User=0.01s Sys=0.00s Real=0.00s
[29.886s][info][gc,start       ] GC(43) Pause Young (Allocation Failure)
[29.891s][info][gc,heap        ] GC(43) PSYoungGen: 253256K(253440K)->1952K(244736K) Eden: 252232K(252416K)->0K(242688K) From: 1024K(1024K)->1952K(2048K)
[29.891s][info][gc,heap        ] GC(43) ParOldGen: 285603K(285696K)->285643K(285696K)
[29.891s][info][gc,metaspace   ] GC(43) Metaspace: 55507K(55872K)->55507K(55872K) NonClass: 47269K(47552K)->47269K(47552K) Class: 8238K(8320K)->8238K(8320K)
[29.891s][info][gc             ] GC(43) Pause Young (Allocation Failure) 526M->280M(518M) 5.708ms
[29.891s][info][gc,cpu         ] GC(43) User=0.01s Sys=0.00s Real=0.01s
[30.531s][info][gc,start       ] GC(44) Pause Young (Allocation Failure)
[30.535s][info][gc,heap        ] GC(44) PSYoungGen: 244640K(244736K)->1791K(235520K) Eden: 242688K(242688K)->0K(233472K) From: 1952K(2048K)->1791K(2048K)
[30.535s][info][gc,heap        ] GC(44) ParOldGen: 285643K(285696K)->285683K(285696K)
[30.535s][info][gc,metaspace   ] GC(44) Metaspace: 55507K(55872K)->55507K(55872K) NonClass: 47269K(47552K)->47269K(47552K) Class: 8238K(8320K)->8238K(8320K)
[30.535s][info][gc             ] GC(44) Pause Young (Allocation Failure) 517M->280M(509M) 4.024ms
[30.535s][info][gc,cpu         ] GC(44) User=0.01s Sys=0.00s Real=0.00s
[31.073s][info][gc,start       ] GC(45) Pause Young (Allocation Failure)
[31.078s][info][gc,heap        ] GC(45) PSYoungGen: 235263K(235520K)->1856K(226816K) Eden: 233472K(233472K)->0K(224768K) From: 1791K(2048K)->1856K(2048K)
[31.078s][info][gc,heap        ] GC(45) ParOldGen: 285683K(285696K)->285715K(286208K)
[31.078s][info][gc,metaspace   ] GC(45) Metaspace: 55507K(55872K)->55507K(55872K) NonClass: 47269K(47552K)->47269K(47552K) Class: 8238K(8320K)->8238K(8320K)
[31.078s][info][gc             ] GC(45) Pause Young (Allocation Failure) 508M->280M(501M) 5.029ms
[31.078s][info][gc,cpu         ] GC(45) User=0.01s Sys=0.00s Real=0.01s
[31.657s][info][gc,start       ] GC(46) Pause Young (Allocation Failure)
[31.660s][info][gc,heap        ] GC(46) PSYoungGen: 226624K(226816K)->959K(217600K) Eden: 224768K(224768K)->0K(216576K) From: 1856K(2048K)->959K(1024K)
[31.660s][info][gc,heap        ] GC(46) ParOldGen: 285715K(286208K)->285747K(286208K)
[31.660s][info][gc,metaspace   ] GC(46) Metaspace: 55507K(55872K)->55507K(55872K) NonClass: 47269K(47552K)->47269K(47552K) Class: 8238K(8320K)->8238K(8320K)
[31.660s][info][gc             ] GC(46) Pause Young (Allocation Failure) 500M->279M(492M) 3.596ms
[31.660s][info][gc,cpu         ] GC(46) User=0.01s Sys=0.00s Real=0.00s
[32.176s][info][gc,start       ] GC(47) Pause Young (Allocation Failure)
[32.181s][info][gc,heap        ] GC(47) PSYoungGen: 217535K(217600K)->863K(209408K) Eden: 216576K(216576K)->0K(208384K) From: 959K(1024K)->863K(1024K)
[32.181s][info][gc,heap        ] GC(47) ParOldGen: 285747K(286208K)->285779K(286208K)
[32.181s][info][gc,metaspace   ] GC(47) Metaspace: 55508K(55872K)->55508K(55872K) NonClass: 47269K(47552K)->47269K(47552K) Class: 8238K(8320K)->8238K(8320K)
[32.181s][info][gc             ] GC(47) Pause Young (Allocation Failure) 491M->279M(484M) 5.285ms
[32.181s][info][gc,cpu         ] GC(47) User=0.01s Sys=0.00s Real=0.01s
[32.680s][info][gc,start       ] GC(48) Pause Young (Allocation Failure)
[32.684s][info][gc,heap        ] GC(48) PSYoungGen: 209247K(209408K)->1823K(208896K) Eden: 208384K(208384K)->0K(200704K) From: 863K(1024K)->1823K(8192K)
[32.684s][info][gc,heap        ] GC(48) ParOldGen: 285779K(286208K)->285811K(286208K)
[32.684s][info][gc,metaspace   ] GC(48) Metaspace: 55508K(55872K)->55508K(55872K) NonClass: 47269K(47552K)->47269K(47552K) Class: 8238K(8320K)->8238K(8320K)
[32.684s][info][gc             ] GC(48) Pause Young (Allocation Failure) 483M->280M(483M) 3.905ms
[32.684s][info][gc,cpu         ] GC(48) User=0.00s Sys=0.00s Real=0.00s
[33.174s][info][gc,start       ] GC(49) Pause Young (Allocation Failure)
[33.179s][info][gc,heap        ] GC(49) PSYoungGen: 202274K(208896K)->1728K(195584K) Eden: 200450K(200704K)->0K(193536K) From: 1823K(8192K)->1728K(2048K)
[33.179s][info][gc,heap        ] GC(49) ParOldGen: 285811K(286208K)->285835K(286208K)
[33.179s][info][gc,metaspace   ] GC(49) Metaspace: 55508K(55872K)->55508K(55872K) NonClass: 47269K(47552K)->47269K(47552K) Class: 8238K(8320K)->8238K(8320K)
[33.179s][info][gc             ] GC(49) Pause Young (Allocation Failure) 476M->280M(470M) 4.716ms
[33.179s][info][gc,cpu         ] GC(49) User=0.01s Sys=0.00s Real=0.01s
[33.662s][info][gc,start       ] GC(50) Pause Young (Allocation Failure)
[33.665s][info][gc,heap        ] GC(50) PSYoungGen: 195264K(195584K)->1227K(187904K) Eden: 193536K(193536K)->0K(186368K) From: 1728K(2048K)->1227K(1536K)
[33.665s][info][gc,heap        ] GC(50) ParOldGen: 285835K(286208K)->285867K(286208K)
[33.665s][info][gc,metaspace   ] GC(50) Metaspace: 55508K(55872K)->55508K(55872K) NonClass: 47269K(47552K)->47269K(47552K) Class: 8238K(8320K)->8238K(8320K)
[33.665s][info][gc             ] GC(50) Pause Young (Allocation Failure) 469M->280M(463M) 3.131ms
[33.665s][info][gc,cpu         ] GC(50) User=0.00s Sys=0.00s Real=0.00s
[34.092s][info][gc,start       ] GC(51) Pause Young (Allocation Failure)
[34.097s][info][gc,heap        ] GC(51) PSYoungGen: 187595K(187904K)->2143K(182272K) Eden: 186368K(186368K)->0K(179712K) From: 1227K(1536K)->2143K(2560K)
[34.097s][info][gc,heap        ] GC(51) ParOldGen: 285867K(286208K)->285899K(286208K)
[34.097s][info][gc,metaspace   ] GC(51) Metaspace: 55512K(55872K)->55512K(55872K) NonClass: 47273K(47552K)->47273K(47552K) Class: 8238K(8320K)->8238K(8320K)
[34.097s][info][gc             ] GC(51) Pause Young (Allocation Failure) 462M->281M(457M) 4.800ms
[34.097s][info][gc,cpu         ] GC(51) User=0.00s Sys=0.00s Real=0.01s
[34.642s][info][gc,start       ] GC(52) Pause Young (Allocation Failure)
[34.647s][info][gc,heap        ] GC(52) PSYoungGen: 181855K(182272K)->576K(174592K) Eden: 179712K(179712K)->0K(173568K) From: 2143K(2560K)->576K(1024K)
[34.647s][info][gc,heap        ] GC(52) ParOldGen: 285899K(286208K)->285931K(286208K)
[34.647s][info][gc,metaspace   ] GC(52) Metaspace: 55512K(55872K)->55512K(55872K) NonClass: 47273K(47552K)->47273K(47552K) Class: 8238K(8320K)->8238K(8320K)
[34.647s][info][gc             ] GC(52) Pause Young (Allocation Failure) 456M->279M(450M) 5.225ms
[34.647s][info][gc,cpu         ] GC(52) User=0.01s Sys=0.00s Real=0.01s
[34.983s][info][gc,start       ] GC(53) Pause Young (Allocation Failure)
[34.987s][info][gc,heap        ] GC(53) PSYoungGen: 174144K(174592K)->1568K(169472K) Eden: 173568K(173568K)->0K(167424K) From: 576K(1024K)->1568K(2048K)
[34.987s][info][gc,heap        ] GC(53) ParOldGen: 285931K(286208K)->285963K(286208K)
[34.987s][info][gc,metaspace   ] GC(53) Metaspace: 55512K(55872K)->55512K(55872K) NonClass: 47273K(47552K)->47273K(47552K) Class: 8238K(8320K)->8238K(8320K)
[34.987s][info][gc             ] GC(53) Pause Young (Allocation Failure) 449M->280M(445M) 4.249ms
[34.987s][info][gc,cpu         ] GC(53) User=0.01s Sys=0.00s Real=0.01s
[35.447s][info][gc,start       ] GC(54) Pause Young (Allocation Failure)
[35.452s][info][gc,heap        ] GC(54) PSYoungGen: 168958K(169472K)->2432K(164352K) Eden: 167390K(167424K)->0K(161792K) From: 1568K(2048K)->2432K(2560K)
[35.452s][info][gc,heap        ] GC(54) ParOldGen: 285963K(286208K)->285979K(286208K)
[35.452s][info][gc,metaspace   ] GC(54) Metaspace: 55512K(55872K)->55512K(55872K) NonClass: 47274K(47552K)->47274K(47552K) Class: 8238K(8320K)->8238K(8320K)
[35.452s][info][gc             ] GC(54) Pause Young (Allocation Failure) 444M->281M(440M) 5.339ms
[35.452s][info][gc,cpu         ] GC(54) User=0.01s Sys=0.00s Real=0.00s
[35.783s][info][gc,start       ] GC(55) Pause Young (Allocation Failure)
[35.788s][info][gc,heap        ] GC(55) PSYoungGen: 164224K(164352K)->2368K(198656K) Eden: 161792K(161792K)->0K(196096K) From: 2432K(2560K)->2368K(2560K)
[35.788s][info][gc,heap        ] GC(55) ParOldGen: 285979K(286208K)->286003K(286208K)
[35.788s][info][gc,metaspace   ] GC(55) Metaspace: 55512K(55872K)->55512K(55872K) NonClass: 47274K(47552K)->47274K(47552K) Class: 8238K(8320K)->8238K(8320K)
[35.788s][info][gc             ] GC(55) Pause Young (Allocation Failure) 439M->281M(473M) 5.248ms
[35.788s][info][gc,cpu         ] GC(55) User=0.01s Sys=0.00s Real=0.01s
[36.280s][info][gc,start       ] GC(56) Pause Young (Allocation Failure)
[36.285s][info][gc,heap        ] GC(56) PSYoungGen: 198464K(198656K)->2048K(220672K) Eden: 196096K(196096K)->0K(215040K) From: 2368K(2560K)->2048K(5632K)
[36.285s][info][gc,heap        ] GC(56) ParOldGen: 286003K(286208K)->286019K(286208K)
[36.285s][info][gc,metaspace   ] GC(56) Metaspace: 55513K(55872K)->55513K(55872K) NonClass: 47274K(47552K)->47274K(47552K) Class: 8238K(8320K)->8238K(8320K)
[36.285s][info][gc             ] GC(56) Pause Young (Allocation Failure) 473M->281M(495M) 4.651ms
[36.285s][info][gc,cpu         ] GC(56) User=0.01s Sys=0.00s Real=0.00s
[36.805s][info][gc,start       ] GC(57) Pause Young (Allocation Failure)
[36.809s][info][gc,heap        ] GC(57) PSYoungGen: 217088K(220672K)->1631K(208896K) Eden: 215040K(215040K)->0K(206848K) From: 2048K(5632K)->1631K(2048K)
[36.809s][info][gc,heap        ] GC(57) ParOldGen: 286019K(286208K)->286051K(286208K)
[36.809s][info][gc,metaspace   ] GC(57) Metaspace: 55533K(55872K)->55533K(55872K) NonClass: 47292K(47552K)->47292K(47552K) Class: 8240K(8320K)->8240K(8320K)
[36.809s][info][gc             ] GC(57) Pause Young (Allocation Failure) 491M->280M(483M) 4.355ms
[36.809s][info][gc,cpu         ] GC(57) User=0.00s Sys=0.01s Real=0.01s
[37.300s][info][gc,start       ] GC(58) Pause Young (Allocation Failure)
[37.304s][info][gc,heap        ] GC(58) PSYoungGen: 208249K(208896K)->992K(200192K) Eden: 206618K(206848K)->0K(199168K) From: 1631K(2048K)->992K(1024K)
[37.304s][info][gc,heap        ] GC(58) ParOldGen: 286051K(286208K)->286099K(286208K)
[37.304s][info][gc,metaspace   ] GC(58) Metaspace: 55533K(55872K)->55533K(55872K) NonClass: 47292K(47552K)->47292K(47552K) Class: 8240K(8320K)->8240K(8320K)
[37.304s][info][gc             ] GC(58) Pause Young (Allocation Failure) 482M->280M(475M) 3.731ms
[37.304s][info][gc,cpu         ] GC(58) User=0.00s Sys=0.00s Real=0.00s
[37.801s][info][gc,start       ] GC(59) Pause Young (Allocation Failure)
[37.804s][info][gc,heap        ] GC(59) PSYoungGen: 200160K(200192K)->1152K(193536K) Eden: 199168K(199168K)->0K(192000K) From: 992K(1024K)->1152K(1536K)
[37.804s][info][gc,heap        ] GC(59) ParOldGen: 286099K(286208K)->286131K(286208K)
[37.804s][info][gc,metaspace   ] GC(59) Metaspace: 55533K(55872K)->55533K(55872K) NonClass: 47292K(47552K)->47292K(47552K) Class: 8240K(8320K)->8240K(8320K)
[37.804s][info][gc             ] GC(59) Pause Young (Allocation Failure) 474M->280M(468M) 3.678ms
[37.804s][info][gc,cpu         ] GC(59) User=0.01s Sys=0.00s Real=0.00s
[38.274s][info][gc,start       ] GC(60) Pause Young (Allocation Failure)
[38.279s][info][gc,heap        ] GC(60) PSYoungGen: 193152K(193536K)->1760K(187392K) Eden: 192000K(192000K)->0K(185344K) From: 1152K(1536K)->1760K(2048K)
[38.279s][info][gc,heap        ] GC(60) ParOldGen: 286131K(286208K)->286163K(286208K)
[38.279s][info][gc,metaspace   ] GC(60) Metaspace: 55533K(55872K)->55533K(55872K) NonClass: 47292K(47552K)->47292K(47552K) Class: 8240K(8320K)->8240K(8320K)
[38.279s][info][gc             ] GC(60) Pause Young (Allocation Failure) 468M->281M(462M) 5.295ms
[38.279s][info][gc,cpu         ] GC(60) User=0.01s Sys=0.00s Real=0.01s
[38.755s][info][gc,start       ] GC(61) Pause Young (Allocation Failure)
[38.757s][info][gc,heap        ] GC(61) PSYoungGen: 187104K(187392K)->224K(179200K) Eden: 185344K(185344K)->0K(178688K) From: 1760K(2048K)->224K(512K)
[38.757s][info][gc,heap        ] GC(61) ParOldGen: 286163K(286208K)->286179K(286208K)
[38.757s][info][gc,metaspace   ] GC(61) Metaspace: 55533K(55872K)->55533K(55872K) NonClass: 47292K(47552K)->47292K(47552K) Class: 8240K(8320K)->8240K(8320K)
[38.757s][info][gc             ] GC(61) Pause Young (Allocation Failure) 462M->279M(454M) 2.135ms
[38.757s][info][gc,cpu         ] GC(61) User=0.00s Sys=0.00s Real=0.01s
[39.180s][info][gc,start       ] GC(62) Pause Young (Allocation Failure)
[39.184s][info][gc,heap        ] GC(62) PSYoungGen: 178912K(179200K)->1727K(177152K) Eden: 178688K(178688K)->0K(172544K) From: 224K(512K)->1727K(4608K)
[39.184s][info][gc,heap        ] GC(62) ParOldGen: 286179K(286208K)->286211K(286720K)
[39.184s][info][gc,metaspace   ] GC(62) Metaspace: 55533K(55872K)->55533K(55872K) NonClass: 47292K(47552K)->47292K(47552K) Class: 8240K(8320K)->8240K(8320K)
[39.184s][info][gc             ] GC(62) Pause Young (Allocation Failure) 454M->281M(453M) 4.145ms
[39.184s][info][gc,cpu         ] GC(62) User=0.01s Sys=0.00s Real=0.00s
[39.586s][info][gc,start       ] GC(63) Pause Young (Allocation Failure)
[39.590s][info][gc,heap        ] GC(63) PSYoungGen: 174271K(177152K)->1824K(168448K) Eden: 172544K(172544K)->0K(166400K) From: 1727K(4608K)->1824K(2048K)
[39.590s][info][gc,heap        ] GC(63) ParOldGen: 286211K(286720K)->286227K(286720K)
[39.590s][info][gc,metaspace   ] GC(63) Metaspace: 55536K(55872K)->55536K(55872K) NonClass: 47295K(47552K)->47295K(47552K) Class: 8240K(8320K)->8240K(8320K)
[39.590s][info][gc             ] GC(63) Pause Young (Allocation Failure) 449M->281M(444M) 4.358ms
[39.590s][info][gc,cpu         ] GC(63) User=0.00s Sys=0.00s Real=0.00s
[40.055s][info][gc,start       ] GC(64) Pause Young (Allocation Failure)
[40.058s][info][gc,heap        ] GC(64) PSYoungGen: 168042K(168448K)->1440K(162304K) Eden: 166218K(166400K)->0K(160768K) From: 1824K(2048K)->1440K(1536K)
[40.058s][info][gc,heap        ] GC(64) ParOldGen: 286227K(286720K)->286251K(286720K)
[40.058s][info][gc,metaspace   ] GC(64) Metaspace: 55536K(55872K)->55536K(55872K) NonClass: 47295K(47552K)->47295K(47552K) Class: 8240K(8320K)->8240K(8320K)
[40.058s][info][gc             ] GC(64) Pause Young (Allocation Failure) 443M->280M(438M) 3.775ms
[40.058s][info][gc,cpu         ] GC(64) User=0.01s Sys=0.00s Real=0.01s
[40.408s][info][gc,start       ] GC(65) Pause Young (Allocation Failure)
[40.411s][info][gc,heap        ] GC(65) PSYoungGen: 162208K(162304K)->1247K(156672K) Eden: 160768K(160768K)->0K(155136K) From: 1440K(1536K)->1247K(1536K)
[40.411s][info][gc,heap        ] GC(65) ParOldGen: 286251K(286720K)->286267K(286720K)
[40.411s][info][gc,metaspace   ] GC(65) Metaspace: 55536K(55872K)->55536K(55872K) NonClass: 47295K(47552K)->47295K(47552K) Class: 8240K(8320K)->8240K(8320K)
[40.411s][info][gc             ] GC(65) Pause Young (Allocation Failure) 437M->280M(433M) 3.508ms
[40.411s][info][gc,cpu         ] GC(65) User=0.01s Sys=0.00s Real=0.00s
[40.780s][info][gc,start       ] GC(66) Pause Young (Allocation Failure)
[40.785s][info][gc,heap        ] GC(66) PSYoungGen: 156316K(156672K)->2144K(152576K) Eden: 155069K(155136K)->0K(150016K) From: 1247K(1536K)->2144K(2560K)
[40.785s][info][gc,heap        ] GC(66) ParOldGen: 286267K(286720K)->286291K(286720K)
[40.785s][info][gc,metaspace   ] GC(66) Metaspace: 55536K(55872K)->55536K(55872K) NonClass: 47295K(47552K)->47295K(47552K) Class: 8240K(8320K)->8240K(8320K)
[40.785s][info][gc             ] GC(66) Pause Young (Allocation Failure) 432M->281M(429M) 4.725ms
[40.785s][info][gc,cpu         ] GC(66) User=0.01s Sys=0.00s Real=0.00s
[41.223s][info][gc,start       ] GC(67) Pause Young (Allocation Failure)
[41.226s][info][gc,heap        ] GC(67) PSYoungGen: 152160K(152576K)->960K(145920K) Eden: 150016K(150016K)->0K(144896K) From: 2144K(2560K)->960K(1024K)
[41.226s][info][gc,heap        ] GC(67) ParOldGen: 286291K(286720K)->286307K(286720K)
[41.226s][info][gc,metaspace   ] GC(67) Metaspace: 55536K(55872K)->55536K(55872K) NonClass: 47295K(47552K)->47295K(47552K) Class: 8240K(8320K)->8240K(8320K)
[41.226s][info][gc             ] GC(67) Pause Young (Allocation Failure) 428M->280M(422M) 3.116ms
[41.226s][info][gc,cpu         ] GC(67) User=0.00s Sys=0.00s Real=0.01s
[41.498s][info][gc,start       ] GC(68) Pause Young (Allocation Failure)
[41.503s][info][gc,heap        ] GC(68) PSYoungGen: 145856K(145920K)->2207K(176640K) Eden: 144896K(144896K)->0K(174080K) From: 960K(1024K)->2207K(2560K)
[41.503s][info][gc,heap        ] GC(68) ParOldGen: 286307K(286720K)->286323K(286720K)
[41.503s][info][gc,metaspace   ] GC(68) Metaspace: 55536K(55872K)->55536K(55872K) NonClass: 47295K(47552K)->47295K(47552K) Class: 8240K(8320K)->8240K(8320K)
[41.503s][info][gc             ] GC(68) Pause Young (Allocation Failure) 422M->281M(452M) 4.541ms
[41.503s][info][gc,cpu         ] GC(68) User=0.01s Sys=0.01s Real=0.00s
[41.959s][info][gc,start       ] GC(69) Pause Young (Allocation Failure)
[41.962s][info][gc,heap        ] GC(69) PSYoungGen: 176287K(176640K)->608K(168960K) Eden: 174080K(174080K)->0K(167936K) From: 2207K(2560K)->608K(1024K)
[41.962s][info][gc,heap        ] GC(69) ParOldGen: 286323K(286720K)->286339K(286720K)
[41.962s][info][gc,metaspace   ] GC(69) Metaspace: 55536K(55872K)->55536K(55872K) NonClass: 47295K(47552K)->47295K(47552K) Class: 8240K(8320K)->8240K(8320K)
[41.962s][info][gc             ] GC(69) Pause Young (Allocation Failure) 451M->280M(445M) 2.641ms
[41.962s][info][gc,cpu         ] GC(69) User=0.00s Sys=0.00s Real=0.00s
[42.375s][info][gc,start       ] GC(70) Pause Young (Allocation Failure)
[42.377s][info][gc,heap        ] GC(70) PSYoungGen: 168501K(168960K)->896K(163328K) Eden: 167893K(167936K)->0K(162304K) From: 608K(1024K)->896K(1024K)
[42.378s][info][gc,heap        ] GC(70) ParOldGen: 286339K(286720K)->286355K(286720K)
[42.378s][info][gc,metaspace   ] GC(70) Metaspace: 55536K(55872K)->55536K(55872K) NonClass: 47295K(47552K)->47295K(47552K) Class: 8240K(8320K)->8240K(8320K)
[42.378s][info][gc             ] GC(70) Pause Young (Allocation Failure) 444M->280M(439M) 2.896ms
[42.378s][info][gc,cpu         ] GC(70) User=0.01s Sys=0.00s Real=0.01s
[42.764s][info][gc,start       ] GC(71) Pause Young (Allocation Failure)
[42.767s][info][gc,heap        ] GC(71) PSYoungGen: 163200K(163328K)->1247K(158208K) Eden: 162304K(162304K)->0K(156672K) From: 896K(1024K)->1247K(1536K)
[42.767s][info][gc,heap        ] GC(71) ParOldGen: 286355K(286720K)->286371K(286720K)
[42.767s][info][gc,metaspace   ] GC(71) Metaspace: 55536K(55872K)->55536K(55872K) NonClass: 47295K(47552K)->47295K(47552K) Class: 8240K(8320K)->8240K(8320K)
[42.767s][info][gc             ] GC(71) Pause Young (Allocation Failure) 439M->280M(434M) 3.062ms
[42.767s][info][gc,cpu         ] GC(71) User=0.00s Sys=0.00s Real=0.01s
[43.157s][info][gc,start       ] GC(72) Pause Young (Allocation Failure)
[43.160s][info][gc,heap        ] GC(72) PSYoungGen: 157919K(158208K)->352K(152064K) Eden: 156672K(156672K)->0K(151552K) From: 1247K(1536K)->352K(512K)
[43.160s][info][gc,heap        ] GC(72) ParOldGen: 286371K(286720K)->286395K(286720K)
[43.160s][info][gc,metaspace   ] GC(72) Metaspace: 55536K(55872K)->55536K(55872K) NonClass: 47295K(47552K)->47295K(47552K) Class: 8240K(8320K)->8240K(8320K)
[43.160s][info][gc             ] GC(72) Pause Young (Allocation Failure) 433M->280M(428M) 3.227ms
[43.160s][info][gc,cpu         ] GC(72) User=0.01s Sys=0.00s Real=0.00s
[43.565s][info][gc,start       ] GC(73) Pause Young (Allocation Failure)
[43.569s][info][gc,heap        ] GC(73) PSYoungGen: 151610K(152064K)->1088K(147968K) Eden: 151258K(151552K)->0K(146432K) From: 352K(512K)->1088K(1536K)
[43.569s][info][gc,heap        ] GC(73) ParOldGen: 286395K(286720K)->286411K(286720K)
[43.569s][info][gc,metaspace   ] GC(73) Metaspace: 55536K(55872K)->55536K(55872K) NonClass: 47295K(47552K)->47295K(47552K) Class: 8240K(8320K)->8240K(8320K)
[43.569s][info][gc             ] GC(73) Pause Young (Allocation Failure) 427M->280M(424M) 3.210ms
[43.569s][info][gc,cpu         ] GC(73) User=0.00s Sys=0.00s Real=0.01s
[43.882s][info][gc,start       ] GC(74) Pause Young (Allocation Failure)
[43.886s][info][gc,heap        ] GC(74) PSYoungGen: 147520K(147968K)->1152K(143360K) Eden: 146432K(146432K)->0K(141824K) From: 1088K(1536K)->1152K(1536K)
[43.886s][info][gc,heap        ] GC(74) ParOldGen: 286411K(286720K)->286427K(286720K)
[43.886s][info][gc,metaspace   ] GC(74) Metaspace: 55536K(55872K)->55536K(55872K) NonClass: 47295K(47552K)->47295K(47552K) Class: 8240K(8320K)->8240K(8320K)
[43.886s][info][gc             ] GC(74) Pause Young (Allocation Failure) 423M->280M(420M) 3.273ms
[43.886s][info][gc,cpu         ] GC(74) User=0.01s Sys=0.00s Real=0.01s
[44.344s][info][gc,start       ] GC(75) Pause Young (Allocation Failure)
[44.346s][info][gc,heap        ] GC(75) PSYoungGen: 142976K(143360K)->342K(137728K) Eden: 141824K(141824K)->0K(137216K) From: 1152K(1536K)->342K(512K)
[44.346s][info][gc,heap        ] GC(75) ParOldGen: 286427K(286720K)->286443K(286720K)
[44.346s][info][gc,metaspace   ] GC(75) Metaspace: 55536K(55872K)->55536K(55872K) NonClass: 47295K(47552K)->47295K(47552K) Class: 8240K(8320K)->8240K(8320K)
[44.346s][info][gc             ] GC(75) Pause Young (Allocation Failure) 419M->280M(414M) 2.371ms
[44.346s][info][gc,cpu         ] GC(75) User=0.00s Sys=0.00s Real=0.01s
[44.672s][info][gc,start       ] GC(76) Pause Young (Allocation Failure)
[44.676s][info][gc,heap        ] GC(76) PSYoungGen: 137558K(137728K)->1759K(135680K) Eden: 137216K(137216K)->0K(132608K) From: 342K(512K)->1759K(3072K)
[44.676s][info][gc,heap        ] GC(76) ParOldGen: 286443K(286720K)->286467K(286720K)
[44.676s][info][gc,metaspace   ] GC(76) Metaspace: 55536K(55872K)->55536K(55872K) NonClass: 47295K(47552K)->47295K(47552K) Class: 8240K(8320K)->8240K(8320K)
[44.676s][info][gc             ] GC(76) Pause Young (Allocation Failure) 414M->281M(412M) 3.626ms
[44.676s][info][gc,cpu         ] GC(76) User=0.01s Sys=0.00s Real=0.01s
[44.985s][info][gc,start       ] GC(77) Pause Young (Allocation Failure)
[44.989s][info][gc,heap        ] GC(77) PSYoungGen: 134367K(135680K)->1984K(130560K) Eden: 132608K(132608K)->0K(128512K) From: 1759K(3072K)->1984K(2048K)
[44.989s][info][gc,heap        ] GC(77) ParOldGen: 286467K(286720K)->286483K(286720K)
[44.989s][info][gc,metaspace   ] GC(77) Metaspace: 55536K(55872K)->55536K(55872K) NonClass: 47295K(47552K)->47295K(47552K) Class: 8240K(8320K)->8240K(8320K)
[44.989s][info][gc             ] GC(77) Pause Young (Allocation Failure) 410M->281M(407M) 4.458ms
[44.989s][info][gc,cpu         ] GC(77) User=0.01s Sys=0.00s Real=0.01s
[45.295s][info][gc,start       ] GC(78) Pause Young (Allocation Failure)
[45.299s][info][gc,heap        ] GC(78) PSYoungGen: 130496K(130560K)->1855K(126464K) Eden: 128512K(128512K)->0K(124416K) From: 1984K(2048K)->1855K(2048K)
[45.299s][info][gc,heap        ] GC(78) ParOldGen: 286483K(286720K)->286499K(286720K)
[45.299s][info][gc,metaspace   ] GC(78) Metaspace: 55536K(55872K)->55536K(55872K) NonClass: 47295K(47552K)->47295K(47552K) Class: 8240K(8320K)->8240K(8320K)
[45.299s][info][gc             ] GC(78) Pause Young (Allocation Failure) 407M->281M(403M) 3.867ms
[45.299s][info][gc,cpu         ] GC(78) User=0.01s Sys=0.00s Real=0.01s
[45.601s][info][gc,start       ] GC(79) Pause Young (Allocation Failure)
[45.604s][info][gc,heap        ] GC(79) PSYoungGen: 126271K(126464K)->960K(121856K) Eden: 124416K(124416K)->0K(120832K) From: 1855K(2048K)->960K(1024K)
[45.604s][info][gc,heap        ] GC(79) ParOldGen: 286499K(286720K)->286515K(286720K)
[45.604s][info][gc,metaspace   ] GC(79) Metaspace: 55536K(55872K)->55536K(55872K) NonClass: 47295K(47552K)->47295K(47552K) Class: 8240K(8320K)->8240K(8320K)
[45.604s][info][gc             ] GC(79) Pause Young (Allocation Failure) 403M->280M(399M) 3.071ms
[45.604s][info][gc,cpu         ] GC(79) User=0.00s Sys=0.00s Real=0.00s
[45.901s][info][gc,start       ] GC(80) Pause Young (Allocation Failure)
[45.904s][info][gc,heap        ] GC(80) PSYoungGen: 121792K(121856K)->1695K(147456K) Eden: 120832K(120832K)->0K(145408K) From: 960K(1024K)->1695K(2048K)
[45.904s][info][gc,heap        ] GC(80) ParOldGen: 286515K(286720K)->286531K(286720K)
[45.904s][info][gc,metaspace   ] GC(80) Metaspace: 55536K(55872K)->55536K(55872K) NonClass: 47295K(47552K)->47295K(47552K) Class: 8240K(8320K)->8240K(8320K)
[45.904s][info][gc             ] GC(80) Pause Young (Allocation Failure) 398M->281M(424M) 3.575ms
[45.904s][info][gc,cpu         ] GC(80) User=0.01s Sys=0.00s Real=0.00s
[46.272s][info][gc,start       ] GC(81) Pause Young (Allocation Failure)
[46.275s][info][gc,heap        ] GC(81) PSYoungGen: 147103K(147456K)->1567K(142848K) Eden: 145408K(145408K)->0K(140800K) From: 1695K(2048K)->1567K(2048K)
[46.275s][info][gc,heap        ] GC(81) ParOldGen: 286531K(286720K)->286547K(286720K)
[46.275s][info][gc,metaspace   ] GC(81) Metaspace: 55536K(55872K)->55536K(55872K) NonClass: 47295K(47552K)->47295K(47552K) Class: 8240K(8320K)->8240K(8320K)
[46.275s][info][gc             ] GC(81) Pause Young (Allocation Failure) 423M->281M(419M) 3.402ms
[46.275s][info][gc,cpu         ] GC(81) User=0.01s Sys=0.00s Real=0.00s
[46.600s][info][gc,start       ] GC(82) Pause Young (Allocation Failure)
[46.603s][info][gc,heap        ] GC(82) PSYoungGen: 142367K(142848K)->1344K(137728K) Eden: 140800K(140800K)->0K(136192K) From: 1567K(2048K)->1344K(1536K)
[46.603s][info][gc,heap        ] GC(82) ParOldGen: 286547K(286720K)->286563K(286720K)
[46.603s][info][gc,metaspace   ] GC(82) Metaspace: 55536K(55872K)->55536K(55872K) NonClass: 47295K(47552K)->47295K(47552K) Class: 8240K(8320K)->8240K(8320K)
[46.603s][info][gc             ] GC(82) Pause Young (Allocation Failure) 418M->281M(414M) 3.636ms
[46.603s][info][gc,cpu         ] GC(82) User=0.01s Sys=0.00s Real=0.00s
[46.965s][info][gc,start       ] GC(83) Pause Young (Allocation Failure)
[46.967s][info][gc,heap        ] GC(83) PSYoungGen: 137536K(137728K)->544K(133120K) Eden: 136192K(136192K)->0K(132096K) From: 1344K(1536K)->544K(1024K)
[46.967s][info][gc,heap        ] GC(83) ParOldGen: 286563K(286720K)->286579K(286720K)
[46.967s][info][gc,metaspace   ] GC(83) Metaspace: 55536K(55872K)->55536K(55872K) NonClass: 47295K(47552K)->47295K(47552K) Class: 8240K(8320K)->8240K(8320K)
[46.967s][info][gc             ] GC(83) Pause Young (Allocation Failure) 414M->280M(410M) 2.482ms
[46.967s][info][gc,cpu         ] GC(83) User=0.01s Sys=0.00s Real=0.01s
[47.274s][info][gc,start       ] GC(84) Pause Young (Allocation Failure)
[47.278s][info][gc,heap        ] GC(84) PSYoungGen: 132640K(133120K)->1855K(130048K) Eden: 132096K(132096K)->0K(128000K) From: 544K(1024K)->1855K(2048K)
[47.278s][info][gc,heap        ] GC(84) ParOldGen: 286579K(286720K)->286595K(286720K)
[47.278s][info][gc,metaspace   ] GC(84) Metaspace: 55536K(55872K)->55536K(55872K) NonClass: 47295K(47552K)->47295K(47552K) Class: 8240K(8320K)->8240K(8320K)
[47.278s][info][gc             ] GC(84) Pause Young (Allocation Failure) 409M->281M(407M) 3.851ms
[47.278s][info][gc,cpu         ] GC(84) User=0.01s Sys=0.00s Real=0.01s
[47.634s][info][gc,start       ] GC(85) Pause Young (Allocation Failure)
[47.637s][info][gc,heap        ] GC(85) PSYoungGen: 129739K(130048K)->1152K(125440K) Eden: 127884K(128000K)->0K(123904K) From: 1855K(2048K)->1152K(1536K)
[47.637s][info][gc,heap        ] GC(85) ParOldGen: 286595K(286720K)->286619K(286720K)
[47.637s][info][gc,metaspace   ] GC(85) Metaspace: 55536K(55872K)->55536K(55872K) NonClass: 47295K(47552K)->47295K(47552K) Class: 8240K(8320K)->8240K(8320K)
[47.637s][info][gc             ] GC(85) Pause Young (Allocation Failure) 406M->281M(402M) 3.316ms
[47.637s][info][gc,cpu         ] GC(85) User=0.00s Sys=0.00s Real=0.01s
[47.878s][info][gc,start       ] GC(86) Pause Young (Allocation Failure)
[47.883s][info][gc,heap        ] GC(86) PSYoungGen: 125056K(125440K)->2207K(151552K) Eden: 123904K(123904K)->0K(148992K) From: 1152K(1536K)->2207K(2560K)
[47.883s][info][gc,heap        ] GC(86) ParOldGen: 286619K(286720K)->286643K(286720K)
[47.883s][info][gc,metaspace   ] GC(86) Metaspace: 55536K(55872K)->55536K(55872K) NonClass: 47295K(47552K)->47295K(47552K) Class: 8240K(8320K)->8240K(8320K)
[47.883s][info][gc             ] GC(86) Pause Young (Allocation Failure) 402M->282M(428M) 4.463ms
[47.883s][info][gc,cpu         ] GC(86) User=0.01s Sys=0.00s Real=0.00s
[48.268s][info][gc,start       ] GC(87) Pause Young (Allocation Failure)
[48.271s][info][gc,heap        ] GC(87) PSYoungGen: 151069K(151552K)->1087K(145408K) Eden: 148862K(148992K)->0K(143872K) From: 2207K(2560K)->1087K(1536K)
[48.271s][info][gc,heap        ] GC(87) ParOldGen: 286643K(286720K)->286659K(286720K)
[48.271s][info][gc,metaspace   ] GC(87) Metaspace: 55536K(55872K)->55536K(55872K) NonClass: 47295K(47552K)->47295K(47552K) Class: 8240K(8320K)->8240K(8320K)
[48.271s][info][gc             ] GC(87) Pause Young (Allocation Failure) 427M->281M(422M) 2.705ms
[48.271s][info][gc,cpu         ] GC(87) User=0.01s Sys=0.00s Real=0.00s
[48.658s][info][gc,start       ] GC(88) Pause Young (Allocation Failure)
[48.661s][info][gc,heap        ] GC(88) PSYoungGen: 144959K(145408K)->1119K(140800K) Eden: 143872K(143872K)->0K(139264K) From: 1087K(1536K)->1119K(1536K)
[48.661s][info][gc,heap        ] GC(88) ParOldGen: 286659K(286720K)->286675K(286720K)
[48.661s][info][gc,metaspace   ] GC(88) Metaspace: 55536K(55872K)->55536K(55872K) NonClass: 47295K(47552K)->47295K(47552K) Class: 8240K(8320K)->8240K(8320K)
[48.661s][info][gc             ] GC(88) Pause Young (Allocation Failure) 421M->281M(417M) 2.819ms
[48.661s][info][gc,cpu         ] GC(88) User=0.00s Sys=0.00s Real=0.00s
[48.967s][info][gc,start       ] GC(89) Pause Young (Allocation Failure)
[48.970s][info][gc,heap        ] GC(89) PSYoungGen: 140383K(140800K)->1439K(136192K) Eden: 139264K(139264K)->0K(134656K) From: 1119K(1536K)->1439K(1536K)
[48.970s][info][gc,heap        ] GC(89) ParOldGen: 286675K(286720K)->286691K(286720K)
[48.970s][info][gc,metaspace   ] GC(89) Metaspace: 55536K(55872K)->55536K(55872K) NonClass: 47295K(47552K)->47295K(47552K) Class: 8240K(8320K)->8240K(8320K)
[48.970s][info][gc             ] GC(89) Pause Young (Allocation Failure) 417M->281M(413M) 3.209ms
[48.970s][info][gc,cpu         ] GC(89) User=0.01s Sys=0.00s Real=0.00s
[49.277s][info][gc,start       ] GC(90) Pause Young (Allocation Failure)
[49.281s][info][gc,heap        ] GC(90) PSYoungGen: 136095K(136192K)->2047K(132608K) Eden: 134656K(134656K)->0K(130560K) From: 1439K(1536K)->2047K(2048K)
[49.281s][info][gc,heap        ] GC(90) ParOldGen: 286691K(286720K)->286699K(286720K)
[49.281s][info][gc,metaspace   ] GC(90) Metaspace: 55538K(55872K)->55538K(55872K) NonClass: 47297K(47552K)->47297K(47552K) Class: 8240K(8320K)->8240K(8320K)
[49.281s][info][gc             ] GC(90) Pause Young (Allocation Failure) 412M->281M(409M) 4.079ms
[49.281s][info][gc,cpu         ] GC(90) User=0.01s Sys=0.00s Real=0.00s
[49.665s][info][gc,start       ] GC(91) Pause Young (Allocation Failure)
[49.670s][info][gc,heap        ] GC(91) PSYoungGen: 132607K(132608K)->2847K(159744K) Eden: 130560K(130560K)->0K(156672K) From: 2047K(2048K)->2847K(3072K)
[49.670s][info][gc,heap        ] GC(91) ParOldGen: 286699K(286720K)->286715K(286720K)
[49.670s][info][gc,metaspace   ] GC(91) Metaspace: 55538K(55872K)->55538K(55872K) NonClass: 47297K(47552K)->47297K(47552K) Class: 8240K(8320K)->8240K(8320K)
[49.670s][info][gc             ] GC(91) Pause Young (Allocation Failure) 409M->282M(436M) 5.178ms
[49.670s][info][gc,cpu         ] GC(91) User=0.01s Sys=0.00s Real=0.01s
[49.985s][info][gc,start       ] GC(92) Pause Young (Allocation Failure)
[49.989s][info][gc,heap        ] GC(92) PSYoungGen: 159378K(159744K)->2176K(190976K) Eden: 156530K(156672K)->0K(188416K) From: 2847K(3072K)->2176K(2560K)
[49.989s][info][gc,heap        ] GC(92) ParOldGen: 286715K(286720K)->286731K(287232K)
[49.989s][info][gc,metaspace   ] GC(92) Metaspace: 55541K(55872K)->55541K(55872K) NonClass: 47301K(47552K)->47301K(47552K) Class: 8240K(8320K)->8240K(8320K)
[49.989s][info][gc             ] GC(92) Pause Young (Allocation Failure) 435M->282M(467M) 4.683ms
[49.989s][info][gc,cpu         ] GC(92) User=0.00s Sys=0.00s Real=0.01s
[50.465s][info][gc,start       ] GC(93) Pause Young (Allocation Failure)
[50.468s][info][gc,heap        ] GC(93) PSYoungGen: 190592K(190976K)->1219K(192000K) Eden: 188416K(188416K)->0K(188416K) From: 2176K(2560K)->1219K(3584K)
[50.468s][info][gc,heap        ] GC(93) ParOldGen: 286731K(287232K)->286747K(287232K)
[50.468s][info][gc,metaspace   ] GC(93) Metaspace: 55541K(55872K)->55541K(55872K) NonClass: 47301K(47552K)->47301K(47552K) Class: 8240K(8320K)->8240K(8320K)
[50.468s][info][gc             ] GC(93) Pause Young (Allocation Failure) 466M->281M(468M) 3.143ms
[50.468s][info][gc,cpu         ] GC(93) User=0.00s Sys=0.01s Real=0.01s
[50.956s][info][gc,start       ] GC(94) Pause Young (Allocation Failure)
[50.965s][info][gc,heap        ] GC(94) PSYoungGen: 189635K(192000K)->1983K(192000K) Eden: 188416K(188416K)->0K(188416K) From: 1219K(3584K)->1983K(3584K)
[50.965s][info][gc,heap        ] GC(94) ParOldGen: 286747K(287232K)->286763K(287232K)
[50.965s][info][gc,metaspace   ] GC(94) Metaspace: 55541K(55872K)->55541K(55872K) NonClass: 47301K(47552K)->47301K(47552K) Class: 8240K(8320K)->8240K(8320K)
[50.965s][info][gc             ] GC(94) Pause Young (Allocation Failure) 465M->281M(468M) 8.872ms
[50.965s][info][gc,cpu         ] GC(94) User=0.01s Sys=0.00s Real=0.00s
[51.376s][info][gc,start       ] GC(95) Pause Young (Allocation Failure)
[51.381s][info][gc,heap        ] GC(95) PSYoungGen: 190399K(192000K)->1887K(228864K) Eden: 188416K(188416K)->0K(226304K) From: 1983K(3584K)->1887K(2560K)
[51.381s][info][gc,heap        ] GC(95) ParOldGen: 286763K(287232K)->286779K(287232K)
[51.381s][info][gc,metaspace   ] GC(95) Metaspace: 55541K(55872K)->55541K(55872K) NonClass: 47301K(47552K)->47301K(47552K) Class: 8240K(8320K)->8240K(8320K)
[51.381s][info][gc             ] GC(95) Pause Young (Allocation Failure) 465M->281M(504M) 5.179ms
[51.381s][info][gc,cpu         ] GC(95) User=0.01s Sys=0.01s Real=0.01s
[51.949s][info][gc,start       ] GC(96) Pause Young (Allocation Failure)
[51.951s][info][gc,heap        ] GC(96) PSYoungGen: 228191K(228864K)->703K(229376K) Eden: 226304K(226304K)->0K(226304K) From: 1887K(2560K)->703K(3072K)
[51.951s][info][gc,heap        ] GC(96) ParOldGen: 286779K(287232K)->286795K(287232K)
[51.952s][info][gc,metaspace   ] GC(96) Metaspace: 55541K(55872K)->55541K(55872K) NonClass: 47301K(47552K)->47301K(47552K) Class: 8240K(8320K)->8240K(8320K)
[51.952s][info][gc             ] GC(96) Pause Young (Allocation Failure) 502M->280M(504M) 2.646ms
[51.952s][info][gc,cpu         ] GC(96) User=0.01s Sys=0.00s Real=0.00s
[52.480s][info][gc,start       ] GC(97) Pause Young (Allocation Failure)
[52.485s][info][gc,heap        ] GC(97) PSYoungGen: 227007K(229376K)->1408K(219136K) Eden: 226304K(226304K)->0K(217600K) From: 703K(3072K)->1408K(1536K)
[52.485s][info][gc,heap        ] GC(97) ParOldGen: 286795K(287232K)->286819K(287232K)
[52.485s][info][gc,metaspace   ] GC(97) Metaspace: 55541K(55872K)->55541K(55872K) NonClass: 47301K(47552K)->47301K(47552K) Class: 8240K(8320K)->8240K(8320K)
[52.485s][info][gc             ] GC(97) Pause Young (Allocation Failure) 501M->281M(494M) 4.261ms
[52.485s][info][gc,cpu         ] GC(97) User=0.01s Sys=0.00s Real=0.00s
[53.056s][info][gc,start       ] GC(98) Pause Young (Allocation Failure)
[53.060s][info][gc,heap        ] GC(98) PSYoungGen: 218803K(219136K)->832K(210432K) Eden: 217395K(217600K)->0K(209408K) From: 1408K(1536K)->832K(1024K)
[53.060s][info][gc,heap        ] GC(98) ParOldGen: 286819K(287232K)->286843K(287232K)
[53.060s][info][gc,metaspace   ] GC(98) Metaspace: 55541K(55872K)->55541K(55872K) NonClass: 47301K(47552K)->47301K(47552K) Class: 8240K(8320K)->8240K(8320K)
[53.060s][info][gc             ] GC(98) Pause Young (Allocation Failure) 493M->280M(486M) 3.271ms
[53.060s][info][gc,cpu         ] GC(98) User=0.01s Sys=0.00s Real=0.00s
[53.558s][info][gc,start       ] GC(99) Pause Young (Allocation Failure)
[53.561s][info][gc,heap        ] GC(99) PSYoungGen: 210240K(210432K)->678K(202752K) Eden: 209408K(209408K)->0K(201728K) From: 832K(1024K)->678K(1024K)
[53.561s][info][gc,heap        ] GC(99) ParOldGen: 286843K(287232K)->286859K(287232K)
[53.561s][info][gc,metaspace   ] GC(99) Metaspace: 55541K(55872K)->55541K(55872K) NonClass: 47301K(47552K)->47301K(47552K) Class: 8240K(8320K)->8240K(8320K)
[53.561s][info][gc             ] GC(99) Pause Young (Allocation Failure) 485M->280M(478M) 2.766ms
[53.561s][info][gc,cpu         ] GC(99) User=0.01s Sys=0.00s Real=0.00s
[54.060s][info][gc,start       ] GC(100) Pause Young (Allocation Failure)
[54.067s][info][gc,heap        ] GC(100) PSYoungGen: 202334K(202752K)->544K(195584K) Eden: 201655K(201728K)->0K(194560K) From: 678K(1024K)->544K(1024K)
[54.067s][info][gc,heap        ] GC(100) ParOldGen: 286859K(287232K)->286883K(287232K)
[54.067s][info][gc,metaspace   ] GC(100) Metaspace: 55541K(55872K)->55541K(55872K) NonClass: 47301K(47552K)->47301K(47552K) Class: 8240K(8320K)->8240K(8320K)
[54.067s][info][gc             ] GC(100) Pause Young (Allocation Failure) 477M->280M(471M) 7.017ms
[54.067s][info][gc,cpu         ] GC(100) User=0.00s Sys=0.00s Real=0.01s
[54.503s][info][gc,start       ] GC(101) Pause Young (Allocation Failure)
[54.508s][info][gc,heap        ] GC(101) PSYoungGen: 195104K(195584K)->1471K(188928K) Eden: 194560K(194560K)->0K(187392K) From: 544K(1024K)->1471K(1536K)
[54.508s][info][gc,heap        ] GC(101) ParOldGen: 286883K(287232K)->286899K(287232K)
[54.508s][info][gc,metaspace   ] GC(101) Metaspace: 55541K(55872K)->55541K(55872K) NonClass: 47301K(47552K)->47301K(47552K) Class: 8240K(8320K)->8240K(8320K)
[54.508s][info][gc             ] GC(101) Pause Young (Allocation Failure) 470M->281M(465M) 4.983ms
[54.508s][info][gc,cpu         ] GC(101) User=0.00s Sys=0.01s Real=0.01s
[54.976s][info][gc,start       ] GC(102) Pause Young (Allocation Failure)
[54.982s][info][gc,heap        ] GC(102) PSYoungGen: 188863K(188928K)->2271K(183296K) Eden: 187392K(187392K)->0K(180736K) From: 1471K(1536K)->2271K(2560K)
[54.982s][info][gc,heap        ] GC(102) ParOldGen: 286899K(287232K)->286915K(287232K)
[54.982s][info][gc,metaspace   ] GC(102) Metaspace: 55541K(55872K)->55541K(55872K) NonClass: 47301K(47552K)->47301K(47552K) Class: 8240K(8320K)->8240K(8320K)
[54.982s][info][gc             ] GC(102) Pause Young (Allocation Failure) 464M->282M(459M) 5.252ms
[54.982s][info][gc,cpu         ] GC(102) User=0.01s Sys=0.00s Real=0.00s
[55.406s][info][gc,start       ] GC(103) Pause Young (Allocation Failure)
[55.410s][info][gc,heap        ] GC(103) PSYoungGen: 182969K(183296K)->1344K(176128K) Eden: 180698K(180736K)->0K(174592K) From: 2271K(2560K)->1344K(1536K)
[55.410s][info][gc,heap        ] GC(103) ParOldGen: 286915K(287232K)->286939K(287232K)
[55.410s][info][gc,metaspace   ] GC(103) Metaspace: 55542K(55872K)->55542K(55872K) NonClass: 47301K(47552K)->47301K(47552K) Class: 8240K(8320K)->8240K(8320K)
[55.410s][info][gc             ] GC(103) Pause Young (Allocation Failure) 458M->281M(452M) 4.128ms
[55.410s][info][gc,cpu         ] GC(103) User=0.00s Sys=0.00s Real=0.01s
[55.861s][info][gc,start       ] GC(104) Pause Young (Allocation Failure)
[55.864s][info][gc,heap        ] GC(104) PSYoungGen: 175936K(176128K)->1151K(169984K) Eden: 174592K(174592K)->0K(168448K) From: 1344K(1536K)->1151K(1536K)
[55.864s][info][gc,heap        ] GC(104) ParOldGen: 286939K(287232K)->286955K(287232K)
[55.864s][info][gc,metaspace   ] GC(104) Metaspace: 55542K(55872K)->55542K(55872K) NonClass: 47301K(47552K)->47301K(47552K) Class: 8240K(8320K)->8240K(8320K)
[55.864s][info][gc             ] GC(104) Pause Young (Allocation Failure) 452M->281M(446M) 3.251ms
[55.864s][info][gc,cpu         ] GC(104) User=0.01s Sys=0.00s Real=0.00s
[56.271s][info][gc,start       ] GC(105) Pause Young (Allocation Failure)
[56.274s][info][gc,heap        ] GC(105) PSYoungGen: 169599K(169984K)->960K(163840K) Eden: 168448K(168448K)->0K(162816K) From: 1151K(1536K)->960K(1024K)
[56.274s][info][gc,heap        ] GC(105) ParOldGen: 286955K(287232K)->286971K(287232K)
[56.274s][info][gc,metaspace   ] GC(105) Metaspace: 55542K(55872K)->55542K(55872K) NonClass: 47301K(47552K)->47301K(47552K) Class: 8240K(8320K)->8240K(8320K)
[56.274s][info][gc             ] GC(105) Pause Young (Allocation Failure) 445M->281M(440M) 3.060ms
[56.274s][info][gc,cpu         ] GC(105) User=0.01s Sys=0.00s Real=0.00s
[56.668s][info][gc,start       ] GC(106) Pause Young (Allocation Failure)
[56.671s][info][gc,heap        ] GC(106) PSYoungGen: 163776K(163840K)->1375K(158720K) Eden: 162816K(162816K)->0K(157184K) From: 960K(1024K)->1375K(1536K)
[56.671s][info][gc,heap        ] GC(106) ParOldGen: 286971K(287232K)->286987K(287232K)
[56.671s][info][gc,metaspace   ] GC(106) Metaspace: 55542K(55872K)->55542K(55872K) NonClass: 47301K(47552K)->47301K(47552K) Class: 8240K(8320K)->8240K(8320K)
[56.671s][info][gc             ] GC(106) Pause Young (Allocation Failure) 440M->281M(435M) 3.668ms
[56.671s][info][gc,cpu         ] GC(106) User=0.00s Sys=0.01s Real=0.00s
[57.062s][info][gc,start       ] GC(107) Pause Young (Allocation Failure)
[57.065s][info][gc,heap        ] GC(107) PSYoungGen: 158559K(158720K)->767K(153088K) Eden: 157184K(157184K)->0K(152064K) From: 1375K(1536K)->767K(1024K)
[57.065s][info][gc,heap        ] GC(107) ParOldGen: 286987K(287232K)->287003K(287232K)
[57.065s][info][gc,metaspace   ] GC(107) Metaspace: 55542K(55872K)->55542K(55872K) NonClass: 47301K(47552K)->47301K(47552K) Class: 8240K(8320K)->8240K(8320K)
[57.065s][info][gc             ] GC(107) Pause Young (Allocation Failure) 435M->281M(430M) 2.856ms
[57.065s][info][gc,cpu         ] GC(107) User=0.00s Sys=0.01s Real=0.00s
[57.402s][info][gc,start       ] GC(108) Pause Young (Allocation Failure)
[57.406s][info][gc,heap        ] GC(108) PSYoungGen: 152831K(153088K)->1567K(148992K) Eden: 152064K(152064K)->0K(146944K) From: 767K(1024K)->1567K(2048K)
[57.406s][info][gc,heap        ] GC(108) ParOldGen: 287003K(287232K)->287019K(287232K)
[57.406s][info][gc,metaspace   ] GC(108) Metaspace: 55542K(55872K)->55542K(55872K) NonClass: 47301K(47552K)->47301K(47552K) Class: 8240K(8320K)->8240K(8320K)
[57.406s][info][gc             ] GC(108) Pause Young (Allocation Failure) 429M->281M(426M) 4.003ms
[57.406s][info][gc,cpu         ] GC(108) User=0.01s Sys=0.00s Real=0.01s
[57.782s][info][gc,start       ] GC(109) Pause Young (Allocation Failure)
[57.785s][info][gc,heap        ] GC(109) PSYoungGen: 148511K(148992K)->1535K(143872K) Eden: 146944K(146944K)->0K(142336K) From: 1567K(2048K)->1535K(1536K)
[57.785s][info][gc,heap        ] GC(109) ParOldGen: 287019K(287232K)->287035K(287232K)
[57.786s][info][gc,metaspace   ] GC(109) Metaspace: 55543K(55872K)->55543K(55872K) NonClass: 47302K(47552K)->47302K(47552K) Class: 8240K(8320K)->8240K(8320K)
[57.786s][info][gc             ] GC(109) Pause Young (Allocation Failure) 425M->281M(421M) 3.607ms
[57.786s][info][gc,cpu         ] GC(109) User=0.01s Sys=0.01s Real=0.00s
[58.156s][info][gc,start       ] GC(110) Pause Young (Allocation Failure)
[58.157s][info][gc,heap        ] GC(110) PSYoungGen: 143843K(143872K)->192K(138240K) Eden: 142308K(142336K)->0K(137728K) From: 1535K(1536K)->192K(512K)
[58.157s][info][gc,heap        ] GC(110) ParOldGen: 287035K(287232K)->287051K(287232K)
[58.158s][info][gc,metaspace   ] GC(110) Metaspace: 55543K(55872K)->55543K(55872K) NonClass: 47302K(47552K)->47302K(47552K) Class: 8240K(8320K)->8240K(8320K)
[58.158s][info][gc             ] GC(110) Pause Young (Allocation Failure) 420M->280M(415M) 1.961ms
[58.158s][info][gc,cpu         ] GC(110) User=0.00s Sys=0.00s Real=0.01s
[58.434s][info][gc,start       ] GC(111) Pause Young (Allocation Failure)
[58.436s][info][gc,heap        ] GC(111) PSYoungGen: 123374K(138240K)->96K(133632K) Eden: 123182K(137728K)->0K(133120K) From: 192K(512K)->96K(512K)
[58.436s][info][gc,heap        ] GC(111) ParOldGen: 287051K(287232K)->287067K(287232K)
[58.436s][info][gc,metaspace   ] GC(111) Metaspace: 55670K(56000K)->55670K(56000K) NonClass: 47396K(47616K)->47396K(47616K) Class: 8273K(8384K)->8273K(8384K)
[58.436s][info][gc             ] GC(111) Pause Young (Allocation Failure) 400M->280M(411M) 2.218ms
[58.436s][info][gc,cpu         ] GC(111) User=0.01s Sys=0.00s Real=0.01s
[59.921s][info][gc,start       ] GC(112) Pause Young (Allocation Failure)
[59.975s][info][gc,heap        ] GC(112) PSYoungGen: 129322K(133632K)->64K(162816K) Eden: 129226K(133120K)->0K(159744K) From: 96K(512K)->64K(3072K)
[59.975s][info][gc,heap        ] GC(112) ParOldGen: 287067K(287232K)->326194K(326656K)
[59.975s][info][gc,metaspace   ] GC(112) Metaspace: 55759K(56128K)->55759K(56128K) NonClass: 47479K(47744K)->47479K(47744K) Class: 8279K(8384K)->8279K(8384K)
[59.975s][info][gc             ] GC(112) Pause Young (Allocation Failure) 406M->318M(478M) 53.813ms
[59.975s][info][gc,cpu         ] GC(112) User=0.06s Sys=0.03s Real=0.05s
[61.848s][info][gc,start       ] GC(113) Pause Young (Allocation Failure)
[61.929s][info][gc,heap        ] GC(113) PSYoungGen: 159757K(162816K)->3064K(195072K) Eden: 159693K(159744K)->0K(192000K) From: 64K(3072K)->3064K(3072K)
[61.929s][info][gc,heap        ] GC(113) ParOldGen: 326194K(326656K)->399281K(399360K)
[61.929s][info][gc,metaspace   ] GC(113) Metaspace: 56088K(56448K)->56088K(56448K) NonClass: 47808K(48064K)->47808K(48064K) Class: 8279K(8384K)->8279K(8384K)
[61.929s][info][gc             ] GC(113) Pause Young (Allocation Failure) 474M->392M(580M) 81.556ms
[61.929s][info][gc,cpu         ] GC(113) User=0.11s Sys=0.05s Real=0.08s
[62.298s][info][gc,start       ] GC(114) Pause Young (Allocation Failure)
[62.336s][info][gc,heap        ] GC(114) PSYoungGen: 195064K(195072K)->19873K(227840K) Eden: 192000K(192000K)->0K(197120K) From: 3064K(3072K)->19873K(30720K)
[62.336s][info][gc,heap        ] GC(114) ParOldGen: 399281K(399360K)->402353K(402432K)
[62.336s][info][gc,metaspace   ] GC(114) Metaspace: 56088K(56448K)->56088K(56448K) NonClass: 47808K(48064K)->47808K(48064K) Class: 8279K(8384K)->8279K(8384K)
[62.336s][info][gc             ] GC(114) Pause Young (Allocation Failure) 580M->412M(615M) 37.975ms
[62.336s][info][gc,cpu         ] GC(114) User=0.07s Sys=0.00s Real=0.04s
[62.738s][info][gc,start       ] GC(115) Pause Young (Allocation Failure)
[62.752s][info][gc,heap        ] GC(115) PSYoungGen: 216993K(227840K)->1983K(264192K) Eden: 197120K(197120K)->0K(231424K) From: 19873K(30720K)->1983K(32768K)
[62.752s][info][gc,heap        ] GC(115) ParOldGen: 402353K(402432K)->411967K(412160K)
[62.752s][info][gc,metaspace   ] GC(115) Metaspace: 56088K(56448K)->56088K(56448K) NonClass: 47809K(48064K)->47809K(48064K) Class: 8279K(8384K)->8279K(8384K)
[62.752s][info][gc             ] GC(115) Pause Young (Allocation Failure) 604M->404M(660M) 13.489ms
[62.752s][info][gc,cpu         ] GC(115) User=0.02s Sys=0.01s Real=0.01s
[63.289s][info][gc,start       ] GC(116) Pause Young (Allocation Failure)
[63.292s][info][gc,heap        ] GC(116) PSYoungGen: 233407K(264192K)->864K(263168K) Eden: 231424K(231424K)->0K(231424K) From: 1983K(32768K)->864K(31744K)
[63.292s][info][gc,heap        ] GC(116) ParOldGen: 411967K(412160K)->412170K(412672K)
[63.292s][info][gc,metaspace   ] GC(116) Metaspace: 56088K(56448K)->56088K(56448K) NonClass: 47809K(48064K)->47809K(48064K) Class: 8279K(8384K)->8279K(8384K)
[63.292s][info][gc             ] GC(116) Pause Young (Allocation Failure) 630M->403M(660M) 3.660ms
[63.292s][info][gc,cpu         ] GC(116) User=0.00s Sys=0.01s Real=0.00s
[63.880s][info][gc,start       ] GC(117) Pause Young (Allocation Failure)
[63.883s][info][gc,heap        ] GC(117) PSYoungGen: 232288K(263168K)->704K(301056K) Eden: 231424K(231424K)->0K(270336K) From: 864K(31744K)->704K(30720K)
[63.883s][info][gc,heap        ] GC(117) ParOldGen: 412170K(412672K)->412186K(412672K)
[63.883s][info][gc,metaspace   ] GC(117) Metaspace: 56088K(56448K)->56088K(56448K) NonClass: 47809K(48064K)->47809K(48064K) Class: 8279K(8384K)->8279K(8384K)
[63.883s][info][gc             ] GC(117) Pause Young (Allocation Failure) 629M->403M(697M) 3.158ms
[63.883s][info][gc,cpu         ] GC(117) User=0.01s Sys=0.01s Real=0.00s
[64.559s][info][gc,start       ] GC(118) Pause Young (Allocation Failure)
[64.562s][info][gc,heap        ] GC(118) PSYoungGen: 271040K(301056K)->670K(300032K) Eden: 270336K(270336K)->0K(270336K) From: 704K(30720K)->670K(29696K)
[64.562s][info][gc,heap        ] GC(118) ParOldGen: 412186K(412672K)->412210K(412672K)
[64.562s][info][gc,metaspace   ] GC(118) Metaspace: 56089K(56448K)->56089K(56448K) NonClass: 47809K(48064K)->47809K(48064K) Class: 8279K(8384K)->8279K(8384K)
[64.562s][info][gc             ] GC(118) Pause Young (Allocation Failure) 667M->403M(696M) 2.983ms
[64.562s][info][gc,cpu         ] GC(118) User=0.00s Sys=0.00s Real=0.00s
[65.202s][info][gc,start       ] GC(119) Pause Young (Allocation Failure)
[65.208s][info][gc,heap        ] GC(119) PSYoungGen: 270707K(300032K)->2304K(302592K) Eden: 270036K(270336K)->0K(274944K) From: 670K(29696K)->2304K(27648K)
[65.208s][info][gc,heap        ] GC(119) ParOldGen: 412210K(412672K)->412234K(412672K)
[65.208s][info][gc,metaspace   ] GC(119) Metaspace: 56090K(56448K)->56090K(56448K) NonClass: 47810K(48064K)->47810K(48064K) Class: 8279K(8384K)->8279K(8384K)
[65.208s][info][gc             ] GC(119) Pause Young (Allocation Failure) 666M->404M(698M) 5.919ms
[65.208s][info][gc,cpu         ] GC(119) User=0.01s Sys=0.00s Real=0.01s
[65.881s][info][gc,start       ] GC(120) Pause Young (Allocation Failure)
[65.885s][info][gc,heap        ] GC(120) PSYoungGen: 277248K(302592K)->1343K(302080K) Eden: 274944K(274944K)->0K(274944K) From: 2304K(27648K)->1343K(27136K)
[65.885s][info][gc,heap        ] GC(120) ParOldGen: 412234K(412672K)->412258K(412672K)
[65.885s][info][gc,metaspace   ] GC(120) Metaspace: 56090K(56448K)->56090K(56448K) NonClass: 47810K(48064K)->47810K(48064K) Class: 8279K(8384K)->8279K(8384K)
[65.885s][info][gc             ] GC(120) Pause Young (Allocation Failure) 673M->403M(698M) 3.809ms
[65.885s][info][gc,cpu         ] GC(120) User=0.01s Sys=0.00s Real=0.00s
[66.563s][info][gc,start       ] GC(121) Pause Young (Allocation Failure)
[66.567s][info][gc,heap        ] GC(121) PSYoungGen: 276287K(302080K)->895K(305152K) Eden: 274944K(274944K)->0K(280576K) From: 1343K(27136K)->895K(24576K)
[66.567s][info][gc,heap        ] GC(121) ParOldGen: 412258K(412672K)->412282K(412672K)
[66.567s][info][gc,metaspace   ] GC(121) Metaspace: 56090K(56448K)->56090K(56448K) NonClass: 47811K(48064K)->47811K(48064K) Class: 8279K(8384K)->8279K(8384K)
[66.567s][info][gc             ] GC(121) Pause Young (Allocation Failure) 672M->403M(701M) 3.500ms
[66.567s][info][gc,cpu         ] GC(121) User=0.01s Sys=0.00s Real=0.01s
[67.203s][info][gc,start       ] GC(122) Pause Young (Allocation Failure)
[67.206s][info][gc,heap        ] GC(122) PSYoungGen: 281174K(305152K)->640K(270336K) Eden: 280278K(280576K)->0K(269312K) From: 895K(24576K)->640K(1024K)
[67.206s][info][gc,heap        ] GC(122) ParOldGen: 412282K(412672K)->412314K(412672K)
[67.206s][info][gc,metaspace   ] GC(122) Metaspace: 56090K(56448K)->56090K(56448K) NonClass: 47811K(48064K)->47811K(48064K) Class: 8279K(8384K)->8279K(8384K)
[67.206s][info][gc             ] GC(122) Pause Young (Allocation Failure) 677M->403M(667M) 3.119ms
[67.206s][info][gc,cpu         ] GC(122) User=0.01s Sys=0.00s Real=0.01s
[67.894s][info][gc,start       ] GC(123) Pause Young (Allocation Failure)
[67.899s][info][gc,heap        ] GC(123) PSYoungGen: 269952K(270336K)->1536K(269312K) Eden: 269312K(269312K)->0K(258560K) From: 640K(1024K)->1536K(10752K)
[67.899s][info][gc,heap        ] GC(123) ParOldGen: 412314K(412672K)->412338K(412672K)
[67.899s][info][gc,metaspace   ] GC(123) Metaspace: 56090K(56448K)->56090K(56448K) NonClass: 47811K(48064K)->47811K(48064K) Class: 8279K(8384K)->8279K(8384K)
[67.899s][info][gc             ] GC(123) Pause Young (Allocation Failure) 666M->404M(666M) 5.254ms
[67.899s][info][gc,cpu         ] GC(123) User=0.00s Sys=0.00s Real=0.01s
[68.495s][info][gc,start       ] GC(124) Pause Young (Allocation Failure)
[68.499s][info][gc,heap        ] GC(124) PSYoungGen: 260096K(269312K)->2207K(250880K) Eden: 258560K(258560K)->0K(248320K) From: 1536K(10752K)->2207K(2560K)
[68.500s][info][gc,heap        ] GC(124) ParOldGen: 412338K(412672K)->412362K(412672K)
[68.500s][info][gc,metaspace   ] GC(124) Metaspace: 56090K(56448K)->56090K(56448K) NonClass: 47811K(48064K)->47811K(48064K) Class: 8279K(8384K)->8279K(8384K)
[68.500s][info][gc             ] GC(124) Pause Young (Allocation Failure) 656M->404M(648M) 4.934ms
[68.500s][info][gc,cpu         ] GC(124) User=0.01s Sys=0.00s Real=0.01s
[69.103s][info][gc,start       ] GC(125) Pause Young (Allocation Failure)
[69.107s][info][gc,heap        ] GC(125) PSYoungGen: 250438K(250880K)->1983K(244736K) Eden: 248231K(248320K)->0K(238592K) From: 2207K(2560K)->1983K(6144K)
[69.107s][info][gc,heap        ] GC(125) ParOldGen: 412362K(412672K)->412386K(412672K)
[69.107s][info][gc,metaspace   ] GC(125) Metaspace: 56092K(56448K)->56092K(56448K) NonClass: 47812K(48064K)->47812K(48064K) Class: 8279K(8384K)->8279K(8384K)
[69.107s][info][gc             ] GC(125) Pause Young (Allocation Failure) 647M->404M(642M) 4.519ms
[69.107s][info][gc,cpu         ] GC(125) User=0.01s Sys=0.00s Real=0.01s
[69.683s][info][gc,start       ] GC(126) Pause Young (Allocation Failure)
[69.688s][info][gc,heap        ] GC(126) PSYoungGen: 240333K(244736K)->1760K(231424K) Eden: 238349K(238592K)->0K(229376K) From: 1983K(6144K)->1760K(2048K)
[69.688s][info][gc,heap        ] GC(126) ParOldGen: 412386K(412672K)->412410K(412672K)
[69.688s][info][gc,metaspace   ] GC(126) Metaspace: 56093K(56448K)->56093K(56448K) NonClass: 47814K(48064K)->47814K(48064K) Class: 8279K(8384K)->8279K(8384K)
[69.688s][info][gc             ] GC(126) Pause Young (Allocation Failure) 637M->404M(629M) 4.827ms
[69.688s][info][gc,cpu         ] GC(126) User=0.00s Sys=0.00s Real=0.01s
[70.264s][info][gc,start       ] GC(127) Pause Young (Allocation Failure)
[70.268s][info][gc,heap        ] GC(127) PSYoungGen: 231136K(231424K)->1311K(222208K) Eden: 229376K(229376K)->0K(220672K) From: 1760K(2048K)->1311K(1536K)
[70.268s][info][gc,heap        ] GC(127) ParOldGen: 412410K(412672K)->412426K(412672K)
[70.268s][info][gc,metaspace   ] GC(127) Metaspace: 56093K(56448K)->56093K(56448K) NonClass: 47814K(48064K)->47814K(48064K) Class: 8279K(8384K)->8279K(8384K)
[70.268s][info][gc             ] GC(127) Pause Young (Allocation Failure) 628M->404M(620M) 4.458ms
[70.268s][info][gc,cpu         ] GC(127) User=0.01s Sys=0.00s Real=0.01s
[70.782s][info][gc,start       ] GC(128) Pause Young (Allocation Failure)
[70.786s][info][gc,heap        ] GC(128) PSYoungGen: 221983K(222208K)->1567K(229888K) Eden: 220672K(220672K)->0K(212480K) From: 1311K(1536K)->1567K(17408K)
[70.786s][info][gc,heap        ] GC(128) ParOldGen: 412426K(412672K)->412442K(412672K)
[70.786s][info][gc,metaspace   ] GC(128) Metaspace: 56093K(56448K)->56093K(56448K) NonClass: 47814K(48064K)->47814K(48064K) Class: 8279K(8384K)->8279K(8384K)
[70.786s][info][gc             ] GC(128) Pause Young (Allocation Failure) 619M->404M(627M) 3.710ms
[70.786s][info][gc,cpu         ] GC(128) User=0.01s Sys=0.00s Real=0.01s
[71.293s][info][gc,start       ] GC(129) Pause Young (Allocation Failure)
[71.299s][info][gc,heap        ] GC(129) PSYoungGen: 213730K(229888K)->1984K(206848K) Eden: 212163K(212480K)->0K(204800K) From: 1567K(17408K)->1984K(2048K)
[71.299s][info][gc,heap        ] GC(129) ParOldGen: 412442K(412672K)->412458K(412672K)
[71.299s][info][gc,metaspace   ] GC(129) Metaspace: 56093K(56448K)->56093K(56448K) NonClass: 47814K(48064K)->47814K(48064K) Class: 8279K(8384K)->8279K(8384K)
[71.299s][info][gc             ] GC(129) Pause Young (Allocation Failure) 611M->404M(605M) 5.798ms
[71.299s][info][gc,cpu         ] GC(129) User=0.01s Sys=0.00s Real=0.01s
[71.802s][info][gc,start       ] GC(130) Pause Young (Allocation Failure)
[71.807s][info][gc,heap        ] GC(130) PSYoungGen: 206784K(206848K)->2144K(199680K) Eden: 204800K(204800K)->0K(197120K) From: 1984K(2048K)->2144K(2560K)
[71.807s][info][gc,heap        ] GC(130) ParOldGen: 412458K(412672K)->412474K(412672K)
[71.807s][info][gc,metaspace   ] GC(130) Metaspace: 56094K(56448K)->56094K(56448K) NonClass: 47815K(48064K)->47815K(48064K) Class: 8279K(8384K)->8279K(8384K)
[71.807s][info][gc             ] GC(130) Pause Young (Allocation Failure) 604M->404M(598M) 5.067ms
[71.807s][info][gc,cpu         ] GC(130) User=0.01s Sys=0.00s Real=0.01s
[72.279s][info][gc,start       ] GC(131) Pause Young (Allocation Failure)
[72.284s][info][gc,heap        ] GC(131) PSYoungGen: 199264K(199680K)->2303K(192512K) Eden: 197120K(197120K)->0K(189952K) From: 2144K(2560K)->2303K(2560K)
[72.284s][info][gc,heap        ] GC(131) ParOldGen: 412474K(412672K)->412490K(412672K)
[72.284s][info][gc,metaspace   ] GC(131) Metaspace: 56094K(56448K)->56094K(56448K) NonClass: 47815K(48064K)->47815K(48064K) Class: 8279K(8384K)->8279K(8384K)
[72.284s][info][gc             ] GC(131) Pause Young (Allocation Failure) 597M->405M(591M) 5.485ms
[72.284s][info][gc,cpu         ] GC(131) User=0.01s Sys=0.00s Real=0.00s
[72.792s][info][gc,start       ] GC(132) Pause Young (Allocation Failure)
[72.794s][info][gc,heap        ] GC(132) PSYoungGen: 192255K(192512K)->256K(183808K) Eden: 189952K(189952K)->0K(183296K) From: 2303K(2560K)->256K(512K)
[72.794s][info][gc,heap        ] GC(132) ParOldGen: 412490K(412672K)->412506K(412672K)
[72.794s][info][gc,metaspace   ] GC(132) Metaspace: 56095K(56448K)->56095K(56448K) NonClass: 47815K(48064K)->47815K(48064K) Class: 8279K(8384K)->8279K(8384K)
[72.794s][info][gc             ] GC(132) Pause Young (Allocation Failure) 590M->403M(582M) 2.458ms
[72.794s][info][gc,cpu         ] GC(132) User=0.01s Sys=0.00s Real=0.00s
[73.181s][info][gc,start       ] GC(133) Pause Young (Allocation Failure)
[73.186s][info][gc,heap        ] GC(133) PSYoungGen: 183552K(183808K)->2239K(179200K) Eden: 183296K(183296K)->0K(176640K) From: 256K(512K)->2239K(2560K)
[73.186s][info][gc,heap        ] GC(133) ParOldGen: 412506K(412672K)->412522K(412672K)
[73.186s][info][gc,metaspace   ] GC(133) Metaspace: 56095K(56448K)->56095K(56448K) NonClass: 47815K(48064K)->47815K(48064K) Class: 8279K(8384K)->8279K(8384K)
[73.186s][info][gc             ] GC(133) Pause Young (Allocation Failure) 582M->405M(578M) 5.345ms
[73.186s][info][gc,cpu         ] GC(133) User=0.01s Sys=0.00s Real=0.01s
[73.601s][info][gc,start       ] GC(134) Pause Young (Allocation Failure)
[73.605s][info][gc,heap        ] GC(134) PSYoungGen: 178879K(179200K)->1503K(172032K) Eden: 176640K(176640K)->0K(170496K) From: 2239K(2560K)->1503K(1536K)
[73.605s][info][gc,heap        ] GC(134) ParOldGen: 412522K(412672K)->412538K(412672K)
[73.605s][info][gc,metaspace   ] GC(134) Metaspace: 56095K(56448K)->56095K(56448K) NonClass: 47815K(48064K)->47815K(48064K) Class: 8279K(8384K)->8279K(8384K)
[73.605s][info][gc             ] GC(134) Pause Young (Allocation Failure) 577M->404M(571M) 3.754ms
[73.605s][info][gc,cpu         ] GC(134) User=0.01s Sys=0.00s Real=0.00s
[74.056s][info][gc,start       ] GC(135) Pause Young (Allocation Failure)
[74.059s][info][gc,heap        ] GC(135) PSYoungGen: 171999K(172032K)->304K(164864K) Eden: 170496K(170496K)->0K(164352K) From: 1503K(1536K)->304K(512K)
[74.059s][info][gc,heap        ] GC(135) ParOldGen: 412538K(412672K)->412554K(412672K)
[74.059s][info][gc,metaspace   ] GC(135) Metaspace: 56098K(56448K)->56098K(56448K) NonClass: 47818K(48064K)->47818K(48064K) Class: 8279K(8384K)->8279K(8384K)
[74.059s][info][gc             ] GC(135) Pause Young (Allocation Failure) 570M->403M(564M) 3.123ms
[74.059s][info][gc,cpu         ] GC(135) User=0.01s Sys=0.00s Real=0.00s
[74.455s][info][gc,start       ] GC(136) Pause Young (Allocation Failure)
[74.457s][info][gc,heap        ] GC(136) PSYoungGen: 164656K(164864K)->224K(169472K) Eden: 164352K(164352K)->0K(158720K) From: 304K(512K)->224K(10752K)
[74.457s][info][gc,heap        ] GC(136) ParOldGen: 412554K(412672K)->412570K(412672K)
[74.457s][info][gc,metaspace   ] GC(136) Metaspace: 56098K(56448K)->56098K(56448K) NonClass: 47818K(48064K)->47818K(48064K) Class: 8279K(8384K)->8279K(8384K)
[74.457s][info][gc             ] GC(136) Pause Young (Allocation Failure) 563M->403M(568M) 2.072ms
[74.457s][info][gc,cpu         ] GC(136) User=0.01s Sys=0.00s Real=0.01s
[74.843s][info][gc,start       ] GC(137) Pause Young (Allocation Failure)
[74.847s][info][gc,heap        ] GC(137) PSYoungGen: 158944K(169472K)->1247K(155136K) Eden: 158720K(158720K)->0K(153600K) From: 224K(10752K)->1247K(1536K)
[74.847s][info][gc,heap        ] GC(137) ParOldGen: 412570K(412672K)->412586K(412672K)
[74.847s][info][gc,metaspace   ] GC(137) Metaspace: 56098K(56448K)->56098K(56448K) NonClass: 47818K(48064K)->47818K(48064K) Class: 8279K(8384K)->8279K(8384K)
[74.847s][info][gc             ] GC(137) Pause Young (Allocation Failure) 558M->404M(554M) 4.130ms
[74.847s][info][gc,cpu         ] GC(137) User=0.00s Sys=0.00s Real=0.01s
[75.181s][info][gc,start       ] GC(138) Pause Young (Allocation Failure)
[75.185s][info][gc,heap        ] GC(138) PSYoungGen: 153410K(155136K)->1951K(150528K) Eden: 152163K(153600K)->0K(148480K) From: 1247K(1536K)->1951K(2048K)
[75.185s][info][gc,heap        ] GC(138) ParOldGen: 412586K(412672K)->412602K(412672K)
[75.185s][info][gc,metaspace   ] GC(138) Metaspace: 56098K(56448K)->56098K(56448K) NonClass: 47818K(48064K)->47818K(48064K) Class: 8279K(8384K)->8279K(8384K)
[75.185s][info][gc             ] GC(138) Pause Young (Allocation Failure) 552M->404M(550M) 4.274ms
[75.185s][info][gc,cpu         ] GC(138) User=0.01s Sys=0.00s Real=0.00s
[75.565s][info][gc,start       ] GC(139) Pause Young (Allocation Failure)
[75.568s][info][gc,heap        ] GC(139) PSYoungGen: 150431K(150528K)->992K(144384K) Eden: 148480K(148480K)->0K(143360K) From: 1951K(2048K)->992K(1024K)
[75.568s][info][gc,heap        ] GC(139) ParOldGen: 412602K(412672K)->412618K(412672K)
[75.568s][info][gc,metaspace   ] GC(139) Metaspace: 56098K(56448K)->56098K(56448K) NonClass: 47818K(48064K)->47818K(48064K) Class: 8279K(8384K)->8279K(8384K)
[75.569s][info][gc             ] GC(139) Pause Young (Allocation Failure) 549M->403M(544M) 3.819ms
[75.569s][info][gc,cpu         ] GC(139) User=0.00s Sys=0.00s Real=0.01s
[75.978s][info][gc,start       ] GC(140) Pause Young (Allocation Failure)
[75.986s][info][gc,heap        ] GC(140) PSYoungGen: 144352K(144384K)->2528K(175616K) Eden: 143360K(143360K)->0K(166912K) From: 992K(1024K)->2528K(8704K)
[75.986s][info][gc,heap        ] GC(140) ParOldGen: 412618K(412672K)->412634K(412672K)
[75.986s][info][gc,metaspace   ] GC(140) Metaspace: 56098K(56448K)->56098K(56448K) NonClass: 47818K(48064K)->47818K(48064K) Class: 8279K(8384K)->8279K(8384K)
[75.986s][info][gc             ] GC(140) Pause Young (Allocation Failure) 543M->405M(574M) 7.560ms
[75.986s][info][gc,cpu         ] GC(140) User=0.01s Sys=0.00s Real=0.01s
[76.299s][info][gc,start       ] GC(141) Pause Young (Allocation Failure)
[76.302s][info][gc,heap        ] GC(141) PSYoungGen: 169440K(175616K)->1120K(180736K) Eden: 166912K(166912K)->0K(172544K) From: 2528K(8704K)->1120K(8192K)
[76.302s][info][gc,heap        ] GC(141) ParOldGen: 412634K(412672K)->412650K(412672K)
[76.302s][info][gc,metaspace   ] GC(141) Metaspace: 56098K(56448K)->56098K(56448K) NonClass: 47818K(48064K)->47818K(48064K) Class: 8279K(8384K)->8279K(8384K)
[76.302s][info][gc             ] GC(141) Pause Young (Allocation Failure) 568M->404M(579M) 3.457ms
[76.302s][info][gc,cpu         ] GC(141) User=0.01s Sys=0.00s Real=0.00s
[76.883s][info][gc,start       ] GC(142) Pause Young (Allocation Failure)
[76.896s][info][gc,heap        ] GC(142) PSYoungGen: 173664K(180736K)->576K(180224K) Eden: 172544K(172544K)->0K(172544K) From: 1120K(8192K)->576K(7680K)
[76.896s][info][gc,heap        ] GC(142) ParOldGen: 412650K(412672K)->412666K(412672K)
[76.896s][info][gc,metaspace   ] GC(142) Metaspace: 56098K(56448K)->56098K(56448K) NonClass: 47818K(48064K)->47818K(48064K) Class: 8279K(8384K)->8279K(8384K)
[76.896s][info][gc             ] GC(142) Pause Young (Allocation Failure) 572M->403M(579M) 12.293ms
[76.896s][info][gc,cpu         ] GC(142) User=0.01s Sys=0.00s Real=0.02s
[77.266s][info][gc,start       ] GC(143) Pause Young (Allocation Failure)
[77.270s][info][gc,heap        ] GC(143) PSYoungGen: 173120K(180224K)->1375K(213504K) Eden: 172544K(172544K)->0K(207360K) From: 576K(7680K)->1375K(6144K)
[77.270s][info][gc,heap        ] GC(143) ParOldGen: 412666K(412672K)->412682K(413184K)
[77.270s][info][gc,metaspace   ] GC(143) Metaspace: 56098K(56448K)->56098K(56448K) NonClass: 47818K(48064K)->47818K(48064K) Class: 8279K(8384K)->8279K(8384K)
[77.270s][info][gc             ] GC(143) Pause Young (Allocation Failure) 572M->404M(612M) 3.914ms
[77.270s][info][gc,cpu         ] GC(143) User=0.01s Sys=0.00s Real=0.00s
[77.775s][info][gc,start       ] GC(144) Pause Young (Allocation Failure)
[77.778s][info][gc,heap        ] GC(144) PSYoungGen: 208735K(213504K)->928K(214016K) Eden: 207360K(207360K)->0K(207360K) From: 1375K(6144K)->928K(6656K)
[77.778s][info][gc,heap        ] GC(144) ParOldGen: 412682K(413184K)->412698K(413184K)
[77.778s][info][gc,metaspace   ] GC(144) Metaspace: 56098K(56448K)->56098K(56448K) NonClass: 47818K(48064K)->47818K(48064K) Class: 8279K(8384K)->8279K(8384K)
[77.778s][info][gc             ] GC(144) Pause Young (Allocation Failure) 606M->403M(612M) 3.397ms
[77.778s][info][gc,cpu         ] GC(144) User=0.00s Sys=0.00s Real=0.01s
[78.274s][info][gc,start       ] GC(145) Pause Young (Allocation Failure)
[78.278s][info][gc,heap        ] GC(145) PSYoungGen: 208288K(214016K)->1375K(201216K) Eden: 207360K(207360K)->0K(199680K) From: 928K(6656K)->1375K(1536K)
[78.278s][info][gc,heap        ] GC(145) ParOldGen: 412698K(413184K)->412714K(413184K)
[78.278s][info][gc,metaspace   ] GC(145) Metaspace: 56098K(56448K)->56098K(56448K) NonClass: 47818K(48064K)->47818K(48064K) Class: 8279K(8384K)->8279K(8384K)
[78.278s][info][gc             ] GC(145) Pause Young (Allocation Failure) 606M->404M(600M) 3.920ms
[78.278s][info][gc,cpu         ] GC(145) User=0.01s Sys=0.00s Real=0.01s
[78.775s][info][gc,start       ] GC(146) Pause Young (Allocation Failure)
[78.779s][info][gc,heap        ] GC(146) PSYoungGen: 201055K(201216K)->1119K(194048K) Eden: 199680K(199680K)->0K(192512K) From: 1375K(1536K)->1119K(1536K)
[78.779s][info][gc,heap        ] GC(146) ParOldGen: 412714K(413184K)->412730K(413184K)
[78.779s][info][gc,metaspace   ] GC(146) Metaspace: 56098K(56448K)->56098K(56448K) NonClass: 47818K(48064K)->47818K(48064K) Class: 8279K(8384K)->8279K(8384K)
[78.779s][info][gc             ] GC(146) Pause Young (Allocation Failure) 599M->404M(593M) 3.486ms
[78.779s][info][gc,cpu         ] GC(146) User=0.01s Sys=0.00s Real=0.01s
[79.256s][info][gc,start       ] GC(147) Pause Young (Allocation Failure)
[79.258s][info][gc,heap        ] GC(147) PSYoungGen: 193631K(194048K)->336K(185856K) Eden: 192512K(192512K)->0K(185344K) From: 1119K(1536K)->336K(512K)
[79.258s][info][gc,heap        ] GC(147) ParOldGen: 412730K(413184K)->412746K(413184K)
[79.258s][info][gc,metaspace   ] GC(147) Metaspace: 56099K(56448K)->56099K(56448K) NonClass: 47819K(48064K)->47819K(48064K) Class: 8279K(8384K)->8279K(8384K)
[79.258s][info][gc             ] GC(147) Pause Young (Allocation Failure) 592M->403M(585M) 2.326ms
[79.258s][info][gc,cpu         ] GC(147) User=0.01s Sys=0.00s Real=0.00s
[79.683s][info][gc,start       ] GC(148) Pause Young (Allocation Failure)
[79.688s][info][gc,heap        ] GC(148) PSYoungGen: 185524K(185856K)->1536K(184320K) Eden: 185188K(185344K)->0K(178688K) From: 336K(512K)->1536K(5632K)
[79.688s][info][gc,heap        ] GC(148) ParOldGen: 412746K(413184K)->412762K(413184K)
[79.688s][info][gc,metaspace   ] GC(148) Metaspace: 56099K(56448K)->56099K(56448K) NonClass: 47819K(48064K)->47819K(48064K) Class: 8279K(8384K)->8279K(8384K)
[79.688s][info][gc             ] GC(148) Pause Young (Allocation Failure) 584M->404M(583M) 4.535ms
[79.688s][info][gc,cpu         ] GC(148) User=0.00s Sys=0.01s Real=0.01s
[80.098s][info][gc,start       ] GC(149) Pause Young (Allocation Failure)
[80.102s][info][gc,heap        ] GC(149) PSYoungGen: 180160K(184320K)->1120K(174080K) Eden: 178624K(178688K)->0K(172544K) From: 1536K(5632K)->1120K(1536K)
[80.102s][info][gc,heap        ] GC(149) ParOldGen: 412762K(413184K)->412778K(413184K)
[80.102s][info][gc,metaspace   ] GC(149) Metaspace: 56099K(56448K)->56099K(56448K) NonClass: 47819K(48064K)->47819K(48064K) Class: 8279K(8384K)->8279K(8384K)
[80.102s][info][gc             ] GC(149) Pause Young (Allocation Failure) 579M->404M(573M) 3.905ms
[80.102s][info][gc,cpu         ] GC(149) User=0.01s Sys=0.01s Real=0.00s
[80.557s][info][gc,start       ] GC(150) Pause Young (Allocation Failure)
[80.560s][info][gc,heap        ] GC(150) PSYoungGen: 173664K(174080K)->472K(166912K) Eden: 172544K(172544K)->0K(166400K) From: 1120K(1536K)->472K(512K)
[80.560s][info][gc,heap        ] GC(150) ParOldGen: 412778K(413184K)->412794K(413184K)
[80.560s][info][gc,metaspace   ] GC(150) Metaspace: 56099K(56448K)->56099K(56448K) NonClass: 47819K(48064K)->47819K(48064K) Class: 8279K(8384K)->8279K(8384K)
[80.560s][info][gc             ] GC(150) Pause Young (Allocation Failure) 572M->403M(566M) 2.591ms
[80.560s][info][gc,cpu         ] GC(150) User=0.00s Sys=0.00s Real=0.00s
[80.958s][info][gc,start       ] GC(151) Pause Young (Allocation Failure)
[80.960s][info][gc,heap        ] GC(151) PSYoungGen: 166872K(166912K)->523K(161792K) Eden: 166400K(166400K)->0K(160768K) From: 472K(512K)->523K(1024K)
[80.960s][info][gc,heap        ] GC(151) ParOldGen: 412794K(413184K)->412810K(413184K)
[80.960s][info][gc,metaspace   ] GC(151) Metaspace: 56099K(56448K)->56099K(56448K) NonClass: 47819K(48064K)->47819K(48064K) Class: 8279K(8384K)->8279K(8384K)
[80.960s][info][gc             ] GC(151) Pause Young (Allocation Failure) 566M->403M(561M) 2.779ms
[80.960s][info][gc,cpu         ] GC(151) User=0.00s Sys=0.00s Real=0.00s
[81.316s][info][gc,start       ] GC(152) Pause Young (Allocation Failure)
[81.317s][info][gc,heap        ] GC(152) PSYoungGen: 161291K(161792K)->64K(155648K) Eden: 160768K(160768K)->0K(155136K) From: 523K(1024K)->64K(512K)
[81.318s][info][gc,heap        ] GC(152) ParOldGen: 412810K(413184K)->412826K(413184K)
[81.318s][info][gc,metaspace   ] GC(152) Metaspace: 56099K(56448K)->56099K(56448K) NonClass: 47819K(48064K)->47819K(48064K) Class: 8279K(8384K)->8279K(8384K)
[81.318s][info][gc             ] GC(152) Pause Young (Allocation Failure) 560M->403M(555M) 1.893ms
[81.318s][info][gc,cpu         ] GC(152) User=0.00s Sys=0.00s Real=0.01s
[81.697s][info][gc,start       ] GC(153) Pause Young (Allocation Failure)
[81.702s][info][gc,heap        ] GC(153) PSYoungGen: 155200K(155648K)->2207K(152576K) Eden: 155136K(155136K)->0K(150016K) From: 64K(512K)->2207K(2560K)
[81.702s][info][gc,heap        ] GC(153) ParOldGen: 412826K(413184K)->412842K(413184K)
[81.702s][info][gc,metaspace   ] GC(153) Metaspace: 56099K(56448K)->56099K(56448K) NonClass: 47819K(48064K)->47819K(48064K) Class: 8279K(8384K)->8279K(8384K)
[81.702s][info][gc             ] GC(153) Pause Young (Allocation Failure) 554M->405M(552M) 5.554ms
[81.702s][info][gc,cpu         ] GC(153) User=0.00s Sys=0.01s Real=0.00s
[82.077s][info][gc,start       ] GC(154) Pause Young (Allocation Failure)
[82.081s][info][gc,heap        ] GC(154) PSYoungGen: 152223K(152576K)->1471K(146432K) Eden: 150016K(150016K)->0K(144896K) From: 2207K(2560K)->1471K(1536K)
[82.081s][info][gc,heap        ] GC(154) ParOldGen: 412842K(413184K)->412858K(413184K)
[82.081s][info][gc,metaspace   ] GC(154) Metaspace: 56099K(56448K)->56099K(56448K) NonClass: 47819K(48064K)->47819K(48064K) Class: 8279K(8384K)->8279K(8384K)
[82.081s][info][gc             ] GC(154) Pause Young (Allocation Failure) 551M->404M(546M) 4.287ms
[82.081s][info][gc,cpu         ] GC(154) User=0.01s Sys=0.00s Real=0.00s
[82.404s][info][gc,start       ] GC(155) Pause Young (Allocation Failure)
[82.409s][info][gc,heap        ] GC(155) PSYoungGen: 146367K(146432K)->735K(175104K) Eden: 144896K(144896K)->0K(174080K) From: 1471K(1536K)->735K(1024K)
[82.409s][info][gc,heap        ] GC(155) ParOldGen: 412858K(413184K)->412874K(413184K)
[82.409s][info][gc,metaspace   ] GC(155) Metaspace: 56099K(56448K)->56099K(56448K) NonClass: 47819K(48064K)->47819K(48064K) Class: 8279K(8384K)->8279K(8384K)
[82.409s][info][gc             ] GC(155) Pause Young (Allocation Failure) 546M->403M(574M) 5.358ms
[82.409s][info][gc,cpu         ] GC(155) User=0.01s Sys=0.00s Real=0.01s
[82.865s][info][gc,start       ] GC(156) Pause Young (Allocation Failure)
[82.869s][info][gc,heap        ] GC(156) PSYoungGen: 174815K(175104K)->1076K(169472K) Eden: 174080K(174080K)->0K(167936K) From: 735K(1024K)->1076K(1536K)
[82.869s][info][gc,heap        ] GC(156) ParOldGen: 412874K(413184K)->412890K(413184K)
[82.869s][info][gc,metaspace   ] GC(156) Metaspace: 56099K(56448K)->56099K(56448K) NonClass: 47819K(48064K)->47819K(48064K) Class: 8279K(8384K)->8279K(8384K)
[82.869s][info][gc             ] GC(156) Pause Young (Allocation Failure) 573M->404M(569M) 3.814ms
[82.869s][info][gc,cpu         ] GC(156) User=0.01s Sys=0.00s Real=0.01s
[83.270s][info][gc,start       ] GC(157) Pause Young (Allocation Failure)
[83.274s][info][gc,heap        ] GC(157) PSYoungGen: 169012K(169472K)->1407K(163840K) Eden: 167936K(167936K)->0K(162304K) From: 1076K(1536K)->1407K(1536K)
[83.274s][info][gc,heap        ] GC(157) ParOldGen: 412890K(413184K)->412906K(413184K)
[83.274s][info][gc,metaspace   ] GC(157) Metaspace: 56099K(56448K)->56099K(56448K) NonClass: 47819K(48064K)->47819K(48064K) Class: 8279K(8384K)->8279K(8384K)
[83.275s][info][gc             ] GC(157) Pause Young (Allocation Failure) 568M->404M(563M) 4.080ms
[83.275s][info][gc,cpu         ] GC(157) User=0.01s Sys=0.00s Real=0.00s
[83.666s][info][gc,start       ] GC(158) Pause Young (Allocation Failure)
[83.670s][info][gc,heap        ] GC(158) PSYoungGen: 163711K(163840K)->1471K(158208K) Eden: 162304K(162304K)->0K(156672K) From: 1407K(1536K)->1471K(1536K)
[83.670s][info][gc,heap        ] GC(158) ParOldGen: 412906K(413184K)->412922K(413184K)
[83.670s][info][gc,metaspace   ] GC(158) Metaspace: 56099K(56448K)->56099K(56448K) NonClass: 47819K(48064K)->47819K(48064K) Class: 8279K(8384K)->8279K(8384K)
[83.670s][info][gc             ] GC(158) Pause Young (Allocation Failure) 563M->404M(558M) 4.035ms
[83.670s][info][gc,cpu         ] GC(158) User=0.01s Sys=0.00s Real=0.00s
[84.056s][info][gc,start       ] GC(159) Pause Young (Allocation Failure)
[84.058s][info][gc,heap        ] GC(159) PSYoungGen: 158143K(158208K)->224K(152064K) Eden: 156672K(156672K)->0K(151552K) From: 1471K(1536K)->224K(512K)
[84.058s][info][gc,heap        ] GC(159) ParOldGen: 412922K(413184K)->412938K(413184K)
[84.058s][info][gc,metaspace   ] GC(159) Metaspace: 56099K(56448K)->56099K(56448K) NonClass: 47819K(48064K)->47819K(48064K) Class: 8279K(8384K)->8279K(8384K)
[84.058s][info][gc             ] GC(159) Pause Young (Allocation Failure) 557M->403M(552M) 2.155ms
[84.058s][info][gc,cpu         ] GC(159) User=0.01s Sys=0.00s Real=0.00s
[84.417s][info][gc,start       ] GC(160) Pause Young (Allocation Failure)
[84.423s][info][gc,heap        ] GC(160) PSYoungGen: 151613K(152064K)->1984K(150016K) Eden: 151389K(151552K)->0K(146432K) From: 224K(512K)->1984K(3584K)
[84.423s][info][gc,heap        ] GC(160) ParOldGen: 412938K(413184K)->412954K(413184K)
[84.423s][info][gc,metaspace   ] GC(160) Metaspace: 56099K(56448K)->56099K(56448K) NonClass: 47819K(48064K)->47819K(48064K) Class: 8279K(8384K)->8279K(8384K)
[84.423s][info][gc             ] GC(160) Pause Young (Allocation Failure) 551M->405M(550M) 5.270ms
[84.423s][info][gc,cpu         ] GC(160) User=0.01s Sys=0.00s Real=0.00s
[84.771s][info][gc,start       ] GC(161) Pause Young (Allocation Failure)
[84.775s][info][gc,heap        ] GC(161) PSYoungGen: 148416K(150016K)->1343K(143360K) Eden: 146432K(146432K)->0K(141824K) From: 1984K(3584K)->1343K(1536K)
[84.775s][info][gc,heap        ] GC(161) ParOldGen: 412954K(413184K)->412970K(413184K)
[84.775s][info][gc,metaspace   ] GC(161) Metaspace: 56099K(56448K)->56099K(56448K) NonClass: 47819K(48064K)->47819K(48064K) Class: 8279K(8384K)->8279K(8384K)
[84.775s][info][gc             ] GC(161) Pause Young (Allocation Failure) 548M->404M(543M) 3.709ms
[84.775s][info][gc,cpu         ] GC(161) User=0.00s Sys=0.01s Real=0.00s
[85.090s][info][gc,start       ] GC(162) Pause Young (Allocation Failure)
[85.095s][info][gc,heap        ] GC(162) PSYoungGen: 143167K(143360K)->2080K(173056K) Eden: 141824K(141824K)->0K(170496K) From: 1343K(1536K)->2080K(2560K)
[85.095s][info][gc,heap        ] GC(162) ParOldGen: 412970K(413184K)->412986K(413184K)
[85.095s][info][gc,metaspace   ] GC(162) Metaspace: 56099K(56448K)->56099K(56448K) NonClass: 47819K(48064K)->47819K(48064K) Class: 8279K(8384K)->8279K(8384K)
[85.095s][info][gc             ] GC(162) Pause Young (Allocation Failure) 543M->405M(572M) 5.494ms
[85.095s][info][gc,cpu         ] GC(162) User=0.01s Sys=0.00s Real=0.00s
[85.566s][info][gc,start       ] GC(163) Pause Young (Allocation Failure)
[85.569s][info][gc,heap        ] GC(163) PSYoungGen: 172460K(173056K)->1056K(206336K) Eden: 170380K(170496K)->0K(204800K) From: 2080K(2560K)->1056K(1536K)
[85.570s][info][gc,heap        ] GC(163) ParOldGen: 412986K(413184K)->413002K(413184K)
[85.570s][info][gc,metaspace   ] GC(163) Metaspace: 56099K(56448K)->56099K(56448K) NonClass: 47819K(48064K)->47819K(48064K) Class: 8279K(8384K)->8279K(8384K)
[85.570s][info][gc             ] GC(163) Pause Young (Allocation Failure) 571M->404M(605M) 3.394ms
[85.570s][info][gc,cpu         ] GC(163) User=0.01s Sys=0.00s Real=0.00s
[85.997s][info][gc,start       ] GC(164) Pause Young (Allocation Failure)
[86.001s][info][gc,heap        ] GC(164) PSYoungGen: 205674K(206336K)->1503K(198656K) Eden: 204618K(204800K)->0K(197120K) From: 1056K(1536K)->1503K(1536K)
[86.001s][info][gc,heap        ] GC(164) ParOldGen: 413002K(413184K)->413018K(413184K)
[86.001s][info][gc,metaspace   ] GC(164) Metaspace: 56099K(56448K)->56099K(56448K) NonClass: 47819K(48064K)->47819K(48064K) Class: 8279K(8384K)->8279K(8384K)
[86.001s][info][gc             ] GC(164) Pause Young (Allocation Failure) 604M->404M(597M) 3.907ms
[86.001s][info][gc,cpu         ] GC(164) User=0.00s Sys=0.00s Real=0.00s
[86.489s][info][gc,start       ] GC(165) Pause Young (Allocation Failure)
[86.494s][info][gc,heap        ] GC(165) PSYoungGen: 198377K(198656K)->1856K(192000K) Eden: 196873K(197120K)->0K(189952K) From: 1503K(1536K)->1856K(2048K)
[86.494s][info][gc,heap        ] GC(165) ParOldGen: 413018K(413184K)->413034K(413184K)
[86.494s][info][gc,metaspace   ] GC(165) Metaspace: 56099K(56448K)->56099K(56448K) NonClass: 47819K(48064K)->47819K(48064K) Class: 8279K(8384K)->8279K(8384K)
[86.494s][info][gc             ] GC(165) Pause Young (Allocation Failure) 597M->405M(591M) 4.752ms
[86.494s][info][gc,cpu         ] GC(165) User=0.01s Sys=0.00s Real=0.00s
[86.969s][info][gc,start       ] GC(166) Pause Young (Allocation Failure)
[86.973s][info][gc,heap        ] GC(166) PSYoungGen: 191808K(192000K)->1535K(184832K) Eden: 189952K(189952K)->0K(183296K) From: 1856K(2048K)->1535K(1536K)
[86.973s][info][gc,heap        ] GC(166) ParOldGen: 413034K(413184K)->413050K(413184K)
[86.973s][info][gc,metaspace   ] GC(166) Metaspace: 56099K(56448K)->56099K(56448K) NonClass: 47819K(48064K)->47819K(48064K) Class: 8279K(8384K)->8279K(8384K)
[86.973s][info][gc             ] GC(166) Pause Young (Allocation Failure) 590M->404M(584M) 4.205ms
[86.973s][info][gc,cpu         ] GC(166) User=0.01s Sys=0.01s Real=0.00s
[87.386s][info][gc,start       ] GC(167) Pause Young (Allocation Failure)
[87.391s][info][gc,heap        ] GC(167) PSYoungGen: 184831K(184832K)->2463K(214528K) Eden: 183296K(183296K)->0K(211456K) From: 1535K(1536K)->2463K(3072K)
[87.391s][info][gc,heap        ] GC(167) ParOldGen: 413050K(413184K)->413066K(413184K)
[87.391s][info][gc,metaspace   ] GC(167) Metaspace: 56100K(56448K)->56100K(56448K) NonClass: 47820K(48064K)->47820K(48064K) Class: 8279K(8384K)->8279K(8384K)
[87.391s][info][gc             ] GC(167) Pause Young (Allocation Failure) 583M->405M(613M) 5.258ms
[87.391s][info][gc,cpu         ] GC(167) User=0.01s Sys=0.00s Real=0.00s
[87.903s][info][gc,start       ] GC(168) Pause Young (Allocation Failure)
[87.907s][info][gc,heap        ] GC(168) PSYoungGen: 213777K(214528K)->1088K(205312K) Eden: 211314K(211456K)->0K(203776K) From: 2463K(3072K)->1088K(1536K)
[87.907s][info][gc,heap        ] GC(168) ParOldGen: 413066K(413184K)->413082K(413184K)
[87.907s][info][gc,metaspace   ] GC(168) Metaspace: 56100K(56448K)->56100K(56448K) NonClass: 47820K(48064K)->47820K(48064K) Class: 8279K(8384K)->8279K(8384K)
[87.907s][info][gc             ] GC(168) Pause Young (Allocation Failure) 612M->404M(604M) 4.071ms
[87.907s][info][gc,cpu         ] GC(168) User=0.01s Sys=0.00s Real=0.01s
[88.548s][info][gc,start       ] GC(169) Pause Young (Allocation Failure)
[88.552s][info][gc,heap        ] GC(169) PSYoungGen: 204864K(205312K)->1024K(197120K) Eden: 203776K(203776K)->0K(196096K) From: 1088K(1536K)->1024K(1024K)
[88.552s][info][gc,heap        ] GC(169) ParOldGen: 413082K(413184K)->413098K(413184K)
[88.552s][info][gc,metaspace   ] GC(169) Metaspace: 56100K(56448K)->56100K(56448K) NonClass: 47820K(48064K)->47820K(48064K) Class: 8279K(8384K)->8279K(8384K)
[88.552s][info][gc             ] GC(169) Pause Young (Allocation Failure) 603M->404M(596M) 3.419ms
[88.552s][info][gc,cpu         ] GC(169) User=0.01s Sys=0.00s Real=0.00s
[88.984s][info][gc,start       ] GC(170) Pause Young (Allocation Failure)
[88.989s][info][gc,heap        ] GC(170) PSYoungGen: 197120K(197120K)->2655K(192000K) Eden: 196096K(196096K)->0K(188928K) From: 1024K(1024K)->2655K(3072K)
[88.989s][info][gc,heap        ] GC(170) ParOldGen: 413098K(413184K)->413114K(413184K)
[88.989s][info][gc,metaspace   ] GC(170) Metaspace: 56100K(56448K)->56100K(56448K) NonClass: 47820K(48064K)->47820K(48064K) Class: 8279K(8384K)->8279K(8384K)
[88.989s][info][gc             ] GC(170) Pause Young (Allocation Failure) 595M->406M(591M) 5.272ms
[88.990s][info][gc,cpu         ] GC(170) User=0.01s Sys=0.00s Real=0.01s
[89.468s][info][gc,start       ] GC(171) Pause Young (Allocation Failure)
[89.472s][info][gc,heap        ] GC(171) PSYoungGen: 191583K(192000K)->1440K(183808K) Eden: 188928K(188928K)->0K(182272K) From: 2655K(3072K)->1440K(1536K)
[89.472s][info][gc,heap        ] GC(171) ParOldGen: 413114K(413184K)->413130K(413184K)
[89.472s][info][gc,metaspace   ] GC(171) Metaspace: 56101K(56448K)->56101K(56448K) NonClass: 47821K(48064K)->47821K(48064K) Class: 8279K(8384K)->8279K(8384K)
[89.473s][info][gc             ] GC(171) Pause Young (Allocation Failure) 590M->404M(583M) 4.064ms
[89.473s][info][gc,cpu         ] GC(171) User=0.01s Sys=0.00s Real=0.00s
[89.888s][info][gc,start       ] GC(172) Pause Young (Allocation Failure)
[89.894s][info][gc,heap        ] GC(172) PSYoungGen: 183712K(183808K)->2687K(178688K) Eden: 182272K(182272K)->0K(175616K) From: 1440K(1536K)->2687K(3072K)
[89.894s][info][gc,heap        ] GC(172) ParOldGen: 413130K(413184K)->413146K(413184K)
[89.894s][info][gc,metaspace   ] GC(172) Metaspace: 56101K(56448K)->56101K(56448K) NonClass: 47821K(48064K)->47821K(48064K) Class: 8279K(8384K)->8279K(8384K)
[89.894s][info][gc             ] GC(172) Pause Young (Allocation Failure) 582M->406M(578M) 5.380ms
[89.894s][info][gc,cpu         ] GC(172) User=0.01s Sys=0.00s Real=0.00s
[90.304s][info][gc,start       ] GC(173) Pause Young (Allocation Failure)
[90.307s][info][gc,heap        ] GC(173) PSYoungGen: 178041K(178688K)->576K(170496K) Eden: 175353K(175616K)->0K(169472K) From: 2687K(3072K)->576K(1024K)
[90.307s][info][gc,heap        ] GC(173) ParOldGen: 413146K(413184K)->413162K(413184K)
[90.307s][info][gc,metaspace   ] GC(173) Metaspace: 56101K(56448K)->56101K(56448K) NonClass: 47821K(48064K)->47821K(48064K) Class: 8279K(8384K)->8279K(8384K)
[90.307s][info][gc             ] GC(173) Pause Young (Allocation Failure) 577M->404M(570M) 2.845ms
[90.307s][info][gc,cpu         ] GC(173) User=0.01s Sys=0.00s Real=0.01s
[90.771s][info][gc,start       ] GC(174) Pause Young (Allocation Failure)
[90.777s][info][gc,heap        ] GC(174) PSYoungGen: 170048K(170496K)->608K(164864K) Eden: 169472K(169472K)->0K(163840K) From: 576K(1024K)->608K(1024K)
[90.777s][info][gc,heap        ] GC(174) ParOldGen: 413162K(413184K)->413178K(413184K)
[90.777s][info][gc,metaspace   ] GC(174) Metaspace: 56101K(56448K)->56101K(56448K) NonClass: 47821K(48064K)->47821K(48064K) Class: 8279K(8384K)->8279K(8384K)
[90.777s][info][gc             ] GC(174) Pause Young (Allocation Failure) 569M->404M(564M) 5.241ms
[90.777s][info][gc,cpu         ] GC(174) User=0.01s Sys=0.00s Real=0.01s
[91.159s][info][gc,start       ] GC(175) Pause Young (Allocation Failure)
[91.162s][info][gc,heap        ] GC(175) PSYoungGen: 164448K(164864K)->550K(159232K) Eden: 163840K(163840K)->0K(158208K) From: 608K(1024K)->550K(1024K)
[91.162s][info][gc,heap        ] GC(175) ParOldGen: 413178K(413184K)->413194K(413696K)
[91.162s][info][gc,metaspace   ] GC(175) Metaspace: 56101K(56448K)->56101K(56448K) NonClass: 47821K(48064K)->47821K(48064K) Class: 8279K(8384K)->8279K(8384K)
[91.162s][info][gc             ] GC(175) Pause Young (Allocation Failure) 564M->404M(559M) 3.152ms
[91.162s][info][gc,cpu         ] GC(175) User=0.01s Sys=0.00s Real=0.00s
[91.499s][info][gc,start       ] GC(176) Pause Young (Allocation Failure)
[91.502s][info][gc,heap        ] GC(176) PSYoungGen: 158758K(159232K)->1119K(154624K) Eden: 158208K(158208K)->0K(153088K) From: 550K(1024K)->1119K(1536K)
[91.502s][info][gc,heap        ] GC(176) ParOldGen: 413194K(413696K)->413210K(413696K)
[91.502s][info][gc,metaspace   ] GC(176) Metaspace: 56101K(56448K)->56101K(56448K) NonClass: 47821K(48064K)->47821K(48064K) Class: 8279K(8384K)->8279K(8384K)
[91.502s][info][gc             ] GC(176) Pause Young (Allocation Failure) 558M->404M(555M) 2.987ms
[91.502s][info][gc,cpu         ] GC(176) User=0.01s Sys=0.00s Real=0.00s
[91.938s][info][gc,start       ] GC(177) Pause Young (Allocation Failure)
[91.943s][info][gc,heap        ] GC(177) PSYoungGen: 154207K(154624K)->2495K(150528K) Eden: 153088K(153088K)->0K(147968K) From: 1119K(1536K)->2495K(2560K)
[91.943s][info][gc,heap        ] GC(177) ParOldGen: 413210K(413696K)->413226K(413696K)
[91.943s][info][gc,metaspace   ] GC(177) Metaspace: 56101K(56448K)->56101K(56448K) NonClass: 47821K(48064K)->47821K(48064K) Class: 8279K(8384K)->8279K(8384K)
[91.943s][info][gc             ] GC(177) Pause Young (Allocation Failure) 554M->405M(551M) 4.996ms
[91.943s][info][gc,cpu         ] GC(177) User=0.01s Sys=0.00s Real=0.00s
[92.267s][info][gc,start       ] GC(178) Pause Young (Allocation Failure)
[92.270s][info][gc,heap        ] GC(178) PSYoungGen: 150463K(150528K)->1088K(144384K) Eden: 147968K(147968K)->0K(142848K) From: 2495K(2560K)->1088K(1536K)
[92.270s][info][gc,heap        ] GC(178) ParOldGen: 413226K(413696K)->413242K(413696K)
[92.270s][info][gc,metaspace   ] GC(178) Metaspace: 56101K(56448K)->56101K(56448K) NonClass: 47821K(48064K)->47821K(48064K) Class: 8279K(8384K)->8279K(8384K)
[92.270s][info][gc             ] GC(178) Pause Young (Allocation Failure) 550M->404M(545M) 3.487ms
[92.270s][info][gc,cpu         ] GC(178) User=0.00s Sys=0.00s Real=0.00s
[92.589s][info][gc,start       ] GC(179) Pause Young (Allocation Failure)
[92.597s][info][gc,heap        ] GC(179) PSYoungGen: 143936K(144384K)->2847K(174592K) Eden: 142848K(142848K)->0K(171520K) From: 1088K(1536K)->2847K(3072K)
[92.597s][info][gc,heap        ] GC(179) ParOldGen: 413242K(413696K)->413258K(413696K)
[92.597s][info][gc,metaspace   ] GC(179) Metaspace: 56101K(56448K)->56101K(56448K) NonClass: 47821K(48064K)->47821K(48064K) Class: 8279K(8384K)->8279K(8384K)
[92.597s][info][gc             ] GC(179) Pause Young (Allocation Failure) 544M->406M(574M) 8.226ms
[92.597s][info][gc,cpu         ] GC(179) User=0.01s Sys=0.00s Real=0.01s
[92.998s][info][gc,start       ] GC(180) Pause Young (Allocation Failure)
[93.002s][info][gc,heap        ] GC(180) PSYoungGen: 174367K(174592K)->1568K(198144K) Eden: 171520K(171520K)->0K(194048K) From: 2847K(3072K)->1568K(4096K)
[93.002s][info][gc,heap        ] GC(180) ParOldGen: 413258K(413696K)->413274K(413696K)
[93.002s][info][gc,metaspace   ] GC(180) Metaspace: 56101K(56448K)->56101K(56448K) NonClass: 47821K(48064K)->47821K(48064K) Class: 8279K(8384K)->8279K(8384K)
[93.002s][info][gc             ] GC(180) Pause Young (Allocation Failure) 573M->405M(597M) 4.042ms
[93.002s][info][gc,cpu         ] GC(180) User=0.01s Sys=0.00s Real=0.00s
[93.473s][info][gc,start       ] GC(181) Pause Young (Allocation Failure)
[93.477s][info][gc,heap        ] GC(181) PSYoungGen: 195616K(198144K)->1599K(209408K) Eden: 194048K(194048K)->0K(205824K) From: 1568K(4096K)->1599K(3584K)
[93.477s][info][gc,heap        ] GC(181) ParOldGen: 413274K(413696K)->413290K(413696K)
[93.477s][info][gc,metaspace   ] GC(181) Metaspace: 56102K(56448K)->56102K(56448K) NonClass: 47822K(48064K)->47822K(48064K) Class: 8279K(8384K)->8279K(8384K)
[93.477s][info][gc             ] GC(181) Pause Young (Allocation Failure) 594M->405M(608M) 4.340ms
[93.478s][info][gc,cpu         ] GC(181) User=0.01s Sys=0.00s Real=0.01s
[94.008s][info][gc,start       ] GC(182) Pause Young (Allocation Failure)
[94.011s][info][gc,heap        ] GC(182) PSYoungGen: 207423K(209408K)->800K(199168K) Eden: 205824K(205824K)->0K(198144K) From: 1599K(3584K)->800K(1024K)
[94.011s][info][gc,heap        ] GC(182) ParOldGen: 413290K(413696K)->413306K(413696K)
[94.011s][info][gc,metaspace   ] GC(182) Metaspace: 56102K(56448K)->56102K(56448K) NonClass: 47822K(48064K)->47822K(48064K) Class: 8279K(8384K)->8279K(8384K)
[94.011s][info][gc             ] GC(182) Pause Young (Allocation Failure) 606M->404M(598M) 3.357ms
[94.011s][info][gc,cpu         ] GC(182) User=0.01s Sys=0.00s Real=0.00s
[94.465s][info][gc,start       ] GC(183) Pause Young (Allocation Failure)
[94.469s][info][gc,heap        ] GC(183) PSYoungGen: 198944K(199168K)->896K(192000K) Eden: 198144K(198144K)->0K(190976K) From: 800K(1024K)->896K(1024K)
[94.469s][info][gc,heap        ] GC(183) ParOldGen: 413306K(413696K)->413322K(413696K)
[94.469s][info][gc,metaspace   ] GC(183) Metaspace: 56102K(56448K)->56102K(56448K) NonClass: 47822K(48064K)->47822K(48064K) Class: 8279K(8384K)->8279K(8384K)
[94.469s][info][gc             ] GC(183) Pause Young (Allocation Failure) 597M->404M(591M) 3.444ms
[94.469s][info][gc,cpu         ] GC(183) User=0.00s Sys=0.01s Real=0.01s
[94.903s][info][gc,start       ] GC(184) Pause Young (Allocation Failure)
[94.907s][info][gc,heap        ] GC(184) PSYoungGen: 191872K(192000K)->1599K(187904K) Eden: 190976K(190976K)->0K(184320K) From: 896K(1024K)->1599K(3584K)
[94.907s][info][gc,heap        ] GC(184) ParOldGen: 413322K(413696K)->413338K(413696K)
[94.907s][info][gc,metaspace   ] GC(184) Metaspace: 56102K(56448K)->56102K(56448K) NonClass: 47822K(48064K)->47822K(48064K) Class: 8279K(8384K)->8279K(8384K)
[94.907s][info][gc             ] GC(184) Pause Young (Allocation Failure) 591M->405M(587M) 3.660ms
[94.907s][info][gc,cpu         ] GC(184) User=0.01s Sys=0.00s Real=0.01s
[95.371s][info][gc,start       ] GC(185) Pause Young (Allocation Failure)
[95.375s][info][gc,heap        ] GC(185) PSYoungGen: 185919K(187904K)->1343K(179200K) Eden: 184320K(184320K)->0K(177664K) From: 1599K(3584K)->1343K(1536K)
[95.375s][info][gc,heap        ] GC(185) ParOldGen: 413338K(413696K)->413354K(413696K)
[95.375s][info][gc,metaspace   ] GC(185) Metaspace: 56102K(56448K)->56102K(56448K) NonClass: 47822K(48064K)->47822K(48064K) Class: 8279K(8384K)->8279K(8384K)
[95.375s][info][gc             ] GC(185) Pause Young (Allocation Failure) 585M->404M(579M) 3.784ms
[95.375s][info][gc,cpu         ] GC(185) User=0.00s Sys=0.00s Real=0.00s
[95.787s][info][gc,start       ] GC(186) Pause Young (Allocation Failure)
[95.791s][info][gc,heap        ] GC(186) PSYoungGen: 179007K(179200K)->2175K(174080K) Eden: 177664K(177664K)->0K(171520K) From: 1343K(1536K)->2175K(2560K)
[95.791s][info][gc,heap        ] GC(186) ParOldGen: 413354K(413696K)->413370K(413696K)
[95.791s][info][gc,metaspace   ] GC(186) Metaspace: 56102K(56448K)->56102K(56448K) NonClass: 47822K(48064K)->47822K(48064K) Class: 8279K(8384K)->8279K(8384K)
[95.791s][info][gc             ] GC(186) Pause Young (Allocation Failure) 578M->405M(574M) 4.302ms
[95.791s][info][gc,cpu         ] GC(186) User=0.01s Sys=0.00s Real=0.00s
[96.198s][info][gc,start       ] GC(187) Pause Young (Allocation Failure)
[96.202s][info][gc,heap        ] GC(187) PSYoungGen: 173519K(174080K)->1568K(167424K) Eden: 171344K(171520K)->0K(165376K) From: 2175K(2560K)->1568K(2048K)
[96.202s][info][gc,heap        ] GC(187) ParOldGen: 413370K(413696K)->413386K(413696K)
[96.202s][info][gc,metaspace   ] GC(187) Metaspace: 56102K(56448K)->56102K(56448K) NonClass: 47822K(48064K)->47822K(48064K) Class: 8279K(8384K)->8279K(8384K)
[96.202s][info][gc             ] GC(187) Pause Young (Allocation Failure) 573M->405M(567M) 4.030ms
[96.202s][info][gc,cpu         ] GC(187) User=0.01s Sys=0.00s Real=0.00s
[96.595s][info][gc,start       ] GC(188) Pause Young (Allocation Failure)
[96.598s][info][gc,heap        ] GC(188) PSYoungGen: 166871K(167424K)->1535K(161280K) Eden: 165303K(165376K)->0K(159744K) From: 1568K(2048K)->1535K(1536K)
[96.598s][info][gc,heap        ] GC(188) ParOldGen: 413386K(413696K)->413402K(413696K)
[96.598s][info][gc,metaspace   ] GC(188) Metaspace: 56102K(56448K)->56102K(56448K) NonClass: 47822K(48064K)->47822K(48064K) Class: 8279K(8384K)->8279K(8384K)
[96.599s][info][gc             ] GC(188) Pause Young (Allocation Failure) 566M->405M(561M) 3.618ms
[96.599s][info][gc,cpu         ] GC(188) User=0.01s Sys=0.00s Real=0.01s
[96.994s][info][gc,start       ] GC(189) Pause Young (Allocation Failure)
[96.998s][info][gc,heap        ] GC(189) PSYoungGen: 161279K(161280K)->1632K(156160K) Eden: 159744K(159744K)->0K(154112K) From: 1535K(1536K)->1632K(2048K)
[96.998s][info][gc,heap        ] GC(189) ParOldGen: 413402K(413696K)->413418K(413696K)
[96.998s][info][gc,metaspace   ] GC(189) Metaspace: 56102K(56448K)->56102K(56448K) NonClass: 47822K(48064K)->47822K(48064K) Class: 8279K(8384K)->8279K(8384K)
[96.998s][info][gc             ] GC(189) Pause Young (Allocation Failure) 561M->405M(556M) 4.203ms
[96.998s][info][gc,cpu         ] GC(189) User=0.01s Sys=0.00s Real=0.01s
[97.378s][info][gc,start       ] GC(190) Pause Young (Allocation Failure)
[97.381s][info][gc,heap        ] GC(190) PSYoungGen: 155744K(156160K)->1695K(151040K) Eden: 154112K(154112K)->0K(148992K) From: 1632K(2048K)->1695K(2048K)
[97.381s][info][gc,heap        ] GC(190) ParOldGen: 413418K(413696K)->413434K(413696K)
[97.381s][info][gc,metaspace   ] GC(190) Metaspace: 56102K(56448K)->56102K(56448K) NonClass: 47822K(48064K)->47822K(48064K) Class: 8279K(8384K)->8279K(8384K)
[97.381s][info][gc             ] GC(190) Pause Young (Allocation Failure) 555M->405M(551M) 3.784ms
[97.381s][info][gc,cpu         ] GC(190) User=0.00s Sys=0.00s Real=0.00s
[97.759s][info][gc,start       ] GC(191) Pause Young (Allocation Failure)
[97.762s][info][gc,heap        ] GC(191) PSYoungGen: 150687K(151040K)->553K(144896K) Eden: 148992K(148992K)->0K(143872K) From: 1695K(2048K)->553K(1024K)
[97.762s][info][gc,heap        ] GC(191) ParOldGen: 413434K(413696K)->413450K(413696K)
[97.762s][info][gc,metaspace   ] GC(191) Metaspace: 56102K(56448K)->56102K(56448K) NonClass: 47822K(48064K)->47822K(48064K) Class: 8279K(8384K)->8279K(8384K)
[97.762s][info][gc             ] GC(191) Pause Young (Allocation Failure) 550M->404M(545M) 2.571ms
[97.762s][info][gc,cpu         ] GC(191) User=0.00s Sys=0.00s Real=0.00s
[98.081s][info][gc,start       ] GC(192) Pause Young (Allocation Failure)
[98.085s][info][gc,heap        ] GC(192) PSYoungGen: 144425K(144896K)->1696K(141312K) Eden: 143872K(143872K)->0K(139264K) From: 553K(1024K)->1696K(2048K)
[98.085s][info][gc,heap        ] GC(192) ParOldGen: 413450K(413696K)->413466K(413696K)
[98.085s][info][gc,metaspace   ] GC(192) Metaspace: 56102K(56448K)->56102K(56448K) NonClass: 47822K(48064K)->47822K(48064K) Class: 8279K(8384K)->8279K(8384K)
[98.085s][info][gc             ] GC(192) Pause Young (Allocation Failure) 544M->405M(542M) 4.280ms
[98.086s][info][gc,cpu         ] GC(192) User=0.00s Sys=0.00s Real=0.00s
[98.405s][info][gc,start       ] GC(193) Pause Young (Allocation Failure)
[98.408s][info][gc,heap        ] GC(193) PSYoungGen: 140960K(141312K)->959K(135680K) Eden: 139264K(139264K)->0K(134656K) From: 1696K(2048K)->959K(1024K)
[98.408s][info][gc,heap        ] GC(193) ParOldGen: 413466K(413696K)->413482K(413696K)
[98.408s][info][gc,metaspace   ] GC(193) Metaspace: 56102K(56448K)->56102K(56448K) NonClass: 47822K(48064K)->47822K(48064K) Class: 8279K(8384K)->8279K(8384K)
[98.408s][info][gc             ] GC(193) Pause Young (Allocation Failure) 541M->404M(536M) 2.948ms
[98.408s][info][gc,cpu         ] GC(193) User=0.00s Sys=0.00s Real=0.01s
[98.762s][info][gc,start       ] GC(194) Pause Young (Allocation Failure)
[98.765s][info][gc,heap        ] GC(194) PSYoungGen: 135615K(135680K)->1215K(133632K) Eden: 134656K(134656K)->0K(130560K) From: 959K(1024K)->1215K(3072K)
[98.765s][info][gc,heap        ] GC(194) ParOldGen: 413482K(413696K)->413498K(413696K)
[98.765s][info][gc,metaspace   ] GC(194) Metaspace: 56102K(56448K)->56102K(56448K) NonClass: 47822K(48064K)->47822K(48064K) Class: 8279K(8384K)->8279K(8384K)
[98.765s][info][gc             ] GC(194) Pause Young (Allocation Failure) 536M->404M(534M) 3.062ms
[98.765s][info][gc,cpu         ] GC(194) User=0.01s Sys=0.00s Real=0.00s
[99.075s][info][gc,start       ] GC(195) Pause Young (Allocation Failure)
[99.079s][info][gc,heap        ] GC(195) PSYoungGen: 131775K(133632K)->1855K(128512K) Eden: 130560K(130560K)->0K(126464K) From: 1215K(3072K)->1855K(2048K)
[99.079s][info][gc,heap        ] GC(195) ParOldGen: 413498K(413696K)->413514K(413696K)
[99.079s][info][gc,metaspace   ] GC(195) Metaspace: 56104K(56448K)->56104K(56448K) NonClass: 47824K(48064K)->47824K(48064K) Class: 8279K(8384K)->8279K(8384K)
[99.079s][info][gc             ] GC(195) Pause Young (Allocation Failure) 532M->405M(529M) 4.008ms
[99.079s][info][gc,cpu         ] GC(195) User=0.01s Sys=0.00s Real=0.01s
[99.377s][info][gc,start       ] GC(196) Pause Young (Allocation Failure)
[99.381s][info][gc,heap        ] GC(196) PSYoungGen: 128319K(128512K)->1824K(154112K) Eden: 126464K(126464K)->0K(152064K) From: 1855K(2048K)->1824K(2048K)
[99.381s][info][gc,heap        ] GC(196) ParOldGen: 413514K(413696K)->413530K(413696K)
[99.381s][info][gc,metaspace   ] GC(196) Metaspace: 56104K(56448K)->56104K(56448K) NonClass: 47824K(48064K)->47824K(48064K) Class: 8279K(8384K)->8279K(8384K)
[99.381s][info][gc             ] GC(196) Pause Young (Allocation Failure) 529M->405M(554M) 4.430ms
[99.381s][info][gc,cpu         ] GC(196) User=0.01s Sys=0.00s Real=0.00s
[99.760s][info][gc,start       ] GC(197) Pause Young (Allocation Failure)
[99.763s][info][gc,heap        ] GC(197) PSYoungGen: 153888K(154112K)->671K(147968K) Eden: 152064K(152064K)->0K(146944K) From: 1824K(2048K)->671K(1024K)
[99.763s][info][gc,heap        ] GC(197) ParOldGen: 413530K(413696K)->413546K(413696K)
[99.763s][info][gc,metaspace   ] GC(197) Metaspace: 56104K(56448K)->56104K(56448K) NonClass: 47824K(48064K)->47824K(48064K) Class: 8279K(8384K)->8279K(8384K)
[99.763s][info][gc             ] GC(197) Pause Young (Allocation Failure) 554M->404M(548M) 2.745ms
[99.763s][info][gc,cpu         ] GC(197) User=0.01s Sys=0.00s Real=0.00s
[100.177s][info][gc,start       ] GC(198) Pause Young (Allocation Failure)
[100.195s][info][gc,heap        ] GC(198) PSYoungGen: 147597K(147968K)->2720K(179712K) Eden: 146926K(146944K)->0K(176640K) From: 671K(1024K)->2720K(3072K)
[100.195s][info][gc,heap        ] GC(198) ParOldGen: 413546K(413696K)->413562K(413696K)
[100.195s][info][gc,metaspace   ] GC(198) Metaspace: 56104K(56448K)->56104K(56448K) NonClass: 47824K(48064K)->47824K(48064K) Class: 8279K(8384K)->8279K(8384K)
[100.195s][info][gc             ] GC(198) Pause Young (Allocation Failure) 547M->406M(579M) 17.191ms
[100.195s][info][gc,cpu         ] GC(198) User=0.01s Sys=0.00s Real=0.01s
[100.607s][info][gc,start       ] GC(199) Pause Young (Allocation Failure)
[100.610s][info][gc,heap        ] GC(199) PSYoungGen: 179360K(179712K)->1055K(188416K) Eden: 176640K(176640K)->0K(185856K) From: 2720K(3072K)->1055K(2560K)
[100.610s][info][gc,heap        ] GC(199) ParOldGen: 413562K(413696K)->413578K(413696K)
[100.610s][info][gc,metaspace   ] GC(199) Metaspace: 56104K(56448K)->56104K(56448K) NonClass: 47824K(48064K)->47824K(48064K) Class: 8279K(8384K)->8279K(8384K)
[100.610s][info][gc             ] GC(199) Pause Young (Allocation Failure) 579M->404M(588M) 2.930ms
[100.610s][info][gc,cpu         ] GC(199) User=0.00s Sys=0.00s Real=0.00s
[101.077s][info][gc,start       ] GC(200) Pause Young (Allocation Failure)
[101.080s][info][gc,heap        ] GC(200) PSYoungGen: 186911K(188416K)->1631K(188928K) Eden: 185856K(185856K)->0K(185856K) From: 1055K(2560K)->1631K(3072K)
[101.081s][info][gc,heap        ] GC(200) ParOldGen: 413578K(413696K)->413594K(413696K)
[101.081s][info][gc,metaspace   ] GC(200) Metaspace: 56104K(56448K)->56104K(56448K) NonClass: 47824K(48064K)->47824K(48064K) Class: 8279K(8384K)->8279K(8384K)
[101.081s][info][gc             ] GC(200) Pause Young (Allocation Failure) 586M->405M(588M) 3.678ms
[101.081s][info][gc,cpu         ] GC(200) User=0.01s Sys=0.00s Real=0.00s
[101.555s][info][gc,start       ] GC(201) Pause Young (Allocation Failure)
[101.557s][info][gc,heap        ] GC(201) PSYoungGen: 187487K(188928K)->160K(226304K) Eden: 185856K(185856K)->0K(223232K) From: 1631K(3072K)->160K(3072K)
[101.557s][info][gc,heap        ] GC(201) ParOldGen: 413594K(413696K)->413610K(413696K)
[101.557s][info][gc,metaspace   ] GC(201) Metaspace: 56104K(56448K)->56104K(56448K) NonClass: 47824K(48064K)->47824K(48064K) Class: 8279K(8384K)->8279K(8384K)
[101.557s][info][gc             ] GC(201) Pause Young (Allocation Failure) 586M->404M(625M) 2.213ms
[101.557s][info][gc,cpu         ] GC(201) User=0.01s Sys=0.00s Real=0.01s
[102.086s][info][gc,start       ] GC(202) Pause Young (Allocation Failure)
[102.091s][info][gc,heap        ] GC(202) PSYoungGen: 223392K(226304K)->2174K(226304K) Eden: 223232K(223232K)->0K(223232K) From: 160K(3072K)->2174K(3072K)
[102.091s][info][gc,heap        ] GC(202) ParOldGen: 413610K(413696K)->413626K(413696K)
[102.091s][info][gc,metaspace   ] GC(202) Metaspace: 56104K(56448K)->56104K(56448K) NonClass: 47824K(48064K)->47824K(48064K) Class: 8279K(8384K)->8279K(8384K)
[102.091s][info][gc             ] GC(202) Pause Young (Allocation Failure) 622M->406M(625M) 5.127ms
[102.091s][info][gc,cpu         ] GC(202) User=0.00s Sys=0.00s Real=0.00s
[102.611s][info][gc,start       ] GC(203) Pause Young (Allocation Failure)
[102.615s][info][gc,heap        ] GC(203) PSYoungGen: 225406K(226304K)->1279K(216576K) Eden: 223232K(223232K)->0K(215040K) From: 2174K(3072K)->1279K(1536K)
[102.615s][info][gc,heap        ] GC(203) ParOldGen: 413626K(413696K)->413642K(413696K)
[102.615s][info][gc,metaspace   ] GC(203) Metaspace: 56104K(56448K)->56104K(56448K) NonClass: 47824K(48064K)->47824K(48064K) Class: 8279K(8384K)->8279K(8384K)
[102.615s][info][gc             ] GC(203) Pause Young (Allocation Failure) 624M->405M(615M) 3.732ms
[102.615s][info][gc,cpu         ] GC(203) User=0.01s Sys=0.01s Real=0.00s
[103.159s][info][gc,start       ] GC(204) Pause Young (Allocation Failure)
[103.162s][info][gc,heap        ] GC(204) PSYoungGen: 216319K(216576K)->613K(207872K) Eden: 215040K(215040K)->0K(206848K) From: 1279K(1536K)->613K(1024K)
[103.162s][info][gc,heap        ] GC(204) ParOldGen: 413642K(413696K)->413658K(413696K)
[103.162s][info][gc,metaspace   ] GC(204) Metaspace: 56104K(56448K)->56104K(56448K) NonClass: 47824K(48064K)->47824K(48064K) Class: 8279K(8384K)->8279K(8384K)
[103.162s][info][gc             ] GC(204) Pause Young (Allocation Failure) 615M->404M(607M) 2.845ms
[103.162s][info][gc,cpu         ] GC(204) User=0.00s Sys=0.01s Real=0.00s
[103.661s][info][gc,start       ] GC(205) Pause Young (Allocation Failure)
[103.664s][info][gc,heap        ] GC(205) PSYoungGen: 207461K(207872K)->777K(200192K) Eden: 206848K(206848K)->0K(199168K) From: 613K(1024K)->777K(1024K)
[103.664s][info][gc,heap        ] GC(205) ParOldGen: 413658K(413696K)->413674K(413696K)
[103.664s][info][gc,metaspace   ] GC(205) Metaspace: 56104K(56448K)->56104K(56448K) NonClass: 47824K(48064K)->47824K(48064K) Class: 8279K(8384K)->8279K(8384K)
[103.664s][info][gc             ] GC(205) Pause Young (Allocation Failure) 606M->404M(599M) 3.183ms
[103.664s][info][gc,cpu         ] GC(205) User=0.01s Sys=0.00s Real=0.00s
[104.101s][info][gc,start       ] GC(206) Pause Young (Allocation Failure)
[104.104s][info][gc,heap        ] GC(206) PSYoungGen: 199945K(200192K)->767K(193024K) Eden: 199168K(199168K)->0K(192000K) From: 777K(1024K)->767K(1024K)
[104.104s][info][gc,heap        ] GC(206) ParOldGen: 413674K(413696K)->413690K(413696K)
[104.104s][info][gc,metaspace   ] GC(206) Metaspace: 56104K(56448K)->56104K(56448K) NonClass: 47824K(48064K)->47824K(48064K) Class: 8279K(8384K)->8279K(8384K)
[104.104s][info][gc             ] GC(206) Pause Young (Allocation Failure) 599M->404M(592M) 2.826ms
[104.104s][info][gc,cpu         ] GC(206) User=0.01s Sys=0.00s Real=0.00s
[104.587s][info][gc,start       ] GC(207) Pause Young (Allocation Failure)
[104.592s][info][gc,heap        ] GC(207) PSYoungGen: 192767K(193024K)->2399K(187904K) Eden: 192000K(192000K)->0K(185344K) From: 767K(1024K)->2399K(2560K)
[104.592s][info][gc,heap        ] GC(207) ParOldGen: 413690K(413696K)->413706K(414208K)
[104.592s][info][gc,metaspace   ] GC(207) Metaspace: 56104K(56448K)->56104K(56448K) NonClass: 47824K(48064K)->47824K(48064K) Class: 8279K(8384K)->8279K(8384K)
[104.592s][info][gc             ] GC(207) Pause Young (Allocation Failure) 592M->406M(588M) 5.663ms
[104.592s][info][gc,cpu         ] GC(207) User=0.01s Sys=0.00s Real=0.00s
[105.062s][info][gc,start       ] GC(208) Pause Young (Allocation Failure)
[105.065s][info][gc,heap        ] GC(208) PSYoungGen: 187743K(187904K)->1342K(180224K) Eden: 185344K(185344K)->0K(178688K) From: 2399K(2560K)->1342K(1536K)
[105.065s][info][gc,heap        ] GC(208) ParOldGen: 413706K(414208K)->413722K(414208K)
[105.065s][info][gc,metaspace   ] GC(208) Metaspace: 56104K(56448K)->56104K(56448K) NonClass: 47824K(48064K)->47824K(48064K) Class: 8279K(8384K)->8279K(8384K)
[105.065s][info][gc             ] GC(208) Pause Young (Allocation Failure) 587M->405M(580M) 3.527ms
[105.065s][info][gc,cpu         ] GC(208) User=0.00s Sys=0.00s Real=0.00s
[105.491s][info][gc,start       ] GC(209) Pause Young (Allocation Failure)
[105.495s][info][gc,heap        ] GC(209) PSYoungGen: 180030K(180224K)->1823K(174592K) Eden: 178688K(178688K)->0K(172544K) From: 1342K(1536K)->1823K(2048K)
[105.495s][info][gc,heap        ] GC(209) ParOldGen: 413722K(414208K)->413738K(414208K)
[105.495s][info][gc,metaspace   ] GC(209) Metaspace: 56104K(56448K)->56104K(56448K) NonClass: 47824K(48064K)->47824K(48064K) Class: 8279K(8384K)->8279K(8384K)
[105.495s][info][gc             ] GC(209) Pause Young (Allocation Failure) 579M->405M(575M) 4.421ms
[105.495s][info][gc,cpu         ] GC(209) User=0.00s Sys=0.00s Real=0.00s
[105.887s][info][gc,start       ] GC(210) Pause Young (Allocation Failure)
[105.892s][info][gc,heap        ] GC(210) PSYoungGen: 174367K(174592K)->2079K(168960K) Eden: 172544K(172544K)->0K(166400K) From: 1823K(2048K)->2079K(2560K)
[105.892s][info][gc,heap        ] GC(210) ParOldGen: 413738K(414208K)->413754K(414208K)
[105.892s][info][gc,metaspace   ] GC(210) Metaspace: 56104K(56448K)->56104K(56448K) NonClass: 47824K(48064K)->47824K(48064K) Class: 8279K(8384K)->8279K(8384K)
[105.892s][info][gc             ] GC(210) Pause Young (Allocation Failure) 574M->406M(569M) 5.232ms
[105.892s][info][gc,cpu         ] GC(210) User=0.01s Sys=0.00s Real=0.00s
[106.288s][info][gc,start       ] GC(211) Pause Young (Allocation Failure)
[106.293s][info][gc,heap        ] GC(211) PSYoungGen: 168452K(168960K)->2016K(162816K) Eden: 166373K(166400K)->0K(160768K) From: 2079K(2560K)->2016K(2048K)
[106.293s][info][gc,heap        ] GC(211) ParOldGen: 413754K(414208K)->413770K(414208K)
[106.293s][info][gc,metaspace   ] GC(211) Metaspace: 56104K(56448K)->56104K(56448K) NonClass: 47824K(48064K)->47824K(48064K) Class: 8279K(8384K)->8279K(8384K)
[106.293s][info][gc             ] GC(211) Pause Young (Allocation Failure) 568M->406M(563M) 4.866ms
[106.293s][info][gc,cpu         ] GC(211) User=0.00s Sys=0.00s Real=0.00s
[106.683s][info][gc,start       ] GC(212) Pause Young (Allocation Failure)
[106.689s][info][gc,heap        ] GC(212) PSYoungGen: 162784K(162816K)->2239K(195584K) Eden: 160768K(160768K)->0K(193024K) From: 2016K(2048K)->2239K(2560K)
[106.689s][info][gc,heap        ] GC(212) ParOldGen: 413770K(414208K)->413786K(414208K)
[106.689s][info][gc,metaspace   ] GC(212) Metaspace: 56104K(56448K)->56104K(56448K) NonClass: 47824K(48064K)->47824K(48064K) Class: 8279K(8384K)->8279K(8384K)
[106.689s][info][gc             ] GC(212) Pause Young (Allocation Failure) 563M->406M(595M) 5.215ms
[106.689s][info][gc,cpu         ] GC(212) User=0.01s Sys=0.01s Real=0.01s
[107.171s][info][gc,start       ] GC(213) Pause Young (Allocation Failure)
[107.175s][info][gc,heap        ] GC(213) PSYoungGen: 195263K(195584K)->1312K(187392K) Eden: 193024K(193024K)->0K(185856K) From: 2239K(2560K)->1312K(1536K)
[107.175s][info][gc,heap        ] GC(213) ParOldGen: 413786K(414208K)->413802K(414208K)
[107.175s][info][gc,metaspace   ] GC(213) Metaspace: 56104K(56448K)->56104K(56448K) NonClass: 47824K(48064K)->47824K(48064K) Class: 8279K(8384K)->8279K(8384K)
[107.175s][info][gc             ] GC(213) Pause Young (Allocation Failure) 594M->405M(587M) 3.627ms
[107.175s][info][gc,cpu         ] GC(213) User=0.01s Sys=0.00s Real=0.00s
[107.601s][info][gc,start       ] GC(214) Pause Young (Allocation Failure)
[107.605s][info][gc,heap        ] GC(214) PSYoungGen: 187168K(187392K)->1247K(180736K) Eden: 185856K(185856K)->0K(179200K) From: 1312K(1536K)->1247K(1536K)
[107.605s][info][gc,heap        ] GC(214) ParOldGen: 413802K(414208K)->413818K(414208K)
[107.605s][info][gc,metaspace   ] GC(214) Metaspace: 56104K(56448K)->56104K(56448K) NonClass: 47824K(48064K)->47824K(48064K) Class: 8279K(8384K)->8279K(8384K)
[107.605s][info][gc             ] GC(214) Pause Young (Allocation Failure) 586M->405M(581M) 3.727ms
[107.605s][info][gc,cpu         ] GC(214) User=0.01s Sys=0.00s Real=0.00s
[108.065s][info][gc,start       ] GC(215) Pause Young (Allocation Failure)
[108.069s][info][gc,heap        ] GC(215) PSYoungGen: 180447K(180736K)->1471K(174592K) Eden: 179200K(179200K)->0K(173056K) From: 1247K(1536K)->1471K(1536K)
[108.069s][info][gc,heap        ] GC(215) ParOldGen: 413818K(414208K)->413834K(414208K)
[108.069s][info][gc,metaspace   ] GC(215) Metaspace: 56104K(56448K)->56104K(56448K) NonClass: 47824K(48064K)->47824K(48064K) Class: 8279K(8384K)->8279K(8384K)
[108.069s][info][gc             ] GC(215) Pause Young (Allocation Failure) 580M->405M(575M) 3.507ms
[108.069s][info][gc,cpu         ] GC(215) User=0.01s Sys=0.00s Real=0.01s
[108.491s][info][gc,start       ] GC(216) Pause Young (Allocation Failure)
[108.496s][info][gc,heap        ] GC(216) PSYoungGen: 174527K(174592K)->1950K(168960K) Eden: 173056K(173056K)->0K(166912K) From: 1471K(1536K)->1950K(2048K)
[108.496s][info][gc,heap        ] GC(216) ParOldGen: 413834K(414208K)->413850K(414208K)
[108.496s][info][gc,metaspace   ] GC(216) Metaspace: 56104K(56448K)->56104K(56448K) NonClass: 47824K(48064K)->47824K(48064K) Class: 8279K(8384K)->8279K(8384K)
[108.496s][info][gc             ] GC(216) Pause Young (Allocation Failure) 574M->406M(569M) 4.615ms
[108.496s][info][gc,cpu         ] GC(216) User=0.01s Sys=0.00s Real=0.01s
[108.880s][info][gc,start       ] GC(217) Pause Young (Allocation Failure)
[108.884s][info][gc,heap        ] GC(217) PSYoungGen: 168862K(168960K)->1952K(163328K) Eden: 166912K(166912K)->0K(161280K) From: 1950K(2048K)->1952K(2048K)
[108.885s][info][gc,heap        ] GC(217) ParOldGen: 413850K(414208K)->413866K(414208K)
[108.885s][info][gc,metaspace   ] GC(217) Metaspace: 56104K(56448K)->56104K(56448K) NonClass: 47824K(48064K)->47824K(48064K) Class: 8279K(8384K)->8279K(8384K)
[108.885s][info][gc             ] GC(217) Pause Young (Allocation Failure) 569M->406M(564M) 4.895ms
[108.885s][info][gc,cpu         ] GC(217) User=0.01s Sys=0.00s Real=0.00s
[109.272s][info][gc,start       ] GC(218) Pause Young (Allocation Failure)
[109.277s][info][gc,heap        ] GC(218) PSYoungGen: 163232K(163328K)->1472K(195072K) Eden: 161280K(161280K)->0K(193536K) From: 1952K(2048K)->1472K(1536K)
[109.277s][info][gc,heap        ] GC(218) ParOldGen: 413866K(414208K)->413882K(414208K)
[109.277s][info][gc,metaspace   ] GC(218) Metaspace: 56104K(56448K)->56104K(56448K) NonClass: 47824K(48064K)->47824K(48064K) Class: 8279K(8384K)->8279K(8384K)
[109.277s][info][gc             ] GC(218) Pause Young (Allocation Failure) 563M->405M(595M) 4.581ms
[109.277s][info][gc,cpu         ] GC(218) User=0.01s Sys=0.00s Real=0.01s
[109.759s][info][gc,start       ] GC(219) Pause Young (Allocation Failure)
[109.761s][info][gc,heap        ] GC(219) PSYoungGen: 195008K(195072K)->576K(187392K) Eden: 193536K(193536K)->0K(186368K) From: 1472K(1536K)->576K(1024K)
[109.761s][info][gc,heap        ] GC(219) ParOldGen: 413882K(414208K)->413898K(414208K)
[109.761s][info][gc,metaspace   ] GC(219) Metaspace: 56104K(56448K)->56104K(56448K) NonClass: 47824K(48064K)->47824K(48064K) Class: 8279K(8384K)->8279K(8384K)
[109.761s][info][gc             ] GC(219) Pause Young (Allocation Failure) 594M->404M(587M) 2.883ms
[109.761s][info][gc,cpu         ] GC(219) User=0.01s Sys=0.00s Real=0.00s
[110.183s][info][gc,start       ] GC(220) Pause Young (Allocation Failure)
[110.190s][info][gc,heap        ] GC(220) PSYoungGen: 186944K(187392K)->2751K(226816K) Eden: 186368K(186368K)->0K(223744K) From: 576K(1024K)->2751K(3072K)
[110.190s][info][gc,heap        ] GC(220) ParOldGen: 413898K(414208K)->413914K(414208K)
[110.190s][info][gc,metaspace   ] GC(220) Metaspace: 56104K(56448K)->56104K(56448K) NonClass: 47824K(48064K)->47824K(48064K) Class: 8279K(8384K)->8279K(8384K)
[110.190s][info][gc             ] GC(220) Pause Young (Allocation Failure) 586M->406M(626M) 6.408ms
[110.190s][info][gc,cpu         ] GC(220) User=0.01s Sys=0.00s Real=0.01s
[110.758s][info][gc,start       ] GC(221) Pause Young (Allocation Failure)
[110.761s][info][gc,heap        ] GC(221) PSYoungGen: 226495K(226816K)->596K(216576K) Eden: 223744K(223744K)->0K(215552K) From: 2751K(3072K)->596K(1024K)
[110.761s][info][gc,heap        ] GC(221) ParOldGen: 413914K(414208K)->413930K(414208K)
[110.761s][info][gc,metaspace   ] GC(221) Metaspace: 56104K(56448K)->56104K(56448K) NonClass: 47824K(48064K)->47824K(48064K) Class: 8279K(8384K)->8279K(8384K)
[110.761s][info][gc             ] GC(221) Pause Young (Allocation Failure) 625M->404M(616M) 2.865ms
[110.761s][info][gc,cpu         ] GC(221) User=0.00s Sys=0.01s Real=0.00s
[111.270s][info][gc,start       ] GC(222) Pause Young (Allocation Failure)
[111.274s][info][gc,heap        ] GC(222) PSYoungGen: 216148K(216576K)->1152K(208896K) Eden: 215552K(215552K)->0K(207360K) From: 596K(1024K)->1152K(1536K)
[111.274s][info][gc,heap        ] GC(222) ParOldGen: 413930K(414208K)->413946K(414208K)
[111.274s][info][gc,metaspace   ] GC(222) Metaspace: 56104K(56448K)->56104K(56448K) NonClass: 47824K(48064K)->47824K(48064K) Class: 8279K(8384K)->8279K(8384K)
[111.274s][info][gc             ] GC(222) Pause Young (Allocation Failure) 615M->405M(608M) 3.911ms
[111.274s][info][gc,cpu         ] GC(222) User=0.01s Sys=0.01s Real=0.00s
[111.774s][info][gc,start       ] GC(223) Pause Young (Allocation Failure)
[111.778s][info][gc,heap        ] GC(223) PSYoungGen: 208512K(208896K)->1631K(201728K) Eden: 207360K(207360K)->0K(199680K) From: 1152K(1536K)->1631K(2048K)
[111.778s][info][gc,heap        ] GC(223) ParOldGen: 413946K(414208K)->413962K(414208K)
[111.778s][info][gc,metaspace   ] GC(223) Metaspace: 56104K(56448K)->56104K(56448K) NonClass: 47824K(48064K)->47824K(48064K) Class: 8279K(8384K)->8279K(8384K)
[111.778s][info][gc             ] GC(223) Pause Young (Allocation Failure) 607M->405M(601M) 3.806ms
[111.778s][info][gc,cpu         ] GC(223) User=0.01s Sys=0.00s Real=0.01s
[113.117s][info][gc,start       ] GC(224) Pause Young (Allocation Failure)
[113.164s][info][gc,heap        ] GC(224) PSYoungGen: 197165K(201728K)->64K(240128K) Eden: 195534K(199680K)->0K(239616K) From: 1631K(2048K)->64K(512K)
[113.164s][info][gc,heap        ] GC(224) ParOldGen: 413962K(414208K)->453040K(453632K)
[113.164s][info][gc,metaspace   ] GC(224) Metaspace: 56112K(56448K)->56112K(56448K) NonClass: 47831K(48064K)->47831K(48064K) Class: 8280K(8384K)->8280K(8384K)
[113.165s][info][gc             ] GC(224) Pause Young (Allocation Failure) 596M->442M(677M) 47.314ms
[113.165s][info][gc,cpu         ] GC(224) User=0.06s Sys=0.02s Real=0.04s
[114.995s][info][gc,start       ] GC(225) Pause Young (Allocation Failure)
[115.039s][info][gc,heap        ] GC(225) PSYoungGen: 239397K(240128K)->3064K(223232K) Eden: 239333K(239616K)->0K(220160K) From: 64K(512K)->3064K(3072K)
[115.039s][info][gc,heap        ] GC(225) ParOldGen: 453040K(453632K)->511821K(512000K)
[115.039s][info][gc,metaspace   ] GC(225) Metaspace: 56378K(56704K)->56378K(56704K) NonClass: 48096K(48320K)->48096K(48320K) Class: 8281K(8384K)->8281K(8384K)
[115.039s][info][gc             ] GC(225) Pause Young (Allocation Failure) 676M->502M(718M) 43.774ms
[115.039s][info][gc,cpu         ] GC(225) User=0.05s Sys=0.04s Real=0.05s
[115.555s][info][gc,start       ] GC(226) Pause Young (Allocation Failure)
[115.561s][info][gc,heap        ] GC(226) PSYoungGen: 223224K(223232K)->575K(245760K) Eden: 220160K(220160K)->0K(220160K) From: 3064K(3072K)->575K(25600K)
[115.561s][info][gc,heap        ] GC(226) ParOldGen: 511821K(512000K)->514893K(515072K)
[115.561s][info][gc,metaspace   ] GC(226) Metaspace: 56378K(56704K)->56378K(56704K) NonClass: 48096K(48320K)->48096K(48320K) Class: 8281K(8384K)->8281K(8384K)
[115.561s][info][gc             ] GC(226) Pause Young (Allocation Failure) 717M->503M(743M) 5.587ms
[115.561s][info][gc,cpu         ] GC(226) User=0.01s Sys=0.00s Real=0.01s
[116.073s][info][gc,start       ] GC(227) Pause Young (Allocation Failure)
[116.079s][info][gc,heap        ] GC(227) PSYoungGen: 220735K(245760K)->2079K(287232K) Eden: 220160K(220160K)->0K(264192K) From: 575K(25600K)->2079K(23040K)
[116.079s][info][gc,heap        ] GC(227) ParOldGen: 514893K(515072K)->515260K(515584K)
[116.079s][info][gc,metaspace   ] GC(227) Metaspace: 56378K(56704K)->56378K(56704K) NonClass: 48096K(48320K)->48096K(48320K) Class: 8281K(8384K)->8281K(8384K)
[116.079s][info][gc             ] GC(227) Pause Young (Allocation Failure) 718M->505M(784M) 5.753ms
[116.079s][info][gc,cpu         ] GC(227) User=0.01s Sys=0.00s Real=0.01s
[116.705s][info][gc,start       ] GC(228) Pause Young (Allocation Failure)
[116.710s][info][gc,heap        ] GC(228) PSYoungGen: 266196K(287232K)->1632K(288256K) Eden: 264116K(264192K)->0K(264192K) From: 2079K(23040K)->1632K(24064K)
[116.710s][info][gc,heap        ] GC(228) ParOldGen: 515260K(515584K)->515276K(515584K)
[116.710s][info][gc,metaspace   ] GC(228) Metaspace: 56378K(56704K)->56378K(56704K) NonClass: 48096K(48320K)->48096K(48320K) Class: 8281K(8384K)->8281K(8384K)
[116.710s][info][gc             ] GC(228) Pause Young (Allocation Failure) 763M->504M(785M) 4.956ms
[116.710s][info][gc,cpu         ] GC(228) User=0.01s Sys=0.00s Real=0.01s
[117.362s][info][gc,start       ] GC(229) Pause Young (Allocation Failure)
[117.365s][info][gc,heap        ] GC(229) PSYoungGen: 265824K(288256K)->658K(307712K) Eden: 264192K(264192K)->0K(286720K) From: 1632K(24064K)->658K(20992K)
[117.365s][info][gc,heap        ] GC(229) ParOldGen: 515276K(515584K)->515292K(515584K)
[117.365s][info][gc,metaspace   ] GC(229) Metaspace: 56378K(56704K)->56378K(56704K) NonClass: 48096K(48320K)->48096K(48320K) Class: 8281K(8384K)->8281K(8384K)
[117.365s][info][gc             ] GC(229) Pause Young (Allocation Failure) 762M->503M(804M) 3.152ms
[117.365s][info][gc,cpu         ] GC(229) User=0.00s Sys=0.00s Real=0.00s
[118.082s][info][gc,start       ] GC(230) Pause Young (Allocation Failure)
[118.084s][info][gc,heap        ] GC(230) PSYoungGen: 287378K(307712K)->352K(275968K) Eden: 286720K(286720K)->0K(275456K) From: 658K(20992K)->352K(512K)
[118.084s][info][gc,heap        ] GC(230) ParOldGen: 515292K(515584K)->515308K(515584K)
[118.084s][info][gc,metaspace   ] GC(230) Metaspace: 56378K(56704K)->56378K(56704K) NonClass: 48096K(48320K)->48096K(48320K) Class: 8281K(8384K)->8281K(8384K)
[118.084s][info][gc             ] GC(230) Pause Young (Allocation Failure) 783M->503M(773M) 2.610ms
[118.084s][info][gc,cpu         ] GC(230) User=0.01s Sys=0.00s Real=0.00s
[118.704s][info][gc,start       ] GC(231) Pause Young (Allocation Failure)
[118.707s][info][gc,heap        ] GC(231) PSYoungGen: 275808K(275968K)->927K(273408K) Eden: 275456K(275456K)->0K(264704K) From: 352K(512K)->927K(8704K)
[118.707s][info][gc,heap        ] GC(231) ParOldGen: 515308K(515584K)->515324K(515584K)
[118.707s][info][gc,metaspace   ] GC(231) Metaspace: 56378K(56704K)->56378K(56704K) NonClass: 48096K(48320K)->48096K(48320K) Class: 8281K(8384K)->8281K(8384K)
[118.707s][info][gc             ] GC(231) Pause Young (Allocation Failure) 772M->504M(770M) 3.418ms
[118.707s][info][gc,cpu         ] GC(231) User=0.00s Sys=0.00s Real=0.01s
[119.373s][info][gc,start       ] GC(232) Pause Young (Allocation Failure)
[119.377s][info][gc,heap        ] GC(232) PSYoungGen: 265631K(273408K)->1407K(256000K) Eden: 264704K(264704K)->0K(254464K) From: 927K(8704K)->1407K(1536K)
[119.377s][info][gc,heap        ] GC(232) ParOldGen: 515324K(515584K)->515340K(515584K)
[119.377s][info][gc,metaspace   ] GC(232) Metaspace: 56378K(56704K)->56378K(56704K) NonClass: 48096K(48320K)->48096K(48320K) Class: 8281K(8384K)->8281K(8384K)
[119.377s][info][gc             ] GC(232) Pause Young (Allocation Failure) 762M->504M(753M) 3.719ms
[119.377s][info][gc,cpu         ] GC(232) User=0.01s Sys=0.00s Real=0.01s
[119.982s][info][gc,start       ] GC(233) Pause Young (Allocation Failure)
[119.987s][info][gc,heap        ] GC(233) PSYoungGen: 255871K(256000K)->1983K(247296K) Eden: 254464K(254464K)->0K(244736K) From: 1407K(1536K)->1983K(2560K)
[119.987s][info][gc,heap        ] GC(233) ParOldGen: 515340K(515584K)->515356K(515584K)
[119.987s][info][gc,metaspace   ] GC(233) Metaspace: 56378K(56704K)->56378K(56704K) NonClass: 48096K(48320K)->48096K(48320K) Class: 8281K(8384K)->8281K(8384K)
[119.987s][info][gc             ] GC(233) Pause Young (Allocation Failure) 753M->505M(745M) 5.014ms
[119.987s][info][gc,cpu         ] GC(233) User=0.01s Sys=0.00s Real=0.01s
[120.608s][info][gc,start       ] GC(234) Pause Young (Allocation Failure)
[120.617s][info][gc,heap        ] GC(234) PSYoungGen: 246719K(247296K)->4575K(240128K) Eden: 244736K(244736K)->0K(235520K) From: 1983K(2560K)->4575K(4608K)
[120.617s][info][gc,heap        ] GC(234) ParOldGen: 515356K(515584K)->515372K(515584K)
[120.617s][info][gc,metaspace   ] GC(234) Metaspace: 56378K(56704K)->56378K(56704K) NonClass: 48096K(48320K)->48096K(48320K) Class: 8281K(8384K)->8281K(8384K)
[120.617s][info][gc             ] GC(234) Pause Young (Allocation Failure) 744M->507M(738M) 8.268ms
[120.617s][info][gc,cpu         ] GC(234) User=0.02s Sys=0.00s Real=0.01s
[121.161s][info][gc,start       ] GC(235) Pause Young (Allocation Failure)
[121.165s][info][gc,heap        ] GC(235) PSYoungGen: 240095K(240128K)->1005K(227840K) Eden: 235520K(235520K)->0K(226816K) From: 4575K(4608K)->1005K(1024K)
[121.165s][info][gc,heap        ] GC(235) ParOldGen: 515372K(515584K)->515388K(515584K)
[121.165s][info][gc,metaspace   ] GC(235) Metaspace: 56378K(56704K)->56378K(56704K) NonClass: 48096K(48320K)->48096K(48320K) Class: 8281K(8384K)->8281K(8384K)
[121.165s][info][gc             ] GC(235) Pause Young (Allocation Failure) 737M->504M(726M) 4.294ms
[121.165s][info][gc,cpu         ] GC(235) User=0.00s Sys=0.00s Real=0.00s
[121.708s][info][gc,start       ] GC(236) Pause Young (Allocation Failure)
[121.714s][info][gc,heap        ] GC(236) PSYoungGen: 227821K(227840K)->3103K(234496K) Eden: 226816K(226816K)->0K(218112K) From: 1005K(1024K)->3103K(16384K)
[121.714s][info][gc,heap        ] GC(236) ParOldGen: 515388K(515584K)->515404K(515584K)
[121.714s][info][gc,metaspace   ] GC(236) Metaspace: 56378K(56704K)->56378K(56704K) NonClass: 48096K(48320K)->48096K(48320K) Class: 8281K(8384K)->8281K(8384K)
[121.714s][info][gc             ] GC(236) Pause Young (Allocation Failure) 725M->506M(732M) 6.143ms
[121.714s][info][gc,cpu         ] GC(236) User=0.01s Sys=0.00s Real=0.00s
[122.205s][info][gc,start       ] GC(237) Pause Young (Allocation Failure)
[122.209s][info][gc,heap        ] GC(237) PSYoungGen: 221215K(234496K)->1343K(211456K) Eden: 218111K(218112K)->0K(209920K) From: 3103K(16384K)->1343K(1536K)
[122.209s][info][gc,heap        ] GC(237) ParOldGen: 515404K(515584K)->515420K(515584K)
[122.209s][info][gc,metaspace   ] GC(237) Metaspace: 56378K(56704K)->56378K(56704K) NonClass: 48096K(48320K)->48096K(48320K) Class: 8281K(8384K)->8281K(8384K)
[122.209s][info][gc             ] GC(237) Pause Young (Allocation Failure) 719M->504M(710M) 4.404ms
[122.209s][info][gc,cpu         ] GC(237) User=0.01s Sys=0.00s Real=0.01s
[122.756s][info][gc,start       ] GC(238) Pause Young (Allocation Failure)
[122.758s][info][gc,heap        ] GC(238) PSYoungGen: 211263K(211456K)->327K(202752K) Eden: 209920K(209920K)->0K(202240K) From: 1343K(1536K)->327K(512K)
[122.758s][info][gc,heap        ] GC(238) ParOldGen: 515420K(515584K)->515436K(515584K)
[122.758s][info][gc,metaspace   ] GC(238) Metaspace: 56378K(56704K)->56378K(56704K) NonClass: 48096K(48320K)->48096K(48320K) Class: 8281K(8384K)->8281K(8384K)
[122.758s][info][gc             ] GC(238) Pause Young (Allocation Failure) 709M->503M(701M) 2.420ms
[122.758s][info][gc,cpu         ] GC(238) User=0.01s Sys=0.00s Real=0.01s
[123.208s][info][gc,start       ] GC(239) Pause Young (Allocation Failure)
[123.212s][info][gc,heap        ] GC(239) PSYoungGen: 202567K(202752K)->927K(196096K) Eden: 202240K(202240K)->0K(195072K) From: 327K(512K)->927K(1024K)
[123.212s][info][gc,heap        ] GC(239) ParOldGen: 515436K(515584K)->515452K(515584K)
[123.212s][info][gc,metaspace   ] GC(239) Metaspace: 56378K(56704K)->56378K(56704K) NonClass: 48096K(48320K)->48096K(48320K) Class: 8281K(8384K)->8281K(8384K)
[123.212s][info][gc             ] GC(239) Pause Young (Allocation Failure) 701M->504M(695M) 3.843ms
[123.212s][info][gc,cpu         ] GC(239) User=0.01s Sys=0.01s Real=0.00s
[123.688s][info][gc,start       ] GC(240) Pause Young (Allocation Failure)
[123.693s][info][gc,heap        ] GC(240) PSYoungGen: 195999K(196096K)->1952K(201216K) Eden: 195072K(195072K)->0K(187904K) From: 927K(1024K)->1952K(13312K)
[123.693s][info][gc,heap        ] GC(240) ParOldGen: 515452K(515584K)->515468K(515584K)
[123.693s][info][gc,metaspace   ] GC(240) Metaspace: 56378K(56704K)->56378K(56704K) NonClass: 48096K(48320K)->48096K(48320K) Class: 8281K(8384K)->8281K(8384K)
[123.693s][info][gc             ] GC(240) Pause Young (Allocation Failure) 694M->505M(700M) 4.630ms
[123.693s][info][gc,cpu         ] GC(240) User=0.01s Sys=0.00s Real=0.00s
[124.165s][info][gc,start       ] GC(241) Pause Young (Allocation Failure)
[124.169s][info][gc,heap        ] GC(241) PSYoungGen: 189856K(201216K)->1215K(182784K) Eden: 187904K(187904K)->0K(181248K) From: 1952K(13312K)->1215K(1536K)
[124.169s][info][gc,heap        ] GC(241) ParOldGen: 515468K(515584K)->515484K(515584K)
[124.169s][info][gc,metaspace   ] GC(241) Metaspace: 56378K(56704K)->56378K(56704K) NonClass: 48096K(48320K)->48096K(48320K) Class: 8281K(8384K)->8281K(8384K)
[124.169s][info][gc             ] GC(241) Pause Young (Allocation Failure) 688M->504M(682M) 4.023ms
[124.169s][info][gc,cpu         ] GC(241) User=0.01s Sys=0.00s Real=0.01s
[124.581s][info][gc,start       ] GC(242) Pause Young (Allocation Failure)
[124.586s][info][gc,heap        ] GC(242) PSYoungGen: 182191K(182784K)->2240K(186880K) Eden: 180976K(181248K)->0K(175104K) From: 1215K(1536K)->2240K(11776K)
[124.586s][info][gc,heap        ] GC(242) ParOldGen: 515484K(515584K)->515500K(515584K)
[124.586s][info][gc,metaspace   ] GC(242) Metaspace: 56378K(56704K)->56378K(56704K) NonClass: 48096K(48320K)->48096K(48320K) Class: 8281K(8384K)->8281K(8384K)
[124.586s][info][gc             ] GC(242) Pause Young (Allocation Failure) 681M->505M(686M) 5.192ms
[124.586s][info][gc,cpu         ] GC(242) User=0.01s Sys=0.00s Real=0.01s
[124.997s][info][gc,start       ] GC(243) Pause Young (Allocation Failure)
[125.000s][info][gc,heap        ] GC(243) PSYoungGen: 177190K(186880K)->576K(169984K) Eden: 174950K(175104K)->0K(168960K) From: 2240K(11776K)->576K(1024K)
[125.000s][info][gc,heap        ] GC(243) ParOldGen: 515500K(515584K)->515516K(515584K)
[125.000s][info][gc,metaspace   ] GC(243) Metaspace: 56378K(56704K)->56378K(56704K) NonClass: 48096K(48320K)->48096K(48320K) Class: 8281K(8384K)->8281K(8384K)
[125.000s][info][gc             ] GC(243) Pause Young (Allocation Failure) 676M->503M(669M) 3.571ms
[125.000s][info][gc,cpu         ] GC(243) User=0.01s Sys=0.00s Real=0.00s
[125.458s][info][gc,start       ] GC(244) Pause Young (Allocation Failure)
[125.461s][info][gc,heap        ] GC(244) PSYoungGen: 169536K(169984K)->543K(173568K) Eden: 168960K(168960K)->0K(163328K) From: 576K(1024K)->543K(10240K)
[125.461s][info][gc,heap        ] GC(244) ParOldGen: 515516K(515584K)->515532K(515584K)
[125.461s][info][gc,metaspace   ] GC(244) Metaspace: 56382K(56704K)->56382K(56704K) NonClass: 48100K(48320K)->48100K(48320K) Class: 8281K(8384K)->8281K(8384K)
[125.461s][info][gc             ] GC(244) Pause Young (Allocation Failure) 668M->503M(673M) 2.325ms
[125.461s][info][gc,cpu         ] GC(244) User=0.01s Sys=0.00s Real=0.00s
[125.856s][info][gc,start       ] GC(245) Pause Young (Allocation Failure)
[125.859s][info][gc,heap        ] GC(245) PSYoungGen: 163871K(173568K)->404K(158208K) Eden: 163328K(163328K)->0K(157696K) From: 543K(10240K)->404K(512K)
[125.859s][info][gc,heap        ] GC(245) ParOldGen: 515532K(515584K)->515548K(515584K)
[125.859s][info][gc,metaspace   ] GC(245) Metaspace: 56387K(56704K)->56387K(56704K) NonClass: 48105K(48320K)->48105K(48320K) Class: 8281K(8384K)->8281K(8384K)
[125.859s][info][gc             ] GC(245) Pause Young (Allocation Failure) 663M->503M(658M) 3.049ms
[125.859s][info][gc,cpu         ] GC(245) User=0.00s Sys=0.00s Real=0.00s
[126.191s][info][gc,start       ] GC(246) Pause Young (Allocation Failure)
[126.194s][info][gc,heap        ] GC(246) PSYoungGen: 157804K(158208K)->1152K(161792K) Eden: 157399K(157696K)->0K(152576K) From: 404K(512K)->1152K(9216K)
[126.194s][info][gc,heap        ] GC(246) ParOldGen: 515548K(515584K)->515564K(515584K)
[126.194s][info][gc,metaspace   ] GC(246) Metaspace: 56387K(56704K)->56387K(56704K) NonClass: 48105K(48320K)->48105K(48320K) Class: 8281K(8384K)->8281K(8384K)
[126.194s][info][gc             ] GC(246) Pause Young (Allocation Failure) 657M->504M(661M) 3.331ms
[126.194s][info][gc,cpu         ] GC(246) User=0.01s Sys=0.00s Real=0.00s
[126.583s][info][gc,start       ] GC(247) Pause Young (Allocation Failure)
[126.588s][info][gc,heap        ] GC(247) PSYoungGen: 153728K(161792K)->2367K(150016K) Eden: 152576K(152576K)->0K(147456K) From: 1152K(9216K)->2367K(2560K)
[126.588s][info][gc,heap        ] GC(247) ParOldGen: 515564K(515584K)->515580K(515584K)
[126.588s][info][gc,metaspace   ] GC(247) Metaspace: 56387K(56704K)->56387K(56704K) NonClass: 48105K(48320K)->48105K(48320K) Class: 8281K(8384K)->8281K(8384K)
[126.588s][info][gc             ] GC(247) Pause Young (Allocation Failure) 653M->505M(650M) 5.159ms
[126.588s][info][gc,cpu         ] GC(247) User=0.01s Sys=0.00s Real=0.01s
[126.963s][info][gc,start       ] GC(248) Pause Young (Allocation Failure)
[126.966s][info][gc,heap        ] GC(248) PSYoungGen: 149823K(150016K)->1040K(144384K) Eden: 147456K(147456K)->0K(142848K) From: 2367K(2560K)->1040K(1536K)
[126.966s][info][gc,heap        ] GC(248) ParOldGen: 515580K(515584K)->515596K(516096K)
[126.966s][info][gc,metaspace   ] GC(248) Metaspace: 56387K(56704K)->56387K(56704K) NonClass: 48105K(48320K)->48105K(48320K) Class: 8281K(8384K)->8281K(8384K)
[126.966s][info][gc             ] GC(248) Pause Young (Allocation Failure) 649M->504M(645M) 3.370ms
[126.966s][info][gc,cpu         ] GC(248) User=0.01s Sys=0.00s Real=0.01s
[127.283s][info][gc,start       ] GC(249) Pause Young (Allocation Failure)
[127.288s][info][gc,heap        ] GC(249) PSYoungGen: 143888K(144384K)->2304K(174080K) Eden: 142848K(142848K)->0K(171520K) From: 1040K(1536K)->2304K(2560K)
[127.288s][info][gc,heap        ] GC(249) ParOldGen: 515596K(516096K)->515612K(516096K)
[127.288s][info][gc,metaspace   ] GC(249) Metaspace: 56387K(56704K)->56387K(56704K) NonClass: 48105K(48320K)->48105K(48320K) Class: 8281K(8384K)->8281K(8384K)
[127.288s][info][gc             ] GC(249) Pause Young (Allocation Failure) 644M->505M(674M) 5.475ms
[127.288s][info][gc,cpu         ] GC(249) User=0.01s Sys=0.00s Real=0.01s
[127.695s][info][gc,start       ] GC(250) Pause Young (Allocation Failure)
[127.699s][info][gc,heap        ] GC(250) PSYoungGen: 173735K(174080K)->1887K(167424K) Eden: 171431K(171520K)->0K(165376K) From: 2304K(2560K)->1887K(2048K)
[127.699s][info][gc,heap        ] GC(250) ParOldGen: 515612K(516096K)->515628K(516096K)
[127.699s][info][gc,metaspace   ] GC(250) Metaspace: 56387K(56704K)->56387K(56704K) NonClass: 48105K(48320K)->48105K(48320K) Class: 8281K(8384K)->8281K(8384K)
[127.699s][info][gc             ] GC(250) Pause Young (Allocation Failure) 673M->505M(667M) 4.366ms
[127.699s][info][gc,cpu         ] GC(250) User=0.01s Sys=0.00s Real=0.01s
[128.102s][info][gc,start       ] GC(251) Pause Young (Allocation Failure)
[128.106s][info][gc,heap        ] GC(251) PSYoungGen: 167263K(167424K)->1695K(161792K) Eden: 165376K(165376K)->0K(159744K) From: 1887K(2048K)->1695K(2048K)
[128.107s][info][gc,heap        ] GC(251) ParOldGen: 515628K(516096K)->515644K(516096K)
[128.107s][info][gc,metaspace   ] GC(251) Metaspace: 56387K(56704K)->56387K(56704K) NonClass: 48105K(48320K)->48105K(48320K) Class: 8281K(8384K)->8281K(8384K)
[128.107s][info][gc             ] GC(251) Pause Young (Allocation Failure) 666M->505M(662M) 4.381ms
[128.107s][info][gc,cpu         ] GC(251) User=0.01s Sys=0.00s Real=0.01s
[128.490s][info][gc,start       ] GC(252) Pause Young (Allocation Failure)
[128.495s][info][gc,heap        ] GC(252) PSYoungGen: 161274K(161792K)->2208K(176128K) Eden: 159579K(159744K)->0K(169472K) From: 1695K(2048K)->2208K(6656K)
[128.495s][info][gc,heap        ] GC(252) ParOldGen: 515644K(516096K)->515660K(516096K)
[128.495s][info][gc,metaspace   ] GC(252) Metaspace: 56387K(56704K)->56387K(56704K) NonClass: 48105K(48320K)->48105K(48320K) Class: 8281K(8384K)->8281K(8384K)
[128.495s][info][gc             ] GC(252) Pause Young (Allocation Failure) 661M->505M(676M) 5.077ms
[128.495s][info][gc,cpu         ] GC(252) User=0.01s Sys=0.00s Real=0.00s
[128.900s][info][gc,start       ] GC(253) Pause Young (Allocation Failure)
[128.904s][info][gc,heap        ] GC(253) PSYoungGen: 171680K(176128K)->1312K(198144K) Eden: 169472K(169472K)->0K(192000K) From: 2208K(6656K)->1312K(6144K)
[128.904s][info][gc,heap        ] GC(253) ParOldGen: 515660K(516096K)->515676K(516096K)
[128.904s][info][gc,metaspace   ] GC(253) Metaspace: 56387K(56704K)->56387K(56704K) NonClass: 48105K(48320K)->48105K(48320K) Class: 8281K(8384K)->8281K(8384K)
[128.904s][info][gc             ] GC(253) Pause Young (Allocation Failure) 671M->504M(697M) 4.364ms
[128.904s][info][gc,cpu         ] GC(253) User=0.01s Sys=0.00s Real=0.00s
[129.385s][info][gc,start       ] GC(254) Pause Young (Allocation Failure)
[129.390s][info][gc,heap        ] GC(254) PSYoungGen: 193312K(198144K)->1951K(198144K) Eden: 192000K(192000K)->0K(192000K) From: 1312K(6144K)->1951K(6144K)
[129.390s][info][gc,heap        ] GC(254) ParOldGen: 515676K(516096K)->515692K(516096K)
[129.390s][info][gc,metaspace   ] GC(254) Metaspace: 56387K(56704K)->56387K(56704K) NonClass: 48105K(48320K)->48105K(48320K) Class: 8281K(8384K)->8281K(8384K)
[129.390s][info][gc             ] GC(254) Pause Young (Allocation Failure) 692M->505M(697M) 5.051ms
[129.390s][info][gc,cpu         ] GC(254) User=0.00s Sys=0.00s Real=0.01s
[129.867s][info][gc,start       ] GC(255) Pause Young (Allocation Failure)
[129.871s][info][gc,heap        ] GC(255) PSYoungGen: 193951K(198144K)->1215K(186880K) Eden: 192000K(192000K)->0K(185344K) From: 1951K(6144K)->1215K(1536K)
[129.871s][info][gc,heap        ] GC(255) ParOldGen: 515692K(516096K)->515708K(516096K)
[129.871s][info][gc,metaspace   ] GC(255) Metaspace: 56387K(56704K)->56387K(56704K) NonClass: 48105K(48320K)->48105K(48320K) Class: 8281K(8384K)->8281K(8384K)
[129.871s][info][gc             ] GC(255) Pause Young (Allocation Failure) 693M->504M(686M) 3.875ms
[129.871s][info][gc,cpu         ] GC(255) User=0.01s Sys=0.00s Real=0.00s
[130.347s][info][gc,start       ] GC(256) Pause Young (Allocation Failure)
[130.350s][info][gc,heap        ] GC(256) PSYoungGen: 186559K(186880K)->640K(179712K) Eden: 185344K(185344K)->0K(178688K) From: 1215K(1536K)->640K(1024K)
[130.350s][info][gc,heap        ] GC(256) ParOldGen: 515708K(516096K)->515724K(516096K)
[130.350s][info][gc,metaspace   ] GC(256) Metaspace: 56387K(56704K)->56387K(56704K) NonClass: 48105K(48320K)->48105K(48320K) Class: 8281K(8384K)->8281K(8384K)
[130.350s][info][gc             ] GC(256) Pause Young (Allocation Failure) 685M->504M(679M) 3.169ms
[130.350s][info][gc,cpu         ] GC(256) User=0.01s Sys=0.00s Real=0.00s
[130.760s][info][gc,start       ] GC(257) Pause Young (Allocation Failure)
[130.763s][info][gc,heap        ] GC(257) PSYoungGen: 179328K(179712K)->617K(173568K) Eden: 178688K(178688K)->0K(172544K) From: 640K(1024K)->617K(1024K)
[130.763s][info][gc,heap        ] GC(257) ParOldGen: 515724K(516096K)->515740K(516096K)
[130.763s][info][gc,metaspace   ] GC(257) Metaspace: 56387K(56704K)->56387K(56704K) NonClass: 48105K(48320K)->48105K(48320K) Class: 8281K(8384K)->8281K(8384K)
[130.763s][info][gc             ] GC(257) Pause Young (Allocation Failure) 678M->504M(673M) 3.174ms
[130.763s][info][gc,cpu         ] GC(257) User=0.01s Sys=0.00s Real=0.00s
[131.186s][info][gc,start       ] GC(258) Pause Young (Allocation Failure)
[131.219s][info][gc,heap        ] GC(258) PSYoungGen: 173161K(173568K)->2207K(209920K) Eden: 172544K(172544K)->0K(207360K) From: 617K(1024K)->2207K(2560K)
[131.219s][info][gc,heap        ] GC(258) ParOldGen: 515740K(516096K)->515756K(516096K)
[131.219s][info][gc,metaspace   ] GC(258) Metaspace: 56387K(56704K)->56387K(56704K) NonClass: 48105K(48320K)->48105K(48320K) Class: 8281K(8384K)->8281K(8384K)
[131.219s][info][gc             ] GC(258) Pause Young (Allocation Failure) 672M->505M(709M) 33.007ms
[131.219s][info][gc,cpu         ] GC(258) User=0.03s Sys=0.01s Real=0.03s
[131.680s][info][gc,start       ] GC(259) Pause Young (Allocation Failure)
[131.685s][info][gc,heap        ] GC(259) PSYoungGen: 209567K(209920K)->1471K(227328K) Eden: 207360K(207360K)->0K(222208K) From: 2207K(2560K)->1471K(5120K)
[131.685s][info][gc,heap        ] GC(259) ParOldGen: 515756K(516096K)->515772K(516096K)
[131.685s][info][gc,metaspace   ] GC(259) Metaspace: 56387K(56704K)->56387K(56704K) NonClass: 48105K(48320K)->48105K(48320K) Class: 8281K(8384K)->8281K(8384K)
[131.685s][info][gc             ] GC(259) Pause Young (Allocation Failure) 708M->505M(726M) 4.872ms
[131.685s][info][gc,cpu         ] GC(259) User=0.01s Sys=0.00s Real=0.00s
[132.223s][info][gc,start       ] GC(260) Pause Young (Allocation Failure)
[132.238s][info][gc,heap        ] GC(260) PSYoungGen: 223679K(227328K)->1759K(226816K) Eden: 222208K(222208K)->0K(222208K) From: 1471K(5120K)->1759K(4608K)
[132.238s][info][gc,heap        ] GC(260) ParOldGen: 515772K(516096K)->515788K(516096K)
[132.238s][info][gc,metaspace   ] GC(260) Metaspace: 56387K(56704K)->56387K(56704K) NonClass: 48105K(48320K)->48105K(48320K) Class: 8281K(8384K)->8281K(8384K)
[132.238s][info][gc             ] GC(260) Pause Young (Allocation Failure) 722M->505M(725M) 15.300ms
[132.238s][info][gc,cpu         ] GC(260) User=0.01s Sys=0.00s Real=0.02s
[132.771s][info][gc,start       ] GC(261) Pause Young (Allocation Failure)
[132.778s][info][gc,heap        ] GC(261) PSYoungGen: 223967K(226816K)->1344K(270336K) Eden: 222208K(222208K)->0K(266752K) From: 1759K(4608K)->1344K(3584K)
[132.778s][info][gc,heap        ] GC(261) ParOldGen: 515788K(516096K)->515804K(516096K)
[132.778s][info][gc,metaspace   ] GC(261) Metaspace: 56387K(56704K)->56387K(56704K) NonClass: 48105K(48320K)->48105K(48320K) Class: 8281K(8384K)->8281K(8384K)
[132.778s][info][gc             ] GC(261) Pause Young (Allocation Failure) 722M->505M(768M) 6.716ms
[132.778s][info][gc,cpu         ] GC(261) User=0.00s Sys=0.00s Real=0.01s
[133.537s][info][gc,start       ] GC(262) Pause Young (Allocation Failure)
[133.555s][info][gc,heap        ] GC(262) PSYoungGen: 268096K(270336K)->2400K(270848K) Eden: 266752K(266752K)->0K(266752K) From: 1344K(3584K)->2400K(4096K)
[133.555s][info][gc,heap        ] GC(262) ParOldGen: 515804K(516096K)->515820K(516096K)
[133.555s][info][gc,metaspace   ] GC(262) Metaspace: 56387K(56704K)->56387K(56704K) NonClass: 48105K(48320K)->48105K(48320K) Class: 8281K(8384K)->8281K(8384K)
[133.555s][info][gc             ] GC(262) Pause Young (Allocation Failure) 765M->506M(768M) 18.404ms
[133.559s][info][gc,cpu         ] GC(262) User=0.01s Sys=0.00s Real=0.02s
[134.170s][info][gc,start       ] GC(263) Pause Young (Allocation Failure)
[134.176s][info][gc,heap        ] GC(263) PSYoungGen: 269152K(270848K)->1440K(324608K) Eden: 266752K(266752K)->0K(320512K) From: 2400K(4096K)->1440K(4096K)
[134.176s][info][gc,heap        ] GC(263) ParOldGen: 515820K(516096K)->515836K(516096K)
[134.176s][info][gc,metaspace   ] GC(263) Metaspace: 56387K(56704K)->56387K(56704K) NonClass: 48105K(48320K)->48105K(48320K) Class: 8281K(8384K)->8281K(8384K)
[134.176s][info][gc             ] GC(263) Pause Young (Allocation Failure) 766M->505M(821M) 5.300ms
[134.176s][info][gc,cpu         ] GC(263) User=0.01s Sys=0.00s Real=0.00s
[134.966s][info][gc,start       ] GC(264) Pause Young (Allocation Failure)
[134.972s][info][gc,heap        ] GC(264) PSYoungGen: 321839K(324608K)->608K(324608K) Eden: 320399K(320512K)->0K(320512K) From: 1440K(4096K)->608K(4096K)
[134.972s][info][gc,heap        ] GC(264) ParOldGen: 515836K(516096K)->515852K(516096K)
[134.972s][info][gc,metaspace   ] GC(264) Metaspace: 56387K(56704K)->56387K(56704K) NonClass: 48105K(48320K)->48105K(48320K) Class: 8281K(8384K)->8281K(8384K)
[134.972s][info][gc             ] GC(264) Pause Young (Allocation Failure) 818M->504M(821M) 5.913ms
[134.972s][info][gc,cpu         ] GC(264) User=0.01s Sys=0.00s Real=0.01s
[135.753s][info][gc,start       ] GC(265) Pause Young (Allocation Failure)
[135.758s][info][gc,heap        ] GC(265) PSYoungGen: 321120K(324608K)->1375K(329728K) Eden: 320512K(320512K)->0K(325632K) From: 608K(4096K)->1375K(4096K)
[135.758s][info][gc,heap        ] GC(265) ParOldGen: 515852K(516096K)->515868K(516096K)
[135.758s][info][gc,metaspace   ] GC(265) Metaspace: 56387K(56704K)->56387K(56704K) NonClass: 48105K(48320K)->48105K(48320K) Class: 8281K(8384K)->8281K(8384K)
[135.758s][info][gc             ] GC(265) Pause Young (Allocation Failure) 817M->505M(826M) 4.527ms
[135.758s][info][gc,cpu         ] GC(265) User=0.01s Sys=0.00s Real=0.01s
[136.505s][info][gc,start       ] GC(266) Pause Young (Allocation Failure)
[136.509s][info][gc,heap        ] GC(266) PSYoungGen: 326982K(329728K)->1408K(327168K) Eden: 325606K(325632K)->0K(325632K) From: 1375K(4096K)->1408K(1536K)
[136.509s][info][gc,heap        ] GC(266) ParOldGen: 515868K(516096K)->515884K(516096K)
[136.509s][info][gc,metaspace   ] GC(266) Metaspace: 56387K(56704K)->56387K(56704K) NonClass: 48105K(48320K)->48105K(48320K) Class: 8281K(8384K)->8281K(8384K)
[136.509s][info][gc             ] GC(266) Pause Young (Allocation Failure) 823M->505M(823M) 4.493ms
[136.509s][info][gc,cpu         ] GC(266) User=0.00s Sys=0.00s Real=0.01s
[137.297s][info][gc,start       ] GC(267) Pause Young (Allocation Failure)
[137.302s][info][gc,heap        ] GC(267) PSYoungGen: 327040K(327168K)->1855K(314368K) Eden: 325632K(325632K)->0K(312320K) From: 1408K(1536K)->1855K(2048K)
[137.302s][info][gc,heap        ] GC(267) ParOldGen: 515884K(516096K)->515908K(516096K)
[137.302s][info][gc,metaspace   ] GC(267) Metaspace: 56387K(56704K)->56387K(56704K) NonClass: 48105K(48320K)->48105K(48320K) Class: 8281K(8384K)->8281K(8384K)
[137.302s][info][gc             ] GC(267) Pause Young (Allocation Failure) 823M->505M(811M) 4.557ms
[137.302s][info][gc,cpu         ] GC(267) User=0.01s Sys=0.00s Real=0.00s
[138.074s][info][gc,start       ] GC(268) Pause Young (Allocation Failure)
[138.078s][info][gc,heap        ] GC(268) PSYoungGen: 314175K(314368K)->1599K(301568K) Eden: 312320K(312320K)->0K(299520K) From: 1855K(2048K)->1599K(2048K)
[138.078s][info][gc,heap        ] GC(268) ParOldGen: 515908K(516096K)->515924K(516096K)
[138.078s][info][gc,metaspace   ] GC(268) Metaspace: 56387K(56704K)->56387K(56704K) NonClass: 48105K(48320K)->48105K(48320K) Class: 8281K(8384K)->8281K(8384K)
[138.078s][info][gc             ] GC(268) Pause Young (Allocation Failure) 810M->505M(798M) 4.002ms
[138.078s][info][gc,cpu         ] GC(268) User=0.01s Sys=0.00s Real=0.01s
[138.785s][info][gc,start       ] GC(269) Pause Young (Allocation Failure)
[138.791s][info][gc,heap        ] GC(269) PSYoungGen: 301119K(301568K)->2527K(290304K) Eden: 299520K(299520K)->0K(287744K) From: 1599K(2048K)->2527K(2560K)
[138.791s][info][gc,heap        ] GC(269) ParOldGen: 515924K(516096K)->515940K(516096K)
[138.791s][info][gc,metaspace   ] GC(269) Metaspace: 56387K(56704K)->56387K(56704K) NonClass: 48105K(48320K)->48105K(48320K) Class: 8281K(8384K)->8281K(8384K)
[138.791s][info][gc             ] GC(269) Pause Young (Allocation Failure) 797M->506M(787M) 5.801ms
[138.791s][info][gc,cpu         ] GC(269) User=0.01s Sys=0.00s Real=0.01s
[139.488s][info][gc,start       ] GC(270) Pause Young (Allocation Failure)
[139.493s][info][gc,heap        ] GC(270) PSYoungGen: 290271K(290304K)->2495K(279040K) Eden: 287744K(287744K)->0K(276480K) From: 2527K(2560K)->2495K(2560K)
[139.493s][info][gc,heap        ] GC(270) ParOldGen: 515940K(516096K)->515956K(516096K)
[139.493s][info][gc,metaspace   ] GC(270) Metaspace: 56388K(56704K)->56388K(56704K) NonClass: 48106K(48320K)->48106K(48320K) Class: 8281K(8384K)->8281K(8384K)
[139.493s][info][gc             ] GC(270) Pause Young (Allocation Failure) 787M->506M(776M) 5.306ms
[139.493s][info][gc,cpu         ] GC(270) User=0.01s Sys=0.00s Real=0.00s
[140.207s][info][gc,start       ] GC(271) Pause Young (Allocation Failure)
[140.221s][info][gc,heap        ] GC(271) PSYoungGen: 278975K(279040K)->2559K(322560K) Eden: 276480K(276480K)->0K(320000K) From: 2495K(2560K)->2559K(2560K)
[140.221s][info][gc,heap        ] GC(271) ParOldGen: 515956K(516096K)->516324K(516608K)
[140.221s][info][gc,metaspace   ] GC(271) Metaspace: 56388K(56704K)->56388K(56704K) NonClass: 48106K(48320K)->48106K(48320K) Class: 8281K(8384K)->8281K(8384K)
[140.221s][info][gc             ] GC(271) Pause Young (Allocation Failure) 776M->506M(819M) 13.902ms
[140.221s][info][gc,cpu         ] GC(271) User=0.01s Sys=0.00s Real=0.01s
[140.967s][info][gc,start       ] GC(272) Pause Young (Allocation Failure)
[140.973s][info][gc,heap        ] GC(272) PSYoungGen: 322470K(322560K)->1088K(324096K) Eden: 319910K(320000K)->0K(320000K) From: 2559K(2560K)->1088K(4096K)
[140.973s][info][gc,heap        ] GC(272) ParOldGen: 516324K(516608K)->518540K(518656K)
[140.973s][info][gc,metaspace   ] GC(272) Metaspace: 56388K(56704K)->56388K(56704K) NonClass: 48106K(48320K)->48106K(48320K) Class: 8281K(8384K)->8281K(8384K)
[140.973s][info][gc             ] GC(272) Pause Young (Allocation Failure) 819M->507M(823M) 6.526ms
[140.973s][info][gc,cpu         ] GC(272) User=0.01s Sys=0.00s Real=0.00s
[141.716s][info][gc,start       ] GC(273) Pause Young (Allocation Failure)
[141.719s][info][gc,heap        ] GC(273) PSYoungGen: 320943K(324096K)->320K(307712K) Eden: 319855K(320000K)->0K(307200K) From: 1088K(4096K)->320K(512K)
[141.719s][info][gc,heap        ] GC(273) ParOldGen: 518540K(518656K)->518820K(519168K)
[141.719s][info][gc,metaspace   ] GC(273) Metaspace: 56388K(56704K)->56388K(56704K) NonClass: 48106K(48320K)->48106K(48320K) Class: 8281K(8384K)->8281K(8384K)
[141.719s][info][gc             ] GC(273) Pause Young (Allocation Failure) 819M->506M(807M) 3.303ms
[141.719s][info][gc,cpu         ] GC(273) User=0.00s Sys=0.00s Real=0.01s
[142.480s][info][gc,start       ] GC(274) Pause Young (Allocation Failure)
[142.485s][info][gc,heap        ] GC(274) PSYoungGen: 307520K(307712K)->2176K(299008K) Eden: 307200K(307200K)->0K(294912K) From: 320K(512K)->2176K(4096K)
[142.485s][info][gc,heap        ] GC(274) ParOldGen: 518820K(519168K)->518844K(519168K)
[142.485s][info][gc,metaspace   ] GC(274) Metaspace: 56388K(56704K)->56388K(56704K) NonClass: 48106K(48320K)->48106K(48320K) Class: 8281K(8384K)->8281K(8384K)
[142.485s][info][gc             ] GC(274) Pause Young (Allocation Failure) 806M->508M(799M) 5.044ms
[142.485s][info][gc,cpu         ] GC(274) User=0.01s Sys=0.01s Real=0.00s
[143.191s][info][gc,start       ] GC(275) Pause Young (Allocation Failure)
[143.197s][info][gc,heap        ] GC(275) PSYoungGen: 297088K(299008K)->2208K(285696K) Eden: 294912K(294912K)->0K(283136K) From: 2176K(4096K)->2208K(2560K)
[143.197s][info][gc,heap        ] GC(275) ParOldGen: 518844K(519168K)->518868K(519168K)
[143.197s][info][gc,metaspace   ] GC(275) Metaspace: 56388K(56704K)->56388K(56704K) NonClass: 48106K(48320K)->48106K(48320K) Class: 8281K(8384K)->8281K(8384K)
[143.197s][info][gc             ] GC(275) Pause Young (Allocation Failure) 796M->508M(786M) 5.843ms
[143.197s][info][gc,cpu         ] GC(275) User=0.01s Sys=0.00s Real=0.01s
[143.890s][info][gc,start       ] GC(276) Pause Young (Allocation Failure)
[143.895s][info][gc,heap        ] GC(276) PSYoungGen: 285344K(285696K)->2336K(274432K) Eden: 283136K(283136K)->0K(271872K) From: 2208K(2560K)->2336K(2560K)
[143.895s][info][gc,heap        ] GC(276) ParOldGen: 518868K(519168K)->518884K(519168K)
[143.895s][info][gc,metaspace   ] GC(276) Metaspace: 56388K(56704K)->56388K(56704K) NonClass: 48106K(48320K)->48106K(48320K) Class: 8281K(8384K)->8281K(8384K)
[143.895s][info][gc             ] GC(276) Pause Young (Allocation Failure) 785M->509M(775M) 5.404ms
[143.895s][info][gc,cpu         ] GC(276) User=0.01s Sys=0.00s Real=0.00s
[144.670s][info][gc,start       ] GC(277) Pause Young (Allocation Failure)
[144.674s][info][gc,heap        ] GC(277) PSYoungGen: 274208K(274432K)->1407K(262656K) Eden: 271872K(271872K)->0K(261120K) From: 2336K(2560K)->1407K(1536K)
[144.674s][info][gc,heap        ] GC(277) ParOldGen: 518884K(519168K)->518900K(519168K)
[144.674s][info][gc,metaspace   ] GC(277) Metaspace: 56389K(56704K)->56389K(56704K) NonClass: 48107K(48320K)->48107K(48320K) Class: 8281K(8384K)->8281K(8384K)
[144.674s][info][gc             ] GC(277) Pause Young (Allocation Failure) 774M->508M(763M) 3.850ms
[144.674s][info][gc,cpu         ] GC(277) User=0.01s Sys=0.00s Real=0.00s
[145.284s][info][gc,start       ] GC(278) Pause Young (Allocation Failure)
[145.289s][info][gc,heap        ] GC(278) PSYoungGen: 262527K(262656K)->2367K(253440K) Eden: 261120K(261120K)->0K(250880K) From: 1407K(1536K)->2367K(2560K)
[145.289s][info][gc,heap        ] GC(278) ParOldGen: 518900K(519168K)->518924K(519168K)
[145.289s][info][gc,metaspace   ] GC(278) Metaspace: 56389K(56704K)->56389K(56704K) NonClass: 48107K(48320K)->48107K(48320K) Class: 8281K(8384K)->8281K(8384K)
[145.289s][info][gc             ] GC(278) Pause Young (Allocation Failure) 763M->509M(754M) 5.113ms
[145.289s][info][gc,cpu         ] GC(278) User=0.01s Sys=0.00s Real=0.01s
[145.899s][info][gc,start       ] GC(279) Pause Young (Allocation Failure)
[145.903s][info][gc,heap        ] GC(279) PSYoungGen: 253076K(253440K)->1728K(243200K) Eden: 250708K(250880K)->0K(241152K) From: 2367K(2560K)->1728K(2048K)
[145.903s][info][gc,heap        ] GC(279) ParOldGen: 518924K(519168K)->518940K(519168K)
[145.903s][info][gc,metaspace   ] GC(279) Metaspace: 56389K(56704K)->56389K(56704K) NonClass: 48107K(48320K)->48107K(48320K) Class: 8281K(8384K)->8281K(8384K)
[145.903s][info][gc             ] GC(279) Pause Young (Allocation Failure) 753M->508M(744M) 4.775ms
[145.903s][info][gc,cpu         ] GC(279) User=0.01s Sys=0.00s Real=0.00s
[146.489s][info][gc,start       ] GC(280) Pause Young (Allocation Failure)
[146.497s][info][gc,heap        ] GC(280) PSYoungGen: 242880K(243200K)->2368K(234496K) Eden: 241152K(241152K)->0K(231936K) From: 1728K(2048K)->2368K(2560K)
[146.497s][info][gc,heap        ] GC(280) ParOldGen: 518940K(519168K)->518956K(519168K)
[146.497s][info][gc,metaspace   ] GC(280) Metaspace: 56389K(56704K)->56389K(56704K) NonClass: 48107K(48320K)->48107K(48320K) Class: 8281K(8384K)->8281K(8384K)
[146.497s][info][gc             ] GC(280) Pause Young (Allocation Failure) 743M->509M(736M) 7.972ms
[146.497s][info][gc,cpu         ] GC(280) User=0.00s Sys=0.00s Real=0.01s
[147.075s][info][gc,start       ] GC(281) Pause Young (Allocation Failure)
[147.079s][info][gc,heap        ] GC(281) PSYoungGen: 234304K(234496K)->1791K(225280K) Eden: 231936K(231936K)->0K(223232K) From: 2368K(2560K)->1791K(2048K)
[147.079s][info][gc,heap        ] GC(281) ParOldGen: 518956K(519168K)->518972K(519168K)
[147.079s][info][gc,metaspace   ] GC(281) Metaspace: 56389K(56704K)->56389K(56704K) NonClass: 48107K(48320K)->48107K(48320K) Class: 8281K(8384K)->8281K(8384K)
[147.079s][info][gc             ] GC(281) Pause Young (Allocation Failure) 735M->508M(727M) 4.295ms
[147.079s][info][gc,cpu         ] GC(281) User=0.01s Sys=0.00s Real=0.01s
[147.590s][info][gc,start       ] GC(282) Pause Young (Allocation Failure)
[147.595s][info][gc,heap        ] GC(282) PSYoungGen: 225023K(225280K)->2048K(217088K) Eden: 223232K(223232K)->0K(215040K) From: 1791K(2048K)->2048K(2048K)
[147.595s][info][gc,heap        ] GC(282) ParOldGen: 518972K(519168K)->518988K(519168K)
[147.595s][info][gc,metaspace   ] GC(282) Metaspace: 56389K(56704K)->56389K(56704K) NonClass: 48107K(48320K)->48107K(48320K) Class: 8281K(8384K)->8281K(8384K)
[147.595s][info][gc             ] GC(282) Pause Young (Allocation Failure) 726M->508M(719M) 5.084ms
[147.595s][info][gc,cpu         ] GC(282) User=0.01s Sys=0.00s Real=0.00s
[148.176s][info][gc,start       ] GC(283) Pause Young (Allocation Failure)
[148.181s][info][gc,heap        ] GC(283) PSYoungGen: 217088K(217088K)->1664K(208896K) Eden: 215040K(215040K)->0K(206848K) From: 2048K(2048K)->1664K(2048K)
[148.181s][info][gc,heap        ] GC(283) ParOldGen: 518988K(519168K)->519004K(519168K)
[148.181s][info][gc,metaspace   ] GC(283) Metaspace: 56389K(56704K)->56389K(56704K) NonClass: 48107K(48320K)->48107K(48320K) Class: 8281K(8384K)->8281K(8384K)
[148.181s][info][gc             ] GC(283) Pause Young (Allocation Failure) 718M->508M(711M) 4.827ms
[148.181s][info][gc,cpu         ] GC(283) User=0.01s Sys=0.00s Real=0.00s
[148.660s][info][gc,start       ] GC(284) Pause Young (Allocation Failure)
[148.663s][info][gc,heap        ] GC(284) PSYoungGen: 208512K(208896K)->713K(200192K) Eden: 206848K(206848K)->0K(199168K) From: 1664K(2048K)->713K(1024K)
[148.663s][info][gc,heap        ] GC(284) ParOldGen: 519004K(519168K)->519020K(519168K)
[148.663s][info][gc,metaspace   ] GC(284) Metaspace: 56389K(56704K)->56389K(56704K) NonClass: 48107K(48320K)->48107K(48320K) Class: 8281K(8384K)->8281K(8384K)
[148.663s][info][gc             ] GC(284) Pause Young (Allocation Failure) 710M->507M(702M) 3.088ms
[148.663s][info][gc,cpu         ] GC(284) User=0.01s Sys=0.00s Real=0.00s
[149.111s][info][gc,start       ] GC(285) Pause Young (Allocation Failure)
[149.114s][info][gc,heap        ] GC(285) PSYoungGen: 199833K(200192K)->480K(192512K) Eden: 199119K(199168K)->0K(192000K) From: 713K(1024K)->480K(512K)
[149.114s][info][gc,heap        ] GC(285) ParOldGen: 519020K(519168K)->519036K(519168K)
[149.114s][info][gc,metaspace   ] GC(285) Metaspace: 56391K(56704K)->56391K(56704K) NonClass: 48109K(48320K)->48109K(48320K) Class: 8281K(8384K)->8281K(8384K)
[149.114s][info][gc             ] GC(285) Pause Young (Allocation Failure) 702M->507M(695M) 2.956ms
[149.114s][info][gc,cpu         ] GC(285) User=0.00s Sys=0.00s Real=0.00s
[149.585s][info][gc,start       ] GC(286) Pause Young (Allocation Failure)
[149.592s][info][gc,heap        ] GC(286) PSYoungGen: 192480K(192512K)->2463K(188928K) Eden: 192000K(192000K)->0K(185344K) From: 480K(512K)->2463K(3584K)
[149.592s][info][gc,heap        ] GC(286) ParOldGen: 519036K(519168K)->519052K(519168K)
[149.592s][info][gc,metaspace   ] GC(286) Metaspace: 56391K(56704K)->56391K(56704K) NonClass: 48109K(48320K)->48109K(48320K) Class: 8281K(8384K)->8281K(8384K)
[149.592s][info][gc             ] GC(286) Pause Young (Allocation Failure) 694M->509M(691M) 6.327ms
[149.592s][info][gc,cpu         ] GC(286) User=0.01s Sys=0.00s Real=0.01s
[150.060s][info][gc,start       ] GC(287) Pause Young (Allocation Failure)
[150.063s][info][gc,heap        ] GC(287) PSYoungGen: 187807K(188928K)->585K(179712K) Eden: 185344K(185344K)->0K(178688K) From: 2463K(3584K)->585K(1024K)
[150.063s][info][gc,heap        ] GC(287) ParOldGen: 519052K(519168K)->519068K(519168K)
[150.063s][info][gc,metaspace   ] GC(287) Metaspace: 56391K(56704K)->56391K(56704K) NonClass: 48109K(48320K)->48109K(48320K) Class: 8281K(8384K)->8281K(8384K)
[150.063s][info][gc             ] GC(287) Pause Young (Allocation Failure) 690M->507M(682M) 2.875ms
[150.063s][info][gc,cpu         ] GC(287) User=0.00s Sys=0.00s Real=0.00s
[150.477s][info][gc,start       ] GC(288) Pause Young (Allocation Failure)
[150.481s][info][gc,heap        ] GC(288) PSYoungGen: 179273K(179712K)->1568K(174592K) Eden: 178688K(178688K)->0K(172544K) From: 585K(1024K)->1568K(2048K)
[150.481s][info][gc,heap        ] GC(288) ParOldGen: 519068K(519168K)->519084K(519168K)
[150.481s][info][gc,metaspace   ] GC(288) Metaspace: 56391K(56704K)->56391K(56704K) NonClass: 48109K(48320K)->48109K(48320K) Class: 8281K(8384K)->8281K(8384K)
[150.481s][info][gc             ] GC(288) Pause Young (Allocation Failure) 681M->508M(677M) 4.221ms
[150.481s][info][gc,cpu         ] GC(288) User=0.01s Sys=0.00s Real=0.00s
[150.892s][info][gc,start       ] GC(289) Pause Young (Allocation Failure)
[150.896s][info][gc,heap        ] GC(289) PSYoungGen: 174112K(174592K)->2111K(168960K) Eden: 172544K(172544K)->0K(166400K) From: 1568K(2048K)->2111K(2560K)
[150.896s][info][gc,heap        ] GC(289) ParOldGen: 519084K(519168K)->519100K(519168K)
[150.896s][info][gc,metaspace   ] GC(289) Metaspace: 56391K(56704K)->56391K(56704K) NonClass: 48109K(48320K)->48109K(48320K) Class: 8281K(8384K)->8281K(8384K)
[150.896s][info][gc             ] GC(289) Pause Young (Allocation Failure) 676M->508M(672M) 4.600ms
[150.896s][info][gc,cpu         ] GC(289) User=0.01s Sys=0.00s Real=0.01s
[151.298s][info][gc,start       ] GC(290) Pause Young (Allocation Failure)
[151.302s][info][gc,heap        ] GC(290) PSYoungGen: 168493K(168960K)->1376K(162304K) Eden: 166382K(166400K)->0K(160768K) From: 2111K(2560K)->1376K(1536K)
[151.302s][info][gc,heap        ] GC(290) ParOldGen: 519100K(519168K)->519116K(519168K)
[151.302s][info][gc,metaspace   ] GC(290) Metaspace: 56391K(56704K)->56391K(56704K) NonClass: 48109K(48320K)->48109K(48320K) Class: 8281K(8384K)->8281K(8384K)
[151.302s][info][gc             ] GC(290) Pause Young (Allocation Failure) 671M->508M(665M) 4.016ms
[151.302s][info][gc,cpu         ] GC(290) User=0.00s Sys=0.00s Real=0.00s
[151.694s][info][gc,start       ] GC(291) Pause Young (Allocation Failure)
[151.699s][info][gc,heap        ] GC(291) PSYoungGen: 162144K(162304K)->2207K(157696K) Eden: 160768K(160768K)->0K(155136K) From: 1376K(1536K)->2207K(2560K)
[151.699s][info][gc,heap        ] GC(291) ParOldGen: 519116K(519168K)->519132K(519168K)
[151.699s][info][gc,metaspace   ] GC(291) Metaspace: 56391K(56704K)->56391K(56704K) NonClass: 48109K(48320K)->48109K(48320K) Class: 8281K(8384K)->8281K(8384K)
[151.699s][info][gc             ] GC(291) Pause Young (Allocation Failure) 665M->509M(661M) 4.738ms
[151.699s][info][gc,cpu         ] GC(291) User=0.01s Sys=0.00s Real=0.01s
[152.136s][info][gc,start       ] GC(292) Pause Young (Allocation Failure)
[152.140s][info][gc,heap        ] GC(292) PSYoungGen: 157293K(157696K)->1088K(151552K) Eden: 155085K(155136K)->0K(150016K) From: 2207K(2560K)->1088K(1536K)
[152.140s][info][gc,heap        ] GC(292) ParOldGen: 519132K(519168K)->519148K(519168K)
[152.140s][info][gc,metaspace   ] GC(292) Metaspace: 56391K(56704K)->56391K(56704K) NonClass: 48109K(48320K)->48109K(48320K) Class: 8281K(8384K)->8281K(8384K)
[152.140s][info][gc             ] GC(292) Pause Young (Allocation Failure) 660M->508M(655M) 3.723ms
[152.140s][info][gc,cpu         ] GC(292) User=0.00s Sys=0.01s Real=0.00s
[152.461s][info][gc,start       ] GC(293) Pause Young (Allocation Failure)
[152.463s][info][gc,heap        ] GC(293) PSYoungGen: 151104K(151552K)->576K(145920K) Eden: 150016K(150016K)->0K(144896K) From: 1088K(1536K)->576K(1024K)
[152.463s][info][gc,heap        ] GC(293) ParOldGen: 519148K(519168K)->519164K(519168K)
[152.463s][info][gc,metaspace   ] GC(293) Metaspace: 56391K(56704K)->56391K(56704K) NonClass: 48109K(48320K)->48109K(48320K) Class: 8281K(8384K)->8281K(8384K)
[152.463s][info][gc             ] GC(293) Pause Young (Allocation Failure) 654M->507M(649M) 2.856ms
[152.463s][info][gc,cpu         ] GC(293) User=0.00s Sys=0.00s Real=0.00s
[152.781s][info][gc,start       ] GC(294) Pause Young (Allocation Failure)
[152.786s][info][gc,heap        ] GC(294) PSYoungGen: 145472K(145920K)->2304K(176640K) Eden: 144896K(144896K)->0K(174080K) From: 576K(1024K)->2304K(2560K)
[152.786s][info][gc,heap        ] GC(294) ParOldGen: 519164K(519168K)->519180K(519680K)
[152.786s][info][gc,metaspace   ] GC(294) Metaspace: 56391K(56704K)->56391K(56704K) NonClass: 48109K(48320K)->48109K(48320K) Class: 8281K(8384K)->8281K(8384K)
[152.786s][info][gc             ] GC(294) Pause Young (Allocation Failure) 649M->509M(680M) 5.274ms
[152.786s][info][gc,cpu         ] GC(294) User=0.01s Sys=0.00s Real=0.01s
[153.221s][info][gc,start       ] GC(295) Pause Young (Allocation Failure)
[153.226s][info][gc,heap        ] GC(295) PSYoungGen: 176177K(176640K)->1344K(210432K) Eden: 173873K(174080K)->0K(208896K) From: 2304K(2560K)->1344K(1536K)
[153.226s][info][gc,heap        ] GC(295) ParOldGen: 519180K(519680K)->519196K(519680K)
[153.226s][info][gc,metaspace   ] GC(295) Metaspace: 56396K(56704K)->56396K(56704K) NonClass: 48114K(48320K)->48114K(48320K) Class: 8281K(8384K)->8281K(8384K)
[153.226s][info][gc             ] GC(295) Pause Young (Allocation Failure) 679M->508M(713M) 4.628ms
[153.226s][info][gc,cpu         ] GC(295) User=0.01s Sys=0.00s Real=0.01s
[153.711s][info][gc,start       ] GC(296) Pause Young (Allocation Failure)
[153.714s][info][gc,heap        ] GC(296) PSYoungGen: 210015K(210432K)->736K(202240K) Eden: 208671K(208896K)->0K(201216K) From: 1344K(1536K)->736K(1024K)
[153.714s][info][gc,heap        ] GC(296) ParOldGen: 519196K(519680K)->519212K(519680K)
[153.714s][info][gc,metaspace   ] GC(296) Metaspace: 56396K(56704K)->56396K(56704K) NonClass: 48114K(48320K)->48114K(48320K) Class: 8281K(8384K)->8281K(8384K)
[153.714s][info][gc             ] GC(296) Pause Young (Allocation Failure) 712M->507M(705M) 3.102ms
[153.714s][info][gc,cpu         ] GC(296) User=0.00s Sys=0.00s Real=0.00s
[154.198s][info][gc,start       ] GC(297) Pause Young (Allocation Failure)
[154.205s][info][gc,heap        ] GC(297) PSYoungGen: 201952K(202240K)->1951K(243712K) Eden: 201216K(201216K)->0K(241664K) From: 736K(1024K)->1951K(2048K)
[154.205s][info][gc,heap        ] GC(297) ParOldGen: 519212K(519680K)->519228K(519680K)
[154.205s][info][gc,metaspace   ] GC(297) Metaspace: 56396K(56704K)->56396K(56704K) NonClass: 48114K(48320K)->48114K(48320K) Class: 8281K(8384K)->8281K(8384K)
[154.205s][info][gc             ] GC(297) Pause Young (Allocation Failure) 704M->508M(745M) 7.886ms
[154.205s][info][gc,cpu         ] GC(297) User=0.01s Sys=0.00s Real=0.00s
[154.884s][info][gc,start       ] GC(298) Pause Young (Allocation Failure)
[154.890s][info][gc,heap        ] GC(298) PSYoungGen: 243615K(243712K)->2176K(235008K) Eden: 241664K(241664K)->0K(232448K) From: 1951K(2048K)->2176K(2560K)
[154.890s][info][gc,heap        ] GC(298) ParOldGen: 519228K(519680K)->519244K(519680K)
[154.890s][info][gc,metaspace   ] GC(298) Metaspace: 56396K(56704K)->56396K(56704K) NonClass: 48114K(48320K)->48114K(48320K) Class: 8281K(8384K)->8281K(8384K)
[154.890s][info][gc             ] GC(298) Pause Young (Allocation Failure) 744M->509M(737M) 5.702ms
[154.890s][info][gc,cpu         ] GC(298) User=0.01s Sys=0.00s Real=0.01s
[155.474s][info][gc,start       ] GC(299) Pause Young (Allocation Failure)
[155.478s][info][gc,heap        ] GC(299) PSYoungGen: 234624K(235008K)->1536K(225280K) Eden: 232448K(232448K)->0K(223744K) From: 2176K(2560K)->1536K(1536K)
[155.478s][info][gc,heap        ] GC(299) ParOldGen: 519244K(519680K)->519260K(519680K)
[155.478s][info][gc,metaspace   ] GC(299) Metaspace: 56396K(56704K)->56396K(56704K) NonClass: 48114K(48320K)->48114K(48320K) Class: 8281K(8384K)->8281K(8384K)
[155.478s][info][gc             ] GC(299) Pause Young (Allocation Failure) 736M->508M(727M) 4.326ms
[155.478s][info][gc,cpu         ] GC(299) User=0.01s Sys=0.00s Real=0.01s
[156.012s][info][gc,start       ] GC(300) Pause Young (Allocation Failure)
[156.015s][info][gc,heap        ] GC(300) PSYoungGen: 225020K(225280K)->640K(216576K) Eden: 223484K(223744K)->0K(215552K) From: 1536K(1536K)->640K(1024K)
[156.015s][info][gc,heap        ] GC(300) ParOldGen: 519260K(519680K)->519276K(519680K)
[156.015s][info][gc,metaspace   ] GC(300) Metaspace: 56396K(56704K)->56396K(56704K) NonClass: 48114K(48320K)->48114K(48320K) Class: 8281K(8384K)->8281K(8384K)
[156.015s][info][gc             ] GC(300) Pause Young (Allocation Failure) 726M->507M(719M) 3.099ms
[156.015s][info][gc,cpu         ] GC(300) User=0.00s Sys=0.00s Real=0.00s
[156.565s][info][gc,start       ] GC(301) Pause Young (Allocation Failure)
[156.569s][info][gc,heap        ] GC(301) PSYoungGen: 216192K(216576K)->1170K(208896K) Eden: 215552K(215552K)->0K(207360K) From: 640K(1024K)->1170K(1536K)
[156.569s][info][gc,heap        ] GC(301) ParOldGen: 519276K(519680K)->519292K(519680K)
[156.569s][info][gc,metaspace   ] GC(301) Metaspace: 56396K(56704K)->56396K(56704K) NonClass: 48114K(48320K)->48114K(48320K) Class: 8281K(8384K)->8281K(8384K)
[156.569s][info][gc             ] GC(301) Pause Young (Allocation Failure) 718M->508M(711M) 3.643ms
[156.569s][info][gc,cpu         ] GC(301) User=0.01s Sys=0.00s Real=0.01s
[157.069s][info][gc,start       ] GC(302) Pause Young (Allocation Failure)
[157.072s][info][gc,heap        ] GC(302) PSYoungGen: 208438K(208896K)->1024K(200704K) Eden: 207267K(207360K)->0K(199680K) From: 1170K(1536K)->1024K(1024K)
[157.072s][info][gc,heap        ] GC(302) ParOldGen: 519292K(519680K)->519308K(519680K)
[157.072s][info][gc,metaspace   ] GC(302) Metaspace: 56396K(56704K)->56396K(56704K) NonClass: 48114K(48320K)->48114K(48320K) Class: 8281K(8384K)->8281K(8384K)
[157.072s][info][gc             ] GC(302) Pause Young (Allocation Failure) 710M->508M(703M) 3.561ms
[157.072s][info][gc,cpu         ] GC(302) User=0.00s Sys=0.00s Real=0.00s
[157.561s][info][gc,start       ] GC(303) Pause Young (Allocation Failure)
[157.564s][info][gc,heap        ] GC(303) PSYoungGen: 200704K(200704K)->777K(193536K) Eden: 199680K(199680K)->0K(192512K) From: 1024K(1024K)->777K(1024K)
[157.564s][info][gc,heap        ] GC(303) ParOldGen: 519308K(519680K)->519324K(519680K)
[157.564s][info][gc,metaspace   ] GC(303) Metaspace: 56396K(56704K)->56396K(56704K) NonClass: 48114K(48320K)->48114K(48320K) Class: 8281K(8384K)->8281K(8384K)
[157.564s][info][gc             ] GC(303) Pause Young (Allocation Failure) 703M->507M(696M) 3.064ms
[157.564s][info][gc,cpu         ] GC(303) User=0.00s Sys=0.00s Real=0.00s
[158.057s][info][gc,start       ] GC(304) Pause Young (Allocation Failure)
[158.061s][info][gc,heap        ] GC(304) PSYoungGen: 193018K(193536K)->1696K(187392K) Eden: 192240K(192512K)->0K(185344K) From: 777K(1024K)->1696K(2048K)
[158.061s][info][gc,heap        ] GC(304) ParOldGen: 519324K(519680K)->519340K(519680K)
[158.061s][info][gc,metaspace   ] GC(304) Metaspace: 56396K(56704K)->56396K(56704K) NonClass: 48114K(48320K)->48114K(48320K) Class: 8281K(8384K)->8281K(8384K)
[158.061s][info][gc             ] GC(304) Pause Young (Allocation Failure) 695M->508M(690M) 4.424ms
[158.061s][info][gc,cpu         ] GC(304) User=0.01s Sys=0.00s Real=0.00s
[158.468s][info][gc,start       ] GC(305) Pause Young (Allocation Failure)
[158.472s][info][gc,heap        ] GC(305) PSYoungGen: 187040K(187392K)->1279K(180224K) Eden: 185344K(185344K)->0K(178688K) From: 1696K(2048K)->1279K(1536K)
[158.472s][info][gc,heap        ] GC(305) ParOldGen: 519340K(519680K)->519356K(519680K)
[158.472s][info][gc,metaspace   ] GC(305) Metaspace: 56396K(56704K)->56396K(56704K) NonClass: 48114K(48320K)->48114K(48320K) Class: 8281K(8384K)->8281K(8384K)
[158.472s][info][gc             ] GC(305) Pause Young (Allocation Failure) 689M->508M(683M) 3.510ms
[158.472s][info][gc,cpu         ] GC(305) User=0.01s Sys=0.00s Real=0.00s
[158.884s][info][gc,start       ] GC(306) Pause Young (Allocation Failure)
[158.889s][info][gc,heap        ] GC(306) PSYoungGen: 179796K(180224K)->1952K(174592K) Eden: 178516K(178688K)->0K(172544K) From: 1279K(1536K)->1952K(2048K)
[158.889s][info][gc,heap        ] GC(306) ParOldGen: 519356K(519680K)->519372K(519680K)
[158.889s][info][gc,metaspace   ] GC(306) Metaspace: 56396K(56704K)->56396K(56704K) NonClass: 48114K(48320K)->48114K(48320K) Class: 8281K(8384K)->8281K(8384K)
[158.889s][info][gc             ] GC(306) Pause Young (Allocation Failure) 682M->509M(678M) 4.895ms
[158.889s][info][gc,cpu         ] GC(306) User=0.00s Sys=0.00s Real=0.01s
[159.300s][info][gc,start       ] GC(307) Pause Young (Allocation Failure)
[159.304s][info][gc,heap        ] GC(307) PSYoungGen: 174305K(174592K)->1599K(168448K) Eden: 172353K(172544K)->0K(166400K) From: 1952K(2048K)->1599K(2048K)
[159.304s][info][gc,heap        ] GC(307) ParOldGen: 519372K(519680K)->519388K(519680K)
[159.304s][info][gc,metaspace   ] GC(307) Metaspace: 56396K(56704K)->56396K(56704K) NonClass: 48114K(48320K)->48114K(48320K) Class: 8281K(8384K)->8281K(8384K)
[159.304s][info][gc             ] GC(307) Pause Young (Allocation Failure) 677M->508M(672M) 3.955ms
[159.304s][info][gc,cpu         ] GC(307) User=0.01s Sys=0.00s Real=0.00s
[159.704s][info][gc,start       ] GC(308) Pause Young (Allocation Failure)
[159.707s][info][gc,heap        ] GC(308) PSYoungGen: 167999K(168448K)->1471K(162304K) Eden: 166400K(166400K)->0K(160768K) From: 1599K(2048K)->1471K(1536K)
[159.707s][info][gc,heap        ] GC(308) ParOldGen: 519388K(519680K)->519404K(519680K)
[159.707s][info][gc,metaspace   ] GC(308) Metaspace: 56396K(56704K)->56396K(56704K) NonClass: 48114K(48320K)->48114K(48320K) Class: 8281K(8384K)->8281K(8384K)
[159.707s][info][gc             ] GC(308) Pause Young (Allocation Failure) 671M->508M(666M) 3.684ms
[159.707s][info][gc,cpu         ] GC(308) User=0.01s Sys=0.00s Real=0.01s
[160.092s][info][gc,start       ] GC(309) Pause Young (Allocation Failure)
[160.097s][info][gc,heap        ] GC(309) PSYoungGen: 162123K(162304K)->1888K(157184K) Eden: 160652K(160768K)->0K(155136K) From: 1471K(1536K)->1888K(2048K)
[160.097s][info][gc,heap        ] GC(309) ParOldGen: 519404K(519680K)->519420K(519680K)
[160.097s][info][gc,metaspace   ] GC(309) Metaspace: 56396K(56704K)->56396K(56704K) NonClass: 48114K(48320K)->48114K(48320K) Class: 8281K(8384K)->8281K(8384K)
[160.097s][info][gc             ] GC(309) Pause Young (Allocation Failure) 665M->509M(661M) 4.829ms
[160.097s][info][gc,cpu         ] GC(309) User=0.01s Sys=0.00s Real=0.01s
[160.480s][info][gc,start       ] GC(310) Pause Young (Allocation Failure)
[160.486s][info][gc,heap        ] GC(310) PSYoungGen: 157024K(157184K)->2399K(188928K) Eden: 155136K(155136K)->0K(186368K) From: 1888K(2048K)->2399K(2560K)
[160.486s][info][gc,heap        ] GC(310) ParOldGen: 519420K(519680K)->519436K(519680K)
[160.486s][info][gc,metaspace   ] GC(310) Metaspace: 56396K(56704K)->56396K(56704K) NonClass: 48114K(48320K)->48114K(48320K) Class: 8281K(8384K)->8281K(8384K)
[160.486s][info][gc             ] GC(310) Pause Young (Allocation Failure) 660M->509M(692M) 5.094ms
[160.486s][info][gc,cpu         ] GC(310) User=0.01s Sys=0.00s Real=0.00s
[160.963s][info][gc,start       ] GC(311) Pause Young (Allocation Failure)
[160.966s][info][gc,heap        ] GC(311) PSYoungGen: 188767K(188928K)->825K(180736K) Eden: 186368K(186368K)->0K(179712K) From: 2399K(2560K)->825K(1024K)
[160.966s][info][gc,heap        ] GC(311) ParOldGen: 519436K(519680K)->519452K(519680K)
[160.966s][info][gc,metaspace   ] GC(311) Metaspace: 56396K(56704K)->56396K(56704K) NonClass: 48114K(48320K)->48114K(48320K) Class: 8281K(8384K)->8281K(8384K)
[160.966s][info][gc             ] GC(311) Pause Young (Allocation Failure) 691M->508M(684M) 3.462ms
[160.966s][info][gc,cpu         ] GC(311) User=0.01s Sys=0.00s Real=0.01s
[161.405s][info][gc,start       ] GC(312) Pause Young (Allocation Failure)
[161.410s][info][gc,heap        ] GC(312) PSYoungGen: 180290K(180736K)->1696K(175616K) Eden: 179464K(179712K)->0K(173568K) From: 825K(1024K)->1696K(2048K)
[161.410s][info][gc,heap        ] GC(312) ParOldGen: 519452K(519680K)->519468K(519680K)
[161.410s][info][gc,metaspace   ] GC(312) Metaspace: 56396K(56704K)->56396K(56704K) NonClass: 48114K(48320K)->48114K(48320K) Class: 8281K(8384K)->8281K(8384K)
[161.410s][info][gc             ] GC(312) Pause Young (Allocation Failure) 683M->508M(679M) 4.723ms
[161.410s][info][gc,cpu         ] GC(312) User=0.00s Sys=0.00s Real=0.01s
[161.791s][info][gc,start       ] GC(313) Pause Young (Allocation Failure)
[161.796s][info][gc,heap        ] GC(313) PSYoungGen: 175120K(175616K)->2112K(210944K) Eden: 173424K(173568K)->0K(208384K) From: 1696K(2048K)->2112K(2560K)
[161.796s][info][gc,heap        ] GC(313) ParOldGen: 519468K(519680K)->519484K(519680K)
[161.796s][info][gc,metaspace   ] GC(313) Metaspace: 56396K(56704K)->56396K(56704K) NonClass: 48114K(48320K)->48114K(48320K) Class: 8281K(8384K)->8281K(8384K)
[161.796s][info][gc             ] GC(313) Pause Young (Allocation Failure) 678M->509M(713M) 4.958ms
[161.796s][info][gc,cpu         ] GC(313) User=0.01s Sys=0.00s Real=0.01s
[162.292s][info][gc,start       ] GC(314) Pause Young (Allocation Failure)
[162.297s][info][gc,heap        ] GC(314) PSYoungGen: 210211K(210944K)->2111K(203264K) Eden: 208099K(208384K)->0K(200704K) From: 2112K(2560K)->2111K(2560K)
[162.297s][info][gc,heap        ] GC(314) ParOldGen: 519484K(519680K)->519500K(519680K)
[162.297s][info][gc,metaspace   ] GC(314) Metaspace: 56396K(56704K)->56396K(56704K) NonClass: 48114K(48320K)->48114K(48320K) Class: 8281K(8384K)->8281K(8384K)
[162.297s][info][gc             ] GC(314) Pause Young (Allocation Failure) 712M->509M(706M) 4.622ms
[162.297s][info][gc,cpu         ] GC(314) User=0.01s Sys=0.00s Real=0.01s
[162.787s][info][gc,start       ] GC(315) Pause Young (Allocation Failure)
[162.791s][info][gc,heap        ] GC(315) PSYoungGen: 202694K(203264K)->1535K(195072K) Eden: 200583K(200704K)->0K(193536K) From: 2111K(2560K)->1535K(1536K)
[162.791s][info][gc,heap        ] GC(315) ParOldGen: 519500K(519680K)->519820K(520192K)
[162.791s][info][gc,metaspace   ] GC(315) Metaspace: 56396K(56704K)->56396K(56704K) NonClass: 48114K(48320K)->48114K(48320K) Class: 8281K(8384K)->8281K(8384K)
[162.791s][info][gc             ] GC(315) Pause Young (Allocation Failure) 705M->509M(698M) 4.306ms
[162.791s][info][gc,cpu         ] GC(315) User=0.01s Sys=0.00s Real=0.00s
[163.271s][info][gc,start       ] GC(316) Pause Young (Allocation Failure)
[163.276s][info][gc,heap        ] GC(316) PSYoungGen: 195071K(195072K)->1472K(187904K) Eden: 193536K(193536K)->0K(186368K) From: 1535K(1536K)->1472K(1536K)
[163.276s][info][gc,heap        ] GC(316) ParOldGen: 519820K(520192K)->521020K(521216K)
[163.276s][info][gc,metaspace   ] GC(316) Metaspace: 56396K(56704K)->56396K(56704K) NonClass: 48114K(48320K)->48114K(48320K) Class: 8281K(8384K)->8281K(8384K)
[163.276s][info][gc             ] GC(316) Pause Young (Allocation Failure) 698M->510M(692M) 5.580ms
[163.276s][info][gc,cpu         ] GC(316) User=0.01s Sys=0.00s Real=0.01s
[163.722s][info][gc,start       ] GC(317) Pause Young (Allocation Failure)
[163.725s][info][gc,heap        ] GC(317) PSYoungGen: 187840K(187904K)->64K(180224K) Eden: 186368K(186368K)->0K(179712K) From: 1472K(1536K)->64K(512K)
[163.725s][info][gc,heap        ] GC(317) ParOldGen: 521020K(521216K)->521204K(521216K)
[163.725s][info][gc,metaspace   ] GC(317) Metaspace: 56398K(56704K)->56398K(56704K) NonClass: 48116K(48320K)->48116K(48320K) Class: 8281K(8384K)->8281K(8384K)
[163.725s][info][gc             ] GC(317) Pause Young (Allocation Failure) 692M->509M(685M) 2.669ms
[163.725s][info][gc,cpu         ] GC(317) User=0.01s Sys=0.00s Real=0.00s
[164.173s][info][gc,start       ] GC(318) Pause Young (Allocation Failure)
[164.177s][info][gc,heap        ] GC(318) PSYoungGen: 179776K(180224K)->1631K(176640K) Eden: 179712K(179712K)->0K(173568K) From: 64K(512K)->1631K(3072K)
[164.177s][info][gc,heap        ] GC(318) ParOldGen: 521204K(521216K)->521220K(521728K)
[164.177s][info][gc,metaspace   ] GC(318) Metaspace: 56398K(56704K)->56398K(56704K) NonClass: 48116K(48320K)->48116K(48320K) Class: 8281K(8384K)->8281K(8384K)
[164.177s][info][gc             ] GC(318) Pause Young (Allocation Failure) 684M->510M(682M) 3.852ms
[164.177s][info][gc,cpu         ] GC(318) User=0.01s Sys=0.00s Real=0.01s
[164.583s][info][gc,start       ] GC(319) Pause Young (Allocation Failure)
[164.587s][info][gc,heap        ] GC(319) PSYoungGen: 175199K(176640K)->1983K(169472K) Eden: 173568K(173568K)->0K(167424K) From: 1631K(3072K)->1983K(2048K)
[164.587s][info][gc,heap        ] GC(319) ParOldGen: 521220K(521728K)->521236K(521728K)
[164.587s][info][gc,metaspace   ] GC(319) Metaspace: 56398K(56704K)->56398K(56704K) NonClass: 48116K(48320K)->48116K(48320K) Class: 8281K(8384K)->8281K(8384K)
[164.587s][info][gc             ] GC(319) Pause Young (Allocation Failure) 680M->510M(675M) 4.420ms
[164.587s][info][gc,cpu         ] GC(319) User=0.01s Sys=0.00s Real=0.01s
[164.986s][info][gc,start       ] GC(320) Pause Young (Allocation Failure)
[164.990s][info][gc,heap        ] GC(320) PSYoungGen: 148884K(169472K)->64K(162304K) Eden: 146901K(167424K)->0K(161792K) From: 1983K(2048K)->64K(512K)
[164.990s][info][gc,heap        ] GC(320) ParOldGen: 521236K(521728K)->521252K(521728K)
[164.990s][info][gc,metaspace   ] GC(320) Metaspace: 56400K(56704K)->56400K(56704K) NonClass: 48118K(48320K)->48118K(48320K) Class: 8281K(8384K)->8281K(8384K)
[164.990s][info][gc             ] GC(320) Pause Young (Allocation Failure) 654M->509M(668M) 3.389ms
[164.990s][info][gc,cpu         ] GC(320) User=0.01s Sys=0.00s Real=0.00s
[166.370s][info][gc,start       ] GC(321) Pause Young (Allocation Failure)
[166.412s][info][gc,heap        ] GC(321) PSYoungGen: 127651K(162304K)->64K(195072K) Eden: 127587K(161792K)->0K(194560K) From: 64K(512K)->64K(512K)
[166.412s][info][gc,heap        ] GC(321) ParOldGen: 521252K(521728K)->560339K(561152K)
[166.412s][info][gc,metaspace   ] GC(321) Metaspace: 56400K(56704K)->56400K(56704K) NonClass: 48118K(48320K)->48118K(48320K) Class: 8281K(8384K)->8281K(8384K)
[166.412s][info][gc             ] GC(321) Pause Young (Allocation Failure) 633M->547M(738M) 41.844ms
[166.412s][info][gc,cpu         ] GC(321) User=0.04s Sys=0.03s Real=0.04s
[168.210s][info][gc,start       ] GC(322) Pause Young (Allocation Failure)
[168.254s][info][gc,heap        ] GC(322) PSYoungGen: 194624K(195072K)->3577K(237056K) Eden: 194560K(194560K)->0K(233472K) From: 64K(512K)->3577K(3584K)
[168.254s][info][gc,heap        ] GC(322) ParOldGen: 560339K(561152K)->610980K(611328K)
[168.254s][info][gc,metaspace   ] GC(322) Metaspace: 56652K(57024K)->56652K(57024K) NonClass: 48369K(48640K)->48369K(48640K) Class: 8282K(8384K)->8282K(8384K)
[168.254s][info][gc             ] GC(322) Pause Young (Allocation Failure) 737M->600M(828M) 43.560ms
[168.254s][info][gc,cpu         ] GC(322) User=0.05s Sys=0.04s Real=0.04s
[168.769s][info][gc,start       ] GC(323) Pause Young (Allocation Failure)
[168.778s][info][gc,heap        ] GC(323) PSYoungGen: 237049K(237056K)->1759K(256512K) Eden: 233472K(233472K)->0K(238592K) From: 3577K(3584K)->1759K(17920K)
[168.778s][info][gc,heap        ] GC(323) ParOldGen: 610980K(611328K)->614565K(614912K)
[168.778s][info][gc,metaspace   ] GC(323) Metaspace: 56652K(57024K)->56652K(57024K) NonClass: 48369K(48640K)->48369K(48640K) Class: 8282K(8384K)->8282K(8384K)
[168.778s][info][gc             ] GC(323) Pause Young (Allocation Failure) 828M->601M(851M) 9.171ms
[168.778s][info][gc,cpu         ] GC(323) User=0.02s Sys=0.00s Real=0.01s
[169.360s][info][gc,start       ] GC(324) Pause Young (Allocation Failure)
[169.364s][info][gc,heap        ] GC(324) PSYoungGen: 240351K(256512K)->649K(260608K) Eden: 238592K(238592K)->0K(238592K) From: 1759K(17920K)->649K(22016K)
[169.364s][info][gc,heap        ] GC(324) ParOldGen: 614565K(614912K)->614637K(614912K)
[169.364s][info][gc,metaspace   ] GC(324) Metaspace: 56652K(57024K)->56652K(57024K) NonClass: 48369K(48640K)->48369K(48640K) Class: 8282K(8384K)->8282K(8384K)
[169.364s][info][gc             ] GC(324) Pause Young (Allocation Failure) 834M->600M(855M) 3.328ms
[169.364s][info][gc,cpu         ] GC(324) User=0.00s Sys=0.00s Real=0.00s
[169.899s][info][gc,start       ] GC(325) Pause Young (Allocation Failure)
[169.903s][info][gc,heap        ] GC(325) PSYoungGen: 239142K(260608K)->864K(306176K) Eden: 238492K(238592K)->0K(286720K) From: 649K(22016K)->864K(19456K)
[169.903s][info][gc,heap        ] GC(325) ParOldGen: 614637K(614912K)->614653K(614912K)
[169.903s][info][gc,metaspace   ] GC(325) Metaspace: 56652K(57024K)->56652K(57024K) NonClass: 48369K(48640K)->48369K(48640K) Class: 8282K(8384K)->8282K(8384K)
[169.903s][info][gc             ] GC(325) Pause Young (Allocation Failure) 833M->601M(899M) 3.704ms
[169.903s][info][gc,cpu         ] GC(325) User=0.01s Sys=0.00s Real=0.00s
[170.609s][info][gc,start       ] GC(326) Pause Young (Allocation Failure)
[170.614s][info][gc,heap        ] GC(326) PSYoungGen: 287584K(306176K)->1376K(307200K) Eden: 286720K(286720K)->0K(286720K) From: 864K(19456K)->1376K(20480K)
[170.614s][info][gc,heap        ] GC(326) ParOldGen: 614653K(614912K)->614669K(614912K)
[170.614s][info][gc,metaspace   ] GC(326) Metaspace: 56652K(57024K)->56652K(57024K) NonClass: 48369K(48640K)->48369K(48640K) Class: 8282K(8384K)->8282K(8384K)
[170.614s][info][gc             ] GC(326) Pause Young (Allocation Failure) 881M->601M(900M) 4.515ms
[170.614s][info][gc,cpu         ] GC(326) User=0.01s Sys=0.00s Real=0.00s
[171.388s][info][gc,start       ] GC(327) Pause Young (Allocation Failure)
[171.393s][info][gc,heap        ] GC(327) PSYoungGen: 288091K(307200K)->1056K(276992K) Eden: 286715K(286720K)->0K(275456K) From: 1376K(20480K)->1056K(1536K)
[171.393s][info][gc,heap        ] GC(327) ParOldGen: 614669K(614912K)->614685K(614912K)
[171.393s][info][gc,metaspace   ] GC(327) Metaspace: 56652K(57024K)->56652K(57024K) NonClass: 48369K(48640K)->48369K(48640K) Class: 8282K(8384K)->8282K(8384K)
[171.393s][info][gc             ] GC(327) Pause Young (Allocation Failure) 881M->601M(871M) 4.180ms
[171.393s][info][gc,cpu         ] GC(327) User=0.00s Sys=0.00s Real=0.00s
[171.980s][info][gc,start       ] GC(328) Pause Young (Allocation Failure)
[171.984s][info][gc,heap        ] GC(328) PSYoungGen: 276512K(276992K)->1855K(283648K) Eden: 275456K(275456K)->0K(264704K) From: 1056K(1536K)->1855K(18944K)
[171.984s][info][gc,heap        ] GC(328) ParOldGen: 614685K(614912K)->614701K(614912K)
[171.984s][info][gc,metaspace   ] GC(328) Metaspace: 56652K(57024K)->56652K(57024K) NonClass: 48369K(48640K)->48369K(48640K) Class: 8282K(8384K)->8282K(8384K)
[171.984s][info][gc             ] GC(328) Pause Young (Allocation Failure) 870M->602M(877M) 4.352ms
[171.984s][info][gc,cpu         ] GC(328) User=0.01s Sys=0.00s Real=0.00s
[172.612s][info][gc,start       ] GC(329) Pause Young (Allocation Failure)
[172.615s][info][gc,heap        ] GC(329) PSYoungGen: 266559K(283648K)->256K(254976K) Eden: 264704K(264704K)->0K(254464K) From: 1855K(18944K)->256K(512K)
[172.615s][info][gc,heap        ] GC(329) ParOldGen: 614701K(614912K)->614717K(614912K)
[172.615s][info][gc,metaspace   ] GC(329) Metaspace: 56652K(57024K)->56652K(57024K) NonClass: 48369K(48640K)->48369K(48640K) Class: 8282K(8384K)->8282K(8384K)
[172.615s][info][gc             ] GC(329) Pause Young (Allocation Failure) 860M->600M(849M) 2.814ms
[172.615s][info][gc,cpu         ] GC(329) User=0.01s Sys=0.00s Real=0.00s
[173.264s][info][gc,start       ] GC(330) Pause Young (Allocation Failure)
[173.267s][info][gc,heap        ] GC(330) PSYoungGen: 254720K(254976K)->1311K(261632K) Eden: 254464K(254464K)->0K(244736K) From: 256K(512K)->1311K(16896K)
[173.267s][info][gc,heap        ] GC(330) ParOldGen: 614717K(614912K)->614733K(614912K)
[173.267s][info][gc,metaspace   ] GC(330) Metaspace: 56652K(57024K)->56652K(57024K) NonClass: 48369K(48640K)->48369K(48640K) Class: 8282K(8384K)->8282K(8384K)
[173.267s][info][gc             ] GC(330) Pause Young (Allocation Failure) 849M->601M(856M) 3.598ms
[173.267s][info][gc,cpu         ] GC(330) User=0.00s Sys=0.01s Real=0.01s
[173.864s][info][gc,start       ] GC(331) Pause Young (Allocation Failure)
[173.868s][info][gc,heap        ] GC(331) PSYoungGen: 246047K(261632K)->1179K(237056K) Eden: 244736K(244736K)->0K(235520K) From: 1311K(16896K)->1179K(1536K)
[173.868s][info][gc,heap        ] GC(331) ParOldGen: 614733K(614912K)->614749K(614912K)
[173.868s][info][gc,metaspace   ] GC(331) Metaspace: 56652K(57024K)->56652K(57024K) NonClass: 48369K(48640K)->48369K(48640K) Class: 8282K(8384K)->8282K(8384K)
[173.868s][info][gc             ] GC(331) Pause Young (Allocation Failure) 840M->601M(832M) 4.107ms
[173.868s][info][gc,cpu         ] GC(331) User=0.01s Sys=0.00s Real=0.01s
[174.397s][info][gc,start       ] GC(332) Pause Young (Allocation Failure)
[174.401s][info][gc,heap        ] GC(332) PSYoungGen: 236559K(237056K)->1120K(242176K) Eden: 235379K(235520K)->0K(226816K) From: 1179K(1536K)->1120K(15360K)
[174.401s][info][gc,heap        ] GC(332) ParOldGen: 614749K(614912K)->614765K(614912K)
[174.401s][info][gc,metaspace   ] GC(332) Metaspace: 56652K(57024K)->56652K(57024K) NonClass: 48369K(48640K)->48369K(48640K) Class: 8282K(8384K)->8282K(8384K)
[174.401s][info][gc             ] GC(332) Pause Young (Allocation Failure) 831M->601M(837M) 3.808ms
[174.401s][info][gc,cpu         ] GC(332) User=0.01s Sys=0.00s Real=0.00s
[174.976s][info][gc,start       ] GC(333) Pause Young (Allocation Failure)
[174.981s][info][gc,heap        ] GC(333) PSYoungGen: 227936K(242176K)->2015K(220160K) Eden: 226816K(226816K)->0K(218112K) From: 1120K(15360K)->2015K(2048K)
[174.981s][info][gc,heap        ] GC(333) ParOldGen: 614765K(614912K)->614781K(614912K)
[174.981s][info][gc,metaspace   ] GC(333) Metaspace: 56652K(57024K)->56652K(57024K) NonClass: 48369K(48640K)->48369K(48640K) Class: 8282K(8384K)->8282K(8384K)
[174.981s][info][gc             ] GC(333) Pause Young (Allocation Failure) 822M->602M(815M) 5.372ms
[174.981s][info][gc,cpu         ] GC(333) User=0.01s Sys=0.00s Real=0.00s
[175.493s][info][gc,start       ] GC(334) Pause Young (Allocation Failure)
[175.497s][info][gc,heap        ] GC(334) PSYoungGen: 219840K(220160K)->1472K(211456K) Eden: 217825K(218112K)->0K(209920K) From: 2015K(2048K)->1472K(1536K)
[175.497s][info][gc,heap        ] GC(334) ParOldGen: 614781K(614912K)->614797K(614912K)
[175.497s][info][gc,metaspace   ] GC(334) Metaspace: 56652K(57024K)->56652K(57024K) NonClass: 48369K(48640K)->48369K(48640K) Class: 8282K(8384K)->8282K(8384K)
[175.497s][info][gc             ] GC(334) Pause Young (Allocation Failure) 815M->601M(807M) 4.102ms
[175.497s][info][gc,cpu         ] GC(334) User=0.01s Sys=0.00s Real=0.01s
[175.999s][info][gc,start       ] GC(335) Pause Young (Allocation Failure)
[176.002s][info][gc,heap        ] GC(335) PSYoungGen: 211350K(211456K)->288K(202752K) Eden: 209878K(209920K)->0K(202240K) From: 1472K(1536K)->288K(512K)
[176.003s][info][gc,heap        ] GC(335) ParOldGen: 614797K(614912K)->614813K(614912K)
[176.003s][info][gc,metaspace   ] GC(335) Metaspace: 56652K(57024K)->56652K(57024K) NonClass: 48369K(48640K)->48369K(48640K) Class: 8282K(8384K)->8282K(8384K)
[176.003s][info][gc             ] GC(335) Pause Young (Allocation Failure) 806M->600M(798M) 3.380ms
[176.003s][info][gc,cpu         ] GC(335) User=0.00s Sys=0.00s Real=0.00s
[176.494s][info][gc,start       ] GC(336) Pause Young (Allocation Failure)
[176.497s][info][gc,heap        ] GC(336) PSYoungGen: 202337K(202752K)->1120K(207360K) Eden: 202049K(202240K)->0K(195072K) From: 288K(512K)->1120K(12288K)
[176.497s][info][gc,heap        ] GC(336) ParOldGen: 614813K(614912K)->614829K(614912K)
[176.497s][info][gc,metaspace   ] GC(336) Metaspace: 56652K(57024K)->56652K(57024K) NonClass: 48369K(48640K)->48369K(48640K) Class: 8282K(8384K)->8282K(8384K)
[176.497s][info][gc             ] GC(336) Pause Young (Allocation Failure) 797M->601M(803M) 3.629ms
[176.497s][info][gc,cpu         ] GC(336) User=0.01s Sys=0.00s Real=0.01s
[176.985s][info][gc,start       ] GC(337) Pause Young (Allocation Failure)
[176.991s][info][gc,heap        ] GC(337) PSYoungGen: 196192K(207360K)->2144K(190464K) Eden: 195072K(195072K)->0K(187904K) From: 1120K(12288K)->2144K(2560K)
[176.991s][info][gc,heap        ] GC(337) ParOldGen: 614829K(614912K)->614845K(614912K)
[176.991s][info][gc,metaspace   ] GC(337) Metaspace: 56652K(57024K)->56652K(57024K) NonClass: 48369K(48640K)->48369K(48640K) Class: 8282K(8384K)->8282K(8384K)
[176.991s][info][gc             ] GC(337) Pause Young (Allocation Failure) 792M->602M(786M) 5.632ms
[176.991s][info][gc,cpu         ] GC(337) User=0.01s Sys=0.00s Real=0.01s
[177.562s][info][gc,start       ] GC(338) Pause Young (Allocation Failure)
[177.565s][info][gc,heap        ] GC(338) PSYoungGen: 190048K(190464K)->1681K(183296K) Eden: 187904K(187904K)->0K(181248K) From: 2144K(2560K)->1681K(2048K)
[177.565s][info][gc,heap        ] GC(338) ParOldGen: 614845K(614912K)->614861K(614912K)
[177.565s][info][gc,metaspace   ] GC(338) Metaspace: 56652K(57024K)->56652K(57024K) NonClass: 48369K(48640K)->48369K(48640K) Class: 8282K(8384K)->8282K(8384K)
[177.565s][info][gc             ] GC(338) Pause Young (Allocation Failure) 786M->602M(779M) 3.073ms
[177.565s][info][gc,cpu         ] GC(338) User=0.00s Sys=0.00s Real=0.00s
[177.888s][info][gc,start       ] GC(339) Pause Young (Allocation Failure)
[177.894s][info][gc,heap        ] GC(339) PSYoungGen: 182929K(183296K)->2111K(177664K) Eden: 181248K(181248K)->0K(175104K) From: 1681K(2048K)->2111K(2560K)
[177.894s][info][gc,heap        ] GC(339) ParOldGen: 614861K(614912K)->616158K(616448K)
[177.894s][info][gc,metaspace   ] GC(339) Metaspace: 56652K(57024K)->56652K(57024K) NonClass: 48369K(48640K)->48369K(48640K) Class: 8282K(8384K)->8282K(8384K)
[177.894s][info][gc             ] GC(339) Pause Young (Allocation Failure) 779M->603M(775M) 6.232ms
[177.894s][info][gc,cpu         ] GC(339) User=0.01s Sys=0.00s Real=0.00s
[178.299s][info][gc,start       ] GC(340) Pause Young (Allocation Failure)
[178.302s][info][gc,heap        ] GC(340) PSYoungGen: 177215K(177664K)->1311K(170496K) Eden: 175104K(175104K)->0K(168960K) From: 2111K(2560K)->1311K(1536K)
[178.302s][info][gc,heap        ] GC(340) ParOldGen: 616158K(616448K)->616174K(616448K)
[178.302s][info][gc,metaspace   ] GC(340) Metaspace: 56652K(57024K)->56652K(57024K) NonClass: 48369K(48640K)->48369K(48640K) Class: 8282K(8384K)->8282K(8384K)
[178.303s][info][gc             ] GC(340) Pause Young (Allocation Failure) 774M->603M(768M) 3.555ms
[178.303s][info][gc,cpu         ] GC(340) User=0.00s Sys=0.00s Real=0.00s
[178.755s][info][gc,start       ] GC(341) Pause Young (Allocation Failure)
[178.758s][info][gc,heap        ] GC(341) PSYoungGen: 170271K(170496K)->308K(163840K) Eden: 168960K(168960K)->0K(163328K) From: 1311K(1536K)->308K(512K)
[178.758s][info][gc,heap        ] GC(341) ParOldGen: 616174K(616448K)->616190K(616448K)
[178.758s][info][gc,metaspace   ] GC(341) Metaspace: 56652K(57024K)->56652K(57024K) NonClass: 48369K(48640K)->48369K(48640K) Class: 8282K(8384K)->8282K(8384K)
[178.758s][info][gc             ] GC(341) Pause Young (Allocation Failure) 768M->602M(762M) 2.862ms
[178.758s][info][gc,cpu         ] GC(341) User=0.00s Sys=0.00s Real=0.01s
[179.101s][info][gc,start       ] GC(342) Pause Young (Allocation Failure)
[179.103s][info][gc,heap        ] GC(342) PSYoungGen: 163636K(163840K)->352K(166400K) Eden: 163328K(163328K)->0K(157696K) From: 308K(512K)->352K(8704K)
[179.103s][info][gc,heap        ] GC(342) ParOldGen: 616190K(616448K)->616206K(616448K)
[179.103s][info][gc,metaspace   ] GC(342) Metaspace: 56652K(57024K)->56652K(57024K) NonClass: 48369K(48640K)->48369K(48640K) Class: 8282K(8384K)->8282K(8384K)
[179.103s][info][gc             ] GC(342) Pause Young (Allocation Failure) 761M->602M(764M) 2.569ms
[179.103s][info][gc,cpu         ] GC(342) User=0.00s Sys=0.00s Real=0.00s
[179.496s][info][gc,start       ] GC(343) Pause Young (Allocation Failure)
[179.501s][info][gc,heap        ] GC(343) PSYoungGen: 157743K(166400K)->1696K(154624K) Eden: 157391K(157696K)->0K(152576K) From: 352K(8704K)->1696K(2048K)
[179.501s][info][gc,heap        ] GC(343) ParOldGen: 616206K(616448K)->616222K(616448K)
[179.501s][info][gc,metaspace   ] GC(343) Metaspace: 56652K(57024K)->56652K(57024K) NonClass: 48369K(48640K)->48369K(48640K) Class: 8282K(8384K)->8282K(8384K)
[179.501s][info][gc             ] GC(343) Pause Young (Allocation Failure) 755M->603M(753M) 5.119ms
[179.501s][info][gc,cpu         ] GC(343) User=0.00s Sys=0.01s Real=0.00s
[179.879s][info][gc,start       ] GC(344) Pause Young (Allocation Failure)
[179.883s][info][gc,heap        ] GC(344) PSYoungGen: 154272K(154624K)->2079K(150016K) Eden: 152576K(152576K)->0K(147456K) From: 1696K(2048K)->2079K(2560K)
[179.883s][info][gc,heap        ] GC(344) ParOldGen: 616222K(616448K)->616238K(616448K)
[179.883s][info][gc,metaspace   ] GC(344) Metaspace: 56652K(57024K)->56652K(57024K) NonClass: 48369K(48640K)->48369K(48640K) Class: 8282K(8384K)->8282K(8384K)
[179.883s][info][gc             ] GC(344) Pause Young (Allocation Failure) 752M->603M(748M) 4.210ms
[179.883s][info][gc,cpu         ] GC(344) User=0.01s Sys=0.00s Real=0.00s
[180.259s][info][gc,start       ] GC(345) Pause Young (Allocation Failure)
[180.262s][info][gc,heap        ] GC(345) PSYoungGen: 149535K(150016K)->608K(143872K) Eden: 147456K(147456K)->0K(142848K) From: 2079K(2560K)->608K(1024K)
[180.262s][info][gc,heap        ] GC(345) ParOldGen: 616238K(616448K)->616575K(616960K)
[180.262s][info][gc,metaspace   ] GC(345) Metaspace: 56652K(57024K)->56652K(57024K) NonClass: 48369K(48640K)->48369K(48640K) Class: 8282K(8384K)->8282K(8384K)
[180.262s][info][gc             ] GC(345) Pause Young (Allocation Failure) 747M->602M(743M) 3.316ms
[180.262s][info][gc,cpu         ] GC(345) User=0.00s Sys=0.00s Real=0.00s
[180.574s][info][gc,start       ] GC(346) Pause Young (Allocation Failure)
[180.579s][info][gc,heap        ] GC(346) PSYoungGen: 143456K(143872K)->2144K(174080K) Eden: 142848K(142848K)->0K(171520K) From: 608K(1024K)->2144K(2560K)
[180.579s][info][gc,heap        ] GC(346) ParOldGen: 616575K(616960K)->616591K(616960K)
[180.579s][info][gc,metaspace   ] GC(346) Metaspace: 56652K(57024K)->56652K(57024K) NonClass: 48369K(48640K)->48369K(48640K) Class: 8282K(8384K)->8282K(8384K)
[180.579s][info][gc             ] GC(346) Pause Young (Allocation Failure) 742M->604M(772M) 4.911ms
[180.579s][info][gc,cpu         ] GC(346) User=0.00s Sys=0.00s Real=0.01s
[180.986s][info][gc,start       ] GC(347) Pause Young (Allocation Failure)
[180.991s][info][gc,heap        ] GC(347) PSYoungGen: 173436K(174080K)->2016K(204800K) Eden: 171292K(171520K)->0K(198144K) From: 2144K(2560K)->2016K(6656K)
[180.991s][info][gc,heap        ] GC(347) ParOldGen: 616591K(616960K)->616607K(616960K)
[180.991s][info][gc,metaspace   ] GC(347) Metaspace: 56652K(57024K)->56652K(57024K) NonClass: 48369K(48640K)->48369K(48640K) Class: 8282K(8384K)->8282K(8384K)
[180.991s][info][gc             ] GC(347) Pause Young (Allocation Failure) 771M->604M(802M) 4.755ms
[180.991s][info][gc,cpu         ] GC(347) User=0.01s Sys=0.00s Real=0.00s
[181.481s][info][gc,start       ] GC(348) Pause Young (Allocation Failure)
[181.485s][info][gc,heap        ] GC(348) PSYoungGen: 200160K(204800K)->1600K(193024K) Eden: 198144K(198144K)->0K(190976K) From: 2016K(6656K)->1600K(2048K)
[181.485s][info][gc,heap        ] GC(348) ParOldGen: 616607K(616960K)->616623K(616960K)
[181.485s][info][gc,metaspace   ] GC(348) Metaspace: 56652K(57024K)->56652K(57024K) NonClass: 48369K(48640K)->48369K(48640K) Class: 8282K(8384K)->8282K(8384K)
[181.485s][info][gc             ] GC(348) Pause Young (Allocation Failure) 797M->603M(791M) 4.605ms
[181.486s][info][gc,cpu         ] GC(348) User=0.00s Sys=0.00s Real=0.00s
[181.967s][info][gc,start       ] GC(349) Pause Young (Allocation Failure)
[181.971s][info][gc,heap        ] GC(349) PSYoungGen: 192576K(193024K)->1758K(186368K) Eden: 190976K(190976K)->0K(184320K) From: 1600K(2048K)->1758K(2048K)
[181.971s][info][gc,heap        ] GC(349) ParOldGen: 616623K(616960K)->616639K(616960K)
[181.971s][info][gc,metaspace   ] GC(349) Metaspace: 56652K(57024K)->56652K(57024K) NonClass: 48369K(48640K)->48369K(48640K) Class: 8282K(8384K)->8282K(8384K)
[181.971s][info][gc             ] GC(349) Pause Young (Allocation Failure) 790M->603M(784M) 3.940ms
[181.971s][info][gc,cpu         ] GC(349) User=0.01s Sys=0.00s Real=0.00s
[182.388s][info][gc,start       ] GC(350) Pause Young (Allocation Failure)
[182.392s][info][gc,heap        ] GC(350) PSYoungGen: 186078K(186368K)->2080K(180224K) Eden: 184320K(184320K)->0K(177664K) From: 1758K(2048K)->2080K(2560K)
[182.392s][info][gc,heap        ] GC(350) ParOldGen: 616639K(616960K)->616655K(616960K)
[182.392s][info][gc,metaspace   ] GC(350) Metaspace: 56652K(57024K)->56652K(57024K) NonClass: 48369K(48640K)->48369K(48640K) Class: 8282K(8384K)->8282K(8384K)
[182.392s][info][gc             ] GC(350) Pause Young (Allocation Failure) 783M->604M(778M) 4.875ms
[182.392s][info][gc,cpu         ] GC(350) User=0.01s Sys=0.00s Real=0.00s
[182.856s][info][gc,start       ] GC(351) Pause Young (Allocation Failure)
[182.859s][info][gc,heap        ] GC(351) PSYoungGen: 179744K(180224K)->404K(172032K) Eden: 177664K(177664K)->0K(171520K) From: 2080K(2560K)->404K(512K)
[182.859s][info][gc,heap        ] GC(351) ParOldGen: 616655K(616960K)->616671K(616960K)
[182.859s][info][gc,metaspace   ] GC(351) Metaspace: 56654K(57024K)->56654K(57024K) NonClass: 48371K(48640K)->48371K(48640K) Class: 8282K(8384K)->8282K(8384K)
[182.859s][info][gc             ] GC(351) Pause Young (Allocation Failure) 777M->602M(770M) 2.732ms
[182.859s][info][gc,cpu         ] GC(351) User=0.01s Sys=0.00s Real=0.00s
[183.263s][info][gc,start       ] GC(352) Pause Young (Allocation Failure)
[183.265s][info][gc,heap        ] GC(352) PSYoungGen: 171924K(172032K)->256K(170496K) Eden: 171520K(171520K)->0K(165376K) From: 404K(512K)->256K(5120K)
[183.265s][info][gc,heap        ] GC(352) ParOldGen: 616671K(616960K)->616687K(616960K)
[183.265s][info][gc,metaspace   ] GC(352) Metaspace: 56654K(57024K)->56654K(57024K) NonClass: 48371K(48640K)->48371K(48640K) Class: 8282K(8384K)->8282K(8384K)
[183.265s][info][gc             ] GC(352) Pause Young (Allocation Failure) 770M->602M(769M) 2.353ms
[183.265s][info][gc,cpu         ] GC(352) User=0.00s Sys=0.00s Real=0.00s
[183.663s][info][gc,start       ] GC(353) Pause Young (Allocation Failure)
[183.666s][info][gc,heap        ] GC(353) PSYoungGen: 165632K(170496K)->991K(160768K) Eden: 165376K(165376K)->0K(159744K) From: 256K(5120K)->991K(1024K)
[183.666s][info][gc,heap        ] GC(353) ParOldGen: 616687K(616960K)->616703K(616960K)
[183.666s][info][gc,metaspace   ] GC(353) Metaspace: 56654K(57024K)->56654K(57024K) NonClass: 48371K(48640K)->48371K(48640K) Class: 8282K(8384K)->8282K(8384K)
[183.666s][info][gc             ] GC(353) Pause Young (Allocation Failure) 763M->603M(759M) 3.490ms
[183.666s][info][gc,cpu         ] GC(353) User=0.01s Sys=0.00s Real=0.01s
[184.056s][info][gc,start       ] GC(354) Pause Young (Allocation Failure)
[184.059s][info][gc,heap        ] GC(354) PSYoungGen: 160735K(160768K)->584K(155136K) Eden: 159744K(159744K)->0K(154112K) From: 991K(1024K)->584K(1024K)
[184.059s][info][gc,heap        ] GC(354) ParOldGen: 616703K(616960K)->616719K(616960K)
[184.059s][info][gc,metaspace   ] GC(354) Metaspace: 56654K(57024K)->56654K(57024K) NonClass: 48371K(48640K)->48371K(48640K) Class: 8282K(8384K)->8282K(8384K)
[184.059s][info][gc             ] GC(354) Pause Young (Allocation Failure) 759M->602M(754M) 2.493ms
[184.059s][info][gc,cpu         ] GC(354) User=0.00s Sys=0.00s Real=0.00s
[184.401s][info][gc,start       ] GC(355) Pause Young (Allocation Failure)
[184.405s][info][gc,heap        ] GC(355) PSYoungGen: 154534K(155136K)->1472K(150528K) Eden: 153950K(154112K)->0K(148992K) From: 584K(1024K)->1472K(1536K)
[184.405s][info][gc,heap        ] GC(355) ParOldGen: 616719K(616960K)->616735K(616960K)
[184.405s][info][gc,metaspace   ] GC(355) Metaspace: 56654K(57024K)->56654K(57024K) NonClass: 48371K(48640K)->48371K(48640K) Class: 8282K(8384K)->8282K(8384K)
[184.405s][info][gc             ] GC(355) Pause Young (Allocation Failure) 753M->603M(749M) 4.459ms
[184.405s][info][gc,cpu         ] GC(355) User=0.01s Sys=0.00s Real=0.00s
[184.772s][info][gc,start       ] GC(356) Pause Young (Allocation Failure)
[184.776s][info][gc,heap        ] GC(356) PSYoungGen: 150464K(150528K)->1568K(145920K) Eden: 148992K(148992K)->0K(143872K) From: 1472K(1536K)->1568K(2048K)
[184.776s][info][gc,heap        ] GC(356) ParOldGen: 616735K(616960K)->616751K(616960K)
[184.776s][info][gc,metaspace   ] GC(356) Metaspace: 56654K(57024K)->56654K(57024K) NonClass: 48371K(48640K)->48371K(48640K) Class: 8282K(8384K)->8282K(8384K)
[184.776s][info][gc             ] GC(356) Pause Young (Allocation Failure) 749M->603M(745M) 4.091ms
[184.776s][info][gc,cpu         ] GC(356) User=0.00s Sys=0.00s Real=0.01s
[185.110s][info][gc,start       ] GC(357) Pause Young (Allocation Failure)
[185.113s][info][gc,heap        ] GC(357) PSYoungGen: 145371K(145920K)->480K(139776K) Eden: 143803K(143872K)->0K(139264K) From: 1568K(2048K)->480K(512K)
[185.113s][info][gc,heap        ] GC(357) ParOldGen: 616751K(616960K)->616767K(616960K)
[185.113s][info][gc,metaspace   ] GC(357) Metaspace: 56658K(57024K)->56658K(57024K) NonClass: 48376K(48640K)->48376K(48640K) Class: 8282K(8384K)->8282K(8384K)
[185.113s][info][gc             ] GC(357) Pause Young (Allocation Failure) 744M->602M(739M) 2.888ms
[185.113s][info][gc,cpu         ] GC(357) User=0.00s Sys=0.00s Real=0.00s
[185.482s][info][gc,start       ] GC(358) Pause Young (Allocation Failure)
[185.486s][info][gc,heap        ] GC(358) PSYoungGen: 139744K(139776K)->1184K(138752K) Eden: 139264K(139264K)->0K(134656K) From: 480K(512K)->1184K(4096K)
[185.486s][info][gc,heap        ] GC(358) ParOldGen: 616767K(616960K)->616783K(616960K)
[185.486s][info][gc,metaspace   ] GC(358) Metaspace: 56658K(57024K)->56658K(57024K) NonClass: 48376K(48640K)->48376K(48640K) Class: 8282K(8384K)->8282K(8384K)
[185.486s][info][gc             ] GC(358) Pause Young (Allocation Failure) 738M->603M(738M) 3.471ms
[185.486s][info][gc,cpu         ] GC(358) User=0.01s Sys=0.00s Real=0.01s
[185.784s][info][gc,start       ] GC(359) Pause Young (Allocation Failure)
[185.788s][info][gc,heap        ] GC(359) PSYoungGen: 135840K(138752K)->2303K(164352K) Eden: 134656K(134656K)->0K(161792K) From: 1184K(4096K)->2303K(2560K)
[185.788s][info][gc,heap        ] GC(359) ParOldGen: 616783K(616960K)->616799K(616960K)
[185.788s][info][gc,metaspace   ] GC(359) Metaspace: 56658K(57024K)->56658K(57024K) NonClass: 48376K(48640K)->48376K(48640K) Class: 8282K(8384K)->8282K(8384K)
[185.788s][info][gc             ] GC(359) Pause Young (Allocation Failure) 734M->604M(763M) 4.682ms
[185.788s][info][gc,cpu         ] GC(359) User=0.01s Sys=0.00s Real=0.01s
[186.180s][info][gc,start       ] GC(360) Pause Young (Allocation Failure)
[186.185s][info][gc,heap        ] GC(360) PSYoungGen: 163781K(164352K)->1952K(178688K) Eden: 161478K(161792K)->0K(174592K) From: 2303K(2560K)->1952K(4096K)
[186.185s][info][gc,heap        ] GC(360) ParOldGen: 616799K(616960K)->616815K(616960K)
[186.185s][info][gc,metaspace   ] GC(360) Metaspace: 56658K(57024K)->56658K(57024K) NonClass: 48376K(48640K)->48376K(48640K) Class: 8282K(8384K)->8282K(8384K)
[186.185s][info][gc             ] GC(360) Pause Young (Allocation Failure) 762M->604M(777M) 4.916ms
[186.185s][info][gc,cpu         ] GC(360) User=0.01s Sys=0.00s Real=0.00s
[186.593s][info][gc,start       ] GC(361) Pause Young (Allocation Failure)
[186.597s][info][gc,heap        ] GC(361) PSYoungGen: 176535K(178688K)->1440K(199168K) Eden: 174583K(174592K)->0K(195072K) From: 1952K(4096K)->1440K(4096K)
[186.597s][info][gc,heap        ] GC(361) ParOldGen: 616815K(616960K)->616831K(616960K)
[186.597s][info][gc,metaspace   ] GC(361) Metaspace: 56658K(57024K)->56658K(57024K) NonClass: 48376K(48640K)->48376K(48640K) Class: 8282K(8384K)->8282K(8384K)
[186.597s][info][gc             ] GC(361) Pause Young (Allocation Failure) 774M->603M(797M) 4.489ms
[186.597s][info][gc,cpu         ] GC(361) User=0.00s Sys=0.00s Real=0.01s
[187.088s][info][gc,start       ] GC(362) Pause Young (Allocation Failure)
[187.092s][info][gc,heap        ] GC(362) PSYoungGen: 196512K(199168K)->2046K(198656K) Eden: 195072K(195072K)->0K(195072K) From: 1440K(4096K)->2046K(3584K)
[187.092s][info][gc,heap        ] GC(362) ParOldGen: 616831K(616960K)->616847K(616960K)
[187.092s][info][gc,metaspace   ] GC(362) Metaspace: 56658K(57024K)->56658K(57024K) NonClass: 48376K(48640K)->48376K(48640K) Class: 8282K(8384K)->8282K(8384K)
[187.092s][info][gc             ] GC(362) Pause Young (Allocation Failure) 794M->604M(796M) 4.647ms
[187.092s][info][gc,cpu         ] GC(362) User=0.01s Sys=0.00s Real=0.00s
[187.569s][info][gc,start       ] GC(363) Pause Young (Allocation Failure)
[187.574s][info][gc,heap        ] GC(363) PSYoungGen: 197118K(198656K)->1886K(189952K) Eden: 195072K(195072K)->0K(187904K) From: 2046K(3584K)->1886K(2048K)
[187.574s][info][gc,heap        ] GC(363) ParOldGen: 616847K(616960K)->616863K(616960K)
[187.574s][info][gc,metaspace   ] GC(363) Metaspace: 56658K(57024K)->56658K(57024K) NonClass: 48376K(48640K)->48376K(48640K) Class: 8282K(8384K)->8282K(8384K)
[187.574s][info][gc             ] GC(363) Pause Young (Allocation Failure) 794M->604M(788M) 4.729ms
[187.574s][info][gc,cpu         ] GC(363) User=0.01s Sys=0.00s Real=0.00s
[188.022s][info][gc,start       ] GC(364) Pause Young (Allocation Failure)
[188.026s][info][gc,heap        ] GC(364) PSYoungGen: 189790K(189952K)->1375K(182784K) Eden: 187904K(187904K)->0K(181248K) From: 1886K(2048K)->1375K(1536K)
[188.026s][info][gc,heap        ] GC(364) ParOldGen: 616863K(616960K)->616879K(616960K)
[188.026s][info][gc,metaspace   ] GC(364) Metaspace: 56658K(57024K)->56658K(57024K) NonClass: 48376K(48640K)->48376K(48640K) Class: 8282K(8384K)->8282K(8384K)
[188.026s][info][gc             ] GC(364) Pause Young (Allocation Failure) 787M->603M(781M) 4.118ms
[188.027s][info][gc,cpu         ] GC(364) User=0.01s Sys=0.00s Real=0.01s
[188.467s][info][gc,start       ] GC(365) Pause Young (Allocation Failure)
[188.471s][info][gc,heap        ] GC(365) PSYoungGen: 182623K(182784K)->1152K(176640K) Eden: 181248K(181248K)->0K(175104K) From: 1375K(1536K)->1152K(1536K)
[188.471s][info][gc,heap        ] GC(365) ParOldGen: 616879K(616960K)->616895K(616960K)
[188.471s][info][gc,metaspace   ] GC(365) Metaspace: 56658K(57024K)->56658K(57024K) NonClass: 48376K(48640K)->48376K(48640K) Class: 8282K(8384K)->8282K(8384K)
[188.471s][info][gc             ] GC(365) Pause Young (Allocation Failure) 780M->603M(775M) 4.032ms
[188.471s][info][gc,cpu         ] GC(365) User=0.01s Sys=0.00s Real=0.00s
[188.881s][info][gc,start       ] GC(366) Pause Young (Allocation Failure)
[188.886s][info][gc,heap        ] GC(366) PSYoungGen: 176256K(176640K)->2462K(212992K) Eden: 175104K(175104K)->0K(210432K) From: 1152K(1536K)->2462K(2560K)
[188.886s][info][gc,heap        ] GC(366) ParOldGen: 616895K(616960K)->616911K(616960K)
[188.886s][info][gc,metaspace   ] GC(366) Metaspace: 56658K(57024K)->56658K(57024K) NonClass: 48376K(48640K)->48376K(48640K) Class: 8282K(8384K)->8282K(8384K)
[188.886s][info][gc             ] GC(366) Pause Young (Allocation Failure) 774M->604M(810M) 5.742ms
[188.886s][info][gc,cpu         ] GC(366) User=0.01s Sys=0.00s Real=0.01s
[189.391s][info][gc,start       ] GC(367) Pause Young (Allocation Failure)
[189.396s][info][gc,heap        ] GC(367) PSYoungGen: 212661K(212992K)->1984K(231936K) Eden: 210198K(210432K)->0K(228352K) From: 2462K(2560K)->1984K(3584K)
[189.396s][info][gc,heap        ] GC(367) ParOldGen: 616911K(616960K)->616927K(616960K)
[189.396s][info][gc,metaspace   ] GC(367) Metaspace: 56658K(57024K)->56658K(57024K) NonClass: 48376K(48640K)->48376K(48640K) Class: 8282K(8384K)->8282K(8384K)
[189.396s][info][gc             ] GC(367) Pause Young (Allocation Failure) 810M->604M(829M) 4.969ms
[189.396s][info][gc,cpu         ] GC(367) User=0.00s Sys=0.00s Real=0.01s
[189.980s][info][gc,start       ] GC(368) Pause Young (Allocation Failure)
[189.984s][info][gc,heap        ] GC(368) PSYoungGen: 230336K(231936K)->512K(220160K) Eden: 228352K(228352K)->0K(219648K) From: 1984K(3584K)->512K(512K)
[189.984s][info][gc,heap        ] GC(368) ParOldGen: 616927K(616960K)->616943K(616960K)
[189.984s][info][gc,metaspace   ] GC(368) Metaspace: 56658K(57024K)->56658K(57024K) NonClass: 48376K(48640K)->48376K(48640K) Class: 8282K(8384K)->8282K(8384K)
[189.984s][info][gc             ] GC(368) Pause Young (Allocation Failure) 827M->602M(817M) 3.701ms
[189.984s][info][gc,cpu         ] GC(368) User=0.01s Sys=0.00s Real=0.00s
[190.483s][info][gc,start       ] GC(369) Pause Young (Allocation Failure)
[190.488s][info][gc,heap        ] GC(369) PSYoungGen: 220160K(220160K)->2623K(214528K) Eden: 219648K(219648K)->0K(211456K) From: 512K(512K)->2623K(3072K)
[190.488s][info][gc,heap        ] GC(369) ParOldGen: 616943K(616960K)->616959K(616960K)
[190.488s][info][gc,metaspace   ] GC(369) Metaspace: 56658K(57024K)->56658K(57024K) NonClass: 48376K(48640K)->48376K(48640K) Class: 8282K(8384K)->8282K(8384K)
[190.488s][info][gc             ] GC(369) Pause Young (Allocation Failure) 817M->605M(812M) 5.396ms
[190.488s][info][gc,cpu         ] GC(369) User=0.01s Sys=0.00s Real=0.01s
[190.996s][info][gc,start       ] GC(370) Pause Young (Allocation Failure)
[191.000s][info][gc,heap        ] GC(370) PSYoungGen: 214003K(214528K)->1727K(205824K) Eden: 211380K(211456K)->0K(203776K) From: 2623K(3072K)->1727K(2048K)
[191.000s][info][gc,heap        ] GC(370) ParOldGen: 616959K(616960K)->616975K(617472K)
[191.000s][info][gc,metaspace   ] GC(370) Metaspace: 56658K(57024K)->56658K(57024K) NonClass: 48376K(48640K)->48376K(48640K) Class: 8282K(8384K)->8282K(8384K)
[191.000s][info][gc             ] GC(370) Pause Young (Allocation Failure) 811M->604M(804M) 4.237ms
[191.000s][info][gc,cpu         ] GC(370) User=0.00s Sys=0.01s Real=0.00s
[191.496s][info][gc,start       ] GC(371) Pause Young (Allocation Failure)
[191.501s][info][gc,heap        ] GC(371) PSYoungGen: 205503K(205824K)->2175K(198656K) Eden: 203776K(203776K)->0K(196096K) From: 1727K(2048K)->2175K(2560K)
[191.501s][info][gc,heap        ] GC(371) ParOldGen: 616975K(617472K)->616991K(617472K)
[191.501s][info][gc,metaspace   ] GC(371) Metaspace: 56658K(57024K)->56658K(57024K) NonClass: 48376K(48640K)->48376K(48640K) Class: 8282K(8384K)->8282K(8384K)
[191.501s][info][gc             ] GC(371) Pause Young (Allocation Failure) 803M->604M(797M) 4.934ms
[191.501s][info][gc,cpu         ] GC(371) User=0.01s Sys=0.00s Real=0.00s
[191.981s][info][gc,start       ] GC(372) Pause Young (Allocation Failure)
[191.986s][info][gc,heap        ] GC(372) PSYoungGen: 198161K(198656K)->1760K(190976K) Eden: 195986K(196096K)->0K(188928K) From: 2175K(2560K)->1760K(2048K)
[191.986s][info][gc,heap        ] GC(372) ParOldGen: 616991K(617472K)->617007K(617472K)
[191.986s][info][gc,metaspace   ] GC(372) Metaspace: 56658K(57024K)->56658K(57024K) NonClass: 48376K(48640K)->48376K(48640K) Class: 8282K(8384K)->8282K(8384K)
[191.986s][info][gc             ] GC(372) Pause Young (Allocation Failure) 796M->604M(789M) 4.543ms
[191.986s][info][gc,cpu         ] GC(372) User=0.01s Sys=0.00s Real=0.00s
[192.462s][info][gc,start       ] GC(373) Pause Young (Allocation Failure)
[192.465s][info][gc,heap        ] GC(373) PSYoungGen: 190688K(190976K)->980K(183296K) Eden: 188928K(188928K)->0K(182272K) From: 1760K(2048K)->980K(1024K)
[192.465s][info][gc,heap        ] GC(373) ParOldGen: 617007K(617472K)->617023K(617472K)
[192.465s][info][gc,metaspace   ] GC(373) Metaspace: 56658K(57024K)->56658K(57024K) NonClass: 48376K(48640K)->48376K(48640K) Class: 8282K(8384K)->8282K(8384K)
[192.465s][info][gc             ] GC(373) Pause Young (Allocation Failure) 788M->603M(782M) 3.126ms
[192.465s][info][gc,cpu         ] GC(373) User=0.01s Sys=0.00s Real=0.00s
[192.883s][info][gc,start       ] GC(374) Pause Young (Allocation Failure)
[192.887s][info][gc,heap        ] GC(374) PSYoungGen: 182974K(183296K)->1888K(177664K) Eden: 181993K(182272K)->0K(175616K) From: 980K(1024K)->1888K(2048K)
[192.887s][info][gc,heap        ] GC(374) ParOldGen: 617023K(617472K)->617039K(617472K)
[192.887s][info][gc,metaspace   ] GC(374) Metaspace: 56658K(57024K)->56658K(57024K) NonClass: 48376K(48640K)->48376K(48640K) Class: 8282K(8384K)->8282K(8384K)
[192.887s][info][gc             ] GC(374) Pause Young (Allocation Failure) 781M->604M(776M) 4.615ms
[192.887s][info][gc,cpu         ] GC(374) User=0.01s Sys=0.00s Real=0.01s
[193.295s][info][gc,start       ] GC(375) Pause Young (Allocation Failure)
[193.299s][info][gc,heap        ] GC(375) PSYoungGen: 177342K(177664K)->1600K(171520K) Eden: 175454K(175616K)->0K(169472K) From: 1888K(2048K)->1600K(2048K)
[193.299s][info][gc,heap        ] GC(375) ParOldGen: 617039K(617472K)->617055K(617472K)
[193.299s][info][gc,metaspace   ] GC(375) Metaspace: 56658K(57024K)->56658K(57024K) NonClass: 48376K(48640K)->48376K(48640K) Class: 8282K(8384K)->8282K(8384K)
[193.299s][info][gc             ] GC(375) Pause Young (Allocation Failure) 775M->604M(770M) 4.497ms
[193.300s][info][gc,cpu         ] GC(375) User=0.01s Sys=0.00s Real=0.01s
[193.699s][info][gc,start       ] GC(376) Pause Young (Allocation Failure)
[193.702s][info][gc,heap        ] GC(376) PSYoungGen: 171072K(171520K)->1151K(165376K) Eden: 169472K(169472K)->0K(163840K) From: 1600K(2048K)->1151K(1536K)
[193.702s][info][gc,heap        ] GC(376) ParOldGen: 617055K(617472K)->617071K(617472K)
[193.702s][info][gc,metaspace   ] GC(376) Metaspace: 56658K(57024K)->56658K(57024K) NonClass: 48376K(48640K)->48376K(48640K) Class: 8282K(8384K)->8282K(8384K)
[193.702s][info][gc             ] GC(376) Pause Young (Allocation Failure) 769M->603M(764M) 3.333ms
[193.702s][info][gc,cpu         ] GC(376) User=0.00s Sys=0.00s Real=0.00s
[194.196s][info][gc,start       ] GC(377) Pause Young (Allocation Failure)
[194.199s][info][gc,heap        ] GC(377) PSYoungGen: 164991K(165376K)->927K(159232K) Eden: 163840K(163840K)->0K(158208K) From: 1151K(1536K)->927K(1024K)
[194.199s][info][gc,heap        ] GC(377) ParOldGen: 617071K(617472K)->617087K(617472K)
[194.199s][info][gc,metaspace   ] GC(377) Metaspace: 56658K(57024K)->56658K(57024K) NonClass: 48376K(48640K)->48376K(48640K) Class: 8282K(8384K)->8282K(8384K)
[194.199s][info][gc             ] GC(377) Pause Young (Allocation Failure) 763M->603M(758M) 3.097ms
[194.199s][info][gc,cpu         ] GC(377) User=0.00s Sys=0.00s Real=0.00s
[194.502s][info][gc,start       ] GC(378) Pause Young (Allocation Failure)
[194.506s][info][gc,heap        ] GC(378) PSYoungGen: 159135K(159232K)->1695K(155136K) Eden: 158208K(158208K)->0K(153088K) From: 927K(1024K)->1695K(2048K)
[194.506s][info][gc,heap        ] GC(378) ParOldGen: 617087K(617472K)->617103K(617472K)
[194.506s][info][gc,metaspace   ] GC(378) Metaspace: 56658K(57024K)->56658K(57024K) NonClass: 48376K(48640K)->48376K(48640K) Class: 8282K(8384K)->8282K(8384K)
[194.506s][info][gc             ] GC(378) Pause Young (Allocation Failure) 758M->604M(754M) 3.989ms
[194.506s][info][gc,cpu         ] GC(378) User=0.00s Sys=0.00s Real=0.01s
[194.883s][info][gc,start       ] GC(379) Pause Young (Allocation Failure)
[194.887s][info][gc,heap        ] GC(379) PSYoungGen: 154783K(155136K)->1568K(150016K) Eden: 153088K(153088K)->0K(147968K) From: 1695K(2048K)->1568K(2048K)
[194.887s][info][gc,heap        ] GC(379) ParOldGen: 617103K(617472K)->617119K(617472K)
[194.887s][info][gc,metaspace   ] GC(379) Metaspace: 56658K(57024K)->56658K(57024K) NonClass: 48376K(48640K)->48376K(48640K) Class: 8282K(8384K)->8282K(8384K)
[194.887s][info][gc             ] GC(379) Pause Young (Allocation Failure) 753M->604M(749M) 4.164ms
[194.887s][info][gc,cpu         ] GC(379) User=0.00s Sys=0.00s Real=0.01s
[195.269s][info][gc,start       ] GC(380) Pause Young (Allocation Failure)
[195.272s][info][gc,heap        ] GC(380) PSYoungGen: 149536K(150016K)->544K(143872K) Eden: 147968K(147968K)->0K(142848K) From: 1568K(2048K)->544K(1024K)
[195.272s][info][gc,heap        ] GC(380) ParOldGen: 617119K(617472K)->617135K(617472K)
[195.272s][info][gc,metaspace   ] GC(380) Metaspace: 56658K(57024K)->56658K(57024K) NonClass: 48376K(48640K)->48376K(48640K) Class: 8282K(8384K)->8282K(8384K)
[195.272s][info][gc             ] GC(380) Pause Young (Allocation Failure) 748M->603M(743M) 2.864ms
[195.272s][info][gc,cpu         ] GC(380) User=0.00s Sys=0.00s Real=0.00s
[195.585s][info][gc,start       ] GC(381) Pause Young (Allocation Failure)
[195.590s][info][gc,heap        ] GC(381) PSYoungGen: 143392K(143872K)->2623K(174592K) Eden: 142848K(142848K)->0K(171520K) From: 544K(1024K)->2623K(3072K)
[195.590s][info][gc,heap        ] GC(381) ParOldGen: 617135K(617472K)->617151K(617472K)
[195.590s][info][gc,metaspace   ] GC(381) Metaspace: 56658K(57024K)->56658K(57024K) NonClass: 48376K(48640K)->48376K(48640K) Class: 8282K(8384K)->8282K(8384K)
[195.590s][info][gc             ] GC(381) Pause Young (Allocation Failure) 742M->605M(773M) 5.036ms
[195.590s][info][gc,cpu         ] GC(381) User=0.01s Sys=0.00s Real=0.01s
[195.996s][info][gc,start       ] GC(382) Pause Young (Allocation Failure)
[196.000s][info][gc,heap        ] GC(382) PSYoungGen: 174143K(174592K)->1631K(207872K) Eden: 171520K(171520K)->0K(205824K) From: 2623K(3072K)->1631K(2048K)
[196.000s][info][gc,heap        ] GC(382) ParOldGen: 617151K(617472K)->617167K(617472K)
[196.000s][info][gc,metaspace   ] GC(382) Metaspace: 56658K(57024K)->56658K(57024K) NonClass: 48376K(48640K)->48376K(48640K) Class: 8282K(8384K)->8282K(8384K)
[196.000s][info][gc             ] GC(382) Pause Young (Allocation Failure) 772M->604M(806M) 4.139ms
[196.000s][info][gc,cpu         ] GC(382) User=0.01s Sys=0.00s Real=0.00s
[196.499s][info][gc,start       ] GC(383) Pause Young (Allocation Failure)
[196.503s][info][gc,heap        ] GC(383) PSYoungGen: 207455K(207872K)->960K(199168K) Eden: 205824K(205824K)->0K(198144K) From: 1631K(2048K)->960K(1024K)
[196.503s][info][gc,heap        ] GC(383) ParOldGen: 617167K(617472K)->617183K(617472K)
[196.503s][info][gc,metaspace   ] GC(383) Metaspace: 56658K(57024K)->56658K(57024K) NonClass: 48376K(48640K)->48376K(48640K) Class: 8282K(8384K)->8282K(8384K)
[196.503s][info][gc             ] GC(383) Pause Young (Allocation Failure) 805M->603M(797M) 3.435ms
[196.503s][info][gc,cpu         ] GC(383) User=0.00s Sys=0.00s Real=0.00s
[196.993s][info][gc,start       ] GC(384) Pause Young (Allocation Failure)
[196.999s][info][gc,heap        ] GC(384) PSYoungGen: 199104K(199168K)->2335K(193536K) Eden: 198144K(198144K)->0K(190976K) From: 960K(1024K)->2335K(2560K)
[196.999s][info][gc,heap        ] GC(384) ParOldGen: 617183K(617472K)->617199K(617472K)
[196.999s][info][gc,metaspace   ] GC(384) Metaspace: 56658K(57024K)->56658K(57024K) NonClass: 48376K(48640K)->48376K(48640K) Class: 8282K(8384K)->8282K(8384K)
[196.999s][info][gc             ] GC(384) Pause Young (Allocation Failure) 797M->605M(792M) 5.210ms
[196.999s][info][gc,cpu         ] GC(384) User=0.01s Sys=0.00s Real=0.01s
[197.473s][info][gc,start       ] GC(385) Pause Young (Allocation Failure)
[197.477s][info][gc,heap        ] GC(385) PSYoungGen: 193311K(193536K)->1503K(185856K) Eden: 190976K(190976K)->0K(184320K) From: 2335K(2560K)->1503K(1536K)
[197.477s][info][gc,heap        ] GC(385) ParOldGen: 617199K(617472K)->617215K(617472K)
[197.477s][info][gc,metaspace   ] GC(385) Metaspace: 56658K(57024K)->56658K(57024K) NonClass: 48376K(48640K)->48376K(48640K) Class: 8282K(8384K)->8282K(8384K)
[197.477s][info][gc             ] GC(385) Pause Young (Allocation Failure) 791M->604M(784M) 3.960ms
[197.477s][info][gc,cpu         ] GC(385) User=0.00s Sys=0.00s Real=0.01s
[197.919s][info][gc,start       ] GC(386) Pause Young (Allocation Failure)
[197.923s][info][gc,heap        ] GC(386) PSYoungGen: 185667K(185856K)->1024K(178688K) Eden: 184164K(184320K)->0K(177664K) From: 1503K(1536K)->1024K(1024K)
[197.923s][info][gc,heap        ] GC(386) ParOldGen: 617215K(617472K)->617231K(617472K)
[197.923s][info][gc,metaspace   ] GC(386) Metaspace: 56658K(57024K)->56658K(57024K) NonClass: 48376K(48640K)->48376K(48640K) Class: 8282K(8384K)->8282K(8384K)
[197.923s][info][gc             ] GC(386) Pause Young (Allocation Failure) 784M->603M(777M) 3.727ms
[197.923s][info][gc,cpu         ] GC(386) User=0.00s Sys=0.00s Real=0.00s
[198.364s][info][gc,start       ] GC(387) Pause Young (Allocation Failure)
[198.368s][info][gc,heap        ] GC(387) PSYoungGen: 178688K(178688K)->1247K(173056K) Eden: 177664K(177664K)->0K(171520K) From: 1024K(1024K)->1247K(1536K)
[198.368s][info][gc,heap        ] GC(387) ParOldGen: 617231K(617472K)->617247K(617472K)
[198.368s][info][gc,metaspace   ] GC(387) Metaspace: 56665K(57024K)->56665K(57024K) NonClass: 48382K(48640K)->48382K(48640K) Class: 8282K(8384K)->8282K(8384K)
[198.368s][info][gc             ] GC(387) Pause Young (Allocation Failure) 777M->603M(772M) 3.594ms
[198.368s][info][gc,cpu         ] GC(387) User=0.01s Sys=0.00s Real=0.01s
[198.782s][info][gc,start       ] GC(388) Pause Young (Allocation Failure)
[198.787s][info][gc,heap        ] GC(388) PSYoungGen: 172767K(173056K)->1728K(167424K) Eden: 171520K(171520K)->0K(165376K) From: 1247K(1536K)->1728K(2048K)
[198.787s][info][gc,heap        ] GC(388) ParOldGen: 617247K(617472K)->617263K(617472K)
[198.787s][info][gc,metaspace   ] GC(388) Metaspace: 56665K(57024K)->56665K(57024K) NonClass: 48382K(48640K)->48382K(48640K) Class: 8282K(8384K)->8282K(8384K)
[198.787s][info][gc             ] GC(388) Pause Young (Allocation Failure) 771M->604M(766M) 4.590ms
[198.787s][info][gc,cpu         ] GC(388) User=0.01s Sys=0.00s Real=0.01s
[199.178s][info][gc,start       ] GC(389) Pause Young (Allocation Failure)
[199.182s][info][gc,heap        ] GC(389) PSYoungGen: 167104K(167424K)->1823K(161792K) Eden: 165376K(165376K)->0K(159744K) From: 1728K(2048K)->1823K(2048K)
[199.182s][info][gc,heap        ] GC(389) ParOldGen: 617263K(617472K)->617279K(617472K)
[199.182s][info][gc,metaspace   ] GC(389) Metaspace: 56665K(57024K)->56665K(57024K) NonClass: 48382K(48640K)->48382K(48640K) Class: 8282K(8384K)->8282K(8384K)
[199.182s][info][gc             ] GC(389) Pause Young (Allocation Failure) 765M->604M(761M) 4.413ms
[199.182s][info][gc,cpu         ] GC(389) User=0.01s Sys=0.01s Real=0.00s
[199.571s][info][gc,start       ] GC(390) Pause Young (Allocation Failure)
[199.575s][info][gc,heap        ] GC(390) PSYoungGen: 161567K(161792K)->1471K(155648K) Eden: 159744K(159744K)->0K(154112K) From: 1823K(2048K)->1471K(1536K)
[199.575s][info][gc,heap        ] GC(390) ParOldGen: 617279K(617472K)->617295K(617472K)
[199.575s][info][gc,metaspace   ] GC(390) Metaspace: 56665K(57024K)->56665K(57024K) NonClass: 48382K(48640K)->48382K(48640K) Class: 8282K(8384K)->8282K(8384K)
[199.575s][info][gc             ] GC(390) Pause Young (Allocation Failure) 760M->604M(755M) 3.965ms
[199.575s][info][gc,cpu         ] GC(390) User=0.00s Sys=0.00s Real=0.00s
[200.006s][info][gc,start       ] GC(391) Pause Young (Allocation Failure)
[200.011s][info][gc,heap        ] GC(391) PSYoungGen: 155583K(155648K)->2655K(152064K) Eden: 154112K(154112K)->0K(148992K) From: 1471K(1536K)->2655K(3072K)
[200.011s][info][gc,heap        ] GC(391) ParOldGen: 617295K(617472K)->617311K(617472K)
[200.011s][info][gc,metaspace   ] GC(391) Metaspace: 56665K(57024K)->56665K(57024K) NonClass: 48382K(48640K)->48382K(48640K) Class: 8282K(8384K)->8282K(8384K)
[200.011s][info][gc             ] GC(391) Pause Young (Allocation Failure) 754M->605M(751M) 5.414ms
[200.011s][info][gc,cpu         ] GC(391) User=0.01s Sys=0.00s Real=0.00s
[200.292s][info][gc,start       ] GC(392) Pause Young (Allocation Failure)
[200.297s][info][gc,heap        ] GC(392) PSYoungGen: 151647K(152064K)->1536K(180736K) Eden: 148992K(148992K)->0K(179200K) From: 2655K(3072K)->1536K(1536K)
[200.297s][info][gc,heap        ] GC(392) ParOldGen: 617311K(617472K)->617327K(617472K)
[200.297s][info][gc,metaspace   ] GC(392) Metaspace: 56665K(57024K)->56665K(57024K) NonClass: 48382K(48640K)->48382K(48640K) Class: 8282K(8384K)->8282K(8384K)
[200.297s][info][gc             ] GC(392) Pause Young (Allocation Failure) 750M->604M(779M) 4.454ms
[200.297s][info][gc,cpu         ] GC(392) User=0.01s Sys=0.00s Real=0.01s
[200.755s][info][gc,start       ] GC(393) Pause Young (Allocation Failure)
[200.758s][info][gc,heap        ] GC(393) PSYoungGen: 180736K(180736K)->273K(173568K) Eden: 179200K(179200K)->0K(173056K) From: 1536K(1536K)->273K(512K)
[200.758s][info][gc,heap        ] GC(393) ParOldGen: 617327K(617472K)->617343K(617472K)
[200.758s][info][gc,metaspace   ] GC(393) Metaspace: 56665K(57024K)->56665K(57024K) NonClass: 48382K(48640K)->48382K(48640K) Class: 8282K(8384K)->8282K(8384K)
[200.758s][info][gc             ] GC(393) Pause Young (Allocation Failure) 779M->603M(772M) 2.787ms
[200.758s][info][gc,cpu         ] GC(393) User=0.00s Sys=0.00s Real=0.01s
[201.167s][info][gc,start       ] GC(394) Pause Young (Allocation Failure)
[201.170s][info][gc,heap        ] GC(394) PSYoungGen: 173329K(173568K)->1279K(169984K) Eden: 173056K(173056K)->0K(166912K) From: 273K(512K)->1279K(3072K)
[201.170s][info][gc,heap        ] GC(394) ParOldGen: 617343K(617472K)->617359K(617472K)
[201.170s][info][gc,metaspace   ] GC(394) Metaspace: 56665K(57024K)->56665K(57024K) NonClass: 48382K(48640K)->48382K(48640K) Class: 8282K(8384K)->8282K(8384K)
[201.170s][info][gc             ] GC(394) Pause Young (Allocation Failure) 772M->604M(769M) 3.397ms
[201.170s][info][gc,cpu         ] GC(394) User=0.01s Sys=0.00s Real=0.00s
[201.583s][info][gc,start       ] GC(395) Pause Young (Allocation Failure)
[201.587s][info][gc,heap        ] GC(395) PSYoungGen: 168191K(169984K)->1727K(163328K) Eden: 166912K(166912K)->0K(161280K) From: 1279K(3072K)->1727K(2048K)
[201.587s][info][gc,heap        ] GC(395) ParOldGen: 617359K(617472K)->617375K(617472K)
[201.587s][info][gc,metaspace   ] GC(395) Metaspace: 56665K(57024K)->56665K(57024K) NonClass: 48382K(48640K)->48382K(48640K) Class: 8282K(8384K)->8282K(8384K)
[201.587s][info][gc             ] GC(395) Pause Young (Allocation Failure) 767M->604M(762M) 4.170ms
[201.587s][info][gc,cpu         ] GC(395) User=0.01s Sys=0.00s Real=0.01s
[201.970s][info][gc,start       ] GC(396) Pause Young (Allocation Failure)
[201.974s][info][gc,heap        ] GC(396) PSYoungGen: 163007K(163328K)->1759K(157696K) Eden: 161280K(161280K)->0K(155648K) From: 1727K(2048K)->1759K(2048K)
[201.974s][info][gc,heap        ] GC(396) ParOldGen: 617375K(617472K)->617391K(617472K)
[201.974s][info][gc,metaspace   ] GC(396) Metaspace: 56665K(57024K)->56665K(57024K) NonClass: 48382K(48640K)->48382K(48640K) Class: 8282K(8384K)->8282K(8384K)
[201.974s][info][gc             ] GC(396) Pause Young (Allocation Failure) 762M->604M(757M) 4.311ms
[201.974s][info][gc,cpu         ] GC(396) User=0.01s Sys=0.00s Real=0.00s
[202.358s][info][gc,start       ] GC(397) Pause Young (Allocation Failure)
[202.360s][info][gc,heap        ] GC(397) PSYoungGen: 157153K(157696K)->320K(151040K) Eden: 155394K(155648K)->0K(150528K) From: 1759K(2048K)->320K(512K)
[202.360s][info][gc,heap        ] GC(397) ParOldGen: 617391K(617472K)->617407K(617472K)
[202.360s][info][gc,metaspace   ] GC(397) Metaspace: 56665K(57024K)->56665K(57024K) NonClass: 48382K(48640K)->48382K(48640K) Class: 8282K(8384K)->8282K(8384K)
[202.360s][info][gc             ] GC(397) Pause Young (Allocation Failure) 756M->603M(750M) 2.685ms
[202.361s][info][gc,cpu         ] GC(397) User=0.00s Sys=0.00s Real=0.00s
[202.688s][info][gc,start       ] GC(398) Pause Young (Allocation Failure)
[202.693s][info][gc,heap        ] GC(398) PSYoungGen: 150848K(151040K)->2335K(183808K) Eden: 150528K(150528K)->0K(180736K) From: 320K(512K)->2335K(3072K)
[202.693s][info][gc,heap        ] GC(398) ParOldGen: 617407K(617472K)->617423K(617472K)
[202.693s][info][gc,metaspace   ] GC(398) Metaspace: 56665K(57024K)->56665K(57024K) NonClass: 48382K(48640K)->48382K(48640K) Class: 8282K(8384K)->8282K(8384K)
[202.693s][info][gc             ] GC(398) Pause Young (Allocation Failure) 750M->605M(782M) 5.043ms
[202.693s][info][gc,cpu         ] GC(398) User=0.01s Sys=0.00s Real=0.00s
[203.161s][info][gc,start       ] GC(399) Pause Young (Allocation Failure)
[203.165s][info][gc,heap        ] GC(399) PSYoungGen: 183071K(183808K)->1183K(176128K) Eden: 180736K(180736K)->0K(174592K) From: 2335K(3072K)->1183K(1536K)
[203.165s][info][gc,heap        ] GC(399) ParOldGen: 617423K(617472K)->617439K(617472K)
[203.165s][info][gc,metaspace   ] GC(399) Metaspace: 56665K(57024K)->56665K(57024K) NonClass: 48382K(48640K)->48382K(48640K) Class: 8282K(8384K)->8282K(8384K)
[203.165s][info][gc             ] GC(399) Pause Young (Allocation Failure) 781M->604M(775M) 3.396ms
[203.165s][info][gc,cpu         ] GC(399) User=0.00s Sys=0.00s Real=0.00s
[203.593s][info][gc,start       ] GC(400) Pause Young (Allocation Failure)
[203.600s][info][gc,heap        ] GC(400) PSYoungGen: 175771K(176128K)->3072K(190976K) Eden: 174588K(174592K)->0K(187904K) From: 1183K(1536K)->3072K(3072K)
[203.600s][info][gc,heap        ] GC(400) ParOldGen: 617439K(617472K)->617559K(617984K)
[203.600s][info][gc,metaspace   ] GC(400) Metaspace: 56665K(57024K)->56665K(57024K) NonClass: 48382K(48640K)->48382K(48640K) Class: 8282K(8384K)->8282K(8384K)
[203.600s][info][gc             ] GC(400) Pause Young (Allocation Failure) 774M->606M(790M) 6.853ms
[203.600s][info][gc,cpu         ] GC(400) User=0.01s Sys=0.01s Real=0.01s
[204.057s][info][gc,start       ] GC(401) Pause Young (Allocation Failure)
[204.063s][info][gc,heap        ] GC(401) PSYoungGen: 190976K(190976K)->574K(213504K) Eden: 187904K(187904K)->0K(209920K) From: 3072K(3072K)->574K(3584K)
[204.063s][info][gc,heap        ] GC(401) ParOldGen: 617559K(617984K)->620303K(620544K)
[204.063s][info][gc,metaspace   ] GC(401) Metaspace: 56665K(57024K)->56665K(57024K) NonClass: 48382K(48640K)->48382K(48640K) Class: 8282K(8384K)->8282K(8384K)
[204.063s][info][gc             ] GC(401) Pause Young (Allocation Failure) 789M->606M(814M) 6.444ms
[204.063s][info][gc,cpu         ] GC(401) User=0.01s Sys=0.01s Real=0.00s
[204.565s][info][gc,start       ] GC(402) Pause Young (Allocation Failure)
[204.569s][info][gc,heap        ] GC(402) PSYoungGen: 210494K(213504K)->704K(213504K) Eden: 209920K(209920K)->0K(209920K) From: 574K(3584K)->704K(3584K)
[204.569s][info][gc,heap        ] GC(402) ParOldGen: 620303K(620544K)->620519K(620544K)
[204.569s][info][gc,metaspace   ] GC(402) Metaspace: 56665K(57024K)->56665K(57024K) NonClass: 48382K(48640K)->48382K(48640K) Class: 8282K(8384K)->8282K(8384K)
[204.569s][info][gc             ] GC(402) Pause Young (Allocation Failure) 811M->606M(814M) 3.800ms
[204.569s][info][gc,cpu         ] GC(402) User=0.01s Sys=0.00s Real=0.01s
[205.070s][info][gc,start       ] GC(403) Pause Young (Allocation Failure)
[205.074s][info][gc,heap        ] GC(403) PSYoungGen: 210624K(213504K)->1886K(255488K) Eden: 209920K(209920K)->0K(251904K) From: 704K(3584K)->1886K(3584K)
[205.074s][info][gc,heap        ] GC(403) ParOldGen: 620519K(620544K)->620535K(620544K)
[205.075s][info][gc,metaspace   ] GC(403) Metaspace: 56665K(57024K)->56665K(57024K) NonClass: 48382K(48640K)->48382K(48640K) Class: 8282K(8384K)->8282K(8384K)
[205.075s][info][gc             ] GC(403) Pause Young (Allocation Failure) 811M->607M(855M) 4.740ms
[205.075s][info][gc,cpu         ] GC(403) User=0.01s Sys=0.00s Real=0.00s
[205.685s][info][gc,start       ] GC(404) Pause Young (Allocation Failure)
[205.689s][info][gc,heap        ] GC(404) PSYoungGen: 253790K(255488K)->1310K(243712K) Eden: 251904K(251904K)->0K(242176K) From: 1886K(3584K)->1310K(1536K)
[205.689s][info][gc,heap        ] GC(404) ParOldGen: 620535K(620544K)->620551K(621056K)
[205.689s][info][gc,metaspace   ] GC(404) Metaspace: 56665K(57024K)->56665K(57024K) NonClass: 48382K(48640K)->48382K(48640K) Class: 8282K(8384K)->8282K(8384K)
[205.689s][info][gc             ] GC(404) Pause Young (Allocation Failure) 853M->607M(844M) 3.805ms
[205.689s][info][gc,cpu         ] GC(404) User=0.01s Sys=0.01s Real=0.01s
[206.306s][info][gc,start       ] GC(405) Pause Young (Allocation Failure)
[206.311s][info][gc,heap        ] GC(405) PSYoungGen: 243486K(243712K)->1950K(235008K) Eden: 242176K(242176K)->0K(232960K) From: 1310K(1536K)->1950K(2048K)
[206.311s][info][gc,heap        ] GC(405) ParOldGen: 620551K(621056K)->620567K(621056K)
[206.311s][info][gc,metaspace   ] GC(405) Metaspace: 56665K(57024K)->56665K(57024K) NonClass: 48382K(48640K)->48382K(48640K) Class: 8282K(8384K)->8282K(8384K)
[206.311s][info][gc             ] GC(405) Pause Young (Allocation Failure) 843M->607M(836M) 4.936ms
[206.311s][info][gc,cpu         ] GC(405) User=0.01s Sys=0.00s Real=0.00s
[206.859s][info][gc,start       ] GC(406) Pause Young (Allocation Failure)
[206.862s][info][gc,heap        ] GC(406) PSYoungGen: 234910K(235008K)->660K(225280K) Eden: 232960K(232960K)->0K(224256K) From: 1950K(2048K)->660K(1024K)
[206.862s][info][gc,heap        ] GC(406) ParOldGen: 620567K(621056K)->620583K(621056K)
[206.862s][info][gc,metaspace   ] GC(406) Metaspace: 56665K(57024K)->56665K(57024K) NonClass: 48382K(48640K)->48382K(48640K) Class: 8282K(8384K)->8282K(8384K)
[206.862s][info][gc             ] GC(406) Pause Young (Allocation Failure) 835M->606M(826M) 3.156ms
[206.862s][info][gc,cpu         ] GC(406) User=0.00s Sys=0.00s Real=0.00s
[207.386s][info][gc,start       ] GC(407) Pause Young (Allocation Failure)
[207.393s][info][gc,heap        ] GC(407) PSYoungGen: 224916K(225280K)->2080K(218624K) Eden: 224256K(224256K)->0K(216064K) From: 660K(1024K)->2080K(2560K)
[207.393s][info][gc,heap        ] GC(407) ParOldGen: 620583K(621056K)->620599K(621056K)
[207.393s][info][gc,metaspace   ] GC(407) Metaspace: 56665K(57024K)->56665K(57024K) NonClass: 48382K(48640K)->48382K(48640K) Class: 8282K(8384K)->8282K(8384K)
[207.393s][info][gc             ] GC(407) Pause Young (Allocation Failure) 825M->608M(820M) 6.460ms
[207.393s][info][gc,cpu         ] GC(407) User=0.02s Sys=0.00s Real=0.00s
[207.900s][info][gc,start       ] GC(408) Pause Young (Allocation Failure)
[207.903s][info][gc,heap        ] GC(408) PSYoungGen: 218144K(218624K)->1343K(209408K) Eden: 216064K(216064K)->0K(207872K) From: 2080K(2560K)->1343K(1536K)
[207.903s][info][gc,heap        ] GC(408) ParOldGen: 620599K(621056K)->620615K(621056K)
[207.903s][info][gc,metaspace   ] GC(408) Metaspace: 56665K(57024K)->56665K(57024K) NonClass: 48382K(48640K)->48382K(48640K) Class: 8282K(8384K)->8282K(8384K)
[207.903s][info][gc             ] GC(408) Pause Young (Allocation Failure) 819M->607M(811M) 3.771ms
[207.903s][info][gc,cpu         ] GC(408) User=0.01s Sys=0.00s Real=0.00s
[208.408s][info][gc,start       ] GC(409) Pause Young (Allocation Failure)
[208.411s][info][gc,heap        ] GC(409) PSYoungGen: 209215K(209408K)->608K(201216K) Eden: 207872K(207872K)->0K(200192K) From: 1343K(1536K)->608K(1024K)
[208.411s][info][gc,heap        ] GC(409) ParOldGen: 620615K(621056K)->620631K(621056K)
[208.411s][info][gc,metaspace   ] GC(409) Metaspace: 56665K(57024K)->56665K(57024K) NonClass: 48382K(48640K)->48382K(48640K) Class: 8282K(8384K)->8282K(8384K)
[208.411s][info][gc             ] GC(409) Pause Young (Allocation Failure) 810M->606M(803M) 3.301ms
[208.411s][info][gc,cpu         ] GC(409) User=0.01s Sys=0.00s Real=0.00s
[208.944s][info][gc,start       ] GC(410) Pause Young (Allocation Failure)
[208.948s][info][gc,heap        ] GC(410) PSYoungGen: 200800K(201216K)->2143K(195584K) Eden: 200192K(200192K)->0K(193024K) From: 608K(1024K)->2143K(2560K)
[208.948s][info][gc,heap        ] GC(410) ParOldGen: 620631K(621056K)->620647K(621056K)
[208.948s][info][gc,metaspace   ] GC(410) Metaspace: 56665K(57024K)->56665K(57024K) NonClass: 48382K(48640K)->48382K(48640K) Class: 8282K(8384K)->8282K(8384K)
[208.948s][info][gc             ] GC(410) Pause Young (Allocation Failure) 802M->608M(797M) 4.807ms
[208.949s][info][gc,cpu         ] GC(410) User=0.01s Sys=0.00s Real=0.01s
[209.374s][info][gc,start       ] GC(411) Pause Young (Allocation Failure)
[209.378s][info][gc,heap        ] GC(411) PSYoungGen: 195167K(195584K)->1536K(187392K) Eden: 193024K(193024K)->0K(185856K) From: 2143K(2560K)->1536K(1536K)
[209.378s][info][gc,heap        ] GC(411) ParOldGen: 620647K(621056K)->620663K(621056K)
[209.378s][info][gc,metaspace   ] GC(411) Metaspace: 56665K(57024K)->56665K(57024K) NonClass: 48382K(48640K)->48382K(48640K) Class: 8282K(8384K)->8282K(8384K)
[209.378s][info][gc             ] GC(411) Pause Young (Allocation Failure) 796M->607M(789M) 4.483ms
[209.378s][info][gc,cpu         ] GC(411) User=0.01s Sys=0.00s Real=0.01s
[209.847s][info][gc,start       ] GC(412) Pause Young (Allocation Failure)
[209.850s][info][gc,heap        ] GC(412) PSYoungGen: 187382K(187392K)->64K(179712K) Eden: 185846K(185856K)->0K(179200K) From: 1536K(1536K)->64K(512K)
[209.850s][info][gc,heap        ] GC(412) ParOldGen: 620663K(621056K)->620679K(621056K)
[209.850s][info][gc,metaspace   ] GC(412) Metaspace: 56665K(57024K)->56665K(57024K) NonClass: 48382K(48640K)->48382K(48640K) Class: 8282K(8384K)->8282K(8384K)
[209.850s][info][gc             ] GC(412) Pause Young (Allocation Failure) 789M->606M(782M) 2.433ms
[209.850s][info][gc,cpu         ] GC(412) User=0.01s Sys=0.00s Real=0.00s
[210.272s][info][gc,start       ] GC(413) Pause Young (Allocation Failure)
[210.276s][info][gc,heap        ] GC(413) PSYoungGen: 178996K(179712K)->1376K(174592K) Eden: 178932K(179200K)->0K(173056K) From: 64K(512K)->1376K(1536K)
[210.276s][info][gc,heap        ] GC(413) ParOldGen: 620679K(621056K)->620695K(621056K)
[210.276s][info][gc,metaspace   ] GC(413) Metaspace: 56665K(57024K)->56665K(57024K) NonClass: 48382K(48640K)->48382K(48640K) Class: 8282K(8384K)->8282K(8384K)
[210.276s][info][gc             ] GC(413) Pause Young (Allocation Failure) 780M->607M(777M) 4.245ms
[210.276s][info][gc,cpu         ] GC(413) User=0.01s Sys=0.00s Real=0.01s
[210.684s][info][gc,start       ] GC(414) Pause Young (Allocation Failure)
[210.689s][info][gc,heap        ] GC(414) PSYoungGen: 174432K(174592K)->1983K(168960K) Eden: 173056K(173056K)->0K(166912K) From: 1376K(1536K)->1983K(2048K)
[210.689s][info][gc,heap        ] GC(414) ParOldGen: 620695K(621056K)->620711K(621056K)
[210.689s][info][gc,metaspace   ] GC(414) Metaspace: 56665K(57024K)->56665K(57024K) NonClass: 48382K(48640K)->48382K(48640K) Class: 8282K(8384K)->8282K(8384K)
[210.689s][info][gc             ] GC(414) Pause Young (Allocation Failure) 776M->608M(771M) 4.530ms
[210.689s][info][gc,cpu         ] GC(414) User=0.01s Sys=0.00s Real=0.01s
[211.185s][info][gc,start       ] GC(415) Pause Young (Allocation Failure)
[211.189s][info][gc,heap        ] GC(415) PSYoungGen: 168895K(168960K)->1950K(163328K) Eden: 166912K(166912K)->0K(161280K) From: 1983K(2048K)->1950K(2048K)
[211.189s][info][gc,heap        ] GC(415) ParOldGen: 620711K(621056K)->620727K(621056K)
[211.189s][info][gc,metaspace   ] GC(415) Metaspace: 56665K(57024K)->56665K(57024K) NonClass: 48382K(48640K)->48382K(48640K) Class: 8282K(8384K)->8282K(8384K)
[211.189s][info][gc             ] GC(415) Pause Young (Allocation Failure) 771M->608M(766M) 3.930ms
[211.189s][info][gc,cpu         ] GC(415) User=0.01s Sys=0.00s Real=0.01s
[211.485s][info][gc,start       ] GC(416) Pause Young (Allocation Failure)
[211.488s][info][gc,heap        ] GC(416) PSYoungGen: 163230K(163328K)->992K(156672K) Eden: 161280K(161280K)->0K(155648K) From: 1950K(2048K)->992K(1024K)
[211.488s][info][gc,heap        ] GC(416) ParOldGen: 620727K(621056K)->620743K(621056K)
[211.488s][info][gc,metaspace   ] GC(416) Metaspace: 56665K(57024K)->56665K(57024K) NonClass: 48382K(48640K)->48382K(48640K) Class: 8282K(8384K)->8282K(8384K)
[211.488s][info][gc             ] GC(416) Pause Young (Allocation Failure) 765M->607M(759M) 3.568ms
[211.488s][info][gc,cpu         ] GC(416) User=0.00s Sys=0.00s Real=0.01s
[211.877s][info][gc,start       ] GC(417) Pause Young (Allocation Failure)
[211.881s][info][gc,heap        ] GC(417) PSYoungGen: 156640K(156672K)->1855K(152576K) Eden: 155648K(155648K)->0K(150528K) From: 992K(1024K)->1855K(2048K)
[211.881s][info][gc,heap        ] GC(417) ParOldGen: 620743K(621056K)->620759K(621056K)
[211.881s][info][gc,metaspace   ] GC(417) Metaspace: 56665K(57024K)->56665K(57024K) NonClass: 48382K(48640K)->48382K(48640K) Class: 8282K(8384K)->8282K(8384K)
[211.881s][info][gc             ] GC(417) Pause Young (Allocation Failure) 759M->608M(755M) 4.415ms
[211.881s][info][gc,cpu         ] GC(417) User=0.01s Sys=0.00s Real=0.00s
[212.256s][info][gc,start       ] GC(418) Pause Young (Allocation Failure)
[212.258s][info][gc,heap        ] GC(418) PSYoungGen: 152383K(152576K)->160K(145920K) Eden: 150528K(150528K)->0K(145408K) From: 1855K(2048K)->160K(512K)
[212.258s][info][gc,heap        ] GC(418) ParOldGen: 620759K(621056K)->620775K(621056K)
[212.258s][info][gc,metaspace   ] GC(418) Metaspace: 56665K(57024K)->56665K(57024K) NonClass: 48382K(48640K)->48382K(48640K) Class: 8282K(8384K)->8282K(8384K)
[212.258s][info][gc             ] GC(418) Pause Young (Allocation Failure) 755M->606M(749M) 2.503ms
[212.258s][info][gc,cpu         ] GC(418) User=0.00s Sys=0.00s Real=0.01s
[212.597s][info][gc,start       ] GC(419) Pause Young (Allocation Failure)
[212.601s][info][gc,heap        ] GC(419) PSYoungGen: 145568K(145920K)->1599K(142848K) Eden: 145408K(145408K)->0K(140800K) From: 160K(512K)->1599K(2048K)
[212.601s][info][gc,heap        ] GC(419) ParOldGen: 620775K(621056K)->620791K(621056K)
[212.601s][info][gc,metaspace   ] GC(419) Metaspace: 56665K(57024K)->56665K(57024K) NonClass: 48382K(48640K)->48382K(48640K) Class: 8282K(8384K)->8282K(8384K)
[212.601s][info][gc             ] GC(419) Pause Young (Allocation Failure) 748M->607M(746M) 3.968ms
[212.601s][info][gc,cpu         ] GC(419) User=0.01s Sys=0.00s Real=0.00s
[212.958s][info][gc,start       ] GC(420) Pause Young (Allocation Failure)
[212.961s][info][gc,heap        ] GC(420) PSYoungGen: 142399K(142848K)->510K(136704K) Eden: 140800K(140800K)->0K(136192K) From: 1599K(2048K)->510K(512K)
[212.961s][info][gc,heap        ] GC(420) ParOldGen: 620791K(621056K)->620807K(621056K)
[212.961s][info][gc,metaspace   ] GC(420) Metaspace: 56665K(57024K)->56665K(57024K) NonClass: 48382K(48640K)->48382K(48640K) Class: 8282K(8384K)->8282K(8384K)
[212.961s][info][gc             ] GC(420) Pause Young (Allocation Failure) 745M->606M(740M) 2.876ms
[212.961s][info][gc,cpu         ] GC(420) User=0.00s Sys=0.00s Real=0.00s
[213.274s][info][gc,start       ] GC(421) Pause Young (Allocation Failure)
[213.279s][info][gc,heap        ] GC(421) PSYoungGen: 136702K(136704K)->1951K(134144K) Eden: 136192K(136192K)->0K(132096K) From: 510K(512K)->1951K(2048K)
[213.279s][info][gc,heap        ] GC(421) ParOldGen: 620807K(621056K)->620823K(621056K)
[213.279s][info][gc,metaspace   ] GC(421) Metaspace: 56666K(57024K)->56666K(57024K) NonClass: 48383K(48640K)->48383K(48640K) Class: 8282K(8384K)->8282K(8384K)
[213.279s][info][gc             ] GC(421) Pause Young (Allocation Failure) 739M->608M(737M) 4.532ms
[213.279s][info][gc,cpu         ] GC(421) User=0.01s Sys=0.00s Real=0.01s
[213.664s][info][gc,start       ] GC(422) Pause Young (Allocation Failure)
[213.667s][info][gc,heap        ] GC(422) PSYoungGen: 134047K(134144K)->1055K(129536K) Eden: 132096K(132096K)->0K(128000K) From: 1951K(2048K)->1055K(1536K)
[213.667s][info][gc,heap        ] GC(422) ParOldGen: 620823K(621056K)->620839K(621056K)
[213.667s][info][gc,metaspace   ] GC(422) Metaspace: 56666K(57024K)->56666K(57024K) NonClass: 48383K(48640K)->48383K(48640K) Class: 8282K(8384K)->8282K(8384K)
[213.667s][info][gc             ] GC(422) Pause Young (Allocation Failure) 737M->607M(733M) 3.341ms
[213.667s][info][gc,cpu         ] GC(422) User=0.01s Sys=0.00s Real=0.01s
[213.891s][info][gc,start       ] GC(423) Pause Young (Allocation Failure)
[213.896s][info][gc,heap        ] GC(423) PSYoungGen: 129055K(129536K)->2016K(155648K) Eden: 128000K(128000K)->0K(153600K) From: 1055K(1536K)->2016K(2048K)
[213.896s][info][gc,heap        ] GC(423) ParOldGen: 620839K(621056K)->620855K(621056K)
[213.896s][info][gc,metaspace   ] GC(423) Metaspace: 56666K(57024K)->56666K(57024K) NonClass: 48383K(48640K)->48383K(48640K) Class: 8282K(8384K)->8282K(8384K)
[213.896s][info][gc             ] GC(423) Pause Young (Allocation Failure) 732M->608M(758M) 5.023ms
[213.896s][info][gc,cpu         ] GC(423) User=0.01s Sys=0.00s Real=0.01s
[214.275s][info][gc,start       ] GC(424) Pause Young (Allocation Failure)
[214.279s][info][gc,heap        ] GC(424) PSYoungGen: 155616K(155648K)->1791K(186368K) Eden: 153600K(153600K)->0K(184320K) From: 2016K(2048K)->1791K(2048K)
[214.279s][info][gc,heap        ] GC(424) ParOldGen: 620855K(621056K)->620871K(621056K)
[214.279s][info][gc,metaspace   ] GC(424) Metaspace: 56666K(57024K)->56666K(57024K) NonClass: 48383K(48640K)->48383K(48640K) Class: 8282K(8384K)->8282K(8384K)
[214.279s][info][gc             ] GC(424) Pause Young (Allocation Failure) 758M->608M(788M) 4.323ms
[214.279s][info][gc,cpu         ] GC(424) User=0.01s Sys=0.00s Real=0.01s
[214.800s][info][gc,start       ] GC(425) Pause Young (Allocation Failure)
[214.806s][info][gc,heap        ] GC(425) PSYoungGen: 185966K(186368K)->832K(222208K) Eden: 184175K(184320K)->0K(221184K) From: 1791K(2048K)->832K(1024K)
[214.806s][info][gc,heap        ] GC(425) ParOldGen: 620871K(621056K)->620887K(621056K)
[214.806s][info][gc,metaspace   ] GC(425) Metaspace: 56666K(57024K)->56666K(57024K) NonClass: 48383K(48640K)->48383K(48640K) Class: 8282K(8384K)->8282K(8384K)
[214.806s][info][gc             ] GC(425) Pause Young (Allocation Failure) 787M->607M(823M) 5.457ms
[214.806s][info][gc,cpu         ] GC(425) User=0.01s Sys=0.01s Real=0.01s
[215.269s][info][gc,start       ] GC(426) Pause Young (Allocation Failure)
[215.273s][info][gc,heap        ] GC(426) PSYoungGen: 222016K(222208K)->1854K(224256K) Eden: 221184K(221184K)->0K(221184K) From: 832K(1024K)->1854K(3072K)
[215.273s][info][gc,heap        ] GC(426) ParOldGen: 620887K(621056K)->620903K(621056K)
[215.273s][info][gc,metaspace   ] GC(426) Metaspace: 56666K(57024K)->56666K(57024K) NonClass: 48383K(48640K)->48383K(48640K) Class: 8282K(8384K)->8282K(8384K)
[215.273s][info][gc             ] GC(426) Pause Young (Allocation Failure) 823M->608M(825M) 4.017ms
[215.273s][info][gc,cpu         ] GC(426) User=0.00s Sys=0.00s Real=0.00s
[215.790s][info][gc,start       ] GC(427) Pause Young (Allocation Failure)
[215.796s][info][gc,heap        ] GC(427) PSYoungGen: 223038K(224256K)->2463K(268288K) Eden: 221184K(221184K)->0K(265216K) From: 1854K(3072K)->2463K(3072K)
[215.796s][info][gc,heap        ] GC(427) ParOldGen: 620903K(621056K)->620919K(621056K)
[215.796s][info][gc,metaspace   ] GC(427) Metaspace: 56666K(57024K)->56666K(57024K) NonClass: 48383K(48640K)->48383K(48640K) Class: 8282K(8384K)->8282K(8384K)
[215.796s][info][gc             ] GC(427) Pause Young (Allocation Failure) 824M->608M(868M) 6.204ms
[215.796s][info][gc,cpu         ] GC(427) User=0.01s Sys=0.00s Real=0.01s
[216.459s][info][gc,start       ] GC(428) Pause Young (Allocation Failure)
[216.462s][info][gc,heap        ] GC(428) PSYoungGen: 267679K(268288K)->416K(255488K) Eden: 265216K(265216K)->0K(254976K) From: 2463K(3072K)->416K(512K)
[216.462s][info][gc,heap        ] GC(428) ParOldGen: 620919K(621056K)->620935K(621056K)
[216.462s][info][gc,metaspace   ] GC(428) Metaspace: 56666K(57024K)->56666K(57024K) NonClass: 48383K(48640K)->48383K(48640K) Class: 8282K(8384K)->8282K(8384K)
[216.462s][info][gc             ] GC(428) Pause Young (Allocation Failure) 867M->606M(856M) 2.903ms
[216.462s][info][gc,cpu         ] GC(428) User=0.00s Sys=0.00s Real=0.00s
[217.065s][info][gc,start       ] GC(429) Pause Young (Allocation Failure)
[217.070s][info][gc,heap        ] GC(429) PSYoungGen: 255392K(255488K)->1917K(247296K) Eden: 254976K(254976K)->0K(245248K) From: 416K(512K)->1917K(2048K)
[217.070s][info][gc,heap        ] GC(429) ParOldGen: 620935K(621056K)->620951K(621056K)
[217.070s][info][gc,metaspace   ] GC(429) Metaspace: 56666K(57024K)->56666K(57024K) NonClass: 48383K(48640K)->48383K(48640K) Class: 8282K(8384K)->8282K(8384K)
[217.070s][info][gc             ] GC(429) Pause Young (Allocation Failure) 855M->608M(848M) 4.653ms
[217.070s][info][gc,cpu         ] GC(429) User=0.01s Sys=0.00s Real=0.01s
[217.667s][info][gc,start       ] GC(430) Pause Young (Allocation Failure)
[217.671s][info][gc,heap        ] GC(430) PSYoungGen: 247165K(247296K)->1502K(237568K) Eden: 245248K(245248K)->0K(236032K) From: 1917K(2048K)->1502K(1536K)
[217.671s][info][gc,heap        ] GC(430) ParOldGen: 620951K(621056K)->620967K(621056K)
[217.671s][info][gc,metaspace   ] GC(430) Metaspace: 56666K(57024K)->56666K(57024K) NonClass: 48383K(48640K)->48383K(48640K) Class: 8282K(8384K)->8282K(8384K)
[217.671s][info][gc             ] GC(430) Pause Young (Allocation Failure) 847M->607M(838M) 4.068ms
[217.671s][info][gc,cpu         ] GC(430) User=0.01s Sys=0.00s Real=0.00s
[219.295s][info][gc,start       ] GC(431) Pause Young (Allocation Failure)
[219.297s][info][gc,heap        ] GC(431) PSYoungGen: 203654K(237568K)->64K(227328K) Eden: 202152K(236032K)->0K(226816K) From: 1502K(1536K)->64K(512K)
[219.297s][info][gc,heap        ] GC(431) ParOldGen: 620967K(621056K)->620983K(621056K)
[219.297s][info][gc,metaspace   ] GC(431) Metaspace: 56671K(57024K)->56671K(57024K) NonClass: 48388K(48640K)->48388K(48640K) Class: 8282K(8384K)->8282K(8384K)
[219.297s][info][gc             ] GC(431) Pause Young (Allocation Failure) 805M->606M(828M) 2.508ms
[219.297s][info][gc,cpu         ] GC(431) User=0.01s Sys=0.00s Real=0.01s
[220.992s][info][gc,start       ] GC(432) Pause Young (Allocation Failure)
[221.038s][info][gc,promotion   ] GC(432) Promotion failed
[221.038s][info][gc,heap        ] GC(432) PSYoungGen: 226880K(227328K)->226880K(227328K) Eden: 226816K(226816K)->226816K(226816K) From: 64K(512K)->64K(512K)
[221.038s][info][gc,heap        ] GC(432) ParOldGen: 620983K(621056K)->667637K(667648K)
[221.038s][info][gc,metaspace   ] GC(432) Metaspace: 56912K(57280K)->56912K(57280K) NonClass: 48630K(48896K)->48630K(48896K) Class: 8282K(8384K)->8282K(8384K)
[221.038s][info][gc             ] GC(432) Pause Young (Allocation Failure) 827M->873M(874M) 45.487ms
[221.038s][info][gc,cpu         ] GC(432) User=0.05s Sys=0.04s Real=0.05s
[221.038s][info][gc,start       ] GC(433) Pause Full (Allocation Failure)
[221.038s][info][gc,phases,start] GC(433) Marking Phase
[221.084s][info][gc,phases      ] GC(433) Marking Phase 46.257ms
[221.084s][info][gc,phases,start] GC(433) Summary Phase
[221.084s][info][gc,phases      ] GC(433) Summary Phase 0.045ms
[221.084s][info][gc,phases,start] GC(433) Forward
[221.093s][info][gc,phases      ] GC(433) Forward 8.399ms
[221.093s][info][gc,phases,start] GC(433) Adjust Pointers
[221.118s][info][gc,phases      ] GC(433) Adjust Pointers 25.611ms
[221.118s][info][gc,phases,start] GC(433) Compaction Phase
[221.140s][info][gc,phases      ] GC(433) Compaction Phase 21.313ms
[221.140s][info][gc,phases,start] GC(433) Post Compact
[221.152s][info][gc,phases      ] GC(433) Post Compact 12.369ms
[221.181s][info][gc,heap        ] GC(433) PSYoungGen: 226880K(227328K)->0K(259584K) Eden: 226816K(226816K)->0K(256000K) From: 64K(512K)->0K(3584K)
[221.181s][info][gc,heap        ] GC(433) ParOldGen: 667637K(667648K)->284603K(353792K)
[221.181s][info][gc,metaspace   ] GC(433) Metaspace: 56912K(57280K)->56912K(57280K) NonClass: 48630K(48896K)->48630K(48896K) Class: 8282K(8384K)->8282K(8384K)
[221.181s][info][gc             ] GC(433) Pause Full (Allocation Failure) 873M->277M(599M) 143.065ms
[221.181s][info][gc,cpu         ] GC(433) User=0.15s Sys=0.04s Real=0.14s
[221.683s][info][gc,start       ] GC(434) Pause Young (Allocation Failure)
[221.688s][info][gc,heap        ] GC(434) PSYoungGen: 256000K(259584K)->1888K(274432K) Eden: 256000K(256000K)->0K(270848K) From: 0K(3584K)->1888K(3584K)
[221.688s][info][gc,heap        ] GC(434) ParOldGen: 284603K(353792K)->284603K(353792K)
[221.688s][info][gc,metaspace   ] GC(434) Metaspace: 56912K(57280K)->56912K(57280K) NonClass: 48630K(48896K)->48630K(48896K) Class: 8282K(8384K)->8282K(8384K)
[221.688s][info][gc             ] GC(434) Pause Young (Allocation Failure) 527M->279M(613M) 5.197ms
[221.688s][info][gc,cpu         ] GC(434) User=0.00s Sys=0.00s Real=0.01s
[222.363s][info][gc,start       ] GC(435) Pause Young (Allocation Failure)
[222.366s][info][gc,heap        ] GC(435) PSYoungGen: 272736K(274432K)->897K(261120K) Eden: 270848K(270848K)->0K(260096K) From: 1888K(3584K)->897K(1024K)
[222.366s][info][gc,heap        ] GC(435) ParOldGen: 284603K(353792K)->284691K(353792K)
[222.366s][info][gc,metaspace   ] GC(435) Metaspace: 56912K(57280K)->56912K(57280K) NonClass: 48630K(48896K)->48630K(48896K) Class: 8282K(8384K)->8282K(8384K)
[222.366s][info][gc             ] GC(435) Pause Young (Allocation Failure) 544M->278M(600M) 2.689ms
[222.366s][info][gc,cpu         ] GC(435) User=0.00s Sys=0.00s Real=0.00s
[222.977s][info][gc,start       ] GC(436) Pause Young (Allocation Failure)
[222.981s][info][gc,heap        ] GC(436) PSYoungGen: 260993K(261120K)->1726K(251904K) Eden: 260096K(260096K)->0K(249856K) From: 897K(1024K)->1726K(2048K)
[222.981s][info][gc,heap        ] GC(436) ParOldGen: 284691K(353792K)->284707K(353792K)
[222.981s][info][gc,metaspace   ] GC(436) Metaspace: 56912K(57280K)->56912K(57280K) NonClass: 48630K(48896K)->48630K(48896K) Class: 8282K(8384K)->8282K(8384K)
[222.981s][info][gc             ] GC(436) Pause Young (Allocation Failure) 532M->279M(591M) 3.885ms
[222.981s][info][gc,cpu         ] GC(436) User=0.01s Sys=0.00s Real=0.00s
[223.614s][info][gc,start       ] GC(437) Pause Young (Allocation Failure)
[223.617s][info][gc,heap        ] GC(437) PSYoungGen: 251582K(251904K)->1406K(241664K) Eden: 249856K(249856K)->0K(240128K) From: 1726K(2048K)->1406K(1536K)
[223.617s][info][gc,heap        ] GC(437) ParOldGen: 284707K(353792K)->284723K(353792K)
[223.617s][info][gc,metaspace   ] GC(437) Metaspace: 56912K(57280K)->56912K(57280K) NonClass: 48630K(48896K)->48630K(48896K) Class: 8282K(8384K)->8282K(8384K)
[223.617s][info][gc             ] GC(437) Pause Young (Allocation Failure) 523M->279M(581M) 3.036ms
[223.617s][info][gc,cpu         ] GC(437) User=0.00s Sys=0.00s Real=0.01s
[224.175s][info][gc,start       ] GC(438) Pause Young (Allocation Failure)
[224.179s][info][gc,heap        ] GC(438) PSYoungGen: 241534K(241664K)->1791K(232960K) Eden: 240128K(240128K)->0K(230912K) From: 1406K(1536K)->1791K(2048K)
[224.179s][info][gc,heap        ] GC(438) ParOldGen: 284723K(353792K)->284739K(353792K)
[224.179s][info][gc,metaspace   ] GC(438) Metaspace: 56912K(57280K)->56912K(57280K) NonClass: 48630K(48896K)->48630K(48896K) Class: 8282K(8384K)->8282K(8384K)
[224.179s][info][gc             ] GC(438) Pause Young (Allocation Failure) 513M->279M(573M) 4.090ms
[224.179s][info][gc,cpu         ] GC(438) User=0.00s Sys=0.00s Real=0.01s
[224.756s][info][gc,start       ] GC(439) Pause Young (Allocation Failure)
[224.757s][info][gc,heap        ] GC(439) PSYoungGen: 232703K(232960K)->284K(222720K) Eden: 230912K(230912K)->0K(222208K) From: 1791K(2048K)->284K(512K)
[224.757s][info][gc,heap        ] GC(439) ParOldGen: 284739K(353792K)->284755K(353792K)
[224.757s][info][gc,metaspace   ] GC(439) Metaspace: 56912K(57280K)->56912K(57280K) NonClass: 48630K(48896K)->48630K(48896K) Class: 8282K(8384K)->8282K(8384K)
[224.758s][info][gc             ] GC(439) Pause Young (Allocation Failure) 505M->278M(563M) 1.950ms
[224.758s][info][gc,cpu         ] GC(439) User=0.00s Sys=0.00s Real=0.01s
[225.278s][info][gc,start       ] GC(440) Pause Young (Allocation Failure)
[225.281s][info][gc,heap        ] GC(440) PSYoungGen: 222492K(222720K)->1088K(215552K) Eden: 222208K(222208K)->0K(214016K) From: 284K(512K)->1088K(1536K)
[225.281s][info][gc,heap        ] GC(440) ParOldGen: 284755K(353792K)->284771K(353792K)
[225.281s][info][gc,metaspace   ] GC(440) Metaspace: 56912K(57280K)->56912K(57280K) NonClass: 48630K(48896K)->48630K(48896K) Class: 8282K(8384K)->8282K(8384K)
[225.282s][info][gc             ] GC(440) Pause Young (Allocation Failure) 495M->279M(556M) 3.021ms
[225.282s][info][gc,cpu         ] GC(440) User=0.01s Sys=0.00s Real=0.00s
[225.783s][info][gc,start       ] GC(441) Pause Young (Allocation Failure)
[225.788s][info][gc,heap        ] GC(441) PSYoungGen: 215104K(215552K)->2623K(209408K) Eden: 214016K(214016K)->0K(206336K) From: 1088K(1536K)->2623K(3072K)
[225.788s][info][gc,heap        ] GC(441) ParOldGen: 284771K(353792K)->284787K(353792K)
[225.788s][info][gc,metaspace   ] GC(441) Metaspace: 56912K(57280K)->56912K(57280K) NonClass: 48630K(48896K)->48630K(48896K) Class: 8282K(8384K)->8282K(8384K)
[225.788s][info][gc             ] GC(441) Pause Young (Allocation Failure) 488M->280M(550M) 4.841ms
[225.788s][info][gc,cpu         ] GC(441) User=0.01s Sys=0.00s Real=0.01s
[226.286s][info][gc,start       ] GC(442) Pause Young (Allocation Failure)
[226.290s][info][gc,heap        ] GC(442) PSYoungGen: 208959K(209408K)->2048K(200704K) Eden: 206336K(206336K)->0K(198656K) From: 2623K(3072K)->2048K(2048K)
[226.290s][info][gc,heap        ] GC(442) ParOldGen: 284787K(353792K)->285275K(353792K)
[226.290s][info][gc,metaspace   ] GC(442) Metaspace: 56912K(57280K)->56912K(57280K) NonClass: 48630K(48896K)->48630K(48896K) Class: 8282K(8384K)->8282K(8384K)
[226.290s][info][gc             ] GC(442) Pause Young (Allocation Failure) 482M->280M(541M) 4.458ms
[226.290s][info][gc,cpu         ] GC(442) User=0.01s Sys=0.00s Real=0.00s
[226.780s][info][gc,start       ] GC(443) Pause Young (Allocation Failure)
[226.784s][info][gc,heap        ] GC(443) PSYoungGen: 200704K(200704K)->2111K(194048K) Eden: 198656K(198656K)->0K(191488K) From: 2048K(2048K)->2111K(2560K)
[226.784s][info][gc,heap        ] GC(443) ParOldGen: 285275K(353792K)->285835K(353792K)
[226.784s][info][gc,metaspace   ] GC(443) Metaspace: 56912K(57280K)->56912K(57280K) NonClass: 48630K(48896K)->48630K(48896K) Class: 8282K(8384K)->8282K(8384K)
[226.784s][info][gc             ] GC(443) Pause Young (Allocation Failure) 474M->281M(535M) 4.571ms
[226.784s][info][gc,cpu         ] GC(443) User=0.01s Sys=0.00s Real=0.00s
[227.322s][info][gc,start       ] GC(444) Pause Young (Allocation Failure)
[227.325s][info][gc,heap        ] GC(444) PSYoungGen: 193599K(194048K)->701K(185856K) Eden: 191488K(191488K)->0K(184832K) From: 2111K(2560K)->701K(1024K)
[227.325s][info][gc,heap        ] GC(444) ParOldGen: 285835K(353792K)->285875K(353792K)
[227.325s][info][gc,metaspace   ] GC(444) Metaspace: 56912K(57280K)->56912K(57280K) NonClass: 48630K(48896K)->48630K(48896K) Class: 8282K(8384K)->8282K(8384K)
[227.325s][info][gc             ] GC(444) Pause Young (Allocation Failure) 468M->279M(527M) 2.354ms
[227.325s][info][gc,cpu         ] GC(444) User=0.01s Sys=0.00s Real=0.00s
[227.693s][info][gc,start       ] GC(445) Pause Young (Allocation Failure)
[227.697s][info][gc,heap        ] GC(445) PSYoungGen: 185381K(185856K)->2143K(180736K) Eden: 184680K(184832K)->0K(178176K) From: 701K(1024K)->2143K(2560K)
[227.697s][info][gc,heap        ] GC(445) ParOldGen: 285875K(353792K)->285891K(353792K)
[227.697s][info][gc,metaspace   ] GC(445) Metaspace: 56912K(57280K)->56912K(57280K) NonClass: 48630K(48896K)->48630K(48896K) Class: 8282K(8384K)->8282K(8384K)
[227.697s][info][gc             ] GC(445) Pause Young (Allocation Failure) 460M->281M(522M) 4.072ms
[227.697s][info][gc,cpu         ] GC(445) User=0.01s Sys=0.00s Real=0.01s
[228.158s][info][gc,start       ] GC(446) Pause Young (Allocation Failure)
[228.161s][info][gc,heap        ] GC(446) PSYoungGen: 180319K(180736K)->684K(173056K) Eden: 178176K(178176K)->0K(172032K) From: 2143K(2560K)->684K(1024K)
[228.161s][info][gc,heap        ] GC(446) ParOldGen: 285891K(353792K)->285907K(353792K)
[228.161s][info][gc,metaspace   ] GC(446) Metaspace: 56912K(57280K)->56912K(57280K) NonClass: 48630K(48896K)->48630K(48896K) Class: 8282K(8384K)->8282K(8384K)
[228.161s][info][gc             ] GC(446) Pause Young (Allocation Failure) 455M->279M(514M) 2.282ms
[228.161s][info][gc,cpu         ] GC(446) User=0.00s Sys=0.00s Real=0.00s
[228.571s][info][gc,start       ] GC(447) Pause Young (Allocation Failure)
[228.574s][info][gc,heap        ] GC(447) PSYoungGen: 172716K(173056K)->1120K(167424K) Eden: 172032K(172032K)->0K(165888K) From: 684K(1024K)->1120K(1536K)
[228.574s][info][gc,heap        ] GC(447) ParOldGen: 285907K(353792K)->285923K(353792K)
[228.574s][info][gc,metaspace   ] GC(447) Metaspace: 56912K(57280K)->56912K(57280K) NonClass: 48630K(48896K)->48630K(48896K) Class: 8282K(8384K)->8282K(8384K)
[228.574s][info][gc             ] GC(447) Pause Young (Allocation Failure) 447M->280M(509M) 3.023ms
[228.574s][info][gc,cpu         ] GC(447) User=0.01s Sys=0.00s Real=0.00s
[228.972s][info][gc,start       ] GC(448) Pause Young (Allocation Failure)
[228.976s][info][gc,heap        ] GC(448) PSYoungGen: 167008K(167424K)->1982K(162304K) Eden: 165888K(165888K)->0K(160256K) From: 1120K(1536K)->1982K(2048K)
[228.976s][info][gc,heap        ] GC(448) ParOldGen: 285923K(353792K)->285939K(353792K)
[228.976s][info][gc,metaspace   ] GC(448) Metaspace: 56912K(57280K)->56912K(57280K) NonClass: 48630K(48896K)->48630K(48896K) Class: 8282K(8384K)->8282K(8384K)
[228.976s][info][gc             ] GC(448) Pause Young (Allocation Failure) 442M->281M(504M) 3.448ms
[228.976s][info][gc,cpu         ] GC(448) User=0.01s Sys=0.00s Real=0.00s
[229.362s][info][gc,start       ] GC(449) Pause Young (Allocation Failure)
[229.365s][info][gc,heap        ] GC(449) PSYoungGen: 162238K(162304K)->1247K(156672K) Eden: 160256K(160256K)->0K(155136K) From: 1982K(2048K)->1247K(1536K)
[229.365s][info][gc,heap        ] GC(449) ParOldGen: 285939K(353792K)->285955K(353792K)
[229.365s][info][gc,metaspace   ] GC(449) Metaspace: 56912K(57280K)->56912K(57280K) NonClass: 48630K(48896K)->48630K(48896K) Class: 8282K(8384K)->8282K(8384K)
[229.365s][info][gc             ] GC(449) Pause Young (Allocation Failure) 437M->280M(498M) 2.892ms
[229.365s][info][gc,cpu         ] GC(449) User=0.00s Sys=0.01s Real=0.00s
[229.756s][info][gc,start       ] GC(450) Pause Young (Allocation Failure)
[229.758s][info][gc,heap        ] GC(450) PSYoungGen: 156383K(156672K)->216K(150528K) Eden: 155136K(155136K)->0K(150016K) From: 1247K(1536K)->216K(512K)
[229.758s][info][gc,heap        ] GC(450) ParOldGen: 285955K(353792K)->285971K(353792K)
[229.758s][info][gc,metaspace   ] GC(450) Metaspace: 56912K(57280K)->56912K(57280K) NonClass: 48630K(48896K)->48630K(48896K) Class: 8282K(8384K)->8282K(8384K)
[229.758s][info][gc             ] GC(450) Pause Young (Allocation Failure) 431M->279M(492M) 1.961ms
[229.758s][info][gc,cpu         ] GC(450) User=0.01s Sys=0.00s Real=0.00s
[230.090s][info][gc,start       ] GC(451) Pause Young (Allocation Failure)
[230.094s][info][gc,heap        ] GC(451) PSYoungGen: 150232K(150528K)->2207K(148480K) Eden: 150016K(150016K)->0K(144896K) From: 216K(512K)->2207K(3584K)
[230.094s][info][gc,heap        ] GC(451) ParOldGen: 285971K(353792K)->285987K(353792K)
[230.094s][info][gc,metaspace   ] GC(451) Metaspace: 56912K(57280K)->56912K(57280K) NonClass: 48630K(48896K)->48630K(48896K) Class: 8282K(8384K)->8282K(8384K)
[230.094s][info][gc             ] GC(451) Pause Young (Allocation Failure) 425M->281M(490M) 4.038ms
[230.094s][info][gc,cpu         ] GC(451) User=0.01s Sys=0.00s Real=0.00s
[230.464s][info][gc,start       ] GC(452) Pause Young (Allocation Failure)
[230.467s][info][gc,heap        ] GC(452) PSYoungGen: 147103K(148480K)->1087K(141824K) Eden: 144896K(144896K)->0K(140288K) From: 2207K(3584K)->1087K(1536K)
[230.467s][info][gc,heap        ] GC(452) ParOldGen: 285987K(353792K)->286003K(353792K)
[230.467s][info][gc,metaspace   ] GC(452) Metaspace: 56912K(57280K)->56912K(57280K) NonClass: 48630K(48896K)->48630K(48896K) Class: 8282K(8384K)->8282K(8384K)
[230.467s][info][gc             ] GC(452) Pause Young (Allocation Failure) 422M->280M(484M) 2.730ms
[230.467s][info][gc,cpu         ] GC(452) User=0.00s Sys=0.00s Real=0.01s
[230.785s][info][gc,start       ] GC(453) Pause Young (Allocation Failure)
[230.789s][info][gc,heap        ] GC(453) PSYoungGen: 141177K(141824K)->1984K(137728K) Eden: 140090K(140288K)->0K(135680K) From: 1087K(1536K)->1984K(2048K)
[230.789s][info][gc,heap        ] GC(453) ParOldGen: 286003K(353792K)->286019K(353792K)
[230.789s][info][gc,metaspace   ] GC(453) Metaspace: 56912K(57280K)->56912K(57280K) NonClass: 48630K(48896K)->48630K(48896K) Class: 8282K(8384K)->8282K(8384K)
[230.789s][info][gc             ] GC(453) Pause Young (Allocation Failure) 417M->281M(480M) 4.218ms
[230.789s][info][gc,cpu         ] GC(453) User=0.00s Sys=0.00s Real=0.01s
[231.207s][info][gc,start       ] GC(454) Pause Young (Allocation Failure)
[231.210s][info][gc,heap        ] GC(454) PSYoungGen: 137663K(137728K)->1024K(132608K) Eden: 135679K(135680K)->0K(131584K) From: 1984K(2048K)->1024K(1024K)
[231.210s][info][gc,heap        ] GC(454) ParOldGen: 286019K(353792K)->286035K(353792K)
[231.210s][info][gc,metaspace   ] GC(454) Metaspace: 56912K(57280K)->56912K(57280K) NonClass: 48630K(48896K)->48630K(48896K) Class: 8282K(8384K)->8282K(8384K)
[231.210s][info][gc             ] GC(454) Pause Young (Allocation Failure) 413M->280M(475M) 3.089ms
[231.210s][info][gc,cpu         ] GC(454) User=0.00s Sys=0.00s Real=0.00s
[231.460s][info][gc,start       ] GC(455) Pause Young (Allocation Failure)
[231.462s][info][gc,heap        ] GC(455) PSYoungGen: 132608K(132608K)->712K(128512K) Eden: 131584K(131584K)->0K(127488K) From: 1024K(1024K)->712K(1024K)
[231.462s][info][gc,heap        ] GC(455) ParOldGen: 286035K(353792K)->286051K(353792K)
[231.462s][info][gc,metaspace   ] GC(455) Metaspace: 56912K(57280K)->56912K(57280K) NonClass: 48630K(48896K)->48630K(48896K) Class: 8282K(8384K)->8282K(8384K)
[231.462s][info][gc             ] GC(455) Pause Young (Allocation Failure) 408M->280M(471M) 2.118ms
[231.462s][info][gc,cpu         ] GC(455) User=0.00s Sys=0.00s Real=0.00s
[231.765s][info][gc,start       ] GC(456) Pause Young (Allocation Failure)
[231.768s][info][gc,heap        ] GC(456) PSYoungGen: 128200K(128512K)->1279K(124928K) Eden: 127488K(127488K)->0K(123392K) From: 712K(1024K)->1279K(1536K)
[231.768s][info][gc,heap        ] GC(456) ParOldGen: 286051K(353792K)->286067K(353792K)
[231.768s][info][gc,metaspace   ] GC(456) Metaspace: 56912K(57280K)->56912K(57280K) NonClass: 48630K(48896K)->48630K(48896K) Class: 8282K(8384K)->8282K(8384K)
[231.768s][info][gc             ] GC(456) Pause Young (Allocation Failure) 404M->280M(467M) 2.830ms
[231.768s][info][gc,cpu         ] GC(456) User=0.00s Sys=0.00s Real=0.01s
[232.064s][info][gc,start       ] GC(457) Pause Young (Allocation Failure)
[232.067s][info][gc,heap        ] GC(457) PSYoungGen: 124671K(124928K)->1343K(121344K) Eden: 123392K(123392K)->0K(119808K) From: 1279K(1536K)->1343K(1536K)
[232.067s][info][gc,heap        ] GC(457) ParOldGen: 286067K(353792K)->286083K(353792K)
[232.067s][info][gc,metaspace   ] GC(457) Metaspace: 56912K(57280K)->56912K(57280K) NonClass: 48630K(48896K)->48630K(48896K) Class: 8282K(8384K)->8282K(8384K)
[232.067s][info][gc             ] GC(457) Pause Young (Allocation Failure) 401M->280M(464M) 2.886ms
[232.067s][info][gc,cpu         ] GC(457) User=0.00s Sys=0.00s Real=0.01s
[232.363s][info][gc,start       ] GC(458) Pause Young (Allocation Failure)
[232.365s][info][gc,heap        ] GC(458) PSYoungGen: 121151K(121344K)->1085K(117760K) Eden: 119808K(119808K)->0K(116224K) From: 1343K(1536K)->1085K(1536K)
[232.365s][info][gc,heap        ] GC(458) ParOldGen: 286083K(353792K)->286099K(353792K)
[232.365s][info][gc,metaspace   ] GC(458) Metaspace: 56912K(57280K)->56912K(57280K) NonClass: 48630K(48896K)->48630K(48896K) Class: 8282K(8384K)->8282K(8384K)
[232.365s][info][gc             ] GC(458) Pause Young (Allocation Failure) 397M->280M(460M) 2.595ms
[232.365s][info][gc,cpu         ] GC(458) User=0.01s Sys=0.00s Real=0.00s
[232.655s][info][gc,start       ] GC(459) Pause Young (Allocation Failure)
[232.657s][info][gc,heap        ] GC(459) PSYoungGen: 117309K(117760K)->64K(113152K) Eden: 116224K(116224K)->0K(112640K) From: 1085K(1536K)->64K(512K)
[232.657s][info][gc,heap        ] GC(459) ParOldGen: 286099K(353792K)->286115K(353792K)
[232.657s][info][gc,metaspace   ] GC(459) Metaspace: 56912K(57280K)->56912K(57280K) NonClass: 48630K(48896K)->48630K(48896K) Class: 8282K(8384K)->8282K(8384K)
[232.657s][info][gc             ] GC(459) Pause Young (Allocation Failure) 393M->279M(456M) 1.667ms
[232.657s][info][gc,cpu         ] GC(459) User=0.00s Sys=0.00s Real=0.01s
[232.894s][info][gc,start       ] GC(460) Pause Young (Allocation Failure)
[232.897s][info][gc,heap        ] GC(460) PSYoungGen: 112704K(113152K)->1152K(111104K) Eden: 112640K(112640K)->0K(109568K) From: 64K(512K)->1152K(1536K)
[232.897s][info][gc,heap        ] GC(460) ParOldGen: 286115K(353792K)->286131K(353792K)
[232.897s][info][gc,metaspace   ] GC(460) Metaspace: 56912K(57280K)->56912K(57280K) NonClass: 48630K(48896K)->48630K(48896K) Class: 8282K(8384K)->8282K(8384K)
[232.898s][info][gc             ] GC(460) Pause Young (Allocation Failure) 389M->280M(454M) 3.195ms
[232.898s][info][gc,cpu         ] GC(460) User=0.00s Sys=0.00s Real=0.01s
[233.175s][info][gc,start       ] GC(461) Pause Young (Allocation Failure)
[233.178s][info][gc,heap        ] GC(461) PSYoungGen: 110720K(111104K)->960K(107520K) Eden: 109568K(109568K)->0K(106496K) From: 1152K(1536K)->960K(1024K)
[233.178s][info][gc,heap        ] GC(461) ParOldGen: 286131K(353792K)->286147K(353792K)
[233.178s][info][gc,metaspace   ] GC(461) Metaspace: 56912K(57280K)->56912K(57280K) NonClass: 48630K(48896K)->48630K(48896K) Class: 8282K(8384K)->8282K(8384K)
[233.178s][info][gc             ] GC(461) Pause Young (Allocation Failure) 387M->280M(450M) 3.057ms
[233.178s][info][gc,cpu         ] GC(461) User=0.00s Sys=0.00s Real=0.01s
[233.460s][info][gc,start       ] GC(462) Pause Young (Allocation Failure)
[233.463s][info][gc,heap        ] GC(462) PSYoungGen: 107456K(107520K)->1279K(104960K) Eden: 106496K(106496K)->0K(103424K) From: 960K(1024K)->1279K(1536K)
[233.463s][info][gc,heap        ] GC(462) ParOldGen: 286147K(353792K)->286163K(353792K)
[233.463s][info][gc,metaspace   ] GC(462) Metaspace: 56912K(57280K)->56912K(57280K) NonClass: 48630K(48896K)->48630K(48896K) Class: 8282K(8384K)->8282K(8384K)
[233.463s][info][gc             ] GC(462) Pause Young (Allocation Failure) 384M->280M(448M) 3.016ms
[233.463s][info][gc,cpu         ] GC(462) User=0.01s Sys=0.00s Real=0.00s
[233.682s][info][gc,start       ] GC(463) Pause Young (Allocation Failure)
[233.686s][info][gc,heap        ] GC(463) PSYoungGen: 104703K(104960K)->2366K(126464K) Eden: 103424K(103424K)->0K(123904K) From: 1279K(1536K)->2366K(2560K)
[233.686s][info][gc,heap        ] GC(463) ParOldGen: 286163K(353792K)->286179K(353792K)
[233.686s][info][gc,metaspace   ] GC(463) Metaspace: 56912K(57280K)->56912K(57280K) NonClass: 48630K(48896K)->48630K(48896K) Class: 8282K(8384K)->8282K(8384K)
[233.686s][info][gc             ] GC(463) Pause Young (Allocation Failure) 381M->281M(469M) 4.228ms
[233.686s][info][gc,cpu         ] GC(463) User=0.01s Sys=0.00s Real=0.01s
[233.979s][info][gc,start       ] GC(464) Pause Young (Allocation Failure)
[233.984s][info][gc,heap        ] GC(464) PSYoungGen: 126270K(126464K)->1536K(149504K) Eden: 123904K(123904K)->0K(147968K) From: 2366K(2560K)->1536K(1536K)
[233.984s][info][gc,heap        ] GC(464) ParOldGen: 286179K(353792K)->287537K(353792K)
[233.984s][info][gc,metaspace   ] GC(464) Metaspace: 56912K(57280K)->56912K(57280K) NonClass: 48630K(48896K)->48630K(48896K) Class: 8282K(8384K)->8282K(8384K)
[233.984s][info][gc             ] GC(464) Pause Young (Allocation Failure) 402M->282M(491M) 4.749ms
[233.984s][info][gc,cpu         ] GC(464) User=0.01s Sys=0.00s Real=0.00s
[234.401s][info][gc,start       ] GC(465) Pause Young (Allocation Failure)
[234.405s][info][gc,heap        ] GC(465) PSYoungGen: 149504K(149504K)->1097K(178176K) Eden: 147968K(147968K)->0K(176640K) From: 1536K(1536K)->1097K(1536K)
[234.405s][info][gc,heap        ] GC(465) ParOldGen: 287537K(353792K)->288321K(353792K)
[234.405s][info][gc,metaspace   ] GC(465) Metaspace: 56912K(57280K)->56912K(57280K) NonClass: 48630K(48896K)->48630K(48896K) Class: 8282K(8384K)->8282K(8384K)
[234.405s][info][gc             ] GC(465) Pause Young (Allocation Failure) 426M->282M(519M) 3.807ms
[234.405s][info][gc,cpu         ] GC(465) User=0.00s Sys=0.00s Real=0.00s
[234.776s][info][gc,start       ] GC(466) Pause Young (Allocation Failure)
[234.780s][info][gc,heap        ] GC(466) PSYoungGen: 177737K(178176K)->1951K(212480K) Eden: 176640K(176640K)->0K(210432K) From: 1097K(1536K)->1951K(2048K)
[234.780s][info][gc,heap        ] GC(466) ParOldGen: 288321K(353792K)->288497K(353792K)
[234.780s][info][gc,metaspace   ] GC(466) Metaspace: 56912K(57280K)->56912K(57280K) NonClass: 48630K(48896K)->48630K(48896K) Class: 8282K(8384K)->8282K(8384K)
[234.780s][info][gc             ] GC(466) Pause Young (Allocation Failure) 455M->283M(553M) 4.073ms
[234.780s][info][gc,cpu         ] GC(466) User=0.01s Sys=0.00s Real=0.00s
[235.322s][info][gc,start       ] GC(467) Pause Young (Allocation Failure)
[235.326s][info][gc,heap        ] GC(467) PSYoungGen: 212383K(212480K)->2719K(231936K) Eden: 210432K(210432K)->0K(228352K) From: 1951K(2048K)->2719K(3584K)
[235.327s][info][gc,heap        ] GC(467) ParOldGen: 288497K(353792K)->288513K(353792K)
[235.327s][info][gc,metaspace   ] GC(467) Metaspace: 56912K(57280K)->56912K(57280K) NonClass: 48630K(48896K)->48630K(48896K) Class: 8282K(8384K)->8282K(8384K)
[235.327s][info][gc             ] GC(467) Pause Young (Allocation Failure) 489M->284M(572M) 4.936ms
[235.327s][info][gc,cpu         ] GC(467) User=0.01s Sys=0.00s Real=0.01s
[235.856s][info][gc,start       ] GC(468) Pause Young (Allocation Failure)
[235.858s][info][gc,heap        ] GC(468) PSYoungGen: 231071K(231936K)->319K(220160K) Eden: 228352K(228352K)->0K(219648K) From: 2719K(3584K)->319K(512K)
[235.858s][info][gc,heap        ] GC(468) ParOldGen: 288513K(353792K)->288529K(353792K)
[235.858s][info][gc,metaspace   ] GC(468) Metaspace: 56912K(57280K)->56912K(57280K) NonClass: 48630K(48896K)->48630K(48896K) Class: 8282K(8384K)->8282K(8384K)
[235.858s][info][gc             ] GC(468) Pause Young (Allocation Failure) 507M->282M(560M) 2.041ms
[235.858s][info][gc,cpu         ] GC(468) User=0.01s Sys=0.00s Real=0.00s
[236.427s][info][gc,start       ] GC(469) Pause Young (Allocation Failure)
[236.431s][info][gc,heap        ] GC(469) PSYoungGen: 219967K(220160K)->1982K(215040K) Eden: 219648K(219648K)->0K(211456K) From: 319K(512K)->1982K(3584K)
[236.431s][info][gc,heap        ] GC(469) ParOldGen: 288529K(353792K)->288545K(353792K)
[236.431s][info][gc,metaspace   ] GC(469) Metaspace: 56912K(57280K)->56912K(57280K) NonClass: 48630K(48896K)->48630K(48896K) Class: 8282K(8384K)->8282K(8384K)
[236.431s][info][gc             ] GC(469) Pause Young (Allocation Failure) 496M->283M(555M) 4.237ms
[236.431s][info][gc,cpu         ] GC(469) User=0.01s Sys=0.00s Real=0.00s
[236.881s][info][gc,start       ] GC(470) Pause Young (Allocation Failure)
[236.885s][info][gc,heap        ] GC(470) PSYoungGen: 213136K(215040K)->1376K(205312K) Eden: 211153K(211456K)->0K(203776K) From: 1982K(3584K)->1376K(1536K)
[236.885s][info][gc,heap        ] GC(470) ParOldGen: 288545K(353792K)->288561K(353792K)
[236.885s][info][gc,metaspace   ] GC(470) Metaspace: 56912K(57280K)->56912K(57280K) NonClass: 48630K(48896K)->48630K(48896K) Class: 8282K(8384K)->8282K(8384K)
[236.885s][info][gc             ] GC(470) Pause Young (Allocation Failure) 489M->283M(546M) 4.121ms
[236.885s][info][gc,cpu         ] GC(470) User=0.00s Sys=0.00s Real=0.00s
[237.432s][info][gc,start       ] GC(471) Pause Young (Allocation Failure)
[237.436s][info][gc,heap        ] GC(471) PSYoungGen: 205067K(205312K)->1312K(198144K) Eden: 203691K(203776K)->0K(196608K) From: 1376K(1536K)->1312K(1536K)
[237.436s][info][gc,heap        ] GC(471) ParOldGen: 288561K(353792K)->288577K(353792K)
[237.436s][info][gc,metaspace   ] GC(471) Metaspace: 56912K(57280K)->56912K(57280K) NonClass: 48630K(48896K)->48630K(48896K) Class: 8282K(8384K)->8282K(8384K)
[237.436s][info][gc             ] GC(471) Pause Young (Allocation Failure) 482M->283M(539M) 4.128ms
[237.436s][info][gc,cpu         ] GC(471) User=0.00s Sys=0.00s Real=0.01s
[237.866s][info][gc,start       ] GC(472) Pause Young (Allocation Failure)
[237.869s][info][gc,heap        ] GC(472) PSYoungGen: 197920K(198144K)->1662K(191488K) Eden: 196608K(196608K)->0K(189440K) From: 1312K(1536K)->1662K(2048K)
[237.869s][info][gc,heap        ] GC(472) ParOldGen: 288577K(353792K)->288593K(353792K)
[237.869s][info][gc,metaspace   ] GC(472) Metaspace: 56912K(57280K)->56912K(57280K) NonClass: 48630K(48896K)->48630K(48896K) Class: 8282K(8384K)->8282K(8384K)
[237.869s][info][gc             ] GC(472) Pause Young (Allocation Failure) 475M->283M(532M) 3.254ms
[237.869s][info][gc,cpu         ] GC(472) User=0.00s Sys=0.00s Real=0.00s
[238.295s][info][gc,start       ] GC(473) Pause Young (Allocation Failure)
[238.299s][info][gc,heap        ] GC(473) PSYoungGen: 191102K(191488K)->1248K(184320K) Eden: 189440K(189440K)->0K(182784K) From: 1662K(2048K)->1248K(1536K)
[238.299s][info][gc,heap        ] GC(473) ParOldGen: 288593K(353792K)->288609K(353792K)
[238.299s][info][gc,metaspace   ] GC(473) Metaspace: 56912K(57280K)->56912K(57280K) NonClass: 48630K(48896K)->48630K(48896K) Class: 8282K(8384K)->8282K(8384K)
[238.299s][info][gc             ] GC(473) Pause Young (Allocation Failure) 468M->283M(525M) 3.893ms
[238.299s][info][gc,cpu         ] GC(473) User=0.00s Sys=0.00s Real=0.01s
[238.771s][info][gc,start       ] GC(474) Pause Young (Allocation Failure)
[238.774s][info][gc,heap        ] GC(474) PSYoungGen: 184032K(184320K)->1726K(178688K) Eden: 182784K(182784K)->0K(176640K) From: 1248K(1536K)->1726K(2048K)
[238.774s][info][gc,heap        ] GC(474) ParOldGen: 288609K(353792K)->288625K(353792K)
[238.774s][info][gc,metaspace   ] GC(474) Metaspace: 56912K(57280K)->56912K(57280K) NonClass: 48630K(48896K)->48630K(48896K) Class: 8282K(8384K)->8282K(8384K)
[238.774s][info][gc             ] GC(474) Pause Young (Allocation Failure) 461M->283M(520M) 3.261ms
[238.774s][info][gc,cpu         ] GC(474) User=0.00s Sys=0.00s Real=0.00s
[239.180s][info][gc,start       ] GC(475) Pause Young (Allocation Failure)
[239.186s][info][gc,heap        ] GC(475) PSYoungGen: 178366K(178688K)->2782K(173568K) Eden: 176640K(176640K)->0K(170496K) From: 1726K(2048K)->2782K(3072K)
[239.186s][info][gc,heap        ] GC(475) ParOldGen: 288625K(353792K)->288641K(353792K)
[239.186s][info][gc,metaspace   ] GC(475) Metaspace: 56912K(57280K)->56912K(57280K) NonClass: 48630K(48896K)->48630K(48896K) Class: 8282K(8384K)->8282K(8384K)
[239.186s][info][gc             ] GC(475) Pause Young (Allocation Failure) 456M->284M(515M) 5.728ms
[239.186s][info][gc,cpu         ] GC(475) User=0.01s Sys=0.00s Real=0.01s
[239.624s][info][gc,start       ] GC(476) Pause Young (Allocation Failure)
[239.628s][info][gc,heap        ] GC(476) PSYoungGen: 173278K(173568K)->1536K(166400K) Eden: 170496K(170496K)->0K(164864K) From: 2782K(3072K)->1536K(1536K)
[239.628s][info][gc,heap        ] GC(476) ParOldGen: 288641K(353792K)->288657K(353792K)
[239.628s][info][gc,metaspace   ] GC(476) Metaspace: 56912K(57280K)->56912K(57280K) NonClass: 48630K(48896K)->48630K(48896K) Class: 8282K(8384K)->8282K(8384K)
[239.628s][info][gc             ] GC(476) Pause Young (Allocation Failure) 451M->283M(508M) 3.898ms
[239.628s][info][gc,cpu         ] GC(476) User=0.01s Sys=0.00s Real=0.01s
[239.997s][info][gc,start       ] GC(477) Pause Young (Allocation Failure)
[240.002s][info][gc,heap        ] GC(477) PSYoungGen: 166400K(166400K)->1951K(198656K) Eden: 164864K(164864K)->0K(196608K) From: 1536K(1536K)->1951K(2048K)
[240.002s][info][gc,heap        ] GC(477) ParOldGen: 288657K(353792K)->288673K(353792K)
[240.002s][info][gc,metaspace   ] GC(477) Metaspace: 56912K(57280K)->56912K(57280K) NonClass: 48630K(48896K)->48630K(48896K) Class: 8282K(8384K)->8282K(8384K)
[240.002s][info][gc             ] GC(477) Pause Young (Allocation Failure) 444M->283M(539M) 4.660ms
[240.002s][info][gc,cpu         ] GC(477) User=0.01s Sys=0.00s Real=0.00s
[240.481s][info][gc,start       ] GC(478) Pause Young (Allocation Failure)
[240.486s][info][gc,heap        ] GC(478) PSYoungGen: 198559K(198656K)->2559K(236544K) Eden: 196608K(196608K)->0K(233984K) From: 1951K(2048K)->2559K(2560K)
[240.486s][info][gc,heap        ] GC(478) ParOldGen: 288673K(353792K)->288689K(353792K)
[240.486s][info][gc,metaspace   ] GC(478) Metaspace: 56912K(57280K)->56912K(57280K) NonClass: 48630K(48896K)->48630K(48896K) Class: 8282K(8384K)->8282K(8384K)
[240.486s][info][gc             ] GC(478) Pause Young (Allocation Failure) 475M->284M(576M) 4.725ms
[240.486s][info][gc,cpu         ] GC(478) User=0.01s Sys=0.00s Real=0.01s
[241.166s][info][gc,start       ] GC(479) Pause Young (Allocation Failure)
[241.169s][info][gc,heap        ] GC(479) PSYoungGen: 236543K(236544K)->896K(226304K) Eden: 233984K(233984K)->0K(225280K) From: 2559K(2560K)->896K(1024K)
[241.169s][info][gc,heap        ] GC(479) ParOldGen: 288689K(353792K)->288705K(353792K)
[241.169s][info][gc,metaspace   ] GC(479) Metaspace: 56912K(57280K)->56912K(57280K) NonClass: 48630K(48896K)->48630K(48896K) Class: 8282K(8384K)->8282K(8384K)
[241.169s][info][gc             ] GC(479) Pause Young (Allocation Failure) 512M->282M(566M) 3.233ms
[241.169s][info][gc,cpu         ] GC(479) User=0.00s Sys=0.00s Real=0.00s
[241.684s][info][gc,start       ] GC(480) Pause Young (Allocation Failure)
[241.689s][info][gc,heap        ] GC(480) PSYoungGen: 226176K(226304K)->1984K(219136K) Eden: 225280K(225280K)->0K(217088K) From: 896K(1024K)->1984K(2048K)
[241.689s][info][gc,heap        ] GC(480) ParOldGen: 288705K(353792K)->288721K(353792K)
[241.689s][info][gc,metaspace   ] GC(480) Metaspace: 56912K(57280K)->56912K(57280K) NonClass: 48630K(48896K)->48630K(48896K) Class: 8282K(8384K)->8282K(8384K)
[241.689s][info][gc             ] GC(480) Pause Young (Allocation Failure) 502M->283M(559M) 4.853ms
[241.689s][info][gc,cpu         ] GC(480) User=0.01s Sys=0.00s Real=0.01s
[242.210s][info][gc,start       ] GC(481) Pause Young (Allocation Failure)
[242.213s][info][gc,heap        ] GC(481) PSYoungGen: 219072K(219136K)->799K(209920K) Eden: 217088K(217088K)->0K(208896K) From: 1984K(2048K)->799K(1024K)
[242.213s][info][gc,heap        ] GC(481) ParOldGen: 288721K(353792K)->288737K(353792K)
[242.213s][info][gc,metaspace   ] GC(481) Metaspace: 56912K(57280K)->56912K(57280K) NonClass: 48630K(48896K)->48630K(48896K) Class: 8282K(8384K)->8282K(8384K)
[242.213s][info][gc             ] GC(481) Pause Young (Allocation Failure) 495M->282M(550M) 2.451ms
[242.213s][info][gc,cpu         ] GC(481) User=0.01s Sys=0.00s Real=0.00s
[242.757s][info][gc,start       ] GC(482) Pause Young (Allocation Failure)
[242.759s][info][gc,heap        ] GC(482) PSYoungGen: 209695K(209920K)->411K(201728K) Eden: 208896K(208896K)->0K(201216K) From: 799K(1024K)->411K(512K)
[242.759s][info][gc,heap        ] GC(482) ParOldGen: 288737K(353792K)->288753K(353792K)
[242.759s][info][gc,metaspace   ] GC(482) Metaspace: 56912K(57280K)->56912K(57280K) NonClass: 48630K(48896K)->48630K(48896K) Class: 8282K(8384K)->8282K(8384K)
[242.759s][info][gc             ] GC(482) Pause Young (Allocation Failure) 486M->282M(542M) 2.289ms
[242.759s][info][gc,cpu         ] GC(482) User=0.00s Sys=0.00s Real=0.00s
[243.200s][info][gc,start       ] GC(483) Pause Young (Allocation Failure)
[243.202s][info][gc,heap        ] GC(483) PSYoungGen: 201627K(201728K)->1183K(197632K) Eden: 201216K(201216K)->0K(194048K) From: 411K(512K)->1183K(3584K)
[243.202s][info][gc,heap        ] GC(483) ParOldGen: 288753K(353792K)->288769K(353792K)
[243.202s][info][gc,metaspace   ] GC(483) Metaspace: 56912K(57280K)->56912K(57280K) NonClass: 48630K(48896K)->48630K(48896K) Class: 8282K(8384K)->8282K(8384K)
[243.202s][info][gc             ] GC(483) Pause Young (Allocation Failure) 478M->283M(538M) 2.777ms
[243.202s][info][gc,cpu         ] GC(483) User=0.01s Sys=0.00s Real=0.00s
[243.682s][info][gc,start       ] GC(484) Pause Young (Allocation Failure)
[243.686s][info][gc,heap        ] GC(484) PSYoungGen: 195231K(197632K)->1888K(188928K) Eden: 194048K(194048K)->0K(186880K) From: 1183K(3584K)->1888K(2048K)
[243.686s][info][gc,heap        ] GC(484) ParOldGen: 288769K(353792K)->288785K(353792K)
[243.686s][info][gc,metaspace   ] GC(484) Metaspace: 56912K(57280K)->56912K(57280K) NonClass: 48630K(48896K)->48630K(48896K) Class: 8282K(8384K)->8282K(8384K)
[243.686s][info][gc             ] GC(484) Pause Young (Allocation Failure) 472M->283M(530M) 4.198ms
[243.686s][info][gc,cpu         ] GC(484) User=0.00s Sys=0.00s Real=0.01s
[244.168s][info][gc,start       ] GC(485) Pause Young (Allocation Failure)
[244.171s][info][gc,heap        ] GC(485) PSYoungGen: 188768K(188928K)->1151K(181760K) Eden: 186880K(186880K)->0K(180224K) From: 1888K(2048K)->1151K(1536K)
[244.171s][info][gc,heap        ] GC(485) ParOldGen: 288785K(353792K)->288801K(353792K)
[244.171s][info][gc,metaspace   ] GC(485) Metaspace: 56912K(57280K)->56912K(57280K) NonClass: 48630K(48896K)->48630K(48896K) Class: 8282K(8384K)->8282K(8384K)
[244.171s][info][gc             ] GC(485) Pause Young (Allocation Failure) 466M->283M(523M) 2.691ms
[244.171s][info][gc,cpu         ] GC(485) User=0.01s Sys=0.00s Real=0.00s
[244.588s][info][gc,start       ] GC(486) Pause Young (Allocation Failure)
[244.592s][info][gc,heap        ] GC(486) PSYoungGen: 181375K(181760K)->2304K(176640K) Eden: 180224K(180224K)->0K(174080K) From: 1151K(1536K)->2304K(2560K)
[244.592s][info][gc,heap        ] GC(486) ParOldGen: 288801K(353792K)->288817K(353792K)
[244.592s][info][gc,metaspace   ] GC(486) Metaspace: 56912K(57280K)->56912K(57280K) NonClass: 48630K(48896K)->48630K(48896K) Class: 8282K(8384K)->8282K(8384K)
[244.593s][info][gc             ] GC(486) Pause Young (Allocation Failure) 459M->284M(518M) 4.880ms
[244.593s][info][gc,cpu         ] GC(486) User=0.01s Sys=0.00s Real=0.00s
[244.997s][info][gc,start       ] GC(487) Pause Young (Allocation Failure)
[245.001s][info][gc,heap        ] GC(487) PSYoungGen: 176384K(176640K)->1663K(169984K) Eden: 174080K(174080K)->0K(167936K) From: 2304K(2560K)->1663K(2048K)
[245.001s][info][gc,heap        ] GC(487) ParOldGen: 288817K(353792K)->288833K(353792K)
[245.001s][info][gc,metaspace   ] GC(487) Metaspace: 56912K(57280K)->56912K(57280K) NonClass: 48630K(48896K)->48630K(48896K) Class: 8282K(8384K)->8282K(8384K)
[245.001s][info][gc             ] GC(487) Pause Young (Allocation Failure) 454M->283M(511M) 3.620ms
[245.001s][info][gc,cpu         ] GC(487) User=0.01s Sys=0.01s Real=0.00s
[245.413s][info][gc,start       ] GC(488) Pause Young (Allocation Failure)
[245.416s][info][gc,heap        ] GC(488) PSYoungGen: 169492K(169984K)->832K(163328K) Eden: 167829K(167936K)->0K(162304K) From: 1663K(2048K)->832K(1024K)
[245.416s][info][gc,heap        ] GC(488) ParOldGen: 288833K(353792K)->288849K(353792K)
[245.416s][info][gc,metaspace   ] GC(488) Metaspace: 56912K(57280K)->56912K(57280K) NonClass: 48630K(48896K)->48630K(48896K) Class: 8282K(8384K)->8282K(8384K)
[245.416s][info][gc             ] GC(488) Pause Young (Allocation Failure) 447M->282M(505M) 2.852ms
[245.416s][info][gc,cpu         ] GC(488) User=0.01s Sys=0.00s Real=0.00s
[245.797s][info][gc,start       ] GC(489) Pause Young (Allocation Failure)
[245.799s][info][gc,heap        ] GC(489) PSYoungGen: 163136K(163328K)->1215K(158208K) Eden: 162304K(162304K)->0K(156672K) From: 832K(1024K)->1215K(1536K)
[245.799s][info][gc,heap        ] GC(489) ParOldGen: 288849K(353792K)->288865K(353792K)
[245.799s][info][gc,metaspace   ] GC(489) Metaspace: 56912K(57280K)->56912K(57280K) NonClass: 48630K(48896K)->48630K(48896K) Class: 8282K(8384K)->8282K(8384K)
[245.799s][info][gc             ] GC(489) Pause Young (Allocation Failure) 441M->283M(500M) 2.817ms
[245.799s][info][gc,cpu         ] GC(489) User=0.01s Sys=0.00s Real=0.00s
[246.193s][info][gc,start       ] GC(490) Pause Young (Allocation Failure)
[246.198s][info][gc,heap        ] GC(490) PSYoungGen: 157806K(158208K)->2336K(154112K) Eden: 156590K(156672K)->0K(151552K) From: 1215K(1536K)->2336K(2560K)
[246.198s][info][gc,heap        ] GC(490) ParOldGen: 288865K(353792K)->288881K(353792K)
[246.198s][info][gc,metaspace   ] GC(490) Metaspace: 56912K(57280K)->56912K(57280K) NonClass: 48630K(48896K)->48630K(48896K) Class: 8282K(8384K)->8282K(8384K)
[246.198s][info][gc             ] GC(490) Pause Young (Allocation Failure) 436M->284M(496M) 4.625ms
[246.198s][info][gc,cpu         ] GC(490) User=0.01s Sys=0.00s Real=0.01s
[246.572s][info][gc,start       ] GC(491) Pause Young (Allocation Failure)
[246.576s][info][gc,heap        ] GC(491) PSYoungGen: 153888K(154112K)->1790K(148480K) Eden: 151552K(151552K)->0K(146432K) From: 2336K(2560K)->1790K(2048K)
[246.576s][info][gc,heap        ] GC(491) ParOldGen: 288881K(353792K)->288897K(353792K)
[246.576s][info][gc,metaspace   ] GC(491) Metaspace: 56912K(57280K)->56912K(57280K) NonClass: 48630K(48896K)->48630K(48896K) Class: 8282K(8384K)->8282K(8384K)
[246.576s][info][gc             ] GC(491) Pause Young (Allocation Failure) 432M->283M(490M) 3.261ms
[246.576s][info][gc,cpu         ] GC(491) User=0.01s Sys=0.00s Real=0.00s
[246.909s][info][gc,start       ] GC(492) Pause Young (Allocation Failure)
[246.914s][info][gc,heap        ] GC(492) PSYoungGen: 148222K(148480K)->608K(142848K) Eden: 146432K(146432K)->0K(141824K) From: 1790K(2048K)->608K(1024K)
[246.914s][info][gc,heap        ] GC(492) ParOldGen: 288897K(353792K)->288905K(353792K)
[246.914s][info][gc,metaspace   ] GC(492) Metaspace: 56912K(57280K)->56912K(57280K) NonClass: 48630K(48896K)->48630K(48896K) Class: 8282K(8384K)->8282K(8384K)
[246.914s][info][gc             ] GC(492) Pause Young (Allocation Failure) 426M->282M(485M) 4.959ms
[246.914s][info][gc,cpu         ] GC(492) User=0.00s Sys=0.00s Real=0.00s
[247.274s][info][gc,start       ] GC(493) Pause Young (Allocation Failure)
[247.277s][info][gc,heap        ] GC(493) PSYoungGen: 142432K(142848K)->1439K(138752K) Eden: 141824K(141824K)->0K(137216K) From: 608K(1024K)->1439K(1536K)
[247.278s][info][gc,heap        ] GC(493) ParOldGen: 288905K(353792K)->288921K(353792K)
[247.278s][info][gc,metaspace   ] GC(493) Metaspace: 56912K(57280K)->56912K(57280K) NonClass: 48630K(48896K)->48630K(48896K) Class: 8282K(8384K)->8282K(8384K)
[247.278s][info][gc             ] GC(493) Pause Young (Allocation Failure) 421M->283M(481M) 3.252ms
[247.278s][info][gc,cpu         ] GC(493) User=0.00s Sys=0.00s Real=0.01s
[247.586s][info][gc,start       ] GC(494) Pause Young (Allocation Failure)
[247.591s][info][gc,heap        ] GC(494) PSYoungGen: 138655K(138752K)->2495K(166400K) Eden: 137216K(137216K)->0K(163840K) From: 1439K(1536K)->2495K(2560K)
[247.591s][info][gc,heap        ] GC(494) ParOldGen: 288921K(353792K)->288937K(353792K)
[247.591s][info][gc,metaspace   ] GC(494) Metaspace: 56912K(57280K)->56912K(57280K) NonClass: 48630K(48896K)->48630K(48896K) Class: 8282K(8384K)->8282K(8384K)
[247.591s][info][gc             ] GC(494) Pause Young (Allocation Failure) 417M->284M(508M) 4.804ms
[247.591s][info][gc,cpu         ] GC(494) User=0.01s Sys=0.00s Real=0.00s
[248.027s][info][gc,start       ] GC(495) Pause Young (Allocation Failure)
[248.033s][info][gc,heap        ] GC(495) PSYoungGen: 166286K(166400K)->2560K(198144K) Eden: 163791K(163840K)->0K(195584K) From: 2495K(2560K)->2560K(2560K)
[248.033s][info][gc,heap        ] GC(495) ParOldGen: 288937K(353792K)->288953K(353792K)
[248.033s][info][gc,metaspace   ] GC(495) Metaspace: 56912K(57280K)->56912K(57280K) NonClass: 48630K(48896K)->48630K(48896K) Class: 8282K(8384K)->8282K(8384K)
[248.033s][info][gc             ] GC(495) Pause Young (Allocation Failure) 444M->284M(539M) 5.432ms
[248.033s][info][gc,cpu         ] GC(495) User=0.01s Sys=0.00s Real=0.00s
[248.479s][info][gc,start       ] GC(496) Pause Young (Allocation Failure)
[248.482s][info][gc,heap        ] GC(496) PSYoungGen: 198144K(198144K)->1600K(217600K) Eden: 195584K(195584K)->0K(215040K) From: 2560K(2560K)->1600K(2560K)
[248.482s][info][gc,heap        ] GC(496) ParOldGen: 288953K(353792K)->288969K(353792K)
[248.482s][info][gc,metaspace   ] GC(496) Metaspace: 56912K(57280K)->56912K(57280K) NonClass: 48630K(48896K)->48630K(48896K) Class: 8282K(8384K)->8282K(8384K)
[248.482s][info][gc             ] GC(496) Pause Young (Allocation Failure) 475M->283M(558M) 3.677ms
[248.482s][info][gc,cpu         ] GC(496) User=0.01s Sys=0.00s Real=0.00s
[248.991s][info][gc,start       ] GC(497) Pause Young (Allocation Failure)
[248.995s][info][gc,heap        ] GC(497) PSYoungGen: 216640K(217600K)->1855K(209408K) Eden: 215040K(215040K)->0K(207360K) From: 1600K(2560K)->1855K(2048K)
[248.995s][info][gc,heap        ] GC(497) ParOldGen: 288969K(353792K)->288985K(353792K)
[248.995s][info][gc,metaspace   ] GC(497) Metaspace: 56912K(57280K)->56912K(57280K) NonClass: 48630K(48896K)->48630K(48896K) Class: 8282K(8384K)->8282K(8384K)
[248.995s][info][gc             ] GC(497) Pause Young (Allocation Failure) 493M->284M(550M) 3.877ms
[248.995s][info][gc,cpu         ] GC(497) User=0.00s Sys=0.00s Real=0.00s
[249.500s][info][gc,start       ] GC(498) Pause Young (Allocation Failure)
[249.504s][info][gc,heap        ] GC(498) PSYoungGen: 208948K(209408K)->1984K(201728K) Eden: 207092K(207360K)->0K(199680K) From: 1855K(2048K)->1984K(2048K)
[249.504s][info][gc,heap        ] GC(498) ParOldGen: 288985K(353792K)->289001K(353792K)
[249.504s][info][gc,metaspace   ] GC(498) Metaspace: 56912K(57280K)->56912K(57280K) NonClass: 48630K(48896K)->48630K(48896K) Class: 8282K(8384K)->8282K(8384K)
[249.504s][info][gc             ] GC(498) Pause Young (Allocation Failure) 486M->284M(542M) 4.268ms
[249.504s][info][gc,cpu         ] GC(498) User=0.01s Sys=0.00s Real=0.00s
[249.989s][info][gc,start       ] GC(499) Pause Young (Allocation Failure)
[249.994s][info][gc,heap        ] GC(499) PSYoungGen: 201664K(201728K)->2911K(195584K) Eden: 199680K(199680K)->0K(192512K) From: 1984K(2048K)->2911K(3072K)
[249.994s][info][gc,heap        ] GC(499) ParOldGen: 289001K(353792K)->289017K(353792K)
[249.994s][info][gc,metaspace   ] GC(499) Metaspace: 56912K(57280K)->56912K(57280K) NonClass: 48630K(48896K)->48630K(48896K) Class: 8282K(8384K)->8282K(8384K)
[249.994s][info][gc             ] GC(499) Pause Young (Allocation Failure) 479M->285M(536M) 5.265ms
[249.994s][info][gc,cpu         ] GC(499) User=0.01s Sys=0.00s Real=0.00s
[250.473s][info][gc,start       ] GC(500) Pause Young (Allocation Failure)
[250.479s][info][gc,heap        ] GC(500) PSYoungGen: 195423K(195584K)->1343K(214016K) Eden: 192512K(192512K)->0K(211456K) From: 2911K(3072K)->1343K(2560K)
[250.479s][info][gc,heap        ] GC(500) ParOldGen: 289017K(353792K)->289033K(353792K)
[250.479s][info][gc,metaspace   ] GC(500) Metaspace: 56912K(57280K)->56912K(57280K) NonClass: 48630K(48896K)->48630K(48896K) Class: 8282K(8384K)->8282K(8384K)
[250.479s][info][gc             ] GC(500) Pause Young (Allocation Failure) 473M->283M(554M) 6.173ms
[250.479s][info][gc,cpu         ] GC(500) User=0.01s Sys=0.00s Real=0.01s
[251.000s][info][gc,start       ] GC(501) Pause Young (Allocation Failure)
[251.005s][info][gc,heap        ] GC(501) PSYoungGen: 212799K(214016K)->2751K(215040K) Eden: 211456K(211456K)->0K(211456K) From: 1343K(2560K)->2751K(3584K)
[251.005s][info][gc,heap        ] GC(501) ParOldGen: 289033K(353792K)->289049K(353792K)
[251.005s][info][gc,metaspace   ] GC(501) Metaspace: 56912K(57280K)->56912K(57280K) NonClass: 48630K(48896K)->48630K(48896K) Class: 8282K(8384K)->8282K(8384K)
[251.005s][info][gc             ] GC(501) Pause Young (Allocation Failure) 490M->284M(555M) 5.140ms
[251.005s][info][gc,cpu         ] GC(501) User=0.01s Sys=0.00s Real=0.00s
[251.494s][info][gc,start       ] GC(502) Pause Young (Allocation Failure)
[251.498s][info][gc,heap        ] GC(502) PSYoungGen: 214207K(215040K)->1823K(255488K) Eden: 211456K(211456K)->0K(251904K) From: 2751K(3584K)->1823K(3584K)
[251.498s][info][gc,heap        ] GC(502) ParOldGen: 289049K(353792K)->289065K(353792K)
[251.498s][info][gc,metaspace   ] GC(502) Metaspace: 56912K(57280K)->56912K(57280K) NonClass: 48630K(48896K)->48630K(48896K) Class: 8282K(8384K)->8282K(8384K)
[251.498s][info][gc             ] GC(502) Pause Young (Allocation Failure) 491M->284M(595M) 4.379ms
[251.498s][info][gc,cpu         ] GC(502) User=0.01s Sys=0.00s Real=0.01s
[252.115s][info][gc,start       ] GC(503) Pause Young (Allocation Failure)
[252.121s][info][gc,heap        ] GC(503) PSYoungGen: 253727K(255488K)->2078K(255488K) Eden: 251904K(251904K)->0K(251904K) From: 1823K(3584K)->2078K(3584K)
[252.121s][info][gc,heap        ] GC(503) ParOldGen: 289065K(353792K)->289081K(353792K)
[252.121s][info][gc,metaspace   ] GC(503) Metaspace: 56912K(57280K)->56912K(57280K) NonClass: 48630K(48896K)->48630K(48896K) Class: 8282K(8384K)->8282K(8384K)
[252.121s][info][gc             ] GC(503) Pause Young (Allocation Failure) 530M->284M(595M) 6.267ms
[252.121s][info][gc,cpu         ] GC(503) User=0.00s Sys=0.00s Real=0.01s
[252.808s][info][gc,start       ] GC(504) Pause Young (Allocation Failure)
[252.812s][info][gc,heap        ] GC(504) PSYoungGen: 253982K(255488K)->1246K(243712K) Eden: 251904K(251904K)->0K(242176K) From: 2078K(3584K)->1246K(1536K)
[252.812s][info][gc,heap        ] GC(504) ParOldGen: 289081K(353792K)->289097K(353792K)
[252.812s][info][gc,metaspace   ] GC(504) Metaspace: 56912K(57280K)->56912K(57280K) NonClass: 48630K(48896K)->48630K(48896K) Class: 8282K(8384K)->8282K(8384K)
[252.812s][info][gc             ] GC(504) Pause Young (Allocation Failure) 530M->283M(583M) 3.111ms
[252.812s][info][gc,cpu         ] GC(504) User=0.00s Sys=0.00s Real=0.00s
[253.396s][info][gc,start       ] GC(505) Pause Young (Allocation Failure)
[253.400s][info][gc,heap        ] GC(505) PSYoungGen: 243303K(243712K)->1344K(234496K) Eden: 242056K(242176K)->0K(232960K) From: 1246K(1536K)->1344K(1536K)
[253.400s][info][gc,heap        ] GC(505) ParOldGen: 289097K(353792K)->289113K(353792K)
[253.400s][info][gc,metaspace   ] GC(505) Metaspace: 56912K(57280K)->56912K(57280K) NonClass: 48630K(48896K)->48630K(48896K) Class: 8282K(8384K)->8282K(8384K)
[253.400s][info][gc             ] GC(505) Pause Young (Allocation Failure) 519M->283M(574M) 4.028ms
[253.400s][info][gc,cpu         ] GC(505) User=0.00s Sys=0.00s Real=0.00s
[253.981s][info][gc,start       ] GC(506) Pause Young (Allocation Failure)
[253.986s][info][gc,heap        ] GC(506) PSYoungGen: 234304K(234496K)->2398K(226816K) Eden: 232960K(232960K)->0K(224256K) From: 1344K(1536K)->2398K(2560K)
[253.986s][info][gc,heap        ] GC(506) ParOldGen: 289113K(353792K)->289129K(353792K)
[253.986s][info][gc,metaspace   ] GC(506) Metaspace: 56912K(57280K)->56912K(57280K) NonClass: 48630K(48896K)->48630K(48896K) Class: 8282K(8384K)->8282K(8384K)
[253.986s][info][gc             ] GC(506) Pause Young (Allocation Failure) 511M->284M(567M) 5.012ms
[253.987s][info][gc,cpu         ] GC(506) User=0.00s Sys=0.00s Real=0.01s
[254.514s][info][gc,start       ] GC(507) Pause Young (Allocation Failure)
[254.516s][info][gc,heap        ] GC(507) PSYoungGen: 226654K(226816K)->64K(216576K) Eden: 224256K(224256K)->0K(216064K) From: 2398K(2560K)->64K(512K)
[254.516s][info][gc,heap        ] GC(507) ParOldGen: 289129K(353792K)->289145K(353792K)
[254.516s][info][gc,metaspace   ] GC(507) Metaspace: 56912K(57280K)->56912K(57280K) NonClass: 48630K(48896K)->48630K(48896K) Class: 8282K(8384K)->8282K(8384K)
[254.516s][info][gc             ] GC(507) Pause Young (Allocation Failure) 503M->282M(557M) 1.709ms
[254.516s][info][gc,cpu         ] GC(507) User=0.00s Sys=0.00s Real=0.01s
[255.067s][info][gc,start       ] GC(508) Pause Young (Allocation Failure)
[255.070s][info][gc,heap        ] GC(508) PSYoungGen: 216128K(216576K)->1151K(209408K) Eden: 216064K(216064K)->0K(207872K) From: 64K(512K)->1151K(1536K)
[255.070s][info][gc,heap        ] GC(508) ParOldGen: 289145K(353792K)->289161K(353792K)
[255.070s][info][gc,metaspace   ] GC(508) Metaspace: 56912K(57280K)->56912K(57280K) NonClass: 48630K(48896K)->48630K(48896K) Class: 8282K(8384K)->8282K(8384K)
[255.070s][info][gc             ] GC(508) Pause Young (Allocation Failure) 493M->283M(550M) 2.928ms
[255.070s][info][gc,cpu         ] GC(508) User=0.00s Sys=0.00s Real=0.00s
[255.570s][info][gc,start       ] GC(509) Pause Young (Allocation Failure)
[255.574s][info][gc,heap        ] GC(509) PSYoungGen: 209023K(209408K)->1823K(202240K) Eden: 207872K(207872K)->0K(200192K) From: 1151K(1536K)->1823K(2048K)
[255.574s][info][gc,heap        ] GC(509) ParOldGen: 289161K(353792K)->289177K(353792K)
[255.574s][info][gc,metaspace   ] GC(509) Metaspace: 56912K(57280K)->56912K(57280K) NonClass: 48630K(48896K)->48630K(48896K) Class: 8282K(8384K)->8282K(8384K)
[255.574s][info][gc             ] GC(509) Pause Young (Allocation Failure) 486M->284M(543M) 4.238ms
[255.574s][info][gc,cpu         ] GC(509) User=0.00s Sys=0.00s Real=0.00s
[256.071s][info][gc,start       ] GC(510) Pause Young (Allocation Failure)
[256.075s][info][gc,heap        ] GC(510) PSYoungGen: 202015K(202240K)->2046K(195072K) Eden: 200192K(200192K)->0K(193024K) From: 1823K(2048K)->2046K(2048K)
[256.075s][info][gc,heap        ] GC(510) ParOldGen: 289177K(353792K)->289193K(353792K)
[256.075s][info][gc,metaspace   ] GC(510) Metaspace: 56912K(57280K)->56912K(57280K) NonClass: 48630K(48896K)->48630K(48896K) Class: 8282K(8384K)->8282K(8384K)
[256.075s][info][gc             ] GC(510) Pause Young (Allocation Failure) 479M->284M(536M) 4.358ms
[256.075s][info][gc,cpu         ] GC(510) User=0.01s Sys=0.00s Real=0.00s
[256.555s][info][gc,start       ] GC(511) Pause Young (Allocation Failure)
[256.557s][info][gc,heap        ] GC(511) PSYoungGen: 195070K(195072K)->224K(186880K) Eden: 193024K(193024K)->0K(186368K) From: 2046K(2048K)->224K(512K)
[256.557s][info][gc,heap        ] GC(511) ParOldGen: 289193K(353792K)->289209K(353792K)
[256.557s][info][gc,metaspace   ] GC(511) Metaspace: 56912K(57280K)->56912K(57280K) NonClass: 48630K(48896K)->48630K(48896K) Class: 8282K(8384K)->8282K(8384K)
[256.557s][info][gc             ] GC(511) Pause Young (Allocation Failure) 472M->282M(528M) 1.961ms
[256.557s][info][gc,cpu         ] GC(511) User=0.01s Sys=0.00s Real=0.01s
[256.981s][info][gc,start       ] GC(512) Pause Young (Allocation Failure)
[256.985s][info][gc,heap        ] GC(512) PSYoungGen: 186592K(186880K)->1535K(181248K) Eden: 186368K(186368K)->0K(179712K) From: 224K(512K)->1535K(1536K)
[256.985s][info][gc,heap        ] GC(512) ParOldGen: 289209K(353792K)->289225K(353792K)
[256.985s][info][gc,metaspace   ] GC(512) Metaspace: 56912K(57280K)->56912K(57280K) NonClass: 48630K(48896K)->48630K(48896K) Class: 8282K(8384K)->8282K(8384K)
[256.985s][info][gc             ] GC(512) Pause Young (Allocation Failure) 464M->283M(522M) 3.604ms
[256.985s][info][gc,cpu         ] GC(512) User=0.00s Sys=0.00s Real=0.00s
[257.402s][info][gc,start       ] GC(513) Pause Young (Allocation Failure)
[257.406s][info][gc,heap        ] GC(513) PSYoungGen: 181158K(181248K)->1471K(175104K) Eden: 179623K(179712K)->0K(173568K) From: 1535K(1536K)->1471K(1536K)
[257.406s][info][gc,heap        ] GC(513) ParOldGen: 289225K(353792K)->289241K(353792K)
[257.406s][info][gc,metaspace   ] GC(513) Metaspace: 56912K(57280K)->56912K(57280K) NonClass: 48630K(48896K)->48630K(48896K) Class: 8282K(8384K)->8282K(8384K)
[257.406s][info][gc             ] GC(513) Pause Young (Allocation Failure) 459M->283M(516M) 3.843ms
[257.406s][info][gc,cpu         ] GC(513) User=0.01s Sys=0.00s Real=0.01s
[257.866s][info][gc,start       ] GC(514) Pause Young (Allocation Failure)
[257.868s][info][gc,heap        ] GC(514) PSYoungGen: 175039K(175104K)->351K(167936K) Eden: 173568K(173568K)->0K(167424K) From: 1471K(1536K)->351K(512K)
[257.868s][info][gc,heap        ] GC(514) ParOldGen: 289241K(353792K)->289257K(353792K)
[257.868s][info][gc,metaspace   ] GC(514) Metaspace: 56912K(57280K)->56912K(57280K) NonClass: 48630K(48896K)->48630K(48896K) Class: 8282K(8384K)->8282K(8384K)
[257.868s][info][gc             ] GC(514) Pause Young (Allocation Failure) 453M->282M(509M) 2.140ms
[257.868s][info][gc,cpu         ] GC(514) User=0.00s Sys=0.00s Real=0.00s
[258.260s][info][gc,start       ] GC(515) Pause Young (Allocation Failure)
[258.262s][info][gc,heap        ] GC(515) PSYoungGen: 167775K(167936K)->681K(164864K) Eden: 167424K(167424K)->0K(161792K) From: 351K(512K)->681K(3072K)
[258.262s][info][gc,heap        ] GC(515) ParOldGen: 289257K(353792K)->289273K(353792K)
[258.262s][info][gc,metaspace   ] GC(515) Metaspace: 56912K(57280K)->56912K(57280K) NonClass: 48630K(48896K)->48630K(48896K) Class: 8282K(8384K)->8282K(8384K)
[258.263s][info][gc             ] GC(515) Pause Young (Allocation Failure) 446M->283M(506M) 2.646ms
[258.263s][info][gc,cpu         ] GC(515) User=0.00s Sys=0.00s Real=0.00s
[258.655s][info][gc,start       ] GC(516) Pause Young (Allocation Failure)
[258.657s][info][gc,heap        ] GC(516) PSYoungGen: 162473K(164864K)->224K(156672K) Eden: 161792K(161792K)->0K(156160K) From: 681K(3072K)->224K(512K)
[258.657s][info][gc,heap        ] GC(516) ParOldGen: 289273K(353792K)->289289K(353792K)
[258.657s][info][gc,metaspace   ] GC(516) Metaspace: 56912K(57280K)->56912K(57280K) NonClass: 48630K(48896K)->48630K(48896K) Class: 8282K(8384K)->8282K(8384K)
[258.657s][info][gc             ] GC(516) Pause Young (Allocation Failure) 441M->282M(498M) 1.790ms
[258.657s][info][gc,cpu         ] GC(516) User=0.00s Sys=0.00s Real=0.01s
[258.991s][info][gc,start       ] GC(517) Pause Young (Allocation Failure)
[258.996s][info][gc,heap        ] GC(517) PSYoungGen: 156384K(156672K)->1951K(153088K) Eden: 156160K(156160K)->0K(151040K) From: 224K(512K)->1951K(2048K)
[258.996s][info][gc,heap        ] GC(517) ParOldGen: 289289K(353792K)->289305K(353792K)
[258.996s][info][gc,metaspace   ] GC(517) Metaspace: 56912K(57280K)->56912K(57280K) NonClass: 48630K(48896K)->48630K(48896K) Class: 8282K(8384K)->8282K(8384K)
[258.996s][info][gc             ] GC(517) Pause Young (Allocation Failure) 435M->284M(495M) 4.560ms
[258.996s][info][gc,cpu         ] GC(517) User=0.01s Sys=0.00s Real=0.00s
[259.383s][info][gc,start       ] GC(518) Pause Young (Allocation Failure)
[259.386s][info][gc,heap        ] GC(518) PSYoungGen: 152991K(153088K)->1024K(146944K) Eden: 151040K(151040K)->0K(145920K) From: 1951K(2048K)->1024K(1024K)
[259.386s][info][gc,heap        ] GC(518) ParOldGen: 289305K(353792K)->289321K(353792K)
[259.386s][info][gc,metaspace   ] GC(518) Metaspace: 56912K(57280K)->56912K(57280K) NonClass: 48630K(48896K)->48630K(48896K) Class: 8282K(8384K)->8282K(8384K)
[259.386s][info][gc             ] GC(518) Pause Young (Allocation Failure) 431M->283M(489M) 3.234ms
[259.386s][info][gc,cpu         ] GC(518) User=0.01s Sys=0.00s Real=0.01s
[259.756s][info][gc,start       ] GC(519) Pause Young (Allocation Failure)
[259.758s][info][gc,heap        ] GC(519) PSYoungGen: 146944K(146944K)->352K(141824K) Eden: 145920K(145920K)->0K(141312K) From: 1024K(1024K)->352K(512K)
[259.758s][info][gc,heap        ] GC(519) ParOldGen: 289321K(353792K)->289337K(353792K)
[259.758s][info][gc,metaspace   ] GC(519) Metaspace: 56912K(57280K)->56912K(57280K) NonClass: 48630K(48896K)->48630K(48896K) Class: 8282K(8384K)->8282K(8384K)
[259.759s][info][gc             ] GC(519) Pause Young (Allocation Failure) 426M->282M(484M) 2.079ms
[259.759s][info][gc,cpu         ] GC(519) User=0.01s Sys=0.00s Real=0.00s
[260.082s][info][gc,start       ] GC(520) Pause Young (Allocation Failure)
[260.088s][info][gc,heap        ] GC(520) PSYoungGen: 141664K(141824K)->2144K(171520K) Eden: 141312K(141312K)->0K(168960K) From: 352K(512K)->2144K(2560K)
[260.088s][info][gc,heap        ] GC(520) ParOldGen: 289337K(353792K)->289353K(353792K)
[260.088s][info][gc,metaspace   ] GC(520) Metaspace: 56912K(57280K)->56912K(57280K) NonClass: 48630K(48896K)->48630K(48896K) Class: 8282K(8384K)->8282K(8384K)
[260.088s][info][gc             ] GC(520) Pause Young (Allocation Failure) 420M->284M(513M) 6.138ms
[260.088s][info][gc,cpu         ] GC(520) User=0.01s Sys=0.00s Real=0.01s
[260.481s][info][gc,start       ] GC(521) Pause Young (Allocation Failure)
[260.486s][info][gc,heap        ] GC(521) PSYoungGen: 171034K(171520K)->1760K(203264K) Eden: 168890K(168960K)->0K(201216K) From: 2144K(2560K)->1760K(2048K)
[260.486s][info][gc,heap        ] GC(521) ParOldGen: 289353K(353792K)->289369K(353792K)
[260.486s][info][gc,metaspace   ] GC(521) Metaspace: 56912K(57280K)->56912K(57280K) NonClass: 48630K(48896K)->48630K(48896K) Class: 8282K(8384K)->8282K(8384K)
[260.486s][info][gc             ] GC(521) Pause Young (Allocation Failure) 449M->284M(544M) 4.766ms
[260.486s][info][gc,cpu         ] GC(521) User=0.01s Sys=0.01s Real=0.01s
[261.015s][info][gc,start       ] GC(522) Pause Young (Allocation Failure)
[261.018s][info][gc,heap        ] GC(522) PSYoungGen: 202693K(203264K)->1344K(195584K) Eden: 200933K(201216K)->0K(194048K) From: 1760K(2048K)->1344K(1536K)
[261.018s][info][gc,heap        ] GC(522) ParOldGen: 289369K(353792K)->289385K(353792K)
[261.018s][info][gc,metaspace   ] GC(522) Metaspace: 56912K(57280K)->56912K(57280K) NonClass: 48630K(48896K)->48630K(48896K) Class: 8282K(8384K)->8282K(8384K)
[261.018s][info][gc             ] GC(522) Pause Young (Allocation Failure) 480M->283M(536M) 3.786ms
[261.018s][info][gc,cpu         ] GC(522) User=0.01s Sys=0.00s Real=0.01s
[261.466s][info][gc,start       ] GC(523) Pause Young (Allocation Failure)
[261.469s][info][gc,heap        ] GC(523) PSYoungGen: 195392K(195584K)->1024K(187904K) Eden: 194048K(194048K)->0K(186880K) From: 1344K(1536K)->1024K(1024K)
[261.469s][info][gc,heap        ] GC(523) ParOldGen: 289385K(353792K)->289401K(353792K)
[261.469s][info][gc,metaspace   ] GC(523) Metaspace: 56912K(57280K)->56912K(57280K) NonClass: 48630K(48896K)->48630K(48896K) Class: 8282K(8384K)->8282K(8384K)
[261.469s][info][gc             ] GC(523) Pause Young (Allocation Failure) 473M->283M(529M) 3.499ms
[261.469s][info][gc,cpu         ] GC(523) User=0.00s Sys=0.00s Real=0.00s
[261.908s][info][gc,start       ] GC(524) Pause Young (Allocation Failure)
[261.912s][info][gc,heap        ] GC(524) PSYoungGen: 187791K(187904K)->1312K(181760K) Eden: 186767K(186880K)->0K(180224K) From: 1024K(1024K)->1312K(1536K)
[261.912s][info][gc,heap        ] GC(524) ParOldGen: 289401K(353792K)->289417K(353792K)
[261.912s][info][gc,metaspace   ] GC(524) Metaspace: 56912K(57280K)->56912K(57280K) NonClass: 48630K(48896K)->48630K(48896K) Class: 8282K(8384K)->8282K(8384K)
[261.912s][info][gc             ] GC(524) Pause Young (Allocation Failure) 466M->283M(523M) 3.856ms
[261.912s][info][gc,cpu         ] GC(524) User=0.01s Sys=0.00s Real=0.00s
[262.367s][info][gc,start       ] GC(525) Pause Young (Allocation Failure)
[262.370s][info][gc,heap        ] GC(525) PSYoungGen: 181536K(181760K)->1056K(175616K) Eden: 180224K(180224K)->0K(174080K) From: 1312K(1536K)->1056K(1536K)
[262.370s][info][gc,heap        ] GC(525) ParOldGen: 289417K(353792K)->289433K(353792K)
[262.370s][info][gc,metaspace   ] GC(525) Metaspace: 56912K(57280K)->56912K(57280K) NonClass: 48630K(48896K)->48630K(48896K) Class: 8282K(8384K)->8282K(8384K)
[262.370s][info][gc             ] GC(525) Pause Young (Allocation Failure) 459M->283M(517M) 3.515ms
[262.370s][info][gc,cpu         ] GC(525) User=0.00s Sys=0.00s Real=0.00s
[262.777s][info][gc,start       ] GC(526) Pause Young (Allocation Failure)
[262.781s][info][gc,heap        ] GC(526) PSYoungGen: 175136K(175616K)->1728K(169984K) Eden: 174080K(174080K)->0K(167936K) From: 1056K(1536K)->1728K(2048K)
[262.781s][info][gc,heap        ] GC(526) ParOldGen: 289433K(353792K)->289449K(353792K)
[262.781s][info][gc,metaspace   ] GC(526) Metaspace: 56912K(57280K)->56912K(57280K) NonClass: 48630K(48896K)->48630K(48896K) Class: 8282K(8384K)->8282K(8384K)
[262.781s][info][gc             ] GC(526) Pause Young (Allocation Failure) 453M->284M(511M) 4.318ms
[262.781s][info][gc,cpu         ] GC(526) User=0.00s Sys=0.00s Real=0.00s
[263.188s][info][gc,start       ] GC(527) Pause Young (Allocation Failure)
[263.193s][info][gc,heap        ] GC(527) PSYoungGen: 169664K(169984K)->1791K(164352K) Eden: 167936K(167936K)->0K(162304K) From: 1728K(2048K)->1791K(2048K)
[263.193s][info][gc,heap        ] GC(527) ParOldGen: 289449K(353792K)->289465K(353792K)
[263.193s][info][gc,metaspace   ] GC(527) Metaspace: 56912K(57280K)->56912K(57280K) NonClass: 48630K(48896K)->48630K(48896K) Class: 8282K(8384K)->8282K(8384K)
[263.193s][info][gc             ] GC(527) Pause Young (Allocation Failure) 448M->284M(506M) 4.566ms
[263.193s][info][gc,cpu         ] GC(527) User=0.00s Sys=0.00s Real=0.00s
[263.580s][info][gc,start       ] GC(528) Pause Young (Allocation Failure)
[263.585s][info][gc,heap        ] GC(528) PSYoungGen: 164095K(164352K)->2398K(196096K) Eden: 162304K(162304K)->0K(193536K) From: 1791K(2048K)->2398K(2560K)
[263.585s][info][gc,heap        ] GC(528) ParOldGen: 289465K(353792K)->289481K(353792K)
[263.585s][info][gc,metaspace   ] GC(528) Metaspace: 56912K(57280K)->56912K(57280K) NonClass: 48630K(48896K)->48630K(48896K) Class: 8282K(8384K)->8282K(8384K)
[263.585s][info][gc             ] GC(528) Pause Young (Allocation Failure) 442M->285M(537M) 4.710ms
[263.585s][info][gc,cpu         ] GC(528) User=0.01s Sys=0.00s Real=0.00s
[264.071s][info][gc,start       ] GC(529) Pause Young (Allocation Failure)
[264.075s][info][gc,heap        ] GC(529) PSYoungGen: 195934K(196096K)->1694K(188928K) Eden: 193536K(193536K)->0K(186880K) From: 2398K(2560K)->1694K(2048K)
[264.075s][info][gc,heap        ] GC(529) ParOldGen: 289481K(353792K)->289497K(353792K)
[264.075s][info][gc,metaspace   ] GC(529) Metaspace: 56912K(57280K)->56912K(57280K) NonClass: 48630K(48896K)->48630K(48896K) Class: 8282K(8384K)->8282K(8384K)
[264.075s][info][gc             ] GC(529) Pause Young (Allocation Failure) 474M->284M(530M) 3.969ms
[264.075s][info][gc,cpu         ] GC(529) User=0.01s Sys=0.00s Real=0.00s
[264.502s][info][gc,start       ] GC(530) Pause Young (Allocation Failure)
[264.505s][info][gc,heap        ] GC(530) PSYoungGen: 188574K(188928K)->1279K(181760K) Eden: 186880K(186880K)->0K(180224K) From: 1694K(2048K)->1279K(1536K)
[264.505s][info][gc,heap        ] GC(530) ParOldGen: 289497K(353792K)->289513K(353792K)
[264.505s][info][gc,metaspace   ] GC(530) Metaspace: 56912K(57280K)->56912K(57280K) NonClass: 48630K(48896K)->48630K(48896K) Class: 8282K(8384K)->8282K(8384K)
[264.506s][info][gc             ] GC(530) Pause Young (Allocation Failure) 466M->283M(523M) 3.188ms
[264.506s][info][gc,cpu         ] GC(530) User=0.00s Sys=0.00s Real=0.00s
[265.007s][info][gc,start       ] GC(531) Pause Young (Allocation Failure)
[265.010s][info][gc,heap        ] GC(531) PSYoungGen: 181503K(181760K)->576K(175104K) Eden: 180224K(180224K)->0K(174080K) From: 1279K(1536K)->576K(1024K)
[265.010s][info][gc,heap        ] GC(531) ParOldGen: 289513K(353792K)->289529K(353792K)
[265.010s][info][gc,metaspace   ] GC(531) Metaspace: 56912K(57280K)->56912K(57280K) NonClass: 48630K(48896K)->48630K(48896K) Class: 8282K(8384K)->8282K(8384K)
[265.010s][info][gc             ] GC(531) Pause Young (Allocation Failure) 459M->283M(516M) 2.597ms
[265.010s][info][gc,cpu         ] GC(531) User=0.00s Sys=0.00s Real=0.00s
[265.379s][info][gc,start       ] GC(532) Pause Young (Allocation Failure)
[265.383s][info][gc,heap        ] GC(532) PSYoungGen: 174656K(175104K)->1599K(169984K) Eden: 174080K(174080K)->0K(167936K) From: 576K(1024K)->1599K(2048K)
[265.383s][info][gc,heap        ] GC(532) ParOldGen: 289529K(353792K)->289545K(353792K)
[265.383s][info][gc,metaspace   ] GC(532) Metaspace: 56912K(57280K)->56912K(57280K) NonClass: 48630K(48896K)->48630K(48896K) Class: 8282K(8384K)->8282K(8384K)
[265.383s][info][gc             ] GC(532) Pause Young (Allocation Failure) 453M->284M(511M) 3.756ms
[265.383s][info][gc,cpu         ] GC(532) User=0.00s Sys=0.00s Real=0.00s
[265.790s][info][gc,start       ] GC(533) Pause Young (Allocation Failure)
[265.806s][info][gc,heap        ] GC(533) PSYoungGen: 169535K(169984K)->2335K(203264K) Eden: 167936K(167936K)->0K(200704K) From: 1599K(2048K)->2335K(2560K)
[265.806s][info][gc,heap        ] GC(533) ParOldGen: 289545K(353792K)->289561K(353792K)
[265.806s][info][gc,metaspace   ] GC(533) Metaspace: 56912K(57280K)->56912K(57280K) NonClass: 48630K(48896K)->48630K(48896K) Class: 8282K(8384K)->8282K(8384K)
[265.806s][info][gc             ] GC(533) Pause Young (Allocation Failure) 448M->285M(544M) 16.556ms
[265.807s][info][gc,cpu         ] GC(533) User=0.01s Sys=0.00s Real=0.02s
[266.278s][info][gc,start       ] GC(534) Pause Young (Allocation Failure)
[266.282s][info][gc,heap        ] GC(534) PSYoungGen: 203039K(203264K)->1664K(242176K) Eden: 200704K(200704K)->0K(240128K) From: 2335K(2560K)->1664K(2048K)
[266.282s][info][gc,heap        ] GC(534) ParOldGen: 289881K(353792K)->289897K(353792K)
[266.282s][info][gc,metaspace   ] GC(534) Metaspace: 56912K(57280K)->56912K(57280K) NonClass: 48630K(48896K)->48630K(48896K) Class: 8282K(8384K)->8282K(8384K)
[266.282s][info][gc             ] GC(534) Pause Young (Allocation Failure) 481M->284M(582M) 4.297ms
[266.282s][info][gc,cpu         ] GC(534) User=0.01s Sys=0.00s Real=0.00s
[266.865s][info][gc,start       ] GC(535) Pause Young (Allocation Failure)
[266.869s][info][gc,heap        ] GC(535) PSYoungGen: 241792K(242176K)->1663K(264192K) Eden: 240128K(240128K)->0K(261120K) From: 1664K(2048K)->1663K(3072K)
[266.869s][info][gc,heap        ] GC(535) ParOldGen: 289897K(353792K)->289913K(353792K)
[266.869s][info][gc,metaspace   ] GC(535) Metaspace: 56912K(57280K)->56912K(57280K) NonClass: 48630K(48896K)->48630K(48896K) Class: 8282K(8384K)->8282K(8384K)
[266.869s][info][gc             ] GC(535) Pause Young (Allocation Failure) 519M->284M(603M) 4.043ms
[266.869s][info][gc,cpu         ] GC(535) User=0.01s Sys=0.00s Real=0.01s
[267.488s][info][gc,start       ] GC(536) Pause Young (Allocation Failure)
[267.494s][info][gc,heap        ] GC(536) PSYoungGen: 262783K(264192K)->2686K(289280K) Eden: 261120K(261120K)->0K(286208K) From: 1663K(3072K)->2686K(3072K)
[267.494s][info][gc,heap        ] GC(536) ParOldGen: 289913K(353792K)->289929K(353792K)
[267.494s][info][gc,metaspace   ] GC(536) Metaspace: 56912K(57280K)->56912K(57280K) NonClass: 48630K(48896K)->48630K(48896K) Class: 8282K(8384K)->8282K(8384K)
[267.494s][info][gc             ] GC(536) Pause Young (Allocation Failure) 539M->285M(628M) 5.629ms
[267.494s][info][gc,cpu         ] GC(536) User=0.01s Sys=0.00s Real=0.00s
[268.292s][info][gc,start       ] GC(537) Pause Young (Allocation Failure)
[268.318s][info][gc,heap        ] GC(537) PSYoungGen: 288894K(289280K)->3551K(289792K) Eden: 286208K(286208K)->0K(286208K) From: 2686K(3072K)->3551K(3584K)
[268.318s][info][gc,heap        ] GC(537) ParOldGen: 289929K(353792K)->289945K(353792K)
[268.318s][info][gc,metaspace   ] GC(537) Metaspace: 56912K(57280K)->56912K(57280K) NonClass: 48630K(48896K)->48630K(48896K) Class: 8282K(8384K)->8282K(8384K)
[268.318s][info][gc             ] GC(537) Pause Young (Allocation Failure) 565M->286M(628M) 26.497ms
[268.318s][info][gc,cpu         ] GC(537) User=0.03s Sys=0.01s Real=0.03s
[268.985s][info][gc,start       ] GC(538) Pause Young (Allocation Failure)
[268.991s][info][gc,heap        ] GC(538) PSYoungGen: 289759K(289792K)->1823K(329728K) Eden: 286208K(286208K)->0K(326144K) From: 3551K(3584K)->1823K(3584K)
[268.991s][info][gc,heap        ] GC(538) ParOldGen: 289945K(353792K)->289961K(353792K)
[268.991s][info][gc,metaspace   ] GC(538) Metaspace: 56912K(57280K)->56912K(57280K) NonClass: 48630K(48896K)->48630K(48896K) Class: 8282K(8384K)->8282K(8384K)
[268.991s][info][gc             ] GC(538) Pause Young (Allocation Failure) 566M->284M(667M) 5.747ms
[268.991s][info][gc,cpu         ] GC(538) User=0.00s Sys=0.00s Real=0.01s
[269.798s][info][gc,start       ] GC(539) Pause Young (Allocation Failure)
[269.801s][info][gc,heap        ] GC(539) PSYoungGen: 327967K(329728K)->1024K(329728K) Eden: 326144K(326144K)->0K(326144K) From: 1823K(3584K)->1024K(3584K)
[269.801s][info][gc,heap        ] GC(539) ParOldGen: 289961K(353792K)->289977K(353792K)
[269.801s][info][gc,metaspace   ] GC(539) Metaspace: 56912K(57280K)->56912K(57280K) NonClass: 48630K(48896K)->48630K(48896K) Class: 8282K(8384K)->8282K(8384K)
[269.801s][info][gc             ] GC(539) Pause Young (Allocation Failure) 603M->284M(667M) 3.424ms
[269.801s][info][gc,cpu         ] GC(539) User=0.00s Sys=0.00s Real=0.00s
[270.645s][info][gc,start       ] GC(540) Pause Young (Allocation Failure)
[270.648s][info][gc,heap        ] GC(540) PSYoungGen: 327168K(329728K)->1056K(330240K) Eden: 326144K(326144K)->0K(326656K) From: 1024K(3584K)->1056K(3584K)
[270.648s][info][gc,heap        ] GC(540) ParOldGen: 289977K(353792K)->289993K(353792K)
[270.648s][info][gc,metaspace   ] GC(540) Metaspace: 56912K(57280K)->56912K(57280K) NonClass: 48630K(48896K)->48630K(48896K) Class: 8282K(8384K)->8282K(8384K)
[270.648s][info][gc             ] GC(540) Pause Young (Allocation Failure) 602M->284M(668M) 2.978ms
[270.648s][info][gc,cpu         ] GC(540) User=0.01s Sys=0.00s Real=0.01s
[272.468s][info][gc,start       ] GC(541) Pause Young (Allocation Failure)
[272.469s][info][gc,heap        ] GC(541) PSYoungGen: 315178K(330240K)->64K(313856K) Eden: 314122K(326656K)->0K(313344K) From: 1056K(3584K)->64K(512K)
[272.469s][info][gc,heap        ] GC(541) ParOldGen: 289993K(353792K)->290009K(353792K)
[272.469s][info][gc,metaspace   ] GC(541) Metaspace: 56912K(57280K)->56912K(57280K) NonClass: 48630K(48896K)->48630K(48896K) Class: 8282K(8384K)->8282K(8384K)
[272.470s][info][gc             ] GC(541) Pause Young (Allocation Failure) 590M->283M(652M) 1.829ms
[272.470s][info][gc,cpu         ] GC(541) User=0.00s Sys=0.00s Real=0.00s
[274.272s][info][gc,start       ] GC(542) Pause Young (Allocation Failure)
[274.319s][info][gc,heap        ] GC(542) PSYoungGen: 313408K(313856K)->3570K(255488K) Eden: 313344K(313344K)->0K(251904K) From: 64K(512K)->3570K(3584K)
[274.319s][info][gc,heap        ] GC(542) ParOldGen: 290009K(353792K)->388789K(393216K)
[274.319s][info][gc,metaspace   ] GC(542) Metaspace: 57128K(57472K)->57128K(57472K) NonClass: 48845K(49088K)->48845K(49088K) Class: 8282K(8384K)->8282K(8384K)
[274.319s][info][gc             ] GC(542) Pause Young (Allocation Failure) 589M->383M(633M) 47.082ms
[274.319s][info][gc,cpu         ] GC(542) User=0.07s Sys=0.02s Real=0.05s
[274.883s][info][gc,start       ] GC(543) Pause Young (Allocation Failure)
[274.891s][info][gc,heap        ] GC(543) PSYoungGen: 255474K(255488K)->2719K(292864K) Eden: 251904K(251904K)->0K(251904K) From: 3570K(3584K)->2719K(40960K)
[274.891s][info][gc,heap        ] GC(543) ParOldGen: 388789K(393216K)->392359K(393216K)
[274.891s][info][gc,metaspace   ] GC(543) Metaspace: 57128K(57472K)->57128K(57472K) NonClass: 48845K(49088K)->48845K(49088K) Class: 8282K(8384K)->8282K(8384K)
[274.891s][info][gc             ] GC(543) Pause Young (Allocation Failure) 629M->385M(670M) 7.908ms
[274.891s][info][gc,cpu         ] GC(543) User=0.01s Sys=0.01s Real=0.01s
[275.493s][info][gc,start       ] GC(544) Pause Young (Allocation Failure)
[275.498s][info][gc,heap        ] GC(544) PSYoungGen: 254623K(292864K)->2143K(288256K) Eden: 251904K(251904K)->0K(253440K) From: 2719K(40960K)->2143K(34816K)
[275.498s][info][gc,heap        ] GC(544) ParOldGen: 392359K(393216K)->392519K(393216K)
[275.498s][info][gc,metaspace   ] GC(544) Metaspace: 57128K(57472K)->57128K(57472K) NonClass: 48845K(49088K)->48845K(49088K) Class: 8282K(8384K)->8282K(8384K)
[275.498s][info][gc             ] GC(544) Pause Young (Allocation Failure) 631M->385M(665M) 4.726ms
[275.498s][info][gc,cpu         ] GC(544) User=0.01s Sys=0.00s Real=0.01s
[276.104s][info][gc,start       ] GC(545) Pause Young (Allocation Failure)
[276.107s][info][gc,heap        ] GC(545) PSYoungGen: 255583K(288256K)->735K(244736K) Eden: 253440K(253440K)->0K(243712K) From: 2143K(34816K)->735K(1024K)
[276.107s][info][gc,heap        ] GC(545) ParOldGen: 392519K(393216K)->392535K(393216K)
[276.107s][info][gc,metaspace   ] GC(545) Metaspace: 57128K(57472K)->57128K(57472K) NonClass: 48845K(49088K)->48845K(49088K) Class: 8282K(8384K)->8282K(8384K)
[276.107s][info][gc             ] GC(545) Pause Young (Allocation Failure) 632M->384M(623M) 3.264ms
[276.107s][info][gc,cpu         ] GC(545) User=0.00s Sys=0.01s Real=0.01s
[276.699s][info][gc,start       ] GC(546) Pause Young (Allocation Failure)
[276.703s][info][gc,heap        ] GC(546) PSYoungGen: 244345K(244736K)->1503K(259072K) Eden: 243609K(243712K)->0K(234496K) From: 735K(1024K)->1503K(24576K)
[276.703s][info][gc,heap        ] GC(546) ParOldGen: 392535K(393216K)->392551K(393216K)
[276.703s][info][gc,metaspace   ] GC(546) Metaspace: 57128K(57472K)->57128K(57472K) NonClass: 48845K(49088K)->48845K(49088K) Class: 8282K(8384K)->8282K(8384K)
[276.703s][info][gc             ] GC(546) Pause Young (Allocation Failure) 621M->384M(637M) 4.321ms
[276.704s][info][gc,cpu         ] GC(546) User=0.01s Sys=0.00s Real=0.00s
[277.278s][info][gc,start       ] GC(547) Pause Young (Allocation Failure)
[277.283s][info][gc,heap        ] GC(547) PSYoungGen: 235999K(259072K)->1919K(227840K) Eden: 234496K(234496K)->0K(225792K) From: 1503K(24576K)->1919K(2048K)
[277.283s][info][gc,heap        ] GC(547) ParOldGen: 392551K(393216K)->392567K(393216K)
[277.283s][info][gc,metaspace   ] GC(547) Metaspace: 57128K(57472K)->57128K(57472K) NonClass: 48845K(49088K)->48845K(49088K) Class: 8282K(8384K)->8282K(8384K)
[277.283s][info][gc             ] GC(547) Pause Young (Allocation Failure) 613M->385M(606M) 4.847ms
[277.283s][info][gc,cpu         ] GC(547) User=0.01s Sys=0.00s Real=0.00s
[277.856s][info][gc,start       ] GC(548) Pause Young (Allocation Failure)
[277.858s][info][gc,heap        ] GC(548) PSYoungGen: 227711K(227840K)->224K(240128K) Eden: 225792K(225792K)->0K(217600K) From: 1919K(2048K)->224K(22528K)
[277.858s][info][gc,heap        ] GC(548) ParOldGen: 392567K(393216K)->392583K(393216K)
[277.858s][info][gc,metaspace   ] GC(548) Metaspace: 57128K(57472K)->57128K(57472K) NonClass: 48845K(49088K)->48845K(49088K) Class: 8282K(8384K)->8282K(8384K)
[277.858s][info][gc             ] GC(548) Pause Young (Allocation Failure) 605M->383M(618M) 2.770ms
[277.858s][info][gc,cpu         ] GC(548) User=0.00s Sys=0.00s Real=0.01s
[278.396s][info][gc,start       ] GC(549) Pause Young (Allocation Failure)
[278.412s][info][gc,heap        ] GC(549) PSYoungGen: 217824K(240128K)->2239K(249856K) Eden: 217600K(217600K)->0K(217600K) From: 224K(22528K)->2239K(32256K)
[278.412s][info][gc,heap        ] GC(549) ParOldGen: 392583K(393216K)->392599K(393216K)
[278.412s][info][gc,metaspace   ] GC(549) Metaspace: 57128K(57472K)->57128K(57472K) NonClass: 48845K(49088K)->48845K(49088K) Class: 8282K(8384K)->8282K(8384K)
[278.412s][info][gc             ] GC(549) Pause Young (Allocation Failure) 596M->385M(628M) 15.359ms
[278.412s][info][gc,cpu         ] GC(549) User=0.01s Sys=0.00s Real=0.01s
[278.888s][info][gc,start       ] GC(550) Pause Young (Allocation Failure)
[278.894s][info][gc,heap        ] GC(550) PSYoungGen: 219839K(249856K)->2142K(287232K) Eden: 217600K(217600K)->0K(259584K) From: 2239K(32256K)->2142K(27648K)
[278.894s][info][gc,heap        ] GC(550) ParOldGen: 392599K(393216K)->392615K(393216K)
[278.894s][info][gc,metaspace   ] GC(550) Metaspace: 57128K(57472K)->57128K(57472K) NonClass: 48845K(49088K)->48845K(49088K) Class: 8282K(8384K)->8282K(8384K)
[278.894s][info][gc             ] GC(550) Pause Young (Allocation Failure) 598M->385M(664M) 5.609ms
[278.894s][info][gc,cpu         ] GC(550) User=0.01s Sys=0.00s Real=0.00s
[279.511s][info][gc,start       ] GC(551) Pause Young (Allocation Failure)
[279.513s][info][gc,heap        ] GC(551) PSYoungGen: 261726K(287232K)->428K(288768K) Eden: 259584K(259584K)->0K(259584K) From: 2142K(27648K)->428K(29184K)
[279.513s][info][gc,heap        ] GC(551) ParOldGen: 392615K(393216K)->392631K(393216K)
[279.513s][info][gc,metaspace   ] GC(551) Metaspace: 57128K(57472K)->57128K(57472K) NonClass: 48845K(49088K)->48845K(49088K) Class: 8282K(8384K)->8282K(8384K)
[279.513s][info][gc             ] GC(551) Pause Young (Allocation Failure) 639M->383M(666M) 2.090ms
[279.513s][info][gc,cpu         ] GC(551) User=0.00s Sys=0.00s Real=0.00s
[280.170s][info][gc,start       ] GC(552) Pause Young (Allocation Failure)
[280.174s][info][gc,heap        ] GC(552) PSYoungGen: 260012K(288768K)->1918K(251392K) Eden: 259584K(259584K)->0K(249344K) From: 428K(29184K)->1918K(2048K)
[280.174s][info][gc,heap        ] GC(552) ParOldGen: 392631K(393216K)->392647K(393216K)
[280.174s][info][gc,metaspace   ] GC(552) Metaspace: 57128K(57472K)->57128K(57472K) NonClass: 48845K(49088K)->48845K(49088K) Class: 8282K(8384K)->8282K(8384K)
[280.174s][info][gc             ] GC(552) Pause Young (Allocation Failure) 637M->385M(629M) 4.388ms
[280.174s][info][gc,cpu         ] GC(552) User=0.00s Sys=0.00s Real=0.00s
[280.779s][info][gc,start       ] GC(553) Pause Young (Allocation Failure)
[280.783s][info][gc,heap        ] GC(553) PSYoungGen: 251262K(251392K)->1631K(265728K) Eden: 249344K(249344K)->0K(239616K) From: 1918K(2048K)->1631K(26112K)
[280.783s][info][gc,heap        ] GC(553) ParOldGen: 392647K(393216K)->392663K(393216K)
[280.783s][info][gc,metaspace   ] GC(553) Metaspace: 57128K(57472K)->57128K(57472K) NonClass: 48845K(49088K)->48845K(49088K) Class: 8282K(8384K)->8282K(8384K)
[280.783s][info][gc             ] GC(553) Pause Young (Allocation Failure) 628M->385M(643M) 3.673ms
[280.783s][info][gc,cpu         ] GC(553) User=0.00s Sys=0.01s Real=0.00s
[281.370s][info][gc,start       ] GC(554) Pause Young (Allocation Failure)
[281.374s][info][gc,heap        ] GC(554) PSYoungGen: 241206K(265728K)->1312K(231936K) Eden: 239575K(239616K)->0K(230400K) From: 1631K(26112K)->1312K(1536K)
[281.374s][info][gc,heap        ] GC(554) ParOldGen: 392663K(393216K)->392679K(393216K)
[281.374s][info][gc,metaspace   ] GC(554) Metaspace: 57128K(57472K)->57128K(57472K) NonClass: 48845K(49088K)->48845K(49088K) Class: 8282K(8384K)->8282K(8384K)
[281.374s][info][gc             ] GC(554) Pause Young (Allocation Failure) 619M->384M(610M) 3.707ms
[281.374s][info][gc,cpu         ] GC(554) User=0.01s Sys=0.00s Real=0.00s
[281.901s][info][gc,start       ] GC(555) Pause Young (Allocation Failure)
[281.904s][info][gc,heap        ] GC(555) PSYoungGen: 231517K(231936K)->1088K(244736K) Eden: 230205K(230400K)->0K(221696K) From: 1312K(1536K)->1088K(23040K)
[281.904s][info][gc,heap        ] GC(555) ParOldGen: 392679K(393216K)->392695K(393216K)
[281.904s][info][gc,metaspace   ] GC(555) Metaspace: 57128K(57472K)->57128K(57472K) NonClass: 48845K(49088K)->48845K(49088K) Class: 8282K(8384K)->8282K(8384K)
[281.904s][info][gc             ] GC(555) Pause Young (Allocation Failure) 609M->384M(623M) 3.418ms
[281.904s][info][gc,cpu         ] GC(555) User=0.01s Sys=0.00s Real=0.00s
[282.470s][info][gc,start       ] GC(556) Pause Young (Allocation Failure)
[282.474s][info][gc,heap        ] GC(556) PSYoungGen: 222784K(244736K)->1152K(215040K) Eden: 221696K(221696K)->0K(213504K) From: 1088K(23040K)->1152K(1536K)
[282.474s][info][gc,heap        ] GC(556) ParOldGen: 392695K(393216K)->392711K(393216K)
[282.474s][info][gc,metaspace   ] GC(556) Metaspace: 57128K(57472K)->57128K(57472K) NonClass: 48845K(49088K)->48845K(49088K) Class: 8282K(8384K)->8282K(8384K)
[282.474s][info][gc             ] GC(556) Pause Young (Allocation Failure) 601M->384M(594M) 4.592ms
[282.474s][info][gc,cpu         ] GC(556) User=0.00s Sys=0.00s Real=0.00s
[282.980s][info][gc,start       ] GC(557) Pause Young (Allocation Failure)
[282.983s][info][gc,heap        ] GC(557) PSYoungGen: 214656K(215040K)->1215K(226304K) Eden: 213504K(213504K)->0K(205824K) From: 1152K(1536K)->1215K(20480K)
[282.983s][info][gc,heap        ] GC(557) ParOldGen: 392711K(393216K)->392727K(393216K)
[282.983s][info][gc,metaspace   ] GC(557) Metaspace: 57128K(57472K)->57128K(57472K) NonClass: 48845K(49088K)->48845K(49088K) Class: 8282K(8384K)->8282K(8384K)
[282.983s][info][gc             ] GC(557) Pause Young (Allocation Failure) 593M->384M(605M) 3.078ms
[282.983s][info][gc,cpu         ] GC(557) User=0.00s Sys=0.00s Real=0.00s
[283.481s][info][gc,start       ] GC(558) Pause Young (Allocation Failure)
[283.486s][info][gc,heap        ] GC(558) PSYoungGen: 207039K(226304K)->1344K(199680K) Eden: 205824K(205824K)->0K(198144K) From: 1215K(20480K)->1344K(1536K)
[283.486s][info][gc,heap        ] GC(558) ParOldGen: 392727K(393216K)->392743K(393216K)
[283.486s][info][gc,metaspace   ] GC(558) Metaspace: 57128K(57472K)->57128K(57472K) NonClass: 48845K(49088K)->48845K(49088K) Class: 8282K(8384K)->8282K(8384K)
[283.486s][info][gc             ] GC(558) Pause Young (Allocation Failure) 585M->384M(579M) 4.700ms
[283.486s][info][gc,cpu         ] GC(558) User=0.01s Sys=0.00s Real=0.00s
[284.018s][info][gc,start       ] GC(559) Pause Young (Allocation Failure)
[284.021s][info][gc,heap        ] GC(559) PSYoungGen: 199488K(199680K)->640K(192000K) Eden: 198144K(198144K)->0K(190976K) From: 1344K(1536K)->640K(1024K)
[284.021s][info][gc,heap        ] GC(559) ParOldGen: 392743K(393216K)->392759K(393216K)
[284.021s][info][gc,metaspace   ] GC(559) Metaspace: 57128K(57472K)->57128K(57472K) NonClass: 48845K(49088K)->48845K(49088K) Class: 8282K(8384K)->8282K(8384K)
[284.021s][info][gc             ] GC(559) Pause Young (Allocation Failure) 578M->384M(571M) 2.643ms
[284.021s][info][gc,cpu         ] GC(559) User=0.00s Sys=0.00s Real=0.00s
[284.406s][info][gc,start       ] GC(560) Pause Young (Allocation Failure)
[284.410s][info][gc,heap        ] GC(560) PSYoungGen: 191616K(192000K)->1118K(185856K) Eden: 190976K(190976K)->0K(184320K) From: 640K(1024K)->1118K(1536K)
[284.410s][info][gc,heap        ] GC(560) ParOldGen: 392759K(393216K)->392775K(393216K)
[284.410s][info][gc,metaspace   ] GC(560) Metaspace: 57128K(57472K)->57128K(57472K) NonClass: 48845K(49088K)->48845K(49088K) Class: 8282K(8384K)->8282K(8384K)
[284.410s][info][gc             ] GC(560) Pause Young (Allocation Failure) 570M->384M(565M) 3.513ms
[284.410s][info][gc,cpu         ] GC(560) User=0.00s Sys=0.00s Real=0.00s
[284.879s][info][gc,start       ] GC(561) Pause Young (Allocation Failure)
[284.883s][info][gc,heap        ] GC(561) PSYoungGen: 185438K(185856K)->1855K(193536K) Eden: 184320K(184320K)->0K(177664K) From: 1118K(1536K)->1855K(15872K)
[284.883s][info][gc,heap        ] GC(561) ParOldGen: 392775K(393216K)->392791K(393216K)
[284.883s][info][gc,metaspace   ] GC(561) Metaspace: 57128K(57472K)->57128K(57472K) NonClass: 48845K(49088K)->48845K(49088K) Class: 8282K(8384K)->8282K(8384K)
[284.883s][info][gc             ] GC(561) Pause Young (Allocation Failure) 564M->385M(573M) 3.988ms
[284.883s][info][gc,cpu         ] GC(561) User=0.00s Sys=0.00s Real=0.00s
[285.297s][info][gc,start       ] GC(562) Pause Young (Allocation Failure)
[285.302s][info][gc,heap        ] GC(562) PSYoungGen: 179519K(193536K)->1376K(173056K) Eden: 177664K(177664K)->0K(171520K) From: 1855K(15872K)->1376K(1536K)
[285.302s][info][gc,heap        ] GC(562) ParOldGen: 392791K(393216K)->392807K(393216K)
[285.302s][info][gc,metaspace   ] GC(562) Metaspace: 57128K(57472K)->57128K(57472K) NonClass: 48845K(49088K)->48845K(49088K) Class: 8282K(8384K)->8282K(8384K)
[285.302s][info][gc             ] GC(562) Pause Young (Allocation Failure) 558M->384M(553M) 4.567ms
[285.302s][info][gc,cpu         ] GC(562) User=0.01s Sys=0.00s Real=0.00s
[285.707s][info][gc,start       ] GC(563) Pause Young (Allocation Failure)
[285.709s][info][gc,heap        ] GC(563) PSYoungGen: 172896K(173056K)->607K(166912K) Eden: 171520K(171520K)->0K(165888K) From: 1376K(1536K)->607K(1024K)
[285.709s][info][gc,heap        ] GC(563) ParOldGen: 392807K(393216K)->392823K(393216K)
[285.709s][info][gc,metaspace   ] GC(563) Metaspace: 57128K(57472K)->57128K(57472K) NonClass: 48845K(49088K)->48845K(49088K) Class: 8282K(8384K)->8282K(8384K)
[285.709s][info][gc             ] GC(563) Pause Young (Allocation Failure) 552M->384M(547M) 2.252ms
[285.709s][info][gc,cpu         ] GC(563) User=0.01s Sys=0.00s Real=0.00s
[286.158s][info][gc,start       ] GC(564) Pause Young (Allocation Failure)
[286.161s][info][gc,heap        ] GC(564) PSYoungGen: 166485K(166912K)->352K(160768K) Eden: 165878K(165888K)->0K(160256K) From: 607K(1024K)->352K(512K)
[286.161s][info][gc,heap        ] GC(564) ParOldGen: 392823K(393216K)->392839K(393216K)
[286.161s][info][gc,metaspace   ] GC(564) Metaspace: 57128K(57472K)->57128K(57472K) NonClass: 48845K(49088K)->48845K(49088K) Class: 8282K(8384K)->8282K(8384K)
[286.161s][info][gc             ] GC(564) Pause Young (Allocation Failure) 546M->383M(541M) 3.033ms
[286.161s][info][gc,cpu         ] GC(564) User=0.00s Sys=0.00s Real=0.00s
[286.506s][info][gc,start       ] GC(565) Pause Young (Allocation Failure)
[286.509s][info][gc,heap        ] GC(565) PSYoungGen: 160564K(160768K)->736K(167424K) Eden: 160212K(160256K)->0K(155136K) From: 352K(512K)->736K(12288K)
[286.509s][info][gc,heap        ] GC(565) ParOldGen: 392839K(393216K)->392855K(393216K)
[286.509s][info][gc,metaspace   ] GC(565) Metaspace: 57128K(57472K)->57128K(57472K) NonClass: 48845K(49088K)->48845K(49088K) Class: 8282K(8384K)->8282K(8384K)
[286.509s][info][gc             ] GC(565) Pause Young (Allocation Failure) 540M->384M(547M) 2.666ms
[286.509s][info][gc,cpu         ] GC(565) User=0.01s Sys=0.00s Real=0.00s
[286.888s][info][gc,start       ] GC(566) Pause Young (Allocation Failure)
[286.893s][info][gc,heap        ] GC(566) PSYoungGen: 155872K(167424K)->1888K(152064K) Eden: 155136K(155136K)->0K(150016K) From: 736K(12288K)->1888K(2048K)
[286.893s][info][gc,heap        ] GC(566) ParOldGen: 392855K(393216K)->392871K(393216K)
[286.893s][info][gc,metaspace   ] GC(566) Metaspace: 57128K(57472K)->57128K(57472K) NonClass: 48845K(49088K)->48845K(49088K) Class: 8282K(8384K)->8282K(8384K)
[286.893s][info][gc             ] GC(566) Pause Young (Allocation Failure) 535M->385M(532M) 5.013ms
[286.893s][info][gc,cpu         ] GC(566) User=0.01s Sys=0.00s Real=0.00s
[287.275s][info][gc,start       ] GC(567) Pause Young (Allocation Failure)
[287.278s][info][gc,heap        ] GC(567) PSYoungGen: 151904K(152064K)->1120K(146432K) Eden: 150016K(150016K)->0K(144896K) From: 1888K(2048K)->1120K(1536K)
[287.278s][info][gc,heap        ] GC(567) ParOldGen: 392871K(393216K)->392887K(393216K)
[287.278s][info][gc,metaspace   ] GC(567) Metaspace: 57128K(57472K)->57128K(57472K) NonClass: 48845K(49088K)->48845K(49088K) Class: 8282K(8384K)->8282K(8384K)
[287.278s][info][gc             ] GC(567) Pause Young (Allocation Failure) 532M->384M(527M) 3.329ms
[287.278s][info][gc,cpu         ] GC(567) User=0.00s Sys=0.00s Real=0.01s
[287.599s][info][gc,start       ] GC(568) Pause Young (Allocation Failure)
[287.603s][info][gc,heap        ] GC(568) PSYoungGen: 146016K(146432K)->1375K(141824K) Eden: 144896K(144896K)->0K(140288K) From: 1120K(1536K)->1375K(1536K)
[287.603s][info][gc,heap        ] GC(568) ParOldGen: 392887K(393216K)->392903K(393216K)
[287.603s][info][gc,metaspace   ] GC(568) Metaspace: 57128K(57472K)->57128K(57472K) NonClass: 48845K(49088K)->48845K(49088K) Class: 8282K(8384K)->8282K(8384K)
[287.603s][info][gc             ] GC(568) Pause Young (Allocation Failure) 526M->385M(522M) 3.822ms
[287.603s][info][gc,cpu         ] GC(568) User=0.01s Sys=0.00s Real=0.00s
[287.968s][info][gc,start       ] GC(569) Pause Young (Allocation Failure)
[287.971s][info][gc,heap        ] GC(569) PSYoungGen: 141663K(141824K)->1375K(137216K) Eden: 140288K(140288K)->0K(135680K) From: 1375K(1536K)->1375K(1536K)
[287.971s][info][gc,heap        ] GC(569) ParOldGen: 392903K(393216K)->392919K(393216K)
[287.971s][info][gc,metaspace   ] GC(569) Metaspace: 57128K(57472K)->57128K(57472K) NonClass: 48845K(49088K)->48845K(49088K) Class: 8282K(8384K)->8282K(8384K)
[287.971s][info][gc             ] GC(569) Pause Young (Allocation Failure) 522M->385M(518M) 3.296ms
[287.971s][info][gc,cpu         ] GC(569) User=0.00s Sys=0.00s Real=0.00s
[288.283s][info][gc,start       ] GC(570) Pause Young (Allocation Failure)
[288.286s][info][gc,heap        ] GC(570) PSYoungGen: 137055K(137216K)->1056K(133120K) Eden: 135680K(135680K)->0K(131584K) From: 1375K(1536K)->1056K(1536K)
[288.286s][info][gc,heap        ] GC(570) ParOldGen: 392919K(393216K)->392935K(393216K)
[288.286s][info][gc,metaspace   ] GC(570) Metaspace: 57128K(57472K)->57128K(57472K) NonClass: 48845K(49088K)->48845K(49088K) Class: 8282K(8384K)->8282K(8384K)
[288.286s][info][gc             ] GC(570) Pause Young (Allocation Failure) 517M->384M(514M) 3.788ms
[288.286s][info][gc,cpu         ] GC(570) User=0.00s Sys=0.00s Real=0.01s
[288.590s][info][gc,start       ] GC(571) Pause Young (Allocation Failure)
[288.594s][info][gc,heap        ] GC(571) PSYoungGen: 132640K(133120K)->2176K(160256K) Eden: 131584K(131584K)->0K(152064K) From: 1056K(1536K)->2176K(8192K)
[288.594s][info][gc,heap        ] GC(571) ParOldGen: 392935K(393216K)->392951K(393216K)
[288.594s][info][gc,metaspace   ] GC(571) Metaspace: 57128K(57472K)->57128K(57472K) NonClass: 48845K(49088K)->48845K(49088K) Class: 8282K(8384K)->8282K(8384K)
[288.595s][info][gc             ] GC(571) Pause Young (Allocation Failure) 513M->385M(540M) 4.713ms
[288.595s][info][gc,cpu         ] GC(571) User=0.00s Sys=0.00s Real=0.00s
[288.985s][info][gc,start       ] GC(572) Pause Young (Allocation Failure)
[289.004s][info][gc,heap        ] GC(572) PSYoungGen: 154240K(160256K)->1855K(165376K) Eden: 152064K(152064K)->0K(157696K) From: 2176K(8192K)->1855K(7680K)
[289.004s][info][gc,heap        ] GC(572) ParOldGen: 392951K(393216K)->392967K(393216K)
[289.004s][info][gc,metaspace   ] GC(572) Metaspace: 57128K(57472K)->57128K(57472K) NonClass: 48845K(49088K)->48845K(49088K) Class: 8282K(8384K)->8282K(8384K)
[289.004s][info][gc             ] GC(572) Pause Young (Allocation Failure) 534M->385M(545M) 19.166ms
[289.004s][info][gc,cpu         ] GC(572) User=0.01s Sys=0.00s Real=0.02s
[289.474s][info][gc,start       ] GC(573) Pause Young (Allocation Failure)
[289.478s][info][gc,heap        ] GC(573) PSYoungGen: 159551K(165376K)->1759K(164864K) Eden: 157696K(157696K)->0K(157696K) From: 1855K(7680K)->1759K(7168K)
[289.478s][info][gc,heap        ] GC(573) ParOldGen: 392967K(393216K)->392983K(393216K)
[289.478s][info][gc,metaspace   ] GC(573) Metaspace: 57128K(57472K)->57128K(57472K) NonClass: 48845K(49088K)->48845K(49088K) Class: 8282K(8384K)->8282K(8384K)
[289.478s][info][gc             ] GC(573) Pause Young (Allocation Failure) 539M->385M(545M) 4.669ms
[289.478s][info][gc,cpu         ] GC(573) User=0.01s Sys=0.00s Real=0.01s
[289.861s][info][gc,start       ] GC(574) Pause Young (Allocation Failure)
[289.864s][info][gc,heap        ] GC(574) PSYoungGen: 159455K(164864K)->777K(194560K) Eden: 157696K(157696K)->0K(188416K) From: 1759K(7168K)->777K(6144K)
[289.864s][info][gc,heap        ] GC(574) ParOldGen: 392983K(393216K)->392999K(393216K)
[289.864s][info][gc,metaspace   ] GC(574) Metaspace: 57128K(57472K)->57128K(57472K) NonClass: 48845K(49088K)->48845K(49088K) Class: 8282K(8384K)->8282K(8384K)
[289.864s][info][gc             ] GC(574) Pause Young (Allocation Failure) 539M->384M(574M) 2.967ms
[289.864s][info][gc,cpu         ] GC(574) User=0.00s Sys=0.00s Real=0.00s
[290.301s][info][gc,start       ] GC(575) Pause Young (Allocation Failure)
[290.306s][info][gc,heap        ] GC(575) PSYoungGen: 189193K(194560K)->1824K(195072K) Eden: 188416K(188416K)->0K(188416K) From: 777K(6144K)->1824K(6656K)
[290.306s][info][gc,heap        ] GC(575) ParOldGen: 392999K(393216K)->393015K(393216K)
[290.306s][info][gc,metaspace   ] GC(575) Metaspace: 57128K(57472K)->57128K(57472K) NonClass: 48845K(49088K)->48845K(49088K) Class: 8282K(8384K)->8282K(8384K)
[290.306s][info][gc             ] GC(575) Pause Young (Allocation Failure) 568M->385M(574M) 4.698ms
[290.306s][info][gc,cpu         ] GC(575) User=0.01s Sys=0.00s Real=0.01s
[290.772s][info][gc,start       ] GC(576) Pause Young (Allocation Failure)
[290.777s][info][gc,heap        ] GC(576) PSYoungGen: 190240K(195072K)->2238K(229376K) Eden: 188416K(188416K)->0K(224768K) From: 1824K(6656K)->2238K(4608K)
[290.777s][info][gc,heap        ] GC(576) ParOldGen: 393015K(393216K)->393031K(393216K)
[290.777s][info][gc,metaspace   ] GC(576) Metaspace: 57128K(57472K)->57128K(57472K) NonClass: 48845K(49088K)->48845K(49088K) Class: 8282K(8384K)->8282K(8384K)
[290.777s][info][gc             ] GC(576) Pause Young (Allocation Failure) 569M->386M(608M) 4.830ms
[290.777s][info][gc,cpu         ] GC(576) User=0.01s Sys=0.00s Real=0.01s
[291.311s][info][gc,start       ] GC(577) Pause Young (Allocation Failure)
[291.314s][info][gc,heap        ] GC(577) PSYoungGen: 226893K(229376K)->832K(230400K) Eden: 224654K(224768K)->0K(224768K) From: 2238K(4608K)->832K(5632K)
[291.314s][info][gc,heap        ] GC(577) ParOldGen: 393031K(393216K)->393047K(393216K)
[291.314s][info][gc,metaspace   ] GC(577) Metaspace: 57128K(57472K)->57128K(57472K) NonClass: 48845K(49088K)->48845K(49088K) Class: 8282K(8384K)->8282K(8384K)
[291.314s][info][gc             ] GC(577) Pause Young (Allocation Failure) 605M->384M(609M) 3.121ms
[291.314s][info][gc,cpu         ] GC(577) User=0.01s Sys=0.00s Real=0.00s
[291.871s][info][gc,start       ] GC(578) Pause Young (Allocation Failure)
[291.875s][info][gc,heap        ] GC(578) PSYoungGen: 225600K(230400K)->1088K(272384K) Eden: 224768K(224768K)->0K(267776K) From: 832K(5632K)->1088K(4608K)
[291.875s][info][gc,heap        ] GC(578) ParOldGen: 393047K(393216K)->393063K(393216K)
[291.875s][info][gc,metaspace   ] GC(578) Metaspace: 57128K(57472K)->57128K(57472K) NonClass: 48845K(49088K)->48845K(49088K) Class: 8282K(8384K)->8282K(8384K)
[291.875s][info][gc             ] GC(578) Pause Young (Allocation Failure) 604M->384M(650M) 3.521ms
[291.875s][info][gc,cpu         ] GC(578) User=0.00s Sys=0.00s Real=0.00s
[292.537s][info][gc,start       ] GC(579) Pause Young (Allocation Failure)
[292.542s][info][gc,heap        ] GC(579) PSYoungGen: 268864K(272384K)->2206K(260096K) Eden: 267776K(267776K)->0K(257536K) From: 1088K(4608K)->2206K(2560K)
[292.542s][info][gc,heap        ] GC(579) ParOldGen: 393063K(393216K)->393079K(393216K)
[292.542s][info][gc,metaspace   ] GC(579) Metaspace: 57128K(57472K)->57128K(57472K) NonClass: 48845K(49088K)->48845K(49088K) Class: 8282K(8384K)->8282K(8384K)
[292.542s][info][gc             ] GC(579) Pause Young (Allocation Failure) 646M->386M(638M) 5.050ms
[292.542s][info][gc,cpu         ] GC(579) User=0.00s Sys=0.00s Real=0.00s
[293.155s][info][gc,start       ] GC(580) Pause Young (Allocation Failure)
[293.158s][info][gc,heap        ] GC(580) PSYoungGen: 259742K(260096K)->286K(248320K) Eden: 257536K(257536K)->0K(247808K) From: 2206K(2560K)->286K(512K)
[293.158s][info][gc,heap        ] GC(580) ParOldGen: 393079K(393216K)->393095K(393216K)
[293.158s][info][gc,metaspace   ] GC(580) Metaspace: 57128K(57472K)->57128K(57472K) NonClass: 48845K(49088K)->48845K(49088K) Class: 8282K(8384K)->8282K(8384K)
[293.158s][info][gc             ] GC(580) Pause Young (Allocation Failure) 637M->384M(626M) 2.211ms
[293.158s][info][gc,cpu         ] GC(580) User=0.00s Sys=0.00s Real=0.01s
[293.763s][info][gc,start       ] GC(581) Pause Young (Allocation Failure)
[293.766s][info][gc,heap        ] GC(581) PSYoungGen: 248094K(248320K)->724K(243712K) Eden: 247808K(247808K)->0K(238592K) From: 286K(512K)->724K(5120K)
[293.766s][info][gc,heap        ] GC(581) ParOldGen: 393095K(393216K)->393111K(393216K)
[293.766s][info][gc,metaspace   ] GC(581) Metaspace: 57128K(57472K)->57128K(57472K) NonClass: 48845K(49088K)->48845K(49088K) Class: 8282K(8384K)->8282K(8384K)
[293.766s][info][gc             ] GC(581) Pause Young (Allocation Failure) 626M->384M(622M) 2.713ms
[293.766s][info][gc,cpu         ] GC(581) User=0.01s Sys=0.00s Real=0.01s
[294.305s][info][gc,start       ] GC(582) Pause Young (Allocation Failure)
[294.312s][info][gc,heap        ] GC(582) PSYoungGen: 239243K(243712K)->1247K(230912K) Eden: 238519K(238592K)->0K(229376K) From: 724K(5120K)->1247K(1536K)
[294.312s][info][gc,heap        ] GC(582) ParOldGen: 393111K(393216K)->393127K(393216K)
[294.312s][info][gc,metaspace   ] GC(582) Metaspace: 57128K(57472K)->57128K(57472K) NonClass: 48845K(49088K)->48845K(49088K) Class: 8282K(8384K)->8282K(8384K)
[294.312s][info][gc             ] GC(582) Pause Young (Allocation Failure) 617M->385M(609M) 6.862ms
[294.312s][info][gc,cpu         ] GC(582) User=0.01s Sys=0.00s Real=0.01s
[294.878s][info][gc,start       ] GC(583) Pause Young (Allocation Failure)
[294.882s][info][gc,heap        ] GC(583) PSYoungGen: 230623K(230912K)->1568K(222720K) Eden: 229375K(229376K)->0K(220672K) From: 1247K(1536K)->1568K(2048K)
[294.882s][info][gc,heap        ] GC(583) ParOldGen: 393127K(393216K)->393143K(393216K)
[294.882s][info][gc,metaspace   ] GC(583) Metaspace: 57129K(57472K)->57129K(57472K) NonClass: 48846K(49088K)->48846K(49088K) Class: 8282K(8384K)->8282K(8384K)
[294.882s][info][gc             ] GC(583) Pause Young (Allocation Failure) 609M->385M(601M) 4.070ms
[294.882s][info][gc,cpu         ] GC(583) User=0.00s Sys=0.00s Real=0.00s
[295.403s][info][gc,start       ] GC(584) Pause Young (Allocation Failure)
[295.407s][info][gc,heap        ] GC(584) PSYoungGen: 222240K(222720K)->1503K(214016K) Eden: 220672K(220672K)->0K(212480K) From: 1568K(2048K)->1503K(1536K)
[295.407s][info][gc,heap        ] GC(584) ParOldGen: 393143K(393216K)->393159K(393216K)
[295.407s][info][gc,metaspace   ] GC(584) Metaspace: 57129K(57472K)->57129K(57472K) NonClass: 48846K(49088K)->48846K(49088K) Class: 8282K(8384K)->8282K(8384K)
[295.407s][info][gc             ] GC(584) Pause Young (Allocation Failure) 600M->385M(593M) 3.663ms
[295.407s][info][gc,cpu         ] GC(584) User=0.01s Sys=0.00s Real=0.01s
[295.957s][info][gc,start       ] GC(585) Pause Young (Allocation Failure)
[295.959s][info][gc,heap        ] GC(585) PSYoungGen: 213983K(214016K)->420K(205312K) Eden: 212480K(212480K)->0K(204800K) From: 1503K(1536K)->420K(512K)
[295.959s][info][gc,heap        ] GC(585) ParOldGen: 393159K(393216K)->393175K(393216K)
[295.959s][info][gc,metaspace   ] GC(585) Metaspace: 57129K(57472K)->57129K(57472K) NonClass: 48846K(49088K)->48846K(49088K) Class: 8282K(8384K)->8282K(8384K)
[295.959s][info][gc             ] GC(585) Pause Young (Allocation Failure) 592M->384M(584M) 2.299ms
[295.959s][info][gc,cpu         ] GC(585) User=0.00s Sys=0.00s Real=0.00s
[296.456s][info][gc,start       ] GC(586) Pause Young (Allocation Failure)
[296.459s][info][gc,heap        ] GC(586) PSYoungGen: 205220K(205312K)->288K(198144K) Eden: 204800K(204800K)->0K(197632K) From: 420K(512K)->288K(512K)
[296.459s][info][gc,heap        ] GC(586) ParOldGen: 393175K(393216K)->393191K(393216K)
[296.459s][info][gc,metaspace   ] GC(586) Metaspace: 57129K(57472K)->57129K(57472K) NonClass: 48846K(49088K)->48846K(49088K) Class: 8282K(8384K)->8282K(8384K)
[296.459s][info][gc             ] GC(586) Pause Young (Allocation Failure) 584M->384M(577M) 2.312ms
[296.459s][info][gc,cpu         ] GC(586) User=0.00s Sys=0.00s Real=0.00s
[296.899s][info][gc,start       ] GC(587) Pause Young (Allocation Failure)
[296.903s][info][gc,heap        ] GC(587) PSYoungGen: 197810K(198144K)->1408K(194560K) Eden: 197522K(197632K)->0K(190464K) From: 288K(512K)->1408K(4096K)
[296.903s][info][gc,heap        ] GC(587) ParOldGen: 393191K(393216K)->393207K(393216K)
[296.903s][info][gc,metaspace   ] GC(587) Metaspace: 57129K(57472K)->57129K(57472K) NonClass: 48846K(49088K)->48846K(49088K) Class: 8282K(8384K)->8282K(8384K)
[296.903s][info][gc             ] GC(587) Pause Young (Allocation Failure) 577M->385M(574M) 3.748ms
[296.903s][info][gc,cpu         ] GC(587) User=0.01s Sys=0.00s Real=0.00s
[297.383s][info][gc,start       ] GC(588) Pause Young (Allocation Failure)
[297.387s][info][gc,heap        ] GC(588) PSYoungGen: 191772K(194560K)->1568K(185856K) Eden: 190364K(190464K)->0K(183808K) From: 1408K(4096K)->1568K(2048K)
[297.387s][info][gc,heap        ] GC(588) ParOldGen: 393207K(393216K)->393223K(393728K)
[297.387s][info][gc,metaspace   ] GC(588) Metaspace: 57129K(57472K)->57129K(57472K) NonClass: 48846K(49088K)->48846K(49088K) Class: 8282K(8384K)->8282K(8384K)
[297.387s][info][gc             ] GC(588) Pause Young (Allocation Failure) 571M->385M(566M) 4.070ms
[297.387s][info][gc,cpu         ] GC(588) User=0.01s Sys=0.00s Real=0.01s
[297.856s][info][gc,start       ] GC(589) Pause Young (Allocation Failure)
[297.858s][info][gc,heap        ] GC(589) PSYoungGen: 185376K(185856K)->681K(178176K) Eden: 183808K(183808K)->0K(177152K) From: 1568K(2048K)->681K(1024K)
[297.858s][info][gc,heap        ] GC(589) ParOldGen: 393223K(393728K)->393239K(393728K)
[297.858s][info][gc,metaspace   ] GC(589) Metaspace: 57129K(57472K)->57129K(57472K) NonClass: 48846K(49088K)->48846K(49088K) Class: 8282K(8384K)->8282K(8384K)
[297.858s][info][gc             ] GC(589) Pause Young (Allocation Failure) 565M->384M(558M) 2.221ms
[297.858s][info][gc,cpu         ] GC(589) User=0.01s Sys=0.00s Real=0.00s
[298.328s][info][gc,start       ] GC(590) Pause Young (Allocation Failure)
[298.335s][info][gc,heap        ] GC(590) PSYoungGen: 177833K(178176K)->2421K(173568K) Eden: 177152K(177152K)->0K(171008K) From: 681K(1024K)->2421K(2560K)
[298.335s][info][gc,heap        ] GC(590) ParOldGen: 393239K(393728K)->393255K(393728K)
[298.335s][info][gc,metaspace   ] GC(590) Metaspace: 57129K(57472K)->57129K(57472K) NonClass: 48846K(49088K)->48846K(49088K) Class: 8282K(8384K)->8282K(8384K)
[298.335s][info][gc             ] GC(590) Pause Young (Allocation Failure) 557M->386M(554M) 7.286ms
[298.335s][info][gc,cpu         ] GC(590) User=0.01s Sys=0.00s Real=0.00s
[298.680s][info][gc,start       ] GC(591) Pause Young (Allocation Failure)
[298.685s][info][gc,heap        ] GC(591) PSYoungGen: 173429K(173568K)->2431K(167936K) Eden: 171008K(171008K)->0K(165376K) From: 2421K(2560K)->2431K(2560K)
[298.685s][info][gc,heap        ] GC(591) ParOldGen: 393255K(393728K)->393271K(393728K)
[298.685s][info][gc,metaspace   ] GC(591) Metaspace: 57129K(57472K)->57129K(57472K) NonClass: 48846K(49088K)->48846K(49088K) Class: 8282K(8384K)->8282K(8384K)
[298.685s][info][gc             ] GC(591) Pause Young (Allocation Failure) 553M->386M(548M) 4.870ms
[298.685s][info][gc,cpu         ] GC(591) User=0.01s Sys=0.00s Real=0.00s
[299.089s][info][gc,start       ] GC(592) Pause Young (Allocation Failure)
[299.093s][info][gc,heap        ] GC(592) PSYoungGen: 167807K(167936K)->1983K(199168K) Eden: 165376K(165376K)->0K(197120K) From: 2431K(2560K)->1983K(2048K)
[299.093s][info][gc,heap        ] GC(592) ParOldGen: 393271K(393728K)->393287K(393728K)
[299.093s][info][gc,metaspace   ] GC(592) Metaspace: 57129K(57472K)->57129K(57472K) NonClass: 48846K(49088K)->48846K(49088K) Class: 8282K(8384K)->8282K(8384K)
[299.093s][info][gc             ] GC(592) Pause Young (Allocation Failure) 547M->386M(579M) 4.220ms
[299.093s][info][gc,cpu         ] GC(592) User=0.00s Sys=0.00s Real=0.00s
[299.578s][info][gc,start       ] GC(593) Pause Young (Allocation Failure)
[299.581s][info][gc,heap        ] GC(593) PSYoungGen: 199103K(199168K)->1279K(191488K) Eden: 197120K(197120K)->0K(189952K) From: 1983K(2048K)->1279K(1536K)
[299.581s][info][gc,heap        ] GC(593) ParOldGen: 393287K(393728K)->393303K(393728K)
[299.581s][info][gc,metaspace   ] GC(593) Metaspace: 57129K(57472K)->57129K(57472K) NonClass: 48846K(49088K)->48846K(49088K) Class: 8282K(8384K)->8282K(8384K)
[299.581s][info][gc             ] GC(593) Pause Young (Allocation Failure) 578M->385M(571M) 3.146ms
[299.581s][info][gc,cpu         ] GC(593) User=0.01s Sys=0.00s Real=0.00s
[300.059s][info][gc,start       ] GC(594) Pause Young (Allocation Failure)
[300.061s][info][gc,heap        ] GC(594) PSYoungGen: 191231K(191488K)->512K(183808K) Eden: 189952K(189952K)->0K(183296K) From: 1279K(1536K)->512K(512K)
[300.061s][info][gc,heap        ] GC(594) ParOldGen: 393303K(393728K)->393319K(393728K)
[300.061s][info][gc,metaspace   ] GC(594) Metaspace: 57129K(57472K)->57129K(57472K) NonClass: 48846K(49088K)->48846K(49088K) Class: 8282K(8384K)->8282K(8384K)
[300.061s][info][gc             ] GC(594) Pause Young (Allocation Failure) 570M->384M(564M) 2.765ms
[300.061s][info][gc,cpu         ] GC(594) User=0.00s Sys=0.00s Real=0.00s
[300.614s][info][gc,start       ] GC(595) Pause Young (Allocation Failure)
[300.618s][info][gc,heap        ] GC(595) PSYoungGen: 183808K(183808K)->1855K(180224K) Eden: 183296K(183296K)->0K(176640K) From: 512K(512K)->1855K(3584K)
[300.618s][info][gc,heap        ] GC(595) ParOldGen: 393319K(393728K)->393335K(393728K)
[300.618s][info][gc,metaspace   ] GC(595) Metaspace: 57129K(57472K)->57129K(57472K) NonClass: 48846K(49088K)->48846K(49088K) Class: 8282K(8384K)->8282K(8384K)
[300.618s][info][gc             ] GC(595) Pause Young (Allocation Failure) 563M->385M(560M) 3.880ms
[300.618s][info][gc,cpu         ] GC(595) User=0.00s Sys=0.00s Real=0.01s
[300.991s][info][gc,start       ] GC(596) Pause Young (Allocation Failure)
[300.995s][info][gc,heap        ] GC(596) PSYoungGen: 178495K(180224K)->2080K(173056K) Eden: 176640K(176640K)->0K(170496K) From: 1855K(3584K)->2080K(2560K)
[300.996s][info][gc,heap        ] GC(596) ParOldGen: 393335K(393728K)->393351K(393728K)
[300.996s][info][gc,metaspace   ] GC(596) Metaspace: 57129K(57472K)->57129K(57472K) NonClass: 48846K(49088K)->48846K(49088K) Class: 8282K(8384K)->8282K(8384K)
[300.996s][info][gc             ] GC(596) Pause Young (Allocation Failure) 558M->386M(553M) 4.718ms
[300.996s][info][gc,cpu         ] GC(596) User=0.01s Sys=0.00s Real=0.00s
[301.402s][info][gc,start       ] GC(597) Pause Young (Allocation Failure)
[301.405s][info][gc,heap        ] GC(597) PSYoungGen: 172538K(173056K)->1151K(166400K) Eden: 170458K(170496K)->0K(164864K) From: 2080K(2560K)->1151K(1536K)
[301.405s][info][gc,heap        ] GC(597) ParOldGen: 393351K(393728K)->393367K(393728K)
[301.405s][info][gc,metaspace   ] GC(597) Metaspace: 57129K(57472K)->57129K(57472K) NonClass: 48846K(49088K)->48846K(49088K) Class: 8282K(8384K)->8282K(8384K)
[301.405s][info][gc             ] GC(597) Pause Young (Allocation Failure) 552M->385M(547M) 3.137ms
[301.405s][info][gc,cpu         ] GC(597) User=0.00s Sys=0.00s Real=0.00s
[301.804s][info][gc,start       ] GC(598) Pause Young (Allocation Failure)
[301.807s][info][gc,heap        ] GC(598) PSYoungGen: 166015K(166400K)->1215K(160768K) Eden: 164864K(164864K)->0K(159232K) From: 1151K(1536K)->1215K(1536K)
[301.807s][info][gc,heap        ] GC(598) ParOldGen: 393367K(393728K)->393383K(393728K)
[301.807s][info][gc,metaspace   ] GC(598) Metaspace: 57129K(57472K)->57129K(57472K) NonClass: 48846K(49088K)->48846K(49088K) Class: 8282K(8384K)->8282K(8384K)
[301.807s][info][gc             ] GC(598) Pause Young (Allocation Failure) 546M->385M(541M) 3.330ms
[301.807s][info][gc,cpu         ] GC(598) User=0.00s Sys=0.00s Real=0.01s
[302.191s][info][gc,start       ] GC(599) Pause Young (Allocation Failure)
[302.195s][info][gc,heap        ] GC(599) PSYoungGen: 160155K(160768K)->1664K(156160K) Eden: 158939K(159232K)->0K(154112K) From: 1215K(1536K)->1664K(2048K)
[302.195s][info][gc,heap        ] GC(599) ParOldGen: 393383K(393728K)->393399K(393728K)
[302.195s][info][gc,metaspace   ] GC(599) Metaspace: 57129K(57472K)->57129K(57472K) NonClass: 48846K(49088K)->48846K(49088K) Class: 8282K(8384K)->8282K(8384K)
[302.195s][info][gc             ] GC(599) Pause Young (Allocation Failure) 540M->385M(537M) 4.207ms
[302.195s][info][gc,cpu         ] GC(599) User=0.01s Sys=0.00s Real=0.00s
[302.583s][info][gc,start       ] GC(600) Pause Young (Allocation Failure)
[302.590s][info][gc,heap        ] GC(600) PSYoungGen: 155776K(156160K)->2432K(186880K) Eden: 154112K(154112K)->0K(184320K) From: 1664K(2048K)->2432K(2560K)
[302.590s][info][gc,heap        ] GC(600) ParOldGen: 393399K(393728K)->393415K(393728K)
[302.590s][info][gc,metaspace   ] GC(600) Metaspace: 57129K(57472K)->57129K(57472K) NonClass: 48846K(49088K)->48846K(49088K) Class: 8282K(8384K)->8282K(8384K)
[302.590s][info][gc             ] GC(600) Pause Young (Allocation Failure) 536M->386M(567M) 7.261ms
[302.590s][info][gc,cpu         ] GC(600) User=0.01s Sys=0.00s Real=0.01s
[303.060s][info][gc,start       ] GC(601) Pause Young (Allocation Failure)
[303.063s][info][gc,heap        ] GC(601) PSYoungGen: 186752K(186880K)->576K(178688K) Eden: 184320K(184320K)->0K(177664K) From: 2432K(2560K)->576K(1024K)
[303.063s][info][gc,heap        ] GC(601) ParOldGen: 393415K(393728K)->393431K(393728K)
[303.063s][info][gc,metaspace   ] GC(601) Metaspace: 57129K(57472K)->57129K(57472K) NonClass: 48846K(49088K)->48846K(49088K) Class: 8282K(8384K)->8282K(8384K)
[303.063s][info][gc             ] GC(601) Pause Young (Allocation Failure) 566M->384M(559M) 2.616ms
[303.063s][info][gc,cpu         ] GC(601) User=0.00s Sys=0.00s Real=0.00s
[303.475s][info][gc,start       ] GC(602) Pause Young (Allocation Failure)
[303.479s][info][gc,heap        ] GC(602) PSYoungGen: 178240K(178688K)->1631K(173568K) Eden: 177664K(177664K)->0K(171520K) From: 576K(1024K)->1631K(2048K)
[303.479s][info][gc,heap        ] GC(602) ParOldGen: 393431K(393728K)->393447K(393728K)
[303.479s][info][gc,metaspace   ] GC(602) Metaspace: 57129K(57472K)->57129K(57472K) NonClass: 48846K(49088K)->48846K(49088K) Class: 8282K(8384K)->8282K(8384K)
[303.479s][info][gc             ] GC(602) Pause Young (Allocation Failure) 558M->385M(554M) 3.748ms
[303.479s][info][gc,cpu         ] GC(602) User=0.01s Sys=0.00s Real=0.01s
[303.894s][info][gc,start       ] GC(603) Pause Young (Allocation Failure)
[303.900s][info][gc,heap        ] GC(603) PSYoungGen: 172937K(173568K)->2688K(207360K) Eden: 171306K(171520K)->0K(204288K) From: 1631K(2048K)->2688K(3072K)
[303.900s][info][gc,heap        ] GC(603) ParOldGen: 393447K(393728K)->393463K(393728K)
[303.900s][info][gc,metaspace   ] GC(603) Metaspace: 57129K(57472K)->57129K(57472K) NonClass: 48846K(49088K)->48846K(49088K) Class: 8282K(8384K)->8282K(8384K)
[303.900s][info][gc             ] GC(603) Pause Young (Allocation Failure) 553M->386M(587M) 6.080ms
[303.900s][info][gc,cpu         ] GC(603) User=0.01s Sys=0.00s Real=0.01s
[304.384s][info][gc,start       ] GC(604) Pause Young (Allocation Failure)
[304.387s][info][gc,heap        ] GC(604) PSYoungGen: 206957K(207360K)->1760K(231424K) Eden: 204269K(204288K)->0K(228864K) From: 2688K(3072K)->1760K(2560K)
[304.387s][info][gc,heap        ] GC(604) ParOldGen: 393463K(393728K)->393479K(393728K)
[304.387s][info][gc,metaspace   ] GC(604) Metaspace: 57130K(57472K)->57130K(57472K) NonClass: 48847K(49088K)->48847K(49088K) Class: 8282K(8384K)->8282K(8384K)
[304.387s][info][gc             ] GC(604) Pause Young (Allocation Failure) 586M->385M(610M) 3.869ms
[304.387s][info][gc,cpu         ] GC(604) User=0.01s Sys=0.00s Real=0.01s
[304.997s][info][gc,start       ] GC(605) Pause Young (Allocation Failure)
[305.001s][info][gc,heap        ] GC(605) PSYoungGen: 230624K(231424K)->1408K(221696K) Eden: 228864K(228864K)->0K(220160K) From: 1760K(2560K)->1408K(1536K)
[305.001s][info][gc,heap        ] GC(605) ParOldGen: 393479K(393728K)->393495K(393728K)
[305.001s][info][gc,metaspace   ] GC(605) Metaspace: 57130K(57472K)->57130K(57472K) NonClass: 48847K(49088K)->48847K(49088K) Class: 8282K(8384K)->8282K(8384K)
[305.002s][info][gc             ] GC(605) Pause Young (Allocation Failure) 609M->385M(601M) 4.601ms
[305.002s][info][gc,cpu         ] GC(605) User=0.01s Sys=0.00s Real=0.00s
[305.482s][info][gc,start       ] GC(606) Pause Young (Allocation Failure)
[305.486s][info][gc,heap        ] GC(606) PSYoungGen: 221568K(221696K)->2239K(214528K) Eden: 220160K(220160K)->0K(211968K) From: 1408K(1536K)->2239K(2560K)
[305.486s][info][gc,heap        ] GC(606) ParOldGen: 393495K(393728K)->393511K(393728K)
[305.486s][info][gc,metaspace   ] GC(606) Metaspace: 57130K(57472K)->57130K(57472K) NonClass: 48847K(49088K)->48847K(49088K) Class: 8282K(8384K)->8282K(8384K)
[305.486s][info][gc             ] GC(606) Pause Young (Allocation Failure) 600M->386M(594M) 4.307ms
[305.486s][info][gc,cpu         ] GC(606) User=0.01s Sys=0.00s Real=0.01s
[305.994s][info][gc,start       ] GC(607) Pause Young (Allocation Failure)
[305.999s][info][gc,heap        ] GC(607) PSYoungGen: 214207K(214528K)->2814K(207360K) Eden: 211968K(211968K)->0K(204288K) From: 2239K(2560K)->2814K(3072K)
[305.999s][info][gc,heap        ] GC(607) ParOldGen: 393511K(393728K)->393527K(393728K)
[305.999s][info][gc,metaspace   ] GC(607) Metaspace: 57130K(57472K)->57130K(57472K) NonClass: 48847K(49088K)->48847K(49088K) Class: 8282K(8384K)->8282K(8384K)
[305.999s][info][gc             ] GC(607) Pause Young (Allocation Failure) 593M->387M(587M) 4.857ms
[305.999s][info][gc,cpu         ] GC(607) User=0.01s Sys=0.00s Real=0.01s
[306.488s][info][gc,start       ] GC(608) Pause Young (Allocation Failure)
[306.493s][info][gc,heap        ] GC(608) PSYoungGen: 207102K(207360K)->2048K(199168K) Eden: 204288K(204288K)->0K(197120K) From: 2814K(3072K)->2048K(2048K)
[306.493s][info][gc,heap        ] GC(608) ParOldGen: 393527K(393728K)->394182K(394240K)
[306.493s][info][gc,metaspace   ] GC(608) Metaspace: 57130K(57472K)->57130K(57472K) NonClass: 48847K(49088K)->48847K(49088K) Class: 8282K(8384K)->8282K(8384K)
[306.493s][info][gc             ] GC(608) Pause Young (Allocation Failure) 586M->386M(579M) 4.945ms
[306.493s][info][gc,cpu         ] GC(608) User=0.01s Sys=0.00s Real=0.00s
[306.981s][info][gc,start       ] GC(609) Pause Young (Allocation Failure)
[306.985s][info][gc,heap        ] GC(609) PSYoungGen: 199168K(199168K)->2176K(192512K) Eden: 197120K(197120K)->0K(189952K) From: 2048K(2048K)->2176K(2560K)
[306.986s][info][gc,heap        ] GC(609) ParOldGen: 394182K(394240K)->394198K(394240K)
[306.986s][info][gc,metaspace   ] GC(609) Metaspace: 57130K(57472K)->57130K(57472K) NonClass: 48847K(49088K)->48847K(49088K) Class: 8282K(8384K)->8282K(8384K)
[306.986s][info][gc             ] GC(609) Pause Young (Allocation Failure) 579M->387M(573M) 4.537ms
[306.986s][info][gc,cpu         ] GC(609) User=0.01s Sys=0.00s Real=0.00s
[307.463s][info][gc,start       ] GC(610) Pause Young (Allocation Failure)
[307.466s][info][gc,heap        ] GC(610) PSYoungGen: 192128K(192512K)->1023K(184320K) Eden: 189952K(189952K)->0K(183296K) From: 2176K(2560K)->1023K(1024K)
[307.466s][info][gc,heap        ] GC(610) ParOldGen: 394198K(394240K)->394214K(394240K)
[307.466s][info][gc,metaspace   ] GC(610) Metaspace: 57130K(57472K)->57130K(57472K) NonClass: 48847K(49088K)->48847K(49088K) Class: 8282K(8384K)->8282K(8384K)
[307.466s][info][gc             ] GC(610) Pause Young (Allocation Failure) 572M->385M(565M) 2.824ms
[307.466s][info][gc,cpu         ] GC(610) User=0.01s Sys=0.00s Real=0.01s
[307.886s][info][gc,start       ] GC(611) Pause Young (Allocation Failure)
[307.889s][info][gc,heap        ] GC(611) PSYoungGen: 184319K(184320K)->1343K(178176K) Eden: 183296K(183296K)->0K(176640K) From: 1023K(1024K)->1343K(1536K)
[307.889s][info][gc,heap        ] GC(611) ParOldGen: 394214K(394240K)->394230K(394240K)
[307.889s][info][gc,metaspace   ] GC(611) Metaspace: 57130K(57472K)->57130K(57472K) NonClass: 48847K(49088K)->48847K(49088K) Class: 8282K(8384K)->8282K(8384K)
[307.889s][info][gc             ] GC(611) Pause Young (Allocation Failure) 564M->386M(559M) 3.052ms
[307.889s][info][gc,cpu         ] GC(611) User=0.00s Sys=0.00s Real=0.00s
[308.355s][info][gc,start       ] GC(612) Pause Young (Allocation Failure)
[308.357s][info][gc,heap        ] GC(612) PSYoungGen: 177983K(178176K)->160K(171008K) Eden: 176640K(176640K)->0K(170496K) From: 1343K(1536K)->160K(512K)
[308.357s][info][gc,heap        ] GC(612) ParOldGen: 394230K(394240K)->394246K(394752K)
[308.357s][info][gc,metaspace   ] GC(612) Metaspace: 57130K(57472K)->57130K(57472K) NonClass: 48847K(49088K)->48847K(49088K) Class: 8282K(8384K)->8282K(8384K)
[308.357s][info][gc             ] GC(612) Pause Young (Allocation Failure) 558M->385M(552M) 1.973ms
[308.357s][info][gc,cpu         ] GC(612) User=0.00s Sys=0.00s Real=0.01s
[308.765s][info][gc,start       ] GC(613) Pause Young (Allocation Failure)
[308.768s][info][gc,heap        ] GC(613) PSYoungGen: 170656K(171008K)->1278K(168448K) Eden: 170496K(170496K)->0K(164864K) From: 160K(512K)->1278K(3584K)
[308.768s][info][gc,heap        ] GC(613) ParOldGen: 394246K(394752K)->394262K(394752K)
[308.768s][info][gc,metaspace   ] GC(613) Metaspace: 57130K(57472K)->57130K(57472K) NonClass: 48847K(49088K)->48847K(49088K) Class: 8282K(8384K)->8282K(8384K)
[308.768s][info][gc             ] GC(613) Pause Young (Allocation Failure) 551M->386M(550M) 2.499ms
[308.768s][info][gc,cpu         ] GC(613) User=0.00s Sys=0.00s Real=0.01s
[309.170s][info][gc,start       ] GC(614) Pause Young (Allocation Failure)
[309.173s][info][gc,heap        ] GC(614) PSYoungGen: 166142K(168448K)->1631K(161280K) Eden: 164864K(164864K)->0K(159232K) From: 1278K(3584K)->1631K(2048K)
[309.173s][info][gc,heap        ] GC(614) ParOldGen: 394262K(394752K)->394278K(394752K)
[309.173s][info][gc,metaspace   ] GC(614) Metaspace: 57130K(57472K)->57130K(57472K) NonClass: 48847K(49088K)->48847K(49088K) Class: 8282K(8384K)->8282K(8384K)
[309.173s][info][gc             ] GC(614) Pause Young (Allocation Failure) 547M->386M(543M) 3.402ms
[309.173s][info][gc,cpu         ] GC(614) User=0.01s Sys=0.00s Real=0.00s
[309.558s][info][gc,start       ] GC(615) Pause Young (Allocation Failure)
[309.560s][info][gc,heap        ] GC(615) PSYoungGen: 160863K(161280K)->544K(155136K) Eden: 159232K(159232K)->0K(154112K) From: 1631K(2048K)->544K(1024K)
[309.560s][info][gc,heap        ] GC(615) ParOldGen: 394278K(394752K)->394294K(394752K)
[309.560s][info][gc,metaspace   ] GC(615) Metaspace: 57130K(57472K)->57130K(57472K) NonClass: 48847K(49088K)->48847K(49088K) Class: 8282K(8384K)->8282K(8384K)
[309.560s][info][gc             ] GC(615) Pause Young (Allocation Failure) 542M->385M(537M) 2.449ms
[309.560s][info][gc,cpu         ] GC(615) User=0.00s Sys=0.00s Real=0.00s
[309.895s][info][gc,start       ] GC(616) Pause Young (Allocation Failure)
[309.899s][info][gc,heap        ] GC(616) PSYoungGen: 154531K(155136K)->1344K(150528K) Eden: 153987K(154112K)->0K(148992K) From: 544K(1024K)->1344K(1536K)
[309.899s][info][gc,heap        ] GC(616) ParOldGen: 394294K(394752K)->394310K(394752K)
[309.899s][info][gc,metaspace   ] GC(616) Metaspace: 57130K(57472K)->57130K(57472K) NonClass: 48847K(49088K)->48847K(49088K) Class: 8282K(8384K)->8282K(8384K)
[309.899s][info][gc             ] GC(616) Pause Young (Allocation Failure) 535M->386M(532M) 3.669ms
[309.899s][info][gc,cpu         ] GC(616) User=0.01s Sys=0.00s Real=0.01s
[310.276s][info][gc,start       ] GC(617) Pause Young (Allocation Failure)
[310.280s][info][gc,heap        ] GC(617) PSYoungGen: 150336K(150528K)->2175K(146944K) Eden: 148992K(148992K)->0K(144384K) From: 1344K(1536K)->2175K(2560K)
[310.280s][info][gc,heap        ] GC(617) ParOldGen: 394310K(394752K)->394326K(394752K)
[310.280s][info][gc,metaspace   ] GC(617) Metaspace: 57130K(57472K)->57130K(57472K) NonClass: 48847K(49088K)->48847K(49088K) Class: 8282K(8384K)->8282K(8384K)
[310.280s][info][gc             ] GC(617) Pause Young (Allocation Failure) 531M->387M(529M) 4.040ms
[310.280s][info][gc,cpu         ] GC(617) User=0.01s Sys=0.00s Real=0.00s
[310.644s][info][gc,start       ] GC(618) Pause Young (Allocation Failure)
[310.652s][info][gc,heap        ] GC(618) PSYoungGen: 146349K(146944K)->576K(173568K) Eden: 144174K(144384K)->0K(172544K) From: 2175K(2560K)->576K(1024K)
[310.652s][info][gc,heap        ] GC(618) ParOldGen: 394326K(394752K)->394342K(394752K)
[310.652s][info][gc,metaspace   ] GC(618) Metaspace: 57130K(57472K)->57130K(57472K) NonClass: 48847K(49088K)->48847K(49088K) Class: 8282K(8384K)->8282K(8384K)
[310.652s][info][gc             ] GC(618) Pause Young (Allocation Failure) 528M->385M(555M) 8.342ms
[310.652s][info][gc,cpu         ] GC(618) User=0.01s Sys=0.00s Real=0.01s
[311.061s][info][gc,start       ] GC(619) Pause Young (Allocation Failure)
[311.065s][info][gc,heap        ] GC(619) PSYoungGen: 173120K(173568K)->1244K(209408K) Eden: 172544K(172544K)->0K(205824K) From: 576K(1024K)->1244K(3584K)
[311.065s][info][gc,heap        ] GC(619) ParOldGen: 394342K(394752K)->394358K(394752K)
[311.065s][info][gc,metaspace   ] GC(619) Metaspace: 57130K(57472K)->57130K(57472K) NonClass: 48847K(49088K)->48847K(49088K) Class: 8282K(8384K)->8282K(8384K)
[311.065s][info][gc             ] GC(619) Pause Young (Allocation Failure) 554M->386M(590M) 3.779ms
[311.065s][info][gc,cpu         ] GC(619) User=0.01s Sys=0.00s Real=0.00s
[311.563s][info][gc,start       ] GC(620) Pause Young (Allocation Failure)
[311.566s][info][gc,heap        ] GC(620) PSYoungGen: 207068K(209408K)->1279K(199680K) Eden: 205824K(205824K)->0K(198144K) From: 1244K(3584K)->1279K(1536K)
[311.566s][info][gc,heap        ] GC(620) ParOldGen: 394358K(394752K)->394374K(394752K)
[311.566s][info][gc,metaspace   ] GC(620) Metaspace: 57130K(57472K)->57130K(57472K) NonClass: 48847K(49088K)->48847K(49088K) Class: 8282K(8384K)->8282K(8384K)
[311.566s][info][gc             ] GC(620) Pause Young (Allocation Failure) 587M->386M(580M) 2.971ms
[311.566s][info][gc,cpu         ] GC(620) User=0.00s Sys=0.00s Real=0.01s
[312.115s][info][gc,start       ] GC(621) Pause Young (Allocation Failure)
[312.117s][info][gc,heap        ] GC(621) PSYoungGen: 199423K(199680K)->64K(191488K) Eden: 198144K(198144K)->0K(190976K) From: 1279K(1536K)->64K(512K)
[312.117s][info][gc,heap        ] GC(621) ParOldGen: 394374K(394752K)->394390K(394752K)
[312.117s][info][gc,metaspace   ] GC(621) Metaspace: 57130K(57472K)->57130K(57472K) NonClass: 48847K(49088K)->48847K(49088K) Class: 8282K(8384K)->8282K(8384K)
[312.117s][info][gc             ] GC(621) Pause Young (Allocation Failure) 579M->385M(572M) 1.892ms
[312.117s][info][gc,cpu         ] GC(621) User=0.00s Sys=0.00s Real=0.01s
[312.585s][info][gc,start       ] GC(622) Pause Young (Allocation Failure)
[312.589s][info][gc,heap        ] GC(622) PSYoungGen: 191040K(191488K)->2558K(186880K) Eden: 190976K(190976K)->0K(184320K) From: 64K(512K)->2558K(2560K)
[312.589s][info][gc,heap        ] GC(622) ParOldGen: 394390K(394752K)->394406K(394752K)
[312.589s][info][gc,metaspace   ] GC(622) Metaspace: 57130K(57472K)->57130K(57472K) NonClass: 48847K(49088K)->48847K(49088K) Class: 8282K(8384K)->8282K(8384K)
[312.589s][info][gc             ] GC(622) Pause Young (Allocation Failure) 571M->387M(568M) 4.246ms
[312.589s][info][gc,cpu         ] GC(622) User=0.00s Sys=0.00s Real=0.01s
[313.063s][info][gc,start       ] GC(623) Pause Young (Allocation Failure)
[313.065s][info][gc,heap        ] GC(623) PSYoungGen: 186878K(186880K)->800K(178688K) Eden: 184320K(184320K)->0K(177664K) From: 2558K(2560K)->800K(1024K)
[313.065s][info][gc,heap        ] GC(623) ParOldGen: 394406K(394752K)->394422K(394752K)
[313.065s][info][gc,metaspace   ] GC(623) Metaspace: 57130K(57472K)->57130K(57472K) NonClass: 48847K(49088K)->48847K(49088K) Class: 8282K(8384K)->8282K(8384K)
[313.065s][info][gc             ] GC(623) Pause Young (Allocation Failure) 567M->385M(560M) 2.712ms
[313.065s][info][gc,cpu         ] GC(623) User=0.01s Sys=0.00s Real=0.00s
[313.482s][info][gc,start       ] GC(624) Pause Young (Allocation Failure)
[313.485s][info][gc,heap        ] GC(624) PSYoungGen: 178464K(178688K)->1472K(173056K) Eden: 177664K(177664K)->0K(171520K) From: 800K(1024K)->1472K(1536K)
[313.485s][info][gc,heap        ] GC(624) ParOldGen: 394422K(394752K)->394438K(394752K)
[313.485s][info][gc,metaspace   ] GC(624) Metaspace: 57130K(57472K)->57130K(57472K) NonClass: 48847K(49088K)->48847K(49088K) Class: 8282K(8384K)->8282K(8384K)
[313.485s][info][gc             ] GC(624) Pause Young (Allocation Failure) 559M->386M(554M) 3.755ms
[313.485s][info][gc,cpu         ] GC(624) User=0.01s Sys=0.00s Real=0.00s
[313.891s][info][gc,start       ] GC(625) Pause Young (Allocation Failure)
[313.895s][info][gc,heap        ] GC(625) PSYoungGen: 172992K(173056K)->2143K(168448K) Eden: 171520K(171520K)->0K(165888K) From: 1472K(1536K)->2143K(2560K)
[313.895s][info][gc,heap        ] GC(625) ParOldGen: 394438K(394752K)->394454K(394752K)
[313.895s][info][gc,metaspace   ] GC(625) Metaspace: 57130K(57472K)->57130K(57472K) NonClass: 48847K(49088K)->48847K(49088K) Class: 8282K(8384K)->8282K(8384K)
[313.895s][info][gc             ] GC(625) Pause Young (Allocation Failure) 554M->387M(550M) 4.095ms
[313.895s][info][gc,cpu         ] GC(625) User=0.00s Sys=0.00s Real=0.00s
[314.327s][info][gc,start       ] GC(626) Pause Young (Allocation Failure)
[314.329s][info][gc,heap        ] GC(626) PSYoungGen: 167982K(168448K)->416K(160768K) Eden: 165839K(165888K)->0K(160256K) From: 2143K(2560K)->416K(512K)
[314.329s][info][gc,heap        ] GC(626) ParOldGen: 394454K(394752K)->394470K(394752K)
[314.329s][info][gc,metaspace   ] GC(626) Metaspace: 57130K(57472K)->57130K(57472K) NonClass: 48847K(49088K)->48847K(49088K) Class: 8282K(8384K)->8282K(8384K)
[314.329s][info][gc             ] GC(626) Pause Young (Allocation Failure) 549M->385M(542M) 2.161ms
[314.329s][info][gc,cpu         ] GC(626) User=0.00s Sys=0.00s Real=0.00s
[314.683s][info][gc,start       ] GC(627) Pause Young (Allocation Failure)
[314.688s][info][gc,heap        ] GC(627) PSYoungGen: 160672K(160768K)->2879K(158720K) Eden: 160256K(160256K)->0K(155136K) From: 416K(512K)->2879K(3584K)
[314.688s][info][gc,heap        ] GC(627) ParOldGen: 394470K(394752K)->394486K(394752K)
[314.688s][info][gc,metaspace   ] GC(627) Metaspace: 57130K(57472K)->57130K(57472K) NonClass: 48847K(49088K)->48847K(49088K) Class: 8282K(8384K)->8282K(8384K)
[314.688s][info][gc             ] GC(627) Pause Young (Allocation Failure) 542M->388M(540M) 5.029ms
[314.688s][info][gc,cpu         ] GC(627) User=0.01s Sys=0.00s Real=0.01s
[315.077s][info][gc,start       ] GC(628) Pause Young (Allocation Failure)
[315.081s][info][gc,heap        ] GC(628) PSYoungGen: 158015K(158720K)->1920K(152064K) Eden: 155136K(155136K)->0K(150016K) From: 2879K(3584K)->1920K(2048K)
[315.081s][info][gc,heap        ] GC(628) ParOldGen: 394486K(394752K)->394502K(394752K)
[315.081s][info][gc,metaspace   ] GC(628) Metaspace: 57130K(57472K)->57130K(57472K) NonClass: 48847K(49088K)->48847K(49088K) Class: 8282K(8384K)->8282K(8384K)
[315.081s][info][gc             ] GC(628) Pause Young (Allocation Failure) 539M->387M(534M) 4.320ms
[315.081s][info][gc,cpu         ] GC(628) User=0.01s Sys=0.00s Real=0.00s
[315.459s][info][gc,start       ] GC(629) Pause Young (Allocation Failure)
[315.461s][info][gc,heap        ] GC(629) PSYoungGen: 151936K(152064K)->698K(145920K) Eden: 150016K(150016K)->0K(144896K) From: 1920K(2048K)->698K(1024K)
[315.461s][info][gc,heap        ] GC(629) ParOldGen: 394502K(394752K)->394518K(394752K)
[315.461s][info][gc,metaspace   ] GC(629) Metaspace: 57130K(57472K)->57130K(57472K) NonClass: 48847K(49088K)->48847K(49088K) Class: 8282K(8384K)->8282K(8384K)
[315.461s][info][gc             ] GC(629) Pause Young (Allocation Failure) 533M->385M(528M) 2.517ms
[315.461s][info][gc,cpu         ] GC(629) User=0.00s Sys=0.00s Real=0.00s
[315.790s][info][gc,start       ] GC(630) Pause Young (Allocation Failure)
[315.794s][info][gc,heap        ] GC(630) PSYoungGen: 145594K(145920K)->2143K(142848K) Eden: 144896K(144896K)->0K(140288K) From: 698K(1024K)->2143K(2560K)
[315.794s][info][gc,heap        ] GC(630) ParOldGen: 394518K(394752K)->394534K(394752K)
[315.794s][info][gc,metaspace   ] GC(630) Metaspace: 57130K(57472K)->57130K(57472K) NonClass: 48847K(49088K)->48847K(49088K) Class: 8282K(8384K)->8282K(8384K)
[315.794s][info][gc             ] GC(630) Pause Young (Allocation Failure) 527M->387M(525M) 4.152ms
[315.794s][info][gc,cpu         ] GC(630) User=0.00s Sys=0.00s Real=0.00s
[316.160s][info][gc,start       ] GC(631) Pause Young (Allocation Failure)
[316.162s][info][gc,heap        ] GC(631) PSYoungGen: 142431K(142848K)->576K(136704K) Eden: 140288K(140288K)->0K(135680K) From: 2143K(2560K)->576K(1024K)
[316.162s][info][gc,heap        ] GC(631) ParOldGen: 394534K(394752K)->394550K(394752K)
[316.162s][info][gc,metaspace   ] GC(631) Metaspace: 57130K(57472K)->57130K(57472K) NonClass: 48847K(49088K)->48847K(49088K) Class: 8282K(8384K)->8282K(8384K)
[316.162s][info][gc             ] GC(631) Pause Young (Allocation Failure) 524M->385M(519M) 2.369ms
[316.162s][info][gc,cpu         ] GC(631) User=0.00s Sys=0.00s Real=0.00s
[316.494s][info][gc,start       ] GC(632) Pause Young (Allocation Failure)
[316.497s][info][gc,heap        ] GC(632) PSYoungGen: 136207K(136704K)->1840K(133632K) Eden: 135631K(135680K)->0K(131584K) From: 576K(1024K)->1840K(2048K)
[316.497s][info][gc,heap        ] GC(632) ParOldGen: 394550K(394752K)->394566K(394752K)
[316.497s][info][gc,metaspace   ] GC(632) Metaspace: 57130K(57472K)->57130K(57472K) NonClass: 48847K(49088K)->48847K(49088K) Class: 8282K(8384K)->8282K(8384K)
[316.498s][info][gc             ] GC(632) Pause Young (Allocation Failure) 518M->387M(516M) 3.999ms
[316.498s][info][gc,cpu         ] GC(632) User=0.01s Sys=0.00s Real=0.01s
[316.777s][info][gc,start       ] GC(633) Pause Young (Allocation Failure)
[316.781s][info][gc,heap        ] GC(633) PSYoungGen: 133424K(133632K)->2463K(159744K) Eden: 131584K(131584K)->0K(157184K) From: 1840K(2048K)->2463K(2560K)
[316.781s][info][gc,heap        ] GC(633) ParOldGen: 394566K(394752K)->394582K(394752K)
[316.781s][info][gc,metaspace   ] GC(633) Metaspace: 57130K(57472K)->57130K(57472K) NonClass: 48847K(49088K)->48847K(49088K) Class: 8282K(8384K)->8282K(8384K)
[316.781s][info][gc             ] GC(633) Pause Young (Allocation Failure) 515M->387M(541M) 4.568ms
[316.781s][info][gc,cpu         ] GC(633) User=0.00s Sys=0.01s Real=0.00s
[317.175s][info][gc,start       ] GC(634) Pause Young (Allocation Failure)
[317.178s][info][gc,heap        ] GC(634) PSYoungGen: 159647K(159744K)->1855K(189440K) Eden: 157184K(157184K)->0K(187392K) From: 2463K(2560K)->1855K(2048K)
[317.178s][info][gc,heap        ] GC(634) ParOldGen: 394582K(394752K)->394598K(394752K)
[317.178s][info][gc,metaspace   ] GC(634) Metaspace: 57130K(57472K)->57130K(57472K) NonClass: 48847K(49088K)->48847K(49088K) Class: 8282K(8384K)->8282K(8384K)
[317.178s][info][gc             ] GC(634) Pause Young (Allocation Failure) 541M->387M(570M) 3.666ms
[317.178s][info][gc,cpu         ] GC(634) User=0.01s Sys=0.00s Real=0.01s
[317.614s][info][gc,start       ] GC(635) Pause Young (Allocation Failure)
[317.617s][info][gc,heap        ] GC(635) PSYoungGen: 189247K(189440K)->991K(181760K) Eden: 187392K(187392K)->0K(180736K) From: 1855K(2048K)->991K(1024K)
[317.617s][info][gc,heap        ] GC(635) ParOldGen: 394598K(394752K)->394614K(394752K)
[317.617s][info][gc,metaspace   ] GC(635) Metaspace: 57130K(57472K)->57130K(57472K) NonClass: 48847K(49088K)->48847K(49088K) Class: 8282K(8384K)->8282K(8384K)
[317.617s][info][gc             ] GC(635) Pause Young (Allocation Failure) 570M->386M(563M) 2.725ms
[317.617s][info][gc,cpu         ] GC(635) User=0.00s Sys=0.00s Real=0.01s
[318.107s][info][gc,start       ] GC(636) Pause Young (Allocation Failure)
[318.111s][info][gc,heap        ] GC(636) PSYoungGen: 181727K(181760K)->1695K(176640K) Eden: 180736K(180736K)->0K(174592K) From: 991K(1024K)->1695K(2048K)
[318.111s][info][gc,heap        ] GC(636) ParOldGen: 394614K(394752K)->394630K(394752K)
[318.111s][info][gc,metaspace   ] GC(636) Metaspace: 57130K(57472K)->57130K(57472K) NonClass: 48847K(49088K)->48847K(49088K) Class: 8282K(8384K)->8282K(8384K)
[318.111s][info][gc             ] GC(636) Pause Young (Allocation Failure) 562M->387M(558M) 3.703ms
[318.111s][info][gc,cpu         ] GC(636) User=0.01s Sys=0.01s Real=0.00s
[318.479s][info][gc,start       ] GC(637) Pause Young (Allocation Failure)
[318.483s][info][gc,heap        ] GC(637) PSYoungGen: 176287K(176640K)->1728K(170496K) Eden: 174592K(174592K)->0K(168448K) From: 1695K(2048K)->1728K(2048K)
[318.483s][info][gc,heap        ] GC(637) ParOldGen: 394630K(394752K)->394646K(394752K)
[318.483s][info][gc,metaspace   ] GC(637) Metaspace: 57130K(57472K)->57130K(57472K) NonClass: 48847K(49088K)->48847K(49088K) Class: 8282K(8384K)->8282K(8384K)
[318.483s][info][gc             ] GC(637) Pause Young (Allocation Failure) 557M->387M(552M) 3.980ms
[318.483s][info][gc,cpu         ] GC(637) User=0.01s Sys=0.00s Real=0.00s
[318.883s][info][gc,start       ] GC(638) Pause Young (Allocation Failure)
[318.887s][info][gc,heap        ] GC(638) PSYoungGen: 170176K(170496K)->2015K(164864K) Eden: 168448K(168448K)->0K(162816K) From: 1728K(2048K)->2015K(2048K)
[318.887s][info][gc,heap        ] GC(638) ParOldGen: 394646K(394752K)->394662K(394752K)
[318.887s][info][gc,metaspace   ] GC(638) Metaspace: 57130K(57472K)->57130K(57472K) NonClass: 48847K(49088K)->48847K(49088K) Class: 8282K(8384K)->8282K(8384K)
[318.887s][info][gc             ] GC(638) Pause Young (Allocation Failure) 551M->387M(546M) 4.004ms
[318.887s][info][gc,cpu         ] GC(638) User=0.00s Sys=0.00s Real=0.01s
[319.282s][info][gc,start       ] GC(639) Pause Young (Allocation Failure)
[319.286s][info][gc,heap        ] GC(639) PSYoungGen: 164831K(164864K)->2015K(159232K) Eden: 162816K(162816K)->0K(157184K) From: 2015K(2048K)->2015K(2048K)
[319.286s][info][gc,heap        ] GC(639) ParOldGen: 394662K(394752K)->394678K(394752K)
[319.286s][info][gc,metaspace   ] GC(639) Metaspace: 57130K(57472K)->57130K(57472K) NonClass: 48847K(49088K)->48847K(49088K) Class: 8282K(8384K)->8282K(8384K)
[319.286s][info][gc             ] GC(639) Pause Young (Allocation Failure) 546M->387M(541M) 3.915ms
[319.286s][info][gc,cpu         ] GC(639) User=0.00s Sys=0.00s Real=0.01s
[319.675s][info][gc,start       ] GC(640) Pause Young (Allocation Failure)
[319.679s][info][gc,heap        ] GC(640) PSYoungGen: 159199K(159232K)->1504K(153600K) Eden: 157184K(157184K)->0K(152064K) From: 2015K(2048K)->1504K(1536K)
[319.679s][info][gc,heap        ] GC(640) ParOldGen: 394678K(394752K)->394694K(394752K)
[319.679s][info][gc,metaspace   ] GC(640) Metaspace: 57130K(57472K)->57130K(57472K) NonClass: 48847K(49088K)->48847K(49088K) Class: 8282K(8384K)->8282K(8384K)
[319.679s][info][gc             ] GC(640) Pause Young (Allocation Failure) 540M->386M(535M) 3.728ms
[319.679s][info][gc,cpu         ] GC(640) User=0.00s Sys=0.01s Real=0.01s
[320.114s][info][gc,start       ] GC(641) Pause Young (Allocation Failure)
[320.117s][info][gc,heap        ] GC(641) PSYoungGen: 153299K(153600K)->767K(147968K) Eden: 151795K(152064K)->0K(146944K) From: 1504K(1536K)->767K(1024K)
[320.117s][info][gc,heap        ] GC(641) ParOldGen: 394694K(394752K)->394710K(394752K)
[320.117s][info][gc,metaspace   ] GC(641) Metaspace: 57130K(57472K)->57130K(57472K) NonClass: 48847K(49088K)->48847K(49088K) Class: 8282K(8384K)->8282K(8384K)
[320.117s][info][gc             ] GC(641) Pause Young (Allocation Failure) 535M->386M(530M) 2.567ms
[320.117s][info][gc,cpu         ] GC(641) User=0.01s Sys=0.00s Real=0.01s
[320.387s][info][gc,start       ] GC(642) Pause Young (Allocation Failure)
[320.391s][info][gc,heap        ] GC(642) PSYoungGen: 147711K(147968K)->1824K(177664K) Eden: 146944K(146944K)->0K(175616K) From: 767K(1024K)->1824K(2048K)
[320.391s][info][gc,heap        ] GC(642) ParOldGen: 394710K(394752K)->394726K(394752K)
[320.391s][info][gc,metaspace   ] GC(642) Metaspace: 57130K(57472K)->57130K(57472K) NonClass: 48847K(49088K)->48847K(49088K) Class: 8282K(8384K)->8282K(8384K)
[320.391s][info][gc             ] GC(642) Pause Young (Allocation Failure) 529M->387M(559M) 4.627ms
[320.391s][info][gc,cpu         ] GC(642) User=0.01s Sys=0.00s Real=0.00s
[320.801s][info][gc,start       ] GC(643) Pause Young (Allocation Failure)
[320.803s][info][gc,heap        ] GC(643) PSYoungGen: 177133K(177664K)->384K(169984K) Eden: 175309K(175616K)->0K(169472K) From: 1824K(2048K)->384K(512K)
[320.803s][info][gc,heap        ] GC(643) ParOldGen: 394726K(394752K)->394742K(394752K)
[320.803s][info][gc,metaspace   ] GC(643) Metaspace: 57130K(57472K)->57130K(57472K) NonClass: 48847K(49088K)->48847K(49088K) Class: 8282K(8384K)->8282K(8384K)
[320.803s][info][gc             ] GC(643) Pause Young (Allocation Failure) 558M->385M(551M) 2.190ms
[320.803s][info][gc,cpu         ] GC(643) User=0.00s Sys=0.00s Real=0.00s
[321.262s][info][gc,start       ] GC(644) Pause Young (Allocation Failure)
[321.264s][info][gc,heap        ] GC(644) PSYoungGen: 169856K(169984K)->352K(164352K) Eden: 169472K(169472K)->0K(163840K) From: 384K(512K)->352K(512K)
[321.264s][info][gc,heap        ] GC(644) ParOldGen: 394742K(394752K)->394758K(395264K)
[321.264s][info][gc,metaspace   ] GC(644) Metaspace: 57130K(57472K)->57130K(57472K) NonClass: 48847K(49088K)->48847K(49088K) Class: 8282K(8384K)->8282K(8384K)
[321.264s][info][gc             ] GC(644) Pause Young (Allocation Failure) 551M->385M(546M) 2.156ms
[321.264s][info][gc,cpu         ] GC(644) User=0.00s Sys=0.00s Real=0.00s
[321.659s][info][gc,start       ] GC(645) Pause Young (Allocation Failure)
[321.661s][info][gc,heap        ] GC(645) PSYoungGen: 164192K(164352K)->858K(161792K) Eden: 163840K(163840K)->0K(158208K) From: 352K(512K)->858K(3584K)
[321.661s][info][gc,heap        ] GC(645) ParOldGen: 394758K(395264K)->394774K(395264K)
[321.661s][info][gc,metaspace   ] GC(645) Metaspace: 57130K(57472K)->57130K(57472K) NonClass: 48847K(49088K)->48847K(49088K) Class: 8282K(8384K)->8282K(8384K)
[321.661s][info][gc             ] GC(645) Pause Young (Allocation Failure) 545M->386M(544M) 2.385ms
[321.661s][info][gc,cpu         ] GC(645) User=0.00s Sys=0.00s Real=0.00s
[322.003s][info][gc,start       ] GC(646) Pause Young (Allocation Failure)
[322.006s][info][gc,heap        ] GC(646) PSYoungGen: 158897K(161792K)->416K(153600K) Eden: 158039K(158208K)->0K(153088K) From: 858K(3584K)->416K(512K)
[322.006s][info][gc,heap        ] GC(646) ParOldGen: 394774K(395264K)->394790K(395264K)
[322.006s][info][gc,metaspace   ] GC(646) Metaspace: 57130K(57472K)->57130K(57472K) NonClass: 48847K(49088K)->48847K(49088K) Class: 8282K(8384K)->8282K(8384K)
[322.006s][info][gc             ] GC(646) Pause Young (Allocation Failure) 540M->385M(536M) 2.380ms
[322.006s][info][gc,cpu         ] GC(646) User=0.01s Sys=0.00s Real=0.00s
[322.388s][info][gc,start       ] GC(647) Pause Young (Allocation Failure)
[322.393s][info][gc,heap        ] GC(647) PSYoungGen: 153497K(153600K)->2336K(150528K) Eden: 153081K(153088K)->0K(147968K) From: 416K(512K)->2336K(2560K)
[322.393s][info][gc,heap        ] GC(647) ParOldGen: 394790K(395264K)->394806K(395264K)
[322.393s][info][gc,metaspace   ] GC(647) Metaspace: 57130K(57472K)->57130K(57472K) NonClass: 48847K(49088K)->48847K(49088K) Class: 8282K(8384K)->8282K(8384K)
[322.393s][info][gc             ] GC(647) Pause Young (Allocation Failure) 535M->387M(533M) 4.644ms
[322.393s][info][gc,cpu         ] GC(647) User=0.01s Sys=0.00s Real=0.00s
[322.772s][info][gc,start       ] GC(648) Pause Young (Allocation Failure)
[322.776s][info][gc,heap        ] GC(648) PSYoungGen: 150304K(150528K)->1887K(145408K) Eden: 147968K(147968K)->0K(143360K) From: 2336K(2560K)->1887K(2048K)
[322.776s][info][gc,heap        ] GC(648) ParOldGen: 394806K(395264K)->394822K(395264K)
[322.776s][info][gc,metaspace   ] GC(648) Metaspace: 57130K(57472K)->57130K(57472K) NonClass: 48847K(49088K)->48847K(49088K) Class: 8282K(8384K)->8282K(8384K)
[322.776s][info][gc             ] GC(648) Pause Young (Allocation Failure) 532M->387M(528M) 3.843ms
[322.776s][info][gc,cpu         ] GC(648) User=0.01s Sys=0.00s Real=0.01s
[323.094s][info][gc,start       ] GC(649) Pause Young (Allocation Failure)
[323.098s][info][gc,heap        ] GC(649) PSYoungGen: 145028K(145408K)->1984K(140800K) Eden: 143141K(143360K)->0K(138752K) From: 1887K(2048K)->1984K(2048K)
[323.098s][info][gc,heap        ] GC(649) ParOldGen: 394822K(395264K)->394838K(395264K)
[323.098s][info][gc,metaspace   ] GC(649) Metaspace: 57130K(57472K)->57130K(57472K) NonClass: 48847K(49088K)->48847K(49088K) Class: 8282K(8384K)->8282K(8384K)
[323.098s][info][gc             ] GC(649) Pause Young (Allocation Failure) 527M->387M(523M) 4.373ms
[323.098s][info][gc,cpu         ] GC(649) User=0.01s Sys=0.00s Real=0.01s
[323.530s][info][gc,start       ] GC(650) Pause Young (Allocation Failure)
[323.532s][info][gc,heap        ] GC(650) PSYoungGen: 140736K(140800K)->479K(134656K) Eden: 138752K(138752K)->0K(134144K) From: 1984K(2048K)->479K(512K)
[323.532s][info][gc,heap        ] GC(650) ParOldGen: 394838K(395264K)->394854K(395264K)
[323.532s][info][gc,metaspace   ] GC(650) Metaspace: 57130K(57472K)->57130K(57472K) NonClass: 48847K(49088K)->48847K(49088K) Class: 8282K(8384K)->8282K(8384K)
[323.532s][info][gc             ] GC(650) Pause Young (Allocation Failure) 523M->386M(517M) 2.330ms
[323.532s][info][gc,cpu         ] GC(650) User=0.01s Sys=0.00s Real=0.00s
[323.775s][info][gc,start       ] GC(651) Pause Young (Allocation Failure)
[323.779s][info][gc,heap        ] GC(651) PSYoungGen: 134623K(134656K)->2590K(163840K) Eden: 134144K(134144K)->0K(160256K) From: 479K(512K)->2590K(3584K)
[323.779s][info][gc,heap        ] GC(651) ParOldGen: 394854K(395264K)->394870K(395264K)
[323.779s][info][gc,metaspace   ] GC(651) Metaspace: 57130K(57472K)->57130K(57472K) NonClass: 48847K(49088K)->48847K(49088K) Class: 8282K(8384K)->8282K(8384K)
[323.779s][info][gc             ] GC(651) Pause Young (Allocation Failure) 517M->388M(546M) 4.077ms
[323.779s][info][gc,cpu         ] GC(651) User=0.01s Sys=0.00s Real=0.01s
[324.118s][info][gc,start       ] GC(652) Pause Young (Allocation Failure)
[324.120s][info][gc,heap        ] GC(652) PSYoungGen: 148905K(163840K)->64K(155648K) Eden: 146315K(160256K)->0K(155136K) From: 2590K(3584K)->64K(512K)
[324.120s][info][gc,heap        ] GC(652) ParOldGen: 394870K(395264K)->394886K(395264K)
[324.120s][info][gc,metaspace   ] GC(652) Metaspace: 57135K(57472K)->57135K(57472K) NonClass: 48852K(49088K)->48852K(49088K) Class: 8282K(8384K)->8282K(8384K)
[324.120s][info][gc             ] GC(652) Pause Young (Allocation Failure) 531M->385M(538M) 2.041ms
[324.120s][info][gc,cpu         ] GC(652) User=0.00s Sys=0.00s Real=0.00s
[325.394s][info][gc,start       ] GC(653) Pause Young (Allocation Failure)
[325.432s][info][gc,heap        ] GC(653) PSYoungGen: 127295K(155648K)->64K(163840K) Eden: 127231K(155136K)->0K(160256K) From: 64K(512K)->64K(3584K)
[325.432s][info][gc,heap        ] GC(653) ParOldGen: 394886K(395264K)->433972K(434688K)
[325.432s][info][gc,metaspace   ] GC(653) Metaspace: 57135K(57472K)->57135K(57472K) NonClass: 48852K(49088K)->48852K(49088K) Class: 8282K(8384K)->8282K(8384K)
[325.432s][info][gc             ] GC(653) Pause Young (Allocation Failure) 509M->423M(584M) 38.738ms
[325.432s][info][gc,cpu         ] GC(653) User=0.05s Sys=0.03s Real=0.04s
[326.893s][info][gc,start       ] GC(654) Pause Young (Allocation Failure)
[326.938s][info][gc,heap        ] GC(654) PSYoungGen: 160320K(163840K)->3570K(165376K) Eden: 160256K(160256K)->0K(161792K) From: 64K(3584K)->3570K(3584K)
[326.938s][info][gc,heap        ] GC(654) ParOldGen: 433972K(434688K)->494985K(495104K)
[326.938s][info][gc,metaspace   ] GC(654) Metaspace: 57300K(57664K)->57300K(57664K) NonClass: 49017K(49280K)->49017K(49280K) Class: 8282K(8384K)->8282K(8384K)
[326.938s][info][gc             ] GC(654) Pause Young (Allocation Failure) 580M->486M(645M) 44.986ms
[326.938s][info][gc,cpu         ] GC(654) User=0.05s Sys=0.04s Real=0.05s
[327.285s][info][gc,start       ] GC(655) Pause Young (Allocation Failure)
[327.293s][info][gc,heap        ] GC(655) PSYoungGen: 165362K(165376K)->2719K(188928K) Eden: 161791K(161792K)->0K(161792K) From: 3570K(3584K)->2719K(27136K)
[327.293s][info][gc,heap        ] GC(655) ParOldGen: 494985K(495104K)->498556K(498688K)
[327.293s][info][gc,metaspace   ] GC(655) Metaspace: 57301K(57664K)->57301K(57664K) NonClass: 49018K(49280K)->49018K(49280K) Class: 8282K(8384K)->8282K(8384K)
[327.293s][info][gc             ] GC(655) Pause Young (Allocation Failure) 644M->489M(671M) 8.136ms
[327.294s][info][gc,cpu         ] GC(655) User=0.01s Sys=0.01s Real=0.01s
[327.678s][info][gc,start       ] GC(656) Pause Young (Allocation Failure)
[327.684s][info][gc,heap        ] GC(656) PSYoungGen: 164511K(188928K)->1856K(218112K) Eden: 161792K(161792K)->0K(194048K) From: 2719K(27136K)->1856K(24064K)
[327.684s][info][gc,heap        ] GC(656) ParOldGen: 498556K(498688K)->498628K(498688K)
[327.684s][info][gc,metaspace   ] GC(656) Metaspace: 57301K(57664K)->57301K(57664K) NonClass: 49018K(49280K)->49018K(49280K) Class: 8282K(8384K)->8282K(8384K)
[327.684s][info][gc             ] GC(656) Pause Young (Allocation Failure) 647M->488M(700M) 5.466ms
[327.684s][info][gc,cpu         ] GC(656) User=0.01s Sys=0.00s Real=0.00s
[328.169s][info][gc,start       ] GC(657) Pause Young (Allocation Failure)
[328.173s][info][gc,heap        ] GC(657) PSYoungGen: 195904K(218112K)->1502K(219136K) Eden: 194048K(194048K)->0K(194048K) From: 1856K(24064K)->1502K(25088K)
[328.173s][info][gc,heap        ] GC(657) ParOldGen: 498628K(498688K)->498644K(498688K)
[328.173s][info][gc,metaspace   ] GC(657) Metaspace: 57301K(57664K)->57301K(57664K) NonClass: 49018K(49280K)->49018K(49280K) Class: 8282K(8384K)->8282K(8384K)
[328.173s][info][gc             ] GC(657) Pause Young (Allocation Failure) 678M->488M(701M) 3.775ms
[328.173s][info][gc,cpu         ] GC(657) User=0.01s Sys=0.01s Real=0.00s
[328.603s][info][gc,start       ] GC(658) Pause Young (Allocation Failure)
[328.607s][info][gc,heap        ] GC(658) PSYoungGen: 195534K(219136K)->1119K(253952K) Eden: 194032K(194048K)->0K(231936K) From: 1502K(25088K)->1119K(22016K)
[328.607s][info][gc,heap        ] GC(658) ParOldGen: 498644K(498688K)->498660K(498688K)
[328.607s][info][gc,metaspace   ] GC(658) Metaspace: 57301K(57664K)->57301K(57664K) NonClass: 49018K(49280K)->49018K(49280K) Class: 8282K(8384K)->8282K(8384K)
[328.607s][info][gc             ] GC(658) Pause Young (Allocation Failure) 677M->488M(735M) 3.509ms
[328.607s][info][gc,cpu         ] GC(658) User=0.01s Sys=0.00s Real=0.01s
[329.191s][info][gc,start       ] GC(659) Pause Young (Allocation Failure)
[329.196s][info][gc,heap        ] GC(659) PSYoungGen: 233055K(253952K)->1759K(254976K) Eden: 231936K(231936K)->0K(231936K) From: 1119K(22016K)->1759K(23040K)
[329.196s][info][gc,heap        ] GC(659) ParOldGen: 498660K(498688K)->498676K(498688K)
[329.196s][info][gc,metaspace   ] GC(659) Metaspace: 57301K(57664K)->57301K(57664K) NonClass: 49018K(49280K)->49018K(49280K) Class: 8282K(8384K)->8282K(8384K)
[329.196s][info][gc             ] GC(659) Pause Young (Allocation Failure) 714M->488M(736M) 4.692ms
[329.196s][info][gc,cpu         ] GC(659) User=0.01s Sys=0.00s Real=0.01s
[329.763s][info][gc,start       ] GC(660) Pause Young (Allocation Failure)
[329.767s][info][gc,heap        ] GC(660) PSYoungGen: 233695K(254976K)->1009K(295936K) Eden: 231936K(231936K)->0K(276480K) From: 1759K(23040K)->1009K(19456K)
[329.767s][info][gc,heap        ] GC(660) ParOldGen: 498676K(498688K)->498692K(499200K)
[329.767s][info][gc,metaspace   ] GC(660) Metaspace: 57301K(57664K)->57301K(57664K) NonClass: 49018K(49280K)->49018K(49280K) Class: 8282K(8384K)->8282K(8384K)
[329.767s][info][gc             ] GC(660) Pause Young (Allocation Failure) 715M->487M(776M) 3.520ms
[329.767s][info][gc,cpu         ] GC(660) User=0.00s Sys=0.00s Real=0.01s
[330.461s][info][gc,start       ] GC(661) Pause Young (Allocation Failure)
[330.464s][info][gc,heap        ] GC(661) PSYoungGen: 277489K(295936K)->1374K(267264K) Eden: 276480K(276480K)->0K(265728K) From: 1009K(19456K)->1374K(1536K)
[330.465s][info][gc,heap        ] GC(661) ParOldGen: 498692K(499200K)->498708K(499200K)
[330.465s][info][gc,metaspace   ] GC(661) Metaspace: 57301K(57664K)->57301K(57664K) NonClass: 49018K(49280K)->49018K(49280K) Class: 8282K(8384K)->8282K(8384K)
[330.465s][info][gc             ] GC(661) Pause Young (Allocation Failure) 757M->488M(748M) 3.630ms
[330.465s][info][gc,cpu         ] GC(661) User=0.01s Sys=0.00s Real=0.00s
[331.077s][info][gc,start       ] GC(662) Pause Young (Allocation Failure)
[331.083s][info][gc,heap        ] GC(662) PSYoungGen: 267102K(267264K)->2430K(263168K) Eden: 265728K(265728K)->0K(255488K) From: 1374K(1536K)->2430K(7680K)
[331.083s][info][gc,heap        ] GC(662) ParOldGen: 498708K(499200K)->498724K(499200K)
[331.083s][info][gc,metaspace   ] GC(662) Metaspace: 57301K(57664K)->57301K(57664K) NonClass: 49018K(49280K)->49018K(49280K) Class: 8282K(8384K)->8282K(8384K)
[331.083s][info][gc             ] GC(662) Pause Young (Allocation Failure) 747M->489M(744M) 5.550ms
[331.083s][info][gc,cpu         ] GC(662) User=0.01s Sys=0.01s Real=0.00s
[331.685s][info][gc,start       ] GC(663) Pause Young (Allocation Failure)
[331.689s][info][gc,heap        ] GC(663) PSYoungGen: 257918K(263168K)->1887K(247808K) Eden: 255488K(255488K)->0K(245760K) From: 2430K(7680K)->1887K(2048K)
[331.689s][info][gc,heap        ] GC(663) ParOldGen: 498724K(499200K)->498740K(499200K)
[331.690s][info][gc,metaspace   ] GC(663) Metaspace: 57301K(57664K)->57301K(57664K) NonClass: 49018K(49280K)->49018K(49280K) Class: 8282K(8384K)->8282K(8384K)
[331.690s][info][gc             ] GC(663) Pause Young (Allocation Failure) 738M->488M(729M) 4.293ms
[331.690s][info][gc,cpu         ] GC(663) User=0.01s Sys=0.00s Real=0.01s
[332.278s][info][gc,start       ] GC(664) Pause Young (Allocation Failure)
[332.283s][info][gc,heap        ] GC(664) PSYoungGen: 247647K(247808K)->2048K(238592K) Eden: 245760K(245760K)->0K(236544K) From: 1887K(2048K)->2048K(2048K)
[332.283s][info][gc,heap        ] GC(664) ParOldGen: 498740K(499200K)->498756K(499200K)
[332.283s][info][gc,metaspace   ] GC(664) Metaspace: 57301K(57664K)->57301K(57664K) NonClass: 49018K(49280K)->49018K(49280K) Class: 8282K(8384K)->8282K(8384K)
[332.283s][info][gc             ] GC(664) Pause Young (Allocation Failure) 728M->489M(720M) 5.096ms
[332.283s][info][gc,cpu         ] GC(664) User=0.01s Sys=0.00s Real=0.00s
[332.888s][info][gc,start       ] GC(665) Pause Young (Allocation Failure)
[332.891s][info][gc,heap        ] GC(665) PSYoungGen: 238592K(238592K)->1087K(229376K) Eden: 236544K(236544K)->0K(227840K) From: 2048K(2048K)->1087K(1536K)
[332.891s][info][gc,heap        ] GC(665) ParOldGen: 498756K(499200K)->498772K(499200K)
[332.891s][info][gc,metaspace   ] GC(665) Metaspace: 57301K(57664K)->57301K(57664K) NonClass: 49018K(49280K)->49018K(49280K) Class: 8282K(8384K)->8282K(8384K)
[332.891s][info][gc             ] GC(665) Pause Young (Allocation Failure) 720M->488M(711M) 3.200ms
[332.891s][info][gc,cpu         ] GC(665) User=0.01s Sys=0.01s Real=0.00s
[333.399s][info][gc,start       ] GC(666) Pause Young (Allocation Failure)
[333.404s][info][gc,heap        ] GC(666) PSYoungGen: 228927K(229376K)->1663K(221184K) Eden: 227840K(227840K)->0K(219136K) From: 1087K(1536K)->1663K(2048K)
[333.404s][info][gc,heap        ] GC(666) ParOldGen: 498772K(499200K)->498788K(499200K)
[333.404s][info][gc,metaspace   ] GC(666) Metaspace: 57301K(57664K)->57301K(57664K) NonClass: 49018K(49280K)->49018K(49280K) Class: 8282K(8384K)->8282K(8384K)
[333.404s][info][gc             ] GC(666) Pause Young (Allocation Failure) 710M->488M(703M) 4.781ms
[333.404s][info][gc,cpu         ] GC(666) User=0.01s Sys=0.00s Real=0.00s
[334.024s][info][gc,start       ] GC(667) Pause Young (Allocation Failure)
[334.027s][info][gc,heap        ] GC(667) PSYoungGen: 220799K(221184K)->735K(211968K) Eden: 219136K(219136K)->0K(210944K) From: 1663K(2048K)->735K(1024K)
[334.027s][info][gc,heap        ] GC(667) ParOldGen: 498788K(499200K)->498804K(499200K)
[334.027s][info][gc,metaspace   ] GC(667) Metaspace: 57301K(57664K)->57301K(57664K) NonClass: 49018K(49280K)->49018K(49280K) Class: 8282K(8384K)->8282K(8384K)
[334.027s][info][gc             ] GC(667) Pause Young (Allocation Failure) 702M->487M(694M) 2.956ms
[334.027s][info][gc,cpu         ] GC(667) User=0.01s Sys=0.00s Real=0.01s
[334.468s][info][gc,start       ] GC(668) Pause Young (Allocation Failure)
[334.472s][info][gc,heap        ] GC(668) PSYoungGen: 211679K(211968K)->1471K(204800K) Eden: 210944K(210944K)->0K(203264K) From: 735K(1024K)->1471K(1536K)
[334.472s][info][gc,heap        ] GC(668) ParOldGen: 498804K(499200K)->498820K(499200K)
[334.472s][info][gc,metaspace   ] GC(668) Metaspace: 57301K(57664K)->57301K(57664K) NonClass: 49018K(49280K)->49018K(49280K) Class: 8282K(8384K)->8282K(8384K)
[334.472s][info][gc             ] GC(668) Pause Young (Allocation Failure) 693M->488M(687M) 4.312ms
[334.472s][info][gc,cpu         ] GC(668) User=0.01s Sys=0.00s Real=0.00s
[334.960s][info][gc,start       ] GC(669) Pause Young (Allocation Failure)
[334.963s][info][gc,heap        ] GC(669) PSYoungGen: 204735K(204800K)->1023K(197120K) Eden: 203264K(203264K)->0K(196096K) From: 1471K(1536K)->1023K(1024K)
[334.963s][info][gc,heap        ] GC(669) ParOldGen: 498820K(499200K)->498836K(499200K)
[334.963s][info][gc,metaspace   ] GC(669) Metaspace: 57301K(57664K)->57301K(57664K) NonClass: 49018K(49280K)->49018K(49280K) Class: 8282K(8384K)->8282K(8384K)
[334.963s][info][gc             ] GC(669) Pause Young (Allocation Failure) 687M->488M(680M) 3.062ms
[334.963s][info][gc,cpu         ] GC(669) User=0.01s Sys=0.00s Real=0.00s
[335.408s][info][gc,start       ] GC(670) Pause Young (Allocation Failure)
[335.413s][info][gc,heap        ] GC(670) PSYoungGen: 197119K(197120K)->1343K(190464K) Eden: 196096K(196096K)->0K(188928K) From: 1023K(1024K)->1343K(1536K)
[335.413s][info][gc,heap        ] GC(670) ParOldGen: 498836K(499200K)->498852K(499200K)
[335.413s][info][gc,metaspace   ] GC(670) Metaspace: 57301K(57664K)->57301K(57664K) NonClass: 49018K(49280K)->49018K(49280K) Class: 8282K(8384K)->8282K(8384K)
[335.413s][info][gc             ] GC(670) Pause Young (Allocation Failure) 679M->488M(673M) 4.134ms
[335.413s][info][gc,cpu         ] GC(670) User=0.00s Sys=0.00s Real=0.00s
[335.876s][info][gc,start       ] GC(671) Pause Young (Allocation Failure)
[335.881s][info][gc,heap        ] GC(671) PSYoungGen: 190271K(190464K)->2143K(194560K) Eden: 188928K(188928K)->0K(182272K) From: 1343K(1536K)->2143K(12288K)
[335.881s][info][gc,heap        ] GC(671) ParOldGen: 498852K(499200K)->498868K(499200K)
[335.881s][info][gc,metaspace   ] GC(671) Metaspace: 57301K(57664K)->57301K(57664K) NonClass: 49018K(49280K)->49018K(49280K) Class: 8282K(8384K)->8282K(8384K)
[335.881s][info][gc             ] GC(671) Pause Young (Allocation Failure) 672M->489M(677M) 4.573ms
[335.881s][info][gc,cpu         ] GC(671) User=0.01s Sys=0.00s Real=0.00s
[336.301s][info][gc,start       ] GC(672) Pause Young (Allocation Failure)
[336.305s][info][gc,heap        ] GC(672) PSYoungGen: 184394K(194560K)->960K(177152K) Eden: 182251K(182272K)->0K(176128K) From: 2143K(12288K)->960K(1024K)
[336.305s][info][gc,heap        ] GC(672) ParOldGen: 498868K(499200K)->498884K(499200K)
[336.305s][info][gc,metaspace   ] GC(672) Metaspace: 57301K(57664K)->57301K(57664K) NonClass: 49018K(49280K)->49018K(49280K) Class: 8282K(8384K)->8282K(8384K)
[336.305s][info][gc             ] GC(672) Pause Young (Allocation Failure) 667M->488M(660M) 3.901ms
[336.305s][info][gc,cpu         ] GC(672) User=0.00s Sys=0.00s Real=0.00s
[336.764s][info][gc,start       ] GC(673) Pause Young (Allocation Failure)
[336.767s][info][gc,heap        ] GC(673) PSYoungGen: 177088K(177152K)->1151K(180736K) Eden: 176128K(176128K)->0K(169984K) From: 960K(1024K)->1151K(10752K)
[336.767s][info][gc,heap        ] GC(673) ParOldGen: 498884K(499200K)->498900K(499200K)
[336.767s][info][gc,metaspace   ] GC(673) Metaspace: 57301K(57664K)->57301K(57664K) NonClass: 49018K(49280K)->49018K(49280K) Class: 8282K(8384K)->8282K(8384K)
[336.767s][info][gc             ] GC(673) Pause Young (Allocation Failure) 660M->488M(664M) 3.072ms
[336.767s][info][gc,cpu         ] GC(673) User=0.01s Sys=0.00s Real=0.01s
[337.171s][info][gc,start       ] GC(674) Pause Young (Allocation Failure)
[337.175s][info][gc,heap        ] GC(674) PSYoungGen: 171135K(180736K)->1567K(166400K) Eden: 169984K(169984K)->0K(164352K) From: 1151K(10752K)->1567K(2048K)
[337.175s][info][gc,heap        ] GC(674) ParOldGen: 498900K(499200K)->498916K(499200K)
[337.175s][info][gc,metaspace   ] GC(674) Metaspace: 57301K(57664K)->57301K(57664K) NonClass: 49018K(49280K)->49018K(49280K) Class: 8282K(8384K)->8282K(8384K)
[337.175s][info][gc             ] GC(674) Pause Young (Allocation Failure) 654M->488M(650M) 4.129ms
[337.175s][info][gc,cpu         ] GC(674) User=0.01s Sys=0.00s Real=0.00s
[337.576s][info][gc,start       ] GC(675) Pause Young (Allocation Failure)
[337.579s][info][gc,heap        ] GC(675) PSYoungGen: 165919K(166400K)->1598K(160768K) Eden: 164352K(164352K)->0K(158720K) From: 1567K(2048K)->1598K(2048K)
[337.579s][info][gc,heap        ] GC(675) ParOldGen: 498916K(499200K)->498932K(499200K)
[337.579s][info][gc,metaspace   ] GC(675) Metaspace: 57301K(57664K)->57301K(57664K) NonClass: 49018K(49280K)->49018K(49280K) Class: 8282K(8384K)->8282K(8384K)
[337.579s][info][gc             ] GC(675) Pause Young (Allocation Failure) 649M->488M(644M) 3.451ms
[337.579s][info][gc,cpu         ] GC(675) User=0.01s Sys=0.00s Real=0.00s
[337.967s][info][gc,start       ] GC(676) Pause Young (Allocation Failure)
[337.970s][info][gc,heap        ] GC(676) PSYoungGen: 160318K(160768K)->1343K(155136K) Eden: 158720K(158720K)->0K(153600K) From: 1598K(2048K)->1343K(1536K)
[337.970s][info][gc,heap        ] GC(676) ParOldGen: 498932K(499200K)->498948K(499200K)
[337.970s][info][gc,metaspace   ] GC(676) Metaspace: 57301K(57664K)->57301K(57664K) NonClass: 49018K(49280K)->49018K(49280K) Class: 8282K(8384K)->8282K(8384K)
[337.970s][info][gc             ] GC(676) Pause Young (Allocation Failure) 643M->488M(639M) 3.797ms
[337.970s][info][gc,cpu         ] GC(676) User=0.01s Sys=0.00s Real=0.00s
[338.355s][info][gc,start       ] GC(677) Pause Young (Allocation Failure)
[338.358s][info][gc,heap        ] GC(677) PSYoungGen: 154943K(155136K)->224K(148992K) Eden: 153600K(153600K)->0K(148480K) From: 1343K(1536K)->224K(512K)
[338.358s][info][gc,heap        ] GC(677) ParOldGen: 498948K(499200K)->498964K(499200K)
[338.358s][info][gc,metaspace   ] GC(677) Metaspace: 57301K(57664K)->57301K(57664K) NonClass: 49018K(49280K)->49018K(49280K) Class: 8282K(8384K)->8282K(8384K)
[338.358s][info][gc             ] GC(677) Pause Young (Allocation Failure) 638M->487M(633M) 2.202ms
[338.358s][info][gc,cpu         ] GC(677) User=0.00s Sys=0.00s Real=0.01s
[338.721s][info][gc,start       ] GC(678) Pause Young (Allocation Failure)
[338.725s][info][gc,heap        ] GC(678) PSYoungGen: 148704K(148992K)->1088K(145408K) Eden: 148480K(148480K)->0K(143872K) From: 224K(512K)->1088K(1536K)
[338.725s][info][gc,heap        ] GC(678) ParOldGen: 498964K(499200K)->498980K(499200K)
[338.725s][info][gc,metaspace   ] GC(678) Metaspace: 57301K(57664K)->57301K(57664K) NonClass: 49018K(49280K)->49018K(49280K) Class: 8282K(8384K)->8282K(8384K)
[338.725s][info][gc             ] GC(678) Pause Young (Allocation Failure) 632M->488M(629M) 3.931ms
[338.725s][info][gc,cpu         ] GC(678) User=0.01s Sys=0.00s Real=0.00s
[339.062s][info][gc,start       ] GC(679) Pause Young (Allocation Failure)
[339.065s][info][gc,heap        ] GC(679) PSYoungGen: 144960K(145408K)->1215K(140800K) Eden: 143872K(143872K)->0K(139264K) From: 1088K(1536K)->1215K(1536K)
[339.065s][info][gc,heap        ] GC(679) ParOldGen: 498980K(499200K)->498996K(499200K)
[339.065s][info][gc,metaspace   ] GC(679) Metaspace: 57301K(57664K)->57301K(57664K) NonClass: 49018K(49280K)->49018K(49280K) Class: 8282K(8384K)->8282K(8384K)
[339.065s][info][gc             ] GC(679) Pause Young (Allocation Failure) 628M->488M(625M) 3.192ms
[339.065s][info][gc,cpu         ] GC(679) User=0.01s Sys=0.00s Real=0.00s
[339.381s][info][gc,start       ] GC(680) Pause Young (Allocation Failure)
[339.385s][info][gc,heap        ] GC(680) PSYoungGen: 140479K(140800K)->1759K(136704K) Eden: 139264K(139264K)->0K(134656K) From: 1215K(1536K)->1759K(2048K)
[339.385s][info][gc,heap        ] GC(680) ParOldGen: 498996K(499200K)->499012K(499200K)
[339.385s][info][gc,metaspace   ] GC(680) Metaspace: 57301K(57664K)->57301K(57664K) NonClass: 49018K(49280K)->49018K(49280K) Class: 8282K(8384K)->8282K(8384K)
[339.385s][info][gc             ] GC(680) Pause Young (Allocation Failure) 624M->489M(621M) 4.275ms
[339.385s][info][gc,cpu         ] GC(680) User=0.01s Sys=0.00s Real=0.00s
[339.698s][info][gc,start       ] GC(681) Pause Young (Allocation Failure)
[339.701s][info][gc,heap        ] GC(681) PSYoungGen: 136415K(136704K)->1055K(132096K) Eden: 134656K(134656K)->0K(130560K) From: 1759K(2048K)->1055K(1536K)
[339.701s][info][gc,heap        ] GC(681) ParOldGen: 499012K(499200K)->499028K(499200K)
[339.701s][info][gc,metaspace   ] GC(681) Metaspace: 57301K(57664K)->57301K(57664K) NonClass: 49018K(49280K)->49018K(49280K) Class: 8282K(8384K)->8282K(8384K)
[339.701s][info][gc             ] GC(681) Pause Young (Allocation Failure) 620M->488M(616M) 3.026ms
[339.701s][info][gc,cpu         ] GC(681) User=0.00s Sys=0.00s Real=0.00s
[340.059s][info][gc,start       ] GC(682) Pause Young (Allocation Failure)
[340.062s][info][gc,heap        ] GC(682) PSYoungGen: 131615K(132096K)->607K(127488K) Eden: 130560K(130560K)->0K(126464K) From: 1055K(1536K)->607K(1024K)
[340.062s][info][gc,heap        ] GC(682) ParOldGen: 499028K(499200K)->499044K(499200K)
[340.062s][info][gc,metaspace   ] GC(682) Metaspace: 57301K(57664K)->57301K(57664K) NonClass: 49018K(49280K)->49018K(49280K) Class: 8282K(8384K)->8282K(8384K)
[340.062s][info][gc             ] GC(682) Pause Young (Allocation Failure) 615M->487M(612M) 2.996ms
[340.062s][info][gc,cpu         ] GC(682) User=0.01s Sys=0.00s Real=0.00s
[340.364s][info][gc,start       ] GC(683) Pause Young (Allocation Failure)
[340.367s][info][gc,heap        ] GC(683) PSYoungGen: 127071K(127488K)->1119K(128512K) Eden: 126464K(126464K)->0K(122368K) From: 607K(1024K)->1119K(6144K)
[340.367s][info][gc,heap        ] GC(683) ParOldGen: 499044K(499200K)->499060K(499200K)
[340.367s][info][gc,metaspace   ] GC(683) Metaspace: 57301K(57664K)->57301K(57664K) NonClass: 49018K(49280K)->49018K(49280K) Class: 8282K(8384K)->8282K(8384K)
[340.367s][info][gc             ] GC(683) Pause Young (Allocation Failure) 611M->488M(613M) 2.957ms
[340.367s][info][gc,cpu         ] GC(683) User=0.00s Sys=0.00s Real=0.01s
[340.660s][info][gc,start       ] GC(684) Pause Young (Allocation Failure)
[340.662s][info][gc,heap        ] GC(684) PSYoungGen: 123237K(128512K)->672K(119808K) Eden: 122118K(122368K)->0K(118784K) From: 1119K(6144K)->672K(1024K)
[340.662s][info][gc,heap        ] GC(684) ParOldGen: 499060K(499200K)->499076K(499200K)
[340.662s][info][gc,metaspace   ] GC(684) Metaspace: 57301K(57664K)->57301K(57664K) NonClass: 49018K(49280K)->49018K(49280K) Class: 8282K(8384K)->8282K(8384K)
[340.662s][info][gc             ] GC(684) Pause Young (Allocation Failure) 607M->488M(604M) 2.983ms
[340.663s][info][gc,cpu         ] GC(684) User=0.00s Sys=0.00s Real=0.00s
[340.957s][info][gc,start       ] GC(685) Pause Young (Allocation Failure)
[340.959s][info][gc,heap        ] GC(685) PSYoungGen: 119456K(119808K)->446K(120832K) Eden: 118784K(118784K)->0K(115200K) From: 672K(1024K)->446K(5632K)
[340.959s][info][gc,heap        ] GC(685) ParOldGen: 499076K(499200K)->499092K(499200K)
[340.959s][info][gc,metaspace   ] GC(685) Metaspace: 57301K(57664K)->57301K(57664K) NonClass: 49018K(49280K)->49018K(49280K) Class: 8282K(8384K)->8282K(8384K)
[340.959s][info][gc             ] GC(685) Pause Young (Allocation Failure) 604M->487M(605M) 2.357ms
[340.959s][info][gc,cpu         ] GC(685) User=0.00s Sys=0.00s Real=0.00s
[341.197s][info][gc,start       ] GC(686) Pause Young (Allocation Failure)
[341.201s][info][gc,heap        ] GC(686) PSYoungGen: 115646K(120832K)->1951K(139264K) Eden: 115200K(115200K)->0K(137216K) From: 446K(5632K)->1951K(2048K)
[341.201s][info][gc,heap        ] GC(686) ParOldGen: 499092K(499200K)->499108K(499200K)
[341.201s][info][gc,metaspace   ] GC(686) Metaspace: 57301K(57664K)->57301K(57664K) NonClass: 49018K(49280K)->49018K(49280K) Class: 8282K(8384K)->8282K(8384K)
[341.201s][info][gc             ] GC(686) Pause Young (Allocation Failure) 600M->489M(623M) 4.339ms
[341.201s][info][gc,cpu         ] GC(686) User=0.01s Sys=0.00s Real=0.00s
[341.567s][info][gc,start       ] GC(687) Pause Young (Allocation Failure)
[341.570s][info][gc,heap        ] GC(687) PSYoungGen: 139167K(139264K)->1419K(165376K) Eden: 137216K(137216K)->0K(160256K) From: 1951K(2048K)->1419K(5120K)
[341.570s][info][gc,heap        ] GC(687) ParOldGen: 499108K(499200K)->499124K(499200K)
[341.570s][info][gc,metaspace   ] GC(687) Metaspace: 57301K(57664K)->57301K(57664K) NonClass: 49018K(49280K)->49018K(49280K) Class: 8282K(8384K)->8282K(8384K)
[341.570s][info][gc             ] GC(687) Pause Young (Allocation Failure) 623M->488M(649M) 3.391ms
[341.570s][info][gc,cpu         ] GC(687) User=0.01s Sys=0.00s Real=0.00s
[341.956s][info][gc,start       ] GC(688) Pause Young (Allocation Failure)
[341.958s][info][gc,heap        ] GC(688) PSYoungGen: 161675K(165376K)->256K(155648K) Eden: 160256K(160256K)->0K(155136K) From: 1419K(5120K)->256K(512K)
[341.958s][info][gc,heap        ] GC(688) ParOldGen: 499124K(499200K)->499140K(499200K)
[341.958s][info][gc,metaspace   ] GC(688) Metaspace: 57301K(57664K)->57301K(57664K) NonClass: 49018K(49280K)->49018K(49280K) Class: 8282K(8384K)->8282K(8384K)
[341.958s][info][gc             ] GC(688) Pause Young (Allocation Failure) 645M->487M(639M) 2.237ms
[341.958s][info][gc,cpu         ] GC(688) User=0.01s Sys=0.00s Real=0.00s
[342.287s][info][gc,start       ] GC(689) Pause Young (Allocation Failure)
[342.291s][info][gc,heap        ] GC(689) PSYoungGen: 155392K(155648K)->2207K(164352K) Eden: 155136K(155136K)->0K(159744K) From: 256K(512K)->2207K(4608K)
[342.291s][info][gc,heap        ] GC(689) ParOldGen: 499140K(499200K)->499156K(499200K)
[342.291s][info][gc,metaspace   ] GC(689) Metaspace: 57301K(57664K)->57301K(57664K) NonClass: 49018K(49280K)->49018K(49280K) Class: 8282K(8384K)->8282K(8384K)
[342.291s][info][gc             ] GC(689) Pause Young (Allocation Failure) 639M->489M(648M) 4.619ms
[342.291s][info][gc,cpu         ] GC(689) User=0.01s Sys=0.00s Real=0.00s
[342.699s][info][gc,start       ] GC(690) Pause Young (Allocation Failure)
[342.705s][info][gc,heap        ] GC(690) PSYoungGen: 161951K(164352K)->2622K(189440K) Eden: 159744K(159744K)->0K(184832K) From: 2207K(4608K)->2622K(4608K)
[342.705s][info][gc,heap        ] GC(690) ParOldGen: 499156K(499200K)->499172K(499200K)
[342.705s][info][gc,metaspace   ] GC(690) Metaspace: 57301K(57664K)->57301K(57664K) NonClass: 49018K(49280K)->49018K(49280K) Class: 8282K(8384K)->8282K(8384K)
[342.705s][info][gc             ] GC(690) Pause Young (Allocation Failure) 645M->490M(672M) 5.742ms
[342.705s][info][gc,cpu         ] GC(690) User=0.00s Sys=0.00s Real=0.00s
[343.167s][info][gc,start       ] GC(691) Pause Young (Allocation Failure)
[343.171s][info][gc,heap        ] GC(691) PSYoungGen: 187454K(189440K)->864K(189440K) Eden: 184832K(184832K)->0K(184832K) From: 2622K(4608K)->864K(4608K)
[343.171s][info][gc,heap        ] GC(691) ParOldGen: 499172K(499200K)->499188K(499200K)
[343.171s][info][gc,metaspace   ] GC(691) Metaspace: 57301K(57664K)->57301K(57664K) NonClass: 49018K(49280K)->49018K(49280K) Class: 8282K(8384K)->8282K(8384K)
[343.171s][info][gc             ] GC(691) Pause Young (Allocation Failure) 670M->488M(672M) 3.218ms
[343.171s][info][gc,cpu         ] GC(691) User=0.01s Sys=0.00s Real=0.00s
[343.591s][info][gc,start       ] GC(692) Pause Young (Allocation Failure)
[343.597s][info][gc,heap        ] GC(692) PSYoungGen: 185696K(189440K)->2622K(225280K) Eden: 184832K(184832K)->0K(220672K) From: 864K(4608K)->2622K(4608K)
[343.597s][info][gc,heap        ] GC(692) ParOldGen: 499188K(499200K)->499204K(499712K)
[343.597s][info][gc,metaspace   ] GC(692) Metaspace: 57301K(57664K)->57301K(57664K) NonClass: 49018K(49280K)->49018K(49280K) Class: 8282K(8384K)->8282K(8384K)
[343.597s][info][gc             ] GC(692) Pause Young (Allocation Failure) 668M->490M(708M) 5.819ms
[343.597s][info][gc,cpu         ] GC(692) User=0.00s Sys=0.00s Real=0.01s
[344.159s][info][gc,start       ] GC(693) Pause Young (Allocation Failure)
[344.161s][info][gc,heap        ] GC(693) PSYoungGen: 223294K(225280K)->329K(212992K) Eden: 220672K(220672K)->0K(212480K) From: 2622K(4608K)->329K(512K)
[344.161s][info][gc,heap        ] GC(693) ParOldGen: 499204K(499712K)->499220K(499712K)
[344.161s][info][gc,metaspace   ] GC(693) Metaspace: 57301K(57664K)->57301K(57664K) NonClass: 49018K(49280K)->49018K(49280K) Class: 8282K(8384K)->8282K(8384K)
[344.162s][info][gc             ] GC(693) Pause Young (Allocation Failure) 705M->487M(696M) 2.372ms
[344.162s][info][gc,cpu         ] GC(693) User=0.00s Sys=0.00s Real=0.00s
[344.679s][info][gc,start       ] GC(694) Pause Young (Allocation Failure)
[344.684s][info][gc,heap        ] GC(694) PSYoungGen: 212778K(212992K)->1664K(206848K) Eden: 212448K(212480K)->0K(204800K) From: 329K(512K)->1664K(2048K)
[344.684s][info][gc,heap        ] GC(694) ParOldGen: 499220K(499712K)->499236K(499712K)
[344.684s][info][gc,metaspace   ] GC(694) Metaspace: 57301K(57664K)->57301K(57664K) NonClass: 49018K(49280K)->49018K(49280K) Class: 8282K(8384K)->8282K(8384K)
[344.684s][info][gc             ] GC(694) Pause Young (Allocation Failure) 695M->489M(690M) 4.880ms
[344.684s][info][gc,cpu         ] GC(694) User=0.01s Sys=0.00s Real=0.00s
[345.162s][info][gc,start       ] GC(695) Pause Young (Allocation Failure)
[345.165s][info][gc,heap        ] GC(695) PSYoungGen: 206464K(206848K)->1151K(199168K) Eden: 204800K(204800K)->0K(197632K) From: 1664K(2048K)->1151K(1536K)
[345.165s][info][gc,heap        ] GC(695) ParOldGen: 499236K(499712K)->499252K(499712K)
[345.165s][info][gc,metaspace   ] GC(695) Metaspace: 57301K(57664K)->57301K(57664K) NonClass: 49018K(49280K)->49018K(49280K) Class: 8282K(8384K)->8282K(8384K)
[345.165s][info][gc             ] GC(695) Pause Young (Allocation Failure) 689M->488M(682M) 3.148ms
[345.165s][info][gc,cpu         ] GC(695) User=0.00s Sys=0.00s Real=0.00s
[345.636s][info][gc,start       ] GC(696) Pause Young (Allocation Failure)
[345.653s][info][gc,heap        ] GC(696) PSYoungGen: 198783K(199168K)->767K(217600K) Eden: 197632K(197632K)->0K(213504K) From: 1151K(1536K)->767K(4096K)
[345.653s][info][gc,heap        ] GC(696) ParOldGen: 499252K(499712K)->499268K(499712K)
[345.653s][info][gc,metaspace   ] GC(696) Metaspace: 57301K(57664K)->57301K(57664K) NonClass: 49018K(49280K)->49018K(49280K) Class: 8282K(8384K)->8282K(8384K)
[345.653s][info][gc             ] GC(696) Pause Young (Allocation Failure) 681M->488M(700M) 17.650ms
[345.653s][info][gc,cpu         ] GC(696) User=0.02s Sys=0.00s Real=0.01s
[346.260s][info][gc,start       ] GC(697) Pause Young (Allocation Failure)
[346.263s][info][gc,heap        ] GC(697) PSYoungGen: 214271K(217600K)->872K(217600K) Eden: 213504K(213504K)->0K(213504K) From: 767K(4096K)->872K(4096K)
[346.263s][info][gc,heap        ] GC(697) ParOldGen: 499268K(499712K)->499284K(499712K)
[346.263s][info][gc,metaspace   ] GC(697) Metaspace: 57301K(57664K)->57301K(57664K) NonClass: 49018K(49280K)->49018K(49280K) Class: 8282K(8384K)->8282K(8384K)
[346.263s][info][gc             ] GC(697) Pause Young (Allocation Failure) 696M->488M(700M) 2.968ms
[346.263s][info][gc,cpu         ] GC(697) User=0.01s Sys=0.00s Real=0.00s
[346.770s][info][gc,start       ] GC(698) Pause Young (Allocation Failure)
[346.774s][info][gc,heap        ] GC(698) PSYoungGen: 214376K(217600K)->1376K(258048K) Eden: 213504K(213504K)->0K(254976K) From: 872K(4096K)->1376K(3072K)
[346.774s][info][gc,heap        ] GC(698) ParOldGen: 499284K(499712K)->499300K(499712K)
[346.774s][info][gc,metaspace   ] GC(698) Metaspace: 57301K(57664K)->57301K(57664K) NonClass: 49018K(49280K)->49018K(49280K) Class: 8282K(8384K)->8282K(8384K)
[346.774s][info][gc             ] GC(698) Pause Young (Allocation Failure) 696M->488M(740M) 4.317ms
[346.774s][info][gc,cpu         ] GC(698) User=0.01s Sys=0.01s Real=0.00s
[347.394s][info][gc,start       ] GC(699) Pause Young (Allocation Failure)
[347.397s][info][gc,heap        ] GC(699) PSYoungGen: 256352K(258048K)->1152K(258560K) Eden: 254976K(254976K)->0K(254976K) From: 1376K(3072K)->1152K(3584K)
[347.397s][info][gc,heap        ] GC(699) ParOldGen: 499300K(499712K)->499316K(499712K)
[347.397s][info][gc,metaspace   ] GC(699) Metaspace: 57301K(57664K)->57301K(57664K) NonClass: 49018K(49280K)->49018K(49280K) Class: 8282K(8384K)->8282K(8384K)
[347.397s][info][gc             ] GC(699) Pause Young (Allocation Failure) 737M->488M(740M) 3.849ms
[347.398s][info][gc,cpu         ] GC(699) User=0.00s Sys=0.00s Real=0.01s
[348.032s][info][gc,start       ] GC(700) Pause Young (Allocation Failure)
[348.037s][info][gc,heap        ] GC(700) PSYoungGen: 256128K(258560K)->2558K(307200K) Eden: 254976K(254976K)->0K(303616K) From: 1152K(3584K)->2558K(3584K)
[348.037s][info][gc,heap        ] GC(700) ParOldGen: 499316K(499712K)->499332K(499712K)
[348.037s][info][gc,metaspace   ] GC(700) Metaspace: 57301K(57664K)->57301K(57664K) NonClass: 49018K(49280K)->49018K(49280K) Class: 8282K(8384K)->8282K(8384K)
[348.037s][info][gc             ] GC(700) Pause Young (Allocation Failure) 737M->490M(788M) 5.576ms
[348.037s][info][gc,cpu         ] GC(700) User=0.01s Sys=0.00s Real=0.01s
[348.762s][info][gc,start       ] GC(701) Pause Young (Allocation Failure)
[348.765s][info][gc,heap        ] GC(701) PSYoungGen: 306174K(307200K)->597K(292352K) Eden: 303616K(303616K)->0K(291328K) From: 2558K(3584K)->597K(1024K)
[348.765s][info][gc,heap        ] GC(701) ParOldGen: 499332K(499712K)->499348K(499712K)
[348.765s][info][gc,metaspace   ] GC(701) Metaspace: 57301K(57664K)->57301K(57664K) NonClass: 49018K(49280K)->49018K(49280K) Class: 8282K(8384K)->8282K(8384K)
[348.765s][info][gc             ] GC(701) Pause Young (Allocation Failure) 786M->488M(773M) 2.914ms
[348.765s][info][gc,cpu         ] GC(701) User=0.00s Sys=0.01s Real=0.00s
[349.465s][info][gc,start       ] GC(702) Pause Young (Allocation Failure)
[349.469s][info][gc,heap        ] GC(702) PSYoungGen: 291925K(292352K)->928K(280576K) Eden: 291328K(291328K)->0K(279552K) From: 597K(1024K)->928K(1024K)
[349.469s][info][gc,heap        ] GC(702) ParOldGen: 499348K(499712K)->499364K(499712K)
[349.469s][info][gc,metaspace   ] GC(702) Metaspace: 57301K(57664K)->57301K(57664K) NonClass: 49018K(49280K)->49018K(49280K) Class: 8282K(8384K)->8282K(8384K)
[349.469s][info][gc             ] GC(702) Pause Young (Allocation Failure) 772M->488M(762M) 4.460ms
[349.469s][info][gc,cpu         ] GC(702) User=0.01s Sys=0.00s Real=0.01s
[350.158s][info][gc,start       ] GC(703) Pause Young (Allocation Failure)
[350.161s][info][gc,heap        ] GC(703) PSYoungGen: 280480K(280576K)->457K(269312K) Eden: 279552K(279552K)->0K(268800K) From: 928K(1024K)->457K(512K)
[350.161s][info][gc,heap        ] GC(703) ParOldGen: 499364K(499712K)->499380K(499712K)
[350.161s][info][gc,metaspace   ] GC(703) Metaspace: 57301K(57664K)->57301K(57664K) NonClass: 49018K(49280K)->49018K(49280K) Class: 8282K(8384K)->8282K(8384K)
[350.161s][info][gc             ] GC(703) Pause Young (Allocation Failure) 761M->488M(751M) 2.534ms
[350.161s][info][gc,cpu         ] GC(703) User=0.00s Sys=0.00s Real=0.00s
[350.783s][info][gc,start       ] GC(704) Pause Young (Allocation Failure)
[350.788s][info][gc,heap        ] GC(704) PSYoungGen: 269257K(269312K)->2112K(261120K) Eden: 268800K(268800K)->0K(258560K) From: 457K(512K)->2112K(2560K)
[350.788s][info][gc,heap        ] GC(704) ParOldGen: 499380K(499712K)->499396K(499712K)
[350.788s][info][gc,metaspace   ] GC(704) Metaspace: 57301K(57664K)->57301K(57664K) NonClass: 49018K(49280K)->49018K(49280K) Class: 8282K(8384K)->8282K(8384K)
[350.788s][info][gc             ] GC(704) Pause Young (Allocation Failure) 750M->489M(743M) 5.473ms
[350.788s][info][gc,cpu         ] GC(704) User=0.01s Sys=0.00s Real=0.01s
[351.412s][info][gc,start       ] GC(705) Pause Young (Allocation Failure)
[351.440s][info][gc,heap        ] GC(705) PSYoungGen: 260672K(261120K)->1055K(300544K) Eden: 258560K(258560K)->0K(296960K) From: 2112K(2560K)->1055K(3584K)
[351.440s][info][gc,heap        ] GC(705) ParOldGen: 499396K(499712K)->499412K(499712K)
[351.440s][info][gc,metaspace   ] GC(705) Metaspace: 57301K(57664K)->57301K(57664K) NonClass: 49018K(49280K)->49018K(49280K) Class: 8282K(8384K)->8282K(8384K)
[351.440s][info][gc             ] GC(705) Pause Young (Allocation Failure) 742M->488M(781M) 28.141ms
[351.440s][info][gc,cpu         ] GC(705) User=0.03s Sys=0.00s Real=0.03s
[352.165s][info][gc,start       ] GC(706) Pause Young (Allocation Failure)
[352.179s][info][gc,heap        ] GC(706) PSYoungGen: 298015K(300544K)->1344K(312832K) Eden: 296960K(296960K)->0K(309248K) From: 1055K(3584K)->1344K(3584K)
[352.179s][info][gc,heap        ] GC(706) ParOldGen: 499412K(499712K)->499428K(499712K)
[352.179s][info][gc,metaspace   ] GC(706) Metaspace: 57301K(57664K)->57301K(57664K) NonClass: 49018K(49280K)->49018K(49280K) Class: 8282K(8384K)->8282K(8384K)
[352.179s][info][gc             ] GC(706) Pause Young (Allocation Failure) 778M->489M(793M) 14.498ms
[352.179s][info][gc,cpu         ] GC(706) User=0.01s Sys=0.00s Real=0.02s
[352.892s][info][gc,start       ] GC(707) Pause Young (Allocation Failure)
[352.898s][info][gc,heap        ] GC(707) PSYoungGen: 310592K(312832K)->2622K(312320K) Eden: 309248K(309248K)->0K(309248K) From: 1344K(3584K)->2622K(3072K)
[352.898s][info][gc,heap        ] GC(707) ParOldGen: 499428K(499712K)->499444K(499712K)
[352.898s][info][gc,metaspace   ] GC(707) Metaspace: 57301K(57664K)->57301K(57664K) NonClass: 49018K(49280K)->49018K(49280K) Class: 8282K(8384K)->8282K(8384K)
[352.898s][info][gc             ] GC(707) Pause Young (Allocation Failure) 791M->490M(793M) 5.758ms
[352.898s][info][gc,cpu         ] GC(707) User=0.01s Sys=0.00s Real=0.01s
[353.666s][info][gc,start       ] GC(708) Pause Young (Allocation Failure)
[353.669s][info][gc,heap        ] GC(708) PSYoungGen: 311668K(312320K)->1566K(330240K) Eden: 309046K(309248K)->0K(326656K) From: 2622K(3072K)->1566K(3584K)
[353.670s][info][gc,heap        ] GC(708) ParOldGen: 499444K(499712K)->499460K(499712K)
[353.670s][info][gc,metaspace   ] GC(708) Metaspace: 57301K(57664K)->57301K(57664K) NonClass: 49018K(49280K)->49018K(49280K) Class: 8282K(8384K)->8282K(8384K)
[353.670s][info][gc             ] GC(708) Pause Young (Allocation Failure) 792M->489M(810M) 3.936ms
[353.670s][info][gc,cpu         ] GC(708) User=0.00s Sys=0.00s Real=0.01s
[354.465s][info][gc,start       ] GC(709) Pause Young (Allocation Failure)
[354.468s][info][gc,heap        ] GC(709) PSYoungGen: 328222K(330240K)->1310K(330240K) Eden: 326656K(326656K)->0K(326656K) From: 1566K(3584K)->1310K(3584K)
[354.469s][info][gc,heap        ] GC(709) ParOldGen: 499460K(499712K)->499476K(499712K)
[354.469s][info][gc,metaspace   ] GC(709) Metaspace: 57301K(57664K)->57301K(57664K) NonClass: 49018K(49280K)->49018K(49280K) Class: 8282K(8384K)->8282K(8384K)
[354.469s][info][gc             ] GC(709) Pause Young (Allocation Failure) 808M->489M(810M) 3.309ms
[354.469s][info][gc,cpu         ] GC(709) User=0.00s Sys=0.00s Real=0.01s
[355.260s][info][gc,start       ] GC(710) Pause Young (Allocation Failure)
[355.263s][info][gc,heap        ] GC(710) PSYoungGen: 327966K(330240K)->672K(314368K) Eden: 326656K(326656K)->0K(313344K) From: 1310K(3584K)->672K(1024K)
[355.263s][info][gc,heap        ] GC(710) ParOldGen: 499476K(499712K)->499492K(499712K)
[355.263s][info][gc,metaspace   ] GC(710) Metaspace: 57301K(57664K)->57301K(57664K) NonClass: 49018K(49280K)->49018K(49280K) Class: 8282K(8384K)->8282K(8384K)
[355.263s][info][gc             ] GC(710) Pause Young (Allocation Failure) 808M->488M(795M) 2.891ms
[355.263s][info][gc,cpu         ] GC(710) User=0.01s Sys=0.00s Real=0.00s
[355.984s][info][gc,start       ] GC(711) Pause Young (Allocation Failure)
[355.989s][info][gc,heap        ] GC(711) PSYoungGen: 313776K(314368K)->2080K(303104K) Eden: 313104K(313344K)->0K(300544K) From: 672K(1024K)->2080K(2560K)
[355.989s][info][gc,heap        ] GC(711) ParOldGen: 499492K(499712K)->499508K(499712K)
[355.989s][info][gc,metaspace   ] GC(711) Metaspace: 57301K(57664K)->57301K(57664K) NonClass: 49018K(49280K)->49018K(49280K) Class: 8282K(8384K)->8282K(8384K)
[355.989s][info][gc             ] GC(711) Pause Young (Allocation Failure) 794M->489M(784M) 5.220ms
[355.989s][info][gc,cpu         ] GC(711) User=0.01s Sys=0.00s Real=0.01s
[356.805s][info][gc,start       ] GC(712) Pause Young (Allocation Failure)
[356.808s][info][gc,heap        ] GC(712) PSYoungGen: 302388K(303104K)->1087K(290304K) Eden: 300308K(300544K)->0K(288768K) From: 2080K(2560K)->1087K(1536K)
[356.808s][info][gc,heap        ] GC(712) ParOldGen: 499508K(499712K)->499524K(499712K)
[356.808s][info][gc,metaspace   ] GC(712) Metaspace: 57301K(57664K)->57301K(57664K) NonClass: 49018K(49280K)->49018K(49280K) Class: 8282K(8384K)->8282K(8384K)
[356.808s][info][gc             ] GC(712) Pause Young (Allocation Failure) 783M->488M(771M) 3.576ms
[356.808s][info][gc,cpu         ] GC(712) User=0.00s Sys=0.00s Real=0.01s
[357.503s][info][gc,start       ] GC(713) Pause Young (Allocation Failure)
[357.506s][info][gc,heap        ] GC(713) PSYoungGen: 289672K(290304K)->1119K(279040K) Eden: 288585K(288768K)->0K(277504K) From: 1087K(1536K)->1119K(1536K)
[357.506s][info][gc,heap        ] GC(713) ParOldGen: 499524K(499712K)->499540K(499712K)
[357.506s][info][gc,metaspace   ] GC(713) Metaspace: 57301K(57664K)->57301K(57664K) NonClass: 49018K(49280K)->49018K(49280K) Class: 8282K(8384K)->8282K(8384K)
[357.506s][info][gc             ] GC(713) Pause Young (Allocation Failure) 770M->488M(760M) 3.228ms
[357.506s][info][gc,cpu         ] GC(713) User=0.01s Sys=0.00s Real=0.01s
[358.194s][info][gc,start       ] GC(714) Pause Young (Allocation Failure)
[358.198s][info][gc,heap        ] GC(714) PSYoungGen: 278623K(279040K)->2016K(268800K) Eden: 277504K(277504K)->0K(266752K) From: 1119K(1536K)->2016K(2048K)
[358.198s][info][gc,heap        ] GC(714) ParOldGen: 499540K(499712K)->499556K(499712K)
[358.198s][info][gc,metaspace   ] GC(714) Metaspace: 57301K(57664K)->57301K(57664K) NonClass: 49018K(49280K)->49018K(49280K) Class: 8282K(8384K)->8282K(8384K)
[358.198s][info][gc             ] GC(714) Pause Young (Allocation Failure) 759M->489M(750M) 4.831ms
[358.198s][info][gc,cpu         ] GC(714) User=0.00s Sys=0.00s Real=0.01s
[358.866s][info][gc,start       ] GC(715) Pause Young (Allocation Failure)
[358.869s][info][gc,heap        ] GC(715) PSYoungGen: 268768K(268800K)->1119K(258048K) Eden: 266752K(266752K)->0K(256512K) From: 2016K(2048K)->1119K(1536K)
[358.869s][info][gc,heap        ] GC(715) ParOldGen: 499556K(499712K)->499572K(499712K)
[358.869s][info][gc,metaspace   ] GC(715) Metaspace: 57301K(57664K)->57301K(57664K) NonClass: 49018K(49280K)->49018K(49280K) Class: 8282K(8384K)->8282K(8384K)
[358.869s][info][gc             ] GC(715) Pause Young (Allocation Failure) 750M->488M(740M) 3.554ms
[358.869s][info][gc,cpu         ] GC(715) User=0.00s Sys=0.00s Real=0.00s
[359.473s][info][gc,start       ] GC(716) Pause Young (Allocation Failure)
[359.477s][info][gc,heap        ] GC(716) PSYoungGen: 257561K(258048K)->1600K(248832K) Eden: 256441K(256512K)->0K(246784K) From: 1119K(1536K)->1600K(2048K)
[359.477s][info][gc,heap        ] GC(716) ParOldGen: 499572K(499712K)->499588K(499712K)
[359.477s][info][gc,metaspace   ] GC(716) Metaspace: 57301K(57664K)->57301K(57664K) NonClass: 49018K(49280K)->49018K(49280K) Class: 8282K(8384K)->8282K(8384K)
[359.477s][info][gc             ] GC(716) Pause Young (Allocation Failure) 739M->489M(731M) 4.259ms
[359.477s][info][gc,cpu         ] GC(716) User=0.01s Sys=0.00s Real=0.01s
[360.078s][info][gc,start       ] GC(717) Pause Young (Allocation Failure)
[360.082s][info][gc,heap        ] GC(717) PSYoungGen: 248089K(248832K)->1344K(239104K) Eden: 246489K(246784K)->0K(237568K) From: 1600K(2048K)->1344K(1536K)
[360.082s][info][gc,heap        ] GC(717) ParOldGen: 499588K(499712K)->499604K(499712K)
[360.082s][info][gc,metaspace   ] GC(717) Metaspace: 57301K(57664K)->57301K(57664K) NonClass: 49018K(49280K)->49018K(49280K) Class: 8282K(8384K)->8282K(8384K)
[360.082s][info][gc             ] GC(717) Pause Young (Allocation Failure) 730M->489M(721M) 3.856ms
[360.082s][info][gc,cpu         ] GC(717) User=0.01s Sys=0.00s Real=0.00s
[360.666s][info][gc,start       ] GC(718) Pause Young (Allocation Failure)
[360.669s][info][gc,heap        ] GC(718) PSYoungGen: 238912K(239104K)->1343K(229888K) Eden: 237568K(237568K)->0K(228352K) From: 1344K(1536K)->1343K(1536K)
[360.669s][info][gc,heap        ] GC(718) ParOldGen: 499604K(499712K)->499620K(499712K)
[360.669s][info][gc,metaspace   ] GC(718) Metaspace: 57301K(57664K)->57301K(57664K) NonClass: 49018K(49280K)->49018K(49280K) Class: 8282K(8384K)->8282K(8384K)
[360.669s][info][gc             ] GC(718) Pause Young (Allocation Failure) 721M->489M(712M) 3.788ms
[360.669s][info][gc,cpu         ] GC(718) User=0.01s Sys=0.00s Real=0.01s
[361.194s][info][gc,start       ] GC(719) Pause Young (Allocation Failure)
[361.200s][info][gc,heap        ] GC(719) PSYoungGen: 229695K(229888K)->2622K(222720K) Eden: 228352K(228352K)->0K(219648K) From: 1343K(1536K)->2622K(3072K)
[361.200s][info][gc,heap        ] GC(719) ParOldGen: 499620K(499712K)->499636K(499712K)
[361.200s][info][gc,metaspace   ] GC(719) Metaspace: 57301K(57664K)->57301K(57664K) NonClass: 49018K(49280K)->49018K(49280K) Class: 8282K(8384K)->8282K(8384K)
[361.200s][info][gc             ] GC(719) Pause Young (Allocation Failure) 712M->490M(705M) 5.471ms
[361.200s][info][gc,cpu         ] GC(719) User=0.01s Sys=0.00s Real=0.01s
[361.755s][info][gc,start       ] GC(720) Pause Young (Allocation Failure)
[361.758s][info][gc,heap        ] GC(720) PSYoungGen: 222270K(222720K)->575K(212480K) Eden: 219648K(219648K)->0K(211456K) From: 2622K(3072K)->575K(1024K)
[361.758s][info][gc,heap        ] GC(720) ParOldGen: 499636K(499712K)->499652K(499712K)
[361.758s][info][gc,metaspace   ] GC(720) Metaspace: 57301K(57664K)->57301K(57664K) NonClass: 49018K(49280K)->49018K(49280K) Class: 8282K(8384K)->8282K(8384K)
[361.758s][info][gc             ] GC(720) Pause Young (Allocation Failure) 704M->488M(695M) 2.379ms
[361.758s][info][gc,cpu         ] GC(720) User=0.01s Sys=0.00s Real=0.01s
[362.263s][info][gc,start       ] GC(721) Pause Young (Allocation Failure)
[362.266s][info][gc,heap        ] GC(721) PSYoungGen: 212031K(212480K)->926K(204800K) Eden: 211456K(211456K)->0K(203776K) From: 575K(1024K)->926K(1024K)
[362.266s][info][gc,heap        ] GC(721) ParOldGen: 499652K(499712K)->499668K(499712K)
[362.266s][info][gc,metaspace   ] GC(721) Metaspace: 57301K(57664K)->57301K(57664K) NonClass: 49018K(49280K)->49018K(49280K) Class: 8282K(8384K)->8282K(8384K)
[362.266s][info][gc             ] GC(721) Pause Young (Allocation Failure) 695M->488M(688M) 3.108ms
[362.266s][info][gc,cpu         ] GC(721) User=0.01s Sys=0.00s Real=0.01s
[362.758s][info][gc,start       ] GC(722) Pause Young (Allocation Failure)
[362.761s][info][gc,heap        ] GC(722) PSYoungGen: 204702K(204800K)->735K(197632K) Eden: 203776K(203776K)->0K(196608K) From: 926K(1024K)->735K(1024K)
[362.761s][info][gc,heap        ] GC(722) ParOldGen: 499668K(499712K)->499684K(499712K)
[362.761s][info][gc,metaspace   ] GC(722) Metaspace: 57301K(57664K)->57301K(57664K) NonClass: 49018K(49280K)->49018K(49280K) Class: 8282K(8384K)->8282K(8384K)
[362.761s][info][gc             ] GC(722) Pause Young (Allocation Failure) 687M->488M(681M) 2.641ms
[362.761s][info][gc,cpu         ] GC(722) User=0.01s Sys=0.00s Real=0.00s
[363.266s][info][gc,start       ] GC(723) Pause Young (Allocation Failure)
[363.269s][info][gc,heap        ] GC(723) PSYoungGen: 197207K(197632K)->1184K(190976K) Eden: 196471K(196608K)->0K(189440K) From: 735K(1024K)->1184K(1536K)
[363.269s][info][gc,heap        ] GC(723) ParOldGen: 499684K(499712K)->499700K(499712K)
[363.269s][info][gc,metaspace   ] GC(723) Metaspace: 57301K(57664K)->57301K(57664K) NonClass: 49018K(49280K)->49018K(49280K) Class: 8282K(8384K)->8282K(8384K)
[363.269s][info][gc             ] GC(723) Pause Young (Allocation Failure) 680M->489M(674M) 3.620ms
[363.269s][info][gc,cpu         ] GC(723) User=0.01s Sys=0.00s Real=0.01s
[363.678s][info][gc,start       ] GC(724) Pause Young (Allocation Failure)
[363.682s][info][gc,heap        ] GC(724) PSYoungGen: 190624K(190976K)->1760K(184832K) Eden: 189440K(189440K)->0K(182784K) From: 1184K(1536K)->1760K(2048K)
[363.682s][info][gc,heap        ] GC(724) ParOldGen: 499700K(499712K)->499716K(500224K)
[363.682s][info][gc,metaspace   ] GC(724) Metaspace: 57301K(57664K)->57301K(57664K) NonClass: 49018K(49280K)->49018K(49280K) Class: 8282K(8384K)->8282K(8384K)
[363.682s][info][gc             ] GC(724) Pause Young (Allocation Failure) 674M->489M(669M) 4.365ms
[363.683s][info][gc,cpu         ] GC(724) User=0.01s Sys=0.00s Real=0.00s
[364.133s][info][gc,start       ] GC(725) Pause Young (Allocation Failure)
[364.140s][info][gc,heap        ] GC(725) PSYoungGen: 184544K(184832K)->256K(177152K) Eden: 182784K(182784K)->0K(176640K) From: 1760K(2048K)->256K(512K)
[364.140s][info][gc,heap        ] GC(725) ParOldGen: 499716K(500224K)->499732K(500224K)
[364.140s][info][gc,metaspace   ] GC(725) Metaspace: 57301K(57664K)->57301K(57664K) NonClass: 49018K(49280K)->49018K(49280K) Class: 8282K(8384K)->8282K(8384K)
[364.140s][info][gc             ] GC(725) Pause Young (Allocation Failure) 668M->488M(661M) 7.318ms
[364.140s][info][gc,cpu         ] GC(725) User=0.01s Sys=0.00s Real=0.01s
[364.568s][info][gc,start       ] GC(726) Pause Young (Allocation Failure)
[364.571s][info][gc,heap        ] GC(726) PSYoungGen: 176896K(177152K)->1470K(172032K) Eden: 176640K(176640K)->0K(170496K) From: 256K(512K)->1470K(1536K)
[364.571s][info][gc,heap        ] GC(726) ParOldGen: 499732K(500224K)->499748K(500224K)
[364.571s][info][gc,metaspace   ] GC(726) Metaspace: 57301K(57664K)->57301K(57664K) NonClass: 49018K(49280K)->49018K(49280K) Class: 8282K(8384K)->8282K(8384K)
[364.571s][info][gc             ] GC(726) Pause Young (Allocation Failure) 660M->489M(656M) 3.206ms
[364.571s][info][gc,cpu         ] GC(726) User=0.00s Sys=0.00s Real=0.00s
[364.969s][info][gc,start       ] GC(727) Pause Young (Allocation Failure)
[364.973s][info][gc,heap        ] GC(727) PSYoungGen: 171966K(172032K)->1535K(166400K) Eden: 170496K(170496K)->0K(164864K) From: 1470K(1536K)->1535K(1536K)
[364.973s][info][gc,heap        ] GC(727) ParOldGen: 499748K(500224K)->499764K(500224K)
[364.973s][info][gc,metaspace   ] GC(727) Metaspace: 57301K(57664K)->57301K(57664K) NonClass: 49018K(49280K)->49018K(49280K) Class: 8282K(8384K)->8282K(8384K)
[364.973s][info][gc             ] GC(727) Pause Young (Allocation Failure) 655M->489M(651M) 3.766ms
[364.973s][info][gc,cpu         ] GC(727) User=0.01s Sys=0.00s Real=0.00s
[365.372s][info][gc,start       ] GC(728) Pause Young (Allocation Failure)
[365.376s][info][gc,heap        ] GC(728) PSYoungGen: 166399K(166400K)->1631K(161280K) Eden: 164864K(164864K)->0K(159232K) From: 1535K(1536K)->1631K(2048K)
[365.376s][info][gc,heap        ] GC(728) ParOldGen: 499764K(500224K)->499780K(500224K)
[365.376s][info][gc,metaspace   ] GC(728) Metaspace: 57301K(57664K)->57301K(57664K) NonClass: 49018K(49280K)->49018K(49280K) Class: 8282K(8384K)->8282K(8384K)
[365.376s][info][gc             ] GC(728) Pause Young (Allocation Failure) 650M->489M(646M) 3.839ms
[365.376s][info][gc,cpu         ] GC(728) User=0.00s Sys=0.00s Real=0.01s
[365.764s][info][gc,start       ] GC(729) Pause Young (Allocation Failure)
[365.767s][info][gc,heap        ] GC(729) PSYoungGen: 160863K(161280K)->1055K(155648K) Eden: 159232K(159232K)->0K(154112K) From: 1631K(2048K)->1055K(1536K)
[365.767s][info][gc,heap        ] GC(729) ParOldGen: 499780K(500224K)->499796K(500224K)
[365.767s][info][gc,metaspace   ] GC(729) Metaspace: 57301K(57664K)->57301K(57664K) NonClass: 49018K(49280K)->49018K(49280K) Class: 8282K(8384K)->8282K(8384K)
[365.767s][info][gc             ] GC(729) Pause Young (Allocation Failure) 645M->489M(640M) 3.065ms
[365.767s][info][gc,cpu         ] GC(729) User=0.00s Sys=0.00s Real=0.01s
[366.157s][info][gc,start       ] GC(730) Pause Young (Allocation Failure)
[366.159s][info][gc,heap        ] GC(730) PSYoungGen: 155167K(155648K)->336K(149504K) Eden: 154112K(154112K)->0K(148992K) From: 1055K(1536K)->336K(512K)
[366.159s][info][gc,heap        ] GC(730) ParOldGen: 499796K(500224K)->499812K(500224K)
[366.159s][info][gc,metaspace   ] GC(730) Metaspace: 57301K(57664K)->57301K(57664K) NonClass: 49018K(49280K)->49018K(49280K) Class: 8282K(8384K)->8282K(8384K)
[366.159s][info][gc             ] GC(730) Pause Young (Allocation Failure) 639M->488M(634M) 2.425ms
[366.159s][info][gc,cpu         ] GC(730) User=0.00s Sys=0.00s Real=0.00s
[366.546s][info][gc,start       ] GC(731) Pause Young (Allocation Failure)
[366.551s][info][gc,heap        ] GC(731) PSYoungGen: 149328K(149504K)->2304K(147456K) Eden: 148992K(148992K)->0K(144384K) From: 336K(512K)->2304K(3072K)
[366.551s][info][gc,heap        ] GC(731) ParOldGen: 499812K(500224K)->499828K(500224K)
[366.551s][info][gc,metaspace   ] GC(731) Metaspace: 57301K(57664K)->57301K(57664K) NonClass: 49018K(49280K)->49018K(49280K) Class: 8282K(8384K)->8282K(8384K)
[366.551s][info][gc             ] GC(731) Pause Young (Allocation Failure) 633M->490M(632M) 4.929ms
[366.551s][info][gc,cpu         ] GC(731) User=0.01s Sys=0.00s Real=0.00s
[366.863s][info][gc,start       ] GC(732) Pause Young (Allocation Failure)
[366.866s][info][gc,heap        ] GC(732) PSYoungGen: 146478K(147456K)->864K(140800K) Eden: 144174K(144384K)->0K(139776K) From: 2304K(3072K)->864K(1024K)
[366.866s][info][gc,heap        ] GC(732) ParOldGen: 499828K(500224K)->499844K(500224K)
[366.866s][info][gc,metaspace   ] GC(732) Metaspace: 57301K(57664K)->57301K(57664K) NonClass: 49018K(49280K)->49018K(49280K) Class: 8282K(8384K)->8282K(8384K)
[366.866s][info][gc             ] GC(732) Pause Young (Allocation Failure) 631M->488M(626M) 3.166ms
[366.866s][info][gc,cpu         ] GC(732) User=0.01s Sys=0.00s Real=0.01s
[367.181s][info][gc,start       ] GC(733) Pause Young (Allocation Failure)
[367.185s][info][gc,heap        ] GC(733) PSYoungGen: 140640K(140800K)->2175K(169472K) Eden: 139776K(139776K)->0K(166912K) From: 864K(1024K)->2175K(2560K)
[367.185s][info][gc,heap        ] GC(733) ParOldGen: 499844K(500224K)->499860K(500224K)
[367.185s][info][gc,metaspace   ] GC(733) Metaspace: 57301K(57664K)->57301K(57664K) NonClass: 49018K(49280K)->49018K(49280K) Class: 8282K(8384K)->8282K(8384K)
[367.185s][info][gc             ] GC(733) Pause Young (Allocation Failure) 625M->490M(654M) 4.452ms
[367.185s][info][gc,cpu         ] GC(733) User=0.01s Sys=0.00s Real=0.00s
[367.587s][info][gc,start       ] GC(734) Pause Young (Allocation Failure)
[367.591s][info][gc,heap        ] GC(734) PSYoungGen: 168822K(169472K)->1568K(201216K) Eden: 166646K(166912K)->0K(199168K) From: 2175K(2560K)->1568K(2048K)
[367.591s][info][gc,heap        ] GC(734) ParOldGen: 499860K(500224K)->499876K(500224K)
[367.591s][info][gc,metaspace   ] GC(734) Metaspace: 57301K(57664K)->57301K(57664K) NonClass: 49018K(49280K)->49018K(49280K) Class: 8282K(8384K)->8282K(8384K)
[367.591s][info][gc             ] GC(734) Pause Young (Allocation Failure) 653M->489M(685M) 4.134ms
[367.591s][info][gc,cpu         ] GC(734) User=0.01s Sys=0.00s Real=0.00s
[368.080s][info][gc,start       ] GC(735) Pause Young (Allocation Failure)
[368.084s][info][gc,heap        ] GC(735) PSYoungGen: 200736K(201216K)->1983K(194048K) Eden: 199168K(199168K)->0K(192000K) From: 1568K(2048K)->1983K(2048K)
[368.084s][info][gc,heap        ] GC(735) ParOldGen: 499876K(500224K)->499892K(500224K)
[368.084s][info][gc,metaspace   ] GC(735) Metaspace: 57301K(57664K)->57301K(57664K) NonClass: 49018K(49280K)->49018K(49280K) Class: 8282K(8384K)->8282K(8384K)
[368.084s][info][gc             ] GC(735) Pause Young (Allocation Failure) 684M->490M(678M) 4.211ms
[368.084s][info][gc,cpu         ] GC(735) User=0.00s Sys=0.00s Real=0.00s
[368.561s][info][gc,start       ] GC(736) Pause Young (Allocation Failure)
[368.564s][info][gc,heap        ] GC(736) PSYoungGen: 193983K(194048K)->576K(186368K) Eden: 192000K(192000K)->0K(185344K) From: 1983K(2048K)->576K(1024K)
[368.564s][info][gc,heap        ] GC(736) ParOldGen: 499892K(500224K)->499908K(500224K)
[368.564s][info][gc,metaspace   ] GC(736) Metaspace: 57301K(57664K)->57301K(57664K) NonClass: 49018K(49280K)->49018K(49280K) Class: 8282K(8384K)->8282K(8384K)
[368.564s][info][gc             ] GC(736) Pause Young (Allocation Failure) 677M->488M(670M) 2.723ms
[368.564s][info][gc,cpu         ] GC(736) User=0.01s Sys=0.00s Real=0.00s
[368.980s][info][gc,start       ] GC(737) Pause Young (Allocation Failure)
[368.985s][info][gc,heap        ] GC(737) PSYoungGen: 185920K(186368K)->2335K(181248K) Eden: 185344K(185344K)->0K(178688K) From: 576K(1024K)->2335K(2560K)
[368.985s][info][gc,heap        ] GC(737) ParOldGen: 499908K(500224K)->499924K(500224K)
[368.985s][info][gc,metaspace   ] GC(737) Metaspace: 57301K(57664K)->57301K(57664K) NonClass: 49018K(49280K)->49018K(49280K) Class: 8282K(8384K)->8282K(8384K)
[368.985s][info][gc             ] GC(737) Pause Young (Allocation Failure) 669M->490M(665M) 4.558ms
[368.985s][info][gc,cpu         ] GC(737) User=0.01s Sys=0.00s Real=0.00s
[369.404s][info][gc,start       ] GC(738) Pause Young (Allocation Failure)
[369.407s][info][gc,heap        ] GC(738) PSYoungGen: 181023K(181248K)->831K(173568K) Eden: 178688K(178688K)->0K(172544K) From: 2335K(2560K)->831K(1024K)
[369.407s][info][gc,heap        ] GC(738) ParOldGen: 499924K(500224K)->499940K(500224K)
[369.407s][info][gc,metaspace   ] GC(738) Metaspace: 57301K(57664K)->57301K(57664K) NonClass: 49018K(49280K)->49018K(49280K) Class: 8282K(8384K)->8282K(8384K)
[369.407s][info][gc             ] GC(738) Pause Young (Allocation Failure) 664M->489M(658M) 2.719ms
[369.407s][info][gc,cpu         ] GC(738) User=0.00s Sys=0.00s Real=0.01s
[369.862s][info][gc,start       ] GC(739) Pause Young (Allocation Failure)
[369.865s][info][gc,heap        ] GC(739) PSYoungGen: 173208K(173568K)->736K(169984K) Eden: 172377K(172544K)->0K(166400K) From: 831K(1024K)->736K(3584K)
[369.865s][info][gc,heap        ] GC(739) ParOldGen: 499940K(500224K)->499956K(500224K)
[369.865s][info][gc,metaspace   ] GC(739) Metaspace: 57303K(57664K)->57303K(57664K) NonClass: 49020K(49280K)->49020K(49280K) Class: 8282K(8384K)->8282K(8384K)
[369.865s][info][gc             ] GC(739) Pause Young (Allocation Failure) 657M->488M(654M) 2.869ms
[369.865s][info][gc,cpu         ] GC(739) User=0.00s Sys=0.00s Real=0.00s
[370.313s][info][gc,start       ] GC(740) Pause Young (Allocation Failure)
[370.315s][info][gc,heap        ] GC(740) PSYoungGen: 167136K(169984K)->831K(161792K) Eden: 166400K(166400K)->0K(160768K) From: 736K(3584K)->831K(1024K)
[370.315s][info][gc,heap        ] GC(740) ParOldGen: 499956K(500224K)->499972K(500224K)
[370.315s][info][gc,metaspace   ] GC(740) Metaspace: 57303K(57664K)->57303K(57664K) NonClass: 49020K(49280K)->49020K(49280K) Class: 8282K(8384K)->8282K(8384K)
[370.315s][info][gc             ] GC(740) Pause Young (Allocation Failure) 651M->489M(646M) 2.716ms
[370.316s][info][gc,cpu         ] GC(740) User=0.01s Sys=0.00s Real=0.00s
[370.658s][info][gc,start       ] GC(741) Pause Young (Allocation Failure)
[370.660s][info][gc,heap        ] GC(741) PSYoungGen: 161599K(161792K)->467K(155648K) Eden: 160768K(160768K)->0K(155136K) From: 831K(1024K)->467K(512K)
[370.660s][info][gc,heap        ] GC(741) ParOldGen: 499972K(500224K)->499988K(500224K)
[370.660s][info][gc,metaspace   ] GC(741) Metaspace: 57303K(57664K)->57303K(57664K) NonClass: 49020K(49280K)->49020K(49280K) Class: 8282K(8384K)->8282K(8384K)
[370.660s][info][gc             ] GC(741) Pause Young (Allocation Failure) 646M->488M(640M) 2.453ms
[370.660s][info][gc,cpu         ] GC(741) User=0.01s Sys=0.00s Real=0.00s
[370.991s][info][gc,start       ] GC(742) Pause Young (Allocation Failure)
[370.995s][info][gc,heap        ] GC(742) PSYoungGen: 155325K(155648K)->1536K(151552K) Eden: 154858K(155136K)->0K(150016K) From: 467K(512K)->1536K(1536K)
[370.995s][info][gc,heap        ] GC(742) ParOldGen: 499988K(500224K)->500004K(500224K)
[370.995s][info][gc,metaspace   ] GC(742) Metaspace: 57303K(57664K)->57303K(57664K) NonClass: 49020K(49280K)->49020K(49280K) Class: 8282K(8384K)->8282K(8384K)
[370.995s][info][gc             ] GC(742) Pause Young (Allocation Failure) 639M->489M(636M) 4.102ms
[370.995s][info][gc,cpu         ] GC(742) User=0.00s Sys=0.00s Real=0.00s
[371.452s][info][gc,start       ] GC(743) Pause Young (Allocation Failure)
[371.457s][info][gc,heap        ] GC(743) PSYoungGen: 151552K(151552K)->1887K(146944K) Eden: 150016K(150016K)->0K(144896K) From: 1536K(1536K)->1887K(2048K)
[371.457s][info][gc,heap        ] GC(743) ParOldGen: 500004K(500224K)->500020K(500224K)
[371.457s][info][gc,metaspace   ] GC(743) Metaspace: 57303K(57664K)->57303K(57664K) NonClass: 49020K(49280K)->49020K(49280K) Class: 8282K(8384K)->8282K(8384K)
[371.457s][info][gc             ] GC(743) Pause Young (Allocation Failure) 636M->490M(632M) 5.138ms
[371.457s][info][gc,cpu         ] GC(743) User=0.01s Sys=0.00s Real=0.01s
[371.756s][info][gc,start       ] GC(744) Pause Young (Allocation Failure)
[371.759s][info][gc,heap        ] GC(744) PSYoungGen: 146783K(146944K)->256K(140800K) Eden: 144896K(144896K)->0K(140288K) From: 1887K(2048K)->256K(512K)
[371.759s][info][gc,heap        ] GC(744) ParOldGen: 500020K(500224K)->500036K(500224K)
[371.759s][info][gc,metaspace   ] GC(744) Metaspace: 57303K(57664K)->57303K(57664K) NonClass: 49020K(49280K)->49020K(49280K) Class: 8282K(8384K)->8282K(8384K)
[371.759s][info][gc             ] GC(744) Pause Young (Allocation Failure) 631M->488M(626M) 2.396ms
[371.759s][info][gc,cpu         ] GC(744) User=0.00s Sys=0.00s Real=0.00s
[372.075s][info][gc,start       ] GC(745) Pause Young (Allocation Failure)
[372.079s][info][gc,heap        ] GC(745) PSYoungGen: 140544K(140800K)->1568K(138752K) Eden: 140288K(140288K)->0K(135680K) From: 256K(512K)->1568K(3072K)
[372.079s][info][gc,heap        ] GC(745) ParOldGen: 500036K(500224K)->500052K(500224K)
[372.079s][info][gc,metaspace   ] GC(745) Metaspace: 57303K(57664K)->57303K(57664K) NonClass: 49020K(49280K)->49020K(49280K) Class: 8282K(8384K)->8282K(8384K)
[372.079s][info][gc             ] GC(745) Pause Young (Allocation Failure) 625M->489M(624M) 3.863ms
[372.079s][info][gc,cpu         ] GC(745) User=0.01s Sys=0.00s Real=0.01s
[372.391s][info][gc,start       ] GC(746) Pause Young (Allocation Failure)
[372.395s][info][gc,heap        ] GC(746) PSYoungGen: 137242K(138752K)->2239K(164352K) Eden: 135674K(135680K)->0K(161792K) From: 1568K(3072K)->2239K(2560K)
[372.395s][info][gc,heap        ] GC(746) ParOldGen: 500052K(500224K)->500068K(500224K)
[372.395s][info][gc,metaspace   ] GC(746) Metaspace: 57303K(57664K)->57303K(57664K) NonClass: 49020K(49280K)->49020K(49280K) Class: 8282K(8384K)->8282K(8384K)
[372.395s][info][gc             ] GC(746) Pause Young (Allocation Failure) 622M->490M(649M) 4.448ms
[372.395s][info][gc,cpu         ] GC(746) User=0.01s Sys=0.00s Real=0.00s
[372.790s][info][gc,start       ] GC(747) Pause Young (Allocation Failure)
[372.794s][info][gc,heap        ] GC(747) PSYoungGen: 163962K(164352K)->1504K(194560K) Eden: 161723K(161792K)->0K(193024K) From: 2239K(2560K)->1504K(1536K)
[372.794s][info][gc,heap        ] GC(747) ParOldGen: 500068K(500224K)->500084K(500224K)
[372.794s][info][gc,metaspace   ] GC(747) Metaspace: 57303K(57664K)->57303K(57664K) NonClass: 49020K(49280K)->49020K(49280K) Class: 8282K(8384K)->8282K(8384K)
[372.794s][info][gc             ] GC(747) Pause Young (Allocation Failure) 648M->489M(678M) 4.046ms
[372.794s][info][gc,cpu         ] GC(747) User=0.01s Sys=0.00s Real=0.00s
[373.276s][info][gc,start       ] GC(748) Pause Young (Allocation Failure)
[373.280s][info][gc,heap        ] GC(748) PSYoungGen: 194528K(194560K)->1855K(188416K) Eden: 193024K(193024K)->0K(186368K) From: 1504K(1536K)->1855K(2048K)
[373.280s][info][gc,heap        ] GC(748) ParOldGen: 500084K(500224K)->500100K(500224K)
[373.280s][info][gc,metaspace   ] GC(748) Metaspace: 57303K(57664K)->57303K(57664K) NonClass: 49020K(49280K)->49020K(49280K) Class: 8282K(8384K)->8282K(8384K)
[373.280s][info][gc             ] GC(748) Pause Young (Allocation Failure) 678M->490M(672M) 4.027ms
[373.280s][info][gc,cpu         ] GC(748) User=0.01s Sys=0.00s Real=0.00s
[373.697s][info][gc,start       ] GC(749) Pause Young (Allocation Failure)
[373.700s][info][gc,heap        ] GC(749) PSYoungGen: 188078K(188416K)->672K(180736K) Eden: 186222K(186368K)->0K(179712K) From: 1855K(2048K)->672K(1024K)
[373.700s][info][gc,heap        ] GC(749) ParOldGen: 500100K(500224K)->500116K(500224K)
[373.700s][info][gc,metaspace   ] GC(749) Metaspace: 57303K(57664K)->57303K(57664K) NonClass: 49020K(49280K)->49020K(49280K) Class: 8282K(8384K)->8282K(8384K)
[373.700s][info][gc             ] GC(749) Pause Young (Allocation Failure) 672M->489M(665M) 2.946ms
[373.700s][info][gc,cpu         ] GC(749) User=0.00s Sys=0.00s Real=0.00s
[374.173s][info][gc,start       ] GC(750) Pause Young (Allocation Failure)
[374.177s][info][gc,heap        ] GC(750) PSYoungGen: 180384K(180736K)->1695K(175616K) Eden: 179712K(179712K)->0K(173568K) From: 672K(1024K)->1695K(2048K)
[374.177s][info][gc,heap        ] GC(750) ParOldGen: 500116K(500224K)->500132K(500224K)
[374.177s][info][gc,metaspace   ] GC(750) Metaspace: 57303K(57664K)->57303K(57664K) NonClass: 49020K(49280K)->49020K(49280K) Class: 8282K(8384K)->8282K(8384K)
[374.177s][info][gc             ] GC(750) Pause Young (Allocation Failure) 664M->490M(660M) 3.940ms
[374.177s][info][gc,cpu         ] GC(750) User=0.00s Sys=0.00s Real=0.01s
[374.583s][info][gc,start       ] GC(751) Pause Young (Allocation Failure)
[374.588s][info][gc,heap        ] GC(751) PSYoungGen: 175263K(175616K)->1919K(169472K) Eden: 173568K(173568K)->0K(167424K) From: 1695K(2048K)->1919K(2048K)
[374.588s][info][gc,heap        ] GC(751) ParOldGen: 500132K(500224K)->500148K(500224K)
[374.588s][info][gc,metaspace   ] GC(751) Metaspace: 57303K(57664K)->57303K(57664K) NonClass: 49020K(49280K)->49020K(49280K) Class: 8282K(8384K)->8282K(8384K)
[374.588s][info][gc             ] GC(751) Pause Young (Allocation Failure) 659M->490M(654M) 4.189ms
[374.588s][info][gc,cpu         ] GC(751) User=0.01s Sys=0.00s Real=0.01s
[375.037s][info][gc,start       ] GC(752) Pause Young (Allocation Failure)
[375.042s][info][gc,heap        ] GC(752) PSYoungGen: 169343K(169472K)->2175K(164352K) Eden: 167424K(167424K)->0K(161792K) From: 1919K(2048K)->2175K(2560K)
[375.042s][info][gc,heap        ] GC(752) ParOldGen: 500148K(500224K)->500164K(500224K)
[375.042s][info][gc,metaspace   ] GC(752) Metaspace: 57303K(57664K)->57303K(57664K) NonClass: 49020K(49280K)->49020K(49280K) Class: 8282K(8384K)->8282K(8384K)
[375.042s][info][gc             ] GC(752) Pause Young (Allocation Failure) 653M->490M(649M) 4.646ms
[375.042s][info][gc,cpu         ] GC(752) User=0.01s Sys=0.00s Real=0.00s
[375.379s][info][gc,start       ] GC(753) Pause Young (Allocation Failure)
[375.383s][info][gc,heap        ] GC(753) PSYoungGen: 163967K(164352K)->1664K(195072K) Eden: 161792K(161792K)->0K(193024K) From: 2175K(2560K)->1664K(2048K)
[375.383s][info][gc,heap        ] GC(753) ParOldGen: 500164K(500224K)->500180K(500224K)
[375.383s][info][gc,metaspace   ] GC(753) Metaspace: 57303K(57664K)->57303K(57664K) NonClass: 49020K(49280K)->49020K(49280K) Class: 8282K(8384K)->8282K(8384K)
[375.383s][info][gc             ] GC(753) Pause Young (Allocation Failure) 648M->490M(679M) 4.259ms
[375.383s][info][gc,cpu         ] GC(753) User=0.00s Sys=0.00s Real=0.00s
[375.864s][info][gc,start       ] GC(754) Pause Young (Allocation Failure)
[375.867s][info][gc,heap        ] GC(754) PSYoungGen: 194688K(195072K)->1056K(187904K) Eden: 193024K(193024K)->0K(186368K) From: 1664K(2048K)->1056K(1536K)
[375.867s][info][gc,heap        ] GC(754) ParOldGen: 500180K(500224K)->500196K(500224K)
[375.867s][info][gc,metaspace   ] GC(754) Metaspace: 57303K(57664K)->57303K(57664K) NonClass: 49020K(49280K)->49020K(49280K) Class: 8282K(8384K)->8282K(8384K)
[375.867s][info][gc             ] GC(754) Pause Young (Allocation Failure) 678M->489M(672M) 3.345ms
[375.867s][info][gc,cpu         ] GC(754) User=0.00s Sys=0.00s Real=0.01s
[376.293s][info][gc,start       ] GC(755) Pause Young (Allocation Failure)
[376.297s][info][gc,heap        ] GC(755) PSYoungGen: 187424K(187904K)->2079K(182272K) Eden: 186368K(186368K)->0K(179712K) From: 1056K(1536K)->2079K(2560K)
[376.297s][info][gc,heap        ] GC(755) ParOldGen: 500196K(500224K)->500212K(500224K)
[376.297s][info][gc,metaspace   ] GC(755) Metaspace: 57303K(57664K)->57303K(57664K) NonClass: 49020K(49280K)->49020K(49280K) Class: 8282K(8384K)->8282K(8384K)
[376.297s][info][gc             ] GC(755) Pause Young (Allocation Failure) 671M->490M(666M) 4.364ms
[376.297s][info][gc,cpu         ] GC(755) User=0.01s Sys=0.00s Real=0.01s
[376.815s][info][gc,start       ] GC(756) Pause Young (Allocation Failure)
[376.818s][info][gc,heap        ] GC(756) PSYoungGen: 181791K(182272K)->192K(174080K) Eden: 179712K(179712K)->0K(173568K) From: 2079K(2560K)->192K(512K)
[376.818s][info][gc,heap        ] GC(756) ParOldGen: 500212K(500224K)->500228K(500736K)
[376.818s][info][gc,metaspace   ] GC(756) Metaspace: 57303K(57664K)->57303K(57664K) NonClass: 49020K(49280K)->49020K(49280K) Class: 8282K(8384K)->8282K(8384K)
[376.818s][info][gc             ] GC(756) Pause Young (Allocation Failure) 666M->488M(659M) 2.238ms
[376.818s][info][gc,cpu         ] GC(756) User=0.00s Sys=0.00s Real=0.01s
[378.325s][info][gc,start       ] GC(757) Pause Young (Allocation Failure)
[378.327s][info][gc,heap        ] GC(757) PSYoungGen: 170090K(174080K)->64K(171008K) Eden: 169898K(173568K)->0K(167424K) From: 192K(512K)->64K(3584K)
[378.327s][info][gc,heap        ] GC(757) ParOldGen: 500228K(500736K)->500244K(500736K)
[378.327s][info][gc,metaspace   ] GC(757) Metaspace: 57309K(57664K)->57309K(57664K) NonClass: 49026K(49280K)->49026K(49280K) Class: 8282K(8384K)->8282K(8384K)
[378.327s][info][gc             ] GC(757) Pause Young (Allocation Failure) 654M->488M(656M) 2.135ms
[378.327s][info][gc,cpu         ] GC(757) User=0.00s Sys=0.00s Real=0.01s
[380.021s][info][gc,start       ] GC(758) Pause Young (Allocation Failure)
[380.080s][info][gc,heap        ] GC(758) PSYoungGen: 167488K(171008K)->3570K(203776K) Eden: 167424K(167424K)->0K(200192K) From: 64K(3584K)->3570K(3584K)
[380.080s][info][gc,heap        ] GC(758) ParOldGen: 500244K(500736K)->587602K(588288K)
[380.080s][info][gc,metaspace   ] GC(758) Metaspace: 57411K(57728K)->57411K(57728K) NonClass: 49128K(49344K)->49128K(49344K) Class: 8282K(8384K)->8282K(8384K)
[380.080s][info][gc             ] GC(758) Pause Young (Allocation Failure) 652M->577M(773M) 59.407ms
[380.080s][info][gc,cpu         ] GC(758) User=0.05s Sys=0.06s Real=0.06s
[380.404s][info][gc,start       ] GC(759) Pause Young (Allocation Failure)
[380.415s][info][gc,heap        ] GC(759) PSYoungGen: 203762K(203776K)->6688K(238080K) Eden: 200192K(200192K)->0K(201728K) From: 3570K(3584K)->6688K(36352K)
[380.415s][info][gc,heap        ] GC(759) ParOldGen: 587602K(588288K)->591173K(591360K)
[380.415s][info][gc,metaspace   ] GC(759) Metaspace: 57411K(57728K)->57411K(57728K) NonClass: 49128K(49344K)->49128K(49344K) Class: 8282K(8384K)->8282K(8384K)
[380.415s][info][gc             ] GC(759) Pause Young (Allocation Failure) 772M->583M(810M) 11.671ms
[380.415s][info][gc,cpu         ] GC(759) User=0.02s Sys=0.01s Real=0.01s
[380.898s][info][gc,start       ] GC(760) Pause Young (Allocation Failure)
[380.908s][info][gc,heap        ] GC(760) PSYoungGen: 208164K(238080K)->1184K(274432K) Eden: 201475K(201728K)->0K(240640K) From: 6688K(36352K)->1184K(33792K)
[380.908s][info][gc,heap        ] GC(760) ParOldGen: 591173K(591360K)->597175K(597504K)
[380.908s][info][gc,metaspace   ] GC(760) Metaspace: 57411K(57728K)->57411K(57728K) NonClass: 49128K(49344K)->49128K(49344K) Class: 8282K(8384K)->8282K(8384K)
[380.908s][info][gc             ] GC(760) Pause Young (Allocation Failure) 780M->584M(851M) 10.208ms
[380.908s][info][gc,cpu         ] GC(760) User=0.01s Sys=0.01s Real=0.01s
[381.488s][info][gc,start       ] GC(761) Pause Young (Allocation Failure)
[381.493s][info][gc,heap        ] GC(761) PSYoungGen: 241768K(274432K)->2048K(273920K) Eden: 240584K(240640K)->0K(240640K) From: 1184K(33792K)->2048K(33280K)
[381.493s][info][gc,heap        ] GC(761) ParOldGen: 597175K(597504K)->597191K(597504K)
[381.493s][info][gc,metaspace   ] GC(761) Metaspace: 57411K(57728K)->57411K(57728K) NonClass: 49128K(49344K)->49128K(49344K) Class: 8282K(8384K)->8282K(8384K)
[381.493s][info][gc             ] GC(761) Pause Young (Allocation Failure) 819M->585M(851M) 4.932ms
[381.493s][info][gc,cpu         ] GC(761) User=0.00s Sys=0.00s Real=0.00s
[382.081s][info][gc,start       ] GC(762) Pause Young (Allocation Failure)
[382.087s][info][gc,heap        ] GC(762) PSYoungGen: 242688K(273920K)->2111K(299008K) Eden: 240640K(240640K)->0K(268288K) From: 2048K(33280K)->2111K(30720K)
[382.087s][info][gc,heap        ] GC(762) ParOldGen: 597191K(597504K)->597207K(597504K)
[382.087s][info][gc,metaspace   ] GC(762) Metaspace: 57411K(57728K)->57411K(57728K) NonClass: 49128K(49344K)->49128K(49344K) Class: 8282K(8384K)->8282K(8384K)
[382.087s][info][gc             ] GC(762) Pause Young (Allocation Failure) 820M->585M(875M) 5.503ms
[382.087s][info][gc,cpu         ] GC(762) User=0.01s Sys=0.00s Real=0.01s
[382.761s][info][gc,start       ] GC(763) Pause Young (Allocation Failure)
[382.764s][info][gc,heap        ] GC(763) PSYoungGen: 270320K(299008K)->672K(299008K) Eden: 268209K(268288K)->0K(268288K) From: 2111K(30720K)->672K(30720K)
[382.764s][info][gc,heap        ] GC(763) ParOldGen: 597207K(597504K)->597223K(597504K)
[382.764s][info][gc,metaspace   ] GC(763) Metaspace: 57411K(57728K)->57411K(57728K) NonClass: 49128K(49344K)->49128K(49344K) Class: 8282K(8384K)->8282K(8384K)
[382.764s][info][gc             ] GC(763) Pause Young (Allocation Failure) 847M->583M(875M) 2.960ms
[382.764s][info][gc,cpu         ] GC(763) User=0.01s Sys=0.00s Real=0.00s
[383.388s][info][gc,start       ] GC(764) Pause Young (Allocation Failure)
[383.393s][info][gc,heap        ] GC(764) PSYoungGen: 268768K(299008K)->1920K(301056K) Eden: 268096K(268288K)->0K(273408K) From: 672K(30720K)->1920K(27648K)
[383.393s][info][gc,heap        ] GC(764) ParOldGen: 597223K(597504K)->597239K(597504K)
[383.393s][info][gc,metaspace   ] GC(764) Metaspace: 57411K(57728K)->57411K(57728K) NonClass: 49128K(49344K)->49128K(49344K) Class: 8282K(8384K)->8282K(8384K)
[383.393s][info][gc             ] GC(764) Pause Young (Allocation Failure) 845M->585M(877M) 5.485ms
[383.393s][info][gc,cpu         ] GC(764) User=0.00s Sys=0.00s Real=0.00s
[384.162s][info][gc,start       ] GC(765) Pause Young (Allocation Failure)
[384.166s][info][gc,heap        ] GC(765) PSYoungGen: 275328K(301056K)->1761K(301568K) Eden: 273408K(273408K)->0K(273408K) From: 1920K(27648K)->1761K(28160K)
[384.166s][info][gc,heap        ] GC(765) ParOldGen: 597239K(597504K)->597255K(597504K)
[384.166s][info][gc,metaspace   ] GC(765) Metaspace: 57411K(57728K)->57411K(57728K) NonClass: 49128K(49344K)->49128K(49344K) Class: 8282K(8384K)->8282K(8384K)
[384.166s][info][gc             ] GC(765) Pause Young (Allocation Failure) 852M->584M(878M) 4.275ms
[384.166s][info][gc,cpu         ] GC(765) User=0.01s Sys=0.00s Real=0.01s
[384.709s][info][gc,start       ] GC(766) Pause Young (Allocation Failure)
[384.711s][info][gc,heap        ] GC(766) PSYoungGen: 275067K(301568K)->511K(272384K) Eden: 273305K(273408K)->0K(262656K) From: 1761K(28160K)->511K(9728K)
[384.711s][info][gc,heap        ] GC(766) ParOldGen: 597255K(597504K)->597271K(597504K)
[384.711s][info][gc,metaspace   ] GC(766) Metaspace: 57411K(57728K)->57411K(57728K) NonClass: 49128K(49344K)->49128K(49344K) Class: 8282K(8384K)->8282K(8384K)
[384.711s][info][gc             ] GC(766) Pause Young (Allocation Failure) 851M->583M(849M) 2.672ms
[384.711s][info][gc,cpu         ] GC(766) User=0.01s Sys=0.01s Real=0.00s
[385.374s][info][gc,start       ] GC(767) Pause Young (Allocation Failure)
[385.378s][info][gc,heap        ] GC(767) PSYoungGen: 263011K(272384K)->896K(253440K) Eden: 262499K(262656K)->0K(252416K) From: 511K(9728K)->896K(1024K)
[385.378s][info][gc,heap        ] GC(767) ParOldGen: 597271K(597504K)->597287K(597504K)
[385.378s][info][gc,metaspace   ] GC(767) Metaspace: 57411K(57728K)->57411K(57728K) NonClass: 49128K(49344K)->49128K(49344K) Class: 8282K(8384K)->8282K(8384K)
[385.378s][info][gc             ] GC(767) Pause Young (Allocation Failure) 840M->584M(831M) 3.342ms
[385.378s][info][gc,cpu         ] GC(767) User=0.01s Sys=0.00s Real=0.01s
[385.984s][info][gc,start       ] GC(768) Pause Young (Allocation Failure)
[385.989s][info][gc,heap        ] GC(768) PSYoungGen: 253277K(253440K)->1696K(250368K) Eden: 252381K(252416K)->0K(242688K) From: 896K(1024K)->1696K(7680K)
[385.989s][info][gc,heap        ] GC(768) ParOldGen: 597287K(597504K)->597303K(597504K)
[385.989s][info][gc,metaspace   ] GC(768) Metaspace: 57411K(57728K)->57411K(57728K) NonClass: 49128K(49344K)->49128K(49344K) Class: 8282K(8384K)->8282K(8384K)
[385.990s][info][gc             ] GC(768) Pause Young (Allocation Failure) 830M->584M(828M) 5.352ms
[385.990s][info][gc,cpu         ] GC(768) User=0.01s Sys=0.00s Real=0.01s
[386.575s][info][gc,start       ] GC(769) Pause Young (Allocation Failure)
[386.579s][info][gc,heap        ] GC(769) PSYoungGen: 244092K(250368K)->1824K(235520K) Eden: 242396K(242688K)->0K(233472K) From: 1696K(7680K)->1824K(2048K)
[386.579s][info][gc,heap        ] GC(769) ParOldGen: 597303K(597504K)->597319K(597504K)
[386.579s][info][gc,metaspace   ] GC(769) Metaspace: 57411K(57728K)->57411K(57728K) NonClass: 49128K(49344K)->49128K(49344K) Class: 8282K(8384K)->8282K(8384K)
[386.579s][info][gc             ] GC(769) Pause Young (Allocation Failure) 821M->585M(813M) 4.636ms
[386.579s][info][gc,cpu         ] GC(769) User=0.01s Sys=0.00s Real=0.01s
[387.161s][info][gc,start       ] GC(770) Pause Young (Allocation Failure)
[387.165s][info][gc,heap        ] GC(770) PSYoungGen: 235296K(235520K)->799K(231936K) Eden: 233472K(233472K)->0K(224768K) From: 1824K(2048K)->799K(7168K)
[387.165s][info][gc,heap        ] GC(770) ParOldGen: 597319K(597504K)->597335K(597504K)
[387.165s][info][gc,metaspace   ] GC(770) Metaspace: 57411K(57728K)->57411K(57728K) NonClass: 49128K(49344K)->49128K(49344K) Class: 8282K(8384K)->8282K(8384K)
[387.165s][info][gc             ] GC(770) Pause Young (Allocation Failure) 813M->584M(810M) 3.734ms
[387.165s][info][gc,cpu         ] GC(770) User=0.01s Sys=0.00s Real=0.00s
[387.679s][info][gc,start       ] GC(771) Pause Young (Allocation Failure)
[387.684s][info][gc,heap        ] GC(771) PSYoungGen: 225567K(231936K)->2176K(219136K) Eden: 224768K(224768K)->0K(216576K) From: 799K(7168K)->2176K(2560K)
[387.684s][info][gc,heap        ] GC(771) ParOldGen: 597335K(597504K)->597351K(597504K)
[387.684s][info][gc,metaspace   ] GC(771) Metaspace: 57411K(57728K)->57411K(57728K) NonClass: 49128K(49344K)->49128K(49344K) Class: 8282K(8384K)->8282K(8384K)
[387.684s][info][gc             ] GC(771) Pause Young (Allocation Failure) 803M->585M(797M) 5.543ms
[387.685s][info][gc,cpu         ] GC(771) User=0.01s Sys=0.00s Real=0.00s
[388.197s][info][gc,start       ] GC(772) Pause Young (Allocation Failure)
[388.201s][info][gc,heap        ] GC(772) PSYoungGen: 218752K(219136K)->928K(212992K) Eden: 216576K(216576K)->0K(208384K) From: 2176K(2560K)->928K(4608K)
[388.201s][info][gc,heap        ] GC(772) ParOldGen: 597351K(597504K)->597367K(597504K)
[388.201s][info][gc,metaspace   ] GC(772) Metaspace: 57411K(57728K)->57411K(57728K) NonClass: 49128K(49344K)->49128K(49344K) Class: 8282K(8384K)->8282K(8384K)
[388.201s][info][gc             ] GC(772) Pause Young (Allocation Failure) 796M->584M(791M) 4.484ms
[388.201s][info][gc,cpu         ] GC(772) User=0.01s Sys=0.00s Real=0.00s
[388.711s][info][gc,start       ] GC(773) Pause Young (Allocation Failure)
[388.713s][info][gc,heap        ] GC(773) PSYoungGen: 209312K(212992K)->639K(201728K) Eden: 208384K(208384K)->0K(200704K) From: 928K(4608K)->639K(1024K)
[388.713s][info][gc,heap        ] GC(773) ParOldGen: 597367K(597504K)->597383K(597504K)
[388.713s][info][gc,metaspace   ] GC(773) Metaspace: 57411K(57728K)->57411K(57728K) NonClass: 49128K(49344K)->49128K(49344K) Class: 8282K(8384K)->8282K(8384K)
[388.713s][info][gc             ] GC(773) Pause Young (Allocation Failure) 787M->584M(780M) 2.839ms
[388.713s][info][gc,cpu         ] GC(773) User=0.01s Sys=0.00s Real=0.00s
[389.211s][info][gc,start       ] GC(774) Pause Young (Allocation Failure)
[389.216s][info][gc,heap        ] GC(774) PSYoungGen: 201325K(201728K)->1184K(196096K) Eden: 200685K(200704K)->0K(193536K) From: 639K(1024K)->1184K(2560K)
[389.216s][info][gc,heap        ] GC(774) ParOldGen: 597383K(597504K)->597399K(597504K)
[389.216s][info][gc,metaspace   ] GC(774) Metaspace: 57411K(57728K)->57411K(57728K) NonClass: 49128K(49344K)->49128K(49344K) Class: 8282K(8384K)->8282K(8384K)
[389.216s][info][gc             ] GC(774) Pause Young (Allocation Failure) 779M->584M(775M) 4.700ms
[389.216s][info][gc,cpu         ] GC(774) User=0.01s Sys=0.00s Real=0.01s
[389.685s][info][gc,start       ] GC(775) Pause Young (Allocation Failure)
[389.690s][info][gc,heap        ] GC(775) PSYoungGen: 194720K(196096K)->2079K(189440K) Eden: 193536K(193536K)->0K(186880K) From: 1184K(2560K)->2079K(2560K)
[389.690s][info][gc,heap        ] GC(775) ParOldGen: 597399K(597504K)->597415K(597504K)
[389.690s][info][gc,metaspace   ] GC(775) Metaspace: 57411K(57728K)->57411K(57728K) NonClass: 49128K(49344K)->49128K(49344K) Class: 8282K(8384K)->8282K(8384K)
[389.690s][info][gc             ] GC(775) Pause Young (Allocation Failure) 773M->585M(768M) 4.659ms
[389.690s][info][gc,cpu         ] GC(775) User=0.01s Sys=0.00s Real=0.01s
[390.307s][info][gc,start       ] GC(776) Pause Young (Allocation Failure)
[390.311s][info][gc,heap        ] GC(776) PSYoungGen: 188959K(189440K)->608K(181248K) Eden: 186880K(186880K)->0K(180224K) From: 2079K(2560K)->608K(1024K)
[390.311s][info][gc,heap        ] GC(776) ParOldGen: 597415K(597504K)->597431K(597504K)
[390.311s][info][gc,metaspace   ] GC(776) Metaspace: 57411K(57728K)->57411K(57728K) NonClass: 49128K(49344K)->49128K(49344K) Class: 8282K(8384K)->8282K(8384K)
[390.311s][info][gc             ] GC(776) Pause Young (Allocation Failure) 767M->584M(760M) 3.966ms
[390.311s][info][gc,cpu         ] GC(776) User=0.00s Sys=0.01s Real=0.00s
[390.683s][info][gc,start       ] GC(777) Pause Young (Allocation Failure)
[390.688s][info][gc,heap        ] GC(777) PSYoungGen: 180832K(181248K)->2015K(188416K) Eden: 180224K(180224K)->0K(174080K) From: 608K(1024K)->2015K(14336K)
[390.688s][info][gc,heap        ] GC(777) ParOldGen: 597431K(597504K)->597447K(597504K)
[390.688s][info][gc,metaspace   ] GC(777) Metaspace: 57411K(57728K)->57411K(57728K) NonClass: 49128K(49344K)->49128K(49344K) Class: 8282K(8384K)->8282K(8384K)
[390.688s][info][gc             ] GC(777) Pause Young (Allocation Failure) 760M->585M(767M) 4.546ms
[390.688s][info][gc,cpu         ] GC(777) User=0.01s Sys=0.00s Real=0.01s
[391.094s][info][gc,start       ] GC(778) Pause Young (Allocation Failure)
[391.099s][info][gc,heap        ] GC(778) PSYoungGen: 176079K(188416K)->1888K(169984K) Eden: 174064K(174080K)->0K(167936K) From: 2015K(14336K)->1888K(2048K)
[391.099s][info][gc,heap        ] GC(778) ParOldGen: 597447K(597504K)->597463K(597504K)
[391.099s][info][gc,metaspace   ] GC(778) Metaspace: 57411K(57728K)->57411K(57728K) NonClass: 49128K(49344K)->49128K(49344K) Class: 8282K(8384K)->8282K(8384K)
[391.099s][info][gc             ] GC(778) Pause Young (Allocation Failure) 755M->585M(749M) 5.443ms
[391.099s][info][gc,cpu         ] GC(778) User=0.01s Sys=0.00s Real=0.01s
[391.498s][info][gc,start       ] GC(779) Pause Young (Allocation Failure)
[391.502s][info][gc,heap        ] GC(779) PSYoungGen: 169687K(169984K)->1280K(163840K) Eden: 167799K(167936K)->0K(162304K) From: 1888K(2048K)->1280K(1536K)
[391.502s][info][gc,heap        ] GC(779) ParOldGen: 597463K(597504K)->597479K(597504K)
[391.502s][info][gc,metaspace   ] GC(779) Metaspace: 57411K(57728K)->57411K(57728K) NonClass: 49128K(49344K)->49128K(49344K) Class: 8282K(8384K)->8282K(8384K)
[391.502s][info][gc             ] GC(779) Pause Young (Allocation Failure) 749M->584M(743M) 3.815ms
[391.502s][info][gc,cpu         ] GC(779) User=0.00s Sys=0.00s Real=0.00s
[391.896s][info][gc,start       ] GC(780) Pause Young (Allocation Failure)
[391.900s][info][gc,heap        ] GC(780) PSYoungGen: 163524K(163840K)->1312K(158208K) Eden: 162244K(162304K)->0K(156672K) From: 1280K(1536K)->1312K(1536K)
[391.900s][info][gc,heap        ] GC(780) ParOldGen: 597479K(597504K)->597495K(597504K)
[391.900s][info][gc,metaspace   ] GC(780) Metaspace: 57411K(57728K)->57411K(57728K) NonClass: 49128K(49344K)->49128K(49344K) Class: 8282K(8384K)->8282K(8384K)
[391.900s][info][gc             ] GC(780) Pause Young (Allocation Failure) 743M->584M(738M) 4.571ms
[391.900s][info][gc,cpu         ] GC(780) User=0.00s Sys=0.00s Real=0.01s
[392.287s][info][gc,start       ] GC(781) Pause Young (Allocation Failure)
[392.292s][info][gc,heap        ] GC(781) PSYoungGen: 157984K(158208K)->2144K(175104K) Eden: 156672K(156672K)->0K(163840K) From: 1312K(1536K)->2144K(11264K)
[392.292s][info][gc,heap        ] GC(781) ParOldGen: 597495K(597504K)->597511K(598016K)
[392.292s][info][gc,metaspace   ] GC(781) Metaspace: 57411K(57728K)->57411K(57728K) NonClass: 49128K(49344K)->49128K(49344K) Class: 8282K(8384K)->8282K(8384K)
[392.292s][info][gc             ] GC(781) Pause Young (Allocation Failure) 737M->585M(755M) 4.899ms
[392.292s][info][gc,cpu         ] GC(781) User=0.01s Sys=0.00s Real=0.00s
[392.686s][info][gc,start       ] GC(782) Pause Young (Allocation Failure)
[392.690s][info][gc,heap        ] GC(782) PSYoungGen: 165984K(175104K)->1504K(197632K) Eden: 163840K(163840K)->0K(187392K) From: 2144K(11264K)->1504K(10240K)
[392.690s][info][gc,heap        ] GC(782) ParOldGen: 597511K(598016K)->597527K(598016K)
[392.690s][info][gc,metaspace   ] GC(782) Metaspace: 57411K(57728K)->57411K(57728K) NonClass: 49128K(49344K)->49128K(49344K) Class: 8282K(8384K)->8282K(8384K)
[392.690s][info][gc             ] GC(782) Pause Young (Allocation Failure) 745M->584M(777M) 4.586ms
[392.690s][info][gc,cpu         ] GC(782) User=0.01s Sys=0.00s Real=0.01s
[393.165s][info][gc,start       ] GC(783) Pause Young (Allocation Failure)
[393.169s][info][gc,heap        ] GC(783) PSYoungGen: 188896K(197632K)->1630K(197120K) Eden: 187392K(187392K)->0K(187392K) From: 1504K(10240K)->1630K(9728K)
[393.169s][info][gc,heap        ] GC(783) ParOldGen: 597527K(598016K)->597543K(598016K)
[393.169s][info][gc,metaspace   ] GC(783) Metaspace: 57411K(57728K)->57411K(57728K) NonClass: 49128K(49344K)->49128K(49344K) Class: 8282K(8384K)->8282K(8384K)
[393.169s][info][gc             ] GC(783) Pause Young (Allocation Failure) 767M->585M(776M) 4.265ms
[393.169s][info][gc,cpu         ] GC(783) User=0.00s Sys=0.00s Real=0.01s
[393.598s][info][gc,start       ] GC(784) Pause Young (Allocation Failure)
[393.602s][info][gc,heap        ] GC(784) PSYoungGen: 189022K(197120K)->2046K(230912K) Eden: 187392K(187392K)->0K(223744K) From: 1630K(9728K)->2046K(7168K)
[393.602s][info][gc,heap        ] GC(784) ParOldGen: 597543K(598016K)->597559K(598016K)
[393.602s][info][gc,metaspace   ] GC(784) Metaspace: 57411K(57728K)->57411K(57728K) NonClass: 49128K(49344K)->49128K(49344K) Class: 8282K(8384K)->8282K(8384K)
[393.602s][info][gc             ] GC(784) Pause Young (Allocation Failure) 768M->585M(809M) 4.924ms
[393.603s][info][gc,cpu         ] GC(784) User=0.01s Sys=0.00s Real=0.00s
[394.167s][info][gc,start       ] GC(785) Pause Young (Allocation Failure)
[394.171s][info][gc,heap        ] GC(785) PSYoungGen: 225790K(230912K)->1661K(217600K) Eden: 223744K(223744K)->0K(215552K) From: 2046K(7168K)->1661K(2048K)
[394.171s][info][gc,heap        ] GC(785) ParOldGen: 597559K(598016K)->597575K(598016K)
[394.171s][info][gc,metaspace   ] GC(785) Metaspace: 57411K(57728K)->57411K(57728K) NonClass: 49128K(49344K)->49128K(49344K) Class: 8282K(8384K)->8282K(8384K)
[394.171s][info][gc             ] GC(785) Pause Young (Allocation Failure) 804M->585M(796M) 3.897ms
[394.171s][info][gc,cpu         ] GC(785) User=0.01s Sys=0.00s Real=0.00s
[394.679s][info][gc,start       ] GC(786) Pause Young (Allocation Failure)
[394.683s][info][gc,heap        ] GC(786) PSYoungGen: 217213K(217600K)->1822K(209920K) Eden: 215552K(215552K)->0K(207872K) From: 1661K(2048K)->1822K(2048K)
[394.683s][info][gc,heap        ] GC(786) ParOldGen: 597575K(598016K)->597591K(598016K)
[394.683s][info][gc,metaspace   ] GC(786) Metaspace: 57411K(57728K)->57411K(57728K) NonClass: 49128K(49344K)->49128K(49344K) Class: 8282K(8384K)->8282K(8384K)
[394.683s][info][gc             ] GC(786) Pause Young (Allocation Failure) 795M->585M(789M) 4.572ms
[394.683s][info][gc,cpu         ] GC(786) User=0.01s Sys=0.00s Real=0.00s
[395.179s][info][gc,start       ] GC(787) Pause Young (Allocation Failure)
[395.184s][info][gc,heap        ] GC(787) PSYoungGen: 209694K(209920K)->1952K(202240K) Eden: 207872K(207872K)->0K(200192K) From: 1822K(2048K)->1952K(2048K)
[395.184s][info][gc,heap        ] GC(787) ParOldGen: 597591K(598016K)->597607K(598016K)
[395.184s][info][gc,metaspace   ] GC(787) Metaspace: 57411K(57728K)->57411K(57728K) NonClass: 49128K(49344K)->49128K(49344K) Class: 8282K(8384K)->8282K(8384K)
[395.184s][info][gc             ] GC(787) Pause Young (Allocation Failure) 788M->585M(781M) 4.746ms
[395.184s][info][gc,cpu         ] GC(787) User=0.01s Sys=0.00s Real=0.00s
[395.678s][info][gc,start       ] GC(788) Pause Young (Allocation Failure)
[395.682s][info][gc,heap        ] GC(788) PSYoungGen: 201994K(202240K)->1760K(195072K) Eden: 200042K(200192K)->0K(193024K) From: 1952K(2048K)->1760K(2048K)
[395.682s][info][gc,heap        ] GC(788) ParOldGen: 597607K(598016K)->597623K(598016K)
[395.683s][info][gc,metaspace   ] GC(788) Metaspace: 57411K(57728K)->57411K(57728K) NonClass: 49128K(49344K)->49128K(49344K) Class: 8282K(8384K)->8282K(8384K)
[395.683s][info][gc             ] GC(788) Pause Young (Allocation Failure) 780M->585M(774M) 4.911ms
[395.683s][info][gc,cpu         ] GC(788) User=0.01s Sys=0.00s Real=0.00s
[396.163s][info][gc,start       ] GC(789) Pause Young (Allocation Failure)
[396.166s][info][gc,heap        ] GC(789) PSYoungGen: 194784K(195072K)->1215K(187904K) Eden: 193024K(193024K)->0K(186368K) From: 1760K(2048K)->1215K(1536K)
[396.166s][info][gc,heap        ] GC(789) ParOldGen: 597623K(598016K)->597639K(598016K)
[396.166s][info][gc,metaspace   ] GC(789) Metaspace: 57411K(57728K)->57411K(57728K) NonClass: 49128K(49344K)->49128K(49344K) Class: 8282K(8384K)->8282K(8384K)
[396.166s][info][gc             ] GC(789) Pause Young (Allocation Failure) 773M->584M(767M) 3.418ms
[396.166s][info][gc,cpu         ] GC(789) User=0.00s Sys=0.01s Real=0.01s
[396.583s][info][gc,start       ] GC(790) Pause Young (Allocation Failure)
[396.588s][info][gc,heap        ] GC(790) PSYoungGen: 187512K(187904K)->1952K(181760K) Eden: 186296K(186368K)->0K(179712K) From: 1215K(1536K)->1952K(2048K)
[396.588s][info][gc,heap        ] GC(790) ParOldGen: 597639K(598016K)->597655K(598016K)
[396.588s][info][gc,metaspace   ] GC(790) Metaspace: 57411K(57728K)->57411K(57728K) NonClass: 49128K(49344K)->49128K(49344K) Class: 8282K(8384K)->8282K(8384K)
[396.588s][info][gc             ] GC(790) Pause Young (Allocation Failure) 766M->585M(761M) 5.062ms
[396.588s][info][gc,cpu         ] GC(790) User=0.01s Sys=0.00s Real=0.01s
[397.064s][info][gc,start       ] GC(791) Pause Young (Allocation Failure)
[397.066s][info][gc,heap        ] GC(791) PSYoungGen: 181664K(181760K)->448K(174080K) Eden: 179712K(179712K)->0K(173568K) From: 1952K(2048K)->448K(512K)
[397.066s][info][gc,heap        ] GC(791) ParOldGen: 597655K(598016K)->597671K(598016K)
[397.066s][info][gc,metaspace   ] GC(791) Metaspace: 57411K(57728K)->57411K(57728K) NonClass: 49128K(49344K)->49128K(49344K) Class: 8282K(8384K)->8282K(8384K)
[397.066s][info][gc             ] GC(791) Pause Young (Allocation Failure) 761M->584M(754M) 2.713ms
[397.066s][info][gc,cpu         ] GC(791) User=0.00s Sys=0.00s Real=0.01s
[397.467s][info][gc,start       ] GC(792) Pause Young (Allocation Failure)
[397.470s][info][gc,heap        ] GC(792) PSYoungGen: 173764K(174080K)->1056K(168960K) Eden: 173316K(173568K)->0K(167424K) From: 448K(512K)->1056K(1536K)
[397.470s][info][gc,heap        ] GC(792) ParOldGen: 597671K(598016K)->597687K(598016K)
[397.470s][info][gc,metaspace   ] GC(792) Metaspace: 57411K(57728K)->57411K(57728K) NonClass: 49128K(49344K)->49128K(49344K) Class: 8282K(8384K)->8282K(8384K)
[397.470s][info][gc             ] GC(792) Pause Young (Allocation Failure) 753M->584M(749M) 3.777ms
[397.470s][info][gc,cpu         ] GC(792) User=0.00s Sys=0.00s Real=0.00s
[397.868s][info][gc,start       ] GC(793) Pause Young (Allocation Failure)
[397.872s][info][gc,heap        ] GC(793) PSYoungGen: 168480K(168960K)->1695K(163840K) Eden: 167424K(167424K)->0K(161792K) From: 1056K(1536K)->1695K(2048K)
[397.872s][info][gc,heap        ] GC(793) ParOldGen: 597687K(598016K)->597703K(598016K)
[397.872s][info][gc,metaspace   ] GC(793) Metaspace: 57411K(57728K)->57411K(57728K) NonClass: 49128K(49344K)->49128K(49344K) Class: 8282K(8384K)->8282K(8384K)
[397.872s][info][gc             ] GC(793) Pause Young (Allocation Failure) 748M->585M(744M) 3.949ms
[397.872s][info][gc,cpu         ] GC(793) User=0.01s Sys=0.00s Real=0.00s
[398.267s][info][gc,start       ] GC(794) Pause Young (Allocation Failure)
[398.271s][info][gc,heap        ] GC(794) PSYoungGen: 163487K(163840K)->1312K(157696K) Eden: 161792K(161792K)->0K(156160K) From: 1695K(2048K)->1312K(1536K)
[398.271s][info][gc,heap        ] GC(794) ParOldGen: 597703K(598016K)->597719K(598016K)
[398.271s][info][gc,metaspace   ] GC(794) Metaspace: 57411K(57728K)->57411K(57728K) NonClass: 49128K(49344K)->49128K(49344K) Class: 8282K(8384K)->8282K(8384K)
[398.271s][info][gc             ] GC(794) Pause Young (Allocation Failure) 743M->584M(738M) 4.028ms
[398.271s][info][gc,cpu         ] GC(794) User=0.00s Sys=0.00s Real=0.00s
[398.609s][info][gc,start       ] GC(795) Pause Young (Allocation Failure)
[398.612s][info][gc,heap        ] GC(795) PSYoungGen: 157472K(157696K)->502K(151552K) Eden: 156160K(156160K)->0K(151040K) From: 1312K(1536K)->502K(512K)
[398.612s][info][gc,heap        ] GC(795) ParOldGen: 597719K(598016K)->597735K(598016K)
[398.612s][info][gc,metaspace   ] GC(795) Metaspace: 57411K(57728K)->57411K(57728K) NonClass: 49128K(49344K)->49128K(49344K) Class: 8282K(8384K)->8282K(8384K)
[398.612s][info][gc             ] GC(795) Pause Young (Allocation Failure) 737M->584M(732M) 2.640ms
[398.612s][info][gc,cpu         ] GC(795) User=0.00s Sys=0.00s Real=0.00s
[399.006s][info][gc,start       ] GC(796) Pause Young (Allocation Failure)
[399.025s][info][gc,heap        ] GC(796) PSYoungGen: 151542K(151552K)->2975K(183808K) Eden: 151040K(151040K)->0K(180736K) From: 502K(512K)->2975K(3072K)
[399.025s][info][gc,heap        ] GC(796) ParOldGen: 597735K(598016K)->597751K(598016K)
[399.025s][info][gc,metaspace   ] GC(796) Metaspace: 57411K(57728K)->57411K(57728K) NonClass: 49128K(49344K)->49128K(49344K) Class: 8282K(8384K)->8282K(8384K)
[399.025s][info][gc             ] GC(796) Pause Young (Allocation Failure) 731M->586M(763M) 18.535ms
[399.025s][info][gc,cpu         ] GC(796) User=0.01s Sys=0.00s Real=0.01s
[399.459s][info][gc,start       ] GC(797) Pause Young (Allocation Failure)
[399.463s][info][gc,heap        ] GC(797) PSYoungGen: 183711K(183808K)->576K(198144K) Eden: 180736K(180736K)->0K(193024K) From: 2975K(3072K)->576K(5120K)
[399.463s][info][gc,heap        ] GC(797) ParOldGen: 597751K(598016K)->597767K(598016K)
[399.463s][info][gc,metaspace   ] GC(797) Metaspace: 57411K(57728K)->57411K(57728K) NonClass: 49128K(49344K)->49128K(49344K) Class: 8282K(8384K)->8282K(8384K)
[399.463s][info][gc             ] GC(797) Pause Young (Allocation Failure) 763M->584M(777M) 4.189ms
[399.463s][info][gc,cpu         ] GC(797) User=0.00s Sys=0.00s Real=0.00s
[399.897s][info][gc,start       ] GC(798) Pause Young (Allocation Failure)
[399.901s][info][gc,heap        ] GC(798) PSYoungGen: 193600K(198144K)->1535K(221696K) Eden: 193024K(193024K)->0K(216576K) From: 576K(5120K)->1535K(5120K)
[399.901s][info][gc,heap        ] GC(798) ParOldGen: 597767K(598016K)->597783K(598016K)
[399.901s][info][gc,metaspace   ] GC(798) Metaspace: 57411K(57728K)->57411K(57728K) NonClass: 49128K(49344K)->49128K(49344K) Class: 8282K(8384K)->8282K(8384K)
[399.901s][info][gc             ] GC(798) Pause Young (Allocation Failure) 772M->585M(800M) 4.423ms
[399.901s][info][gc,cpu         ] GC(798) User=0.01s Sys=0.00s Real=0.00s
[400.461s][info][gc,start       ] GC(799) Pause Young (Allocation Failure)
[400.464s][info][gc,heap        ] GC(799) PSYoungGen: 218111K(221696K)->576K(221184K) Eden: 216576K(216576K)->0K(216576K) From: 1535K(5120K)->576K(4608K)
[400.464s][info][gc,heap        ] GC(799) ParOldGen: 597783K(598016K)->597799K(598016K)
[400.464s][info][gc,metaspace   ] GC(799) Metaspace: 57411K(57728K)->57411K(57728K) NonClass: 49128K(49344K)->49128K(49344K) Class: 8282K(8384K)->8282K(8384K)
[400.464s][info][gc             ] GC(799) Pause Young (Allocation Failure) 796M->584M(800M) 3.012ms
[400.464s][info][gc,cpu         ] GC(799) User=0.01s Sys=0.00s Real=0.00s
[401.031s][info][gc,start       ] GC(800) Pause Young (Allocation Failure)
[401.038s][info][gc,heap        ] GC(800) PSYoungGen: 217152K(221184K)->2048K(263168K) Eden: 216576K(216576K)->0K(258560K) From: 576K(4608K)->2048K(4608K)
[401.038s][info][gc,heap        ] GC(800) ParOldGen: 597799K(598016K)->597815K(598016K)
[401.038s][info][gc,metaspace   ] GC(800) Metaspace: 57411K(57728K)->57411K(57728K) NonClass: 49128K(49344K)->49128K(49344K) Class: 8282K(8384K)->8282K(8384K)
[401.038s][info][gc             ] GC(800) Pause Young (Allocation Failure) 795M->585M(841M) 6.490ms
[401.038s][info][gc,cpu         ] GC(800) User=0.00s Sys=0.00s Real=0.01s
[401.608s][info][gc,start       ] GC(801) Pause Young (Allocation Failure)
[401.612s][info][gc,heap        ] GC(801) PSYoungGen: 260608K(263168K)->1663K(263168K) Eden: 258560K(258560K)->0K(258560K) From: 2048K(4608K)->1663K(4608K)
[401.612s][info][gc,heap        ] GC(801) ParOldGen: 597815K(598016K)->597831K(598016K)
[401.612s][info][gc,metaspace   ] GC(801) Metaspace: 57411K(57728K)->57411K(57728K) NonClass: 49128K(49344K)->49128K(49344K) Class: 8282K(8384K)->8282K(8384K)
[401.612s][info][gc             ] GC(801) Pause Young (Allocation Failure) 838M->585M(841M) 4.611ms
[401.612s][info][gc,cpu         ] GC(801) User=0.01s Sys=0.00s Real=0.00s
[402.214s][info][gc,start       ] GC(802) Pause Young (Allocation Failure)
[402.216s][info][gc,heap        ] GC(802) PSYoungGen: 260223K(263168K)->64K(249344K) Eden: 258560K(258560K)->0K(248832K) From: 1663K(4608K)->64K(512K)
[402.216s][info][gc,heap        ] GC(802) ParOldGen: 597831K(598016K)->597847K(598016K)
[402.216s][info][gc,metaspace   ] GC(802) Metaspace: 57411K(57728K)->57411K(57728K) NonClass: 49128K(49344K)->49128K(49344K) Class: 8282K(8384K)->8282K(8384K)
[402.216s][info][gc             ] GC(802) Pause Young (Allocation Failure) 837M->583M(827M) 2.240ms
[402.216s][info][gc,cpu         ] GC(802) User=0.00s Sys=0.00s Real=0.01s
[402.923s][info][gc,start       ] GC(803) Pause Young (Allocation Failure)
[402.926s][info][gc,heap        ] GC(803) PSYoungGen: 248896K(249344K)->480K(243200K) Eden: 248832K(248832K)->0K(239104K) From: 64K(512K)->480K(4096K)
[402.926s][info][gc,heap        ] GC(803) ParOldGen: 597847K(598016K)->597863K(598016K)
[402.926s][info][gc,metaspace   ] GC(803) Metaspace: 57411K(57728K)->57411K(57728K) NonClass: 49128K(49344K)->49128K(49344K) Class: 8282K(8384K)->8282K(8384K)
[402.926s][info][gc             ] GC(803) Pause Young (Allocation Failure) 826M->584M(821M) 2.880ms
[402.926s][info][gc,cpu         ] GC(803) User=0.01s Sys=0.00s Real=0.01s
[403.401s][info][gc,start       ] GC(804) Pause Young (Allocation Failure)
[403.405s][info][gc,heap        ] GC(804) PSYoungGen: 239363K(243200K)->864K(230912K) Eden: 238883K(239104K)->0K(229888K) From: 480K(4096K)->864K(1024K)
[403.405s][info][gc,heap        ] GC(804) ParOldGen: 597863K(598016K)->597879K(598016K)
[403.405s][info][gc,metaspace   ] GC(804) Metaspace: 57411K(57728K)->57411K(57728K) NonClass: 49128K(49344K)->49128K(49344K) Class: 8282K(8384K)->8282K(8384K)
[403.405s][info][gc             ] GC(804) Pause Young (Allocation Failure) 817M->584M(809M) 3.652ms
[403.405s][info][gc,cpu         ] GC(804) User=0.01s Sys=0.00s Real=0.00s
[404.008s][info][gc,start       ] GC(805) Pause Young (Allocation Failure)
[404.037s][info][gc,heap        ] GC(805) PSYoungGen: 230752K(230912K)->3775K(279040K) Eden: 229888K(229888K)->0K(274944K) From: 864K(1024K)->3775K(4096K)
[404.037s][info][gc,heap        ] GC(805) ParOldGen: 597879K(598016K)->597895K(598016K)
[404.037s][info][gc,metaspace   ] GC(805) Metaspace: 57411K(57728K)->57411K(57728K) NonClass: 49128K(49344K)->49128K(49344K) Class: 8282K(8384K)->8282K(8384K)
[404.037s][info][gc             ] GC(805) Pause Young (Allocation Failure) 809M->587M(856M) 28.882ms
[404.037s][info][gc,cpu         ] GC(805) User=0.02s Sys=0.00s Real=0.03s
[404.670s][info][gc,start       ] GC(806) Pause Young (Allocation Failure)
[404.673s][info][gc,heap        ] GC(806) PSYoungGen: 278540K(279040K)->768K(304640K) Eden: 274765K(274944K)->0K(301056K) From: 3775K(4096K)->768K(3584K)
[404.673s][info][gc,heap        ] GC(806) ParOldGen: 597895K(598016K)->597911K(598016K)
[404.673s][info][gc,metaspace   ] GC(806) Metaspace: 57411K(57728K)->57411K(57728K) NonClass: 49128K(49344K)->49128K(49344K) Class: 8282K(8384K)->8282K(8384K)
[404.673s][info][gc             ] GC(806) Pause Young (Allocation Failure) 855M->584M(881M) 3.762ms
[404.673s][info][gc,cpu         ] GC(806) User=0.00s Sys=0.00s Real=0.00s
[405.394s][info][gc,start       ] GC(807) Pause Young (Allocation Failure)
[405.398s][info][gc,heap        ] GC(807) PSYoungGen: 301824K(304640K)->1567K(305664K) Eden: 301056K(301056K)->0K(301056K) From: 768K(3584K)->1567K(4608K)
[405.398s][info][gc,heap        ] GC(807) ParOldGen: 597911K(598016K)->597927K(598016K)
[405.398s][info][gc,metaspace   ] GC(807) Metaspace: 57411K(57728K)->57411K(57728K) NonClass: 49128K(49344K)->49128K(49344K) Class: 8282K(8384K)->8282K(8384K)
[405.398s][info][gc             ] GC(807) Pause Young (Allocation Failure) 878M->585M(882M) 4.030ms
[405.398s][info][gc,cpu         ] GC(807) User=0.01s Sys=0.00s Real=0.01s
[406.210s][info][gc,start       ] GC(808) Pause Young (Allocation Failure)
[406.214s][info][gc,heap        ] GC(808) PSYoungGen: 302505K(305664K)->1375K(328704K) Eden: 300937K(301056K)->0K(325120K) From: 1567K(4608K)->1375K(3584K)
[406.214s][info][gc,heap        ] GC(808) ParOldGen: 597927K(598016K)->597943K(598016K)
[406.214s][info][gc,metaspace   ] GC(808) Metaspace: 57411K(57728K)->57411K(57728K) NonClass: 49128K(49344K)->49128K(49344K) Class: 8282K(8384K)->8282K(8384K)
[406.214s][info][gc             ] GC(808) Pause Young (Allocation Failure) 879M->585M(905M) 4.178ms
[406.214s][info][gc,cpu         ] GC(808) User=0.01s Sys=0.00s Real=0.00s
[406.911s][info][gc,start       ] GC(809) Pause Young (Allocation Failure)
[406.915s][info][gc,heap        ] GC(809) PSYoungGen: 326495K(328704K)->1152K(313344K) Eden: 325120K(325120K)->0K(311808K) From: 1375K(3584K)->1152K(1536K)
[406.916s][info][gc,heap        ] GC(809) ParOldGen: 597943K(598016K)->597959K(598016K)
[406.916s][info][gc,metaspace   ] GC(809) Metaspace: 57411K(57728K)->57411K(57728K) NonClass: 49128K(49344K)->49128K(49344K) Class: 8282K(8384K)->8282K(8384K)
[406.916s][info][gc             ] GC(809) Pause Young (Allocation Failure) 902M->585M(890M) 4.217ms
[406.916s][info][gc,cpu         ] GC(809) User=0.00s Sys=0.00s Real=0.00s
[407.680s][info][gc,start       ] GC(810) Pause Young (Allocation Failure)
[407.685s][info][gc,heap        ] GC(810) PSYoungGen: 312960K(313344K)->1088K(301056K) Eden: 311808K(311808K)->0K(299520K) From: 1152K(1536K)->1088K(1536K)
[407.685s][info][gc,heap        ] GC(810) ParOldGen: 597959K(598016K)->597975K(598016K)
[407.685s][info][gc,metaspace   ] GC(810) Metaspace: 57411K(57728K)->57411K(57728K) NonClass: 49128K(49344K)->49128K(49344K) Class: 8282K(8384K)->8282K(8384K)
[407.685s][info][gc             ] GC(810) Pause Young (Allocation Failure) 889M->585M(878M) 4.102ms
[407.685s][info][gc,cpu         ] GC(810) User=0.01s Sys=0.00s Real=0.00s
[408.465s][info][gc,start       ] GC(811) Pause Young (Allocation Failure)
[408.469s][info][gc,heap        ] GC(811) PSYoungGen: 300574K(301056K)->1344K(289280K) Eden: 299486K(299520K)->0K(287744K) From: 1088K(1536K)->1344K(1536K)
[408.469s][info][gc,heap        ] GC(811) ParOldGen: 597975K(598016K)->597991K(598016K)
[408.469s][info][gc,metaspace   ] GC(811) Metaspace: 57411K(57728K)->57411K(57728K) NonClass: 49128K(49344K)->49128K(49344K) Class: 8282K(8384K)->8282K(8384K)
[408.469s][info][gc             ] GC(811) Pause Young (Allocation Failure) 877M->585M(866M) 4.053ms
[408.469s][info][gc,cpu         ] GC(811) User=0.00s Sys=0.00s Real=0.01s
[409.094s][info][gc,start       ] GC(812) Pause Young (Allocation Failure)
[409.099s][info][gc,heap        ] GC(812) PSYoungGen: 289088K(289280K)->1983K(278528K) Eden: 287744K(287744K)->0K(276480K) From: 1344K(1536K)->1983K(2048K)
[409.099s][info][gc,heap        ] GC(812) ParOldGen: 597991K(598016K)->598007K(598016K)
[409.099s][info][gc,metaspace   ] GC(812) Metaspace: 57413K(57728K)->57413K(57728K) NonClass: 49130K(49344K)->49130K(49344K) Class: 8282K(8384K)->8282K(8384K)
[409.099s][info][gc             ] GC(812) Pause Young (Allocation Failure) 866M->585M(856M) 4.770ms
[409.099s][info][gc,cpu         ] GC(812) User=0.01s Sys=0.00s Real=0.01s
[409.783s][info][gc,start       ] GC(813) Pause Young (Allocation Failure)
[409.788s][info][gc,heap        ] GC(813) PSYoungGen: 278463K(278528K)->2143K(268288K) Eden: 276480K(276480K)->0K(265728K) From: 1983K(2048K)->2143K(2560K)
[409.788s][info][gc,heap        ] GC(813) ParOldGen: 598007K(598016K)->598023K(598528K)
[409.788s][info][gc,metaspace   ] GC(813) Metaspace: 57413K(57728K)->57413K(57728K) NonClass: 49130K(49344K)->49130K(49344K) Class: 8282K(8384K)->8282K(8384K)
[409.788s][info][gc             ] GC(813) Pause Young (Allocation Failure) 855M->586M(846M) 5.408ms
[409.788s][info][gc,cpu         ] GC(813) User=0.01s Sys=0.00s Real=0.01s
[410.456s][info][gc,start       ] GC(814) Pause Young (Allocation Failure)
[410.459s][info][gc,heap        ] GC(814) PSYoungGen: 267871K(268288K)->372K(256000K) Eden: 265728K(265728K)->0K(255488K) From: 2143K(2560K)->372K(512K)
[410.459s][info][gc,heap        ] GC(814) ParOldGen: 598023K(598528K)->598039K(598528K)
[410.459s][info][gc,metaspace   ] GC(814) Metaspace: 57416K(57792K)->57416K(57792K) NonClass: 49133K(49408K)->49133K(49408K) Class: 8282K(8384K)->8282K(8384K)
[410.459s][info][gc             ] GC(814) Pause Young (Allocation Failure) 845M->584M(834M) 2.713ms
[410.459s][info][gc,cpu         ] GC(814) User=0.01s Sys=0.00s Real=0.00s
[411.070s][info][gc,start       ] GC(815) Pause Young (Allocation Failure)
[411.073s][info][gc,heap        ] GC(815) PSYoungGen: 255860K(256000K)->1311K(249344K) Eden: 255488K(255488K)->0K(245760K) From: 372K(512K)->1311K(3584K)
[411.073s][info][gc,heap        ] GC(815) ParOldGen: 598039K(598528K)->598055K(598528K)
[411.073s][info][gc,metaspace   ] GC(815) Metaspace: 57416K(57792K)->57416K(57792K) NonClass: 49133K(49408K)->49133K(49408K) Class: 8282K(8384K)->8282K(8384K)
[411.073s][info][gc             ] GC(815) Pause Young (Allocation Failure) 833M->585M(828M) 3.409ms
[411.073s][info][gc,cpu         ] GC(815) User=0.01s Sys=0.00s Real=0.00s
[411.672s][info][gc,start       ] GC(816) Pause Young (Allocation Failure)
[411.676s][info][gc,heap        ] GC(816) PSYoungGen: 246901K(249344K)->1119K(238080K) Eden: 245589K(245760K)->0K(236544K) From: 1311K(3584K)->1119K(1536K)
[411.676s][info][gc,heap        ] GC(816) ParOldGen: 598055K(598528K)->598071K(598528K)
[411.676s][info][gc,metaspace   ] GC(816) Metaspace: 57416K(57792K)->57416K(57792K) NonClass: 49133K(49408K)->49133K(49408K) Class: 8282K(8384K)->8282K(8384K)
[411.676s][info][gc             ] GC(816) Pause Young (Allocation Failure) 825M->585M(817M) 3.462ms
[411.676s][info][gc,cpu         ] GC(816) User=0.01s Sys=0.00s Real=0.00s
[412.238s][info][gc,start       ] GC(817) Pause Young (Allocation Failure)
[412.240s][info][gc,heap        ] GC(817) PSYoungGen: 237663K(238080K)->64K(228352K) Eden: 236544K(236544K)->0K(227840K) From: 1119K(1536K)->64K(512K)
[412.240s][info][gc,heap        ] GC(817) ParOldGen: 598071K(598528K)->598087K(598528K)
[412.240s][info][gc,metaspace   ] GC(817) Metaspace: 57416K(57792K)->57416K(57792K) NonClass: 49133K(49408K)->49133K(49408K) Class: 8282K(8384K)->8282K(8384K)
[412.240s][info][gc             ] GC(817) Pause Young (Allocation Failure) 816M->584M(807M) 2.264ms
[412.240s][info][gc,cpu         ] GC(817) User=0.00s Sys=0.00s Real=0.00s
[412.777s][info][gc,start       ] GC(818) Pause Young (Allocation Failure)
[412.781s][info][gc,heap        ] GC(818) PSYoungGen: 227904K(228352K)->1664K(221184K) Eden: 227840K(227840K)->0K(219136K) From: 64K(512K)->1664K(2048K)
[412.781s][info][gc,heap        ] GC(818) ParOldGen: 598087K(598528K)->598103K(598528K)
[412.781s][info][gc,metaspace   ] GC(818) Metaspace: 57416K(57792K)->57416K(57792K) NonClass: 49133K(49408K)->49133K(49408K) Class: 8282K(8384K)->8282K(8384K)
[412.781s][info][gc             ] GC(818) Pause Young (Allocation Failure) 806M->585M(800M) 4.401ms
[412.781s][info][gc,cpu         ] GC(818) User=0.00s Sys=0.00s Real=0.00s
[413.301s][info][gc,start       ] GC(819) Pause Young (Allocation Failure)
[413.304s][info][gc,heap        ] GC(819) PSYoungGen: 220605K(221184K)->992K(211968K) Eden: 218941K(219136K)->0K(210944K) From: 1664K(2048K)->992K(1024K)
[413.304s][info][gc,heap        ] GC(819) ParOldGen: 598103K(598528K)->598119K(598528K)
[413.304s][info][gc,metaspace   ] GC(819) Metaspace: 57416K(57792K)->57416K(57792K) NonClass: 49133K(49408K)->49133K(49408K) Class: 8282K(8384K)->8282K(8384K)
[413.304s][info][gc             ] GC(819) Pause Young (Allocation Failure) 799M->585M(791M) 3.578ms
[413.304s][info][gc,cpu         ] GC(819) User=0.01s Sys=0.00s Real=0.00s
[413.858s][info][gc,start       ] GC(820) Pause Young (Allocation Failure)
[413.861s][info][gc,heap        ] GC(820) PSYoungGen: 211936K(211968K)->562K(204288K) Eden: 210944K(210944K)->0K(203264K) From: 992K(1024K)->562K(1024K)
[413.861s][info][gc,heap        ] GC(820) ParOldGen: 598119K(598528K)->598135K(598528K)
[413.861s][info][gc,metaspace   ] GC(820) Metaspace: 57416K(57792K)->57416K(57792K) NonClass: 49133K(49408K)->49133K(49408K) Class: 8282K(8384K)->8282K(8384K)
[413.861s][info][gc             ] GC(820) Pause Young (Allocation Failure) 791M->584M(784M) 2.944ms
[413.861s][info][gc,cpu         ] GC(820) User=0.00s Sys=0.00s Real=0.00s
[414.359s][info][gc,start       ] GC(821) Pause Young (Allocation Failure)
[414.361s][info][gc,heap        ] GC(821) PSYoungGen: 203826K(204288K)->466K(196608K) Eden: 203264K(203264K)->0K(196096K) From: 562K(1024K)->466K(512K)
[414.361s][info][gc,heap        ] GC(821) ParOldGen: 598135K(598528K)->598151K(598528K)
[414.361s][info][gc,metaspace   ] GC(821) Metaspace: 57416K(57792K)->57416K(57792K) NonClass: 49133K(49408K)->49133K(49408K) Class: 8282K(8384K)->8282K(8384K)
[414.361s][info][gc             ] GC(821) Pause Young (Allocation Failure) 783M->584M(776M) 2.606ms
[414.361s][info][gc,cpu         ] GC(821) User=0.00s Sys=0.00s Real=0.00s
[414.797s][info][gc,start       ] GC(822) Pause Young (Allocation Failure)
[414.801s][info][gc,heap        ] GC(822) PSYoungGen: 196562K(196608K)->1759K(190976K) Eden: 196096K(196096K)->0K(188928K) From: 466K(512K)->1759K(2048K)
[414.801s][info][gc,heap        ] GC(822) ParOldGen: 598151K(598528K)->598167K(598528K)
[414.801s][info][gc,metaspace   ] GC(822) Metaspace: 57416K(57792K)->57416K(57792K) NonClass: 49133K(49408K)->49133K(49408K) Class: 8282K(8384K)->8282K(8384K)
[414.801s][info][gc             ] GC(822) Pause Young (Allocation Failure) 776M->585M(771M) 4.214ms
[414.801s][info][gc,cpu         ] GC(822) User=0.01s Sys=0.00s Real=0.00s
[415.287s][info][gc,start       ] GC(823) Pause Young (Allocation Failure)
[415.291s][info][gc,heap        ] GC(823) PSYoungGen: 190687K(190976K)->2079K(184832K) Eden: 188928K(188928K)->0K(182272K) From: 1759K(2048K)->2079K(2560K)
[415.291s][info][gc,heap        ] GC(823) ParOldGen: 598167K(598528K)->598183K(598528K)
[415.291s][info][gc,metaspace   ] GC(823) Metaspace: 57416K(57792K)->57416K(57792K) NonClass: 49133K(49408K)->49133K(49408K) Class: 8282K(8384K)->8282K(8384K)
[415.291s][info][gc             ] GC(823) Pause Young (Allocation Failure) 770M->586M(765M) 4.699ms
[415.291s][info][gc,cpu         ] GC(823) User=0.01s Sys=0.00s Real=0.00s
[415.704s][info][gc,start       ] GC(824) Pause Young (Allocation Failure)
[415.711s][info][gc,heap        ] GC(824) PSYoungGen: 184351K(184832K)->1790K(178176K) Eden: 182272K(182272K)->0K(176128K) From: 2079K(2560K)->1790K(2048K)
[415.711s][info][gc,heap        ] GC(824) ParOldGen: 598183K(598528K)->598199K(598528K)
[415.711s][info][gc,metaspace   ] GC(824) Metaspace: 57416K(57792K)->57416K(57792K) NonClass: 49133K(49408K)->49133K(49408K) Class: 8282K(8384K)->8282K(8384K)
[415.711s][info][gc             ] GC(824) Pause Young (Allocation Failure) 764M->585M(758M) 7.025ms
[415.711s][info][gc,cpu         ] GC(824) User=0.00s Sys=0.00s Real=0.01s
[416.161s][info][gc,start       ] GC(825) Pause Young (Allocation Failure)
[416.164s][info][gc,heap        ] GC(825) PSYoungGen: 177918K(178176K)->768K(171008K) Eden: 176128K(176128K)->0K(169984K) From: 1790K(2048K)->768K(1024K)
[416.164s][info][gc,heap        ] GC(825) ParOldGen: 598199K(598528K)->598215K(598528K)
[416.164s][info][gc,metaspace   ] GC(825) Metaspace: 57416K(57792K)->57416K(57792K) NonClass: 49133K(49408K)->49133K(49408K) Class: 8282K(8384K)->8282K(8384K)
[416.164s][info][gc             ] GC(825) Pause Young (Allocation Failure) 757M->584M(751M) 3.149ms
[416.164s][info][gc,cpu         ] GC(825) User=0.00s Sys=0.00s Real=0.00s
[416.566s][info][gc,start       ] GC(826) Pause Young (Allocation Failure)
[416.570s][info][gc,heap        ] GC(826) PSYoungGen: 170752K(171008K)->1567K(166400K) Eden: 169984K(169984K)->0K(164352K) From: 768K(1024K)->1567K(2048K)
[416.570s][info][gc,heap        ] GC(826) ParOldGen: 598215K(598528K)->598231K(598528K)
[416.570s][info][gc,metaspace   ] GC(826) Metaspace: 57416K(57792K)->57416K(57792K) NonClass: 49133K(49408K)->49133K(49408K) Class: 8282K(8384K)->8282K(8384K)
[416.570s][info][gc             ] GC(826) Pause Young (Allocation Failure) 750M->585M(747M) 3.824ms
[416.570s][info][gc,cpu         ] GC(826) User=0.00s Sys=0.00s Real=0.00s
[416.968s][info][gc,start       ] GC(827) Pause Young (Allocation Failure)
[416.971s][info][gc,heap        ] GC(827) PSYoungGen: 165868K(166400K)->1439K(160256K) Eden: 164301K(164352K)->0K(158720K) From: 1567K(2048K)->1439K(1536K)
[416.972s][info][gc,heap        ] GC(827) ParOldGen: 598231K(598528K)->598247K(598528K)
[416.972s][info][gc,metaspace   ] GC(827) Metaspace: 57416K(57792K)->57416K(57792K) NonClass: 49133K(49408K)->49133K(49408K) Class: 8282K(8384K)->8282K(8384K)
[416.972s][info][gc             ] GC(827) Pause Young (Allocation Failure) 746M->585M(741M) 3.695ms
[416.972s][info][gc,cpu         ] GC(827) User=0.01s Sys=0.00s Real=0.00s
[417.361s][info][gc,start       ] GC(828) Pause Young (Allocation Failure)
[417.365s][info][gc,heap        ] GC(828) PSYoungGen: 160159K(160256K)->799K(154624K) Eden: 158720K(158720K)->0K(153600K) From: 1439K(1536K)->799K(1024K)
[417.365s][info][gc,heap        ] GC(828) ParOldGen: 598247K(598528K)->598263K(598528K)
[417.365s][info][gc,metaspace   ] GC(828) Metaspace: 57416K(57792K)->57416K(57792K) NonClass: 49133K(49408K)->49133K(49408K) Class: 8282K(8384K)->8282K(8384K)
[417.365s][info][gc             ] GC(828) Pause Young (Allocation Failure) 740M->585M(735M) 3.153ms
[417.365s][info][gc,cpu         ] GC(828) User=0.01s Sys=0.00s Real=0.00s
[417.818s][info][gc,start       ] GC(829) Pause Young (Allocation Failure)
[417.822s][info][gc,heap        ] GC(829) PSYoungGen: 154399K(154624K)->1759K(150528K) Eden: 153600K(153600K)->0K(148480K) From: 799K(1024K)->1759K(2048K)
[417.822s][info][gc,heap        ] GC(829) ParOldGen: 598263K(598528K)->598279K(598528K)
[417.822s][info][gc,metaspace   ] GC(829) Metaspace: 57416K(57792K)->57416K(57792K) NonClass: 49133K(49408K)->49133K(49408K) Class: 8282K(8384K)->8282K(8384K)
[417.822s][info][gc             ] GC(829) Pause Young (Allocation Failure) 735M->585M(731M) 4.203ms
[417.822s][info][gc,cpu         ] GC(829) User=0.01s Sys=0.00s Real=0.00s
[418.078s][info][gc,start       ] GC(830) Pause Young (Allocation Failure)
[418.082s][info][gc,heap        ] GC(830) PSYoungGen: 150239K(150528K)->1567K(179200K) Eden: 148480K(148480K)->0K(177152K) From: 1759K(2048K)->1567K(2048K)
[418.082s][info][gc,heap        ] GC(830) ParOldGen: 598279K(598528K)->598295K(598528K)
[418.082s][info][gc,metaspace   ] GC(830) Metaspace: 57416K(57792K)->57416K(57792K) NonClass: 49133K(49408K)->49133K(49408K) Class: 8282K(8384K)->8282K(8384K)
[418.082s][info][gc             ] GC(830) Pause Young (Allocation Failure) 730M->585M(759M) 3.818ms
[418.082s][info][gc,cpu         ] GC(830) User=0.01s Sys=0.00s Real=0.00s
[418.495s][info][gc,start       ] GC(831) Pause Young (Allocation Failure)
[418.500s][info][gc,heap        ] GC(831) PSYoungGen: 178719K(179200K)->2303K(214016K) Eden: 177152K(177152K)->0K(211456K) From: 1567K(2048K)->2303K(2560K)
[418.500s][info][gc,heap        ] GC(831) ParOldGen: 598295K(598528K)->598311K(598528K)
[418.500s][info][gc,metaspace   ] GC(831) Metaspace: 57416K(57792K)->57416K(57792K) NonClass: 49133K(49408K)->49133K(49408K) Class: 8282K(8384K)->8282K(8384K)
[418.500s][info][gc             ] GC(831) Pause Young (Allocation Failure) 758M->586M(793M) 4.921ms
[418.500s][info][gc,cpu         ] GC(831) User=0.00s Sys=0.00s Real=0.01s
[418.997s][info][gc,start       ] GC(832) Pause Young (Allocation Failure)
[419.001s][info][gc,heap        ] GC(832) PSYoungGen: 213739K(214016K)->1152K(205312K) Eden: 211435K(211456K)->0K(203776K) From: 2303K(2560K)->1152K(1536K)
[419.001s][info][gc,heap        ] GC(832) ParOldGen: 598311K(598528K)->598327K(598528K)
[419.001s][info][gc,metaspace   ] GC(832) Metaspace: 57416K(57792K)->57416K(57792K) NonClass: 49133K(49408K)->49133K(49408K) Class: 8282K(8384K)->8282K(8384K)
[419.001s][info][gc             ] GC(832) Pause Young (Allocation Failure) 793M->585M(785M) 3.747ms
[419.001s][info][gc,cpu         ] GC(832) User=0.01s Sys=0.00s Real=0.00s
[419.501s][info][gc,start       ] GC(833) Pause Young (Allocation Failure)
[419.504s][info][gc,heap        ] GC(833) PSYoungGen: 204928K(205312K)->1151K(198144K) Eden: 203776K(203776K)->0K(196608K) From: 1152K(1536K)->1151K(1536K)
[419.504s][info][gc,heap        ] GC(833) ParOldGen: 598327K(598528K)->598343K(598528K)
[419.504s][info][gc,metaspace   ] GC(833) Metaspace: 57416K(57792K)->57416K(57792K) NonClass: 49133K(49408K)->49133K(49408K) Class: 8282K(8384K)->8282K(8384K)
[419.504s][info][gc             ] GC(833) Pause Young (Allocation Failure) 784M->585M(778M) 3.329ms
[419.504s][info][gc,cpu         ] GC(833) User=0.00s Sys=0.00s Real=0.00s
[419.989s][info][gc,start       ] GC(834) Pause Young (Allocation Failure)
[419.994s][info][gc,heap        ] GC(834) PSYoungGen: 197652K(198144K)->2048K(191488K) Eden: 196501K(196608K)->0K(189440K) From: 1151K(1536K)->2048K(2048K)
[419.994s][info][gc,heap        ] GC(834) ParOldGen: 598343K(598528K)->598359K(598528K)
[419.994s][info][gc,metaspace   ] GC(834) Metaspace: 57416K(57792K)->57416K(57792K) NonClass: 49133K(49408K)->49133K(49408K) Class: 8282K(8384K)->8282K(8384K)
[419.994s][info][gc             ] GC(834) Pause Young (Allocation Failure) 777M->586M(771M) 4.948ms
[419.994s][info][gc,cpu         ] GC(834) User=0.01s Sys=0.00s Real=0.00s
[420.469s][info][gc,start       ] GC(835) Pause Young (Allocation Failure)
[420.474s][info][gc,heap        ] GC(835) PSYoungGen: 191488K(191488K)->1855K(184832K) Eden: 189440K(189440K)->0K(182784K) From: 2048K(2048K)->1855K(2048K)
[420.474s][info][gc,heap        ] GC(835) ParOldGen: 598359K(598528K)->598375K(598528K)
[420.474s][info][gc,metaspace   ] GC(835) Metaspace: 57416K(57792K)->57416K(57792K) NonClass: 49133K(49408K)->49133K(49408K) Class: 8282K(8384K)->8282K(8384K)
[420.474s][info][gc             ] GC(835) Pause Young (Allocation Failure) 771M->586M(765M) 4.294ms
[420.474s][info][gc,cpu         ] GC(835) User=0.01s Sys=0.00s Real=0.00s
[420.896s][info][gc,start       ] GC(836) Pause Young (Allocation Failure)
[420.901s][info][gc,heap        ] GC(836) PSYoungGen: 184392K(184832K)->2016K(178688K) Eden: 182536K(182784K)->0K(176640K) From: 1855K(2048K)->2016K(2048K)
[420.901s][info][gc,heap        ] GC(836) ParOldGen: 598375K(598528K)->598391K(598528K)
[420.901s][info][gc,metaspace   ] GC(836) Metaspace: 57416K(57792K)->57416K(57792K) NonClass: 49133K(49408K)->49133K(49408K) Class: 8282K(8384K)->8282K(8384K)
[420.901s][info][gc             ] GC(836) Pause Young (Allocation Failure) 764M->586M(759M) 4.946ms
[420.901s][info][gc,cpu         ] GC(836) User=0.01s Sys=0.00s Real=0.00s
[421.360s][info][gc,start       ] GC(837) Pause Young (Allocation Failure)
[421.363s][info][gc,heap        ] GC(837) PSYoungGen: 178656K(178688K)->736K(171520K) Eden: 176640K(176640K)->0K(170496K) From: 2016K(2048K)->736K(1024K)
[421.363s][info][gc,heap        ] GC(837) ParOldGen: 598391K(598528K)->598407K(598528K)
[421.363s][info][gc,metaspace   ] GC(837) Metaspace: 57416K(57792K)->57416K(57792K) NonClass: 49133K(49408K)->49133K(49408K) Class: 8282K(8384K)->8282K(8384K)
[421.363s][info][gc             ] GC(837) Pause Young (Allocation Failure) 758M->585M(752M) 3.141ms
[421.363s][info][gc,cpu         ] GC(837) User=0.00s Sys=0.01s Real=0.00s
[421.807s][info][gc,start       ] GC(838) Pause Young (Allocation Failure)
[421.811s][info][gc,heap        ] GC(838) PSYoungGen: 171232K(171520K)->1727K(166912K) Eden: 170496K(170496K)->0K(164864K) From: 736K(1024K)->1727K(2048K)
[421.811s][info][gc,heap        ] GC(838) ParOldGen: 598407K(598528K)->598423K(598528K)
[421.811s][info][gc,metaspace   ] GC(838) Metaspace: 57416K(57792K)->57416K(57792K) NonClass: 49133K(49408K)->49133K(49408K) Class: 8282K(8384K)->8282K(8384K)
[421.811s][info][gc             ] GC(838) Pause Young (Allocation Failure) 751M->586M(747M) 4.051ms
[421.811s][info][gc,cpu         ] GC(838) User=0.01s Sys=0.00s Real=0.00s
[422.171s][info][gc,start       ] GC(839) Pause Young (Allocation Failure)
[422.176s][info][gc,heap        ] GC(839) PSYoungGen: 166591K(166912K)->2014K(161280K) Eden: 164864K(164864K)->0K(159232K) From: 1727K(2048K)->2014K(2048K)
[422.176s][info][gc,heap        ] GC(839) ParOldGen: 598423K(598528K)->598439K(598528K)
[422.176s][info][gc,metaspace   ] GC(839) Metaspace: 57416K(57792K)->57416K(57792K) NonClass: 49133K(49408K)->49133K(49408K) Class: 8282K(8384K)->8282K(8384K)
[422.176s][info][gc             ] GC(839) Pause Young (Allocation Failure) 747M->586M(742M) 4.177ms
[422.176s][info][gc,cpu         ] GC(839) User=0.01s Sys=0.00s Real=0.00s
[422.564s][info][gc,start       ] GC(840) Pause Young (Allocation Failure)
[422.568s][info][gc,heap        ] GC(840) PSYoungGen: 161246K(161280K)->1023K(155136K) Eden: 159232K(159232K)->0K(154112K) From: 2014K(2048K)->1023K(1024K)
[422.568s][info][gc,heap        ] GC(840) ParOldGen: 598439K(598528K)->598455K(598528K)
[422.568s][info][gc,metaspace   ] GC(840) Metaspace: 57416K(57792K)->57416K(57792K) NonClass: 49133K(49408K)->49133K(49408K) Class: 8282K(8384K)->8282K(8384K)
[422.568s][info][gc             ] GC(840) Pause Young (Allocation Failure) 741M->585M(736M) 3.508ms
[422.568s][info][gc,cpu         ] GC(840) User=0.01s Sys=0.00s Real=0.01s
[422.909s][info][gc,start       ] GC(841) Pause Young (Allocation Failure)
[422.912s][info][gc,heap        ] GC(841) PSYoungGen: 155069K(155136K)->704K(150016K) Eden: 154045K(154112K)->0K(148992K) From: 1023K(1024K)->704K(1024K)
[422.912s][info][gc,heap        ] GC(841) ParOldGen: 598455K(598528K)->598471K(598528K)
[422.912s][info][gc,metaspace   ] GC(841) Metaspace: 57416K(57792K)->57416K(57792K) NonClass: 49133K(49408K)->49133K(49408K) Class: 8282K(8384K)->8282K(8384K)
[422.912s][info][gc             ] GC(841) Pause Young (Allocation Failure) 735M->585M(731M) 3.093ms
[422.912s][info][gc,cpu         ] GC(841) User=0.01s Sys=0.00s Real=0.00s
[423.341s][info][gc,start       ] GC(842) Pause Young (Allocation Failure)
[423.348s][info][gc,heap        ] GC(842) PSYoungGen: 149696K(150016K)->832K(179200K) Eden: 148992K(148992K)->0K(178176K) From: 704K(1024K)->832K(1024K)
[423.348s][info][gc,heap        ] GC(842) ParOldGen: 598471K(598528K)->598487K(598528K)
[423.348s][info][gc,metaspace   ] GC(842) Metaspace: 57416K(57792K)->57416K(57792K) NonClass: 49133K(49408K)->49133K(49408K) Class: 8282K(8384K)->8282K(8384K)
[423.348s][info][gc             ] GC(842) Pause Young (Allocation Failure) 730M->585M(759M) 7.331ms
[423.348s][info][gc,cpu         ] GC(842) User=0.00s Sys=0.00s Real=0.01s
[423.704s][info][gc,start       ] GC(843) Pause Young (Allocation Failure)
[423.708s][info][gc,heap        ] GC(843) PSYoungGen: 179008K(179200K)->1567K(214528K) Eden: 178176K(178176K)->0K(212480K) From: 832K(1024K)->1567K(2048K)
[423.708s][info][gc,heap        ] GC(843) ParOldGen: 598487K(598528K)->598503K(598528K)
[423.708s][info][gc,metaspace   ] GC(843) Metaspace: 57416K(57792K)->57416K(57792K) NonClass: 49133K(49408K)->49133K(49408K) Class: 8282K(8384K)->8282K(8384K)
[423.708s][info][gc             ] GC(843) Pause Young (Allocation Failure) 759M->586M(794M) 3.931ms
[423.708s][info][gc,cpu         ] GC(843) User=0.01s Sys=0.00s Real=0.01s
[424.303s][info][gc,start       ] GC(844) Pause Young (Allocation Failure)
[424.308s][info][gc,heap        ] GC(844) PSYoungGen: 214047K(214528K)->512K(253952K) Eden: 212480K(212480K)->0K(252928K) From: 1567K(2048K)->512K(1024K)
[424.308s][info][gc,heap        ] GC(844) ParOldGen: 598503K(598528K)->598519K(598528K)
[424.308s][info][gc,metaspace   ] GC(844) Metaspace: 57416K(57792K)->57416K(57792K) NonClass: 49133K(49408K)->49133K(49408K) Class: 8282K(8384K)->8282K(8384K)
[424.308s][info][gc             ] GC(844) Pause Young (Allocation Failure) 793M->584M(832M) 5.254ms
[424.308s][info][gc,cpu         ] GC(844) User=0.01s Sys=0.00s Real=0.01s
[424.867s][info][gc,start       ] GC(845) Pause Young (Allocation Failure)
[424.872s][info][gc,heap        ] GC(845) PSYoungGen: 253440K(253952K)->1791K(245248K) Eden: 252928K(252928K)->0K(243200K) From: 512K(1024K)->1791K(2048K)
[424.872s][info][gc,heap        ] GC(845) ParOldGen: 598519K(598528K)->598535K(599040K)
[424.872s][info][gc,metaspace   ] GC(845) Metaspace: 57416K(57792K)->57416K(57792K) NonClass: 49133K(49408K)->49133K(49408K) Class: 8282K(8384K)->8282K(8384K)
[424.872s][info][gc             ] GC(845) Pause Young (Allocation Failure) 831M->586M(824M) 4.429ms
[424.872s][info][gc,cpu         ] GC(845) User=0.01s Sys=0.00s Real=0.00s
[425.496s][info][gc,start       ] GC(846) Pause Young (Allocation Failure)
[425.502s][info][gc,heap        ] GC(846) PSYoungGen: 244991K(245248K)->2911K(237056K) Eden: 243200K(243200K)->0K(233984K) From: 1791K(2048K)->2911K(3072K)
[425.502s][info][gc,heap        ] GC(846) ParOldGen: 598535K(599040K)->598551K(599040K)
[425.502s][info][gc,metaspace   ] GC(846) Metaspace: 57416K(57792K)->57416K(57792K) NonClass: 49133K(49408K)->49133K(49408K) Class: 8282K(8384K)->8282K(8384K)
[425.502s][info][gc             ] GC(846) Pause Young (Allocation Failure) 823M->587M(816M) 5.779ms
[425.502s][info][gc,cpu         ] GC(846) User=0.01s Sys=0.00s Real=0.00s
[426.011s][info][gc,start       ] GC(847) Pause Young (Allocation Failure)
[426.014s][info][gc,heap        ] GC(847) PSYoungGen: 236772K(237056K)->512K(225792K) Eden: 233861K(233984K)->0K(225280K) From: 2911K(3072K)->512K(512K)
[426.014s][info][gc,heap        ] GC(847) ParOldGen: 598551K(599040K)->598567K(599040K)
[426.014s][info][gc,metaspace   ] GC(847) Metaspace: 57416K(57792K)->57416K(57792K) NonClass: 49133K(49408K)->49133K(49408K) Class: 8282K(8384K)->8282K(8384K)
[426.014s][info][gc             ] GC(847) Pause Young (Allocation Failure) 815M->585M(805M) 3.014ms
[426.014s][info][gc,cpu         ] GC(847) User=0.00s Sys=0.00s Real=0.00s
[426.576s][info][gc,start       ] GC(848) Pause Young (Allocation Failure)
[426.581s][info][gc,heap        ] GC(848) PSYoungGen: 225792K(225792K)->1983K(219136K) Eden: 225280K(225280K)->0K(217088K) From: 512K(512K)->1983K(2048K)
[426.581s][info][gc,heap        ] GC(848) ParOldGen: 598567K(599040K)->598583K(599040K)
[426.581s][info][gc,metaspace   ] GC(848) Metaspace: 57416K(57792K)->57416K(57792K) NonClass: 49133K(49408K)->49133K(49408K) Class: 8282K(8384K)->8282K(8384K)
[426.581s][info][gc             ] GC(848) Pause Young (Allocation Failure) 805M->586M(799M) 4.524ms
[426.581s][info][gc,cpu         ] GC(848) User=0.00s Sys=0.00s Real=0.00s
[427.095s][info][gc,start       ] GC(849) Pause Young (Allocation Failure)
[427.101s][info][gc,heap        ] GC(849) PSYoungGen: 218759K(219136K)->2304K(211456K) Eden: 216776K(217088K)->0K(208896K) From: 1983K(2048K)->2304K(2560K)
[427.101s][info][gc,heap        ] GC(849) ParOldGen: 598583K(599040K)->598599K(599040K)
[427.101s][info][gc,metaspace   ] GC(849) Metaspace: 57416K(57792K)->57416K(57792K) NonClass: 49133K(49408K)->49133K(49408K) Class: 8282K(8384K)->8282K(8384K)
[427.101s][info][gc             ] GC(849) Pause Young (Allocation Failure) 798M->586M(791M) 5.322ms
[427.101s][info][gc,cpu         ] GC(849) User=0.01s Sys=0.00s Real=0.01s
[427.596s][info][gc,start       ] GC(850) Pause Young (Allocation Failure)
[427.600s][info][gc,heap        ] GC(850) PSYoungGen: 211133K(211456K)->1536K(202752K) Eden: 208829K(208896K)->0K(201216K) From: 2304K(2560K)->1536K(1536K)
[427.600s][info][gc,heap        ] GC(850) ParOldGen: 598599K(599040K)->598615K(599040K)
[427.600s][info][gc,metaspace   ] GC(850) Metaspace: 57416K(57792K)->57416K(57792K) NonClass: 49133K(49408K)->49133K(49408K) Class: 8282K(8384K)->8282K(8384K)
[427.600s][info][gc             ] GC(850) Pause Young (Allocation Failure) 790M->586M(783M) 4.312ms
[427.600s][info][gc,cpu         ] GC(850) User=0.01s Sys=0.00s Real=0.01s
[428.212s][info][gc,start       ] GC(851) Pause Young (Allocation Failure)
[428.217s][info][gc,heap        ] GC(851) PSYoungGen: 202752K(202752K)->1792K(196096K) Eden: 201216K(201216K)->0K(194048K) From: 1536K(1536K)->1792K(2048K)
[428.217s][info][gc,heap        ] GC(851) ParOldGen: 598615K(599040K)->598631K(599040K)
[428.217s][info][gc,metaspace   ] GC(851) Metaspace: 57416K(57792K)->57416K(57792K) NonClass: 49133K(49408K)->49133K(49408K) Class: 8282K(8384K)->8282K(8384K)
[428.217s][info][gc             ] GC(851) Pause Young (Allocation Failure) 782M->586M(776M) 4.661ms
[428.217s][info][gc,cpu         ] GC(851) User=0.01s Sys=0.00s Real=0.01s
[428.680s][info][gc,start       ] GC(852) Pause Young (Allocation Failure)
[428.685s][info][gc,heap        ] GC(852) PSYoungGen: 195840K(196096K)->2367K(189440K) Eden: 194048K(194048K)->0K(186880K) From: 1792K(2048K)->2367K(2560K)
[428.685s][info][gc,heap        ] GC(852) ParOldGen: 598631K(599040K)->598647K(599040K)
[428.685s][info][gc,metaspace   ] GC(852) Metaspace: 57416K(57792K)->57416K(57792K) NonClass: 49133K(49408K)->49133K(49408K) Class: 8282K(8384K)->8282K(8384K)
[428.685s][info][gc             ] GC(852) Pause Young (Allocation Failure) 775M->586M(770M) 4.917ms
[428.685s][info][gc,cpu         ] GC(852) User=0.01s Sys=0.00s Real=0.00s
[429.111s][info][gc,start       ] GC(853) Pause Young (Allocation Failure)
[429.114s][info][gc,heap        ] GC(853) PSYoungGen: 189247K(189440K)->468K(180736K) Eden: 186880K(186880K)->0K(180224K) From: 2367K(2560K)->468K(512K)
[429.114s][info][gc,heap        ] GC(853) ParOldGen: 598647K(599040K)->598663K(599040K)
[429.114s][info][gc,metaspace   ] GC(853) Metaspace: 57416K(57792K)->57416K(57792K) NonClass: 49133K(49408K)->49133K(49408K) Class: 8282K(8384K)->8282K(8384K)
[429.114s][info][gc             ] GC(853) Pause Young (Allocation Failure) 769M->585M(761M) 2.721ms
[429.114s][info][gc,cpu         ] GC(853) User=0.00s Sys=0.00s Real=0.00s
[429.578s][info][gc,start       ] GC(854) Pause Young (Allocation Failure)
[429.582s][info][gc,heap        ] GC(854) PSYoungGen: 180692K(180736K)->1951K(176128K) Eden: 180224K(180224K)->0K(174080K) From: 468K(512K)->1951K(2048K)
[429.582s][info][gc,heap        ] GC(854) ParOldGen: 598663K(599040K)->598679K(599040K)
[429.582s][info][gc,metaspace   ] GC(854) Metaspace: 57416K(57792K)->57416K(57792K) NonClass: 49133K(49408K)->49133K(49408K) Class: 8282K(8384K)->8282K(8384K)
[429.582s][info][gc             ] GC(854) Pause Young (Allocation Failure) 761M->586M(757M) 4.374ms
[429.582s][info][gc,cpu         ] GC(854) User=0.01s Sys=0.01s Real=0.00s
[429.992s][info][gc,start       ] GC(855) Pause Young (Allocation Failure)
[429.996s][info][gc,heap        ] GC(855) PSYoungGen: 176031K(176128K)->1952K(169984K) Eden: 174080K(174080K)->0K(167936K) From: 1951K(2048K)->1952K(2048K)
[429.996s][info][gc,heap        ] GC(855) ParOldGen: 598679K(599040K)->598695K(599040K)
[429.996s][info][gc,metaspace   ] GC(855) Metaspace: 57416K(57792K)->57416K(57792K) NonClass: 49133K(49408K)->49133K(49408K) Class: 8282K(8384K)->8282K(8384K)
[429.996s][info][gc             ] GC(855) Pause Young (Allocation Failure) 756M->586M(751M) 4.819ms
[429.996s][info][gc,cpu         ] GC(855) User=0.01s Sys=0.00s Real=0.01s
[431.532s][info][gc,start       ] GC(856) Pause Young (Allocation Failure)
[431.574s][info][gc,heap        ] GC(856) PSYoungGen: 145909K(169984K)->64K(201216K) Eden: 143957K(167936K)->0K(200704K) From: 1952K(2048K)->64K(512K)
[431.574s][info][gc,heap        ] GC(856) ParOldGen: 598695K(599040K)->637773K(638464K)
[431.574s][info][gc,metaspace   ] GC(856) Metaspace: 57420K(57792K)->57420K(57792K) NonClass: 49137K(49408K)->49137K(49408K) Class: 8282K(8384K)->8282K(8384K)
[431.575s][info][gc             ] GC(856) Pause Young (Allocation Failure) 727M->622M(820M) 42.904ms
[431.575s][info][gc,cpu         ] GC(856) User=0.07s Sys=0.02s Real=0.04s
[433.035s][info][gc,start       ] GC(857) Pause Young (Allocation Failure)
[433.046s][info][gc,promotion   ] GC(857) Promotion failed
[433.046s][info][gc,heap        ] GC(857) PSYoungGen: 200768K(201216K)->200768K(201216K) Eden: 200704K(200704K)->200704K(200704K) From: 64K(512K)->64K(512K)
[433.046s][info][gc,heap        ] GC(857) ParOldGen: 637773K(638464K)->643507K(667648K)
[433.046s][info][gc,metaspace   ] GC(857) Metaspace: 57535K(57856K)->57535K(57856K) NonClass: 49252K(49472K)->49252K(49472K) Class: 8282K(8384K)->8282K(8384K)
[433.046s][info][gc             ] GC(857) Pause Young (Allocation Failure) 818M->824M(848M) 10.732ms
[433.046s][info][gc,cpu         ] GC(857) User=0.01s Sys=0.00s Real=0.01s
[433.046s][info][gc,start       ] GC(858) Pause Full (Allocation Failure)
[433.046s][info][gc,phases,start] GC(858) Marking Phase
[433.092s][info][gc,phases      ] GC(858) Marking Phase 46.254ms
[433.092s][info][gc,phases,start] GC(858) Summary Phase
[433.092s][info][gc,phases      ] GC(858) Summary Phase 0.024ms
[433.092s][info][gc,phases,start] GC(858) Forward
[433.095s][info][gc,phases      ] GC(858) Forward 2.952ms
[433.095s][info][gc,phases,start] GC(858) Adjust Pointers
[433.117s][info][gc,phases      ] GC(858) Adjust Pointers 21.583ms
[433.117s][info][gc,phases,start] GC(858) Compaction Phase
[433.136s][info][gc,phases      ] GC(858) Compaction Phase 19.353ms
[433.136s][info][gc,phases,start] GC(858) Post Compact
[433.139s][info][gc,phases      ] GC(858) Post Compact 3.107ms
[433.164s][info][gc,heap        ] GC(858) PSYoungGen: 200768K(201216K)->0K(243200K) Eden: 200704K(200704K)->0K(239616K) From: 64K(512K)->0K(3584K)
[433.164s][info][gc,heap        ] GC(858) ParOldGen: 643507K(667648K)->286017K(372224K)
[433.164s][info][gc,metaspace   ] GC(858) Metaspace: 57535K(57856K)->57535K(57856K) NonClass: 49252K(49472K)->49252K(49472K) Class: 8282K(8384K)->8282K(8384K)
[433.164s][info][gc             ] GC(858) Pause Full (Allocation Failure) 824M->279M(601M) 118.104ms
[433.164s][info][gc,cpu         ] GC(858) User=0.14s Sys=0.03s Real=0.11s
[433.675s][info][gc,start       ] GC(859) Pause Young (Allocation Failure)
[433.679s][info][gc,heap        ] GC(859) PSYoungGen: 239616K(243200K)->2079K(264192K) Eden: 239616K(239616K)->0K(260608K) From: 0K(3584K)->2079K(3584K)
[433.679s][info][gc,heap        ] GC(859) ParOldGen: 286017K(372224K)->286017K(372224K)
[433.679s][info][gc,metaspace   ] GC(859) Metaspace: 57535K(57856K)->57535K(57856K) NonClass: 49252K(49472K)->49252K(49472K) Class: 8282K(8384K)->8282K(8384K)
[433.679s][info][gc             ] GC(859) Pause Young (Allocation Failure) 513M->281M(621M) 4.073ms
[433.679s][info][gc,cpu         ] GC(859) User=0.01s Sys=0.00s Real=0.01s
[434.297s][info][gc,start       ] GC(860) Pause Young (Allocation Failure)
[434.301s][info][gc,heap        ] GC(860) PSYoungGen: 262403K(264192K)->1504K(252416K) Eden: 260324K(260608K)->0K(250880K) From: 2079K(3584K)->1504K(1536K)
[434.301s][info][gc,heap        ] GC(860) ParOldGen: 286017K(372224K)->286137K(372224K)
[434.301s][info][gc,metaspace   ] GC(860) Metaspace: 57535K(57856K)->57535K(57856K) NonClass: 49252K(49472K)->49252K(49472K) Class: 8282K(8384K)->8282K(8384K)
[434.301s][info][gc             ] GC(860) Pause Young (Allocation Failure) 535M->280M(610M) 3.951ms
[434.301s][info][gc,cpu         ] GC(860) User=0.01s Sys=0.00s Real=0.00s
[434.906s][info][gc,start       ] GC(861) Pause Young (Allocation Failure)
[434.908s][info][gc,heap        ] GC(861) PSYoungGen: 252287K(252416K)->512K(241664K) Eden: 250783K(250880K)->0K(241152K) From: 1504K(1536K)->512K(512K)
[434.908s][info][gc,heap        ] GC(861) ParOldGen: 286137K(372224K)->286153K(372224K)
[434.908s][info][gc,metaspace   ] GC(861) Metaspace: 57535K(57856K)->57535K(57856K) NonClass: 49252K(49472K)->49252K(49472K) Class: 8282K(8384K)->8282K(8384K)
[434.908s][info][gc             ] GC(861) Pause Young (Allocation Failure) 525M->279M(599M) 2.371ms
[434.908s][info][gc,cpu         ] GC(861) User=0.00s Sys=0.00s Real=0.01s
[435.573s][info][gc,start       ] GC(862) Pause Young (Allocation Failure)
[435.580s][info][gc,heap        ] GC(862) PSYoungGen: 241664K(241664K)->1760K(235520K) Eden: 241152K(241152K)->0K(231936K) From: 512K(512K)->1760K(3584K)
[435.580s][info][gc,heap        ] GC(862) ParOldGen: 286153K(372224K)->286169K(372224K)
[435.580s][info][gc,metaspace   ] GC(862) Metaspace: 57535K(57856K)->57535K(57856K) NonClass: 49252K(49472K)->49252K(49472K) Class: 8282K(8384K)->8282K(8384K)
[435.580s][info][gc             ] GC(862) Pause Young (Allocation Failure) 515M->281M(593M) 7.540ms
[435.580s][info][gc,cpu         ] GC(862) User=0.01s Sys=0.00s Real=0.01s
[436.077s][info][gc,start       ] GC(863) Pause Young (Allocation Failure)
[436.081s][info][gc,heap        ] GC(863) PSYoungGen: 233696K(235520K)->1664K(225280K) Eden: 231936K(231936K)->0K(223232K) From: 1760K(3584K)->1664K(2048K)
[436.081s][info][gc,heap        ] GC(863) ParOldGen: 286169K(372224K)->286185K(372224K)
[436.081s][info][gc,metaspace   ] GC(863) Metaspace: 57537K(57856K)->57537K(57856K) NonClass: 49254K(49472K)->49254K(49472K) Class: 8282K(8384K)->8282K(8384K)
[436.081s][info][gc             ] GC(863) Pause Young (Allocation Failure) 507M->281M(583M) 4.018ms
[436.081s][info][gc,cpu         ] GC(863) User=0.00s Sys=0.00s Real=0.00s
[436.600s][info][gc,start       ] GC(864) Pause Young (Allocation Failure)
[436.604s][info][gc,heap        ] GC(864) PSYoungGen: 224896K(225280K)->1376K(216576K) Eden: 223232K(223232K)->0K(215040K) From: 1664K(2048K)->1376K(1536K)
[436.604s][info][gc,heap        ] GC(864) ParOldGen: 286185K(372224K)->286201K(372224K)
[436.604s][info][gc,metaspace   ] GC(864) Metaspace: 57537K(57856K)->57537K(57856K) NonClass: 49254K(49472K)->49254K(49472K) Class: 8282K(8384K)->8282K(8384K)
[436.604s][info][gc             ] GC(864) Pause Young (Allocation Failure) 499M->280M(575M) 3.419ms
[436.604s][info][gc,cpu         ] GC(864) User=0.00s Sys=0.00s Real=0.00s
[437.157s][info][gc,start       ] GC(865) Pause Young (Allocation Failure)
[437.159s][info][gc,heap        ] GC(865) PSYoungGen: 216416K(216576K)->543K(208384K) Eden: 215040K(215040K)->0K(207360K) From: 1376K(1536K)->543K(1024K)
[437.159s][info][gc,heap        ] GC(865) ParOldGen: 286201K(372224K)->286217K(372224K)
[437.159s][info][gc,metaspace   ] GC(865) Metaspace: 57537K(57856K)->57537K(57856K) NonClass: 49254K(49472K)->49254K(49472K) Class: 8282K(8384K)->8282K(8384K)
[437.159s][info][gc             ] GC(865) Pause Young (Allocation Failure) 490M->280M(567M) 2.186ms
[437.159s][info][gc,cpu         ] GC(865) User=0.00s Sys=0.00s Real=0.00s
[437.659s][info][gc,start       ] GC(866) Pause Young (Allocation Failure)
[437.661s][info][gc,heap        ] GC(866) PSYoungGen: 207903K(208384K)->608K(200704K) Eden: 207360K(207360K)->0K(199680K) From: 543K(1024K)->608K(1024K)
[437.661s][info][gc,heap        ] GC(866) ParOldGen: 286217K(372224K)->286233K(372224K)
[437.661s][info][gc,metaspace   ] GC(866) Metaspace: 57537K(57856K)->57537K(57856K) NonClass: 49254K(49472K)->49254K(49472K) Class: 8282K(8384K)->8282K(8384K)
[437.661s][info][gc             ] GC(866) Pause Young (Allocation Failure) 482M->280M(559M) 2.211ms
[437.661s][info][gc,cpu         ] GC(866) User=0.01s Sys=0.00s Real=0.00s
[438.110s][info][gc,start       ] GC(867) Pause Young (Allocation Failure)
[438.112s][info][gc,heap        ] GC(867) PSYoungGen: 199997K(200704K)->608K(193536K) Eden: 199389K(199680K)->0K(192512K) From: 608K(1024K)->608K(1024K)
[438.112s][info][gc,heap        ] GC(867) ParOldGen: 286233K(372224K)->286249K(372224K)
[438.113s][info][gc,metaspace   ] GC(867) Metaspace: 57537K(57856K)->57537K(57856K) NonClass: 49254K(49472K)->49254K(49472K) Class: 8282K(8384K)->8282K(8384K)
[438.113s][info][gc             ] GC(867) Pause Young (Allocation Failure) 474M->280M(552M) 2.487ms
[438.113s][info][gc,cpu         ] GC(867) User=0.00s Sys=0.00s Real=0.00s
[438.582s][info][gc,start       ] GC(868) Pause Young (Allocation Failure)
[438.586s][info][gc,heap        ] GC(868) PSYoungGen: 192882K(193536K)->1760K(187904K) Eden: 192274K(192512K)->0K(185856K) From: 608K(1024K)->1760K(2048K)
[438.586s][info][gc,heap        ] GC(868) ParOldGen: 286249K(372224K)->286265K(372224K)
[438.586s][info][gc,metaspace   ] GC(868) Metaspace: 57537K(57856K)->57537K(57856K) NonClass: 49254K(49472K)->49254K(49472K) Class: 8282K(8384K)->8282K(8384K)
[438.586s][info][gc             ] GC(868) Pause Young (Allocation Failure) 467M->281M(547M) 3.956ms
[438.586s][info][gc,cpu         ] GC(868) User=0.01s Sys=0.00s Real=0.01s
[439.061s][info][gc,start       ] GC(869) Pause Young (Allocation Failure)
[439.063s][info][gc,heap        ] GC(869) PSYoungGen: 187616K(187904K)->959K(180224K) Eden: 185856K(185856K)->0K(179200K) From: 1760K(2048K)->959K(1024K)
[439.063s][info][gc,heap        ] GC(869) ParOldGen: 286265K(372224K)->286281K(372224K)
[439.063s][info][gc,metaspace   ] GC(869) Metaspace: 57537K(57856K)->57537K(57856K) NonClass: 49254K(49472K)->49254K(49472K) Class: 8282K(8384K)->8282K(8384K)
[439.063s][info][gc             ] GC(869) Pause Young (Allocation Failure) 462M->280M(539M) 2.470ms
[439.063s][info][gc,cpu         ] GC(869) User=0.00s Sys=0.00s Real=0.00s
[439.481s][info][gc,start       ] GC(870) Pause Young (Allocation Failure)
[439.485s][info][gc,heap        ] GC(870) PSYoungGen: 180159K(180224K)->2047K(175104K) Eden: 179200K(179200K)->0K(173056K) From: 959K(1024K)->2047K(2048K)
[439.485s][info][gc,heap        ] GC(870) ParOldGen: 286281K(372224K)->286297K(372224K)
[439.485s][info][gc,metaspace   ] GC(870) Metaspace: 57537K(57856K)->57537K(57856K) NonClass: 49254K(49472K)->49254K(49472K) Class: 8282K(8384K)->8282K(8384K)
[439.485s][info][gc             ] GC(870) Pause Young (Allocation Failure) 455M->281M(534M) 4.028ms
[439.485s][info][gc,cpu         ] GC(870) User=0.00s Sys=0.00s Real=0.00s
[439.887s][info][gc,start       ] GC(871) Pause Young (Allocation Failure)
[439.891s][info][gc,heap        ] GC(871) PSYoungGen: 175103K(175104K)->2176K(169984K) Eden: 173056K(173056K)->0K(167424K) From: 2047K(2048K)->2176K(2560K)
[439.891s][info][gc,heap        ] GC(871) ParOldGen: 286297K(372224K)->286313K(372224K)
[439.891s][info][gc,metaspace   ] GC(871) Metaspace: 57537K(57856K)->57537K(57856K) NonClass: 49254K(49472K)->49254K(49472K) Class: 8282K(8384K)->8282K(8384K)
[439.891s][info][gc             ] GC(871) Pause Young (Allocation Failure) 450M->281M(529M) 4.425ms
[439.891s][info][gc,cpu         ] GC(871) User=0.01s Sys=0.00s Real=0.00s
[440.287s][info][gc,start       ] GC(872) Pause Young (Allocation Failure)
[440.307s][info][gc,heap        ] GC(872) PSYoungGen: 169600K(169984K)->2910K(203776K) Eden: 167424K(167424K)->0K(200704K) From: 2176K(2560K)->2910K(3072K)
[440.307s][info][gc,heap        ] GC(872) ParOldGen: 286313K(372224K)->286329K(372224K)
[440.308s][info][gc,metaspace   ] GC(872) Metaspace: 57537K(57856K)->57537K(57856K) NonClass: 49254K(49472K)->49254K(49472K) Class: 8282K(8384K)->8282K(8384K)
[440.308s][info][gc             ] GC(872) Pause Young (Allocation Failure) 445M->282M(562M) 20.246ms
[440.308s][info][gc,cpu         ] GC(872) User=0.01s Sys=0.00s Real=0.02s
[440.783s][info][gc,start       ] GC(873) Pause Young (Allocation Failure)
[440.788s][info][gc,heap        ] GC(873) PSYoungGen: 203614K(203776K)->1536K(241664K) Eden: 200704K(200704K)->0K(240128K) From: 2910K(3072K)->1536K(1536K)
[440.788s][info][gc,heap        ] GC(873) ParOldGen: 286329K(372224K)->286345K(372224K)
[440.788s][info][gc,metaspace   ] GC(873) Metaspace: 57537K(57856K)->57537K(57856K) NonClass: 49254K(49472K)->49254K(49472K) Class: 8282K(8384K)->8282K(8384K)
[440.788s][info][gc             ] GC(873) Pause Young (Allocation Failure) 478M->281M(599M) 4.372ms
[440.788s][info][gc,cpu         ] GC(873) User=0.01s Sys=0.00s Real=0.01s
[441.473s][info][gc,start       ] GC(874) Pause Young (Allocation Failure)
[441.476s][info][gc,heap        ] GC(874) PSYoungGen: 241461K(241664K)->1472K(245248K) Eden: 239925K(240128K)->0K(241664K) From: 1536K(1536K)->1472K(3584K)
[441.476s][info][gc,heap        ] GC(874) ParOldGen: 286345K(372224K)->286361K(372224K)
[441.476s][info][gc,metaspace   ] GC(874) Metaspace: 57537K(57856K)->57537K(57856K) NonClass: 49254K(49472K)->49254K(49472K) Class: 8282K(8384K)->8282K(8384K)
[441.476s][info][gc             ] GC(874) Pause Young (Allocation Failure) 515M->281M(603M) 3.569ms
[441.476s][info][gc,cpu         ] GC(874) User=0.01s Sys=0.00s Real=0.01s
[441.970s][info][gc,start       ] GC(875) Pause Young (Allocation Failure)
[441.973s][info][gc,heap        ] GC(875) PSYoungGen: 243136K(245248K)->1216K(290816K) Eden: 241664K(241664K)->0K(287232K) From: 1472K(3584K)->1216K(3584K)
[441.974s][info][gc,heap        ] GC(875) ParOldGen: 286361K(372224K)->286377K(372224K)
[441.974s][info][gc,metaspace   ] GC(875) Metaspace: 57538K(57856K)->57538K(57856K) NonClass: 49255K(49472K)->49255K(49472K) Class: 8282K(8384K)->8282K(8384K)
[441.974s][info][gc             ] GC(875) Pause Young (Allocation Failure) 517M->280M(647M) 3.637ms
[441.974s][info][gc,cpu         ] GC(875) User=0.00s Sys=0.00s Real=0.00s
[442.678s][info][gc,start       ] GC(876) Pause Young (Allocation Failure)
[442.681s][info][gc,heap        ] GC(876) PSYoungGen: 288448K(290816K)->1055K(277504K) Eden: 287232K(287232K)->0K(275968K) From: 1216K(3584K)->1055K(1536K)
[442.681s][info][gc,heap        ] GC(876) ParOldGen: 286377K(372224K)->286393K(372224K)
[442.681s][info][gc,metaspace   ] GC(876) Metaspace: 57538K(57856K)->57538K(57856K) NonClass: 49255K(49472K)->49255K(49472K) Class: 8282K(8384K)->8282K(8384K)
[442.681s][info][gc             ] GC(876) Pause Young (Allocation Failure) 561M->280M(634M) 2.861ms
[442.681s][info][gc,cpu         ] GC(876) User=0.00s Sys=0.00s Real=0.00s
[443.357s][info][gc,start       ] GC(877) Pause Young (Allocation Failure)
[443.359s][info][gc,heap        ] GC(877) PSYoungGen: 277023K(277504K)->320K(265728K) Eden: 275968K(275968K)->0K(265216K) From: 1055K(1536K)->320K(512K)
[443.359s][info][gc,heap        ] GC(877) ParOldGen: 286393K(372224K)->286409K(372224K)
[443.359s][info][gc,metaspace   ] GC(877) Metaspace: 57538K(57856K)->57538K(57856K) NonClass: 49255K(49472K)->49255K(49472K) Class: 8282K(8384K)->8282K(8384K)
[443.359s][info][gc             ] GC(877) Pause Young (Allocation Failure) 550M->280M(623M) 2.048ms
[443.359s][info][gc,cpu         ] GC(877) User=0.01s Sys=0.00s Real=0.00s
[443.981s][info][gc,start       ] GC(878) Pause Young (Allocation Failure)
[443.985s][info][gc,heap        ] GC(878) PSYoungGen: 265536K(265728K)->1696K(258048K) Eden: 265216K(265216K)->0K(254976K) From: 320K(512K)->1696K(3072K)
[443.985s][info][gc,heap        ] GC(878) ParOldGen: 286409K(372224K)->286425K(372224K)
[443.985s][info][gc,metaspace   ] GC(878) Metaspace: 57538K(57856K)->57538K(57856K) NonClass: 49255K(49472K)->49255K(49472K) Class: 8282K(8384K)->8282K(8384K)
[443.985s][info][gc             ] GC(878) Pause Young (Allocation Failure) 539M->281M(615M) 4.162ms
[443.985s][info][gc,cpu         ] GC(878) User=0.01s Sys=0.00s Real=0.00s
[444.593s][info][gc,start       ] GC(879) Pause Young (Allocation Failure)
[444.598s][info][gc,heap        ] GC(879) PSYoungGen: 256656K(258048K)->2112K(247808K) Eden: 254960K(254976K)->0K(245248K) From: 1696K(3072K)->2112K(2560K)
[444.598s][info][gc,heap        ] GC(879) ParOldGen: 286425K(372224K)->286441K(372224K)
[444.598s][info][gc,metaspace   ] GC(879) Metaspace: 57538K(57856K)->57538K(57856K) NonClass: 49255K(49472K)->49255K(49472K) Class: 8282K(8384K)->8282K(8384K)
[444.598s][info][gc             ] GC(879) Pause Young (Allocation Failure) 530M->281M(605M) 4.590ms
[444.598s][info][gc,cpu         ] GC(879) User=0.01s Sys=0.00s Real=0.01s
[445.184s][info][gc,start       ] GC(880) Pause Young (Allocation Failure)
[445.189s][info][gc,heap        ] GC(880) PSYoungGen: 247360K(247808K)->2304K(238592K) Eden: 245248K(245248K)->0K(236032K) From: 2112K(2560K)->2304K(2560K)
[445.189s][info][gc,heap        ] GC(880) ParOldGen: 286441K(372224K)->286457K(372224K)
[445.189s][info][gc,metaspace   ] GC(880) Metaspace: 57538K(57856K)->57538K(57856K) NonClass: 49255K(49472K)->49255K(49472K) Class: 8282K(8384K)->8282K(8384K)
[445.189s][info][gc             ] GC(880) Pause Young (Allocation Failure) 521M->281M(596M) 4.937ms
[445.189s][info][gc,cpu         ] GC(880) User=0.01s Sys=0.00s Real=0.01s
[445.779s][info][gc,start       ] GC(881) Pause Young (Allocation Failure)
[445.783s][info][gc,heap        ] GC(881) PSYoungGen: 238336K(238592K)->1951K(229376K) Eden: 236032K(236032K)->0K(227328K) From: 2304K(2560K)->1951K(2048K)
[445.783s][info][gc,heap        ] GC(881) ParOldGen: 286457K(372224K)->286473K(372224K)
[445.783s][info][gc,metaspace   ] GC(881) Metaspace: 57538K(57856K)->57538K(57856K) NonClass: 49255K(49472K)->49255K(49472K) Class: 8282K(8384K)->8282K(8384K)
[445.783s][info][gc             ] GC(881) Pause Young (Allocation Failure) 512M->281M(587M) 4.124ms
[445.783s][info][gc,cpu         ] GC(881) User=0.01s Sys=0.00s Real=0.00s
[446.360s][info][gc,start       ] GC(882) Pause Young (Allocation Failure)
[446.362s][info][gc,heap        ] GC(882) PSYoungGen: 229279K(229376K)->899K(220160K) Eden: 227328K(227328K)->0K(219136K) From: 1951K(2048K)->899K(1024K)
[446.362s][info][gc,heap        ] GC(882) ParOldGen: 286473K(372224K)->286489K(372224K)
[446.362s][info][gc,metaspace   ] GC(882) Metaspace: 57538K(57856K)->57538K(57856K) NonClass: 49255K(49472K)->49255K(49472K) Class: 8282K(8384K)->8282K(8384K)
[446.362s][info][gc             ] GC(882) Pause Young (Allocation Failure) 503M->280M(578M) 2.511ms
[446.362s][info][gc,cpu         ] GC(882) User=0.01s Sys=0.00s Real=0.00s
[446.878s][info][gc,start       ] GC(883) Pause Young (Allocation Failure)
[446.882s][info][gc,heap        ] GC(883) PSYoungGen: 220035K(220160K)->1408K(212480K) Eden: 219136K(219136K)->0K(210944K) From: 899K(1024K)->1408K(1536K)
[446.882s][info][gc,heap        ] GC(883) ParOldGen: 286489K(372224K)->286505K(372224K)
[446.882s][info][gc,metaspace   ] GC(883) Metaspace: 57538K(57856K)->57538K(57856K) NonClass: 49255K(49472K)->49255K(49472K) Class: 8282K(8384K)->8282K(8384K)
[446.882s][info][gc             ] GC(883) Pause Young (Allocation Failure) 494M->281M(571M) 3.668ms
[446.882s][info][gc,cpu         ] GC(883) User=0.00s Sys=0.00s Real=0.00s
[447.389s][info][gc,start       ] GC(884) Pause Young (Allocation Failure)
[447.394s][info][gc,heap        ] GC(884) PSYoungGen: 212352K(212480K)->2399K(205824K) Eden: 210944K(210944K)->0K(203264K) From: 1408K(1536K)->2399K(2560K)
[447.394s][info][gc,heap        ] GC(884) ParOldGen: 286505K(372224K)->286521K(372224K)
[447.394s][info][gc,metaspace   ] GC(884) Metaspace: 57538K(57856K)->57538K(57856K) NonClass: 49255K(49472K)->49255K(49472K) Class: 8282K(8384K)->8282K(8384K)
[447.394s][info][gc             ] GC(884) Pause Young (Allocation Failure) 487M->282M(564M) 4.488ms
[447.394s][info][gc,cpu         ] GC(884) User=0.01s Sys=0.00s Real=0.00s
[447.889s][info][gc,start       ] GC(885) Pause Young (Allocation Failure)
[447.894s][info][gc,heap        ] GC(885) PSYoungGen: 205663K(205824K)->2112K(198656K) Eden: 203264K(203264K)->0K(196096K) From: 2399K(2560K)->2112K(2560K)
[447.894s][info][gc,heap        ] GC(885) ParOldGen: 286521K(372224K)->286537K(372224K)
[447.894s][info][gc,metaspace   ] GC(885) Metaspace: 57538K(57856K)->57538K(57856K) NonClass: 49255K(49472K)->49255K(49472K) Class: 8282K(8384K)->8282K(8384K)
[447.894s][info][gc             ] GC(885) Pause Young (Allocation Failure) 480M->281M(557M) 4.434ms
[447.894s][info][gc,cpu         ] GC(885) User=0.01s Sys=0.00s Real=0.00s
[448.372s][info][gc,start       ] GC(886) Pause Young (Allocation Failure)
[448.375s][info][gc,heap        ] GC(886) PSYoungGen: 198208K(198656K)->1408K(190464K) Eden: 196096K(196096K)->0K(188928K) From: 2112K(2560K)->1408K(1536K)
[448.375s][info][gc,heap        ] GC(886) ParOldGen: 286537K(372224K)->286553K(372224K)
[448.375s][info][gc,metaspace   ] GC(886) Metaspace: 57538K(57856K)->57538K(57856K) NonClass: 49255K(49472K)->49255K(49472K) Class: 8282K(8384K)->8282K(8384K)
[448.375s][info][gc             ] GC(886) Pause Young (Allocation Failure) 473M->281M(549M) 3.537ms
[448.375s][info][gc,cpu         ] GC(886) User=0.00s Sys=0.00s Real=0.00s
[448.857s][info][gc,start       ] GC(887) Pause Young (Allocation Failure)
[448.860s][info][gc,heap        ] GC(887) PSYoungGen: 190336K(190464K)->735K(183296K) Eden: 188928K(188928K)->0K(182272K) From: 1408K(1536K)->735K(1024K)
[448.860s][info][gc,heap        ] GC(887) ParOldGen: 286553K(372224K)->286569K(372224K)
[448.860s][info][gc,metaspace   ] GC(887) Metaspace: 57538K(57856K)->57538K(57856K) NonClass: 49255K(49472K)->49255K(49472K) Class: 8282K(8384K)->8282K(8384K)
[448.860s][info][gc             ] GC(887) Pause Young (Allocation Failure) 465M->280M(542M) 2.263ms
[448.860s][info][gc,cpu         ] GC(887) User=0.01s Sys=0.00s Real=0.00s
[449.333s][info][gc,start       ] GC(888) Pause Young (Allocation Failure)
[449.337s][info][gc,heap        ] GC(888) PSYoungGen: 183007K(183296K)->1919K(178176K) Eden: 182272K(182272K)->0K(176128K) From: 735K(1024K)->1919K(2048K)
[449.337s][info][gc,heap        ] GC(888) ParOldGen: 286569K(372224K)->286585K(372224K)
[449.337s][info][gc,metaspace   ] GC(888) Metaspace: 57538K(57856K)->57538K(57856K) NonClass: 49255K(49472K)->49255K(49472K) Class: 8282K(8384K)->8282K(8384K)
[449.337s][info][gc             ] GC(888) Pause Young (Allocation Failure) 458M->281M(537M) 3.751ms
[449.337s][info][gc,cpu         ] GC(888) User=0.01s Sys=0.00s Real=0.01s
[449.696s][info][gc,start       ] GC(889) Pause Young (Allocation Failure)
[449.700s][info][gc,heap        ] GC(889) PSYoungGen: 178047K(178176K)->1408K(171520K) Eden: 176128K(176128K)->0K(169984K) From: 1919K(2048K)->1408K(1536K)
[449.700s][info][gc,heap        ] GC(889) ParOldGen: 286585K(372224K)->286601K(372224K)
[449.700s][info][gc,metaspace   ] GC(889) Metaspace: 57538K(57856K)->57538K(57856K) NonClass: 49255K(49472K)->49255K(49472K) Class: 8282K(8384K)->8282K(8384K)
[449.700s][info][gc             ] GC(889) Pause Young (Allocation Failure) 453M->281M(531M) 3.611ms
[449.700s][info][gc,cpu         ] GC(889) User=0.00s Sys=0.00s Real=0.00s
[450.103s][info][gc,start       ] GC(890) Pause Young (Allocation Failure)
[450.106s][info][gc,heap        ] GC(890) PSYoungGen: 171324K(171520K)->1024K(165376K) Eden: 169916K(169984K)->0K(164352K) From: 1408K(1536K)->1024K(1024K)
[450.106s][info][gc,heap        ] GC(890) ParOldGen: 286601K(372224K)->286617K(372224K)
[450.106s][info][gc,metaspace   ] GC(890) Metaspace: 57538K(57856K)->57538K(57856K) NonClass: 49255K(49472K)->49255K(49472K) Class: 8282K(8384K)->8282K(8384K)
[450.106s][info][gc             ] GC(890) Pause Young (Allocation Failure) 447M->280M(525M) 3.041ms
[450.106s][info][gc,cpu         ] GC(890) User=0.00s Sys=0.00s Real=0.01s
[450.496s][info][gc,start       ] GC(891) Pause Young (Allocation Failure)
[450.499s][info][gc,heap        ] GC(891) PSYoungGen: 165140K(165376K)->1536K(160256K) Eden: 164116K(164352K)->0K(158720K) From: 1024K(1024K)->1536K(1536K)
[450.499s][info][gc,heap        ] GC(891) ParOldGen: 286617K(372224K)->286633K(372224K)
[450.499s][info][gc,metaspace   ] GC(891) Metaspace: 57538K(57856K)->57538K(57856K) NonClass: 49255K(49472K)->49255K(49472K) Class: 8282K(8384K)->8282K(8384K)
[450.499s][info][gc             ] GC(891) Pause Young (Allocation Failure) 441M->281M(520M) 3.772ms
[450.499s][info][gc,cpu         ] GC(891) User=0.01s Sys=0.00s Real=0.01s
[450.887s][info][gc,start       ] GC(892) Pause Young (Allocation Failure)
[450.891s][info][gc,heap        ] GC(892) PSYoungGen: 160256K(160256K)->2079K(156160K) Eden: 158720K(158720K)->0K(153600K) From: 1536K(1536K)->2079K(2560K)
[450.891s][info][gc,heap        ] GC(892) ParOldGen: 286633K(372224K)->286649K(372224K)
[450.891s][info][gc,metaspace   ] GC(892) Metaspace: 57538K(57856K)->57538K(57856K) NonClass: 49255K(49472K)->49255K(49472K) Class: 8282K(8384K)->8282K(8384K)
[450.891s][info][gc             ] GC(892) Pause Young (Allocation Failure) 436M->281M(516M) 4.086ms
[450.891s][info][gc,cpu         ] GC(892) User=0.01s Sys=0.00s Real=0.00s
[451.298s][info][gc,start       ] GC(893) Pause Young (Allocation Failure)
[451.303s][info][gc,heap        ] GC(893) PSYoungGen: 155511K(156160K)->512K(148992K) Eden: 153432K(153600K)->0K(148480K) From: 2079K(2560K)->512K(512K)
[451.303s][info][gc,heap        ] GC(893) ParOldGen: 286649K(372224K)->286665K(372224K)
[451.303s][info][gc,metaspace   ] GC(893) Metaspace: 57538K(57856K)->57538K(57856K) NonClass: 49255K(49472K)->49255K(49472K) Class: 8282K(8384K)->8282K(8384K)
[451.303s][info][gc             ] GC(893) Pause Young (Allocation Failure) 431M->280M(509M) 5.439ms
[451.303s][info][gc,cpu         ] GC(893) User=0.01s Sys=0.00s Real=0.00s
[451.609s][info][gc,start       ] GC(894) Pause Young (Allocation Failure)
[451.612s][info][gc,heap        ] GC(894) PSYoungGen: 148865K(148992K)->288K(146944K) Eden: 148353K(148480K)->0K(143872K) From: 512K(512K)->288K(3072K)
[451.612s][info][gc,heap        ] GC(894) ParOldGen: 286665K(372224K)->286681K(372224K)
[451.612s][info][gc,metaspace   ] GC(894) Metaspace: 57538K(57856K)->57538K(57856K) NonClass: 49255K(49472K)->49255K(49472K) Class: 8282K(8384K)->8282K(8384K)
[451.612s][info][gc             ] GC(894) Pause Young (Allocation Failure) 425M->280M(507M) 3.057ms
[451.612s][info][gc,cpu         ] GC(894) User=0.00s Sys=0.00s Real=0.00s
[451.977s][info][gc,start       ] GC(895) Pause Young (Allocation Failure)
[451.982s][info][gc,heap        ] GC(895) PSYoungGen: 144160K(146944K)->2271K(174592K) Eden: 143872K(143872K)->0K(172032K) From: 288K(3072K)->2271K(2560K)
[451.982s][info][gc,heap        ] GC(895) ParOldGen: 286681K(372224K)->286697K(372224K)
[451.982s][info][gc,metaspace   ] GC(895) Metaspace: 57538K(57856K)->57538K(57856K) NonClass: 49255K(49472K)->49255K(49472K) Class: 8282K(8384K)->8282K(8384K)
[451.982s][info][gc             ] GC(895) Pause Young (Allocation Failure) 420M->282M(534M) 4.114ms
[451.982s][info][gc,cpu         ] GC(895) User=0.00s Sys=0.00s Real=0.00s
[452.454s][info][gc,start       ] GC(896) Pause Young (Allocation Failure)
[452.459s][info][gc,heap        ] GC(896) PSYoungGen: 174048K(174592K)->2464K(207872K) Eden: 171777K(172032K)->0K(205312K) From: 2271K(2560K)->2464K(2560K)
[452.460s][info][gc,heap        ] GC(896) ParOldGen: 286697K(372224K)->286713K(372224K)
[452.460s][info][gc,metaspace   ] GC(896) Metaspace: 57538K(57856K)->57538K(57856K) NonClass: 49255K(49472K)->49255K(49472K) Class: 8282K(8384K)->8282K(8384K)
[452.460s][info][gc             ] GC(896) Pause Young (Allocation Failure) 449M->282M(566M) 5.124ms
[452.460s][info][gc,cpu         ] GC(896) User=0.01s Sys=0.00s Real=0.01s
[452.889s][info][gc,start       ] GC(897) Pause Young (Allocation Failure)
[452.893s][info][gc,heap        ] GC(897) PSYoungGen: 207776K(207872K)->1856K(200192K) Eden: 205312K(205312K)->0K(198144K) From: 2464K(2560K)->1856K(2048K)
[452.893s][info][gc,heap        ] GC(897) ParOldGen: 286713K(372224K)->286729K(372224K)
[452.893s][info][gc,metaspace   ] GC(897) Metaspace: 57538K(57856K)->57538K(57856K) NonClass: 49255K(49472K)->49255K(49472K) Class: 8282K(8384K)->8282K(8384K)
[452.893s][info][gc             ] GC(897) Pause Young (Allocation Failure) 482M->281M(559M) 4.111ms
[452.893s][info][gc,cpu         ] GC(897) User=0.01s Sys=0.00s Real=0.00s
[453.378s][info][gc,start       ] GC(898) Pause Young (Allocation Failure)
[453.382s][info][gc,heap        ] GC(898) PSYoungGen: 200000K(200192K)->1280K(192512K) Eden: 198144K(198144K)->0K(190976K) From: 1856K(2048K)->1280K(1536K)
[453.382s][info][gc,heap        ] GC(898) ParOldGen: 286729K(372224K)->286745K(372224K)
[453.382s][info][gc,metaspace   ] GC(898) Metaspace: 57538K(57856K)->57538K(57856K) NonClass: 49255K(49472K)->49255K(49472K) Class: 8282K(8384K)->8282K(8384K)
[453.382s][info][gc             ] GC(898) Pause Young (Allocation Failure) 475M->281M(551M) 3.314ms
[453.382s][info][gc,cpu         ] GC(898) User=0.01s Sys=0.00s Real=0.00s
[453.863s][info][gc,start       ] GC(899) Pause Young (Allocation Failure)
[453.866s][info][gc,heap        ] GC(899) PSYoungGen: 192256K(192512K)->830K(185344K) Eden: 190976K(190976K)->0K(184320K) From: 1280K(1536K)->830K(1024K)
[453.866s][info][gc,heap        ] GC(899) ParOldGen: 286745K(372224K)->286761K(372224K)
[453.866s][info][gc,metaspace   ] GC(899) Metaspace: 57538K(57856K)->57538K(57856K) NonClass: 49255K(49472K)->49255K(49472K) Class: 8282K(8384K)->8282K(8384K)
[453.866s][info][gc             ] GC(899) Pause Young (Allocation Failure) 467M->280M(544M) 2.640ms
[453.866s][info][gc,cpu         ] GC(899) User=0.01s Sys=0.00s Real=0.00s
[454.282s][info][gc,start       ] GC(900) Pause Young (Allocation Failure)
[454.285s][info][gc,heap        ] GC(900) PSYoungGen: 185150K(185344K)->1664K(181760K) Eden: 184320K(184320K)->0K(178176K) From: 830K(1024K)->1664K(3584K)
[454.285s][info][gc,heap        ] GC(900) ParOldGen: 286761K(372224K)->286777K(372224K)
[454.285s][info][gc,metaspace   ] GC(900) Metaspace: 57538K(57856K)->57538K(57856K) NonClass: 49255K(49472K)->49255K(49472K) Class: 8282K(8384K)->8282K(8384K)
[454.285s][info][gc             ] GC(900) Pause Young (Allocation Failure) 460M->281M(541M) 3.763ms
[454.285s][info][gc,cpu         ] GC(900) User=0.01s Sys=0.00s Real=0.00s
[454.707s][info][gc,start       ] GC(901) Pause Young (Allocation Failure)
[454.709s][info][gc,heap        ] GC(901) PSYoungGen: 179840K(181760K)->1215K(173568K) Eden: 178176K(178176K)->0K(172032K) From: 1664K(3584K)->1215K(1536K)
[454.709s][info][gc,heap        ] GC(901) ParOldGen: 286777K(372224K)->286793K(372224K)
[454.709s][info][gc,metaspace   ] GC(901) Metaspace: 57538K(57856K)->57538K(57856K) NonClass: 49255K(49472K)->49255K(49472K) Class: 8282K(8384K)->8282K(8384K)
[454.709s][info][gc             ] GC(901) Pause Young (Allocation Failure) 455M->281M(533M) 2.927ms
[454.709s][info][gc,cpu         ] GC(901) User=0.00s Sys=0.00s Real=0.00s
[455.159s][info][gc,start       ] GC(902) Pause Young (Allocation Failure)
[455.161s][info][gc,heap        ] GC(902) PSYoungGen: 173247K(173568K)->576K(167424K) Eden: 172032K(172032K)->0K(166400K) From: 1215K(1536K)->576K(1024K)
[455.161s][info][gc,heap        ] GC(902) ParOldGen: 286793K(372224K)->286809K(372224K)
[455.161s][info][gc,metaspace   ] GC(902) Metaspace: 57538K(57856K)->57538K(57856K) NonClass: 49255K(49472K)->49255K(49472K) Class: 8282K(8384K)->8282K(8384K)
[455.161s][info][gc             ] GC(902) Pause Young (Allocation Failure) 449M->280M(527M) 2.248ms
[455.161s][info][gc,cpu         ] GC(902) User=0.00s Sys=0.00s Real=0.00s
[455.597s][info][gc,start       ] GC(903) Pause Young (Allocation Failure)
[455.599s][info][gc,heap        ] GC(903) PSYoungGen: 166976K(167424K)->590K(161792K) Eden: 166400K(166400K)->0K(160768K) From: 576K(1024K)->590K(1024K)
[455.599s][info][gc,heap        ] GC(903) ParOldGen: 286809K(372224K)->286825K(372224K)
[455.599s][info][gc,metaspace   ] GC(903) Metaspace: 57538K(57856K)->57538K(57856K) NonClass: 49255K(49472K)->49255K(49472K) Class: 8282K(8384K)->8282K(8384K)
[455.600s][info][gc             ] GC(903) Pause Young (Allocation Failure) 443M->280M(521M) 2.061ms
[455.600s][info][gc,cpu         ] GC(903) User=0.00s Sys=0.00s Real=0.00s
[455.959s][info][gc,start       ] GC(904) Pause Young (Allocation Failure)
[455.961s][info][gc,heap        ] GC(904) PSYoungGen: 161358K(161792K)->655K(156672K) Eden: 160768K(160768K)->0K(155648K) From: 590K(1024K)->655K(1024K)
[455.961s][info][gc,heap        ] GC(904) ParOldGen: 286825K(372224K)->286841K(372224K)
[455.961s][info][gc,metaspace   ] GC(904) Metaspace: 57538K(57856K)->57538K(57856K) NonClass: 49255K(49472K)->49255K(49472K) Class: 8282K(8384K)->8282K(8384K)
[455.961s][info][gc             ] GC(904) Pause Young (Allocation Failure) 437M->280M(516M) 2.161ms
[455.961s][info][gc,cpu         ] GC(904) User=0.01s Sys=0.00s Real=0.00s
[456.307s][info][gc,start       ] GC(905) Pause Young (Allocation Failure)
[456.309s][info][gc,heap        ] GC(905) PSYoungGen: 156242K(156672K)->768K(151552K) Eden: 155587K(155648K)->0K(150528K) From: 655K(1024K)->768K(1024K)
[456.309s][info][gc,heap        ] GC(905) ParOldGen: 286841K(372224K)->286857K(372224K)
[456.309s][info][gc,metaspace   ] GC(905) Metaspace: 57538K(57856K)->57538K(57856K) NonClass: 49255K(49472K)->49255K(49472K) Class: 8282K(8384K)->8282K(8384K)
[456.309s][info][gc             ] GC(905) Pause Young (Allocation Failure) 432M->280M(511M) 2.771ms
[456.309s][info][gc,cpu         ] GC(905) User=0.01s Sys=0.00s Real=0.00s
[456.684s][info][gc,start       ] GC(906) Pause Young (Allocation Failure)
[456.688s][info][gc,heap        ] GC(906) PSYoungGen: 151296K(151552K)->1792K(147968K) Eden: 150528K(150528K)->0K(145920K) From: 768K(1024K)->1792K(2048K)
[456.688s][info][gc,heap        ] GC(906) ParOldGen: 286857K(372224K)->286873K(372224K)
[456.688s][info][gc,metaspace   ] GC(906) Metaspace: 57538K(57856K)->57538K(57856K) NonClass: 49255K(49472K)->49255K(49472K) Class: 8282K(8384K)->8282K(8384K)
[456.688s][info][gc             ] GC(906) Pause Young (Allocation Failure) 427M->281M(508M) 3.994ms
[456.688s][info][gc,cpu         ] GC(906) User=0.01s Sys=0.00s Real=0.01s
[457.064s][info][gc,start       ] GC(907) Pause Young (Allocation Failure)
[457.067s][info][gc,heap        ] GC(907) PSYoungGen: 147682K(147968K)->928K(142336K) Eden: 145890K(145920K)->0K(141312K) From: 1792K(2048K)->928K(1024K)
[457.067s][info][gc,heap        ] GC(907) ParOldGen: 286873K(372224K)->286889K(372224K)
[457.067s][info][gc,metaspace   ] GC(907) Metaspace: 57538K(57856K)->57538K(57856K) NonClass: 49255K(49472K)->49255K(49472K) Class: 8282K(8384K)->8282K(8384K)
[457.067s][info][gc             ] GC(907) Pause Young (Allocation Failure) 424M->281M(502M) 2.953ms
[457.067s][info][gc,cpu         ] GC(907) User=0.01s Sys=0.00s Real=0.01s
[457.384s][info][gc,start       ] GC(908) Pause Young (Allocation Failure)
[457.389s][info][gc,heap        ] GC(908) PSYoungGen: 142240K(142336K)->2463K(139264K) Eden: 141312K(141312K)->0K(136704K) From: 928K(1024K)->2463K(2560K)
[457.389s][info][gc,heap        ] GC(908) ParOldGen: 286889K(372224K)->286905K(372224K)
[457.389s][info][gc,metaspace   ] GC(908) Metaspace: 57538K(57856K)->57538K(57856K) NonClass: 49255K(49472K)->49255K(49472K) Class: 8282K(8384K)->8282K(8384K)
[457.389s][info][gc             ] GC(908) Pause Young (Allocation Failure) 419M->282M(499M) 4.554ms
[457.389s][info][gc,cpu         ] GC(908) User=0.01s Sys=0.00s Real=0.01s
[457.703s][info][gc,start       ] GC(909) Pause Young (Allocation Failure)
[457.705s][info][gc,heap        ] GC(909) PSYoungGen: 138859K(139264K)->576K(133632K) Eden: 136396K(136704K)->0K(132608K) From: 2463K(2560K)->576K(1024K)
[457.705s][info][gc,heap        ] GC(909) ParOldGen: 286905K(372224K)->286921K(372224K)
[457.705s][info][gc,metaspace   ] GC(909) Metaspace: 57538K(57856K)->57538K(57856K) NonClass: 49255K(49472K)->49255K(49472K) Class: 8282K(8384K)->8282K(8384K)
[457.705s][info][gc             ] GC(909) Pause Young (Allocation Failure) 415M->280M(494M) 2.383ms
[457.705s][info][gc,cpu         ] GC(909) User=0.00s Sys=0.00s Real=0.00s
[458.067s][info][gc,start       ] GC(910) Pause Young (Allocation Failure)
[458.070s][info][gc,heap        ] GC(910) PSYoungGen: 133184K(133632K)->1279K(130048K) Eden: 132608K(132608K)->0K(128512K) From: 576K(1024K)->1279K(1536K)
[458.070s][info][gc,heap        ] GC(910) ParOldGen: 286921K(372224K)->286937K(372224K)
[458.070s][info][gc,metaspace   ] GC(910) Metaspace: 57538K(57856K)->57538K(57856K) NonClass: 49255K(49472K)->49255K(49472K) Class: 8282K(8384K)->8282K(8384K)
[458.070s][info][gc             ] GC(910) Pause Young (Allocation Failure) 410M->281M(490M) 3.284ms
[458.070s][info][gc,cpu         ] GC(910) User=0.00s Sys=0.00s Real=0.00s
[458.380s][info][gc,start       ] GC(911) Pause Young (Allocation Failure)
[458.390s][info][gc,heap        ] GC(911) PSYoungGen: 129791K(130048K)->2431K(156672K) Eden: 128512K(128512K)->0K(154112K) From: 1279K(1536K)->2431K(2560K)
[458.390s][info][gc,heap        ] GC(911) ParOldGen: 286937K(372224K)->286953K(372224K)
[458.390s][info][gc,metaspace   ] GC(911) Metaspace: 57538K(57856K)->57538K(57856K) NonClass: 49255K(49472K)->49255K(49472K) Class: 8282K(8384K)->8282K(8384K)
[458.390s][info][gc             ] GC(911) Pause Young (Allocation Failure) 406M->282M(516M) 10.544ms
[458.391s][info][gc,cpu         ] GC(911) User=0.01s Sys=0.00s Real=0.01s
[458.770s][info][gc,start       ] GC(912) Pause Young (Allocation Failure)
[458.773s][info][gc,heap        ] GC(912) PSYoungGen: 156543K(156672K)->512K(184832K) Eden: 154112K(154112K)->0K(184320K) From: 2431K(2560K)->512K(512K)
[458.773s][info][gc,heap        ] GC(912) ParOldGen: 286953K(372224K)->286969K(372224K)
[458.774s][info][gc,metaspace   ] GC(912) Metaspace: 57538K(57856K)->57538K(57856K) NonClass: 49255K(49472K)->49255K(49472K) Class: 8282K(8384K)->8282K(8384K)
[458.774s][info][gc             ] GC(912) Pause Young (Allocation Failure) 433M->280M(544M) 3.157ms
[458.774s][info][gc,cpu         ] GC(912) User=0.01s Sys=0.00s Real=0.00s
[459.193s][info][gc,start       ] GC(913) Pause Young (Allocation Failure)
[459.198s][info][gc,heap        ] GC(913) PSYoungGen: 184832K(184832K)->2655K(223232K) Eden: 184320K(184320K)->0K(220160K) From: 512K(512K)->2655K(3072K)
[459.198s][info][gc,heap        ] GC(913) ParOldGen: 286969K(372224K)->286985K(372224K)
[459.198s][info][gc,metaspace   ] GC(913) Metaspace: 57538K(57856K)->57538K(57856K) NonClass: 49255K(49472K)->49255K(49472K) Class: 8282K(8384K)->8282K(8384K)
[459.198s][info][gc             ] GC(913) Pause Young (Allocation Failure) 460M->282M(581M) 4.775ms
[459.198s][info][gc,cpu         ] GC(913) User=0.00s Sys=0.00s Real=0.01s
[459.756s][info][gc,start       ] GC(914) Pause Young (Allocation Failure)
[459.757s][info][gc,heap        ] GC(914) PSYoungGen: 222815K(223232K)->160K(241664K) Eden: 220160K(220160K)->0K(238080K) From: 2655K(3072K)->160K(3584K)
[459.757s][info][gc,heap        ] GC(914) ParOldGen: 286985K(372224K)->287001K(372224K)
[459.757s][info][gc,metaspace   ] GC(914) Metaspace: 57538K(57856K)->57538K(57856K) NonClass: 49255K(49472K)->49255K(49472K) Class: 8282K(8384K)->8282K(8384K)
[459.757s][info][gc             ] GC(914) Pause Young (Allocation Failure) 497M->280M(599M) 1.778ms
[459.757s][info][gc,cpu         ] GC(914) User=0.00s Sys=0.00s Real=0.01s
[460.301s][info][gc,start       ] GC(915) Pause Young (Allocation Failure)
[460.305s][info][gc,heap        ] GC(915) PSYoungGen: 238093K(241664K)->1376K(230912K) Eden: 237933K(238080K)->0K(229376K) From: 160K(3584K)->1376K(1536K)
[460.305s][info][gc,heap        ] GC(915) ParOldGen: 287001K(372224K)->287017K(372224K)
[460.305s][info][gc,metaspace   ] GC(915) Metaspace: 57538K(57856K)->57538K(57856K) NonClass: 49255K(49472K)->49255K(49472K) Class: 8282K(8384K)->8282K(8384K)
[460.305s][info][gc             ] GC(915) Pause Young (Allocation Failure) 512M->281M(589M) 3.989ms
[460.305s][info][gc,cpu         ] GC(915) User=0.01s Sys=0.00s Real=0.00s
[460.876s][info][gc,start       ] GC(916) Pause Young (Allocation Failure)
[460.881s][info][gc,heap        ] GC(916) PSYoungGen: 230752K(230912K)->1823K(222720K) Eden: 229376K(229376K)->0K(220672K) From: 1376K(1536K)->1823K(2048K)
[460.881s][info][gc,heap        ] GC(916) ParOldGen: 287017K(372224K)->287033K(372224K)
[460.881s][info][gc,metaspace   ] GC(916) Metaspace: 57538K(57856K)->57538K(57856K) NonClass: 49255K(49472K)->49255K(49472K) Class: 8282K(8384K)->8282K(8384K)
[460.881s][info][gc             ] GC(916) Pause Young (Allocation Failure) 505M->282M(581M) 4.476ms
[460.881s][info][gc,cpu         ] GC(916) User=0.00s Sys=0.00s Real=0.00s
[461.394s][info][gc,start       ] GC(917) Pause Young (Allocation Failure)
[461.398s][info][gc,heap        ] GC(917) PSYoungGen: 222495K(222720K)->1631K(214528K) Eden: 220672K(220672K)->0K(212480K) From: 1823K(2048K)->1631K(2048K)
[461.398s][info][gc,heap        ] GC(917) ParOldGen: 287033K(372224K)->287049K(372224K)
[461.398s][info][gc,metaspace   ] GC(917) Metaspace: 57538K(57856K)->57538K(57856K) NonClass: 49255K(49472K)->49255K(49472K) Class: 8282K(8384K)->8282K(8384K)
[461.398s][info][gc             ] GC(917) Pause Young (Allocation Failure) 497M->281M(573M) 4.158ms
[461.398s][info][gc,cpu         ] GC(917) User=0.01s Sys=0.01s Real=0.01s
[461.959s][info][gc,start       ] GC(918) Pause Young (Allocation Failure)
[461.961s][info][gc,heap        ] GC(918) PSYoungGen: 214111K(214528K)->606K(205824K) Eden: 212480K(212480K)->0K(204800K) From: 1631K(2048K)->606K(1024K)
[461.961s][info][gc,heap        ] GC(918) ParOldGen: 287049K(372224K)->287065K(372224K)
[461.961s][info][gc,metaspace   ] GC(918) Metaspace: 57538K(57856K)->57538K(57856K) NonClass: 49255K(49472K)->49255K(49472K) Class: 8282K(8384K)->8282K(8384K)
[461.961s][info][gc             ] GC(918) Pause Young (Allocation Failure) 489M->280M(564M) 2.545ms
[461.961s][info][gc,cpu         ] GC(918) User=0.00s Sys=0.00s Real=0.00s
[462.523s][info][gc,start       ] GC(919) Pause Young (Allocation Failure)
[462.526s][info][gc,heap        ] GC(919) PSYoungGen: 205406K(205824K)->553K(198656K) Eden: 204800K(204800K)->0K(197632K) From: 606K(1024K)->553K(1024K)
[462.526s][info][gc,heap        ] GC(919) ParOldGen: 287065K(372224K)->287081K(372224K)
[462.526s][info][gc,metaspace   ] GC(919) Metaspace: 57538K(57856K)->57538K(57856K) NonClass: 49255K(49472K)->49255K(49472K) Class: 8282K(8384K)->8282K(8384K)
[462.526s][info][gc             ] GC(919) Pause Young (Allocation Failure) 480M->280M(557M) 2.568ms
[462.526s][info][gc,cpu         ] GC(919) User=0.01s Sys=0.00s Real=0.01s
[462.901s][info][gc,start       ] GC(920) Pause Young (Allocation Failure)
[462.905s][info][gc,heap        ] GC(920) PSYoungGen: 198185K(198656K)->1311K(192000K) Eden: 197632K(197632K)->0K(190464K) From: 553K(1024K)->1311K(1536K)
[462.905s][info][gc,heap        ] GC(920) ParOldGen: 287081K(372224K)->287097K(372224K)
[462.905s][info][gc,metaspace   ] GC(920) Metaspace: 57540K(57856K)->57540K(57856K) NonClass: 49258K(49472K)->49258K(49472K) Class: 8282K(8384K)->8282K(8384K)
[462.905s][info][gc             ] GC(920) Pause Young (Allocation Failure) 473M->281M(551M) 3.586ms
[462.905s][info][gc,cpu         ] GC(920) User=0.00s Sys=0.01s Real=0.00s
[463.382s][info][gc,start       ] GC(921) Pause Young (Allocation Failure)
[463.386s][info][gc,heap        ] GC(921) PSYoungGen: 191775K(192000K)->1695K(185856K) Eden: 190464K(190464K)->0K(183808K) From: 1311K(1536K)->1695K(2048K)
[463.386s][info][gc,heap        ] GC(921) ParOldGen: 287097K(372224K)->287113K(372224K)
[463.386s][info][gc,metaspace   ] GC(921) Metaspace: 57540K(57856K)->57540K(57856K) NonClass: 49258K(49472K)->49258K(49472K) Class: 8282K(8384K)->8282K(8384K)
[463.386s][info][gc             ] GC(921) Pause Young (Allocation Failure) 467M->282M(545M) 4.059ms
[463.386s][info][gc,cpu         ] GC(921) User=0.01s Sys=0.01s Real=0.01s
[464.000s][info][gc,start       ] GC(922) Pause Young (Allocation Failure)
[464.004s][info][gc,heap        ] GC(922) PSYoungGen: 185424K(185856K)->1263K(179200K) Eden: 183729K(183808K)->0K(177664K) From: 1695K(2048K)->1263K(1536K)
[464.004s][info][gc,heap        ] GC(922) ParOldGen: 287113K(372224K)->287129K(372224K)
[464.004s][info][gc,metaspace   ] GC(922) Metaspace: 57540K(57856K)->57540K(57856K) NonClass: 49258K(49472K)->49258K(49472K) Class: 8282K(8384K)->8282K(8384K)
[464.004s][info][gc             ] GC(922) Pause Young (Allocation Failure) 461M->281M(538M) 3.526ms
[464.004s][info][gc,cpu         ] GC(922) User=0.00s Sys=0.00s Real=0.00s
[464.365s][info][gc,start       ] GC(923) Pause Young (Allocation Failure)
[464.368s][info][gc,heap        ] GC(923) PSYoungGen: 178927K(179200K)->991K(172544K) Eden: 177664K(177664K)->0K(171520K) From: 1263K(1536K)->991K(1024K)
[464.368s][info][gc,heap        ] GC(923) ParOldGen: 287129K(372224K)->287145K(372224K)
[464.368s][info][gc,metaspace   ] GC(923) Metaspace: 57540K(57856K)->57540K(57856K) NonClass: 49258K(49472K)->49258K(49472K) Class: 8282K(8384K)->8282K(8384K)
[464.368s][info][gc             ] GC(923) Pause Young (Allocation Failure) 455M->281M(532M) 2.502ms
[464.368s][info][gc,cpu         ] GC(923) User=0.00s Sys=0.00s Real=0.01s
[464.777s][info][gc,start       ] GC(924) Pause Young (Allocation Failure)
[464.782s][info][gc,heap        ] GC(924) PSYoungGen: 172511K(172544K)->1664K(167936K) Eden: 171520K(171520K)->0K(165888K) From: 991K(1024K)->1664K(2048K)
[464.782s][info][gc,heap        ] GC(924) ParOldGen: 287145K(372224K)->287161K(372224K)
[464.782s][info][gc,metaspace   ] GC(924) Metaspace: 57540K(57856K)->57540K(57856K) NonClass: 49258K(49472K)->49258K(49472K) Class: 8282K(8384K)->8282K(8384K)
[464.782s][info][gc             ] GC(924) Pause Young (Allocation Failure) 448M->282M(527M) 5.369ms
[464.782s][info][gc,cpu         ] GC(924) User=0.01s Sys=0.01s Real=0.00s
[465.177s][info][gc,start       ] GC(925) Pause Young (Allocation Failure)
[465.181s][info][gc,heap        ] GC(925) PSYoungGen: 167552K(167936K)->2175K(162816K) Eden: 165888K(165888K)->0K(160256K) From: 1664K(2048K)->2175K(2560K)
[465.181s][info][gc,heap        ] GC(925) ParOldGen: 287161K(372224K)->287177K(372224K)
[465.181s][info][gc,metaspace   ] GC(925) Metaspace: 57540K(57856K)->57540K(57856K) NonClass: 49258K(49472K)->49258K(49472K) Class: 8282K(8384K)->8282K(8384K)
[465.181s][info][gc             ] GC(925) Pause Young (Allocation Failure) 444M->282M(522M) 4.490ms
[465.181s][info][gc,cpu         ] GC(925) User=0.01s Sys=0.00s Real=0.00s
[465.572s][info][gc,start       ] GC(926) Pause Young (Allocation Failure)
[465.576s][info][gc,heap        ] GC(926) PSYoungGen: 162431K(162816K)->1791K(157184K) Eden: 160256K(160256K)->0K(155136K) From: 2175K(2560K)->1791K(2048K)
[465.576s][info][gc,heap        ] GC(926) ParOldGen: 287177K(372224K)->287193K(372224K)
[465.576s][info][gc,metaspace   ] GC(926) Metaspace: 57540K(57856K)->57540K(57856K) NonClass: 49258K(49472K)->49258K(49472K) Class: 8282K(8384K)->8282K(8384K)
[465.576s][info][gc             ] GC(926) Pause Young (Allocation Failure) 439M->282M(517M) 4.149ms
[465.576s][info][gc,cpu         ] GC(926) User=0.01s Sys=0.00s Real=0.01s
[465.957s][info][gc,start       ] GC(927) Pause Young (Allocation Failure)
[465.959s][info][gc,heap        ] GC(927) PSYoungGen: 156927K(157184K)->477K(150528K) Eden: 155136K(155136K)->0K(150016K) From: 1791K(2048K)->477K(512K)
[465.959s][info][gc,heap        ] GC(927) ParOldGen: 287193K(372224K)->287209K(372224K)
[465.959s][info][gc,metaspace   ] GC(927) Metaspace: 57540K(57856K)->57540K(57856K) NonClass: 49258K(49472K)->49258K(49472K) Class: 8282K(8384K)->8282K(8384K)
[465.959s][info][gc             ] GC(927) Pause Young (Allocation Failure) 433M->280M(510M) 2.015ms
[465.959s][info][gc,cpu         ] GC(927) User=0.00s Sys=0.00s Real=0.00s
[466.305s][info][gc,start       ] GC(928) Pause Young (Allocation Failure)
[466.309s][info][gc,heap        ] GC(928) PSYoungGen: 150493K(150528K)->1504K(148480K) Eden: 150016K(150016K)->0K(145408K) From: 477K(512K)->1504K(3072K)
[466.309s][info][gc,heap        ] GC(928) ParOldGen: 287209K(372224K)->287225K(372224K)
[466.309s][info][gc,metaspace   ] GC(928) Metaspace: 57540K(57856K)->57540K(57856K) NonClass: 49258K(49472K)->49258K(49472K) Class: 8282K(8384K)->8282K(8384K)
[466.309s][info][gc             ] GC(928) Pause Young (Allocation Failure) 427M->281M(508M) 3.855ms
[466.309s][info][gc,cpu         ] GC(928) User=0.01s Sys=0.00s Real=0.01s
[466.669s][info][gc,start       ] GC(929) Pause Young (Allocation Failure)
[466.672s][info][gc,heap        ] GC(929) PSYoungGen: 146615K(148480K)->608K(141824K) Eden: 145111K(145408K)->0K(140800K) From: 1504K(3072K)->608K(1024K)
[466.672s][info][gc,heap        ] GC(929) ParOldGen: 287225K(372224K)->287241K(372224K)
[466.672s][info][gc,metaspace   ] GC(929) Metaspace: 57540K(57856K)->57540K(57856K) NonClass: 49258K(49472K)->49258K(49472K) Class: 8282K(8384K)->8282K(8384K)
[466.672s][info][gc             ] GC(929) Pause Young (Allocation Failure) 423M->281M(502M) 2.674ms
[466.672s][info][gc,cpu         ] GC(929) User=0.01s Sys=0.00s Real=0.00s
[466.993s][info][gc,start       ] GC(930) Pause Young (Allocation Failure)
[466.997s][info][gc,heap        ] GC(930) PSYoungGen: 141408K(141824K)->2047K(138240K) Eden: 140800K(140800K)->0K(136192K) From: 608K(1024K)->2047K(2048K)
[466.997s][info][gc,heap        ] GC(930) ParOldGen: 287241K(372224K)->287257K(372224K)
[466.997s][info][gc,metaspace   ] GC(930) Metaspace: 57540K(57856K)->57540K(57856K) NonClass: 49258K(49472K)->49258K(49472K) Class: 8282K(8384K)->8282K(8384K)
[466.997s][info][gc             ] GC(930) Pause Young (Allocation Failure) 418M->282M(498M) 3.991ms
[466.997s][info][gc,cpu         ] GC(930) User=0.01s Sys=0.00s Real=0.01s
[467.362s][info][gc,start       ] GC(931) Pause Young (Allocation Failure)
[467.364s][info][gc,heap        ] GC(931) PSYoungGen: 138239K(138240K)->480K(132608K) Eden: 136192K(136192K)->0K(132096K) From: 2047K(2048K)->480K(512K)
[467.364s][info][gc,heap        ] GC(931) ParOldGen: 287257K(372224K)->287273K(372224K)
[467.364s][info][gc,metaspace   ] GC(931) Metaspace: 57540K(57856K)->57540K(57856K) NonClass: 49258K(49472K)->49258K(49472K) Class: 8282K(8384K)->8282K(8384K)
[467.364s][info][gc             ] GC(931) Pause Young (Allocation Failure) 415M->281M(493M) 2.234ms
[467.364s][info][gc,cpu         ] GC(931) User=0.00s Sys=0.00s Real=0.00s
[467.673s][info][gc,start       ] GC(932) Pause Young (Allocation Failure)
[467.675s][info][gc,heap        ] GC(932) PSYoungGen: 132576K(132608K)->1183K(131072K) Eden: 132096K(132096K)->0K(128000K) From: 480K(512K)->1183K(3072K)
[467.676s][info][gc,heap        ] GC(932) ParOldGen: 287273K(372224K)->287289K(372224K)
[467.676s][info][gc,metaspace   ] GC(932) Metaspace: 57540K(57856K)->57540K(57856K) NonClass: 49258K(49472K)->49258K(49472K) Class: 8282K(8384K)->8282K(8384K)
[467.676s][info][gc             ] GC(932) Pause Young (Allocation Failure) 410M->281M(491M) 2.843ms
[467.676s][info][gc,cpu         ] GC(932) User=0.00s Sys=0.00s Real=0.00s
[467.980s][info][gc,start       ] GC(933) Pause Young (Allocation Failure)
[467.985s][info][gc,heap        ] GC(933) PSYoungGen: 129183K(131072K)->2016K(154624K) Eden: 128000K(128000K)->0K(152576K) From: 1183K(3072K)->2016K(2048K)
[467.985s][info][gc,heap        ] GC(933) ParOldGen: 287289K(372224K)->287305K(372224K)
[467.985s][info][gc,metaspace   ] GC(933) Metaspace: 57540K(57856K)->57540K(57856K) NonClass: 49258K(49472K)->49258K(49472K) Class: 8282K(8384K)->8282K(8384K)
[467.985s][info][gc             ] GC(933) Pause Young (Allocation Failure) 406M->282M(514M) 4.450ms
[467.985s][info][gc,cpu         ] GC(933) User=0.01s Sys=0.00s Real=0.00s
[468.401s][info][gc,start       ] GC(934) Pause Young (Allocation Failure)
[468.404s][info][gc,heap        ] GC(934) PSYoungGen: 154592K(154624K)->1439K(148992K) Eden: 152576K(152576K)->0K(147456K) From: 2016K(2048K)->1439K(1536K)
[468.404s][info][gc,heap        ] GC(934) ParOldGen: 287305K(372224K)->287321K(372224K)
[468.404s][info][gc,metaspace   ] GC(934) Metaspace: 57540K(57856K)->57540K(57856K) NonClass: 49258K(49472K)->49258K(49472K) Class: 8282K(8384K)->8282K(8384K)
[468.404s][info][gc             ] GC(934) Pause Young (Allocation Failure) 431M->281M(509M) 3.219ms
[468.405s][info][gc,cpu         ] GC(934) User=0.01s Sys=0.00s Real=0.00s
[468.696s][info][gc,start       ] GC(935) Pause Young (Allocation Failure)
[468.700s][info][gc,heap        ] GC(935) PSYoungGen: 148671K(148992K)->1536K(177664K) Eden: 147231K(147456K)->0K(176128K) From: 1439K(1536K)->1536K(1536K)
[468.700s][info][gc,heap        ] GC(935) ParOldGen: 287321K(372224K)->287337K(372224K)
[468.700s][info][gc,metaspace   ] GC(935) Metaspace: 57540K(57856K)->57540K(57856K) NonClass: 49258K(49472K)->49258K(49472K) Class: 8282K(8384K)->8282K(8384K)
[468.700s][info][gc             ] GC(935) Pause Young (Allocation Failure) 425M->282M(537M) 3.848ms
[468.700s][info][gc,cpu         ] GC(935) User=0.00s Sys=0.00s Real=0.00s
[469.157s][info][gc,start       ] GC(936) Pause Young (Allocation Failure)
[469.159s][info][gc,heap        ] GC(936) PSYoungGen: 177664K(177664K)->534K(171008K) Eden: 176128K(176128K)->0K(169984K) From: 1536K(1536K)->534K(1024K)
[469.159s][info][gc,heap        ] GC(936) ParOldGen: 287337K(372224K)->287353K(372224K)
[469.159s][info][gc,metaspace   ] GC(936) Metaspace: 57540K(57856K)->57540K(57856K) NonClass: 49258K(49472K)->49258K(49472K) Class: 8282K(8384K)->8282K(8384K)
[469.159s][info][gc             ] GC(936) Pause Young (Allocation Failure) 454M->281M(530M) 2.128ms
[469.159s][info][gc,cpu         ] GC(936) User=0.00s Sys=0.00s Real=0.00s
[469.565s][info][gc,start       ] GC(937) Pause Young (Allocation Failure)
[469.568s][info][gc,heap        ] GC(937) PSYoungGen: 170518K(171008K)->1215K(165888K) Eden: 169984K(169984K)->0K(164352K) From: 534K(1024K)->1215K(1536K)
[469.568s][info][gc,heap        ] GC(937) ParOldGen: 287353K(372224K)->287369K(372224K)
[469.568s][info][gc,metaspace   ] GC(937) Metaspace: 57540K(57856K)->57540K(57856K) NonClass: 49258K(49472K)->49258K(49472K) Class: 8282K(8384K)->8282K(8384K)
[469.568s][info][gc             ] GC(937) Pause Young (Allocation Failure) 447M->281M(525M) 2.976ms
[469.568s][info][gc,cpu         ] GC(937) User=0.01s Sys=0.01s Real=0.01s
[470.022s][info][gc,start       ] GC(938) Pause Young (Allocation Failure)
[470.024s][info][gc,heap        ] GC(938) PSYoungGen: 165567K(165888K)->767K(159744K) Eden: 164352K(164352K)->0K(158720K) From: 1215K(1536K)->767K(1024K)
[470.024s][info][gc,heap        ] GC(938) ParOldGen: 287369K(372224K)->287385K(372224K)
[470.024s][info][gc,metaspace   ] GC(938) Metaspace: 57542K(57856K)->57542K(57856K) NonClass: 49259K(49472K)->49259K(49472K) Class: 8282K(8384K)->8282K(8384K)
[470.024s][info][gc             ] GC(938) Pause Young (Allocation Failure) 442M->281M(519M) 2.179ms
[470.024s][info][gc,cpu         ] GC(938) User=0.00s Sys=0.01s Real=0.00s
[470.356s][info][gc,start       ] GC(939) Pause Young (Allocation Failure)
[470.358s][info][gc,heap        ] GC(939) PSYoungGen: 159487K(159744K)->288K(154112K) Eden: 158720K(158720K)->0K(153600K) From: 767K(1024K)->288K(512K)
[470.358s][info][gc,heap        ] GC(939) ParOldGen: 287385K(372224K)->287401K(372224K)
[470.358s][info][gc,metaspace   ] GC(939) Metaspace: 57542K(57856K)->57542K(57856K) NonClass: 49259K(49472K)->49259K(49472K) Class: 8282K(8384K)->8282K(8384K)
[470.358s][info][gc             ] GC(939) Pause Young (Allocation Failure) 436M->280M(514M) 2.010ms
[470.358s][info][gc,cpu         ] GC(939) User=0.00s Sys=0.00s Real=0.00s
[470.691s][info][gc,start       ] GC(940) Pause Young (Allocation Failure)
[470.694s][info][gc,heap        ] GC(940) PSYoungGen: 153722K(154112K)->1536K(150016K) Eden: 153434K(153600K)->0K(148480K) From: 288K(512K)->1536K(1536K)
[470.694s][info][gc,heap        ] GC(940) ParOldGen: 287401K(372224K)->287417K(372224K)
[470.694s][info][gc,metaspace   ] GC(940) Metaspace: 57542K(57856K)->57542K(57856K) NonClass: 49259K(49472K)->49259K(49472K) Class: 8282K(8384K)->8282K(8384K)
[470.695s][info][gc             ] GC(940) Pause Young (Allocation Failure) 430M->282M(510M) 3.643ms
[470.695s][info][gc,cpu         ] GC(940) User=0.01s Sys=0.00s Real=0.00s
[471.075s][info][gc,start       ] GC(941) Pause Young (Allocation Failure)
[471.094s][info][gc,heap        ] GC(941) PSYoungGen: 150016K(150016K)->2335K(180224K) Eden: 148480K(148480K)->0K(177664K) From: 1536K(1536K)->2335K(2560K)
[471.094s][info][gc,heap        ] GC(941) ParOldGen: 287417K(372224K)->287433K(372224K)
[471.094s][info][gc,metaspace   ] GC(941) Metaspace: 57542K(57856K)->57542K(57856K) NonClass: 49259K(49472K)->49259K(49472K) Class: 8282K(8384K)->8282K(8384K)
[471.094s][info][gc             ] GC(941) Pause Young (Allocation Failure) 427M->282M(539M) 19.479ms
[471.094s][info][gc,cpu         ] GC(941) User=0.01s Sys=0.00s Real=0.02s
[471.490s][info][gc,start       ] GC(942) Pause Young (Allocation Failure)
[471.497s][info][gc,heap        ] GC(942) PSYoungGen: 179999K(180224K)->2527K(215552K) Eden: 177664K(177664K)->0K(212992K) From: 2335K(2560K)->2527K(2560K)
[471.497s][info][gc,heap        ] GC(942) ParOldGen: 287433K(372224K)->287449K(372224K)
[471.497s][info][gc,metaspace   ] GC(942) Metaspace: 57542K(57856K)->57542K(57856K) NonClass: 49259K(49472K)->49259K(49472K) Class: 8282K(8384K)->8282K(8384K)
[471.497s][info][gc             ] GC(942) Pause Young (Allocation Failure) 456M->283M(574M) 7.294ms
[471.497s][info][gc,cpu         ] GC(942) User=0.01s Sys=0.00s Real=0.01s
[472.001s][info][gc,start       ] GC(943) Pause Young (Allocation Failure)
[472.004s][info][gc,heap        ] GC(943) PSYoungGen: 215341K(215552K)->896K(230400K) Eden: 212813K(212992K)->0K(228864K) From: 2527K(2560K)->896K(1536K)
[472.004s][info][gc,heap        ] GC(943) ParOldGen: 287449K(372224K)->287465K(372224K)
[472.004s][info][gc,metaspace   ] GC(943) Metaspace: 57545K(57856K)->57545K(57856K) NonClass: 49262K(49472K)->49262K(49472K) Class: 8282K(8384K)->8282K(8384K)
[472.004s][info][gc             ] GC(943) Pause Young (Allocation Failure) 491M->281M(588M) 2.831ms
[472.004s][info][gc,cpu         ] GC(943) User=0.00s Sys=0.00s Real=0.00s
[472.581s][info][gc,start       ] GC(944) Pause Young (Allocation Failure)
[472.585s][info][gc,heap        ] GC(944) PSYoungGen: 229760K(230400K)->2016K(231936K) Eden: 228864K(228864K)->0K(228864K) From: 896K(1536K)->2016K(3072K)
[472.585s][info][gc,heap        ] GC(944) ParOldGen: 287465K(372224K)->287481K(372224K)
[472.585s][info][gc,metaspace   ] GC(944) Metaspace: 57545K(57856K)->57545K(57856K) NonClass: 49262K(49472K)->49262K(49472K) Class: 8282K(8384K)->8282K(8384K)
[472.585s][info][gc             ] GC(944) Pause Young (Allocation Failure) 505M->282M(590M) 4.373ms
[472.585s][info][gc,cpu         ] GC(944) User=0.01s Sys=0.00s Real=0.00s
[473.160s][info][gc,start       ] GC(945) Pause Young (Allocation Failure)
[473.163s][info][gc,heap        ] GC(945) PSYoungGen: 230880K(231936K)->831K(275968K) Eden: 228864K(228864K)->0K(273408K) From: 2016K(3072K)->831K(2560K)
[473.163s][info][gc,heap        ] GC(945) ParOldGen: 287481K(372224K)->287497K(372224K)
[473.163s][info][gc,metaspace   ] GC(945) Metaspace: 57545K(57856K)->57545K(57856K) NonClass: 49262K(49472K)->49262K(49472K) Class: 8282K(8384K)->8282K(8384K)
[473.163s][info][gc             ] GC(945) Pause Young (Allocation Failure) 506M->281M(633M) 2.510ms
[473.163s][info][gc,cpu         ] GC(945) User=0.00s Sys=0.00s Real=0.00s
[473.815s][info][gc,start       ] GC(946) Pause Young (Allocation Failure)
[473.820s][info][gc,heap        ] GC(946) PSYoungGen: 273991K(275968K)->1855K(264704K) Eden: 273160K(273408K)->0K(262656K) From: 831K(2560K)->1855K(2048K)
[473.820s][info][gc,heap        ] GC(946) ParOldGen: 287497K(372224K)->287513K(372224K)
[473.820s][info][gc,metaspace   ] GC(946) Metaspace: 57545K(57856K)->57545K(57856K) NonClass: 49262K(49472K)->49262K(49472K) Class: 8282K(8384K)->8282K(8384K)
[473.820s][info][gc             ] GC(946) Pause Young (Allocation Failure) 548M->282M(622M) 4.482ms
[473.820s][info][gc,cpu         ] GC(946) User=0.01s Sys=0.00s Real=0.01s
[474.466s][info][gc,start       ] GC(947) Pause Young (Allocation Failure)
[474.469s][info][gc,heap        ] GC(947) PSYoungGen: 264511K(264704K)->1088K(253952K) Eden: 262656K(262656K)->0K(252416K) From: 1855K(2048K)->1088K(1536K)
[474.469s][info][gc,heap        ] GC(947) ParOldGen: 287513K(372224K)->287529K(372224K)
[474.469s][info][gc,metaspace   ] GC(947) Metaspace: 57545K(57856K)->57545K(57856K) NonClass: 49262K(49472K)->49262K(49472K) Class: 8282K(8384K)->8282K(8384K)
[474.469s][info][gc             ] GC(947) Pause Young (Allocation Failure) 539M->281M(611M) 3.456ms
[474.469s][info][gc,cpu         ] GC(947) User=0.01s Sys=0.01s Real=0.00s
[475.243s][info][gc,start       ] GC(948) Pause Young (Allocation Failure)
[475.246s][info][gc,heap        ] GC(948) PSYoungGen: 253343K(253952K)->768K(243712K) Eden: 252255K(252416K)->0K(242688K) From: 1088K(1536K)->768K(1024K)
[475.246s][info][gc,heap        ] GC(948) ParOldGen: 287529K(372224K)->287545K(372224K)
[475.246s][info][gc,metaspace   ] GC(948) Metaspace: 57545K(57856K)->57545K(57856K) NonClass: 49262K(49472K)->49262K(49472K) Class: 8282K(8384K)->8282K(8384K)
[475.246s][info][gc             ] GC(948) Pause Young (Allocation Failure) 528M->281M(601M) 2.948ms
[475.246s][info][gc,cpu         ] GC(948) User=0.01s Sys=0.00s Real=0.01s
[475.766s][info][gc,start       ] GC(949) Pause Young (Allocation Failure)
[475.769s][info][gc,heap        ] GC(949) PSYoungGen: 243456K(243712K)->1503K(235008K) Eden: 242688K(242688K)->0K(233472K) From: 768K(1024K)->1503K(1536K)
[475.769s][info][gc,heap        ] GC(949) ParOldGen: 287545K(372224K)->287561K(372224K)
[475.769s][info][gc,metaspace   ] GC(949) Metaspace: 57545K(57856K)->57545K(57856K) NonClass: 49262K(49472K)->49262K(49472K) Class: 8282K(8384K)->8282K(8384K)
[475.769s][info][gc             ] GC(949) Pause Young (Allocation Failure) 518M->282M(593M) 3.333ms
[475.769s][info][gc,cpu         ] GC(949) User=0.01s Sys=0.00s Real=0.00s
[476.309s][info][gc,start       ] GC(950) Pause Young (Allocation Failure)
[476.311s][info][gc,heap        ] GC(950) PSYoungGen: 234975K(235008K)->607K(225792K) Eden: 233472K(233472K)->0K(224768K) From: 1503K(1536K)->607K(1024K)
[476.311s][info][gc,heap        ] GC(950) ParOldGen: 287561K(372224K)->287577K(372224K)
[476.311s][info][gc,metaspace   ] GC(950) Metaspace: 57545K(57856K)->57545K(57856K) NonClass: 49262K(49472K)->49262K(49472K) Class: 8282K(8384K)->8282K(8384K)
[476.311s][info][gc             ] GC(950) Pause Young (Allocation Failure) 510M->281M(584M) 2.023ms
[476.311s][info][gc,cpu         ] GC(950) User=0.01s Sys=0.00s Real=0.00s
[476.878s][info][gc,start       ] GC(951) Pause Young (Allocation Failure)
[476.882s][info][gc,heap        ] GC(951) PSYoungGen: 225375K(225792K)->1727K(218624K) Eden: 224768K(224768K)->0K(216576K) From: 607K(1024K)->1727K(2048K)
[476.882s][info][gc,heap        ] GC(951) ParOldGen: 287577K(372224K)->287593K(372224K)
[476.882s][info][gc,metaspace   ] GC(951) Metaspace: 57545K(57856K)->57545K(57856K) NonClass: 49262K(49472K)->49262K(49472K) Class: 8282K(8384K)->8282K(8384K)
[476.882s][info][gc             ] GC(951) Pause Young (Allocation Failure) 500M->282M(577M) 3.917ms
[476.882s][info][gc,cpu         ] GC(951) User=0.01s Sys=0.00s Real=0.00s
[477.394s][info][gc,start       ] GC(952) Pause Young (Allocation Failure)
[477.400s][info][gc,heap        ] GC(952) PSYoungGen: 218303K(218624K)->1600K(210944K) Eden: 216576K(216576K)->0K(208896K) From: 1727K(2048K)->1600K(2048K)
[477.400s][info][gc,heap        ] GC(952) ParOldGen: 287593K(372224K)->287609K(372224K)
[477.400s][info][gc,metaspace   ] GC(952) Metaspace: 57545K(57856K)->57545K(57856K) NonClass: 49262K(49472K)->49262K(49472K) Class: 8282K(8384K)->8282K(8384K)
[477.400s][info][gc             ] GC(952) Pause Young (Allocation Failure) 494M->282M(569M) 5.487ms
[477.400s][info][gc,cpu         ] GC(952) User=0.01s Sys=0.00s Real=0.01s
[477.898s][info][gc,start       ] GC(953) Pause Young (Allocation Failure)
[477.901s][info][gc,heap        ] GC(953) PSYoungGen: 210353K(210944K)->1088K(202752K) Eden: 208753K(208896K)->0K(201216K) From: 1600K(2048K)->1088K(1536K)
[477.901s][info][gc,heap        ] GC(953) ParOldGen: 287609K(372224K)->287625K(372224K)
[477.901s][info][gc,metaspace   ] GC(953) Metaspace: 57545K(57856K)->57545K(57856K) NonClass: 49262K(49472K)->49262K(49472K) Class: 8282K(8384K)->8282K(8384K)
[477.901s][info][gc             ] GC(953) Pause Young (Allocation Failure) 486M->281M(561M) 3.149ms
[477.901s][info][gc,cpu         ] GC(953) User=0.00s Sys=0.00s Real=0.00s
[478.419s][info][gc,start       ] GC(954) Pause Young (Allocation Failure)
[478.433s][info][gc,heap        ] GC(954) PSYoungGen: 202304K(202752K)->2303K(242688K) Eden: 201216K(201216K)->0K(240128K) From: 1088K(1536K)->2303K(2560K)
[478.433s][info][gc,heap        ] GC(954) ParOldGen: 287625K(372224K)->287633K(372224K)
[478.433s][info][gc,metaspace   ] GC(954) Metaspace: 57545K(57856K)->57545K(57856K) NonClass: 49262K(49472K)->49262K(49472K) Class: 8282K(8384K)->8282K(8384K)
[478.433s][info][gc             ] GC(954) Pause Young (Allocation Failure) 478M->283M(600M) 14.074ms
[478.433s][info][gc,cpu         ] GC(954) User=0.01s Sys=0.00s Real=0.01s
[478.984s][info][gc,start       ] GC(955) Pause Young (Allocation Failure)
[478.989s][info][gc,heap        ] GC(955) PSYoungGen: 242431K(242688K)->2559K(265216K) Eden: 240128K(240128K)->0K(262656K) From: 2303K(2560K)->2559K(2560K)
[478.989s][info][gc,heap        ] GC(955) ParOldGen: 287633K(372224K)->287801K(372224K)
[478.989s][info][gc,metaspace   ] GC(955) Metaspace: 57545K(57856K)->57545K(57856K) NonClass: 49262K(49472K)->49262K(49472K) Class: 8282K(8384K)->8282K(8384K)
[478.989s][info][gc             ] GC(955) Pause Young (Allocation Failure) 517M->283M(622M) 5.068ms
[478.989s][info][gc,cpu         ] GC(955) User=0.01s Sys=0.00s Real=0.01s
[479.636s][info][gc,start       ] GC(956) Pause Young (Allocation Failure)
[479.639s][info][gc,heap        ] GC(956) PSYoungGen: 265215K(265216K)->1342K(253952K) Eden: 262656K(262656K)->0K(252416K) From: 2559K(2560K)->1342K(1536K)
[479.639s][info][gc,heap        ] GC(956) ParOldGen: 287801K(372224K)->288369K(372224K)
[479.639s][info][gc,metaspace   ] GC(956) Metaspace: 57546K(57856K)->57546K(57856K) NonClass: 49263K(49472K)->49263K(49472K) Class: 8282K(8384K)->8282K(8384K)
[479.639s][info][gc             ] GC(956) Pause Young (Allocation Failure) 540M->282M(611M) 3.267ms
[479.639s][info][gc,cpu         ] GC(956) User=0.01s Sys=0.00s Real=0.00s
[480.208s][info][gc,start       ] GC(957) Pause Young (Allocation Failure)
[480.211s][info][gc,heap        ] GC(957) PSYoungGen: 253758K(253952K)->639K(243712K) Eden: 252416K(252416K)->0K(242688K) From: 1342K(1536K)->639K(1024K)
[480.211s][info][gc,heap        ] GC(957) ParOldGen: 288369K(372224K)->288409K(372224K)
[480.211s][info][gc,metaspace   ] GC(957) Metaspace: 57546K(57856K)->57546K(57856K) NonClass: 49263K(49472K)->49263K(49472K) Class: 8282K(8384K)->8282K(8384K)
[480.211s][info][gc             ] GC(957) Pause Young (Allocation Failure) 529M->282M(601M) 2.260ms
[480.211s][info][gc,cpu         ] GC(957) User=0.00s Sys=0.00s Real=0.00s
[480.800s][info][gc,start       ] GC(958) Pause Young (Allocation Failure)
[480.804s][info][gc,heap        ] GC(958) PSYoungGen: 243162K(243712K)->1056K(237056K) Eden: 242522K(242688K)->0K(233472K) From: 639K(1024K)->1056K(3584K)
[480.804s][info][gc,heap        ] GC(958) ParOldGen: 288409K(372224K)->288425K(372224K)
[480.804s][info][gc,metaspace   ] GC(958) Metaspace: 57546K(57856K)->57546K(57856K) NonClass: 49263K(49472K)->49263K(49472K) Class: 8282K(8384K)->8282K(8384K)
[480.804s][info][gc             ] GC(958) Pause Young (Allocation Failure) 519M->282M(595M) 3.218ms
[480.804s][info][gc,cpu         ] GC(958) User=0.00s Sys=0.00s Real=0.00s
[481.378s][info][gc,start       ] GC(959) Pause Young (Allocation Failure)
[481.381s][info][gc,heap        ] GC(959) PSYoungGen: 234528K(237056K)->1727K(226816K) Eden: 233472K(233472K)->0K(224768K) From: 1056K(3584K)->1727K(2048K)
[481.381s][info][gc,heap        ] GC(959) ParOldGen: 288425K(372224K)->288441K(372224K)
[481.381s][info][gc,metaspace   ] GC(959) Metaspace: 57546K(57856K)->57546K(57856K) NonClass: 49263K(49472K)->49263K(49472K) Class: 8282K(8384K)->8282K(8384K)
[481.381s][info][gc             ] GC(959) Pause Young (Allocation Failure) 510M->283M(585M) 3.561ms
[481.381s][info][gc,cpu         ] GC(959) User=0.01s Sys=0.00s Real=0.00s
[481.902s][info][gc,start       ] GC(960) Pause Young (Allocation Failure)
[481.904s][info][gc,heap        ] GC(960) PSYoungGen: 226262K(226816K)->288K(217088K) Eden: 224534K(224768K)->0K(216576K) From: 1727K(2048K)->288K(512K)
[481.904s][info][gc,heap        ] GC(960) ParOldGen: 288441K(372224K)->288457K(372224K)
[481.904s][info][gc,metaspace   ] GC(960) Metaspace: 57548K(57920K)->57548K(57920K) NonClass: 49265K(49536K)->49265K(49536K) Class: 8282K(8384K)->8282K(8384K)
[481.904s][info][gc             ] GC(960) Pause Young (Allocation Failure) 502M->281M(575M) 2.110ms
[481.904s][info][gc,cpu         ] GC(960) User=0.00s Sys=0.00s Real=0.00s
[482.526s][info][gc,start       ] GC(961) Pause Young (Allocation Failure)
[482.528s][info][gc,heap        ] GC(961) PSYoungGen: 216864K(217088K)->831K(209920K) Eden: 216576K(216576K)->0K(208896K) From: 288K(512K)->831K(1024K)
[482.528s][info][gc,heap        ] GC(961) ParOldGen: 288457K(372224K)->288473K(372224K)
[482.528s][info][gc,metaspace   ] GC(961) Metaspace: 57548K(57920K)->57548K(57920K) NonClass: 49265K(49536K)->49265K(49536K) Class: 8282K(8384K)->8282K(8384K)
[482.528s][info][gc             ] GC(961) Pause Young (Allocation Failure) 493M->282M(568M) 2.403ms
[482.528s][info][gc,cpu         ] GC(961) User=0.00s Sys=0.00s Real=0.00s
[482.968s][info][gc,start       ] GC(962) Pause Young (Allocation Failure)
[482.971s][info][gc,heap        ] GC(962) PSYoungGen: 209727K(209920K)->1408K(202752K) Eden: 208896K(208896K)->0K(201216K) From: 831K(1024K)->1408K(1536K)
[482.971s][info][gc,heap        ] GC(962) ParOldGen: 288473K(372224K)->288489K(372224K)
[482.971s][info][gc,metaspace   ] GC(962) Metaspace: 57548K(57920K)->57548K(57920K) NonClass: 49265K(49536K)->49265K(49536K) Class: 8282K(8384K)->8282K(8384K)
[482.972s][info][gc             ] GC(962) Pause Young (Allocation Failure) 486M->283M(561M) 3.481ms
[482.972s][info][gc,cpu         ] GC(962) User=0.01s Sys=0.00s Real=0.00s
[484.423s][info][gc,start       ] GC(963) Pause Young (Allocation Failure)
[484.444s][info][gc,heap        ] GC(963) PSYoungGen: 202624K(202752K)->640K(195072K) Eden: 201216K(201216K)->0K(194048K) From: 1408K(1536K)->640K(1024K)
[484.444s][info][gc,heap        ] GC(963) ParOldGen: 288489K(372224K)->366630K(372224K)
[484.444s][info][gc,metaspace   ] GC(963) Metaspace: 57606K(57920K)->57606K(57920K) NonClass: 49323K(49536K)->49323K(49536K) Class: 8282K(8384K)->8282K(8384K)
[484.444s][info][gc             ] GC(963) Pause Young (Allocation Failure) 479M->358M(554M) 20.789ms
[484.444s][info][gc,cpu         ] GC(963) User=0.04s Sys=0.00s Real=0.02s
[485.897s][info][gc,start       ] GC(964) Pause Young (Allocation Failure)
[485.907s][info][gc,heap        ] GC(964) PSYoungGen: 194541K(195072K)->3065K(190464K) Eden: 193901K(194048K)->0K(187392K) From: 640K(1024K)->3065K(3072K)
[485.907s][info][gc,heap        ] GC(964) ParOldGen: 366630K(372224K)->377346K(377856K)
[485.907s][info][gc,metaspace   ] GC(964) Metaspace: 57731K(58048K)->57731K(58048K) NonClass: 49448K(49664K)->49448K(49664K) Class: 8282K(8384K)->8282K(8384K)
[485.907s][info][gc             ] GC(964) Pause Young (Allocation Failure) 548M->371M(555M) 10.670ms
[485.907s][info][gc,cpu         ] GC(964) User=0.02s Sys=0.00s Real=0.01s
[486.372s][info][gc,start       ] GC(965) Pause Young (Allocation Failure)
[486.379s][info][gc,heap        ] GC(965) PSYoungGen: 190457K(190464K)->1854K(182784K) Eden: 187392K(187392K)->0K(180736K) From: 3065K(3072K)->1854K(2048K)
[486.379s][info][gc,heap        ] GC(965) ParOldGen: 377346K(377856K)->380419K(380928K)
[486.379s][info][gc,metaspace   ] GC(965) Metaspace: 57731K(58048K)->57731K(58048K) NonClass: 49448K(49664K)->49448K(49664K) Class: 8282K(8384K)->8282K(8384K)
[486.379s][info][gc             ] GC(965) Pause Young (Allocation Failure) 554M->373M(550M) 6.919ms
[486.379s][info][gc,cpu         ] GC(965) User=0.01s Sys=0.01s Real=0.01s
[486.796s][info][gc,start       ] GC(966) Pause Young (Allocation Failure)
[486.800s][info][gc,heap        ] GC(966) PSYoungGen: 182590K(182784K)->2175K(218112K) Eden: 180736K(180736K)->0K(215552K) From: 1854K(2048K)->2175K(2560K)
[486.800s][info][gc,heap        ] GC(966) ParOldGen: 380419K(380928K)->380779K(380928K)
[486.800s][info][gc,metaspace   ] GC(966) Metaspace: 57731K(58048K)->57731K(58048K) NonClass: 49448K(49664K)->49448K(49664K) Class: 8282K(8384K)->8282K(8384K)
[486.800s][info][gc             ] GC(966) Pause Young (Allocation Failure) 549M->373M(585M) 4.715ms
[486.800s][info][gc,cpu         ] GC(966) User=0.01s Sys=0.00s Real=0.01s
[487.307s][info][gc,start       ] GC(967) Pause Young (Allocation Failure)
[487.309s][info][gc,heap        ] GC(967) PSYoungGen: 217727K(218112K)->863K(208896K) Eden: 215552K(215552K)->0K(207872K) From: 2175K(2560K)->863K(1024K)
[487.310s][info][gc,heap        ] GC(967) ParOldGen: 380779K(380928K)->380795K(380928K)
[487.310s][info][gc,metaspace   ] GC(967) Metaspace: 57731K(58048K)->57731K(58048K) NonClass: 49448K(49664K)->49448K(49664K) Class: 8282K(8384K)->8282K(8384K)
[487.310s][info][gc             ] GC(967) Pause Young (Allocation Failure) 584M->372M(576M) 2.905ms
[487.310s][info][gc,cpu         ] GC(967) User=0.00s Sys=0.00s Real=0.00s
[487.812s][info][gc,start       ] GC(968) Pause Young (Allocation Failure)
[487.814s][info][gc,heap        ] GC(968) PSYoungGen: 208589K(208896K)->288K(200704K) Eden: 207726K(207872K)->0K(200192K) From: 863K(1024K)->288K(512K)
[487.814s][info][gc,heap        ] GC(968) ParOldGen: 380795K(380928K)->380811K(380928K)
[487.814s][info][gc,metaspace   ] GC(968) Metaspace: 57731K(58048K)->57731K(58048K) NonClass: 49448K(49664K)->49448K(49664K) Class: 8282K(8384K)->8282K(8384K)
[487.814s][info][gc             ] GC(968) Pause Young (Allocation Failure) 575M->372M(568M) 2.092ms
[487.814s][info][gc,cpu         ] GC(968) User=0.01s Sys=0.00s Real=0.00s
[488.312s][info][gc,start       ] GC(969) Pause Young (Allocation Failure)
[488.315s][info][gc,heap        ] GC(969) PSYoungGen: 200440K(200704K)->1888K(195072K) Eden: 200152K(200192K)->0K(193024K) From: 288K(512K)->1888K(2048K)
[488.315s][info][gc,heap        ] GC(969) ParOldGen: 380811K(380928K)->380827K(380928K)
[488.315s][info][gc,metaspace   ] GC(969) Metaspace: 57733K(58048K)->57733K(58048K) NonClass: 49450K(49664K)->49450K(49664K) Class: 8282K(8384K)->8282K(8384K)
[488.315s][info][gc             ] GC(969) Pause Young (Allocation Failure) 567M->373M(562M) 3.767ms
[488.315s][info][gc,cpu         ] GC(969) User=0.01s Sys=0.00s Real=0.00s
[488.785s][info][gc,start       ] GC(970) Pause Young (Allocation Failure)
[488.789s][info][gc,heap        ] GC(970) PSYoungGen: 194912K(195072K)->1568K(188416K) Eden: 193024K(193024K)->0K(186368K) From: 1888K(2048K)->1568K(2048K)
[488.789s][info][gc,heap        ] GC(970) ParOldGen: 380827K(380928K)->381483K(381952K)
[488.789s][info][gc,metaspace   ] GC(970) Metaspace: 57733K(58048K)->57733K(58048K) NonClass: 49450K(49664K)->49450K(49664K) Class: 8282K(8384K)->8282K(8384K)
[488.789s][info][gc             ] GC(970) Pause Young (Allocation Failure) 562M->374M(557M) 4.249ms
[488.789s][info][gc,cpu         ] GC(970) User=0.01s Sys=0.00s Real=0.01s
[489.301s][info][gc,start       ] GC(971) Pause Young (Allocation Failure)
[489.305s][info][gc,heap        ] GC(971) PSYoungGen: 187936K(188416K)->576K(180736K) Eden: 186368K(186368K)->0K(179712K) From: 1568K(2048K)->576K(1024K)
[489.305s][info][gc,heap        ] GC(971) ParOldGen: 381483K(381952K)->381499K(381952K)
[489.305s][info][gc,metaspace   ] GC(971) Metaspace: 57733K(58048K)->57733K(58048K) NonClass: 49450K(49664K)->49450K(49664K) Class: 8282K(8384K)->8282K(8384K)
[489.305s][info][gc             ] GC(971) Pause Young (Allocation Failure) 556M->373M(549M) 4.269ms
[489.305s][info][gc,cpu         ] GC(971) User=0.01s Sys=0.00s Real=0.00s
[489.675s][info][gc,start       ] GC(972) Pause Young (Allocation Failure)
[489.678s][info][gc,heap        ] GC(972) PSYoungGen: 180288K(180736K)->1727K(179200K) Eden: 179712K(179712K)->0K(173568K) From: 576K(1024K)->1727K(5632K)
[489.678s][info][gc,heap        ] GC(972) ParOldGen: 381499K(381952K)->381515K(381952K)
[489.678s][info][gc,metaspace   ] GC(972) Metaspace: 57733K(58048K)->57733K(58048K) NonClass: 49450K(49664K)->49450K(49664K) Class: 8282K(8384K)->8282K(8384K)
[489.678s][info][gc             ] GC(972) Pause Young (Allocation Failure) 548M->374M(548M) 3.521ms
[489.678s][info][gc,cpu         ] GC(972) User=0.01s Sys=0.00s Real=0.01s
[490.087s][info][gc,start       ] GC(973) Pause Young (Allocation Failure)
[490.092s][info][gc,heap        ] GC(973) PSYoungGen: 175295K(179200K)->2016K(169984K) Eden: 173568K(173568K)->0K(167936K) From: 1727K(5632K)->2016K(2048K)
[490.092s][info][gc,heap        ] GC(973) ParOldGen: 381515K(381952K)->381531K(381952K)
[490.092s][info][gc,metaspace   ] GC(973) Metaspace: 57733K(58048K)->57733K(58048K) NonClass: 49450K(49664K)->49450K(49664K) Class: 8282K(8384K)->8282K(8384K)
[490.092s][info][gc             ] GC(973) Pause Young (Allocation Failure) 543M->374M(539M) 4.714ms
[490.092s][info][gc,cpu         ] GC(973) User=0.01s Sys=0.00s Real=0.00s
[490.505s][info][gc,start       ] GC(974) Pause Young (Allocation Failure)
[490.509s][info][gc,heap        ] GC(974) PSYoungGen: 169952K(169984K)->1663K(164352K) Eden: 167936K(167936K)->0K(162304K) From: 2016K(2048K)->1663K(2048K)
[490.509s][info][gc,heap        ] GC(974) ParOldGen: 381531K(381952K)->381547K(381952K)
[490.509s][info][gc,metaspace   ] GC(974) Metaspace: 57733K(58048K)->57733K(58048K) NonClass: 49450K(49664K)->49450K(49664K) Class: 8282K(8384K)->8282K(8384K)
[490.509s][info][gc             ] GC(974) Pause Young (Allocation Failure) 538M->374M(533M) 3.637ms
[490.509s][info][gc,cpu         ] GC(974) User=0.00s Sys=0.00s Real=0.01s
[490.891s][info][gc,start       ] GC(975) Pause Young (Allocation Failure)
[490.895s][info][gc,heap        ] GC(975) PSYoungGen: 163967K(164352K)->2175K(159744K) Eden: 162304K(162304K)->0K(157184K) From: 1663K(2048K)->2175K(2560K)
[490.895s][info][gc,heap        ] GC(975) ParOldGen: 381547K(381952K)->381563K(381952K)
[490.895s][info][gc,metaspace   ] GC(975) Metaspace: 57733K(58048K)->57733K(58048K) NonClass: 49450K(49664K)->49450K(49664K) Class: 8282K(8384K)->8282K(8384K)
[490.895s][info][gc             ] GC(975) Pause Young (Allocation Failure) 532M->374M(529M) 4.445ms
[490.895s][info][gc,cpu         ] GC(975) User=0.01s Sys=0.00s Real=0.00s
[491.284s][info][gc,start       ] GC(976) Pause Young (Allocation Failure)
[491.288s][info][gc,heap        ] GC(976) PSYoungGen: 159359K(159744K)->2271K(154624K) Eden: 157184K(157184K)->0K(152064K) From: 2175K(2560K)->2271K(2560K)
[491.288s][info][gc,heap        ] GC(976) ParOldGen: 381563K(381952K)->381579K(381952K)
[491.288s][info][gc,metaspace   ] GC(976) Metaspace: 57733K(58048K)->57733K(58048K) NonClass: 49450K(49664K)->49450K(49664K) Class: 8282K(8384K)->8282K(8384K)
[491.289s][info][gc             ] GC(976) Pause Young (Allocation Failure) 528M->374M(524M) 4.489ms
[491.289s][info][gc,cpu         ] GC(976) User=0.01s Sys=0.00s Real=0.01s
[491.667s][info][gc,start       ] GC(977) Pause Young (Allocation Failure)
[491.670s][info][gc,heap        ] GC(977) PSYoungGen: 154335K(154624K)->1439K(148480K) Eden: 152064K(152064K)->0K(146944K) From: 2271K(2560K)->1439K(1536K)
[491.670s][info][gc,heap        ] GC(977) ParOldGen: 381579K(381952K)->381595K(381952K)
[491.670s][info][gc,metaspace   ] GC(977) Metaspace: 57733K(58048K)->57733K(58048K) NonClass: 49450K(49664K)->49450K(49664K) Class: 8282K(8384K)->8282K(8384K)
[491.670s][info][gc             ] GC(977) Pause Young (Allocation Failure) 523M->374M(518M) 3.417ms
[491.670s][info][gc,cpu         ] GC(977) User=0.01s Sys=0.00s Real=0.00s
[492.002s][info][gc,start       ] GC(978) Pause Young (Allocation Failure)
[492.006s][info][gc,heap        ] GC(978) PSYoungGen: 148383K(148480K)->2207K(178176K) Eden: 146944K(146944K)->0K(175616K) From: 1439K(1536K)->2207K(2560K)
[492.006s][info][gc,heap        ] GC(978) ParOldGen: 381595K(381952K)->381611K(381952K)
[492.006s][info][gc,metaspace   ] GC(978) Metaspace: 57733K(58048K)->57733K(58048K) NonClass: 49450K(49664K)->49450K(49664K) Class: 8282K(8384K)->8282K(8384K)
[492.006s][info][gc             ] GC(978) Pause Young (Allocation Failure) 517M->374M(547M) 4.266ms
[492.006s][info][gc,cpu         ] GC(978) User=0.01s Sys=0.00s Real=0.01s
[492.409s][info][gc,start       ] GC(979) Pause Young (Allocation Failure)
[492.411s][info][gc,heap        ] GC(979) PSYoungGen: 177823K(178176K)->735K(170496K) Eden: 175616K(175616K)->0K(169472K) From: 2207K(2560K)->735K(1024K)
[492.411s][info][gc,heap        ] GC(979) ParOldGen: 381611K(381952K)->381627K(381952K)
[492.411s][info][gc,metaspace   ] GC(979) Metaspace: 57733K(58048K)->57733K(58048K) NonClass: 49450K(49664K)->49450K(49664K) Class: 8282K(8384K)->8282K(8384K)
[492.411s][info][gc             ] GC(979) Pause Young (Allocation Failure) 546M->373M(539M) 2.393ms
[492.411s][info][gc,cpu         ] GC(979) User=0.00s Sys=0.00s Real=0.00s
[492.861s][info][gc,start       ] GC(980) Pause Young (Allocation Failure)
[492.863s][info][gc,heap        ] GC(980) PSYoungGen: 170207K(170496K)->671K(164864K) Eden: 169472K(169472K)->0K(163840K) From: 735K(1024K)->671K(1024K)
[492.863s][info][gc,heap        ] GC(980) ParOldGen: 381627K(381952K)->381643K(381952K)
[492.863s][info][gc,metaspace   ] GC(980) Metaspace: 57733K(58048K)->57733K(58048K) NonClass: 49450K(49664K)->49450K(49664K) Class: 8282K(8384K)->8282K(8384K)
[492.863s][info][gc             ] GC(980) Pause Young (Allocation Failure) 538M->373M(534M) 2.475ms
[492.863s][info][gc,cpu         ] GC(980) User=0.01s Sys=0.00s Real=0.00s
[493.259s][info][gc,start       ] GC(981) Pause Young (Allocation Failure)
[493.261s][info][gc,heap        ] GC(981) PSYoungGen: 164511K(164864K)->447K(158720K) Eden: 163840K(163840K)->0K(158208K) From: 671K(1024K)->447K(512K)
[493.261s][info][gc,heap        ] GC(981) ParOldGen: 381643K(381952K)->381659K(381952K)
[493.261s][info][gc,metaspace   ] GC(981) Metaspace: 57733K(58048K)->57733K(58048K) NonClass: 49450K(49664K)->49450K(49664K) Class: 8282K(8384K)->8282K(8384K)
[493.262s][info][gc             ] GC(981) Pause Young (Allocation Failure) 533M->373M(528M) 2.517ms
[493.262s][info][gc,cpu         ] GC(981) User=0.00s Sys=0.00s Real=0.00s
[493.596s][info][gc,start       ] GC(982) Pause Young (Allocation Failure)
[493.599s][info][gc,heap        ] GC(982) PSYoungGen: 158655K(158720K)->991K(157184K) Eden: 158208K(158208K)->0K(153088K) From: 447K(512K)->991K(4096K)
[493.599s][info][gc,heap        ] GC(982) ParOldGen: 381659K(381952K)->381675K(381952K)
[493.599s][info][gc,metaspace   ] GC(982) Metaspace: 57733K(58048K)->57733K(58048K) NonClass: 49450K(49664K)->49450K(49664K) Class: 8282K(8384K)->8282K(8384K)
[493.599s][info][gc             ] GC(982) Pause Young (Allocation Failure) 527M->373M(526M) 2.549ms
[493.599s][info][gc,cpu         ] GC(982) User=0.00s Sys=0.00s Real=0.00s
[494.091s][info][gc,start       ] GC(983) Pause Young (Allocation Failure)
[494.097s][info][gc,heap        ] GC(983) PSYoungGen: 154024K(157184K)->2688K(151040K) Eden: 153033K(153088K)->0K(147968K) From: 991K(4096K)->2688K(3072K)
[494.097s][info][gc,heap        ] GC(983) ParOldGen: 381675K(381952K)->381691K(381952K)
[494.097s][info][gc,metaspace   ] GC(983) Metaspace: 57733K(58048K)->57733K(58048K) NonClass: 49450K(49664K)->49450K(49664K) Class: 8282K(8384K)->8282K(8384K)
[494.097s][info][gc             ] GC(983) Pause Young (Allocation Failure) 523M->375M(520M) 5.393ms
[494.097s][info][gc,cpu         ] GC(983) User=0.01s Sys=0.00s Real=0.01s
[494.369s][info][gc,start       ] GC(984) Pause Young (Allocation Failure)
[494.372s][info][gc,heap        ] GC(984) PSYoungGen: 150656K(151040K)->1407K(144896K) Eden: 147968K(147968K)->0K(143360K) From: 2688K(3072K)->1407K(1536K)
[494.372s][info][gc,heap        ] GC(984) ParOldGen: 381691K(381952K)->381707K(381952K)
[494.372s][info][gc,metaspace   ] GC(984) Metaspace: 57733K(58048K)->57733K(58048K) NonClass: 49450K(49664K)->49450K(49664K) Class: 8282K(8384K)->8282K(8384K)
[494.372s][info][gc             ] GC(984) Pause Young (Allocation Failure) 519M->374M(514M) 3.186ms
[494.372s][info][gc,cpu         ] GC(984) User=0.00s Sys=0.00s Real=0.00s
[494.688s][info][gc,start       ] GC(985) Pause Young (Allocation Failure)
[494.692s][info][gc,heap        ] GC(985) PSYoungGen: 144767K(144896K)->2016K(140800K) Eden: 143360K(143360K)->0K(138752K) From: 1407K(1536K)->2016K(2048K)
[494.692s][info][gc,heap        ] GC(985) ParOldGen: 381707K(381952K)->381723K(381952K)
[494.692s][info][gc,metaspace   ] GC(985) Metaspace: 57733K(58048K)->57733K(58048K) NonClass: 49450K(49664K)->49450K(49664K) Class: 8282K(8384K)->8282K(8384K)
[494.692s][info][gc             ] GC(985) Pause Young (Allocation Failure) 514M->374M(510M) 4.350ms
[494.692s][info][gc,cpu         ] GC(985) User=0.01s Sys=0.00s Real=0.00s
[495.058s][info][gc,start       ] GC(986) Pause Young (Allocation Failure)
[495.060s][info][gc,heap        ] GC(986) PSYoungGen: 140768K(140800K)->544K(135680K) Eden: 138752K(138752K)->0K(134656K) From: 2016K(2048K)->544K(1024K)
[495.060s][info][gc,heap        ] GC(986) ParOldGen: 381723K(381952K)->381739K(381952K)
[495.060s][info][gc,metaspace   ] GC(986) Metaspace: 57733K(58048K)->57733K(58048K) NonClass: 49450K(49664K)->49450K(49664K) Class: 8282K(8384K)->8282K(8384K)
[495.060s][info][gc             ] GC(986) Pause Young (Allocation Failure) 510M->373M(505M) 2.308ms
[495.060s][info][gc,cpu         ] GC(986) User=0.01s Sys=0.00s Real=0.00s
[495.370s][info][gc,start       ] GC(987) Pause Young (Allocation Failure)
[495.373s][info][gc,heap        ] GC(987) PSYoungGen: 135110K(135680K)->1376K(132096K) Eden: 134566K(134656K)->0K(130560K) From: 544K(1024K)->1376K(1536K)
[495.373s][info][gc,heap        ] GC(987) ParOldGen: 381739K(381952K)->381755K(381952K)
[495.373s][info][gc,metaspace   ] GC(987) Metaspace: 57733K(58048K)->57733K(58048K) NonClass: 49450K(49664K)->49450K(49664K) Class: 8282K(8384K)->8282K(8384K)
[495.373s][info][gc             ] GC(987) Pause Young (Allocation Failure) 504M->374M(502M) 3.529ms
[495.373s][info][gc,cpu         ] GC(987) User=0.01s Sys=0.00s Real=0.00s
[495.678s][info][gc,start       ] GC(988) Pause Young (Allocation Failure)
[495.713s][info][gc,heap        ] GC(988) PSYoungGen: 131936K(132096K)->1695K(158720K) Eden: 130560K(130560K)->0K(156672K) From: 1376K(1536K)->1695K(2048K)
[495.713s][info][gc,heap        ] GC(988) ParOldGen: 381755K(381952K)->381771K(381952K)
[495.713s][info][gc,metaspace   ] GC(988) Metaspace: 57733K(58048K)->57733K(58048K) NonClass: 49450K(49664K)->49450K(49664K) Class: 8282K(8384K)->8282K(8384K)
[495.714s][info][gc             ] GC(988) Pause Young (Allocation Failure) 501M->374M(528M) 35.445ms
[495.714s][info][gc,cpu         ] GC(988) User=0.02s Sys=0.00s Real=0.03s
[496.069s][info][gc,start       ] GC(989) Pause Young (Allocation Failure)
[496.073s][info][gc,heap        ] GC(989) PSYoungGen: 158367K(158720K)->1311K(189440K) Eden: 156672K(156672K)->0K(187904K) From: 1695K(2048K)->1311K(1536K)
[496.073s][info][gc,heap        ] GC(989) ParOldGen: 381771K(381952K)->381787K(381952K)
[496.073s][info][gc,metaspace   ] GC(989) Metaspace: 57733K(58048K)->57733K(58048K) NonClass: 49450K(49664K)->49450K(49664K) Class: 8282K(8384K)->8282K(8384K)
[496.073s][info][gc             ] GC(989) Pause Young (Allocation Failure) 527M->374M(558M) 3.993ms
[496.073s][info][gc,cpu         ] GC(989) User=0.00s Sys=0.00s Real=0.00s
[496.498s][info][gc,start       ] GC(990) Pause Young (Allocation Failure)
[496.501s][info][gc,heap        ] GC(990) PSYoungGen: 189215K(189440K)->1247K(201216K) Eden: 187904K(187904K)->0K(197632K) From: 1311K(1536K)->1247K(3584K)
[496.501s][info][gc,heap        ] GC(990) ParOldGen: 381787K(381952K)->381803K(381952K)
[496.501s][info][gc,metaspace   ] GC(990) Metaspace: 57733K(58048K)->57733K(58048K) NonClass: 49450K(49664K)->49450K(49664K) Class: 8282K(8384K)->8282K(8384K)
[496.501s][info][gc             ] GC(990) Pause Young (Allocation Failure) 557M->374M(569M) 2.880ms
[496.501s][info][gc,cpu         ] GC(990) User=0.01s Sys=0.00s Real=0.00s
[496.983s][info][gc,start       ] GC(991) Pause Young (Allocation Failure)
[496.989s][info][gc,heap        ] GC(991) PSYoungGen: 198879K(201216K)->2879K(228864K) Eden: 197632K(197632K)->0K(225280K) From: 1247K(3584K)->2879K(3584K)
[496.989s][info][gc,heap        ] GC(991) ParOldGen: 381803K(381952K)->381819K(381952K)
[496.989s][info][gc,metaspace   ] GC(991) Metaspace: 57733K(58048K)->57733K(58048K) NonClass: 49450K(49664K)->49450K(49664K) Class: 8282K(8384K)->8282K(8384K)
[496.989s][info][gc             ] GC(991) Pause Young (Allocation Failure) 567M->375M(596M) 6.109ms
[496.989s][info][gc,cpu         ] GC(991) User=0.02s Sys=0.00s Real=0.01s
[497.565s][info][gc,start       ] GC(992) Pause Young (Allocation Failure)
[497.568s][info][gc,heap        ] GC(992) PSYoungGen: 228159K(228864K)->1246K(228864K) Eden: 225280K(225280K)->0K(225280K) From: 2879K(3584K)->1246K(3584K)
[497.568s][info][gc,heap        ] GC(992) ParOldGen: 381819K(381952K)->381835K(381952K)
[497.568s][info][gc,metaspace   ] GC(992) Metaspace: 57733K(58048K)->57733K(58048K) NonClass: 49450K(49664K)->49450K(49664K) Class: 8282K(8384K)->8282K(8384K)
[497.568s][info][gc             ] GC(992) Pause Young (Allocation Failure) 595M->374M(596M) 3.158ms
[497.568s][info][gc,cpu         ] GC(992) User=0.00s Sys=0.00s Real=0.01s
[498.085s][info][gc,start       ] GC(993) Pause Young (Allocation Failure)
[498.090s][info][gc,heap        ] GC(993) PSYoungGen: 226526K(228864K)->2048K(272896K) Eden: 225280K(225280K)->0K(269312K) From: 1246K(3584K)->2048K(3584K)
[498.090s][info][gc,heap        ] GC(993) ParOldGen: 381835K(381952K)->381851K(381952K)
[498.090s][info][gc,metaspace   ] GC(993) Metaspace: 57733K(58048K)->57733K(58048K) NonClass: 49450K(49664K)->49450K(49664K) Class: 8282K(8384K)->8282K(8384K)
[498.090s][info][gc             ] GC(993) Pause Young (Allocation Failure) 594M->374M(639M) 5.168ms
[498.090s][info][gc,cpu         ] GC(993) User=0.01s Sys=0.00s Real=0.01s
[498.765s][info][gc,start       ] GC(994) Pause Young (Allocation Failure)
[498.767s][info][gc,heap        ] GC(994) PSYoungGen: 271360K(272896K)->640K(272896K) Eden: 269312K(269312K)->0K(269312K) From: 2048K(3584K)->640K(3584K)
[498.768s][info][gc,heap        ] GC(994) ParOldGen: 381851K(381952K)->381867K(381952K)
[498.768s][info][gc,metaspace   ] GC(994) Metaspace: 57733K(58048K)->57733K(58048K) NonClass: 49450K(49664K)->49450K(49664K) Class: 8282K(8384K)->8282K(8384K)
[498.768s][info][gc             ] GC(994) Pause Young (Allocation Failure) 637M->373M(639M) 2.644ms
[498.768s][info][gc,cpu         ] GC(994) User=0.00s Sys=0.00s Real=0.01s
[499.385s][info][gc,start       ] GC(995) Pause Young (Allocation Failure)
[499.390s][info][gc,heap        ] GC(995) PSYoungGen: 269952K(272896K)->1824K(325120K) Eden: 269312K(269312K)->0K(321536K) From: 640K(3584K)->1824K(3584K)
[499.390s][info][gc,heap        ] GC(995) ParOldGen: 381867K(381952K)->381883K(381952K)
[499.390s][info][gc,metaspace   ] GC(995) Metaspace: 57733K(58048K)->57733K(58048K) NonClass: 49450K(49664K)->49450K(49664K) Class: 8282K(8384K)->8282K(8384K)
[499.390s][info][gc             ] GC(995) Pause Young (Allocation Failure) 636M->374M(690M) 4.824ms
[499.390s][info][gc,cpu         ] GC(995) User=0.01s Sys=0.00s Real=0.01s
[500.185s][info][gc,start       ] GC(996) Pause Young (Allocation Failure)
[500.188s][info][gc,heap        ] GC(996) PSYoungGen: 323360K(325120K)->1374K(310272K) Eden: 321536K(321536K)->0K(308736K) From: 1824K(3584K)->1374K(1536K)
[500.188s][info][gc,heap        ] GC(996) ParOldGen: 381883K(381952K)->381899K(381952K)
[500.188s][info][gc,metaspace   ] GC(996) Metaspace: 57733K(58048K)->57733K(58048K) NonClass: 49450K(49664K)->49450K(49664K) Class: 8282K(8384K)->8282K(8384K)
[500.188s][info][gc             ] GC(996) Pause Young (Allocation Failure) 688M->374M(676M) 3.226ms
[500.188s][info][gc,cpu         ] GC(996) User=0.01s Sys=0.00s Real=0.01s
[500.957s][info][gc,start       ] GC(997) Pause Young (Allocation Failure)
[500.959s][info][gc,heap        ] GC(997) PSYoungGen: 310110K(310272K)->799K(297472K) Eden: 308736K(308736K)->0K(296448K) From: 1374K(1536K)->799K(1024K)
[500.959s][info][gc,heap        ] GC(997) ParOldGen: 381899K(381952K)->381915K(381952K)
[500.959s][info][gc,metaspace   ] GC(997) Metaspace: 57733K(58048K)->57733K(58048K) NonClass: 49450K(49664K)->49450K(49664K) Class: 8282K(8384K)->8282K(8384K)
[500.960s][info][gc             ] GC(997) Pause Young (Allocation Failure) 675M->373M(663M) 2.712ms
[500.960s][info][gc,cpu         ] GC(997) User=0.00s Sys=0.00s Real=0.00s
[501.663s][info][gc,start       ] GC(998) Pause Young (Allocation Failure)
[501.666s][info][gc,heap        ] GC(998) PSYoungGen: 297247K(297472K)->960K(288256K) Eden: 296448K(296448K)->0K(284672K) From: 799K(1024K)->960K(3584K)
[501.666s][info][gc,heap        ] GC(998) ParOldGen: 381915K(381952K)->381931K(381952K)
[501.666s][info][gc,metaspace   ] GC(998) Metaspace: 57733K(58048K)->57733K(58048K) NonClass: 49450K(49664K)->49450K(49664K) Class: 8282K(8384K)->8282K(8384K)
[501.666s][info][gc             ] GC(998) Pause Young (Allocation Failure) 663M->373M(654M) 2.953ms
[501.666s][info][gc,cpu         ] GC(998) User=0.01s Sys=0.00s Real=0.01s
[502.360s][info][gc,start       ] GC(999) Pause Young (Allocation Failure)
[502.362s][info][gc,heap        ] GC(999) PSYoungGen: 285632K(288256K)->692K(274432K) Eden: 284672K(284672K)->0K(273408K) From: 960K(3584K)->692K(1024K)
[502.362s][info][gc,heap        ] GC(999) ParOldGen: 381931K(381952K)->381947K(381952K)
[502.362s][info][gc,metaspace   ] GC(999) Metaspace: 57733K(58048K)->57733K(58048K) NonClass: 49450K(49664K)->49450K(49664K) Class: 8282K(8384K)->8282K(8384K)
[502.362s][info][gc             ] GC(999) Pause Young (Allocation Failure) 651M->373M(641M) 2.588ms
[502.362s][info][gc,cpu         ] GC(999) User=0.01s Sys=0.00s Real=0.00s
[502.985s][info][gc,start       ] GC(1000) Pause Young (Allocation Failure)
[502.990s][info][gc,heap        ] GC(1000) PSYoungGen: 274100K(274432K)->2527K(265216K) Eden: 273408K(273408K)->0K(262656K) From: 692K(1024K)->2527K(2560K)
[502.990s][info][gc,heap        ] GC(1000) ParOldGen: 381947K(381952K)->381963K(382464K)
[502.990s][info][gc,metaspace   ] GC(1000) Metaspace: 57733K(58048K)->57733K(58048K) NonClass: 49450K(49664K)->49450K(49664K) Class: 8282K(8384K)->8282K(8384K)
[502.990s][info][gc             ] GC(1000) Pause Young (Allocation Failure) 640M->375M(632M) 4.525ms
[502.990s][info][gc,cpu         ] GC(1000) User=0.01s Sys=0.01s Real=0.01s
[503.706s][info][gc,start       ] GC(1001) Pause Young (Allocation Failure)
[503.708s][info][gc,heap        ] GC(1001) PSYoungGen: 265183K(265216K)->319K(252928K) Eden: 262656K(262656K)->0K(252416K) From: 2527K(2560K)->319K(512K)
[503.708s][info][gc,heap        ] GC(1001) ParOldGen: 381963K(382464K)->381979K(382464K)
[503.708s][info][gc,metaspace   ] GC(1001) Metaspace: 57733K(58048K)->57733K(58048K) NonClass: 49450K(49664K)->49450K(49664K) Class: 8282K(8384K)->8282K(8384K)
[503.708s][info][gc             ] GC(1001) Pause Young (Allocation Failure) 631M->373M(620M) 2.174ms
[503.708s][info][gc,cpu         ] GC(1001) User=0.01s Sys=0.00s Real=0.00s
[504.263s][info][gc,start       ] GC(1002) Pause Young (Allocation Failure)
[504.266s][info][gc,heap        ] GC(1002) PSYoungGen: 252735K(252928K)->1247K(246272K) Eden: 252416K(252416K)->0K(242688K) From: 319K(512K)->1247K(3584K)
[504.266s][info][gc,heap        ] GC(1002) ParOldGen: 381979K(382464K)->381995K(382464K)
[504.266s][info][gc,metaspace   ] GC(1002) Metaspace: 57733K(58048K)->57733K(58048K) NonClass: 49450K(49664K)->49450K(49664K) Class: 8282K(8384K)->8282K(8384K)
[504.266s][info][gc             ] GC(1002) Pause Young (Allocation Failure) 619M->374M(614M) 2.751ms
[504.266s][info][gc,cpu         ] GC(1002) User=0.00s Sys=0.00s Real=0.01s
[504.934s][info][gc,start       ] GC(1003) Pause Young (Allocation Failure)
[504.938s][info][gc,heap        ] GC(1003) PSYoungGen: 243935K(246272K)->256K(233984K) Eden: 242688K(242688K)->0K(233472K) From: 1247K(3584K)->256K(512K)
[504.938s][info][gc,heap        ] GC(1003) ParOldGen: 381995K(382464K)->382011K(382464K)
[504.938s][info][gc,metaspace   ] GC(1003) Metaspace: 57733K(58048K)->57733K(58048K) NonClass: 49450K(49664K)->49450K(49664K) Class: 8282K(8384K)->8282K(8384K)
[504.938s][info][gc             ] GC(1003) Pause Young (Allocation Failure) 611M->373M(602M) 4.176ms
[504.938s][info][gc,cpu         ] GC(1003) User=0.00s Sys=0.00s Real=0.01s
[505.385s][info][gc,start       ] GC(1004) Pause Young (Allocation Failure)
[505.390s][info][gc,heap        ] GC(1004) PSYoungGen: 233728K(233984K)->2271K(228352K) Eden: 233472K(233472K)->0K(224768K) From: 256K(512K)->2271K(3584K)
[505.390s][info][gc,heap        ] GC(1004) ParOldGen: 382011K(382464K)->382027K(382464K)
[505.390s][info][gc,metaspace   ] GC(1004) Metaspace: 57733K(58048K)->57733K(58048K) NonClass: 49450K(49664K)->49450K(49664K) Class: 8282K(8384K)->8282K(8384K)
[505.390s][info][gc             ] GC(1004) Pause Young (Allocation Failure) 601M->375M(596M) 5.180ms
[505.390s][info][gc,cpu         ] GC(1004) User=0.01s Sys=0.00s Real=0.01s
[505.960s][info][gc,start       ] GC(1005) Pause Young (Allocation Failure)
[505.963s][info][gc,heap        ] GC(1005) PSYoungGen: 227039K(228352K)->799K(217600K) Eden: 224768K(224768K)->0K(216576K) From: 2271K(3584K)->799K(1024K)
[505.963s][info][gc,heap        ] GC(1005) ParOldGen: 382027K(382464K)->382043K(382464K)
[505.963s][info][gc,metaspace   ] GC(1005) Metaspace: 57733K(58048K)->57733K(58048K) NonClass: 49450K(49664K)->49450K(49664K) Class: 8282K(8384K)->8282K(8384K)
[505.963s][info][gc             ] GC(1005) Pause Young (Allocation Failure) 594M->373M(586M) 2.706ms
[505.963s][info][gc,cpu         ] GC(1005) User=0.01s Sys=0.00s Real=0.00s
[506.473s][info][gc,start       ] GC(1006) Pause Young (Allocation Failure)
[506.476s][info][gc,heap        ] GC(1006) PSYoungGen: 217355K(217600K)->1536K(210432K) Eden: 216555K(216576K)->0K(208896K) From: 799K(1024K)->1536K(1536K)
[506.476s][info][gc,heap        ] GC(1006) ParOldGen: 382043K(382464K)->382059K(382464K)
[506.476s][info][gc,metaspace   ] GC(1006) Metaspace: 57733K(58048K)->57733K(58048K) NonClass: 49450K(49664K)->49450K(49664K) Class: 8282K(8384K)->8282K(8384K)
[506.476s][info][gc             ] GC(1006) Pause Young (Allocation Failure) 585M->374M(579M) 3.612ms
[506.477s][info][gc,cpu         ] GC(1006) User=0.00s Sys=0.00s Real=0.01s
[506.971s][info][gc,start       ] GC(1007) Pause Young (Allocation Failure)
[506.975s][info][gc,heap        ] GC(1007) PSYoungGen: 210361K(210432K)->1887K(203264K) Eden: 208825K(208896K)->0K(201216K) From: 1536K(1536K)->1887K(2048K)
[506.975s][info][gc,heap        ] GC(1007) ParOldGen: 382059K(382464K)->382075K(382464K)
[506.975s][info][gc,metaspace   ] GC(1007) Metaspace: 57733K(58048K)->57733K(58048K) NonClass: 49450K(49664K)->49450K(49664K) Class: 8282K(8384K)->8282K(8384K)
[506.975s][info][gc             ] GC(1007) Pause Young (Allocation Failure) 578M->374M(572M) 3.960ms
[506.975s][info][gc,cpu         ] GC(1007) User=0.01s Sys=0.00s Real=0.00s
[507.464s][info][gc,start       ] GC(1008) Pause Young (Allocation Failure)
[507.467s][info][gc,heap        ] GC(1008) PSYoungGen: 203103K(203264K)->1630K(196096K) Eden: 201216K(201216K)->0K(194048K) From: 1887K(2048K)->1630K(2048K)
[507.467s][info][gc,heap        ] GC(1008) ParOldGen: 382075K(382464K)->382091K(382464K)
[507.467s][info][gc,metaspace   ] GC(1008) Metaspace: 57733K(58048K)->57733K(58048K) NonClass: 49450K(49664K)->49450K(49664K) Class: 8282K(8384K)->8282K(8384K)
[507.467s][info][gc             ] GC(1008) Pause Young (Allocation Failure) 571M->374M(565M) 3.042ms
[507.467s][info][gc,cpu         ] GC(1008) User=0.00s Sys=0.00s Real=0.01s
[507.903s][info][gc,start       ] GC(1009) Pause Young (Allocation Failure)
[507.906s][info][gc,heap        ] GC(1009) PSYoungGen: 195678K(196096K)->512K(187904K) Eden: 194048K(194048K)->0K(187392K) From: 1630K(2048K)->512K(512K)
[507.906s][info][gc,heap        ] GC(1009) ParOldGen: 382091K(382464K)->382107K(382464K)
[507.906s][info][gc,metaspace   ] GC(1009) Metaspace: 57733K(58048K)->57733K(58048K) NonClass: 49450K(49664K)->49450K(49664K) Class: 8282K(8384K)->8282K(8384K)
[507.906s][info][gc             ] GC(1009) Pause Young (Allocation Failure) 564M->373M(557M) 2.429ms
[507.906s][info][gc,cpu         ] GC(1009) User=0.00s Sys=0.00s Real=0.00s
[508.382s][info][gc,start       ] GC(1010) Pause Young (Allocation Failure)
[508.386s][info][gc,heap        ] GC(1010) PSYoungGen: 187904K(187904K)->2143K(183296K) Eden: 187392K(187392K)->0K(180736K) From: 512K(512K)->2143K(2560K)
[508.386s][info][gc,heap        ] GC(1010) ParOldGen: 382107K(382464K)->382123K(382464K)
[508.386s][info][gc,metaspace   ] GC(1010) Metaspace: 57733K(58048K)->57733K(58048K) NonClass: 49450K(49664K)->49450K(49664K) Class: 8282K(8384K)->8282K(8384K)
[508.386s][info][gc             ] GC(1010) Pause Young (Allocation Failure) 556M->375M(552M) 4.007ms
[508.386s][info][gc,cpu         ] GC(1010) User=0.01s Sys=0.00s Real=0.01s
[508.809s][info][gc,start       ] GC(1011) Pause Young (Allocation Failure)
[508.812s][info][gc,heap        ] GC(1011) PSYoungGen: 182708K(183296K)->512K(175104K) Eden: 180565K(180736K)->0K(174592K) From: 2143K(2560K)->512K(512K)
[508.812s][info][gc,heap        ] GC(1011) ParOldGen: 382123K(382464K)->382139K(382464K)
[508.812s][info][gc,metaspace   ] GC(1011) Metaspace: 57733K(58048K)->57733K(58048K) NonClass: 49450K(49664K)->49450K(49664K) Class: 8282K(8384K)->8282K(8384K)
[508.812s][info][gc             ] GC(1011) Pause Young (Allocation Failure) 551M->373M(544M) 2.497ms
[508.812s][info][gc,cpu         ] GC(1011) User=0.00s Sys=0.00s Real=0.00s
[509.263s][info][gc,start       ] GC(1012) Pause Young (Allocation Failure)
[509.266s][info][gc,heap        ] GC(1012) PSYoungGen: 175104K(175104K)->895K(172032K) Eden: 174592K(174592K)->0K(168448K) From: 512K(512K)->895K(3584K)
[509.266s][info][gc,heap        ] GC(1012) ParOldGen: 382139K(382464K)->382155K(382464K)
[509.266s][info][gc,metaspace   ] GC(1012) Metaspace: 57733K(58048K)->57733K(58048K) NonClass: 49450K(49664K)->49450K(49664K) Class: 8282K(8384K)->8282K(8384K)
[509.266s][info][gc             ] GC(1012) Pause Young (Allocation Failure) 544M->374M(541M) 2.688ms
[509.266s][info][gc,cpu         ] GC(1012) User=0.00s Sys=0.00s Real=0.01s
[509.667s][info][gc,start       ] GC(1013) Pause Young (Allocation Failure)
[509.670s][info][gc,heap        ] GC(1013) PSYoungGen: 169343K(172032K)->1183K(164352K) Eden: 168448K(168448K)->0K(162816K) From: 895K(3584K)->1183K(1536K)
[509.670s][info][gc,heap        ] GC(1013) ParOldGen: 382155K(382464K)->382171K(382464K)
[509.670s][info][gc,metaspace   ] GC(1013) Metaspace: 57733K(58048K)->57733K(58048K) NonClass: 49450K(49664K)->49450K(49664K) Class: 8282K(8384K)->8282K(8384K)
[509.670s][info][gc             ] GC(1013) Pause Young (Allocation Failure) 538M->374M(534M) 2.747ms
[509.670s][info][gc,cpu         ] GC(1013) User=0.00s Sys=0.00s Real=0.00s
[510.065s][info][gc,start       ] GC(1014) Pause Young (Allocation Failure)
[510.068s][info][gc,heap        ] GC(1014) PSYoungGen: 163999K(164352K)->1407K(158720K) Eden: 162816K(162816K)->0K(157184K) From: 1183K(1536K)->1407K(1536K)
[510.068s][info][gc,heap        ] GC(1014) ParOldGen: 382171K(382464K)->382187K(382464K)
[510.068s][info][gc,metaspace   ] GC(1014) Metaspace: 57733K(58048K)->57733K(58048K) NonClass: 49450K(49664K)->49450K(49664K) Class: 8282K(8384K)->8282K(8384K)
[510.068s][info][gc             ] GC(1014) Pause Young (Allocation Failure) 533M->374M(528M) 3.133ms
[510.068s][info][gc,cpu         ] GC(1014) User=0.01s Sys=0.00s Real=0.01s
[510.432s][info][gc,start       ] GC(1015) Pause Young (Allocation Failure)
[510.434s][info][gc,heap        ] GC(1015) PSYoungGen: 158591K(158720K)->703K(153088K) Eden: 157184K(157184K)->0K(152064K) From: 1407K(1536K)->703K(1024K)
[510.434s][info][gc,heap        ] GC(1015) ParOldGen: 382187K(382464K)->382203K(382464K)
[510.434s][info][gc,metaspace   ] GC(1015) Metaspace: 57733K(58048K)->57733K(58048K) NonClass: 49450K(49664K)->49450K(49664K) Class: 8282K(8384K)->8282K(8384K)
[510.434s][info][gc             ] GC(1015) Pause Young (Allocation Failure) 528M->373M(523M) 2.280ms
[510.434s][info][gc,cpu         ] GC(1015) User=0.00s Sys=0.00s Real=0.00s
[510.846s][info][gc,start       ] GC(1016) Pause Young (Allocation Failure)
[510.850s][info][gc,heap        ] GC(1016) PSYoungGen: 152767K(153088K)->2336K(149504K) Eden: 152063K(152064K)->0K(146944K) From: 703K(1024K)->2336K(2560K)
[510.850s][info][gc,heap        ] GC(1016) ParOldGen: 382203K(382464K)->382219K(382464K)
[510.850s][info][gc,metaspace   ] GC(1016) Metaspace: 57733K(58048K)->57733K(58048K) NonClass: 49450K(49664K)->49450K(49664K) Class: 8282K(8384K)->8282K(8384K)
[510.850s][info][gc             ] GC(1016) Pause Young (Allocation Failure) 522M->375M(519M) 4.678ms
[510.850s][info][gc,cpu         ] GC(1016) User=0.01s Sys=0.00s Real=0.01s
[511.163s][info][gc,start       ] GC(1017) Pause Young (Allocation Failure)
[511.166s][info][gc,heap        ] GC(1017) PSYoungGen: 149280K(149504K)->1934K(144384K) Eden: 146944K(146944K)->0K(142336K) From: 2336K(2560K)->1934K(2048K)
[511.166s][info][gc,heap        ] GC(1017) ParOldGen: 382219K(382464K)->382235K(382464K)
[511.166s][info][gc,metaspace   ] GC(1017) Metaspace: 57733K(58048K)->57733K(58048K) NonClass: 49450K(49664K)->49450K(49664K) Class: 8282K(8384K)->8282K(8384K)
[511.166s][info][gc             ] GC(1017) Pause Young (Allocation Failure) 519M->375M(514M) 3.126ms
[511.166s][info][gc,cpu         ] GC(1017) User=0.00s Sys=0.00s Real=0.01s
[511.487s][info][gc,start       ] GC(1018) Pause Young (Allocation Failure)
[511.491s][info][gc,heap        ] GC(1018) PSYoungGen: 144270K(144384K)->2303K(140288K) Eden: 142336K(142336K)->0K(137728K) From: 1934K(2048K)->2303K(2560K)
[511.491s][info][gc,heap        ] GC(1018) ParOldGen: 382235K(382464K)->382572K(382976K)
[511.491s][info][gc,metaspace   ] GC(1018) Metaspace: 57733K(58048K)->57733K(58048K) NonClass: 49450K(49664K)->49450K(49664K) Class: 8282K(8384K)->8282K(8384K)
[511.491s][info][gc             ] GC(1018) Pause Young (Allocation Failure) 514M->375M(511M) 4.564ms
[511.492s][info][gc,cpu         ] GC(1018) User=0.01s Sys=0.00s Real=0.00s
[511.857s][info][gc,start       ] GC(1019) Pause Young (Allocation Failure)
[511.858s][info][gc,heap        ] GC(1019) PSYoungGen: 139765K(140288K)->256K(134144K) Eden: 137462K(137728K)->0K(133632K) From: 2303K(2560K)->256K(512K)
[511.858s][info][gc,heap        ] GC(1019) ParOldGen: 382572K(382976K)->382588K(382976K)
[511.858s][info][gc,metaspace   ] GC(1019) Metaspace: 57733K(58048K)->57733K(58048K) NonClass: 49450K(49664K)->49450K(49664K) Class: 8282K(8384K)->8282K(8384K)
[511.858s][info][gc             ] GC(1019) Pause Young (Allocation Failure) 510M->373M(505M) 1.950ms
[511.858s][info][gc,cpu         ] GC(1019) User=0.00s Sys=0.00s Real=0.00s
[512.169s][info][gc,start       ] GC(1020) Pause Young (Allocation Failure)
[512.172s][info][gc,heap        ] GC(1020) PSYoungGen: 133888K(134144K)->1567K(133120K) Eden: 133632K(133632K)->0K(129536K) From: 256K(512K)->1567K(3584K)
[512.172s][info][gc,heap        ] GC(1020) ParOldGen: 382588K(382976K)->382604K(382976K)
[512.172s][info][gc,metaspace   ] GC(1020) Metaspace: 57733K(58048K)->57733K(58048K) NonClass: 49450K(49664K)->49450K(49664K) Class: 8282K(8384K)->8282K(8384K)
[512.172s][info][gc             ] GC(1020) Pause Young (Allocation Failure) 504M->375M(504M) 3.059ms
[512.172s][info][gc,cpu         ] GC(1020) User=0.01s Sys=0.00s Real=0.00s
[512.479s][info][gc,start       ] GC(1021) Pause Young (Allocation Failure)
[512.482s][info][gc,heap        ] GC(1021) PSYoungGen: 131103K(133120K)->1983K(127488K) Eden: 129536K(129536K)->0K(125440K) From: 1567K(3584K)->1983K(2048K)
[512.482s][info][gc,heap        ] GC(1021) ParOldGen: 382604K(382976K)->382620K(382976K)
[512.482s][info][gc,metaspace   ] GC(1021) Metaspace: 57733K(58048K)->57733K(58048K) NonClass: 49450K(49664K)->49450K(49664K) Class: 8282K(8384K)->8282K(8384K)
[512.483s][info][gc             ] GC(1021) Pause Young (Allocation Failure) 501M->375M(498M) 3.796ms
[512.483s][info][gc,cpu         ] GC(1021) User=0.01s Sys=0.00s Real=0.00s
[512.779s][info][gc,start       ] GC(1022) Pause Young (Allocation Failure)
[512.783s][info][gc,heap        ] GC(1022) PSYoungGen: 127423K(127488K)->1600K(151552K) Eden: 125440K(125440K)->0K(149504K) From: 1983K(2048K)->1600K(2048K)
[512.783s][info][gc,heap        ] GC(1022) ParOldGen: 382620K(382976K)->382636K(382976K)
[512.783s][info][gc,metaspace   ] GC(1022) Metaspace: 57733K(58048K)->57733K(58048K) NonClass: 49450K(49664K)->49450K(49664K) Class: 8282K(8384K)->8282K(8384K)
[512.783s][info][gc             ] GC(1022) Pause Young (Allocation Failure) 498M->375M(522M) 3.740ms
[512.783s][info][gc,cpu         ] GC(1022) User=0.00s Sys=0.00s Real=0.00s
[513.162s][info][gc,start       ] GC(1023) Pause Young (Allocation Failure)
[513.165s][info][gc,heap        ] GC(1023) PSYoungGen: 151104K(151552K)->820K(145920K) Eden: 149504K(149504K)->0K(144896K) From: 1600K(2048K)->820K(1024K)
[513.165s][info][gc,heap        ] GC(1023) ParOldGen: 382636K(382976K)->382652K(382976K)
[513.165s][info][gc,metaspace   ] GC(1023) Metaspace: 57733K(58048K)->57733K(58048K) NonClass: 49450K(49664K)->49450K(49664K) Class: 8282K(8384K)->8282K(8384K)
[513.165s][info][gc             ] GC(1023) Pause Young (Allocation Failure) 521M->374M(516M) 2.604ms
[513.165s][info][gc,cpu         ] GC(1023) User=0.01s Sys=0.00s Real=0.00s
[513.489s][info][gc,start       ] GC(1024) Pause Young (Allocation Failure)
[513.494s][info][gc,heap        ] GC(1024) PSYoungGen: 145716K(145920K)->2623K(176128K) Eden: 144896K(144896K)->0K(173056K) From: 820K(1024K)->2623K(3072K)
[513.494s][info][gc,heap        ] GC(1024) ParOldGen: 382652K(382976K)->382668K(382976K)
[513.494s][info][gc,metaspace   ] GC(1024) Metaspace: 57733K(58048K)->57733K(58048K) NonClass: 49450K(49664K)->49450K(49664K) Class: 8282K(8384K)->8282K(8384K)
[513.494s][info][gc             ] GC(1024) Pause Young (Allocation Failure) 515M->376M(546M) 4.666ms
[513.494s][info][gc,cpu         ] GC(1024) User=0.01s Sys=0.00s Real=0.00s
[513.898s][info][gc,start       ] GC(1025) Pause Young (Allocation Failure)
[513.901s][info][gc,heap        ] GC(1025) PSYoungGen: 175644K(176128K)->1120K(168960K) Eden: 173021K(173056K)->0K(167424K) From: 2623K(3072K)->1120K(1536K)
[513.901s][info][gc,heap        ] GC(1025) ParOldGen: 382668K(382976K)->382684K(382976K)
[513.901s][info][gc,metaspace   ] GC(1025) Metaspace: 57733K(58048K)->57733K(58048K) NonClass: 49450K(49664K)->49450K(49664K) Class: 8282K(8384K)->8282K(8384K)
[513.901s][info][gc             ] GC(1025) Pause Young (Allocation Failure) 545M->374M(539M) 3.093ms
[513.901s][info][gc,cpu         ] GC(1025) User=0.01s Sys=0.00s Real=0.00s
[514.302s][info][gc,start       ] GC(1026) Pause Young (Allocation Failure)
[514.305s][info][gc,heap        ] GC(1026) PSYoungGen: 168544K(168960K)->959K(162816K) Eden: 167424K(167424K)->0K(161792K) From: 1120K(1536K)->959K(1024K)
[514.305s][info][gc,heap        ] GC(1026) ParOldGen: 382684K(382976K)->382700K(382976K)
[514.305s][info][gc,metaspace   ] GC(1026) Metaspace: 57733K(58048K)->57733K(58048K) NonClass: 49450K(49664K)->49450K(49664K) Class: 8282K(8384K)->8282K(8384K)
[514.305s][info][gc             ] GC(1026) Pause Young (Allocation Failure) 538M->374M(533M) 2.548ms
[514.305s][info][gc,cpu         ] GC(1026) User=0.00s Sys=0.00s Real=0.00s
[514.762s][info][gc,start       ] GC(1027) Pause Young (Allocation Failure)
[514.765s][info][gc,heap        ] GC(1027) PSYoungGen: 162610K(162816K)->1280K(158208K) Eden: 161651K(161792K)->0K(156672K) From: 959K(1024K)->1280K(1536K)
[514.766s][info][gc,heap        ] GC(1027) ParOldGen: 382700K(382976K)->382716K(382976K)
[514.766s][info][gc,metaspace   ] GC(1027) Metaspace: 57733K(58048K)->57733K(58048K) NonClass: 49450K(49664K)->49450K(49664K) Class: 8282K(8384K)->8282K(8384K)
[514.766s][info][gc             ] GC(1027) Pause Young (Allocation Failure) 532M->374M(528M) 3.409ms
[514.766s][info][gc,cpu         ] GC(1027) User=0.01s Sys=0.00s Real=0.00s
[515.086s][info][gc,start       ] GC(1028) Pause Young (Allocation Failure)
[515.090s][info][gc,heap        ] GC(1028) PSYoungGen: 157952K(158208K)->2014K(153600K) Eden: 156672K(156672K)->0K(151552K) From: 1280K(1536K)->2014K(2048K)
[515.090s][info][gc,heap        ] GC(1028) ParOldGen: 382716K(382976K)->382732K(382976K)
[515.090s][info][gc,metaspace   ] GC(1028) Metaspace: 57733K(58048K)->57733K(58048K) NonClass: 49450K(49664K)->49450K(49664K) Class: 8282K(8384K)->8282K(8384K)
[515.090s][info][gc             ] GC(1028) Pause Young (Allocation Failure) 527M->375M(524M) 3.561ms
[515.090s][info][gc,cpu         ] GC(1028) User=0.01s Sys=0.00s Real=0.00s
[515.474s][info][gc,start       ] GC(1029) Pause Young (Allocation Failure)
[515.477s][info][gc,heap        ] GC(1029) PSYoungGen: 153566K(153600K)->1439K(147968K) Eden: 151552K(151552K)->0K(146432K) From: 2014K(2048K)->1439K(1536K)
[515.477s][info][gc,heap        ] GC(1029) ParOldGen: 382732K(382976K)->382748K(382976K)
[515.477s][info][gc,metaspace   ] GC(1029) Metaspace: 57733K(58048K)->57733K(58048K) NonClass: 49450K(49664K)->49450K(49664K) Class: 8282K(8384K)->8282K(8384K)
[515.477s][info][gc             ] GC(1029) Pause Young (Allocation Failure) 523M->375M(518M) 3.203ms
[515.477s][info][gc,cpu         ] GC(1029) User=0.00s Sys=0.00s Real=0.01s
[515.807s][info][gc,start       ] GC(1030) Pause Young (Allocation Failure)
[515.810s][info][gc,heap        ] GC(1030) PSYoungGen: 147871K(147968K)->991K(142848K) Eden: 146432K(146432K)->0K(141824K) From: 1439K(1536K)->991K(1024K)
[515.810s][info][gc,heap        ] GC(1030) ParOldGen: 382748K(382976K)->382764K(382976K)
[515.810s][info][gc,metaspace   ] GC(1030) Metaspace: 57733K(58048K)->57733K(58048K) NonClass: 49450K(49664K)->49450K(49664K) Class: 8282K(8384K)->8282K(8384K)
[515.810s][info][gc             ] GC(1030) Pause Young (Allocation Failure) 518M->374M(513M) 2.748ms
[515.810s][info][gc,cpu         ] GC(1030) User=0.01s Sys=0.00s Real=0.00s
[516.249s][info][gc,start       ] GC(1031) Pause Young (Allocation Failure)
[516.265s][info][gc,heap        ] GC(1031) PSYoungGen: 142815K(142848K)->3056K(173056K) Eden: 141824K(141824K)->0K(169984K) From: 991K(1024K)->3056K(3072K)
[516.265s][info][gc,heap        ] GC(1031) ParOldGen: 382764K(382976K)->394038K(394240K)
[516.265s][info][gc,metaspace   ] GC(1031) Metaspace: 57733K(58048K)->57733K(58048K) NonClass: 49450K(49664K)->49450K(49664K) Class: 8282K(8384K)->8282K(8384K)
[516.265s][info][gc             ] GC(1031) Pause Young (Allocation Failure) 513M->387M(554M) 16.383ms
[516.265s][info][gc,cpu         ] GC(1031) User=0.02s Sys=0.01s Real=0.01s
[516.573s][info][gc,start       ] GC(1032) Pause Young (Allocation Failure)
[516.580s][info][gc,heap        ] GC(1032) PSYoungGen: 173040K(173056K)->1982K(205824K) Eden: 169984K(169984K)->0K(203776K) From: 3056K(3072K)->1982K(2048K)
[516.580s][info][gc,heap        ] GC(1032) ParOldGen: 394038K(394240K)->397064K(397312K)
[516.580s][info][gc,metaspace   ] GC(1032) Metaspace: 57733K(58048K)->57733K(58048K) NonClass: 49450K(49664K)->49450K(49664K) Class: 8282K(8384K)->8282K(8384K)
[516.580s][info][gc             ] GC(1032) Pause Young (Allocation Failure) 553M->389M(589M) 6.599ms
[516.580s][info][gc,cpu         ] GC(1032) User=0.01s Sys=0.00s Real=0.01s
[517.067s][info][gc,start       ] GC(1033) Pause Young (Allocation Failure)
[517.071s][info][gc,heap        ] GC(1033) PSYoungGen: 205758K(205824K)->1439K(245248K) Eden: 203776K(203776K)->0K(243712K) From: 1982K(2048K)->1439K(1536K)
[517.071s][info][gc,heap        ] GC(1033) ParOldGen: 397064K(397312K)->397527K(397824K)
[517.071s][info][gc,metaspace   ] GC(1033) Metaspace: 57733K(58048K)->57733K(58048K) NonClass: 49450K(49664K)->49450K(49664K) Class: 8282K(8384K)->8282K(8384K)
[517.071s][info][gc             ] GC(1033) Pause Young (Allocation Failure) 588M->389M(628M) 4.228ms
[517.071s][info][gc,cpu         ] GC(1033) User=0.01s Sys=0.00s Real=0.00s
[517.663s][info][gc,start       ] GC(1034) Pause Young (Allocation Failure)
[517.666s][info][gc,heap        ] GC(1034) PSYoungGen: 245151K(245248K)->831K(265728K) Eden: 243712K(243712K)->0K(258560K) From: 1439K(1536K)->831K(7168K)
[517.666s][info][gc,heap        ] GC(1034) ParOldGen: 397527K(397824K)->397543K(397824K)
[517.666s][info][gc,metaspace   ] GC(1034) Metaspace: 57733K(58048K)->57733K(58048K) NonClass: 49450K(49664K)->49450K(49664K) Class: 8282K(8384K)->8282K(8384K)
[517.666s][info][gc             ] GC(1034) Pause Young (Allocation Failure) 627M->389M(648M) 2.797ms
[517.666s][info][gc,cpu         ] GC(1034) User=0.00s Sys=0.00s Real=0.01s
[518.277s][info][gc,start       ] GC(1035) Pause Young (Allocation Failure)
[518.282s][info][gc,heap        ] GC(1035) PSYoungGen: 259391K(265728K)->1888K(299008K) Eden: 258560K(258560K)->0K(291840K) From: 831K(7168K)->1888K(7168K)
[518.282s][info][gc,heap        ] GC(1035) ParOldGen: 397543K(397824K)->397559K(397824K)
[518.282s][info][gc,metaspace   ] GC(1035) Metaspace: 57733K(58048K)->57733K(58048K) NonClass: 49450K(49664K)->49450K(49664K) Class: 8282K(8384K)->8282K(8384K)
[518.282s][info][gc             ] GC(1035) Pause Young (Allocation Failure) 641M->390M(680M) 4.818ms
[518.282s][info][gc,cpu         ] GC(1035) User=0.01s Sys=0.00s Real=0.00s
[518.987s][info][gc,start       ] GC(1036) Pause Young (Allocation Failure)
[518.991s][info][gc,heap        ] GC(1036) PSYoungGen: 293728K(299008K)->1759K(282624K) Eden: 291840K(291840K)->0K(280576K) From: 1888K(7168K)->1759K(2048K)
[518.991s][info][gc,heap        ] GC(1036) ParOldGen: 397559K(397824K)->397575K(397824K)
[518.991s][info][gc,metaspace   ] GC(1036) Metaspace: 57733K(58048K)->57733K(58048K) NonClass: 49450K(49664K)->49450K(49664K) Class: 8282K(8384K)->8282K(8384K)
[518.991s][info][gc             ] GC(1036) Pause Young (Allocation Failure) 675M->389M(664M) 4.079ms
[518.991s][info][gc,cpu         ] GC(1036) User=0.00s Sys=0.00s Real=0.00s
[519.671s][info][gc,start       ] GC(1037) Pause Young (Allocation Failure)
[519.675s][info][gc,heap        ] GC(1037) PSYoungGen: 282335K(282624K)->1503K(271360K) Eden: 280576K(280576K)->0K(269824K) From: 1759K(2048K)->1503K(1536K)
[519.675s][info][gc,heap        ] GC(1037) ParOldGen: 397575K(397824K)->397591K(397824K)
[519.675s][info][gc,metaspace   ] GC(1037) Metaspace: 57733K(58048K)->57733K(58048K) NonClass: 49450K(49664K)->49450K(49664K) Class: 8282K(8384K)->8282K(8384K)
[519.675s][info][gc             ] GC(1037) Pause Young (Allocation Failure) 663M->389M(653M) 3.898ms
[519.675s][info][gc,cpu         ] GC(1037) User=0.01s Sys=0.00s Real=0.00s
[520.335s][info][gc,start       ] GC(1038) Pause Young (Allocation Failure)
[520.348s][info][gc,heap        ] GC(1038) PSYoungGen: 271327K(271360K)->1279K(289280K) Eden: 269824K(269824K)->0K(283136K) From: 1503K(1536K)->1279K(6144K)
[520.348s][info][gc,heap        ] GC(1038) ParOldGen: 397591K(397824K)->397607K(397824K)
[520.348s][info][gc,metaspace   ] GC(1038) Metaspace: 57733K(58048K)->57733K(58048K) NonClass: 49450K(49664K)->49450K(49664K) Class: 8282K(8384K)->8282K(8384K)
[520.348s][info][gc             ] GC(1038) Pause Young (Allocation Failure) 653M->389M(671M) 13.214ms
[520.348s][info][gc,cpu         ] GC(1038) User=0.02s Sys=0.00s Real=0.02s
[520.991s][info][gc,start       ] GC(1039) Pause Young (Allocation Failure)
[520.997s][info][gc,heap        ] GC(1039) PSYoungGen: 284415K(289280K)->2112K(327680K) Eden: 283136K(283136K)->0K(322048K) From: 1279K(6144K)->2112K(5632K)
[520.997s][info][gc,heap        ] GC(1039) ParOldGen: 397607K(397824K)->397623K(397824K)
[520.997s][info][gc,metaspace   ] GC(1039) Metaspace: 57733K(58048K)->57733K(58048K) NonClass: 49450K(49664K)->49450K(49664K) Class: 8282K(8384K)->8282K(8384K)
[520.997s][info][gc             ] GC(1039) Pause Young (Allocation Failure) 666M->390M(708M) 5.348ms
[520.997s][info][gc,cpu         ] GC(1039) User=0.01s Sys=0.00s Real=0.01s
[521.790s][info][gc,start       ] GC(1040) Pause Young (Allocation Failure)
[521.794s][info][gc,heap        ] GC(1040) PSYoungGen: 324160K(327680K)->1472K(310784K) Eden: 322048K(322048K)->0K(309248K) From: 2112K(5632K)->1472K(1536K)
[521.794s][info][gc,heap        ] GC(1040) ParOldGen: 397623K(397824K)->397639K(397824K)
[521.794s][info][gc,metaspace   ] GC(1040) Metaspace: 57733K(58048K)->57733K(58048K) NonClass: 49450K(49664K)->49450K(49664K) Class: 8282K(8384K)->8282K(8384K)
[521.794s][info][gc             ] GC(1040) Pause Young (Allocation Failure) 704M->389M(692M) 4.393ms
[521.794s][info][gc,cpu         ] GC(1040) User=0.00s Sys=0.00s Real=0.00s
[522.557s][info][gc,start       ] GC(1041) Pause Young (Allocation Failure)
[522.560s][info][gc,heap        ] GC(1041) PSYoungGen: 310720K(310784K)->535K(297984K) Eden: 309248K(309248K)->0K(296960K) From: 1472K(1536K)->535K(1024K)
[522.560s][info][gc,heap        ] GC(1041) ParOldGen: 397639K(397824K)->397655K(397824K)
[522.560s][info][gc,metaspace   ] GC(1041) Metaspace: 57733K(58048K)->57733K(58048K) NonClass: 49450K(49664K)->49450K(49664K) Class: 8282K(8384K)->8282K(8384K)
[522.560s][info][gc             ] GC(1041) Pause Young (Allocation Failure) 691M->388M(679M) 2.420ms
[522.560s][info][gc,cpu         ] GC(1041) User=0.01s Sys=0.00s Real=0.00s
[523.268s][info][gc,start       ] GC(1042) Pause Young (Allocation Failure)
[523.271s][info][gc,heap        ] GC(1042) PSYoungGen: 297495K(297984K)->1311K(286720K) Eden: 296960K(296960K)->0K(285184K) From: 535K(1024K)->1311K(1536K)
[523.271s][info][gc,heap        ] GC(1042) ParOldGen: 397655K(397824K)->397671K(397824K)
[523.271s][info][gc,metaspace   ] GC(1042) Metaspace: 57733K(58048K)->57733K(58048K) NonClass: 49450K(49664K)->49450K(49664K) Class: 8282K(8384K)->8282K(8384K)
[523.271s][info][gc             ] GC(1042) Pause Young (Allocation Failure) 678M->389M(668M) 3.053ms
[523.271s][info][gc,cpu         ] GC(1042) User=0.01s Sys=0.00s Real=0.00s
[523.969s][info][gc,start       ] GC(1043) Pause Young (Allocation Failure)
[523.972s][info][gc,heap        ] GC(1043) PSYoungGen: 286495K(286720K)->1024K(274944K) Eden: 285184K(285184K)->0K(273920K) From: 1311K(1536K)->1024K(1024K)
[523.972s][info][gc,heap        ] GC(1043) ParOldGen: 397671K(397824K)->397687K(397824K)
[523.972s][info][gc,metaspace   ] GC(1043) Metaspace: 57733K(58048K)->57733K(58048K) NonClass: 49450K(49664K)->49450K(49664K) Class: 8282K(8384K)->8282K(8384K)
[523.972s][info][gc             ] GC(1043) Pause Young (Allocation Failure) 668M->389M(657M) 3.151ms
[523.972s][info][gc,cpu         ] GC(1043) User=0.01s Sys=0.00s Real=0.00s
[524.656s][info][gc,start       ] GC(1044) Pause Young (Allocation Failure)
[524.658s][info][gc,heap        ] GC(1044) PSYoungGen: 274944K(274944K)->437K(268288K) Eden: 273920K(273920K)->0K(263168K) From: 1024K(1024K)->437K(5120K)
[524.658s][info][gc,heap        ] GC(1044) ParOldGen: 397687K(397824K)->397703K(397824K)
[524.658s][info][gc,metaspace   ] GC(1044) Metaspace: 57733K(58048K)->57733K(58048K) NonClass: 49450K(49664K)->49450K(49664K) Class: 8282K(8384K)->8282K(8384K)
[524.658s][info][gc             ] GC(1044) Pause Young (Allocation Failure) 656M->388M(650M) 2.158ms
[524.658s][info][gc,cpu         ] GC(1044) User=0.00s Sys=0.00s Real=0.00s
[525.277s][info][gc,start       ] GC(1045) Pause Young (Allocation Failure)
[525.284s][info][gc,heap        ] GC(1045) PSYoungGen: 263605K(268288K)->1983K(254976K) Eden: 263168K(263168K)->0K(252928K) From: 437K(5120K)->1983K(2048K)
[525.284s][info][gc,heap        ] GC(1045) ParOldGen: 397703K(397824K)->397719K(397824K)
[525.284s][info][gc,metaspace   ] GC(1045) Metaspace: 57733K(58048K)->57733K(58048K) NonClass: 49450K(49664K)->49450K(49664K) Class: 8282K(8384K)->8282K(8384K)
[525.284s][info][gc             ] GC(1045) Pause Young (Allocation Failure) 645M->390M(637M) 6.505ms
[525.284s][info][gc,cpu         ] GC(1045) User=0.01s Sys=0.00s Real=0.00s
[525.950s][info][gc,start       ] GC(1046) Pause Young (Allocation Failure)
[525.952s][info][gc,heap        ] GC(1046) PSYoungGen: 254911K(254976K)->1055K(244736K) Eden: 252928K(252928K)->0K(243200K) From: 1983K(2048K)->1055K(1536K)
[525.952s][info][gc,heap        ] GC(1046) ParOldGen: 397719K(397824K)->397735K(397824K)
[525.952s][info][gc,metaspace   ] GC(1046) Metaspace: 57733K(58048K)->57733K(58048K) NonClass: 49450K(49664K)->49450K(49664K) Class: 8282K(8384K)->8282K(8384K)
[525.952s][info][gc             ] GC(1046) Pause Young (Allocation Failure) 637M->389M(627M) 2.810ms
[525.952s][info][gc,cpu         ] GC(1046) User=0.00s Sys=0.00s Real=0.00s
[526.483s][info][gc,start       ] GC(1047) Pause Young (Allocation Failure)
[526.487s][info][gc,heap        ] GC(1047) PSYoungGen: 244255K(244736K)->1791K(236032K) Eden: 243200K(243200K)->0K(233984K) From: 1055K(1536K)->1791K(2048K)
[526.487s][info][gc,heap        ] GC(1047) ParOldGen: 397735K(397824K)->397751K(397824K)
[526.487s][info][gc,metaspace   ] GC(1047) Metaspace: 57733K(58048K)->57733K(58048K) NonClass: 49450K(49664K)->49450K(49664K) Class: 8282K(8384K)->8282K(8384K)
[526.487s][info][gc             ] GC(1047) Pause Young (Allocation Failure) 626M->390M(619M) 3.806ms
[526.487s][info][gc,cpu         ] GC(1047) User=0.00s Sys=0.00s Real=0.01s
[527.196s][info][gc,start       ] GC(1048) Pause Young (Allocation Failure)
[527.199s][info][gc,heap        ] GC(1048) PSYoungGen: 235773K(236032K)->448K(225792K) Eden: 233982K(233984K)->0K(225280K) From: 1791K(2048K)->448K(512K)
[527.199s][info][gc,heap        ] GC(1048) ParOldGen: 397751K(397824K)->397767K(397824K)
[527.199s][info][gc,metaspace   ] GC(1048) Metaspace: 57733K(58048K)->57733K(58048K) NonClass: 49450K(49664K)->49450K(49664K) Class: 8282K(8384K)->8282K(8384K)
[527.199s][info][gc             ] GC(1048) Pause Young (Allocation Failure) 618M->388M(609M) 2.445ms
[527.199s][info][gc,cpu         ] GC(1048) User=0.01s Sys=0.00s Real=0.00s
[527.685s][info][gc,start       ] GC(1049) Pause Young (Allocation Failure)
[527.689s][info][gc,heap        ] GC(1049) PSYoungGen: 225728K(225792K)->2239K(219648K) Eden: 225280K(225280K)->0K(217088K) From: 448K(512K)->2239K(2560K)
[527.689s][info][gc,heap        ] GC(1049) ParOldGen: 397767K(397824K)->397783K(397824K)
[527.689s][info][gc,metaspace   ] GC(1049) Metaspace: 57733K(58048K)->57733K(58048K) NonClass: 49450K(49664K)->49450K(49664K) Class: 8282K(8384K)->8282K(8384K)
[527.689s][info][gc             ] GC(1049) Pause Young (Allocation Failure) 608M->390M(603M) 4.345ms
[527.689s][info][gc,cpu         ] GC(1049) User=0.01s Sys=0.00s Real=0.01s
[528.210s][info][gc,start       ] GC(1050) Pause Young (Allocation Failure)
[528.211s][info][gc,heap        ] GC(1050) PSYoungGen: 219327K(219648K)->64K(209920K) Eden: 217088K(217088K)->0K(209408K) From: 2239K(2560K)->64K(512K)
[528.211s][info][gc,heap        ] GC(1050) ParOldGen: 397783K(397824K)->397799K(397824K)
[528.211s][info][gc,metaspace   ] GC(1050) Metaspace: 57733K(58048K)->57733K(58048K) NonClass: 49450K(49664K)->49450K(49664K) Class: 8282K(8384K)->8282K(8384K)
[528.211s][info][gc             ] GC(1050) Pause Young (Allocation Failure) 602M->388M(593M) 1.911ms
[528.212s][info][gc,cpu         ] GC(1050) User=0.00s Sys=0.00s Real=0.00s
[528.759s][info][gc,start       ] GC(1051) Pause Young (Allocation Failure)
[528.761s][info][gc,heap        ] GC(1051) PSYoungGen: 209472K(209920K)->669K(202752K) Eden: 209408K(209408K)->0K(201728K) From: 64K(512K)->669K(1024K)
[528.761s][info][gc,heap        ] GC(1051) ParOldGen: 397799K(397824K)->397815K(397824K)
[528.761s][info][gc,metaspace   ] GC(1051) Metaspace: 57733K(58048K)->57733K(58048K) NonClass: 49450K(49664K)->49450K(49664K) Class: 8282K(8384K)->8282K(8384K)
[528.761s][info][gc             ] GC(1051) Pause Young (Allocation Failure) 593M->389M(586M) 2.592ms
[528.761s][info][gc,cpu         ] GC(1051) User=0.00s Sys=0.00s Real=0.00s
[529.252s][info][gc,start       ] GC(1052) Pause Young (Allocation Failure)
[529.267s][info][gc,heap        ] GC(1052) PSYoungGen: 202397K(202752K)->1055K(242176K) Eden: 201728K(201728K)->0K(240640K) From: 669K(1024K)->1055K(1536K)
[529.267s][info][gc,heap        ] GC(1052) ParOldGen: 397815K(397824K)->397831K(398336K)
[529.267s][info][gc,metaspace   ] GC(1052) Metaspace: 57734K(58048K)->57734K(58048K) NonClass: 49451K(49664K)->49451K(49664K) Class: 8282K(8384K)->8282K(8384K)
[529.267s][info][gc             ] GC(1052) Pause Young (Allocation Failure) 586M->389M(625M) 14.794ms
[529.267s][info][gc,cpu         ] GC(1052) User=0.00s Sys=0.00s Real=0.02s
[529.795s][info][gc,start       ] GC(1053) Pause Young (Allocation Failure)
[529.799s][info][gc,heap        ] GC(1053) PSYoungGen: 241656K(242176K)->1408K(288256K) Eden: 240601K(240640K)->0K(286720K) From: 1055K(1536K)->1408K(1536K)
[529.799s][info][gc,heap        ] GC(1053) ParOldGen: 397831K(398336K)->397847K(398336K)
[529.799s][info][gc,metaspace   ] GC(1053) Metaspace: 57734K(58048K)->57734K(58048K) NonClass: 49451K(49664K)->49451K(49664K) Class: 8282K(8384K)->8282K(8384K)
[529.799s][info][gc             ] GC(1053) Pause Young (Allocation Failure) 624M->389M(670M) 3.757ms
[529.799s][info][gc,cpu         ] GC(1053) User=0.01s Sys=0.00s Real=0.01s
[530.497s][info][gc,start       ] GC(1054) Pause Young (Allocation Failure)
[530.502s][info][gc,heap        ] GC(1054) PSYoungGen: 288128K(288256K)->1918K(277504K) Eden: 286720K(286720K)->0K(275456K) From: 1408K(1536K)->1918K(2048K)
[530.502s][info][gc,heap        ] GC(1054) ParOldGen: 397847K(398336K)->397863K(398336K)
[530.502s][info][gc,metaspace   ] GC(1054) Metaspace: 57734K(58048K)->57734K(58048K) NonClass: 49451K(49664K)->49451K(49664K) Class: 8282K(8384K)->8282K(8384K)
[530.502s][info][gc             ] GC(1054) Pause Young (Allocation Failure) 669M->390M(660M) 5.106ms
[530.502s][info][gc,cpu         ] GC(1054) User=0.00s Sys=0.00s Real=0.00s
[531.189s][info][gc,start       ] GC(1055) Pause Young (Allocation Failure)
[531.193s][info][gc,heap        ] GC(1055) PSYoungGen: 277374K(277504K)->2655K(267776K) Eden: 275456K(275456K)->0K(264704K) From: 1918K(2048K)->2655K(3072K)
[531.193s][info][gc,heap        ] GC(1055) ParOldGen: 397863K(398336K)->397879K(398336K)
[531.193s][info][gc,metaspace   ] GC(1055) Metaspace: 57734K(58048K)->57734K(58048K) NonClass: 49451K(49664K)->49451K(49664K) Class: 8282K(8384K)->8282K(8384K)
[531.193s][info][gc             ] GC(1055) Pause Young (Allocation Failure) 659M->391M(650M) 4.873ms
[531.193s][info][gc,cpu         ] GC(1055) User=0.01s Sys=0.00s Real=0.00s
[531.813s][info][gc,start       ] GC(1056) Pause Young (Allocation Failure)
[531.815s][info][gc,heap        ] GC(1056) PSYoungGen: 267359K(267776K)->256K(254976K) Eden: 264704K(264704K)->0K(254464K) From: 2655K(3072K)->256K(512K)
[531.815s][info][gc,heap        ] GC(1056) ParOldGen: 397879K(398336K)->397895K(398336K)
[531.815s][info][gc,metaspace   ] GC(1056) Metaspace: 57734K(58048K)->57734K(58048K) NonClass: 49451K(49664K)->49451K(49664K) Class: 8282K(8384K)->8282K(8384K)
[531.815s][info][gc             ] GC(1056) Pause Young (Allocation Failure) 649M->388M(638M) 2.300ms
[531.815s][info][gc,cpu         ] GC(1056) User=0.00s Sys=0.00s Real=0.00s
[532.464s][info][gc,start       ] GC(1057) Pause Young (Allocation Failure)
[532.468s][info][gc,heap        ] GC(1057) PSYoungGen: 254720K(254976K)->927K(245760K) Eden: 254464K(254464K)->0K(244736K) From: 256K(512K)->927K(1024K)
[532.468s][info][gc,heap        ] GC(1057) ParOldGen: 397895K(398336K)->397911K(398336K)
[532.468s][info][gc,metaspace   ] GC(1057) Metaspace: 57734K(58048K)->57734K(58048K) NonClass: 49451K(49664K)->49451K(49664K) Class: 8282K(8384K)->8282K(8384K)
[532.468s][info][gc             ] GC(1057) Pause Young (Allocation Failure) 637M->389M(629M) 3.134ms
[532.468s][info][gc,cpu         ] GC(1057) User=0.01s Sys=0.00s Real=0.01s
[533.074s][info][gc,start       ] GC(1058) Pause Young (Allocation Failure)
[533.077s][info][gc,heap        ] GC(1058) PSYoungGen: 245663K(245760K)->1343K(237056K) Eden: 244736K(244736K)->0K(235520K) From: 927K(1024K)->1343K(1536K)
[533.077s][info][gc,heap        ] GC(1058) ParOldGen: 397911K(398336K)->397927K(398336K)
[533.077s][info][gc,metaspace   ] GC(1058) Metaspace: 57734K(58048K)->57734K(58048K) NonClass: 49451K(49664K)->49451K(49664K) Class: 8282K(8384K)->8282K(8384K)
[533.077s][info][gc             ] GC(1058) Pause Young (Allocation Failure) 628M->389M(620M) 3.433ms
[533.077s][info][gc,cpu         ] GC(1058) User=0.00s Sys=0.00s Real=0.01s
[533.607s][info][gc,start       ] GC(1059) Pause Young (Allocation Failure)
[533.610s][info][gc,heap        ] GC(1059) PSYoungGen: 236863K(237056K)->1023K(227840K) Eden: 235520K(235520K)->0K(226816K) From: 1343K(1536K)->1023K(1024K)
[533.610s][info][gc,heap        ] GC(1059) ParOldGen: 397927K(398336K)->397943K(398336K)
[533.610s][info][gc,metaspace   ] GC(1059) Metaspace: 57734K(58048K)->57734K(58048K) NonClass: 49451K(49664K)->49451K(49664K) Class: 8282K(8384K)->8282K(8384K)
[533.610s][info][gc             ] GC(1059) Pause Young (Allocation Failure) 619M->389M(611M) 2.890ms
[533.610s][info][gc,cpu         ] GC(1059) User=0.00s Sys=0.00s Real=0.00s
[534.191s][info][gc,start       ] GC(1060) Pause Young (Allocation Failure)
[534.199s][info][gc,heap        ] GC(1060) PSYoungGen: 227839K(227840K)->3584K(222208K) Eden: 226816K(226816K)->0K(218624K) From: 1023K(1024K)->3584K(3584K)
[534.199s][info][gc,heap        ] GC(1060) ParOldGen: 397943K(398336K)->398854K(399360K)
[534.199s][info][gc,metaspace   ] GC(1060) Metaspace: 57734K(58048K)->57734K(58048K) NonClass: 49451K(49664K)->49451K(49664K) Class: 8282K(8384K)->8282K(8384K)
[534.199s][info][gc             ] GC(1060) Pause Young (Allocation Failure) 611M->393M(607M) 7.655ms
[534.199s][info][gc,cpu         ] GC(1060) User=0.02s Sys=0.00s Real=0.01s
[534.699s][info][gc,start       ] GC(1061) Pause Young (Allocation Failure)
[534.707s][info][gc,heap        ] GC(1061) PSYoungGen: 222208K(222208K)->1664K(212480K) Eden: 218624K(218624K)->0K(210432K) From: 3584K(3584K)->1664K(2048K)
[534.707s][info][gc,heap        ] GC(1061) ParOldGen: 398854K(399360K)->402414K(402432K)
[534.707s][info][gc,metaspace   ] GC(1061) Metaspace: 57734K(58048K)->57734K(58048K) NonClass: 49451K(49664K)->49451K(49664K) Class: 8282K(8384K)->8282K(8384K)
[534.707s][info][gc             ] GC(1061) Pause Young (Allocation Failure) 606M->394M(600M) 8.111ms
[534.707s][info][gc,cpu         ] GC(1061) User=0.01s Sys=0.01s Real=0.01s
[535.256s][info][gc,start       ] GC(1062) Pause Young (Allocation Failure)
[535.258s][info][gc,heap        ] GC(1062) PSYoungGen: 212096K(212480K)->256K(203264K) Eden: 210432K(210432K)->0K(202752K) From: 1664K(2048K)->256K(512K)
[535.258s][info][gc,heap        ] GC(1062) ParOldGen: 402414K(402432K)->402510K(402944K)
[535.258s][info][gc,metaspace   ] GC(1062) Metaspace: 57734K(58048K)->57734K(58048K) NonClass: 49451K(49664K)->49451K(49664K) Class: 8282K(8384K)->8282K(8384K)
[535.258s][info][gc             ] GC(1062) Pause Young (Allocation Failure) 600M->393M(592M) 2.521ms
[535.258s][info][gc,cpu         ] GC(1062) User=0.00s Sys=0.00s Real=0.00s
[535.612s][info][gc,start       ] GC(1063) Pause Young (Allocation Failure)
[535.614s][info][gc,heap        ] GC(1063) PSYoungGen: 167171K(203264K)->64K(196096K) Eden: 166915K(202752K)->0K(195584K) From: 256K(512K)->64K(512K)
[535.614s][info][gc,heap        ] GC(1063) ParOldGen: 402510K(402944K)->402526K(402944K)
[535.614s][info][gc,metaspace   ] GC(1063) Metaspace: 57737K(58048K)->57737K(58048K) NonClass: 49454K(49664K)->49454K(49664K) Class: 8282K(8384K)->8282K(8384K)
[535.614s][info][gc             ] GC(1063) Pause Young (Allocation Failure) 556M->393M(585M) 2.062ms
[535.614s][info][gc,cpu         ] GC(1063) User=0.00s Sys=0.00s Real=0.00s
[538.032s][info][gc,start       ] GC(1064) Pause Young (Allocation Failure)
[538.076s][info][gc,heap        ] GC(1064) PSYoungGen: 195648K(196096K)->1664K(237568K) Eden: 195584K(195584K)->0K(233472K) From: 64K(512K)->1664K(4096K)
[538.076s][info][gc,heap        ] GC(1064) ParOldGen: 402526K(402944K)->480675K(481792K)
[538.076s][info][gc,metaspace   ] GC(1064) Metaspace: 57826K(58176K)->57826K(58176K) NonClass: 49542K(49792K)->49542K(49792K) Class: 8283K(8384K)->8283K(8384K)
[538.076s][info][gc             ] GC(1064) Pause Young (Allocation Failure) 584M->471M(702M) 43.562ms
[538.076s][info][gc,cpu         ] GC(1064) User=0.04s Sys=0.05s Real=0.05s
[538.573s][info][gc,start       ] GC(1065) Pause Young (Allocation Failure)
[538.585s][info][gc,heap        ] GC(1065) PSYoungGen: 235136K(237568K)->4090K(275968K) Eden: 233472K(233472K)->0K(271872K) From: 1664K(4096K)->4090K(4096K)
[538.585s][info][gc,heap        ] GC(1065) ParOldGen: 480675K(481792K)->491395K(491520K)
[538.585s][info][gc,metaspace   ] GC(1065) Metaspace: 57830K(58176K)->57830K(58176K) NonClass: 49546K(49792K)->49546K(49792K) Class: 8283K(8384K)->8283K(8384K)
[538.585s][info][gc             ] GC(1065) Pause Young (Allocation Failure) 699M->483M(749M) 12.279ms
[538.585s][info][gc,cpu         ] GC(1065) User=0.01s Sys=0.01s Real=0.01s
[539.208s][info][gc,start       ] GC(1066) Pause Young (Allocation Failure)
[539.215s][info][gc,heap        ] GC(1066) PSYoungGen: 275936K(275968K)->864K(280576K) Eden: 271845K(271872K)->0K(271872K) From: 4090K(4096K)->864K(8704K)
[539.215s][info][gc,heap        ] GC(1066) ParOldGen: 491395K(491520K)->495486K(495616K)
[539.215s][info][gc,metaspace   ] GC(1066) Metaspace: 57830K(58176K)->57830K(58176K) NonClass: 49546K(49792K)->49546K(49792K) Class: 8283K(8384K)->8283K(8384K)
[539.215s][info][gc             ] GC(1066) Pause Young (Allocation Failure) 749M->484M(758M) 6.338ms
[539.215s][info][gc,cpu         ] GC(1066) User=0.01s Sys=0.01s Real=0.00s
[539.886s][info][gc,start       ] GC(1067) Pause Young (Allocation Failure)
[539.891s][info][gc,heap        ] GC(1067) PSYoungGen: 272736K(280576K)->2494K(324096K) Eden: 271872K(271872K)->0K(316416K) From: 864K(8704K)->2494K(7680K)
[539.891s][info][gc,heap        ] GC(1067) ParOldGen: 495486K(495616K)->495862K(496128K)
[539.891s][info][gc,metaspace   ] GC(1067) Metaspace: 57830K(58176K)->57830K(58176K) NonClass: 49546K(49792K)->49546K(49792K) Class: 8283K(8384K)->8283K(8384K)
[539.891s][info][gc             ] GC(1067) Pause Young (Allocation Failure) 750M->486M(801M) 5.857ms
[539.891s][info][gc,cpu         ] GC(1067) User=0.01s Sys=0.00s Real=0.01s
[540.675s][info][gc,start       ] GC(1068) Pause Young (Allocation Failure)
[540.678s][info][gc,heap        ] GC(1068) PSYoungGen: 317004K(324096K)->1087K(324608K) Eden: 314509K(316416K)->0K(316416K) From: 2494K(7680K)->1087K(8192K)
[540.678s][info][gc,heap        ] GC(1068) ParOldGen: 495862K(496128K)->495878K(496128K)
[540.678s][info][gc,metaspace   ] GC(1068) Metaspace: 57830K(58176K)->57830K(58176K) NonClass: 49546K(49792K)->49546K(49792K) Class: 8283K(8384K)->8283K(8384K)
[540.678s][info][gc             ] GC(1068) Pause Young (Allocation Failure) 793M->485M(801M) 3.217ms
[540.678s][info][gc,cpu         ] GC(1068) User=0.01s Sys=0.00s Real=0.01s
[541.404s][info][gc,start       ] GC(1069) Pause Young (Allocation Failure)
[541.408s][info][gc,heap        ] GC(1069) PSYoungGen: 317503K(324608K)->1471K(305152K) Eden: 316416K(316416K)->0K(303616K) From: 1087K(8192K)->1471K(1536K)
[541.408s][info][gc,heap        ] GC(1069) ParOldGen: 495878K(496128K)->495894K(496128K)
[541.408s][info][gc,metaspace   ] GC(1069) Metaspace: 57830K(58176K)->57830K(58176K) NonClass: 49546K(49792K)->49546K(49792K) Class: 8283K(8384K)->8283K(8384K)
[541.408s][info][gc             ] GC(1069) Pause Young (Allocation Failure) 794M->485M(782M) 3.575ms
[541.408s][info][gc,cpu         ] GC(1069) User=0.01s Sys=0.01s Real=0.01s
[542.167s][info][gc,start       ] GC(1070) Pause Young (Allocation Failure)
[542.170s][info][gc,heap        ] GC(1070) PSYoungGen: 305087K(305152K)->1471K(293376K) Eden: 303616K(303616K)->0K(291840K) From: 1471K(1536K)->1471K(1536K)
[542.170s][info][gc,heap        ] GC(1070) ParOldGen: 495894K(496128K)->495910K(496128K)
[542.170s][info][gc,metaspace   ] GC(1070) Metaspace: 57830K(58176K)->57830K(58176K) NonClass: 49546K(49792K)->49546K(49792K) Class: 8283K(8384K)->8283K(8384K)
[542.170s][info][gc             ] GC(1070) Pause Young (Allocation Failure) 782M->485M(771M) 3.554ms
[542.170s][info][gc,cpu         ] GC(1070) User=0.01s Sys=0.00s Real=0.00s
[542.872s][info][gc,start       ] GC(1071) Pause Young (Allocation Failure)
[542.877s][info][gc,heap        ] GC(1071) PSYoungGen: 293311K(293376K)->2302K(283136K) Eden: 291840K(291840K)->0K(280576K) From: 1471K(1536K)->2302K(2560K)
[542.877s][info][gc,heap        ] GC(1071) ParOldGen: 495910K(496128K)->495926K(496128K)
[542.877s][info][gc,metaspace   ] GC(1071) Metaspace: 57830K(58176K)->57830K(58176K) NonClass: 49546K(49792K)->49546K(49792K) Class: 8283K(8384K)->8283K(8384K)
[542.877s][info][gc             ] GC(1071) Pause Young (Allocation Failure) 770M->486M(761M) 5.324ms
[542.877s][info][gc,cpu         ] GC(1071) User=0.01s Sys=0.00s Real=0.01s
[543.565s][info][gc,start       ] GC(1072) Pause Young (Allocation Failure)
[543.569s][info][gc,heap        ] GC(1072) PSYoungGen: 282878K(283136K)->1727K(271872K) Eden: 280576K(280576K)->0K(269824K) From: 2302K(2560K)->1727K(2048K)
[543.569s][info][gc,heap        ] GC(1072) ParOldGen: 495926K(496128K)->495942K(496128K)
[543.569s][info][gc,metaspace   ] GC(1072) Metaspace: 57830K(58176K)->57830K(58176K) NonClass: 49546K(49792K)->49546K(49792K) Class: 8283K(8384K)->8283K(8384K)
[543.569s][info][gc             ] GC(1072) Pause Young (Allocation Failure) 760M->486M(750M) 4.038ms
[543.569s][info][gc,cpu         ] GC(1072) User=0.00s Sys=0.01s Real=0.01s
[544.198s][info][gc,start       ] GC(1073) Pause Young (Allocation Failure)
[544.202s][info][gc,heap        ] GC(1073) PSYoungGen: 271551K(271872K)->1887K(261632K) Eden: 269824K(269824K)->0K(259584K) From: 1727K(2048K)->1887K(2048K)
[544.203s][info][gc,heap        ] GC(1073) ParOldGen: 495942K(496128K)->495958K(496128K)
[544.203s][info][gc,metaspace   ] GC(1073) Metaspace: 57830K(58176K)->57830K(58176K) NonClass: 49546K(49792K)->49546K(49792K) Class: 8283K(8384K)->8283K(8384K)
[544.203s][info][gc             ] GC(1073) Pause Young (Allocation Failure) 749M->486M(740M) 4.276ms
[544.203s][info][gc,cpu         ] GC(1073) User=0.01s Sys=0.00s Real=0.00s
[544.915s][info][gc,start       ] GC(1074) Pause Young (Allocation Failure)
[544.918s][info][gc,heap        ] GC(1074) PSYoungGen: 261471K(261632K)->1055K(251392K) Eden: 259584K(259584K)->0K(249856K) From: 1887K(2048K)->1055K(1536K)
[544.918s][info][gc,heap        ] GC(1074) ParOldGen: 495958K(496128K)->495974K(496128K)
[544.918s][info][gc,metaspace   ] GC(1074) Metaspace: 57830K(58176K)->57830K(58176K) NonClass: 49546K(49792K)->49546K(49792K) Class: 8283K(8384K)->8283K(8384K)
[544.918s][info][gc             ] GC(1074) Pause Young (Allocation Failure) 739M->485M(730M) 3.417ms
[544.918s][info][gc,cpu         ] GC(1074) User=0.01s Sys=0.00s Real=0.01s
[545.466s][info][gc,start       ] GC(1075) Pause Young (Allocation Failure)
[545.470s][info][gc,heap        ] GC(1075) PSYoungGen: 250911K(251392K)->1918K(242688K) Eden: 249856K(249856K)->0K(240640K) From: 1055K(1536K)->1918K(2048K)
[545.470s][info][gc,heap        ] GC(1075) ParOldGen: 495974K(496128K)->495990K(496128K)
[545.470s][info][gc,metaspace   ] GC(1075) Metaspace: 57830K(58176K)->57830K(58176K) NonClass: 49546K(49792K)->49546K(49792K) Class: 8283K(8384K)->8283K(8384K)
[545.470s][info][gc             ] GC(1075) Pause Young (Allocation Failure) 729M->486M(721M) 3.785ms
[545.470s][info][gc,cpu         ] GC(1075) User=0.01s Sys=0.00s Real=0.00s
[546.070s][info][gc,start       ] GC(1076) Pause Young (Allocation Failure)
[546.073s][info][gc,heap        ] GC(1076) PSYoungGen: 242558K(242688K)->639K(232448K) Eden: 240640K(240640K)->0K(231424K) From: 1918K(2048K)->639K(1024K)
[546.073s][info][gc,heap        ] GC(1076) ParOldGen: 495990K(496128K)->496006K(496128K)
[546.073s][info][gc,metaspace   ] GC(1076) Metaspace: 57830K(58176K)->57830K(58176K) NonClass: 49546K(49792K)->49546K(49792K) Class: 8283K(8384K)->8283K(8384K)
[546.073s][info][gc             ] GC(1076) Pause Young (Allocation Failure) 721M->485M(711M) 2.721ms
[546.073s][info][gc,cpu         ] GC(1076) User=0.00s Sys=0.01s Real=0.00s
[546.585s][info][gc,start       ] GC(1077) Pause Young (Allocation Failure)
[546.590s][info][gc,heap        ] GC(1077) PSYoungGen: 232063K(232448K)->2143K(225280K) Eden: 231424K(231424K)->0K(222720K) From: 639K(1024K)->2143K(2560K)
[546.590s][info][gc,heap        ] GC(1077) ParOldGen: 496006K(496128K)->496022K(496128K)
[546.590s][info][gc,metaspace   ] GC(1077) Metaspace: 57830K(58176K)->57830K(58176K) NonClass: 49546K(49792K)->49546K(49792K) Class: 8283K(8384K)->8283K(8384K)
[546.590s][info][gc             ] GC(1077) Pause Young (Allocation Failure) 711M->486M(704M) 4.465ms
[546.590s][info][gc,cpu         ] GC(1077) User=0.01s Sys=0.00s Real=0.01s
[547.158s][info][gc,start       ] GC(1078) Pause Young (Allocation Failure)
[547.161s][info][gc,heap        ] GC(1078) PSYoungGen: 224863K(225280K)->670K(215552K) Eden: 222720K(222720K)->0K(214528K) From: 2143K(2560K)->670K(1024K)
[547.161s][info][gc,heap        ] GC(1078) ParOldGen: 496022K(496128K)->496038K(496128K)
[547.161s][info][gc,metaspace   ] GC(1078) Metaspace: 57830K(58176K)->57830K(58176K) NonClass: 49546K(49792K)->49546K(49792K) Class: 8283K(8384K)->8283K(8384K)
[547.161s][info][gc             ] GC(1078) Pause Young (Allocation Failure) 703M->485M(695M) 2.774ms
[547.161s][info][gc,cpu         ] GC(1078) User=0.01s Sys=0.00s Real=0.00s
[547.673s][info][gc,start       ] GC(1079) Pause Young (Allocation Failure)
[547.677s][info][gc,heap        ] GC(1079) PSYoungGen: 215198K(215552K)->1248K(208384K) Eden: 214528K(214528K)->0K(206848K) From: 670K(1024K)->1248K(1536K)
[547.677s][info][gc,heap        ] GC(1079) ParOldGen: 496038K(496128K)->496054K(496128K)
[547.677s][info][gc,metaspace   ] GC(1079) Metaspace: 57830K(58176K)->57830K(58176K) NonClass: 49546K(49792K)->49546K(49792K) Class: 8283K(8384K)->8283K(8384K)
[547.677s][info][gc             ] GC(1079) Pause Young (Allocation Failure) 694M->485M(688M) 3.794ms
[547.677s][info][gc,cpu         ] GC(1079) User=0.01s Sys=0.00s Real=0.01s
[548.166s][info][gc,start       ] GC(1080) Pause Young (Allocation Failure)
[548.170s][info][gc,heap        ] GC(1080) PSYoungGen: 207793K(208384K)->1376K(200704K) Eden: 206545K(206848K)->0K(199168K) From: 1248K(1536K)->1376K(1536K)
[548.170s][info][gc,heap        ] GC(1080) ParOldGen: 496054K(496128K)->496070K(496128K)
[548.170s][info][gc,metaspace   ] GC(1080) Metaspace: 57830K(58176K)->57830K(58176K) NonClass: 49546K(49792K)->49546K(49792K) Class: 8283K(8384K)->8283K(8384K)
[548.170s][info][gc             ] GC(1080) Pause Young (Allocation Failure) 687M->485M(680M) 3.577ms
[548.170s][info][gc,cpu         ] GC(1080) User=0.00s Sys=0.00s Real=0.00s
[548.665s][info][gc,start       ] GC(1081) Pause Young (Allocation Failure)
[548.668s][info][gc,heap        ] GC(1081) PSYoungGen: 200544K(200704K)->1630K(194048K) Eden: 199168K(199168K)->0K(192000K) From: 1376K(1536K)->1630K(2048K)
[548.668s][info][gc,heap        ] GC(1081) ParOldGen: 496070K(496128K)->496086K(496128K)
[548.668s][info][gc,metaspace   ] GC(1081) Metaspace: 57830K(58176K)->57830K(58176K) NonClass: 49546K(49792K)->49546K(49792K) Class: 8283K(8384K)->8283K(8384K)
[548.668s][info][gc             ] GC(1081) Pause Young (Allocation Failure) 680M->486M(674M) 3.345ms
[548.668s][info][gc,cpu         ] GC(1081) User=0.01s Sys=0.00s Real=0.01s
[549.097s][info][gc,start       ] GC(1082) Pause Young (Allocation Failure)
[549.100s][info][gc,heap        ] GC(1082) PSYoungGen: 193630K(194048K)->1854K(187392K) Eden: 192000K(192000K)->0K(185344K) From: 1630K(2048K)->1854K(2048K)
[549.100s][info][gc,heap        ] GC(1082) ParOldGen: 496086K(496128K)->496102K(496128K)
[549.100s][info][gc,metaspace   ] GC(1082) Metaspace: 57830K(58176K)->57830K(58176K) NonClass: 49546K(49792K)->49546K(49792K) Class: 8283K(8384K)->8283K(8384K)
[549.100s][info][gc             ] GC(1082) Pause Young (Allocation Failure) 673M->486M(667M) 3.609ms
[549.100s][info][gc,cpu         ] GC(1082) User=0.01s Sys=0.00s Real=0.00s
[549.574s][info][gc,start       ] GC(1083) Pause Young (Allocation Failure)
[549.578s][info][gc,heap        ] GC(1083) PSYoungGen: 187198K(187392K)->1887K(180736K) Eden: 185344K(185344K)->0K(178688K) From: 1854K(2048K)->1887K(2048K)
[549.578s][info][gc,heap        ] GC(1083) ParOldGen: 496102K(496128K)->496118K(496128K)
[549.578s][info][gc,metaspace   ] GC(1083) Metaspace: 57830K(58176K)->57830K(58176K) NonClass: 49546K(49792K)->49546K(49792K) Class: 8283K(8384K)->8283K(8384K)
[549.578s][info][gc             ] GC(1083) Pause Young (Allocation Failure) 667M->486M(661M) 4.113ms
[549.578s][info][gc,cpu         ] GC(1083) User=0.01s Sys=0.00s Real=0.01s
[550.097s][info][gc,start       ] GC(1084) Pause Young (Allocation Failure)
[550.101s][info][gc,heap        ] GC(1084) PSYoungGen: 180437K(180736K)->1440K(174080K) Eden: 178550K(178688K)->0K(172544K) From: 1887K(2048K)->1440K(1536K)
[550.101s][info][gc,heap        ] GC(1084) ParOldGen: 496118K(496128K)->496134K(496640K)
[550.101s][info][gc,metaspace   ] GC(1084) Metaspace: 57830K(58176K)->57830K(58176K) NonClass: 49546K(49792K)->49546K(49792K) Class: 8283K(8384K)->8283K(8384K)
[550.101s][info][gc             ] GC(1084) Pause Young (Allocation Failure) 660M->485M(655M) 3.968ms
[550.101s][info][gc,cpu         ] GC(1084) User=0.01s Sys=0.00s Real=0.00s
[550.505s][info][gc,start       ] GC(1085) Pause Young (Allocation Failure)
[550.507s][info][gc,heap        ] GC(1085) PSYoungGen: 173669K(174080K)->384K(167424K) Eden: 172229K(172544K)->0K(166912K) From: 1440K(1536K)->384K(512K)
[550.507s][info][gc,heap        ] GC(1085) ParOldGen: 496134K(496640K)->496150K(496640K)
[550.507s][info][gc,metaspace   ] GC(1085) Metaspace: 57830K(58176K)->57830K(58176K) NonClass: 49546K(49792K)->49546K(49792K) Class: 8283K(8384K)->8283K(8384K)
[550.507s][info][gc             ] GC(1085) Pause Young (Allocation Failure) 654M->484M(648M) 2.584ms
[550.507s][info][gc,cpu         ] GC(1085) User=0.00s Sys=0.00s Real=0.01s
[550.956s][info][gc,start       ] GC(1086) Pause Young (Allocation Failure)
[550.958s][info][gc,heap        ] GC(1086) PSYoungGen: 167296K(167424K)->256K(165376K) Eden: 166912K(166912K)->0K(161280K) From: 384K(512K)->256K(4096K)
[550.958s][info][gc,heap        ] GC(1086) ParOldGen: 496150K(496640K)->496166K(496640K)
[550.958s][info][gc,metaspace   ] GC(1086) Metaspace: 57830K(58176K)->57830K(58176K) NonClass: 49546K(49792K)->49546K(49792K) Class: 8283K(8384K)->8283K(8384K)
[550.958s][info][gc             ] GC(1086) Pause Young (Allocation Failure) 647M->484M(646M) 1.987ms
[550.958s][info][gc,cpu         ] GC(1086) User=0.00s Sys=0.00s Real=0.00s
[551.401s][info][gc,start       ] GC(1087) Pause Young (Allocation Failure)
[551.404s][info][gc,heap        ] GC(1087) PSYoungGen: 161389K(165376K)->384K(156672K) Eden: 161133K(161280K)->0K(156160K) From: 256K(4096K)->384K(512K)
[551.404s][info][gc,heap        ] GC(1087) ParOldGen: 496166K(496640K)->496182K(496640K)
[551.404s][info][gc,metaspace   ] GC(1087) Metaspace: 57830K(58176K)->57830K(58176K) NonClass: 49546K(49792K)->49546K(49792K) Class: 8283K(8384K)->8283K(8384K)
[551.404s][info][gc             ] GC(1087) Pause Young (Allocation Failure) 642M->484M(638M) 2.569ms
[551.404s][info][gc,cpu         ] GC(1087) User=0.00s Sys=0.00s Real=0.00s
[551.693s][info][gc,start       ] GC(1088) Pause Young (Allocation Failure)
[551.698s][info][gc,heap        ] GC(1088) PSYoungGen: 156544K(156672K)->2527K(155136K) Eden: 156160K(156160K)->0K(151040K) From: 384K(512K)->2527K(4096K)
[551.698s][info][gc,heap        ] GC(1088) ParOldGen: 496182K(496640K)->496198K(496640K)
[551.698s][info][gc,metaspace   ] GC(1088) Metaspace: 57830K(58176K)->57830K(58176K) NonClass: 49546K(49792K)->49546K(49792K) Class: 8283K(8384K)->8283K(8384K)
[551.698s][info][gc             ] GC(1088) Pause Young (Allocation Failure) 637M->487M(636M) 4.906ms
[551.698s][info][gc,cpu         ] GC(1088) User=0.01s Sys=0.00s Real=0.01s
[552.070s][info][gc,start       ] GC(1089) Pause Young (Allocation Failure)
[552.074s][info][gc,heap        ] GC(1089) PSYoungGen: 153557K(155136K)->1536K(147456K) Eden: 151030K(151040K)->0K(145920K) From: 2527K(4096K)->1536K(1536K)
[552.074s][info][gc,heap        ] GC(1089) ParOldGen: 496198K(496640K)->496214K(496640K)
[552.074s][info][gc,metaspace   ] GC(1089) Metaspace: 57830K(58176K)->57830K(58176K) NonClass: 49546K(49792K)->49546K(49792K) Class: 8283K(8384K)->8283K(8384K)
[552.074s][info][gc             ] GC(1089) Pause Young (Allocation Failure) 634M->486M(629M) 4.069ms
[552.074s][info][gc,cpu         ] GC(1089) User=0.01s Sys=0.00s Real=0.00s
[552.445s][info][gc,start       ] GC(1090) Pause Young (Allocation Failure)
[552.448s][info][gc,heap        ] GC(1090) PSYoungGen: 147349K(147456K)->576K(142336K) Eden: 145813K(145920K)->0K(141312K) From: 1536K(1536K)->576K(1024K)
[552.448s][info][gc,heap        ] GC(1090) ParOldGen: 496214K(496640K)->496230K(496640K)
[552.448s][info][gc,metaspace   ] GC(1090) Metaspace: 57830K(58176K)->57830K(58176K) NonClass: 49546K(49792K)->49546K(49792K) Class: 8283K(8384K)->8283K(8384K)
[552.448s][info][gc             ] GC(1090) Pause Young (Allocation Failure) 628M->485M(624M) 2.596ms
[552.448s][info][gc,cpu         ] GC(1090) User=0.01s Sys=0.00s Real=0.01s
[552.771s][info][gc,start       ] GC(1091) Pause Young (Allocation Failure)
[552.775s][info][gc,heap        ] GC(1091) PSYoungGen: 141640K(142336K)->1344K(138240K) Eden: 141064K(141312K)->0K(136704K) From: 576K(1024K)->1344K(1536K)
[552.775s][info][gc,heap        ] GC(1091) ParOldGen: 496230K(496640K)->496246K(496640K)
[552.775s][info][gc,metaspace   ] GC(1091) Metaspace: 57830K(58176K)->57830K(58176K) NonClass: 49546K(49792K)->49546K(49792K) Class: 8283K(8384K)->8283K(8384K)
[552.775s][info][gc             ] GC(1091) Pause Young (Allocation Failure) 622M->485M(620M) 3.667ms
[552.775s][info][gc,cpu         ] GC(1091) User=0.00s Sys=0.00s Real=0.00s
[553.085s][info][gc,start       ] GC(1092) Pause Young (Allocation Failure)
[553.090s][info][gc,heap        ] GC(1092) PSYoungGen: 138048K(138240K)->2304K(165888K) Eden: 136704K(136704K)->0K(163328K) From: 1344K(1536K)->2304K(2560K)
[553.090s][info][gc,heap        ] GC(1092) ParOldGen: 496246K(496640K)->496262K(496640K)
[553.090s][info][gc,metaspace   ] GC(1092) Metaspace: 57830K(58176K)->57830K(58176K) NonClass: 49546K(49792K)->49546K(49792K) Class: 8283K(8384K)->8283K(8384K)
[553.090s][info][gc             ] GC(1092) Pause Young (Allocation Failure) 619M->486M(647M) 4.774ms
[553.090s][info][gc,cpu         ] GC(1092) User=0.01s Sys=0.00s Real=0.01s
[553.513s][info][gc,start       ] GC(1093) Pause Young (Allocation Failure)
[553.519s][info][gc,heap        ] GC(1093) PSYoungGen: 165632K(165888K)->3423K(198656K) Eden: 163328K(163328K)->0K(195072K) From: 2304K(2560K)->3423K(3584K)
[553.519s][info][gc,heap        ] GC(1093) ParOldGen: 496262K(496640K)->496278K(496640K)
[553.519s][info][gc,metaspace   ] GC(1093) Metaspace: 57830K(58176K)->57830K(58176K) NonClass: 49546K(49792K)->49546K(49792K) Class: 8283K(8384K)->8283K(8384K)
[553.519s][info][gc             ] GC(1093) Pause Young (Allocation Failure) 646M->487M(679M) 6.018ms
[553.519s][info][gc,cpu         ] GC(1093) User=0.01s Sys=0.00s Real=0.01s
[553.971s][info][gc,start       ] GC(1094) Pause Young (Allocation Failure)
[553.975s][info][gc,heap        ] GC(1094) PSYoungGen: 198495K(198656K)->1344K(234496K) Eden: 195072K(195072K)->0K(232960K) From: 3423K(3584K)->1344K(1536K)
[553.975s][info][gc,heap        ] GC(1094) ParOldGen: 496278K(496640K)->496294K(496640K)
[553.975s][info][gc,metaspace   ] GC(1094) Metaspace: 57830K(58176K)->57830K(58176K) NonClass: 49546K(49792K)->49546K(49792K) Class: 8283K(8384K)->8283K(8384K)
[553.975s][info][gc             ] GC(1094) Pause Young (Allocation Failure) 678M->485M(714M) 3.783ms
[553.975s][info][gc,cpu         ] GC(1094) User=0.01s Sys=0.00s Real=0.00s
[554.512s][info][gc,start       ] GC(1095) Pause Young (Allocation Failure)
[554.515s][info][gc,heap        ] GC(1095) PSYoungGen: 234217K(234496K)->384K(224768K) Eden: 232873K(232960K)->0K(224256K) From: 1344K(1536K)->384K(512K)
[554.515s][info][gc,heap        ] GC(1095) ParOldGen: 496294K(496640K)->496310K(496640K)
[554.515s][info][gc,metaspace   ] GC(1095) Metaspace: 57830K(58176K)->57830K(58176K) NonClass: 49546K(49792K)->49546K(49792K) Class: 8283K(8384K)->8283K(8384K)
[554.515s][info][gc             ] GC(1095) Pause Young (Allocation Failure) 713M->485M(704M) 2.945ms
[554.515s][info][gc,cpu         ] GC(1095) User=0.00s Sys=0.00s Real=0.00s
[555.106s][info][gc,start       ] GC(1096) Pause Young (Allocation Failure)
[555.114s][info][gc,heap        ] GC(1096) PSYoungGen: 224640K(224768K)->3306K(267776K) Eden: 224256K(224256K)->0K(263680K) From: 384K(512K)->3306K(4096K)
[555.114s][info][gc,heap        ] GC(1096) ParOldGen: 496310K(496640K)->496326K(496640K)
[555.114s][info][gc,metaspace   ] GC(1096) Metaspace: 57830K(58176K)->57830K(58176K) NonClass: 49546K(49792K)->49546K(49792K) Class: 8283K(8384K)->8283K(8384K)
[555.114s][info][gc             ] GC(1096) Pause Young (Allocation Failure) 704M->487M(746M) 8.784ms
[555.114s][info][gc,cpu         ] GC(1096) User=0.02s Sys=0.00s Real=0.01s
[555.697s][info][gc,start       ] GC(1097) Pause Young (Allocation Failure)
[555.706s][info][gc,heap        ] GC(1097) PSYoungGen: 266986K(267776K)->1343K(272384K) Eden: 263680K(263680K)->0K(267776K) From: 3306K(4096K)->1343K(4608K)
[555.706s][info][gc,heap        ] GC(1097) ParOldGen: 496326K(496640K)->496342K(496640K)
[555.706s][info][gc,metaspace   ] GC(1097) Metaspace: 57830K(58176K)->57830K(58176K) NonClass: 49546K(49792K)->49546K(49792K) Class: 8283K(8384K)->8283K(8384K)
[555.706s][info][gc             ] GC(1097) Pause Young (Allocation Failure) 745M->486M(751M) 9.683ms
[555.706s][info][gc,cpu         ] GC(1097) User=0.01s Sys=0.00s Real=0.01s
[556.377s][info][gc,start       ] GC(1098) Pause Young (Allocation Failure)
[556.381s][info][gc,heap        ] GC(1098) PSYoungGen: 269119K(272384K)->1696K(271872K) Eden: 267776K(267776K)->0K(267776K) From: 1343K(4608K)->1696K(4096K)
[556.381s][info][gc,heap        ] GC(1098) ParOldGen: 496342K(496640K)->496358K(496640K)
[556.381s][info][gc,metaspace   ] GC(1098) Metaspace: 57830K(58176K)->57830K(58176K) NonClass: 49546K(49792K)->49546K(49792K) Class: 8283K(8384K)->8283K(8384K)
[556.381s][info][gc             ] GC(1098) Pause Young (Allocation Failure) 747M->486M(750M) 4.165ms
[556.381s][info][gc,cpu         ] GC(1098) User=0.01s Sys=0.00s Real=0.00s
[557.006s][info][gc,start       ] GC(1099) Pause Young (Allocation Failure)
[557.009s][info][gc,heap        ] GC(1099) PSYoungGen: 269327K(271872K)->512K(258048K) Eden: 267631K(267776K)->0K(257536K) From: 1696K(4096K)->512K(512K)
[557.009s][info][gc,heap        ] GC(1099) ParOldGen: 496358K(496640K)->496374K(496640K)
[557.009s][info][gc,metaspace   ] GC(1099) Metaspace: 57830K(58176K)->57830K(58176K) NonClass: 49546K(49792K)->49546K(49792K) Class: 8283K(8384K)->8283K(8384K)
[557.009s][info][gc             ] GC(1099) Pause Young (Allocation Failure) 747M->485M(737M) 2.710ms
[557.009s][info][gc,cpu         ] GC(1099) User=0.01s Sys=0.00s Real=0.00s
[557.668s][info][gc,start       ] GC(1100) Pause Young (Allocation Failure)
[557.672s][info][gc,heap        ] GC(1100) PSYoungGen: 258048K(258048K)->1658K(251904K) Eden: 257536K(257536K)->0K(247808K) From: 512K(512K)->1658K(4096K)
[557.672s][info][gc,heap        ] GC(1100) ParOldGen: 496374K(496640K)->496390K(496640K)
[557.672s][info][gc,metaspace   ] GC(1100) Metaspace: 57830K(58176K)->57830K(58176K) NonClass: 49546K(49792K)->49546K(49792K) Class: 8283K(8384K)->8283K(8384K)
[557.672s][info][gc             ] GC(1100) Pause Young (Allocation Failure) 736M->486M(731M) 4.137ms
[557.672s][info][gc,cpu         ] GC(1100) User=0.01s Sys=0.00s Real=0.00s
[558.269s][info][gc,start       ] GC(1101) Pause Young (Allocation Failure)
[558.273s][info][gc,heap        ] GC(1101) PSYoungGen: 249466K(251904K)->1886K(240640K) Eden: 247808K(247808K)->0K(238592K) From: 1658K(4096K)->1886K(2048K)
[558.273s][info][gc,heap        ] GC(1101) ParOldGen: 496390K(496640K)->496406K(496640K)
[558.273s][info][gc,metaspace   ] GC(1101) Metaspace: 57830K(58176K)->57830K(58176K) NonClass: 49546K(49792K)->49546K(49792K) Class: 8283K(8384K)->8283K(8384K)
[558.273s][info][gc             ] GC(1101) Pause Young (Allocation Failure) 728M->486M(720M) 4.239ms
[558.273s][info][gc,cpu         ] GC(1101) User=0.01s Sys=0.00s Real=0.00s
[558.860s][info][gc,start       ] GC(1102) Pause Young (Allocation Failure)
[558.863s][info][gc,heap        ] GC(1102) PSYoungGen: 240478K(240640K)->617K(230912K) Eden: 238592K(238592K)->0K(229888K) From: 1886K(2048K)->617K(1024K)
[558.863s][info][gc,heap        ] GC(1102) ParOldGen: 496406K(496640K)->496422K(496640K)
[558.863s][info][gc,metaspace   ] GC(1102) Metaspace: 57830K(58176K)->57830K(58176K) NonClass: 49546K(49792K)->49546K(49792K) Class: 8283K(8384K)->8283K(8384K)
[558.863s][info][gc             ] GC(1102) Pause Young (Allocation Failure) 719M->485M(710M) 2.885ms
[558.863s][info][gc,cpu         ] GC(1102) User=0.01s Sys=0.00s Real=0.00s
[559.383s][info][gc,start       ] GC(1103) Pause Young (Allocation Failure)
[559.394s][info][gc,heap        ] GC(1103) PSYoungGen: 230505K(230912K)->3552K(278016K) Eden: 229888K(229888K)->0K(274432K) From: 617K(1024K)->3552K(3584K)
[559.394s][info][gc,heap        ] GC(1103) ParOldGen: 496422K(496640K)->499286K(499712K)
[559.394s][info][gc,metaspace   ] GC(1103) Metaspace: 57830K(58176K)->57830K(58176K) NonClass: 49546K(49792K)->49546K(49792K) Class: 8283K(8384K)->8283K(8384K)
[559.394s][info][gc             ] GC(1103) Pause Young (Allocation Failure) 709M->491M(759M) 11.655ms
[559.394s][info][gc,cpu         ] GC(1103) User=0.02s Sys=0.00s Real=0.01s
[560.125s][info][gc,start       ] GC(1104) Pause Young (Allocation Failure)
[560.132s][info][gc,heap        ] GC(1104) PSYoungGen: 277984K(278016K)->799K(314880K) Eden: 274432K(274432K)->0K(309248K) From: 3552K(3584K)->799K(5632K)
[560.132s][info][gc,heap        ] GC(1104) ParOldGen: 499286K(499712K)->502399K(502784K)
[560.132s][info][gc,metaspace   ] GC(1104) Metaspace: 57830K(58176K)->57830K(58176K) NonClass: 49546K(49792K)->49546K(49792K) Class: 8283K(8384K)->8283K(8384K)
[560.132s][info][gc             ] GC(1104) Pause Young (Allocation Failure) 759M->491M(798M) 6.564ms
[560.132s][info][gc,cpu         ] GC(1104) User=0.01s Sys=0.00s Real=0.01s
[560.860s][info][gc,start       ] GC(1105) Pause Young (Allocation Failure)
[560.863s][info][gc,heap        ] GC(1105) PSYoungGen: 310047K(314880K)->416K(297472K) Eden: 309248K(309248K)->0K(296960K) From: 799K(5632K)->416K(512K)
[560.863s][info][gc,heap        ] GC(1105) ParOldGen: 502399K(502784K)->502766K(502784K)
[560.863s][info][gc,metaspace   ] GC(1105) Metaspace: 57830K(58176K)->57830K(58176K) NonClass: 49546K(49792K)->49546K(49792K) Class: 8283K(8384K)->8283K(8384K)
[560.863s][info][gc             ] GC(1105) Pause Young (Allocation Failure) 793M->491M(781M) 2.788ms
[560.863s][info][gc,cpu         ] GC(1105) User=0.00s Sys=0.00s Real=0.00s
[561.569s][info][gc,start       ] GC(1106) Pause Young (Allocation Failure)
[561.573s][info][gc,heap        ] GC(1106) PSYoungGen: 297376K(297472K)->2206K(290304K) Eden: 296960K(296960K)->0K(285184K) From: 416K(512K)->2206K(5120K)
[561.573s][info][gc,heap        ] GC(1106) ParOldGen: 502766K(502784K)->502782K(502784K)
[561.573s][info][gc,metaspace   ] GC(1106) Metaspace: 57830K(58176K)->57830K(58176K) NonClass: 49546K(49792K)->49546K(49792K) Class: 8283K(8384K)->8283K(8384K)
[561.573s][info][gc             ] GC(1106) Pause Young (Allocation Failure) 781M->493M(774M) 4.180ms
[561.573s][info][gc,cpu         ] GC(1106) User=0.01s Sys=0.00s Real=0.00s
[562.276s][info][gc,start       ] GC(1107) Pause Young (Allocation Failure)
[562.281s][info][gc,heap        ] GC(1107) PSYoungGen: 287390K(290304K)->2270K(276480K) Eden: 285184K(285184K)->0K(273920K) From: 2206K(5120K)->2270K(2560K)
[562.281s][info][gc,heap        ] GC(1107) ParOldGen: 502782K(502784K)->502798K(503296K)
[562.281s][info][gc,metaspace   ] GC(1107) Metaspace: 57830K(58176K)->57830K(58176K) NonClass: 49546K(49792K)->49546K(49792K) Class: 8283K(8384K)->8283K(8384K)
[562.281s][info][gc             ] GC(1107) Pause Young (Allocation Failure) 771M->493M(761M) 5.091ms
[562.281s][info][gc,cpu         ] GC(1107) User=0.01s Sys=0.00s Real=0.00s
[562.956s][info][gc,start       ] GC(1108) Pause Young (Allocation Failure)
[562.959s][info][gc,heap        ] GC(1108) PSYoungGen: 276190K(276480K)->404K(263680K) Eden: 273920K(273920K)->0K(263168K) From: 2270K(2560K)->404K(512K)
[562.959s][info][gc,heap        ] GC(1108) ParOldGen: 502798K(503296K)->502814K(503296K)
[562.959s][info][gc,metaspace   ] GC(1108) Metaspace: 57830K(58176K)->57830K(58176K) NonClass: 49546K(49792K)->49546K(49792K) Class: 8283K(8384K)->8283K(8384K)
[562.959s][info][gc             ] GC(1108) Pause Young (Allocation Failure) 760M->491M(749M) 2.487ms
[562.959s][info][gc,cpu         ] GC(1108) User=0.01s Sys=0.00s Real=0.00s
[563.632s][info][gc,start       ] GC(1109) Pause Young (Allocation Failure)
[563.635s][info][gc,heap        ] GC(1109) PSYoungGen: 263572K(263680K)->1088K(254464K) Eden: 263168K(263168K)->0K(252928K) From: 404K(512K)->1088K(1536K)
[563.635s][info][gc,heap        ] GC(1109) ParOldGen: 502814K(503296K)->502830K(503296K)
[563.635s][info][gc,metaspace   ] GC(1109) Metaspace: 57830K(58176K)->57830K(58176K) NonClass: 49546K(49792K)->49546K(49792K) Class: 8283K(8384K)->8283K(8384K)
[563.635s][info][gc             ] GC(1109) Pause Young (Allocation Failure) 748M->492M(740M) 3.232ms
[563.635s][info][gc,cpu         ] GC(1109) User=0.01s Sys=0.00s Real=0.00s
[564.185s][info][gc,start       ] GC(1110) Pause Young (Allocation Failure)
[564.195s][info][gc,heap        ] GC(1110) PSYoungGen: 254003K(254464K)->2176K(245760K) Eden: 252915K(252928K)->0K(243200K) From: 1088K(1536K)->2176K(2560K)
[564.195s][info][gc,heap        ] GC(1110) ParOldGen: 502830K(503296K)->502846K(503296K)
[564.195s][info][gc,metaspace   ] GC(1110) Metaspace: 57830K(58176K)->57830K(58176K) NonClass: 49546K(49792K)->49546K(49792K) Class: 8283K(8384K)->8283K(8384K)
[564.195s][info][gc             ] GC(1110) Pause Young (Allocation Failure) 739M->493M(731M) 10.611ms
[564.195s][info][gc,cpu         ] GC(1110) User=0.01s Sys=0.00s Real=0.01s
[564.776s][info][gc,start       ] GC(1111) Pause Young (Allocation Failure)
[564.780s][info][gc,heap        ] GC(1111) PSYoungGen: 245376K(245760K)->2207K(236544K) Eden: 243200K(243200K)->0K(233984K) From: 2176K(2560K)->2207K(2560K)
[564.780s][info][gc,heap        ] GC(1111) ParOldGen: 502846K(503296K)->502862K(503296K)
[564.780s][info][gc,metaspace   ] GC(1111) Metaspace: 57830K(58176K)->57830K(58176K) NonClass: 49546K(49792K)->49546K(49792K) Class: 8283K(8384K)->8283K(8384K)
[564.780s][info][gc             ] GC(1111) Pause Young (Allocation Failure) 730M->493M(722M) 4.551ms
[564.780s][info][gc,cpu         ] GC(1111) User=0.01s Sys=0.00s Real=0.00s
[565.367s][info][gc,start       ] GC(1112) Pause Young (Allocation Failure)
[565.371s][info][gc,heap        ] GC(1112) PSYoungGen: 236191K(236544K)->2078K(227840K) Eden: 233984K(233984K)->0K(225280K) From: 2207K(2560K)->2078K(2560K)
[565.371s][info][gc,heap        ] GC(1112) ParOldGen: 502862K(503296K)->502878K(503296K)
[565.371s][info][gc,metaspace   ] GC(1112) Metaspace: 57830K(58176K)->57830K(58176K) NonClass: 49546K(49792K)->49546K(49792K) Class: 8283K(8384K)->8283K(8384K)
[565.371s][info][gc             ] GC(1112) Pause Young (Allocation Failure) 721M->493M(714M) 4.286ms
[565.371s][info][gc,cpu         ] GC(1112) User=0.01s Sys=0.00s Real=0.00s
[565.895s][info][gc,start       ] GC(1113) Pause Young (Allocation Failure)
[565.899s][info][gc,heap        ] GC(1113) PSYoungGen: 227223K(227840K)->1664K(219136K) Eden: 225144K(225280K)->0K(217088K) From: 2078K(2560K)->1664K(2048K)
[565.899s][info][gc,heap        ] GC(1113) ParOldGen: 502878K(503296K)->502894K(503296K)
[565.899s][info][gc,metaspace   ] GC(1113) Metaspace: 57830K(58176K)->57830K(58176K) NonClass: 49546K(49792K)->49546K(49792K) Class: 8283K(8384K)->8283K(8384K)
[565.899s][info][gc             ] GC(1113) Pause Young (Allocation Failure) 712M->492M(705M) 4.294ms
[565.899s][info][gc,cpu         ] GC(1113) User=0.01s Sys=0.00s Real=0.01s
[566.458s][info][gc,start       ] GC(1114) Pause Young (Allocation Failure)
[566.461s][info][gc,heap        ] GC(1114) PSYoungGen: 218752K(219136K)->564K(210432K) Eden: 217088K(217088K)->0K(209408K) From: 1664K(2048K)->564K(1024K)
[566.461s][info][gc,heap        ] GC(1114) ParOldGen: 502894K(503296K)->502910K(503296K)
[566.461s][info][gc,metaspace   ] GC(1114) Metaspace: 57830K(58176K)->57830K(58176K) NonClass: 49546K(49792K)->49546K(49792K) Class: 8283K(8384K)->8283K(8384K)
[566.461s][info][gc             ] GC(1114) Pause Young (Allocation Failure) 704M->491M(697M) 2.624ms
[566.461s][info][gc,cpu         ] GC(1114) User=0.00s Sys=0.01s Real=0.00s
[566.962s][info][gc,start       ] GC(1115) Pause Young (Allocation Failure)
[566.965s][info][gc,heap        ] GC(1115) PSYoungGen: 209876K(210432K)->768K(202752K) Eden: 209312K(209408K)->0K(201728K) From: 564K(1024K)->768K(1024K)
[566.965s][info][gc,heap        ] GC(1115) ParOldGen: 502910K(503296K)->502926K(503296K)
[566.965s][info][gc,metaspace   ] GC(1115) Metaspace: 57830K(58176K)->57830K(58176K) NonClass: 49546K(49792K)->49546K(49792K) Class: 8283K(8384K)->8283K(8384K)
[566.965s][info][gc             ] GC(1115) Pause Young (Allocation Failure) 696M->491M(689M) 3.141ms
[566.965s][info][gc,cpu         ] GC(1115) User=0.00s Sys=0.00s Real=0.00s
[567.460s][info][gc,start       ] GC(1116) Pause Young (Allocation Failure)
[567.463s][info][gc,heap        ] GC(1116) PSYoungGen: 202496K(202752K)->867K(195584K) Eden: 201728K(201728K)->0K(194560K) From: 768K(1024K)->867K(1024K)
[567.463s][info][gc,heap        ] GC(1116) ParOldGen: 502926K(503296K)->502942K(503296K)
[567.463s][info][gc,metaspace   ] GC(1116) Metaspace: 57830K(58176K)->57830K(58176K) NonClass: 49546K(49792K)->49546K(49792K) Class: 8283K(8384K)->8283K(8384K)
[567.463s][info][gc             ] GC(1116) Pause Young (Allocation Failure) 688M->492M(682M) 2.676ms
[567.463s][info][gc,cpu         ] GC(1116) User=0.01s Sys=0.00s Real=0.00s
[567.893s][info][gc,start       ] GC(1117) Pause Young (Allocation Failure)
[567.897s][info][gc,heap        ] GC(1117) PSYoungGen: 195417K(195584K)->1343K(189440K) Eden: 194550K(194560K)->0K(187904K) From: 867K(1024K)->1343K(1536K)
[567.897s][info][gc,heap        ] GC(1117) ParOldGen: 502942K(503296K)->502958K(503296K)
[567.897s][info][gc,metaspace   ] GC(1117) Metaspace: 57830K(58176K)->57830K(58176K) NonClass: 49546K(49792K)->49546K(49792K) Class: 8283K(8384K)->8283K(8384K)
[567.897s][info][gc             ] GC(1117) Pause Young (Allocation Failure) 681M->492M(676M) 3.414ms
[567.897s][info][gc,cpu         ] GC(1117) User=0.01s Sys=0.00s Real=0.01s
[568.393s][info][gc,start       ] GC(1118) Pause Young (Allocation Failure)
[568.398s][info][gc,heap        ] GC(1118) PSYoungGen: 189247K(189440K)->2143K(183808K) Eden: 187904K(187904K)->0K(181248K) From: 1343K(1536K)->2143K(2560K)
[568.398s][info][gc,heap        ] GC(1118) ParOldGen: 502958K(503296K)->502974K(503296K)
[568.398s][info][gc,metaspace   ] GC(1118) Metaspace: 57830K(58176K)->57830K(58176K) NonClass: 49546K(49792K)->49546K(49792K) Class: 8283K(8384K)->8283K(8384K)
[568.398s][info][gc             ] GC(1118) Pause Young (Allocation Failure) 675M->493M(671M) 5.460ms
[568.398s][info][gc,cpu         ] GC(1118) User=0.00s Sys=0.00s Real=0.01s
[568.805s][info][gc,start       ] GC(1119) Pause Young (Allocation Failure)
[568.809s][info][gc,heap        ] GC(1119) PSYoungGen: 183391K(183808K)->1567K(177152K) Eden: 181247K(181248K)->0K(175104K) From: 2143K(2560K)->1567K(2048K)
[568.809s][info][gc,heap        ] GC(1119) ParOldGen: 502974K(503296K)->502990K(503296K)
[568.809s][info][gc,metaspace   ] GC(1119) Metaspace: 57830K(58176K)->57830K(58176K) NonClass: 49546K(49792K)->49546K(49792K) Class: 8283K(8384K)->8283K(8384K)
[568.809s][info][gc             ] GC(1119) Pause Young (Allocation Failure) 670M->492M(664M) 3.631ms
[568.809s][info][gc,cpu         ] GC(1119) User=0.01s Sys=0.01s Real=0.01s
[569.261s][info][gc,start       ] GC(1120) Pause Young (Allocation Failure)
[569.264s][info][gc,heap        ] GC(1120) PSYoungGen: 176671K(177152K)->745K(169984K) Eden: 175104K(175104K)->0K(168960K) From: 1567K(2048K)->745K(1024K)
[569.264s][info][gc,heap        ] GC(1120) ParOldGen: 502990K(503296K)->503006K(503296K)
[569.264s][info][gc,metaspace   ] GC(1120) Metaspace: 57830K(58176K)->57830K(58176K) NonClass: 49546K(49792K)->49546K(49792K) Class: 8283K(8384K)->8283K(8384K)
[569.264s][info][gc             ] GC(1120) Pause Young (Allocation Failure) 663M->491M(657M) 2.753ms
[569.264s][info][gc,cpu         ] GC(1120) User=0.00s Sys=0.00s Real=0.00s
[569.665s][info][gc,start       ] GC(1121) Pause Young (Allocation Failure)
[569.669s][info][gc,heap        ] GC(1121) PSYoungGen: 169705K(169984K)->1375K(164864K) Eden: 168960K(168960K)->0K(163328K) From: 745K(1024K)->1375K(1536K)
[569.669s][info][gc,heap        ] GC(1121) ParOldGen: 503006K(503296K)->503022K(503296K)
[569.669s][info][gc,metaspace   ] GC(1121) Metaspace: 57830K(58176K)->57830K(58176K) NonClass: 49546K(49792K)->49546K(49792K) Class: 8283K(8384K)->8283K(8384K)
[569.669s][info][gc             ] GC(1121) Pause Young (Allocation Failure) 656M->492M(652M) 3.374ms
[569.669s][info][gc,cpu         ] GC(1121) User=0.01s Sys=0.00s Real=0.01s
[570.064s][info][gc,start       ] GC(1122) Pause Young (Allocation Failure)
[570.067s][info][gc,heap        ] GC(1122) PSYoungGen: 164703K(164864K)->864K(158720K) Eden: 163328K(163328K)->0K(157696K) From: 1375K(1536K)->864K(1024K)
[570.067s][info][gc,heap        ] GC(1122) ParOldGen: 503022K(503296K)->503038K(503296K)
[570.067s][info][gc,metaspace   ] GC(1122) Metaspace: 57830K(58176K)->57830K(58176K) NonClass: 49546K(49792K)->49546K(49792K) Class: 8283K(8384K)->8283K(8384K)
[570.067s][info][gc             ] GC(1122) Pause Young (Allocation Failure) 652M->492M(646M) 2.993ms
[570.067s][info][gc,cpu         ] GC(1122) User=0.01s Sys=0.00s Real=0.01s
[570.458s][info][gc,start       ] GC(1123) Pause Young (Allocation Failure)
[570.461s][info][gc,heap        ] GC(1123) PSYoungGen: 158560K(158720K)->448K(153088K) Eden: 157696K(157696K)->0K(152576K) From: 864K(1024K)->448K(512K)
[570.461s][info][gc,heap        ] GC(1123) ParOldGen: 503038K(503296K)->503054K(503296K)
[570.461s][info][gc,metaspace   ] GC(1123) Metaspace: 57830K(58176K)->57830K(58176K) NonClass: 49546K(49792K)->49546K(49792K) Class: 8283K(8384K)->8283K(8384K)
[570.461s][info][gc             ] GC(1123) Pause Young (Allocation Failure) 646M->491M(641M) 2.583ms
[570.461s][info][gc,cpu         ] GC(1123) User=0.00s Sys=0.00s Real=0.00s
[570.790s][info][gc,start       ] GC(1124) Pause Young (Allocation Failure)
[570.794s][info][gc,heap        ] GC(1124) PSYoungGen: 152877K(153088K)->1600K(151040K) Eden: 152429K(152576K)->0K(147456K) From: 448K(512K)->1600K(3584K)
[570.794s][info][gc,heap        ] GC(1124) ParOldGen: 503054K(503296K)->503070K(503296K)
[570.794s][info][gc,metaspace   ] GC(1124) Metaspace: 57830K(58176K)->57830K(58176K) NonClass: 49546K(49792K)->49546K(49792K) Class: 8283K(8384K)->8283K(8384K)
[570.794s][info][gc             ] GC(1124) Pause Young (Allocation Failure) 640M->492M(639M) 3.864ms
[570.794s][info][gc,cpu         ] GC(1124) User=0.01s Sys=0.00s Real=0.00s
[571.225s][info][gc,start       ] GC(1125) Pause Young (Allocation Failure)
[571.228s][info][gc,heap        ] GC(1125) PSYoungGen: 148940K(151040K)->1408K(144384K) Eden: 147340K(147456K)->0K(142848K) From: 1600K(3584K)->1408K(1536K)
[571.228s][info][gc,heap        ] GC(1125) ParOldGen: 503070K(503296K)->503086K(503296K)
[571.228s][info][gc,metaspace   ] GC(1125) Metaspace: 57830K(58176K)->57830K(58176K) NonClass: 49546K(49792K)->49546K(49792K) Class: 8283K(8384K)->8283K(8384K)
[571.228s][info][gc             ] GC(1125) Pause Young (Allocation Failure) 636M->492M(632M) 3.795ms
[571.228s][info][gc,cpu         ] GC(1125) User=0.01s Sys=0.00s Real=0.01s
[571.495s][info][gc,start       ] GC(1126) Pause Young (Allocation Failure)
[571.498s][info][gc,heap        ] GC(1126) PSYoungGen: 144256K(144384K)->1311K(139776K) Eden: 142848K(142848K)->0K(138240K) From: 1408K(1536K)->1311K(1536K)
[571.498s][info][gc,heap        ] GC(1126) ParOldGen: 503086K(503296K)->503102K(503296K)
[571.498s][info][gc,metaspace   ] GC(1126) Metaspace: 57830K(58176K)->57830K(58176K) NonClass: 49546K(49792K)->49546K(49792K) Class: 8283K(8384K)->8283K(8384K)
[571.498s][info][gc             ] GC(1126) Pause Young (Allocation Failure) 632M->492M(628M) 3.234ms
[571.498s][info][gc,cpu         ] GC(1126) User=0.01s Sys=0.00s Real=0.01s
[571.864s][info][gc,start       ] GC(1127) Pause Young (Allocation Failure)
[571.867s][info][gc,heap        ] GC(1127) PSYoungGen: 139551K(139776K)->1151K(135680K) Eden: 138240K(138240K)->0K(134144K) From: 1311K(1536K)->1151K(1536K)
[571.867s][info][gc,heap        ] GC(1127) ParOldGen: 503102K(503296K)->503118K(503296K)
[571.867s][info][gc,metaspace   ] GC(1127) Metaspace: 57830K(58176K)->57830K(58176K) NonClass: 49546K(49792K)->49546K(49792K) Class: 8283K(8384K)->8283K(8384K)
[571.867s][info][gc             ] GC(1127) Pause Young (Allocation Failure) 627M->492M(624M) 2.923ms
[571.867s][info][gc,cpu         ] GC(1127) User=0.01s Sys=0.00s Real=0.01s
[572.177s][info][gc,start       ] GC(1128) Pause Young (Allocation Failure)
[572.180s][info][gc,heap        ] GC(1128) PSYoungGen: 135295K(135680K)->1439K(131584K) Eden: 134144K(134144K)->0K(130048K) From: 1151K(1536K)->1439K(1536K)
[572.180s][info][gc,heap        ] GC(1128) ParOldGen: 503118K(503296K)->503134K(503296K)
[572.180s][info][gc,metaspace   ] GC(1128) Metaspace: 57830K(58176K)->57830K(58176K) NonClass: 49546K(49792K)->49546K(49792K) Class: 8283K(8384K)->8283K(8384K)
[572.180s][info][gc             ] GC(1128) Pause Young (Allocation Failure) 623M->492M(620M) 3.445ms
[572.181s][info][gc,cpu         ] GC(1128) User=0.01s Sys=0.00s Real=0.00s
[572.502s][info][gc,start       ] GC(1129) Pause Young (Allocation Failure)
[572.507s][info][gc,heap        ] GC(1129) PSYoungGen: 131487K(131584K)->2527K(157696K) Eden: 130048K(130048K)->0K(155136K) From: 1439K(1536K)->2527K(2560K)
[572.507s][info][gc,heap        ] GC(1129) ParOldGen: 503134K(503296K)->503150K(503296K)
[572.507s][info][gc,metaspace   ] GC(1129) Metaspace: 57830K(58176K)->57830K(58176K) NonClass: 49546K(49792K)->49546K(49792K) Class: 8283K(8384K)->8283K(8384K)
[572.507s][info][gc             ] GC(1129) Pause Young (Allocation Failure) 619M->493M(645M) 4.758ms
[572.507s][info][gc,cpu         ] GC(1129) User=0.01s Sys=0.00s Real=0.01s
[572.877s][info][gc,start       ] GC(1130) Pause Young (Allocation Failure)
[572.886s][info][gc,heap        ] GC(1130) PSYoungGen: 157663K(157696K)->2208K(187904K) Eden: 155136K(155136K)->0K(185344K) From: 2527K(2560K)->2208K(2560K)
[572.886s][info][gc,heap        ] GC(1130) ParOldGen: 503150K(503296K)->503166K(503296K)
[572.886s][info][gc,metaspace   ] GC(1130) Metaspace: 57830K(58176K)->57830K(58176K) NonClass: 49546K(49792K)->49546K(49792K) Class: 8283K(8384K)->8283K(8384K)
[572.886s][info][gc             ] GC(1130) Pause Young (Allocation Failure) 645M->493M(675M) 8.710ms
[572.886s][info][gc,cpu         ] GC(1130) User=0.01s Sys=0.00s Real=0.01s
[573.356s][info][gc,start       ] GC(1131) Pause Young (Allocation Failure)
[573.358s][info][gc,heap        ] GC(1131) PSYoungGen: 187552K(187904K)->382K(221696K) Eden: 185344K(185344K)->0K(221184K) From: 2208K(2560K)->382K(512K)
[573.358s][info][gc,heap        ] GC(1131) ParOldGen: 503166K(503296K)->503182K(503296K)
[573.358s][info][gc,metaspace   ] GC(1131) Metaspace: 57830K(58176K)->57830K(58176K) NonClass: 49546K(49792K)->49546K(49792K) Class: 8283K(8384K)->8283K(8384K)
[573.358s][info][gc             ] GC(1131) Pause Young (Allocation Failure) 674M->491M(708M) 2.276ms
[573.358s][info][gc,cpu         ] GC(1131) User=0.00s Sys=0.00s Real=0.00s
[573.917s][info][gc,start       ] GC(1132) Pause Young (Allocation Failure)
[573.921s][info][gc,heap        ] GC(1132) PSYoungGen: 221336K(221696K)->1376K(266752K) Eden: 220954K(221184K)->0K(263680K) From: 382K(512K)->1376K(3072K)
[573.921s][info][gc,heap        ] GC(1132) ParOldGen: 503182K(503296K)->503198K(503296K)
[573.921s][info][gc,metaspace   ] GC(1132) Metaspace: 57830K(58176K)->57830K(58176K) NonClass: 49546K(49792K)->49546K(49792K) Class: 8283K(8384K)->8283K(8384K)
[573.921s][info][gc             ] GC(1132) Pause Young (Allocation Failure) 707M->492M(752M) 3.525ms
[573.921s][info][gc,cpu         ] GC(1132) User=0.01s Sys=0.00s Real=0.00s
[574.496s][info][gc,start       ] GC(1133) Pause Young (Allocation Failure)
[574.500s][info][gc,heap        ] GC(1133) PSYoungGen: 264791K(266752K)->1471K(254976K) Eden: 263415K(263680K)->0K(253440K) From: 1376K(3072K)->1471K(1536K)
[574.500s][info][gc,heap        ] GC(1133) ParOldGen: 503198K(503296K)->503214K(503296K)
[574.500s][info][gc,metaspace   ] GC(1133) Metaspace: 57830K(58176K)->57830K(58176K) NonClass: 49546K(49792K)->49546K(49792K) Class: 8283K(8384K)->8283K(8384K)
[574.500s][info][gc             ] GC(1133) Pause Young (Allocation Failure) 749M->492M(740M) 3.562ms
[574.500s][info][gc,cpu         ] GC(1133) User=0.00s Sys=0.00s Real=0.00s
[575.157s][info][gc,start       ] GC(1134) Pause Young (Allocation Failure)
[575.160s][info][gc,heap        ] GC(1134) PSYoungGen: 254911K(254976K)->428K(244224K) Eden: 253440K(253440K)->0K(243712K) From: 1471K(1536K)->428K(512K)
[575.160s][info][gc,heap        ] GC(1134) ParOldGen: 503214K(503296K)->503230K(503296K)
[575.160s][info][gc,metaspace   ] GC(1134) Metaspace: 57830K(58176K)->57830K(58176K) NonClass: 49546K(49792K)->49546K(49792K) Class: 8283K(8384K)->8283K(8384K)
[575.160s][info][gc             ] GC(1134) Pause Young (Allocation Failure) 740M->491M(730M) 2.493ms
[575.160s][info][gc,cpu         ] GC(1134) User=0.01s Sys=0.00s Real=0.00s
[575.703s][info][gc,start       ] GC(1135) Pause Young (Allocation Failure)
[575.706s][info][gc,heap        ] GC(1135) PSYoungGen: 243866K(244224K)->864K(235520K) Eden: 243437K(243712K)->0K(234496K) From: 428K(512K)->864K(1024K)
[575.707s][info][gc,heap        ] GC(1135) ParOldGen: 503230K(503296K)->503246K(503296K)
[575.707s][info][gc,metaspace   ] GC(1135) Metaspace: 57830K(58176K)->57830K(58176K) NonClass: 49546K(49792K)->49546K(49792K) Class: 8283K(8384K)->8283K(8384K)
[575.707s][info][gc             ] GC(1135) Pause Young (Allocation Failure) 729M->492M(721M) 3.222ms
[575.707s][info][gc,cpu         ] GC(1135) User=0.01s Sys=0.00s Real=0.01s
[576.288s][info][gc,start       ] GC(1136) Pause Young (Allocation Failure)
[576.293s][info][gc,heap        ] GC(1136) PSYoungGen: 235154K(235520K)->2240K(228352K) Eden: 234290K(234496K)->0K(225792K) From: 864K(1024K)->2240K(2560K)
[576.293s][info][gc,heap        ] GC(1136) ParOldGen: 503246K(503296K)->503262K(503296K)
[576.293s][info][gc,metaspace   ] GC(1136) Metaspace: 57830K(58176K)->57830K(58176K) NonClass: 49546K(49792K)->49546K(49792K) Class: 8283K(8384K)->8283K(8384K)
[576.293s][info][gc             ] GC(1136) Pause Young (Allocation Failure) 721M->493M(714M) 4.722ms
[576.293s][info][gc,cpu         ] GC(1136) User=0.00s Sys=0.00s Real=0.00s
[576.857s][info][gc,start       ] GC(1137) Pause Young (Allocation Failure)
[576.860s][info][gc,heap        ] GC(1137) PSYoungGen: 228032K(228352K)->589K(218624K) Eden: 225792K(225792K)->0K(217600K) From: 2240K(2560K)->589K(1024K)
[576.860s][info][gc,heap        ] GC(1137) ParOldGen: 503262K(503296K)->503278K(503296K)
[576.860s][info][gc,metaspace   ] GC(1137) Metaspace: 57830K(58176K)->57830K(58176K) NonClass: 49546K(49792K)->49546K(49792K) Class: 8283K(8384K)->8283K(8384K)
[576.860s][info][gc             ] GC(1137) Pause Young (Allocation Failure) 714M->492M(705M) 2.575ms
[576.860s][info][gc,cpu         ] GC(1137) User=0.00s Sys=0.00s Real=0.00s
[577.375s][info][gc,start       ] GC(1138) Pause Young (Allocation Failure)
[577.379s][info][gc,heap        ] GC(1138) PSYoungGen: 218189K(218624K)->1855K(211968K) Eden: 217600K(217600K)->0K(209920K) From: 589K(1024K)->1855K(2048K)
[577.379s][info][gc,heap        ] GC(1138) ParOldGen: 503278K(503296K)->503294K(503296K)
[577.379s][info][gc,metaspace   ] GC(1138) Metaspace: 57830K(58176K)->57830K(58176K) NonClass: 49546K(49792K)->49546K(49792K) Class: 8283K(8384K)->8283K(8384K)
[577.379s][info][gc             ] GC(1138) Pause Young (Allocation Failure) 704M->493M(698M) 3.815ms
[577.379s][info][gc,cpu         ] GC(1138) User=0.01s Sys=0.00s Real=0.01s
[577.879s][info][gc,start       ] GC(1139) Pause Young (Allocation Failure)
[577.883s][info][gc,heap        ] GC(1139) PSYoungGen: 211775K(211968K)->2399K(204800K) Eden: 209920K(209920K)->0K(202240K) From: 1855K(2048K)->2399K(2560K)
[577.883s][info][gc,heap        ] GC(1139) ParOldGen: 503294K(503296K)->503310K(503808K)
[577.883s][info][gc,metaspace   ] GC(1139) Metaspace: 57830K(58176K)->57830K(58176K) NonClass: 49546K(49792K)->49546K(49792K) Class: 8283K(8384K)->8283K(8384K)
[577.883s][info][gc             ] GC(1139) Pause Young (Allocation Failure) 698M->493M(692M) 4.607ms
[577.883s][info][gc,cpu         ] GC(1139) User=0.01s Sys=0.00s Real=0.00s
[578.385s][info][gc,start       ] GC(1140) Pause Young (Allocation Failure)
[578.390s][info][gc,heap        ] GC(1140) PSYoungGen: 204639K(204800K)->2336K(197632K) Eden: 202240K(202240K)->0K(195072K) From: 2399K(2560K)->2336K(2560K)
[578.390s][info][gc,heap        ] GC(1140) ParOldGen: 503310K(503808K)->503326K(503808K)
[578.390s][info][gc,metaspace   ] GC(1140) Metaspace: 57830K(58176K)->57830K(58176K) NonClass: 49546K(49792K)->49546K(49792K) Class: 8283K(8384K)->8283K(8384K)
[578.390s][info][gc             ] GC(1140) Pause Young (Allocation Failure) 691M->493M(685M) 5.255ms
[578.390s][info][gc,cpu         ] GC(1140) User=0.01s Sys=0.00s Real=0.01s
[578.871s][info][gc,start       ] GC(1141) Pause Young (Allocation Failure)
[578.875s][info][gc,heap        ] GC(1141) PSYoungGen: 197408K(197632K)->1408K(189952K) Eden: 195072K(195072K)->0K(188416K) From: 2336K(2560K)->1408K(1536K)
[578.875s][info][gc,heap        ] GC(1141) ParOldGen: 503326K(503808K)->503342K(503808K)
[578.875s][info][gc,metaspace   ] GC(1141) Metaspace: 57830K(58176K)->57830K(58176K) NonClass: 49546K(49792K)->49546K(49792K) Class: 8283K(8384K)->8283K(8384K)
[578.875s][info][gc             ] GC(1141) Pause Young (Allocation Failure) 684M->492M(677M) 3.692ms
[578.875s][info][gc,cpu         ] GC(1141) User=0.01s Sys=0.00s Real=0.00s
[579.306s][info][gc,start       ] GC(1142) Pause Young (Allocation Failure)
[579.309s][info][gc,heap        ] GC(1142) PSYoungGen: 189824K(189952K)->959K(182784K) Eden: 188416K(188416K)->0K(181760K) From: 1408K(1536K)->959K(1024K)
[579.309s][info][gc,heap        ] GC(1142) ParOldGen: 503342K(503808K)->503358K(503808K)
[579.309s][info][gc,metaspace   ] GC(1142) Metaspace: 57830K(58176K)->57830K(58176K) NonClass: 49546K(49792K)->49546K(49792K) Class: 8283K(8384K)->8283K(8384K)
[579.309s][info][gc             ] GC(1142) Pause Young (Allocation Failure) 676M->492M(670M) 2.745ms
[579.309s][info][gc,cpu         ] GC(1142) User=0.00s Sys=0.00s Real=0.00s
[579.777s][info][gc,start       ] GC(1143) Pause Young (Allocation Failure)
[579.781s][info][gc,heap        ] GC(1143) PSYoungGen: 182719K(182784K)->1952K(177664K) Eden: 181760K(181760K)->0K(175616K) From: 959K(1024K)->1952K(2048K)
[579.781s][info][gc,heap        ] GC(1143) ParOldGen: 503358K(503808K)->503374K(503808K)
[579.781s][info][gc,metaspace   ] GC(1143) Metaspace: 57830K(58176K)->57830K(58176K) NonClass: 49546K(49792K)->49546K(49792K) Class: 8283K(8384K)->8283K(8384K)
[579.781s][info][gc             ] GC(1143) Pause Young (Allocation Failure) 669M->493M(665M) 4.520ms
[579.781s][info][gc,cpu         ] GC(1143) User=0.01s Sys=0.00s Real=0.00s
[580.184s][info][gc,start       ] GC(1144) Pause Young (Allocation Failure)
[580.190s][info][gc,heap        ] GC(1144) PSYoungGen: 177568K(177664K)->2815K(172544K) Eden: 175616K(175616K)->0K(169472K) From: 1952K(2048K)->2815K(3072K)
[580.190s][info][gc,heap        ] GC(1144) ParOldGen: 503374K(503808K)->503390K(503808K)
[580.190s][info][gc,metaspace   ] GC(1144) Metaspace: 57830K(58176K)->57830K(58176K) NonClass: 49546K(49792K)->49546K(49792K) Class: 8283K(8384K)->8283K(8384K)
[580.190s][info][gc             ] GC(1144) Pause Young (Allocation Failure) 664M->494M(660M) 5.244ms
[580.190s][info][gc,cpu         ] GC(1144) User=0.01s Sys=0.00s Real=0.01s
[580.594s][info][gc,start       ] GC(1145) Pause Young (Allocation Failure)
[580.598s][info][gc,heap        ] GC(1145) PSYoungGen: 172154K(172544K)->1632K(165888K) Eden: 169339K(169472K)->0K(163840K) From: 2815K(3072K)->1632K(2048K)
[580.598s][info][gc,heap        ] GC(1145) ParOldGen: 503390K(503808K)->503406K(503808K)
[580.598s][info][gc,metaspace   ] GC(1145) Metaspace: 57830K(58176K)->57830K(58176K) NonClass: 49546K(49792K)->49546K(49792K) Class: 8283K(8384K)->8283K(8384K)
[580.598s][info][gc             ] GC(1145) Pause Young (Allocation Failure) 659M->493M(654M) 3.895ms
[580.598s][info][gc,cpu         ] GC(1145) User=0.01s Sys=0.00s Real=0.01s
[580.991s][info][gc,start       ] GC(1146) Pause Young (Allocation Failure)
[580.998s][info][gc,heap        ] GC(1146) PSYoungGen: 165382K(165888K)->2624K(198656K) Eden: 163750K(163840K)->0K(195584K) From: 1632K(2048K)->2624K(3072K)
[580.998s][info][gc,heap        ] GC(1146) ParOldGen: 503406K(503808K)->503422K(503808K)
[580.998s][info][gc,metaspace   ] GC(1146) Metaspace: 57830K(58176K)->57830K(58176K) NonClass: 49546K(49792K)->49546K(49792K) Class: 8283K(8384K)->8283K(8384K)
[580.998s][info][gc             ] GC(1146) Pause Young (Allocation Failure) 653M->494M(686M) 7.460ms
[580.998s][info][gc,cpu         ] GC(1146) User=0.01s Sys=0.00s Real=0.01s
[581.520s][info][gc,start       ] GC(1147) Pause Young (Allocation Failure)
[581.523s][info][gc,heap        ] GC(1147) PSYoungGen: 198208K(198656K)->896K(234496K) Eden: 195584K(195584K)->0K(233472K) From: 2624K(3072K)->896K(1024K)
[581.523s][info][gc,heap        ] GC(1147) ParOldGen: 503422K(503808K)->503438K(503808K)
[581.523s][info][gc,metaspace   ] GC(1147) Metaspace: 57830K(58176K)->57830K(58176K) NonClass: 49546K(49792K)->49546K(49792K) Class: 8283K(8384K)->8283K(8384K)
[581.523s][info][gc             ] GC(1147) Pause Young (Allocation Failure) 685M->492M(721M) 3.043ms
[581.523s][info][gc,cpu         ] GC(1147) User=0.00s Sys=0.00s Real=0.00s
[582.063s][info][gc,start       ] GC(1148) Pause Young (Allocation Failure)
[582.066s][info][gc,heap        ] GC(1148) PSYoungGen: 234368K(234496K)->1185K(226304K) Eden: 233472K(233472K)->0K(224768K) From: 896K(1024K)->1185K(1536K)
[582.066s][info][gc,heap        ] GC(1148) ParOldGen: 503438K(503808K)->503454K(503808K)
[582.066s][info][gc,metaspace   ] GC(1148) Metaspace: 57830K(58176K)->57830K(58176K) NonClass: 49546K(49792K)->49546K(49792K) Class: 8283K(8384K)->8283K(8384K)
[582.066s][info][gc             ] GC(1148) Pause Young (Allocation Failure) 720M->492M(713M) 3.121ms
[582.066s][info][gc,cpu         ] GC(1148) User=0.01s Sys=0.00s Real=0.01s
[582.590s][info][gc,start       ] GC(1149) Pause Young (Allocation Failure)
[582.595s][info][gc,heap        ] GC(1149) PSYoungGen: 225953K(226304K)->2368K(219136K) Eden: 224768K(224768K)->0K(216576K) From: 1185K(1536K)->2368K(2560K)
[582.595s][info][gc,heap        ] GC(1149) ParOldGen: 503454K(503808K)->503470K(503808K)
[582.595s][info][gc,metaspace   ] GC(1149) Metaspace: 57830K(58176K)->57830K(58176K) NonClass: 49546K(49792K)->49546K(49792K) Class: 8283K(8384K)->8283K(8384K)
[582.595s][info][gc             ] GC(1149) Pause Young (Allocation Failure) 712M->493M(706M) 4.958ms
[582.595s][info][gc,cpu         ] GC(1149) User=0.01s Sys=0.00s Real=0.00s
[583.105s][info][gc,start       ] GC(1150) Pause Young (Allocation Failure)
[583.108s][info][gc,heap        ] GC(1150) PSYoungGen: 218944K(219136K)->767K(209920K) Eden: 216576K(216576K)->0K(208896K) From: 2368K(2560K)->767K(1024K)
[583.108s][info][gc,heap        ] GC(1150) ParOldGen: 503470K(503808K)->503486K(503808K)
[583.108s][info][gc,metaspace   ] GC(1150) Metaspace: 57830K(58176K)->57830K(58176K) NonClass: 49546K(49792K)->49546K(49792K) Class: 8283K(8384K)->8283K(8384K)
[583.108s][info][gc             ] GC(1150) Pause Young (Allocation Failure) 705M->492M(697M) 2.732ms
[583.108s][info][gc,cpu         ] GC(1150) User=0.01s Sys=0.00s Real=0.01s
[583.758s][info][gc,start       ] GC(1151) Pause Young (Allocation Failure)
[583.761s][info][gc,heap        ] GC(1151) PSYoungGen: 209663K(209920K)->584K(202240K) Eden: 208896K(208896K)->0K(201216K) From: 767K(1024K)->584K(1024K)
[583.761s][info][gc,heap        ] GC(1151) ParOldGen: 503486K(503808K)->503502K(503808K)
[583.761s][info][gc,metaspace   ] GC(1151) Metaspace: 57830K(58176K)->57830K(58176K) NonClass: 49546K(49792K)->49546K(49792K) Class: 8283K(8384K)->8283K(8384K)
[583.761s][info][gc             ] GC(1151) Pause Young (Allocation Failure) 696M->492M(689M) 2.622ms
[583.761s][info][gc,cpu         ] GC(1151) User=0.01s Sys=0.00s Real=0.00s
[584.253s][info][gc,start       ] GC(1152) Pause Young (Allocation Failure)
[584.255s][info][gc,heap        ] GC(1152) PSYoungGen: 201800K(202240K)->64K(194560K) Eden: 201215K(201216K)->0K(194048K) From: 584K(1024K)->64K(512K)
[584.255s][info][gc,heap        ] GC(1152) ParOldGen: 503502K(503808K)->503518K(503808K)
[584.255s][info][gc,metaspace   ] GC(1152) Metaspace: 57830K(58176K)->57830K(58176K) NonClass: 49546K(49792K)->49546K(49792K) Class: 8283K(8384K)->8283K(8384K)
[584.255s][info][gc             ] GC(1152) Pause Young (Allocation Failure) 688M->491M(682M) 2.040ms
[584.255s][info][gc,cpu         ] GC(1152) User=0.00s Sys=0.00s Real=0.00s
[584.695s][info][gc,start       ] GC(1153) Pause Young (Allocation Failure)
[584.699s][info][gc,heap        ] GC(1153) PSYoungGen: 194112K(194560K)->2143K(189952K) Eden: 194048K(194048K)->0K(187392K) From: 64K(512K)->2143K(2560K)
[584.699s][info][gc,heap        ] GC(1153) ParOldGen: 503518K(503808K)->503534K(503808K)
[584.699s][info][gc,metaspace   ] GC(1153) Metaspace: 57830K(58176K)->57830K(58176K) NonClass: 49546K(49792K)->49546K(49792K) Class: 8283K(8384K)->8283K(8384K)
[584.699s][info][gc             ] GC(1153) Pause Young (Allocation Failure) 681M->493M(677M) 4.312ms
[584.699s][info][gc,cpu         ] GC(1153) User=0.01s Sys=0.00s Real=0.01s
[585.172s][info][gc,start       ] GC(1154) Pause Young (Allocation Failure)
[585.180s][info][gc,heap        ] GC(1154) PSYoungGen: 189535K(189952K)->1951K(182784K) Eden: 187392K(187392K)->0K(180736K) From: 2143K(2560K)->1951K(2048K)
[585.180s][info][gc,heap        ] GC(1154) ParOldGen: 503534K(503808K)->503550K(503808K)
[585.180s][info][gc,metaspace   ] GC(1154) Metaspace: 57830K(58176K)->57830K(58176K) NonClass: 49546K(49792K)->49546K(49792K) Class: 8283K(8384K)->8283K(8384K)
[585.180s][info][gc             ] GC(1154) Pause Young (Allocation Failure) 676M->493M(670M) 7.233ms
[585.180s][info][gc,cpu         ] GC(1154) User=0.01s Sys=0.00s Real=0.01s
[585.594s][info][gc,start       ] GC(1155) Pause Young (Allocation Failure)
[585.598s][info][gc,heap        ] GC(1155) PSYoungGen: 182687K(182784K)->2239K(177152K) Eden: 180736K(180736K)->0K(174592K) From: 1951K(2048K)->2239K(2560K)
[585.598s][info][gc,heap        ] GC(1155) ParOldGen: 503550K(503808K)->503566K(503808K)
[585.598s][info][gc,metaspace   ] GC(1155) Metaspace: 57830K(58176K)->57830K(58176K) NonClass: 49546K(49792K)->49546K(49792K) Class: 8283K(8384K)->8283K(8384K)
[585.598s][info][gc             ] GC(1155) Pause Young (Allocation Failure) 670M->493M(665M) 4.476ms
[585.598s][info][gc,cpu         ] GC(1155) User=0.00s Sys=0.00s Real=0.01s
[586.045s][info][gc,start       ] GC(1156) Pause Young (Allocation Failure)
[586.047s][info][gc,heap        ] GC(1156) PSYoungGen: 176831K(177152K)->64K(168960K) Eden: 174592K(174592K)->0K(168448K) From: 2239K(2560K)->64K(512K)
[586.047s][info][gc,heap        ] GC(1156) ParOldGen: 503566K(503808K)->503582K(503808K)
[586.047s][info][gc,metaspace   ] GC(1156) Metaspace: 57830K(58176K)->57830K(58176K) NonClass: 49546K(49792K)->49546K(49792K) Class: 8283K(8384K)->8283K(8384K)
[586.047s][info][gc             ] GC(1156) Pause Young (Allocation Failure) 664M->491M(657M) 1.957ms
[586.047s][info][gc,cpu         ] GC(1156) User=0.01s Sys=0.00s Real=0.01s
[586.462s][info][gc,start       ] GC(1157) Pause Young (Allocation Failure)
[586.466s][info][gc,heap        ] GC(1157) PSYoungGen: 168512K(168960K)->1132K(164352K) Eden: 168448K(168448K)->0K(162816K) From: 64K(512K)->1132K(1536K)
[586.466s][info][gc,heap        ] GC(1157) ParOldGen: 503582K(503808K)->503598K(503808K)
[586.466s][info][gc,metaspace   ] GC(1157) Metaspace: 57830K(58176K)->57830K(58176K) NonClass: 49546K(49792K)->49546K(49792K) Class: 8283K(8384K)->8283K(8384K)
[586.466s][info][gc             ] GC(1157) Pause Young (Allocation Failure) 656M->492M(652M) 3.135ms
[586.466s][info][gc,cpu         ] GC(1157) User=0.01s Sys=0.00s Real=0.00s
[586.862s][info][gc,start       ] GC(1158) Pause Young (Allocation Failure)
[586.865s][info][gc,heap        ] GC(1158) PSYoungGen: 163948K(164352K)->960K(158208K) Eden: 162816K(162816K)->0K(157184K) From: 1132K(1536K)->960K(1024K)
[586.865s][info][gc,heap        ] GC(1158) ParOldGen: 503598K(503808K)->503614K(503808K)
[586.865s][info][gc,metaspace   ] GC(1158) Metaspace: 57830K(58176K)->57830K(58176K) NonClass: 49546K(49792K)->49546K(49792K) Class: 8283K(8384K)->8283K(8384K)
[586.865s][info][gc             ] GC(1158) Pause Young (Allocation Failure) 651M->492M(646M) 3.101ms
[586.865s][info][gc,cpu         ] GC(1158) User=0.01s Sys=0.00s Real=0.00s
[587.255s][info][gc,start       ] GC(1159) Pause Young (Allocation Failure)
[587.257s][info][gc,heap        ] GC(1159) PSYoungGen: 158144K(158208K)->128K(152576K) Eden: 157184K(157184K)->0K(152064K) From: 960K(1024K)->128K(512K)
[587.257s][info][gc,heap        ] GC(1159) ParOldGen: 503614K(503808K)->503630K(503808K)
[587.257s][info][gc,metaspace   ] GC(1159) Metaspace: 57830K(58176K)->57830K(58176K) NonClass: 49546K(49792K)->49546K(49792K) Class: 8283K(8384K)->8283K(8384K)
[587.257s][info][gc             ] GC(1159) Pause Young (Allocation Failure) 646M->491M(641M) 2.136ms
[587.257s][info][gc,cpu         ] GC(1159) User=0.00s Sys=0.01s Real=0.01s
[587.591s][info][gc,start       ] GC(1160) Pause Young (Allocation Failure)
[587.595s][info][gc,heap        ] GC(1160) PSYoungGen: 152192K(152576K)->1663K(150528K) Eden: 152064K(152064K)->0K(146944K) From: 128K(512K)->1663K(3584K)
[587.595s][info][gc,heap        ] GC(1160) ParOldGen: 503630K(503808K)->503646K(503808K)
[587.595s][info][gc,metaspace   ] GC(1160) Metaspace: 57831K(58176K)->57831K(58176K) NonClass: 49547K(49792K)->49547K(49792K) Class: 8283K(8384K)->8283K(8384K)
[587.595s][info][gc             ] GC(1160) Pause Young (Allocation Failure) 640M->493M(639M) 3.478ms
[587.595s][info][gc,cpu         ] GC(1160) User=0.01s Sys=0.00s Real=0.00s
[587.968s][info][gc,start       ] GC(1161) Pause Young (Allocation Failure)
[587.971s][info][gc,heap        ] GC(1161) PSYoungGen: 148607K(150528K)->1631K(144384K) Eden: 146944K(146944K)->0K(142336K) From: 1663K(3584K)->1631K(2048K)
[587.971s][info][gc,heap        ] GC(1161) ParOldGen: 503646K(503808K)->503662K(503808K)
[587.971s][info][gc,metaspace   ] GC(1161) Metaspace: 57831K(58176K)->57831K(58176K) NonClass: 49547K(49792K)->49547K(49792K) Class: 8283K(8384K)->8283K(8384K)
[587.971s][info][gc             ] GC(1161) Pause Young (Allocation Failure) 636M->493M(633M) 3.718ms
[587.971s][info][gc,cpu         ] GC(1161) User=0.00s Sys=0.00s Real=0.00s
[588.205s][info][gc,start       ] GC(1162) Pause Young (Allocation Failure)
[588.207s][info][gc,heap        ] GC(1162) PSYoungGen: 111207K(144384K)->64K(138240K) Eden: 109576K(142336K)->0K(137728K) From: 1631K(2048K)->64K(512K)
[588.207s][info][gc,heap        ] GC(1162) ParOldGen: 503662K(503808K)->503678K(503808K)
[588.207s][info][gc,metaspace   ] GC(1162) Metaspace: 57833K(58176K)->57833K(58176K) NonClass: 49550K(49792K)->49550K(49792K) Class: 8283K(8384K)->8283K(8384K)
[588.207s][info][gc             ] GC(1162) Pause Young (Allocation Failure) 600M->491M(627M) 2.161ms
[588.207s][info][gc,cpu         ] GC(1162) User=0.00s Sys=0.00s Real=0.01s
[590.131s][info][gc,heap,exit   ] Heap
[590.131s][info][gc,heap,exit   ]  PSYoungGen      total 138240K, used 98856K [0x00000000eba00000, 0x00000000faa80000, 0x0000000100000000)
[590.131s][info][gc,heap,exit   ]   eden space 137728K, 71% used [0x00000000eba00000,0x00000000f1a7a0d8,0x00000000f4080000)
[590.131s][info][gc,heap,exit   ]   from space 512K, 12% used [0x00000000fa500000,0x00000000fa510000,0x00000000fa580000)
[590.131s][info][gc,heap,exit   ]   to   space 3584K, 0% used [0x00000000fa700000,0x00000000fa700000,0x00000000faa80000)
[590.131s][info][gc,heap,exit   ]  ParOldGen       total 503808K, used 503678K [0x00000000c2e00000, 0x00000000e1a00000, 0x00000000eba00000)
[590.131s][info][gc,heap,exit   ]   object space 503808K, 99% used [0x00000000c2e00000,0x00000000e19df9f0,0x00000000e1a00000)
[590.131s][info][gc,heap,exit   ]  Metaspace       used 58393K, committed 58624K, reserved 1114112K
[590.131s][info][gc,heap,exit   ]   class space    used 8470K, committed 8512K, reserved 1048576K
