[0.002s][info][metaspace]  - commit_granule_bytes: 65536.
[0.002s][info][metaspace]  - commit_granule_words: 8192.
[0.002s][info][metaspace]  - virtual_space_node_default_size: 8388608.
[0.002s][info][metaspace]  - enlarge_chunks_in_place: 1.
[0.005s][info][gc,init  ] CardTable entry size: 512
[0.005s][info][gc       ] Using Parallel
[0.006s][info][gc,init  ] Version: 24-internal-adhoc.root.jdk (release)
[0.006s][info][gc,init  ] CPUs: 2 total, 2 available
[0.006s][info][gc,init  ] Memory: 3908M
[0.006s][info][gc,init  ] Large Page Support: Disabled
[0.006s][info][gc,init  ] NUMA Support: Disabled
[0.006s][info][gc,init  ] Compressed Oops: Enabled (32-bit)
[0.006s][info][gc,init  ] Alignments: Space 512K, Generation 512K, Heap 2M
[0.006s][info][gc,init  ] Heap Min Capacity: 256M
[0.006s][info][gc,init  ] Heap Initial Capacity: 256M
[0.006s][info][gc,init  ] Heap Max Capacity: 978M
[0.006s][info][gc,init  ] Pre-touch: Disabled
[0.006s][info][gc,init  ] Parallel Workers: 2
[0.023s][info][gc,metaspace] CDS archive(s) mapped at: [0x00007f12d2000000-0x00007f12d2e7b000-0x00007f12d2e7b000), size 15183872, SharedBaseAddress: 0x00007f12d2000000, ArchiveRelocationMode: 1.
[0.023s][info][gc,metaspace] Compressed class space mapped at: 0x00007f12d3000000-0x00007f1313000000, reserved size: 1073741824
[0.023s][info][gc,metaspace] UseCompressedClassPointers 1, UseCompactObjectHeaders 1
[0.023s][info][gc,metaspace] Narrow klass pointer bits 22, Max shift 10
[0.023s][info][gc,metaspace] Narrow klass base: 0x00007f12d2000000, Narrow klass shift: 10
[0.023s][info][gc,metaspace] Encoding Range: [0x00007f12d2000000 - 0x00007f13d2000000), (4294967296 bytes)
[0.023s][info][gc,metaspace] Klass Range:    [0x00007f12d2000000 - 0x00007f1313000000), (1090519040 bytes)
[0.023s][info][gc,metaspace] Klass ID Range:  [1 - 1064960) (1064959)
[0.738s][info][gc,start    ] GC(0) Pause Young (Allocation Failure)
[0.745s][info][gc,heap     ] GC(0) PSYoungGen: 65536K(76288K)->3121K(76288K) Eden: 65536K(65536K)->0K(65536K) From: 0K(10752K)->3121K(10752K)
[0.745s][info][gc,heap     ] GC(0) ParOldGen: 1088K(175104K)->1160K(175104K)
[0.745s][info][gc,metaspace] GC(0) Metaspace: 6289K(6464K)->6289K(6464K) NonClass: 5423K(5504K)->5423K(5504K) Class: 865K(960K)->865K(960K)
[0.745s][info][gc          ] GC(0) Pause Young (Allocation Failure) 65M->4M(245M) 7.099ms
[0.745s][info][gc,cpu      ] GC(0) User=0.02s Sys=0.00s Real=0.00s
[1.068s][info][gc,start    ] GC(1) Pause Young (Allocation Failure)
[1.073s][info][gc,heap     ] GC(1) PSYoungGen: 68657K(76288K)->3231K(76288K) Eden: 65536K(65536K)->0K(65536K) From: 3121K(10752K)->3231K(10752K)
[1.073s][info][gc,heap     ] GC(1) ParOldGen: 1160K(175104K)->1168K(175104K)
[1.073s][info][gc,metaspace] GC(1) Metaspace: 6718K(6912K)->6718K(6912K) NonClass: 5783K(5888K)->5783K(5888K) Class: 935K(1024K)->935K(1024K)
[1.073s][info][gc          ] GC(1) Pause Young (Allocation Failure) 68M->4M(245M) 4.751ms
[1.073s][info][gc,cpu      ] GC(1) User=0.01s Sys=0.00s Real=0.00s
[1.374s][info][gc,start    ] GC(2) Pause Young (Allocation Failure)
[1.380s][info][gc,heap     ] GC(2) PSYoungGen: 68724K(76288K)->3371K(76288K) Eden: 65492K(65536K)->0K(65536K) From: 3231K(10752K)->3371K(10752K)
[1.380s][info][gc,heap     ] GC(2) ParOldGen: 1168K(175104K)->1176K(175104K)
[1.380s][info][gc,metaspace] GC(2) Metaspace: 7444K(7616K)->7444K(7616K) NonClass: 6304K(6400K)->6304K(6400K) Class: 1139K(1216K)->1139K(1216K)
[1.380s][info][gc          ] GC(2) Pause Young (Allocation Failure) 68M->4M(245M) 6.186ms
[1.380s][info][gc,cpu      ] GC(2) User=0.01s Sys=0.00s Real=0.01s
[1.625s][info][gc,start    ] GC(3) Pause Young (Allocation Failure)
[1.633s][info][gc,heap     ] GC(3) PSYoungGen: 68889K(76288K)->3463K(141824K) Eden: 65518K(65536K)->0K(131072K) From: 3371K(10752K)->3463K(10752K)
[1.633s][info][gc,heap     ] GC(3) ParOldGen: 1176K(175104K)->1184K(175104K)
[1.633s][info][gc,metaspace] GC(3) Metaspace: 7716K(7872K)->7716K(7872K) NonClass: 6509K(6592K)->6509K(6592K) Class: 1206K(1280K)->1206K(1280K)
[1.633s][info][gc          ] GC(3) Pause Young (Allocation Failure) 68M->4M(309M) 8.080ms
[1.633s][info][gc,cpu      ] GC(3) User=0.01s Sys=0.00s Real=0.01s
[2.106s][info][gc,start    ] GC(4) Pause Young (Allocation Failure)
[2.117s][info][gc,heap     ] GC(4) PSYoungGen: 134535K(141824K)->3399K(141824K) Eden: 131072K(131072K)->0K(131072K) From: 3463K(10752K)->3399K(10752K)
[2.117s][info][gc,heap     ] GC(4) ParOldGen: 1184K(175104K)->1192K(175104K)
[2.118s][info][gc,metaspace] GC(4) Metaspace: 8086K(8256K)->8086K(8256K) NonClass: 6751K(6848K)->6751K(6848K) Class: 1335K(1408K)->1335K(1408K)
[2.118s][info][gc          ] GC(4) Pause Young (Allocation Failure) 132M->4M(309M) 11.670ms
[2.118s][info][gc,cpu      ] GC(4) User=0.02s Sys=0.00s Real=0.02s
[2.757s][info][gc,start    ] GC(5) Pause Young (Allocation Failure)
[2.817s][info][gc,heap     ] GC(5) PSYoungGen: 134471K(141824K)->3575K(243200K) Eden: 131072K(131072K)->0K(239616K) From: 3399K(10752K)->3575K(3584K)
[2.817s][info][gc,heap     ] GC(5) ParOldGen: 1192K(175104K)->40724K(175104K)
[2.817s][info][gc,metaspace] GC(5) Metaspace: 10376K(10560K)->10376K(10560K) NonClass: 8656K(8768K)->8656K(8768K) Class: 1719K(1792K)->1719K(1792K)
[2.817s][info][gc          ] GC(5) Pause Young (Allocation Failure) 132M->43M(408M) 59.439ms
[2.817s][info][gc,cpu      ] GC(5) User=0.08s Sys=0.04s Real=0.06s
[4.150s][info][gc,start    ] GC(6) Pause Young (Allocation Failure)
[4.272s][info][gc,heap     ] GC(6) PSYoungGen: 243191K(243200K)->26096K(265728K) Eden: 239616K(239616K)->0K(239616K) From: 3575K(3584K)->26096K(26112K)
[4.272s][info][gc,heap     ] GC(6) ParOldGen: 40724K(175104K)->102279K(175104K)
[4.272s][info][gc,metaspace] GC(6) Metaspace: 15280K(15488K)->15280K(15488K) NonClass: 12811K(12928K)->12811K(12928K) Class: 2469K(2560K)->2469K(2560K)
[4.272s][info][gc          ] GC(6) Pause Young (Allocation Failure) 277M->125M(430M) 121.840ms
[4.272s][info][gc,cpu      ] GC(6) User=0.18s Sys=0.07s Real=0.12s
[5.511s][info][gc,start    ] GC(7) Pause Young (Allocation Failure)
[5.671s][info][gc,heap     ] GC(7) PSYoungGen: 265712K(265728K)->62960K(217600K) Eden: 239616K(239616K)->0K(154624K) From: 26096K(26112K)->62960K(62976K)
[5.671s][info][gc,heap     ] GC(7) ParOldGen: 102279K(175104K)->132551K(175104K)
[5.671s][info][gc,metaspace] GC(7) Metaspace: 16591K(16704K)->16591K(16704K) NonClass: 14014K(14080K)->14014K(14080K) Class: 2577K(2624K)->2577K(2624K)
[5.671s][info][gc          ] GC(7) Pause Young (Allocation Failure) 359M->190M(383M) 160.459ms
[5.671s][info][gc,cpu      ] GC(7) User=0.26s Sys=0.06s Real=0.16s
[6.024s][info][gc,start    ] GC(8) Pause Young (Allocation Failure)
[6.131s][info][gc,heap     ] GC(8) PSYoungGen: 217584K(217600K)->80423K(235520K) Eden: 154624K(154624K)->0K(154624K) From: 62960K(62976K)->80423K(80896K)
[6.131s][info][gc,heap     ] GC(8) ParOldGen: 132551K(175104K)->133083K(175104K)
[6.131s][info][gc,metaspace] GC(8) Metaspace: 16646K(16832K)->16646K(16832K) NonClass: 14068K(14208K)->14068K(14208K) Class: 2578K(2624K)->2578K(2624K)
[6.131s][info][gc          ] GC(8) Pause Young (Allocation Failure) 341M->208M(401M) 106.883ms
[6.131s][info][gc,cpu      ] GC(8) User=0.21s Sys=0.00s Real=0.11s
[6.379s][info][gc,start    ] GC(9) Pause Young (Allocation Failure)
[6.615s][info][gc,heap     ] GC(9) PSYoungGen: 235047K(235520K)->29527K(236032K) Eden: 154624K(154624K)->0K(137728K) From: 80423K(80896K)->29527K(98304K)
[6.615s][info][gc,heap     ] GC(9) ParOldGen: 133083K(175104K)->195766K(196096K)
[6.615s][info][gc,metaspace] GC(9) Metaspace: 16670K(16832K)->16670K(16832K) NonClass: 14092K(14208K)->14092K(14208K) Class: 2578K(2624K)->2578K(2624K)
[6.615s][info][gc          ] GC(9) Pause Young (Allocation Failure) 359M->220M(422M) 235.884ms
[6.615s][info][gc,cpu      ] GC(9) User=0.43s Sys=0.04s Real=0.23s
[6.867s][info][gc,start    ] GC(10) Pause Young (Allocation Failure)
[6.923s][info][gc,heap     ] GC(10) PSYoungGen: 167255K(236032K)->960K(138752K) Eden: 137728K(137728K)->0K(137728K) From: 29527K(98304K)->960K(1024K)
[6.923s][info][gc,heap     ] GC(10) ParOldGen: 195766K(196096K)->225326K(225792K)
[6.923s][info][gc,metaspace] GC(10) Metaspace: 16687K(16832K)->16687K(16832K) NonClass: 14109K(14208K)->14109K(14208K) Class: 2578K(2624K)->2578K(2624K)
[6.923s][info][gc          ] GC(10) Pause Young (Allocation Failure) 354M->220M(356M) 55.800ms
[6.923s][info][gc,cpu      ] GC(10) User=0.09s Sys=0.02s Real=0.05s
[7.135s][info][gc,start    ] GC(11) Pause Young (Allocation Failure)
[7.146s][info][gc,heap     ] GC(11) PSYoungGen: 138688K(138752K)->2688K(237056K) Eden: 137728K(137728K)->0K(139776K) From: 960K(1024K)->2688K(97280K)
[7.146s][info][gc,heap     ] GC(11) ParOldGen: 225326K(225792K)->226246K(226304K)
[7.146s][info][gc,metaspace] GC(11) Metaspace: 16725K(16896K)->16725K(16896K) NonClass: 14147K(14272K)->14147K(14272K) Class: 2578K(2624K)->2578K(2624K)
[7.146s][info][gc          ] GC(11) Pause Young (Allocation Failure) 355M->223M(452M) 10.694ms
[7.146s][info][gc,cpu      ] GC(11) User=0.02s Sys=0.01s Real=0.02s
[7.438s][info][gc,start    ] GC(12) Pause Young (Allocation Failure)
[7.446s][info][gc,heap     ] GC(12) PSYoungGen: 142464K(237056K)->1600K(141824K) Eden: 139776K(139776K)->0K(139776K) From: 2688K(97280K)->1600K(2048K)
[7.446s][info][gc,heap     ] GC(12) ParOldGen: 226246K(226304K)->228918K(229376K)
[7.446s][info][gc,metaspace] GC(12) Metaspace: 16807K(16960K)->16807K(16960K) NonClass: 14228K(14336K)->14228K(14336K) Class: 2579K(2624K)->2579K(2624K)
[7.446s][info][gc          ] GC(12) Pause Young (Allocation Failure) 360M->225M(362M) 8.731ms
[7.446s][info][gc,cpu      ] GC(12) User=0.01s Sys=0.00s Real=0.01s
[7.801s][info][gc,start    ] GC(13) Pause Young (Allocation Failure)
[7.814s][info][gc,heap     ] GC(13) PSYoungGen: 141376K(141824K)->2624K(237568K) Eden: 139776K(139776K)->0K(144384K) From: 1600K(2048K)->2624K(93184K)
[7.814s][info][gc,heap     ] GC(13) ParOldGen: 228918K(229376K)->230502K(230912K)
[7.814s][info][gc,metaspace] GC(13) Metaspace: 16852K(16960K)->16852K(16960K) NonClass: 14271K(14336K)->14271K(14336K) Class: 2580K(2624K)->2580K(2624K)
[7.815s][info][gc          ] GC(13) Pause Young (Allocation Failure) 361M->227M(457M) 13.803ms
[7.815s][info][gc,cpu      ] GC(13) User=0.03s Sys=0.00s Real=0.01s
[8.239s][info][gc,start    ] GC(14) Pause Young (Allocation Failure)
[8.249s][info][gc,heap     ] GC(14) PSYoungGen: 147008K(237568K)->2368K(234496K) Eden: 144384K(144384K)->0K(144384K) From: 2624K(93184K)->2368K(90112K)
[8.249s][info][gc,heap     ] GC(14) ParOldGen: 230502K(230912K)->233040K(233472K)
[8.249s][info][gc,metaspace] GC(14) Metaspace: 16922K(17024K)->16922K(17024K) NonClass: 14342K(14400K)->14342K(14400K) Class: 2580K(2624K)->2580K(2624K)
[8.249s][info][gc          ] GC(14) Pause Young (Allocation Failure) 368M->229M(457M) 9.350ms
[8.249s][info][gc,cpu      ] GC(14) User=0.02s Sys=0.00s Real=0.01s
[8.702s][info][gc,start    ] GC(15) Pause Young (Allocation Failure)
[8.756s][info][gc,heap     ] GC(15) PSYoungGen: 146752K(234496K)->57456K(230400K) Eden: 144384K(144384K)->0K(143360K) From: 2368K(90112K)->57456K(87040K)
[8.756s][info][gc,heap     ] GC(15) ParOldGen: 233040K(233472K)->235376K(235520K)
[8.756s][info][gc,metaspace] GC(15) Metaspace: 16950K(17088K)->16950K(17088K) NonClass: 14367K(14464K)->14367K(14464K) Class: 2583K(2624K)->2583K(2624K)
[8.756s][info][gc          ] GC(15) Pause Young (Allocation Failure) 370M->285M(455M) 54.745ms
[8.756s][info][gc,cpu      ] GC(15) User=0.10s Sys=0.01s Real=0.06s
[9.075s][info][gc,start    ] GC(16) Pause Young (Allocation Failure)
[9.172s][info][gc,heap     ] GC(16) PSYoungGen: 200816K(230400K)->15139K(237568K) Eden: 143360K(143360K)->0K(143360K) From: 57456K(87040K)->15139K(94208K)
[9.172s][info][gc,heap     ] GC(16) ParOldGen: 235376K(235520K)->293094K(293376K)
[9.172s][info][gc,metaspace] GC(16) Metaspace: 16966K(17152K)->16966K(17152K) NonClass: 14381K(14528K)->14381K(14528K) Class: 2585K(2624K)->2585K(2624K)
[9.172s][info][gc          ] GC(16) Pause Young (Allocation Failure) 425M->301M(518M) 96.491ms
[9.172s][info][gc,cpu      ] GC(16) User=0.15s Sys=0.04s Real=0.10s
[9.418s][info][gc,start    ] GC(17) Pause Young (Allocation Failure)
[9.449s][info][gc,heap     ] GC(17) PSYoungGen: 158499K(237568K)->1152K(232960K) Eden: 143360K(143360K)->0K(151040K) From: 15139K(94208K)->1152K(81920K)
[9.449s][info][gc,heap     ] GC(17) ParOldGen: 293094K(293376K)->308225K(308736K)
[9.449s][info][gc,metaspace] GC(17) Metaspace: 16968K(17152K)->16968K(17152K) NonClass: 14382K(14528K)->14382K(14528K) Class: 2585K(2624K)->2585K(2624K)
[9.449s][info][gc          ] GC(17) Pause Young (Allocation Failure) 441M->302M(529M) 30.922ms
[9.449s][info][gc,cpu      ] GC(17) User=0.04s Sys=0.02s Real=0.03s
[9.950s][info][gc,start    ] GC(18) Pause Young (Allocation Failure)
[9.956s][info][gc,heap     ] GC(18) PSYoungGen: 152192K(232960K)->1824K(237056K) Eden: 151040K(151040K)->0K(151040K) From: 1152K(81920K)->1824K(86016K)
[9.956s][info][gc,heap     ] GC(18) ParOldGen: 308225K(308736K)->309367K(309760K)
[9.956s][info][gc,metaspace] GC(18) Metaspace: 16978K(17152K)->16978K(17152K) NonClass: 14393K(14528K)->14393K(14528K) Class: 2585K(2624K)->2585K(2624K)
[9.956s][info][gc          ] GC(18) Pause Young (Allocation Failure) 449M->303M(534M) 5.536ms
[9.956s][info][gc,cpu      ] GC(18) User=0.02s Sys=0.00s Real=0.00s
[10.424s][info][gc,start    ] GC(19) Pause Young (Allocation Failure)
[10.436s][info][gc,heap     ] GC(19) PSYoungGen: 152864K(237056K)->3232K(239616K) Eden: 151040K(151040K)->0K(164864K) From: 1824K(86016K)->3232K(74752K)
[10.436s][info][gc,heap     ] GC(19) ParOldGen: 309367K(309760K)->311004K(311296K)
[10.436s][info][gc,metaspace] GC(19) Metaspace: 16983K(17152K)->16983K(17152K) NonClass: 14397K(14528K)->14397K(14528K) Class: 2585K(2624K)->2585K(2624K)
[10.436s][info][gc          ] GC(19) Pause Young (Allocation Failure) 451M->306M(538M) 12.647ms
[10.436s][info][gc,cpu      ] GC(19) User=0.03s Sys=0.00s Real=0.02s
[10.770s][info][gc,start    ] GC(20) Pause Young (Allocation Failure)
[10.837s][info][gc,heap     ] GC(20) PSYoungGen: 168096K(239616K)->63424K(228352K) Eden: 164864K(164864K)->0K(164864K) From: 3232K(74752K)->63424K(63488K)
[10.837s][info][gc,heap     ] GC(20) ParOldGen: 311004K(311296K)->314213K(314368K)
[10.837s][info][gc,metaspace] GC(20) Metaspace: 16989K(17152K)->16989K(17152K) NonClass: 14404K(14528K)->14404K(14528K) Class: 2585K(2624K)->2585K(2624K)
[10.838s][info][gc          ] GC(20) Pause Young (Allocation Failure) 467M->368M(530M) 67.338ms
[10.838s][info][gc,cpu      ] GC(20) User=0.13s Sys=0.00s Real=0.07s
[11.112s][info][gc,start    ] GC(21) Pause Young (Allocation Failure)
[11.244s][info][gc,heap     ] GC(21) PSYoungGen: 228288K(228352K)->14272K(248832K) Eden: 164864K(164864K)->0K(158720K) From: 63424K(63488K)->14272K(90112K)
[11.244s][info][gc,heap     ] GC(21) ParOldGen: 314213K(314368K)->377953K(378368K)
[11.244s][info][gc,metaspace] GC(21) Metaspace: 16992K(17152K)->16992K(17152K) NonClass: 14407K(14528K)->14407K(14528K) Class: 2585K(2624K)->2585K(2624K)
[11.244s][info][gc          ] GC(21) Pause Young (Allocation Failure) 529M->383M(612M) 131.836ms
[11.244s][info][gc,cpu      ] GC(21) User=0.22s Sys=0.04s Real=0.13s
[11.501s][info][gc,start    ] GC(22) Pause Young (Allocation Failure)
[11.580s][info][gc,heap     ] GC(22) PSYoungGen: 172992K(248832K)->39264K(243712K) Eden: 158720K(158720K)->0K(158720K) From: 14272K(90112K)->39264K(84992K)
[11.580s][info][gc,heap     ] GC(22) ParOldGen: 377953K(378368K)->392217K(392704K)
[11.580s][info][gc,metaspace] GC(22) Metaspace: 16994K(17152K)->16994K(17152K) NonClass: 14409K(14528K)->14409K(14528K) Class: 2585K(2624K)->2585K(2624K)
[11.580s][info][gc          ] GC(22) Pause Young (Allocation Failure) 538M->421M(621M) 79.754ms
[11.580s][info][gc,cpu      ] GC(22) User=0.15s Sys=0.01s Real=0.08s
[11.873s][info][gc,start    ] GC(23) Pause Young (Allocation Failure)
[11.980s][info][gc,heap     ] GC(23) PSYoungGen: 197984K(243712K)->52864K(238592K) Eden: 158720K(158720K)->0K(153600K) From: 39264K(84992K)->52864K(84992K)
[11.980s][info][gc,heap     ] GC(23) ParOldGen: 392217K(392704K)->431609K(431616K)
[11.980s][info][gc,metaspace] GC(23) Metaspace: 16998K(17152K)->16998K(17152K) NonClass: 14413K(14528K)->14413K(14528K) Class: 2585K(2624K)->2585K(2624K)
[11.980s][info][gc          ] GC(23) Pause Young (Allocation Failure) 576M->473M(654M) 106.745ms
[11.980s][info][gc,cpu      ] GC(23) User=0.18s Sys=0.03s Real=0.11s
[12.405s][info][gc,start    ] GC(24) Pause Young (Allocation Failure)
[12.521s][info][gc,heap     ] GC(24) PSYoungGen: 206464K(238592K)->41379K(243712K) Eden: 153600K(153600K)->0K(153600K) From: 52864K(84992K)->41379K(90112K)
[12.521s][info][gc,heap     ] GC(24) ParOldGen: 431609K(431616K)->484641K(484864K)
[12.521s][info][gc,metaspace] GC(24) Metaspace: 17015K(17152K)->17015K(17152K) NonClass: 14429K(14528K)->14429K(14528K) Class: 2585K(2624K)->2585K(2624K)
[12.521s][info][gc          ] GC(24) Pause Young (Allocation Failure) 623M->513M(711M) 116.868ms
[12.521s][info][gc,cpu      ] GC(24) User=0.20s Sys=0.04s Real=0.12s
[12.690s][info][gc,start    ] GC(25) Pause Young (Allocation Failure)
[12.799s][info][gc,heap     ] GC(25) PSYoungGen: 194979K(243712K)->35040K(235520K) Eden: 153600K(153600K)->0K(154624K) From: 41379K(90112K)->35040K(80896K)
[12.799s][info][gc,heap     ] GC(25) ParOldGen: 484641K(484864K)->525987K(526336K)
[12.799s][info][gc,metaspace] GC(25) Metaspace: 17017K(17152K)->17017K(17152K) NonClass: 14432K(14528K)->14432K(14528K) Class: 2585K(2624K)->2585K(2624K)
[12.799s][info][gc          ] GC(25) Pause Young (Allocation Failure) 663M->547M(744M) 109.226ms
[12.799s][info][gc,cpu      ] GC(25) User=0.20s Sys=0.02s Real=0.11s
[12.993s][info][gc,start    ] GC(26) Pause Young (Allocation Failure)
[13.052s][info][gc,heap     ] GC(26) PSYoungGen: 189664K(235520K)->5428K(240128K) Eden: 154624K(154624K)->0K(154624K) From: 35040K(80896K)->5428K(85504K)
[13.052s][info][gc,heap     ] GC(26) ParOldGen: 525987K(526336K)->561067K(561152K)
[13.052s][info][gc,metaspace] GC(26) Metaspace: 17048K(17280K)->17048K(17280K) NonClass: 14458K(14592K)->14458K(14592K) Class: 2590K(2688K)->2590K(2688K)
[13.052s][info][gc          ] GC(26) Pause Young (Allocation Failure) 698M->553M(782M) 58.423ms
[13.052s][info][gc,cpu      ] GC(26) User=0.09s Sys=0.03s Real=0.06s
[13.310s][info][gc,start    ] GC(27) Pause Young (Allocation Failure)
[13.331s][info][gc,heap     ] GC(27) PSYoungGen: 160052K(240128K)->13648K(239616K) Eden: 154624K(154624K)->0K(164352K) From: 5428K(85504K)->13648K(75264K)
[13.331s][info][gc,heap     ] GC(27) ParOldGen: 561067K(561152K)->565173K(565248K)
[13.331s][info][gc,metaspace] GC(27) Metaspace: 17097K(17280K)->17097K(17280K) NonClass: 14499K(14592K)->14499K(14592K) Class: 2597K(2688K)->2597K(2688K)
[13.331s][info][gc          ] GC(27) Pause Young (Allocation Failure) 704M->565M(786M) 20.382ms
[13.331s][info][gc,cpu      ] GC(27) User=0.04s Sys=0.01s Real=0.02s
[13.591s][info][gc,start    ] GC(28) Pause Young (Allocation Failure)
[13.641s][info][gc,heap     ] GC(28) PSYoungGen: 178000K(239616K)->41504K(244736K) Eden: 164352K(164352K)->0K(164352K) From: 13648K(75264K)->41504K(80384K)
[13.641s][info][gc,heap     ] GC(28) ParOldGen: 565173K(565248K)->578805K(579072K)
[13.641s][info][gc,metaspace] GC(28) Metaspace: 17120K(17280K)->17120K(17280K) NonClass: 14519K(14592K)->14519K(14592K) Class: 2600K(2688K)->2600K(2688K)
[13.641s][info][gc          ] GC(28) Pause Young (Allocation Failure) 725M->605M(804M) 50.250ms
[13.641s][info][gc,cpu      ] GC(28) User=0.08s Sys=0.02s Real=0.05s
[13.913s][info][gc,start    ] GC(29) Pause Young (Allocation Failure)
[14.024s][info][gc,heap     ] GC(29) PSYoungGen: 205856K(244736K)->77152K(226304K) Eden: 164352K(164352K)->0K(145408K) From: 41504K(80384K)->77152K(80896K)
[14.025s][info][gc,heap     ] GC(29) ParOldGen: 578805K(579072K)->620709K(621056K)
[14.025s][info][gc,metaspace] GC(29) Metaspace: 17125K(17280K)->17125K(17280K) NonClass: 14524K(14592K)->14524K(14592K) Class: 2600K(2688K)->2600K(2688K)
[14.025s][info][gc          ] GC(29) Pause Young (Allocation Failure) 766M->681M(827M) 112.008ms
[14.025s][info][gc,cpu      ] GC(29) User=0.19s Sys=0.03s Real=0.11s
[14.201s][info][gc,start    ] GC(30) Pause Full (Allocation Failure)
[14.201s][info][gc,phases,start] GC(30) Marking Phase
[14.386s][info][gc,phases      ] GC(30) Marking Phase 185.526ms
[14.386s][info][gc,phases,start] GC(30) Summary Phase
[14.386s][info][gc,phases      ] GC(30) Summary Phase 0.028ms
[14.386s][info][gc,phases,start] GC(30) Forward
[14.450s][info][gc,phases      ] GC(30) Forward 63.111ms
[14.450s][info][gc,phases,start] GC(30) Adjust Pointers
[14.561s][info][gc,phases      ] GC(30) Adjust Pointers 111.144ms
[14.561s][info][gc,phases,start] GC(30) Compaction Phase
[14.645s][info][gc,phases      ] GC(30) Compaction Phase 84.069ms
[14.648s][info][gc,phases,start] GC(30) Post Compact
[14.658s][info][gc,phases      ] GC(30) Post Compact 10.415ms
[14.673s][info][gc,heap        ] GC(30) PSYoungGen: 222560K(226304K)->0K(239616K) Eden: 145408K(145408K)->0K(145408K) From: 77152K(80896K)->0K(94208K)
[14.673s][info][gc,heap        ] GC(30) ParOldGen: 620709K(621056K)->251750K(399872K)
[14.673s][info][gc,metaspace   ] GC(30) Metaspace: 17125K(17280K)->17125K(17280K) NonClass: 14525K(14592K)->14525K(14592K) Class: 2600K(2688K)->2600K(2688K)
[14.673s][info][gc             ] GC(30) Pause Full (Allocation Failure) 823M->245M(624M) 472.400ms
[14.673s][info][gc,cpu         ] GC(30) User=0.82s Sys=0.04s Real=0.47s
[14.885s][info][gc,start       ] GC(31) Pause Young (Allocation Failure)
[14.914s][info][gc,heap        ] GC(31) PSYoungGen: 145408K(239616K)->30624K(227328K) Eden: 145408K(145408K)->0K(145408K) From: 0K(94208K)->30624K(81920K)
[14.914s][info][gc,heap        ] GC(31) ParOldGen: 251750K(399872K)->251750K(399872K)
[14.914s][info][gc,metaspace   ] GC(31) Metaspace: 17126K(17280K)->17126K(17280K) NonClass: 14526K(14592K)->14526K(14592K) Class: 2600K(2688K)->2600K(2688K)
[14.914s][info][gc             ] GC(31) Pause Young (Allocation Failure) 387M->275M(612M) 28.565ms
[14.914s][info][gc,cpu         ] GC(31) User=0.05s Sys=0.00s Real=0.03s
[15.153s][info][gc,start       ] GC(32) Pause Young (Allocation Failure)
[15.196s][info][gc,heap        ] GC(32) PSYoungGen: 176032K(227328K)->5668K(233472K) Eden: 145408K(145408K)->0K(145408K) From: 30624K(81920K)->5668K(88064K)
[15.196s][info][gc,heap        ] GC(32) ParOldGen: 251750K(399872K)->282710K(399872K)
[15.196s][info][gc,metaspace   ] GC(32) Metaspace: 17130K(17280K)->17130K(17280K) NonClass: 14528K(14592K)->14528K(14592K) Class: 2602K(2688K)->2602K(2688K)
[15.196s][info][gc             ] GC(32) Pause Young (Allocation Failure) 417M->281M(618M) 43.098ms
[15.196s][info][gc,cpu         ] GC(32) User=0.08s Sys=0.00s Real=0.05s
[15.471s][info][gc,start       ] GC(33) Pause Young (Allocation Failure)
[15.546s][info][gc,heap        ] GC(33) PSYoungGen: 151076K(233472K)->42625K(242688K) Eden: 145408K(145408K)->0K(158720K) From: 5668K(88064K)->42625K(83968K)
[15.546s][info][gc,heap        ] GC(33) ParOldGen: 282710K(399872K)->288214K(399872K)
[15.546s][info][gc,metaspace   ] GC(33) Metaspace: 17132K(17280K)->17132K(17280K) NonClass: 14530K(14592K)->14530K(14592K) Class: 2602K(2688K)->2602K(2688K)
[15.546s][info][gc             ] GC(33) Pause Young (Allocation Failure) 423M->323M(627M) 75.102ms
[15.546s][info][gc,cpu         ] GC(33) User=0.15s Sys=0.00s Real=0.07s
[15.758s][info][gc,start       ] GC(34) Pause Young (Allocation Failure)
[15.918s][info][gc,heap        ] GC(34) PSYoungGen: 201345K(242688K)->36256K(244736K) Eden: 158720K(158720K)->0K(158720K) From: 42625K(83968K)->36256K(86016K)
[15.918s][info][gc,heap        ] GC(34) ParOldGen: 288214K(399872K)->330859K(399872K)
[15.918s][info][gc,metaspace   ] GC(34) Metaspace: 17133K(17280K)->17133K(17280K) NonClass: 14531K(14592K)->14531K(14592K) Class: 2602K(2688K)->2602K(2688K)
[15.918s][info][gc             ] GC(34) Pause Young (Allocation Failure) 478M->358M(629M) 159.544ms
[15.918s][info][gc,cpu         ] GC(34) User=0.31s Sys=0.01s Real=0.16s
[16.088s][info][gc,start       ] GC(35) Pause Young (Allocation Failure)
[16.143s][info][gc,heap        ] GC(35) PSYoungGen: 194976K(244736K)->16800K(242688K) Eden: 158720K(158720K)->0K(164864K) From: 36256K(86016K)->16800K(77824K)
[16.143s][info][gc,heap        ] GC(35) ParOldGen: 330859K(399872K)->367171K(399872K)
[16.143s][info][gc,metaspace   ] GC(35) Metaspace: 17133K(17280K)->17133K(17280K) NonClass: 14531K(14592K)->14531K(14592K) Class: 2602K(2688K)->2602K(2688K)
[16.143s][info][gc             ] GC(35) Pause Young (Allocation Failure) 513M->374M(627M) 55.049ms
[16.143s][info][gc,cpu         ] GC(35) User=0.11s Sys=0.00s Real=0.05s
[16.273s][info][gc,start       ] GC(36) Pause Young (Allocation Failure)
[16.311s][info][gc,heap        ] GC(36) PSYoungGen: 181664K(242688K)->1984K(244736K) Eden: 164864K(164864K)->0K(164864K) From: 16800K(77824K)->1984K(79872K)
[16.311s][info][gc,heap        ] GC(36) ParOldGen: 367171K(399872K)->383995K(399872K)
[16.311s][info][gc,metaspace   ] GC(36) Metaspace: 17135K(17280K)->17135K(17280K) NonClass: 14533K(14592K)->14533K(14592K) Class: 2602K(2688K)->2602K(2688K)
[16.311s][info][gc             ] GC(36) Pause Young (Allocation Failure) 535M->376M(629M) 38.787ms
[16.311s][info][gc,cpu         ] GC(36) User=0.07s Sys=0.00s Real=0.04s
[16.507s][info][gc,start       ] GC(37) Pause Young (Allocation Failure)
[16.525s][info][gc,heap        ] GC(37) PSYoungGen: 166848K(244736K)->6432K(249856K) Eden: 164864K(164864K)->0K(174080K) From: 1984K(79872K)->6432K(75776K)
[16.525s][info][gc,heap        ] GC(37) ParOldGen: 383995K(399872K)->385939K(399872K)
[16.525s][info][gc,metaspace   ] GC(37) Metaspace: 17146K(17280K)->17146K(17280K) NonClass: 14538K(14592K)->14538K(14592K) Class: 2608K(2688K)->2608K(2688K)
[16.525s][info][gc             ] GC(37) Pause Young (Allocation Failure) 537M->383M(634M) 18.634ms
[16.525s][info][gc,cpu         ] GC(37) User=0.04s Sys=0.00s Real=0.01s
[16.740s][info][gc,start       ] GC(38) Pause Young (Allocation Failure)
[16.763s][info][gc,heap        ] GC(38) PSYoungGen: 180512K(249856K)->9856K(251904K) Eden: 174080K(174080K)->0K(174080K) From: 6432K(75776K)->9856K(77824K)
[16.763s][info][gc,heap        ] GC(38) ParOldGen: 385939K(399872K)->392355K(399872K)
[16.763s][info][gc,metaspace   ] GC(38) Metaspace: 17148K(17280K)->17148K(17280K) NonClass: 14540K(14592K)->14540K(14592K) Class: 2608K(2688K)->2608K(2688K)
[16.763s][info][gc             ] GC(38) Pause Young (Allocation Failure) 553M->392M(636M) 22.622ms
[16.763s][info][gc,cpu         ] GC(38) User=0.04s Sys=0.00s Real=0.02s
[16.999s][info][gc,start       ] GC(39) Pause Young (Allocation Failure)
[17.046s][info][gc,heap        ] GC(39) PSYoungGen: 183936K(251904K)->32864K(253440K) Eden: 174080K(174080K)->0K(180736K) From: 9856K(77824K)->32864K(72704K)
[17.046s][info][gc,heap        ] GC(39) ParOldGen: 392355K(399872K)->402211K(402432K)
[17.046s][info][gc,metaspace   ] GC(39) Metaspace: 17148K(17280K)->17148K(17280K) NonClass: 14540K(14592K)->14540K(14592K) Class: 2608K(2688K)->2608K(2688K)
[17.046s][info][gc             ] GC(39) Pause Young (Allocation Failure) 562M->424M(640M) 46.447ms
[17.046s][info][gc,cpu         ] GC(39) User=0.09s Sys=0.00s Real=0.04s
[17.889s][info][gc,start       ] GC(40) Pause Young (Allocation Failure)
[17.944s][info][gc,heap        ] GC(40) PSYoungGen: 213600K(253440K)->256K(254464K) Eden: 180736K(180736K)->0K(180736K) From: 32864K(72704K)->256K(73728K)
[17.944s][info][gc,heap        ] GC(40) ParOldGen: 402211K(402432K)->435094K(435200K)
[17.944s][info][gc,metaspace   ] GC(40) Metaspace: 17171K(17344K)->17171K(17344K) NonClass: 14563K(14656K)->14563K(14656K) Class: 2608K(2688K)->2608K(2688K)
[17.944s][info][gc             ] GC(40) Pause Young (Allocation Failure) 601M->425M(673M) 55.143ms
[17.944s][info][gc,cpu         ] GC(40) User=0.08s Sys=0.03s Real=0.05s
[18.572s][info][gc,start       ] GC(41) Pause Young (Allocation Failure)
[18.574s][info][gc,heap        ] GC(41) PSYoungGen: 180992K(254464K)->64K(257024K) Eden: 180736K(180736K)->0K(187392K) From: 256K(73728K)->64K(69632K)
[18.574s][info][gc,heap        ] GC(41) ParOldGen: 435094K(435200K)->435302K(435712K)
[18.574s][info][gc,metaspace   ] GC(41) Metaspace: 17176K(17344K)->17176K(17344K) NonClass: 14568K(14656K)->14568K(14656K) Class: 2608K(2688K)->2608K(2688K)
[18.574s][info][gc             ] GC(41) Pause Young (Allocation Failure) 601M->425M(676M) 2.488ms
[18.574s][info][gc,cpu         ] GC(41) User=0.00s Sys=0.00s Real=0.00s
[19.032s][info][gc,start       ] GC(42) Pause Young (Allocation Failure)
[19.036s][info][gc,heap        ] GC(42) PSYoungGen: 187456K(257024K)->64K(258560K) Eden: 187392K(187392K)->0K(187392K) From: 64K(69632K)->64K(71168K)
[19.036s][info][gc,heap        ] GC(42) ParOldGen: 435302K(435712K)->435334K(435712K)
[19.036s][info][gc,metaspace   ] GC(42) Metaspace: 17177K(17344K)->17177K(17344K) NonClass: 14569K(14656K)->14569K(14656K) Class: 2608K(2688K)->2608K(2688K)
[19.036s][info][gc             ] GC(42) Pause Young (Allocation Failure) 608M->425M(678M) 4.263ms
[19.036s][info][gc,cpu         ] GC(42) User=0.01s Sys=0.00s Real=0.00s
[19.628s][info][gc,start       ] GC(43) Pause Young (Allocation Failure)
[19.654s][info][gc,heap        ] GC(43) PSYoungGen: 187456K(258560K)->4704K(256512K) Eden: 187392K(187392K)->0K(193024K) From: 64K(71168K)->4704K(63488K)
[19.654s][info][gc,heap        ] GC(43) ParOldGen: 435334K(435712K)->435358K(435712K)
[19.654s][info][gc,metaspace   ] GC(43) Metaspace: 17178K(17344K)->17178K(17344K) NonClass: 14570K(14656K)->14570K(14656K) Class: 2608K(2688K)->2608K(2688K)
[19.654s][info][gc             ] GC(43) Pause Young (Allocation Failure) 608M->429M(676M) 25.263ms
[19.654s][info][gc,cpu         ] GC(43) User=0.04s Sys=0.00s Real=0.02s
[19.884s][info][gc,start       ] GC(44) Pause Young (Allocation Failure)
[19.951s][info][gc,heap        ] GC(44) PSYoungGen: 197728K(256512K)->60150K(253440K) Eden: 193024K(193024K)->0K(193024K) From: 4704K(63488K)->60150K(60416K)
[19.951s][info][gc,heap        ] GC(44) ParOldGen: 435358K(435712K)->440054K(440320K)
[19.951s][info][gc,metaspace   ] GC(44) Metaspace: 17184K(17408K)->17184K(17408K) NonClass: 14576K(14720K)->14576K(14720K) Class: 2608K(2688K)->2608K(2688K)
[19.951s][info][gc             ] GC(44) Pause Young (Allocation Failure) 618M->488M(677M) 66.353ms
[19.951s][info][gc,cpu         ] GC(44) User=0.12s Sys=0.01s Real=0.07s
[20.199s][info][gc,start       ] GC(45) Pause Young (Allocation Failure)
[20.308s][info][gc,heap        ] GC(45) PSYoungGen: 253174K(253440K)->55072K(241664K) Eden: 193024K(193024K)->0K(163840K) From: 60150K(60416K)->55072K(77824K)
[20.309s][info][gc,heap        ] GC(45) ParOldGen: 440054K(440320K)->500859K(501248K)
[20.309s][info][gc,metaspace   ] GC(45) Metaspace: 17205K(17408K)->17205K(17408K) NonClass: 14596K(14720K)->14596K(14720K) Class: 2609K(2688K)->2609K(2688K)
[20.309s][info][gc             ] GC(45) Pause Young (Allocation Failure) 676M->542M(725M) 109.375ms
[20.309s][info][gc,cpu         ] GC(45) User=0.16s Sys=0.05s Real=0.11s
[20.464s][info][gc,start       ] GC(46) Pause Young (Allocation Failure)
[20.538s][info][gc,heap        ] GC(46) PSYoungGen: 218912K(241664K)->5248K(248832K) Eden: 163840K(163840K)->0K(163840K) From: 55072K(77824K)->5248K(84992K)
[20.538s][info][gc,heap        ] GC(46) ParOldGen: 500859K(501248K)->556459K(556544K)
[20.538s][info][gc,metaspace   ] GC(46) Metaspace: 17205K(17408K)->17205K(17408K) NonClass: 14596K(14720K)->14596K(14720K) Class: 2609K(2688K)->2609K(2688K)
[20.538s][info][gc             ] GC(46) Pause Young (Allocation Failure) 702M->548M(786M) 73.740ms
[20.538s][info][gc,cpu         ] GC(46) User=0.11s Sys=0.04s Real=0.08s
[20.695s][info][gc,start       ] GC(47) Pause Young (Allocation Failure)
[20.725s][info][gc,heap        ] GC(47) PSYoungGen: 169088K(248832K)->1696K(240640K) Eden: 163840K(163840K)->0K(166912K) From: 5248K(84992K)->1696K(73728K)
[20.725s][info][gc,heap        ] GC(47) ParOldGen: 556459K(556544K)->561707K(562176K)
[20.725s][info][gc,metaspace   ] GC(47) Metaspace: 17207K(17408K)->17207K(17408K) NonClass: 14598K(14720K)->14598K(14720K) Class: 2609K(2688K)->2609K(2688K)
[20.725s][info][gc             ] GC(47) Pause Young (Allocation Failure) 708M->550M(784M) 30.493ms
[20.725s][info][gc,cpu         ] GC(47) User=0.06s Sys=0.00s Real=0.03s
[21.064s][info][gc,start       ] GC(48) Pause Young (Allocation Failure)
[21.131s][info][gc,heap        ] GC(48) PSYoungGen: 168608K(240640K)->41013K(246272K) Eden: 166912K(166912K)->0K(166912K) From: 1696K(73728K)->41013K(79360K)
[21.131s][info][gc,heap        ] GC(48) ParOldGen: 561707K(562176K)->563387K(563712K)
[21.131s][info][gc,metaspace   ] GC(48) Metaspace: 17208K(17408K)->17208K(17408K) NonClass: 14598K(14720K)->14598K(14720K) Class: 2609K(2688K)->2609K(2688K)
[21.131s][info][gc             ] GC(48) Pause Young (Allocation Failure) 713M->590M(791M) 66.298ms
[21.131s][info][gc,cpu         ] GC(48) User=0.13s Sys=0.00s Real=0.07s
[21.326s][info][gc,start       ] GC(49) Pause Young (Allocation Failure)
[21.423s][info][gc,heap        ] GC(49) PSYoungGen: 207925K(246272K)->21952K(244224K) Eden: 166912K(166912K)->0K(173056K) From: 41013K(79360K)->21952K(71168K)
[21.423s][info][gc,heap        ] GC(49) ParOldGen: 563387K(563712K)->604447K(604672K)
[21.423s][info][gc,metaspace   ] GC(49) Metaspace: 17208K(17408K)->17208K(17408K) NonClass: 14598K(14720K)->14598K(14720K) Class: 2609K(2688K)->2609K(2688K)
[21.423s][info][gc             ] GC(49) Pause Young (Allocation Failure) 753M->611M(829M) 97.277ms
[21.423s][info][gc,cpu         ] GC(49) User=0.15s Sys=0.04s Real=0.10s
[21.635s][info][gc,start       ] GC(50) Pause Full (Allocation Failure)
[21.635s][info][gc,phases,start] GC(50) Marking Phase
[21.916s][info][gc,phases      ] GC(50) Marking Phase 280.872ms
[21.916s][info][gc,phases,start] GC(50) Summary Phase
[21.916s][info][gc,phases      ] GC(50) Summary Phase 0.045ms
[21.916s][info][gc,phases,start] GC(50) Forward
[22.034s][info][gc,phases      ] GC(50) Forward 117.334ms
[22.034s][info][gc,phases,start] GC(50) Adjust Pointers
[22.241s][info][gc,phases      ] GC(50) Adjust Pointers 207.785ms
[22.242s][info][gc,phases,start] GC(50) Compaction Phase
[22.363s][info][gc,phases      ] GC(50) Compaction Phase 121.813ms
[22.372s][info][gc,phases,start] GC(50) Post Compact
[22.374s][info][gc,phases      ] GC(50) Post Compact 2.815ms
[22.378s][info][gc,heap        ] GC(50) PSYoungGen: 195008K(244224K)->0K(248320K) Eden: 173056K(173056K)->0K(173056K) From: 21952K(71168K)->0K(75264K)
[22.378s][info][gc,heap        ] GC(50) ParOldGen: 604447K(604672K)->378087K(545792K)
[22.378s][info][gc,metaspace   ] GC(50) Metaspace: 17230K(17408K)->17230K(17408K) NonClass: 14621K(14720K)->14621K(14720K) Class: 2609K(2688K)->2609K(2688K)
[22.378s][info][gc             ] GC(50) Pause Full (Allocation Failure) 780M->369M(775M) 743.263ms
[22.378s][info][gc,cpu         ] GC(50) User=1.36s Sys=0.01s Real=0.75s
[22.649s][info][gc,start       ] GC(51) Pause Young (Allocation Failure)
[22.656s][info][gc,heap        ] GC(51) PSYoungGen: 173056K(248320K)->1376K(255488K) Eden: 173056K(173056K)->0K(183296K) From: 0K(75264K)->1376K(72192K)
[22.656s][info][gc,heap        ] GC(51) ParOldGen: 378087K(545792K)->378087K(545792K)
[22.656s][info][gc,metaspace   ] GC(51) Metaspace: 17231K(17408K)->17231K(17408K) NonClass: 14622K(14720K)->14622K(14720K) Class: 2609K(2688K)->2609K(2688K)
[22.656s][info][gc             ] GC(51) Pause Young (Allocation Failure) 538M->370M(782M) 6.915ms
[22.656s][info][gc,cpu         ] GC(51) User=0.01s Sys=0.00s Real=0.00s
[22.941s][info][gc,start       ] GC(52) Pause Young (Allocation Failure)
[22.959s][info][gc,heap        ] GC(52) PSYoungGen: 184672K(255488K)->3328K(257024K) Eden: 183296K(183296K)->0K(183296K) From: 1376K(72192K)->3328K(73728K)
[22.959s][info][gc,heap        ] GC(52) ParOldGen: 378087K(545792K)->379428K(545792K)
[22.959s][info][gc,metaspace   ] GC(52) Metaspace: 17248K(17408K)->17248K(17408K) NonClass: 14639K(14720K)->14639K(14720K) Class: 2609K(2688K)->2609K(2688K)
[22.959s][info][gc             ] GC(52) Pause Young (Allocation Failure) 549M->373M(784M) 18.848ms
[22.960s][info][gc,cpu         ] GC(52) User=0.04s Sys=0.00s Real=0.02s
[23.308s][info][gc,start       ] GC(53) Pause Young (Allocation Failure)
[23.372s][info][gc,heap        ] GC(53) PSYoungGen: 186624K(257024K)->33648K(258560K) Eden: 183296K(183296K)->0K(187392K) From: 3328K(73728K)->33648K(71168K)
[23.372s][info][gc,heap        ] GC(53) ParOldGen: 379428K(545792K)->382732K(545792K)
[23.372s][info][gc,metaspace   ] GC(53) Metaspace: 17255K(17408K)->17255K(17408K) NonClass: 14645K(14720K)->14645K(14720K) Class: 2610K(2688K)->2610K(2688K)
[23.372s][info][gc             ] GC(53) Pause Young (Allocation Failure) 552M->406M(785M) 63.987ms
[23.372s][info][gc,cpu         ] GC(53) User=0.13s Sys=0.01s Real=0.06s
[23.744s][info][gc,start       ] GC(54) Pause Young (Allocation Failure)
[23.849s][info][gc,heap        ] GC(54) PSYoungGen: 221040K(258560K)->18720K(206336K) Eden: 187392K(187392K)->0K(187392K) From: 33648K(71168K)->18720K(18944K)
[23.849s][info][gc,heap        ] GC(54) ParOldGen: 382732K(545792K)->416450K(545792K)
[23.849s][info][gc,metaspace   ] GC(54) Metaspace: 17275K(17472K)->17275K(17472K) NonClass: 14665K(14784K)->14665K(14784K) Class: 2610K(2688K)->2610K(2688K)
[23.849s][info][gc             ] GC(54) Pause Young (Allocation Failure) 589M->424M(734M) 104.300ms
[23.849s][info][gc,cpu         ] GC(54) User=0.21s Sys=0.00s Real=0.11s
[24.172s][info][gc,start       ] GC(55) Pause Young (Allocation Failure)
[24.240s][info][gc,heap        ] GC(55) PSYoungGen: 206112K(206336K)->65856K(242688K) Eden: 187392K(187392K)->0K(176128K) From: 18720K(18944K)->65856K(66560K)
[24.240s][info][gc,heap        ] GC(55) ParOldGen: 416450K(545792K)->435234K(545792K)
[24.240s][info][gc,metaspace   ] GC(55) Metaspace: 17286K(17472K)->17286K(17472K) NonClass: 14675K(14784K)->14675K(14784K) Class: 2611K(2688K)->2611K(2688K)
[24.240s][info][gc             ] GC(55) Pause Young (Allocation Failure) 607M->489M(770M) 67.379ms
[24.240s][info][gc,cpu         ] GC(55) User=0.12s Sys=0.00s Real=0.07s
[24.761s][info][gc,start       ] GC(56) Pause Young (Allocation Failure)
[24.810s][info][gc,heap        ] GC(56) PSYoungGen: 241984K(242688K)->3984K(254976K) Eden: 176128K(176128K)->0K(176128K) From: 65856K(66560K)->3984K(78848K)
[24.810s][info][gc,heap        ] GC(56) ParOldGen: 435234K(545792K)->501834K(545792K)
[24.810s][info][gc,metaspace   ] GC(56) Metaspace: 17294K(17472K)->17294K(17472K) NonClass: 14683K(14784K)->14683K(14784K) Class: 2611K(2688K)->2611K(2688K)
[24.810s][info][gc             ] GC(56) Pause Young (Allocation Failure) 661M->493M(782M) 48.682ms
[24.810s][info][gc,cpu         ] GC(56) User=0.10s Sys=0.00s Real=0.05s
[25.259s][info][gc,start       ] GC(57) Pause Young (Allocation Failure)
[25.339s][info][gc,heap        ] GC(57) PSYoungGen: 180112K(254976K)->39263K(254464K) Eden: 176128K(176128K)->0K(177664K) From: 3984K(78848K)->39263K(76800K)
[25.339s][info][gc,heap        ] GC(57) ParOldGen: 501834K(545792K)->505803K(545792K)
[25.339s][info][gc,metaspace   ] GC(57) Metaspace: 17297K(17536K)->17297K(17536K) NonClass: 14685K(14848K)->14685K(14848K) Class: 2611K(2688K)->2611K(2688K)
[25.339s][info][gc             ] GC(57) Pause Young (Allocation Failure) 665M->532M(781M) 80.610ms
[25.339s][info][gc,cpu         ] GC(57) User=0.16s Sys=0.00s Real=0.08s
[25.677s][info][gc,start       ] GC(58) Pause Young (Allocation Failure)
[25.745s][info][gc,heap        ] GC(58) PSYoungGen: 216927K(254464K)->17472K(195584K) Eden: 177664K(177664K)->0K(177664K) From: 39263K(76800K)->17472K(17920K)
[25.745s][info][gc,heap        ] GC(58) ParOldGen: 505803K(545792K)->545121K(545792K)
[25.745s][info][gc,metaspace   ] GC(58) Metaspace: 17297K(17536K)->17297K(17536K) NonClass: 14685K(14848K)->14685K(14848K) Class: 2611K(2688K)->2611K(2688K)
[25.745s][info][gc             ] GC(58) Pause Young (Allocation Failure) 705M->549M(724M) 68.162ms
[25.745s][info][gc,cpu         ] GC(58) User=0.13s Sys=0.00s Real=0.06s
[25.920s][info][gc,start       ] GC(59) Pause Young (Allocation Failure)
[25.952s][info][gc,heap        ] GC(59) PSYoungGen: 195136K(195584K)->800K(253952K) Eden: 177664K(177664K)->0K(180224K) From: 17472K(17920K)->800K(73728K)
[25.952s][info][gc,heap        ] GC(59) ParOldGen: 545121K(545792K)->562625K(562688K)
[25.952s][info][gc,metaspace   ] GC(59) Metaspace: 17297K(17536K)->17297K(17536K) NonClass: 14685K(14848K)->14685K(14848K) Class: 2611K(2688K)->2611K(2688K)
[25.952s][info][gc             ] GC(59) Pause Young (Allocation Failure) 722M->550M(797M) 31.494ms
[25.952s][info][gc,cpu         ] GC(59) User=0.05s Sys=0.01s Real=0.03s
[26.283s][info][gc,start       ] GC(60) Pause Young (Allocation Failure)
[26.294s][info][gc,heap        ] GC(60) PSYoungGen: 181024K(253952K)->4928K(252928K) Eden: 180224K(180224K)->0K(180224K) From: 800K(73728K)->4928K(72704K)
[26.294s][info][gc,heap        ] GC(60) ParOldGen: 562625K(562688K)->563409K(563712K)
[26.294s][info][gc,metaspace   ] GC(60) Metaspace: 17297K(17536K)->17297K(17536K) NonClass: 14685K(14848K)->14685K(14848K) Class: 2611K(2688K)->2611K(2688K)
[26.295s][info][gc             ] GC(60) Pause Young (Allocation Failure) 726M->555M(797M) 11.518ms
[26.295s][info][gc,cpu         ] GC(60) User=0.02s Sys=0.00s Real=0.01s
[26.613s][info][gc,start       ] GC(61) Pause Young (Allocation Failure)
[26.664s][info][gc,heap        ] GC(61) PSYoungGen: 185152K(252928K)->30432K(258560K) Eden: 180224K(180224K)->0K(188416K) From: 4928K(72704K)->30432K(70144K)
[26.664s][info][gc,heap        ] GC(61) ParOldGen: 563409K(563712K)->568337K(568832K)
[26.664s][info][gc,metaspace   ] GC(61) Metaspace: 17297K(17536K)->17297K(17536K) NonClass: 14685K(14848K)->14685K(14848K) Class: 2611K(2688K)->2611K(2688K)
[26.664s][info][gc             ] GC(61) Pause Young (Allocation Failure) 731M->584M(808M) 51.003ms
[26.664s][info][gc,cpu         ] GC(61) User=0.10s Sys=0.01s Real=0.05s
[26.934s][info][gc,start       ] GC(62) Pause Young (Allocation Failure)
[27.021s][info][gc,heap        ] GC(62) PSYoungGen: 218848K(258560K)->58706K(247296K) Eden: 188416K(188416K)->0K(188416K) From: 30432K(70144K)->58706K(58880K)
[27.021s][info][gc,heap        ] GC(62) ParOldGen: 568337K(568832K)->598818K(599040K)
[27.021s][info][gc,metaspace   ] GC(62) Metaspace: 17306K(17536K)->17306K(17536K) NonClass: 14695K(14848K)->14695K(14848K) Class: 2611K(2688K)->2611K(2688K)
[27.021s][info][gc             ] GC(62) Pause Young (Allocation Failure) 768M->642M(826M) 86.955ms
[27.021s][info][gc,cpu         ] GC(62) User=0.15s Sys=0.02s Real=0.09s
[27.483s][info][gc,start       ] GC(63) Pause Young (Allocation Failure)
[27.565s][info][gc,heap        ] GC(63) PSYoungGen: 247122K(247296K)->17344K(259584K) Eden: 188416K(188416K)->0K(181248K) From: 58706K(58880K)->17344K(78336K)
[27.565s][info][gc,heap        ] GC(63) ParOldGen: 598818K(599040K)->658247K(658432K)
[27.565s][info][gc,metaspace   ] GC(63) Metaspace: 17308K(17536K)->17308K(17536K) NonClass: 14697K(14848K)->14697K(14848K) Class: 2611K(2688K)->2611K(2688K)
[27.565s][info][gc             ] GC(63) Pause Young (Allocation Failure) 826M->659M(896M) 81.495ms
[27.565s][info][gc,cpu         ] GC(63) User=0.11s Sys=0.05s Real=0.08s
[27.974s][info][gc,start       ] GC(64) Pause Full (Allocation Failure)
[27.974s][info][gc,phases,start] GC(64) Marking Phase
[28.335s][info][gc,phases      ] GC(64) Marking Phase 360.411ms
[28.335s][info][gc,phases,start] GC(64) Summary Phase
[28.335s][info][gc,phases      ] GC(64) Summary Phase 0.029ms
[28.335s][info][gc,phases,start] GC(64) Forward
[28.483s][info][gc,phases      ] GC(64) Forward 147.876ms
[28.483s][info][gc,phases,start] GC(64) Adjust Pointers
[28.760s][info][gc,phases      ] GC(64) Adjust Pointers 277.493ms
[28.760s][info][gc,phases,start] GC(64) Compaction Phase
[28.924s][info][gc,phases      ] GC(64) Compaction Phase 163.851ms
[28.936s][info][gc,phases,start] GC(64) Post Compact
[28.938s][info][gc,phases      ] GC(64) Post Compact 2.574ms
[28.938s][info][gc,heap        ] GC(64) PSYoungGen: 198592K(259584K)->0K(255488K) Eden: 181248K(181248K)->0K(181248K) From: 17344K(78336K)->0K(74240K)
[28.938s][info][gc,heap        ] GC(64) ParOldGen: 658247K(658432K)->502687K(667648K)
[28.938s][info][gc,metaspace   ] GC(64) Metaspace: 17316K(17536K)->17316K(17536K) NonClass: 14705K(14848K)->14705K(14848K) Class: 2611K(2688K)->2611K(2688K)
[28.938s][info][gc             ] GC(64) Pause Full (Allocation Failure) 836M->490M(901M) 964.354ms
[28.938s][info][gc,cpu         ] GC(64) User=1.81s Sys=0.00s Real=0.97s
[29.110s][info][gc,start       ] GC(65) Pause Young (Allocation Failure)
[29.129s][info][gc,heap        ] GC(65) PSYoungGen: 181248K(255488K)->14272K(256000K) Eden: 181248K(181248K)->0K(184832K) From: 0K(74240K)->14272K(71168K)
[29.129s][info][gc,heap        ] GC(65) ParOldGen: 502687K(667648K)->502687K(667648K)
[29.129s][info][gc,metaspace   ] GC(65) Metaspace: 17316K(17536K)->17316K(17536K) NonClass: 14705K(14848K)->14705K(14848K) Class: 2611K(2688K)->2611K(2688K)
[29.129s][info][gc             ] GC(65) Pause Young (Allocation Failure) 667M->504M(902M) 18.579ms
[29.129s][info][gc,cpu         ] GC(65) User=0.03s Sys=0.00s Real=0.02s
[29.329s][info][gc,start       ] GC(66) Pause Young (Allocation Failure)
[29.354s][info][gc,heap        ] GC(66) PSYoungGen: 199104K(256000K)->4512K(255488K) Eden: 184832K(184832K)->0K(184832K) From: 14272K(71168K)->4512K(70656K)
[29.354s][info][gc,heap        ] GC(66) ParOldGen: 502687K(667648K)->516975K(667648K)
[29.354s][info][gc,metaspace   ] GC(66) Metaspace: 17316K(17536K)->17316K(17536K) NonClass: 14705K(14848K)->14705K(14848K) Class: 2611K(2688K)->2611K(2688K)
[29.354s][info][gc             ] GC(66) Pause Young (Allocation Failure) 685M->509M(901M) 24.482ms
[29.354s][info][gc,cpu         ] GC(66) User=0.05s Sys=0.00s Real=0.02s
[29.679s][info][gc,start       ] GC(67) Pause Young (Allocation Failure)
[29.700s][info][gc,heap        ] GC(67) PSYoungGen: 189344K(255488K)->13632K(258048K) Eden: 184832K(184832K)->0K(194048K) From: 4512K(70656K)->13632K(64000K)
[29.700s][info][gc,heap        ] GC(67) ParOldGen: 516975K(667648K)->521463K(667648K)
[29.700s][info][gc,metaspace   ] GC(67) Metaspace: 17316K(17536K)->17316K(17536K) NonClass: 14705K(14848K)->14705K(14848K) Class: 2611K(2688K)->2611K(2688K)
[29.700s][info][gc             ] GC(67) Pause Young (Allocation Failure) 689M->522M(904M) 20.421ms
[29.700s][info][gc,cpu         ] GC(67) User=0.04s Sys=0.00s Real=0.02s
[30.156s][info][gc,start       ] GC(68) Pause Young (Allocation Failure)
[30.186s][info][gc,heap        ] GC(68) PSYoungGen: 207680K(258048K)->13120K(259584K) Eden: 194048K(194048K)->0K(194048K) From: 13632K(64000K)->13120K(65536K)
[30.186s][info][gc,heap        ] GC(68) ParOldGen: 521463K(667648K)->535088K(667648K)
[30.186s][info][gc,metaspace   ] GC(68) Metaspace: 17318K(17536K)->17318K(17536K) NonClass: 14706K(14848K)->14706K(14848K) Class: 2611K(2688K)->2611K(2688K)
[30.186s][info][gc             ] GC(68) Pause Young (Allocation Failure) 712M->535M(905M) 29.425ms
[30.186s][info][gc,cpu         ] GC(68) User=0.06s Sys=0.00s Real=0.02s
[30.763s][info][gc,start       ] GC(69) Pause Young (Allocation Failure)
[30.778s][info][gc,heap        ] GC(69) PSYoungGen: 207168K(259584K)->64K(267264K) Eden: 194048K(194048K)->0K(205312K) From: 13120K(65536K)->64K(61952K)
[30.778s][info][gc,heap        ] GC(69) ParOldGen: 535088K(667648K)->548208K(667648K)
[30.778s][info][gc,metaspace   ] GC(69) Metaspace: 17318K(17536K)->17318K(17536K) NonClass: 14707K(14848K)->14707K(14848K) Class: 2611K(2688K)->2611K(2688K)
[30.778s][info][gc             ] GC(69) Pause Young (Allocation Failure) 724M->535M(913M) 15.045ms
[30.778s][info][gc,cpu         ] GC(69) User=0.03s Sys=0.00s Real=0.02s
[31.371s][info][gc,start       ] GC(70) Pause Young (Allocation Failure)
[31.383s][info][gc,heap        ] GC(70) PSYoungGen: 205376K(267264K)->320K(266752K) Eden: 205312K(205312K)->0K(205312K) From: 64K(61952K)->320K(61440K)
[31.383s][info][gc,heap        ] GC(70) ParOldGen: 548208K(667648K)->548208K(667648K)
[31.383s][info][gc,metaspace   ] GC(70) Metaspace: 17318K(17536K)->17318K(17536K) NonClass: 14707K(14848K)->14707K(14848K) Class: 2611K(2688K)->2611K(2688K)
[31.383s][info][gc             ] GC(70) Pause Young (Allocation Failure) 735M->535M(912M) 11.673ms
[31.383s][info][gc,cpu         ] GC(70) User=0.02s Sys=0.00s Real=0.01s
[31.730s][info][gc,start       ] GC(71) Pause Young (Allocation Failure)
[31.762s][info][gc,heap        ] GC(71) PSYoungGen: 205632K(266752K)->37840K(266752K) Eden: 205312K(205312K)->0K(206848K) From: 320K(61440K)->37840K(59904K)
[31.762s][info][gc,heap        ] GC(71) ParOldGen: 548208K(667648K)->548208K(667648K)
[31.762s][info][gc,metaspace   ] GC(71) Metaspace: 17322K(17536K)->17322K(17536K) NonClass: 14710K(14848K)->14710K(14848K) Class: 2611K(2688K)->2611K(2688K)
[31.762s][info][gc             ] GC(71) Pause Young (Allocation Failure) 736M->572M(912M) 32.088ms
[31.762s][info][gc,cpu         ] GC(71) User=0.07s Sys=0.00s Real=0.03s
[32.173s][info][gc,start       ] GC(72) Pause Young (Allocation Failure)
[32.229s][info][gc,heap        ] GC(72) PSYoungGen: 244688K(266752K)->63472K(270336K) Eden: 206848K(206848K)->0K(206848K) From: 37840K(59904K)->63472K(63488K)
[32.229s][info][gc,heap        ] GC(72) ParOldGen: 548208K(667648K)->560480K(667648K)
[32.229s][info][gc,metaspace   ] GC(72) Metaspace: 17322K(17536K)->17322K(17536K) NonClass: 14710K(14848K)->14710K(14848K) Class: 2611K(2688K)->2611K(2688K)
[32.229s][info][gc             ] GC(72) Pause Young (Allocation Failure) 774M->609M(916M) 55.128ms
[32.229s][info][gc,cpu         ] GC(72) User=0.11s Sys=0.00s Real=0.06s
[32.640s][info][gc,start       ] GC(73) Pause Young (Allocation Failure)
[32.750s][info][gc,heap        ] GC(73) PSYoungGen: 270320K(270336K)->63472K(189440K) Eden: 206848K(206848K)->0K(125952K) From: 63472K(63488K)->63472K(63488K)
[32.750s][info][gc,heap        ] GC(73) ParOldGen: 560480K(667648K)->598688K(667648K)
[32.750s][info][gc,metaspace   ] GC(73) Metaspace: 17322K(17536K)->17322K(17536K) NonClass: 14711K(14848K)->14711K(14848K) Class: 2611K(2688K)->2611K(2688K)
[32.750s][info][gc             ] GC(73) Pause Young (Allocation Failure) 811M->646M(837M) 110.276ms
[32.750s][info][gc,cpu         ] GC(73) User=0.21s Sys=0.00s Real=0.11s
[32.924s][info][gc,start       ] GC(74) Pause Young (Allocation Failure)
[33.008s][info][gc,heap        ] GC(74) PSYoungGen: 189424K(189440K)->29248K(229888K) Eden: 125952K(125952K)->0K(125952K) From: 63472K(63488K)->29248K(103936K)
[33.008s][info][gc,heap        ] GC(74) ParOldGen: 598688K(667648K)->653192K(667648K)
[33.008s][info][gc,metaspace   ] GC(74) Metaspace: 17322K(17536K)->17322K(17536K) NonClass: 14711K(14848K)->14711K(14848K) Class: 2611K(2688K)->2611K(2688K)
[33.008s][info][gc             ] GC(74) Pause Young (Allocation Failure) 769M->666M(876M) 84.006ms
[33.008s][info][gc,cpu         ] GC(74) User=0.16s Sys=0.00s Real=0.09s
[33.108s][info][gc,start       ] GC(75) Pause Full (Allocation Failure)
[33.108s][info][gc,phases,start] GC(75) Marking Phase
[33.580s][info][gc,phases      ] GC(75) Marking Phase 472.141ms
[33.580s][info][gc,phases,start] GC(75) Summary Phase
[33.580s][info][gc,phases      ] GC(75) Summary Phase 0.027ms
[33.580s][info][gc,phases,start] GC(75) Forward
[33.693s][info][gc,phases      ] GC(75) Forward 112.388ms
[33.693s][info][gc,phases,start] GC(75) Adjust Pointers
[34.044s][info][gc,phases      ] GC(75) Adjust Pointers 351.436ms
[34.044s][info][gc,phases,start] GC(75) Compaction Phase
[34.248s][info][gc,phases      ] GC(75) Compaction Phase 203.305ms
[34.257s][info][gc,phases,start] GC(75) Post Compact
[34.259s][info][gc,phases      ] GC(75) Post Compact 2.378ms
[34.260s][info][gc,heap        ] GC(75) PSYoungGen: 155200K(229888K)->0K(222720K) Eden: 125952K(125952K)->0K(133120K) From: 29248K(103936K)->0K(89600K)
[34.260s][info][gc,heap        ] GC(75) ParOldGen: 653192K(667648K)->662634K(667648K)
[34.260s][info][gc,metaspace   ] GC(75) Metaspace: 17323K(17536K)->17323K(17536K) NonClass: 14712K(14848K)->14712K(14848K) Class: 2611K(2688K)->2611K(2688K)
[34.260s][info][gc             ] GC(75) Pause Full (Allocation Failure) 789M->647M(869M) 1151.938ms
[34.260s][info][gc,cpu         ] GC(75) User=2.26s Sys=0.00s Real=1.15s
[34.417s][info][gc,start       ] GC(76) Pause Full (Allocation Failure)
[34.417s][info][gc,phases,start] GC(76) Marking Phase
[34.782s][info][gc,phases      ] GC(76) Marking Phase 364.445ms
[34.782s][info][gc,phases,start] GC(76) Summary Phase
[34.782s][info][gc,phases      ] GC(76) Summary Phase 0.026ms
[34.782s][info][gc,phases,start] GC(76) Forward
[34.925s][info][gc,phases      ] GC(76) Forward 143.108ms
[34.925s][info][gc,phases,start] GC(76) Adjust Pointers
[35.202s][info][gc,phases      ] GC(76) Adjust Pointers 276.936ms
[35.202s][info][gc,phases,start] GC(76) Compaction Phase
[35.397s][info][gc,phases      ] GC(76) Compaction Phase 194.990ms
[35.409s][info][gc,phases,start] GC(76) Post Compact
[35.412s][info][gc,phases      ] GC(76) Post Compact 2.337ms
[35.412s][info][gc,heap        ] GC(76) PSYoungGen: 133120K(222720K)->0K(229888K) Eden: 133120K(133120K)->0K(133120K) From: 0K(89600K)->0K(96768K)
[35.412s][info][gc,heap        ] GC(76) ParOldGen: 662634K(667648K)->512096K(667648K)
[35.412s][info][gc,metaspace   ] GC(76) Metaspace: 17323K(17536K)->17323K(17536K) NonClass: 14712K(14848K)->14712K(14848K) Class: 2611K(2688K)->2611K(2688K)
[35.412s][info][gc             ] GC(76) Pause Full (Allocation Failure) 777M->500M(876M) 994.355ms
[35.412s][info][gc,cpu         ] GC(76) User=1.88s Sys=0.00s Real=0.99s
[35.587s][info][gc,start       ] GC(77) Pause Young (Allocation Failure)
[35.603s][info][gc,heap        ] GC(77) PSYoungGen: 133120K(229888K)->6208K(232960K) Eden: 133120K(133120K)->0K(140288K) From: 0K(96768K)->6208K(92672K)
[35.603s][info][gc,heap        ] GC(77) ParOldGen: 512096K(667648K)->512096K(667648K)
[35.603s][info][gc,metaspace   ] GC(77) Metaspace: 17323K(17536K)->17323K(17536K) NonClass: 14712K(14848K)->14712K(14848K) Class: 2611K(2688K)->2611K(2688K)
[35.603s][info][gc             ] GC(77) Pause Young (Allocation Failure) 630M->506M(879M) 16.026ms
[35.603s][info][gc,cpu         ] GC(77) User=0.03s Sys=0.00s Real=0.01s
[35.820s][info][gc,start       ] GC(78) Pause Young (Allocation Failure)
[35.847s][info][gc,heap        ] GC(78) PSYoungGen: 146496K(232960K)->26091K(235008K) Eden: 140288K(140288K)->0K(140288K) From: 6208K(92672K)->26091K(94720K)
[35.847s][info][gc,heap        ] GC(78) ParOldGen: 512096K(667648K)->512096K(667648K)
[35.847s][info][gc,metaspace   ] GC(78) Metaspace: 17325K(17536K)->17325K(17536K) NonClass: 14714K(14848K)->14714K(14848K) Class: 2611K(2688K)->2611K(2688K)
[35.847s][info][gc             ] GC(78) Pause Young (Allocation Failure) 643M->525M(881M) 27.115ms
[35.847s][info][gc,cpu         ] GC(78) User=0.05s Sys=0.00s Real=0.03s
[36.112s][info][gc,start       ] GC(79) Pause Young (Allocation Failure)
[36.154s][info][gc,heap        ] GC(79) PSYoungGen: 166379K(235008K)->40523K(235520K) Eden: 140288K(140288K)->0K(147968K) From: 26091K(94720K)->40523K(87552K)
[36.154s][info][gc,heap        ] GC(79) ParOldGen: 512096K(667648K)->512096K(667648K)
[36.154s][info][gc,metaspace   ] GC(79) Metaspace: 17342K(17600K)->17342K(17600K) NonClass: 14729K(14848K)->14729K(14848K) Class: 2613K(2752K)->2613K(2752K)
[36.154s][info][gc             ] GC(79) Pause Young (Allocation Failure) 662M->539M(882M) 42.765ms
[36.154s][info][gc,cpu         ] GC(79) User=0.08s Sys=0.01s Real=0.04s
[36.480s][info][gc,start       ] GC(80) Pause Young (Allocation Failure)
[36.531s][info][gc,heap        ] GC(80) PSYoungGen: 188491K(235520K)->50523K(235008K) Eden: 147968K(147968K)->0K(147968K) From: 40523K(87552K)->50523K(87040K)
[36.532s][info][gc,heap        ] GC(80) ParOldGen: 512096K(667648K)->512096K(667648K)
[36.532s][info][gc,metaspace   ] GC(80) Metaspace: 17372K(17600K)->17372K(17600K) NonClass: 14757K(14848K)->14757K(14848K) Class: 2615K(2752K)->2615K(2752K)
[36.532s][info][gc             ] GC(80) Pause Young (Allocation Failure) 684M->549M(881M) 51.312ms
[36.532s][info][gc,cpu         ] GC(80) User=0.10s Sys=0.00s Real=0.05s
[36.901s][info][gc,start       ] GC(81) Pause Young (Allocation Failure)
[36.962s][info][gc,heap        ] GC(81) PSYoungGen: 198491K(235008K)->58683K(236544K) Eden: 147968K(147968K)->0K(147456K) From: 50523K(87040K)->58683K(89088K)
[36.962s][info][gc,heap        ] GC(81) ParOldGen: 512096K(667648K)->512096K(667648K)
[36.962s][info][gc,metaspace   ] GC(81) Metaspace: 17408K(17600K)->17408K(17600K) NonClass: 14787K(14848K)->14787K(14848K) Class: 2621K(2752K)->2621K(2752K)
[36.962s][info][gc             ] GC(81) Pause Young (Allocation Failure) 693M->557M(883M) 60.781ms
[36.962s][info][gc,cpu         ] GC(81) User=0.12s Sys=0.00s Real=0.06s
[37.265s][info][gc,start       ] GC(82) Pause Young (Allocation Failure)
[37.350s][info][gc,heap        ] GC(82) PSYoungGen: 206139K(236544K)->66875K(214528K) Eden: 147456K(147456K)->0K(147456K) From: 58683K(89088K)->66875K(67072K)
[37.350s][info][gc,heap        ] GC(82) ParOldGen: 512096K(667648K)->512096K(667648K)
[37.350s][info][gc,metaspace   ] GC(82) Metaspace: 17419K(17600K)->17419K(17600K) NonClass: 14798K(14848K)->14798K(14848K) Class: 2621K(2752K)->2621K(2752K)
[37.350s][info][gc             ] GC(82) Pause Young (Allocation Failure) 701M->565M(861M) 84.314ms
[37.350s][info][gc,cpu         ] GC(82) User=0.16s Sys=0.00s Real=0.09s
[37.820s][info][gc,start       ] GC(83) Pause Young (Allocation Failure)
[37.885s][info][gc,heap        ] GC(83) PSYoungGen: 214331K(214528K)->68636K(224256K) Eden: 147456K(147456K)->0K(124928K) From: 66875K(67072K)->68636K(99328K)
[37.885s][info][gc,heap        ] GC(83) ParOldGen: 512096K(667648K)->512096K(667648K)
[37.885s][info][gc,metaspace   ] GC(83) Metaspace: 17436K(17664K)->17436K(17664K) NonClass: 14815K(14912K)->14815K(14912K) Class: 2621K(2752K)->2621K(2752K)
[37.885s][info][gc             ] GC(83) Pause Young (Allocation Failure) 709M->567M(871M) 65.091ms
[37.885s][info][gc,cpu         ] GC(83) User=0.13s Sys=0.00s Real=0.06s
[38.135s][info][gc,start       ] GC(84) Pause Young (Allocation Failure)
[38.212s][info][gc,heap        ] GC(84) PSYoungGen: 193564K(224256K)->79723K(204800K) Eden: 124928K(124928K)->0K(124928K) From: 68636K(99328K)->79723K(79872K)
[38.212s][info][gc,heap        ] GC(84) ParOldGen: 512096K(667648K)->512096K(667648K)
[38.212s][info][gc,metaspace   ] GC(84) Metaspace: 17444K(17728K)->17444K(17728K) NonClass: 14822K(14976K)->14822K(14976K) Class: 2621K(2752K)->2621K(2752K)
[38.212s][info][gc             ] GC(84) Pause Young (Allocation Failure) 689M->577M(852M) 77.586ms
[38.212s][info][gc,cpu         ] GC(84) User=0.15s Sys=0.00s Real=0.08s
[38.439s][info][gc,start       ] GC(85) Pause Young (Allocation Failure)
[38.485s][info][gc,heap        ] GC(85) PSYoungGen: 204651K(204800K)->20208K(223744K) Eden: 124928K(124928K)->0K(112640K) From: 79723K(79872K)->20208K(111104K)
[38.485s][info][gc,heap        ] GC(85) ParOldGen: 512096K(667648K)->538204K(667648K)
[38.485s][info][gc,metaspace   ] GC(85) Metaspace: 17444K(17728K)->17444K(17728K) NonClass: 14823K(14976K)->14823K(14976K) Class: 2621K(2752K)->2621K(2752K)
[38.485s][info][gc             ] GC(85) Pause Young (Allocation Failure) 699M->545M(870M) 46.203ms
[38.485s][info][gc,cpu         ] GC(85) User=0.09s Sys=0.00s Real=0.04s
[38.628s][info][gc,start       ] GC(86) Pause Young (Allocation Failure)
[38.673s][info][gc,heap        ] GC(86) PSYoungGen: 132848K(223744K)->53504K(166400K) Eden: 112640K(112640K)->0K(112640K) From: 20208K(111104K)->53504K(53760K)
[38.673s][info][gc,heap        ] GC(86) ParOldGen: 538204K(667648K)->538204K(667648K)
[38.673s][info][gc,metaspace   ] GC(86) Metaspace: 17444K(17728K)->17444K(17728K) NonClass: 14823K(14976K)->14823K(14976K) Class: 2621K(2752K)->2621K(2752K)
[38.673s][info][gc             ] GC(86) Pause Young (Allocation Failure) 655M->577M(814M) 44.575ms
[38.673s][info][gc,cpu         ] GC(86) User=0.09s Sys=0.00s Real=0.04s
[38.774s][info][gc,start       ] GC(87) Pause Young (Allocation Failure)
[38.842s][info][gc,heap        ] GC(87) PSYoungGen: 166144K(166400K)->92320K(216576K) Eden: 112640K(112640K)->0K(109056K) From: 53504K(53760K)->92320K(107520K)
[38.842s][info][gc,heap        ] GC(87) ParOldGen: 538204K(667648K)->538204K(667648K)
[38.842s][info][gc,metaspace   ] GC(87) Metaspace: 17444K(17728K)->17444K(17728K) NonClass: 14823K(14976K)->14823K(14976K) Class: 2621K(2752K)->2621K(2752K)
[38.842s][info][gc             ] GC(87) Pause Young (Allocation Failure) 687M->615M(863M) 68.007ms
[38.842s][info][gc,cpu         ] GC(87) User=0.13s Sys=0.00s Real=0.07s
[39.135s][info][gc,start       ] GC(88) Pause Young (Allocation Failure)
[39.221s][info][gc,heap        ] GC(88) PSYoungGen: 201376K(216576K)->89632K(220160K) Eden: 109056K(109056K)->0K(109056K) From: 92320K(107520K)->89632K(111104K)
[39.221s][info][gc,heap        ] GC(88) ParOldGen: 538204K(667648K)->543749K(667648K)
[39.221s][info][gc,metaspace   ] GC(88) Metaspace: 17444K(17728K)->17444K(17728K) NonClass: 14823K(14976K)->14823K(14976K) Class: 2621K(2752K)->2621K(2752K)
[39.221s][info][gc             ] GC(88) Pause Young (Allocation Failure) 722M->618M(867M) 86.788ms
[39.221s][info][gc,cpu         ] GC(88) User=0.17s Sys=0.00s Real=0.09s
[39.487s][info][gc,start       ] GC(89) Pause Young (Allocation Failure)
[39.571s][info][gc,heap        ] GC(89) PSYoungGen: 198688K(220160K)->79392K(222720K) Eden: 109056K(109056K)->0K(111616K) From: 89632K(111104K)->79392K(111104K)
[39.571s][info][gc,heap        ] GC(89) ParOldGen: 543749K(667648K)->543893K(667648K)
[39.571s][info][gc,metaspace   ] GC(89) Metaspace: 17446K(17728K)->17446K(17728K) NonClass: 14824K(14976K)->14824K(14976K) Class: 2621K(2752K)->2621K(2752K)
[39.571s][info][gc             ] GC(89) Pause Young (Allocation Failure) 725M->608M(869M) 83.992ms
[39.572s][info][gc,cpu         ] GC(89) User=0.16s Sys=0.00s Real=0.08s
[39.769s][info][gc,start       ] GC(90) Pause Young (Allocation Failure)
[39.861s][info][gc,heap        ] GC(90) PSYoungGen: 191008K(222720K)->107248K(222720K) Eden: 111616K(111616K)->0K(111616K) From: 79392K(111104K)->107248K(111104K)
[39.862s][info][gc,heap        ] GC(90) ParOldGen: 543893K(667648K)->544125K(667648K)
[39.862s][info][gc,metaspace   ] GC(90) Metaspace: 17446K(17728K)->17446K(17728K) NonClass: 14824K(14976K)->14824K(14976K) Class: 2621K(2752K)->2621K(2752K)
[39.862s][info][gc             ] GC(90) Pause Young (Allocation Failure) 717M->636M(869M) 92.346ms
[39.862s][info][gc,cpu         ] GC(90) User=0.18s Sys=0.00s Real=0.09s
[39.982s][info][gc,start       ] GC(91) Pause Young (Allocation Failure)
[40.098s][info][gc,heap        ] GC(91) PSYoungGen: 218864K(222720K)->94960K(222720K) Eden: 111616K(111616K)->0K(111616K) From: 107248K(111104K)->94960K(111104K)
[40.098s][info][gc,heap        ] GC(91) ParOldGen: 544125K(667648K)->577269K(667648K)
[40.098s][info][gc,metaspace   ] GC(91) Metaspace: 17446K(17728K)->17446K(17728K) NonClass: 14824K(14976K)->14824K(14976K) Class: 2621K(2752K)->2621K(2752K)
[40.098s][info][gc             ] GC(91) Pause Young (Allocation Failure) 745M->656M(869M) 115.640ms
[40.098s][info][gc,cpu         ] GC(91) User=0.23s Sys=0.00s Real=0.12s
[40.237s][info][gc,start       ] GC(92) Pause Young (Allocation Failure)
[40.344s][info][gc,heap        ] GC(92) PSYoungGen: 206576K(222720K)->57248K(222720K) Eden: 111616K(111616K)->0K(111616K) From: 94960K(111104K)->57248K(111104K)
[40.344s][info][gc,heap        ] GC(92) ParOldGen: 577269K(667648K)->619401K(667648K)
[40.344s][info][gc,metaspace   ] GC(92) Metaspace: 17446K(17728K)->17446K(17728K) NonClass: 14824K(14976K)->14824K(14976K) Class: 2621K(2752K)->2621K(2752K)
[40.344s][info][gc             ] GC(92) Pause Young (Allocation Failure) 765M->660M(869M) 107.083ms
[40.344s][info][gc,cpu         ] GC(92) User=0.21s Sys=0.00s Real=0.10s
[40.460s][info][gc,start       ] GC(93) Pause Full (Allocation Failure)
[40.460s][info][gc,phases,start] GC(93) Marking Phase
[40.699s][info][gc,phases      ] GC(93) Marking Phase 239.156ms
[40.699s][info][gc,phases,start] GC(93) Summary Phase
[40.699s][info][gc,phases      ] GC(93) Summary Phase 0.025ms
[40.699s][info][gc,phases,start] GC(93) Forward
[40.815s][info][gc,phases      ] GC(93) Forward 115.404ms
[40.815s][info][gc,phases,start] GC(93) Adjust Pointers
[40.997s][info][gc,phases      ] GC(93) Adjust Pointers 182.032ms
[40.997s][info][gc,phases,start] GC(93) Compaction Phase
[41.121s][info][gc,phases      ] GC(93) Compaction Phase 124.387ms
[41.133s][info][gc,phases,start] GC(93) Post Compact
[41.135s][info][gc,phases      ] GC(93) Post Compact 2.267ms
[41.139s][info][gc,heap        ] GC(93) PSYoungGen: 168864K(222720K)->0K(222720K) Eden: 111616K(111616K)->0K(111616K) From: 57248K(111104K)->0K(111104K)
[41.139s][info][gc,heap        ] GC(93) ParOldGen: 619401K(667648K)->346492K(614400K)
[41.139s][info][gc,metaspace   ] GC(93) Metaspace: 17446K(17728K)->17446K(17728K) NonClass: 14824K(14976K)->14824K(14976K) Class: 2621K(2752K)->2621K(2752K)
[41.139s][info][gc             ] GC(93) Pause Full (Allocation Failure) 769M->338M(817M) 678.903ms
[41.139s][info][gc,cpu         ] GC(93) User=1.21s Sys=0.00s Real=0.68s
[41.272s][info][gc,start       ] GC(94) Pause Young (Allocation Failure)
[41.283s][info][gc,heap        ] GC(94) PSYoungGen: 111616K(222720K)->4448K(222720K) Eden: 111616K(111616K)->0K(111616K) From: 0K(111104K)->4448K(111104K)
[41.283s][info][gc,heap        ] GC(94) ParOldGen: 346492K(614400K)->346492K(614400K)
[41.283s][info][gc,metaspace   ] GC(94) Metaspace: 17446K(17728K)->17446K(17728K) NonClass: 14824K(14976K)->14824K(14976K) Class: 2621K(2752K)->2621K(2752K)
[41.283s][info][gc             ] GC(94) Pause Young (Allocation Failure) 447M->342M(817M) 10.986ms
[41.283s][info][gc,cpu         ] GC(94) User=0.02s Sys=0.00s Real=0.01s
[41.420s][info][gc,start       ] GC(95) Pause Young (Allocation Failure)
[41.430s][info][gc,heap        ] GC(95) PSYoungGen: 116064K(222720K)->10096K(222720K) Eden: 111616K(111616K)->0K(111616K) From: 4448K(111104K)->10096K(111104K)
[41.430s][info][gc,heap        ] GC(95) ParOldGen: 346492K(614400K)->346492K(614400K)
[41.430s][info][gc,metaspace   ] GC(95) Metaspace: 17446K(17728K)->17446K(17728K) NonClass: 14825K(14976K)->14825K(14976K) Class: 2621K(2752K)->2621K(2752K)
[41.430s][info][gc             ] GC(95) Pause Young (Allocation Failure) 451M->348M(817M) 10.235ms
[41.431s][info][gc,cpu         ] GC(95) User=0.02s Sys=0.00s Real=0.01s
[41.531s][info][gc,start       ] GC(96) Pause Young (Allocation Failure)
[41.589s][info][gc,heap        ] GC(96) PSYoungGen: 121712K(222720K)->42560K(222720K) Eden: 111616K(111616K)->0K(111616K) From: 10096K(111104K)->42560K(111104K)
[41.589s][info][gc,heap        ] GC(96) ParOldGen: 346492K(614400K)->356628K(614400K)
[41.589s][info][gc,metaspace   ] GC(96) Metaspace: 17447K(17728K)->17447K(17728K) NonClass: 14825K(14976K)->14825K(14976K) Class: 2621K(2752K)->2621K(2752K)
[41.589s][info][gc             ] GC(96) Pause Young (Allocation Failure) 457M->389M(817M) 57.573ms
[41.589s][info][gc,cpu         ] GC(96) User=0.10s Sys=0.00s Real=0.06s
[41.817s][info][gc,start       ] GC(97) Pause Young (Allocation Failure)
[41.870s][info][gc,heap        ] GC(97) PSYoungGen: 154176K(222720K)->7664K(222720K) Eden: 111616K(111616K)->0K(111616K) From: 42560K(111104K)->7664K(111104K)
[41.870s][info][gc,heap        ] GC(97) ParOldGen: 356628K(614400K)->399588K(614400K)
[41.870s][info][gc,metaspace   ] GC(97) Metaspace: 17447K(17728K)->17447K(17728K) NonClass: 14825K(14976K)->14825K(14976K) Class: 2621K(2752K)->2621K(2752K)
[41.870s][info][gc             ] GC(97) Pause Young (Allocation Failure) 498M->397M(817M) 53.575ms
[41.870s][info][gc,cpu         ] GC(97) User=0.11s Sys=0.00s Real=0.05s
[42.064s][info][gc,start       ] GC(98) Pause Young (Allocation Failure)
[42.103s][info][gc,heap        ] GC(98) PSYoungGen: 119280K(222720K)->22080K(222720K) Eden: 111616K(111616K)->0K(111616K) From: 7664K(111104K)->22080K(111104K)
[42.103s][info][gc,heap        ] GC(98) ParOldGen: 399588K(614400K)->407244K(614400K)
[42.103s][info][gc,metaspace   ] GC(98) Metaspace: 17447K(17728K)->17447K(17728K) NonClass: 14825K(14976K)->14825K(14976K) Class: 2621K(2752K)->2621K(2752K)
[42.103s][info][gc             ] GC(98) Pause Young (Allocation Failure) 506M->419M(817M) 39.026ms
[42.103s][info][gc,cpu         ] GC(98) User=0.08s Sys=0.00s Real=0.04s
[42.303s][info][gc,start       ] GC(99) Pause Young (Allocation Failure)
[42.337s][info][gc,heap        ] GC(99) PSYoungGen: 133696K(222720K)->6112K(222720K) Eden: 111616K(111616K)->0K(111616K) From: 22080K(111104K)->6112K(111104K)
[42.337s][info][gc,heap        ] GC(99) ParOldGen: 407244K(614400K)->429348K(614400K)
[42.337s][info][gc,metaspace   ] GC(99) Metaspace: 17447K(17728K)->17447K(17728K) NonClass: 14825K(14976K)->14825K(14976K) Class: 2621K(2752K)->2621K(2752K)
[42.337s][info][gc             ] GC(99) Pause Young (Allocation Failure) 528M->425M(817M) 34.544ms
[42.337s][info][gc,cpu         ] GC(99) User=0.06s Sys=0.00s Real=0.04s
[42.473s][info][gc,start       ] GC(100) Pause Young (Allocation Failure)
[42.496s][info][gc,heap        ] GC(100) PSYoungGen: 117728K(222720K)->14752K(222720K) Eden: 111616K(111616K)->0K(111616K) From: 6112K(111104K)->14752K(111104K)
[42.496s][info][gc,heap        ] GC(100) ParOldGen: 429348K(614400K)->435436K(614400K)
[42.496s][info][gc,metaspace   ] GC(100) Metaspace: 17447K(17728K)->17447K(17728K) NonClass: 14825K(14976K)->14825K(14976K) Class: 2621K(2752K)->2621K(2752K)
[42.496s][info][gc             ] GC(100) Pause Young (Allocation Failure) 534M->439M(817M) 22.658ms
[42.496s][info][gc,cpu         ] GC(100) User=0.04s Sys=0.00s Real=0.03s
[42.619s][info][gc,start       ] GC(101) Pause Young (Allocation Failure)
[42.639s][info][gc,heap        ] GC(101) PSYoungGen: 126368K(222720K)->3072K(222720K) Eden: 111616K(111616K)->0K(111616K) From: 14752K(111104K)->3072K(111104K)
[42.639s][info][gc,heap        ] GC(101) ParOldGen: 435436K(614400K)->450220K(614400K)
[42.639s][info][gc,metaspace   ] GC(101) Metaspace: 17447K(17728K)->17447K(17728K) NonClass: 14825K(14976K)->14825K(14976K) Class: 2621K(2752K)->2621K(2752K)
[42.639s][info][gc             ] GC(101) Pause Young (Allocation Failure) 548M->442M(817M) 19.606ms
[42.639s][info][gc,cpu         ] GC(101) User=0.04s Sys=0.00s Real=0.02s
[42.821s][info][gc,start       ] GC(102) Pause Young (Allocation Failure)
[42.835s][info][gc,heap        ] GC(102) PSYoungGen: 114688K(222720K)->9376K(222720K) Eden: 111616K(111616K)->0K(111616K) From: 3072K(111104K)->9376K(111104K)
[42.835s][info][gc,heap        ] GC(102) ParOldGen: 450220K(614400K)->453084K(614400K)
[42.835s][info][gc,metaspace   ] GC(102) Metaspace: 17447K(17728K)->17447K(17728K) NonClass: 14825K(14976K)->14825K(14976K) Class: 2621K(2752K)->2621K(2752K)
[42.835s][info][gc             ] GC(102) Pause Young (Allocation Failure) 551M->451M(817M) 14.259ms
[42.835s][info][gc,cpu         ] GC(102) User=0.03s Sys=0.00s Real=0.01s
[43.195s][info][gc,start       ] GC(103) Pause Young (Allocation Failure)
[43.211s][info][gc,heap        ] GC(103) PSYoungGen: 120992K(222720K)->5216K(222720K) Eden: 111616K(111616K)->0K(111616K) From: 9376K(111104K)->5216K(111104K)
[43.211s][info][gc,heap        ] GC(103) ParOldGen: 453084K(614400K)->462460K(614400K)
[43.211s][info][gc,metaspace   ] GC(103) Metaspace: 17448K(17728K)->17448K(17728K) NonClass: 14827K(14976K)->14827K(14976K) Class: 2621K(2752K)->2621K(2752K)
[43.212s][info][gc             ] GC(103) Pause Young (Allocation Failure) 560M->456M(817M) 16.625ms
[43.212s][info][gc,cpu         ] GC(103) User=0.04s Sys=0.00s Real=0.02s
[43.451s][info][gc,start       ] GC(104) Pause Young (Allocation Failure)
[43.459s][info][gc,heap        ] GC(104) PSYoungGen: 116832K(222720K)->64K(112128K) Eden: 111616K(111616K)->0K(111616K) From: 5216K(111104K)->64K(512K)
[43.459s][info][gc,heap        ] GC(104) ParOldGen: 462460K(614400K)->467655K(614400K)
[43.459s][info][gc,metaspace   ] GC(104) Metaspace: 17448K(17728K)->17448K(17728K) NonClass: 14827K(14976K)->14827K(14976K) Class: 2621K(2752K)->2621K(2752K)
[43.459s][info][gc             ] GC(104) Pause Young (Allocation Failure) 565M->456M(709M) 7.459ms
[43.459s][info][gc,cpu         ] GC(104) User=0.02s Sys=0.00s Real=0.01s
[43.685s][info][gc,start       ] GC(105) Pause Young (Allocation Failure)
[43.687s][info][gc,heap        ] GC(105) PSYoungGen: 111680K(112128K)->64K(222208K) Eden: 111616K(111616K)->0K(115200K) From: 64K(512K)->64K(107008K)
[43.687s][info][gc,heap        ] GC(105) ParOldGen: 467655K(614400K)->467655K(614400K)
[43.687s][info][gc,metaspace   ] GC(105) Metaspace: 17448K(17728K)->17448K(17728K) NonClass: 14827K(14976K)->14827K(14976K) Class: 2621K(2752K)->2621K(2752K)
[43.687s][info][gc             ] GC(105) Pause Young (Allocation Failure) 565M->456M(817M) 1.733ms
[43.687s][info][gc,cpu         ] GC(105) User=0.01s Sys=0.00s Real=0.01s
[43.943s][info][gc,start       ] GC(106) Pause Young (Allocation Failure)
[43.950s][info][gc,heap        ] GC(106) PSYoungGen: 115264K(222208K)->128K(220672K) Eden: 115200K(115200K)->0K(115200K) From: 64K(107008K)->128K(105472K)
[43.950s][info][gc,heap        ] GC(106) ParOldGen: 467655K(614400K)->467655K(614400K)
[43.950s][info][gc,metaspace   ] GC(106) Metaspace: 17449K(17728K)->17449K(17728K) NonClass: 14828K(14976K)->14828K(14976K) Class: 2621K(2752K)->2621K(2752K)
[43.950s][info][gc             ] GC(106) Pause Young (Allocation Failure) 569M->456M(815M) 6.790ms
[43.950s][info][gc,cpu         ] GC(106) User=0.02s Sys=0.00s Real=0.01s
[44.117s][info][gc,start       ] GC(107) Pause Young (Allocation Failure)
[44.134s][info][gc,heap        ] GC(107) PSYoungGen: 115328K(220672K)->19536K(206848K) Eden: 115200K(115200K)->0K(120320K) From: 128K(105472K)->19536K(86528K)
[44.134s][info][gc,heap        ] GC(107) ParOldGen: 467655K(614400K)->467655K(614400K)
[44.134s][info][gc,metaspace   ] GC(107) Metaspace: 17449K(17728K)->17449K(17728K) NonClass: 14828K(14976K)->14828K(14976K) Class: 2621K(2752K)->2621K(2752K)
[44.134s][info][gc             ] GC(107) Pause Young (Allocation Failure) 569M->475M(802M) 16.724ms
[44.134s][info][gc,cpu         ] GC(107) User=0.03s Sys=0.00s Real=0.01s
[44.247s][info][gc,start       ] GC(108) Pause Young (Allocation Failure)
[44.296s][info][gc,heap        ] GC(108) PSYoungGen: 139856K(206848K)->62176K(214016K) Eden: 120320K(120320K)->0K(120320K) From: 19536K(86528K)->62176K(93696K)
[44.296s][info][gc,heap        ] GC(108) ParOldGen: 467655K(614400K)->467655K(614400K)
[44.296s][info][gc,metaspace   ] GC(108) Metaspace: 17449K(17728K)->17449K(17728K) NonClass: 14828K(14976K)->14828K(14976K) Class: 2621K(2752K)->2621K(2752K)
[44.297s][info][gc             ] GC(108) Pause Young (Allocation Failure) 593M->517M(809M) 49.110ms
[44.297s][info][gc,cpu         ] GC(108) User=0.10s Sys=0.00s Real=0.05s
[44.528s][info][gc,start       ] GC(109) Pause Young (Allocation Failure)
[44.571s][info][gc,heap        ] GC(109) PSYoungGen: 182496K(214016K)->70512K(214528K) Eden: 120320K(120320K)->0K(112640K) From: 62176K(93696K)->70512K(101888K)
[44.571s][info][gc,heap        ] GC(109) ParOldGen: 467655K(614400K)->467655K(614400K)
[44.571s][info][gc,metaspace   ] GC(109) Metaspace: 17449K(17728K)->17449K(17728K) NonClass: 14828K(14976K)->14828K(14976K) Class: 2621K(2752K)->2621K(2752K)
[44.571s][info][gc             ] GC(109) Pause Young (Allocation Failure) 634M->525M(809M) 43.873ms
[44.572s][info][gc,cpu         ] GC(109) User=0.08s Sys=0.00s Real=0.04s
[44.816s][info][gc,start       ] GC(110) Pause Young (Allocation Failure)
[44.868s][info][gc,heap        ] GC(110) PSYoungGen: 183152K(214528K)->74016K(186880K) Eden: 112640K(112640K)->0K(112640K) From: 70512K(101888K)->74016K(74240K)
[44.868s][info][gc,heap        ] GC(110) ParOldGen: 467655K(614400K)->467655K(614400K)
[44.868s][info][gc,metaspace   ] GC(110) Metaspace: 17449K(17728K)->17449K(17728K) NonClass: 14828K(14976K)->14828K(14976K) Class: 2621K(2752K)->2621K(2752K)
[44.868s][info][gc             ] GC(110) Pause Young (Allocation Failure) 635M->528M(782M) 52.004ms
[44.868s][info][gc,cpu         ] GC(110) User=0.10s Sys=0.00s Real=0.05s
[45.047s][info][gc,start       ] GC(111) Pause Young (Allocation Failure)
[45.124s][info][gc,heap        ] GC(111) PSYoungGen: 186656K(186880K)->88544K(222720K) Eden: 112640K(112640K)->0K(111616K) From: 74016K(74240K)->88544K(111104K)
[45.124s][info][gc,heap        ] GC(111) ParOldGen: 467655K(614400K)->467697K(614400K)
[45.124s][info][gc,metaspace   ] GC(111) Metaspace: 17449K(17728K)->17449K(17728K) NonClass: 14828K(14976K)->14828K(14976K) Class: 2621K(2752K)->2621K(2752K)
[45.124s][info][gc             ] GC(111) Pause Young (Allocation Failure) 638M->543M(817M) 77.614ms
[45.124s][info][gc,cpu         ] GC(111) User=0.15s Sys=0.01s Real=0.07s
[45.328s][info][gc,start       ] GC(112) Pause Young (Allocation Failure)
[45.411s][info][gc,heap        ] GC(112) PSYoungGen: 200160K(222720K)->69088K(222720K) Eden: 111616K(111616K)->0K(111616K) From: 88544K(111104K)->69088K(111104K)
[45.412s][info][gc,heap        ] GC(112) ParOldGen: 467697K(614400K)->487396K(614400K)
[45.412s][info][gc,metaspace   ] GC(112) Metaspace: 17449K(17728K)->17449K(17728K) NonClass: 14828K(14976K)->14828K(14976K) Class: 2621K(2752K)->2621K(2752K)
[45.412s][info][gc             ] GC(112) Pause Young (Allocation Failure) 652M->543M(817M) 83.342ms
[45.412s][info][gc,cpu         ] GC(112) User=0.17s Sys=0.00s Real=0.08s
[45.592s][info][gc,start       ] GC(113) Pause Young (Allocation Failure)
[45.658s][info][gc,heap        ] GC(113) PSYoungGen: 180704K(222720K)->18432K(222720K) Eden: 111616K(111616K)->0K(111616K) From: 69088K(111104K)->18432K(111104K)
[45.658s][info][gc,heap        ] GC(113) ParOldGen: 487396K(614400K)->538884K(614400K)
[45.658s][info][gc,metaspace   ] GC(113) Metaspace: 17450K(17728K)->17450K(17728K) NonClass: 14828K(14976K)->14828K(14976K) Class: 2621K(2752K)->2621K(2752K)
[45.658s][info][gc             ] GC(113) Pause Young (Allocation Failure) 652M->544M(817M) 65.517ms
[45.658s][info][gc,cpu         ] GC(113) User=0.13s Sys=0.00s Real=0.07s
[45.827s][info][gc,start       ] GC(114) Pause Young (Allocation Failure)
[45.875s][info][gc,heap        ] GC(114) PSYoungGen: 130048K(222720K)->13577K(222720K) Eden: 111616K(111616K)->0K(111616K) From: 18432K(111104K)->13577K(111104K)
[45.875s][info][gc,heap        ] GC(114) ParOldGen: 538884K(614400K)->557028K(614400K)
[45.875s][info][gc,metaspace   ] GC(114) Metaspace: 17452K(17728K)->17452K(17728K) NonClass: 14831K(14976K)->14831K(14976K) Class: 2621K(2752K)->2621K(2752K)
[45.875s][info][gc             ] GC(114) Pause Young (Allocation Failure) 653M->557M(817M) 48.255ms
[45.875s][info][gc,cpu         ] GC(114) User=0.09s Sys=0.00s Real=0.04s
[45.943s][info][gc,start       ] GC(115) Pause Young (Allocation Failure)
[45.987s][info][gc,heap        ] GC(115) PSYoungGen: 125193K(222720K)->53929K(222720K) Eden: 111616K(111616K)->0K(111616K) From: 13577K(111104K)->53929K(111104K)
[45.987s][info][gc,heap        ] GC(115) ParOldGen: 557028K(614400K)->557340K(614400K)
[45.987s][info][gc,metaspace   ] GC(115) Metaspace: 17458K(17728K)->17458K(17728K) NonClass: 14837K(14976K)->14837K(14976K) Class: 2621K(2752K)->2621K(2752K)
[45.987s][info][gc             ] GC(115) Pause Young (Allocation Failure) 666M->596M(817M) 44.224ms
[45.987s][info][gc,cpu         ] GC(115) User=0.08s Sys=0.00s Real=0.05s
[46.184s][info][gc,start       ] GC(116) Pause Young (Allocation Failure)
[46.237s][info][gc,heap        ] GC(116) PSYoungGen: 165545K(222720K)->16160K(222720K) Eden: 111616K(111616K)->0K(111616K) From: 53929K(111104K)->16160K(111104K)
[46.237s][info][gc,heap        ] GC(116) ParOldGen: 557340K(614400K)->611869K(614400K)
[46.237s][info][gc,metaspace   ] GC(116) Metaspace: 17462K(17728K)->17462K(17728K) NonClass: 14841K(14976K)->14841K(14976K) Class: 2621K(2752K)->2621K(2752K)
[46.237s][info][gc             ] GC(116) Pause Young (Allocation Failure) 705M->613M(817M) 53.300ms
[46.237s][info][gc,cpu         ] GC(116) User=0.11s Sys=0.00s Real=0.06s
[46.385s][info][gc,start       ] GC(117) Pause Full (Allocation Failure)
[46.385s][info][gc,phases,start] GC(117) Marking Phase
[46.688s][info][gc,phases      ] GC(117) Marking Phase 302.670ms
[46.688s][info][gc,phases,start] GC(117) Summary Phase
[46.688s][info][gc,phases      ] GC(117) Summary Phase 0.026ms
[46.688s][info][gc,phases,start] GC(117) Forward
[46.811s][info][gc,phases      ] GC(117) Forward 123.747ms
[46.811s][info][gc,phases,start] GC(117) Adjust Pointers
[47.049s][info][gc,phases      ] GC(117) Adjust Pointers 237.704ms
[47.049s][info][gc,phases,start] GC(117) Compaction Phase
[47.197s][info][gc,phases      ] GC(117) Compaction Phase 147.800ms
[47.206s][info][gc,phases,start] GC(117) Post Compact
[47.208s][info][gc,phases      ] GC(117) Post Compact 2.245ms
[47.208s][info][gc,heap        ] GC(117) PSYoungGen: 127776K(222720K)->0K(222720K) Eden: 111616K(111616K)->0K(111616K) From: 16160K(111104K)->0K(111104K)
[47.208s][info][gc,heap        ] GC(117) ParOldGen: 611869K(614400K)->461084K(667648K)
[47.208s][info][gc,metaspace   ] GC(117) Metaspace: 17463K(17728K)->17463K(17728K) NonClass: 14842K(14976K)->14842K(14976K) Class: 2621K(2752K)->2621K(2752K)
[47.209s][info][gc             ] GC(117) Pause Full (Allocation Failure) 722M->450M(869M) 823.713ms
[47.209s][info][gc,cpu         ] GC(117) User=1.54s Sys=0.00s Real=0.83s
[47.381s][info][gc,start       ] GC(118) Pause Young (Allocation Failure)
[47.408s][info][gc,heap        ] GC(118) PSYoungGen: 111616K(222720K)->16704K(222720K) Eden: 111616K(111616K)->0K(111616K) From: 0K(111104K)->16704K(111104K)
[47.408s][info][gc,heap        ] GC(118) ParOldGen: 461084K(667648K)->461084K(667648K)
[47.408s][info][gc,metaspace   ] GC(118) Metaspace: 17463K(17728K)->17463K(17728K) NonClass: 14842K(14976K)->14842K(14976K) Class: 2621K(2752K)->2621K(2752K)
[47.408s][info][gc             ] GC(118) Pause Young (Allocation Failure) 559M->466M(869M) 27.162ms
[47.408s][info][gc,cpu         ] GC(118) User=0.05s Sys=0.00s Real=0.03s
[47.564s][info][gc,start       ] GC(119) Pause Young (Allocation Failure)
[47.588s][info][gc,heap        ] GC(119) PSYoungGen: 128320K(222720K)->64K(221696K) Eden: 111616K(111616K)->0K(111616K) From: 16704K(111104K)->64K(110080K)
[47.588s][info][gc,heap        ] GC(119) ParOldGen: 461084K(667648K)->477788K(667648K)
[47.588s][info][gc,metaspace   ] GC(119) Metaspace: 17463K(17728K)->17463K(17728K) NonClass: 14842K(14976K)->14842K(14976K) Class: 2621K(2752K)->2621K(2752K)
[47.588s][info][gc             ] GC(119) Pause Young (Allocation Failure) 575M->466M(868M) 24.312ms
[47.588s][info][gc,cpu         ] GC(119) User=0.05s Sys=0.00s Real=0.03s
[47.738s][info][gc,start       ] GC(120) Pause Young (Allocation Failure)
[47.739s][info][gc,heap        ] GC(120) PSYoungGen: 111680K(221696K)->64K(112128K) Eden: 111616K(111616K)->0K(111616K) From: 64K(110080K)->64K(512K)
[47.739s][info][gc,heap        ] GC(120) ParOldGen: 477788K(667648K)->477788K(667648K)
[47.739s][info][gc,metaspace   ] GC(120) Metaspace: 17463K(17728K)->17463K(17728K) NonClass: 14842K(14976K)->14842K(14976K) Class: 2621K(2752K)->2621K(2752K)
[47.739s][info][gc             ] GC(120) Pause Young (Allocation Failure) 575M->466M(761M) 1.623ms
[47.739s][info][gc,cpu         ] GC(120) User=0.00s Sys=0.00s Real=0.00s
[47.885s][info][gc,start       ] GC(121) Pause Young (Allocation Failure)
[47.887s][info][gc,heap        ] GC(121) PSYoungGen: 111680K(112128K)->64K(223232K) Eden: 111616K(111616K)->0K(116736K) From: 64K(512K)->64K(106496K)
[47.887s][info][gc,heap        ] GC(121) ParOldGen: 477788K(667648K)->477788K(667648K)
[47.887s][info][gc,metaspace   ] GC(121) Metaspace: 17463K(17728K)->17463K(17728K) NonClass: 14842K(14976K)->14842K(14976K) Class: 2621K(2752K)->2621K(2752K)
[47.887s][info][gc             ] GC(121) Pause Young (Allocation Failure) 575M->466M(870M) 1.648ms
[47.887s][info][gc,cpu         ] GC(121) User=0.00s Sys=0.00s Real=0.01s
[48.039s][info][gc,start       ] GC(122) Pause Young (Allocation Failure)
[48.041s][info][gc,heap        ] GC(122) PSYoungGen: 116800K(223232K)->64K(221184K) Eden: 116736K(116736K)->0K(116736K) From: 64K(106496K)->64K(104448K)
[48.041s][info][gc,heap        ] GC(122) ParOldGen: 477788K(667648K)->477788K(667648K)
[48.041s][info][gc,metaspace   ] GC(122) Metaspace: 17463K(17728K)->17463K(17728K) NonClass: 14842K(14976K)->14842K(14976K) Class: 2621K(2752K)->2621K(2752K)
[48.041s][info][gc             ] GC(122) Pause Young (Allocation Failure) 580M->466M(868M) 1.626ms
[48.041s][info][gc,cpu         ] GC(122) User=0.01s Sys=0.00s Real=0.00s
[48.192s][info][gc,start       ] GC(123) Pause Young (Allocation Failure)
[48.194s][info][gc,heap        ] GC(123) PSYoungGen: 116800K(221184K)->64K(214016K) Eden: 116736K(116736K)->0K(121856K) From: 64K(104448K)->64K(92160K)
[48.194s][info][gc,heap        ] GC(123) ParOldGen: 477788K(667648K)->477788K(667648K)
[48.194s][info][gc,metaspace   ] GC(123) Metaspace: 17463K(17728K)->17463K(17728K) NonClass: 14842K(14976K)->14842K(14976K) Class: 2621K(2752K)->2621K(2752K)
[48.194s][info][gc             ] GC(123) Pause Young (Allocation Failure) 580M->466M(861M) 1.651ms
[48.194s][info][gc,cpu         ] GC(123) User=0.00s Sys=0.00s Real=0.00s
[48.324s][info][gc,start       ] GC(124) Pause Young (Allocation Failure)
[48.341s][info][gc,heap        ] GC(124) PSYoungGen: 121920K(214016K)->14400K(136704K) Eden: 121856K(121856K)->0K(121856K) From: 64K(92160K)->14400K(14848K)
[48.341s][info][gc,heap        ] GC(124) ParOldGen: 477788K(667648K)->477788K(667648K)
[48.341s][info][gc,metaspace   ] GC(124) Metaspace: 17465K(17728K)->17465K(17728K) NonClass: 14844K(14976K)->14844K(14976K) Class: 2621K(2752K)->2621K(2752K)
[48.341s][info][gc             ] GC(124) Pause Young (Allocation Failure) 585M->480M(785M) 17.137ms
[48.341s][info][gc,cpu         ] GC(124) User=0.03s Sys=0.00s Real=0.02s
[48.473s][info][gc,start       ] GC(125) Pause Young (Allocation Failure)
[48.506s][info][gc,heap        ] GC(125) PSYoungGen: 136256K(136704K)->31392K(217600K) Eden: 121856K(121856K)->0K(130048K) From: 14400K(14848K)->31392K(87552K)
[48.506s][info][gc,heap        ] GC(125) ParOldGen: 477788K(667648K)->477788K(667648K)
[48.506s][info][gc,metaspace   ] GC(125) Metaspace: 17465K(17728K)->17465K(17728K) NonClass: 14844K(14976K)->14844K(14976K) Class: 2621K(2752K)->2621K(2752K)
[48.506s][info][gc             ] GC(125) Pause Young (Allocation Failure) 599M->497M(864M) 32.480ms
[48.506s][info][gc,cpu         ] GC(125) User=0.07s Sys=0.00s Real=0.03s
[48.595s][info][gc,start       ] GC(126) Pause Young (Allocation Failure)
[48.630s][info][gc,heap        ] GC(126) PSYoungGen: 161440K(217600K)->35392K(218112K) Eden: 130048K(130048K)->0K(130048K) From: 31392K(87552K)->35392K(88064K)
[48.630s][info][gc,heap        ] GC(126) ParOldGen: 477788K(667648K)->477788K(667648K)
[48.630s][info][gc,metaspace   ] GC(126) Metaspace: 17465K(17728K)->17465K(17728K) NonClass: 14844K(14976K)->14844K(14976K) Class: 2621K(2752K)->2621K(2752K)
[48.630s][info][gc             ] GC(126) Pause Young (Allocation Failure) 624M->501M(865M) 35.485ms
[48.630s][info][gc,cpu         ] GC(126) User=0.07s Sys=0.00s Real=0.04s
[48.751s][info][gc,start       ] GC(127) Pause Young (Allocation Failure)
[48.788s][info][gc,heap        ] GC(127) PSYoungGen: 165440K(218112K)->36512K(225280K) Eden: 130048K(130048K)->0K(141312K) From: 35392K(88064K)->36512K(83968K)
[48.788s][info][gc,heap        ] GC(127) ParOldGen: 477788K(667648K)->477788K(667648K)
[48.788s][info][gc,metaspace   ] GC(127) Metaspace: 17465K(17728K)->17465K(17728K) NonClass: 14844K(14976K)->14844K(14976K) Class: 2621K(2752K)->2621K(2752K)
[48.788s][info][gc             ] GC(127) Pause Young (Allocation Failure) 628M->502M(872M) 36.469ms
[48.788s][info][gc,cpu         ] GC(127) User=0.07s Sys=0.00s Real=0.04s
[48.920s][info][gc,start       ] GC(128) Pause Young (Allocation Failure)
[48.959s][info][gc,heap        ] GC(128) PSYoungGen: 177824K(225280K)->39904K(226304K) Eden: 141312K(141312K)->0K(141312K) From: 36512K(83968K)->39904K(84992K)
[48.959s][info][gc,heap        ] GC(128) ParOldGen: 477788K(667648K)->477788K(667648K)
[48.959s][info][gc,metaspace   ] GC(128) Metaspace: 17468K(17728K)->17468K(17728K) NonClass: 14847K(14976K)->14847K(14976K) Class: 2621K(2752K)->2621K(2752K)
[48.960s][info][gc             ] GC(128) Pause Young (Allocation Failure) 640M->505M(873M) 39.658ms
[48.960s][info][gc,cpu         ] GC(128) User=0.07s Sys=0.00s Real=0.04s
[49.081s][info][gc,start       ] GC(129) Pause Young (Allocation Failure)
[49.128s][info][gc,heap        ] GC(129) PSYoungGen: 181216K(226304K)->48160K(237056K) Eden: 141312K(141312K)->0K(152064K) From: 39904K(84992K)->48160K(84992K)
[49.128s][info][gc,heap        ] GC(129) ParOldGen: 477788K(667648K)->477788K(667648K)
[49.128s][info][gc,metaspace   ] GC(129) Metaspace: 17468K(17728K)->17468K(17728K) NonClass: 14847K(14976K)->14847K(14976K) Class: 2621K(2752K)->2621K(2752K)
[49.128s][info][gc             ] GC(129) Pause Young (Allocation Failure) 643M->513M(883M) 46.703ms
[49.128s][info][gc,cpu         ] GC(129) User=0.09s Sys=0.00s Real=0.05s
[49.282s][info][gc,start       ] GC(130) Pause Young (Allocation Failure)
[49.343s][info][gc,heap        ] GC(130) PSYoungGen: 200224K(237056K)->63312K(215552K) Eden: 152064K(152064K)->0K(152064K) From: 48160K(84992K)->63312K(63488K)
[49.343s][info][gc,heap        ] GC(130) ParOldGen: 477788K(667648K)->477788K(667648K)
[49.343s][info][gc,metaspace   ] GC(130) Metaspace: 17468K(17728K)->17468K(17728K) NonClass: 14847K(14976K)->14847K(14976K) Class: 2621K(2752K)->2621K(2752K)
[49.343s][info][gc             ] GC(130) Pause Young (Allocation Failure) 662M->528M(862M) 60.726ms
[49.343s][info][gc,cpu         ] GC(130) User=0.12s Sys=0.00s Real=0.06s
[49.588s][info][gc,start       ] GC(131) Pause Young (Allocation Failure)
[49.666s][info][gc,heap        ] GC(131) PSYoungGen: 215376K(215552K)->76128K(218624K) Eden: 152064K(152064K)->0K(123904K) From: 63312K(63488K)->76128K(94720K)
[49.666s][info][gc,heap        ] GC(131) ParOldGen: 477788K(667648K)->477788K(667648K)
[49.666s][info][gc,metaspace   ] GC(131) Metaspace: 17468K(17728K)->17468K(17728K) NonClass: 14847K(14976K)->14847K(14976K) Class: 2621K(2752K)->2621K(2752K)
[49.666s][info][gc             ] GC(131) Pause Young (Allocation Failure) 676M->540M(865M) 78.336ms
[49.666s][info][gc,cpu         ] GC(131) User=0.15s Sys=0.00s Real=0.08s
[49.832s][info][gc,start       ] GC(132) Pause Young (Allocation Failure)
[49.925s][info][gc,heap        ] GC(132) PSYoungGen: 200032K(218624K)->97232K(221184K) Eden: 123904K(123904K)->0K(123904K) From: 76128K(94720K)->97232K(97280K)
[49.925s][info][gc,heap        ] GC(132) ParOldGen: 477788K(667648K)->477788K(667648K)
[49.925s][info][gc,metaspace   ] GC(132) Metaspace: 17469K(17728K)->17469K(17728K) NonClass: 14848K(14976K)->14848K(14976K) Class: 2621K(2752K)->2621K(2752K)
[49.925s][info][gc             ] GC(132) Pause Young (Allocation Failure) 661M->561M(868M) 93.223ms
[49.925s][info][gc,cpu         ] GC(132) User=0.19s Sys=0.00s Real=0.09s
[50.022s][info][gc,start       ] GC(133) Pause Young (Allocation Failure)
[50.120s][info][gc,heap        ] GC(133) PSYoungGen: 221136K(221184K)->99840K(222720K) Eden: 123904K(123904K)->0K(111616K) From: 97232K(97280K)->99840K(111104K)
[50.120s][info][gc,heap        ] GC(133) ParOldGen: 477788K(667648K)->477788K(667648K)
[50.120s][info][gc,metaspace   ] GC(133) Metaspace: 17469K(17728K)->17469K(17728K) NonClass: 14848K(14976K)->14848K(14976K) Class: 2621K(2752K)->2621K(2752K)
[50.120s][info][gc             ] GC(133) Pause Young (Allocation Failure) 682M->564M(869M) 97.848ms
[50.120s][info][gc,cpu         ] GC(133) User=0.19s Sys=0.00s Real=0.10s
[50.275s][info][gc,start       ] GC(134) Pause Young (Allocation Failure)
[50.369s][info][gc,heap        ] GC(134) PSYoungGen: 211456K(222720K)->85616K(222720K) Eden: 111616K(111616K)->0K(111616K) From: 99840K(111104K)->85616K(111104K)
[50.369s][info][gc,heap        ] GC(134) ParOldGen: 477788K(667648K)->492172K(667648K)
[50.369s][info][gc,metaspace   ] GC(134) Metaspace: 17470K(17728K)->17470K(17728K) NonClass: 14849K(14976K)->14849K(14976K) Class: 2621K(2752K)->2621K(2752K)
[50.369s][info][gc             ] GC(134) Pause Young (Allocation Failure) 673M->564M(869M) 94.884ms
[50.369s][info][gc,cpu         ] GC(134) User=0.18s Sys=0.00s Real=0.10s
[50.500s][info][gc,start       ] GC(135) Pause Young (Allocation Failure)
[50.587s][info][gc,heap        ] GC(135) PSYoungGen: 197232K(222720K)->68000K(222720K) Eden: 111616K(111616K)->0K(111616K) From: 85616K(111104K)->68000K(111104K)
[50.587s][info][gc,heap        ] GC(135) ParOldGen: 492172K(667648K)->513236K(667648K)
[50.587s][info][gc,metaspace   ] GC(135) Metaspace: 17490K(17728K)->17490K(17728K) NonClass: 14869K(14976K)->14869K(14976K) Class: 2621K(2752K)->2621K(2752K)
[50.587s][info][gc             ] GC(135) Pause Young (Allocation Failure) 673M->567M(869M) 86.272ms
[50.587s][info][gc,cpu         ] GC(135) User=0.18s Sys=0.00s Real=0.09s
[50.727s][info][gc,start       ] GC(136) Pause Young (Allocation Failure)
[50.802s][info][gc,heap        ] GC(136) PSYoungGen: 179616K(222720K)->71728K(222720K) Eden: 111616K(111616K)->0K(111616K) From: 68000K(111104K)->71728K(111104K)
[50.802s][info][gc,heap        ] GC(136) ParOldGen: 513236K(667648K)->517780K(667648K)
[50.802s][info][gc,metaspace   ] GC(136) Metaspace: 17490K(17728K)->17490K(17728K) NonClass: 14869K(14976K)->14869K(14976K) Class: 2621K(2752K)->2621K(2752K)
[50.802s][info][gc             ] GC(136) Pause Young (Allocation Failure) 676M->575M(869M) 74.509ms
[50.802s][info][gc,cpu         ] GC(136) User=0.15s Sys=0.00s Real=0.07s
[50.940s][info][gc,start       ] GC(137) Pause Young (Allocation Failure)
[51.024s][info][gc,heap        ] GC(137) PSYoungGen: 183344K(222720K)->63472K(222720K) Eden: 111616K(111616K)->0K(111616K) From: 71728K(111104K)->63472K(111104K)
[51.024s][info][gc,heap        ] GC(137) ParOldGen: 517780K(667648K)->541220K(667648K)
[51.024s][info][gc,metaspace   ] GC(137) Metaspace: 17490K(17728K)->17490K(17728K) NonClass: 14869K(14976K)->14869K(14976K) Class: 2621K(2752K)->2621K(2752K)
[51.024s][info][gc             ] GC(137) Pause Young (Allocation Failure) 684M->590M(869M) 83.739ms
[51.024s][info][gc,cpu         ] GC(137) User=0.16s Sys=0.00s Real=0.08s
[51.323s][info][gc,start       ] GC(138) Pause Young (Allocation Failure)
[51.390s][info][gc,heap        ] GC(138) PSYoungGen: 175088K(222720K)->29664K(222720K) Eden: 111616K(111616K)->0K(111616K) From: 63472K(111104K)->29664K(111104K)
[51.390s][info][gc,heap        ] GC(138) ParOldGen: 541220K(667648K)->575156K(667648K)
[51.390s][info][gc,metaspace   ] GC(138) Metaspace: 17490K(17728K)->17490K(17728K) NonClass: 14869K(14976K)->14869K(14976K) Class: 2621K(2752K)->2621K(2752K)
[51.390s][info][gc             ] GC(138) Pause Young (Allocation Failure) 699M->590M(869M) 67.582ms
[51.390s][info][gc,cpu         ] GC(138) User=0.12s Sys=0.00s Real=0.07s
[51.711s][info][gc,start       ] GC(139) Pause Young (Allocation Failure)
[51.742s][info][gc,heap        ] GC(139) PSYoungGen: 141280K(222720K)->26912K(222720K) Eden: 111616K(111616K)->0K(111616K) From: 29664K(111104K)->26912K(111104K)
[51.742s][info][gc,heap        ] GC(139) ParOldGen: 575156K(667648K)->577964K(667648K)
[51.742s][info][gc,metaspace   ] GC(139) Metaspace: 17492K(17728K)->17492K(17728K) NonClass: 14871K(14976K)->14871K(14976K) Class: 2621K(2752K)->2621K(2752K)
[51.742s][info][gc             ] GC(139) Pause Young (Allocation Failure) 699M->590M(869M) 31.087ms
[51.742s][info][gc,cpu         ] GC(139) User=0.06s Sys=0.00s Real=0.03s
[52.166s][info][gc,start       ] GC(140) Pause Young (Allocation Failure)
[52.194s][info][gc,heap        ] GC(140) PSYoungGen: 138528K(222720K)->15280K(222720K) Eden: 111616K(111616K)->0K(111616K) From: 26912K(111104K)->15280K(111104K)
[52.194s][info][gc,heap        ] GC(140) ParOldGen: 577964K(667648K)->589652K(667648K)
[52.194s][info][gc,metaspace   ] GC(140) Metaspace: 17492K(17728K)->17492K(17728K) NonClass: 14871K(14976K)->14871K(14976K) Class: 2621K(2752K)->2621K(2752K)
[52.194s][info][gc             ] GC(140) Pause Young (Allocation Failure) 699M->590M(869M) 28.587ms
[52.194s][info][gc,cpu         ] GC(140) User=0.05s Sys=0.00s Real=0.03s
[52.441s][info][gc,start       ] GC(141) Pause Young (Allocation Failure)
[52.459s][info][gc,heap        ] GC(141) PSYoungGen: 126896K(222720K)->96K(222720K) Eden: 111616K(111616K)->0K(111616K) From: 15280K(111104K)->96K(111104K)
[52.459s][info][gc,heap        ] GC(141) ParOldGen: 589652K(667648K)->604861K(667648K)
[52.459s][info][gc,metaspace   ] GC(141) Metaspace: 17492K(17728K)->17492K(17728K) NonClass: 14871K(14976K)->14871K(14976K) Class: 2621K(2752K)->2621K(2752K)
[52.459s][info][gc             ] GC(141) Pause Young (Allocation Failure) 699M->590M(869M) 18.615ms
[52.459s][info][gc,cpu         ] GC(141) User=0.04s Sys=0.00s Real=0.02s
[52.710s][info][gc,start       ] GC(142) Pause Young (Allocation Failure)
[52.712s][info][gc,heap        ] GC(142) PSYoungGen: 111712K(222720K)->64K(222720K) Eden: 111616K(111616K)->0K(111616K) From: 96K(111104K)->64K(111104K)
[52.712s][info][gc,heap        ] GC(142) ParOldGen: 604861K(667648K)->604949K(667648K)
[52.712s][info][gc,metaspace   ] GC(142) Metaspace: 17492K(17728K)->17492K(17728K) NonClass: 14871K(14976K)->14871K(14976K) Class: 2621K(2752K)->2621K(2752K)
[52.712s][info][gc             ] GC(142) Pause Young (Allocation Failure) 699M->590M(869M) 2.293ms
[52.712s][info][gc,cpu         ] GC(142) User=0.00s Sys=0.00s Real=0.00s
[52.976s][info][gc,start       ] GC(143) Pause Young (Allocation Failure)
[52.979s][info][gc,heap        ] GC(143) PSYoungGen: 111680K(222720K)->960K(222720K) Eden: 111616K(111616K)->0K(111616K) From: 64K(111104K)->960K(111104K)
[52.979s][info][gc,heap        ] GC(143) ParOldGen: 604949K(667648K)->604965K(667648K)
[52.979s][info][gc,metaspace   ] GC(143) Metaspace: 17496K(17728K)->17496K(17728K) NonClass: 14874K(14976K)->14874K(14976K) Class: 2621K(2752K)->2621K(2752K)
[52.979s][info][gc             ] GC(143) Pause Young (Allocation Failure) 699M->591M(869M) 2.994ms
[52.979s][info][gc,cpu         ] GC(143) User=0.00s Sys=0.00s Real=0.01s
[53.140s][info][gc,start       ] GC(144) Pause Young (Allocation Failure)
[53.156s][info][gc,heap        ] GC(144) PSYoungGen: 112576K(222720K)->19312K(222720K) Eden: 111616K(111616K)->0K(111616K) From: 960K(111104K)->19312K(111104K)
[53.156s][info][gc,heap        ] GC(144) ParOldGen: 604965K(667648K)->605925K(667648K)
[53.156s][info][gc,metaspace   ] GC(144) Metaspace: 17496K(17728K)->17496K(17728K) NonClass: 14875K(14976K)->14875K(14976K) Class: 2621K(2752K)->2621K(2752K)
[53.156s][info][gc             ] GC(144) Pause Young (Allocation Failure) 700M->610M(869M) 16.353ms
[53.156s][info][gc,cpu         ] GC(144) User=0.04s Sys=0.00s Real=0.01s
[53.219s][info][gc,start       ] GC(145) Pause Young (Allocation Failure)
[53.267s][info][gc,heap        ] GC(145) PSYoungGen: 130928K(222720K)->42272K(220672K) Eden: 111616K(111616K)->0K(111616K) From: 19312K(111104K)->42272K(109056K)
[53.267s][info][gc,heap        ] GC(145) ParOldGen: 605925K(667648K)->625437K(667648K)
[53.267s][info][gc,metaspace   ] GC(145) Metaspace: 17496K(17728K)->17496K(17728K) NonClass: 14875K(14976K)->14875K(14976K) Class: 2621K(2752K)->2621K(2752K)
[53.267s][info][gc             ] GC(145) Pause Young (Allocation Failure) 719M->652M(867M) 47.409ms
[53.267s][info][gc,cpu         ] GC(145) User=0.09s Sys=0.00s Real=0.05s
[53.523s][info][gc,start       ] GC(146) Pause Young (Allocation Failure)
[53.559s][info][gc,heap        ] GC(146) PSYoungGen: 153888K(220672K)->52288K(221696K) Eden: 111616K(111616K)->0K(111616K) From: 42272K(109056K)->52288K(110080K)
[53.559s][info][gc,heap        ] GC(146) ParOldGen: 625437K(667648K)->625437K(667648K)
[53.559s][info][gc,metaspace   ] GC(146) Metaspace: 17496K(17728K)->17496K(17728K) NonClass: 14875K(14976K)->14875K(14976K) Class: 2621K(2752K)->2621K(2752K)
[53.559s][info][gc             ] GC(146) Pause Young (Allocation Failure) 761M->661M(868M) 36.215ms
[53.559s][info][gc,cpu         ] GC(146) User=0.07s Sys=0.00s Real=0.04s
[53.756s][info][gc,start       ] GC(147) Pause Young (Allocation Failure)
[53.793s][info][gc,heap        ] GC(147) PSYoungGen: 163904K(221696K)->54400K(222720K) Eden: 111616K(111616K)->0K(114688K) From: 52288K(110080K)->54400K(108032K)
[53.794s][info][gc,heap        ] GC(147) ParOldGen: 625437K(667648K)->625437K(667648K)
[53.794s][info][gc,metaspace   ] GC(147) Metaspace: 17501K(17728K)->17501K(17728K) NonClass: 14880K(14976K)->14880K(14976K) Class: 2621K(2752K)->2621K(2752K)
[53.794s][info][gc             ] GC(147) Pause Young (Allocation Failure) 770M->663M(869M) 37.318ms
[53.794s][info][gc,cpu         ] GC(147) User=0.08s Sys=0.00s Real=0.03s
[53.981s][info][gc,start       ] GC(148) Pause Young (Allocation Failure)
[54.046s][info][gc,heap        ] GC(148) PSYoungGen: 169088K(222720K)->71062K(185856K) Eden: 114688K(114688K)->0K(114688K) From: 54400K(108032K)->71062K(71168K)
[54.046s][info][gc,heap        ] GC(148) ParOldGen: 625437K(667648K)->625437K(667648K)
[54.046s][info][gc,metaspace   ] GC(148) Metaspace: 17501K(17728K)->17501K(17728K) NonClass: 14880K(14976K)->14880K(14976K) Class: 2621K(2752K)->2621K(2752K)
[54.046s][info][gc             ] GC(148) Pause Young (Allocation Failure) 775M->680M(833M) 64.506ms
[54.046s][info][gc,cpu         ] GC(148) User=0.13s Sys=0.00s Real=0.06s
[54.302s][info][gc,start       ] GC(149) Pause Young (Allocation Failure)
[54.389s][info][gc,promotion   ] GC(149) Promotion failed
[54.389s][info][gc,heap        ] GC(149) PSYoungGen: 185750K(185856K)->185750K(185856K) Eden: 114688K(114688K)->114688K(114688K) From: 71062K(71168K)->71062K(71168K)
[54.389s][info][gc,heap        ] GC(149) ParOldGen: 625437K(667648K)->667645K(667648K)
[54.389s][info][gc,metaspace   ] GC(149) Metaspace: 17501K(17728K)->17501K(17728K) NonClass: 14880K(14976K)->14880K(14976K) Class: 2621K(2752K)->2621K(2752K)
[54.389s][info][gc             ] GC(149) Pause Young (Allocation Failure) 792M->833M(833M) 87.555ms
[54.389s][info][gc,cpu         ] GC(149) User=0.15s Sys=0.03s Real=0.09s
[54.389s][info][gc,start       ] GC(150) Pause Full (Allocation Failure)
[54.389s][info][gc,phases,start] GC(150) Marking Phase
[54.583s][info][gc,phases      ] GC(150) Marking Phase 193.513ms
[54.583s][info][gc,phases,start] GC(150) Summary Phase
[54.583s][info][gc,phases      ] GC(150) Summary Phase 0.027ms
[54.583s][info][gc,phases,start] GC(150) Forward
[54.679s][info][gc,phases      ] GC(150) Forward 96.571ms
[54.679s][info][gc,phases,start] GC(150) Adjust Pointers
[54.833s][info][gc,phases      ] GC(150) Adjust Pointers 153.840ms
[54.833s][info][gc,phases,start] GC(150) Compaction Phase
[54.930s][info][gc,phases      ] GC(150) Compaction Phase 96.435ms
[54.941s][info][gc,phases,start] GC(150) Post Compact
[54.944s][info][gc,phases      ] GC(150) Post Compact 2.590ms
[54.951s][info][gc,heap        ] GC(150) PSYoungGen: 185750K(185856K)->0K(222720K) Eden: 114688K(114688K)->0K(111616K) From: 71062K(71168K)->0K(111104K)
[54.951s][info][gc,heap        ] GC(150) ParOldGen: 667645K(667648K)->294857K(572928K)
[54.951s][info][gc,metaspace   ] GC(150) Metaspace: 17501K(17728K)->17501K(17728K) NonClass: 14880K(14976K)->14880K(14976K) Class: 2621K(2752K)->2621K(2752K)
[54.951s][info][gc             ] GC(150) Pause Full (Allocation Failure) 833M->287M(777M) 561.701ms
[54.951s][info][gc,cpu         ] GC(150) User=0.99s Sys=0.01s Real=0.56s
[55.163s][info][gc,start       ] GC(151) Pause Young (Allocation Failure)
[55.164s][info][gc,heap        ] GC(151) PSYoungGen: 111616K(222720K)->160K(222720K) Eden: 111616K(111616K)->0K(111616K) From: 0K(111104K)->160K(111104K)
[55.164s][info][gc,heap        ] GC(151) ParOldGen: 294857K(572928K)->294857K(572928K)
[55.164s][info][gc,metaspace   ] GC(151) Metaspace: 17503K(17728K)->17503K(17728K) NonClass: 14881K(14976K)->14881K(14976K) Class: 2621K(2752K)->2621K(2752K)
[55.165s][info][gc             ] GC(151) Pause Young (Allocation Failure) 396M->288M(777M) 1.275ms
[55.165s][info][gc,cpu         ] GC(151) User=0.00s Sys=0.00s Real=0.00s
[55.342s][info][gc,start       ] GC(152) Pause Young (Allocation Failure)
[55.348s][info][gc,heap        ] GC(152) PSYoungGen: 111776K(222720K)->4704K(222720K) Eden: 111616K(111616K)->0K(111616K) From: 160K(111104K)->4704K(111104K)
[55.348s][info][gc,heap        ] GC(152) ParOldGen: 294857K(572928K)->294857K(572928K)
[55.348s][info][gc,metaspace   ] GC(152) Metaspace: 17505K(17728K)->17505K(17728K) NonClass: 14884K(14976K)->14884K(14976K) Class: 2621K(2752K)->2621K(2752K)
[55.348s][info][gc             ] GC(152) Pause Young (Allocation Failure) 397M->292M(777M) 5.503ms
[55.348s][info][gc,cpu         ] GC(152) User=0.01s Sys=0.00s Real=0.01s
[55.411s][info][gc,start       ] GC(153) Pause Young (Allocation Failure)
[55.443s][info][gc,heap        ] GC(153) PSYoungGen: 116320K(222720K)->40064K(152064K) Eden: 111616K(111616K)->0K(111616K) From: 4704K(111104K)->40064K(40448K)
[55.443s][info][gc,heap        ] GC(153) ParOldGen: 294857K(572928K)->299546K(572928K)
[55.443s][info][gc,metaspace   ] GC(153) Metaspace: 17505K(17728K)->17505K(17728K) NonClass: 14884K(14976K)->14884K(14976K) Class: 2621K(2752K)->2621K(2752K)
[55.443s][info][gc             ] GC(153) Pause Young (Allocation Failure) 401M->331M(708M) 32.161ms
[55.443s][info][gc,cpu         ] GC(153) User=0.06s Sys=0.00s Real=0.03s
[55.542s][info][gc,start       ] GC(154) Pause Young (Allocation Failure)
[55.591s][info][gc,heap        ] GC(154) PSYoungGen: 151680K(152064K)->33600K(223232K) Eden: 111616K(111616K)->0K(118272K) From: 40064K(40448K)->33600K(104960K)
[55.592s][info][gc,heap        ] GC(154) ParOldGen: 299546K(572928K)->339914K(572928K)
[55.592s][info][gc,metaspace   ] GC(154) Metaspace: 17505K(17728K)->17505K(17728K) NonClass: 14884K(14976K)->14884K(14976K) Class: 2621K(2752K)->2621K(2752K)
[55.592s][info][gc             ] GC(154) Pause Young (Allocation Failure) 440M->364M(777M) 49.093ms
[55.592s][info][gc,cpu         ] GC(154) User=0.10s Sys=0.00s Real=0.05s
[55.850s][info][gc,start       ] GC(155) Pause Young (Allocation Failure)
[55.879s][info][gc,heap        ] GC(155) PSYoungGen: 151872K(223232K)->1248K(217600K) Eden: 118272K(118272K)->0K(118272K) From: 33600K(104960K)->1248K(99328K)
[55.879s][info][gc,heap        ] GC(155) ParOldGen: 339914K(572928K)->373865K(572928K)
[55.879s][info][gc,metaspace   ] GC(155) Metaspace: 17505K(17728K)->17505K(17728K) NonClass: 14884K(14976K)->14884K(14976K) Class: 2621K(2752K)->2621K(2752K)
[55.879s][info][gc             ] GC(155) Pause Young (Allocation Failure) 480M->366M(772M) 29.366ms
[55.879s][info][gc,cpu         ] GC(155) User=0.06s Sys=0.00s Real=0.03s
[56.085s][info][gc,start       ] GC(156) Pause Young (Allocation Failure)
[56.089s][info][gc,heap        ] GC(156) PSYoungGen: 119520K(217600K)->64K(223744K) Eden: 118272K(118272K)->0K(129024K) From: 1248K(99328K)->64K(94720K)
[56.089s][info][gc,heap        ] GC(156) ParOldGen: 373865K(572928K)->375093K(572928K)
[56.089s][info][gc,metaspace   ] GC(156) Metaspace: 17505K(17728K)->17505K(17728K) NonClass: 14884K(14976K)->14884K(14976K) Class: 2621K(2752K)->2621K(2752K)
[56.089s][info][gc             ] GC(156) Pause Young (Allocation Failure) 481M->366M(778M) 3.996ms
[56.089s][info][gc,cpu         ] GC(156) User=0.01s Sys=0.00s Real=0.01s
[56.294s][info][gc,start       ] GC(157) Pause Young (Allocation Failure)
[56.298s][info][gc,heap        ] GC(157) PSYoungGen: 129088K(223744K)->224K(225792K) Eden: 129024K(129024K)->0K(129024K) From: 64K(94720K)->224K(96768K)
[56.298s][info][gc,heap        ] GC(157) ParOldGen: 375093K(572928K)->375093K(572928K)
[56.298s][info][gc,metaspace   ] GC(157) Metaspace: 17505K(17728K)->17505K(17728K) NonClass: 14884K(14976K)->14884K(14976K) Class: 2621K(2752K)->2621K(2752K)
[56.298s][info][gc             ] GC(157) Pause Young (Allocation Failure) 492M->366M(780M) 3.543ms
[56.298s][info][gc,cpu         ] GC(157) User=0.01s Sys=0.00s Real=0.01s
[56.471s][info][gc,start       ] GC(158) Pause Young (Allocation Failure)
[56.475s][info][gc,heap        ] GC(158) PSYoungGen: 129248K(225792K)->320K(225280K) Eden: 129024K(129024K)->0K(137728K) From: 224K(96768K)->320K(87552K)
[56.475s][info][gc,heap        ] GC(158) ParOldGen: 375093K(572928K)->375093K(572928K)
[56.475s][info][gc,metaspace   ] GC(158) Metaspace: 17505K(17728K)->17505K(17728K) NonClass: 14884K(14976K)->14884K(14976K) Class: 2621K(2752K)->2621K(2752K)
[56.475s][info][gc             ] GC(158) Pause Young (Allocation Failure) 492M->366M(779M) 4.122ms
[56.475s][info][gc,cpu         ] GC(158) User=0.01s Sys=0.00s Real=0.00s
[56.619s][info][gc,start       ] GC(159) Pause Young (Allocation Failure)
[56.623s][info][gc,heap        ] GC(159) PSYoungGen: 138048K(225280K)->416K(229376K) Eden: 137728K(137728K)->0K(137728K) From: 320K(87552K)->416K(91648K)
[56.623s][info][gc,heap        ] GC(159) ParOldGen: 375093K(572928K)->375093K(572928K)
[56.623s][info][gc,metaspace   ] GC(159) Metaspace: 17505K(17728K)->17505K(17728K) NonClass: 14884K(14976K)->14884K(14976K) Class: 2621K(2752K)->2621K(2752K)
[56.623s][info][gc             ] GC(159) Pause Young (Allocation Failure) 501M->366M(783M) 4.616ms
[56.623s][info][gc,cpu         ] GC(159) User=0.01s Sys=0.00s Real=0.00s
[56.767s][info][gc,start       ] GC(160) Pause Young (Allocation Failure)
[56.770s][info][gc,heap        ] GC(160) PSYoungGen: 138144K(229376K)->480K(225280K) Eden: 137728K(137728K)->0K(144384K) From: 416K(91648K)->480K(80896K)
[56.770s][info][gc,heap        ] GC(160) ParOldGen: 375093K(572928K)->375093K(572928K)
[56.770s][info][gc,metaspace   ] GC(160) Metaspace: 17505K(17728K)->17505K(17728K) NonClass: 14884K(14976K)->14884K(14976K) Class: 2621K(2752K)->2621K(2752K)
[56.770s][info][gc             ] GC(160) Pause Young (Allocation Failure) 501M->366M(779M) 2.799ms
[56.770s][info][gc,cpu         ] GC(160) User=0.00s Sys=0.00s Real=0.00s
[56.913s][info][gc,start       ] GC(161) Pause Young (Allocation Failure)
[56.916s][info][gc,heap        ] GC(161) PSYoungGen: 144864K(225280K)->640K(229888K) Eden: 144384K(144384K)->0K(144384K) From: 480K(80896K)->640K(85504K)
[56.916s][info][gc,heap        ] GC(161) ParOldGen: 375093K(572928K)->375093K(572928K)
[56.916s][info][gc,metaspace   ] GC(161) Metaspace: 17505K(17728K)->17505K(17728K) NonClass: 14884K(14976K)->14884K(14976K) Class: 2621K(2752K)->2621K(2752K)
[56.916s][info][gc             ] GC(161) Pause Young (Allocation Failure) 507M->366M(784M) 2.507ms
[56.916s][info][gc,cpu         ] GC(161) User=0.00s Sys=0.00s Real=0.00s
[57.040s][info][gc,start       ] GC(162) Pause Young (Allocation Failure)
[57.065s][info][gc,heap        ] GC(162) PSYoungGen: 145024K(229888K)->22144K(228352K) Eden: 144384K(144384K)->0K(153088K) From: 640K(85504K)->22144K(75264K)
[57.065s][info][gc,heap        ] GC(162) ParOldGen: 375093K(572928K)->375093K(572928K)
[57.065s][info][gc,metaspace   ] GC(162) Metaspace: 17505K(17728K)->17505K(17728K) NonClass: 14884K(14976K)->14884K(14976K) Class: 2621K(2752K)->2621K(2752K)
[57.065s][info][gc             ] GC(162) Pause Young (Allocation Failure) 507M->387M(782M) 25.756ms
[57.065s][info][gc,cpu         ] GC(162) User=0.05s Sys=0.00s Real=0.02s
[57.226s][info][gc,start       ] GC(163) Pause Young (Allocation Failure)
[57.266s][info][gc,heap        ] GC(163) PSYoungGen: 175232K(228352K)->37504K(230400K) Eden: 153088K(153088K)->0K(153088K) From: 22144K(75264K)->37504K(77312K)
[57.266s][info][gc,heap        ] GC(163) ParOldGen: 375093K(572928K)->375093K(572928K)
[57.266s][info][gc,metaspace   ] GC(163) Metaspace: 17508K(17728K)->17508K(17728K) NonClass: 14887K(14976K)->14887K(14976K) Class: 2621K(2752K)->2621K(2752K)
[57.266s][info][gc             ] GC(163) Pause Young (Allocation Failure) 537M->402M(784M) 39.901ms
[57.266s][info][gc,cpu         ] GC(163) User=0.08s Sys=0.00s Real=0.04s
[57.419s][info][gc,start       ] GC(164) Pause Young (Allocation Failure)
[57.465s][info][gc,heap        ] GC(164) PSYoungGen: 190592K(230400K)->40928K(241152K) Eden: 153088K(153088K)->0K(162304K) From: 37504K(77312K)->40928K(78848K)
[57.465s][info][gc,heap        ] GC(164) ParOldGen: 375093K(572928K)->375093K(572928K)
[57.465s][info][gc,metaspace   ] GC(164) Metaspace: 17508K(17728K)->17508K(17728K) NonClass: 14887K(14976K)->14887K(14976K) Class: 2621K(2752K)->2621K(2752K)
[57.465s][info][gc             ] GC(164) Pause Young (Allocation Failure) 552M->406M(795M) 46.129ms
[57.465s][info][gc,cpu         ] GC(164) User=0.09s Sys=0.00s Real=0.04s
[57.669s][info][gc,start       ] GC(165) Pause Young (Allocation Failure)
[57.742s][info][gc,heap        ] GC(165) PSYoungGen: 203232K(241152K)->54155K(243200K) Eden: 162304K(162304K)->0K(162304K) From: 40928K(78848K)->54155K(80896K)
[57.742s][info][gc,heap        ] GC(165) ParOldGen: 375093K(572928K)->375093K(572928K)
[57.742s][info][gc,metaspace   ] GC(165) Metaspace: 17508K(17728K)->17508K(17728K) NonClass: 14887K(14976K)->14887K(14976K) Class: 2621K(2752K)->2621K(2752K)
[57.742s][info][gc             ] GC(165) Pause Young (Allocation Failure) 564M->419M(797M) 73.665ms
[57.742s][info][gc,cpu         ] GC(165) User=0.14s Sys=0.00s Real=0.07s
[57.885s][info][gc,start       ] GC(166) Pause Young (Allocation Failure)
[57.957s][info][gc,heap        ] GC(166) PSYoungGen: 216459K(243200K)->60107K(232448K) Eden: 162304K(162304K)->0K(145408K) From: 54155K(80896K)->60107K(87040K)
[57.957s][info][gc,heap        ] GC(166) ParOldGen: 375093K(572928K)->375093K(572928K)
[57.957s][info][gc,metaspace   ] GC(166) Metaspace: 17508K(17728K)->17508K(17728K) NonClass: 14887K(14976K)->14887K(14976K) Class: 2621K(2752K)->2621K(2752K)
[57.957s][info][gc             ] GC(166) Pause Young (Allocation Failure) 577M->425M(786M) 72.143ms
[57.957s][info][gc,cpu         ] GC(166) User=0.14s Sys=0.00s Real=0.08s
[58.125s][info][gc,start       ] GC(167) Pause Young (Allocation Failure)
[58.215s][info][gc,heap        ] GC(167) PSYoungGen: 205515K(232448K)->81036K(226816K) Eden: 145408K(145408K)->0K(145408K) From: 60107K(87040K)->81036K(81408K)
[58.215s][info][gc,heap        ] GC(167) ParOldGen: 375093K(572928K)->375269K(572928K)
[58.215s][info][gc,metaspace   ] GC(167) Metaspace: 17508K(17728K)->17508K(17728K) NonClass: 14887K(14976K)->14887K(14976K) Class: 2621K(2752K)->2621K(2752K)
[58.216s][info][gc             ] GC(167) Pause Young (Allocation Failure) 567M->445M(781M) 90.916ms
[58.216s][info][gc,cpu         ] GC(167) User=0.18s Sys=0.00s Real=0.09s
[58.435s][info][gc,start       ] GC(168) Pause Young (Allocation Failure)
[58.530s][info][gc,heap        ] GC(168) PSYoungGen: 226444K(226816K)->83276K(218624K) Eden: 145408K(145408K)->0K(111616K) From: 81036K(81408K)->83276K(107008K)
[58.530s][info][gc,heap        ] GC(168) ParOldGen: 375269K(572928K)->375501K(572928K)
[58.530s][info][gc,metaspace   ] GC(168) Metaspace: 17508K(17728K)->17508K(17728K) NonClass: 14887K(14976K)->14887K(14976K) Class: 2621K(2752K)->2621K(2752K)
[58.530s][info][gc             ] GC(168) Pause Young (Allocation Failure) 587M->448M(773M) 94.645ms
[58.530s][info][gc,cpu         ] GC(168) User=0.18s Sys=0.00s Real=0.10s
[58.779s][info][gc,start       ] GC(169) Pause Young (Allocation Failure)
[58.872s][info][gc,heap        ] GC(169) PSYoungGen: 194892K(218624K)->83068K(222720K) Eden: 111616K(111616K)->0K(111616K) From: 83276K(107008K)->83068K(111104K)
[58.872s][info][gc,heap        ] GC(169) ParOldGen: 375501K(572928K)->375717K(572928K)
[58.872s][info][gc,metaspace   ] GC(169) Metaspace: 17508K(17728K)->17508K(17728K) NonClass: 14887K(14976K)->14887K(14976K) Class: 2621K(2752K)->2621K(2752K)
[58.872s][info][gc             ] GC(169) Pause Young (Allocation Failure) 557M->448M(777M) 92.811ms
[58.872s][info][gc,cpu         ] GC(169) User=0.19s Sys=0.00s Real=0.09s
[59.064s][info][gc,start       ] GC(170) Pause Young (Allocation Failure)
[59.156s][info][gc,heap        ] GC(170) PSYoungGen: 194684K(222720K)->46188K(222720K) Eden: 111616K(111616K)->0K(111616K) From: 83068K(111104K)->46188K(111104K)
[59.156s][info][gc,heap        ] GC(170) ParOldGen: 375717K(572928K)->412685K(572928K)
[59.156s][info][gc,metaspace   ] GC(170) Metaspace: 17508K(17728K)->17508K(17728K) NonClass: 14887K(14976K)->14887K(14976K) Class: 2621K(2752K)->2621K(2752K)
[59.156s][info][gc             ] GC(170) Pause Young (Allocation Failure) 557M->448M(777M) 92.737ms
[59.156s][info][gc,cpu         ] GC(170) User=0.19s Sys=0.00s Real=0.10s
[59.371s][info][gc,start       ] GC(171) Pause Young (Allocation Failure)
[59.429s][info][gc,heap        ] GC(171) PSYoungGen: 157804K(222720K)->30096K(222720K) Eden: 111616K(111616K)->0K(111616K) From: 46188K(111104K)->30096K(111104K)
[59.429s][info][gc,heap        ] GC(171) ParOldGen: 412685K(572928K)->428881K(572928K)
[59.429s][info][gc,metaspace   ] GC(171) Metaspace: 17508K(17728K)->17508K(17728K) NonClass: 14887K(14976K)->14887K(14976K) Class: 2621K(2752K)->2621K(2752K)
[59.429s][info][gc             ] GC(171) Pause Young (Allocation Failure) 557M->448M(777M) 58.225ms
[59.429s][info][gc,cpu         ] GC(171) User=0.11s Sys=0.00s Real=0.06s
[59.617s][info][gc,start       ] GC(172) Pause Young (Allocation Failure)
[59.650s][info][gc,heap        ] GC(172) PSYoungGen: 141712K(222720K)->2560K(222720K) Eden: 111616K(111616K)->0K(111616K) From: 30096K(111104K)->2560K(111104K)
[59.650s][info][gc,heap        ] GC(172) ParOldGen: 428881K(572928K)->456473K(572928K)
[59.650s][info][gc,metaspace   ] GC(172) Metaspace: 17513K(17728K)->17513K(17728K) NonClass: 14892K(14976K)->14892K(14976K) Class: 2621K(2752K)->2621K(2752K)
[59.650s][info][gc             ] GC(172) Pause Young (Allocation Failure) 557M->448M(777M) 32.542ms
[59.650s][info][gc,cpu         ] GC(172) User=0.06s Sys=0.01s Real=0.03s
[59.796s][info][gc,start       ] GC(173) Pause Young (Allocation Failure)
[59.817s][info][gc,heap        ] GC(173) PSYoungGen: 114176K(222720K)->14176K(125952K) Eden: 111616K(111616K)->0K(111616K) From: 2560K(111104K)->14176K(14336K)
[59.817s][info][gc,heap        ] GC(173) ParOldGen: 456473K(572928K)->458945K(572928K)
[59.817s][info][gc,metaspace   ] GC(173) Metaspace: 17513K(17728K)->17513K(17728K) NonClass: 14892K(14976K)->14892K(14976K) Class: 2621K(2752K)->2621K(2752K)
[59.817s][info][gc             ] GC(173) Pause Young (Allocation Failure) 557M->462M(682M) 21.786ms
[59.817s][info][gc,cpu         ] GC(173) User=0.04s Sys=0.00s Real=0.03s
[59.940s][info][gc,start       ] GC(174) Pause Young (Allocation Failure)
[59.975s][info][gc,heap        ] GC(174) PSYoungGen: 125792K(125952K)->33952K(226816K) Eden: 111616K(111616K)->0K(118784K) From: 14176K(14336K)->33952K(108032K)
[59.975s][info][gc,heap        ] GC(174) ParOldGen: 458945K(572928K)->458969K(572928K)
[59.975s][info][gc,metaspace   ] GC(174) Metaspace: 17513K(17728K)->17513K(17728K) NonClass: 14892K(14976K)->14892K(14976K) Class: 2621K(2752K)->2621K(2752K)
[59.975s][info][gc             ] GC(174) Pause Young (Allocation Failure) 571M->481M(781M) 34.763ms
[59.975s][info][gc,cpu         ] GC(174) User=0.07s Sys=0.00s Real=0.03s
[60.085s][info][gc,start       ] GC(175) Pause Young (Allocation Failure)
[60.125s][info][gc,heap        ] GC(175) PSYoungGen: 152736K(226816K)->41056K(160256K) Eden: 118784K(118784K)->0K(118784K) From: 33952K(108032K)->41056K(41472K)
[60.125s][info][gc,heap        ] GC(175) ParOldGen: 458969K(572928K)->459017K(572928K)
[60.125s][info][gc,metaspace   ] GC(175) Metaspace: 17514K(17728K)->17514K(17728K) NonClass: 14893K(14976K)->14893K(14976K) Class: 2621K(2752K)->2621K(2752K)
[60.125s][info][gc             ] GC(175) Pause Young (Allocation Failure) 597M->488M(716M) 40.413ms
[60.125s][info][gc,cpu         ] GC(175) User=0.08s Sys=0.00s Real=0.04s
[60.247s][info][gc,start       ] GC(176) Pause Young (Allocation Failure)
[60.290s][info][gc,heap        ] GC(176) PSYoungGen: 159840K(160256K)->7808K(222720K) Eden: 118784K(118784K)->0K(124416K) From: 41056K(41472K)->7808K(98304K)
[60.290s][info][gc,heap        ] GC(176) ParOldGen: 459017K(572928K)->492969K(572928K)
[60.290s][info][gc,metaspace   ] GC(176) Metaspace: 17514K(17728K)->17514K(17728K) NonClass: 14893K(14976K)->14893K(14976K) Class: 2621K(2752K)->2621K(2752K)
[60.290s][info][gc             ] GC(176) Pause Young (Allocation Failure) 604M->489M(777M) 43.211ms
[60.290s][info][gc,cpu         ] GC(176) User=0.09s Sys=0.00s Real=0.04s
[60.426s][info][gc,start       ] GC(177) Pause Young (Allocation Failure)
[60.447s][info][gc,heap        ] GC(177) PSYoungGen: 132224K(222720K)->6048K(221184K) Eden: 124416K(124416K)->0K(124416K) From: 7808K(98304K)->6048K(96768K)
[60.447s][info][gc,heap        ] GC(177) ParOldGen: 492969K(572928K)->500769K(572928K)
[60.447s][info][gc,metaspace   ] GC(177) Metaspace: 17515K(17728K)->17515K(17728K) NonClass: 14894K(14976K)->14894K(14976K) Class: 2621K(2752K)->2621K(2752K)
[60.447s][info][gc             ] GC(177) Pause Young (Allocation Failure) 610M->494M(775M) 21.766ms
[60.447s][info][gc,cpu         ] GC(177) User=0.04s Sys=0.00s Real=0.03s
[60.559s][info][gc,start       ] GC(178) Pause Young (Allocation Failure)
[60.568s][info][gc,heap        ] GC(178) PSYoungGen: 130464K(221184K)->64K(227840K) Eden: 124416K(124416K)->0K(136704K) From: 6048K(96768K)->64K(91136K)
[60.568s][info][gc,heap        ] GC(178) ParOldGen: 500769K(572928K)->506817K(572928K)
[60.568s][info][gc,metaspace   ] GC(178) Metaspace: 17515K(17728K)->17515K(17728K) NonClass: 14894K(14976K)->14894K(14976K) Class: 2621K(2752K)->2621K(2752K)
[60.568s][info][gc             ] GC(178) Pause Young (Allocation Failure) 616M->495M(782M) 9.154ms
[60.568s][info][gc,cpu         ] GC(178) User=0.02s Sys=0.00s Real=0.01s
[60.693s][info][gc,start       ] GC(179) Pause Young (Allocation Failure)
[60.696s][info][gc,heap        ] GC(179) PSYoungGen: 136768K(227840K)->1472K(230400K) Eden: 136704K(136704K)->0K(136704K) From: 64K(91136K)->1472K(93696K)
[60.696s][info][gc,heap        ] GC(179) ParOldGen: 506817K(572928K)->506857K(572928K)
[60.696s][info][gc,metaspace   ] GC(179) Metaspace: 17515K(17728K)->17515K(17728K) NonClass: 14894K(14976K)->14894K(14976K) Class: 2621K(2752K)->2621K(2752K)
[60.697s][info][gc             ] GC(179) Pause Young (Allocation Failure) 628M->496M(784M) 3.658ms
[60.697s][info][gc,cpu         ] GC(179) User=0.01s Sys=0.00s Real=0.01s
[60.862s][info][gc,start       ] GC(180) Pause Young (Allocation Failure)
[60.879s][info][gc,heap        ] GC(180) PSYoungGen: 138176K(230400K)->15360K(228864K) Eden: 136704K(136704K)->0K(147968K) From: 1472K(93696K)->15360K(80896K)
[60.879s][info][gc,heap        ] GC(180) ParOldGen: 506857K(572928K)->506857K(572928K)
[60.879s][info][gc,metaspace   ] GC(180) Metaspace: 17515K(17728K)->17515K(17728K) NonClass: 14894K(14976K)->14894K(14976K) Class: 2621K(2752K)->2621K(2752K)
[60.879s][info][gc             ] GC(180) Pause Young (Allocation Failure) 629M->509M(783M) 16.966ms
[60.879s][info][gc,cpu         ] GC(180) User=0.03s Sys=0.00s Real=0.02s
[61.290s][info][gc,start       ] GC(181) Pause Young (Allocation Failure)
[61.307s][info][gc,heap        ] GC(181) PSYoungGen: 163328K(228864K)->15424K(234496K) Eden: 147968K(147968K)->0K(147968K) From: 15360K(80896K)->15424K(86528K)
[61.307s][info][gc,heap        ] GC(181) ParOldGen: 506857K(572928K)->506857K(572928K)
[61.307s][info][gc,metaspace   ] GC(181) Metaspace: 17515K(17728K)->17515K(17728K) NonClass: 14894K(14976K)->14894K(14976K) Class: 2621K(2752K)->2621K(2752K)
[61.307s][info][gc             ] GC(181) Pause Young (Allocation Failure) 654M->510M(788M) 17.036ms
[61.307s][info][gc,cpu         ] GC(181) User=0.03s Sys=0.00s Real=0.02s
[61.692s][info][gc,start       ] GC(182) Pause Young (Allocation Failure)
[61.710s][info][gc,heap        ] GC(182) PSYoungGen: 163392K(234496K)->15872K(229376K) Eden: 147968K(147968K)->0K(157696K) From: 15424K(86528K)->15872K(71680K)
[61.710s][info][gc,heap        ] GC(182) ParOldGen: 506857K(572928K)->506857K(572928K)
[61.710s][info][gc,metaspace   ] GC(182) Metaspace: 17515K(17728K)->17515K(17728K) NonClass: 14894K(14976K)->14894K(14976K) Class: 2621K(2752K)->2621K(2752K)
[61.710s][info][gc             ] GC(182) Pause Young (Allocation Failure) 654M->510M(783M) 17.268ms
[61.710s][info][gc,cpu         ] GC(182) User=0.03s Sys=0.00s Real=0.02s
[61.958s][info][gc,start       ] GC(183) Pause Young (Allocation Failure)
[61.995s][info][gc,heap        ] GC(183) PSYoungGen: 173568K(229376K)->40976K(235008K) Eden: 157696K(157696K)->0K(157696K) From: 15872K(71680K)->40976K(77312K)
[61.995s][info][gc,heap        ] GC(183) ParOldGen: 506857K(572928K)->506857K(572928K)
[61.995s][info][gc,metaspace   ] GC(183) Metaspace: 17517K(17728K)->17517K(17728K) NonClass: 14896K(14976K)->14896K(14976K) Class: 2621K(2752K)->2621K(2752K)
[61.995s][info][gc             ] GC(183) Pause Young (Allocation Failure) 664M->534M(789M) 36.746ms
[61.995s][info][gc,cpu         ] GC(183) User=0.07s Sys=0.00s Real=0.03s
[62.106s][info][gc,start       ] GC(184) Pause Young (Allocation Failure)
[62.194s][info][gc,heap        ] GC(184) PSYoungGen: 198672K(235008K)->78816K(212992K) Eden: 157696K(157696K)->0K(134144K) From: 40976K(77312K)->78816K(78848K)
[62.194s][info][gc,heap        ] GC(184) ParOldGen: 506857K(572928K)->524329K(572928K)
[62.194s][info][gc,metaspace   ] GC(184) Metaspace: 17521K(17728K)->17521K(17728K) NonClass: 14899K(14976K)->14899K(14976K) Class: 2621K(2752K)->2621K(2752K)
[62.194s][info][gc             ] GC(184) Pause Young (Allocation Failure) 688M->589M(767M) 87.655ms
[62.194s][info][gc,cpu         ] GC(184) User=0.16s Sys=0.02s Real=0.08s
[62.292s][info][gc,start       ] GC(185) Pause Young (Allocation Failure)
[62.389s][info][gc,heap        ] GC(185) PSYoungGen: 212960K(212992K)->99824K(233984K) Eden: 134144K(134144K)->0K(134144K) From: 78816K(78848K)->99824K(99840K)
[62.389s][info][gc,heap        ] GC(185) ParOldGen: 524329K(572928K)->553337K(572928K)
[62.389s][info][gc,metaspace   ] GC(185) Metaspace: 17526K(17792K)->17526K(17792K) NonClass: 14904K(15040K)->14904K(15040K) Class: 2621K(2752K)->2621K(2752K)
[62.389s][info][gc             ] GC(185) Pause Young (Allocation Failure) 720M->637M(788M) 97.503ms
[62.389s][info][gc,cpu         ] GC(185) User=0.19s Sys=0.00s Real=0.10s
[62.894s][info][gc,start       ] GC(186) Pause Young (Allocation Failure)
[62.981s][info][gc,heap        ] GC(186) PSYoungGen: 233968K(233984K)->99824K(211456K) Eden: 134144K(134144K)->0K(111616K) From: 99824K(99840K)->99824K(99840K)
[62.981s][info][gc,heap        ] GC(186) ParOldGen: 553337K(572928K)->563514K(572928K)
[62.981s][info][gc,metaspace   ] GC(186) Metaspace: 17526K(17792K)->17526K(17792K) NonClass: 14904K(15040K)->14904K(15040K) Class: 2621K(2752K)->2621K(2752K)
[62.981s][info][gc             ] GC(186) Pause Young (Allocation Failure) 768M->647M(766M) 87.223ms
[62.981s][info][gc,cpu         ] GC(186) User=0.16s Sys=0.00s Real=0.09s
[63.100s][info][gc,start       ] GC(187) Pause Young (Allocation Failure)
[63.214s][info][gc,heap        ] GC(187) PSYoungGen: 211440K(211456K)->57750K(222720K) Eden: 111616K(111616K)->0K(111616K) From: 99824K(99840K)->57750K(111104K)
[63.214s][info][gc,heap        ] GC(187) ParOldGen: 563514K(572928K)->617970K(617984K)
[63.214s][info][gc,metaspace   ] GC(187) Metaspace: 17526K(17792K)->17526K(17792K) NonClass: 14904K(15040K)->14904K(15040K) Class: 2621K(2752K)->2621K(2752K)
[63.214s][info][gc             ] GC(187) Pause Young (Allocation Failure) 756M->659M(821M) 114.006ms
[63.214s][info][gc,cpu         ] GC(187) User=0.19s Sys=0.02s Real=0.11s
[63.277s][info][gc,start       ] GC(188) Pause Full (Allocation Failure)
[63.278s][info][gc,phases,start] GC(188) Marking Phase
[63.646s][info][gc,phases      ] GC(188) Marking Phase 368.271ms
[63.646s][info][gc,phases,start] GC(188) Summary Phase
[63.646s][info][gc,phases      ] GC(188) Summary Phase 0.026ms
[63.646s][info][gc,phases,start] GC(188) Forward
[63.792s][info][gc,phases      ] GC(188) Forward 145.822ms
[63.792s][info][gc,phases,start] GC(188) Adjust Pointers
[64.064s][info][gc,phases      ] GC(188) Adjust Pointers 272.071ms
[64.064s][info][gc,phases,start] GC(188) Compaction Phase
[64.232s][info][gc,phases      ] GC(188) Compaction Phase 168.033ms
[64.241s][info][gc,phases,start] GC(188) Post Compact
[64.243s][info][gc,phases      ] GC(188) Post Compact 2.259ms
[64.243s][info][gc,heap        ] GC(188) PSYoungGen: 169366K(222720K)->0K(222720K) Eden: 111616K(111616K)->0K(111616K) From: 57750K(111104K)->0K(111104K)
[64.243s][info][gc,heap        ] GC(188) ParOldGen: 617970K(617984K)->557275K(667648K)
[64.243s][info][gc,metaspace   ] GC(188) Metaspace: 17526K(17792K)->17526K(17792K) NonClass: 14904K(15040K)->14904K(15040K) Class: 2621K(2752K)->2621K(2752K)
[64.243s][info][gc             ] GC(188) Pause Full (Allocation Failure) 768M->544M(869M) 965.502ms
[64.243s][info][gc,cpu         ] GC(188) User=1.82s Sys=0.00s Real=0.96s
[64.405s][info][gc,start       ] GC(189) Pause Young (Allocation Failure)
[64.442s][info][gc,heap        ] GC(189) PSYoungGen: 111616K(222720K)->15811K(222720K) Eden: 111616K(111616K)->0K(111616K) From: 0K(111104K)->15811K(111104K)
[64.442s][info][gc,heap        ] GC(189) ParOldGen: 557275K(667648K)->557275K(667648K)
[64.442s][info][gc,metaspace   ] GC(189) Metaspace: 17527K(17792K)->17527K(17792K) NonClass: 14905K(15040K)->14905K(15040K) Class: 2621K(2752K)->2621K(2752K)
[64.442s][info][gc             ] GC(189) Pause Young (Allocation Failure) 653M->559M(869M) 37.290ms
[64.442s][info][gc,cpu         ] GC(189) User=0.07s Sys=0.00s Real=0.04s
[64.624s][info][gc,start       ] GC(190) Pause Young (Allocation Failure)
[64.709s][info][gc,heap        ] GC(190) PSYoungGen: 127427K(222720K)->37248K(222720K) Eden: 111616K(111616K)->0K(111616K) From: 15811K(111104K)->37248K(111104K)
[64.709s][info][gc,heap        ] GC(190) ParOldGen: 557275K(667648K)->572934K(667648K)
[64.709s][info][gc,metaspace   ] GC(190) Metaspace: 17527K(17792K)->17527K(17792K) NonClass: 14905K(15040K)->14905K(15040K) Class: 2621K(2752K)->2621K(2752K)
[64.709s][info][gc             ] GC(190) Pause Young (Allocation Failure) 668M->595M(869M) 85.169ms
[64.709s][info][gc,cpu         ] GC(190) User=0.17s Sys=0.00s Real=0.09s
[64.867s][info][gc,start       ] GC(191) Pause Young (Allocation Failure)
[64.924s][info][gc,heap        ] GC(191) PSYoungGen: 148864K(222720K)->32K(222720K) Eden: 111616K(111616K)->0K(111616K) From: 37248K(111104K)->32K(111104K)
[64.924s][info][gc,heap        ] GC(191) ParOldGen: 572934K(667648K)->610246K(667648K)
[64.924s][info][gc,metaspace   ] GC(191) Metaspace: 17527K(17792K)->17527K(17792K) NonClass: 14905K(15040K)->14905K(15040K) Class: 2621K(2752K)->2621K(2752K)
[64.924s][info][gc             ] GC(191) Pause Young (Allocation Failure) 704M->595M(869M) 57.176ms
[64.924s][info][gc,cpu         ] GC(191) User=0.11s Sys=0.00s Real=0.05s
[65.084s][info][gc,start       ] GC(192) Pause Young (Allocation Failure)
[65.085s][info][gc,heap        ] GC(192) PSYoungGen: 111648K(222720K)->64K(222720K) Eden: 111616K(111616K)->0K(111616K) From: 32K(111104K)->64K(111104K)
[65.085s][info][gc,heap        ] GC(192) ParOldGen: 610246K(667648K)->610246K(667648K)
[65.086s][info][gc,metaspace   ] GC(192) Metaspace: 17527K(17792K)->17527K(17792K) NonClass: 14905K(15040K)->14905K(15040K) Class: 2621K(2752K)->2621K(2752K)
[65.086s][info][gc             ] GC(192) Pause Young (Allocation Failure) 704M->596M(869M) 1.918ms
[65.086s][info][gc,cpu         ] GC(192) User=0.00s Sys=0.00s Real=0.00s
[65.237s][info][gc,start       ] GC(193) Pause Young (Allocation Failure)
[65.239s][info][gc,heap        ] GC(193) PSYoungGen: 111680K(222720K)->64K(222720K) Eden: 111616K(111616K)->0K(111616K) From: 64K(111104K)->64K(111104K)
[65.239s][info][gc,heap        ] GC(193) ParOldGen: 610246K(667648K)->610246K(667648K)
[65.239s][info][gc,metaspace   ] GC(193) Metaspace: 17527K(17792K)->17527K(17792K) NonClass: 14905K(15040K)->14905K(15040K) Class: 2621K(2752K)->2621K(2752K)
[65.239s][info][gc             ] GC(193) Pause Young (Allocation Failure) 705M->596M(869M) 1.899ms
[65.239s][info][gc,cpu         ] GC(193) User=0.01s Sys=0.00s Real=0.00s
[65.390s][info][gc,start       ] GC(194) Pause Young (Allocation Failure)
[65.392s][info][gc,heap        ] GC(194) PSYoungGen: 111680K(222720K)->64K(222720K) Eden: 111616K(111616K)->0K(111616K) From: 64K(111104K)->64K(111104K)
[65.392s][info][gc,heap        ] GC(194) ParOldGen: 610246K(667648K)->610246K(667648K)
[65.392s][info][gc,metaspace   ] GC(194) Metaspace: 17527K(17792K)->17527K(17792K) NonClass: 14905K(15040K)->14905K(15040K) Class: 2621K(2752K)->2621K(2752K)
[65.392s][info][gc             ] GC(194) Pause Young (Allocation Failure) 705M->596M(869M) 1.941ms
[65.392s][info][gc,cpu         ] GC(194) User=0.00s Sys=0.00s Real=0.00s
[65.542s][info][gc,start       ] GC(195) Pause Young (Allocation Failure)
[65.544s][info][gc,heap        ] GC(195) PSYoungGen: 111680K(222720K)->64K(222720K) Eden: 111616K(111616K)->0K(111616K) From: 64K(111104K)->64K(111104K)
[65.544s][info][gc,heap        ] GC(195) ParOldGen: 610246K(667648K)->610246K(667648K)
[65.544s][info][gc,metaspace   ] GC(195) Metaspace: 17527K(17792K)->17527K(17792K) NonClass: 14905K(15040K)->14905K(15040K) Class: 2621K(2752K)->2621K(2752K)
[65.544s][info][gc             ] GC(195) Pause Young (Allocation Failure) 705M->596M(869M) 1.966ms
[65.544s][info][gc,cpu         ] GC(195) User=0.00s Sys=0.00s Real=0.00s
[65.694s][info][gc,start       ] GC(196) Pause Young (Allocation Failure)
[65.696s][info][gc,heap        ] GC(196) PSYoungGen: 111680K(222720K)->64K(222720K) Eden: 111616K(111616K)->0K(111616K) From: 64K(111104K)->64K(111104K)
[65.696s][info][gc,heap        ] GC(196) ParOldGen: 610246K(667648K)->610246K(667648K)
[65.696s][info][gc,metaspace   ] GC(196) Metaspace: 17527K(17792K)->17527K(17792K) NonClass: 14905K(15040K)->14905K(15040K) Class: 2621K(2752K)->2621K(2752K)
[65.696s][info][gc             ] GC(196) Pause Young (Allocation Failure) 705M->596M(869M) 1.956ms
[65.696s][info][gc,cpu         ] GC(196) User=0.00s Sys=0.00s Real=0.01s
[65.850s][info][gc,start       ] GC(197) Pause Young (Allocation Failure)
[65.853s][info][gc,heap        ] GC(197) PSYoungGen: 111680K(222720K)->64K(112128K) Eden: 111616K(111616K)->0K(111616K) From: 64K(111104K)->64K(512K)
[65.853s][info][gc,heap        ] GC(197) ParOldGen: 610246K(667648K)->610254K(667648K)
[65.853s][info][gc,metaspace   ] GC(197) Metaspace: 17527K(17792K)->17527K(17792K) NonClass: 14905K(15040K)->14905K(15040K) Class: 2621K(2752K)->2621K(2752K)
[65.853s][info][gc             ] GC(197) Pause Young (Allocation Failure) 705M->596M(761M) 2.676ms
[65.853s][info][gc,cpu         ] GC(197) User=0.00s Sys=0.00s Real=0.00s
[66.003s][info][gc,start       ] GC(198) Pause Young (Allocation Failure)
[66.005s][info][gc,heap        ] GC(198) PSYoungGen: 111680K(112128K)->64K(218624K) Eden: 111616K(111616K)->0K(116224K) From: 64K(512K)->64K(102400K)
[66.005s][info][gc,heap        ] GC(198) ParOldGen: 610254K(667648K)->610254K(667648K)
[66.005s][info][gc,metaspace   ] GC(198) Metaspace: 17527K(17792K)->17527K(17792K) NonClass: 14905K(15040K)->14905K(15040K) Class: 2621K(2752K)->2621K(2752K)
[66.005s][info][gc             ] GC(198) Pause Young (Allocation Failure) 705M->596M(865M) 2.322ms
[66.005s][info][gc,cpu         ] GC(198) User=0.00s Sys=0.01s Real=0.00s
[66.163s][info][gc,start       ] GC(199) Pause Young (Allocation Failure)
[66.166s][info][gc,heap        ] GC(199) PSYoungGen: 116288K(218624K)->64K(116736K) Eden: 116224K(116224K)->0K(116224K) From: 64K(102400K)->64K(512K)
[66.166s][info][gc,heap        ] GC(199) ParOldGen: 610254K(667648K)->610254K(667648K)
[66.166s][info][gc,metaspace   ] GC(199) Metaspace: 17527K(17792K)->17527K(17792K) NonClass: 14905K(15040K)->14905K(15040K) Class: 2621K(2752K)->2621K(2752K)
[66.166s][info][gc             ] GC(199) Pause Young (Allocation Failure) 709M->596M(766M) 2.407ms
[66.166s][info][gc,cpu         ] GC(199) User=0.00s Sys=0.00s Real=0.00s
[66.309s][info][gc,start       ] GC(200) Pause Young (Allocation Failure)
[66.321s][info][gc,heap        ] GC(200) PSYoungGen: 116288K(116736K)->8096K(206336K) Eden: 116224K(116224K)->0K(121344K) From: 64K(512K)->8096K(84992K)
[66.321s][info][gc,heap        ] GC(200) ParOldGen: 610254K(667648K)->610254K(667648K)
[66.321s][info][gc,metaspace   ] GC(200) Metaspace: 17527K(17792K)->17527K(17792K) NonClass: 14905K(15040K)->14905K(15040K) Class: 2621K(2752K)->2621K(2752K)
[66.321s][info][gc             ] GC(200) Pause Young (Allocation Failure) 709M->603M(853M) 12.209ms
[66.321s][info][gc,cpu         ] GC(200) User=0.02s Sys=0.00s Real=0.01s
[66.440s][info][gc,start       ] GC(201) Pause Young (Allocation Failure)
[66.465s][info][gc,heap        ] GC(201) PSYoungGen: 129440K(206336K)->23808K(211968K) Eden: 121344K(121344K)->0K(121344K) From: 8096K(84992K)->23808K(90624K)
[66.465s][info][gc,heap        ] GC(201) ParOldGen: 610254K(667648K)->610254K(667648K)
[66.465s][info][gc,metaspace   ] GC(201) Metaspace: 17527K(17792K)->17527K(17792K) NonClass: 14906K(15040K)->14906K(15040K) Class: 2621K(2752K)->2621K(2752K)
[66.465s][info][gc             ] GC(201) Pause Young (Allocation Failure) 722M->619M(859M) 25.315ms
[66.465s][info][gc,cpu         ] GC(201) User=0.05s Sys=0.00s Real=0.02s
[66.563s][info][gc,start       ] GC(202) Pause Young (Allocation Failure)
[66.595s][info][gc,heap        ] GC(202) PSYoungGen: 145152K(211968K)->31040K(215552K) Eden: 121344K(121344K)->0K(131584K) From: 23808K(90624K)->31040K(83968K)
[66.595s][info][gc,heap        ] GC(202) ParOldGen: 610254K(667648K)->610254K(667648K)
[66.595s][info][gc,metaspace   ] GC(202) Metaspace: 17527K(17792K)->17527K(17792K) NonClass: 14906K(15040K)->14906K(15040K) Class: 2621K(2752K)->2621K(2752K)
[66.595s][info][gc             ] GC(202) Pause Young (Allocation Failure) 737M->626M(862M) 31.891ms
[66.595s][info][gc,cpu         ] GC(202) User=0.07s Sys=0.00s Real=0.03s
[66.712s][info][gc,start       ] GC(203) Pause Young (Allocation Failure)
[66.744s][info][gc,heap        ] GC(203) PSYoungGen: 162624K(215552K)->31424K(215552K) Eden: 131584K(131584K)->0K(131584K) From: 31040K(83968K)->31424K(83968K)
[66.744s][info][gc,heap        ] GC(203) ParOldGen: 610254K(667648K)->610254K(667648K)
[66.744s][info][gc,metaspace   ] GC(203) Metaspace: 17527K(17792K)->17527K(17792K) NonClass: 14906K(15040K)->14906K(15040K) Class: 2621K(2752K)->2621K(2752K)
[66.744s][info][gc             ] GC(203) Pause Young (Allocation Failure) 754M->626M(862M) 31.503ms
[66.744s][info][gc,cpu         ] GC(203) User=0.06s Sys=0.00s Real=0.03s
[66.887s][info][gc,start       ] GC(204) Pause Young (Allocation Failure)
[66.920s][info][gc,heap        ] GC(204) PSYoungGen: 163008K(215552K)->32800K(224256K) Eden: 131584K(131584K)->0K(144384K) From: 31424K(83968K)->32800K(79872K)
[66.920s][info][gc,heap        ] GC(204) ParOldGen: 610254K(667648K)->610254K(667648K)
[66.920s][info][gc,metaspace   ] GC(204) Metaspace: 17527K(17792K)->17527K(17792K) NonClass: 14906K(15040K)->14906K(15040K) Class: 2621K(2752K)->2621K(2752K)
[66.920s][info][gc             ] GC(204) Pause Young (Allocation Failure) 755M->627M(871M) 33.021ms
[66.920s][info][gc,cpu         ] GC(204) User=0.07s Sys=0.00s Real=0.03s
[67.094s][info][gc,start       ] GC(205) Pause Young (Allocation Failure)
[67.135s][info][gc,heap        ] GC(205) PSYoungGen: 177184K(224256K)->40960K(225280K) Eden: 144384K(144384K)->0K(144384K) From: 32800K(79872K)->40960K(80896K)
[67.135s][info][gc,heap        ] GC(205) ParOldGen: 610254K(667648K)->610254K(667648K)
[67.135s][info][gc,metaspace   ] GC(205) Metaspace: 17527K(17792K)->17527K(17792K) NonClass: 14906K(15040K)->14906K(15040K) Class: 2621K(2752K)->2621K(2752K)
[67.135s][info][gc             ] GC(205) Pause Young (Allocation Failure) 768M->635M(872M) 40.951ms
[67.135s][info][gc,cpu         ] GC(205) User=0.08s Sys=0.00s Real=0.04s
[67.431s][info][gc,start       ] GC(206) Pause Young (Allocation Failure)
[67.474s][info][gc,heap        ] GC(206) PSYoungGen: 185344K(225280K)->40992K(240640K) Eden: 144384K(144384K)->0K(158208K) From: 40960K(80896K)->40992K(82432K)
[67.474s][info][gc,heap        ] GC(206) ParOldGen: 610254K(667648K)->610254K(667648K)
[67.474s][info][gc,metaspace   ] GC(206) Metaspace: 17528K(17792K)->17528K(17792K) NonClass: 14907K(15040K)->14907K(15040K) Class: 2621K(2752K)->2621K(2752K)
[67.474s][info][gc             ] GC(206) Pause Young (Allocation Failure) 776M->635M(887M) 42.877ms
[67.474s][info][gc,cpu         ] GC(206) User=0.08s Sys=0.00s Real=0.04s
[67.767s][info][gc,start       ] GC(207) Pause Young (Allocation Failure)
[67.807s][info][gc,heap        ] GC(207) PSYoungGen: 199200K(240640K)->41088K(241152K) Eden: 158208K(158208K)->0K(158208K) From: 40992K(82432K)->41088K(82944K)
[67.807s][info][gc,heap        ] GC(207) ParOldGen: 610254K(667648K)->610254K(667648K)
[67.807s][info][gc,metaspace   ] GC(207) Metaspace: 17528K(17792K)->17528K(17792K) NonClass: 14907K(15040K)->14907K(15040K) Class: 2621K(2752K)->2621K(2752K)
[67.807s][info][gc             ] GC(207) Pause Young (Allocation Failure) 790M->636M(887M) 40.116ms
[67.807s][info][gc,cpu         ] GC(207) User=0.08s Sys=0.00s Real=0.04s
[68.090s][info][gc,start       ] GC(208) Pause Young (Allocation Failure)
[68.131s][info][gc,heap        ] GC(208) PSYoungGen: 199296K(241152K)->41088K(250368K) Eden: 158208K(158208K)->0K(167424K) From: 41088K(82944K)->41088K(82944K)
[68.131s][info][gc,heap        ] GC(208) ParOldGen: 610254K(667648K)->610254K(667648K)
[68.131s][info][gc,metaspace   ] GC(208) Metaspace: 17528K(17792K)->17528K(17792K) NonClass: 14907K(15040K)->14907K(15040K) Class: 2621K(2752K)->2621K(2752K)
[68.131s][info][gc             ] GC(208) Pause Young (Allocation Failure) 790M->636M(896M) 40.925ms
[68.131s][info][gc,cpu         ] GC(208) User=0.08s Sys=0.00s Real=0.04s
[68.384s][info][gc,start       ] GC(209) Pause Young (Allocation Failure)
[68.440s][info][gc,heap        ] GC(209) PSYoungGen: 208512K(250368K)->54144K(221696K) Eden: 167424K(167424K)->0K(167424K) From: 41088K(82944K)->54144K(54272K)
[68.440s][info][gc,heap        ] GC(209) ParOldGen: 610254K(667648K)->610254K(667648K)
[68.440s][info][gc,metaspace   ] GC(209) Metaspace: 17528K(17792K)->17528K(17792K) NonClass: 14907K(15040K)->14907K(15040K) Class: 2621K(2752K)->2621K(2752K)
[68.440s][info][gc             ] GC(209) Pause Young (Allocation Failure) 799M->648M(868M) 55.900ms
[68.440s][info][gc,cpu         ] GC(209) User=0.11s Sys=0.00s Real=0.06s
[68.660s][info][gc,start       ] GC(210) Pause Young (Allocation Failure)
[68.725s][info][gc,heap        ] GC(210) PSYoungGen: 221568K(221696K)->65840K(231424K) Eden: 167424K(167424K)->0K(144384K) From: 54144K(54272K)->65840K(87040K)
[68.725s][info][gc,heap        ] GC(210) ParOldGen: 610254K(667648K)->610254K(667648K)
[68.725s][info][gc,metaspace   ] GC(210) Metaspace: 17528K(17792K)->17528K(17792K) NonClass: 14907K(15040K)->14907K(15040K) Class: 2621K(2752K)->2621K(2752K)
[68.725s][info][gc             ] GC(210) Pause Young (Allocation Failure) 812M->660M(878M) 65.230ms
[68.725s][info][gc,cpu         ] GC(210) User=0.12s Sys=0.01s Real=0.06s
[68.862s][info][gc,start       ] GC(211) Pause Young (Allocation Failure)
[68.955s][info][gc,heap        ] GC(211) PSYoungGen: 210224K(231424K)->94704K(239104K) Eden: 144384K(144384K)->0K(144384K) From: 65840K(87040K)->94704K(94720K)
[68.955s][info][gc,heap        ] GC(211) ParOldGen: 610254K(667648K)->621958K(667648K)
[68.955s][info][gc,metaspace   ] GC(211) Metaspace: 17528K(17792K)->17528K(17792K) NonClass: 14907K(15040K)->14907K(15040K) Class: 2621K(2752K)->2621K(2752K)
[68.955s][info][gc             ] GC(211) Pause Young (Allocation Failure) 801M->699M(885M) 93.078ms
[68.955s][info][gc,cpu         ] GC(211) User=0.17s Sys=0.01s Real=0.09s
[69.342s][info][gc,start       ] GC(212) Pause Young (Allocation Failure)
[69.438s][info][gc,heap        ] GC(212) PSYoungGen: 239088K(239104K)->90944K(206336K) Eden: 144384K(144384K)->0K(111616K) From: 94704K(94720K)->90944K(94720K)
[69.438s][info][gc,heap        ] GC(212) ParOldGen: 621958K(667648K)->630062K(667648K)
[69.438s][info][gc,metaspace   ] GC(212) Metaspace: 17545K(17792K)->17545K(17792K) NonClass: 14923K(15040K)->14923K(15040K) Class: 2622K(2752K)->2622K(2752K)
[69.438s][info][gc             ] GC(212) Pause Young (Allocation Failure) 840M->704M(853M) 96.195ms
[69.438s][info][gc,cpu         ] GC(212) User=0.17s Sys=0.01s Real=0.10s
[69.613s][info][gc,start       ] GC(213) Pause Full (Allocation Failure)
[69.613s][info][gc,phases,start] GC(213) Marking Phase
[69.780s][info][gc,phases      ] GC(213) Marking Phase 166.236ms
[69.780s][info][gc,phases,start] GC(213) Summary Phase
[69.780s][info][gc,phases      ] GC(213) Summary Phase 0.028ms
[69.780s][info][gc,phases,start] GC(213) Forward
[69.863s][info][gc,phases      ] GC(213) Forward 83.106ms
[69.863s][info][gc,phases,start] GC(213) Adjust Pointers
[70.010s][info][gc,phases      ] GC(213) Adjust Pointers 147.297ms
[70.010s][info][gc,phases,start] GC(213) Compaction Phase
[70.089s][info][gc,phases      ] GC(213) Compaction Phase 79.046ms
[70.105s][info][gc,phases,start] GC(213) Post Compact
[70.107s][info][gc,phases      ] GC(213) Post Compact 2.657ms
[70.112s][info][gc,heap        ] GC(213) PSYoungGen: 202560K(206336K)->0K(222720K) Eden: 111616K(111616K)->0K(111616K) From: 90944K(94720K)->0K(111104K)
[70.112s][info][gc,heap        ] GC(213) ParOldGen: 630062K(667648K)->288264K(567808K)
[70.112s][info][gc,metaspace   ] GC(213) Metaspace: 17561K(17792K)->17561K(17792K) NonClass: 14934K(15040K)->14934K(15040K) Class: 2626K(2752K)->2626K(2752K)
[70.112s][info][gc             ] GC(213) Pause Full (Allocation Failure) 813M->281M(772M) 499.050ms
[70.112s][info][gc,cpu         ] GC(213) User=0.87s Sys=0.01s Real=0.50s
[70.258s][info][gc,start       ] GC(214) Pause Young (Allocation Failure)
[70.259s][info][gc,heap        ] GC(214) PSYoungGen: 111616K(222720K)->64K(222720K) Eden: 111616K(111616K)->0K(111616K) From: 0K(111104K)->64K(111104K)
[70.259s][info][gc,heap        ] GC(214) ParOldGen: 288264K(567808K)->288264K(567808K)
[70.259s][info][gc,metaspace   ] GC(214) Metaspace: 17561K(17792K)->17561K(17792K) NonClass: 14934K(15040K)->14934K(15040K) Class: 2626K(2752K)->2626K(2752K)
[70.259s][info][gc             ] GC(214) Pause Young (Allocation Failure) 390M->281M(772M) 1.175ms
[70.259s][info][gc,cpu         ] GC(214) User=0.00s Sys=0.00s Real=0.00s
[70.404s][info][gc,start       ] GC(215) Pause Young (Allocation Failure)
[70.405s][info][gc,heap        ] GC(215) PSYoungGen: 111680K(222720K)->64K(222720K) Eden: 111616K(111616K)->0K(111616K) From: 64K(111104K)->64K(111104K)
[70.405s][info][gc,heap        ] GC(215) ParOldGen: 288264K(567808K)->288264K(567808K)
[70.405s][info][gc,metaspace   ] GC(215) Metaspace: 17561K(17792K)->17561K(17792K) NonClass: 14934K(15040K)->14934K(15040K) Class: 2626K(2752K)->2626K(2752K)
[70.405s][info][gc             ] GC(215) Pause Young (Allocation Failure) 390M->281M(772M) 1.123ms
[70.405s][info][gc,cpu         ] GC(215) User=0.00s Sys=0.00s Real=0.00s
[70.549s][info][gc,start       ] GC(216) Pause Young (Allocation Failure)
[70.550s][info][gc,heap        ] GC(216) PSYoungGen: 111680K(222720K)->64K(222720K) Eden: 111616K(111616K)->0K(111616K) From: 64K(111104K)->64K(111104K)
[70.550s][info][gc,heap        ] GC(216) ParOldGen: 288264K(567808K)->288264K(567808K)
[70.550s][info][gc,metaspace   ] GC(216) Metaspace: 17561K(17792K)->17561K(17792K) NonClass: 14934K(15040K)->14934K(15040K) Class: 2626K(2752K)->2626K(2752K)
[70.550s][info][gc             ] GC(216) Pause Young (Allocation Failure) 390M->281M(772M) 1.160ms
[70.550s][info][gc,cpu         ] GC(216) User=0.00s Sys=0.00s Real=0.00s
[70.693s][info][gc,start       ] GC(217) Pause Young (Allocation Failure)
[70.694s][info][gc,heap        ] GC(217) PSYoungGen: 111680K(222720K)->64K(222720K) Eden: 111616K(111616K)->0K(111616K) From: 64K(111104K)->64K(111104K)
[70.694s][info][gc,heap        ] GC(217) ParOldGen: 288264K(567808K)->288264K(567808K)
[70.694s][info][gc,metaspace   ] GC(217) Metaspace: 17561K(17792K)->17561K(17792K) NonClass: 14934K(15040K)->14934K(15040K) Class: 2626K(2752K)->2626K(2752K)
[70.694s][info][gc             ] GC(217) Pause Young (Allocation Failure) 390M->281M(772M) 1.128ms
[70.694s][info][gc,cpu         ] GC(217) User=0.00s Sys=0.00s Real=0.00s
[70.837s][info][gc,start       ] GC(218) Pause Young (Allocation Failure)
[70.839s][info][gc,heap        ] GC(218) PSYoungGen: 111680K(222720K)->64K(222720K) Eden: 111616K(111616K)->0K(111616K) From: 64K(111104K)->64K(111104K)
[70.839s][info][gc,heap        ] GC(218) ParOldGen: 288264K(567808K)->288264K(567808K)
[70.839s][info][gc,metaspace   ] GC(218) Metaspace: 17561K(17792K)->17561K(17792K) NonClass: 14934K(15040K)->14934K(15040K) Class: 2626K(2752K)->2626K(2752K)
[70.839s][info][gc             ] GC(218) Pause Young (Allocation Failure) 390M->281M(772M) 1.086ms
[70.839s][info][gc,cpu         ] GC(218) User=0.00s Sys=0.00s Real=0.00s
[70.982s][info][gc,start       ] GC(219) Pause Young (Allocation Failure)
[70.983s][info][gc,heap        ] GC(219) PSYoungGen: 111680K(222720K)->64K(222720K) Eden: 111616K(111616K)->0K(111616K) From: 64K(111104K)->64K(111104K)
[70.984s][info][gc,heap        ] GC(219) ParOldGen: 288264K(567808K)->288264K(567808K)
[70.984s][info][gc,metaspace   ] GC(219) Metaspace: 17561K(17792K)->17561K(17792K) NonClass: 14934K(15040K)->14934K(15040K) Class: 2626K(2752K)->2626K(2752K)
[70.984s][info][gc             ] GC(219) Pause Young (Allocation Failure) 390M->281M(772M) 1.112ms
[70.984s][info][gc,cpu         ] GC(219) User=0.01s Sys=0.00s Real=0.00s
[71.105s][info][gc,start       ] GC(220) Pause Young (Allocation Failure)
[71.129s][info][gc,heap        ] GC(220) PSYoungGen: 111680K(222720K)->18240K(208384K) Eden: 111616K(111616K)->0K(111616K) From: 64K(111104K)->18240K(96768K)
[71.129s][info][gc,heap        ] GC(220) ParOldGen: 288264K(567808K)->288272K(567808K)
[71.129s][info][gc,metaspace   ] GC(220) Metaspace: 17561K(17792K)->17561K(17792K) NonClass: 14934K(15040K)->14934K(15040K) Class: 2626K(2752K)->2626K(2752K)
[71.129s][info][gc             ] GC(220) Pause Young (Allocation Failure) 390M->299M(758M) 23.584ms
[71.129s][info][gc,cpu         ] GC(220) User=0.04s Sys=0.00s Real=0.03s
[71.263s][info][gc,start       ] GC(221) Pause Young (Allocation Failure)
[71.299s][info][gc,heap        ] GC(221) PSYoungGen: 129856K(208384K)->34976K(215552K) Eden: 111616K(111616K)->0K(111616K) From: 18240K(96768K)->34976K(103936K)
[71.299s][info][gc,heap        ] GC(221) ParOldGen: 288272K(567808K)->288272K(567808K)
[71.299s][info][gc,metaspace   ] GC(221) Metaspace: 17561K(17792K)->17561K(17792K) NonClass: 14934K(15040K)->14934K(15040K) Class: 2626K(2752K)->2626K(2752K)
[71.299s][info][gc             ] GC(221) Pause Young (Allocation Failure) 408M->315M(765M) 36.216ms
[71.299s][info][gc,cpu         ] GC(221) User=0.08s Sys=0.00s Real=0.04s
[71.386s][info][gc,start       ] GC(222) Pause Young (Allocation Failure)
[71.443s][info][gc,heap        ] GC(222) PSYoungGen: 146592K(215552K)->55008K(217600K) Eden: 111616K(111616K)->0K(117760K) From: 34976K(103936K)->55008K(99840K)
[71.443s][info][gc,heap        ] GC(222) ParOldGen: 288272K(567808K)->288272K(567808K)
[71.443s][info][gc,metaspace   ] GC(222) Metaspace: 17561K(17792K)->17561K(17792K) NonClass: 14934K(15040K)->14934K(15040K) Class: 2626K(2752K)->2626K(2752K)
[71.443s][info][gc             ] GC(222) Pause Young (Allocation Failure) 424M->335M(767M) 56.745ms
[71.443s][info][gc,cpu         ] GC(222) User=0.11s Sys=0.00s Real=0.06s
[71.539s][info][gc,start       ] GC(223) Pause Young (Allocation Failure)
[71.618s][info][gc,heap        ] GC(223) PSYoungGen: 172768K(217600K)->82176K(221184K) Eden: 117760K(117760K)->0K(117760K) From: 55008K(99840K)->82176K(103424K)
[71.618s][info][gc,heap        ] GC(223) ParOldGen: 288272K(567808K)->288272K(567808K)
[71.618s][info][gc,metaspace   ] GC(223) Metaspace: 17561K(17792K)->17561K(17792K) NonClass: 14934K(15040K)->14934K(15040K) Class: 2626K(2752K)->2626K(2752K)
[71.618s][info][gc             ] GC(223) Pause Young (Allocation Failure) 450M->361M(770M) 79.549ms
[71.618s][info][gc,cpu         ] GC(223) User=0.16s Sys=0.00s Real=0.08s
[71.693s][info][gc,start       ] GC(224) Pause Young (Allocation Failure)
[71.784s][info][gc,heap        ] GC(224) PSYoungGen: 199936K(221184K)->93952K(222720K) Eden: 117760K(117760K)->0K(111616K) From: 82176K(103424K)->93952K(111104K)
[71.784s][info][gc,heap        ] GC(224) ParOldGen: 288272K(567808K)->288272K(567808K)
[71.784s][info][gc,metaspace   ] GC(224) Metaspace: 17561K(17792K)->17561K(17792K) NonClass: 14934K(15040K)->14934K(15040K) Class: 2626K(2752K)->2626K(2752K)
[71.784s][info][gc             ] GC(224) Pause Young (Allocation Failure) 476M->373M(772M) 90.335ms
[71.784s][info][gc,cpu         ] GC(224) User=0.18s Sys=0.00s Real=0.09s
[71.844s][info][gc,start       ] GC(225) Pause Young (Allocation Failure)
[71.941s][info][gc,heap        ] GC(225) PSYoungGen: 205568K(222720K)->65664K(222720K) Eden: 111616K(111616K)->0K(111616K) From: 93952K(111104K)->65664K(111104K)
[71.941s][info][gc,heap        ] GC(225) ParOldGen: 288272K(567808K)->323296K(567808K)
[71.941s][info][gc,metaspace   ] GC(225) Metaspace: 17561K(17792K)->17561K(17792K) NonClass: 14934K(15040K)->14934K(15040K) Class: 2626K(2752K)->2626K(2752K)
[71.941s][info][gc             ] GC(225) Pause Young (Allocation Failure) 482M->379M(772M) 96.375ms
[71.941s][info][gc,cpu         ] GC(225) User=0.19s Sys=0.00s Real=0.10s
[71.995s][info][gc,start       ] GC(226) Pause Young (Allocation Failure)
[72.065s][info][gc,heap        ] GC(226) PSYoungGen: 177280K(222720K)->24224K(222720K) Eden: 111616K(111616K)->0K(111616K) From: 65664K(111104K)->24224K(111104K)
[72.066s][info][gc,heap        ] GC(226) ParOldGen: 323296K(567808K)->370608K(567808K)
[72.066s][info][gc,metaspace   ] GC(226) Metaspace: 17561K(17792K)->17561K(17792K) NonClass: 14934K(15040K)->14934K(15040K) Class: 2626K(2752K)->2626K(2752K)
[72.066s][info][gc             ] GC(226) Pause Young (Allocation Failure) 488M->385M(772M) 70.270ms
[72.066s][info][gc,cpu         ] GC(226) User=0.14s Sys=0.00s Real=0.07s
[72.145s][info][gc,start       ] GC(227) Pause Young (Allocation Failure)
[72.176s][info][gc,heap        ] GC(227) PSYoungGen: 135840K(222720K)->5984K(222720K) Eden: 111616K(111616K)->0K(111616K) From: 24224K(111104K)->5984K(111104K)
[72.176s][info][gc,heap        ] GC(227) ParOldGen: 370608K(567808K)->389104K(567808K)
[72.176s][info][gc,metaspace   ] GC(227) Metaspace: 17561K(17792K)->17561K(17792K) NonClass: 14934K(15040K)->14934K(15040K) Class: 2626K(2752K)->2626K(2752K)
[72.176s][info][gc             ] GC(227) Pause Young (Allocation Failure) 494M->385M(772M) 30.168ms
[72.176s][info][gc,cpu         ] GC(227) User=0.06s Sys=0.00s Real=0.03s
[72.271s][info][gc,start       ] GC(228) Pause Young (Allocation Failure)
[72.284s][info][gc,heap        ] GC(228) PSYoungGen: 117600K(222720K)->64K(222720K) Eden: 111616K(111616K)->0K(111616K) From: 5984K(111104K)->64K(111104K)
[72.284s][info][gc,heap        ] GC(228) ParOldGen: 389104K(567808K)->395072K(567808K)
[72.284s][info][gc,metaspace   ] GC(228) Metaspace: 17561K(17792K)->17561K(17792K) NonClass: 14934K(15040K)->14934K(15040K) Class: 2626K(2752K)->2626K(2752K)
[72.285s][info][gc             ] GC(228) Pause Young (Allocation Failure) 494M->385M(772M) 13.216ms
[72.285s][info][gc,cpu         ] GC(228) User=0.03s Sys=0.00s Real=0.01s
[72.397s][info][gc,start       ] GC(229) Pause Young (Allocation Failure)
[72.410s][info][gc,heap        ] GC(229) PSYoungGen: 111680K(222720K)->6688K(222720K) Eden: 111616K(111616K)->0K(111616K) From: 64K(111104K)->6688K(111104K)
[72.410s][info][gc,heap        ] GC(229) ParOldGen: 395072K(567808K)->395104K(567808K)
[72.410s][info][gc,metaspace   ] GC(229) Metaspace: 17584K(17792K)->17584K(17792K) NonClass: 14957K(15040K)->14957K(15040K) Class: 2627K(2752K)->2627K(2752K)
[72.410s][info][gc             ] GC(229) Pause Young (Allocation Failure) 494M->392M(772M) 12.665ms
[72.410s][info][gc,cpu         ] GC(229) User=0.02s Sys=0.00s Real=0.01s
[72.506s][info][gc,start       ] GC(230) Pause Young (Allocation Failure)
[72.527s][info][gc,heap        ] GC(230) PSYoungGen: 118304K(222720K)->7680K(222720K) Eden: 111616K(111616K)->0K(111616K) From: 6688K(111104K)->7680K(111104K)
[72.527s][info][gc,heap        ] GC(230) ParOldGen: 395104K(567808K)->401788K(567808K)
[72.527s][info][gc,metaspace   ] GC(230) Metaspace: 17584K(17792K)->17584K(17792K) NonClass: 14957K(15040K)->14957K(15040K) Class: 2627K(2752K)->2627K(2752K)
[72.528s][info][gc             ] GC(230) Pause Young (Allocation Failure) 501M->399M(772M) 21.143ms
[72.528s][info][gc,cpu         ] GC(230) User=0.05s Sys=0.00s Real=0.02s
[72.643s][info][gc,start       ] GC(231) Pause Young (Allocation Failure)
[72.653s][info][gc,heap        ] GC(231) PSYoungGen: 119296K(222720K)->64K(112128K) Eden: 111616K(111616K)->0K(111616K) From: 7680K(111104K)->64K(512K)
[72.653s][info][gc,heap        ] GC(231) ParOldGen: 401788K(567808K)->409444K(567808K)
[72.653s][info][gc,metaspace   ] GC(231) Metaspace: 17585K(17792K)->17585K(17792K) NonClass: 14958K(15040K)->14958K(15040K) Class: 2627K(2752K)->2627K(2752K)
[72.653s][info][gc             ] GC(231) Pause Young (Allocation Failure) 508M->399M(664M) 9.999ms
[72.653s][info][gc,cpu         ] GC(231) User=0.02s Sys=0.00s Real=0.01s
[72.851s][info][gc,start       ] GC(232) Pause Young (Allocation Failure)
[72.853s][info][gc,heap        ] GC(232) PSYoungGen: 111680K(112128K)->128K(223744K) Eden: 111616K(111616K)->0K(115712K) From: 64K(512K)->128K(108032K)
[72.853s][info][gc,heap        ] GC(232) ParOldGen: 409444K(567808K)->409460K(567808K)
[72.853s][info][gc,metaspace   ] GC(232) Metaspace: 17586K(17792K)->17586K(17792K) NonClass: 14959K(15040K)->14959K(15040K) Class: 2627K(2752K)->2627K(2752K)
[72.853s][info][gc             ] GC(232) Pause Young (Allocation Failure) 508M->399M(773M) 2.356ms
[72.853s][info][gc,cpu         ] GC(232) User=0.01s Sys=0.00s Real=0.00s
[73.124s][info][gc,start       ] GC(233) Pause Young (Allocation Failure)
[73.161s][info][gc,heap        ] GC(233) PSYoungGen: 115840K(223744K)->16080K(132096K) Eden: 115712K(115712K)->0K(115712K) From: 128K(108032K)->16080K(16384K)
[73.162s][info][gc,heap        ] GC(233) ParOldGen: 409460K(567808K)->409524K(567808K)
[73.162s][info][gc,metaspace   ] GC(233) Metaspace: 17586K(17792K)->17586K(17792K) NonClass: 14959K(15040K)->14959K(15040K) Class: 2627K(2752K)->2627K(2752K)
[73.162s][info][gc             ] GC(233) Pause Young (Allocation Failure) 512M->415M(683M) 37.343ms
[73.162s][info][gc,cpu         ] GC(233) User=0.08s Sys=0.00s Real=0.04s
[73.411s][info][gc,start       ] GC(234) Pause Young (Allocation Failure)
[73.438s][info][gc,heap        ] GC(234) PSYoungGen: 131792K(132096K)->6392K(219136K) Eden: 115712K(115712K)->0K(126976K) From: 16080K(16384K)->6392K(92160K)
[73.438s][info][gc,heap        ] GC(234) ParOldGen: 409524K(567808K)->425578K(567808K)
[73.438s][info][gc,metaspace   ] GC(234) Metaspace: 17586K(17792K)->17586K(17792K) NonClass: 14959K(15040K)->14959K(15040K) Class: 2627K(2752K)->2627K(2752K)
[73.438s][info][gc             ] GC(234) Pause Young (Allocation Failure) 528M->421M(768M) 26.577ms
[73.438s][info][gc,cpu         ] GC(234) User=0.05s Sys=0.00s Real=0.03s
[73.676s][info][gc,start       ] GC(235) Pause Young (Allocation Failure)
[73.692s][info][gc,heap        ] GC(235) PSYoungGen: 133368K(219136K)->7008K(219136K) Eden: 126976K(126976K)->0K(126976K) From: 6392K(92160K)->7008K(92160K)
[73.692s][info][gc,heap        ] GC(235) ParOldGen: 425578K(567808K)->431962K(567808K)
[73.692s][info][gc,metaspace   ] GC(235) Metaspace: 17586K(17792K)->17586K(17792K) NonClass: 14959K(15040K)->14959K(15040K) Class: 2627K(2752K)->2627K(2752K)
[73.692s][info][gc             ] GC(235) Pause Young (Allocation Failure) 545M->428M(768M) 16.002ms
[73.692s][info][gc,cpu         ] GC(235) User=0.03s Sys=0.00s Real=0.02s
[73.870s][info][gc,start       ] GC(236) Pause Young (Allocation Failure)
[73.908s][info][gc,heap        ] GC(236) PSYoungGen: 133984K(219136K)->44880K(223744K) Eden: 126976K(126976K)->0K(136192K) From: 7008K(92160K)->44880K(87552K)
[73.908s][info][gc,heap        ] GC(236) ParOldGen: 431962K(567808K)->431962K(567808K)
[73.908s][info][gc,metaspace   ] GC(236) Metaspace: 17600K(17792K)->17600K(17792K) NonClass: 14969K(15040K)->14969K(15040K) Class: 2631K(2752K)->2631K(2752K)
[73.908s][info][gc             ] GC(236) Pause Young (Allocation Failure) 552M->465M(773M) 37.381ms
[73.908s][info][gc,cpu         ] GC(236) User=0.08s Sys=0.00s Real=0.04s
[74.190s][info][gc,start       ] GC(237) Pause Young (Allocation Failure)
[74.251s][info][gc,heap        ] GC(237) PSYoungGen: 181072K(223744K)->80336K(226304K) Eden: 136192K(136192K)->0K(136192K) From: 44880K(87552K)->80336K(90112K)
[74.251s][info][gc,heap        ] GC(237) ParOldGen: 431962K(567808K)->431962K(567808K)
[74.251s][info][gc,metaspace   ] GC(237) Metaspace: 17616K(17792K)->17616K(17792K) NonClass: 14985K(15040K)->14985K(15040K) Class: 2631K(2752K)->2631K(2752K)
[74.251s][info][gc             ] GC(237) Pause Young (Allocation Failure) 598M->500M(775M) 60.459ms
[74.251s][info][gc,cpu         ] GC(237) User=0.12s Sys=0.00s Real=0.06s
[74.589s][info][gc,start       ] GC(238) Pause Young (Allocation Failure)
[74.644s][info][gc,heap        ] GC(238) PSYoungGen: 216528K(226304K)->73584K(216576K) Eden: 136192K(136192K)->0K(111616K) From: 80336K(90112K)->73584K(104960K)
[74.644s][info][gc,heap        ] GC(238) ParOldGen: 431962K(567808K)->438954K(567808K)
[74.644s][info][gc,metaspace   ] GC(238) Metaspace: 17616K(17792K)->17616K(17792K) NonClass: 14985K(15040K)->14985K(15040K) Class: 2631K(2752K)->2631K(2752K)
[74.644s][info][gc             ] GC(238) Pause Young (Allocation Failure) 633M->500M(766M) 54.364ms
[74.644s][info][gc,cpu         ] GC(238) User=0.11s Sys=0.00s Real=0.05s
[74.859s][info][gc,start       ] GC(239) Pause Young (Allocation Failure)
[74.911s][info][gc,heap        ] GC(239) PSYoungGen: 185200K(216576K)->576K(222720K) Eden: 111616K(111616K)->0K(111616K) From: 73584K(104960K)->576K(111104K)
[74.911s][info][gc,heap        ] GC(239) ParOldGen: 438954K(567808K)->512897K(567808K)
[74.911s][info][gc,metaspace   ] GC(239) Metaspace: 17616K(17792K)->17616K(17792K) NonClass: 14985K(15040K)->14985K(15040K) Class: 2631K(2752K)->2631K(2752K)
[74.911s][info][gc             ] GC(239) Pause Young (Allocation Failure) 609M->501M(772M) 52.687ms
[74.911s][info][gc,cpu         ] GC(239) User=0.11s Sys=0.00s Real=0.05s
[75.117s][info][gc,start       ] GC(240) Pause Young (Allocation Failure)
[75.121s][info][gc,heap        ] GC(240) PSYoungGen: 112192K(222720K)->384K(216576K) Eden: 111616K(111616K)->0K(111616K) From: 576K(111104K)->384K(104960K)
[75.121s][info][gc,heap        ] GC(240) ParOldGen: 512897K(567808K)->513449K(567808K)
[75.121s][info][gc,metaspace   ] GC(240) Metaspace: 17616K(17792K)->17616K(17792K) NonClass: 14985K(15040K)->14985K(15040K) Class: 2631K(2752K)->2631K(2752K)
[75.121s][info][gc             ] GC(240) Pause Young (Allocation Failure) 610M->501M(766M) 4.535ms
[75.121s][info][gc,cpu         ] GC(240) User=0.01s Sys=0.01s Real=0.00s
[75.383s][info][gc,start       ] GC(241) Pause Young (Allocation Failure)
[75.388s][info][gc,heap        ] GC(241) PSYoungGen: 112000K(216576K)->1065K(219648K) Eden: 111616K(111616K)->0K(111616K) From: 384K(104960K)->1065K(108032K)
[75.388s][info][gc,heap        ] GC(241) ParOldGen: 513449K(567808K)->513449K(567808K)
[75.388s][info][gc,metaspace   ] GC(241) Metaspace: 17616K(17792K)->17616K(17792K) NonClass: 14985K(15040K)->14985K(15040K) Class: 2631K(2752K)->2631K(2752K)
[75.388s][info][gc             ] GC(241) Pause Young (Allocation Failure) 610M->502M(769M) 4.906ms
[75.388s][info][gc,cpu         ] GC(241) User=0.01s Sys=0.00s Real=0.01s
[75.525s][info][gc,start       ] GC(242) Pause Young (Allocation Failure)
[75.531s][info][gc,heap        ] GC(242) PSYoungGen: 112681K(219648K)->2185K(214016K) Eden: 111616K(111616K)->0K(119808K) From: 1065K(108032K)->2185K(94208K)
[75.531s][info][gc,heap        ] GC(242) ParOldGen: 513449K(567808K)->513449K(567808K)
[75.531s][info][gc,metaspace   ] GC(242) Metaspace: 17618K(17792K)->17618K(17792K) NonClass: 14987K(15040K)->14987K(15040K) Class: 2631K(2752K)->2631K(2752K)
[75.531s][info][gc             ] GC(242) Pause Young (Allocation Failure) 611M->503M(763M) 5.657ms
[75.531s][info][gc,cpu         ] GC(242) User=0.01s Sys=0.00s Real=0.01s
[75.644s][info][gc,start       ] GC(243) Pause Young (Allocation Failure)
[75.652s][info][gc,heap        ] GC(243) PSYoungGen: 121993K(214016K)->3177K(219648K) Eden: 119808K(119808K)->0K(119808K) From: 2185K(94208K)->3177K(99840K)
[75.652s][info][gc,heap        ] GC(243) ParOldGen: 513449K(567808K)->513449K(567808K)
[75.652s][info][gc,metaspace   ] GC(243) Metaspace: 17619K(17792K)->17619K(17792K) NonClass: 14988K(15040K)->14988K(15040K) Class: 2631K(2752K)->2631K(2752K)
[75.652s][info][gc             ] GC(243) Pause Young (Allocation Failure) 620M->504M(769M) 7.361ms
[75.652s][info][gc,cpu         ] GC(243) User=0.02s Sys=0.00s Real=0.01s
[75.922s][info][gc,start       ] GC(244) Pause Young (Allocation Failure)
[75.937s][info][gc,heap        ] GC(244) PSYoungGen: 122985K(219648K)->4361K(212992K) Eden: 119808K(119808K)->0K(128000K) From: 3177K(99840K)->4361K(84992K)
[75.937s][info][gc,heap        ] GC(244) ParOldGen: 513449K(567808K)->513449K(567808K)
[75.937s][info][gc,metaspace   ] GC(244) Metaspace: 17625K(17792K)->17625K(17792K) NonClass: 14994K(15040K)->14994K(15040K) Class: 2631K(2752K)->2631K(2752K)
[75.937s][info][gc             ] GC(244) Pause Young (Allocation Failure) 621M->505M(762M) 14.571ms
[75.937s][info][gc,cpu         ] GC(244) User=0.03s Sys=0.00s Real=0.02s
[76.266s][info][gc,start       ] GC(245) Pause Young (Allocation Failure)
[76.303s][info][gc,heap        ] GC(245) PSYoungGen: 132361K(212992K)->19306K(218112K) Eden: 128000K(128000K)->0K(128000K) From: 4361K(84992K)->19306K(90112K)
[76.303s][info][gc,heap        ] GC(245) ParOldGen: 513449K(567808K)->513449K(567808K)
[76.303s][info][gc,metaspace   ] GC(245) Metaspace: 17647K(17920K)->17647K(17920K) NonClass: 15010K(15168K)->15010K(15168K) Class: 2636K(2752K)->2636K(2752K)
[76.303s][info][gc             ] GC(245) Pause Young (Allocation Failure) 630M->520M(767M) 36.725ms
[76.303s][info][gc,cpu         ] GC(245) User=0.07s Sys=0.00s Real=0.04s
[76.500s][info][gc,start       ] GC(246) Pause Young (Allocation Failure)
[76.550s][info][gc,heap        ] GC(246) PSYoungGen: 147306K(218112K)->31658K(221184K) Eden: 128000K(128000K)->0K(138752K) From: 19306K(90112K)->31658K(82432K)
[76.550s][info][gc,heap        ] GC(246) ParOldGen: 513449K(567808K)->513449K(567808K)
[76.550s][info][gc,metaspace   ] GC(246) Metaspace: 17647K(17920K)->17647K(17920K) NonClass: 15010K(15168K)->15010K(15168K) Class: 2636K(2752K)->2636K(2752K)
[76.550s][info][gc             ] GC(246) Pause Young (Allocation Failure) 645M->532M(770M) 50.258ms
[76.551s][info][gc,cpu         ] GC(246) User=0.10s Sys=0.00s Real=0.05s
[76.813s][info][gc,start       ] GC(247) Pause Young (Allocation Failure)
[76.879s][info][gc,heap        ] GC(247) PSYoungGen: 170410K(221184K)->52170K(220672K) Eden: 138752K(138752K)->0K(138752K) From: 31658K(82432K)->52170K(81920K)
[76.879s][info][gc,heap        ] GC(247) ParOldGen: 513449K(567808K)->513449K(567808K)
[76.879s][info][gc,metaspace   ] GC(247) Metaspace: 17653K(17920K)->17653K(17920K) NonClass: 15016K(15168K)->15016K(15168K) Class: 2636K(2752K)->2636K(2752K)
[76.879s][info][gc             ] GC(247) Pause Young (Allocation Failure) 667M->552M(770M) 66.032ms
[76.879s][info][gc,cpu         ] GC(247) User=0.13s Sys=0.00s Real=0.07s
[77.038s][info][gc,start       ] GC(248) Pause Young (Allocation Failure)
[77.120s][info][gc,heap        ] GC(248) PSYoungGen: 190922K(220672K)->56554K(234496K) Eden: 138752K(138752K)->0K(146432K) From: 52170K(81920K)->56554K(88064K)
[77.120s][info][gc,heap        ] GC(248) ParOldGen: 513449K(567808K)->513449K(567808K)
[77.120s][info][gc,metaspace   ] GC(248) Metaspace: 17658K(17920K)->17658K(17920K) NonClass: 15022K(15168K)->15022K(15168K) Class: 2636K(2752K)->2636K(2752K)
[77.120s][info][gc             ] GC(248) Pause Young (Allocation Failure) 687M->556M(783M) 82.790ms
[77.120s][info][gc,cpu         ] GC(248) User=0.16s Sys=0.00s Real=0.08s
[77.321s][info][gc,start       ] GC(249) Pause Young (Allocation Failure)
[77.393s][info][gc,heap        ] GC(249) PSYoungGen: 202986K(234496K)->58529K(205312K) Eden: 146432K(146432K)->0K(146432K) From: 56554K(88064K)->58529K(58880K)
[77.393s][info][gc,heap        ] GC(249) ParOldGen: 513449K(567808K)->514515K(567808K)
[77.393s][info][gc,metaspace   ] GC(249) Metaspace: 17663K(17920K)->17663K(17920K) NonClass: 15027K(15168K)->15027K(15168K) Class: 2636K(2752K)->2636K(2752K)
[77.393s][info][gc             ] GC(249) Pause Young (Allocation Failure) 699M->559M(755M) 72.500ms
[77.393s][info][gc,cpu         ] GC(249) User=0.14s Sys=0.00s Real=0.07s
[77.511s][info][gc,start       ] GC(250) Pause Young (Allocation Failure)
[77.584s][info][gc,heap        ] GC(250) PSYoungGen: 204961K(205312K)->56449K(228864K) Eden: 146432K(146432K)->0K(130048K) From: 58529K(58880K)->56449K(98816K)
[77.584s][info][gc,heap        ] GC(250) ParOldGen: 514515K(567808K)->516619K(567808K)
[77.584s][info][gc,metaspace   ] GC(250) Metaspace: 17663K(17920K)->17663K(17920K) NonClass: 15027K(15168K)->15027K(15168K) Class: 2636K(2752K)->2636K(2752K)
[77.584s][info][gc             ] GC(250) Pause Young (Allocation Failure) 702M->559M(778M) 72.164ms
[77.584s][info][gc,cpu         ] GC(250) User=0.14s Sys=0.00s Real=0.07s
[77.703s][info][gc,start       ] GC(251) Pause Young (Allocation Failure)
[77.783s][info][gc,heap        ] GC(251) PSYoungGen: 186497K(228864K)->51424K(181760K) Eden: 130048K(130048K)->0K(130048K) From: 56449K(98816K)->51424K(51712K)
[77.783s][info][gc,heap        ] GC(251) ParOldGen: 516619K(567808K)->532599K(567808K)
[77.783s][info][gc,metaspace   ] GC(251) Metaspace: 17674K(17920K)->17674K(17920K) NonClass: 15032K(15168K)->15032K(15168K) Class: 2641K(2752K)->2641K(2752K)
[77.783s][info][gc             ] GC(251) Pause Young (Allocation Failure) 686M->570M(732M) 79.425ms
[77.783s][info][gc,cpu         ] GC(251) User=0.15s Sys=0.00s Real=0.08s
[77.940s][info][gc,start       ] GC(252) Pause Young (Allocation Failure)
[78.009s][info][gc,heap        ] GC(252) PSYoungGen: 181472K(181760K)->36096K(237568K) Eden: 130048K(130048K)->0K(135168K) From: 51424K(51712K)->36096K(102400K)
[78.009s][info][gc,heap        ] GC(252) ParOldGen: 532599K(567808K)->565711K(567808K)
[78.009s][info][gc,metaspace   ] GC(252) Metaspace: 17674K(17920K)->17674K(17920K) NonClass: 15032K(15168K)->15032K(15168K) Class: 2641K(2752K)->2641K(2752K)
[78.009s][info][gc             ] GC(252) Pause Young (Allocation Failure) 697M->587M(786M) 69.816ms
[78.009s][info][gc,cpu         ] GC(252) User=0.14s Sys=0.00s Real=0.07s
[78.176s][info][gc,start       ] GC(253) Pause Young (Allocation Failure)
[78.217s][info][gc,heap        ] GC(253) PSYoungGen: 171264K(237568K)->28816K(164352K) Eden: 135168K(135168K)->0K(135168K) From: 36096K(102400K)->28816K(29184K)
[78.217s][info][gc,heap        ] GC(253) ParOldGen: 565711K(567808K)->573159K(573440K)
[78.217s][info][gc,metaspace   ] GC(253) Metaspace: 17676K(17920K)->17676K(17920K) NonClass: 15035K(15168K)->15035K(15168K) Class: 2641K(2752K)->2641K(2752K)
[78.217s][info][gc             ] GC(253) Pause Young (Allocation Failure) 719M->587M(720M) 40.402ms
[78.217s][info][gc,cpu         ] GC(253) User=0.08s Sys=0.00s Real=0.04s
[78.467s][info][gc,start       ] GC(254) Pause Young (Allocation Failure)
[78.501s][info][gc,heap        ] GC(254) PSYoungGen: 163984K(164352K)->17904K(229376K) Eden: 135168K(135168K)->0K(138240K) From: 28816K(29184K)->17904K(91136K)
[78.501s][info][gc,heap        ] GC(254) ParOldGen: 573159K(573440K)->584119K(584192K)
[78.501s][info][gc,metaspace   ] GC(254) Metaspace: 17681K(17920K)->17681K(17920K) NonClass: 15039K(15168K)->15039K(15168K) Class: 2641K(2752K)->2641K(2752K)
[78.502s][info][gc             ] GC(254) Pause Young (Allocation Failure) 719M->587M(794M) 34.364ms
[78.502s][info][gc,cpu         ] GC(254) User=0.06s Sys=0.01s Real=0.03s
[78.796s][info][gc,start       ] GC(255) Pause Young (Allocation Failure)
[78.824s][info][gc,heap        ] GC(255) PSYoungGen: 156144K(229376K)->416K(226304K) Eden: 138240K(138240K)->0K(138240K) From: 17904K(91136K)->416K(88064K)
[78.824s][info][gc,heap        ] GC(255) ParOldGen: 584119K(584192K)->602040K(602112K)
[78.824s][info][gc,metaspace   ] GC(255) Metaspace: 17697K(17920K)->17697K(17920K) NonClass: 15055K(15168K)->15055K(15168K) Class: 2641K(2752K)->2641K(2752K)
[78.825s][info][gc             ] GC(255) Pause Young (Allocation Failure) 722M->588M(809M) 28.032ms
[78.825s][info][gc,cpu         ] GC(255) User=0.05s Sys=0.01s Real=0.02s
[80.637s][info][gc,start       ] GC(256) Pause Young (Allocation Failure)
[80.641s][info][gc,heap        ] GC(256) PSYoungGen: 138656K(226304K)->317K(236544K) Eden: 138240K(138240K)->0K(152064K) From: 416K(88064K)->317K(84480K)
[80.641s][info][gc,heap        ] GC(256) ParOldGen: 602040K(602112K)->602400K(602624K)
[80.641s][info][gc,metaspace   ] GC(256) Metaspace: 17701K(17920K)->17701K(17920K) NonClass: 15059K(15168K)->15059K(15168K) Class: 2641K(2752K)->2641K(2752K)
[80.641s][info][gc             ] GC(256) Pause Young (Allocation Failure) 723M->588M(819M) 4.023ms
[80.641s][info][gc,cpu         ] GC(256) User=0.01s Sys=0.00s Real=0.00s
[81.457s][info][gc,start       ] GC(257) Pause Young (Allocation Failure)
[81.462s][info][gc,heap        ] GC(257) PSYoungGen: 152381K(236544K)->1488K(239104K) Eden: 152064K(152064K)->0K(152064K) From: 317K(84480K)->1488K(87040K)
[81.462s][info][gc,heap        ] GC(257) ParOldGen: 602400K(602624K)->602709K(603136K)
[81.462s][info][gc,metaspace   ] GC(257) Metaspace: 17834K(18048K)->17834K(18048K) NonClass: 15177K(15296K)->15177K(15296K) Class: 2657K(2752K)->2657K(2752K)
[81.462s][info][gc             ] GC(257) Pause Young (Allocation Failure) 737M->590M(822M) 4.830ms
[81.462s][info][gc,cpu         ] GC(257) User=0.01s Sys=0.00s Real=0.00s
[82.119s][info][gc,start       ] GC(258) Pause Young (Allocation Failure)
[82.123s][info][gc,heap        ] GC(258) PSYoungGen: 153517K(239104K)->1980K(241152K) Eden: 152029K(152064K)->0K(161792K) From: 1488K(87040K)->1980K(79360K)
[82.123s][info][gc,heap        ] GC(258) ParOldGen: 602709K(603136K)->602717K(603136K)
[82.123s][info][gc,metaspace   ] GC(258) Metaspace: 17912K(18112K)->17912K(18112K) NonClass: 15253K(15360K)->15253K(15360K) Class: 2659K(2752K)->2659K(2752K)
[82.123s][info][gc             ] GC(258) Pause Young (Allocation Failure) 738M->590M(824M) 3.991ms
[82.123s][info][gc,cpu         ] GC(258) User=0.01s Sys=0.00s Real=0.00s
[82.531s][info][gc,start       ] GC(259) Pause Young (Allocation Failure)
[82.535s][info][gc,heap        ] GC(259) PSYoungGen: 163772K(241152K)->2314K(244224K) Eden: 161792K(161792K)->0K(161792K) From: 1980K(79360K)->2314K(82432K)
[82.535s][info][gc,heap        ] GC(259) ParOldGen: 602717K(603136K)->602725K(603136K)
[82.535s][info][gc,metaspace   ] GC(259) Metaspace: 17958K(18112K)->17958K(18112K) NonClass: 15299K(15360K)->15299K(15360K) Class: 2659K(2752K)->2659K(2752K)
[82.535s][info][gc             ] GC(259) Pause Young (Allocation Failure) 748M->590M(827M) 4.156ms
[82.535s][info][gc,cpu         ] GC(259) User=0.00s Sys=0.00s Real=0.00s
[82.847s][info][gc,start       ] GC(260) Pause Young (Allocation Failure)
[82.881s][info][gc,heap        ] GC(260) PSYoungGen: 164106K(244224K)->38704K(250880K) Eden: 161792K(161792K)->0K(171008K) From: 2314K(82432K)->38704K(79872K)
[82.881s][info][gc,heap        ] GC(260) ParOldGen: 602725K(603136K)->602733K(603136K)
[82.881s][info][gc,metaspace   ] GC(260) Metaspace: 18030K(18176K)->18030K(18176K) NonClass: 15371K(15424K)->15371K(15424K) Class: 2659K(2752K)->2659K(2752K)
[82.881s][info][gc             ] GC(260) Pause Young (Allocation Failure) 748M->626M(834M) 34.185ms
[82.881s][info][gc,cpu         ] GC(260) User=0.07s Sys=0.00s Real=0.03s
[83.064s][info][gc,start       ] GC(261) Pause Young (Allocation Failure)
[83.161s][info][gc,heap        ] GC(261) PSYoungGen: 209712K(250880K)->80864K(251904K) Eden: 171008K(171008K)->0K(171008K) From: 38704K(79872K)->80864K(80896K)
[83.161s][info][gc,heap        ] GC(261) ParOldGen: 602733K(603136K)->625389K(625664K)
[83.161s][info][gc,metaspace   ] GC(261) Metaspace: 18086K(18240K)->18086K(18240K) NonClass: 15427K(15488K)->15427K(15488K) Class: 2659K(2752K)->2659K(2752K)
[83.161s][info][gc             ] GC(261) Pause Young (Allocation Failure) 793M->689M(857M) 96.523ms
[83.161s][info][gc,cpu         ] GC(261) User=0.17s Sys=0.02s Real=0.10s
[83.420s][info][gc,start       ] GC(262) Pause Young (Allocation Failure)
[83.563s][info][gc,promotion   ] GC(262) Promotion failed
[83.563s][info][gc,heap        ] GC(262) PSYoungGen: 251872K(251904K)->251872K(251904K) Eden: 171008K(171008K)->171008K(171008K) From: 80864K(80896K)->80864K(80896K)
[83.563s][info][gc,heap        ] GC(262) ParOldGen: 625389K(625664K)->667642K(667648K)
[83.563s][info][gc,metaspace   ] GC(262) Metaspace: 18088K(18240K)->18088K(18240K) NonClass: 15429K(15488K)->15429K(15488K) Class: 2659K(2752K)->2659K(2752K)
[83.563s][info][gc             ] GC(262) Pause Young (Allocation Failure) 856M->897M(898M) 143.002ms
[83.563s][info][gc,cpu         ] GC(262) User=0.23s Sys=0.05s Real=0.14s
[83.563s][info][gc,start       ] GC(263) Pause Full (Allocation Failure)
[83.563s][info][gc,phases,start] GC(263) Marking Phase
[83.678s][info][gc,phases      ] GC(263) Marking Phase 114.766ms
[83.678s][info][gc,phases,start] GC(263) Summary Phase
[83.678s][info][gc,phases      ] GC(263) Summary Phase 0.029ms
[83.678s][info][gc,phases,start] GC(263) Forward
[83.722s][info][gc,phases      ] GC(263) Forward 44.763ms
[83.723s][info][gc,phases,start] GC(263) Adjust Pointers
[83.798s][info][gc,phases      ] GC(263) Adjust Pointers 75.929ms
[83.798s][info][gc,phases,start] GC(263) Compaction Phase
[83.853s][info][gc,phases      ] GC(263) Compaction Phase 54.082ms
[83.853s][info][gc,phases,start] GC(263) Post Compact
[83.857s][info][gc,phases      ] GC(263) Post Compact 3.595ms
[83.870s][info][gc,heap        ] GC(263) PSYoungGen: 251872K(251904K)->0K(204800K) Eden: 171008K(171008K)->0K(122880K) From: 80864K(80896K)->0K(81920K)
[83.870s][info][gc,heap        ] GC(263) ParOldGen: 667642K(667648K)->199518K(496640K)
[83.870s][info][gc,metaspace   ] GC(263) Metaspace: 18088K(18240K)->18088K(18240K) NonClass: 15429K(15488K)->15429K(15488K) Class: 2659K(2752K)->2659K(2752K)
[83.870s][info][gc             ] GC(263) Pause Full (Allocation Failure) 897M->194M(685M) 307.561ms
[83.870s][info][gc,cpu         ] GC(263) User=0.54s Sys=0.02s Real=0.31s
[84.104s][info][gc,start       ] GC(264) Pause Young (Allocation Failure)
[84.141s][info][gc,heap        ] GC(264) PSYoungGen: 122880K(204800K)->19607K(228352K) Eden: 122880K(122880K)->0K(122880K) From: 0K(81920K)->19607K(105472K)
[84.141s][info][gc,heap        ] GC(264) ParOldGen: 199518K(496640K)->199518K(496640K)
[84.141s][info][gc,metaspace   ] GC(264) Metaspace: 18090K(18240K)->18090K(18240K) NonClass: 15431K(15488K)->15431K(15488K) Class: 2659K(2752K)->2659K(2752K)
[84.141s][info][gc             ] GC(264) Pause Young (Allocation Failure) 314M->213M(708M) 36.831ms
[84.141s][info][gc,cpu         ] GC(264) User=0.07s Sys=0.00s Real=0.04s
[84.326s][info][gc,start       ] GC(265) Pause Young (Allocation Failure)
[84.369s][info][gc,heap        ] GC(265) PSYoungGen: 142487K(228352K)->23928K(209920K) Eden: 122880K(122880K)->0K(129024K) From: 19607K(105472K)->23928K(80896K)
[84.369s][info][gc,heap        ] GC(265) ParOldGen: 199518K(496640K)->199518K(496640K)
[84.369s][info][gc,metaspace   ] GC(265) Metaspace: 18135K(18304K)->18135K(18304K) NonClass: 15476K(15552K)->15476K(15552K) Class: 2659K(2752K)->2659K(2752K)
[84.369s][info][gc             ] GC(265) Pause Young (Allocation Failure) 333M->218M(690M) 43.184ms
[84.369s][info][gc,cpu         ] GC(265) User=0.09s Sys=0.01s Real=0.05s
[84.620s][info][gc,start       ] GC(266) Pause Young (Allocation Failure)
[84.705s][info][gc,heap        ] GC(266) PSYoungGen: 152952K(209920K)->34066K(222208K) Eden: 129024K(129024K)->0K(129024K) From: 23928K(80896K)->34066K(93184K)
[84.705s][info][gc,heap        ] GC(266) ParOldGen: 199518K(496640K)->219130K(496640K)
[84.705s][info][gc,metaspace   ] GC(266) Metaspace: 18144K(18368K)->18144K(18368K) NonClass: 15485K(15616K)->15485K(15616K) Class: 2659K(2752K)->2659K(2752K)
[84.705s][info][gc             ] GC(266) Pause Young (Allocation Failure) 344M->247M(702M) 84.795ms
[84.705s][info][gc,cpu         ] GC(266) User=0.17s Sys=0.00s Real=0.08s
[84.911s][info][gc,start       ] GC(267) Pause Young (Allocation Failure)
[84.987s][info][gc,heap        ] GC(267) PSYoungGen: 163090K(222208K)->6272K(230400K) Eden: 129024K(129024K)->0K(145920K) From: 34066K(93184K)->6272K(84480K)
[84.987s][info][gc,heap        ] GC(267) ParOldGen: 219130K(496640K)->253255K(496640K)
[84.987s][info][gc,metaspace   ] GC(267) Metaspace: 18144K(18368K)->18144K(18368K) NonClass: 15485K(15616K)->15485K(15616K) Class: 2659K(2752K)->2659K(2752K)
[84.987s][info][gc             ] GC(267) Pause Young (Allocation Failure) 373M->253M(710M) 75.451ms
[84.987s][info][gc,cpu         ] GC(267) User=0.14s Sys=0.00s Real=0.08s
[85.120s][info][gc,start       ] GC(268) Pause Young (Allocation Failure)
[85.152s][info][gc,heap        ] GC(268) PSYoungGen: 152192K(230400K)->24480K(232448K) Eden: 145920K(145920K)->0K(145920K) From: 6272K(84480K)->24480K(86528K)
[85.152s][info][gc,heap        ] GC(268) ParOldGen: 253255K(496640K)->259535K(496640K)
[85.152s][info][gc,metaspace   ] GC(268) Metaspace: 18144K(18368K)->18144K(18368K) NonClass: 15485K(15616K)->15485K(15616K) Class: 2659K(2752K)->2659K(2752K)
[85.152s][info][gc             ] GC(268) Pause Young (Allocation Failure) 395M->277M(712M) 32.282ms
[85.152s][info][gc,cpu         ] GC(268) User=0.06s Sys=0.00s Real=0.03s
[85.242s][info][gc,start       ] GC(269) Pause Young (Allocation Failure)
[85.291s][info][gc,heap        ] GC(269) PSYoungGen: 170400K(232448K)->29792K(241664K) Eden: 145920K(145920K)->0K(165888K) From: 24480K(86528K)->29792K(75776K)
[85.291s][info][gc,heap        ] GC(269) ParOldGen: 259535K(496640K)->284055K(496640K)
[85.291s][info][gc,metaspace   ] GC(269) Metaspace: 18144K(18368K)->18144K(18368K) NonClass: 15485K(15616K)->15485K(15616K) Class: 2659K(2752K)->2659K(2752K)
[85.291s][info][gc             ] GC(269) Pause Young (Allocation Failure) 419M->306M(721M) 48.834ms
[85.291s][info][gc,cpu         ] GC(269) User=0.09s Sys=0.00s Real=0.05s
[85.498s][info][gc,start       ] GC(270) Pause Young (Allocation Failure)
[85.545s][info][gc,heap        ] GC(270) PSYoungGen: 195680K(241664K)->21699K(242688K) Eden: 165888K(165888K)->0K(165888K) From: 29792K(75776K)->21699K(76800K)
[85.545s][info][gc,heap        ] GC(270) ParOldGen: 284055K(496640K)->314050K(496640K)
[85.545s][info][gc,metaspace   ] GC(270) Metaspace: 18144K(18368K)->18144K(18368K) NonClass: 15485K(15616K)->15485K(15616K) Class: 2659K(2752K)->2659K(2752K)
[85.545s][info][gc             ] GC(270) Pause Young (Allocation Failure) 468M->327M(722M) 47.673ms
[85.545s][info][gc,cpu         ] GC(270) User=0.09s Sys=0.00s Real=0.04s
[85.640s][info][gc,start       ] GC(271) Pause Young (Allocation Failure)
[85.670s][info][gc,heap        ] GC(271) PSYoungGen: 187587K(242688K)->3200K(254464K) Eden: 165888K(165888K)->0K(181760K) From: 21699K(76800K)->3200K(72704K)
[85.670s][info][gc,heap        ] GC(271) ParOldGen: 314050K(496640K)->335817K(496640K)
[85.670s][info][gc,metaspace   ] GC(271) Metaspace: 18144K(18368K)->18144K(18368K) NonClass: 15485K(15616K)->15485K(15616K) Class: 2659K(2752K)->2659K(2752K)
[85.670s][info][gc             ] GC(271) Pause Young (Allocation Failure) 489M->331M(733M) 30.375ms
[85.670s][info][gc,cpu         ] GC(271) User=0.06s Sys=0.00s Real=0.03s
[85.815s][info][gc,start       ] GC(272) Pause Young (Allocation Failure)
[85.823s][info][gc,heap        ] GC(272) PSYoungGen: 184960K(254464K)->2336K(253952K) Eden: 181760K(181760K)->0K(181760K) From: 3200K(72704K)->2336K(72192K)
[85.823s][info][gc,heap        ] GC(272) ParOldGen: 335817K(496640K)->338993K(496640K)
[85.823s][info][gc,metaspace   ] GC(272) Metaspace: 18144K(18368K)->18144K(18368K) NonClass: 15485K(15616K)->15485K(15616K) Class: 2659K(2752K)->2659K(2752K)
[85.823s][info][gc             ] GC(272) Pause Young (Allocation Failure) 508M->333M(733M) 8.175ms
[85.823s][info][gc,cpu         ] GC(272) User=0.01s Sys=0.00s Real=0.01s
[86.114s][info][gc,start       ] GC(273) Pause Young (Allocation Failure)
[86.124s][info][gc,heap        ] GC(273) PSYoungGen: 184096K(253952K)->4960K(259072K) Eden: 181760K(181760K)->0K(190464K) From: 2336K(72192K)->4960K(68608K)
[86.124s][info][gc,heap        ] GC(273) ParOldGen: 338993K(496640K)->341305K(496640K)
[86.124s][info][gc,metaspace   ] GC(273) Metaspace: 18144K(18368K)->18144K(18368K) NonClass: 15485K(15616K)->15485K(15616K) Class: 2659K(2752K)->2659K(2752K)
[86.124s][info][gc             ] GC(273) Pause Young (Allocation Failure) 510M->338M(738M) 9.539ms
[86.124s][info][gc,cpu         ] GC(273) User=0.02s Sys=0.00s Real=0.01s
[86.446s][info][gc,start       ] GC(274) Pause Young (Allocation Failure)
[86.500s][info][gc,heap        ] GC(274) PSYoungGen: 195424K(259072K)->54272K(245248K) Eden: 190464K(190464K)->0K(190464K) From: 4960K(68608K)->54272K(54784K)
[86.500s][info][gc,heap        ] GC(274) ParOldGen: 341305K(496640K)->346169K(496640K)
[86.500s][info][gc,metaspace   ] GC(274) Metaspace: 18145K(18368K)->18145K(18368K) NonClass: 15486K(15616K)->15486K(15616K) Class: 2659K(2752K)->2659K(2752K)
[86.500s][info][gc             ] GC(274) Pause Young (Allocation Failure) 524M->391M(724M) 53.844ms
[86.500s][info][gc,cpu         ] GC(274) User=0.11s Sys=0.00s Real=0.06s
[86.822s][info][gc,start       ] GC(275) Pause Young (Allocation Failure)
[86.898s][info][gc,heap        ] GC(275) PSYoungGen: 244736K(245248K)->26784K(261120K) Eden: 190464K(190464K)->0K(184320K) From: 54272K(54784K)->26784K(76800K)
[86.898s][info][gc,heap        ] GC(275) ParOldGen: 346169K(496640K)->400742K(496640K)
[86.898s][info][gc,metaspace   ] GC(275) Metaspace: 18146K(18368K)->18146K(18368K) NonClass: 15487K(15616K)->15487K(15616K) Class: 2659K(2752K)->2659K(2752K)
[86.898s][info][gc             ] GC(275) Pause Young (Allocation Failure) 577M->417M(740M) 75.627ms
[86.898s][info][gc,cpu         ] GC(275) User=0.15s Sys=0.00s Real=0.08s
[87.105s][info][gc,start       ] GC(276) Pause Young (Allocation Failure)
[87.137s][info][gc,heap        ] GC(276) PSYoungGen: 211104K(261120K)->2112K(186880K) Eden: 184320K(184320K)->0K(184320K) From: 26784K(76800K)->2112K(2560K)
[87.137s][info][gc,heap        ] GC(276) ParOldGen: 400742K(496640K)->427595K(496640K)
[87.137s][info][gc,metaspace   ] GC(276) Metaspace: 18146K(18368K)->18146K(18368K) NonClass: 15487K(15616K)->15487K(15616K) Class: 2659K(2752K)->2659K(2752K)
[87.137s][info][gc             ] GC(276) Pause Young (Allocation Failure) 597M->419M(667M) 32.092ms
[87.137s][info][gc,cpu         ] GC(276) User=0.06s Sys=0.00s Real=0.04s
[87.523s][info][gc,start       ] GC(277) Pause Young (Allocation Failure)
[87.528s][info][gc,heap        ] GC(277) PSYoungGen: 186432K(186880K)->192K(257536K) Eden: 184320K(184320K)->0K(185856K) From: 2112K(2560K)->192K(71680K)
[87.528s][info][gc,heap        ] GC(277) ParOldGen: 427595K(496640K)->429667K(496640K)
[87.528s][info][gc,metaspace   ] GC(277) Metaspace: 18146K(18368K)->18146K(18368K) NonClass: 15487K(15616K)->15487K(15616K) Class: 2659K(2752K)->2659K(2752K)
[87.529s][info][gc             ] GC(277) Pause Young (Allocation Failure) 599M->419M(736M) 5.262ms
[87.529s][info][gc,cpu         ] GC(277) User=0.01s Sys=0.00s Real=0.01s
[87.774s][info][gc,start       ] GC(278) Pause Young (Allocation Failure)
[87.832s][info][gc,heap        ] GC(278) PSYoungGen: 186048K(257536K)->62595K(248832K) Eden: 185856K(185856K)->0K(185856K) From: 192K(71680K)->62595K(62976K)
[87.832s][info][gc,heap        ] GC(278) ParOldGen: 429667K(496640K)->429835K(496640K)
[87.832s][info][gc,metaspace   ] GC(278) Metaspace: 18146K(18368K)->18146K(18368K) NonClass: 15487K(15616K)->15487K(15616K) Class: 2659K(2752K)->2659K(2752K)
[87.832s][info][gc             ] GC(278) Pause Young (Allocation Failure) 601M->480M(728M) 58.189ms
[87.832s][info][gc,cpu         ] GC(278) User=0.12s Sys=0.00s Real=0.06s
[88.050s][info][gc,start       ] GC(279) Pause Young (Allocation Failure)
[88.118s][info][gc,heap        ] GC(279) PSYoungGen: 248451K(248832K)->14036K(257024K) Eden: 185856K(185856K)->0K(176128K) From: 62595K(62976K)->14036K(80896K)
[88.119s][info][gc,heap        ] GC(279) ParOldGen: 429835K(496640K)->492621K(496640K)
[88.119s][info][gc,metaspace   ] GC(279) Metaspace: 18147K(18368K)->18147K(18368K) NonClass: 15488K(15616K)->15488K(15616K) Class: 2659K(2752K)->2659K(2752K)
[88.119s][info][gc             ] GC(279) Pause Young (Allocation Failure) 662M->494M(736M) 68.891ms
[88.119s][info][gc,cpu         ] GC(279) User=0.14s Sys=0.00s Real=0.07s
[88.264s][info][gc,start       ] GC(280) Pause Young (Allocation Failure)
[88.332s][info][gc,heap        ] GC(280) PSYoungGen: 190164K(257024K)->46816K(252928K) Eden: 176128K(176128K)->0K(176128K) From: 14036K(80896K)->46816K(76800K)
[88.332s][info][gc,heap        ] GC(280) ParOldGen: 492621K(496640K)->506643K(506880K)
[88.332s][info][gc,metaspace   ] GC(280) Metaspace: 18150K(18368K)->18150K(18368K) NonClass: 15491K(15616K)->15491K(15616K) Class: 2659K(2752K)->2659K(2752K)
[88.332s][info][gc             ] GC(280) Pause Young (Allocation Failure) 666M->540M(742M) 67.471ms
[88.332s][info][gc,cpu         ] GC(280) User=0.12s Sys=0.00s Real=0.07s
[88.591s][info][gc,start       ] GC(281) Pause Young (Allocation Failure)
[88.700s][info][gc,heap        ] GC(281) PSYoungGen: 222944K(252928K)->47460K(247296K) Eden: 176128K(176128K)->0K(166912K) From: 46816K(76800K)->47460K(80384K)
[88.700s][info][gc,heap        ] GC(281) ParOldGen: 506643K(506880K)->553603K(553984K)
[88.700s][info][gc,metaspace   ] GC(281) Metaspace: 18151K(18368K)->18151K(18368K) NonClass: 15492K(15616K)->15492K(15616K) Class: 2659K(2752K)->2659K(2752K)
[88.700s][info][gc             ] GC(281) Pause Young (Allocation Failure) 712M->586M(782M) 109.480ms
[88.700s][info][gc,cpu         ] GC(281) User=0.19s Sys=0.04s Real=0.11s
[88.902s][info][gc,start       ] GC(282) Pause Young (Allocation Failure)
[88.981s][info][gc,heap        ] GC(282) PSYoungGen: 214372K(247296K)->15152K(182272K) Eden: 166912K(166912K)->0K(166912K) From: 47460K(80384K)->15152K(15360K)
[88.981s][info][gc,heap        ] GC(282) ParOldGen: 553603K(553984K)->599906K(600064K)
[88.981s][info][gc,metaspace   ] GC(282) Metaspace: 18151K(18368K)->18151K(18368K) NonClass: 15492K(15616K)->15492K(15616K) Class: 2659K(2752K)->2659K(2752K)
[88.981s][info][gc             ] GC(282) Pause Young (Allocation Failure) 749M->600M(764M) 79.857ms
[88.981s][info][gc,cpu         ] GC(282) User=0.12s Sys=0.03s Real=0.08s
[89.093s][info][gc,start       ] GC(283) Pause Full (Allocation Failure)
[89.093s][info][gc,phases,start] GC(283) Marking Phase
[89.228s][info][gc,phases      ] GC(283) Marking Phase 134.690ms
[89.228s][info][gc,phases,start] GC(283) Summary Phase
[89.228s][info][gc,phases      ] GC(283) Summary Phase 0.046ms
[89.228s][info][gc,phases,start] GC(283) Forward
[89.267s][info][gc,phases      ] GC(283) Forward 38.869ms
[89.267s][info][gc,phases,start] GC(283) Adjust Pointers
[89.352s][info][gc,phases      ] GC(283) Adjust Pointers 85.565ms
[89.352s][info][gc,phases,start] GC(283) Compaction Phase
[89.409s][info][gc,phases      ] GC(283) Compaction Phase 56.392ms
[89.411s][info][gc,phases,start] GC(283) Post Compact
[89.414s][info][gc,phases      ] GC(283) Post Compact 2.456ms
[89.419s][info][gc,heap        ] GC(283) PSYoungGen: 182064K(182272K)->0K(249856K) Eden: 166912K(166912K)->0K(169984K) From: 15152K(15360K)->0K(79872K)
[89.419s][info][gc,heap        ] GC(283) ParOldGen: 599906K(600064K)->186488K(538624K)
[89.419s][info][gc,metaspace   ] GC(283) Metaspace: 18152K(18368K)->18152K(18368K) NonClass: 15493K(15616K)->15493K(15616K) Class: 2659K(2752K)->2659K(2752K)
[89.419s][info][gc             ] GC(283) Pause Full (Allocation Failure) 763M->182M(770M) 325.899ms
[89.419s][info][gc,cpu         ] GC(283) User=0.61s Sys=0.00s Real=0.33s
[89.512s][info][gc,start       ] GC(284) Pause Young (Allocation Failure)
[89.578s][info][gc,heap        ] GC(284) PSYoungGen: 169984K(249856K)->70272K(240640K) Eden: 169984K(169984K)->0K(169984K) From: 0K(79872K)->70272K(70656K)
[89.578s][info][gc,heap        ] GC(284) ParOldGen: 186488K(538624K)->186488K(538624K)
[89.578s][info][gc,metaspace   ] GC(284) Metaspace: 18152K(18368K)->18152K(18368K) NonClass: 15493K(15616K)->15493K(15616K) Class: 2659K(2752K)->2659K(2752K)
[89.578s][info][gc             ] GC(284) Pause Young (Allocation Failure) 348M->250M(761M) 66.168ms
[89.578s][info][gc,cpu         ] GC(284) User=0.13s Sys=0.00s Real=0.07s
[89.834s][info][gc,start       ] GC(285) Pause Young (Allocation Failure)
[89.938s][info][gc,heap        ] GC(285) PSYoungGen: 240256K(240640K)->28608K(248832K) Eden: 169984K(169984K)->0K(158208K) From: 70272K(70656K)->28608K(90624K)
[89.938s][info][gc,heap        ] GC(285) ParOldGen: 186488K(538624K)->257584K(538624K)
[89.938s][info][gc,metaspace   ] GC(285) Metaspace: 18157K(18368K)->18157K(18368K) NonClass: 15498K(15616K)->15498K(15616K) Class: 2659K(2752K)->2659K(2752K)
[89.938s][info][gc             ] GC(285) Pause Young (Allocation Failure) 416M->279M(769M) 103.964ms
[89.938s][info][gc,cpu         ] GC(285) User=0.20s Sys=0.00s Real=0.11s
[90.090s][info][gc,start       ] GC(286) Pause Young (Allocation Failure)
[90.142s][info][gc,heap        ] GC(286) PSYoungGen: 186816K(248832K)->9505K(167936K) Eden: 158208K(158208K)->0K(158208K) From: 28608K(90624K)->9505K(9728K)
[90.142s][info][gc,heap        ] GC(286) ParOldGen: 257584K(538624K)->286448K(538624K)
[90.142s][info][gc,metaspace   ] GC(286) Metaspace: 18158K(18368K)->18158K(18368K) NonClass: 15499K(15616K)->15499K(15616K) Class: 2659K(2752K)->2659K(2752K)
[90.142s][info][gc             ] GC(286) Pause Young (Allocation Failure) 433M->289M(690M) 52.167ms
[90.143s][info][gc,cpu         ] GC(286) User=0.10s Sys=0.00s Real=0.05s
[90.314s][info][gc,start       ] GC(287) Pause Young (Allocation Failure)
[90.392s][info][gc,heap        ] GC(287) PSYoungGen: 167713K(167936K)->48385K(240128K) Eden: 158208K(158208K)->0K(156672K) From: 9505K(9728K)->48385K(83456K)
[90.392s][info][gc,heap        ] GC(287) ParOldGen: 286448K(538624K)->295437K(538624K)
[90.392s][info][gc,metaspace   ] GC(287) Metaspace: 18158K(18368K)->18158K(18368K) NonClass: 15499K(15616K)->15499K(15616K) Class: 2659K(2752K)->2659K(2752K)
[90.392s][info][gc             ] GC(287) Pause Young (Allocation Failure) 443M->335M(760M) 77.865ms
[90.392s][info][gc,cpu         ] GC(287) User=0.16s Sys=0.00s Real=0.08s
[90.515s][info][gc,start       ] GC(288) Pause Young (Allocation Failure)
[90.608s][info][gc,heap        ] GC(288) PSYoungGen: 205057K(240128K)->33472K(241664K) Eden: 156672K(156672K)->0K(156672K) From: 48385K(83456K)->33472K(84992K)
[90.608s][info][gc,heap        ] GC(288) ParOldGen: 295437K(538624K)->343874K(538624K)
[90.608s][info][gc,metaspace   ] GC(288) Metaspace: 18158K(18368K)->18158K(18368K) NonClass: 15499K(15616K)->15499K(15616K) Class: 2659K(2752K)->2659K(2752K)
[90.608s][info][gc             ] GC(288) Pause Young (Allocation Failure) 488M->368M(762M) 93.186ms
[90.608s][info][gc,cpu         ] GC(288) User=0.19s Sys=0.00s Real=0.10s
[90.700s][info][gc,start       ] GC(289) Pause Young (Allocation Failure)
[90.746s][info][gc,heap        ] GC(289) PSYoungGen: 190144K(241664K)->10048K(247296K) Eden: 156672K(156672K)->0K(166912K) From: 33472K(84992K)->10048K(80384K)
[90.746s][info][gc,heap        ] GC(289) ParOldGen: 343874K(538624K)->377394K(538624K)
[90.746s][info][gc,metaspace   ] GC(289) Metaspace: 18158K(18368K)->18158K(18368K) NonClass: 15499K(15616K)->15499K(15616K) Class: 2659K(2752K)->2659K(2752K)
[90.746s][info][gc             ] GC(289) Pause Young (Allocation Failure) 521M->378M(767M) 46.501ms
[90.746s][info][gc,cpu         ] GC(289) User=0.09s Sys=0.00s Real=0.05s
[90.853s][info][gc,start       ] GC(290) Pause Young (Allocation Failure)
[90.873s][info][gc,heap        ] GC(290) PSYoungGen: 176960K(247296K)->1600K(246272K) Eden: 166912K(166912K)->0K(166912K) From: 10048K(80384K)->1600K(79360K)
[90.873s][info][gc,heap        ] GC(290) ParOldGen: 377394K(538624K)->387442K(538624K)
[90.873s][info][gc,metaspace   ] GC(290) Metaspace: 18158K(18368K)->18158K(18368K) NonClass: 15499K(15616K)->15499K(15616K) Class: 2659K(2752K)->2659K(2752K)
[90.873s][info][gc             ] GC(290) Pause Young (Allocation Failure) 541M->379M(766M) 20.083ms
[90.873s][info][gc,cpu         ] GC(290) User=0.04s Sys=0.00s Real=0.02s
[90.995s][info][gc,start       ] GC(291) Pause Young (Allocation Failure)
[91.011s][info][gc,heap        ] GC(291) PSYoungGen: 168512K(246272K)->6336K(251904K) Eden: 166912K(166912K)->0K(175616K) From: 1600K(79360K)->6336K(76288K)
[91.012s][info][gc,heap        ] GC(291) ParOldGen: 387442K(538624K)->389026K(538624K)
[91.012s][info][gc,metaspace   ] GC(291) Metaspace: 18163K(18368K)->18163K(18368K) NonClass: 15504K(15616K)->15504K(15616K) Class: 2659K(2752K)->2659K(2752K)
[91.012s][info][gc             ] GC(291) Pause Young (Allocation Failure) 542M->386M(772M) 17.002ms
[91.012s][info][gc,cpu         ] GC(291) User=0.04s Sys=0.00s Real=0.02s
[91.170s][info][gc,start       ] GC(292) Pause Young (Allocation Failure)
[91.193s][info][gc,heap        ] GC(292) PSYoungGen: 181952K(251904K)->14208K(252416K) Eden: 175616K(175616K)->0K(175616K) From: 6336K(76288K)->14208K(76800K)
[91.193s][info][gc,heap        ] GC(292) ParOldGen: 389026K(538624K)->395370K(538624K)
[91.193s][info][gc,metaspace   ] GC(292) Metaspace: 18163K(18368K)->18163K(18368K) NonClass: 15504K(15616K)->15504K(15616K) Class: 2659K(2752K)->2659K(2752K)
[91.193s][info][gc             ] GC(292) Pause Young (Allocation Failure) 557M->399M(772M) 23.009ms
[91.193s][info][gc,cpu         ] GC(292) User=0.05s Sys=0.00s Real=0.02s
[91.493s][info][gc,start       ] GC(293) Pause Young (Allocation Failure)
[91.540s][info][gc,heap        ] GC(293) PSYoungGen: 189824K(252416K)->28512K(253952K) Eden: 175616K(175616K)->0K(183808K) From: 14208K(76800K)->28512K(70144K)
[91.540s][info][gc,heap        ] GC(293) ParOldGen: 395370K(538624K)->409570K(538624K)
[91.540s][info][gc,metaspace   ] GC(293) Metaspace: 18169K(18368K)->18169K(18368K) NonClass: 15510K(15616K)->15510K(15616K) Class: 2659K(2752K)->2659K(2752K)
[91.540s][info][gc             ] GC(293) Pause Young (Allocation Failure) 571M->427M(774M) 46.624ms
[91.540s][info][gc,cpu         ] GC(293) User=0.09s Sys=0.01s Real=0.05s
[92.179s][info][gc,start       ] GC(294) Pause Young (Allocation Failure)
[92.209s][info][gc,heap        ] GC(294) PSYoungGen: 212320K(253952K)->256K(253952K) Eden: 183808K(183808K)->0K(183808K) From: 28512K(70144K)->256K(70144K)
[92.209s][info][gc,heap        ] GC(294) ParOldGen: 409570K(538624K)->438093K(538624K)
[92.209s][info][gc,metaspace   ] GC(294) Metaspace: 18182K(18368K)->18182K(18368K) NonClass: 15523K(15616K)->15523K(15616K) Class: 2659K(2752K)->2659K(2752K)
[92.209s][info][gc             ] GC(294) Pause Young (Allocation Failure) 607M->428M(774M) 30.344ms
[92.209s][info][gc,cpu         ] GC(294) User=0.06s Sys=0.00s Real=0.03s
[92.636s][info][gc,start       ] GC(295) Pause Young (Allocation Failure)
[92.638s][info][gc,heap        ] GC(295) PSYoungGen: 184064K(253952K)->64K(262144K) Eden: 183808K(183808K)->0K(194048K) From: 256K(70144K)->64K(68096K)
[92.638s][info][gc,heap        ] GC(295) ParOldGen: 438093K(538624K)->438317K(538624K)
[92.638s][info][gc,metaspace   ] GC(295) Metaspace: 18187K(18432K)->18187K(18432K) NonClass: 15528K(15680K)->15528K(15680K) Class: 2659K(2752K)->2659K(2752K)
[92.638s][info][gc             ] GC(295) Pause Young (Allocation Failure) 607M->428M(782M) 2.355ms
[92.638s][info][gc,cpu         ] GC(295) User=0.01s Sys=0.00s Real=0.01s
[93.056s][info][gc,start       ] GC(296) Pause Young (Allocation Failure)
[93.063s][info][gc,heap        ] GC(296) PSYoungGen: 194112K(262144K)->64K(262656K) Eden: 194048K(194048K)->0K(194048K) From: 64K(68096K)->64K(68608K)
[93.063s][info][gc,heap        ] GC(296) ParOldGen: 438317K(538624K)->438333K(538624K)
[93.063s][info][gc,metaspace   ] GC(296) Metaspace: 18190K(18432K)->18190K(18432K) NonClass: 15531K(15680K)->15531K(15680K) Class: 2659K(2752K)->2659K(2752K)
[93.063s][info][gc             ] GC(296) Pause Young (Allocation Failure) 617M->428M(782M) 7.194ms
[93.063s][info][gc,cpu         ] GC(296) User=0.01s Sys=0.00s Real=0.01s
[93.425s][info][gc,start       ] GC(297) Pause Young (Allocation Failure)
[93.460s][info][gc,heap        ] GC(297) PSYoungGen: 194112K(262656K)->29638K(263680K) Eden: 194048K(194048K)->0K(197120K) From: 64K(68608K)->29638K(66560K)
[93.460s][info][gc,heap        ] GC(297) ParOldGen: 438333K(538624K)->438333K(538624K)
[93.460s][info][gc,metaspace   ] GC(297) Metaspace: 18192K(18432K)->18192K(18432K) NonClass: 15533K(15680K)->15533K(15680K) Class: 2659K(2752K)->2659K(2752K)
[93.460s][info][gc             ] GC(297) Pause Young (Allocation Failure) 617M->457M(783M) 34.862ms
[93.460s][info][gc,cpu         ] GC(297) User=0.07s Sys=0.00s Real=0.04s
[93.663s][info][gc,start       ] GC(298) Pause Young (Allocation Failure)
[93.731s][info][gc,heap        ] GC(298) PSYoungGen: 226758K(263680K)->66550K(263680K) Eden: 197120K(197120K)->0K(197120K) From: 29638K(66560K)->66550K(66560K)
[93.731s][info][gc,heap        ] GC(298) ParOldGen: 438333K(538624K)->459305K(538624K)
[93.731s][info][gc,metaspace   ] GC(298) Metaspace: 18194K(18432K)->18194K(18432K) NonClass: 15535K(15680K)->15535K(15680K) Class: 2659K(2752K)->2659K(2752K)
[93.731s][info][gc             ] GC(298) Pause Young (Allocation Failure) 649M->513M(783M) 67.345ms
[93.731s][info][gc,cpu         ] GC(298) User=0.14s Sys=0.00s Real=0.07s
[93.851s][info][gc,start       ] GC(299) Pause Young (Allocation Failure)
[93.930s][info][gc,heap        ] GC(299) PSYoungGen: 263670K(263680K)->67184K(210432K) Eden: 197120K(197120K)->0K(140288K) From: 66550K(66560K)->67184K(70144K)
[93.930s][info][gc,heap        ] GC(299) ParOldGen: 459305K(538624K)->483603K(538624K)
[93.930s][info][gc,metaspace   ] GC(299) Metaspace: 18194K(18432K)->18194K(18432K) NonClass: 15535K(15680K)->15535K(15680K) Class: 2659K(2752K)->2659K(2752K)
[93.930s][info][gc             ] GC(299) Pause Young (Allocation Failure) 706M->537M(731M) 79.474ms
[93.930s][info][gc,cpu         ] GC(299) User=0.15s Sys=0.00s Real=0.08s
[94.064s][info][gc,start       ] GC(300) Pause Young (Allocation Failure)
[94.159s][info][gc,heap        ] GC(300) PSYoungGen: 207472K(210432K)->28044K(237056K) Eden: 140288K(140288K)->0K(140288K) From: 67184K(70144K)->28044K(96768K)
[94.159s][info][gc,heap        ] GC(300) ParOldGen: 483603K(538624K)->551270K(551424K)
[94.159s][info][gc,metaspace   ] GC(300) Metaspace: 18197K(18432K)->18197K(18432K) NonClass: 15538K(15680K)->15538K(15680K) Class: 2659K(2752K)->2659K(2752K)
[94.159s][info][gc             ] GC(300) Pause Young (Allocation Failure) 674M->565M(770M) 95.075ms
[94.159s][info][gc,cpu         ] GC(300) User=0.19s Sys=0.01s Real=0.10s
[94.254s][info][gc,start       ] GC(301) Pause Young (Allocation Failure)
[94.307s][info][gc,heap        ] GC(301) PSYoungGen: 168332K(237056K)->3232K(227328K) Eden: 140288K(140288K)->0K(146944K) From: 28044K(96768K)->3232K(80384K)
[94.307s][info][gc,heap        ] GC(301) ParOldGen: 551270K(551424K)->579426K(579584K)
[94.307s][info][gc,metaspace   ] GC(301) Metaspace: 18197K(18432K)->18197K(18432K) NonClass: 15538K(15680K)->15538K(15680K) Class: 2659K(2752K)->2659K(2752K)
[94.307s][info][gc             ] GC(301) Pause Young (Allocation Failure) 702M->569M(788M) 53.140ms
[94.307s][info][gc,cpu         ] GC(301) User=0.09s Sys=0.02s Real=0.06s
[94.430s][info][gc,start       ] GC(302) Pause Young (Allocation Failure)
[94.477s][info][gc,heap        ] GC(302) PSYoungGen: 150176K(227328K)->33696K(235520K) Eden: 146944K(146944K)->0K(146944K) From: 3232K(80384K)->33696K(88576K)
[94.477s][info][gc,heap        ] GC(302) ParOldGen: 579426K(579584K)->582626K(582656K)
[94.477s][info][gc,metaspace   ] GC(302) Metaspace: 18197K(18432K)->18197K(18432K) NonClass: 15538K(15680K)->15538K(15680K) Class: 2659K(2752K)->2659K(2752K)
[94.477s][info][gc             ] GC(302) Pause Young (Allocation Failure) 712M->601M(799M) 47.606ms
[94.477s][info][gc,cpu         ] GC(302) User=0.09s Sys=0.00s Real=0.05s
[94.594s][info][gc,start       ] GC(303) Pause Young (Allocation Failure)
[94.672s][info][gc,heap        ] GC(303) PSYoungGen: 180640K(235520K)->20768K(232448K) Eden: 146944K(146944K)->0K(160256K) From: 33696K(88576K)->20768K(72192K)
[94.672s][info][gc,heap        ] GC(303) ParOldGen: 582626K(582656K)->616394K(616448K)
[94.672s][info][gc,metaspace   ] GC(303) Metaspace: 18208K(18432K)->18208K(18432K) NonClass: 15548K(15680K)->15548K(15680K) Class: 2659K(2752K)->2659K(2752K)
[94.672s][info][gc             ] GC(303) Pause Young (Allocation Failure) 745M->622M(829M) 77.873ms
[94.672s][info][gc,cpu         ] GC(303) User=0.13s Sys=0.03s Real=0.08s
[94.762s][info][gc,start       ] GC(304) Pause Full (Allocation Failure)
[94.762s][info][gc,phases,start] GC(304) Marking Phase
[95.023s][info][gc,phases      ] GC(304) Marking Phase 261.384ms
[95.023s][info][gc,phases,start] GC(304) Summary Phase
[95.023s][info][gc,phases      ] GC(304) Summary Phase 0.029ms
[95.023s][info][gc,phases,start] GC(304) Forward
[95.132s][info][gc,phases      ] GC(304) Forward 108.590ms
[95.132s][info][gc,phases,start] GC(304) Adjust Pointers
[95.341s][info][gc,phases      ] GC(304) Adjust Pointers 209.313ms
[95.342s][info][gc,phases,start] GC(304) Compaction Phase
[95.466s][info][gc,phases      ] GC(304) Compaction Phase 124.733ms
[95.475s][info][gc,phases,start] GC(304) Post Compact
[95.477s][info][gc,phases      ] GC(304) Post Compact 2.364ms
[95.478s][info][gc,heap        ] GC(304) PSYoungGen: 181024K(232448K)->0K(240640K) Eden: 160256K(160256K)->0K(160256K) From: 20768K(72192K)->0K(80384K)
[95.478s][info][gc,heap        ] GC(304) ParOldGen: 616394K(616448K)->375252K(667648K)
[95.478s][info][gc,metaspace   ] GC(304) Metaspace: 18209K(18432K)->18209K(18432K) NonClass: 15550K(15680K)->15550K(15680K) Class: 2659K(2752K)->2659K(2752K)
[95.478s][info][gc             ] GC(304) Pause Full (Allocation Failure) 778M->366M(887M) 715.660ms
[95.478s][info][gc,cpu         ] GC(304) User=1.33s Sys=0.00s Real=0.72s
[95.599s][info][gc,start       ] GC(305) Pause Young (Allocation Failure)
[95.612s][info][gc,heap        ] GC(305) PSYoungGen: 160256K(240640K)->8064K(249344K) Eden: 160256K(160256K)->0K(173056K) From: 0K(80384K)->8064K(76288K)
[95.612s][info][gc,heap        ] GC(305) ParOldGen: 375252K(667648K)->375252K(667648K)
[95.612s][info][gc,metaspace   ] GC(305) Metaspace: 18209K(18432K)->18209K(18432K) NonClass: 15550K(15680K)->15550K(15680K) Class: 2659K(2752K)->2659K(2752K)
[95.612s][info][gc             ] GC(305) Pause Young (Allocation Failure) 522M->374M(895M) 13.538ms
[95.612s][info][gc,cpu         ] GC(305) User=0.03s Sys=0.00s Real=0.01s
[95.828s][info][gc,start       ] GC(306) Pause Young (Allocation Failure)
[95.844s][info][gc,heap        ] GC(306) PSYoungGen: 181120K(249344K)->3360K(251392K) Eden: 173056K(173056K)->0K(173056K) From: 8064K(76288K)->3360K(78336K)
[95.844s][info][gc,heap        ] GC(306) ParOldGen: 375252K(667648K)->383300K(667648K)
[95.844s][info][gc,metaspace   ] GC(306) Metaspace: 18216K(18432K)->18216K(18432K) NonClass: 15557K(15680K)->15557K(15680K) Class: 2659K(2752K)->2659K(2752K)
[95.844s][info][gc             ] GC(306) Pause Young (Allocation Failure) 543M->377M(897M) 15.642ms
[95.844s][info][gc,cpu         ] GC(306) User=0.03s Sys=0.00s Real=0.01s
[96.047s][info][gc,start       ] GC(307) Pause Young (Allocation Failure)
[96.079s][info][gc,heap        ] GC(307) PSYoungGen: 176416K(251392K)->22464K(243712K) Eden: 173056K(173056K)->0K(178688K) From: 3360K(78336K)->22464K(65024K)
[96.079s][info][gc,heap        ] GC(307) ParOldGen: 383300K(667648K)->386633K(667648K)
[96.079s][info][gc,metaspace   ] GC(307) Metaspace: 18216K(18432K)->18216K(18432K) NonClass: 15557K(15680K)->15557K(15680K) Class: 2659K(2752K)->2659K(2752K)
[96.079s][info][gc             ] GC(307) Pause Young (Allocation Failure) 546M->399M(890M) 31.833ms
[96.079s][info][gc,cpu         ] GC(307) User=0.06s Sys=0.00s Real=0.03s
[96.364s][info][gc,start       ] GC(308) Pause Young (Allocation Failure)
[96.409s][info][gc,heap        ] GC(308) PSYoungGen: 201152K(243712K)->22528K(249856K) Eden: 178688K(178688K)->0K(178688K) From: 22464K(65024K)->22528K(71168K)
[96.409s][info][gc,heap        ] GC(308) ParOldGen: 386633K(667648K)->409111K(667648K)
[96.409s][info][gc,metaspace   ] GC(308) Metaspace: 18217K(18432K)->18217K(18432K) NonClass: 15558K(15680K)->15558K(15680K) Class: 2659K(2752K)->2659K(2752K)
[96.409s][info][gc             ] GC(308) Pause Young (Allocation Failure) 574M->421M(896M) 44.459ms
[96.409s][info][gc,cpu         ] GC(308) User=0.09s Sys=0.00s Real=0.05s
[96.604s][info][gc,start       ] GC(309) Pause Young (Allocation Failure)
[96.658s][info][gc,heap        ] GC(309) PSYoungGen: 201216K(249856K)->46320K(259072K) Eden: 178688K(178688K)->0K(192512K) From: 22528K(71168K)->46320K(66560K)
[96.658s][info][gc,heap        ] GC(309) ParOldGen: 409111K(667648K)->431716K(667648K)
[96.658s][info][gc,metaspace   ] GC(309) Metaspace: 18219K(18432K)->18219K(18432K) NonClass: 15559K(15680K)->15559K(15680K) Class: 2659K(2752K)->2659K(2752K)
[96.658s][info][gc             ] GC(309) Pause Young (Allocation Failure) 596M->466M(905M) 54.284ms
[96.658s][info][gc,cpu         ] GC(309) User=0.11s Sys=0.00s Real=0.06s
[96.950s][info][gc,start       ] GC(310) Pause Young (Allocation Failure)
[97.002s][info][gc,heap        ] GC(310) PSYoungGen: 238832K(259072K)->29744K(263168K) Eden: 192512K(192512K)->0K(192512K) From: 46320K(66560K)->29744K(70656K)
[97.002s][info][gc,heap        ] GC(310) ParOldGen: 431716K(667648K)->478588K(667648K)
[97.002s][info][gc,metaspace   ] GC(310) Metaspace: 18220K(18432K)->18220K(18432K) NonClass: 15561K(15680K)->15561K(15680K) Class: 2659K(2752K)->2659K(2752K)
[97.002s][info][gc             ] GC(310) Pause Young (Allocation Failure) 654M->496M(909M) 51.626ms
[97.002s][info][gc,cpu         ] GC(310) User=0.10s Sys=0.00s Real=0.05s
[97.275s][info][gc,start       ] GC(311) Pause Young (Allocation Failure)
[97.351s][info][gc,heap        ] GC(311) PSYoungGen: 222256K(263168K)->38815K(262656K) Eden: 192512K(192512K)->0K(195072K) From: 29744K(70656K)->38815K(67584K)
[97.351s][info][gc,heap        ] GC(311) ParOldGen: 478588K(667648K)->508564K(667648K)
[97.351s][info][gc,metaspace   ] GC(311) Metaspace: 18220K(18432K)->18220K(18432K) NonClass: 15561K(15680K)->15561K(15680K) Class: 2659K(2752K)->2659K(2752K)
[97.351s][info][gc             ] GC(311) Pause Young (Allocation Failure) 684M->534M(908M) 76.157ms
[97.351s][info][gc,cpu         ] GC(311) User=0.15s Sys=0.00s Real=0.08s
[97.546s][info][gc,start       ] GC(312) Pause Young (Allocation Failure)
[97.616s][info][gc,heap        ] GC(312) PSYoungGen: 233887K(262656K)->18400K(263680K) Eden: 195072K(195072K)->0K(195072K) From: 38815K(67584K)->18400K(68608K)
[97.616s][info][gc,heap        ] GC(312) ParOldGen: 508564K(667648K)->547411K(667648K)
[97.616s][info][gc,metaspace   ] GC(312) Metaspace: 18220K(18432K)->18220K(18432K) NonClass: 15561K(15680K)->15561K(15680K) Class: 2659K(2752K)->2659K(2752K)
[97.616s][info][gc             ] GC(312) Pause Young (Allocation Failure) 725M->552M(909M) 69.675ms
[97.616s][info][gc,cpu         ] GC(312) User=0.14s Sys=0.00s Real=0.07s
[97.829s][info][gc,start       ] GC(313) Pause Young (Allocation Failure)
[97.857s][info][gc,heap        ] GC(313) PSYoungGen: 213472K(263680K)->4608K(264192K) Eden: 195072K(195072K)->0K(198144K) From: 18400K(68608K)->4608K(66048K)
[97.857s][info][gc,heap        ] GC(313) ParOldGen: 547411K(667648K)->565827K(667648K)
[97.857s][info][gc,metaspace   ] GC(313) Metaspace: 18220K(18432K)->18220K(18432K) NonClass: 15561K(15680K)->15561K(15680K) Class: 2659K(2752K)->2659K(2752K)
[97.857s][info][gc             ] GC(313) Pause Young (Allocation Failure) 743M->557M(910M) 28.870ms
[97.857s][info][gc,cpu         ] GC(313) User=0.06s Sys=0.00s Real=0.03s
[98.174s][info][gc,start       ] GC(314) Pause Young (Allocation Failure)
[98.199s][info][gc,heap        ] GC(314) PSYoungGen: 202752K(264192K)->9952K(263680K) Eden: 198144K(198144K)->0K(198144K) From: 4608K(66048K)->9952K(65536K)
[98.199s][info][gc,heap        ] GC(314) ParOldGen: 565827K(667648K)->570411K(667648K)
[98.199s][info][gc,metaspace   ] GC(314) Metaspace: 18220K(18432K)->18220K(18432K) NonClass: 15561K(15680K)->15561K(15680K) Class: 2659K(2752K)->2659K(2752K)
[98.200s][info][gc             ] GC(314) Pause Young (Allocation Failure) 750M->566M(909M) 25.809ms
[98.200s][info][gc,cpu         ] GC(314) User=0.05s Sys=0.00s Real=0.03s
[98.503s][info][gc,start       ] GC(315) Pause Young (Allocation Failure)
[98.547s][info][gc,heap        ] GC(315) PSYoungGen: 208096K(263680K)->35170K(265728K) Eden: 198144K(198144K)->0K(201728K) From: 9952K(65536K)->35170K(64000K)
[98.547s][info][gc,heap        ] GC(315) ParOldGen: 570411K(667648K)->580347K(667648K)
[98.547s][info][gc,metaspace   ] GC(315) Metaspace: 18220K(18432K)->18220K(18432K) NonClass: 15561K(15680K)->15561K(15680K) Class: 2659K(2752K)->2659K(2752K)
[98.547s][info][gc             ] GC(315) Pause Young (Allocation Failure) 760M->601M(911M) 44.081ms
[98.547s][info][gc,cpu         ] GC(315) User=0.09s Sys=0.00s Real=0.05s
[98.810s][info][gc,start       ] GC(316) Pause Young (Allocation Failure)
[98.885s][info][gc,heap        ] GC(316) PSYoungGen: 236898K(265728K)->60160K(262144K) Eden: 201728K(201728K)->0K(201728K) From: 35170K(64000K)->60160K(60416K)
[98.885s][info][gc,heap        ] GC(316) ParOldGen: 580347K(667648K)->615689K(667648K)
[98.885s][info][gc,metaspace   ] GC(316) Metaspace: 18220K(18432K)->18220K(18432K) NonClass: 15561K(15680K)->15561K(15680K) Class: 2659K(2752K)->2659K(2752K)
[98.885s][info][gc             ] GC(316) Pause Young (Allocation Failure) 798M->660M(908M) 74.656ms
[98.885s][info][gc,cpu         ] GC(316) User=0.15s Sys=0.00s Real=0.07s
[99.142s][info][gc,start       ] GC(317) Pause Full (Allocation Failure)
[99.142s][info][gc,phases,start] GC(317) Marking Phase
[99.490s][info][gc,phases      ] GC(317) Marking Phase 348.094ms
[99.490s][info][gc,phases,start] GC(317) Summary Phase
[99.490s][info][gc,phases      ] GC(317) Summary Phase 0.031ms
[99.490s][info][gc,phases,start] GC(317) Forward
[99.631s][info][gc,phases      ] GC(317) Forward 140.878ms
[99.631s][info][gc,phases,start] GC(317) Adjust Pointers
[99.898s][info][gc,phases      ] GC(317) Adjust Pointers 266.486ms
[99.898s][info][gc,phases,start] GC(317) Compaction Phase
[100.060s][info][gc,phases      ] GC(317) Compaction Phase 161.775ms
[100.070s][info][gc,phases,start] GC(317) Post Compact
[100.073s][info][gc,phases      ] GC(317) Post Compact 2.543ms
[100.073s][info][gc,heap        ] GC(317) PSYoungGen: 261888K(262144K)->0K(258048K) Eden: 201728K(201728K)->0K(186368K) From: 60160K(60416K)->0K(71680K)
[100.073s][info][gc,heap        ] GC(317) ParOldGen: 615689K(667648K)->492547K(667648K)
[100.073s][info][gc,metaspace   ] GC(317) Metaspace: 18223K(18432K)->18223K(18432K) NonClass: 15564K(15680K)->15564K(15680K) Class: 2659K(2752K)->2659K(2752K)
[100.073s][info][gc             ] GC(317) Pause Full (Allocation Failure) 857M->481M(904M) 930.773ms
[100.073s][info][gc,cpu         ] GC(317) User=1.75s Sys=0.00s Real=0.93s
[100.289s][info][gc,start       ] GC(318) Pause Young (Allocation Failure)
[100.319s][info][gc,heap        ] GC(318) PSYoungGen: 186368K(258048K)->27296K(214016K) Eden: 186368K(186368K)->0K(186368K) From: 0K(71680K)->27296K(27648K)
[100.319s][info][gc,heap        ] GC(318) ParOldGen: 492547K(667648K)->492547K(667648K)
[100.319s][info][gc,metaspace   ] GC(318) Metaspace: 18223K(18432K)->18223K(18432K) NonClass: 15564K(15680K)->15564K(15680K) Class: 2659K(2752K)->2659K(2752K)
[100.319s][info][gc             ] GC(318) Pause Young (Allocation Failure) 663M->507M(861M) 30.112ms
[100.319s][info][gc,cpu         ] GC(318) User=0.06s Sys=0.00s Real=0.03s
[100.483s][info][gc,start       ] GC(319) Pause Young (Allocation Failure)
[100.514s][info][gc,heap        ] GC(319) PSYoungGen: 213664K(214016K)->864K(257024K) Eden: 186368K(186368K)->0K(187904K) From: 27296K(27648K)->864K(69120K)
[100.514s][info][gc,heap        ] GC(319) ParOldGen: 492547K(667648K)->519867K(667648K)
[100.514s][info][gc,metaspace   ] GC(319) Metaspace: 18223K(18432K)->18223K(18432K) NonClass: 15564K(15680K)->15564K(15680K) Class: 2659K(2752K)->2659K(2752K)
[100.514s][info][gc             ] GC(319) Pause Young (Allocation Failure) 689M->508M(903M) 31.264ms
[100.514s][info][gc,cpu         ] GC(319) User=0.06s Sys=0.00s Real=0.03s
[100.734s][info][gc,start       ] GC(320) Pause Young (Allocation Failure)
[100.745s][info][gc,heap        ] GC(320) PSYoungGen: 188768K(257024K)->3904K(257536K) Eden: 187904K(187904K)->0K(187904K) From: 864K(69120K)->3904K(69632K)
[100.745s][info][gc,heap        ] GC(320) ParOldGen: 519867K(667648K)->520691K(667648K)
[100.745s][info][gc,metaspace   ] GC(320) Metaspace: 18223K(18432K)->18223K(18432K) NonClass: 15564K(15680K)->15564K(15680K) Class: 2659K(2752K)->2659K(2752K)
[100.745s][info][gc             ] GC(320) Pause Young (Allocation Failure) 692M->512M(903M) 11.006ms
[100.745s][info][gc,cpu         ] GC(320) User=0.02s Sys=0.00s Real=0.01s
[101.030s][info][gc,start       ] GC(321) Pause Young (Allocation Failure)
[101.063s][info][gc,heap        ] GC(321) PSYoungGen: 191808K(257536K)->30528K(261632K) Eden: 187904K(187904K)->0K(195584K) From: 3904K(69632K)->30528K(66048K)
[101.063s][info][gc,heap        ] GC(321) ParOldGen: 520691K(667648K)->520691K(667648K)
[101.063s][info][gc,metaspace   ] GC(321) Metaspace: 18223K(18432K)->18223K(18432K) NonClass: 15564K(15680K)->15564K(15680K) Class: 2659K(2752K)->2659K(2752K)
[101.063s][info][gc             ] GC(321) Pause Young (Allocation Failure) 695M->538M(907M) 33.713ms
[101.063s][info][gc,cpu         ] GC(321) User=0.06s Sys=0.00s Real=0.03s
[101.595s][info][gc,start       ] GC(322) Pause Young (Allocation Failure)
[101.626s][info][gc,heap        ] GC(322) PSYoungGen: 226112K(261632K)->30560K(262656K) Eden: 195584K(195584K)->0K(195584K) From: 30528K(66048K)->30560K(67072K)
[101.626s][info][gc,heap        ] GC(322) ParOldGen: 520691K(667648K)->520691K(667648K)
[101.626s][info][gc,metaspace   ] GC(322) Metaspace: 18223K(18432K)->18223K(18432K) NonClass: 15564K(15680K)->15564K(15680K) Class: 2659K(2752K)->2659K(2752K)
[101.626s][info][gc             ] GC(322) Pause Young (Allocation Failure) 729M->538M(908M) 31.561ms
[101.626s][info][gc,cpu         ] GC(322) User=0.06s Sys=0.00s Real=0.04s
[102.066s][info][gc,start       ] GC(323) Pause Young (Allocation Failure)
[102.111s][info][gc,heap        ] GC(323) PSYoungGen: 226144K(262656K)->30576K(263168K) Eden: 195584K(195584K)->0K(201216K) From: 30560K(67072K)->30576K(61952K)
[102.111s][info][gc,heap        ] GC(323) ParOldGen: 520691K(667648K)->520691K(667648K)
[102.111s][info][gc,metaspace   ] GC(323) Metaspace: 18227K(18432K)->18227K(18432K) NonClass: 15568K(15680K)->15568K(15680K) Class: 2659K(2752K)->2659K(2752K)
[102.111s][info][gc             ] GC(323) Pause Young (Allocation Failure) 729M->538M(909M) 44.453ms
[102.111s][info][gc,cpu         ] GC(323) User=0.09s Sys=0.00s Real=0.04s
[102.457s][info][gc,start       ] GC(324) Pause Young (Allocation Failure)
[102.505s][info][gc,heap        ] GC(324) PSYoungGen: 231792K(263168K)->53888K(255488K) Eden: 201216K(201216K)->0K(201216K) From: 30576K(61952K)->53888K(54272K)
[102.505s][info][gc,heap        ] GC(324) ParOldGen: 520691K(667648K)->520691K(667648K)
[102.505s][info][gc,metaspace   ] GC(324) Metaspace: 18227K(18432K)->18227K(18432K) NonClass: 15568K(15680K)->15568K(15680K) Class: 2659K(2752K)->2659K(2752K)
[102.505s][info][gc             ] GC(324) Pause Young (Allocation Failure) 734M->561M(901M) 48.039ms
[102.505s][info][gc,cpu         ] GC(324) User=0.10s Sys=0.00s Real=0.04s
[102.778s][info][gc,start       ] GC(325) Pause Young (Allocation Failure)
[102.867s][info][gc,heap        ] GC(325) PSYoungGen: 255104K(255488K)->70640K(214016K) Eden: 201216K(201216K)->0K(143360K) From: 53888K(54272K)->70640K(70656K)
[102.867s][info][gc,heap        ] GC(325) ParOldGen: 520691K(667648K)->555347K(667648K)
[102.867s][info][gc,metaspace   ] GC(325) Metaspace: 18227K(18432K)->18227K(18432K) NonClass: 15568K(15680K)->15568K(15680K) Class: 2659K(2752K)->2659K(2752K)
[102.867s][info][gc             ] GC(325) Pause Young (Allocation Failure) 757M->611M(861M) 89.703ms
[102.868s][info][gc,cpu         ] GC(325) User=0.16s Sys=0.01s Real=0.09s
[103.078s][info][gc,start       ] GC(326) Pause Young (Allocation Failure)
[103.159s][info][gc,heap        ] GC(326) PSYoungGen: 214000K(214016K)->50928K(238592K) Eden: 143360K(143360K)->0K(143360K) From: 70640K(70656K)->50928K(95232K)
[103.159s][info][gc,heap        ] GC(326) ParOldGen: 555347K(667648K)->585923K(667648K)
[103.159s][info][gc,metaspace   ] GC(326) Metaspace: 18227K(18432K)->18227K(18432K) NonClass: 15568K(15680K)->15568K(15680K) Class: 2659K(2752K)->2659K(2752K)
[103.159s][info][gc             ] GC(326) Pause Young (Allocation Failure) 751M->621M(885M) 81.861ms
[103.160s][info][gc,cpu         ] GC(326) User=0.16s Sys=0.00s Real=0.08s
[103.325s][info][gc,start       ] GC(327) Pause Young (Allocation Failure)
[103.414s][info][gc,heap        ] GC(327) PSYoungGen: 194288K(238592K)->84144K(215552K) Eden: 143360K(143360K)->0K(120832K) From: 50928K(95232K)->84144K(94720K)
[103.414s][info][gc,heap        ] GC(327) ParOldGen: 585923K(667648K)->585987K(667648K)
[103.414s][info][gc,metaspace   ] GC(327) Metaspace: 18227K(18432K)->18227K(18432K) NonClass: 15568K(15680K)->15568K(15680K) Class: 2659K(2752K)->2659K(2752K)
[103.414s][info][gc             ] GC(327) Pause Young (Allocation Failure) 761M->654M(862M) 89.586ms
[103.414s][info][gc,cpu         ] GC(327) User=0.18s Sys=0.00s Real=0.09s
[103.553s][info][gc,start       ] GC(328) Pause Young (Allocation Failure)
[103.662s][info][gc,heap        ] GC(328) PSYoungGen: 204976K(215552K)->58880K(227328K) Eden: 120832K(120832K)->0K(120832K) From: 84144K(94720K)->58880K(106496K)
[103.662s][info][gc,heap        ] GC(328) ParOldGen: 585987K(667648K)->626460K(667648K)
[103.662s][info][gc,metaspace   ] GC(328) Metaspace: 18227K(18432K)->18227K(18432K) NonClass: 15568K(15680K)->15568K(15680K) Class: 2659K(2752K)->2659K(2752K)
[103.662s][info][gc             ] GC(328) Pause Young (Allocation Failure) 772M->669M(874M) 109.494ms
[103.662s][info][gc,cpu         ] GC(328) User=0.21s Sys=0.01s Real=0.11s
[103.762s][info][gc,start       ] GC(329) Pause Full (Allocation Failure)
[103.762s][info][gc,phases,start] GC(329) Marking Phase
[104.239s][info][gc,phases      ] GC(329) Marking Phase 476.659ms
[104.239s][info][gc,phases,start] GC(329) Summary Phase
[104.239s][info][gc,phases      ] GC(329) Summary Phase 0.027ms
[104.239s][info][gc,phases,start] GC(329) Forward
[104.346s][info][gc,phases      ] GC(329) Forward 107.490ms
[104.347s][info][gc,phases,start] GC(329) Adjust Pointers
[104.698s][info][gc,phases      ] GC(329) Adjust Pointers 351.644ms
[104.698s][info][gc,phases,start] GC(329) Compaction Phase
[104.898s][info][gc,phases      ] GC(329) Compaction Phase 200.083ms
[104.909s][info][gc,phases,start] GC(329) Post Compact
[104.911s][info][gc,phases      ] GC(329) Post Compact 2.326ms
[104.911s][info][gc,heap        ] GC(329) PSYoungGen: 179712K(227328K)->0K(227328K) Eden: 120832K(120832K)->0K(120832K) From: 58880K(106496K)->0K(106496K)
[104.911s][info][gc,heap        ] GC(329) ParOldGen: 626460K(667648K)->664963K(667648K)
[104.911s][info][gc,metaspace   ] GC(329) Metaspace: 18227K(18432K)->18227K(18432K) NonClass: 15568K(15680K)->15568K(15680K) Class: 2659K(2752K)->2659K(2752K)
[104.911s][info][gc             ] GC(329) Pause Full (Allocation Failure) 787M->649M(874M) 1149.086ms
[104.911s][info][gc,cpu         ] GC(329) User=2.23s Sys=0.01s Real=1.15s
[105.038s][info][gc,start       ] GC(330) Pause Full (Allocation Failure)
[105.038s][info][gc,phases,start] GC(330) Marking Phase
[105.511s][info][gc,phases      ] GC(330) Marking Phase 472.289ms
[105.511s][info][gc,phases,start] GC(330) Summary Phase
[105.511s][info][gc,phases      ] GC(330) Summary Phase 0.024ms
[105.511s][info][gc,phases,start] GC(330) Forward
[105.513s][info][gc,phases      ] GC(330) Forward 2.547ms
[105.513s][info][gc,phases,start] GC(330) Adjust Pointers
[105.829s][info][gc,phases      ] GC(330) Adjust Pointers 315.749ms
[105.829s][info][gc,phases,start] GC(330) Compaction Phase
[105.972s][info][gc,phases      ] GC(330) Compaction Phase 142.982ms
[105.972s][info][gc,phases,start] GC(330) Post Compact
[105.974s][info][gc,phases      ] GC(330) Post Compact 2.249ms
[105.974s][info][gc,heap        ] GC(330) PSYoungGen: 120832K(227328K)->332K(227328K) Eden: 120832K(120832K)->332K(120832K) From: 0K(106496K)->0K(106496K)
[105.974s][info][gc,heap        ] GC(330) ParOldGen: 664963K(667648K)->667586K(667648K)
[105.974s][info][gc,metaspace   ] GC(330) Metaspace: 18227K(18432K)->18227K(18432K) NonClass: 15568K(15680K)->15568K(15680K) Class: 2659K(2752K)->2659K(2752K)
[105.974s][info][gc             ] GC(330) Pause Full (Allocation Failure) 767M->652M(874M) 936.231ms
[105.974s][info][gc,cpu         ] GC(330) User=1.83s Sys=0.01s Real=0.93s
[106.132s][info][gc,start       ] GC(331) Pause Full (Allocation Failure)
[106.132s][info][gc,phases,start] GC(331) Marking Phase
[106.496s][info][gc,phases      ] GC(331) Marking Phase 364.909ms
[106.497s][info][gc,phases,start] GC(331) Summary Phase
[106.497s][info][gc,phases      ] GC(331) Summary Phase 0.027ms
[106.497s][info][gc,phases,start] GC(331) Forward
[106.633s][info][gc,phases      ] GC(331) Forward 136.791ms
[106.633s][info][gc,phases,start] GC(331) Adjust Pointers
[106.911s][info][gc,phases      ] GC(331) Adjust Pointers 278.046ms
[106.912s][info][gc,phases,start] GC(331) Compaction Phase
[107.070s][info][gc,phases      ] GC(331) Compaction Phase 158.177ms
[107.081s][info][gc,phases,start] GC(331) Post Compact
[107.084s][info][gc,phases      ] GC(331) Post Compact 2.303ms
[107.084s][info][gc,heap        ] GC(331) PSYoungGen: 120832K(227328K)->0K(227328K) Eden: 120832K(120832K)->0K(120832K) From: 0K(106496K)->0K(106496K)
[107.084s][info][gc,heap        ] GC(331) ParOldGen: 667586K(667648K)->514809K(667648K)
[107.084s][info][gc,metaspace   ] GC(331) Metaspace: 18227K(18432K)->18227K(18432K) NonClass: 15568K(15680K)->15568K(15680K) Class: 2659K(2752K)->2659K(2752K)
[107.084s][info][gc             ] GC(331) Pause Full (Allocation Failure) 769M->502M(874M) 952.261ms
[107.084s][info][gc,cpu         ] GC(331) User=1.80s Sys=0.00s Real=0.95s
[107.266s][info][gc,start       ] GC(332) Pause Young (Allocation Failure)
[107.282s][info][gc,heap        ] GC(332) PSYoungGen: 120832K(227328K)->13328K(134656K) Eden: 120832K(120832K)->0K(120832K) From: 0K(106496K)->13328K(13824K)
[107.282s][info][gc,heap        ] GC(332) ParOldGen: 514809K(667648K)->514809K(667648K)
[107.282s][info][gc,metaspace   ] GC(332) Metaspace: 18227K(18432K)->18227K(18432K) NonClass: 15568K(15680K)->15568K(15680K) Class: 2659K(2752K)->2659K(2752K)
[107.282s][info][gc             ] GC(332) Pause Young (Allocation Failure) 620M->515M(783M) 15.535ms
[107.282s][info][gc,cpu         ] GC(332) User=0.03s Sys=0.00s Real=0.01s
[107.437s][info][gc,start       ] GC(333) Pause Young (Allocation Failure)
[107.475s][info][gc,heap        ] GC(333) PSYoungGen: 134160K(134656K)->35995K(227840K) Eden: 120832K(120832K)->0K(126976K) From: 13328K(13824K)->35995K(100864K)
[107.475s][info][gc,heap        ] GC(333) ParOldGen: 514809K(667648K)->514809K(667648K)
[107.475s][info][gc,metaspace   ] GC(333) Metaspace: 18236K(18432K)->18236K(18432K) NonClass: 15577K(15680K)->15577K(15680K) Class: 2659K(2752K)->2659K(2752K)
[107.475s][info][gc             ] GC(333) Pause Young (Allocation Failure) 633M->537M(874M) 37.803ms
[107.475s][info][gc,cpu         ] GC(333) User=0.08s Sys=0.00s Real=0.03s
[107.660s][info][gc,start       ] GC(334) Pause Young (Allocation Failure)
[107.696s][info][gc,heap        ] GC(334) PSYoungGen: 162971K(227840K)->34908K(226304K) Eden: 126976K(126976K)->0K(126976K) From: 35995K(100864K)->34908K(99328K)
[107.696s][info][gc,heap        ] GC(334) ParOldGen: 514809K(667648K)->514809K(667648K)
[107.696s][info][gc,metaspace   ] GC(334) Metaspace: 18236K(18432K)->18236K(18432K) NonClass: 15577K(15680K)->15577K(15680K) Class: 2659K(2752K)->2659K(2752K)
[107.696s][info][gc             ] GC(334) Pause Young (Allocation Failure) 661M->536M(873M) 35.381ms
[107.696s][info][gc,cpu         ] GC(334) User=0.07s Sys=0.00s Real=0.03s
[107.867s][info][gc,start       ] GC(335) Pause Young (Allocation Failure)
[107.917s][info][gc,heap        ] GC(335) PSYoungGen: 161884K(226304K)->55611K(227328K) Eden: 126976K(126976K)->0K(133120K) From: 34908K(99328K)->55611K(94208K)
[107.917s][info][gc,heap        ] GC(335) ParOldGen: 514809K(667648K)->514809K(667648K)
[107.917s][info][gc,metaspace   ] GC(335) Metaspace: 18236K(18432K)->18236K(18432K) NonClass: 15577K(15680K)->15577K(15680K) Class: 2659K(2752K)->2659K(2752K)
[107.917s][info][gc             ] GC(335) Pause Young (Allocation Failure) 660M->557M(874M) 49.981ms
[107.917s][info][gc,cpu         ] GC(335) User=0.10s Sys=0.00s Real=0.05s
[108.138s][info][gc,start       ] GC(336) Pause Young (Allocation Failure)
[108.201s][info][gc,heap        ] GC(336) PSYoungGen: 188731K(227328K)->64476K(227840K) Eden: 133120K(133120K)->0K(133120K) From: 55611K(94208K)->64476K(94720K)
[108.201s][info][gc,heap        ] GC(336) ParOldGen: 514809K(667648K)->514809K(667648K)
[108.201s][info][gc,metaspace   ] GC(336) Metaspace: 18236K(18432K)->18236K(18432K) NonClass: 15577K(15680K)->15577K(15680K) Class: 2659K(2752K)->2659K(2752K)
[108.201s][info][gc             ] GC(336) Pause Young (Allocation Failure) 687M->565M(874M) 62.924ms
[108.201s][info][gc,cpu         ] GC(336) User=0.12s Sys=0.01s Real=0.06s
[108.410s][info][gc,start       ] GC(337) Pause Young (Allocation Failure)
[108.474s][info][gc,heap        ] GC(337) PSYoungGen: 197596K(227840K)->68252K(228352K) Eden: 133120K(133120K)->0K(130048K) From: 64476K(94720K)->68252K(98304K)
[108.475s][info][gc,heap        ] GC(337) ParOldGen: 514809K(667648K)->514809K(667648K)
[108.475s][info][gc,metaspace   ] GC(337) Metaspace: 18239K(18432K)->18239K(18432K) NonClass: 15580K(15680K)->15580K(15680K) Class: 2659K(2752K)->2659K(2752K)
[108.475s][info][gc             ] GC(337) Pause Young (Allocation Failure) 695M->569M(875M) 64.613ms
[108.475s][info][gc,cpu         ] GC(337) User=0.13s Sys=0.00s Real=0.06s
[108.791s][info][gc,start       ] GC(338) Pause Young (Allocation Failure)
[108.858s][info][gc,heap        ] GC(338) PSYoungGen: 198300K(228352K)->71148K(201216K) Eden: 130048K(130048K)->0K(130048K) From: 68252K(98304K)->71148K(71168K)
[108.858s][info][gc,heap        ] GC(338) ParOldGen: 514809K(667648K)->514809K(667648K)
[108.858s][info][gc,metaspace   ] GC(338) Metaspace: 18239K(18432K)->18239K(18432K) NonClass: 15580K(15680K)->15580K(15680K) Class: 2659K(2752K)->2659K(2752K)
[108.858s][info][gc             ] GC(338) Pause Young (Allocation Failure) 696M->572M(848M) 67.590ms
[108.858s][info][gc,cpu         ] GC(338) User=0.13s Sys=0.00s Real=0.07s
[109.014s][info][gc,start       ] GC(339) Pause Young (Allocation Failure)
[109.094s][info][gc,heap        ] GC(339) PSYoungGen: 201196K(201216K)->83947K(217600K) Eden: 130048K(130048K)->0K(111616K) From: 71148K(71168K)->83947K(105984K)
[109.094s][info][gc,heap        ] GC(339) ParOldGen: 514809K(667648K)->514809K(667648K)
[109.094s][info][gc,metaspace   ] GC(339) Metaspace: 18240K(18432K)->18240K(18432K) NonClass: 15581K(15680K)->15581K(15680K) Class: 2659K(2752K)->2659K(2752K)
[109.094s][info][gc             ] GC(339) Pause Young (Allocation Failure) 699M->584M(864M) 79.675ms
[109.094s][info][gc,cpu         ] GC(339) User=0.16s Sys=0.00s Real=0.08s
[109.214s][info][gc,start       ] GC(340) Pause Young (Allocation Failure)
[109.320s][info][gc,heap        ] GC(340) PSYoungGen: 195563K(217600K)->95579K(222720K) Eden: 111616K(111616K)->0K(111616K) From: 83947K(105984K)->95579K(111104K)
[109.320s][info][gc,heap        ] GC(340) ParOldGen: 514809K(667648K)->528129K(667648K)
[109.320s][info][gc,metaspace   ] GC(340) Metaspace: 18241K(18432K)->18241K(18432K) NonClass: 15582K(15680K)->15582K(15680K) Class: 2659K(2752K)->2659K(2752K)
[109.320s][info][gc             ] GC(340) Pause Young (Allocation Failure) 693M->609M(869M) 106.230ms
[109.320s][info][gc,cpu         ] GC(340) User=0.20s Sys=0.00s Real=0.11s
[109.380s][info][gc,start       ] GC(341) Pause Young (Allocation Failure)
[109.497s][info][gc,heap        ] GC(341) PSYoungGen: 207195K(222720K)->111088K(222720K) Eden: 111616K(111616K)->0K(111616K) From: 95579K(111104K)->111088K(111104K)
[109.497s][info][gc,heap        ] GC(341) ParOldGen: 528129K(667648K)->553765K(667648K)
[109.497s][info][gc,metaspace   ] GC(341) Metaspace: 18241K(18432K)->18241K(18432K) NonClass: 15582K(15680K)->15582K(15680K) Class: 2659K(2752K)->2659K(2752K)
[109.497s][info][gc             ] GC(341) Pause Young (Allocation Failure) 718M->649M(869M) 116.432ms
[109.497s][info][gc,cpu         ] GC(341) User=0.22s Sys=0.01s Real=0.12s
[109.689s][info][gc,start       ] GC(342) Pause Young (Allocation Failure)
[109.780s][info][gc,heap        ] GC(342) PSYoungGen: 222704K(222720K)->87008K(222720K) Eden: 111616K(111616K)->0K(111616K) From: 111088K(111104K)->87008K(111104K)
[109.780s][info][gc,heap        ] GC(342) ParOldGen: 553765K(667648K)->586997K(667648K)
[109.780s][info][gc,metaspace   ] GC(342) Metaspace: 18242K(18432K)->18242K(18432K) NonClass: 15583K(15680K)->15583K(15680K) Class: 2659K(2752K)->2659K(2752K)
[109.780s][info][gc             ] GC(342) Pause Young (Allocation Failure) 758M->658M(869M) 91.248ms
[109.780s][info][gc,cpu         ] GC(342) User=0.18s Sys=0.00s Real=0.09s
[109.943s][info][gc,start       ] GC(343) Pause Young (Allocation Failure)
[110.021s][info][gc,heap        ] GC(343) PSYoungGen: 198624K(222720K)->82896K(222720K) Eden: 111616K(111616K)->0K(111616K) From: 87008K(111104K)->82896K(111104K)
[110.021s][info][gc,heap        ] GC(343) ParOldGen: 586997K(667648K)->592226K(667648K)
[110.021s][info][gc,metaspace   ] GC(343) Metaspace: 18242K(18432K)->18242K(18432K) NonClass: 15583K(15680K)->15583K(15680K) Class: 2659K(2752K)->2659K(2752K)
[110.021s][info][gc             ] GC(343) Pause Young (Allocation Failure) 767M->659M(869M) 78.465ms
[110.021s][info][gc,cpu         ] GC(343) User=0.15s Sys=0.00s Real=0.08s
[110.149s][info][gc,start       ] GC(344) Pause Young (Allocation Failure)
[110.244s][info][gc,heap        ] GC(344) PSYoungGen: 194512K(222720K)->81216K(222720K) Eden: 111616K(111616K)->0K(111616K) From: 82896K(111104K)->81216K(111104K)
[110.244s][info][gc,heap        ] GC(344) ParOldGen: 592226K(667648K)->616882K(667648K)
[110.244s][info][gc,metaspace   ] GC(344) Metaspace: 18242K(18432K)->18242K(18432K) NonClass: 15583K(15680K)->15583K(15680K) Class: 2659K(2752K)->2659K(2752K)
[110.244s][info][gc             ] GC(344) Pause Young (Allocation Failure) 768M->681M(869M) 94.815ms
[110.244s][info][gc,cpu         ] GC(344) User=0.18s Sys=0.00s Real=0.09s
[110.384s][info][gc,start       ] GC(345) Pause Full (Allocation Failure)
[110.384s][info][gc,phases,start] GC(345) Marking Phase
[110.748s][info][gc,phases      ] GC(345) Marking Phase 363.758ms
[110.748s][info][gc,phases,start] GC(345) Summary Phase
[110.748s][info][gc,phases      ] GC(345) Summary Phase 0.027ms
[110.748s][info][gc,phases,start] GC(345) Forward
[110.842s][info][gc,phases      ] GC(345) Forward 93.815ms
[110.842s][info][gc,phases,start] GC(345) Adjust Pointers
[111.107s][info][gc,phases      ] GC(345) Adjust Pointers 265.014ms
[111.107s][info][gc,phases,start] GC(345) Compaction Phase
[111.252s][info][gc,phases      ] GC(345) Compaction Phase 145.072ms
[111.259s][info][gc,phases,start] GC(345) Post Compact
[111.261s][info][gc,phases      ] GC(345) Post Compact 2.374ms
[111.261s][info][gc,heap        ] GC(345) PSYoungGen: 192832K(222720K)->0K(222720K) Eden: 111616K(111616K)->0K(111616K) From: 81216K(111104K)->0K(111104K)
[111.261s][info][gc,heap        ] GC(345) ParOldGen: 616882K(667648K)->509248K(667648K)
[111.261s][info][gc,metaspace   ] GC(345) Metaspace: 18242K(18432K)->18242K(18432K) NonClass: 15583K(15680K)->15583K(15680K) Class: 2659K(2752K)->2659K(2752K)
[111.261s][info][gc             ] GC(345) Pause Full (Allocation Failure) 790M->497M(869M) 876.887ms
[111.261s][info][gc,cpu         ] GC(345) User=1.67s Sys=0.00s Real=0.88s
[111.348s][info][gc,start       ] GC(346) Pause Young (Allocation Failure)
[111.352s][info][gc,heap        ] GC(346) PSYoungGen: 111616K(222720K)->1824K(222720K) Eden: 111616K(111616K)->0K(111616K) From: 0K(111104K)->1824K(111104K)
[111.352s][info][gc,heap        ] GC(346) ParOldGen: 509248K(667648K)->509248K(667648K)
[111.352s][info][gc,metaspace   ] GC(346) Metaspace: 18242K(18432K)->18242K(18432K) NonClass: 15583K(15680K)->15583K(15680K) Class: 2659K(2752K)->2659K(2752K)
[111.352s][info][gc             ] GC(346) Pause Young (Allocation Failure) 606M->499M(869M) 4.160ms
[111.352s][info][gc,cpu         ] GC(346) User=0.01s Sys=0.00s Real=0.00s
[111.478s][info][gc,start       ] GC(347) Pause Young (Allocation Failure)
[111.486s][info][gc,heap        ] GC(347) PSYoungGen: 113440K(222720K)->2464K(222720K) Eden: 111616K(111616K)->0K(111616K) From: 1824K(111104K)->2464K(111104K)
[111.486s][info][gc,heap        ] GC(347) ParOldGen: 509248K(667648K)->509248K(667648K)
[111.486s][info][gc,metaspace   ] GC(347) Metaspace: 18242K(18432K)->18242K(18432K) NonClass: 15583K(15680K)->15583K(15680K) Class: 2659K(2752K)->2659K(2752K)
[111.487s][info][gc             ] GC(347) Pause Young (Allocation Failure) 608M->499M(869M) 8.533ms
[111.487s][info][gc,cpu         ] GC(347) User=0.02s Sys=0.00s Real=0.01s
[111.608s][info][gc,start       ] GC(348) Pause Young (Allocation Failure)
[111.618s][info][gc,heap        ] GC(348) PSYoungGen: 114080K(222720K)->3968K(222720K) Eden: 111616K(111616K)->0K(111616K) From: 2464K(111104K)->3968K(111104K)
[111.619s][info][gc,heap        ] GC(348) ParOldGen: 509248K(667648K)->511680K(667648K)
[111.619s][info][gc,metaspace   ] GC(348) Metaspace: 18242K(18432K)->18242K(18432K) NonClass: 15583K(15680K)->15583K(15680K) Class: 2659K(2752K)->2659K(2752K)
[111.619s][info][gc             ] GC(348) Pause Young (Allocation Failure) 608M->503M(869M) 10.843ms
[111.619s][info][gc,cpu         ] GC(348) User=0.03s Sys=0.00s Real=0.01s
[111.769s][info][gc,start       ] GC(349) Pause Young (Allocation Failure)
[111.785s][info][gc,heap        ] GC(349) PSYoungGen: 115584K(222720K)->10080K(222720K) Eden: 111616K(111616K)->0K(111616K) From: 3968K(111104K)->10080K(111104K)
[111.785s][info][gc,heap        ] GC(349) ParOldGen: 511680K(667648K)->515648K(667648K)
[111.785s][info][gc,metaspace   ] GC(349) Metaspace: 18242K(18432K)->18242K(18432K) NonClass: 15583K(15680K)->15583K(15680K) Class: 2659K(2752K)->2659K(2752K)
[111.785s][info][gc             ] GC(349) Pause Young (Allocation Failure) 612M->513M(869M) 16.412ms
[111.785s][info][gc,cpu         ] GC(349) User=0.04s Sys=0.00s Real=0.01s
[111.955s][info][gc,start       ] GC(350) Pause Young (Allocation Failure)
[111.986s][info][gc,heap        ] GC(350) PSYoungGen: 121696K(222720K)->17456K(222720K) Eden: 111616K(111616K)->0K(111616K) From: 10080K(111104K)->17456K(111104K)
[111.986s][info][gc,heap        ] GC(350) ParOldGen: 515648K(667648K)->525064K(667648K)
[111.986s][info][gc,metaspace   ] GC(350) Metaspace: 18242K(18432K)->18242K(18432K) NonClass: 15583K(15680K)->15583K(15680K) Class: 2659K(2752K)->2659K(2752K)
[111.986s][info][gc             ] GC(350) Pause Young (Allocation Failure) 622M->529M(869M) 30.549ms
[111.986s][info][gc,cpu         ] GC(350) User=0.06s Sys=0.00s Real=0.03s
[112.295s][info][gc,start       ] GC(351) Pause Young (Allocation Failure)
[112.324s][info][gc,heap        ] GC(351) PSYoungGen: 129072K(222720K)->352K(222720K) Eden: 111616K(111616K)->0K(111616K) From: 17456K(111104K)->352K(111104K)
[112.324s][info][gc,heap        ] GC(351) ParOldGen: 525064K(667648K)->542552K(667648K)
[112.324s][info][gc,metaspace   ] GC(351) Metaspace: 18242K(18432K)->18242K(18432K) NonClass: 15583K(15680K)->15583K(15680K) Class: 2659K(2752K)->2659K(2752K)
[112.324s][info][gc             ] GC(351) Pause Young (Allocation Failure) 638M->530M(869M) 28.722ms
[112.324s][info][gc,cpu         ] GC(351) User=0.05s Sys=0.00s Real=0.03s
[112.463s][info][gc,start       ] GC(352) Pause Young (Allocation Failure)
[112.486s][info][gc,heap        ] GC(352) PSYoungGen: 111968K(222720K)->29856K(222720K) Eden: 111616K(111616K)->0K(111616K) From: 352K(111104K)->29856K(111104K)
[112.486s][info][gc,heap        ] GC(352) ParOldGen: 542552K(667648K)->542888K(667648K)
[112.486s][info][gc,metaspace   ] GC(352) Metaspace: 18247K(18432K)->18247K(18432K) NonClass: 15588K(15680K)->15588K(15680K) Class: 2659K(2752K)->2659K(2752K)
[112.486s][info][gc             ] GC(352) Pause Young (Allocation Failure) 639M->559M(869M) 22.865ms
[112.486s][info][gc,cpu         ] GC(352) User=0.04s Sys=0.00s Real=0.02s
[112.608s][info][gc,start       ] GC(353) Pause Young (Allocation Failure)
[112.637s][info][gc,heap        ] GC(353) PSYoungGen: 141472K(222720K)->11392K(222720K) Eden: 111616K(111616K)->0K(111616K) From: 29856K(111104K)->11392K(111104K)
[112.637s][info][gc,heap        ] GC(353) ParOldGen: 542888K(667648K)->572862K(667648K)
[112.637s][info][gc,metaspace   ] GC(353) Metaspace: 18248K(18432K)->18248K(18432K) NonClass: 15589K(15680K)->15589K(15680K) Class: 2659K(2752K)->2659K(2752K)
[112.637s][info][gc             ] GC(353) Pause Young (Allocation Failure) 668M->570M(869M) 28.873ms
[112.637s][info][gc,cpu         ] GC(353) User=0.06s Sys=0.00s Real=0.03s
[112.824s][info][gc,start       ] GC(354) Pause Young (Allocation Failure)
[112.852s][info][gc,heap        ] GC(354) PSYoungGen: 123008K(222720K)->10048K(222720K) Eden: 111616K(111616K)->0K(111616K) From: 11392K(111104K)->10048K(111104K)
[112.852s][info][gc,heap        ] GC(354) ParOldGen: 572862K(667648K)->584318K(667648K)
[112.852s][info][gc,metaspace   ] GC(354) Metaspace: 18248K(18432K)->18248K(18432K) NonClass: 15589K(15680K)->15589K(15680K) Class: 2659K(2752K)->2659K(2752K)
[112.852s][info][gc             ] GC(354) Pause Young (Allocation Failure) 679M->580M(869M) 28.729ms
[112.852s][info][gc,cpu         ] GC(354) User=0.06s Sys=0.00s Real=0.03s
[113.025s][info][gc,start       ] GC(355) Pause Young (Allocation Failure)
[113.047s][info][gc,heap        ] GC(355) PSYoungGen: 121664K(222720K)->5888K(222720K) Eden: 111616K(111616K)->0K(111616K) From: 10048K(111104K)->5888K(111104K)
[113.048s][info][gc,heap        ] GC(355) ParOldGen: 584318K(667648K)->594350K(667648K)
[113.048s][info][gc,metaspace   ] GC(355) Metaspace: 18248K(18432K)->18248K(18432K) NonClass: 15589K(15680K)->15589K(15680K) Class: 2659K(2752K)->2659K(2752K)
[113.048s][info][gc             ] GC(355) Pause Young (Allocation Failure) 689M->586M(869M) 22.517ms
[113.048s][info][gc,cpu         ] GC(355) User=0.05s Sys=0.00s Real=0.03s
[113.171s][info][gc,start       ] GC(356) Pause Young (Allocation Failure)
[113.193s][info][gc,heap        ] GC(356) PSYoungGen: 117504K(222720K)->14912K(222720K) Eden: 111616K(111616K)->0K(111616K) From: 5888K(111104K)->14912K(111104K)
[113.193s][info][gc,heap        ] GC(356) ParOldGen: 594350K(667648K)->600238K(667648K)
[113.193s][info][gc,metaspace   ] GC(356) Metaspace: 18248K(18432K)->18248K(18432K) NonClass: 15589K(15680K)->15589K(15680K) Class: 2659K(2752K)->2659K(2752K)
[113.193s][info][gc             ] GC(356) Pause Young (Allocation Failure) 695M->600M(869M) 22.907ms
[113.193s][info][gc,cpu         ] GC(356) User=0.05s Sys=0.00s Real=0.02s
[113.301s][info][gc,start       ] GC(357) Pause Young (Allocation Failure)
[113.320s][info][gc,heap        ] GC(357) PSYoungGen: 126528K(222720K)->992K(216576K) Eden: 111616K(111616K)->0K(111616K) From: 14912K(111104K)->992K(104960K)
[113.320s][info][gc,heap        ] GC(357) ParOldGen: 600238K(667648K)->615142K(667648K)
[113.320s][info][gc,metaspace   ] GC(357) Metaspace: 18248K(18432K)->18248K(18432K) NonClass: 15589K(15680K)->15589K(15680K) Class: 2659K(2752K)->2659K(2752K)
[113.320s][info][gc             ] GC(357) Pause Young (Allocation Failure) 709M->601M(863M) 18.502ms
[113.320s][info][gc,cpu         ] GC(357) User=0.04s Sys=0.00s Real=0.02s
[113.453s][info][gc,start       ] GC(358) Pause Young (Allocation Failure)
[113.464s][info][gc,heap        ] GC(358) PSYoungGen: 112608K(216576K)->8064K(219648K) Eden: 111616K(111616K)->0K(111616K) From: 992K(104960K)->8064K(108032K)
[113.464s][info][gc,heap        ] GC(358) ParOldGen: 615142K(667648K)->615142K(667648K)
[113.464s][info][gc,metaspace   ] GC(358) Metaspace: 18248K(18432K)->18248K(18432K) NonClass: 15589K(15680K)->15589K(15680K) Class: 2659K(2752K)->2659K(2752K)
[113.464s][info][gc             ] GC(358) Pause Young (Allocation Failure) 710M->608M(866M) 11.401ms
[113.464s][info][gc,cpu         ] GC(358) User=0.02s Sys=0.00s Real=0.01s
[113.704s][info][gc,start       ] GC(359) Pause Young (Allocation Failure)
[113.725s][info][gc,heap        ] GC(359) PSYoungGen: 119680K(219648K)->17472K(205824K) Eden: 111616K(111616K)->0K(116736K) From: 8064K(108032K)->17472K(89088K)
[113.725s][info][gc,heap        ] GC(359) ParOldGen: 615142K(667648K)->615142K(667648K)
[113.725s][info][gc,metaspace   ] GC(359) Metaspace: 18248K(18432K)->18248K(18432K) NonClass: 15589K(15680K)->15589K(15680K) Class: 2659K(2752K)->2659K(2752K)
[113.725s][info][gc             ] GC(359) Pause Young (Allocation Failure) 717M->617M(853M) 20.946ms
[113.725s][info][gc,cpu         ] GC(359) User=0.03s Sys=0.00s Real=0.02s
[113.998s][info][gc,start       ] GC(360) Pause Young (Allocation Failure)
[114.017s][info][gc,heap        ] GC(360) PSYoungGen: 134208K(205824K)->17472K(134656K) Eden: 116736K(116736K)->0K(116736K) From: 17472K(89088K)->17472K(17920K)
[114.017s][info][gc,heap        ] GC(360) ParOldGen: 615142K(667648K)->615142K(667648K)
[114.017s][info][gc,metaspace   ] GC(360) Metaspace: 18248K(18432K)->18248K(18432K) NonClass: 15589K(15680K)->15589K(15680K) Class: 2659K(2752K)->2659K(2752K)
[114.017s][info][gc             ] GC(360) Pause Young (Allocation Failure) 731M->617M(783M) 19.688ms
[114.017s][info][gc,cpu         ] GC(360) User=0.03s Sys=0.00s Real=0.02s
[114.275s][info][gc,start       ] GC(361) Pause Young (Allocation Failure)
[114.297s][info][gc,heap        ] GC(361) PSYoungGen: 134208K(134656K)->17472K(199680K) Eden: 116736K(116736K)->0K(121344K) From: 17472K(17920K)->17472K(78336K)
[114.297s][info][gc,heap        ] GC(361) ParOldGen: 615142K(667648K)->615142K(667648K)
[114.297s][info][gc,metaspace   ] GC(361) Metaspace: 18248K(18432K)->18248K(18432K) NonClass: 15589K(15680K)->15589K(15680K) Class: 2659K(2752K)->2659K(2752K)
[114.297s][info][gc             ] GC(361) Pause Young (Allocation Failure) 731M->617M(847M) 21.239ms
[114.297s][info][gc,cpu         ] GC(361) User=0.04s Sys=0.00s Real=0.03s
[114.563s][info][gc,start       ] GC(362) Pause Young (Allocation Failure)
[114.588s][info][gc,heap        ] GC(362) PSYoungGen: 138816K(199680K)->17504K(139264K) Eden: 121344K(121344K)->0K(121344K) From: 17472K(78336K)->17504K(17920K)
[114.588s][info][gc,heap        ] GC(362) ParOldGen: 615142K(667648K)->615142K(667648K)
[114.588s][info][gc,metaspace   ] GC(362) Metaspace: 18249K(18432K)->18249K(18432K) NonClass: 15590K(15680K)->15590K(15680K) Class: 2659K(2752K)->2659K(2752K)
[114.588s][info][gc             ] GC(362) Pause Young (Allocation Failure) 736M->617M(788M) 25.608ms
[114.588s][info][gc,cpu         ] GC(362) User=0.05s Sys=0.00s Real=0.03s
[114.767s][info][gc,start       ] GC(363) Pause Young (Allocation Failure)
[114.796s][info][gc,heap        ] GC(363) PSYoungGen: 138848K(139264K)->32624K(202240K) Eden: 121344K(121344K)->0K(126464K) From: 17504K(17920K)->32624K(75776K)
[114.796s][info][gc,heap        ] GC(363) ParOldGen: 615142K(667648K)->615142K(667648K)
[114.796s][info][gc,metaspace   ] GC(363) Metaspace: 18249K(18432K)->18249K(18432K) NonClass: 15590K(15680K)->15590K(15680K) Class: 2659K(2752K)->2659K(2752K)
[114.796s][info][gc             ] GC(363) Pause Young (Allocation Failure) 736M->632M(849M) 29.767ms
[114.796s][info][gc,cpu         ] GC(363) User=0.05s Sys=0.00s Real=0.03s
[114.866s][info][gc,start       ] GC(364) Pause Young (Allocation Failure)
[114.931s][info][gc,heap        ] GC(364) PSYoungGen: 159088K(202240K)->77280K(203776K) Eden: 126464K(126464K)->0K(126464K) From: 32624K(75776K)->77280K(77312K)
[114.931s][info][gc,heap        ] GC(364) ParOldGen: 615142K(667648K)->618278K(667648K)
[114.931s][info][gc,metaspace   ] GC(364) Metaspace: 18249K(18432K)->18249K(18432K) NonClass: 15590K(15680K)->15590K(15680K) Class: 2659K(2752K)->2659K(2752K)
[114.931s][info][gc             ] GC(364) Pause Young (Allocation Failure) 756M->679M(851M) 65.584ms
[114.931s][info][gc,cpu         ] GC(364) User=0.13s Sys=0.00s Real=0.07s
[115.138s][info][gc,start       ] GC(365) Pause Young (Allocation Failure)
[115.217s][info][gc,heap        ] GC(365) PSYoungGen: 203744K(203776K)->77088K(217088K) Eden: 126464K(126464K)->0K(123904K) From: 77280K(77312K)->77088K(93184K)
[115.217s][info][gc,heap        ] GC(365) ParOldGen: 618278K(667648K)->626342K(667648K)
[115.217s][info][gc,metaspace   ] GC(365) Metaspace: 18252K(18432K)->18252K(18432K) NonClass: 15593K(15680K)->15593K(15680K) Class: 2659K(2752K)->2659K(2752K)
[115.217s][info][gc             ] GC(365) Pause Young (Allocation Failure) 802M->686M(864M) 78.835ms
[115.217s][info][gc,cpu         ] GC(365) User=0.14s Sys=0.02s Real=0.08s
[115.386s][info][gc,start       ] GC(366) Pause Young (Allocation Failure)
[115.468s][info][gc,heap        ] GC(366) PSYoungGen: 200992K(217088K)->94041K(218112K) Eden: 123904K(123904K)->0K(123904K) From: 77088K(93184K)->94041K(94208K)
[115.468s][info][gc,heap        ] GC(366) ParOldGen: 626342K(667648K)->626342K(667648K)
[115.468s][info][gc,metaspace   ] GC(366) Metaspace: 18252K(18432K)->18252K(18432K) NonClass: 15593K(15680K)->15593K(15680K) Class: 2659K(2752K)->2659K(2752K)
[115.468s][info][gc             ] GC(366) Pause Young (Allocation Failure) 807M->703M(865M) 81.903ms
[115.468s][info][gc,cpu         ] GC(366) User=0.17s Sys=0.00s Real=0.08s
[115.550s][info][gc,start       ] GC(367) Pause Young (Allocation Failure)
[115.675s][info][gc,heap        ] GC(367) PSYoungGen: 217945K(218112K)->111088K(222720K) Eden: 123904K(123904K)->0K(111616K) From: 94041K(94208K)->111088K(111104K)
[115.675s][info][gc,heap        ] GC(367) ParOldGen: 626342K(667648K)->648002K(667648K)
[115.675s][info][gc,metaspace   ] GC(367) Metaspace: 18256K(18432K)->18256K(18432K) NonClass: 15597K(15680K)->15597K(15680K) Class: 2659K(2752K)->2659K(2752K)
[115.675s][info][gc             ] GC(367) Pause Young (Allocation Failure) 824M->741M(869M) 124.567ms
[115.675s][info][gc,cpu         ] GC(367) User=0.23s Sys=0.02s Real=0.12s
[115.780s][info][gc,start       ] GC(368) Pause Full (Allocation Failure)
[115.780s][info][gc,phases,start] GC(368) Marking Phase
[116.083s][info][gc,phases      ] GC(368) Marking Phase 302.631ms
[116.083s][info][gc,phases,start] GC(368) Summary Phase
[116.083s][info][gc,phases      ] GC(368) Summary Phase 0.029ms
[116.083s][info][gc,phases,start] GC(368) Forward
[116.225s][info][gc,phases      ] GC(368) Forward 141.758ms
[116.225s][info][gc,phases,start] GC(368) Adjust Pointers
[116.460s][info][gc,phases      ] GC(368) Adjust Pointers 234.951ms
[116.460s][info][gc,phases,start] GC(368) Compaction Phase
[116.601s][info][gc,phases      ] GC(368) Compaction Phase 140.587ms
[116.611s][info][gc,phases,start] GC(368) Post Compact
[116.614s][info][gc,phases      ] GC(368) Post Compact 2.476ms
[116.614s][info][gc,heap        ] GC(368) PSYoungGen: 222704K(222720K)->0K(222720K) Eden: 111616K(111616K)->0K(111616K) From: 111088K(111104K)->0K(111104K)
[116.614s][info][gc,heap        ] GC(368) ParOldGen: 648002K(667648K)->462408K(667648K)
[116.614s][info][gc,metaspace   ] GC(368) Metaspace: 18256K(18432K)->18256K(18432K) NonClass: 15597K(15680K)->15597K(15680K) Class: 2659K(2752K)->2659K(2752K)
[116.614s][info][gc             ] GC(368) Pause Full (Allocation Failure) 850M->451M(869M) 833.431ms
[116.614s][info][gc,cpu         ] GC(368) User=1.52s Sys=0.00s Real=0.83s
[116.727s][info][gc,start       ] GC(369) Pause Young (Allocation Failure)
[116.734s][info][gc,heap        ] GC(369) PSYoungGen: 111616K(222720K)->2112K(222720K) Eden: 111616K(111616K)->0K(111616K) From: 0K(111104K)->2112K(111104K)
[116.734s][info][gc,heap        ] GC(369) ParOldGen: 462408K(667648K)->462408K(667648K)
[116.734s][info][gc,metaspace   ] GC(369) Metaspace: 18256K(18432K)->18256K(18432K) NonClass: 15597K(15680K)->15597K(15680K) Class: 2659K(2752K)->2659K(2752K)
[116.734s][info][gc             ] GC(369) Pause Young (Allocation Failure) 560M->453M(869M) 6.857ms
[116.734s][info][gc,cpu         ] GC(369) User=0.02s Sys=0.00s Real=0.00s
[116.876s][info][gc,start       ] GC(370) Pause Young (Allocation Failure)
[116.903s][info][gc,heap        ] GC(370) PSYoungGen: 113728K(222720K)->12704K(222720K) Eden: 111616K(111616K)->0K(111616K) From: 2112K(111104K)->12704K(111104K)
[116.903s][info][gc,heap        ] GC(370) ParOldGen: 462408K(667648K)->462408K(667648K)
[116.903s][info][gc,metaspace   ] GC(370) Metaspace: 18256K(18432K)->18256K(18432K) NonClass: 15597K(15680K)->15597K(15680K) Class: 2659K(2752K)->2659K(2752K)
[116.903s][info][gc             ] GC(370) Pause Young (Allocation Failure) 562M->463M(869M) 26.823ms
[116.903s][info][gc,cpu         ] GC(370) User=0.05s Sys=0.00s Real=0.03s
[117.051s][info][gc,start       ] GC(371) Pause Young (Allocation Failure)
[117.081s][info][gc,heap        ] GC(371) PSYoungGen: 124320K(222720K)->20000K(222720K) Eden: 111616K(111616K)->0K(111616K) From: 12704K(111104K)->20000K(111104K)
[117.081s][info][gc,heap        ] GC(371) ParOldGen: 462408K(667648K)->462408K(667648K)
[117.081s][info][gc,metaspace   ] GC(371) Metaspace: 18256K(18432K)->18256K(18432K) NonClass: 15597K(15680K)->15597K(15680K) Class: 2659K(2752K)->2659K(2752K)
[117.081s][info][gc             ] GC(371) Pause Young (Allocation Failure) 572M->471M(869M) 30.903ms
[117.081s][info][gc,cpu         ] GC(371) User=0.06s Sys=0.00s Real=0.03s
[117.230s][info][gc,start       ] GC(372) Pause Young (Allocation Failure)
[117.260s][info][gc,heap        ] GC(372) PSYoungGen: 131616K(222720K)->17920K(222720K) Eden: 111616K(111616K)->0K(111616K) From: 20000K(111104K)->17920K(111104K)
[117.260s][info][gc,heap        ] GC(372) ParOldGen: 462408K(667648K)->464504K(667648K)
[117.260s][info][gc,metaspace   ] GC(372) Metaspace: 18256K(18432K)->18256K(18432K) NonClass: 15597K(15680K)->15597K(15680K) Class: 2659K(2752K)->2659K(2752K)
[117.260s][info][gc             ] GC(372) Pause Young (Allocation Failure) 580M->471M(869M) 30.301ms
[117.260s][info][gc,cpu         ] GC(372) User=0.06s Sys=0.00s Real=0.03s
[117.405s][info][gc,start       ] GC(373) Pause Young (Allocation Failure)
[117.434s][info][gc,heap        ] GC(373) PSYoungGen: 129536K(222720K)->32K(222720K) Eden: 111616K(111616K)->0K(111616K) From: 17920K(111104K)->32K(111104K)
[117.434s][info][gc,heap        ] GC(373) ParOldGen: 464504K(667648K)->482440K(667648K)
[117.434s][info][gc,metaspace   ] GC(373) Metaspace: 18256K(18432K)->18256K(18432K) NonClass: 15597K(15680K)->15597K(15680K) Class: 2659K(2752K)->2659K(2752K)
[117.435s][info][gc             ] GC(373) Pause Young (Allocation Failure) 580M->471M(869M) 29.164ms
[117.435s][info][gc,cpu         ] GC(373) User=0.05s Sys=0.00s Real=0.03s
[117.580s][info][gc,start       ] GC(374) Pause Young (Allocation Failure)
[117.582s][info][gc,heap        ] GC(374) PSYoungGen: 111648K(222720K)->64K(222720K) Eden: 111616K(111616K)->0K(111616K) From: 32K(111104K)->64K(111104K)
[117.582s][info][gc,heap        ] GC(374) ParOldGen: 482440K(667648K)->482440K(667648K)
[117.582s][info][gc,metaspace   ] GC(374) Metaspace: 18256K(18432K)->18256K(18432K) NonClass: 15597K(15680K)->15597K(15680K) Class: 2659K(2752K)->2659K(2752K)
[117.582s][info][gc             ] GC(374) Pause Young (Allocation Failure) 580M->471M(869M) 1.552ms
[117.582s][info][gc,cpu         ] GC(374) User=0.01s Sys=0.00s Real=0.00s
[117.725s][info][gc,start       ] GC(375) Pause Young (Allocation Failure)
[117.726s][info][gc,heap        ] GC(375) PSYoungGen: 111680K(222720K)->64K(222720K) Eden: 111616K(111616K)->0K(111616K) From: 64K(111104K)->64K(111104K)
[117.726s][info][gc,heap        ] GC(375) ParOldGen: 482440K(667648K)->482440K(667648K)
[117.726s][info][gc,metaspace   ] GC(375) Metaspace: 18256K(18432K)->18256K(18432K) NonClass: 15597K(15680K)->15597K(15680K) Class: 2659K(2752K)->2659K(2752K)
[117.726s][info][gc             ] GC(375) Pause Young (Allocation Failure) 580M->471M(869M) 1.537ms
[117.726s][info][gc,cpu         ] GC(375) User=0.00s Sys=0.00s Real=0.00s
[117.876s][info][gc,start       ] GC(376) Pause Young (Allocation Failure)
[117.877s][info][gc,heap        ] GC(376) PSYoungGen: 111680K(222720K)->64K(222720K) Eden: 111616K(111616K)->0K(111616K) From: 64K(111104K)->64K(111104K)
[117.877s][info][gc,heap        ] GC(376) ParOldGen: 482440K(667648K)->482440K(667648K)
[117.877s][info][gc,metaspace   ] GC(376) Metaspace: 18256K(18432K)->18256K(18432K) NonClass: 15597K(15680K)->15597K(15680K) Class: 2659K(2752K)->2659K(2752K)
[117.877s][info][gc             ] GC(376) Pause Young (Allocation Failure) 580M->471M(869M) 1.567ms
[117.877s][info][gc,cpu         ] GC(376) User=0.00s Sys=0.00s Real=0.01s
[118.028s][info][gc,start       ] GC(377) Pause Young (Allocation Failure)
[118.030s][info][gc,heap        ] GC(377) PSYoungGen: 111680K(222720K)->64K(217600K) Eden: 111616K(111616K)->0K(111616K) From: 64K(111104K)->64K(105984K)
[118.030s][info][gc,heap        ] GC(377) ParOldGen: 482440K(667648K)->482440K(667648K)
[118.030s][info][gc,metaspace   ] GC(377) Metaspace: 18256K(18432K)->18256K(18432K) NonClass: 15597K(15680K)->15597K(15680K) Class: 2659K(2752K)->2659K(2752K)
[118.030s][info][gc             ] GC(377) Pause Young (Allocation Failure) 580M->471M(864M) 2.188ms
[118.030s][info][gc,cpu         ] GC(377) User=0.00s Sys=0.00s Real=0.00s
[118.183s][info][gc,start       ] GC(378) Pause Young (Allocation Failure)
[118.185s][info][gc,heap        ] GC(378) PSYoungGen: 111680K(217600K)->64K(112128K) Eden: 111616K(111616K)->0K(111616K) From: 64K(105984K)->64K(512K)
[118.185s][info][gc,heap        ] GC(378) ParOldGen: 482440K(667648K)->482440K(667648K)
[118.185s][info][gc,metaspace   ] GC(378) Metaspace: 18256K(18432K)->18256K(18432K) NonClass: 15597K(15680K)->15597K(15680K) Class: 2659K(2752K)->2659K(2752K)
[118.185s][info][gc             ] GC(378) Pause Young (Allocation Failure) 580M->471M(761M) 2.183ms
[118.185s][info][gc,cpu         ] GC(378) User=0.00s Sys=0.00s Real=0.00s
[118.335s][info][gc,start       ] GC(379) Pause Young (Allocation Failure)
[118.338s][info][gc,heap        ] GC(379) PSYoungGen: 111680K(112128K)->64K(206848K) Eden: 111616K(111616K)->0K(114176K) From: 64K(512K)->64K(92672K)
[118.338s][info][gc,heap        ] GC(379) ParOldGen: 482440K(667648K)->482440K(667648K)
[118.338s][info][gc,metaspace   ] GC(379) Metaspace: 18256K(18432K)->18256K(18432K) NonClass: 15597K(15680K)->15597K(15680K) Class: 2659K(2752K)->2659K(2752K)
[118.338s][info][gc             ] GC(379) Pause Young (Allocation Failure) 580M->471M(854M) 2.434ms
[118.338s][info][gc,cpu         ] GC(379) User=0.00s Sys=0.00s Real=0.01s
[118.471s][info][gc,start       ] GC(380) Pause Young (Allocation Failure)
[118.485s][info][gc,heap        ] GC(380) PSYoungGen: 114240K(206848K)->11712K(125952K) Eden: 114176K(114176K)->0K(114176K) From: 64K(92672K)->11712K(11776K)
[118.485s][info][gc,heap        ] GC(380) ParOldGen: 482440K(667648K)->482440K(667648K)
[118.485s][info][gc,metaspace   ] GC(380) Metaspace: 18256K(18432K)->18256K(18432K) NonClass: 15597K(15680K)->15597K(15680K) Class: 2659K(2752K)->2659K(2752K)
[118.485s][info][gc             ] GC(380) Pause Young (Allocation Failure) 582M->482M(775M) 14.969ms
[118.485s][info][gc,cpu         ] GC(380) User=0.03s Sys=0.00s Real=0.01s
[118.590s][info][gc,start       ] GC(381) Pause Young (Allocation Failure)
[118.624s][info][gc,heap        ] GC(381) PSYoungGen: 125888K(125952K)->31360K(208896K) Eden: 114176K(114176K)->0K(119808K) From: 11712K(11776K)->31360K(89088K)
[118.624s][info][gc,heap        ] GC(381) ParOldGen: 482440K(667648K)->482440K(667648K)
[118.624s][info][gc,metaspace   ] GC(381) Metaspace: 18256K(18432K)->18256K(18432K) NonClass: 15597K(15680K)->15597K(15680K) Class: 2659K(2752K)->2659K(2752K)
[118.624s][info][gc             ] GC(381) Pause Young (Allocation Failure) 594M->501M(856M) 33.812ms
[118.624s][info][gc,cpu         ] GC(381) User=0.06s Sys=0.00s Real=0.03s
[118.725s][info][gc,start       ] GC(382) Pause Young (Allocation Failure)
[118.760s][info][gc,heap        ] GC(382) PSYoungGen: 151168K(208896K)->35072K(208896K) Eden: 119808K(119808K)->0K(119808K) From: 31360K(89088K)->35072K(89088K)
[118.760s][info][gc,heap        ] GC(382) ParOldGen: 482440K(667648K)->482440K(667648K)
[118.760s][info][gc,metaspace   ] GC(382) Metaspace: 18256K(18432K)->18256K(18432K) NonClass: 15597K(15680K)->15597K(15680K) Class: 2659K(2752K)->2659K(2752K)
[118.760s][info][gc             ] GC(382) Pause Young (Allocation Failure) 618M->505M(856M) 35.457ms
[118.760s][info][gc,cpu         ] GC(382) User=0.07s Sys=0.00s Real=0.04s
[118.860s][info][gc,start       ] GC(383) Pause Young (Allocation Failure)
[118.896s][info][gc,heap        ] GC(383) PSYoungGen: 154880K(208896K)->36448K(215552K) Eden: 119808K(119808K)->0K(127488K) From: 35072K(89088K)->36448K(88064K)
[118.896s][info][gc,heap        ] GC(383) ParOldGen: 482440K(667648K)->482440K(667648K)
[118.896s][info][gc,metaspace   ] GC(383) Metaspace: 18256K(18432K)->18256K(18432K) NonClass: 15597K(15680K)->15597K(15680K) Class: 2659K(2752K)->2659K(2752K)
[118.896s][info][gc             ] GC(383) Pause Young (Allocation Failure) 622M->506M(862M) 35.734ms
[118.896s][info][gc,cpu         ] GC(383) User=0.07s Sys=0.00s Real=0.03s
[119.018s][info][gc,start       ] GC(384) Pause Young (Allocation Failure)
[119.058s][info][gc,heap        ] GC(384) PSYoungGen: 163936K(215552K)->39872K(215040K) Eden: 127488K(127488K)->0K(127488K) From: 36448K(88064K)->39872K(87552K)
[119.058s][info][gc,heap        ] GC(384) ParOldGen: 482440K(667648K)->482440K(667648K)
[119.058s][info][gc,metaspace   ] GC(384) Metaspace: 18258K(18432K)->18258K(18432K) NonClass: 15599K(15680K)->15599K(15680K) Class: 2659K(2752K)->2659K(2752K)
[119.058s][info][gc             ] GC(384) Pause Young (Allocation Failure) 631M->510M(862M) 39.937ms
[119.058s][info][gc,cpu         ] GC(384) User=0.08s Sys=0.00s Real=0.04s
[119.146s][info][gc,start       ] GC(385) Pause Young (Allocation Failure)
[119.206s][info][gc,heap        ] GC(385) PSYoungGen: 167360K(215040K)->56448K(218112K) Eden: 127488K(127488K)->0K(130560K) From: 39872K(87552K)->56448K(87552K)
[119.206s][info][gc,heap        ] GC(385) ParOldGen: 482440K(667648K)->482440K(667648K)
[119.206s][info][gc,metaspace   ] GC(385) Metaspace: 18258K(18432K)->18258K(18432K) NonClass: 15599K(15680K)->15599K(15680K) Class: 2659K(2752K)->2659K(2752K)
[119.206s][info][gc             ] GC(385) Pause Young (Allocation Failure) 634M->526M(865M) 60.216ms
[119.206s][info][gc,cpu         ] GC(385) User=0.12s Sys=0.00s Real=0.06s
[119.304s][info][gc,start       ] GC(386) Pause Young (Allocation Failure)
[119.382s][info][gc,heap        ] GC(386) PSYoungGen: 187008K(218112K)->79392K(224256K) Eden: 130560K(130560K)->0K(130560K) From: 56448K(87552K)->79392K(93696K)
[119.382s][info][gc,heap        ] GC(386) ParOldGen: 482440K(667648K)->482440K(667648K)
[119.382s][info][gc,metaspace   ] GC(386) Metaspace: 18258K(18432K)->18258K(18432K) NonClass: 15599K(15680K)->15599K(15680K) Class: 2659K(2752K)->2659K(2752K)
[119.382s][info][gc             ] GC(386) Pause Young (Allocation Failure) 653M->548M(871M) 78.020ms
[119.382s][info][gc,cpu         ] GC(386) User=0.16s Sys=0.01s Real=0.08s
[119.486s][info][gc,start       ] GC(387) Pause Young (Allocation Failure)
[119.578s][info][gc,heap        ] GC(387) PSYoungGen: 209952K(224256K)->87488K(217600K) Eden: 130560K(130560K)->0K(111616K) From: 79392K(93696K)->87488K(105984K)
[119.578s][info][gc,heap        ] GC(387) ParOldGen: 482440K(667648K)->482440K(667648K)
[119.578s][info][gc,metaspace   ] GC(387) Metaspace: 18258K(18432K)->18258K(18432K) NonClass: 15599K(15680K)->15599K(15680K) Class: 2659K(2752K)->2659K(2752K)
[119.578s][info][gc             ] GC(387) Pause Young (Allocation Failure) 676M->556M(864M) 91.561ms
[119.578s][info][gc,cpu         ] GC(387) User=0.17s Sys=0.01s Real=0.09s
[119.648s][info][gc,start       ] GC(388) Pause Young (Allocation Failure)
[119.747s][info][gc,heap        ] GC(388) PSYoungGen: 199104K(217600K)->99776K(222720K) Eden: 111616K(111616K)->0K(111616K) From: 87488K(105984K)->99776K(111104K)
[119.747s][info][gc,heap        ] GC(388) ParOldGen: 482440K(667648K)->482440K(667648K)
[119.747s][info][gc,metaspace   ] GC(388) Metaspace: 18258K(18432K)->18258K(18432K) NonClass: 15599K(15680K)->15599K(15680K) Class: 2659K(2752K)->2659K(2752K)
[119.747s][info][gc             ] GC(388) Pause Young (Allocation Failure) 665M->568M(869M) 98.880ms
[119.747s][info][gc,cpu         ] GC(388) User=0.20s Sys=0.00s Real=0.10s
[119.884s][info][gc,start       ] GC(389) Pause Young (Allocation Failure)
[119.982s][info][gc,heap        ] GC(389) PSYoungGen: 211392K(222720K)->91520K(222720K) Eden: 111616K(111616K)->0K(111616K) From: 99776K(111104K)->91520K(111104K)
[119.983s][info][gc,heap        ] GC(389) ParOldGen: 482440K(667648K)->494152K(667648K)
[119.983s][info][gc,metaspace   ] GC(389) Metaspace: 18259K(18432K)->18259K(18432K) NonClass: 15600K(15680K)->15600K(15680K) Class: 2659K(2752K)->2659K(2752K)
[119.983s][info][gc             ] GC(389) Pause Young (Allocation Failure) 677M->571M(869M) 98.815ms
[119.983s][info][gc,cpu         ] GC(389) User=0.19s Sys=0.00s Real=0.10s
[120.110s][info][gc,start       ] GC(390) Pause Young (Allocation Failure)
[120.198s][info][gc,heap        ] GC(390) PSYoungGen: 203136K(222720K)->68240K(222720K) Eden: 111616K(111616K)->0K(111616K) From: 91520K(111104K)->68240K(111104K)
[120.198s][info][gc,heap        ] GC(390) ParOldGen: 494152K(667648K)->517576K(667648K)
[120.198s][info][gc,metaspace   ] GC(390) Metaspace: 18260K(18432K)->18260K(18432K) NonClass: 15601K(15680K)->15601K(15680K) Class: 2659K(2752K)->2659K(2752K)
[120.198s][info][gc             ] GC(390) Pause Young (Allocation Failure) 680M->572M(869M) 87.682ms
[120.198s][info][gc,cpu         ] GC(390) User=0.17s Sys=0.00s Real=0.09s
[120.386s][info][gc,start       ] GC(391) Pause Young (Allocation Failure)
[120.466s][info][gc,heap        ] GC(391) PSYoungGen: 179856K(222720K)->77424K(222720K) Eden: 111616K(111616K)->0K(111616K) From: 68240K(111104K)->77424K(111104K)
[120.466s][info][gc,heap        ] GC(391) ParOldGen: 517576K(667648K)->522400K(667648K)
[120.466s][info][gc,metaspace   ] GC(391) Metaspace: 18260K(18432K)->18260K(18432K) NonClass: 15601K(15680K)->15601K(15680K) Class: 2659K(2752K)->2659K(2752K)
[120.466s][info][gc             ] GC(391) Pause Young (Allocation Failure) 681M->585M(869M) 79.735ms
[120.466s][info][gc,cpu         ] GC(391) User=0.16s Sys=0.00s Real=0.07s
[120.649s][info][gc,start       ] GC(392) Pause Young (Allocation Failure)
[120.735s][info][gc,heap        ] GC(392) PSYoungGen: 189040K(222720K)->47425K(222720K) Eden: 111616K(111616K)->0K(111616K) From: 77424K(111104K)->47425K(111104K)
[120.735s][info][gc,heap        ] GC(392) ParOldGen: 522400K(667648K)->561984K(667648K)
[120.735s][info][gc,metaspace   ] GC(392) Metaspace: 18260K(18432K)->18260K(18432K) NonClass: 15601K(15680K)->15601K(15680K) Class: 2659K(2752K)->2659K(2752K)
[120.735s][info][gc             ] GC(392) Pause Young (Allocation Failure) 694M->595M(869M) 85.988ms
[120.735s][info][gc,cpu         ] GC(392) User=0.16s Sys=0.00s Real=0.08s
[121.098s][info][gc,start       ] GC(393) Pause Young (Allocation Failure)
[121.146s][info][gc,heap        ] GC(393) PSYoungGen: 159041K(222720K)->27136K(222720K) Eden: 111616K(111616K)->0K(111616K) From: 47425K(111104K)->27136K(111104K)
[121.146s][info][gc,heap        ] GC(393) ParOldGen: 561984K(667648K)->582432K(667648K)
[121.146s][info][gc,metaspace   ] GC(393) Metaspace: 18260K(18432K)->18260K(18432K) NonClass: 15601K(15680K)->15601K(15680K) Class: 2659K(2752K)->2659K(2752K)
[121.146s][info][gc             ] GC(393) Pause Young (Allocation Failure) 704M->595M(869M) 48.479ms
[121.146s][info][gc,cpu         ] GC(393) User=0.10s Sys=0.00s Real=0.05s
[121.421s][info][gc,start       ] GC(394) Pause Young (Allocation Failure)
[121.449s][info][gc,heap        ] GC(394) PSYoungGen: 138752K(222720K)->23616K(222720K) Eden: 111616K(111616K)->0K(111616K) From: 27136K(111104K)->23616K(111104K)
[121.449s][info][gc,heap        ] GC(394) ParOldGen: 582432K(667648K)->585960K(667648K)
[121.449s][info][gc,metaspace   ] GC(394) Metaspace: 18260K(18432K)->18260K(18432K) NonClass: 15601K(15680K)->15601K(15680K) Class: 2659K(2752K)->2659K(2752K)
[121.449s][info][gc             ] GC(394) Pause Young (Allocation Failure) 704M->595M(869M) 28.270ms
[121.449s][info][gc,cpu         ] GC(394) User=0.05s Sys=0.00s Real=0.03s
[121.714s][info][gc,start       ] GC(395) Pause Young (Allocation Failure)
[121.739s][info][gc,heap        ] GC(395) PSYoungGen: 135232K(222720K)->96K(222720K) Eden: 111616K(111616K)->0K(111616K) From: 23616K(111104K)->96K(111104K)
[121.739s][info][gc,heap        ] GC(395) ParOldGen: 585960K(667648K)->609481K(667648K)
[121.739s][info][gc,metaspace   ] GC(395) Metaspace: 18260K(18432K)->18260K(18432K) NonClass: 15601K(15680K)->15601K(15680K) Class: 2659K(2752K)->2659K(2752K)
[121.739s][info][gc             ] GC(395) Pause Young (Allocation Failure) 704M->595M(869M) 25.234ms
[121.739s][info][gc,cpu         ] GC(395) User=0.05s Sys=0.00s Real=0.03s
[121.988s][info][gc,start       ] GC(396) Pause Young (Allocation Failure)
[121.990s][info][gc,heap        ] GC(396) PSYoungGen: 111712K(222720K)->64K(222720K) Eden: 111616K(111616K)->0K(111616K) From: 96K(111104K)->64K(111104K)
[121.990s][info][gc,heap        ] GC(396) ParOldGen: 609481K(667648K)->609577K(667648K)
[121.990s][info][gc,metaspace   ] GC(396) Metaspace: 18260K(18432K)->18260K(18432K) NonClass: 15601K(15680K)->15601K(15680K) Class: 2659K(2752K)->2659K(2752K)
[121.990s][info][gc             ] GC(396) Pause Young (Allocation Failure) 704M->595M(869M) 2.346ms
[121.990s][info][gc,cpu         ] GC(396) User=0.00s Sys=0.00s Real=0.00s
[122.248s][info][gc,start       ] GC(397) Pause Young (Allocation Failure)
[122.250s][info][gc,heap        ] GC(397) PSYoungGen: 111680K(222720K)->64K(222720K) Eden: 111616K(111616K)->0K(111616K) From: 64K(111104K)->64K(111104K)
[122.250s][info][gc,heap        ] GC(397) ParOldGen: 609577K(667648K)->609593K(667648K)
[122.250s][info][gc,metaspace   ] GC(397) Metaspace: 18260K(18432K)->18260K(18432K) NonClass: 15601K(15680K)->15601K(15680K) Class: 2659K(2752K)->2659K(2752K)
[122.250s][info][gc             ] GC(397) Pause Young (Allocation Failure) 704M->595M(869M) 1.939ms
[122.250s][info][gc,cpu         ] GC(397) User=0.00s Sys=0.00s Real=0.00s
[122.485s][info][gc,start       ] GC(398) Pause Young (Allocation Failure)
[122.487s][info][gc,heap        ] GC(398) PSYoungGen: 111680K(222720K)->64K(222720K) Eden: 111616K(111616K)->0K(111616K) From: 64K(111104K)->64K(111104K)
[122.488s][info][gc,heap        ] GC(398) ParOldGen: 609593K(667648K)->609601K(667648K)
[122.488s][info][gc,metaspace   ] GC(398) Metaspace: 18260K(18432K)->18260K(18432K) NonClass: 15601K(15680K)->15601K(15680K) Class: 2659K(2752K)->2659K(2752K)
[122.488s][info][gc             ] GC(398) Pause Young (Allocation Failure) 704M->595M(869M) 2.084ms
[122.488s][info][gc,cpu         ] GC(398) User=0.00s Sys=0.00s Real=0.01s
[122.770s][info][gc,start       ] GC(399) Pause Young (Allocation Failure)
[122.772s][info][gc,heap        ] GC(399) PSYoungGen: 111680K(222720K)->192K(222720K) Eden: 111616K(111616K)->0K(111616K) From: 64K(111104K)->192K(111104K)
[122.772s][info][gc,heap        ] GC(399) ParOldGen: 609601K(667648K)->609617K(667648K)
[122.772s][info][gc,metaspace   ] GC(399) Metaspace: 18260K(18432K)->18260K(18432K) NonClass: 15601K(15680K)->15601K(15680K) Class: 2659K(2752K)->2659K(2752K)
[122.772s][info][gc             ] GC(399) Pause Young (Allocation Failure) 704M->595M(869M) 2.211ms
[122.772s][info][gc,cpu         ] GC(399) User=0.01s Sys=0.00s Real=0.00s
[122.999s][info][gc,start       ] GC(400) Pause Young (Allocation Failure)
[123.005s][info][gc,heap        ] GC(400) PSYoungGen: 111808K(222720K)->4144K(222720K) Eden: 111616K(111616K)->0K(111616K) From: 192K(111104K)->4144K(111104K)
[123.005s][info][gc,heap        ] GC(400) ParOldGen: 609617K(667648K)->609777K(667648K)
[123.005s][info][gc,metaspace   ] GC(400) Metaspace: 18260K(18432K)->18260K(18432K) NonClass: 15601K(15680K)->15601K(15680K) Class: 2659K(2752K)->2659K(2752K)
[123.005s][info][gc             ] GC(400) Pause Young (Allocation Failure) 704M->599M(869M) 5.436ms
[123.005s][info][gc,cpu         ] GC(400) User=0.01s Sys=0.00s Real=0.00s
[123.067s][info][gc,start       ] GC(401) Pause Young (Allocation Failure)
[123.101s][info][gc,heap        ] GC(401) PSYoungGen: 115760K(222720K)->42880K(220672K) Eden: 111616K(111616K)->0K(111616K) From: 4144K(111104K)->42880K(109056K)
[123.101s][info][gc,heap        ] GC(401) ParOldGen: 609777K(667648K)->613905K(667648K)
[123.101s][info][gc,metaspace   ] GC(401) Metaspace: 18260K(18432K)->18260K(18432K) NonClass: 15601K(15680K)->15601K(15680K) Class: 2659K(2752K)->2659K(2752K)
[123.101s][info][gc             ] GC(401) Pause Young (Allocation Failure) 708M->641M(867M) 34.064ms
[123.101s][info][gc,cpu         ] GC(401) User=0.06s Sys=0.00s Real=0.03s
[123.353s][info][gc,start       ] GC(402) Pause Young (Allocation Failure)
[123.396s][info][gc,heap        ] GC(402) PSYoungGen: 154496K(220672K)->67776K(221696K) Eden: 111616K(111616K)->0K(111616K) From: 42880K(109056K)->67776K(110080K)
[123.396s][info][gc,heap        ] GC(402) ParOldGen: 613905K(667648K)->613905K(667648K)
[123.396s][info][gc,metaspace   ] GC(402) Metaspace: 18260K(18432K)->18260K(18432K) NonClass: 15601K(15680K)->15601K(15680K) Class: 2659K(2752K)->2659K(2752K)
[123.396s][info][gc             ] GC(402) Pause Young (Allocation Failure) 750M->665M(868M) 43.568ms
[123.396s][info][gc,cpu         ] GC(402) User=0.09s Sys=0.00s Real=0.05s
[123.508s][info][gc,start       ] GC(403) Pause Young (Allocation Failure)
[123.557s][info][gc,promotion   ] GC(403) Promotion failed
[123.557s][info][gc,heap        ] GC(403) PSYoungGen: 179392K(221696K)->179392K(221696K) Eden: 111616K(111616K)->111616K(111616K) From: 67776K(110080K)->67776K(110080K)
[123.557s][info][gc,heap        ] GC(403) ParOldGen: 613905K(667648K)->667641K(667648K)
[123.557s][info][gc,metaspace   ] GC(403) Metaspace: 18260K(18432K)->18260K(18432K) NonClass: 15601K(15680K)->15601K(15680K) Class: 2659K(2752K)->2659K(2752K)
[123.557s][info][gc             ] GC(403) Pause Young (Allocation Failure) 774M->827M(868M) 48.673ms
[123.557s][info][gc,cpu         ] GC(403) User=0.09s Sys=0.00s Real=0.05s
[123.557s][info][gc,start       ] GC(404) Pause Full (Allocation Failure)
[123.557s][info][gc,phases,start] GC(404) Marking Phase
[123.848s][info][gc,phases      ] GC(404) Marking Phase 291.057ms
[123.848s][info][gc,phases,start] GC(404) Summary Phase
[123.848s][info][gc,phases      ] GC(404) Summary Phase 0.026ms
[123.848s][info][gc,phases,start] GC(404) Forward
[123.987s][info][gc,phases      ] GC(404) Forward 138.224ms
[123.987s][info][gc,phases,start] GC(404) Adjust Pointers
[124.217s][info][gc,phases      ] GC(404) Adjust Pointers 229.920ms
[124.217s][info][gc,phases,start] GC(404) Compaction Phase
[124.353s][info][gc,phases      ] GC(404) Compaction Phase 135.918ms
[124.360s][info][gc,phases,start] GC(404) Post Compact
[124.362s][info][gc,phases      ] GC(404) Post Compact 2.485ms
[124.362s][info][gc,heap        ] GC(404) PSYoungGen: 179392K(221696K)->0K(222720K) Eden: 111616K(111616K)->0K(111616K) From: 67776K(110080K)->0K(111104K)
[124.362s][info][gc,heap        ] GC(404) ParOldGen: 667641K(667648K)->432440K(667648K)
[124.362s][info][gc,metaspace   ] GC(404) Metaspace: 18260K(18432K)->18260K(18432K) NonClass: 15601K(15680K)->15601K(15680K) Class: 2659K(2752K)->2659K(2752K)
[124.362s][info][gc             ] GC(404) Pause Full (Allocation Failure) 827M->422M(869M) 805.121ms
[124.362s][info][gc,cpu         ] GC(404) User=1.46s Sys=0.00s Real=0.80s
[124.556s][info][gc,start       ] GC(405) Pause Young (Allocation Failure)
[124.586s][info][gc,heap        ] GC(405) PSYoungGen: 111616K(222720K)->17046K(129024K) Eden: 111616K(111616K)->0K(111616K) From: 0K(111104K)->17046K(17408K)
[124.586s][info][gc,heap        ] GC(405) ParOldGen: 432440K(667648K)->432440K(667648K)
[124.586s][info][gc,metaspace   ] GC(405) Metaspace: 18260K(18432K)->18260K(18432K) NonClass: 15601K(15680K)->15601K(15680K) Class: 2659K(2752K)->2659K(2752K)
[124.586s][info][gc             ] GC(405) Pause Young (Allocation Failure) 531M->438M(778M) 29.520ms
[124.586s][info][gc,cpu         ] GC(405) User=0.06s Sys=0.00s Real=0.02s
[124.757s][info][gc,start       ] GC(406) Pause Young (Allocation Failure)
[124.787s][info][gc,heap        ] GC(406) PSYoungGen: 128662K(129024K)->20790K(223232K) Eden: 111616K(111616K)->0K(118272K) From: 17046K(17408K)->20790K(104960K)
[124.787s][info][gc,heap        ] GC(406) ParOldGen: 432440K(667648K)->432440K(667648K)
[124.787s][info][gc,metaspace   ] GC(406) Metaspace: 18260K(18432K)->18260K(18432K) NonClass: 15601K(15680K)->15601K(15680K) Class: 2659K(2752K)->2659K(2752K)
[124.787s][info][gc             ] GC(406) Pause Young (Allocation Failure) 547M->442M(870M) 30.450ms
[124.787s][info][gc,cpu         ] GC(406) User=0.06s Sys=0.00s Real=0.03s
[124.849s][info][gc,start       ] GC(407) Pause Young (Allocation Failure)
[124.905s][info][gc,heap        ] GC(407) PSYoungGen: 139062K(223232K)->59072K(222208K) Eden: 118272K(118272K)->0K(118272K) From: 20790K(104960K)->59072K(103936K)
[124.905s][info][gc,heap        ] GC(407) ParOldGen: 432440K(667648K)->432440K(667648K)
[124.905s][info][gc,metaspace   ] GC(407) Metaspace: 18260K(18432K)->18260K(18432K) NonClass: 15601K(15680K)->15601K(15680K) Class: 2659K(2752K)->2659K(2752K)
[124.905s][info][gc             ] GC(407) Pause Young (Allocation Failure) 558M->479M(869M) 56.370ms
[124.905s][info][gc,cpu         ] GC(407) User=0.11s Sys=0.00s Real=0.05s
[124.987s][info][gc,start       ] GC(408) Pause Young (Allocation Failure)
[125.065s][info][gc,heap        ] GC(408) PSYoungGen: 177344K(222208K)->95808K(219136K) Eden: 118272K(118272K)->0K(111616K) From: 59072K(103936K)->95808K(107520K)
[125.065s][info][gc,heap        ] GC(408) ParOldGen: 432440K(667648K)->432440K(667648K)
[125.065s][info][gc,metaspace   ] GC(408) Metaspace: 18260K(18432K)->18260K(18432K) NonClass: 15601K(15680K)->15601K(15680K) Class: 2659K(2752K)->2659K(2752K)
[125.065s][info][gc             ] GC(408) Pause Young (Allocation Failure) 595M->515M(866M) 77.403ms
[125.065s][info][gc,cpu         ] GC(408) User=0.15s Sys=0.00s Real=0.07s
[125.201s][info][gc,start       ] GC(409) Pause Young (Allocation Failure)
[125.269s][info][gc,heap        ] GC(409) PSYoungGen: 207424K(219136K)->75680K(222720K) Eden: 111616K(111616K)->0K(111616K) From: 95808K(107520K)->75680K(111104K)
[125.269s][info][gc,heap        ] GC(409) ParOldGen: 432440K(667648K)->453239K(667648K)
[125.269s][info][gc,metaspace   ] GC(409) Metaspace: 18260K(18432K)->18260K(18432K) NonClass: 15601K(15680K)->15601K(15680K) Class: 2659K(2752K)->2659K(2752K)
[125.269s][info][gc             ] GC(409) Pause Young (Allocation Failure) 624M->516M(869M) 68.148ms
[125.269s][info][gc,cpu         ] GC(409) User=0.14s Sys=0.00s Real=0.07s
[125.416s][info][gc,start       ] GC(410) Pause Young (Allocation Failure)
[125.462s][info][gc,heap        ] GC(410) PSYoungGen: 187296K(222720K)->640K(222720K) Eden: 111616K(111616K)->0K(111616K) From: 75680K(111104K)->640K(111104K)
[125.462s][info][gc,heap        ] GC(410) ParOldGen: 453239K(667648K)->528915K(667648K)
[125.462s][info][gc,metaspace   ] GC(410) Metaspace: 18260K(18432K)->18260K(18432K) NonClass: 15601K(15680K)->15601K(15680K) Class: 2659K(2752K)->2659K(2752K)
[125.462s][info][gc             ] GC(410) Pause Young (Allocation Failure) 625M->517M(869M) 45.453ms
[125.462s][info][gc,cpu         ] GC(410) User=0.09s Sys=0.00s Real=0.04s
[125.579s][info][gc,start       ] GC(411) Pause Young (Allocation Failure)
[125.583s][info][gc,heap        ] GC(411) PSYoungGen: 112256K(222720K)->128K(222720K) Eden: 111616K(111616K)->0K(111616K) From: 640K(111104K)->128K(111104K)
[125.583s][info][gc,heap        ] GC(411) ParOldGen: 528915K(667648K)->529555K(667648K)
[125.583s][info][gc,metaspace   ] GC(411) Metaspace: 18260K(18432K)->18260K(18432K) NonClass: 15601K(15680K)->15601K(15680K) Class: 2659K(2752K)->2659K(2752K)
[125.583s][info][gc             ] GC(411) Pause Young (Allocation Failure) 626M->517M(869M) 3.844ms
[125.583s][info][gc,cpu         ] GC(411) User=0.01s Sys=0.00s Real=0.00s
[125.697s][info][gc,start       ] GC(412) Pause Young (Allocation Failure)
[125.699s][info][gc,heap        ] GC(412) PSYoungGen: 111744K(222720K)->128K(222720K) Eden: 111616K(111616K)->0K(111616K) From: 128K(111104K)->128K(111104K)
[125.699s][info][gc,heap        ] GC(412) ParOldGen: 529555K(667648K)->529667K(667648K)
[125.699s][info][gc,metaspace   ] GC(412) Metaspace: 18260K(18432K)->18260K(18432K) NonClass: 15601K(15680K)->15601K(15680K) Class: 2659K(2752K)->2659K(2752K)
[125.699s][info][gc             ] GC(412) Pause Young (Allocation Failure) 626M->517M(869M) 2.243ms
[125.699s][info][gc,cpu         ] GC(412) User=0.01s Sys=0.00s Real=0.00s
[125.814s][info][gc,start       ] GC(413) Pause Young (Allocation Failure)
[125.816s][info][gc,heap        ] GC(413) PSYoungGen: 111744K(222720K)->128K(222720K) Eden: 111616K(111616K)->0K(111616K) From: 128K(111104K)->128K(111104K)
[125.816s][info][gc,heap        ] GC(413) ParOldGen: 529667K(667648K)->529787K(667648K)
[125.816s][info][gc,metaspace   ] GC(413) Metaspace: 18260K(18432K)->18260K(18432K) NonClass: 15601K(15680K)->15601K(15680K) Class: 2659K(2752K)->2659K(2752K)
[125.816s][info][gc             ] GC(413) Pause Young (Allocation Failure) 626M->517M(869M) 2.094ms
[125.816s][info][gc,cpu         ] GC(413) User=0.00s Sys=0.00s Real=0.01s
[125.932s][info][gc,start       ] GC(414) Pause Young (Allocation Failure)
[125.934s][info][gc,heap        ] GC(414) PSYoungGen: 111744K(222720K)->96K(222720K) Eden: 111616K(111616K)->0K(111616K) From: 128K(111104K)->96K(111104K)
[125.934s][info][gc,heap        ] GC(414) ParOldGen: 529787K(667648K)->529867K(667648K)
[125.934s][info][gc,metaspace   ] GC(414) Metaspace: 18260K(18432K)->18260K(18432K) NonClass: 15601K(15680K)->15601K(15680K) Class: 2659K(2752K)->2659K(2752K)
[125.934s][info][gc             ] GC(414) Pause Young (Allocation Failure) 626M->517M(869M) 2.170ms
[125.934s][info][gc,cpu         ] GC(414) User=0.00s Sys=0.00s Real=0.00s
[126.052s][info][gc,start       ] GC(415) Pause Young (Allocation Failure)
[126.054s][info][gc,heap        ] GC(415) PSYoungGen: 111712K(222720K)->128K(112128K) Eden: 111616K(111616K)->0K(111616K) From: 96K(111104K)->128K(512K)
[126.054s][info][gc,heap        ] GC(415) ParOldGen: 529867K(667648K)->529939K(667648K)
[126.054s][info][gc,metaspace   ] GC(415) Metaspace: 18260K(18432K)->18260K(18432K) NonClass: 15601K(15680K)->15601K(15680K) Class: 2659K(2752K)->2659K(2752K)
[126.054s][info][gc             ] GC(415) Pause Young (Allocation Failure) 626M->517M(761M) 2.355ms
[126.054s][info][gc,cpu         ] GC(415) User=0.00s Sys=0.00s Real=0.00s
[126.169s][info][gc,start       ] GC(416) Pause Young (Allocation Failure)
[126.171s][info][gc,heap        ] GC(416) PSYoungGen: 111744K(112128K)->224K(219648K) Eden: 111616K(111616K)->0K(116224K) From: 128K(512K)->224K(103424K)
[126.171s][info][gc,heap        ] GC(416) ParOldGen: 529939K(667648K)->529939K(667648K)
[126.171s][info][gc,metaspace   ] GC(416) Metaspace: 18260K(18432K)->18260K(18432K) NonClass: 15601K(15680K)->15601K(15680K) Class: 2659K(2752K)->2659K(2752K)
[126.171s][info][gc             ] GC(416) Pause Young (Allocation Failure) 626M->517M(866M) 2.196ms
[126.171s][info][gc,cpu         ] GC(416) User=0.00s Sys=0.00s Real=0.00s
[126.289s][info][gc,start       ] GC(417) Pause Young (Allocation Failure)
[126.291s][info][gc,heap        ] GC(417) PSYoungGen: 116448K(219648K)->256K(116736K) Eden: 116224K(116224K)->0K(116224K) From: 224K(103424K)->256K(512K)
[126.291s][info][gc,heap        ] GC(417) ParOldGen: 529939K(667648K)->529939K(667648K)
[126.291s][info][gc,metaspace   ] GC(417) Metaspace: 18260K(18432K)->18260K(18432K) NonClass: 15601K(15680K)->15601K(15680K) Class: 2659K(2752K)->2659K(2752K)
[126.291s][info][gc             ] GC(417) Pause Young (Allocation Failure) 631M->517M(766M) 2.446ms
[126.291s][info][gc,cpu         ] GC(417) User=0.00s Sys=0.00s Real=0.00s
[126.422s][info][gc,start       ] GC(418) Pause Young (Allocation Failure)
[126.429s][info][gc,heap        ] GC(418) PSYoungGen: 116480K(116736K)->2464K(208384K) Eden: 116224K(116224K)->0K(120320K) From: 256K(512K)->2464K(88064K)
[126.429s][info][gc,heap        ] GC(418) ParOldGen: 529939K(667648K)->529939K(667648K)
[126.429s][info][gc,metaspace   ] GC(418) Metaspace: 18260K(18432K)->18260K(18432K) NonClass: 15601K(15680K)->15601K(15680K) Class: 2659K(2752K)->2659K(2752K)
[126.429s][info][gc             ] GC(418) Pause Young (Allocation Failure) 631M->519M(855M) 7.358ms
[126.429s][info][gc,cpu         ] GC(418) User=0.01s Sys=0.00s Real=0.01s
[126.578s][info][gc,start       ] GC(419) Pause Young (Allocation Failure)
[126.612s][info][gc,heap        ] GC(419) PSYoungGen: 122784K(208384K)->15211K(135680K) Eden: 120320K(120320K)->0K(120320K) From: 2464K(88064K)->15211K(15360K)
[126.612s][info][gc,heap        ] GC(419) ParOldGen: 529939K(667648K)->529939K(667648K)
[126.612s][info][gc,metaspace   ] GC(419) Metaspace: 18260K(18432K)->18260K(18432K) NonClass: 15601K(15680K)->15601K(15680K) Class: 2659K(2752K)->2659K(2752K)
[126.612s][info][gc             ] GC(419) Pause Young (Allocation Failure) 637M->532M(784M) 33.325ms
[126.612s][info][gc,cpu         ] GC(419) User=0.06s Sys=0.00s Real=0.03s
[126.771s][info][gc,start       ] GC(420) Pause Young (Allocation Failure)
[126.806s][info][gc,heap        ] GC(420) PSYoungGen: 135531K(135680K)->19403K(202240K) Eden: 120320K(120320K)->0K(126976K) From: 15211K(15360K)->19403K(75264K)
[126.806s][info][gc,heap        ] GC(420) ParOldGen: 529939K(667648K)->529939K(667648K)
[126.806s][info][gc,metaspace   ] GC(420) Metaspace: 18260K(18432K)->18260K(18432K) NonClass: 15601K(15680K)->15601K(15680K) Class: 2659K(2752K)->2659K(2752K)
[126.806s][info][gc             ] GC(420) Pause Young (Allocation Failure) 649M->536M(849M) 35.153ms
[126.806s][info][gc,cpu         ] GC(420) User=0.07s Sys=0.00s Real=0.03s
[126.921s][info][gc,start       ] GC(421) Pause Young (Allocation Failure)
[126.982s][info][gc,heap        ] GC(421) PSYoungGen: 146379K(202240K)->41195K(207360K) Eden: 126976K(126976K)->0K(126976K) From: 19403K(75264K)->41195K(80384K)
[126.982s][info][gc,heap        ] GC(421) ParOldGen: 529939K(667648K)->529939K(667648K)
[126.982s][info][gc,metaspace   ] GC(421) Metaspace: 18260K(18432K)->18260K(18432K) NonClass: 15601K(15680K)->15601K(15680K) Class: 2659K(2752K)->2659K(2752K)
[126.982s][info][gc             ] GC(421) Pause Young (Allocation Failure) 660M->557M(854M) 61.087ms
[126.982s][info][gc,cpu         ] GC(421) User=0.12s Sys=0.00s Real=0.06s
[127.110s][info][gc,start       ] GC(422) Pause Young (Allocation Failure)
[127.183s][info][gc,heap        ] GC(422) PSYoungGen: 168171K(207360K)->54507K(212992K) Eden: 126976K(126976K)->0K(130048K) From: 41195K(80384K)->54507K(82944K)
[127.183s][info][gc,heap        ] GC(422) ParOldGen: 529939K(667648K)->529939K(667648K)
[127.183s][info][gc,metaspace   ] GC(422) Metaspace: 18260K(18432K)->18260K(18432K) NonClass: 15601K(15680K)->15601K(15680K) Class: 2659K(2752K)->2659K(2752K)
[127.183s][info][gc             ] GC(422) Pause Young (Allocation Failure) 681M->570M(860M) 73.104ms
[127.183s][info][gc,cpu         ] GC(422) User=0.15s Sys=0.00s Real=0.07s
[127.278s][info][gc,start       ] GC(423) Pause Young (Allocation Failure)
[127.351s][info][gc,heap        ] GC(423) PSYoungGen: 184555K(212992K)->55915K(219648K) Eden: 130048K(130048K)->0K(130048K) From: 54507K(82944K)->55915K(89600K)
[127.351s][info][gc,heap        ] GC(423) ParOldGen: 529939K(667648K)->529939K(667648K)
[127.351s][info][gc,metaspace   ] GC(423) Metaspace: 18260K(18432K)->18260K(18432K) NonClass: 15601K(15680K)->15601K(15680K) Class: 2659K(2752K)->2659K(2752K)
[127.351s][info][gc             ] GC(423) Pause Young (Allocation Failure) 697M->572M(866M) 73.447ms
[127.351s][info][gc,cpu         ] GC(423) User=0.15s Sys=0.01s Real=0.07s
[127.473s][info][gc,start       ] GC(424) Pause Young (Allocation Failure)
[127.551s][info][gc,heap        ] GC(424) PSYoungGen: 185963K(219648K)->56267K(229376K) Eden: 130048K(130048K)->0K(134144K) From: 55915K(89600K)->56267K(95232K)
[127.551s][info][gc,heap        ] GC(424) ParOldGen: 529939K(667648K)->530043K(667648K)
[127.551s][info][gc,metaspace   ] GC(424) Metaspace: 18260K(18432K)->18260K(18432K) NonClass: 15601K(15680K)->15601K(15680K) Class: 2659K(2752K)->2659K(2752K)
[127.551s][info][gc             ] GC(424) Pause Young (Allocation Failure) 699M->572M(876M) 77.445ms
[127.551s][info][gc,cpu         ] GC(424) User=0.15s Sys=0.00s Real=0.08s
[127.679s][info][gc,start       ] GC(425) Pause Young (Allocation Failure)
[127.755s][info][gc,heap        ] GC(425) PSYoungGen: 190411K(229376K)->59275K(193536K) Eden: 134144K(134144K)->0K(134144K) From: 56267K(95232K)->59275K(59392K)
[127.755s][info][gc,heap        ] GC(425) ParOldGen: 530043K(667648K)->530139K(667648K)
[127.755s][info][gc,metaspace   ] GC(425) Metaspace: 18260K(18432K)->18260K(18432K) NonClass: 15601K(15680K)->15601K(15680K) Class: 2659K(2752K)->2659K(2752K)
[127.755s][info][gc             ] GC(425) Pause Young (Allocation Failure) 703M->575M(841M) 76.028ms
[127.755s][info][gc,cpu         ] GC(425) User=0.16s Sys=0.00s Real=0.07s
[127.878s][info][gc,start       ] GC(426) Pause Young (Allocation Failure)
[127.962s][info][gc,heap        ] GC(426) PSYoungGen: 193419K(193536K)->65323K(219648K) Eden: 134144K(134144K)->0K(115712K) From: 59275K(59392K)->65323K(103936K)
[127.962s][info][gc,heap        ] GC(426) ParOldGen: 530139K(667648K)->532403K(667648K)
[127.962s][info][gc,metaspace   ] GC(426) Metaspace: 18260K(18432K)->18260K(18432K) NonClass: 15601K(15680K)->15601K(15680K) Class: 2659K(2752K)->2659K(2752K)
[127.962s][info][gc             ] GC(426) Pause Young (Allocation Failure) 706M->583M(866M) 83.320ms
[127.962s][info][gc,cpu         ] GC(426) User=0.17s Sys=0.00s Real=0.08s
[128.084s][info][gc,start       ] GC(427) Pause Young (Allocation Failure)
[128.176s][info][gc,heap        ] GC(427) PSYoungGen: 181035K(219648K)->63584K(179712K) Eden: 115712K(115712K)->0K(115712K) From: 65323K(103936K)->63584K(64000K)
[128.176s][info][gc,heap        ] GC(427) ParOldGen: 532403K(667648K)->549391K(667648K)
[128.176s][info][gc,metaspace   ] GC(427) Metaspace: 18260K(18432K)->18260K(18432K) NonClass: 15601K(15680K)->15601K(15680K) Class: 2659K(2752K)->2659K(2752K)
[128.176s][info][gc             ] GC(427) Pause Young (Allocation Failure) 696M->598M(827M) 91.784ms
[128.176s][info][gc,cpu         ] GC(427) User=0.18s Sys=0.00s Real=0.09s
[128.354s][info][gc,start       ] GC(428) Pause Young (Allocation Failure)
[128.417s][info][gc,heap        ] GC(428) PSYoungGen: 179296K(179712K)->28528K(227328K) Eden: 115712K(115712K)->0K(116224K) From: 63584K(64000K)->28528K(111104K)
[128.417s][info][gc,heap        ] GC(428) ParOldGen: 549391K(667648K)->584567K(667648K)
[128.417s][info][gc,metaspace   ] GC(428) Metaspace: 18260K(18432K)->18260K(18432K) NonClass: 15601K(15680K)->15601K(15680K) Class: 2659K(2752K)->2659K(2752K)
[128.417s][info][gc             ] GC(428) Pause Young (Allocation Failure) 711M->598M(874M) 62.980ms
[128.417s][info][gc,cpu         ] GC(428) User=0.13s Sys=0.00s Real=0.07s
[128.670s][info][gc,start       ] GC(429) Pause Young (Allocation Failure)
[128.700s][info][gc,heap        ] GC(429) PSYoungGen: 144752K(227328K)->26736K(143360K) Eden: 116224K(116224K)->0K(116224K) From: 28528K(111104K)->26736K(27136K)
[128.700s][info][gc,heap        ] GC(429) ParOldGen: 584567K(667648K)->586455K(667648K)
[128.700s][info][gc,metaspace   ] GC(429) Metaspace: 18260K(18432K)->18260K(18432K) NonClass: 15601K(15680K)->15601K(15680K) Class: 2659K(2752K)->2659K(2752K)
[128.700s][info][gc             ] GC(429) Pause Young (Allocation Failure) 712M->598M(792M) 29.429ms
[128.700s][info][gc,cpu         ] GC(429) User=0.05s Sys=0.00s Real=0.03s
[128.840s][info][gc,start       ] GC(430) Pause Young (Allocation Failure)
[128.890s][info][gc,heap        ] GC(430) PSYoungGen: 142960K(143360K)->41648K(222208K) Eden: 116224K(116224K)->0K(120832K) From: 26736K(27136K)->41648K(101376K)
[128.890s][info][gc,heap        ] GC(430) ParOldGen: 586455K(667648K)->589543K(667648K)
[128.890s][info][gc,metaspace   ] GC(430) Metaspace: 18260K(18432K)->18260K(18432K) NonClass: 15601K(15680K)->15601K(15680K) Class: 2659K(2752K)->2659K(2752K)
[128.890s][info][gc             ] GC(430) Pause Young (Allocation Failure) 712M->616M(869M) 49.299ms
[128.890s][info][gc,cpu         ] GC(430) User=0.10s Sys=0.00s Real=0.05s
[129.050s][info][gc,start       ] GC(431) Pause Young (Allocation Failure)
[129.111s][info][gc,heap        ] GC(431) PSYoungGen: 162480K(222208K)->52768K(217600K) Eden: 120832K(120832K)->0K(120832K) From: 41648K(101376K)->52768K(96768K)
[129.111s][info][gc,heap        ] GC(431) ParOldGen: 589543K(667648K)->597863K(667648K)
[129.111s][info][gc,metaspace   ] GC(431) Metaspace: 18260K(18432K)->18260K(18432K) NonClass: 15601K(15680K)->15601K(15680K) Class: 2659K(2752K)->2659K(2752K)
[129.111s][info][gc             ] GC(431) Pause Young (Allocation Failure) 734M->635M(864M) 60.575ms
[129.111s][info][gc,cpu         ] GC(431) User=0.12s Sys=0.00s Real=0.06s
[129.207s][info][gc,start       ] GC(432) Pause Young (Allocation Failure)
[129.264s][info][gc,heap        ] GC(432) PSYoungGen: 173600K(217600K)->41728K(221696K) Eden: 120832K(120832K)->0K(133632K) From: 52768K(96768K)->41728K(88064K)
[129.264s][info][gc,heap        ] GC(432) ParOldGen: 597863K(667648K)->613128K(667648K)
[129.264s][info][gc,metaspace   ] GC(432) Metaspace: 18260K(18432K)->18260K(18432K) NonClass: 15601K(15680K)->15601K(15680K) Class: 2659K(2752K)->2659K(2752K)
[129.264s][info][gc             ] GC(432) Pause Young (Allocation Failure) 753M->639M(868M) 57.173ms
[129.264s][info][gc,cpu         ] GC(432) User=0.11s Sys=0.00s Real=0.05s
[129.412s][info][gc,start       ] GC(433) Pause Young (Allocation Failure)
[129.455s][info][gc,heap        ] GC(433) PSYoungGen: 175360K(221696K)->43552K(225792K) Eden: 133632K(133632K)->0K(133632K) From: 41728K(88064K)->43552K(92160K)
[129.455s][info][gc,heap        ] GC(433) ParOldGen: 613128K(667648K)->613144K(667648K)
[129.455s][info][gc,metaspace   ] GC(433) Metaspace: 18260K(18432K)->18260K(18432K) NonClass: 15601K(15680K)->15601K(15680K) Class: 2659K(2752K)->2659K(2752K)
[129.455s][info][gc             ] GC(433) Pause Young (Allocation Failure) 770M->641M(872M) 43.340ms
[129.455s][info][gc,cpu         ] GC(433) User=0.08s Sys=0.00s Real=0.04s
[129.601s][info][gc,start       ] GC(434) Pause Young (Allocation Failure)
[129.648s][info][gc,heap        ] GC(434) PSYoungGen: 177184K(225792K)->47808K(231936K) Eden: 133632K(133632K)->0K(146944K) From: 43552K(92160K)->47808K(84992K)
[129.648s][info][gc,heap        ] GC(434) ParOldGen: 613144K(667648K)->613168K(667648K)
[129.648s][info][gc,metaspace   ] GC(434) Metaspace: 18260K(18432K)->18260K(18432K) NonClass: 15601K(15680K)->15601K(15680K) Class: 2659K(2752K)->2659K(2752K)
[129.648s][info][gc             ] GC(434) Pause Young (Allocation Failure) 771M->645M(878M) 46.889ms
[129.648s][info][gc,cpu         ] GC(434) User=0.09s Sys=0.00s Real=0.05s
[129.757s][info][gc,start       ] GC(435) Pause Young (Allocation Failure)
[129.804s][info][gc,heap        ] GC(435) PSYoungGen: 194752K(231936K)->29760K(233984K) Eden: 146944K(146944K)->0K(146944K) From: 47808K(84992K)->29760K(87040K)
[129.804s][info][gc,heap        ] GC(435) ParOldGen: 613168K(667648K)->631272K(667648K)
[129.804s][info][gc,metaspace   ] GC(435) Metaspace: 18260K(18432K)->18260K(18432K) NonClass: 15601K(15680K)->15601K(15680K) Class: 2659K(2752K)->2659K(2752K)
[129.804s][info][gc             ] GC(435) Pause Young (Allocation Failure) 788M->645M(880M) 47.040ms
[129.804s][info][gc,cpu         ] GC(435) User=0.09s Sys=0.00s Real=0.04s
[130.019s][info][gc,start       ] GC(436) Pause Young (Allocation Failure)
[130.064s][info][gc,heap        ] GC(436) PSYoungGen: 176704K(233984K)->21632K(241664K) Eden: 146944K(146944K)->0K(161280K) From: 29760K(87040K)->21632K(80384K)
[130.064s][info][gc,heap        ] GC(436) ParOldGen: 631272K(667648K)->650720K(667648K)
[130.064s][info][gc,metaspace   ] GC(436) Metaspace: 18260K(18432K)->18260K(18432K) NonClass: 15601K(15680K)->15601K(15680K) Class: 2659K(2752K)->2659K(2752K)
[130.064s][info][gc             ] GC(436) Pause Young (Allocation Failure) 789M->656M(888M) 44.693ms
[130.064s][info][gc,cpu         ] GC(436) User=0.09s Sys=0.00s Real=0.04s
[130.446s][info][gc,start       ] GC(437) Pause Full (Allocation Failure)
[130.446s][info][gc,phases,start] GC(437) Marking Phase
[130.704s][info][gc,phases      ] GC(437) Marking Phase 257.869ms
[130.704s][info][gc,phases,start] GC(437) Summary Phase
[130.704s][info][gc,phases      ] GC(437) Summary Phase 0.027ms
[130.704s][info][gc,phases,start] GC(437) Forward
[130.834s][info][gc,phases      ] GC(437) Forward 130.562ms
[130.834s][info][gc,phases,start] GC(437) Adjust Pointers
[131.042s][info][gc,phases      ] GC(437) Adjust Pointers 207.367ms
[131.042s][info][gc,phases,start] GC(437) Compaction Phase
[131.173s][info][gc,phases      ] GC(437) Compaction Phase 130.888ms
[131.185s][info][gc,phases,start] GC(437) Post Compact
[131.187s][info][gc,phases      ] GC(437) Post Compact 2.413ms
[131.188s][info][gc,heap        ] GC(437) PSYoungGen: 182912K(241664K)->0K(243712K) Eden: 161280K(161280K)->0K(161280K) From: 21632K(80384K)->0K(82432K)
[131.188s][info][gc,heap        ] GC(437) ParOldGen: 650720K(667648K)->336001K(657920K)
[131.188s][info][gc,metaspace   ] GC(437) Metaspace: 18260K(18432K)->18260K(18432K) NonClass: 15601K(15680K)->15601K(15680K) Class: 2659K(2752K)->2659K(2752K)
[131.188s][info][gc             ] GC(437) Pause Full (Allocation Failure) 814M->328M(880M) 742.571ms
[131.188s][info][gc,cpu         ] GC(437) User=1.33s Sys=0.00s Real=0.75s
[131.615s][info][gc,start       ] GC(438) Pause Young (Allocation Failure)
[131.617s][info][gc,heap        ] GC(438) PSYoungGen: 161280K(243712K)->224K(247296K) Eden: 161280K(161280K)->0K(164864K) From: 0K(82432K)->224K(82432K)
[131.617s][info][gc,heap        ] GC(438) ParOldGen: 336001K(657920K)->336001K(657920K)
[131.617s][info][gc,metaspace   ] GC(438) Metaspace: 18260K(18432K)->18260K(18432K) NonClass: 15601K(15680K)->15601K(15680K) Class: 2659K(2752K)->2659K(2752K)
[131.617s][info][gc             ] GC(438) Pause Young (Allocation Failure) 485M->328M(884M) 2.062ms
[131.617s][info][gc,cpu         ] GC(438) User=0.01s Sys=0.00s Real=0.01s
[131.996s][info][gc,start       ] GC(439) Pause Young (Allocation Failure)
[131.998s][info][gc,heap        ] GC(439) PSYoungGen: 165088K(247296K)->256K(165376K) Eden: 164864K(164864K)->0K(164864K) From: 224K(82432K)->256K(512K)
[131.998s][info][gc,heap        ] GC(439) ParOldGen: 336001K(657920K)->336001K(657920K)
[131.998s][info][gc,metaspace   ] GC(439) Metaspace: 18260K(18432K)->18260K(18432K) NonClass: 15601K(15680K)->15601K(15680K) Class: 2659K(2752K)->2659K(2752K)
[131.998s][info][gc             ] GC(439) Pause Young (Allocation Failure) 489M->328M(804M) 2.125ms
[131.998s][info][gc,cpu         ] GC(439) User=0.00s Sys=0.00s Real=0.01s
[132.352s][info][gc,start       ] GC(440) Pause Young (Allocation Failure)
[132.362s][info][gc,heap        ] GC(440) PSYoungGen: 165120K(165376K)->10624K(250880K) Eden: 164864K(164864K)->0K(165888K) From: 256K(512K)->10624K(84992K)
[132.362s][info][gc,heap        ] GC(440) ParOldGen: 336001K(657920K)->336001K(657920K)
[132.362s][info][gc,metaspace   ] GC(440) Metaspace: 18261K(18432K)->18261K(18432K) NonClass: 15602K(15680K)->15602K(15680K) Class: 2659K(2752K)->2659K(2752K)
[132.362s][info][gc             ] GC(440) Pause Young (Allocation Failure) 489M->338M(887M) 10.482ms
[132.362s][info][gc,cpu         ] GC(440) User=0.02s Sys=0.00s Real=0.01s
[132.456s][info][gc,start       ] GC(441) Pause Young (Allocation Failure)
[132.512s][info][gc,heap        ] GC(441) PSYoungGen: 176512K(250880K)->72352K(238592K) Eden: 165888K(165888K)->0K(165888K) From: 10624K(84992K)->72352K(72704K)
[132.512s][info][gc,heap        ] GC(441) ParOldGen: 336001K(657920K)->336001K(657920K)
[132.512s][info][gc,metaspace   ] GC(441) Metaspace: 18261K(18432K)->18261K(18432K) NonClass: 15602K(15680K)->15602K(15680K) Class: 2659K(2752K)->2659K(2752K)
[132.512s][info][gc             ] GC(441) Pause Young (Allocation Failure) 500M->398M(875M) 55.293ms
[132.512s][info][gc,cpu         ] GC(441) User=0.10s Sys=0.00s Real=0.05s
[132.598s][info][gc,start       ] GC(442) Pause Young (Allocation Failure)
[132.705s][info][gc,heap        ] GC(442) PSYoungGen: 238240K(238592K)->93680K(205312K) Eden: 165888K(165888K)->0K(111616K) From: 72352K(72704K)->93680K(93696K)
[132.705s][info][gc,heap        ] GC(442) ParOldGen: 336001K(657920K)->372729K(657920K)
[132.705s][info][gc,metaspace   ] GC(442) Metaspace: 18261K(18432K)->18261K(18432K) NonClass: 15602K(15680K)->15602K(15680K) Class: 2659K(2752K)->2659K(2752K)
[132.706s][info][gc             ] GC(442) Pause Young (Allocation Failure) 560M->455M(843M) 107.149ms
[132.706s][info][gc,cpu         ] GC(442) User=0.19s Sys=0.02s Real=0.10s
[132.878s][info][gc,start       ] GC(443) Pause Young (Allocation Failure)
[132.983s][info][gc,heap        ] GC(443) PSYoungGen: 205296K(205312K)->111094K(222720K) Eden: 111616K(111616K)->0K(111616K) From: 93680K(93696K)->111094K(111104K)
[132.983s][info][gc,heap        ] GC(443) ParOldGen: 372729K(657920K)->401825K(657920K)
[132.983s][info][gc,metaspace   ] GC(443) Metaspace: 18261K(18432K)->18261K(18432K) NonClass: 15602K(15680K)->15602K(15680K) Class: 2659K(2752K)->2659K(2752K)
[132.983s][info][gc             ] GC(443) Pause Young (Allocation Failure) 564M->500M(860M) 104.439ms
[132.983s][info][gc,cpu         ] GC(443) User=0.21s Sys=0.00s Real=0.10s
[133.218s][info][gc,start       ] GC(444) Pause Young (Allocation Failure)
[133.331s][info][gc,heap        ] GC(444) PSYoungGen: 222710K(222720K)->111072K(222720K) Eden: 111616K(111616K)->0K(111616K) From: 111094K(111104K)->111072K(111104K)
[133.331s][info][gc,heap        ] GC(444) ParOldGen: 401825K(657920K)->427928K(657920K)
[133.331s][info][gc,metaspace   ] GC(444) Metaspace: 18261K(18432K)->18261K(18432K) NonClass: 15602K(15680K)->15602K(15680K) Class: 2659K(2752K)->2659K(2752K)
[133.331s][info][gc             ] GC(444) Pause Young (Allocation Failure) 609M->526M(860M) 112.629ms
[133.331s][info][gc,cpu         ] GC(444) User=0.22s Sys=0.01s Real=0.11s
[133.508s][info][gc,start       ] GC(445) Pause Young (Allocation Failure)
[133.617s][info][gc,heap        ] GC(445) PSYoungGen: 222688K(222720K)->111072K(222720K) Eden: 111616K(111616K)->0K(111616K) From: 111072K(111104K)->111072K(111104K)
[133.617s][info][gc,heap        ] GC(445) ParOldGen: 427928K(657920K)->441473K(657920K)
[133.617s][info][gc,metaspace   ] GC(445) Metaspace: 18261K(18432K)->18261K(18432K) NonClass: 15602K(15680K)->15602K(15680K) Class: 2659K(2752K)->2659K(2752K)
[133.617s][info][gc             ] GC(445) Pause Young (Allocation Failure) 635M->539M(860M) 108.468ms
[133.617s][info][gc,cpu         ] GC(445) User=0.21s Sys=0.00s Real=0.11s
[133.720s][info][gc,start       ] GC(446) Pause Young (Allocation Failure)
[133.839s][info][gc,heap        ] GC(446) PSYoungGen: 222688K(222720K)->104000K(222720K) Eden: 111616K(111616K)->0K(111616K) From: 111072K(111104K)->104000K(111104K)
[133.839s][info][gc,heap        ] GC(446) ParOldGen: 441473K(657920K)->451641K(657920K)
[133.839s][info][gc,metaspace   ] GC(446) Metaspace: 18261K(18432K)->18261K(18432K) NonClass: 15602K(15680K)->15602K(15680K) Class: 2659K(2752K)->2659K(2752K)
[133.839s][info][gc             ] GC(446) Pause Young (Allocation Failure) 648M->542M(860M) 118.781ms
[133.839s][info][gc,cpu         ] GC(446) User=0.23s Sys=0.00s Real=0.12s
[133.977s][info][gc,start       ] GC(447) Pause Young (Allocation Failure)
[134.097s][info][gc,heap        ] GC(447) PSYoungGen: 215616K(222720K)->42948K(222720K) Eden: 111616K(111616K)->0K(111616K) From: 104000K(111104K)->42948K(111104K)
[134.097s][info][gc,heap        ] GC(447) ParOldGen: 451641K(657920K)->524477K(657920K)
[134.097s][info][gc,metaspace   ] GC(447) Metaspace: 18261K(18432K)->18261K(18432K) NonClass: 15602K(15680K)->15602K(15680K) Class: 2659K(2752K)->2659K(2752K)
[134.097s][info][gc             ] GC(447) Pause Young (Allocation Failure) 651M->554M(860M) 119.639ms
[134.097s][info][gc,cpu         ] GC(447) User=0.23s Sys=0.00s Real=0.12s
[134.255s][info][gc,start       ] GC(448) Pause Young (Allocation Failure)
[134.350s][info][gc,heap        ] GC(448) PSYoungGen: 154564K(222720K)->42734K(222720K) Eden: 111616K(111616K)->0K(111616K) From: 42948K(111104K)->42734K(111104K)
[134.350s][info][gc,heap        ] GC(448) ParOldGen: 524477K(657920K)->540877K(657920K)
[134.350s][info][gc,metaspace   ] GC(448) Metaspace: 18261K(18432K)->18261K(18432K) NonClass: 15602K(15680K)->15602K(15680K) Class: 2659K(2752K)->2659K(2752K)
[134.350s][info][gc             ] GC(448) Pause Young (Allocation Failure) 663M->569M(860M) 95.141ms
[134.350s][info][gc,cpu         ] GC(448) User=0.19s Sys=0.00s Real=0.10s
[134.510s][info][gc,start       ] GC(449) Pause Young (Allocation Failure)
[134.582s][info][gc,heap        ] GC(449) PSYoungGen: 154350K(222720K)->27172K(222720K) Eden: 111616K(111616K)->0K(111616K) From: 42734K(111104K)->27172K(111104K)
[134.582s][info][gc,heap        ] GC(449) ParOldGen: 540877K(657920K)->556517K(657920K)
[134.582s][info][gc,metaspace   ] GC(449) Metaspace: 18261K(18432K)->18261K(18432K) NonClass: 15602K(15680K)->15602K(15680K) Class: 2659K(2752K)->2659K(2752K)
[134.582s][info][gc             ] GC(449) Pause Young (Allocation Failure) 678M->570M(860M) 71.769ms
[134.582s][info][gc,cpu         ] GC(449) User=0.15s Sys=0.00s Real=0.07s
[134.740s][info][gc,start       ] GC(450) Pause Young (Allocation Failure)
[134.790s][info][gc,heap        ] GC(450) PSYoungGen: 138788K(222720K)->32K(222720K) Eden: 111616K(111616K)->0K(111616K) From: 27172K(111104K)->32K(111104K)
[134.790s][info][gc,heap        ] GC(450) ParOldGen: 556517K(657920K)->583698K(657920K)
[134.790s][info][gc,metaspace   ] GC(450) Metaspace: 18261K(18432K)->18261K(18432K) NonClass: 15602K(15680K)->15602K(15680K) Class: 2659K(2752K)->2659K(2752K)
[134.790s][info][gc             ] GC(450) Pause Young (Allocation Failure) 679M->570M(860M) 49.961ms
[134.790s][info][gc,cpu         ] GC(450) User=0.10s Sys=0.00s Real=0.05s
[134.950s][info][gc,start       ] GC(451) Pause Young (Allocation Failure)
[134.952s][info][gc,heap        ] GC(451) PSYoungGen: 111648K(222720K)->64K(222720K) Eden: 111616K(111616K)->0K(111616K) From: 32K(111104K)->64K(111104K)
[134.952s][info][gc,heap        ] GC(451) ParOldGen: 583698K(657920K)->583698K(657920K)
[134.952s][info][gc,metaspace   ] GC(451) Metaspace: 18261K(18432K)->18261K(18432K) NonClass: 15602K(15680K)->15602K(15680K) Class: 2659K(2752K)->2659K(2752K)
[134.952s][info][gc             ] GC(451) Pause Young (Allocation Failure) 679M->570M(860M) 1.894ms
[134.952s][info][gc,cpu         ] GC(451) User=0.00s Sys=0.00s Real=0.00s
[135.106s][info][gc,start       ] GC(452) Pause Young (Allocation Failure)
[135.108s][info][gc,heap        ] GC(452) PSYoungGen: 111680K(222720K)->64K(222720K) Eden: 111616K(111616K)->0K(111616K) From: 64K(111104K)->64K(111104K)
[135.108s][info][gc,heap        ] GC(452) ParOldGen: 583698K(657920K)->583698K(657920K)
[135.108s][info][gc,metaspace   ] GC(452) Metaspace: 18261K(18432K)->18261K(18432K) NonClass: 15602K(15680K)->15602K(15680K) Class: 2659K(2752K)->2659K(2752K)
[135.108s][info][gc             ] GC(452) Pause Young (Allocation Failure) 679M->570M(860M) 1.915ms
[135.108s][info][gc,cpu         ] GC(452) User=0.00s Sys=0.00s Real=0.01s
[135.262s][info][gc,start       ] GC(453) Pause Young (Allocation Failure)
[135.264s][info][gc,heap        ] GC(453) PSYoungGen: 111680K(222720K)->64K(222720K) Eden: 111616K(111616K)->0K(111616K) From: 64K(111104K)->64K(111104K)
[135.264s][info][gc,heap        ] GC(453) ParOldGen: 583698K(657920K)->583698K(657920K)
[135.264s][info][gc,metaspace   ] GC(453) Metaspace: 18261K(18432K)->18261K(18432K) NonClass: 15602K(15680K)->15602K(15680K) Class: 2659K(2752K)->2659K(2752K)
[135.264s][info][gc             ] GC(453) Pause Young (Allocation Failure) 679M->570M(860M) 1.936ms
[135.264s][info][gc,cpu         ] GC(453) User=0.00s Sys=0.00s Real=0.00s
[135.417s][info][gc,start       ] GC(454) Pause Young (Allocation Failure)
[135.419s][info][gc,heap        ] GC(454) PSYoungGen: 111680K(222720K)->64K(222720K) Eden: 111616K(111616K)->0K(111616K) From: 64K(111104K)->64K(111104K)
[135.419s][info][gc,heap        ] GC(454) ParOldGen: 583698K(657920K)->583698K(657920K)
[135.419s][info][gc,metaspace   ] GC(454) Metaspace: 18261K(18432K)->18261K(18432K) NonClass: 15602K(15680K)->15602K(15680K) Class: 2659K(2752K)->2659K(2752K)
[135.419s][info][gc             ] GC(454) Pause Young (Allocation Failure) 679M->570M(860M) 1.892ms
[135.419s][info][gc,cpu         ] GC(454) User=0.01s Sys=0.00s Real=0.00s
[135.568s][info][gc,start       ] GC(455) Pause Young (Allocation Failure)
[135.572s][info][gc,heap        ] GC(455) PSYoungGen: 111680K(222720K)->1568K(222720K) Eden: 111616K(111616K)->0K(111616K) From: 64K(111104K)->1568K(111104K)
[135.572s][info][gc,heap        ] GC(455) ParOldGen: 583698K(657920K)->583698K(657920K)
[135.572s][info][gc,metaspace   ] GC(455) Metaspace: 18261K(18432K)->18261K(18432K) NonClass: 15602K(15680K)->15602K(15680K) Class: 2659K(2752K)->2659K(2752K)
[135.572s][info][gc             ] GC(455) Pause Young (Allocation Failure) 679M->571M(860M) 4.264ms
[135.572s][info][gc,cpu         ] GC(455) User=0.01s Sys=0.00s Real=0.00s
[135.676s][info][gc,start       ] GC(456) Pause Young (Allocation Failure)
[135.696s][info][gc,heap        ] GC(456) PSYoungGen: 113184K(222720K)->16864K(222720K) Eden: 111616K(111616K)->0K(111616K) From: 1568K(111104K)->16864K(111104K)
[135.696s][info][gc,heap        ] GC(456) ParOldGen: 583698K(657920K)->585242K(657920K)
[135.697s][info][gc,metaspace   ] GC(456) Metaspace: 18261K(18432K)->18261K(18432K) NonClass: 15602K(15680K)->15602K(15680K) Class: 2659K(2752K)->2659K(2752K)
[135.697s][info][gc             ] GC(456) Pause Young (Allocation Failure) 680M->587M(860M) 20.864ms
[135.697s][info][gc,cpu         ] GC(456) User=0.04s Sys=0.00s Real=0.03s
[135.795s][info][gc,start       ] GC(457) Pause Young (Allocation Failure)
[135.825s][info][gc,heap        ] GC(457) PSYoungGen: 128480K(222720K)->11488K(222720K) Eden: 111616K(111616K)->0K(111616K) From: 16864K(111104K)->11488K(111104K)
[135.825s][info][gc,heap        ] GC(457) ParOldGen: 585242K(657920K)->602106K(657920K)
[135.825s][info][gc,metaspace   ] GC(457) Metaspace: 18261K(18432K)->18261K(18432K) NonClass: 15602K(15680K)->15602K(15680K) Class: 2659K(2752K)->2659K(2752K)
[135.825s][info][gc             ] GC(457) Pause Young (Allocation Failure) 696M->599M(860M) 29.993ms
[135.825s][info][gc,cpu         ] GC(457) User=0.06s Sys=0.00s Real=0.03s
[135.926s][info][gc,start       ] GC(458) Pause Young (Allocation Failure)
[135.944s][info][gc,heap        ] GC(458) PSYoungGen: 123104K(222720K)->1600K(222720K) Eden: 111616K(111616K)->0K(111616K) From: 11488K(111104K)->1600K(111104K)
[135.944s][info][gc,heap        ] GC(458) ParOldGen: 602106K(657920K)->613578K(657920K)
[135.944s][info][gc,metaspace   ] GC(458) Metaspace: 18261K(18432K)->18261K(18432K) NonClass: 15602K(15680K)->15602K(15680K) Class: 2659K(2752K)->2659K(2752K)
[135.944s][info][gc             ] GC(458) Pause Young (Allocation Failure) 708M->600M(860M) 17.990ms
[135.944s][info][gc,cpu         ] GC(458) User=0.04s Sys=0.00s Real=0.02s
[136.046s][info][gc,start       ] GC(459) Pause Young (Allocation Failure)
[136.055s][info][gc,heap        ] GC(459) PSYoungGen: 113216K(222720K)->1440K(222720K) Eden: 111616K(111616K)->0K(111616K) From: 1600K(111104K)->1440K(111104K)
[136.055s][info][gc,heap        ] GC(459) ParOldGen: 613578K(657920K)->615178K(657920K)
[136.055s][info][gc,metaspace   ] GC(459) Metaspace: 18261K(18432K)->18261K(18432K) NonClass: 15602K(15680K)->15602K(15680K) Class: 2659K(2752K)->2659K(2752K)
[136.055s][info][gc             ] GC(459) Pause Young (Allocation Failure) 709M->602M(860M) 8.295ms
[136.055s][info][gc,cpu         ] GC(459) User=0.02s Sys=0.00s Real=0.00s
[136.176s][info][gc,start       ] GC(460) Pause Young (Allocation Failure)
[136.185s][info][gc,heap        ] GC(460) PSYoungGen: 113056K(222720K)->4704K(222720K) Eden: 111616K(111616K)->0K(111616K) From: 1440K(111104K)->4704K(111104K)
[136.185s][info][gc,heap        ] GC(460) ParOldGen: 615178K(657920K)->616586K(657920K)
[136.185s][info][gc,metaspace   ] GC(460) Metaspace: 18261K(18432K)->18261K(18432K) NonClass: 15602K(15680K)->15602K(15680K) Class: 2659K(2752K)->2659K(2752K)
[136.185s][info][gc             ] GC(460) Pause Young (Allocation Failure) 711M->606M(860M) 8.360ms
[136.185s][info][gc,cpu         ] GC(460) User=0.02s Sys=0.00s Real=0.00s
[136.313s][info][gc,start       ] GC(461) Pause Young (Allocation Failure)
[136.324s][info][gc,heap        ] GC(461) PSYoungGen: 116320K(222720K)->3488K(115200K) Eden: 111616K(111616K)->0K(111616K) From: 4704K(111104K)->3488K(3584K)
[136.324s][info][gc,heap        ] GC(461) ParOldGen: 616586K(657920K)->621266K(657920K)
[136.324s][info][gc,metaspace   ] GC(461) Metaspace: 18261K(18432K)->18261K(18432K) NonClass: 15602K(15680K)->15602K(15680K) Class: 2659K(2752K)->2659K(2752K)
[136.324s][info][gc             ] GC(461) Pause Young (Allocation Failure) 715M->610M(755M) 11.079ms
[136.324s][info][gc,cpu         ] GC(461) User=0.02s Sys=0.00s Real=0.01s
[136.567s][info][gc,start       ] GC(462) Pause Young (Allocation Failure)
[136.573s][info][gc,heap        ] GC(462) PSYoungGen: 115104K(115200K)->3520K(220672K) Eden: 111616K(111616K)->0K(117248K) From: 3488K(3584K)->3520K(103424K)
[136.573s][info][gc,heap        ] GC(462) ParOldGen: 621266K(657920K)->621266K(657920K)
[136.573s][info][gc,metaspace   ] GC(462) Metaspace: 18261K(18432K)->18261K(18432K) NonClass: 15602K(15680K)->15602K(15680K) Class: 2659K(2752K)->2659K(2752K)
[136.573s][info][gc             ] GC(462) Pause Young (Allocation Failure) 719M->610M(858M) 5.887ms
[136.573s][info][gc,cpu         ] GC(462) User=0.02s Sys=0.00s Real=0.00s
[136.794s][info][gc,start       ] GC(463) Pause Young (Allocation Failure)
[136.800s][info][gc,heap        ] GC(463) PSYoungGen: 120768K(220672K)->3616K(121344K) Eden: 117248K(117248K)->0K(117248K) From: 3520K(103424K)->3616K(4096K)
[136.800s][info][gc,heap        ] GC(463) ParOldGen: 621266K(657920K)->621266K(657920K)
[136.800s][info][gc,metaspace   ] GC(463) Metaspace: 18261K(18432K)->18261K(18432K) NonClass: 15602K(15680K)->15602K(15680K) Class: 2659K(2752K)->2659K(2752K)
[136.800s][info][gc             ] GC(463) Pause Young (Allocation Failure) 724M->610M(761M) 6.582ms
[136.800s][info][gc,cpu         ] GC(463) User=0.01s Sys=0.00s Real=0.01s
[137.011s][info][gc,start       ] GC(464) Pause Young (Allocation Failure)
[137.018s][info][gc,heap        ] GC(464) PSYoungGen: 120864K(121344K)->3840K(206336K) Eden: 117248K(117248K)->0K(121856K) From: 3616K(4096K)->3840K(84480K)
[137.018s][info][gc,heap        ] GC(464) ParOldGen: 621266K(657920K)->621266K(657920K)
[137.018s][info][gc,metaspace   ] GC(464) Metaspace: 18261K(18432K)->18261K(18432K) NonClass: 15602K(15680K)->15602K(15680K) Class: 2659K(2752K)->2659K(2752K)
[137.018s][info][gc             ] GC(464) Pause Young (Allocation Failure) 724M->610M(844M) 7.294ms
[137.018s][info][gc,cpu         ] GC(464) User=0.01s Sys=0.00s Real=0.01s
[137.252s][info][gc,start       ] GC(465) Pause Young (Allocation Failure)
[137.259s][info][gc,heap        ] GC(465) PSYoungGen: 125696K(206336K)->3680K(125952K) Eden: 121856K(121856K)->0K(121856K) From: 3840K(84480K)->3680K(4096K)
[137.259s][info][gc,heap        ] GC(465) ParOldGen: 621266K(657920K)->621266K(657920K)
[137.259s][info][gc,metaspace   ] GC(465) Metaspace: 18261K(18432K)->18261K(18432K) NonClass: 15602K(15680K)->15602K(15680K) Class: 2659K(2752K)->2659K(2752K)
[137.259s][info][gc             ] GC(465) Pause Young (Allocation Failure) 729M->610M(765M) 7.059ms
[137.259s][info][gc,cpu         ] GC(465) User=0.01s Sys=0.00s Real=0.01s
[137.432s][info][gc,start       ] GC(466) Pause Young (Allocation Failure)
[137.452s][info][gc,heap        ] GC(466) PSYoungGen: 125536K(125952K)->16704K(200192K) Eden: 121856K(121856K)->0K(126976K) From: 3680K(4096K)->16704K(73216K)
[137.452s][info][gc,heap        ] GC(466) ParOldGen: 621266K(657920K)->621266K(657920K)
[137.452s][info][gc,metaspace   ] GC(466) Metaspace: 18261K(18432K)->18261K(18432K) NonClass: 15602K(15680K)->15602K(15680K) Class: 2659K(2752K)->2659K(2752K)
[137.452s][info][gc             ] GC(466) Pause Young (Allocation Failure) 729M->623M(838M) 19.931ms
[137.452s][info][gc,cpu         ] GC(466) User=0.04s Sys=0.01s Real=0.02s
[137.613s][info][gc,start       ] GC(467) Pause Young (Allocation Failure)
[137.633s][info][gc,heap        ] GC(467) PSYoungGen: 143680K(200192K)->16704K(206336K) Eden: 126976K(126976K)->0K(126976K) From: 16704K(73216K)->16704K(79360K)
[137.633s][info][gc,heap        ] GC(467) ParOldGen: 621266K(657920K)->621266K(657920K)
[137.633s][info][gc,metaspace   ] GC(467) Metaspace: 18261K(18432K)->18261K(18432K) NonClass: 15602K(15680K)->15602K(15680K) Class: 2659K(2752K)->2659K(2752K)
[137.633s][info][gc             ] GC(467) Pause Young (Allocation Failure) 747M->623M(844M) 20.283ms
[137.633s][info][gc,cpu         ] GC(467) User=0.04s Sys=0.00s Real=0.02s
[137.751s][info][gc,start       ] GC(468) Pause Young (Allocation Failure)
[137.793s][info][gc,heap        ] GC(468) PSYoungGen: 143680K(206336K)->49184K(200192K) Eden: 126976K(126976K)->0K(126464K) From: 16704K(79360K)->49184K(73728K)
[137.793s][info][gc,heap        ] GC(468) ParOldGen: 621266K(657920K)->621266K(657920K)
[137.793s][info][gc,metaspace   ] GC(468) Metaspace: 18261K(18432K)->18261K(18432K) NonClass: 15602K(15680K)->15602K(15680K) Class: 2659K(2752K)->2659K(2752K)
[137.793s][info][gc             ] GC(468) Pause Young (Allocation Failure) 747M->654M(838M) 41.500ms
[137.793s][info][gc,cpu         ] GC(468) User=0.08s Sys=0.00s Real=0.04s
[137.968s][info][gc,start       ] GC(469) Pause Young (Allocation Failure)
[138.023s][info][gc,heap        ] GC(469) PSYoungGen: 175648K(200192K)->70512K(206848K) Eden: 126464K(126464K)->0K(126464K) From: 49184K(73728K)->70512K(80384K)
[138.023s][info][gc,heap        ] GC(469) ParOldGen: 621266K(657920K)->621266K(657920K)
[138.023s][info][gc,metaspace   ] GC(469) Metaspace: 18262K(18432K)->18262K(18432K) NonClass: 15603K(15680K)->15603K(15680K) Class: 2659K(2752K)->2659K(2752K)
[138.023s][info][gc             ] GC(469) Pause Young (Allocation Failure) 778M->675M(844M) 54.486ms
[138.023s][info][gc,cpu         ] GC(469) User=0.11s Sys=0.00s Real=0.05s
[138.205s][info][gc,start       ] GC(470) Pause Young (Allocation Failure)
[138.294s][info][gc,heap        ] GC(470) PSYoungGen: 196976K(206848K)->83488K(209408K) Eden: 126464K(126464K)->0K(115712K) From: 70512K(80384K)->83488K(93696K)
[138.295s][info][gc,heap        ] GC(470) ParOldGen: 621266K(657920K)->621266K(657920K)
[138.295s][info][gc,metaspace   ] GC(470) Metaspace: 18263K(18432K)->18263K(18432K) NonClass: 15604K(15680K)->15604K(15680K) Class: 2659K(2752K)->2659K(2752K)
[138.295s][info][gc             ] GC(470) Pause Young (Allocation Failure) 799M->688M(847M) 89.236ms
[138.295s][info][gc,cpu         ] GC(470) User=0.15s Sys=0.02s Real=0.09s
[138.460s][info][gc,start       ] GC(471) Pause Young (Allocation Failure)
[138.535s][info][gc,heap        ] GC(471) PSYoungGen: 199200K(209408K)->83520K(199680K) Eden: 115712K(115712K)->0K(115712K) From: 83488K(93696K)->83520K(83968K)
[138.536s][info][gc,heap        ] GC(471) ParOldGen: 621266K(657920K)->621266K(657920K)
[138.536s][info][gc,metaspace   ] GC(471) Metaspace: 18263K(18432K)->18263K(18432K) NonClass: 15604K(15680K)->15604K(15680K) Class: 2659K(2752K)->2659K(2752K)
[138.536s][info][gc             ] GC(471) Pause Young (Allocation Failure) 801M->688M(837M) 75.487ms
[138.536s][info][gc,cpu         ] GC(471) User=0.15s Sys=0.01s Real=0.07s
[138.703s][info][gc,start       ] GC(472) Pause Young (Allocation Failure)
[138.780s][info][gc,heap        ] GC(472) PSYoungGen: 199232K(199680K)->80064K(222720K) Eden: 115712K(115712K)->0K(111616K) From: 83520K(83968K)->80064K(111104K)
[138.780s][info][gc,heap        ] GC(472) ParOldGen: 621266K(657920K)->624738K(657920K)
[138.780s][info][gc,metaspace   ] GC(472) Metaspace: 18263K(18432K)->18263K(18432K) NonClass: 15604K(15680K)->15604K(15680K) Class: 2659K(2752K)->2659K(2752K)
[138.780s][info][gc             ] GC(472) Pause Young (Allocation Failure) 801M->688M(860M) 77.005ms
[138.780s][info][gc,cpu         ] GC(472) User=0.15s Sys=0.00s Real=0.08s
[138.938s][info][gc,start       ] GC(473) Pause Young (Allocation Failure)
[139.011s][info][gc,heap        ] GC(473) PSYoungGen: 191680K(222720K)->79904K(222720K) Eden: 111616K(111616K)->0K(111616K) From: 80064K(111104K)->79904K(111104K)
[139.011s][info][gc,heap        ] GC(473) ParOldGen: 624738K(657920K)->624880K(657920K)
[139.012s][info][gc,metaspace   ] GC(473) Metaspace: 18263K(18432K)->18263K(18432K) NonClass: 15604K(15680K)->15604K(15680K) Class: 2659K(2752K)->2659K(2752K)
[139.012s][info][gc             ] GC(473) Pause Young (Allocation Failure) 797M->688M(860M) 73.195ms
[139.012s][info][gc,cpu         ] GC(473) User=0.14s Sys=0.00s Real=0.07s
[139.171s][info][gc,start       ] GC(474) Pause Young (Allocation Failure)
[139.243s][info][gc,heap        ] GC(474) PSYoungGen: 191520K(222720K)->66848K(222720K) Eden: 111616K(111616K)->0K(111616K) From: 79904K(111104K)->66848K(111104K)
[139.243s][info][gc,heap        ] GC(474) ParOldGen: 624880K(657920K)->638000K(657920K)
[139.243s][info][gc,metaspace   ] GC(474) Metaspace: 18263K(18432K)->18263K(18432K) NonClass: 15604K(15680K)->15604K(15680K) Class: 2659K(2752K)->2659K(2752K)
[139.243s][info][gc             ] GC(474) Pause Young (Allocation Failure) 797M->688M(860M) 72.396ms
[139.243s][info][gc,cpu         ] GC(474) User=0.14s Sys=0.00s Real=0.07s
[139.402s][info][gc,start       ] GC(475) Pause Young (Allocation Failure)
[139.466s][info][gc,promotion   ] GC(475) Promotion failed
[139.466s][info][gc,heap        ] GC(475) PSYoungGen: 178464K(222720K)->178464K(222720K) Eden: 111616K(111616K)->111616K(111616K) From: 66848K(111104K)->66848K(111104K)
[139.466s][info][gc,heap        ] GC(475) ParOldGen: 638000K(657920K)->667640K(667648K)
[139.466s][info][gc,metaspace   ] GC(475) Metaspace: 18263K(18432K)->18263K(18432K) NonClass: 15604K(15680K)->15604K(15680K) Class: 2659K(2752K)->2659K(2752K)
[139.466s][info][gc             ] GC(475) Pause Young (Allocation Failure) 797M->826M(869M) 63.723ms
[139.466s][info][gc,cpu         ] GC(475) User=0.12s Sys=0.00s Real=0.07s
[139.466s][info][gc,start       ] GC(476) Pause Full (Allocation Failure)
[139.466s][info][gc,phases,start] GC(476) Marking Phase
[139.641s][info][gc,phases      ] GC(476) Marking Phase 174.788ms
[139.641s][info][gc,phases,start] GC(476) Summary Phase
[139.641s][info][gc,phases      ] GC(476) Summary Phase 0.041ms
[139.641s][info][gc,phases,start] GC(476) Forward
[139.716s][info][gc,phases      ] GC(476) Forward 74.377ms
[139.716s][info][gc,phases,start] GC(476) Adjust Pointers
[139.878s][info][gc,phases      ] GC(476) Adjust Pointers 162.174ms
[139.878s][info][gc,phases,start] GC(476) Compaction Phase
[139.957s][info][gc,phases      ] GC(476) Compaction Phase 78.714ms
[139.968s][info][gc,phases,start] GC(476) Post Compact
[139.970s][info][gc,phases      ] GC(476) Post Compact 2.577ms
[139.975s][info][gc,heap        ] GC(476) PSYoungGen: 178464K(222720K)->0K(222720K) Eden: 111616K(111616K)->0K(111616K) From: 66848K(111104K)->0K(111104K)
[139.975s][info][gc,heap        ] GC(476) ParOldGen: 667640K(667648K)->289198K(602624K)
[139.975s][info][gc,metaspace   ] GC(476) Metaspace: 18263K(18432K)->18263K(18432K) NonClass: 15604K(15680K)->15604K(15680K) Class: 2659K(2752K)->2659K(2752K)
[139.975s][info][gc             ] GC(476) Pause Full (Allocation Failure) 826M->282M(806M) 509.271ms
[139.976s][info][gc,cpu         ] GC(476) User=0.92s Sys=0.01s Real=0.50s
[140.139s][info][gc,start       ] GC(477) Pause Young (Allocation Failure)
[140.140s][info][gc,heap        ] GC(477) PSYoungGen: 111616K(222720K)->64K(222720K) Eden: 111616K(111616K)->0K(111616K) From: 0K(111104K)->64K(111104K)
[140.140s][info][gc,heap        ] GC(477) ParOldGen: 289198K(602624K)->289198K(602624K)
[140.140s][info][gc,metaspace   ] GC(477) Metaspace: 18263K(18432K)->18263K(18432K) NonClass: 15604K(15680K)->15604K(15680K) Class: 2659K(2752K)->2659K(2752K)
[140.140s][info][gc             ] GC(477) Pause Young (Allocation Failure) 391M->282M(806M) 1.206ms
[140.140s][info][gc,cpu         ] GC(477) User=0.00s Sys=0.00s Real=0.00s
[140.304s][info][gc,start       ] GC(478) Pause Young (Allocation Failure)
[140.305s][info][gc,heap        ] GC(478) PSYoungGen: 111680K(222720K)->64K(222720K) Eden: 111616K(111616K)->0K(111616K) From: 64K(111104K)->64K(111104K)
[140.305s][info][gc,heap        ] GC(478) ParOldGen: 289198K(602624K)->289198K(602624K)
[140.305s][info][gc,metaspace   ] GC(478) Metaspace: 18263K(18432K)->18263K(18432K) NonClass: 15604K(15680K)->15604K(15680K) Class: 2659K(2752K)->2659K(2752K)
[140.305s][info][gc             ] GC(478) Pause Young (Allocation Failure) 391M->282M(806M) 1.149ms
[140.305s][info][gc,cpu         ] GC(478) User=0.00s Sys=0.00s Real=0.00s
[140.455s][info][gc,start       ] GC(479) Pause Young (Allocation Failure)
[140.462s][info][gc,heap        ] GC(479) PSYoungGen: 111680K(222720K)->4448K(222720K) Eden: 111616K(111616K)->0K(111616K) From: 64K(111104K)->4448K(111104K)
[140.462s][info][gc,heap        ] GC(479) ParOldGen: 289198K(602624K)->289198K(602624K)
[140.462s][info][gc,metaspace   ] GC(479) Metaspace: 18263K(18432K)->18263K(18432K) NonClass: 15604K(15680K)->15604K(15680K) Class: 2659K(2752K)->2659K(2752K)
[140.462s][info][gc             ] GC(479) Pause Young (Allocation Failure) 391M->286M(806M) 7.027ms
[140.462s][info][gc,cpu         ] GC(479) User=0.01s Sys=0.00s Real=0.01s
[140.575s][info][gc,start       ] GC(480) Pause Young (Allocation Failure)
[140.598s][info][gc,heap        ] GC(480) PSYoungGen: 116064K(222720K)->21184K(222720K) Eden: 111616K(111616K)->0K(111616K) From: 4448K(111104K)->21184K(111104K)
[140.598s][info][gc,heap        ] GC(480) ParOldGen: 289198K(602624K)->289198K(602624K)
[140.598s][info][gc,metaspace   ] GC(480) Metaspace: 18263K(18432K)->18263K(18432K) NonClass: 15604K(15680K)->15604K(15680K) Class: 2659K(2752K)->2659K(2752K)
[140.598s][info][gc             ] GC(480) Pause Young (Allocation Failure) 395M->303M(806M) 23.281ms
[140.598s][info][gc,cpu         ] GC(480) User=0.05s Sys=0.00s Real=0.03s
[140.691s][info][gc,start       ] GC(481) Pause Young (Allocation Failure)
[140.718s][info][gc,heap        ] GC(481) PSYoungGen: 132800K(222720K)->26304K(222720K) Eden: 111616K(111616K)->0K(111616K) From: 21184K(111104K)->26304K(111104K)
[140.718s][info][gc,heap        ] GC(481) ParOldGen: 289198K(602624K)->289206K(602624K)
[140.718s][info][gc,metaspace   ] GC(481) Metaspace: 18263K(18432K)->18263K(18432K) NonClass: 15604K(15680K)->15604K(15680K) Class: 2659K(2752K)->2659K(2752K)
[140.718s][info][gc             ] GC(481) Pause Young (Allocation Failure) 412M->308M(806M) 26.812ms
[140.718s][info][gc,cpu         ] GC(481) User=0.06s Sys=0.00s Real=0.03s
[140.823s][info][gc,start       ] GC(482) Pause Young (Allocation Failure)
[140.851s][info][gc,heap        ] GC(482) PSYoungGen: 137920K(222720K)->5792K(117760K) Eden: 111616K(111616K)->0K(111616K) From: 26304K(111104K)->5792K(6144K)
[140.851s][info][gc,heap        ] GC(482) ParOldGen: 289206K(602624K)->310414K(602624K)
[140.851s][info][gc,metaspace   ] GC(482) Metaspace: 18263K(18432K)->18263K(18432K) NonClass: 15604K(15680K)->15604K(15680K) Class: 2659K(2752K)->2659K(2752K)
[140.851s][info][gc             ] GC(482) Pause Young (Allocation Failure) 417M->308M(703M) 27.413ms
[140.851s][info][gc,cpu         ] GC(482) User=0.06s Sys=0.00s Real=0.03s
[140.930s][info][gc,start       ] GC(483) Pause Young (Allocation Failure)
[140.963s][info][gc,heap        ] GC(483) PSYoungGen: 117408K(117760K)->26624K(224768K) Eden: 111616K(111616K)->0K(119296K) From: 5792K(6144K)->26624K(105472K)
[140.963s][info][gc,heap        ] GC(483) ParOldGen: 310414K(602624K)->310414K(602624K)
[140.963s][info][gc,metaspace   ] GC(483) Metaspace: 18263K(18432K)->18263K(18432K) NonClass: 15604K(15680K)->15604K(15680K) Class: 2659K(2752K)->2659K(2752K)
[140.963s][info][gc             ] GC(483) Pause Young (Allocation Failure) 417M->329M(808M) 33.541ms
[140.963s][info][gc,cpu         ] GC(483) User=0.07s Sys=0.00s Real=0.03s
[141.049s][info][gc,start       ] GC(484) Pause Young (Allocation Failure)
[141.085s][info][gc,heap        ] GC(484) PSYoungGen: 145920K(224768K)->28960K(220672K) Eden: 119296K(119296K)->0K(119296K) From: 26624K(105472K)->28960K(101376K)
[141.085s][info][gc,heap        ] GC(484) ParOldGen: 310414K(602624K)->315550K(602624K)
[141.085s][info][gc,metaspace   ] GC(484) Metaspace: 18263K(18432K)->18263K(18432K) NonClass: 15604K(15680K)->15604K(15680K) Class: 2659K(2752K)->2659K(2752K)
[141.085s][info][gc             ] GC(484) Pause Young (Allocation Failure) 445M->336M(804M) 36.218ms
[141.085s][info][gc,cpu         ] GC(484) User=0.07s Sys=0.00s Real=0.03s
[141.171s][info][gc,start       ] GC(485) Pause Young (Allocation Failure)
[141.226s][info][gc,heap        ] GC(485) PSYoungGen: 148256K(220672K)->31072K(222208K) Eden: 119296K(119296K)->0K(132608K) From: 28960K(101376K)->31072K(89600K)
[141.226s][info][gc,heap        ] GC(485) ParOldGen: 315550K(602624K)->337070K(602624K)
[141.226s][info][gc,metaspace   ] GC(485) Metaspace: 18263K(18432K)->18263K(18432K) NonClass: 15604K(15680K)->15604K(15680K) Class: 2659K(2752K)->2659K(2752K)
[141.226s][info][gc             ] GC(485) Pause Young (Allocation Failure) 452M->359M(805M) 54.709ms
[141.226s][info][gc,cpu         ] GC(485) User=0.11s Sys=0.00s Real=0.05s
[141.358s][info][gc,start       ] GC(486) Pause Young (Allocation Failure)
[141.411s][info][gc,heap        ] GC(486) PSYoungGen: 163680K(222208K)->21216K(221184K) Eden: 132608K(132608K)->0K(132608K) From: 31072K(89600K)->21216K(88576K)
[141.411s][info][gc,heap        ] GC(486) ParOldGen: 337070K(602624K)->368198K(602624K)
[141.411s][info][gc,metaspace   ] GC(486) Metaspace: 18263K(18432K)->18263K(18432K) NonClass: 15604K(15680K)->15604K(15680K) Class: 2659K(2752K)->2659K(2752K)
[141.411s][info][gc             ] GC(486) Pause Young (Allocation Failure) 489M->380M(804M) 52.882ms
[141.411s][info][gc,cpu         ] GC(486) User=0.11s Sys=0.00s Real=0.05s
[141.570s][info][gc,start       ] GC(487) Pause Young (Allocation Failure)
[141.608s][info][gc,heap        ] GC(487) PSYoungGen: 153824K(221184K)->13504K(225280K) Eden: 132608K(132608K)->0K(147968K) From: 21216K(88576K)->13504K(77312K)
[141.608s][info][gc,heap        ] GC(487) ParOldGen: 368198K(602624K)->389430K(602624K)
[141.608s][info][gc,metaspace   ] GC(487) Metaspace: 18264K(18432K)->18264K(18432K) NonClass: 15604K(15680K)->15604K(15680K) Class: 2659K(2752K)->2659K(2752K)
[141.608s][info][gc             ] GC(487) Pause Young (Allocation Failure) 509M->393M(808M) 37.578ms
[141.608s][info][gc,cpu         ] GC(487) User=0.08s Sys=0.00s Real=0.04s
[141.744s][info][gc,start       ] GC(488) Pause Young (Allocation Failure)
[141.767s][info][gc,heap        ] GC(488) PSYoungGen: 161472K(225280K)->3200K(228864K) Eden: 147968K(147968K)->0K(147968K) From: 13504K(77312K)->3200K(80896K)
[141.767s][info][gc,heap        ] GC(488) ParOldGen: 389430K(602624K)->402942K(602624K)
[141.767s][info][gc,metaspace   ] GC(488) Metaspace: 18264K(18432K)->18264K(18432K) NonClass: 15604K(15680K)->15604K(15680K) Class: 2659K(2752K)->2659K(2752K)
[141.767s][info][gc             ] GC(488) Pause Young (Allocation Failure) 537M->396M(812M) 22.530ms
[141.767s][info][gc,cpu         ] GC(488) User=0.04s Sys=0.00s Real=0.03s
[141.932s][info][gc,start       ] GC(489) Pause Young (Allocation Failure)
[141.945s][info][gc,heap        ] GC(489) PSYoungGen: 151168K(228864K)->1280K(238080K) Eden: 147968K(147968K)->0K(162816K) From: 3200K(80896K)->1280K(75264K)
[141.945s][info][gc,heap        ] GC(489) ParOldGen: 402942K(602624K)->406115K(602624K)
[141.945s][info][gc,metaspace   ] GC(489) Metaspace: 18264K(18432K)->18264K(18432K) NonClass: 15605K(15680K)->15605K(15680K) Class: 2659K(2752K)->2659K(2752K)
[141.945s][info][gc             ] GC(489) Pause Young (Allocation Failure) 541M->397M(821M) 13.137ms
[141.945s][info][gc,cpu         ] GC(489) User=0.02s Sys=0.00s Real=0.01s
[142.122s][info][gc,start       ] GC(490) Pause Young (Allocation Failure)
[142.134s][info][gc,heap        ] GC(490) PSYoungGen: 164096K(238080K)->3296K(241152K) Eden: 162816K(162816K)->0K(162816K) From: 1280K(75264K)->3296K(78336K)
[142.134s][info][gc,heap        ] GC(490) ParOldGen: 406115K(602624K)->407371K(602624K)
[142.134s][info][gc,metaspace   ] GC(490) Metaspace: 18264K(18432K)->18264K(18432K) NonClass: 15605K(15680K)->15605K(15680K) Class: 2659K(2752K)->2659K(2752K)
[142.134s][info][gc             ] GC(490) Pause Young (Allocation Failure) 556M->401M(824M) 12.165ms
[142.134s][info][gc,cpu         ] GC(490) User=0.03s Sys=0.00s Real=0.01s
[142.345s][info][gc,start       ] GC(491) Pause Young (Allocation Failure)
[142.351s][info][gc,heap        ] GC(491) PSYoungGen: 166112K(241152K)->3424K(244224K) Eden: 162816K(162816K)->0K(175616K) From: 3296K(78336K)->3424K(68608K)
[142.351s][info][gc,heap        ] GC(491) ParOldGen: 407371K(602624K)->407371K(602624K)
[142.351s][info][gc,metaspace   ] GC(491) Metaspace: 18264K(18432K)->18264K(18432K) NonClass: 15605K(15680K)->15605K(15680K) Class: 2659K(2752K)->2659K(2752K)
[142.351s][info][gc             ] GC(491) Pause Young (Allocation Failure) 560M->401M(827M) 6.371ms
[142.351s][info][gc,cpu         ] GC(491) User=0.01s Sys=0.00s Real=0.01s
[142.558s][info][gc,start       ] GC(492) Pause Young (Allocation Failure)
[142.600s][info][gc,heap        ] GC(492) PSYoungGen: 179040K(244224K)->44592K(248832K) Eden: 175616K(175616K)->0K(175616K) From: 3424K(68608K)->44592K(73216K)
[142.600s][info][gc,heap        ] GC(492) ParOldGen: 407371K(602624K)->407371K(602624K)
[142.600s][info][gc,metaspace   ] GC(492) Metaspace: 18265K(18432K)->18265K(18432K) NonClass: 15606K(15680K)->15606K(15680K) Class: 2659K(2752K)->2659K(2752K)
[142.600s][info][gc             ] GC(492) Pause Young (Allocation Failure) 572M->441M(831M) 42.521ms
[142.600s][info][gc,cpu         ] GC(492) User=0.08s Sys=0.00s Real=0.04s
[142.853s][info][gc,start       ] GC(493) Pause Young (Allocation Failure)
[142.949s][info][gc,heap        ] GC(493) PSYoungGen: 220208K(248832K)->77280K(211456K) Eden: 175616K(175616K)->0K(134144K) From: 44592K(73216K)->77280K(77312K)
[142.949s][info][gc,heap        ] GC(493) ParOldGen: 407371K(602624K)->427335K(602624K)
[142.949s][info][gc,metaspace   ] GC(493) Metaspace: 18271K(18496K)->18271K(18496K) NonClass: 15612K(15744K)->15612K(15744K) Class: 2659K(2752K)->2659K(2752K)
[142.949s][info][gc             ] GC(493) Pause Young (Allocation Failure) 612M->492M(795M) 96.045ms
[142.949s][info][gc,cpu         ] GC(493) User=0.17s Sys=0.02s Real=0.10s
[143.055s][info][gc,start       ] GC(494) Pause Young (Allocation Failure)
[143.130s][info][gc,heap        ] GC(494) PSYoungGen: 211424K(211456K)->81488K(216064K) Eden: 134144K(134144K)->0K(134144K) From: 77280K(77312K)->81488K(81920K)
[143.130s][info][gc,heap        ] GC(494) ParOldGen: 427335K(602624K)->430743K(602624K)
[143.130s][info][gc,metaspace   ] GC(494) Metaspace: 18271K(18496K)->18271K(18496K) NonClass: 15612K(15744K)->15612K(15744K) Class: 2659K(2752K)->2659K(2752K)
[143.130s][info][gc             ] GC(494) Pause Young (Allocation Failure) 623M->500M(799M) 75.081ms
[143.131s][info][gc,cpu         ] GC(494) User=0.15s Sys=0.00s Real=0.08s
[143.281s][info][gc,start       ] GC(495) Pause Young (Allocation Failure)
[143.357s][info][gc,heap        ] GC(495) PSYoungGen: 215632K(216064K)->8960K(225280K) Eden: 134144K(134144K)->0K(114176K) From: 81488K(81920K)->8960K(111104K)
[143.357s][info][gc,heap        ] GC(495) ParOldGen: 430743K(602624K)->505107K(602624K)
[143.357s][info][gc,metaspace   ] GC(495) Metaspace: 18271K(18496K)->18271K(18496K) NonClass: 15612K(15744K)->15612K(15744K) Class: 2659K(2752K)->2659K(2752K)
[143.358s][info][gc             ] GC(495) Pause Young (Allocation Failure) 631M->502M(808M) 76.456ms
[143.358s][info][gc,cpu         ] GC(495) User=0.15s Sys=0.00s Real=0.08s
[143.498s][info][gc,start       ] GC(496) Pause Young (Allocation Failure)
[143.510s][info][gc,heap        ] GC(496) PSYoungGen: 123136K(225280K)->256K(114688K) Eden: 114176K(114176K)->0K(114176K) From: 8960K(111104K)->256K(512K)
[143.510s][info][gc,heap        ] GC(496) ParOldGen: 505107K(602624K)->514051K(602624K)
[143.510s][info][gc,metaspace   ] GC(496) Metaspace: 18271K(18496K)->18271K(18496K) NonClass: 15612K(15744K)->15612K(15744K) Class: 2659K(2752K)->2659K(2752K)
[143.510s][info][gc             ] GC(496) Pause Young (Allocation Failure) 613M->502M(700M) 12.524ms
[143.510s][info][gc,cpu         ] GC(496) User=0.03s Sys=0.01s Real=0.01s
[143.718s][info][gc,start       ] GC(497) Pause Young (Allocation Failure)
[143.725s][info][gc,heap        ] GC(497) PSYoungGen: 114432K(114688K)->480K(223744K) Eden: 114176K(114176K)->0K(117248K) From: 256K(512K)->480K(106496K)
[143.725s][info][gc,heap        ] GC(497) ParOldGen: 514051K(602624K)->514267K(602624K)
[143.725s][info][gc,metaspace   ] GC(497) Metaspace: 18271K(18496K)->18271K(18496K) NonClass: 15612K(15744K)->15612K(15744K) Class: 2659K(2752K)->2659K(2752K)
[143.725s][info][gc             ] GC(497) Pause Young (Allocation Failure) 613M->502M(807M) 6.671ms
[143.725s][info][gc,cpu         ] GC(497) User=0.01s Sys=0.00s Real=0.00s
[143.858s][info][gc,start       ] GC(498) Pause Young (Allocation Failure)
[143.865s][info][gc,heap        ] GC(498) PSYoungGen: 117728K(223744K)->1760K(220672K) Eden: 117248K(117248K)->0K(117248K) From: 480K(106496K)->1760K(103424K)
[143.865s][info][gc,heap        ] GC(498) ParOldGen: 514267K(602624K)->514267K(602624K)
[143.865s][info][gc,metaspace   ] GC(498) Metaspace: 18272K(18496K)->18272K(18496K) NonClass: 15612K(15744K)->15612K(15744K) Class: 2659K(2752K)->2659K(2752K)
[143.865s][info][gc             ] GC(498) Pause Young (Allocation Failure) 617M->503M(804M) 6.642ms
[143.865s][info][gc,cpu         ] GC(498) User=0.01s Sys=0.00s Real=0.00s
[143.975s][info][gc,start       ] GC(499) Pause Young (Allocation Failure)
[143.983s][info][gc,heap        ] GC(499) PSYoungGen: 119008K(220672K)->2976K(220672K) Eden: 117248K(117248K)->0K(126464K) From: 1760K(103424K)->2976K(94208K)
[143.983s][info][gc,heap        ] GC(499) ParOldGen: 514267K(602624K)->514267K(602624K)
[143.983s][info][gc,metaspace   ] GC(499) Metaspace: 18272K(18496K)->18272K(18496K) NonClass: 15612K(15744K)->15612K(15744K) Class: 2659K(2752K)->2659K(2752K)
[143.983s][info][gc             ] GC(499) Pause Young (Allocation Failure) 618M->505M(804M) 8.384ms
[143.983s][info][gc,cpu         ] GC(499) User=0.01s Sys=0.00s Real=0.01s
[144.253s][info][gc,start       ] GC(500) Pause Young (Allocation Failure)
[144.287s][info][gc,heap        ] GC(500) PSYoungGen: 129440K(220672K)->17761K(222208K) Eden: 126464K(126464K)->0K(126464K) From: 2976K(94208K)->17761K(95744K)
[144.287s][info][gc,heap        ] GC(500) ParOldGen: 514267K(602624K)->514275K(602624K)
[144.287s][info][gc,metaspace   ] GC(500) Metaspace: 18278K(18496K)->18278K(18496K) NonClass: 15619K(15744K)->15619K(15744K) Class: 2659K(2752K)->2659K(2752K)
[144.287s][info][gc             ] GC(500) Pause Young (Allocation Failure) 628M->519M(805M) 34.723ms
[144.287s][info][gc,cpu         ] GC(500) User=0.06s Sys=0.00s Real=0.04s
[144.485s][info][gc,start       ] GC(501) Pause Young (Allocation Failure)
[144.537s][info][gc,heap        ] GC(501) PSYoungGen: 144225K(222208K)->38538K(224768K) Eden: 126464K(126464K)->0K(136192K) From: 17761K(95744K)->38538K(88576K)
[144.537s][info][gc,heap        ] GC(501) ParOldGen: 514275K(602624K)->514275K(602624K)
[144.537s][info][gc,metaspace   ] GC(501) Metaspace: 18278K(18496K)->18278K(18496K) NonClass: 15619K(15744K)->15619K(15744K) Class: 2659K(2752K)->2659K(2752K)
[144.537s][info][gc             ] GC(501) Pause Young (Allocation Failure) 643M->539M(808M) 51.602ms
[144.537s][info][gc,cpu         ] GC(501) User=0.10s Sys=0.00s Real=0.06s
[144.723s][info][gc,start       ] GC(502) Pause Young (Allocation Failure)
[144.788s][info][gc,heap        ] GC(502) PSYoungGen: 174730K(224768K)->53034K(224768K) Eden: 136192K(136192K)->0K(136192K) From: 38538K(88576K)->53034K(88576K)
[144.788s][info][gc,heap        ] GC(502) ParOldGen: 514275K(602624K)->514283K(602624K)
[144.788s][info][gc,metaspace   ] GC(502) Metaspace: 18287K(18496K)->18287K(18496K) NonClass: 15628K(15744K)->15628K(15744K) Class: 2659K(2752K)->2659K(2752K)
[144.788s][info][gc             ] GC(502) Pause Young (Allocation Failure) 672M->554M(808M) 65.317ms
[144.788s][info][gc,cpu         ] GC(502) User=0.13s Sys=0.00s Real=0.07s
[144.946s][info][gc,start       ] GC(503) Pause Young (Allocation Failure)
[145.014s][info][gc,heap        ] GC(503) PSYoungGen: 189226K(224768K)->55690K(231424K) Eden: 136192K(136192K)->0K(138240K) From: 53034K(88576K)->55690K(93184K)
[145.014s][info][gc,heap        ] GC(503) ParOldGen: 514283K(602624K)->514283K(602624K)
[145.014s][info][gc,metaspace   ] GC(503) Metaspace: 18290K(18496K)->18290K(18496K) NonClass: 15631K(15744K)->15631K(15744K) Class: 2659K(2752K)->2659K(2752K)
[145.014s][info][gc             ] GC(503) Pause Young (Allocation Failure) 687M->556M(814M) 67.693ms
[145.014s][info][gc,cpu         ] GC(503) User=0.13s Sys=0.00s Real=0.06s
[145.189s][info][gc,start       ] GC(504) Pause Young (Allocation Failure)
[145.259s][info][gc,heap        ] GC(504) PSYoungGen: 193930K(231424K)->57962K(196608K) Eden: 138240K(138240K)->0K(138240K) From: 55690K(93184K)->57962K(58368K)
[145.259s][info][gc,heap        ] GC(504) ParOldGen: 514283K(602624K)->514699K(602624K)
[145.259s][info][gc,metaspace   ] GC(504) Metaspace: 18293K(18496K)->18293K(18496K) NonClass: 15634K(15744K)->15634K(15744K) Class: 2659K(2752K)->2659K(2752K)
[145.259s][info][gc             ] GC(504) Pause Young (Allocation Failure) 691M->559M(780M) 70.327ms
[145.259s][info][gc,cpu         ] GC(504) User=0.14s Sys=0.00s Real=0.07s
[145.359s][info][gc,start       ] GC(505) Pause Young (Allocation Failure)
[145.430s][info][gc,heap        ] GC(505) PSYoungGen: 196202K(196608K)->55434K(228352K) Eden: 138240K(138240K)->0K(126976K) From: 57962K(58368K)->55434K(101376K)
[145.430s][info][gc,heap        ] GC(505) ParOldGen: 514699K(602624K)->517243K(602624K)
[145.430s][info][gc,metaspace   ] GC(505) Metaspace: 18293K(18496K)->18293K(18496K) NonClass: 15634K(15744K)->15634K(15744K) Class: 2659K(2752K)->2659K(2752K)
[145.430s][info][gc             ] GC(505) Pause Young (Allocation Failure) 694M->559M(811M) 70.644ms
[145.430s][info][gc,cpu         ] GC(505) User=0.14s Sys=0.00s Real=0.07s
[145.566s][info][gc,start       ] GC(506) Pause Young (Allocation Failure)
[145.639s][info][gc,heap        ] GC(506) PSYoungGen: 182410K(228352K)->24480K(151552K) Eden: 126976K(126976K)->0K(126976K) From: 55434K(101376K)->24480K(24576K)
[145.639s][info][gc,heap        ] GC(506) ParOldGen: 517243K(602624K)->552889K(602624K)
[145.639s][info][gc,metaspace   ] GC(506) Metaspace: 18293K(18496K)->18293K(18496K) NonClass: 15634K(15744K)->15634K(15744K) Class: 2659K(2752K)->2659K(2752K)
[145.639s][info][gc             ] GC(506) Pause Young (Allocation Failure) 683M->563M(736M) 72.869ms
[145.639s][info][gc,cpu         ] GC(506) User=0.14s Sys=0.00s Real=0.08s
[145.810s][info][gc,start       ] GC(507) Pause Young (Allocation Failure)
[145.846s][info][gc,heap        ] GC(507) PSYoungGen: 151456K(151552K)->10176K(229888K) Eden: 126976K(126976K)->0K(131584K) From: 24480K(24576K)->10176K(98304K)
[145.846s][info][gc,heap        ] GC(507) ParOldGen: 552889K(602624K)->570073K(602624K)
[145.846s][info][gc,metaspace   ] GC(507) Metaspace: 18297K(18496K)->18297K(18496K) NonClass: 15638K(15744K)->15638K(15744K) Class: 2659K(2752K)->2659K(2752K)
[145.846s][info][gc             ] GC(507) Pause Young (Allocation Failure) 687M->566M(813M) 35.577ms
[145.846s][info][gc,cpu         ] GC(507) User=0.07s Sys=0.01s Real=0.03s
[146.153s][info][gc,start       ] GC(508) Pause Young (Allocation Failure)
[146.167s][info][gc,heap        ] GC(508) PSYoungGen: 141760K(229888K)->7600K(227328K) Eden: 131584K(131584K)->0K(131584K) From: 10176K(98304K)->7600K(95744K)
[146.167s][info][gc,heap        ] GC(508) ParOldGen: 570073K(602624K)->572777K(602624K)
[146.167s][info][gc,metaspace   ] GC(508) Metaspace: 18298K(18496K)->18298K(18496K) NonClass: 15639K(15744K)->15639K(15744K) Class: 2659K(2752K)->2659K(2752K)
[146.167s][info][gc             ] GC(508) Pause Young (Allocation Failure) 695M->566M(810M) 13.695ms
[146.167s][info][gc,cpu         ] GC(508) User=0.03s Sys=0.00s Real=0.02s
[146.533s][info][gc,start       ] GC(509) Pause Young (Allocation Failure)
[146.542s][info][gc,heap        ] GC(509) PSYoungGen: 139184K(227328K)->3208K(234496K) Eden: 131584K(131584K)->0K(142336K) From: 7600K(95744K)->3208K(92160K)
[146.543s][info][gc,heap        ] GC(509) ParOldGen: 572777K(602624K)->577401K(602624K)
[146.543s][info][gc,metaspace   ] GC(509) Metaspace: 18302K(18496K)->18302K(18496K) NonClass: 15643K(15744K)->15643K(15744K) Class: 2659K(2752K)->2659K(2752K)
[146.543s][info][gc             ] GC(509) Pause Young (Allocation Failure) 695M->567M(817M) 9.885ms
[146.543s][info][gc,cpu         ] GC(509) User=0.02s Sys=0.00s Real=0.01s
[146.844s][info][gc,start       ] GC(510) Pause Young (Allocation Failure)
[146.869s][info][gc,heap        ] GC(510) PSYoungGen: 145544K(234496K)->24424K(232960K) Eden: 142336K(142336K)->0K(142336K) From: 3208K(92160K)->24424K(90624K)
[146.869s][info][gc,heap        ] GC(510) ParOldGen: 577401K(602624K)->577401K(602624K)
[146.869s][info][gc,metaspace   ] GC(510) Metaspace: 18302K(18496K)->18302K(18496K) NonClass: 15643K(15744K)->15643K(15744K) Class: 2659K(2752K)->2659K(2752K)
[146.869s][info][gc             ] GC(510) Pause Young (Allocation Failure) 706M->587M(816M) 25.494ms
[146.869s][info][gc,cpu         ] GC(510) User=0.05s Sys=0.00s Real=0.03s
[147.146s][info][gc,start       ] GC(511) Pause Young (Allocation Failure)
[147.176s][info][gc,heap        ] GC(511) PSYoungGen: 166760K(232960K)->24424K(230400K) Eden: 142336K(142336K)->0K(154112K) From: 24424K(90624K)->24424K(76288K)
[147.176s][info][gc,heap        ] GC(511) ParOldGen: 577401K(602624K)->577401K(602624K)
[147.176s][info][gc,metaspace   ] GC(511) Metaspace: 18302K(18496K)->18302K(18496K) NonClass: 15643K(15744K)->15643K(15744K) Class: 2659K(2752K)->2659K(2752K)
[147.176s][info][gc             ] GC(511) Pause Young (Allocation Failure) 726M->587M(813M) 30.578ms
[147.176s][info][gc,cpu         ] GC(511) User=0.06s Sys=0.00s Real=0.04s
[148.007s][info][gc,start       ] GC(512) Pause Young (Allocation Failure)
[148.033s][info][gc,heap        ] GC(512) PSYoungGen: 178536K(230400K)->24852K(232960K) Eden: 154112K(154112K)->0K(154112K) From: 24424K(76288K)->24852K(78848K)
[148.033s][info][gc,heap        ] GC(512) ParOldGen: 577401K(602624K)->577401K(602624K)
[148.033s][info][gc,metaspace   ] GC(512) Metaspace: 18302K(18496K)->18302K(18496K) NonClass: 15643K(15744K)->15643K(15744K) Class: 2659K(2752K)->2659K(2752K)
[148.033s][info][gc             ] GC(512) Pause Young (Allocation Failure) 738M->588M(816M) 26.178ms
[148.033s][info][gc,cpu         ] GC(512) User=0.05s Sys=0.00s Real=0.02s
[148.754s][info][gc,start       ] GC(513) Pause Young (Allocation Failure)
[148.783s][info][gc,heap        ] GC(513) PSYoungGen: 178964K(232960K)->25684K(227840K) Eden: 154112K(154112K)->0K(164352K) From: 24852K(78848K)->25684K(63488K)
[148.783s][info][gc,heap        ] GC(513) ParOldGen: 577401K(602624K)->577401K(602624K)
[148.783s][info][gc,metaspace   ] GC(513) Metaspace: 18304K(18496K)->18304K(18496K) NonClass: 15645K(15744K)->15645K(15744K) Class: 2659K(2752K)->2659K(2752K)
[148.783s][info][gc             ] GC(513) Pause Young (Allocation Failure) 738M->588M(811M) 28.657ms
[148.783s][info][gc,cpu         ] GC(513) User=0.06s Sys=0.00s Real=0.03s
[149.614s][info][gc,start       ] GC(514) Pause Young (Allocation Failure)
[149.643s][info][gc,heap        ] GC(514) PSYoungGen: 190036K(227840K)->26660K(233472K) Eden: 164352K(164352K)->0K(164352K) From: 25684K(63488K)->26660K(69120K)
[149.643s][info][gc,heap        ] GC(514) ParOldGen: 577401K(602624K)->577409K(602624K)
[149.643s][info][gc,metaspace   ] GC(514) Metaspace: 18338K(18496K)->18338K(18496K) NonClass: 15679K(15744K)->15679K(15744K) Class: 2659K(2752K)->2659K(2752K)
[149.643s][info][gc             ] GC(514) Pause Young (Allocation Failure) 749M->589M(816M) 28.325ms
[149.643s][info][gc,cpu         ] GC(514) User=0.05s Sys=0.00s Real=0.03s
[150.036s][info][gc,start       ] GC(515) Pause Young (Allocation Failure)
[150.064s][info][gc,heap        ] GC(515) PSYoungGen: 190938K(233472K)->26998K(232448K) Eden: 164278K(164352K)->0K(173568K) From: 26660K(69120K)->26998K(58880K)
[150.064s][info][gc,heap        ] GC(515) ParOldGen: 577409K(602624K)->577417K(602624K)
[150.064s][info][gc,metaspace   ] GC(515) Metaspace: 18437K(18688K)->18437K(18688K) NonClass: 15778K(15936K)->15778K(15936K) Class: 2659K(2752K)->2659K(2752K)
[150.064s][info][gc             ] GC(515) Pause Young (Allocation Failure) 750M->590M(815M) 28.128ms
[150.064s][info][gc,cpu         ] GC(515) User=0.05s Sys=0.00s Real=0.03s
[150.339s][info][gc,start       ] GC(516) Pause Young (Allocation Failure)
[150.391s][info][gc,heap        ] GC(516) PSYoungGen: 200566K(232448K)->57437K(235520K) Eden: 173568K(173568K)->0K(173568K) From: 26998K(58880K)->57437K(61952K)
[150.391s][info][gc,heap        ] GC(516) ParOldGen: 577417K(602624K)->577425K(602624K)
[150.391s][info][gc,metaspace   ] GC(516) Metaspace: 18441K(18688K)->18441K(18688K) NonClass: 15782K(15936K)->15782K(15936K) Class: 2659K(2752K)->2659K(2752K)
[150.391s][info][gc             ] GC(516) Pause Young (Allocation Failure) 759M->619M(818M) 52.116ms
[150.391s][info][gc,cpu         ] GC(516) User=0.11s Sys=0.00s Real=0.05s
[150.539s][info][gc,start       ] GC(517) Pause Young (Allocation Failure)
[150.681s][info][gc,heap        ] GC(517) PSYoungGen: 231005K(235520K)->69629K(196608K) Eden: 173568K(173568K)->0K(126976K) From: 57437K(61952K)->69629K(69632K)
[150.681s][info][gc,heap        ] GC(517) ParOldGen: 577425K(602624K)->638129K(638464K)
[150.681s][info][gc,metaspace   ] GC(517) Metaspace: 18471K(18688K)->18471K(18688K) NonClass: 15812K(15936K)->15812K(15936K) Class: 2659K(2752K)->2659K(2752K)
[150.681s][info][gc             ] GC(517) Pause Young (Allocation Failure) 789M->691M(815M) 141.388ms
[150.681s][info][gc,cpu         ] GC(517) User=0.24s Sys=0.04s Real=0.14s
[150.854s][info][gc,start       ] GC(518) Pause Full (Allocation Failure)
[150.854s][info][gc,phases,start] GC(518) Marking Phase
[150.957s][info][gc,phases      ] GC(518) Marking Phase 102.611ms
[150.957s][info][gc,phases,start] GC(518) Summary Phase
[150.957s][info][gc,phases      ] GC(518) Summary Phase 0.026ms
[150.957s][info][gc,phases,start] GC(518) Forward
[150.997s][info][gc,phases      ] GC(518) Forward 40.231ms
[150.997s][info][gc,phases,start] GC(518) Adjust Pointers
[151.066s][info][gc,phases      ] GC(518) Adjust Pointers 68.613ms
[151.066s][info][gc,phases,start] GC(518) Compaction Phase
[151.111s][info][gc,phases      ] GC(518) Compaction Phase 44.943ms
[151.111s][info][gc,phases,start] GC(518) Post Compact
[151.114s][info][gc,phases      ] GC(518) Post Compact 2.369ms
[151.124s][info][gc,heap        ] GC(518) PSYoungGen: 196605K(196608K)->0K(230400K) Eden: 126976K(126976K)->0K(126976K) From: 69629K(69632K)->0K(103424K)
[151.124s][info][gc,heap        ] GC(518) ParOldGen: 638129K(638464K)->173732K(508928K)
[151.124s][info][gc,metaspace   ] GC(518) Metaspace: 18471K(18688K)->18471K(18688K) NonClass: 15812K(15936K)->15812K(15936K) Class: 2659K(2752K)->2659K(2752K)
[151.124s][info][gc             ] GC(518) Pause Full (Allocation Failure) 815M->169M(722M) 270.065ms
[151.124s][info][gc,cpu         ] GC(518) User=0.47s Sys=0.02s Real=0.27s
[151.436s][info][gc,start       ] GC(519) Pause Young (Allocation Failure)
[151.491s][info][gc,heap        ] GC(519) PSYoungGen: 126976K(230400K)->41460K(219136K) Eden: 126976K(126976K)->0K(126976K) From: 0K(103424K)->41460K(92160K)
[151.491s][info][gc,heap        ] GC(519) ParOldGen: 173732K(508928K)->173740K(508928K)
[151.491s][info][gc,metaspace   ] GC(519) Metaspace: 18519K(18752K)->18519K(18752K) NonClass: 15860K(16000K)->15860K(16000K) Class: 2659K(2752K)->2659K(2752K)
[151.491s][info][gc             ] GC(519) Pause Young (Allocation Failure) 293M->210M(711M) 55.145ms
[151.491s][info][gc,cpu         ] GC(519) User=0.11s Sys=0.00s Real=0.06s
[151.624s][info][gc,start       ] GC(520) Pause Young (Allocation Failure)
[151.707s][info][gc,heap        ] GC(520) PSYoungGen: 168436K(219136K)->69129K(224768K) Eden: 126976K(126976K)->0K(126976K) From: 41460K(92160K)->69129K(97792K)
[151.707s][info][gc,heap        ] GC(520) ParOldGen: 173740K(508928K)->173740K(508928K)
[151.707s][info][gc,metaspace   ] GC(520) Metaspace: 18519K(18752K)->18519K(18752K) NonClass: 15860K(16000K)->15860K(16000K) Class: 2659K(2752K)->2659K(2752K)
[151.707s][info][gc             ] GC(520) Pause Young (Allocation Failure) 334M->237M(716M) 82.204ms
[151.707s][info][gc,cpu         ] GC(520) User=0.17s Sys=0.00s Real=0.09s
[151.799s][info][gc,start       ] GC(521) Pause Young (Allocation Failure)
[151.887s][info][gc,heap        ] GC(521) PSYoungGen: 196105K(224768K)->75817K(217600K) Eden: 126976K(126976K)->0K(114688K) From: 69129K(97792K)->75817K(102912K)
[151.887s][info][gc,heap        ] GC(521) ParOldGen: 173740K(508928K)->173740K(508928K)
[151.887s][info][gc,metaspace   ] GC(521) Metaspace: 18519K(18752K)->18519K(18752K) NonClass: 15860K(16000K)->15860K(16000K) Class: 2659K(2752K)->2659K(2752K)
[151.887s][info][gc             ] GC(521) Pause Young (Allocation Failure) 361M->243M(709M) 87.910ms
[151.887s][info][gc,cpu         ] GC(521) User=0.17s Sys=0.00s Real=0.09s
[151.992s][info][gc,start       ] GC(522) Pause Young (Allocation Failure)
[152.087s][info][gc,heap        ] GC(522) PSYoungGen: 190505K(217600K)->82697K(197632K) Eden: 114688K(114688K)->0K(114688K) From: 75817K(102912K)->82697K(82944K)
[152.087s][info][gc,heap        ] GC(522) ParOldGen: 173740K(508928K)->173740K(508928K)
[152.087s][info][gc,metaspace   ] GC(522) Metaspace: 18521K(18752K)->18521K(18752K) NonClass: 15862K(16000K)->15862K(16000K) Class: 2659K(2752K)->2659K(2752K)
[152.087s][info][gc             ] GC(522) Pause Young (Allocation Failure) 355M->250M(690M) 94.828ms
[152.087s][info][gc,cpu         ] GC(522) User=0.19s Sys=0.00s Real=0.10s
[152.184s][info][gc,start       ] GC(523) Pause Young (Allocation Failure)
[152.286s][info][gc,heap        ] GC(523) PSYoungGen: 197385K(197632K)->88681K(222720K) Eden: 114688K(114688K)->0K(111616K) From: 82697K(82944K)->88681K(111104K)
[152.286s][info][gc,heap        ] GC(523) ParOldGen: 173740K(508928K)->173740K(508928K)
[152.286s][info][gc,metaspace   ] GC(523) Metaspace: 18521K(18752K)->18521K(18752K) NonClass: 15862K(16000K)->15862K(16000K) Class: 2659K(2752K)->2659K(2752K)
[152.286s][info][gc             ] GC(523) Pause Young (Allocation Failure) 362M->256M(714M) 101.552ms
[152.286s][info][gc,cpu         ] GC(523) User=0.21s Sys=0.00s Real=0.10s
[152.389s][info][gc,start       ] GC(524) Pause Young (Allocation Failure)
[152.489s][info][gc,heap        ] GC(524) PSYoungGen: 200297K(222720K)->88755K(222720K) Eden: 111616K(111616K)->0K(111616K) From: 88681K(111104K)->88755K(111104K)
[152.489s][info][gc,heap        ] GC(524) ParOldGen: 173740K(508928K)->173740K(508928K)
[152.489s][info][gc,metaspace   ] GC(524) Metaspace: 18521K(18752K)->18521K(18752K) NonClass: 15862K(16000K)->15862K(16000K) Class: 2659K(2752K)->2659K(2752K)
[152.489s][info][gc             ] GC(524) Pause Young (Allocation Failure) 365M->256M(714M) 100.190ms
[152.489s][info][gc,cpu         ] GC(524) User=0.20s Sys=0.00s Real=0.10s
[152.599s][info][gc,start       ] GC(525) Pause Young (Allocation Failure)
[152.711s][info][gc,heap        ] GC(525) PSYoungGen: 200371K(222720K)->21760K(222720K) Eden: 111616K(111616K)->0K(111616K) From: 88755K(111104K)->21760K(111104K)
[152.711s][info][gc,heap        ] GC(525) ParOldGen: 173740K(508928K)->243104K(508928K)
[152.711s][info][gc,metaspace   ] GC(525) Metaspace: 18521K(18752K)->18521K(18752K) NonClass: 15862K(16000K)->15862K(16000K) Class: 2659K(2752K)->2659K(2752K)
[152.711s][info][gc             ] GC(525) Pause Young (Allocation Failure) 365M->258M(714M) 112.035ms
[152.711s][info][gc,cpu         ] GC(525) User=0.22s Sys=0.00s Real=0.11s
[152.779s][info][gc,start       ] GC(526) Pause Young (Allocation Failure)
[152.820s][info][gc,heap        ] GC(526) PSYoungGen: 133376K(222720K)->28384K(222720K) Eden: 111616K(111616K)->0K(111616K) From: 21760K(111104K)->28384K(111104K)
[152.820s][info][gc,heap        ] GC(526) ParOldGen: 243104K(508928K)->256672K(508928K)
[152.820s][info][gc,metaspace   ] GC(526) Metaspace: 18521K(18752K)->18521K(18752K) NonClass: 15862K(16000K)->15862K(16000K) Class: 2659K(2752K)->2659K(2752K)
[152.820s][info][gc             ] GC(526) Pause Young (Allocation Failure) 367M->278M(714M) 41.084ms
[152.820s][info][gc,cpu         ] GC(526) User=0.08s Sys=0.00s Real=0.04s
[152.903s][info][gc,start       ] GC(527) Pause Young (Allocation Failure)
[152.959s][info][gc,heap        ] GC(527) PSYoungGen: 140000K(222720K)->53824K(222720K) Eden: 111616K(111616K)->0K(111616K) From: 28384K(111104K)->53824K(111104K)
[152.959s][info][gc,heap        ] GC(527) ParOldGen: 256672K(508928K)->262816K(508928K)
[152.959s][info][gc,metaspace   ] GC(527) Metaspace: 18521K(18752K)->18521K(18752K) NonClass: 15862K(16000K)->15862K(16000K) Class: 2659K(2752K)->2659K(2752K)
[152.959s][info][gc             ] GC(527) Pause Young (Allocation Failure) 387M->309M(714M) 55.946ms
[152.959s][info][gc,cpu         ] GC(527) User=0.11s Sys=0.00s Real=0.06s
[153.100s][info][gc,start       ] GC(528) Pause Young (Allocation Failure)
[153.164s][info][gc,heap        ] GC(528) PSYoungGen: 165440K(222720K)->46835K(222720K) Eden: 111616K(111616K)->0K(111616K) From: 53824K(111104K)->46835K(111104K)
[153.164s][info][gc,heap        ] GC(528) ParOldGen: 262816K(508928K)->285112K(508928K)
[153.164s][info][gc,metaspace   ] GC(528) Metaspace: 18521K(18752K)->18521K(18752K) NonClass: 15862K(16000K)->15862K(16000K) Class: 2659K(2752K)->2659K(2752K)
[153.164s][info][gc             ] GC(528) Pause Young (Allocation Failure) 418M->324M(714M) 64.866ms
[153.165s][info][gc,cpu         ] GC(528) User=0.12s Sys=0.00s Real=0.06s
[153.234s][info][gc,start       ] GC(529) Pause Young (Allocation Failure)
[153.284s][info][gc,heap        ] GC(529) PSYoungGen: 158451K(222720K)->7648K(222720K) Eden: 111616K(111616K)->0K(111616K) From: 46835K(111104K)->7648K(111104K)
[153.284s][info][gc,heap        ] GC(529) ParOldGen: 285112K(508928K)->332175K(508928K)
[153.284s][info][gc,metaspace   ] GC(529) Metaspace: 18521K(18752K)->18521K(18752K) NonClass: 15862K(16000K)->15862K(16000K) Class: 2659K(2752K)->2659K(2752K)
[153.284s][info][gc             ] GC(529) Pause Young (Allocation Failure) 433M->331M(714M) 50.113ms
[153.284s][info][gc,cpu         ] GC(529) User=0.10s Sys=0.00s Real=0.05s
[153.396s][info][gc,start       ] GC(530) Pause Young (Allocation Failure)
[153.409s][info][gc,heap        ] GC(530) PSYoungGen: 119264K(222720K)->3296K(222720K) Eden: 111616K(111616K)->0K(111616K) From: 7648K(111104K)->3296K(111104K)
[153.409s][info][gc,heap        ] GC(530) ParOldGen: 332175K(508928K)->339807K(508928K)
[153.409s][info][gc,metaspace   ] GC(530) Metaspace: 18521K(18752K)->18521K(18752K) NonClass: 15862K(16000K)->15862K(16000K) Class: 2659K(2752K)->2659K(2752K)
[153.409s][info][gc             ] GC(530) Pause Young (Allocation Failure) 440M->335M(714M) 12.622ms
[153.409s][info][gc,cpu         ] GC(530) User=0.03s Sys=0.00s Real=0.01s
[153.537s][info][gc,start       ] GC(531) Pause Young (Allocation Failure)
[153.544s][info][gc,heap        ] GC(531) PSYoungGen: 114912K(222720K)->1504K(222720K) Eden: 111616K(111616K)->0K(111616K) From: 3296K(111104K)->1504K(111104K)
[153.544s][info][gc,heap        ] GC(531) ParOldGen: 339807K(508928K)->343055K(508928K)
[153.544s][info][gc,metaspace   ] GC(531) Metaspace: 18521K(18752K)->18521K(18752K) NonClass: 15862K(16000K)->15862K(16000K) Class: 2659K(2752K)->2659K(2752K)
[153.544s][info][gc             ] GC(531) Pause Young (Allocation Failure) 444M->336M(714M) 7.314ms
[153.544s][info][gc,cpu         ] GC(531) User=0.01s Sys=0.00s Real=0.00s
[153.917s][info][gc,start       ] GC(532) Pause Young (Allocation Failure)
[153.921s][info][gc,heap        ] GC(532) PSYoungGen: 113120K(222720K)->416K(222720K) Eden: 111616K(111616K)->0K(111616K) From: 1504K(111104K)->416K(111104K)
[153.921s][info][gc,heap        ] GC(532) ParOldGen: 343055K(508928K)->344543K(508928K)
[153.921s][info][gc,metaspace   ] GC(532) Metaspace: 18521K(18752K)->18521K(18752K) NonClass: 15862K(16000K)->15862K(16000K) Class: 2659K(2752K)->2659K(2752K)
[153.921s][info][gc             ] GC(532) Pause Young (Allocation Failure) 445M->336M(714M) 4.269ms
[153.921s][info][gc,cpu         ] GC(532) User=0.01s Sys=0.00s Real=0.00s
[154.129s][info][gc,start       ] GC(533) Pause Young (Allocation Failure)
[154.155s][info][gc,heap        ] GC(533) PSYoungGen: 112032K(222720K)->24192K(214528K) Eden: 111616K(111616K)->0K(111616K) From: 416K(111104K)->24192K(102912K)
[154.155s][info][gc,heap        ] GC(533) ParOldGen: 344543K(508928K)->344788K(508928K)
[154.155s][info][gc,metaspace   ] GC(533) Metaspace: 18521K(18752K)->18521K(18752K) NonClass: 15862K(16000K)->15862K(16000K) Class: 2659K(2752K)->2659K(2752K)
[154.155s][info][gc             ] GC(533) Pause Young (Allocation Failure) 445M->360M(706M) 25.590ms
[154.155s][info][gc,cpu         ] GC(533) User=0.05s Sys=0.00s Real=0.02s
[154.267s][info][gc,start       ] GC(534) Pause Young (Allocation Failure)
[154.322s][info][gc,heap        ] GC(534) PSYoungGen: 135808K(214528K)->38400K(218624K) Eden: 111616K(111616K)->0K(111616K) From: 24192K(102912K)->38400K(107008K)
[154.322s][info][gc,heap        ] GC(534) ParOldGen: 344788K(508928K)->369017K(508928K)
[154.322s][info][gc,metaspace   ] GC(534) Metaspace: 18522K(18752K)->18522K(18752K) NonClass: 15863K(16000K)->15863K(16000K) Class: 2659K(2752K)->2659K(2752K)
[154.322s][info][gc             ] GC(534) Pause Young (Allocation Failure) 469M->397M(710M) 54.992ms
[154.322s][info][gc,cpu         ] GC(534) User=0.10s Sys=0.01s Real=0.05s
[154.466s][info][gc,start       ] GC(535) Pause Young (Allocation Failure)
[154.514s][info][gc,heap        ] GC(535) PSYoungGen: 150016K(218624K)->15072K(220672K) Eden: 111616K(111616K)->0K(124928K) From: 38400K(107008K)->15072K(95744K)
[154.514s][info][gc,heap        ] GC(535) ParOldGen: 369017K(508928K)->407698K(508928K)
[154.514s][info][gc,metaspace   ] GC(535) Metaspace: 18523K(18752K)->18523K(18752K) NonClass: 15864K(16000K)->15864K(16000K) Class: 2659K(2752K)->2659K(2752K)
[154.514s][info][gc             ] GC(535) Pause Young (Allocation Failure) 506M->412M(712M) 48.176ms
[154.514s][info][gc,cpu         ] GC(535) User=0.09s Sys=0.00s Real=0.05s
[154.636s][info][gc,start       ] GC(536) Pause Young (Allocation Failure)
[154.662s][info][gc,heap        ] GC(536) PSYoungGen: 140000K(220672K)->3584K(223232K) Eden: 124928K(124928K)->0K(124928K) From: 15072K(95744K)->3584K(98304K)
[154.662s][info][gc,heap        ] GC(536) ParOldGen: 407698K(508928K)->422762K(508928K)
[154.662s][info][gc,metaspace   ] GC(536) Metaspace: 18523K(18752K)->18523K(18752K) NonClass: 15864K(16000K)->15864K(16000K) Class: 2659K(2752K)->2659K(2752K)
[154.662s][info][gc             ] GC(536) Pause Young (Allocation Failure) 534M->416M(715M) 26.230ms
[154.662s][info][gc,cpu         ] GC(536) User=0.05s Sys=0.00s Real=0.03s
[154.800s][info][gc,start       ] GC(537) Pause Young (Allocation Failure)
[154.808s][info][gc,heap        ] GC(537) PSYoungGen: 128512K(223232K)->1952K(229888K) Eden: 124928K(124928K)->0K(138752K) From: 3584K(98304K)->1952K(91136K)
[154.808s][info][gc,heap        ] GC(537) ParOldGen: 422762K(508928K)->426306K(508928K)
[154.808s][info][gc,metaspace   ] GC(537) Metaspace: 18523K(18752K)->18523K(18752K) NonClass: 15864K(16000K)->15864K(16000K) Class: 2659K(2752K)->2659K(2752K)
[154.808s][info][gc             ] GC(537) Pause Young (Allocation Failure) 538M->418M(721M) 8.121ms
[154.808s][info][gc,cpu         ] GC(537) User=0.02s Sys=0.00s Real=0.01s
[155.136s][info][gc,start       ] GC(538) Pause Young (Allocation Failure)
[155.141s][info][gc,heap        ] GC(538) PSYoungGen: 140704K(229888K)->288K(232960K) Eden: 138752K(138752K)->0K(138752K) From: 1952K(91136K)->288K(94208K)
[155.141s][info][gc,heap        ] GC(538) ParOldGen: 426306K(508928K)->428194K(508928K)
[155.141s][info][gc,metaspace   ] GC(538) Metaspace: 18523K(18752K)->18523K(18752K) NonClass: 15864K(16000K)->15864K(16000K) Class: 2659K(2752K)->2659K(2752K)
[155.141s][info][gc             ] GC(538) Pause Young (Allocation Failure) 553M->418M(724M) 4.979ms
[155.141s][info][gc,cpu         ] GC(538) User=0.01s Sys=0.00s Real=0.01s
[155.399s][info][gc,start       ] GC(539) Pause Young (Allocation Failure)
[155.433s][info][gc,heap        ] GC(539) PSYoungGen: 139040K(232960K)->35680K(233472K) Eden: 138752K(138752K)->0K(147456K) From: 288K(94208K)->35680K(86016K)
[155.433s][info][gc,heap        ] GC(539) ParOldGen: 428194K(508928K)->428194K(508928K)
[155.433s][info][gc,metaspace   ] GC(539) Metaspace: 18523K(18752K)->18523K(18752K) NonClass: 15864K(16000K)->15864K(16000K) Class: 2659K(2752K)->2659K(2752K)
[155.433s][info][gc             ] GC(539) Pause Young (Allocation Failure) 553M->453M(725M) 34.629ms
[155.433s][info][gc,cpu         ] GC(539) User=0.07s Sys=0.00s Real=0.03s
[155.509s][info][gc,start       ] GC(540) Pause Young (Allocation Failure)
[155.636s][info][gc,heap        ] GC(540) PSYoungGen: 183136K(233472K)->89600K(237056K) Eden: 147456K(147456K)->0K(147456K) From: 35680K(86016K)->89600K(89600K)
[155.636s][info][gc,heap        ] GC(540) ParOldGen: 428194K(508928K)->474859K(508928K)
[155.636s][info][gc,metaspace   ] GC(540) Metaspace: 18523K(18752K)->18523K(18752K) NonClass: 15864K(16000K)->15864K(16000K) Class: 2659K(2752K)->2659K(2752K)
[155.636s][info][gc             ] GC(540) Pause Young (Allocation Failure) 597M->551M(728M) 127.758ms
[155.636s][info][gc,cpu         ] GC(540) User=0.25s Sys=0.00s Real=0.13s
[155.790s][info][gc,start       ] GC(541) Pause Young (Allocation Failure)
[155.913s][info][gc,heap        ] GC(541) PSYoungGen: 237056K(237056K)->96748K(208384K) Eden: 147456K(147456K)->0K(111616K) From: 89600K(89600K)->96748K(96768K)
[155.913s][info][gc,heap        ] GC(541) ParOldGen: 474859K(508928K)->498464K(508928K)
[155.913s][info][gc,metaspace   ] GC(541) Metaspace: 18523K(18752K)->18523K(18752K) NonClass: 15864K(16000K)->15864K(16000K) Class: 2659K(2752K)->2659K(2752K)
[155.913s][info][gc             ] GC(541) Pause Young (Allocation Failure) 695M->581M(700M) 122.711ms
[155.913s][info][gc,cpu         ] GC(541) User=0.24s Sys=0.00s Real=0.12s
[155.984s][info][gc,start       ] GC(542) Pause Young (Allocation Failure)
[156.126s][info][gc,heap        ] GC(542) PSYoungGen: 208364K(208384K)->5492K(222720K) Eden: 111616K(111616K)->0K(111616K) From: 96748K(96768K)->5492K(111104K)
[156.126s][info][gc,heap        ] GC(542) ParOldGen: 498464K(508928K)->595530K(595968K)
[156.126s][info][gc,metaspace   ] GC(542) Metaspace: 18523K(18752K)->18523K(18752K) NonClass: 15864K(16000K)->15864K(16000K) Class: 2659K(2752K)->2659K(2752K)
[156.126s][info][gc             ] GC(542) Pause Young (Allocation Failure) 690M->586M(799M) 141.986ms
[156.126s][info][gc,cpu         ] GC(542) User=0.22s Sys=0.07s Real=0.15s
[156.214s][info][gc,start       ] GC(543) Pause Full (Allocation Failure)
[156.214s][info][gc,phases,start] GC(543) Marking Phase
[156.275s][info][gc,phases      ] GC(543) Marking Phase 60.712ms
[156.275s][info][gc,phases,start] GC(543) Summary Phase
[156.275s][info][gc,phases      ] GC(543) Summary Phase 0.025ms
[156.275s][info][gc,phases,start] GC(543) Forward
[156.297s][info][gc,phases      ] GC(543) Forward 22.273ms
[156.297s][info][gc,phases,start] GC(543) Adjust Pointers
[156.341s][info][gc,phases      ] GC(543) Adjust Pointers 43.823ms
[156.341s][info][gc,phases,start] GC(543) Compaction Phase
[156.364s][info][gc,phases      ] GC(543) Compaction Phase 22.899ms
[156.366s][info][gc,phases,start] GC(543) Post Compact
[156.368s][info][gc,phases      ] GC(543) Post Compact 2.044ms
[156.378s][info][gc,heap        ] GC(543) PSYoungGen: 117108K(222720K)->0K(222720K) Eden: 111616K(111616K)->0K(111616K) From: 5492K(111104K)->0K(111104K)
[156.378s][info][gc,heap        ] GC(543) ParOldGen: 595530K(595968K)->101210K(479744K)
[156.378s][info][gc,metaspace   ] GC(543) Metaspace: 18524K(18752K)->18524K(18752K) NonClass: 15865K(16000K)->15865K(16000K) Class: 2659K(2752K)->2659K(2752K)
[156.378s][info][gc             ] GC(543) Pause Full (Allocation Failure) 695M->98M(686M) 164.105ms
[156.378s][info][gc,cpu         ] GC(543) User=0.26s Sys=0.01s Real=0.17s
[156.490s][info][gc,start       ] GC(544) Pause Young (Allocation Failure)
[156.497s][info][gc,heap        ] GC(544) PSYoungGen: 111616K(222720K)->6176K(222720K) Eden: 111616K(111616K)->0K(111616K) From: 0K(111104K)->6176K(111104K)
[156.497s][info][gc,heap        ] GC(544) ParOldGen: 101210K(479744K)->101210K(479744K)
[156.497s][info][gc,metaspace   ] GC(544) Metaspace: 18524K(18752K)->18524K(18752K) NonClass: 15865K(16000K)->15865K(16000K) Class: 2659K(2752K)->2659K(2752K)
[156.498s][info][gc             ] GC(544) Pause Young (Allocation Failure) 207M->104M(686M) 7.498ms
[156.498s][info][gc,cpu         ] GC(544) User=0.01s Sys=0.00s Real=0.01s
[156.558s][info][gc,start       ] GC(545) Pause Young (Allocation Failure)
[156.595s][info][gc,heap        ] GC(545) PSYoungGen: 117792K(222720K)->41648K(222720K) Eden: 111616K(111616K)->0K(111616K) From: 6176K(111104K)->41648K(111104K)
[156.595s][info][gc,heap        ] GC(545) ParOldGen: 101210K(479744K)->107354K(479744K)
[156.595s][info][gc,metaspace   ] GC(545) Metaspace: 18524K(18752K)->18524K(18752K) NonClass: 15865K(16000K)->15865K(16000K) Class: 2659K(2752K)->2659K(2752K)
[156.595s][info][gc             ] GC(545) Pause Young (Allocation Failure) 213M->145M(686M) 37.232ms
[156.595s][info][gc,cpu         ] GC(545) User=0.07s Sys=0.00s Real=0.03s
[156.734s][info][gc,start       ] GC(546) Pause Young (Allocation Failure)
[156.778s][info][gc,heap        ] GC(546) PSYoungGen: 153264K(222720K)->24864K(222720K) Eden: 111616K(111616K)->0K(111616K) From: 41648K(111104K)->24864K(111104K)
[156.778s][info][gc,heap        ] GC(546) ParOldGen: 107354K(479744K)->149410K(479744K)
[156.778s][info][gc,metaspace   ] GC(546) Metaspace: 18524K(18752K)->18524K(18752K) NonClass: 15865K(16000K)->15865K(16000K) Class: 2659K(2752K)->2659K(2752K)
[156.778s][info][gc             ] GC(546) Pause Young (Allocation Failure) 254M->170M(686M) 44.040ms
[156.778s][info][gc,cpu         ] GC(546) User=0.08s Sys=0.01s Real=0.05s
[156.869s][info][gc,start       ] GC(547) Pause Young (Allocation Failure)
[156.891s][info][gc,heap        ] GC(547) PSYoungGen: 136480K(222720K)->2016K(222720K) Eden: 111616K(111616K)->0K(111616K) From: 24864K(111104K)->2016K(111104K)
[156.891s][info][gc,heap        ] GC(547) ParOldGen: 149410K(479744K)->174522K(479744K)
[156.891s][info][gc,metaspace   ] GC(547) Metaspace: 18524K(18752K)->18524K(18752K) NonClass: 15865K(16000K)->15865K(16000K) Class: 2659K(2752K)->2659K(2752K)
[156.891s][info][gc             ] GC(547) Pause Young (Allocation Failure) 279M->172M(686M) 21.844ms
[156.891s][info][gc,cpu         ] GC(547) User=0.05s Sys=0.00s Real=0.02s
[156.994s][info][gc,start       ] GC(548) Pause Young (Allocation Failure)
[157.057s][info][gc,heap        ] GC(548) PSYoungGen: 113632K(222720K)->56193K(222720K) Eden: 111616K(111616K)->0K(111616K) From: 2016K(111104K)->56193K(111104K)
[157.057s][info][gc,heap        ] GC(548) ParOldGen: 174522K(479744K)->176514K(479744K)
[157.057s][info][gc,metaspace   ] GC(548) Metaspace: 18524K(18752K)->18524K(18752K) NonClass: 15865K(16000K)->15865K(16000K) Class: 2659K(2752K)->2659K(2752K)
[157.057s][info][gc             ] GC(548) Pause Young (Allocation Failure) 281M->227M(686M) 62.632ms
[157.057s][info][gc,cpu         ] GC(548) User=0.13s Sys=0.00s Real=0.07s
[157.133s][info][gc,start       ] GC(549) Pause Young (Allocation Failure)
[157.230s][info][gc,heap        ] GC(549) PSYoungGen: 167809K(222720K)->39904K(222720K) Eden: 111616K(111616K)->0K(111616K) From: 56193K(111104K)->39904K(111104K)
[157.230s][info][gc,heap        ] GC(549) ParOldGen: 176514K(479744K)->232583K(479744K)
[157.230s][info][gc,metaspace   ] GC(549) Metaspace: 18524K(18752K)->18524K(18752K) NonClass: 15865K(16000K)->15865K(16000K) Class: 2659K(2752K)->2659K(2752K)
[157.230s][info][gc             ] GC(549) Pause Young (Allocation Failure) 336M->266M(686M) 96.889ms
[157.230s][info][gc,cpu         ] GC(549) User=0.19s Sys=0.00s Real=0.10s
[157.280s][info][gc,start       ] GC(550) Pause Young (Allocation Failure)
[157.346s][info][gc,heap        ] GC(550) PSYoungGen: 151520K(222720K)->43744K(155648K) Eden: 111616K(111616K)->0K(111616K) From: 39904K(111104K)->43744K(44032K)
[157.346s][info][gc,heap        ] GC(550) ParOldGen: 232583K(479744K)->272823K(479744K)
[157.346s][info][gc,metaspace   ] GC(550) Metaspace: 18524K(18752K)->18524K(18752K) NonClass: 15865K(16000K)->15865K(16000K) Class: 2659K(2752K)->2659K(2752K)
[157.346s][info][gc             ] GC(550) Pause Young (Allocation Failure) 375M->309M(620M) 65.788ms
[157.346s][info][gc,cpu         ] GC(550) User=0.13s Sys=0.00s Real=0.06s
[157.467s][info][gc,start       ] GC(551) Pause Young (Allocation Failure)
[157.521s][info][gc,heap        ] GC(551) PSYoungGen: 155360K(155648K)->18240K(224256K) Eden: 111616K(111616K)->0K(115712K) From: 43744K(44032K)->18240K(108544K)
[157.521s][info][gc,heap        ] GC(551) ParOldGen: 272823K(479744K)->316991K(479744K)
[157.521s][info][gc,metaspace   ] GC(551) Metaspace: 18527K(18752K)->18527K(18752K) NonClass: 15868K(16000K)->15868K(16000K) Class: 2659K(2752K)->2659K(2752K)
[157.521s][info][gc             ] GC(551) Pause Young (Allocation Failure) 418M->327M(687M) 53.548ms
[157.521s][info][gc,cpu         ] GC(551) User=0.10s Sys=0.00s Real=0.05s
[157.593s][info][gc,start       ] GC(552) Pause Young (Allocation Failure)
[157.625s][info][gc,heap        ] GC(552) PSYoungGen: 133952K(224256K)->10400K(220160K) Eden: 115712K(115712K)->0K(115712K) From: 18240K(108544K)->10400K(104448K)
[157.625s][info][gc,heap        ] GC(552) ParOldGen: 316991K(479744K)->335279K(479744K)
[157.625s][info][gc,metaspace   ] GC(552) Metaspace: 18528K(18752K)->18528K(18752K) NonClass: 15869K(16000K)->15869K(16000K) Class: 2659K(2752K)->2659K(2752K)
[157.626s][info][gc             ] GC(552) Pause Young (Allocation Failure) 440M->337M(683M) 32.651ms
[157.626s][info][gc,cpu         ] GC(552) User=0.07s Sys=0.00s Real=0.03s
[157.700s][info][gc,start       ] GC(553) Pause Young (Allocation Failure)
[157.723s][info][gc,heap        ] GC(553) PSYoungGen: 126112K(220160K)->1720K(224768K) Eden: 115712K(115712K)->0K(122880K) From: 10400K(104448K)->1720K(101888K)
[157.723s][info][gc,heap        ] GC(553) ParOldGen: 335279K(479744K)->345687K(479744K)
[157.723s][info][gc,metaspace   ] GC(553) Metaspace: 18529K(18752K)->18529K(18752K) NonClass: 15870K(16000K)->15870K(16000K) Class: 2659K(2752K)->2659K(2752K)
[157.723s][info][gc             ] GC(553) Pause Young (Allocation Failure) 450M->339M(688M) 22.957ms
[157.723s][info][gc,cpu         ] GC(553) User=0.04s Sys=0.00s Real=0.02s
[157.833s][info][gc,start       ] GC(554) Pause Young (Allocation Failure)
[157.864s][info][gc,heap        ] GC(554) PSYoungGen: 124600K(224768K)->16705K(222720K) Eden: 122880K(122880K)->0K(122880K) From: 1720K(101888K)->16705K(99840K)
[157.864s][info][gc,heap        ] GC(554) ParOldGen: 345687K(479744K)->347247K(479744K)
[157.864s][info][gc,metaspace   ] GC(554) Metaspace: 18530K(18752K)->18530K(18752K) NonClass: 15871K(16000K)->15871K(16000K) Class: 2659K(2752K)->2659K(2752K)
[157.864s][info][gc             ] GC(554) Pause Young (Allocation Failure) 459M->355M(686M) 31.150ms
[157.864s][info][gc,cpu         ] GC(554) User=0.06s Sys=0.00s Real=0.03s
[157.955s][info][gc,start       ] GC(555) Pause Young (Allocation Failure)
[157.999s][info][gc,heap        ] GC(555) PSYoungGen: 139585K(222720K)->18400K(228864K) Eden: 122880K(122880K)->0K(137216K) From: 16705K(99840K)->18400K(91648K)
[157.999s][info][gc,heap        ] GC(555) ParOldGen: 347247K(479744K)->363932K(479744K)
[157.999s][info][gc,metaspace   ] GC(555) Metaspace: 18530K(18752K)->18530K(18752K) NonClass: 15871K(16000K)->15871K(16000K) Class: 2659K(2752K)->2659K(2752K)
[157.999s][info][gc             ] GC(555) Pause Young (Allocation Failure) 475M->373M(692M) 44.297ms
[157.999s][info][gc,cpu         ] GC(555) User=0.09s Sys=0.00s Real=0.05s
[158.124s][info][gc,start       ] GC(556) Pause Young (Allocation Failure)
[158.163s][info][gc,heap        ] GC(556) PSYoungGen: 155616K(228864K)->20672K(227328K) Eden: 137216K(137216K)->0K(137216K) From: 18400K(91648K)->20672K(90112K)
[158.163s][info][gc,heap        ] GC(556) ParOldGen: 363932K(479744K)->382324K(479744K)
[158.163s][info][gc,metaspace   ] GC(556) Metaspace: 18530K(18752K)->18530K(18752K) NonClass: 15871K(16000K)->15871K(16000K) Class: 2659K(2752K)->2659K(2752K)
[158.163s][info][gc             ] GC(556) Pause Young (Allocation Failure) 507M->393M(690M) 39.909ms
[158.163s][info][gc,cpu         ] GC(556) User=0.08s Sys=0.00s Real=0.04s
[158.252s][info][gc,start       ] GC(557) Pause Young (Allocation Failure)
[158.285s][info][gc,heap        ] GC(557) PSYoungGen: 157888K(227328K)->11392K(238592K) Eden: 137216K(137216K)->0K(155648K) From: 20672K(90112K)->11392K(82944K)
[158.285s][info][gc,heap        ] GC(557) ParOldGen: 382324K(479744K)->403012K(479744K)
[158.285s][info][gc,metaspace   ] GC(557) Metaspace: 18530K(18752K)->18530K(18752K) NonClass: 15871K(16000K)->15871K(16000K) Class: 2659K(2752K)->2659K(2752K)
[158.285s][info][gc             ] GC(557) Pause Young (Allocation Failure) 527M->404M(701M) 33.040ms
[158.285s][info][gc,cpu         ] GC(557) User=0.07s Sys=0.00s Real=0.03s
[158.427s][info][gc,start       ] GC(558) Pause Young (Allocation Failure)
[158.451s][info][gc,heap        ] GC(558) PSYoungGen: 167040K(238592K)->7360K(237056K) Eden: 155648K(155648K)->0K(155648K) From: 11392K(82944K)->7360K(81408K)
[158.451s][info][gc,heap        ] GC(558) ParOldGen: 403012K(479744K)->414426K(479744K)
[158.451s][info][gc,metaspace   ] GC(558) Metaspace: 18530K(18752K)->18530K(18752K) NonClass: 15871K(16000K)->15871K(16000K) Class: 2659K(2752K)->2659K(2752K)
[158.451s][info][gc             ] GC(558) Pause Young (Allocation Failure) 556M->411M(700M) 24.512ms
[158.451s][info][gc,cpu         ] GC(558) User=0.04s Sys=0.00s Real=0.02s
[158.755s][info][gc,start       ] GC(559) Pause Young (Allocation Failure)
[158.775s][info][gc,heap        ] GC(559) PSYoungGen: 163008K(237056K)->10624K(248832K) Eden: 155648K(155648K)->0K(173056K) From: 7360K(81408K)->10624K(75776K)
[158.775s][info][gc,heap        ] GC(559) ParOldGen: 414426K(479744K)->421770K(479744K)
[158.775s][info][gc,metaspace   ] GC(559) Metaspace: 18530K(18752K)->18530K(18752K) NonClass: 15871K(16000K)->15871K(16000K) Class: 2659K(2752K)->2659K(2752K)
[158.775s][info][gc             ] GC(559) Pause Young (Allocation Failure) 563M->422M(711M) 20.834ms
[158.775s][info][gc,cpu         ] GC(559) User=0.04s Sys=0.00s Real=0.02s
[159.172s][info][gc,start       ] GC(560) Pause Young (Allocation Failure)
[159.199s][info][gc,heap        ] GC(560) PSYoungGen: 183680K(248832K)->13952K(248320K) Eden: 173056K(173056K)->0K(173056K) From: 10624K(75776K)->13952K(75264K)
[159.199s][info][gc,heap        ] GC(560) ParOldGen: 421770K(479744K)->432392K(479744K)
[159.199s][info][gc,metaspace   ] GC(560) Metaspace: 18533K(18752K)->18533K(18752K) NonClass: 15874K(16000K)->15874K(16000K) Class: 2659K(2752K)->2659K(2752K)
[159.199s][info][gc             ] GC(560) Pause Young (Allocation Failure) 591M->435M(711M) 26.863ms
[159.199s][info][gc,cpu         ] GC(560) User=0.05s Sys=0.00s Real=0.03s
[159.629s][info][gc,start       ] GC(561) Pause Young (Allocation Failure)
[159.645s][info][gc,heap        ] GC(561) PSYoungGen: 187008K(248320K)->128K(256000K) Eden: 173056K(173056K)->0K(184320K) From: 13952K(75264K)->128K(71680K)
[159.645s][info][gc,heap        ] GC(561) ParOldGen: 432392K(479744K)->446360K(479744K)
[159.645s][info][gc,metaspace   ] GC(561) Metaspace: 18533K(18752K)->18533K(18752K) NonClass: 15874K(16000K)->15874K(16000K) Class: 2659K(2752K)->2659K(2752K)
[159.645s][info][gc             ] GC(561) Pause Young (Allocation Failure) 604M->436M(718M) 15.948ms
[159.645s][info][gc,cpu         ] GC(561) User=0.03s Sys=0.00s Real=0.01s
[160.047s][info][gc,start       ] GC(562) Pause Young (Allocation Failure)
[160.049s][info][gc,heap        ] GC(562) PSYoungGen: 184448K(256000K)->64K(254464K) Eden: 184320K(184320K)->0K(184320K) From: 128K(71680K)->64K(70144K)
[160.049s][info][gc,heap        ] GC(562) ParOldGen: 446360K(479744K)->446448K(479744K)
[160.049s][info][gc,metaspace   ] GC(562) Metaspace: 18533K(18752K)->18533K(18752K) NonClass: 15874K(16000K)->15874K(16000K) Class: 2659K(2752K)->2659K(2752K)
[160.049s][info][gc             ] GC(562) Pause Young (Allocation Failure) 616M->436M(717M) 2.208ms
[160.049s][info][gc,cpu         ] GC(562) User=0.01s Sys=0.00s Real=0.00s
[160.391s][info][gc,start       ] GC(563) Pause Young (Allocation Failure)
[160.410s][info][gc,heap        ] GC(563) PSYoungGen: 184384K(254464K)->11766K(259072K) Eden: 184320K(184320K)->0K(195584K) From: 64K(70144K)->11766K(63488K)
[160.410s][info][gc,heap        ] GC(563) ParOldGen: 446448K(479744K)->446448K(479744K)
[160.410s][info][gc,metaspace   ] GC(563) Metaspace: 18533K(18752K)->18533K(18752K) NonClass: 15874K(16000K)->15874K(16000K) Class: 2659K(2752K)->2659K(2752K)
[160.410s][info][gc             ] GC(563) Pause Young (Allocation Failure) 616M->447M(721M) 19.575ms
[160.410s][info][gc,cpu         ] GC(563) User=0.03s Sys=0.00s Real=0.02s
[160.608s][info][gc,start       ] GC(564) Pause Young (Allocation Failure)
[160.676s][info][gc,heap        ] GC(564) PSYoungGen: 207350K(259072K)->63974K(259584K) Eden: 195584K(195584K)->0K(195584K) From: 11766K(63488K)->63974K(64000K)
[160.676s][info][gc,heap        ] GC(564) ParOldGen: 446448K(479744K)->457040K(479744K)
[160.676s][info][gc,metaspace   ] GC(564) Metaspace: 18533K(18752K)->18533K(18752K) NonClass: 15874K(16000K)->15874K(16000K) Class: 2659K(2752K)->2659K(2752K)
[160.676s][info][gc             ] GC(564) Pause Young (Allocation Failure) 638M->508M(722M) 68.202ms
[160.676s][info][gc,cpu         ] GC(564) User=0.13s Sys=0.00s Real=0.06s
[160.887s][info][gc,start       ] GC(565) Pause Young (Allocation Failure)
[160.961s][info][gc,heap        ] GC(565) PSYoungGen: 259558K(259584K)->67999K(224768K) Eden: 195584K(195584K)->0K(150528K) From: 63974K(64000K)->67999K(74240K)
[160.961s][info][gc,heap        ] GC(565) ParOldGen: 457040K(479744K)->468842K(479744K)
[160.961s][info][gc,metaspace   ] GC(565) Metaspace: 18533K(18752K)->18533K(18752K) NonClass: 15874K(16000K)->15874K(16000K) Class: 2659K(2752K)->2659K(2752K)
[160.961s][info][gc             ] GC(565) Pause Young (Allocation Failure) 699M->524M(688M) 74.118ms
[160.961s][info][gc,cpu         ] GC(565) User=0.14s Sys=0.01s Real=0.07s
[161.137s][info][gc,start       ] GC(566) Pause Young (Allocation Failure)
[161.258s][info][gc,heap        ] GC(566) PSYoungGen: 218527K(224768K)->29808K(242176K) Eden: 150528K(150528K)->0K(150528K) From: 67999K(74240K)->29808K(91648K)
[161.258s][info][gc,heap        ] GC(566) ParOldGen: 468842K(479744K)->536749K(537088K)
[161.258s][info][gc,metaspace   ] GC(566) Metaspace: 18537K(18752K)->18537K(18752K) NonClass: 15878K(16000K)->15878K(16000K) Class: 2659K(2752K)->2659K(2752K)
[161.258s][info][gc             ] GC(566) Pause Young (Allocation Failure) 671M->553M(761M) 120.528ms
[161.258s][info][gc,cpu         ] GC(566) User=0.21s Sys=0.03s Real=0.12s
[161.358s][info][gc,start       ] GC(567) Pause Young (Allocation Failure)
[161.437s][info][gc,heap        ] GC(567) PSYoungGen: 180336K(242176K)->39856K(233984K) Eden: 150528K(150528K)->0K(155648K) From: 29808K(91648K)->39856K(78336K)
[161.437s][info][gc,heap        ] GC(567) ParOldGen: 536749K(537088K)->566608K(566784K)
[161.437s][info][gc,metaspace   ] GC(567) Metaspace: 18537K(18752K)->18537K(18752K) NonClass: 15878K(16000K)->15878K(16000K) Class: 2659K(2752K)->2659K(2752K)
[161.437s][info][gc             ] GC(567) Pause Young (Allocation Failure) 700M->592M(782M) 78.631ms
[161.437s][info][gc,cpu         ] GC(567) User=0.13s Sys=0.02s Real=0.08s
[161.553s][info][gc,start       ] GC(568) Pause Young (Allocation Failure)
[161.618s][info][gc,heap        ] GC(568) PSYoungGen: 195504K(233984K)->17344K(240640K) Eden: 155648K(155648K)->0K(155648K) From: 39856K(78336K)->17344K(84992K)
[161.618s][info][gc,heap        ] GC(568) ParOldGen: 566608K(566784K)->606760K(607232K)
[161.618s][info][gc,metaspace   ] GC(568) Metaspace: 18537K(18752K)->18537K(18752K) NonClass: 15878K(16000K)->15878K(16000K) Class: 2659K(2752K)->2659K(2752K)
[161.618s][info][gc             ] GC(568) Pause Young (Allocation Failure) 744M->609M(828M) 64.983ms
[161.618s][info][gc,cpu         ] GC(568) User=0.10s Sys=0.03s Real=0.07s
[161.693s][info][gc,start       ] GC(569) Pause Full (Allocation Failure)
[161.693s][info][gc,phases,start] GC(569) Marking Phase
[161.937s][info][gc,phases      ] GC(569) Marking Phase 243.876ms
[161.937s][info][gc,phases,start] GC(569) Summary Phase
[161.937s][info][gc,phases      ] GC(569) Summary Phase 0.027ms
[161.937s][info][gc,phases,start] GC(569) Forward
[162.025s][info][gc,phases      ] GC(569) Forward 88.559ms
[162.025s][info][gc,phases,start] GC(569) Adjust Pointers
[162.217s][info][gc,phases      ] GC(569) Adjust Pointers 191.603ms
[162.217s][info][gc,phases,start] GC(569) Compaction Phase
[162.336s][info][gc,phases      ] GC(569) Compaction Phase 118.426ms
[162.342s][info][gc,phases,start] GC(569) Post Compact
[162.344s][info][gc,phases      ] GC(569) Post Compact 2.272ms
[162.344s][info][gc,heap        ] GC(569) PSYoungGen: 172992K(240640K)->0K(245760K) Eden: 155648K(155648K)->0K(167424K) From: 17344K(84992K)->0K(78336K)
[162.344s][info][gc,heap        ] GC(569) ParOldGen: 606760K(607232K)->361422K(667648K)
[162.344s][info][gc,metaspace   ] GC(569) Metaspace: 18537K(18752K)->18537K(18752K) NonClass: 15878K(16000K)->15878K(16000K) Class: 2659K(2752K)->2659K(2752K)
[162.344s][info][gc             ] GC(569) Pause Full (Allocation Failure) 761M->352M(892M) 651.697ms
[162.344s][info][gc,cpu         ] GC(569) User=1.23s Sys=0.00s Real=0.65s
[162.475s][info][gc,start       ] GC(570) Pause Young (Allocation Failure)
[162.495s][info][gc,heap        ] GC(570) PSYoungGen: 167424K(245760K)->9920K(248832K) Eden: 167424K(167424K)->0K(167424K) From: 0K(78336K)->9920K(81408K)
[162.495s][info][gc,heap        ] GC(570) ParOldGen: 361422K(667648K)->361422K(667648K)
[162.495s][info][gc,metaspace   ] GC(570) Metaspace: 18537K(18752K)->18537K(18752K) NonClass: 15878K(16000K)->15878K(16000K) Class: 2659K(2752K)->2659K(2752K)
[162.495s][info][gc             ] GC(570) Pause Young (Allocation Failure) 516M->362M(895M) 20.083ms
[162.495s][info][gc,cpu         ] GC(570) User=0.04s Sys=0.00s Real=0.02s
[162.613s][info][gc,start       ] GC(571) Pause Young (Allocation Failure)
[162.648s][info][gc,heap        ] GC(571) PSYoungGen: 177344K(248832K)->17376K(244736K) Eden: 167424K(167424K)->0K(173568K) From: 9920K(81408K)->17376K(71168K)
[162.648s][info][gc,heap        ] GC(571) ParOldGen: 361422K(667648K)->371342K(667648K)
[162.648s][info][gc,metaspace   ] GC(571) Metaspace: 18537K(18752K)->18537K(18752K) NonClass: 15878K(16000K)->15878K(16000K) Class: 2659K(2752K)->2659K(2752K)
[162.648s][info][gc             ] GC(571) Pause Young (Allocation Failure) 526M->379M(891M) 34.572ms
[162.648s][info][gc,cpu         ] GC(571) User=0.07s Sys=0.01s Real=0.04s
[162.807s][info][gc,start       ] GC(572) Pause Young (Allocation Failure)
[162.839s][info][gc,heap        ] GC(572) PSYoungGen: 190944K(244736K)->12320K(248832K) Eden: 173568K(173568K)->0K(173568K) From: 17376K(71168K)->12320K(75264K)
[162.839s][info][gc,heap        ] GC(572) ParOldGen: 371342K(667648K)->388750K(667648K)
[162.839s][info][gc,metaspace   ] GC(572) Metaspace: 18537K(18752K)->18537K(18752K) NonClass: 15878K(16000K)->15878K(16000K) Class: 2659K(2752K)->2659K(2752K)
[162.839s][info][gc             ] GC(572) Pause Young (Allocation Failure) 549M->391M(895M) 31.833ms
[162.839s][info][gc,cpu         ] GC(572) User=0.07s Sys=0.00s Real=0.03s
[163.145s][info][gc,start       ] GC(573) Pause Young (Allocation Failure)
[163.180s][info][gc,heap        ] GC(573) PSYoungGen: 185888K(248832K)->19584K(249344K) Eden: 173568K(173568K)->0K(186368K) From: 12320K(75264K)->19584K(62976K)
[163.180s][info][gc,heap        ] GC(573) ParOldGen: 388750K(667648K)->401100K(667648K)
[163.180s][info][gc,metaspace   ] GC(573) Metaspace: 18537K(18752K)->18537K(18752K) NonClass: 15878K(16000K)->15878K(16000K) Class: 2659K(2752K)->2659K(2752K)
[163.180s][info][gc             ] GC(573) Pause Young (Allocation Failure) 561M->410M(895M) 35.148ms
[163.180s][info][gc,cpu         ] GC(573) User=0.07s Sys=0.00s Real=0.04s
[163.593s][info][gc,start       ] GC(574) Pause Young (Allocation Failure)
[163.631s][info][gc,heap        ] GC(574) PSYoungGen: 205952K(249344K)->13952K(254464K) Eden: 186368K(186368K)->0K(186368K) From: 19584K(62976K)->13952K(68096K)
[163.631s][info][gc,heap        ] GC(574) ParOldGen: 401100K(667648K)->420692K(667648K)
[163.631s][info][gc,metaspace   ] GC(574) Metaspace: 18537K(18752K)->18537K(18752K) NonClass: 15878K(16000K)->15878K(16000K) Class: 2659K(2752K)->2659K(2752K)
[163.631s][info][gc             ] GC(574) Pause Young (Allocation Failure) 592M->424M(900M) 38.291ms
[163.632s][info][gc,cpu         ] GC(574) User=0.07s Sys=0.00s Real=0.04s
[163.892s][info][gc,start       ] GC(575) Pause Young (Allocation Failure)
[163.919s][info][gc,heap        ] GC(575) PSYoungGen: 200320K(254464K)->15200K(257536K) Eden: 186368K(186368K)->0K(200704K) From: 13952K(68096K)->15200K(56832K)
[163.919s][info][gc,heap        ] GC(575) ParOldGen: 420692K(667648K)->434636K(667648K)
[163.919s][info][gc,metaspace   ] GC(575) Metaspace: 18537K(18752K)->18537K(18752K) NonClass: 15878K(16000K)->15878K(16000K) Class: 2659K(2752K)->2659K(2752K)
[163.919s][info][gc             ] GC(575) Pause Young (Allocation Failure) 606M->439M(903M) 26.516ms
[163.919s][info][gc,cpu         ] GC(575) User=0.05s Sys=0.00s Real=0.03s
[164.083s][info][gc,start       ] GC(576) Pause Young (Allocation Failure)
[164.144s][info][gc,heap        ] GC(576) PSYoungGen: 215904K(257536K)->61952K(262656K) Eden: 200704K(200704K)->0K(200704K) From: 15200K(56832K)->61952K(61952K)
[164.144s][info][gc,heap        ] GC(576) ParOldGen: 434636K(667648K)->454532K(667648K)
[164.144s][info][gc,metaspace   ] GC(576) Metaspace: 18537K(18752K)->18537K(18752K) NonClass: 15878K(16000K)->15878K(16000K) Class: 2659K(2752K)->2659K(2752K)
[164.144s][info][gc             ] GC(576) Pause Young (Allocation Failure) 635M->504M(908M) 61.625ms
[164.144s][info][gc,cpu         ] GC(576) User=0.12s Sys=0.00s Real=0.06s
[164.442s][info][gc,start       ] GC(577) Pause Young (Allocation Failure)
[164.520s][info][gc,heap        ] GC(577) PSYoungGen: 262656K(262656K)->20744K(252416K) Eden: 200704K(200704K)->0K(181248K) From: 61952K(61952K)->20744K(71168K)
[164.520s][info][gc,heap        ] GC(577) ParOldGen: 454532K(667648K)->517241K(667648K)
[164.520s][info][gc,metaspace   ] GC(577) Metaspace: 18537K(18752K)->18537K(18752K) NonClass: 15878K(16000K)->15878K(16000K) Class: 2659K(2752K)->2659K(2752K)
[164.520s][info][gc             ] GC(577) Pause Young (Allocation Failure) 700M->525M(898M) 78.158ms
[164.520s][info][gc,cpu         ] GC(577) User=0.16s Sys=0.00s Real=0.08s
[164.738s][info][gc,start       ] GC(578) Pause Young (Allocation Failure)
[164.808s][info][gc,heap        ] GC(578) PSYoungGen: 201992K(252416K)->35424K(257536K) Eden: 181248K(181248K)->0K(181248K) From: 20744K(71168K)->35424K(76288K)
[164.808s][info][gc,heap        ] GC(578) ParOldGen: 517241K(667648K)->538015K(667648K)
[164.808s][info][gc,metaspace   ] GC(578) Metaspace: 18537K(18752K)->18537K(18752K) NonClass: 15878K(16000K)->15878K(16000K) Class: 2659K(2752K)->2659K(2752K)
[164.808s][info][gc             ] GC(578) Pause Young (Allocation Failure) 702M->559M(903M) 69.873ms
[164.808s][info][gc,cpu         ] GC(578) User=0.14s Sys=0.00s Real=0.07s
[164.975s][info][gc,start       ] GC(579) Pause Young (Allocation Failure)
[165.017s][info][gc,heap        ] GC(579) PSYoungGen: 216672K(257536K)->4576K(253952K) Eden: 181248K(181248K)->0K(182784K) From: 35424K(76288K)->4576K(71168K)
[165.017s][info][gc,heap        ] GC(579) ParOldGen: 538015K(667648K)->573471K(667648K)
[165.017s][info][gc,metaspace   ] GC(579) Metaspace: 18537K(18752K)->18537K(18752K) NonClass: 15878K(16000K)->15878K(16000K) Class: 2659K(2752K)->2659K(2752K)
[165.017s][info][gc             ] GC(579) Pause Young (Allocation Failure) 736M->564M(900M) 41.750ms
[165.017s][info][gc,cpu         ] GC(579) User=0.08s Sys=0.00s Real=0.05s
[165.232s][info][gc,start       ] GC(580) Pause Young (Allocation Failure)
[165.257s][info][gc,heap        ] GC(580) PSYoungGen: 187360K(253952K)->4096K(256512K) Eden: 182784K(182784K)->0K(182784K) From: 4576K(71168K)->4096K(73728K)
[165.257s][info][gc,heap        ] GC(580) ParOldGen: 573471K(667648K)->577999K(667648K)
[165.257s][info][gc,metaspace   ] GC(580) Metaspace: 18537K(18752K)->18537K(18752K) NonClass: 15878K(16000K)->15878K(16000K) Class: 2659K(2752K)->2659K(2752K)
[165.257s][info][gc             ] GC(580) Pause Young (Allocation Failure) 742M->568M(902M) 25.212ms
[165.257s][info][gc,cpu         ] GC(580) User=0.05s Sys=0.00s Real=0.03s
[165.475s][info][gc,start       ] GC(581) Pause Young (Allocation Failure)
[165.510s][info][gc,heap        ] GC(581) PSYoungGen: 186880K(256512K)->35202K(258048K) Eden: 182784K(182784K)->0K(187392K) From: 4096K(73728K)->35202K(70656K)
[165.510s][info][gc,heap        ] GC(581) ParOldGen: 577999K(667648K)->582063K(667648K)
[165.510s][info][gc,metaspace   ] GC(581) Metaspace: 18537K(18752K)->18537K(18752K) NonClass: 15878K(16000K)->15878K(16000K) Class: 2659K(2752K)->2659K(2752K)
[165.510s][info][gc             ] GC(581) Pause Young (Allocation Failure) 746M->602M(904M) 34.951ms
[165.510s][info][gc,cpu         ] GC(581) User=0.07s Sys=0.00s Real=0.04s
[165.597s][info][gc,start       ] GC(582) Pause Young (Allocation Failure)
[165.682s][info][gc,heap        ] GC(582) PSYoungGen: 222594K(258048K)->68448K(256000K) Eden: 187392K(187392K)->0K(187392K) From: 35202K(70656K)->68448K(68608K)
[165.682s][info][gc,heap        ] GC(582) ParOldGen: 582063K(667648K)->617557K(667648K)
[165.682s][info][gc,metaspace   ] GC(582) Metaspace: 18537K(18752K)->18537K(18752K) NonClass: 15878K(16000K)->15878K(16000K) Class: 2659K(2752K)->2659K(2752K)
[165.682s][info][gc             ] GC(582) Pause Young (Allocation Failure) 785M->669M(902M) 84.814ms
[165.682s][info][gc,cpu         ] GC(582) User=0.16s Sys=0.01s Real=0.08s
[166.059s][info][gc,start       ] GC(583) Pause Full (Allocation Failure)
[166.059s][info][gc,phases,start] GC(583) Marking Phase
[166.402s][info][gc,phases      ] GC(583) Marking Phase 342.914ms
[166.402s][info][gc,phases,start] GC(583) Summary Phase
[166.402s][info][gc,phases      ] GC(583) Summary Phase 0.029ms
[166.402s][info][gc,phases,start] GC(583) Forward
[166.529s][info][gc,phases      ] GC(583) Forward 127.082ms
[166.529s][info][gc,phases,start] GC(583) Adjust Pointers
[166.815s][info][gc,phases      ] GC(583) Adjust Pointers 285.957ms
[166.815s][info][gc,phases,start] GC(583) Compaction Phase
[166.978s][info][gc,phases      ] GC(583) Compaction Phase 163.085ms
[166.990s][info][gc,phases,start] GC(583) Post Compact
[166.993s][info][gc,phases      ] GC(583) Post Compact 2.575ms
[166.993s][info][gc,heap        ] GC(583) PSYoungGen: 255840K(256000K)->0K(244736K) Eden: 187392K(187392K)->0K(166912K) From: 68448K(68608K)->0K(77824K)
[166.993s][info][gc,heap        ] GC(583) ParOldGen: 617557K(667648K)->483019K(667648K)
[166.993s][info][gc,metaspace   ] GC(583) Metaspace: 18537K(18752K)->18537K(18752K) NonClass: 15878K(16000K)->15878K(16000K) Class: 2659K(2752K)->2659K(2752K)
[166.993s][info][gc             ] GC(583) Pause Full (Allocation Failure) 852M->471M(891M) 934.002ms
[166.993s][info][gc,cpu         ] GC(583) User=1.77s Sys=0.00s Real=0.93s
[167.193s][info][gc,start       ] GC(584) Pause Young (Allocation Failure)
[167.228s][info][gc,heap        ] GC(584) PSYoungGen: 166912K(244736K)->32896K(250368K) Eden: 166912K(166912K)->0K(166912K) From: 0K(77824K)->32896K(83456K)
[167.228s][info][gc,heap        ] GC(584) ParOldGen: 483019K(667648K)->483019K(667648K)
[167.228s][info][gc,metaspace   ] GC(584) Metaspace: 18537K(18752K)->18537K(18752K) NonClass: 15878K(16000K)->15878K(16000K) Class: 2659K(2752K)->2659K(2752K)
[167.228s][info][gc             ] GC(584) Pause Young (Allocation Failure) 634M->503M(896M) 35.110ms
[167.228s][info][gc,cpu         ] GC(584) User=0.06s Sys=0.01s Real=0.04s
[167.434s][info][gc,start       ] GC(585) Pause Young (Allocation Failure)
[167.485s][info][gc,heap        ] GC(585) PSYoungGen: 199808K(250368K)->4576K(246272K) Eden: 166912K(166912K)->0K(170496K) From: 32896K(83456K)->4576K(75776K)
[167.485s][info][gc,heap        ] GC(585) ParOldGen: 483019K(667648K)->515955K(667648K)
[167.485s][info][gc,metaspace   ] GC(585) Metaspace: 18537K(18752K)->18537K(18752K) NonClass: 15878K(16000K)->15878K(16000K) Class: 2659K(2752K)->2659K(2752K)
[167.485s][info][gc             ] GC(585) Pause Young (Allocation Failure) 666M->508M(892M) 51.805ms
[167.485s][info][gc,cpu         ] GC(585) User=0.10s Sys=0.00s Real=0.05s
[167.680s][info][gc,start       ] GC(586) Pause Young (Allocation Failure)
[167.698s][info][gc,heap        ] GC(586) PSYoungGen: 175072K(246272K)->4064K(249344K) Eden: 170496K(170496K)->0K(170496K) From: 4576K(75776K)->4064K(78848K)
[167.698s][info][gc,heap        ] GC(586) ParOldGen: 515955K(667648K)->520491K(667648K)
[167.698s][info][gc,metaspace   ] GC(586) Metaspace: 18537K(18752K)->18537K(18752K) NonClass: 15878K(16000K)->15878K(16000K) Class: 2659K(2752K)->2659K(2752K)
[167.698s][info][gc             ] GC(586) Pause Young (Allocation Failure) 674M->512M(895M) 17.622ms
[167.698s][info][gc,cpu         ] GC(586) User=0.03s Sys=0.00s Real=0.02s
[167.996s][info][gc,start       ] GC(587) Pause Young (Allocation Failure)
[168.018s][info][gc,heap        ] GC(587) PSYoungGen: 174560K(249344K)->13536K(247296K) Eden: 170496K(170496K)->0K(177664K) From: 4064K(78848K)->13536K(69632K)
[168.018s][info][gc,heap        ] GC(587) ParOldGen: 520491K(667648K)->524523K(667648K)
[168.018s][info][gc,metaspace   ] GC(587) Metaspace: 18537K(18752K)->18537K(18752K) NonClass: 15878K(16000K)->15878K(16000K) Class: 2659K(2752K)->2659K(2752K)
[168.018s][info][gc             ] GC(587) Pause Young (Allocation Failure) 678M->525M(893M) 21.773ms
[168.018s][info][gc,cpu         ] GC(587) User=0.05s Sys=0.00s Real=0.02s
[168.437s][info][gc,start       ] GC(588) Pause Young (Allocation Failure)
[168.467s][info][gc,heap        ] GC(588) PSYoungGen: 191200K(247296K)->13184K(251904K) Eden: 177664K(177664K)->0K(177664K) From: 13536K(69632K)->13184K(74240K)
[168.467s][info][gc,heap        ] GC(588) ParOldGen: 524523K(667648K)->538083K(667648K)
[168.467s][info][gc,metaspace   ] GC(588) Metaspace: 18537K(18752K)->18537K(18752K) NonClass: 15878K(16000K)->15878K(16000K) Class: 2659K(2752K)->2659K(2752K)
[168.467s][info][gc             ] GC(588) Pause Young (Allocation Failure) 698M->538M(898M) 30.082ms
[168.468s][info][gc,cpu         ] GC(588) User=0.06s Sys=0.00s Real=0.03s
[168.900s][info][gc,start       ] GC(589) Pause Young (Allocation Failure)
[168.914s][info][gc,heap        ] GC(589) PSYoungGen: 190848K(251904K)->13216K(252416K) Eden: 177664K(177664K)->0K(188928K) From: 13184K(74240K)->13216K(63488K)
[168.914s][info][gc,heap        ] GC(589) ParOldGen: 538083K(667648K)->538083K(667648K)
[168.914s][info][gc,metaspace   ] GC(589) Metaspace: 18537K(18752K)->18537K(18752K) NonClass: 15878K(16000K)->15878K(16000K) Class: 2659K(2752K)->2659K(2752K)
[168.914s][info][gc             ] GC(589) Pause Young (Allocation Failure) 711M->538M(898M) 14.664ms
[168.914s][info][gc,cpu         ] GC(589) User=0.03s Sys=0.00s Real=0.01s
[169.345s][info][gc,start       ] GC(590) Pause Young (Allocation Failure)
[169.362s][info][gc,heap        ] GC(590) PSYoungGen: 202144K(252416K)->13184K(256512K) Eden: 188928K(188928K)->0K(188928K) From: 13216K(63488K)->13184K(67584K)
[169.362s][info][gc,heap        ] GC(590) ParOldGen: 538083K(667648K)->538083K(667648K)
[169.362s][info][gc,metaspace   ] GC(590) Metaspace: 18537K(18752K)->18537K(18752K) NonClass: 15878K(16000K)->15878K(16000K) Class: 2659K(2752K)->2659K(2752K)
[169.362s][info][gc             ] GC(590) Pause Young (Allocation Failure) 722M->538M(902M) 16.230ms
[169.362s][info][gc,cpu         ] GC(590) User=0.03s Sys=0.00s Real=0.02s
[169.797s][info][gc,start       ] GC(591) Pause Young (Allocation Failure)
[169.822s][info][gc,heap        ] GC(591) PSYoungGen: 202112K(256512K)->13504K(259072K) Eden: 188928K(188928K)->0K(201728K) From: 13184K(67584K)->13504K(57344K)
[169.822s][info][gc,heap        ] GC(591) ParOldGen: 538083K(667648K)->538083K(667648K)
[169.822s][info][gc,metaspace   ] GC(591) Metaspace: 18537K(18752K)->18537K(18752K) NonClass: 15878K(16000K)->15878K(16000K) Class: 2659K(2752K)->2659K(2752K)
[169.822s][info][gc             ] GC(591) Pause Young (Allocation Failure) 722M->538M(905M) 24.541ms
[169.822s][info][gc,cpu         ] GC(591) User=0.05s Sys=0.00s Real=0.02s
[170.058s][info][gc,start       ] GC(592) Pause Young (Allocation Failure)
[170.128s][info][gc,heap        ] GC(592) PSYoungGen: 215232K(259072K)->61424K(263168K) Eden: 201728K(201728K)->0K(201728K) From: 13504K(57344K)->61424K(61440K)
[170.129s][info][gc,heap        ] GC(592) ParOldGen: 538083K(667648K)->544875K(667648K)
[170.129s][info][gc,metaspace   ] GC(592) Metaspace: 18537K(18752K)->18537K(18752K) NonClass: 15878K(16000K)->15878K(16000K) Class: 2659K(2752K)->2659K(2752K)
[170.129s][info][gc             ] GC(592) Pause Young (Allocation Failure) 735M->592M(909M) 70.265ms
[170.129s][info][gc,cpu         ] GC(592) User=0.13s Sys=0.00s Real=0.07s
[170.418s][info][gc,start       ] GC(593) Pause Young (Allocation Failure)
[170.486s][info][gc,heap        ] GC(593) PSYoungGen: 263152K(263168K)->69808K(231424K) Eden: 201728K(201728K)->0K(160768K) From: 61424K(61440K)->69808K(70656K)
[170.486s][info][gc,heap        ] GC(593) ParOldGen: 544875K(667648K)->558075K(667648K)
[170.486s][info][gc,metaspace   ] GC(593) Metaspace: 18537K(18752K)->18537K(18752K) NonClass: 15878K(16000K)->15878K(16000K) Class: 2659K(2752K)->2659K(2752K)
[170.486s][info][gc             ] GC(593) Pause Young (Allocation Failure) 789M->613M(878M) 68.472ms
[170.486s][info][gc,cpu         ] GC(593) User=0.14s Sys=0.01s Real=0.07s
[170.704s][info][gc,start       ] GC(594) Pause Young (Allocation Failure)
[170.808s][info][gc,heap        ] GC(594) PSYoungGen: 230576K(231424K)->86496K(247296K) Eden: 160768K(160768K)->0K(160768K) From: 69808K(70656K)->86496K(86528K)
[170.808s][info][gc,heap        ] GC(594) ParOldGen: 558075K(667648K)->578539K(667648K)
[170.808s][info][gc,metaspace   ] GC(594) Metaspace: 18537K(18752K)->18537K(18752K) NonClass: 15878K(16000K)->15878K(16000K) Class: 2659K(2752K)->2659K(2752K)
[170.808s][info][gc             ] GC(594) Pause Young (Allocation Failure) 770M->649M(893M) 104.626ms
[170.808s][info][gc,cpu         ] GC(594) User=0.21s Sys=0.00s Real=0.11s
[170.999s][info][gc,start       ] GC(595) Pause Young (Allocation Failure)
[171.123s][info][gc,heap        ] GC(595) PSYoungGen: 247264K(247296K)->57856K(200192K) Eden: 160768K(160768K)->0K(113664K) From: 86496K(86528K)->57856K(86528K)
[171.123s][info][gc,heap        ] GC(595) ParOldGen: 578539K(667648K)->627404K(667648K)
[171.123s][info][gc,metaspace   ] GC(595) Metaspace: 18537K(18752K)->18537K(18752K) NonClass: 15878K(16000K)->15878K(16000K) Class: 2659K(2752K)->2659K(2752K)
[171.124s][info][gc             ] GC(595) Pause Young (Allocation Failure) 806M->669M(847M) 124.474ms
[171.124s][info][gc,cpu         ] GC(595) User=0.24s Sys=0.00s Real=0.12s
[171.226s][info][gc,start       ] GC(596) Pause Full (Allocation Failure)
[171.227s][info][gc,phases,start] GC(596) Marking Phase
[171.594s][info][gc,phases      ] GC(596) Marking Phase 367.380ms
[171.594s][info][gc,phases,start] GC(596) Summary Phase
[171.594s][info][gc,phases      ] GC(596) Summary Phase 0.027ms
[171.594s][info][gc,phases,start] GC(596) Forward
[171.741s][info][gc,phases      ] GC(596) Forward 147.411ms
[171.742s][info][gc,phases,start] GC(596) Adjust Pointers
[172.028s][info][gc,phases      ] GC(596) Adjust Pointers 286.948ms
[172.029s][info][gc,phases,start] GC(596) Compaction Phase
[172.200s][info][gc,phases      ] GC(596) Compaction Phase 170.997ms
[172.210s][info][gc,phases,start] GC(596) Post Compact
[172.213s][info][gc,phases      ] GC(596) Post Compact 2.399ms
[172.213s][info][gc,heap        ] GC(596) PSYoungGen: 171520K(200192K)->0K(223744K) Eden: 113664K(113664K)->0K(113664K) From: 57856K(86528K)->0K(110080K)
[172.213s][info][gc,heap        ] GC(596) ParOldGen: 627404K(667648K)->510784K(667648K)
[172.213s][info][gc,metaspace   ] GC(596) Metaspace: 18537K(18752K)->18537K(18752K) NonClass: 15878K(16000K)->15878K(16000K) Class: 2659K(2752K)->2659K(2752K)
[172.213s][info][gc             ] GC(596) Pause Full (Allocation Failure) 780M->498M(870M) 986.343ms
[172.213s][info][gc,cpu         ] GC(596) User=1.84s Sys=0.01s Real=0.98s
[172.333s][info][gc,start       ] GC(597) Pause Young (Allocation Failure)
[172.341s][info][gc,heap        ] GC(597) PSYoungGen: 113664K(223744K)->1952K(222720K) Eden: 113664K(113664K)->0K(113664K) From: 0K(110080K)->1952K(109056K)
[172.342s][info][gc,heap        ] GC(597) ParOldGen: 510784K(667648K)->510784K(667648K)
[172.342s][info][gc,metaspace   ] GC(597) Metaspace: 18537K(18752K)->18537K(18752K) NonClass: 15878K(16000K)->15878K(16000K) Class: 2659K(2752K)->2659K(2752K)
[172.342s][info][gc             ] GC(597) Pause Young (Allocation Failure) 609M->500M(869M) 8.938ms
[172.342s][info][gc,cpu         ] GC(597) User=0.02s Sys=0.00s Real=0.01s
[172.482s][info][gc,start       ] GC(598) Pause Young (Allocation Failure)
[172.491s][info][gc,heap        ] GC(598) PSYoungGen: 115616K(222720K)->3499K(117248K) Eden: 113664K(113664K)->0K(113664K) From: 1952K(109056K)->3499K(3584K)
[172.491s][info][gc,heap        ] GC(598) ParOldGen: 510784K(667648K)->512736K(667648K)
[172.491s][info][gc,metaspace   ] GC(598) Metaspace: 18537K(18752K)->18537K(18752K) NonClass: 15878K(16000K)->15878K(16000K) Class: 2659K(2752K)->2659K(2752K)
[172.491s][info][gc             ] GC(598) Pause Young (Allocation Failure) 611M->504M(766M) 8.890ms
[172.491s][info][gc,cpu         ] GC(598) User=0.02s Sys=0.00s Real=0.01s
[172.605s][info][gc,start       ] GC(599) Pause Young (Allocation Failure)
[172.630s][info][gc,heap        ] GC(599) PSYoungGen: 117163K(117248K)->19200K(227840K) Eden: 113664K(113664K)->0K(120320K) From: 3499K(3584K)->19200K(107520K)
[172.630s][info][gc,heap        ] GC(599) ParOldGen: 512736K(667648K)->516180K(667648K)
[172.630s][info][gc,metaspace   ] GC(599) Metaspace: 18538K(18752K)->18538K(18752K) NonClass: 15879K(16000K)->15879K(16000K) Class: 2659K(2752K)->2659K(2752K)
[172.630s][info][gc             ] GC(599) Pause Young (Allocation Failure) 615M->522M(874M) 24.555ms
[172.630s][info][gc,cpu         ] GC(599) User=0.05s Sys=0.00s Real=0.03s
[172.742s][info][gc,start       ] GC(600) Pause Young (Allocation Failure)
[172.785s][info][gc,heap        ] GC(600) PSYoungGen: 139520K(227840K)->22688K(143360K) Eden: 120320K(120320K)->0K(120320K) From: 19200K(107520K)->22688K(23040K)
[172.785s][info][gc,heap        ] GC(600) ParOldGen: 516180K(667648K)->535396K(667648K)
[172.785s][info][gc,metaspace   ] GC(600) Metaspace: 18538K(18752K)->18538K(18752K) NonClass: 15879K(16000K)->15879K(16000K) Class: 2659K(2752K)->2659K(2752K)
[172.785s][info][gc             ] GC(600) Pause Young (Allocation Failure) 640M->545M(792M) 43.097ms
[172.785s][info][gc,cpu         ] GC(600) User=0.08s Sys=0.00s Real=0.04s
[172.908s][info][gc,start       ] GC(601) Pause Young (Allocation Failure)
[172.947s][info][gc,heap        ] GC(601) PSYoungGen: 143008K(143360K)->22672K(225280K) Eden: 120320K(120320K)->0K(129024K) From: 22688K(23040K)->22672K(96256K)
[172.947s][info][gc,heap        ] GC(601) ParOldGen: 535396K(667648K)->553373K(667648K)
[172.947s][info][gc,metaspace   ] GC(601) Metaspace: 18542K(18752K)->18542K(18752K) NonClass: 15883K(16000K)->15883K(16000K) Class: 2659K(2752K)->2659K(2752K)
[172.947s][info][gc             ] GC(601) Pause Young (Allocation Failure) 662M->562M(872M) 39.295ms
[172.947s][info][gc,cpu         ] GC(601) User=0.08s Sys=0.00s Real=0.04s
[173.115s][info][gc,start       ] GC(602) Pause Young (Allocation Failure)
[173.149s][info][gc,heap        ] GC(602) PSYoungGen: 151696K(225280K)->17760K(220160K) Eden: 129024K(129024K)->0K(129024K) From: 22672K(96256K)->17760K(91136K)
[173.149s][info][gc,heap        ] GC(602) ParOldGen: 553373K(667648K)->570365K(667648K)
[173.149s][info][gc,metaspace   ] GC(602) Metaspace: 18542K(18752K)->18542K(18752K) NonClass: 15883K(16000K)->15883K(16000K) Class: 2659K(2752K)->2659K(2752K)
[173.149s][info][gc             ] GC(602) Pause Young (Allocation Failure) 688M->574M(867M) 33.948ms
[173.149s][info][gc,cpu         ] GC(602) User=0.07s Sys=0.00s Real=0.04s
[173.302s][info][gc,start       ] GC(603) Pause Young (Allocation Failure)
[173.330s][info][gc,heap        ] GC(603) PSYoungGen: 146784K(220160K)->5728K(225792K) Eden: 129024K(129024K)->0K(143360K) From: 17760K(91136K)->5728K(82432K)
[173.330s][info][gc,heap        ] GC(603) ParOldGen: 570365K(667648K)->588165K(667648K)
[173.330s][info][gc,metaspace   ] GC(603) Metaspace: 18545K(18752K)->18545K(18752K) NonClass: 15886K(16000K)->15886K(16000K) Class: 2659K(2752K)->2659K(2752K)
[173.330s][info][gc             ] GC(603) Pause Young (Allocation Failure) 700M->579M(872M) 27.277ms
[173.330s][info][gc,cpu         ] GC(603) User=0.06s Sys=0.00s Real=0.03s
[173.672s][info][gc,start       ] GC(604) Pause Young (Allocation Failure)
[173.681s][info][gc,heap        ] GC(604) PSYoungGen: 149088K(225792K)->192K(228352K) Eden: 143360K(143360K)->0K(143360K) From: 5728K(82432K)->192K(84992K)
[173.681s][info][gc,heap        ] GC(604) ParOldGen: 588165K(667648K)->593869K(667648K)
[173.681s][info][gc,metaspace   ] GC(604) Metaspace: 18548K(18752K)->18548K(18752K) NonClass: 15889K(16000K)->15889K(16000K) Class: 2659K(2752K)->2659K(2752K)
[173.681s][info][gc             ] GC(604) Pause Young (Allocation Failure) 719M->580M(875M) 8.919ms
[173.681s][info][gc,cpu         ] GC(604) User=0.02s Sys=0.00s Real=0.01s
[173.856s][info][gc,start       ] GC(605) Pause Young (Allocation Failure)
[173.872s][info][gc,heap        ] GC(605) PSYoungGen: 143552K(228352K)->14768K(229888K) Eden: 143360K(143360K)->0K(156672K) From: 192K(84992K)->14768K(73216K)
[173.872s][info][gc,heap        ] GC(605) ParOldGen: 593869K(667648K)->594037K(667648K)
[173.872s][info][gc,metaspace   ] GC(605) Metaspace: 18548K(18752K)->18548K(18752K) NonClass: 15889K(16000K)->15889K(16000K) Class: 2659K(2752K)->2659K(2752K)
[173.872s][info][gc             ] GC(605) Pause Young (Allocation Failure) 720M->594M(876M) 15.984ms
[173.872s][info][gc,cpu         ] GC(605) User=0.03s Sys=0.00s Real=0.02s
[174.050s][info][gc,start       ] GC(606) Pause Young (Allocation Failure)
[174.085s][info][gc,heap        ] GC(606) PSYoungGen: 171440K(229888K)->43440K(235520K) Eden: 156672K(156672K)->0K(156672K) From: 14768K(73216K)->43440K(78848K)
[174.085s][info][gc,heap        ] GC(606) ParOldGen: 594037K(667648K)->594037K(667648K)
[174.085s][info][gc,metaspace   ] GC(606) Metaspace: 18548K(18752K)->18548K(18752K) NonClass: 15889K(16000K)->15889K(16000K) Class: 2659K(2752K)->2659K(2752K)
[174.085s][info][gc             ] GC(606) Pause Young (Allocation Failure) 747M->622M(882M) 35.719ms
[174.085s][info][gc,cpu         ] GC(606) User=0.07s Sys=0.00s Real=0.03s
[174.258s][info][gc,start       ] GC(607) Pause Young (Allocation Failure)
[174.331s][info][gc,heap        ] GC(607) PSYoungGen: 200112K(235520K)->80864K(216064K) Eden: 156672K(156672K)->0K(135168K) From: 43440K(78848K)->80864K(80896K)
[174.331s][info][gc,heap        ] GC(607) ParOldGen: 594037K(667648K)->602077K(667648K)
[174.331s][info][gc,metaspace   ] GC(607) Metaspace: 18548K(18752K)->18548K(18752K) NonClass: 15889K(16000K)->15889K(16000K) Class: 2659K(2752K)->2659K(2752K)
[174.331s][info][gc             ] GC(607) Pause Young (Allocation Failure) 775M->666M(863M) 73.324ms
[174.331s][info][gc,cpu         ] GC(607) User=0.13s Sys=0.01s Real=0.07s
[174.494s][info][gc,start       ] GC(608) Pause Young (Allocation Failure)
[174.562s][info][gc,heap        ] GC(608) PSYoungGen: 216032K(216064K)->43584K(234496K) Eden: 135168K(135168K)->0K(135168K) From: 80864K(80896K)->43584K(99328K)
[174.562s][info][gc,heap        ] GC(608) ParOldGen: 602077K(667648K)->642986K(667648K)
[174.562s][info][gc,metaspace   ] GC(608) Metaspace: 18548K(18752K)->18548K(18752K) NonClass: 15889K(16000K)->15889K(16000K) Class: 2659K(2752K)->2659K(2752K)
[174.562s][info][gc             ] GC(608) Pause Young (Allocation Failure) 798M->670M(881M) 67.721ms
[174.562s][info][gc,cpu         ] GC(608) User=0.13s Sys=0.02s Real=0.07s
[174.746s][info][gc,start       ] GC(609) Pause Full (Allocation Failure)
[174.746s][info][gc,phases,start] GC(609) Marking Phase
[175.101s][info][gc,phases      ] GC(609) Marking Phase 354.633ms
[175.101s][info][gc,phases,start] GC(609) Summary Phase
[175.101s][info][gc,phases      ] GC(609) Summary Phase 0.029ms
[175.101s][info][gc,phases,start] GC(609) Forward
[175.185s][info][gc,phases      ] GC(609) Forward 83.991ms
[175.185s][info][gc,phases,start] GC(609) Adjust Pointers
[175.449s][info][gc,phases      ] GC(609) Adjust Pointers 264.443ms
[175.449s][info][gc,phases,start] GC(609) Compaction Phase
[175.587s][info][gc,phases      ] GC(609) Compaction Phase 137.412ms
[175.596s][info][gc,phases,start] GC(609) Post Compact
[175.598s][info][gc,phases      ] GC(609) Post Compact 2.380ms
[175.599s][info][gc,heap        ] GC(609) PSYoungGen: 178752K(234496K)->0K(232448K) Eden: 135168K(135168K)->0K(137216K) From: 43584K(99328K)->0K(95232K)
[175.599s][info][gc,heap        ] GC(609) ParOldGen: 642986K(667648K)->490098K(667648K)
[175.599s][info][gc,metaspace   ] GC(609) Metaspace: 18548K(18752K)->18548K(18752K) NonClass: 15889K(16000K)->15889K(16000K) Class: 2659K(2752K)->2659K(2752K)
[175.599s][info][gc             ] GC(609) Pause Full (Allocation Failure) 802M->478M(879M) 852.727ms
[175.599s][info][gc,cpu         ] GC(609) User=1.63s Sys=0.00s Real=0.86s
[175.761s][info][gc,start       ] GC(610) Pause Young (Allocation Failure)
[175.786s][info][gc,heap        ] GC(610) PSYoungGen: 137216K(232448K)->20864K(158208K) Eden: 137216K(137216K)->0K(137216K) From: 0K(95232K)->20864K(20992K)
[175.786s][info][gc,heap        ] GC(610) ParOldGen: 490098K(667648K)->490098K(667648K)
[175.786s][info][gc,metaspace   ] GC(610) Metaspace: 18548K(18752K)->18548K(18752K) NonClass: 15889K(16000K)->15889K(16000K) Class: 2659K(2752K)->2659K(2752K)
[175.786s][info][gc             ] GC(610) Pause Young (Allocation Failure) 612M->498M(806M) 24.838ms
[175.786s][info][gc,cpu         ] GC(610) User=0.05s Sys=0.00s Real=0.02s
[175.901s][info][gc,start       ] GC(611) Pause Young (Allocation Failure)
[175.925s][info][gc,heap        ] GC(611) PSYoungGen: 158080K(158208K)->21504K(238592K) Eden: 137216K(137216K)->0K(145920K) From: 20864K(20992K)->21504K(92672K)
[175.925s][info][gc,heap        ] GC(611) ParOldGen: 490098K(667648K)->490098K(667648K)
[175.925s][info][gc,metaspace   ] GC(611) Metaspace: 18548K(18752K)->18548K(18752K) NonClass: 15889K(16000K)->15889K(16000K) Class: 2659K(2752K)->2659K(2752K)
[175.925s][info][gc             ] GC(611) Pause Young (Allocation Failure) 632M->499M(885M) 24.805ms
[175.925s][info][gc,cpu         ] GC(611) User=0.05s Sys=0.00s Real=0.02s
[176.084s][info][gc,start       ] GC(612) Pause Young (Allocation Failure)
[176.114s][info][gc,heap        ] GC(612) PSYoungGen: 167424K(238592K)->4800K(233984K) Eden: 145920K(145920K)->0K(145920K) From: 21504K(92672K)->4800K(88064K)
[176.114s][info][gc,heap        ] GC(612) ParOldGen: 490098K(667648K)->510986K(667648K)
[176.114s][info][gc,metaspace   ] GC(612) Metaspace: 18548K(18752K)->18548K(18752K) NonClass: 15889K(16000K)->15889K(16000K) Class: 2659K(2752K)->2659K(2752K)
[176.114s][info][gc             ] GC(612) Pause Young (Allocation Failure) 642M->503M(880M) 29.633ms
[176.114s][info][gc,cpu         ] GC(612) User=0.06s Sys=0.00s Real=0.03s
[176.312s][info][gc,start       ] GC(613) Pause Young (Allocation Failure)
[176.329s][info][gc,heap        ] GC(613) PSYoungGen: 150720K(233984K)->13760K(242176K) Eden: 145920K(145920K)->0K(156672K) From: 4800K(88064K)->13760K(85504K)
[176.329s][info][gc,heap        ] GC(613) ParOldGen: 510986K(667648K)->511642K(667648K)
[176.329s][info][gc,metaspace   ] GC(613) Metaspace: 18548K(18752K)->18548K(18752K) NonClass: 15889K(16000K)->15889K(16000K) Class: 2659K(2752K)->2659K(2752K)
[176.329s][info][gc             ] GC(613) Pause Young (Allocation Failure) 646M->513M(888M) 17.010ms
[176.329s][info][gc,cpu         ] GC(613) User=0.03s Sys=0.00s Real=0.02s
[176.583s][info][gc,start       ] GC(614) Pause Young (Allocation Failure)
[176.617s][info][gc,heap        ] GC(614) PSYoungGen: 170432K(242176K)->30960K(239616K) Eden: 156672K(156672K)->0K(156672K) From: 13760K(85504K)->30960K(82944K)
[176.617s][info][gc,heap        ] GC(614) ParOldGen: 511642K(667648K)->511642K(667648K)
[176.617s][info][gc,metaspace   ] GC(614) Metaspace: 18548K(18752K)->18548K(18752K) NonClass: 15889K(16000K)->15889K(16000K) Class: 2659K(2752K)->2659K(2752K)
[176.617s][info][gc             ] GC(614) Pause Young (Allocation Failure) 666M->529M(886M) 34.533ms
[176.617s][info][gc,cpu         ] GC(614) User=0.07s Sys=0.00s Real=0.04s
[177.019s][info][gc,start       ] GC(615) Pause Young (Allocation Failure)
[177.061s][info][gc,heap        ] GC(615) PSYoungGen: 187632K(239616K)->31312K(245760K) Eden: 156672K(156672K)->0K(168960K) From: 30960K(82944K)->31312K(76800K)
[177.061s][info][gc,heap        ] GC(615) ParOldGen: 511642K(667648K)->511642K(667648K)
[177.061s][info][gc,metaspace   ] GC(615) Metaspace: 18548K(18752K)->18548K(18752K) NonClass: 15889K(16000K)->15889K(16000K) Class: 2659K(2752K)->2659K(2752K)
[177.061s][info][gc             ] GC(615) Pause Young (Allocation Failure) 682M->530M(892M) 41.594ms
[177.061s][info][gc,cpu         ] GC(615) User=0.08s Sys=0.00s Real=0.04s
[177.300s][info][gc,start       ] GC(616) Pause Young (Allocation Failure)
[177.363s][info][gc,heap        ] GC(616) PSYoungGen: 200272K(245760K)->71728K(244736K) Eden: 168960K(168960K)->0K(168960K) From: 31312K(76800K)->71728K(75776K)
[177.363s][info][gc,heap        ] GC(616) ParOldGen: 511642K(667648K)->511642K(667648K)
[177.363s][info][gc,metaspace   ] GC(616) Metaspace: 18550K(18752K)->18550K(18752K) NonClass: 15891K(16000K)->15891K(16000K) Class: 2659K(2752K)->2659K(2752K)
[177.363s][info][gc             ] GC(616) Pause Young (Allocation Failure) 695M->569M(891M) 62.592ms
[177.363s][info][gc,cpu         ] GC(616) User=0.13s Sys=0.00s Real=0.06s
[177.604s][info][gc,start       ] GC(617) Pause Young (Allocation Failure)
[177.684s][info][gc,heap        ] GC(617) PSYoungGen: 240688K(244736K)->82224K(220672K) Eden: 168960K(168960K)->0K(133120K) From: 71728K(75776K)->82224K(87552K)
[177.684s][info][gc,heap        ] GC(617) ParOldGen: 511642K(667648K)->511642K(667648K)
[177.684s][info][gc,metaspace   ] GC(617) Metaspace: 18551K(18752K)->18551K(18752K) NonClass: 15892K(16000K)->15892K(16000K) Class: 2659K(2752K)->2659K(2752K)
[177.684s][info][gc             ] GC(617) Pause Young (Allocation Failure) 734M->579M(867M) 80.533ms
[177.684s][info][gc,cpu         ] GC(617) User=0.16s Sys=0.01s Real=0.08s
[177.879s][info][gc,start       ] GC(618) Pause Young (Allocation Failure)
[177.969s][info][gc,heap        ] GC(618) PSYoungGen: 215344K(220672K)->88832K(222208K) Eden: 133120K(133120K)->0K(133120K) From: 82224K(87552K)->88832K(89088K)
[177.969s][info][gc,heap        ] GC(618) ParOldGen: 511642K(667648K)->515778K(667648K)
[177.969s][info][gc,metaspace   ] GC(618) Metaspace: 18551K(18752K)->18551K(18752K) NonClass: 15892K(16000K)->15892K(16000K) Class: 2659K(2752K)->2659K(2752K)
[177.969s][info][gc             ] GC(618) Pause Young (Allocation Failure) 709M->590M(869M) 89.302ms
[177.969s][info][gc,cpu         ] GC(618) User=0.17s Sys=0.00s Real=0.09s
[178.108s][info][gc,start       ] GC(619) Pause Young (Allocation Failure)
[178.203s][info][gc,heap        ] GC(619) PSYoungGen: 221952K(222208K)->72960K(222720K) Eden: 133120K(133120K)->0K(111616K) From: 88832K(89088K)->72960K(111104K)
[178.203s][info][gc,heap        ] GC(619) ParOldGen: 515778K(667648K)->542651K(667648K)
[178.203s][info][gc,metaspace   ] GC(619) Metaspace: 18551K(18752K)->18551K(18752K) NonClass: 15892K(16000K)->15892K(16000K) Class: 2659K(2752K)->2659K(2752K)
[178.203s][info][gc             ] GC(619) Pause Young (Allocation Failure) 720M->601M(869M) 95.398ms
[178.203s][info][gc,cpu         ] GC(619) User=0.19s Sys=0.00s Real=0.09s
[178.327s][info][gc,start       ] GC(620) Pause Young (Allocation Failure)
[178.404s][info][gc,heap        ] GC(620) PSYoungGen: 184576K(222720K)->34208K(222720K) Eden: 111616K(111616K)->0K(111616K) From: 72960K(111104K)->34208K(111104K)
[178.404s][info][gc,heap        ] GC(620) ParOldGen: 542651K(667648K)->583835K(667648K)
[178.404s][info][gc,metaspace   ] GC(620) Metaspace: 18551K(18752K)->18551K(18752K) NonClass: 15892K(16000K)->15892K(16000K) Class: 2659K(2752K)->2659K(2752K)
[178.404s][info][gc             ] GC(620) Pause Young (Allocation Failure) 710M->603M(869M) 77.239ms
[178.404s][info][gc,cpu         ] GC(620) User=0.14s Sys=0.00s Real=0.07s
[178.550s][info][gc,start       ] GC(621) Pause Young (Allocation Failure)
[178.607s][info][gc,heap        ] GC(621) PSYoungGen: 145824K(222720K)->27456K(217600K) Eden: 111616K(111616K)->0K(111616K) From: 34208K(111104K)->27456K(105984K)
[178.607s][info][gc,heap        ] GC(621) ParOldGen: 583835K(667648K)->605099K(667648K)
[178.607s][info][gc,metaspace   ] GC(621) Metaspace: 18551K(18752K)->18551K(18752K) NonClass: 15892K(16000K)->15892K(16000K) Class: 2659K(2752K)->2659K(2752K)
[178.607s][info][gc             ] GC(621) Pause Young (Allocation Failure) 712M->617M(864M) 57.392ms
[178.607s][info][gc,cpu         ] GC(621) User=0.12s Sys=0.00s Real=0.06s
[178.910s][info][gc,start       ] GC(622) Pause Young (Allocation Failure)
[178.941s][info][gc,heap        ] GC(622) PSYoungGen: 139072K(217600K)->14560K(220160K) Eden: 111616K(111616K)->0K(111616K) From: 27456K(105984K)->14560K(108544K)
[178.941s][info][gc,heap        ] GC(622) ParOldGen: 605099K(667648K)->618083K(667648K)
[178.941s][info][gc,metaspace   ] GC(622) Metaspace: 18551K(18752K)->18551K(18752K) NonClass: 15892K(16000K)->15892K(16000K) Class: 2659K(2752K)->2659K(2752K)
[178.941s][info][gc             ] GC(622) Pause Young (Allocation Failure) 726M->617M(867M) 31.031ms
[178.941s][info][gc,cpu         ] GC(622) User=0.06s Sys=0.00s Real=0.03s
[179.237s][info][gc,start       ] GC(623) Pause Young (Allocation Failure)
[179.253s][info][gc,heap        ] GC(623) PSYoungGen: 126176K(220160K)->64K(224768K) Eden: 111616K(111616K)->0K(118784K) From: 14560K(108544K)->64K(105984K)
[179.254s][info][gc,heap        ] GC(623) ParOldGen: 618083K(667648K)->632649K(667648K)
[179.254s][info][gc,metaspace   ] GC(623) Metaspace: 18551K(18752K)->18551K(18752K) NonClass: 15892K(16000K)->15892K(16000K) Class: 2659K(2752K)->2659K(2752K)
[179.254s][info][gc             ] GC(623) Pause Young (Allocation Failure) 726M->617M(871M) 17.001ms
[179.254s][info][gc,cpu         ] GC(623) User=0.03s Sys=0.00s Real=0.01s
[179.487s][info][gc,start       ] GC(624) Pause Full (Allocation Failure)
[179.487s][info][gc,phases,start] GC(624) Marking Phase
[179.828s][info][gc,phases      ] GC(624) Marking Phase 341.001ms
[179.828s][info][gc,phases,start] GC(624) Summary Phase
[179.828s][info][gc,phases      ] GC(624) Summary Phase 0.024ms
[179.828s][info][gc,phases,start] GC(624) Forward
[179.963s][info][gc,phases      ] GC(624) Forward 134.764ms
[179.963s][info][gc,phases,start] GC(624) Adjust Pointers
[180.217s][info][gc,phases      ] GC(624) Adjust Pointers 254.600ms
[180.217s][info][gc,phases,start] GC(624) Compaction Phase
[180.376s][info][gc,phases      ] GC(624) Compaction Phase 158.847ms
[180.385s][info][gc,phases,start] GC(624) Post Compact
[180.387s][info][gc,phases      ] GC(624) Post Compact 2.216ms
[180.388s][info][gc,heap        ] GC(624) PSYoungGen: 118848K(224768K)->0K(225280K) Eden: 118784K(118784K)->0K(118784K) From: 64K(105984K)->0K(106496K)
[180.388s][info][gc,heap        ] GC(624) ParOldGen: 632649K(667648K)->468858K(667648K)
[180.388s][info][gc,metaspace   ] GC(624) Metaspace: 18551K(18752K)->18551K(18752K) NonClass: 15892K(16000K)->15892K(16000K) Class: 2659K(2752K)->2659K(2752K)
[180.388s][info][gc             ] GC(624) Pause Full (Allocation Failure) 733M->457M(872M) 900.928ms
[180.388s][info][gc,cpu         ] GC(624) User=1.68s Sys=0.00s Real=0.90s
[180.669s][info][gc,start       ] GC(625) Pause Young (Allocation Failure)
[180.685s][info][gc,heap        ] GC(625) PSYoungGen: 118784K(225280K)->64K(225280K) Eden: 118784K(118784K)->0K(120832K) From: 0K(106496K)->64K(104448K)
[180.685s][info][gc,heap        ] GC(625) ParOldGen: 468858K(667648K)->468858K(667648K)
[180.685s][info][gc,metaspace   ] GC(625) Metaspace: 18551K(18752K)->18551K(18752K) NonClass: 15892K(16000K)->15892K(16000K) Class: 2659K(2752K)->2659K(2752K)
[180.685s][info][gc             ] GC(625) Pause Young (Allocation Failure) 573M->457M(872M) 15.618ms
[180.685s][info][gc,cpu         ] GC(625) User=0.03s Sys=0.00s Real=0.01s
[180.817s][info][gc,start       ] GC(626) Pause Young (Allocation Failure)
[180.834s][info][gc,heap        ] GC(626) PSYoungGen: 120896K(225280K)->20976K(141824K) Eden: 120832K(120832K)->0K(120832K) From: 64K(104448K)->20976K(20992K)
[180.834s][info][gc,heap        ] GC(626) ParOldGen: 468858K(667648K)->468858K(667648K)
[180.834s][info][gc,metaspace   ] GC(626) Metaspace: 18564K(18752K)->18564K(18752K) NonClass: 15905K(16000K)->15905K(16000K) Class: 2659K(2752K)->2659K(2752K)
[180.834s][info][gc             ] GC(626) Pause Young (Allocation Failure) 575M->478M(790M) 16.934ms
[180.834s][info][gc,cpu         ] GC(626) User=0.04s Sys=0.01s Real=0.01s
[180.896s][info][gc,start       ] GC(627) Pause Young (Allocation Failure)
[180.940s][info][gc,heap        ] GC(627) PSYoungGen: 141808K(141824K)->63289K(218624K) Eden: 120832K(120832K)->0K(118784K) From: 20976K(20992K)->63289K(99840K)
[180.940s][info][gc,heap        ] GC(627) ParOldGen: 468858K(667648K)->468858K(667648K)
[180.940s][info][gc,metaspace   ] GC(627) Metaspace: 18564K(18752K)->18564K(18752K) NonClass: 15905K(16000K)->15905K(16000K) Class: 2659K(2752K)->2659K(2752K)
[180.940s][info][gc             ] GC(627) Pause Young (Allocation Failure) 596M->519M(865M) 43.427ms
[180.940s][info][gc,cpu         ] GC(627) User=0.09s Sys=0.00s Real=0.04s
[181.042s][info][gc,start       ] GC(628) Pause Young (Allocation Failure)
[181.112s][info][gc,heap        ] GC(628) PSYoungGen: 182073K(218624K)->87241K(206336K) Eden: 118784K(118784K)->0K(118784K) From: 63289K(99840K)->87241K(87552K)
[181.112s][info][gc,heap        ] GC(628) ParOldGen: 468858K(667648K)->490005K(667648K)
[181.112s][info][gc,metaspace   ] GC(628) Metaspace: 18564K(18752K)->18564K(18752K) NonClass: 15905K(16000K)->15905K(16000K) Class: 2659K(2752K)->2659K(2752K)
[181.112s][info][gc             ] GC(628) Pause Young (Allocation Failure) 635M->563M(853M) 70.265ms
[181.112s][info][gc,cpu         ] GC(628) User=0.14s Sys=0.00s Real=0.07s
[181.182s][info][gc,start       ] GC(629) Pause Young (Allocation Failure)
[181.259s][info][gc,heap        ] GC(629) PSYoungGen: 206025K(206336K)->30848K(222720K) Eden: 118784K(118784K)->0K(111616K) From: 87241K(87552K)->30848K(111104K)
[181.259s][info][gc,heap        ] GC(629) ParOldGen: 490005K(667648K)->578214K(667648K)
[181.259s][info][gc,metaspace   ] GC(629) Metaspace: 18565K(18752K)->18565K(18752K) NonClass: 15906K(16000K)->15906K(16000K) Class: 2659K(2752K)->2659K(2752K)
[181.260s][info][gc             ] GC(629) Pause Young (Allocation Failure) 679M->594M(869M) 77.769ms
[181.260s][info][gc,cpu         ] GC(629) User=0.16s Sys=0.00s Real=0.08s
[181.381s][info][gc,start       ] GC(630) Pause Young (Allocation Failure)
[181.421s][info][gc,heap        ] GC(630) PSYoungGen: 142464K(222720K)->3552K(115200K) Eden: 111616K(111616K)->0K(111616K) From: 30848K(111104K)->3552K(3584K)
[181.421s][info][gc,heap        ] GC(630) ParOldGen: 578214K(667648K)->609366K(667648K)
[181.421s][info][gc,metaspace   ] GC(630) Metaspace: 18565K(18752K)->18565K(18752K) NonClass: 15906K(16000K)->15906K(16000K) Class: 2659K(2752K)->2659K(2752K)
[181.421s][info][gc             ] GC(630) Pause Young (Allocation Failure) 703M->598M(764M) 40.170ms
[181.421s][info][gc,cpu         ] GC(630) User=0.08s Sys=0.00s Real=0.04s
[181.519s][info][gc,start       ] GC(631) Pause Full (Allocation Failure)
[181.519s][info][gc,phases,start] GC(631) Marking Phase
[181.829s][info][gc,phases      ] GC(631) Marking Phase 310.477ms
[181.829s][info][gc,phases,start] GC(631) Summary Phase
[181.829s][info][gc,phases      ] GC(631) Summary Phase 0.026ms
[181.829s][info][gc,phases,start] GC(631) Forward
[181.949s][info][gc,phases      ] GC(631) Forward 120.060ms
[181.949s][info][gc,phases,start] GC(631) Adjust Pointers
[182.180s][info][gc,phases      ] GC(631) Adjust Pointers 230.476ms
[182.180s][info][gc,phases,start] GC(631) Compaction Phase
[182.315s][info][gc,phases      ] GC(631) Compaction Phase 134.948ms
[182.324s][info][gc,phases,start] GC(631) Post Compact
[182.326s][info][gc,phases      ] GC(631) Post Compact 2.138ms
[182.326s][info][gc,heap        ] GC(631) PSYoungGen: 115168K(115200K)->0K(221696K) Eden: 111616K(111616K)->0K(111616K) From: 3552K(3584K)->0K(110080K)
[182.326s][info][gc,heap        ] GC(631) ParOldGen: 609366K(667648K)->465634K(667648K)
[182.326s][info][gc,metaspace   ] GC(631) Metaspace: 18567K(18752K)->18567K(18752K) NonClass: 15908K(16000K)->15908K(16000K) Class: 2659K(2752K)->2659K(2752K)
[182.326s][info][gc             ] GC(631) Pause Full (Allocation Failure) 707M->454M(868M) 807.666ms
[182.326s][info][gc,cpu         ] GC(631) User=1.52s Sys=0.00s Real=0.81s
[182.466s][info][gc,start       ] GC(632) Pause Young (Allocation Failure)
[182.494s][info][gc,heap        ] GC(632) PSYoungGen: 111616K(221696K)->16736K(128512K) Eden: 111616K(111616K)->0K(111616K) From: 0K(110080K)->16736K(16896K)
[182.494s][info][gc,heap        ] GC(632) ParOldGen: 465634K(667648K)->465634K(667648K)
[182.494s][info][gc,metaspace   ] GC(632) Metaspace: 18567K(18752K)->18567K(18752K) NonClass: 15908K(16000K)->15908K(16000K) Class: 2659K(2752K)->2659K(2752K)
[182.494s][info][gc             ] GC(632) Pause Young (Allocation Failure) 563M->471M(777M) 27.882ms
[182.494s][info][gc,cpu         ] GC(632) User=0.06s Sys=0.00s Real=0.03s
[182.634s][info][gc,start       ] GC(633) Pause Young (Allocation Failure)
[182.660s][info][gc,heap        ] GC(633) PSYoungGen: 128352K(128512K)->64K(221696K) Eden: 111616K(111616K)->0K(115712K) From: 16736K(16896K)->64K(105984K)
[182.660s][info][gc,heap        ] GC(633) ParOldGen: 465634K(667648K)->482386K(667648K)
[182.660s][info][gc,metaspace   ] GC(633) Metaspace: 18567K(18752K)->18567K(18752K) NonClass: 15908K(16000K)->15908K(16000K) Class: 2659K(2752K)->2659K(2752K)
[182.660s][info][gc             ] GC(633) Pause Young (Allocation Failure) 580M->471M(868M) 25.660ms
[182.660s][info][gc,cpu         ] GC(633) User=0.05s Sys=0.00s Real=0.03s
[182.805s][info][gc,start       ] GC(634) Pause Young (Allocation Failure)
[182.806s][info][gc,heap        ] GC(634) PSYoungGen: 115776K(221696K)->64K(219648K) Eden: 115712K(115712K)->0K(115712K) From: 64K(105984K)->64K(103936K)
[182.806s][info][gc,heap        ] GC(634) ParOldGen: 482386K(667648K)->482386K(667648K)
[182.806s][info][gc,metaspace   ] GC(634) Metaspace: 18567K(18752K)->18567K(18752K) NonClass: 15908K(16000K)->15908K(16000K) Class: 2659K(2752K)->2659K(2752K)
[182.806s][info][gc             ] GC(634) Pause Young (Allocation Failure) 584M->471M(866M) 1.725ms
[182.806s][info][gc,cpu         ] GC(634) User=0.00s Sys=0.00s Real=0.01s
[182.953s][info][gc,start       ] GC(635) Pause Young (Allocation Failure)
[182.954s][info][gc,heap        ] GC(635) PSYoungGen: 115776K(219648K)->64K(219648K) Eden: 115712K(115712K)->0K(123904K) From: 64K(103936K)->64K(95744K)
[182.954s][info][gc,heap        ] GC(635) ParOldGen: 482386K(667648K)->482386K(667648K)
[182.954s][info][gc,metaspace   ] GC(635) Metaspace: 18567K(18752K)->18567K(18752K) NonClass: 15908K(16000K)->15908K(16000K) Class: 2659K(2752K)->2659K(2752K)
[182.954s][info][gc             ] GC(635) Pause Young (Allocation Failure) 584M->471M(866M) 1.830ms
[182.954s][info][gc,cpu         ] GC(635) User=0.00s Sys=0.00s Real=0.00s
[183.109s][info][gc,start       ] GC(636) Pause Young (Allocation Failure)
[183.111s][info][gc,heap        ] GC(636) PSYoungGen: 123968K(219648K)->64K(222720K) Eden: 123904K(123904K)->0K(123904K) From: 64K(95744K)->64K(98816K)
[183.111s][info][gc,heap        ] GC(636) ParOldGen: 482386K(667648K)->482386K(667648K)
[183.111s][info][gc,metaspace   ] GC(636) Metaspace: 18567K(18752K)->18567K(18752K) NonClass: 15908K(16000K)->15908K(16000K) Class: 2659K(2752K)->2659K(2752K)
[183.111s][info][gc             ] GC(636) Pause Young (Allocation Failure) 592M->471M(869M) 1.707ms
[183.111s][info][gc,cpu         ] GC(636) User=0.00s Sys=0.00s Real=0.00s
[183.267s][info][gc,start       ] GC(637) Pause Young (Allocation Failure)
[183.269s][info][gc,heap        ] GC(637) PSYoungGen: 123968K(222720K)->64K(217088K) Eden: 123904K(123904K)->0K(130048K) From: 64K(98816K)->64K(87040K)
[183.269s][info][gc,heap        ] GC(637) ParOldGen: 482386K(667648K)->482386K(667648K)
[183.269s][info][gc,metaspace   ] GC(637) Metaspace: 18567K(18752K)->18567K(18752K) NonClass: 15908K(16000K)->15908K(16000K) Class: 2659K(2752K)->2659K(2752K)
[183.269s][info][gc             ] GC(637) Pause Young (Allocation Failure) 592M->471M(864M) 2.160ms
[183.269s][info][gc,cpu         ] GC(637) User=0.01s Sys=0.00s Real=0.00s
[183.435s][info][gc,start       ] GC(638) Pause Young (Allocation Failure)
[183.437s][info][gc,heap        ] GC(638) PSYoungGen: 130112K(217088K)->64K(222208K) Eden: 130048K(130048K)->0K(130048K) From: 64K(87040K)->64K(92160K)
[183.437s][info][gc,heap        ] GC(638) ParOldGen: 482386K(667648K)->482386K(667648K)
[183.437s][info][gc,metaspace   ] GC(638) Metaspace: 18567K(18752K)->18567K(18752K) NonClass: 15908K(16000K)->15908K(16000K) Class: 2659K(2752K)->2659K(2752K)
[183.437s][info][gc             ] GC(638) Pause Young (Allocation Failure) 598M->471M(869M) 1.970ms
[183.437s][info][gc,cpu         ] GC(638) User=0.00s Sys=0.00s Real=0.01s
[183.605s][info][gc,start       ] GC(639) Pause Young (Allocation Failure)
[183.607s][info][gc,heap        ] GC(639) PSYoungGen: 130112K(222208K)->64K(214016K) Eden: 130048K(130048K)->0K(134656K) From: 64K(92160K)->64K(79360K)
[183.607s][info][gc,heap        ] GC(639) ParOldGen: 482386K(667648K)->482386K(667648K)
[183.607s][info][gc,metaspace   ] GC(639) Metaspace: 18567K(18752K)->18567K(18752K) NonClass: 15908K(16000K)->15908K(16000K) Class: 2659K(2752K)->2659K(2752K)
[183.607s][info][gc             ] GC(639) Pause Young (Allocation Failure) 598M->471M(861M) 2.304ms
[183.607s][info][gc,cpu         ] GC(639) User=0.00s Sys=0.00s Real=0.01s
[183.777s][info][gc,start       ] GC(640) Pause Young (Allocation Failure)
[183.779s][info][gc,heap        ] GC(640) PSYoungGen: 134720K(214016K)->64K(218624K) Eden: 134656K(134656K)->0K(134656K) From: 64K(79360K)->64K(83968K)
[183.779s][info][gc,heap        ] GC(640) ParOldGen: 482386K(667648K)->482386K(667648K)
[183.779s][info][gc,metaspace   ] GC(640) Metaspace: 18567K(18752K)->18567K(18752K) NonClass: 15908K(16000K)->15908K(16000K) Class: 2659K(2752K)->2659K(2752K)
[183.779s][info][gc             ] GC(640) Pause Young (Allocation Failure) 602M->471M(865M) 2.015ms
[183.779s][info][gc,cpu         ] GC(640) User=0.00s Sys=0.00s Real=0.00s
[183.950s][info][gc,start       ] GC(641) Pause Young (Allocation Failure)
[183.954s][info][gc,heap        ] GC(641) PSYoungGen: 134720K(218624K)->32K(209408K) Eden: 134656K(134656K)->0K(138240K) From: 64K(83968K)->32K(71168K)
[183.954s][info][gc,heap        ] GC(641) ParOldGen: 482386K(667648K)->482386K(667648K)
[183.954s][info][gc,metaspace   ] GC(641) Metaspace: 18567K(18752K)->18567K(18752K) NonClass: 15908K(16000K)->15908K(16000K) Class: 2659K(2752K)->2659K(2752K)
[183.954s][info][gc             ] GC(641) Pause Young (Allocation Failure) 602M->471M(856M) 3.773ms
[183.954s][info][gc,cpu         ] GC(641) User=0.00s Sys=0.00s Real=0.00s
[184.087s][info][gc,start       ] GC(642) Pause Young (Allocation Failure)
[184.114s][info][gc,heap        ] GC(642) PSYoungGen: 138272K(209408K)->21920K(214016K) Eden: 138240K(138240K)->0K(138240K) From: 32K(71168K)->21920K(75776K)
[184.114s][info][gc,heap        ] GC(642) ParOldGen: 482386K(667648K)->482386K(667648K)
[184.114s][info][gc,metaspace   ] GC(642) Metaspace: 18567K(18752K)->18567K(18752K) NonClass: 15908K(16000K)->15908K(16000K) Class: 2659K(2752K)->2659K(2752K)
[184.115s][info][gc             ] GC(642) Pause Young (Allocation Failure) 606M->492M(861M) 27.395ms
[184.115s][info][gc,cpu         ] GC(642) User=0.05s Sys=0.01s Real=0.02s
[184.240s][info][gc,start       ] GC(643) Pause Young (Allocation Failure)
[184.276s][info][gc,heap        ] GC(643) PSYoungGen: 160160K(214016K)->35040K(215040K) Eden: 138240K(138240K)->0K(142336K) From: 21920K(75776K)->35040K(72704K)
[184.276s][info][gc,heap        ] GC(643) ParOldGen: 482386K(667648K)->482386K(667648K)
[184.276s][info][gc,metaspace   ] GC(643) Metaspace: 18567K(18752K)->18567K(18752K) NonClass: 15908K(16000K)->15908K(16000K) Class: 2659K(2752K)->2659K(2752K)
[184.276s][info][gc             ] GC(643) Pause Young (Allocation Failure) 627M->505M(862M) 36.326ms
[184.276s][info][gc,cpu         ] GC(643) User=0.07s Sys=0.00s Real=0.04s
[184.393s][info][gc,start       ] GC(644) Pause Young (Allocation Failure)
[184.431s][info][gc,heap        ] GC(644) PSYoungGen: 177376K(215040K)->36416K(217088K) Eden: 142336K(142336K)->0K(142336K) From: 35040K(72704K)->36416K(74752K)
[184.431s][info][gc,heap        ] GC(644) ParOldGen: 482386K(667648K)->482386K(667648K)
[184.431s][info][gc,metaspace   ] GC(644) Metaspace: 18567K(18752K)->18567K(18752K) NonClass: 15908K(16000K)->15908K(16000K) Class: 2659K(2752K)->2659K(2752K)
[184.431s][info][gc             ] GC(644) Pause Young (Allocation Failure) 644M->506M(864M) 37.449ms
[184.431s][info][gc,cpu         ] GC(644) User=0.07s Sys=0.00s Real=0.04s
[184.553s][info][gc,start       ] GC(645) Pause Young (Allocation Failure)
[184.605s][info][gc,heap        ] GC(645) PSYoungGen: 178752K(217088K)->50080K(224256K) Eden: 142336K(142336K)->0K(147456K) From: 36416K(74752K)->50080K(76800K)
[184.605s][info][gc,heap        ] GC(645) ParOldGen: 482386K(667648K)->482386K(667648K)
[184.605s][info][gc,metaspace   ] GC(645) Metaspace: 18567K(18752K)->18567K(18752K) NonClass: 15908K(16000K)->15908K(16000K) Class: 2659K(2752K)->2659K(2752K)
[184.605s][info][gc             ] GC(645) Pause Young (Allocation Failure) 645M->519M(871M) 52.020ms
[184.605s][info][gc,cpu         ] GC(645) User=0.10s Sys=0.00s Real=0.05s
[184.700s][info][gc,start       ] GC(646) Pause Young (Allocation Failure)
[184.765s][info][gc,heap        ] GC(646) PSYoungGen: 197536K(224256K)->61792K(229888K) Eden: 147456K(147456K)->0K(147456K) From: 50080K(76800K)->61792K(82432K)
[184.765s][info][gc,heap        ] GC(646) ParOldGen: 482386K(667648K)->482386K(667648K)
[184.765s][info][gc,metaspace   ] GC(646) Metaspace: 18567K(18752K)->18567K(18752K) NonClass: 15908K(16000K)->15908K(16000K) Class: 2659K(2752K)->2659K(2752K)
[184.765s][info][gc             ] GC(646) Pause Young (Allocation Failure) 663M->531M(876M) 65.339ms
[184.765s][info][gc,cpu         ] GC(646) User=0.13s Sys=0.00s Real=0.06s
[184.890s][info][gc,start       ] GC(647) Pause Young (Allocation Failure)
[184.986s][info][gc,heap        ] GC(647) PSYoungGen: 209248K(229888K)->83328K(212480K) Eden: 147456K(147456K)->0K(120832K) From: 61792K(82432K)->83328K(91648K)
[184.986s][info][gc,heap        ] GC(647) ParOldGen: 482386K(667648K)->482386K(667648K)
[184.986s][info][gc,metaspace   ] GC(647) Metaspace: 18567K(18752K)->18567K(18752K) NonClass: 15908K(16000K)->15908K(16000K) Class: 2659K(2752K)->2659K(2752K)
[184.986s][info][gc             ] GC(647) Pause Young (Allocation Failure) 675M->552M(859M) 96.077ms
[184.986s][info][gc,cpu         ] GC(647) User=0.18s Sys=0.01s Real=0.09s
[185.069s][info][gc,start       ] GC(648) Pause Young (Allocation Failure)
[185.163s][info][gc,heap        ] GC(648) PSYoungGen: 204160K(212480K)->95280K(216576K) Eden: 120832K(120832K)->0K(120832K) From: 83328K(91648K)->95280K(95744K)
[185.163s][info][gc,heap        ] GC(648) ParOldGen: 482386K(667648K)->482386K(667648K)
[185.163s][info][gc,metaspace   ] GC(648) Metaspace: 18567K(18752K)->18567K(18752K) NonClass: 15908K(16000K)->15908K(16000K) Class: 2659K(2752K)->2659K(2752K)
[185.163s][info][gc             ] GC(648) Pause Young (Allocation Failure) 670M->564M(863M) 93.459ms
[185.163s][info][gc,cpu         ] GC(648) User=0.19s Sys=0.00s Real=0.09s
[185.267s][info][gc,start       ] GC(649) Pause Young (Allocation Failure)
[185.369s][info][gc,heap        ] GC(649) PSYoungGen: 216112K(216576K)->99888K(222720K) Eden: 120832K(120832K)->0K(111616K) From: 95280K(95744K)->99888K(111104K)
[185.369s][info][gc,heap        ] GC(649) ParOldGen: 482386K(667648K)->482386K(667648K)
[185.369s][info][gc,metaspace   ] GC(649) Metaspace: 18567K(18752K)->18567K(18752K) NonClass: 15908K(16000K)->15908K(16000K) Class: 2659K(2752K)->2659K(2752K)
[185.369s][info][gc             ] GC(649) Pause Young (Allocation Failure) 682M->568M(869M) 101.762ms
[185.369s][info][gc,cpu         ] GC(649) User=0.20s Sys=0.00s Real=0.10s
[185.507s][info][gc,start       ] GC(650) Pause Young (Allocation Failure)
[185.605s][info][gc,heap        ] GC(650) PSYoungGen: 211504K(222720K)->103264K(222720K) Eden: 111616K(111616K)->0K(111616K) From: 99888K(111104K)->103264K(111104K)
[185.605s][info][gc,heap        ] GC(650) ParOldGen: 482386K(667648K)->482394K(667648K)
[185.605s][info][gc,metaspace   ] GC(650) Metaspace: 18570K(18752K)->18570K(18752K) NonClass: 15911K(16000K)->15911K(16000K) Class: 2659K(2752K)->2659K(2752K)
[185.605s][info][gc             ] GC(650) Pause Young (Allocation Failure) 677M->571M(869M) 98.362ms
[185.605s][info][gc,cpu         ] GC(650) User=0.20s Sys=0.00s Real=0.09s
[185.753s][info][gc,start       ] GC(651) Pause Young (Allocation Failure)
[185.862s][info][gc,heap        ] GC(651) PSYoungGen: 214880K(222720K)->111088K(222720K) Eden: 111616K(111616K)->0K(111616K) From: 103264K(111104K)->111088K(111104K)
[185.862s][info][gc,heap        ] GC(651) ParOldGen: 482394K(667648K)->483074K(667648K)
[185.862s][info][gc,metaspace   ] GC(651) Metaspace: 18570K(18752K)->18570K(18752K) NonClass: 15911K(16000K)->15911K(16000K) Class: 2659K(2752K)->2659K(2752K)
[185.862s][info][gc             ] GC(651) Pause Young (Allocation Failure) 680M->580M(869M) 109.089ms
[185.862s][info][gc,cpu         ] GC(651) User=0.21s Sys=0.00s Real=0.11s
[185.990s][info][gc,start       ] GC(652) Pause Young (Allocation Failure)
[186.111s][info][gc,heap        ] GC(652) PSYoungGen: 222704K(222720K)->91056K(222720K) Eden: 111616K(111616K)->0K(111616K) From: 111088K(111104K)->91056K(111104K)
[186.111s][info][gc,heap        ] GC(652) ParOldGen: 483074K(667648K)->518146K(667648K)
[186.111s][info][gc,metaspace   ] GC(652) Metaspace: 18570K(18752K)->18570K(18752K) NonClass: 15911K(16000K)->15911K(16000K) Class: 2659K(2752K)->2659K(2752K)
[186.111s][info][gc             ] GC(652) Pause Young (Allocation Failure) 689M->594M(869M) 120.636ms
[186.111s][info][gc,cpu         ] GC(652) User=0.24s Sys=0.00s Real=0.12s
[186.508s][info][gc,start       ] GC(653) Pause Young (Allocation Failure)
[186.595s][info][gc,heap        ] GC(653) PSYoungGen: 202672K(222720K)->76240K(222720K) Eden: 111616K(111616K)->0K(111616K) From: 91056K(111104K)->76240K(111104K)
[186.595s][info][gc,heap        ] GC(653) ParOldGen: 518146K(667648K)->533154K(667648K)
[186.595s][info][gc,metaspace   ] GC(653) Metaspace: 18571K(18752K)->18571K(18752K) NonClass: 15912K(16000K)->15912K(16000K) Class: 2659K(2752K)->2659K(2752K)
[186.595s][info][gc             ] GC(653) Pause Young (Allocation Failure) 703M->595M(869M) 87.529ms
[186.595s][info][gc,cpu         ] GC(653) User=0.18s Sys=0.00s Real=0.08s
[186.848s][info][gc,start       ] GC(654) Pause Young (Allocation Failure)
[186.922s][info][gc,heap        ] GC(654) PSYoungGen: 187856K(222720K)->43152K(222720K) Eden: 111616K(111616K)->0K(111616K) From: 76240K(111104K)->43152K(111104K)
[186.922s][info][gc,heap        ] GC(654) ParOldGen: 533154K(667648K)->566298K(667648K)
[186.922s][info][gc,metaspace   ] GC(654) Metaspace: 18571K(18752K)->18571K(18752K) NonClass: 15912K(16000K)->15912K(16000K) Class: 2659K(2752K)->2659K(2752K)
[186.922s][info][gc             ] GC(654) Pause Young (Allocation Failure) 704M->595M(869M) 73.754ms
[186.922s][info][gc,cpu         ] GC(654) User=0.14s Sys=0.00s Real=0.07s
[187.178s][info][gc,start       ] GC(655) Pause Young (Allocation Failure)
[187.223s][info][gc,heap        ] GC(655) PSYoungGen: 154768K(222720K)->26960K(222720K) Eden: 111616K(111616K)->0K(111616K) From: 43152K(111104K)->26960K(111104K)
[187.223s][info][gc,heap        ] GC(655) ParOldGen: 566298K(667648K)->582555K(667648K)
[187.223s][info][gc,metaspace   ] GC(655) Metaspace: 18571K(18752K)->18571K(18752K) NonClass: 15912K(16000K)->15912K(16000K) Class: 2659K(2752K)->2659K(2752K)
[187.223s][info][gc             ] GC(655) Pause Young (Allocation Failure) 704M->595M(869M) 44.695ms
[187.223s][info][gc,cpu         ] GC(655) User=0.09s Sys=0.00s Real=0.04s
[187.463s][info][gc,start       ] GC(656) Pause Young (Allocation Failure)
[187.493s][info][gc,heap        ] GC(656) PSYoungGen: 138576K(222720K)->15120K(222720K) Eden: 111616K(111616K)->0K(111616K) From: 26960K(111104K)->15120K(111104K)
[187.493s][info][gc,heap        ] GC(656) ParOldGen: 582555K(667648K)->594435K(667648K)
[187.493s][info][gc,metaspace   ] GC(656) Metaspace: 18571K(18752K)->18571K(18752K) NonClass: 15912K(16000K)->15912K(16000K) Class: 2659K(2752K)->2659K(2752K)
[187.493s][info][gc             ] GC(656) Pause Young (Allocation Failure) 704M->595M(869M) 29.842ms
[187.493s][info][gc,cpu         ] GC(656) User=0.06s Sys=0.01s Real=0.03s
[187.738s][info][gc,start       ] GC(657) Pause Young (Allocation Failure)
[187.755s][info][gc,heap        ] GC(657) PSYoungGen: 126736K(222720K)->96K(222720K) Eden: 111616K(111616K)->0K(111616K) From: 15120K(111104K)->96K(111104K)
[187.755s][info][gc,heap        ] GC(657) ParOldGen: 594435K(667648K)->609475K(667648K)
[187.755s][info][gc,metaspace   ] GC(657) Metaspace: 18571K(18752K)->18571K(18752K) NonClass: 15912K(16000K)->15912K(16000K) Class: 2659K(2752K)->2659K(2752K)
[187.755s][info][gc             ] GC(657) Pause Young (Allocation Failure) 704M->595M(869M) 17.156ms
[187.755s][info][gc,cpu         ] GC(657) User=0.04s Sys=0.00s Real=0.01s
[187.995s][info][gc,start       ] GC(658) Pause Young (Allocation Failure)
[187.997s][info][gc,heap        ] GC(658) PSYoungGen: 111712K(222720K)->64K(222720K) Eden: 111616K(111616K)->0K(111616K) From: 96K(111104K)->64K(111104K)
[187.997s][info][gc,heap        ] GC(658) ParOldGen: 609475K(667648K)->609539K(667648K)
[187.997s][info][gc,metaspace   ] GC(658) Metaspace: 18571K(18752K)->18571K(18752K) NonClass: 15912K(16000K)->15912K(16000K) Class: 2659K(2752K)->2659K(2752K)
[187.997s][info][gc             ] GC(658) Pause Young (Allocation Failure) 704M->595M(869M) 2.153ms
[187.997s][info][gc,cpu         ] GC(658) User=0.00s Sys=0.00s Real=0.01s
[188.222s][info][gc,start       ] GC(659) Pause Young (Allocation Failure)
[188.224s][info][gc,heap        ] GC(659) PSYoungGen: 111680K(222720K)->64K(222720K) Eden: 111616K(111616K)->0K(111616K) From: 64K(111104K)->64K(111104K)
[188.224s][info][gc,heap        ] GC(659) ParOldGen: 609539K(667648K)->609555K(667648K)
[188.224s][info][gc,metaspace   ] GC(659) Metaspace: 18571K(18752K)->18571K(18752K) NonClass: 15912K(16000K)->15912K(16000K) Class: 2659K(2752K)->2659K(2752K)
[188.224s][info][gc             ] GC(659) Pause Young (Allocation Failure) 704M->595M(869M) 2.104ms
[188.224s][info][gc,cpu         ] GC(659) User=0.01s Sys=0.00s Real=0.00s
[188.491s][info][gc,start       ] GC(660) Pause Young (Allocation Failure)
[188.493s][info][gc,heap        ] GC(660) PSYoungGen: 111680K(222720K)->480K(222720K) Eden: 111616K(111616K)->0K(111616K) From: 64K(111104K)->480K(111104K)
[188.493s][info][gc,heap        ] GC(660) ParOldGen: 609555K(667648K)->609571K(667648K)
[188.493s][info][gc,metaspace   ] GC(660) Metaspace: 18571K(18752K)->18571K(18752K) NonClass: 15912K(16000K)->15912K(16000K) Class: 2659K(2752K)->2659K(2752K)
[188.493s][info][gc             ] GC(660) Pause Young (Allocation Failure) 704M->595M(869M) 2.631ms
[188.493s][info][gc,cpu         ] GC(660) User=0.01s Sys=0.00s Real=0.00s
[188.667s][info][gc,start       ] GC(661) Pause Young (Allocation Failure)
[188.678s][info][gc,heap        ] GC(661) PSYoungGen: 112096K(222720K)->11856K(222720K) Eden: 111616K(111616K)->0K(111616K) From: 480K(111104K)->11856K(111104K)
[188.678s][info][gc,heap        ] GC(661) ParOldGen: 609571K(667648K)->609731K(667648K)
[188.678s][info][gc,metaspace   ] GC(661) Metaspace: 18571K(18752K)->18571K(18752K) NonClass: 15912K(16000K)->15912K(16000K) Class: 2659K(2752K)->2659K(2752K)
[188.678s][info][gc             ] GC(661) Pause Young (Allocation Failure) 704M->607M(869M) 10.973ms
[188.678s][info][gc,cpu         ] GC(661) User=0.02s Sys=0.00s Real=0.01s
[188.739s][info][gc,start       ] GC(662) Pause Young (Allocation Failure)
[188.777s][info][gc,heap        ] GC(662) PSYoungGen: 123472K(222720K)->41856K(222720K) Eden: 111616K(111616K)->0K(111616K) From: 11856K(111104K)->41856K(111104K)
[188.777s][info][gc,heap        ] GC(662) ParOldGen: 609731K(667648K)->621644K(667648K)
[188.777s][info][gc,metaspace   ] GC(662) Metaspace: 18571K(18752K)->18571K(18752K) NonClass: 15912K(16000K)->15912K(16000K) Class: 2659K(2752K)->2659K(2752K)
[188.777s][info][gc             ] GC(662) Pause Young (Allocation Failure) 716M->647M(869M) 38.594ms
[188.777s][info][gc,cpu         ] GC(662) User=0.08s Sys=0.00s Real=0.04s
[188.942s][info][gc,start       ] GC(663) Pause Young (Allocation Failure)
[188.991s][info][gc,heap        ] GC(663) PSYoungGen: 153472K(222720K)->18816K(222720K) Eden: 111616K(111616K)->0K(111616K) From: 41856K(111104K)->18816K(111104K)
[188.991s][info][gc,heap        ] GC(663) ParOldGen: 621644K(667648K)->663964K(667648K)
[188.991s][info][gc,metaspace   ] GC(663) Metaspace: 18571K(18752K)->18571K(18752K) NonClass: 15912K(16000K)->15912K(16000K) Class: 2659K(2752K)->2659K(2752K)
[188.991s][info][gc             ] GC(663) Pause Young (Allocation Failure) 756M->666M(869M) 49.388ms
[188.991s][info][gc,cpu         ] GC(663) User=0.09s Sys=0.01s Real=0.05s
[189.072s][info][gc,start       ] GC(664) Pause Full (Allocation Failure)
[189.072s][info][gc,phases,start] GC(664) Marking Phase
[189.371s][info][gc,phases      ] GC(664) Marking Phase 298.578ms
[189.371s][info][gc,phases,start] GC(664) Summary Phase
[189.371s][info][gc,phases      ] GC(664) Summary Phase 0.027ms
[189.371s][info][gc,phases,start] GC(664) Forward
[189.512s][info][gc,phases      ] GC(664) Forward 140.631ms
[189.512s][info][gc,phases,start] GC(664) Adjust Pointers
[189.733s][info][gc,phases      ] GC(664) Adjust Pointers 220.914ms
[189.733s][info][gc,phases,start] GC(664) Compaction Phase
[189.873s][info][gc,phases      ] GC(664) Compaction Phase 140.860ms
[189.881s][info][gc,phases,start] GC(664) Post Compact
[189.883s][info][gc,phases      ] GC(664) Post Compact 2.335ms
[189.883s][info][gc,heap        ] GC(664) PSYoungGen: 130432K(222720K)->0K(222720K) Eden: 111616K(111616K)->0K(111616K) From: 18816K(111104K)->0K(111104K)
[189.883s][info][gc,heap        ] GC(664) ParOldGen: 663964K(667648K)->434512K(667648K)
[189.883s][info][gc,metaspace   ] GC(664) Metaspace: 18571K(18752K)->18571K(18752K) NonClass: 15912K(16000K)->15912K(16000K) Class: 2659K(2752K)->2659K(2752K)
[189.883s][info][gc             ] GC(664) Pause Full (Allocation Failure) 775M->424M(869M) 811.238ms
[189.883s][info][gc,cpu         ] GC(664) User=1.47s Sys=0.00s Real=0.81s
[190.000s][info][gc,start       ] GC(665) Pause Young (Allocation Failure)
[190.048s][info][gc,heap        ] GC(665) PSYoungGen: 111616K(222720K)->42294K(222720K) Eden: 111616K(111616K)->0K(111616K) From: 0K(111104K)->42294K(111104K)
[190.048s][info][gc,heap        ] GC(665) ParOldGen: 434512K(667648K)->434512K(667648K)
[190.048s][info][gc,metaspace   ] GC(665) Metaspace: 18571K(18752K)->18571K(18752K) NonClass: 15912K(16000K)->15912K(16000K) Class: 2659K(2752K)->2659K(2752K)
[190.049s][info][gc             ] GC(665) Pause Young (Allocation Failure) 533M->465M(869M) 48.242ms
[190.049s][info][gc,cpu         ] GC(665) User=0.10s Sys=0.00s Real=0.05s
[190.106s][info][gc,start       ] GC(666) Pause Young (Allocation Failure)
[190.175s][info][gc,heap        ] GC(666) PSYoungGen: 153910K(222720K)->39008K(151040K) Eden: 111616K(111616K)->0K(111616K) From: 42294K(111104K)->39008K(39424K)
[190.175s][info][gc,heap        ] GC(666) ParOldGen: 434512K(667648K)->476999K(667648K)
[190.175s][info][gc,metaspace   ] GC(666) Metaspace: 18571K(18752K)->18571K(18752K) NonClass: 15912K(16000K)->15912K(16000K) Class: 2659K(2752K)->2659K(2752K)
[190.175s][info][gc             ] GC(666) Pause Young (Allocation Failure) 574M->503M(799M) 68.791ms
[190.175s][info][gc,cpu         ] GC(666) User=0.14s Sys=0.00s Real=0.06s
[190.307s][info][gc,start       ] GC(667) Pause Young (Allocation Failure)
[190.342s][info][gc,heap        ] GC(667) PSYoungGen: 150624K(151040K)->13056K(223744K) Eden: 111616K(111616K)->0K(115712K) From: 39008K(39424K)->13056K(108032K)
[190.342s][info][gc,heap        ] GC(667) ParOldGen: 476999K(667648K)->516278K(667648K)
[190.342s][info][gc,metaspace   ] GC(667) Metaspace: 18572K(18752K)->18572K(18752K) NonClass: 15913K(16000K)->15913K(16000K) Class: 2659K(2752K)->2659K(2752K)
[190.342s][info][gc             ] GC(667) Pause Young (Allocation Failure) 612M->516M(870M) 35.262ms
[190.342s][info][gc,cpu         ] GC(667) User=0.07s Sys=0.00s Real=0.03s
[190.465s][info][gc,start       ] GC(668) Pause Young (Allocation Failure)
[190.476s][info][gc,heap        ] GC(668) PSYoungGen: 128768K(223744K)->128K(219648K) Eden: 115712K(115712K)->0K(115712K) From: 13056K(108032K)->128K(103936K)
[190.476s][info][gc,heap        ] GC(668) ParOldGen: 516278K(667648K)->529482K(667648K)
[190.476s][info][gc,metaspace   ] GC(668) Metaspace: 18572K(18752K)->18572K(18752K) NonClass: 15913K(16000K)->15913K(16000K) Class: 2659K(2752K)->2659K(2752K)
[190.476s][info][gc             ] GC(668) Pause Young (Allocation Failure) 629M->517M(866M) 11.461ms
[190.476s][info][gc,cpu         ] GC(668) User=0.03s Sys=0.00s Real=0.02s
[190.595s][info][gc,start       ] GC(669) Pause Young (Allocation Failure)
[190.598s][info][gc,heap        ] GC(669) PSYoungGen: 115840K(219648K)->128K(225280K) Eden: 115712K(115712K)->0K(124416K) From: 128K(103936K)->128K(100864K)
[190.598s][info][gc,heap        ] GC(669) ParOldGen: 529482K(667648K)->529562K(667648K)
[190.598s][info][gc,metaspace   ] GC(669) Metaspace: 18572K(18752K)->18572K(18752K) NonClass: 15913K(16000K)->15913K(16000K) Class: 2659K(2752K)->2659K(2752K)
[190.598s][info][gc             ] GC(669) Pause Young (Allocation Failure) 630M->517M(872M) 2.296ms
[190.598s][info][gc,cpu         ] GC(669) User=0.01s Sys=0.00s Real=0.01s
[190.724s][info][gc,start       ] GC(670) Pause Young (Allocation Failure)
[190.726s][info][gc,heap        ] GC(670) PSYoungGen: 124544K(225280K)->256K(223744K) Eden: 124416K(124416K)->0K(124416K) From: 128K(100864K)->256K(99328K)
[190.726s][info][gc,heap        ] GC(670) ParOldGen: 529562K(667648K)->529562K(667648K)
[190.726s][info][gc,metaspace   ] GC(670) Metaspace: 18572K(18752K)->18572K(18752K) NonClass: 15913K(16000K)->15913K(16000K) Class: 2659K(2752K)->2659K(2752K)
[190.726s][info][gc             ] GC(670) Pause Young (Allocation Failure) 638M->517M(870M) 2.366ms
[190.727s][info][gc,cpu         ] GC(670) User=0.00s Sys=0.00s Real=0.01s
[190.855s][info][gc,start       ] GC(671) Pause Young (Allocation Failure)
[190.858s][info][gc,heap        ] GC(671) PSYoungGen: 124672K(223744K)->352K(220672K) Eden: 124416K(124416K)->0K(132608K) From: 256K(99328K)->352K(88064K)
[190.858s][info][gc,heap        ] GC(671) ParOldGen: 529562K(667648K)->529562K(667648K)
[190.858s][info][gc,metaspace   ] GC(671) Metaspace: 18572K(18752K)->18572K(18752K) NonClass: 15913K(16000K)->15913K(16000K) Class: 2659K(2752K)->2659K(2752K)
[190.858s][info][gc             ] GC(671) Pause Young (Allocation Failure) 638M->517M(867M) 2.828ms
[190.858s][info][gc,cpu         ] GC(671) User=0.01s Sys=0.00s Real=0.01s
[190.996s][info][gc,start       ] GC(672) Pause Young (Allocation Failure)
[190.998s][info][gc,heap        ] GC(672) PSYoungGen: 132960K(220672K)->416K(225280K) Eden: 132608K(132608K)->0K(132608K) From: 352K(88064K)->416K(92672K)
[190.998s][info][gc,heap        ] GC(672) ParOldGen: 529562K(667648K)->529562K(667648K)
[190.998s][info][gc,metaspace   ] GC(672) Metaspace: 18572K(18752K)->18572K(18752K) NonClass: 15913K(16000K)->15913K(16000K) Class: 2659K(2752K)->2659K(2752K)
[190.998s][info][gc             ] GC(672) Pause Young (Allocation Failure) 646M->517M(872M) 2.463ms
[190.998s][info][gc,cpu         ] GC(672) User=0.01s Sys=0.00s Real=0.01s
[191.133s][info][gc,start       ] GC(673) Pause Young (Allocation Failure)
[191.136s][info][gc,heap        ] GC(673) PSYoungGen: 133024K(225280K)->544K(218624K) Eden: 132608K(132608K)->0K(138752K) From: 416K(92672K)->544K(79872K)
[191.136s][info][gc,heap        ] GC(673) ParOldGen: 529562K(667648K)->529562K(667648K)
[191.136s][info][gc,metaspace   ] GC(673) Metaspace: 18572K(18752K)->18572K(18752K) NonClass: 15913K(16000K)->15913K(16000K) Class: 2659K(2752K)->2659K(2752K)
[191.136s][info][gc             ] GC(673) Pause Young (Allocation Failure) 647M->517M(865M) 3.325ms
[191.136s][info][gc,cpu         ] GC(673) User=0.01s Sys=0.00s Real=0.00s
[191.279s][info][gc,start       ] GC(674) Pause Young (Allocation Failure)
[191.282s][info][gc,heap        ] GC(674) PSYoungGen: 139296K(218624K)->640K(223744K) Eden: 138752K(138752K)->0K(138752K) From: 544K(79872K)->640K(84992K)
[191.282s][info][gc,heap        ] GC(674) ParOldGen: 529562K(667648K)->529562K(667648K)
[191.282s][info][gc,metaspace   ] GC(674) Metaspace: 18572K(18752K)->18572K(18752K) NonClass: 15913K(16000K)->15913K(16000K) Class: 2659K(2752K)->2659K(2752K)
[191.282s][info][gc             ] GC(674) Pause Young (Allocation Failure) 653M->517M(870M) 2.916ms
[191.282s][info][gc,cpu         ] GC(674) User=0.01s Sys=0.00s Real=0.00s
[191.443s][info][gc,start       ] GC(675) Pause Young (Allocation Failure)
[191.447s][info][gc,heap        ] GC(675) PSYoungGen: 139392K(223744K)->832K(216064K) Eden: 138752K(138752K)->0K(143872K) From: 640K(84992K)->832K(72192K)
[191.447s][info][gc,heap        ] GC(675) ParOldGen: 529562K(667648K)->529562K(667648K)
[191.447s][info][gc,metaspace   ] GC(675) Metaspace: 18572K(18752K)->18572K(18752K) NonClass: 15913K(16000K)->15913K(16000K) Class: 2659K(2752K)->2659K(2752K)
[191.447s][info][gc             ] GC(675) Pause Young (Allocation Failure) 653M->517M(863M) 3.959ms
[191.447s][info][gc,cpu         ] GC(675) User=0.00s Sys=0.00s Real=0.01s
[191.588s][info][gc,start       ] GC(676) Pause Young (Allocation Failure)
[191.607s][info][gc,heap        ] GC(676) PSYoungGen: 144704K(216064K)->5195K(220672K) Eden: 143872K(143872K)->0K(143872K) From: 832K(72192K)->5195K(76800K)
[191.607s][info][gc,heap        ] GC(676) ParOldGen: 529562K(667648K)->529562K(667648K)
[191.607s][info][gc,metaspace   ] GC(676) Metaspace: 18575K(18752K)->18575K(18752K) NonClass: 15916K(16000K)->15916K(16000K) Class: 2659K(2752K)->2659K(2752K)
[191.607s][info][gc             ] GC(676) Pause Young (Allocation Failure) 658M->522M(867M) 18.990ms
[191.607s][info][gc,cpu         ] GC(676) User=0.04s Sys=0.00s Real=0.02s
[191.783s][info][gc,start       ] GC(677) Pause Young (Allocation Failure)
[191.817s][info][gc,heap        ] GC(677) PSYoungGen: 149067K(220672K)->19563K(219648K) Eden: 143872K(143872K)->0K(152576K) From: 5195K(76800K)->19563K(67072K)
[191.817s][info][gc,heap        ] GC(677) ParOldGen: 529562K(667648K)->529562K(667648K)
[191.817s][info][gc,metaspace   ] GC(677) Metaspace: 18575K(18752K)->18575K(18752K) NonClass: 15916K(16000K)->15916K(16000K) Class: 2659K(2752K)->2659K(2752K)
[191.817s][info][gc             ] GC(677) Pause Young (Allocation Failure) 662M->536M(866M) 33.343ms
[191.817s][info][gc,cpu         ] GC(677) User=0.06s Sys=0.00s Real=0.04s
[192.010s][info][gc,start       ] GC(678) Pause Young (Allocation Failure)
[192.042s][info][gc,heap        ] GC(678) PSYoungGen: 172139K(219648K)->19563K(221184K) Eden: 152576K(152576K)->0K(152576K) From: 19563K(67072K)->19563K(68608K)
[192.042s][info][gc,heap        ] GC(678) ParOldGen: 529562K(667648K)->529562K(667648K)
[192.042s][info][gc,metaspace   ] GC(678) Metaspace: 18575K(18752K)->18575K(18752K) NonClass: 15916K(16000K)->15916K(16000K) Class: 2659K(2752K)->2659K(2752K)
[192.042s][info][gc             ] GC(678) Pause Young (Allocation Failure) 685M->536M(868M) 32.218ms
[192.042s][info][gc,cpu         ] GC(678) User=0.06s Sys=0.00s Real=0.03s
[192.211s][info][gc,start       ] GC(679) Pause Young (Allocation Failure)
[192.258s][info][gc,heap        ] GC(679) PSYoungGen: 172139K(221184K)->32907K(226816K) Eden: 152576K(152576K)->0K(161280K) From: 19563K(68608K)->32907K(65536K)
[192.258s][info][gc,heap        ] GC(679) ParOldGen: 529562K(667648K)->529562K(667648K)
[192.258s][info][gc,metaspace   ] GC(679) Metaspace: 18575K(18752K)->18575K(18752K) NonClass: 15916K(16000K)->15916K(16000K) Class: 2659K(2752K)->2659K(2752K)
[192.258s][info][gc             ] GC(679) Pause Young (Allocation Failure) 685M->549M(873M) 46.866ms
[192.258s][info][gc,cpu         ] GC(679) User=0.09s Sys=0.00s Real=0.05s
[192.416s][info][gc,start       ] GC(680) Pause Young (Allocation Failure)
[192.481s][info][gc,heap        ] GC(680) PSYoungGen: 194187K(226816K)->52875K(228352K) Eden: 161280K(161280K)->0K(161280K) From: 32907K(65536K)->52875K(67072K)
[192.481s][info][gc,heap        ] GC(680) ParOldGen: 529562K(667648K)->529562K(667648K)
[192.481s][info][gc,metaspace   ] GC(680) Metaspace: 18575K(18752K)->18575K(18752K) NonClass: 15916K(16000K)->15916K(16000K) Class: 2659K(2752K)->2659K(2752K)
[192.481s][info][gc             ] GC(680) Pause Young (Allocation Failure) 706M->568M(875M) 65.327ms
[192.481s][info][gc,cpu         ] GC(680) User=0.13s Sys=0.00s Real=0.07s
[192.599s][info][gc,start       ] GC(681) Pause Young (Allocation Failure)
[192.675s][info][gc,heap        ] GC(681) PSYoungGen: 214155K(228352K)->56299K(242688K) Eden: 161280K(161280K)->0K(166912K) From: 52875K(67072K)->56299K(75776K)
[192.675s][info][gc,heap        ] GC(681) ParOldGen: 529562K(667648K)->529562K(667648K)
[192.675s][info][gc,metaspace   ] GC(681) Metaspace: 18575K(18752K)->18575K(18752K) NonClass: 15916K(16000K)->15916K(16000K) Class: 2659K(2752K)->2659K(2752K)
[192.675s][info][gc             ] GC(681) Pause Young (Allocation Failure) 726M->572M(889M) 76.091ms
[192.675s][info][gc,cpu         ] GC(681) User=0.14s Sys=0.02s Real=0.07s
[192.832s][info][gc,start       ] GC(682) Pause Young (Allocation Failure)
[192.903s][info][gc,heap        ] GC(682) PSYoungGen: 223211K(242688K)->59659K(226816K) Eden: 166912K(166912K)->0K(166912K) From: 56299K(75776K)->59659K(59904K)
[192.903s][info][gc,heap        ] GC(682) ParOldGen: 529562K(667648K)->529666K(667648K)
[192.903s][info][gc,metaspace   ] GC(682) Metaspace: 18575K(18752K)->18575K(18752K) NonClass: 15916K(16000K)->15916K(16000K) Class: 2659K(2752K)->2659K(2752K)
[192.903s][info][gc             ] GC(682) Pause Young (Allocation Failure) 735M->575M(873M) 70.579ms
[192.903s][info][gc,cpu         ] GC(682) User=0.14s Sys=0.00s Real=0.07s
[193.038s][info][gc,start       ] GC(683) Pause Young (Allocation Failure)
[193.110s][info][gc,heap        ] GC(683) PSYoungGen: 226571K(226816K)->59499K(231424K) Eden: 166912K(166912K)->0K(140288K) From: 59659K(59904K)->59499K(91136K)
[193.110s][info][gc,heap        ] GC(683) ParOldGen: 529666K(667648K)->529890K(667648K)
[193.110s][info][gc,metaspace   ] GC(683) Metaspace: 18575K(18752K)->18575K(18752K) NonClass: 15916K(16000K)->15916K(16000K) Class: 2659K(2752K)->2659K(2752K)
[193.110s][info][gc             ] GC(683) Pause Young (Allocation Failure) 738M->575M(878M) 71.558ms
[193.110s][info][gc,cpu         ] GC(683) User=0.14s Sys=0.00s Real=0.07s
[193.273s][info][gc,start       ] GC(684) Pause Young (Allocation Failure)
[193.357s][info][gc,heap        ] GC(684) PSYoungGen: 199787K(231424K)->74876K(215552K) Eden: 140288K(140288K)->0K(140288K) From: 59499K(91136K)->74876K(75264K)
[193.357s][info][gc,heap        ] GC(684) ParOldGen: 529890K(667648K)->530090K(667648K)
[193.357s][info][gc,metaspace   ] GC(684) Metaspace: 18575K(18752K)->18575K(18752K) NonClass: 15916K(16000K)->15916K(16000K) Class: 2659K(2752K)->2659K(2752K)
[193.357s][info][gc             ] GC(684) Pause Young (Allocation Failure) 712M->590M(862M) 83.342ms
[193.357s][info][gc,cpu         ] GC(684) User=0.17s Sys=0.00s Real=0.09s
[193.508s][info][gc,start       ] GC(685) Pause Young (Allocation Failure)
[193.619s][info][gc,heap        ] GC(685) PSYoungGen: 215164K(215552K)->91484K(218112K) Eden: 140288K(140288K)->0K(111616K) From: 74876K(75264K)->91484K(106496K)
[193.619s][info][gc,heap        ] GC(685) ParOldGen: 530090K(667648K)->530394K(667648K)
[193.619s][info][gc,metaspace   ] GC(685) Metaspace: 18575K(18752K)->18575K(18752K) NonClass: 15916K(16000K)->15916K(16000K) Class: 2659K(2752K)->2659K(2752K)
[193.619s][info][gc             ] GC(685) Pause Young (Allocation Failure) 727M->607M(865M) 111.718ms
[193.619s][info][gc,cpu         ] GC(685) User=0.21s Sys=0.01s Real=0.11s
[193.789s][info][gc,start       ] GC(686) Pause Young (Allocation Failure)
[193.923s][info][gc,heap        ] GC(686) PSYoungGen: 203100K(218112K)->91296K(222720K) Eden: 111616K(111616K)->0K(111616K) From: 91484K(106496K)->91296K(111104K)
[193.923s][info][gc,heap        ] GC(686) ParOldGen: 530394K(667648K)->549178K(667648K)
[193.923s][info][gc,metaspace   ] GC(686) Metaspace: 18575K(18752K)->18575K(18752K) NonClass: 15916K(16000K)->15916K(16000K) Class: 2659K(2752K)->2659K(2752K)
[193.923s][info][gc             ] GC(686) Pause Young (Allocation Failure) 716M->625M(869M) 133.961ms
[193.923s][info][gc,cpu         ] GC(686) User=0.26s Sys=0.00s Real=0.13s
[194.058s][info][gc,start       ] GC(687) Pause Young (Allocation Failure)
[194.157s][info][gc,heap        ] GC(687) PSYoungGen: 202912K(222720K)->91488K(222720K) Eden: 111616K(111616K)->0K(111616K) From: 91296K(111104K)->91488K(111104K)
[194.157s][info][gc,heap        ] GC(687) ParOldGen: 549178K(667648K)->562562K(667648K)
[194.157s][info][gc,metaspace   ] GC(687) Metaspace: 18575K(18752K)->18575K(18752K) NonClass: 15916K(16000K)->15916K(16000K) Class: 2659K(2752K)->2659K(2752K)
[194.157s][info][gc             ] GC(687) Pause Young (Allocation Failure) 734M->638M(869M) 99.349ms
[194.157s][info][gc,cpu         ] GC(687) User=0.19s Sys=0.00s Real=0.10s
[194.260s][info][gc,start       ] GC(688) Pause Young (Allocation Failure)
[194.348s][info][gc,heap        ] GC(688) PSYoungGen: 203104K(222720K)->68848K(222720K) Eden: 111616K(111616K)->0K(111616K) From: 91488K(111104K)->68848K(111104K)
[194.348s][info][gc,heap        ] GC(688) ParOldGen: 562562K(667648K)->585994K(667648K)
[194.348s][info][gc,metaspace   ] GC(688) Metaspace: 18575K(18752K)->18575K(18752K) NonClass: 15916K(16000K)->15916K(16000K) Class: 2659K(2752K)->2659K(2752K)
[194.348s][info][gc             ] GC(688) Pause Young (Allocation Failure) 747M->639M(869M) 88.400ms
[194.348s][info][gc,cpu         ] GC(688) User=0.17s Sys=0.00s Real=0.09s
[194.468s][info][gc,start       ] GC(689) Pause Young (Allocation Failure)
[194.539s][info][gc,heap        ] GC(689) PSYoungGen: 180464K(222720K)->69296K(222720K) Eden: 111616K(111616K)->0K(111616K) From: 68848K(111104K)->69296K(111104K)
[194.539s][info][gc,heap        ] GC(689) ParOldGen: 585994K(667648K)->589538K(667648K)
[194.539s][info][gc,metaspace   ] GC(689) Metaspace: 18575K(18752K)->18575K(18752K) NonClass: 15916K(16000K)->15916K(16000K) Class: 2659K(2752K)->2659K(2752K)
[194.539s][info][gc             ] GC(689) Pause Young (Allocation Failure) 748M->643M(869M) 70.743ms
[194.539s][info][gc,cpu         ] GC(689) User=0.14s Sys=0.00s Real=0.07s
[194.677s][info][gc,start       ] GC(690) Pause Young (Allocation Failure)
[194.747s][info][gc,heap        ] GC(690) PSYoungGen: 180912K(222720K)->38880K(222720K) Eden: 111616K(111616K)->0K(111616K) From: 69296K(111104K)->38880K(111104K)
[194.747s][info][gc,heap        ] GC(690) ParOldGen: 589538K(667648K)->622067K(667648K)
[194.747s][info][gc,metaspace   ] GC(690) Metaspace: 18577K(18752K)->18577K(18752K) NonClass: 15918K(16000K)->15918K(16000K) Class: 2659K(2752K)->2659K(2752K)
[194.747s][info][gc             ] GC(690) Pause Young (Allocation Failure) 752M->645M(869M) 69.834ms
[194.747s][info][gc,cpu         ] GC(690) User=0.14s Sys=0.00s Real=0.07s
[194.823s][info][gc,start       ] GC(691) Pause Young (Allocation Failure)
[194.863s][info][gc,heap        ] GC(691) PSYoungGen: 150496K(222720K)->6784K(222720K) Eden: 111616K(111616K)->0K(111616K) From: 38880K(111104K)->6784K(111104K)
[194.863s][info][gc,heap        ] GC(691) ParOldGen: 622067K(667648K)->654267K(667648K)
[194.863s][info][gc,metaspace   ] GC(691) Metaspace: 18577K(18752K)->18577K(18752K) NonClass: 15918K(16000K)->15918K(16000K) Class: 2659K(2752K)->2659K(2752K)
[194.863s][info][gc             ] GC(691) Pause Young (Allocation Failure) 754M->645M(869M) 39.683ms
[194.863s][info][gc,cpu         ] GC(691) User=0.08s Sys=0.00s Real=0.04s
[194.997s][info][gc,start       ] GC(692) Pause Full (Allocation Failure)
[194.997s][info][gc,phases,start] GC(692) Marking Phase
[195.248s][info][gc,phases      ] GC(692) Marking Phase 251.510ms
[195.248s][info][gc,phases,start] GC(692) Summary Phase
[195.249s][info][gc,phases      ] GC(692) Summary Phase 0.025ms
[195.249s][info][gc,phases,start] GC(692) Forward
[195.382s][info][gc,phases      ] GC(692) Forward 133.079ms
[195.382s][info][gc,phases,start] GC(692) Adjust Pointers
[195.576s][info][gc,phases      ] GC(692) Adjust Pointers 194.460ms
[195.576s][info][gc,phases,start] GC(692) Compaction Phase
[195.691s][info][gc,phases      ] GC(692) Compaction Phase 115.020ms
[195.703s][info][gc,phases,start] GC(692) Post Compact
[195.705s][info][gc,phases      ] GC(692) Post Compact 2.235ms
[195.705s][info][gc,heap        ] GC(692) PSYoungGen: 118400K(222720K)->0K(222720K) Eden: 111616K(111616K)->0K(111616K) From: 6784K(111104K)->0K(111104K)
[195.705s][info][gc,heap        ] GC(692) ParOldGen: 654267K(667648K)->360800K(667648K)
[195.705s][info][gc,metaspace   ] GC(692) Metaspace: 18577K(18752K)->18577K(18752K) NonClass: 15918K(16000K)->15918K(16000K) Class: 2659K(2752K)->2659K(2752K)
[195.706s][info][gc             ] GC(692) Pause Full (Allocation Failure) 754M->352M(869M) 708.642ms
[195.706s][info][gc,cpu         ] GC(692) User=1.25s Sys=0.00s Real=0.70s
[195.854s][info][gc,start       ] GC(693) Pause Young (Allocation Failure)
[195.864s][info][gc,heap        ] GC(693) PSYoungGen: 111616K(222720K)->8576K(222720K) Eden: 111616K(111616K)->0K(111616K) From: 0K(111104K)->8576K(111104K)
[195.864s][info][gc,heap        ] GC(693) ParOldGen: 360800K(667648K)->360800K(667648K)
[195.864s][info][gc,metaspace   ] GC(693) Metaspace: 18577K(18752K)->18577K(18752K) NonClass: 15918K(16000K)->15918K(16000K) Class: 2659K(2752K)->2659K(2752K)
[195.864s][info][gc             ] GC(693) Pause Young (Allocation Failure) 461M->360M(869M) 10.046ms
[195.864s][info][gc,cpu         ] GC(693) User=0.02s Sys=0.00s Real=0.01s
[196.179s][info][gc,start       ] GC(694) Pause Young (Allocation Failure)
[196.189s][info][gc,heap        ] GC(694) PSYoungGen: 120192K(222720K)->8640K(222720K) Eden: 111616K(111616K)->0K(111616K) From: 8576K(111104K)->8640K(111104K)
[196.189s][info][gc,heap        ] GC(694) ParOldGen: 360800K(667648K)->360800K(667648K)
[196.189s][info][gc,metaspace   ] GC(694) Metaspace: 18577K(18752K)->18577K(18752K) NonClass: 15918K(16000K)->15918K(16000K) Class: 2659K(2752K)->2659K(2752K)
[196.189s][info][gc             ] GC(694) Pause Young (Allocation Failure) 469M->360M(869M) 9.713ms
[196.189s][info][gc,cpu         ] GC(694) User=0.01s Sys=0.00s Real=0.01s
[196.443s][info][gc,start       ] GC(695) Pause Young (Allocation Failure)
[196.453s][info][gc,heap        ] GC(695) PSYoungGen: 120256K(222720K)->224K(222720K) Eden: 111616K(111616K)->0K(111616K) From: 8640K(111104K)->224K(111104K)
[196.453s][info][gc,heap        ] GC(695) ParOldGen: 360800K(667648K)->369400K(667648K)
[196.453s][info][gc,metaspace   ] GC(695) Metaspace: 18577K(18752K)->18577K(18752K) NonClass: 15918K(16000K)->15918K(16000K) Class: 2659K(2752K)->2659K(2752K)
[196.453s][info][gc             ] GC(695) Pause Young (Allocation Failure) 469M->360M(869M) 10.269ms
[196.453s][info][gc,cpu         ] GC(695) User=0.02s Sys=0.00s Real=0.01s
[196.698s][info][gc,start       ] GC(696) Pause Young (Allocation Failure)
[196.700s][info][gc,heap        ] GC(696) PSYoungGen: 111840K(222720K)->64K(222720K) Eden: 111616K(111616K)->0K(111616K) From: 224K(111104K)->64K(111104K)
[196.700s][info][gc,heap        ] GC(696) ParOldGen: 369400K(667648K)->369569K(667648K)
[196.700s][info][gc,metaspace   ] GC(696) Metaspace: 18577K(18752K)->18577K(18752K) NonClass: 15918K(16000K)->15918K(16000K) Class: 2659K(2752K)->2659K(2752K)
[196.700s][info][gc             ] GC(696) Pause Young (Allocation Failure) 469M->360M(869M) 1.860ms
[196.700s][info][gc,cpu         ] GC(696) User=0.00s Sys=0.00s Real=0.00s
[196.921s][info][gc,start       ] GC(697) Pause Young (Allocation Failure)
[196.923s][info][gc,heap        ] GC(697) PSYoungGen: 111680K(222720K)->64K(222720K) Eden: 111616K(111616K)->0K(111616K) From: 64K(111104K)->64K(111104K)
[196.923s][info][gc,heap        ] GC(697) ParOldGen: 369569K(667648K)->369617K(667648K)
[196.923s][info][gc,metaspace   ] GC(697) Metaspace: 18577K(18752K)->18577K(18752K) NonClass: 15918K(16000K)->15918K(16000K) Class: 2659K(2752K)->2659K(2752K)
[196.923s][info][gc             ] GC(697) Pause Young (Allocation Failure) 469M->361M(869M) 1.756ms
[196.923s][info][gc,cpu         ] GC(697) User=0.00s Sys=0.00s Real=0.00s
[197.192s][info][gc,start       ] GC(698) Pause Young (Allocation Failure)
[197.196s][info][gc,heap        ] GC(698) PSYoungGen: 111680K(222720K)->128K(222720K) Eden: 111616K(111616K)->0K(111616K) From: 64K(111104K)->128K(111104K)
[197.196s][info][gc,heap        ] GC(698) ParOldGen: 369617K(667648K)->369633K(667648K)
[197.196s][info][gc,metaspace   ] GC(698) Metaspace: 18586K(18816K)->18586K(18816K) NonClass: 15927K(16064K)->15927K(16064K) Class: 2659K(2752K)->2659K(2752K)
[197.196s][info][gc             ] GC(698) Pause Young (Allocation Failure) 470M->361M(869M) 3.884ms
[197.196s][info][gc,cpu         ] GC(698) User=0.00s Sys=0.00s Real=0.01s
[197.402s][info][gc,start       ] GC(699) Pause Young (Allocation Failure)
[197.409s][info][gc,heap        ] GC(699) PSYoungGen: 111744K(222720K)->5408K(218624K) Eden: 111616K(111616K)->0K(111616K) From: 128K(111104K)->5408K(107008K)
[197.409s][info][gc,heap        ] GC(699) ParOldGen: 369633K(667648K)->369713K(667648K)
[197.409s][info][gc,metaspace   ] GC(699) Metaspace: 18586K(18816K)->18586K(18816K) NonClass: 15927K(16064K)->15927K(16064K) Class: 2659K(2752K)->2659K(2752K)
[197.409s][info][gc             ] GC(699) Pause Young (Allocation Failure) 470M->366M(865M) 7.154ms
[197.409s][info][gc,cpu         ] GC(699) User=0.01s Sys=0.00s Real=0.01s
[197.555s][info][gc,start       ] GC(700) Pause Young (Allocation Failure)
[197.582s][info][gc,heap        ] GC(700) PSYoungGen: 117024K(218624K)->33974K(220672K) Eden: 111616K(111616K)->0K(111616K) From: 5408K(107008K)->33974K(109056K)
[197.582s][info][gc,heap        ] GC(700) ParOldGen: 369713K(667648K)->369713K(667648K)
[197.582s][info][gc,metaspace   ] GC(700) Metaspace: 18586K(18816K)->18586K(18816K) NonClass: 15927K(16064K)->15927K(16064K) Class: 2659K(2752K)->2659K(2752K)
[197.582s][info][gc             ] GC(700) Pause Young (Allocation Failure) 475M->394M(867M) 27.390ms
[197.582s][info][gc,cpu         ] GC(700) User=0.05s Sys=0.00s Real=0.03s
[197.620s][info][gc,start       ] GC(701) Pause Young (Allocation Failure)
[197.679s][info][gc,heap        ] GC(701) PSYoungGen: 145590K(220672K)->82550K(215552K) Eden: 111616K(111616K)->0K(111104K) From: 33974K(109056K)->82550K(104448K)
[197.679s][info][gc,heap        ] GC(701) ParOldGen: 369713K(667648K)->369713K(667648K)
[197.679s][info][gc,metaspace   ] GC(701) Metaspace: 18586K(18816K)->18586K(18816K) NonClass: 15927K(16064K)->15927K(16064K) Class: 2659K(2752K)->2659K(2752K)
[197.679s][info][gc             ] GC(701) Pause Young (Allocation Failure) 503M->441M(862M) 58.688ms
[197.679s][info][gc,cpu         ] GC(701) User=0.11s Sys=0.00s Real=0.06s
[197.713s][info][gc,start       ] GC(702) Pause Young (Allocation Failure)
[197.797s][info][gc,heap        ] GC(702) PSYoungGen: 193654K(215552K)->95568K(222208K) Eden: 111104K(111104K)->0K(111104K) From: 82550K(104448K)->95568K(111104K)
[197.797s][info][gc,heap        ] GC(702) ParOldGen: 369713K(667648K)->404024K(667648K)
[197.797s][info][gc,metaspace   ] GC(702) Metaspace: 18586K(18816K)->18586K(18816K) NonClass: 15927K(16064K)->15927K(16064K) Class: 2659K(2752K)->2659K(2752K)
[197.797s][info][gc             ] GC(702) Pause Young (Allocation Failure) 550M->487M(869M) 83.610ms
[197.797s][info][gc,cpu         ] GC(702) User=0.17s Sys=0.00s Real=0.09s
[197.850s][info][gc,start       ] GC(703) Pause Young (Allocation Failure)
[197.941s][info][gc,heap        ] GC(703) PSYoungGen: 206672K(222208K)->46688K(222720K) Eden: 111104K(111104K)->0K(111616K) From: 95568K(111104K)->46688K(111104K)
[197.941s][info][gc,heap        ] GC(703) ParOldGen: 404024K(667648K)->500704K(667648K)
[197.941s][info][gc,metaspace   ] GC(703) Metaspace: 18586K(18816K)->18586K(18816K) NonClass: 15927K(16064K)->15927K(16064K) Class: 2659K(2752K)->2659K(2752K)
[197.941s][info][gc             ] GC(703) Pause Young (Allocation Failure) 596M->534M(869M) 90.697ms
[197.941s][info][gc,cpu         ] GC(703) User=0.18s Sys=0.00s Real=0.09s
[198.134s][info][gc,start       ] GC(704) Pause Young (Allocation Failure)
[198.196s][info][gc,heap        ] GC(704) PSYoungGen: 158304K(222720K)->25056K(222720K) Eden: 111616K(111616K)->0K(111616K) From: 46688K(111104K)->25056K(111104K)
[198.196s][info][gc,heap        ] GC(704) ParOldGen: 500704K(667648K)->547980K(667648K)
[198.196s][info][gc,metaspace   ] GC(704) Metaspace: 18587K(18816K)->18587K(18816K) NonClass: 15928K(16064K)->15928K(16064K) Class: 2659K(2752K)->2659K(2752K)
[198.196s][info][gc             ] GC(704) Pause Young (Allocation Failure) 643M->559M(869M) 61.507ms
[198.196s][info][gc,cpu         ] GC(704) User=0.13s Sys=0.00s Real=0.06s
[198.431s][info][gc,start       ] GC(705) Pause Young (Allocation Failure)
[198.474s][info][gc,heap        ] GC(705) PSYoungGen: 136672K(222720K)->12608K(222720K) Eden: 111616K(111616K)->0K(111616K) From: 25056K(111104K)->12608K(111104K)
[198.474s][info][gc,heap        ] GC(705) ParOldGen: 547980K(667648K)->573265K(667648K)
[198.474s][info][gc,metaspace   ] GC(705) Metaspace: 18587K(18816K)->18587K(18816K) NonClass: 15928K(16064K)->15928K(16064K) Class: 2659K(2752K)->2659K(2752K)
[198.474s][info][gc             ] GC(705) Pause Young (Allocation Failure) 668M->572M(869M) 43.221ms
[198.474s][info][gc,cpu         ] GC(705) User=0.09s Sys=0.00s Real=0.04s
[198.583s][info][gc,start       ] GC(706) Pause Young (Allocation Failure)
[198.610s][info][gc,heap        ] GC(706) PSYoungGen: 124224K(222720K)->3840K(222720K) Eden: 111616K(111616K)->0K(111616K) From: 12608K(111104K)->3840K(111104K)
[198.610s][info][gc,heap        ] GC(706) ParOldGen: 573265K(667648K)->585857K(667648K)
[198.610s][info][gc,metaspace   ] GC(706) Metaspace: 18587K(18816K)->18587K(18816K) NonClass: 15928K(16064K)->15928K(16064K) Class: 2659K(2752K)->2659K(2752K)
[198.610s][info][gc             ] GC(706) Pause Young (Allocation Failure) 681M->575M(869M) 26.805ms
[198.610s][info][gc,cpu         ] GC(706) User=0.06s Sys=0.00s Real=0.03s
[198.724s][info][gc,start       ] GC(707) Pause Young (Allocation Failure)
[198.749s][info][gc,heap        ] GC(707) PSYoungGen: 115456K(222720K)->992K(220672K) Eden: 111616K(111616K)->0K(111616K) From: 3840K(111104K)->992K(109056K)
[198.749s][info][gc,heap        ] GC(707) ParOldGen: 585857K(667648K)->589689K(667648K)
[198.749s][info][gc,metaspace   ] GC(707) Metaspace: 18587K(18816K)->18587K(18816K) NonClass: 15928K(16064K)->15928K(16064K) Class: 2659K(2752K)->2659K(2752K)
[198.749s][info][gc             ] GC(707) Pause Young (Allocation Failure) 684M->576M(867M) 25.292ms
[198.749s][info][gc,cpu         ] GC(707) User=0.05s Sys=0.00s Real=0.03s
[198.912s][info][gc,start       ] GC(708) Pause Young (Allocation Failure)
[198.965s][info][gc,heap        ] GC(708) PSYoungGen: 112608K(220672K)->26647K(138752K) Eden: 111616K(111616K)->0K(111616K) From: 992K(109056K)->26647K(27136K)
[198.965s][info][gc,heap        ] GC(708) ParOldGen: 589689K(667648K)->590649K(667648K)
[198.965s][info][gc,metaspace   ] GC(708) Metaspace: 18587K(18816K)->18587K(18816K) NonClass: 15928K(16064K)->15928K(16064K) Class: 2659K(2752K)->2659K(2752K)
[198.965s][info][gc             ] GC(708) Pause Young (Allocation Failure) 685M->602M(787M) 53.167ms
[198.965s][info][gc,cpu         ] GC(708) User=0.11s Sys=0.00s Real=0.05s
[199.124s][info][gc,start       ] GC(709) Pause Young (Allocation Failure)
[199.165s][info][gc,heap        ] GC(709) PSYoungGen: 138263K(138752K)->64K(219648K) Eden: 111616K(111616K)->0K(117248K) From: 26647K(27136K)->64K(102400K)
[199.165s][info][gc,heap        ] GC(709) ParOldGen: 590649K(667648K)->617319K(667648K)
[199.165s][info][gc,metaspace   ] GC(709) Metaspace: 18587K(18816K)->18587K(18816K) NonClass: 15928K(16064K)->15928K(16064K) Class: 2659K(2752K)->2659K(2752K)
[199.165s][info][gc             ] GC(709) Pause Young (Allocation Failure) 711M->602M(866M) 41.169ms
[199.165s][info][gc,cpu         ] GC(709) User=0.09s Sys=0.00s Real=0.04s
[199.329s][info][gc,start       ] GC(710) Pause Full (Allocation Failure)
[199.329s][info][gc,phases,start] GC(710) Marking Phase
[199.620s][info][gc,phases      ] GC(710) Marking Phase 291.229ms
[199.620s][info][gc,phases,start] GC(710) Summary Phase
[199.621s][info][gc,phases      ] GC(710) Summary Phase 0.026ms
[199.621s][info][gc,phases,start] GC(710) Forward
[199.733s][info][gc,phases      ] GC(710) Forward 112.793ms
[199.733s][info][gc,phases,start] GC(710) Adjust Pointers
[199.985s][info][gc,phases      ] GC(710) Adjust Pointers 251.850ms
[199.985s][info][gc,phases,start] GC(710) Compaction Phase
[200.126s][info][gc,phases      ] GC(710) Compaction Phase 140.975ms
[200.141s][info][gc,phases,start] GC(710) Post Compact
[200.144s][info][gc,phases      ] GC(710) Post Compact 2.163ms
[200.144s][info][gc,heap        ] GC(710) PSYoungGen: 117312K(219648K)->0K(217088K) Eden: 117248K(117248K)->0K(117248K) From: 64K(102400K)->0K(99840K)
[200.144s][info][gc,heap        ] GC(710) ParOldGen: 617319K(667648K)->459324K(667648K)
[200.144s][info][gc,metaspace   ] GC(710) Metaspace: 18587K(18816K)->18587K(18816K) NonClass: 15928K(16064K)->15928K(16064K) Class: 2659K(2752K)->2659K(2752K)
[200.144s][info][gc             ] GC(710) Pause Full (Allocation Failure) 717M->448M(864M) 814.632ms
[200.144s][info][gc,cpu         ] GC(710) User=1.53s Sys=0.00s Real=0.81s
[200.311s][info][gc,start       ] GC(711) Pause Young (Allocation Failure)
[200.313s][info][gc,heap        ] GC(711) PSYoungGen: 117248K(217088K)->64K(220672K) Eden: 117248K(117248K)->0K(129024K) From: 0K(99840K)->64K(91648K)
[200.313s][info][gc,heap        ] GC(711) ParOldGen: 459324K(667648K)->459324K(667648K)
[200.313s][info][gc,metaspace   ] GC(711) Metaspace: 18587K(18816K)->18587K(18816K) NonClass: 15928K(16064K)->15928K(16064K) Class: 2659K(2752K)->2659K(2752K)
[200.313s][info][gc             ] GC(711) Pause Young (Allocation Failure) 563M->448M(867M) 1.620ms
[200.313s][info][gc,cpu         ] GC(711) User=0.00s Sys=0.00s Real=0.00s
[200.489s][info][gc,start       ] GC(712) Pause Young (Allocation Failure)
[200.490s][info][gc,heap        ] GC(712) PSYoungGen: 129088K(220672K)->64K(225792K) Eden: 129024K(129024K)->0K(129024K) From: 64K(91648K)->64K(96768K)
[200.490s][info][gc,heap        ] GC(712) ParOldGen: 459324K(667648K)->459340K(667648K)
[200.490s][info][gc,metaspace   ] GC(712) Metaspace: 18587K(18816K)->18587K(18816K) NonClass: 15928K(16064K)->15928K(16064K) Class: 2659K(2752K)->2659K(2752K)
[200.490s][info][gc             ] GC(712) Pause Young (Allocation Failure) 574M->448M(872M) 1.647ms
[200.490s][info][gc,cpu         ] GC(712) User=0.01s Sys=0.00s Real=0.00s
[200.666s][info][gc,start       ] GC(713) Pause Young (Allocation Failure)
[200.667s][info][gc,heap        ] GC(713) PSYoungGen: 129088K(225792K)->64K(223232K) Eden: 129024K(129024K)->0K(138752K) From: 64K(96768K)->64K(84480K)
[200.667s][info][gc,heap        ] GC(713) ParOldGen: 459340K(667648K)->459340K(667648K)
[200.667s][info][gc,metaspace   ] GC(713) Metaspace: 18587K(18816K)->18587K(18816K) NonClass: 15928K(16064K)->15928K(16064K) Class: 2659K(2752K)->2659K(2752K)
[200.667s][info][gc             ] GC(713) Pause Young (Allocation Failure) 574M->448M(870M) 1.647ms
[200.667s][info][gc,cpu         ] GC(713) User=0.01s Sys=0.00s Real=0.01s
[200.849s][info][gc,start       ] GC(714) Pause Young (Allocation Failure)
[200.855s][info][gc,heap        ] GC(714) PSYoungGen: 138816K(223232K)->4288K(228352K) Eden: 138752K(138752K)->0K(138752K) From: 64K(84480K)->4288K(89600K)
[200.855s][info][gc,heap        ] GC(714) ParOldGen: 459340K(667648K)->459340K(667648K)
[200.855s][info][gc,metaspace   ] GC(714) Metaspace: 18587K(18816K)->18587K(18816K) NonClass: 15928K(16064K)->15928K(16064K) Class: 2659K(2752K)->2659K(2752K)
[200.855s][info][gc             ] GC(714) Pause Young (Allocation Failure) 584M->452M(875M) 6.663ms
[200.855s][info][gc,cpu         ] GC(714) User=0.01s Sys=0.00s Real=0.00s
[200.987s][info][gc,start       ] GC(715) Pause Young (Allocation Failure)
[201.013s][info][gc,heap        ] GC(715) PSYoungGen: 143040K(228352K)->23840K(226816K) Eden: 138752K(138752K)->0K(149504K) From: 4288K(89600K)->23840K(77312K)
[201.013s][info][gc,heap        ] GC(715) ParOldGen: 459340K(667648K)->459340K(667648K)
[201.013s][info][gc,metaspace   ] GC(715) Metaspace: 18587K(18816K)->18587K(18816K) NonClass: 15928K(16064K)->15928K(16064K) Class: 2659K(2752K)->2659K(2752K)
[201.013s][info][gc             ] GC(715) Pause Young (Allocation Failure) 588M->471M(873M) 25.632ms
[201.013s][info][gc,cpu         ] GC(715) User=0.05s Sys=0.00s Real=0.02s
[201.135s][info][gc,start       ] GC(716) Pause Young (Allocation Failure)
[201.166s][info][gc,heap        ] GC(716) PSYoungGen: 173344K(226816K)->31040K(229888K) Eden: 149504K(149504K)->0K(149504K) From: 23840K(77312K)->31040K(80384K)
[201.166s][info][gc,heap        ] GC(716) ParOldGen: 459340K(667648K)->459340K(667648K)
[201.166s][info][gc,metaspace   ] GC(716) Metaspace: 18587K(18816K)->18587K(18816K) NonClass: 15928K(16064K)->15928K(16064K) Class: 2659K(2752K)->2659K(2752K)
[201.166s][info][gc             ] GC(716) Pause Young (Allocation Failure) 617M->478M(876M) 30.950ms
[201.166s][info][gc,cpu         ] GC(716) User=0.06s Sys=0.00s Real=0.03s
[201.299s][info][gc,start       ] GC(717) Pause Young (Allocation Failure)
[201.332s][info][gc,heap        ] GC(717) PSYoungGen: 180544K(229888K)->32800K(241664K) Eden: 149504K(149504K)->0K(163328K) From: 31040K(80384K)->32800K(78336K)
[201.332s][info][gc,heap        ] GC(717) ParOldGen: 459340K(667648K)->459340K(667648K)
[201.332s][info][gc,metaspace   ] GC(717) Metaspace: 18587K(18816K)->18587K(18816K) NonClass: 15928K(16064K)->15928K(16064K) Class: 2659K(2752K)->2659K(2752K)
[201.332s][info][gc             ] GC(717) Pause Young (Allocation Failure) 624M->480M(888M) 32.344ms
[201.332s][info][gc,cpu         ] GC(717) User=0.06s Sys=0.00s Real=0.03s
[201.525s][info][gc,start       ] GC(718) Pause Young (Allocation Failure)
[201.598s][info][gc,heap        ] GC(718) PSYoungGen: 196128K(241664K)->40128K(241664K) Eden: 163328K(163328K)->0K(163328K) From: 32800K(78336K)->40128K(78336K)
[201.598s][info][gc,heap        ] GC(718) ParOldGen: 459340K(667648K)->459340K(667648K)
[201.598s][info][gc,metaspace   ] GC(718) Metaspace: 18590K(18816K)->18590K(18816K) NonClass: 15931K(16064K)->15931K(16064K) Class: 2659K(2752K)->2659K(2752K)
[201.598s][info][gc             ] GC(718) Pause Young (Allocation Failure) 640M->487M(888M) 72.854ms
[201.598s][info][gc,cpu         ] GC(718) User=0.14s Sys=0.00s Real=0.08s
[201.906s][info][gc,start       ] GC(719) Pause Young (Allocation Failure)
[201.964s][info][gc,heap        ] GC(719) PSYoungGen: 203456K(241664K)->40960K(251904K) Eden: 163328K(163328K)->0K(172032K) From: 40128K(78336K)->40960K(79872K)
[201.964s][info][gc,heap        ] GC(719) ParOldGen: 459340K(667648K)->459340K(667648K)
[201.964s][info][gc,metaspace   ] GC(719) Metaspace: 18590K(18816K)->18590K(18816K) NonClass: 15931K(16064K)->15931K(16064K) Class: 2659K(2752K)->2659K(2752K)
[201.964s][info][gc             ] GC(719) Pause Young (Allocation Failure) 647M->488M(898M) 58.670ms
[201.964s][info][gc,cpu         ] GC(719) User=0.08s Sys=0.01s Real=0.06s
[202.272s][info][gc,start       ] GC(720) Pause Young (Allocation Failure)
[202.311s][info][gc,heap        ] GC(720) PSYoungGen: 212992K(251904K)->41088K(213504K) Eden: 172032K(172032K)->0K(172032K) From: 40960K(79872K)->41088K(41472K)
[202.311s][info][gc,heap        ] GC(720) ParOldGen: 459340K(667648K)->459340K(667648K)
[202.311s][info][gc,metaspace   ] GC(720) Metaspace: 18590K(18816K)->18590K(18816K) NonClass: 15931K(16064K)->15931K(16064K) Class: 2659K(2752K)->2659K(2752K)
[202.311s][info][gc             ] GC(720) Pause Young (Allocation Failure) 656M->488M(860M) 39.350ms
[202.311s][info][gc,cpu         ] GC(720) User=0.08s Sys=0.00s Real=0.04s
[202.625s][info][gc,start       ] GC(721) Pause Young (Allocation Failure)
[202.665s][info][gc,heap        ] GC(721) PSYoungGen: 213120K(213504K)->41088K(252416K) Eden: 172032K(172032K)->0K(171008K) From: 41088K(41472K)->41088K(81408K)
[202.665s][info][gc,heap        ] GC(721) ParOldGen: 459340K(667648K)->459340K(667648K)
[202.665s][info][gc,metaspace   ] GC(721) Metaspace: 18590K(18816K)->18590K(18816K) NonClass: 15931K(16064K)->15931K(16064K) Class: 2659K(2752K)->2659K(2752K)
[202.665s][info][gc             ] GC(721) Pause Young (Allocation Failure) 656M->488M(898M) 40.071ms
[202.665s][info][gc,cpu         ] GC(721) User=0.08s Sys=0.00s Real=0.04s
[202.901s][info][gc,start       ] GC(722) Pause Young (Allocation Failure)
[202.951s][info][gc,heap        ] GC(722) PSYoungGen: 212096K(252416K)->54144K(225280K) Eden: 171008K(171008K)->0K(171008K) From: 41088K(81408K)->54144K(54272K)
[202.952s][info][gc,heap        ] GC(722) ParOldGen: 459340K(667648K)->459340K(667648K)
[202.952s][info][gc,metaspace   ] GC(722) Metaspace: 18590K(18816K)->18590K(18816K) NonClass: 15931K(16064K)->15931K(16064K) Class: 2659K(2752K)->2659K(2752K)
[202.952s][info][gc             ] GC(722) Pause Young (Allocation Failure) 655M->501M(872M) 50.972ms
[202.952s][info][gc,cpu         ] GC(722) User=0.10s Sys=0.00s Real=0.05s
[203.129s][info][gc,start       ] GC(723) Pause Young (Allocation Failure)
[203.201s][info][gc,heap        ] GC(723) PSYoungGen: 225152K(225280K)->75744K(225280K) Eden: 171008K(171008K)->0K(139264K) From: 54144K(54272K)->75744K(86016K)
[203.201s][info][gc,heap        ] GC(723) ParOldGen: 459340K(667648K)->459340K(667648K)
[203.201s][info][gc,metaspace   ] GC(723) Metaspace: 18590K(18816K)->18590K(18816K) NonClass: 15931K(16064K)->15931K(16064K) Class: 2659K(2752K)->2659K(2752K)
[203.201s][info][gc             ] GC(723) Pause Young (Allocation Failure) 668M->522M(872M) 71.900ms
[203.201s][info][gc,cpu         ] GC(723) User=0.13s Sys=0.01s Real=0.07s
[203.353s][info][gc,start       ] GC(724) Pause Young (Allocation Failure)
[203.440s][info][gc,heap        ] GC(724) PSYoungGen: 215008K(225280K)->97264K(236544K) Eden: 139264K(139264K)->0K(139264K) From: 75744K(86016K)->97264K(97280K)
[203.440s][info][gc,heap        ] GC(724) ParOldGen: 459340K(667648K)->470024K(667648K)
[203.440s][info][gc,metaspace   ] GC(724) Metaspace: 18601K(18816K)->18601K(18816K) NonClass: 15941K(16064K)->15941K(16064K) Class: 2659K(2752K)->2659K(2752K)
[203.440s][info][gc             ] GC(724) Pause Young (Allocation Failure) 658M->553M(883M) 86.427ms
[203.440s][info][gc,cpu         ] GC(724) User=0.17s Sys=0.00s Real=0.09s
[203.648s][info][gc,start       ] GC(725) Pause Young (Allocation Failure)
[203.751s][info][gc,heap        ] GC(725) PSYoungGen: 236528K(236544K)->83632K(208896K) Eden: 139264K(139264K)->0K(111616K) From: 97264K(97280K)->83632K(97280K)
[203.751s][info][gc,heap        ] GC(725) ParOldGen: 470024K(667648K)->496848K(667648K)
[203.751s][info][gc,metaspace   ] GC(725) Metaspace: 18601K(18816K)->18601K(18816K) NonClass: 15941K(16064K)->15941K(16064K) Class: 2659K(2752K)->2659K(2752K)
[203.751s][info][gc             ] GC(725) Pause Young (Allocation Failure) 689M->566M(856M) 103.697ms
[203.751s][info][gc,cpu         ] GC(725) User=0.20s Sys=0.00s Real=0.10s
[203.911s][info][gc,start       ] GC(726) Pause Young (Allocation Failure)
[203.989s][info][gc,heap        ] GC(726) PSYoungGen: 195248K(208896K)->74608K(222720K) Eden: 111616K(111616K)->0K(111616K) From: 83632K(97280K)->74608K(111104K)
[203.989s][info][gc,heap        ] GC(726) ParOldGen: 496848K(667648K)->505936K(667648K)
[203.989s][info][gc,metaspace   ] GC(726) Metaspace: 18601K(18816K)->18601K(18816K) NonClass: 15941K(16064K)->15941K(16064K) Class: 2659K(2752K)->2659K(2752K)
[203.989s][info][gc             ] GC(726) Pause Young (Allocation Failure) 675M->566M(869M) 78.494ms
[203.989s][info][gc,cpu         ] GC(726) User=0.16s Sys=0.00s Real=0.08s
[204.147s][info][gc,start       ] GC(727) Pause Young (Allocation Failure)
[204.217s][info][gc,heap        ] GC(727) PSYoungGen: 186224K(222720K)->73616K(222720K) Eden: 111616K(111616K)->0K(111616K) From: 74608K(111104K)->73616K(111104K)
[204.217s][info][gc,heap        ] GC(727) ParOldGen: 505936K(667648K)->506910K(667648K)
[204.217s][info][gc,metaspace   ] GC(727) Metaspace: 18601K(18816K)->18601K(18816K) NonClass: 15941K(16064K)->15941K(16064K) Class: 2659K(2752K)->2659K(2752K)
[204.217s][info][gc             ] GC(727) Pause Young (Allocation Failure) 675M->566M(869M) 69.447ms
[204.217s][info][gc,cpu         ] GC(727) User=0.14s Sys=0.00s Real=0.07s
[204.376s][info][gc,start       ] GC(728) Pause Young (Allocation Failure)
[204.445s][info][gc,heap        ] GC(728) PSYoungGen: 185232K(222720K)->60560K(222720K) Eden: 111616K(111616K)->0K(111616K) From: 73616K(111104K)->60560K(111104K)
[204.445s][info][gc,heap        ] GC(728) ParOldGen: 506910K(667648K)->520022K(667648K)
[204.445s][info][gc,metaspace   ] GC(728) Metaspace: 18601K(18816K)->18601K(18816K) NonClass: 15941K(16064K)->15941K(16064K) Class: 2659K(2752K)->2659K(2752K)
[204.445s][info][gc             ] GC(728) Pause Young (Allocation Failure) 675M->566M(869M) 68.212ms
[204.445s][info][gc,cpu         ] GC(728) User=0.13s Sys=0.00s Real=0.06s
[204.605s][info][gc,start       ] GC(729) Pause Young (Allocation Failure)
[204.661s][info][gc,heap        ] GC(729) PSYoungGen: 172176K(222720K)->13152K(222720K) Eden: 111616K(111616K)->0K(111616K) From: 60560K(111104K)->13152K(111104K)
[204.661s][info][gc,heap        ] GC(729) ParOldGen: 520022K(667648K)->567929K(667648K)
[204.661s][info][gc,metaspace   ] GC(729) Metaspace: 18601K(18816K)->18601K(18816K) NonClass: 15941K(16064K)->15941K(16064K) Class: 2659K(2752K)->2659K(2752K)
[204.661s][info][gc             ] GC(729) Pause Young (Allocation Failure) 675M->567M(869M) 55.135ms
[204.661s][info][gc,cpu         ] GC(729) User=0.11s Sys=0.00s Real=0.06s
[204.819s][info][gc,start       ] GC(730) Pause Young (Allocation Failure)
[204.843s][info][gc,heap        ] GC(730) PSYoungGen: 124768K(222720K)->32K(222720K) Eden: 111616K(111616K)->0K(111616K) From: 13152K(111104K)->32K(111104K)
[204.843s][info][gc,heap        ] GC(730) ParOldGen: 567929K(667648K)->581069K(667648K)
[204.843s][info][gc,metaspace   ] GC(730) Metaspace: 18601K(18816K)->18601K(18816K) NonClass: 15941K(16064K)->15941K(16064K) Class: 2659K(2752K)->2659K(2752K)
[204.843s][info][gc             ] GC(730) Pause Young (Allocation Failure) 676M->567M(869M) 23.625ms
[204.843s][info][gc,cpu         ] GC(730) User=0.04s Sys=0.00s Real=0.02s
[205.002s][info][gc,start       ] GC(731) Pause Young (Allocation Failure)
[205.004s][info][gc,heap        ] GC(731) PSYoungGen: 111648K(222720K)->64K(222720K) Eden: 111616K(111616K)->0K(111616K) From: 32K(111104K)->64K(111104K)
[205.004s][info][gc,heap        ] GC(731) ParOldGen: 581069K(667648K)->581069K(667648K)
[205.004s][info][gc,metaspace   ] GC(731) Metaspace: 18601K(18816K)->18601K(18816K) NonClass: 15941K(16064K)->15941K(16064K) Class: 2659K(2752K)->2659K(2752K)
[205.004s][info][gc             ] GC(731) Pause Young (Allocation Failure) 676M->567M(869M) 1.876ms
[205.004s][info][gc,cpu         ] GC(731) User=0.00s Sys=0.00s Real=0.00s
[205.165s][info][gc,start       ] GC(732) Pause Young (Allocation Failure)
[205.167s][info][gc,heap        ] GC(732) PSYoungGen: 111680K(222720K)->64K(222720K) Eden: 111616K(111616K)->0K(111616K) From: 64K(111104K)->64K(111104K)
[205.167s][info][gc,heap        ] GC(732) ParOldGen: 581069K(667648K)->581069K(667648K)
[205.167s][info][gc,metaspace   ] GC(732) Metaspace: 18601K(18816K)->18601K(18816K) NonClass: 15941K(16064K)->15941K(16064K) Class: 2659K(2752K)->2659K(2752K)
[205.167s][info][gc             ] GC(732) Pause Young (Allocation Failure) 676M->567M(869M) 1.875ms
[205.167s][info][gc,cpu         ] GC(732) User=0.01s Sys=0.00s Real=0.01s
[205.359s][info][gc,start       ] GC(733) Pause Young (Allocation Failure)
[205.361s][info][gc,heap        ] GC(733) PSYoungGen: 111680K(222720K)->64K(222720K) Eden: 111616K(111616K)->0K(111616K) From: 64K(111104K)->64K(111104K)
[205.361s][info][gc,heap        ] GC(733) ParOldGen: 581069K(667648K)->581069K(667648K)
[205.361s][info][gc,metaspace   ] GC(733) Metaspace: 18601K(18816K)->18601K(18816K) NonClass: 15941K(16064K)->15941K(16064K) Class: 2659K(2752K)->2659K(2752K)
[205.361s][info][gc             ] GC(733) Pause Young (Allocation Failure) 676M->567M(869M) 1.907ms
[205.361s][info][gc,cpu         ] GC(733) User=0.00s Sys=0.00s Real=0.00s
[205.469s][info][gc,start       ] GC(734) Pause Young (Allocation Failure)
[205.489s][info][gc,heap        ] GC(734) PSYoungGen: 111680K(222720K)->17088K(222720K) Eden: 111616K(111616K)->0K(111616K) From: 64K(111104K)->17088K(111104K)
[205.489s][info][gc,heap        ] GC(734) ParOldGen: 581069K(667648K)->581069K(667648K)
[205.489s][info][gc,metaspace   ] GC(734) Metaspace: 18602K(18816K)->18602K(18816K) NonClass: 15943K(16064K)->15943K(16064K) Class: 2659K(2752K)->2659K(2752K)
[205.489s][info][gc             ] GC(734) Pause Young (Allocation Failure) 676M->584M(869M) 20.456ms
[205.489s][info][gc,cpu         ] GC(734) User=0.04s Sys=0.00s Real=0.02s
[205.593s][info][gc,start       ] GC(735) Pause Young (Allocation Failure)
[205.621s][info][gc,heap        ] GC(735) PSYoungGen: 128704K(222720K)->8736K(218624K) Eden: 111616K(111616K)->0K(111616K) From: 17088K(111104K)->8736K(107008K)
[205.621s][info][gc,heap        ] GC(735) ParOldGen: 581069K(667648K)->598149K(667648K)
[205.621s][info][gc,metaspace   ] GC(735) Metaspace: 18603K(18816K)->18603K(18816K) NonClass: 15944K(16064K)->15944K(16064K) Class: 2659K(2752K)->2659K(2752K)
[205.621s][info][gc             ] GC(735) Pause Young (Allocation Failure) 693M->592M(865M) 28.121ms
[205.621s][info][gc,cpu         ] GC(735) User=0.05s Sys=0.00s Real=0.03s
[205.723s][info][gc,start       ] GC(736) Pause Young (Allocation Failure)
[205.737s][info][gc,heap        ] GC(736) PSYoungGen: 120352K(218624K)->9888K(220672K) Eden: 111616K(111616K)->0K(111616K) From: 8736K(107008K)->9888K(109056K)
[205.737s][info][gc,heap        ] GC(736) ParOldGen: 598149K(667648K)->598149K(667648K)
[205.737s][info][gc,metaspace   ] GC(736) Metaspace: 18603K(18816K)->18603K(18816K) NonClass: 15944K(16064K)->15944K(16064K) Class: 2659K(2752K)->2659K(2752K)
[205.737s][info][gc             ] GC(736) Pause Young (Allocation Failure) 701M->593M(867M) 14.178ms
[205.737s][info][gc,cpu         ] GC(736) User=0.02s Sys=0.00s Real=0.02s
[205.841s][info][gc,start       ] GC(737) Pause Young (Allocation Failure)
[205.859s][info][gc,heap        ] GC(737) PSYoungGen: 121504K(220672K)->12544K(217600K) Eden: 111616K(111616K)->0K(120832K) From: 9888K(109056K)->12544K(96768K)
[205.859s][info][gc,heap        ] GC(737) ParOldGen: 598149K(667648K)->598149K(667648K)
[205.859s][info][gc,metaspace   ] GC(737) Metaspace: 18605K(18816K)->18605K(18816K) NonClass: 15946K(16064K)->15946K(16064K) Class: 2659K(2752K)->2659K(2752K)
[205.859s][info][gc             ] GC(737) Pause Young (Allocation Failure) 702M->596M(864M) 17.284ms
[205.859s][info][gc,cpu         ] GC(737) User=0.03s Sys=0.00s Real=0.02s
[205.976s][info][gc,start       ] GC(738) Pause Young (Allocation Failure)
[205.993s][info][gc,heap        ] GC(738) PSYoungGen: 133376K(217600K)->12608K(219648K) Eden: 120832K(120832K)->0K(120832K) From: 12544K(96768K)->12608K(98816K)
[205.993s][info][gc,heap        ] GC(738) ParOldGen: 598149K(667648K)->598149K(667648K)
[205.993s][info][gc,metaspace   ] GC(738) Metaspace: 18605K(18816K)->18605K(18816K) NonClass: 15946K(16064K)->15946K(16064K) Class: 2659K(2752K)->2659K(2752K)
[205.993s][info][gc             ] GC(738) Pause Young (Allocation Failure) 714M->596M(866M) 16.390ms
[205.993s][info][gc,cpu         ] GC(738) User=0.03s Sys=0.00s Real=0.01s
[206.081s][info][gc,start       ] GC(739) Pause Young (Allocation Failure)
[206.130s][info][gc,heap        ] GC(739) PSYoungGen: 133440K(219648K)->44064K(224768K) Eden: 120832K(120832K)->0K(131072K) From: 12608K(98816K)->44064K(93696K)
[206.130s][info][gc,heap        ] GC(739) ParOldGen: 598149K(667648K)->598149K(667648K)
[206.130s][info][gc,metaspace   ] GC(739) Metaspace: 18608K(18816K)->18608K(18816K) NonClass: 15949K(16064K)->15949K(16064K) Class: 2659K(2752K)->2659K(2752K)
[206.130s][info][gc             ] GC(739) Pause Young (Allocation Failure) 714M->627M(871M) 48.902ms
[206.130s][info][gc,cpu         ] GC(739) User=0.10s Sys=0.00s Real=0.05s
[206.271s][info][gc,start       ] GC(740) Pause Young (Allocation Failure)
[206.336s][info][gc,heap        ] GC(740) PSYoungGen: 175136K(224768K)->54016K(225280K) Eden: 131072K(131072K)->0K(131072K) From: 44064K(93696K)->54016K(94208K)
[206.336s][info][gc,heap        ] GC(740) ParOldGen: 598149K(667648K)->606877K(667648K)
[206.336s][info][gc,metaspace   ] GC(740) Metaspace: 18609K(18816K)->18609K(18816K) NonClass: 15950K(16064K)->15950K(16064K) Class: 2659K(2752K)->2659K(2752K)
[206.336s][info][gc             ] GC(740) Pause Young (Allocation Failure) 755M->645M(872M) 64.758ms
[206.336s][info][gc,cpu         ] GC(740) User=0.13s Sys=0.00s Real=0.07s
[206.545s][info][gc,start       ] GC(741) Pause Young (Allocation Failure)
[206.632s][info][gc,heap        ] GC(741) PSYoungGen: 185088K(225280K)->72448K(217600K) Eden: 131072K(131072K)->0K(119808K) From: 54016K(94208K)->72448K(97792K)
[206.632s][info][gc,heap        ] GC(741) ParOldGen: 606877K(667648K)->610709K(667648K)
[206.632s][info][gc,metaspace   ] GC(741) Metaspace: 18615K(18816K)->18615K(18816K) NonClass: 15956K(16064K)->15956K(16064K) Class: 2659K(2752K)->2659K(2752K)
[206.632s][info][gc             ] GC(741) Pause Young (Allocation Failure) 773M->667M(864M) 87.041ms
[206.632s][info][gc,cpu         ] GC(741) User=0.18s Sys=0.00s Real=0.09s
[206.746s][info][gc,start       ] GC(742) Pause Young (Allocation Failure)
[206.829s][info][gc,heap        ] GC(742) PSYoungGen: 192256K(217600K)->52736K(226816K) Eden: 119808K(119808K)->0K(119808K) From: 72448K(97792K)->52736K(107008K)
[206.829s][info][gc,heap        ] GC(742) ParOldGen: 610709K(667648K)->642261K(667648K)
[206.829s][info][gc,metaspace   ] GC(742) Metaspace: 18615K(18816K)->18615K(18816K) NonClass: 15956K(16064K)->15956K(16064K) Class: 2659K(2752K)->2659K(2752K)
[206.829s][info][gc             ] GC(742) Pause Young (Allocation Failure) 784M->678M(873M) 82.741ms
[206.829s][info][gc,cpu         ] GC(742) User=0.17s Sys=0.00s Real=0.09s
[206.944s][info][gc,start       ] GC(743) Pause Full (Allocation Failure)
[206.944s][info][gc,phases,start] GC(743) Marking Phase
[207.345s][info][gc,phases      ] GC(743) Marking Phase 400.547ms
[207.345s][info][gc,phases,start] GC(743) Summary Phase
[207.345s][info][gc,phases      ] GC(743) Summary Phase 0.032ms
[207.345s][info][gc,phases,start] GC(743) Forward
[207.434s][info][gc,phases      ] GC(743) Forward 89.127ms
[207.434s][info][gc,phases,start] GC(743) Adjust Pointers
[207.741s][info][gc,phases      ] GC(743) Adjust Pointers 307.311ms
[207.741s][info][gc,phases,start] GC(743) Compaction Phase
[207.896s][info][gc,phases      ] GC(743) Compaction Phase 154.532ms
[207.904s][info][gc,phases,start] GC(743) Post Compact
[207.907s][info][gc,phases      ] GC(743) Post Compact 2.375ms
[207.907s][info][gc,heap        ] GC(743) PSYoungGen: 172544K(226816K)->0K(226816K) Eden: 119808K(119808K)->0K(119808K) From: 52736K(107008K)->0K(107008K)
[207.907s][info][gc,heap        ] GC(743) ParOldGen: 642261K(667648K)->570143K(667648K)
[207.907s][info][gc,metaspace   ] GC(743) Metaspace: 18619K(18816K)->18619K(18816K) NonClass: 15960K(16064K)->15960K(16064K) Class: 2659K(2752K)->2659K(2752K)
[207.907s][info][gc             ] GC(743) Pause Full (Allocation Failure) 795M->556M(873M) 962.898ms
[207.907s][info][gc,cpu         ] GC(743) User=1.87s Sys=0.01s Real=0.97s
[208.046s][info][gc,start       ] GC(744) Pause Young (Allocation Failure)
[208.056s][info][gc,heap        ] GC(744) PSYoungGen: 119808K(226816K)->1248K(121344K) Eden: 119808K(119808K)->0K(119808K) From: 0K(107008K)->1248K(1536K)
[208.056s][info][gc,heap        ] GC(744) ParOldGen: 570143K(667648K)->570143K(667648K)
[208.056s][info][gc,metaspace   ] GC(744) Metaspace: 18629K(18816K)->18629K(18816K) NonClass: 15970K(16064K)->15970K(16064K) Class: 2659K(2752K)->2659K(2752K)
[208.056s][info][gc             ] GC(744) Pause Young (Allocation Failure) 673M->557M(770M) 10.215ms
[208.056s][info][gc,cpu         ] GC(744) User=0.02s Sys=0.00s Real=0.01s
[208.170s][info][gc,start       ] GC(745) Pause Young (Allocation Failure)
[208.180s][info][gc,heap        ] GC(745) PSYoungGen: 121056K(121344K)->64K(227328K) Eden: 119808K(119808K)->0K(121856K) From: 1248K(1536K)->64K(105472K)
[208.180s][info][gc,heap        ] GC(745) ParOldGen: 570143K(667648K)->571367K(667648K)
[208.180s][info][gc,metaspace   ] GC(745) Metaspace: 18638K(18816K)->18638K(18816K) NonClass: 15978K(16064K)->15978K(16064K) Class: 2659K(2752K)->2659K(2752K)
[208.180s][info][gc             ] GC(745) Pause Young (Allocation Failure) 674M->558M(874M) 10.331ms
[208.180s][info][gc,cpu         ] GC(745) User=0.02s Sys=0.00s Real=0.01s
[208.323s][info][gc,start       ] GC(746) Pause Young (Allocation Failure)
[208.331s][info][gc,heap        ] GC(746) PSYoungGen: 121920K(227328K)->3264K(225280K) Eden: 121856K(121856K)->0K(121856K) From: 64K(105472K)->3264K(103424K)
[208.331s][info][gc,heap        ] GC(746) ParOldGen: 571367K(667648K)->571383K(667648K)
[208.331s][info][gc,metaspace   ] GC(746) Metaspace: 18638K(18816K)->18638K(18816K) NonClass: 15978K(16064K)->15978K(16064K) Class: 2659K(2752K)->2659K(2752K)
[208.331s][info][gc             ] GC(746) Pause Young (Allocation Failure) 677M->561M(872M) 7.458ms
[208.331s][info][gc,cpu         ] GC(746) User=0.02s Sys=0.00s Real=0.01s
[208.477s][info][gc,start       ] GC(747) Pause Young (Allocation Failure)
[208.485s][info][gc,heap        ] GC(747) PSYoungGen: 125120K(225280K)->5216K(226304K) Eden: 121856K(121856K)->0K(129024K) From: 3264K(103424K)->5216K(97280K)
[208.485s][info][gc,heap        ] GC(747) ParOldGen: 571383K(667648K)->571383K(667648K)
[208.485s][info][gc,metaspace   ] GC(747) Metaspace: 18639K(18816K)->18639K(18816K) NonClass: 15980K(16064K)->15980K(16064K) Class: 2659K(2752K)->2659K(2752K)
[208.485s][info][gc             ] GC(747) Pause Young (Allocation Failure) 680M->563M(873M) 8.078ms
[208.485s][info][gc,cpu         ] GC(747) User=0.01s Sys=0.00s Real=0.00s
[208.619s][info][gc,start       ] GC(748) Pause Young (Allocation Failure)
[208.662s][info][gc,heap        ] GC(748) PSYoungGen: 134240K(226304K)->42352K(225280K) Eden: 129024K(129024K)->0K(129024K) From: 5216K(97280K)->42352K(96256K)
[208.662s][info][gc,heap        ] GC(748) ParOldGen: 571383K(667648K)->571383K(667648K)
[208.662s][info][gc,metaspace   ] GC(748) Metaspace: 18640K(18816K)->18640K(18816K) NonClass: 15980K(16064K)->15980K(16064K) Class: 2659K(2752K)->2659K(2752K)
[208.662s][info][gc             ] GC(748) Pause Young (Allocation Failure) 689M->599M(872M) 42.484ms
[208.662s][info][gc,cpu         ] GC(748) User=0.08s Sys=0.00s Real=0.04s
[208.752s][info][gc,start       ] GC(749) Pause Young (Allocation Failure)
[208.835s][info][gc,heap        ] GC(749) PSYoungGen: 171376K(225280K)->84960K(207872K) Eden: 129024K(129024K)->0K(111616K) From: 42352K(96256K)->84960K(96256K)
[208.835s][info][gc,heap        ] GC(749) ParOldGen: 571383K(667648K)->571383K(667648K)
[208.835s][info][gc,metaspace   ] GC(749) Metaspace: 18640K(18816K)->18640K(18816K) NonClass: 15980K(16064K)->15980K(16064K) Class: 2659K(2752K)->2659K(2752K)
[208.835s][info][gc             ] GC(749) Pause Young (Allocation Failure) 725M->640M(855M) 82.379ms
[208.835s][info][gc,cpu         ] GC(749) User=0.16s Sys=0.00s Real=0.08s
[209.051s][info][gc,start       ] GC(750) Pause Young (Allocation Failure)
[209.130s][info][gc,heap        ] GC(750) PSYoungGen: 196576K(207872K)->91944K(222720K) Eden: 111616K(111616K)->0K(111616K) From: 84960K(96256K)->91944K(111104K)
[209.130s][info][gc,heap        ] GC(750) ParOldGen: 571383K(667648K)->576591K(667648K)
[209.130s][info][gc,metaspace   ] GC(750) Metaspace: 18640K(18816K)->18640K(18816K) NonClass: 15980K(16064K)->15980K(16064K) Class: 2659K(2752K)->2659K(2752K)
[209.130s][info][gc             ] GC(750) Pause Young (Allocation Failure) 749M->652M(869M) 79.089ms
[209.130s][info][gc,cpu         ] GC(750) User=0.14s Sys=0.00s Real=0.08s
[209.213s][info][gc,start       ] GC(751) Pause Young (Allocation Failure)
[209.290s][info][gc,heap        ] GC(751) PSYoungGen: 203560K(222720K)->19440K(222720K) Eden: 111616K(111616K)->0K(111616K) From: 91944K(111104K)->19440K(111104K)
[209.290s][info][gc,heap        ] GC(751) ParOldGen: 576591K(667648K)->656970K(667648K)
[209.290s][info][gc,metaspace   ] GC(751) Metaspace: 18640K(18816K)->18640K(18816K) NonClass: 15980K(16064K)->15980K(16064K) Class: 2659K(2752K)->2659K(2752K)
[209.291s][info][gc             ] GC(751) Pause Young (Allocation Failure) 761M->660M(869M) 77.418ms
[209.291s][info][gc,cpu         ] GC(751) User=0.15s Sys=0.00s Real=0.08s
[209.403s][info][gc,start       ] GC(752) Pause Full (Allocation Failure)
[209.403s][info][gc,phases,start] GC(752) Marking Phase
[209.880s][info][gc,phases      ] GC(752) Marking Phase 477.179ms
[209.880s][info][gc,phases,start] GC(752) Summary Phase
[209.880s][info][gc,phases      ] GC(752) Summary Phase 0.028ms
[209.880s][info][gc,phases,start] GC(752) Forward
[209.927s][info][gc,phases      ] GC(752) Forward 46.860ms
[209.927s][info][gc,phases,start] GC(752) Adjust Pointers
[210.265s][info][gc,phases      ] GC(752) Adjust Pointers 338.307ms
[210.265s][info][gc,phases,start] GC(752) Compaction Phase
[210.429s][info][gc,phases      ] GC(752) Compaction Phase 163.334ms
[210.429s][info][gc,phases,start] GC(752) Post Compact
[210.431s][info][gc,phases      ] GC(752) Post Compact 2.282ms
[210.431s][info][gc,heap        ] GC(752) PSYoungGen: 131056K(222720K)->9665K(222720K) Eden: 111616K(111616K)->0K(111616K) From: 19440K(111104K)->9665K(111104K)
[210.431s][info][gc,heap        ] GC(752) ParOldGen: 656970K(667648K)->667284K(667648K)
[210.431s][info][gc,metaspace   ] GC(752) Metaspace: 18640K(18816K)->18640K(18816K) NonClass: 15980K(16064K)->15980K(16064K) Class: 2659K(2752K)->2659K(2752K)
[210.431s][info][gc             ] GC(752) Pause Full (Allocation Failure) 769M->661M(869M) 1028.458ms
[210.431s][info][gc,cpu         ] GC(752) User=2.01s Sys=0.00s Real=1.03s
[210.578s][info][gc,start       ] GC(753) Pause Full (Allocation Failure)
[210.578s][info][gc,phases,start] GC(753) Marking Phase
[211.057s][info][gc,phases      ] GC(753) Marking Phase 478.353ms
[211.057s][info][gc,phases,start] GC(753) Summary Phase
[211.057s][info][gc,phases      ] GC(753) Summary Phase 0.025ms
[211.057s][info][gc,phases,start] GC(753) Forward
[211.059s][info][gc,phases      ] GC(753) Forward 2.722ms
[211.059s][info][gc,phases,start] GC(753) Adjust Pointers
[211.385s][info][gc,phases      ] GC(753) Adjust Pointers 325.881ms
[211.385s][info][gc,phases,start] GC(753) Compaction Phase
[211.532s][info][gc,phases      ] GC(753) Compaction Phase 146.158ms
[211.532s][info][gc,phases,start] GC(753) Post Compact
[211.534s][info][gc,phases      ] GC(753) Post Compact 2.309ms
[211.534s][info][gc,heap        ] GC(753) PSYoungGen: 121281K(222720K)->9664K(222720K) Eden: 111616K(111616K)->0K(111616K) From: 9665K(111104K)->9664K(111104K)
[211.534s][info][gc,heap        ] GC(753) ParOldGen: 667284K(667648K)->667520K(667648K)
[211.534s][info][gc,metaspace   ] GC(753) Metaspace: 18640K(18816K)->18640K(18816K) NonClass: 15980K(16064K)->15980K(16064K) Class: 2659K(2752K)->2659K(2752K)
[211.534s][info][gc             ] GC(753) Pause Full (Allocation Failure) 770M->661M(869M) 955.880ms
[211.534s][info][gc,cpu         ] GC(753) User=1.88s Sys=0.01s Real=0.95s
[211.717s][info][gc,start       ] GC(754) Pause Full (Allocation Failure)
[211.717s][info][gc,phases,start] GC(754) Marking Phase
[212.215s][info][gc,phases      ] GC(754) Marking Phase 497.737ms
[212.215s][info][gc,phases,start] GC(754) Summary Phase
[212.215s][info][gc,phases      ] GC(754) Summary Phase 0.026ms
[212.215s][info][gc,phases,start] GC(754) Forward
[212.218s][info][gc,phases      ] GC(754) Forward 2.696ms
[212.218s][info][gc,phases,start] GC(754) Adjust Pointers
[212.549s][info][gc,phases      ] GC(754) Adjust Pointers 331.334ms
[212.549s][info][gc,phases,start] GC(754) Compaction Phase
[212.696s][info][gc,phases      ] GC(754) Compaction Phase 146.659ms
[212.696s][info][gc,phases,start] GC(754) Post Compact
[212.698s][info][gc,phases      ] GC(754) Post Compact 2.258ms
[212.698s][info][gc,heap        ] GC(754) PSYoungGen: 121280K(222720K)->9912K(222720K) Eden: 111616K(111616K)->9912K(111616K) From: 9664K(111104K)->0K(111104K)
[212.698s][info][gc,heap        ] GC(754) ParOldGen: 667520K(667648K)->667644K(667648K)
[212.698s][info][gc,metaspace   ] GC(754) Metaspace: 18640K(18816K)->18640K(18816K) NonClass: 15980K(16064K)->15980K(16064K) Class: 2659K(2752K)->2659K(2752K)
[212.698s][info][gc             ] GC(754) Pause Full (Allocation Failure) 770M->661M(869M) 981.131ms
[212.698s][info][gc,cpu         ] GC(754) User=1.92s Sys=0.00s Real=0.98s
[212.842s][info][gc,start       ] GC(755) Pause Full (Allocation Failure)
[212.842s][info][gc,phases,start] GC(755) Marking Phase
[213.324s][info][gc,phases      ] GC(755) Marking Phase 481.613ms
[213.324s][info][gc,phases,start] GC(755) Summary Phase
[213.324s][info][gc,phases      ] GC(755) Summary Phase 0.029ms
[213.324s][info][gc,phases,start] GC(755) Forward
[213.328s][info][gc,phases      ] GC(755) Forward 4.474ms
[213.328s][info][gc,phases,start] GC(755) Adjust Pointers
[213.655s][info][gc,phases      ] GC(755) Adjust Pointers 326.543ms
[213.655s][info][gc,phases,start] GC(755) Compaction Phase
[213.801s][info][gc,phases      ] GC(755) Compaction Phase 146.048ms
[213.801s][info][gc,phases,start] GC(755) Post Compact
[213.803s][info][gc,phases      ] GC(755) Post Compact 2.265ms
[213.803s][info][gc,heap        ] GC(755) PSYoungGen: 111616K(222720K)->11076K(222720K) Eden: 111616K(111616K)->11076K(111616K) From: 0K(111104K)->0K(111104K)
[213.803s][info][gc,heap        ] GC(755) ParOldGen: 667644K(667648K)->667642K(667648K)
[213.803s][info][gc,metaspace   ] GC(755) Metaspace: 18640K(18816K)->18640K(18816K) NonClass: 15980K(16064K)->15980K(16064K) Class: 2659K(2752K)->2659K(2752K)
[213.803s][info][gc             ] GC(755) Pause Full (Allocation Failure) 760M->662M(869M) 961.423ms
[213.803s][info][gc,cpu         ] GC(755) User=1.89s Sys=0.00s Real=0.96s
[213.895s][info][gc,start       ] GC(756) Pause Full (Allocation Failure)
[213.895s][info][gc,phases,start] GC(756) Marking Phase
[214.372s][info][gc,phases      ] GC(756) Marking Phase 477.112ms
[214.373s][info][gc,phases,start] GC(756) Summary Phase
[214.373s][info][gc,phases      ] GC(756) Summary Phase 0.027ms
[214.373s][info][gc,phases,start] GC(756) Forward
[214.378s][info][gc,phases      ] GC(756) Forward 5.498ms
[214.378s][info][gc,phases,start] GC(756) Adjust Pointers
[214.703s][info][gc,phases      ] GC(756) Adjust Pointers 325.402ms
[214.704s][info][gc,phases,start] GC(756) Compaction Phase
[214.849s][info][gc,phases      ] GC(756) Compaction Phase 145.688ms
[214.849s][info][gc,phases,start] GC(756) Post Compact
[214.852s][info][gc,phases      ] GC(756) Post Compact 2.234ms
[214.852s][info][gc,heap        ] GC(756) PSYoungGen: 111616K(222720K)->11777K(222720K) Eden: 111616K(111616K)->11777K(111616K) From: 0K(111104K)->0K(111104K)
[214.852s][info][gc,heap        ] GC(756) ParOldGen: 667642K(667648K)->667642K(667648K)
[214.852s][info][gc,metaspace   ] GC(756) Metaspace: 18640K(18816K)->18640K(18816K) NonClass: 15980K(16064K)->15980K(16064K) Class: 2659K(2752K)->2659K(2752K)
[214.852s][info][gc             ] GC(756) Pause Full (Allocation Failure) 760M->663M(869M) 956.359ms
[214.852s][info][gc,cpu         ] GC(756) User=1.87s Sys=0.00s Real=0.96s
[215.012s][info][gc,start       ] GC(757) Pause Full (Allocation Failure)
[215.012s][info][gc,phases,start] GC(757) Marking Phase
[215.520s][info][gc,phases      ] GC(757) Marking Phase 507.391ms
[215.520s][info][gc,phases,start] GC(757) Summary Phase
[215.520s][info][gc,phases      ] GC(757) Summary Phase 0.026ms
[215.520s][info][gc,phases,start] GC(757) Forward
[215.526s][info][gc,phases      ] GC(757) Forward 6.151ms
[215.526s][info][gc,phases,start] GC(757) Adjust Pointers
[215.858s][info][gc,phases      ] GC(757) Adjust Pointers 332.018ms
[215.858s][info][gc,phases,start] GC(757) Compaction Phase
[216.004s][info][gc,phases      ] GC(757) Compaction Phase 145.807ms
[216.004s][info][gc,phases,start] GC(757) Post Compact
[216.006s][info][gc,phases      ] GC(757) Post Compact 2.216ms
[216.006s][info][gc,heap        ] GC(757) PSYoungGen: 111616K(222720K)->12769K(222720K) Eden: 111616K(111616K)->12769K(111616K) From: 0K(111104K)->0K(111104K)
[216.006s][info][gc,heap        ] GC(757) ParOldGen: 667642K(667648K)->667642K(667648K)
[216.006s][info][gc,metaspace   ] GC(757) Metaspace: 18640K(18816K)->18640K(18816K) NonClass: 15980K(16064K)->15980K(16064K) Class: 2659K(2752K)->2659K(2752K)
[216.006s][info][gc             ] GC(757) Pause Full (Allocation Failure) 760M->664M(869M) 994.065ms
[216.006s][info][gc,cpu         ] GC(757) User=1.94s Sys=0.00s Real=1.00s
[216.197s][info][gc,start       ] GC(758) Pause Full (Allocation Failure)
[216.197s][info][gc,phases,start] GC(758) Marking Phase
[216.692s][info][gc,phases      ] GC(758) Marking Phase 495.527ms
[216.692s][info][gc,phases,start] GC(758) Summary Phase
[216.692s][info][gc,phases      ] GC(758) Summary Phase 0.026ms
[216.692s][info][gc,phases,start] GC(758) Forward
[216.838s][info][gc,phases      ] GC(758) Forward 146.056ms
[216.838s][info][gc,phases,start] GC(758) Adjust Pointers
[217.226s][info][gc,phases      ] GC(758) Adjust Pointers 387.589ms
[217.226s][info][gc,phases,start] GC(758) Compaction Phase
[217.430s][info][gc,phases      ] GC(758) Compaction Phase 203.756ms
[217.447s][info][gc,phases,start] GC(758) Post Compact
[217.449s][info][gc,phases      ] GC(758) Post Compact 2.283ms
[217.449s][info][gc,heap        ] GC(758) PSYoungGen: 111616K(222720K)->27251K(222720K) Eden: 111616K(111616K)->27251K(111616K) From: 0K(111104K)->0K(111104K)
[217.449s][info][gc,heap        ] GC(758) ParOldGen: 667642K(667648K)->667538K(667648K)
[217.449s][info][gc,metaspace   ] GC(758) Metaspace: 18640K(18816K)->18640K(18816K) NonClass: 15980K(16064K)->15980K(16064K) Class: 2659K(2752K)->2659K(2752K)
[217.449s][info][gc             ] GC(758) Pause Full (Allocation Failure) 760M->678M(869M) 1252.771ms
[217.449s][info][gc,cpu         ] GC(758) User=2.45s Sys=0.01s Real=1.25s
[217.595s][info][gc,start       ] GC(759) Pause Full (Allocation Failure)
[217.595s][info][gc,phases,start] GC(759) Marking Phase
[218.110s][info][gc,phases      ] GC(759) Marking Phase 514.129ms
[218.110s][info][gc,phases,start] GC(759) Summary Phase
[218.110s][info][gc,phases      ] GC(759) Summary Phase 0.029ms
[218.110s][info][gc,phases,start] GC(759) Forward
[218.272s][info][gc,phases      ] GC(759) Forward 162.569ms
[218.272s][info][gc,phases,start] GC(759) Adjust Pointers
[218.692s][info][gc,phases      ] GC(759) Adjust Pointers 419.982ms
[218.692s][info][gc,phases,start] GC(759) Compaction Phase
[218.881s][info][gc,phases      ] GC(759) Compaction Phase 189.111ms
[218.898s][info][gc,phases,start] GC(759) Post Compact
[218.900s][info][gc,phases      ] GC(759) Post Compact 2.300ms
[218.900s][info][gc,heap        ] GC(759) PSYoungGen: 111616K(222720K)->7565K(222720K) Eden: 111616K(111616K)->7565K(111616K) From: 0K(111104K)->0K(111104K)
[218.900s][info][gc,heap        ] GC(759) ParOldGen: 667538K(667648K)->667592K(667648K)
[218.900s][info][gc,metaspace   ] GC(759) Metaspace: 18640K(18816K)->18640K(18816K) NonClass: 15980K(16064K)->15980K(16064K) Class: 2659K(2752K)->2659K(2752K)
[218.900s][info][gc             ] GC(759) Pause Full (Allocation Failure) 760M->659M(869M) 1304.893ms
[218.900s][info][gc,cpu         ] GC(759) User=2.53s Sys=0.00s Real=1.31s
[219.033s][info][gc,start       ] GC(760) Pause Full (Allocation Failure)
[219.034s][info][gc,phases,start] GC(760) Marking Phase
[219.566s][info][gc,phases      ] GC(760) Marking Phase 532.955ms
[219.567s][info][gc,phases,start] GC(760) Summary Phase
[219.567s][info][gc,phases      ] GC(760) Summary Phase 0.027ms
[219.567s][info][gc,phases,start] GC(760) Forward
[219.696s][info][gc,phases      ] GC(760) Forward 129.300ms
[219.696s][info][gc,phases,start] GC(760) Adjust Pointers
[220.102s][info][gc,phases      ] GC(760) Adjust Pointers 406.465ms
[220.102s][info][gc,phases,start] GC(760) Compaction Phase
[220.283s][info][gc,phases      ] GC(760) Compaction Phase 180.868ms
[220.299s][info][gc,phases,start] GC(760) Post Compact
[220.301s][info][gc,phases      ] GC(760) Post Compact 2.310ms
[220.301s][info][gc,heap        ] GC(760) PSYoungGen: 111616K(222720K)->25447K(222720K) Eden: 111616K(111616K)->25447K(111616K) From: 0K(111104K)->0K(111104K)
[220.301s][info][gc,heap        ] GC(760) ParOldGen: 667592K(667648K)->667592K(667648K)
[220.301s][info][gc,metaspace   ] GC(760) Metaspace: 18641K(18816K)->18641K(18816K) NonClass: 15982K(16064K)->15982K(16064K) Class: 2659K(2752K)->2659K(2752K)
[220.301s][info][gc             ] GC(760) Pause Full (Allocation Failure) 760M->676M(869M) 1267.609ms
[220.301s][info][gc,cpu         ] GC(760) User=2.46s Sys=0.01s Real=1.27s
[220.384s][info][gc,start       ] GC(761) Pause Full (Allocation Failure)
[220.384s][info][gc,phases,start] GC(761) Marking Phase
[220.973s][info][gc,phases      ] GC(761) Marking Phase 589.210ms
[220.973s][info][gc,phases,start] GC(761) Summary Phase
[220.974s][info][gc,phases      ] GC(761) Summary Phase 0.025ms
[220.974s][info][gc,phases,start] GC(761) Forward
[220.991s][info][gc,phases      ] GC(761) Forward 17.195ms
[220.991s][info][gc,phases,start] GC(761) Adjust Pointers
[221.353s][info][gc,phases      ] GC(761) Adjust Pointers 362.715ms
[221.354s][info][gc,phases,start] GC(761) Compaction Phase
[221.506s][info][gc,phases      ] GC(761) Compaction Phase 152.751ms
[221.506s][info][gc,phases,start] GC(761) Post Compact
[221.509s][info][gc,phases      ] GC(761) Post Compact 2.223ms
[221.509s][info][gc,heap        ] GC(761) PSYoungGen: 111616K(222720K)->29198K(222720K) Eden: 111616K(111616K)->29198K(111616K) From: 0K(111104K)->0K(111104K)
[221.509s][info][gc,heap        ] GC(761) ParOldGen: 667592K(667648K)->667592K(667648K)
[221.509s][info][gc,metaspace   ] GC(761) Metaspace: 18641K(18816K)->18641K(18816K) NonClass: 15982K(16064K)->15982K(16064K) Class: 2659K(2752K)->2659K(2752K)
[221.509s][info][gc             ] GC(761) Pause Full (Allocation Failure) 760M->680M(869M) 1124.560ms
[221.509s][info][gc,cpu         ] GC(761) User=2.19s Sys=0.00s Real=1.13s
[221.610s][info][gc,start       ] GC(762) Pause Full (Allocation Failure)
[221.610s][info][gc,phases,start] GC(762) Marking Phase
[222.144s][info][gc,phases      ] GC(762) Marking Phase 533.305ms
[222.144s][info][gc,phases,start] GC(762) Summary Phase
[222.144s][info][gc,phases      ] GC(762) Summary Phase 0.024ms
[222.144s][info][gc,phases,start] GC(762) Forward
[222.159s][info][gc,phases      ] GC(762) Forward 15.707ms
[222.159s][info][gc,phases,start] GC(762) Adjust Pointers
[222.518s][info][gc,phases      ] GC(762) Adjust Pointers 358.640ms
[222.518s][info][gc,phases,start] GC(762) Compaction Phase
[222.670s][info][gc,phases      ] GC(762) Compaction Phase 151.970ms
[222.670s][info][gc,phases,start] GC(762) Post Compact
[222.672s][info][gc,phases      ] GC(762) Post Compact 2.234ms
[222.672s][info][gc,heap        ] GC(762) PSYoungGen: 111616K(222720K)->31483K(222720K) Eden: 111616K(111616K)->31483K(111616K) From: 0K(111104K)->0K(111104K)
[222.672s][info][gc,heap        ] GC(762) ParOldGen: 667592K(667648K)->667592K(667648K)
[222.672s][info][gc,metaspace   ] GC(762) Metaspace: 18641K(18816K)->18641K(18816K) NonClass: 15982K(16064K)->15982K(16064K) Class: 2659K(2752K)->2659K(2752K)
[222.672s][info][gc             ] GC(762) Pause Full (Allocation Failure) 760M->682M(869M) 1062.350ms
[222.673s][info][gc,cpu         ] GC(762) User=2.07s Sys=0.00s Real=1.06s
[222.753s][info][gc,start       ] GC(763) Pause Full (Allocation Failure)
[222.754s][info][gc,phases,start] GC(763) Marking Phase
[223.307s][info][gc,phases      ] GC(763) Marking Phase 553.852ms
[223.307s][info][gc,phases,start] GC(763) Summary Phase
[223.307s][info][gc,phases      ] GC(763) Summary Phase 0.025ms
[223.307s][info][gc,phases,start] GC(763) Forward
[223.324s][info][gc,phases      ] GC(763) Forward 17.020ms
[223.325s][info][gc,phases,start] GC(763) Adjust Pointers
[223.682s][info][gc,phases      ] GC(763) Adjust Pointers 357.680ms
[223.682s][info][gc,phases,start] GC(763) Compaction Phase
[223.833s][info][gc,phases      ] GC(763) Compaction Phase 151.132ms
[223.833s][info][gc,phases,start] GC(763) Post Compact
[223.836s][info][gc,phases      ] GC(763) Post Compact 2.207ms
[223.836s][info][gc,heap        ] GC(763) PSYoungGen: 111616K(222720K)->32097K(222720K) Eden: 111616K(111616K)->32097K(111616K) From: 0K(111104K)->0K(111104K)
[223.836s][info][gc,heap        ] GC(763) ParOldGen: 667592K(667648K)->667592K(667648K)
[223.836s][info][gc,metaspace   ] GC(763) Metaspace: 18641K(18816K)->18641K(18816K) NonClass: 15982K(16064K)->15982K(16064K) Class: 2659K(2752K)->2659K(2752K)
[223.836s][info][gc             ] GC(763) Pause Full (Allocation Failure) 760M->683M(869M) 1082.347ms
[223.836s][info][gc,cpu         ] GC(763) User=2.10s Sys=0.01s Real=1.08s
[223.948s][info][gc,start       ] GC(764) Pause Full (Allocation Failure)
[223.948s][info][gc,phases,start] GC(764) Marking Phase
[224.484s][info][gc,phases      ] GC(764) Marking Phase 535.322ms
[224.484s][info][gc,phases,start] GC(764) Summary Phase
[224.484s][info][gc,phases      ] GC(764) Summary Phase 0.023ms
[224.484s][info][gc,phases,start] GC(764) Forward
[224.503s][info][gc,phases      ] GC(764) Forward 18.608ms
[224.503s][info][gc,phases,start] GC(764) Adjust Pointers
[224.858s][info][gc,phases      ] GC(764) Adjust Pointers 355.323ms
[224.858s][info][gc,phases,start] GC(764) Compaction Phase
[225.010s][info][gc,phases      ] GC(764) Compaction Phase 152.019ms
[225.010s][info][gc,phases,start] GC(764) Post Compact
[225.012s][info][gc,phases      ] GC(764) Post Compact 2.215ms
[225.012s][info][gc,heap        ] GC(764) PSYoungGen: 111616K(222720K)->34488K(222720K) Eden: 111616K(111616K)->34488K(111616K) From: 0K(111104K)->0K(111104K)
[225.012s][info][gc,heap        ] GC(764) ParOldGen: 667592K(667648K)->667592K(667648K)
[225.012s][info][gc,metaspace   ] GC(764) Metaspace: 18646K(18880K)->18646K(18880K) NonClass: 15987K(16128K)->15987K(16128K) Class: 2659K(2752K)->2659K(2752K)
[225.012s][info][gc             ] GC(764) Pause Full (Allocation Failure) 760M->685M(869M) 1063.929ms
[225.012s][info][gc,cpu         ] GC(764) User=2.07s Sys=0.00s Real=1.06s
[225.079s][info][gc,start       ] GC(765) Pause Full (Allocation Failure)
[225.079s][info][gc,phases,start] GC(765) Marking Phase
[225.613s][info][gc,phases      ] GC(765) Marking Phase 534.197ms
[225.613s][info][gc,phases,start] GC(765) Summary Phase
[225.613s][info][gc,phases      ] GC(765) Summary Phase 0.025ms
[225.613s][info][gc,phases,start] GC(765) Forward
[225.770s][info][gc,phases      ] GC(765) Forward 157.198ms
[225.770s][info][gc,phases,start] GC(765) Adjust Pointers
[226.176s][info][gc,phases      ] GC(765) Adjust Pointers 405.907ms
[226.176s][info][gc,phases,start] GC(765) Compaction Phase
[226.361s][info][gc,phases      ] GC(765) Compaction Phase 184.705ms
[226.379s][info][gc,phases,start] GC(765) Post Compact
[226.381s][info][gc,phases      ] GC(765) Post Compact 2.275ms
[226.381s][info][gc,heap        ] GC(765) PSYoungGen: 111616K(222720K)->34489K(222720K) Eden: 111616K(111616K)->34489K(111616K) From: 0K(111104K)->0K(111104K)
[226.381s][info][gc,heap        ] GC(765) ParOldGen: 667592K(667648K)->667591K(667648K)
[226.381s][info][gc,metaspace   ] GC(765) Metaspace: 18646K(18880K)->18646K(18880K) NonClass: 15987K(16128K)->15987K(16128K) Class: 2659K(2752K)->2659K(2752K)
[226.381s][info][gc             ] GC(765) Pause Full (Allocation Failure) 760M->685M(869M) 1302.224ms
[226.381s][info][gc,cpu         ] GC(765) User=2.54s Sys=0.01s Real=1.30s
[226.433s][info][gc,start       ] GC(766) Pause Full (Allocation Failure)
[226.433s][info][gc,phases,start] GC(766) Marking Phase
[226.966s][info][gc,phases      ] GC(766) Marking Phase 533.190ms
[226.966s][info][gc,phases,start] GC(766) Summary Phase
[226.966s][info][gc,phases      ] GC(766) Summary Phase 0.022ms
[226.966s][info][gc,phases,start] GC(766) Forward
[226.984s][info][gc,phases      ] GC(766) Forward 18.109ms
[226.984s][info][gc,phases,start] GC(766) Adjust Pointers
[227.337s][info][gc,phases      ] GC(766) Adjust Pointers 353.055ms
[227.337s][info][gc,phases,start] GC(766) Compaction Phase
[227.490s][info][gc,phases      ] GC(766) Compaction Phase 152.659ms
[227.490s][info][gc,phases,start] GC(766) Post Compact
[227.492s][info][gc,phases      ] GC(766) Post Compact 2.276ms
[227.492s][info][gc,heap        ] GC(766) PSYoungGen: 111616K(222720K)->34488K(222720K) Eden: 111616K(111616K)->34488K(111616K) From: 0K(111104K)->0K(111104K)
[227.492s][info][gc,heap        ] GC(766) ParOldGen: 667591K(667648K)->667591K(667648K)
[227.492s][info][gc,metaspace   ] GC(766) Metaspace: 18646K(18880K)->18646K(18880K) NonClass: 15987K(16128K)->15987K(16128K) Class: 2659K(2752K)->2659K(2752K)
[227.492s][info][gc             ] GC(766) Pause Full (Allocation Failure) 760M->685M(869M) 1059.731ms
[227.492s][info][gc,cpu         ] GC(766) User=2.07s Sys=0.00s Real=1.06s
[227.559s][info][gc,start       ] GC(767) Pause Full (Allocation Failure)
[227.559s][info][gc,phases,start] GC(767) Marking Phase
[228.090s][info][gc,phases      ] GC(767) Marking Phase 530.781ms
[228.090s][info][gc,phases,start] GC(767) Summary Phase
[228.090s][info][gc,phases      ] GC(767) Summary Phase 0.037ms
[228.090s][info][gc,phases,start] GC(767) Forward
[228.108s][info][gc,phases      ] GC(767) Forward 18.201ms
[228.108s][info][gc,phases,start] GC(767) Adjust Pointers
[228.462s][info][gc,phases      ] GC(767) Adjust Pointers 354.029ms
[228.462s][info][gc,phases,start] GC(767) Compaction Phase
[228.614s][info][gc,phases      ] GC(767) Compaction Phase 151.673ms
[228.614s][info][gc,phases,start] GC(767) Post Compact
[228.616s][info][gc,phases      ] GC(767) Post Compact 2.188ms
[228.616s][info][gc,heap        ] GC(767) PSYoungGen: 111616K(222720K)->34554K(222720K) Eden: 111616K(111616K)->34554K(111616K) From: 0K(111104K)->0K(111104K)
[228.616s][info][gc,heap        ] GC(767) ParOldGen: 667591K(667648K)->667591K(667648K)
[228.616s][info][gc,metaspace   ] GC(767) Metaspace: 18646K(18880K)->18646K(18880K) NonClass: 15987K(16128K)->15987K(16128K) Class: 2659K(2752K)->2659K(2752K)
[228.617s][info][gc             ] GC(767) Pause Full (Allocation Failure) 760M->685M(869M) 1057.355ms
[228.617s][info][gc,cpu         ] GC(767) User=2.07s Sys=0.00s Real=1.06s
[228.746s][info][gc,start       ] GC(768) Pause Full (Allocation Failure)
[228.746s][info][gc,phases,start] GC(768) Marking Phase
[229.291s][info][gc,phases      ] GC(768) Marking Phase 545.313ms
[229.292s][info][gc,phases,start] GC(768) Summary Phase
[229.292s][info][gc,phases      ] GC(768) Summary Phase 0.024ms
[229.292s][info][gc,phases,start] GC(768) Forward
[229.313s][info][gc,phases      ] GC(768) Forward 21.635ms
[229.313s][info][gc,phases,start] GC(768) Adjust Pointers
[229.675s][info][gc,phases      ] GC(768) Adjust Pointers 361.690ms
[229.675s][info][gc,phases,start] GC(768) Compaction Phase
[229.832s][info][gc,phases      ] GC(768) Compaction Phase 156.961ms
[229.832s][info][gc,phases,start] GC(768) Post Compact
[229.834s][info][gc,phases      ] GC(768) Post Compact 2.242ms
[229.834s][info][gc,heap        ] GC(768) PSYoungGen: 111616K(222720K)->39930K(222720K) Eden: 111616K(111616K)->39930K(111616K) From: 0K(111104K)->0K(111104K)
[229.834s][info][gc,heap        ] GC(768) ParOldGen: 667591K(667648K)->667591K(667648K)
[229.834s][info][gc,metaspace   ] GC(768) Metaspace: 18646K(18880K)->18646K(18880K) NonClass: 15987K(16128K)->15987K(16128K) Class: 2659K(2752K)->2659K(2752K)
[229.834s][info][gc             ] GC(768) Pause Full (Allocation Failure) 760M->690M(869M) 1088.298ms
[229.834s][info][gc,cpu         ] GC(768) User=2.12s Sys=0.00s Real=1.09s
[229.911s][info][gc,start       ] GC(769) Pause Full (Allocation Failure)
[229.911s][info][gc,phases,start] GC(769) Marking Phase
[230.446s][info][gc,phases      ] GC(769) Marking Phase 535.331ms
[230.446s][info][gc,phases,start] GC(769) Summary Phase
[230.446s][info][gc,phases      ] GC(769) Summary Phase 0.023ms
[230.446s][info][gc,phases,start] GC(769) Forward
[230.468s][info][gc,phases      ] GC(769) Forward 21.388ms
[230.468s][info][gc,phases,start] GC(769) Adjust Pointers
[230.824s][info][gc,phases      ] GC(769) Adjust Pointers 355.990ms
[230.824s][info][gc,phases,start] GC(769) Compaction Phase
[230.977s][info][gc,phases      ] GC(769) Compaction Phase 153.572ms
[230.977s][info][gc,phases,start] GC(769) Post Compact
[230.980s][info][gc,phases      ] GC(769) Post Compact 2.207ms
[230.980s][info][gc,heap        ] GC(769) PSYoungGen: 111616K(222720K)->41915K(222720K) Eden: 111616K(111616K)->41915K(111616K) From: 0K(111104K)->0K(111104K)
[230.980s][info][gc,heap        ] GC(769) ParOldGen: 667591K(667648K)->667591K(667648K)
[230.980s][info][gc,metaspace   ] GC(769) Metaspace: 18649K(18880K)->18649K(18880K) NonClass: 15990K(16128K)->15990K(16128K) Class: 2659K(2752K)->2659K(2752K)
[230.980s][info][gc             ] GC(769) Pause Full (Allocation Failure) 760M->692M(869M) 1068.964ms
[230.980s][info][gc,cpu         ] GC(769) User=2.08s Sys=0.00s Real=1.07s
[231.050s][info][gc,start       ] GC(770) Pause Full (Allocation Failure)
[231.050s][info][gc,phases,start] GC(770) Marking Phase
[231.588s][info][gc,phases      ] GC(770) Marking Phase 537.771ms
[231.588s][info][gc,phases,start] GC(770) Summary Phase
[231.588s][info][gc,phases      ] GC(770) Summary Phase 0.023ms
[231.588s][info][gc,phases,start] GC(770) Forward
[231.610s][info][gc,phases      ] GC(770) Forward 21.929ms
[231.610s][info][gc,phases,start] GC(770) Adjust Pointers
[231.965s][info][gc,phases      ] GC(770) Adjust Pointers 354.773ms
[231.965s][info][gc,phases,start] GC(770) Compaction Phase
[232.117s][info][gc,phases      ] GC(770) Compaction Phase 152.749ms
[232.117s][info][gc,phases,start] GC(770) Post Compact
[232.120s][info][gc,phases      ] GC(770) Post Compact 2.210ms
[232.120s][info][gc,heap        ] GC(770) PSYoungGen: 111616K(222720K)->42027K(222720K) Eden: 111616K(111616K)->42027K(111616K) From: 0K(111104K)->0K(111104K)
[232.120s][info][gc,heap        ] GC(770) ParOldGen: 667591K(667648K)->667591K(667648K)
[232.120s][info][gc,metaspace   ] GC(770) Metaspace: 18649K(18880K)->18649K(18880K) NonClass: 15990K(16128K)->15990K(16128K) Class: 2659K(2752K)->2659K(2752K)
[232.120s][info][gc             ] GC(770) Pause Full (Allocation Failure) 760M->692M(869M) 1069.876ms
[232.120s][info][gc,cpu         ] GC(770) User=2.08s Sys=0.00s Real=1.07s
[232.302s][info][gc,start       ] GC(771) Pause Full (Allocation Failure)
[232.302s][info][gc,phases,start] GC(771) Marking Phase
[232.728s][info][gc,phases      ] GC(771) Marking Phase 426.150ms
[232.728s][info][gc,phases,start] GC(771) Summary Phase
[232.729s][info][gc,phases      ] GC(771) Summary Phase 0.025ms
[232.729s][info][gc,phases,start] GC(771) Forward
[232.874s][info][gc,phases      ] GC(771) Forward 145.540ms
[232.874s][info][gc,phases,start] GC(771) Adjust Pointers
[233.193s][info][gc,phases      ] GC(771) Adjust Pointers 318.370ms
[233.193s][info][gc,phases,start] GC(771) Compaction Phase
[233.388s][info][gc,phases      ] GC(771) Compaction Phase 195.779ms
[233.400s][info][gc,phases,start] GC(771) Post Compact
[233.402s][info][gc,phases      ] GC(771) Post Compact 2.268ms
[233.402s][info][gc,heap        ] GC(771) PSYoungGen: 111616K(222720K)->0K(222720K) Eden: 111616K(111616K)->0K(111616K) From: 0K(111104K)->0K(111104K)
[233.402s][info][gc,heap        ] GC(771) ParOldGen: 667591K(667648K)->578810K(667648K)
[233.402s][info][gc,metaspace   ] GC(771) Metaspace: 18649K(18880K)->18649K(18880K) NonClass: 15990K(16128K)->15990K(16128K) Class: 2659K(2752K)->2659K(2752K)
[233.402s][info][gc             ] GC(771) Pause Full (Allocation Failure) 760M->565M(869M) 1099.781ms
[233.402s][info][gc,cpu         ] GC(771) User=2.11s Sys=0.01s Real=1.10s
[233.807s][info][gc,start       ] GC(772) Pause Young (Allocation Failure)
[233.809s][info][gc,heap        ] GC(772) PSYoungGen: 111616K(222720K)->224K(222720K) Eden: 111616K(111616K)->0K(111616K) From: 0K(111104K)->224K(111104K)
[233.809s][info][gc,heap        ] GC(772) ParOldGen: 578810K(667648K)->578810K(667648K)
[233.809s][info][gc,metaspace   ] GC(772) Metaspace: 18653K(18880K)->18653K(18880K) NonClass: 15993K(16128K)->15993K(16128K) Class: 2659K(2752K)->2659K(2752K)
[233.809s][info][gc             ] GC(772) Pause Young (Allocation Failure) 674M->565M(869M) 2.351ms
[233.809s][info][gc,cpu         ] GC(772) User=0.00s Sys=0.00s Real=0.00s
[233.954s][info][gc,start       ] GC(773) Pause Young (Allocation Failure)
[233.977s][info][gc,heap        ] GC(773) PSYoungGen: 111840K(222720K)->21344K(221696K) Eden: 111616K(111616K)->0K(111616K) From: 224K(111104K)->21344K(110080K)
[233.977s][info][gc,heap        ] GC(773) ParOldGen: 578810K(667648K)->578978K(667648K)
[233.977s][info][gc,metaspace   ] GC(773) Metaspace: 18653K(18880K)->18653K(18880K) NonClass: 15993K(16128K)->15993K(16128K) Class: 2659K(2752K)->2659K(2752K)
[233.977s][info][gc             ] GC(773) Pause Young (Allocation Failure) 674M->586M(868M) 22.865ms
[233.977s][info][gc,cpu         ] GC(773) User=0.04s Sys=0.00s Real=0.03s
[234.176s][info][gc,start       ] GC(774) Pause Young (Allocation Failure)
[234.201s][info][gc,heap        ] GC(774) PSYoungGen: 132960K(221696K)->21344K(133120K) Eden: 111616K(111616K)->0K(111616K) From: 21344K(110080K)->21344K(21504K)
[234.201s][info][gc,heap        ] GC(774) ParOldGen: 578978K(667648K)->578978K(667648K)
[234.201s][info][gc,metaspace   ] GC(774) Metaspace: 18653K(18880K)->18653K(18880K) NonClass: 15993K(16128K)->15993K(16128K) Class: 2659K(2752K)->2659K(2752K)
[234.201s][info][gc             ] GC(774) Pause Young (Allocation Failure) 695M->586M(782M) 24.825ms
[234.201s][info][gc,cpu         ] GC(774) User=0.05s Sys=0.00s Real=0.03s
[234.412s][info][gc,start       ] GC(775) Pause Young (Allocation Failure)
[234.439s][info][gc,heap        ] GC(775) PSYoungGen: 132960K(133120K)->21368K(211456K) Eden: 111616K(111616K)->0K(115712K) From: 21344K(21504K)->21368K(95744K)
[234.439s][info][gc,heap        ] GC(775) ParOldGen: 578978K(667648K)->578978K(667648K)
[234.439s][info][gc,metaspace   ] GC(775) Metaspace: 18653K(18880K)->18653K(18880K) NonClass: 15993K(16128K)->15993K(16128K) Class: 2659K(2752K)->2659K(2752K)
[234.439s][info][gc             ] GC(775) Pause Young (Allocation Failure) 695M->586M(858M) 27.421ms
[234.439s][info][gc,cpu         ] GC(775) User=0.05s Sys=0.00s Real=0.03s
[235.441s][info][gc,start       ] GC(776) Pause Young (Allocation Failure)
[235.464s][info][gc,heap        ] GC(776) PSYoungGen: 137080K(211456K)->21796K(137728K) Eden: 115712K(115712K)->0K(115712K) From: 21368K(95744K)->21796K(22016K)
[235.464s][info][gc,heap        ] GC(776) ParOldGen: 578978K(667648K)->578978K(667648K)
[235.464s][info][gc,metaspace   ] GC(776) Metaspace: 18653K(18880K)->18653K(18880K) NonClass: 15994K(16128K)->15994K(16128K) Class: 2659K(2752K)->2659K(2752K)
[235.464s][info][gc             ] GC(776) Pause Young (Allocation Failure) 699M->586M(786M) 23.358ms
[235.465s][info][gc,cpu         ] GC(776) User=0.04s Sys=0.00s Real=0.02s
[236.107s][info][gc,start       ] GC(777) Pause Young (Allocation Failure)
[236.132s][info][gc,heap        ] GC(777) PSYoungGen: 137508K(137728K)->22141K(199680K) Eden: 115712K(115712K)->0K(118272K) From: 21796K(22016K)->22141K(81408K)
[236.132s][info][gc,heap        ] GC(777) ParOldGen: 578978K(667648K)->578978K(667648K)
[236.132s][info][gc,metaspace   ] GC(777) Metaspace: 18663K(18880K)->18663K(18880K) NonClass: 16004K(16128K)->16004K(16128K) Class: 2659K(2752K)->2659K(2752K)
[236.132s][info][gc             ] GC(777) Pause Young (Allocation Failure) 699M->587M(847M) 25.132ms
[236.132s][info][gc,cpu         ] GC(777) User=0.04s Sys=0.00s Real=0.02s
[236.728s][info][gc,start       ] GC(778) Pause Young (Allocation Failure)
[236.754s][info][gc,heap        ] GC(778) PSYoungGen: 140413K(199680K)->23245K(141824K) Eden: 118272K(118272K)->0K(118272K) From: 22141K(81408K)->23245K(23552K)
[236.754s][info][gc,heap        ] GC(778) ParOldGen: 578978K(667648K)->578978K(667648K)
[236.754s][info][gc,metaspace   ] GC(778) Metaspace: 18664K(18880K)->18664K(18880K) NonClass: 16005K(16128K)->16005K(16128K) Class: 2659K(2752K)->2659K(2752K)
[236.754s][info][gc             ] GC(778) Pause Young (Allocation Failure) 702M->588M(790M) 25.506ms
[236.754s][info][gc,cpu         ] GC(778) User=0.05s Sys=0.00s Real=0.02s
[237.069s][info][gc,start       ] GC(779) Pause Young (Allocation Failure)
[237.094s][info][gc,heap        ] GC(779) PSYoungGen: 141343K(141824K)->23786K(193024K) Eden: 118097K(118272K)->0K(120320K) From: 23245K(23552K)->23786K(72704K)
[237.094s][info][gc,heap        ] GC(779) ParOldGen: 578978K(667648K)->578986K(667648K)
[237.094s][info][gc,metaspace   ] GC(779) Metaspace: 18677K(18880K)->18677K(18880K) NonClass: 16018K(16128K)->16018K(16128K) Class: 2659K(2752K)->2659K(2752K)
[237.094s][info][gc             ] GC(779) Pause Young (Allocation Failure) 703M->588M(840M) 25.535ms
[237.094s][info][gc,cpu         ] GC(779) User=0.05s Sys=0.00s Real=0.02s
[237.384s][info][gc,start       ] GC(780) Pause Young (Allocation Failure)
[237.409s][info][gc,heap        ] GC(780) PSYoungGen: 144106K(193024K)->23816K(144384K) Eden: 120320K(120320K)->0K(120320K) From: 23786K(72704K)->23816K(24064K)
[237.409s][info][gc,heap        ] GC(780) ParOldGen: 578986K(667648K)->578994K(667648K)
[237.409s][info][gc,metaspace   ] GC(780) Metaspace: 18678K(18880K)->18678K(18880K) NonClass: 16019K(16128K)->16019K(16128K) Class: 2659K(2752K)->2659K(2752K)
[237.409s][info][gc             ] GC(780) Pause Young (Allocation Failure) 706M->588M(793M) 25.213ms
[237.409s][info][gc,cpu         ] GC(780) User=0.05s Sys=0.00s Real=0.03s
[237.696s][info][gc,start       ] GC(781) Pause Young (Allocation Failure)
[237.722s][info][gc,heap        ] GC(781) PSYoungGen: 144136K(144384K)->23972K(187392K) Eden: 120320K(120320K)->0K(122368K) From: 23816K(24064K)->23972K(65024K)
[237.722s][info][gc,heap        ] GC(781) ParOldGen: 578994K(667648K)->578994K(667648K)
[237.722s][info][gc,metaspace   ] GC(781) Metaspace: 18681K(18880K)->18681K(18880K) NonClass: 16021K(16128K)->16021K(16128K) Class: 2660K(2752K)->2660K(2752K)
[237.722s][info][gc             ] GC(781) Pause Young (Allocation Failure) 706M->588M(835M) 25.452ms
[237.722s][info][gc,cpu         ] GC(781) User=0.05s Sys=0.00s Real=0.02s
[237.851s][info][gc,start       ] GC(782) Pause Young (Allocation Failure)
[237.919s][info][gc,heap        ] GC(782) PSYoungGen: 146340K(187392K)->69092K(191488K) Eden: 122368K(122368K)->0K(122368K) From: 23972K(65024K)->69092K(69120K)
[237.919s][info][gc,heap        ] GC(782) ParOldGen: 578994K(667648K)->583858K(667648K)
[237.919s][info][gc,metaspace   ] GC(782) Metaspace: 18696K(18880K)->18696K(18880K) NonClass: 16036K(16128K)->16036K(16128K) Class: 2660K(2752K)->2660K(2752K)
[237.919s][info][gc             ] GC(782) Pause Young (Allocation Failure) 708M->637M(839M) 67.466ms
[237.919s][info][gc,cpu         ] GC(782) User=0.14s Sys=0.00s Real=0.07s
[238.015s][info][gc,start       ] GC(783) Pause Young (Allocation Failure)
[238.117s][info][gc,heap        ] GC(783) PSYoungGen: 191460K(191488K)->80452K(195584K) Eden: 122368K(122368K)->0K(113152K) From: 69092K(69120K)->80452K(82432K)
[238.117s][info][gc,heap        ] GC(783) ParOldGen: 583858K(667648K)->605258K(667648K)
[238.117s][info][gc,metaspace   ] GC(783) Metaspace: 18696K(18880K)->18696K(18880K) NonClass: 16036K(16128K)->16036K(16128K) Class: 2660K(2752K)->2660K(2752K)
[238.117s][info][gc             ] GC(783) Pause Young (Allocation Failure) 757M->669M(843M) 101.719ms
[238.117s][info][gc,cpu         ] GC(783) User=0.18s Sys=0.01s Real=0.11s
[238.227s][info][gc,start       ] GC(784) Pause Young (Allocation Failure)
[238.323s][info][gc,heap        ] GC(784) PSYoungGen: 193604K(195584K)->95732K(208896K) Eden: 113152K(113152K)->0K(113152K) From: 80452K(82432K)->95732K(95744K)
[238.323s][info][gc,heap        ] GC(784) ParOldGen: 605258K(667648K)->633810K(667648K)
[238.323s][info][gc,metaspace   ] GC(784) Metaspace: 18702K(18880K)->18702K(18880K) NonClass: 16042K(16128K)->16042K(16128K) Class: 2660K(2752K)->2660K(2752K)
[238.323s][info][gc             ] GC(784) Pause Young (Allocation Failure) 780M->712M(856M) 96.746ms
[238.323s][info][gc,cpu         ] GC(784) User=0.19s Sys=0.00s Real=0.09s
[238.499s][info][gc,start       ] GC(785) Pause Full (Allocation Failure)
[238.499s][info][gc,phases,start] GC(785) Marking Phase
[238.631s][info][gc,phases      ] GC(785) Marking Phase 131.960ms
[238.631s][info][gc,phases,start] GC(785) Summary Phase
[238.631s][info][gc,phases      ] GC(785) Summary Phase 0.025ms
[238.631s][info][gc,phases,start] GC(785) Forward
[238.671s][info][gc,phases      ] GC(785) Forward 39.884ms
[238.671s][info][gc,phases,start] GC(785) Adjust Pointers
[238.761s][info][gc,phases      ] GC(785) Adjust Pointers 89.479ms
[238.761s][info][gc,phases,start] GC(785) Compaction Phase
[238.819s][info][gc,phases      ] GC(785) Compaction Phase 58.182ms
[238.821s][info][gc,phases,start] GC(785) Post Compact
[238.823s][info][gc,phases      ] GC(785) Post Compact 2.411ms
[238.833s][info][gc,heap        ] GC(785) PSYoungGen: 208884K(208896K)->0K(222720K) Eden: 113152K(113152K)->0K(111616K) From: 95732K(95744K)->0K(111104K)
[238.833s][info][gc,heap        ] GC(785) ParOldGen: 633810K(667648K)->211708K(555520K)
[238.833s][info][gc,metaspace   ] GC(785) Metaspace: 18702K(18880K)->18702K(18880K) NonClass: 16042K(16128K)->16042K(16128K) Class: 2660K(2752K)->2660K(2752K)
[238.833s][info][gc             ] GC(785) Pause Full (Allocation Failure) 822M->206M(760M) 333.618ms
[238.833s][info][gc,cpu         ] GC(785) User=0.61s Sys=0.01s Real=0.33s
[238.948s][info][gc,start       ] GC(786) Pause Young (Allocation Failure)
[238.962s][info][gc,heap        ] GC(786) PSYoungGen: 111616K(222720K)->6720K(222720K) Eden: 111616K(111616K)->0K(111616K) From: 0K(111104K)->6720K(111104K)
[238.963s][info][gc,heap        ] GC(786) ParOldGen: 211708K(555520K)->211708K(555520K)
[238.963s][info][gc,metaspace   ] GC(786) Metaspace: 18702K(18880K)->18702K(18880K) NonClass: 16042K(16128K)->16042K(16128K) Class: 2660K(2752K)->2660K(2752K)
[238.963s][info][gc             ] GC(786) Pause Young (Allocation Failure) 315M->213M(760M) 14.904ms
[238.963s][info][gc,cpu         ] GC(786) User=0.02s Sys=0.00s Real=0.01s
[239.146s][info][gc,start       ] GC(787) Pause Young (Allocation Failure)
[239.191s][info][gc,heap        ] GC(787) PSYoungGen: 118336K(222720K)->25714K(222720K) Eden: 111616K(111616K)->0K(111616K) From: 6720K(111104K)->25714K(111104K)
[239.191s][info][gc,heap        ] GC(787) ParOldGen: 211708K(555520K)->211716K(555520K)
[239.191s][info][gc,metaspace   ] GC(787) Metaspace: 18712K(18880K)->18712K(18880K) NonClass: 16051K(16128K)->16051K(16128K) Class: 2660K(2752K)->2660K(2752K)
[239.191s][info][gc             ] GC(787) Pause Young (Allocation Failure) 322M->231M(760M) 45.346ms
[239.191s][info][gc,cpu         ] GC(787) User=0.09s Sys=0.00s Real=0.05s
[239.415s][info][gc,start       ] GC(788) Pause Young (Allocation Failure)
[239.479s][info][gc,heap        ] GC(788) PSYoungGen: 137330K(222720K)->41595K(153600K) Eden: 111616K(111616K)->0K(111616K) From: 25714K(111104K)->41595K(41984K)
[239.479s][info][gc,heap        ] GC(788) ParOldGen: 211716K(555520K)->211716K(555520K)
[239.479s][info][gc,metaspace   ] GC(788) Metaspace: 18712K(18880K)->18712K(18880K) NonClass: 16051K(16128K)->16051K(16128K) Class: 2660K(2752K)->2660K(2752K)
[239.479s][info][gc             ] GC(788) Pause Young (Allocation Failure) 340M->247M(692M) 64.094ms
[239.479s][info][gc,cpu         ] GC(788) User=0.13s Sys=0.00s Real=0.07s
[239.600s][info][gc,start       ] GC(789) Pause Young (Allocation Failure)
[239.673s][info][gc,heap        ] GC(789) PSYoungGen: 153211K(153600K)->49659K(223232K) Eden: 111616K(111616K)->0K(115200K) From: 41595K(41984K)->49659K(108032K)
[239.673s][info][gc,heap        ] GC(789) ParOldGen: 211716K(555520K)->211716K(555520K)
[239.673s][info][gc,metaspace   ] GC(789) Metaspace: 18712K(18880K)->18712K(18880K) NonClass: 16051K(16128K)->16051K(16128K) Class: 2660K(2752K)->2660K(2752K)
[239.673s][info][gc             ] GC(789) Pause Young (Allocation Failure) 356M->255M(760M) 72.356ms
[239.673s][info][gc,cpu         ] GC(789) User=0.14s Sys=0.00s Real=0.07s
[239.803s][info][gc,start       ] GC(790) Pause Young (Allocation Failure)
[239.877s][info][gc,heap        ] GC(790) PSYoungGen: 164859K(223232K)->52082K(220672K) Eden: 115200K(115200K)->0K(115200K) From: 49659K(108032K)->52082K(105472K)
[239.877s][info][gc,heap        ] GC(790) ParOldGen: 211716K(555520K)->211716K(555520K)
[239.877s][info][gc,metaspace   ] GC(790) Metaspace: 18712K(18880K)->18712K(18880K) NonClass: 16051K(16128K)->16051K(16128K) Class: 2660K(2752K)->2660K(2752K)
[239.877s][info][gc             ] GC(790) Pause Young (Allocation Failure) 367M->257M(758M) 74.342ms
[239.877s][info][gc,cpu         ] GC(790) User=0.15s Sys=0.00s Real=0.08s
[239.985s][info][gc,start       ] GC(791) Pause Young (Allocation Failure)
[240.060s][info][gc,heap        ] GC(791) PSYoungGen: 167282K(220672K)->52210K(223744K) Eden: 115200K(115200K)->0K(122880K) From: 52082K(105472K)->52210K(100864K)
[240.060s][info][gc,heap        ] GC(791) ParOldGen: 211716K(555520K)->211716K(555520K)
[240.060s][info][gc,metaspace   ] GC(791) Metaspace: 18712K(18880K)->18712K(18880K) NonClass: 16051K(16128K)->16051K(16128K) Class: 2660K(2752K)->2660K(2752K)
[240.060s][info][gc             ] GC(791) Pause Young (Allocation Failure) 370M->257M(761M) 74.773ms
[240.060s][info][gc,cpu         ] GC(791) User=0.15s Sys=0.00s Real=0.08s
[240.161s][info][gc,start       ] GC(792) Pause Young (Allocation Failure)
[240.256s][info][gc,heap        ] GC(792) PSYoungGen: 175090K(223744K)->74418K(223744K) Eden: 122880K(122880K)->0K(122880K) From: 52210K(100864K)->74418K(100864K)
[240.256s][info][gc,heap        ] GC(792) ParOldGen: 211716K(555520K)->211716K(555520K)
[240.256s][info][gc,metaspace   ] GC(792) Metaspace: 18712K(18880K)->18712K(18880K) NonClass: 16051K(16128K)->16051K(16128K) Class: 2660K(2752K)->2660K(2752K)
[240.256s][info][gc             ] GC(792) Pause Young (Allocation Failure) 377M->279M(761M) 94.616ms
[240.256s][info][gc,cpu         ] GC(792) User=0.19s Sys=0.00s Real=0.09s
[240.322s][info][gc,start       ] GC(793) Pause Young (Allocation Failure)
[240.458s][info][gc,heap        ] GC(793) PSYoungGen: 197298K(223744K)->101698K(218624K) Eden: 122880K(122880K)->0K(111616K) From: 74418K(100864K)->101698K(107008K)
[240.458s][info][gc,heap        ] GC(793) ParOldGen: 211716K(555520K)->211716K(555520K)
[240.458s][info][gc,metaspace   ] GC(793) Metaspace: 18712K(18880K)->18712K(18880K) NonClass: 16051K(16128K)->16051K(16128K) Class: 2660K(2752K)->2660K(2752K)
[240.458s][info][gc             ] GC(793) Pause Young (Allocation Failure) 399M->306M(756M) 136.332ms
[240.458s][info][gc,cpu         ] GC(793) User=0.25s Sys=0.02s Real=0.14s
[240.593s][info][gc,start       ] GC(794) Pause Young (Allocation Failure)
[240.726s][info][gc,heap        ] GC(794) PSYoungGen: 213314K(218624K)->111093K(222720K) Eden: 111616K(111616K)->0K(111616K) From: 101698K(107008K)->111093K(111104K)
[240.726s][info][gc,heap        ] GC(794) ParOldGen: 211716K(555520K)->221136K(555520K)
[240.726s][info][gc,metaspace   ] GC(794) Metaspace: 18712K(18880K)->18712K(18880K) NonClass: 16051K(16128K)->16051K(16128K) Class: 2660K(2752K)->2660K(2752K)
[240.726s][info][gc             ] GC(794) Pause Young (Allocation Failure) 415M->324M(760M) 132.889ms
[240.726s][info][gc,cpu         ] GC(794) User=0.27s Sys=0.00s Real=0.13s
[240.804s][info][gc,start       ] GC(795) Pause Young (Allocation Failure)
[240.933s][info][gc,heap        ] GC(795) PSYoungGen: 222709K(222720K)->111077K(222720K) Eden: 111616K(111616K)->0K(111616K) From: 111093K(111104K)->111077K(111104K)
[240.933s][info][gc,heap        ] GC(795) ParOldGen: 221136K(555520K)->229328K(555520K)
[240.933s][info][gc,metaspace   ] GC(795) Metaspace: 18712K(18880K)->18712K(18880K) NonClass: 16051K(16128K)->16051K(16128K) Class: 2660K(2752K)->2660K(2752K)
[240.933s][info][gc             ] GC(795) Pause Young (Allocation Failure) 433M->332M(760M) 129.444ms
[240.933s][info][gc,cpu         ] GC(795) User=0.26s Sys=0.01s Real=0.13s
[240.997s][info][gc,start       ] GC(796) Pause Young (Allocation Failure)
[241.119s][info][gc,heap        ] GC(796) PSYoungGen: 222693K(222720K)->94723K(222720K) Eden: 111616K(111616K)->0K(111616K) From: 111077K(111104K)->94723K(111104K)
[241.119s][info][gc,heap        ] GC(796) ParOldGen: 229328K(555520K)->248333K(555520K)
[241.119s][info][gc,metaspace   ] GC(796) Metaspace: 18712K(18880K)->18712K(18880K) NonClass: 16051K(16128K)->16051K(16128K) Class: 2660K(2752K)->2660K(2752K)
[241.119s][info][gc             ] GC(796) Pause Young (Allocation Failure) 441M->335M(760M) 122.136ms
[241.119s][info][gc,cpu         ] GC(796) User=0.25s Sys=0.00s Real=0.12s
[241.243s][info][gc,start       ] GC(797) Pause Young (Allocation Failure)
[241.332s][info][gc,heap        ] GC(797) PSYoungGen: 206339K(222720K)->73299K(222720K) Eden: 111616K(111616K)->0K(111616K) From: 94723K(111104K)->73299K(111104K)
[241.332s][info][gc,heap        ] GC(797) ParOldGen: 248333K(555520K)->271241K(555520K)
[241.332s][info][gc,metaspace   ] GC(797) Metaspace: 18712K(18880K)->18712K(18880K) NonClass: 16051K(16128K)->16051K(16128K) Class: 2660K(2752K)->2660K(2752K)
[241.332s][info][gc             ] GC(797) Pause Young (Allocation Failure) 444M->336M(760M) 88.543ms
[241.332s][info][gc,cpu         ] GC(797) User=0.18s Sys=0.00s Real=0.09s
[241.624s][info][gc,start       ] GC(798) Pause Young (Allocation Failure)
[241.692s][info][gc,heap        ] GC(798) PSYoungGen: 184915K(222720K)->71907K(222720K) Eden: 111616K(111616K)->0K(111616K) From: 73299K(111104K)->71907K(111104K)
[241.692s][info][gc,heap        ] GC(798) ParOldGen: 271241K(555520K)->273785K(555520K)
[241.692s][info][gc,metaspace   ] GC(798) Metaspace: 18712K(18880K)->18712K(18880K) NonClass: 16052K(16128K)->16052K(16128K) Class: 2660K(2752K)->2660K(2752K)
[241.692s][info][gc             ] GC(798) Pause Young (Allocation Failure) 445M->337M(760M) 67.271ms
[241.692s][info][gc,cpu         ] GC(798) User=0.13s Sys=0.00s Real=0.07s
[241.940s][info][gc,start       ] GC(799) Pause Young (Allocation Failure)
[242.020s][info][gc,heap        ] GC(799) PSYoungGen: 183523K(222720K)->47139K(222720K) Eden: 111616K(111616K)->0K(111616K) From: 71907K(111104K)->47139K(111104K)
[242.020s][info][gc,heap        ] GC(799) ParOldGen: 273785K(555520K)->313822K(555520K)
[242.020s][info][gc,metaspace   ] GC(799) Metaspace: 18712K(18880K)->18712K(18880K) NonClass: 16052K(16128K)->16052K(16128K) Class: 2660K(2752K)->2660K(2752K)
[242.020s][info][gc             ] GC(799) Pause Young (Allocation Failure) 446M->352M(760M) 80.396ms
[242.020s][info][gc,cpu         ] GC(799) User=0.16s Sys=0.00s Real=0.08s
[242.134s][info][gc,start       ] GC(800) Pause Young (Allocation Failure)
[242.221s][info][gc,heap        ] GC(800) PSYoungGen: 158755K(222720K)->61264K(222720K) Eden: 111616K(111616K)->0K(111616K) From: 47139K(111104K)->61264K(111104K)
[242.221s][info][gc,heap        ] GC(800) ParOldGen: 313822K(555520K)->340925K(555520K)
[242.221s][info][gc,metaspace   ] GC(800) Metaspace: 18713K(18880K)->18713K(18880K) NonClass: 16053K(16128K)->16053K(16128K) Class: 2660K(2752K)->2660K(2752K)
[242.221s][info][gc             ] GC(800) Pause Young (Allocation Failure) 461M->392M(760M) 86.462ms
[242.221s][info][gc,cpu         ] GC(800) User=0.17s Sys=0.00s Real=0.09s
[242.394s][info][gc,start       ] GC(801) Pause Young (Allocation Failure)
[242.473s][info][gc,heap        ] GC(801) PSYoungGen: 172880K(222720K)->79264K(222720K) Eden: 111616K(111616K)->0K(111616K) From: 61264K(111104K)->79264K(111104K)
[242.473s][info][gc,heap        ] GC(801) ParOldGen: 340925K(555520K)->344941K(555520K)
[242.473s][info][gc,metaspace   ] GC(801) Metaspace: 18713K(18880K)->18713K(18880K) NonClass: 16053K(16128K)->16053K(16128K) Class: 2660K(2752K)->2660K(2752K)
[242.473s][info][gc             ] GC(801) Pause Young (Allocation Failure) 501M->414M(760M) 78.589ms
[242.473s][info][gc,cpu         ] GC(801) User=0.16s Sys=0.00s Real=0.08s
[242.562s][info][gc,start       ] GC(802) Pause Young (Allocation Failure)
[242.636s][info][gc,heap        ] GC(802) PSYoungGen: 190880K(222720K)->66448K(222720K) Eden: 111616K(111616K)->0K(111616K) From: 79264K(111104K)->66448K(111104K)
[242.636s][info][gc,heap        ] GC(802) ParOldGen: 344941K(555520K)->360873K(555520K)
[242.636s][info][gc,metaspace   ] GC(802) Metaspace: 18713K(18880K)->18713K(18880K) NonClass: 16053K(16128K)->16053K(16128K) Class: 2660K(2752K)->2660K(2752K)
[242.636s][info][gc             ] GC(802) Pause Young (Allocation Failure) 523M->417M(760M) 74.531ms
[242.636s][info][gc,cpu         ] GC(802) User=0.14s Sys=0.00s Real=0.08s
[242.747s][info][gc,start       ] GC(803) Pause Young (Allocation Failure)
[242.808s][info][gc,heap        ] GC(803) PSYoungGen: 178064K(222720K)->3680K(222720K) Eden: 111616K(111616K)->0K(111616K) From: 66448K(111104K)->3680K(111104K)
[242.808s][info][gc,heap        ] GC(803) ParOldGen: 360873K(555520K)->424543K(555520K)
[242.808s][info][gc,metaspace   ] GC(803) Metaspace: 18713K(18880K)->18713K(18880K) NonClass: 16053K(16128K)->16053K(16128K) Class: 2660K(2752K)->2660K(2752K)
[242.808s][info][gc             ] GC(803) Pause Young (Allocation Failure) 526M->418M(760M) 60.591ms
[242.808s][info][gc,cpu         ] GC(803) User=0.12s Sys=0.00s Real=0.06s
[243.019s][info][gc,start       ] GC(804) Pause Young (Allocation Failure)
[243.027s][info][gc,heap        ] GC(804) PSYoungGen: 115296K(222720K)->1312K(222720K) Eden: 111616K(111616K)->0K(111616K) From: 3680K(111104K)->1312K(111104K)
[243.027s][info][gc,heap        ] GC(804) ParOldGen: 424543K(555520K)->428183K(555520K)
[243.027s][info][gc,metaspace   ] GC(804) Metaspace: 18713K(18880K)->18713K(18880K) NonClass: 16053K(16128K)->16053K(16128K) Class: 2660K(2752K)->2660K(2752K)
[243.027s][info][gc             ] GC(804) Pause Young (Allocation Failure) 527M->419M(760M) 7.902ms
[243.027s][info][gc,cpu         ] GC(804) User=0.02s Sys=0.00s Real=0.01s
[243.270s][info][gc,start       ] GC(805) Pause Young (Allocation Failure)
[243.274s][info][gc,heap        ] GC(805) PSYoungGen: 112928K(222720K)->160K(222720K) Eden: 111616K(111616K)->0K(111616K) From: 1312K(111104K)->160K(111104K)
[243.274s][info][gc,heap        ] GC(805) ParOldGen: 428183K(555520K)->429455K(555520K)
[243.274s][info][gc,metaspace   ] GC(805) Metaspace: 18713K(18880K)->18713K(18880K) NonClass: 16053K(16128K)->16053K(16128K) Class: 2660K(2752K)->2660K(2752K)
[243.274s][info][gc             ] GC(805) Pause Young (Allocation Failure) 528M->419M(760M) 4.030ms
[243.274s][info][gc,cpu         ] GC(805) User=0.01s Sys=0.00s Real=0.00s
[243.456s][info][gc,start       ] GC(806) Pause Young (Allocation Failure)
[243.492s][info][gc,heap        ] GC(806) PSYoungGen: 111776K(222720K)->38064K(222720K) Eden: 111616K(111616K)->0K(111616K) From: 160K(111104K)->38064K(111104K)
[243.492s][info][gc,heap        ] GC(806) ParOldGen: 429455K(555520K)->429599K(555520K)
[243.492s][info][gc,metaspace   ] GC(806) Metaspace: 18714K(18880K)->18714K(18880K) NonClass: 16054K(16128K)->16054K(16128K) Class: 2660K(2752K)->2660K(2752K)
[243.492s][info][gc             ] GC(806) Pause Young (Allocation Failure) 528M->456M(760M) 36.584ms
[243.492s][info][gc,cpu         ] GC(806) User=0.07s Sys=0.00s Real=0.04s
[243.600s][info][gc,start       ] GC(807) Pause Young (Allocation Failure)
[243.681s][info][gc,heap        ] GC(807) PSYoungGen: 149680K(222720K)->52931K(222720K) Eden: 111616K(111616K)->0K(111616K) From: 38064K(111104K)->52931K(111104K)
[243.681s][info][gc,heap        ] GC(807) ParOldGen: 429599K(555520K)->467799K(555520K)
[243.681s][info][gc,metaspace   ] GC(807) Metaspace: 18714K(18880K)->18714K(18880K) NonClass: 16054K(16128K)->16054K(16128K) Class: 2660K(2752K)->2660K(2752K)
[243.681s][info][gc             ] GC(807) Pause Young (Allocation Failure) 565M->508M(760M) 81.695ms
[243.681s][info][gc,cpu         ] GC(807) User=0.16s Sys=0.00s Real=0.08s
[243.772s][info][gc,start       ] GC(808) Pause Young (Allocation Failure)
[243.886s][info][gc,heap        ] GC(808) PSYoungGen: 164547K(222720K)->72372K(222720K) Eden: 111616K(111616K)->0K(111616K) From: 52931K(111104K)->72372K(111104K)
[243.886s][info][gc,heap        ] GC(808) ParOldGen: 467799K(555520K)->520957K(555520K)
[243.886s][info][gc,metaspace   ] GC(808) Metaspace: 18714K(18880K)->18714K(18880K) NonClass: 16054K(16128K)->16054K(16128K) Class: 2660K(2752K)->2660K(2752K)
[243.886s][info][gc             ] GC(808) Pause Young (Allocation Failure) 617M->579M(760M) 113.700ms
[243.886s][info][gc,cpu         ] GC(808) User=0.23s Sys=0.00s Real=0.11s
[243.972s][info][gc,start       ] GC(809) Pause Young (Allocation Failure)
[244.069s][info][gc,heap        ] GC(809) PSYoungGen: 183988K(222720K)->3072K(222720K) Eden: 111616K(111616K)->0K(111616K) From: 72372K(111104K)->3072K(111104K)
[244.069s][info][gc,heap        ] GC(809) ParOldGen: 520957K(555520K)->593578K(593920K)
[244.069s][info][gc,metaspace   ] GC(809) Metaspace: 18714K(18880K)->18714K(18880K) NonClass: 16054K(16128K)->16054K(16128K) Class: 2660K(2752K)->2660K(2752K)
[244.069s][info][gc             ] GC(809) Pause Young (Allocation Failure) 688M->582M(797M) 97.831ms
[244.069s][info][gc,cpu         ] GC(809) User=0.17s Sys=0.03s Real=0.10s
[244.173s][info][gc,start       ] GC(810) Pause Full (Allocation Failure)
[244.173s][info][gc,phases,start] GC(810) Marking Phase
[244.228s][info][gc,phases      ] GC(810) Marking Phase 55.409ms
[244.228s][info][gc,phases,start] GC(810) Summary Phase
[244.228s][info][gc,phases      ] GC(810) Summary Phase 0.025ms
[244.228s][info][gc,phases,start] GC(810) Forward
[244.249s][info][gc,phases      ] GC(810) Forward 20.690ms
[244.249s][info][gc,phases,start] GC(810) Adjust Pointers
[244.290s][info][gc,phases      ] GC(810) Adjust Pointers 40.507ms
[244.290s][info][gc,phases,start] GC(810) Compaction Phase
[244.310s][info][gc,phases      ] GC(810) Compaction Phase 20.771ms
[244.313s][info][gc,phases,start] GC(810) Post Compact
[244.315s][info][gc,phases      ] GC(810) Post Compact 2.055ms
[244.325s][info][gc,heap        ] GC(810) PSYoungGen: 114688K(222720K)->0K(222720K) Eden: 111616K(111616K)->0K(111616K) From: 3072K(111104K)->0K(111104K)
[244.325s][info][gc,heap        ] GC(810) ParOldGen: 593578K(593920K)->93130K(474624K)
[244.325s][info][gc,metaspace   ] GC(810) Metaspace: 18716K(18880K)->18716K(18880K) NonClass: 16056K(16128K)->16056K(16128K) Class: 2660K(2752K)->2660K(2752K)
[244.325s][info][gc             ] GC(810) Pause Full (Allocation Failure) 691M->90M(681M) 152.539ms
[244.325s][info][gc,cpu         ] GC(810) User=0.24s Sys=0.01s Real=0.15s
[244.442s][info][gc,start       ] GC(811) Pause Young (Allocation Failure)
[244.450s][info][gc,heap        ] GC(811) PSYoungGen: 111616K(222720K)->8288K(222720K) Eden: 111616K(111616K)->0K(111616K) From: 0K(111104K)->8288K(111104K)
[244.451s][info][gc,heap        ] GC(811) ParOldGen: 93130K(474624K)->93130K(474624K)
[244.451s][info][gc,metaspace   ] GC(811) Metaspace: 18718K(18880K)->18718K(18880K) NonClass: 16058K(16128K)->16058K(16128K) Class: 2660K(2752K)->2660K(2752K)
[244.451s][info][gc             ] GC(811) Pause Young (Allocation Failure) 199M->99M(681M) 8.278ms
[244.451s][info][gc,cpu         ] GC(811) User=0.01s Sys=0.00s Real=0.01s
[244.588s][info][gc,start       ] GC(812) Pause Young (Allocation Failure)
[244.606s][info][gc,heap        ] GC(812) PSYoungGen: 119904K(222720K)->11024K(222720K) Eden: 111616K(111616K)->0K(111616K) From: 8288K(111104K)->11024K(111104K)
[244.606s][info][gc,heap        ] GC(812) ParOldGen: 93130K(474624K)->101419K(474624K)
[244.606s][info][gc,metaspace   ] GC(812) Metaspace: 18718K(18880K)->18718K(18880K) NonClass: 16058K(16128K)->16058K(16128K) Class: 2660K(2752K)->2660K(2752K)
[244.606s][info][gc             ] GC(812) Pause Young (Allocation Failure) 208M->109M(681M) 17.872ms
[244.606s][info][gc,cpu         ] GC(812) User=0.03s Sys=0.00s Real=0.02s
[244.663s][info][gc,start       ] GC(813) Pause Young (Allocation Failure)
[244.701s][info][gc,heap        ] GC(813) PSYoungGen: 122640K(222720K)->40032K(222720K) Eden: 111616K(111616K)->0K(111616K) From: 11024K(111104K)->40032K(111104K)
[244.701s][info][gc,heap        ] GC(813) ParOldGen: 101419K(474624K)->112451K(474624K)
[244.701s][info][gc,metaspace   ] GC(813) Metaspace: 18719K(18880K)->18719K(18880K) NonClass: 16059K(16128K)->16059K(16128K) Class: 2660K(2752K)->2660K(2752K)
[244.701s][info][gc             ] GC(813) Pause Young (Allocation Failure) 218M->148M(681M) 38.649ms
[244.701s][info][gc,cpu         ] GC(813) User=0.08s Sys=0.00s Real=0.04s
[244.854s][info][gc,start       ] GC(814) Pause Young (Allocation Failure)
[244.896s][info][gc,heap        ] GC(814) PSYoungGen: 151648K(222720K)->26176K(138240K) Eden: 111616K(111616K)->0K(111616K) From: 40032K(111104K)->26176K(26624K)
[244.896s][info][gc,heap        ] GC(814) ParOldGen: 112451K(474624K)->152947K(474624K)
[244.896s][info][gc,metaspace   ] GC(814) Metaspace: 18719K(18880K)->18719K(18880K) NonClass: 16059K(16128K)->16059K(16128K) Class: 2660K(2752K)->2660K(2752K)
[244.896s][info][gc             ] GC(814) Pause Young (Allocation Failure) 257M->174M(598M) 42.290ms
[244.896s][info][gc,cpu         ] GC(814) User=0.08s Sys=0.01s Real=0.05s
[244.976s][info][gc,start       ] GC(815) Pause Young (Allocation Failure)
[245.020s][info][gc,heap        ] GC(815) PSYoungGen: 137792K(138240K)->55776K(219648K) Eden: 111616K(111616K)->0K(112128K) From: 26176K(26624K)->55776K(107520K)
[245.020s][info][gc,heap        ] GC(815) ParOldGen: 152947K(474624K)->152947K(474624K)
[245.020s][info][gc,metaspace   ] GC(815) Metaspace: 18719K(18880K)->18719K(18880K) NonClass: 16059K(16128K)->16059K(16128K) Class: 2660K(2752K)->2660K(2752K)
[245.020s][info][gc             ] GC(815) Pause Young (Allocation Failure) 283M->203M(678M) 44.572ms
[245.020s][info][gc,cpu         ] GC(815) User=0.09s Sys=0.00s Real=0.05s
[245.102s][info][gc,start       ] GC(816) Pause Young (Allocation Failure)
[245.180s][info][gc,heap        ] GC(816) PSYoungGen: 167904K(219648K)->91792K(219136K) Eden: 112128K(112128K)->0K(112128K) From: 55776K(107520K)->91792K(107008K)
[245.180s][info][gc,heap        ] GC(816) ParOldGen: 152947K(474624K)->152947K(474624K)
[245.180s][info][gc,metaspace   ] GC(816) Metaspace: 18719K(18880K)->18719K(18880K) NonClass: 16059K(16128K)->16059K(16128K) Class: 2660K(2752K)->2660K(2752K)
[245.180s][info][gc             ] GC(816) Pause Young (Allocation Failure) 313M->239M(677M) 77.566ms
[245.180s][info][gc,cpu         ] GC(816) User=0.16s Sys=0.00s Real=0.08s
[245.238s][info][gc,start       ] GC(817) Pause Young (Allocation Failure)
[245.358s][info][gc,heap        ] GC(817) PSYoungGen: 203920K(219136K)->86065K(222720K) Eden: 112128K(112128K)->0K(111616K) From: 91792K(107008K)->86065K(111104K)
[245.358s][info][gc,heap        ] GC(817) ParOldGen: 152947K(474624K)->209075K(474624K)
[245.358s][info][gc,metaspace   ] GC(817) Metaspace: 18720K(18880K)->18720K(18880K) NonClass: 16060K(16128K)->16060K(16128K) Class: 2660K(2752K)->2660K(2752K)
[245.358s][info][gc             ] GC(817) Pause Young (Allocation Failure) 348M->288M(681M) 120.502ms
[245.358s][info][gc,cpu         ] GC(817) User=0.24s Sys=0.00s Real=0.12s
[245.491s][info][gc,start       ] GC(818) Pause Young (Allocation Failure)
[245.592s][info][gc,heap        ] GC(818) PSYoungGen: 197681K(222720K)->30464K(222720K) Eden: 111616K(111616K)->0K(111616K) From: 86065K(111104K)->30464K(111104K)
[245.592s][info][gc,heap        ] GC(818) ParOldGen: 209075K(474624K)->295840K(474624K)
[245.592s][info][gc,metaspace   ] GC(818) Metaspace: 18720K(18880K)->18720K(18880K) NonClass: 16060K(16128K)->16060K(16128K) Class: 2660K(2752K)->2660K(2752K)
[245.592s][info][gc             ] GC(818) Pause Young (Allocation Failure) 397M->318M(681M) 100.693ms
[245.592s][info][gc,cpu         ] GC(818) User=0.20s Sys=0.00s Real=0.10s
[245.658s][info][gc,start       ] GC(819) Pause Young (Allocation Failure)
[245.699s][info][gc,heap        ] GC(819) PSYoungGen: 142080K(222720K)->10432K(222720K) Eden: 111616K(111616K)->0K(111616K) From: 30464K(111104K)->10432K(111104K)
[245.699s][info][gc,heap        ] GC(819) ParOldGen: 295840K(474624K)->326472K(474624K)
[245.699s][info][gc,metaspace   ] GC(819) Metaspace: 18720K(18880K)->18720K(18880K) NonClass: 16060K(16128K)->16060K(16128K) Class: 2660K(2752K)->2660K(2752K)
[245.699s][info][gc             ] GC(819) Pause Young (Allocation Failure) 427M->329M(681M) 41.780ms
[245.699s][info][gc,cpu         ] GC(819) User=0.08s Sys=0.00s Real=0.04s
[245.803s][info][gc,start       ] GC(820) Pause Young (Allocation Failure)
[245.839s][info][gc,heap        ] GC(820) PSYoungGen: 122048K(222720K)->14497K(222720K) Eden: 111616K(111616K)->0K(111616K) From: 10432K(111104K)->14497K(111104K)
[245.839s][info][gc,heap        ] GC(820) ParOldGen: 326472K(474624K)->336904K(474624K)
[245.839s][info][gc,metaspace   ] GC(820) Metaspace: 18720K(18880K)->18720K(18880K) NonClass: 16060K(16128K)->16060K(16128K) Class: 2660K(2752K)->2660K(2752K)
[245.840s][info][gc             ] GC(820) Pause Young (Allocation Failure) 438M->343M(681M) 36.676ms
[245.840s][info][gc,cpu         ] GC(820) User=0.07s Sys=0.00s Real=0.04s
[245.913s][info][gc,start       ] GC(821) Pause Young (Allocation Failure)
[245.954s][info][gc,heap        ] GC(821) PSYoungGen: 126113K(222720K)->16928K(222720K) Eden: 111616K(111616K)->0K(111616K) From: 14497K(111104K)->16928K(111104K)
[245.954s][info][gc,heap        ] GC(821) ParOldGen: 336904K(474624K)->351133K(474624K)
[245.954s][info][gc,metaspace   ] GC(821) Metaspace: 18720K(18880K)->18720K(18880K) NonClass: 16060K(16128K)->16060K(16128K) Class: 2660K(2752K)->2660K(2752K)
[245.954s][info][gc             ] GC(821) Pause Young (Allocation Failure) 452M->359M(681M) 41.081ms
[245.954s][info][gc,cpu         ] GC(821) User=0.08s Sys=0.00s Real=0.04s
[246.044s][info][gc,start       ] GC(822) Pause Young (Allocation Failure)
[246.082s][info][gc,heap        ] GC(822) PSYoungGen: 128544K(222720K)->11872K(222720K) Eden: 111616K(111616K)->0K(111616K) From: 16928K(111104K)->11872K(111104K)
[246.082s][info][gc,heap        ] GC(822) ParOldGen: 351133K(474624K)->368069K(474624K)
[246.082s][info][gc,metaspace   ] GC(822) Metaspace: 18720K(18880K)->18720K(18880K) NonClass: 16060K(16128K)->16060K(16128K) Class: 2660K(2752K)->2660K(2752K)
[246.082s][info][gc             ] GC(822) Pause Young (Allocation Failure) 468M->371M(681M) 37.371ms
[246.082s][info][gc,cpu         ] GC(822) User=0.07s Sys=0.00s Real=0.04s
[246.162s][info][gc,start       ] GC(823) Pause Young (Allocation Failure)
[246.193s][info][gc,heap        ] GC(823) PSYoungGen: 123488K(222720K)->12512K(216576K) Eden: 111616K(111616K)->0K(111616K) From: 11872K(111104K)->12512K(104960K)
[246.193s][info][gc,heap        ] GC(823) ParOldGen: 368069K(474624K)->379941K(474624K)
[246.193s][info][gc,metaspace   ] GC(823) Metaspace: 18720K(18880K)->18720K(18880K) NonClass: 16060K(16128K)->16060K(16128K) Class: 2660K(2752K)->2660K(2752K)
[246.193s][info][gc             ] GC(823) Pause Young (Allocation Failure) 480M->383M(675M) 30.607ms
[246.193s][info][gc,cpu         ] GC(823) User=0.06s Sys=0.00s Real=0.03s
[246.279s][info][gc,start       ] GC(824) Pause Young (Allocation Failure)
[246.305s][info][gc,heap        ] GC(824) PSYoungGen: 124128K(216576K)->23808K(219648K) Eden: 111616K(111616K)->0K(111616K) From: 12512K(104960K)->23808K(108032K)
[246.305s][info][gc,heap        ] GC(824) ParOldGen: 379941K(474624K)->379941K(474624K)
[246.305s][info][gc,metaspace   ] GC(824) Metaspace: 18720K(18880K)->18720K(18880K) NonClass: 16060K(16128K)->16060K(16128K) Class: 2660K(2752K)->2660K(2752K)
[246.305s][info][gc             ] GC(824) Pause Young (Allocation Failure) 492M->394M(678M) 26.005ms
[246.305s][info][gc,cpu         ] GC(824) User=0.05s Sys=0.00s Real=0.02s
[246.380s][info][gc,start       ] GC(825) Pause Young (Allocation Failure)
[246.408s][info][gc,heap        ] GC(825) PSYoungGen: 135424K(219648K)->24576K(210432K) Eden: 111616K(111616K)->0K(119808K) From: 23808K(108032K)->24576K(90624K)
[246.408s][info][gc,heap        ] GC(825) ParOldGen: 379941K(474624K)->379941K(474624K)
[246.408s][info][gc,metaspace   ] GC(825) Metaspace: 18720K(18880K)->18720K(18880K) NonClass: 16060K(16128K)->16060K(16128K) Class: 2660K(2752K)->2660K(2752K)
[246.408s][info][gc             ] GC(825) Pause Young (Allocation Failure) 503M->395M(669M) 27.635ms
[246.408s][info][gc,cpu         ] GC(825) User=0.05s Sys=0.00s Real=0.03s
[246.506s][info][gc,start       ] GC(826) Pause Young (Allocation Failure)
[246.545s][info][gc,heap        ] GC(826) PSYoungGen: 144384K(210432K)->38112K(216576K) Eden: 119808K(119808K)->0K(119808K) From: 24576K(90624K)->38112K(96768K)
[246.545s][info][gc,heap        ] GC(826) ParOldGen: 379941K(474624K)->379941K(474624K)
[246.545s][info][gc,metaspace   ] GC(826) Metaspace: 18724K(18880K)->18724K(18880K) NonClass: 16064K(16128K)->16064K(16128K) Class: 2660K(2752K)->2660K(2752K)
[246.545s][info][gc             ] GC(826) Pause Young (Allocation Failure) 512M->408M(675M) 39.466ms
[246.545s][info][gc,cpu         ] GC(826) User=0.08s Sys=0.00s Real=0.04s
[246.644s][info][gc,start       ] GC(827) Pause Young (Allocation Failure)
[246.696s][info][gc,heap        ] GC(827) PSYoungGen: 157920K(216576K)->49472K(220672K) Eden: 119808K(119808K)->0K(128000K) From: 38112K(96768K)->49472K(92672K)
[246.696s][info][gc,heap        ] GC(827) ParOldGen: 379941K(474624K)->379941K(474624K)
[246.696s][info][gc,metaspace   ] GC(827) Metaspace: 18724K(18880K)->18724K(18880K) NonClass: 16064K(16128K)->16064K(16128K) Class: 2660K(2752K)->2660K(2752K)
[246.696s][info][gc             ] GC(827) Pause Young (Allocation Failure) 525M->419M(679M) 51.460ms
[246.696s][info][gc,cpu         ] GC(827) User=0.11s Sys=0.00s Real=0.05s
[246.903s][info][gc,start       ] GC(828) Pause Young (Allocation Failure)
[246.965s][info][gc,heap        ] GC(828) PSYoungGen: 177472K(220672K)->62752K(221184K) Eden: 128000K(128000K)->0K(128000K) From: 49472K(92672K)->62752K(93184K)
[246.965s][info][gc,heap        ] GC(828) ParOldGen: 379941K(474624K)->379941K(474624K)
[246.965s][info][gc,metaspace   ] GC(828) Metaspace: 18724K(18880K)->18724K(18880K) NonClass: 16064K(16128K)->16064K(16128K) Class: 2660K(2752K)->2660K(2752K)
[246.965s][info][gc             ] GC(828) Pause Young (Allocation Failure) 544M->432M(679M) 62.148ms
[246.965s][info][gc,cpu         ] GC(828) User=0.12s Sys=0.01s Real=0.06s
[247.292s][info][gc,start       ] GC(829) Pause Young (Allocation Failure)
[247.363s][info][gc,heap        ] GC(829) PSYoungGen: 190752K(221184K)->70880K(222720K) Eden: 128000K(128000K)->0K(124928K) From: 62752K(93184K)->70880K(97792K)
[247.363s][info][gc,heap        ] GC(829) ParOldGen: 379941K(474624K)->379941K(474624K)
[247.363s][info][gc,metaspace   ] GC(829) Metaspace: 18724K(18880K)->18724K(18880K) NonClass: 16064K(16128K)->16064K(16128K) Class: 2660K(2752K)->2660K(2752K)
[247.363s][info][gc             ] GC(829) Pause Young (Allocation Failure) 557M->440M(681M) 70.621ms
[247.363s][info][gc,cpu         ] GC(829) User=0.14s Sys=0.00s Real=0.07s
[247.695s][info][gc,start       ] GC(830) Pause Young (Allocation Failure)
[247.765s][info][gc,heap        ] GC(830) PSYoungGen: 195808K(222720K)->70976K(196096K) Eden: 124928K(124928K)->0K(124928K) From: 70880K(97792K)->70976K(71168K)
[247.765s][info][gc,heap        ] GC(830) ParOldGen: 379941K(474624K)->379941K(474624K)
[247.765s][info][gc,metaspace   ] GC(830) Metaspace: 18724K(18880K)->18724K(18880K) NonClass: 16064K(16128K)->16064K(16128K) Class: 2660K(2752K)->2660K(2752K)
[247.765s][info][gc             ] GC(830) Pause Young (Allocation Failure) 562M->440M(655M) 70.571ms
[247.765s][info][gc,cpu         ] GC(830) User=0.14s Sys=0.00s Real=0.07s
[248.063s][info][gc,start       ] GC(831) Pause Young (Allocation Failure)
[248.133s][info][gc,heap        ] GC(831) PSYoungGen: 195904K(196096K)->70976K(220672K) Eden: 124928K(124928K)->0K(111616K) From: 70976K(71168K)->70976K(109056K)
[248.133s][info][gc,heap        ] GC(831) ParOldGen: 379941K(474624K)->379941K(474624K)
[248.133s][info][gc,metaspace   ] GC(831) Metaspace: 18724K(18880K)->18724K(18880K) NonClass: 16064K(16128K)->16064K(16128K) Class: 2660K(2752K)->2660K(2752K)
[248.133s][info][gc             ] GC(831) Pause Young (Allocation Failure) 562M->440M(679M) 70.586ms
[248.133s][info][gc,cpu         ] GC(831) User=0.14s Sys=0.00s Real=0.07s
[248.370s][info][gc,start       ] GC(832) Pause Young (Allocation Failure)
[248.439s][info][gc,heap        ] GC(832) PSYoungGen: 182592K(220672K)->47520K(159232K) Eden: 111616K(111616K)->0K(111616K) From: 70976K(109056K)->47520K(47616K)
[248.440s][info][gc,heap        ] GC(832) ParOldGen: 379941K(474624K)->403781K(474624K)
[248.440s][info][gc,metaspace   ] GC(832) Metaspace: 18724K(18880K)->18724K(18880K) NonClass: 16064K(16128K)->16064K(16128K) Class: 2660K(2752K)->2660K(2752K)
[248.440s][info][gc             ] GC(832) Pause Young (Allocation Failure) 549M->440M(619M) 69.671ms
[248.440s][info][gc,cpu         ] GC(832) User=0.14s Sys=0.00s Real=0.07s
[248.715s][info][gc,start       ] GC(833) Pause Young (Allocation Failure)
[248.784s][info][gc,heap        ] GC(833) PSYoungGen: 159136K(159232K)->47264K(218624K) Eden: 111616K(111616K)->0K(118272K) From: 47520K(47616K)->47264K(100352K)
[248.784s][info][gc,heap        ] GC(833) ParOldGen: 403781K(474624K)->403781K(474624K)
[248.784s][info][gc,metaspace   ] GC(833) Metaspace: 18724K(18880K)->18724K(18880K) NonClass: 16064K(16128K)->16064K(16128K) Class: 2660K(2752K)->2660K(2752K)
[248.784s][info][gc             ] GC(833) Pause Young (Allocation Failure) 549M->440M(677M) 68.975ms
[248.784s][info][gc,cpu         ] GC(833) User=0.13s Sys=0.00s Real=0.07s
[249.053s][info][gc,start       ] GC(834) Pause Young (Allocation Failure)
[249.111s][info][gc,heap        ] GC(834) PSYoungGen: 165536K(218624K)->51744K(219648K) Eden: 118272K(118272K)->0K(118272K) From: 47264K(100352K)->51744K(101376K)
[249.111s][info][gc,heap        ] GC(834) ParOldGen: 403781K(474624K)->403781K(474624K)
[249.111s][info][gc,metaspace   ] GC(834) Metaspace: 18724K(18880K)->18724K(18880K) NonClass: 16064K(16128K)->16064K(16128K) Class: 2660K(2752K)->2660K(2752K)
[249.111s][info][gc             ] GC(834) Pause Young (Allocation Failure) 555M->444M(678M) 58.912ms
[249.112s][info][gc,cpu         ] GC(834) User=0.12s Sys=0.00s Real=0.06s
[249.210s][info][gc,start       ] GC(835) Pause Young (Allocation Failure)
[249.293s][info][gc,heap        ] GC(835) PSYoungGen: 170016K(219648K)->92166K(211456K) Eden: 118272K(118272K)->0K(113664K) From: 51744K(101376K)->92166K(97792K)
[249.293s][info][gc,heap        ] GC(835) ParOldGen: 403781K(474624K)->403781K(474624K)
[249.293s][info][gc,metaspace   ] GC(835) Metaspace: 18724K(18880K)->18724K(18880K) NonClass: 16064K(16128K)->16064K(16128K) Class: 2660K(2752K)->2660K(2752K)
[249.293s][info][gc             ] GC(835) Pause Young (Allocation Failure) 560M->484M(670M) 83.099ms
[249.293s][info][gc,cpu         ] GC(835) User=0.16s Sys=0.00s Real=0.08s
[249.414s][info][gc,start       ] GC(836) Pause Young (Allocation Failure)
[249.518s][info][gc,heap        ] GC(836) PSYoungGen: 205830K(211456K)->109542K(223232K) Eden: 113664K(113664K)->0K(113664K) From: 92166K(97792K)->109542K(109568K)
[249.518s][info][gc,heap        ] GC(836) ParOldGen: 403781K(474624K)->420269K(474624K)
[249.518s][info][gc,metaspace   ] GC(836) Metaspace: 18724K(18880K)->18724K(18880K) NonClass: 16064K(16128K)->16064K(16128K) Class: 2660K(2752K)->2660K(2752K)
[249.518s][info][gc             ] GC(836) Pause Young (Allocation Failure) 595M->517M(681M) 103.593ms
[249.518s][info][gc,cpu         ] GC(836) User=0.21s Sys=0.00s Real=0.11s
[249.635s][info][gc,start       ] GC(837) Pause Young (Allocation Failure)
[249.743s][info][gc,heap        ] GC(837) PSYoungGen: 223206K(223232K)->103718K(222208K) Eden: 113664K(113664K)->0K(111616K) From: 109542K(109568K)->103718K(110592K)
[249.743s][info][gc,heap        ] GC(837) ParOldGen: 420269K(474624K)->434603K(474624K)
[249.743s][info][gc,metaspace   ] GC(837) Metaspace: 18725K(18880K)->18725K(18880K) NonClass: 16065K(16128K)->16065K(16128K) Class: 2660K(2752K)->2660K(2752K)
[249.743s][info][gc             ] GC(837) Pause Young (Allocation Failure) 628M->525M(680M) 108.116ms
[249.743s][info][gc,cpu         ] GC(837) User=0.21s Sys=0.00s Real=0.11s
[249.837s][info][gc,start       ] GC(838) Pause Young (Allocation Failure)
[249.929s][info][gc,heap        ] GC(838) PSYoungGen: 215334K(222208K)->84998K(222720K) Eden: 111616K(111616K)->0K(111616K) From: 103718K(110592K)->84998K(111104K)
[249.929s][info][gc,heap        ] GC(838) ParOldGen: 434603K(474624K)->459288K(474624K)
[249.929s][info][gc,metaspace   ] GC(838) Metaspace: 18725K(18880K)->18725K(18880K) NonClass: 16065K(16128K)->16065K(16128K) Class: 2660K(2752K)->2660K(2752K)
[249.929s][info][gc             ] GC(838) Pause Young (Allocation Failure) 634M->531M(681M) 92.575ms
[249.929s][info][gc,cpu         ] GC(838) User=0.18s Sys=0.00s Real=0.09s
[250.023s][info][gc,start       ] GC(839) Pause Young (Allocation Failure)
[250.157s][info][gc,heap        ] GC(839) PSYoungGen: 196614K(222720K)->111100K(222720K) Eden: 111616K(111616K)->0K(111616K) From: 84998K(111104K)->111100K(111104K)
[250.157s][info][gc,heap        ] GC(839) ParOldGen: 459288K(474624K)->482704K(482816K)
[250.157s][info][gc,metaspace   ] GC(839) Metaspace: 18725K(18880K)->18725K(18880K) NonClass: 16065K(16128K)->16065K(16128K) Class: 2660K(2752K)->2660K(2752K)
[250.157s][info][gc             ] GC(839) Pause Young (Allocation Failure) 640M->579M(689M) 134.147ms
[250.157s][info][gc,cpu         ] GC(839) User=0.25s Sys=0.02s Real=0.14s
[250.246s][info][gc,start       ] GC(840) Pause Young (Allocation Failure)
[250.346s][info][gc,heap        ] GC(840) PSYoungGen: 222716K(222720K)->111075K(222720K) Eden: 111616K(111616K)->0K(111616K) From: 111100K(111104K)->111075K(111104K)
[250.346s][info][gc,heap        ] GC(840) ParOldGen: 482704K(482816K)->483000K(483328K)
[250.346s][info][gc,metaspace   ] GC(840) Metaspace: 18725K(18880K)->18725K(18880K) NonClass: 16065K(16128K)->16065K(16128K) Class: 2660K(2752K)->2660K(2752K)
[250.346s][info][gc             ] GC(840) Pause Young (Allocation Failure) 688M->580M(689M) 100.391ms
[250.346s][info][gc,cpu         ] GC(840) User=0.20s Sys=0.00s Real=0.10s
[250.411s][info][gc,start       ] GC(841) Pause Young (Allocation Failure)
[250.535s][info][gc,heap        ] GC(841) PSYoungGen: 222691K(222720K)->111101K(222720K) Eden: 111616K(111616K)->0K(111616K) From: 111075K(111104K)->111101K(111104K)
[250.535s][info][gc,heap        ] GC(841) ParOldGen: 483000K(483328K)->495104K(495616K)
[250.535s][info][gc,metaspace   ] GC(841) Metaspace: 18725K(18880K)->18725K(18880K) NonClass: 16065K(16128K)->16065K(16128K) Class: 2660K(2752K)->2660K(2752K)
[250.535s][info][gc             ] GC(841) Pause Young (Allocation Failure) 689M->591M(701M) 123.587ms
[250.535s][info][gc,cpu         ] GC(841) User=0.23s Sys=0.00s Real=0.12s
[250.626s][info][gc,start       ] GC(842) Pause Young (Allocation Failure)
[250.777s][info][gc,heap        ] GC(842) PSYoungGen: 222717K(222720K)->62252K(222720K) Eden: 111616K(111616K)->0K(111616K) From: 111101K(111104K)->62252K(111104K)
[250.777s][info][gc,heap        ] GC(842) ParOldGen: 495104K(495616K)->551210K(551424K)
[250.777s][info][gc,metaspace   ] GC(842) Metaspace: 18725K(18880K)->18725K(18880K) NonClass: 16065K(16128K)->16065K(16128K) Class: 2660K(2752K)->2660K(2752K)
[250.777s][info][gc             ] GC(842) Pause Young (Allocation Failure) 700M->599M(756M) 150.237ms
[250.777s][info][gc,cpu         ] GC(842) User=0.26s Sys=0.03s Real=0.15s
[250.876s][info][gc,start       ] GC(843) Pause Young (Allocation Failure)
[250.972s][info][gc,heap        ] GC(843) PSYoungGen: 173868K(222720K)->82422K(222720K) Eden: 111616K(111616K)->0K(111616K) From: 62252K(111104K)->82422K(111104K)
[250.972s][info][gc,heap        ] GC(843) ParOldGen: 551210K(551424K)->554476K(554496K)
[250.972s][info][gc,metaspace   ] GC(843) Metaspace: 18725K(18880K)->18725K(18880K) NonClass: 16065K(16128K)->16065K(16128K) Class: 2660K(2752K)->2660K(2752K)
[250.972s][info][gc             ] GC(843) Pause Young (Allocation Failure) 708M->621M(759M) 95.946ms
[250.972s][info][gc,cpu         ] GC(843) User=0.19s Sys=0.01s Real=0.10s
[251.035s][info][gc,start       ] GC(844) Pause Young (Allocation Failure)
[251.142s][info][gc,heap        ] GC(844) PSYoungGen: 194038K(222720K)->56512K(222720K) Eden: 111616K(111616K)->0K(111616K) From: 82422K(111104K)->56512K(111104K)
[251.142s][info][gc,heap        ] GC(844) ParOldGen: 554476K(554496K)->585864K(586240K)
[251.142s][info][gc,metaspace   ] GC(844) Metaspace: 18725K(18880K)->18725K(18880K) NonClass: 16065K(16128K)->16065K(16128K) Class: 2660K(2752K)->2660K(2752K)
[251.142s][info][gc             ] GC(844) Pause Young (Allocation Failure) 730M->627M(790M) 107.278ms
[251.142s][info][gc,cpu         ] GC(844) User=0.19s Sys=0.02s Real=0.11s
[251.221s][info][gc,start       ] GC(845) Pause Young (Allocation Failure)
[251.299s][info][gc,heap        ] GC(845) PSYoungGen: 168128K(222720K)->29728K(222720K) Eden: 111616K(111616K)->0K(111616K) From: 56512K(111104K)->29728K(111104K)
[251.299s][info][gc,heap        ] GC(845) ParOldGen: 585864K(586240K)->613760K(613888K)
[251.299s][info][gc,metaspace   ] GC(845) Metaspace: 18725K(18880K)->18725K(18880K) NonClass: 16065K(16128K)->16065K(16128K) Class: 2660K(2752K)->2660K(2752K)
[251.299s][info][gc             ] GC(845) Pause Young (Allocation Failure) 736M->628M(817M) 78.024ms
[251.299s][info][gc,cpu         ] GC(845) User=0.14s Sys=0.01s Real=0.08s
[251.385s][info][gc,start       ] GC(846) Pause Full (Allocation Failure)
[251.385s][info][gc,phases,start] GC(846) Marking Phase
[251.647s][info][gc,phases      ] GC(846) Marking Phase 262.342ms
[251.647s][info][gc,phases,start] GC(846) Summary Phase
[251.647s][info][gc,phases      ] GC(846) Summary Phase 0.028ms
[251.647s][info][gc,phases,start] GC(846) Forward
[251.744s][info][gc,phases      ] GC(846) Forward 96.731ms
[251.744s][info][gc,phases,start] GC(846) Adjust Pointers
[251.953s][info][gc,phases      ] GC(846) Adjust Pointers 209.315ms
[251.953s][info][gc,phases,start] GC(846) Compaction Phase
[252.078s][info][gc,phases      ] GC(846) Compaction Phase 124.868ms
[252.087s][info][gc,phases,start] GC(846) Post Compact
[252.089s][info][gc,phases      ] GC(846) Post Compact 2.152ms
[252.089s][info][gc,heap        ] GC(846) PSYoungGen: 141344K(222720K)->0K(222720K) Eden: 111616K(111616K)->0K(111616K) From: 29728K(111104K)->0K(111104K)
[252.089s][info][gc,heap        ] GC(846) ParOldGen: 613760K(613888K)->376317K(667648K)
[252.089s][info][gc,metaspace   ] GC(846) Metaspace: 18725K(18880K)->18725K(18880K) NonClass: 16065K(16128K)->16065K(16128K) Class: 2660K(2752K)->2660K(2752K)
[252.089s][info][gc             ] GC(846) Pause Full (Allocation Failure) 737M->367M(869M) 704.267ms
[252.089s][info][gc,cpu         ] GC(846) User=1.33s Sys=0.00s Real=0.71s
[252.179s][info][gc,start       ] GC(847) Pause Young (Allocation Failure)
[252.193s][info][gc,heap        ] GC(847) PSYoungGen: 111616K(222720K)->10784K(222720K) Eden: 111616K(111616K)->0K(111616K) From: 0K(111104K)->10784K(111104K)
[252.193s][info][gc,heap        ] GC(847) ParOldGen: 376317K(667648K)->376317K(667648K)
[252.193s][info][gc,metaspace   ] GC(847) Metaspace: 18725K(18880K)->18725K(18880K) NonClass: 16065K(16128K)->16065K(16128K) Class: 2660K(2752K)->2660K(2752K)
[252.193s][info][gc             ] GC(847) Pause Young (Allocation Failure) 476M->378M(869M) 14.041ms
[252.193s][info][gc,cpu         ] GC(847) User=0.03s Sys=0.00s Real=0.01s
[252.354s][info][gc,start       ] GC(848) Pause Young (Allocation Failure)
[252.374s][info][gc,heap        ] GC(848) PSYoungGen: 122400K(222720K)->7808K(222720K) Eden: 111616K(111616K)->0K(111616K) From: 10784K(111104K)->7808K(111104K)
[252.374s][info][gc,heap        ] GC(848) ParOldGen: 376317K(667648K)->387101K(667648K)
[252.374s][info][gc,metaspace   ] GC(848) Metaspace: 18725K(18880K)->18725K(18880K) NonClass: 16065K(16128K)->16065K(16128K) Class: 2660K(2752K)->2660K(2752K)
[252.374s][info][gc             ] GC(848) Pause Young (Allocation Failure) 487M->385M(869M) 20.321ms
[252.374s][info][gc,cpu         ] GC(848) User=0.04s Sys=0.00s Real=0.02s
[252.507s][info][gc,start       ] GC(849) Pause Young (Allocation Failure)
[252.532s][info][gc,heap        ] GC(849) PSYoungGen: 119424K(222720K)->14752K(222720K) Eden: 111616K(111616K)->0K(111616K) From: 7808K(111104K)->14752K(111104K)
[252.532s][info][gc,heap        ] GC(849) ParOldGen: 387101K(667648K)->394874K(667648K)
[252.532s][info][gc,metaspace   ] GC(849) Metaspace: 18725K(18880K)->18725K(18880K) NonClass: 16065K(16128K)->16065K(16128K) Class: 2660K(2752K)->2660K(2752K)
[252.532s][info][gc             ] GC(849) Pause Young (Allocation Failure) 494M->400M(869M) 24.661ms
[252.532s][info][gc,cpu         ] GC(849) User=0.05s Sys=0.00s Real=0.02s
[252.752s][info][gc,start       ] GC(850) Pause Young (Allocation Failure)
[252.781s][info][gc,heap        ] GC(850) PSYoungGen: 126368K(222720K)->12592K(222720K) Eden: 111616K(111616K)->0K(111616K) From: 14752K(111104K)->12592K(111104K)
[252.781s][info][gc,heap        ] GC(850) ParOldGen: 394874K(667648K)->409616K(667648K)
[252.781s][info][gc,metaspace   ] GC(850) Metaspace: 18736K(18944K)->18736K(18944K) NonClass: 16076K(16192K)->16076K(16192K) Class: 2660K(2752K)->2660K(2752K)
[252.781s][info][gc             ] GC(850) Pause Young (Allocation Failure) 509M->412M(869M) 29.107ms
[252.781s][info][gc,cpu         ] GC(850) User=0.06s Sys=0.00s Real=0.03s
[252.926s][info][gc,start       ] GC(851) Pause Young (Allocation Failure)
[252.947s][info][gc,heap        ] GC(851) PSYoungGen: 124208K(222720K)->9184K(222720K) Eden: 111616K(111616K)->0K(111616K) From: 12592K(111104K)->9184K(111104K)
[252.947s][info][gc,heap        ] GC(851) ParOldGen: 409616K(667648K)->422284K(667648K)
[252.947s][info][gc,metaspace   ] GC(851) Metaspace: 18737K(18944K)->18737K(18944K) NonClass: 16077K(16192K)->16077K(16192K) Class: 2660K(2752K)->2660K(2752K)
[252.947s][info][gc             ] GC(851) Pause Young (Allocation Failure) 521M->421M(869M) 20.942ms
[252.947s][info][gc,cpu         ] GC(851) User=0.04s Sys=0.00s Real=0.02s
[253.084s][info][gc,start       ] GC(852) Pause Young (Allocation Failure)
[253.109s][info][gc,heap        ] GC(852) PSYoungGen: 120800K(222720K)->19152K(222720K) Eden: 111616K(111616K)->0K(111616K) From: 9184K(111104K)->19152K(111104K)
[253.109s][info][gc,heap        ] GC(852) ParOldGen: 422284K(667648K)->431468K(667648K)
[253.109s][info][gc,metaspace   ] GC(852) Metaspace: 18741K(18944K)->18741K(18944K) NonClass: 16081K(16192K)->16081K(16192K) Class: 2660K(2752K)->2660K(2752K)
[253.109s][info][gc             ] GC(852) Pause Young (Allocation Failure) 530M->440M(869M) 25.630ms
[253.109s][info][gc,cpu         ] GC(852) User=0.06s Sys=0.00s Real=0.03s
[253.191s][info][gc,start       ] GC(853) Pause Young (Allocation Failure)
[253.233s][info][gc,heap        ] GC(853) PSYoungGen: 130768K(222720K)->41952K(222720K) Eden: 111616K(111616K)->0K(111616K) From: 19152K(111104K)->41952K(111104K)
[253.233s][info][gc,heap        ] GC(853) ParOldGen: 431468K(667648K)->450829K(667648K)
[253.233s][info][gc,metaspace   ] GC(853) Metaspace: 18741K(18944K)->18741K(18944K) NonClass: 16081K(16192K)->16081K(16192K) Class: 2660K(2752K)->2660K(2752K)
[253.233s][info][gc             ] GC(853) Pause Young (Allocation Failure) 549M->481M(869M) 41.901ms
[253.233s][info][gc,cpu         ] GC(853) User=0.09s Sys=0.00s Real=0.04s
[253.426s][info][gc,start       ] GC(854) Pause Young (Allocation Failure)
[253.464s][info][gc,heap        ] GC(854) PSYoungGen: 153568K(222720K)->14624K(222720K) Eden: 111616K(111616K)->0K(111616K) From: 41952K(111104K)->14624K(111104K)
[253.464s][info][gc,heap        ] GC(854) ParOldGen: 450829K(667648K)->493277K(667648K)
[253.464s][info][gc,metaspace   ] GC(854) Metaspace: 18741K(18944K)->18741K(18944K) NonClass: 16081K(16192K)->16081K(16192K) Class: 2660K(2752K)->2660K(2752K)
[253.464s][info][gc             ] GC(854) Pause Young (Allocation Failure) 590M->495M(869M) 38.218ms
[253.464s][info][gc,cpu         ] GC(854) User=0.07s Sys=0.00s Real=0.04s
[253.622s][info][gc,start       ] GC(855) Pause Young (Allocation Failure)
[253.660s][info][gc,heap        ] GC(855) PSYoungGen: 126240K(222720K)->12255K(222720K) Eden: 111616K(111616K)->0K(111616K) From: 14624K(111104K)->12255K(111104K)
[253.660s][info][gc,heap        ] GC(855) ParOldGen: 493277K(667648K)->508041K(667648K)
[253.660s][info][gc,metaspace   ] GC(855) Metaspace: 18741K(18944K)->18741K(18944K) NonClass: 16081K(16192K)->16081K(16192K) Class: 2660K(2752K)->2660K(2752K)
[253.660s][info][gc             ] GC(855) Pause Young (Allocation Failure) 604M->508M(869M) 38.225ms
[253.660s][info][gc,cpu         ] GC(855) User=0.07s Sys=0.00s Real=0.04s
[253.797s][info][gc,start       ] GC(856) Pause Young (Allocation Failure)
[253.848s][info][gc,heap        ] GC(856) PSYoungGen: 123871K(222720K)->25728K(222720K) Eden: 111616K(111616K)->0K(111616K) From: 12255K(111104K)->25728K(111104K)
[253.848s][info][gc,heap        ] GC(856) ParOldGen: 508041K(667648K)->520311K(667648K)
[253.848s][info][gc,metaspace   ] GC(856) Metaspace: 18741K(18944K)->18741K(18944K) NonClass: 16081K(16192K)->16081K(16192K) Class: 2660K(2752K)->2660K(2752K)
[253.848s][info][gc             ] GC(856) Pause Young (Allocation Failure) 617M->533M(869M) 50.709ms
[253.848s][info][gc,cpu         ] GC(856) User=0.10s Sys=0.00s Real=0.05s
[253.991s][info][gc,start       ] GC(857) Pause Young (Allocation Failure)
[254.037s][info][gc,heap        ] GC(857) PSYoungGen: 137344K(222720K)->16448K(222720K) Eden: 111616K(111616K)->0K(111616K) From: 25728K(111104K)->16448K(111104K)
[254.037s][info][gc,heap        ] GC(857) ParOldGen: 520311K(667648K)->546071K(667648K)
[254.037s][info][gc,metaspace   ] GC(857) Metaspace: 18741K(18944K)->18741K(18944K) NonClass: 16081K(16192K)->16081K(16192K) Class: 2660K(2752K)->2660K(2752K)
[254.037s][info][gc             ] GC(857) Pause Young (Allocation Failure) 642M->549M(869M) 46.491ms
[254.037s][info][gc,cpu         ] GC(857) User=0.09s Sys=0.00s Real=0.05s
[254.119s][info][gc,start       ] GC(858) Pause Young (Allocation Failure)
[254.141s][info][gc,heap        ] GC(858) PSYoungGen: 128064K(222720K)->4064K(222720K) Eden: 111616K(111616K)->0K(111616K) From: 16448K(111104K)->4064K(111104K)
[254.141s][info][gc,heap        ] GC(858) ParOldGen: 546071K(667648K)->562503K(667648K)
[254.141s][info][gc,metaspace   ] GC(858) Metaspace: 18741K(18944K)->18741K(18944K) NonClass: 16081K(16192K)->16081K(16192K) Class: 2660K(2752K)->2660K(2752K)
[254.141s][info][gc             ] GC(858) Pause Young (Allocation Failure) 658M->553M(869M) 22.503ms
[254.141s][info][gc,cpu         ] GC(858) User=0.05s Sys=0.00s Real=0.02s
[254.269s][info][gc,start       ] GC(859) Pause Young (Allocation Failure)
[254.281s][info][gc,heap        ] GC(859) PSYoungGen: 115680K(222720K)->640K(221696K) Eden: 111616K(111616K)->0K(111616K) From: 4064K(111104K)->640K(110080K)
[254.281s][info][gc,heap        ] GC(859) ParOldGen: 562503K(667648K)->566559K(667648K)
[254.281s][info][gc,metaspace   ] GC(859) Metaspace: 18741K(18944K)->18741K(18944K) NonClass: 16081K(16192K)->16081K(16192K) Class: 2660K(2752K)->2660K(2752K)
[254.281s][info][gc             ] GC(859) Pause Young (Allocation Failure) 662M->553M(868M) 11.431ms
[254.281s][info][gc,cpu         ] GC(859) User=0.02s Sys=0.00s Real=0.01s
[254.404s][info][gc,start       ] GC(860) Pause Young (Allocation Failure)
[254.415s][info][gc,heap        ] GC(860) PSYoungGen: 112256K(221696K)->4768K(116736K) Eden: 111616K(111616K)->0K(111616K) From: 640K(110080K)->4768K(5120K)
[254.415s][info][gc,heap        ] GC(860) ParOldGen: 566559K(667648K)->566559K(667648K)
[254.415s][info][gc,metaspace   ] GC(860) Metaspace: 18741K(18944K)->18741K(18944K) NonClass: 16081K(16192K)->16081K(16192K) Class: 2660K(2752K)->2660K(2752K)
[254.415s][info][gc             ] GC(860) Pause Young (Allocation Failure) 662M->557M(766M) 10.932ms
[254.415s][info][gc,cpu         ] GC(860) User=0.02s Sys=0.00s Real=0.01s
[254.567s][info][gc,start       ] GC(861) Pause Young (Allocation Failure)
[254.583s][info][gc,heap        ] GC(861) PSYoungGen: 116384K(116736K)->13632K(216576K) Eden: 111616K(111616K)->0K(117760K) From: 4768K(5120K)->13632K(98816K)
[254.584s][info][gc,heap        ] GC(861) ParOldGen: 566559K(667648K)->566559K(667648K)
[254.584s][info][gc,metaspace   ] GC(861) Metaspace: 18745K(18944K)->18745K(18944K) NonClass: 16085K(16192K)->16085K(16192K) Class: 2660K(2752K)->2660K(2752K)
[254.584s][info][gc             ] GC(861) Pause Young (Allocation Failure) 666M->566M(863M) 16.748ms
[254.584s][info][gc,cpu         ] GC(861) User=0.03s Sys=0.00s Real=0.01s
[254.818s][info][gc,start       ] GC(862) Pause Young (Allocation Failure)
[254.861s][info][gc,heap        ] GC(862) PSYoungGen: 131392K(216576K)->31184K(218112K) Eden: 117760K(117760K)->0K(117760K) From: 13632K(98816K)->31184K(100352K)
[254.861s][info][gc,heap        ] GC(862) ParOldGen: 566559K(667648K)->566559K(667648K)
[254.861s][info][gc,metaspace   ] GC(862) Metaspace: 18745K(18944K)->18745K(18944K) NonClass: 16085K(16192K)->16085K(16192K) Class: 2660K(2752K)->2660K(2752K)
[254.862s][info][gc             ] GC(862) Pause Young (Allocation Failure) 681M->583M(865M) 43.033ms
[254.862s][info][gc,cpu         ] GC(862) User=0.09s Sys=0.00s Real=0.04s
[255.087s][info][gc,start       ] GC(863) Pause Young (Allocation Failure)
[255.135s][info][gc,heap        ] GC(863) PSYoungGen: 148944K(218112K)->52930K(216064K) Eden: 117760K(117760K)->0K(120832K) From: 31184K(100352K)->52930K(95232K)
[255.135s][info][gc,heap        ] GC(863) ParOldGen: 566559K(667648K)->566559K(667648K)
[255.135s][info][gc,metaspace   ] GC(863) Metaspace: 18751K(18944K)->18751K(18944K) NonClass: 16091K(16192K)->16091K(16192K) Class: 2660K(2752K)->2660K(2752K)
[255.135s][info][gc             ] GC(863) Pause Young (Allocation Failure) 698M->604M(863M) 48.506ms
[255.135s][info][gc,cpu         ] GC(863) User=0.09s Sys=0.00s Real=0.04s
[255.204s][info][gc,start       ] GC(864) Pause Young (Allocation Failure)
[255.284s][info][gc,heap        ] GC(864) PSYoungGen: 173762K(216064K)->98274K(219136K) Eden: 120832K(120832K)->0K(120832K) From: 52930K(95232K)->98274K(98304K)
[255.284s][info][gc,heap        ] GC(864) ParOldGen: 566559K(667648K)->569239K(667648K)
[255.284s][info][gc,metaspace   ] GC(864) Metaspace: 18751K(18944K)->18751K(18944K) NonClass: 16091K(16192K)->16091K(16192K) Class: 2660K(2752K)->2660K(2752K)
[255.284s][info][gc             ] GC(864) Pause Young (Allocation Failure) 722M->651M(866M) 79.651ms
[255.284s][info][gc,cpu         ] GC(864) User=0.16s Sys=0.00s Real=0.08s
[255.507s][info][gc,start       ] GC(865) Pause Young (Allocation Failure)
[255.594s][info][gc,heap        ] GC(865) PSYoungGen: 219106K(219136K)->104163K(222720K) Eden: 120832K(120832K)->0K(111616K) From: 98274K(98304K)->104163K(111104K)
[255.594s][info][gc,heap        ] GC(865) ParOldGen: 569239K(667648K)->573735K(667648K)
[255.594s][info][gc,metaspace   ] GC(865) Metaspace: 18751K(18944K)->18751K(18944K) NonClass: 16091K(16192K)->16091K(16192K) Class: 2660K(2752K)->2660K(2752K)
[255.594s][info][gc             ] GC(865) Pause Young (Allocation Failure) 769M->662M(869M) 86.847ms
[255.594s][info][gc,cpu         ] GC(865) User=0.16s Sys=0.01s Real=0.08s
[255.772s][info][gc,start       ] GC(866) Pause Young (Allocation Failure)
[255.879s][info][gc,heap        ] GC(866) PSYoungGen: 215779K(222720K)->95426K(222720K) Eden: 111616K(111616K)->0K(111616K) From: 104163K(111104K)->95426K(111104K)
[255.879s][info][gc,heap        ] GC(866) ParOldGen: 573735K(667648K)->600472K(667648K)
[255.879s][info][gc,metaspace   ] GC(866) Metaspace: 18751K(18944K)->18751K(18944K) NonClass: 16091K(16192K)->16091K(16192K) Class: 2660K(2752K)->2660K(2752K)
[255.879s][info][gc             ] GC(866) Pause Young (Allocation Failure) 771M->679M(869M) 106.999ms
[255.879s][info][gc,cpu         ] GC(866) User=0.22s Sys=0.00s Real=0.11s
[256.013s][info][gc,start       ] GC(867) Pause Young (Allocation Failure)
[256.147s][info][gc,promotion   ] GC(867) Promotion failed
[256.147s][info][gc,heap        ] GC(867) PSYoungGen: 207042K(222720K)->207042K(222720K) Eden: 111616K(111616K)->111616K(111616K) From: 95426K(111104K)->95426K(111104K)
[256.147s][info][gc,heap        ] GC(867) ParOldGen: 600472K(667648K)->667646K(667648K)
[256.147s][info][gc,metaspace   ] GC(867) Metaspace: 18751K(18944K)->18751K(18944K) NonClass: 16091K(16192K)->16091K(16192K) Class: 2660K(2752K)->2660K(2752K)
[256.147s][info][gc             ] GC(867) Pause Young (Allocation Failure) 788M->854M(869M) 134.444ms
[256.147s][info][gc,cpu         ] GC(867) User=0.23s Sys=0.04s Real=0.14s
[256.147s][info][gc,start       ] GC(868) Pause Full (Allocation Failure)
[256.147s][info][gc,phases,start] GC(868) Marking Phase
[256.504s][info][gc,phases      ] GC(868) Marking Phase 357.406ms
[256.505s][info][gc,phases,start] GC(868) Summary Phase
[256.505s][info][gc,phases      ] GC(868) Summary Phase 0.029ms
[256.505s][info][gc,phases,start] GC(868) Forward
[256.645s][info][gc,phases      ] GC(868) Forward 139.976ms
[256.645s][info][gc,phases,start] GC(868) Adjust Pointers
[256.920s][info][gc,phases      ] GC(868) Adjust Pointers 275.636ms
[256.920s][info][gc,phases,start] GC(868) Compaction Phase
[257.082s][info][gc,phases      ] GC(868) Compaction Phase 161.558ms
[257.094s][info][gc,phases,start] GC(868) Post Compact
[257.097s][info][gc,phases      ] GC(868) Post Compact 2.719ms
[257.097s][info][gc,heap        ] GC(868) PSYoungGen: 207042K(222720K)->0K(222720K) Eden: 111616K(111616K)->0K(111616K) From: 95426K(111104K)->0K(111104K)
[257.097s][info][gc,heap        ] GC(868) ParOldGen: 667646K(667648K)->505429K(667648K)
[257.097s][info][gc,metaspace   ] GC(868) Metaspace: 18751K(18944K)->18751K(18944K) NonClass: 16091K(16192K)->16091K(16192K) Class: 2660K(2752K)->2660K(2752K)
[257.097s][info][gc             ] GC(868) Pause Full (Allocation Failure) 854M->493M(869M) 949.824ms
[257.097s][info][gc,cpu         ] GC(868) User=1.78s Sys=0.00s Real=0.95s
[257.233s][info][gc,start       ] GC(869) Pause Young (Allocation Failure)
[257.253s][info][gc,heap        ] GC(869) PSYoungGen: 111616K(222720K)->14336K(222720K) Eden: 111616K(111616K)->0K(111616K) From: 0K(111104K)->14336K(111104K)
[257.253s][info][gc,heap        ] GC(869) ParOldGen: 505429K(667648K)->505429K(667648K)
[257.253s][info][gc,metaspace   ] GC(869) Metaspace: 18751K(18944K)->18751K(18944K) NonClass: 16091K(16192K)->16091K(16192K) Class: 2660K(2752K)->2660K(2752K)
[257.253s][info][gc             ] GC(869) Pause Young (Allocation Failure) 602M->507M(869M) 19.547ms
[257.253s][info][gc,cpu         ] GC(869) User=0.04s Sys=0.00s Real=0.02s
[257.346s][info][gc,start       ] GC(870) Pause Young (Allocation Failure)
[257.363s][info][gc,heap        ] GC(870) PSYoungGen: 125952K(222720K)->14976K(222720K) Eden: 111616K(111616K)->0K(111616K) From: 14336K(111104K)->14976K(111104K)
[257.363s][info][gc,heap        ] GC(870) ParOldGen: 505429K(667648K)->505429K(667648K)
[257.363s][info][gc,metaspace   ] GC(870) Metaspace: 18751K(18944K)->18751K(18944K) NonClass: 16091K(16192K)->16091K(16192K) Class: 2660K(2752K)->2660K(2752K)
[257.363s][info][gc             ] GC(870) Pause Young (Allocation Failure) 616M->508M(869M) 16.730ms
[257.363s][info][gc,cpu         ] GC(870) User=0.04s Sys=0.00s Real=0.02s
[257.486s][info][gc,start       ] GC(871) Pause Young (Allocation Failure)
[257.507s][info][gc,heap        ] GC(871) PSYoungGen: 126592K(222720K)->192K(222720K) Eden: 111616K(111616K)->0K(111616K) From: 14976K(111104K)->192K(111104K)
[257.507s][info][gc,heap        ] GC(871) ParOldGen: 505429K(667648K)->520429K(667648K)
[257.507s][info][gc,metaspace   ] GC(871) Metaspace: 18751K(18944K)->18751K(18944K) NonClass: 16091K(16192K)->16091K(16192K) Class: 2660K(2752K)->2660K(2752K)
[257.507s][info][gc             ] GC(871) Pause Young (Allocation Failure) 617M->508M(869M) 20.528ms
[257.507s][info][gc,cpu         ] GC(871) User=0.04s Sys=0.00s Real=0.02s
[257.637s][info][gc,start       ] GC(872) Pause Young (Allocation Failure)
[257.645s][info][gc,heap        ] GC(872) PSYoungGen: 111808K(222720K)->3904K(222720K) Eden: 111616K(111616K)->0K(111616K) From: 192K(111104K)->3904K(111104K)
[257.645s][info][gc,heap        ] GC(872) ParOldGen: 520429K(667648K)->520597K(667648K)
[257.645s][info][gc,metaspace   ] GC(872) Metaspace: 18751K(18944K)->18751K(18944K) NonClass: 16091K(16192K)->16091K(16192K) Class: 2660K(2752K)->2660K(2752K)
[257.645s][info][gc             ] GC(872) Pause Young (Allocation Failure) 617M->512M(869M) 7.860ms
[257.645s][info][gc,cpu         ] GC(872) User=0.02s Sys=0.00s Real=0.00s
[257.849s][info][gc,start       ] GC(873) Pause Young (Allocation Failure)
[257.865s][info][gc,heap        ] GC(873) PSYoungGen: 115520K(222720K)->9952K(222720K) Eden: 111616K(111616K)->0K(111616K) From: 3904K(111104K)->9952K(111104K)
[257.865s][info][gc,heap        ] GC(873) ParOldGen: 520597K(667648K)->524469K(667648K)
[257.865s][info][gc,metaspace   ] GC(873) Metaspace: 18751K(18944K)->18751K(18944K) NonClass: 16091K(16192K)->16091K(16192K) Class: 2660K(2752K)->2660K(2752K)
[257.865s][info][gc             ] GC(873) Pause Young (Allocation Failure) 621M->521M(869M) 16.071ms
[257.865s][info][gc,cpu         ] GC(873) User=0.03s Sys=0.00s Real=0.01s
[258.018s][info][gc,start       ] GC(874) Pause Young (Allocation Failure)
[258.048s][info][gc,heap        ] GC(874) PSYoungGen: 121568K(222720K)->16800K(222720K) Eden: 111616K(111616K)->0K(111616K) From: 9952K(111104K)->16800K(111104K)
[258.048s][info][gc,heap        ] GC(874) ParOldGen: 524469K(667648K)->534390K(667648K)
[258.048s][info][gc,metaspace   ] GC(874) Metaspace: 18751K(18944K)->18751K(18944K) NonClass: 16091K(16192K)->16091K(16192K) Class: 2660K(2752K)->2660K(2752K)
[258.048s][info][gc             ] GC(874) Pause Young (Allocation Failure) 630M->538M(869M) 29.807ms
[258.048s][info][gc,cpu         ] GC(874) User=0.06s Sys=0.00s Real=0.03s
[258.400s][info][gc,start       ] GC(875) Pause Young (Allocation Failure)
[258.421s][info][gc,heap        ] GC(875) PSYoungGen: 128416K(222720K)->64K(222720K) Eden: 111616K(111616K)->0K(111616K) From: 16800K(111104K)->64K(111104K)
[258.421s][info][gc,heap        ] GC(875) ParOldGen: 534390K(667648K)->551190K(667648K)
[258.421s][info][gc,metaspace   ] GC(875) Metaspace: 18751K(18944K)->18751K(18944K) NonClass: 16091K(16192K)->16091K(16192K) Class: 2660K(2752K)->2660K(2752K)
[258.421s][info][gc             ] GC(875) Pause Young (Allocation Failure) 647M->538M(869M) 20.372ms
[258.421s][info][gc,cpu         ] GC(875) User=0.04s Sys=0.00s Real=0.02s
[258.682s][info][gc,start       ] GC(876) Pause Young (Allocation Failure)
[258.684s][info][gc,heap        ] GC(876) PSYoungGen: 111680K(222720K)->64K(221696K) Eden: 111616K(111616K)->0K(111616K) From: 64K(111104K)->64K(110080K)
[258.684s][info][gc,heap        ] GC(876) ParOldGen: 551190K(667648K)->551222K(667648K)
[258.684s][info][gc,metaspace   ] GC(876) Metaspace: 18751K(18944K)->18751K(18944K) NonClass: 16091K(16192K)->16091K(16192K) Class: 2660K(2752K)->2660K(2752K)
[258.684s][info][gc             ] GC(876) Pause Young (Allocation Failure) 647M->538M(868M) 2.005ms
[258.684s][info][gc,cpu         ] GC(876) User=0.00s Sys=0.00s Real=0.00s
[258.949s][info][gc,start       ] GC(877) Pause Young (Allocation Failure)
[258.952s][info][gc,heap        ] GC(877) PSYoungGen: 111680K(221696K)->64K(112128K) Eden: 111616K(111616K)->0K(111616K) From: 64K(110080K)->64K(512K)
[258.952s][info][gc,heap        ] GC(877) ParOldGen: 551222K(667648K)->551222K(667648K)
[258.952s][info][gc,metaspace   ] GC(877) Metaspace: 18751K(18944K)->18751K(18944K) NonClass: 16091K(16192K)->16091K(16192K) Class: 2660K(2752K)->2660K(2752K)
[258.952s][info][gc             ] GC(877) Pause Young (Allocation Failure) 647M->538M(761M) 2.537ms
[258.952s][info][gc,cpu         ] GC(877) User=0.01s Sys=0.00s Real=0.00s
[259.225s][info][gc,start       ] GC(878) Pause Young (Allocation Failure)
[259.237s][info][gc,heap        ] GC(878) PSYoungGen: 111680K(112128K)->352K(214016K) Eden: 111616K(111616K)->0K(115200K) From: 64K(512K)->352K(98816K)
[259.237s][info][gc,heap        ] GC(878) ParOldGen: 551222K(667648K)->551222K(667648K)
[259.237s][info][gc,metaspace   ] GC(878) Metaspace: 18751K(18944K)->18751K(18944K) NonClass: 16091K(16192K)->16091K(16192K) Class: 2660K(2752K)->2660K(2752K)
[259.237s][info][gc             ] GC(878) Pause Young (Allocation Failure) 647M->538M(861M) 11.624ms
[259.237s][info][gc,cpu         ] GC(878) User=0.02s Sys=0.00s Real=0.02s
[259.402s][info][gc,start       ] GC(879) Pause Young (Allocation Failure)
[259.420s][info][gc,heap        ] GC(879) PSYoungGen: 115552K(214016K)->23072K(138752K) Eden: 115200K(115200K)->0K(115200K) From: 352K(98816K)->23072K(23552K)
[259.421s][info][gc,heap        ] GC(879) ParOldGen: 551222K(667648K)->551222K(667648K)
[259.421s][info][gc,metaspace   ] GC(879) Metaspace: 18751K(18944K)->18751K(18944K) NonClass: 16091K(16192K)->16091K(16192K) Class: 2660K(2752K)->2660K(2752K)
[259.421s][info][gc             ] GC(879) Pause Young (Allocation Failure) 651M->560M(787M) 18.514ms
[259.421s][info][gc,cpu         ] GC(879) User=0.03s Sys=0.01s Real=0.02s
[259.481s][info][gc,start       ] GC(880) Pause Young (Allocation Failure)
[259.525s][info][gc,heap        ] GC(880) PSYoungGen: 138272K(138752K)->65376K(203776K) Eden: 115200K(115200K)->0K(109568K) From: 23072K(23552K)->65376K(94208K)
[259.525s][info][gc,heap        ] GC(880) ParOldGen: 551222K(667648K)->551222K(667648K)
[259.525s][info][gc,metaspace   ] GC(880) Metaspace: 18751K(18944K)->18751K(18944K) NonClass: 16091K(16192K)->16091K(16192K) Class: 2660K(2752K)->2660K(2752K)
[259.525s][info][gc             ] GC(880) Pause Young (Allocation Failure) 673M->602M(851M) 44.032ms
[259.525s][info][gc,cpu         ] GC(880) User=0.09s Sys=0.00s Real=0.04s
[259.721s][info][gc,start       ] GC(881) Pause Young (Allocation Failure)
[259.767s][info][gc,heap        ] GC(881) PSYoungGen: 174944K(203776K)->75056K(213504K) Eden: 109568K(109568K)->0K(109568K) From: 65376K(94208K)->75056K(103936K)
[259.767s][info][gc,heap        ] GC(881) ParOldGen: 551222K(667648K)->551222K(667648K)
[259.767s][info][gc,metaspace   ] GC(881) Metaspace: 18751K(18944K)->18751K(18944K) NonClass: 16091K(16192K)->16091K(16192K) Class: 2660K(2752K)->2660K(2752K)
[259.768s][info][gc             ] GC(881) Pause Young (Allocation Failure) 709M->611M(860M) 46.319ms
[259.768s][info][gc,cpu         ] GC(881) User=0.09s Sys=0.00s Real=0.05s
[259.927s][info][gc,start       ] GC(882) Pause Young (Allocation Failure)
[260.003s][info][gc,heap        ] GC(882) PSYoungGen: 184624K(213504K)->90016K(222720K) Eden: 109568K(109568K)->0K(111616K) From: 75056K(103936K)->90016K(111104K)
[260.003s][info][gc,heap        ] GC(882) ParOldGen: 551222K(667648K)->551254K(667648K)
[260.003s][info][gc,metaspace   ] GC(882) Metaspace: 18751K(18944K)->18751K(18944K) NonClass: 16091K(16192K)->16091K(16192K) Class: 2660K(2752K)->2660K(2752K)
[260.003s][info][gc             ] GC(882) Pause Young (Allocation Failure) 718M->626M(869M) 76.587ms
[260.003s][info][gc,cpu         ] GC(882) User=0.15s Sys=0.00s Real=0.07s
[260.133s][info][gc,start       ] GC(883) Pause Young (Allocation Failure)
[260.232s][info][gc,heap        ] GC(883) PSYoungGen: 201632K(222720K)->91056K(222720K) Eden: 111616K(111616K)->0K(111616K) From: 90016K(111104K)->91056K(111104K)
[260.232s][info][gc,heap        ] GC(883) ParOldGen: 551254K(667648K)->574574K(667648K)
[260.232s][info][gc,metaspace   ] GC(883) Metaspace: 18751K(18944K)->18751K(18944K) NonClass: 16091K(16192K)->16091K(16192K) Class: 2660K(2752K)->2660K(2752K)
[260.232s][info][gc             ] GC(883) Pause Young (Allocation Failure) 735M->650M(869M) 99.280ms
[260.232s][info][gc,cpu         ] GC(883) User=0.20s Sys=0.00s Real=0.10s
[260.372s][info][gc,start       ] GC(884) Pause Young (Allocation Failure)
[260.476s][info][gc,heap        ] GC(884) PSYoungGen: 202672K(222720K)->55744K(222720K) Eden: 111616K(111616K)->0K(111616K) From: 91056K(111104K)->55744K(111104K)
[260.476s][info][gc,heap        ] GC(884) ParOldGen: 574574K(667648K)->627154K(667648K)
[260.476s][info][gc,metaspace   ] GC(884) Metaspace: 18751K(18944K)->18751K(18944K) NonClass: 16091K(16192K)->16091K(16192K) Class: 2660K(2752K)->2660K(2752K)
[260.476s][info][gc             ] GC(884) Pause Young (Allocation Failure) 759M->666M(869M) 104.177ms
[260.476s][info][gc,cpu         ] GC(884) User=0.20s Sys=0.00s Real=0.10s
[260.561s][info][gc,start       ] GC(885) Pause Full (Allocation Failure)
[260.561s][info][gc,phases,start] GC(885) Marking Phase
[261.048s][info][gc,phases      ] GC(885) Marking Phase 487.145ms
[261.048s][info][gc,phases,start] GC(885) Summary Phase
[261.048s][info][gc,phases      ] GC(885) Summary Phase 0.027ms
[261.048s][info][gc,phases,start] GC(885) Forward
[261.157s][info][gc,phases      ] GC(885) Forward 108.667ms
[261.157s][info][gc,phases,start] GC(885) Adjust Pointers
[261.522s][info][gc,phases      ] GC(885) Adjust Pointers 365.633ms
[261.522s][info][gc,phases,start] GC(885) Compaction Phase
[261.746s][info][gc,phases      ] GC(885) Compaction Phase 223.410ms
[261.756s][info][gc,phases,start] GC(885) Post Compact
[261.758s][info][gc,phases      ] GC(885) Post Compact 2.301ms
[261.758s][info][gc,heap        ] GC(885) PSYoungGen: 167360K(222720K)->0K(222720K) Eden: 111616K(111616K)->0K(111616K) From: 55744K(111104K)->0K(111104K)
[261.758s][info][gc,heap        ] GC(885) ParOldGen: 627154K(667648K)->664495K(667648K)
[261.758s][info][gc,metaspace   ] GC(885) Metaspace: 18751K(18944K)->18751K(18944K) NonClass: 16091K(16192K)->16091K(16192K) Class: 2660K(2752K)->2660K(2752K)
[261.758s][info][gc             ] GC(885) Pause Full (Allocation Failure) 775M->648M(869M) 1197.387ms
[261.758s][info][gc,cpu         ] GC(885) User=2.35s Sys=0.00s Real=1.20s
[261.886s][info][gc,start       ] GC(886) Pause Full (Allocation Failure)
[261.886s][info][gc,phases,start] GC(886) Marking Phase
[262.363s][info][gc,phases      ] GC(886) Marking Phase 477.144ms
[262.363s][info][gc,phases,start] GC(886) Summary Phase
[262.363s][info][gc,phases      ] GC(886) Summary Phase 0.023ms
[262.363s][info][gc,phases,start] GC(886) Forward
[262.364s][info][gc,phases      ] GC(886) Forward 0.721ms
[262.364s][info][gc,phases,start] GC(886) Adjust Pointers
[262.689s][info][gc,phases      ] GC(886) Adjust Pointers 325.466ms
[262.689s][info][gc,phases,start] GC(886) Compaction Phase
[262.832s][info][gc,phases      ] GC(886) Compaction Phase 142.894ms
[262.832s][info][gc,phases,start] GC(886) Post Compact
[262.834s][info][gc,phases      ] GC(886) Post Compact 2.203ms
[262.834s][info][gc,heap        ] GC(886) PSYoungGen: 111616K(222720K)->0K(222720K) Eden: 111616K(111616K)->0K(111616K) From: 0K(111104K)->0K(111104K)
[262.834s][info][gc,heap        ] GC(886) ParOldGen: 664495K(667648K)->665120K(667648K)
[262.834s][info][gc,metaspace   ] GC(886) Metaspace: 18751K(18944K)->18751K(18944K) NonClass: 16091K(16192K)->16091K(16192K) Class: 2660K(2752K)->2660K(2752K)
[262.834s][info][gc             ] GC(886) Pause Full (Allocation Failure) 757M->649M(869M) 948.863ms
[262.835s][info][gc,cpu         ] GC(886) User=1.86s Sys=0.00s Real=0.95s
[262.959s][info][gc,start       ] GC(887) Pause Full (Allocation Failure)
[262.959s][info][gc,phases,start] GC(887) Marking Phase
[263.443s][info][gc,phases      ] GC(887) Marking Phase 483.953ms
[263.443s][info][gc,phases,start] GC(887) Summary Phase
[263.443s][info][gc,phases      ] GC(887) Summary Phase 0.024ms
[263.443s][info][gc,phases,start] GC(887) Forward
[263.446s][info][gc,phases      ] GC(887) Forward 3.020ms
[263.446s][info][gc,phases,start] GC(887) Adjust Pointers
[263.774s][info][gc,phases      ] GC(887) Adjust Pointers 327.731ms
[263.774s][info][gc,phases,start] GC(887) Compaction Phase
[263.916s][info][gc,phases      ] GC(887) Compaction Phase 142.508ms
[263.916s][info][gc,phases,start] GC(887) Post Compact
[263.919s][info][gc,phases      ] GC(887) Post Compact 2.204ms
[263.919s][info][gc,heap        ] GC(887) PSYoungGen: 111616K(222720K)->1466K(222720K) Eden: 111616K(111616K)->1466K(111616K) From: 0K(111104K)->0K(111104K)
[263.919s][info][gc,heap        ] GC(887) ParOldGen: 665120K(667648K)->667521K(667648K)
[263.919s][info][gc,metaspace   ] GC(887) Metaspace: 18751K(18944K)->18751K(18944K) NonClass: 16091K(16192K)->16091K(16192K) Class: 2660K(2752K)->2660K(2752K)
[263.919s][info][gc             ] GC(887) Pause Full (Allocation Failure) 758M->653M(869M) 959.847ms
[263.919s][info][gc,cpu         ] GC(887) User=1.88s Sys=0.01s Real=0.96s
[264.064s][info][gc,start       ] GC(888) Pause Full (Allocation Failure)
[264.064s][info][gc,phases,start] GC(888) Marking Phase
[264.556s][info][gc,phases      ] GC(888) Marking Phase 491.446ms
[264.556s][info][gc,phases,start] GC(888) Summary Phase
[264.556s][info][gc,phases      ] GC(888) Summary Phase 0.025ms
[264.556s][info][gc,phases,start] GC(888) Forward
[264.562s][info][gc,phases      ] GC(888) Forward 6.281ms
[264.562s][info][gc,phases,start] GC(888) Adjust Pointers
[264.889s][info][gc,phases      ] GC(888) Adjust Pointers 326.395ms
[264.889s][info][gc,phases,start] GC(888) Compaction Phase
[265.033s][info][gc,phases      ] GC(888) Compaction Phase 144.040ms
[265.033s][info][gc,phases,start] GC(888) Post Compact
[265.035s][info][gc,phases      ] GC(888) Post Compact 2.266ms
[265.035s][info][gc,heap        ] GC(888) PSYoungGen: 111616K(222720K)->10617K(222720K) Eden: 111616K(111616K)->10617K(111616K) From: 0K(111104K)->0K(111104K)
[265.035s][info][gc,heap        ] GC(888) ParOldGen: 667521K(667648K)->667521K(667648K)
[265.035s][info][gc,metaspace   ] GC(888) Metaspace: 18751K(18944K)->18751K(18944K) NonClass: 16091K(16192K)->16091K(16192K) Class: 2660K(2752K)->2660K(2752K)
[265.035s][info][gc             ] GC(888) Pause Full (Allocation Failure) 760M->662M(869M) 970.891ms
[265.035s][info][gc,cpu         ] GC(888) User=1.90s Sys=0.00s Real=0.97s
[265.205s][info][gc,start       ] GC(889) Pause Full (Allocation Failure)
[265.205s][info][gc,phases,start] GC(889) Marking Phase
[265.601s][info][gc,phases      ] GC(889) Marking Phase 395.706ms
[265.601s][info][gc,phases,start] GC(889) Summary Phase
[265.601s][info][gc,phases      ] GC(889) Summary Phase 0.027ms
[265.601s][info][gc,phases,start] GC(889) Forward
[265.746s][info][gc,phases      ] GC(889) Forward 144.824ms
[265.746s][info][gc,phases,start] GC(889) Adjust Pointers
[266.057s][info][gc,phases      ] GC(889) Adjust Pointers 310.928ms
[266.057s][info][gc,phases,start] GC(889) Compaction Phase
[266.247s][info][gc,phases      ] GC(889) Compaction Phase 189.678ms
[266.258s][info][gc,phases,start] GC(889) Post Compact
[266.260s][info][gc,phases      ] GC(889) Post Compact 2.340ms
[266.260s][info][gc,heap        ] GC(889) PSYoungGen: 111616K(222720K)->0K(222720K) Eden: 111616K(111616K)->0K(111616K) From: 0K(111104K)->0K(111104K)
[266.260s][info][gc,heap        ] GC(889) ParOldGen: 667521K(667648K)->541420K(667648K)
[266.260s][info][gc,metaspace   ] GC(889) Metaspace: 18751K(18944K)->18751K(18944K) NonClass: 16091K(16192K)->16091K(16192K) Class: 2660K(2752K)->2660K(2752K)
[266.260s][info][gc             ] GC(889) Pause Full (Allocation Failure) 760M->528M(869M) 1055.075ms
[266.260s][info][gc,cpu         ] GC(889) User=2.01s Sys=0.00s Real=1.06s
[266.608s][info][gc,start       ] GC(890) Pause Young (Allocation Failure)
[266.612s][info][gc,heap        ] GC(890) PSYoungGen: 111616K(222720K)->635K(222720K) Eden: 111616K(111616K)->0K(111616K) From: 0K(111104K)->635K(111104K)
[266.612s][info][gc,heap        ] GC(890) ParOldGen: 541420K(667648K)->541420K(667648K)
[266.612s][info][gc,metaspace   ] GC(890) Metaspace: 18752K(18944K)->18752K(18944K) NonClass: 16092K(16192K)->16092K(16192K) Class: 2660K(2752K)->2660K(2752K)
[266.612s][info][gc             ] GC(890) Pause Young (Allocation Failure) 637M->529M(869M) 4.233ms
[266.612s][info][gc,cpu         ] GC(890) User=0.00s Sys=0.00s Real=0.00s
[266.757s][info][gc,start       ] GC(891) Pause Young (Allocation Failure)
[266.771s][info][gc,heap        ] GC(891) PSYoungGen: 112251K(222720K)->12352K(222720K) Eden: 111616K(111616K)->0K(111616K) From: 635K(111104K)->12352K(111104K)
[266.771s][info][gc,heap        ] GC(891) ParOldGen: 541420K(667648K)->542047K(667648K)
[266.771s][info][gc,metaspace   ] GC(891) Metaspace: 18753K(18944K)->18753K(18944K) NonClass: 16093K(16192K)->16093K(16192K) Class: 2660K(2752K)->2660K(2752K)
[266.771s][info][gc             ] GC(891) Pause Young (Allocation Failure) 638M->541M(869M) 13.663ms
[266.771s][info][gc,cpu         ] GC(891) User=0.03s Sys=0.00s Real=0.01s
[266.918s][info][gc,start       ] GC(892) Pause Young (Allocation Failure)
[266.926s][info][gc,heap        ] GC(892) PSYoungGen: 123968K(222720K)->3584K(222720K) Eden: 111616K(111616K)->0K(111616K) From: 12352K(111104K)->3584K(111104K)
[266.926s][info][gc,heap        ] GC(892) ParOldGen: 542047K(667648K)->546103K(667648K)
[266.926s][info][gc,metaspace   ] GC(892) Metaspace: 18753K(18944K)->18753K(18944K) NonClass: 16093K(16192K)->16093K(16192K) Class: 2660K(2752K)->2660K(2752K)
[266.926s][info][gc             ] GC(892) Pause Young (Allocation Failure) 650M->536M(869M) 8.391ms
[266.926s][info][gc,cpu         ] GC(892) User=0.01s Sys=0.00s Real=0.01s
[267.048s][info][gc,start       ] GC(893) Pause Young (Allocation Failure)
[267.068s][info][gc,heap        ] GC(893) PSYoungGen: 115200K(222720K)->20528K(222720K) Eden: 111616K(111616K)->0K(111616K) From: 3584K(111104K)->20528K(111104K)
[267.069s][info][gc,heap        ] GC(893) ParOldGen: 546103K(667648K)->549680K(667648K)
[267.069s][info][gc,metaspace   ] GC(893) Metaspace: 18753K(18944K)->18753K(18944K) NonClass: 16093K(16192K)->16093K(16192K) Class: 2660K(2752K)->2660K(2752K)
[267.069s][info][gc             ] GC(893) Pause Young (Allocation Failure) 645M->556M(869M) 20.238ms
[267.069s][info][gc,cpu         ] GC(893) User=0.04s Sys=0.00s Real=0.02s
[267.212s][info][gc,start       ] GC(894) Pause Young (Allocation Failure)
[267.244s][info][gc,heap        ] GC(894) PSYoungGen: 132144K(222720K)->13664K(222720K) Eden: 111616K(111616K)->0K(111616K) From: 20528K(111104K)->13664K(111104K)
[267.244s][info][gc,heap        ] GC(894) ParOldGen: 549680K(667648K)->570368K(667648K)
[267.244s][info][gc,metaspace   ] GC(894) Metaspace: 18753K(18944K)->18753K(18944K) NonClass: 16093K(16192K)->16093K(16192K) Class: 2660K(2752K)->2660K(2752K)
[267.244s][info][gc             ] GC(894) Pause Young (Allocation Failure) 665M->570M(869M) 32.439ms
[267.244s][info][gc,cpu         ] GC(894) User=0.06s Sys=0.00s Real=0.03s
[267.358s][info][gc,start       ] GC(895) Pause Young (Allocation Failure)
[267.379s][info][gc,heap        ] GC(895) PSYoungGen: 125280K(222720K)->2144K(114176K) Eden: 111616K(111616K)->0K(111616K) From: 13664K(111104K)->2144K(2560K)
[267.379s][info][gc,heap        ] GC(895) ParOldGen: 570368K(667648K)->584016K(667648K)
[267.379s][info][gc,metaspace   ] GC(895) Metaspace: 18756K(18944K)->18756K(18944K) NonClass: 16096K(16192K)->16096K(16192K) Class: 2660K(2752K)->2660K(2752K)
[267.379s][info][gc             ] GC(895) Pause Young (Allocation Failure) 679M->572M(763M) 21.043ms
[267.379s][info][gc,cpu         ] GC(895) User=0.04s Sys=0.00s Real=0.02s
[267.616s][info][gc,start       ] GC(896) Pause Young (Allocation Failure)
[267.624s][info][gc,heap        ] GC(896) PSYoungGen: 113760K(114176K)->5184K(218624K) Eden: 111616K(111616K)->0K(115200K) From: 2144K(2560K)->5184K(103424K)
[267.624s][info][gc,heap        ] GC(896) ParOldGen: 584016K(667648K)->584016K(667648K)
[267.624s][info][gc,metaspace   ] GC(896) Metaspace: 18756K(18944K)->18756K(18944K) NonClass: 16096K(16192K)->16096K(16192K) Class: 2660K(2752K)->2660K(2752K)
[267.624s][info][gc             ] GC(896) Pause Young (Allocation Failure) 681M->575M(865M) 7.700ms
[267.624s][info][gc,cpu         ] GC(896) User=0.02s Sys=0.00s Real=0.00s
[267.825s][info][gc,start       ] GC(897) Pause Young (Allocation Failure)
[267.836s][info][gc,heap        ] GC(897) PSYoungGen: 120384K(218624K)->9648K(124928K) Eden: 115200K(115200K)->0K(115200K) From: 5184K(103424K)->9648K(9728K)
[267.836s][info][gc,heap        ] GC(897) ParOldGen: 584016K(667648K)->584016K(667648K)
[267.836s][info][gc,metaspace   ] GC(897) Metaspace: 18756K(18944K)->18756K(18944K) NonClass: 16096K(16192K)->16096K(16192K) Class: 2660K(2752K)->2660K(2752K)
[267.836s][info][gc             ] GC(897) Pause Young (Allocation Failure) 687M->579M(774M) 10.902ms
[267.836s][info][gc,cpu         ] GC(897) User=0.02s Sys=0.00s Real=0.02s
[267.969s][info][gc,start       ] GC(898) Pause Young (Allocation Failure)
[267.992s][info][gc,heap        ] GC(898) PSYoungGen: 124848K(124928K)->20848K(203776K) Eden: 115200K(115200K)->0K(118784K) From: 9648K(9728K)->20848K(84992K)
[267.992s][info][gc,heap        ] GC(898) ParOldGen: 584016K(667648K)->584016K(667648K)
[267.992s][info][gc,metaspace   ] GC(898) Metaspace: 18756K(18944K)->18756K(18944K) NonClass: 16096K(16192K)->16096K(16192K) Class: 2660K(2752K)->2660K(2752K)
[267.992s][info][gc             ] GC(898) Pause Young (Allocation Failure) 692M->590M(851M) 22.700ms
[267.992s][info][gc,cpu         ] GC(898) User=0.04s Sys=0.00s Real=0.02s
[268.117s][info][gc,start       ] GC(899) Pause Young (Allocation Failure)
[268.156s][info][gc,heap        ] GC(899) PSYoungGen: 139632K(203776K)->46112K(210432K) Eden: 118784K(118784K)->0K(118784K) From: 20848K(84992K)->46112K(91648K)
[268.156s][info][gc,heap        ] GC(899) ParOldGen: 584016K(667648K)->584016K(667648K)
[268.156s][info][gc,metaspace   ] GC(899) Metaspace: 18756K(18944K)->18756K(18944K) NonClass: 16096K(16192K)->16096K(16192K) Class: 2660K(2752K)->2660K(2752K)
[268.156s][info][gc             ] GC(899) Pause Young (Allocation Failure) 706M->615M(857M) 38.486ms
[268.156s][info][gc,cpu         ] GC(899) User=0.08s Sys=0.00s Real=0.03s
[268.218s][info][gc,start       ] GC(900) Pause Young (Allocation Failure)
[268.285s][info][gc,heap        ] GC(900) PSYoungGen: 164896K(210432K)->89552K(199680K) Eden: 118784K(118784K)->0K(106496K) From: 46112K(91648K)->89552K(93184K)
[268.285s][info][gc,heap        ] GC(900) ParOldGen: 584016K(667648K)->584016K(667648K)
[268.285s][info][gc,metaspace   ] GC(900) Metaspace: 18756K(18944K)->18756K(18944K) NonClass: 16096K(16192K)->16096K(16192K) Class: 2660K(2752K)->2660K(2752K)
[268.285s][info][gc             ] GC(900) Pause Young (Allocation Failure) 731M->657M(847M) 66.939ms
[268.285s][info][gc,cpu         ] GC(900) User=0.13s Sys=0.00s Real=0.06s
[268.477s][info][gc,start       ] GC(901) Pause Young (Allocation Failure)
[268.542s][info][gc,heap        ] GC(901) PSYoungGen: 196048K(199680K)->95744K(216576K) Eden: 106496K(106496K)->0K(106496K) From: 89552K(93184K)->95744K(110080K)
[268.542s][info][gc,heap        ] GC(901) ParOldGen: 584016K(667648K)->584016K(667648K)
[268.542s][info][gc,metaspace   ] GC(901) Metaspace: 18756K(18944K)->18756K(18944K) NonClass: 16096K(16192K)->16096K(16192K) Class: 2660K(2752K)->2660K(2752K)
[268.542s][info][gc             ] GC(901) Pause Young (Allocation Failure) 761M->663M(863M) 65.114ms
[268.542s][info][gc,cpu         ] GC(901) User=0.13s Sys=0.00s Real=0.06s
[268.711s][info][gc,start       ] GC(902) Pause Young (Allocation Failure)
[268.798s][info][gc,heap        ] GC(902) PSYoungGen: 202240K(216576K)->90576K(222720K) Eden: 106496K(106496K)->0K(111616K) From: 95744K(110080K)->90576K(111104K)
[268.798s][info][gc,heap        ] GC(902) ParOldGen: 584016K(667648K)->589160K(667648K)
[268.798s][info][gc,metaspace   ] GC(902) Metaspace: 18756K(18944K)->18756K(18944K) NonClass: 16096K(16192K)->16096K(16192K) Class: 2660K(2752K)->2660K(2752K)
[268.798s][info][gc             ] GC(902) Pause Young (Allocation Failure) 767M->663M(869M) 86.666ms
[268.798s][info][gc,cpu         ] GC(902) User=0.16s Sys=0.01s Real=0.09s
[268.934s][info][gc,start       ] GC(903) Pause Young (Allocation Failure)
[269.037s][info][gc,heap        ] GC(903) PSYoungGen: 202192K(222720K)->111088K(222720K) Eden: 111616K(111616K)->0K(111616K) From: 90576K(111104K)->111088K(111104K)
[269.037s][info][gc,heap        ] GC(903) ParOldGen: 589160K(667648K)->592069K(667648K)
[269.037s][info][gc,metaspace   ] GC(903) Metaspace: 18756K(18944K)->18756K(18944K) NonClass: 16096K(16192K)->16096K(16192K) Class: 2660K(2752K)->2660K(2752K)
[269.037s][info][gc             ] GC(903) Pause Young (Allocation Failure) 772M->686M(869M) 102.740ms
[269.037s][info][gc,cpu         ] GC(903) User=0.21s Sys=0.00s Real=0.11s
[269.181s][info][gc,start       ] GC(904) Pause Young (Allocation Failure)
[269.297s][info][gc,heap        ] GC(904) PSYoungGen: 222704K(222720K)->59712K(222720K) Eden: 111616K(111616K)->0K(111616K) From: 111088K(111104K)->59712K(111104K)
[269.297s][info][gc,heap        ] GC(904) ParOldGen: 592069K(667648K)->660981K(667648K)
[269.297s][info][gc,metaspace   ] GC(904) Metaspace: 18756K(18944K)->18756K(18944K) NonClass: 16096K(16192K)->16096K(16192K) Class: 2660K(2752K)->2660K(2752K)
[269.297s][info][gc             ] GC(904) Pause Young (Allocation Failure) 795M->703M(869M) 116.033ms
[269.297s][info][gc,cpu         ] GC(904) User=0.23s Sys=0.00s Real=0.12s
[269.380s][info][gc,start       ] GC(905) Pause Full (Allocation Failure)
[269.381s][info][gc,phases,start] GC(905) Marking Phase
[269.747s][info][gc,phases      ] GC(905) Marking Phase 366.494ms
[269.747s][info][gc,phases,start] GC(905) Summary Phase
[269.747s][info][gc,phases      ] GC(905) Summary Phase 0.030ms
[269.747s][info][gc,phases,start] GC(905) Forward
[269.846s][info][gc,phases      ] GC(905) Forward 99.039ms
[269.846s][info][gc,phases,start] GC(905) Adjust Pointers
[270.116s][info][gc,phases      ] GC(905) Adjust Pointers 270.257ms
[270.117s][info][gc,phases,start] GC(905) Compaction Phase
[270.271s][info][gc,phases      ] GC(905) Compaction Phase 154.024ms
[270.279s][info][gc,phases,start] GC(905) Post Compact
[270.281s][info][gc,phases      ] GC(905) Post Compact 2.442ms
[270.281s][info][gc,heap        ] GC(905) PSYoungGen: 171328K(222720K)->0K(222720K) Eden: 111616K(111616K)->0K(111616K) From: 59712K(111104K)->0K(111104K)
[270.281s][info][gc,heap        ] GC(905) ParOldGen: 660981K(667648K)->511515K(667648K)
[270.281s][info][gc,metaspace   ] GC(905) Metaspace: 18756K(18944K)->18756K(18944K) NonClass: 16096K(16192K)->16096K(16192K) Class: 2660K(2752K)->2660K(2752K)
[270.282s][info][gc             ] GC(905) Pause Full (Allocation Failure) 812M->499M(869M) 901.072ms
[270.282s][info][gc,cpu         ] GC(905) User=1.71s Sys=0.00s Real=0.90s
[270.408s][info][gc,start       ] GC(906) Pause Young (Allocation Failure)
[270.416s][info][gc,heap        ] GC(906) PSYoungGen: 111616K(222720K)->768K(222720K) Eden: 111616K(111616K)->0K(111616K) From: 0K(111104K)->768K(111104K)
[270.416s][info][gc,heap        ] GC(906) ParOldGen: 511515K(667648K)->511515K(667648K)
[270.416s][info][gc,metaspace   ] GC(906) Metaspace: 18756K(18944K)->18756K(18944K) NonClass: 16096K(16192K)->16096K(16192K) Class: 2660K(2752K)->2660K(2752K)
[270.416s][info][gc             ] GC(906) Pause Young (Allocation Failure) 608M->500M(869M) 7.451ms
[270.416s][info][gc,cpu         ] GC(906) User=0.01s Sys=0.00s Real=0.00s
[270.548s][info][gc,start       ] GC(907) Pause Young (Allocation Failure)
[270.567s][info][gc,heap        ] GC(907) PSYoungGen: 112384K(222720K)->4736K(222720K) Eden: 111616K(111616K)->0K(111616K) From: 768K(111104K)->4736K(111104K)
[270.567s][info][gc,heap        ] GC(907) ParOldGen: 511515K(667648K)->511515K(667648K)
[270.567s][info][gc,metaspace   ] GC(907) Metaspace: 18756K(18944K)->18756K(18944K) NonClass: 16096K(16192K)->16096K(16192K) Class: 2660K(2752K)->2660K(2752K)
[270.567s][info][gc             ] GC(907) Pause Young (Allocation Failure) 609M->504M(869M) 19.327ms
[270.567s][info][gc,cpu         ] GC(907) User=0.04s Sys=0.00s Real=0.02s
[270.724s][info][gc,start       ] GC(908) Pause Young (Allocation Failure)
[270.741s][info][gc,heap        ] GC(908) PSYoungGen: 116352K(222720K)->9248K(222720K) Eden: 111616K(111616K)->0K(111616K) From: 4736K(111104K)->9248K(111104K)
[270.741s][info][gc,heap        ] GC(908) ParOldGen: 511515K(667648K)->516227K(667648K)
[270.741s][info][gc,metaspace   ] GC(908) Metaspace: 18756K(18944K)->18756K(18944K) NonClass: 16096K(16192K)->16096K(16192K) Class: 2660K(2752K)->2660K(2752K)
[270.741s][info][gc             ] GC(908) Pause Young (Allocation Failure) 613M->513M(869M) 16.746ms
[270.741s][info][gc,cpu         ] GC(908) User=0.04s Sys=0.00s Real=0.02s
[270.901s][info][gc,start       ] GC(909) Pause Young (Allocation Failure)
[270.929s][info][gc,heap        ] GC(909) PSYoungGen: 120864K(222720K)->18096K(222720K) Eden: 111616K(111616K)->0K(111616K) From: 9248K(111104K)->18096K(111104K)
[270.929s][info][gc,heap        ] GC(909) ParOldGen: 516227K(667648K)->525475K(667648K)
[270.929s][info][gc,metaspace   ] GC(909) Metaspace: 18756K(18944K)->18756K(18944K) NonClass: 16096K(16192K)->16096K(16192K) Class: 2660K(2752K)->2660K(2752K)
[270.929s][info][gc             ] GC(909) Pause Young (Allocation Failure) 622M->530M(869M) 28.914ms
[270.929s][info][gc,cpu         ] GC(909) User=0.06s Sys=0.00s Real=0.03s
[271.020s][info][gc,start       ] GC(910) Pause Young (Allocation Failure)
[271.067s][info][gc,heap        ] GC(910) PSYoungGen: 129712K(222720K)->38880K(222720K) Eden: 111616K(111616K)->0K(111616K) From: 18096K(111104K)->38880K(111104K)
[271.067s][info][gc,heap        ] GC(910) ParOldGen: 525475K(667648K)->543587K(667648K)
[271.067s][info][gc,metaspace   ] GC(910) Metaspace: 18756K(18944K)->18756K(18944K) NonClass: 16096K(16192K)->16096K(16192K) Class: 2660K(2752K)->2660K(2752K)
[271.067s][info][gc             ] GC(910) Pause Young (Allocation Failure) 639M->568M(869M) 47.680ms
[271.067s][info][gc,cpu         ] GC(910) User=0.09s Sys=0.00s Real=0.05s
[271.253s][info][gc,start       ] GC(911) Pause Young (Allocation Failure)
[271.298s][info][gc,heap        ] GC(911) PSYoungGen: 150496K(222720K)->12000K(222720K) Eden: 111616K(111616K)->0K(111616K) From: 38880K(111104K)->12000K(111104K)
[271.298s][info][gc,heap        ] GC(911) ParOldGen: 543587K(667648K)->582892K(667648K)
[271.298s][info][gc,metaspace   ] GC(911) Metaspace: 18756K(18944K)->18756K(18944K) NonClass: 16096K(16192K)->16096K(16192K) Class: 2660K(2752K)->2660K(2752K)
[271.298s][info][gc             ] GC(911) Pause Young (Allocation Failure) 677M->580M(869M) 45.547ms
[271.298s][info][gc,cpu         ] GC(911) User=0.09s Sys=0.01s Real=0.05s
[271.502s][info][gc,start       ] GC(912) Pause Young (Allocation Failure)
[271.521s][info][gc,heap        ] GC(912) PSYoungGen: 123616K(222720K)->256K(222720K) Eden: 111616K(111616K)->0K(111616K) From: 12000K(111104K)->256K(111104K)
[271.521s][info][gc,heap        ] GC(912) ParOldGen: 582892K(667648K)->594900K(667648K)
[271.521s][info][gc,metaspace   ] GC(912) Metaspace: 18756K(18944K)->18756K(18944K) NonClass: 16096K(16192K)->16096K(16192K) Class: 2660K(2752K)->2660K(2752K)
[271.521s][info][gc             ] GC(912) Pause Young (Allocation Failure) 689M->581M(869M) 19.795ms
[271.521s][info][gc,cpu         ] GC(912) User=0.04s Sys=0.00s Real=0.02s
[271.671s][info][gc,start       ] GC(913) Pause Young (Allocation Failure)
[271.687s][info][gc,heap        ] GC(913) PSYoungGen: 111872K(222720K)->12768K(222720K) Eden: 111616K(111616K)->0K(111616K) From: 256K(111104K)->12768K(111104K)
[271.687s][info][gc,heap        ] GC(913) ParOldGen: 594900K(667648K)->594916K(667648K)
[271.687s][info][gc,metaspace   ] GC(913) Metaspace: 18756K(18944K)->18756K(18944K) NonClass: 16096K(16192K)->16096K(16192K) Class: 2660K(2752K)->2660K(2752K)
[271.687s][info][gc             ] GC(913) Pause Young (Allocation Failure) 690M->593M(869M) 15.564ms
[271.687s][info][gc,cpu         ] GC(913) User=0.03s Sys=0.00s Real=0.02s
[271.800s][info][gc,start       ] GC(914) Pause Young (Allocation Failure)
[271.823s][info][gc,heap        ] GC(914) PSYoungGen: 124384K(222720K)->21728K(208384K) Eden: 111616K(111616K)->0K(111616K) From: 12768K(111104K)->21728K(96768K)
[271.823s][info][gc,heap        ] GC(914) ParOldGen: 594916K(667648K)->594916K(667648K)
[271.823s][info][gc,metaspace   ] GC(914) Metaspace: 18756K(18944K)->18756K(18944K) NonClass: 16096K(16192K)->16096K(16192K) Class: 2660K(2752K)->2660K(2752K)
[271.823s][info][gc             ] GC(914) Pause Young (Allocation Failure) 702M->602M(855M) 23.215ms
[271.823s][info][gc,cpu         ] GC(914) User=0.04s Sys=0.00s Real=0.02s
[271.953s][info][gc,start       ] GC(915) Pause Young (Allocation Failure)
[271.978s][info][gc,heap        ] GC(915) PSYoungGen: 133344K(208384K)->23680K(135680K) Eden: 111616K(111616K)->0K(111616K) From: 21728K(96768K)->23680K(24064K)
[271.978s][info][gc,heap        ] GC(915) ParOldGen: 594916K(667648K)->594916K(667648K)
[271.978s][info][gc,metaspace   ] GC(915) Metaspace: 18756K(18944K)->18756K(18944K) NonClass: 16096K(16192K)->16096K(16192K) Class: 2660K(2752K)->2660K(2752K)
[271.978s][info][gc             ] GC(915) Pause Young (Allocation Failure) 711M->604M(784M) 24.807ms
[271.978s][info][gc,cpu         ] GC(915) User=0.05s Sys=0.00s Real=0.03s
[272.113s][info][gc,start       ] GC(916) Pause Young (Allocation Failure)
[272.152s][info][gc,heap        ] GC(916) PSYoungGen: 135296K(135680K)->38176K(208896K) Eden: 111616K(111616K)->0K(117248K) From: 23680K(24064K)->38176K(91648K)
[272.152s][info][gc,heap        ] GC(916) ParOldGen: 594916K(667648K)->594916K(667648K)
[272.152s][info][gc,metaspace   ] GC(916) Metaspace: 18756K(18944K)->18756K(18944K) NonClass: 16096K(16192K)->16096K(16192K) Class: 2660K(2752K)->2660K(2752K)
[272.152s][info][gc             ] GC(916) Pause Young (Allocation Failure) 713M->618M(856M) 39.293ms
[272.152s][info][gc,cpu         ] GC(916) User=0.08s Sys=0.00s Real=0.04s
[272.476s][info][gc,start       ] GC(917) Pause Young (Allocation Failure)
[272.515s][info][gc,heap        ] GC(917) PSYoungGen: 155424K(208896K)->38208K(211456K) Eden: 117248K(117248K)->0K(117248K) From: 38176K(91648K)->38208K(94208K)
[272.515s][info][gc,heap        ] GC(917) ParOldGen: 594916K(667648K)->594916K(667648K)
[272.515s][info][gc,metaspace   ] GC(917) Metaspace: 18756K(18944K)->18756K(18944K) NonClass: 16096K(16192K)->16096K(16192K) Class: 2660K(2752K)->2660K(2752K)
[272.515s][info][gc             ] GC(917) Pause Young (Allocation Failure) 732M->618M(858M) 39.150ms
[272.515s][info][gc,cpu         ] GC(917) User=0.07s Sys=0.00s Real=0.04s
[272.812s][info][gc,start       ] GC(918) Pause Young (Allocation Failure)
[272.849s][info][gc,heap        ] GC(918) PSYoungGen: 155456K(211456K)->38208K(207360K) Eden: 117248K(117248K)->0K(122368K) From: 38208K(94208K)->38208K(84992K)
[272.850s][info][gc,heap        ] GC(918) ParOldGen: 594916K(667648K)->594916K(667648K)
[272.850s][info][gc,metaspace   ] GC(918) Metaspace: 18756K(18944K)->18756K(18944K) NonClass: 16096K(16192K)->16096K(16192K) Class: 2660K(2752K)->2660K(2752K)
[272.850s][info][gc             ] GC(918) Pause Young (Allocation Failure) 732M->618M(854M) 37.502ms
[272.850s][info][gc,cpu         ] GC(918) User=0.07s Sys=0.00s Real=0.04s
[273.124s][info][gc,start       ] GC(919) Pause Young (Allocation Failure)
[273.165s][info][gc,heap        ] GC(919) PSYoungGen: 160576K(207360K)->38240K(210432K) Eden: 122368K(122368K)->0K(122368K) From: 38208K(84992K)->38240K(88064K)
[273.165s][info][gc,heap        ] GC(919) ParOldGen: 594916K(667648K)->594916K(667648K)
[273.165s][info][gc,metaspace   ] GC(919) Metaspace: 18756K(18944K)->18756K(18944K) NonClass: 16096K(16192K)->16096K(16192K) Class: 2660K(2752K)->2660K(2752K)
[273.165s][info][gc             ] GC(919) Pause Young (Allocation Failure) 737M->618M(857M) 40.825ms
[273.165s][info][gc,cpu         ] GC(919) User=0.08s Sys=0.00s Real=0.04s
[273.431s][info][gc,start       ] GC(920) Pause Young (Allocation Failure)
[273.474s][info][gc,heap        ] GC(920) PSYoungGen: 160608K(210432K)->38528K(207360K) Eden: 122368K(122368K)->0K(127488K) From: 38240K(88064K)->38528K(79872K)
[273.474s][info][gc,heap        ] GC(920) ParOldGen: 594916K(667648K)->594916K(667648K)
[273.474s][info][gc,metaspace   ] GC(920) Metaspace: 18756K(18944K)->18756K(18944K) NonClass: 16096K(16192K)->16096K(16192K) Class: 2660K(2752K)->2660K(2752K)
[273.474s][info][gc             ] GC(920) Pause Young (Allocation Failure) 737M->618M(854M) 42.390ms
[273.474s][info][gc,cpu         ] GC(920) User=0.08s Sys=0.00s Real=0.04s
[273.581s][info][gc,start       ] GC(921) Pause Young (Allocation Failure)
[273.648s][info][gc,heap        ] GC(921) PSYoungGen: 166016K(207360K)->75904K(209920K) Eden: 127488K(127488K)->0K(127488K) From: 38528K(79872K)->75904K(82432K)
[273.648s][info][gc,heap        ] GC(921) ParOldGen: 594916K(667648K)->594916K(667648K)
[273.648s][info][gc,metaspace   ] GC(921) Metaspace: 18756K(18944K)->18756K(18944K) NonClass: 16096K(16192K)->16096K(16192K) Class: 2660K(2752K)->2660K(2752K)
[273.648s][info][gc             ] GC(921) Pause Young (Allocation Failure) 743M->655M(857M) 67.449ms
[273.648s][info][gc,cpu         ] GC(921) User=0.14s Sys=0.00s Real=0.07s
[273.813s][info][gc,start       ] GC(922) Pause Young (Allocation Failure)
[273.907s][info][gc,heap        ] GC(922) PSYoungGen: 203392K(209920K)->93680K(205312K) Eden: 127488K(127488K)->0K(111616K) From: 75904K(82432K)->93680K(93696K)
[273.907s][info][gc,heap        ] GC(922) ParOldGen: 594916K(667648K)->608844K(667648K)
[273.907s][info][gc,metaspace   ] GC(922) Metaspace: 18756K(18944K)->18756K(18944K) NonClass: 16096K(16192K)->16096K(16192K) Class: 2660K(2752K)->2660K(2752K)
[273.907s][info][gc             ] GC(922) Pause Young (Allocation Failure) 779M->686M(852M) 94.148ms
[273.907s][info][gc,cpu         ] GC(922) User=0.17s Sys=0.02s Real=0.10s
[273.998s][info][gc,start       ] GC(923) Pause Young (Allocation Failure)
[274.073s][info][gc,heap        ] GC(923) PSYoungGen: 205296K(205312K)->74288K(222720K) Eden: 111616K(111616K)->0K(111616K) From: 93680K(93696K)->74288K(111104K)
[274.074s][info][gc,heap        ] GC(923) ParOldGen: 608844K(667648K)->630564K(667648K)
[274.074s][info][gc,metaspace   ] GC(923) Metaspace: 18756K(18944K)->18756K(18944K) NonClass: 16096K(16192K)->16096K(16192K) Class: 2660K(2752K)->2660K(2752K)
[274.074s][info][gc             ] GC(923) Pause Young (Allocation Failure) 795M->688M(869M) 75.877ms
[274.074s][info][gc,cpu         ] GC(923) User=0.15s Sys=0.00s Real=0.07s
[274.272s][info][gc,start       ] GC(924) Pause Full (Allocation Failure)
[274.272s][info][gc,phases,start] GC(924) Marking Phase
[274.545s][info][gc,phases      ] GC(924) Marking Phase 272.917ms
[274.545s][info][gc,phases,start] GC(924) Summary Phase
[274.545s][info][gc,phases      ] GC(924) Summary Phase 0.029ms
[274.546s][info][gc,phases,start] GC(924) Forward
[274.671s][info][gc,phases      ] GC(924) Forward 125.165ms
[274.671s][info][gc,phases,start] GC(924) Adjust Pointers
[274.879s][info][gc,phases      ] GC(924) Adjust Pointers 208.658ms
[274.879s][info][gc,phases,start] GC(924) Compaction Phase
[275.004s][info][gc,phases      ] GC(924) Compaction Phase 124.460ms
[275.018s][info][gc,phases,start] GC(924) Post Compact
[275.020s][info][gc,phases      ] GC(924) Post Compact 2.384ms
[275.020s][info][gc,heap        ] GC(924) PSYoungGen: 185904K(222720K)->0K(222720K) Eden: 111616K(111616K)->0K(111616K) From: 74288K(111104K)->0K(111104K)
[275.020s][info][gc,heap        ] GC(924) ParOldGen: 630564K(667648K)->393891K(667648K)
[275.020s][info][gc,metaspace   ] GC(924) Metaspace: 18757K(18944K)->18757K(18944K) NonClass: 16097K(16192K)->16097K(16192K) Class: 2660K(2752K)->2660K(2752K)
[275.021s][info][gc             ] GC(924) Pause Full (Allocation Failure) 797M->384M(869M) 748.094ms
[275.021s][info][gc,cpu         ] GC(924) User=1.35s Sys=0.00s Real=0.75s
[275.180s][info][gc,start       ] GC(925) Pause Young (Allocation Failure)
[275.182s][info][gc,heap        ] GC(925) PSYoungGen: 111616K(222720K)->320K(222720K) Eden: 111616K(111616K)->0K(111616K) From: 0K(111104K)->320K(111104K)
[275.182s][info][gc,heap        ] GC(925) ParOldGen: 393891K(667648K)->393891K(667648K)
[275.182s][info][gc,metaspace   ] GC(925) Metaspace: 18757K(18944K)->18757K(18944K) NonClass: 16097K(16192K)->16097K(16192K) Class: 2660K(2752K)->2660K(2752K)
[275.182s][info][gc             ] GC(925) Pause Young (Allocation Failure) 493M->384M(869M) 1.758ms
[275.182s][info][gc,cpu         ] GC(925) User=0.00s Sys=0.00s Real=0.00s
[275.324s][info][gc,start       ] GC(926) Pause Young (Allocation Failure)
[275.334s][info][gc,heap        ] GC(926) PSYoungGen: 111936K(222720K)->11993K(222720K) Eden: 111616K(111616K)->0K(111616K) From: 320K(111104K)->11993K(111104K)
[275.334s][info][gc,heap        ] GC(926) ParOldGen: 393891K(667648K)->393891K(667648K)
[275.334s][info][gc,metaspace   ] GC(926) Metaspace: 18757K(18944K)->18757K(18944K) NonClass: 16097K(16192K)->16097K(16192K) Class: 2660K(2752K)->2660K(2752K)
[275.334s][info][gc             ] GC(926) Pause Young (Allocation Failure) 493M->396M(869M) 9.754ms
[275.334s][info][gc,cpu         ] GC(926) User=0.02s Sys=0.00s Real=0.01s
[275.386s][info][gc,start       ] GC(927) Pause Young (Allocation Failure)
[275.419s][info][gc,heap        ] GC(927) PSYoungGen: 123609K(222720K)->47945K(222720K) Eden: 111616K(111616K)->0K(111616K) From: 11993K(111104K)->47945K(111104K)
[275.419s][info][gc,heap        ] GC(927) ParOldGen: 393891K(667648K)->393891K(667648K)
[275.419s][info][gc,metaspace   ] GC(927) Metaspace: 18757K(18944K)->18757K(18944K) NonClass: 16097K(16192K)->16097K(16192K) Class: 2660K(2752K)->2660K(2752K)
[275.419s][info][gc             ] GC(927) Pause Young (Allocation Failure) 505M->431M(869M) 33.053ms
[275.419s][info][gc,cpu         ] GC(927) User=0.06s Sys=0.00s Real=0.04s
[275.542s][info][gc,start       ] GC(928) Pause Young (Allocation Failure)
[275.585s][info][gc,heap        ] GC(928) PSYoungGen: 159561K(222720K)->69433K(222720K) Eden: 111616K(111616K)->0K(111616K) From: 47945K(111104K)->69433K(111104K)
[275.585s][info][gc,heap        ] GC(928) ParOldGen: 393891K(667648K)->393891K(667648K)
[275.586s][info][gc,metaspace   ] GC(928) Metaspace: 18757K(18944K)->18757K(18944K) NonClass: 16097K(16192K)->16097K(16192K) Class: 2660K(2752K)->2660K(2752K)
[275.586s][info][gc             ] GC(928) Pause Young (Allocation Failure) 540M->452M(869M) 43.691ms
[275.586s][info][gc,cpu         ] GC(928) User=0.08s Sys=0.00s Real=0.04s
[275.682s][info][gc,start       ] GC(929) Pause Young (Allocation Failure)
[275.726s][info][gc,heap        ] GC(929) PSYoungGen: 181049K(222720K)->71033K(222720K) Eden: 111616K(111616K)->0K(111616K) From: 69433K(111104K)->71033K(111104K)
[275.726s][info][gc,heap        ] GC(929) ParOldGen: 393891K(667648K)->394187K(667648K)
[275.726s][info][gc,metaspace   ] GC(929) Metaspace: 18757K(18944K)->18757K(18944K) NonClass: 16097K(16192K)->16097K(16192K) Class: 2660K(2752K)->2660K(2752K)
[275.726s][info][gc             ] GC(929) Pause Young (Allocation Failure) 561M->454M(869M) 43.737ms
[275.726s][info][gc,cpu         ] GC(929) User=0.08s Sys=0.00s Real=0.04s
[275.854s][info][gc,start       ] GC(930) Pause Young (Allocation Failure)
[275.911s][info][gc,heap        ] GC(930) PSYoungGen: 182649K(222720K)->29344K(222720K) Eden: 111616K(111616K)->0K(111616K) From: 71033K(111104K)->29344K(111104K)
[275.911s][info][gc,heap        ] GC(930) ParOldGen: 394187K(667648K)->442349K(667648K)
[275.911s][info][gc,metaspace   ] GC(930) Metaspace: 18757K(18944K)->18757K(18944K) NonClass: 16097K(16192K)->16097K(16192K) Class: 2660K(2752K)->2660K(2752K)
[275.911s][info][gc             ] GC(930) Pause Young (Allocation Failure) 563M->460M(869M) 57.092ms
[275.911s][info][gc,cpu         ] GC(930) User=0.11s Sys=0.00s Real=0.06s
[276.046s][info][gc,start       ] GC(931) Pause Young (Allocation Failure)
[276.094s][info][gc,heap        ] GC(931) PSYoungGen: 140960K(222720K)->17728K(222720K) Eden: 111616K(111616K)->0K(111616K) From: 29344K(111104K)->17728K(111104K)
[276.094s][info][gc,heap        ] GC(931) ParOldGen: 442349K(667648K)->466004K(667648K)
[276.094s][info][gc,metaspace   ] GC(931) Metaspace: 18757K(18944K)->18757K(18944K) NonClass: 16097K(16192K)->16097K(16192K) Class: 2660K(2752K)->2660K(2752K)
[276.094s][info][gc             ] GC(931) Pause Young (Allocation Failure) 569M->472M(869M) 48.133ms
[276.094s][info][gc,cpu         ] GC(931) User=0.09s Sys=0.00s Real=0.05s
[276.238s][info][gc,start       ] GC(932) Pause Young (Allocation Failure)
[276.268s][info][gc,heap        ] GC(932) PSYoungGen: 129344K(222720K)->64K(222720K) Eden: 111616K(111616K)->0K(111616K) From: 17728K(111104K)->64K(111104K)
[276.268s][info][gc,heap        ] GC(932) ParOldGen: 466004K(667648K)->483764K(667648K)
[276.268s][info][gc,metaspace   ] GC(932) Metaspace: 18757K(18944K)->18757K(18944K) NonClass: 16097K(16192K)->16097K(16192K) Class: 2660K(2752K)->2660K(2752K)
[276.268s][info][gc             ] GC(932) Pause Young (Allocation Failure) 581M->472M(869M) 29.988ms
[276.268s][info][gc,cpu         ] GC(932) User=0.06s Sys=0.00s Real=0.03s
[276.408s][info][gc,start       ] GC(933) Pause Young (Allocation Failure)
[276.410s][info][gc,heap        ] GC(933) PSYoungGen: 111680K(222720K)->64K(222720K) Eden: 111616K(111616K)->0K(111616K) From: 64K(111104K)->64K(111104K)
[276.410s][info][gc,heap        ] GC(933) ParOldGen: 483764K(667648K)->483764K(667648K)
[276.410s][info][gc,metaspace   ] GC(933) Metaspace: 18757K(18944K)->18757K(18944K) NonClass: 16097K(16192K)->16097K(16192K) Class: 2660K(2752K)->2660K(2752K)
[276.410s][info][gc             ] GC(933) Pause Young (Allocation Failure) 581M->472M(869M) 1.633ms
[276.410s][info][gc,cpu         ] GC(933) User=0.00s Sys=0.00s Real=0.00s
[276.550s][info][gc,start       ] GC(934) Pause Young (Allocation Failure)
[276.552s][info][gc,heap        ] GC(934) PSYoungGen: 111680K(222720K)->64K(218624K) Eden: 111616K(111616K)->0K(111616K) From: 64K(111104K)->64K(107008K)
[276.552s][info][gc,heap        ] GC(934) ParOldGen: 483764K(667648K)->483764K(667648K)
[276.552s][info][gc,metaspace   ] GC(934) Metaspace: 18757K(18944K)->18757K(18944K) NonClass: 16097K(16192K)->16097K(16192K) Class: 2660K(2752K)->2660K(2752K)
[276.552s][info][gc             ] GC(934) Pause Young (Allocation Failure) 581M->472M(865M) 1.693ms
[276.552s][info][gc,cpu         ] GC(934) User=0.00s Sys=0.01s Real=0.00s
[276.694s][info][gc,start       ] GC(935) Pause Young (Allocation Failure)
[276.695s][info][gc,heap        ] GC(935) PSYoungGen: 111680K(218624K)->64K(220672K) Eden: 111616K(111616K)->0K(111616K) From: 64K(107008K)->64K(109056K)
[276.695s][info][gc,heap        ] GC(935) ParOldGen: 483764K(667648K)->483764K(667648K)
[276.695s][info][gc,metaspace   ] GC(935) Metaspace: 18757K(18944K)->18757K(18944K) NonClass: 16097K(16192K)->16097K(16192K) Class: 2660K(2752K)->2660K(2752K)
[276.695s][info][gc             ] GC(935) Pause Young (Allocation Failure) 581M->472M(867M) 1.673ms
[276.695s][info][gc,cpu         ] GC(935) User=0.00s Sys=0.00s Real=0.00s
[276.825s][info][gc,start       ] GC(936) Pause Young (Allocation Failure)
[276.833s][info][gc,heap        ] GC(936) PSYoungGen: 111680K(220672K)->6016K(212992K) Eden: 111616K(111616K)->0K(115712K) From: 64K(109056K)->6016K(97280K)
[276.833s][info][gc,heap        ] GC(936) ParOldGen: 483764K(667648K)->483764K(667648K)
[276.833s][info][gc,metaspace   ] GC(936) Metaspace: 18757K(18944K)->18757K(18944K) NonClass: 16097K(16192K)->16097K(16192K) Class: 2660K(2752K)->2660K(2752K)
[276.833s][info][gc             ] GC(936) Pause Young (Allocation Failure) 581M->478M(860M) 8.236ms
[276.833s][info][gc,cpu         ] GC(936) User=0.02s Sys=0.00s Real=0.01s
[276.939s][info][gc,start       ] GC(937) Pause Young (Allocation Failure)
[276.963s][info][gc,heap        ] GC(937) PSYoungGen: 121728K(212992K)->21888K(137728K) Eden: 115712K(115712K)->0K(115712K) From: 6016K(97280K)->21888K(22016K)
[276.964s][info][gc,heap        ] GC(937) ParOldGen: 483764K(667648K)->483764K(667648K)
[276.964s][info][gc,metaspace   ] GC(937) Metaspace: 18757K(18944K)->18757K(18944K) NonClass: 16097K(16192K)->16097K(16192K) Class: 2660K(2752K)->2660K(2752K)
[276.964s][info][gc             ] GC(937) Pause Young (Allocation Failure) 591M->493M(786M) 24.771ms
[276.964s][info][gc,cpu         ] GC(937) User=0.05s Sys=0.00s Real=0.02s
[277.074s][info][gc,start       ] GC(938) Pause Young (Allocation Failure)
[277.110s][info][gc,heap        ] GC(938) PSYoungGen: 137600K(137728K)->35008K(210432K) Eden: 115712K(115712K)->0K(121344K) From: 21888K(22016K)->35008K(89088K)
[277.110s][info][gc,heap        ] GC(938) ParOldGen: 483764K(667648K)->483764K(667648K)
[277.110s][info][gc,metaspace   ] GC(938) Metaspace: 18757K(18944K)->18757K(18944K) NonClass: 16097K(16192K)->16097K(16192K) Class: 2660K(2752K)->2660K(2752K)
[277.111s][info][gc             ] GC(938) Pause Young (Allocation Failure) 606M->506M(857M) 36.589ms
[277.111s][info][gc,cpu         ] GC(938) User=0.08s Sys=0.00s Real=0.04s
[277.194s][info][gc,start       ] GC(939) Pause Young (Allocation Failure)
[277.231s][info][gc,heap        ] GC(939) PSYoungGen: 156352K(210432K)->36416K(212992K) Eden: 121344K(121344K)->0K(121344K) From: 35008K(89088K)->36416K(91648K)
[277.231s][info][gc,heap        ] GC(939) ParOldGen: 483764K(667648K)->483764K(667648K)
[277.231s][info][gc,metaspace   ] GC(939) Metaspace: 18757K(18944K)->18757K(18944K) NonClass: 16097K(16192K)->16097K(16192K) Class: 2660K(2752K)->2660K(2752K)
[277.231s][info][gc             ] GC(939) Pause Young (Allocation Failure) 625M->507M(860M) 36.725ms
[277.231s][info][gc,cpu         ] GC(939) User=0.07s Sys=0.00s Real=0.04s
[277.342s][info][gc,start       ] GC(940) Pause Young (Allocation Failure)
[277.382s][info][gc,heap        ] GC(940) PSYoungGen: 157760K(212992K)->36512K(213504K) Eden: 121344K(121344K)->0K(129024K) From: 36416K(91648K)->36512K(84480K)
[277.382s][info][gc,heap        ] GC(940) ParOldGen: 483764K(667648K)->483764K(667648K)
[277.382s][info][gc,metaspace   ] GC(940) Metaspace: 18757K(18944K)->18757K(18944K) NonClass: 16097K(16192K)->16097K(16192K) Class: 2660K(2752K)->2660K(2752K)
[277.382s][info][gc             ] GC(940) Pause Young (Allocation Failure) 626M->508M(860M) 39.643ms
[277.382s][info][gc,cpu         ] GC(940) User=0.08s Sys=0.00s Real=0.04s
[277.507s][info][gc,start       ] GC(941) Pause Young (Allocation Failure)
[277.551s][info][gc,heap        ] GC(941) PSYoungGen: 165536K(213504K)->39936K(215552K) Eden: 129024K(129024K)->0K(129024K) From: 36512K(84480K)->39936K(86528K)
[277.551s][info][gc,heap        ] GC(941) ParOldGen: 483764K(667648K)->483764K(667648K)
[277.551s][info][gc,metaspace   ] GC(941) Metaspace: 18757K(18944K)->18757K(18944K) NonClass: 16097K(16192K)->16097K(16192K) Class: 2660K(2752K)->2660K(2752K)
[277.551s][info][gc             ] GC(941) Pause Young (Allocation Failure) 634M->511M(862M) 43.937ms
[277.551s][info][gc,cpu         ] GC(941) User=0.09s Sys=0.00s Real=0.04s
[277.671s][info][gc,start       ] GC(942) Pause Young (Allocation Failure)
[277.718s][info][gc,heap        ] GC(942) PSYoungGen: 168960K(215552K)->48160K(221184K) Eden: 129024K(129024K)->0K(136192K) From: 39936K(86528K)->48160K(84992K)
[277.718s][info][gc,heap        ] GC(942) ParOldGen: 483764K(667648K)->483764K(667648K)
[277.718s][info][gc,metaspace   ] GC(942) Metaspace: 18757K(18944K)->18757K(18944K) NonClass: 16097K(16192K)->16097K(16192K) Class: 2660K(2752K)->2660K(2752K)
[277.719s][info][gc             ] GC(942) Pause Young (Allocation Failure) 637M->519M(868M) 47.799ms
[277.719s][info][gc,cpu         ] GC(942) User=0.09s Sys=0.00s Real=0.05s
[277.861s][info][gc,start       ] GC(943) Pause Young (Allocation Failure)
[277.922s][info][gc,heap        ] GC(943) PSYoungGen: 184352K(221184K)->63312K(222720K) Eden: 136192K(136192K)->0K(136192K) From: 48160K(84992K)->63312K(86528K)
[277.922s][info][gc,heap        ] GC(943) ParOldGen: 483764K(667648K)->483764K(667648K)
[277.922s][info][gc,metaspace   ] GC(943) Metaspace: 18757K(18944K)->18757K(18944K) NonClass: 16097K(16192K)->16097K(16192K) Class: 2660K(2752K)->2660K(2752K)
[277.922s][info][gc             ] GC(943) Pause Young (Allocation Failure) 652M->534M(869M) 61.777ms
[277.922s][info][gc,cpu         ] GC(943) User=0.12s Sys=0.00s Real=0.06s
[278.182s][info][gc,start       ] GC(944) Pause Young (Allocation Failure)
[278.243s][info][gc,heap        ] GC(944) PSYoungGen: 199504K(222720K)->63296K(231424K) Eden: 136192K(136192K)->0K(138240K) From: 63312K(86528K)->63296K(93184K)
[278.243s][info][gc,heap        ] GC(944) ParOldGen: 483764K(667648K)->483764K(667648K)
[278.243s][info][gc,metaspace   ] GC(944) Metaspace: 18757K(18944K)->18757K(18944K) NonClass: 16097K(16192K)->16097K(16192K) Class: 2660K(2752K)->2660K(2752K)
[278.243s][info][gc             ] GC(944) Pause Young (Allocation Failure) 667M->534M(878M) 61.545ms
[278.243s][info][gc,cpu         ] GC(944) User=0.12s Sys=0.00s Real=0.06s
[278.435s][info][gc,start       ] GC(945) Pause Young (Allocation Failure)
[278.519s][info][gc,heap        ] GC(945) PSYoungGen: 201536K(231424K)->85264K(223744K) Eden: 138240K(138240K)->0K(138240K) From: 63296K(93184K)->85264K(85504K)
[278.519s][info][gc,heap        ] GC(945) ParOldGen: 483764K(667648K)->483764K(667648K)
[278.519s][info][gc,metaspace   ] GC(945) Metaspace: 18757K(18944K)->18757K(18944K) NonClass: 16097K(16192K)->16097K(16192K) Class: 2660K(2752K)->2660K(2752K)
[278.519s][info][gc             ] GC(945) Pause Young (Allocation Failure) 669M->555M(870M) 83.875ms
[278.519s][info][gc,cpu         ] GC(945) User=0.17s Sys=0.00s Real=0.09s
[278.675s][info][gc,start       ] GC(946) Pause Young (Allocation Failure)
[278.793s][info][gc,heap        ] GC(946) PSYoungGen: 223504K(223744K)->98464K(221184K) Eden: 138240K(138240K)->0K(111616K) From: 85264K(85504K)->98464K(109568K)
[278.793s][info][gc,heap        ] GC(946) ParOldGen: 483764K(667648K)->483764K(667648K)
[278.793s][info][gc,metaspace   ] GC(946) Metaspace: 18757K(18944K)->18757K(18944K) NonClass: 16097K(16192K)->16097K(16192K) Class: 2660K(2752K)->2660K(2752K)
[278.794s][info][gc             ] GC(946) Pause Young (Allocation Failure) 690M->568M(868M) 118.773ms
[278.794s][info][gc,cpu         ] GC(946) User=0.22s Sys=0.02s Real=0.12s
[278.914s][info][gc,start       ] GC(947) Pause Young (Allocation Failure)
[279.019s][info][gc,heap        ] GC(947) PSYoungGen: 210080K(221184K)->99872K(222720K) Eden: 111616K(111616K)->0K(111616K) From: 98464K(109568K)->99872K(111104K)
[279.019s][info][gc,heap        ] GC(947) ParOldGen: 483764K(667648K)->483764K(667648K)
[279.019s][info][gc,metaspace   ] GC(947) Metaspace: 18757K(18944K)->18757K(18944K) NonClass: 16097K(16192K)->16097K(16192K) Class: 2660K(2752K)->2660K(2752K)
[279.019s][info][gc             ] GC(947) Pause Young (Allocation Failure) 677M->569M(869M) 105.443ms
[279.019s][info][gc,cpu         ] GC(947) User=0.20s Sys=0.00s Real=0.11s
[279.151s][info][gc,start       ] GC(948) Pause Young (Allocation Failure)
[279.250s][info][gc,heap        ] GC(948) PSYoungGen: 211488K(222720K)->97328K(222720K) Eden: 111616K(111616K)->0K(111616K) From: 99872K(111104K)->97328K(111104K)
[279.250s][info][gc,heap        ] GC(948) ParOldGen: 483764K(667648K)->489764K(667648K)
[279.250s][info][gc,metaspace   ] GC(948) Metaspace: 18757K(18944K)->18757K(18944K) NonClass: 16097K(16192K)->16097K(16192K) Class: 2660K(2752K)->2660K(2752K)
[279.250s][info][gc             ] GC(948) Pause Young (Allocation Failure) 678M->573M(869M) 98.593ms
[279.250s][info][gc,cpu         ] GC(948) User=0.19s Sys=0.00s Real=0.10s
[279.355s][info][gc,start       ] GC(949) Pause Young (Allocation Failure)
[279.450s][info][gc,heap        ] GC(949) PSYoungGen: 208944K(222720K)->68368K(222720K) Eden: 111616K(111616K)->0K(111616K) From: 97328K(111104K)->68368K(111104K)
[279.450s][info][gc,heap        ] GC(949) ParOldGen: 489764K(667648K)->518820K(667648K)
[279.450s][info][gc,metaspace   ] GC(949) Metaspace: 18757K(18944K)->18757K(18944K) NonClass: 16097K(16192K)->16097K(16192K) Class: 2660K(2752K)->2660K(2752K)
[279.450s][info][gc             ] GC(949) Pause Young (Allocation Failure) 682M->573M(869M) 95.248ms
[279.450s][info][gc,cpu         ] GC(949) User=0.19s Sys=0.00s Real=0.10s
[279.631s][info][gc,start       ] GC(950) Pause Young (Allocation Failure)
[279.710s][info][gc,heap        ] GC(950) PSYoungGen: 179984K(222720K)->79072K(222720K) Eden: 111616K(111616K)->0K(111616K) From: 68368K(111104K)->79072K(111104K)
[279.710s][info][gc,heap        ] GC(950) ParOldGen: 518820K(667648K)->520348K(667648K)
[279.710s][info][gc,metaspace   ] GC(950) Metaspace: 18757K(18944K)->18757K(18944K) NonClass: 16097K(16192K)->16097K(16192K) Class: 2660K(2752K)->2660K(2752K)
[279.710s][info][gc             ] GC(950) Pause Young (Allocation Failure) 682M->585M(869M) 78.300ms
[279.710s][info][gc,cpu         ] GC(950) User=0.15s Sys=0.00s Real=0.08s
[279.866s][info][gc,start       ] GC(951) Pause Young (Allocation Failure)
[279.955s][info][gc,heap        ] GC(951) PSYoungGen: 190688K(222720K)->78640K(222720K) Eden: 111616K(111616K)->0K(111616K) From: 79072K(111104K)->78640K(111104K)
[279.955s][info][gc,heap        ] GC(951) ParOldGen: 520348K(667648K)->532012K(667648K)
[279.955s][info][gc,metaspace   ] GC(951) Metaspace: 18757K(18944K)->18757K(18944K) NonClass: 16097K(16192K)->16097K(16192K) Class: 2660K(2752K)->2660K(2752K)
[279.955s][info][gc             ] GC(951) Pause Young (Allocation Failure) 694M->596M(869M) 88.405ms
[279.955s][info][gc,cpu         ] GC(951) User=0.18s Sys=0.00s Real=0.08s
[280.298s][info][gc,start       ] GC(952) Pause Young (Allocation Failure)
[280.373s][info][gc,heap        ] GC(952) PSYoungGen: 190256K(222720K)->63600K(222720K) Eden: 111616K(111616K)->0K(111616K) From: 78640K(111104K)->63600K(111104K)
[280.373s][info][gc,heap        ] GC(952) ParOldGen: 532012K(667648K)->547205K(667648K)
[280.373s][info][gc,metaspace   ] GC(952) Metaspace: 18757K(18944K)->18757K(18944K) NonClass: 16097K(16192K)->16097K(16192K) Class: 2660K(2752K)->2660K(2752K)
[280.373s][info][gc             ] GC(952) Pause Young (Allocation Failure) 705M->596M(869M) 75.743ms
[280.373s][info][gc,cpu         ] GC(952) User=0.15s Sys=0.00s Real=0.07s
[280.650s][info][gc,start       ] GC(953) Pause Young (Allocation Failure)
[280.711s][info][gc,heap        ] GC(953) PSYoungGen: 175216K(222720K)->28400K(222720K) Eden: 111616K(111616K)->0K(111616K) From: 63600K(111104K)->28400K(111104K)
[280.711s][info][gc,heap        ] GC(953) ParOldGen: 547205K(667648K)->582461K(667648K)
[280.711s][info][gc,metaspace   ] GC(953) Metaspace: 18757K(18944K)->18757K(18944K) NonClass: 16097K(16192K)->16097K(16192K) Class: 2660K(2752K)->2660K(2752K)
[280.711s][info][gc             ] GC(953) Pause Young (Allocation Failure) 705M->596M(869M) 61.614ms
[280.711s][info][gc,cpu         ] GC(953) User=0.12s Sys=0.00s Real=0.06s
[280.977s][info][gc,start       ] GC(954) Pause Young (Allocation Failure)
[281.007s][info][gc,heap        ] GC(954) PSYoungGen: 140016K(222720K)->23600K(222720K) Eden: 111616K(111616K)->0K(111616K) From: 28400K(111104K)->23600K(111104K)
[281.007s][info][gc,heap        ] GC(954) ParOldGen: 582461K(667648K)->587301K(667648K)
[281.007s][info][gc,metaspace   ] GC(954) Metaspace: 18757K(18944K)->18757K(18944K) NonClass: 16097K(16192K)->16097K(16192K) Class: 2660K(2752K)->2660K(2752K)
[281.007s][info][gc             ] GC(954) Pause Young (Allocation Failure) 705M->596M(869M) 29.909ms
[281.007s][info][gc,cpu         ] GC(954) User=0.06s Sys=0.00s Real=0.03s
[281.258s][info][gc,start       ] GC(955) Pause Young (Allocation Failure)
[281.283s][info][gc,heap        ] GC(955) PSYoungGen: 135216K(222720K)->11360K(222720K) Eden: 111616K(111616K)->0K(111616K) From: 23600K(111104K)->11360K(111104K)
[281.283s][info][gc,heap        ] GC(955) ParOldGen: 587301K(667648K)->599597K(667648K)
[281.283s][info][gc,metaspace   ] GC(955) Metaspace: 18757K(18944K)->18757K(18944K) NonClass: 16097K(16192K)->16097K(16192K) Class: 2660K(2752K)->2660K(2752K)
[281.283s][info][gc             ] GC(955) Pause Young (Allocation Failure) 705M->596M(869M) 24.542ms
[281.283s][info][gc,cpu         ] GC(955) User=0.04s Sys=0.00s Real=0.02s
[281.561s][info][gc,start       ] GC(956) Pause Young (Allocation Failure)
[281.575s][info][gc,heap        ] GC(956) PSYoungGen: 122976K(222720K)->992K(222720K) Eden: 111616K(111616K)->0K(111616K) From: 11360K(111104K)->992K(111104K)
[281.575s][info][gc,heap        ] GC(956) ParOldGen: 599597K(667648K)->610861K(667648K)
[281.575s][info][gc,metaspace   ] GC(956) Metaspace: 18757K(18944K)->18757K(18944K) NonClass: 16097K(16192K)->16097K(16192K) Class: 2660K(2752K)->2660K(2752K)
[281.575s][info][gc             ] GC(956) Pause Young (Allocation Failure) 705M->597M(869M) 14.320ms
[281.575s][info][gc,cpu         ] GC(956) User=0.03s Sys=0.00s Real=0.01s
[281.726s][info][gc,start       ] GC(957) Pause Young (Allocation Failure)
[281.744s][info][gc,heap        ] GC(957) PSYoungGen: 112608K(222720K)->21344K(222720K) Eden: 111616K(111616K)->0K(111616K) From: 992K(111104K)->21344K(111104K)
[281.744s][info][gc,heap        ] GC(957) ParOldGen: 610861K(667648K)->610925K(667648K)
[281.744s][info][gc,metaspace   ] GC(957) Metaspace: 18757K(18944K)->18757K(18944K) NonClass: 16097K(16192K)->16097K(16192K) Class: 2660K(2752K)->2660K(2752K)
[281.744s][info][gc             ] GC(957) Pause Young (Allocation Failure) 706M->617M(869M) 17.773ms
[281.744s][info][gc,cpu         ] GC(957) User=0.04s Sys=0.00s Real=0.01s
[281.803s][info][gc,start       ] GC(958) Pause Young (Allocation Failure)
[281.846s][info][gc,heap        ] GC(958) PSYoungGen: 132960K(222720K)->60896K(222720K) Eden: 111616K(111616K)->0K(111616K) From: 21344K(111104K)->60896K(111104K)
[281.846s][info][gc,heap        ] GC(958) ParOldGen: 610925K(667648K)->611837K(667648K)
[281.846s][info][gc,metaspace   ] GC(958) Metaspace: 18757K(18944K)->18757K(18944K) NonClass: 16097K(16192K)->16097K(16192K) Class: 2660K(2752K)->2660K(2752K)
[281.846s][info][gc             ] GC(958) Pause Young (Allocation Failure) 726M->656M(869M) 43.251ms
[281.846s][info][gc,cpu         ] GC(958) User=0.09s Sys=0.00s Real=0.05s
[282.019s][info][gc,start       ] GC(959) Pause Young (Allocation Failure)
[282.069s][info][gc,promotion   ] GC(959) Promotion failed
[282.069s][info][gc,heap        ] GC(959) PSYoungGen: 172512K(222720K)->172512K(222720K) Eden: 111616K(111616K)->111616K(111616K) From: 60896K(111104K)->60896K(111104K)
[282.069s][info][gc,heap        ] GC(959) ParOldGen: 611837K(667648K)->667645K(667648K)
[282.069s][info][gc,metaspace   ] GC(959) Metaspace: 18757K(18944K)->18757K(18944K) NonClass: 16097K(16192K)->16097K(16192K) Class: 2660K(2752K)->2660K(2752K)
[282.069s][info][gc             ] GC(959) Pause Young (Allocation Failure) 765M->820M(869M) 49.831ms
[282.069s][info][gc,cpu         ] GC(959) User=0.10s Sys=0.00s Real=0.05s
[282.069s][info][gc,start       ] GC(960) Pause Full (Allocation Failure)
[282.069s][info][gc,phases,start] GC(960) Marking Phase
[282.492s][info][gc,phases      ] GC(960) Marking Phase 422.945ms
[282.492s][info][gc,phases,start] GC(960) Summary Phase
[282.492s][info][gc,phases      ] GC(960) Summary Phase 0.027ms
[282.492s][info][gc,phases,start] GC(960) Forward
[282.632s][info][gc,phases      ] GC(960) Forward 139.965ms
[282.632s][info][gc,phases,start] GC(960) Adjust Pointers
[282.947s][info][gc,phases      ] GC(960) Adjust Pointers 314.286ms
[282.947s][info][gc,phases,start] GC(960) Compaction Phase
[283.144s][info][gc,phases      ] GC(960) Compaction Phase 197.271ms
[283.153s][info][gc,phases,start] GC(960) Post Compact
[283.155s][info][gc,phases      ] GC(960) Post Compact 2.456ms
[283.156s][info][gc,heap        ] GC(960) PSYoungGen: 172512K(222720K)->0K(222720K) Eden: 111616K(111616K)->0K(111616K) From: 60896K(111104K)->0K(111104K)
[283.156s][info][gc,heap        ] GC(960) ParOldGen: 667645K(667648K)->593003K(667648K)
[283.156s][info][gc,metaspace   ] GC(960) Metaspace: 18757K(18944K)->18757K(18944K) NonClass: 16097K(16192K)->16097K(16192K) Class: 2660K(2752K)->2660K(2752K)
[283.156s][info][gc             ] GC(960) Pause Full (Allocation Failure) 820M->579M(869M) 1086.191ms
[283.156s][info][gc,cpu         ] GC(960) User=2.10s Sys=0.01s Real=1.08s
[283.304s][info][gc,start       ] GC(961) Pause Young (Allocation Failure)
[283.324s][info][gc,heap        ] GC(961) PSYoungGen: 111616K(222720K)->6998K(222720K) Eden: 111616K(111616K)->0K(111616K) From: 0K(111104K)->6998K(111104K)
[283.324s][info][gc,heap        ] GC(961) ParOldGen: 593003K(667648K)->593003K(667648K)
[283.324s][info][gc,metaspace   ] GC(961) Metaspace: 18757K(18944K)->18757K(18944K) NonClass: 16097K(16192K)->16097K(16192K) Class: 2660K(2752K)->2660K(2752K)
[283.324s][info][gc             ] GC(961) Pause Young (Allocation Failure) 688M->585M(869M) 20.614ms
[283.325s][info][gc,cpu         ] GC(961) User=0.04s Sys=0.00s Real=0.02s
[283.508s][info][gc,start       ] GC(962) Pause Young (Allocation Failure)
[283.539s][info][gc,heap        ] GC(962) PSYoungGen: 118614K(222720K)->12192K(222720K) Eden: 111616K(111616K)->0K(111616K) From: 6998K(111104K)->12192K(111104K)
[283.539s][info][gc,heap        ] GC(962) ParOldGen: 593003K(667648K)->599234K(667648K)
[283.539s][info][gc,metaspace   ] GC(962) Metaspace: 18757K(18944K)->18757K(18944K) NonClass: 16097K(16192K)->16097K(16192K) Class: 2660K(2752K)->2660K(2752K)
[283.539s][info][gc             ] GC(962) Pause Young (Allocation Failure) 694M->597M(869M) 31.341ms
[283.539s][info][gc,cpu         ] GC(962) User=0.06s Sys=0.00s Real=0.03s
[283.722s][info][gc,start       ] GC(963) Pause Young (Allocation Failure)
[283.739s][info][gc,heap        ] GC(963) PSYoungGen: 123808K(222720K)->64K(222720K) Eden: 111616K(111616K)->0K(111616K) From: 12192K(111104K)->64K(111104K)
[283.739s][info][gc,heap        ] GC(963) ParOldGen: 599234K(667648K)->611418K(667648K)
[283.739s][info][gc,metaspace   ] GC(963) Metaspace: 18757K(18944K)->18757K(18944K) NonClass: 16097K(16192K)->16097K(16192K) Class: 2660K(2752K)->2660K(2752K)
[283.740s][info][gc             ] GC(963) Pause Young (Allocation Failure) 706M->597M(869M) 17.816ms
[283.740s][info][gc,cpu         ] GC(963) User=0.04s Sys=0.00s Real=0.02s
[283.950s][info][gc,start       ] GC(964) Pause Young (Allocation Failure)
[283.952s][info][gc,heap        ] GC(964) PSYoungGen: 111680K(222720K)->64K(222720K) Eden: 111616K(111616K)->0K(111616K) From: 64K(111104K)->64K(111104K)
[283.952s][info][gc,heap        ] GC(964) ParOldGen: 611418K(667648K)->611434K(667648K)
[283.952s][info][gc,metaspace   ] GC(964) Metaspace: 18757K(18944K)->18757K(18944K) NonClass: 16097K(16192K)->16097K(16192K) Class: 2660K(2752K)->2660K(2752K)
[283.952s][info][gc             ] GC(964) Pause Young (Allocation Failure) 706M->597M(869M) 2.094ms
[283.952s][info][gc,cpu         ] GC(964) User=0.00s Sys=0.00s Real=0.00s
[284.129s][info][gc,start       ] GC(965) Pause Young (Allocation Failure)
[284.134s][info][gc,heap        ] GC(965) PSYoungGen: 111680K(222720K)->2208K(222720K) Eden: 111616K(111616K)->0K(111616K) From: 64K(111104K)->2208K(111104K)
[284.134s][info][gc,heap        ] GC(965) ParOldGen: 611434K(667648K)->611442K(667648K)
[284.134s][info][gc,metaspace   ] GC(965) Metaspace: 18757K(18944K)->18757K(18944K) NonClass: 16097K(16192K)->16097K(16192K) Class: 2660K(2752K)->2660K(2752K)
[284.134s][info][gc             ] GC(965) Pause Young (Allocation Failure) 706M->599M(869M) 4.234ms
[284.134s][info][gc,cpu         ] GC(965) User=0.01s Sys=0.00s Real=0.00s
[284.277s][info][gc,start       ] GC(966) Pause Young (Allocation Failure)
[284.290s][info][gc,heap        ] GC(966) PSYoungGen: 113824K(222720K)->13360K(125440K) Eden: 111616K(111616K)->0K(111616K) From: 2208K(111104K)->13360K(13824K)
[284.290s][info][gc,heap        ] GC(966) ParOldGen: 611442K(667648K)->613642K(667648K)
[284.290s][info][gc,metaspace   ] GC(966) Metaspace: 18757K(18944K)->18757K(18944K) NonClass: 16097K(16192K)->16097K(16192K) Class: 2660K(2752K)->2660K(2752K)
[284.291s][info][gc             ] GC(966) Pause Young (Allocation Failure) 708M->612M(774M) 13.524ms
[284.291s][info][gc,cpu         ] GC(966) User=0.02s Sys=0.00s Real=0.01s
[284.347s][info][gc,start       ] GC(967) Pause Young (Allocation Failure)
[284.381s][info][gc,heap        ] GC(967) PSYoungGen: 124976K(125440K)->49840K(216576K) Eden: 111616K(111616K)->0K(110592K) From: 13360K(13824K)->49840K(105984K)
[284.381s][info][gc,heap        ] GC(967) ParOldGen: 613642K(667648K)->613642K(667648K)
[284.381s][info][gc,metaspace   ] GC(967) Metaspace: 18757K(18944K)->18757K(18944K) NonClass: 16097K(16192K)->16097K(16192K) Class: 2660K(2752K)->2660K(2752K)
[284.381s][info][gc             ] GC(967) Pause Young (Allocation Failure) 721M->647M(863M) 34.343ms
[284.381s][info][gc,cpu         ] GC(967) User=0.07s Sys=0.00s Real=0.03s
[284.486s][info][gc,start       ] GC(968) Pause Young (Allocation Failure)
[284.535s][info][gc,heap        ] GC(968) PSYoungGen: 160432K(216576K)->77328K(217600K) Eden: 110592K(110592K)->0K(110592K) From: 49840K(105984K)->77328K(107008K)
[284.535s][info][gc,heap        ] GC(968) ParOldGen: 613642K(667648K)->613642K(667648K)
[284.535s][info][gc,metaspace   ] GC(968) Metaspace: 18757K(18944K)->18757K(18944K) NonClass: 16097K(16192K)->16097K(16192K) Class: 2660K(2752K)->2660K(2752K)
[284.535s][info][gc             ] GC(968) Pause Young (Allocation Failure) 755M->674M(864M) 48.610ms
[284.535s][info][gc,cpu         ] GC(968) User=0.10s Sys=0.00s Real=0.04s
[284.663s][info][gc,start       ] GC(969) Pause Young (Allocation Failure)
[284.709s][info][gc,heap        ] GC(969) PSYoungGen: 187920K(217600K)->27552K(224256K) Eden: 110592K(110592K)->0K(113152K) From: 77328K(107008K)->27552K(111104K)
[284.709s][info][gc,heap        ] GC(969) ParOldGen: 613642K(667648K)->663842K(667648K)
[284.709s][info][gc,metaspace   ] GC(969) Metaspace: 18757K(18944K)->18757K(18944K) NonClass: 16097K(16192K)->16097K(16192K) Class: 2660K(2752K)->2660K(2752K)
[284.709s][info][gc             ] GC(969) Pause Young (Allocation Failure) 782M->675M(871M) 45.863ms
[284.709s][info][gc,cpu         ] GC(969) User=0.09s Sys=0.00s Real=0.05s
[284.840s][info][gc,start       ] GC(970) Pause Full (Allocation Failure)
[284.840s][info][gc,phases,start] GC(970) Marking Phase
[285.079s][info][gc,phases      ] GC(970) Marking Phase 238.683ms
[285.079s][info][gc,phases,start] GC(970) Summary Phase
[285.079s][info][gc,phases      ] GC(970) Summary Phase 0.030ms
[285.079s][info][gc,phases,start] GC(970) Forward
[285.183s][info][gc,phases      ] GC(970) Forward 104.800ms
[285.184s][info][gc,phases,start] GC(970) Adjust Pointers
[285.371s][info][gc,phases      ] GC(970) Adjust Pointers 187.804ms
[285.371s][info][gc,phases,start] GC(970) Compaction Phase
[285.479s][info][gc,phases      ] GC(970) Compaction Phase 107.357ms
[285.486s][info][gc,phases,start] GC(970) Post Compact
[285.488s][info][gc,phases      ] GC(970) Post Compact 2.357ms
[285.488s][info][gc,heap        ] GC(970) PSYoungGen: 140704K(224256K)->0K(222720K) Eden: 113152K(113152K)->0K(113152K) From: 27552K(111104K)->0K(109568K)
[285.488s][info][gc,heap        ] GC(970) ParOldGen: 663842K(667648K)->375965K(667648K)
[285.488s][info][gc,metaspace   ] GC(970) Metaspace: 18757K(18944K)->18757K(18944K) NonClass: 16097K(16192K)->16097K(16192K) Class: 2660K(2752K)->2660K(2752K)
[285.488s][info][gc             ] GC(970) Pause Full (Allocation Failure) 785M->367M(869M) 648.575ms
[285.488s][info][gc,cpu         ] GC(970) User=1.18s Sys=0.00s Real=0.65s
[285.614s][info][gc,start       ] GC(971) Pause Young (Allocation Failure)
[285.616s][info][gc,heap        ] GC(971) PSYoungGen: 113152K(222720K)->160K(221696K) Eden: 113152K(113152K)->0K(114688K) From: 0K(109568K)->160K(107008K)
[285.616s][info][gc,heap        ] GC(971) ParOldGen: 375965K(667648K)->375965K(667648K)
[285.616s][info][gc,metaspace   ] GC(971) Metaspace: 18757K(18944K)->18757K(18944K) NonClass: 16097K(16192K)->16097K(16192K) Class: 2660K(2752K)->2660K(2752K)
[285.616s][info][gc             ] GC(971) Pause Young (Allocation Failure) 477M->367M(868M) 1.965ms
[285.616s][info][gc,cpu         ] GC(971) User=0.01s Sys=0.00s Real=0.00s
[285.742s][info][gc,start       ] GC(972) Pause Young (Allocation Failure)
[285.744s][info][gc,heap        ] GC(972) PSYoungGen: 114848K(221696K)->256K(222208K) Eden: 114688K(114688K)->0K(114688K) From: 160K(107008K)->256K(107520K)
[285.744s][info][gc,heap        ] GC(972) ParOldGen: 375965K(667648K)->375965K(667648K)
[285.744s][info][gc,metaspace   ] GC(972) Metaspace: 18757K(18944K)->18757K(18944K) NonClass: 16097K(16192K)->16097K(16192K) Class: 2660K(2752K)->2660K(2752K)
[285.744s][info][gc             ] GC(972) Pause Young (Allocation Failure) 479M->367M(869M) 1.925ms
[285.744s][info][gc,cpu         ] GC(972) User=0.01s Sys=0.00s Real=0.00s
[285.873s][info][gc,start       ] GC(973) Pause Young (Allocation Failure)
[285.875s][info][gc,heap        ] GC(973) PSYoungGen: 114944K(222208K)->320K(219136K) Eden: 114688K(114688K)->0K(119808K) From: 256K(107520K)->320K(99328K)
[285.875s][info][gc,heap        ] GC(973) ParOldGen: 375965K(667648K)->375965K(667648K)
[285.875s][info][gc,metaspace   ] GC(973) Metaspace: 18757K(18944K)->18757K(18944K) NonClass: 16097K(16192K)->16097K(16192K) Class: 2660K(2752K)->2660K(2752K)
[285.875s][info][gc             ] GC(973) Pause Young (Allocation Failure) 479M->367M(866M) 1.950ms
[285.875s][info][gc,cpu         ] GC(973) User=0.01s Sys=0.00s Real=0.00s
[286.009s][info][gc,start       ] GC(974) Pause Young (Allocation Failure)
[286.011s][info][gc,heap        ] GC(974) PSYoungGen: 120128K(219136K)->416K(221696K) Eden: 119808K(119808K)->0K(119808K) From: 320K(99328K)->416K(101888K)
[286.011s][info][gc,heap        ] GC(974) ParOldGen: 375965K(667648K)->375965K(667648K)
[286.012s][info][gc,metaspace   ] GC(974) Metaspace: 18757K(18944K)->18757K(18944K) NonClass: 16097K(16192K)->16097K(16192K) Class: 2660K(2752K)->2660K(2752K)
[286.012s][info][gc             ] GC(974) Pause Young (Allocation Failure) 484M->367M(868M) 2.157ms
[286.012s][info][gc,cpu         ] GC(974) User=0.01s Sys=0.00s Real=0.00s
[286.143s][info][gc,start       ] GC(975) Pause Young (Allocation Failure)
[286.146s][info][gc,heap        ] GC(975) PSYoungGen: 120224K(221696K)->512K(212480K) Eden: 119808K(119808K)->0K(123392K) From: 416K(101888K)->512K(89088K)
[286.146s][info][gc,heap        ] GC(975) ParOldGen: 375965K(667648K)->375965K(667648K)
[286.146s][info][gc,metaspace   ] GC(975) Metaspace: 18757K(18944K)->18757K(18944K) NonClass: 16097K(16192K)->16097K(16192K) Class: 2660K(2752K)->2660K(2752K)
[286.146s][info][gc             ] GC(975) Pause Young (Allocation Failure) 484M->367M(859M) 2.843ms
[286.146s][info][gc,cpu         ] GC(975) User=0.00s Sys=0.00s Real=0.01s
[286.266s][info][gc,start       ] GC(976) Pause Young (Allocation Failure)
[286.281s][info][gc,heap        ] GC(976) PSYoungGen: 123904K(212480K)->12384K(136192K) Eden: 123392K(123392K)->0K(123392K) From: 512K(89088K)->12384K(12800K)
[286.282s][info][gc,heap        ] GC(976) ParOldGen: 375965K(667648K)->375965K(667648K)
[286.282s][info][gc,metaspace   ] GC(976) Metaspace: 18757K(18944K)->18757K(18944K) NonClass: 16097K(16192K)->16097K(16192K) Class: 2660K(2752K)->2660K(2752K)
[286.282s][info][gc             ] GC(976) Pause Young (Allocation Failure) 488M->379M(785M) 15.611ms
[286.282s][info][gc,cpu         ] GC(976) User=0.03s Sys=0.00s Real=0.02s
[286.380s][info][gc,start       ] GC(977) Pause Young (Allocation Failure)
[286.411s][info][gc,heap        ] GC(977) PSYoungGen: 135776K(136192K)->29408K(212992K) Eden: 123392K(123392K)->0K(129536K) From: 12384K(12800K)->29408K(83456K)
[286.411s][info][gc,heap        ] GC(977) ParOldGen: 375965K(667648K)->375965K(667648K)
[286.411s][info][gc,metaspace   ] GC(977) Metaspace: 18757K(18944K)->18757K(18944K) NonClass: 16097K(16192K)->16097K(16192K) Class: 2660K(2752K)->2660K(2752K)
[286.411s][info][gc             ] GC(977) Pause Young (Allocation Failure) 499M->395M(860M) 31.246ms
[286.411s][info][gc,cpu         ] GC(977) User=0.06s Sys=0.00s Real=0.03s
[286.522s][info][gc,start       ] GC(978) Pause Young (Allocation Failure)
[286.563s][info][gc,heap        ] GC(978) PSYoungGen: 158944K(212992K)->37696K(214528K) Eden: 129536K(129536K)->0K(129536K) From: 29408K(83456K)->37696K(84992K)
[286.563s][info][gc,heap        ] GC(978) ParOldGen: 375965K(667648K)->375965K(667648K)
[286.563s][info][gc,metaspace   ] GC(978) Metaspace: 18757K(18944K)->18757K(18944K) NonClass: 16097K(16192K)->16097K(16192K) Class: 2660K(2752K)->2660K(2752K)
[286.563s][info][gc             ] GC(978) Pause Young (Allocation Failure) 522M->403M(861M) 41.522ms
[286.563s][info][gc,cpu         ] GC(978) User=0.09s Sys=0.00s Real=0.04s
[286.649s][info][gc,start       ] GC(979) Pause Young (Allocation Failure)
[286.699s][info][gc,heap        ] GC(979) PSYoungGen: 167232K(214528K)->40800K(222208K) Eden: 129536K(129536K)->0K(137216K) From: 37696K(84992K)->40800K(84992K)
[286.699s][info][gc,heap        ] GC(979) ParOldGen: 375965K(667648K)->375965K(667648K)
[286.699s][info][gc,metaspace   ] GC(979) Metaspace: 18757K(18944K)->18757K(18944K) NonClass: 16097K(16192K)->16097K(16192K) Class: 2660K(2752K)->2660K(2752K)
[286.699s][info][gc             ] GC(979) Pause Young (Allocation Failure) 530M->406M(869M) 50.437ms
[286.699s][info][gc,cpu         ] GC(979) User=0.09s Sys=0.01s Real=0.05s
[286.839s][info][gc,start       ] GC(980) Pause Young (Allocation Failure)
[286.910s][info][gc,heap        ] GC(980) PSYoungGen: 178016K(222208K)->59723K(222720K) Eden: 137216K(137216K)->0K(137216K) From: 40800K(84992K)->59723K(85504K)
[286.910s][info][gc,heap        ] GC(980) ParOldGen: 375965K(667648K)->375965K(667648K)
[286.910s][info][gc,metaspace   ] GC(980) Metaspace: 18757K(18944K)->18757K(18944K) NonClass: 16097K(16192K)->16097K(16192K) Class: 2660K(2752K)->2660K(2752K)
[286.910s][info][gc             ] GC(980) Pause Young (Allocation Failure) 540M->425M(869M) 71.818ms
[286.911s][info][gc,cpu         ] GC(980) User=0.14s Sys=0.00s Real=0.07s
[287.030s][info][gc,start       ] GC(981) Pause Young (Allocation Failure)
[287.103s][info][gc,heap        ] GC(981) PSYoungGen: 196939K(222720K)->59755K(229888K) Eden: 137216K(137216K)->0K(137216K) From: 59723K(85504K)->59755K(92672K)
[287.103s][info][gc,heap        ] GC(981) ParOldGen: 375965K(667648K)->375965K(667648K)
[287.103s][info][gc,metaspace   ] GC(981) Metaspace: 18757K(18944K)->18757K(18944K) NonClass: 16097K(16192K)->16097K(16192K) Class: 2660K(2752K)->2660K(2752K)
[287.103s][info][gc             ] GC(981) Pause Young (Allocation Failure) 559M->425M(876M) 72.671ms
[287.103s][info][gc,cpu         ] GC(981) User=0.14s Sys=0.00s Real=0.07s
[287.242s][info][gc,start       ] GC(982) Pause Young (Allocation Failure)
[287.321s][info][gc,heap        ] GC(982) PSYoungGen: 196971K(229888K)->68395K(205824K) Eden: 137216K(137216K)->0K(137216K) From: 59755K(92672K)->68395K(68608K)
[287.321s][info][gc,heap        ] GC(982) ParOldGen: 375965K(667648K)->375965K(667648K)
[287.321s][info][gc,metaspace   ] GC(982) Metaspace: 18757K(18944K)->18757K(18944K) NonClass: 16097K(16192K)->16097K(16192K) Class: 2660K(2752K)->2660K(2752K)
[287.321s][info][gc             ] GC(982) Pause Young (Allocation Failure) 559M->433M(853M) 78.303ms
[287.321s][info][gc,cpu         ] GC(982) User=0.15s Sys=0.00s Real=0.08s
[287.461s][info][gc,start       ] GC(983) Pause Young (Allocation Failure)
[287.560s][info][gc,heap        ] GC(983) PSYoungGen: 205611K(205824K)->83275K(217088K) Eden: 137216K(137216K)->0K(111616K) From: 68395K(68608K)->83275K(105472K)
[287.560s][info][gc,heap        ] GC(983) ParOldGen: 375965K(667648K)->375965K(667648K)
[287.560s][info][gc,metaspace   ] GC(983) Metaspace: 18757K(18944K)->18757K(18944K) NonClass: 16097K(16192K)->16097K(16192K) Class: 2660K(2752K)->2660K(2752K)
[287.560s][info][gc             ] GC(983) Pause Young (Allocation Failure) 567M->448M(864M) 99.000ms
[287.560s][info][gc,cpu         ] GC(983) User=0.19s Sys=0.00s Real=0.10s
[287.783s][info][gc,start       ] GC(984) Pause Young (Allocation Failure)
[287.874s][info][gc,heap        ] GC(984) PSYoungGen: 194891K(217088K)->83307K(222720K) Eden: 111616K(111616K)->0K(111616K) From: 83275K(105472K)->83307K(111104K)
[287.874s][info][gc,heap        ] GC(984) ParOldGen: 375965K(667648K)->375965K(667648K)
[287.874s][info][gc,metaspace   ] GC(984) Metaspace: 18757K(18944K)->18757K(18944K) NonClass: 16097K(16192K)->16097K(16192K) Class: 2660K(2752K)->2660K(2752K)
[287.874s][info][gc             ] GC(984) Pause Young (Allocation Failure) 557M->448M(869M) 91.279ms
[287.874s][info][gc,cpu         ] GC(984) User=0.18s Sys=0.00s Real=0.09s
[288.085s][info][gc,start       ] GC(985) Pause Young (Allocation Failure)
[288.177s][info][gc,heap        ] GC(985) PSYoungGen: 194923K(222720K)->83164K(222720K) Eden: 111616K(111616K)->0K(111616K) From: 83307K(111104K)->83164K(111104K)
[288.178s][info][gc,heap        ] GC(985) ParOldGen: 375965K(667648K)->376189K(667648K)
[288.178s][info][gc,metaspace   ] GC(985) Metaspace: 18757K(18944K)->18757K(18944K) NonClass: 16097K(16192K)->16097K(16192K) Class: 2660K(2752K)->2660K(2752K)
[288.178s][info][gc             ] GC(985) Pause Young (Allocation Failure) 557M->448M(869M) 92.895ms
[288.178s][info][gc,cpu         ] GC(985) User=0.19s Sys=0.00s Real=0.10s
[288.368s][info][gc,start       ] GC(986) Pause Young (Allocation Failure)
[288.475s][info][gc,heap        ] GC(986) PSYoungGen: 194780K(222720K)->83020K(222720K) Eden: 111616K(111616K)->0K(111616K) From: 83164K(111104K)->83020K(111104K)
[288.475s][info][gc,heap        ] GC(986) ParOldGen: 376189K(667648K)->376341K(667648K)
[288.475s][info][gc,metaspace   ] GC(986) Metaspace: 18757K(18944K)->18757K(18944K) NonClass: 16097K(16192K)->16097K(16192K) Class: 2660K(2752K)->2660K(2752K)
[288.475s][info][gc             ] GC(986) Pause Young (Allocation Failure) 557M->448M(869M) 107.411ms
[288.475s][info][gc,cpu         ] GC(986) User=0.21s Sys=0.00s Real=0.10s
[288.677s][info][gc,start       ] GC(987) Pause Young (Allocation Failure)
[288.773s][info][gc,heap        ] GC(987) PSYoungGen: 194636K(222720K)->71036K(222720K) Eden: 111616K(111616K)->0K(111616K) From: 83020K(111104K)->71036K(111104K)
[288.773s][info][gc,heap        ] GC(987) ParOldGen: 376341K(667648K)->388365K(667648K)
[288.773s][info][gc,metaspace   ] GC(987) Metaspace: 18757K(18944K)->18757K(18944K) NonClass: 16097K(16192K)->16097K(16192K) Class: 2660K(2752K)->2660K(2752K)
[288.773s][info][gc             ] GC(987) Pause Young (Allocation Failure) 557M->448M(869M) 95.230ms
[288.773s][info][gc,cpu         ] GC(987) User=0.19s Sys=0.00s Real=0.09s
[288.932s][info][gc,start       ] GC(988) Pause Young (Allocation Failure)
[289.025s][info][gc,heap        ] GC(988) PSYoungGen: 182652K(222720K)->54635K(222720K) Eden: 111616K(111616K)->0K(111616K) From: 71036K(111104K)->54635K(111104K)
[289.025s][info][gc,heap        ] GC(988) ParOldGen: 388365K(667648K)->413749K(667648K)
[289.025s][info][gc,metaspace   ] GC(988) Metaspace: 18757K(18944K)->18757K(18944K) NonClass: 16097K(16192K)->16097K(16192K) Class: 2660K(2752K)->2660K(2752K)
[289.025s][info][gc             ] GC(988) Pause Young (Allocation Failure) 557M->457M(869M) 92.958ms
[289.025s][info][gc,cpu         ] GC(988) User=0.19s Sys=0.00s Real=0.09s
[289.153s][info][gc,start       ] GC(989) Pause Young (Allocation Failure)
[289.237s][info][gc,heap        ] GC(989) PSYoungGen: 166251K(222720K)->49776K(222720K) Eden: 111616K(111616K)->0K(111616K) From: 54635K(111104K)->49776K(111104K)
[289.237s][info][gc,heap        ] GC(989) ParOldGen: 413749K(667648K)->435805K(667648K)
[289.237s][info][gc,metaspace   ] GC(989) Metaspace: 18757K(18944K)->18757K(18944K) NonClass: 16097K(16192K)->16097K(16192K) Class: 2660K(2752K)->2660K(2752K)
[289.237s][info][gc             ] GC(989) Pause Young (Allocation Failure) 566M->474M(869M) 84.301ms
[289.237s][info][gc,cpu         ] GC(989) User=0.17s Sys=0.00s Real=0.09s
[289.375s][info][gc,start       ] GC(990) Pause Young (Allocation Failure)
[289.439s][info][gc,heap        ] GC(990) PSYoungGen: 161392K(222720K)->56000K(222720K) Eden: 111616K(111616K)->0K(111616K) From: 49776K(111104K)->56000K(111104K)
[289.439s][info][gc,heap        ] GC(990) ParOldGen: 435805K(667648K)->444509K(667648K)
[289.439s][info][gc,metaspace   ] GC(990) Metaspace: 18757K(18944K)->18757K(18944K) NonClass: 16097K(16192K)->16097K(16192K) Class: 2660K(2752K)->2660K(2752K)
[289.439s][info][gc             ] GC(990) Pause Young (Allocation Failure) 583M->488M(869M) 64.601ms
[289.440s][info][gc,cpu         ] GC(990) User=0.13s Sys=0.00s Real=0.07s
[289.533s][info][gc,start       ] GC(991) Pause Young (Allocation Failure)
[289.590s][info][gc,heap        ] GC(991) PSYoungGen: 167616K(222720K)->41760K(222720K) Eden: 111616K(111616K)->0K(111616K) From: 56000K(111104K)->41760K(111104K)
[289.590s][info][gc,heap        ] GC(991) ParOldGen: 444509K(667648K)->459470K(667648K)
[289.590s][info][gc,metaspace   ] GC(991) Metaspace: 18757K(18944K)->18757K(18944K) NonClass: 16097K(16192K)->16097K(16192K) Class: 2660K(2752K)->2660K(2752K)
[289.590s][info][gc             ] GC(991) Pause Young (Allocation Failure) 597M->489M(869M) 57.119ms
[289.590s][info][gc,cpu         ] GC(991) User=0.12s Sys=0.00s Real=0.06s
[289.717s][info][gc,start       ] GC(992) Pause Young (Allocation Failure)
[289.760s][info][gc,heap        ] GC(992) PSYoungGen: 153376K(222720K)->43520K(155136K) Eden: 111616K(111616K)->0K(111616K) From: 41760K(111104K)->43520K(43520K)
[289.760s][info][gc,heap        ] GC(992) ParOldGen: 459470K(667648K)->459494K(667648K)
[289.760s][info][gc,metaspace   ] GC(992) Metaspace: 18757K(18944K)->18757K(18944K) NonClass: 16097K(16192K)->16097K(16192K) Class: 2660K(2752K)->2660K(2752K)
[289.760s][info][gc             ] GC(992) Pause Young (Allocation Failure) 598M->491M(803M) 43.057ms
[289.760s][info][gc,cpu         ] GC(992) User=0.08s Sys=0.00s Real=0.04s
[289.879s][info][gc,start       ] GC(993) Pause Young (Allocation Failure)
[289.926s][info][gc,heap        ] GC(993) PSYoungGen: 155136K(155136K)->47808K(222720K) Eden: 111616K(111616K)->0K(116224K) From: 43520K(43520K)->47808K(106496K)
[289.926s][info][gc,heap        ] GC(993) ParOldGen: 459494K(667648K)->459494K(667648K)
[289.926s][info][gc,metaspace   ] GC(993) Metaspace: 18757K(18944K)->18757K(18944K) NonClass: 16097K(16192K)->16097K(16192K) Class: 2660K(2752K)->2660K(2752K)
[289.926s][info][gc             ] GC(993) Pause Young (Allocation Failure) 600M->495M(869M) 47.243ms
[289.926s][info][gc,cpu         ] GC(993) User=0.09s Sys=0.00s Real=0.04s
[290.031s][info][gc,start       ] GC(994) Pause Young (Allocation Failure)
[290.088s][info][gc,heap        ] GC(994) PSYoungGen: 164032K(222720K)->47808K(218112K) Eden: 116224K(116224K)->0K(116224K) From: 47808K(106496K)->47808K(101888K)
[290.088s][info][gc,heap        ] GC(994) ParOldGen: 459494K(667648K)->459494K(667648K)
[290.088s][info][gc,metaspace   ] GC(994) Metaspace: 18757K(18944K)->18757K(18944K) NonClass: 16097K(16192K)->16097K(16192K) Class: 2660K(2752K)->2660K(2752K)
[290.088s][info][gc             ] GC(994) Pause Young (Allocation Failure) 608M->495M(865M) 56.926ms
[290.088s][info][gc,cpu         ] GC(994) User=0.11s Sys=0.00s Real=0.06s
[290.210s][info][gc,start       ] GC(995) Pause Young (Allocation Failure)
[290.263s][info][gc,heap        ] GC(995) PSYoungGen: 164032K(218112K)->54336K(219648K) Eden: 116224K(116224K)->0K(127488K) From: 47808K(101888K)->54336K(92160K)
[290.263s][info][gc,heap        ] GC(995) ParOldGen: 459494K(667648K)->459494K(667648K)
[290.263s][info][gc,metaspace   ] GC(995) Metaspace: 18757K(18944K)->18757K(18944K) NonClass: 16097K(16192K)->16097K(16192K) Class: 2660K(2752K)->2660K(2752K)
[290.263s][info][gc             ] GC(995) Pause Young (Allocation Failure) 608M->501M(866M) 52.604ms
[290.263s][info][gc,cpu         ] GC(995) User=0.10s Sys=0.00s Real=0.05s
[290.426s][info][gc,start       ] GC(996) Pause Young (Allocation Failure)
[290.487s][info][gc,heap        ] GC(996) PSYoungGen: 181824K(219648K)->63136K(221184K) Eden: 127488K(127488K)->0K(127488K) From: 54336K(92160K)->63136K(93696K)
[290.487s][info][gc,heap        ] GC(996) ParOldGen: 459494K(667648K)->459494K(667648K)
[290.487s][info][gc,metaspace   ] GC(996) Metaspace: 18757K(18944K)->18757K(18944K) NonClass: 16097K(16192K)->16097K(16192K) Class: 2660K(2752K)->2660K(2752K)
[290.487s][info][gc             ] GC(996) Pause Young (Allocation Failure) 626M->510M(868M) 61.028ms
[290.487s][info][gc,cpu         ] GC(996) User=0.13s Sys=0.00s Real=0.06s
[290.847s][info][gc,start       ] GC(997) Pause Young (Allocation Failure)
[290.907s][info][gc,heap        ] GC(997) PSYoungGen: 190624K(221184K)->63200K(232448K) Eden: 127488K(127488K)->0K(138752K) From: 63136K(93696K)->63200K(93696K)
[290.907s][info][gc,heap        ] GC(997) ParOldGen: 459494K(667648K)->459494K(667648K)
[290.907s][info][gc,metaspace   ] GC(997) Metaspace: 18757K(18944K)->18757K(18944K) NonClass: 16097K(16192K)->16097K(16192K) Class: 2660K(2752K)->2660K(2752K)
[290.907s][info][gc             ] GC(997) Pause Young (Allocation Failure) 634M->510M(879M) 60.551ms
[290.907s][info][gc,cpu         ] GC(997) User=0.12s Sys=0.00s Real=0.06s
[291.266s][info][gc,start       ] GC(998) Pause Young (Allocation Failure)
[291.327s][info][gc,heap        ] GC(998) PSYoungGen: 201952K(232448K)->63504K(232960K) Eden: 138752K(138752K)->0K(138752K) From: 63200K(93696K)->63504K(94208K)
[291.327s][info][gc,heap        ] GC(998) ParOldGen: 459494K(667648K)->459494K(667648K)
[291.327s][info][gc,metaspace   ] GC(998) Metaspace: 18757K(18944K)->18757K(18944K) NonClass: 16097K(16192K)->16097K(16192K) Class: 2660K(2752K)->2660K(2752K)
[291.327s][info][gc             ] GC(998) Pause Young (Allocation Failure) 645M->510M(879M) 61.060ms
[291.327s][info][gc,cpu         ] GC(998) User=0.12s Sys=0.00s Real=0.07s
[291.540s][info][gc,start       ] GC(999) Pause Young (Allocation Failure)
[291.621s][info][gc,heap        ] GC(999) PSYoungGen: 202256K(232960K)->83184K(226816K) Eden: 138752K(138752K)->0K(133120K) From: 63504K(94208K)->83184K(93696K)
[291.621s][info][gc,heap        ] GC(999) ParOldGen: 459494K(667648K)->459494K(667648K)
[291.621s][info][gc,metaspace   ] GC(999) Metaspace: 18757K(18944K)->18757K(18944K) NonClass: 16097K(16192K)->16097K(16192K) Class: 2660K(2752K)->2660K(2752K)
[291.621s][info][gc             ] GC(999) Pause Young (Allocation Failure) 646M->529M(873M) 81.640ms
[291.621s][info][gc,cpu         ] GC(999) User=0.16s Sys=0.00s Real=0.08s
[291.693s][info][gc,start       ] GC(1000) Pause Young (Allocation Failure)
[291.811s][info][gc,heap        ] GC(1000) PSYoungGen: 216304K(226816K)->100336K(233472K) Eden: 133120K(133120K)->0K(133120K) From: 83184K(93696K)->100336K(100352K)
[291.811s][info][gc,heap        ] GC(1000) ParOldGen: 459494K(667648K)->491998K(667648K)
[291.811s][info][gc,metaspace   ] GC(1000) Metaspace: 18757K(18944K)->18757K(18944K) NonClass: 16097K(16192K)->16097K(16192K) Class: 2660K(2752K)->2660K(2752K)
[291.812s][info][gc             ] GC(1000) Pause Young (Allocation Failure) 659M->578M(880M) 118.817ms
[291.812s][info][gc,cpu         ] GC(1000) User=0.24s Sys=0.00s Real=0.12s
[291.880s][info][gc,start       ] GC(1001) Pause Young (Allocation Failure)
[292.022s][info][gc,heap        ] GC(1001) PSYoungGen: 233456K(233472K)->100320K(211968K) Eden: 133120K(133120K)->0K(111616K) From: 100336K(100352K)->100320K(100352K)
[292.022s][info][gc,heap        ] GC(1001) ParOldGen: 491998K(667648K)->537582K(667648K)
[292.022s][info][gc,metaspace   ] GC(1001) Metaspace: 18757K(18944K)->18757K(18944K) NonClass: 16097K(16192K)->16097K(16192K) Class: 2660K(2752K)->2660K(2752K)
[292.022s][info][gc             ] GC(1001) Pause Young (Allocation Failure) 708M->622M(859M) 142.167ms
[292.022s][info][gc,cpu         ] GC(1001) User=0.25s Sys=0.01s Real=0.14s
[292.288s][info][gc,start       ] GC(1002) Pause Young (Allocation Failure)
[292.418s][info][gc,heap        ] GC(1002) PSYoungGen: 211936K(211968K)->94672K(222720K) Eden: 111616K(111616K)->0K(111616K) From: 100320K(100352K)->94672K(111104K)
[292.418s][info][gc,heap        ] GC(1002) ParOldGen: 537582K(667648K)->563726K(667648K)
[292.418s][info][gc,metaspace   ] GC(1002) Metaspace: 18757K(18944K)->18757K(18944K) NonClass: 16097K(16192K)->16097K(16192K) Class: 2660K(2752K)->2660K(2752K)
[292.418s][info][gc             ] GC(1002) Pause Young (Allocation Failure) 731M->642M(869M) 129.293ms
[292.418s][info][gc,cpu         ] GC(1002) User=0.26s Sys=0.00s Real=0.13s
[292.644s][info][gc,start       ] GC(1003) Pause Young (Allocation Failure)
[292.756s][info][gc,heap        ] GC(1003) PSYoungGen: 206288K(222720K)->86624K(222720K) Eden: 111616K(111616K)->0K(111616K) From: 94672K(111104K)->86624K(111104K)
[292.756s][info][gc,heap        ] GC(1003) ParOldGen: 563726K(667648K)->579326K(667648K)
[292.756s][info][gc,metaspace   ] GC(1003) Metaspace: 18757K(18944K)->18757K(18944K) NonClass: 16097K(16192K)->16097K(16192K) Class: 2660K(2752K)->2660K(2752K)
[292.756s][info][gc             ] GC(1003) Pause Young (Allocation Failure) 751M->650M(869M) 111.770ms
[292.756s][info][gc,cpu         ] GC(1003) User=0.22s Sys=0.00s Real=0.12s
[292.867s][info][gc,start       ] GC(1004) Pause Young (Allocation Failure)
[292.960s][info][gc,heap        ] GC(1004) PSYoungGen: 198240K(222720K)->90214K(222720K) Eden: 111616K(111616K)->0K(111616K) From: 86624K(111104K)->90214K(111104K)
[292.960s][info][gc,heap        ] GC(1004) ParOldGen: 579326K(667648K)->585406K(667648K)
[292.960s][info][gc,metaspace   ] GC(1004) Metaspace: 18757K(18944K)->18757K(18944K) NonClass: 16097K(16192K)->16097K(16192K) Class: 2660K(2752K)->2660K(2752K)
[292.960s][info][gc             ] GC(1004) Pause Young (Allocation Failure) 759M->659M(869M) 93.408ms
[292.960s][info][gc,cpu         ] GC(1004) User=0.18s Sys=0.00s Real=0.09s
[293.012s][info][gc,start       ] GC(1005) Pause Young (Allocation Failure)
[293.124s][info][gc,heap        ] GC(1005) PSYoungGen: 201830K(222720K)->111094K(222720K) Eden: 111616K(111616K)->0K(111616K) From: 90214K(111104K)->111094K(111104K)
[293.124s][info][gc,heap        ] GC(1005) ParOldGen: 585406K(667648K)->599142K(667648K)
[293.124s][info][gc,metaspace   ] GC(1005) Metaspace: 18757K(18944K)->18757K(18944K) NonClass: 16097K(16192K)->16097K(16192K) Class: 2660K(2752K)->2660K(2752K)
[293.124s][info][gc             ] GC(1005) Pause Young (Allocation Failure) 768M->693M(869M) 111.952ms
[293.124s][info][gc,cpu         ] GC(1005) User=0.23s Sys=0.00s Real=0.11s
[293.263s][info][gc,start       ] GC(1006) Pause Young (Allocation Failure)
[293.425s][info][gc,heap        ] GC(1006) PSYoungGen: 222710K(222720K)->111093K(222720K) Eden: 111616K(111616K)->0K(111616K) From: 111094K(111104K)->111093K(111104K)
[293.425s][info][gc,heap        ] GC(1006) ParOldGen: 599142K(667648K)->646078K(667648K)
[293.425s][info][gc,metaspace   ] GC(1006) Metaspace: 18757K(18944K)->18757K(18944K) NonClass: 16097K(16192K)->16097K(16192K) Class: 2660K(2752K)->2660K(2752K)
[293.425s][info][gc             ] GC(1006) Pause Young (Allocation Failure) 802M->739M(869M) 162.719ms
[293.425s][info][gc,cpu         ] GC(1006) User=0.33s Sys=0.00s Real=0.16s
[293.572s][info][gc,start       ] GC(1007) Pause Full (Allocation Failure)
[293.572s][info][gc,phases,start] GC(1007) Marking Phase
[293.874s][info][gc,phases      ] GC(1007) Marking Phase 301.727ms
[293.874s][info][gc,phases,start] GC(1007) Summary Phase
[293.874s][info][gc,phases      ] GC(1007) Summary Phase 0.041ms
[293.874s][info][gc,phases,start] GC(1007) Forward
[293.999s][info][gc,phases      ] GC(1007) Forward 124.518ms
[293.999s][info][gc,phases,start] GC(1007) Adjust Pointers
[294.259s][info][gc,phases      ] GC(1007) Adjust Pointers 259.991ms
[294.259s][info][gc,phases,start] GC(1007) Compaction Phase
[294.396s][info][gc,phases      ] GC(1007) Compaction Phase 136.870ms
[294.410s][info][gc,phases,start] GC(1007) Post Compact
[294.413s][info][gc,phases      ] GC(1007) Post Compact 2.528ms
[294.413s][info][gc,heap        ] GC(1007) PSYoungGen: 222709K(222720K)->0K(222720K) Eden: 111616K(111616K)->0K(111616K) From: 111093K(111104K)->0K(111104K)
[294.413s][info][gc,heap        ] GC(1007) ParOldGen: 646078K(667648K)->459622K(667648K)
[294.413s][info][gc,metaspace   ] GC(1007) Metaspace: 18757K(18944K)->18757K(18944K) NonClass: 16097K(16192K)->16097K(16192K) Class: 2660K(2752K)->2660K(2752K)
[294.413s][info][gc             ] GC(1007) Pause Full (Allocation Failure) 848M->448M(869M) 840.750ms
[294.413s][info][gc,cpu         ] GC(1007) User=1.56s Sys=0.00s Real=0.84s
[294.567s][info][gc,start       ] GC(1008) Pause Young (Allocation Failure)
[294.568s][info][gc,heap        ] GC(1008) PSYoungGen: 111616K(222720K)->64K(222720K) Eden: 111616K(111616K)->0K(111616K) From: 0K(111104K)->64K(111104K)
[294.568s][info][gc,heap        ] GC(1008) ParOldGen: 459622K(667648K)->459622K(667648K)
[294.568s][info][gc,metaspace   ] GC(1008) Metaspace: 18757K(18944K)->18757K(18944K) NonClass: 16097K(16192K)->16097K(16192K) Class: 2660K(2752K)->2660K(2752K)
[294.568s][info][gc             ] GC(1008) Pause Young (Allocation Failure) 557M->448M(869M) 1.645ms
[294.568s][info][gc,cpu         ] GC(1008) User=0.00s Sys=0.00s Real=0.00s
[294.723s][info][gc,start       ] GC(1009) Pause Young (Allocation Failure)
[294.725s][info][gc,heap        ] GC(1009) PSYoungGen: 111680K(222720K)->64K(222720K) Eden: 111616K(111616K)->0K(111616K) From: 64K(111104K)->64K(111104K)
[294.725s][info][gc,heap        ] GC(1009) ParOldGen: 459622K(667648K)->459622K(667648K)
[294.725s][info][gc,metaspace   ] GC(1009) Metaspace: 18757K(18944K)->18757K(18944K) NonClass: 16097K(16192K)->16097K(16192K) Class: 2660K(2752K)->2660K(2752K)
[294.725s][info][gc             ] GC(1009) Pause Young (Allocation Failure) 557M->448M(869M) 1.667ms
[294.725s][info][gc,cpu         ] GC(1009) User=0.00s Sys=0.01s Real=0.00s
[294.879s][info][gc,start       ] GC(1010) Pause Young (Allocation Failure)
[294.881s][info][gc,heap        ] GC(1010) PSYoungGen: 111680K(222720K)->64K(222720K) Eden: 111616K(111616K)->0K(111616K) From: 64K(111104K)->64K(111104K)
[294.881s][info][gc,heap        ] GC(1010) ParOldGen: 459622K(667648K)->459622K(667648K)
[294.881s][info][gc,metaspace   ] GC(1010) Metaspace: 18757K(18944K)->18757K(18944K) NonClass: 16097K(16192K)->16097K(16192K) Class: 2660K(2752K)->2660K(2752K)
[294.881s][info][gc             ] GC(1010) Pause Young (Allocation Failure) 557M->448M(869M) 1.653ms
[294.881s][info][gc,cpu         ] GC(1010) User=0.00s Sys=0.00s Real=0.00s
[295.031s][info][gc,start       ] GC(1011) Pause Young (Allocation Failure)
[295.032s][info][gc,heap        ] GC(1011) PSYoungGen: 111680K(222720K)->64K(222720K) Eden: 111616K(111616K)->0K(111616K) From: 64K(111104K)->64K(111104K)
[295.033s][info][gc,heap        ] GC(1011) ParOldGen: 459622K(667648K)->459622K(667648K)
[295.033s][info][gc,metaspace   ] GC(1011) Metaspace: 18757K(18944K)->18757K(18944K) NonClass: 16097K(16192K)->16097K(16192K) Class: 2660K(2752K)->2660K(2752K)
[295.033s][info][gc             ] GC(1011) Pause Young (Allocation Failure) 557M->448M(869M) 1.559ms
[295.033s][info][gc,cpu         ] GC(1011) User=0.00s Sys=0.00s Real=0.00s
[295.180s][info][gc,start       ] GC(1012) Pause Young (Allocation Failure)
[295.182s][info][gc,heap        ] GC(1012) PSYoungGen: 111680K(222720K)->64K(222720K) Eden: 111616K(111616K)->0K(111616K) From: 64K(111104K)->64K(111104K)
[295.182s][info][gc,heap        ] GC(1012) ParOldGen: 459622K(667648K)->459630K(667648K)
[295.182s][info][gc,metaspace   ] GC(1012) Metaspace: 18757K(18944K)->18757K(18944K) NonClass: 16097K(16192K)->16097K(16192K) Class: 2660K(2752K)->2660K(2752K)
[295.182s][info][gc             ] GC(1012) Pause Young (Allocation Failure) 557M->448M(869M) 1.577ms
[295.182s][info][gc,cpu         ] GC(1012) User=0.00s Sys=0.00s Real=0.00s
[295.330s][info][gc,start       ] GC(1013) Pause Young (Allocation Failure)
[295.331s][info][gc,heap        ] GC(1013) PSYoungGen: 111680K(222720K)->64K(222720K) Eden: 111616K(111616K)->0K(111616K) From: 64K(111104K)->64K(111104K)
[295.331s][info][gc,heap        ] GC(1013) ParOldGen: 459630K(667648K)->459630K(667648K)
[295.331s][info][gc,metaspace   ] GC(1013) Metaspace: 18757K(18944K)->18757K(18944K) NonClass: 16097K(16192K)->16097K(16192K) Class: 2660K(2752K)->2660K(2752K)
[295.331s][info][gc             ] GC(1013) Pause Young (Allocation Failure) 557M->448M(869M) 1.540ms
[295.331s][info][gc,cpu         ] GC(1013) User=0.00s Sys=0.00s Real=0.00s
[295.479s][info][gc,start       ] GC(1014) Pause Young (Allocation Failure)
[295.481s][info][gc,heap        ] GC(1014) PSYoungGen: 111680K(222720K)->64K(222720K) Eden: 111616K(111616K)->0K(111616K) From: 64K(111104K)->64K(111104K)
[295.481s][info][gc,heap        ] GC(1014) ParOldGen: 459630K(667648K)->459630K(667648K)
[295.481s][info][gc,metaspace   ] GC(1014) Metaspace: 18757K(18944K)->18757K(18944K) NonClass: 16097K(16192K)->16097K(16192K) Class: 2660K(2752K)->2660K(2752K)
[295.481s][info][gc             ] GC(1014) Pause Young (Allocation Failure) 557M->448M(869M) 1.537ms
[295.481s][info][gc,cpu         ] GC(1014) User=0.00s Sys=0.00s Real=0.00s
[295.630s][info][gc,start       ] GC(1015) Pause Young (Allocation Failure)
[295.631s][info][gc,heap        ] GC(1015) PSYoungGen: 111680K(222720K)->64K(222720K) Eden: 111616K(111616K)->0K(111616K) From: 64K(111104K)->64K(111104K)
[295.631s][info][gc,heap        ] GC(1015) ParOldGen: 459630K(667648K)->459630K(667648K)
[295.631s][info][gc,metaspace   ] GC(1015) Metaspace: 18757K(18944K)->18757K(18944K) NonClass: 16097K(16192K)->16097K(16192K) Class: 2660K(2752K)->2660K(2752K)
[295.631s][info][gc             ] GC(1015) Pause Young (Allocation Failure) 557M->448M(869M) 1.550ms
[295.631s][info][gc,cpu         ] GC(1015) User=0.00s Sys=0.00s Real=0.00s
[295.780s][info][gc,start       ] GC(1016) Pause Young (Allocation Failure)
[295.782s][info][gc,heap        ] GC(1016) PSYoungGen: 111680K(222720K)->64K(222720K) Eden: 111616K(111616K)->0K(111616K) From: 64K(111104K)->64K(111104K)
[295.782s][info][gc,heap        ] GC(1016) ParOldGen: 459630K(667648K)->459630K(667648K)
[295.782s][info][gc,metaspace   ] GC(1016) Metaspace: 18757K(18944K)->18757K(18944K) NonClass: 16097K(16192K)->16097K(16192K) Class: 2660K(2752K)->2660K(2752K)
[295.782s][info][gc             ] GC(1016) Pause Young (Allocation Failure) 557M->448M(869M) 1.560ms
[295.782s][info][gc,cpu         ] GC(1016) User=0.00s Sys=0.00s Real=0.00s
[295.913s][info][gc,start       ] GC(1017) Pause Young (Allocation Failure)
[295.927s][info][gc,heap        ] GC(1017) PSYoungGen: 111680K(222720K)->11136K(222720K) Eden: 111616K(111616K)->0K(111616K) From: 64K(111104K)->11136K(111104K)
[295.927s][info][gc,heap        ] GC(1017) ParOldGen: 459630K(667648K)->459630K(667648K)
[295.927s][info][gc,metaspace   ] GC(1017) Metaspace: 18757K(18944K)->18757K(18944K) NonClass: 16097K(16192K)->16097K(16192K) Class: 2660K(2752K)->2660K(2752K)
[295.927s][info][gc             ] GC(1017) Pause Young (Allocation Failure) 557M->459M(869M) 13.889ms
[295.927s][info][gc,cpu         ] GC(1017) User=0.03s Sys=0.00s Real=0.02s
[296.041s][info][gc,start       ] GC(1018) Pause Young (Allocation Failure)
[296.067s][info][gc,heap        ] GC(1018) PSYoungGen: 122752K(222720K)->13280K(222720K) Eden: 111616K(111616K)->0K(111616K) From: 11136K(111104K)->13280K(111104K)
[296.068s][info][gc,heap        ] GC(1018) ParOldGen: 459630K(667648K)->470782K(667648K)
[296.068s][info][gc,metaspace   ] GC(1018) Metaspace: 18757K(18944K)->18757K(18944K) NonClass: 16097K(16192K)->16097K(16192K) Class: 2660K(2752K)->2660K(2752K)
[296.068s][info][gc             ] GC(1018) Pause Young (Allocation Failure) 568M->472M(869M) 26.571ms
[296.068s][info][gc,cpu         ] GC(1018) User=0.05s Sys=0.00s Real=0.03s
[296.157s][info][gc,start       ] GC(1019) Pause Young (Allocation Failure)
[296.180s][info][gc,heap        ] GC(1019) PSYoungGen: 124896K(222720K)->6688K(222720K) Eden: 111616K(111616K)->0K(111616K) From: 13280K(111104K)->6688K(111104K)
[296.180s][info][gc,heap        ] GC(1019) ParOldGen: 470782K(667648K)->484054K(667648K)
[296.180s][info][gc,metaspace   ] GC(1019) Metaspace: 18757K(18944K)->18757K(18944K) NonClass: 16097K(16192K)->16097K(16192K) Class: 2660K(2752K)->2660K(2752K)
[296.180s][info][gc             ] GC(1019) Pause Young (Allocation Failure) 581M->479M(869M) 22.945ms
[296.180s][info][gc,cpu         ] GC(1019) User=0.04s Sys=0.00s Real=0.02s
[296.282s][info][gc,start       ] GC(1020) Pause Young (Allocation Failure)
[296.294s][info][gc,heap        ] GC(1020) PSYoungGen: 118304K(222720K)->384K(222720K) Eden: 111616K(111616K)->0K(111616K) From: 6688K(111104K)->384K(111104K)
[296.294s][info][gc,heap        ] GC(1020) ParOldGen: 484054K(667648K)->490734K(667648K)
[296.294s][info][gc,metaspace   ] GC(1020) Metaspace: 18757K(18944K)->18757K(18944K) NonClass: 16097K(16192K)->16097K(16192K) Class: 2660K(2752K)->2660K(2752K)
[296.294s][info][gc             ] GC(1020) Pause Young (Allocation Failure) 588M->479M(869M) 12.406ms
[296.294s][info][gc,cpu         ] GC(1020) User=0.02s Sys=0.00s Real=0.01s
[296.398s][info][gc,start       ] GC(1021) Pause Young (Allocation Failure)
[296.403s][info][gc,heap        ] GC(1021) PSYoungGen: 112000K(222720K)->1440K(222720K) Eden: 111616K(111616K)->0K(111616K) From: 384K(111104K)->1440K(111104K)
[296.403s][info][gc,heap        ] GC(1021) ParOldGen: 490734K(667648K)->491118K(667648K)
[296.403s][info][gc,metaspace   ] GC(1021) Metaspace: 18757K(18944K)->18757K(18944K) NonClass: 16097K(16192K)->16097K(16192K) Class: 2660K(2752K)->2660K(2752K)
[296.403s][info][gc             ] GC(1021) Pause Young (Allocation Failure) 588M->481M(869M) 4.853ms
[296.403s][info][gc,cpu         ] GC(1021) User=0.01s Sys=0.00s Real=0.00s
[296.530s][info][gc,start       ] GC(1022) Pause Young (Allocation Failure)
[296.540s][info][gc,heap        ] GC(1022) PSYoungGen: 113056K(222720K)->7104K(222720K) Eden: 111616K(111616K)->0K(111616K) From: 1440K(111104K)->7104K(111104K)
[296.540s][info][gc,heap        ] GC(1022) ParOldGen: 491118K(667648K)->492534K(667648K)
[296.540s][info][gc,metaspace   ] GC(1022) Metaspace: 18757K(18944K)->18757K(18944K) NonClass: 16097K(16192K)->16097K(16192K) Class: 2660K(2752K)->2660K(2752K)
[296.540s][info][gc             ] GC(1022) Pause Young (Allocation Failure) 590M->487M(869M) 10.756ms
[296.540s][info][gc,cpu         ] GC(1022) User=0.02s Sys=0.00s Real=0.01s
[296.734s][info][gc,start       ] GC(1023) Pause Young (Allocation Failure)
[296.745s][info][gc,heap        ] GC(1023) PSYoungGen: 118720K(222720K)->1120K(222720K) Eden: 111616K(111616K)->0K(111616K) From: 7104K(111104K)->1120K(111104K)
[296.745s][info][gc,heap        ] GC(1023) ParOldGen: 492534K(667648K)->499605K(667648K)
[296.745s][info][gc,metaspace   ] GC(1023) Metaspace: 18757K(18944K)->18757K(18944K) NonClass: 16097K(16192K)->16097K(16192K) Class: 2660K(2752K)->2660K(2752K)
[296.745s][info][gc             ] GC(1023) Pause Young (Allocation Failure) 596M->488M(869M) 10.606ms
[296.745s][info][gc,cpu         ] GC(1023) User=0.02s Sys=0.00s Real=0.01s
[296.960s][info][gc,start       ] GC(1024) Pause Young (Allocation Failure)
[296.964s][info][gc,heap        ] GC(1024) PSYoungGen: 112736K(222720K)->1216K(113152K) Eden: 111616K(111616K)->0K(111616K) From: 1120K(111104K)->1216K(1536K)
[296.964s][info][gc,heap        ] GC(1024) ParOldGen: 499605K(667648K)->499605K(667648K)
[296.964s][info][gc,metaspace   ] GC(1024) Metaspace: 18757K(18944K)->18757K(18944K) NonClass: 16097K(16192K)->16097K(16192K) Class: 2660K(2752K)->2660K(2752K)
[296.964s][info][gc             ] GC(1024) Pause Young (Allocation Failure) 597M->489M(762M) 4.103ms
[296.964s][info][gc,cpu         ] GC(1024) User=0.01s Sys=0.00s Real=0.00s
[297.183s][info][gc,start       ] GC(1025) Pause Young (Allocation Failure)
[297.187s][info][gc,heap        ] GC(1025) PSYoungGen: 112832K(113152K)->1248K(212480K) Eden: 111616K(111616K)->0K(115200K) From: 1216K(1536K)->1248K(97280K)
[297.187s][info][gc,heap        ] GC(1025) ParOldGen: 499605K(667648K)->499605K(667648K)
[297.187s][info][gc,metaspace   ] GC(1025) Metaspace: 18757K(18944K)->18757K(18944K) NonClass: 16097K(16192K)->16097K(16192K) Class: 2660K(2752K)->2660K(2752K)
[297.187s][info][gc             ] GC(1025) Pause Young (Allocation Failure) 598M->489M(859M) 3.941ms
[297.187s][info][gc,cpu         ] GC(1025) User=0.00s Sys=0.00s Real=0.01s
[297.392s][info][gc,start       ] GC(1026) Pause Young (Allocation Failure)
[297.397s][info][gc,heap        ] GC(1026) PSYoungGen: 116448K(212480K)->1280K(116736K) Eden: 115200K(115200K)->0K(115200K) From: 1248K(97280K)->1280K(1536K)
[297.397s][info][gc,heap        ] GC(1026) ParOldGen: 499605K(667648K)->499605K(667648K)
[297.397s][info][gc,metaspace   ] GC(1026) Metaspace: 18757K(18944K)->18757K(18944K) NonClass: 16097K(16192K)->16097K(16192K) Class: 2660K(2752K)->2660K(2752K)
[297.397s][info][gc             ] GC(1026) Pause Young (Allocation Failure) 601M->489M(766M) 4.891ms
[297.397s][info][gc,cpu         ] GC(1026) User=0.01s Sys=0.00s Real=0.01s
[297.620s][info][gc,start       ] GC(1027) Pause Young (Allocation Failure)
[297.624s][info][gc,heap        ] GC(1027) PSYoungGen: 116480K(116736K)->1280K(199168K) Eden: 115200K(115200K)->0K(117760K) From: 1280K(1536K)->1280K(81408K)
[297.624s][info][gc,heap        ] GC(1027) ParOldGen: 499605K(667648K)->499605K(667648K)
[297.624s][info][gc,metaspace   ] GC(1027) Metaspace: 18757K(18944K)->18757K(18944K) NonClass: 16097K(16192K)->16097K(16192K) Class: 2660K(2752K)->2660K(2752K)
[297.624s][info][gc             ] GC(1027) Pause Young (Allocation Failure) 601M->489M(846M) 4.168ms
[297.624s][info][gc,cpu         ] GC(1027) User=0.01s Sys=0.00s Real=0.00s
[297.759s][info][gc,start       ] GC(1028) Pause Young (Allocation Failure)
[297.777s][info][gc,heap        ] GC(1028) PSYoungGen: 119040K(199168K)->14336K(132096K) Eden: 117760K(117760K)->0K(117760K) From: 1280K(81408K)->14336K(14336K)
[297.777s][info][gc,heap        ] GC(1028) ParOldGen: 499605K(667648K)->499605K(667648K)
[297.777s][info][gc,metaspace   ] GC(1028) Metaspace: 18757K(18944K)->18757K(18944K) NonClass: 16097K(16192K)->16097K(16192K) Class: 2660K(2752K)->2660K(2752K)
[297.777s][info][gc             ] GC(1028) Pause Young (Allocation Failure) 604M->501M(781M) 17.739ms
[297.777s][info][gc,cpu         ] GC(1028) User=0.03s Sys=0.00s Real=0.02s
[297.920s][info][gc,start       ] GC(1029) Pause Young (Allocation Failure)
[297.941s][info][gc,heap        ] GC(1029) PSYoungGen: 132096K(132096K)->20608K(196608K) Eden: 117760K(117760K)->0K(122880K) From: 14336K(14336K)->20608K(73728K)
[297.941s][info][gc,heap        ] GC(1029) ParOldGen: 499605K(667648K)->499605K(667648K)
[297.941s][info][gc,metaspace   ] GC(1029) Metaspace: 18757K(18944K)->18757K(18944K) NonClass: 16097K(16192K)->16097K(16192K) Class: 2660K(2752K)->2660K(2752K)
[297.941s][info][gc             ] GC(1029) Pause Young (Allocation Failure) 616M->508M(844M) 21.224ms
[297.941s][info][gc,cpu         ] GC(1029) User=0.04s Sys=0.00s Real=0.02s
[298.014s][info][gc,start       ] GC(1030) Pause Young (Allocation Failure)
[298.065s][info][gc,heap        ] GC(1030) PSYoungGen: 143488K(196608K)->61216K(199680K) Eden: 122880K(122880K)->0K(122880K) From: 20608K(73728K)->61216K(76800K)
[298.065s][info][gc,heap        ] GC(1030) ParOldGen: 499605K(667648K)->499605K(667648K)
[298.065s][info][gc,metaspace   ] GC(1030) Metaspace: 18757K(18944K)->18757K(18944K) NonClass: 16097K(16192K)->16097K(16192K) Class: 2660K(2752K)->2660K(2752K)
[298.065s][info][gc             ] GC(1030) Pause Young (Allocation Failure) 628M->547M(847M) 51.601ms
[298.065s][info][gc,cpu         ] GC(1030) User=0.10s Sys=0.00s Real=0.05s
[298.267s][info][gc,start       ] GC(1031) Pause Young (Allocation Failure)
[298.328s][info][gc,heap        ] GC(1031) PSYoungGen: 184096K(199680K)->70112K(207872K) Eden: 122880K(122880K)->0K(119808K) From: 61216K(76800K)->70112K(88064K)
[298.328s][info][gc,heap        ] GC(1031) ParOldGen: 499605K(667648K)->499605K(667648K)
[298.328s][info][gc,metaspace   ] GC(1031) Metaspace: 18757K(18944K)->18757K(18944K) NonClass: 16097K(16192K)->16097K(16192K) Class: 2660K(2752K)->2660K(2752K)
[298.328s][info][gc             ] GC(1031) Pause Young (Allocation Failure) 667M->556M(855M) 60.908ms
[298.328s][info][gc,cpu         ] GC(1031) User=0.10s Sys=0.01s Real=0.06s
[298.496s][info][gc,start       ] GC(1032) Pause Young (Allocation Failure)
[298.567s][info][gc,heap        ] GC(1032) PSYoungGen: 189920K(207872K)->81168K(219648K) Eden: 119808K(119808K)->0K(119808K) From: 70112K(88064K)->81168K(99840K)
[298.567s][info][gc,heap        ] GC(1032) ParOldGen: 499605K(667648K)->499605K(667648K)
[298.567s][info][gc,metaspace   ] GC(1032) Metaspace: 18757K(18944K)->18757K(18944K) NonClass: 16097K(16192K)->16097K(16192K) Class: 2660K(2752K)->2660K(2752K)
[298.567s][info][gc             ] GC(1032) Pause Young (Allocation Failure) 673M->567M(866M) 71.115ms
[298.567s][info][gc,cpu         ] GC(1032) User=0.14s Sys=0.00s Real=0.08s
[298.751s][info][gc,start       ] GC(1033) Pause Young (Allocation Failure)
[298.833s][info][gc,heap        ] GC(1033) PSYoungGen: 200976K(219648K)->79952K(222720K) Eden: 119808K(119808K)->0K(111616K) From: 81168K(99840K)->79952K(111104K)
[298.833s][info][gc,heap        ] GC(1033) ParOldGen: 499605K(667648K)->500794K(667648K)
[298.833s][info][gc,metaspace   ] GC(1033) Metaspace: 18757K(18944K)->18757K(18944K) NonClass: 16097K(16192K)->16097K(16192K) Class: 2660K(2752K)->2660K(2752K)
[298.833s][info][gc             ] GC(1033) Pause Young (Allocation Failure) 684M->567M(869M) 81.765ms
[298.833s][info][gc,cpu         ] GC(1033) User=0.15s Sys=0.02s Real=0.08s
[298.993s][info][gc,start       ] GC(1034) Pause Young (Allocation Failure)
[299.068s][info][gc,heap        ] GC(1034) PSYoungGen: 191568K(222720K)->79920K(222720K) Eden: 111616K(111616K)->0K(111616K) From: 79952K(111104K)->79920K(111104K)
[299.068s][info][gc,heap        ] GC(1034) ParOldGen: 500794K(667648K)->500850K(667648K)
[299.068s][info][gc,metaspace   ] GC(1034) Metaspace: 18757K(18944K)->18757K(18944K) NonClass: 16097K(16192K)->16097K(16192K) Class: 2660K(2752K)->2660K(2752K)
[299.068s][info][gc             ] GC(1034) Pause Young (Allocation Failure) 676M->567M(869M) 75.004ms
[299.068s][info][gc,cpu         ] GC(1034) User=0.15s Sys=0.00s Real=0.08s
[299.225s][info][gc,start       ] GC(1035) Pause Young (Allocation Failure)
[299.298s][info][gc,heap        ] GC(1035) PSYoungGen: 191536K(222720K)->66864K(222720K) Eden: 111616K(111616K)->0K(111616K) From: 79920K(111104K)->66864K(111104K)
[299.299s][info][gc,heap        ] GC(1035) ParOldGen: 500850K(667648K)->513962K(667648K)
[299.299s][info][gc,metaspace   ] GC(1035) Metaspace: 18757K(18944K)->18757K(18944K) NonClass: 16097K(16192K)->16097K(16192K) Class: 2660K(2752K)->2660K(2752K)
[299.299s][info][gc             ] GC(1035) Pause Young (Allocation Failure) 676M->567M(869M) 73.466ms
[299.299s][info][gc,cpu         ] GC(1035) User=0.14s Sys=0.00s Real=0.08s
[299.455s][info][gc,start       ] GC(1036) Pause Young (Allocation Failure)
[299.513s][info][gc,heap        ] GC(1036) PSYoungGen: 178480K(222720K)->19968K(222720K) Eden: 111616K(111616K)->0K(111616K) From: 66864K(111104K)->19968K(111104K)
[299.513s][info][gc,heap        ] GC(1036) ParOldGen: 513962K(667648K)->561477K(667648K)
[299.513s][info][gc,metaspace   ] GC(1036) Metaspace: 18757K(18944K)->18757K(18944K) NonClass: 16097K(16192K)->16097K(16192K) Class: 2660K(2752K)->2660K(2752K)
[299.513s][info][gc             ] GC(1036) Pause Young (Allocation Failure) 676M->567M(869M) 57.853ms
[299.513s][info][gc,cpu         ] GC(1036) User=0.11s Sys=0.00s Real=0.06s
[299.670s][info][gc,start       ] GC(1037) Pause Young (Allocation Failure)
[299.697s][info][gc,heap        ] GC(1037) PSYoungGen: 131584K(222720K)->32K(222720K) Eden: 111616K(111616K)->0K(111616K) From: 19968K(111104K)->32K(111104K)
[299.697s][info][gc,heap        ] GC(1037) ParOldGen: 561477K(667648K)->581497K(667648K)
[299.697s][info][gc,metaspace   ] GC(1037) Metaspace: 18757K(18944K)->18757K(18944K) NonClass: 16097K(16192K)->16097K(16192K) Class: 2660K(2752K)->2660K(2752K)
[299.697s][info][gc             ] GC(1037) Pause Young (Allocation Failure) 676M->567M(869M) 27.096ms
[299.697s][info][gc,cpu         ] GC(1037) User=0.06s Sys=0.00s Real=0.03s
[299.853s][info][gc,start       ] GC(1038) Pause Young (Allocation Failure)
[299.855s][info][gc,heap        ] GC(1038) PSYoungGen: 111648K(222720K)->64K(222720K) Eden: 111616K(111616K)->0K(111616K) From: 32K(111104K)->64K(111104K)
[299.855s][info][gc,heap        ] GC(1038) ParOldGen: 581497K(667648K)->581505K(667648K)
[299.855s][info][gc,metaspace   ] GC(1038) Metaspace: 18757K(18944K)->18757K(18944K) NonClass: 16097K(16192K)->16097K(16192K) Class: 2660K(2752K)->2660K(2752K)
[299.855s][info][gc             ] GC(1038) Pause Young (Allocation Failure) 676M->567M(869M) 1.962ms
[299.855s][info][gc,cpu         ] GC(1038) User=0.00s Sys=0.00s Real=0.00s
[300.007s][info][gc,start       ] GC(1039) Pause Young (Allocation Failure)
[300.009s][info][gc,heap        ] GC(1039) PSYoungGen: 111680K(222720K)->64K(222720K) Eden: 111616K(111616K)->0K(111616K) From: 64K(111104K)->64K(111104K)
[300.009s][info][gc,heap        ] GC(1039) ParOldGen: 581505K(667648K)->581505K(667648K)
[300.009s][info][gc,metaspace   ] GC(1039) Metaspace: 18757K(18944K)->18757K(18944K) NonClass: 16097K(16192K)->16097K(16192K) Class: 2660K(2752K)->2660K(2752K)
[300.009s][info][gc             ] GC(1039) Pause Young (Allocation Failure) 676M->567M(869M) 1.833ms
[300.009s][info][gc,cpu         ] GC(1039) User=0.00s Sys=0.00s Real=0.00s
[300.137s][info][gc,start       ] GC(1040) Pause Young (Allocation Failure)
[300.152s][info][gc,heap        ] GC(1040) PSYoungGen: 111680K(222720K)->11456K(222720K) Eden: 111616K(111616K)->0K(111616K) From: 64K(111104K)->11456K(111104K)
[300.152s][info][gc,heap        ] GC(1040) ParOldGen: 581505K(667648K)->581505K(667648K)
[300.152s][info][gc,metaspace   ] GC(1040) Metaspace: 18757K(18944K)->18757K(18944K) NonClass: 16097K(16192K)->16097K(16192K) Class: 2660K(2752K)->2660K(2752K)
[300.152s][info][gc             ] GC(1040) Pause Young (Allocation Failure) 676M->579M(869M) 14.632ms
[300.152s][info][gc,cpu         ] GC(1040) User=0.03s Sys=0.00s Real=0.01s
[300.239s][info][gc,start       ] GC(1041) Pause Young (Allocation Failure)
[300.285s][info][gc,heap        ] GC(1041) PSYoungGen: 123072K(222720K)->28448K(210432K) Eden: 111616K(111616K)->0K(111616K) From: 11456K(111104K)->28448K(98816K)
[300.285s][info][gc,heap        ] GC(1041) ParOldGen: 581505K(667648K)->592969K(667648K)
[300.285s][info][gc,metaspace   ] GC(1041) Metaspace: 18757K(18944K)->18757K(18944K) NonClass: 16097K(16192K)->16097K(16192K) Class: 2660K(2752K)->2660K(2752K)
[300.285s][info][gc             ] GC(1041) Pause Young (Allocation Failure) 688M->606M(857M) 45.529ms
[300.285s][info][gc,cpu         ] GC(1041) User=0.09s Sys=0.00s Real=0.04s
[300.362s][info][gc,start       ] GC(1042) Pause Young (Allocation Failure)
[300.406s][info][gc,heap        ] GC(1042) PSYoungGen: 140064K(210432K)->42688K(216576K) Eden: 111616K(111616K)->0K(111616K) From: 28448K(98816K)->42688K(104960K)
[300.406s][info][gc,heap        ] GC(1042) ParOldGen: 592969K(667648K)->592969K(667648K)
[300.406s][info][gc,metaspace   ] GC(1042) Metaspace: 18757K(18944K)->18757K(18944K) NonClass: 16097K(16192K)->16097K(16192K) Class: 2660K(2752K)->2660K(2752K)
[300.406s][info][gc             ] GC(1042) Pause Young (Allocation Failure) 715M->620M(863M) 44.687ms
[300.406s][info][gc,cpu         ] GC(1042) User=0.09s Sys=0.00s Real=0.05s
[300.479s][info][gc,start       ] GC(1043) Pause Young (Allocation Failure)
[300.539s][info][gc,heap        ] GC(1043) PSYoungGen: 154304K(216576K)->57024K(221696K) Eden: 111616K(111616K)->0K(118784K) From: 42688K(104960K)->57024K(102912K)
[300.539s][info][gc,heap        ] GC(1043) ParOldGen: 592969K(667648K)->592969K(667648K)
[300.539s][info][gc,metaspace   ] GC(1043) Metaspace: 18757K(18944K)->18757K(18944K) NonClass: 16097K(16192K)->16097K(16192K) Class: 2660K(2752K)->2660K(2752K)
[300.539s][info][gc             ] GC(1043) Pause Young (Allocation Failure) 729M->634M(868M) 59.954ms
[300.539s][info][gc,cpu         ] GC(1043) User=0.12s Sys=0.00s Real=0.06s
[300.631s][info][gc,start       ] GC(1044) Pause Young (Allocation Failure)
[300.712s][info][gc,heap        ] GC(1044) PSYoungGen: 175808K(221696K)->50176K(224768K) Eden: 118784K(118784K)->0K(118784K) From: 57024K(102912K)->50176K(105984K)
[300.712s][info][gc,heap        ] GC(1044) ParOldGen: 592969K(667648K)->621441K(667648K)
[300.712s][info][gc,metaspace   ] GC(1044) Metaspace: 18757K(18944K)->18757K(18944K) NonClass: 16097K(16192K)->16097K(16192K) Class: 2660K(2752K)->2660K(2752K)
[300.712s][info][gc             ] GC(1044) Pause Young (Allocation Failure) 750M->655M(871M) 81.364ms
[300.712s][info][gc,cpu         ] GC(1044) User=0.17s Sys=0.00s Real=0.08s
[300.808s][info][gc,start       ] GC(1045) Pause Young (Allocation Failure)
[300.861s][info][gc,heap        ] GC(1045) PSYoungGen: 168960K(224768K)->22176K(217088K) Eden: 118784K(118784K)->0K(122368K) From: 50176K(105984K)->22176K(94720K)
[300.861s][info][gc,heap        ] GC(1045) ParOldGen: 621441K(667648K)->650105K(667648K)
[300.861s][info][gc,metaspace   ] GC(1045) Metaspace: 18757K(18944K)->18757K(18944K) NonClass: 16097K(16192K)->16097K(16192K) Class: 2660K(2752K)->2660K(2752K)
[300.861s][info][gc             ] GC(1045) Pause Young (Allocation Failure) 771M->656M(864M) 53.243ms
[300.861s][info][gc,cpu         ] GC(1045) User=0.10s Sys=0.00s Real=0.05s
[300.937s][info][gc,start       ] GC(1046) Pause Full (Allocation Failure)
[300.937s][info][gc,phases,start] GC(1046) Marking Phase
[301.212s][info][gc,phases      ] GC(1046) Marking Phase 274.707ms
[301.212s][info][gc,phases,start] GC(1046) Summary Phase
[301.212s][info][gc,phases      ] GC(1046) Summary Phase 0.028ms
[301.212s][info][gc,phases,start] GC(1046) Forward
[301.314s][info][gc,phases      ] GC(1046) Forward 101.885ms
[301.314s][info][gc,phases,start] GC(1046) Adjust Pointers
[301.536s][info][gc,phases      ] GC(1046) Adjust Pointers 221.703ms
[301.536s][info][gc,phases,start] GC(1046) Compaction Phase
[301.659s][info][gc,phases      ] GC(1046) Compaction Phase 122.988ms
[301.667s][info][gc,phases,start] GC(1046) Post Compact
[301.669s][info][gc,phases      ] GC(1046) Post Compact 2.316ms
[301.669s][info][gc,heap        ] GC(1046) PSYoungGen: 144544K(217088K)->0K(222720K) Eden: 122368K(122368K)->0K(122368K) From: 22176K(94720K)->0K(100352K)
[301.669s][info][gc,heap        ] GC(1046) ParOldGen: 650105K(667648K)->395855K(667648K)
[301.669s][info][gc,metaspace   ] GC(1046) Metaspace: 18757K(18944K)->18757K(18944K) NonClass: 16097K(16192K)->16097K(16192K) Class: 2660K(2752K)->2660K(2752K)
[301.669s][info][gc             ] GC(1046) Pause Full (Allocation Failure) 776M->386M(869M) 732.028ms
[301.669s][info][gc,cpu         ] GC(1046) User=1.38s Sys=0.00s Real=0.73s
[301.737s][info][gc,start       ] GC(1047) Pause Young (Allocation Failure)
[301.748s][info][gc,heap        ] GC(1047) PSYoungGen: 122368K(222720K)->9792K(227328K) Eden: 122368K(122368K)->0K(133120K) From: 0K(100352K)->9792K(94208K)
[301.748s][info][gc,heap        ] GC(1047) ParOldGen: 395855K(667648K)->395855K(667648K)
[301.748s][info][gc,metaspace   ] GC(1047) Metaspace: 18757K(18944K)->18757K(18944K) NonClass: 16097K(16192K)->16097K(16192K) Class: 2660K(2752K)->2660K(2752K)
[301.748s][info][gc             ] GC(1047) Pause Young (Allocation Failure) 506M->396M(874M) 11.520ms
[301.748s][info][gc,cpu         ] GC(1047) User=0.03s Sys=0.00s Real=0.01s
[301.889s][info][gc,start       ] GC(1048) Pause Young (Allocation Failure)
[301.907s][info][gc,heap        ] GC(1048) PSYoungGen: 142912K(227328K)->640K(230400K) Eden: 133120K(133120K)->0K(133120K) From: 9792K(94208K)->640K(97280K)
[301.907s][info][gc,heap        ] GC(1048) ParOldGen: 395855K(667648K)->405619K(667648K)
[301.907s][info][gc,metaspace   ] GC(1048) Metaspace: 18757K(18944K)->18757K(18944K) NonClass: 16097K(16192K)->16097K(16192K) Class: 2660K(2752K)->2660K(2752K)
[301.907s][info][gc             ] GC(1048) Pause Young (Allocation Failure) 526M->396M(877M) 18.264ms
[301.907s][info][gc,cpu         ] GC(1048) User=0.03s Sys=0.00s Real=0.02s
[302.061s][info][gc,start       ] GC(1049) Pause Young (Allocation Failure)
[302.071s][info][gc,heap        ] GC(1049) PSYoungGen: 133760K(230400K)->1888K(229888K) Eden: 133120K(133120K)->0K(140800K) From: 640K(97280K)->1888K(89088K)
[302.071s][info][gc,heap        ] GC(1049) ParOldGen: 405619K(667648K)->405619K(667648K)
[302.071s][info][gc,metaspace   ] GC(1049) Metaspace: 18757K(18944K)->18757K(18944K) NonClass: 16097K(16192K)->16097K(16192K) Class: 2660K(2752K)->2660K(2752K)
[302.071s][info][gc             ] GC(1049) Pause Young (Allocation Failure) 526M->397M(876M) 9.967ms
[302.071s][info][gc,cpu         ] GC(1049) User=0.02s Sys=0.00s Real=0.01s
[302.225s][info][gc,start       ] GC(1050) Pause Young (Allocation Failure)
[302.235s][info][gc,heap        ] GC(1050) PSYoungGen: 142688K(229888K)->5312K(233984K) Eden: 140800K(140800K)->0K(140800K) From: 1888K(89088K)->5312K(93184K)
[302.235s][info][gc,heap        ] GC(1050) ParOldGen: 405619K(667648K)->405619K(667648K)
[302.235s][info][gc,metaspace   ] GC(1050) Metaspace: 18757K(18944K)->18757K(18944K) NonClass: 16097K(16192K)->16097K(16192K) Class: 2660K(2752K)->2660K(2752K)
[302.235s][info][gc             ] GC(1050) Pause Young (Allocation Failure) 535M->401M(880M) 10.431ms
[302.236s][info][gc,cpu         ] GC(1050) User=0.02s Sys=0.00s Real=0.01s
[302.389s][info][gc,start       ] GC(1051) Pause Young (Allocation Failure)
[302.397s][info][gc,heap        ] GC(1051) PSYoungGen: 146112K(233984K)->5344K(231936K) Eden: 140800K(140800K)->0K(150528K) From: 5312K(93184K)->5344K(81408K)
[302.397s][info][gc,heap        ] GC(1051) ParOldGen: 405619K(667648K)->405619K(667648K)
[302.397s][info][gc,metaspace   ] GC(1051) Metaspace: 18759K(18944K)->18759K(18944K) NonClass: 16099K(16192K)->16099K(16192K) Class: 2660K(2752K)->2660K(2752K)
[302.397s][info][gc             ] GC(1051) Pause Young (Allocation Failure) 538M->401M(878M) 7.879ms
[302.397s][info][gc,cpu         ] GC(1051) User=0.01s Sys=0.00s Real=0.01s
[302.633s][info][gc,start       ] GC(1052) Pause Young (Allocation Failure)
[302.656s][info][gc,heap        ] GC(1052) PSYoungGen: 155872K(231936K)->20960K(236544K) Eden: 150528K(150528K)->0K(150528K) From: 5344K(81408K)->20960K(86016K)
[302.656s][info][gc,heap        ] GC(1052) ParOldGen: 405619K(667648K)->405619K(667648K)
[302.656s][info][gc,metaspace   ] GC(1052) Metaspace: 18759K(18944K)->18759K(18944K) NonClass: 16099K(16192K)->16099K(16192K) Class: 2660K(2752K)->2660K(2752K)
[302.656s][info][gc             ] GC(1052) Pause Young (Allocation Failure) 548M->416M(883M) 23.413ms
[302.656s][info][gc,cpu         ] GC(1052) User=0.05s Sys=0.00s Real=0.02s
[302.902s][info][gc,start       ] GC(1053) Pause Young (Allocation Failure)
[302.958s][info][gc,heap        ] GC(1053) PSYoungGen: 171488K(236544K)->62376K(229888K) Eden: 150528K(150528K)->0K(150528K) From: 20960K(86016K)->62376K(79360K)
[302.958s][info][gc,heap        ] GC(1053) ParOldGen: 405619K(667648K)->405619K(667648K)
[302.958s][info][gc,metaspace   ] GC(1053) Metaspace: 18760K(18944K)->18760K(18944K) NonClass: 16099K(16192K)->16099K(16192K) Class: 2660K(2752K)->2660K(2752K)
[302.958s][info][gc             ] GC(1053) Pause Young (Allocation Failure) 563M->457M(876M) 56.176ms
[302.958s][info][gc,cpu         ] GC(1053) User=0.11s Sys=0.00s Real=0.06s
[303.025s][info][gc,start       ] GC(1054) Pause Young (Allocation Failure)
[303.111s][info][gc,heap        ] GC(1054) PSYoungGen: 212904K(229888K)->89056K(239616K) Eden: 150528K(150528K)->0K(150528K) From: 62376K(79360K)->89056K(89088K)
[303.111s][info][gc,heap        ] GC(1054) ParOldGen: 405619K(667648K)->422699K(667648K)
[303.111s][info][gc,metaspace   ] GC(1054) Metaspace: 18760K(18944K)->18760K(18944K) NonClass: 16099K(16192K)->16099K(16192K) Class: 2660K(2752K)->2660K(2752K)
[303.111s][info][gc             ] GC(1054) Pause Young (Allocation Failure) 604M->499M(886M) 85.853ms
[303.111s][info][gc,cpu         ] GC(1054) User=0.17s Sys=0.00s Real=0.09s
[303.303s][info][gc,start       ] GC(1055) Pause Young (Allocation Failure)
[303.397s][info][gc,heap        ] GC(1055) PSYoungGen: 239584K(239616K)->89144K(205824K) Eden: 150528K(150528K)->0K(111616K) From: 89056K(89088K)->89144K(94208K)
[303.397s][info][gc,heap        ] GC(1055) ParOldGen: 422699K(667648K)->424555K(667648K)
[303.397s][info][gc,metaspace   ] GC(1055) Metaspace: 18760K(18944K)->18760K(18944K) NonClass: 16099K(16192K)->16099K(16192K) Class: 2660K(2752K)->2660K(2752K)
[303.397s][info][gc             ] GC(1055) Pause Young (Allocation Failure) 646M->501M(853M) 94.187ms
[303.397s][info][gc,cpu         ] GC(1055) User=0.17s Sys=0.02s Real=0.10s
[303.540s][info][gc,start       ] GC(1056) Pause Young (Allocation Failure)
[303.619s][info][gc,heap        ] GC(1056) PSYoungGen: 200760K(205824K)->85760K(222720K) Eden: 111616K(111616K)->0K(111616K) From: 89144K(94208K)->85760K(111104K)
[303.619s][info][gc,heap        ] GC(1056) ParOldGen: 424555K(667648K)->428025K(667648K)
[303.619s][info][gc,metaspace   ] GC(1056) Metaspace: 18760K(18944K)->18760K(18944K) NonClass: 16099K(16192K)->16099K(16192K) Class: 2660K(2752K)->2660K(2752K)
[303.619s][info][gc             ] GC(1056) Pause Young (Allocation Failure) 610M->501M(869M) 78.846ms
[303.619s][info][gc,cpu         ] GC(1056) User=0.16s Sys=0.00s Real=0.08s
[303.819s][info][gc,start       ] GC(1057) Pause Young (Allocation Failure)
[303.895s][info][gc,heap        ] GC(1057) PSYoungGen: 197376K(222720K)->29120K(222720K) Eden: 111616K(111616K)->0K(111616K) From: 85760K(111104K)->29120K(111104K)
[303.895s][info][gc,heap        ] GC(1057) ParOldGen: 428025K(667648K)->485428K(667648K)
[303.896s][info][gc,metaspace   ] GC(1057) Metaspace: 18760K(18944K)->18760K(18944K) NonClass: 16099K(16192K)->16099K(16192K) Class: 2660K(2752K)->2660K(2752K)
[303.896s][info][gc             ] GC(1057) Pause Young (Allocation Failure) 610M->502M(869M) 76.115ms
[303.896s][info][gc,cpu         ] GC(1057) User=0.15s Sys=0.00s Real=0.07s
[304.088s][info][gc,start       ] GC(1058) Pause Young (Allocation Failure)
[304.120s][info][gc,heap        ] GC(1058) PSYoungGen: 140736K(222720K)->864K(222720K) Eden: 111616K(111616K)->0K(111616K) From: 29120K(111104K)->864K(111104K)
[304.120s][info][gc,heap        ] GC(1058) ParOldGen: 485428K(667648K)->514228K(667648K)
[304.120s][info][gc,metaspace   ] GC(1058) Metaspace: 18760K(18944K)->18760K(18944K) NonClass: 16099K(16192K)->16099K(16192K) Class: 2660K(2752K)->2660K(2752K)
[304.120s][info][gc             ] GC(1058) Pause Young (Allocation Failure) 611M->503M(869M) 32.014ms
[304.120s][info][gc,cpu         ] GC(1058) User=0.06s Sys=0.00s Real=0.03s
[304.237s][info][gc,start       ] GC(1059) Pause Young (Allocation Failure)
[304.243s][info][gc,heap        ] GC(1059) PSYoungGen: 112480K(222720K)->1568K(222720K) Eden: 111616K(111616K)->0K(111616K) From: 864K(111104K)->1568K(111104K)
[304.243s][info][gc,heap        ] GC(1059) ParOldGen: 514228K(667648K)->514708K(667648K)
[304.243s][info][gc,metaspace   ] GC(1059) Metaspace: 18760K(18944K)->18760K(18944K) NonClass: 16100K(16192K)->16100K(16192K) Class: 2660K(2752K)->2660K(2752K)
[304.243s][info][gc             ] GC(1059) Pause Young (Allocation Failure) 612M->504M(869M) 6.047ms
[304.243s][info][gc,cpu         ] GC(1059) User=0.01s Sys=0.00s Real=0.00s
[304.338s][info][gc,start       ] GC(1060) Pause Young (Allocation Failure)
[304.344s][info][gc,heap        ] GC(1060) PSYoungGen: 113184K(222720K)->768K(222720K) Eden: 111616K(111616K)->0K(111616K) From: 1568K(111104K)->768K(111104K)
[304.344s][info][gc,heap        ] GC(1060) ParOldGen: 514708K(667648K)->516260K(667648K)
[304.344s][info][gc,metaspace   ] GC(1060) Metaspace: 18760K(18944K)->18760K(18944K) NonClass: 16100K(16192K)->16100K(16192K) Class: 2660K(2752K)->2660K(2752K)
[304.344s][info][gc             ] GC(1060) Pause Young (Allocation Failure) 613M->504M(869M) 6.162ms
[304.344s][info][gc,cpu         ] GC(1060) User=0.01s Sys=0.00s Real=0.00s
[304.541s][info][gc,start       ] GC(1061) Pause Young (Allocation Failure)
[304.563s][info][gc,heap        ] GC(1061) PSYoungGen: 112384K(222720K)->7594K(222720K) Eden: 111616K(111616K)->0K(111616K) From: 768K(111104K)->7594K(111104K)
[304.563s][info][gc,heap        ] GC(1061) ParOldGen: 516260K(667648K)->516988K(667648K)
[304.563s][info][gc,metaspace   ] GC(1061) Metaspace: 18768K(19008K)->18768K(19008K) NonClass: 16107K(16256K)->16107K(16256K) Class: 2661K(2752K)->2661K(2752K)
[304.563s][info][gc             ] GC(1061) Pause Young (Allocation Failure) 613M->512M(869M) 21.985ms
[304.563s][info][gc,cpu         ] GC(1061) User=0.04s Sys=0.00s Real=0.02s
[304.786s][info][gc,start       ] GC(1062) Pause Young (Allocation Failure)
[304.824s][info][gc,heap        ] GC(1062) PSYoungGen: 119210K(222720K)->17632K(129536K) Eden: 111616K(111616K)->0K(111616K) From: 7594K(111104K)->17632K(17920K)
[304.824s][info][gc,heap        ] GC(1062) ParOldGen: 516988K(667648K)->524062K(667648K)
[304.824s][info][gc,metaspace   ] GC(1062) Metaspace: 18768K(19008K)->18768K(19008K) NonClass: 16107K(16256K)->16107K(16256K) Class: 2661K(2752K)->2661K(2752K)
[304.824s][info][gc             ] GC(1062) Pause Young (Allocation Failure) 621M->528M(778M) 37.181ms
[304.824s][info][gc,cpu         ] GC(1062) User=0.08s Sys=0.00s Real=0.03s
[304.965s][info][gc,start       ] GC(1063) Pause Young (Allocation Failure)
[305.004s][info][gc,heap        ] GC(1063) PSYoungGen: 129248K(129536K)->32768K(223232K) Eden: 111616K(111616K)->0K(117760K) From: 17632K(17920K)->32768K(105472K)
[305.004s][info][gc,heap        ] GC(1063) ParOldGen: 524062K(667648K)->524062K(667648K)
[305.004s][info][gc,metaspace   ] GC(1063) Metaspace: 18768K(19008K)->18768K(19008K) NonClass: 16107K(16256K)->16107K(16256K) Class: 2661K(2752K)->2661K(2752K)
[305.004s][info][gc             ] GC(1063) Pause Young (Allocation Failure) 637M->543M(870M) 38.792ms
[305.004s][info][gc,cpu         ] GC(1063) User=0.07s Sys=0.00s Real=0.04s
[305.128s][info][gc,start       ] GC(1064) Pause Young (Allocation Failure)
[305.176s][info][gc,heap        ] GC(1064) PSYoungGen: 150528K(223232K)->43744K(220160K) Eden: 117760K(117760K)->0K(117760K) From: 32768K(105472K)->43744K(102400K)
[305.176s][info][gc,heap        ] GC(1064) ParOldGen: 524062K(667648K)->524062K(667648K)
[305.176s][info][gc,metaspace   ] GC(1064) Metaspace: 18768K(19008K)->18768K(19008K) NonClass: 16107K(16256K)->16107K(16256K) Class: 2661K(2752K)->2661K(2752K)
[305.176s][info][gc             ] GC(1064) Pause Young (Allocation Failure) 658M->554M(867M) 48.033ms
[305.176s][info][gc,cpu         ] GC(1064) User=0.09s Sys=0.00s Real=0.04s
[305.308s][info][gc,start       ] GC(1065) Pause Young (Allocation Failure)
[305.359s][info][gc,heap        ] GC(1065) PSYoungGen: 161504K(220160K)->46112K(227840K) Eden: 117760K(117760K)->0K(126976K) From: 43744K(102400K)->46112K(100864K)
[305.359s][info][gc,heap        ] GC(1065) ParOldGen: 524062K(667648K)->524062K(667648K)
[305.359s][info][gc,metaspace   ] GC(1065) Metaspace: 18768K(19008K)->18768K(19008K) NonClass: 16107K(16256K)->16107K(16256K) Class: 2661K(2752K)->2661K(2752K)
[305.359s][info][gc             ] GC(1065) Pause Young (Allocation Failure) 669M->556M(874M) 50.375ms
[305.359s][info][gc,cpu         ] GC(1065) User=0.10s Sys=0.00s Real=0.05s
[305.508s][info][gc,start       ] GC(1066) Pause Young (Allocation Failure)
[305.563s][info][gc,heap        ] GC(1066) PSYoungGen: 173088K(227840K)->48992K(226816K) Eden: 126976K(126976K)->0K(126976K) From: 46112K(100864K)->48992K(99840K)
[305.563s][info][gc,heap        ] GC(1066) ParOldGen: 524062K(667648K)->524062K(667648K)
[305.563s][info][gc,metaspace   ] GC(1066) Metaspace: 18769K(19008K)->18769K(19008K) NonClass: 16108K(16256K)->16108K(16256K) Class: 2661K(2752K)->2661K(2752K)
[305.563s][info][gc             ] GC(1066) Pause Young (Allocation Failure) 680M->559M(873M) 55.082ms
[305.563s][info][gc,cpu         ] GC(1066) User=0.11s Sys=0.00s Real=0.05s
[305.665s][info][gc,start       ] GC(1067) Pause Young (Allocation Failure)
[305.719s][info][gc,heap        ] GC(1067) PSYoungGen: 175968K(226816K)->31488K(223232K) Eden: 126976K(126976K)->0K(134656K) From: 48992K(99840K)->31488K(88576K)
[305.719s][info][gc,heap        ] GC(1067) ParOldGen: 524062K(667648K)->541726K(667648K)
[305.719s][info][gc,metaspace   ] GC(1067) Metaspace: 18769K(19008K)->18769K(19008K) NonClass: 16108K(16256K)->16108K(16256K) Class: 2661K(2752K)->2661K(2752K)
[305.719s][info][gc             ] GC(1067) Pause Young (Allocation Failure) 683M->559M(870M) 53.529ms
[305.719s][info][gc,cpu         ] GC(1067) User=0.11s Sys=0.00s Real=0.06s
[305.799s][info][gc,start       ] GC(1068) Pause Young (Allocation Failure)
[305.832s][info][gc,heap        ] GC(1068) PSYoungGen: 166144K(223232K)->16416K(227840K) Eden: 134656K(134656K)->0K(134656K) From: 31488K(88576K)->16416K(93184K)
[305.832s][info][gc,heap        ] GC(1068) ParOldGen: 541726K(667648K)->556838K(667648K)
[305.832s][info][gc,metaspace   ] GC(1068) Metaspace: 18769K(19008K)->18769K(19008K) NonClass: 16108K(16256K)->16108K(16256K) Class: 2661K(2752K)->2661K(2752K)
[305.833s][info][gc             ] GC(1068) Pause Young (Allocation Failure) 691M->559M(874M) 33.722ms
[305.833s][info][gc,cpu         ] GC(1068) User=0.06s Sys=0.00s Real=0.03s
[306.060s][info][gc,start       ] GC(1069) Pause Young (Allocation Failure)
[306.086s][info][gc,heap        ] GC(1069) PSYoungGen: 151072K(227840K)->12832K(230912K) Eden: 134656K(134656K)->0K(147968K) From: 16416K(93184K)->12832K(82944K)
[306.086s][info][gc,heap        ] GC(1069) ParOldGen: 556838K(667648K)->567886K(667648K)
[306.086s][info][gc,metaspace   ] GC(1069) Metaspace: 18769K(19008K)->18769K(19008K) NonClass: 16108K(16256K)->16108K(16256K) Class: 2661K(2752K)->2661K(2752K)
[306.086s][info][gc             ] GC(1069) Pause Young (Allocation Failure) 691M->567M(877M) 26.684ms
[306.086s][info][gc,cpu         ] GC(1069) User=0.05s Sys=0.00s Real=0.03s
[306.427s][info][gc,start       ] GC(1070) Pause Young (Allocation Failure)
[306.443s][info][gc,heap        ] GC(1070) PSYoungGen: 160800K(230912K)->10656K(235008K) Eden: 147968K(147968K)->0K(147968K) From: 12832K(82944K)->10656K(87040K)
[306.443s][info][gc,heap        ] GC(1070) ParOldGen: 567886K(667648K)->570238K(667648K)
[306.443s][info][gc,metaspace   ] GC(1070) Metaspace: 18769K(19008K)->18769K(19008K) NonClass: 16108K(16256K)->16108K(16256K) Class: 2661K(2752K)->2661K(2752K)
[306.443s][info][gc             ] GC(1070) Pause Young (Allocation Failure) 711M->567M(881M) 16.182ms
[306.443s][info][gc,cpu         ] GC(1070) User=0.04s Sys=0.00s Real=0.01s
[306.688s][info][gc,start       ] GC(1071) Pause Young (Allocation Failure)
[306.722s][info][gc,heap        ] GC(1071) PSYoungGen: 158624K(235008K)->31968K(236032K) Eden: 147968K(147968K)->0K(160256K) From: 10656K(87040K)->31968K(75776K)
[306.722s][info][gc,heap        ] GC(1071) ParOldGen: 570238K(667648K)->570238K(667648K)
[306.722s][info][gc,metaspace   ] GC(1071) Metaspace: 18769K(19008K)->18769K(19008K) NonClass: 16108K(16256K)->16108K(16256K) Class: 2661K(2752K)->2661K(2752K)
[306.722s][info][gc             ] GC(1071) Pause Young (Allocation Failure) 711M->588M(882M) 34.292ms
[306.722s][info][gc,cpu         ] GC(1071) User=0.07s Sys=0.00s Real=0.03s
[306.948s][info][gc,start       ] GC(1072) Pause Young (Allocation Failure)
[306.984s][info][gc,heap        ] GC(1072) PSYoungGen: 192224K(236032K)->32040K(240640K) Eden: 160256K(160256K)->0K(160256K) From: 31968K(75776K)->32040K(80384K)
[306.984s][info][gc,heap        ] GC(1072) ParOldGen: 570238K(667648K)->570238K(667648K)
[306.984s][info][gc,metaspace   ] GC(1072) Metaspace: 18769K(19008K)->18769K(19008K) NonClass: 16108K(16256K)->16108K(16256K) Class: 2661K(2752K)->2661K(2752K)
[306.984s][info][gc             ] GC(1072) Pause Young (Allocation Failure) 744M->588M(887M) 35.806ms
[306.984s][info][gc,cpu         ] GC(1072) User=0.07s Sys=0.00s Real=0.03s
[308.042s][info][gc,start       ] GC(1073) Pause Young (Allocation Failure)
[308.076s][info][gc,heap        ] GC(1073) PSYoungGen: 192296K(240640K)->32429K(240640K) Eden: 160256K(160256K)->0K(171520K) From: 32040K(80384K)->32429K(69120K)
[308.076s][info][gc,heap        ] GC(1073) ParOldGen: 570238K(667648K)->570238K(667648K)
[308.076s][info][gc,metaspace   ] GC(1073) Metaspace: 18769K(19008K)->18769K(19008K) NonClass: 16108K(16256K)->16108K(16256K) Class: 2661K(2752K)->2661K(2752K)
[308.076s][info][gc             ] GC(1073) Pause Young (Allocation Failure) 744M->588M(887M) 34.091ms
[308.076s][info][gc,cpu         ] GC(1073) User=0.07s Sys=0.00s Real=0.03s
[308.990s][info][gc,start       ] GC(1074) Pause Young (Allocation Failure)
[309.028s][info][gc,heap        ] GC(1074) PSYoungGen: 203949K(240640K)->32909K(245248K) Eden: 171520K(171520K)->0K(171520K) From: 32429K(69120K)->32909K(73728K)
[309.028s][info][gc,heap        ] GC(1074) ParOldGen: 570238K(667648K)->570238K(667648K)
[309.028s][info][gc,metaspace   ] GC(1074) Metaspace: 18769K(19008K)->18769K(19008K) NonClass: 16108K(16256K)->16108K(16256K) Class: 2661K(2752K)->2661K(2752K)
[309.028s][info][gc             ] GC(1074) Pause Young (Allocation Failure) 756M->589M(891M) 38.202ms
[309.028s][info][gc,cpu         ] GC(1074) User=0.07s Sys=0.00s Real=0.04s
[309.781s][info][gc,start       ] GC(1075) Pause Young (Allocation Failure)
[309.818s][info][gc,heap        ] GC(1075) PSYoungGen: 204429K(245248K)->34205K(246272K) Eden: 171520K(171520K)->0K(180736K) From: 32909K(73728K)->34205K(65536K)
[309.818s][info][gc,heap        ] GC(1075) ParOldGen: 570238K(667648K)->570246K(667648K)
[309.818s][info][gc,metaspace   ] GC(1075) Metaspace: 18782K(19008K)->18782K(19008K) NonClass: 16121K(16256K)->16121K(16256K) Class: 2661K(2752K)->2661K(2752K)
[309.818s][info][gc             ] GC(1075) Pause Young (Allocation Failure) 756M->590M(892M) 36.133ms
[309.818s][info][gc,cpu         ] GC(1075) User=0.07s Sys=0.00s Real=0.04s
[310.245s][info][gc,start       ] GC(1076) Pause Young (Allocation Failure)
[310.281s][info][gc,heap        ] GC(1076) PSYoungGen: 214922K(246272K)->34590K(249344K) Eden: 180717K(180736K)->0K(180736K) From: 34205K(65536K)->34590K(68608K)
[310.281s][info][gc,heap        ] GC(1076) ParOldGen: 570246K(667648K)->570254K(667648K)
[310.281s][info][gc,metaspace   ] GC(1076) Metaspace: 18787K(19008K)->18787K(19008K) NonClass: 16126K(16256K)->16126K(16256K) Class: 2661K(2752K)->2661K(2752K)
[310.281s][info][gc             ] GC(1076) Pause Young (Allocation Failure) 766M->590M(895M) 36.003ms
[310.281s][info][gc,cpu         ] GC(1076) User=0.07s Sys=0.00s Real=0.04s
[310.576s][info][gc,start       ] GC(1077) Pause Young (Allocation Failure)
[310.652s][info][gc,heap        ] GC(1077) PSYoungGen: 215326K(249344K)->66541K(244736K) Eden: 180736K(180736K)->0K(178176K) From: 34590K(68608K)->66541K(66560K)
[310.652s][info][gc,heap        ] GC(1077) ParOldGen: 570254K(667648K)->574230K(667648K)
[310.652s][info][gc,metaspace   ] GC(1077) Metaspace: 18793K(19008K)->18793K(19008K) NonClass: 16132K(16256K)->16132K(16256K) Class: 2661K(2752K)->2661K(2752K)
[310.652s][info][gc             ] GC(1077) Pause Young (Allocation Failure) 767M->625M(891M) 75.807ms
[310.652s][info][gc,cpu         ] GC(1077) User=0.14s Sys=0.00s Real=0.08s
[310.822s][info][gc,start       ] GC(1078) Pause Young (Allocation Failure)
[310.972s][info][gc,heap        ] GC(1078) PSYoungGen: 244717K(244736K)->77805K(256000K) Eden: 178176K(178176K)->0K(178176K) From: 66541K(66560K)->77805K(77824K)
[310.972s][info][gc,heap        ] GC(1078) ParOldGen: 574230K(667648K)->634474K(667648K)
[310.972s][info][gc,metaspace   ] GC(1078) Metaspace: 18804K(19008K)->18804K(19008K) NonClass: 16143K(16256K)->16143K(16256K) Class: 2661K(2752K)->2661K(2752K)
[310.973s][info][gc             ] GC(1078) Pause Young (Allocation Failure) 799M->695M(902M) 150.665ms
[310.973s][info][gc,cpu         ] GC(1078) User=0.30s Sys=0.00s Real=0.15s
[311.241s][info][gc,start       ] GC(1079) Pause Full (Allocation Failure)
[311.241s][info][gc,phases,start] GC(1079) Marking Phase
[311.362s][info][gc,phases      ] GC(1079) Marking Phase 120.423ms
[311.362s][info][gc,phases,start] GC(1079) Summary Phase
[311.362s][info][gc,phases      ] GC(1079) Summary Phase 0.028ms
[311.362s][info][gc,phases,start] GC(1079) Forward
[311.416s][info][gc,phases      ] GC(1079) Forward 54.331ms
[311.416s][info][gc,phases,start] GC(1079) Adjust Pointers
[311.495s][info][gc,phases      ] GC(1079) Adjust Pointers 79.069ms
[311.495s][info][gc,phases,start] GC(1079) Compaction Phase
[311.551s][info][gc,phases      ] GC(1079) Compaction Phase 55.938ms
[311.552s][info][gc,phases,start] GC(1079) Post Compact
[311.554s][info][gc,phases      ] GC(1079) Post Compact 2.512ms
[311.565s][info][gc,heap        ] GC(1079) PSYoungGen: 255981K(256000K)->0K(189440K) Eden: 178176K(178176K)->0K(111616K) From: 77805K(77824K)->0K(77824K)
[311.565s][info][gc,heap        ] GC(1079) ParOldGen: 634474K(667648K)->201856K(543744K)
[311.565s][info][gc,metaspace   ] GC(1079) Metaspace: 18804K(19008K)->18804K(19008K) NonClass: 16143K(16256K)->16143K(16256K) Class: 2661K(2752K)->2661K(2752K)
[311.565s][info][gc             ] GC(1079) Pause Full (Allocation Failure) 869M->197M(716M) 323.965ms
[311.565s][info][gc,cpu         ] GC(1079) User=0.56s Sys=0.01s Real=0.32s
[311.778s][info][gc,start       ] GC(1080) Pause Young (Allocation Failure)
[311.831s][info][gc,heap        ] GC(1080) PSYoungGen: 111616K(189440K)->26185K(222720K) Eden: 111616K(111616K)->0K(111616K) From: 0K(77824K)->26185K(111104K)
[311.831s][info][gc,heap        ] GC(1080) ParOldGen: 201856K(543744K)->201856K(543744K)
[311.831s][info][gc,metaspace   ] GC(1080) Metaspace: 18813K(19008K)->18813K(19008K) NonClass: 16152K(16256K)->16152K(16256K) Class: 2661K(2752K)->2661K(2752K)
[311.831s][info][gc             ] GC(1080) Pause Young (Allocation Failure) 306M->222M(748M) 52.468ms
[311.831s][info][gc,cpu         ] GC(1080) User=0.10s Sys=0.00s Real=0.05s
[312.005s][info][gc,start       ] GC(1081) Pause Young (Allocation Failure)
[312.079s][info][gc,heap        ] GC(1081) PSYoungGen: 137801K(222720K)->45001K(208384K) Eden: 111616K(111616K)->0K(114688K) From: 26185K(111104K)->45001K(93696K)
[312.079s][info][gc,heap        ] GC(1081) ParOldGen: 201856K(543744K)->201856K(543744K)
[312.079s][info][gc,metaspace   ] GC(1081) Metaspace: 18813K(19008K)->18813K(19008K) NonClass: 16152K(16256K)->16152K(16256K) Class: 2661K(2752K)->2661K(2752K)
[312.079s][info][gc             ] GC(1081) Pause Young (Allocation Failure) 331M->241M(734M) 74.868ms
[312.080s][info][gc,cpu         ] GC(1081) User=0.15s Sys=0.00s Real=0.08s
[312.167s][info][gc,start       ] GC(1082) Pause Young (Allocation Failure)
[312.245s][info][gc,heap        ] GC(1082) PSYoungGen: 159689K(208384K)->50313K(217088K) Eden: 114688K(114688K)->0K(114688K) From: 45001K(93696K)->50313K(102400K)
[312.245s][info][gc,heap        ] GC(1082) ParOldGen: 201856K(543744K)->201856K(543744K)
[312.245s][info][gc,metaspace   ] GC(1082) Metaspace: 18813K(19008K)->18813K(19008K) NonClass: 16152K(16256K)->16152K(16256K) Class: 2661K(2752K)->2661K(2752K)
[312.245s][info][gc             ] GC(1082) Pause Young (Allocation Failure) 353M->246M(743M) 78.386ms
[312.245s][info][gc,cpu         ] GC(1082) User=0.16s Sys=0.01s Real=0.07s
[312.358s][info][gc,start       ] GC(1083) Pause Young (Allocation Failure)
[312.445s][info][gc,heap        ] GC(1083) PSYoungGen: 165001K(217088K)->58601K(227840K) Eden: 114688K(114688K)->0K(128512K) From: 50313K(102400K)->58601K(99328K)
[312.445s][info][gc,heap        ] GC(1083) ParOldGen: 201856K(543744K)->201856K(543744K)
[312.445s][info][gc,metaspace   ] GC(1083) Metaspace: 18813K(19008K)->18813K(19008K) NonClass: 16152K(16256K)->16152K(16256K) Class: 2661K(2752K)->2661K(2752K)
[312.445s][info][gc             ] GC(1083) Pause Young (Allocation Failure) 358M->254M(753M) 86.344ms
[312.445s][info][gc,cpu         ] GC(1083) User=0.17s Sys=0.00s Real=0.08s
[312.593s][info][gc,start       ] GC(1084) Pause Young (Allocation Failure)
[312.683s][info][gc,heap        ] GC(1084) PSYoungGen: 187113K(227840K)->62025K(227840K) Eden: 128512K(128512K)->0K(128512K) From: 58601K(99328K)->62025K(99328K)
[312.683s][info][gc,heap        ] GC(1084) ParOldGen: 201856K(543744K)->201856K(543744K)
[312.683s][info][gc,metaspace   ] GC(1084) Metaspace: 18813K(19008K)->18813K(19008K) NonClass: 16152K(16256K)->16152K(16256K) Class: 2661K(2752K)->2661K(2752K)
[312.683s][info][gc             ] GC(1084) Pause Young (Allocation Failure) 379M->257M(753M) 89.933ms
[312.683s][info][gc,cpu         ] GC(1084) User=0.17s Sys=0.00s Real=0.09s
[312.805s][info][gc,start       ] GC(1085) Pause Young (Allocation Failure)
[312.894s][info][gc,heap        ] GC(1085) PSYoungGen: 190537K(227840K)->62121K(233472K) Eden: 128512K(128512K)->0K(133120K) From: 62025K(99328K)->62121K(100352K)
[312.894s][info][gc,heap        ] GC(1085) ParOldGen: 201856K(543744K)->201856K(543744K)
[312.894s][info][gc,metaspace   ] GC(1085) Metaspace: 18813K(19008K)->18813K(19008K) NonClass: 16152K(16256K)->16152K(16256K) Class: 2661K(2752K)->2661K(2752K)
[312.894s][info][gc             ] GC(1085) Pause Young (Allocation Failure) 383M->257M(759M) 89.614ms
[312.894s][info][gc,cpu         ] GC(1085) User=0.17s Sys=0.00s Real=0.09s
[313.024s][info][gc,start       ] GC(1086) Pause Young (Allocation Failure)
[313.120s][info][gc,heap        ] GC(1086) PSYoungGen: 195241K(233472K)->67241K(200704K) Eden: 133120K(133120K)->0K(133120K) From: 62121K(100352K)->67241K(67584K)
[313.120s][info][gc,heap        ] GC(1086) ParOldGen: 201856K(543744K)->201856K(543744K)
[313.120s][info][gc,metaspace   ] GC(1086) Metaspace: 18813K(19008K)->18813K(19008K) NonClass: 16152K(16256K)->16152K(16256K) Class: 2661K(2752K)->2661K(2752K)
[313.120s][info][gc             ] GC(1086) Pause Young (Allocation Failure) 387M->262M(727M) 95.768ms
[313.120s][info][gc,cpu         ] GC(1086) User=0.19s Sys=0.00s Real=0.10s
[313.223s][info][gc,start       ] GC(1087) Pause Young (Allocation Failure)
[313.352s][info][gc,heap        ] GC(1087) PSYoungGen: 200361K(200704K)->61248K(232448K) Eden: 133120K(133120K)->0K(130048K) From: 67241K(67584K)->61248K(102400K)
[313.352s][info][gc,heap        ] GC(1087) ParOldGen: 201856K(543744K)->246912K(543744K)
[313.352s][info][gc,metaspace   ] GC(1087) Metaspace: 18813K(19008K)->18813K(19008K) NonClass: 16152K(16256K)->16152K(16256K) Class: 2661K(2752K)->2661K(2752K)
[313.352s][info][gc             ] GC(1087) Pause Young (Allocation Failure) 392M->300M(758M) 128.929ms
[313.352s][info][gc,cpu         ] GC(1087) User=0.26s Sys=0.00s Real=0.13s
[313.492s][info][gc,start       ] GC(1088) Pause Young (Allocation Failure)
[313.572s][info][gc,heap        ] GC(1088) PSYoungGen: 191296K(232448K)->72499K(202752K) Eden: 130048K(130048K)->0K(130048K) From: 61248K(102400K)->72499K(72704K)
[313.573s][info][gc,heap        ] GC(1088) ParOldGen: 246912K(543744K)->260560K(543744K)
[313.573s][info][gc,metaspace   ] GC(1088) Metaspace: 18819K(19008K)->18819K(19008K) NonClass: 16158K(16256K)->16158K(16256K) Class: 2661K(2752K)->2661K(2752K)
[313.573s][info][gc             ] GC(1088) Pause Young (Allocation Failure) 427M->325M(729M) 80.824ms
[313.573s][info][gc,cpu         ] GC(1088) User=0.16s Sys=0.00s Real=0.08s
[313.661s][info][gc,start       ] GC(1089) Pause Young (Allocation Failure)
[313.735s][info][gc,heap        ] GC(1089) PSYoungGen: 202547K(202752K)->77987K(221696K) Eden: 130048K(130048K)->0K(117760K) From: 72499K(72704K)->77987K(103936K)
[313.735s][info][gc,heap        ] GC(1089) ParOldGen: 260560K(543744K)->264082K(543744K)
[313.735s][info][gc,metaspace   ] GC(1089) Metaspace: 18819K(19008K)->18819K(19008K) NonClass: 16158K(16256K)->16158K(16256K) Class: 2661K(2752K)->2661K(2752K)
[313.735s][info][gc             ] GC(1089) Pause Young (Allocation Failure) 452M->334M(747M) 74.061ms
[313.735s][info][gc,cpu         ] GC(1089) User=0.15s Sys=0.00s Real=0.07s
[313.856s][info][gc,start       ] GC(1090) Pause Young (Allocation Failure)
[313.929s][info][gc,heap        ] GC(1090) PSYoungGen: 195747K(221696K)->35875K(225792K) Eden: 117760K(117760K)->0K(117760K) From: 77987K(103936K)->35875K(108032K)
[313.929s][info][gc,heap        ] GC(1090) ParOldGen: 264082K(543744K)->308401K(543744K)
[313.929s][info][gc,metaspace   ] GC(1090) Metaspace: 18821K(19008K)->18821K(19008K) NonClass: 16160K(16256K)->16160K(16256K) Class: 2661K(2752K)->2661K(2752K)
[313.929s][info][gc             ] GC(1090) Pause Young (Allocation Failure) 449M->336M(751M) 73.425ms
[313.929s][info][gc,cpu         ] GC(1090) User=0.15s Sys=0.00s Real=0.08s
[314.191s][info][gc,start       ] GC(1091) Pause Young (Allocation Failure)
[314.232s][info][gc,heap        ] GC(1091) PSYoungGen: 153635K(225792K)->3616K(221184K) Eden: 117760K(117760K)->0K(114688K) From: 35875K(108032K)->3616K(106496K)
[314.232s][info][gc,heap        ] GC(1091) ParOldGen: 308401K(543744K)->342416K(543744K)
[314.232s][info][gc,metaspace   ] GC(1091) Metaspace: 18821K(19008K)->18821K(19008K) NonClass: 16160K(16256K)->16160K(16256K) Class: 2661K(2752K)->2661K(2752K)
[314.232s][info][gc             ] GC(1091) Pause Young (Allocation Failure) 451M->337M(747M) 40.984ms
[314.232s][info][gc,cpu         ] GC(1091) User=0.08s Sys=0.00s Real=0.04s
[314.488s][info][gc,start       ] GC(1092) Pause Young (Allocation Failure)
[314.495s][info][gc,heap        ] GC(1092) PSYoungGen: 118304K(221184K)->448K(115200K) Eden: 114688K(114688K)->0K(114688K) From: 3616K(106496K)->448K(512K)
[314.495s][info][gc,heap        ] GC(1092) ParOldGen: 342416K(543744K)->345920K(543744K)
[314.495s][info][gc,metaspace   ] GC(1092) Metaspace: 18821K(19008K)->18821K(19008K) NonClass: 16160K(16256K)->16160K(16256K) Class: 2661K(2752K)->2661K(2752K)
[314.495s][info][gc             ] GC(1092) Pause Young (Allocation Failure) 449M->338M(643M) 6.839ms
[314.495s][info][gc,cpu         ] GC(1092) User=0.01s Sys=0.00s Real=0.00s
[314.683s][info][gc,start       ] GC(1093) Pause Young (Allocation Failure)
[314.718s][info][gc,heap        ] GC(1093) PSYoungGen: 115136K(115200K)->34432K(227328K) Eden: 114688K(114688K)->0K(116224K) From: 448K(512K)->34432K(111104K)
[314.718s][info][gc,heap        ] GC(1093) ParOldGen: 345920K(543744K)->346112K(543744K)
[314.718s][info][gc,metaspace   ] GC(1093) Metaspace: 18821K(19008K)->18821K(19008K) NonClass: 16160K(16256K)->16160K(16256K) Class: 2661K(2752K)->2661K(2752K)
[314.718s][info][gc             ] GC(1093) Pause Young (Allocation Failure) 450M->371M(753M) 34.716ms
[314.718s][info][gc,cpu         ] GC(1093) User=0.07s Sys=0.00s Real=0.04s
[314.884s][info][gc,start       ] GC(1094) Pause Young (Allocation Failure)
[314.956s][info][gc,heap        ] GC(1094) PSYoungGen: 150656K(227328K)->38880K(155136K) Eden: 116224K(116224K)->0K(116224K) From: 34432K(111104K)->38880K(38912K)
[314.956s][info][gc,heap        ] GC(1094) ParOldGen: 346112K(543744K)->380626K(543744K)
[314.956s][info][gc,metaspace   ] GC(1094) Metaspace: 18821K(19008K)->18821K(19008K) NonClass: 16160K(16256K)->16160K(16256K) Class: 2661K(2752K)->2661K(2752K)
[314.956s][info][gc             ] GC(1094) Pause Young (Allocation Failure) 485M->409M(682M) 72.288ms
[314.956s][info][gc,cpu         ] GC(1094) User=0.14s Sys=0.00s Real=0.07s
[315.044s][info][gc,start       ] GC(1095) Pause Young (Allocation Failure)
[315.088s][info][gc,heap        ] GC(1095) PSYoungGen: 155104K(155136K)->7232K(216576K) Eden: 116224K(116224K)->0K(115712K) From: 38880K(38912K)->7232K(100864K)
[315.088s][info][gc,heap        ] GC(1095) ParOldGen: 380626K(543744K)->419550K(543744K)
[315.088s][info][gc,metaspace   ] GC(1095) Metaspace: 18821K(19008K)->18821K(19008K) NonClass: 16160K(16256K)->16160K(16256K) Class: 2661K(2752K)->2661K(2752K)
[315.088s][info][gc             ] GC(1095) Pause Young (Allocation Failure) 523M->416M(742M) 43.494ms
[315.088s][info][gc,cpu         ] GC(1095) User=0.08s Sys=0.00s Real=0.05s
[315.201s][info][gc,start       ] GC(1096) Pause Young (Allocation Failure)
[315.212s][info][gc,heap        ] GC(1096) PSYoungGen: 122944K(216576K)->1504K(217088K) Eden: 115712K(115712K)->0K(115712K) From: 7232K(100864K)->1504K(101376K)
[315.212s][info][gc,heap        ] GC(1096) ParOldGen: 419550K(543744K)->426774K(543744K)
[315.213s][info][gc,metaspace   ] GC(1096) Metaspace: 18821K(19008K)->18821K(19008K) NonClass: 16160K(16256K)->16160K(16256K) Class: 2661K(2752K)->2661K(2752K)
[315.213s][info][gc             ] GC(1096) Pause Young (Allocation Failure) 529M->418M(743M) 11.926ms
[315.213s][info][gc,cpu         ] GC(1096) User=0.02s Sys=0.00s Real=0.01s
[315.361s][info][gc,start       ] GC(1097) Pause Young (Allocation Failure)
[315.366s][info][gc,heap        ] GC(1097) PSYoungGen: 117216K(217088K)->1280K(226816K) Eden: 115712K(115712K)->0K(127488K) From: 1504K(101376K)->1280K(99328K)
[315.366s][info][gc,heap        ] GC(1097) ParOldGen: 426774K(543744K)->428246K(543744K)
[315.366s][info][gc,metaspace   ] GC(1097) Metaspace: 18821K(19008K)->18821K(19008K) NonClass: 16160K(16256K)->16160K(16256K) Class: 2661K(2752K)->2661K(2752K)
[315.366s][info][gc             ] GC(1097) Pause Young (Allocation Failure) 531M->419M(752M) 4.893ms
[315.366s][info][gc,cpu         ] GC(1097) User=0.01s Sys=0.00s Real=0.01s
[315.680s][info][gc,start       ] GC(1098) Pause Young (Allocation Failure)
[315.684s][info][gc,heap        ] GC(1098) PSYoungGen: 128768K(226816K)->192K(228352K) Eden: 127488K(127488K)->0K(127488K) From: 1280K(99328K)->192K(100864K)
[315.684s][info][gc,heap        ] GC(1098) ParOldGen: 428246K(543744K)->429486K(543744K)
[315.684s][info][gc,metaspace   ] GC(1098) Metaspace: 18821K(19008K)->18821K(19008K) NonClass: 16160K(16256K)->16160K(16256K) Class: 2661K(2752K)->2661K(2752K)
[315.684s][info][gc             ] GC(1098) Pause Young (Allocation Failure) 543M->419M(754M) 4.042ms
[315.684s][info][gc,cpu         ] GC(1098) User=0.01s Sys=0.00s Real=0.00s
[315.910s][info][gc,start       ] GC(1099) Pause Young (Allocation Failure)
[315.946s][info][gc,heap        ] GC(1099) PSYoungGen: 127680K(228352K)->37072K(224768K) Eden: 127488K(127488K)->0K(133632K) From: 192K(100864K)->37072K(91136K)
[315.946s][info][gc,heap        ] GC(1099) ParOldGen: 429486K(543744K)->429486K(543744K)
[315.946s][info][gc,metaspace   ] GC(1099) Metaspace: 18821K(19008K)->18821K(19008K) NonClass: 16160K(16256K)->16160K(16256K) Class: 2661K(2752K)->2661K(2752K)
[315.946s][info][gc             ] GC(1099) Pause Young (Allocation Failure) 544M->455M(750M) 36.526ms
[315.946s][info][gc,cpu         ] GC(1099) User=0.07s Sys=0.00s Real=0.03s
[316.013s][info][gc,start       ] GC(1100) Pause Young (Allocation Failure)
[316.133s][info][gc,heap        ] GC(1100) PSYoungGen: 170704K(224768K)->95220K(228864K) Eden: 133632K(133632K)->0K(133632K) From: 37072K(91136K)->95220K(95232K)
[316.133s][info][gc,heap        ] GC(1100) ParOldGen: 429486K(543744K)->460943K(543744K)
[316.133s][info][gc,metaspace   ] GC(1100) Metaspace: 18821K(19008K)->18821K(19008K) NonClass: 16160K(16256K)->16160K(16256K) Class: 2661K(2752K)->2661K(2752K)
[316.133s][info][gc             ] GC(1100) Pause Young (Allocation Failure) 586M->543M(754M) 120.340ms
[316.133s][info][gc,cpu         ] GC(1100) User=0.24s Sys=0.00s Real=0.12s
[316.268s][info][gc,start       ] GC(1101) Pause Young (Allocation Failure)
[316.417s][info][gc,heap        ] GC(1101) PSYoungGen: 228852K(228864K)->100344K(216576K) Eden: 133632K(133632K)->0K(111616K) From: 95220K(95232K)->100344K(104960K)
[316.417s][info][gc,heap        ] GC(1101) ParOldGen: 460943K(543744K)->495855K(543744K)
[316.417s][info][gc,metaspace   ] GC(1101) Metaspace: 18821K(19008K)->18821K(19008K) NonClass: 16160K(16256K)->16160K(16256K) Class: 2661K(2752K)->2661K(2752K)
[316.417s][info][gc             ] GC(1101) Pause Young (Allocation Failure) 673M->582M(742M) 148.585ms
[316.417s][info][gc,cpu         ] GC(1101) User=0.29s Sys=0.01s Real=0.15s
[316.513s][info][gc,start       ] GC(1102) Pause Young (Allocation Failure)
[316.647s][info][gc,heap        ] GC(1102) PSYoungGen: 211960K(216576K)->3648K(222720K) Eden: 111616K(111616K)->0K(111616K) From: 100344K(104960K)->3648K(111104K)
[316.647s][info][gc,heap        ] GC(1102) ParOldGen: 495855K(543744K)->596513K(596992K)
[316.647s][info][gc,metaspace   ] GC(1102) Metaspace: 18822K(19008K)->18822K(19008K) NonClass: 16161K(16256K)->16161K(16256K) Class: 2661K(2752K)->2661K(2752K)
[316.647s][info][gc             ] GC(1102) Pause Young (Allocation Failure) 691M->586M(800M) 134.641ms
[316.647s][info][gc,cpu         ] GC(1102) User=0.23s Sys=0.04s Real=0.14s
[316.737s][info][gc,start       ] GC(1103) Pause Full (Allocation Failure)
[316.737s][info][gc,phases,start] GC(1103) Marking Phase
[316.798s][info][gc,phases      ] GC(1103) Marking Phase 61.427ms
[316.799s][info][gc,phases,start] GC(1103) Summary Phase
[316.799s][info][gc,phases      ] GC(1103) Summary Phase 0.029ms
[316.799s][info][gc,phases,start] GC(1103) Forward
[316.819s][info][gc,phases      ] GC(1103) Forward 20.171ms
[316.819s][info][gc,phases,start] GC(1103) Adjust Pointers
[316.862s][info][gc,phases      ] GC(1103) Adjust Pointers 43.420ms
[316.862s][info][gc,phases,start] GC(1103) Compaction Phase
[316.886s][info][gc,phases      ] GC(1103) Compaction Phase 23.487ms
[316.888s][info][gc,phases,start] GC(1103) Post Compact
[316.891s][info][gc,phases      ] GC(1103) Post Compact 2.079ms
[316.900s][info][gc,heap        ] GC(1103) PSYoungGen: 115264K(222720K)->0K(222720K) Eden: 111616K(111616K)->0K(111616K) From: 3648K(111104K)->0K(111104K)
[316.900s][info][gc,heap        ] GC(1103) ParOldGen: 596513K(596992K)->96790K(481280K)
[316.900s][info][gc,metaspace   ] GC(1103) Metaspace: 18822K(19008K)->18822K(19008K) NonClass: 16161K(16256K)->16161K(16256K) Class: 2661K(2752K)->2661K(2752K)
[316.900s][info][gc             ] GC(1103) Pause Full (Allocation Failure) 695M->94M(687M) 163.065ms
[316.900s][info][gc,cpu         ] GC(1103) User=0.27s Sys=0.01s Real=0.16s
[316.999s][info][gc,start       ] GC(1104) Pause Young (Allocation Failure)
[317.009s][info][gc,heap        ] GC(1104) PSYoungGen: 111616K(222720K)->10560K(222720K) Eden: 111616K(111616K)->0K(111616K) From: 0K(111104K)->10560K(111104K)
[317.009s][info][gc,heap        ] GC(1104) ParOldGen: 96790K(481280K)->96790K(481280K)
[317.009s][info][gc,metaspace   ] GC(1104) Metaspace: 18822K(19008K)->18822K(19008K) NonClass: 16161K(16256K)->16161K(16256K) Class: 2661K(2752K)->2661K(2752K)
[317.009s][info][gc             ] GC(1104) Pause Young (Allocation Failure) 203M->104M(687M) 10.387ms
[317.009s][info][gc,cpu         ] GC(1104) User=0.02s Sys=0.00s Real=0.01s
[317.117s][info][gc,start       ] GC(1105) Pause Young (Allocation Failure)
[317.150s][info][gc,heap        ] GC(1105) PSYoungGen: 122176K(222720K)->32032K(222720K) Eden: 111616K(111616K)->0K(111616K) From: 10560K(111104K)->32032K(111104K)
[317.150s][info][gc,heap        ] GC(1105) ParOldGen: 96790K(481280K)->107351K(481280K)
[317.150s][info][gc,metaspace   ] GC(1105) Metaspace: 18822K(19008K)->18822K(19008K) NonClass: 16161K(16256K)->16161K(16256K) Class: 2661K(2752K)->2661K(2752K)
[317.150s][info][gc             ] GC(1105) Pause Young (Allocation Failure) 213M->136M(687M) 32.840ms
[317.150s][info][gc,cpu         ] GC(1105) User=0.07s Sys=0.00s Real=0.03s
[317.246s][info][gc,start       ] GC(1106) Pause Young (Allocation Failure)
[317.291s][info][gc,heap        ] GC(1106) PSYoungGen: 143648K(222720K)->35136K(222720K) Eden: 111616K(111616K)->0K(111616K) From: 32032K(111104K)->35136K(111104K)
[317.291s][info][gc,heap        ] GC(1106) ParOldGen: 107351K(481280K)->139719K(481280K)
[317.291s][info][gc,metaspace   ] GC(1106) Metaspace: 18822K(19008K)->18822K(19008K) NonClass: 16161K(16256K)->16161K(16256K) Class: 2661K(2752K)->2661K(2752K)
[317.291s][info][gc             ] GC(1106) Pause Young (Allocation Failure) 245M->170M(687M) 45.498ms
[317.291s][info][gc,cpu         ] GC(1106) User=0.09s Sys=0.00s Real=0.05s
[317.424s][info][gc,start       ] GC(1107) Pause Young (Allocation Failure)
[317.451s][info][gc,heap        ] GC(1107) PSYoungGen: 146752K(222720K)->2336K(222720K) Eden: 111616K(111616K)->0K(111616K) From: 35136K(111104K)->2336K(111104K)
[317.451s][info][gc,heap        ] GC(1107) ParOldGen: 139719K(481280K)->175223K(481280K)
[317.451s][info][gc,metaspace   ] GC(1107) Metaspace: 18822K(19008K)->18822K(19008K) NonClass: 16161K(16256K)->16161K(16256K) Class: 2661K(2752K)->2661K(2752K)
[317.451s][info][gc             ] GC(1107) Pause Young (Allocation Failure) 279M->173M(687M) 26.928ms
[317.451s][info][gc,cpu         ] GC(1107) User=0.05s Sys=0.00s Real=0.03s
[317.587s][info][gc,start       ] GC(1108) Pause Young (Allocation Failure)
[317.638s][info][gc,heap        ] GC(1108) PSYoungGen: 113952K(222720K)->38241K(150016K) Eden: 111616K(111616K)->0K(111616K) From: 2336K(111104K)->38241K(38400K)
[317.638s][info][gc,heap        ] GC(1108) ParOldGen: 175223K(481280K)->177535K(481280K)
[317.638s][info][gc,metaspace   ] GC(1108) Metaspace: 18822K(19008K)->18822K(19008K) NonClass: 16161K(16256K)->16161K(16256K) Class: 2661K(2752K)->2661K(2752K)
[317.638s][info][gc             ] GC(1108) Pause Young (Allocation Failure) 282M->210M(616M) 51.290ms
[317.638s][info][gc,cpu         ] GC(1108) User=0.10s Sys=0.00s Real=0.05s
[317.738s][info][gc,start       ] GC(1109) Pause Young (Allocation Failure)
[317.824s][info][gc,heap        ] GC(1109) PSYoungGen: 149857K(150016K)->46832K(221696K) Eden: 111616K(111616K)->0K(114176K) From: 38241K(38400K)->46832K(107520K)
[317.824s][info][gc,heap        ] GC(1109) ParOldGen: 177535K(481280K)->215364K(481280K)
[317.824s][info][gc,metaspace   ] GC(1109) Metaspace: 18822K(19008K)->18822K(19008K) NonClass: 16161K(16256K)->16161K(16256K) Class: 2661K(2752K)->2661K(2752K)
[317.824s][info][gc             ] GC(1109) Pause Young (Allocation Failure) 319M->256M(686M) 85.955ms
[317.824s][info][gc,cpu         ] GC(1109) User=0.17s Sys=0.00s Real=0.08s
[317.875s][info][gc,start       ] GC(1110) Pause Young (Allocation Failure)
[317.966s][info][gc,heap        ] GC(1110) PSYoungGen: 161008K(221696K)->44000K(219136K) Eden: 114176K(114176K)->0K(114176K) From: 46832K(107520K)->44000K(104960K)
[317.966s][info][gc,heap        ] GC(1110) ParOldGen: 215364K(481280K)->262460K(481280K)
[317.966s][info][gc,metaspace   ] GC(1110) Metaspace: 18822K(19008K)->18822K(19008K) NonClass: 16161K(16256K)->16161K(16256K) Class: 2661K(2752K)->2661K(2752K)
[317.966s][info][gc             ] GC(1110) Pause Young (Allocation Failure) 367M->299M(684M) 91.172ms
[317.966s][info][gc,cpu         ] GC(1110) User=0.18s Sys=0.00s Real=0.10s
[318.080s][info][gc,start       ] GC(1111) Pause Young (Allocation Failure)
[318.144s][info][gc,heap        ] GC(1111) PSYoungGen: 158176K(219136K)->31168K(223744K) Eden: 114176K(114176K)->0K(126464K) From: 44000K(104960K)->31168K(97280K)
[318.144s][info][gc,heap        ] GC(1111) ParOldGen: 262460K(481280K)->306868K(481280K)
[318.144s][info][gc,metaspace   ] GC(1111) Metaspace: 18822K(19008K)->18822K(19008K) NonClass: 16161K(16256K)->16161K(16256K) Class: 2661K(2752K)->2661K(2752K)
[318.144s][info][gc             ] GC(1111) Pause Young (Allocation Failure) 410M->330M(688M) 63.889ms
[318.144s][info][gc,cpu         ] GC(1111) User=0.12s Sys=0.01s Real=0.06s
[318.237s][info][gc,start       ] GC(1112) Pause Young (Allocation Failure)
[318.276s][info][gc,heap        ] GC(1112) PSYoungGen: 157632K(223744K)->8448K(222208K) Eden: 126464K(126464K)->0K(126464K) From: 31168K(97280K)->8448K(95744K)
[318.276s][info][gc,heap        ] GC(1112) ParOldGen: 306868K(481280K)->338236K(481280K)
[318.276s][info][gc,metaspace   ] GC(1112) Metaspace: 18822K(19008K)->18822K(19008K) NonClass: 16161K(16256K)->16161K(16256K) Class: 2661K(2752K)->2661K(2752K)
[318.276s][info][gc             ] GC(1112) Pause Young (Allocation Failure) 453M->338M(687M) 39.360ms
[318.276s][info][gc,cpu         ] GC(1112) User=0.07s Sys=0.00s Real=0.04s
[318.351s][info][gc,start       ] GC(1113) Pause Young (Allocation Failure)
[318.371s][info][gc,heap        ] GC(1113) PSYoungGen: 134912K(222208K)->2240K(236032K) Eden: 126464K(126464K)->0K(141824K) From: 8448K(95744K)->2240K(94208K)
[318.371s][info][gc,heap        ] GC(1113) ParOldGen: 338236K(481280K)->346692K(481280K)
[318.371s][info][gc,metaspace   ] GC(1113) Metaspace: 18822K(19008K)->18822K(19008K) NonClass: 16161K(16256K)->16161K(16256K) Class: 2661K(2752K)->2661K(2752K)
[318.371s][info][gc             ] GC(1113) Pause Young (Allocation Failure) 462M->340M(700M) 19.968ms
[318.371s][info][gc,cpu         ] GC(1113) User=0.04s Sys=0.00s Real=0.02s
[318.504s][info][gc,start       ] GC(1114) Pause Young (Allocation Failure)
[318.540s][info][gc,heap        ] GC(1114) PSYoungGen: 144064K(236032K)->18305K(235008K) Eden: 141824K(141824K)->0K(141824K) From: 2240K(94208K)->18305K(93184K)
[318.540s][info][gc,heap        ] GC(1114) ParOldGen: 346692K(481280K)->348916K(481280K)
[318.540s][info][gc,metaspace   ] GC(1114) Metaspace: 18822K(19008K)->18822K(19008K) NonClass: 16161K(16256K)->16161K(16256K) Class: 2661K(2752K)->2661K(2752K)
[318.540s][info][gc             ] GC(1114) Pause Young (Allocation Failure) 479M->358M(699M) 36.610ms
[318.540s][info][gc,cpu         ] GC(1114) User=0.08s Sys=0.00s Real=0.04s
[318.650s][info][gc,start       ] GC(1115) Pause Young (Allocation Failure)
[318.697s][info][gc,heap        ] GC(1115) PSYoungGen: 160129K(235008K)->19520K(236032K) Eden: 141824K(141824K)->0K(151040K) From: 18305K(93184K)->19520K(84992K)
[318.697s][info][gc,heap        ] GC(1115) ParOldGen: 348916K(481280K)->367217K(481280K)
[318.697s][info][gc,metaspace   ] GC(1115) Metaspace: 18822K(19008K)->18822K(19008K) NonClass: 16161K(16256K)->16161K(16256K) Class: 2661K(2752K)->2661K(2752K)
[318.697s][info][gc             ] GC(1115) Pause Young (Allocation Failure) 497M->377M(700M) 47.563ms
[318.697s][info][gc,cpu         ] GC(1115) User=0.10s Sys=0.00s Real=0.05s
[318.839s][info][gc,start       ] GC(1116) Pause Young (Allocation Failure)
[318.881s][info][gc,heap        ] GC(1116) PSYoungGen: 170560K(236032K)->21312K(235520K) Eden: 151040K(151040K)->0K(151040K) From: 19520K(84992K)->21312K(84480K)
[318.881s][info][gc,heap        ] GC(1116) ParOldGen: 367217K(481280K)->386761K(481280K)
[318.881s][info][gc,metaspace   ] GC(1116) Metaspace: 18822K(19008K)->18822K(19008K) NonClass: 16161K(16256K)->16161K(16256K) Class: 2661K(2752K)->2661K(2752K)
[318.881s][info][gc             ] GC(1116) Pause Young (Allocation Failure) 525M->398M(700M) 42.746ms
[318.881s][info][gc,cpu         ] GC(1116) User=0.09s Sys=0.00s Real=0.04s
[318.978s][info][gc,start       ] GC(1117) Pause Young (Allocation Failure)
[319.023s][info][gc,heap        ] GC(1117) PSYoungGen: 172352K(235520K)->14976K(245760K) Eden: 151040K(151040K)->0K(167936K) From: 21312K(84480K)->14976K(77824K)
[319.023s][info][gc,heap        ] GC(1117) ParOldGen: 386761K(481280K)->408071K(481280K)
[319.023s][info][gc,metaspace   ] GC(1117) Metaspace: 18822K(19008K)->18822K(19008K) NonClass: 16161K(16256K)->16161K(16256K) Class: 2661K(2752K)->2661K(2752K)
[319.023s][info][gc             ] GC(1117) Pause Young (Allocation Failure) 546M->413M(710M) 45.147ms
[319.023s][info][gc,cpu         ] GC(1117) User=0.09s Sys=0.00s Real=0.04s
[319.247s][info][gc,start       ] GC(1118) Pause Young (Allocation Failure)
[319.271s][info][gc,heap        ] GC(1118) PSYoungGen: 182912K(245760K)->3232K(244736K) Eden: 167936K(167936K)->0K(167936K) From: 14976K(77824K)->3232K(76800K)
[319.271s][info][gc,heap        ] GC(1118) ParOldGen: 408071K(481280K)->423047K(481280K)
[319.271s][info][gc,metaspace   ] GC(1118) Metaspace: 18822K(19008K)->18822K(19008K) NonClass: 16161K(16256K)->16161K(16256K) Class: 2661K(2752K)->2661K(2752K)
[319.271s][info][gc             ] GC(1118) Pause Young (Allocation Failure) 577M->416M(709M) 24.387ms
[319.271s][info][gc,cpu         ] GC(1118) User=0.05s Sys=0.00s Real=0.02s
[319.545s][info][gc,start       ] GC(1119) Pause Young (Allocation Failure)
[319.573s][info][gc,heap        ] GC(1119) PSYoungGen: 171168K(244736K)->21344K(249856K) Eden: 167936K(167936K)->0K(181248K) From: 3232K(76800K)->21344K(68608K)
[319.573s][info][gc,heap        ] GC(1119) ParOldGen: 423047K(481280K)->426271K(481280K)
[319.573s][info][gc,metaspace   ] GC(1119) Metaspace: 18822K(19008K)->18822K(19008K) NonClass: 16161K(16256K)->16161K(16256K) Class: 2661K(2752K)->2661K(2752K)
[319.573s][info][gc             ] GC(1119) Pause Young (Allocation Failure) 580M->437M(714M) 28.268ms
[319.573s][info][gc,cpu         ] GC(1119) User=0.06s Sys=0.00s Real=0.03s
[320.124s][info][gc,start       ] GC(1120) Pause Young (Allocation Failure)
[320.147s][info][gc,heap        ] GC(1120) PSYoungGen: 202592K(249856K)->192K(252416K) Eden: 181248K(181248K)->0K(181248K) From: 21344K(68608K)->192K(71168K)
[320.147s][info][gc,heap        ] GC(1120) ParOldGen: 426271K(481280K)->447620K(481280K)
[320.147s][info][gc,metaspace   ] GC(1120) Metaspace: 18822K(19008K)->18822K(19008K) NonClass: 16161K(16256K)->16161K(16256K) Class: 2661K(2752K)->2661K(2752K)
[320.147s][info][gc             ] GC(1120) Pause Young (Allocation Failure) 614M->437M(716M) 23.435ms
[320.147s][info][gc,cpu         ] GC(1120) User=0.04s Sys=0.00s Real=0.03s
[320.587s][info][gc,start       ] GC(1121) Pause Young (Allocation Failure)
[320.589s][info][gc,heap        ] GC(1121) PSYoungGen: 181440K(252416K)->64K(259584K) Eden: 181248K(181248K)->0K(192512K) From: 192K(71168K)->64K(67072K)
[320.589s][info][gc,heap        ] GC(1121) ParOldGen: 447620K(481280K)->447796K(481280K)
[320.589s][info][gc,metaspace   ] GC(1121) Metaspace: 18822K(19008K)->18822K(19008K) NonClass: 16161K(16256K)->16161K(16256K) Class: 2661K(2752K)->2661K(2752K)
[320.589s][info][gc             ] GC(1121) Pause Young (Allocation Failure) 614M->437M(723M) 2.395ms
[320.589s][info][gc,cpu         ] GC(1121) User=0.00s Sys=0.00s Real=0.00s
[321.025s][info][gc,start       ] GC(1122) Pause Young (Allocation Failure)
[321.035s][info][gc,heap        ] GC(1122) PSYoungGen: 192576K(259584K)->96K(261632K) Eden: 192512K(192512K)->0K(192512K) From: 64K(67072K)->96K(69120K)
[321.035s][info][gc,heap        ] GC(1122) ParOldGen: 447796K(481280K)->447796K(481280K)
[321.035s][info][gc,metaspace   ] GC(1122) Metaspace: 18822K(19008K)->18822K(19008K) NonClass: 16161K(16256K)->16161K(16256K) Class: 2661K(2752K)->2661K(2752K)
[321.035s][info][gc             ] GC(1122) Pause Young (Allocation Failure) 625M->437M(725M) 10.060ms
[321.035s][info][gc,cpu         ] GC(1122) User=0.02s Sys=0.00s Real=0.01s
[321.235s][info][gc,start       ] GC(1123) Pause Young (Allocation Failure)
[321.280s][info][gc,heap        ] GC(1123) PSYoungGen: 192608K(261632K)->49318K(252416K) Eden: 192512K(192512K)->0K(185344K) From: 96K(69120K)->49318K(67072K)
[321.280s][info][gc,heap        ] GC(1123) ParOldGen: 447796K(481280K)->447796K(481280K)
[321.280s][info][gc,metaspace   ] GC(1123) Metaspace: 18822K(19008K)->18822K(19008K) NonClass: 16161K(16256K)->16161K(16256K) Class: 2661K(2752K)->2661K(2752K)
[321.280s][info][gc             ] GC(1123) Pause Young (Allocation Failure) 625M->485M(716M) 45.457ms
[321.280s][info][gc,cpu         ] GC(1123) User=0.09s Sys=0.00s Real=0.05s
[321.495s][info][gc,start       ] GC(1124) Pause Young (Allocation Failure)
[321.552s][info][gc,heap        ] GC(1124) PSYoungGen: 234662K(252416K)->74230K(259584K) Eden: 185344K(185344K)->0K(185344K) From: 49318K(67072K)->74230K(74240K)
[321.552s][info][gc,heap        ] GC(1124) ParOldGen: 447796K(481280K)->453804K(481280K)
[321.552s][info][gc,metaspace   ] GC(1124) Metaspace: 18822K(19008K)->18822K(19008K) NonClass: 16161K(16256K)->16161K(16256K) Class: 2661K(2752K)->2661K(2752K)
[321.552s][info][gc             ] GC(1124) Pause Young (Allocation Failure) 666M->515M(723M) 57.271ms
[321.552s][info][gc,cpu         ] GC(1124) User=0.11s Sys=0.00s Real=0.06s
[321.739s][info][gc,start       ] GC(1125) Pause Young (Allocation Failure)
[321.843s][info][gc,heap        ] GC(1125) PSYoungGen: 259574K(259584K)->74214K(185856K) Eden: 185344K(185344K)->0K(111616K) From: 74230K(74240K)->74214K(74240K)
[321.843s][info][gc,heap        ] GC(1125) ParOldGen: 453804K(481280K)->482990K(483328K)
[321.843s][info][gc,metaspace   ] GC(1125) Metaspace: 18823K(19008K)->18823K(19008K) NonClass: 16162K(16256K)->16162K(16256K) Class: 2661K(2752K)->2661K(2752K)
[321.843s][info][gc             ] GC(1125) Pause Young (Allocation Failure) 696M->544M(653M) 103.782ms
[321.843s][info][gc,cpu         ] GC(1125) User=0.20s Sys=0.01s Real=0.10s
[321.929s][info][gc,start       ] GC(1126) Pause Young (Allocation Failure)
[322.055s][info][gc,heap        ] GC(1126) PSYoungGen: 185830K(185856K)->47312K(222720K) Eden: 111616K(111616K)->0K(111616K) From: 74214K(74240K)->47312K(111104K)
[322.055s][info][gc,heap        ] GC(1126) ParOldGen: 482990K(483328K)->543778K(544256K)
[322.055s][info][gc,metaspace   ] GC(1126) Metaspace: 18823K(19008K)->18823K(19008K) NonClass: 16162K(16256K)->16162K(16256K) Class: 2661K(2752K)->2661K(2752K)
[322.055s][info][gc             ] GC(1126) Pause Young (Allocation Failure) 653M->577M(749M) 125.258ms
[322.055s][info][gc,cpu         ] GC(1126) User=0.20s Sys=0.04s Real=0.12s
[322.128s][info][gc,start       ] GC(1127) Pause Young (Allocation Failure)
[322.209s][info][gc,heap        ] GC(1127) PSYoungGen: 158928K(222720K)->10848K(215552K) Eden: 111616K(111616K)->0K(112640K) From: 47312K(111104K)->10848K(102912K)
[322.209s][info][gc,heap        ] GC(1127) ParOldGen: 543778K(544256K)->591472K(591872K)
[322.209s][info][gc,metaspace   ] GC(1127) Metaspace: 18823K(19008K)->18823K(19008K) NonClass: 16162K(16256K)->16162K(16256K) Class: 2661K(2752K)->2661K(2752K)
[322.210s][info][gc             ] GC(1127) Pause Young (Allocation Failure) 686M->588M(788M) 81.788ms
[322.210s][info][gc,cpu         ] GC(1127) User=0.13s Sys=0.04s Real=0.08s
[322.278s][info][gc,start       ] GC(1128) Pause Young (Allocation Failure)
[322.308s][info][gc,heap        ] GC(1128) PSYoungGen: 123488K(215552K)->10144K(219648K) Eden: 112640K(112640K)->0K(112640K) From: 10848K(102912K)->10144K(107008K)
[322.308s][info][gc,heap        ] GC(1128) ParOldGen: 591472K(591872K)->602328K(602624K)
[322.308s][info][gc,metaspace   ] GC(1128) Metaspace: 18823K(19008K)->18823K(19008K) NonClass: 16162K(16256K)->16162K(16256K) Class: 2661K(2752K)->2661K(2752K)
[322.308s][info][gc             ] GC(1128) Pause Young (Allocation Failure) 698M->598M(803M) 30.310ms
[322.308s][info][gc,cpu         ] GC(1128) User=0.05s Sys=0.01s Real=0.03s
[322.403s][info][gc,start       ] GC(1129) Pause Full (Allocation Failure)
[322.403s][info][gc,phases,start] GC(1129) Marking Phase
[322.649s][info][gc,phases      ] GC(1129) Marking Phase 246.129ms
[322.650s][info][gc,phases,start] GC(1129) Summary Phase
[322.650s][info][gc,phases      ] GC(1129) Summary Phase 0.029ms
[322.650s][info][gc,phases,start] GC(1129) Forward
[322.735s][info][gc,phases      ] GC(1129) Forward 85.024ms
[322.735s][info][gc,phases,start] GC(1129) Adjust Pointers
[322.932s][info][gc,phases      ] GC(1129) Adjust Pointers 196.825ms
[322.932s][info][gc,phases,start] GC(1129) Compaction Phase
[323.054s][info][gc,phases      ] GC(1129) Compaction Phase 122.708ms
[323.063s][info][gc,phases,start] GC(1129) Post Compact
[323.065s][info][gc,phases      ] GC(1129) Post Compact 2.138ms
[323.065s][info][gc,heap        ] GC(1129) PSYoungGen: 122784K(219648K)->0K(226304K) Eden: 112640K(112640K)->0K(123392K) From: 10144K(107008K)->0K(102912K)
[323.065s][info][gc,heap        ] GC(1129) ParOldGen: 602328K(602624K)->352348K(667648K)
[323.065s][info][gc,metaspace   ] GC(1129) Metaspace: 18824K(19008K)->18824K(19008K) NonClass: 16163K(16256K)->16163K(16256K) Class: 2661K(2752K)->2661K(2752K)
[323.065s][info][gc             ] GC(1129) Pause Full (Allocation Failure) 708M->344M(873M) 661.776ms
[323.065s][info][gc,cpu         ] GC(1129) User=1.25s Sys=0.00s Real=0.66s
[323.143s][info][gc,start       ] GC(1130) Pause Young (Allocation Failure)
[323.159s][info][gc,heap        ] GC(1130) PSYoungGen: 123392K(226304K)->13664K(137216K) Eden: 123392K(123392K)->0K(123392K) From: 0K(102912K)->13664K(13824K)
[323.159s][info][gc,heap        ] GC(1130) ParOldGen: 352348K(667648K)->352348K(667648K)
[323.159s][info][gc,metaspace   ] GC(1130) Metaspace: 18824K(19008K)->18824K(19008K) NonClass: 16163K(16256K)->16163K(16256K) Class: 2661K(2752K)->2661K(2752K)
[323.159s][info][gc             ] GC(1130) Pause Young (Allocation Failure) 464M->357M(786M) 16.411ms
[323.159s][info][gc,cpu         ] GC(1130) User=0.03s Sys=0.00s Real=0.02s
[323.240s][info][gc,start       ] GC(1131) Pause Young (Allocation Failure)
[323.266s][info][gc,heap        ] GC(1131) PSYoungGen: 137056K(137216K)->7648K(229376K) Eden: 123392K(123392K)->0K(130560K) From: 13664K(13824K)->7648K(98816K)
[323.266s][info][gc,heap        ] GC(1131) ParOldGen: 352348K(667648K)->366004K(667648K)
[323.266s][info][gc,metaspace   ] GC(1131) Metaspace: 18824K(19008K)->18824K(19008K) NonClass: 16163K(16256K)->16163K(16256K) Class: 2661K(2752K)->2661K(2752K)
[323.266s][info][gc             ] GC(1131) Pause Young (Allocation Failure) 477M->364M(876M) 25.840ms
[323.266s][info][gc,cpu         ] GC(1131) User=0.05s Sys=0.00s Real=0.03s
[323.358s][info][gc,start       ] GC(1132) Pause Young (Allocation Failure)
[323.373s][info][gc,heap        ] GC(1132) PSYoungGen: 138208K(229376K)->1984K(226304K) Eden: 130560K(130560K)->0K(130560K) From: 7648K(98816K)->1984K(95744K)
[323.373s][info][gc,heap        ] GC(1132) ParOldGen: 366004K(667648K)->373668K(667648K)
[323.373s][info][gc,metaspace   ] GC(1132) Metaspace: 18825K(19008K)->18825K(19008K) NonClass: 16163K(16256K)->16163K(16256K) Class: 2661K(2752K)->2661K(2752K)
[323.373s][info][gc             ] GC(1132) Pause Young (Allocation Failure) 492M->366M(873M) 15.763ms
[323.373s][info][gc,cpu         ] GC(1132) User=0.03s Sys=0.00s Real=0.01s
[323.469s][info][gc,start       ] GC(1133) Pause Young (Allocation Failure)
[323.483s][info][gc,heap        ] GC(1133) PSYoungGen: 132544K(226304K)->8832K(233472K) Eden: 130560K(130560K)->0K(143872K) From: 1984K(95744K)->8832K(89600K)
[323.483s][info][gc,heap        ] GC(1133) ParOldGen: 373668K(667648K)->375628K(667648K)
[323.483s][info][gc,metaspace   ] GC(1133) Metaspace: 18825K(19008K)->18825K(19008K) NonClass: 16164K(16256K)->16164K(16256K) Class: 2661K(2752K)->2661K(2752K)
[323.483s][info][gc             ] GC(1133) Pause Young (Allocation Failure) 494M->375M(880M) 14.092ms
[323.483s][info][gc,cpu         ] GC(1133) User=0.03s Sys=0.00s Real=0.01s
[323.690s][info][gc,start       ] GC(1134) Pause Young (Allocation Failure)
[323.715s][info][gc,heap        ] GC(1134) PSYoungGen: 152704K(233472K)->14880K(232448K) Eden: 143872K(143872K)->0K(143872K) From: 8832K(89600K)->14880K(88576K)
[323.715s][info][gc,heap        ] GC(1134) ParOldGen: 375628K(667648K)->384444K(667648K)
[323.716s][info][gc,metaspace   ] GC(1134) Metaspace: 18825K(19008K)->18825K(19008K) NonClass: 16164K(16256K)->16164K(16256K) Class: 2661K(2752K)->2661K(2752K)
[323.716s][info][gc             ] GC(1134) Pause Young (Allocation Failure) 515M->389M(879M) 25.928ms
[323.716s][info][gc,cpu         ] GC(1134) User=0.05s Sys=0.00s Real=0.02s
[324.014s][info][gc,start       ] GC(1135) Pause Young (Allocation Failure)
[324.045s][info][gc,heap        ] GC(1135) PSYoungGen: 158752K(232448K)->9696K(239104K) Eden: 143872K(143872K)->0K(159744K) From: 14880K(88576K)->9696K(79360K)
[324.046s][info][gc,heap        ] GC(1135) ParOldGen: 384444K(667648K)->399319K(667648K)
[324.046s][info][gc,metaspace   ] GC(1135) Metaspace: 18843K(19008K)->18843K(19008K) NonClass: 16182K(16256K)->16182K(16256K) Class: 2661K(2752K)->2661K(2752K)
[324.046s][info][gc             ] GC(1135) Pause Young (Allocation Failure) 530M->399M(885M) 31.402ms
[324.046s][info][gc,cpu         ] GC(1135) User=0.06s Sys=0.00s Real=0.03s
[324.287s][info][gc,start       ] GC(1136) Pause Young (Allocation Failure)
[324.316s][info][gc,heap        ] GC(1136) PSYoungGen: 169440K(239104K)->19312K(239104K) Eden: 159744K(159744K)->0K(159744K) From: 9696K(79360K)->19312K(79360K)
[324.316s][info][gc,heap        ] GC(1136) ParOldGen: 399319K(667648K)->409007K(667648K)
[324.316s][info][gc,metaspace   ] GC(1136) Metaspace: 18844K(19008K)->18844K(19008K) NonClass: 16182K(16256K)->16182K(16256K) Class: 2661K(2752K)->2661K(2752K)
[324.316s][info][gc             ] GC(1136) Pause Young (Allocation Failure) 555M->418M(885M) 29.388ms
[324.316s][info][gc,cpu         ] GC(1136) User=0.06s Sys=0.00s Real=0.03s
[324.506s][info][gc,start       ] GC(1137) Pause Young (Allocation Failure)
[324.545s][info][gc,heap        ] GC(1137) PSYoungGen: 179056K(239104K)->27568K(246784K) Eden: 159744K(159744K)->0K(176640K) From: 19312K(79360K)->27568K(70144K)
[324.545s][info][gc,heap        ] GC(1137) ParOldGen: 409007K(667648K)->428327K(667648K)
[324.545s][info][gc,metaspace   ] GC(1137) Metaspace: 18845K(19008K)->18845K(19008K) NonClass: 16184K(16256K)->16184K(16256K) Class: 2661K(2752K)->2661K(2752K)
[324.545s][info][gc             ] GC(1137) Pause Young (Allocation Failure) 574M->445M(893M) 39.438ms
[324.545s][info][gc,cpu         ] GC(1137) User=0.08s Sys=0.00s Real=0.04s
[324.763s][info][gc,start       ] GC(1138) Pause Young (Allocation Failure)
[324.818s][info][gc,heap        ] GC(1138) PSYoungGen: 204208K(246784K)->49920K(247808K) Eden: 176640K(176640K)->0K(176640K) From: 27568K(70144K)->49920K(71168K)
[324.818s][info][gc,heap        ] GC(1138) ParOldGen: 428327K(667648K)->456191K(667648K)
[324.818s][info][gc,metaspace   ] GC(1138) Metaspace: 18845K(19008K)->18845K(19008K) NonClass: 16184K(16256K)->16184K(16256K) Class: 2661K(2752K)->2661K(2752K)
[324.818s][info][gc             ] GC(1138) Pause Young (Allocation Failure) 617M->494M(894M) 55.052ms
[324.818s][info][gc,cpu         ] GC(1138) User=0.11s Sys=0.00s Real=0.06s
[325.048s][info][gc,start       ] GC(1139) Pause Young (Allocation Failure)
[325.119s][info][gc,heap        ] GC(1139) PSYoungGen: 226560K(247808K)->21320K(258048K) Eden: 176640K(176640K)->0K(184832K) From: 49920K(71168K)->21320K(73216K)
[325.119s][info][gc,heap        ] GC(1139) ParOldGen: 456191K(667648K)->506623K(667648K)
[325.119s][info][gc,metaspace   ] GC(1139) Metaspace: 18845K(19008K)->18845K(19008K) NonClass: 16184K(16256K)->16184K(16256K) Class: 2661K(2752K)->2661K(2752K)
[325.119s][info][gc             ] GC(1139) Pause Young (Allocation Failure) 666M->515M(904M) 71.564ms
[325.119s][info][gc,cpu         ] GC(1139) User=0.15s Sys=0.00s Real=0.07s
[325.345s][info][gc,start       ] GC(1140) Pause Young (Allocation Failure)
[325.413s][info][gc,heap        ] GC(1140) PSYoungGen: 206152K(258048K)->33792K(257024K) Eden: 184832K(184832K)->0K(184832K) From: 21320K(73216K)->33792K(72192K)
[325.413s][info][gc,heap        ] GC(1140) ParOldGen: 506623K(667648K)->527958K(667648K)
[325.413s][info][gc,metaspace   ] GC(1140) Metaspace: 18845K(19008K)->18845K(19008K) NonClass: 16184K(16256K)->16184K(16256K) Class: 2661K(2752K)->2661K(2752K)
[325.413s][info][gc             ] GC(1140) Pause Young (Allocation Failure) 696M->548M(903M) 67.809ms
[325.413s][info][gc,cpu         ] GC(1140) User=0.14s Sys=0.00s Real=0.07s
[325.582s][info][gc,start       ] GC(1141) Pause Young (Allocation Failure)
[325.622s][info][gc,heap        ] GC(1141) PSYoungGen: 218624K(257024K)->4544K(260096K) Eden: 184832K(184832K)->0K(189952K) From: 33792K(72192K)->4544K(70144K)
[325.622s][info][gc,heap        ] GC(1141) ParOldGen: 527958K(667648K)->561798K(667648K)
[325.622s][info][gc,metaspace   ] GC(1141) Metaspace: 18845K(19008K)->18845K(19008K) NonClass: 16184K(16256K)->16184K(16256K) Class: 2661K(2752K)->2661K(2752K)
[325.622s][info][gc             ] GC(1141) Pause Young (Allocation Failure) 729M->553M(906M) 40.182ms
[325.622s][info][gc,cpu         ] GC(1141) User=0.08s Sys=0.00s Real=0.04s
[325.831s][info][gc,start       ] GC(1142) Pause Young (Allocation Failure)
[325.848s][info][gc,heap        ] GC(1142) PSYoungGen: 194496K(260096K)->4064K(259584K) Eden: 189952K(189952K)->0K(189952K) From: 4544K(70144K)->4064K(69632K)
[325.848s][info][gc,heap        ] GC(1142) ParOldGen: 561798K(667648K)->566318K(667648K)
[325.848s][info][gc,metaspace   ] GC(1142) Metaspace: 18845K(19008K)->18845K(19008K) NonClass: 16184K(16256K)->16184K(16256K) Class: 2661K(2752K)->2661K(2752K)
[325.848s][info][gc             ] GC(1142) Pause Young (Allocation Failure) 738M->557M(905M) 16.547ms
[325.848s][info][gc,cpu         ] GC(1142) User=0.03s Sys=0.00s Real=0.02s
[326.153s][info][gc,start       ] GC(1143) Pause Young (Allocation Failure)
[326.196s][info][gc,heap        ] GC(1143) PSYoungGen: 194016K(259584K)->26784K(261120K) Eden: 189952K(189952K)->0K(196096K) From: 4064K(69632K)->26784K(65024K)
[326.196s][info][gc,heap        ] GC(1143) ParOldGen: 566318K(667648K)->570350K(667648K)
[326.196s][info][gc,metaspace   ] GC(1143) Metaspace: 18845K(19008K)->18845K(19008K) NonClass: 16184K(16256K)->16184K(16256K) Class: 2661K(2752K)->2661K(2752K)
[326.196s][info][gc             ] GC(1143) Pause Young (Allocation Failure) 742M->583M(907M) 43.308ms
[326.196s][info][gc,cpu         ] GC(1143) User=0.08s Sys=0.00s Real=0.05s
[326.411s][info][gc,start       ] GC(1144) Pause Young (Allocation Failure)
[326.481s][info][gc,heap        ] GC(1144) PSYoungGen: 222880K(261120K)->58962K(255488K) Eden: 196096K(196096K)->0K(196096K) From: 26784K(65024K)->58962K(59392K)
[326.481s][info][gc,heap        ] GC(1144) ParOldGen: 570350K(667648K)->597150K(667648K)
[326.481s][info][gc,metaspace   ] GC(1144) Metaspace: 18845K(19008K)->18845K(19008K) NonClass: 16184K(16256K)->16184K(16256K) Class: 2661K(2752K)->2661K(2752K)
[326.481s][info][gc             ] GC(1144) Pause Young (Allocation Failure) 774M->640M(901M) 70.813ms
[326.481s][info][gc,cpu         ] GC(1144) User=0.14s Sys=0.00s Real=0.07s
[326.792s][info][gc,start       ] GC(1145) Pause Young (Allocation Failure)
[326.876s][info][gc,heap        ] GC(1145) PSYoungGen: 255058K(255488K)->22272K(263168K) Eden: 196096K(196096K)->0K(187904K) From: 58962K(59392K)->22272K(75264K)
[326.876s][info][gc,heap        ] GC(1145) ParOldGen: 597150K(667648K)->656764K(667648K)
[326.876s][info][gc,metaspace   ] GC(1145) Metaspace: 18845K(19008K)->18845K(19008K) NonClass: 16184K(16256K)->16184K(16256K) Class: 2661K(2752K)->2661K(2752K)
[326.876s][info][gc             ] GC(1145) Pause Young (Allocation Failure) 832M->663M(909M) 83.721ms
[326.876s][info][gc,cpu         ] GC(1145) User=0.12s Sys=0.05s Real=0.08s
[327.133s][info][gc,start       ] GC(1146) Pause Full (Allocation Failure)
[327.133s][info][gc,phases,start] GC(1146) Marking Phase
[327.504s][info][gc,phases      ] GC(1146) Marking Phase 370.828ms
[327.504s][info][gc,phases,start] GC(1146) Summary Phase
[327.504s][info][gc,phases      ] GC(1146) Summary Phase 0.029ms
[327.504s][info][gc,phases,start] GC(1146) Forward
[327.641s][info][gc,phases      ] GC(1146) Forward 137.159ms
[327.641s][info][gc,phases,start] GC(1146) Adjust Pointers
[327.929s][info][gc,phases      ] GC(1146) Adjust Pointers 287.966ms
[327.929s][info][gc,phases,start] GC(1146) Compaction Phase
[328.096s][info][gc,phases      ] GC(1146) Compaction Phase 166.921ms
[328.108s][info][gc,phases,start] GC(1146) Post Compact
[328.110s][info][gc,phases      ] GC(1146) Post Compact 2.536ms
[328.111s][info][gc,heap        ] GC(1146) PSYoungGen: 210176K(263168K)->0K(258560K) Eden: 187904K(187904K)->0K(187904K) From: 22272K(75264K)->0K(70656K)
[328.111s][info][gc,heap        ] GC(1146) ParOldGen: 656764K(667648K)->507407K(667648K)
[328.111s][info][gc,metaspace   ] GC(1146) Metaspace: 18845K(19008K)->18845K(19008K) NonClass: 16184K(16256K)->16184K(16256K) Class: 2661K(2752K)->2661K(2752K)
[328.111s][info][gc             ] GC(1146) Pause Full (Allocation Failure) 846M->495M(904M) 977.807ms
[328.111s][info][gc,cpu         ] GC(1146) User=1.85s Sys=0.00s Real=0.98s
[328.290s][info][gc,start       ] GC(1147) Pause Young (Allocation Failure)
[328.308s][info][gc,heap        ] GC(1147) PSYoungGen: 187904K(258560K)->13024K(260608K) Eden: 187904K(187904K)->0K(190464K) From: 0K(70656K)->13024K(70144K)
[328.308s][info][gc,heap        ] GC(1147) ParOldGen: 507407K(667648K)->507407K(667648K)
[328.308s][info][gc,metaspace   ] GC(1147) Metaspace: 18845K(19008K)->18845K(19008K) NonClass: 16184K(16256K)->16184K(16256K) Class: 2661K(2752K)->2661K(2752K)
[328.308s][info][gc             ] GC(1147) Pause Young (Allocation Failure) 679M->508M(906M) 18.061ms
[328.308s][info][gc,cpu         ] GC(1147) User=0.03s Sys=0.00s Real=0.02s
[328.512s][info][gc,start       ] GC(1148) Pause Young (Allocation Failure)
[328.535s][info][gc,heap        ] GC(1148) PSYoungGen: 203488K(260608K)->4064K(258560K) Eden: 190464K(190464K)->0K(190464K) From: 13024K(70144K)->4064K(68096K)
[328.535s][info][gc,heap        ] GC(1148) ParOldGen: 507407K(667648K)->520431K(667648K)
[328.535s][info][gc,metaspace   ] GC(1148) Metaspace: 18845K(19008K)->18845K(19008K) NonClass: 16184K(16256K)->16184K(16256K) Class: 2661K(2752K)->2661K(2752K)
[328.535s][info][gc             ] GC(1148) Pause Young (Allocation Failure) 694M->512M(904M) 22.795ms
[328.535s][info][gc,cpu         ] GC(1148) User=0.04s Sys=0.00s Real=0.02s
[328.851s][info][gc,start       ] GC(1149) Pause Young (Allocation Failure)
[328.877s][info][gc,heap        ] GC(1149) PSYoungGen: 194528K(258560K)->24000K(261632K) Eden: 190464K(190464K)->0K(198656K) From: 4064K(68096K)->24000K(62976K)
[328.877s][info][gc,heap        ] GC(1149) ParOldGen: 520431K(667648K)->520431K(667648K)
[328.877s][info][gc,metaspace   ] GC(1149) Metaspace: 18845K(19008K)->18845K(19008K) NonClass: 16184K(16256K)->16184K(16256K) Class: 2661K(2752K)->2661K(2752K)
[328.877s][info][gc             ] GC(1149) Pause Young (Allocation Failure) 698M->531M(907M) 26.626ms
[328.878s][info][gc,cpu         ] GC(1149) User=0.06s Sys=0.00s Real=0.03s
[329.407s][info][gc,start       ] GC(1150) Pause Young (Allocation Failure)
[329.441s][info][gc,heap        ] GC(1150) PSYoungGen: 222656K(261632K)->30928K(262144K) Eden: 198656K(198656K)->0K(198656K) From: 24000K(62976K)->30928K(63488K)
[329.441s][info][gc,heap        ] GC(1150) ParOldGen: 520431K(667648K)->520431K(667648K)
[329.441s][info][gc,metaspace   ] GC(1150) Metaspace: 18845K(19008K)->18845K(19008K) NonClass: 16184K(16256K)->16184K(16256K) Class: 2661K(2752K)->2661K(2752K)
[329.441s][info][gc             ] GC(1150) Pause Young (Allocation Failure) 725M->538M(908M) 33.791ms
[329.441s][info][gc,cpu         ] GC(1150) User=0.07s Sys=0.00s Real=0.03s
[329.923s][info][gc,start       ] GC(1151) Pause Young (Allocation Failure)
[329.955s][info][gc,heap        ] GC(1151) PSYoungGen: 229584K(262144K)->30736K(268800K) Eden: 198656K(198656K)->0K(207872K) From: 30928K(63488K)->30736K(60928K)
[329.955s][info][gc,heap        ] GC(1151) ParOldGen: 520431K(667648K)->520431K(667648K)
[329.955s][info][gc,metaspace   ] GC(1151) Metaspace: 18845K(19008K)->18845K(19008K) NonClass: 16184K(16256K)->16184K(16256K) Class: 2661K(2752K)->2661K(2752K)
[329.955s][info][gc             ] GC(1151) Pause Young (Allocation Failure) 732M->538M(914M) 32.158ms
[329.955s][info][gc,cpu         ] GC(1151) User=0.07s Sys=0.00s Real=0.03s
[330.415s][info][gc,start       ] GC(1152) Pause Young (Allocation Failure)
[330.456s][info][gc,heap        ] GC(1152) PSYoungGen: 238608K(268800K)->31040K(269312K) Eden: 207872K(207872K)->0K(207872K) From: 30736K(60928K)->31040K(61440K)
[330.456s][info][gc,heap        ] GC(1152) ParOldGen: 520431K(667648K)->520431K(667648K)
[330.456s][info][gc,metaspace   ] GC(1152) Metaspace: 18845K(19008K)->18845K(19008K) NonClass: 16184K(16256K)->16184K(16256K) Class: 2661K(2752K)->2661K(2752K)
[330.456s][info][gc             ] GC(1152) Pause Young (Allocation Failure) 741M->538M(915M) 40.902ms
[330.456s][info][gc,cpu         ] GC(1152) User=0.08s Sys=0.00s Real=0.05s
[330.657s][info][gc,start       ] GC(1153) Pause Young (Allocation Failure)
[330.750s][info][gc,heap        ] GC(1153) PSYoungGen: 238912K(269312K)->60384K(222208K) Eden: 207872K(207872K)->0K(161792K) From: 31040K(61440K)->60384K(60416K)
[330.750s][info][gc,heap        ] GC(1153) ParOldGen: 520431K(667648K)->562423K(667648K)
[330.750s][info][gc,metaspace   ] GC(1153) Metaspace: 18845K(19008K)->18845K(19008K) NonClass: 16184K(16256K)->16184K(16256K) Class: 2661K(2752K)->2661K(2752K)
[330.750s][info][gc             ] GC(1153) Pause Young (Allocation Failure) 741M->608M(869M) 92.729ms
[330.750s][info][gc,cpu         ] GC(1153) User=0.18s Sys=0.00s Real=0.09s
[331.031s][info][gc,start       ] GC(1154) Pause Young (Allocation Failure)
[331.111s][info][gc,heap        ] GC(1154) PSYoungGen: 222176K(222208K)->41872K(247808K) Eden: 161792K(161792K)->0K(161792K) From: 60384K(60416K)->41872K(86016K)
[331.111s][info][gc,heap        ] GC(1154) ParOldGen: 562423K(667648K)->586439K(667648K)
[331.111s][info][gc,metaspace   ] GC(1154) Metaspace: 18845K(19008K)->18845K(19008K) NonClass: 16184K(16256K)->16184K(16256K) Class: 2661K(2752K)->2661K(2752K)
[331.111s][info][gc             ] GC(1154) Pause Young (Allocation Failure) 766M->613M(894M) 79.940ms
[331.111s][info][gc,cpu         ] GC(1154) User=0.16s Sys=0.00s Real=0.08s
[331.343s][info][gc,start       ] GC(1155) Pause Young (Allocation Failure)
[331.437s][info][gc,heap        ] GC(1155) PSYoungGen: 203664K(247808K)->73568K(230400K) Eden: 161792K(161792K)->0K(146432K) From: 41872K(86016K)->73568K(83968K)
[331.437s][info][gc,heap        ] GC(1155) ParOldGen: 586439K(667648K)->593175K(667648K)
[331.437s][info][gc,metaspace   ] GC(1155) Metaspace: 18845K(19008K)->18845K(19008K) NonClass: 16184K(16256K)->16184K(16256K) Class: 2661K(2752K)->2661K(2752K)
[331.437s][info][gc             ] GC(1155) Pause Young (Allocation Failure) 771M->651M(877M) 94.115ms
[331.437s][info][gc,cpu         ] GC(1155) User=0.19s Sys=0.00s Real=0.10s
[331.616s][info][gc,start       ] GC(1156) Pause Young (Allocation Failure)
[331.725s][info][gc,heap        ] GC(1156) PSYoungGen: 220000K(230400K)->91488K(238080K) Eden: 146432K(146432K)->0K(146432K) From: 73568K(83968K)->91488K(91648K)
[331.726s][info][gc,heap        ] GC(1156) ParOldGen: 593175K(667648K)->593503K(667648K)
[331.726s][info][gc,metaspace   ] GC(1156) Metaspace: 18845K(19008K)->18845K(19008K) NonClass: 16184K(16256K)->16184K(16256K) Class: 2661K(2752K)->2661K(2752K)
[331.726s][info][gc             ] GC(1156) Pause Young (Allocation Failure) 794M->668M(884M) 109.446ms
[331.726s][info][gc,cpu         ] GC(1156) User=0.22s Sys=0.00s Real=0.11s
[331.876s][info][gc,start       ] GC(1157) Pause Young (Allocation Failure)
[331.981s][info][gc,heap        ] GC(1157) PSYoungGen: 237920K(238080K)->57312K(215552K) Eden: 146432K(146432K)->0K(119808K) From: 91488K(91648K)->57312K(95744K)
[331.981s][info][gc,heap        ] GC(1157) ParOldGen: 593503K(667648K)->628548K(667648K)
[331.981s][info][gc,metaspace   ] GC(1157) Metaspace: 18845K(19008K)->18845K(19008K) NonClass: 16184K(16256K)->16184K(16256K) Class: 2661K(2752K)->2661K(2752K)
[331.981s][info][gc             ] GC(1157) Pause Young (Allocation Failure) 811M->669M(862M) 105.217ms
[331.981s][info][gc,cpu         ] GC(1157) User=0.20s Sys=0.00s Real=0.10s
[332.112s][info][gc,start       ] GC(1158) Pause Full (Allocation Failure)
[332.112s][info][gc,phases,start] GC(1158) Marking Phase
[332.618s][info][gc,phases      ] GC(1158) Marking Phase 505.497ms
[332.618s][info][gc,phases,start] GC(1158) Summary Phase
[332.618s][info][gc,phases      ] GC(1158) Summary Phase 0.030ms
[332.618s][info][gc,phases,start] GC(1158) Forward
[332.779s][info][gc,phases      ] GC(1158) Forward 160.954ms
[332.779s][info][gc,phases,start] GC(1158) Adjust Pointers
[333.162s][info][gc,phases      ] GC(1158) Adjust Pointers 382.922ms
[333.162s][info][gc,phases,start] GC(1158) Compaction Phase
[333.414s][info][gc,phases      ] GC(1158) Compaction Phase 251.905ms
[333.426s][info][gc,phases,start] GC(1158) Post Compact
[333.428s][info][gc,phases      ] GC(1158) Post Compact 2.373ms
[333.428s][info][gc,heap        ] GC(1158) PSYoungGen: 177120K(215552K)->0K(226816K) Eden: 119808K(119808K)->0K(119808K) From: 57312K(95744K)->0K(107008K)
[333.428s][info][gc,heap        ] GC(1158) ParOldGen: 628548K(667648K)->635740K(667648K)
[333.428s][info][gc,metaspace   ] GC(1158) Metaspace: 18845K(19008K)->18845K(19008K) NonClass: 16184K(16256K)->16184K(16256K) Class: 2661K(2752K)->2661K(2752K)
[333.428s][info][gc             ] GC(1158) Pause Full (Allocation Failure) 786M->620M(873M) 1316.126ms
[333.428s][info][gc,cpu         ] GC(1158) User=2.56s Sys=0.00s Real=1.32s
[333.597s][info][gc,start       ] GC(1159) Pause Full (Allocation Failure)
[333.597s][info][gc,phases,start] GC(1159) Marking Phase
[334.008s][info][gc,phases      ] GC(1159) Marking Phase 410.641ms
[334.008s][info][gc,phases,start] GC(1159) Summary Phase
[334.008s][info][gc,phases      ] GC(1159) Summary Phase 0.027ms
[334.008s][info][gc,phases,start] GC(1159) Forward
[334.150s][info][gc,phases      ] GC(1159) Forward 141.786ms
[334.150s][info][gc,phases,start] GC(1159) Adjust Pointers
[334.450s][info][gc,phases      ] GC(1159) Adjust Pointers 299.718ms
[334.450s][info][gc,phases,start] GC(1159) Compaction Phase
[334.621s][info][gc,phases      ] GC(1159) Compaction Phase 171.593ms
[334.633s][info][gc,phases,start] GC(1159) Post Compact
[334.635s][info][gc,phases      ] GC(1159) Post Compact 2.283ms
[334.635s][info][gc,heap        ] GC(1159) PSYoungGen: 119808K(226816K)->0K(226816K) Eden: 119808K(119808K)->0K(119808K) From: 0K(107008K)->0K(107008K)
[334.635s][info][gc,heap        ] GC(1159) ParOldGen: 635740K(667648K)->523951K(667648K)
[334.635s][info][gc,metaspace   ] GC(1159) Metaspace: 18845K(19008K)->18845K(19008K) NonClass: 16184K(16256K)->16184K(16256K) Class: 2661K(2752K)->2661K(2752K)
[334.635s][info][gc             ] GC(1159) Pause Full (Allocation Failure) 737M->511M(873M) 1037.712ms
[334.635s][info][gc,cpu         ] GC(1159) User=1.96s Sys=0.00s Real=1.03s
[334.824s][info][gc,start       ] GC(1160) Pause Young (Allocation Failure)
[334.843s][info][gc,heap        ] GC(1160) PSYoungGen: 119808K(226816K)->14960K(135168K) Eden: 119808K(119808K)->0K(119808K) From: 0K(107008K)->14960K(15360K)
[334.843s][info][gc,heap        ] GC(1160) ParOldGen: 523951K(667648K)->523951K(667648K)
[334.843s][info][gc,metaspace   ] GC(1160) Metaspace: 18845K(19008K)->18845K(19008K) NonClass: 16184K(16256K)->16184K(16256K) Class: 2661K(2752K)->2661K(2752K)
[334.843s][info][gc             ] GC(1160) Pause Young (Allocation Failure) 628M->526M(784M) 19.015ms
[334.843s][info][gc,cpu         ] GC(1160) User=0.04s Sys=0.00s Real=0.02s
[335.071s][info][gc,start       ] GC(1161) Pause Young (Allocation Failure)
[335.101s][info][gc,heap        ] GC(1161) PSYoungGen: 134768K(135168K)->26875K(229888K) Eden: 119808K(119808K)->0K(123904K) From: 14960K(15360K)->26875K(105984K)
[335.101s][info][gc,heap        ] GC(1161) ParOldGen: 523951K(667648K)->523951K(667648K)
[335.101s][info][gc,metaspace   ] GC(1161) Metaspace: 18847K(19008K)->18847K(19008K) NonClass: 16186K(16256K)->16186K(16256K) Class: 2661K(2752K)->2661K(2752K)
[335.101s][info][gc             ] GC(1161) Pause Young (Allocation Failure) 643M->537M(876M) 29.500ms
[335.101s][info][gc,cpu         ] GC(1161) User=0.06s Sys=0.00s Real=0.03s
[335.309s][info][gc,start       ] GC(1162) Pause Young (Allocation Failure)
[335.334s][info][gc,heap        ] GC(1162) PSYoungGen: 150779K(229888K)->22908K(146944K) Eden: 123904K(123904K)->0K(123904K) From: 26875K(105984K)->22908K(23040K)
[335.334s][info][gc,heap        ] GC(1162) ParOldGen: 523951K(667648K)->523951K(667648K)
[335.334s][info][gc,metaspace   ] GC(1162) Metaspace: 18852K(19008K)->18852K(19008K) NonClass: 16191K(16256K)->16191K(16256K) Class: 2661K(2752K)->2661K(2752K)
[335.334s][info][gc             ] GC(1162) Pause Young (Allocation Failure) 658M->534M(795M) 25.274ms
[335.334s][info][gc,cpu         ] GC(1162) User=0.04s Sys=0.00s Real=0.02s
[335.499s][info][gc,start       ] GC(1163) Pause Young (Allocation Failure)
[335.540s][info][gc,heap        ] GC(1163) PSYoungGen: 146812K(146944K)->46108K(227840K) Eden: 123904K(123904K)->0K(129024K) From: 22908K(23040K)->46108K(98816K)
[335.540s][info][gc,heap        ] GC(1163) ParOldGen: 523951K(667648K)->523951K(667648K)
[335.540s][info][gc,metaspace   ] GC(1163) Metaspace: 18852K(19008K)->18852K(19008K) NonClass: 16191K(16256K)->16191K(16256K) Class: 2661K(2752K)->2661K(2752K)
[335.540s][info][gc             ] GC(1163) Pause Young (Allocation Failure) 655M->556M(874M) 41.298ms
[335.540s][info][gc,cpu         ] GC(1163) User=0.08s Sys=0.00s Real=0.04s
[335.698s][info][gc,start       ] GC(1164) Pause Young (Allocation Failure)
[335.750s][info][gc,heap        ] GC(1164) PSYoungGen: 175132K(227840K)->54108K(224768K) Eden: 129024K(129024K)->0K(129024K) From: 46108K(98816K)->54108K(95744K)
[335.750s][info][gc,heap        ] GC(1164) ParOldGen: 523951K(667648K)->523951K(667648K)
[335.750s][info][gc,metaspace   ] GC(1164) Metaspace: 18852K(19008K)->18852K(19008K) NonClass: 16191K(16256K)->16191K(16256K) Class: 2661K(2752K)->2661K(2752K)
[335.750s][info][gc             ] GC(1164) Pause Young (Allocation Failure) 682M->564M(871M) 52.222ms
[335.750s][info][gc,cpu         ] GC(1164) User=0.11s Sys=0.00s Real=0.05s
[335.902s][info][gc,start       ] GC(1165) Pause Young (Allocation Failure)
[335.959s][info][gc,heap        ] GC(1165) PSYoungGen: 183132K(224768K)->59035K(233472K) Eden: 129024K(129024K)->0K(137728K) From: 54108K(95744K)->59035K(95744K)
[335.959s][info][gc,heap        ] GC(1165) ParOldGen: 523951K(667648K)->523951K(667648K)
[335.959s][info][gc,metaspace   ] GC(1165) Metaspace: 18852K(19008K)->18852K(19008K) NonClass: 16191K(16256K)->16191K(16256K) Class: 2661K(2752K)->2661K(2752K)
[335.959s][info][gc             ] GC(1165) Pause Young (Allocation Failure) 690M->569M(880M) 57.797ms
[335.959s][info][gc,cpu         ] GC(1165) User=0.11s Sys=0.00s Real=0.06s
[336.302s][info][gc,start       ] GC(1166) Pause Young (Allocation Failure)
[336.360s][info][gc,heap        ] GC(1166) PSYoungGen: 196763K(233472K)->59147K(234496K) Eden: 137728K(137728K)->0K(137728K) From: 59035K(95744K)->59147K(96768K)
[336.360s][info][gc,heap        ] GC(1166) ParOldGen: 523951K(667648K)->523951K(667648K)
[336.360s][info][gc,metaspace   ] GC(1166) Metaspace: 18852K(19008K)->18852K(19008K) NonClass: 16191K(16256K)->16191K(16256K) Class: 2661K(2752K)->2661K(2752K)
[336.360s][info][gc             ] GC(1166) Pause Young (Allocation Failure) 703M->569M(881M) 58.111ms
[336.360s][info][gc,cpu         ] GC(1166) User=0.12s Sys=0.00s Real=0.06s
[336.566s][info][gc,start       ] GC(1167) Pause Young (Allocation Failure)
[336.638s][info][gc,heap        ] GC(1167) PSYoungGen: 196875K(234496K)->72700K(225792K) Eden: 137728K(137728K)->0K(128000K) From: 59147K(96768K)->72700K(97792K)
[336.638s][info][gc,heap        ] GC(1167) ParOldGen: 523951K(667648K)->523951K(667648K)
[336.638s][info][gc,metaspace   ] GC(1167) Metaspace: 18852K(19008K)->18852K(19008K) NonClass: 16191K(16256K)->16191K(16256K) Class: 2661K(2752K)->2661K(2752K)
[336.638s][info][gc             ] GC(1167) Pause Young (Allocation Failure) 703M->582M(872M) 71.977ms
[336.638s][info][gc,cpu         ] GC(1167) User=0.14s Sys=0.00s Real=0.07s
[336.818s][info][gc,start       ] GC(1168) Pause Young (Allocation Failure)
[336.859s][info][gc,heap        ] GC(1168) PSYoungGen: 200700K(225792K)->43643K(230912K) Eden: 128000K(128000K)->0K(128000K) From: 72700K(97792K)->43643K(102912K)
[336.859s][info][gc,heap        ] GC(1168) ParOldGen: 523951K(667648K)->523951K(667648K)
[336.859s][info][gc,metaspace   ] GC(1168) Metaspace: 18852K(19008K)->18852K(19008K) NonClass: 16191K(16256K)->16191K(16256K) Class: 2661K(2752K)->2661K(2752K)
[336.859s][info][gc             ] GC(1168) Pause Young (Allocation Failure) 707M->554M(877M) 41.151ms
[336.859s][info][gc,cpu         ] GC(1168) User=0.09s Sys=0.00s Real=0.04s
[336.932s][info][gc,start       ] GC(1169) Pause Young (Allocation Failure)
[337.010s][info][gc,heap        ] GC(1169) PSYoungGen: 171643K(230912K)->90636K(213504K) Eden: 128000K(128000K)->0K(115712K) From: 43643K(102912K)->90636K(97792K)
[337.011s][info][gc,heap        ] GC(1169) ParOldGen: 523951K(667648K)->523951K(667648K)
[337.011s][info][gc,metaspace   ] GC(1169) Metaspace: 18852K(19008K)->18852K(19008K) NonClass: 16191K(16256K)->16191K(16256K) Class: 2661K(2752K)->2661K(2752K)
[337.011s][info][gc             ] GC(1169) Pause Young (Allocation Failure) 679M->600M(860M) 78.288ms
[337.011s][info][gc,cpu         ] GC(1169) User=0.16s Sys=0.00s Real=0.08s
[337.220s][info][gc,start       ] GC(1170) Pause Young (Allocation Failure)
[337.304s][info][gc,heap        ] GC(1170) PSYoungGen: 206348K(213504K)->109052K(224768K) Eden: 115712K(115712K)->0K(115712K) From: 90636K(97792K)->109052K(109056K)
[337.304s][info][gc,heap        ] GC(1170) ParOldGen: 523951K(667648K)->525951K(667648K)
[337.304s][info][gc,metaspace   ] GC(1170) Metaspace: 18852K(19008K)->18852K(19008K) NonClass: 16191K(16256K)->16191K(16256K) Class: 2661K(2752K)->2661K(2752K)
[337.304s][info][gc             ] GC(1170) Pause Young (Allocation Failure) 713M->620M(871M) 84.151ms
[337.304s][info][gc,cpu         ] GC(1170) User=0.17s Sys=0.00s Real=0.08s
[337.452s][info][gc,start       ] GC(1171) Pause Young (Allocation Failure)
[337.524s][info][gc,heap        ] GC(1171) PSYoungGen: 224764K(224768K)->82796K(220672K) Eden: 115712K(115712K)->0K(111616K) From: 109052K(109056K)->82796K(109056K)
[337.525s][info][gc,heap        ] GC(1171) ParOldGen: 525951K(667648K)->540927K(667648K)
[337.525s][info][gc,metaspace   ] GC(1171) Metaspace: 18852K(19008K)->18852K(19008K) NonClass: 16191K(16256K)->16191K(16256K) Class: 2661K(2752K)->2661K(2752K)
[337.525s][info][gc             ] GC(1171) Pause Young (Allocation Failure) 733M->609M(867M) 72.748ms
[337.525s][info][gc,cpu         ] GC(1171) User=0.15s Sys=0.00s Real=0.07s
[337.675s][info][gc,start       ] GC(1172) Pause Young (Allocation Failure)
[337.776s][info][gc,heap        ] GC(1172) PSYoungGen: 194412K(220672K)->106896K(222720K) Eden: 111616K(111616K)->0K(111616K) From: 82796K(109056K)->106896K(111104K)
[337.776s][info][gc,heap        ] GC(1172) ParOldGen: 540927K(667648K)->548283K(667648K)
[337.776s][info][gc,metaspace   ] GC(1172) Metaspace: 18852K(19008K)->18852K(19008K) NonClass: 16191K(16256K)->16191K(16256K) Class: 2661K(2752K)->2661K(2752K)
[337.776s][info][gc             ] GC(1172) Pause Young (Allocation Failure) 718M->639M(869M) 101.366ms
[337.776s][info][gc,cpu         ] GC(1172) User=0.20s Sys=0.00s Real=0.11s
[337.912s][info][gc,start       ] GC(1173) Pause Young (Allocation Failure)
[338.047s][info][gc,heap        ] GC(1173) PSYoungGen: 218512K(222720K)->111088K(222720K) Eden: 111616K(111616K)->0K(111616K) From: 106896K(111104K)->111088K(111104K)
[338.047s][info][gc,heap        ] GC(1173) ParOldGen: 548283K(667648K)->563131K(667648K)
[338.047s][info][gc,metaspace   ] GC(1173) Metaspace: 18852K(19008K)->18852K(19008K) NonClass: 16191K(16256K)->16191K(16256K) Class: 2661K(2752K)->2661K(2752K)
[338.047s][info][gc             ] GC(1173) Pause Young (Allocation Failure) 748M->658M(869M) 134.959ms
[338.047s][info][gc,cpu         ] GC(1173) User=0.26s Sys=0.01s Real=0.14s
[338.141s][info][gc,start       ] GC(1174) Pause Young (Allocation Failure)
[338.261s][info][gc,heap        ] GC(1174) PSYoungGen: 222704K(222720K)->111088K(222720K) Eden: 111616K(111616K)->0K(111616K) From: 111088K(111104K)->111088K(111104K)
[338.261s][info][gc,heap        ] GC(1174) ParOldGen: 563131K(667648K)->567144K(667648K)
[338.261s][info][gc,metaspace   ] GC(1174) Metaspace: 18852K(19008K)->18852K(19008K) NonClass: 16191K(16256K)->16191K(16256K) Class: 2661K(2752K)->2661K(2752K)
[338.261s][info][gc             ] GC(1174) Pause Young (Allocation Failure) 767M->662M(869M) 119.674ms
[338.261s][info][gc,cpu         ] GC(1174) User=0.24s Sys=0.00s Real=0.12s
[338.380s][info][gc,start       ] GC(1175) Pause Young (Allocation Failure)
[338.491s][info][gc,heap        ] GC(1175) PSYoungGen: 222704K(222720K)->105584K(222720K) Eden: 111616K(111616K)->0K(111616K) From: 111088K(111104K)->105584K(111104K)
[338.491s][info][gc,heap        ] GC(1175) ParOldGen: 567144K(667648K)->573472K(667648K)
[338.491s][info][gc,metaspace   ] GC(1175) Metaspace: 18852K(19008K)->18852K(19008K) NonClass: 16191K(16256K)->16191K(16256K) Class: 2661K(2752K)->2661K(2752K)
[338.491s][info][gc             ] GC(1175) Pause Young (Allocation Failure) 771M->663M(869M) 111.139ms
[338.491s][info][gc,cpu         ] GC(1175) User=0.22s Sys=0.00s Real=0.11s
[338.617s][info][gc,start       ] GC(1176) Pause Young (Allocation Failure)
[338.729s][info][gc,heap        ] GC(1176) PSYoungGen: 217200K(222720K)->44128K(222720K) Eden: 111616K(111616K)->0K(111616K) From: 105584K(111104K)->44128K(111104K)
[338.729s][info][gc,heap        ] GC(1176) ParOldGen: 573472K(667648K)->639613K(667648K)
[338.729s][info][gc,metaspace   ] GC(1176) Metaspace: 18852K(19008K)->18852K(19008K) NonClass: 16191K(16256K)->16191K(16256K) Class: 2661K(2752K)->2661K(2752K)
[338.729s][info][gc             ] GC(1176) Pause Young (Allocation Failure) 772M->667M(869M) 111.639ms
[338.729s][info][gc,cpu         ] GC(1176) User=0.22s Sys=0.00s Real=0.11s
[338.893s][info][gc,start       ] GC(1177) Pause Full (Allocation Failure)
[338.893s][info][gc,phases,start] GC(1177) Marking Phase
[339.162s][info][gc,phases      ] GC(1177) Marking Phase 268.523ms
[339.162s][info][gc,phases,start] GC(1177) Summary Phase
[339.162s][info][gc,phases      ] GC(1177) Summary Phase 0.028ms
[339.162s][info][gc,phases,start] GC(1177) Forward
[339.287s][info][gc,phases      ] GC(1177) Forward 125.766ms
[339.287s][info][gc,phases,start] GC(1177) Adjust Pointers
[339.490s][info][gc,phases      ] GC(1177) Adjust Pointers 202.749ms
[339.490s][info][gc,phases,start] GC(1177) Compaction Phase
[339.608s][info][gc,phases      ] GC(1177) Compaction Phase 117.520ms
[339.620s][info][gc,phases,start] GC(1177) Post Compact
[339.622s][info][gc,phases      ] GC(1177) Post Compact 2.302ms
[339.622s][info][gc,heap        ] GC(1177) PSYoungGen: 155744K(222720K)->0K(222720K) Eden: 111616K(111616K)->0K(111616K) From: 44128K(111104K)->0K(111104K)
[339.622s][info][gc,heap        ] GC(1177) ParOldGen: 639613K(667648K)->362126K(667648K)
[339.622s][info][gc,metaspace   ] GC(1177) Metaspace: 18852K(19008K)->18852K(19008K) NonClass: 16191K(16256K)->16191K(16256K) Class: 2661K(2752K)->2661K(2752K)
[339.622s][info][gc             ] GC(1177) Pause Full (Allocation Failure) 776M->353M(869M) 729.129ms
[339.622s][info][gc,cpu         ] GC(1177) User=1.30s Sys=0.00s Real=0.73s
[339.792s][info][gc,start       ] GC(1178) Pause Young (Allocation Failure)
[339.809s][info][gc,heap        ] GC(1178) PSYoungGen: 111616K(222720K)->14432K(222720K) Eden: 111616K(111616K)->0K(111616K) From: 0K(111104K)->14432K(111104K)
[339.809s][info][gc,heap        ] GC(1178) ParOldGen: 362126K(667648K)->362126K(667648K)
[339.809s][info][gc,metaspace   ] GC(1178) Metaspace: 18852K(19008K)->18852K(19008K) NonClass: 16191K(16256K)->16191K(16256K) Class: 2661K(2752K)->2661K(2752K)
[339.809s][info][gc             ] GC(1178) Pause Young (Allocation Failure) 462M->367M(869M) 16.651ms
[339.809s][info][gc,cpu         ] GC(1178) User=0.04s Sys=0.00s Real=0.02s
[339.971s][info][gc,start       ] GC(1179) Pause Young (Allocation Failure)
[340.004s][info][gc,heap        ] GC(1179) PSYoungGen: 126048K(222720K)->36304K(222720K) Eden: 111616K(111616K)->0K(111616K) From: 14432K(111104K)->36304K(111104K)
[340.004s][info][gc,heap        ] GC(1179) ParOldGen: 362126K(667648K)->362126K(667648K)
[340.004s][info][gc,metaspace   ] GC(1179) Metaspace: 18852K(19008K)->18852K(19008K) NonClass: 16191K(16256K)->16191K(16256K) Class: 2661K(2752K)->2661K(2752K)
[340.004s][info][gc             ] GC(1179) Pause Young (Allocation Failure) 476M->389M(869M) 33.382ms
[340.004s][info][gc,cpu         ] GC(1179) User=0.06s Sys=0.00s Real=0.03s
[340.152s][info][gc,start       ] GC(1180) Pause Young (Allocation Failure)
[340.203s][info][gc,heap        ] GC(1180) PSYoungGen: 147920K(222720K)->58928K(222720K) Eden: 111616K(111616K)->0K(111616K) From: 36304K(111104K)->58928K(111104K)
[340.203s][info][gc,heap        ] GC(1180) ParOldGen: 362126K(667648K)->362126K(667648K)
[340.203s][info][gc,metaspace   ] GC(1180) Metaspace: 18852K(19008K)->18852K(19008K) NonClass: 16191K(16256K)->16191K(16256K) Class: 2661K(2752K)->2661K(2752K)
[340.203s][info][gc             ] GC(1180) Pause Young (Allocation Failure) 498M->411M(869M) 50.704ms
[340.203s][info][gc,cpu         ] GC(1180) User=0.10s Sys=0.00s Real=0.05s
[340.391s][info][gc,start       ] GC(1181) Pause Young (Allocation Failure)
[340.452s][info][gc,heap        ] GC(1181) PSYoungGen: 170544K(222720K)->32864K(222720K) Eden: 111616K(111616K)->0K(111616K) From: 58928K(111104K)->32864K(111104K)
[340.452s][info][gc,heap        ] GC(1181) ParOldGen: 362126K(667648K)->398631K(667648K)
[340.452s][info][gc,metaspace   ] GC(1181) Metaspace: 18852K(19008K)->18852K(19008K) NonClass: 16191K(16256K)->16191K(16256K) Class: 2661K(2752K)->2661K(2752K)
[340.452s][info][gc             ] GC(1181) Pause Young (Allocation Failure) 520M->421M(869M) 60.680ms
[340.452s][info][gc,cpu         ] GC(1181) User=0.12s Sys=0.00s Real=0.06s
[340.627s][info][gc,start       ] GC(1182) Pause Young (Allocation Failure)
[340.665s][info][gc,heap        ] GC(1182) PSYoungGen: 144480K(222720K)->5184K(222720K) Eden: 111616K(111616K)->0K(111616K) From: 32864K(111104K)->5184K(111104K)
[340.665s][info][gc,heap        ] GC(1182) ParOldGen: 398631K(667648K)->431468K(667648K)
[340.665s][info][gc,metaspace   ] GC(1182) Metaspace: 18852K(19008K)->18852K(19008K) NonClass: 16191K(16256K)->16191K(16256K) Class: 2661K(2752K)->2661K(2752K)
[340.665s][info][gc             ] GC(1182) Pause Young (Allocation Failure) 530M->426M(869M) 37.801ms
[340.665s][info][gc,cpu         ] GC(1182) User=0.08s Sys=0.00s Real=0.03s
[340.798s][info][gc,start       ] GC(1183) Pause Young (Allocation Failure)
[340.822s][info][gc,heap        ] GC(1183) PSYoungGen: 116800K(222720K)->15616K(222720K) Eden: 111616K(111616K)->0K(111616K) From: 5184K(111104K)->15616K(111104K)
[340.822s][info][gc,heap        ] GC(1183) ParOldGen: 431468K(667648K)->436636K(667648K)
[340.822s][info][gc,metaspace   ] GC(1183) Metaspace: 18852K(19008K)->18852K(19008K) NonClass: 16191K(16256K)->16191K(16256K) Class: 2661K(2752K)->2661K(2752K)
[340.822s][info][gc             ] GC(1183) Pause Young (Allocation Failure) 535M->441M(869M) 23.833ms
[340.822s][info][gc,cpu         ] GC(1183) User=0.05s Sys=0.00s Real=0.02s
[340.934s][info][gc,start       ] GC(1184) Pause Young (Allocation Failure)
[340.952s][info][gc,heap        ] GC(1184) PSYoungGen: 127232K(222720K)->1024K(222720K) Eden: 111616K(111616K)->0K(111616K) From: 15616K(111104K)->1024K(111104K)
[340.952s][info][gc,heap        ] GC(1184) ParOldGen: 436636K(667648K)->452276K(667648K)
[340.952s][info][gc,metaspace   ] GC(1184) Metaspace: 18852K(19008K)->18852K(19008K) NonClass: 16191K(16256K)->16191K(16256K) Class: 2661K(2752K)->2661K(2752K)
[340.953s][info][gc             ] GC(1184) Pause Young (Allocation Failure) 550M->442M(869M) 18.529ms
[340.953s][info][gc,cpu         ] GC(1184) User=0.04s Sys=0.00s Real=0.02s
[341.084s][info][gc,start       ] GC(1185) Pause Young (Allocation Failure)
[341.094s][info][gc,heap        ] GC(1185) PSYoungGen: 112640K(222720K)->7296K(222720K) Eden: 111616K(111616K)->0K(111616K) From: 1024K(111104K)->7296K(111104K)
[341.094s][info][gc,heap        ] GC(1185) ParOldGen: 452276K(667648K)->453260K(667648K)
[341.094s][info][gc,metaspace   ] GC(1185) Metaspace: 18852K(19008K)->18852K(19008K) NonClass: 16191K(16256K)->16191K(16256K) Class: 2661K(2752K)->2661K(2752K)
[341.094s][info][gc             ] GC(1185) Pause Young (Allocation Failure) 551M->449M(869M) 10.322ms
[341.094s][info][gc,cpu         ] GC(1185) User=0.02s Sys=0.00s Real=0.01s
[341.325s][info][gc,start       ] GC(1186) Pause Young (Allocation Failure)
[341.344s][info][gc,heap        ] GC(1186) PSYoungGen: 118912K(222720K)->9216K(222720K) Eden: 111616K(111616K)->0K(111616K) From: 7296K(111104K)->9216K(111104K)
[341.345s][info][gc,heap        ] GC(1186) ParOldGen: 453260K(667648K)->460524K(667648K)
[341.345s][info][gc,metaspace   ] GC(1186) Metaspace: 18852K(19008K)->18852K(19008K) NonClass: 16191K(16256K)->16191K(16256K) Class: 2661K(2752K)->2661K(2752K)
[341.345s][info][gc             ] GC(1186) Pause Young (Allocation Failure) 558M->458M(869M) 19.313ms
[341.345s][info][gc,cpu         ] GC(1186) User=0.04s Sys=0.00s Real=0.02s
[341.603s][info][gc,start       ] GC(1187) Pause Young (Allocation Failure)
[341.614s][info][gc,heap        ] GC(1187) PSYoungGen: 120832K(222720K)->64K(222720K) Eden: 111616K(111616K)->0K(111616K) From: 9216K(111104K)->64K(111104K)
[341.615s][info][gc,heap        ] GC(1187) ParOldGen: 460524K(667648K)->469751K(667648K)
[341.615s][info][gc,metaspace   ] GC(1187) Metaspace: 18852K(19008K)->18852K(19008K) NonClass: 16191K(16256K)->16191K(16256K) Class: 2661K(2752K)->2661K(2752K)
[341.615s][info][gc             ] GC(1187) Pause Young (Allocation Failure) 567M->458M(869M) 11.110ms
[341.615s][info][gc,cpu         ] GC(1187) User=0.02s Sys=0.00s Real=0.01s
[341.843s][info][gc,start       ] GC(1188) Pause Young (Allocation Failure)
[341.844s][info][gc,heap        ] GC(1188) PSYoungGen: 111680K(222720K)->64K(222720K) Eden: 111616K(111616K)->0K(111616K) From: 64K(111104K)->64K(111104K)
[341.844s][info][gc,heap        ] GC(1188) ParOldGen: 469751K(667648K)->469794K(667648K)
[341.844s][info][gc,metaspace   ] GC(1188) Metaspace: 18852K(19008K)->18852K(19008K) NonClass: 16191K(16256K)->16191K(16256K) Class: 2661K(2752K)->2661K(2752K)
[341.844s][info][gc             ] GC(1188) Pause Young (Allocation Failure) 567M->458M(869M) 1.669ms
[341.844s][info][gc,cpu         ] GC(1188) User=0.01s Sys=0.00s Real=0.00s
[342.081s][info][gc,start       ] GC(1189) Pause Young (Allocation Failure)
[342.088s][info][gc,heap        ] GC(1189) PSYoungGen: 111680K(222720K)->64K(222720K) Eden: 111616K(111616K)->0K(111616K) From: 64K(111104K)->64K(111104K)
[342.088s][info][gc,heap        ] GC(1189) ParOldGen: 469794K(667648K)->469810K(667648K)
[342.088s][info][gc,metaspace   ] GC(1189) Metaspace: 18852K(19008K)->18852K(19008K) NonClass: 16191K(16256K)->16191K(16256K) Class: 2661K(2752K)->2661K(2752K)
[342.088s][info][gc             ] GC(1189) Pause Young (Allocation Failure) 567M->458M(869M) 6.928ms
[342.088s][info][gc,cpu         ] GC(1189) User=0.02s Sys=0.00s Real=0.01s
[342.255s][info][gc,start       ] GC(1190) Pause Young (Allocation Failure)
[342.268s][info][gc,heap        ] GC(1190) PSYoungGen: 111680K(222720K)->16800K(222720K) Eden: 111616K(111616K)->0K(111616K) From: 64K(111104K)->16800K(111104K)
[342.268s][info][gc,heap        ] GC(1190) ParOldGen: 469810K(667648K)->469826K(667648K)
[342.268s][info][gc,metaspace   ] GC(1190) Metaspace: 18852K(19008K)->18852K(19008K) NonClass: 16191K(16256K)->16191K(16256K) Class: 2661K(2752K)->2661K(2752K)
[342.268s][info][gc             ] GC(1190) Pause Young (Allocation Failure) 567M->475M(869M) 13.099ms
[342.268s][info][gc,cpu         ] GC(1190) User=0.03s Sys=0.00s Real=0.02s
[342.327s][info][gc,start       ] GC(1191) Pause Young (Allocation Failure)
[342.366s][info][gc,heap        ] GC(1191) PSYoungGen: 128416K(222720K)->40672K(222720K) Eden: 111616K(111616K)->0K(111616K) From: 16800K(111104K)->40672K(111104K)
[342.366s][info][gc,heap        ] GC(1191) ParOldGen: 469826K(667648K)->486749K(667648K)
[342.366s][info][gc,metaspace   ] GC(1191) Metaspace: 18852K(19008K)->18852K(19008K) NonClass: 16191K(16256K)->16191K(16256K) Class: 2661K(2752K)->2661K(2752K)
[342.366s][info][gc             ] GC(1191) Pause Young (Allocation Failure) 584M->515M(869M) 39.120ms
[342.366s][info][gc,cpu         ] GC(1191) User=0.07s Sys=0.00s Real=0.04s
[342.583s][info][gc,start       ] GC(1192) Pause Young (Allocation Failure)
[342.620s][info][gc,heap        ] GC(1192) PSYoungGen: 152288K(222720K)->12864K(124928K) Eden: 111616K(111616K)->0K(111616K) From: 40672K(111104K)->12864K(13312K)
[342.620s][info][gc,heap        ] GC(1192) ParOldGen: 486749K(667648K)->527860K(667648K)
[342.620s][info][gc,metaspace   ] GC(1192) Metaspace: 18852K(19008K)->18852K(19008K) NonClass: 16191K(16256K)->16191K(16256K) Class: 2661K(2752K)->2661K(2752K)
[342.620s][info][gc             ] GC(1192) Pause Young (Allocation Failure) 624M->528M(774M) 36.884ms
[342.620s][info][gc,cpu         ] GC(1192) User=0.08s Sys=0.00s Real=0.04s
[342.737s][info][gc,start       ] GC(1193) Pause Young (Allocation Failure)
[342.759s][info][gc,heap        ] GC(1193) PSYoungGen: 124480K(124928K)->14528K(222208K) Eden: 111616K(111616K)->0K(117760K) From: 12864K(13312K)->14528K(104448K)
[342.759s][info][gc,heap        ] GC(1193) ParOldGen: 527860K(667648K)->527860K(667648K)
[342.759s][info][gc,metaspace   ] GC(1193) Metaspace: 18852K(19008K)->18852K(19008K) NonClass: 16191K(16256K)->16191K(16256K) Class: 2661K(2752K)->2661K(2752K)
[342.759s][info][gc             ] GC(1193) Pause Young (Allocation Failure) 637M->529M(869M) 21.679ms
[342.759s][info][gc,cpu         ] GC(1193) User=0.04s Sys=0.00s Real=0.02s
[342.963s][info][gc,start       ] GC(1194) Pause Young (Allocation Failure)
[343.012s][info][gc,heap        ] GC(1194) PSYoungGen: 132288K(222208K)->31168K(220672K) Eden: 117760K(117760K)->0K(117760K) From: 14528K(104448K)->31168K(102912K)
[343.012s][info][gc,heap        ] GC(1194) ParOldGen: 527860K(667648K)->527860K(667648K)
[343.012s][info][gc,metaspace   ] GC(1194) Metaspace: 18853K(19008K)->18853K(19008K) NonClass: 16192K(16256K)->16192K(16256K) Class: 2661K(2752K)->2661K(2752K)
[343.012s][info][gc             ] GC(1194) Pause Young (Allocation Failure) 644M->545M(867M) 49.445ms
[343.012s][info][gc,cpu         ] GC(1194) User=0.10s Sys=0.00s Real=0.05s
[343.192s][info][gc,start       ] GC(1195) Pause Young (Allocation Failure)
[343.233s][info][gc,heap        ] GC(1195) PSYoungGen: 148928K(220672K)->31456K(213504K) Eden: 117760K(117760K)->0K(126464K) From: 31168K(102912K)->31456K(87040K)
[343.233s][info][gc,heap        ] GC(1195) ParOldGen: 527860K(667648K)->527860K(667648K)
[343.233s][info][gc,metaspace   ] GC(1195) Metaspace: 18853K(19008K)->18853K(19008K) NonClass: 16192K(16256K)->16192K(16256K) Class: 2661K(2752K)->2661K(2752K)
[343.233s][info][gc             ] GC(1195) Pause Young (Allocation Failure) 660M->546M(860M) 41.163ms
[343.233s][info][gc,cpu         ] GC(1195) User=0.08s Sys=0.00s Real=0.04s
[343.398s][info][gc,start       ] GC(1196) Pause Young (Allocation Failure)
[343.455s][info][gc,heap        ] GC(1196) PSYoungGen: 157920K(213504K)->51673K(218624K) Eden: 126464K(126464K)->0K(126464K) From: 31456K(87040K)->51673K(92160K)
[343.455s][info][gc,heap        ] GC(1196) ParOldGen: 527860K(667648K)->527860K(667648K)
[343.455s][info][gc,metaspace   ] GC(1196) Metaspace: 18853K(19008K)->18853K(19008K) NonClass: 16192K(16256K)->16192K(16256K) Class: 2661K(2752K)->2661K(2752K)
[343.455s][info][gc             ] GC(1196) Pause Young (Allocation Failure) 669M->565M(865M) 56.520ms
[343.455s][info][gc,cpu         ] GC(1196) User=0.12s Sys=0.00s Real=0.05s
[343.517s][info][gc,start       ] GC(1197) Pause Young (Allocation Failure)
[343.604s][info][gc,heap        ] GC(1197) PSYoungGen: 178137K(218624K)->93993K(206336K) Eden: 126464K(126464K)->0K(111616K) From: 51673K(92160K)->93993K(94720K)
[343.604s][info][gc,heap        ] GC(1197) ParOldGen: 527860K(667648K)->527860K(667648K)
[343.604s][info][gc,metaspace   ] GC(1197) Metaspace: 18853K(19008K)->18853K(19008K) NonClass: 16192K(16256K)->16192K(16256K) Class: 2661K(2752K)->2661K(2752K)
[343.604s][info][gc             ] GC(1197) Pause Young (Allocation Failure) 689M->607M(853M) 87.544ms
[343.604s][info][gc,cpu         ] GC(1197) User=0.16s Sys=0.02s Real=0.08s
[343.761s][info][gc,start       ] GC(1198) Pause Young (Allocation Failure)
[343.843s][info][gc,heap        ] GC(1198) PSYoungGen: 205609K(206336K)->87097K(222720K) Eden: 111616K(111616K)->0K(111616K) From: 93993K(94720K)->87097K(111104K)
[343.843s][info][gc,heap        ] GC(1198) ParOldGen: 527860K(667648K)->542468K(667648K)
[343.843s][info][gc,metaspace   ] GC(1198) Metaspace: 18853K(19008K)->18853K(19008K) NonClass: 16192K(16256K)->16192K(16256K) Class: 2661K(2752K)->2661K(2752K)
[343.843s][info][gc             ] GC(1198) Pause Young (Allocation Failure) 716M->614M(869M) 82.151ms
[343.843s][info][gc,cpu         ] GC(1198) User=0.16s Sys=0.00s Real=0.08s
[343.943s][info][gc,start       ] GC(1199) Pause Young (Allocation Failure)
[344.012s][info][gc,heap        ] GC(1199) PSYoungGen: 198713K(222720K)->72041K(222720K) Eden: 111616K(111616K)->0K(111616K) From: 87097K(111104K)->72041K(111104K)
[344.012s][info][gc,heap        ] GC(1199) ParOldGen: 542468K(667648K)->559412K(667648K)
[344.012s][info][gc,metaspace   ] GC(1199) Metaspace: 18853K(19008K)->18853K(19008K) NonClass: 16192K(16256K)->16192K(16256K) Class: 2661K(2752K)->2661K(2752K)
[344.012s][info][gc             ] GC(1199) Pause Young (Allocation Failure) 723M->616M(869M) 69.296ms
[344.012s][info][gc,cpu         ] GC(1199) User=0.14s Sys=0.00s Real=0.07s
[344.170s][info][gc,start       ] GC(1200) Pause Young (Allocation Failure)
[344.249s][info][gc,heap        ] GC(1200) PSYoungGen: 183657K(222720K)->26240K(222720K) Eden: 111616K(111616K)->0K(111616K) From: 72041K(111104K)->26240K(111104K)
[344.249s][info][gc,heap        ] GC(1200) ParOldGen: 559412K(667648K)->622693K(667648K)
[344.249s][info][gc,metaspace   ] GC(1200) Metaspace: 18853K(19008K)->18853K(19008K) NonClass: 16192K(16256K)->16192K(16256K) Class: 2661K(2752K)->2661K(2752K)
[344.249s][info][gc             ] GC(1200) Pause Young (Allocation Failure) 725M->633M(869M) 79.848ms
[344.249s][info][gc,cpu         ] GC(1200) User=0.16s Sys=0.00s Real=0.08s
[344.409s][info][gc,start       ] GC(1201) Pause Full (Allocation Failure)
[344.409s][info][gc,phases,start] GC(1201) Marking Phase
[344.743s][info][gc,phases      ] GC(1201) Marking Phase 334.114ms
[344.743s][info][gc,phases,start] GC(1201) Summary Phase
[344.743s][info][gc,phases      ] GC(1201) Summary Phase 0.025ms
[344.743s][info][gc,phases,start] GC(1201) Forward
[344.869s][info][gc,phases      ] GC(1201) Forward 126.106ms
[344.869s][info][gc,phases,start] GC(1201) Adjust Pointers
[345.141s][info][gc,phases      ] GC(1201) Adjust Pointers 272.173ms
[345.141s][info][gc,phases,start] GC(1201) Compaction Phase
[345.305s][info][gc,phases      ] GC(1201) Compaction Phase 163.073ms
[345.319s][info][gc,phases,start] GC(1201) Post Compact
[345.321s][info][gc,phases      ] GC(1201) Post Compact 2.201ms
[345.321s][info][gc,heap        ] GC(1201) PSYoungGen: 137856K(222720K)->0K(222720K) Eden: 111616K(111616K)->0K(111616K) From: 26240K(111104K)->0K(111104K)
[345.321s][info][gc,heap        ] GC(1201) ParOldGen: 622693K(667648K)->482337K(667648K)
[345.321s][info][gc,metaspace   ] GC(1201) Metaspace: 18853K(19008K)->18853K(19008K) NonClass: 16192K(16256K)->16192K(16256K) Class: 2661K(2752K)->2661K(2752K)
[345.321s][info][gc             ] GC(1201) Pause Full (Allocation Failure) 742M->471M(869M) 912.684ms
[345.321s][info][gc,cpu         ] GC(1201) User=1.72s Sys=0.00s Real=0.91s
[345.478s][info][gc,start       ] GC(1202) Pause Young (Allocation Failure)
[345.479s][info][gc,heap        ] GC(1202) PSYoungGen: 111616K(222720K)->64K(222720K) Eden: 111616K(111616K)->0K(111616K) From: 0K(111104K)->64K(111104K)
[345.479s][info][gc,heap        ] GC(1202) ParOldGen: 482337K(667648K)->482337K(667648K)
[345.479s][info][gc,metaspace   ] GC(1202) Metaspace: 18853K(19008K)->18853K(19008K) NonClass: 16192K(16256K)->16192K(16256K) Class: 2661K(2752K)->2661K(2752K)
[345.479s][info][gc             ] GC(1202) Pause Young (Allocation Failure) 580M->471M(869M) 1.743ms
[345.479s][info][gc,cpu         ] GC(1202) User=0.00s Sys=0.00s Real=0.00s
[345.632s][info][gc,start       ] GC(1203) Pause Young (Allocation Failure)
[345.633s][info][gc,heap        ] GC(1203) PSYoungGen: 111680K(222720K)->64K(222720K) Eden: 111616K(111616K)->0K(111616K) From: 64K(111104K)->64K(111104K)
[345.633s][info][gc,heap        ] GC(1203) ParOldGen: 482337K(667648K)->482345K(667648K)
[345.633s][info][gc,metaspace   ] GC(1203) Metaspace: 18853K(19008K)->18853K(19008K) NonClass: 16192K(16256K)->16192K(16256K) Class: 2661K(2752K)->2661K(2752K)
[345.633s][info][gc             ] GC(1203) Pause Young (Allocation Failure) 580M->471M(869M) 1.626ms
[345.633s][info][gc,cpu         ] GC(1203) User=0.01s Sys=0.00s Real=0.00s
[345.783s][info][gc,start       ] GC(1204) Pause Young (Allocation Failure)
[345.785s][info][gc,heap        ] GC(1204) PSYoungGen: 111680K(222720K)->64K(222720K) Eden: 111616K(111616K)->0K(111616K) From: 64K(111104K)->64K(111104K)
[345.785s][info][gc,heap        ] GC(1204) ParOldGen: 482345K(667648K)->482345K(667648K)
[345.785s][info][gc,metaspace   ] GC(1204) Metaspace: 18853K(19008K)->18853K(19008K) NonClass: 16192K(16256K)->16192K(16256K) Class: 2661K(2752K)->2661K(2752K)
[345.785s][info][gc             ] GC(1204) Pause Young (Allocation Failure) 580M->471M(869M) 1.611ms
[345.785s][info][gc,cpu         ] GC(1204) User=0.01s Sys=0.00s Real=0.00s
[345.935s][info][gc,start       ] GC(1205) Pause Young (Allocation Failure)
[345.936s][info][gc,heap        ] GC(1205) PSYoungGen: 111680K(222720K)->64K(222720K) Eden: 111616K(111616K)->0K(111616K) From: 64K(111104K)->64K(111104K)
[345.936s][info][gc,heap        ] GC(1205) ParOldGen: 482345K(667648K)->482345K(667648K)
[345.936s][info][gc,metaspace   ] GC(1205) Metaspace: 18853K(19008K)->18853K(19008K) NonClass: 16192K(16256K)->16192K(16256K) Class: 2661K(2752K)->2661K(2752K)
[345.936s][info][gc             ] GC(1205) Pause Young (Allocation Failure) 580M->471M(869M) 1.610ms
[345.936s][info][gc,cpu         ] GC(1205) User=0.00s Sys=0.00s Real=0.01s
[346.089s][info][gc,start       ] GC(1206) Pause Young (Allocation Failure)
[346.091s][info][gc,heap        ] GC(1206) PSYoungGen: 111680K(222720K)->64K(112128K) Eden: 111616K(111616K)->0K(111616K) From: 64K(111104K)->64K(512K)
[346.091s][info][gc,heap        ] GC(1206) ParOldGen: 482345K(667648K)->482345K(667648K)
[346.091s][info][gc,metaspace   ] GC(1206) Metaspace: 18853K(19008K)->18853K(19008K) NonClass: 16192K(16256K)->16192K(16256K) Class: 2661K(2752K)->2661K(2752K)
[346.091s][info][gc             ] GC(1206) Pause Young (Allocation Failure) 580M->471M(761M) 1.676ms
[346.091s][info][gc,cpu         ] GC(1206) User=0.01s Sys=0.00s Real=0.00s
[346.198s][info][gc,start       ] GC(1207) Pause Young (Allocation Failure)
[346.221s][info][gc,heap        ] GC(1207) PSYoungGen: 111680K(112128K)->19616K(219136K) Eden: 111616K(111616K)->0K(118272K) From: 64K(512K)->19616K(100864K)
[346.221s][info][gc,heap        ] GC(1207) ParOldGen: 482345K(667648K)->482345K(667648K)
[346.221s][info][gc,metaspace   ] GC(1207) Metaspace: 18853K(19008K)->18853K(19008K) NonClass: 16192K(16256K)->16192K(16256K) Class: 2661K(2752K)->2661K(2752K)
[346.221s][info][gc             ] GC(1207) Pause Young (Allocation Failure) 580M->490M(866M) 22.929ms
[346.221s][info][gc,cpu         ] GC(1207) User=0.04s Sys=0.00s Real=0.02s
[346.347s][info][gc,start       ] GC(1208) Pause Young (Allocation Failure)
[346.382s][info][gc,heap        ] GC(1208) PSYoungGen: 137888K(219136K)->33888K(220160K) Eden: 118272K(118272K)->0K(118272K) From: 19616K(100864K)->33888K(101888K)
[346.382s][info][gc,heap        ] GC(1208) ParOldGen: 482345K(667648K)->482345K(667648K)
[346.382s][info][gc,metaspace   ] GC(1208) Metaspace: 18853K(19008K)->18853K(19008K) NonClass: 16192K(16256K)->16192K(16256K) Class: 2661K(2752K)->2661K(2752K)
[346.382s][info][gc             ] GC(1208) Pause Young (Allocation Failure) 605M->504M(867M) 35.181ms
[346.382s][info][gc,cpu         ] GC(1208) User=0.07s Sys=0.00s Real=0.03s
[346.463s][info][gc,start       ] GC(1209) Pause Young (Allocation Failure)
[346.499s][info][gc,heap        ] GC(1209) PSYoungGen: 152160K(220160K)->35392K(220160K) Eden: 118272K(118272K)->0K(128000K) From: 33888K(101888K)->35392K(92160K)
[346.499s][info][gc,heap        ] GC(1209) ParOldGen: 482345K(667648K)->482345K(667648K)
[346.499s][info][gc,metaspace   ] GC(1209) Metaspace: 18853K(19008K)->18853K(19008K) NonClass: 16192K(16256K)->16192K(16256K) Class: 2661K(2752K)->2661K(2752K)
[346.499s][info][gc             ] GC(1209) Pause Young (Allocation Failure) 619M->505M(867M) 35.871ms
[346.499s][info][gc,cpu         ] GC(1209) User=0.07s Sys=0.00s Real=0.04s
[346.622s][info][gc,start       ] GC(1210) Pause Young (Allocation Failure)
[346.660s][info][gc,heap        ] GC(1210) PSYoungGen: 163392K(220160K)->36512K(222208K) Eden: 128000K(128000K)->0K(128000K) From: 35392K(92160K)->36512K(94208K)
[346.660s][info][gc,heap        ] GC(1210) ParOldGen: 482345K(667648K)->482345K(667648K)
[346.660s][info][gc,metaspace   ] GC(1210) Metaspace: 18853K(19008K)->18853K(19008K) NonClass: 16192K(16256K)->16192K(16256K) Class: 2661K(2752K)->2661K(2752K)
[346.660s][info][gc             ] GC(1210) Pause Young (Allocation Failure) 630M->506M(869M) 37.945ms
[346.660s][info][gc,cpu         ] GC(1210) User=0.07s Sys=0.00s Real=0.04s
[346.782s][info][gc,start       ] GC(1211) Pause Young (Allocation Failure)
[346.822s][info][gc,heap        ] GC(1211) PSYoungGen: 164512K(222208K)->39904K(227328K) Eden: 128000K(128000K)->0K(139264K) From: 36512K(94208K)->39904K(88064K)
[346.822s][info][gc,heap        ] GC(1211) ParOldGen: 482345K(667648K)->482345K(667648K)
[346.822s][info][gc,metaspace   ] GC(1211) Metaspace: 18853K(19008K)->18853K(19008K) NonClass: 16192K(16256K)->16192K(16256K) Class: 2661K(2752K)->2661K(2752K)
[346.822s][info][gc             ] GC(1211) Pause Young (Allocation Failure) 631M->510M(874M) 39.985ms
[346.822s][info][gc,cpu         ] GC(1211) User=0.08s Sys=0.00s Real=0.04s
[346.949s][info][gc,start       ] GC(1212) Pause Young (Allocation Failure)
[346.996s][info][gc,heap        ] GC(1212) PSYoungGen: 179168K(227328K)->48160K(228864K) Eden: 139264K(139264K)->0K(139264K) From: 39904K(88064K)->48160K(89600K)
[346.996s][info][gc,heap        ] GC(1212) ParOldGen: 482345K(667648K)->482345K(667648K)
[346.996s][info][gc,metaspace   ] GC(1212) Metaspace: 18853K(19008K)->18853K(19008K) NonClass: 16192K(16256K)->16192K(16256K) Class: 2661K(2752K)->2661K(2752K)
[346.996s][info][gc             ] GC(1212) Pause Young (Allocation Failure) 646M->518M(875M) 47.164ms
[346.996s][info][gc,cpu         ] GC(1212) User=0.10s Sys=0.00s Real=0.04s
[347.145s][info][gc,start       ] GC(1213) Pause Young (Allocation Failure)
[347.205s][info][gc,heap        ] GC(1213) PSYoungGen: 187424K(228864K)->63280K(230912K) Eden: 139264K(139264K)->0K(140288K) From: 48160K(89600K)->63280K(90624K)
[347.205s][info][gc,heap        ] GC(1213) ParOldGen: 482345K(667648K)->482345K(667648K)
[347.205s][info][gc,metaspace   ] GC(1213) Metaspace: 18853K(19008K)->18853K(19008K) NonClass: 16192K(16256K)->16192K(16256K) Class: 2661K(2752K)->2661K(2752K)
[347.205s][info][gc             ] GC(1213) Pause Young (Allocation Failure) 654M->532M(877M) 60.475ms
[347.206s][info][gc,cpu         ] GC(1213) User=0.12s Sys=0.00s Real=0.06s
[347.404s][info][gc,start       ] GC(1214) Pause Young (Allocation Failure)
[347.483s][info][gc,heap        ] GC(1214) PSYoungGen: 203568K(230912K)->78896K(219648K) Eden: 140288K(140288K)->0K(140288K) From: 63280K(90624K)->78896K(79360K)
[347.483s][info][gc,heap        ] GC(1214) ParOldGen: 482345K(667648K)->482345K(667648K)
[347.483s][info][gc,metaspace   ] GC(1214) Metaspace: 18853K(19008K)->18853K(19008K) NonClass: 16192K(16256K)->16192K(16256K) Class: 2661K(2752K)->2661K(2752K)
[347.483s][info][gc             ] GC(1214) Pause Young (Allocation Failure) 669M->548M(866M) 79.415ms
[347.483s][info][gc,cpu         ] GC(1214) User=0.15s Sys=0.00s Real=0.08s
[347.673s][info][gc,start       ] GC(1215) Pause Young (Allocation Failure)
[347.773s][info][gc,heap        ] GC(1215) PSYoungGen: 219184K(219648K)->98384K(218624K) Eden: 140287K(140288K)->0K(111616K) From: 78896K(79360K)->98384K(107008K)
[347.773s][info][gc,heap        ] GC(1215) ParOldGen: 482345K(667648K)->482345K(667648K)
[347.773s][info][gc,metaspace   ] GC(1215) Metaspace: 18853K(19008K)->18853K(19008K) NonClass: 16192K(16256K)->16192K(16256K) Class: 2661K(2752K)->2661K(2752K)
[347.773s][info][gc             ] GC(1215) Pause Young (Allocation Failure) 685M->567M(865M) 99.994ms
[347.773s][info][gc,cpu         ] GC(1215) User=0.19s Sys=0.01s Real=0.10s
[347.881s][info][gc,start       ] GC(1216) Pause Young (Allocation Failure)
[347.979s][info][gc,heap        ] GC(1216) PSYoungGen: 210000K(218624K)->66048K(222720K) Eden: 111616K(111616K)->0K(111616K) From: 98384K(107008K)->66048K(111104K)
[347.979s][info][gc,heap        ] GC(1216) ParOldGen: 482345K(667648K)->516265K(667648K)
[347.979s][info][gc,metaspace   ] GC(1216) Metaspace: 18853K(19008K)->18853K(19008K) NonClass: 16192K(16256K)->16192K(16256K) Class: 2661K(2752K)->2661K(2752K)
[347.979s][info][gc             ] GC(1216) Pause Young (Allocation Failure) 676M->568M(869M) 98.728ms
[347.979s][info][gc,cpu         ] GC(1216) User=0.20s Sys=0.00s Real=0.10s
[348.117s][info][gc,start       ] GC(1217) Pause Young (Allocation Failure)
[348.186s][info][gc,heap        ] GC(1217) PSYoungGen: 177664K(222720K)->66816K(222720K) Eden: 111616K(111616K)->0K(111616K) From: 66048K(111104K)->66816K(111104K)
[348.186s][info][gc,heap        ] GC(1217) ParOldGen: 516265K(667648K)->518921K(667648K)
[348.186s][info][gc,metaspace   ] GC(1217) Metaspace: 18853K(19008K)->18853K(19008K) NonClass: 16192K(16256K)->16192K(16256K) Class: 2661K(2752K)->2661K(2752K)
[348.186s][info][gc             ] GC(1217) Pause Young (Allocation Failure) 677M->572M(869M) 69.042ms
[348.186s][info][gc,cpu         ] GC(1217) User=0.14s Sys=0.00s Real=0.06s
[348.296s][info][gc,start       ] GC(1218) Pause Young (Allocation Failure)
[348.364s][info][gc,heap        ] GC(1218) PSYoungGen: 178432K(222720K)->55232K(222720K) Eden: 111616K(111616K)->0K(111616K) From: 66816K(111104K)->55232K(111104K)
[348.364s][info][gc,heap        ] GC(1218) ParOldGen: 518921K(667648K)->530585K(667648K)
[348.364s][info][gc,metaspace   ] GC(1218) Metaspace: 18853K(19008K)->18853K(19008K) NonClass: 16192K(16256K)->16192K(16256K) Class: 2661K(2752K)->2661K(2752K)
[348.364s][info][gc             ] GC(1218) Pause Young (Allocation Failure) 681M->572M(869M) 68.880ms
[348.364s][info][gc,cpu         ] GC(1218) User=0.13s Sys=0.00s Real=0.07s
[348.553s][info][gc,start       ] GC(1219) Pause Young (Allocation Failure)
[348.620s][info][gc,heap        ] GC(1219) PSYoungGen: 166848K(222720K)->34880K(222720K) Eden: 111616K(111616K)->0K(111616K) From: 55232K(111104K)->34880K(111104K)
[348.620s][info][gc,heap        ] GC(1219) ParOldGen: 530585K(667648K)->561377K(667648K)
[348.620s][info][gc,metaspace   ] GC(1219) Metaspace: 18853K(19008K)->18853K(19008K) NonClass: 16192K(16256K)->16192K(16256K) Class: 2661K(2752K)->2661K(2752K)
[348.620s][info][gc             ] GC(1219) Pause Young (Allocation Failure) 681M->582M(869M) 67.497ms
[348.620s][info][gc,cpu         ] GC(1219) User=0.13s Sys=0.00s Real=0.07s
[348.764s][info][gc,start       ] GC(1220) Pause Young (Allocation Failure)
[348.815s][info][gc,heap        ] GC(1220) PSYoungGen: 146496K(222720K)->27008K(138752K) Eden: 111616K(111616K)->0K(111616K) From: 34880K(111104K)->27008K(27136K)
[348.815s][info][gc,heap        ] GC(1220) ParOldGen: 561377K(667648K)->582361K(667648K)
[348.815s][info][gc,metaspace   ] GC(1220) Metaspace: 18853K(19008K)->18853K(19008K) NonClass: 16192K(16256K)->16192K(16256K) Class: 2661K(2752K)->2661K(2752K)
[348.815s][info][gc             ] GC(1220) Pause Young (Allocation Failure) 691M->595M(787M) 50.397ms
[348.815s][info][gc,cpu         ] GC(1220) User=0.10s Sys=0.00s Real=0.05s
[349.171s][info][gc,start       ] GC(1221) Pause Young (Allocation Failure)
[349.199s][info][gc,heap        ] GC(1221) PSYoungGen: 138624K(138752K)->23456K(224256K) Eden: 111616K(111616K)->0K(114176K) From: 27008K(27136K)->23456K(110080K)
[349.199s][info][gc,heap        ] GC(1221) ParOldGen: 582361K(667648K)->585929K(667648K)
[349.200s][info][gc,metaspace   ] GC(1221) Metaspace: 18853K(19008K)->18853K(19008K) NonClass: 16192K(16256K)->16192K(16256K) Class: 2661K(2752K)->2661K(2752K)
[349.200s][info][gc             ] GC(1221) Pause Young (Allocation Failure) 704M->595M(871M) 28.288ms
[349.200s][info][gc,cpu         ] GC(1221) User=0.06s Sys=0.00s Real=0.03s
[349.477s][info][gc,start       ] GC(1222) Pause Young (Allocation Failure)
[349.502s][info][gc,heap        ] GC(1222) PSYoungGen: 137632K(224256K)->13152K(221696K) Eden: 114176K(114176K)->0K(114176K) From: 23456K(110080K)->13152K(107520K)
[349.502s][info][gc,heap        ] GC(1222) ParOldGen: 585929K(667648K)->596322K(667648K)
[349.502s][info][gc,metaspace   ] GC(1222) Metaspace: 18853K(19008K)->18853K(19008K) NonClass: 16192K(16256K)->16192K(16256K) Class: 2661K(2752K)->2661K(2752K)
[349.502s][info][gc             ] GC(1222) Pause Young (Allocation Failure) 706M->595M(868M) 24.922ms
[349.502s][info][gc,cpu         ] GC(1222) User=0.05s Sys=0.01s Real=0.02s
[349.788s][info][gc,start       ] GC(1223) Pause Young (Allocation Failure)
[349.803s][info][gc,heap        ] GC(1223) PSYoungGen: 127328K(221696K)->13152K(224256K) Eden: 114176K(114176K)->0K(118272K) From: 13152K(107520K)->13152K(105984K)
[349.803s][info][gc,heap        ] GC(1223) ParOldGen: 596322K(667648K)->596322K(667648K)
[349.803s][info][gc,metaspace   ] GC(1223) Metaspace: 18853K(19008K)->18853K(19008K) NonClass: 16192K(16256K)->16192K(16256K) Class: 2661K(2752K)->2661K(2752K)
[349.803s][info][gc             ] GC(1223) Pause Young (Allocation Failure) 706M->595M(871M) 15.209ms
[349.803s][info][gc,cpu         ] GC(1223) User=0.03s Sys=0.00s Real=0.01s
[350.075s][info][gc,start       ] GC(1224) Pause Young (Allocation Failure)
[350.093s][info][gc,heap        ] GC(1224) PSYoungGen: 131424K(224256K)->13184K(222720K) Eden: 118272K(118272K)->0K(118272K) From: 13152K(105984K)->13184K(104448K)
[350.093s][info][gc,heap        ] GC(1224) ParOldGen: 596322K(667648K)->596322K(667648K)
[350.093s][info][gc,metaspace   ] GC(1224) Metaspace: 18853K(19008K)->18853K(19008K) NonClass: 16192K(16256K)->16192K(16256K) Class: 2661K(2752K)->2661K(2752K)
[350.093s][info][gc             ] GC(1224) Pause Young (Allocation Failure) 710M->595M(869M) 17.551ms
[350.093s][info][gc,cpu         ] GC(1224) User=0.03s Sys=0.00s Real=0.02s
[350.370s][info][gc,start       ] GC(1225) Pause Young (Allocation Failure)
[350.388s][info][gc,heap        ] GC(1225) PSYoungGen: 131456K(222720K)->13184K(225280K) Eden: 118272K(118272K)->0K(125952K) From: 13184K(104448K)->13184K(99328K)
[350.388s][info][gc,heap        ] GC(1225) ParOldGen: 596322K(667648K)->596322K(667648K)
[350.388s][info][gc,metaspace   ] GC(1225) Metaspace: 18853K(19008K)->18853K(19008K) NonClass: 16192K(16256K)->16192K(16256K) Class: 2661K(2752K)->2661K(2752K)
[350.388s][info][gc             ] GC(1225) Pause Young (Allocation Failure) 710M->595M(872M) 17.790ms
[350.388s][info][gc,cpu         ] GC(1225) User=0.03s Sys=0.00s Real=0.02s
[350.646s][info][gc,start       ] GC(1226) Pause Young (Allocation Failure)
[350.663s][info][gc,heap        ] GC(1226) PSYoungGen: 139136K(225280K)->15360K(225280K) Eden: 125952K(125952K)->0K(125952K) From: 13184K(99328K)->15360K(99328K)
[350.663s][info][gc,heap        ] GC(1226) ParOldGen: 596322K(667648K)->596322K(667648K)
[350.663s][info][gc,metaspace   ] GC(1226) Metaspace: 18853K(19008K)->18853K(19008K) NonClass: 16192K(16256K)->16192K(16256K) Class: 2661K(2752K)->2661K(2752K)
[350.663s][info][gc             ] GC(1226) Pause Young (Allocation Failure) 718M->597M(872M) 16.808ms
[350.663s][info][gc,cpu         ] GC(1226) User=0.03s Sys=0.00s Real=0.01s
[350.802s][info][gc,start       ] GC(1227) Pause Young (Allocation Failure)
[350.844s][info][gc,heap        ] GC(1227) PSYoungGen: 141312K(225280K)->49968K(228864K) Eden: 125952K(125952K)->0K(133120K) From: 15360K(99328K)->49968K(95744K)
[350.844s][info][gc,heap        ] GC(1227) ParOldGen: 596322K(667648K)->596322K(667648K)
[350.844s][info][gc,metaspace   ] GC(1227) Metaspace: 18853K(19008K)->18853K(19008K) NonClass: 16192K(16256K)->16192K(16256K) Class: 2661K(2752K)->2661K(2752K)
[350.844s][info][gc             ] GC(1227) Pause Young (Allocation Failure) 720M->631M(875M) 42.135ms
[350.844s][info][gc,cpu         ] GC(1227) User=0.08s Sys=0.00s Real=0.04s
[351.019s][info][gc,start       ] GC(1228) Pause Young (Allocation Failure)
[351.081s][info][gc,heap        ] GC(1228) PSYoungGen: 183088K(228864K)->85040K(218624K) Eden: 133120K(133120K)->0K(133120K) From: 49968K(95744K)->85040K(85504K)
[351.081s][info][gc,heap        ] GC(1228) ParOldGen: 596322K(667648K)->596322K(667648K)
[351.081s][info][gc,metaspace   ] GC(1228) Metaspace: 18853K(19008K)->18853K(19008K) NonClass: 16192K(16256K)->16192K(16256K) Class: 2661K(2752K)->2661K(2752K)
[351.081s][info][gc             ] GC(1228) Pause Young (Allocation Failure) 761M->665M(865M) 61.852ms
[351.081s][info][gc,cpu         ] GC(1228) User=0.12s Sys=0.00s Real=0.06s
[351.217s][info][gc,start       ] GC(1229) Pause Young (Allocation Failure)
[351.281s][info][gc,heap        ] GC(1229) PSYoungGen: 218160K(218624K)->87632K(220672K) Eden: 133120K(133120K)->0K(111616K) From: 85040K(85504K)->87632K(109056K)
[351.281s][info][gc,heap        ] GC(1229) ParOldGen: 596322K(667648K)->596322K(667648K)
[351.281s][info][gc,metaspace   ] GC(1229) Metaspace: 18853K(19008K)->18853K(19008K) NonClass: 16192K(16256K)->16192K(16256K) Class: 2661K(2752K)->2661K(2752K)
[351.281s][info][gc             ] GC(1229) Pause Young (Allocation Failure) 795M->667M(867M) 64.449ms
[351.281s][info][gc,cpu         ] GC(1229) User=0.13s Sys=0.00s Real=0.06s
[351.457s][info][gc,start       ] GC(1230) Pause Young (Allocation Failure)
[351.549s][info][gc,heap        ] GC(1230) PSYoungGen: 199248K(220672K)->91334K(222720K) Eden: 111616K(111616K)->0K(111616K) From: 87632K(109056K)->91334K(111104K)
[351.549s][info][gc,heap        ] GC(1230) ParOldGen: 596322K(667648K)->609442K(667648K)
[351.549s][info][gc,metaspace   ] GC(1230) Metaspace: 18853K(19008K)->18853K(19008K) NonClass: 16192K(16256K)->16192K(16256K) Class: 2661K(2752K)->2661K(2752K)
[351.549s][info][gc             ] GC(1230) Pause Young (Allocation Failure) 776M->684M(869M) 92.439ms
[351.549s][info][gc,cpu         ] GC(1230) User=0.18s Sys=0.00s Real=0.09s
[351.768s][info][gc,start       ] GC(1231) Pause Young (Allocation Failure)
[351.853s][info][gc,heap        ] GC(1231) PSYoungGen: 202950K(222720K)->91414K(222720K) Eden: 111616K(111616K)->0K(111616K) From: 91334K(111104K)->91414K(111104K)
[351.853s][info][gc,heap        ] GC(1231) ParOldGen: 609442K(667648K)->609506K(667648K)
[351.853s][info][gc,metaspace   ] GC(1231) Metaspace: 18853K(19008K)->18853K(19008K) NonClass: 16192K(16256K)->16192K(16256K) Class: 2661K(2752K)->2661K(2752K)
[351.853s][info][gc             ] GC(1231) Pause Young (Allocation Failure) 793M->684M(869M) 84.828ms
[351.853s][info][gc,cpu         ] GC(1231) User=0.16s Sys=0.00s Real=0.08s
[352.021s][info][gc,start       ] GC(1232) Pause Young (Allocation Failure)
[352.108s][info][gc,heap        ] GC(1232) PSYoungGen: 203030K(222720K)->93462K(222720K) Eden: 111616K(111616K)->0K(111616K) From: 91414K(111104K)->93462K(111104K)
[352.109s][info][gc,heap        ] GC(1232) ParOldGen: 609506K(667648K)->609522K(667648K)
[352.109s][info][gc,metaspace   ] GC(1232) Metaspace: 18853K(19008K)->18853K(19008K) NonClass: 16192K(16256K)->16192K(16256K) Class: 2661K(2752K)->2661K(2752K)
[352.109s][info][gc             ] GC(1232) Pause Young (Allocation Failure) 793M->686M(869M) 87.798ms
[352.109s][info][gc,cpu         ] GC(1232) User=0.17s Sys=0.00s Real=0.09s
[352.233s][info][gc,start       ] GC(1233) Pause Young (Allocation Failure)
[352.330s][info][gc,heap        ] GC(1233) PSYoungGen: 205078K(222720K)->79424K(222720K) Eden: 111616K(111616K)->0K(111616K) From: 93462K(111104K)->79424K(111104K)
[352.330s][info][gc,heap        ] GC(1233) ParOldGen: 609522K(667648K)->646722K(667648K)
[352.330s][info][gc,metaspace   ] GC(1233) Metaspace: 18853K(19008K)->18853K(19008K) NonClass: 16192K(16256K)->16192K(16256K) Class: 2661K(2752K)->2661K(2752K)
[352.330s][info][gc             ] GC(1233) Pause Young (Allocation Failure) 795M->709M(869M) 97.964ms
[352.330s][info][gc,cpu         ] GC(1233) User=0.19s Sys=0.00s Real=0.10s
[352.391s][info][gc,start       ] GC(1234) Pause Full (Allocation Failure)
[352.391s][info][gc,phases,start] GC(1234) Marking Phase
[352.639s][info][gc,phases      ] GC(1234) Marking Phase 247.915ms
[352.639s][info][gc,phases,start] GC(1234) Summary Phase
[352.639s][info][gc,phases      ] GC(1234) Summary Phase 0.029ms
[352.639s][info][gc,phases,start] GC(1234) Forward
[352.744s][info][gc,phases      ] GC(1234) Forward 105.008ms
[352.744s][info][gc,phases,start] GC(1234) Adjust Pointers
[352.931s][info][gc,phases      ] GC(1234) Adjust Pointers 186.960ms
[352.931s][info][gc,phases,start] GC(1234) Compaction Phase
[353.056s][info][gc,phases      ] GC(1234) Compaction Phase 124.752ms
[353.065s][info][gc,phases,start] GC(1234) Post Compact
[353.067s][info][gc,phases      ] GC(1234) Post Compact 2.484ms
[353.067s][info][gc,heap        ] GC(1234) PSYoungGen: 191040K(222720K)->0K(222720K) Eden: 111616K(111616K)->0K(111616K) From: 79424K(111104K)->0K(111104K)
[353.067s][info][gc,heap        ] GC(1234) ParOldGen: 646722K(667648K)->358365K(667648K)
[353.067s][info][gc,metaspace   ] GC(1234) Metaspace: 18853K(19008K)->18853K(19008K) NonClass: 16192K(16256K)->16192K(16256K) Class: 2661K(2752K)->2661K(2752K)
[353.067s][info][gc             ] GC(1234) Pause Full (Allocation Failure) 818M->349M(869M) 676.144ms
[353.067s][info][gc,cpu         ] GC(1234) User=1.22s Sys=0.01s Real=0.68s
[353.198s][info][gc,start       ] GC(1235) Pause Young (Allocation Failure)
[353.214s][info][gc,heap        ] GC(1235) PSYoungGen: 111616K(222720K)->17632K(222720K) Eden: 111616K(111616K)->0K(111616K) From: 0K(111104K)->17632K(111104K)
[353.214s][info][gc,heap        ] GC(1235) ParOldGen: 358365K(667648K)->358365K(667648K)
[353.214s][info][gc,metaspace   ] GC(1235) Metaspace: 18853K(19008K)->18853K(19008K) NonClass: 16192K(16256K)->16192K(16256K) Class: 2661K(2752K)->2661K(2752K)
[353.214s][info][gc             ] GC(1235) Pause Young (Allocation Failure) 458M->367M(869M) 16.165ms
[353.214s][info][gc,cpu         ] GC(1235) User=0.03s Sys=0.00s Real=0.01s
[353.339s][info][gc,start       ] GC(1236) Pause Young (Allocation Failure)
[353.353s][info][gc,heap        ] GC(1236) PSYoungGen: 129248K(222720K)->17696K(222720K) Eden: 111616K(111616K)->0K(111616K) From: 17632K(111104K)->17696K(111104K)
[353.353s][info][gc,heap        ] GC(1236) ParOldGen: 358365K(667648K)->358365K(667648K)
[353.353s][info][gc,metaspace   ] GC(1236) Metaspace: 18853K(19008K)->18853K(19008K) NonClass: 16192K(16256K)->16192K(16256K) Class: 2661K(2752K)->2661K(2752K)
[353.353s][info][gc             ] GC(1236) Pause Young (Allocation Failure) 476M->367M(869M) 14.006ms
[353.353s][info][gc,cpu         ] GC(1236) User=0.03s Sys=0.00s Real=0.01s
[353.479s][info][gc,start       ] GC(1237) Pause Young (Allocation Failure)
[353.494s][info][gc,heap        ] GC(1237) PSYoungGen: 129312K(222720K)->17792K(222720K) Eden: 111616K(111616K)->0K(111616K) From: 17696K(111104K)->17792K(111104K)
[353.494s][info][gc,heap        ] GC(1237) ParOldGen: 358365K(667648K)->358365K(667648K)
[353.494s][info][gc,metaspace   ] GC(1237) Metaspace: 18853K(19008K)->18853K(19008K) NonClass: 16192K(16256K)->16192K(16256K) Class: 2661K(2752K)->2661K(2752K)
[353.494s][info][gc             ] GC(1237) Pause Young (Allocation Failure) 476M->367M(869M) 15.316ms
[353.494s][info][gc,cpu         ] GC(1237) User=0.03s Sys=0.00s Real=0.01s
[353.616s][info][gc,start       ] GC(1238) Pause Young (Allocation Failure)
[353.631s][info][gc,heap        ] GC(1238) PSYoungGen: 129408K(222720K)->256K(222720K) Eden: 111616K(111616K)->0K(111616K) From: 17792K(111104K)->256K(111104K)
[353.631s][info][gc,heap        ] GC(1238) ParOldGen: 358365K(667648K)->376229K(667648K)
[353.631s][info][gc,metaspace   ] GC(1238) Metaspace: 18853K(19008K)->18853K(19008K) NonClass: 16192K(16256K)->16192K(16256K) Class: 2661K(2752K)->2661K(2752K)
[353.631s][info][gc             ] GC(1238) Pause Young (Allocation Failure) 476M->367M(869M) 15.068ms
[353.631s][info][gc,cpu         ] GC(1238) User=0.03s Sys=0.00s Real=0.02s
[353.755s][info][gc,start       ] GC(1239) Pause Young (Allocation Failure)
[353.757s][info][gc,heap        ] GC(1239) PSYoungGen: 111872K(222720K)->96K(222720K) Eden: 111616K(111616K)->0K(111616K) From: 256K(111104K)->96K(111104K)
[353.757s][info][gc,heap        ] GC(1239) ParOldGen: 376229K(667648K)->376445K(667648K)
[353.757s][info][gc,metaspace   ] GC(1239) Metaspace: 18853K(19008K)->18853K(19008K) NonClass: 16192K(16256K)->16192K(16256K) Class: 2661K(2752K)->2661K(2752K)
[353.757s][info][gc             ] GC(1239) Pause Young (Allocation Failure) 476M->367M(869M) 1.984ms
[353.757s][info][gc,cpu         ] GC(1239) User=0.01s Sys=0.00s Real=0.01s
[353.883s][info][gc,start       ] GC(1240) Pause Young (Allocation Failure)
[353.885s][info][gc,heap        ] GC(1240) PSYoungGen: 111712K(222720K)->96K(222720K) Eden: 111616K(111616K)->0K(111616K) From: 96K(111104K)->96K(111104K)
[353.885s][info][gc,heap        ] GC(1240) ParOldGen: 376445K(667648K)->376541K(667648K)
[353.885s][info][gc,metaspace   ] GC(1240) Metaspace: 18853K(19008K)->18853K(19008K) NonClass: 16192K(16256K)->16192K(16256K) Class: 2661K(2752K)->2661K(2752K)
[353.885s][info][gc             ] GC(1240) Pause Young (Allocation Failure) 476M->367M(869M) 1.853ms
[353.885s][info][gc,cpu         ] GC(1240) User=0.00s Sys=0.00s Real=0.00s
[354.008s][info][gc,start       ] GC(1241) Pause Young (Allocation Failure)
[354.010s][info][gc,heap        ] GC(1241) PSYoungGen: 111712K(222720K)->96K(222720K) Eden: 111616K(111616K)->0K(111616K) From: 96K(111104K)->96K(111104K)
[354.010s][info][gc,heap        ] GC(1241) ParOldGen: 376541K(667648K)->376621K(667648K)
[354.010s][info][gc,metaspace   ] GC(1241) Metaspace: 18853K(19008K)->18853K(19008K) NonClass: 16192K(16256K)->16192K(16256K) Class: 2661K(2752K)->2661K(2752K)
[354.010s][info][gc             ] GC(1241) Pause Young (Allocation Failure) 476M->367M(869M) 1.832ms
[354.010s][info][gc,cpu         ] GC(1241) User=0.00s Sys=0.00s Real=0.00s
[354.130s][info][gc,start       ] GC(1242) Pause Young (Allocation Failure)
[354.132s][info][gc,heap        ] GC(1242) PSYoungGen: 111712K(222720K)->128K(222720K) Eden: 111616K(111616K)->0K(111616K) From: 96K(111104K)->128K(111104K)
[354.132s][info][gc,heap        ] GC(1242) ParOldGen: 376621K(667648K)->376717K(667648K)
[354.132s][info][gc,metaspace   ] GC(1242) Metaspace: 18853K(19008K)->18853K(19008K) NonClass: 16192K(16256K)->16192K(16256K) Class: 2661K(2752K)->2661K(2752K)
[354.132s][info][gc             ] GC(1242) Pause Young (Allocation Failure) 476M->368M(869M) 1.859ms
[354.132s][info][gc,cpu         ] GC(1242) User=0.00s Sys=0.00s Real=0.00s
[354.252s][info][gc,start       ] GC(1243) Pause Young (Allocation Failure)
[354.254s][info][gc,heap        ] GC(1243) PSYoungGen: 111744K(222720K)->96K(222720K) Eden: 111616K(111616K)->0K(111616K) From: 128K(111104K)->96K(111104K)
[354.254s][info][gc,heap        ] GC(1243) ParOldGen: 376717K(667648K)->376821K(667648K)
[354.254s][info][gc,metaspace   ] GC(1243) Metaspace: 18853K(19008K)->18853K(19008K) NonClass: 16192K(16256K)->16192K(16256K) Class: 2661K(2752K)->2661K(2752K)
[354.254s][info][gc             ] GC(1243) Pause Young (Allocation Failure) 477M->368M(869M) 1.755ms
[354.254s][info][gc,cpu         ] GC(1243) User=0.00s Sys=0.00s Real=0.00s
[354.388s][info][gc,start       ] GC(1244) Pause Young (Allocation Failure)
[354.392s][info][gc,heap        ] GC(1244) PSYoungGen: 111712K(222720K)->1216K(222720K) Eden: 111616K(111616K)->0K(111616K) From: 96K(111104K)->1216K(111104K)
[354.392s][info][gc,heap        ] GC(1244) ParOldGen: 376821K(667648K)->376901K(667648K)
[354.392s][info][gc,metaspace   ] GC(1244) Metaspace: 18853K(19008K)->18853K(19008K) NonClass: 16192K(16256K)->16192K(16256K) Class: 2661K(2752K)->2661K(2752K)
[354.392s][info][gc             ] GC(1244) Pause Young (Allocation Failure) 477M->369M(869M) 4.228ms
[354.392s][info][gc,cpu         ] GC(1244) User=0.01s Sys=0.00s Real=0.00s
[354.505s][info][gc,start       ] GC(1245) Pause Young (Allocation Failure)
[354.522s][info][gc,heap        ] GC(1245) PSYoungGen: 112832K(222720K)->2464K(216576K) Eden: 111616K(111616K)->0K(111616K) From: 1216K(111104K)->2464K(104960K)
[354.522s][info][gc,heap        ] GC(1245) ParOldGen: 376901K(667648K)->378093K(667648K)
[354.522s][info][gc,metaspace   ] GC(1245) Metaspace: 18854K(19008K)->18854K(19008K) NonClass: 16192K(16256K)->16192K(16256K) Class: 2661K(2752K)->2661K(2752K)
[354.522s][info][gc             ] GC(1245) Pause Young (Allocation Failure) 478M->371M(863M) 16.936ms
[354.522s][info][gc,cpu         ] GC(1245) User=0.04s Sys=0.00s Real=0.02s
[354.652s][info][gc,start       ] GC(1246) Pause Young (Allocation Failure)
[354.698s][info][gc,heap        ] GC(1246) PSYoungGen: 114080K(216576K)->30763K(219648K) Eden: 111616K(111616K)->0K(111616K) From: 2464K(104960K)->30763K(108032K)
[354.698s][info][gc,heap        ] GC(1246) ParOldGen: 378093K(667648K)->378093K(667648K)
[354.698s][info][gc,metaspace   ] GC(1246) Metaspace: 18854K(19008K)->18854K(19008K) NonClass: 16192K(16256K)->16192K(16256K) Class: 2661K(2752K)->2661K(2752K)
[354.698s][info][gc             ] GC(1246) Pause Young (Allocation Failure) 480M->399M(866M) 45.777ms
[354.698s][info][gc,cpu         ] GC(1246) User=0.08s Sys=0.00s Real=0.05s
[354.803s][info][gc,start       ] GC(1247) Pause Young (Allocation Failure)
[354.868s][info][gc,heap        ] GC(1247) PSYoungGen: 142379K(219648K)->49419K(220672K) Eden: 111616K(111616K)->0K(117760K) From: 30763K(108032K)->49419K(102912K)
[354.868s][info][gc,heap        ] GC(1247) ParOldGen: 378093K(667648K)->378093K(667648K)
[354.868s][info][gc,metaspace   ] GC(1247) Metaspace: 18854K(19008K)->18854K(19008K) NonClass: 16192K(16256K)->16192K(16256K) Class: 2661K(2752K)->2661K(2752K)
[354.868s][info][gc             ] GC(1247) Pause Young (Allocation Failure) 508M->417M(867M) 65.249ms
[354.869s][info][gc,cpu         ] GC(1247) User=0.13s Sys=0.00s Real=0.07s
[354.969s][info][gc,start       ] GC(1248) Pause Young (Allocation Failure)
[355.038s][info][gc,heap        ] GC(1248) PSYoungGen: 167179K(220672K)->53131K(222720K) Eden: 117760K(117760K)->0K(117760K) From: 49419K(102912K)->53131K(104960K)
[355.038s][info][gc,heap        ] GC(1248) ParOldGen: 378093K(667648K)->378093K(667648K)
[355.038s][info][gc,metaspace   ] GC(1248) Metaspace: 18854K(19008K)->18854K(19008K) NonClass: 16192K(16256K)->16192K(16256K) Class: 2661K(2752K)->2661K(2752K)
[355.038s][info][gc             ] GC(1248) Pause Young (Allocation Failure) 532M->421M(869M) 68.929ms
[355.038s][info][gc,cpu         ] GC(1248) User=0.14s Sys=0.00s Real=0.07s
[355.139s][info][gc,start       ] GC(1249) Pause Young (Allocation Failure)
[355.206s][info][gc,heap        ] GC(1249) PSYoungGen: 170891K(222720K)->52075K(224256K) Eden: 117760K(117760K)->0K(116736K) From: 53131K(104960K)->52075K(107520K)
[355.206s][info][gc,heap        ] GC(1249) ParOldGen: 378093K(667648K)->380541K(667648K)
[355.206s][info][gc,metaspace   ] GC(1249) Metaspace: 18854K(19008K)->18854K(19008K) NonClass: 16192K(16256K)->16192K(16256K) Class: 2661K(2752K)->2661K(2752K)
[355.206s][info][gc             ] GC(1249) Pause Young (Allocation Failure) 536M->422M(871M) 67.231ms
[355.206s][info][gc,cpu         ] GC(1249) User=0.13s Sys=0.00s Real=0.06s
[355.317s][info][gc,start       ] GC(1250) Pause Young (Allocation Failure)
[355.381s][info][gc,heap        ] GC(1250) PSYoungGen: 168811K(224256K)->8608K(125440K) Eden: 116736K(116736K)->0K(116736K) From: 52075K(107520K)->8608K(8704K)
[355.381s][info][gc,heap        ] GC(1250) ParOldGen: 380541K(667648K)->427585K(667648K)
[355.381s][info][gc,metaspace   ] GC(1250) Metaspace: 18854K(19008K)->18854K(19008K) NonClass: 16192K(16256K)->16192K(16256K) Class: 2661K(2752K)->2661K(2752K)
[355.381s][info][gc             ] GC(1250) Pause Young (Allocation Failure) 536M->425M(774M) 64.515ms
[355.381s][info][gc,cpu         ] GC(1250) User=0.13s Sys=0.00s Real=0.06s
[355.489s][info][gc,start       ] GC(1251) Pause Young (Allocation Failure)
[355.500s][info][gc,heap        ] GC(1251) PSYoungGen: 125344K(125440K)->3552K(225792K) Eden: 116736K(116736K)->0K(121344K) From: 8608K(8704K)->3552K(104448K)
[355.500s][info][gc,heap        ] GC(1251) ParOldGen: 427585K(667648K)->432705K(667648K)
[355.500s][info][gc,metaspace   ] GC(1251) Metaspace: 18854K(19008K)->18854K(19008K) NonClass: 16192K(16256K)->16192K(16256K) Class: 2661K(2752K)->2661K(2752K)
[355.500s][info][gc             ] GC(1251) Pause Young (Allocation Failure) 539M->426M(872M) 11.718ms
[355.500s][info][gc,cpu         ] GC(1251) User=0.02s Sys=0.00s Real=0.01s
[355.613s][info][gc,start       ] GC(1252) Pause Young (Allocation Failure)
[355.628s][info][gc,heap        ] GC(1252) PSYoungGen: 124896K(225792K)->8320K(222208K) Eden: 121344K(121344K)->0K(121344K) From: 3552K(104448K)->8320K(100864K)
[355.628s][info][gc,heap        ] GC(1252) ParOldGen: 432705K(667648K)->436241K(667648K)
[355.628s][info][gc,metaspace   ] GC(1252) Metaspace: 18854K(19008K)->18854K(19008K) NonClass: 16193K(16256K)->16193K(16256K) Class: 2661K(2752K)->2661K(2752K)
[355.628s][info][gc             ] GC(1252) Pause Young (Allocation Failure) 544M->434M(869M) 14.885ms
[355.628s][info][gc,cpu         ] GC(1252) User=0.03s Sys=0.00s Real=0.02s
[355.768s][info][gc,start       ] GC(1253) Pause Young (Allocation Failure)
[355.793s][info][gc,heap        ] GC(1253) PSYoungGen: 129664K(222208K)->13904K(222720K) Eden: 121344K(121344K)->0K(133120K) From: 8320K(100864K)->13904K(89600K)
[355.793s][info][gc,heap        ] GC(1253) ParOldGen: 436241K(667648K)->444561K(667648K)
[355.793s][info][gc,metaspace   ] GC(1253) Metaspace: 18854K(19008K)->18854K(19008K) NonClass: 16193K(16256K)->16193K(16256K) Class: 2661K(2752K)->2661K(2752K)
[355.793s][info][gc             ] GC(1253) Pause Young (Allocation Failure) 552M->447M(869M) 25.345ms
[355.793s][info][gc,cpu         ] GC(1253) User=0.05s Sys=0.01s Real=0.02s
[355.999s][info][gc,start       ] GC(1254) Pause Young (Allocation Failure)
[356.017s][info][gc,heap        ] GC(1254) PSYoungGen: 147024K(222720K)->15264K(223744K) Eden: 133120K(133120K)->0K(133120K) From: 13904K(89600K)->15264K(90624K)
[356.017s][info][gc,heap        ] GC(1254) ParOldGen: 444561K(667648K)->444561K(667648K)
[356.017s][info][gc,metaspace   ] GC(1254) Metaspace: 18854K(19008K)->18854K(19008K) NonClass: 16193K(16256K)->16193K(16256K) Class: 2661K(2752K)->2661K(2752K)
[356.017s][info][gc             ] GC(1254) Pause Young (Allocation Failure) 577M->449M(870M) 17.966ms
[356.017s][info][gc,cpu         ] GC(1254) User=0.03s Sys=0.00s Real=0.02s
[356.296s][info][gc,start       ] GC(1255) Pause Young (Allocation Failure)
[356.314s][info][gc,heap        ] GC(1255) PSYoungGen: 148384K(223744K)->15360K(217600K) Eden: 133120K(133120K)->0K(143872K) From: 15264K(90624K)->15360K(73728K)
[356.314s][info][gc,heap        ] GC(1255) ParOldGen: 444561K(667648K)->444561K(667648K)
[356.314s][info][gc,metaspace   ] GC(1255) Metaspace: 18854K(19008K)->18854K(19008K) NonClass: 16193K(16256K)->16193K(16256K) Class: 2661K(2752K)->2661K(2752K)
[356.314s][info][gc             ] GC(1255) Pause Young (Allocation Failure) 579M->449M(864M) 17.754ms
[356.314s][info][gc,cpu         ] GC(1255) User=0.03s Sys=0.00s Real=0.02s
[356.533s][info][gc,start       ] GC(1256) Pause Young (Allocation Failure)
[356.568s][info][gc,heap        ] GC(1256) PSYoungGen: 159232K(217600K)->28096K(223744K) Eden: 143872K(143872K)->0K(143872K) From: 15360K(73728K)->28096K(79872K)
[356.568s][info][gc,heap        ] GC(1256) ParOldGen: 444561K(667648K)->444561K(667648K)
[356.568s][info][gc,metaspace   ] GC(1256) Metaspace: 18854K(19008K)->18854K(19008K) NonClass: 16193K(16256K)->16193K(16256K) Class: 2661K(2752K)->2661K(2752K)
[356.568s][info][gc             ] GC(1256) Pause Young (Allocation Failure) 589M->461M(870M) 34.742ms
[356.568s][info][gc,cpu         ] GC(1256) User=0.07s Sys=0.00s Real=0.04s
[356.763s][info][gc,start       ] GC(1257) Pause Young (Allocation Failure)
[356.819s][info][gc,heap        ] GC(1257) PSYoungGen: 171968K(223744K)->53456K(226304K) Eden: 143872K(143872K)->0K(149504K) From: 28096K(79872K)->53456K(76800K)
[356.819s][info][gc,heap        ] GC(1257) ParOldGen: 444561K(667648K)->444561K(667648K)
[356.819s][info][gc,metaspace   ] GC(1257) Metaspace: 18854K(19008K)->18854K(19008K) NonClass: 16193K(16256K)->16193K(16256K) Class: 2661K(2752K)->2661K(2752K)
[356.819s][info][gc             ] GC(1257) Pause Young (Allocation Failure) 602M->486M(873M) 56.163ms
[356.819s][info][gc,cpu         ] GC(1257) User=0.11s Sys=0.00s Real=0.06s
[356.948s][info][gc,start       ] GC(1258) Pause Young (Allocation Failure)
[357.008s][info][gc,heap        ] GC(1258) PSYoungGen: 202960K(226304K)->56976K(232448K) Eden: 149504K(149504K)->0K(149504K) From: 53456K(76800K)->56976K(82944K)
[357.008s][info][gc,heap        ] GC(1258) ParOldGen: 444561K(667648K)->444561K(667648K)
[357.008s][info][gc,metaspace   ] GC(1258) Metaspace: 18854K(19008K)->18854K(19008K) NonClass: 16193K(16256K)->16193K(16256K) Class: 2661K(2752K)->2661K(2752K)
[357.008s][info][gc             ] GC(1258) Pause Young (Allocation Failure) 632M->489M(879M) 60.091ms
[357.008s][info][gc,cpu         ] GC(1258) User=0.12s Sys=0.00s Real=0.06s
[357.180s][info][gc,start       ] GC(1259) Pause Young (Allocation Failure)
[357.247s][info][gc,heap        ] GC(1259) PSYoungGen: 206480K(232448K)->62800K(231424K) Eden: 149504K(149504K)->0K(142336K) From: 56976K(82944K)->62800K(89088K)
[357.247s][info][gc,heap        ] GC(1259) ParOldGen: 444561K(667648K)->444561K(667648K)
[357.247s][info][gc,metaspace   ] GC(1259) Metaspace: 18854K(19008K)->18854K(19008K) NonClass: 16193K(16256K)->16193K(16256K) Class: 2661K(2752K)->2661K(2752K)
[357.247s][info][gc             ] GC(1259) Pause Young (Allocation Failure) 635M->495M(878M) 66.748ms
[357.247s][info][gc,cpu         ] GC(1259) User=0.13s Sys=0.01s Real=0.07s
[357.406s][info][gc,start       ] GC(1260) Pause Young (Allocation Failure)
[357.469s][info][gc,heap        ] GC(1260) PSYoungGen: 205136K(231424K)->49184K(238080K) Eden: 142336K(142336K)->0K(142336K) From: 62800K(89088K)->49184K(95744K)
[357.469s][info][gc,heap        ] GC(1260) ParOldGen: 444561K(667648K)->458466K(667648K)
[357.469s][info][gc,metaspace   ] GC(1260) Metaspace: 18854K(19008K)->18854K(19008K) NonClass: 16193K(16256K)->16193K(16256K) Class: 2661K(2752K)->2661K(2752K)
[357.469s][info][gc             ] GC(1260) Pause Young (Allocation Failure) 634M->495M(884M) 63.373ms
[357.469s][info][gc,cpu         ] GC(1260) User=0.12s Sys=0.00s Real=0.07s
[357.607s][info][gc,start       ] GC(1261) Pause Young (Allocation Failure)
[357.658s][info][gc,heap        ] GC(1261) PSYoungGen: 191520K(238080K)->47840K(236032K) Eden: 142336K(142336K)->0K(142336K) From: 49184K(95744K)->47840K(93696K)
[357.658s][info][gc,heap        ] GC(1261) ParOldGen: 458466K(667648K)->459842K(667648K)
[357.658s][info][gc,metaspace   ] GC(1261) Metaspace: 18854K(19008K)->18854K(19008K) NonClass: 16193K(16256K)->16193K(16256K) Class: 2661K(2752K)->2661K(2752K)
[357.658s][info][gc             ] GC(1261) Pause Young (Allocation Failure) 634M->495M(882M) 51.008ms
[357.658s][info][gc,cpu         ] GC(1261) User=0.10s Sys=0.00s Real=0.05s
[357.839s][info][gc,start       ] GC(1262) Pause Young (Allocation Failure)
[357.902s][info][gc,heap        ] GC(1262) PSYoungGen: 190176K(236032K)->50336K(237056K) Eden: 142336K(142336K)->0K(142336K) From: 47840K(93696K)->50336K(94720K)
[357.902s][info][gc,heap        ] GC(1262) ParOldGen: 459842K(667648K)->472690K(667648K)
[357.902s][info][gc,metaspace   ] GC(1262) Metaspace: 18854K(19008K)->18854K(19008K) NonClass: 16193K(16256K)->16193K(16256K) Class: 2661K(2752K)->2661K(2752K)
[357.902s][info][gc             ] GC(1262) Pause Young (Allocation Failure) 634M->510M(883M) 62.762ms
[357.902s][info][gc,cpu         ] GC(1262) User=0.13s Sys=0.00s Real=0.06s
[358.329s][info][gc,start       ] GC(1263) Pause Young (Allocation Failure)
[358.382s][info][gc,heap        ] GC(1263) PSYoungGen: 192672K(237056K)->21504K(231936K) Eden: 142336K(142336K)->0K(144384K) From: 50336K(94720K)->21504K(87552K)
[358.382s][info][gc,heap        ] GC(1263) ParOldGen: 472690K(667648K)->501682K(667648K)
[358.382s][info][gc,metaspace   ] GC(1263) Metaspace: 18854K(19008K)->18854K(19008K) NonClass: 16193K(16256K)->16193K(16256K) Class: 2661K(2752K)->2661K(2752K)
[358.382s][info][gc             ] GC(1263) Pause Young (Allocation Failure) 649M->510M(878M) 52.622ms
[358.382s][info][gc,cpu         ] GC(1263) User=0.11s Sys=0.00s Real=0.05s
[358.721s][info][gc,start       ] GC(1264) Pause Young (Allocation Failure)
[358.745s][info][gc,heap        ] GC(1264) PSYoungGen: 165888K(231936K)->15840K(235520K) Eden: 144384K(144384K)->0K(144384K) From: 21504K(87552K)->15840K(91136K)
[358.745s][info][gc,heap        ] GC(1264) ParOldGen: 501682K(667648K)->507506K(667648K)
[358.745s][info][gc,metaspace   ] GC(1264) Metaspace: 18854K(19008K)->18854K(19008K) NonClass: 16193K(16256K)->16193K(16256K) Class: 2661K(2752K)->2661K(2752K)
[358.745s][info][gc             ] GC(1264) Pause Young (Allocation Failure) 651M->511M(882M) 24.448ms
[358.745s][info][gc,cpu         ] GC(1264) User=0.05s Sys=0.00s Real=0.02s
[359.109s][info][gc,start       ] GC(1265) Pause Young (Allocation Failure)
[359.127s][info][gc,heap        ] GC(1265) PSYoungGen: 160224K(235520K)->16128K(236032K) Eden: 144384K(144384K)->0K(153600K) From: 15840K(91136K)->16128K(82432K)
[359.127s][info][gc,heap        ] GC(1265) ParOldGen: 507506K(667648K)->507506K(667648K)
[359.127s][info][gc,metaspace   ] GC(1265) Metaspace: 18854K(19008K)->18854K(19008K) NonClass: 16193K(16256K)->16193K(16256K) Class: 2661K(2752K)->2661K(2752K)
[359.127s][info][gc             ] GC(1265) Pause Young (Allocation Failure) 652M->511M(882M) 17.858ms
[359.127s][info][gc,cpu         ] GC(1265) User=0.03s Sys=0.00s Real=0.02s
[359.340s][info][gc,start       ] GC(1266) Pause Young (Allocation Failure)
[359.376s][info][gc,heap        ] GC(1266) PSYoungGen: 169728K(236032K)->40368K(240128K) Eden: 153600K(153600K)->0K(153600K) From: 16128K(82432K)->40368K(86528K)
[359.376s][info][gc,heap        ] GC(1266) ParOldGen: 507506K(667648K)->507506K(667648K)
[359.376s][info][gc,metaspace   ] GC(1266) Metaspace: 18854K(19008K)->18854K(19008K) NonClass: 16193K(16256K)->16193K(16256K) Class: 2661K(2752K)->2661K(2752K)
[359.376s][info][gc             ] GC(1266) Pause Young (Allocation Failure) 661M->535M(886M) 36.565ms
[359.376s][info][gc,cpu         ] GC(1266) User=0.07s Sys=0.00s Real=0.04s
[359.463s][info][gc,start       ] GC(1267) Pause Young (Allocation Failure)
[359.559s][info][gc,heap        ] GC(1267) PSYoungGen: 193968K(240128K)->83952K(208896K) Eden: 153600K(153600K)->0K(124928K) From: 40368K(86528K)->83952K(83968K)
[359.559s][info][gc,heap        ] GC(1267) ParOldGen: 507506K(667648K)->524026K(667648K)
[359.559s][info][gc,metaspace   ] GC(1267) Metaspace: 18854K(19008K)->18854K(19008K) NonClass: 16193K(16256K)->16193K(16256K) Class: 2661K(2752K)->2661K(2752K)
[359.559s][info][gc             ] GC(1267) Pause Young (Allocation Failure) 685M->593M(856M) 95.306ms
[359.559s][info][gc,cpu         ] GC(1267) User=0.16s Sys=0.02s Real=0.10s
[359.631s][info][gc,start       ] GC(1268) Pause Young (Allocation Failure)
[359.732s][info][gc,heap        ] GC(1268) PSYoungGen: 208880K(208896K)->104416K(229376K) Eden: 124928K(124928K)->0K(124928K) From: 83952K(83968K)->104416K(104448K)
[359.732s][info][gc,heap        ] GC(1268) ParOldGen: 524026K(667648K)->552122K(667648K)
[359.732s][info][gc,metaspace   ] GC(1268) Metaspace: 18854K(19008K)->18854K(19008K) NonClass: 16193K(16256K)->16193K(16256K) Class: 2661K(2752K)->2661K(2752K)
[359.732s][info][gc             ] GC(1268) Pause Young (Allocation Failure) 715M->641M(876M) 100.578ms
[359.732s][info][gc,cpu         ] GC(1268) User=0.20s Sys=0.00s Real=0.10s
[360.062s][info][gc,start       ] GC(1269) Pause Young (Allocation Failure)
[360.173s][info][gc,heap        ] GC(1269) PSYoungGen: 229344K(229376K)->104422K(216064K) Eden: 124928K(124928K)->0K(111616K) From: 104416K(104448K)->104422K(104448K)
[360.173s][info][gc,heap        ] GC(1269) ParOldGen: 552122K(667648K)->572778K(667648K)
[360.173s][info][gc,metaspace   ] GC(1269) Metaspace: 18854K(19008K)->18854K(19008K) NonClass: 16193K(16256K)->16193K(16256K) Class: 2661K(2752K)->2661K(2752K)
[360.173s][info][gc             ] GC(1269) Pause Young (Allocation Failure) 763M->661M(863M) 110.690ms
[360.173s][info][gc,cpu         ] GC(1269) User=0.22s Sys=0.00s Real=0.11s
[360.244s][info][gc,start       ] GC(1270) Pause Young (Allocation Failure)
[360.361s][info][gc,heap        ] GC(1270) PSYoungGen: 216038K(216064K)->111094K(222720K) Eden: 111616K(111616K)->0K(111616K) From: 104422K(104448K)->111094K(111104K)
[360.361s][info][gc,heap        ] GC(1270) ParOldGen: 572778K(667648K)->612082K(667648K)
[360.361s][info][gc,metaspace   ] GC(1270) Metaspace: 18854K(19008K)->18854K(19008K) NonClass: 16193K(16256K)->16193K(16256K) Class: 2661K(2752K)->2661K(2752K)
[360.361s][info][gc             ] GC(1270) Pause Young (Allocation Failure) 770M->706M(869M) 116.814ms
[360.361s][info][gc,cpu         ] GC(1270) User=0.23s Sys=0.00s Real=0.12s
[360.499s][info][gc,start       ] GC(1271) Pause Young (Allocation Failure)
[360.612s][info][gc,promotion   ] GC(1271) Promotion failed
[360.612s][info][gc,heap        ] GC(1271) PSYoungGen: 222710K(222720K)->222710K(222720K) Eden: 111616K(111616K)->111616K(111616K) From: 111094K(111104K)->111094K(111104K)
[360.612s][info][gc,heap        ] GC(1271) ParOldGen: 612082K(667648K)->667647K(667648K)
[360.612s][info][gc,metaspace   ] GC(1271) Metaspace: 18854K(19008K)->18854K(19008K) NonClass: 16193K(16256K)->16193K(16256K) Class: 2661K(2752K)->2661K(2752K)
[360.612s][info][gc             ] GC(1271) Pause Young (Allocation Failure) 815M->869M(869M) 113.043ms
[360.612s][info][gc,cpu         ] GC(1271) User=0.21s Sys=0.01s Real=0.11s
[360.612s][info][gc,start       ] GC(1272) Pause Full (Allocation Failure)
[360.612s][info][gc,phases,start] GC(1272) Marking Phase
[360.994s][info][gc,phases      ] GC(1272) Marking Phase 381.651ms
[360.994s][info][gc,phases,start] GC(1272) Summary Phase
[360.994s][info][gc,phases      ] GC(1272) Summary Phase 0.030ms
[360.994s][info][gc,phases,start] GC(1272) Forward
[361.143s][info][gc,phases      ] GC(1272) Forward 148.623ms
[361.143s][info][gc,phases,start] GC(1272) Adjust Pointers
[361.435s][info][gc,phases      ] GC(1272) Adjust Pointers 292.466ms
[361.435s][info][gc,phases,start] GC(1272) Compaction Phase
[361.636s][info][gc,phases      ] GC(1272) Compaction Phase 201.020ms
[361.646s][info][gc,phases,start] GC(1272) Post Compact
[361.649s][info][gc,phases      ] GC(1272) Post Compact 2.670ms
[361.649s][info][gc,heap        ] GC(1272) PSYoungGen: 222710K(222720K)->0K(222720K) Eden: 111616K(111616K)->0K(111616K) From: 111094K(111104K)->0K(111104K)
[361.649s][info][gc,heap        ] GC(1272) ParOldGen: 667647K(667648K)->573740K(667648K)
[361.649s][info][gc,metaspace   ] GC(1272) Metaspace: 18854K(19008K)->18854K(19008K) NonClass: 16193K(16256K)->16193K(16256K) Class: 2661K(2752K)->2661K(2752K)
[361.649s][info][gc             ] GC(1272) Pause Full (Allocation Failure) 869M->560M(869M) 1037.147ms
[361.649s][info][gc,cpu         ] GC(1272) User=1.96s Sys=0.00s Real=1.04s
[361.758s][info][gc,start       ] GC(1273) Pause Young (Allocation Failure)
[361.801s][info][gc,heap        ] GC(1273) PSYoungGen: 111616K(222720K)->13152K(222720K) Eden: 111616K(111616K)->0K(111616K) From: 0K(111104K)->13152K(111104K)
[361.801s][info][gc,heap        ] GC(1273) ParOldGen: 573740K(667648K)->573740K(667648K)
[361.801s][info][gc,metaspace   ] GC(1273) Metaspace: 18854K(19008K)->18854K(19008K) NonClass: 16193K(16256K)->16193K(16256K) Class: 2661K(2752K)->2661K(2752K)
[361.801s][info][gc             ] GC(1273) Pause Young (Allocation Failure) 669M->573M(869M) 43.278ms
[361.801s][info][gc,cpu         ] GC(1273) User=0.08s Sys=0.00s Real=0.04s
[361.973s][info][gc,start       ] GC(1274) Pause Young (Allocation Failure)
[362.048s][info][gc,heap        ] GC(1274) PSYoungGen: 124768K(222720K)->40387K(222720K) Eden: 111616K(111616K)->0K(111616K) From: 13152K(111104K)->40387K(111104K)
[362.048s][info][gc,heap        ] GC(1274) ParOldGen: 573740K(667648K)->573740K(667648K)
[362.048s][info][gc,metaspace   ] GC(1274) Metaspace: 18854K(19008K)->18854K(19008K) NonClass: 16193K(16256K)->16193K(16256K) Class: 2661K(2752K)->2661K(2752K)
[362.048s][info][gc             ] GC(1274) Pause Young (Allocation Failure) 682M->599M(869M) 75.596ms
[362.049s][info][gc,cpu         ] GC(1274) User=0.15s Sys=0.00s Real=0.08s
[362.213s][info][gc,start       ] GC(1275) Pause Young (Allocation Failure)
[362.289s][info][gc,heap        ] GC(1275) PSYoungGen: 152003K(222720K)->27299K(222720K) Eden: 111616K(111616K)->0K(111616K) From: 40387K(111104K)->27299K(111104K)
[362.289s][info][gc,heap        ] GC(1275) ParOldGen: 573740K(667648K)->586876K(667648K)
[362.289s][info][gc,metaspace   ] GC(1275) Metaspace: 18854K(19008K)->18854K(19008K) NonClass: 16193K(16256K)->16193K(16256K) Class: 2661K(2752K)->2661K(2752K)
[362.289s][info][gc             ] GC(1275) Pause Young (Allocation Failure) 708M->599M(869M) 76.273ms
[362.289s][info][gc,cpu         ] GC(1275) User=0.15s Sys=0.00s Real=0.08s
[362.455s][info][gc,start       ] GC(1276) Pause Young (Allocation Failure)
[362.500s][info][gc,heap        ] GC(1276) PSYoungGen: 138915K(222720K)->32K(222720K) Eden: 111616K(111616K)->0K(111616K) From: 27299K(111104K)->32K(111104K)
[362.500s][info][gc,heap        ] GC(1276) ParOldGen: 586876K(667648K)->614196K(667648K)
[362.500s][info][gc,metaspace   ] GC(1276) Metaspace: 18854K(19008K)->18854K(19008K) NonClass: 16193K(16256K)->16193K(16256K) Class: 2661K(2752K)->2661K(2752K)
[362.500s][info][gc             ] GC(1276) Pause Young (Allocation Failure) 708M->599M(869M) 45.203ms
[362.500s][info][gc,cpu         ] GC(1276) User=0.09s Sys=0.00s Real=0.05s
[362.665s][info][gc,start       ] GC(1277) Pause Young (Allocation Failure)
[362.667s][info][gc,heap        ] GC(1277) PSYoungGen: 111648K(222720K)->64K(222720K) Eden: 111616K(111616K)->0K(111616K) From: 32K(111104K)->64K(111104K)
[362.667s][info][gc,heap        ] GC(1277) ParOldGen: 614196K(667648K)->614196K(667648K)
[362.667s][info][gc,metaspace   ] GC(1277) Metaspace: 18854K(19008K)->18854K(19008K) NonClass: 16193K(16256K)->16193K(16256K) Class: 2661K(2752K)->2661K(2752K)
[362.667s][info][gc             ] GC(1277) Pause Young (Allocation Failure) 708M->599M(869M) 1.999ms
[362.667s][info][gc,cpu         ] GC(1277) User=0.00s Sys=0.00s Real=0.01s
[362.834s][info][gc,start       ] GC(1278) Pause Young (Allocation Failure)
[362.836s][info][gc,heap        ] GC(1278) PSYoungGen: 111680K(222720K)->64K(222720K) Eden: 111616K(111616K)->0K(111616K) From: 64K(111104K)->64K(111104K)
[362.836s][info][gc,heap        ] GC(1278) ParOldGen: 614196K(667648K)->614196K(667648K)
[362.836s][info][gc,metaspace   ] GC(1278) Metaspace: 18854K(19008K)->18854K(19008K) NonClass: 16193K(16256K)->16193K(16256K) Class: 2661K(2752K)->2661K(2752K)
[362.836s][info][gc             ] GC(1278) Pause Young (Allocation Failure) 708M->599M(869M) 2.041ms
[362.836s][info][gc,cpu         ] GC(1278) User=0.01s Sys=0.00s Real=0.00s
[362.998s][info][gc,start       ] GC(1279) Pause Young (Allocation Failure)
[363.000s][info][gc,heap        ] GC(1279) PSYoungGen: 111680K(222720K)->64K(222720K) Eden: 111616K(111616K)->0K(111616K) From: 64K(111104K)->64K(111104K)
[363.000s][info][gc,heap        ] GC(1279) ParOldGen: 614196K(667648K)->614196K(667648K)
[363.000s][info][gc,metaspace   ] GC(1279) Metaspace: 18854K(19008K)->18854K(19008K) NonClass: 16193K(16256K)->16193K(16256K) Class: 2661K(2752K)->2661K(2752K)
[363.000s][info][gc             ] GC(1279) Pause Young (Allocation Failure) 708M->599M(869M) 1.993ms
[363.000s][info][gc,cpu         ] GC(1279) User=0.00s Sys=0.00s Real=0.00s
[363.163s][info][gc,start       ] GC(1280) Pause Young (Allocation Failure)
[363.165s][info][gc,heap        ] GC(1280) PSYoungGen: 111680K(222720K)->64K(222720K) Eden: 111616K(111616K)->0K(111616K) From: 64K(111104K)->64K(111104K)
[363.165s][info][gc,heap        ] GC(1280) ParOldGen: 614196K(667648K)->614196K(667648K)
[363.165s][info][gc,metaspace   ] GC(1280) Metaspace: 18854K(19008K)->18854K(19008K) NonClass: 16193K(16256K)->16193K(16256K) Class: 2661K(2752K)->2661K(2752K)
[363.165s][info][gc             ] GC(1280) Pause Young (Allocation Failure) 708M->599M(869M) 1.998ms
[363.165s][info][gc,cpu         ] GC(1280) User=0.00s Sys=0.00s Real=0.00s
[363.334s][info][gc,start       ] GC(1281) Pause Young (Allocation Failure)
[363.335s][info][gc,heap        ] GC(1281) PSYoungGen: 111680K(222720K)->64K(222720K) Eden: 111616K(111616K)->0K(111616K) From: 64K(111104K)->64K(111104K)
[363.336s][info][gc,heap        ] GC(1281) ParOldGen: 614196K(667648K)->614196K(667648K)
[363.336s][info][gc,metaspace   ] GC(1281) Metaspace: 18854K(19008K)->18854K(19008K) NonClass: 16193K(16256K)->16193K(16256K) Class: 2661K(2752K)->2661K(2752K)
[363.336s][info][gc             ] GC(1281) Pause Young (Allocation Failure) 708M->599M(869M) 1.968ms
[363.336s][info][gc,cpu         ] GC(1281) User=0.00s Sys=0.00s Real=0.00s
[363.499s][info][gc,start       ] GC(1282) Pause Young (Allocation Failure)
[363.501s][info][gc,heap        ] GC(1282) PSYoungGen: 111680K(222720K)->64K(222720K) Eden: 111616K(111616K)->0K(111616K) From: 64K(111104K)->64K(111104K)
[363.501s][info][gc,heap        ] GC(1282) ParOldGen: 614196K(667648K)->614196K(667648K)
[363.501s][info][gc,metaspace   ] GC(1282) Metaspace: 18854K(19008K)->18854K(19008K) NonClass: 16193K(16256K)->16193K(16256K) Class: 2661K(2752K)->2661K(2752K)
[363.501s][info][gc             ] GC(1282) Pause Young (Allocation Failure) 708M->599M(869M) 1.931ms
[363.501s][info][gc,cpu         ] GC(1282) User=0.01s Sys=0.00s Real=0.00s
[363.669s][info][gc,start       ] GC(1283) Pause Young (Allocation Failure)
[363.671s][info][gc,heap        ] GC(1283) PSYoungGen: 111680K(222720K)->64K(222720K) Eden: 111616K(111616K)->0K(111616K) From: 64K(111104K)->64K(111104K)
[363.671s][info][gc,heap        ] GC(1283) ParOldGen: 614196K(667648K)->614196K(667648K)
[363.671s][info][gc,metaspace   ] GC(1283) Metaspace: 18854K(19008K)->18854K(19008K) NonClass: 16193K(16256K)->16193K(16256K) Class: 2661K(2752K)->2661K(2752K)
[363.671s][info][gc             ] GC(1283) Pause Young (Allocation Failure) 708M->599M(869M) 1.966ms
[363.671s][info][gc,cpu         ] GC(1283) User=0.00s Sys=0.00s Real=0.00s
[363.825s][info][gc,start       ] GC(1284) Pause Young (Allocation Failure)
[363.838s][info][gc,heap        ] GC(1284) PSYoungGen: 111680K(222720K)->9856K(222720K) Eden: 111616K(111616K)->0K(111616K) From: 64K(111104K)->9856K(111104K)
[363.838s][info][gc,heap        ] GC(1284) ParOldGen: 614196K(667648K)->614204K(667648K)
[363.838s][info][gc,metaspace   ] GC(1284) Metaspace: 18854K(19008K)->18854K(19008K) NonClass: 16193K(16256K)->16193K(16256K) Class: 2661K(2752K)->2661K(2752K)
[363.838s][info][gc             ] GC(1284) Pause Young (Allocation Failure) 708M->609M(869M) 13.020ms
[363.838s][info][gc,cpu         ] GC(1284) User=0.02s Sys=0.00s Real=0.02s
[363.952s][info][gc,start       ] GC(1285) Pause Young (Allocation Failure)
[363.978s][info][gc,heap        ] GC(1285) PSYoungGen: 121472K(222720K)->14016K(125952K) Eden: 111616K(111616K)->0K(111616K) From: 9856K(111104K)->14016K(14336K)
[363.978s][info][gc,heap        ] GC(1285) ParOldGen: 614204K(667648K)->624044K(667648K)
[363.978s][info][gc,metaspace   ] GC(1285) Metaspace: 18854K(19008K)->18854K(19008K) NonClass: 16193K(16256K)->16193K(16256K) Class: 2661K(2752K)->2661K(2752K)
[363.978s][info][gc             ] GC(1285) Pause Young (Allocation Failure) 718M->623M(775M) 26.083ms
[363.978s][info][gc,cpu         ] GC(1285) User=0.05s Sys=0.00s Real=0.03s
[364.073s][info][gc,start       ] GC(1286) Pause Young (Allocation Failure)
[364.096s][info][gc,heap        ] GC(1286) PSYoungGen: 125632K(125952K)->20928K(222208K) Eden: 111616K(111616K)->0K(120320K) From: 14016K(14336K)->20928K(101888K)
[364.096s][info][gc,heap        ] GC(1286) ParOldGen: 624044K(667648K)->624044K(667648K)
[364.096s][info][gc,metaspace   ] GC(1286) Metaspace: 18854K(19008K)->18854K(19008K) NonClass: 16193K(16256K)->16193K(16256K) Class: 2661K(2752K)->2661K(2752K)
[364.096s][info][gc             ] GC(1286) Pause Young (Allocation Failure) 732M->629M(869M) 23.411ms
[364.096s][info][gc,cpu         ] GC(1286) User=0.04s Sys=0.00s Real=0.03s
[364.209s][info][gc,start       ] GC(1287) Pause Young (Allocation Failure)
[364.237s][info][gc,heap        ] GC(1287) PSYoungGen: 141248K(222208K)->21600K(222208K) Eden: 120320K(120320K)->0K(120320K) From: 20928K(101888K)->21600K(101888K)
[364.237s][info][gc,heap        ] GC(1287) ParOldGen: 624044K(667648K)->624044K(667648K)
[364.237s][info][gc,metaspace   ] GC(1287) Metaspace: 18854K(19008K)->18854K(19008K) NonClass: 16193K(16256K)->16193K(16256K) Class: 2661K(2752K)->2661K(2752K)
[364.237s][info][gc             ] GC(1287) Pause Young (Allocation Failure) 747M->630M(869M) 28.489ms
[364.237s][info][gc,cpu         ] GC(1287) User=0.05s Sys=0.00s Real=0.03s
[364.351s][info][gc,start       ] GC(1288) Pause Young (Allocation Failure)
[364.377s][info][gc,heap        ] GC(1288) PSYoungGen: 141920K(222208K)->23008K(212480K) Eden: 120320K(120320K)->0K(131072K) From: 21600K(101888K)->23008K(81408K)
[364.378s][info][gc,heap        ] GC(1288) ParOldGen: 624044K(667648K)->624044K(667648K)
[364.378s][info][gc,metaspace   ] GC(1288) Metaspace: 18854K(19008K)->18854K(19008K) NonClass: 16193K(16256K)->16193K(16256K) Class: 2661K(2752K)->2661K(2752K)
[364.378s][info][gc             ] GC(1288) Pause Young (Allocation Failure) 748M->631M(859M) 26.221ms
[364.378s][info][gc,cpu         ] GC(1288) User=0.05s Sys=0.00s Real=0.03s
[364.519s][info][gc,start       ] GC(1289) Pause Young (Allocation Failure)
[364.551s][info][gc,heap        ] GC(1289) PSYoungGen: 154080K(212480K)->30848K(218112K) Eden: 131072K(131072K)->0K(131072K) From: 23008K(81408K)->30848K(87040K)
[364.551s][info][gc,heap        ] GC(1289) ParOldGen: 624044K(667648K)->624044K(667648K)
[364.551s][info][gc,metaspace   ] GC(1289) Metaspace: 18854K(19008K)->18854K(19008K) NonClass: 16193K(16256K)->16193K(16256K) Class: 2661K(2752K)->2661K(2752K)
[364.551s][info][gc             ] GC(1289) Pause Young (Allocation Failure) 759M->639M(865M) 31.638ms
[364.551s][info][gc,cpu         ] GC(1289) User=0.06s Sys=0.00s Real=0.03s
[364.820s][info][gc,start       ] GC(1290) Pause Young (Allocation Failure)
[364.852s][info][gc,heap        ] GC(1290) PSYoungGen: 161920K(218112K)->31136K(219648K) Eden: 131072K(131072K)->0K(142336K) From: 30848K(87040K)->31136K(77312K)
[364.852s][info][gc,heap        ] GC(1290) ParOldGen: 624044K(667648K)->624044K(667648K)
[364.852s][info][gc,metaspace   ] GC(1290) Metaspace: 18854K(19008K)->18854K(19008K) NonClass: 16193K(16256K)->16193K(16256K) Class: 2661K(2752K)->2661K(2752K)
[364.852s][info][gc             ] GC(1290) Pause Young (Allocation Failure) 767M->639M(866M) 32.558ms
[364.853s][info][gc,cpu         ] GC(1290) User=0.06s Sys=0.00s Real=0.03s
[365.115s][info][gc,start       ] GC(1291) Pause Young (Allocation Failure)
[365.150s][info][gc,heap        ] GC(1291) PSYoungGen: 173472K(219648K)->31264K(223232K) Eden: 142336K(142336K)->0K(142336K) From: 31136K(77312K)->31264K(80896K)
[365.150s][info][gc,heap        ] GC(1291) ParOldGen: 624044K(667648K)->624044K(667648K)
[365.150s][info][gc,metaspace   ] GC(1291) Metaspace: 18854K(19008K)->18854K(19008K) NonClass: 16193K(16256K)->16193K(16256K) Class: 2661K(2752K)->2661K(2752K)
[365.150s][info][gc             ] GC(1291) Pause Young (Allocation Failure) 778M->639M(870M) 35.676ms
[365.150s][info][gc,cpu         ] GC(1291) User=0.07s Sys=0.00s Real=0.04s
[365.405s][info][gc,start       ] GC(1292) Pause Young (Allocation Failure)
[365.438s][info][gc,heap        ] GC(1292) PSYoungGen: 173600K(223232K)->31264K(225792K) Eden: 142336K(142336K)->0K(154112K) From: 31264K(80896K)->31264K(71680K)
[365.438s][info][gc,heap        ] GC(1292) ParOldGen: 624044K(667648K)->624044K(667648K)
[365.438s][info][gc,metaspace   ] GC(1292) Metaspace: 18854K(19008K)->18854K(19008K) NonClass: 16193K(16256K)->16193K(16256K) Class: 2661K(2752K)->2661K(2752K)
[365.438s][info][gc             ] GC(1292) Pause Young (Allocation Failure) 778M->639M(872M) 32.380ms
[365.438s][info][gc,cpu         ] GC(1292) User=0.06s Sys=0.00s Real=0.04s
[365.736s][info][gc,start       ] GC(1293) Pause Young (Allocation Failure)
[365.771s][info][gc,heap        ] GC(1293) PSYoungGen: 185376K(225792K)->31296K(229376K) Eden: 154112K(154112K)->0K(154112K) From: 31264K(71680K)->31296K(75264K)
[365.771s][info][gc,heap        ] GC(1293) ParOldGen: 624044K(667648K)->624044K(667648K)
[365.771s][info][gc,metaspace   ] GC(1293) Metaspace: 18854K(19008K)->18854K(19008K) NonClass: 16193K(16256K)->16193K(16256K) Class: 2661K(2752K)->2661K(2752K)
[365.771s][info][gc             ] GC(1293) Pause Young (Allocation Failure) 790M->639M(876M) 35.783ms
[365.771s][info][gc,cpu         ] GC(1293) User=0.07s Sys=0.00s Real=0.04s
[365.951s][info][gc,start       ] GC(1294) Pause Young (Allocation Failure)
[365.995s][info][gc,heap        ] GC(1294) PSYoungGen: 185408K(229376K)->44320K(236544K) Eden: 154112K(154112K)->0K(163840K) From: 31296K(75264K)->44320K(72704K)
[365.995s][info][gc,heap        ] GC(1294) ParOldGen: 624044K(667648K)->624044K(667648K)
[365.995s][info][gc,metaspace   ] GC(1294) Metaspace: 18854K(19008K)->18854K(19008K) NonClass: 16193K(16256K)->16193K(16256K) Class: 2661K(2752K)->2661K(2752K)
[365.995s][info][gc             ] GC(1294) Pause Young (Allocation Failure) 790M->652M(883M) 44.123ms
[365.996s][info][gc,cpu         ] GC(1294) User=0.09s Sys=0.00s Real=0.04s
[366.160s][info][gc,start       ] GC(1295) Pause Young (Allocation Failure)
[366.227s][info][gc,heap        ] GC(1295) PSYoungGen: 208160K(236544K)->72336K(239104K) Eden: 163840K(163840K)->0K(163840K) From: 44320K(72704K)->72336K(75264K)
[366.227s][info][gc,heap        ] GC(1295) ParOldGen: 624044K(667648K)->624044K(667648K)
[366.227s][info][gc,metaspace   ] GC(1295) Metaspace: 18854K(19008K)->18854K(19008K) NonClass: 16193K(16256K)->16193K(16256K) Class: 2661K(2752K)->2661K(2752K)
[366.227s][info][gc             ] GC(1295) Pause Young (Allocation Failure) 812M->680M(885M) 66.815ms
[366.227s][info][gc,cpu         ] GC(1295) User=0.14s Sys=0.00s Real=0.07s
[366.440s][info][gc,start       ] GC(1296) Pause Young (Allocation Failure)
[366.535s][info][gc,heap        ] GC(1296) PSYoungGen: 236176K(239104K)->85696K(218112K) Eden: 163840K(163840K)->0K(131072K) From: 72336K(75264K)->85696K(87040K)
[366.535s][info][gc,heap        ] GC(1296) ParOldGen: 624044K(667648K)->638052K(667648K)
[366.535s][info][gc,metaspace   ] GC(1296) Metaspace: 18854K(19008K)->18854K(19008K) NonClass: 16193K(16256K)->16193K(16256K) Class: 2661K(2752K)->2661K(2752K)
[366.535s][info][gc             ] GC(1296) Pause Young (Allocation Failure) 840M->706M(865M) 95.450ms
[366.535s][info][gc,cpu         ] GC(1296) User=0.17s Sys=0.02s Real=0.09s
[366.728s][info][gc,start       ] GC(1297) Pause Full (Allocation Failure)
[366.728s][info][gc,phases,start] GC(1297) Marking Phase
[366.904s][info][gc,phases      ] GC(1297) Marking Phase 176.423ms
[366.905s][info][gc,phases,start] GC(1297) Summary Phase
[366.905s][info][gc,phases      ] GC(1297) Summary Phase 0.030ms
[366.905s][info][gc,phases,start] GC(1297) Forward
[366.981s][info][gc,phases      ] GC(1297) Forward 76.837ms
[366.981s][info][gc,phases,start] GC(1297) Adjust Pointers
[367.142s][info][gc,phases      ] GC(1297) Adjust Pointers 160.676ms
[367.142s][info][gc,phases,start] GC(1297) Compaction Phase
[367.225s][info][gc,phases      ] GC(1297) Compaction Phase 82.732ms
[367.239s][info][gc,phases,start] GC(1297) Post Compact
[367.242s][info][gc,phases      ] GC(1297) Post Compact 2.488ms
[367.246s][info][gc,heap        ] GC(1297) PSYoungGen: 216768K(218112K)->0K(232448K) Eden: 131072K(131072K)->0K(131072K) From: 85696K(87040K)->0K(101376K)
[367.246s][info][gc,heap        ] GC(1297) ParOldGen: 638052K(667648K)->289676K(618496K)
[367.246s][info][gc,metaspace   ] GC(1297) Metaspace: 18854K(19008K)->18854K(19008K) NonClass: 16193K(16256K)->16193K(16256K) Class: 2661K(2752K)->2661K(2752K)
[367.246s][info][gc             ] GC(1297) Pause Full (Allocation Failure) 834M->282M(831M) 517.924ms
[367.246s][info][gc,cpu         ] GC(1297) User=0.92s Sys=0.00s Real=0.51s
[367.429s][info][gc,start       ] GC(1298) Pause Young (Allocation Failure)
[367.431s][info][gc,heap        ] GC(1298) PSYoungGen: 131072K(232448K)->64K(232448K) Eden: 131072K(131072K)->0K(131072K) From: 0K(101376K)->64K(101376K)
[367.431s][info][gc,heap        ] GC(1298) ParOldGen: 289676K(618496K)->289676K(618496K)
[367.431s][info][gc,metaspace   ] GC(1298) Metaspace: 18854K(19008K)->18854K(19008K) NonClass: 16193K(16256K)->16193K(16256K) Class: 2661K(2752K)->2661K(2752K)
[367.431s][info][gc             ] GC(1298) Pause Young (Allocation Failure) 410M->282M(831M) 1.211ms
[367.431s][info][gc,cpu         ] GC(1298) User=0.00s Sys=0.00s Real=0.00s
[367.609s][info][gc,start       ] GC(1299) Pause Young (Allocation Failure)
[367.610s][info][gc,heap        ] GC(1299) PSYoungGen: 131136K(232448K)->64K(131584K) Eden: 131072K(131072K)->0K(131072K) From: 64K(101376K)->64K(512K)
[367.610s][info][gc,heap        ] GC(1299) ParOldGen: 289676K(618496K)->289676K(618496K)
[367.610s][info][gc,metaspace   ] GC(1299) Metaspace: 18854K(19008K)->18854K(19008K) NonClass: 16193K(16256K)->16193K(16256K) Class: 2661K(2752K)->2661K(2752K)
[367.610s][info][gc             ] GC(1299) Pause Young (Allocation Failure) 410M->282M(732M) 1.325ms
[367.610s][info][gc,cpu         ] GC(1299) User=0.00s Sys=0.00s Real=0.00s
[367.784s][info][gc,start       ] GC(1300) Pause Young (Allocation Failure)
[367.785s][info][gc,heap        ] GC(1300) PSYoungGen: 131136K(131584K)->64K(233472K) Eden: 131072K(131072K)->0K(133120K) From: 64K(512K)->64K(100352K)
[367.785s][info][gc,heap        ] GC(1300) ParOldGen: 289676K(618496K)->289676K(618496K)
[367.785s][info][gc,metaspace   ] GC(1300) Metaspace: 18854K(19008K)->18854K(19008K) NonClass: 16193K(16256K)->16193K(16256K) Class: 2661K(2752K)->2661K(2752K)
[367.785s][info][gc             ] GC(1300) Pause Young (Allocation Failure) 410M->282M(832M) 1.182ms
[367.785s][info][gc,cpu         ] GC(1300) User=0.00s Sys=0.00s Real=0.00s
[367.964s][info][gc,start       ] GC(1301) Pause Young (Allocation Failure)
[367.965s][info][gc,heap        ] GC(1301) PSYoungGen: 133184K(233472K)->64K(133632K) Eden: 133120K(133120K)->0K(133120K) From: 64K(100352K)->64K(512K)
[367.965s][info][gc,heap        ] GC(1301) ParOldGen: 289676K(618496K)->289676K(618496K)
[367.965s][info][gc,metaspace   ] GC(1301) Metaspace: 18854K(19008K)->18854K(19008K) NonClass: 16193K(16256K)->16193K(16256K) Class: 2661K(2752K)->2661K(2752K)
[367.965s][info][gc             ] GC(1301) Pause Young (Allocation Failure) 412M->282M(734M) 1.633ms
[367.965s][info][gc,cpu         ] GC(1301) User=0.00s Sys=0.00s Real=0.00s
[368.140s][info][gc,start       ] GC(1302) Pause Young (Allocation Failure)
[368.141s][info][gc,heap        ] GC(1302) PSYoungGen: 133184K(133632K)->64K(232960K) Eden: 133120K(133120K)->0K(137728K) From: 64K(512K)->64K(95232K)
[368.141s][info][gc,heap        ] GC(1302) ParOldGen: 289676K(618496K)->289676K(618496K)
[368.141s][info][gc,metaspace   ] GC(1302) Metaspace: 18854K(19008K)->18854K(19008K) NonClass: 16193K(16256K)->16193K(16256K) Class: 2661K(2752K)->2661K(2752K)
[368.141s][info][gc             ] GC(1302) Pause Young (Allocation Failure) 412M->282M(831M) 1.250ms
[368.141s][info][gc,cpu         ] GC(1302) User=0.00s Sys=0.00s Real=0.00s
[368.321s][info][gc,start       ] GC(1303) Pause Young (Allocation Failure)
[368.322s][info][gc,heap        ] GC(1303) PSYoungGen: 137792K(232960K)->64K(230912K) Eden: 137728K(137728K)->0K(137728K) From: 64K(95232K)->64K(93184K)
[368.322s][info][gc,heap        ] GC(1303) ParOldGen: 289676K(618496K)->289676K(618496K)
[368.322s][info][gc,metaspace   ] GC(1303) Metaspace: 18854K(19008K)->18854K(19008K) NonClass: 16193K(16256K)->16193K(16256K) Class: 2661K(2752K)->2661K(2752K)
[368.322s][info][gc             ] GC(1303) Pause Young (Allocation Failure) 417M->282M(829M) 1.454ms
[368.322s][info][gc,cpu         ] GC(1303) User=0.01s Sys=0.01s Real=0.00s
[368.432s][info][gc,start       ] GC(1304) Pause Young (Allocation Failure)
[368.473s][info][gc,heap        ] GC(1304) PSYoungGen: 137792K(230912K)->35808K(233984K) Eden: 137728K(137728K)->0K(144384K) From: 64K(93184K)->35808K(89600K)
[368.473s][info][gc,heap        ] GC(1304) ParOldGen: 289676K(618496K)->289676K(618496K)
[368.473s][info][gc,metaspace   ] GC(1304) Metaspace: 18854K(19008K)->18854K(19008K) NonClass: 16193K(16256K)->16193K(16256K) Class: 2661K(2752K)->2661K(2752K)
[368.474s][info][gc             ] GC(1304) Pause Young (Allocation Failure) 417M->317M(832M) 41.729ms
[368.474s][info][gc,cpu         ] GC(1304) User=0.09s Sys=0.00s Real=0.04s
[368.579s][info][gc,start       ] GC(1305) Pause Young (Allocation Failure)
[368.639s][info][gc,heap        ] GC(1305) PSYoungGen: 180192K(233984K)->60096K(232960K) Eden: 144384K(144384K)->0K(144384K) From: 35808K(89600K)->60096K(88576K)
[368.639s][info][gc,heap        ] GC(1305) ParOldGen: 289676K(618496K)->289676K(618496K)
[368.639s][info][gc,metaspace   ] GC(1305) Metaspace: 18854K(19008K)->18854K(19008K) NonClass: 16193K(16256K)->16193K(16256K) Class: 2661K(2752K)->2661K(2752K)
[368.639s][info][gc             ] GC(1305) Pause Young (Allocation Failure) 458M->341M(831M) 60.389ms
[368.639s][info][gc,cpu         ] GC(1305) User=0.12s Sys=0.00s Real=0.06s
[368.741s][info][gc,start       ] GC(1306) Pause Young (Allocation Failure)
[368.814s][info][gc,heap        ] GC(1306) PSYoungGen: 204480K(232960K)->70656K(218112K) Eden: 144384K(144384K)->0K(121856K) From: 60096K(88576K)->70656K(96256K)
[368.814s][info][gc,heap        ] GC(1306) ParOldGen: 289676K(618496K)->289676K(618496K)
[368.814s][info][gc,metaspace   ] GC(1306) Metaspace: 18854K(19008K)->18854K(19008K) NonClass: 16193K(16256K)->16193K(16256K) Class: 2661K(2752K)->2661K(2752K)
[368.814s][info][gc             ] GC(1306) Pause Young (Allocation Failure) 482M->351M(817M) 73.059ms
[368.814s][info][gc,cpu         ] GC(1306) User=0.14s Sys=0.00s Real=0.07s
[368.904s][info][gc,start       ] GC(1307) Pause Young (Allocation Failure)
[368.991s][info][gc,heap        ] GC(1307) PSYoungGen: 192512K(218112K)->90080K(211968K) Eden: 121856K(121856K)->0K(121856K) From: 70656K(96256K)->90080K(90112K)
[368.991s][info][gc,heap        ] GC(1307) ParOldGen: 289676K(618496K)->289676K(618496K)
[368.991s][info][gc,metaspace   ] GC(1307) Metaspace: 18854K(19008K)->18854K(19008K) NonClass: 16193K(16256K)->16193K(16256K) Class: 2661K(2752K)->2661K(2752K)
[368.991s][info][gc             ] GC(1307) Pause Young (Allocation Failure) 470M->370M(811M) 87.622ms
[368.991s][info][gc,cpu         ] GC(1307) User=0.18s Sys=0.00s Real=0.09s
[369.076s][info][gc,start       ] GC(1308) Pause Young (Allocation Failure)
[369.172s][info][gc,heap        ] GC(1308) PSYoungGen: 211936K(211968K)->99968K(222720K) Eden: 121856K(121856K)->0K(111616K) From: 90080K(90112K)->99968K(111104K)
[369.172s][info][gc,heap        ] GC(1308) ParOldGen: 289676K(618496K)->289676K(618496K)
[369.172s][info][gc,metaspace   ] GC(1308) Metaspace: 18854K(19008K)->18854K(19008K) NonClass: 16193K(16256K)->16193K(16256K) Class: 2661K(2752K)->2661K(2752K)
[369.172s][info][gc             ] GC(1308) Pause Young (Allocation Failure) 489M->380M(821M) 96.759ms
[369.172s][info][gc,cpu         ] GC(1308) User=0.19s Sys=0.00s Real=0.10s
[369.240s][info][gc,start       ] GC(1309) Pause Young (Allocation Failure)
[369.346s][info][gc,heap        ] GC(1309) PSYoungGen: 211584K(222720K)->107200K(222720K) Eden: 111616K(111616K)->0K(111616K) From: 99968K(111104K)->107200K(111104K)
[369.346s][info][gc,heap        ] GC(1309) ParOldGen: 289676K(618496K)->289676K(618496K)
[369.346s][info][gc,metaspace   ] GC(1309) Metaspace: 18854K(19008K)->18854K(19008K) NonClass: 16193K(16256K)->16193K(16256K) Class: 2661K(2752K)->2661K(2752K)
[369.346s][info][gc             ] GC(1309) Pause Young (Allocation Failure) 489M->387M(821M) 106.569ms
[369.346s][info][gc,cpu         ] GC(1309) User=0.21s Sys=0.00s Real=0.11s
[369.409s][info][gc,start       ] GC(1310) Pause Young (Allocation Failure)
[369.527s][info][gc,heap        ] GC(1310) PSYoungGen: 218816K(222720K)->111104K(222720K) Eden: 111616K(111616K)->0K(111616K) From: 107200K(111104K)->111104K(111104K)
[369.527s][info][gc,heap        ] GC(1310) ParOldGen: 289676K(618496K)->294931K(618496K)
[369.527s][info][gc,metaspace   ] GC(1310) Metaspace: 18854K(19008K)->18854K(19008K) NonClass: 16193K(16256K)->16193K(16256K) Class: 2661K(2752K)->2661K(2752K)
[369.527s][info][gc             ] GC(1310) Pause Young (Allocation Failure) 496M->396M(821M) 118.219ms
[369.527s][info][gc,cpu         ] GC(1310) User=0.23s Sys=0.00s Real=0.12s
[369.648s][info][gc,start       ] GC(1311) Pause Young (Allocation Failure)
[369.758s][info][gc,heap        ] GC(1311) PSYoungGen: 222720K(222720K)->111104K(222720K) Eden: 111616K(111616K)->0K(111616K) From: 111104K(111104K)->111104K(111104K)
[369.758s][info][gc,heap        ] GC(1311) ParOldGen: 294931K(618496K)->295035K(618496K)
[369.758s][info][gc,metaspace   ] GC(1311) Metaspace: 18854K(19008K)->18854K(19008K) NonClass: 16193K(16256K)->16193K(16256K) Class: 2661K(2752K)->2661K(2752K)
[369.758s][info][gc             ] GC(1311) Pause Young (Allocation Failure) 505M->396M(821M) 109.739ms
[369.758s][info][gc,cpu         ] GC(1311) User=0.21s Sys=0.00s Real=0.11s
[369.904s][info][gc,start       ] GC(1312) Pause Young (Allocation Failure)
[370.011s][info][gc,heap        ] GC(1312) PSYoungGen: 222720K(222720K)->111104K(222720K) Eden: 111616K(111616K)->0K(111616K) From: 111104K(111104K)->111104K(111104K)
[370.011s][info][gc,heap        ] GC(1312) ParOldGen: 295035K(618496K)->296283K(618496K)
[370.011s][info][gc,metaspace   ] GC(1312) Metaspace: 18854K(19008K)->18854K(19008K) NonClass: 16193K(16256K)->16193K(16256K) Class: 2661K(2752K)->2661K(2752K)
[370.011s][info][gc             ] GC(1312) Pause Young (Allocation Failure) 505M->397M(821M) 106.860ms
[370.011s][info][gc,cpu         ] GC(1312) User=0.22s Sys=0.00s Real=0.11s
[370.141s][info][gc,start       ] GC(1313) Pause Young (Allocation Failure)
[370.251s][info][gc,heap        ] GC(1313) PSYoungGen: 222720K(222720K)->58336K(222720K) Eden: 111616K(111616K)->0K(111616K) From: 111104K(111104K)->58336K(111104K)
[370.251s][info][gc,heap        ] GC(1313) ParOldGen: 296283K(618496K)->352539K(618496K)
[370.251s][info][gc,metaspace   ] GC(1313) Metaspace: 18854K(19008K)->18854K(19008K) NonClass: 16193K(16256K)->16193K(16256K) Class: 2661K(2752K)->2661K(2752K)
[370.251s][info][gc             ] GC(1313) Pause Young (Allocation Failure) 506M->401M(821M) 110.187ms
[370.251s][info][gc,cpu         ] GC(1313) User=0.22s Sys=0.01s Real=0.11s
[370.365s][info][gc,start       ] GC(1314) Pause Young (Allocation Failure)
[370.424s][info][gc,heap        ] GC(1314) PSYoungGen: 169952K(222720K)->29184K(222720K) Eden: 111616K(111616K)->0K(111616K) From: 58336K(111104K)->29184K(111104K)
[370.424s][info][gc,heap        ] GC(1314) ParOldGen: 352539K(618496K)->381875K(618496K)
[370.424s][info][gc,metaspace   ] GC(1314) Metaspace: 18854K(19008K)->18854K(19008K) NonClass: 16193K(16256K)->16193K(16256K) Class: 2661K(2752K)->2661K(2752K)
[370.424s][info][gc             ] GC(1314) Pause Young (Allocation Failure) 510M->401M(821M) 58.924ms
[370.424s][info][gc,cpu         ] GC(1314) User=0.11s Sys=0.00s Real=0.06s
[370.598s][info][gc,start       ] GC(1315) Pause Young (Allocation Failure)
[370.632s][info][gc,heap        ] GC(1315) PSYoungGen: 140800K(222720K)->15968K(222720K) Eden: 111616K(111616K)->0K(111616K) From: 29184K(111104K)->15968K(111104K)
[370.633s][info][gc,heap        ] GC(1315) ParOldGen: 381875K(618496K)->398171K(618496K)
[370.633s][info][gc,metaspace   ] GC(1315) Metaspace: 18854K(19008K)->18854K(19008K) NonClass: 16193K(16256K)->16193K(16256K) Class: 2661K(2752K)->2661K(2752K)
[370.633s][info][gc             ] GC(1315) Pause Young (Allocation Failure) 510M->404M(821M) 34.948ms
[370.633s][info][gc,cpu         ] GC(1315) User=0.07s Sys=0.00s Real=0.03s
[370.850s][info][gc,start       ] GC(1316) Pause Young (Allocation Failure)
[370.881s][info][gc,heap        ] GC(1316) PSYoungGen: 127584K(222720K)->20656K(222720K) Eden: 111616K(111616K)->0K(111616K) From: 15968K(111104K)->20656K(111104K)
[370.881s][info][gc,heap        ] GC(1316) ParOldGen: 398171K(618496K)->406451K(618496K)
[370.881s][info][gc,metaspace   ] GC(1316) Metaspace: 18854K(19008K)->18854K(19008K) NonClass: 16193K(16256K)->16193K(16256K) Class: 2661K(2752K)->2661K(2752K)
[370.881s][info][gc             ] GC(1316) Pause Young (Allocation Failure) 513M->417M(821M) 31.393ms
[370.881s][info][gc,cpu         ] GC(1316) User=0.06s Sys=0.00s Real=0.03s
[371.075s][info][gc,start       ] GC(1317) Pause Young (Allocation Failure)
[371.113s][info][gc,heap        ] GC(1317) PSYoungGen: 132272K(222720K)->32016K(222720K) Eden: 111616K(111616K)->0K(111616K) From: 20656K(111104K)->32016K(111104K)
[371.113s][info][gc,heap        ] GC(1317) ParOldGen: 406451K(618496K)->410987K(618496K)
[371.113s][info][gc,metaspace   ] GC(1317) Metaspace: 18854K(19008K)->18854K(19008K) NonClass: 16193K(16256K)->16193K(16256K) Class: 2661K(2752K)->2661K(2752K)
[371.113s][info][gc             ] GC(1317) Pause Young (Allocation Failure) 526M->432M(821M) 38.294ms
[371.113s][info][gc,cpu         ] GC(1317) User=0.07s Sys=0.00s Real=0.04s
[371.170s][info][gc,start       ] GC(1318) Pause Young (Allocation Failure)
[371.224s][info][gc,heap        ] GC(1318) PSYoungGen: 143632K(222720K)->58048K(222720K) Eden: 111616K(111616K)->0K(111616K) From: 32016K(111104K)->58048K(111104K)
[371.224s][info][gc,heap        ] GC(1318) ParOldGen: 410987K(618496K)->414153K(618496K)
[371.224s][info][gc,metaspace   ] GC(1318) Metaspace: 18854K(19008K)->18854K(19008K) NonClass: 16193K(16256K)->16193K(16256K) Class: 2661K(2752K)->2661K(2752K)
[371.224s][info][gc             ] GC(1318) Pause Young (Allocation Failure) 541M->461M(821M) 54.023ms
[371.224s][info][gc,cpu         ] GC(1318) User=0.11s Sys=0.00s Real=0.05s
[371.290s][info][gc,start       ] GC(1319) Pause Young (Allocation Failure)
[371.366s][info][gc,heap        ] GC(1319) PSYoungGen: 169664K(222720K)->67216K(222720K) Eden: 111616K(111616K)->0K(111616K) From: 58048K(111104K)->67216K(111104K)
[371.366s][info][gc,heap        ] GC(1319) ParOldGen: 414153K(618496K)->443050K(618496K)
[371.366s][info][gc,metaspace   ] GC(1319) Metaspace: 18854K(19008K)->18854K(19008K) NonClass: 16193K(16256K)->16193K(16256K) Class: 2661K(2752K)->2661K(2752K)
[371.366s][info][gc             ] GC(1319) Pause Young (Allocation Failure) 570M->498M(821M) 75.911ms
[371.366s][info][gc,cpu         ] GC(1319) User=0.15s Sys=0.00s Real=0.07s
[371.538s][info][gc,start       ] GC(1320) Pause Young (Allocation Failure)
[371.586s][info][gc,heap        ] GC(1320) PSYoungGen: 178832K(222720K)->3488K(222720K) Eden: 111616K(111616K)->0K(111616K) From: 67216K(111104K)->3488K(111104K)
[371.586s][info][gc,heap        ] GC(1320) ParOldGen: 443050K(618496K)->510941K(618496K)
[371.586s][info][gc,metaspace   ] GC(1320) Metaspace: 18854K(19008K)->18854K(19008K) NonClass: 16193K(16256K)->16193K(16256K) Class: 2661K(2752K)->2661K(2752K)
[371.586s][info][gc             ] GC(1320) Pause Young (Allocation Failure) 607M->502M(821M) 48.692ms
[371.586s][info][gc,cpu         ] GC(1320) User=0.09s Sys=0.00s Real=0.05s
[371.755s][info][gc,start       ] GC(1321) Pause Young (Allocation Failure)
[371.762s][info][gc,heap        ] GC(1321) PSYoungGen: 115104K(222720K)->160K(222720K) Eden: 111616K(111616K)->0K(111616K) From: 3488K(111104K)->160K(111104K)
[371.762s][info][gc,heap        ] GC(1321) ParOldGen: 510941K(618496K)->514421K(618496K)
[371.762s][info][gc,metaspace   ] GC(1321) Metaspace: 18854K(19008K)->18854K(19008K) NonClass: 16193K(16256K)->16193K(16256K) Class: 2661K(2752K)->2661K(2752K)
[371.762s][info][gc             ] GC(1321) Pause Young (Allocation Failure) 611M->502M(821M) 6.988ms
[371.762s][info][gc,cpu         ] GC(1321) User=0.01s Sys=0.00s Real=0.01s
[371.955s][info][gc,start       ] GC(1322) Pause Young (Allocation Failure)
[371.958s][info][gc,heap        ] GC(1322) PSYoungGen: 111776K(222720K)->384K(222720K) Eden: 111616K(111616K)->0K(111616K) From: 160K(111104K)->384K(111104K)
[371.958s][info][gc,heap        ] GC(1322) ParOldGen: 514421K(618496K)->514557K(618496K)
[371.958s][info][gc,metaspace   ] GC(1322) Metaspace: 18854K(19008K)->18854K(19008K) NonClass: 16193K(16256K)->16193K(16256K) Class: 2661K(2752K)->2661K(2752K)
[371.958s][info][gc             ] GC(1322) Pause Young (Allocation Failure) 611M->502M(821M) 3.705ms
[371.958s][info][gc,cpu         ] GC(1322) User=0.01s Sys=0.00s Real=0.01s
[372.141s][info][gc,start       ] GC(1323) Pause Young (Allocation Failure)
[372.144s][info][gc,heap        ] GC(1323) PSYoungGen: 112000K(222720K)->384K(222720K) Eden: 111616K(111616K)->0K(111616K) From: 384K(111104K)->384K(111104K)
[372.144s][info][gc,heap        ] GC(1323) ParOldGen: 514557K(618496K)->514909K(618496K)
[372.144s][info][gc,metaspace   ] GC(1323) Metaspace: 18854K(19008K)->18854K(19008K) NonClass: 16193K(16256K)->16193K(16256K) Class: 2661K(2752K)->2661K(2752K)
[372.144s][info][gc             ] GC(1323) Pause Young (Allocation Failure) 611M->503M(821M) 3.835ms
[372.144s][info][gc,cpu         ] GC(1323) User=0.01s Sys=0.00s Real=0.00s
[372.260s][info][gc,start       ] GC(1324) Pause Young (Allocation Failure)
[372.266s][info][gc,heap        ] GC(1324) PSYoungGen: 112000K(222720K)->1120K(222720K) Eden: 111616K(111616K)->0K(111616K) From: 384K(111104K)->1120K(111104K)
[372.266s][info][gc,heap        ] GC(1324) ParOldGen: 514909K(618496K)->515261K(618496K)
[372.266s][info][gc,metaspace   ] GC(1324) Metaspace: 18854K(19008K)->18854K(19008K) NonClass: 16193K(16256K)->16193K(16256K) Class: 2661K(2752K)->2661K(2752K)
[372.266s][info][gc             ] GC(1324) Pause Young (Allocation Failure) 612M->504M(821M) 5.139ms
[372.266s][info][gc,cpu         ] GC(1324) User=0.01s Sys=0.00s Real=0.00s
[372.358s][info][gc,start       ] GC(1325) Pause Young (Allocation Failure)
[372.364s][info][gc,heap        ] GC(1325) PSYoungGen: 112736K(222720K)->832K(222720K) Eden: 111616K(111616K)->0K(111616K) From: 1120K(111104K)->832K(111104K)
[372.364s][info][gc,heap        ] GC(1325) ParOldGen: 515261K(618496K)->516365K(618496K)
[372.364s][info][gc,metaspace   ] GC(1325) Metaspace: 18854K(19008K)->18854K(19008K) NonClass: 16193K(16256K)->16193K(16256K) Class: 2661K(2752K)->2661K(2752K)
[372.364s][info][gc             ] GC(1325) Pause Young (Allocation Failure) 613M->505M(821M) 5.534ms
[372.364s][info][gc,cpu         ] GC(1325) User=0.01s Sys=0.00s Real=0.00s
[372.574s][info][gc,start       ] GC(1326) Pause Young (Allocation Failure)
[372.587s][info][gc,heap        ] GC(1326) PSYoungGen: 112448K(222720K)->1417K(222720K) Eden: 111616K(111616K)->0K(111616K) From: 832K(111104K)->1417K(111104K)
[372.587s][info][gc,heap        ] GC(1326) ParOldGen: 516365K(618496K)->517173K(618496K)
[372.587s][info][gc,metaspace   ] GC(1326) Metaspace: 18858K(19008K)->18858K(19008K) NonClass: 16197K(16256K)->16197K(16256K) Class: 2661K(2752K)->2661K(2752K)
[372.587s][info][gc             ] GC(1326) Pause Young (Allocation Failure) 614M->506M(821M) 13.635ms
[372.587s][info][gc,cpu         ] GC(1326) User=0.02s Sys=0.00s Real=0.02s
[372.824s][info][gc,start       ] GC(1327) Pause Young (Allocation Failure)
[372.854s][info][gc,heap        ] GC(1327) PSYoungGen: 113033K(222720K)->15905K(222720K) Eden: 111616K(111616K)->0K(111616K) From: 1417K(111104K)->15905K(111104K)
[372.854s][info][gc,heap        ] GC(1327) ParOldGen: 517173K(618496K)->518550K(618496K)
[372.854s][info][gc,metaspace   ] GC(1327) Metaspace: 18858K(19008K)->18858K(19008K) NonClass: 16197K(16256K)->16197K(16256K) Class: 2661K(2752K)->2661K(2752K)
[372.854s][info][gc             ] GC(1327) Pause Young (Allocation Failure) 615M->521M(821M) 29.394ms
[372.854s][info][gc,cpu         ] GC(1327) User=0.06s Sys=0.00s Real=0.03s
[372.984s][info][gc,start       ] GC(1328) Pause Young (Allocation Failure)
[373.033s][info][gc,heap        ] GC(1328) PSYoungGen: 127521K(222720K)->22368K(211456K) Eden: 111616K(111616K)->0K(111616K) From: 15905K(111104K)->22368K(99840K)
[373.033s][info][gc,heap        ] GC(1328) ParOldGen: 518550K(618496K)->534447K(618496K)
[373.033s][info][gc,metaspace   ] GC(1328) Metaspace: 18858K(19008K)->18858K(19008K) NonClass: 16197K(16256K)->16197K(16256K) Class: 2661K(2752K)->2661K(2752K)
[373.033s][info][gc             ] GC(1328) Pause Young (Allocation Failure) 630M->543M(810M) 49.318ms
[373.033s][info][gc,cpu         ] GC(1328) User=0.09s Sys=0.00s Real=0.05s
[373.172s][info][gc,start       ] GC(1329) Pause Young (Allocation Failure)
[373.207s][info][gc,heap        ] GC(1329) PSYoungGen: 133984K(211456K)->33600K(217088K) Eden: 111616K(111616K)->0K(111616K) From: 22368K(99840K)->33600K(105472K)
[373.207s][info][gc,heap        ] GC(1329) ParOldGen: 534447K(618496K)->534447K(618496K)
[373.207s][info][gc,metaspace   ] GC(1329) Metaspace: 18858K(19008K)->18858K(19008K) NonClass: 16197K(16256K)->16197K(16256K) Class: 2661K(2752K)->2661K(2752K)
[373.207s][info][gc             ] GC(1329) Pause Young (Allocation Failure) 652M->554M(816M) 35.683ms
[373.207s][info][gc,cpu         ] GC(1329) User=0.07s Sys=0.00s Real=0.04s
[373.324s][info][gc,start       ] GC(1330) Pause Young (Allocation Failure)
[373.365s][info][gc,heap        ] GC(1330) PSYoungGen: 145216K(217088K)->13760K(214016K) Eden: 111616K(111616K)->0K(123392K) From: 33600K(105472K)->13760K(90624K)
[373.365s][info][gc,heap        ] GC(1330) ParOldGen: 534447K(618496K)->556711K(618496K)
[373.365s][info][gc,metaspace   ] GC(1330) Metaspace: 18858K(19008K)->18858K(19008K) NonClass: 16197K(16256K)->16197K(16256K) Class: 2661K(2752K)->2661K(2752K)
[373.365s][info][gc             ] GC(1330) Pause Young (Allocation Failure) 663M->557M(813M) 41.133ms
[373.366s][info][gc,cpu         ] GC(1330) User=0.08s Sys=0.00s Real=0.04s
[373.531s][info][gc,start       ] GC(1331) Pause Young (Allocation Failure)
[373.556s][info][gc,heap        ] GC(1331) PSYoungGen: 137152K(214016K)->5152K(218624K) Eden: 123392K(123392K)->0K(123392K) From: 13760K(90624K)->5152K(95232K)
[373.556s][info][gc,heap        ] GC(1331) ParOldGen: 556711K(618496K)->568079K(618496K)
[373.557s][info][gc,metaspace   ] GC(1331) Metaspace: 18861K(19072K)->18861K(19072K) NonClass: 16200K(16320K)->16200K(16320K) Class: 2661K(2752K)->2661K(2752K)
[373.557s][info][gc             ] GC(1331) Pause Young (Allocation Failure) 677M->559M(817M) 25.167ms
[373.557s][info][gc,cpu         ] GC(1331) User=0.05s Sys=0.00s Real=0.03s
[373.673s][info][gc,start       ] GC(1332) Pause Young (Allocation Failure)
[373.682s][info][gc,heap        ] GC(1332) PSYoungGen: 128544K(218624K)->3040K(218624K) Eden: 123392K(123392K)->0K(135168K) From: 5152K(95232K)->3040K(83456K)
[373.682s][info][gc,heap        ] GC(1332) ParOldGen: 568079K(618496K)->570495K(618496K)
[373.682s][info][gc,metaspace   ] GC(1332) Metaspace: 18861K(19072K)->18861K(19072K) NonClass: 16200K(16320K)->16200K(16320K) Class: 2661K(2752K)->2661K(2752K)
[373.682s][info][gc             ] GC(1332) Pause Young (Allocation Failure) 680M->560M(817M) 8.546ms
[373.682s][info][gc,cpu         ] GC(1332) User=0.02s Sys=0.00s Real=0.01s
[373.766s][info][gc,start       ] GC(1333) Pause Young (Allocation Failure)
[373.772s][info][gc,heap        ] GC(1333) PSYoungGen: 138208K(218624K)->3072K(223232K) Eden: 135168K(135168K)->0K(135168K) From: 3040K(83456K)->3072K(88064K)
[373.772s][info][gc,heap        ] GC(1333) ParOldGen: 570495K(618496K)->570495K(618496K)
[373.772s][info][gc,metaspace   ] GC(1333) Metaspace: 18861K(19072K)->18861K(19072K) NonClass: 16200K(16320K)->16200K(16320K) Class: 2661K(2752K)->2661K(2752K)
[373.772s][info][gc             ] GC(1333) Pause Young (Allocation Failure) 692M->560M(822M) 6.077ms
[373.772s][info][gc,cpu         ] GC(1333) User=0.01s Sys=0.00s Real=0.01s
[374.010s][info][gc,start       ] GC(1334) Pause Young (Allocation Failure)
[374.024s][info][gc,heap        ] GC(1334) PSYoungGen: 138240K(223232K)->9648K(219648K) Eden: 135168K(135168K)->0K(145920K) From: 3072K(88064K)->9648K(73728K)
[374.024s][info][gc,heap        ] GC(1334) ParOldGen: 570495K(618496K)->570495K(618496K)
[374.024s][info][gc,metaspace   ] GC(1334) Metaspace: 18861K(19072K)->18861K(19072K) NonClass: 16200K(16320K)->16200K(16320K) Class: 2661K(2752K)->2661K(2752K)
[374.024s][info][gc             ] GC(1334) Pause Young (Allocation Failure) 692M->566M(818M) 13.838ms
[374.024s][info][gc,cpu         ] GC(1334) User=0.02s Sys=0.00s Real=0.01s
[374.265s][info][gc,start       ] GC(1335) Pause Young (Allocation Failure)
[374.280s][info][gc,heap        ] GC(1335) PSYoungGen: 155568K(219648K)->10608K(225280K) Eden: 145920K(145920K)->0K(145920K) From: 9648K(73728K)->10608K(79360K)
[374.280s][info][gc,heap        ] GC(1335) ParOldGen: 570495K(618496K)->570495K(618496K)
[374.280s][info][gc,metaspace   ] GC(1335) Metaspace: 18862K(19072K)->18862K(19072K) NonClass: 16201K(16320K)->16201K(16320K) Class: 2661K(2752K)->2661K(2752K)
[374.280s][info][gc             ] GC(1335) Pause Young (Allocation Failure) 709M->567M(824M) 14.937ms
[374.280s][info][gc,cpu         ] GC(1335) User=0.03s Sys=0.00s Real=0.02s
[374.621s][info][gc,start       ] GC(1336) Pause Young (Allocation Failure)
[374.654s][info][gc,heap        ] GC(1336) PSYoungGen: 156528K(225280K)->31936K(230912K) Eden: 145920K(145920K)->0K(156672K) From: 10608K(79360K)->31936K(74240K)
[374.654s][info][gc,heap        ] GC(1336) ParOldGen: 570495K(618496K)->570495K(618496K)
[374.654s][info][gc,metaspace   ] GC(1336) Metaspace: 18862K(19072K)->18862K(19072K) NonClass: 16201K(16320K)->16201K(16320K) Class: 2661K(2752K)->2661K(2752K)
[374.654s][info][gc             ] GC(1336) Pause Young (Allocation Failure) 709M->588M(829M) 33.788ms
[374.654s][info][gc,cpu         ] GC(1336) User=0.06s Sys=0.00s Real=0.03s
[374.858s][info][gc,start       ] GC(1337) Pause Young (Allocation Failure)
[374.894s][info][gc,heap        ] GC(1337) PSYoungGen: 188608K(230912K)->32040K(230912K) Eden: 156672K(156672K)->0K(156672K) From: 31936K(74240K)->32040K(74240K)
[374.894s][info][gc,heap        ] GC(1337) ParOldGen: 570495K(618496K)->570495K(618496K)
[374.894s][info][gc,metaspace   ] GC(1337) Metaspace: 18862K(19072K)->18862K(19072K) NonClass: 16201K(16320K)->16201K(16320K) Class: 2661K(2752K)->2661K(2752K)
[374.894s][info][gc             ] GC(1337) Pause Young (Allocation Failure) 741M->588M(829M) 35.717ms
[374.894s][info][gc,cpu         ] GC(1337) User=0.07s Sys=0.00s Real=0.03s
[375.163s][info][gc,start       ] GC(1338) Pause Young (Allocation Failure)
[375.201s][info][gc,heap        ] GC(1338) PSYoungGen: 188712K(230912K)->32024K(241664K) Eden: 156672K(156672K)->0K(169472K) From: 32040K(74240K)->32024K(72192K)
[375.201s][info][gc,heap        ] GC(1338) ParOldGen: 570495K(618496K)->570495K(618496K)
[375.201s][info][gc,metaspace   ] GC(1338) Metaspace: 18862K(19072K)->18862K(19072K) NonClass: 16201K(16320K)->16201K(16320K) Class: 2661K(2752K)->2661K(2752K)
[375.202s][info][gc             ] GC(1338) Pause Young (Allocation Failure) 741M->588M(840M) 38.542ms
[375.202s][info][gc,cpu         ] GC(1338) User=0.07s Sys=0.00s Real=0.04s
[376.907s][info][gc,start       ] GC(1339) Pause Young (Allocation Failure)
[376.942s][info][gc,heap        ] GC(1339) PSYoungGen: 201496K(241664K)->32797K(242176K) Eden: 169472K(169472K)->0K(169472K) From: 32024K(72192K)->32797K(72704K)
[376.942s][info][gc,heap        ] GC(1339) ParOldGen: 570495K(618496K)->570495K(618496K)
[376.942s][info][gc,metaspace   ] GC(1339) Metaspace: 18863K(19072K)->18863K(19072K) NonClass: 16202K(16320K)->16202K(16320K) Class: 2661K(2752K)->2661K(2752K)
[376.942s][info][gc             ] GC(1339) Pause Young (Allocation Failure) 753M->589M(840M) 34.850ms
[376.942s][info][gc,cpu         ] GC(1339) User=0.07s Sys=0.00s Real=0.03s
[377.719s][info][gc,start       ] GC(1340) Pause Young (Allocation Failure)
[377.755s][info][gc,heap        ] GC(1340) PSYoungGen: 202269K(242176K)->34863K(251904K) Eden: 169472K(169472K)->0K(180736K) From: 32797K(72704K)->34863K(71168K)
[377.755s][info][gc,heap        ] GC(1340) ParOldGen: 570495K(618496K)->570495K(618496K)
[377.755s][info][gc,metaspace   ] GC(1340) Metaspace: 18873K(19072K)->18873K(19072K) NonClass: 16212K(16320K)->16212K(16320K) Class: 2661K(2752K)->2661K(2752K)
[377.755s][info][gc             ] GC(1340) Pause Young (Allocation Failure) 754M->591M(850M) 36.036ms
[377.755s][info][gc,cpu         ] GC(1340) User=0.07s Sys=0.00s Real=0.03s
[378.173s][info][gc,start       ] GC(1341) Pause Young (Allocation Failure)
[378.208s][info][gc,heap        ] GC(1341) PSYoungGen: 215599K(251904K)->34397K(252416K) Eden: 180736K(180736K)->0K(180736K) From: 34863K(71168K)->34397K(71680K)
[378.208s][info][gc,heap        ] GC(1341) ParOldGen: 570495K(618496K)->570495K(618496K)
[378.208s][info][gc,metaspace   ] GC(1341) Metaspace: 18874K(19072K)->18874K(19072K) NonClass: 16213K(16320K)->16213K(16320K) Class: 2661K(2752K)->2661K(2752K)
[378.208s][info][gc             ] GC(1341) Pause Young (Allocation Failure) 767M->590M(850M) 35.762ms
[378.208s][info][gc,cpu         ] GC(1341) User=0.07s Sys=0.00s Real=0.04s
[378.570s][info][gc,start       ] GC(1342) Pause Young (Allocation Failure)
[378.625s][info][gc,heap        ] GC(1342) PSYoungGen: 215133K(252416K)->51821K(251904K) Eden: 180736K(180736K)->0K(181248K) From: 34397K(71680K)->51821K(70656K)
[378.626s][info][gc,heap        ] GC(1342) ParOldGen: 570495K(618496K)->570495K(618496K)
[378.626s][info][gc,metaspace   ] GC(1342) Metaspace: 18877K(19072K)->18877K(19072K) NonClass: 16216K(16320K)->16216K(16320K) Class: 2661K(2752K)->2661K(2752K)
[378.626s][info][gc             ] GC(1342) Pause Young (Allocation Failure) 767M->607M(850M) 55.440ms
[378.626s][info][gc,cpu         ] GC(1342) User=0.10s Sys=0.01s Real=0.05s
[378.775s][info][gc,start       ] GC(1343) Pause Young (Allocation Failure)
[378.881s][info][gc,heap        ] GC(1343) PSYoungGen: 233069K(251904K)->76285K(257536K) Eden: 181248K(181248K)->0K(181248K) From: 51821K(70656K)->76285K(76288K)
[378.881s][info][gc,heap        ] GC(1343) ParOldGen: 570495K(618496K)->610671K(618496K)
[378.881s][info][gc,metaspace   ] GC(1343) Metaspace: 18881K(19072K)->18881K(19072K) NonClass: 16220K(16320K)->16220K(16320K) Class: 2661K(2752K)->2661K(2752K)
[378.881s][info][gc             ] GC(1343) Pause Young (Allocation Failure) 784M->670M(855M) 106.679ms
[378.881s][info][gc,cpu         ] GC(1343) User=0.21s Sys=0.00s Real=0.11s
[379.090s][info][gc,start       ] GC(1344) Pause Young (Allocation Failure)
[379.260s][info][gc,promotion   ] GC(1344) Promotion failed
[379.260s][info][gc,heap        ] GC(1344) PSYoungGen: 257533K(257536K)->257533K(257536K) Eden: 181248K(181248K)->181248K(181248K) From: 76285K(76288K)->76285K(76288K)
[379.260s][info][gc,heap        ] GC(1344) ParOldGen: 610671K(618496K)->667640K(667648K)
[379.260s][info][gc,metaspace   ] GC(1344) Metaspace: 18881K(19072K)->18881K(19072K) NonClass: 16220K(16320K)->16220K(16320K) Class: 2661K(2752K)->2661K(2752K)
[379.260s][info][gc             ] GC(1344) Pause Young (Allocation Failure) 847M->903M(903M) 169.921ms
[379.260s][info][gc,cpu         ] GC(1344) User=0.28s Sys=0.05s Real=0.17s
[379.260s][info][gc,start       ] GC(1345) Pause Full (Allocation Failure)
[379.260s][info][gc,phases,start] GC(1345) Marking Phase
[379.365s][info][gc,phases      ] GC(1345) Marking Phase 105.329ms
[379.365s][info][gc,phases,start] GC(1345) Summary Phase
[379.365s][info][gc,phases      ] GC(1345) Summary Phase 0.037ms
[379.365s][info][gc,phases,start] GC(1345) Forward
[379.416s][info][gc,phases      ] GC(1345) Forward 51.212ms
[379.416s][info][gc,phases,start] GC(1345) Adjust Pointers
[379.486s][info][gc,phases      ] GC(1345) Adjust Pointers 69.918ms
[379.486s][info][gc,phases,start] GC(1345) Compaction Phase
[379.531s][info][gc,phases      ] GC(1345) Compaction Phase 44.981ms
[379.532s][info][gc,phases,start] GC(1345) Post Compact
[379.535s][info][gc,phases      ] GC(1345) Post Compact 2.774ms
[379.547s][info][gc,heap        ] GC(1345) PSYoungGen: 257533K(257536K)->0K(201216K) Eden: 181248K(181248K)->0K(124928K) From: 76285K(76288K)->0K(76288K)
[379.547s][info][gc,heap        ] GC(1345) ParOldGen: 667640K(667648K)->186782K(527872K)
[379.547s][info][gc,metaspace   ] GC(1345) Metaspace: 18881K(19072K)->18881K(19072K) NonClass: 16220K(16320K)->16220K(16320K) Class: 2661K(2752K)->2661K(2752K)
[379.547s][info][gc             ] GC(1345) Pause Full (Allocation Failure) 903M->182M(712M) 287.442ms
[379.547s][info][gc,cpu         ] GC(1345) User=0.48s Sys=0.01s Real=0.29s
[379.751s][info][gc,start       ] GC(1346) Pause Young (Allocation Failure)
[379.800s][info][gc,heap        ] GC(1346) PSYoungGen: 124928K(201216K)->31351K(229376K) Eden: 124928K(124928K)->0K(124928K) From: 0K(76288K)->31351K(104448K)
[379.800s][info][gc,heap        ] GC(1346) ParOldGen: 186782K(527872K)->186790K(527872K)
[379.800s][info][gc,metaspace   ] GC(1346) Metaspace: 18901K(19136K)->18901K(19136K) NonClass: 16240K(16384K)->16240K(16384K) Class: 2661K(2752K)->2661K(2752K)
[379.800s][info][gc             ] GC(1346) Pause Young (Allocation Failure) 304M->213M(739M) 49.544ms
[379.800s][info][gc,cpu         ] GC(1346) User=0.10s Sys=0.00s Real=0.05s
[379.950s][info][gc,start       ] GC(1347) Pause Young (Allocation Failure)
[380.015s][info][gc,heap        ] GC(1347) PSYoungGen: 156279K(229376K)->46185K(218112K) Eden: 124928K(124928K)->0K(131072K) From: 31351K(104448K)->46185K(87040K)
[380.015s][info][gc,heap        ] GC(1347) ParOldGen: 186790K(527872K)->186798K(527872K)
[380.015s][info][gc,metaspace   ] GC(1347) Metaspace: 18902K(19136K)->18902K(19136K) NonClass: 16241K(16384K)->16241K(16384K) Class: 2661K(2752K)->2661K(2752K)
[380.015s][info][gc             ] GC(1347) Pause Young (Allocation Failure) 335M->227M(728M) 64.727ms
[380.015s][info][gc,cpu         ] GC(1347) User=0.12s Sys=0.01s Real=0.06s
[380.154s][info][gc,start       ] GC(1348) Pause Young (Allocation Failure)
[380.240s][info][gc,heap        ] GC(1348) PSYoungGen: 177257K(218112K)->66185K(226816K) Eden: 131072K(131072K)->0K(131072K) From: 46185K(87040K)->66185K(95744K)
[380.240s][info][gc,heap        ] GC(1348) ParOldGen: 186798K(527872K)->186798K(527872K)
[380.240s][info][gc,metaspace   ] GC(1348) Metaspace: 18902K(19136K)->18902K(19136K) NonClass: 16241K(16384K)->16241K(16384K) Class: 2661K(2752K)->2661K(2752K)
[380.240s][info][gc             ] GC(1348) Pause Young (Allocation Failure) 355M->247M(737M) 86.102ms
[380.240s][info][gc,cpu         ] GC(1348) User=0.17s Sys=0.00s Real=0.09s
[380.376s][info][gc,start       ] GC(1349) Pause Young (Allocation Failure)
[380.469s][info][gc,heap        ] GC(1349) PSYoungGen: 197257K(226816K)->72265K(220672K) Eden: 131072K(131072K)->0K(119808K) From: 66185K(95744K)->72265K(100864K)
[380.469s][info][gc,heap        ] GC(1349) ParOldGen: 186798K(527872K)->186798K(527872K)
[380.469s][info][gc,metaspace   ] GC(1349) Metaspace: 18902K(19136K)->18902K(19136K) NonClass: 16241K(16384K)->16241K(16384K) Class: 2661K(2752K)->2661K(2752K)
[380.469s][info][gc             ] GC(1349) Pause Young (Allocation Failure) 375M->252M(731M) 92.945ms
[380.469s][info][gc,cpu         ] GC(1349) User=0.18s Sys=0.00s Real=0.10s
[380.572s][info][gc,start       ] GC(1350) Pause Young (Allocation Failure)
[380.669s][info][gc,heap        ] GC(1350) PSYoungGen: 192073K(220672K)->77129K(197120K) Eden: 119808K(119808K)->0K(119808K) From: 72265K(100864K)->77129K(77312K)
[380.669s][info][gc,heap        ] GC(1350) ParOldGen: 186798K(527872K)->186798K(527872K)
[380.669s][info][gc,metaspace   ] GC(1350) Metaspace: 18902K(19136K)->18902K(19136K) NonClass: 16241K(16384K)->16241K(16384K) Class: 2661K(2752K)->2661K(2752K)
[380.669s][info][gc             ] GC(1350) Pause Young (Allocation Failure) 369M->257M(708M) 97.180ms
[380.669s][info][gc,cpu         ] GC(1350) User=0.19s Sys=0.00s Real=0.10s
[380.774s][info][gc,start       ] GC(1351) Pause Young (Allocation Failure)
[380.892s][info][gc,heap        ] GC(1351) PSYoungGen: 196937K(197120K)->90857K(222720K) Eden: 119808K(119808K)->0K(111616K) From: 77129K(77312K)->90857K(111104K)
[380.892s][info][gc,heap        ] GC(1351) ParOldGen: 186798K(527872K)->186798K(527872K)
[380.892s][info][gc,metaspace   ] GC(1351) Metaspace: 18902K(19136K)->18902K(19136K) NonClass: 16241K(16384K)->16241K(16384K) Class: 2661K(2752K)->2661K(2752K)
[380.892s][info][gc             ] GC(1351) Pause Young (Allocation Failure) 374M->271M(733M) 117.920ms
[380.892s][info][gc,cpu         ] GC(1351) User=0.23s Sys=0.00s Real=0.12s
[380.973s][info][gc,start       ] GC(1352) Pause Young (Allocation Failure)
[381.104s][info][gc,heap        ] GC(1352) PSYoungGen: 202473K(222720K)->82642K(222720K) Eden: 111616K(111616K)->0K(111616K) From: 90857K(111104K)->82642K(111104K)
[381.104s][info][gc,heap        ] GC(1352) ParOldGen: 186798K(527872K)->218286K(527872K)
[381.104s][info][gc,metaspace   ] GC(1352) Metaspace: 18902K(19136K)->18902K(19136K) NonClass: 16241K(16384K)->16241K(16384K) Class: 2661K(2752K)->2661K(2752K)
[381.104s][info][gc             ] GC(1352) Pause Young (Allocation Failure) 380M->293M(733M) 131.150ms
[381.104s][info][gc,cpu         ] GC(1352) User=0.26s Sys=0.00s Real=0.13s
[381.172s][info][gc,start       ] GC(1353) Pause Young (Allocation Failure)
[381.275s][info][gc,heap        ] GC(1353) PSYoungGen: 194258K(222720K)->69904K(222720K) Eden: 111616K(111616K)->0K(111616K) From: 82642K(111104K)->69904K(111104K)
[381.275s][info][gc,heap        ] GC(1353) ParOldGen: 218286K(527872K)->253165K(527872K)
[381.275s][info][gc,metaspace   ] GC(1353) Metaspace: 18902K(19136K)->18902K(19136K) NonClass: 16241K(16384K)->16241K(16384K) Class: 2661K(2752K)->2661K(2752K)
[381.275s][info][gc             ] GC(1353) Pause Young (Allocation Failure) 402M->315M(733M) 102.980ms
[381.275s][info][gc,cpu         ] GC(1353) User=0.21s Sys=0.00s Real=0.10s
[381.389s][info][gc,start       ] GC(1354) Pause Young (Allocation Failure)
[381.463s][info][gc,heap        ] GC(1354) PSYoungGen: 181520K(222720K)->70931K(222720K) Eden: 111616K(111616K)->0K(111616K) From: 69904K(111104K)->70931K(111104K)
[381.464s][info][gc,heap        ] GC(1354) ParOldGen: 253165K(527872K)->264170K(527872K)
[381.464s][info][gc,metaspace   ] GC(1354) Metaspace: 18902K(19136K)->18902K(19136K) NonClass: 16241K(16384K)->16241K(16384K) Class: 2661K(2752K)->2661K(2752K)
[381.464s][info][gc             ] GC(1354) Pause Young (Allocation Failure) 424M->327M(733M) 74.872ms
[381.464s][info][gc,cpu         ] GC(1354) User=0.15s Sys=0.00s Real=0.07s
[381.549s][info][gc,start       ] GC(1355) Pause Young (Allocation Failure)
[381.616s][info][gc,heap        ] GC(1355) PSYoungGen: 182547K(222720K)->37699K(222720K) Eden: 111616K(111616K)->0K(111616K) From: 70931K(111104K)->37699K(111104K)
[381.616s][info][gc,heap        ] GC(1355) ParOldGen: 264170K(527872K)->301190K(527872K)
[381.616s][info][gc,metaspace   ] GC(1355) Metaspace: 18902K(19136K)->18902K(19136K) NonClass: 16241K(16384K)->16241K(16384K) Class: 2661K(2752K)->2661K(2752K)
[381.616s][info][gc             ] GC(1355) Pause Young (Allocation Failure) 436M->330M(733M) 67.096ms
[381.616s][info][gc,cpu         ] GC(1355) User=0.13s Sys=0.00s Real=0.07s
[381.683s][info][gc,start       ] GC(1356) Pause Young (Allocation Failure)
[381.724s][info][gc,heap        ] GC(1356) PSYoungGen: 149315K(222720K)->7392K(222720K) Eden: 111616K(111616K)->0K(111616K) From: 37699K(111104K)->7392K(111104K)
[381.724s][info][gc,heap        ] GC(1356) ParOldGen: 301190K(527872K)->335469K(527872K)
[381.724s][info][gc,metaspace   ] GC(1356) Metaspace: 18902K(19136K)->18902K(19136K) NonClass: 16241K(16384K)->16241K(16384K) Class: 2661K(2752K)->2661K(2752K)
[381.724s][info][gc             ] GC(1356) Pause Young (Allocation Failure) 439M->334M(733M) 40.539ms
[381.724s][info][gc,cpu         ] GC(1356) User=0.08s Sys=0.00s Real=0.04s
[381.809s][info][gc,start       ] GC(1357) Pause Young (Allocation Failure)
[381.821s][info][gc,heap        ] GC(1357) PSYoungGen: 119008K(222720K)->2208K(222720K) Eden: 111616K(111616K)->0K(111616K) From: 7392K(111104K)->2208K(111104K)
[381.821s][info][gc,heap        ] GC(1357) ParOldGen: 335469K(527872K)->342845K(527872K)
[381.821s][info][gc,metaspace   ] GC(1357) Metaspace: 18902K(19136K)->18902K(19136K) NonClass: 16241K(16384K)->16241K(16384K) Class: 2661K(2752K)->2661K(2752K)
[381.821s][info][gc             ] GC(1357) Pause Young (Allocation Failure) 443M->336M(733M) 11.838ms
[381.821s][info][gc,cpu         ] GC(1357) User=0.02s Sys=0.00s Real=0.01s
[382.079s][info][gc,start       ] GC(1358) Pause Young (Allocation Failure)
[382.085s][info][gc,heap        ] GC(1358) PSYoungGen: 113824K(222720K)->1344K(222720K) Eden: 111616K(111616K)->0K(111616K) From: 2208K(111104K)->1344K(111104K)
[382.085s][info][gc,heap        ] GC(1358) ParOldGen: 342845K(527872K)->345005K(527872K)
[382.085s][info][gc,metaspace   ] GC(1358) Metaspace: 18902K(19136K)->18902K(19136K) NonClass: 16241K(16384K)->16241K(16384K) Class: 2661K(2752K)->2661K(2752K)
[382.085s][info][gc             ] GC(1358) Pause Young (Allocation Failure) 445M->338M(733M) 5.908ms
[382.085s][info][gc,cpu         ] GC(1358) User=0.01s Sys=0.00s Real=0.00s
[382.321s][info][gc,start       ] GC(1359) Pause Young (Allocation Failure)
[382.342s][info][gc,heap        ] GC(1359) PSYoungGen: 112960K(222720K)->17472K(222720K) Eden: 111616K(111616K)->0K(111616K) From: 1344K(111104K)->17472K(111104K)
[382.342s][info][gc,heap        ] GC(1359) ParOldGen: 345005K(527872K)->346229K(527872K)
[382.342s][info][gc,metaspace   ] GC(1359) Metaspace: 18903K(19136K)->18903K(19136K) NonClass: 16242K(16384K)->16242K(16384K) Class: 2661K(2752K)->2661K(2752K)
[382.342s][info][gc             ] GC(1359) Pause Young (Allocation Failure) 447M->355M(733M) 20.773ms
[382.342s][info][gc,cpu         ] GC(1359) User=0.04s Sys=0.00s Real=0.02s
[382.453s][info][gc,start       ] GC(1360) Pause Young (Allocation Failure)
[382.504s][info][gc,heap        ] GC(1360) PSYoungGen: 129088K(222720K)->39472K(222720K) Eden: 111616K(111616K)->0K(111616K) From: 17472K(111104K)->39472K(111104K)
[382.504s][info][gc,heap        ] GC(1360) ParOldGen: 346229K(527872K)->363700K(527872K)
[382.504s][info][gc,metaspace   ] GC(1360) Metaspace: 18904K(19136K)->18904K(19136K) NonClass: 16243K(16384K)->16243K(16384K) Class: 2661K(2752K)->2661K(2752K)
[382.504s][info][gc             ] GC(1360) Pause Young (Allocation Failure) 464M->393M(733M) 50.504ms
[382.504s][info][gc,cpu         ] GC(1360) User=0.10s Sys=0.00s Real=0.05s
[382.683s][info][gc,start       ] GC(1361) Pause Young (Allocation Failure)
[382.739s][info][gc,heap        ] GC(1361) PSYoungGen: 151088K(222720K)->21632K(214528K) Eden: 111616K(111616K)->0K(111616K) From: 39472K(111104K)->21632K(102912K)
[382.739s][info][gc,heap        ] GC(1361) ParOldGen: 363700K(527872K)->403396K(527872K)
[382.739s][info][gc,metaspace   ] GC(1361) Metaspace: 18905K(19136K)->18905K(19136K) NonClass: 16244K(16384K)->16244K(16384K) Class: 2661K(2752K)->2661K(2752K)
[382.739s][info][gc             ] GC(1361) Pause Young (Allocation Failure) 502M->415M(725M) 56.310ms
[382.739s][info][gc,cpu         ] GC(1361) User=0.11s Sys=0.00s Real=0.06s
[382.842s][info][gc,start       ] GC(1362) Pause Young (Allocation Failure)
[382.871s][info][gc,heap        ] GC(1362) PSYoungGen: 133248K(214528K)->2912K(218624K) Eden: 111616K(111616K)->0K(111616K) From: 21632K(102912K)->2912K(107008K)
[382.871s][info][gc,heap        ] GC(1362) ParOldGen: 403396K(527872K)->425074K(527872K)
[382.871s][info][gc,metaspace   ] GC(1362) Metaspace: 18905K(19136K)->18905K(19136K) NonClass: 16244K(16384K)->16244K(16384K) Class: 2661K(2752K)->2661K(2752K)
[382.871s][info][gc             ] GC(1362) Pause Young (Allocation Failure) 524M->417M(729M) 29.143ms
[382.871s][info][gc,cpu         ] GC(1362) User=0.06s Sys=0.00s Real=0.03s
[382.967s][info][gc,start       ] GC(1363) Pause Young (Allocation Failure)
[382.973s][info][gc,heap        ] GC(1363) PSYoungGen: 114527K(218624K)->1024K(222720K) Eden: 111615K(111616K)->0K(120832K) From: 2912K(107008K)->1024K(101888K)
[382.973s][info][gc,heap        ] GC(1363) ParOldGen: 425074K(527872K)->427954K(527872K)
[382.973s][info][gc,metaspace   ] GC(1363) Metaspace: 18905K(19136K)->18905K(19136K) NonClass: 16244K(16384K)->16244K(16384K) Class: 2661K(2752K)->2661K(2752K)
[382.973s][info][gc             ] GC(1363) Pause Young (Allocation Failure) 526M->418M(733M) 6.093ms
[382.973s][info][gc,cpu         ] GC(1363) User=0.01s Sys=0.00s Real=0.00s
[383.208s][info][gc,start       ] GC(1364) Pause Young (Allocation Failure)
[383.213s][info][gc,heap        ] GC(1364) PSYoungGen: 121856K(222720K)->1184K(225280K) Eden: 120832K(120832K)->0K(120832K) From: 1024K(101888K)->1184K(104448K)
[383.213s][info][gc,heap        ] GC(1364) ParOldGen: 427954K(527872K)->428938K(527872K)
[383.213s][info][gc,metaspace   ] GC(1364) Metaspace: 18907K(19136K)->18907K(19136K) NonClass: 16246K(16384K)->16246K(16384K) Class: 2661K(2752K)->2661K(2752K)
[383.213s][info][gc             ] GC(1364) Pause Young (Allocation Failure) 536M->420M(735M) 4.967ms
[383.213s][info][gc,cpu         ] GC(1364) User=0.01s Sys=0.00s Real=0.00s
[383.467s][info][gc,start       ] GC(1365) Pause Young (Allocation Failure)
[383.472s][info][gc,heap        ] GC(1365) PSYoungGen: 122016K(225280K)->64K(224256K) Eden: 120832K(120832K)->0K(127488K) From: 1184K(104448K)->64K(96768K)
[383.472s][info][gc,heap        ] GC(1365) ParOldGen: 428938K(527872K)->430098K(527872K)
[383.472s][info][gc,metaspace   ] GC(1365) Metaspace: 18912K(19136K)->18912K(19136K) NonClass: 16250K(16384K)->16250K(16384K) Class: 2661K(2752K)->2661K(2752K)
[383.472s][info][gc             ] GC(1365) Pause Young (Allocation Failure) 538M->420M(734M) 4.254ms
[383.472s][info][gc,cpu         ] GC(1365) User=0.01s Sys=0.00s Real=0.00s
[383.628s][info][gc,start       ] GC(1366) Pause Young (Allocation Failure)
[383.681s][info][gc,heap        ] GC(1366) PSYoungGen: 127552K(224256K)->55699K(226816K) Eden: 127488K(127488K)->0K(127488K) From: 64K(96768K)->55699K(99328K)
[383.681s][info][gc,heap        ] GC(1366) ParOldGen: 430098K(527872K)->430098K(527872K)
[383.681s][info][gc,metaspace   ] GC(1366) Metaspace: 18912K(19136K)->18912K(19136K) NonClass: 16251K(16384K)->16251K(16384K) Class: 2661K(2752K)->2661K(2752K)
[383.681s][info][gc             ] GC(1366) Pause Young (Allocation Failure) 544M->474M(737M) 52.533ms
[383.681s][info][gc,cpu         ] GC(1366) User=0.11s Sys=0.00s Real=0.05s
[383.861s][info][gc,start       ] GC(1367) Pause Young (Allocation Failure)
[383.933s][info][gc,heap        ] GC(1367) PSYoungGen: 183187K(226816K)->20692K(225280K) Eden: 127488K(127488K)->0K(131072K) From: 55699K(99328K)->20692K(94208K)
[383.933s][info][gc,heap        ] GC(1367) ParOldGen: 430098K(527872K)->486023K(527872K)
[383.933s][info][gc,metaspace   ] GC(1367) Metaspace: 18912K(19136K)->18912K(19136K) NonClass: 16251K(16384K)->16251K(16384K) Class: 2661K(2752K)->2661K(2752K)
[383.933s][info][gc             ] GC(1367) Pause Young (Allocation Failure) 598M->494M(735M) 72.626ms
[383.933s][info][gc,cpu         ] GC(1367) User=0.14s Sys=0.01s Real=0.07s
[383.997s][info][gc,start       ] GC(1368) Pause Young (Allocation Failure)
[384.072s][info][gc,heap        ] GC(1368) PSYoungGen: 151764K(225280K)->56128K(227840K) Eden: 131072K(131072K)->0K(131072K) From: 20692K(94208K)->56128K(96768K)
[384.072s][info][gc,heap        ] GC(1368) ParOldGen: 486023K(527872K)->506782K(527872K)
[384.072s][info][gc,metaspace   ] GC(1368) Metaspace: 18912K(19136K)->18912K(19136K) NonClass: 16251K(16384K)->16251K(16384K) Class: 2661K(2752K)->2661K(2752K)
[384.072s][info][gc             ] GC(1368) Pause Young (Allocation Failure) 622M->549M(738M) 74.587ms
[384.072s][info][gc,cpu         ] GC(1368) User=0.15s Sys=0.00s Real=0.07s
[384.172s][info][gc,start       ] GC(1369) Pause Young (Allocation Failure)
[384.274s][info][gc,heap        ] GC(1369) PSYoungGen: 187200K(227840K)->34240K(229888K) Eden: 131072K(131072K)->0K(136192K) From: 56128K(96768K)->34240K(93696K)
[384.274s][info][gc,heap        ] GC(1369) ParOldGen: 506782K(527872K)->563110K(563200K)
[384.274s][info][gc,metaspace   ] GC(1369) Metaspace: 18912K(19136K)->18912K(19136K) NonClass: 16251K(16384K)->16251K(16384K) Class: 2661K(2752K)->2661K(2752K)
[384.274s][info][gc             ] GC(1369) Pause Young (Allocation Failure) 677M->583M(774M) 102.184ms
[384.274s][info][gc,cpu         ] GC(1369) User=0.18s Sys=0.03s Real=0.10s
[384.442s][info][gc,start       ] GC(1370) Pause Young (Allocation Failure)
[384.500s][info][gc,heap        ] GC(1370) PSYoungGen: 170432K(229888K)->7636K(231424K) Eden: 136192K(136192K)->0K(136192K) From: 34240K(93696K)->7636K(95232K)
[384.500s][info][gc,heap        ] GC(1370) ParOldGen: 563110K(563200K)->597438K(597504K)
[384.500s][info][gc,metaspace   ] GC(1370) Metaspace: 18916K(19136K)->18916K(19136K) NonClass: 16255K(16384K)->16255K(16384K) Class: 2661K(2752K)->2661K(2752K)
[384.500s][info][gc             ] GC(1370) Pause Young (Allocation Failure) 716M->590M(809M) 57.516ms
[384.500s][info][gc,cpu         ] GC(1370) User=0.09s Sys=0.02s Real=0.06s
[384.655s][info][gc,start       ] GC(1371) Pause Young (Allocation Failure)
[384.676s][info][gc,heap        ] GC(1371) PSYoungGen: 143828K(231424K)->11632K(232448K) Eden: 136192K(136192K)->0K(145920K) From: 7636K(95232K)->11632K(86528K)
[384.676s][info][gc,heap        ] GC(1371) ParOldGen: 597438K(597504K)->603718K(604160K)
[384.676s][info][gc,metaspace   ] GC(1371) Metaspace: 18916K(19136K)->18916K(19136K) NonClass: 16255K(16384K)->16255K(16384K) Class: 2661K(2752K)->2661K(2752K)
[384.676s][info][gc             ] GC(1371) Pause Young (Allocation Failure) 723M->600M(817M) 21.324ms
[384.676s][info][gc,cpu         ] GC(1371) User=0.04s Sys=0.01s Real=0.03s
[384.774s][info][gc,start       ] GC(1372) Pause Full (Allocation Failure)
[384.774s][info][gc,phases,start] GC(1372) Marking Phase
[384.864s][info][gc,phases      ] GC(1372) Marking Phase 90.093ms
[384.864s][info][gc,phases,start] GC(1372) Summary Phase
[384.864s][info][gc,phases      ] GC(1372) Summary Phase 0.027ms
[384.864s][info][gc,phases,start] GC(1372) Forward
[384.897s][info][gc,phases      ] GC(1372) Forward 32.655ms
[384.897s][info][gc,phases,start] GC(1372) Adjust Pointers
[384.960s][info][gc,phases      ] GC(1372) Adjust Pointers 62.935ms
[384.960s][info][gc,phases,start] GC(1372) Compaction Phase
[384.998s][info][gc,phases      ] GC(1372) Compaction Phase 37.624ms
[385.001s][info][gc,phases,start] GC(1372) Post Compact
[385.003s][info][gc,phases      ] GC(1372) Post Compact 2.187ms
[385.011s][info][gc,heap        ] GC(1372) PSYoungGen: 157552K(232448K)->0K(235008K) Eden: 145920K(145920K)->0K(145920K) From: 11632K(86528K)->0K(89088K)
[385.011s][info][gc,heap        ] GC(1372) ParOldGen: 603718K(604160K)->146755K(510464K)
[385.011s][info][gc,metaspace   ] GC(1372) Metaspace: 18916K(19136K)->18916K(19136K) NonClass: 16255K(16384K)->16255K(16384K) Class: 2661K(2752K)->2661K(2752K)
[385.011s][info][gc             ] GC(1372) Pause Full (Allocation Failure) 743M->143M(728M) 236.741ms
[385.011s][info][gc,cpu         ] GC(1372) User=0.41s Sys=0.01s Real=0.24s
[385.153s][info][gc,start       ] GC(1373) Pause Young (Allocation Failure)
[385.216s][info][gc,heap        ] GC(1373) PSYoungGen: 145920K(235008K)->71232K(224256K) Eden: 145920K(145920K)->0K(135168K) From: 0K(89088K)->71232K(89088K)
[385.216s][info][gc,heap        ] GC(1373) ParOldGen: 146755K(510464K)->146755K(510464K)
[385.216s][info][gc,metaspace   ] GC(1373) Metaspace: 18916K(19136K)->18916K(19136K) NonClass: 16255K(16384K)->16255K(16384K) Class: 2661K(2752K)->2661K(2752K)
[385.216s][info][gc             ] GC(1373) Pause Young (Allocation Failure) 285M->212M(717M) 63.510ms
[385.217s][info][gc,cpu         ] GC(1373) User=0.13s Sys=0.00s Real=0.07s
[385.273s][info][gc,start       ] GC(1374) Pause Young (Allocation Failure)
[385.358s][info][gc,heap        ] GC(1374) PSYoungGen: 206400K(224256K)->32784K(234496K) Eden: 135168K(135168K)->0K(135168K) From: 71232K(89088K)->32784K(99328K)
[385.359s][info][gc,heap        ] GC(1374) ParOldGen: 146755K(510464K)->218371K(510464K)
[385.359s][info][gc,metaspace   ] GC(1374) Metaspace: 18916K(19136K)->18916K(19136K) NonClass: 16255K(16384K)->16255K(16384K) Class: 2661K(2752K)->2661K(2752K)
[385.359s][info][gc             ] GC(1374) Pause Young (Allocation Failure) 344M->245M(727M) 85.678ms
[385.359s][info][gc,cpu         ] GC(1374) User=0.17s Sys=0.00s Real=0.09s
[385.442s][info][gc,start       ] GC(1375) Pause Young (Allocation Failure)
[385.496s][info][gc,heap        ] GC(1375) PSYoungGen: 167952K(234496K)->35136K(221184K) Eden: 135168K(135168K)->0K(141312K) From: 32784K(99328K)->35136K(79872K)
[385.496s][info][gc,heap        ] GC(1375) ParOldGen: 218371K(510464K)->251491K(510464K)
[385.496s][info][gc,metaspace   ] GC(1375) Metaspace: 18916K(19136K)->18916K(19136K) NonClass: 16255K(16384K)->16255K(16384K) Class: 2661K(2752K)->2661K(2752K)
[385.497s][info][gc             ] GC(1375) Pause Young (Allocation Failure) 377M->279M(714M) 54.375ms
[385.497s][info][gc,cpu         ] GC(1375) User=0.11s Sys=0.00s Real=0.06s
[385.635s][info][gc,start       ] GC(1376) Pause Young (Allocation Failure)
[385.690s][info][gc,heap        ] GC(1376) PSYoungGen: 176448K(221184K)->19873K(229888K) Eden: 141312K(141312K)->0K(141312K) From: 35136K(79872K)->19873K(88576K)
[385.690s][info][gc,heap        ] GC(1376) ParOldGen: 251491K(510464K)->286987K(510464K)
[385.690s][info][gc,metaspace   ] GC(1376) Metaspace: 18916K(19136K)->18916K(19136K) NonClass: 16255K(16384K)->16255K(16384K) Class: 2661K(2752K)->2661K(2752K)
[385.690s][info][gc             ] GC(1376) Pause Young (Allocation Failure) 417M->299M(723M) 54.548ms
[385.690s][info][gc,cpu         ] GC(1376) User=0.11s Sys=0.00s Real=0.06s
[385.814s][info][gc,start       ] GC(1377) Pause Young (Allocation Failure)
[385.885s][info][gc,heap        ] GC(1377) PSYoungGen: 161185K(229888K)->30593K(231424K) Eden: 141312K(141312K)->0K(160256K) From: 19873K(88576K)->30593K(71168K)
[385.885s][info][gc,heap        ] GC(1377) ParOldGen: 286987K(510464K)->306856K(510464K)
[385.885s][info][gc,metaspace   ] GC(1377) Metaspace: 18916K(19136K)->18916K(19136K) NonClass: 16255K(16384K)->16255K(16384K) Class: 2661K(2752K)->2661K(2752K)
[385.885s][info][gc             ] GC(1377) Pause Young (Allocation Failure) 437M->329M(724M) 71.103ms
[385.885s][info][gc,cpu         ] GC(1377) User=0.14s Sys=0.01s Real=0.07s
[386.018s][info][gc,start       ] GC(1378) Pause Young (Allocation Failure)
[386.087s][info][gc,heap        ] GC(1378) PSYoungGen: 190849K(231424K)->28512K(239616K) Eden: 160256K(160256K)->0K(160256K) From: 30593K(71168K)->28512K(79360K)
[386.087s][info][gc,heap        ] GC(1378) ParOldGen: 306856K(510464K)->336957K(510464K)
[386.087s][info][gc,metaspace   ] GC(1378) Metaspace: 18916K(19136K)->18916K(19136K) NonClass: 16255K(16384K)->16255K(16384K) Class: 2661K(2752K)->2661K(2752K)
[386.087s][info][gc             ] GC(1378) Pause Young (Allocation Failure) 486M->356M(732M) 69.168ms
[386.087s][info][gc,cpu         ] GC(1378) User=0.14s Sys=0.00s Real=0.07s
[386.197s][info][gc,start       ] GC(1379) Pause Young (Allocation Failure)
[386.249s][info][gc,heap        ] GC(1379) PSYoungGen: 188768K(239616K)->16864K(246784K) Eden: 160256K(160256K)->0K(179712K) From: 28512K(79360K)->16864K(67072K)
[386.249s][info][gc,heap        ] GC(1379) ParOldGen: 336957K(510464K)->365493K(510464K)
[386.249s][info][gc,metaspace   ] GC(1379) Metaspace: 18916K(19136K)->18916K(19136K) NonClass: 16255K(16384K)->16255K(16384K) Class: 2661K(2752K)->2661K(2752K)
[386.249s][info][gc             ] GC(1379) Pause Young (Allocation Failure) 513M->373M(739M) 52.380ms
[386.249s][info][gc,cpu         ] GC(1379) User=0.10s Sys=0.00s Real=0.05s
[386.367s][info][gc,start       ] GC(1380) Pause Young (Allocation Failure)
[386.400s][info][gc,heap        ] GC(1380) PSYoungGen: 196576K(246784K)->9792K(252416K) Eden: 179712K(179712K)->0K(179712K) From: 16864K(67072K)->9792K(72704K)
[386.400s][info][gc,heap        ] GC(1380) ParOldGen: 365493K(510464K)->382357K(510464K)
[386.400s][info][gc,metaspace   ] GC(1380) Metaspace: 18916K(19136K)->18916K(19136K) NonClass: 16255K(16384K)->16255K(16384K) Class: 2661K(2752K)->2661K(2752K)
[386.400s][info][gc             ] GC(1380) Pause Young (Allocation Failure) 548M->382M(745M) 32.375ms
[386.400s][info][gc,cpu         ] GC(1380) User=0.07s Sys=0.00s Real=0.03s
[386.540s][info][gc,start       ] GC(1381) Pause Young (Allocation Failure)
[386.563s][info][gc,heap        ] GC(1381) PSYoungGen: 189504K(252416K)->7712K(258048K) Eden: 179712K(179712K)->0K(189440K) From: 9792K(72704K)->7712K(68608K)
[386.563s][info][gc,heap        ] GC(1381) ParOldGen: 382357K(510464K)->392141K(510464K)
[386.563s][info][gc,metaspace   ] GC(1381) Metaspace: 18916K(19136K)->18916K(19136K) NonClass: 16255K(16384K)->16255K(16384K) Class: 2661K(2752K)->2661K(2752K)
[386.563s][info][gc             ] GC(1381) Pause Young (Allocation Failure) 558M->390M(750M) 23.162ms
[386.563s][info][gc,cpu         ] GC(1381) User=0.05s Sys=0.00s Real=0.02s
[386.718s][info][gc,start       ] GC(1382) Pause Young (Allocation Failure)
[386.748s][info][gc,heap        ] GC(1382) PSYoungGen: 197152K(258048K)->17536K(260096K) Eden: 189440K(189440K)->0K(189440K) From: 7712K(68608K)->17536K(70656K)
[386.748s][info][gc,heap        ] GC(1382) ParOldGen: 392141K(510464K)->399837K(510464K)
[386.748s][info][gc,metaspace   ] GC(1382) Metaspace: 18916K(19136K)->18916K(19136K) NonClass: 16255K(16384K)->16255K(16384K) Class: 2661K(2752K)->2661K(2752K)
[386.748s][info][gc             ] GC(1382) Pause Young (Allocation Failure) 575M->407M(752M) 30.046ms
[386.748s][info][gc,cpu         ] GC(1382) User=0.06s Sys=0.00s Real=0.03s
[387.173s][info][gc,start       ] GC(1383) Pause Young (Allocation Failure)
[387.214s][info][gc,heap        ] GC(1383) PSYoungGen: 206976K(260096K)->21408K(257536K) Eden: 189440K(189440K)->0K(196096K) From: 17536K(70656K)->21408K(61440K)
[387.214s][info][gc,heap        ] GC(1383) ParOldGen: 399837K(510464K)->417371K(510464K)
[387.214s][info][gc,metaspace   ] GC(1383) Metaspace: 18916K(19136K)->18916K(19136K) NonClass: 16255K(16384K)->16255K(16384K) Class: 2661K(2752K)->2661K(2752K)
[387.214s][info][gc             ] GC(1383) Pause Young (Allocation Failure) 592M->428M(750M) 41.354ms
[387.214s][info][gc,cpu         ] GC(1383) User=0.08s Sys=0.00s Real=0.04s
[387.771s][info][gc,start       ] GC(1384) Pause Young (Allocation Failure)
[387.794s][info][gc,heap        ] GC(1384) PSYoungGen: 217504K(257536K)->192K(259584K) Eden: 196096K(196096K)->0K(196096K) From: 21408K(61440K)->192K(63488K)
[387.794s][info][gc,heap        ] GC(1384) ParOldGen: 417371K(510464K)->438720K(510464K)
[387.794s][info][gc,metaspace   ] GC(1384) Metaspace: 18917K(19136K)->18917K(19136K) NonClass: 16256K(16384K)->16256K(16384K) Class: 2661K(2752K)->2661K(2752K)
[387.794s][info][gc             ] GC(1384) Pause Young (Allocation Failure) 619M->428M(752M) 23.488ms
[387.794s][info][gc,cpu         ] GC(1384) User=0.04s Sys=0.00s Real=0.02s
[388.263s][info][gc,start       ] GC(1385) Pause Young (Allocation Failure)
[388.265s][info][gc,heap        ] GC(1385) PSYoungGen: 196288K(259584K)->64K(269312K) Eden: 196096K(196096K)->0K(206848K) From: 192K(63488K)->64K(62464K)
[388.265s][info][gc,heap        ] GC(1385) ParOldGen: 438720K(510464K)->438912K(510464K)
[388.265s][info][gc,metaspace   ] GC(1385) Metaspace: 18917K(19136K)->18917K(19136K) NonClass: 16256K(16384K)->16256K(16384K) Class: 2661K(2752K)->2661K(2752K)
[388.265s][info][gc             ] GC(1385) Pause Young (Allocation Failure) 620M->428M(761M) 2.183ms
[388.265s][info][gc,cpu         ] GC(1385) User=0.01s Sys=0.00s Real=0.00s
[388.759s][info][gc,start       ] GC(1386) Pause Young (Allocation Failure)
[388.777s][info][gc,heap        ] GC(1386) PSYoungGen: 206912K(269312K)->96K(269824K) Eden: 206848K(206848K)->0K(206848K) From: 64K(62464K)->96K(62976K)
[388.777s][info][gc,heap        ] GC(1386) ParOldGen: 438912K(510464K)->438928K(510464K)
[388.777s][info][gc,metaspace   ] GC(1386) Metaspace: 18917K(19136K)->18917K(19136K) NonClass: 16256K(16384K)->16256K(16384K) Class: 2661K(2752K)->2661K(2752K)
[388.777s][info][gc             ] GC(1386) Pause Young (Allocation Failure) 630M->428M(762M) 17.894ms
[388.777s][info][gc,cpu         ] GC(1386) User=0.03s Sys=0.00s Real=0.02s
[388.977s][info][gc,start       ] GC(1387) Pause Young (Allocation Failure)
[389.020s][info][gc,heap        ] GC(1387) PSYoungGen: 206944K(269824K)->51814K(255488K) Eden: 206848K(206848K)->0K(193536K) From: 96K(62976K)->51814K(61952K)
[389.020s][info][gc,heap        ] GC(1387) ParOldGen: 438928K(510464K)->438928K(510464K)
[389.020s][info][gc,metaspace   ] GC(1387) Metaspace: 18917K(19136K)->18917K(19136K) NonClass: 16256K(16384K)->16256K(16384K) Class: 2661K(2752K)->2661K(2752K)
[389.020s][info][gc             ] GC(1387) Pause Young (Allocation Failure) 630M->479M(748M) 42.550ms
[389.020s][info][gc,cpu         ] GC(1387) User=0.08s Sys=0.00s Real=0.04s
[389.149s][info][gc,start       ] GC(1388) Pause Young (Allocation Failure)
[389.230s][info][gc,heap        ] GC(1388) PSYoungGen: 245350K(255488K)->70119K(263680K) Eden: 193536K(193536K)->0K(193536K) From: 51814K(61952K)->70119K(70144K)
[389.231s][info][gc,heap        ] GC(1388) ParOldGen: 438928K(510464K)->479644K(510464K)
[389.231s][info][gc,metaspace   ] GC(1388) Metaspace: 18917K(19136K)->18917K(19136K) NonClass: 16256K(16384K)->16256K(16384K) Class: 2661K(2752K)->2661K(2752K)
[389.231s][info][gc             ] GC(1388) Pause Young (Allocation Failure) 668M->536M(756M) 81.987ms
[389.231s][info][gc,cpu         ] GC(1388) User=0.16s Sys=0.00s Real=0.08s
[389.354s][info][gc,start       ] GC(1389) Pause Young (Allocation Failure)
[389.447s][info][gc,heap        ] GC(1389) PSYoungGen: 263655K(263680K)->14656K(215552K) Eden: 193536K(193536K)->0K(145408K) From: 70119K(70144K)->14656K(70144K)
[389.447s][info][gc,heap        ] GC(1389) ParOldGen: 479644K(510464K)->550321K(550400K)
[389.447s][info][gc,metaspace   ] GC(1389) Metaspace: 18917K(19136K)->18917K(19136K) NonClass: 16256K(16384K)->16256K(16384K) Class: 2661K(2752K)->2661K(2752K)
[389.447s][info][gc             ] GC(1389) Pause Young (Allocation Failure) 725M->551M(748M) 93.347ms
[389.447s][info][gc,cpu         ] GC(1389) User=0.15s Sys=0.03s Real=0.10s
[389.548s][info][gc,start       ] GC(1390) Pause Young (Allocation Failure)
[389.587s][info][gc,heap        ] GC(1390) PSYoungGen: 160064K(215552K)->5964K(239616K) Eden: 145408K(145408K)->0K(145408K) From: 14656K(70144K)->5964K(94208K)
[389.587s][info][gc,heap        ] GC(1390) ParOldGen: 550321K(550400K)->565065K(565248K)
[389.587s][info][gc,metaspace   ] GC(1390) Metaspace: 18917K(19136K)->18917K(19136K) NonClass: 16256K(16384K)->16256K(16384K) Class: 2661K(2752K)->2661K(2752K)
[389.587s][info][gc             ] GC(1390) Pause Young (Allocation Failure) 693M->557M(786M) 38.845ms
[389.587s][info][gc,cpu         ] GC(1390) User=0.07s Sys=0.01s Real=0.04s
[389.735s][info][gc,start       ] GC(1391) Pause Young (Allocation Failure)
[389.795s][info][gc,heap        ] GC(1391) PSYoungGen: 151372K(239616K)->31936K(227840K) Eden: 145408K(145408K)->0K(147968K) From: 5964K(94208K)->31936K(79872K)
[389.795s][info][gc,heap        ] GC(1391) ParOldGen: 565065K(565248K)->570772K(570880K)
[389.795s][info][gc,metaspace   ] GC(1391) Metaspace: 18917K(19136K)->18917K(19136K) NonClass: 16256K(16384K)->16256K(16384K) Class: 2661K(2752K)->2661K(2752K)
[389.795s][info][gc             ] GC(1391) Pause Young (Allocation Failure) 699M->588M(780M) 60.184ms
[389.795s][info][gc,cpu         ] GC(1391) User=0.12s Sys=0.01s Real=0.06s
[389.898s][info][gc,start       ] GC(1392) Pause Young (Allocation Failure)
[389.982s][info][gc,heap        ] GC(1392) PSYoungGen: 179904K(227840K)->24992K(235008K) Eden: 147968K(147968K)->0K(147968K) From: 31936K(79872K)->24992K(87040K)
[389.982s][info][gc,heap        ] GC(1392) ParOldGen: 570772K(570880K)->602732K(603136K)
[389.982s][info][gc,metaspace   ] GC(1392) Metaspace: 18917K(19136K)->18917K(19136K) NonClass: 16256K(16384K)->16256K(16384K) Class: 2661K(2752K)->2661K(2752K)
[389.982s][info][gc             ] GC(1392) Pause Young (Allocation Failure) 733M->613M(818M) 84.101ms
[389.982s][info][gc,cpu         ] GC(1392) User=0.14s Sys=0.02s Real=0.08s
[390.103s][info][gc,start       ] GC(1393) Pause Full (Allocation Failure)
[390.103s][info][gc,phases,start] GC(1393) Marking Phase
[390.369s][info][gc,phases      ] GC(1393) Marking Phase 266.397ms
[390.369s][info][gc,phases,start] GC(1393) Summary Phase
[390.369s][info][gc,phases      ] GC(1393) Summary Phase 0.027ms
[390.369s][info][gc,phases,start] GC(1393) Forward
[390.461s][info][gc,phases      ] GC(1393) Forward 91.320ms
[390.461s][info][gc,phases,start] GC(1393) Adjust Pointers
[390.669s][info][gc,phases      ] GC(1393) Adjust Pointers 208.354ms
[390.669s][info][gc,phases,start] GC(1393) Compaction Phase
[390.798s][info][gc,phases      ] GC(1393) Compaction Phase 128.686ms
[390.806s][info][gc,phases,start] GC(1393) Post Compact
[390.809s][info][gc,phases      ] GC(1393) Post Compact 2.309ms
[390.809s][info][gc,heap        ] GC(1393) PSYoungGen: 172960K(235008K)->0K(245248K) Eden: 147968K(147968K)->0K(165376K) From: 24992K(87040K)->0K(79872K)
[390.809s][info][gc,heap        ] GC(1393) ParOldGen: 602732K(603136K)->372078K(667648K)
[390.809s][info][gc,metaspace   ] GC(1393) Metaspace: 18917K(19136K)->18917K(19136K) NonClass: 16256K(16384K)->16256K(16384K) Class: 2661K(2752K)->2661K(2752K)
[390.809s][info][gc             ] GC(1393) Pause Full (Allocation Failure) 757M->363M(891M) 706.248ms
[390.809s][info][gc,cpu         ] GC(1393) User=1.34s Sys=0.00s Real=0.71s
[390.926s][info][gc,start       ] GC(1394) Pause Young (Allocation Failure)
[390.941s][info][gc,heap        ] GC(1394) PSYoungGen: 165376K(245248K)->10784K(246784K) Eden: 165376K(165376K)->0K(165376K) From: 0K(79872K)->10784K(81408K)
[390.941s][info][gc,heap        ] GC(1394) ParOldGen: 372078K(667648K)->372078K(667648K)
[390.941s][info][gc,metaspace   ] GC(1394) Metaspace: 18917K(19136K)->18917K(19136K) NonClass: 16256K(16384K)->16256K(16384K) Class: 2661K(2752K)->2661K(2752K)
[390.941s][info][gc             ] GC(1394) Pause Young (Allocation Failure) 524M->373M(893M) 15.637ms
[390.941s][info][gc,cpu         ] GC(1394) User=0.03s Sys=0.00s Real=0.02s
[391.139s][info][gc,start       ] GC(1395) Pause Young (Allocation Failure)
[391.159s][info][gc,heap        ] GC(1395) PSYoungGen: 176160K(246784K)->3392K(250368K) Eden: 165376K(165376K)->0K(173568K) From: 10784K(81408K)->3392K(76800K)
[391.159s][info][gc,heap        ] GC(1395) ParOldGen: 372078K(667648K)->382854K(667648K)
[391.159s][info][gc,metaspace   ] GC(1395) Metaspace: 18917K(19136K)->18917K(19136K) NonClass: 16256K(16384K)->16256K(16384K) Class: 2661K(2752K)->2661K(2752K)
[391.159s][info][gc             ] GC(1395) Pause Young (Allocation Failure) 535M->377M(896M) 20.641ms
[391.159s][info][gc,cpu         ] GC(1395) User=0.05s Sys=0.00s Real=0.02s
[391.399s][info][gc,start       ] GC(1396) Pause Young (Allocation Failure)
[391.422s][info][gc,heap        ] GC(1396) PSYoungGen: 176960K(250368K)->17856K(250880K) Eden: 173568K(173568K)->0K(173568K) From: 3392K(76800K)->17856K(77312K)
[391.422s][info][gc,heap        ] GC(1396) ParOldGen: 382854K(667648K)->386239K(667648K)
[391.422s][info][gc,metaspace   ] GC(1396) Metaspace: 18918K(19136K)->18918K(19136K) NonClass: 16257K(16384K)->16257K(16384K) Class: 2661K(2752K)->2661K(2752K)
[391.422s][info][gc             ] GC(1396) Pause Young (Allocation Failure) 546M->394M(897M) 23.358ms
[391.422s][info][gc,cpu         ] GC(1396) User=0.05s Sys=0.00s Real=0.02s
[391.750s][info][gc,start       ] GC(1397) Pause Young (Allocation Failure)
[391.799s][info][gc,heap        ] GC(1397) PSYoungGen: 191424K(250880K)->22160K(250368K) Eden: 173568K(173568K)->0K(183808K) From: 17856K(77312K)->22160K(66560K)
[391.799s][info][gc,heap        ] GC(1397) ParOldGen: 386239K(667648K)->404077K(667648K)
[391.799s][info][gc,metaspace   ] GC(1397) Metaspace: 18918K(19136K)->18918K(19136K) NonClass: 16257K(16384K)->16257K(16384K) Class: 2661K(2752K)->2661K(2752K)
[391.799s][info][gc             ] GC(1397) Pause Young (Allocation Failure) 564M->416M(896M) 48.498ms
[391.799s][info][gc,cpu         ] GC(1397) User=0.09s Sys=0.00s Real=0.05s
[392.014s][info][gc,start       ] GC(1398) Pause Young (Allocation Failure)
[392.060s][info][gc,heap        ] GC(1398) PSYoungGen: 205968K(250368K)->29360K(251392K) Eden: 183808K(183808K)->0K(183808K) From: 22160K(66560K)->29360K(67584K)
[392.060s][info][gc,heap        ] GC(1398) ParOldGen: 404077K(667648K)->426341K(667648K)
[392.060s][info][gc,metaspace   ] GC(1398) Metaspace: 18918K(19136K)->18918K(19136K) NonClass: 16257K(16384K)->16257K(16384K) Class: 2661K(2752K)->2661K(2752K)
[392.060s][info][gc             ] GC(1398) Pause Young (Allocation Failure) 595M->445M(897M) 45.364ms
[392.060s][info][gc,cpu         ] GC(1398) User=0.09s Sys=0.00s Real=0.05s
[392.292s][info][gc,start       ] GC(1399) Pause Young (Allocation Failure)
[392.352s][info][gc,heap        ] GC(1399) PSYoungGen: 213168K(251392K)->50144K(256000K) Eden: 183808K(183808K)->0K(190464K) From: 29360K(67584K)->50144K(65536K)
[392.352s][info][gc,heap        ] GC(1399) ParOldGen: 426341K(667648K)->455949K(667648K)
[392.352s][info][gc,metaspace   ] GC(1399) Metaspace: 18918K(19136K)->18918K(19136K) NonClass: 16257K(16384K)->16257K(16384K) Class: 2661K(2752K)->2661K(2752K)
[392.352s][info][gc             ] GC(1399) Pause Young (Allocation Failure) 624M->494M(902M) 60.072ms
[392.352s][info][gc,cpu         ] GC(1399) User=0.12s Sys=0.00s Real=0.06s
[392.615s][info][gc,start       ] GC(1400) Pause Young (Allocation Failure)
[392.701s][info][gc,heap        ] GC(1400) PSYoungGen: 240608K(256000K)->32840K(262144K) Eden: 190464K(190464K)->0K(190464K) From: 50144K(65536K)->32840K(71680K)
[392.701s][info][gc,heap        ] GC(1400) ParOldGen: 455949K(667648K)->506618K(667648K)
[392.701s][info][gc,metaspace   ] GC(1400) Metaspace: 18918K(19136K)->18918K(19136K) NonClass: 16257K(16384K)->16257K(16384K) Class: 2661K(2752K)->2661K(2752K)
[392.701s][info][gc             ] GC(1400) Pause Young (Allocation Failure) 680M->526M(908M) 86.254ms
[392.701s][info][gc,cpu         ] GC(1400) User=0.17s Sys=0.00s Real=0.09s
[392.935s][info][gc,start       ] GC(1401) Pause Young (Allocation Failure)
[393.008s][info][gc,heap        ] GC(1401) PSYoungGen: 223304K(262144K)->25856K(251904K) Eden: 190464K(190464K)->0K(192512K) From: 32840K(71680K)->25856K(59392K)
[393.008s][info][gc,heap        ] GC(1401) ParOldGen: 506618K(667648K)->539488K(667648K)
[393.008s][info][gc,metaspace   ] GC(1401) Metaspace: 18918K(19136K)->18918K(19136K) NonClass: 16257K(16384K)->16257K(16384K) Class: 2661K(2752K)->2661K(2752K)
[393.008s][info][gc             ] GC(1401) Pause Young (Allocation Failure) 712M->552M(898M) 73.811ms
[393.008s][info][gc,cpu         ] GC(1401) User=0.14s Sys=0.00s Real=0.08s
[393.200s][info][gc,start       ] GC(1402) Pause Young (Allocation Failure)
[393.231s][info][gc,heap        ] GC(1402) PSYoungGen: 218368K(251904K)->864K(258048K) Eden: 192512K(192512K)->0K(192512K) From: 25856K(59392K)->864K(65536K)
[393.231s][info][gc,heap        ] GC(1402) ParOldGen: 539488K(667648K)->565376K(667648K)
[393.231s][info][gc,metaspace   ] GC(1402) Metaspace: 18918K(19136K)->18918K(19136K) NonClass: 16257K(16384K)->16257K(16384K) Class: 2661K(2752K)->2661K(2752K)
[393.231s][info][gc             ] GC(1402) Pause Young (Allocation Failure) 740M->552M(904M) 31.293ms
[393.231s][info][gc,cpu         ] GC(1402) User=0.06s Sys=0.00s Real=0.03s
[393.478s][info][gc,start       ] GC(1403) Pause Young (Allocation Failure)
[393.495s][info][gc,heap        ] GC(1403) PSYoungGen: 193376K(258048K)->10176K(264704K) Eden: 192512K(192512K)->0K(202240K) From: 864K(65536K)->10176K(62464K)
[393.495s][info][gc,heap        ] GC(1403) ParOldGen: 565376K(667648K)->566200K(667648K)
[393.495s][info][gc,metaspace   ] GC(1403) Metaspace: 18918K(19136K)->18918K(19136K) NonClass: 16257K(16384K)->16257K(16384K) Class: 2661K(2752K)->2661K(2752K)
[393.495s][info][gc             ] GC(1403) Pause Young (Allocation Failure) 740M->562M(910M) 16.802ms
[393.495s][info][gc,cpu         ] GC(1403) User=0.03s Sys=0.00s Real=0.01s
[393.882s][info][gc,start       ] GC(1404) Pause Young (Allocation Failure)
[393.925s][info][gc,heap        ] GC(1404) PSYoungGen: 212416K(264704K)->20464K(266240K) Eden: 202240K(202240K)->0K(202240K) From: 10176K(62464K)->20464K(64000K)
[393.925s][info][gc,heap        ] GC(1404) ParOldGen: 566200K(667648K)->576360K(667648K)
[393.925s][info][gc,metaspace   ] GC(1404) Metaspace: 18918K(19136K)->18918K(19136K) NonClass: 16257K(16384K)->16257K(16384K) Class: 2661K(2752K)->2661K(2752K)
[393.925s][info][gc             ] GC(1404) Pause Young (Allocation Failure) 760M->582M(912M) 43.223ms
[393.925s][info][gc,cpu         ] GC(1404) User=0.08s Sys=0.00s Real=0.04s
[394.159s][info][gc,start       ] GC(1405) Pause Young (Allocation Failure)
[394.232s][info][gc,heap        ] GC(1405) PSYoungGen: 222704K(266240K)->60402K(235520K) Eden: 202240K(202240K)->0K(175104K) From: 20464K(64000K)->60402K(60416K)
[394.232s][info][gc,heap        ] GC(1405) ParOldGen: 576360K(667648K)->600545K(667648K)
[394.232s][info][gc,metaspace   ] GC(1405) Metaspace: 18918K(19136K)->18918K(19136K) NonClass: 16257K(16384K)->16257K(16384K) Class: 2661K(2752K)->2661K(2752K)
[394.232s][info][gc             ] GC(1405) Pause Young (Allocation Failure) 780M->645M(882M) 73.549ms
[394.232s][info][gc,cpu         ] GC(1405) User=0.14s Sys=0.01s Real=0.07s
[394.481s][info][gc,start       ] GC(1406) Pause Young (Allocation Failure)
[394.566s][info][gc,heap        ] GC(1406) PSYoungGen: 235506K(235520K)->16448K(254464K) Eden: 175104K(175104K)->0K(175104K) From: 60402K(60416K)->16448K(79360K)
[394.566s][info][gc,heap        ] GC(1406) ParOldGen: 600545K(667648K)->661662K(667648K)
[394.566s][info][gc,metaspace   ] GC(1406) Metaspace: 18918K(19136K)->18918K(19136K) NonClass: 16257K(16384K)->16257K(16384K) Class: 2661K(2752K)->2661K(2752K)
[394.566s][info][gc             ] GC(1406) Pause Young (Allocation Failure) 816M->662M(900M) 84.869ms
[394.566s][info][gc,cpu         ] GC(1406) User=0.13s Sys=0.04s Real=0.08s
[394.832s][info][gc,start       ] GC(1407) Pause Full (Allocation Failure)
[394.832s][info][gc,phases,start] GC(1407) Marking Phase
[395.198s][info][gc,phases      ] GC(1407) Marking Phase 366.127ms
[395.199s][info][gc,phases,start] GC(1407) Summary Phase
[395.199s][info][gc,phases      ] GC(1407) Summary Phase 0.030ms
[395.199s][info][gc,phases,start] GC(1407) Forward
[395.347s][info][gc,phases      ] GC(1407) Forward 148.861ms
[395.347s][info][gc,phases,start] GC(1407) Adjust Pointers
[395.632s][info][gc,phases      ] GC(1407) Adjust Pointers 284.091ms
[395.632s][info][gc,phases,start] GC(1407) Compaction Phase
[395.801s][info][gc,phases      ] GC(1407) Compaction Phase 169.500ms
[395.813s][info][gc,phases,start] GC(1407) Post Compact
[395.816s][info][gc,phases      ] GC(1407) Post Compact 2.431ms
[395.816s][info][gc,heap        ] GC(1407) PSYoungGen: 191552K(254464K)->0K(251392K) Eden: 175104K(175104K)->0K(178176K) From: 16448K(79360K)->0K(73216K)
[395.816s][info][gc,heap        ] GC(1407) ParOldGen: 661662K(667648K)->503208K(667648K)
[395.816s][info][gc,metaspace   ] GC(1407) Metaspace: 18918K(19136K)->18918K(19136K) NonClass: 16257K(16384K)->16257K(16384K) Class: 2661K(2752K)->2661K(2752K)
[395.816s][info][gc             ] GC(1407) Pause Full (Allocation Failure) 833M->491M(897M) 983.710ms
[395.816s][info][gc,cpu         ] GC(1407) User=1.83s Sys=0.00s Real=0.98s
[395.987s][info][gc,start       ] GC(1408) Pause Young (Allocation Failure)
[396.008s][info][gc,heap        ] GC(1408) PSYoungGen: 178176K(251392K)->16736K(254464K) Eden: 178176K(178176K)->0K(178176K) From: 0K(73216K)->16736K(76288K)
[396.008s][info][gc,heap        ] GC(1408) ParOldGen: 503208K(667648K)->503208K(667648K)
[396.008s][info][gc,metaspace   ] GC(1408) Metaspace: 18918K(19136K)->18918K(19136K) NonClass: 16257K(16384K)->16257K(16384K) Class: 2661K(2752K)->2661K(2752K)
[396.008s][info][gc             ] GC(1408) Pause Young (Allocation Failure) 665M->507M(900M) 20.545ms
[396.008s][info][gc,cpu         ] GC(1408) User=0.04s Sys=0.00s Real=0.02s
[396.191s][info][gc,start       ] GC(1409) Pause Young (Allocation Failure)
[396.214s][info][gc,heap        ] GC(1409) PSYoungGen: 194912K(254464K)->1952K(256512K) Eden: 178176K(178176K)->0K(184320K) From: 16736K(76288K)->1952K(72192K)
[396.214s][info][gc,heap        ] GC(1409) ParOldGen: 503208K(667648K)->519944K(667648K)
[396.214s][info][gc,metaspace   ] GC(1409) Metaspace: 18918K(19136K)->18918K(19136K) NonClass: 16257K(16384K)->16257K(16384K) Class: 2661K(2752K)->2661K(2752K)
[396.214s][info][gc             ] GC(1409) Pause Young (Allocation Failure) 681M->509M(902M) 23.405ms
[396.214s][info][gc,cpu         ] GC(1409) User=0.05s Sys=0.01s Real=0.02s
[396.462s][info][gc,start       ] GC(1410) Pause Young (Allocation Failure)
[396.479s][info][gc,heap        ] GC(1410) PSYoungGen: 186272K(256512K)->12160K(257024K) Eden: 184320K(184320K)->0K(184320K) From: 1952K(72192K)->12160K(72704K)
[396.479s][info][gc,heap        ] GC(1410) ParOldGen: 519944K(667648K)->521872K(667648K)
[396.479s][info][gc,metaspace   ] GC(1410) Metaspace: 18918K(19136K)->18918K(19136K) NonClass: 16257K(16384K)->16257K(16384K) Class: 2661K(2752K)->2661K(2752K)
[396.479s][info][gc             ] GC(1410) Pause Young (Allocation Failure) 689M->521M(903M) 16.989ms
[396.479s][info][gc,cpu         ] GC(1410) User=0.03s Sys=0.00s Real=0.02s
[396.889s][info][gc,start       ] GC(1411) Pause Young (Allocation Failure)
[396.924s][info][gc,heap        ] GC(1411) PSYoungGen: 196480K(257024K)->29360K(258048K) Eden: 184320K(184320K)->0K(190976K) From: 12160K(72704K)->29360K(67072K)
[396.924s][info][gc,heap        ] GC(1411) ParOldGen: 521872K(667648K)->521872K(667648K)
[396.924s][info][gc,metaspace   ] GC(1411) Metaspace: 18918K(19136K)->18918K(19136K) NonClass: 16257K(16384K)->16257K(16384K) Class: 2661K(2752K)->2661K(2752K)
[396.924s][info][gc             ] GC(1411) Pause Young (Allocation Failure) 701M->538M(904M) 35.296ms
[396.924s][info][gc,cpu         ] GC(1411) User=0.07s Sys=0.00s Real=0.03s
[397.437s][info][gc,start       ] GC(1412) Pause Young (Allocation Failure)
[397.467s][info][gc,heap        ] GC(1412) PSYoungGen: 220336K(258048K)->29376K(258560K) Eden: 190976K(190976K)->0K(190976K) From: 29360K(67072K)->29376K(67584K)
[397.467s][info][gc,heap        ] GC(1412) ParOldGen: 521872K(667648K)->521872K(667648K)
[397.467s][info][gc,metaspace   ] GC(1412) Metaspace: 18918K(19136K)->18918K(19136K) NonClass: 16257K(16384K)->16257K(16384K) Class: 2661K(2752K)->2661K(2752K)
[397.467s][info][gc             ] GC(1412) Pause Young (Allocation Failure) 724M->538M(904M) 30.036ms
[397.467s][info][gc,cpu         ] GC(1412) User=0.06s Sys=0.00s Real=0.03s
[397.902s][info][gc,start       ] GC(1413) Pause Young (Allocation Failure)
[397.941s][info][gc,heap        ] GC(1413) PSYoungGen: 220352K(258560K)->29392K(263680K) Eden: 190976K(190976K)->0K(200704K) From: 29376K(67584K)->29392K(62976K)
[397.941s][info][gc,heap        ] GC(1413) ParOldGen: 521872K(667648K)->521872K(667648K)
[397.941s][info][gc,metaspace   ] GC(1413) Metaspace: 18918K(19136K)->18918K(19136K) NonClass: 16257K(16384K)->16257K(16384K) Class: 2661K(2752K)->2661K(2752K)
[397.941s][info][gc             ] GC(1413) Pause Young (Allocation Failure) 724M->538M(909M) 38.669ms
[397.941s][info][gc,cpu         ] GC(1413) User=0.07s Sys=0.00s Real=0.04s
[398.181s][info][gc,start       ] GC(1414) Pause Young (Allocation Failure)
[398.241s][info][gc,heap        ] GC(1414) PSYoungGen: 230096K(263680K)->63472K(264192K) Eden: 200704K(200704K)->0K(200704K) From: 29392K(62976K)->63472K(63488K)
[398.241s][info][gc,heap        ] GC(1414) ParOldGen: 521872K(667648K)->530240K(667648K)
[398.241s][info][gc,metaspace   ] GC(1414) Metaspace: 18918K(19136K)->18918K(19136K) NonClass: 16257K(16384K)->16257K(16384K) Class: 2661K(2752K)->2661K(2752K)
[398.241s][info][gc             ] GC(1414) Pause Young (Allocation Failure) 734M->579M(910M) 60.190ms
[398.241s][info][gc,cpu         ] GC(1414) User=0.12s Sys=0.00s Real=0.06s
[398.493s][info][gc,start       ] GC(1415) Pause Young (Allocation Failure)
[398.575s][info][gc,heap        ] GC(1415) PSYoungGen: 264176K(264192K)->67520K(230400K) Eden: 200704K(200704K)->0K(160768K) From: 63472K(63488K)->67520K(69632K)
[398.575s][info][gc,heap        ] GC(1415) ParOldGen: 530240K(667648K)->559632K(667648K)
[398.575s][info][gc,metaspace   ] GC(1415) Metaspace: 18919K(19136K)->18919K(19136K) NonClass: 16258K(16384K)->16258K(16384K) Class: 2661K(2752K)->2661K(2752K)
[398.575s][info][gc             ] GC(1415) Pause Young (Allocation Failure) 775M->612M(877M) 81.761ms
[398.575s][info][gc,cpu         ] GC(1415) User=0.15s Sys=0.01s Real=0.08s
[398.807s][info][gc,start       ] GC(1416) Pause Young (Allocation Failure)
[398.904s][info][gc,heap        ] GC(1416) PSYoungGen: 228288K(230400K)->86512K(247296K) Eden: 160768K(160768K)->0K(160768K) From: 67520K(69632K)->86512K(86528K)
[398.905s][info][gc,heap        ] GC(1416) ParOldGen: 559632K(667648K)->573616K(667648K)
[398.905s][info][gc,metaspace   ] GC(1416) Metaspace: 18919K(19136K)->18919K(19136K) NonClass: 16258K(16384K)->16258K(16384K) Class: 2661K(2752K)->2661K(2752K)
[398.905s][info][gc             ] GC(1416) Pause Young (Allocation Failure) 769M->644M(893M) 97.953ms
[398.905s][info][gc,cpu         ] GC(1416) User=0.19s Sys=0.00s Real=0.09s
[399.105s][info][gc,start       ] GC(1417) Pause Young (Allocation Failure)
[399.220s][info][gc,heap        ] GC(1417) PSYoungGen: 247280K(247296K)->43488K(218624K) Eden: 160768K(160768K)->0K(132096K) From: 86512K(86528K)->43488K(86528K)
[399.220s][info][gc,heap        ] GC(1417) ParOldGen: 573616K(667648K)->641697K(667648K)
[399.220s][info][gc,metaspace   ] GC(1417) Metaspace: 18919K(19136K)->18919K(19136K) NonClass: 16258K(16384K)->16258K(16384K) Class: 2661K(2752K)->2661K(2752K)
[399.220s][info][gc             ] GC(1417) Pause Young (Allocation Failure) 801M->669M(865M) 115.189ms
[399.220s][info][gc,cpu         ] GC(1417) User=0.23s Sys=0.00s Real=0.12s
[399.335s][info][gc,start       ] GC(1418) Pause Full (Allocation Failure)
[399.335s][info][gc,phases,start] GC(1418) Marking Phase
[399.816s][info][gc,phases      ] GC(1418) Marking Phase 481.050ms
[399.816s][info][gc,phases,start] GC(1418) Summary Phase
[399.816s][info][gc,phases      ] GC(1418) Summary Phase 0.027ms
[399.816s][info][gc,phases,start] GC(1418) Forward
[399.925s][info][gc,phases      ] GC(1418) Forward 108.512ms
[399.925s][info][gc,phases,start] GC(1418) Adjust Pointers
[400.286s][info][gc,phases      ] GC(1418) Adjust Pointers 361.094ms
[400.286s][info][gc,phases,start] GC(1418) Compaction Phase
[400.513s][info][gc,phases      ] GC(1418) Compaction Phase 227.284ms
[400.523s][info][gc,phases,start] GC(1418) Post Compact
[400.525s][info][gc,phases      ] GC(1418) Post Compact 2.410ms
[400.525s][info][gc,heap        ] GC(1418) PSYoungGen: 175584K(218624K)->0K(232960K) Eden: 132096K(132096K)->0K(132096K) From: 43488K(86528K)->0K(100864K)
[400.525s][info][gc,heap        ] GC(1418) ParOldGen: 641697K(667648K)->664979K(667648K)
[400.525s][info][gc,metaspace   ] GC(1418) Metaspace: 18919K(19136K)->18919K(19136K) NonClass: 16258K(16384K)->16258K(16384K) Class: 2661K(2752K)->2661K(2752K)
[400.525s][info][gc             ] GC(1418) Pause Full (Allocation Failure) 798M->649M(879M) 1190.274ms
[400.525s][info][gc,cpu         ] GC(1418) User=2.33s Sys=0.00s Real=1.19s
[400.688s][info][gc,start       ] GC(1419) Pause Full (Allocation Failure)
[400.688s][info][gc,phases,start] GC(1419) Marking Phase
[401.234s][info][gc,phases      ] GC(1419) Marking Phase 546.088ms
[401.234s][info][gc,phases,start] GC(1419) Summary Phase
[401.234s][info][gc,phases      ] GC(1419) Summary Phase 0.028ms
[401.234s][info][gc,phases,start] GC(1419) Forward
[401.368s][info][gc,phases      ] GC(1419) Forward 133.569ms
[401.368s][info][gc,phases,start] GC(1419) Adjust Pointers
[401.756s][info][gc,phases      ] GC(1419) Adjust Pointers 388.516ms
[401.756s][info][gc,phases,start] GC(1419) Compaction Phase
[401.961s][info][gc,phases      ] GC(1419) Compaction Phase 204.711ms
[401.972s][info][gc,phases,start] GC(1419) Post Compact
[401.974s][info][metaspace      ] ChkMgr @0x00007f133003f180 (non-class-space): : reclaiming memory...
[401.974s][info][metaspace      ] ChkMgr @0x00007f133003f180 (non-class-space): nothing reclaimed.
[401.974s][info][metaspace      ] ChkMgr @0x00007f133003ef90 (class-space): : reclaiming memory...
[401.974s][info][metaspace      ] ChkMgr @0x00007f133003ef90 (class-space): nothing reclaimed.
[401.974s][info][gc,phases      ] GC(1419) Post Compact 2.530ms
[401.974s][info][gc,heap        ] GC(1419) PSYoungGen: 132096K(232960K)->1253K(232960K) Eden: 132096K(132096K)->1253K(132096K) From: 0K(100864K)->0K(100864K)
[401.974s][info][gc,heap        ] GC(1419) ParOldGen: 664979K(667648K)->667592K(667648K)
[401.974s][info][gc,metaspace   ] GC(1419) Metaspace: 18919K(19136K)->18896K(19136K) NonClass: 16258K(16384K)->16235K(16384K) Class: 2661K(2752K)->2661K(2752K)
[401.974s][info][gc             ] GC(1419) Pause Full (Allocation Failure) 778M->653M(879M) 1286.616ms
[401.974s][info][gc,cpu         ] GC(1419) User=2.48s Sys=0.01s Real=1.28s
[402.153s][info][gc,start       ] GC(1420) Pause Full (Allocation Failure)
[402.153s][info][gc,phases,start] GC(1420) Marking Phase
[402.537s][info][gc,phases      ] GC(1420) Marking Phase 383.897ms
[402.537s][info][gc,phases,start] GC(1420) Summary Phase
[402.537s][info][gc,phases      ] GC(1420) Summary Phase 0.027ms
[402.537s][info][gc,phases,start] GC(1420) Forward
[402.691s][info][gc,phases      ] GC(1420) Forward 154.662ms
[402.691s][info][gc,phases,start] GC(1420) Adjust Pointers
[403.019s][info][gc,phases      ] GC(1420) Adjust Pointers 327.610ms
[403.019s][info][gc,phases,start] GC(1420) Compaction Phase
[403.231s][info][gc,phases      ] GC(1420) Compaction Phase 212.321ms
[403.243s][info][gc,phases,start] GC(1420) Post Compact
[403.245s][info][gc,phases      ] GC(1420) Post Compact 2.383ms
[403.245s][info][gc,heap        ] GC(1420) PSYoungGen: 132096K(232960K)->0K(232960K) Eden: 132096K(132096K)->0K(132096K) From: 0K(100864K)->0K(100864K)
[403.245s][info][gc,heap        ] GC(1420) ParOldGen: 667592K(667648K)->521353K(667648K)
[403.245s][info][gc,metaspace   ] GC(1420) Metaspace: 18896K(19136K)->18896K(19136K) NonClass: 16235K(16384K)->16235K(16384K) Class: 2661K(2752K)->2661K(2752K)
[403.246s][info][gc             ] GC(1420) Pause Full (Allocation Failure) 780M->509M(879M) 1092.937ms
[403.246s][info][gc,cpu         ] GC(1420) User=2.06s Sys=0.00s Real=1.09s
[403.456s][info][gc,start       ] GC(1421) Pause Young (Allocation Failure)
[403.489s][info][gc,heap        ] GC(1421) PSYoungGen: 132096K(232960K)->20160K(227840K) Eden: 132096K(132096K)->0K(132096K) From: 0K(100864K)->20160K(95744K)
[403.489s][info][gc,heap        ] GC(1421) ParOldGen: 521353K(667648K)->521353K(667648K)
[403.489s][info][gc,metaspace   ] GC(1421) Metaspace: 18896K(19136K)->18896K(19136K) NonClass: 16235K(16384K)->16235K(16384K) Class: 2661K(2752K)->2661K(2752K)
[403.489s][info][gc             ] GC(1421) Pause Young (Allocation Failure) 638M->528M(874M) 33.298ms
[403.489s][info][gc,cpu         ] GC(1421) User=0.06s Sys=0.00s Real=0.04s
[403.769s][info][gc,start       ] GC(1422) Pause Young (Allocation Failure)
[403.801s][info][gc,heap        ] GC(1422) PSYoungGen: 152256K(227840K)->29420K(230400K) Eden: 132096K(132096K)->0K(132096K) From: 20160K(95744K)->29420K(98304K)
[403.801s][info][gc,heap        ] GC(1422) ParOldGen: 521353K(667648K)->521353K(667648K)
[403.801s][info][gc,metaspace   ] GC(1422) Metaspace: 18900K(19136K)->18900K(19136K) NonClass: 16239K(16384K)->16239K(16384K) Class: 2661K(2752K)->2661K(2752K)
[403.801s][info][gc             ] GC(1422) Pause Young (Allocation Failure) 657M->537M(877M) 32.659ms
[403.801s][info][gc,cpu         ] GC(1422) User=0.06s Sys=0.01s Real=0.03s
[403.992s][info][gc,start       ] GC(1423) Pause Young (Allocation Failure)
[404.020s][info][gc,heap        ] GC(1423) PSYoungGen: 161516K(230400K)->25628K(225280K) Eden: 132096K(132096K)->0K(138752K) From: 29420K(98304K)->25628K(86528K)
[404.020s][info][gc,heap        ] GC(1423) ParOldGen: 521353K(667648K)->521353K(667648K)
[404.020s][info][gc,metaspace   ] GC(1423) Metaspace: 18902K(19136K)->18902K(19136K) NonClass: 16241K(16384K)->16241K(16384K) Class: 2661K(2752K)->2661K(2752K)
[404.020s][info][gc             ] GC(1423) Pause Young (Allocation Failure) 666M->534M(872M) 27.563ms
[404.020s][info][gc,cpu         ] GC(1423) User=0.05s Sys=0.00s Real=0.03s
[404.165s][info][gc,start       ] GC(1424) Pause Young (Allocation Failure)
[404.210s][info][gc,heap        ] GC(1424) PSYoungGen: 164380K(225280K)->48940K(228864K) Eden: 138752K(138752K)->0K(138752K) From: 25628K(86528K)->48940K(90112K)
[404.210s][info][gc,heap        ] GC(1424) ParOldGen: 521353K(667648K)->521353K(667648K)
[404.210s][info][gc,metaspace   ] GC(1424) Metaspace: 18902K(19136K)->18902K(19136K) NonClass: 16241K(16384K)->16241K(16384K) Class: 2661K(2752K)->2661K(2752K)
[404.210s][info][gc             ] GC(1424) Pause Young (Allocation Failure) 669M->556M(875M) 44.652ms
[404.210s][info][gc,cpu         ] GC(1424) User=0.09s Sys=0.00s Real=0.05s
[404.366s][info][gc,start       ] GC(1425) Pause Young (Allocation Failure)
[404.422s][info][gc,heap        ] GC(1425) PSYoungGen: 187692K(228864K)->57932K(233984K) Eden: 138752K(138752K)->0K(144384K) From: 48940K(90112K)->57932K(89600K)
[404.422s][info][gc,heap        ] GC(1425) ParOldGen: 521353K(667648K)->521353K(667648K)
[404.422s][info][gc,metaspace   ] GC(1425) Metaspace: 18902K(19136K)->18902K(19136K) NonClass: 16241K(16384K)->16241K(16384K) Class: 2661K(2752K)->2661K(2752K)
[404.422s][info][gc             ] GC(1425) Pause Young (Allocation Failure) 692M->565M(880M) 56.380ms
[404.422s][info][gc,cpu         ] GC(1425) User=0.11s Sys=0.00s Real=0.06s
[404.649s][info][gc,start       ] GC(1426) Pause Young (Allocation Failure)
[404.708s][info][gc,heap        ] GC(1426) PSYoungGen: 202316K(233984K)->61739K(236032K) Eden: 144384K(144384K)->0K(144384K) From: 57932K(89600K)->61739K(91648K)
[404.708s][info][gc,heap        ] GC(1426) ParOldGen: 521353K(667648K)->521353K(667648K)
[404.708s][info][gc,metaspace   ] GC(1426) Metaspace: 18902K(19136K)->18902K(19136K) NonClass: 16241K(16384K)->16241K(16384K) Class: 2661K(2752K)->2661K(2752K)
[404.708s][info][gc             ] GC(1426) Pause Young (Allocation Failure) 706M->569M(882M) 59.257ms
[404.708s][info][gc,cpu         ] GC(1426) User=0.12s Sys=0.00s Real=0.06s
[405.020s][info][gc,start       ] GC(1427) Pause Young (Allocation Failure)
[405.083s][info][gc,heap        ] GC(1427) PSYoungGen: 206123K(236032K)->64395K(232960K) Eden: 144384K(144384K)->0K(138240K) From: 61739K(91648K)->64395K(94720K)
[405.083s][info][gc,heap        ] GC(1427) ParOldGen: 521353K(667648K)->521353K(667648K)
[405.083s][info][gc,metaspace   ] GC(1427) Metaspace: 18903K(19136K)->18903K(19136K) NonClass: 16242K(16384K)->16242K(16384K) Class: 2661K(2752K)->2661K(2752K)
[405.083s][info][gc             ] GC(1427) Pause Young (Allocation Failure) 710M->572M(879M) 63.832ms
[405.083s][info][gc,cpu         ] GC(1427) User=0.12s Sys=0.00s Real=0.06s
[405.255s][info][gc,start       ] GC(1428) Pause Young (Allocation Failure)
[405.332s][info][gc,heap        ] GC(1428) PSYoungGen: 202635K(232960K)->77403K(216064K) Eden: 138240K(138240K)->0K(138240K) From: 64395K(94720K)->77403K(77824K)
[405.332s][info][gc,heap        ] GC(1428) ParOldGen: 521353K(667648K)->521353K(667648K)
[405.332s][info][gc,metaspace   ] GC(1428) Metaspace: 18903K(19136K)->18903K(19136K) NonClass: 16242K(16384K)->16242K(16384K) Class: 2661K(2752K)->2661K(2752K)
[405.332s][info][gc             ] GC(1428) Pause Young (Allocation Failure) 707M->584M(863M) 76.674ms
[405.332s][info][gc,cpu         ] GC(1428) User=0.16s Sys=0.00s Real=0.08s
[405.446s][info][gc,start       ] GC(1429) Pause Young (Allocation Failure)
[405.510s][info][gc,heap        ] GC(1429) PSYoungGen: 215643K(216064K)->78012K(217600K) Eden: 138240K(138240K)->0K(112640K) From: 77403K(77824K)->78012K(104960K)
[405.510s][info][gc,heap        ] GC(1429) ParOldGen: 521353K(667648K)->521353K(667648K)
[405.510s][info][gc,metaspace   ] GC(1429) Metaspace: 18903K(19136K)->18903K(19136K) NonClass: 16242K(16384K)->16242K(16384K) Class: 2661K(2752K)->2661K(2752K)
[405.510s][info][gc             ] GC(1429) Pause Young (Allocation Failure) 719M->585M(864M) 64.350ms
[405.510s][info][gc,cpu         ] GC(1429) User=0.13s Sys=0.00s Real=0.07s
[405.630s][info][gc,start       ] GC(1430) Pause Young (Allocation Failure)
[405.717s][info][gc,heap        ] GC(1430) PSYoungGen: 190652K(217600K)->110588K(223232K) Eden: 112640K(112640K)->0K(112640K) From: 78012K(104960K)->110588K(110592K)
[405.717s][info][gc,heap        ] GC(1430) ParOldGen: 521353K(667648K)->523073K(667648K)
[405.717s][info][gc,metaspace   ] GC(1430) Metaspace: 18903K(19136K)->18903K(19136K) NonClass: 16242K(16384K)->16242K(16384K) Class: 2661K(2752K)->2661K(2752K)
[405.717s][info][gc             ] GC(1430) Pause Young (Allocation Failure) 695M->618M(870M) 86.831ms
[405.717s][info][gc,cpu         ] GC(1430) User=0.17s Sys=0.00s Real=0.09s
[405.855s][info][gc,start       ] GC(1431) Pause Young (Allocation Failure)
[405.938s][info][gc,heap        ] GC(1431) PSYoungGen: 223228K(223232K)->88832K(222208K) Eden: 112640K(112640K)->0K(111616K) From: 110588K(110592K)->88832K(110592K)
[405.938s][info][gc,heap        ] GC(1431) ParOldGen: 523073K(667648K)->547878K(667648K)
[405.938s][info][gc,metaspace   ] GC(1431) Metaspace: 18903K(19136K)->18903K(19136K) NonClass: 16242K(16384K)->16242K(16384K) Class: 2661K(2752K)->2661K(2752K)
[405.938s][info][gc             ] GC(1431) Pause Young (Allocation Failure) 728M->621M(869M) 83.666ms
[405.938s][info][gc,cpu         ] GC(1431) User=0.17s Sys=0.00s Real=0.09s
[406.115s][info][gc,start       ] GC(1432) Pause Young (Allocation Failure)
[406.204s][info][gc,heap        ] GC(1432) PSYoungGen: 200448K(222208K)->101664K(222720K) Eden: 111616K(111616K)->0K(111616K) From: 88832K(110592K)->101664K(111104K)
[406.204s][info][gc,heap        ] GC(1432) ParOldGen: 547878K(667648K)->548030K(667648K)
[406.204s][info][gc,metaspace   ] GC(1432) Metaspace: 18903K(19136K)->18903K(19136K) NonClass: 16242K(16384K)->16242K(16384K) Class: 2661K(2752K)->2661K(2752K)
[406.204s][info][gc             ] GC(1432) Pause Young (Allocation Failure) 730M->634M(869M) 88.687ms
[406.204s][info][gc,cpu         ] GC(1432) User=0.18s Sys=0.00s Real=0.09s
[406.340s][info][gc,start       ] GC(1433) Pause Young (Allocation Failure)
[406.456s][info][gc,heap        ] GC(1433) PSYoungGen: 213280K(222720K)->111088K(222720K) Eden: 111616K(111616K)->0K(111616K) From: 101664K(111104K)->111088K(111104K)
[406.456s][info][gc,heap        ] GC(1433) ParOldGen: 548030K(667648K)->554686K(667648K)
[406.456s][info][gc,metaspace   ] GC(1433) Metaspace: 18903K(19136K)->18903K(19136K) NonClass: 16242K(16384K)->16242K(16384K) Class: 2661K(2752K)->2661K(2752K)
[406.456s][info][gc             ] GC(1433) Pause Young (Allocation Failure) 743M->650M(869M) 116.269ms
[406.456s][info][gc,cpu         ] GC(1433) User=0.22s Sys=0.01s Real=0.12s
[406.601s][info][gc,start       ] GC(1434) Pause Young (Allocation Failure)
[406.738s][info][gc,heap        ] GC(1434) PSYoungGen: 222704K(222720K)->111088K(222720K) Eden: 111616K(111616K)->0K(111616K) From: 111088K(111104K)->111088K(111104K)
[406.738s][info][gc,heap        ] GC(1434) ParOldGen: 554686K(667648K)->567051K(667648K)
[406.738s][info][gc,metaspace   ] GC(1434) Metaspace: 18903K(19136K)->18903K(19136K) NonClass: 16242K(16384K)->16242K(16384K) Class: 2661K(2752K)->2661K(2752K)
[406.738s][info][gc             ] GC(1434) Pause Young (Allocation Failure) 759M->662M(869M) 137.013ms
[406.738s][info][gc,cpu         ] GC(1434) User=0.28s Sys=0.00s Real=0.14s
[406.846s][info][gc,start       ] GC(1435) Pause Young (Allocation Failure)
[406.962s][info][gc,heap        ] GC(1435) PSYoungGen: 222704K(222720K)->41216K(222720K) Eden: 111616K(111616K)->0K(111616K) From: 111088K(111104K)->41216K(111104K)
[406.962s][info][gc,heap        ] GC(1435) ParOldGen: 567051K(667648K)->638447K(667648K)
[406.962s][info][gc,metaspace   ] GC(1435) Metaspace: 18903K(19136K)->18903K(19136K) NonClass: 16242K(16384K)->16242K(16384K) Class: 2661K(2752K)->2661K(2752K)
[406.962s][info][gc             ] GC(1435) Pause Young (Allocation Failure) 771M->663M(869M) 115.365ms
[406.962s][info][gc,cpu         ] GC(1435) User=0.23s Sys=0.00s Real=0.11s
[407.084s][info][gc,start       ] GC(1436) Pause Full (Allocation Failure)
[407.084s][info][gc,phases,start] GC(1436) Marking Phase
[407.463s][info][gc,phases      ] GC(1436) Marking Phase 378.551ms
[407.463s][info][gc,phases,start] GC(1436) Summary Phase
[407.463s][info][gc,phases      ] GC(1436) Summary Phase 0.025ms
[407.463s][info][gc,phases,start] GC(1436) Forward
[407.567s][info][gc,phases      ] GC(1436) Forward 104.220ms
[407.567s][info][gc,phases,start] GC(1436) Adjust Pointers
[407.854s][info][gc,phases      ] GC(1436) Adjust Pointers 287.386ms
[407.854s][info][gc,phases,start] GC(1436) Compaction Phase
[408.011s][info][gc,phases      ] GC(1436) Compaction Phase 156.129ms
[408.020s][info][gc,phases,start] GC(1436) Post Compact
[408.023s][info][gc,phases      ] GC(1436) Post Compact 2.303ms
[408.023s][info][gc,heap        ] GC(1436) PSYoungGen: 152832K(222720K)->0K(222720K) Eden: 111616K(111616K)->0K(111616K) From: 41216K(111104K)->0K(111104K)
[408.023s][info][gc,heap        ] GC(1436) ParOldGen: 638447K(667648K)->515833K(667648K)
[408.023s][info][gc,metaspace   ] GC(1436) Metaspace: 18903K(19136K)->18903K(19136K) NonClass: 16242K(16384K)->16242K(16384K) Class: 2661K(2752K)->2661K(2752K)
[408.023s][info][gc             ] GC(1436) Pause Full (Allocation Failure) 772M->503M(869M) 938.778ms
[408.023s][info][gc,cpu         ] GC(1436) User=1.76s Sys=0.00s Real=0.94s
[408.164s][info][gc,start       ] GC(1437) Pause Young (Allocation Failure)
[408.167s][info][gc,heap        ] GC(1437) PSYoungGen: 111616K(222720K)->416K(222720K) Eden: 111616K(111616K)->0K(111616K) From: 0K(111104K)->416K(111104K)
[408.167s][info][gc,heap        ] GC(1437) ParOldGen: 515833K(667648K)->515833K(667648K)
[408.167s][info][gc,metaspace   ] GC(1437) Metaspace: 18903K(19136K)->18903K(19136K) NonClass: 16242K(16384K)->16242K(16384K) Class: 2661K(2752K)->2661K(2752K)
[408.167s][info][gc             ] GC(1437) Pause Young (Allocation Failure) 612M->504M(869M) 2.442ms
[408.167s][info][gc,cpu         ] GC(1437) User=0.01s Sys=0.00s Real=0.01s
[408.364s][info][gc,start       ] GC(1438) Pause Young (Allocation Failure)
[408.390s][info][gc,heap        ] GC(1438) PSYoungGen: 112032K(222720K)->15120K(222720K) Eden: 111616K(111616K)->0K(111616K) From: 416K(111104K)->15120K(111104K)
[408.390s][info][gc,heap        ] GC(1438) ParOldGen: 515833K(667648K)->515833K(667648K)
[408.390s][info][gc,metaspace   ] GC(1438) Metaspace: 18903K(19136K)->18903K(19136K) NonClass: 16242K(16384K)->16242K(16384K) Class: 2661K(2752K)->2661K(2752K)
[408.390s][info][gc             ] GC(1438) Pause Young (Allocation Failure) 613M->518M(869M) 26.431ms
[408.390s][info][gc,cpu         ] GC(1438) User=0.05s Sys=0.00s Real=0.03s
[408.546s][info][gc,start       ] GC(1439) Pause Young (Allocation Failure)
[408.577s][info][gc,heap        ] GC(1439) PSYoungGen: 126736K(222720K)->27136K(222720K) Eden: 111616K(111616K)->0K(111616K) From: 15120K(111104K)->27136K(111104K)
[408.577s][info][gc,heap        ] GC(1439) ParOldGen: 515833K(667648K)->516249K(667648K)
[408.577s][info][gc,metaspace   ] GC(1439) Metaspace: 18903K(19136K)->18903K(19136K) NonClass: 16242K(16384K)->16242K(16384K) Class: 2661K(2752K)->2661K(2752K)
[408.577s][info][gc             ] GC(1439) Pause Young (Allocation Failure) 627M->530M(869M) 30.576ms
[408.577s][info][gc,cpu         ] GC(1439) User=0.06s Sys=0.00s Real=0.03s
[408.728s][info][gc,start       ] GC(1440) Pause Young (Allocation Failure)
[408.788s][info][gc,heap        ] GC(1440) PSYoungGen: 138752K(222720K)->36032K(222720K) Eden: 111616K(111616K)->0K(111616K) From: 27136K(111104K)->36032K(111104K)
[408.788s][info][gc,heap        ] GC(1440) ParOldGen: 516249K(667648K)->543417K(667648K)
[408.788s][info][gc,metaspace   ] GC(1440) Metaspace: 18903K(19136K)->18903K(19136K) NonClass: 16242K(16384K)->16242K(16384K) Class: 2661K(2752K)->2661K(2752K)
[408.788s][info][gc             ] GC(1440) Pause Young (Allocation Failure) 639M->565M(869M) 59.913ms
[408.788s][info][gc,cpu         ] GC(1440) User=0.11s Sys=0.00s Real=0.06s
[408.961s][info][gc,start       ] GC(1441) Pause Young (Allocation Failure)
[408.999s][info][gc,heap        ] GC(1441) PSYoungGen: 147648K(222720K)->9248K(222720K) Eden: 111616K(111616K)->0K(111616K) From: 36032K(111104K)->9248K(111104K)
[408.999s][info][gc,heap        ] GC(1441) ParOldGen: 543417K(667648K)->579842K(667648K)
[408.999s][info][gc,metaspace   ] GC(1441) Metaspace: 18903K(19136K)->18903K(19136K) NonClass: 16242K(16384K)->16242K(16384K) Class: 2661K(2752K)->2661K(2752K)
[408.999s][info][gc             ] GC(1441) Pause Young (Allocation Failure) 674M->575M(869M) 37.421ms
[408.999s][info][gc,cpu         ] GC(1441) User=0.07s Sys=0.00s Real=0.04s
[409.165s][info][gc,start       ] GC(1442) Pause Young (Allocation Failure)
[409.187s][info][gc,heap        ] GC(1442) PSYoungGen: 120864K(222720K)->6048K(222720K) Eden: 111616K(111616K)->0K(111616K) From: 9248K(111104K)->6048K(111104K)
[409.187s][info][gc,heap        ] GC(1442) ParOldGen: 579842K(667648K)->588874K(667648K)
[409.187s][info][gc,metaspace   ] GC(1442) Metaspace: 18903K(19136K)->18903K(19136K) NonClass: 16242K(16384K)->16242K(16384K) Class: 2661K(2752K)->2661K(2752K)
[409.187s][info][gc             ] GC(1442) Pause Young (Allocation Failure) 684M->580M(869M) 21.856ms
[409.187s][info][gc,cpu         ] GC(1442) User=0.05s Sys=0.00s Real=0.03s
[409.359s][info][gc,start       ] GC(1443) Pause Young (Allocation Failure)
[409.379s][info][gc,heap        ] GC(1443) PSYoungGen: 117664K(222720K)->9280K(222720K) Eden: 111616K(111616K)->0K(111616K) From: 6048K(111104K)->9280K(111104K)
[409.379s][info][gc,heap        ] GC(1443) ParOldGen: 588874K(667648K)->594898K(667648K)
[409.379s][info][gc,metaspace   ] GC(1443) Metaspace: 18903K(19136K)->18903K(19136K) NonClass: 16242K(16384K)->16242K(16384K) Class: 2661K(2752K)->2661K(2752K)
[409.379s][info][gc             ] GC(1443) Pause Young (Allocation Failure) 689M->590M(869M) 19.464ms
[409.379s][info][gc,cpu         ] GC(1443) User=0.04s Sys=0.00s Real=0.02s
[409.493s][info][gc,start       ] GC(1444) Pause Young (Allocation Failure)
[409.516s][info][gc,heap        ] GC(1444) PSYoungGen: 120896K(222720K)->11584K(222720K) Eden: 111616K(111616K)->0K(111616K) From: 9280K(111104K)->11584K(111104K)
[409.516s][info][gc,heap        ] GC(1444) ParOldGen: 594898K(667648K)->604162K(667648K)
[409.516s][info][gc,metaspace   ] GC(1444) Metaspace: 18903K(19136K)->18903K(19136K) NonClass: 16242K(16384K)->16242K(16384K) Class: 2661K(2752K)->2661K(2752K)
[409.516s][info][gc             ] GC(1444) Pause Young (Allocation Failure) 699M->601M(869M) 23.109ms
[409.516s][info][gc,cpu         ] GC(1444) User=0.05s Sys=0.00s Real=0.02s
[409.633s][info][gc,start       ] GC(1445) Pause Young (Allocation Failure)
[409.652s][info][gc,heap        ] GC(1445) PSYoungGen: 123200K(222720K)->2912K(222720K) Eden: 111616K(111616K)->0K(111616K) From: 11584K(111104K)->2912K(111104K)
[409.652s][info][gc,heap        ] GC(1445) ParOldGen: 604162K(667648K)->615746K(667648K)
[409.652s][info][gc,metaspace   ] GC(1445) Metaspace: 18903K(19136K)->18903K(19136K) NonClass: 16242K(16384K)->16242K(16384K) Class: 2661K(2752K)->2661K(2752K)
[409.652s][info][gc             ] GC(1445) Pause Young (Allocation Failure) 710M->604M(869M) 18.219ms
[409.652s][info][gc,cpu         ] GC(1445) User=0.04s Sys=0.00s Real=0.02s
[409.793s][info][gc,start       ] GC(1446) Pause Young (Allocation Failure)
[409.806s][info][gc,heap        ] GC(1446) PSYoungGen: 114528K(222720K)->8672K(222720K) Eden: 111616K(111616K)->0K(111616K) From: 2912K(111104K)->8672K(111104K)
[409.806s][info][gc,heap        ] GC(1446) ParOldGen: 615746K(667648K)->618610K(667648K)
[409.806s][info][gc,metaspace   ] GC(1446) Metaspace: 18903K(19136K)->18903K(19136K) NonClass: 16242K(16384K)->16242K(16384K) Class: 2661K(2752K)->2661K(2752K)
[409.806s][info][gc             ] GC(1446) Pause Young (Allocation Failure) 713M->612M(869M) 13.484ms
[409.807s][info][gc,cpu         ] GC(1446) User=0.02s Sys=0.00s Real=0.02s
[410.055s][info][gc,start       ] GC(1447) Pause Young (Allocation Failure)
[410.072s][info][gc,heap        ] GC(1447) PSYoungGen: 120288K(222720K)->6016K(222720K) Eden: 111616K(111616K)->0K(111616K) From: 8672K(111104K)->6016K(111104K)
[410.072s][info][gc,heap        ] GC(1447) ParOldGen: 618610K(667648K)->627249K(667648K)
[410.072s][info][gc,metaspace   ] GC(1447) Metaspace: 18907K(19136K)->18907K(19136K) NonClass: 16246K(16384K)->16246K(16384K) Class: 2661K(2752K)->2661K(2752K)
[410.073s][info][gc             ] GC(1447) Pause Young (Allocation Failure) 721M->618M(869M) 17.149ms
[410.073s][info][gc,cpu         ] GC(1447) User=0.03s Sys=0.00s Real=0.02s
[410.314s][info][gc,start       ] GC(1448) Pause Full (Allocation Failure)
[410.314s][info][gc,phases,start] GC(1448) Marking Phase
[410.653s][info][gc,phases      ] GC(1448) Marking Phase 338.353ms
[410.653s][info][gc,phases,start] GC(1448) Summary Phase
[410.653s][info][gc,phases      ] GC(1448) Summary Phase 0.026ms
[410.653s][info][gc,phases,start] GC(1448) Forward
[410.787s][info][gc,phases      ] GC(1448) Forward 134.004ms
[410.787s][info][gc,phases,start] GC(1448) Adjust Pointers
[411.053s][info][gc,phases      ] GC(1448) Adjust Pointers 265.601ms
[411.053s][info][gc,phases,start] GC(1448) Compaction Phase
[411.203s][info][gc,phases      ] GC(1448) Compaction Phase 150.346ms
[411.212s][info][gc,phases,start] GC(1448) Post Compact
[411.215s][info][gc,phases      ] GC(1448) Post Compact 2.183ms
[411.215s][info][gc,heap        ] GC(1448) PSYoungGen: 117632K(222720K)->0K(222720K) Eden: 111616K(111616K)->0K(111616K) From: 6016K(111104K)->0K(111104K)
[411.215s][info][gc,heap        ] GC(1448) ParOldGen: 627249K(667648K)->468704K(667648K)
[411.215s][info][gc,metaspace   ] GC(1448) Metaspace: 18907K(19136K)->18907K(19136K) NonClass: 16246K(16384K)->16246K(16384K) Class: 2661K(2752K)->2661K(2752K)
[411.215s][info][gc             ] GC(1448) Pause Full (Allocation Failure) 727M->457M(869M) 900.368ms
[411.215s][info][gc,cpu         ] GC(1448) User=1.69s Sys=0.00s Real=0.90s
[411.459s][info][gc,start       ] GC(1449) Pause Young (Allocation Failure)
[411.460s][info][gc,heap        ] GC(1449) PSYoungGen: 111616K(222720K)->64K(222720K) Eden: 111616K(111616K)->0K(111616K) From: 0K(111104K)->64K(111104K)
[411.460s][info][gc,heap        ] GC(1449) ParOldGen: 468704K(667648K)->468704K(667648K)
[411.460s][info][gc,metaspace   ] GC(1449) Metaspace: 18907K(19136K)->18907K(19136K) NonClass: 16246K(16384K)->16246K(16384K) Class: 2661K(2752K)->2661K(2752K)
[411.461s][info][gc             ] GC(1449) Pause Young (Allocation Failure) 566M->457M(869M) 1.584ms
[411.461s][info][gc,cpu         ] GC(1449) User=0.00s Sys=0.00s Real=0.00s
[411.692s][info][gc,start       ] GC(1450) Pause Young (Allocation Failure)
[411.698s][info][gc,heap        ] GC(1450) PSYoungGen: 111680K(222720K)->64K(222720K) Eden: 111616K(111616K)->0K(111616K) From: 64K(111104K)->64K(111104K)
[411.698s][info][gc,heap        ] GC(1450) ParOldGen: 468704K(667648K)->468720K(667648K)
[411.698s][info][gc,metaspace   ] GC(1450) Metaspace: 18907K(19136K)->18907K(19136K) NonClass: 16246K(16384K)->16246K(16384K) Class: 2661K(2752K)->2661K(2752K)
[411.698s][info][gc             ] GC(1450) Pause Young (Allocation Failure) 566M->457M(869M) 6.560ms
[411.698s][info][gc,cpu         ] GC(1450) User=0.01s Sys=0.00s Real=0.01s
[411.839s][info][gc,start       ] GC(1451) Pause Young (Allocation Failure)
[411.855s][info][gc,heap        ] GC(1451) PSYoungGen: 111680K(222720K)->20352K(212480K) Eden: 111616K(111616K)->0K(111616K) From: 64K(111104K)->20352K(100864K)
[411.855s][info][gc,heap        ] GC(1451) ParOldGen: 468720K(667648K)->468760K(667648K)
[411.855s][info][gc,metaspace   ] GC(1451) Metaspace: 18907K(19136K)->18907K(19136K) NonClass: 16246K(16384K)->16246K(16384K) Class: 2661K(2752K)->2661K(2752K)
[411.855s][info][gc             ] GC(1451) Pause Young (Allocation Failure) 566M->477M(859M) 16.592ms
[411.856s][info][gc,cpu         ] GC(1451) User=0.03s Sys=0.00s Real=0.01s
[411.915s][info][gc,start       ] GC(1452) Pause Young (Allocation Failure)
[411.956s][info][gc,heap        ] GC(1452) PSYoungGen: 131968K(212480K)->60928K(217600K) Eden: 111616K(111616K)->0K(111616K) From: 20352K(100864K)->60928K(105984K)
[411.956s][info][gc,heap        ] GC(1452) ParOldGen: 468760K(667648K)->468760K(667648K)
[411.956s][info][gc,metaspace   ] GC(1452) Metaspace: 18907K(19136K)->18907K(19136K) NonClass: 16246K(16384K)->16246K(16384K) Class: 2661K(2752K)->2661K(2752K)
[411.956s][info][gc             ] GC(1452) Pause Young (Allocation Failure) 586M->517M(864M) 41.089ms
[411.956s][info][gc,cpu         ] GC(1452) User=0.08s Sys=0.00s Real=0.04s
[412.129s][info][gc,start       ] GC(1453) Pause Young (Allocation Failure)
[412.176s][info][gc,heap        ] GC(1453) PSYoungGen: 172544K(217600K)->9408K(223232K) Eden: 111616K(111616K)->0K(116224K) From: 60928K(105984K)->9408K(107008K)
[412.176s][info][gc,heap        ] GC(1453) ParOldGen: 468760K(667648K)->530346K(667648K)
[412.176s][info][gc,metaspace   ] GC(1453) Metaspace: 18907K(19136K)->18907K(19136K) NonClass: 16246K(16384K)->16246K(16384K) Class: 2661K(2752K)->2661K(2752K)
[412.176s][info][gc             ] GC(1453) Pause Young (Allocation Failure) 626M->527M(870M) 46.900ms
[412.176s][info][gc,cpu         ] GC(1453) User=0.09s Sys=0.00s Real=0.04s
[412.331s][info][gc,start       ] GC(1454) Pause Young (Allocation Failure)
[412.368s][info][gc,heap        ] GC(1454) PSYoungGen: 125632K(223232K)->16704K(133120K) Eden: 116224K(116224K)->0K(116224K) From: 9408K(107008K)->16704K(16896K)
[412.368s][info][gc,heap        ] GC(1454) ParOldGen: 530346K(667648K)->530346K(667648K)
[412.368s][info][gc,metaspace   ] GC(1454) Metaspace: 18907K(19136K)->18907K(19136K) NonClass: 16246K(16384K)->16246K(16384K) Class: 2661K(2752K)->2661K(2752K)
[412.368s][info][gc             ] GC(1454) Pause Young (Allocation Failure) 640M->534M(782M) 37.198ms
[412.368s][info][gc,cpu         ] GC(1454) User=0.07s Sys=0.00s Real=0.04s
[412.544s][info][gc,start       ] GC(1455) Pause Young (Allocation Failure)
[412.587s][info][gc,heap        ] GC(1455) PSYoungGen: 132928K(133120K)->27904K(216064K) Eden: 116224K(116224K)->0K(124416K) From: 16704K(16896K)->27904K(91648K)
[412.587s][info][gc,heap        ] GC(1455) ParOldGen: 530346K(667648K)->530346K(667648K)
[412.587s][info][gc,metaspace   ] GC(1455) Metaspace: 18907K(19136K)->18907K(19136K) NonClass: 16246K(16384K)->16246K(16384K) Class: 2661K(2752K)->2661K(2752K)
[412.587s][info][gc             ] GC(1455) Pause Young (Allocation Failure) 647M->545M(863M) 42.338ms
[412.587s][info][gc,cpu         ] GC(1455) User=0.09s Sys=0.00s Real=0.05s
[412.757s][info][gc,start       ] GC(1456) Pause Young (Allocation Failure)
[412.804s][info][gc,heap        ] GC(1456) PSYoungGen: 152320K(216064K)->41001K(218112K) Eden: 124416K(124416K)->0K(124416K) From: 27904K(91648K)->41001K(93696K)
[412.804s][info][gc,heap        ] GC(1456) ParOldGen: 530346K(667648K)->530346K(667648K)
[412.804s][info][gc,metaspace   ] GC(1456) Metaspace: 18907K(19136K)->18907K(19136K) NonClass: 16246K(16384K)->16246K(16384K) Class: 2661K(2752K)->2661K(2752K)
[412.804s][info][gc             ] GC(1456) Pause Young (Allocation Failure) 666M->557M(865M) 46.627ms
[412.804s][info][gc,cpu         ] GC(1456) User=0.10s Sys=0.00s Real=0.04s
[412.865s][info][gc,start       ] GC(1457) Pause Young (Allocation Failure)
[412.941s][info][gc,heap        ] GC(1457) PSYoungGen: 165417K(218112K)->82761K(211456K) Eden: 124416K(124416K)->0K(118784K) From: 41001K(93696K)->82761K(92672K)
[412.941s][info][gc,heap        ] GC(1457) ParOldGen: 530346K(667648K)->530346K(667648K)
[412.941s][info][gc,metaspace   ] GC(1457) Metaspace: 18907K(19136K)->18907K(19136K) NonClass: 16246K(16384K)->16246K(16384K) Class: 2661K(2752K)->2661K(2752K)
[412.941s][info][gc             ] GC(1457) Pause Young (Allocation Failure) 679M->598M(858M) 75.999ms
[412.941s][info][gc,cpu         ] GC(1457) User=0.15s Sys=0.00s Real=0.08s
[413.097s][info][gc,start       ] GC(1458) Pause Young (Allocation Failure)
[413.178s][info][gc,heap        ] GC(1458) PSYoungGen: 201545K(211456K)->97801K(217088K) Eden: 118784K(118784K)->0K(118784K) From: 82761K(92672K)->97801K(98304K)
[413.178s][info][gc,heap        ] GC(1458) ParOldGen: 530346K(667648K)->530346K(667648K)
[413.178s][info][gc,metaspace   ] GC(1458) Metaspace: 18907K(19136K)->18907K(19136K) NonClass: 16246K(16384K)->16246K(16384K) Class: 2661K(2752K)->2661K(2752K)
[413.178s][info][gc             ] GC(1458) Pause Young (Allocation Failure) 714M->613M(864M) 80.709ms
[413.178s][info][gc,cpu         ] GC(1458) User=0.16s Sys=0.00s Real=0.08s
[413.275s][info][gc,start       ] GC(1459) Pause Young (Allocation Failure)
[413.358s][info][gc,heap        ] GC(1459) PSYoungGen: 216585K(217088K)->83673K(222720K) Eden: 118784K(118784K)->0K(111616K) From: 97801K(98304K)->83673K(111104K)
[413.358s][info][gc,heap        ] GC(1459) ParOldGen: 530346K(667648K)->546570K(667648K)
[413.358s][info][gc,metaspace   ] GC(1459) Metaspace: 18907K(19136K)->18907K(19136K) NonClass: 16246K(16384K)->16246K(16384K) Class: 2661K(2752K)->2661K(2752K)
[413.358s][info][gc             ] GC(1459) Pause Young (Allocation Failure) 729M->615M(869M) 83.163ms
[413.358s][info][gc,cpu         ] GC(1459) User=0.17s Sys=0.00s Real=0.09s
[413.514s][info][gc,start       ] GC(1460) Pause Young (Allocation Failure)
[413.604s][info][gc,heap        ] GC(1460) PSYoungGen: 195289K(222720K)->75616K(222720K) Eden: 111616K(111616K)->0K(111616K) From: 83673K(111104K)->75616K(111104K)
[413.604s][info][gc,heap        ] GC(1460) ParOldGen: 546570K(667648K)->571580K(667648K)
[413.604s][info][gc,metaspace   ] GC(1460) Metaspace: 18907K(19136K)->18907K(19136K) NonClass: 16246K(16384K)->16246K(16384K) Class: 2661K(2752K)->2661K(2752K)
[413.604s][info][gc             ] GC(1460) Pause Young (Allocation Failure) 724M->632M(869M) 90.835ms
[413.604s][info][gc,cpu         ] GC(1460) User=0.18s Sys=0.00s Real=0.09s
[413.760s][info][gc,start       ] GC(1461) Pause Young (Allocation Failure)
[413.831s][info][gc,heap        ] GC(1461) PSYoungGen: 187232K(222720K)->18848K(222720K) Eden: 111616K(111616K)->0K(111616K) From: 75616K(111104K)->18848K(111104K)
[413.831s][info][gc,heap        ] GC(1461) ParOldGen: 571580K(667648K)->628987K(667648K)
[413.831s][info][gc,metaspace   ] GC(1461) Metaspace: 18907K(19136K)->18907K(19136K) NonClass: 16246K(16384K)->16246K(16384K) Class: 2661K(2752K)->2661K(2752K)
[413.831s][info][gc             ] GC(1461) Pause Young (Allocation Failure) 741M->632M(869M) 71.006ms
[413.831s][info][gc,cpu         ] GC(1461) User=0.14s Sys=0.00s Real=0.07s
[413.986s][info][gc,start       ] GC(1462) Pause Full (Allocation Failure)
[413.986s][info][gc,phases,start] GC(1462) Marking Phase
[414.309s][info][gc,phases      ] GC(1462) Marking Phase 322.795ms
[414.309s][info][gc,phases,start] GC(1462) Summary Phase
[414.309s][info][gc,phases      ] GC(1462) Summary Phase 0.025ms
[414.309s][info][gc,phases,start] GC(1462) Forward
[414.436s][info][gc,phases      ] GC(1462) Forward 127.215ms
[414.436s][info][gc,phases,start] GC(1462) Adjust Pointers
[414.708s][info][gc,phases      ] GC(1462) Adjust Pointers 271.467ms
[414.708s][info][gc,phases,start] GC(1462) Compaction Phase
[414.854s][info][gc,phases      ] GC(1462) Compaction Phase 145.913ms
[414.868s][info][gc,phases,start] GC(1462) Post Compact
[414.870s][info][gc,phases      ] GC(1462) Post Compact 2.249ms
[414.870s][info][gc,heap        ] GC(1462) PSYoungGen: 130464K(222720K)->0K(222720K) Eden: 111616K(111616K)->0K(111616K) From: 18848K(111104K)->0K(111104K)
[414.870s][info][gc,heap        ] GC(1462) ParOldGen: 628987K(667648K)->482196K(667648K)
[414.870s][info][gc,metaspace   ] GC(1462) Metaspace: 18907K(19136K)->18907K(19136K) NonClass: 16246K(16384K)->16246K(16384K) Class: 2661K(2752K)->2661K(2752K)
[414.870s][info][gc             ] GC(1462) Pause Full (Allocation Failure) 741M->470M(869M) 884.306ms
[414.870s][info][gc,cpu         ] GC(1462) User=1.66s Sys=0.00s Real=0.89s
[415.028s][info][gc,start       ] GC(1463) Pause Young (Allocation Failure)
[415.029s][info][gc,heap        ] GC(1463) PSYoungGen: 111616K(222720K)->64K(222720K) Eden: 111616K(111616K)->0K(111616K) From: 0K(111104K)->64K(111104K)
[415.029s][info][gc,heap        ] GC(1463) ParOldGen: 482196K(667648K)->482196K(667648K)
[415.029s][info][gc,metaspace   ] GC(1463) Metaspace: 18907K(19136K)->18907K(19136K) NonClass: 16246K(16384K)->16246K(16384K) Class: 2661K(2752K)->2661K(2752K)
[415.029s][info][gc             ] GC(1463) Pause Young (Allocation Failure) 579M->470M(869M) 1.872ms
[415.030s][info][gc,cpu         ] GC(1463) User=0.00s Sys=0.00s Real=0.00s
[415.186s][info][gc,start       ] GC(1464) Pause Young (Allocation Failure)
[415.187s][info][gc,heap        ] GC(1464) PSYoungGen: 111680K(222720K)->64K(222720K) Eden: 111616K(111616K)->0K(111616K) From: 64K(111104K)->64K(111104K)
[415.187s][info][gc,heap        ] GC(1464) ParOldGen: 482196K(667648K)->482204K(667648K)
[415.187s][info][gc,metaspace   ] GC(1464) Metaspace: 18907K(19136K)->18907K(19136K) NonClass: 16246K(16384K)->16246K(16384K) Class: 2661K(2752K)->2661K(2752K)
[415.187s][info][gc             ] GC(1464) Pause Young (Allocation Failure) 579M->470M(869M) 1.654ms
[415.187s][info][gc,cpu         ] GC(1464) User=0.00s Sys=0.00s Real=0.01s
[415.343s][info][gc,start       ] GC(1465) Pause Young (Allocation Failure)
[415.345s][info][gc,heap        ] GC(1465) PSYoungGen: 111680K(222720K)->64K(222720K) Eden: 111616K(111616K)->0K(111616K) From: 64K(111104K)->64K(111104K)
[415.345s][info][gc,heap        ] GC(1465) ParOldGen: 482204K(667648K)->482204K(667648K)
[415.345s][info][gc,metaspace   ] GC(1465) Metaspace: 18907K(19136K)->18907K(19136K) NonClass: 16246K(16384K)->16246K(16384K) Class: 2661K(2752K)->2661K(2752K)
[415.345s][info][gc             ] GC(1465) Pause Young (Allocation Failure) 579M->470M(869M) 1.700ms
[415.345s][info][gc,cpu         ] GC(1465) User=0.01s Sys=0.00s Real=0.00s
[415.514s][info][gc,start       ] GC(1466) Pause Young (Allocation Failure)
[415.516s][info][gc,heap        ] GC(1466) PSYoungGen: 111680K(222720K)->64K(222720K) Eden: 111616K(111616K)->0K(111616K) From: 64K(111104K)->64K(111104K)
[415.516s][info][gc,heap        ] GC(1466) ParOldGen: 482204K(667648K)->482204K(667648K)
[415.516s][info][gc,metaspace   ] GC(1466) Metaspace: 18907K(19136K)->18907K(19136K) NonClass: 16246K(16384K)->16246K(16384K) Class: 2661K(2752K)->2661K(2752K)
[415.516s][info][gc             ] GC(1466) Pause Young (Allocation Failure) 579M->470M(869M) 1.736ms
[415.516s][info][gc,cpu         ] GC(1466) User=0.00s Sys=0.00s Real=0.00s
[415.684s][info][gc,start       ] GC(1467) Pause Young (Allocation Failure)
[415.686s][info][gc,heap        ] GC(1467) PSYoungGen: 111680K(222720K)->64K(222720K) Eden: 111616K(111616K)->0K(111616K) From: 64K(111104K)->64K(111104K)
[415.686s][info][gc,heap        ] GC(1467) ParOldGen: 482204K(667648K)->482204K(667648K)
[415.686s][info][gc,metaspace   ] GC(1467) Metaspace: 18907K(19136K)->18907K(19136K) NonClass: 16246K(16384K)->16246K(16384K) Class: 2661K(2752K)->2661K(2752K)
[415.686s][info][gc             ] GC(1467) Pause Young (Allocation Failure) 579M->470M(869M) 1.730ms
[415.686s][info][gc,cpu         ] GC(1467) User=0.00s Sys=0.01s Real=0.01s
[415.808s][info][gc,start       ] GC(1468) Pause Young (Allocation Failure)
[415.828s][info][gc,heap        ] GC(1468) PSYoungGen: 111680K(222720K)->17632K(129536K) Eden: 111616K(111616K)->0K(111616K) From: 64K(111104K)->17632K(17920K)
[415.829s][info][gc,heap        ] GC(1468) ParOldGen: 482204K(667648K)->482204K(667648K)
[415.829s][info][gc,metaspace   ] GC(1468) Metaspace: 18907K(19136K)->18907K(19136K) NonClass: 16246K(16384K)->16246K(16384K) Class: 2661K(2752K)->2661K(2752K)
[415.829s][info][gc             ] GC(1468) Pause Young (Allocation Failure) 579M->488M(778M) 20.936ms
[415.829s][info][gc,cpu         ] GC(1468) User=0.04s Sys=0.00s Real=0.02s
[415.954s][info][gc,start       ] GC(1469) Pause Young (Allocation Failure)
[415.987s][info][gc,heap        ] GC(1469) PSYoungGen: 129248K(129536K)->31392K(220160K) Eden: 111616K(111616K)->0K(117760K) From: 17632K(17920K)->31392K(102400K)
[415.987s][info][gc,heap        ] GC(1469) ParOldGen: 482204K(667648K)->482204K(667648K)
[415.987s][info][gc,metaspace   ] GC(1469) Metaspace: 18907K(19136K)->18907K(19136K) NonClass: 16246K(16384K)->16246K(16384K) Class: 2661K(2752K)->2661K(2752K)
[415.987s][info][gc             ] GC(1469) Pause Young (Allocation Failure) 597M->501M(867M) 32.691ms
[415.987s][info][gc,cpu         ] GC(1469) User=0.06s Sys=0.00s Real=0.04s
[416.067s][info][gc,start       ] GC(1470) Pause Young (Allocation Failure)
[416.103s][info][gc,heap        ] GC(1470) PSYoungGen: 149152K(220160K)->35296K(220160K) Eden: 117760K(117760K)->0K(117760K) From: 31392K(102400K)->35296K(102400K)
[416.103s][info][gc,heap        ] GC(1470) ParOldGen: 482204K(667648K)->482204K(667648K)
[416.103s][info][gc,metaspace   ] GC(1470) Metaspace: 18907K(19136K)->18907K(19136K) NonClass: 16246K(16384K)->16246K(16384K) Class: 2661K(2752K)->2661K(2752K)
[416.103s][info][gc             ] GC(1470) Pause Young (Allocation Failure) 616M->505M(867M) 35.793ms
[416.103s][info][gc,cpu         ] GC(1470) User=0.07s Sys=0.00s Real=0.03s
[416.216s][info][gc,start       ] GC(1471) Pause Young (Allocation Failure)
[416.253s][info][gc,heap        ] GC(1471) PSYoungGen: 153056K(220160K)->36512K(218112K) Eden: 117760K(117760K)->0K(126464K) From: 35296K(102400K)->36512K(91648K)
[416.253s][info][gc,heap        ] GC(1471) ParOldGen: 482204K(667648K)->482204K(667648K)
[416.253s][info][gc,metaspace   ] GC(1471) Metaspace: 18907K(19136K)->18907K(19136K) NonClass: 16246K(16384K)->16246K(16384K) Class: 2661K(2752K)->2661K(2752K)
[416.253s][info][gc             ] GC(1471) Pause Young (Allocation Failure) 620M->506M(865M) 36.743ms
[416.253s][info][gc,cpu         ] GC(1471) User=0.07s Sys=0.00s Real=0.03s
[416.374s][info][gc,start       ] GC(1472) Pause Young (Allocation Failure)
[416.414s][info][gc,heap        ] GC(1472) PSYoungGen: 162976K(218112K)->39872K(221184K) Eden: 126464K(126464K)->0K(126464K) From: 36512K(91648K)->39872K(94720K)
[416.414s][info][gc,heap        ] GC(1472) ParOldGen: 482204K(667648K)->482204K(667648K)
[416.414s][info][gc,metaspace   ] GC(1472) Metaspace: 18907K(19136K)->18907K(19136K) NonClass: 16246K(16384K)->16246K(16384K) Class: 2661K(2752K)->2661K(2752K)
[416.414s][info][gc             ] GC(1472) Pause Young (Allocation Failure) 630M->509M(868M) 40.633ms
[416.414s][info][gc,cpu         ] GC(1472) User=0.08s Sys=0.00s Real=0.04s
[416.513s][info][gc,start       ] GC(1473) Pause Young (Allocation Failure)
[416.554s][info][gc,heap        ] GC(1473) PSYoungGen: 166336K(221184K)->39904K(225792K) Eden: 126464K(126464K)->0K(136704K) From: 39872K(94720K)->39904K(89088K)
[416.554s][info][gc,heap        ] GC(1473) ParOldGen: 482204K(667648K)->482204K(667648K)
[416.554s][info][gc,metaspace   ] GC(1473) Metaspace: 18907K(19136K)->18907K(19136K) NonClass: 16246K(16384K)->16246K(16384K) Class: 2661K(2752K)->2661K(2752K)
[416.554s][info][gc             ] GC(1473) Pause Young (Allocation Failure) 633M->509M(872M) 40.826ms
[416.554s][info][gc,cpu         ] GC(1473) User=0.08s Sys=0.00s Real=0.04s
[416.714s][info][gc,start       ] GC(1474) Pause Young (Allocation Failure)
[416.773s][info][gc,heap        ] GC(1474) PSYoungGen: 176608K(225792K)->59168K(227328K) Eden: 136704K(136704K)->0K(136704K) From: 39904K(89088K)->59168K(90624K)
[416.773s][info][gc,heap        ] GC(1474) ParOldGen: 482204K(667648K)->482204K(667648K)
[416.773s][info][gc,metaspace   ] GC(1474) Metaspace: 18907K(19136K)->18907K(19136K) NonClass: 16246K(16384K)->16246K(16384K) Class: 2661K(2752K)->2661K(2752K)
[416.773s][info][gc             ] GC(1474) Pause Young (Allocation Failure) 643M->528M(874M) 58.901ms
[416.773s][info][gc,cpu         ] GC(1474) User=0.12s Sys=0.00s Real=0.06s
[416.870s][info][gc,start       ] GC(1475) Pause Young (Allocation Failure)
[416.959s][info][gc,heap        ] GC(1475) PSYoungGen: 195872K(227328K)->85344K(211968K) Eden: 136704K(136704K)->0K(116736K) From: 59168K(90624K)->85344K(95232K)
[416.959s][info][gc,heap        ] GC(1475) ParOldGen: 482204K(667648K)->482204K(667648K)
[416.959s][info][gc,metaspace   ] GC(1475) Metaspace: 18907K(19136K)->18907K(19136K) NonClass: 16246K(16384K)->16246K(16384K) Class: 2661K(2752K)->2661K(2752K)
[416.959s][info][gc             ] GC(1475) Pause Young (Allocation Failure) 662M->554M(859M) 89.356ms
[416.959s][info][gc,cpu         ] GC(1475) User=0.17s Sys=0.01s Real=0.09s
[417.083s][info][gc,start       ] GC(1476) Pause Young (Allocation Failure)
[417.190s][info][gc,heap        ] GC(1476) PSYoungGen: 202080K(211968K)->98384K(215552K) Eden: 116736K(116736K)->0K(116736K) From: 85344K(95232K)->98384K(98816K)
[417.190s][info][gc,heap        ] GC(1476) ParOldGen: 482204K(667648K)->482204K(667648K)
[417.190s][info][gc,metaspace   ] GC(1476) Metaspace: 18907K(19136K)->18907K(19136K) NonClass: 16246K(16384K)->16246K(16384K) Class: 2661K(2752K)->2661K(2752K)
[417.190s][info][gc             ] GC(1476) Pause Young (Allocation Failure) 668M->566M(862M) 107.031ms
[417.190s][info][gc,cpu         ] GC(1476) User=0.21s Sys=0.00s Real=0.11s
[417.332s][info][gc,start       ] GC(1477) Pause Young (Allocation Failure)
[417.428s][info][gc,heap        ] GC(1477) PSYoungGen: 215120K(215552K)->68544K(222720K) Eden: 116736K(116736K)->0K(111616K) From: 98384K(98816K)->68544K(111104K)
[417.428s][info][gc,heap        ] GC(1477) ParOldGen: 482204K(667648K)->513636K(667648K)
[417.428s][info][gc,metaspace   ] GC(1477) Metaspace: 18907K(19136K)->18907K(19136K) NonClass: 16246K(16384K)->16246K(16384K) Class: 2661K(2752K)->2661K(2752K)
[417.428s][info][gc             ] GC(1477) Pause Young (Allocation Failure) 680M->568M(869M) 96.285ms
[417.428s][info][gc,cpu         ] GC(1477) User=0.20s Sys=0.00s Real=0.10s
[417.559s][info][gc,start       ] GC(1478) Pause Young (Allocation Failure)
[417.630s][info][gc,heap        ] GC(1478) PSYoungGen: 180160K(222720K)->66816K(222720K) Eden: 111616K(111616K)->0K(111616K) From: 68544K(111104K)->66816K(111104K)
[417.630s][info][gc,heap        ] GC(1478) ParOldGen: 513636K(667648K)->518788K(667648K)
[417.630s][info][gc,metaspace   ] GC(1478) Metaspace: 18907K(19136K)->18907K(19136K) NonClass: 16246K(16384K)->16246K(16384K) Class: 2661K(2752K)->2661K(2752K)
[417.630s][info][gc             ] GC(1478) Pause Young (Allocation Failure) 677M->571M(869M) 70.732ms
[417.630s][info][gc,cpu         ] GC(1478) User=0.14s Sys=0.00s Real=0.07s
[417.741s][info][gc,start       ] GC(1479) Pause Young (Allocation Failure)
[417.812s][info][gc,heap        ] GC(1479) PSYoungGen: 178432K(222720K)->63456K(222720K) Eden: 111616K(111616K)->0K(111616K) From: 66816K(111104K)->63456K(111104K)
[417.812s][info][gc,heap        ] GC(1479) ParOldGen: 518788K(667648K)->522188K(667648K)
[417.812s][info][gc,metaspace   ] GC(1479) Metaspace: 18907K(19136K)->18907K(19136K) NonClass: 16246K(16384K)->16246K(16384K) Class: 2661K(2752K)->2661K(2752K)
[417.812s][info][gc             ] GC(1479) Pause Young (Allocation Failure) 680M->571M(869M) 71.091ms
[417.812s][info][gc,cpu         ] GC(1479) User=0.14s Sys=0.00s Real=0.07s
[417.984s][info][gc,start       ] GC(1480) Pause Young (Allocation Failure)
[418.069s][info][gc,heap        ] GC(1480) PSYoungGen: 175072K(222720K)->38048K(222720K) Eden: 111616K(111616K)->0K(111616K) From: 63456K(111104K)->38048K(111104K)
[418.069s][info][gc,heap        ] GC(1480) ParOldGen: 522188K(667648K)->567701K(667648K)
[418.069s][info][gc,metaspace   ] GC(1480) Metaspace: 18907K(19136K)->18907K(19136K) NonClass: 16246K(16384K)->16246K(16384K) Class: 2661K(2752K)->2661K(2752K)
[418.069s][info][gc             ] GC(1480) Pause Young (Allocation Failure) 680M->591M(869M) 84.341ms
[418.069s][info][gc,cpu         ] GC(1480) User=0.16s Sys=0.00s Real=0.09s
[418.329s][info][gc,start       ] GC(1481) Pause Young (Allocation Failure)
[418.373s][info][gc,heap        ] GC(1481) PSYoungGen: 149664K(222720K)->26944K(222720K) Eden: 111616K(111616K)->0K(111616K) From: 38048K(111104K)->26944K(111104K)
[418.373s][info][gc,heap        ] GC(1481) ParOldGen: 567701K(667648K)->582301K(667648K)
[418.373s][info][gc,metaspace   ] GC(1481) Metaspace: 18907K(19136K)->18907K(19136K) NonClass: 16246K(16384K)->16246K(16384K) Class: 2661K(2752K)->2661K(2752K)
[418.373s][info][gc             ] GC(1481) Pause Young (Allocation Failure) 700M->594M(869M) 43.866ms
[418.373s][info][gc,cpu         ] GC(1481) User=0.09s Sys=0.00s Real=0.04s
[418.679s][info][gc,start       ] GC(1482) Pause Young (Allocation Failure)
[418.708s][info][gc,heap        ] GC(1482) PSYoungGen: 138560K(222720K)->23536K(222720K) Eden: 111616K(111616K)->0K(111616K) From: 26944K(111104K)->23536K(111104K)
[418.708s][info][gc,heap        ] GC(1482) ParOldGen: 582301K(667648K)->585749K(667648K)
[418.708s][info][gc,metaspace   ] GC(1482) Metaspace: 18907K(19136K)->18907K(19136K) NonClass: 16246K(16384K)->16246K(16384K) Class: 2661K(2752K)->2661K(2752K)
[418.708s][info][gc             ] GC(1482) Pause Young (Allocation Failure) 703M->595M(869M) 28.247ms
[418.708s][info][gc,cpu         ] GC(1482) User=0.06s Sys=0.00s Real=0.03s
[419.010s][info][gc,start       ] GC(1483) Pause Young (Allocation Failure)
[419.035s][info][gc,heap        ] GC(1483) PSYoungGen: 135152K(222720K)->96K(222720K) Eden: 111616K(111616K)->0K(111616K) From: 23536K(111104K)->96K(111104K)
[419.035s][info][gc,heap        ] GC(1483) ParOldGen: 585749K(667648K)->609245K(667648K)
[419.035s][info][gc,metaspace   ] GC(1483) Metaspace: 18907K(19136K)->18907K(19136K) NonClass: 16246K(16384K)->16246K(16384K) Class: 2661K(2752K)->2661K(2752K)
[419.035s][info][gc             ] GC(1483) Pause Young (Allocation Failure) 704M->595M(869M) 25.415ms
[419.035s][info][gc,cpu         ] GC(1483) User=0.05s Sys=0.00s Real=0.02s
[419.290s][info][gc,start       ] GC(1484) Pause Young (Allocation Failure)
[419.292s][info][gc,heap        ] GC(1484) PSYoungGen: 111712K(222720K)->64K(222720K) Eden: 111616K(111616K)->0K(111616K) From: 96K(111104K)->64K(111104K)
[419.292s][info][gc,heap        ] GC(1484) ParOldGen: 609245K(667648K)->609333K(667648K)
[419.292s][info][gc,metaspace   ] GC(1484) Metaspace: 18907K(19136K)->18907K(19136K) NonClass: 16246K(16384K)->16246K(16384K) Class: 2661K(2752K)->2661K(2752K)
[419.292s][info][gc             ] GC(1484) Pause Young (Allocation Failure) 704M->595M(869M) 2.463ms
[419.292s][info][gc,cpu         ] GC(1484) User=0.01s Sys=0.00s Real=0.00s
[419.553s][info][gc,start       ] GC(1485) Pause Young (Allocation Failure)
[419.555s][info][gc,heap        ] GC(1485) PSYoungGen: 111680K(222720K)->64K(221696K) Eden: 111616K(111616K)->0K(111616K) From: 64K(111104K)->64K(110080K)
[419.555s][info][gc,heap        ] GC(1485) ParOldGen: 609333K(667648K)->609349K(667648K)
[419.555s][info][gc,metaspace   ] GC(1485) Metaspace: 18907K(19136K)->18907K(19136K) NonClass: 16246K(16384K)->16246K(16384K) Class: 2661K(2752K)->2661K(2752K)
[419.555s][info][gc             ] GC(1485) Pause Young (Allocation Failure) 704M->595M(868M) 2.024ms
[419.555s][info][gc,cpu         ] GC(1485) User=0.00s Sys=0.00s Real=0.00s
[419.809s][info][gc,start       ] GC(1486) Pause Young (Allocation Failure)
[419.811s][info][gc,heap        ] GC(1486) PSYoungGen: 111680K(221696K)->608K(112640K) Eden: 111616K(111616K)->0K(111616K) From: 64K(110080K)->608K(1024K)
[419.811s][info][gc,heap        ] GC(1486) ParOldGen: 609349K(667648K)->609349K(667648K)
[419.811s][info][gc,metaspace   ] GC(1486) Metaspace: 18907K(19136K)->18907K(19136K) NonClass: 16246K(16384K)->16246K(16384K) Class: 2661K(2752K)->2661K(2752K)
[419.811s][info][gc             ] GC(1486) Pause Young (Allocation Failure) 704M->595M(762M) 2.687ms
[419.811s][info][gc,cpu         ] GC(1486) User=0.01s Sys=0.00s Real=0.00s
[420.100s][info][gc,start       ] GC(1487) Pause Young (Allocation Failure)
[420.102s][info][gc,heap        ] GC(1487) PSYoungGen: 112224K(112640K)->64K(220160K) Eden: 111616K(111616K)->0K(115712K) From: 608K(1024K)->64K(104448K)
[420.102s][info][gc,heap        ] GC(1487) ParOldGen: 609349K(667648K)->609349K(667648K)
[420.102s][info][gc,metaspace   ] GC(1487) Metaspace: 18907K(19136K)->18907K(19136K) NonClass: 16246K(16384K)->16246K(16384K) Class: 2661K(2752K)->2661K(2752K)
[420.102s][info][gc             ] GC(1487) Pause Young (Allocation Failure) 704M->595M(867M) 2.216ms
[420.102s][info][gc,cpu         ] GC(1487) User=0.00s Sys=0.00s Real=0.00s
[420.331s][info][gc,start       ] GC(1488) Pause Young (Allocation Failure)
[420.336s][info][gc,heap        ] GC(1488) PSYoungGen: 115776K(220160K)->2208K(220672K) Eden: 115712K(115712K)->0K(115712K) From: 64K(104448K)->2208K(104960K)
[420.336s][info][gc,heap        ] GC(1488) ParOldGen: 609349K(667648K)->609349K(667648K)
[420.336s][info][gc,metaspace   ] GC(1488) Metaspace: 18907K(19136K)->18907K(19136K) NonClass: 16246K(16384K)->16246K(16384K) Class: 2661K(2752K)->2661K(2752K)
[420.336s][info][gc             ] GC(1488) Pause Young (Allocation Failure) 708M->597M(867M) 4.424ms
[420.336s][info][gc,cpu         ] GC(1488) User=0.01s Sys=0.00s Real=0.00s
[420.453s][info][gc,start       ] GC(1489) Pause Young (Allocation Failure)
[420.482s][info][gc,heap        ] GC(1489) PSYoungGen: 117920K(220672K)->37696K(218624K) Eden: 115712K(115712K)->0K(120832K) From: 2208K(104960K)->37696K(97792K)
[420.482s][info][gc,heap        ] GC(1489) ParOldGen: 609349K(667648K)->609349K(667648K)
[420.482s][info][gc,metaspace   ] GC(1489) Metaspace: 18907K(19136K)->18907K(19136K) NonClass: 16246K(16384K)->16246K(16384K) Class: 2661K(2752K)->2661K(2752K)
[420.482s][info][gc             ] GC(1489) Pause Young (Allocation Failure) 710M->631M(865M) 28.753ms
[420.482s][info][gc,cpu         ] GC(1489) User=0.06s Sys=0.00s Real=0.03s
[420.613s][info][gc,start       ] GC(1490) Pause Young (Allocation Failure)
[420.661s][info][gc,heap        ] GC(1490) PSYoungGen: 158528K(218624K)->71424K(219648K) Eden: 120832K(120832K)->0K(120832K) From: 37696K(97792K)->71424K(98816K)
[420.661s][info][gc,heap        ] GC(1490) ParOldGen: 609349K(667648K)->609349K(667648K)
[420.661s][info][gc,metaspace   ] GC(1490) Metaspace: 18907K(19136K)->18907K(19136K) NonClass: 16246K(16384K)->16246K(16384K) Class: 2661K(2752K)->2661K(2752K)
[420.661s][info][gc             ] GC(1490) Pause Young (Allocation Failure) 749M->664M(866M) 48.509ms
[420.661s][info][gc,cpu         ] GC(1490) User=0.09s Sys=0.00s Real=0.05s
[420.785s][info][gc,start       ] GC(1491) Pause Young (Allocation Failure)
[420.833s][info][gc,heap        ] GC(1491) PSYoungGen: 192256K(219648K)->74080K(220160K) Eden: 120832K(120832K)->0K(111616K) From: 71424K(98816K)->74080K(108544K)
[420.833s][info][gc,heap        ] GC(1491) ParOldGen: 609349K(667648K)->609349K(667648K)
[420.833s][info][gc,metaspace   ] GC(1491) Metaspace: 18907K(19136K)->18907K(19136K) NonClass: 16246K(16384K)->16246K(16384K) Class: 2661K(2752K)->2661K(2752K)
[420.833s][info][gc             ] GC(1491) Pause Young (Allocation Failure) 782M->667M(867M) 47.877ms
[420.833s][info][gc,cpu         ] GC(1491) User=0.09s Sys=0.00s Real=0.05s
[421.041s][info][gc,start       ] GC(1492) Pause Young (Allocation Failure)
[421.119s][info][gc,heap        ] GC(1492) PSYoungGen: 185696K(220160K)->91398K(222720K) Eden: 111616K(111616K)->0K(111616K) From: 74080K(108544K)->91398K(111104K)
[421.119s][info][gc,heap        ] GC(1492) ParOldGen: 609349K(667648K)->609365K(667648K)
[421.119s][info][gc,metaspace   ] GC(1492) Metaspace: 18907K(19136K)->18907K(19136K) NonClass: 16246K(16384K)->16246K(16384K) Class: 2661K(2752K)->2661K(2752K)
[421.119s][info][gc             ] GC(1492) Pause Young (Allocation Failure) 776M->684M(869M) 77.944ms
[421.119s][info][gc,cpu         ] GC(1492) User=0.16s Sys=0.00s Real=0.08s
[421.289s][info][gc,start       ] GC(1493) Pause Young (Allocation Failure)
[421.375s][info][gc,heap        ] GC(1493) PSYoungGen: 203014K(222720K)->91366K(222720K) Eden: 111616K(111616K)->0K(111616K) From: 91398K(111104K)->91366K(111104K)
[421.375s][info][gc,heap        ] GC(1493) ParOldGen: 609365K(667648K)->611549K(667648K)
[421.375s][info][gc,metaspace   ] GC(1493) Metaspace: 18907K(19136K)->18907K(19136K) NonClass: 16246K(16384K)->16246K(16384K) Class: 2661K(2752K)->2661K(2752K)
[421.375s][info][gc             ] GC(1493) Pause Young (Allocation Failure) 793M->686M(869M) 86.687ms
[421.375s][info][gc,cpu         ] GC(1493) User=0.17s Sys=0.00s Real=0.08s
[421.458s][info][gc,start       ] GC(1494) Pause Young (Allocation Failure)
[421.566s][info][gc,promotion   ] GC(1494) Promotion failed
[421.566s][info][gc,heap        ] GC(1494) PSYoungGen: 202982K(222720K)->202982K(222720K) Eden: 111616K(111616K)->111616K(111616K) From: 91366K(111104K)->91366K(111104K)
[421.566s][info][gc,heap        ] GC(1494) ParOldGen: 611549K(667648K)->667644K(667648K)
[421.566s][info][gc,metaspace   ] GC(1494) Metaspace: 18907K(19136K)->18907K(19136K) NonClass: 16246K(16384K)->16246K(16384K) Class: 2661K(2752K)->2661K(2752K)
[421.566s][info][gc             ] GC(1494) Pause Young (Allocation Failure) 795M->850M(869M) 108.042ms
[421.566s][info][gc,cpu         ] GC(1494) User=0.21s Sys=0.00s Real=0.10s
[421.566s][info][gc,start       ] GC(1495) Pause Full (Allocation Failure)
[421.566s][info][gc,phases,start] GC(1495) Marking Phase
[421.786s][info][gc,phases      ] GC(1495) Marking Phase 220.054ms
[421.786s][info][gc,phases,start] GC(1495) Summary Phase
[421.786s][info][gc,phases      ] GC(1495) Summary Phase 0.029ms
[421.786s][info][gc,phases,start] GC(1495) Forward
[421.890s][info][gc,phases      ] GC(1495) Forward 103.748ms
[421.890s][info][gc,phases,start] GC(1495) Adjust Pointers
[422.068s][info][gc,phases      ] GC(1495) Adjust Pointers 177.992ms
[422.068s][info][gc,phases,start] GC(1495) Compaction Phase
[422.163s][info][gc,phases      ] GC(1495) Compaction Phase 94.587ms
[422.174s][info][gc,phases,start] GC(1495) Post Compact
[422.176s][info][gc,phases      ] GC(1495) Post Compact 2.682ms
[422.177s][info][gc,heap        ] GC(1495) PSYoungGen: 202982K(222720K)->0K(222720K) Eden: 111616K(111616K)->0K(111616K) From: 91366K(111104K)->0K(111104K)
[422.177s][info][gc,heap        ] GC(1495) ParOldGen: 667644K(667648K)->331325K(665088K)
[422.177s][info][gc,metaspace   ] GC(1495) Metaspace: 18907K(19136K)->18907K(19136K) NonClass: 16246K(16384K)->16246K(16384K) Class: 2661K(2752K)->2661K(2752K)
[422.177s][info][gc             ] GC(1495) Pause Full (Allocation Failure) 850M->323M(867M) 610.796ms
[422.177s][info][gc,cpu         ] GC(1495) User=1.09s Sys=0.01s Real=0.62s
[422.238s][info][gc,start       ] GC(1496) Pause Young (Allocation Failure)
[422.269s][info][gc,heap        ] GC(1496) PSYoungGen: 111616K(222720K)->38912K(222720K) Eden: 111616K(111616K)->0K(111616K) From: 0K(111104K)->38912K(111104K)
[422.269s][info][gc,heap        ] GC(1496) ParOldGen: 331325K(665088K)->331325K(665088K)
[422.269s][info][gc,metaspace   ] GC(1496) Metaspace: 18907K(19136K)->18907K(19136K) NonClass: 16246K(16384K)->16246K(16384K) Class: 2661K(2752K)->2661K(2752K)
[422.269s][info][gc             ] GC(1496) Pause Young (Allocation Failure) 432M->361M(867M) 30.590ms
[422.269s][info][gc,cpu         ] GC(1496) User=0.06s Sys=0.00s Real=0.03s
[422.431s][info][gc,start       ] GC(1497) Pause Young (Allocation Failure)
[422.458s][info][gc,heap        ] GC(1497) PSYoungGen: 150528K(222720K)->44576K(222720K) Eden: 111616K(111616K)->0K(111616K) From: 38912K(111104K)->44576K(111104K)
[422.458s][info][gc,heap        ] GC(1497) ParOldGen: 331325K(665088K)->331325K(665088K)
[422.458s][info][gc,metaspace   ] GC(1497) Metaspace: 18907K(19136K)->18907K(19136K) NonClass: 16246K(16384K)->16246K(16384K) Class: 2661K(2752K)->2661K(2752K)
[422.458s][info][gc             ] GC(1497) Pause Young (Allocation Failure) 470M->367M(867M) 27.227ms
[422.458s][info][gc,cpu         ] GC(1497) User=0.05s Sys=0.00s Real=0.03s
[422.580s][info][gc,start       ] GC(1498) Pause Young (Allocation Failure)
[422.609s][info][gc,heap        ] GC(1498) PSYoungGen: 156192K(222720K)->5728K(222720K) Eden: 111616K(111616K)->0K(111616K) From: 44576K(111104K)->5728K(111104K)
[422.609s][info][gc,heap        ] GC(1498) ParOldGen: 331325K(665088K)->370593K(665088K)
[422.609s][info][gc,metaspace   ] GC(1498) Metaspace: 18907K(19136K)->18907K(19136K) NonClass: 16246K(16384K)->16246K(16384K) Class: 2661K(2752K)->2661K(2752K)
[422.609s][info][gc             ] GC(1498) Pause Young (Allocation Failure) 476M->367M(867M) 28.860ms
[422.609s][info][gc,cpu         ] GC(1498) User=0.06s Sys=0.00s Real=0.03s
[422.728s][info][gc,start       ] GC(1499) Pause Young (Allocation Failure)
[422.735s][info][gc,heap        ] GC(1499) PSYoungGen: 117344K(222720K)->160K(222720K) Eden: 111616K(111616K)->0K(111616K) From: 5728K(111104K)->160K(111104K)
[422.736s][info][gc,heap        ] GC(1499) ParOldGen: 370593K(665088K)->376369K(665088K)
[422.736s][info][gc,metaspace   ] GC(1499) Metaspace: 18907K(19136K)->18907K(19136K) NonClass: 16246K(16384K)->16246K(16384K) Class: 2661K(2752K)->2661K(2752K)
[422.736s][info][gc             ] GC(1499) Pause Young (Allocation Failure) 476M->367M(867M) 7.441ms
[422.736s][info][gc,cpu         ] GC(1499) User=0.01s Sys=0.00s Real=0.00s
[422.853s][info][gc,start       ] GC(1500) Pause Young (Allocation Failure)
[422.855s][info][gc,heap        ] GC(1500) PSYoungGen: 111776K(222720K)->160K(222720K) Eden: 111616K(111616K)->0K(111616K) From: 160K(111104K)->160K(111104K)
[422.855s][info][gc,heap        ] GC(1500) ParOldGen: 376369K(665088K)->376481K(665088K)
[422.855s][info][gc,metaspace   ] GC(1500) Metaspace: 18907K(19136K)->18907K(19136K) NonClass: 16246K(16384K)->16246K(16384K) Class: 2661K(2752K)->2661K(2752K)
[422.855s][info][gc             ] GC(1500) Pause Young (Allocation Failure) 476M->367M(867M) 2.006ms
[422.855s][info][gc,cpu         ] GC(1500) User=0.01s Sys=0.00s Real=0.00s
[422.975s][info][gc,start       ] GC(1501) Pause Young (Allocation Failure)
[422.976s][info][gc,heap        ] GC(1501) PSYoungGen: 111776K(222720K)->128K(222720K) Eden: 111616K(111616K)->0K(111616K) From: 160K(111104K)->128K(111104K)
[422.977s][info][gc,heap        ] GC(1501) ParOldGen: 376481K(665088K)->376609K(665088K)
[422.977s][info][gc,metaspace   ] GC(1501) Metaspace: 18907K(19136K)->18907K(19136K) NonClass: 16246K(16384K)->16246K(16384K) Class: 2661K(2752K)->2661K(2752K)
[422.977s][info][gc             ] GC(1501) Pause Young (Allocation Failure) 476M->367M(867M) 1.799ms
[422.977s][info][gc,cpu         ] GC(1501) User=0.01s Sys=0.00s Real=0.01s
[423.097s][info][gc,start       ] GC(1502) Pause Young (Allocation Failure)
[423.099s][info][gc,heap        ] GC(1502) PSYoungGen: 111744K(222720K)->96K(222720K) Eden: 111616K(111616K)->0K(111616K) From: 128K(111104K)->96K(111104K)
[423.099s][info][gc,heap        ] GC(1502) ParOldGen: 376609K(665088K)->376689K(665088K)
[423.099s][info][gc,metaspace   ] GC(1502) Metaspace: 18907K(19136K)->18907K(19136K) NonClass: 16246K(16384K)->16246K(16384K) Class: 2661K(2752K)->2661K(2752K)
[423.099s][info][gc             ] GC(1502) Pause Young (Allocation Failure) 476M->367M(867M) 1.745ms
[423.099s][info][gc,cpu         ] GC(1502) User=0.00s Sys=0.00s Real=0.00s
[423.216s][info][gc,start       ] GC(1503) Pause Young (Allocation Failure)
[423.218s][info][gc,heap        ] GC(1503) PSYoungGen: 111712K(222720K)->128K(112128K) Eden: 111616K(111616K)->0K(111616K) From: 96K(111104K)->128K(512K)
[423.218s][info][gc,heap        ] GC(1503) ParOldGen: 376689K(665088K)->376769K(665088K)
[423.218s][info][gc,metaspace   ] GC(1503) Metaspace: 18907K(19136K)->18907K(19136K) NonClass: 16246K(16384K)->16246K(16384K) Class: 2661K(2752K)->2661K(2752K)
[423.218s][info][gc             ] GC(1503) Pause Young (Allocation Failure) 476M->368M(759M) 1.978ms
[423.218s][info][gc,cpu         ] GC(1503) User=0.01s Sys=0.00s Real=0.01s
[423.336s][info][gc,start       ] GC(1504) Pause Young (Allocation Failure)
[423.338s][info][gc,heap        ] GC(1504) PSYoungGen: 111744K(112128K)->224K(218624K) Eden: 111616K(111616K)->0K(115712K) From: 128K(512K)->224K(102912K)
[423.338s][info][gc,heap        ] GC(1504) ParOldGen: 376769K(665088K)->376769K(665088K)
[423.338s][info][gc,metaspace   ] GC(1504) Metaspace: 18907K(19136K)->18907K(19136K) NonClass: 16246K(16384K)->16246K(16384K) Class: 2661K(2752K)->2661K(2752K)
[423.338s][info][gc             ] GC(1504) Pause Young (Allocation Failure) 477M->368M(863M) 1.922ms
[423.338s][info][gc,cpu         ] GC(1504) User=0.01s Sys=0.00s Real=0.00s
[423.459s][info][gc,start       ] GC(1505) Pause Young (Allocation Failure)
[423.461s][info][gc,heap        ] GC(1505) PSYoungGen: 115936K(218624K)->288K(116224K) Eden: 115712K(115712K)->0K(115712K) From: 224K(102912K)->288K(512K)
[423.461s][info][gc,heap        ] GC(1505) ParOldGen: 376769K(665088K)->376769K(665088K)
[423.461s][info][gc,metaspace   ] GC(1505) Metaspace: 18907K(19136K)->18907K(19136K) NonClass: 16246K(16384K)->16246K(16384K) Class: 2661K(2752K)->2661K(2752K)
[423.462s][info][gc             ] GC(1505) Pause Young (Allocation Failure) 481M->368M(763M) 2.074ms
[423.462s][info][gc,cpu         ] GC(1505) User=0.00s Sys=0.00s Real=0.00s
[423.598s][info][gc,start       ] GC(1506) Pause Young (Allocation Failure)
[423.607s][info][gc,heap        ] GC(1506) PSYoungGen: 116000K(116224K)->3264K(207872K) Eden: 115712K(115712K)->0K(119296K) From: 288K(512K)->3264K(88576K)
[423.607s][info][gc,heap        ] GC(1506) ParOldGen: 376769K(665088K)->376769K(665088K)
[423.607s][info][gc,metaspace   ] GC(1506) Metaspace: 18907K(19136K)->18907K(19136K) NonClass: 16246K(16384K)->16246K(16384K) Class: 2661K(2752K)->2661K(2752K)
[423.607s][info][gc             ] GC(1506) Pause Young (Allocation Failure) 481M->371M(852M) 9.047ms
[423.607s][info][gc,cpu         ] GC(1506) User=0.02s Sys=0.00s Real=0.01s
[423.755s][info][gc,start       ] GC(1507) Pause Young (Allocation Failure)
[423.792s][info][gc,heap        ] GC(1507) PSYoungGen: 122560K(207872K)->17003K(136704K) Eden: 119296K(119296K)->0K(119296K) From: 3264K(88576K)->17003K(17408K)
[423.792s][info][gc,heap        ] GC(1507) ParOldGen: 376769K(665088K)->376769K(665088K)
[423.792s][info][gc,metaspace   ] GC(1507) Metaspace: 18907K(19136K)->18907K(19136K) NonClass: 16246K(16384K)->16246K(16384K) Class: 2661K(2752K)->2661K(2752K)
[423.792s][info][gc             ] GC(1507) Pause Young (Allocation Failure) 487M->384M(783M) 36.417ms
[423.792s][info][gc,cpu         ] GC(1507) User=0.07s Sys=0.00s Real=0.04s
[423.954s][info][gc,start       ] GC(1508) Pause Young (Allocation Failure)
[423.990s][info][gc,heap        ] GC(1508) PSYoungGen: 136299K(136704K)->19211K(201216K) Eden: 119296K(119296K)->0K(125952K) From: 17003K(17408K)->19211K(75264K)
[423.990s][info][gc,heap        ] GC(1508) ParOldGen: 376769K(665088K)->376769K(665088K)
[423.990s][info][gc,metaspace   ] GC(1508) Metaspace: 18907K(19136K)->18907K(19136K) NonClass: 16246K(16384K)->16246K(16384K) Class: 2661K(2752K)->2661K(2752K)
[423.990s][info][gc             ] GC(1508) Pause Young (Allocation Failure) 501M->386M(846M) 35.857ms
[423.990s][info][gc,cpu         ] GC(1508) User=0.07s Sys=0.00s Real=0.04s
[424.137s][info][gc,start       ] GC(1509) Pause Young (Allocation Failure)
[424.184s][info][gc,heap        ] GC(1509) PSYoungGen: 145163K(201216K)->30987K(206336K) Eden: 125952K(125952K)->0K(125952K) From: 19211K(75264K)->30987K(80384K)
[424.184s][info][gc,heap        ] GC(1509) ParOldGen: 376769K(665088K)->376769K(665088K)
[424.184s][info][gc,metaspace   ] GC(1509) Metaspace: 18907K(19136K)->18907K(19136K) NonClass: 16246K(16384K)->16246K(16384K) Class: 2661K(2752K)->2661K(2752K)
[424.184s][info][gc             ] GC(1509) Pause Young (Allocation Failure) 509M->398M(851M) 46.799ms
[424.184s][info][gc,cpu         ] GC(1509) User=0.09s Sys=0.00s Real=0.04s
[424.307s][info][gc,start       ] GC(1510) Pause Young (Allocation Failure)
[424.371s][info][gc,heap        ] GC(1510) PSYoungGen: 156939K(206336K)->50795K(207872K) Eden: 125952K(125952K)->0K(129024K) From: 30987K(80384K)->50795K(78848K)
[424.371s][info][gc,heap        ] GC(1510) ParOldGen: 376769K(665088K)->376769K(665088K)
[424.371s][info][gc,metaspace   ] GC(1510) Metaspace: 18907K(19136K)->18907K(19136K) NonClass: 16246K(16384K)->16246K(16384K) Class: 2661K(2752K)->2661K(2752K)
[424.371s][info][gc             ] GC(1510) Pause Young (Allocation Failure) 521M->417M(852M) 64.545ms
[424.371s][info][gc,cpu         ] GC(1510) User=0.12s Sys=0.00s Real=0.06s
[424.483s][info][gc,start       ] GC(1511) Pause Young (Allocation Failure)
[424.551s][info][gc,heap        ] GC(1511) PSYoungGen: 179819K(207872K)->54571K(213504K) Eden: 129024K(129024K)->0K(129024K) From: 50795K(78848K)->54571K(84480K)
[424.551s][info][gc,heap        ] GC(1511) ParOldGen: 376769K(665088K)->376769K(665088K)
[424.551s][info][gc,metaspace   ] GC(1511) Metaspace: 18907K(19136K)->18907K(19136K) NonClass: 16246K(16384K)->16246K(16384K) Class: 2661K(2752K)->2661K(2752K)
[424.551s][info][gc             ] GC(1511) Pause Young (Allocation Failure) 543M->421M(858M) 67.958ms
[424.551s][info][gc,cpu         ] GC(1511) User=0.14s Sys=0.00s Real=0.07s
[424.667s][info][gc,start       ] GC(1512) Pause Young (Allocation Failure)
[424.736s][info][gc,heap        ] GC(1512) PSYoungGen: 183595K(213504K)->55915K(226304K) Eden: 129024K(129024K)->0K(136192K) From: 54571K(84480K)->55915K(90112K)
[424.736s][info][gc,heap        ] GC(1512) ParOldGen: 376769K(665088K)->376769K(665088K)
[424.736s][info][gc,metaspace   ] GC(1512) Metaspace: 18907K(19136K)->18907K(19136K) NonClass: 16246K(16384K)->16246K(16384K) Class: 2661K(2752K)->2661K(2752K)
[424.736s][info][gc             ] GC(1512) Pause Young (Allocation Failure) 547M->422M(870M) 69.445ms
[424.736s][info][gc,cpu         ] GC(1512) User=0.14s Sys=0.00s Real=0.07s
[424.866s][info][gc,start       ] GC(1513) Pause Young (Allocation Failure)
[424.939s][info][gc,heap        ] GC(1513) PSYoungGen: 192107K(226304K)->59275K(231424K) Eden: 136192K(136192K)->0K(136192K) From: 55915K(90112K)->59275K(95232K)
[424.939s][info][gc,heap        ] GC(1513) ParOldGen: 376769K(665088K)->376873K(665088K)
[424.939s][info][gc,metaspace   ] GC(1513) Metaspace: 18907K(19136K)->18907K(19136K) NonClass: 16246K(16384K)->16246K(16384K) Class: 2661K(2752K)->2661K(2752K)
[424.939s][info][gc             ] GC(1513) Pause Young (Allocation Failure) 555M->425M(875M) 73.048ms
[424.939s][info][gc,cpu         ] GC(1513) User=0.15s Sys=0.00s Real=0.07s
[425.047s][info][gc,start       ] GC(1514) Pause Young (Allocation Failure)
[425.127s][info][gc,heap        ] GC(1514) PSYoungGen: 195467K(231424K)->59275K(227840K) Eden: 136192K(136192K)->0K(128000K) From: 59275K(95232K)->59275K(99840K)
[425.127s][info][gc,heap        ] GC(1514) ParOldGen: 376873K(665088K)->376969K(665088K)
[425.127s][info][gc,metaspace   ] GC(1514) Metaspace: 18909K(19136K)->18909K(19136K) NonClass: 16248K(16384K)->16248K(16384K) Class: 2661K(2752K)->2661K(2752K)
[425.127s][info][gc             ] GC(1514) Pause Young (Allocation Failure) 558M->426M(872M) 80.220ms
[425.127s][info][gc,cpu         ] GC(1514) User=0.15s Sys=0.01s Real=0.08s
[425.296s][info][gc,start       ] GC(1515) Pause Young (Allocation Failure)
[425.378s][info][gc,heap        ] GC(1515) PSYoungGen: 187275K(227840K)->65148K(193536K) Eden: 128000K(128000K)->0K(128000K) From: 59275K(99840K)->65148K(65536K)
[425.378s][info][gc,heap        ] GC(1515) ParOldGen: 376969K(665088K)->380017K(665088K)
[425.378s][info][gc,metaspace   ] GC(1515) Metaspace: 18909K(19136K)->18909K(19136K) NonClass: 16248K(16384K)->16248K(16384K) Class: 2661K(2752K)->2661K(2752K)
[425.378s][info][gc             ] GC(1515) Pause Young (Allocation Failure) 551M->434M(838M) 82.341ms
[425.378s][info][gc,cpu         ] GC(1515) User=0.16s Sys=0.00s Real=0.09s
[425.500s][info][gc,start       ] GC(1516) Pause Young (Allocation Failure)
[425.592s][info][gc,heap        ] GC(1516) PSYoungGen: 193148K(193536K)->63792K(220160K) Eden: 128000K(128000K)->0K(112640K) From: 65148K(65536K)->63792K(107520K)
[425.592s][info][gc,heap        ] GC(1516) ParOldGen: 380017K(665088K)->396001K(665088K)
[425.593s][info][gc,metaspace   ] GC(1516) Metaspace: 18909K(19136K)->18909K(19136K) NonClass: 16248K(16384K)->16248K(16384K) Class: 2661K(2752K)->2661K(2752K)
[425.593s][info][gc             ] GC(1516) Pause Young (Allocation Failure) 559M->449M(864M) 92.912ms
[425.593s][info][gc,cpu         ] GC(1516) User=0.19s Sys=0.00s Real=0.09s
[425.823s][info][gc,start       ] GC(1517) Pause Young (Allocation Failure)
[425.885s][info][gc,heap        ] GC(1517) PSYoungGen: 176432K(220160K)->32192K(144896K) Eden: 112640K(112640K)->0K(112640K) From: 63792K(107520K)->32192K(32256K)
[425.885s][info][gc,heap        ] GC(1517) ParOldGen: 396001K(665088K)->427697K(665088K)
[425.885s][info][gc,metaspace   ] GC(1517) Metaspace: 18909K(19136K)->18909K(19136K) NonClass: 16248K(16384K)->16248K(16384K) Class: 2661K(2752K)->2661K(2752K)
[425.885s][info][gc             ] GC(1517) Pause Young (Allocation Failure) 559M->449M(791M) 61.837ms
[425.885s][info][gc,cpu         ] GC(1517) User=0.12s Sys=0.00s Real=0.06s
[426.035s][info][gc,start       ] GC(1518) Pause Young (Allocation Failure)
[426.097s][info][gc,heap        ] GC(1518) PSYoungGen: 144832K(144896K)->51760K(222720K) Eden: 112640K(112640K)->0K(117760K) From: 32192K(32256K)->51760K(104960K)
[426.097s][info][gc,heap        ] GC(1518) ParOldGen: 427697K(665088K)->432817K(665088K)
[426.097s][info][gc,metaspace   ] GC(1518) Metaspace: 18909K(19136K)->18909K(19136K) NonClass: 16248K(16384K)->16248K(16384K) Class: 2661K(2752K)->2661K(2752K)
[426.097s][info][gc             ] GC(1518) Pause Young (Allocation Failure) 559M->473M(867M) 62.576ms
[426.097s][info][gc,cpu         ] GC(1518) User=0.12s Sys=0.00s Real=0.07s
[426.246s][info][gc,start       ] GC(1519) Pause Young (Allocation Failure)
[426.314s][info][gc,heap        ] GC(1519) PSYoungGen: 169520K(222720K)->64544K(220672K) Eden: 117760K(117760K)->0K(117760K) From: 51760K(104960K)->64544K(102912K)
[426.314s][info][gc,heap        ] GC(1519) ParOldGen: 432817K(665088K)->436353K(665088K)
[426.314s][info][gc,metaspace   ] GC(1519) Metaspace: 18909K(19136K)->18909K(19136K) NonClass: 16248K(16384K)->16248K(16384K) Class: 2661K(2752K)->2661K(2752K)
[426.314s][info][gc             ] GC(1519) Pause Young (Allocation Failure) 588M->489M(865M) 67.964ms
[426.314s][info][gc,cpu         ] GC(1519) User=0.14s Sys=0.00s Real=0.07s
[426.415s][info][gc,start       ] GC(1520) Pause Young (Allocation Failure)
[426.481s][info][gc,heap        ] GC(1520) PSYoungGen: 182304K(220672K)->41760K(221184K) Eden: 117760K(117760K)->0K(125440K) From: 64544K(102912K)->41760K(95744K)
[426.481s][info][gc,heap        ] GC(1520) ParOldGen: 436353K(665088K)->459930K(665088K)
[426.481s][info][gc,metaspace   ] GC(1520) Metaspace: 18909K(19136K)->18909K(19136K) NonClass: 16248K(16384K)->16248K(16384K) Class: 2661K(2752K)->2661K(2752K)
[426.481s][info][gc             ] GC(1520) Pause Young (Allocation Failure) 604M->489M(865M) 65.772ms
[426.481s][info][gc,cpu         ] GC(1520) User=0.13s Sys=0.00s Real=0.07s
[426.630s][info][gc,start       ] GC(1521) Pause Young (Allocation Failure)
[426.674s][info][gc,heap        ] GC(1521) PSYoungGen: 167200K(221184K)->18912K(224768K) Eden: 125440K(125440K)->0K(125440K) From: 41760K(95744K)->18912K(99328K)
[426.674s][info][gc,heap        ] GC(1521) ParOldGen: 459930K(665088K)->484642K(665088K)
[426.674s][info][gc,metaspace   ] GC(1521) Metaspace: 18909K(19136K)->18909K(19136K) NonClass: 16248K(16384K)->16248K(16384K) Class: 2661K(2752K)->2661K(2752K)
[426.674s][info][gc             ] GC(1521) Pause Young (Allocation Failure) 612M->491M(869M) 43.924ms
[426.674s][info][gc,cpu         ] GC(1521) User=0.09s Sys=0.00s Real=0.04s
[426.824s][info][gc,start       ] GC(1522) Pause Young (Allocation Failure)
[426.851s][info][gc,heap        ] GC(1522) PSYoungGen: 144352K(224768K)->6112K(232960K) Eden: 125440K(125440K)->0K(136704K) From: 18912K(99328K)->6112K(96256K)
[426.851s][info][gc,heap        ] GC(1522) ParOldGen: 484642K(665088K)->501754K(665088K)
[426.851s][info][gc,metaspace   ] GC(1522) Metaspace: 18909K(19136K)->18909K(19136K) NonClass: 16248K(16384K)->16248K(16384K) Class: 2661K(2752K)->2661K(2752K)
[426.851s][info][gc             ] GC(1522) Pause Young (Allocation Failure) 614M->495M(877M) 26.971ms
[426.851s][info][gc,cpu         ] GC(1522) User=0.05s Sys=0.00s Real=0.03s
[426.946s][info][gc,start       ] GC(1523) Pause Young (Allocation Failure)
[426.955s][info][gc,heap        ] GC(1523) PSYoungGen: 142816K(232960K)->4288K(234496K) Eden: 136704K(136704K)->0K(136704K) From: 6112K(96256K)->4288K(97792K)
[426.955s][info][gc,heap        ] GC(1523) ParOldGen: 501754K(665088K)->503562K(665088K)
[426.955s][info][gc,metaspace   ] GC(1523) Metaspace: 18909K(19136K)->18909K(19136K) NonClass: 16248K(16384K)->16248K(16384K) Class: 2661K(2752K)->2661K(2752K)
[426.955s][info][gc             ] GC(1523) Pause Young (Allocation Failure) 629M->495M(878M) 9.104ms
[426.955s][info][gc,cpu         ] GC(1523) User=0.02s Sys=0.00s Real=0.01s
[427.151s][info][gc,start       ] GC(1524) Pause Young (Allocation Failure)
[427.169s][info][gc,heap        ] GC(1524) PSYoungGen: 140992K(234496K)->15584K(229376K) Eden: 136704K(136704K)->0K(138752K) From: 4288K(97792K)->15584K(90624K)
[427.169s][info][gc,heap        ] GC(1524) ParOldGen: 503562K(665088K)->503562K(665088K)
[427.169s][info][gc,metaspace   ] GC(1524) Metaspace: 18909K(19136K)->18909K(19136K) NonClass: 16248K(16384K)->16248K(16384K) Class: 2661K(2752K)->2661K(2752K)
[427.169s][info][gc             ] GC(1524) Pause Young (Allocation Failure) 629M->506M(873M) 18.392ms
[427.169s][info][gc,cpu         ] GC(1524) User=0.03s Sys=0.00s Real=0.02s
[427.468s][info][gc,start       ] GC(1525) Pause Young (Allocation Failure)
[427.490s][info][gc,heap        ] GC(1525) PSYoungGen: 154336K(229376K)->19712K(232960K) Eden: 138752K(138752K)->0K(138752K) From: 15584K(90624K)->19712K(94208K)
[427.490s][info][gc,heap        ] GC(1525) ParOldGen: 503562K(665088K)->503562K(665088K)
[427.490s][info][gc,metaspace   ] GC(1525) Metaspace: 18909K(19136K)->18909K(19136K) NonClass: 16248K(16384K)->16248K(16384K) Class: 2661K(2752K)->2661K(2752K)
[427.491s][info][gc             ] GC(1525) Pause Young (Allocation Failure) 642M->511M(877M) 22.335ms
[427.491s][info][gc,cpu         ] GC(1525) User=0.04s Sys=0.00s Real=0.02s
[427.863s][info][gc,start       ] GC(1526) Pause Young (Allocation Failure)
[427.885s][info][gc,heap        ] GC(1526) PSYoungGen: 158464K(232960K)->19840K(228864K) Eden: 138752K(138752K)->0K(147968K) From: 19712K(94208K)->19840K(80896K)
[427.885s][info][gc,heap        ] GC(1526) ParOldGen: 503562K(665088K)->503562K(665088K)
[427.885s][info][gc,metaspace   ] GC(1526) Metaspace: 18909K(19136K)->18909K(19136K) NonClass: 16248K(16384K)->16248K(16384K) Class: 2661K(2752K)->2661K(2752K)
[427.885s][info][gc             ] GC(1526) Pause Young (Allocation Failure) 646M->511M(873M) 22.040ms
[427.885s][info][gc,cpu         ] GC(1526) User=0.05s Sys=0.00s Real=0.02s
[428.260s][info][gc,start       ] GC(1527) Pause Young (Allocation Failure)
[428.282s][info][gc,heap        ] GC(1527) PSYoungGen: 167808K(228864K)->19872K(233984K) Eden: 147968K(147968K)->0K(147968K) From: 19840K(80896K)->19872K(86016K)
[428.282s][info][gc,heap        ] GC(1527) ParOldGen: 503562K(665088K)->503562K(665088K)
[428.282s][info][gc,metaspace   ] GC(1527) Metaspace: 18909K(19136K)->18909K(19136K) NonClass: 16248K(16384K)->16248K(16384K) Class: 2661K(2752K)->2661K(2752K)
[428.282s][info][gc             ] GC(1527) Pause Young (Allocation Failure) 655M->511M(878M) 22.201ms
[428.282s][info][gc,cpu         ] GC(1527) User=0.04s Sys=0.00s Real=0.02s
[428.598s][info][gc,start       ] GC(1528) Pause Young (Allocation Failure)
[428.624s][info][gc,heap        ] GC(1528) PSYoungGen: 167840K(233984K)->19872K(230400K) Eden: 147968K(147968K)->0K(156160K) From: 19872K(86016K)->19872K(74240K)
[428.624s][info][gc,heap        ] GC(1528) ParOldGen: 503562K(665088K)->503562K(665088K)
[428.624s][info][gc,metaspace   ] GC(1528) Metaspace: 18909K(19136K)->18909K(19136K) NonClass: 16248K(16384K)->16248K(16384K) Class: 2661K(2752K)->2661K(2752K)
[428.624s][info][gc             ] GC(1528) Pause Young (Allocation Failure) 655M->511M(874M) 26.511ms
[428.624s][info][gc,cpu         ] GC(1528) User=0.05s Sys=0.00s Real=0.02s
[428.967s][info][gc,start       ] GC(1529) Pause Young (Allocation Failure)
[428.996s][info][gc,heap        ] GC(1529) PSYoungGen: 176032K(230400K)->27360K(234496K) Eden: 156160K(156160K)->0K(156160K) From: 19872K(74240K)->27360K(78336K)
[428.996s][info][gc,heap        ] GC(1529) ParOldGen: 503562K(665088K)->503562K(665088K)
[428.996s][info][gc,metaspace   ] GC(1529) Metaspace: 18909K(19136K)->18909K(19136K) NonClass: 16248K(16384K)->16248K(16384K) Class: 2661K(2752K)->2661K(2752K)
[428.996s][info][gc             ] GC(1529) Pause Young (Allocation Failure) 663M->518M(878M) 29.954ms
[428.997s][info][gc,cpu         ] GC(1529) User=0.06s Sys=0.00s Real=0.03s
[429.146s][info][gc,start       ] GC(1530) Pause Young (Allocation Failure)
[429.224s][info][gc,heap        ] GC(1530) PSYoungGen: 183520K(234496K)->73205K(221696K) Eden: 156160K(156160K)->0K(148480K) From: 27360K(78336K)->73205K(73216K)
[429.224s][info][gc,heap        ] GC(1530) ParOldGen: 503562K(665088K)->512450K(665088K)
[429.224s][info][gc,metaspace   ] GC(1530) Metaspace: 18909K(19136K)->18909K(19136K) NonClass: 16248K(16384K)->16248K(16384K) Class: 2661K(2752K)->2661K(2752K)
[429.224s][info][gc             ] GC(1530) Pause Young (Allocation Failure) 670M->571M(866M) 78.187ms
[429.224s][info][gc,cpu         ] GC(1530) User=0.14s Sys=0.02s Real=0.08s
[429.273s][info][gc,start       ] GC(1531) Pause Young (Allocation Failure)
[429.383s][info][gc,heap        ] GC(1531) PSYoungGen: 221685K(221696K)->89088K(237568K) Eden: 148480K(148480K)->0K(148480K) From: 73205K(73216K)->89088K(89088K)
[429.383s][info][gc,heap        ] GC(1531) ParOldGen: 512450K(665088K)->561272K(665088K)
[429.383s][info][gc,metaspace   ] GC(1531) Metaspace: 18909K(19136K)->18909K(19136K) NonClass: 16248K(16384K)->16248K(16384K) Class: 2661K(2752K)->2661K(2752K)
[429.383s][info][gc             ] GC(1531) Pause Young (Allocation Failure) 716M->635M(881M) 110.834ms
[429.383s][info][gc,cpu         ] GC(1531) User=0.22s Sys=0.00s Real=0.11s
[429.451s][info][gc,start       ] GC(1532) Pause Young (Allocation Failure)
[429.600s][info][gc,heap        ] GC(1532) PSYoungGen: 237568K(237568K)->96256K(207872K) Eden: 148480K(148480K)->0K(111616K) From: 89088K(89088K)->96256K(96256K)
[429.600s][info][gc,heap        ] GC(1532) ParOldGen: 561272K(665088K)->616577K(665088K)
[429.600s][info][gc,metaspace   ] GC(1532) Metaspace: 18909K(19136K)->18909K(19136K) NonClass: 16248K(16384K)->16248K(16384K) Class: 2661K(2752K)->2661K(2752K)
[429.600s][info][gc             ] GC(1532) Pause Young (Allocation Failure) 780M->696M(852M) 148.808ms
[429.600s][info][gc,cpu         ] GC(1532) User=0.27s Sys=0.02s Real=0.15s
[429.809s][info][gc,start       ] GC(1533) Pause Full (Allocation Failure)
[429.809s][info][gc,phases,start] GC(1533) Marking Phase
[430.198s][info][gc,phases      ] GC(1533) Marking Phase 388.706ms
[430.198s][info][gc,phases,start] GC(1533) Summary Phase
[430.198s][info][gc,phases      ] GC(1533) Summary Phase 0.028ms
[430.198s][info][gc,phases,start] GC(1533) Forward
[430.351s][info][gc,phases      ] GC(1533) Forward 153.411ms
[430.351s][info][gc,phases,start] GC(1533) Adjust Pointers
[430.654s][info][gc,phases      ] GC(1533) Adjust Pointers 303.277ms
[430.655s][info][gc,phases,start] GC(1533) Compaction Phase
[430.858s][info][gc,phases      ] GC(1533) Compaction Phase 203.792ms
[430.867s][info][gc,phases,start] GC(1533) Post Compact
[430.869s][info][gc,phases      ] GC(1533) Post Compact 2.361ms
[430.869s][info][gc,heap        ] GC(1533) PSYoungGen: 207872K(207872K)->0K(222720K) Eden: 111616K(111616K)->0K(111616K) From: 96256K(96256K)->0K(111104K)
[430.869s][info][gc,heap        ] GC(1533) ParOldGen: 616577K(665088K)->580644K(667648K)
[430.869s][info][gc,metaspace   ] GC(1533) Metaspace: 18909K(19136K)->18909K(19136K) NonClass: 16248K(16384K)->16248K(16384K) Class: 2661K(2752K)->2661K(2752K)
[430.869s][info][gc             ] GC(1533) Pause Full (Allocation Failure) 805M->567M(869M) 1060.406ms
[430.869s][info][gc,cpu         ] GC(1533) User=2.00s Sys=0.00s Real=1.06s
[431.106s][info][gc,start       ] GC(1534) Pause Young (Allocation Failure)
[431.111s][info][gc,heap        ] GC(1534) PSYoungGen: 111616K(222720K)->896K(222720K) Eden: 111616K(111616K)->0K(111616K) From: 0K(111104K)->896K(111104K)
[431.111s][info][gc,heap        ] GC(1534) ParOldGen: 580644K(667648K)->580644K(667648K)
[431.111s][info][gc,metaspace   ] GC(1534) Metaspace: 18909K(19136K)->18909K(19136K) NonClass: 16248K(16384K)->16248K(16384K) Class: 2661K(2752K)->2661K(2752K)
[431.111s][info][gc             ] GC(1534) Pause Young (Allocation Failure) 676M->567M(869M) 5.209ms
[431.111s][info][gc,cpu         ] GC(1534) User=0.01s Sys=0.00s Real=0.01s
[431.208s][info][gc,start       ] GC(1535) Pause Young (Allocation Failure)
[431.219s][info][gc,heap        ] GC(1535) PSYoungGen: 112512K(222720K)->4704K(222720K) Eden: 111616K(111616K)->0K(111616K) From: 896K(111104K)->4704K(111104K)
[431.219s][info][gc,heap        ] GC(1535) ParOldGen: 580644K(667648K)->580644K(667648K)
[431.219s][info][gc,metaspace   ] GC(1535) Metaspace: 18909K(19136K)->18909K(19136K) NonClass: 16248K(16384K)->16248K(16384K) Class: 2661K(2752K)->2661K(2752K)
[431.219s][info][gc             ] GC(1535) Pause Young (Allocation Failure) 676M->571M(869M) 11.453ms
[431.219s][info][gc,cpu         ] GC(1535) User=0.02s Sys=0.00s Real=0.01s
[431.322s][info][gc,start       ] GC(1536) Pause Young (Allocation Failure)
[431.348s][info][gc,heap        ] GC(1536) PSYoungGen: 116320K(222720K)->5568K(222720K) Eden: 111616K(111616K)->0K(111616K) From: 4704K(111104K)->5568K(111104K)
[431.348s][info][gc,heap        ] GC(1536) ParOldGen: 580644K(667648K)->580644K(667648K)
[431.348s][info][gc,metaspace   ] GC(1536) Metaspace: 18909K(19136K)->18909K(19136K) NonClass: 16248K(16384K)->16248K(16384K) Class: 2661K(2752K)->2661K(2752K)
[431.348s][info][gc             ] GC(1536) Pause Young (Allocation Failure) 680M->572M(869M) 26.081ms
[431.348s][info][gc,cpu         ] GC(1536) User=0.05s Sys=0.00s Real=0.03s
[431.508s][info][gc,start       ] GC(1537) Pause Young (Allocation Failure)
[431.569s][info][gc,heap        ] GC(1537) PSYoungGen: 117184K(222720K)->31885K(222720K) Eden: 111616K(111616K)->0K(111616K) From: 5568K(111104K)->31885K(111104K)
[431.570s][info][gc,heap        ] GC(1537) ParOldGen: 580644K(667648K)->581532K(667648K)
[431.570s][info][gc,metaspace   ] GC(1537) Metaspace: 18909K(19136K)->18909K(19136K) NonClass: 16248K(16384K)->16248K(16384K) Class: 2661K(2752K)->2661K(2752K)
[431.570s][info][gc             ] GC(1537) Pause Young (Allocation Failure) 681M->599M(869M) 61.542ms
[431.570s][info][gc,cpu         ] GC(1537) User=0.12s Sys=0.00s Real=0.06s
[431.737s][info][gc,start       ] GC(1538) Pause Young (Allocation Failure)
[431.803s][info][gc,heap        ] GC(1538) PSYoungGen: 143501K(222720K)->27235K(222720K) Eden: 111616K(111616K)->0K(111616K) From: 31885K(111104K)->27235K(111104K)
[431.803s][info][gc,heap        ] GC(1538) ParOldGen: 581532K(667648K)->586220K(667648K)
[431.803s][info][gc,metaspace   ] GC(1538) Metaspace: 18909K(19136K)->18909K(19136K) NonClass: 16248K(16384K)->16248K(16384K) Class: 2661K(2752K)->2661K(2752K)
[431.803s][info][gc             ] GC(1538) Pause Young (Allocation Failure) 708M->599M(869M) 65.770ms
[431.803s][info][gc,cpu         ] GC(1538) User=0.13s Sys=0.00s Real=0.06s
[431.970s][info][gc,start       ] GC(1539) Pause Young (Allocation Failure)
[432.015s][info][gc,heap        ] GC(1539) PSYoungGen: 138851K(222720K)->32K(222720K) Eden: 111616K(111616K)->0K(111616K) From: 27235K(111104K)->32K(111104K)
[432.015s][info][gc,heap        ] GC(1539) ParOldGen: 586220K(667648K)->613472K(667648K)
[432.015s][info][gc,metaspace   ] GC(1539) Metaspace: 18909K(19136K)->18909K(19136K) NonClass: 16248K(16384K)->16248K(16384K) Class: 2661K(2752K)->2661K(2752K)
[432.015s][info][gc             ] GC(1539) Pause Young (Allocation Failure) 708M->599M(869M) 45.134ms
[432.015s][info][gc,cpu         ] GC(1539) User=0.09s Sys=0.00s Real=0.04s
[432.171s][info][gc,start       ] GC(1540) Pause Young (Allocation Failure)
[432.173s][info][gc,heap        ] GC(1540) PSYoungGen: 111648K(222720K)->64K(222720K) Eden: 111616K(111616K)->0K(111616K) From: 32K(111104K)->64K(111104K)
[432.173s][info][gc,heap        ] GC(1540) ParOldGen: 613472K(667648K)->613472K(667648K)
[432.173s][info][gc,metaspace   ] GC(1540) Metaspace: 18909K(19136K)->18909K(19136K) NonClass: 16248K(16384K)->16248K(16384K) Class: 2661K(2752K)->2661K(2752K)
[432.173s][info][gc             ] GC(1540) Pause Young (Allocation Failure) 708M->599M(869M) 1.991ms
[432.173s][info][gc,cpu         ] GC(1540) User=0.00s Sys=0.00s Real=0.00s
[432.324s][info][gc,start       ] GC(1541) Pause Young (Allocation Failure)
[432.326s][info][gc,heap        ] GC(1541) PSYoungGen: 111680K(222720K)->64K(222720K) Eden: 111616K(111616K)->0K(111616K) From: 64K(111104K)->64K(111104K)
[432.326s][info][gc,heap        ] GC(1541) ParOldGen: 613472K(667648K)->613472K(667648K)
[432.326s][info][gc,metaspace   ] GC(1541) Metaspace: 18909K(19136K)->18909K(19136K) NonClass: 16248K(16384K)->16248K(16384K) Class: 2661K(2752K)->2661K(2752K)
[432.326s][info][gc             ] GC(1541) Pause Young (Allocation Failure) 708M->599M(869M) 1.994ms
[432.326s][info][gc,cpu         ] GC(1541) User=0.01s Sys=0.00s Real=0.01s
[432.476s][info][gc,start       ] GC(1542) Pause Young (Allocation Failure)
[432.477s][info][gc,heap        ] GC(1542) PSYoungGen: 111680K(222720K)->64K(222720K) Eden: 111616K(111616K)->0K(111616K) From: 64K(111104K)->64K(111104K)
[432.478s][info][gc,heap        ] GC(1542) ParOldGen: 613472K(667648K)->613472K(667648K)
[432.478s][info][gc,metaspace   ] GC(1542) Metaspace: 18909K(19136K)->18909K(19136K) NonClass: 16248K(16384K)->16248K(16384K) Class: 2661K(2752K)->2661K(2752K)
[432.478s][info][gc             ] GC(1542) Pause Young (Allocation Failure) 708M->599M(869M) 1.952ms
[432.478s][info][gc,cpu         ] GC(1542) User=0.01s Sys=0.00s Real=0.01s
[432.617s][info][gc,start       ] GC(1543) Pause Young (Allocation Failure)
[432.627s][info][gc,heap        ] GC(1543) PSYoungGen: 111680K(222720K)->6816K(118784K) Eden: 111616K(111616K)->0K(111616K) From: 64K(111104K)->6816K(7168K)
[432.627s][info][gc,heap        ] GC(1543) ParOldGen: 613472K(667648K)->613472K(667648K)
[432.627s][info][gc,metaspace   ] GC(1543) Metaspace: 18909K(19136K)->18909K(19136K) NonClass: 16248K(16384K)->16248K(16384K) Class: 2661K(2752K)->2661K(2752K)
[432.627s][info][gc             ] GC(1543) Pause Young (Allocation Failure) 708M->605M(768M) 10.034ms
[432.627s][info][gc,cpu         ] GC(1543) User=0.01s Sys=0.00s Real=0.01s
[432.738s][info][gc,start       ] GC(1544) Pause Young (Allocation Failure)
[432.761s][info][gc,heap        ] GC(1544) PSYoungGen: 118432K(118784K)->19936K(220672K) Eden: 111616K(111616K)->0K(119296K) From: 6816K(7168K)->19936K(101376K)
[432.761s][info][gc,heap        ] GC(1544) ParOldGen: 613472K(667648K)->613472K(667648K)
[432.761s][info][gc,metaspace   ] GC(1544) Metaspace: 18909K(19136K)->18909K(19136K) NonClass: 16248K(16384K)->16248K(16384K) Class: 2661K(2752K)->2661K(2752K)
[432.761s][info][gc             ] GC(1544) Pause Young (Allocation Failure) 714M->618M(867M) 22.809ms
[432.761s][info][gc,cpu         ] GC(1544) User=0.05s Sys=0.00s Real=0.02s
[432.860s][info][gc,start       ] GC(1545) Pause Young (Allocation Failure)
[432.893s][info][gc,heap        ] GC(1545) PSYoungGen: 139232K(220672K)->30752K(221184K) Eden: 119296K(119296K)->0K(119296K) From: 19936K(101376K)->30752K(101888K)
[432.893s][info][gc,heap        ] GC(1545) ParOldGen: 613472K(667648K)->613472K(667648K)
[432.893s][info][gc,metaspace   ] GC(1545) Metaspace: 18909K(19136K)->18909K(19136K) NonClass: 16248K(16384K)->16248K(16384K) Class: 2661K(2752K)->2661K(2752K)
[432.893s][info][gc             ] GC(1545) Pause Young (Allocation Failure) 735M->629M(868M) 32.385ms
[432.893s][info][gc,cpu         ] GC(1545) User=0.06s Sys=0.00s Real=0.03s
[433.003s][info][gc,start       ] GC(1546) Pause Young (Allocation Failure)
[433.036s][info][gc,heap        ] GC(1546) PSYoungGen: 150048K(221184K)->31424K(218112K) Eden: 119296K(119296K)->0K(129536K) From: 30752K(101888K)->31424K(88576K)
[433.036s][info][gc,heap        ] GC(1546) ParOldGen: 613472K(667648K)->613472K(667648K)
[433.036s][info][gc,metaspace   ] GC(1546) Metaspace: 18909K(19136K)->18909K(19136K) NonClass: 16248K(16384K)->16248K(16384K) Class: 2661K(2752K)->2661K(2752K)
[433.036s][info][gc             ] GC(1546) Pause Young (Allocation Failure) 745M->629M(865M) 33.358ms
[433.036s][info][gc,cpu         ] GC(1546) User=0.06s Sys=0.00s Real=0.04s
[433.157s][info][gc,start       ] GC(1547) Pause Young (Allocation Failure)
[433.190s][info][gc,heap        ] GC(1547) PSYoungGen: 160960K(218112K)->32800K(221696K) Eden: 129536K(129536K)->0K(129536K) From: 31424K(88576K)->32800K(92160K)
[433.190s][info][gc,heap        ] GC(1547) ParOldGen: 613472K(667648K)->613472K(667648K)
[433.190s][info][gc,metaspace   ] GC(1547) Metaspace: 18909K(19136K)->18909K(19136K) NonClass: 16248K(16384K)->16248K(16384K) Class: 2661K(2752K)->2661K(2752K)
[433.190s][info][gc             ] GC(1547) Pause Young (Allocation Failure) 756M->631M(868M) 33.830ms
[433.190s][info][gc,cpu         ] GC(1547) User=0.07s Sys=0.00s Real=0.03s
[433.343s][info][gc,start       ] GC(1548) Pause Young (Allocation Failure)
[433.385s][info][gc,heap        ] GC(1548) PSYoungGen: 162336K(221696K)->40416K(229376K) Eden: 129536K(129536K)->0K(141312K) From: 32800K(92160K)->40416K(88064K)
[433.385s][info][gc,heap        ] GC(1548) ParOldGen: 613472K(667648K)->613472K(667648K)
[433.385s][info][gc,metaspace   ] GC(1548) Metaspace: 18909K(19136K)->18909K(19136K) NonClass: 16248K(16384K)->16248K(16384K) Class: 2661K(2752K)->2661K(2752K)
[433.385s][info][gc             ] GC(1548) Pause Young (Allocation Failure) 757M->638M(876M) 41.414ms
[433.385s][info][gc,cpu         ] GC(1548) User=0.08s Sys=0.00s Real=0.04s
[433.681s][info][gc,start       ] GC(1549) Pause Young (Allocation Failure)
[433.724s][info][gc,heap        ] GC(1549) PSYoungGen: 181728K(229376K)->40960K(229376K) Eden: 141312K(141312K)->0K(141312K) From: 40416K(88064K)->40960K(88064K)
[433.724s][info][gc,heap        ] GC(1549) ParOldGen: 613472K(667648K)->613472K(667648K)
[433.724s][info][gc,metaspace   ] GC(1549) Metaspace: 18909K(19136K)->18909K(19136K) NonClass: 16248K(16384K)->16248K(16384K) Class: 2661K(2752K)->2661K(2752K)
[433.724s][info][gc             ] GC(1549) Pause Young (Allocation Failure) 776M->639M(876M) 42.218ms
[433.724s][info][gc,cpu         ] GC(1549) User=0.08s Sys=0.00s Real=0.04s
[433.995s][info][gc,start       ] GC(1550) Pause Young (Allocation Failure)
[434.041s][info][gc,heap        ] GC(1550) PSYoungGen: 182272K(229376K)->41088K(237568K) Eden: 141312K(141312K)->0K(153088K) From: 40960K(88064K)->41088K(84480K)
[434.041s][info][gc,heap        ] GC(1550) ParOldGen: 613472K(667648K)->613472K(667648K)
[434.041s][info][gc,metaspace   ] GC(1550) Metaspace: 18909K(19136K)->18909K(19136K) NonClass: 16248K(16384K)->16248K(16384K) Class: 2661K(2752K)->2661K(2752K)
[434.041s][info][gc             ] GC(1550) Pause Young (Allocation Failure) 777M->639M(884M) 46.636ms
[434.041s][info][gc,cpu         ] GC(1550) User=0.09s Sys=0.00s Real=0.05s
[434.316s][info][gc,start       ] GC(1551) Pause Young (Allocation Failure)
[434.358s][info][gc,heap        ] GC(1551) PSYoungGen: 194176K(237568K)->41088K(239104K) Eden: 153088K(153088K)->0K(153088K) From: 41088K(84480K)->41088K(86016K)
[434.358s][info][gc,heap        ] GC(1551) ParOldGen: 613472K(667648K)->613472K(667648K)
[434.358s][info][gc,metaspace   ] GC(1551) Metaspace: 18909K(19136K)->18909K(19136K) NonClass: 16248K(16384K)->16248K(16384K) Class: 2661K(2752K)->2661K(2752K)
[434.358s][info][gc             ] GC(1551) Pause Young (Allocation Failure) 788M->639M(885M) 42.159ms
[434.358s][info][gc,cpu         ] GC(1551) User=0.09s Sys=0.00s Real=0.05s
[434.655s][info][gc,start       ] GC(1552) Pause Young (Allocation Failure)
[434.699s][info][gc,heap        ] GC(1552) PSYoungGen: 194176K(239104K)->42112K(245760K) Eden: 153088K(153088K)->0K(163328K) From: 41088K(86016K)->42112K(82432K)
[434.699s][info][gc,heap        ] GC(1552) ParOldGen: 613472K(667648K)->613472K(667648K)
[434.699s][info][gc,metaspace   ] GC(1552) Metaspace: 18909K(19136K)->18909K(19136K) NonClass: 16248K(16384K)->16248K(16384K) Class: 2661K(2752K)->2661K(2752K)
[434.699s][info][gc             ] GC(1552) Pause Young (Allocation Failure) 788M->640M(892M) 44.454ms
[434.699s][info][gc,cpu         ] GC(1552) User=0.08s Sys=0.00s Real=0.05s
[434.885s][info][gc,start       ] GC(1553) Pause Young (Allocation Failure)
[434.941s][info][gc,heap        ] GC(1553) PSYoungGen: 205440K(245760K)->54144K(246784K) Eden: 163328K(163328K)->0K(163328K) From: 42112K(82432K)->54144K(83456K)
[434.941s][info][gc,heap        ] GC(1553) ParOldGen: 613472K(667648K)->613472K(667648K)
[434.941s][info][gc,metaspace   ] GC(1553) Metaspace: 18909K(19136K)->18909K(19136K) NonClass: 16248K(16384K)->16248K(16384K) Class: 2661K(2752K)->2661K(2752K)
[434.941s][info][gc             ] GC(1553) Pause Young (Allocation Failure) 799M->651M(893M) 56.128ms
[434.941s][info][gc,cpu         ] GC(1553) User=0.11s Sys=0.00s Real=0.06s
[435.087s][info][gc,start       ] GC(1554) Pause Young (Allocation Failure)
[435.181s][info][gc,heap        ] GC(1554) PSYoungGen: 217472K(246784K)->86512K(212480K) Eden: 163328K(163328K)->0K(125952K) From: 54144K(83456K)->86512K(86528K)
[435.181s][info][gc,heap        ] GC(1554) ParOldGen: 613472K(667648K)->621784K(667648K)
[435.181s][info][gc,metaspace   ] GC(1554) Metaspace: 18910K(19136K)->18910K(19136K) NonClass: 16249K(16384K)->16249K(16384K) Class: 2661K(2752K)->2661K(2752K)
[435.181s][info][gc             ] GC(1554) Pause Young (Allocation Failure) 811M->691M(859M) 94.287ms
[435.181s][info][gc,cpu         ] GC(1554) User=0.18s Sys=0.00s Real=0.09s
[435.374s][info][gc,start       ] GC(1555) Pause Young (Allocation Failure)
[435.463s][info][gc,heap        ] GC(1555) PSYoungGen: 212464K(212480K)->81552K(207872K) Eden: 125952K(125952K)->0K(125952K) From: 86512K(86528K)->81552K(81920K)
[435.463s][info][gc,heap        ] GC(1555) ParOldGen: 621784K(667648K)->641760K(667648K)
[435.463s][info][gc,metaspace   ] GC(1555) Metaspace: 18912K(19136K)->18912K(19136K) NonClass: 16251K(16384K)->16251K(16384K) Class: 2661K(2752K)->2661K(2752K)
[435.463s][info][gc             ] GC(1555) Pause Young (Allocation Failure) 814M->706M(855M) 89.398ms
[435.463s][info][gc,cpu         ] GC(1555) User=0.18s Sys=0.00s Real=0.09s
[435.645s][info][gc,start       ] GC(1556) Pause Full (Allocation Failure)
[435.645s][info][gc,phases,start] GC(1556) Marking Phase
[435.821s][info][gc,phases      ] GC(1556) Marking Phase 176.054ms
[435.821s][info][gc,phases,start] GC(1556) Summary Phase
[435.821s][info][gc,phases      ] GC(1556) Summary Phase 0.028ms
[435.821s][info][gc,phases,start] GC(1556) Forward
[435.900s][info][gc,phases      ] GC(1556) Forward 79.382ms
[435.901s][info][gc,phases,start] GC(1556) Adjust Pointers
[436.062s][info][gc,phases      ] GC(1556) Adjust Pointers 161.513ms
[436.062s][info][gc,phases,start] GC(1556) Compaction Phase
[436.144s][info][gc,phases      ] GC(1556) Compaction Phase 82.278ms
[436.160s][info][gc,phases,start] GC(1556) Post Compact
[436.162s][info][gc,phases      ] GC(1556) Post Compact 2.451ms
[436.165s][info][gc,heap        ] GC(1556) PSYoungGen: 207504K(207872K)->0K(222720K) Eden: 125952K(125952K)->0K(111616K) From: 81552K(81920K)->0K(111104K)
[436.165s][info][gc,heap        ] GC(1556) ParOldGen: 641760K(667648K)->289661K(629248K)
[436.165s][info][gc,metaspace   ] GC(1556) Metaspace: 18912K(19136K)->18912K(19136K) NonClass: 16251K(16384K)->16251K(16384K) Class: 2661K(2752K)->2661K(2752K)
[436.165s][info][gc             ] GC(1556) Pause Full (Allocation Failure) 829M->282M(832M) 520.209ms
[436.165s][info][gc,cpu         ] GC(1556) User=0.92s Sys=0.01s Real=0.52s
[436.313s][info][gc,start       ] GC(1557) Pause Young (Allocation Failure)
[436.314s][info][gc,heap        ] GC(1557) PSYoungGen: 111616K(222720K)->64K(222720K) Eden: 111616K(111616K)->0K(111616K) From: 0K(111104K)->64K(111104K)
[436.314s][info][gc,heap        ] GC(1557) ParOldGen: 289661K(629248K)->289661K(629248K)
[436.314s][info][gc,metaspace   ] GC(1557) Metaspace: 18912K(19136K)->18912K(19136K) NonClass: 16251K(16384K)->16251K(16384K) Class: 2661K(2752K)->2661K(2752K)
[436.314s][info][gc             ] GC(1557) Pause Young (Allocation Failure) 391M->282M(832M) 1.133ms
[436.314s][info][gc,cpu         ] GC(1557) User=0.00s Sys=0.00s Real=0.00s
[436.463s][info][gc,start       ] GC(1558) Pause Young (Allocation Failure)
[436.464s][info][gc,heap        ] GC(1558) PSYoungGen: 111680K(222720K)->64K(222720K) Eden: 111616K(111616K)->0K(111616K) From: 64K(111104K)->64K(111104K)
[436.464s][info][gc,heap        ] GC(1558) ParOldGen: 289661K(629248K)->289661K(629248K)
[436.464s][info][gc,metaspace   ] GC(1558) Metaspace: 18912K(19136K)->18912K(19136K) NonClass: 16251K(16384K)->16251K(16384K) Class: 2661K(2752K)->2661K(2752K)
[436.464s][info][gc             ] GC(1558) Pause Young (Allocation Failure) 391M->282M(832M) 1.155ms
[436.464s][info][gc,cpu         ] GC(1558) User=0.00s Sys=0.00s Real=0.00s
[436.611s][info][gc,start       ] GC(1559) Pause Young (Allocation Failure)
[436.612s][info][gc,heap        ] GC(1559) PSYoungGen: 111680K(222720K)->64K(222720K) Eden: 111616K(111616K)->0K(111616K) From: 64K(111104K)->64K(111104K)
[436.612s][info][gc,heap        ] GC(1559) ParOldGen: 289661K(629248K)->289661K(629248K)
[436.612s][info][gc,metaspace   ] GC(1559) Metaspace: 18912K(19136K)->18912K(19136K) NonClass: 16251K(16384K)->16251K(16384K) Class: 2661K(2752K)->2661K(2752K)
[436.612s][info][gc             ] GC(1559) Pause Young (Allocation Failure) 391M->282M(832M) 1.143ms
[436.612s][info][gc,cpu         ] GC(1559) User=0.00s Sys=0.00s Real=0.00s
[436.760s][info][gc,start       ] GC(1560) Pause Young (Allocation Failure)
[436.762s][info][gc,heap        ] GC(1560) PSYoungGen: 111680K(222720K)->64K(218624K) Eden: 111616K(111616K)->0K(111616K) From: 64K(111104K)->64K(107008K)
[436.762s][info][gc,heap        ] GC(1560) ParOldGen: 289661K(629248K)->289661K(629248K)
[436.762s][info][gc,metaspace   ] GC(1560) Metaspace: 18912K(19136K)->18912K(19136K) NonClass: 16251K(16384K)->16251K(16384K) Class: 2661K(2752K)->2661K(2752K)
[436.762s][info][gc             ] GC(1560) Pause Young (Allocation Failure) 391M->282M(828M) 1.531ms
[436.762s][info][gc,cpu         ] GC(1560) User=0.00s Sys=0.00s Real=0.00s
[436.909s][info][gc,start       ] GC(1561) Pause Young (Allocation Failure)
[436.910s][info][gc,heap        ] GC(1561) PSYoungGen: 111680K(218624K)->64K(220672K) Eden: 111616K(111616K)->0K(111616K) From: 64K(107008K)->64K(109056K)
[436.910s][info][gc,heap        ] GC(1561) ParOldGen: 289661K(629248K)->289661K(629248K)
[436.910s][info][gc,metaspace   ] GC(1561) Metaspace: 18912K(19136K)->18912K(19136K) NonClass: 16251K(16384K)->16251K(16384K) Class: 2661K(2752K)->2661K(2752K)
[436.910s][info][gc             ] GC(1561) Pause Young (Allocation Failure) 391M->282M(830M) 1.231ms
[436.910s][info][gc,cpu         ] GC(1561) User=0.00s Sys=0.00s Real=0.00s
[437.056s][info][gc,start       ] GC(1562) Pause Young (Allocation Failure)
[437.058s][info][gc,heap        ] GC(1562) PSYoungGen: 111680K(220672K)->64K(214016K) Eden: 111616K(111616K)->0K(116224K) From: 64K(109056K)->64K(97792K)
[437.058s][info][gc,heap        ] GC(1562) ParOldGen: 289661K(629248K)->289661K(629248K)
[437.058s][info][gc,metaspace   ] GC(1562) Metaspace: 18912K(19136K)->18912K(19136K) NonClass: 16251K(16384K)->16251K(16384K) Class: 2661K(2752K)->2661K(2752K)
[437.058s][info][gc             ] GC(1562) Pause Young (Allocation Failure) 391M->282M(823M) 1.925ms
[437.058s][info][gc,cpu         ] GC(1562) User=0.01s Sys=0.00s Real=0.00s
[437.212s][info][gc,start       ] GC(1563) Pause Young (Allocation Failure)
[437.213s][info][gc,heap        ] GC(1563) PSYoungGen: 116288K(214016K)->64K(218624K) Eden: 116224K(116224K)->0K(116224K) From: 64K(97792K)->64K(102400K)
[437.213s][info][gc,heap        ] GC(1563) ParOldGen: 289661K(629248K)->289661K(629248K)
[437.213s][info][gc,metaspace   ] GC(1563) Metaspace: 18912K(19136K)->18912K(19136K) NonClass: 16251K(16384K)->16251K(16384K) Class: 2661K(2752K)->2661K(2752K)
[437.213s][info][gc             ] GC(1563) Pause Young (Allocation Failure) 396M->282M(828M) 1.787ms
[437.213s][info][gc,cpu         ] GC(1563) User=0.00s Sys=0.00s Real=0.00s
[437.328s][info][gc,start       ] GC(1564) Pause Young (Allocation Failure)
[437.348s][info][gc,heap        ] GC(1564) PSYoungGen: 116288K(218624K)->16224K(209408K) Eden: 116224K(116224K)->0K(122368K) From: 64K(102400K)->16224K(87040K)
[437.348s][info][gc,heap        ] GC(1564) ParOldGen: 289661K(629248K)->289661K(629248K)
[437.348s][info][gc,metaspace   ] GC(1564) Metaspace: 18912K(19136K)->18912K(19136K) NonClass: 16251K(16384K)->16251K(16384K) Class: 2661K(2752K)->2661K(2752K)
[437.348s][info][gc             ] GC(1564) Pause Young (Allocation Failure) 396M->298M(819M) 20.178ms
[437.348s][info][gc,cpu         ] GC(1564) User=0.04s Sys=0.01s Real=0.02s
[437.457s][info][gc,start       ] GC(1565) Pause Young (Allocation Failure)
[437.484s][info][gc,heap        ] GC(1565) PSYoungGen: 138592K(209408K)->25920K(214016K) Eden: 122368K(122368K)->0K(122368K) From: 16224K(87040K)->25920K(91648K)
[437.484s][info][gc,heap        ] GC(1565) ParOldGen: 289661K(629248K)->289661K(629248K)
[437.484s][info][gc,metaspace   ] GC(1565) Metaspace: 18912K(19136K)->18912K(19136K) NonClass: 16251K(16384K)->16251K(16384K) Class: 2661K(2752K)->2661K(2752K)
[437.484s][info][gc             ] GC(1565) Pause Young (Allocation Failure) 418M->308M(823M) 26.846ms
[437.484s][info][gc,cpu         ] GC(1565) User=0.06s Sys=0.00s Real=0.02s
[437.593s][info][gc,start       ] GC(1566) Pause Young (Allocation Failure)
[437.623s][info][gc,heap        ] GC(1566) PSYoungGen: 148288K(214016K)->26944K(210944K) Eden: 122368K(122368K)->0K(132096K) From: 25920K(91648K)->26944K(78848K)
[437.623s][info][gc,heap        ] GC(1566) ParOldGen: 289661K(629248K)->289661K(629248K)
[437.623s][info][gc,metaspace   ] GC(1566) Metaspace: 18912K(19136K)->18912K(19136K) NonClass: 16251K(16384K)->16251K(16384K) Class: 2661K(2752K)->2661K(2752K)
[437.623s][info][gc             ] GC(1566) Pause Young (Allocation Failure) 427M->309M(820M) 30.698ms
[437.623s][info][gc,cpu         ] GC(1566) User=0.06s Sys=0.00s Real=0.03s
[437.756s][info][gc,start       ] GC(1567) Pause Young (Allocation Failure)
[437.787s][info][gc,heap        ] GC(1567) PSYoungGen: 159040K(210944K)->29632K(214016K) Eden: 132096K(132096K)->0K(132096K) From: 26944K(78848K)->29632K(81920K)
[437.787s][info][gc,heap        ] GC(1567) ParOldGen: 289661K(629248K)->289661K(629248K)
[437.787s][info][gc,metaspace   ] GC(1567) Metaspace: 18912K(19136K)->18912K(19136K) NonClass: 16251K(16384K)->16251K(16384K) Class: 2661K(2752K)->2661K(2752K)
[437.787s][info][gc             ] GC(1567) Pause Young (Allocation Failure) 438M->311M(823M) 31.242ms
[437.787s][info][gc,cpu         ] GC(1567) User=0.06s Sys=0.00s Real=0.04s
[437.919s][info][gc,start       ] GC(1568) Pause Young (Allocation Failure)
[437.955s][info][gc,heap        ] GC(1568) PSYoungGen: 161728K(214016K)->35424K(222208K) Eden: 132096K(132096K)->0K(143872K) From: 29632K(81920K)->35424K(78336K)
[437.955s][info][gc,heap        ] GC(1568) ParOldGen: 289661K(629248K)->289661K(629248K)
[437.955s][info][gc,metaspace   ] GC(1568) Metaspace: 18912K(19136K)->18912K(19136K) NonClass: 16251K(16384K)->16251K(16384K) Class: 2661K(2752K)->2661K(2752K)
[437.955s][info][gc             ] GC(1568) Pause Young (Allocation Failure) 440M->317M(831M) 36.667ms
[437.955s][info][gc,cpu         ] GC(1568) User=0.08s Sys=0.00s Real=0.03s
[438.180s][info][gc,start       ] GC(1569) Pause Young (Allocation Failure)
[438.219s][info][gc,heap        ] GC(1569) PSYoungGen: 179296K(222208K)->39520K(222208K) Eden: 143872K(143872K)->0K(143872K) From: 35424K(78336K)->39520K(78336K)
[438.219s][info][gc,heap        ] GC(1569) ParOldGen: 289661K(629248K)->289661K(629248K)
[438.219s][info][gc,metaspace   ] GC(1569) Metaspace: 18912K(19136K)->18912K(19136K) NonClass: 16251K(16384K)->16251K(16384K) Class: 2661K(2752K)->2661K(2752K)
[438.219s][info][gc             ] GC(1569) Pause Young (Allocation Failure) 457M->321M(831M) 39.595ms
[438.219s][info][gc,cpu         ] GC(1569) User=0.08s Sys=0.00s Real=0.04s
[438.389s][info][gc,start       ] GC(1570) Pause Young (Allocation Failure)
[438.462s][info][gc,heap        ] GC(1570) PSYoungGen: 183392K(222208K)->67616K(224256K) Eden: 143872K(143872K)->0K(145920K) From: 39520K(78336K)->67616K(78336K)
[438.462s][info][gc,heap        ] GC(1570) ParOldGen: 289661K(629248K)->289661K(629248K)
[438.462s][info][gc,metaspace   ] GC(1570) Metaspace: 18912K(19136K)->18912K(19136K) NonClass: 16251K(16384K)->16251K(16384K) Class: 2661K(2752K)->2661K(2752K)
[438.462s][info][gc             ] GC(1570) Pause Young (Allocation Failure) 461M->348M(833M) 72.850ms
[438.462s][info][gc,cpu         ] GC(1570) User=0.14s Sys=0.01s Real=0.07s
[438.617s][info][gc,start       ] GC(1571) Pause Young (Allocation Failure)
[438.709s][info][gc,heap        ] GC(1571) PSYoungGen: 213536K(224256K)->89088K(235008K) Eden: 145920K(145920K)->0K(145920K) From: 67616K(78336K)->89088K(89088K)
[438.709s][info][gc,heap        ] GC(1571) ParOldGen: 289661K(629248K)->294299K(629248K)
[438.709s][info][gc,metaspace   ] GC(1571) Metaspace: 18913K(19136K)->18913K(19136K) NonClass: 16251K(16384K)->16251K(16384K) Class: 2661K(2752K)->2661K(2752K)
[438.709s][info][gc             ] GC(1571) Pause Young (Allocation Failure) 491M->374M(844M) 92.205ms
[438.709s][info][gc,cpu         ] GC(1571) User=0.19s Sys=0.00s Real=0.09s
[438.877s][info][gc,start       ] GC(1572) Pause Young (Allocation Failure)
[438.994s][info][gc,heap        ] GC(1572) PSYoungGen: 235008K(235008K)->98816K(210432K) Eden: 145920K(145920K)->0K(111616K) From: 89088K(89088K)->98816K(98816K)
[438.994s][info][gc,heap        ] GC(1572) ParOldGen: 294299K(629248K)->302931K(629248K)
[438.994s][info][gc,metaspace   ] GC(1572) Metaspace: 18913K(19136K)->18913K(19136K) NonClass: 16252K(16384K)->16252K(16384K) Class: 2661K(2752K)->2661K(2752K)
[438.994s][info][gc             ] GC(1572) Pause Young (Allocation Failure) 516M->392M(820M) 117.617ms
[438.994s][info][gc,cpu         ] GC(1572) User=0.20s Sys=0.02s Real=0.11s
[439.075s][info][gc,start       ] GC(1573) Pause Young (Allocation Failure)
[439.178s][info][gc,heap        ] GC(1573) PSYoungGen: 210432K(210432K)->103136K(222720K) Eden: 111616K(111616K)->0K(111616K) From: 98816K(98816K)->103136K(111104K)
[439.178s][info][gc,heap        ] GC(1573) ParOldGen: 302931K(629248K)->302931K(629248K)
[439.178s][info][gc,metaspace   ] GC(1573) Metaspace: 18913K(19136K)->18913K(19136K) NonClass: 16252K(16384K)->16252K(16384K) Class: 2661K(2752K)->2661K(2752K)
[439.178s][info][gc             ] GC(1573) Pause Young (Allocation Failure) 501M->396M(832M) 103.544ms
[439.178s][info][gc,cpu         ] GC(1573) User=0.21s Sys=0.00s Real=0.11s
[439.313s][info][gc,start       ] GC(1574) Pause Young (Allocation Failure)
[439.412s][info][gc,heap        ] GC(1574) PSYoungGen: 214752K(222720K)->103584K(222720K) Eden: 111616K(111616K)->0K(111616K) From: 103136K(111104K)->103584K(111104K)
[439.412s][info][gc,heap        ] GC(1574) ParOldGen: 302931K(629248K)->302931K(629248K)
[439.412s][info][gc,metaspace   ] GC(1574) Metaspace: 18913K(19136K)->18913K(19136K) NonClass: 16252K(16384K)->16252K(16384K) Class: 2661K(2752K)->2661K(2752K)
[439.412s][info][gc             ] GC(1574) Pause Young (Allocation Failure) 505M->396M(832M) 98.578ms
[439.412s][info][gc,cpu         ] GC(1574) User=0.19s Sys=0.00s Real=0.10s
[439.513s][info][gc,start       ] GC(1575) Pause Young (Allocation Failure)
[439.635s][info][gc,heap        ] GC(1575) PSYoungGen: 215200K(222720K)->103616K(222720K) Eden: 111616K(111616K)->0K(111616K) From: 103584K(111104K)->103616K(111104K)
[439.635s][info][gc,heap        ] GC(1575) ParOldGen: 302931K(629248K)->315163K(629248K)
[439.635s][info][gc,metaspace   ] GC(1575) Metaspace: 18913K(19136K)->18913K(19136K) NonClass: 16252K(16384K)->16252K(16384K) Class: 2661K(2752K)->2661K(2752K)
[439.636s][info][gc             ] GC(1575) Pause Young (Allocation Failure) 505M->408M(832M) 122.855ms
[439.636s][info][gc,cpu         ] GC(1575) User=0.25s Sys=0.00s Real=0.12s
[439.745s][info][gc,start       ] GC(1576) Pause Young (Allocation Failure)
[439.859s][info][gc,heap        ] GC(1576) PSYoungGen: 215232K(222720K)->108544K(222720K) Eden: 111616K(111616K)->0K(111616K) From: 103616K(111104K)->108544K(111104K)
[439.859s][info][gc,heap        ] GC(1576) ParOldGen: 315163K(629248K)->321499K(629248K)
[439.859s][info][gc,metaspace   ] GC(1576) Metaspace: 18914K(19136K)->18914K(19136K) NonClass: 16253K(16384K)->16253K(16384K) Class: 2661K(2752K)->2661K(2752K)
[439.859s][info][gc             ] GC(1576) Pause Young (Allocation Failure) 517M->419M(832M) 114.311ms
[439.860s][info][gc,cpu         ] GC(1576) User=0.23s Sys=0.00s Real=0.12s
[439.927s][info][gc,start       ] GC(1577) Pause Young (Allocation Failure)
[440.059s][info][gc,heap        ] GC(1577) PSYoungGen: 220160K(222720K)->111088K(222720K) Eden: 111616K(111616K)->0K(111616K) From: 108544K(111104K)->111088K(111104K)
[440.059s][info][gc,heap        ] GC(1577) ParOldGen: 321499K(629248K)->357251K(629248K)
[440.059s][info][gc,metaspace   ] GC(1577) Metaspace: 18916K(19136K)->18916K(19136K) NonClass: 16255K(16384K)->16255K(16384K) Class: 2661K(2752K)->2661K(2752K)
[440.059s][info][gc             ] GC(1577) Pause Young (Allocation Failure) 528M->457M(832M) 132.407ms
[440.059s][info][gc,cpu         ] GC(1577) User=0.26s Sys=0.00s Real=0.13s
[440.130s][info][gc,start       ] GC(1578) Pause Young (Allocation Failure)
[440.257s][info][gc,heap        ] GC(1578) PSYoungGen: 222704K(222720K)->101520K(222720K) Eden: 111616K(111616K)->0K(111616K) From: 111088K(111104K)->101520K(111104K)
[440.257s][info][gc,heap        ] GC(1578) ParOldGen: 357251K(629248K)->387163K(629248K)
[440.257s][info][gc,metaspace   ] GC(1578) Metaspace: 18916K(19136K)->18916K(19136K) NonClass: 16255K(16384K)->16255K(16384K) Class: 2661K(2752K)->2661K(2752K)
[440.257s][info][gc             ] GC(1578) Pause Young (Allocation Failure) 566M->477M(832M) 127.147ms
[440.257s][info][gc,cpu         ] GC(1578) User=0.25s Sys=0.00s Real=0.13s
[440.343s][info][gc,start       ] GC(1579) Pause Young (Allocation Failure)
[440.442s][info][gc,heap        ] GC(1579) PSYoungGen: 213136K(222720K)->57344K(222720K) Eden: 111616K(111616K)->0K(111616K) From: 101520K(111104K)->57344K(111104K)
[440.442s][info][gc,heap        ] GC(1579) ParOldGen: 387163K(629248K)->431579K(629248K)
[440.442s][info][gc,metaspace   ] GC(1579) Metaspace: 18916K(19136K)->18916K(19136K) NonClass: 16255K(16384K)->16255K(16384K) Class: 2661K(2752K)->2661K(2752K)
[440.442s][info][gc             ] GC(1579) Pause Young (Allocation Failure) 586M->477M(832M) 99.501ms
[440.442s][info][gc,cpu         ] GC(1579) User=0.20s Sys=0.00s Real=0.10s
[440.556s][info][gc,start       ] GC(1580) Pause Young (Allocation Failure)
[440.613s][info][gc,heap        ] GC(1580) PSYoungGen: 168960K(222720K)->52720K(222720K) Eden: 111616K(111616K)->0K(111616K) From: 57344K(111104K)->52720K(111104K)
[440.613s][info][gc,heap        ] GC(1580) ParOldGen: 431579K(629248K)->436339K(629248K)
[440.613s][info][gc,metaspace   ] GC(1580) Metaspace: 18916K(19136K)->18916K(19136K) NonClass: 16255K(16384K)->16255K(16384K) Class: 2661K(2752K)->2661K(2752K)
[440.613s][info][gc             ] GC(1580) Pause Young (Allocation Failure) 586M->477M(832M) 56.676ms
[440.613s][info][gc,cpu         ] GC(1580) User=0.11s Sys=0.00s Real=0.05s
[440.715s][info][gc,start       ] GC(1581) Pause Young (Allocation Failure)
[440.781s][info][gc,heap        ] GC(1581) PSYoungGen: 164336K(222720K)->48288K(222720K) Eden: 111616K(111616K)->0K(111616K) From: 52720K(111104K)->48288K(111104K)
[440.781s][info][gc,heap        ] GC(1581) ParOldGen: 436339K(629248K)->455838K(629248K)
[440.781s][info][gc,metaspace   ] GC(1581) Metaspace: 18916K(19136K)->18916K(19136K) NonClass: 16255K(16384K)->16255K(16384K) Class: 2661K(2752K)->2661K(2752K)
[440.781s][info][gc             ] GC(1581) Pause Young (Allocation Failure) 586M->492M(832M) 66.413ms
[440.781s][info][gc,cpu         ] GC(1581) User=0.13s Sys=0.00s Real=0.07s
[440.940s][info][gc,start       ] GC(1582) Pause Young (Allocation Failure)
[440.990s][info][gc,heap        ] GC(1582) PSYoungGen: 159904K(222720K)->16480K(222720K) Eden: 111616K(111616K)->0K(111616K) From: 48288K(111104K)->16480K(111104K)
[440.990s][info][gc,heap        ] GC(1582) ParOldGen: 455838K(629248K)->489162K(629248K)
[440.990s][info][gc,metaspace   ] GC(1582) Metaspace: 18916K(19136K)->18916K(19136K) NonClass: 16255K(16384K)->16255K(16384K) Class: 2661K(2752K)->2661K(2752K)
[440.990s][info][gc             ] GC(1582) Pause Young (Allocation Failure) 601M->493M(832M) 50.029ms
[440.990s][info][gc,cpu         ] GC(1582) User=0.09s Sys=0.00s Real=0.05s
[441.157s][info][gc,start       ] GC(1583) Pause Young (Allocation Failure)
[441.177s][info][gc,heap        ] GC(1583) PSYoungGen: 128096K(222720K)->17968K(222720K) Eden: 111616K(111616K)->0K(111616K) From: 16480K(111104K)->17968K(111104K)
[441.177s][info][gc,heap        ] GC(1583) ParOldGen: 489162K(629248K)->489394K(629248K)
[441.177s][info][gc,metaspace   ] GC(1583) Metaspace: 18916K(19136K)->18916K(19136K) NonClass: 16255K(16384K)->16255K(16384K) Class: 2661K(2752K)->2661K(2752K)
[441.177s][info][gc             ] GC(1583) Pause Young (Allocation Failure) 602M->495M(832M) 20.289ms
[441.177s][info][gc,cpu         ] GC(1583) User=0.03s Sys=0.00s Real=0.02s
[441.254s][info][gc,start       ] GC(1584) Pause Young (Allocation Failure)
[441.281s][info][gc,heap        ] GC(1584) PSYoungGen: 129584K(222720K)->9200K(222720K) Eden: 111616K(111616K)->0K(111616K) From: 17968K(111104K)->9200K(111104K)
[441.281s][info][gc,heap        ] GC(1584) ParOldGen: 489394K(629248K)->505610K(629248K)
[441.281s][info][gc,metaspace   ] GC(1584) Metaspace: 18916K(19136K)->18916K(19136K) NonClass: 16255K(16384K)->16255K(16384K) Class: 2661K(2752K)->2661K(2752K)
[441.281s][info][gc             ] GC(1584) Pause Young (Allocation Failure) 604M->502M(832M) 26.829ms
[441.281s][info][gc,cpu         ] GC(1584) User=0.05s Sys=0.00s Real=0.03s
[441.383s][info][gc,start       ] GC(1585) Pause Young (Allocation Failure)
[441.398s][info][gc,heap        ] GC(1585) PSYoungGen: 120816K(222720K)->1504K(222720K) Eden: 111616K(111616K)->0K(111616K) From: 9200K(111104K)->1504K(111104K)
[441.398s][info][gc,heap        ] GC(1585) ParOldGen: 505610K(629248K)->514826K(629248K)
[441.398s][info][gc,metaspace   ] GC(1585) Metaspace: 18917K(19136K)->18917K(19136K) NonClass: 16256K(16384K)->16256K(16384K) Class: 2661K(2752K)->2661K(2752K)
[441.398s][info][gc             ] GC(1585) Pause Young (Allocation Failure) 611M->504M(832M) 14.826ms
[441.398s][info][gc,cpu         ] GC(1585) User=0.03s Sys=0.00s Real=0.02s
[441.494s][info][gc,start       ] GC(1586) Pause Young (Allocation Failure)
[441.499s][info][gc,heap        ] GC(1586) PSYoungGen: 113120K(222720K)->704K(222720K) Eden: 111616K(111616K)->0K(111616K) From: 1504K(111104K)->704K(111104K)
[441.499s][info][gc,heap        ] GC(1586) ParOldGen: 514826K(629248K)->516322K(629248K)
[441.499s][info][gc,metaspace   ] GC(1586) Metaspace: 18918K(19136K)->18918K(19136K) NonClass: 16257K(16384K)->16257K(16384K) Class: 2661K(2752K)->2661K(2752K)
[441.499s][info][gc             ] GC(1586) Pause Young (Allocation Failure) 613M->504M(832M) 5.775ms
[441.499s][info][gc,cpu         ] GC(1586) User=0.01s Sys=0.00s Real=0.01s
[441.693s][info][gc,start       ] GC(1587) Pause Young (Allocation Failure)
[441.715s][info][gc,heap        ] GC(1587) PSYoungGen: 112320K(222720K)->7777K(222720K) Eden: 111616K(111616K)->0K(111616K) From: 704K(111104K)->7777K(111104K)
[441.716s][info][gc,heap        ] GC(1587) ParOldGen: 516322K(629248K)->517002K(629248K)
[441.716s][info][gc,metaspace   ] GC(1587) Metaspace: 18918K(19136K)->18918K(19136K) NonClass: 16257K(16384K)->16257K(16384K) Class: 2661K(2752K)->2661K(2752K)
[441.716s][info][gc             ] GC(1587) Pause Young (Allocation Failure) 613M->512M(832M) 22.230ms
[441.716s][info][gc,cpu         ] GC(1587) User=0.04s Sys=0.00s Real=0.02s
[441.988s][info][gc,start       ] GC(1588) Pause Young (Allocation Failure)
[442.029s][info][gc,heap        ] GC(1588) PSYoungGen: 119393K(222720K)->20448K(222720K) Eden: 111616K(111616K)->0K(111616K) From: 7777K(111104K)->20448K(111104K)
[442.029s][info][gc,heap        ] GC(1588) ParOldGen: 517002K(629248K)->524259K(629248K)
[442.029s][info][gc,metaspace   ] GC(1588) Metaspace: 18918K(19136K)->18918K(19136K) NonClass: 16257K(16384K)->16257K(16384K) Class: 2661K(2752K)->2661K(2752K)
[442.029s][info][gc             ] GC(1588) Pause Young (Allocation Failure) 621M->531M(832M) 40.974ms
[442.029s][info][gc,cpu         ] GC(1588) User=0.08s Sys=0.00s Real=0.04s
[442.161s][info][gc,start       ] GC(1589) Pause Young (Allocation Failure)
[442.206s][info][gc,heap        ] GC(1589) PSYoungGen: 132064K(222720K)->19200K(222720K) Eden: 111616K(111616K)->0K(111616K) From: 20448K(111104K)->19200K(111104K)
[442.206s][info][gc,heap        ] GC(1589) ParOldGen: 524259K(629248K)->544731K(629248K)
[442.206s][info][gc,metaspace   ] GC(1589) Metaspace: 18918K(19136K)->18918K(19136K) NonClass: 16257K(16384K)->16257K(16384K) Class: 2661K(2752K)->2661K(2752K)
[442.206s][info][gc             ] GC(1589) Pause Young (Allocation Failure) 640M->550M(832M) 44.719ms
[442.206s][info][gc,cpu         ] GC(1589) User=0.09s Sys=0.00s Real=0.04s
[442.317s][info][gc,start       ] GC(1590) Pause Young (Allocation Failure)
[442.342s][info][gc,heap        ] GC(1590) PSYoungGen: 130816K(222720K)->3904K(222720K) Eden: 111616K(111616K)->0K(111616K) From: 19200K(111104K)->3904K(111104K)
[442.342s][info][gc,heap        ] GC(1590) ParOldGen: 544731K(629248K)->563947K(629248K)
[442.342s][info][gc,metaspace   ] GC(1590) Metaspace: 18918K(19136K)->18918K(19136K) NonClass: 16257K(16384K)->16257K(16384K) Class: 2661K(2752K)->2661K(2752K)
[442.342s][info][gc             ] GC(1590) Pause Young (Allocation Failure) 659M->554M(832M) 25.824ms
[442.343s][info][gc,cpu         ] GC(1590) User=0.05s Sys=0.00s Real=0.02s
[442.487s][info][gc,start       ] GC(1591) Pause Young (Allocation Failure)
[442.501s][info][gc,heap        ] GC(1591) PSYoungGen: 115520K(222720K)->2793K(222720K) Eden: 111616K(111616K)->0K(111616K) From: 3904K(111104K)->2793K(111104K)
[442.501s][info][gc,heap        ] GC(1591) ParOldGen: 563947K(629248K)->567819K(629248K)
[442.501s][info][gc,metaspace   ] GC(1591) Metaspace: 18919K(19136K)->18919K(19136K) NonClass: 16258K(16384K)->16258K(16384K) Class: 2661K(2752K)->2661K(2752K)
[442.501s][info][gc             ] GC(1591) Pause Young (Allocation Failure) 663M->557M(832M) 14.047ms
[442.501s][info][gc,cpu         ] GC(1591) User=0.03s Sys=0.00s Real=0.01s
[442.664s][info][gc,start       ] GC(1592) Pause Young (Allocation Failure)
[442.676s][info][gc,heap        ] GC(1592) PSYoungGen: 114409K(222720K)->2816K(222720K) Eden: 111616K(111616K)->0K(111616K) From: 2793K(111104K)->2816K(111104K)
[442.676s][info][gc,heap        ] GC(1592) ParOldGen: 567819K(629248K)->570593K(629248K)
[442.676s][info][gc,metaspace   ] GC(1592) Metaspace: 18922K(19136K)->18922K(19136K) NonClass: 16260K(16384K)->16260K(16384K) Class: 2661K(2752K)->2661K(2752K)
[442.676s][info][gc             ] GC(1592) Pause Young (Allocation Failure) 666M->559M(832M) 11.305ms
[442.676s][info][gc,cpu         ] GC(1592) User=0.02s Sys=0.00s Real=0.01s
[442.762s][info][gc,start       ] GC(1593) Pause Young (Allocation Failure)
[442.767s][info][gc,heap        ] GC(1593) PSYoungGen: 114432K(222720K)->64K(222720K) Eden: 111616K(111616K)->0K(111616K) From: 2816K(111104K)->64K(111104K)
[442.768s][info][gc,heap        ] GC(1593) ParOldGen: 570593K(629248K)->573390K(629248K)
[442.768s][info][gc,metaspace   ] GC(1593) Metaspace: 18922K(19136K)->18922K(19136K) NonClass: 16260K(16384K)->16260K(16384K) Class: 2661K(2752K)->2661K(2752K)
[442.768s][info][gc             ] GC(1593) Pause Young (Allocation Failure) 668M->560M(832M) 5.232ms
[442.768s][info][gc,cpu         ] GC(1593) User=0.01s Sys=0.00s Real=0.01s
[442.854s][info][gc,start       ] GC(1594) Pause Young (Allocation Failure)
[442.856s][info][gc,heap        ] GC(1594) PSYoungGen: 111680K(222720K)->96K(222720K) Eden: 111616K(111616K)->0K(111616K) From: 64K(111104K)->96K(111104K)
[442.856s][info][gc,heap        ] GC(1594) ParOldGen: 573390K(629248K)->573406K(629248K)
[442.856s][info][gc,metaspace   ] GC(1594) Metaspace: 18922K(19136K)->18922K(19136K) NonClass: 16260K(16384K)->16260K(16384K) Class: 2661K(2752K)->2661K(2752K)
[442.856s][info][gc             ] GC(1594) Pause Young (Allocation Failure) 669M->560M(832M) 1.992ms
[442.856s][info][gc,cpu         ] GC(1594) User=0.00s Sys=0.00s Real=0.00s
[443.035s][info][gc,start       ] GC(1595) Pause Young (Allocation Failure)
[443.046s][info][gc,heap        ] GC(1595) PSYoungGen: 111712K(222720K)->6960K(118784K) Eden: 111616K(111616K)->0K(111616K) From: 96K(111104K)->6960K(7168K)
[443.046s][info][gc,heap        ] GC(1595) ParOldGen: 573406K(629248K)->573478K(629248K)
[443.046s][info][gc,metaspace   ] GC(1595) Metaspace: 18922K(19136K)->18922K(19136K) NonClass: 16260K(16384K)->16260K(16384K) Class: 2661K(2752K)->2661K(2752K)
[443.046s][info][gc             ] GC(1595) Pause Young (Allocation Failure) 669M->566M(730M) 10.799ms
[443.046s][info][gc,cpu         ] GC(1595) User=0.02s Sys=0.00s Real=0.01s
[443.188s][info][gc,start       ] GC(1596) Pause Young (Allocation Failure)
[443.199s][info][gc,heap        ] GC(1596) PSYoungGen: 118576K(118784K)->7504K(218624K) Eden: 111616K(111616K)->0K(117760K) From: 6960K(7168K)->7504K(100864K)
[443.199s][info][gc,heap        ] GC(1596) ParOldGen: 573478K(629248K)->573478K(629248K)
[443.199s][info][gc,metaspace   ] GC(1596) Metaspace: 18922K(19136K)->18922K(19136K) NonClass: 16260K(16384K)->16260K(16384K) Class: 2661K(2752K)->2661K(2752K)
[443.199s][info][gc             ] GC(1596) Pause Young (Allocation Failure) 675M->567M(828M) 10.675ms
[443.199s][info][gc,cpu         ] GC(1596) User=0.02s Sys=0.00s Real=0.01s
[443.523s][info][gc,start       ] GC(1597) Pause Young (Allocation Failure)
[443.536s][info][gc,heap        ] GC(1597) PSYoungGen: 125264K(218624K)->7600K(218112K) Eden: 117760K(117760K)->0K(117760K) From: 7504K(100864K)->7600K(100352K)
[443.536s][info][gc,heap        ] GC(1597) ParOldGen: 573478K(629248K)->573478K(629248K)
[443.536s][info][gc,metaspace   ] GC(1597) Metaspace: 18923K(19136K)->18923K(19136K) NonClass: 16261K(16384K)->16261K(16384K) Class: 2661K(2752K)->2661K(2752K)
[443.536s][info][gc             ] GC(1597) Pause Young (Allocation Failure) 682M->567M(827M) 12.531ms
[443.536s][info][gc,cpu         ] GC(1597) User=0.02s Sys=0.00s Real=0.01s
[443.822s][info][gc,start       ] GC(1598) Pause Young (Allocation Failure)
[443.835s][info][gc,heap        ] GC(1598) PSYoungGen: 125360K(218112K)->7736K(205824K) Eden: 117760K(117760K)->0K(123392K) From: 7600K(100352K)->7736K(82432K)
[443.835s][info][gc,heap        ] GC(1598) ParOldGen: 573478K(629248K)->573478K(629248K)
[443.835s][info][gc,metaspace   ] GC(1598) Metaspace: 18923K(19136K)->18923K(19136K) NonClass: 16261K(16384K)->16261K(16384K) Class: 2661K(2752K)->2661K(2752K)
[443.835s][info][gc             ] GC(1598) Pause Young (Allocation Failure) 682M->567M(815M) 12.734ms
[443.835s][info][gc,cpu         ] GC(1598) User=0.02s Sys=0.01s Real=0.01s
[444.300s][info][gc,start       ] GC(1599) Pause Young (Allocation Failure)
[444.322s][info][gc,heap        ] GC(1599) PSYoungGen: 131128K(205824K)->19128K(142848K) Eden: 123392K(123392K)->0K(123392K) From: 7736K(82432K)->19128K(19456K)
[444.322s][info][gc,heap        ] GC(1599) ParOldGen: 573478K(629248K)->573478K(629248K)
[444.322s][info][gc,metaspace   ] GC(1599) Metaspace: 18923K(19136K)->18923K(19136K) NonClass: 16261K(16384K)->16261K(16384K) Class: 2661K(2752K)->2661K(2752K)
[444.322s][info][gc             ] GC(1599) Pause Young (Allocation Failure) 688M->578M(754M) 22.138ms
[444.322s][info][gc,cpu         ] GC(1599) User=0.04s Sys=0.00s Real=0.02s
[444.568s][info][gc,start       ] GC(1600) Pause Young (Allocation Failure)
[444.607s][info][gc,heap        ] GC(1600) PSYoungGen: 142520K(142848K)->29000K(209920K) Eden: 123392K(123392K)->0K(130560K) From: 19128K(19456K)->29000K(79360K)
[444.607s][info][gc,heap        ] GC(1600) ParOldGen: 573478K(629248K)->573478K(629248K)
[444.607s][info][gc,metaspace   ] GC(1600) Metaspace: 18923K(19136K)->18923K(19136K) NonClass: 16261K(16384K)->16261K(16384K) Class: 2661K(2752K)->2661K(2752K)
[444.607s][info][gc             ] GC(1600) Pause Young (Allocation Failure) 699M->588M(819M) 39.159ms
[444.607s][info][gc,cpu         ] GC(1600) User=0.06s Sys=0.00s Real=0.04s
[444.855s][info][gc,start       ] GC(1601) Pause Young (Allocation Failure)
[444.891s][info][gc,heap        ] GC(1601) PSYoungGen: 159560K(209920K)->29000K(210432K) Eden: 130560K(130560K)->0K(130560K) From: 29000K(79360K)->29000K(79872K)
[444.891s][info][gc,heap        ] GC(1601) ParOldGen: 573478K(629248K)->573478K(629248K)
[444.891s][info][gc,metaspace   ] GC(1601) Metaspace: 18923K(19136K)->18923K(19136K) NonClass: 16261K(16384K)->16261K(16384K) Class: 2661K(2752K)->2661K(2752K)
[444.891s][info][gc             ] GC(1601) Pause Young (Allocation Failure) 715M->588M(820M) 35.899ms
[444.891s][info][gc,cpu         ] GC(1601) User=0.07s Sys=0.00s Real=0.04s
[445.522s][info][gc,start       ] GC(1602) Pause Young (Allocation Failure)
[445.554s][info][gc,heap        ] GC(1602) PSYoungGen: 159560K(210432K)->29421K(210432K) Eden: 130560K(130560K)->0K(138240K) From: 29000K(79872K)->29421K(72192K)
[445.554s][info][gc,heap        ] GC(1602) ParOldGen: 573478K(629248K)->573478K(629248K)
[445.554s][info][gc,metaspace   ] GC(1602) Metaspace: 18925K(19136K)->18925K(19136K) NonClass: 16264K(16384K)->16264K(16384K) Class: 2661K(2752K)->2661K(2752K)
[445.554s][info][gc             ] GC(1602) Pause Young (Allocation Failure) 715M->588M(820M) 32.024ms
[445.554s][info][gc,cpu         ] GC(1602) User=0.06s Sys=0.00s Real=0.03s
[446.166s][info][gc,start       ] GC(1603) Pause Young (Allocation Failure)
[446.203s][info][gc,heap        ] GC(1603) PSYoungGen: 167661K(210432K)->30429K(213504K) Eden: 138240K(138240K)->0K(138240K) From: 29421K(72192K)->30429K(75264K)
[446.203s][info][gc,heap        ] GC(1603) ParOldGen: 573478K(629248K)->573478K(629248K)
[446.203s][info][gc,metaspace   ] GC(1603) Metaspace: 18925K(19136K)->18925K(19136K) NonClass: 16264K(16384K)->16264K(16384K) Class: 2661K(2752K)->2661K(2752K)
[446.203s][info][gc             ] GC(1603) Pause Young (Allocation Failure) 723M->589M(823M) 37.023ms
[446.203s][info][gc,cpu         ] GC(1603) User=0.08s Sys=0.00s Real=0.03s
[446.873s][info][gc,start       ] GC(1604) Pause Young (Allocation Failure)
[446.906s][info][gc,heap        ] GC(1604) PSYoungGen: 168648K(213504K)->31346K(215552K) Eden: 138219K(138240K)->0K(145408K) From: 30429K(75264K)->31346K(70144K)
[446.906s][info][gc,heap        ] GC(1604) ParOldGen: 573478K(629248K)->573486K(629248K)
[446.906s][info][gc,metaspace   ] GC(1604) Metaspace: 18942K(19136K)->18942K(19136K) NonClass: 16281K(16384K)->16281K(16384K) Class: 2661K(2752K)->2661K(2752K)
[446.906s][info][gc             ] GC(1604) Pause Young (Allocation Failure) 724M->590M(825M) 32.830ms
[446.906s][info][gc,cpu         ] GC(1604) User=0.07s Sys=0.00s Real=0.04s
[447.240s][info][gc,start       ] GC(1605) Pause Young (Allocation Failure)
[447.273s][info][gc,heap        ] GC(1605) PSYoungGen: 176754K(215552K)->31449K(217600K) Eden: 145408K(145408K)->0K(145408K) From: 31346K(70144K)->31449K(72192K)
[447.273s][info][gc,heap        ] GC(1605) ParOldGen: 573486K(629248K)->573486K(629248K)
[447.273s][info][gc,metaspace   ] GC(1605) Metaspace: 18943K(19136K)->18943K(19136K) NonClass: 16282K(16384K)->16282K(16384K) Class: 2661K(2752K)->2661K(2752K)
[447.273s][info][gc             ] GC(1605) Pause Young (Allocation Failure) 732M->590M(827M) 33.366ms
[447.273s][info][gc,cpu         ] GC(1605) User=0.07s Sys=0.00s Real=0.03s
[447.609s][info][gc,start       ] GC(1606) Pause Young (Allocation Failure)
[447.645s][info][gc,heap        ] GC(1606) PSYoungGen: 176857K(217600K)->33661K(222720K) Eden: 145408K(145408K)->0K(153600K) From: 31449K(72192K)->33661K(69120K)
[447.645s][info][gc,heap        ] GC(1606) ParOldGen: 573486K(629248K)->573486K(629248K)
[447.645s][info][gc,metaspace   ] GC(1606) Metaspace: 18947K(19136K)->18947K(19136K) NonClass: 16286K(16384K)->16286K(16384K) Class: 2661K(2752K)->2661K(2752K)
[447.645s][info][gc             ] GC(1606) Pause Young (Allocation Failure) 732M->592M(832M) 35.705ms
[447.645s][info][gc,cpu         ] GC(1606) User=0.07s Sys=0.00s Real=0.03s
[447.748s][info][gc,start       ] GC(1607) Pause Young (Allocation Failure)
[447.841s][info][gc,heap        ] GC(1607) PSYoungGen: 187261K(222720K)->69629K(223232K) Eden: 153600K(153600K)->0K(153600K) From: 33661K(69120K)->69629K(69632K)
[447.841s][info][gc,heap        ] GC(1607) ParOldGen: 573486K(629248K)->604902K(629248K)
[447.841s][info][gc,metaspace   ] GC(1607) Metaspace: 18947K(19136K)->18947K(19136K) NonClass: 16286K(16384K)->16286K(16384K) Class: 2661K(2752K)->2661K(2752K)
[447.841s][info][gc             ] GC(1607) Pause Young (Allocation Failure) 742M->658M(832M) 92.752ms
[447.841s][info][gc,cpu         ] GC(1607) User=0.19s Sys=0.00s Real=0.09s
[447.961s][info][gc,start       ] GC(1608) Pause Young (Allocation Failure)
[448.094s][info][gc,heap        ] GC(1608) PSYoungGen: 223229K(223232K)->93165K(204800K) Eden: 153600K(153600K)->0K(111616K) From: 69629K(69632K)->93165K(93184K)
[448.094s][info][gc,heap        ] GC(1608) ParOldGen: 604902K(629248K)->635035K(635392K)
[448.094s][info][gc,metaspace   ] GC(1608) Metaspace: 18947K(19136K)->18947K(19136K) NonClass: 16286K(16384K)->16286K(16384K) Class: 2661K(2752K)->2661K(2752K)
[448.094s][info][gc             ] GC(1608) Pause Young (Allocation Failure) 808M->711M(820M) 133.072ms
[448.094s][info][gc,cpu         ] GC(1608) User=0.23s Sys=0.04s Real=0.13s
[448.271s][info][gc,start       ] GC(1609) Pause Full (Allocation Failure)
[448.271s][info][gc,phases,start] GC(1609) Marking Phase
[448.386s][info][gc,phases      ] GC(1609) Marking Phase 115.396ms
[448.386s][info][gc,phases,start] GC(1609) Summary Phase
[448.386s][info][gc,phases      ] GC(1609) Summary Phase 0.025ms
[448.386s][info][gc,phases,start] GC(1609) Forward
[448.436s][info][gc,phases      ] GC(1609) Forward 50.061ms
[448.436s][info][gc,phases,start] GC(1609) Adjust Pointers
[448.512s][info][gc,phases      ] GC(1609) Adjust Pointers 75.711ms
[448.512s][info][gc,phases,start] GC(1609) Compaction Phase
[448.566s][info][gc,phases      ] GC(1609) Compaction Phase 53.882ms
[448.567s][info][gc,phases,start] GC(1609) Post Compact
[448.569s][info][gc,phases      ] GC(1609) Post Compact 2.350ms
[448.578s][info][gc,heap        ] GC(1609) PSYoungGen: 204781K(204800K)->0K(222720K) Eden: 111616K(111616K)->0K(111616K) From: 93165K(93184K)->0K(111104K)
[448.578s][info][gc,heap        ] GC(1609) ParOldGen: 635035K(635392K)->194653K(533504K)
[448.578s][info][gc,metaspace   ] GC(1609) Metaspace: 18947K(19136K)->18947K(19136K) NonClass: 16286K(16384K)->16286K(16384K) Class: 2661K(2752K)->2661K(2752K)
[448.578s][info][gc             ] GC(1609) Pause Full (Allocation Failure) 820M->190M(738M) 307.000ms
[448.578s][info][gc,cpu         ] GC(1609) User=0.53s Sys=0.01s Real=0.31s
[448.777s][info][gc,start       ] GC(1610) Pause Young (Allocation Failure)
[448.829s][info][gc,heap        ] GC(1610) PSYoungGen: 111616K(222720K)->25769K(222720K) Eden: 111616K(111616K)->0K(111616K) From: 0K(111104K)->25769K(111104K)
[448.829s][info][gc,heap        ] GC(1610) ParOldGen: 194653K(533504K)->194653K(533504K)
[448.829s][info][gc,metaspace   ] GC(1610) Metaspace: 18949K(19136K)->18949K(19136K) NonClass: 16288K(16384K)->16288K(16384K) Class: 2661K(2752K)->2661K(2752K)
[448.829s][info][gc             ] GC(1610) Pause Young (Allocation Failure) 299M->215M(738M) 52.551ms
[448.829s][info][gc,cpu         ] GC(1610) User=0.10s Sys=0.00s Real=0.05s
[448.947s][info][gc,start       ] GC(1611) Pause Young (Allocation Failure)
[449.017s][info][gc,heap        ] GC(1611) PSYoungGen: 137385K(222720K)->43465K(155136K) Eden: 111616K(111616K)->0K(111616K) From: 25769K(111104K)->43465K(43520K)
[449.017s][info][gc,heap        ] GC(1611) ParOldGen: 194653K(533504K)->194653K(533504K)
[449.017s][info][gc,metaspace   ] GC(1611) Metaspace: 18949K(19136K)->18949K(19136K) NonClass: 16288K(16384K)->16288K(16384K) Class: 2661K(2752K)->2661K(2752K)
[449.017s][info][gc             ] GC(1611) Pause Young (Allocation Failure) 324M->232M(672M) 69.331ms
[449.017s][info][gc,cpu         ] GC(1611) User=0.14s Sys=0.00s Real=0.07s
[449.147s][info][gc,start       ] GC(1612) Pause Young (Allocation Failure)
[449.244s][info][gc,heap        ] GC(1612) PSYoungGen: 155081K(155136K)->55689K(222208K) Eden: 111616K(111616K)->0K(112640K) From: 43465K(43520K)->55689K(109568K)
[449.244s][info][gc,heap        ] GC(1612) ParOldGen: 194653K(533504K)->194653K(533504K)
[449.244s][info][gc,metaspace   ] GC(1612) Metaspace: 18949K(19136K)->18949K(19136K) NonClass: 16288K(16384K)->16288K(16384K) Class: 2661K(2752K)->2661K(2752K)
[449.244s][info][gc             ] GC(1612) Pause Young (Allocation Failure) 341M->244M(738M) 96.878ms
[449.244s][info][gc,cpu         ] GC(1612) User=0.19s Sys=0.00s Real=0.09s
[449.385s][info][gc,start       ] GC(1613) Pause Young (Allocation Failure)
[449.472s][info][gc,heap        ] GC(1613) PSYoungGen: 168329K(222208K)->61289K(221184K) Eden: 112640K(112640K)->0K(112640K) From: 55689K(109568K)->61289K(108544K)
[449.472s][info][gc,heap        ] GC(1613) ParOldGen: 194653K(533504K)->194653K(533504K)
[449.472s][info][gc,metaspace   ] GC(1613) Metaspace: 18949K(19136K)->18949K(19136K) NonClass: 16288K(16384K)->16288K(16384K) Class: 2661K(2752K)->2661K(2752K)
[449.472s][info][gc             ] GC(1613) Pause Young (Allocation Failure) 354M->249M(737M) 87.798ms
[449.472s][info][gc,cpu         ] GC(1613) User=0.17s Sys=0.00s Real=0.09s
[449.574s][info][gc,start       ] GC(1614) Pause Young (Allocation Failure)
[449.666s][info][gc,heap        ] GC(1614) PSYoungGen: 173929K(221184K)->67177K(220672K) Eden: 112640K(112640K)->0K(111616K) From: 61289K(108544K)->67177K(109056K)
[449.666s][info][gc,heap        ] GC(1614) ParOldGen: 194653K(533504K)->194653K(533504K)
[449.666s][info][gc,metaspace   ] GC(1614) Metaspace: 18949K(19136K)->18949K(19136K) NonClass: 16288K(16384K)->16288K(16384K) Class: 2661K(2752K)->2661K(2752K)
[449.666s][info][gc             ] GC(1614) Pause Young (Allocation Failure) 359M->255M(736M) 91.532ms
[449.666s][info][gc,cpu         ] GC(1614) User=0.19s Sys=0.00s Real=0.09s
[449.774s][info][gc,start       ] GC(1615) Pause Young (Allocation Failure)
[449.869s][info][gc,heap        ] GC(1615) PSYoungGen: 178793K(220672K)->67305K(222720K) Eden: 111616K(111616K)->0K(111616K) From: 67177K(109056K)->67305K(111104K)
[449.869s][info][gc,heap        ] GC(1615) ParOldGen: 194653K(533504K)->194653K(533504K)
[449.869s][info][gc,metaspace   ] GC(1615) Metaspace: 18949K(19136K)->18949K(19136K) NonClass: 16288K(16384K)->16288K(16384K) Class: 2661K(2752K)->2661K(2752K)
[449.869s][info][gc             ] GC(1615) Pause Young (Allocation Failure) 364M->255M(738M) 95.687ms
[449.869s][info][gc,cpu         ] GC(1615) User=0.19s Sys=0.00s Real=0.10s
[449.982s][info][gc,start       ] GC(1616) Pause Young (Allocation Failure)
[450.078s][info][gc,heap        ] GC(1616) PSYoungGen: 178921K(222720K)->25920K(220672K) Eden: 111616K(111616K)->0K(111616K) From: 67305K(111104K)->25920K(109056K)
[450.078s][info][gc,heap        ] GC(1616) ParOldGen: 194653K(533504K)->238199K(533504K)
[450.078s][info][gc,metaspace   ] GC(1616) Metaspace: 18949K(19136K)->18949K(19136K) NonClass: 16288K(16384K)->16288K(16384K) Class: 2661K(2752K)->2661K(2752K)
[450.078s][info][gc             ] GC(1616) Pause Young (Allocation Failure) 364M->257M(736M) 95.300ms
[450.078s][info][gc,cpu         ] GC(1616) User=0.19s Sys=0.00s Real=0.10s
[450.175s][info][gc,start       ] GC(1617) Pause Young (Allocation Failure)
[450.211s][info][gc,heap        ] GC(1617) PSYoungGen: 137536K(220672K)->19360K(221696K) Eden: 111616K(111616K)->0K(111616K) From: 25920K(109056K)->19360K(110080K)
[450.212s][info][gc,heap        ] GC(1617) ParOldGen: 238199K(533504K)->256055K(533504K)
[450.212s][info][gc,metaspace   ] GC(1617) Metaspace: 18949K(19136K)->18949K(19136K) NonClass: 16288K(16384K)->16288K(16384K) Class: 2661K(2752K)->2661K(2752K)
[450.212s][info][gc             ] GC(1617) Pause Young (Allocation Failure) 366M->268M(737M) 36.949ms
[450.212s][info][gc,cpu         ] GC(1617) User=0.08s Sys=0.00s Real=0.04s
[450.298s][info][gc,start       ] GC(1618) Pause Young (Allocation Failure)
[450.343s][info][gc,heap        ] GC(1618) PSYoungGen: 130976K(221696K)->40640K(212480K) Eden: 111616K(111616K)->0K(115712K) From: 19360K(110080K)->40640K(96768K)
[450.343s][info][gc,heap        ] GC(1618) ParOldGen: 256055K(533504K)->262084K(533504K)
[450.343s][info][gc,metaspace   ] GC(1618) Metaspace: 18951K(19136K)->18951K(19136K) NonClass: 16290K(16384K)->16290K(16384K) Class: 2661K(2752K)->2661K(2752K)
[450.343s][info][gc             ] GC(1618) Pause Young (Allocation Failure) 377M->295M(728M) 44.679ms
[450.343s][info][gc,cpu         ] GC(1618) User=0.08s Sys=0.00s Real=0.04s
[450.453s][info][gc,start       ] GC(1619) Pause Young (Allocation Failure)
[450.505s][info][gc,heap        ] GC(1619) PSYoungGen: 156352K(212480K)->49584K(217600K) Eden: 115712K(115712K)->0K(115712K) From: 40640K(96768K)->49584K(101888K)
[450.505s][info][gc,heap        ] GC(1619) ParOldGen: 262084K(533504K)->275452K(533504K)
[450.505s][info][gc,metaspace   ] GC(1619) Metaspace: 18951K(19136K)->18951K(19136K) NonClass: 16290K(16384K)->16290K(16384K) Class: 2661K(2752K)->2661K(2752K)
[450.505s][info][gc             ] GC(1619) Pause Young (Allocation Failure) 408M->317M(733M) 52.703ms
[450.505s][info][gc,cpu         ] GC(1619) User=0.11s Sys=0.00s Real=0.05s
[450.602s][info][gc,start       ] GC(1620) Pause Young (Allocation Failure)
[450.657s][info][gc,heap        ] GC(1620) PSYoungGen: 165296K(217600K)->13731K(229888K) Eden: 115712K(115712K)->0K(132096K) From: 49584K(101888K)->13731K(97792K)
[450.657s][info][gc,heap        ] GC(1620) ParOldGen: 275452K(533504K)->325238K(533504K)
[450.657s][info][gc,metaspace   ] GC(1620) Metaspace: 18951K(19136K)->18951K(19136K) NonClass: 16290K(16384K)->16290K(16384K) Class: 2661K(2752K)->2661K(2752K)
[450.657s][info][gc             ] GC(1620) Pause Young (Allocation Failure) 430M->331M(745M) 55.105ms
[450.657s][info][gc,cpu         ] GC(1620) User=0.11s Sys=0.00s Real=0.06s
[450.781s][info][gc,start       ] GC(1621) Pause Young (Allocation Failure)
[450.801s][info][gc,heap        ] GC(1621) PSYoungGen: 145827K(229888K)->3360K(230400K) Eden: 132096K(132096K)->0K(132096K) From: 13731K(97792K)->3360K(98304K)
[450.801s][info][gc,heap        ] GC(1621) ParOldGen: 325238K(533504K)->338978K(533504K)
[450.801s][info][gc,metaspace   ] GC(1621) Metaspace: 18951K(19136K)->18951K(19136K) NonClass: 16290K(16384K)->16290K(16384K) Class: 2661K(2752K)->2661K(2752K)
[450.801s][info][gc             ] GC(1621) Pause Young (Allocation Failure) 460M->334M(746M) 20.750ms
[450.801s][info][gc,cpu         ] GC(1621) User=0.04s Sys=0.00s Real=0.02s
[451.109s][info][gc,start       ] GC(1622) Pause Young (Allocation Failure)
[451.117s][info][gc,heap        ] GC(1622) PSYoungGen: 135456K(230400K)->1600K(235008K) Eden: 132096K(132096K)->0K(136192K) From: 3360K(98304K)->1600K(98816K)
[451.117s][info][gc,heap        ] GC(1622) ParOldGen: 338978K(533504K)->342330K(533504K)
[451.117s][info][gc,metaspace   ] GC(1622) Metaspace: 18952K(19136K)->18952K(19136K) NonClass: 16291K(16384K)->16291K(16384K) Class: 2661K(2752K)->2661K(2752K)
[451.117s][info][gc             ] GC(1622) Pause Young (Allocation Failure) 463M->335M(750M) 7.789ms
[451.117s][info][gc,cpu         ] GC(1622) User=0.02s Sys=0.00s Real=0.01s
[451.414s][info][gc,start       ] GC(1623) Pause Young (Allocation Failure)
[451.419s][info][gc,heap        ] GC(1623) PSYoungGen: 137792K(235008K)->544K(137216K) Eden: 136192K(136192K)->0K(136192K) From: 1600K(98816K)->544K(1024K)
[451.419s][info][gc,heap        ] GC(1623) ParOldGen: 342330K(533504K)->343906K(533504K)
[451.419s][info][gc,metaspace   ] GC(1623) Metaspace: 18952K(19136K)->18952K(19136K) NonClass: 16291K(16384K)->16291K(16384K) Class: 2661K(2752K)->2661K(2752K)
[451.419s][info][gc             ] GC(1623) Pause Young (Allocation Failure) 468M->336M(655M) 4.945ms
[451.419s][info][gc,cpu         ] GC(1623) User=0.00s Sys=0.00s Real=0.01s
[451.584s][info][gc,start       ] GC(1624) Pause Young (Allocation Failure)
[451.632s][info][gc,heap        ] GC(1624) PSYoungGen: 136736K(137216K)->51712K(232960K) Eden: 136192K(136192K)->0K(135168K) From: 544K(1024K)->51712K(97792K)
[451.632s][info][gc,heap        ] GC(1624) ParOldGen: 343906K(533504K)->344415K(533504K)
[451.632s][info][gc,metaspace   ] GC(1624) Metaspace: 18954K(19136K)->18954K(19136K) NonClass: 16293K(16384K)->16293K(16384K) Class: 2661K(2752K)->2661K(2752K)
[451.632s][info][gc             ] GC(1624) Pause Young (Allocation Failure) 469M->386M(748M) 47.435ms
[451.632s][info][gc,cpu         ] GC(1624) User=0.10s Sys=0.00s Real=0.05s
[451.797s][info][gc,start       ] GC(1625) Pause Young (Allocation Failure)
[451.869s][info][gc,heap        ] GC(1625) PSYoungGen: 186880K(232960K)->25088K(160768K) Eden: 135168K(135168K)->0K(135168K) From: 51712K(97792K)->25088K(25600K)
[451.869s][info][gc,heap        ] GC(1625) ParOldGen: 344415K(533504K)->396372K(533504K)
[451.869s][info][gc,metaspace   ] GC(1625) Metaspace: 18955K(19136K)->18955K(19136K) NonClass: 16294K(16384K)->16294K(16384K) Class: 2661K(2752K)->2661K(2752K)
[451.869s][info][gc             ] GC(1625) Pause Young (Allocation Failure) 518M->411M(678M) 72.335ms
[451.869s][info][gc,cpu         ] GC(1625) User=0.15s Sys=0.00s Real=0.07s
[451.998s][info][gc,start       ] GC(1626) Pause Young (Allocation Failure)
[452.030s][info][gc,heap        ] GC(1626) PSYoungGen: 160256K(160768K)->4000K(232448K) Eden: 135168K(135168K)->0K(138752K) From: 25088K(25600K)->4000K(93696K)
[452.030s][info][gc,heap        ] GC(1626) ParOldGen: 396372K(533504K)->421532K(533504K)
[452.030s][info][gc,metaspace   ] GC(1626) Metaspace: 18955K(19136K)->18955K(19136K) NonClass: 16294K(16384K)->16294K(16384K) Class: 2661K(2752K)->2661K(2752K)
[452.030s][info][gc             ] GC(1626) Pause Young (Allocation Failure) 543M->415M(748M) 32.373ms
[452.030s][info][gc,cpu         ] GC(1626) User=0.07s Sys=0.00s Real=0.03s
[452.165s][info][gc,start       ] GC(1627) Pause Young (Allocation Failure)
[452.174s][info][gc,heap        ] GC(1627) PSYoungGen: 142752K(232448K)->2016K(230912K) Eden: 138752K(138752K)->0K(138752K) From: 4000K(93696K)->2016K(92160K)
[452.174s][info][gc,heap        ] GC(1627) ParOldGen: 421532K(533504K)->425524K(533504K)
[452.174s][info][gc,metaspace   ] GC(1627) Metaspace: 18955K(19136K)->18955K(19136K) NonClass: 16294K(16384K)->16294K(16384K) Class: 2661K(2752K)->2661K(2752K)
[452.174s][info][gc             ] GC(1627) Pause Young (Allocation Failure) 551M->417M(746M) 8.767ms
[452.174s][info][gc,cpu         ] GC(1627) User=0.01s Sys=0.00s Real=0.01s
[452.545s][info][gc,start       ] GC(1628) Pause Young (Allocation Failure)
[452.550s][info][gc,heap        ] GC(1628) PSYoungGen: 140768K(230912K)->192K(239616K) Eden: 138752K(138752K)->0K(149504K) From: 2016K(92160K)->192K(90112K)
[452.550s][info][gc,heap        ] GC(1628) ParOldGen: 425524K(533504K)->427532K(533504K)
[452.550s][info][gc,metaspace   ] GC(1628) Metaspace: 18955K(19136K)->18955K(19136K) NonClass: 16294K(16384K)->16294K(16384K) Class: 2661K(2752K)->2661K(2752K)
[452.550s][info][gc             ] GC(1628) Pause Young (Allocation Failure) 553M->417M(755M) 4.798ms
[452.550s][info][gc,cpu         ] GC(1628) User=0.00s Sys=0.00s Real=0.01s
[452.757s][info][gc,start       ] GC(1629) Pause Young (Allocation Failure)
[452.835s][info][gc,heap        ] GC(1629) PSYoungGen: 149696K(239616K)->82272K(231936K) Eden: 149504K(149504K)->0K(149504K) From: 192K(90112K)->82272K(82432K)
[452.835s][info][gc,heap        ] GC(1629) ParOldGen: 427532K(533504K)->427532K(533504K)
[452.835s][info][gc,metaspace   ] GC(1629) Metaspace: 18955K(19136K)->18955K(19136K) NonClass: 16294K(16384K)->16294K(16384K) Class: 2661K(2752K)->2661K(2752K)
[452.835s][info][gc             ] GC(1629) Pause Young (Allocation Failure) 563M->497M(747M) 78.021ms
[452.835s][info][gc,cpu         ] GC(1629) User=0.15s Sys=0.00s Real=0.07s
[452.967s][info][gc,start       ] GC(1630) Pause Young (Allocation Failure)
[453.112s][info][gc,heap        ] GC(1630) PSYoungGen: 231776K(231936K)->101888K(213504K) Eden: 149504K(149504K)->0K(111616K) From: 82272K(82432K)->101888K(101888K)
[453.112s][info][gc,heap        ] GC(1630) ParOldGen: 427532K(533504K)->477006K(533504K)
[453.112s][info][gc,metaspace   ] GC(1630) Metaspace: 18958K(19136K)->18958K(19136K) NonClass: 16297K(16384K)->16297K(16384K) Class: 2661K(2752K)->2661K(2752K)
[453.112s][info][gc             ] GC(1630) Pause Young (Allocation Failure) 643M->565M(729M) 145.585ms
[453.112s][info][gc,cpu         ] GC(1630) User=0.28s Sys=0.01s Real=0.14s
[453.254s][info][gc,start       ] GC(1631) Pause Young (Allocation Failure)
[453.401s][info][gc,heap        ] GC(1631) PSYoungGen: 213504K(213504K)->22248K(222720K) Eden: 111616K(111616K)->0K(111616K) From: 101888K(101888K)->22248K(111104K)
[453.401s][info][gc,heap        ] GC(1631) ParOldGen: 477006K(533504K)->579274K(579584K)
[453.401s][info][gc,metaspace   ] GC(1631) Metaspace: 18962K(19136K)->18962K(19136K) NonClass: 16301K(16384K)->16301K(16384K) Class: 2661K(2752K)->2661K(2752K)
[453.401s][info][gc             ] GC(1631) Pause Young (Allocation Failure) 674M->587M(783M) 146.923ms
[453.401s][info][gc,cpu         ] GC(1631) User=0.26s Sys=0.03s Real=0.15s
[453.476s][info][gc,start       ] GC(1632) Pause Full (Allocation Failure)
[453.476s][info][gc,phases,start] GC(1632) Marking Phase
[453.540s][info][gc,phases      ] GC(1632) Marking Phase 63.889ms
[453.540s][info][gc,phases,start] GC(1632) Summary Phase
[453.540s][info][gc,phases      ] GC(1632) Summary Phase 0.025ms
[453.540s][info][gc,phases,start] GC(1632) Forward
[453.559s][info][gc,phases      ] GC(1632) Forward 18.912ms
[453.559s][info][gc,phases,start] GC(1632) Adjust Pointers
[453.605s][info][gc,phases      ] GC(1632) Adjust Pointers 45.996ms
[453.605s][info][gc,phases,start] GC(1632) Compaction Phase
[453.629s][info][gc,phases      ] GC(1632) Compaction Phase 24.265ms
[453.631s][info][gc,phases,start] GC(1632) Post Compact
[453.634s][info][gc,phases      ] GC(1632) Post Compact 2.087ms
[453.644s][info][gc,heap        ] GC(1632) PSYoungGen: 133864K(222720K)->0K(222720K) Eden: 111616K(111616K)->0K(111616K) From: 22248K(111104K)->0K(111104K)
[453.644s][info][gc,heap        ] GC(1632) ParOldGen: 579274K(579584K)->71100K(456192K)
[453.644s][info][gc,metaspace   ] GC(1632) Metaspace: 18962K(19136K)->18962K(19136K) NonClass: 16301K(16384K)->16301K(16384K) Class: 2661K(2752K)->2661K(2752K)
[453.644s][info][gc             ] GC(1632) Pause Full (Allocation Failure) 696M->69M(663M) 168.062ms
[453.644s][info][gc,cpu         ] GC(1632) User=0.28s Sys=0.01s Real=0.17s
[453.713s][info][gc,start       ] GC(1633) Pause Young (Allocation Failure)
[453.719s][info][gc,heap        ] GC(1633) PSYoungGen: 111616K(222720K)->5024K(222720K) Eden: 111616K(111616K)->0K(111616K) From: 0K(111104K)->5024K(111104K)
[453.719s][info][gc,heap        ] GC(1633) ParOldGen: 71100K(456192K)->71100K(456192K)
[453.719s][info][gc,metaspace   ] GC(1633) Metaspace: 18962K(19136K)->18962K(19136K) NonClass: 16301K(16384K)->16301K(16384K) Class: 2661K(2752K)->2661K(2752K)
[453.719s][info][gc             ] GC(1633) Pause Young (Allocation Failure) 178M->74M(663M) 6.089ms
[453.719s][info][gc,cpu         ] GC(1633) User=0.01s Sys=0.00s Real=0.01s
[453.804s][info][gc,start       ] GC(1634) Pause Young (Allocation Failure)
[453.824s][info][gc,heap        ] GC(1634) PSYoungGen: 116640K(222720K)->21248K(222720K) Eden: 111616K(111616K)->0K(111616K) From: 5024K(111104K)->21248K(111104K)
[453.824s][info][gc,heap        ] GC(1634) ParOldGen: 71100K(456192K)->76116K(456192K)
[453.824s][info][gc,metaspace   ] GC(1634) Metaspace: 18962K(19136K)->18962K(19136K) NonClass: 16301K(16384K)->16301K(16384K) Class: 2661K(2752K)->2661K(2752K)
[453.825s][info][gc             ] GC(1634) Pause Young (Allocation Failure) 183M->95M(663M) 20.473ms
[453.825s][info][gc,cpu         ] GC(1634) User=0.04s Sys=0.01s Real=0.02s
[453.873s][info][gc,start       ] GC(1635) Pause Young (Allocation Failure)
[453.909s][info][gc,heap        ] GC(1635) PSYoungGen: 132864K(222720K)->32768K(222720K) Eden: 111616K(111616K)->0K(111616K) From: 21248K(111104K)->32768K(111104K)
[453.909s][info][gc,heap        ] GC(1635) ParOldGen: 76116K(456192K)->97588K(456192K)
[453.909s][info][gc,metaspace   ] GC(1635) Metaspace: 18962K(19136K)->18962K(19136K) NonClass: 16301K(16384K)->16301K(16384K) Class: 2661K(2752K)->2661K(2752K)
[453.909s][info][gc             ] GC(1635) Pause Young (Allocation Failure) 204M->127M(663M) 36.013ms
[453.909s][info][gc,cpu         ] GC(1635) User=0.07s Sys=0.00s Real=0.04s
[454.083s][info][gc,start       ] GC(1636) Pause Young (Allocation Failure)
[454.117s][info][gc,heap        ] GC(1636) PSYoungGen: 144384K(222720K)->14688K(222720K) Eden: 111616K(111616K)->0K(111616K) From: 32768K(111104K)->14688K(111104K)
[454.117s][info][gc,heap        ] GC(1636) ParOldGen: 97588K(456192K)->130724K(456192K)
[454.117s][info][gc,metaspace   ] GC(1636) Metaspace: 18964K(19136K)->18964K(19136K) NonClass: 16303K(16384K)->16303K(16384K) Class: 2661K(2752K)->2661K(2752K)
[454.117s][info][gc             ] GC(1636) Pause Young (Allocation Failure) 236M->142M(663M) 33.928ms
[454.117s][info][gc,cpu         ] GC(1636) User=0.07s Sys=0.00s Real=0.04s
[454.248s][info][gc,start       ] GC(1637) Pause Young (Allocation Failure)
[454.270s][info][gc,heap        ] GC(1637) PSYoungGen: 126304K(222720K)->2090K(114176K) Eden: 111616K(111616K)->0K(111616K) From: 14688K(111104K)->2090K(2560K)
[454.270s][info][gc,heap        ] GC(1637) ParOldGen: 130724K(456192K)->145556K(456192K)
[454.270s][info][gc,metaspace   ] GC(1637) Metaspace: 18964K(19136K)->18964K(19136K) NonClass: 16303K(16384K)->16303K(16384K) Class: 2661K(2752K)->2661K(2752K)
[454.270s][info][gc             ] GC(1637) Pause Young (Allocation Failure) 251M->144M(557M) 22.177ms
[454.270s][info][gc,cpu         ] GC(1637) User=0.04s Sys=0.00s Real=0.02s
[454.430s][info][gc,start       ] GC(1638) Pause Young (Allocation Failure)
[454.470s][info][gc,heap        ] GC(1638) PSYoungGen: 113706K(114176K)->26189K(226816K) Eden: 111616K(111616K)->0K(118784K) From: 2090K(2560K)->26189K(108032K)
[454.470s][info][gc,heap        ] GC(1638) ParOldGen: 145556K(456192K)->147566K(456192K)
[454.470s][info][gc,metaspace   ] GC(1638) Metaspace: 18965K(19136K)->18965K(19136K) NonClass: 16304K(16384K)->16304K(16384K) Class: 2661K(2752K)->2661K(2752K)
[454.470s][info][gc             ] GC(1638) Pause Young (Allocation Failure) 253M->169M(667M) 39.448ms
[454.470s][info][gc,cpu         ] GC(1638) User=0.08s Sys=0.00s Real=0.04s
[454.564s][info][gc,start       ] GC(1639) Pause Young (Allocation Failure)
[454.653s][info][gc,heap        ] GC(1639) PSYoungGen: 144973K(226816K)->61728K(219648K) Eden: 118784K(118784K)->0K(118784K) From: 26189K(108032K)->61728K(100864K)
[454.653s][info][gc,heap        ] GC(1639) ParOldGen: 147566K(456192K)->173777K(456192K)
[454.653s][info][gc,metaspace   ] GC(1639) Metaspace: 18965K(19136K)->18965K(19136K) NonClass: 16304K(16384K)->16304K(16384K) Class: 2661K(2752K)->2661K(2752K)
[454.653s][info][gc             ] GC(1639) Pause Young (Allocation Failure) 285M->229M(660M) 89.117ms
[454.653s][info][gc,cpu         ] GC(1639) User=0.18s Sys=0.00s Real=0.09s
[454.723s][info][gc,start       ] GC(1640) Pause Young (Allocation Failure)
[454.812s][info][gc,heap        ] GC(1640) PSYoungGen: 180512K(219648K)->38752K(227840K) Eden: 118784K(118784K)->0K(126976K) From: 61728K(100864K)->38752K(100864K)
[454.812s][info][gc,heap        ] GC(1640) ParOldGen: 173777K(456192K)->235697K(456192K)
[454.812s][info][gc,metaspace   ] GC(1640) Metaspace: 18965K(19136K)->18965K(19136K) NonClass: 16304K(16384K)->16304K(16384K) Class: 2661K(2752K)->2661K(2752K)
[454.812s][info][gc             ] GC(1640) Pause Young (Allocation Failure) 345M->268M(668M) 89.426ms
[454.812s][info][gc,cpu         ] GC(1640) User=0.18s Sys=0.00s Real=0.09s
[454.866s][info][gc,start       ] GC(1641) Pause Young (Allocation Failure)
[454.921s][info][gc,heap        ] GC(1641) PSYoungGen: 165728K(227840K)->37632K(227840K) Eden: 126976K(126976K)->0K(126976K) From: 38752K(100864K)->37632K(100864K)
[454.921s][info][gc,heap        ] GC(1641) ParOldGen: 235697K(456192K)->274810K(456192K)
[454.921s][info][gc,metaspace   ] GC(1641) Metaspace: 18965K(19136K)->18965K(19136K) NonClass: 16304K(16384K)->16304K(16384K) Class: 2661K(2752K)->2661K(2752K)
[454.921s][info][gc             ] GC(1641) Pause Young (Allocation Failure) 392M->305M(668M) 54.770ms
[454.921s][info][gc,cpu         ] GC(1641) User=0.11s Sys=0.00s Real=0.06s
[455.039s][info][gc,start       ] GC(1642) Pause Young (Allocation Failure)
[455.072s][info][gc,heap        ] GC(1642) PSYoungGen: 164608K(227840K)->2592K(228864K) Eden: 126976K(126976K)->0K(133120K) From: 37632K(100864K)->2592K(95744K)
[455.072s][info][gc,heap        ] GC(1642) ParOldGen: 274810K(456192K)->312890K(456192K)
[455.072s][info][gc,metaspace   ] GC(1642) Metaspace: 18965K(19136K)->18965K(19136K) NonClass: 16304K(16384K)->16304K(16384K) Class: 2661K(2752K)->2661K(2752K)
[455.072s][info][gc             ] GC(1642) Pause Young (Allocation Failure) 429M->308M(669M) 32.778ms
[455.072s][info][gc,cpu         ] GC(1642) User=0.07s Sys=0.00s Real=0.03s
[455.149s][info][gc,start       ] GC(1643) Pause Young (Allocation Failure)
[455.161s][info][gc,heap        ] GC(1643) PSYoungGen: 135712K(228864K)->1760K(227840K) Eden: 133120K(133120K)->0K(133120K) From: 2592K(95744K)->1760K(94720K)
[455.161s][info][gc,heap        ] GC(1643) ParOldGen: 312890K(456192K)->315482K(456192K)
[455.161s][info][gc,metaspace   ] GC(1643) Metaspace: 18965K(19136K)->18965K(19136K) NonClass: 16304K(16384K)->16304K(16384K) Class: 2661K(2752K)->2661K(2752K)
[455.161s][info][gc             ] GC(1643) Pause Young (Allocation Failure) 438M->309M(668M) 12.779ms
[455.161s][info][gc,cpu         ] GC(1643) User=0.02s Sys=0.00s Real=0.01s
[455.292s][info][gc,start       ] GC(1644) Pause Young (Allocation Failure)
[455.331s][info][gc,heap        ] GC(1644) PSYoungGen: 134880K(227840K)->19265K(231424K) Eden: 133120K(133120K)->0K(145920K) From: 1760K(94720K)->19265K(85504K)
[455.331s][info][gc,heap        ] GC(1644) ParOldGen: 315482K(456192K)->317226K(456192K)
[455.331s][info][gc,metaspace   ] GC(1644) Metaspace: 18965K(19136K)->18965K(19136K) NonClass: 16304K(16384K)->16304K(16384K) Class: 2661K(2752K)->2661K(2752K)
[455.331s][info][gc             ] GC(1644) Pause Young (Allocation Failure) 439M->328M(671M) 38.337ms
[455.331s][info][gc,cpu         ] GC(1644) User=0.08s Sys=0.00s Real=0.04s
[455.479s][info][gc,start       ] GC(1645) Pause Young (Allocation Failure)
[455.538s][info][gc,heap        ] GC(1645) PSYoungGen: 165185K(231424K)->28224K(233984K) Eden: 145920K(145920K)->0K(145920K) From: 19265K(85504K)->28224K(88064K)
[455.538s][info][gc,heap        ] GC(1645) ParOldGen: 317226K(456192K)->336504K(456192K)
[455.538s][info][gc,metaspace   ] GC(1645) Metaspace: 18965K(19136K)->18965K(19136K) NonClass: 16304K(16384K)->16304K(16384K) Class: 2661K(2752K)->2661K(2752K)
[455.538s][info][gc             ] GC(1645) Pause Young (Allocation Failure) 471M->356M(674M) 58.993ms
[455.538s][info][gc,cpu         ] GC(1645) User=0.12s Sys=0.00s Real=0.06s
[455.686s][info][gc,start       ] GC(1646) Pause Young (Allocation Failure)
[455.744s][info][gc,heap        ] GC(1646) PSYoungGen: 174144K(233984K)->25856K(238592K) Eden: 145920K(145920K)->0K(163328K) From: 28224K(88064K)->25856K(75264K)
[455.744s][info][gc,heap        ] GC(1646) ParOldGen: 336504K(456192K)->364750K(456192K)
[455.744s][info][gc,metaspace   ] GC(1646) Metaspace: 18965K(19136K)->18965K(19136K) NonClass: 16304K(16384K)->16304K(16384K) Class: 2661K(2752K)->2661K(2752K)
[455.744s][info][gc             ] GC(1646) Pause Young (Allocation Failure) 498M->381M(678M) 57.523ms
[455.744s][info][gc,cpu         ] GC(1646) User=0.12s Sys=0.00s Real=0.05s
[455.923s][info][gc,start       ] GC(1647) Pause Young (Allocation Failure)
[455.954s][info][gc,heap        ] GC(1647) PSYoungGen: 189184K(238592K)->1344K(240640K) Eden: 163328K(163328K)->0K(163328K) From: 25856K(75264K)->1344K(77312K)
[455.954s][info][gc,heap        ] GC(1647) ParOldGen: 364750K(456192K)->390622K(456192K)
[455.954s][info][gc,metaspace   ] GC(1647) Metaspace: 18965K(19136K)->18965K(19136K) NonClass: 16304K(16384K)->16304K(16384K) Class: 2661K(2752K)->2661K(2752K)
[455.954s][info][gc             ] GC(1647) Pause Young (Allocation Failure) 540M->382M(680M) 30.874ms
[455.954s][info][gc,cpu         ] GC(1647) User=0.06s Sys=0.00s Real=0.03s
[456.166s][info][gc,start       ] GC(1648) Pause Young (Allocation Failure)
[456.175s][info][gc,heap        ] GC(1648) PSYoungGen: 164672K(240640K)->3232K(252416K) Eden: 163328K(163328K)->0K(180224K) From: 1344K(77312K)->3232K(72192K)
[456.175s][info][gc,heap        ] GC(1648) ParOldGen: 390622K(456192K)->391934K(456192K)
[456.175s][info][gc,metaspace   ] GC(1648) Metaspace: 18965K(19136K)->18965K(19136K) NonClass: 16304K(16384K)->16304K(16384K) Class: 2661K(2752K)->2661K(2752K)
[456.175s][info][gc             ] GC(1648) Pause Young (Allocation Failure) 542M->385M(692M) 9.315ms
[456.175s][info][gc,cpu         ] GC(1648) User=0.02s Sys=0.00s Real=0.01s
[456.511s][info][gc,start       ] GC(1649) Pause Young (Allocation Failure)
[456.538s][info][gc,heap        ] GC(1649) PSYoungGen: 183456K(252416K)->21376K(254976K) Eden: 180224K(180224K)->0K(180224K) From: 3232K(72192K)->21376K(74752K)
[456.538s][info][gc,heap        ] GC(1649) ParOldGen: 391934K(456192K)->395134K(456192K)
[456.538s][info][gc,metaspace   ] GC(1649) Metaspace: 18965K(19136K)->18965K(19136K) NonClass: 16304K(16384K)->16304K(16384K) Class: 2661K(2752K)->2661K(2752K)
[456.538s][info][gc             ] GC(1649) Pause Young (Allocation Failure) 561M->406M(694M) 27.738ms
[456.538s][info][gc,cpu         ] GC(1649) User=0.05s Sys=0.00s Real=0.03s
[457.020s][info][gc,start       ] GC(1650) Pause Young (Allocation Failure)
[457.044s][info][gc,heap        ] GC(1650) PSYoungGen: 201600K(254976K)->160K(257536K) Eden: 180224K(180224K)->0K(187904K) From: 21376K(74752K)->160K(69632K)
[457.044s][info][gc,heap        ] GC(1650) ParOldGen: 395134K(456192K)->416483K(456192K)
[457.044s][info][gc,metaspace   ] GC(1650) Metaspace: 18965K(19136K)->18965K(19136K) NonClass: 16304K(16384K)->16304K(16384K) Class: 2661K(2752K)->2661K(2752K)
[457.044s][info][gc             ] GC(1650) Pause Young (Allocation Failure) 582M->406M(697M) 23.848ms
[457.044s][info][gc,cpu         ] GC(1650) User=0.05s Sys=0.00s Real=0.02s
[457.490s][info][gc,start       ] GC(1651) Pause Young (Allocation Failure)
[457.501s][info][gc,heap        ] GC(1651) PSYoungGen: 188064K(257536K)->64K(256512K) Eden: 187904K(187904K)->0K(187904K) From: 160K(69632K)->64K(68608K)
[457.501s][info][gc,heap        ] GC(1651) ParOldGen: 416483K(456192K)->416579K(456192K)
[457.501s][info][gc,metaspace   ] GC(1651) Metaspace: 18965K(19136K)->18965K(19136K) NonClass: 16304K(16384K)->16304K(16384K) Class: 2661K(2752K)->2661K(2752K)
[457.501s][info][gc             ] GC(1651) Pause Young (Allocation Failure) 590M->406M(696M) 10.227ms
[457.501s][info][gc,cpu         ] GC(1651) User=0.02s Sys=0.00s Real=0.01s
[457.816s][info][gc,start       ] GC(1652) Pause Young (Allocation Failure)
[457.838s][info][gc,heap        ] GC(1652) PSYoungGen: 187968K(256512K)->27494K(263680K) Eden: 187904K(187904K)->0K(196608K) From: 64K(68608K)->27494K(67072K)
[457.838s][info][gc,heap        ] GC(1652) ParOldGen: 416579K(456192K)->416579K(456192K)
[457.838s][info][gc,metaspace   ] GC(1652) Metaspace: 18965K(19136K)->18965K(19136K) NonClass: 16304K(16384K)->16304K(16384K) Class: 2661K(2752K)->2661K(2752K)
[457.838s][info][gc             ] GC(1652) Pause Young (Allocation Failure) 590M->433M(703M) 22.402ms
[457.838s][info][gc,cpu         ] GC(1652) User=0.04s Sys=0.00s Real=0.03s
[458.049s][info][gc,start       ] GC(1653) Pause Young (Allocation Failure)
[458.104s][info][gc,heap        ] GC(1653) PSYoungGen: 224102K(263680K)->66022K(262656K) Eden: 196608K(196608K)->0K(196608K) From: 27494K(67072K)->66022K(66048K)
[458.104s][info][gc,heap        ] GC(1653) ParOldGen: 416579K(456192K)->425627K(456192K)
[458.104s][info][gc,metaspace   ] GC(1653) Metaspace: 18965K(19136K)->18965K(19136K) NonClass: 16304K(16384K)->16304K(16384K) Class: 2661K(2752K)->2661K(2752K)
[458.104s][info][gc             ] GC(1653) Pause Young (Allocation Failure) 625M->480M(702M) 55.314ms
[458.104s][info][gc,cpu         ] GC(1653) User=0.11s Sys=0.00s Real=0.05s
[458.350s][info][gc,start       ] GC(1654) Pause Young (Allocation Failure)
[458.444s][info][gc,heap        ] GC(1654) PSYoungGen: 262630K(262656K)->61356K(224768K) Eden: 196608K(196608K)->0K(153600K) From: 66022K(66048K)->61356K(71168K)
[458.444s][info][gc,heap        ] GC(1654) ParOldGen: 425627K(456192K)->453373K(456192K)
[458.444s][info][gc,metaspace   ] GC(1654) Metaspace: 18965K(19136K)->18965K(19136K) NonClass: 16304K(16384K)->16304K(16384K) Class: 2661K(2752K)->2661K(2752K)
[458.444s][info][gc             ] GC(1654) Pause Young (Allocation Failure) 672M->502M(665M) 93.999ms
[458.444s][info][gc,cpu         ] GC(1654) User=0.18s Sys=0.00s Real=0.09s
[458.603s][info][gc,start       ] GC(1655) Pause Young (Allocation Failure)
[458.724s][info][gc,heap        ] GC(1655) PSYoungGen: 214956K(224768K)->27024K(243712K) Eden: 153600K(153600K)->0K(153600K) From: 61356K(71168K)->27024K(90112K)
[458.724s][info][gc,heap        ] GC(1655) ParOldGen: 453373K(456192K)->515020K(515072K)
[458.724s][info][gc,metaspace   ] GC(1655) Metaspace: 18965K(19136K)->18965K(19136K) NonClass: 16304K(16384K)->16304K(16384K) Class: 2661K(2752K)->2661K(2752K)
[458.724s][info][gc             ] GC(1655) Pause Young (Allocation Failure) 652M->529M(741M) 121.490ms
[458.724s][info][gc,cpu         ] GC(1655) User=0.20s Sys=0.04s Real=0.12s
[458.833s][info][gc,start       ] GC(1656) Pause Young (Allocation Failure)
[458.906s][info][gc,heap        ] GC(1656) PSYoungGen: 180624K(243712K)->35392K(231424K) Eden: 153600K(153600K)->0K(159744K) From: 27024K(90112K)->35392K(71680K)
[458.906s][info][gc,heap        ] GC(1656) ParOldGen: 515020K(515072K)->542079K(542208K)
[458.906s][info][gc,metaspace   ] GC(1656) Metaspace: 18965K(19136K)->18965K(19136K) NonClass: 16304K(16384K)->16304K(16384K) Class: 2661K(2752K)->2661K(2752K)
[458.906s][info][gc             ] GC(1656) Pause Young (Allocation Failure) 679M->563M(755M) 72.423ms
[458.906s][info][gc,cpu         ] GC(1656) User=0.12s Sys=0.03s Real=0.07s
[459.001s][info][gc,start       ] GC(1657) Pause Young (Allocation Failure)
[459.065s][info][gc,heap        ] GC(1657) PSYoungGen: 195136K(231424K)->17216K(240640K) Eden: 159744K(159744K)->0K(159744K) From: 35392K(71680K)->17216K(80896K)
[459.065s][info][gc,heap        ] GC(1657) ParOldGen: 542079K(542208K)->577719K(578048K)
[459.065s][info][gc,metaspace   ] GC(1657) Metaspace: 18965K(19136K)->18965K(19136K) NonClass: 16304K(16384K)->16304K(16384K) Class: 2661K(2752K)->2661K(2752K)
[459.065s][info][gc             ] GC(1657) Pause Young (Allocation Failure) 719M->580M(799M) 64.524ms
[459.066s][info][gc,cpu         ] GC(1657) User=0.09s Sys=0.03s Real=0.06s
[459.162s][info][gc,start       ] GC(1658) Pause Young (Allocation Failure)
[459.192s][info][gc,heap        ] GC(1658) PSYoungGen: 176960K(240640K)->864K(248832K) Eden: 159744K(159744K)->0K(175104K) From: 17216K(80896K)->864K(73728K)
[459.192s][info][gc,heap        ] GC(1658) ParOldGen: 577719K(578048K)->595015K(595456K)
[459.192s][info][gc,metaspace   ] GC(1658) Metaspace: 18965K(19136K)->18965K(19136K) NonClass: 16304K(16384K)->16304K(16384K) Class: 2661K(2752K)->2661K(2752K)
[459.192s][info][gc             ] GC(1658) Pause Young (Allocation Failure) 736M->581M(824M) 30.379ms
[459.192s][info][gc,cpu         ] GC(1658) User=0.05s Sys=0.01s Real=0.03s
[459.324s][info][gc,start       ] GC(1659) Pause Young (Allocation Failure)
[459.351s][info][gc,heap        ] GC(1659) PSYoungGen: 175968K(248832K)->12448K(252416K) Eden: 175104K(175104K)->0K(175104K) From: 864K(73728K)->12448K(77312K)
[459.351s][info][gc,heap        ] GC(1659) ParOldGen: 595015K(595456K)->595863K(595968K)
[459.351s][info][gc,metaspace   ] GC(1659) Metaspace: 18965K(19136K)->18965K(19136K) NonClass: 16304K(16384K)->16304K(16384K) Class: 2661K(2752K)->2661K(2752K)
[459.351s][info][gc             ] GC(1659) Pause Young (Allocation Failure) 752M->594M(828M) 26.667ms
[459.351s][info][gc,cpu         ] GC(1659) User=0.05s Sys=0.00s Real=0.03s
[459.485s][info][gc,start       ] GC(1660) Pause Young (Allocation Failure)
[459.531s][info][gc,heap        ] GC(1660) PSYoungGen: 187552K(252416K)->18592K(247808K) Eden: 175104K(175104K)->0K(182272K) From: 12448K(77312K)->18592K(65536K)
[459.531s][info][gc,heap        ] GC(1660) ParOldGen: 595863K(595968K)->608319K(608768K)
[459.531s][info][gc,metaspace   ] GC(1660) Metaspace: 18965K(19136K)->18965K(19136K) NonClass: 16304K(16384K)->16304K(16384K) Class: 2661K(2752K)->2661K(2752K)
[459.531s][info][gc             ] GC(1660) Pause Young (Allocation Failure) 765M->612M(836M) 45.214ms
[459.531s][info][gc,cpu         ] GC(1660) User=0.08s Sys=0.01s Real=0.05s
[459.667s][info][gc,start       ] GC(1661) Pause Full (Allocation Failure)
[459.667s][info][gc,phases,start] GC(1661) Marking Phase
[459.958s][info][gc,phases      ] GC(1661) Marking Phase 290.579ms
[459.958s][info][gc,phases,start] GC(1661) Summary Phase
[459.958s][info][gc,phases      ] GC(1661) Summary Phase 0.030ms
[459.958s][info][gc,phases,start] GC(1661) Forward
[460.058s][info][gc,phases      ] GC(1661) Forward 100.351ms
[460.058s][info][gc,phases,start] GC(1661) Adjust Pointers
[460.287s][info][gc,phases      ] GC(1661) Adjust Pointers 228.451ms
[460.287s][info][gc,phases,start] GC(1661) Compaction Phase
[460.422s][info][gc,phases      ] GC(1661) Compaction Phase 134.476ms
[460.430s][info][gc,phases,start] GC(1661) Post Compact
[460.432s][info][gc,phases      ] GC(1661) Post Compact 2.351ms
[460.433s][info][gc,heap        ] GC(1661) PSYoungGen: 200864K(247808K)->0K(252416K) Eden: 182272K(182272K)->0K(182272K) From: 18592K(65536K)->0K(70144K)
[460.433s][info][gc,heap        ] GC(1661) ParOldGen: 608319K(608768K)->401436K(667648K)
[460.433s][info][gc,metaspace   ] GC(1661) Metaspace: 18965K(19136K)->18965K(19136K) NonClass: 16304K(16384K)->16304K(16384K) Class: 2661K(2752K)->2661K(2752K)
[460.433s][info][gc             ] GC(1661) Pause Full (Allocation Failure) 790M->392M(898M) 765.406ms
[460.433s][info][gc,cpu         ] GC(1661) User=1.46s Sys=0.00s Real=0.76s
[460.846s][info][gc,start       ] GC(1662) Pause Young (Allocation Failure)
[460.858s][info][gc,heap        ] GC(1662) PSYoungGen: 182272K(252416K)->7584K(259584K) Eden: 182272K(182272K)->0K(193536K) From: 0K(70144K)->7584K(66048K)
[460.858s][info][gc,heap        ] GC(1662) ParOldGen: 401436K(667648K)->401436K(667648K)
[460.858s][info][gc,metaspace   ] GC(1662) Metaspace: 18965K(19136K)->18965K(19136K) NonClass: 16304K(16384K)->16304K(16384K) Class: 2661K(2752K)->2661K(2752K)
[460.858s][info][gc             ] GC(1662) Pause Young (Allocation Failure) 570M->399M(905M) 11.212ms
[460.858s][info][gc,cpu         ] GC(1662) User=0.02s Sys=0.00s Real=0.01s
[461.154s][info][gc,start       ] GC(1663) Pause Young (Allocation Failure)
[461.185s][info][gc,heap        ] GC(1663) PSYoungGen: 201120K(259584K)->19344K(261632K) Eden: 193536K(193536K)->0K(193536K) From: 7584K(66048K)->19344K(68096K)
[461.185s][info][gc,heap        ] GC(1663) ParOldGen: 401436K(667648K)->409014K(667648K)
[461.185s][info][gc,metaspace   ] GC(1663) Metaspace: 18965K(19136K)->18965K(19136K) NonClass: 16304K(16384K)->16304K(16384K) Class: 2661K(2752K)->2661K(2752K)
[461.185s][info][gc             ] GC(1663) Pause Young (Allocation Failure) 588M->418M(907M) 30.733ms
[461.185s][info][gc,cpu         ] GC(1663) User=0.06s Sys=0.00s Real=0.03s
[461.389s][info][gc,start       ] GC(1664) Pause Young (Allocation Failure)
[461.436s][info][gc,heap        ] GC(1664) PSYoungGen: 212880K(261632K)->39344K(261120K) Eden: 193536K(193536K)->0K(197120K) From: 19344K(68096K)->39344K(64000K)
[461.436s][info][gc,heap        ] GC(1664) ParOldGen: 409014K(667648K)->428422K(667648K)
[461.436s][info][gc,metaspace   ] GC(1664) Metaspace: 18965K(19136K)->18965K(19136K) NonClass: 16304K(16384K)->16304K(16384K) Class: 2661K(2752K)->2661K(2752K)
[461.436s][info][gc             ] GC(1664) Pause Young (Allocation Failure) 607M->456M(907M) 47.615ms
[461.436s][info][gc,cpu         ] GC(1664) User=0.10s Sys=0.00s Real=0.05s
[461.676s][info][gc,start       ] GC(1665) Pause Young (Allocation Failure)
[461.731s][info][gc,heap        ] GC(1665) PSYoungGen: 236464K(261120K)->39072K(263680K) Eden: 197120K(197120K)->0K(197120K) From: 39344K(64000K)->39072K(66560K)
[461.731s][info][gc,heap        ] GC(1665) ParOldGen: 428422K(667648K)->468198K(667648K)
[461.731s][info][gc,metaspace   ] GC(1665) Metaspace: 18965K(19136K)->18965K(19136K) NonClass: 16304K(16384K)->16304K(16384K) Class: 2661K(2752K)->2661K(2752K)
[461.731s][info][gc             ] GC(1665) Pause Young (Allocation Failure) 649M->495M(909M) 55.192ms
[461.731s][info][gc,cpu         ] GC(1665) User=0.11s Sys=0.00s Real=0.06s
[461.996s][info][gc,start       ] GC(1666) Pause Young (Allocation Failure)
[462.074s][info][gc,heap        ] GC(1666) PSYoungGen: 236192K(263680K)->35103K(266240K) Eden: 197120K(197120K)->0K(198144K) From: 39072K(66560K)->35103K(68096K)
[462.074s][info][gc,heap        ] GC(1666) ParOldGen: 468198K(667648K)->507646K(667648K)
[462.074s][info][gc,metaspace   ] GC(1666) Metaspace: 18965K(19136K)->18965K(19136K) NonClass: 16304K(16384K)->16304K(16384K) Class: 2661K(2752K)->2661K(2752K)
[462.074s][info][gc             ] GC(1666) Pause Young (Allocation Failure) 687M->530M(912M) 78.804ms
[462.074s][info][gc,cpu         ] GC(1666) User=0.15s Sys=0.00s Real=0.08s
[462.287s][info][gc,start       ] GC(1667) Pause Young (Allocation Failure)
[462.358s][info][gc,heap        ] GC(1667) PSYoungGen: 233247K(266240K)->22880K(221184K) Eden: 198144K(198144K)->0K(198144K) From: 35103K(68096K)->22880K(23040K)
[462.358s][info][gc,heap        ] GC(1667) ParOldGen: 507646K(667648K)->542789K(667648K)
[462.358s][info][gc,metaspace   ] GC(1667) Metaspace: 18965K(19136K)->18965K(19136K) NonClass: 16304K(16384K)->16304K(16384K) Class: 2661K(2752K)->2661K(2752K)
[462.358s][info][gc             ] GC(1667) Pause Young (Allocation Failure) 723M->552M(868M) 71.654ms
[462.358s][info][gc,cpu         ] GC(1667) User=0.15s Sys=0.00s Real=0.07s
[462.565s][info][gc,start       ] GC(1668) Pause Young (Allocation Failure)
[462.603s][info][gc,heap        ] GC(1668) PSYoungGen: 221024K(221184K)->1632K(262144K) Eden: 198144K(198144K)->0K(198144K) From: 22880K(23040K)->1632K(64000K)
[462.603s][info][gc,heap        ] GC(1668) ParOldGen: 542789K(667648K)->565709K(667648K)
[462.603s][info][gc,metaspace   ] GC(1668) Metaspace: 18965K(19136K)->18965K(19136K) NonClass: 16304K(16384K)->16304K(16384K) Class: 2661K(2752K)->2661K(2752K)
[462.603s][info][gc             ] GC(1668) Pause Young (Allocation Failure) 745M->554M(908M) 37.470ms
[462.603s][info][gc,cpu         ] GC(1668) User=0.07s Sys=0.00s Real=0.04s
[462.851s][info][gc,start       ] GC(1669) Pause Young (Allocation Failure)
[462.872s][info][gc,heap        ] GC(1669) PSYoungGen: 199776K(262144K)->17216K(262144K) Eden: 198144K(198144K)->0K(198144K) From: 1632K(64000K)->17216K(64000K)
[462.872s][info][gc,heap        ] GC(1669) ParOldGen: 565709K(667648K)->567333K(667648K)
[462.872s][info][gc,metaspace   ] GC(1669) Metaspace: 18965K(19136K)->18965K(19136K) NonClass: 16304K(16384K)->16304K(16384K) Class: 2661K(2752K)->2661K(2752K)
[462.872s][info][gc             ] GC(1669) Pause Young (Allocation Failure) 747M->570M(908M) 21.823ms
[462.872s][info][gc,cpu         ] GC(1669) User=0.05s Sys=0.00s Real=0.02s
[463.017s][info][gc,start       ] GC(1670) Pause Young (Allocation Failure)
[463.090s][info][gc,heap        ] GC(1670) PSYoungGen: 215360K(262144K)->60898K(237056K) Eden: 198144K(198144K)->0K(176128K) From: 17216K(64000K)->60898K(60928K)
[463.090s][info][gc,heap        ] GC(1670) ParOldGen: 567333K(667648K)->587365K(667648K)
[463.090s][info][gc,metaspace   ] GC(1670) Metaspace: 18965K(19136K)->18965K(19136K) NonClass: 16304K(16384K)->16304K(16384K) Class: 2661K(2752K)->2661K(2752K)
[463.090s][info][gc             ] GC(1670) Pause Young (Allocation Failure) 764M->633M(883M) 73.436ms
[463.090s][info][gc,cpu         ] GC(1670) User=0.14s Sys=0.00s Real=0.07s
[463.348s][info][gc,start       ] GC(1671) Pause Young (Allocation Failure)
[463.437s][info][gc,heap        ] GC(1671) PSYoungGen: 237026K(237056K)->29296K(254976K) Eden: 176128K(176128K)->0K(176128K) From: 60898K(60928K)->29296K(78848K)
[463.437s][info][gc,heap        ] GC(1671) ParOldGen: 587365K(667648K)->648835K(667648K)
[463.437s][info][gc,metaspace   ] GC(1671) Metaspace: 18965K(19136K)->18965K(19136K) NonClass: 16304K(16384K)->16304K(16384K) Class: 2661K(2752K)->2661K(2752K)
[463.437s][info][gc             ] GC(1671) Pause Young (Allocation Failure) 805M->662M(901M) 88.273ms
[463.437s][info][gc,cpu         ] GC(1671) User=0.14s Sys=0.04s Real=0.09s
[463.704s][info][gc,start       ] GC(1672) Pause Full (Allocation Failure)
[463.704s][info][gc,phases,start] GC(1672) Marking Phase
[464.074s][info][gc,phases      ] GC(1672) Marking Phase 370.092ms
[464.074s][info][gc,phases,start] GC(1672) Summary Phase
[464.074s][info][gc,phases      ] GC(1672) Summary Phase 0.030ms
[464.074s][info][gc,phases,start] GC(1672) Forward
[464.210s][info][gc,phases      ] GC(1672) Forward 136.468ms
[464.210s][info][gc,phases,start] GC(1672) Adjust Pointers
[464.497s][info][gc,phases      ] GC(1672) Adjust Pointers 286.780ms
[464.497s][info][gc,phases,start] GC(1672) Compaction Phase
[464.671s][info][gc,phases      ] GC(1672) Compaction Phase 173.958ms
[464.683s][info][gc,phases,start] GC(1672) Post Compact
[464.685s][info][gc,phases      ] GC(1672) Post Compact 2.511ms
[464.686s][info][gc,heap        ] GC(1672) PSYoungGen: 205424K(254976K)->0K(250368K) Eden: 176128K(176128K)->0K(180736K) From: 29296K(78848K)->0K(69632K)
[464.686s][info][gc,heap        ] GC(1672) ParOldGen: 648835K(667648K)->503421K(667648K)
[464.686s][info][gc,metaspace   ] GC(1672) Metaspace: 18965K(19136K)->18965K(19136K) NonClass: 16304K(16384K)->16304K(16384K) Class: 2661K(2752K)->2661K(2752K)
[464.686s][info][gc             ] GC(1672) Pause Full (Allocation Failure) 834M->491M(896M) 982.041ms
[464.686s][info][gc,cpu         ] GC(1672) User=1.86s Sys=0.00s Real=0.98s
[464.869s][info][gc,start       ] GC(1673) Pause Young (Allocation Failure)
[464.890s][info][gc,heap        ] GC(1673) PSYoungGen: 180736K(250368K)->16640K(254976K) Eden: 180736K(180736K)->0K(180736K) From: 0K(69632K)->16640K(74240K)
[464.890s][info][gc,heap        ] GC(1673) ParOldGen: 503421K(667648K)->503421K(667648K)
[464.890s][info][gc,metaspace   ] GC(1673) Metaspace: 18965K(19136K)->18965K(19136K) NonClass: 16304K(16384K)->16304K(16384K) Class: 2661K(2752K)->2661K(2752K)
[464.890s][info][gc             ] GC(1673) Pause Young (Allocation Failure) 668M->507M(901M) 20.868ms
[464.890s][info][gc,cpu         ] GC(1673) User=0.05s Sys=0.00s Real=0.02s
[465.104s][info][gc,start       ] GC(1674) Pause Young (Allocation Failure)
[465.130s][info][gc,heap        ] GC(1674) PSYoungGen: 197376K(254976K)->4608K(256512K) Eden: 180736K(180736K)->0K(187904K) From: 16640K(74240K)->4608K(68608K)
[465.130s][info][gc,heap        ] GC(1674) ParOldGen: 503421K(667648K)->520085K(667648K)
[465.130s][info][gc,metaspace   ] GC(1674) Metaspace: 18965K(19136K)->18965K(19136K) NonClass: 16304K(16384K)->16304K(16384K) Class: 2661K(2752K)->2661K(2752K)
[465.130s][info][gc             ] GC(1674) Pause Young (Allocation Failure) 684M->512M(902M) 26.757ms
[465.130s][info][gc,cpu         ] GC(1674) User=0.05s Sys=0.00s Real=0.03s
[465.422s][info][gc,start       ] GC(1675) Pause Young (Allocation Failure)
[465.440s][info][gc,heap        ] GC(1675) PSYoungGen: 192512K(256512K)->9824K(259072K) Eden: 187904K(187904K)->0K(187904K) From: 4608K(68608K)->9824K(71168K)
[465.440s][info][gc,heap        ] GC(1675) ParOldGen: 520085K(667648K)->524677K(667648K)
[465.440s][info][gc,metaspace   ] GC(1675) Metaspace: 18965K(19136K)->18965K(19136K) NonClass: 16304K(16384K)->16304K(16384K) Class: 2661K(2752K)->2661K(2752K)
[465.440s][info][gc             ] GC(1675) Pause Young (Allocation Failure) 695M->521M(905M) 17.908ms
[465.440s][info][gc,cpu         ] GC(1675) User=0.04s Sys=0.00s Real=0.02s
[465.901s][info][gc,start       ] GC(1676) Pause Young (Allocation Failure)
[465.932s][info][gc,heap        ] GC(1676) PSYoungGen: 197728K(259072K)->26704K(254976K) Eden: 187904K(187904K)->0K(193536K) From: 9824K(71168K)->26704K(61440K)
[465.932s][info][gc,heap        ] GC(1676) ParOldGen: 524677K(667648K)->524677K(667648K)
[465.932s][info][gc,metaspace   ] GC(1676) Metaspace: 18965K(19136K)->18965K(19136K) NonClass: 16304K(16384K)->16304K(16384K) Class: 2661K(2752K)->2661K(2752K)
[465.932s][info][gc             ] GC(1676) Pause Young (Allocation Failure) 705M->538M(901M) 30.542ms
[465.932s][info][gc,cpu         ] GC(1676) User=0.06s Sys=0.00s Real=0.03s
[466.412s][info][gc,start       ] GC(1677) Pause Young (Allocation Failure)
[466.440s][info][gc,heap        ] GC(1677) PSYoungGen: 220240K(254976K)->26720K(259072K) Eden: 193536K(193536K)->0K(193536K) From: 26704K(61440K)->26720K(65536K)
[466.440s][info][gc,heap        ] GC(1677) ParOldGen: 524677K(667648K)->524677K(667648K)
[466.440s][info][gc,metaspace   ] GC(1677) Metaspace: 18965K(19136K)->18965K(19136K) NonClass: 16304K(16384K)->16304K(16384K) Class: 2661K(2752K)->2661K(2752K)
[466.440s][info][gc             ] GC(1677) Pause Young (Allocation Failure) 727M->538M(905M) 27.470ms
[466.440s][info][gc,cpu         ] GC(1677) User=0.05s Sys=0.00s Real=0.03s
[466.885s][info][gc,start       ] GC(1678) Pause Young (Allocation Failure)
[466.912s][info][gc,heap        ] GC(1678) PSYoungGen: 220256K(259072K)->26736K(262144K) Eden: 193536K(193536K)->0K(205824K) From: 26720K(65536K)->26736K(56320K)
[466.912s][info][gc,heap        ] GC(1678) ParOldGen: 524677K(667648K)->524677K(667648K)
[466.912s][info][gc,metaspace   ] GC(1678) Metaspace: 18965K(19136K)->18965K(19136K) NonClass: 16304K(16384K)->16304K(16384K) Class: 2661K(2752K)->2661K(2752K)
[466.912s][info][gc             ] GC(1678) Pause Young (Allocation Failure) 727M->538M(908M) 27.489ms
[466.912s][info][gc,cpu         ] GC(1678) User=0.06s Sys=0.00s Real=0.03s
[467.385s][info][gc,start       ] GC(1679) Pause Young (Allocation Failure)
[467.423s][info][gc,heap        ] GC(1679) PSYoungGen: 232560K(262144K)->28960K(265728K) Eden: 205824K(205824K)->0K(205824K) From: 26736K(56320K)->28960K(59904K)
[467.423s][info][gc,heap        ] GC(1679) ParOldGen: 524677K(667648K)->524677K(667648K)
[467.423s][info][gc,metaspace   ] GC(1679) Metaspace: 18966K(19136K)->18966K(19136K) NonClass: 16305K(16384K)->16305K(16384K) Class: 2661K(2752K)->2661K(2752K)
[467.423s][info][gc             ] GC(1679) Pause Young (Allocation Failure) 739M->540M(911M) 37.786ms
[467.423s][info][gc,cpu         ] GC(1679) User=0.08s Sys=0.01s Real=0.04s
[467.579s][info][gc,start       ] GC(1680) Pause Young (Allocation Failure)
[467.665s][info][gc,heap        ] GC(1680) PSYoungGen: 234784K(265728K)->57824K(226816K) Eden: 205824K(205824K)->0K(168960K) From: 28960K(59904K)->57824K(57856K)
[467.665s][info][gc,heap        ] GC(1680) ParOldGen: 524677K(667648K)->567125K(667648K)
[467.665s][info][gc,metaspace   ] GC(1680) Metaspace: 18966K(19136K)->18966K(19136K) NonClass: 16305K(16384K)->16305K(16384K) Class: 2661K(2752K)->2661K(2752K)
[467.665s][info][gc             ] GC(1680) Pause Young (Allocation Failure) 741M->610M(873M) 86.022ms
[467.665s][info][gc,cpu         ] GC(1680) User=0.16s Sys=0.00s Real=0.08s
[467.916s][info][gc,start       ] GC(1681) Pause Young (Allocation Failure)
[467.989s][info][gc,heap        ] GC(1681) PSYoungGen: 226784K(226816K)->39904K(251392K) Eden: 168960K(168960K)->0K(168960K) From: 57824K(57856K)->39904K(82432K)
[467.989s][info][gc,heap        ] GC(1681) ParOldGen: 567125K(667648K)->593862K(667648K)
[467.989s][info][gc,metaspace   ] GC(1681) Metaspace: 18966K(19136K)->18966K(19136K) NonClass: 16305K(16384K)->16305K(16384K) Class: 2661K(2752K)->2661K(2752K)
[467.989s][info][gc             ] GC(1681) Pause Young (Allocation Failure) 775M->618M(897M) 72.989ms
[467.989s][info][gc,cpu         ] GC(1681) User=0.15s Sys=0.00s Real=0.08s
[468.209s][info][gc,start       ] GC(1682) Pause Young (Allocation Failure)
[468.298s][info][gc,heap        ] GC(1682) PSYoungGen: 208864K(251392K)->77152K(229888K) Eden: 168960K(168960K)->0K(149504K) From: 39904K(82432K)->77152K(80384K)
[468.298s][info][gc,heap        ] GC(1682) ParOldGen: 593862K(667648K)->593886K(667648K)
[468.298s][info][gc,metaspace   ] GC(1682) Metaspace: 18966K(19136K)->18966K(19136K) NonClass: 16305K(16384K)->16305K(16384K) Class: 2661K(2752K)->2661K(2752K)
[468.298s][info][gc             ] GC(1682) Pause Young (Allocation Failure) 783M->655M(876M) 89.794ms
[468.298s][info][gc,cpu         ] GC(1682) User=0.18s Sys=0.00s Real=0.09s
[468.446s][info][gc,start       ] GC(1683) Pause Young (Allocation Failure)
[468.548s][info][gc,heap        ] GC(1683) PSYoungGen: 226656K(229888K)->60192K(209920K) Eden: 149504K(149504K)->0K(149504K) From: 77152K(80384K)->60192K(60416K)
[468.548s][info][gc,heap        ] GC(1683) ParOldGen: 593886K(667648K)->625342K(667648K)
[468.548s][info][gc,metaspace   ] GC(1683) Metaspace: 18966K(19136K)->18966K(19136K) NonClass: 16305K(16384K)->16305K(16384K) Class: 2661K(2752K)->2661K(2752K)
[468.548s][info][gc             ] GC(1683) Pause Young (Allocation Failure) 801M->669M(857M) 102.661ms
[468.548s][info][gc,cpu         ] GC(1683) User=0.21s Sys=0.00s Real=0.11s
[468.711s][info][gc,start       ] GC(1684) Pause Full (Allocation Failure)
[468.712s][info][gc,phases,start] GC(1684) Marking Phase
[469.082s][info][gc,phases      ] GC(1684) Marking Phase 370.724ms
[469.082s][info][gc,phases,start] GC(1684) Summary Phase
[469.082s][info][gc,phases      ] GC(1684) Summary Phase 0.027ms
[469.082s][info][gc,phases,start] GC(1684) Forward
[469.224s][info][gc,phases      ] GC(1684) Forward 141.949ms
[469.224s][info][gc,phases,start] GC(1684) Adjust Pointers
[469.507s][info][gc,phases      ] GC(1684) Adjust Pointers 282.395ms
[469.507s][info][gc,phases,start] GC(1684) Compaction Phase
[469.689s][info][gc,phases      ] GC(1684) Compaction Phase 182.125ms
[469.701s][info][gc,phases,start] GC(1684) Post Compact
[469.703s][info][gc,phases      ] GC(1684) Post Compact 2.460ms
[469.704s][info][gc,heap        ] GC(1684) PSYoungGen: 209696K(209920K)->0K(239104K) Eden: 149504K(149504K)->0K(144384K) From: 60192K(60416K)->0K(94720K)
[469.704s][info][gc,heap        ] GC(1684) ParOldGen: 625342K(667648K)->510931K(667648K)
[469.704s][info][gc,metaspace   ] GC(1684) Metaspace: 18966K(19136K)->18966K(19136K) NonClass: 16305K(16384K)->16305K(16384K) Class: 2661K(2752K)->2661K(2752K)
[469.704s][info][gc             ] GC(1684) Pause Full (Allocation Failure) 815M->498M(885M) 992.104ms
[469.704s][info][gc,cpu         ] GC(1684) User=1.87s Sys=0.00s Real=0.99s
[469.879s][info][gc,start       ] GC(1685) Pause Young (Allocation Failure)
[469.889s][info][gc,heap        ] GC(1685) PSYoungGen: 144384K(239104K)->3904K(148480K) Eden: 144384K(144384K)->0K(144384K) From: 0K(94720K)->3904K(4096K)
[469.889s][info][gc,heap        ] GC(1685) ParOldGen: 510931K(667648K)->510931K(667648K)
[469.889s][info][gc,metaspace   ] GC(1685) Metaspace: 18966K(19136K)->18966K(19136K) NonClass: 16305K(16384K)->16305K(16384K) Class: 2661K(2752K)->2661K(2752K)
[469.889s][info][gc             ] GC(1685) Pause Young (Allocation Failure) 639M->502M(797M) 9.620ms
[469.889s][info][gc,cpu         ] GC(1685) User=0.01s Sys=0.00s Real=0.01s
[470.118s][info][gc,start       ] GC(1686) Pause Young (Allocation Failure)
[470.142s][info][gc,heap        ] GC(1686) PSYoungGen: 148288K(148480K)->16588K(240640K) Eden: 144384K(144384K)->0K(144896K) From: 3904K(4096K)->16588K(95744K)
[470.142s][info][gc,heap        ] GC(1686) ParOldGen: 510931K(667648K)->514827K(667648K)
[470.142s][info][gc,metaspace   ] GC(1686) Metaspace: 18966K(19136K)->18966K(19136K) NonClass: 16305K(16384K)->16305K(16384K) Class: 2661K(2752K)->2661K(2752K)
[470.142s][info][gc             ] GC(1686) Pause Young (Allocation Failure) 643M->518M(887M) 24.471ms
[470.142s][info][gc,cpu         ] GC(1686) User=0.04s Sys=0.00s Real=0.02s
[470.280s][info][gc,start       ] GC(1687) Pause Young (Allocation Failure)
[470.326s][info][gc,heap        ] GC(1687) PSYoungGen: 161484K(240640K)->25280K(170496K) Eden: 144896K(144896K)->0K(144896K) From: 16588K(95744K)->25280K(25600K)
[470.326s][info][gc,heap        ] GC(1687) ParOldGen: 514827K(667648K)->531416K(667648K)
[470.326s][info][gc,metaspace   ] GC(1687) Metaspace: 18966K(19136K)->18966K(19136K) NonClass: 16305K(16384K)->16305K(16384K) Class: 2661K(2752K)->2661K(2752K)
[470.326s][info][gc             ] GC(1687) Pause Young (Allocation Failure) 660M->543M(818M) 46.047ms
[470.326s][info][gc,cpu         ] GC(1687) User=0.09s Sys=0.01s Real=0.04s
[470.515s][info][gc,start       ] GC(1688) Pause Young (Allocation Failure)
[470.559s][info][gc,heap        ] GC(1688) PSYoungGen: 170176K(170496K)->23936K(237056K) Eden: 144896K(144896K)->0K(148480K) From: 25280K(25600K)->23936K(88576K)
[470.559s][info][gc,heap        ] GC(1688) ParOldGen: 531416K(667648K)->556744K(667648K)
[470.559s][info][gc,metaspace   ] GC(1688) Metaspace: 18972K(19200K)->18972K(19200K) NonClass: 16311K(16448K)->16311K(16448K) Class: 2661K(2752K)->2661K(2752K)
[470.559s][info][gc             ] GC(1688) Pause Young (Allocation Failure) 685M->567M(883M) 44.929ms
[470.559s][info][gc,cpu         ] GC(1688) User=0.08s Sys=0.00s Real=0.05s
[470.745s][info][gc,start       ] GC(1689) Pause Young (Allocation Failure)
[470.778s][info][gc,heap        ] GC(1689) PSYoungGen: 172416K(237056K)->15104K(233472K) Eden: 148480K(148480K)->0K(148480K) From: 23936K(88576K)->15104K(84992K)
[470.778s][info][gc,heap        ] GC(1689) ParOldGen: 556744K(667648K)->575008K(667648K)
[470.778s][info][gc,metaspace   ] GC(1689) Metaspace: 18972K(19200K)->18972K(19200K) NonClass: 16311K(16448K)->16311K(16448K) Class: 2661K(2752K)->2661K(2752K)
[470.778s][info][gc             ] GC(1689) Pause Young (Allocation Failure) 712M->576M(880M) 33.288ms
[470.778s][info][gc,cpu         ] GC(1689) User=0.07s Sys=0.00s Real=0.04s
[471.012s][info][gc,start       ] GC(1690) Pause Young (Allocation Failure)
[471.051s][info][gc,heap        ] GC(1690) PSYoungGen: 163584K(233472K)->3808K(243200K) Eden: 148480K(148480K)->0K(160768K) From: 15104K(84992K)->3808K(82432K)
[471.051s][info][gc,heap        ] GC(1690) ParOldGen: 575008K(667648K)->590112K(667648K)
[471.051s][info][gc,metaspace   ] GC(1690) Metaspace: 18972K(19200K)->18972K(19200K) NonClass: 16311K(16448K)->16311K(16448K) Class: 2661K(2752K)->2661K(2752K)
[471.051s][info][gc             ] GC(1690) Pause Young (Allocation Failure) 721M->580M(889M) 39.043ms
[471.051s][info][gc,cpu         ] GC(1690) User=0.07s Sys=0.00s Real=0.04s
[471.418s][info][gc,start       ] GC(1691) Pause Young (Allocation Failure)
[471.428s][info][gc,heap        ] GC(1691) PSYoungGen: 164576K(243200K)->4512K(242688K) Eden: 160768K(160768K)->0K(160768K) From: 3808K(82432K)->4512K(81920K)
[471.428s][info][gc,heap        ] GC(1691) ParOldGen: 590112K(667648K)->593856K(667648K)
[471.428s][info][gc,metaspace   ] GC(1691) Metaspace: 18973K(19200K)->18973K(19200K) NonClass: 16312K(16448K)->16312K(16448K) Class: 2661K(2752K)->2661K(2752K)
[471.428s][info][gc             ] GC(1691) Pause Young (Allocation Failure) 737M->584M(889M) 10.090ms
[471.428s][info][gc,cpu         ] GC(1691) User=0.02s Sys=0.00s Real=0.01s
[471.639s][info][gc,start       ] GC(1692) Pause Young (Allocation Failure)
[471.656s][info][gc,heap        ] GC(1692) PSYoungGen: 165280K(242688K)->15792K(246784K) Eden: 160768K(160768K)->0K(171520K) From: 4512K(81920K)->15792K(75264K)
[471.656s][info][gc,heap        ] GC(1692) ParOldGen: 593856K(667648K)->593856K(667648K)
[471.656s][info][gc,metaspace   ] GC(1692) Metaspace: 18973K(19200K)->18973K(19200K) NonClass: 16312K(16448K)->16312K(16448K) Class: 2661K(2752K)->2661K(2752K)
[471.656s][info][gc             ] GC(1692) Pause Young (Allocation Failure) 741M->595M(893M) 16.818ms
[471.656s][info][gc,cpu         ] GC(1692) User=0.03s Sys=0.00s Real=0.01s
[471.761s][info][gc,start       ] GC(1693) Pause Young (Allocation Failure)
[471.819s][info][gc,heap        ] GC(1693) PSYoungGen: 187312K(246784K)->75936K(247808K) Eden: 171520K(171520K)->0K(171520K) From: 15792K(75264K)->75936K(76288K)
[471.819s][info][gc,heap        ] GC(1693) ParOldGen: 593856K(667648K)->593856K(667648K)
[471.819s][info][gc,metaspace   ] GC(1693) Metaspace: 18973K(19200K)->18973K(19200K) NonClass: 16312K(16448K)->16312K(16448K) Class: 2661K(2752K)->2661K(2752K)
[471.819s][info][gc             ] GC(1693) Pause Young (Allocation Failure) 762M->654M(894M) 58.576ms
[471.819s][info][gc,cpu         ] GC(1693) User=0.12s Sys=0.00s Real=0.06s
[472.066s][info][gc,start       ] GC(1694) Pause Young (Allocation Failure)
[472.131s][info][gc,heap        ] GC(1694) PSYoungGen: 247456K(247808K)->75920K(217088K) Eden: 171520K(171520K)->0K(131072K) From: 75936K(76288K)->75920K(86016K)
[472.131s][info][gc,heap        ] GC(1694) ParOldGen: 593856K(667648K)->609709K(667648K)
[472.131s][info][gc,metaspace   ] GC(1694) Metaspace: 18973K(19200K)->18973K(19200K) NonClass: 16312K(16448K)->16312K(16448K) Class: 2661K(2752K)->2661K(2752K)
[472.131s][info][gc             ] GC(1694) Pause Young (Allocation Failure) 821M->669M(864M) 65.120ms
[472.131s][info][gc,cpu         ] GC(1694) User=0.13s Sys=0.00s Real=0.07s
[472.334s][info][gc,start       ] GC(1695) Pause Young (Allocation Failure)
[472.446s][info][gc,promotion   ] GC(1695) Promotion failed
[472.446s][info][gc,heap        ] GC(1695) PSYoungGen: 206992K(217088K)->206992K(217088K) Eden: 131072K(131072K)->131072K(131072K) From: 75920K(86016K)->75920K(86016K)
[472.446s][info][gc,heap        ] GC(1695) ParOldGen: 609709K(667648K)->667641K(667648K)
[472.446s][info][gc,metaspace   ] GC(1695) Metaspace: 18973K(19200K)->18973K(19200K) NonClass: 16312K(16448K)->16312K(16448K) Class: 2661K(2752K)->2661K(2752K)
[472.446s][info][gc             ] GC(1695) Pause Young (Allocation Failure) 797M->854M(864M) 112.712ms
[472.446s][info][gc,cpu         ] GC(1695) User=0.20s Sys=0.02s Real=0.12s
[472.446s][info][gc,start       ] GC(1696) Pause Full (Allocation Failure)
[472.446s][info][gc,phases,start] GC(1696) Marking Phase
[472.795s][info][gc,phases      ] GC(1696) Marking Phase 349.093ms
[472.795s][info][gc,phases,start] GC(1696) Summary Phase
[472.796s][info][gc,phases      ] GC(1696) Summary Phase 0.027ms
[472.796s][info][gc,phases,start] GC(1696) Forward
[472.885s][info][gc,phases      ] GC(1696) Forward 89.882ms
[472.885s][info][gc,phases,start] GC(1696) Adjust Pointers
[473.148s][info][gc,phases      ] GC(1696) Adjust Pointers 262.728ms
[473.148s][info][gc,phases,start] GC(1696) Compaction Phase
[473.285s][info][gc,phases      ] GC(1696) Compaction Phase 136.541ms
[473.292s][info][gc,phases,start] GC(1696) Post Compact
[473.295s][info][gc,phases      ] GC(1696) Post Compact 2.564ms
[473.295s][info][gc,heap        ] GC(1696) PSYoungGen: 206992K(217088K)->0K(232448K) Eden: 131072K(131072K)->0K(131072K) From: 75920K(86016K)->0K(101376K)
[473.295s][info][gc,heap        ] GC(1696) ParOldGen: 667641K(667648K)->485067K(667648K)
[473.295s][info][gc,metaspace   ] GC(1696) Metaspace: 18973K(19200K)->18973K(19200K) NonClass: 16312K(16448K)->16312K(16448K) Class: 2661K(2752K)->2661K(2752K)
[473.295s][info][gc             ] GC(1696) Pause Full (Allocation Failure) 854M->473M(879M) 848.726ms
[473.295s][info][gc,cpu         ] GC(1696) User=1.61s Sys=0.00s Real=0.84s
[473.463s][info][gc,start       ] GC(1697) Pause Young (Allocation Failure)
[473.488s][info][gc,heap        ] GC(1697) PSYoungGen: 131072K(232448K)->21856K(223232K) Eden: 131072K(131072K)->0K(131072K) From: 0K(101376K)->21856K(92160K)
[473.488s][info][gc,heap        ] GC(1697) ParOldGen: 485067K(667648K)->485067K(667648K)
[473.488s][info][gc,metaspace   ] GC(1697) Metaspace: 18973K(19200K)->18973K(19200K) NonClass: 16312K(16448K)->16312K(16448K) Class: 2661K(2752K)->2661K(2752K)
[473.488s][info][gc             ] GC(1697) Pause Young (Allocation Failure) 601M->495M(870M) 24.940ms
[473.488s][info][gc,cpu         ] GC(1697) User=0.05s Sys=0.00s Real=0.03s
[473.603s][info][gc,start       ] GC(1698) Pause Young (Allocation Failure)
[473.631s][info][gc,heap        ] GC(1698) PSYoungGen: 152928K(223232K)->4096K(227840K) Eden: 131072K(131072K)->0K(131072K) From: 21856K(92160K)->4096K(96768K)
[473.631s][info][gc,heap        ] GC(1698) ParOldGen: 485067K(667648K)->506939K(667648K)
[473.631s][info][gc,metaspace   ] GC(1698) Metaspace: 18973K(19200K)->18973K(19200K) NonClass: 16312K(16448K)->16312K(16448K) Class: 2661K(2752K)->2661K(2752K)
[473.631s][info][gc             ] GC(1698) Pause Young (Allocation Failure) 623M->499M(874M) 28.444ms
[473.631s][info][gc,cpu         ] GC(1698) User=0.06s Sys=0.00s Real=0.03s
[473.783s][info][gc,start       ] GC(1699) Pause Young (Allocation Failure)
[473.794s][info][gc,heap        ] GC(1699) PSYoungGen: 135168K(227840K)->672K(232960K) Eden: 131072K(131072K)->0K(141312K) From: 4096K(96768K)->672K(91648K)
[473.794s][info][gc,heap        ] GC(1699) ParOldGen: 506939K(667648K)->511027K(667648K)
[473.794s][info][gc,metaspace   ] GC(1699) Metaspace: 18973K(19200K)->18973K(19200K) NonClass: 16312K(16448K)->16312K(16448K) Class: 2661K(2752K)->2661K(2752K)
[473.794s][info][gc             ] GC(1699) Pause Young (Allocation Failure) 627M->499M(879M) 11.502ms
[473.794s][info][gc,cpu         ] GC(1699) User=0.02s Sys=0.00s Real=0.01s
[473.984s][info][gc,start       ] GC(1700) Pause Young (Allocation Failure)
[473.993s][info][gc,heap        ] GC(1700) PSYoungGen: 141984K(232960K)->4640K(235520K) Eden: 141312K(141312K)->0K(141312K) From: 672K(91648K)->4640K(94208K)
[473.993s][info][gc,heap        ] GC(1700) ParOldGen: 511027K(667648K)->511027K(667648K)
[473.993s][info][gc,metaspace   ] GC(1700) Metaspace: 18973K(19200K)->18973K(19200K) NonClass: 16312K(16448K)->16312K(16448K) Class: 2661K(2752K)->2661K(2752K)
[473.993s][info][gc             ] GC(1700) Pause Young (Allocation Failure) 637M->503M(882M) 8.740ms
[473.993s][info][gc,cpu         ] GC(1700) User=0.02s Sys=0.00s Real=0.01s
[474.211s][info][gc,start       ] GC(1701) Pause Young (Allocation Failure)
[474.240s][info][gc,heap        ] GC(1701) PSYoungGen: 145952K(235520K)->26096K(227840K) Eden: 141312K(141312K)->0K(148480K) From: 4640K(94208K)->26096K(79360K)
[474.240s][info][gc,heap        ] GC(1701) ParOldGen: 511027K(667648K)->511027K(667648K)
[474.240s][info][gc,metaspace   ] GC(1701) Metaspace: 18973K(19200K)->18973K(19200K) NonClass: 16312K(16448K)->16312K(16448K) Class: 2661K(2752K)->2661K(2752K)
[474.240s][info][gc             ] GC(1701) Pause Young (Allocation Failure) 641M->524M(874M) 29.027ms
[474.240s][info][gc,cpu         ] GC(1701) User=0.05s Sys=0.00s Real=0.03s
[474.637s][info][gc,start       ] GC(1702) Pause Young (Allocation Failure)
[474.681s][info][gc,heap        ] GC(1702) PSYoungGen: 174576K(227840K)->31760K(233472K) Eden: 148480K(148480K)->0K(148480K) From: 26096K(79360K)->31760K(84992K)
[474.681s][info][gc,heap        ] GC(1702) ParOldGen: 511027K(667648K)->511027K(667648K)
[474.681s][info][gc,metaspace   ] GC(1702) Metaspace: 18973K(19200K)->18973K(19200K) NonClass: 16312K(16448K)->16312K(16448K) Class: 2661K(2752K)->2661K(2752K)
[474.681s][info][gc             ] GC(1702) Pause Young (Allocation Failure) 669M->530M(880M) 43.761ms
[474.681s][info][gc,cpu         ] GC(1702) User=0.09s Sys=0.00s Real=0.04s
[474.868s][info][gc,start       ] GC(1703) Pause Young (Allocation Failure)
[474.929s][info][gc,heap        ] GC(1703) PSYoungGen: 180240K(233472K)->71296K(229888K) Eden: 148480K(148480K)->0K(148480K) From: 31760K(84992K)->71296K(81408K)
[474.929s][info][gc,heap        ] GC(1703) ParOldGen: 511027K(667648K)->511027K(667648K)
[474.929s][info][gc,metaspace   ] GC(1703) Metaspace: 18978K(19200K)->18978K(19200K) NonClass: 16317K(16448K)->16317K(16448K) Class: 2661K(2752K)->2661K(2752K)
[474.929s][info][gc             ] GC(1703) Pause Young (Allocation Failure) 675M->568M(876M) 60.984ms
[474.929s][info][gc,cpu         ] GC(1703) User=0.12s Sys=0.01s Real=0.06s
[475.135s][info][gc,start       ] GC(1704) Pause Young (Allocation Failure)
[475.212s][info][gc,heap        ] GC(1704) PSYoungGen: 219776K(229888K)->82720K(231424K) Eden: 148480K(148480K)->0K(148480K) From: 71296K(81408K)->82720K(82944K)
[475.212s][info][gc,heap        ] GC(1704) ParOldGen: 511027K(667648K)->511027K(667648K)
[475.212s][info][gc,metaspace   ] GC(1704) Metaspace: 18978K(19200K)->18978K(19200K) NonClass: 16317K(16448K)->16317K(16448K) Class: 2661K(2752K)->2661K(2752K)
[475.212s][info][gc             ] GC(1704) Pause Young (Allocation Failure) 713M->579M(878M) 76.683ms
[475.212s][info][gc,cpu         ] GC(1704) User=0.16s Sys=0.00s Real=0.08s
[475.469s][info][gc,start       ] GC(1705) Pause Young (Allocation Failure)
[475.551s][info][gc,heap        ] GC(1705) PSYoungGen: 231200K(231424K)->86288K(214016K) Eden: 148480K(148480K)->0K(111616K) From: 82720K(82944K)->86288K(102400K)
[475.551s][info][gc,heap        ] GC(1705) ParOldGen: 511027K(667648K)->511675K(667648K)
[475.551s][info][gc,metaspace   ] GC(1705) Metaspace: 18978K(19200K)->18978K(19200K) NonClass: 16317K(16448K)->16317K(16448K) Class: 2661K(2752K)->2661K(2752K)
[475.551s][info][gc             ] GC(1705) Pause Young (Allocation Failure) 724M->583M(861M) 82.415ms
[475.551s][info][gc,cpu         ] GC(1705) User=0.16s Sys=0.00s Real=0.08s
[475.687s][info][gc,start       ] GC(1706) Pause Young (Allocation Failure)
[475.785s][info][gc,heap        ] GC(1706) PSYoungGen: 197904K(214016K)->77392K(222720K) Eden: 111616K(111616K)->0K(111616K) From: 86288K(102400K)->77392K(111104K)
[475.785s][info][gc,heap        ] GC(1706) ParOldGen: 511675K(667648K)->537156K(667648K)
[475.785s][info][gc,metaspace   ] GC(1706) Metaspace: 18978K(19200K)->18978K(19200K) NonClass: 16317K(16448K)->16317K(16448K) Class: 2661K(2752K)->2661K(2752K)
[475.785s][info][gc             ] GC(1706) Pause Young (Allocation Failure) 692M->600M(869M) 98.703ms
[475.785s][info][gc,cpu         ] GC(1706) User=0.19s Sys=0.00s Real=0.09s
[475.897s][info][gc,start       ] GC(1707) Pause Young (Allocation Failure)
[475.970s][info][gc,heap        ] GC(1707) PSYoungGen: 189008K(222720K)->33408K(222720K) Eden: 111616K(111616K)->0K(111616K) From: 77392K(111104K)->33408K(111104K)
[475.971s][info][gc,heap        ] GC(1707) ParOldGen: 537156K(667648K)->582596K(667648K)
[475.971s][info][gc,metaspace   ] GC(1707) Metaspace: 18978K(19200K)->18978K(19200K) NonClass: 16317K(16448K)->16317K(16448K) Class: 2661K(2752K)->2661K(2752K)
[475.971s][info][gc             ] GC(1707) Pause Young (Allocation Failure) 709M->601M(869M) 73.087ms
[475.971s][info][gc,cpu         ] GC(1707) User=0.14s Sys=0.00s Real=0.07s
[476.112s][info][gc,start       ] GC(1708) Pause Young (Allocation Failure)
[476.160s][info][gc,heap        ] GC(1708) PSYoungGen: 145024K(222720K)->24608K(222720K) Eden: 111616K(111616K)->0K(111616K) From: 33408K(111104K)->24608K(111104K)
[476.160s][info][gc,heap        ] GC(1708) ParOldGen: 582596K(667648K)->598492K(667648K)
[476.160s][info][gc,metaspace   ] GC(1708) Metaspace: 18978K(19200K)->18978K(19200K) NonClass: 16317K(16448K)->16317K(16448K) Class: 2661K(2752K)->2661K(2752K)
[476.160s][info][gc             ] GC(1708) Pause Young (Allocation Failure) 710M->608M(869M) 48.757ms
[476.160s][info][gc,cpu         ] GC(1708) User=0.10s Sys=0.00s Real=0.05s
[476.401s][info][gc,start       ] GC(1709) Pause Young (Allocation Failure)
[476.437s][info][gc,heap        ] GC(1709) PSYoungGen: 136224K(222720K)->16448K(221696K) Eden: 111616K(111616K)->0K(111616K) From: 24608K(111104K)->16448K(110080K)
[476.437s][info][gc,heap        ] GC(1709) ParOldGen: 598492K(667648K)->616044K(667648K)
[476.437s][info][gc,metaspace   ] GC(1709) Metaspace: 18978K(19200K)->18978K(19200K) NonClass: 16317K(16448K)->16317K(16448K) Class: 2661K(2752K)->2661K(2752K)
[476.437s][info][gc             ] GC(1709) Pause Young (Allocation Failure) 717M->617M(868M) 35.872ms
[476.437s][info][gc,cpu         ] GC(1709) User=0.07s Sys=0.00s Real=0.04s
[476.737s][info][gc,start       ] GC(1710) Pause Young (Allocation Failure)
[476.756s][info][gc,heap        ] GC(1710) PSYoungGen: 128064K(221696K)->96K(222208K) Eden: 111616K(111616K)->0K(111616K) From: 16448K(110080K)->96K(110592K)
[476.756s][info][gc,heap        ] GC(1710) ParOldGen: 616044K(667648K)->632500K(667648K)
[476.756s][info][gc,metaspace   ] GC(1710) Metaspace: 18978K(19200K)->18978K(19200K) NonClass: 16317K(16448K)->16317K(16448K) Class: 2661K(2752K)->2661K(2752K)
[476.756s][info][gc             ] GC(1710) Pause Young (Allocation Failure) 726M->617M(869M) 19.143ms
[476.756s][info][gc,cpu         ] GC(1710) User=0.04s Sys=0.00s Real=0.01s
[477.031s][info][gc,start       ] GC(1711) Pause Full (Allocation Failure)
[477.031s][info][gc,phases,start] GC(1711) Marking Phase
[477.381s][info][gc,phases      ] GC(1711) Marking Phase 349.887ms
[477.381s][info][gc,phases,start] GC(1711) Summary Phase
[477.381s][info][gc,phases      ] GC(1711) Summary Phase 0.029ms
[477.381s][info][gc,phases,start] GC(1711) Forward
[477.520s][info][gc,phases      ] GC(1711) Forward 139.031ms
[477.520s][info][gc,phases,start] GC(1711) Adjust Pointers
[477.788s][info][gc,phases      ] GC(1711) Adjust Pointers 268.296ms
[477.788s][info][gc,phases,start] GC(1711) Compaction Phase
[477.941s][info][gc,phases      ] GC(1711) Compaction Phase 153.206ms
[477.951s][info][gc,phases,start] GC(1711) Post Compact
[477.953s][info][gc,phases      ] GC(1711) Post Compact 2.221ms
[477.953s][info][gc,heap        ] GC(1711) PSYoungGen: 111712K(222208K)->0K(223232K) Eden: 111616K(111616K)->0K(113152K) From: 96K(110592K)->0K(110080K)
[477.953s][info][gc,heap        ] GC(1711) ParOldGen: 632500K(667648K)->468707K(667648K)
[477.953s][info][gc,metaspace   ] GC(1711) Metaspace: 18978K(19200K)->18978K(19200K) NonClass: 16317K(16448K)->16317K(16448K) Class: 2661K(2752K)->2661K(2752K)
[477.953s][info][gc             ] GC(1711) Pause Full (Allocation Failure) 726M->457M(870M) 922.324ms
[477.953s][info][gc,cpu         ] GC(1711) User=1.72s Sys=0.00s Real=0.92s
[478.228s][info][gc,start       ] GC(1712) Pause Young (Allocation Failure)
[478.230s][info][gc,heap        ] GC(1712) PSYoungGen: 113152K(223232K)->576K(114176K) Eden: 113152K(113152K)->0K(113152K) From: 0K(110080K)->576K(1024K)
[478.230s][info][gc,heap        ] GC(1712) ParOldGen: 468707K(667648K)->468707K(667648K)
[478.230s][info][gc,metaspace   ] GC(1712) Metaspace: 18978K(19200K)->18978K(19200K) NonClass: 16317K(16448K)->16317K(16448K) Class: 2661K(2752K)->2661K(2752K)
[478.230s][info][gc             ] GC(1712) Pause Young (Allocation Failure) 568M->458M(763M) 2.216ms
[478.230s][info][gc,cpu         ] GC(1712) User=0.01s Sys=0.00s Real=0.00s
[478.473s][info][gc,start       ] GC(1713) Pause Young (Allocation Failure)
[478.487s][info][gc,heap        ] GC(1713) PSYoungGen: 113728K(114176K)->320K(223744K) Eden: 113152K(113152K)->0K(115712K) From: 576K(1024K)->320K(108032K)
[478.487s][info][gc,heap        ] GC(1713) ParOldGen: 468707K(667648K)->468707K(667648K)
[478.487s][info][gc,metaspace   ] GC(1713) Metaspace: 18978K(19200K)->18978K(19200K) NonClass: 16317K(16448K)->16317K(16448K) Class: 2661K(2752K)->2661K(2752K)
[478.487s][info][gc             ] GC(1713) Pause Young (Allocation Failure) 568M->458M(870M) 14.230ms
[478.487s][info][gc,cpu         ] GC(1713) User=0.03s Sys=0.00s Real=0.02s
[478.590s][info][gc,start       ] GC(1714) Pause Young (Allocation Failure)
[478.618s][info][gc,heap        ] GC(1714) PSYoungGen: 116032K(223744K)->35200K(151040K) Eden: 115712K(115712K)->0K(115712K) From: 320K(108032K)->35200K(35328K)
[478.618s][info][gc,heap        ] GC(1714) ParOldGen: 468707K(667648K)->468707K(667648K)
[478.618s][info][gc,metaspace   ] GC(1714) Metaspace: 18979K(19200K)->18979K(19200K) NonClass: 16318K(16448K)->16318K(16448K) Class: 2661K(2752K)->2661K(2752K)
[478.618s][info][gc             ] GC(1714) Pause Young (Allocation Failure) 571M->492M(799M) 28.786ms
[478.618s][info][gc,cpu         ] GC(1714) User=0.05s Sys=0.00s Real=0.03s
[478.744s][info][gc,start       ] GC(1715) Pause Young (Allocation Failure)
[478.789s][info][gc,heap        ] GC(1715) PSYoungGen: 150912K(151040K)->68768K(213504K) Eden: 115712K(115712K)->0K(112640K) From: 35200K(35328K)->68768K(100864K)
[478.789s][info][gc,heap        ] GC(1715) ParOldGen: 468707K(667648K)->468707K(667648K)
[478.789s][info][gc,metaspace   ] GC(1715) Metaspace: 18979K(19200K)->18979K(19200K) NonClass: 16318K(16448K)->16318K(16448K) Class: 2661K(2752K)->2661K(2752K)
[478.789s][info][gc             ] GC(1715) Pause Young (Allocation Failure) 605M->524M(860M) 45.342ms
[478.789s][info][gc,cpu         ] GC(1715) User=0.09s Sys=0.00s Real=0.05s
[478.901s][info][gc,start       ] GC(1716) Pause Young (Allocation Failure)
[478.945s][info][gc,heap        ] GC(1716) PSYoungGen: 181408K(213504K)->71561K(220672K) Eden: 112640K(112640K)->0K(112640K) From: 68768K(100864K)->71561K(108032K)
[478.945s][info][gc,heap        ] GC(1716) ParOldGen: 468707K(667648K)->468723K(667648K)
[478.945s][info][gc,metaspace   ] GC(1716) Metaspace: 18979K(19200K)->18979K(19200K) NonClass: 16318K(16448K)->16318K(16448K) Class: 2661K(2752K)->2661K(2752K)
[478.945s][info][gc             ] GC(1716) Pause Young (Allocation Failure) 634M->527M(867M) 44.527ms
[478.945s][info][gc,cpu         ] GC(1716) User=0.09s Sys=0.00s Real=0.04s
[479.044s][info][gc,start       ] GC(1717) Pause Young (Allocation Failure)
[479.111s][info][gc,heap        ] GC(1717) PSYoungGen: 184201K(220672K)->64633K(222720K) Eden: 112640K(112640K)->0K(111616K) From: 71561K(108032K)->64633K(111104K)
[479.111s][info][gc,heap        ] GC(1717) ParOldGen: 468723K(667648K)->504286K(667648K)
[479.111s][info][gc,metaspace   ] GC(1717) Metaspace: 18980K(19200K)->18980K(19200K) NonClass: 16319K(16448K)->16319K(16448K) Class: 2661K(2752K)->2661K(2752K)
[479.111s][info][gc             ] GC(1717) Pause Young (Allocation Failure) 637M->555M(869M) 66.469ms
[479.111s][info][gc,cpu         ] GC(1717) User=0.14s Sys=0.00s Real=0.07s
[479.168s][info][gc,start       ] GC(1718) Pause Young (Allocation Failure)
[479.266s][info][gc,heap        ] GC(1718) PSYoungGen: 176249K(222720K)->80560K(222720K) Eden: 111616K(111616K)->0K(111616K) From: 64633K(111104K)->80560K(111104K)
[479.266s][info][gc,heap        ] GC(1718) ParOldGen: 504286K(667648K)->541016K(667648K)
[479.266s][info][gc,metaspace   ] GC(1718) Metaspace: 18980K(19200K)->18980K(19200K) NonClass: 16319K(16448K)->16319K(16448K) Class: 2661K(2752K)->2661K(2752K)
[479.266s][info][gc             ] GC(1718) Pause Young (Allocation Failure) 664M->607M(869M) 97.558ms
[479.266s][info][gc,cpu         ] GC(1718) User=0.19s Sys=0.00s Real=0.09s
[479.425s][info][gc,start       ] GC(1719) Pause Young (Allocation Failure)
[479.500s][info][gc,heap        ] GC(1719) PSYoungGen: 192176K(222720K)->7104K(222720K) Eden: 111616K(111616K)->0K(111616K) From: 80560K(111104K)->7104K(111104K)
[479.500s][info][gc,heap        ] GC(1719) ParOldGen: 541016K(667648K)->622343K(667648K)
[479.500s][info][gc,metaspace   ] GC(1719) Metaspace: 18980K(19200K)->18980K(19200K) NonClass: 16319K(16448K)->16319K(16448K) Class: 2661K(2752K)->2661K(2752K)
[479.500s][info][gc             ] GC(1719) Pause Young (Allocation Failure) 716M->614M(869M) 75.402ms
[479.500s][info][gc,cpu         ] GC(1719) User=0.15s Sys=0.00s Real=0.08s
[479.607s][info][gc,start       ] GC(1720) Pause Full (Allocation Failure)
[479.607s][info][gc,phases,start] GC(1720) Marking Phase
[479.915s][info][gc,phases      ] GC(1720) Marking Phase 308.064ms
[479.915s][info][gc,phases,start] GC(1720) Summary Phase
[479.915s][info][gc,phases      ] GC(1720) Summary Phase 0.025ms
[479.915s][info][gc,phases,start] GC(1720) Forward
[480.036s][info][gc,phases      ] GC(1720) Forward 120.537ms
[480.036s][info][gc,phases,start] GC(1720) Adjust Pointers
[480.286s][info][gc,phases      ] GC(1720) Adjust Pointers 249.482ms
[480.286s][info][gc,phases,start] GC(1720) Compaction Phase
[480.420s][info][gc,phases      ] GC(1720) Compaction Phase 134.369ms
[480.429s][info][gc,phases,start] GC(1720) Post Compact
[480.431s][info][gc,phases      ] GC(1720) Post Compact 2.166ms
[480.431s][info][gc,heap        ] GC(1720) PSYoungGen: 118720K(222720K)->0K(222720K) Eden: 111616K(111616K)->0K(111616K) From: 7104K(111104K)->0K(111104K)
[480.431s][info][gc,heap        ] GC(1720) ParOldGen: 622343K(667648K)->465563K(667648K)
[480.431s][info][gc,metaspace   ] GC(1720) Metaspace: 18980K(19200K)->18980K(19200K) NonClass: 16319K(16448K)->16319K(16448K) Class: 2661K(2752K)->2661K(2752K)
[480.431s][info][gc             ] GC(1720) Pause Full (Allocation Failure) 723M->454M(869M) 823.939ms
[480.431s][info][gc,cpu         ] GC(1720) User=1.54s Sys=0.00s Real=0.82s
[480.594s][info][gc,start       ] GC(1721) Pause Young (Allocation Failure)
[480.619s][info][gc,heap        ] GC(1721) PSYoungGen: 111616K(222720K)->16672K(222720K) Eden: 111616K(111616K)->0K(111616K) From: 0K(111104K)->16672K(111104K)
[480.620s][info][gc,heap        ] GC(1721) ParOldGen: 465563K(667648K)->465563K(667648K)
[480.620s][info][gc,metaspace   ] GC(1721) Metaspace: 18980K(19200K)->18980K(19200K) NonClass: 16319K(16448K)->16319K(16448K) Class: 2661K(2752K)->2661K(2752K)
[480.620s][info][gc             ] GC(1721) Pause Young (Allocation Failure) 563M->470M(869M) 25.721ms
[480.620s][info][gc,cpu         ] GC(1721) User=0.06s Sys=0.00s Real=0.03s
[480.771s][info][gc,start       ] GC(1722) Pause Young (Allocation Failure)
[480.796s][info][gc,heap        ] GC(1722) PSYoungGen: 128288K(222720K)->64K(222720K) Eden: 111616K(111616K)->0K(111616K) From: 16672K(111104K)->64K(111104K)
[480.796s][info][gc,heap        ] GC(1722) ParOldGen: 465563K(667648K)->482251K(667648K)
[480.796s][info][gc,metaspace   ] GC(1722) Metaspace: 18980K(19200K)->18980K(19200K) NonClass: 16319K(16448K)->16319K(16448K) Class: 2661K(2752K)->2661K(2752K)
[480.796s][info][gc             ] GC(1722) Pause Young (Allocation Failure) 579M->471M(869M) 24.851ms
[480.796s][info][gc,cpu         ] GC(1722) User=0.05s Sys=0.00s Real=0.03s
[480.949s][info][gc,start       ] GC(1723) Pause Young (Allocation Failure)
[480.950s][info][gc,heap        ] GC(1723) PSYoungGen: 111680K(222720K)->64K(222720K) Eden: 111616K(111616K)->0K(111616K) From: 64K(111104K)->64K(111104K)
[480.950s][info][gc,heap        ] GC(1723) ParOldGen: 482251K(667648K)->482251K(667648K)
[480.950s][info][gc,metaspace   ] GC(1723) Metaspace: 18980K(19200K)->18980K(19200K) NonClass: 16319K(16448K)->16319K(16448K) Class: 2661K(2752K)->2661K(2752K)
[480.950s][info][gc             ] GC(1723) Pause Young (Allocation Failure) 580M->471M(869M) 1.615ms
[480.950s][info][gc,cpu         ] GC(1723) User=0.00s Sys=0.00s Real=0.00s
[481.099s][info][gc,start       ] GC(1724) Pause Young (Allocation Failure)
[481.101s][info][gc,heap        ] GC(1724) PSYoungGen: 111680K(222720K)->64K(222720K) Eden: 111616K(111616K)->0K(111616K) From: 64K(111104K)->64K(111104K)
[481.101s][info][gc,heap        ] GC(1724) ParOldGen: 482251K(667648K)->482251K(667648K)
[481.101s][info][gc,metaspace   ] GC(1724) Metaspace: 18980K(19200K)->18980K(19200K) NonClass: 16319K(16448K)->16319K(16448K) Class: 2661K(2752K)->2661K(2752K)
[481.101s][info][gc             ] GC(1724) Pause Young (Allocation Failure) 580M->471M(869M) 1.621ms
[481.101s][info][gc,cpu         ] GC(1724) User=0.00s Sys=0.00s Real=0.00s
[481.250s][info][gc,start       ] GC(1725) Pause Young (Allocation Failure)
[481.251s][info][gc,heap        ] GC(1725) PSYoungGen: 111680K(222720K)->64K(215552K) Eden: 111616K(111616K)->0K(111616K) From: 64K(111104K)->64K(103936K)
[481.251s][info][gc,heap        ] GC(1725) ParOldGen: 482251K(667648K)->482251K(667648K)
[481.251s][info][gc,metaspace   ] GC(1725) Metaspace: 18980K(19200K)->18980K(19200K) NonClass: 16319K(16448K)->16319K(16448K) Class: 2661K(2752K)->2661K(2752K)
[481.251s][info][gc             ] GC(1725) Pause Young (Allocation Failure) 580M->471M(862M) 1.660ms
[481.252s][info][gc,cpu         ] GC(1725) User=0.00s Sys=0.00s Real=0.00s
[481.403s][info][gc,start       ] GC(1726) Pause Young (Allocation Failure)
[481.405s][info][gc,heap        ] GC(1726) PSYoungGen: 111680K(215552K)->64K(219136K) Eden: 111616K(111616K)->0K(111616K) From: 64K(103936K)->64K(107520K)
[481.405s][info][gc,heap        ] GC(1726) ParOldGen: 482251K(667648K)->482251K(667648K)
[481.405s][info][gc,metaspace   ] GC(1726) Metaspace: 18980K(19200K)->18980K(19200K) NonClass: 16319K(16448K)->16319K(16448K) Class: 2661K(2752K)->2661K(2752K)
[481.405s][info][gc             ] GC(1726) Pause Young (Allocation Failure) 580M->471M(866M) 1.627ms
[481.405s][info][gc,cpu         ] GC(1726) User=0.00s Sys=0.00s Real=0.00s
[481.557s][info][gc,start       ] GC(1727) Pause Young (Allocation Failure)
[481.559s][info][gc,heap        ] GC(1727) PSYoungGen: 111680K(219136K)->64K(210944K) Eden: 111616K(111616K)->0K(116736K) From: 64K(107520K)->64K(94208K)
[481.559s][info][gc,heap        ] GC(1727) ParOldGen: 482251K(667648K)->482251K(667648K)
[481.559s][info][gc,metaspace   ] GC(1727) Metaspace: 18980K(19200K)->18980K(19200K) NonClass: 16319K(16448K)->16319K(16448K) Class: 2661K(2752K)->2661K(2752K)
[481.559s][info][gc             ] GC(1727) Pause Young (Allocation Failure) 580M->471M(858M) 1.871ms
[481.559s][info][gc,cpu         ] GC(1727) User=0.00s Sys=0.00s Real=0.00s
[481.720s][info][gc,start       ] GC(1728) Pause Young (Allocation Failure)
[481.722s][info][gc,heap        ] GC(1728) PSYoungGen: 116800K(210944K)->64K(216064K) Eden: 116736K(116736K)->0K(116736K) From: 64K(94208K)->64K(99328K)
[481.722s][info][gc,heap        ] GC(1728) ParOldGen: 482251K(667648K)->482251K(667648K)
[481.722s][info][gc,metaspace   ] GC(1728) Metaspace: 18980K(19200K)->18980K(19200K) NonClass: 16319K(16448K)->16319K(16448K) Class: 2661K(2752K)->2661K(2752K)
[481.722s][info][gc             ] GC(1728) Pause Young (Allocation Failure) 585M->471M(863M) 2.013ms
[481.722s][info][gc,cpu         ] GC(1728) User=0.00s Sys=0.00s Real=0.00s
[481.881s][info][gc,start       ] GC(1729) Pause Young (Allocation Failure)
[481.884s][info][gc,heap        ] GC(1729) PSYoungGen: 116800K(216064K)->64K(204800K) Eden: 116736K(116736K)->0K(120320K) From: 64K(99328K)->64K(84480K)
[481.884s][info][gc,heap        ] GC(1729) ParOldGen: 482251K(667648K)->482251K(667648K)
[481.884s][info][gc,metaspace   ] GC(1729) Metaspace: 18980K(19200K)->18980K(19200K) NonClass: 16319K(16448K)->16319K(16448K) Class: 2661K(2752K)->2661K(2752K)
[481.884s][info][gc             ] GC(1729) Pause Young (Allocation Failure) 585M->471M(852M) 2.463ms
[481.884s][info][gc,cpu         ] GC(1729) User=0.00s Sys=0.00s Real=0.00s
[482.051s][info][gc,start       ] GC(1730) Pause Young (Allocation Failure)
[482.053s][info][gc,heap        ] GC(1730) PSYoungGen: 120384K(204800K)->64K(120832K) Eden: 120320K(120320K)->0K(120320K) From: 64K(84480K)->64K(512K)
[482.053s][info][gc,heap        ] GC(1730) ParOldGen: 482251K(667648K)->482251K(667648K)
[482.053s][info][gc,metaspace   ] GC(1730) Metaspace: 18980K(19200K)->18980K(19200K) NonClass: 16319K(16448K)->16319K(16448K) Class: 2661K(2752K)->2661K(2752K)
[482.053s][info][gc             ] GC(1730) Pause Young (Allocation Failure) 588M->471M(770M) 2.280ms
[482.053s][info][gc,cpu         ] GC(1730) User=0.01s Sys=0.01s Real=0.00s
[482.192s][info][gc,start       ] GC(1731) Pause Young (Allocation Failure)
[482.209s][info][gc,heap        ] GC(1731) PSYoungGen: 120384K(120832K)->12480K(198656K) Eden: 120320K(120320K)->0K(124928K) From: 64K(512K)->12480K(73728K)
[482.209s][info][gc,heap        ] GC(1731) ParOldGen: 482251K(667648K)->482251K(667648K)
[482.209s][info][gc,metaspace   ] GC(1731) Metaspace: 18980K(19200K)->18980K(19200K) NonClass: 16319K(16448K)->16319K(16448K) Class: 2661K(2752K)->2661K(2752K)
[482.209s][info][gc             ] GC(1731) Pause Young (Allocation Failure) 588M->483M(846M) 16.558ms
[482.209s][info][gc,cpu         ] GC(1731) User=0.03s Sys=0.00s Real=0.02s
[482.337s][info][gc,start       ] GC(1732) Pause Young (Allocation Failure)
[482.369s][info][gc,heap        ] GC(1732) PSYoungGen: 137408K(198656K)->31360K(203776K) Eden: 124928K(124928K)->0K(124928K) From: 12480K(73728K)->31360K(78848K)
[482.370s][info][gc,heap        ] GC(1732) ParOldGen: 482251K(667648K)->482251K(667648K)
[482.370s][info][gc,metaspace   ] GC(1732) Metaspace: 18980K(19200K)->18980K(19200K) NonClass: 16319K(16448K)->16319K(16448K) Class: 2661K(2752K)->2661K(2752K)
[482.370s][info][gc             ] GC(1732) Pause Young (Allocation Failure) 605M->501M(851M) 33.031ms
[482.370s][info][gc,cpu         ] GC(1732) User=0.06s Sys=0.00s Real=0.03s
[482.470s][info][gc,start       ] GC(1733) Pause Young (Allocation Failure)
[482.506s][info][gc,heap        ] GC(1733) PSYoungGen: 156288K(203776K)->35264K(210432K) Eden: 124928K(124928K)->0K(131584K) From: 31360K(78848K)->35264K(78848K)
[482.506s][info][gc,heap        ] GC(1733) ParOldGen: 482251K(667648K)->482251K(667648K)
[482.506s][info][gc,metaspace   ] GC(1733) Metaspace: 18980K(19200K)->18980K(19200K) NonClass: 16319K(16448K)->16319K(16448K) Class: 2661K(2752K)->2661K(2752K)
[482.506s][info][gc             ] GC(1733) Pause Young (Allocation Failure) 623M->505M(857M) 36.270ms
[482.506s][info][gc,cpu         ] GC(1733) User=0.07s Sys=0.00s Real=0.03s
[482.623s][info][gc,start       ] GC(1734) Pause Young (Allocation Failure)
[482.673s][info][gc,heap        ] GC(1734) PSYoungGen: 166848K(210432K)->46720K(210944K) Eden: 131584K(131584K)->0K(131584K) From: 35264K(78848K)->46720K(79360K)
[482.673s][info][gc,heap        ] GC(1734) ParOldGen: 482251K(667648K)->482251K(667648K)
[482.673s][info][gc,metaspace   ] GC(1734) Metaspace: 18980K(19200K)->18980K(19200K) NonClass: 16319K(16448K)->16319K(16448K) Class: 2661K(2752K)->2661K(2752K)
[482.673s][info][gc             ] GC(1734) Pause Young (Allocation Failure) 633M->516M(858M) 49.893ms
[482.673s][info][gc,cpu         ] GC(1734) User=0.10s Sys=0.00s Real=0.05s
[482.779s][info][gc,start       ] GC(1735) Pause Young (Allocation Failure)
[482.845s][info][gc,heap        ] GC(1735) PSYoungGen: 178304K(210944K)->61888K(218112K) Eden: 131584K(131584K)->0K(134144K) From: 46720K(79360K)->61888K(83968K)
[482.845s][info][gc,heap        ] GC(1735) ParOldGen: 482251K(667648K)->482251K(667648K)
[482.845s][info][gc,metaspace   ] GC(1735) Metaspace: 18980K(19200K)->18980K(19200K) NonClass: 16319K(16448K)->16319K(16448K) Class: 2661K(2752K)->2661K(2752K)
[482.845s][info][gc             ] GC(1735) Pause Young (Allocation Failure) 645M->531M(865M) 65.777ms
[482.845s][info][gc,cpu         ] GC(1735) User=0.13s Sys=0.00s Real=0.06s
[482.941s][info][gc,start       ] GC(1736) Pause Young (Allocation Failure)
[483.016s][info][gc,heap        ] GC(1736) PSYoungGen: 196032K(218112K)->74752K(227328K) Eden: 134144K(134144K)->0K(134144K) From: 61888K(83968K)->74752K(93184K)
[483.016s][info][gc,heap        ] GC(1736) ParOldGen: 482251K(667648K)->482251K(667648K)
[483.016s][info][gc,metaspace   ] GC(1736) Metaspace: 18980K(19200K)->18980K(19200K) NonClass: 16319K(16448K)->16319K(16448K) Class: 2661K(2752K)->2661K(2752K)
[483.016s][info][gc             ] GC(1736) Pause Young (Allocation Failure) 662M->543M(874M) 74.969ms
[483.016s][info][gc,cpu         ] GC(1736) User=0.15s Sys=0.00s Real=0.08s
[483.097s][info][gc,start       ] GC(1737) Pause Young (Allocation Failure)
[483.180s][info][gc,heap        ] GC(1737) PSYoungGen: 208896K(227328K)->77760K(216064K) Eden: 134144K(134144K)->0K(111616K) From: 74752K(93184K)->77760K(104448K)
[483.180s][info][gc,heap        ] GC(1737) ParOldGen: 482251K(667648K)->482251K(667648K)
[483.180s][info][gc,metaspace   ] GC(1737) Metaspace: 18980K(19200K)->18980K(19200K) NonClass: 16319K(16448K)->16319K(16448K) Class: 2661K(2752K)->2661K(2752K)
[483.180s][info][gc             ] GC(1737) Pause Young (Allocation Failure) 674M->546M(863M) 83.277ms
[483.180s][info][gc,cpu         ] GC(1737) User=0.15s Sys=0.02s Real=0.08s
[483.292s][info][gc,start       ] GC(1738) Pause Young (Allocation Failure)
[483.377s][info][gc,heap        ] GC(1738) PSYoungGen: 189376K(216064K)->86016K(222720K) Eden: 111616K(111616K)->0K(111616K) From: 77760K(104448K)->86016K(111104K)
[483.377s][info][gc,heap        ] GC(1738) ParOldGen: 482251K(667648K)->482251K(667648K)
[483.377s][info][gc,metaspace   ] GC(1738) Metaspace: 18980K(19200K)->18980K(19200K) NonClass: 16319K(16448K)->16319K(16448K) Class: 2661K(2752K)->2661K(2752K)
[483.377s][info][gc             ] GC(1738) Pause Young (Allocation Failure) 655M->554M(869M) 85.118ms
[483.377s][info][gc,cpu         ] GC(1738) User=0.17s Sys=0.00s Real=0.09s
[483.453s][info][gc,start       ] GC(1739) Pause Young (Allocation Failure)
[483.557s][info][gc,heap        ] GC(1739) PSYoungGen: 197632K(222720K)->90784K(222720K) Eden: 111616K(111616K)->0K(111616K) From: 86016K(111104K)->90784K(111104K)
[483.557s][info][gc,heap        ] GC(1739) ParOldGen: 482251K(667648K)->494707K(667648K)
[483.557s][info][gc,metaspace   ] GC(1739) Metaspace: 18980K(19200K)->18980K(19200K) NonClass: 16319K(16448K)->16319K(16448K) Class: 2661K(2752K)->2661K(2752K)
[483.557s][info][gc             ] GC(1739) Pause Young (Allocation Failure) 663M->571M(869M) 103.861ms
[483.557s][info][gc,cpu         ] GC(1739) User=0.20s Sys=0.01s Real=0.11s
[483.666s][info][gc,start       ] GC(1740) Pause Young (Allocation Failure)
[483.755s][info][gc,heap        ] GC(1740) PSYoungGen: 202400K(222720K)->68016K(222720K) Eden: 111616K(111616K)->0K(111616K) From: 90784K(111104K)->68016K(111104K)
[483.755s][info][gc,heap        ] GC(1740) ParOldGen: 494707K(667648K)->517579K(667648K)
[483.755s][info][gc,metaspace   ] GC(1740) Metaspace: 18980K(19200K)->18980K(19200K) NonClass: 16319K(16448K)->16319K(16448K) Class: 2661K(2752K)->2661K(2752K)
[483.755s][info][gc             ] GC(1740) Pause Young (Allocation Failure) 680M->571M(869M) 89.210ms
[483.755s][info][gc,cpu         ] GC(1740) User=0.18s Sys=0.00s Real=0.08s
[483.967s][info][gc,start       ] GC(1741) Pause Young (Allocation Failure)
[484.049s][info][gc,heap        ] GC(1741) PSYoungGen: 179632K(222720K)->55200K(222720K) Eden: 111616K(111616K)->0K(111616K) From: 68016K(111104K)->55200K(111104K)
[484.049s][info][gc,heap        ] GC(1741) ParOldGen: 517579K(667648K)->544243K(667648K)
[484.049s][info][gc,metaspace   ] GC(1741) Metaspace: 18980K(19200K)->18980K(19200K) NonClass: 16319K(16448K)->16319K(16448K) Class: 2661K(2752K)->2661K(2752K)
[484.049s][info][gc             ] GC(1741) Pause Young (Allocation Failure) 680M->585M(869M) 82.028ms
[484.049s][info][gc,cpu         ] GC(1741) User=0.16s Sys=0.00s Real=0.08s
[484.231s][info][gc,start       ] GC(1742) Pause Young (Allocation Failure)
[484.296s][info][gc,heap        ] GC(1742) PSYoungGen: 166816K(222720K)->49072K(222720K) Eden: 111616K(111616K)->0K(111616K) From: 55200K(111104K)->49072K(111104K)
[484.297s][info][gc,heap        ] GC(1742) ParOldGen: 544243K(667648K)->560171K(667648K)
[484.297s][info][gc,metaspace   ] GC(1742) Metaspace: 18980K(19200K)->18980K(19200K) NonClass: 16319K(16448K)->16319K(16448K) Class: 2661K(2752K)->2661K(2752K)
[484.297s][info][gc             ] GC(1742) Pause Young (Allocation Failure) 694M->594M(869M) 65.382ms
[484.297s][info][gc,cpu         ] GC(1742) User=0.13s Sys=0.00s Real=0.07s
[484.680s][info][gc,start       ] GC(1743) Pause Young (Allocation Failure)
[484.730s][info][gc,heap        ] GC(1743) PSYoungGen: 160688K(222720K)->23696K(222720K) Eden: 111616K(111616K)->0K(111616K) From: 49072K(111104K)->23696K(111104K)
[484.730s][info][gc,heap        ] GC(1743) ParOldGen: 560171K(667648K)->585684K(667648K)
[484.730s][info][gc,metaspace   ] GC(1743) Metaspace: 18980K(19200K)->18980K(19200K) NonClass: 16319K(16448K)->16319K(16448K) Class: 2661K(2752K)->2661K(2752K)
[484.730s][info][gc             ] GC(1743) Pause Young (Allocation Failure) 703M->595M(869M) 50.271ms
[484.730s][info][gc,cpu         ] GC(1743) User=0.10s Sys=0.00s Real=0.05s
[485.026s][info][gc,start       ] GC(1744) Pause Young (Allocation Failure)
[485.052s][info][gc,heap        ] GC(1744) PSYoungGen: 135312K(222720K)->9824K(222720K) Eden: 111616K(111616K)->0K(111616K) From: 23696K(111104K)->9824K(111104K)
[485.052s][info][gc,heap        ] GC(1744) ParOldGen: 585684K(667648K)->599548K(667648K)
[485.052s][info][gc,metaspace   ] GC(1744) Metaspace: 18980K(19200K)->18980K(19200K) NonClass: 16319K(16448K)->16319K(16448K) Class: 2661K(2752K)->2661K(2752K)
[485.052s][info][gc             ] GC(1744) Pause Young (Allocation Failure) 704M->595M(869M) 25.467ms
[485.052s][info][gc,cpu         ] GC(1744) User=0.05s Sys=0.00s Real=0.02s
[485.323s][info][gc,start       ] GC(1745) Pause Young (Allocation Failure)
[485.335s][info][gc,heap        ] GC(1745) PSYoungGen: 121440K(222720K)->96K(222720K) Eden: 111616K(111616K)->0K(111616K) From: 9824K(111104K)->96K(111104K)
[485.335s][info][gc,heap        ] GC(1745) ParOldGen: 599548K(667648K)->609324K(667648K)
[485.335s][info][gc,metaspace   ] GC(1745) Metaspace: 18980K(19200K)->18980K(19200K) NonClass: 16319K(16448K)->16319K(16448K) Class: 2661K(2752K)->2661K(2752K)
[485.335s][info][gc             ] GC(1745) Pause Young (Allocation Failure) 704M->595M(869M) 12.288ms
[485.335s][info][gc,cpu         ] GC(1745) User=0.02s Sys=0.00s Real=0.01s
[485.600s][info][gc,start       ] GC(1746) Pause Young (Allocation Failure)
[485.602s][info][gc,heap        ] GC(1746) PSYoungGen: 111712K(222720K)->64K(222720K) Eden: 111616K(111616K)->0K(111616K) From: 96K(111104K)->64K(111104K)
[485.602s][info][gc,heap        ] GC(1746) ParOldGen: 609324K(667648K)->609388K(667648K)
[485.602s][info][gc,metaspace   ] GC(1746) Metaspace: 18980K(19200K)->18980K(19200K) NonClass: 16319K(16448K)->16319K(16448K) Class: 2661K(2752K)->2661K(2752K)
[485.602s][info][gc             ] GC(1746) Pause Young (Allocation Failure) 704M->595M(869M) 2.157ms
[485.602s][info][gc,cpu         ] GC(1746) User=0.00s Sys=0.00s Real=0.00s
[485.869s][info][gc,start       ] GC(1747) Pause Young (Allocation Failure)
[485.871s][info][gc,heap        ] GC(1747) PSYoungGen: 111680K(222720K)->64K(222720K) Eden: 111616K(111616K)->0K(111616K) From: 64K(111104K)->64K(111104K)
[485.871s][info][gc,heap        ] GC(1747) ParOldGen: 609388K(667648K)->609404K(667648K)
[485.871s][info][gc,metaspace   ] GC(1747) Metaspace: 18980K(19200K)->18980K(19200K) NonClass: 16319K(16448K)->16319K(16448K) Class: 2661K(2752K)->2661K(2752K)
[485.871s][info][gc             ] GC(1747) Pause Young (Allocation Failure) 704M->595M(869M) 2.019ms
[485.871s][info][gc,cpu         ] GC(1747) User=0.00s Sys=0.00s Real=0.00s
[486.136s][info][gc,start       ] GC(1748) Pause Young (Allocation Failure)
[486.138s][info][gc,heap        ] GC(1748) PSYoungGen: 111680K(222720K)->64K(112128K) Eden: 111616K(111616K)->0K(111616K) From: 64K(111104K)->64K(512K)
[486.138s][info][gc,heap        ] GC(1748) ParOldGen: 609404K(667648K)->609412K(667648K)
[486.138s][info][gc,metaspace   ] GC(1748) Metaspace: 18980K(19200K)->18980K(19200K) NonClass: 16319K(16448K)->16319K(16448K) Class: 2661K(2752K)->2661K(2752K)
[486.138s][info][gc             ] GC(1748) Pause Young (Allocation Failure) 704M->595M(761M) 2.037ms
[486.138s][info][gc,cpu         ] GC(1748) User=0.00s Sys=0.00s Real=0.01s
[486.387s][info][gc,start       ] GC(1749) Pause Young (Allocation Failure)
[486.389s][info][gc,heap        ] GC(1749) PSYoungGen: 111680K(112128K)->64K(224256K) Eden: 111616K(111616K)->0K(115200K) From: 64K(512K)->64K(109056K)
[486.389s][info][gc,heap        ] GC(1749) ParOldGen: 609412K(667648K)->609412K(667648K)
[486.389s][info][gc,metaspace   ] GC(1749) Metaspace: 18980K(19200K)->18980K(19200K) NonClass: 16319K(16448K)->16319K(16448K) Class: 2661K(2752K)->2661K(2752K)
[486.389s][info][gc             ] GC(1749) Pause Young (Allocation Failure) 704M->595M(871M) 2.182ms
[486.389s][info][gc,cpu         ] GC(1749) User=0.00s Sys=0.00s Real=0.00s
[486.669s][info][gc,start       ] GC(1750) Pause Young (Allocation Failure)
[486.672s][info][gc,heap        ] GC(1750) PSYoungGen: 115264K(224256K)->192K(115712K) Eden: 115200K(115200K)->0K(115200K) From: 64K(109056K)->192K(512K)
[486.672s][info][gc,heap        ] GC(1750) ParOldGen: 609412K(667648K)->609412K(667648K)
[486.672s][info][gc,metaspace   ] GC(1750) Metaspace: 18980K(19200K)->18980K(19200K) NonClass: 16319K(16448K)->16319K(16448K) Class: 2661K(2752K)->2661K(2752K)
[486.672s][info][gc             ] GC(1750) Pause Young (Allocation Failure) 707M->595M(765M) 2.507ms
[486.672s][info][gc,cpu         ] GC(1750) User=0.00s Sys=0.00s Real=0.00s
[486.864s][info][gc,start       ] GC(1751) Pause Young (Allocation Failure)
[486.879s][info][gc,heap        ] GC(1751) PSYoungGen: 115392K(115712K)->16480K(210432K) Eden: 115200K(115200K)->0K(119808K) From: 192K(512K)->16480K(90624K)
[486.879s][info][gc,heap        ] GC(1751) ParOldGen: 609412K(667648K)->609412K(667648K)
[486.879s][info][gc,metaspace   ] GC(1751) Metaspace: 18981K(19200K)->18981K(19200K) NonClass: 16320K(16448K)->16320K(16448K) Class: 2661K(2752K)->2661K(2752K)
[486.879s][info][gc             ] GC(1751) Pause Young (Allocation Failure) 707M->611M(857M) 14.249ms
[486.879s][info][gc,cpu         ] GC(1751) User=0.02s Sys=0.00s Real=0.02s
[486.943s][info][gc,start       ] GC(1752) Pause Young (Allocation Failure)
[486.987s][info][gc,heap        ] GC(1752) PSYoungGen: 136288K(210432K)->61120K(215552K) Eden: 119808K(119808K)->0K(119808K) From: 16480K(90624K)->61120K(95744K)
[486.987s][info][gc,heap        ] GC(1752) ParOldGen: 609412K(667648K)->609412K(667648K)
[486.987s][info][gc,metaspace   ] GC(1752) Metaspace: 18981K(19200K)->18981K(19200K) NonClass: 16320K(16448K)->16320K(16448K) Class: 2661K(2752K)->2661K(2752K)
[486.987s][info][gc             ] GC(1752) Pause Young (Allocation Failure) 728M->654M(862M) 43.920ms
[486.987s][info][gc,cpu         ] GC(1752) User=0.09s Sys=0.00s Real=0.05s
[487.158s][info][gc,start       ] GC(1753) Pause Young (Allocation Failure)
[487.206s][info][gc,heap        ] GC(1753) PSYoungGen: 180928K(215552K)->74944K(214528K) Eden: 119808K(119808K)->0K(111616K) From: 61120K(95744K)->74944K(102912K)
[487.207s][info][gc,heap        ] GC(1753) ParOldGen: 609412K(667648K)->609412K(667648K)
[487.207s][info][gc,metaspace   ] GC(1753) Metaspace: 18981K(19200K)->18981K(19200K) NonClass: 16320K(16448K)->16320K(16448K) Class: 2661K(2752K)->2661K(2752K)
[487.207s][info][gc             ] GC(1753) Pause Young (Allocation Failure) 771M->668M(861M) 48.634ms
[487.207s][info][gc,cpu         ] GC(1753) User=0.09s Sys=0.00s Real=0.05s
[487.321s][info][gc,start       ] GC(1754) Pause Young (Allocation Failure)
[487.378s][info][gc,heap        ] GC(1754) PSYoungGen: 186560K(214528K)->84864K(222720K) Eden: 111616K(111616K)->0K(111616K) From: 74944K(102912K)->84864K(111104K)
[487.378s][info][gc,heap        ] GC(1754) ParOldGen: 609412K(667648K)->609428K(667648K)
[487.378s][info][gc,metaspace   ] GC(1754) Metaspace: 18981K(19200K)->18981K(19200K) NonClass: 16320K(16448K)->16320K(16448K) Class: 2661K(2752K)->2661K(2752K)
[487.378s][info][gc             ] GC(1754) Pause Young (Allocation Failure) 777M->678M(869M) 56.609ms
[487.378s][info][gc,cpu         ] GC(1754) User=0.11s Sys=0.00s Real=0.06s
[487.448s][info][gc,start       ] GC(1755) Pause Young (Allocation Failure)
[487.562s][info][gc,heap        ] GC(1755) PSYoungGen: 196480K(222720K)->111072K(222720K) Eden: 111616K(111616K)->0K(111616K) From: 84864K(111104K)->111072K(111104K)
[487.562s][info][gc,heap        ] GC(1755) ParOldGen: 609428K(667648K)->631213K(667648K)
[487.562s][info][gc,metaspace   ] GC(1755) Metaspace: 18981K(19200K)->18981K(19200K) NonClass: 16320K(16448K)->16320K(16448K) Class: 2661K(2752K)->2661K(2752K)
[487.562s][info][gc             ] GC(1755) Pause Young (Allocation Failure) 787M->724M(869M) 114.612ms
[487.562s][info][gc,cpu         ] GC(1755) User=0.21s Sys=0.02s Real=0.11s
[487.653s][info][gc,start       ] GC(1756) Pause Full (Allocation Failure)
[487.653s][info][gc,phases,start] GC(1756) Marking Phase
[487.900s][info][gc,phases      ] GC(1756) Marking Phase 247.146ms
[487.900s][info][gc,phases,start] GC(1756) Summary Phase
[487.900s][info][gc,phases      ] GC(1756) Summary Phase 0.030ms
[487.900s][info][gc,phases,start] GC(1756) Forward
[488.003s][info][gc,phases      ] GC(1756) Forward 103.035ms
[488.003s][info][gc,phases,start] GC(1756) Adjust Pointers
[488.196s][info][gc,phases      ] GC(1756) Adjust Pointers 192.696ms
[488.196s][info][gc,phases,start] GC(1756) Compaction Phase
[488.302s][info][gc,phases      ] GC(1756) Compaction Phase 105.807ms
[488.309s][info][gc,phases,start] GC(1756) Post Compact
[488.312s][info][gc,phases      ] GC(1756) Post Compact 2.491ms
[488.312s][info][gc,heap        ] GC(1756) PSYoungGen: 222688K(222720K)->0K(222720K) Eden: 111616K(111616K)->0K(111616K) From: 111072K(111104K)->0K(111104K)
[488.312s][info][gc,heap        ] GC(1756) ParOldGen: 631213K(667648K)->375520K(667648K)
[488.312s][info][gc,metaspace   ] GC(1756) Metaspace: 18981K(19200K)->18981K(19200K) NonClass: 16320K(16448K)->16320K(16448K) Class: 2661K(2752K)->2661K(2752K)
[488.312s][info][gc             ] GC(1756) Pause Full (Allocation Failure) 833M->366M(869M) 658.667ms
[488.312s][info][gc,cpu         ] GC(1756) User=1.21s Sys=0.00s Real=0.66s
[488.454s][info][gc,start       ] GC(1757) Pause Young (Allocation Failure)
[488.457s][info][gc,heap        ] GC(1757) PSYoungGen: 111616K(222720K)->256K(222720K) Eden: 111616K(111616K)->0K(111616K) From: 0K(111104K)->256K(111104K)
[488.457s][info][gc,heap        ] GC(1757) ParOldGen: 375520K(667648K)->375520K(667648K)
[488.457s][info][gc,metaspace   ] GC(1757) Metaspace: 18981K(19200K)->18981K(19200K) NonClass: 16320K(16448K)->16320K(16448K) Class: 2661K(2752K)->2661K(2752K)
[488.457s][info][gc             ] GC(1757) Pause Young (Allocation Failure) 475M->366M(869M) 2.416ms
[488.457s][info][gc,cpu         ] GC(1757) User=0.01s Sys=0.00s Real=0.01s
[488.605s][info][gc,start       ] GC(1758) Pause Young (Allocation Failure)
[488.608s][info][gc,heap        ] GC(1758) PSYoungGen: 111872K(222720K)->320K(222720K) Eden: 111616K(111616K)->0K(111616K) From: 256K(111104K)->320K(111104K)
[488.608s][info][gc,heap        ] GC(1758) ParOldGen: 375520K(667648K)->375520K(667648K)
[488.608s][info][gc,metaspace   ] GC(1758) Metaspace: 18981K(19200K)->18981K(19200K) NonClass: 16320K(16448K)->16320K(16448K) Class: 2661K(2752K)->2661K(2752K)
[488.608s][info][gc             ] GC(1758) Pause Young (Allocation Failure) 475M->367M(869M) 2.710ms
[488.608s][info][gc,cpu         ] GC(1758) User=0.00s Sys=0.00s Real=0.01s
[488.723s][info][gc,start       ] GC(1759) Pause Young (Allocation Failure)
[488.726s][info][gc,heap        ] GC(1759) PSYoungGen: 111936K(222720K)->160K(222720K) Eden: 111616K(111616K)->0K(111616K) From: 320K(111104K)->160K(111104K)
[488.726s][info][gc,heap        ] GC(1759) ParOldGen: 375520K(667648K)->375816K(667648K)
[488.726s][info][gc,metaspace   ] GC(1759) Metaspace: 18981K(19200K)->18981K(19200K) NonClass: 16320K(16448K)->16320K(16448K) Class: 2661K(2752K)->2661K(2752K)
[488.726s][info][gc             ] GC(1759) Pause Young (Allocation Failure) 476M->367M(869M) 2.313ms
[488.726s][info][gc,cpu         ] GC(1759) User=0.01s Sys=0.00s Real=0.00s
[488.840s][info][gc,start       ] GC(1760) Pause Young (Allocation Failure)
[488.841s][info][gc,heap        ] GC(1760) PSYoungGen: 111776K(222720K)->160K(222720K) Eden: 111616K(111616K)->0K(111616K) From: 160K(111104K)->160K(111104K)
[488.841s][info][gc,heap        ] GC(1760) ParOldGen: 375816K(667648K)->375936K(667648K)
[488.841s][info][gc,metaspace   ] GC(1760) Metaspace: 18981K(19200K)->18981K(19200K) NonClass: 16320K(16448K)->16320K(16448K) Class: 2661K(2752K)->2661K(2752K)
[488.841s][info][gc             ] GC(1760) Pause Young (Allocation Failure) 476M->367M(869M) 1.862ms
[488.841s][info][gc,cpu         ] GC(1760) User=0.01s Sys=0.00s Real=0.00s
[488.959s][info][gc,start       ] GC(1761) Pause Young (Allocation Failure)
[488.961s][info][gc,heap        ] GC(1761) PSYoungGen: 111776K(222720K)->128K(222720K) Eden: 111616K(111616K)->0K(111616K) From: 160K(111104K)->128K(111104K)
[488.961s][info][gc,heap        ] GC(1761) ParOldGen: 375936K(667648K)->376056K(667648K)
[488.961s][info][gc,metaspace   ] GC(1761) Metaspace: 18981K(19200K)->18981K(19200K) NonClass: 16320K(16448K)->16320K(16448K) Class: 2661K(2752K)->2661K(2752K)
[488.961s][info][gc             ] GC(1761) Pause Young (Allocation Failure) 476M->367M(869M) 2.430ms
[488.962s][info][gc,cpu         ] GC(1761) User=0.00s Sys=0.00s Real=0.00s
[489.078s][info][gc,start       ] GC(1762) Pause Young (Allocation Failure)
[489.080s][info][gc,heap        ] GC(1762) PSYoungGen: 111744K(222720K)->96K(222720K) Eden: 111616K(111616K)->0K(111616K) From: 128K(111104K)->96K(111104K)
[489.080s][info][gc,heap        ] GC(1762) ParOldGen: 376056K(667648K)->376136K(667648K)
[489.080s][info][gc,metaspace   ] GC(1762) Metaspace: 18981K(19200K)->18981K(19200K) NonClass: 16320K(16448K)->16320K(16448K) Class: 2661K(2752K)->2661K(2752K)
[489.080s][info][gc             ] GC(1762) Pause Young (Allocation Failure) 476M->367M(869M) 1.715ms
[489.080s][info][gc,cpu         ] GC(1762) User=0.01s Sys=0.00s Real=0.00s
[489.195s][info][gc,start       ] GC(1763) Pause Young (Allocation Failure)
[489.197s][info][gc,heap        ] GC(1763) PSYoungGen: 111712K(222720K)->128K(222720K) Eden: 111616K(111616K)->0K(111616K) From: 96K(111104K)->128K(111104K)
[489.197s][info][gc,heap        ] GC(1763) ParOldGen: 376136K(667648K)->376216K(667648K)
[489.197s][info][gc,metaspace   ] GC(1763) Metaspace: 18981K(19200K)->18981K(19200K) NonClass: 16320K(16448K)->16320K(16448K) Class: 2661K(2752K)->2661K(2752K)
[489.197s][info][gc             ] GC(1763) Pause Young (Allocation Failure) 476M->367M(869M) 1.821ms
[489.197s][info][gc,cpu         ] GC(1763) User=0.00s Sys=0.00s Real=0.01s
[489.314s][info][gc,start       ] GC(1764) Pause Young (Allocation Failure)
[489.315s][info][gc,heap        ] GC(1764) PSYoungGen: 111744K(222720K)->128K(222720K) Eden: 111616K(111616K)->0K(111616K) From: 128K(111104K)->128K(111104K)
[489.315s][info][gc,heap        ] GC(1764) ParOldGen: 376216K(667648K)->376320K(667648K)
[489.315s][info][gc,metaspace   ] GC(1764) Metaspace: 18981K(19200K)->18981K(19200K) NonClass: 16320K(16448K)->16320K(16448K) Class: 2661K(2752K)->2661K(2752K)
[489.315s][info][gc             ] GC(1764) Pause Young (Allocation Failure) 476M->367M(869M) 1.832ms
[489.315s][info][gc,cpu         ] GC(1764) User=0.00s Sys=0.00s Real=0.00s
[489.431s][info][gc,start       ] GC(1765) Pause Young (Allocation Failure)
[489.433s][info][gc,heap        ] GC(1765) PSYoungGen: 111744K(222720K)->96K(214528K) Eden: 111616K(111616K)->0K(111616K) From: 128K(111104K)->96K(102912K)
[489.433s][info][gc,heap        ] GC(1765) ParOldGen: 376320K(667648K)->376408K(667648K)
[489.433s][info][gc,metaspace   ] GC(1765) Metaspace: 18981K(19200K)->18981K(19200K) NonClass: 16320K(16448K)->16320K(16448K) Class: 2661K(2752K)->2661K(2752K)
[489.433s][info][gc             ] GC(1765) Pause Young (Allocation Failure) 476M->367M(861M) 2.358ms
[489.433s][info][gc,cpu         ] GC(1765) User=0.00s Sys=0.01s Real=0.00s
[489.562s][info][gc,start       ] GC(1766) Pause Young (Allocation Failure)
[489.570s][info][gc,heap        ] GC(1766) PSYoungGen: 111712K(214528K)->2752K(114688K) Eden: 111616K(111616K)->0K(111616K) From: 96K(102912K)->2752K(3072K)
[489.570s][info][gc,heap        ] GC(1766) ParOldGen: 376408K(667648K)->376408K(667648K)
[489.570s][info][gc,metaspace   ] GC(1766) Metaspace: 18981K(19200K)->18981K(19200K) NonClass: 16320K(16448K)->16320K(16448K) Class: 2661K(2752K)->2661K(2752K)
[489.570s][info][gc             ] GC(1766) Pause Young (Allocation Failure) 476M->370M(764M) 7.535ms
[489.570s][info][gc,cpu         ] GC(1766) User=0.01s Sys=0.00s Real=0.01s
[489.708s][info][gc,start       ] GC(1767) Pause Young (Allocation Failure)
[489.741s][info][gc,heap        ] GC(1767) PSYoungGen: 114368K(114688K)->12203K(206336K) Eden: 111616K(111616K)->0K(118272K) From: 2752K(3072K)->12203K(88064K)
[489.742s][info][gc,heap        ] GC(1767) ParOldGen: 376408K(667648K)->376408K(667648K)
[489.742s][info][gc,metaspace   ] GC(1767) Metaspace: 18981K(19200K)->18981K(19200K) NonClass: 16320K(16448K)->16320K(16448K) Class: 2661K(2752K)->2661K(2752K)
[489.742s][info][gc             ] GC(1767) Pause Young (Allocation Failure) 479M->379M(853M) 33.277ms
[489.742s][info][gc,cpu         ] GC(1767) User=0.06s Sys=0.00s Real=0.03s
[489.908s][info][gc,start       ] GC(1768) Pause Young (Allocation Failure)
[489.943s][info][gc,heap        ] GC(1768) PSYoungGen: 130475K(206336K)->19019K(211456K) Eden: 118272K(118272K)->0K(118272K) From: 12203K(88064K)->19019K(93184K)
[489.943s][info][gc,heap        ] GC(1768) ParOldGen: 376408K(667648K)->376408K(667648K)
[489.943s][info][gc,metaspace   ] GC(1768) Metaspace: 18981K(19200K)->18981K(19200K) NonClass: 16320K(16448K)->16320K(16448K) Class: 2661K(2752K)->2661K(2752K)
[489.943s][info][gc             ] GC(1768) Pause Young (Allocation Failure) 495M->386M(858M) 34.906ms
[489.943s][info][gc,cpu         ] GC(1768) User=0.07s Sys=0.00s Real=0.03s
[490.104s][info][gc,start       ] GC(1769) Pause Young (Allocation Failure)
[490.139s][info][gc,heap        ] GC(1769) PSYoungGen: 137291K(211456K)->19019K(203264K) Eden: 118272K(118272K)->0K(128000K) From: 19019K(93184K)->19019K(75264K)
[490.139s][info][gc,heap        ] GC(1769) ParOldGen: 376408K(667648K)->376408K(667648K)
[490.139s][info][gc,metaspace   ] GC(1769) Metaspace: 18981K(19200K)->18981K(19200K) NonClass: 16320K(16448K)->16320K(16448K) Class: 2661K(2752K)->2661K(2752K)
[490.139s][info][gc             ] GC(1769) Pause Young (Allocation Failure) 501M->386M(850M) 34.584ms
[490.139s][info][gc,cpu         ] GC(1769) User=0.07s Sys=0.00s Real=0.04s
[490.311s][info][gc,start       ] GC(1770) Pause Young (Allocation Failure)
[490.344s][info][gc,heap        ] GC(1770) PSYoungGen: 147019K(203264K)->19019K(208384K) Eden: 128000K(128000K)->0K(128000K) From: 19019K(75264K)->19019K(80384K)
[490.344s][info][gc,heap        ] GC(1770) ParOldGen: 376408K(667648K)->376408K(667648K)
[490.344s][info][gc,metaspace   ] GC(1770) Metaspace: 18981K(19200K)->18981K(19200K) NonClass: 16320K(16448K)->16320K(16448K) Class: 2661K(2752K)->2661K(2752K)
[490.344s][info][gc             ] GC(1770) Pause Young (Allocation Failure) 511M->386M(855M) 33.440ms
[490.344s][info][gc,cpu         ] GC(1770) User=0.06s Sys=0.00s Real=0.03s
[490.489s][info][gc,start       ] GC(1771) Pause Young (Allocation Failure)
[490.539s][info][gc,heap        ] GC(1771) PSYoungGen: 147019K(208384K)->33355K(214016K) Eden: 128000K(128000K)->0K(138752K) From: 19019K(80384K)->33355K(75264K)
[490.539s][info][gc,heap        ] GC(1771) ParOldGen: 376408K(667648K)->376408K(667648K)
[490.539s][info][gc,metaspace   ] GC(1771) Metaspace: 18981K(19200K)->18981K(19200K) NonClass: 16320K(16448K)->16320K(16448K) Class: 2661K(2752K)->2661K(2752K)
[490.539s][info][gc             ] GC(1771) Pause Young (Allocation Failure) 511M->400M(861M) 50.410ms
[490.539s][info][gc,cpu         ] GC(1771) User=0.10s Sys=0.00s Real=0.05s
[490.683s][info][gc,start       ] GC(1772) Pause Young (Allocation Failure)
[490.751s][info][gc,heap        ] GC(1772) PSYoungGen: 172107K(214016K)->50635K(214016K) Eden: 138752K(138752K)->0K(138752K) From: 33355K(75264K)->50635K(75264K)
[490.751s][info][gc,heap        ] GC(1772) ParOldGen: 376408K(667648K)->376408K(667648K)
[490.751s][info][gc,metaspace   ] GC(1772) Metaspace: 18981K(19200K)->18981K(19200K) NonClass: 16320K(16448K)->16320K(16448K) Class: 2661K(2752K)->2661K(2752K)
[490.751s][info][gc             ] GC(1772) Pause Young (Allocation Failure) 535M->417M(861M) 68.085ms
[490.751s][info][gc,cpu         ] GC(1772) User=0.13s Sys=0.00s Real=0.07s
[490.849s][info][gc,start       ] GC(1773) Pause Young (Allocation Failure)
[490.919s][info][gc,heap        ] GC(1773) PSYoungGen: 189387K(214016K)->54635K(228352K) Eden: 138752K(138752K)->0K(146944K) From: 50635K(75264K)->54635K(81408K)
[490.919s][info][gc,heap        ] GC(1773) ParOldGen: 376408K(667648K)->376472K(667648K)
[490.919s][info][gc,metaspace   ] GC(1773) Metaspace: 18982K(19200K)->18982K(19200K) NonClass: 16321K(16448K)->16321K(16448K) Class: 2661K(2752K)->2661K(2752K)
[490.919s][info][gc             ] GC(1773) Pause Young (Allocation Failure) 552M->421M(875M) 70.243ms
[490.919s][info][gc,cpu         ] GC(1773) User=0.14s Sys=0.00s Real=0.07s
[491.058s][info][gc,start       ] GC(1774) Pause Young (Allocation Failure)
[491.129s][info][gc,heap        ] GC(1774) PSYoungGen: 201579K(228352K)->44192K(235008K) Eden: 146944K(146944K)->0K(146944K) From: 54635K(81408K)->44192K(88064K)
[491.129s][info][gc,heap        ] GC(1774) ParOldGen: 376472K(667648K)->388083K(667648K)
[491.129s][info][gc,metaspace   ] GC(1774) Metaspace: 18982K(19200K)->18982K(19200K) NonClass: 16321K(16448K)->16321K(16448K) Class: 2661K(2752K)->2661K(2752K)
[491.129s][info][gc             ] GC(1774) Pause Young (Allocation Failure) 564M->422M(881M) 71.649ms
[491.129s][info][gc,cpu         ] GC(1774) User=0.14s Sys=0.00s Real=0.07s
[491.268s][info][gc,start       ] GC(1775) Pause Young (Allocation Failure)
[491.318s][info][gc,heap        ] GC(1775) PSYoungGen: 191136K(235008K)->40256K(244224K) Eden: 146944K(146944K)->0K(157184K) From: 44192K(88064K)->40256K(87040K)
[491.318s][info][gc,heap        ] GC(1775) ParOldGen: 388083K(667648K)->395435K(667648K)
[491.318s][info][gc,metaspace   ] GC(1775) Metaspace: 18982K(19200K)->18982K(19200K) NonClass: 16321K(16448K)->16321K(16448K) Class: 2661K(2752K)->2661K(2752K)
[491.318s][info][gc             ] GC(1775) Pause Young (Allocation Failure) 565M->425M(890M) 50.469ms
[491.318s][info][gc,cpu         ] GC(1775) User=0.10s Sys=0.00s Real=0.05s
[491.461s][info][gc,start       ] GC(1776) Pause Young (Allocation Failure)
[491.509s][info][gc,heap        ] GC(1776) PSYoungGen: 197440K(244224K)->34240K(191488K) Eden: 157184K(157184K)->0K(157184K) From: 40256K(87040K)->34240K(34304K)
[491.509s][info][gc,heap        ] GC(1776) ParOldGen: 395435K(667648K)->409819K(667648K)
[491.509s][info][gc,metaspace   ] GC(1776) Metaspace: 18982K(19200K)->18982K(19200K) NonClass: 16321K(16448K)->16321K(16448K) Class: 2661K(2752K)->2661K(2752K)
[491.509s][info][gc             ] GC(1776) Pause Young (Allocation Failure) 578M->433M(839M) 47.455ms
[491.509s][info][gc,cpu         ] GC(1776) User=0.09s Sys=0.00s Real=0.05s
[491.667s][info][gc,start       ] GC(1777) Pause Young (Allocation Failure)
[491.727s][info][gc,heap        ] GC(1777) PSYoungGen: 191424K(191488K)->34448K(246784K) Eden: 157184K(157184K)->0K(162816K) From: 34240K(34304K)->34448K(83968K)
[491.727s][info][gc,heap        ] GC(1777) ParOldGen: 409819K(667648K)->431203K(667648K)
[491.727s][info][gc,metaspace   ] GC(1777) Metaspace: 18982K(19200K)->18982K(19200K) NonClass: 16321K(16448K)->16321K(16448K) Class: 2661K(2752K)->2661K(2752K)
[491.727s][info][gc             ] GC(1777) Pause Young (Allocation Failure) 587M->454M(893M) 60.068ms
[491.727s][info][gc,cpu         ] GC(1777) User=0.12s Sys=0.00s Real=0.06s
[491.959s][info][gc,start       ] GC(1778) Pause Young (Allocation Failure)
[492.023s][info][gc,heap        ] GC(1778) PSYoungGen: 197264K(246784K)->57488K(243200K) Eden: 162816K(162816K)->0K(162816K) From: 34448K(83968K)->57488K(80384K)
[492.023s][info][gc,heap        ] GC(1778) ParOldGen: 431203K(667648K)->435787K(667648K)
[492.023s][info][gc,metaspace   ] GC(1778) Metaspace: 18982K(19200K)->18982K(19200K) NonClass: 16321K(16448K)->16321K(16448K) Class: 2661K(2752K)->2661K(2752K)
[492.023s][info][gc             ] GC(1778) Pause Young (Allocation Failure) 613M->481M(889M) 64.563ms
[492.023s][info][gc,cpu         ] GC(1778) User=0.13s Sys=0.00s Real=0.06s
[492.187s][info][gc,start       ] GC(1779) Pause Young (Allocation Failure)
[492.252s][info][gc,heap        ] GC(1779) PSYoungGen: 220304K(243200K)->35392K(248832K) Eden: 162816K(162816K)->0K(166400K) From: 57488K(80384K)->35392K(82432K)
[492.252s][info][gc,heap        ] GC(1779) ParOldGen: 435787K(667648K)->465708K(667648K)
[492.252s][info][gc,metaspace   ] GC(1779) Metaspace: 18982K(19200K)->18982K(19200K) NonClass: 16321K(16448K)->16321K(16448K) Class: 2661K(2752K)->2661K(2752K)
[492.252s][info][gc             ] GC(1779) Pause Young (Allocation Failure) 640M->489M(895M) 65.582ms
[492.252s][info][gc,cpu         ] GC(1779) User=0.13s Sys=0.00s Real=0.06s
[492.440s][info][gc,start       ] GC(1780) Pause Young (Allocation Failure)
[492.483s][info][gc,heap        ] GC(1780) PSYoungGen: 201792K(248832K)->6112K(247808K) Eden: 166400K(166400K)->0K(166400K) From: 35392K(82432K)->6112K(81408K)
[492.483s][info][gc,heap        ] GC(1780) ParOldGen: 465708K(667648K)->501140K(667648K)
[492.483s][info][gc,metaspace   ] GC(1780) Metaspace: 18982K(19200K)->18982K(19200K) NonClass: 16321K(16448K)->16321K(16448K) Class: 2661K(2752K)->2661K(2752K)
[492.483s][info][gc             ] GC(1780) Pause Young (Allocation Failure) 651M->495M(894M) 43.360ms
[492.483s][info][gc,cpu         ] GC(1780) User=0.08s Sys=0.00s Real=0.04s
[492.635s][info][gc,start       ] GC(1781) Pause Young (Allocation Failure)
[492.645s][info][gc,heap        ] GC(1781) PSYoungGen: 172512K(247808K)->96K(251392K) Eden: 166400K(166400K)->0K(169984K) From: 6112K(81408K)->96K(81408K)
[492.645s][info][gc,heap        ] GC(1781) ParOldGen: 501140K(667648K)->507228K(667648K)
[492.645s][info][gc,metaspace   ] GC(1781) Metaspace: 18982K(19200K)->18982K(19200K) NonClass: 16321K(16448K)->16321K(16448K) Class: 2661K(2752K)->2661K(2752K)
[492.645s][info][gc             ] GC(1781) Pause Young (Allocation Failure) 657M->495M(897M) 9.853ms
[492.645s][info][gc,cpu         ] GC(1781) User=0.01s Sys=0.00s Real=0.01s
[492.872s][info][gc,start       ] GC(1782) Pause Young (Allocation Failure)
[492.886s][info][gc,heap        ] GC(1782) PSYoungGen: 170080K(251392K)->12096K(182272K) Eden: 169984K(169984K)->0K(169984K) From: 96K(81408K)->12096K(12288K)
[492.886s][info][gc,heap        ] GC(1782) ParOldGen: 507228K(667648K)->507284K(667648K)
[492.886s][info][gc,metaspace   ] GC(1782) Metaspace: 18982K(19200K)->18982K(19200K) NonClass: 16321K(16448K)->16321K(16448K) Class: 2661K(2752K)->2661K(2752K)
[492.887s][info][gc             ] GC(1782) Pause Young (Allocation Failure) 661M->507M(830M) 14.967ms
[492.887s][info][gc,cpu         ] GC(1782) User=0.02s Sys=0.00s Real=0.02s
[493.316s][info][gc,start       ] GC(1783) Pause Young (Allocation Failure)
[493.333s][info][gc,heap        ] GC(1783) PSYoungGen: 182080K(182272K)->15424K(252928K) Eden: 169984K(169984K)->0K(174592K) From: 12096K(12288K)->15424K(78336K)
[493.333s][info][gc,heap        ] GC(1783) ParOldGen: 507284K(667648K)->507284K(667648K)
[493.333s][info][gc,metaspace   ] GC(1783) Metaspace: 18982K(19200K)->18982K(19200K) NonClass: 16321K(16448K)->16321K(16448K) Class: 2661K(2752K)->2661K(2752K)
[493.333s][info][gc             ] GC(1783) Pause Young (Allocation Failure) 673M->510M(899M) 17.408ms
[493.333s][info][gc,cpu         ] GC(1783) User=0.03s Sys=0.00s Real=0.02s
[493.763s][info][gc,start       ] GC(1784) Pause Young (Allocation Failure)
[493.782s][info][gc,heap        ] GC(1784) PSYoungGen: 190016K(252928K)->15680K(249344K) Eden: 174592K(174592K)->0K(174592K) From: 15424K(78336K)->15680K(74752K)
[493.782s][info][gc,heap        ] GC(1784) ParOldGen: 507284K(667648K)->507284K(667648K)
[493.782s][info][gc,metaspace   ] GC(1784) Metaspace: 18982K(19200K)->18982K(19200K) NonClass: 16321K(16448K)->16321K(16448K) Class: 2661K(2752K)->2661K(2752K)
[493.782s][info][gc             ] GC(1784) Pause Young (Allocation Failure) 680M->510M(895M) 18.822ms
[493.782s][info][gc,cpu         ] GC(1784) User=0.03s Sys=0.00s Real=0.02s
[494.142s][info][gc,start       ] GC(1785) Pause Young (Allocation Failure)
[494.160s][info][gc,heap        ] GC(1785) PSYoungGen: 190272K(249344K)->15648K(254464K) Eden: 174592K(174592K)->0K(184320K) From: 15680K(74752K)->15648K(70144K)
[494.160s][info][gc,heap        ] GC(1785) ParOldGen: 507284K(667648K)->507284K(667648K)
[494.160s][info][gc,metaspace   ] GC(1785) Metaspace: 18982K(19200K)->18982K(19200K) NonClass: 16321K(16448K)->16321K(16448K) Class: 2661K(2752K)->2661K(2752K)
[494.160s][info][gc             ] GC(1785) Pause Young (Allocation Failure) 681M->510M(900M) 17.857ms
[494.160s][info][gc,cpu         ] GC(1785) User=0.03s Sys=0.00s Real=0.02s
[494.582s][info][gc,start       ] GC(1786) Pause Young (Allocation Failure)
[494.606s][info][gc,heap        ] GC(1786) PSYoungGen: 199968K(254464K)->20896K(251904K) Eden: 184320K(184320K)->0K(184320K) From: 15648K(70144K)->20896K(67584K)
[494.606s][info][gc,heap        ] GC(1786) ParOldGen: 507284K(667648K)->507284K(667648K)
[494.606s][info][gc,metaspace   ] GC(1786) Metaspace: 18982K(19200K)->18982K(19200K) NonClass: 16321K(16448K)->16321K(16448K) Class: 2661K(2752K)->2661K(2752K)
[494.606s][info][gc             ] GC(1786) Pause Young (Allocation Failure) 690M->515M(898M) 23.479ms
[494.606s][info][gc,cpu         ] GC(1786) User=0.05s Sys=0.00s Real=0.02s
[494.801s][info][gc,start       ] GC(1787) Pause Young (Allocation Failure)
[494.882s][info][gc,heap        ] GC(1787) PSYoungGen: 205216K(251904K)->63472K(237568K) Eden: 184320K(184320K)->0K(174080K) From: 20896K(67584K)->63472K(63488K)
[494.882s][info][gc,heap        ] GC(1787) ParOldGen: 507284K(667648K)->521356K(667648K)
[494.882s][info][gc,metaspace   ] GC(1787) Metaspace: 18992K(19200K)->18992K(19200K) NonClass: 16331K(16448K)->16331K(16448K) Class: 2661K(2752K)->2661K(2752K)
[494.882s][info][gc             ] GC(1787) Pause Young (Allocation Failure) 695M->571M(884M) 81.062ms
[494.882s][info][gc,cpu         ] GC(1787) User=0.14s Sys=0.02s Real=0.08s
[494.970s][info][gc,start       ] GC(1788) Pause Young (Allocation Failure)
[495.071s][info][gc,heap        ] GC(1788) PSYoungGen: 237552K(237568K)->79840K(253952K) Eden: 174080K(174080K)->0K(174080K) From: 63472K(63488K)->79840K(79872K)
[495.071s][info][gc,heap        ] GC(1788) ParOldGen: 521356K(667648K)->567620K(667648K)
[495.071s][info][gc,metaspace   ] GC(1788) Metaspace: 18992K(19200K)->18992K(19200K) NonClass: 16331K(16448K)->16331K(16448K) Class: 2661K(2752K)->2661K(2752K)
[495.071s][info][gc             ] GC(1788) Pause Young (Allocation Failure) 741M->632M(900M) 100.501ms
[495.071s][info][gc,cpu         ] GC(1788) User=0.20s Sys=0.00s Real=0.10s
[495.240s][info][gc,start       ] GC(1789) Pause Young (Allocation Failure)
[495.362s][info][gc,heap        ] GC(1789) PSYoungGen: 253920K(253952K)->79872K(191488K) Eden: 174080K(174080K)->0K(111616K) From: 79840K(79872K)->79872K(79872K)
[495.363s][info][gc,heap        ] GC(1789) ParOldGen: 567620K(667648K)->634267K(667648K)
[495.363s][info][gc,metaspace   ] GC(1789) Metaspace: 19004K(19200K)->19004K(19200K) NonClass: 16343K(16448K)->16343K(16448K) Class: 2661K(2752K)->2661K(2752K)
[495.363s][info][gc             ] GC(1789) Pause Young (Allocation Failure) 802M->697M(839M) 122.261ms
[495.363s][info][gc,cpu         ] GC(1789) User=0.23s Sys=0.01s Real=0.12s
[495.603s][info][gc,start       ] GC(1790) Pause Full (Allocation Failure)
[495.603s][info][gc,phases,start] GC(1790) Marking Phase
[495.883s][info][gc,phases      ] GC(1790) Marking Phase 279.995ms
[495.883s][info][gc,phases,start] GC(1790) Summary Phase
[495.883s][info][gc,phases      ] GC(1790) Summary Phase 0.031ms
[495.883s][info][gc,phases,start] GC(1790) Forward
[495.995s][info][gc,phases      ] GC(1790) Forward 111.524ms
[495.995s][info][gc,phases,start] GC(1790) Adjust Pointers
[496.209s][info][gc,phases      ] GC(1790) Adjust Pointers 213.879ms
[496.209s][info][gc,phases,start] GC(1790) Compaction Phase
[496.344s][info][gc,phases      ] GC(1790) Compaction Phase 135.124ms
[496.351s][info][gc,phases,start] GC(1790) Post Compact
[496.354s][info][gc,phases      ] GC(1790) Post Compact 2.431ms
[496.354s][info][gc,heap        ] GC(1790) PSYoungGen: 191488K(191488K)->0K(222720K) Eden: 111616K(111616K)->0K(111616K) From: 79872K(79872K)->0K(111104K)
[496.354s][info][gc,heap        ] GC(1790) ParOldGen: 634267K(667648K)->427945K(667648K)
[496.354s][info][gc,metaspace   ] GC(1790) Metaspace: 19018K(19200K)->19018K(19200K) NonClass: 16357K(16448K)->16357K(16448K) Class: 2661K(2752K)->2661K(2752K)
[496.354s][info][gc             ] GC(1790) Pause Full (Allocation Failure) 806M->417M(869M) 750.432ms
[496.354s][info][gc,cpu         ] GC(1790) User=1.39s Sys=0.00s Real=0.75s
[496.477s][info][gc,start       ] GC(1791) Pause Young (Allocation Failure)
[496.487s][info][gc,heap        ] GC(1791) PSYoungGen: 111616K(222720K)->3392K(222720K) Eden: 111616K(111616K)->0K(111616K) From: 0K(111104K)->3392K(111104K)
[496.487s][info][gc,heap        ] GC(1791) ParOldGen: 427945K(667648K)->427945K(667648K)
[496.487s][info][gc,metaspace   ] GC(1791) Metaspace: 19018K(19200K)->19018K(19200K) NonClass: 16357K(16448K)->16357K(16448K) Class: 2661K(2752K)->2661K(2752K)
[496.488s][info][gc             ] GC(1791) Pause Young (Allocation Failure) 526M->421M(869M) 10.060ms
[496.488s][info][gc,cpu         ] GC(1791) User=0.02s Sys=0.00s Real=0.01s
[496.590s][info][gc,start       ] GC(1792) Pause Young (Allocation Failure)
[496.612s][info][gc,heap        ] GC(1792) PSYoungGen: 115008K(222720K)->4704K(222720K) Eden: 111616K(111616K)->0K(111616K) From: 3392K(111104K)->4704K(111104K)
[496.612s][info][gc,heap        ] GC(1792) ParOldGen: 427945K(667648K)->427945K(667648K)
[496.612s][info][gc,metaspace   ] GC(1792) Metaspace: 19018K(19200K)->19018K(19200K) NonClass: 16357K(16448K)->16357K(16448K) Class: 2661K(2752K)->2661K(2752K)
[496.612s][info][gc             ] GC(1792) Pause Young (Allocation Failure) 530M->422M(869M) 22.069ms
[496.612s][info][gc,cpu         ] GC(1792) User=0.05s Sys=0.00s Real=0.02s
[496.775s][info][gc,start       ] GC(1793) Pause Young (Allocation Failure)
[496.837s][info][gc,heap        ] GC(1793) PSYoungGen: 116320K(222720K)->26455K(222720K) Eden: 111616K(111616K)->0K(111616K) From: 4704K(111104K)->26455K(111104K)
[496.837s][info][gc,heap        ] GC(1793) ParOldGen: 427945K(667648K)->432633K(667648K)
[496.837s][info][gc,metaspace   ] GC(1793) Metaspace: 19018K(19200K)->19018K(19200K) NonClass: 16357K(16448K)->16357K(16448K) Class: 2661K(2752K)->2661K(2752K)
[496.837s][info][gc             ] GC(1793) Pause Young (Allocation Failure) 531M->448M(869M) 61.994ms
[496.837s][info][gc,cpu         ] GC(1793) User=0.12s Sys=0.00s Real=0.07s
[496.998s][info][gc,start       ] GC(1794) Pause Young (Allocation Failure)
[497.046s][info][gc,heap        ] GC(1794) PSYoungGen: 138071K(222720K)->384K(222720K) Eden: 111616K(111616K)->0K(111616K) From: 26455K(111104K)->384K(111104K)
[497.047s][info][gc,heap        ] GC(1794) ParOldGen: 432633K(667648K)->459127K(667648K)
[497.047s][info][gc,metaspace   ] GC(1794) Metaspace: 19018K(19200K)->19018K(19200K) NonClass: 16357K(16448K)->16357K(16448K) Class: 2661K(2752K)->2661K(2752K)
[497.047s][info][gc             ] GC(1794) Pause Young (Allocation Failure) 557M->448M(869M) 48.286ms
[497.047s][info][gc,cpu         ] GC(1794) User=0.10s Sys=0.00s Real=0.05s
[497.200s][info][gc,start       ] GC(1795) Pause Young (Allocation Failure)
[497.202s][info][gc,heap        ] GC(1795) PSYoungGen: 112000K(222720K)->64K(222720K) Eden: 111616K(111616K)->0K(111616K) From: 384K(111104K)->64K(111104K)
[497.202s][info][gc,heap        ] GC(1795) ParOldGen: 459127K(667648K)->459495K(667648K)
[497.202s][info][gc,metaspace   ] GC(1795) Metaspace: 19018K(19200K)->19018K(19200K) NonClass: 16357K(16448K)->16357K(16448K) Class: 2661K(2752K)->2661K(2752K)
[497.202s][info][gc             ] GC(1795) Pause Young (Allocation Failure) 557M->448M(869M) 2.675ms
[497.202s][info][gc,cpu         ] GC(1795) User=0.01s Sys=0.00s Real=0.00s
[497.353s][info][gc,start       ] GC(1796) Pause Young (Allocation Failure)
[497.354s][info][gc,heap        ] GC(1796) PSYoungGen: 111680K(222720K)->64K(222720K) Eden: 111616K(111616K)->0K(111616K) From: 64K(111104K)->64K(111104K)
[497.354s][info][gc,heap        ] GC(1796) ParOldGen: 459495K(667648K)->459495K(667648K)
[497.354s][info][gc,metaspace   ] GC(1796) Metaspace: 19018K(19200K)->19018K(19200K) NonClass: 16357K(16448K)->16357K(16448K) Class: 2661K(2752K)->2661K(2752K)
[497.354s][info][gc             ] GC(1796) Pause Young (Allocation Failure) 557M->448M(869M) 1.592ms
[497.354s][info][gc,cpu         ] GC(1796) User=0.00s Sys=0.00s Real=0.00s
[497.505s][info][gc,start       ] GC(1797) Pause Young (Allocation Failure)
[497.507s][info][gc,heap        ] GC(1797) PSYoungGen: 111680K(222720K)->32K(222720K) Eden: 111616K(111616K)->0K(111616K) From: 64K(111104K)->32K(111104K)
[497.507s][info][gc,heap        ] GC(1797) ParOldGen: 459495K(667648K)->459495K(667648K)
[497.507s][info][gc,metaspace   ] GC(1797) Metaspace: 19018K(19200K)->19018K(19200K) NonClass: 16357K(16448K)->16357K(16448K) Class: 2661K(2752K)->2661K(2752K)
[497.507s][info][gc             ] GC(1797) Pause Young (Allocation Failure) 557M->448M(869M) 2.088ms
[497.507s][info][gc,cpu         ] GC(1797) User=0.00s Sys=0.00s Real=0.01s
[497.660s][info][gc,start       ] GC(1798) Pause Young (Allocation Failure)
[497.662s][info][gc,heap        ] GC(1798) PSYoungGen: 111648K(222720K)->64K(222720K) Eden: 111616K(111616K)->0K(111616K) From: 32K(111104K)->64K(111104K)
[497.662s][info][gc,heap        ] GC(1798) ParOldGen: 459495K(667648K)->459495K(667648K)
[497.662s][info][gc,metaspace   ] GC(1798) Metaspace: 19018K(19200K)->19018K(19200K) NonClass: 16357K(16448K)->16357K(16448K) Class: 2661K(2752K)->2661K(2752K)
[497.662s][info][gc             ] GC(1798) Pause Young (Allocation Failure) 557M->448M(869M) 1.607ms
[497.662s][info][gc,cpu         ] GC(1798) User=0.00s Sys=0.00s Real=0.00s
[497.815s][info][gc,start       ] GC(1799) Pause Young (Allocation Failure)
[497.817s][info][gc,heap        ] GC(1799) PSYoungGen: 111680K(222720K)->64K(214528K) Eden: 111616K(111616K)->0K(111616K) From: 64K(111104K)->64K(102912K)
[497.817s][info][gc,heap        ] GC(1799) ParOldGen: 459495K(667648K)->459495K(667648K)
[497.817s][info][gc,metaspace   ] GC(1799) Metaspace: 19018K(19200K)->19018K(19200K) NonClass: 16357K(16448K)->16357K(16448K) Class: 2661K(2752K)->2661K(2752K)
[497.817s][info][gc             ] GC(1799) Pause Young (Allocation Failure) 557M->448M(861M) 2.243ms
[497.817s][info][gc,cpu         ] GC(1799) User=0.00s Sys=0.00s Real=0.01s
[497.978s][info][gc,start       ] GC(1800) Pause Young (Allocation Failure)
[497.980s][info][gc,heap        ] GC(1800) PSYoungGen: 111680K(214528K)->64K(218624K) Eden: 111616K(111616K)->0K(111616K) From: 64K(102912K)->64K(107008K)
[497.980s][info][gc,heap        ] GC(1800) ParOldGen: 459495K(667648K)->459495K(667648K)
[497.980s][info][gc,metaspace   ] GC(1800) Metaspace: 19018K(19200K)->19018K(19200K) NonClass: 16357K(16448K)->16357K(16448K) Class: 2661K(2752K)->2661K(2752K)
[497.980s][info][gc             ] GC(1800) Pause Young (Allocation Failure) 557M->448M(865M) 2.027ms
[497.980s][info][gc,cpu         ] GC(1800) User=0.01s Sys=0.00s Real=0.00s
[498.127s][info][gc,start       ] GC(1801) Pause Young (Allocation Failure)
[498.140s][info][gc,heap        ] GC(1801) PSYoungGen: 111680K(218624K)->9856K(207360K) Eden: 111616K(111616K)->0K(117760K) From: 64K(107008K)->9856K(89600K)
[498.140s][info][gc,heap        ] GC(1801) ParOldGen: 459495K(667648K)->459495K(667648K)
[498.140s][info][gc,metaspace   ] GC(1801) Metaspace: 19019K(19200K)->19019K(19200K) NonClass: 16358K(16448K)->16358K(16448K) Class: 2661K(2752K)->2661K(2752K)
[498.140s][info][gc             ] GC(1801) Pause Young (Allocation Failure) 557M->458M(854M) 13.451ms
[498.140s][info][gc,cpu         ] GC(1801) User=0.02s Sys=0.00s Real=0.01s
[498.259s][info][gc,start       ] GC(1802) Pause Young (Allocation Failure)
[498.284s][info][gc,heap        ] GC(1802) PSYoungGen: 127616K(207360K)->23808K(212992K) Eden: 117760K(117760K)->0K(117760K) From: 9856K(89600K)->23808K(95232K)
[498.284s][info][gc,heap        ] GC(1802) ParOldGen: 459495K(667648K)->459495K(667648K)
[498.284s][info][gc,metaspace   ] GC(1802) Metaspace: 19019K(19200K)->19019K(19200K) NonClass: 16358K(16448K)->16358K(16448K) Class: 2661K(2752K)->2661K(2752K)
[498.284s][info][gc             ] GC(1802) Pause Young (Allocation Failure) 573M->471M(860M) 25.311ms
[498.284s][info][gc,cpu         ] GC(1802) User=0.05s Sys=0.00s Real=0.02s
[498.376s][info][gc,start       ] GC(1803) Pause Young (Allocation Failure)
[498.408s][info][gc,heap        ] GC(1803) PSYoungGen: 141568K(212992K)->31040K(216064K) Eden: 117760K(117760K)->0K(128000K) From: 23808K(95232K)->31040K(88064K)
[498.408s][info][gc,heap        ] GC(1803) ParOldGen: 459495K(667648K)->459495K(667648K)
[498.408s][info][gc,metaspace   ] GC(1803) Metaspace: 19019K(19200K)->19019K(19200K) NonClass: 16358K(16448K)->16358K(16448K) Class: 2661K(2752K)->2661K(2752K)
[498.408s][info][gc             ] GC(1803) Pause Young (Allocation Failure) 586M->479M(863M) 32.180ms
[498.408s][info][gc,cpu         ] GC(1803) User=0.06s Sys=0.00s Real=0.04s
[498.523s][info][gc,start       ] GC(1804) Pause Young (Allocation Failure)
[498.555s][info][gc,heap        ] GC(1804) PSYoungGen: 159040K(216064K)->32000K(215552K) Eden: 128000K(128000K)->0K(128000K) From: 31040K(88064K)->32000K(87552K)
[498.555s][info][gc,heap        ] GC(1804) ParOldGen: 459495K(667648K)->459495K(667648K)
[498.555s][info][gc,metaspace   ] GC(1804) Metaspace: 19019K(19200K)->19019K(19200K) NonClass: 16358K(16448K)->16358K(16448K) Class: 2661K(2752K)->2661K(2752K)
[498.555s][info][gc             ] GC(1804) Pause Young (Allocation Failure) 604M->479M(862M) 32.641ms
[498.555s][info][gc,cpu         ] GC(1804) User=0.06s Sys=0.00s Real=0.03s
[498.691s][info][gc,start       ] GC(1805) Pause Young (Allocation Failure)
[498.725s][info][gc,heap        ] GC(1805) PSYoungGen: 160000K(215552K)->32832K(222208K) Eden: 128000K(128000K)->0K(140800K) From: 32000K(87552K)->32832K(81408K)
[498.725s][info][gc,heap        ] GC(1805) ParOldGen: 459495K(667648K)->459495K(667648K)
[498.725s][info][gc,metaspace   ] GC(1805) Metaspace: 19019K(19200K)->19019K(19200K) NonClass: 16358K(16448K)->16358K(16448K) Class: 2661K(2752K)->2661K(2752K)
[498.725s][info][gc             ] GC(1805) Pause Young (Allocation Failure) 604M->480M(869M) 34.486ms
[498.725s][info][gc,cpu         ] GC(1805) User=0.07s Sys=0.01s Real=0.03s
[498.892s][info][gc,start       ] GC(1806) Pause Young (Allocation Failure)
[498.933s][info][gc,heap        ] GC(1806) PSYoungGen: 173632K(222208K)->40928K(223744K) Eden: 140800K(140800K)->0K(140800K) From: 32832K(81408K)->40928K(82944K)
[498.933s][info][gc,heap        ] GC(1806) ParOldGen: 459495K(667648K)->459495K(667648K)
[498.933s][info][gc,metaspace   ] GC(1806) Metaspace: 19020K(19200K)->19020K(19200K) NonClass: 16359K(16448K)->16359K(16448K) Class: 2661K(2752K)->2661K(2752K)
[498.933s][info][gc             ] GC(1806) Pause Young (Allocation Failure) 618M->488M(870M) 41.859ms
[498.933s][info][gc,cpu         ] GC(1806) User=0.08s Sys=0.00s Real=0.04s
[499.236s][info][gc,start       ] GC(1807) Pause Young (Allocation Failure)
[499.277s][info][gc,heap        ] GC(1807) PSYoungGen: 181728K(223744K)->31168K(232448K) Eden: 140800K(140800K)->0K(155136K) From: 40928K(82944K)->31168K(77312K)
[499.277s][info][gc,heap        ] GC(1807) ParOldGen: 459495K(667648K)->469335K(667648K)
[499.277s][info][gc,metaspace   ] GC(1807) Metaspace: 19025K(19200K)->19025K(19200K) NonClass: 16363K(16448K)->16363K(16448K) Class: 2661K(2752K)->2661K(2752K)
[499.277s][info][gc             ] GC(1807) Pause Young (Allocation Failure) 626M->488M(879M) 41.171ms
[499.277s][info][gc,cpu         ] GC(1807) User=0.08s Sys=0.00s Real=0.05s
[499.566s][info][gc,start       ] GC(1808) Pause Young (Allocation Failure)
[499.598s][info][gc,heap        ] GC(1808) PSYoungGen: 186304K(232448K)->17280K(236032K) Eden: 155136K(155136K)->0K(155136K) From: 31168K(77312K)->17280K(80896K)
[499.598s][info][gc,heap        ] GC(1808) ParOldGen: 469335K(667648K)->483359K(667648K)
[499.598s][info][gc,metaspace   ] GC(1808) Metaspace: 19025K(19200K)->19025K(19200K) NonClass: 16364K(16448K)->16364K(16448K) Class: 2661K(2752K)->2661K(2752K)
[499.598s][info][gc             ] GC(1808) Pause Young (Allocation Failure) 640M->488M(882M) 32.640ms
[499.598s][info][gc,cpu         ] GC(1808) User=0.07s Sys=0.00s Real=0.04s
[499.881s][info][gc,start       ] GC(1809) Pause Young (Allocation Failure)
[499.901s][info][gc,heap        ] GC(1809) PSYoungGen: 172416K(236032K)->17280K(236032K) Eden: 155136K(155136K)->0K(168960K) From: 17280K(80896K)->17280K(67072K)
[499.901s][info][gc,heap        ] GC(1809) ParOldGen: 483359K(667648K)->483359K(667648K)
[499.901s][info][gc,metaspace   ] GC(1809) Metaspace: 19028K(19200K)->19028K(19200K) NonClass: 16367K(16448K)->16367K(16448K) Class: 2661K(2752K)->2661K(2752K)
[499.901s][info][gc             ] GC(1809) Pause Young (Allocation Failure) 640M->488M(882M) 20.119ms
[499.901s][info][gc,cpu         ] GC(1809) User=0.04s Sys=0.00s Real=0.02s
[500.166s][info][gc,start       ] GC(1810) Pause Young (Allocation Failure)
[500.197s][info][gc,heap        ] GC(1810) PSYoungGen: 186240K(236032K)->30368K(241152K) Eden: 168960K(168960K)->0K(168960K) From: 17280K(67072K)->30368K(72192K)
[500.197s][info][gc,heap        ] GC(1810) ParOldGen: 483359K(667648K)->483359K(667648K)
[500.197s][info][gc,metaspace   ] GC(1810) Metaspace: 19034K(19200K)->19034K(19200K) NonClass: 16373K(16448K)->16373K(16448K) Class: 2661K(2752K)->2661K(2752K)
[500.197s][info][gc             ] GC(1810) Pause Young (Allocation Failure) 653M->501M(887M) 31.423ms
[500.197s][info][gc,cpu         ] GC(1810) User=0.07s Sys=0.00s Real=0.04s
[500.386s][info][gc,start       ] GC(1811) Pause Young (Allocation Failure)
[500.427s][info][gc,heap        ] GC(1811) PSYoungGen: 199328K(241152K)->45040K(250368K) Eden: 168960K(168960K)->0K(180224K) From: 30368K(72192K)->45040K(70144K)
[500.427s][info][gc,heap        ] GC(1811) ParOldGen: 483359K(667648K)->483367K(667648K)
[500.427s][info][gc,metaspace   ] GC(1811) Metaspace: 19039K(19200K)->19039K(19200K) NonClass: 16378K(16448K)->16378K(16448K) Class: 2661K(2752K)->2661K(2752K)
[500.427s][info][gc             ] GC(1811) Pause Young (Allocation Failure) 666M->516M(896M) 40.916ms
[500.427s][info][gc,cpu         ] GC(1811) User=0.08s Sys=0.00s Real=0.05s
[500.632s][info][gc,start       ] GC(1812) Pause Young (Allocation Failure)
[500.710s][info][gc,heap        ] GC(1812) PSYoungGen: 225264K(250368K)->73200K(253440K) Eden: 180224K(180224K)->0K(180224K) From: 45040K(70144K)->73200K(73216K)
[500.710s][info][gc,heap        ] GC(1812) ParOldGen: 483367K(667648K)->494799K(667648K)
[500.710s][info][gc,metaspace   ] GC(1812) Metaspace: 19039K(19200K)->19039K(19200K) NonClass: 16378K(16448K)->16378K(16448K) Class: 2661K(2752K)->2661K(2752K)
[500.710s][info][gc             ] GC(1812) Pause Young (Allocation Failure) 692M->554M(899M) 78.543ms
[500.710s][info][gc,cpu         ] GC(1812) User=0.15s Sys=0.00s Real=0.08s
[500.964s][info][gc,start       ] GC(1813) Pause Young (Allocation Failure)
[501.065s][info][gc,heap        ] GC(1813) PSYoungGen: 253424K(253440K)->77760K(211456K) Eden: 180224K(180224K)->0K(131072K) From: 73200K(73216K)->77760K(80384K)
[501.065s][info][gc,heap        ] GC(1813) ParOldGen: 494799K(667648K)->502975K(667648K)
[501.065s][info][gc,metaspace   ] GC(1813) Metaspace: 19039K(19200K)->19039K(19200K) NonClass: 16378K(16448K)->16378K(16448K) Class: 2661K(2752K)->2661K(2752K)
[501.065s][info][gc             ] GC(1813) Pause Young (Allocation Failure) 730M->567M(858M) 101.542ms
[501.065s][info][gc,cpu         ] GC(1813) User=0.18s Sys=0.02s Real=0.10s
[501.250s][info][gc,start       ] GC(1814) Pause Young (Allocation Failure)
[501.326s][info][gc,heap        ] GC(1814) PSYoungGen: 208832K(211456K)->68816K(200192K) Eden: 131072K(131072K)->0K(131072K) From: 77760K(80384K)->68816K(69120K)
[501.326s][info][gc,heap        ] GC(1814) ParOldGen: 502975K(667648K)->511935K(667648K)
[501.326s][info][gc,metaspace   ] GC(1814) Metaspace: 19039K(19200K)->19039K(19200K) NonClass: 16378K(16448K)->16378K(16448K) Class: 2661K(2752K)->2661K(2752K)
[501.326s][info][gc             ] GC(1814) Pause Young (Allocation Failure) 695M->567M(847M) 76.525ms
[501.326s][info][gc,cpu         ] GC(1814) User=0.15s Sys=0.00s Real=0.08s
[501.512s][info][gc,start       ] GC(1815) Pause Young (Allocation Failure)
[501.579s][info][gc,heap        ] GC(1815) PSYoungGen: 199888K(200192K)->68624K(218624K) Eden: 131072K(131072K)->0K(111616K) From: 68816K(69120K)->68624K(107008K)
[501.579s][info][gc,heap        ] GC(1815) ParOldGen: 511935K(667648K)->512101K(667648K)
[501.579s][info][gc,metaspace   ] GC(1815) Metaspace: 19039K(19200K)->19039K(19200K) NonClass: 16378K(16448K)->16378K(16448K) Class: 2661K(2752K)->2661K(2752K)
[501.579s][info][gc             ] GC(1815) Pause Young (Allocation Failure) 695M->567M(865M) 66.436ms
[501.579s][info][gc,cpu         ] GC(1815) User=0.13s Sys=0.00s Real=0.07s
[501.736s][info][gc,start       ] GC(1816) Pause Young (Allocation Failure)
[501.804s][info][gc,heap        ] GC(1816) PSYoungGen: 180240K(218624K)->55600K(222720K) Eden: 111616K(111616K)->0K(111616K) From: 68624K(107008K)->55600K(111104K)
[501.804s][info][gc,heap        ] GC(1816) ParOldGen: 512101K(667648K)->525221K(667648K)
[501.804s][info][gc,metaspace   ] GC(1816) Metaspace: 19039K(19200K)->19039K(19200K) NonClass: 16378K(16448K)->16378K(16448K) Class: 2661K(2752K)->2661K(2752K)
[501.804s][info][gc             ] GC(1816) Pause Young (Allocation Failure) 676M->567M(869M) 68.477ms
[501.804s][info][gc,cpu         ] GC(1816) User=0.14s Sys=0.00s Real=0.07s
[501.963s][info][gc,start       ] GC(1817) Pause Young (Allocation Failure)
[502.016s][info][gc,heap        ] GC(1817) PSYoungGen: 167216K(222720K)->12704K(217600K) Eden: 111616K(111616K)->0K(113664K) From: 55600K(111104K)->12704K(103936K)
[502.016s][info][gc,heap        ] GC(1817) ParOldGen: 525221K(667648K)->568528K(667648K)
[502.016s][info][gc,metaspace   ] GC(1817) Metaspace: 19039K(19200K)->19039K(19200K) NonClass: 16378K(16448K)->16378K(16448K) Class: 2661K(2752K)->2661K(2752K)
[502.016s][info][gc             ] GC(1817) Pause Young (Allocation Failure) 676M->567M(864M) 53.733ms
[502.016s][info][gc,cpu         ] GC(1817) User=0.10s Sys=0.00s Real=0.06s
[502.178s][info][gc,start       ] GC(1818) Pause Young (Allocation Failure)
[502.201s][info][gc,heap        ] GC(1818) PSYoungGen: 126368K(217600K)->32K(221184K) Eden: 113664K(113664K)->0K(113664K) From: 12704K(103936K)->32K(107520K)
[502.201s][info][gc,heap        ] GC(1818) ParOldGen: 568528K(667648K)->581241K(667648K)
[502.201s][info][gc,metaspace   ] GC(1818) Metaspace: 19039K(19200K)->19039K(19200K) NonClass: 16378K(16448K)->16378K(16448K) Class: 2661K(2752K)->2661K(2752K)
[502.201s][info][gc             ] GC(1818) Pause Young (Allocation Failure) 678M->567M(868M) 23.559ms
[502.201s][info][gc,cpu         ] GC(1818) User=0.05s Sys=0.00s Real=0.02s
[502.365s][info][gc,start       ] GC(1819) Pause Young (Allocation Failure)
[502.367s][info][gc,heap        ] GC(1819) PSYoungGen: 113696K(221184K)->64K(224768K) Eden: 113664K(113664K)->0K(118272K) From: 32K(107520K)->64K(106496K)
[502.367s][info][gc,heap        ] GC(1819) ParOldGen: 581241K(667648K)->581241K(667648K)
[502.367s][info][gc,metaspace   ] GC(1819) Metaspace: 19039K(19200K)->19039K(19200K) NonClass: 16378K(16448K)->16378K(16448K) Class: 2661K(2752K)->2661K(2752K)
[502.367s][info][gc             ] GC(1819) Pause Young (Allocation Failure) 678M->567M(871M) 2.051ms
[502.367s][info][gc,cpu         ] GC(1819) User=0.01s Sys=0.00s Real=0.01s
[502.540s][info][gc,start       ] GC(1820) Pause Young (Allocation Failure)
[502.543s][info][gc,heap        ] GC(1820) PSYoungGen: 118336K(224768K)->64K(225280K) Eden: 118272K(118272K)->0K(118272K) From: 64K(106496K)->64K(107008K)
[502.543s][info][gc,heap        ] GC(1820) ParOldGen: 581241K(667648K)->581241K(667648K)
[502.543s][info][gc,metaspace   ] GC(1820) Metaspace: 19039K(19200K)->19039K(19200K) NonClass: 16378K(16448K)->16378K(16448K) Class: 2661K(2752K)->2661K(2752K)
[502.543s][info][gc             ] GC(1820) Pause Young (Allocation Failure) 683M->567M(872M) 3.002ms
[502.543s][info][gc,cpu         ] GC(1820) User=0.01s Sys=0.00s Real=0.00s
[502.666s][info][gc,start       ] GC(1821) Pause Young (Allocation Failure)
[502.689s][info][gc,heap        ] GC(1821) PSYoungGen: 118336K(225280K)->18016K(216576K) Eden: 118272K(118272K)->0K(121344K) From: 64K(107008K)->18016K(95232K)
[502.690s][info][gc,heap        ] GC(1821) ParOldGen: 581241K(667648K)->581241K(667648K)
[502.690s][info][gc,metaspace   ] GC(1821) Metaspace: 19039K(19200K)->19039K(19200K) NonClass: 16378K(16448K)->16378K(16448K) Class: 2661K(2752K)->2661K(2752K)
[502.690s][info][gc             ] GC(1821) Pause Young (Allocation Failure) 683M->585M(863M) 23.135ms
[502.690s][info][gc,cpu         ] GC(1821) User=0.04s Sys=0.00s Real=0.02s
[502.795s][info][gc,start       ] GC(1822) Pause Young (Allocation Failure)
[502.824s][info][gc,heap        ] GC(1822) PSYoungGen: 139360K(216576K)->26304K(221184K) Eden: 121344K(121344K)->0K(121344K) From: 18016K(95232K)->26304K(99840K)
[502.824s][info][gc,heap        ] GC(1822) ParOldGen: 581241K(667648K)->581241K(667648K)
[502.824s][info][gc,metaspace   ] GC(1822) Metaspace: 19039K(19200K)->19039K(19200K) NonClass: 16378K(16448K)->16378K(16448K) Class: 2661K(2752K)->2661K(2752K)
[502.824s][info][gc             ] GC(1822) Pause Young (Allocation Failure) 703M->593M(868M) 28.879ms
[502.824s][info][gc,cpu         ] GC(1822) User=0.06s Sys=0.00s Real=0.03s
[502.946s][info][gc,start       ] GC(1823) Pause Young (Allocation Failure)
[502.976s][info][gc,heap        ] GC(1823) PSYoungGen: 147648K(221184K)->26976K(214528K) Eden: 121344K(121344K)->0K(133632K) From: 26304K(99840K)->26976K(80896K)
[502.976s][info][gc,heap        ] GC(1823) ParOldGen: 581241K(667648K)->581241K(667648K)
[502.976s][info][gc,metaspace   ] GC(1823) Metaspace: 19039K(19200K)->19039K(19200K) NonClass: 16378K(16448K)->16378K(16448K) Class: 2661K(2752K)->2661K(2752K)
[502.976s][info][gc             ] GC(1823) Pause Young (Allocation Failure) 711M->593M(861M) 30.065ms
[502.976s][info][gc,cpu         ] GC(1823) User=0.06s Sys=0.00s Real=0.03s
[503.083s][info][gc,start       ] GC(1824) Pause Young (Allocation Failure)
[503.135s][info][gc,heap        ] GC(1824) PSYoungGen: 160608K(214528K)->48160K(220672K) Eden: 133632K(133632K)->0K(133632K) From: 26976K(80896K)->48160K(87040K)
[503.135s][info][gc,heap        ] GC(1824) ParOldGen: 581241K(667648K)->581241K(667648K)
[503.135s][info][gc,metaspace   ] GC(1824) Metaspace: 19039K(19200K)->19039K(19200K) NonClass: 16378K(16448K)->16378K(16448K) Class: 2661K(2752K)->2661K(2752K)
[503.135s][info][gc             ] GC(1824) Pause Young (Allocation Failure) 724M->614M(867M) 52.379ms
[503.135s][info][gc,cpu         ] GC(1824) User=0.10s Sys=0.00s Real=0.05s
[503.233s][info][gc,start       ] GC(1825) Pause Young (Allocation Failure)
[503.299s][info][gc,heap        ] GC(1825) PSYoungGen: 181792K(220672K)->47200K(237056K) Eden: 133632K(133632K)->0K(148480K) From: 48160K(87040K)->47200K(88576K)
[503.299s][info][gc,heap        ] GC(1825) ParOldGen: 581241K(667648K)->599273K(667648K)
[503.299s][info][gc,metaspace   ] GC(1825) Metaspace: 19039K(19200K)->19039K(19200K) NonClass: 16378K(16448K)->16378K(16448K) Class: 2661K(2752K)->2661K(2752K)
[503.299s][info][gc             ] GC(1825) Pause Young (Allocation Failure) 745M->631M(883M) 66.419ms
[503.299s][info][gc,cpu         ] GC(1825) User=0.13s Sys=0.00s Real=0.07s
[503.423s][info][gc,start       ] GC(1826) Pause Young (Allocation Failure)
[503.491s][info][gc,heap        ] GC(1826) PSYoungGen: 195680K(237056K)->56448K(237568K) Eden: 148480K(148480K)->0K(148480K) From: 47200K(88576K)->56448K(89088K)
[503.491s][info][gc,heap        ] GC(1826) ParOldGen: 599273K(667648K)->608233K(667648K)
[503.491s][info][gc,metaspace   ] GC(1826) Metaspace: 19039K(19200K)->19039K(19200K) NonClass: 16378K(16448K)->16378K(16448K) Class: 2661K(2752K)->2661K(2752K)
[503.491s][info][gc             ] GC(1826) Pause Young (Allocation Failure) 776M->649M(884M) 68.000ms
[503.491s][info][gc,cpu         ] GC(1826) User=0.13s Sys=0.00s Real=0.07s
[503.677s][info][gc,start       ] GC(1827) Pause Young (Allocation Failure)
[503.764s][info][gc,heap        ] GC(1827) PSYoungGen: 204928K(237568K)->47136K(242688K) Eden: 148480K(148480K)->0K(150528K) From: 56448K(89088K)->47136K(92160K)
[503.764s][info][gc,heap        ] GC(1827) ParOldGen: 608233K(667648K)->646545K(667648K)
[503.764s][info][gc,metaspace   ] GC(1827) Metaspace: 19039K(19200K)->19039K(19200K) NonClass: 16378K(16448K)->16378K(16448K) Class: 2661K(2752K)->2661K(2752K)
[503.764s][info][gc             ] GC(1827) Pause Young (Allocation Failure) 794M->677M(889M) 86.467ms
[503.764s][info][gc,cpu         ] GC(1827) User=0.17s Sys=0.00s Real=0.08s
[503.897s][info][gc,start       ] GC(1828) Pause Full (Allocation Failure)
[503.897s][info][gc,phases,start] GC(1828) Marking Phase
[504.304s][info][gc,phases      ] GC(1828) Marking Phase 406.863ms
[504.304s][info][gc,phases,start] GC(1828) Summary Phase
[504.304s][info][gc,phases      ] GC(1828) Summary Phase 0.029ms
[504.304s][info][gc,phases,start] GC(1828) Forward
[504.422s][info][gc,phases      ] GC(1828) Forward 118.037ms
[504.422s][info][gc,phases,start] GC(1828) Adjust Pointers
[504.746s][info][gc,phases      ] GC(1828) Adjust Pointers 324.534ms
[504.746s][info][gc,phases,start] GC(1828) Compaction Phase
[504.933s][info][gc,phases      ] GC(1828) Compaction Phase 186.271ms
[504.945s][info][gc,phases,start] GC(1828) Post Compact
[504.948s][info][gc,phases      ] GC(1828) Post Compact 2.437ms
[504.948s][info][gc,heap        ] GC(1828) PSYoungGen: 197664K(242688K)->0K(241664K) Eden: 150528K(150528K)->0K(150528K) From: 47136K(92160K)->0K(91136K)
[504.948s][info][gc,heap        ] GC(1828) ParOldGen: 646545K(667648K)->569742K(667648K)
[504.948s][info][gc,metaspace   ] GC(1828) Metaspace: 19039K(19200K)->19039K(19200K) NonClass: 16378K(16448K)->16378K(16448K) Class: 2661K(2752K)->2661K(2752K)
[504.948s][info][gc             ] GC(1828) Pause Full (Allocation Failure) 824M->556M(888M) 1051.189ms
[504.948s][info][gc,cpu         ] GC(1828) User=2.06s Sys=0.00s Real=1.05s
[505.116s][info][gc,start       ] GC(1829) Pause Young (Allocation Failure)
[505.127s][info][gc,heap        ] GC(1829) PSYoungGen: 150528K(241664K)->1472K(241152K) Eden: 150528K(150528K)->0K(150016K) From: 0K(91136K)->1472K(91136K)
[505.127s][info][gc,heap        ] GC(1829) ParOldGen: 569742K(667648K)->569742K(667648K)
[505.127s][info][gc,metaspace   ] GC(1829) Metaspace: 19039K(19200K)->19039K(19200K) NonClass: 16378K(16448K)->16378K(16448K) Class: 2661K(2752K)->2661K(2752K)
[505.127s][info][gc             ] GC(1829) Pause Young (Allocation Failure) 703M->557M(887M) 11.338ms
[505.127s][info][gc,cpu         ] GC(1829) User=0.02s Sys=0.00s Real=0.02s
[505.298s][info][gc,start       ] GC(1830) Pause Young (Allocation Failure)
[505.312s][info][gc,heap        ] GC(1830) PSYoungGen: 151488K(241152K)->3296K(241664K) Eden: 150016K(150016K)->0K(150016K) From: 1472K(91136K)->3296K(91648K)
[505.312s][info][gc,heap        ] GC(1830) ParOldGen: 569742K(667648K)->571179K(667648K)
[505.312s][info][gc,metaspace   ] GC(1830) Metaspace: 19039K(19200K)->19039K(19200K) NonClass: 16378K(16448K)->16378K(16448K) Class: 2661K(2752K)->2661K(2752K)
[505.312s][info][gc             ] GC(1830) Pause Young (Allocation Failure) 704M->561M(888M) 14.144ms
[505.312s][info][gc,cpu         ] GC(1830) User=0.03s Sys=0.00s Real=0.01s
[505.453s][info][gc,start       ] GC(1831) Pause Young (Allocation Failure)
[505.460s][info][gc,heap        ] GC(1831) PSYoungGen: 153312K(241664K)->64K(240640K) Eden: 150016K(150016K)->0K(151552K) From: 3296K(91648K)->64K(89088K)
[505.460s][info][gc,heap        ] GC(1831) ParOldGen: 571179K(667648K)->574451K(667648K)
[505.460s][info][gc,metaspace   ] GC(1831) Metaspace: 19039K(19200K)->19039K(19200K) NonClass: 16378K(16448K)->16378K(16448K) Class: 2661K(2752K)->2661K(2752K)
[505.460s][info][gc             ] GC(1831) Pause Young (Allocation Failure) 707M->561M(887M) 6.633ms
[505.460s][info][gc,cpu         ] GC(1831) User=0.01s Sys=0.00s Real=0.01s
[505.674s][info][gc,start       ] GC(1832) Pause Young (Allocation Failure)
[505.694s][info][gc,heap        ] GC(1832) PSYoungGen: 151616K(240640K)->18240K(169984K) Eden: 151552K(151552K)->0K(151552K) From: 64K(89088K)->18240K(18432K)
[505.694s][info][gc,heap        ] GC(1832) ParOldGen: 574451K(667648K)->574483K(667648K)
[505.694s][info][gc,metaspace   ] GC(1832) Metaspace: 19039K(19200K)->19039K(19200K) NonClass: 16378K(16448K)->16378K(16448K) Class: 2661K(2752K)->2661K(2752K)
[505.694s][info][gc             ] GC(1832) Pause Young (Allocation Failure) 709M->578M(818M) 20.459ms
[505.694s][info][gc,cpu         ] GC(1832) User=0.04s Sys=0.00s Real=0.02s
[505.869s][info][gc,start       ] GC(1833) Pause Young (Allocation Failure)
[505.926s][info][gc,heap        ] GC(1833) PSYoungGen: 169792K(169984K)->66512K(230400K) Eden: 151552K(151552K)->0K(145920K) From: 18240K(18432K)->66512K(84480K)
[505.926s][info][gc,heap        ] GC(1833) ParOldGen: 574483K(667648K)->574483K(667648K)
[505.926s][info][gc,metaspace   ] GC(1833) Metaspace: 19039K(19200K)->19039K(19200K) NonClass: 16378K(16448K)->16378K(16448K) Class: 2661K(2752K)->2661K(2752K)
[505.926s][info][gc             ] GC(1833) Pause Young (Allocation Failure) 726M->625M(877M) 56.798ms
[505.926s][info][gc,cpu         ] GC(1833) User=0.11s Sys=0.00s Real=0.05s
[506.122s][info][gc,start       ] GC(1834) Pause Young (Allocation Failure)
[506.195s][info][gc,heap        ] GC(1834) PSYoungGen: 212432K(230400K)->78448K(224768K) Eden: 145920K(145920K)->0K(145920K) From: 66512K(84480K)->78448K(78848K)
[506.195s][info][gc,heap        ] GC(1834) ParOldGen: 574483K(667648K)->592731K(667648K)
[506.195s][info][gc,metaspace   ] GC(1834) Metaspace: 19039K(19200K)->19039K(19200K) NonClass: 16378K(16448K)->16378K(16448K) Class: 2661K(2752K)->2661K(2752K)
[506.195s][info][gc             ] GC(1834) Pause Young (Allocation Failure) 768M->655M(871M) 73.500ms
[506.195s][info][gc,cpu         ] GC(1834) User=0.15s Sys=0.00s Real=0.07s
[506.314s][info][gc,start       ] GC(1835) Pause Young (Allocation Failure)
[506.377s][info][gc,promotion   ] GC(1835) Promotion failed
[506.377s][info][gc,heap        ] GC(1835) PSYoungGen: 224368K(224768K)->224368K(224768K) Eden: 145920K(145920K)->145920K(145920K) From: 78448K(78848K)->78448K(78848K)
[506.377s][info][gc,heap        ] GC(1835) ParOldGen: 592731K(667648K)->667643K(667648K)
[506.377s][info][gc,metaspace   ] GC(1835) Metaspace: 19039K(19200K)->19039K(19200K) NonClass: 16378K(16448K)->16378K(16448K) Class: 2661K(2752K)->2661K(2752K)
[506.378s][info][gc             ] GC(1835) Pause Young (Allocation Failure) 797M->871M(871M) 63.734ms
[506.378s][info][gc,cpu         ] GC(1835) User=0.13s Sys=0.00s Real=0.07s
[506.378s][info][gc,start       ] GC(1836) Pause Full (Allocation Failure)
[506.378s][info][gc,phases,start] GC(1836) Marking Phase
[506.855s][info][gc,phases      ] GC(1836) Marking Phase 477.114ms
[506.855s][info][gc,phases,start] GC(1836) Summary Phase
[506.855s][info][gc,phases      ] GC(1836) Summary Phase 0.025ms
[506.855s][info][gc,phases,start] GC(1836) Forward
[506.883s][info][gc,phases      ] GC(1836) Forward 27.933ms
[506.883s][info][gc,phases,start] GC(1836) Adjust Pointers
[507.207s][info][gc,phases      ] GC(1836) Adjust Pointers 324.381ms
[507.207s][info][gc,phases,start] GC(1836) Compaction Phase
[507.359s][info][gc,phases      ] GC(1836) Compaction Phase 151.482ms
[507.359s][info][gc,phases,start] GC(1836) Post Compact
[507.361s][info][gc,phases      ] GC(1836) Post Compact 2.534ms
[507.361s][info][gc,heap        ] GC(1836) PSYoungGen: 224368K(224768K)->9015K(224768K) Eden: 145920K(145920K)->0K(145920K) From: 78448K(78848K)->9015K(78848K)
[507.361s][info][gc,heap        ] GC(1836) ParOldGen: 667643K(667648K)->667632K(667648K)
[507.361s][info][gc,metaspace   ] GC(1836) Metaspace: 19039K(19200K)->19039K(19200K) NonClass: 16378K(16448K)->16378K(16448K) Class: 2661K(2752K)->2661K(2752K)
[507.361s][info][gc             ] GC(1836) Pause Full (Allocation Failure) 871M->660M(871M) 983.907ms
[507.361s][info][gc,cpu         ] GC(1836) User=1.92s Sys=0.00s Real=0.98s
[507.554s][info][gc,start       ] GC(1837) Pause Full (Allocation Failure)
[507.554s][info][gc,phases,start] GC(1837) Marking Phase
[508.036s][info][gc,phases      ] GC(1837) Marking Phase 482.075ms
[508.036s][info][gc,phases,start] GC(1837) Summary Phase
[508.036s][info][gc,phases      ] GC(1837) Summary Phase 0.026ms
[508.036s][info][gc,phases,start] GC(1837) Forward
[508.042s][info][gc,phases      ] GC(1837) Forward 5.482ms
[508.042s][info][gc,phases,start] GC(1837) Adjust Pointers
[508.367s][info][gc,phases      ] GC(1837) Adjust Pointers 325.788ms
[508.367s][info][gc,phases,start] GC(1837) Compaction Phase
[508.513s][info][gc,phases      ] GC(1837) Compaction Phase 145.235ms
[508.513s][info][gc,phases,start] GC(1837) Post Compact
[508.515s][info][gc,phases      ] GC(1837) Post Compact 2.480ms
[508.515s][info][gc,heap        ] GC(1837) PSYoungGen: 154935K(224768K)->9261K(251392K) Eden: 145920K(145920K)->9261K(145920K) From: 9015K(78848K)->0K(105472K)
[508.515s][info][gc,heap        ] GC(1837) ParOldGen: 667632K(667648K)->667647K(667648K)
[508.515s][info][gc,metaspace   ] GC(1837) Metaspace: 19039K(19200K)->19039K(19200K) NonClass: 16378K(16448K)->16378K(16448K) Class: 2661K(2752K)->2661K(2752K)
[508.515s][info][gc             ] GC(1837) Pause Full (Allocation Failure) 803M->661M(897M) 961.520ms
[508.515s][info][gc,cpu         ] GC(1837) User=1.88s Sys=0.00s Real=0.96s
[508.748s][info][gc,start       ] GC(1838) Pause Full (Allocation Failure)
[508.748s][info][gc,phases,start] GC(1838) Marking Phase
[509.232s][info][gc,phases      ] GC(1838) Marking Phase 484.645ms
[509.232s][info][gc,phases,start] GC(1838) Summary Phase
[509.232s][info][gc,phases      ] GC(1838) Summary Phase 0.026ms
[509.232s][info][gc,phases,start] GC(1838) Forward
[509.237s][info][gc,phases      ] GC(1838) Forward 5.088ms
[509.237s][info][gc,phases,start] GC(1838) Adjust Pointers
[509.563s][info][gc,phases      ] GC(1838) Adjust Pointers 325.844ms
[509.563s][info][gc,phases,start] GC(1838) Compaction Phase
[509.707s][info][gc,phases      ] GC(1838) Compaction Phase 143.859ms
[509.707s][info][gc,phases,start] GC(1838) Post Compact
[509.710s][info][gc,phases      ] GC(1838) Post Compact 2.325ms
[509.710s][info][gc,heap        ] GC(1838) PSYoungGen: 145920K(251392K)->9650K(224768K) Eden: 145920K(145920K)->9650K(145920K) From: 0K(105472K)->0K(78848K)
[509.710s][info][gc,heap        ] GC(1838) ParOldGen: 667647K(667648K)->667647K(667648K)
[509.710s][info][gc,metaspace   ] GC(1838) Metaspace: 19039K(19200K)->19039K(19200K) NonClass: 16378K(16448K)->16378K(16448K) Class: 2661K(2752K)->2661K(2752K)
[509.710s][info][gc             ] GC(1838) Pause Full (Allocation Failure) 794M->661M(871M) 962.188ms
[509.710s][info][gc,cpu         ] GC(1838) User=1.88s Sys=0.00s Real=0.96s
[509.894s][info][gc,start       ] GC(1839) Pause Full (Allocation Failure)
[509.894s][info][gc,phases,start] GC(1839) Marking Phase
[510.375s][info][gc,phases      ] GC(1839) Marking Phase 480.155ms
[510.375s][info][gc,phases,start] GC(1839) Summary Phase
[510.375s][info][gc,phases      ] GC(1839) Summary Phase 0.026ms
[510.375s][info][gc,phases,start] GC(1839) Forward
[510.381s][info][gc,phases      ] GC(1839) Forward 5.882ms
[510.381s][info][gc,phases,start] GC(1839) Adjust Pointers
[510.703s][info][gc,phases      ] GC(1839) Adjust Pointers 322.617ms
[510.703s][info][gc,phases,start] GC(1839) Compaction Phase
[510.847s][info][gc,phases      ] GC(1839) Compaction Phase 143.728ms
[510.847s][info][gc,phases,start] GC(1839) Post Compact
[510.849s][info][gc,phases      ] GC(1839) Post Compact 2.284ms
[510.849s][info][gc,heap        ] GC(1839) PSYoungGen: 145920K(224768K)->10944K(251392K) Eden: 145920K(145920K)->10944K(145920K) From: 0K(78848K)->0K(105472K)
[510.849s][info][gc,heap        ] GC(1839) ParOldGen: 667647K(667648K)->667646K(667648K)
[510.849s][info][gc,metaspace   ] GC(1839) Metaspace: 19039K(19200K)->19039K(19200K) NonClass: 16378K(16448K)->16378K(16448K) Class: 2661K(2752K)->2661K(2752K)
[510.849s][info][gc             ] GC(1839) Pause Full (Allocation Failure) 794M->662M(897M) 955.151ms
[510.849s][info][gc,cpu         ] GC(1839) User=1.87s Sys=0.00s Real=0.96s
[510.956s][info][gc,start       ] GC(1840) Pause Full (Allocation Failure)
[510.956s][info][gc,phases,start] GC(1840) Marking Phase
[511.438s][info][gc,phases      ] GC(1840) Marking Phase 482.642ms
[511.438s][info][gc,phases,start] GC(1840) Summary Phase
[511.438s][info][gc,phases      ] GC(1840) Summary Phase 0.025ms
[511.438s][info][gc,phases,start] GC(1840) Forward
[511.444s][info][gc,phases      ] GC(1840) Forward 6.068ms
[511.444s][info][gc,phases,start] GC(1840) Adjust Pointers
[511.771s][info][gc,phases      ] GC(1840) Adjust Pointers 326.561ms
[511.771s][info][gc,phases,start] GC(1840) Compaction Phase
[511.914s][info][gc,phases      ] GC(1840) Compaction Phase 143.394ms
[511.915s][info][gc,phases,start] GC(1840) Post Compact
[511.917s][info][gc,phases      ] GC(1840) Post Compact 2.322ms
[511.917s][info][gc,heap        ] GC(1840) PSYoungGen: 145920K(251392K)->11916K(224768K) Eden: 145920K(145920K)->11916K(145920K) From: 0K(105472K)->0K(78848K)
[511.917s][info][gc,heap        ] GC(1840) ParOldGen: 667646K(667648K)->667646K(667648K)
[511.917s][info][gc,metaspace   ] GC(1840) Metaspace: 19039K(19200K)->19039K(19200K) NonClass: 16378K(16448K)->16378K(16448K) Class: 2661K(2752K)->2661K(2752K)
[511.917s][info][gc             ] GC(1840) Pause Full (Allocation Failure) 794M->663M(871M) 961.407ms
[511.917s][info][gc,cpu         ] GC(1840) User=1.88s Sys=0.01s Real=0.97s
[512.162s][info][gc,start       ] GC(1841) Pause Full (Allocation Failure)
[512.162s][info][gc,phases,start] GC(1841) Marking Phase
[512.662s][info][gc,phases      ] GC(1841) Marking Phase 500.380ms
[512.662s][info][gc,phases,start] GC(1841) Summary Phase
[512.662s][info][gc,phases      ] GC(1841) Summary Phase 0.027ms
[512.662s][info][gc,phases,start] GC(1841) Forward
[512.698s][info][gc,phases      ] GC(1841) Forward 35.450ms
[512.698s][info][gc,phases,start] GC(1841) Adjust Pointers
[513.044s][info][gc,phases      ] GC(1841) Adjust Pointers 345.920ms
[513.044s][info][gc,phases,start] GC(1841) Compaction Phase
[513.195s][info][gc,phases      ] GC(1841) Compaction Phase 150.835ms
[513.199s][info][gc,phases,start] GC(1841) Post Compact
[513.201s][info][gc,phases      ] GC(1841) Post Compact 2.337ms
[513.201s][info][gc,heap        ] GC(1841) PSYoungGen: 145920K(224768K)->27210K(251392K) Eden: 145920K(145920K)->27210K(145920K) From: 0K(78848K)->0K(105472K)
[513.201s][info][gc,heap        ] GC(1841) ParOldGen: 667646K(667648K)->667526K(667648K)
[513.201s][info][gc,metaspace   ] GC(1841) Metaspace: 19039K(19200K)->19039K(19200K) NonClass: 16378K(16448K)->16378K(16448K) Class: 2661K(2752K)->2661K(2752K)
[513.201s][info][gc             ] GC(1841) Pause Full (Allocation Failure) 794M->678M(897M) 1039.697ms
[513.201s][info][gc,cpu         ] GC(1841) User=2.03s Sys=0.00s Real=1.04s
[513.407s][info][gc,start       ] GC(1842) Pause Full (Allocation Failure)
[513.407s][info][gc,phases,start] GC(1842) Marking Phase
[513.923s][info][gc,phases      ] GC(1842) Marking Phase 516.199ms
[513.923s][info][gc,phases,start] GC(1842) Summary Phase
[513.923s][info][gc,phases      ] GC(1842) Summary Phase 0.028ms
[513.923s][info][gc,phases,start] GC(1842) Forward
[514.086s][info][gc,phases      ] GC(1842) Forward 162.856ms
[514.086s][info][gc,phases,start] GC(1842) Adjust Pointers
[514.502s][info][gc,phases      ] GC(1842) Adjust Pointers 415.213ms
[514.502s][info][gc,phases,start] GC(1842) Compaction Phase
[514.701s][info][gc,phases      ] GC(1842) Compaction Phase 199.436ms
[514.717s][info][gc,phases,start] GC(1842) Post Compact
[514.719s][info][gc,phases      ] GC(1842) Post Compact 2.371ms
[514.719s][info][gc,heap        ] GC(1842) PSYoungGen: 145920K(251392K)->8506K(224768K) Eden: 145920K(145920K)->8506K(145920K) From: 0K(105472K)->0K(78848K)
[514.719s][info][gc,heap        ] GC(1842) ParOldGen: 667526K(667648K)->667613K(667648K)
[514.719s][info][gc,metaspace   ] GC(1842) Metaspace: 19039K(19200K)->19039K(19200K) NonClass: 16378K(16448K)->16378K(16448K) Class: 2661K(2752K)->2661K(2752K)
[514.719s][info][gc             ] GC(1842) Pause Full (Allocation Failure) 794M->660M(871M) 1312.144ms
[514.719s][info][gc,cpu         ] GC(1842) User=2.55s Sys=0.00s Real=1.31s
[514.892s][info][gc,start       ] GC(1843) Pause Full (Allocation Failure)
[514.892s][info][gc,phases,start] GC(1843) Marking Phase
[515.422s][info][gc,phases      ] GC(1843) Marking Phase 530.594ms
[515.422s][info][gc,phases,start] GC(1843) Summary Phase
[515.422s][info][gc,phases      ] GC(1843) Summary Phase 0.024ms
[515.422s][info][gc,phases,start] GC(1843) Forward
[515.435s][info][gc,phases      ] GC(1843) Forward 12.558ms
[515.435s][info][gc,phases,start] GC(1843) Adjust Pointers
[515.798s][info][gc,phases      ] GC(1843) Adjust Pointers 363.190ms
[515.798s][info][gc,phases,start] GC(1843) Compaction Phase
[515.951s][info][gc,phases      ] GC(1843) Compaction Phase 153.040ms
[515.951s][info][gc,phases,start] GC(1843) Post Compact
[515.954s][info][gc,phases      ] GC(1843) Post Compact 2.264ms
[515.954s][info][gc,heap        ] GC(1843) PSYoungGen: 145920K(224768K)->28871K(251392K) Eden: 145920K(145920K)->28871K(145920K) From: 0K(78848K)->0K(105472K)
[515.954s][info][gc,heap        ] GC(1843) ParOldGen: 667613K(667648K)->667613K(667648K)
[515.954s][info][gc,metaspace   ] GC(1843) Metaspace: 19039K(19200K)->19039K(19200K) NonClass: 16378K(16448K)->16378K(16448K) Class: 2661K(2752K)->2661K(2752K)
[515.954s][info][gc             ] GC(1843) Pause Full (Allocation Failure) 794M->680M(897M) 1062.108ms
[515.954s][info][gc,cpu         ] GC(1843) User=2.09s Sys=0.00s Real=1.06s
[516.050s][info][gc,start       ] GC(1844) Pause Full (Allocation Failure)
[516.050s][info][gc,phases,start] GC(1844) Marking Phase
[516.591s][info][gc,phases      ] GC(1844) Marking Phase 540.607ms
[516.591s][info][gc,phases,start] GC(1844) Summary Phase
[516.591s][info][gc,phases      ] GC(1844) Summary Phase 0.028ms
[516.591s][info][gc,phases,start] GC(1844) Forward
[516.606s][info][gc,phases      ] GC(1844) Forward 15.259ms
[516.606s][info][gc,phases,start] GC(1844) Adjust Pointers
[516.964s][info][gc,phases      ] GC(1844) Adjust Pointers 357.691ms
[516.964s][info][gc,phases,start] GC(1844) Compaction Phase
[517.114s][info][gc,phases      ] GC(1844) Compaction Phase 149.934ms
[517.114s][info][gc,phases,start] GC(1844) Post Compact
[517.117s][info][gc,phases      ] GC(1844) Post Compact 2.321ms
[517.117s][info][gc,heap        ] GC(1844) PSYoungGen: 145920K(251392K)->31292K(224768K) Eden: 145920K(145920K)->31292K(145920K) From: 0K(105472K)->0K(78848K)
[517.117s][info][gc,heap        ] GC(1844) ParOldGen: 667613K(667648K)->667613K(667648K)
[517.117s][info][gc,metaspace   ] GC(1844) Metaspace: 19039K(19200K)->19039K(19200K) NonClass: 16378K(16448K)->16378K(16448K) Class: 2661K(2752K)->2661K(2752K)
[517.117s][info][gc             ] GC(1844) Pause Full (Allocation Failure) 794M->682M(871M) 1066.319ms
[517.117s][info][gc,cpu         ] GC(1844) User=2.07s Sys=0.00s Real=1.07s
[517.263s][info][gc,start       ] GC(1845) Pause Full (Allocation Failure)
[517.263s][info][gc,phases,start] GC(1845) Marking Phase
[517.818s][info][gc,phases      ] GC(1845) Marking Phase 554.607ms
[517.818s][info][gc,phases,start] GC(1845) Summary Phase
[517.818s][info][gc,phases      ] GC(1845) Summary Phase 0.024ms
[517.818s][info][gc,phases,start] GC(1845) Forward
[517.835s][info][gc,phases      ] GC(1845) Forward 17.061ms
[517.835s][info][gc,phases,start] GC(1845) Adjust Pointers
[518.204s][info][gc,phases      ] GC(1845) Adjust Pointers 369.176ms
[518.204s][info][gc,phases,start] GC(1845) Compaction Phase
[518.363s][info][gc,phases      ] GC(1845) Compaction Phase 158.480ms
[518.363s][info][gc,phases,start] GC(1845) Post Compact
[518.365s][info][gc,phases      ] GC(1845) Post Compact 2.342ms
[518.365s][info][gc,heap        ] GC(1845) PSYoungGen: 145920K(224768K)->33990K(251392K) Eden: 145920K(145920K)->33990K(145920K) From: 0K(78848K)->0K(105472K)
[518.365s][info][gc,heap        ] GC(1845) ParOldGen: 667613K(667648K)->667613K(667648K)
[518.365s][info][gc,metaspace   ] GC(1845) Metaspace: 19039K(19200K)->19039K(19200K) NonClass: 16378K(16448K)->16378K(16448K) Class: 2661K(2752K)->2661K(2752K)
[518.365s][info][gc             ] GC(1845) Pause Full (Allocation Failure) 794M->685M(897M) 1102.154ms
[518.365s][info][gc,cpu         ] GC(1845) User=2.15s Sys=0.01s Real=1.10s
[518.506s][info][gc,start       ] GC(1846) Pause Full (Allocation Failure)
[518.506s][info][gc,phases,start] GC(1846) Marking Phase
[519.061s][info][gc,phases      ] GC(1846) Marking Phase 554.498ms
[519.061s][info][gc,phases,start] GC(1846) Summary Phase
[519.061s][info][gc,phases      ] GC(1846) Summary Phase 0.027ms
[519.061s][info][gc,phases,start] GC(1846) Forward
[519.222s][info][gc,phases      ] GC(1846) Forward 161.131ms
[519.222s][info][gc,phases,start] GC(1846) Adjust Pointers
[519.645s][info][gc,phases      ] GC(1846) Adjust Pointers 422.390ms
[519.645s][info][gc,phases,start] GC(1846) Compaction Phase
[519.831s][info][gc,phases      ] GC(1846) Compaction Phase 186.547ms
[519.848s][info][gc,phases,start] GC(1846) Post Compact
[519.851s][info][gc,phases      ] GC(1846) Post Compact 2.330ms
[519.851s][info][gc,heap        ] GC(1846) PSYoungGen: 145920K(251392K)->34289K(224768K) Eden: 145920K(145920K)->34289K(145920K) From: 0K(105472K)->0K(78848K)
[519.851s][info][gc,heap        ] GC(1846) ParOldGen: 667613K(667648K)->667613K(667648K)
[519.851s][info][gc,metaspace   ] GC(1846) Metaspace: 19039K(19200K)->19039K(19200K) NonClass: 16378K(16448K)->16378K(16448K) Class: 2661K(2752K)->2661K(2752K)
[519.851s][info][gc             ] GC(1846) Pause Full (Allocation Failure) 794M->685M(871M) 1344.651ms
[519.851s][info][gc,cpu         ] GC(1846) User=2.62s Sys=0.00s Real=1.34s
[519.917s][info][gc,start       ] GC(1847) Pause Full (Allocation Failure)
[519.917s][info][gc,phases,start] GC(1847) Marking Phase
[520.457s][info][gc,phases      ] GC(1847) Marking Phase 539.671ms
[520.457s][info][gc,phases,start] GC(1847) Summary Phase
[520.457s][info][gc,phases      ] GC(1847) Summary Phase 0.023ms
[520.457s][info][gc,phases,start] GC(1847) Forward
[520.476s][info][gc,phases      ] GC(1847) Forward 18.332ms
[520.476s][info][gc,phases,start] GC(1847) Adjust Pointers
[520.839s][info][gc,phases      ] GC(1847) Adjust Pointers 362.956ms
[520.839s][info][gc,phases,start] GC(1847) Compaction Phase
[520.990s][info][gc,phases      ] GC(1847) Compaction Phase 151.309ms
[520.990s][info][gc,phases,start] GC(1847) Post Compact
[520.992s][info][gc,phases      ] GC(1847) Post Compact 2.340ms
[520.992s][info][gc,heap        ] GC(1847) PSYoungGen: 145920K(224768K)->34287K(251392K) Eden: 145920K(145920K)->34287K(145920K) From: 0K(78848K)->0K(105472K)
[520.992s][info][gc,heap        ] GC(1847) ParOldGen: 667613K(667648K)->667613K(667648K)
[520.992s][info][gc,metaspace   ] GC(1847) Metaspace: 19039K(19200K)->19039K(19200K) NonClass: 16378K(16448K)->16378K(16448K) Class: 2661K(2752K)->2661K(2752K)
[520.992s][info][gc             ] GC(1847) Pause Full (Allocation Failure) 794M->685M(897M) 1075.053ms
[520.992s][info][gc,cpu         ] GC(1847) User=2.10s Sys=0.00s Real=1.07s
[521.097s][info][gc,start       ] GC(1848) Pause Full (Allocation Failure)
[521.097s][info][gc,phases,start] GC(1848) Marking Phase
[521.639s][info][gc,phases      ] GC(1848) Marking Phase 541.293ms
[521.639s][info][gc,phases,start] GC(1848) Summary Phase
[521.639s][info][gc,phases      ] GC(1848) Summary Phase 0.024ms
[521.639s][info][gc,phases,start] GC(1848) Forward
[521.657s][info][gc,phases      ] GC(1848) Forward 18.437ms
[521.657s][info][gc,phases,start] GC(1848) Adjust Pointers
[522.035s][info][gc,phases      ] GC(1848) Adjust Pointers 377.818ms
[522.035s][info][gc,phases,start] GC(1848) Compaction Phase
[522.191s][info][gc,phases      ] GC(1848) Compaction Phase 155.674ms
[522.191s][info][gc,phases,start] GC(1848) Post Compact
[522.193s][info][gc,phases      ] GC(1848) Post Compact 2.361ms
[522.193s][info][gc,heap        ] GC(1848) PSYoungGen: 145920K(251392K)->37778K(224768K) Eden: 145920K(145920K)->37778K(145920K) From: 0K(105472K)->0K(78848K)
[522.193s][info][gc,heap        ] GC(1848) ParOldGen: 667613K(667648K)->667613K(667648K)
[522.193s][info][gc,metaspace   ] GC(1848) Metaspace: 19039K(19200K)->19039K(19200K) NonClass: 16378K(16448K)->16378K(16448K) Class: 2661K(2752K)->2661K(2752K)
[522.193s][info][gc             ] GC(1848) Pause Full (Allocation Failure) 794M->688M(871M) 1096.033ms
[522.193s][info][gc,cpu         ] GC(1848) User=2.14s Sys=0.00s Real=1.09s
[522.349s][info][gc,start       ] GC(1849) Pause Full (Allocation Failure)
[522.349s][info][gc,phases,start] GC(1849) Marking Phase
[522.898s][info][gc,phases      ] GC(1849) Marking Phase 548.917ms
[522.898s][info][gc,phases,start] GC(1849) Summary Phase
[522.898s][info][gc,phases      ] GC(1849) Summary Phase 0.024ms
[522.898s][info][gc,phases,start] GC(1849) Forward
[522.921s][info][gc,phases      ] GC(1849) Forward 22.780ms
[522.921s][info][gc,phases,start] GC(1849) Adjust Pointers
[523.292s][info][gc,phases      ] GC(1849) Adjust Pointers 371.029ms
[523.292s][info][gc,phases,start] GC(1849) Compaction Phase
[523.455s][info][gc,phases      ] GC(1849) Compaction Phase 162.769ms
[523.455s][info][gc,phases,start] GC(1849) Post Compact
[523.457s][info][gc,phases      ] GC(1849) Post Compact 2.303ms
[523.457s][info][gc,heap        ] GC(1849) PSYoungGen: 145920K(224768K)->41719K(251392K) Eden: 145920K(145920K)->41719K(145920K) From: 0K(78848K)->0K(105472K)
[523.457s][info][gc,heap        ] GC(1849) ParOldGen: 667613K(667648K)->667613K(667648K)
[523.457s][info][gc,metaspace   ] GC(1849) Metaspace: 19039K(19200K)->19039K(19200K) NonClass: 16378K(16448K)->16378K(16448K) Class: 2661K(2752K)->2661K(2752K)
[523.458s][info][gc             ] GC(1849) Pause Full (Allocation Failure) 794M->692M(897M) 1108.314ms
[523.458s][info][gc,cpu         ] GC(1849) User=2.15s Sys=0.01s Real=1.11s
[523.623s][info][gc,start       ] GC(1850) Pause Full (Allocation Failure)
[523.623s][info][gc,phases,start] GC(1850) Marking Phase
[524.063s][info][gc,phases      ] GC(1850) Marking Phase 440.189ms
[524.063s][info][gc,phases,start] GC(1850) Summary Phase
[524.063s][info][gc,phases      ] GC(1850) Summary Phase 0.028ms
[524.063s][info][gc,phases,start] GC(1850) Forward
[524.219s][info][gc,phases      ] GC(1850) Forward 155.909ms
[524.219s][info][gc,phases,start] GC(1850) Adjust Pointers
[524.551s][info][gc,phases      ] GC(1850) Adjust Pointers 332.043ms
[524.551s][info][gc,phases,start] GC(1850) Compaction Phase
[524.767s][info][gc,phases      ] GC(1850) Compaction Phase 215.625ms
[524.778s][info][gc,phases,start] GC(1850) Post Compact
[524.781s][info][gc,phases      ] GC(1850) Post Compact 2.337ms
[524.781s][info][gc,heap        ] GC(1850) PSYoungGen: 145920K(251392K)->0K(224768K) Eden: 145920K(145920K)->0K(145920K) From: 0K(105472K)->0K(78848K)
[524.781s][info][gc,heap        ] GC(1850) ParOldGen: 667613K(667648K)->578518K(667648K)
[524.781s][info][gc,metaspace   ] GC(1850) Metaspace: 19039K(19200K)->19039K(19200K) NonClass: 16378K(16448K)->16378K(16448K) Class: 2661K(2752K)->2661K(2752K)
[524.781s][info][gc             ] GC(1850) Pause Full (Allocation Failure) 794M->564M(871M) 1157.943ms
[524.781s][info][gc,cpu         ] GC(1850) User=2.21s Sys=0.00s Real=1.16s
[525.226s][info][gc,start       ] GC(1851) Pause Young (Allocation Failure)
[525.228s][info][gc,heap        ] GC(1851) PSYoungGen: 145920K(224768K)->256K(229376K) Eden: 145920K(145920K)->0K(123904K) From: 0K(78848K)->256K(105472K)
[525.228s][info][gc,heap        ] GC(1851) ParOldGen: 578518K(667648K)->578518K(667648K)
[525.228s][info][gc,metaspace   ] GC(1851) Metaspace: 19043K(19200K)->19043K(19200K) NonClass: 16382K(16448K)->16382K(16448K) Class: 2661K(2752K)->2661K(2752K)
[525.228s][info][gc             ] GC(1851) Pause Young (Allocation Failure) 707M->565M(876M) 2.298ms
[525.228s][info][gc,cpu         ] GC(1851) User=0.00s Sys=0.00s Real=0.01s
[525.381s][info][gc,start       ] GC(1852) Pause Young (Allocation Failure)
[525.404s][info][gc,heap        ] GC(1852) PSYoungGen: 124160K(229376K)->21504K(145408K) Eden: 123904K(123904K)->0K(123904K) From: 256K(105472K)->21504K(21504K)
[525.404s][info][gc,heap        ] GC(1852) ParOldGen: 578518K(667648K)->578518K(667648K)
[525.404s][info][gc,metaspace   ] GC(1852) Metaspace: 19043K(19200K)->19043K(19200K) NonClass: 16382K(16448K)->16382K(16448K) Class: 2661K(2752K)->2661K(2752K)
[525.404s][info][gc             ] GC(1852) Pause Young (Allocation Failure) 686M->585M(794M) 23.203ms
[525.404s][info][gc,cpu         ] GC(1852) User=0.04s Sys=0.00s Real=0.02s
[525.625s][info][gc,start       ] GC(1853) Pause Young (Allocation Failure)
[525.653s][info][gc,heap        ] GC(1853) PSYoungGen: 145408K(145408K)->21504K(219648K) Eden: 123904K(123904K)->0K(128000K) From: 21504K(21504K)->21504K(91648K)
[525.653s][info][gc,heap        ] GC(1853) ParOldGen: 578518K(667648K)->578518K(667648K)
[525.653s][info][gc,metaspace   ] GC(1853) Metaspace: 19043K(19200K)->19043K(19200K) NonClass: 16382K(16448K)->16382K(16448K) Class: 2661K(2752K)->2661K(2752K)
[525.653s][info][gc             ] GC(1853) Pause Young (Allocation Failure) 706M->585M(866M) 27.155ms
[525.653s][info][gc,cpu         ] GC(1853) User=0.05s Sys=0.00s Real=0.03s
[525.909s][info][gc,start       ] GC(1854) Pause Young (Allocation Failure)
[525.933s][info][gc,heap        ] GC(1854) PSYoungGen: 149504K(219648K)->21528K(150016K) Eden: 128000K(128000K)->0K(128000K) From: 21504K(91648K)->21528K(22016K)
[525.933s][info][gc,heap        ] GC(1854) ParOldGen: 578518K(667648K)->578518K(667648K)
[525.933s][info][gc,metaspace   ] GC(1854) Metaspace: 19043K(19200K)->19043K(19200K) NonClass: 16382K(16448K)->16382K(16448K) Class: 2661K(2752K)->2661K(2752K)
[525.933s][info][gc             ] GC(1854) Pause Young (Allocation Failure) 710M->585M(798M) 24.455ms
[525.933s][info][gc,cpu         ] GC(1854) User=0.05s Sys=0.00s Real=0.02s
[527.230s][info][gc,start       ] GC(1855) Pause Young (Allocation Failure)
[527.255s][info][gc,heap        ] GC(1855) PSYoungGen: 149528K(150016K)->21949K(209408K) Eden: 128000K(128000K)->0K(131072K) From: 21528K(22016K)->21949K(78336K)
[527.255s][info][gc,heap        ] GC(1855) ParOldGen: 578518K(667648K)->578518K(667648K)
[527.255s][info][gc,metaspace   ] GC(1855) Metaspace: 19043K(19200K)->19043K(19200K) NonClass: 16382K(16448K)->16382K(16448K) Class: 2661K(2752K)->2661K(2752K)
[527.255s][info][gc             ] GC(1855) Pause Young (Allocation Failure) 710M->586M(856M) 25.196ms
[527.255s][info][gc,cpu         ] GC(1855) User=0.05s Sys=0.01s Real=0.02s
[527.828s][info][gc,start       ] GC(1856) Pause Young (Allocation Failure)
[527.857s][info][gc,heap        ] GC(1856) PSYoungGen: 153021K(209408K)->37058K(214528K) Eden: 131072K(131072K)->0K(131072K) From: 21949K(78336K)->37058K(83456K)
[527.857s][info][gc,heap        ] GC(1856) ParOldGen: 578518K(667648K)->578518K(667648K)
[527.857s][info][gc,metaspace   ] GC(1856) Metaspace: 19044K(19200K)->19044K(19200K) NonClass: 16382K(16448K)->16382K(16448K) Class: 2661K(2752K)->2661K(2752K)
[527.857s][info][gc             ] GC(1856) Pause Young (Allocation Failure) 714M->601M(861M) 29.480ms
[527.857s][info][gc,cpu         ] GC(1856) User=0.06s Sys=0.00s Real=0.03s
[528.425s][info][gc,start       ] GC(1857) Pause Young (Allocation Failure)
[528.451s][info][gc,heap        ] GC(1857) PSYoungGen: 168101K(214528K)->23878K(205824K) Eden: 131042K(131072K)->0K(133632K) From: 37058K(83456K)->23878K(72192K)
[528.451s][info][gc,heap        ] GC(1857) ParOldGen: 578518K(667648K)->578526K(667648K)
[528.451s][info][gc,metaspace   ] GC(1857) Metaspace: 19047K(19200K)->19047K(19200K) NonClass: 16385K(16448K)->16385K(16448K) Class: 2661K(2752K)->2661K(2752K)
[528.451s][info][gc             ] GC(1857) Pause Young (Allocation Failure) 729M->588M(853M) 26.575ms
[528.451s][info][gc,cpu         ] GC(1857) User=0.05s Sys=0.00s Real=0.03s
[528.762s][info][gc,start       ] GC(1858) Pause Young (Allocation Failure)
[528.787s][info][gc,heap        ] GC(1858) PSYoungGen: 157501K(205824K)->24008K(157696K) Eden: 133622K(133632K)->0K(133632K) From: 23878K(72192K)->24008K(24064K)
[528.787s][info][gc,heap        ] GC(1858) ParOldGen: 578526K(667648K)->578526K(667648K)
[528.787s][info][gc,metaspace   ] GC(1858) Metaspace: 19047K(19200K)->19047K(19200K) NonClass: 16386K(16448K)->16386K(16448K) Class: 2661K(2752K)->2661K(2752K)
[528.787s][info][gc             ] GC(1858) Pause Young (Allocation Failure) 718M->588M(806M) 25.688ms
[528.788s][info][gc,cpu         ] GC(1858) User=0.05s Sys=0.00s Real=0.03s
[529.082s][info][gc,start       ] GC(1859) Pause Young (Allocation Failure)
[529.111s][info][gc,heap        ] GC(1859) PSYoungGen: 157640K(157696K)->28781K(200704K) Eden: 133632K(133632K)->0K(136192K) From: 24008K(24064K)->28781K(64512K)
[529.111s][info][gc,heap        ] GC(1859) ParOldGen: 578526K(667648K)->578526K(667648K)
[529.111s][info][gc,metaspace   ] GC(1859) Metaspace: 19050K(19200K)->19050K(19200K) NonClass: 16389K(16448K)->16389K(16448K) Class: 2661K(2752K)->2661K(2752K)
[529.112s][info][gc             ] GC(1859) Pause Young (Allocation Failure) 718M->593M(848M) 29.472ms
[529.112s][info][gc,cpu         ] GC(1859) User=0.06s Sys=0.00s Real=0.03s
[529.211s][info][gc,start       ] GC(1860) Pause Young (Allocation Failure)
[529.283s][info][gc,heap        ] GC(1860) PSYoungGen: 164973K(200704K)->68605K(204800K) Eden: 136192K(136192K)->0K(136192K) From: 28781K(64512K)->68605K(68608K)
[529.283s][info][gc,heap        ] GC(1860) ParOldGen: 578526K(667648K)->585830K(667648K)
[529.283s][info][gc,metaspace   ] GC(1860) Metaspace: 19053K(19264K)->19053K(19264K) NonClass: 16392K(16512K)->16392K(16512K) Class: 2661K(2752K)->2661K(2752K)
[529.283s][info][gc             ] GC(1860) Pause Young (Allocation Failure) 726M->639M(852M) 71.629ms
[529.283s][info][gc,cpu         ] GC(1860) User=0.14s Sys=0.00s Real=0.07s
[529.403s][info][gc,start       ] GC(1861) Pause Young (Allocation Failure)
[529.517s][info][gc,heap        ] GC(1861) PSYoungGen: 204797K(204800K)->82404K(196608K) Eden: 136192K(136192K)->0K(114176K) From: 68605K(68608K)->82404K(82432K)
[529.517s][info][gc,heap        ] GC(1861) ParOldGen: 585830K(667648K)->621139K(667648K)
[529.517s][info][gc,metaspace   ] GC(1861) Metaspace: 19053K(19264K)->19053K(19264K) NonClass: 16392K(16512K)->16392K(16512K) Class: 2661K(2752K)->2661K(2752K)
[529.517s][info][gc             ] GC(1861) Pause Young (Allocation Failure) 772M->687M(844M) 114.358ms
[529.517s][info][gc,cpu         ] GC(1861) User=0.20s Sys=0.03s Real=0.12s
[529.704s][info][gc,start       ] GC(1862) Pause Young (Allocation Failure)
[529.803s][info][gc,heap        ] GC(1862) PSYoungGen: 196580K(196608K)->109044K(223232K) Eden: 114176K(114176K)->0K(114176K) From: 82404K(82432K)->109044K(109056K)
[529.803s][info][gc,heap        ] GC(1862) ParOldGen: 621139K(667648K)->638476K(667648K)
[529.803s][info][gc,metaspace   ] GC(1862) Metaspace: 19053K(19264K)->19053K(19264K) NonClass: 16392K(16512K)->16392K(16512K) Class: 2661K(2752K)->2661K(2752K)
[529.803s][info][gc             ] GC(1862) Pause Young (Allocation Failure) 798M->730M(870M) 98.413ms
[529.803s][info][gc,cpu         ] GC(1862) User=0.19s Sys=0.00s Real=0.10s
[529.986s][info][gc,start       ] GC(1863) Pause Full (Allocation Failure)
[529.986s][info][gc,phases,start] GC(1863) Marking Phase
[530.121s][info][gc,phases      ] GC(1863) Marking Phase 135.441ms
[530.121s][info][gc,phases,start] GC(1863) Summary Phase
[530.121s][info][gc,phases      ] GC(1863) Summary Phase 0.027ms
[530.121s][info][gc,phases,start] GC(1863) Forward
[530.164s][info][gc,phases      ] GC(1863) Forward 42.346ms
[530.164s][info][gc,phases,start] GC(1863) Adjust Pointers
[530.258s][info][gc,phases      ] GC(1863) Adjust Pointers 93.818ms
[530.258s][info][gc,phases,start] GC(1863) Compaction Phase
[530.319s][info][gc,phases      ] GC(1863) Compaction Phase 60.782ms
[530.320s][info][gc,phases,start] GC(1863) Post Compact
[530.323s][info][gc,phases      ] GC(1863) Post Compact 2.416ms
[530.333s][info][gc,heap        ] GC(1863) PSYoungGen: 223220K(223232K)->0K(222208K) Eden: 114176K(114176K)->0K(111616K) From: 109044K(109056K)->0K(110592K)
[530.333s][info][gc,heap        ] GC(1863) ParOldGen: 638476K(667648K)->216237K(552960K)
[530.333s][info][gc,metaspace   ] GC(1863) Metaspace: 19053K(19264K)->19053K(19264K) NonClass: 16392K(16512K)->16392K(16512K) Class: 2661K(2752K)->2661K(2752K)
[530.333s][info][gc             ] GC(1863) Pause Full (Allocation Failure) 841M->211M(757M) 347.584ms
[530.333s][info][gc,cpu         ] GC(1863) User=0.63s Sys=0.01s Real=0.35s
[530.467s][info][gc,start       ] GC(1864) Pause Young (Allocation Failure)
[530.496s][info][gc,heap        ] GC(1864) PSYoungGen: 111616K(222208K)->18770K(222720K) Eden: 111616K(111616K)->0K(111616K) From: 0K(110592K)->18770K(111104K)
[530.496s][info][gc,heap        ] GC(1864) ParOldGen: 216237K(552960K)->216245K(552960K)
[530.496s][info][gc,metaspace   ] GC(1864) Metaspace: 19062K(19264K)->19062K(19264K) NonClass: 16401K(16512K)->16401K(16512K) Class: 2661K(2752K)->2661K(2752K)
[530.496s][info][gc             ] GC(1864) Pause Young (Allocation Failure) 320M->229M(757M) 29.063ms
[530.496s][info][gc,cpu         ] GC(1864) User=0.06s Sys=0.00s Real=0.02s
[530.587s][info][gc,start       ] GC(1865) Pause Young (Allocation Failure)
[530.637s][info][gc,heap        ] GC(1865) PSYoungGen: 130386K(222720K)->35282K(222720K) Eden: 111616K(111616K)->0K(111616K) From: 18770K(111104K)->35282K(111104K)
[530.637s][info][gc,heap        ] GC(1865) ParOldGen: 216245K(552960K)->216245K(552960K)
[530.637s][info][gc,metaspace   ] GC(1865) Metaspace: 19062K(19264K)->19062K(19264K) NonClass: 16401K(16512K)->16401K(16512K) Class: 2661K(2752K)->2661K(2752K)
[530.637s][info][gc             ] GC(1865) Pause Young (Allocation Failure) 338M->245M(757M) 50.226ms
[530.637s][info][gc,cpu         ] GC(1865) User=0.10s Sys=0.00s Real=0.05s
[530.764s][info][gc,start       ] GC(1866) Pause Young (Allocation Failure)
[530.816s][info][gc,heap        ] GC(1866) PSYoungGen: 146898K(222720K)->39026K(222720K) Eden: 111616K(111616K)->0K(111616K) From: 35282K(111104K)->39026K(111104K)
[530.816s][info][gc,heap        ] GC(1866) ParOldGen: 216245K(552960K)->216245K(552960K)
[530.816s][info][gc,metaspace   ] GC(1866) Metaspace: 19062K(19264K)->19062K(19264K) NonClass: 16401K(16512K)->16401K(16512K) Class: 2661K(2752K)->2661K(2752K)
[530.816s][info][gc             ] GC(1866) Pause Young (Allocation Failure) 354M->249M(757M) 51.878ms
[530.816s][info][gc,cpu         ] GC(1866) User=0.11s Sys=0.00s Real=0.05s
[530.925s][info][gc,start       ] GC(1867) Pause Young (Allocation Failure)
[530.984s][info][gc,heap        ] GC(1867) PSYoungGen: 150642K(222720K)->47067K(222720K) Eden: 111616K(111616K)->0K(111616K) From: 39026K(111104K)->47067K(111104K)
[530.984s][info][gc,heap        ] GC(1867) ParOldGen: 216245K(552960K)->216245K(552960K)
[530.984s][info][gc,metaspace   ] GC(1867) Metaspace: 19062K(19264K)->19062K(19264K) NonClass: 16401K(16512K)->16401K(16512K) Class: 2661K(2752K)->2661K(2752K)
[530.984s][info][gc             ] GC(1867) Pause Young (Allocation Failure) 358M->257M(757M) 59.337ms
[530.984s][info][gc,cpu         ] GC(1867) User=0.12s Sys=0.01s Real=0.06s
[531.093s][info][gc,start       ] GC(1868) Pause Young (Allocation Failure)
[531.152s][info][gc,heap        ] GC(1868) PSYoungGen: 158683K(222720K)->47154K(159232K) Eden: 111616K(111616K)->0K(111616K) From: 47067K(111104K)->47154K(47616K)
[531.152s][info][gc,heap        ] GC(1868) ParOldGen: 216245K(552960K)->216245K(552960K)
[531.152s][info][gc,metaspace   ] GC(1868) Metaspace: 19062K(19264K)->19062K(19264K) NonClass: 16401K(16512K)->16401K(16512K) Class: 2661K(2752K)->2661K(2752K)
[531.152s][info][gc             ] GC(1868) Pause Young (Allocation Failure) 366M->257M(695M) 59.063ms
[531.152s][info][gc,cpu         ] GC(1868) User=0.12s Sys=0.00s Real=0.06s
[531.254s][info][gc,start       ] GC(1869) Pause Young (Allocation Failure)
[531.314s][info][gc,heap        ] GC(1869) PSYoungGen: 158770K(159232K)->48530K(219648K) Eden: 111616K(111616K)->0K(116224K) From: 47154K(47616K)->48530K(103424K)
[531.314s][info][gc,heap        ] GC(1869) ParOldGen: 216245K(552960K)->216245K(552960K)
[531.314s][info][gc,metaspace   ] GC(1869) Metaspace: 19062K(19264K)->19062K(19264K) NonClass: 16401K(16512K)->16401K(16512K) Class: 2661K(2752K)->2661K(2752K)
[531.314s][info][gc             ] GC(1869) Pause Young (Allocation Failure) 366M->258M(754M) 60.110ms
[531.314s][info][gc,cpu         ] GC(1869) User=0.12s Sys=0.00s Real=0.06s
[531.405s][info][gc,start       ] GC(1870) Pause Young (Allocation Failure)
[531.485s][info][gc,heap        ] GC(1870) PSYoungGen: 164754K(219648K)->70747K(216576K) Eden: 116224K(116224K)->0K(116224K) From: 48530K(103424K)->70747K(100352K)
[531.485s][info][gc,heap        ] GC(1870) ParOldGen: 216245K(552960K)->216245K(552960K)
[531.485s][info][gc,metaspace   ] GC(1870) Metaspace: 19062K(19264K)->19062K(19264K) NonClass: 16401K(16512K)->16401K(16512K) Class: 2661K(2752K)->2661K(2752K)
[531.485s][info][gc             ] GC(1870) Pause Young (Allocation Failure) 372M->280M(751M) 80.369ms
[531.485s][info][gc,cpu         ] GC(1870) User=0.16s Sys=0.00s Real=0.08s
[531.543s][info][gc,start       ] GC(1871) Pause Young (Allocation Failure)
[531.669s][info][gc,heap        ] GC(1871) PSYoungGen: 186971K(216576K)->104443K(216064K) Eden: 116224K(116224K)->0K(111616K) From: 70747K(100352K)->104443K(104448K)
[531.669s][info][gc,heap        ] GC(1871) ParOldGen: 216245K(552960K)->216245K(552960K)
[531.669s][info][gc,metaspace   ] GC(1871) Metaspace: 19062K(19264K)->19062K(19264K) NonClass: 16401K(16512K)->16401K(16512K) Class: 2661K(2752K)->2661K(2752K)
[531.669s][info][gc             ] GC(1871) Pause Young (Allocation Failure) 393M->313M(751M) 125.648ms
[531.669s][info][gc,cpu         ] GC(1871) User=0.23s Sys=0.03s Real=0.13s
[531.817s][info][gc,start       ] GC(1872) Pause Young (Allocation Failure)
[531.936s][info][gc,heap        ] GC(1872) PSYoungGen: 216059K(216064K)->82771K(222720K) Eden: 111616K(111616K)->0K(111616K) From: 104443K(104448K)->82771K(111104K)
[531.936s][info][gc,heap        ] GC(1872) ParOldGen: 216245K(552960K)->251556K(552960K)
[531.936s][info][gc,metaspace   ] GC(1872) Metaspace: 19062K(19264K)->19062K(19264K) NonClass: 16401K(16512K)->16401K(16512K) Class: 2661K(2752K)->2661K(2752K)
[531.936s][info][gc             ] GC(1872) Pause Young (Allocation Failure) 422M->326M(757M) 119.404ms
[531.936s][info][gc,cpu         ] GC(1872) User=0.24s Sys=0.00s Real=0.12s
[532.003s][info][gc,start       ] GC(1873) Pause Young (Allocation Failure)
[532.087s][info][gc,heap        ] GC(1873) PSYoungGen: 194387K(222720K)->77459K(222720K) Eden: 111616K(111616K)->0K(111616K) From: 82771K(111104K)->77459K(111104K)
[532.087s][info][gc,heap        ] GC(1873) ParOldGen: 251556K(552960K)->263372K(552960K)
[532.088s][info][gc,metaspace   ] GC(1873) Metaspace: 19062K(19264K)->19062K(19264K) NonClass: 16401K(16512K)->16401K(16512K) Class: 2661K(2752K)->2661K(2752K)
[532.088s][info][gc             ] GC(1873) Pause Young (Allocation Failure) 435M->332M(757M) 84.741ms
[532.088s][info][gc,cpu         ] GC(1873) User=0.17s Sys=0.00s Real=0.09s
[532.160s][info][gc,start       ] GC(1874) Pause Young (Allocation Failure)
[532.234s][info][gc,heap        ] GC(1874) PSYoungGen: 189075K(222720K)->78547K(222720K) Eden: 111616K(111616K)->0K(111616K) From: 77459K(111104K)->78547K(111104K)
[532.234s][info][gc,heap        ] GC(1874) ParOldGen: 263372K(552960K)->264860K(552960K)
[532.234s][info][gc,metaspace   ] GC(1874) Metaspace: 19062K(19264K)->19062K(19264K) NonClass: 16401K(16512K)->16401K(16512K) Class: 2661K(2752K)->2661K(2752K)
[532.234s][info][gc             ] GC(1874) Pause Young (Allocation Failure) 441M->335M(757M) 73.917ms
[532.234s][info][gc,cpu         ] GC(1874) User=0.15s Sys=0.00s Real=0.07s
[532.355s][info][gc,start       ] GC(1875) Pause Young (Allocation Failure)
[532.429s][info][gc,heap        ] GC(1875) PSYoungGen: 190163K(222720K)->24099K(222720K) Eden: 111616K(111616K)->0K(111616K) From: 78547K(111104K)->24099K(111104K)
[532.429s][info][gc,heap        ] GC(1875) ParOldGen: 264860K(552960K)->321119K(552960K)
[532.429s][info][gc,metaspace   ] GC(1875) Metaspace: 19062K(19264K)->19062K(19264K) NonClass: 16401K(16512K)->16401K(16512K) Class: 2661K(2752K)->2661K(2752K)
[532.430s][info][gc             ] GC(1875) Pause Young (Allocation Failure) 444M->337M(757M) 74.997ms
[532.430s][info][gc,cpu         ] GC(1875) User=0.15s Sys=0.00s Real=0.08s
[532.738s][info][gc,start       ] GC(1876) Pause Young (Allocation Failure)
[532.770s][info][gc,heap        ] GC(1876) PSYoungGen: 135715K(222720K)->4416K(222720K) Eden: 111616K(111616K)->0K(111616K) From: 24099K(111104K)->4416K(111104K)
[532.770s][info][gc,heap        ] GC(1876) ParOldGen: 321119K(552960K)->341255K(552960K)
[532.770s][info][gc,metaspace   ] GC(1876) Metaspace: 19062K(19264K)->19062K(19264K) NonClass: 16401K(16512K)->16401K(16512K) Class: 2661K(2752K)->2661K(2752K)
[532.770s][info][gc             ] GC(1876) Pause Young (Allocation Failure) 446M->337M(757M) 32.643ms
[532.770s][info][gc,cpu         ] GC(1876) User=0.06s Sys=0.00s Real=0.03s
[532.944s][info][gc,start       ] GC(1877) Pause Young (Allocation Failure)
[532.979s][info][gc,heap        ] GC(1877) PSYoungGen: 116032K(222720K)->29696K(222720K) Eden: 111616K(111616K)->0K(111616K) From: 4416K(111104K)->29696K(111104K)
[532.979s][info][gc,heap        ] GC(1877) ParOldGen: 341255K(552960K)->345271K(552960K)
[532.979s][info][gc,metaspace   ] GC(1877) Metaspace: 19062K(19264K)->19062K(19264K) NonClass: 16401K(16512K)->16401K(16512K) Class: 2661K(2752K)->2661K(2752K)
[532.979s][info][gc             ] GC(1877) Pause Young (Allocation Failure) 446M->366M(757M) 34.196ms
[532.979s][info][gc,cpu         ] GC(1877) User=0.06s Sys=0.00s Real=0.04s
[533.088s][info][gc,start       ] GC(1878) Pause Young (Allocation Failure)
[533.147s][info][gc,heap        ] GC(1878) PSYoungGen: 141312K(222720K)->37024K(222720K) Eden: 111616K(111616K)->0K(111616K) From: 29696K(111104K)->37024K(111104K)
[533.147s][info][gc,heap        ] GC(1878) ParOldGen: 345271K(552960K)->374811K(552960K)
[533.147s][info][gc,metaspace   ] GC(1878) Metaspace: 19062K(19264K)->19062K(19264K) NonClass: 16401K(16512K)->16401K(16512K) Class: 2661K(2752K)->2661K(2752K)
[533.147s][info][gc             ] GC(1878) Pause Young (Allocation Failure) 475M->402M(757M) 59.787ms
[533.147s][info][gc,cpu         ] GC(1878) User=0.12s Sys=0.00s Real=0.06s
[533.310s][info][gc,start       ] GC(1879) Pause Young (Allocation Failure)
[533.354s][info][gc,heap        ] GC(1879) PSYoungGen: 148640K(222720K)->14208K(222720K) Eden: 111616K(111616K)->0K(111616K) From: 37024K(111104K)->14208K(111104K)
[533.354s][info][gc,heap        ] GC(1879) ParOldGen: 374811K(552960K)->412126K(552960K)
[533.354s][info][gc,metaspace   ] GC(1879) Metaspace: 19062K(19264K)->19062K(19264K) NonClass: 16401K(16512K)->16401K(16512K) Class: 2661K(2752K)->2661K(2752K)
[533.354s][info][gc             ] GC(1879) Pause Young (Allocation Failure) 511M->416M(757M) 44.736ms
[533.354s][info][gc,cpu         ] GC(1879) User=0.09s Sys=0.00s Real=0.04s
[533.446s][info][gc,start       ] GC(1880) Pause Young (Allocation Failure)
[533.471s][info][gc,heap        ] GC(1880) PSYoungGen: 125824K(222720K)->1536K(222720K) Eden: 111616K(111616K)->0K(111616K) From: 14208K(111104K)->1536K(111104K)
[533.471s][info][gc,heap        ] GC(1880) ParOldGen: 412126K(552960K)->426350K(552960K)
[533.471s][info][gc,metaspace   ] GC(1880) Metaspace: 19062K(19264K)->19062K(19264K) NonClass: 16401K(16512K)->16401K(16512K) Class: 2661K(2752K)->2661K(2752K)
[533.471s][info][gc             ] GC(1880) Pause Young (Allocation Failure) 525M->417M(757M) 24.358ms
[533.471s][info][gc,cpu         ] GC(1880) User=0.05s Sys=0.00s Real=0.02s
[533.573s][info][gc,start       ] GC(1881) Pause Young (Allocation Failure)
[533.578s][info][gc,heap        ] GC(1881) PSYoungGen: 113152K(222720K)->960K(222720K) Eden: 111616K(111616K)->0K(111616K) From: 1536K(111104K)->960K(111104K)
[533.578s][info][gc,heap        ] GC(1881) ParOldGen: 426350K(552960K)->427718K(552960K)
[533.578s][info][gc,metaspace   ] GC(1881) Metaspace: 19062K(19264K)->19062K(19264K) NonClass: 16401K(16512K)->16401K(16512K) Class: 2661K(2752K)->2661K(2752K)
[533.578s][info][gc             ] GC(1881) Pause Young (Allocation Failure) 526M->418M(757M) 4.777ms
[533.578s][info][gc,cpu         ] GC(1881) User=0.01s Sys=0.00s Real=0.01s
[533.801s][info][gc,start       ] GC(1882) Pause Young (Allocation Failure)
[533.805s][info][gc,heap        ] GC(1882) PSYoungGen: 112576K(222720K)->512K(222720K) Eden: 111616K(111616K)->0K(111616K) From: 960K(111104K)->512K(111104K)
[533.805s][info][gc,heap        ] GC(1882) ParOldGen: 427718K(552960K)->428622K(552960K)
[533.805s][info][gc,metaspace   ] GC(1882) Metaspace: 19062K(19264K)->19062K(19264K) NonClass: 16401K(16512K)->16401K(16512K) Class: 2661K(2752K)->2661K(2752K)
[533.805s][info][gc             ] GC(1882) Pause Young (Allocation Failure) 527M->419M(757M) 3.915ms
[533.805s][info][gc,cpu         ] GC(1882) User=0.01s Sys=0.00s Real=0.00s
[534.025s][info][gc,start       ] GC(1883) Pause Young (Allocation Failure)
[534.034s][info][gc,heap        ] GC(1883) PSYoungGen: 112128K(222720K)->7168K(222720K) Eden: 111616K(111616K)->0K(111616K) From: 512K(111104K)->7168K(111104K)
[534.034s][info][gc,heap        ] GC(1883) ParOldGen: 428622K(552960K)->429110K(552960K)
[534.034s][info][gc,metaspace   ] GC(1883) Metaspace: 19062K(19264K)->19062K(19264K) NonClass: 16401K(16512K)->16401K(16512K) Class: 2661K(2752K)->2661K(2752K)
[534.034s][info][gc             ] GC(1883) Pause Young (Allocation Failure) 528M->426M(757M) 9.758ms
[534.034s][info][gc,cpu         ] GC(1883) User=0.02s Sys=0.00s Real=0.01s
[534.158s][info][gc,start       ] GC(1884) Pause Young (Allocation Failure)
[534.210s][info][gc,heap        ] GC(1884) PSYoungGen: 118784K(222720K)->55971K(222720K) Eden: 111616K(111616K)->0K(111616K) From: 7168K(111104K)->55971K(111104K)
[534.210s][info][gc,heap        ] GC(1884) ParOldGen: 429110K(552960K)->429110K(552960K)
[534.210s][info][gc,metaspace   ] GC(1884) Metaspace: 19062K(19264K)->19062K(19264K) NonClass: 16401K(16512K)->16401K(16512K) Class: 2661K(2752K)->2661K(2752K)
[534.210s][info][gc             ] GC(1884) Pause Young (Allocation Failure) 535M->473M(757M) 51.332ms
[534.210s][info][gc,cpu         ] GC(1884) User=0.10s Sys=0.00s Real=0.05s
[534.361s][info][gc,start       ] GC(1885) Pause Young (Allocation Failure)
[534.434s][info][gc,heap        ] GC(1885) PSYoungGen: 167587K(222720K)->21716K(213504K) Eden: 111616K(111616K)->0K(111616K) From: 55971K(111104K)->21716K(101888K)
[534.434s][info][gc,heap        ] GC(1885) ParOldGen: 429110K(552960K)->485267K(552960K)
[534.434s][info][gc,metaspace   ] GC(1885) Metaspace: 19062K(19264K)->19062K(19264K) NonClass: 16401K(16512K)->16401K(16512K) Class: 2661K(2752K)->2661K(2752K)
[534.434s][info][gc             ] GC(1885) Pause Young (Allocation Failure) 582M->495M(748M) 72.438ms
[534.434s][info][gc,cpu         ] GC(1885) User=0.15s Sys=0.00s Real=0.07s
[534.489s][info][gc,start       ] GC(1886) Pause Young (Allocation Failure)
[534.559s][info][gc,heap        ] GC(1886) PSYoungGen: 133332K(213504K)->72020K(218112K) Eden: 111616K(111616K)->0K(111616K) From: 21716K(101888K)->72020K(106496K)
[534.559s][info][gc,heap        ] GC(1886) ParOldGen: 485267K(552960K)->485267K(552960K)
[534.559s][info][gc,metaspace   ] GC(1886) Metaspace: 19062K(19264K)->19062K(19264K) NonClass: 16401K(16512K)->16401K(16512K) Class: 2661K(2752K)->2661K(2752K)
[534.560s][info][gc             ] GC(1886) Pause Young (Allocation Failure) 604M->544M(753M) 70.521ms
[534.560s][info][gc,cpu         ] GC(1886) User=0.14s Sys=0.00s Real=0.07s
[534.619s][info][gc,start       ] GC(1887) Pause Young (Allocation Failure)
[534.730s][info][gc,heap        ] GC(1887) PSYoungGen: 183636K(218112K)->38624K(223232K) Eden: 111616K(111616K)->0K(115712K) From: 72020K(106496K)->38624K(107520K)
[534.730s][info][gc,heap        ] GC(1887) ParOldGen: 485267K(552960K)->557546K(557568K)
[534.730s][info][gc,metaspace   ] GC(1887) Metaspace: 19062K(19264K)->19062K(19264K) NonClass: 16401K(16512K)->16401K(16512K) Class: 2661K(2752K)->2661K(2752K)
[534.730s][info][gc             ] GC(1887) Pause Young (Allocation Failure) 653M->582M(762M) 110.782ms
[534.730s][info][gc,cpu         ] GC(1887) User=0.22s Sys=0.00s Real=0.11s
[534.865s][info][gc,start       ] GC(1888) Pause Young (Allocation Failure)
[534.904s][info][gc,heap        ] GC(1888) PSYoungGen: 154336K(223232K)->40952K(156672K) Eden: 115712K(115712K)->0K(115712K) From: 38624K(107520K)->40952K(40960K)
[534.904s][info][gc,heap        ] GC(1888) ParOldGen: 557546K(557568K)->557546K(557568K)
[534.904s][info][gc,metaspace   ] GC(1888) Metaspace: 19062K(19264K)->19062K(19264K) NonClass: 16401K(16512K)->16401K(16512K) Class: 2661K(2752K)->2661K(2752K)
[534.904s][info][gc             ] GC(1888) Pause Young (Allocation Failure) 695M->584M(697M) 38.908ms
[534.904s][info][gc,cpu         ] GC(1888) User=0.07s Sys=0.00s Real=0.04s
[535.038s][info][gc,start       ] GC(1889) Pause Young (Allocation Failure)
[535.084s][info][gc,heap        ] GC(1889) PSYoungGen: 156664K(156672K)->48260K(222720K) Eden: 115712K(115712K)->0K(121856K) From: 40952K(40960K)->48260K(100864K)
[535.084s][info][gc,heap        ] GC(1889) ParOldGen: 557546K(557568K)->557546K(557568K)
[535.084s][info][gc,metaspace   ] GC(1889) Metaspace: 19062K(19264K)->19062K(19264K) NonClass: 16401K(16512K)->16401K(16512K) Class: 2661K(2752K)->2661K(2752K)
[535.084s][info][gc             ] GC(1889) Pause Young (Allocation Failure) 697M->591M(762M) 46.338ms
[535.084s][info][gc,cpu         ] GC(1889) User=0.09s Sys=0.00s Real=0.04s
[535.219s][info][gc,start       ] GC(1890) Pause Young (Allocation Failure)
[535.277s][info][gc,heap        ] GC(1890) PSYoungGen: 170116K(222720K)->60676K(221184K) Eden: 121856K(121856K)->0K(121856K) From: 48260K(100864K)->60676K(99328K)
[535.277s][info][gc,heap        ] GC(1890) ParOldGen: 557546K(557568K)->557546K(557568K)
[535.277s][info][gc,metaspace   ] GC(1890) Metaspace: 19062K(19264K)->19062K(19264K) NonClass: 16401K(16512K)->16401K(16512K) Class: 2661K(2752K)->2661K(2752K)
[535.277s][info][gc             ] GC(1890) Pause Young (Allocation Failure) 710M->603M(760M) 57.678ms
[535.277s][info][gc,cpu         ] GC(1890) User=0.11s Sys=0.00s Real=0.06s
[535.342s][info][gc,start       ] GC(1891) Pause Young (Allocation Failure)
[535.449s][info][gc,heap        ] GC(1891) PSYoungGen: 182532K(221184K)->101860K(213504K) Eden: 121856K(121856K)->0K(111616K) From: 60676K(99328K)->101860K(101888K)
[535.449s][info][gc,heap        ] GC(1891) ParOldGen: 557546K(557568K)->561762K(562176K)
[535.449s][info][gc,metaspace   ] GC(1891) Metaspace: 19062K(19264K)->19062K(19264K) NonClass: 16401K(16512K)->16401K(16512K) Class: 2661K(2752K)->2661K(2752K)
[535.449s][info][gc             ] GC(1891) Pause Young (Allocation Failure) 722M->648M(757M) 106.303ms
[535.449s][info][gc,cpu         ] GC(1891) User=0.20s Sys=0.01s Real=0.11s
[535.552s][info][gc,start       ] GC(1892) Pause Young (Allocation Failure)
[535.713s][info][gc,heap        ] GC(1892) PSYoungGen: 213476K(213504K)->111072K(222720K) Eden: 111616K(111616K)->0K(111616K) From: 101860K(101888K)->111072K(111104K)
[535.713s][info][gc,heap        ] GC(1892) ParOldGen: 561762K(562176K)->614841K(614912K)
[535.713s][info][gc,metaspace   ] GC(1892) Metaspace: 19062K(19264K)->19062K(19264K) NonClass: 16401K(16512K)->16401K(16512K) Class: 2661K(2752K)->2661K(2752K)
[535.713s][info][gc             ] GC(1892) Pause Young (Allocation Failure) 757M->708M(818M) 160.994ms
[535.713s][info][gc,cpu         ] GC(1892) User=0.28s Sys=0.05s Real=0.16s
[535.785s][info][gc,start       ] GC(1893) Pause Full (Allocation Failure)
[535.785s][info][gc,phases,start] GC(1893) Marking Phase
[535.942s][info][gc,phases      ] GC(1893) Marking Phase 157.556ms
[535.943s][info][gc,phases,start] GC(1893) Summary Phase
[535.943s][info][gc,phases      ] GC(1893) Summary Phase 0.027ms
[535.943s][info][gc,phases,start] GC(1893) Forward
[535.995s][info][gc,phases      ] GC(1893) Forward 51.902ms
[535.995s][info][gc,phases,start] GC(1893) Adjust Pointers
[536.100s][info][gc,phases      ] GC(1893) Adjust Pointers 105.195ms
[536.100s][info][gc,phases,start] GC(1893) Compaction Phase
[536.178s][info][gc,phases      ] GC(1893) Compaction Phase 77.939ms
[536.180s][info][gc,phases,start] GC(1893) Post Compact
[536.183s][info][gc,phases      ] GC(1893) Post Compact 2.408ms
[536.183s][info][gc,heap        ] GC(1893) PSYoungGen: 222688K(222720K)->0K(222720K) Eden: 111616K(111616K)->0K(111616K) From: 111072K(111104K)->0K(111104K)
[536.183s][info][gc,heap        ] GC(1893) ParOldGen: 614841K(614912K)->236960K(610304K)
[536.183s][info][gc,metaspace   ] GC(1893) Metaspace: 19062K(19264K)->19062K(19264K) NonClass: 16401K(16512K)->16401K(16512K) Class: 2661K(2752K)->2661K(2752K)
[536.183s][info][gc             ] GC(1893) Pause Full (Allocation Failure) 817M->231M(813M) 398.559ms
[536.183s][info][gc,cpu         ] GC(1893) User=0.75s Sys=0.00s Real=0.40s
[536.225s][info][gc,start       ] GC(1894) Pause Young (Allocation Failure)
[536.248s][info][gc,heap        ] GC(1894) PSYoungGen: 111616K(222720K)->29888K(222720K) Eden: 111616K(111616K)->0K(111616K) From: 0K(111104K)->29888K(111104K)
[536.248s][info][gc,heap        ] GC(1894) ParOldGen: 236960K(610304K)->236960K(610304K)
[536.248s][info][gc,metaspace   ] GC(1894) Metaspace: 19062K(19264K)->19062K(19264K) NonClass: 16401K(16512K)->16401K(16512K) Class: 2661K(2752K)->2661K(2752K)
[536.248s][info][gc             ] GC(1894) Pause Young (Allocation Failure) 340M->260M(813M) 22.857ms
[536.248s][info][gc,cpu         ] GC(1894) User=0.04s Sys=0.00s Real=0.03s
[536.382s][info][gc,start       ] GC(1895) Pause Young (Allocation Failure)
[536.443s][info][gc,heap        ] GC(1895) PSYoungGen: 141504K(222720K)->63361K(222720K) Eden: 111616K(111616K)->0K(111616K) From: 29888K(111104K)->63361K(111104K)
[536.443s][info][gc,heap        ] GC(1895) ParOldGen: 236960K(610304K)->236960K(610304K)
[536.443s][info][gc,metaspace   ] GC(1895) Metaspace: 19062K(19264K)->19062K(19264K) NonClass: 16401K(16512K)->16401K(16512K) Class: 2661K(2752K)->2661K(2752K)
[536.443s][info][gc             ] GC(1895) Pause Young (Allocation Failure) 369M->293M(813M) 61.615ms
[536.444s][info][gc,cpu         ] GC(1895) User=0.12s Sys=0.00s Real=0.06s
[536.522s][info][gc,start       ] GC(1896) Pause Young (Allocation Failure)
[536.585s][info][gc,heap        ] GC(1896) PSYoungGen: 174977K(222720K)->5792K(222720K) Eden: 111616K(111616K)->0K(111616K) From: 63361K(111104K)->5792K(111104K)
[536.586s][info][gc,heap        ] GC(1896) ParOldGen: 236960K(610304K)->300845K(610304K)
[536.586s][info][gc,metaspace   ] GC(1896) Metaspace: 19062K(19264K)->19062K(19264K) NonClass: 16401K(16512K)->16401K(16512K) Class: 2661K(2752K)->2661K(2752K)
[536.586s][info][gc             ] GC(1896) Pause Young (Allocation Failure) 402M->299M(813M) 63.661ms
[536.586s][info][gc,cpu         ] GC(1896) User=0.12s Sys=0.00s Real=0.06s
[536.681s][info][gc,start       ] GC(1897) Pause Young (Allocation Failure)
[536.720s][info][gc,heap        ] GC(1897) PSYoungGen: 117408K(222720K)->20577K(222720K) Eden: 111616K(111616K)->0K(111616K) From: 5792K(111104K)->20577K(111104K)
[536.720s][info][gc,heap        ] GC(1897) ParOldGen: 300845K(610304K)->306621K(610304K)
[536.720s][info][gc,metaspace   ] GC(1897) Metaspace: 19062K(19264K)->19062K(19264K) NonClass: 16401K(16512K)->16401K(16512K) Class: 2661K(2752K)->2661K(2752K)
[536.720s][info][gc             ] GC(1897) Pause Young (Allocation Failure) 408M->319M(813M) 38.802ms
[536.720s][info][gc,cpu         ] GC(1897) User=0.08s Sys=0.00s Real=0.04s
[536.837s][info][gc,start       ] GC(1898) Pause Young (Allocation Failure)
[536.894s][info][gc,heap        ] GC(1898) PSYoungGen: 132193K(222720K)->26912K(222720K) Eden: 111616K(111616K)->0K(111616K) From: 20577K(111104K)->26912K(111104K)
[536.894s][info][gc,heap        ] GC(1898) ParOldGen: 306621K(610304K)->327075K(610304K)
[536.894s][info][gc,metaspace   ] GC(1898) Metaspace: 19062K(19264K)->19062K(19264K) NonClass: 16401K(16512K)->16401K(16512K) Class: 2661K(2752K)->2661K(2752K)
[536.894s][info][gc             ] GC(1898) Pause Young (Allocation Failure) 428M->345M(813M) 57.492ms
[536.894s][info][gc,cpu         ] GC(1898) User=0.11s Sys=0.00s Real=0.05s
[536.957s][info][gc,start       ] GC(1899) Pause Young (Allocation Failure)
[537.003s][info][gc,heap        ] GC(1899) PSYoungGen: 138528K(222720K)->13312K(222720K) Eden: 111616K(111616K)->0K(111616K) From: 26912K(111104K)->13312K(111104K)
[537.003s][info][gc,heap        ] GC(1899) ParOldGen: 327075K(610304K)->354003K(610304K)
[537.003s][info][gc,metaspace   ] GC(1899) Metaspace: 19062K(19264K)->19062K(19264K) NonClass: 16401K(16512K)->16401K(16512K) Class: 2661K(2752K)->2661K(2752K)
[537.003s][info][gc             ] GC(1899) Pause Young (Allocation Failure) 454M->358M(813M) 45.740ms
[537.003s][info][gc,cpu         ] GC(1899) User=0.09s Sys=0.00s Real=0.04s
[537.083s][info][gc,start       ] GC(1900) Pause Young (Allocation Failure)
[537.115s][info][gc,heap        ] GC(1900) PSYoungGen: 124928K(222720K)->13504K(222720K) Eden: 111616K(111616K)->0K(111616K) From: 13312K(111104K)->13504K(111104K)
[537.115s][info][gc,heap        ] GC(1900) ParOldGen: 354003K(610304K)->367323K(610304K)
[537.115s][info][gc,metaspace   ] GC(1900) Metaspace: 19062K(19264K)->19062K(19264K) NonClass: 16401K(16512K)->16401K(16512K) Class: 2661K(2752K)->2661K(2752K)
[537.115s][info][gc             ] GC(1900) Pause Young (Allocation Failure) 467M->371M(813M) 32.516ms
[537.115s][info][gc,cpu         ] GC(1900) User=0.06s Sys=0.00s Real=0.03s
[537.196s][info][gc,start       ] GC(1901) Pause Young (Allocation Failure)
[537.221s][info][gc,heap        ] GC(1901) PSYoungGen: 125120K(222720K)->6912K(222720K) Eden: 111616K(111616K)->0K(111616K) From: 13504K(111104K)->6912K(111104K)
[537.221s][info][gc,heap        ] GC(1901) ParOldGen: 367323K(610304K)->380827K(610304K)
[537.221s][info][gc,metaspace   ] GC(1901) Metaspace: 19062K(19264K)->19062K(19264K) NonClass: 16401K(16512K)->16401K(16512K) Class: 2661K(2752K)->2661K(2752K)
[537.221s][info][gc             ] GC(1901) Pause Young (Allocation Failure) 480M->378M(813M) 25.920ms
[537.221s][info][gc,cpu         ] GC(1901) User=0.05s Sys=0.00s Real=0.03s
[537.283s][info][gc,start       ] GC(1902) Pause Young (Allocation Failure)
[537.296s][info][gc,heap        ] GC(1902) PSYoungGen: 118528K(222720K)->3872K(222720K) Eden: 111616K(111616K)->0K(111616K) From: 6912K(111104K)->3872K(111104K)
[537.296s][info][gc,heap        ] GC(1902) ParOldGen: 380827K(610304K)->387707K(610304K)
[537.296s][info][gc,metaspace   ] GC(1902) Metaspace: 19062K(19264K)->19062K(19264K) NonClass: 16401K(16512K)->16401K(16512K) Class: 2661K(2752K)->2661K(2752K)
[537.296s][info][gc             ] GC(1902) Pause Young (Allocation Failure) 487M->382M(813M) 13.309ms
[537.296s][info][gc,cpu         ] GC(1902) User=0.03s Sys=0.00s Real=0.02s
[537.388s][info][gc,start       ] GC(1903) Pause Young (Allocation Failure)
[537.397s][info][gc,heap        ] GC(1903) PSYoungGen: 115488K(222720K)->512K(222720K) Eden: 111616K(111616K)->0K(111616K) From: 3872K(111104K)->512K(111104K)
[537.397s][info][gc,heap        ] GC(1903) ParOldGen: 387707K(610304K)->391555K(610304K)
[537.397s][info][gc,metaspace   ] GC(1903) Metaspace: 19062K(19264K)->19062K(19264K) NonClass: 16401K(16512K)->16401K(16512K) Class: 2661K(2752K)->2661K(2752K)
[537.397s][info][gc             ] GC(1903) Pause Young (Allocation Failure) 491M->382M(813M) 9.436ms
[537.397s][info][gc,cpu         ] GC(1903) User=0.02s Sys=0.00s Real=0.01s
[537.493s][info][gc,start       ] GC(1904) Pause Young (Allocation Failure)
[537.510s][info][gc,heap        ] GC(1904) PSYoungGen: 112128K(222720K)->12288K(222720K) Eden: 111616K(111616K)->0K(111616K) From: 512K(111104K)->12288K(111104K)
[537.510s][info][gc,heap        ] GC(1904) ParOldGen: 391555K(610304K)->392043K(610304K)
[537.510s][info][gc,metaspace   ] GC(1904) Metaspace: 19062K(19264K)->19062K(19264K) NonClass: 16401K(16512K)->16401K(16512K) Class: 2661K(2752K)->2661K(2752K)
[537.511s][info][gc             ] GC(1904) Pause Young (Allocation Failure) 491M->394M(813M) 17.475ms
[537.511s][info][gc,cpu         ] GC(1904) User=0.03s Sys=0.00s Real=0.02s
[537.591s][info][gc,start       ] GC(1905) Pause Young (Allocation Failure)
[537.618s][info][gc,heap        ] GC(1905) PSYoungGen: 123904K(222720K)->12224K(213504K) Eden: 111616K(111616K)->0K(111616K) From: 12288K(111104K)->12224K(101888K)
[537.618s][info][gc,heap        ] GC(1905) ParOldGen: 392043K(610304K)->404329K(610304K)
[537.618s][info][gc,metaspace   ] GC(1905) Metaspace: 19062K(19264K)->19062K(19264K) NonClass: 16401K(16512K)->16401K(16512K) Class: 2661K(2752K)->2661K(2752K)
[537.618s][info][gc             ] GC(1905) Pause Young (Allocation Failure) 503M->406M(804M) 27.793ms
[537.618s][info][gc,cpu         ] GC(1905) User=0.06s Sys=0.00s Real=0.03s
[537.787s][info][gc,start       ] GC(1906) Pause Young (Allocation Failure)
[537.821s][info][gc,heap        ] GC(1906) PSYoungGen: 123840K(213504K)->31584K(218112K) Eden: 111616K(111616K)->0K(111616K) From: 12224K(101888K)->31584K(106496K)
[537.821s][info][gc,heap        ] GC(1906) ParOldGen: 404329K(610304K)->404329K(610304K)
[537.821s][info][gc,metaspace   ] GC(1906) Metaspace: 19062K(19264K)->19062K(19264K) NonClass: 16401K(16512K)->16401K(16512K) Class: 2661K(2752K)->2661K(2752K)
[537.821s][info][gc             ] GC(1906) Pause Young (Allocation Failure) 515M->425M(809M) 33.874ms
[537.821s][info][gc,cpu         ] GC(1906) User=0.07s Sys=0.01s Real=0.03s
[538.193s][info][gc,start       ] GC(1907) Pause Young (Allocation Failure)
[538.229s][info][gc,heap        ] GC(1907) PSYoungGen: 143200K(218112K)->33632K(208384K) Eden: 111616K(111616K)->0K(117760K) From: 31584K(106496K)->33632K(90624K)
[538.229s][info][gc,heap        ] GC(1907) ParOldGen: 404329K(610304K)->404329K(610304K)
[538.229s][info][gc,metaspace   ] GC(1907) Metaspace: 19062K(19264K)->19062K(19264K) NonClass: 16401K(16512K)->16401K(16512K) Class: 2661K(2752K)->2661K(2752K)
[538.229s][info][gc             ] GC(1907) Pause Young (Allocation Failure) 534M->427M(799M) 36.214ms
[538.229s][info][gc,cpu         ] GC(1907) User=0.07s Sys=0.00s Real=0.04s
[538.518s][info][gc,start       ] GC(1908) Pause Young (Allocation Failure)
[538.552s][info][gc,heap        ] GC(1908) PSYoungGen: 151392K(208384K)->33696K(213504K) Eden: 117760K(117760K)->0K(117760K) From: 33632K(90624K)->33696K(95744K)
[538.552s][info][gc,heap        ] GC(1908) ParOldGen: 404329K(610304K)->404329K(610304K)
[538.552s][info][gc,metaspace   ] GC(1908) Metaspace: 19062K(19264K)->19062K(19264K) NonClass: 16401K(16512K)->16401K(16512K) Class: 2661K(2752K)->2661K(2752K)
[538.552s][info][gc             ] GC(1908) Pause Young (Allocation Failure) 542M->427M(804M) 34.180ms
[538.552s][info][gc,cpu         ] GC(1908) User=0.06s Sys=0.00s Real=0.03s
[538.822s][info][gc,start       ] GC(1909) Pause Young (Allocation Failure)
[538.856s][info][gc,heap        ] GC(1909) PSYoungGen: 151456K(213504K)->33728K(206336K) Eden: 117760K(117760K)->0K(123392K) From: 33696K(95744K)->33728K(82944K)
[538.856s][info][gc,heap        ] GC(1909) ParOldGen: 404329K(610304K)->404329K(610304K)
[538.856s][info][gc,metaspace   ] GC(1909) Metaspace: 19062K(19264K)->19062K(19264K) NonClass: 16401K(16512K)->16401K(16512K) Class: 2661K(2752K)->2661K(2752K)
[538.856s][info][gc             ] GC(1909) Pause Young (Allocation Failure) 542M->427M(797M) 34.373ms
[538.856s][info][gc,cpu         ] GC(1909) User=0.07s Sys=0.00s Real=0.03s
[539.129s][info][gc,start       ] GC(1910) Pause Young (Allocation Failure)
[539.166s][info][gc,heap        ] GC(1910) PSYoungGen: 157120K(206336K)->33760K(210432K) Eden: 123392K(123392K)->0K(123392K) From: 33728K(82944K)->33760K(87040K)
[539.166s][info][gc,heap        ] GC(1910) ParOldGen: 404329K(610304K)->404329K(610304K)
[539.166s][info][gc,metaspace   ] GC(1910) Metaspace: 19062K(19264K)->19062K(19264K) NonClass: 16401K(16512K)->16401K(16512K) Class: 2661K(2752K)->2661K(2752K)
[539.166s][info][gc             ] GC(1910) Pause Young (Allocation Failure) 548M->427M(801M) 37.100ms
[539.166s][info][gc,cpu         ] GC(1910) User=0.07s Sys=0.00s Real=0.04s
[539.434s][info][gc,start       ] GC(1911) Pause Young (Allocation Failure)
[539.477s][info][gc,heap        ] GC(1911) PSYoungGen: 157152K(210432K)->33760K(204800K) Eden: 123392K(123392K)->0K(129024K) From: 33760K(87040K)->33760K(75776K)
[539.477s][info][gc,heap        ] GC(1911) ParOldGen: 404329K(610304K)->404329K(610304K)
[539.477s][info][gc,metaspace   ] GC(1911) Metaspace: 19062K(19264K)->19062K(19264K) NonClass: 16401K(16512K)->16401K(16512K) Class: 2661K(2752K)->2661K(2752K)
[539.477s][info][gc             ] GC(1911) Pause Young (Allocation Failure) 548M->427M(796M) 43.330ms
[539.477s][info][gc,cpu         ] GC(1911) User=0.08s Sys=0.00s Real=0.05s
[539.725s][info][gc,start       ] GC(1912) Pause Young (Allocation Failure)
[539.775s][info][gc,heap        ] GC(1912) PSYoungGen: 162784K(204800K)->44006K(208384K) Eden: 129024K(129024K)->0K(129024K) From: 33760K(75776K)->44006K(79360K)
[539.775s][info][gc,heap        ] GC(1912) ParOldGen: 404329K(610304K)->404329K(610304K)
[539.775s][info][gc,metaspace   ] GC(1912) Metaspace: 19062K(19264K)->19062K(19264K) NonClass: 16401K(16512K)->16401K(16512K) Class: 2661K(2752K)->2661K(2752K)
[539.775s][info][gc             ] GC(1912) Pause Young (Allocation Failure) 553M->437M(799M) 50.019ms
[539.775s][info][gc,cpu         ] GC(1912) User=0.10s Sys=0.00s Real=0.05s
[539.843s][info][gc,start       ] GC(1913) Pause Young (Allocation Failure)
[539.921s][info][gc,heap        ] GC(1913) PSYoungGen: 173030K(208384K)->79334K(196608K) Eden: 129024K(129024K)->0K(117248K) From: 44006K(79360K)->79334K(79360K)
[539.921s][info][gc,heap        ] GC(1913) ParOldGen: 404329K(610304K)->417001K(610304K)
[539.921s][info][gc,metaspace   ] GC(1913) Metaspace: 19062K(19264K)->19062K(19264K) NonClass: 16401K(16512K)->16401K(16512K) Class: 2661K(2752K)->2661K(2752K)
[539.921s][info][gc             ] GC(1913) Pause Young (Allocation Failure) 563M->484M(788M) 77.842ms
[539.921s][info][gc,cpu         ] GC(1913) User=0.14s Sys=0.01s Real=0.08s
[540.079s][info][gc,start       ] GC(1914) Pause Young (Allocation Failure)
[540.164s][info][gc,heap        ] GC(1914) PSYoungGen: 196582K(196608K)->69078K(214528K) Eden: 117248K(117248K)->0K(117248K) From: 79334K(79360K)->69078K(97280K)
[540.164s][info][gc,heap        ] GC(1914) ParOldGen: 417001K(610304K)->448599K(610304K)
[540.164s][info][gc,metaspace   ] GC(1914) Metaspace: 19062K(19264K)->19062K(19264K) NonClass: 16401K(16512K)->16401K(16512K) Class: 2661K(2752K)->2661K(2752K)
[540.164s][info][gc             ] GC(1914) Pause Young (Allocation Failure) 599M->505M(805M) 84.822ms
[540.164s][info][gc,cpu         ] GC(1914) User=0.17s Sys=0.00s Real=0.08s
[540.239s][info][gc,start       ] GC(1915) Pause Young (Allocation Failure)
[540.304s][info][gc,heap        ] GC(1915) PSYoungGen: 186326K(214528K)->79974K(214528K) Eden: 117248K(117248K)->0K(111616K) From: 69078K(97280K)->79974K(102912K)
[540.304s][info][gc,heap        ] GC(1915) ParOldGen: 448599K(610304K)->448599K(610304K)
[540.304s][info][gc,metaspace   ] GC(1915) Metaspace: 19062K(19264K)->19062K(19264K) NonClass: 16401K(16512K)->16401K(16512K) Class: 2661K(2752K)->2661K(2752K)
[540.304s][info][gc             ] GC(1915) Pause Young (Allocation Failure) 620M->516M(805M) 65.518ms
[540.304s][info][gc,cpu         ] GC(1915) User=0.13s Sys=0.01s Real=0.06s
[540.403s][info][gc,start       ] GC(1916) Pause Young (Allocation Failure)
[540.483s][info][gc,heap        ] GC(1916) PSYoungGen: 191590K(214528K)->100051K(222720K) Eden: 111616K(111616K)->0K(111616K) From: 79974K(102912K)->100051K(111104K)
[540.483s][info][gc,heap        ] GC(1916) ParOldGen: 448599K(610304K)->448599K(610304K)
[540.483s][info][gc,metaspace   ] GC(1916) Metaspace: 19062K(19264K)->19062K(19264K) NonClass: 16401K(16512K)->16401K(16512K) Class: 2661K(2752K)->2661K(2752K)
[540.483s][info][gc             ] GC(1916) Pause Young (Allocation Failure) 625M->535M(813M) 79.876ms
[540.483s][info][gc,cpu         ] GC(1916) User=0.16s Sys=0.00s Real=0.08s
[540.576s][info][gc,start       ] GC(1917) Pause Young (Allocation Failure)
[540.705s][info][gc,heap        ] GC(1917) PSYoungGen: 211667K(222720K)->111084K(222720K) Eden: 111616K(111616K)->0K(111616K) From: 100051K(111104K)->111084K(111104K)
[540.705s][info][gc,heap        ] GC(1917) ParOldGen: 448599K(610304K)->469979K(610304K)
[540.705s][info][gc,metaspace   ] GC(1917) Metaspace: 19062K(19264K)->19062K(19264K) NonClass: 16401K(16512K)->16401K(16512K) Class: 2661K(2752K)->2661K(2752K)
[540.705s][info][gc             ] GC(1917) Pause Young (Allocation Failure) 644M->567M(813M) 129.117ms
[540.705s][info][gc,cpu         ] GC(1917) User=0.24s Sys=0.02s Real=0.13s
[540.780s][info][gc,start       ] GC(1918) Pause Young (Allocation Failure)
[540.890s][info][gc,heap        ] GC(1918) PSYoungGen: 222700K(222720K)->111078K(222720K) Eden: 111616K(111616K)->0K(111616K) From: 111084K(111104K)->111078K(111104K)
[540.890s][info][gc,heap        ] GC(1918) ParOldGen: 469979K(610304K)->478330K(610304K)
[540.890s][info][gc,metaspace   ] GC(1918) Metaspace: 19062K(19264K)->19062K(19264K) NonClass: 16401K(16512K)->16401K(16512K) Class: 2661K(2752K)->2661K(2752K)
[540.890s][info][gc             ] GC(1918) Pause Young (Allocation Failure) 676M->575M(813M) 110.026ms
[540.890s][info][gc,cpu         ] GC(1918) User=0.22s Sys=0.00s Real=0.11s
[540.955s][info][gc,start       ] GC(1919) Pause Young (Allocation Failure)
[541.068s][info][gc,heap        ] GC(1919) PSYoungGen: 222694K(222720K)->111087K(222720K) Eden: 111616K(111616K)->0K(111616K) From: 111078K(111104K)->111087K(111104K)
[541.068s][info][gc,heap        ] GC(1919) ParOldGen: 478330K(610304K)->486281K(610304K)
[541.068s][info][gc,metaspace   ] GC(1919) Metaspace: 19062K(19264K)->19062K(19264K) NonClass: 16401K(16512K)->16401K(16512K) Class: 2661K(2752K)->2661K(2752K)
[541.068s][info][gc             ] GC(1919) Pause Young (Allocation Failure) 684M->583M(813M) 112.350ms
[541.068s][info][gc,cpu         ] GC(1919) User=0.22s Sys=0.00s Real=0.12s
[541.169s][info][gc,start       ] GC(1920) Pause Young (Allocation Failure)
[541.296s][info][gc,heap        ] GC(1920) PSYoungGen: 222703K(222720K)->80399K(222720K) Eden: 111616K(111616K)->0K(111616K) From: 111087K(111104K)->80399K(111104K)
[541.297s][info][gc,heap        ] GC(1920) ParOldGen: 486281K(610304K)->541325K(610304K)
[541.297s][info][gc,metaspace   ] GC(1920) Metaspace: 19062K(19264K)->19062K(19264K) NonClass: 16401K(16512K)->16401K(16512K) Class: 2661K(2752K)->2661K(2752K)
[541.297s][info][gc             ] GC(1920) Pause Young (Allocation Failure) 692M->607M(813M) 127.755ms
[541.297s][info][gc,cpu         ] GC(1920) User=0.26s Sys=0.00s Real=0.13s
[541.378s][info][gc,start       ] GC(1921) Pause Young (Allocation Failure)
[541.482s][info][gc,heap        ] GC(1921) PSYoungGen: 192015K(222720K)->78176K(222720K) Eden: 111616K(111616K)->0K(111616K) From: 80399K(111104K)->78176K(111104K)
[541.482s][info][gc,heap        ] GC(1921) ParOldGen: 541325K(610304K)->559707K(610304K)
[541.482s][info][gc,metaspace   ] GC(1921) Metaspace: 19062K(19264K)->19062K(19264K) NonClass: 16401K(16512K)->16401K(16512K) Class: 2661K(2752K)->2661K(2752K)
[541.483s][info][gc             ] GC(1921) Pause Young (Allocation Failure) 716M->622M(813M) 104.764ms
[541.483s][info][gc,cpu         ] GC(1921) User=0.21s Sys=0.00s Real=0.10s
[541.544s][info][gc,start       ] GC(1922) Pause Young (Allocation Failure)
[541.627s][info][gc,heap        ] GC(1922) PSYoungGen: 189792K(222720K)->50560K(222720K) Eden: 111616K(111616K)->0K(111616K) From: 78176K(111104K)->50560K(111104K)
[541.627s][info][gc,heap        ] GC(1922) ParOldGen: 559707K(610304K)->590555K(610304K)
[541.627s][info][gc,metaspace   ] GC(1922) Metaspace: 19062K(19264K)->19062K(19264K) NonClass: 16401K(16512K)->16401K(16512K) Class: 2661K(2752K)->2661K(2752K)
[541.627s][info][gc             ] GC(1922) Pause Young (Allocation Failure) 731M->626M(813M) 83.475ms
[541.627s][info][gc,cpu         ] GC(1922) User=0.16s Sys=0.00s Real=0.09s
[541.709s][info][gc,start       ] GC(1923) Pause Young (Allocation Failure)
[541.775s][info][gc,heap        ] GC(1923) PSYoungGen: 162176K(222720K)->21376K(222720K) Eden: 111616K(111616K)->0K(111616K) From: 50560K(111104K)->21376K(111104K)
[541.775s][info][gc,heap        ] GC(1923) ParOldGen: 590555K(610304K)->622051K(622080K)
[541.775s][info][gc,metaspace   ] GC(1923) Metaspace: 19062K(19264K)->19062K(19264K) NonClass: 16401K(16512K)->16401K(16512K) Class: 2661K(2752K)->2661K(2752K)
[541.775s][info][gc             ] GC(1923) Pause Young (Allocation Failure) 735M->628M(825M) 65.493ms
[541.775s][info][gc,cpu         ] GC(1923) User=0.13s Sys=0.01s Real=0.06s
[541.859s][info][gc,start       ] GC(1924) Pause Full (Allocation Failure)
[541.859s][info][gc,phases,start] GC(1924) Marking Phase
[542.131s][info][gc,phases      ] GC(1924) Marking Phase 271.883ms
[542.131s][info][gc,phases,start] GC(1924) Summary Phase
[542.131s][info][gc,phases      ] GC(1924) Summary Phase 0.027ms
[542.131s][info][gc,phases,start] GC(1924) Forward
[542.230s][info][gc,phases      ] GC(1924) Forward 99.091ms
[542.230s][info][gc,phases,start] GC(1924) Adjust Pointers
[542.442s][info][gc,phases      ] GC(1924) Adjust Pointers 212.658ms
[542.443s][info][gc,phases,start] GC(1924) Compaction Phase
[542.568s][info][gc,phases      ] GC(1924) Compaction Phase 125.271ms
[542.576s][info][gc,phases,start] GC(1924) Post Compact
[542.578s][info][gc,phases      ] GC(1924) Post Compact 2.181ms
[542.579s][info][gc,heap        ] GC(1924) PSYoungGen: 132992K(222720K)->0K(222720K) Eden: 111616K(111616K)->0K(111616K) From: 21376K(111104K)->0K(111104K)
[542.579s][info][gc,heap        ] GC(1924) ParOldGen: 622051K(622080K)->384385K(667648K)
[542.579s][info][gc,metaspace   ] GC(1924) Metaspace: 19062K(19264K)->19062K(19264K) NonClass: 16401K(16512K)->16401K(16512K) Class: 2661K(2752K)->2661K(2752K)
[542.579s][info][gc             ] GC(1924) Pause Full (Allocation Failure) 737M->375M(869M) 719.991ms
[542.579s][info][gc,cpu         ] GC(1924) User=1.36s Sys=0.00s Real=0.72s
[542.706s][info][gc,start       ] GC(1925) Pause Young (Allocation Failure)
[542.710s][info][gc,heap        ] GC(1925) PSYoungGen: 111616K(222720K)->2816K(222720K) Eden: 111616K(111616K)->0K(111616K) From: 0K(111104K)->2816K(111104K)
[542.710s][info][gc,heap        ] GC(1925) ParOldGen: 384385K(667648K)->384385K(667648K)
[542.710s][info][gc,metaspace   ] GC(1925) Metaspace: 19062K(19264K)->19062K(19264K) NonClass: 16401K(16512K)->16401K(16512K) Class: 2661K(2752K)->2661K(2752K)
[542.710s][info][gc             ] GC(1925) Pause Young (Allocation Failure) 484M->378M(869M) 4.864ms
[542.710s][info][gc,cpu         ] GC(1925) User=0.01s Sys=0.00s Real=0.01s
[542.857s][info][gc,start       ] GC(1926) Pause Young (Allocation Failure)
[542.876s][info][gc,heap        ] GC(1926) PSYoungGen: 114432K(222720K)->15104K(222720K) Eden: 111616K(111616K)->0K(111616K) From: 2816K(111104K)->15104K(111104K)
[542.876s][info][gc,heap        ] GC(1926) ParOldGen: 384385K(667648K)->387177K(667648K)
[542.876s][info][gc,metaspace   ] GC(1926) Metaspace: 19062K(19264K)->19062K(19264K) NonClass: 16401K(16512K)->16401K(16512K) Class: 2661K(2752K)->2661K(2752K)
[542.876s][info][gc             ] GC(1926) Pause Young (Allocation Failure) 487M->392M(869M) 19.354ms
[542.876s][info][gc,cpu         ] GC(1926) User=0.04s Sys=0.00s Real=0.02s
[543.038s][info][gc,start       ] GC(1927) Pause Young (Allocation Failure)
[543.067s][info][gc,heap        ] GC(1927) PSYoungGen: 126720K(222720K)->7456K(222720K) Eden: 111616K(111616K)->0K(111616K) From: 15104K(111104K)->7456K(111104K)
[543.067s][info][gc,heap        ] GC(1927) ParOldGen: 387177K(667648K)->402257K(667648K)
[543.067s][info][gc,metaspace   ] GC(1927) Metaspace: 19062K(19264K)->19062K(19264K) NonClass: 16401K(16512K)->16401K(16512K) Class: 2661K(2752K)->2661K(2752K)
[543.067s][info][gc             ] GC(1927) Pause Young (Allocation Failure) 501M->400M(869M) 28.519ms
[543.067s][info][gc,cpu         ] GC(1927) User=0.06s Sys=0.00s Real=0.03s
[543.276s][info][gc,start       ] GC(1928) Pause Young (Allocation Failure)
[543.300s][info][gc,heap        ] GC(1928) PSYoungGen: 119072K(222720K)->17456K(222720K) Eden: 111616K(111616K)->0K(111616K) From: 7456K(111104K)->17456K(111104K)
[543.300s][info][gc,heap        ] GC(1928) ParOldGen: 402257K(667648K)->409681K(667648K)
[543.300s][info][gc,metaspace   ] GC(1928) Metaspace: 19062K(19264K)->19062K(19264K) NonClass: 16401K(16512K)->16401K(16512K) Class: 2661K(2752K)->2661K(2752K)
[543.300s][info][gc             ] GC(1928) Pause Young (Allocation Failure) 509M->417M(869M) 24.903ms
[543.300s][info][gc,cpu         ] GC(1928) User=0.05s Sys=0.00s Real=0.03s
[543.435s][info][gc,start       ] GC(1929) Pause Young (Allocation Failure)
[543.456s][info][gc,heap        ] GC(1929) PSYoungGen: 129072K(222720K)->5216K(222720K) Eden: 111616K(111616K)->0K(111616K) From: 17456K(111104K)->5216K(111104K)
[543.457s][info][gc,heap        ] GC(1929) ParOldGen: 409681K(667648K)->427190K(667648K)
[543.457s][info][gc,metaspace   ] GC(1929) Metaspace: 19062K(19264K)->19062K(19264K) NonClass: 16401K(16512K)->16401K(16512K) Class: 2661K(2752K)->2661K(2752K)
[543.457s][info][gc             ] GC(1929) Pause Young (Allocation Failure) 526M->422M(869M) 21.292ms
[543.457s][info][gc,cpu         ] GC(1929) User=0.04s Sys=0.00s Real=0.03s
[543.539s][info][gc,start       ] GC(1930) Pause Young (Allocation Failure)
[543.574s][info][gc,heap        ] GC(1930) PSYoungGen: 116832K(222720K)->34848K(222720K) Eden: 111616K(111616K)->0K(111616K) From: 5216K(111104K)->34848K(111104K)
[543.575s][info][gc,heap        ] GC(1930) ParOldGen: 427190K(667648K)->432334K(667648K)
[543.575s][info][gc,metaspace   ] GC(1930) Metaspace: 19062K(19264K)->19062K(19264K) NonClass: 16401K(16512K)->16401K(16512K) Class: 2661K(2752K)->2661K(2752K)
[543.575s][info][gc             ] GC(1930) Pause Young (Allocation Failure) 531M->456M(869M) 35.348ms
[543.575s][info][gc,cpu         ] GC(1930) User=0.07s Sys=0.00s Real=0.03s
[543.673s][info][gc,start       ] GC(1931) Pause Young (Allocation Failure)
[543.721s][info][gc,heap        ] GC(1931) PSYoungGen: 146464K(222720K)->38208K(222720K) Eden: 111616K(111616K)->0K(111616K) From: 34848K(111104K)->38208K(111104K)
[543.721s][info][gc,heap        ] GC(1931) ParOldGen: 432334K(667648K)->467590K(667648K)
[543.721s][info][gc,metaspace   ] GC(1931) Metaspace: 19062K(19264K)->19062K(19264K) NonClass: 16401K(16512K)->16401K(16512K) Class: 2661K(2752K)->2661K(2752K)
[543.721s][info][gc             ] GC(1931) Pause Young (Allocation Failure) 565M->493M(869M) 48.135ms
[543.721s][info][gc,cpu         ] GC(1931) User=0.09s Sys=0.00s Real=0.05s
[543.882s][info][gc,start       ] GC(1932) Pause Young (Allocation Failure)
[543.914s][info][gc,heap        ] GC(1932) PSYoungGen: 149824K(222720K)->3040K(222720K) Eden: 111616K(111616K)->0K(111616K) From: 38208K(111104K)->3040K(111104K)
[543.914s][info][gc,heap        ] GC(1932) ParOldGen: 467590K(667648K)->506202K(667648K)
[543.914s][info][gc,metaspace   ] GC(1932) Metaspace: 19062K(19264K)->19062K(19264K) NonClass: 16401K(16512K)->16401K(16512K) Class: 2661K(2752K)->2661K(2752K)
[543.914s][info][gc             ] GC(1932) Pause Young (Allocation Failure) 602M->497M(869M) 32.400ms
[543.914s][info][gc,cpu         ] GC(1932) User=0.06s Sys=0.00s Real=0.03s
[544.086s][info][gc,start       ] GC(1933) Pause Young (Allocation Failure)
[544.132s][info][gc,heap        ] GC(1933) PSYoungGen: 114656K(222720K)->25023K(222720K) Eden: 111616K(111616K)->0K(111616K) From: 3040K(111104K)->25023K(111104K)
[544.132s][info][gc,heap        ] GC(1933) ParOldGen: 506202K(667648K)->509202K(667648K)
[544.132s][info][gc,metaspace   ] GC(1933) Metaspace: 19062K(19264K)->19062K(19264K) NonClass: 16401K(16512K)->16401K(16512K) Class: 2661K(2752K)->2661K(2752K)
[544.132s][info][gc             ] GC(1933) Pause Young (Allocation Failure) 606M->521M(869M) 45.645ms
[544.132s][info][gc,cpu         ] GC(1933) User=0.09s Sys=0.00s Real=0.04s
[544.260s][info][gc,start       ] GC(1934) Pause Young (Allocation Failure)
[544.315s][info][gc,heap        ] GC(1934) PSYoungGen: 136639K(222720K)->17952K(222720K) Eden: 111616K(111616K)->0K(111616K) From: 25023K(111104K)->17952K(111104K)
[544.315s][info][gc,heap        ] GC(1934) ParOldGen: 509202K(667648K)->534257K(667648K)
[544.315s][info][gc,metaspace   ] GC(1934) Metaspace: 19062K(19264K)->19062K(19264K) NonClass: 16401K(16512K)->16401K(16512K) Class: 2661K(2752K)->2661K(2752K)
[544.315s][info][gc             ] GC(1934) Pause Young (Allocation Failure) 630M->539M(869M) 55.604ms
[544.315s][info][gc,cpu         ] GC(1934) User=0.11s Sys=0.00s Real=0.05s
[544.438s][info][gc,start       ] GC(1935) Pause Young (Allocation Failure)
[544.472s][info][gc,heap        ] GC(1935) PSYoungGen: 129568K(222720K)->14176K(216576K) Eden: 111616K(111616K)->0K(111616K) From: 17952K(111104K)->14176K(104960K)
[544.472s][info][gc,heap        ] GC(1935) ParOldGen: 534257K(667648K)->552233K(667648K)
[544.472s][info][gc,metaspace   ] GC(1935) Metaspace: 19062K(19264K)->19062K(19264K) NonClass: 16401K(16512K)->16401K(16512K) Class: 2661K(2752K)->2661K(2752K)
[544.472s][info][gc             ] GC(1935) Pause Young (Allocation Failure) 648M->553M(863M) 34.347ms
[544.472s][info][gc,cpu         ] GC(1935) User=0.07s Sys=0.00s Real=0.03s
[544.570s][info][gc,start       ] GC(1936) Pause Young (Allocation Failure)
[544.588s][info][gc,heap        ] GC(1936) PSYoungGen: 125792K(216576K)->14784K(219648K) Eden: 111616K(111616K)->0K(111616K) From: 14176K(104960K)->14784K(108032K)
[544.588s][info][gc,heap        ] GC(1936) ParOldGen: 552233K(667648K)->552233K(667648K)
[544.588s][info][gc,metaspace   ] GC(1936) Metaspace: 19062K(19264K)->19062K(19264K) NonClass: 16401K(16512K)->16401K(16512K) Class: 2661K(2752K)->2661K(2752K)
[544.588s][info][gc             ] GC(1936) Pause Young (Allocation Failure) 662M->553M(866M) 17.811ms
[544.588s][info][gc,cpu         ] GC(1936) User=0.04s Sys=0.00s Real=0.02s
[544.713s][info][gc,start       ] GC(1937) Pause Young (Allocation Failure)
[544.735s][info][gc,heap        ] GC(1937) PSYoungGen: 126400K(219648K)->15744K(213504K) Eden: 111616K(111616K)->0K(119296K) From: 14784K(108032K)->15744K(94208K)
[544.735s][info][gc,heap        ] GC(1937) ParOldGen: 552233K(667648K)->552233K(667648K)
[544.735s][info][gc,metaspace   ] GC(1937) Metaspace: 19062K(19264K)->19062K(19264K) NonClass: 16401K(16512K)->16401K(16512K) Class: 2661K(2752K)->2661K(2752K)
[544.735s][info][gc             ] GC(1937) Pause Young (Allocation Failure) 662M->554M(860M) 21.669ms
[544.735s][info][gc,cpu         ] GC(1937) User=0.04s Sys=0.00s Real=0.02s
[544.869s][info][gc,start       ] GC(1938) Pause Young (Allocation Failure)
[544.890s][info][gc,heap        ] GC(1938) PSYoungGen: 135040K(213504K)->18816K(218112K) Eden: 119296K(119296K)->0K(119296K) From: 15744K(94208K)->18816K(98816K)
[544.890s][info][gc,heap        ] GC(1938) ParOldGen: 552233K(667648K)->552233K(667648K)
[544.890s][info][gc,metaspace   ] GC(1938) Metaspace: 19062K(19264K)->19062K(19264K) NonClass: 16401K(16512K)->16401K(16512K) Class: 2661K(2752K)->2661K(2752K)
[544.890s][info][gc             ] GC(1938) Pause Young (Allocation Failure) 671M->557M(865M) 21.207ms
[544.890s][info][gc,cpu         ] GC(1938) User=0.05s Sys=0.00s Real=0.02s
[545.111s][info][gc,start       ] GC(1939) Pause Young (Allocation Failure)
[545.156s][info][gc,heap        ] GC(1939) PSYoungGen: 138112K(218112K)->34864K(211456K) Eden: 119296K(119296K)->0K(126464K) From: 18816K(98816K)->34864K(84992K)
[545.156s][info][gc,heap        ] GC(1939) ParOldGen: 552233K(667648K)->552233K(667648K)
[545.156s][info][gc,metaspace   ] GC(1939) Metaspace: 19062K(19264K)->19062K(19264K) NonClass: 16401K(16512K)->16401K(16512K) Class: 2661K(2752K)->2661K(2752K)
[545.156s][info][gc             ] GC(1939) Pause Young (Allocation Failure) 674M->573M(858M) 45.033ms
[545.156s][info][gc,cpu         ] GC(1939) User=0.08s Sys=0.00s Real=0.05s
[545.348s][info][gc,start       ] GC(1940) Pause Young (Allocation Failure)
[545.400s][info][gc,heap        ] GC(1940) PSYoungGen: 161328K(211456K)->50272K(216064K) Eden: 126464K(126464K)->0K(126464K) From: 34864K(84992K)->50272K(89600K)
[545.400s][info][gc,heap        ] GC(1940) ParOldGen: 552233K(667648K)->552233K(667648K)
[545.400s][info][gc,metaspace   ] GC(1940) Metaspace: 19062K(19264K)->19062K(19264K) NonClass: 16401K(16512K)->16401K(16512K) Class: 2661K(2752K)->2661K(2752K)
[545.400s][info][gc             ] GC(1940) Pause Young (Allocation Failure) 696M->588M(863M) 51.771ms
[545.400s][info][gc,cpu         ] GC(1940) User=0.11s Sys=0.00s Real=0.05s
[545.538s][info][gc,start       ] GC(1941) Pause Young (Allocation Failure)
[545.627s][info][gc,heap        ] GC(1941) PSYoungGen: 176736K(216064K)->91634K(205312K) Eden: 126464K(126464K)->0K(113664K) From: 50272K(89600K)->91634K(91648K)
[545.627s][info][gc,heap        ] GC(1941) ParOldGen: 552233K(667648K)->557721K(667648K)
[545.627s][info][gc,metaspace   ] GC(1941) Metaspace: 19062K(19264K)->19062K(19264K) NonClass: 16401K(16512K)->16401K(16512K) Class: 2661K(2752K)->2661K(2752K)
[545.627s][info][gc             ] GC(1941) Pause Young (Allocation Failure) 711M->634M(852M) 88.725ms
[545.627s][info][gc,cpu         ] GC(1941) User=0.17s Sys=0.01s Real=0.09s
[545.820s][info][gc,start       ] GC(1942) Pause Young (Allocation Failure)
[545.914s][info][gc,heap        ] GC(1942) PSYoungGen: 205298K(205312K)->104034K(218112K) Eden: 113664K(113664K)->0K(113664K) From: 91634K(91648K)->104034K(104448K)
[545.914s][info][gc,heap        ] GC(1942) ParOldGen: 557721K(667648K)->572521K(667648K)
[545.914s][info][gc,metaspace   ] GC(1942) Metaspace: 19062K(19264K)->19062K(19264K) NonClass: 16401K(16512K)->16401K(16512K) Class: 2661K(2752K)->2661K(2752K)
[545.914s][info][gc             ] GC(1942) Pause Young (Allocation Failure) 745M->660M(865M) 94.401ms
[545.914s][info][gc,cpu         ] GC(1942) User=0.19s Sys=0.00s Real=0.09s
[546.040s][info][gc,start       ] GC(1943) Pause Young (Allocation Failure)
[546.124s][info][gc,heap        ] GC(1943) PSYoungGen: 217698K(218112K)->102258K(222720K) Eden: 113664K(113664K)->0K(111616K) From: 104034K(104448K)->102258K(111104K)
[546.124s][info][gc,heap        ] GC(1943) ParOldGen: 572521K(667648K)->576561K(667648K)
[546.124s][info][gc,metaspace   ] GC(1943) Metaspace: 19062K(19264K)->19062K(19264K) NonClass: 16401K(16512K)->16401K(16512K) Class: 2661K(2752K)->2661K(2752K)
[546.124s][info][gc             ] GC(1943) Pause Young (Allocation Failure) 771M->662M(869M) 84.096ms
[546.124s][info][gc,cpu         ] GC(1943) User=0.16s Sys=0.01s Real=0.08s
[546.299s][info][gc,start       ] GC(1944) Pause Young (Allocation Failure)
[546.421s][info][gc,heap        ] GC(1944) PSYoungGen: 213874K(222720K)->102722K(222720K) Eden: 111616K(111616K)->0K(111616K) From: 102258K(111104K)->102722K(111104K)
[546.421s][info][gc,heap        ] GC(1944) ParOldGen: 576561K(667648K)->608089K(667648K)
[546.421s][info][gc,metaspace   ] GC(1944) Metaspace: 19062K(19264K)->19062K(19264K) NonClass: 16401K(16512K)->16401K(16512K) Class: 2661K(2752K)->2661K(2752K)
[546.421s][info][gc             ] GC(1944) Pause Young (Allocation Failure) 771M->694M(869M) 122.698ms
[546.421s][info][gc,cpu         ] GC(1944) User=0.24s Sys=0.00s Real=0.12s
[546.566s][info][gc,start       ] GC(1945) Pause Young (Allocation Failure)
[546.707s][info][gc,promotion   ] GC(1945) Promotion failed
[546.707s][info][gc,heap        ] GC(1945) PSYoungGen: 214338K(222720K)->214338K(222720K) Eden: 111616K(111616K)->111616K(111616K) From: 102722K(111104K)->102722K(111104K)
[546.707s][info][gc,heap        ] GC(1945) ParOldGen: 608089K(667648K)->667646K(667648K)
[546.707s][info][gc,metaspace   ] GC(1945) Metaspace: 19062K(19264K)->19062K(19264K) NonClass: 16401K(16512K)->16401K(16512K) Class: 2661K(2752K)->2661K(2752K)
[546.707s][info][gc             ] GC(1945) Pause Young (Allocation Failure) 803M->861M(869M) 140.648ms
[546.707s][info][gc,cpu         ] GC(1945) User=0.24s Sys=0.03s Real=0.15s
[546.707s][info][gc,start       ] GC(1946) Pause Full (Allocation Failure)
[546.707s][info][gc,phases,start] GC(1946) Marking Phase
[547.084s][info][gc,phases      ] GC(1946) Marking Phase 376.801ms
[547.084s][info][gc,phases,start] GC(1946) Summary Phase
[547.084s][info][gc,phases      ] GC(1946) Summary Phase 0.028ms
[547.084s][info][gc,phases,start] GC(1946) Forward
[547.227s][info][gc,phases      ] GC(1946) Forward 143.679ms
[547.227s][info][gc,phases,start] GC(1946) Adjust Pointers
[547.516s][info][gc,phases      ] GC(1946) Adjust Pointers 288.427ms
[547.516s][info][gc,phases,start] GC(1946) Compaction Phase
[547.685s][info][gc,phases      ] GC(1946) Compaction Phase 169.370ms
[547.698s][info][gc,phases,start] GC(1946) Post Compact
[547.701s][info][gc,phases      ] GC(1946) Post Compact 2.633ms
[547.701s][info][gc,heap        ] GC(1946) PSYoungGen: 214338K(222720K)->0K(222720K) Eden: 111616K(111616K)->0K(111616K) From: 102722K(111104K)->0K(111104K)
[547.701s][info][gc,heap        ] GC(1946) ParOldGen: 667646K(667648K)->515596K(667648K)
[547.701s][info][gc,metaspace   ] GC(1946) Metaspace: 19062K(19264K)->19062K(19264K) NonClass: 16401K(16512K)->16401K(16512K) Class: 2661K(2752K)->2661K(2752K)
[547.701s][info][gc             ] GC(1946) Pause Full (Allocation Failure) 861M->503M(869M) 994.263ms
[547.701s][info][gc,cpu         ] GC(1946) User=1.86s Sys=0.00s Real=0.99s
[547.797s][info][gc,start       ] GC(1947) Pause Young (Allocation Failure)
[547.804s][info][gc,heap        ] GC(1947) PSYoungGen: 111616K(222720K)->3968K(222720K) Eden: 111616K(111616K)->0K(111616K) From: 0K(111104K)->3968K(111104K)
[547.804s][info][gc,heap        ] GC(1947) ParOldGen: 515596K(667648K)->515596K(667648K)
[547.804s][info][gc,metaspace   ] GC(1947) Metaspace: 19062K(19264K)->19062K(19264K) NonClass: 16401K(16512K)->16401K(16512K) Class: 2661K(2752K)->2661K(2752K)
[547.804s][info][gc             ] GC(1947) Pause Young (Allocation Failure) 612M->507M(869M) 7.126ms
[547.804s][info][gc,cpu         ] GC(1947) User=0.02s Sys=0.00s Real=0.00s
[547.921s][info][gc,start       ] GC(1948) Pause Young (Allocation Failure)
[547.932s][info][gc,heap        ] GC(1948) PSYoungGen: 115584K(222720K)->4544K(222720K) Eden: 111616K(111616K)->0K(111616K) From: 3968K(111104K)->4544K(111104K)
[547.932s][info][gc,heap        ] GC(1948) ParOldGen: 515596K(667648K)->515596K(667648K)
[547.932s][info][gc,metaspace   ] GC(1948) Metaspace: 19062K(19264K)->19062K(19264K) NonClass: 16401K(16512K)->16401K(16512K) Class: 2661K(2752K)->2661K(2752K)
[547.932s][info][gc             ] GC(1948) Pause Young (Allocation Failure) 616M->507M(869M) 11.226ms
[547.932s][info][gc,cpu         ] GC(1948) User=0.02s Sys=0.00s Real=0.01s
[548.057s][info][gc,start       ] GC(1949) Pause Young (Allocation Failure)
[548.073s][info][gc,heap        ] GC(1949) PSYoungGen: 116160K(222720K)->4032K(222720K) Eden: 111616K(111616K)->0K(111616K) From: 4544K(111104K)->4032K(111104K)
[548.073s][info][gc,heap        ] GC(1949) ParOldGen: 515596K(667648K)->520124K(667648K)
[548.073s][info][gc,metaspace   ] GC(1949) Metaspace: 19062K(19264K)->19062K(19264K) NonClass: 16401K(16512K)->16401K(16512K) Class: 2661K(2752K)->2661K(2752K)
[548.073s][info][gc             ] GC(1949) Pause Young (Allocation Failure) 616M->511M(869M) 15.951ms
[548.073s][info][gc,cpu         ] GC(1949) User=0.03s Sys=0.00s Real=0.01s
[548.220s][info][gc,start       ] GC(1950) Pause Young (Allocation Failure)
[548.236s][info][gc,heap        ] GC(1950) PSYoungGen: 115648K(222720K)->9152K(222720K) Eden: 111616K(111616K)->0K(111616K) From: 4032K(111104K)->9152K(111104K)
[548.236s][info][gc,heap        ] GC(1950) ParOldGen: 520124K(667648K)->524156K(667648K)
[548.236s][info][gc,metaspace   ] GC(1950) Metaspace: 19062K(19264K)->19062K(19264K) NonClass: 16401K(16512K)->16401K(16512K) Class: 2661K(2752K)->2661K(2752K)
[548.236s][info][gc             ] GC(1950) Pause Young (Allocation Failure) 620M->520M(869M) 15.905ms
[548.236s][info][gc,cpu         ] GC(1950) User=0.03s Sys=0.00s Real=0.01s
[548.405s][info][gc,start       ] GC(1951) Pause Young (Allocation Failure)
[548.431s][info][gc,heap        ] GC(1951) PSYoungGen: 120768K(222720K)->14608K(222720K) Eden: 111616K(111616K)->0K(111616K) From: 9152K(111104K)->14608K(111104K)
[548.431s][info][gc,heap        ] GC(1951) ParOldGen: 524156K(667648K)->533308K(667648K)
[548.431s][info][gc,metaspace   ] GC(1951) Metaspace: 19062K(19264K)->19062K(19264K) NonClass: 16401K(16512K)->16401K(16512K) Class: 2661K(2752K)->2661K(2752K)
[548.431s][info][gc             ] GC(1951) Pause Young (Allocation Failure) 629M->535M(869M) 25.684ms
[548.431s][info][gc,cpu         ] GC(1951) User=0.05s Sys=0.00s Real=0.03s
[548.722s][info][gc,start       ] GC(1952) Pause Young (Allocation Failure)
[548.743s][info][gc,heap        ] GC(1952) PSYoungGen: 126224K(222720K)->2976K(222720K) Eden: 111616K(111616K)->0K(111616K) From: 14608K(111104K)->2976K(111104K)
[548.743s][info][gc,heap        ] GC(1952) ParOldGen: 533308K(667648K)->547940K(667648K)
[548.743s][info][gc,metaspace   ] GC(1952) Metaspace: 19062K(19264K)->19062K(19264K) NonClass: 16401K(16512K)->16401K(16512K) Class: 2661K(2752K)->2661K(2752K)
[548.743s][info][gc             ] GC(1952) Pause Young (Allocation Failure) 644M->538M(869M) 21.121ms
[548.743s][info][gc,cpu         ] GC(1952) User=0.04s Sys=0.00s Real=0.02s
[549.024s][info][gc,start       ] GC(1953) Pause Young (Allocation Failure)
[549.028s][info][gc,heap        ] GC(1953) PSYoungGen: 114592K(222720K)->64K(222720K) Eden: 111616K(111616K)->0K(111616K) From: 2976K(111104K)->64K(111104K)
[549.028s][info][gc,heap        ] GC(1953) ParOldGen: 547940K(667648K)->550900K(667648K)
[549.028s][info][gc,metaspace   ] GC(1953) Metaspace: 19062K(19264K)->19062K(19264K) NonClass: 16401K(16512K)->16401K(16512K) Class: 2661K(2752K)->2661K(2752K)
[549.029s][info][gc             ] GC(1953) Pause Young (Allocation Failure) 647M->538M(869M) 4.925ms
[549.029s][info][gc,cpu         ] GC(1953) User=0.01s Sys=0.00s Real=0.01s
[549.296s][info][gc,start       ] GC(1954) Pause Young (Allocation Failure)
[549.298s][info][gc,heap        ] GC(1954) PSYoungGen: 111680K(222720K)->64K(222720K) Eden: 111616K(111616K)->0K(111616K) From: 64K(111104K)->64K(111104K)
[549.298s][info][gc,heap        ] GC(1954) ParOldGen: 550900K(667648K)->550924K(667648K)
[549.298s][info][gc,metaspace   ] GC(1954) Metaspace: 19062K(19264K)->19062K(19264K) NonClass: 16401K(16512K)->16401K(16512K) Class: 2661K(2752K)->2661K(2752K)
[549.298s][info][gc             ] GC(1954) Pause Young (Allocation Failure) 647M->538M(869M) 2.246ms
[549.298s][info][gc,cpu         ] GC(1954) User=0.00s Sys=0.00s Real=0.01s
[549.564s][info][gc,start       ] GC(1955) Pause Young (Allocation Failure)
[549.574s][info][gc,heap        ] GC(1955) PSYoungGen: 111680K(222720K)->64K(222720K) Eden: 111616K(111616K)->0K(111616K) From: 64K(111104K)->64K(111104K)
[549.574s][info][gc,heap        ] GC(1955) ParOldGen: 550924K(667648K)->550948K(667648K)
[549.574s][info][gc,metaspace   ] GC(1955) Metaspace: 19062K(19264K)->19062K(19264K) NonClass: 16401K(16512K)->16401K(16512K) Class: 2661K(2752K)->2661K(2752K)
[549.574s][info][gc             ] GC(1955) Pause Young (Allocation Failure) 647M->538M(869M) 10.678ms
[549.574s][info][gc,cpu         ] GC(1955) User=0.02s Sys=0.00s Real=0.01s
[549.813s][info][gc,start       ] GC(1956) Pause Young (Allocation Failure)
[549.815s][info][gc,heap        ] GC(1956) PSYoungGen: 111680K(222720K)->480K(221696K) Eden: 111616K(111616K)->0K(111616K) From: 64K(111104K)->480K(110080K)
[549.815s][info][gc,heap        ] GC(1956) ParOldGen: 550948K(667648K)->550972K(667648K)
[549.815s][info][gc,metaspace   ] GC(1956) Metaspace: 19062K(19264K)->19062K(19264K) NonClass: 16401K(16512K)->16401K(16512K) Class: 2661K(2752K)->2661K(2752K)
[549.815s][info][gc             ] GC(1956) Pause Young (Allocation Failure) 647M->538M(868M) 2.526ms
[549.815s][info][gc,cpu         ] GC(1956) User=0.01s Sys=0.00s Real=0.00s
[549.901s][info][gc,start       ] GC(1957) Pause Young (Allocation Failure)
[549.931s][info][gc,heap        ] GC(1957) PSYoungGen: 112096K(221696K)->39936K(152064K) Eden: 111616K(111616K)->0K(111616K) From: 480K(110080K)->39936K(40448K)
[549.931s][info][gc,heap        ] GC(1957) ParOldGen: 550972K(667648K)->550972K(667648K)
[549.931s][info][gc,metaspace   ] GC(1957) Metaspace: 19062K(19264K)->19062K(19264K) NonClass: 16401K(16512K)->16401K(16512K) Class: 2661K(2752K)->2661K(2752K)
[549.931s][info][gc             ] GC(1957) Pause Young (Allocation Failure) 647M->577M(800M) 30.030ms
[549.931s][info][gc,cpu         ] GC(1957) User=0.05s Sys=0.00s Real=0.03s
[550.051s][info][gc,start       ] GC(1958) Pause Young (Allocation Failure)
[550.099s][info][gc,heap        ] GC(1958) PSYoungGen: 151552K(152064K)->73200K(219136K) Eden: 111616K(111616K)->0K(110592K) From: 39936K(40448K)->73200K(108544K)
[550.099s][info][gc,heap        ] GC(1958) ParOldGen: 550972K(667648K)->550972K(667648K)
[550.099s][info][gc,metaspace   ] GC(1958) Metaspace: 19062K(19264K)->19062K(19264K) NonClass: 16401K(16512K)->16401K(16512K) Class: 2661K(2752K)->2661K(2752K)
[550.099s][info][gc             ] GC(1958) Pause Young (Allocation Failure) 686M->609M(866M) 47.983ms
[550.099s][info][gc,cpu         ] GC(1958) User=0.10s Sys=0.00s Real=0.05s
[550.233s][info][gc,start       ] GC(1959) Pause Young (Allocation Failure)
[550.282s][info][gc,heap        ] GC(1959) PSYoungGen: 183792K(219136K)->36288K(221696K) Eden: 110592K(110592K)->0K(110592K) From: 73200K(108544K)->36288K(111104K)
[550.282s][info][gc,heap        ] GC(1959) ParOldGen: 550972K(667648K)->591373K(667648K)
[550.282s][info][gc,metaspace   ] GC(1959) Metaspace: 19062K(19264K)->19062K(19264K) NonClass: 16401K(16512K)->16401K(16512K) Class: 2661K(2752K)->2661K(2752K)
[550.282s][info][gc             ] GC(1959) Pause Young (Allocation Failure) 717M->612M(868M) 49.293ms
[550.282s][info][gc,cpu         ] GC(1959) User=0.10s Sys=0.00s Real=0.05s
[550.457s][info][gc,start       ] GC(1960) Pause Young (Allocation Failure)
[550.527s][info][gc,heap        ] GC(1960) PSYoungGen: 146880K(221696K)->27808K(209408K) Eden: 110592K(110592K)->0K(111616K) From: 36288K(111104K)->27808K(97792K)
[550.527s][info][gc,heap        ] GC(1960) ParOldGen: 591373K(667648K)->627969K(667648K)
[550.527s][info][gc,metaspace   ] GC(1960) Metaspace: 19062K(19264K)->19062K(19264K) NonClass: 16401K(16512K)->16401K(16512K) Class: 2661K(2752K)->2661K(2752K)
[550.527s][info][gc             ] GC(1960) Pause Young (Allocation Failure) 720M->640M(856M) 69.994ms
[550.527s][info][gc,cpu         ] GC(1960) User=0.14s Sys=0.00s Real=0.07s
[550.661s][info][gc,start       ] GC(1961) Pause Full (Allocation Failure)
[550.662s][info][gc,phases,start] GC(1961) Marking Phase
[551.132s][info][gc,phases      ] GC(1961) Marking Phase 470.303ms
[551.132s][info][gc,phases,start] GC(1961) Summary Phase
[551.132s][info][gc,phases      ] GC(1961) Summary Phase 0.026ms
[551.132s][info][gc,phases,start] GC(1961) Forward
[551.234s][info][gc,phases      ] GC(1961) Forward 102.476ms
[551.235s][info][gc,phases,start] GC(1961) Adjust Pointers
[551.593s][info][gc,phases      ] GC(1961) Adjust Pointers 358.639ms
[551.593s][info][gc,phases,start] GC(1961) Compaction Phase
[551.801s][info][gc,phases      ] GC(1961) Compaction Phase 207.695ms
[551.811s][info][gc,phases,start] GC(1961) Post Compact
[551.813s][info][gc,phases      ] GC(1961) Post Compact 2.276ms
[551.814s][info][gc,heap        ] GC(1961) PSYoungGen: 139424K(209408K)->0K(216064K) Eden: 111616K(111616K)->0K(111616K) From: 27808K(97792K)->0K(104448K)
[551.814s][info][gc,heap        ] GC(1961) ParOldGen: 627969K(667648K)->650484K(667648K)
[551.814s][info][gc,metaspace   ] GC(1961) Metaspace: 19062K(19264K)->19062K(19264K) NonClass: 16401K(16512K)->16401K(16512K) Class: 2661K(2752K)->2661K(2752K)
[551.814s][info][gc             ] GC(1961) Pause Full (Allocation Failure) 749M->635M(863M) 1152.127ms
[551.814s][info][gc,cpu         ] GC(1961) User=2.26s Sys=0.01s Real=1.15s
[551.930s][info][gc,start       ] GC(1962) Pause Full (Allocation Failure)
[551.930s][info][gc,phases,start] GC(1962) Marking Phase
[552.413s][info][gc,phases      ] GC(1962) Marking Phase 482.549ms
[552.413s][info][gc,phases,start] GC(1962) Summary Phase
[552.413s][info][gc,phases      ] GC(1962) Summary Phase 0.101ms
[552.413s][info][gc,phases,start] GC(1962) Forward
[552.419s][info][gc,phases      ] GC(1962) Forward 5.957ms
[552.419s][info][gc,phases,start] GC(1962) Adjust Pointers
[552.746s][info][gc,phases      ] GC(1962) Adjust Pointers 326.519ms
[552.746s][info][gc,phases,start] GC(1962) Compaction Phase
[552.886s][info][gc,phases      ] GC(1962) Compaction Phase 139.929ms
[552.886s][info][gc,phases,start] GC(1962) Post Compact
[552.888s][info][gc,phases      ] GC(1962) Post Compact 2.143ms
[552.888s][info][gc,heap        ] GC(1962) PSYoungGen: 111616K(216064K)->0K(221696K) Eden: 111616K(111616K)->0K(118784K) From: 0K(104448K)->0K(102912K)
[552.888s][info][gc,heap        ] GC(1962) ParOldGen: 650484K(667648K)->663871K(667648K)
[552.888s][info][gc,metaspace   ] GC(1962) Metaspace: 19062K(19264K)->19062K(19264K) NonClass: 16401K(16512K)->16401K(16512K) Class: 2661K(2752K)->2661K(2752K)
[552.888s][info][gc             ] GC(1962) Pause Full (Allocation Failure) 744M->648M(868M) 957.648ms
[552.888s][info][gc,cpu         ] GC(1962) User=1.88s Sys=0.00s Real=0.96s
[553.000s][info][gc,start       ] GC(1963) Pause Full (Allocation Failure)
[553.000s][info][gc,phases,start] GC(1963) Marking Phase
[553.479s][info][gc,phases      ] GC(1963) Marking Phase 479.318ms
[553.480s][info][gc,phases,start] GC(1963) Summary Phase
[553.480s][info][gc,phases      ] GC(1963) Summary Phase 0.026ms
[553.480s][info][gc,phases,start] GC(1963) Forward
[553.480s][info][gc,phases      ] GC(1963) Forward 0.615ms
[553.480s][info][gc,phases,start] GC(1963) Adjust Pointers
[553.806s][info][gc,phases      ] GC(1963) Adjust Pointers 326.168ms
[553.806s][info][gc,phases,start] GC(1963) Compaction Phase
[553.951s][info][gc,phases      ] GC(1963) Compaction Phase 144.407ms
[553.951s][info][gc,phases,start] GC(1963) Post Compact
[553.953s][info][gc,phases      ] GC(1963) Post Compact 2.210ms
[553.953s][info][gc,heap        ] GC(1963) PSYoungGen: 118784K(221696K)->0K(223232K) Eden: 118784K(118784K)->0K(118784K) From: 0K(102912K)->0K(104448K)
[553.953s][info][gc,heap        ] GC(1963) ParOldGen: 663871K(667648K)->664494K(667648K)
[553.953s][info][gc,metaspace   ] GC(1963) Metaspace: 19062K(19264K)->19062K(19264K) NonClass: 16401K(16512K)->16401K(16512K) Class: 2661K(2752K)->2661K(2752K)
[553.953s][info][gc             ] GC(1963) Pause Full (Allocation Failure) 764M->648M(870M) 953.234ms
[553.953s][info][gc,cpu         ] GC(1963) User=1.87s Sys=0.00s Real=0.95s
[554.095s][info][gc,start       ] GC(1964) Pause Full (Allocation Failure)
[554.095s][info][gc,phases,start] GC(1964) Marking Phase
[554.578s][info][gc,phases      ] GC(1964) Marking Phase 483.461ms
[554.578s][info][gc,phases,start] GC(1964) Summary Phase
[554.578s][info][gc,phases      ] GC(1964) Summary Phase 0.026ms
[554.578s][info][gc,phases,start] GC(1964) Forward
[554.582s][info][gc,phases      ] GC(1964) Forward 3.163ms
[554.582s][info][gc,phases,start] GC(1964) Adjust Pointers
[554.903s][info][gc,phases      ] GC(1964) Adjust Pointers 321.188ms
[554.903s][info][gc,phases,start] GC(1964) Compaction Phase
[555.047s][info][gc,phases      ] GC(1964) Compaction Phase 144.198ms
[555.047s][info][gc,phases,start] GC(1964) Post Compact
[555.049s][info][gc,phases      ] GC(1964) Post Compact 2.221ms
[555.049s][info][gc,heap        ] GC(1964) PSYoungGen: 118784K(223232K)->1064K(223232K) Eden: 118784K(118784K)->1064K(118784K) From: 0K(104448K)->0K(104448K)
[555.049s][info][gc,heap        ] GC(1964) ParOldGen: 664494K(667648K)->667446K(667648K)
[555.049s][info][gc,metaspace   ] GC(1964) Metaspace: 19062K(19264K)->19062K(19264K) NonClass: 16401K(16512K)->16401K(16512K) Class: 2661K(2752K)->2661K(2752K)
[555.049s][info][gc             ] GC(1964) Pause Full (Allocation Failure) 764M->652M(870M) 954.672ms
[555.049s][info][gc,cpu         ] GC(1964) User=1.87s Sys=0.00s Real=0.96s
[555.196s][info][gc,start       ] GC(1965) Pause Full (Allocation Failure)
[555.196s][info][gc,phases,start] GC(1965) Marking Phase
[555.692s][info][gc,phases      ] GC(1965) Marking Phase 495.379ms
[555.692s][info][gc,phases,start] GC(1965) Summary Phase
[555.692s][info][gc,phases      ] GC(1965) Summary Phase 0.028ms
[555.692s][info][gc,phases,start] GC(1965) Forward
[555.694s][info][gc,phases      ] GC(1965) Forward 1.993ms
[555.694s][info][gc,phases,start] GC(1965) Adjust Pointers
[556.028s][info][gc,phases      ] GC(1965) Adjust Pointers 334.313ms
[556.028s][info][gc,phases,start] GC(1965) Compaction Phase
[556.173s][info][gc,phases      ] GC(1965) Compaction Phase 144.957ms
[556.173s][info][gc,phases,start] GC(1965) Post Compact
[556.175s][info][gc,phases      ] GC(1965) Post Compact 2.226ms
[556.176s][info][gc,heap        ] GC(1965) PSYoungGen: 118784K(223232K)->3433K(223232K) Eden: 118784K(118784K)->3433K(118784K) From: 0K(104448K)->0K(104448K)
[556.176s][info][gc,heap        ] GC(1965) ParOldGen: 667446K(667648K)->667446K(667648K)
[556.176s][info][gc,metaspace   ] GC(1965) Metaspace: 19062K(19264K)->19062K(19264K) NonClass: 16401K(16512K)->16401K(16512K) Class: 2661K(2752K)->2661K(2752K)
[556.176s][info][gc             ] GC(1965) Pause Full (Allocation Failure) 767M->655M(870M) 979.392ms
[556.176s][info][gc,cpu         ] GC(1965) User=1.92s Sys=0.01s Real=0.97s
[556.370s][info][gc,start       ] GC(1966) Pause Full (Allocation Failure)
[556.370s][info][gc,phases,start] GC(1966) Marking Phase
[556.777s][info][gc,phases      ] GC(1966) Marking Phase 406.294ms
[556.777s][info][gc,phases,start] GC(1966) Summary Phase
[556.777s][info][gc,phases      ] GC(1966) Summary Phase 0.029ms
[556.777s][info][gc,phases,start] GC(1966) Forward
[556.927s][info][gc,phases      ] GC(1966) Forward 150.661ms
[556.928s][info][gc,phases,start] GC(1966) Adjust Pointers
[557.237s][info][gc,phases      ] GC(1966) Adjust Pointers 308.986ms
[557.237s][info][gc,phases,start] GC(1966) Compaction Phase
[557.403s][info][gc,phases      ] GC(1966) Compaction Phase 166.364ms
[557.414s][info][gc,phases,start] GC(1966) Post Compact
[557.416s][info][gc,phases      ] GC(1966) Post Compact 2.322ms
[557.416s][info][gc,heap        ] GC(1966) PSYoungGen: 118784K(223232K)->0K(228352K) Eden: 118784K(118784K)->0K(124416K) From: 0K(104448K)->0K(103936K)
[557.416s][info][gc,heap        ] GC(1966) ParOldGen: 667446K(667648K)->535479K(667648K)
[557.416s][info][gc,metaspace   ] GC(1966) Metaspace: 19062K(19264K)->19062K(19264K) NonClass: 16401K(16512K)->16401K(16512K) Class: 2661K(2752K)->2661K(2752K)
[557.416s][info][gc             ] GC(1966) Pause Full (Allocation Failure) 767M->522M(875M) 1046.112ms
[557.416s][info][gc,cpu         ] GC(1966) User=1.98s Sys=0.00s Real=1.05s
[557.680s][info][gc,start       ] GC(1967) Pause Young (Allocation Failure)
[557.690s][info][gc,heap        ] GC(1967) PSYoungGen: 124416K(228352K)->6368K(131072K) Eden: 124416K(124416K)->0K(124416K) From: 0K(103936K)->6368K(6656K)
[557.690s][info][gc,heap        ] GC(1967) ParOldGen: 535479K(667648K)->535479K(667648K)
[557.690s][info][gc,metaspace   ] GC(1967) Metaspace: 19062K(19264K)->19062K(19264K) NonClass: 16401K(16512K)->16401K(16512K) Class: 2661K(2752K)->2661K(2752K)
[557.690s][info][gc             ] GC(1967) Pause Young (Allocation Failure) 644M->529M(780M) 9.959ms
[557.690s][info][gc,cpu         ] GC(1967) User=0.02s Sys=0.00s Real=0.01s
[557.923s][info][gc,start       ] GC(1968) Pause Young (Allocation Failure)
[557.945s][info][gc,heap        ] GC(1968) PSYoungGen: 130784K(131072K)->19931K(220160K) Eden: 124416K(124416K)->0K(128512K) From: 6368K(6656K)->19931K(91648K)
[557.945s][info][gc,heap        ] GC(1968) ParOldGen: 535479K(667648K)->535479K(667648K)
[557.945s][info][gc,metaspace   ] GC(1968) Metaspace: 19062K(19264K)->19062K(19264K) NonClass: 16401K(16512K)->16401K(16512K) Class: 2661K(2752K)->2661K(2752K)
[557.945s][info][gc             ] GC(1968) Pause Young (Allocation Failure) 650M->542M(867M) 21.884ms
[557.945s][info][gc,cpu         ] GC(1968) User=0.04s Sys=0.00s Real=0.02s
[558.115s][info][gc,start       ] GC(1969) Pause Young (Allocation Failure)
[558.132s][info][gc,heap        ] GC(1969) PSYoungGen: 148443K(220160K)->15243K(143872K) Eden: 128512K(128512K)->0K(128512K) From: 19931K(91648K)->15243K(15360K)
[558.132s][info][gc,heap        ] GC(1969) ParOldGen: 535479K(667648K)->535479K(667648K)
[558.132s][info][gc,metaspace   ] GC(1969) Metaspace: 19062K(19264K)->19062K(19264K) NonClass: 16401K(16512K)->16401K(16512K) Class: 2661K(2752K)->2661K(2752K)
[558.132s][info][gc             ] GC(1969) Pause Young (Allocation Failure) 667M->537M(792M) 17.289ms
[558.132s][info][gc,cpu         ] GC(1969) User=0.03s Sys=0.00s Real=0.02s
[558.275s][info][gc,start       ] GC(1970) Pause Young (Allocation Failure)
[558.308s][info][gc,heap        ] GC(1970) PSYoungGen: 143755K(143872K)->35467K(218112K) Eden: 128512K(128512K)->0K(133120K) From: 15243K(15360K)->35467K(84992K)
[558.308s][info][gc,heap        ] GC(1970) ParOldGen: 535479K(667648K)->535479K(667648K)
[558.308s][info][gc,metaspace   ] GC(1970) Metaspace: 19062K(19264K)->19062K(19264K) NonClass: 16401K(16512K)->16401K(16512K) Class: 2661K(2752K)->2661K(2752K)
[558.308s][info][gc             ] GC(1970) Pause Young (Allocation Failure) 663M->557M(865M) 33.164ms
[558.308s][info][gc,cpu         ] GC(1970) User=0.07s Sys=0.00s Real=0.04s
[558.470s][info][gc,start       ] GC(1971) Pause Young (Allocation Failure)
[558.513s][info][gc,heap        ] GC(1971) PSYoungGen: 168587K(218112K)->44539K(220160K) Eden: 133120K(133120K)->0K(133120K) From: 35467K(84992K)->44539K(87040K)
[558.513s][info][gc,heap        ] GC(1971) ParOldGen: 535479K(667648K)->535479K(667648K)
[558.513s][info][gc,metaspace   ] GC(1971) Metaspace: 19062K(19264K)->19062K(19264K) NonClass: 16401K(16512K)->16401K(16512K) Class: 2661K(2752K)->2661K(2752K)
[558.513s][info][gc             ] GC(1971) Pause Young (Allocation Failure) 687M->566M(867M) 43.248ms
[558.513s][info][gc,cpu         ] GC(1971) User=0.08s Sys=0.00s Real=0.04s
[558.750s][info][gc,start       ] GC(1972) Pause Young (Allocation Failure)
[558.795s][info][gc,heap        ] GC(1972) PSYoungGen: 177659K(220160K)->47643K(224256K) Eden: 133120K(133120K)->0K(136704K) From: 44539K(87040K)->47643K(87552K)
[558.795s][info][gc,heap        ] GC(1972) ParOldGen: 535479K(667648K)->535479K(667648K)
[558.795s][info][gc,metaspace   ] GC(1972) Metaspace: 19062K(19264K)->19062K(19264K) NonClass: 16401K(16512K)->16401K(16512K) Class: 2661K(2752K)->2661K(2752K)
[558.795s][info][gc             ] GC(1972) Pause Young (Allocation Failure) 696M->569M(871M) 44.948ms
[558.795s][info][gc,cpu         ] GC(1972) User=0.09s Sys=0.00s Real=0.04s
[559.093s][info][gc,start       ] GC(1973) Pause Young (Allocation Failure)
[559.141s][info][gc,heap        ] GC(1973) PSYoungGen: 184347K(224256K)->48971K(225792K) Eden: 136704K(136704K)->0K(136704K) From: 47643K(87552K)->48971K(89088K)
[559.141s][info][gc,heap        ] GC(1973) ParOldGen: 535479K(667648K)->535479K(667648K)
[559.141s][info][gc,metaspace   ] GC(1973) Metaspace: 19062K(19264K)->19062K(19264K) NonClass: 16401K(16512K)->16401K(16512K) Class: 2661K(2752K)->2661K(2752K)
[559.141s][info][gc             ] GC(1973) Pause Young (Allocation Failure) 702M->570M(872M) 48.048ms
[559.141s][info][gc,cpu         ] GC(1973) User=0.10s Sys=0.00s Real=0.05s
[559.319s][info][gc,start       ] GC(1974) Pause Young (Allocation Failure)
[559.383s][info][gc,heap        ] GC(1974) PSYoungGen: 185675K(225792K)->63323K(225792K) Eden: 136704K(136704K)->0K(135680K) From: 48971K(89088K)->63323K(90112K)
[559.383s][info][gc,heap        ] GC(1974) ParOldGen: 535479K(667648K)->535479K(667648K)
[559.383s][info][gc,metaspace   ] GC(1974) Metaspace: 19062K(19264K)->19062K(19264K) NonClass: 16401K(16512K)->16401K(16512K) Class: 2661K(2752K)->2661K(2752K)
[559.383s][info][gc             ] GC(1974) Pause Young (Allocation Failure) 704M->584M(872M) 63.411ms
[559.383s][info][gc,cpu         ] GC(1974) User=0.13s Sys=0.00s Real=0.06s
[559.523s][info][gc,start       ] GC(1975) Pause Young (Allocation Failure)
[559.575s][info][gc,heap        ] GC(1975) PSYoungGen: 199003K(225792K)->57515K(231936K) Eden: 135680K(135680K)->0K(135680K) From: 63323K(90112K)->57515K(96256K)
[559.575s][info][gc,heap        ] GC(1975) ParOldGen: 535479K(667648K)->535479K(667648K)
[559.575s][info][gc,metaspace   ] GC(1975) Metaspace: 19062K(19264K)->19062K(19264K) NonClass: 16401K(16512K)->16401K(16512K) Class: 2661K(2752K)->2661K(2752K)
[559.576s][info][gc             ] GC(1975) Pause Young (Allocation Failure) 717M->579M(878M) 52.226ms
[559.576s][info][gc,cpu         ] GC(1975) User=0.11s Sys=0.00s Real=0.05s
[559.727s][info][gc,start       ] GC(1976) Pause Young (Allocation Failure)
[559.823s][info][gc,heap        ] GC(1976) PSYoungGen: 193195K(231936K)->98299K(209920K) Eden: 135680K(135680K)->0K(111616K) From: 57515K(96256K)->98299K(98304K)
[559.823s][info][gc,heap        ] GC(1976) ParOldGen: 535479K(667648K)->535495K(667648K)
[559.823s][info][gc,metaspace   ] GC(1976) Metaspace: 19062K(19264K)->19062K(19264K) NonClass: 16401K(16512K)->16401K(16512K) Class: 2661K(2752K)->2661K(2752K)
[559.823s][info][gc             ] GC(1976) Pause Young (Allocation Failure) 711M->618M(857M) 95.679ms
[559.823s][info][gc,cpu         ] GC(1976) User=0.17s Sys=0.02s Real=0.09s
[559.955s][info][gc,start       ] GC(1977) Pause Young (Allocation Failure)
[560.029s][info][gc,heap        ] GC(1977) PSYoungGen: 209915K(209920K)->94956K(222720K) Eden: 111616K(111616K)->0K(111616K) From: 98299K(98304K)->94956K(111104K)
[560.029s][info][gc,heap        ] GC(1977) ParOldGen: 535495K(667648K)->541847K(667648K)
[560.029s][info][gc,metaspace   ] GC(1977) Metaspace: 19062K(19264K)->19062K(19264K) NonClass: 16401K(16512K)->16401K(16512K) Class: 2661K(2752K)->2661K(2752K)
[560.029s][info][gc             ] GC(1977) Pause Young (Allocation Failure) 727M->621M(869M) 74.939ms
[560.029s][info][gc,cpu         ] GC(1977) User=0.15s Sys=0.00s Real=0.08s
[560.220s][info][gc,start       ] GC(1978) Pause Young (Allocation Failure)
[560.320s][info][gc,heap        ] GC(1978) PSYoungGen: 206572K(222720K)->104352K(222720K) Eden: 111616K(111616K)->0K(111616K) From: 94956K(111104K)->104352K(111104K)
[560.320s][info][gc,heap        ] GC(1978) ParOldGen: 541847K(667648K)->546323K(667648K)
[560.320s][info][gc,metaspace   ] GC(1978) Metaspace: 19062K(19264K)->19062K(19264K) NonClass: 16401K(16512K)->16401K(16512K) Class: 2661K(2752K)->2661K(2752K)
[560.320s][info][gc             ] GC(1978) Pause Young (Allocation Failure) 730M->635M(869M) 100.018ms
[560.320s][info][gc,cpu         ] GC(1978) User=0.20s Sys=0.00s Real=0.10s
[560.459s][info][gc,start       ] GC(1979) Pause Young (Allocation Failure)
[560.574s][info][gc,heap        ] GC(1979) PSYoungGen: 215968K(222720K)->111088K(222720K) Eden: 111616K(111616K)->0K(111616K) From: 104352K(111104K)->111088K(111104K)
[560.574s][info][gc,heap        ] GC(1979) ParOldGen: 546323K(667648K)->555915K(667648K)
[560.574s][info][gc,metaspace   ] GC(1979) Metaspace: 19062K(19264K)->19062K(19264K) NonClass: 16401K(16512K)->16401K(16512K) Class: 2661K(2752K)->2661K(2752K)
[560.574s][info][gc             ] GC(1979) Pause Young (Allocation Failure) 744M->651M(869M) 115.267ms
[560.574s][info][gc,cpu         ] GC(1979) User=0.23s Sys=0.00s Real=0.11s
[560.696s][info][gc,start       ] GC(1980) Pause Young (Allocation Failure)
[560.818s][info][gc,heap        ] GC(1980) PSYoungGen: 222704K(222720K)->111072K(222720K) Eden: 111616K(111616K)->0K(111616K) From: 111088K(111104K)->111072K(111104K)
[560.818s][info][gc,heap        ] GC(1980) ParOldGen: 555915K(667648K)->567507K(667648K)
[560.818s][info][gc,metaspace   ] GC(1980) Metaspace: 19062K(19264K)->19062K(19264K) NonClass: 16401K(16512K)->16401K(16512K) Class: 2661K(2752K)->2661K(2752K)
[560.818s][info][gc             ] GC(1980) Pause Young (Allocation Failure) 760M->662M(869M) 121.576ms
[560.818s][info][gc,cpu         ] GC(1980) User=0.24s Sys=0.00s Real=0.13s
[560.921s][info][gc,start       ] GC(1981) Pause Young (Allocation Failure)
[561.037s][info][gc,heap        ] GC(1981) PSYoungGen: 222688K(222720K)->80528K(222720K) Eden: 111616K(111616K)->0K(111616K) From: 111072K(111104K)->80528K(111104K)
[561.037s][info][gc,heap        ] GC(1981) ParOldGen: 567507K(667648K)->599483K(667648K)
[561.037s][info][gc,metaspace   ] GC(1981) Metaspace: 19062K(19264K)->19062K(19264K) NonClass: 16401K(16512K)->16401K(16512K) Class: 2661K(2752K)->2661K(2752K)
[561.037s][info][gc             ] GC(1981) Pause Young (Allocation Failure) 771M->664M(869M) 116.843ms
[561.037s][info][gc,cpu         ] GC(1981) User=0.23s Sys=0.00s Real=0.12s
[561.170s][info][gc,start       ] GC(1982) Pause Young (Allocation Failure)
[561.268s][info][gc,heap        ] GC(1982) PSYoungGen: 192144K(222720K)->40832K(222720K) Eden: 111616K(111616K)->0K(111616K) From: 80528K(111104K)->40832K(111104K)
[561.268s][info][gc,heap        ] GC(1982) ParOldGen: 599483K(667648K)->643700K(667648K)
[561.268s][info][gc,metaspace   ] GC(1982) Metaspace: 19062K(19264K)->19062K(19264K) NonClass: 16401K(16512K)->16401K(16512K) Class: 2661K(2752K)->2661K(2752K)
[561.268s][info][gc             ] GC(1982) Pause Young (Allocation Failure) 773M->668M(869M) 97.397ms
[561.268s][info][gc,cpu         ] GC(1982) User=0.20s Sys=0.00s Real=0.10s
[561.437s][info][gc,start       ] GC(1983) Pause Full (Allocation Failure)
[561.437s][info][gc,phases,start] GC(1983) Marking Phase
[561.699s][info][gc,phases      ] GC(1983) Marking Phase 261.938ms
[561.699s][info][gc,phases,start] GC(1983) Summary Phase
[561.699s][info][gc,phases      ] GC(1983) Summary Phase 0.027ms
[561.699s][info][gc,phases,start] GC(1983) Forward
[561.825s][info][gc,phases      ] GC(1983) Forward 126.244ms
[561.825s][info][gc,phases,start] GC(1983) Adjust Pointers
[562.025s][info][gc,phases      ] GC(1983) Adjust Pointers 200.400ms
[562.025s][info][gc,phases,start] GC(1983) Compaction Phase
[562.138s][info][gc,phases      ] GC(1983) Compaction Phase 112.896ms
[562.150s][info][gc,phases,start] GC(1983) Post Compact
[562.152s][info][gc,phases      ] GC(1983) Post Compact 2.305ms
[562.152s][info][gc,heap        ] GC(1983) PSYoungGen: 152448K(222720K)->0K(222720K) Eden: 111616K(111616K)->0K(111616K) From: 40832K(111104K)->0K(111104K)
[562.152s][info][gc,heap        ] GC(1983) ParOldGen: 643700K(667648K)->352860K(667648K)
[562.152s][info][gc,metaspace   ] GC(1983) Metaspace: 19062K(19264K)->19062K(19264K) NonClass: 16401K(16512K)->16401K(16512K) Class: 2661K(2752K)->2661K(2752K)
[562.152s][info][gc             ] GC(1983) Pause Full (Allocation Failure) 777M->344M(869M) 715.801ms
[562.152s][info][gc,cpu         ] GC(1983) User=1.27s Sys=0.01s Real=0.71s
[562.334s][info][gc,start       ] GC(1984) Pause Young (Allocation Failure)
[562.349s][info][gc,heap        ] GC(1984) PSYoungGen: 111616K(222720K)->13072K(222720K) Eden: 111616K(111616K)->0K(111616K) From: 0K(111104K)->13072K(111104K)
[562.349s][info][gc,heap        ] GC(1984) ParOldGen: 352860K(667648K)->352860K(667648K)
[562.349s][info][gc,metaspace   ] GC(1984) Metaspace: 19062K(19264K)->19062K(19264K) NonClass: 16401K(16512K)->16401K(16512K) Class: 2661K(2752K)->2661K(2752K)
[562.349s][info][gc             ] GC(1984) Pause Young (Allocation Failure) 453M->357M(869M) 15.083ms
[562.349s][info][gc,cpu         ] GC(1984) User=0.03s Sys=0.00s Real=0.02s
[562.428s][info][gc,start       ] GC(1985) Pause Young (Allocation Failure)
[562.474s][info][gc,heap        ] GC(1985) PSYoungGen: 124688K(222720K)->50256K(222720K) Eden: 111616K(111616K)->0K(111616K) From: 13072K(111104K)->50256K(111104K)
[562.474s][info][gc,heap        ] GC(1985) ParOldGen: 352860K(667648K)->352860K(667648K)
[562.474s][info][gc,metaspace   ] GC(1985) Metaspace: 19062K(19264K)->19062K(19264K) NonClass: 16401K(16512K)->16401K(16512K) Class: 2661K(2752K)->2661K(2752K)
[562.474s][info][gc             ] GC(1985) Pause Young (Allocation Failure) 466M->393M(869M) 46.648ms
[562.474s][info][gc,cpu         ] GC(1985) User=0.09s Sys=0.00s Real=0.04s
[562.596s][info][gc,start       ] GC(1986) Pause Young (Allocation Failure)
[562.653s][info][gc,heap        ] GC(1986) PSYoungGen: 161872K(222720K)->54928K(222720K) Eden: 111616K(111616K)->0K(111616K) From: 50256K(111104K)->54928K(111104K)
[562.653s][info][gc,heap        ] GC(1986) ParOldGen: 352860K(667648K)->365940K(667648K)
[562.653s][info][gc,metaspace   ] GC(1986) Metaspace: 19062K(19264K)->19062K(19264K) NonClass: 16401K(16512K)->16401K(16512K) Class: 2661K(2752K)->2661K(2752K)
[562.653s][info][gc             ] GC(1986) Pause Young (Allocation Failure) 502M->411M(869M) 56.676ms
[562.653s][info][gc,cpu         ] GC(1986) User=0.11s Sys=0.00s Real=0.06s
[562.882s][info][gc,start       ] GC(1987) Pause Young (Allocation Failure)
[562.942s][info][gc,heap        ] GC(1987) PSYoungGen: 166544K(222720K)->10176K(222720K) Eden: 111616K(111616K)->0K(111616K) From: 54928K(111104K)->10176K(111104K)
[562.942s][info][gc,heap        ] GC(1987) ParOldGen: 365940K(667648K)->421269K(667648K)
[562.942s][info][gc,metaspace   ] GC(1987) Metaspace: 19062K(19264K)->19062K(19264K) NonClass: 16401K(16512K)->16401K(16512K) Class: 2661K(2752K)->2661K(2752K)
[562.942s][info][gc             ] GC(1987) Pause Young (Allocation Failure) 520M->421M(869M) 59.927ms
[562.942s][info][gc,cpu         ] GC(1987) User=0.12s Sys=0.00s Real=0.06s
[563.112s][info][gc,start       ] GC(1988) Pause Young (Allocation Failure)
[563.137s][info][gc,heap        ] GC(1988) PSYoungGen: 121792K(222720K)->7328K(222720K) Eden: 111616K(111616K)->0K(111616K) From: 10176K(111104K)->7328K(111104K)
[563.137s][info][gc,heap        ] GC(1988) ParOldGen: 421269K(667648K)->431429K(667648K)
[563.137s][info][gc,metaspace   ] GC(1988) Metaspace: 19062K(19264K)->19062K(19264K) NonClass: 16401K(16512K)->16401K(16512K) Class: 2661K(2752K)->2661K(2752K)
[563.137s][info][gc             ] GC(1988) Pause Young (Allocation Failure) 530M->428M(869M) 24.885ms
[563.137s][info][gc,cpu         ] GC(1988) User=0.05s Sys=0.00s Real=0.03s
[563.255s][info][gc,start       ] GC(1989) Pause Young (Allocation Failure)
[563.278s][info][gc,heap        ] GC(1989) PSYoungGen: 118944K(222720K)->13728K(222720K) Eden: 111616K(111616K)->0K(111616K) From: 7328K(111104K)->13728K(111104K)
[563.278s][info][gc,heap        ] GC(1989) ParOldGen: 431429K(667648K)->438533K(667648K)
[563.278s][info][gc,metaspace   ] GC(1989) Metaspace: 19062K(19264K)->19062K(19264K) NonClass: 16401K(16512K)->16401K(16512K) Class: 2661K(2752K)->2661K(2752K)
[563.278s][info][gc             ] GC(1989) Pause Young (Allocation Failure) 537M->441M(869M) 22.879ms
[563.278s][info][gc,cpu         ] GC(1989) User=0.04s Sys=0.00s Real=0.03s
[563.405s][info][gc,start       ] GC(1990) Pause Young (Allocation Failure)
[563.424s][info][gc,heap        ] GC(1990) PSYoungGen: 125344K(222720K)->2912K(222720K) Eden: 111616K(111616K)->0K(111616K) From: 13728K(111104K)->2912K(111104K)
[563.424s][info][gc,heap        ] GC(1990) ParOldGen: 438533K(667648K)->452261K(667648K)
[563.424s][info][gc,metaspace   ] GC(1990) Metaspace: 19062K(19264K)->19062K(19264K) NonClass: 16401K(16512K)->16401K(16512K) Class: 2661K(2752K)->2661K(2752K)
[563.424s][info][gc             ] GC(1990) Pause Young (Allocation Failure) 550M->444M(869M) 19.056ms
[563.424s][info][gc,cpu         ] GC(1990) User=0.04s Sys=0.00s Real=0.02s
[563.571s][info][gc,start       ] GC(1991) Pause Young (Allocation Failure)
[563.584s][info][gc,heap        ] GC(1991) PSYoungGen: 114528K(222720K)->8800K(222720K) Eden: 111616K(111616K)->0K(111616K) From: 2912K(111104K)->8800K(111104K)
[563.584s][info][gc,heap        ] GC(1991) ParOldGen: 452261K(667648K)->455149K(667648K)
[563.584s][info][gc,metaspace   ] GC(1991) Metaspace: 19062K(19264K)->19062K(19264K) NonClass: 16401K(16512K)->16401K(16512K) Class: 2661K(2752K)->2661K(2752K)
[563.584s][info][gc             ] GC(1991) Pause Young (Allocation Failure) 553M->453M(869M) 13.630ms
[563.584s][info][gc,cpu         ] GC(1991) User=0.03s Sys=0.00s Real=0.01s
[563.840s][info][gc,start       ] GC(1992) Pause Young (Allocation Failure)
[563.858s][info][gc,heap        ] GC(1992) PSYoungGen: 120416K(222720K)->5824K(222720K) Eden: 111616K(111616K)->0K(111616K) From: 8800K(111104K)->5824K(111104K)
[563.858s][info][gc,heap        ] GC(1992) ParOldGen: 455149K(667648K)->463948K(667648K)
[563.858s][info][gc,metaspace   ] GC(1992) Metaspace: 19062K(19264K)->19062K(19264K) NonClass: 16401K(16512K)->16401K(16512K) Class: 2661K(2752K)->2661K(2752K)
[563.858s][info][gc             ] GC(1992) Pause Young (Allocation Failure) 562M->458M(869M) 17.306ms
[563.858s][info][gc,cpu         ] GC(1992) User=0.04s Sys=0.00s Real=0.02s
[564.132s][info][gc,start       ] GC(1993) Pause Young (Allocation Failure)
[564.140s][info][gc,heap        ] GC(1993) PSYoungGen: 117440K(222720K)->64K(222720K) Eden: 111616K(111616K)->0K(111616K) From: 5824K(111104K)->64K(111104K)
[564.140s][info][gc,heap        ] GC(1993) ParOldGen: 463948K(667648K)->469727K(667648K)
[564.140s][info][gc,metaspace   ] GC(1993) Metaspace: 19062K(19264K)->19062K(19264K) NonClass: 16401K(16512K)->16401K(16512K) Class: 2661K(2752K)->2661K(2752K)
[564.140s][info][gc             ] GC(1993) Pause Young (Allocation Failure) 567M->458M(869M) 7.800ms
[564.140s][info][gc,cpu         ] GC(1993) User=0.01s Sys=0.00s Real=0.01s
[564.398s][info][gc,start       ] GC(1994) Pause Young (Allocation Failure)
[564.400s][info][gc,heap        ] GC(1994) PSYoungGen: 111680K(222720K)->64K(222720K) Eden: 111616K(111616K)->0K(111616K) From: 64K(111104K)->64K(111104K)
[564.400s][info][gc,heap        ] GC(1994) ParOldGen: 469727K(667648K)->469762K(667648K)
[564.400s][info][gc,metaspace   ] GC(1994) Metaspace: 19062K(19264K)->19062K(19264K) NonClass: 16401K(16512K)->16401K(16512K) Class: 2661K(2752K)->2661K(2752K)
[564.400s][info][gc             ] GC(1994) Pause Young (Allocation Failure) 567M->458M(869M) 1.670ms
[564.400s][info][gc,cpu         ] GC(1994) User=0.00s Sys=0.01s Real=0.00s
[564.652s][info][gc,start       ] GC(1995) Pause Young (Allocation Failure)
[564.658s][info][gc,heap        ] GC(1995) PSYoungGen: 111680K(222720K)->64K(222720K) Eden: 111616K(111616K)->0K(111616K) From: 64K(111104K)->64K(111104K)
[564.658s][info][gc,heap        ] GC(1995) ParOldGen: 469762K(667648K)->469778K(667648K)
[564.658s][info][gc,metaspace   ] GC(1995) Metaspace: 19062K(19264K)->19062K(19264K) NonClass: 16401K(16512K)->16401K(16512K) Class: 2661K(2752K)->2661K(2752K)
[564.658s][info][gc             ] GC(1995) Pause Young (Allocation Failure) 567M->458M(869M) 6.082ms
[564.658s][info][gc,cpu         ] GC(1995) User=0.01s Sys=0.00s Real=0.01s
[564.851s][info][gc,start       ] GC(1996) Pause Young (Allocation Failure)
[564.862s][info][gc,heap        ] GC(1996) PSYoungGen: 111680K(222720K)->11840K(220672K) Eden: 111616K(111616K)->0K(111616K) From: 64K(111104K)->11840K(109056K)
[564.862s][info][gc,heap        ] GC(1996) ParOldGen: 469778K(667648K)->469794K(667648K)
[564.862s][info][gc,metaspace   ] GC(1996) Metaspace: 19062K(19264K)->19062K(19264K) NonClass: 16401K(16512K)->16401K(16512K) Class: 2661K(2752K)->2661K(2752K)
[564.862s][info][gc             ] GC(1996) Pause Young (Allocation Failure) 567M->470M(867M) 11.194ms
[564.862s][info][gc,cpu         ] GC(1996) User=0.03s Sys=0.00s Real=0.01s
[564.921s][info][gc,start       ] GC(1997) Pause Young (Allocation Failure)
[564.960s][info][gc,heap        ] GC(1997) PSYoungGen: 123456K(220672K)->52336K(221696K) Eden: 111616K(111616K)->0K(111616K) From: 11840K(109056K)->52336K(110080K)
[564.960s][info][gc,heap        ] GC(1997) ParOldGen: 469794K(667648K)->469794K(667648K)
[564.960s][info][gc,metaspace   ] GC(1997) Metaspace: 19062K(19264K)->19062K(19264K) NonClass: 16401K(16512K)->16401K(16512K) Class: 2661K(2752K)->2661K(2752K)
[564.960s][info][gc             ] GC(1997) Pause Young (Allocation Failure) 579M->509M(868M) 38.415ms
[564.960s][info][gc,cpu         ] GC(1997) User=0.08s Sys=0.00s Real=0.04s
[565.143s][info][gc,start       ] GC(1998) Pause Young (Allocation Failure)
[565.193s][info][gc,heap        ] GC(1998) PSYoungGen: 163952K(221696K)->17600K(212480K) Eden: 111616K(111616K)->0K(112640K) From: 52336K(110080K)->17600K(99840K)
[565.193s][info][gc,heap        ] GC(1998) ParOldGen: 469794K(667648K)->522700K(667648K)
[565.193s][info][gc,metaspace   ] GC(1998) Metaspace: 19062K(19264K)->19062K(19264K) NonClass: 16401K(16512K)->16401K(16512K) Class: 2661K(2752K)->2661K(2752K)
[565.193s][info][gc             ] GC(1998) Pause Young (Allocation Failure) 618M->527M(859M) 49.934ms
[565.193s][info][gc,cpu         ] GC(1998) User=0.10s Sys=0.00s Real=0.05s
[565.312s][info][gc,start       ] GC(1999) Pause Young (Allocation Failure)
[565.340s][info][gc,heap        ] GC(1999) PSYoungGen: 130240K(212480K)->19584K(132608K) Eden: 112640K(112640K)->0K(112640K) From: 17600K(99840K)->19584K(19968K)
[565.340s][info][gc,heap        ] GC(1999) ParOldGen: 522700K(667648K)->522700K(667648K)
[565.340s][info][gc,metaspace   ] GC(1999) Metaspace: 19062K(19264K)->19062K(19264K) NonClass: 16401K(16512K)->16401K(16512K) Class: 2661K(2752K)->2661K(2752K)
[565.340s][info][gc             ] GC(1999) Pause Young (Allocation Failure) 637M->529M(781M) 27.766ms
[565.340s][info][gc,cpu         ] GC(1999) User=0.06s Sys=0.00s Real=0.03s
[565.542s][info][gc,start       ] GC(2000) Pause Young (Allocation Failure)
[565.598s][info][gc,heap        ] GC(2000) PSYoungGen: 132224K(132608K)->36192K(209920K) Eden: 112640K(112640K)->0K(118272K) From: 19584K(19968K)->36192K(91648K)
[565.598s][info][gc,heap        ] GC(2000) ParOldGen: 522700K(667648K)->522700K(667648K)
[565.598s][info][gc,metaspace   ] GC(2000) Metaspace: 19062K(19264K)->19062K(19264K) NonClass: 16401K(16512K)->16401K(16512K) Class: 2661K(2752K)->2661K(2752K)
[565.598s][info][gc             ] GC(2000) Pause Young (Allocation Failure) 639M->545M(857M) 56.128ms
[565.598s][info][gc,cpu         ] GC(2000) User=0.11s Sys=0.00s Real=0.06s
[565.814s][info][gc,start       ] GC(2001) Pause Young (Allocation Failure)
[565.860s][info][gc,heap        ] GC(2001) PSYoungGen: 154464K(209920K)->36288K(212992K) Eden: 118272K(118272K)->0K(118272K) From: 36192K(91648K)->36288K(94720K)
[565.860s][info][gc,heap        ] GC(2001) ParOldGen: 522700K(667648K)->522700K(667648K)
[565.860s][info][gc,metaspace   ] GC(2001) Metaspace: 19062K(19264K)->19062K(19264K) NonClass: 16401K(16512K)->16401K(16512K) Class: 2661K(2752K)->2661K(2752K)
[565.860s][info][gc             ] GC(2001) Pause Young (Allocation Failure) 661M->545M(860M) 45.865ms
[565.860s][info][gc,cpu         ] GC(2001) User=0.10s Sys=0.00s Real=0.05s
[566.043s][info][gc,start       ] GC(2002) Pause Young (Allocation Failure)
[566.096s][info][gc,heap        ] GC(2002) PSYoungGen: 154560K(212992K)->44761K(215552K) Eden: 118272K(118272K)->0K(123904K) From: 36288K(94720K)->44761K(91648K)
[566.096s][info][gc,heap        ] GC(2002) ParOldGen: 522700K(667648K)->522700K(667648K)
[566.096s][info][gc,metaspace   ] GC(2002) Metaspace: 19064K(19264K)->19064K(19264K) NonClass: 16403K(16512K)->16403K(16512K) Class: 2661K(2752K)->2661K(2752K)
[566.096s][info][gc             ] GC(2002) Pause Young (Allocation Failure) 661M->554M(862M) 53.653ms
[566.096s][info][gc,cpu         ] GC(2002) User=0.10s Sys=0.00s Real=0.06s
[566.159s][info][gc,start       ] GC(2003) Pause Young (Allocation Failure)
[566.241s][info][gc,heap        ] GC(2003) PSYoungGen: 168665K(215552K)->86009K(215552K) Eden: 123904K(123904K)->0K(123904K) From: 44761K(91648K)->86009K(91648K)
[566.241s][info][gc,heap        ] GC(2003) ParOldGen: 522700K(667648K)->522700K(667648K)
[566.241s][info][gc,metaspace   ] GC(2003) Metaspace: 19064K(19264K)->19064K(19264K) NonClass: 16403K(16512K)->16403K(16512K) Class: 2661K(2752K)->2661K(2752K)
[566.241s][info][gc             ] GC(2003) Pause Young (Allocation Failure) 675M->594M(862M) 82.342ms
[566.241s][info][gc,cpu         ] GC(2003) User=0.16s Sys=0.00s Real=0.08s
[566.406s][info][gc,start       ] GC(2004) Pause Young (Allocation Failure)
[566.510s][info][gc,heap        ] GC(2004) PSYoungGen: 209913K(215552K)->106217K(218112K) Eden: 123904K(123904K)->0K(111616K) From: 86009K(91648K)->106217K(106496K)
[566.510s][info][gc,heap        ] GC(2004) ParOldGen: 522700K(667648K)->522700K(667648K)
[566.510s][info][gc,metaspace   ] GC(2004) Metaspace: 19064K(19264K)->19064K(19264K) NonClass: 16403K(16512K)->16403K(16512K) Class: 2661K(2752K)->2661K(2752K)
[566.510s][info][gc             ] GC(2004) Pause Young (Allocation Failure) 715M->614M(865M) 104.132ms
[566.510s][info][gc,cpu         ] GC(2004) User=0.19s Sys=0.01s Real=0.10s
[566.596s][info][gc,start       ] GC(2005) Pause Young (Allocation Failure)
[566.686s][info][gc,heap        ] GC(2005) PSYoungGen: 217833K(218112K)->88601K(222720K) Eden: 111616K(111616K)->0K(111616K) From: 106217K(106496K)->88601K(111104K)
[566.686s][info][gc,heap        ] GC(2005) ParOldGen: 522700K(667648K)->542388K(667648K)
[566.686s][info][gc,metaspace   ] GC(2005) Metaspace: 19064K(19264K)->19064K(19264K) NonClass: 16403K(16512K)->16403K(16512K) Class: 2661K(2752K)->2661K(2752K)
[566.686s][info][gc             ] GC(2005) Pause Young (Allocation Failure) 723M->616M(869M) 90.379ms
[566.686s][info][gc,cpu         ] GC(2005) User=0.18s Sys=0.00s Real=0.09s
[566.852s][info][gc,start       ] GC(2006) Pause Young (Allocation Failure)
[566.956s][info][gc,heap        ] GC(2006) PSYoungGen: 200217K(222720K)->88953K(222720K) Eden: 111616K(111616K)->0K(111616K) From: 88601K(111104K)->88953K(111104K)
[566.956s][info][gc,heap        ] GC(2006) ParOldGen: 542388K(667648K)->559124K(667648K)
[566.956s][info][gc,metaspace   ] GC(2006) Metaspace: 19064K(19264K)->19064K(19264K) NonClass: 16403K(16512K)->16403K(16512K) Class: 2661K(2752K)->2661K(2752K)
[566.956s][info][gc             ] GC(2006) Pause Young (Allocation Failure) 725M->632M(869M) 104.867ms
[566.956s][info][gc,cpu         ] GC(2006) User=0.21s Sys=0.00s Real=0.11s
[567.117s][info][gc,start       ] GC(2007) Pause Young (Allocation Failure)
[567.202s][info][gc,heap        ] GC(2007) PSYoungGen: 200569K(222720K)->39232K(222720K) Eden: 111616K(111616K)->0K(111616K) From: 88953K(111104K)->39232K(111104K)
[567.202s][info][gc,heap        ] GC(2007) ParOldGen: 559124K(667648K)->609437K(667648K)
[567.202s][info][gc,metaspace   ] GC(2007) Metaspace: 19064K(19264K)->19064K(19264K) NonClass: 16403K(16512K)->16403K(16512K) Class: 2661K(2752K)->2661K(2752K)
[567.202s][info][gc             ] GC(2007) Pause Young (Allocation Failure) 741M->633M(869M) 85.724ms
[567.202s][info][gc,cpu         ] GC(2007) User=0.17s Sys=0.00s Real=0.08s
[567.380s][info][gc,start       ] GC(2008) Pause Young (Allocation Failure)
[567.429s][info][gc,heap        ] GC(2008) PSYoungGen: 150848K(222720K)->17056K(222720K) Eden: 111616K(111616K)->0K(111616K) From: 39232K(111104K)->17056K(111104K)
[567.429s][info][gc,heap        ] GC(2008) ParOldGen: 609437K(667648K)->631789K(667648K)
[567.429s][info][gc,metaspace   ] GC(2008) Metaspace: 19064K(19264K)->19064K(19264K) NonClass: 16403K(16512K)->16403K(16512K) Class: 2661K(2752K)->2661K(2752K)
[567.429s][info][gc             ] GC(2008) Pause Young (Allocation Failure) 742M->633M(869M) 49.123ms
[567.429s][info][gc,cpu         ] GC(2008) User=0.10s Sys=0.00s Real=0.05s
[567.587s][info][gc,start       ] GC(2009) Pause Full (Allocation Failure)
[567.587s][info][gc,phases,start] GC(2009) Marking Phase
[567.929s][info][gc,phases      ] GC(2009) Marking Phase 341.697ms
[567.929s][info][gc,phases,start] GC(2009) Summary Phase
[567.929s][info][gc,phases      ] GC(2009) Summary Phase 0.028ms
[567.929s][info][gc,phases,start] GC(2009) Forward
[568.060s][info][gc,phases      ] GC(2009) Forward 131.176ms
[568.060s][info][gc,phases,start] GC(2009) Adjust Pointers
[568.339s][info][gc,phases      ] GC(2009) Adjust Pointers 279.278ms
[568.339s][info][gc,phases,start] GC(2009) Compaction Phase
[568.501s][info][gc,phases      ] GC(2009) Compaction Phase 161.691ms
[568.516s][info][gc,phases,start] GC(2009) Post Compact
[568.518s][info][gc,phases      ] GC(2009) Post Compact 2.244ms
[568.518s][info][gc,heap        ] GC(2009) PSYoungGen: 128672K(222720K)->0K(222720K) Eden: 111616K(111616K)->0K(111616K) From: 17056K(111104K)->0K(111104K)
[568.518s][info][gc,heap        ] GC(2009) ParOldGen: 631789K(667648K)->482247K(667648K)
[568.518s][info][gc,metaspace   ] GC(2009) Metaspace: 19064K(19264K)->19064K(19264K) NonClass: 16403K(16512K)->16403K(16512K) Class: 2661K(2752K)->2661K(2752K)
[568.518s][info][gc             ] GC(2009) Pause Full (Allocation Failure) 742M->470M(869M) 931.063ms
[568.518s][info][gc,cpu         ] GC(2009) User=1.75s Sys=0.00s Real=0.93s
[568.675s][info][gc,start       ] GC(2010) Pause Young (Allocation Failure)
[568.676s][info][gc,heap        ] GC(2010) PSYoungGen: 111616K(222720K)->64K(222720K) Eden: 111616K(111616K)->0K(111616K) From: 0K(111104K)->64K(111104K)
[568.677s][info][gc,heap        ] GC(2010) ParOldGen: 482247K(667648K)->482247K(667648K)
[568.677s][info][gc,metaspace   ] GC(2010) Metaspace: 19064K(19264K)->19064K(19264K) NonClass: 16403K(16512K)->16403K(16512K) Class: 2661K(2752K)->2661K(2752K)
[568.677s][info][gc             ] GC(2010) Pause Young (Allocation Failure) 579M->471M(869M) 1.666ms
[568.677s][info][gc,cpu         ] GC(2010) User=0.01s Sys=0.00s Real=0.01s
[568.837s][info][gc,start       ] GC(2011) Pause Young (Allocation Failure)
[568.839s][info][gc,heap        ] GC(2011) PSYoungGen: 111680K(222720K)->64K(222720K) Eden: 111616K(111616K)->0K(111616K) From: 64K(111104K)->64K(111104K)
[568.839s][info][gc,heap        ] GC(2011) ParOldGen: 482247K(667648K)->482263K(667648K)
[568.839s][info][gc,metaspace   ] GC(2011) Metaspace: 19064K(19264K)->19064K(19264K) NonClass: 16403K(16512K)->16403K(16512K) Class: 2661K(2752K)->2661K(2752K)
[568.839s][info][gc             ] GC(2011) Pause Young (Allocation Failure) 580M->471M(869M) 1.605ms
[568.839s][info][gc,cpu         ] GC(2011) User=0.00s Sys=0.00s Real=0.00s
[568.999s][info][gc,start       ] GC(2012) Pause Young (Allocation Failure)
[569.001s][info][gc,heap        ] GC(2012) PSYoungGen: 111680K(222720K)->64K(222720K) Eden: 111616K(111616K)->0K(111616K) From: 64K(111104K)->64K(111104K)
[569.001s][info][gc,heap        ] GC(2012) ParOldGen: 482263K(667648K)->482263K(667648K)
[569.001s][info][gc,metaspace   ] GC(2012) Metaspace: 19064K(19264K)->19064K(19264K) NonClass: 16403K(16512K)->16403K(16512K) Class: 2661K(2752K)->2661K(2752K)
[569.001s][info][gc             ] GC(2012) Pause Young (Allocation Failure) 580M->471M(869M) 1.627ms
[569.001s][info][gc,cpu         ] GC(2012) User=0.01s Sys=0.00s Real=0.00s
[569.119s][info][gc,start       ] GC(2013) Pause Young (Allocation Failure)
[569.139s][info][gc,heap        ] GC(2013) PSYoungGen: 111680K(222720K)->16864K(222720K) Eden: 111616K(111616K)->0K(111616K) From: 64K(111104K)->16864K(111104K)
[569.139s][info][gc,heap        ] GC(2013) ParOldGen: 482263K(667648K)->482263K(667648K)
[569.139s][info][gc,metaspace   ] GC(2013) Metaspace: 19064K(19264K)->19064K(19264K) NonClass: 16403K(16512K)->16403K(16512K) Class: 2661K(2752K)->2661K(2752K)
[569.139s][info][gc             ] GC(2013) Pause Young (Allocation Failure) 580M->487M(869M) 20.304ms
[569.139s][info][gc,cpu         ] GC(2013) User=0.04s Sys=0.00s Real=0.02s
[569.262s][info][gc,start       ] GC(2014) Pause Young (Allocation Failure)
[569.296s][info][gc,heap        ] GC(2014) PSYoungGen: 128480K(222720K)->14528K(222720K) Eden: 111616K(111616K)->0K(111616K) From: 16864K(111104K)->14528K(111104K)
[569.296s][info][gc,heap        ] GC(2014) ParOldGen: 482263K(667648K)->499151K(667648K)
[569.296s][info][gc,metaspace   ] GC(2014) Metaspace: 19064K(19264K)->19064K(19264K) NonClass: 16403K(16512K)->16403K(16512K) Class: 2661K(2752K)->2661K(2752K)
[569.296s][info][gc             ] GC(2014) Pause Young (Allocation Failure) 596M->501M(869M) 34.111ms
[569.296s][info][gc,cpu         ] GC(2014) User=0.06s Sys=0.00s Real=0.04s
[569.376s][info][gc,start       ] GC(2015) Pause Young (Allocation Failure)
[569.397s][info][gc,heap        ] GC(2015) PSYoungGen: 126144K(222720K)->3936K(115712K) Eden: 111616K(111616K)->0K(111616K) From: 14528K(111104K)->3936K(4096K)
[569.397s][info][gc,heap        ] GC(2015) ParOldGen: 499151K(667648K)->513687K(667648K)
[569.397s][info][gc,metaspace   ] GC(2015) Metaspace: 19064K(19264K)->19064K(19264K) NonClass: 16403K(16512K)->16403K(16512K) Class: 2661K(2752K)->2661K(2752K)
[569.397s][info][gc             ] GC(2015) Pause Young (Allocation Failure) 610M->505M(765M) 20.790ms
[569.397s][info][gc,cpu         ] GC(2015) User=0.04s Sys=0.00s Real=0.02s
[569.506s][info][gc,start       ] GC(2016) Pause Young (Allocation Failure)
[569.517s][info][gc,heap        ] GC(2016) PSYoungGen: 115552K(115712K)->5056K(223232K) Eden: 111616K(111616K)->0K(116224K) From: 3936K(4096K)->5056K(107008K)
[569.517s][info][gc,heap        ] GC(2016) ParOldGen: 513687K(667648K)->513687K(667648K)
[569.517s][info][gc,metaspace   ] GC(2016) Metaspace: 19064K(19264K)->19064K(19264K) NonClass: 16403K(16512K)->16403K(16512K) Class: 2661K(2752K)->2661K(2752K)
[569.517s][info][gc             ] GC(2016) Pause Young (Allocation Failure) 614M->506M(870M) 11.641ms
[569.517s][info][gc,cpu         ] GC(2016) User=0.02s Sys=0.00s Real=0.02s
[569.635s][info][gc,start       ] GC(2017) Pause Young (Allocation Failure)
[569.650s][info][gc,heap        ] GC(2017) PSYoungGen: 121280K(223232K)->8512K(124928K) Eden: 116224K(116224K)->0K(116224K) From: 5056K(107008K)->8512K(8704K)
[569.651s][info][gc,heap        ] GC(2017) ParOldGen: 513687K(667648K)->513687K(667648K)
[569.651s][info][gc,metaspace   ] GC(2017) Metaspace: 19064K(19264K)->19064K(19264K) NonClass: 16403K(16512K)->16403K(16512K) Class: 2661K(2752K)->2661K(2752K)
[569.651s][info][gc             ] GC(2017) Pause Young (Allocation Failure) 620M->509M(774M) 15.758ms
[569.651s][info][gc,cpu         ] GC(2017) User=0.03s Sys=0.00s Real=0.02s
[569.750s][info][gc,start       ] GC(2018) Pause Young (Allocation Failure)
[569.762s][info][gc,heap        ] GC(2018) PSYoungGen: 124736K(124928K)->8576K(212480K) Eden: 116224K(116224K)->0K(121344K) From: 8512K(8704K)->8576K(91136K)
[569.762s][info][gc,heap        ] GC(2018) ParOldGen: 513687K(667648K)->513687K(667648K)
[569.762s][info][gc,metaspace   ] GC(2018) Metaspace: 19064K(19264K)->19064K(19264K) NonClass: 16403K(16512K)->16403K(16512K) Class: 2661K(2752K)->2661K(2752K)
[569.762s][info][gc             ] GC(2018) Pause Young (Allocation Failure) 623M->510M(859M) 12.085ms
[569.762s][info][gc,cpu         ] GC(2018) User=0.02s Sys=0.00s Real=0.01s
[569.896s][info][gc,start       ] GC(2019) Pause Young (Allocation Failure)
[569.917s][info][gc,heap        ] GC(2019) PSYoungGen: 129920K(212480K)->17152K(138752K) Eden: 121344K(121344K)->0K(121344K) From: 8576K(91136K)->17152K(17408K)
[569.917s][info][gc,heap        ] GC(2019) ParOldGen: 513687K(667648K)->513687K(667648K)
[569.917s][info][gc,metaspace   ] GC(2019) Metaspace: 19064K(19264K)->19064K(19264K) NonClass: 16403K(16512K)->16403K(16512K) Class: 2661K(2752K)->2661K(2752K)
[569.917s][info][gc             ] GC(2019) Pause Young (Allocation Failure) 628M->518M(787M) 20.809ms
[569.917s][info][gc,cpu         ] GC(2019) User=0.04s Sys=0.00s Real=0.03s
[570.038s][info][gc,start       ] GC(2020) Pause Young (Allocation Failure)
[570.073s][info][gc,heap        ] GC(2020) PSYoungGen: 138496K(138752K)->31968K(211456K) Eden: 121344K(121344K)->0K(127488K) From: 17152K(17408K)->31968K(83968K)
[570.073s][info][gc,heap        ] GC(2020) ParOldGen: 513687K(667648K)->513687K(667648K)
[570.073s][info][gc,metaspace   ] GC(2020) Metaspace: 19064K(19264K)->19064K(19264K) NonClass: 16403K(16512K)->16403K(16512K) Class: 2661K(2752K)->2661K(2752K)
[570.073s][info][gc             ] GC(2020) Pause Young (Allocation Failure) 636M->532M(858M) 35.829ms
[570.073s][info][gc,cpu         ] GC(2020) User=0.07s Sys=0.00s Real=0.03s
[570.276s][info][gc,start       ] GC(2021) Pause Young (Allocation Failure)
[570.329s][info][gc,heap        ] GC(2021) PSYoungGen: 159456K(211456K)->49584K(214016K) Eden: 127488K(127488K)->0K(127488K) From: 31968K(83968K)->49584K(86528K)
[570.329s][info][gc,heap        ] GC(2021) ParOldGen: 513687K(667648K)->513687K(667648K)
[570.329s][info][gc,metaspace   ] GC(2021) Metaspace: 19064K(19264K)->19064K(19264K) NonClass: 16403K(16512K)->16403K(16512K) Class: 2661K(2752K)->2661K(2752K)
[570.329s][info][gc             ] GC(2021) Pause Young (Allocation Failure) 657M->550M(861M) 53.467ms
[570.329s][info][gc,cpu         ] GC(2021) User=0.10s Sys=0.00s Real=0.06s
[570.505s][info][gc,start       ] GC(2022) Pause Young (Allocation Failure)
[570.573s][info][gc,heap        ] GC(2022) PSYoungGen: 177072K(214016K)->67056K(215552K) Eden: 127488K(127488K)->0K(125440K) From: 49584K(86528K)->67056K(90112K)
[570.573s][info][gc,heap        ] GC(2022) ParOldGen: 513687K(667648K)->513687K(667648K)
[570.573s][info][gc,metaspace   ] GC(2022) Metaspace: 19064K(19264K)->19064K(19264K) NonClass: 16403K(16512K)->16403K(16512K) Class: 2661K(2752K)->2661K(2752K)
[570.573s][info][gc             ] GC(2022) Pause Young (Allocation Failure) 674M->567M(862M) 68.605ms
[570.574s][info][gc,cpu         ] GC(2022) User=0.14s Sys=0.00s Real=0.07s
[570.696s][info][gc,start       ] GC(2023) Pause Young (Allocation Failure)
[570.773s][info][gc,heap        ] GC(2023) PSYoungGen: 192496K(215552K)->68544K(224256K) Eden: 125440K(125440K)->0K(125440K) From: 67056K(90112K)->68544K(98816K)
[570.773s][info][gc,heap        ] GC(2023) ParOldGen: 513687K(667648K)->513687K(667648K)
[570.773s][info][gc,metaspace   ] GC(2023) Metaspace: 19064K(19264K)->19064K(19264K) NonClass: 16403K(16512K)->16403K(16512K) Class: 2661K(2752K)->2661K(2752K)
[570.773s][info][gc             ] GC(2023) Pause Young (Allocation Failure) 689M->568M(871M) 77.648ms
[570.773s][info][gc,cpu         ] GC(2023) User=0.15s Sys=0.00s Real=0.08s
[570.925s][info][gc,start       ] GC(2024) Pause Young (Allocation Failure)
[571.004s][info][gc,heap        ] GC(2024) PSYoungGen: 193984K(224256K)->71952K(218112K) Eden: 125440K(125440K)->0K(111616K) From: 68544K(98816K)->71952K(106496K)
[571.004s][info][gc,heap        ] GC(2024) ParOldGen: 513687K(667648K)->513687K(667648K)
[571.004s][info][gc,metaspace   ] GC(2024) Metaspace: 19064K(19264K)->19064K(19264K) NonClass: 16403K(16512K)->16403K(16512K) Class: 2661K(2752K)->2661K(2752K)
[571.004s][info][gc             ] GC(2024) Pause Young (Allocation Failure) 691M->571M(865M) 78.863ms
[571.004s][info][gc,cpu         ] GC(2024) User=0.16s Sys=0.00s Real=0.08s
[571.111s][info][gc,start       ] GC(2025) Pause Young (Allocation Failure)
[571.183s][info][gc,heap        ] GC(2025) PSYoungGen: 183568K(218112K)->66976K(222720K) Eden: 111616K(111616K)->0K(111616K) From: 71952K(106496K)->66976K(111104K)
[571.183s][info][gc,heap        ] GC(2025) ParOldGen: 513687K(667648K)->518743K(667648K)
[571.183s][info][gc,metaspace   ] GC(2025) Metaspace: 19064K(19264K)->19064K(19264K) NonClass: 16403K(16512K)->16403K(16512K) Class: 2661K(2752K)->2661K(2752K)
[571.183s][info][gc             ] GC(2025) Pause Young (Allocation Failure) 680M->571M(869M) 71.687ms
[571.183s][info][gc,cpu         ] GC(2025) User=0.14s Sys=0.00s Real=0.07s
[571.359s][info][gc,start       ] GC(2026) Pause Young (Allocation Failure)
[571.439s][info][gc,heap        ] GC(2026) PSYoungGen: 178592K(222720K)->78369K(222720K) Eden: 111616K(111616K)->0K(111616K) From: 66976K(111104K)->78369K(111104K)
[571.439s][info][gc,heap        ] GC(2026) ParOldGen: 518743K(667648K)->522255K(667648K)
[571.439s][info][gc,metaspace   ] GC(2026) Metaspace: 19064K(19264K)->19064K(19264K) NonClass: 16403K(16512K)->16403K(16512K) Class: 2661K(2752K)->2661K(2752K)
[571.439s][info][gc             ] GC(2026) Pause Young (Allocation Failure) 680M->586M(869M) 80.340ms
[571.439s][info][gc,cpu         ] GC(2026) User=0.16s Sys=0.01s Real=0.08s
[571.608s][info][gc,start       ] GC(2027) Pause Young (Allocation Failure)
[571.696s][info][gc,heap        ] GC(2027) PSYoungGen: 189985K(222720K)->63504K(222720K) Eden: 111616K(111616K)->0K(111616K) From: 78369K(111104K)->63504K(111104K)
[571.696s][info][gc,heap        ] GC(2027) ParOldGen: 522255K(667648K)->545688K(667648K)
[571.696s][info][gc,metaspace   ] GC(2027) Metaspace: 19064K(19264K)->19064K(19264K) NonClass: 16403K(16512K)->16403K(16512K) Class: 2661K(2752K)->2661K(2752K)
[571.696s][info][gc             ] GC(2027) Pause Young (Allocation Failure) 695M->594M(869M) 88.076ms
[571.696s][info][gc,cpu         ] GC(2027) User=0.18s Sys=0.00s Real=0.08s
[572.051s][info][gc,start       ] GC(2028) Pause Young (Allocation Failure)
[572.116s][info][gc,heap        ] GC(2028) PSYoungGen: 175120K(222720K)->28496K(222720K) Eden: 111616K(111616K)->0K(111616K) From: 63504K(111104K)->28496K(111104K)
[572.116s][info][gc,heap        ] GC(2028) ParOldGen: 545688K(667648K)->580880K(667648K)
[572.116s][info][gc,metaspace   ] GC(2028) Metaspace: 19064K(19264K)->19064K(19264K) NonClass: 16403K(16512K)->16403K(16512K) Class: 2661K(2752K)->2661K(2752K)
[572.116s][info][gc             ] GC(2028) Pause Young (Allocation Failure) 703M->595M(869M) 65.177ms
[572.116s][info][gc,cpu         ] GC(2028) User=0.13s Sys=0.00s Real=0.06s
[572.401s][info][gc,start       ] GC(2029) Pause Young (Allocation Failure)
[572.432s][info][gc,heap        ] GC(2029) PSYoungGen: 140112K(222720K)->23616K(222720K) Eden: 111616K(111616K)->0K(111616K) From: 28496K(111104K)->23616K(111104K)
[572.432s][info][gc,heap        ] GC(2029) ParOldGen: 580880K(667648K)->585784K(667648K)
[572.432s][info][gc,metaspace   ] GC(2029) Metaspace: 19064K(19264K)->19064K(19264K) NonClass: 16403K(16512K)->16403K(16512K) Class: 2661K(2752K)->2661K(2752K)
[572.432s][info][gc             ] GC(2029) Pause Young (Allocation Failure) 704M->595M(869M) 30.453ms
[572.432s][info][gc,cpu         ] GC(2029) User=0.06s Sys=0.00s Real=0.03s
[572.709s][info][gc,start       ] GC(2030) Pause Young (Allocation Failure)
[572.735s][info][gc,heap        ] GC(2030) PSYoungGen: 135232K(222720K)->8608K(222720K) Eden: 111616K(111616K)->0K(111616K) From: 23616K(111104K)->8608K(111104K)
[572.735s][info][gc,heap        ] GC(2030) ParOldGen: 585784K(667648K)->600784K(667648K)
[572.735s][info][gc,metaspace   ] GC(2030) Metaspace: 19064K(19264K)->19064K(19264K) NonClass: 16403K(16512K)->16403K(16512K) Class: 2661K(2752K)->2661K(2752K)
[572.735s][info][gc             ] GC(2030) Pause Young (Allocation Failure) 704M->595M(869M) 26.072ms
[572.735s][info][gc,cpu         ] GC(2030) User=0.05s Sys=0.00s Real=0.02s
[573.005s][info][gc,start       ] GC(2031) Pause Young (Allocation Failure)
[573.016s][info][gc,heap        ] GC(2031) PSYoungGen: 120224K(222720K)->96K(222720K) Eden: 111616K(111616K)->0K(111616K) From: 8608K(111104K)->96K(111104K)
[573.016s][info][gc,heap        ] GC(2031) ParOldGen: 600784K(667648K)->609352K(667648K)
[573.016s][info][gc,metaspace   ] GC(2031) Metaspace: 19064K(19264K)->19064K(19264K) NonClass: 16403K(16512K)->16403K(16512K) Class: 2661K(2752K)->2661K(2752K)
[573.016s][info][gc             ] GC(2031) Pause Young (Allocation Failure) 704M->595M(869M) 10.674ms
[573.016s][info][gc,cpu         ] GC(2031) User=0.02s Sys=0.00s Real=0.01s
[573.290s][info][gc,start       ] GC(2032) Pause Young (Allocation Failure)
[573.293s][info][gc,heap        ] GC(2032) PSYoungGen: 111712K(222720K)->64K(220672K) Eden: 111616K(111616K)->0K(111616K) From: 96K(111104K)->64K(109056K)
[573.293s][info][gc,heap        ] GC(2032) ParOldGen: 609352K(667648K)->609416K(667648K)
[573.293s][info][gc,metaspace   ] GC(2032) Metaspace: 19064K(19264K)->19064K(19264K) NonClass: 16403K(16512K)->16403K(16512K) Class: 2661K(2752K)->2661K(2752K)
[573.293s][info][gc             ] GC(2032) Pause Young (Allocation Failure) 704M->595M(867M) 2.318ms
[573.293s][info][gc,cpu         ] GC(2032) User=0.00s Sys=0.00s Real=0.00s
[573.515s][info][gc,start       ] GC(2033) Pause Young (Allocation Failure)
[573.519s][info][gc,heap        ] GC(2033) PSYoungGen: 111680K(220672K)->2208K(221696K) Eden: 111616K(111616K)->0K(111616K) From: 64K(109056K)->2208K(110080K)
[573.519s][info][gc,heap        ] GC(2033) ParOldGen: 609416K(667648K)->609416K(667648K)
[573.519s][info][gc,metaspace   ] GC(2033) Metaspace: 19064K(19264K)->19064K(19264K) NonClass: 16403K(16512K)->16403K(16512K) Class: 2661K(2752K)->2661K(2752K)
[573.519s][info][gc             ] GC(2033) Pause Young (Allocation Failure) 704M->597M(868M) 4.237ms
[573.519s][info][gc,cpu         ] GC(2033) User=0.01s Sys=0.00s Real=0.01s
[573.650s][info][gc,start       ] GC(2034) Pause Young (Allocation Failure)
[573.673s][info][gc,heap        ] GC(2034) PSYoungGen: 113824K(221696K)->29392K(208896K) Eden: 111616K(111616K)->0K(115712K) From: 2208K(110080K)->29392K(93184K)
[573.673s][info][gc,heap        ] GC(2034) ParOldGen: 609416K(667648K)->609416K(667648K)
[573.673s][info][gc,metaspace   ] GC(2034) Metaspace: 19064K(19264K)->19064K(19264K) NonClass: 16403K(16512K)->16403K(16512K) Class: 2661K(2752K)->2661K(2752K)
[573.673s][info][gc             ] GC(2034) Pause Young (Allocation Failure) 706M->623M(856M) 23.090ms
[573.673s][info][gc,cpu         ] GC(2034) User=0.05s Sys=0.00s Real=0.02s
[573.748s][info][gc,start       ] GC(2035) Pause Young (Allocation Failure)
[573.797s][info][gc,heap        ] GC(2035) PSYoungGen: 145104K(208896K)->70496K(215552K) Eden: 115712K(115712K)->0K(115712K) From: 29392K(93184K)->70496K(99840K)
[573.797s][info][gc,heap        ] GC(2035) ParOldGen: 609416K(667648K)->609416K(667648K)
[573.797s][info][gc,metaspace   ] GC(2035) Metaspace: 19064K(19264K)->19064K(19264K) NonClass: 16403K(16512K)->16403K(16512K) Class: 2661K(2752K)->2661K(2752K)
[573.797s][info][gc             ] GC(2035) Pause Young (Allocation Failure) 736M->663M(862M) 49.031ms
[573.797s][info][gc,cpu         ] GC(2035) User=0.09s Sys=0.00s Real=0.05s
[573.982s][info][gc,start       ] GC(2036) Pause Young (Allocation Failure)
[574.033s][info][gc,heap        ] GC(2036) PSYoungGen: 186208K(215552K)->73376K(219648K) Eden: 115712K(115712K)->0K(111616K) From: 70496K(99840K)->73376K(108032K)
[574.033s][info][gc,heap        ] GC(2036) ParOldGen: 609416K(667648K)->609416K(667648K)
[574.034s][info][gc,metaspace   ] GC(2036) Metaspace: 19064K(19264K)->19064K(19264K) NonClass: 16403K(16512K)->16403K(16512K) Class: 2661K(2752K)->2661K(2752K)
[574.034s][info][gc             ] GC(2036) Pause Young (Allocation Failure) 776M->666M(866M) 51.061ms
[574.034s][info][gc,cpu         ] GC(2036) User=0.10s Sys=0.00s Real=0.05s
[574.273s][info][gc,start       ] GC(2037) Pause Young (Allocation Failure)
[574.372s][info][gc,heap        ] GC(2037) PSYoungGen: 184992K(219648K)->86886K(222720K) Eden: 111616K(111616K)->0K(111616K) From: 73376K(108032K)->86886K(111104K)
[574.372s][info][gc,heap        ] GC(2037) ParOldGen: 609416K(667648K)->609432K(667648K)
[574.372s][info][gc,metaspace   ] GC(2037) Metaspace: 19073K(19264K)->19073K(19264K) NonClass: 16412K(16512K)->16412K(16512K) Class: 2661K(2752K)->2661K(2752K)
[574.372s][info][gc             ] GC(2037) Pause Young (Allocation Failure) 775M->679M(869M) 99.213ms
[574.372s][info][gc,cpu         ] GC(2037) User=0.20s Sys=0.00s Real=0.10s
[574.579s][info][gc,start       ] GC(2038) Pause Young (Allocation Failure)
[574.664s][info][gc,heap        ] GC(2038) PSYoungGen: 198502K(222720K)->61952K(222720K) Eden: 111616K(111616K)->0K(111616K) From: 86886K(111104K)->61952K(111104K)
[574.664s][info][gc,heap        ] GC(2038) ParOldGen: 609432K(667648K)->639088K(667648K)
[574.664s][info][gc,metaspace   ] GC(2038) Metaspace: 19073K(19264K)->19073K(19264K) NonClass: 16412K(16512K)->16412K(16512K) Class: 2661K(2752K)->2661K(2752K)
[574.664s][info][gc             ] GC(2038) Pause Young (Allocation Failure) 788M->684M(869M) 84.643ms
[574.664s][info][gc,cpu         ] GC(2038) User=0.17s Sys=0.00s Real=0.08s
[574.868s][info][gc,start       ] GC(2039) Pause Full (Allocation Failure)
[574.868s][info][gc,phases,start] GC(2039) Marking Phase
[575.082s][info][gc,phases      ] GC(2039) Marking Phase 213.845ms
[575.082s][info][gc,phases,start] GC(2039) Summary Phase
[575.082s][info][gc,phases      ] GC(2039) Summary Phase 0.028ms
[575.082s][info][gc,phases,start] GC(2039) Forward
[575.178s][info][gc,phases      ] GC(2039) Forward 96.289ms
[575.178s][info][gc,phases,start] GC(2039) Adjust Pointers
[575.343s][info][gc,phases      ] GC(2039) Adjust Pointers 165.072ms
[575.343s][info][gc,phases,start] GC(2039) Compaction Phase
[575.444s][info][gc,phases      ] GC(2039) Compaction Phase 100.874ms
[575.453s][info][gc,phases,start] GC(2039) Post Compact
[575.456s][info][gc,phases      ] GC(2039) Post Compact 2.411ms
[575.459s][info][gc,heap        ] GC(2039) PSYoungGen: 173568K(222720K)->0K(222720K) Eden: 111616K(111616K)->0K(111616K) From: 61952K(111104K)->0K(111104K)
[575.459s][info][gc,heap        ] GC(2039) ParOldGen: 639088K(667648K)->296425K(631296K)
[575.459s][info][gc,metaspace   ] GC(2039) Metaspace: 19073K(19264K)->19073K(19264K) NonClass: 16412K(16512K)->16412K(16512K) Class: 2661K(2752K)->2661K(2752K)
[575.459s][info][gc             ] GC(2039) Pause Full (Allocation Failure) 793M->289M(834M) 591.035ms
[575.459s][info][gc,cpu         ] GC(2039) User=1.06s Sys=0.00s Real=0.59s
[575.626s][info][gc,start       ] GC(2040) Pause Young (Allocation Failure)
[575.634s][info][gc,heap        ] GC(2040) PSYoungGen: 111616K(222720K)->9200K(222720K) Eden: 111616K(111616K)->0K(111616K) From: 0K(111104K)->9200K(111104K)
[575.634s][info][gc,heap        ] GC(2040) ParOldGen: 296425K(631296K)->296425K(631296K)
[575.634s][info][gc,metaspace   ] GC(2040) Metaspace: 19073K(19264K)->19073K(19264K) NonClass: 16412K(16512K)->16412K(16512K) Class: 2661K(2752K)->2661K(2752K)
[575.634s][info][gc             ] GC(2040) Pause Young (Allocation Failure) 398M->298M(834M) 8.377ms
[575.634s][info][gc,cpu         ] GC(2040) User=0.02s Sys=0.00s Real=0.01s
[575.692s][info][gc,start       ] GC(2041) Pause Young (Allocation Failure)
[575.725s][info][gc,heap        ] GC(2041) PSYoungGen: 120816K(222720K)->45664K(222720K) Eden: 111616K(111616K)->0K(111616K) From: 9200K(111104K)->45664K(111104K)
[575.725s][info][gc,heap        ] GC(2041) ParOldGen: 296425K(631296K)->296425K(631296K)
[575.725s][info][gc,metaspace   ] GC(2041) Metaspace: 19073K(19264K)->19073K(19264K) NonClass: 16412K(16512K)->16412K(16512K) Class: 2661K(2752K)->2661K(2752K)
[575.725s][info][gc             ] GC(2041) Pause Young (Allocation Failure) 407M->334M(834M) 33.079ms
[575.725s][info][gc,cpu         ] GC(2041) User=0.07s Sys=0.00s Real=0.03s
[575.820s][info][gc,start       ] GC(2042) Pause Young (Allocation Failure)
[575.873s][info][gc,heap        ] GC(2042) PSYoungGen: 157280K(222720K)->33600K(221696K) Eden: 111616K(111616K)->0K(111616K) From: 45664K(111104K)->33600K(110080K)
[575.873s][info][gc,heap        ] GC(2042) ParOldGen: 296425K(631296K)->342402K(631296K)
[575.873s][info][gc,metaspace   ] GC(2042) Metaspace: 19073K(19264K)->19073K(19264K) NonClass: 16412K(16512K)->16412K(16512K) Class: 2661K(2752K)->2661K(2752K)
[575.873s][info][gc             ] GC(2042) Pause Young (Allocation Failure) 443M->367M(833M) 53.458ms
[575.873s][info][gc,cpu         ] GC(2042) User=0.11s Sys=0.00s Real=0.05s
[576.010s][info][gc,start       ] GC(2043) Pause Young (Allocation Failure)
[576.032s][info][gc,heap        ] GC(2043) PSYoungGen: 145216K(221696K)->33792K(145408K) Eden: 111616K(111616K)->0K(111616K) From: 33600K(110080K)->33792K(33792K)
[576.032s][info][gc,heap        ] GC(2043) ParOldGen: 342402K(631296K)->342402K(631296K)
[576.032s][info][gc,metaspace   ] GC(2043) Metaspace: 19073K(19264K)->19073K(19264K) NonClass: 16412K(16512K)->16412K(16512K) Class: 2661K(2752K)->2661K(2752K)
[576.032s][info][gc             ] GC(2043) Pause Young (Allocation Failure) 476M->367M(758M) 21.921ms
[576.032s][info][gc,cpu         ] GC(2043) User=0.04s Sys=0.00s Real=0.02s
[576.163s][info][gc,start       ] GC(2044) Pause Young (Allocation Failure)
[576.185s][info][gc,heap        ] GC(2044) PSYoungGen: 145408K(145408K)->33856K(218624K) Eden: 111616K(111616K)->0K(118784K) From: 33792K(33792K)->33856K(99840K)
[576.185s][info][gc,heap        ] GC(2044) ParOldGen: 342402K(631296K)->342402K(631296K)
[576.185s][info][gc,metaspace   ] GC(2044) Metaspace: 19073K(19264K)->19073K(19264K) NonClass: 16412K(16512K)->16412K(16512K) Class: 2661K(2752K)->2661K(2752K)
[576.185s][info][gc             ] GC(2044) Pause Young (Allocation Failure) 476M->367M(830M) 22.043ms
[576.185s][info][gc,cpu         ] GC(2044) User=0.04s Sys=0.00s Real=0.02s
[576.314s][info][gc,start       ] GC(2045) Pause Young (Allocation Failure)
[576.338s][info][gc,heap        ] GC(2045) PSYoungGen: 152640K(218624K)->33984K(217600K) Eden: 118784K(118784K)->0K(118784K) From: 33856K(99840K)->33984K(98816K)
[576.339s][info][gc,heap        ] GC(2045) ParOldGen: 342402K(631296K)->342402K(631296K)
[576.339s][info][gc,metaspace   ] GC(2045) Metaspace: 19073K(19264K)->19073K(19264K) NonClass: 16412K(16512K)->16412K(16512K) Class: 2661K(2752K)->2661K(2752K)
[576.339s][info][gc             ] GC(2045) Pause Young (Allocation Failure) 483M->367M(829M) 24.301ms
[576.339s][info][gc,cpu         ] GC(2045) User=0.05s Sys=0.00s Real=0.03s
[576.470s][info][gc,start       ] GC(2046) Pause Young (Allocation Failure)
[576.492s][info][gc,heap        ] GC(2046) PSYoungGen: 152768K(217600K)->34080K(211456K) Eden: 118784K(118784K)->0K(126976K) From: 33984K(98816K)->34080K(84480K)
[576.492s][info][gc,heap        ] GC(2046) ParOldGen: 342402K(631296K)->342402K(631296K)
[576.492s][info][gc,metaspace   ] GC(2046) Metaspace: 19073K(19264K)->19073K(19264K) NonClass: 16412K(16512K)->16412K(16512K) Class: 2661K(2752K)->2661K(2752K)
[576.493s][info][gc             ] GC(2046) Pause Young (Allocation Failure) 483M->367M(823M) 22.829ms
[576.493s][info][gc,cpu         ] GC(2046) User=0.04s Sys=0.00s Real=0.02s
[576.634s][info][gc,start       ] GC(2047) Pause Young (Allocation Failure)
[576.657s][info][gc,heap        ] GC(2047) PSYoungGen: 161056K(211456K)->34176K(216064K) Eden: 126976K(126976K)->0K(126976K) From: 34080K(84480K)->34176K(89088K)
[576.658s][info][gc,heap        ] GC(2047) ParOldGen: 342402K(631296K)->342402K(631296K)
[576.658s][info][gc,metaspace   ] GC(2047) Metaspace: 19073K(19264K)->19073K(19264K) NonClass: 16412K(16512K)->16412K(16512K) Class: 2661K(2752K)->2661K(2752K)
[576.658s][info][gc             ] GC(2047) Pause Young (Allocation Failure) 491M->367M(827M) 23.990ms
[576.658s][info][gc,cpu         ] GC(2047) User=0.05s Sys=0.00s Real=0.03s
[576.797s][info][gc,start       ] GC(2048) Pause Young (Allocation Failure)
[576.821s][info][gc,heap        ] GC(2048) PSYoungGen: 161152K(216064K)->34240K(211968K) Eden: 126976K(126976K)->0K(135168K) From: 34176K(89088K)->34240K(76800K)
[576.821s][info][gc,heap        ] GC(2048) ParOldGen: 342402K(631296K)->342402K(631296K)
[576.821s][info][gc,metaspace   ] GC(2048) Metaspace: 19073K(19264K)->19073K(19264K) NonClass: 16412K(16512K)->16412K(16512K) Class: 2661K(2752K)->2661K(2752K)
[576.821s][info][gc             ] GC(2048) Pause Young (Allocation Failure) 491M->367M(823M) 24.766ms
[576.821s][info][gc,cpu         ] GC(2048) User=0.04s Sys=0.00s Real=0.02s
[576.966s][info][gc,start       ] GC(2049) Pause Young (Allocation Failure)
[576.990s][info][gc,heap        ] GC(2049) PSYoungGen: 169408K(211968K)->34368K(216064K) Eden: 135168K(135168K)->0K(135168K) From: 34240K(76800K)->34368K(80896K)
[576.991s][info][gc,heap        ] GC(2049) ParOldGen: 342402K(631296K)->342402K(631296K)
[576.991s][info][gc,metaspace   ] GC(2049) Metaspace: 19073K(19264K)->19073K(19264K) NonClass: 16412K(16512K)->16412K(16512K) Class: 2661K(2752K)->2661K(2752K)
[576.991s][info][gc             ] GC(2049) Pause Young (Allocation Failure) 499M->367M(827M) 24.608ms
[576.991s][info][gc,cpu         ] GC(2049) User=0.05s Sys=0.00s Real=0.03s
[577.135s][info][gc,start       ] GC(2050) Pause Young (Allocation Failure)
[577.161s][info][gc,heap        ] GC(2050) PSYoungGen: 169536K(216064K)->34432K(212992K) Eden: 135168K(135168K)->0K(143360K) From: 34368K(80896K)->34432K(69632K)
[577.161s][info][gc,heap        ] GC(2050) ParOldGen: 342402K(631296K)->342402K(631296K)
[577.161s][info][gc,metaspace   ] GC(2050) Metaspace: 19073K(19264K)->19073K(19264K) NonClass: 16412K(16512K)->16412K(16512K) Class: 2661K(2752K)->2661K(2752K)
[577.161s][info][gc             ] GC(2050) Pause Young (Allocation Failure) 499M->368M(824M) 25.226ms
[577.161s][info][gc,cpu         ] GC(2050) User=0.04s Sys=0.00s Real=0.03s
[577.331s][info][gc,start       ] GC(2051) Pause Young (Allocation Failure)
[577.364s][info][gc,heap        ] GC(2051) PSYoungGen: 177792K(212992K)->37792K(216576K) Eden: 143360K(143360K)->0K(143360K) From: 34432K(69632K)->37792K(73216K)
[577.364s][info][gc,heap        ] GC(2051) ParOldGen: 342402K(631296K)->342402K(631296K)
[577.364s][info][gc,metaspace   ] GC(2051) Metaspace: 19074K(19264K)->19074K(19264K) NonClass: 16413K(16512K)->16413K(16512K) Class: 2661K(2752K)->2661K(2752K)
[577.364s][info][gc             ] GC(2051) Pause Young (Allocation Failure) 508M->371M(828M) 33.165ms
[577.364s][info][gc,cpu         ] GC(2051) User=0.07s Sys=0.00s Real=0.03s
[577.538s][info][gc,start       ] GC(2052) Pause Young (Allocation Failure)
[577.609s][info][gc,heap        ] GC(2052) PSYoungGen: 181152K(216576K)->65195K(215040K) Eden: 143360K(143360K)->0K(144896K) From: 37792K(73216K)->65195K(70144K)
[577.609s][info][gc,heap        ] GC(2052) ParOldGen: 342402K(631296K)->342402K(631296K)
[577.609s][info][gc,metaspace   ] GC(2052) Metaspace: 19074K(19264K)->19074K(19264K) NonClass: 16413K(16512K)->16413K(16512K) Class: 2661K(2752K)->2661K(2752K)
[577.609s][info][gc             ] GC(2052) Pause Young (Allocation Failure) 511M->398M(826M) 70.845ms
[577.609s][info][gc,cpu         ] GC(2052) User=0.14s Sys=0.00s Real=0.07s
[577.762s][info][gc,start       ] GC(2053) Pause Young (Allocation Failure)
[577.861s][info][gc,heap        ] GC(2053) PSYoungGen: 210091K(215040K)->77291K(222208K) Eden: 144896K(144896K)->0K(144896K) From: 65195K(70144K)->77291K(77312K)
[577.861s][info][gc,heap        ] GC(2053) ParOldGen: 342402K(631296K)->350090K(631296K)
[577.861s][info][gc,metaspace   ] GC(2053) Metaspace: 19074K(19264K)->19074K(19264K) NonClass: 16413K(16512K)->16413K(16512K) Class: 2661K(2752K)->2661K(2752K)
[577.861s][info][gc             ] GC(2053) Pause Young (Allocation Failure) 539M->417M(833M) 99.233ms
[577.861s][info][gc,cpu         ] GC(2053) User=0.19s Sys=0.00s Real=0.10s
[577.975s][info][gc,start       ] GC(2054) Pause Young (Allocation Failure)
[578.069s][info][gc,heap        ] GC(2054) PSYoungGen: 222187K(222208K)->47691K(244736K) Eden: 144896K(144896K)->0K(156672K) From: 77291K(77312K)->47691K(88064K)
[578.069s][info][gc,heap        ] GC(2054) ParOldGen: 350090K(631296K)->384093K(631296K)
[578.069s][info][gc,metaspace   ] GC(2054) Metaspace: 19074K(19264K)->19074K(19264K) NonClass: 16413K(16512K)->16413K(16512K) Class: 2661K(2752K)->2661K(2752K)
[578.069s][info][gc             ] GC(2054) Pause Young (Allocation Failure) 558M->421M(855M) 94.775ms
[578.069s][info][gc,cpu         ] GC(2054) User=0.18s Sys=0.00s Real=0.10s
[578.218s][info][gc,start       ] GC(2055) Pause Young (Allocation Failure)
[578.278s][info][gc,heap        ] GC(2055) PSYoungGen: 204363K(244736K)->48843K(205824K) Eden: 156672K(156672K)->0K(156672K) From: 47691K(88064K)->48843K(49152K)
[578.278s][info][gc,heap        ] GC(2055) ParOldGen: 384093K(631296K)->384093K(631296K)
[578.278s][info][gc,metaspace   ] GC(2055) Metaspace: 19074K(19264K)->19074K(19264K) NonClass: 16413K(16512K)->16413K(16512K) Class: 2661K(2752K)->2661K(2752K)
[578.278s][info][gc             ] GC(2055) Pause Young (Allocation Failure) 574M->422M(817M) 60.444ms
[578.278s][info][gc,cpu         ] GC(2055) User=0.12s Sys=0.00s Real=0.06s
[578.420s][info][gc,start       ] GC(2056) Pause Young (Allocation Failure)
[578.485s][info][gc,heap        ] GC(2056) PSYoungGen: 205515K(205824K)->52267K(244736K) Eden: 156672K(156672K)->0K(160256K) From: 48843K(49152K)->52267K(84480K)
[578.485s][info][gc,heap        ] GC(2056) ParOldGen: 384093K(631296K)->384093K(631296K)
[578.485s][info][gc,metaspace   ] GC(2056) Metaspace: 19074K(19264K)->19074K(19264K) NonClass: 16413K(16512K)->16413K(16512K) Class: 2661K(2752K)->2661K(2752K)
[578.485s][info][gc             ] GC(2056) Pause Young (Allocation Failure) 575M->426M(855M) 64.590ms
[578.485s][info][gc,cpu         ] GC(2056) User=0.12s Sys=0.01s Real=0.06s
[578.668s][info][gc,start       ] GC(2057) Pause Young (Allocation Failure)
[578.743s][info][gc,heap        ] GC(2057) PSYoungGen: 212523K(244736K)->61099K(243200K) Eden: 160256K(160256K)->0K(160256K) From: 52267K(84480K)->61099K(82944K)
[578.744s][info][gc,heap        ] GC(2057) ParOldGen: 384093K(631296K)->384093K(631296K)
[578.744s][info][gc,metaspace   ] GC(2057) Metaspace: 19074K(19264K)->19074K(19264K) NonClass: 16413K(16512K)->16413K(16512K) Class: 2661K(2752K)->2661K(2752K)
[578.744s][info][gc             ] GC(2057) Pause Young (Allocation Failure) 582M->434M(854M) 75.752ms
[578.744s][info][gc,cpu         ] GC(2057) User=0.15s Sys=0.00s Real=0.07s
[578.938s][info][gc,start       ] GC(2058) Pause Young (Allocation Failure)
[579.042s][info][gc,heap        ] GC(2058) PSYoungGen: 221355K(243200K)->75787K(235520K) Eden: 160256K(160256K)->0K(150528K) From: 61099K(82944K)->75787K(84992K)
[579.043s][info][gc,heap        ] GC(2058) ParOldGen: 384093K(631296K)->384093K(631296K)
[579.043s][info][gc,metaspace   ] GC(2058) Metaspace: 19074K(19264K)->19074K(19264K) NonClass: 16413K(16512K)->16413K(16512K) Class: 2661K(2752K)->2661K(2752K)
[579.043s][info][gc             ] GC(2058) Pause Young (Allocation Failure) 591M->449M(846M) 104.291ms
[579.043s][info][gc,cpu         ] GC(2058) User=0.19s Sys=0.02s Real=0.10s
[579.365s][info][gc,start       ] GC(2059) Pause Young (Allocation Failure)
[579.449s][info][gc,heap        ] GC(2059) PSYoungGen: 226315K(235520K)->75772K(226304K) Eden: 150528K(150528K)->0K(150528K) From: 75787K(84992K)->75772K(75776K)
[579.449s][info][gc,heap        ] GC(2059) ParOldGen: 384093K(631296K)->384165K(631296K)
[579.449s][info][gc,metaspace   ] GC(2059) Metaspace: 19074K(19264K)->19074K(19264K) NonClass: 16413K(16512K)->16413K(16512K) Class: 2661K(2752K)->2661K(2752K)
[579.449s][info][gc             ] GC(2059) Pause Young (Allocation Failure) 596M->449M(837M) 84.001ms
[579.449s][info][gc,cpu         ] GC(2059) User=0.16s Sys=0.00s Real=0.09s
[579.675s][info][gc,start       ] GC(2060) Pause Young (Allocation Failure)
[579.775s][info][gc,heap        ] GC(2060) PSYoungGen: 226300K(226304K)->84683K(222208K) Eden: 150528K(150528K)->0K(124928K) From: 75772K(75776K)->84683K(97280K)
[579.775s][info][gc,heap        ] GC(2060) ParOldGen: 384165K(631296K)->384293K(631296K)
[579.775s][info][gc,metaspace   ] GC(2060) Metaspace: 19074K(19264K)->19074K(19264K) NonClass: 16413K(16512K)->16413K(16512K) Class: 2661K(2752K)->2661K(2752K)
[579.775s][info][gc             ] GC(2060) Pause Young (Allocation Failure) 596M->457M(833M) 100.058ms
[579.775s][info][gc,cpu         ] GC(2060) User=0.20s Sys=0.00s Real=0.10s
[579.929s][info][gc,start       ] GC(2061) Pause Young (Allocation Failure)
[580.052s][info][gc,heap        ] GC(2061) PSYoungGen: 209611K(222208K)->104416K(229376K) Eden: 124928K(124928K)->0K(124928K) From: 84683K(97280K)->104416K(104448K)
[580.052s][info][gc,heap        ] GC(2061) ParOldGen: 384293K(631296K)->389417K(631296K)
[580.052s][info][gc,metaspace   ] GC(2061) Metaspace: 19074K(19264K)->19074K(19264K) NonClass: 16413K(16512K)->16413K(16512K) Class: 2661K(2752K)->2661K(2752K)
[580.052s][info][gc             ] GC(2061) Pause Young (Allocation Failure) 579M->482M(840M) 123.826ms
[580.052s][info][gc,cpu         ] GC(2061) User=0.24s Sys=0.00s Real=0.12s
[580.179s][info][gc,start       ] GC(2062) Pause Young (Allocation Failure)
[580.310s][info][gc,heap        ] GC(2062) PSYoungGen: 229344K(229376K)->104448K(216064K) Eden: 124928K(124928K)->0K(111616K) From: 104416K(104448K)->104448K(104448K)
[580.310s][info][gc,heap        ] GC(2062) ParOldGen: 389417K(631296K)->396577K(631296K)
[580.310s][info][gc,metaspace   ] GC(2062) Metaspace: 19074K(19264K)->19074K(19264K) NonClass: 16413K(16512K)->16413K(16512K) Class: 2661K(2752K)->2661K(2752K)
[580.310s][info][gc             ] GC(2062) Pause Young (Allocation Failure) 604M->489M(827M) 131.507ms
[580.310s][info][gc,cpu         ] GC(2062) User=0.25s Sys=0.01s Real=0.13s
[580.430s][info][gc,start       ] GC(2063) Pause Young (Allocation Failure)
[580.553s][info][gc,heap        ] GC(2063) PSYoungGen: 216064K(216064K)->105056K(222720K) Eden: 111616K(111616K)->0K(111616K) From: 104448K(104448K)->105056K(111104K)
[580.553s][info][gc,heap        ] GC(2063) ParOldGen: 396577K(631296K)->396585K(631296K)
[580.553s][info][gc,metaspace   ] GC(2063) Metaspace: 19074K(19264K)->19074K(19264K) NonClass: 16413K(16512K)->16413K(16512K) Class: 2661K(2752K)->2661K(2752K)
[580.553s][info][gc             ] GC(2063) Pause Young (Allocation Failure) 598M->489M(834M) 123.495ms
[580.553s][info][gc,cpu         ] GC(2063) User=0.25s Sys=0.00s Real=0.12s
[580.685s][info][gc,start       ] GC(2064) Pause Young (Allocation Failure)
[580.805s][info][gc,heap        ] GC(2064) PSYoungGen: 216672K(222720K)->90928K(222720K) Eden: 111616K(111616K)->0K(111616K) From: 105056K(111104K)->90928K(111104K)
[580.805s][info][gc,heap        ] GC(2064) ParOldGen: 396585K(631296K)->416825K(631296K)
[580.805s][info][gc,metaspace   ] GC(2064) Metaspace: 19074K(19264K)->19074K(19264K) NonClass: 16413K(16512K)->16413K(16512K) Class: 2661K(2752K)->2661K(2752K)
[580.805s][info][gc             ] GC(2064) Pause Young (Allocation Failure) 598M->495M(834M) 120.691ms
[580.806s][info][gc,cpu         ] GC(2064) User=0.24s Sys=0.00s Real=0.12s
[580.923s][info][gc,start       ] GC(2065) Pause Young (Allocation Failure)
[581.013s][info][gc,heap        ] GC(2065) PSYoungGen: 202544K(222720K)->67104K(222720K) Eden: 111616K(111616K)->0K(111616K) From: 90928K(111104K)->67104K(111104K)
[581.013s][info][gc,heap        ] GC(2065) ParOldGen: 416825K(631296K)->440745K(631296K)
[581.013s][info][gc,metaspace   ] GC(2065) Metaspace: 19074K(19264K)->19074K(19264K) NonClass: 16413K(16512K)->16413K(16512K) Class: 2661K(2752K)->2661K(2752K)
[581.013s][info][gc             ] GC(2065) Pause Young (Allocation Failure) 604M->495M(834M) 90.493ms
[581.013s][info][gc,cpu         ] GC(2065) User=0.18s Sys=0.00s Real=0.09s
[581.086s][info][gc,start       ] GC(2066) Pause Young (Allocation Failure)
[581.152s][info][gc,heap        ] GC(2066) PSYoungGen: 178720K(222720K)->62544K(222720K) Eden: 111616K(111616K)->0K(111616K) From: 67104K(111104K)->62544K(111104K)
[581.152s][info][gc,heap        ] GC(2066) ParOldGen: 440745K(631296K)->445329K(631296K)
[581.152s][info][gc,metaspace   ] GC(2066) Metaspace: 19074K(19264K)->19074K(19264K) NonClass: 16413K(16512K)->16413K(16512K) Class: 2661K(2752K)->2661K(2752K)
[581.152s][info][gc             ] GC(2066) Pause Young (Allocation Failure) 604M->495M(834M) 66.609ms
[581.152s][info][gc,cpu         ] GC(2066) User=0.13s Sys=0.00s Real=0.07s
[581.327s][info][gc,start       ] GC(2067) Pause Young (Allocation Failure)
[581.398s][info][gc,heap        ] GC(2067) PSYoungGen: 174160K(222720K)->47584K(222720K) Eden: 111616K(111616K)->0K(111616K) From: 62544K(111104K)->47584K(111104K)
[581.398s][info][gc,heap        ] GC(2067) ParOldGen: 445329K(631296K)->468905K(631296K)
[581.398s][info][gc,metaspace   ] GC(2067) Metaspace: 19074K(19264K)->19074K(19264K) NonClass: 16413K(16512K)->16413K(16512K) Class: 2661K(2752K)->2661K(2752K)
[581.398s][info][gc             ] GC(2067) Pause Young (Allocation Failure) 604M->504M(834M) 70.741ms
[581.398s][info][gc,cpu         ] GC(2067) User=0.14s Sys=0.00s Real=0.07s
[581.551s][info][gc,start       ] GC(2068) Pause Young (Allocation Failure)
[581.605s][info][gc,heap        ] GC(2068) PSYoungGen: 159200K(222720K)->48192K(222720K) Eden: 111616K(111616K)->0K(111616K) From: 47584K(111104K)->48192K(111104K)
[581.605s][info][gc,heap        ] GC(2068) ParOldGen: 468905K(631296K)->475089K(631296K)
[581.605s][info][gc,metaspace   ] GC(2068) Metaspace: 19074K(19264K)->19074K(19264K) NonClass: 16413K(16512K)->16413K(16512K) Class: 2661K(2752K)->2661K(2752K)
[581.605s][info][gc             ] GC(2068) Pause Young (Allocation Failure) 613M->511M(834M) 54.076ms
[581.605s][info][gc,cpu         ] GC(2068) User=0.10s Sys=0.00s Real=0.05s
[581.962s][info][gc,start       ] GC(2069) Pause Young (Allocation Failure)
[582.011s][info][gc,heap        ] GC(2069) PSYoungGen: 159808K(222720K)->22112K(222720K) Eden: 111616K(111616K)->0K(111616K) From: 48192K(111104K)->22112K(111104K)
[582.011s][info][gc,heap        ] GC(2069) ParOldGen: 475089K(631296K)->501305K(631296K)
[582.011s][info][gc,metaspace   ] GC(2069) Metaspace: 19074K(19264K)->19074K(19264K) NonClass: 16413K(16512K)->16413K(16512K) Class: 2661K(2752K)->2661K(2752K)
[582.011s][info][gc             ] GC(2069) Pause Young (Allocation Failure) 620M->511M(834M) 49.624ms
[582.011s][info][gc,cpu         ] GC(2069) User=0.10s Sys=0.00s Real=0.05s
[582.275s][info][gc,start       ] GC(2070) Pause Young (Allocation Failure)
[582.301s][info][gc,heap        ] GC(2070) PSYoungGen: 133728K(222720K)->15616K(222720K) Eden: 111616K(111616K)->0K(111616K) From: 22112K(111104K)->15616K(111104K)
[582.301s][info][gc,heap        ] GC(2070) ParOldGen: 501305K(631296K)->507969K(631296K)
[582.301s][info][gc,metaspace   ] GC(2070) Metaspace: 19074K(19264K)->19074K(19264K) NonClass: 16413K(16512K)->16413K(16512K) Class: 2661K(2752K)->2661K(2752K)
[582.301s][info][gc             ] GC(2070) Pause Young (Allocation Failure) 620M->511M(834M) 25.692ms
[582.301s][info][gc,cpu         ] GC(2070) User=0.05s Sys=0.00s Real=0.03s
[582.551s][info][gc,start       ] GC(2071) Pause Young (Allocation Failure)
[582.569s][info][gc,heap        ] GC(2071) PSYoungGen: 127232K(222720K)->15616K(222720K) Eden: 111616K(111616K)->0K(111616K) From: 15616K(111104K)->15616K(111104K)
[582.569s][info][gc,heap        ] GC(2071) ParOldGen: 507969K(631296K)->508009K(631296K)
[582.569s][info][gc,metaspace   ] GC(2071) Metaspace: 19074K(19264K)->19074K(19264K) NonClass: 16413K(16512K)->16413K(16512K) Class: 2661K(2752K)->2661K(2752K)
[582.569s][info][gc             ] GC(2071) Pause Young (Allocation Failure) 620M->511M(834M) 17.474ms
[582.569s][info][gc,cpu         ] GC(2071) User=0.04s Sys=0.00s Real=0.02s
[582.801s][info][gc,start       ] GC(2072) Pause Young (Allocation Failure)
[582.819s][info][gc,heap        ] GC(2072) PSYoungGen: 127232K(222720K)->432K(222720K) Eden: 111616K(111616K)->0K(111616K) From: 15616K(111104K)->432K(111104K)
[582.819s][info][gc,heap        ] GC(2072) ParOldGen: 508009K(631296K)->523369K(631296K)
[582.819s][info][gc,metaspace   ] GC(2072) Metaspace: 19074K(19264K)->19074K(19264K) NonClass: 16413K(16512K)->16413K(16512K) Class: 2661K(2752K)->2661K(2752K)
[582.819s][info][gc             ] GC(2072) Pause Young (Allocation Failure) 620M->511M(834M) 18.576ms
[582.819s][info][gc,cpu         ] GC(2072) User=0.03s Sys=0.00s Real=0.02s
[583.004s][info][gc,start       ] GC(2073) Pause Young (Allocation Failure)
[583.021s][info][gc,heap        ] GC(2073) PSYoungGen: 112048K(222720K)->19440K(222720K) Eden: 111616K(111616K)->0K(111616K) From: 432K(111104K)->19440K(111104K)
[583.021s][info][gc,heap        ] GC(2073) ParOldGen: 523369K(631296K)->523602K(631296K)
[583.021s][info][gc,metaspace   ] GC(2073) Metaspace: 19074K(19264K)->19074K(19264K) NonClass: 16413K(16512K)->16413K(16512K) Class: 2661K(2752K)->2661K(2752K)
[583.021s][info][gc             ] GC(2073) Pause Young (Allocation Failure) 620M->530M(834M) 17.393ms
[583.021s][info][gc,cpu         ] GC(2073) User=0.03s Sys=0.00s Real=0.02s
[583.082s][info][gc,start       ] GC(2074) Pause Young (Allocation Failure)
[583.127s][info][gc,heap        ] GC(2074) PSYoungGen: 131056K(222720K)->61568K(222720K) Eden: 111616K(111616K)->0K(111616K) From: 19440K(111104K)->61568K(111104K)
[583.128s][info][gc,heap        ] GC(2074) ParOldGen: 523602K(631296K)->523794K(631296K)
[583.128s][info][gc,metaspace   ] GC(2074) Metaspace: 19074K(19264K)->19074K(19264K) NonClass: 16413K(16512K)->16413K(16512K) Class: 2661K(2752K)->2661K(2752K)
[583.128s][info][gc             ] GC(2074) Pause Young (Allocation Failure) 639M->571M(834M) 45.155ms
[583.128s][info][gc,cpu         ] GC(2074) User=0.09s Sys=0.00s Real=0.05s
[583.192s][info][gc,start       ] GC(2075) Pause Young (Allocation Failure)
[583.263s][info][gc,heap        ] GC(2075) PSYoungGen: 173184K(222720K)->42720K(222720K) Eden: 111616K(111616K)->0K(111616K) From: 61568K(111104K)->42720K(111104K)
[583.264s][info][gc,heap        ] GC(2075) ParOldGen: 523794K(631296K)->586050K(631296K)
[583.264s][info][gc,metaspace   ] GC(2075) Metaspace: 19074K(19264K)->19074K(19264K) NonClass: 16413K(16512K)->16413K(16512K) Class: 2661K(2752K)->2661K(2752K)
[583.264s][info][gc             ] GC(2075) Pause Young (Allocation Failure) 680M->614M(834M) 71.896ms
[583.264s][info][gc,cpu         ] GC(2075) User=0.14s Sys=0.00s Real=0.07s
[583.376s][info][gc,start       ] GC(2076) Pause Young (Allocation Failure)
[583.429s][info][gc,heap        ] GC(2076) PSYoungGen: 154336K(222720K)->34656K(222720K) Eden: 111616K(111616K)->0K(111616K) From: 42720K(111104K)->34656K(111104K)
[583.429s][info][gc,heap        ] GC(2076) ParOldGen: 586050K(631296K)->629279K(631296K)
[583.429s][info][gc,metaspace   ] GC(2076) Metaspace: 19074K(19264K)->19074K(19264K) NonClass: 16413K(16512K)->16413K(16512K) Class: 2661K(2752K)->2661K(2752K)
[583.429s][info][gc             ] GC(2076) Pause Young (Allocation Failure) 723M->648M(834M) 53.025ms
[583.429s][info][gc,cpu         ] GC(2076) User=0.10s Sys=0.00s Real=0.05s
[583.593s][info][gc,start       ] GC(2077) Pause Full (Allocation Failure)
[583.593s][info][gc,phases,start] GC(2077) Marking Phase
[583.955s][info][gc,phases      ] GC(2077) Marking Phase 361.491ms
[583.955s][info][gc,phases,start] GC(2077) Summary Phase
[583.955s][info][gc,phases      ] GC(2077) Summary Phase 0.026ms
[583.955s][info][gc,phases,start] GC(2077) Forward
[584.100s][info][gc,phases      ] GC(2077) Forward 145.426ms
[584.100s][info][gc,phases,start] GC(2077) Adjust Pointers
[584.370s][info][gc,phases      ] GC(2077) Adjust Pointers 270.015ms
[584.370s][info][gc,phases,start] GC(2077) Compaction Phase
[584.549s][info][gc,phases      ] GC(2077) Compaction Phase 178.760ms
[584.558s][info][gc,phases,start] GC(2077) Post Compact
[584.560s][info][gc,phases      ] GC(2077) Post Compact 2.205ms
[584.560s][info][gc,heap        ] GC(2077) PSYoungGen: 146272K(222720K)->0K(222720K) Eden: 111616K(111616K)->0K(111616K) From: 34656K(111104K)->0K(111104K)
[584.560s][info][gc,heap        ] GC(2077) ParOldGen: 629279K(631296K)->541191K(667648K)
[584.560s][info][gc,metaspace   ] GC(2077) Metaspace: 19074K(19264K)->19074K(19264K) NonClass: 16413K(16512K)->16413K(16512K) Class: 2661K(2752K)->2661K(2752K)
[584.560s][info][gc             ] GC(2077) Pause Full (Allocation Failure) 757M->528M(869M) 967.104ms
[584.560s][info][gc,cpu         ] GC(2077) User=1.81s Sys=0.00s Real=0.97s
[584.719s][info][gc,start       ] GC(2078) Pause Young (Allocation Failure)
[584.746s][info][gc,heap        ] GC(2078) PSYoungGen: 111616K(222720K)->27232K(218624K) Eden: 111616K(111616K)->0K(111616K) From: 0K(111104K)->27232K(107008K)
[584.746s][info][gc,heap        ] GC(2078) ParOldGen: 541191K(667648K)->541191K(667648K)
[584.746s][info][gc,metaspace   ] GC(2078) Metaspace: 19074K(19264K)->19074K(19264K) NonClass: 16413K(16512K)->16413K(16512K) Class: 2661K(2752K)->2661K(2752K)
[584.746s][info][gc             ] GC(2078) Pause Young (Allocation Failure) 637M->555M(865M) 27.219ms
[584.746s][info][gc,cpu         ] GC(2078) User=0.05s Sys=0.00s Real=0.03s
[584.841s][info][gc,start       ] GC(2079) Pause Young (Allocation Failure)
[584.892s][info][gc,heap        ] GC(2079) PSYoungGen: 138848K(218624K)->42976K(154624K) Eden: 111616K(111616K)->0K(111616K) From: 27232K(107008K)->42976K(43008K)
[584.892s][info][gc,heap        ] GC(2079) ParOldGen: 541191K(667648K)->541191K(667648K)
[584.892s][info][gc,metaspace   ] GC(2079) Metaspace: 19074K(19264K)->19074K(19264K) NonClass: 16413K(16512K)->16413K(16512K) Class: 2661K(2752K)->2661K(2752K)
[584.892s][info][gc             ] GC(2079) Pause Young (Allocation Failure) 664M->570M(803M) 51.318ms
[584.892s][info][gc,cpu         ] GC(2079) User=0.10s Sys=0.00s Real=0.05s
[585.002s][info][gc,start       ] GC(2080) Pause Young (Allocation Failure)
[585.068s][info][gc,heap        ] GC(2080) PSYoungGen: 154592K(154624K)->43840K(219136K) Eden: 111616K(111616K)->0K(122880K) From: 42976K(43008K)->43840K(96256K)
[585.068s][info][gc,heap        ] GC(2080) ParOldGen: 541191K(667648K)->541191K(667648K)
[585.068s][info][gc,metaspace   ] GC(2080) Metaspace: 19074K(19264K)->19074K(19264K) NonClass: 16413K(16512K)->16413K(16512K) Class: 2661K(2752K)->2661K(2752K)
[585.068s][info][gc             ] GC(2080) Pause Young (Allocation Failure) 679M->571M(866M) 65.431ms
[585.068s][info][gc,cpu         ] GC(2080) User=0.13s Sys=0.00s Real=0.07s
[585.246s][info][gc,start       ] GC(2081) Pause Young (Allocation Failure)
[585.347s][info][gc,heap        ] GC(2081) PSYoungGen: 166720K(219136K)->43766K(219648K) Eden: 122880K(122880K)->0K(122880K) From: 43840K(96256K)->43766K(96768K)
[585.347s][info][gc,heap        ] GC(2081) ParOldGen: 541191K(667648K)->568603K(667648K)
[585.347s][info][gc,metaspace   ] GC(2081) Metaspace: 19074K(19264K)->19074K(19264K) NonClass: 16413K(16512K)->16413K(16512K) Class: 2661K(2752K)->2661K(2752K)
[585.347s][info][gc             ] GC(2081) Pause Young (Allocation Failure) 691M->598M(866M) 100.862ms
[585.347s][info][gc,cpu         ] GC(2081) User=0.20s Sys=0.00s Real=0.10s
[585.520s][info][gc,start       ] GC(2082) Pause Young (Allocation Failure)
[585.597s][info][gc,heap        ] GC(2082) PSYoungGen: 166646K(219648K)->28003K(222720K) Eden: 122880K(122880K)->0K(135168K) From: 43766K(96768K)->28003K(87552K)
[585.597s][info][gc,heap        ] GC(2082) ParOldGen: 568603K(667648K)->584427K(667648K)
[585.597s][info][gc,metaspace   ] GC(2082) Metaspace: 19074K(19264K)->19074K(19264K) NonClass: 16413K(16512K)->16413K(16512K) Class: 2661K(2752K)->2661K(2752K)
[585.597s][info][gc             ] GC(2082) Pause Young (Allocation Failure) 718M->598M(869M) 77.278ms
[585.597s][info][gc,cpu         ] GC(2082) User=0.16s Sys=0.00s Real=0.08s
[585.785s][info][gc,start       ] GC(2083) Pause Young (Allocation Failure)
[585.837s][info][gc,heap        ] GC(2083) PSYoungGen: 163171K(222720K)->27139K(224768K) Eden: 135168K(135168K)->0K(135168K) From: 28003K(87552K)->27139K(89600K)
[585.837s][info][gc,heap        ] GC(2083) ParOldGen: 584427K(667648K)->585291K(667648K)
[585.837s][info][gc,metaspace   ] GC(2083) Metaspace: 19074K(19264K)->19074K(19264K) NonClass: 16413K(16512K)->16413K(16512K) Class: 2661K(2752K)->2661K(2752K)
[585.837s][info][gc             ] GC(2083) Pause Young (Allocation Failure) 730M->598M(871M) 51.427ms
[585.837s][info][gc,cpu         ] GC(2083) User=0.10s Sys=0.00s Real=0.06s
[586.024s][info][gc,start       ] GC(2084) Pause Young (Allocation Failure)
[586.063s][info][gc,heap        ] GC(2084) PSYoungGen: 162307K(224768K)->27139K(229376K) Eden: 135168K(135168K)->0K(147456K) From: 27139K(89600K)->27139K(81920K)
[586.063s][info][gc,heap        ] GC(2084) ParOldGen: 585291K(667648K)->585291K(667648K)
[586.063s][info][gc,metaspace   ] GC(2084) Metaspace: 19074K(19264K)->19074K(19264K) NonClass: 16413K(16512K)->16413K(16512K) Class: 2661K(2752K)->2661K(2752K)
[586.063s][info][gc             ] GC(2084) Pause Young (Allocation Failure) 730M->598M(876M) 38.550ms
[586.063s][info][gc,cpu         ] GC(2084) User=0.08s Sys=0.00s Real=0.04s
[586.268s][info][gc,start       ] GC(2085) Pause Young (Allocation Failure)
[586.307s][info][gc,heap        ] GC(2085) PSYoungGen: 174595K(229376K)->27149K(232448K) Eden: 147456K(147456K)->0K(147456K) From: 27139K(81920K)->27149K(84992K)
[586.307s][info][gc,heap        ] GC(2085) ParOldGen: 585291K(667648K)->585291K(667648K)
[586.307s][info][gc,metaspace   ] GC(2085) Metaspace: 19074K(19264K)->19074K(19264K) NonClass: 16413K(16512K)->16413K(16512K) Class: 2661K(2752K)->2661K(2752K)
[586.307s][info][gc             ] GC(2085) Pause Young (Allocation Failure) 742M->598M(879M) 38.860ms
[586.307s][info][gc,cpu         ] GC(2085) User=0.08s Sys=0.00s Real=0.04s
[586.513s][info][gc,start       ] GC(2086) Pause Young (Allocation Failure)
[586.552s][info][gc,heap        ] GC(2086) PSYoungGen: 174605K(232448K)->27117K(236544K) Eden: 147456K(147456K)->0K(159744K) From: 27149K(84992K)->27117K(76800K)
[586.552s][info][gc,heap        ] GC(2086) ParOldGen: 585291K(667648K)->585291K(667648K)
[586.552s][info][gc,metaspace   ] GC(2086) Metaspace: 19074K(19264K)->19074K(19264K) NonClass: 16413K(16512K)->16413K(16512K) Class: 2661K(2752K)->2661K(2752K)
[586.552s][info][gc             ] GC(2086) Pause Young (Allocation Failure) 742M->598M(883M) 38.945ms
[586.552s][info][gc,cpu         ] GC(2086) User=0.07s Sys=0.00s Real=0.04s
[586.773s][info][gc,start       ] GC(2087) Pause Young (Allocation Failure)
[586.813s][info][gc,heap        ] GC(2087) PSYoungGen: 186861K(236544K)->27107K(239616K) Eden: 159744K(159744K)->0K(159744K) From: 27117K(76800K)->27107K(79872K)
[586.813s][info][gc,heap        ] GC(2087) ParOldGen: 585291K(667648K)->585291K(667648K)
[586.813s][info][gc,metaspace   ] GC(2087) Metaspace: 19074K(19264K)->19074K(19264K) NonClass: 16413K(16512K)->16413K(16512K) Class: 2661K(2752K)->2661K(2752K)
[586.813s][info][gc             ] GC(2087) Pause Young (Allocation Failure) 754M->598M(886M) 39.439ms
[586.813s][info][gc,cpu         ] GC(2087) User=0.08s Sys=0.00s Real=0.04s
[587.009s][info][gc,start       ] GC(2088) Pause Young (Allocation Failure)
[587.061s][info][gc,heap        ] GC(2088) PSYoungGen: 186851K(239616K)->38829K(243712K) Eden: 159744K(159744K)->0K(172544K) From: 27107K(79872K)->38829K(71168K)
[587.061s][info][gc,heap        ] GC(2088) ParOldGen: 585291K(667648K)->585291K(667648K)
[587.061s][info][gc,metaspace   ] GC(2088) Metaspace: 19074K(19264K)->19074K(19264K) NonClass: 16413K(16512K)->16413K(16512K) Class: 2661K(2752K)->2661K(2752K)
[587.061s][info][gc             ] GC(2088) Pause Young (Allocation Failure) 754M->609M(890M) 52.295ms
[587.061s][info][gc,cpu         ] GC(2088) User=0.10s Sys=0.00s Real=0.05s
[587.215s][info][gc,start       ] GC(2089) Pause Young (Allocation Failure)
[587.284s][info][gc,heap        ] GC(2089) PSYoungGen: 211373K(243712K)->57059K(246784K) Eden: 172544K(172544K)->0K(172544K) From: 38829K(71168K)->57059K(74240K)
[587.284s][info][gc,heap        ] GC(2089) ParOldGen: 585291K(667648K)->585291K(667648K)
[587.284s][info][gc,metaspace   ] GC(2089) Metaspace: 19074K(19264K)->19074K(19264K) NonClass: 16413K(16512K)->16413K(16512K) Class: 2661K(2752K)->2661K(2752K)
[587.284s][info][gc             ] GC(2089) Pause Young (Allocation Failure) 777M->627M(893M) 68.790ms
[587.284s][info][gc,cpu         ] GC(2089) User=0.14s Sys=0.00s Real=0.07s
[587.436s][info][gc,start       ] GC(2090) Pause Young (Allocation Failure)
[587.506s][info][gc,heap        ] GC(2090) PSYoungGen: 229603K(246784K)->58509K(248832K) Eden: 172544K(172544K)->0K(171008K) From: 57059K(74240K)->58509K(77824K)
[587.506s][info][gc,heap        ] GC(2090) ParOldGen: 585291K(667648K)->585291K(667648K)
[587.506s][info][gc,metaspace   ] GC(2090) Metaspace: 19074K(19264K)->19074K(19264K) NonClass: 16413K(16512K)->16413K(16512K) Class: 2661K(2752K)->2661K(2752K)
[587.506s][info][gc             ] GC(2090) Pause Young (Allocation Failure) 795M->628M(895M) 69.862ms
[587.506s][info][gc,cpu         ] GC(2090) User=0.14s Sys=0.01s Real=0.06s
[587.683s][info][gc,start       ] GC(2091) Pause Young (Allocation Failure)
[587.758s][info][gc,heap        ] GC(2091) PSYoungGen: 229517K(248832K)->64694K(236032K) Eden: 171008K(171008K)->0K(171008K) From: 58509K(77824K)->64694K(65024K)
[587.758s][info][gc,heap        ] GC(2091) ParOldGen: 585291K(667648K)->585291K(667648K)
[587.758s][info][gc,metaspace   ] GC(2091) Metaspace: 19074K(19264K)->19074K(19264K) NonClass: 16413K(16512K)->16413K(16512K) Class: 2661K(2752K)->2661K(2752K)
[587.758s][info][gc             ] GC(2091) Pause Young (Allocation Failure) 795M->634M(882M) 75.217ms
[587.758s][info][gc,cpu         ] GC(2091) User=0.15s Sys=0.00s Real=0.08s
[588.036s][info][gc,start       ] GC(2092) Pause Young (Allocation Failure)
[588.118s][info][gc,heap        ] GC(2092) PSYoungGen: 235702K(236032K)->68035K(237056K) Eden: 171008K(171008K)->0K(150528K) From: 64694K(65024K)->68035K(86528K)
[588.118s][info][gc,heap        ] GC(2092) ParOldGen: 585291K(667648K)->585291K(667648K)
[588.118s][info][gc,metaspace   ] GC(2092) Metaspace: 19074K(19264K)->19074K(19264K) NonClass: 16413K(16512K)->16413K(16512K) Class: 2661K(2752K)->2661K(2752K)
[588.118s][info][gc             ] GC(2092) Pause Young (Allocation Failure) 801M->638M(883M) 81.686ms
[588.118s][info][gc,cpu         ] GC(2092) User=0.16s Sys=0.00s Real=0.08s
[588.396s][info][gc,start       ] GC(2093) Pause Young (Allocation Failure)
[588.477s][info][gc,heap        ] GC(2093) PSYoungGen: 218563K(237056K)->68163K(219136K) Eden: 150528K(150528K)->0K(150528K) From: 68035K(86528K)->68163K(68608K)
[588.477s][info][gc,heap        ] GC(2093) ParOldGen: 585291K(667648K)->585291K(667648K)
[588.477s][info][gc,metaspace   ] GC(2093) Metaspace: 19074K(19264K)->19074K(19264K) NonClass: 16413K(16512K)->16413K(16512K) Class: 2661K(2752K)->2661K(2752K)
[588.477s][info][gc             ] GC(2093) Pause Young (Allocation Failure) 785M->638M(866M) 81.032ms
[588.477s][info][gc,cpu         ] GC(2093) User=0.16s Sys=0.00s Real=0.09s
[588.740s][info][gc,start       ] GC(2094) Pause Young (Allocation Failure)
[588.819s][info][gc,heap        ] GC(2094) PSYoungGen: 218691K(219136K)->68195K(232448K) Eden: 150528K(150528K)->0K(137216K) From: 68163K(68608K)->68195K(95232K)
[588.819s][info][gc,heap        ] GC(2094) ParOldGen: 585291K(667648K)->585291K(667648K)
[588.819s][info][gc,metaspace   ] GC(2094) Metaspace: 19074K(19264K)->19074K(19264K) NonClass: 16413K(16512K)->16413K(16512K) Class: 2661K(2752K)->2661K(2752K)
[588.819s][info][gc             ] GC(2094) Pause Young (Allocation Failure) 785M->638M(879M) 78.871ms
[588.819s][info][gc,cpu         ] GC(2094) User=0.16s Sys=0.00s Real=0.08s
[589.086s][info][gc,start       ] GC(2095) Pause Young (Allocation Failure)
[589.173s][info][gc,heap        ] GC(2095) PSYoungGen: 205411K(232448K)->68205K(205824K) Eden: 137216K(137216K)->0K(137216K) From: 68195K(95232K)->68205K(68608K)
[589.173s][info][gc,heap        ] GC(2095) ParOldGen: 585291K(667648K)->585291K(667648K)
[589.173s][info][gc,metaspace   ] GC(2095) Metaspace: 19074K(19264K)->19074K(19264K) NonClass: 16413K(16512K)->16413K(16512K) Class: 2661K(2752K)->2661K(2752K)
[589.173s][info][gc             ] GC(2095) Pause Young (Allocation Failure) 772M->638M(853M) 87.198ms
[589.173s][info][gc,cpu         ] GC(2095) User=0.18s Sys=0.00s Real=0.09s
[589.332s][info][gc,start       ] GC(2096) Pause Young (Allocation Failure)
[589.423s][info][gc,heap        ] GC(2096) PSYoungGen: 205421K(205824K)->54144K(237568K) Eden: 137216K(137216K)->0K(137216K) From: 68205K(68608K)->54144K(100352K)
[589.423s][info][gc,heap        ] GC(2096) ParOldGen: 585291K(667648K)->612451K(667648K)
[589.423s][info][gc,metaspace   ] GC(2096) Metaspace: 19074K(19264K)->19074K(19264K) NonClass: 16413K(16512K)->16413K(16512K) Class: 2661K(2752K)->2661K(2752K)
[589.423s][info][gc             ] GC(2096) Pause Young (Allocation Failure) 772M->650M(884M) 91.010ms
[589.423s][info][gc,cpu         ] GC(2096) User=0.18s Sys=0.00s Real=0.09s
[589.573s][info][gc,start       ] GC(2097) Pause Young (Allocation Failure)
[589.636s][info][gc,heap        ] GC(2097) PSYoungGen: 191360K(237568K)->70224K(233472K) Eden: 137216K(137216K)->0K(137216K) From: 54144K(100352K)->70224K(96256K)
[589.636s][info][gc,heap        ] GC(2097) ParOldGen: 612451K(667648K)->612451K(667648K)
[589.636s][info][gc,metaspace   ] GC(2097) Metaspace: 19074K(19264K)->19074K(19264K) NonClass: 16413K(16512K)->16413K(16512K) Class: 2661K(2752K)->2661K(2752K)
[589.636s][info][gc             ] GC(2097) Pause Young (Allocation Failure) 784M->666M(880M) 62.838ms
[589.636s][info][gc,cpu         ] GC(2097) User=0.13s Sys=0.00s Real=0.06s
[589.756s][info][gc,start       ] GC(2098) Pause Young (Allocation Failure)
[589.853s][info][gc,heap        ] GC(2098) PSYoungGen: 207440K(233472K)->98800K(210432K) Eden: 137216K(137216K)->0K(111616K) From: 70224K(96256K)->98800K(98816K)
[589.853s][info][gc,heap        ] GC(2098) ParOldGen: 612451K(667648K)->621551K(667648K)
[589.853s][info][gc,metaspace   ] GC(2098) Metaspace: 19074K(19264K)->19074K(19264K) NonClass: 16413K(16512K)->16413K(16512K) Class: 2661K(2752K)->2661K(2752K)
[589.853s][info][gc             ] GC(2098) Pause Young (Allocation Failure) 800M->703M(857M) 96.870ms
[589.853s][info][gc,cpu         ] GC(2098) User=0.18s Sys=0.01s Real=0.10s
[590.036s][info][gc,start       ] GC(2099) Pause Young (Allocation Failure)
[590.138s][info][gc,heap        ] GC(2099) PSYoungGen: 210416K(210432K)->111072K(222720K) Eden: 111616K(111616K)->0K(111616K) From: 98800K(98816K)->111072K(111104K)
[590.138s][info][gc,heap        ] GC(2099) ParOldGen: 621551K(667648K)->621967K(667648K)
[590.138s][info][gc,metaspace   ] GC(2099) Metaspace: 19074K(19264K)->19074K(19264K) NonClass: 16413K(16512K)->16413K(16512K) Class: 2661K(2752K)->2661K(2752K)
[590.138s][info][gc             ] GC(2099) Pause Young (Allocation Failure) 812M->715M(869M) 101.728ms
[590.138s][info][gc,cpu         ] GC(2099) User=0.20s Sys=0.00s Real=0.10s
[590.290s][info][gc,start       ] GC(2100) Pause Young (Allocation Failure)
[590.395s][info][gc,heap        ] GC(2100) PSYoungGen: 222688K(222720K)->111088K(222720K) Eden: 111616K(111616K)->0K(111616K) From: 111072K(111104K)->111088K(111104K)
[590.395s][info][gc,heap        ] GC(2100) ParOldGen: 621967K(667648K)->622447K(667648K)
[590.395s][info][gc,metaspace   ] GC(2100) Metaspace: 19074K(19264K)->19074K(19264K) NonClass: 16413K(16512K)->16413K(16512K) Class: 2661K(2752K)->2661K(2752K)
[590.395s][info][gc             ] GC(2100) Pause Young (Allocation Failure) 824M->716M(869M) 104.636ms
[590.395s][info][gc,cpu         ] GC(2100) User=0.21s Sys=0.00s Real=0.10s
[590.551s][info][gc,start       ] GC(2101) Pause Young (Allocation Failure)
[590.666s][info][gc,heap        ] GC(2101) PSYoungGen: 222704K(222720K)->81424K(222720K) Eden: 111616K(111616K)->0K(111616K) From: 111088K(111104K)->81424K(111104K)
[590.666s][info][gc,heap        ] GC(2101) ParOldGen: 622447K(667648K)->652215K(667648K)
[590.666s][info][gc,metaspace   ] GC(2101) Metaspace: 19074K(19264K)->19074K(19264K) NonClass: 16413K(16512K)->16413K(16512K) Class: 2661K(2752K)->2661K(2752K)
[590.666s][info][gc             ] GC(2101) Pause Young (Allocation Failure) 825M->716M(869M) 115.206ms
[590.666s][info][gc,cpu         ] GC(2101) User=0.21s Sys=0.02s Real=0.12s
[590.824s][info][gc,start       ] GC(2102) Pause Full (Allocation Failure)
[590.824s][info][gc,phases,start] GC(2102) Marking Phase
[590.997s][info][gc,phases      ] GC(2102) Marking Phase 172.689ms
[590.997s][info][gc,phases,start] GC(2102) Summary Phase
[590.997s][info][gc,phases      ] GC(2102) Summary Phase 0.027ms
[590.997s][info][gc,phases,start] GC(2102) Forward
[591.067s][info][gc,phases      ] GC(2102) Forward 69.859ms
[591.067s][info][gc,phases,start] GC(2102) Adjust Pointers
[591.221s][info][gc,phases      ] GC(2102) Adjust Pointers 153.749ms
[591.221s][info][gc,phases,start] GC(2102) Compaction Phase
[591.301s][info][gc,phases      ] GC(2102) Compaction Phase 80.467ms
[591.313s][info][gc,phases,start] GC(2102) Post Compact
[591.316s][info][gc,phases      ] GC(2102) Post Compact 2.422ms
[591.318s][info][gc,heap        ] GC(2102) PSYoungGen: 193040K(222720K)->0K(222720K) Eden: 111616K(111616K)->0K(111616K) From: 81424K(111104K)->0K(111104K)
[591.318s][info][gc,heap        ] GC(2102) ParOldGen: 652215K(667648K)->289393K(629760K)
[591.318s][info][gc,metaspace   ] GC(2102) Metaspace: 19074K(19264K)->19074K(19264K) NonClass: 16413K(16512K)->16413K(16512K) Class: 2661K(2752K)->2661K(2752K)
[591.318s][info][gc             ] GC(2102) Pause Full (Allocation Failure) 825M->282M(832M) 493.473ms
[591.318s][info][gc,cpu         ] GC(2102) User=0.89s Sys=0.00s Real=0.50s
[591.474s][info][gc,start       ] GC(2103) Pause Young (Allocation Failure)
[591.475s][info][gc,heap        ] GC(2103) PSYoungGen: 111616K(222720K)->64K(222720K) Eden: 111616K(111616K)->0K(111616K) From: 0K(111104K)->64K(111104K)
[591.475s][info][gc,heap        ] GC(2103) ParOldGen: 289393K(629760K)->289393K(629760K)
[591.475s][info][gc,metaspace   ] GC(2103) Metaspace: 19074K(19264K)->19074K(19264K) NonClass: 16413K(16512K)->16413K(16512K) Class: 2661K(2752K)->2661K(2752K)
[591.475s][info][gc             ] GC(2103) Pause Young (Allocation Failure) 391M->282M(832M) 1.146ms
[591.475s][info][gc,cpu         ] GC(2103) User=0.00s Sys=0.00s Real=0.00s
[591.624s][info][gc,start       ] GC(2104) Pause Young (Allocation Failure)
[591.625s][info][gc,heap        ] GC(2104) PSYoungGen: 111680K(222720K)->64K(222720K) Eden: 111616K(111616K)->0K(111616K) From: 64K(111104K)->64K(111104K)
[591.625s][info][gc,heap        ] GC(2104) ParOldGen: 289393K(629760K)->289393K(629760K)
[591.625s][info][gc,metaspace   ] GC(2104) Metaspace: 19074K(19264K)->19074K(19264K) NonClass: 16413K(16512K)->16413K(16512K) Class: 2661K(2752K)->2661K(2752K)
[591.625s][info][gc             ] GC(2104) Pause Young (Allocation Failure) 391M->282M(832M) 1.119ms
[591.625s][info][gc,cpu         ] GC(2104) User=0.00s Sys=0.00s Real=0.00s
[591.773s][info][gc,start       ] GC(2105) Pause Young (Allocation Failure)
[591.774s][info][gc,heap        ] GC(2105) PSYoungGen: 111680K(222720K)->64K(222720K) Eden: 111616K(111616K)->0K(111616K) From: 64K(111104K)->64K(111104K)
[591.774s][info][gc,heap        ] GC(2105) ParOldGen: 289393K(629760K)->289393K(629760K)
[591.774s][info][gc,metaspace   ] GC(2105) Metaspace: 19074K(19264K)->19074K(19264K) NonClass: 16413K(16512K)->16413K(16512K) Class: 2661K(2752K)->2661K(2752K)
[591.774s][info][gc             ] GC(2105) Pause Young (Allocation Failure) 391M->282M(832M) 1.115ms
[591.774s][info][gc,cpu         ] GC(2105) User=0.00s Sys=0.00s Real=0.00s
[591.921s][info][gc,start       ] GC(2106) Pause Young (Allocation Failure)
[591.922s][info][gc,heap        ] GC(2106) PSYoungGen: 111680K(222720K)->64K(222720K) Eden: 111616K(111616K)->0K(111616K) From: 64K(111104K)->64K(111104K)
[591.922s][info][gc,heap        ] GC(2106) ParOldGen: 289393K(629760K)->289393K(629760K)
[591.922s][info][gc,metaspace   ] GC(2106) Metaspace: 19074K(19264K)->19074K(19264K) NonClass: 16413K(16512K)->16413K(16512K) Class: 2661K(2752K)->2661K(2752K)
[591.922s][info][gc             ] GC(2106) Pause Young (Allocation Failure) 391M->282M(832M) 1.177ms
[591.922s][info][gc,cpu         ] GC(2106) User=0.00s Sys=0.00s Real=0.00s
[592.069s][info][gc,start       ] GC(2107) Pause Young (Allocation Failure)
[592.070s][info][gc,heap        ] GC(2107) PSYoungGen: 111680K(222720K)->64K(222720K) Eden: 111616K(111616K)->0K(111616K) From: 64K(111104K)->64K(111104K)
[592.070s][info][gc,heap        ] GC(2107) ParOldGen: 289393K(629760K)->289393K(629760K)
[592.070s][info][gc,metaspace   ] GC(2107) Metaspace: 19074K(19264K)->19074K(19264K) NonClass: 16413K(16512K)->16413K(16512K) Class: 2661K(2752K)->2661K(2752K)
[592.070s][info][gc             ] GC(2107) Pause Young (Allocation Failure) 391M->282M(832M) 1.129ms
[592.070s][info][gc,cpu         ] GC(2107) User=0.00s Sys=0.00s Real=0.00s
[592.180s][info][gc,start       ] GC(2108) Pause Young (Allocation Failure)
[592.198s][info][gc,heap        ] GC(2108) PSYoungGen: 111680K(222720K)->15584K(222720K) Eden: 111616K(111616K)->0K(111616K) From: 64K(111104K)->15584K(111104K)
[592.198s][info][gc,heap        ] GC(2108) ParOldGen: 289393K(629760K)->289393K(629760K)
[592.198s][info][gc,metaspace   ] GC(2108) Metaspace: 19074K(19264K)->19074K(19264K) NonClass: 16413K(16512K)->16413K(16512K) Class: 2661K(2752K)->2661K(2752K)
[592.198s][info][gc             ] GC(2108) Pause Young (Allocation Failure) 391M->297M(832M) 17.883ms
[592.198s][info][gc,cpu         ] GC(2108) User=0.03s Sys=0.00s Real=0.02s
[592.298s][info][gc,start       ] GC(2109) Pause Young (Allocation Failure)
[592.323s][info][gc,heap        ] GC(2109) PSYoungGen: 127200K(222720K)->25440K(222720K) Eden: 111616K(111616K)->0K(111616K) From: 15584K(111104K)->25440K(111104K)
[592.323s][info][gc,heap        ] GC(2109) ParOldGen: 289393K(629760K)->289401K(629760K)
[592.323s][info][gc,metaspace   ] GC(2109) Metaspace: 19074K(19264K)->19074K(19264K) NonClass: 16413K(16512K)->16413K(16512K) Class: 2661K(2752K)->2661K(2752K)
[592.323s][info][gc             ] GC(2109) Pause Young (Allocation Failure) 406M->307M(832M) 25.752ms
[592.323s][info][gc,cpu         ] GC(2109) User=0.05s Sys=0.00s Real=0.02s
[592.405s][info][gc,start       ] GC(2110) Pause Young (Allocation Failure)
[592.448s][info][gc,heap        ] GC(2110) PSYoungGen: 137056K(222720K)->39392K(222720K) Eden: 111616K(111616K)->0K(111616K) From: 25440K(111104K)->39392K(111104K)
[592.448s][info][gc,heap        ] GC(2110) ParOldGen: 289401K(629760K)->289401K(629760K)
[592.448s][info][gc,metaspace   ] GC(2110) Metaspace: 19074K(19264K)->19074K(19264K) NonClass: 16413K(16512K)->16413K(16512K) Class: 2661K(2752K)->2661K(2752K)
[592.448s][info][gc             ] GC(2110) Pause Young (Allocation Failure) 416M->321M(832M) 43.536ms
[592.448s][info][gc,cpu         ] GC(2110) User=0.09s Sys=0.00s Real=0.05s
[592.536s][info][gc,start       ] GC(2111) Pause Young (Allocation Failure)
[592.589s][info][gc,heap        ] GC(2111) PSYoungGen: 151008K(222720K)->37472K(222720K) Eden: 111616K(111616K)->0K(111616K) From: 39392K(111104K)->37472K(111104K)
[592.589s][info][gc,heap        ] GC(2111) ParOldGen: 289401K(629760K)->304969K(629760K)
[592.589s][info][gc,metaspace   ] GC(2111) Metaspace: 19074K(19264K)->19074K(19264K) NonClass: 16413K(16512K)->16413K(16512K) Class: 2661K(2752K)->2661K(2752K)
[592.589s][info][gc             ] GC(2111) Pause Young (Allocation Failure) 430M->334M(832M) 53.049ms
[592.589s][info][gc,cpu         ] GC(2111) User=0.11s Sys=0.00s Real=0.06s
[592.661s][info][gc,start       ] GC(2112) Pause Young (Allocation Failure)
[592.715s][info][gc,heap        ] GC(2112) PSYoungGen: 149088K(222720K)->28416K(214528K) Eden: 111616K(111616K)->0K(111616K) From: 37472K(111104K)->28416K(102912K)
[592.716s][info][gc,heap        ] GC(2112) ParOldGen: 304969K(629760K)->328825K(629760K)
[592.716s][info][gc,metaspace   ] GC(2112) Metaspace: 19074K(19264K)->19074K(19264K) NonClass: 16413K(16512K)->16413K(16512K) Class: 2661K(2752K)->2661K(2752K)
[592.716s][info][gc             ] GC(2112) Pause Young (Allocation Failure) 443M->348M(824M) 54.377ms
[592.716s][info][gc,cpu         ] GC(2112) User=0.11s Sys=0.00s Real=0.05s
[592.791s][info][gc,start       ] GC(2113) Pause Young (Allocation Failure)
[592.828s][info][gc,heap        ] GC(2113) PSYoungGen: 140032K(214528K)->5600K(218624K) Eden: 111616K(111616K)->0K(111616K) From: 28416K(102912K)->5600K(107008K)
[592.828s][info][gc,heap        ] GC(2113) ParOldGen: 328825K(629760K)->357249K(629760K)
[592.828s][info][gc,metaspace   ] GC(2113) Metaspace: 19074K(19264K)->19074K(19264K) NonClass: 16413K(16512K)->16413K(16512K) Class: 2661K(2752K)->2661K(2752K)
[592.829s][info][gc             ] GC(2113) Pause Young (Allocation Failure) 457M->354M(828M) 37.187ms
[592.829s][info][gc,cpu         ] GC(2113) User=0.07s Sys=0.00s Real=0.04s
[592.907s][info][gc,start       ] GC(2114) Pause Young (Allocation Failure)
[592.944s][info][gc,heap        ] GC(2114) PSYoungGen: 117216K(218624K)->26720K(212992K) Eden: 111616K(111616K)->0K(121344K) From: 5600K(107008K)->26720K(91648K)
[592.944s][info][gc,heap        ] GC(2114) ParOldGen: 357249K(629760K)->362841K(629760K)
[592.944s][info][gc,metaspace   ] GC(2114) Metaspace: 19074K(19264K)->19074K(19264K) NonClass: 16413K(16512K)->16413K(16512K) Class: 2661K(2752K)->2661K(2752K)
[592.944s][info][gc             ] GC(2114) Pause Young (Allocation Failure) 463M->380M(823M) 36.980ms
[592.944s][info][gc,cpu         ] GC(2114) User=0.07s Sys=0.00s Real=0.03s
[593.064s][info][gc,start       ] GC(2115) Pause Young (Allocation Failure)
[593.114s][info][gc,heap        ] GC(2115) PSYoungGen: 148064K(212992K)->12384K(220672K) Eden: 121344K(121344K)->0K(121344K) From: 26720K(91648K)->12384K(99328K)
[593.114s][info][gc,heap        ] GC(2115) ParOldGen: 362841K(629760K)->389613K(629760K)
[593.114s][info][gc,metaspace   ] GC(2115) Metaspace: 19074K(19264K)->19074K(19264K) NonClass: 16413K(16512K)->16413K(16512K) Class: 2661K(2752K)->2661K(2752K)
[593.114s][info][gc             ] GC(2115) Pause Young (Allocation Failure) 498M->392M(830M) 49.893ms
[593.114s][info][gc,cpu         ] GC(2115) User=0.08s Sys=0.00s Real=0.05s
[593.225s][info][gc,start       ] GC(2116) Pause Young (Allocation Failure)
[593.245s][info][gc,heap        ] GC(2116) PSYoungGen: 133728K(220672K)->4096K(225792K) Eden: 121344K(121344K)->0K(134144K) From: 12384K(99328K)->4096K(91648K)
[593.245s][info][gc,heap        ] GC(2116) ParOldGen: 389613K(629760K)->401981K(629760K)
[593.245s][info][gc,metaspace   ] GC(2116) Metaspace: 19074K(19264K)->19074K(19264K) NonClass: 16413K(16512K)->16413K(16512K) Class: 2661K(2752K)->2661K(2752K)
[593.245s][info][gc             ] GC(2116) Pause Young (Allocation Failure) 511M->396M(835M) 19.265ms
[593.245s][info][gc,cpu         ] GC(2116) User=0.04s Sys=0.00s Real=0.02s
[593.386s][info][gc,start       ] GC(2117) Pause Young (Allocation Failure)
[593.399s][info][gc,heap        ] GC(2117) PSYoungGen: 138240K(225792K)->288K(228352K) Eden: 134144K(134144K)->0K(134144K) From: 4096K(91648K)->288K(94208K)
[593.399s][info][gc,heap        ] GC(2117) ParOldGen: 401981K(629760K)->406077K(629760K)
[593.399s][info][gc,metaspace   ] GC(2117) Metaspace: 19074K(19264K)->19074K(19264K) NonClass: 16413K(16512K)->16413K(16512K) Class: 2661K(2752K)->2661K(2752K)
[593.399s][info][gc             ] GC(2117) Pause Young (Allocation Failure) 527M->396M(838M) 12.976ms
[593.399s][info][gc,cpu         ] GC(2117) User=0.03s Sys=0.00s Real=0.02s
[593.530s][info][gc,start       ] GC(2118) Pause Young (Allocation Failure)
[593.540s][info][gc,heap        ] GC(2118) PSYoungGen: 134432K(228352K)->1536K(231424K) Eden: 134144K(134144K)->0K(145408K) From: 288K(94208K)->1536K(86016K)
[593.540s][info][gc,heap        ] GC(2118) ParOldGen: 406077K(629760K)->406077K(629760K)
[593.540s][info][gc,metaspace   ] GC(2118) Metaspace: 19074K(19264K)->19074K(19264K) NonClass: 16413K(16512K)->16413K(16512K) Class: 2661K(2752K)->2661K(2752K)
[593.540s][info][gc             ] GC(2118) Pause Young (Allocation Failure) 527M->398M(841M) 9.441ms
[593.540s][info][gc,cpu         ] GC(2118) User=0.01s Sys=0.00s Real=0.01s
[593.687s][info][gc,start       ] GC(2119) Pause Young (Allocation Failure)
[593.696s][info][gc,heap        ] GC(2119) PSYoungGen: 146944K(231424K)->4768K(235520K) Eden: 145408K(145408K)->0K(145408K) From: 1536K(86016K)->4768K(90112K)
[593.696s][info][gc,heap        ] GC(2119) ParOldGen: 406077K(629760K)->406077K(629760K)
[593.696s][info][gc,metaspace   ] GC(2119) Metaspace: 19074K(19264K)->19074K(19264K) NonClass: 16413K(16512K)->16413K(16512K) Class: 2661K(2752K)->2661K(2752K)
[593.696s][info][gc             ] GC(2119) Pause Young (Allocation Failure) 540M->401M(845M) 9.038ms
[593.696s][info][gc,cpu         ] GC(2119) User=0.01s Sys=0.00s Real=0.00s
[593.889s][info][gc,start       ] GC(2120) Pause Young (Allocation Failure)
[593.897s][info][gc,heap        ] GC(2120) PSYoungGen: 150176K(235520K)->4928K(232448K) Eden: 145408K(145408K)->0K(155136K) From: 4768K(90112K)->4928K(77312K)
[593.897s][info][gc,heap        ] GC(2120) ParOldGen: 406077K(629760K)->406077K(629760K)
[593.897s][info][gc,metaspace   ] GC(2120) Metaspace: 19074K(19264K)->19074K(19264K) NonClass: 16413K(16512K)->16413K(16512K) Class: 2661K(2752K)->2661K(2752K)
[593.897s][info][gc             ] GC(2120) Pause Young (Allocation Failure) 543M->401M(842M) 8.074ms
[593.897s][info][gc,cpu         ] GC(2120) User=0.01s Sys=0.00s Real=0.01s
[594.077s][info][gc,start       ] GC(2121) Pause Young (Allocation Failure)
[594.118s][info][gc,heap        ] GC(2121) PSYoungGen: 160064K(232448K)->41888K(237568K) Eden: 155136K(155136K)->0K(155136K) From: 4928K(77312K)->41888K(82432K)
[594.118s][info][gc,heap        ] GC(2121) ParOldGen: 406077K(629760K)->406077K(629760K)
[594.118s][info][gc,metaspace   ] GC(2121) Metaspace: 19074K(19264K)->19074K(19264K) NonClass: 16413K(16512K)->16413K(16512K) Class: 2661K(2752K)->2661K(2752K)
[594.118s][info][gc             ] GC(2121) Pause Young (Allocation Failure) 552M->437M(847M) 40.600ms
[594.118s][info][gc,cpu         ] GC(2121) User=0.08s Sys=0.00s Real=0.04s
[594.321s][info][gc,start       ] GC(2122) Pause Young (Allocation Failure)
[594.409s][info][gc,heap        ] GC(2122) PSYoungGen: 197024K(237568K)->84464K(204288K) Eden: 155136K(155136K)->0K(119808K) From: 41888K(82432K)->84464K(84480K)
[594.409s][info][gc,heap        ] GC(2122) ParOldGen: 406077K(629760K)->420277K(629760K)
[594.409s][info][gc,metaspace   ] GC(2122) Metaspace: 19074K(19264K)->19074K(19264K) NonClass: 16413K(16512K)->16413K(16512K) Class: 2661K(2752K)->2661K(2752K)
[594.409s][info][gc             ] GC(2122) Pause Young (Allocation Failure) 588M->492M(814M) 87.887ms
[594.409s][info][gc,cpu         ] GC(2122) User=0.16s Sys=0.01s Real=0.09s
[594.497s][info][gc,start       ] GC(2123) Pause Young (Allocation Failure)
[594.573s][info][gc,heap        ] GC(2123) PSYoungGen: 204272K(204288K)->89968K(209920K) Eden: 119808K(119808K)->0K(119808K) From: 84464K(84480K)->89968K(90112K)
[594.573s][info][gc,heap        ] GC(2123) ParOldGen: 420277K(629760K)->421778K(629760K)
[594.573s][info][gc,metaspace   ] GC(2123) Metaspace: 19074K(19264K)->19074K(19264K) NonClass: 16413K(16512K)->16413K(16512K) Class: 2661K(2752K)->2661K(2752K)
[594.573s][info][gc             ] GC(2123) Pause Young (Allocation Failure) 609M->499M(820M) 76.053ms
[594.573s][info][gc,cpu         ] GC(2123) User=0.15s Sys=0.00s Real=0.07s
[594.691s][info][gc,start       ] GC(2124) Pause Young (Allocation Failure)
[594.768s][info][gc,heap        ] GC(2124) PSYoungGen: 209776K(209920K)->88392K(222720K) Eden: 119808K(119808K)->0K(111616K) From: 89968K(90112K)->88392K(111104K)
[594.769s][info][gc,heap        ] GC(2124) ParOldGen: 421778K(629760K)->425202K(629760K)
[594.769s][info][gc,metaspace   ] GC(2124) Metaspace: 19074K(19264K)->19074K(19264K) NonClass: 16413K(16512K)->16413K(16512K) Class: 2661K(2752K)->2661K(2752K)
[594.769s][info][gc             ] GC(2124) Pause Young (Allocation Failure) 616M->501M(832M) 77.674ms
[594.769s][info][gc,cpu         ] GC(2124) User=0.16s Sys=0.00s Real=0.08s
[594.914s][info][gc,start       ] GC(2125) Pause Young (Allocation Failure)
[594.990s][info][gc,heap        ] GC(2125) PSYoungGen: 200008K(222720K)->9056K(222720K) Eden: 111616K(111616K)->0K(111616K) From: 88392K(111104K)->9056K(111104K)
[594.990s][info][gc,heap        ] GC(2125) ParOldGen: 425202K(629760K)->505306K(629760K)
[594.990s][info][gc,metaspace   ] GC(2125) Metaspace: 19074K(19264K)->19074K(19264K) NonClass: 16413K(16512K)->16413K(16512K) Class: 2661K(2752K)->2661K(2752K)
[594.990s][info][gc             ] GC(2125) Pause Young (Allocation Failure) 610M->502M(832M) 75.472ms
[594.990s][info][gc,cpu         ] GC(2125) User=0.15s Sys=0.00s Real=0.08s
[595.158s][info][gc,start       ] GC(2126) Pause Young (Allocation Failure)
[595.171s][info][gc,heap        ] GC(2126) PSYoungGen: 120672K(222720K)->640K(222720K) Eden: 111616K(111616K)->0K(111616K) From: 9056K(111104K)->640K(111104K)
[595.171s][info][gc,heap        ] GC(2126) ParOldGen: 505306K(629760K)->514130K(629760K)
[595.171s][info][gc,metaspace   ] GC(2126) Metaspace: 19074K(19264K)->19074K(19264K) NonClass: 16413K(16512K)->16413K(16512K) Class: 2661K(2752K)->2661K(2752K)
[595.171s][info][gc             ] GC(2126) Pause Young (Allocation Failure) 611M->502M(832M) 12.514ms
[595.171s][info][gc,cpu         ] GC(2126) User=0.02s Sys=0.00s Real=0.01s
[595.362s][info][gc,start       ] GC(2127) Pause Young (Allocation Failure)
[595.367s][info][gc,heap        ] GC(2127) PSYoungGen: 112256K(222720K)->672K(222720K) Eden: 111616K(111616K)->0K(111616K) From: 640K(111104K)->672K(111104K)
[595.367s][info][gc,heap        ] GC(2127) ParOldGen: 514130K(629760K)->514698K(629760K)
[595.367s][info][gc,metaspace   ] GC(2127) Metaspace: 19074K(19264K)->19074K(19264K) NonClass: 16413K(16512K)->16413K(16512K) Class: 2661K(2752K)->2661K(2752K)
[595.367s][info][gc             ] GC(2127) Pause Young (Allocation Failure) 611M->503M(832M) 5.309ms
[595.367s][info][gc,cpu         ] GC(2127) User=0.01s Sys=0.00s Real=0.01s
[595.467s][info][gc,start       ] GC(2128) Pause Young (Allocation Failure)
[595.473s][info][gc,heap        ] GC(2128) PSYoungGen: 112288K(222720K)->1184K(222720K) Eden: 111616K(111616K)->0K(111616K) From: 672K(111104K)->1184K(111104K)
[595.473s][info][gc,heap        ] GC(2128) ParOldGen: 514698K(629760K)->515354K(629760K)
[595.473s][info][gc,metaspace   ] GC(2128) Metaspace: 19074K(19264K)->19074K(19264K) NonClass: 16413K(16512K)->16413K(16512K) Class: 2661K(2752K)->2661K(2752K)
[595.473s][info][gc             ] GC(2128) Pause Young (Allocation Failure) 612M->504M(832M) 5.850ms
[595.473s][info][gc,cpu         ] GC(2128) User=0.01s Sys=0.00s Real=0.00s
[595.583s][info][gc,start       ] GC(2129) Pause Young (Allocation Failure)
[595.591s][info][gc,heap        ] GC(2129) PSYoungGen: 112800K(222720K)->1088K(222720K) Eden: 111616K(111616K)->0K(111616K) From: 1184K(111104K)->1088K(111104K)
[595.591s][info][gc,heap        ] GC(2129) ParOldGen: 515354K(629760K)->516522K(629760K)
[595.591s][info][gc,metaspace   ] GC(2129) Metaspace: 19074K(19264K)->19074K(19264K) NonClass: 16413K(16512K)->16413K(16512K) Class: 2661K(2752K)->2661K(2752K)
[595.591s][info][gc             ] GC(2129) Pause Young (Allocation Failure) 613M->505M(832M) 7.528ms
[595.591s][info][gc,cpu         ] GC(2129) User=0.01s Sys=0.00s Real=0.01s
[595.884s][info][gc,start       ] GC(2130) Pause Young (Allocation Failure)
[595.916s][info][gc,heap        ] GC(2130) PSYoungGen: 112704K(222720K)->14826K(213504K) Eden: 111616K(111616K)->0K(111616K) From: 1088K(111104K)->14826K(101888K)
[595.916s][info][gc,heap        ] GC(2130) ParOldGen: 516522K(629760K)->517550K(629760K)
[595.916s][info][gc,metaspace   ] GC(2130) Metaspace: 19076K(19264K)->19076K(19264K) NonClass: 16415K(16512K)->16415K(16512K) Class: 2661K(2752K)->2661K(2752K)
[595.916s][info][gc             ] GC(2130) Pause Young (Allocation Failure) 614M->519M(823M) 32.043ms
[595.916s][info][gc,cpu         ] GC(2130) User=0.06s Sys=0.00s Real=0.03s
[596.100s][info][gc,start       ] GC(2131) Pause Young (Allocation Failure)
[596.142s][info][gc,heap        ] GC(2131) PSYoungGen: 126442K(213504K)->29866K(218112K) Eden: 111616K(111616K)->0K(111616K) From: 14826K(101888K)->29866K(106496K)
[596.142s][info][gc,heap        ] GC(2131) ParOldGen: 517550K(629760K)->517550K(629760K)
[596.142s][info][gc,metaspace   ] GC(2131) Metaspace: 19076K(19264K)->19076K(19264K) NonClass: 16415K(16512K)->16415K(16512K) Class: 2661K(2752K)->2661K(2752K)
[596.142s][info][gc             ] GC(2131) Pause Young (Allocation Failure) 628M->534M(828M) 41.430ms
[596.142s][info][gc,cpu         ] GC(2131) User=0.08s Sys=0.00s Real=0.04s
[596.285s][info][gc,start       ] GC(2132) Pause Young (Allocation Failure)
[596.343s][info][gc,heap        ] GC(2132) PSYoungGen: 141482K(218112K)->46826K(219136K) Eden: 111616K(111616K)->0K(118784K) From: 29866K(106496K)->46826K(100352K)
[596.343s][info][gc,heap        ] GC(2132) ParOldGen: 517550K(629760K)->517550K(629760K)
[596.343s][info][gc,metaspace   ] GC(2132) Metaspace: 19076K(19264K)->19076K(19264K) NonClass: 16415K(16512K)->16415K(16512K) Class: 2661K(2752K)->2661K(2752K)
[596.343s][info][gc             ] GC(2132) Pause Young (Allocation Failure) 643M->551M(829M) 57.515ms
[596.343s][info][gc,cpu         ] GC(2132) User=0.11s Sys=0.00s Real=0.06s
[596.441s][info][gc,start       ] GC(2133) Pause Young (Allocation Failure)
[596.502s][info][gc,heap        ] GC(2133) PSYoungGen: 165610K(219136K)->50570K(220160K) Eden: 118784K(118784K)->0K(118784K) From: 46826K(100352K)->50570K(101376K)
[596.502s][info][gc,heap        ] GC(2133) ParOldGen: 517550K(629760K)->517550K(629760K)
[596.502s][info][gc,metaspace   ] GC(2133) Metaspace: 19076K(19264K)->19076K(19264K) NonClass: 16415K(16512K)->16415K(16512K) Class: 2661K(2752K)->2661K(2752K)
[596.503s][info][gc             ] GC(2133) Pause Young (Allocation Failure) 667M->554M(830M) 61.758ms
[596.503s][info][gc,cpu         ] GC(2133) User=0.12s Sys=0.00s Real=0.06s
[596.646s][info][gc,start       ] GC(2134) Pause Young (Allocation Failure)
[596.709s][info][gc,heap        ] GC(2134) PSYoungGen: 169354K(220160K)->52682K(228352K) Eden: 118784K(118784K)->0K(125952K) From: 50570K(101376K)->52682K(102400K)
[596.709s][info][gc,heap        ] GC(2134) ParOldGen: 517550K(629760K)->517550K(629760K)
[596.709s][info][gc,metaspace   ] GC(2134) Metaspace: 19076K(19264K)->19076K(19264K) NonClass: 16415K(16512K)->16415K(16512K) Class: 2661K(2752K)->2661K(2752K)
[596.709s][info][gc             ] GC(2134) Pause Young (Allocation Failure) 670M->556M(838M) 63.340ms
[596.709s][info][gc,cpu         ] GC(2134) User=0.13s Sys=0.00s Real=0.07s
[596.875s][info][gc,start       ] GC(2135) Pause Young (Allocation Failure)
[596.942s][info][gc,heap        ] GC(2135) PSYoungGen: 178634K(228352K)->40544K(166912K) Eden: 125952K(125952K)->0K(125952K) From: 52682K(102400K)->40544K(40960K)
[596.942s][info][gc,heap        ] GC(2135) ParOldGen: 517550K(629760K)->532386K(629760K)
[596.942s][info][gc,metaspace   ] GC(2135) Metaspace: 19077K(19264K)->19077K(19264K) NonClass: 16416K(16512K)->16416K(16512K) Class: 2661K(2752K)->2661K(2752K)
[596.942s][info][gc             ] GC(2135) Pause Young (Allocation Failure) 679M->559M(778M) 66.934ms
[596.942s][info][gc,cpu         ] GC(2135) User=0.13s Sys=0.00s Real=0.07s
[597.016s][info][gc,start       ] GC(2136) Pause Young (Allocation Failure)
[597.060s][info][gc,heap        ] GC(2136) PSYoungGen: 166496K(166912K)->25504K(232448K) Eden: 125952K(125952K)->0K(132608K) From: 40544K(40960K)->25504K(99840K)
[597.060s][info][gc,heap        ] GC(2136) ParOldGen: 532386K(629760K)->547466K(629760K)
[597.060s][info][gc,metaspace   ] GC(2136) Metaspace: 19077K(19264K)->19077K(19264K) NonClass: 16416K(16512K)->16416K(16512K) Class: 2661K(2752K)->2661K(2752K)
[597.060s][info][gc             ] GC(2136) Pause Young (Allocation Failure) 682M->559M(842M) 43.548ms
[597.060s][info][gc,cpu         ] GC(2136) User=0.09s Sys=0.00s Real=0.04s
[597.202s][info][gc,start       ] GC(2137) Pause Young (Allocation Failure)
[597.235s][info][gc,heap        ] GC(2137) PSYoungGen: 158112K(232448K)->9600K(227328K) Eden: 132608K(132608K)->0K(132608K) From: 25504K(99840K)->9600K(94720K)
[597.235s][info][gc,heap        ] GC(2137) ParOldGen: 547466K(629760K)->568194K(629760K)
[597.235s][info][gc,metaspace   ] GC(2137) Metaspace: 19077K(19264K)->19077K(19264K) NonClass: 16416K(16512K)->16416K(16512K) Class: 2661K(2752K)->2661K(2752K)
[597.235s][info][gc             ] GC(2137) Pause Young (Allocation Failure) 689M->564M(837M) 32.568ms
[597.235s][info][gc,cpu         ] GC(2137) User=0.06s Sys=0.00s Real=0.03s
[597.402s][info][gc,start       ] GC(2138) Pause Young (Allocation Failure)
[597.417s][info][gc,heap        ] GC(2138) PSYoungGen: 142208K(227328K)->10256K(233984K) Eden: 132608K(132608K)->0K(142336K) From: 9600K(94720K)->10256K(91648K)
[597.417s][info][gc,heap        ] GC(2138) ParOldGen: 568194K(629760K)->570322K(629760K)
[597.417s][info][gc,metaspace   ] GC(2138) Metaspace: 19077K(19264K)->19077K(19264K) NonClass: 16416K(16512K)->16416K(16512K) Class: 2661K(2752K)->2661K(2752K)
[597.417s][info][gc             ] GC(2138) Pause Young (Allocation Failure) 693M->566M(843M) 15.606ms
[597.417s][info][gc,cpu         ] GC(2138) User=0.03s Sys=0.00s Real=0.02s
[597.871s][info][gc,start       ] GC(2139) Pause Young (Allocation Failure)
[597.884s][info][gc,heap        ] GC(2139) PSYoungGen: 152592K(233984K)->10432K(231424K) Eden: 142336K(142336K)->0K(142336K) From: 10256K(91648K)->10432K(89088K)
[597.884s][info][gc,heap        ] GC(2139) ParOldGen: 570322K(629760K)->570322K(629760K)
[597.884s][info][gc,metaspace   ] GC(2139) Metaspace: 19077K(19264K)->19077K(19264K) NonClass: 16416K(16512K)->16416K(16512K) Class: 2661K(2752K)->2661K(2752K)
[597.884s][info][gc             ] GC(2139) Pause Young (Allocation Failure) 705M->567M(841M) 13.527ms
[597.884s][info][gc,cpu         ] GC(2139) User=0.02s Sys=0.00s Real=0.01s
[598.107s][info][gc,start       ] GC(2140) Pause Young (Allocation Failure)
[598.141s][info][gc,heap        ] GC(2140) PSYoungGen: 152768K(231424K)->31720K(231936K) Eden: 142336K(142336K)->0K(153600K) From: 10432K(89088K)->31720K(78336K)
[598.141s][info][gc,heap        ] GC(2140) ParOldGen: 570322K(629760K)->570322K(629760K)
[598.141s][info][gc,metaspace   ] GC(2140) Metaspace: 19077K(19264K)->19077K(19264K) NonClass: 16416K(16512K)->16416K(16512K) Class: 2661K(2752K)->2661K(2752K)
[598.141s][info][gc             ] GC(2140) Pause Young (Allocation Failure) 706M->587M(841M) 33.909ms
[598.141s][info][gc,cpu         ] GC(2140) User=0.07s Sys=0.00s Real=0.03s
[598.419s][info][gc,start       ] GC(2141) Pause Young (Allocation Failure)
[598.457s][info][gc,heap        ] GC(2141) PSYoungGen: 185320K(231936K)->31720K(235520K) Eden: 153600K(153600K)->0K(153600K) From: 31720K(78336K)->31720K(81920K)
[598.457s][info][gc,heap        ] GC(2141) ParOldGen: 570322K(629760K)->570322K(629760K)
[598.457s][info][gc,metaspace   ] GC(2141) Metaspace: 19077K(19264K)->19077K(19264K) NonClass: 16416K(16512K)->16416K(16512K) Class: 2661K(2752K)->2661K(2752K)
[598.457s][info][gc             ] GC(2141) Pause Young (Allocation Failure) 737M->587M(845M) 38.181ms
[598.457s][info][gc,cpu         ] GC(2141) User=0.08s Sys=0.00s Real=0.04s
[599.317s][info][gc,start       ] GC(2142) Pause Young (Allocation Failure)
[599.350s][info][gc,heap        ] GC(2142) PSYoungGen: 185320K(235520K)->32141K(234496K) Eden: 153600K(153600K)->0K(163840K) From: 31720K(81920K)->32141K(70656K)
[599.350s][info][gc,heap        ] GC(2142) ParOldGen: 570322K(629760K)->570322K(629760K)
[599.350s][info][gc,metaspace   ] GC(2142) Metaspace: 19077K(19264K)->19077K(19264K) NonClass: 16416K(16512K)->16416K(16512K) Class: 2661K(2752K)->2661K(2752K)
[599.350s][info][gc             ] GC(2142) Pause Young (Allocation Failure) 737M->588M(844M) 33.260ms
[599.350s][info][gc,cpu         ] GC(2142) User=0.06s Sys=0.00s Real=0.03s
[600.238s][info][gc,start       ] GC(2143) Pause Young (Allocation Failure)
[600.272s][info][gc,heap        ] GC(2143) PSYoungGen: 195981K(234496K)->32612K(239104K) Eden: 163840K(163840K)->0K(163840K) From: 32141K(70656K)->32612K(75264K)
[600.272s][info][gc,heap        ] GC(2143) ParOldGen: 570322K(629760K)->570322K(629760K)
[600.272s][info][gc,metaspace   ] GC(2143) Metaspace: 19077K(19264K)->19077K(19264K) NonClass: 16416K(16512K)->16416K(16512K) Class: 2661K(2752K)->2661K(2752K)
[600.272s][info][gc             ] GC(2143) Pause Young (Allocation Failure) 748M->588M(848M) 34.594ms
[600.272s][info][gc,cpu         ] GC(2143) User=0.06s Sys=0.00s Real=0.03s
[600.991s][info][gc,start       ] GC(2144) Pause Young (Allocation Failure)
[601.027s][info][gc,heap        ] GC(2144) PSYoungGen: 196452K(239104K)->34445K(239616K) Eden: 163840K(163840K)->0K(172544K) From: 32612K(75264K)->34445K(67072K)
[601.027s][info][gc,heap        ] GC(2144) ParOldGen: 570322K(629760K)->570330K(629760K)
[601.027s][info][gc,metaspace   ] GC(2144) Metaspace: 19089K(19264K)->19089K(19264K) NonClass: 16427K(16512K)->16427K(16512K) Class: 2661K(2752K)->2661K(2752K)
[601.027s][info][gc             ] GC(2144) Pause Young (Allocation Failure) 748M->590M(849M) 35.784ms
[601.027s][info][gc,cpu         ] GC(2144) User=0.07s Sys=0.00s Real=0.04s
[601.422s][info][gc,start       ] GC(2145) Pause Young (Allocation Failure)
[601.457s][info][gc,heap        ] GC(2145) PSYoungGen: 206989K(239616K)->34093K(242688K) Eden: 172544K(172544K)->0K(172544K) From: 34445K(67072K)->34093K(70144K)
[601.457s][info][gc,heap        ] GC(2145) ParOldGen: 570330K(629760K)->570330K(629760K)
[601.457s][info][gc,metaspace   ] GC(2145) Metaspace: 19089K(19264K)->19089K(19264K) NonClass: 16427K(16512K)->16427K(16512K) Class: 2661K(2752K)->2661K(2752K)
[601.457s][info][gc             ] GC(2145) Pause Young (Allocation Failure) 759M->590M(852M) 35.267ms
[601.457s][info][gc,cpu         ] GC(2145) User=0.07s Sys=0.00s Real=0.04s
[601.767s][info][gc,start       ] GC(2146) Pause Young (Allocation Failure)
[601.818s][info][gc,heap        ] GC(2146) PSYoungGen: 206637K(242688K)->55533K(243712K) Eden: 172544K(172544K)->0K(175616K) From: 34093K(70144K)->55533K(68096K)
[601.818s][info][gc,heap        ] GC(2146) ParOldGen: 570330K(629760K)->570338K(629760K)
[601.819s][info][gc,metaspace   ] GC(2146) Metaspace: 19091K(19264K)->19091K(19264K) NonClass: 16430K(16512K)->16430K(16512K) Class: 2661K(2752K)->2661K(2752K)
[601.819s][info][gc             ] GC(2146) Pause Young (Allocation Failure) 758M->611M(853M) 51.867ms
[601.819s][info][gc,cpu         ] GC(2146) User=0.11s Sys=0.00s Real=0.05s
[601.946s][info][gc,start       ] GC(2147) Pause Young (Allocation Failure)
[602.049s][info][gc,heap        ] GC(2147) PSYoungGen: 231149K(243712K)->74221K(249856K) Eden: 175616K(175616K)->0K(175616K) From: 55533K(68096K)->74221K(74240K)
[602.049s][info][gc,heap        ] GC(2147) ParOldGen: 570338K(629760K)->610858K(629760K)
[602.049s][info][gc,metaspace   ] GC(2147) Metaspace: 19093K(19264K)->19093K(19264K) NonClass: 16432K(16512K)->16432K(16512K) Class: 2661K(2752K)->2661K(2752K)
[602.049s][info][gc             ] GC(2147) Pause Young (Allocation Failure) 782M->669M(859M) 102.926ms
[602.049s][info][gc,cpu         ] GC(2147) User=0.20s Sys=0.01s Real=0.11s
[602.206s][info][gc,start       ] GC(2148) Pause Young (Allocation Failure)
[602.362s][info][gc,promotion   ] GC(2148) Promotion failed
[602.362s][info][gc,heap        ] GC(2148) PSYoungGen: 249837K(249856K)->249837K(249856K) Eden: 175616K(175616K)->175616K(175616K) From: 74221K(74240K)->74221K(74240K)
[602.362s][info][gc,heap        ] GC(2148) ParOldGen: 610858K(629760K)->667643K(667648K)
[602.362s][info][gc,metaspace   ] GC(2148) Metaspace: 19093K(19264K)->19093K(19264K) NonClass: 16432K(16512K)->16432K(16512K) Class: 2661K(2752K)->2661K(2752K)
[602.362s][info][gc             ] GC(2148) Pause Young (Allocation Failure) 840M->895M(896M) 156.160ms
[602.362s][info][gc,cpu         ] GC(2148) User=0.27s Sys=0.04s Real=0.16s
[602.362s][info][gc,start       ] GC(2149) Pause Full (Allocation Failure)
[602.362s][info][gc,phases,start] GC(2149) Marking Phase
[602.469s][info][gc,phases      ] GC(2149) Marking Phase 107.457ms
[602.469s][info][gc,phases,start] GC(2149) Summary Phase
[602.469s][info][gc,phases      ] GC(2149) Summary Phase 0.027ms
[602.469s][info][gc,phases,start] GC(2149) Forward
[602.521s][info][gc,phases      ] GC(2149) Forward 51.097ms
[602.521s][info][gc,phases,start] GC(2149) Adjust Pointers
[602.593s][info][gc,phases      ] GC(2149) Adjust Pointers 72.296ms
[602.593s][info][gc,phases,start] GC(2149) Compaction Phase
[602.641s][info][gc,phases      ] GC(2149) Compaction Phase 48.205ms
[602.642s][info][gc,phases,start] GC(2149) Post Compact
[602.645s][info][gc,phases      ] GC(2149) Post Compact 2.780ms
[602.657s][info][gc,heap        ] GC(2149) PSYoungGen: 249837K(249856K)->0K(217088K) Eden: 175616K(175616K)->0K(133120K) From: 74221K(74240K)->0K(83968K)
[602.657s][info][gc,heap        ] GC(2149) ParOldGen: 667643K(667648K)->189184K(528384K)
[602.657s][info][gc,metaspace   ] GC(2149) Metaspace: 19093K(19264K)->19093K(19264K) NonClass: 16432K(16512K)->16432K(16512K) Class: 2661K(2752K)->2661K(2752K)
[602.657s][info][gc             ] GC(2149) Pause Full (Allocation Failure) 895M->184M(728M) 294.807ms
[602.657s][info][gc,cpu         ] GC(2149) User=0.49s Sys=0.01s Real=0.30s
[602.853s][info][gc,start       ] GC(2150) Pause Young (Allocation Failure)
[602.898s][info][gc,heap        ] GC(2150) PSYoungGen: 133120K(217088K)->29335K(233472K) Eden: 133120K(133120K)->0K(133120K) From: 0K(83968K)->29335K(100352K)
[602.898s][info][gc,heap        ] GC(2150) ParOldGen: 189184K(528384K)->189184K(528384K)
[602.898s][info][gc,metaspace   ] GC(2150) Metaspace: 19093K(19264K)->19093K(19264K) NonClass: 16432K(16512K)->16432K(16512K) Class: 2661K(2752K)->2661K(2752K)
[602.898s][info][gc             ] GC(2150) Pause Young (Allocation Failure) 314M->213M(744M) 45.547ms
[602.898s][info][gc,cpu         ] GC(2150) User=0.09s Sys=0.00s Real=0.05s
[603.046s][info][gc,start       ] GC(2151) Pause Young (Allocation Failure)
[603.116s][info][gc,heap        ] GC(2151) PSYoungGen: 162455K(233472K)->48777K(225280K) Eden: 133120K(133120K)->0K(137216K) From: 29335K(100352K)->48777K(88064K)
[603.116s][info][gc,heap        ] GC(2151) ParOldGen: 189184K(528384K)->189184K(528384K)
[603.116s][info][gc,metaspace   ] GC(2151) Metaspace: 19094K(19264K)->19094K(19264K) NonClass: 16433K(16512K)->16433K(16512K) Class: 2661K(2752K)->2661K(2752K)
[603.116s][info][gc             ] GC(2151) Pause Young (Allocation Failure) 343M->232M(736M) 69.577ms
[603.116s][info][gc,cpu         ] GC(2151) User=0.14s Sys=0.00s Real=0.06s
[603.263s][info][gc,start       ] GC(2152) Pause Young (Allocation Failure)
[603.348s][info][gc,heap        ] GC(2152) PSYoungGen: 185993K(225280K)->63667K(231424K) Eden: 137216K(137216K)->0K(137216K) From: 48777K(88064K)->63667K(94208K)
[603.348s][info][gc,heap        ] GC(2152) ParOldGen: 189184K(528384K)->189184K(528384K)
[603.348s][info][gc,metaspace   ] GC(2152) Metaspace: 19094K(19264K)->19094K(19264K) NonClass: 16433K(16512K)->16433K(16512K) Class: 2661K(2752K)->2661K(2752K)
[603.349s][info][gc             ] GC(2152) Pause Young (Allocation Failure) 366M->246M(742M) 85.046ms
[603.349s][info][gc,cpu         ] GC(2152) User=0.17s Sys=0.00s Real=0.09s
[603.475s][info][gc,start       ] GC(2153) Pause Young (Allocation Failure)
[603.568s][info][gc,heap        ] GC(2153) PSYoungGen: 200883K(231424K)->72691K(224768K) Eden: 137216K(137216K)->0K(126976K) From: 63667K(94208K)->72691K(97792K)
[603.568s][info][gc,heap        ] GC(2153) ParOldGen: 189184K(528384K)->189184K(528384K)
[603.568s][info][gc,metaspace   ] GC(2153) Metaspace: 19094K(19264K)->19094K(19264K) NonClass: 16433K(16512K)->16433K(16512K) Class: 2661K(2752K)->2661K(2752K)
[603.568s][info][gc             ] GC(2153) Pause Young (Allocation Failure) 380M->255M(735M) 92.985ms
[603.568s][info][gc,cpu         ] GC(2153) User=0.19s Sys=0.00s Real=0.10s
[603.689s][info][gc,start       ] GC(2154) Pause Young (Allocation Failure)
[603.783s][info][gc,heap        ] GC(2154) PSYoungGen: 199667K(224768K)->74249K(201728K) Eden: 126976K(126976K)->0K(126976K) From: 72691K(97792K)->74249K(74752K)
[603.783s][info][gc,heap        ] GC(2154) ParOldGen: 189184K(528384K)->189184K(528384K)
[603.783s][info][gc,metaspace   ] GC(2154) Metaspace: 19094K(19264K)->19094K(19264K) NonClass: 16433K(16512K)->16433K(16512K) Class: 2661K(2752K)->2661K(2752K)
[603.783s][info][gc             ] GC(2154) Pause Young (Allocation Failure) 379M->257M(713M) 93.950ms
[603.783s][info][gc,cpu         ] GC(2154) User=0.18s Sys=0.00s Real=0.09s
[603.881s][info][gc,start       ] GC(2155) Pause Young (Allocation Failure)
[603.996s][info][gc,heap        ] GC(2155) PSYoungGen: 201225K(201728K)->94537K(219648K) Eden: 126976K(126976K)->0K(111616K) From: 74249K(74752K)->94537K(108032K)
[603.996s][info][gc,heap        ] GC(2155) ParOldGen: 189184K(528384K)->189184K(528384K)
[603.996s][info][gc,metaspace   ] GC(2155) Metaspace: 19094K(19264K)->19094K(19264K) NonClass: 16433K(16512K)->16433K(16512K) Class: 2661K(2752K)->2661K(2752K)
[603.996s][info][gc             ] GC(2155) Pause Young (Allocation Failure) 381M->277M(730M) 114.872ms
[603.996s][info][gc,cpu         ] GC(2155) User=0.22s Sys=0.00s Real=0.11s
[604.069s][info][gc,start       ] GC(2156) Pause Young (Allocation Failure)
[604.204s][info][gc,heap        ] GC(2156) PSYoungGen: 206153K(219648K)->92402K(222720K) Eden: 111616K(111616K)->0K(111616K) From: 94537K(108032K)->92402K(111104K)
[604.204s][info][gc,heap        ] GC(2156) ParOldGen: 189184K(528384K)->218604K(528384K)
[604.204s][info][gc,metaspace   ] GC(2156) Metaspace: 19094K(19264K)->19094K(19264K) NonClass: 16433K(16512K)->16433K(16512K) Class: 2661K(2752K)->2661K(2752K)
[604.204s][info][gc             ] GC(2156) Pause Young (Allocation Failure) 386M->303M(733M) 135.110ms
[604.204s][info][gc,cpu         ] GC(2156) User=0.26s Sys=0.00s Real=0.13s
[604.289s][info][gc,start       ] GC(2157) Pause Young (Allocation Failure)
[604.388s][info][gc,heap        ] GC(2157) PSYoungGen: 204018K(222720K)->70576K(222720K) Eden: 111616K(111616K)->0K(111616K) From: 92402K(111104K)->70576K(111104K)
[604.388s][info][gc,heap        ] GC(2157) ParOldGen: 218604K(528384K)->253041K(528384K)
[604.388s][info][gc,metaspace   ] GC(2157) Metaspace: 19094K(19264K)->19094K(19264K) NonClass: 16433K(16512K)->16433K(16512K) Class: 2661K(2752K)->2661K(2752K)
[604.388s][info][gc             ] GC(2157) Pause Young (Allocation Failure) 412M->316M(733M) 99.099ms
[604.388s][info][gc,cpu         ] GC(2157) User=0.20s Sys=0.00s Real=0.10s
[604.489s][info][gc,start       ] GC(2158) Pause Young (Allocation Failure)
[604.563s][info][gc,heap        ] GC(2158) PSYoungGen: 182192K(222720K)->71731K(222720K) Eden: 111616K(111616K)->0K(111616K) From: 70576K(111104K)->71731K(111104K)
[604.563s][info][gc,heap        ] GC(2158) ParOldGen: 253041K(528384K)->263627K(528384K)
[604.563s][info][gc,metaspace   ] GC(2158) Metaspace: 19094K(19264K)->19094K(19264K) NonClass: 16433K(16512K)->16433K(16512K) Class: 2661K(2752K)->2661K(2752K)
[604.563s][info][gc             ] GC(2158) Pause Young (Allocation Failure) 425M->327M(733M) 74.850ms
[604.563s][info][gc,cpu         ] GC(2158) User=0.15s Sys=0.00s Real=0.07s
[604.650s][info][gc,start       ] GC(2159) Pause Young (Allocation Failure)
[604.719s][info][gc,heap        ] GC(2159) PSYoungGen: 183347K(222720K)->28771K(222720K) Eden: 111616K(111616K)->0K(111616K) From: 71731K(111104K)->28771K(111104K)
[604.719s][info][gc,heap        ] GC(2159) ParOldGen: 263627K(528384K)->311318K(528384K)
[604.719s][info][gc,metaspace   ] GC(2159) Metaspace: 19094K(19264K)->19094K(19264K) NonClass: 16433K(16512K)->16433K(16512K) Class: 2661K(2752K)->2661K(2752K)
[604.719s][info][gc             ] GC(2159) Pause Young (Allocation Failure) 436M->332M(733M) 69.109ms
[604.719s][info][gc,cpu         ] GC(2159) User=0.14s Sys=0.00s Real=0.07s
[604.778s][info][gc,start       ] GC(2160) Pause Young (Allocation Failure)
[604.813s][info][gc,heap        ] GC(2160) PSYoungGen: 140387K(222720K)->7712K(222720K) Eden: 111616K(111616K)->0K(111616K) From: 28771K(111104K)->7712K(111104K)
[604.813s][info][gc,heap        ] GC(2160) ParOldGen: 311318K(528384K)->335713K(528384K)
[604.813s][info][gc,metaspace   ] GC(2160) Metaspace: 19094K(19264K)->19094K(19264K) NonClass: 16433K(16512K)->16433K(16512K) Class: 2661K(2752K)->2661K(2752K)
[604.813s][info][gc             ] GC(2160) Pause Young (Allocation Failure) 441M->335M(733M) 35.244ms
[604.813s][info][gc,cpu         ] GC(2160) User=0.07s Sys=0.00s Real=0.03s
[604.948s][info][gc,start       ] GC(2161) Pause Young (Allocation Failure)
[604.960s][info][gc,heap        ] GC(2161) PSYoungGen: 119328K(222720K)->2080K(222720K) Eden: 111616K(111616K)->0K(111616K) From: 7712K(111104K)->2080K(111104K)
[604.960s][info][gc,heap        ] GC(2161) ParOldGen: 335713K(528384K)->343409K(528384K)
[604.960s][info][gc,metaspace   ] GC(2161) Metaspace: 19094K(19264K)->19094K(19264K) NonClass: 16433K(16512K)->16433K(16512K) Class: 2661K(2752K)->2661K(2752K)
[604.960s][info][gc             ] GC(2161) Pause Young (Allocation Failure) 444M->337M(733M) 11.753ms
[604.960s][info][gc,cpu         ] GC(2161) User=0.02s Sys=0.00s Real=0.01s
[605.288s][info][gc,start       ] GC(2162) Pause Young (Allocation Failure)
[605.293s][info][gc,heap        ] GC(2162) PSYoungGen: 113696K(222720K)->320K(222720K) Eden: 111616K(111616K)->0K(111616K) From: 2080K(111104K)->320K(111104K)
[605.293s][info][gc,heap        ] GC(2162) ParOldGen: 343409K(528384K)->345473K(528384K)
[605.293s][info][gc,metaspace   ] GC(2162) Metaspace: 19094K(19264K)->19094K(19264K) NonClass: 16433K(16512K)->16433K(16512K) Class: 2661K(2752K)->2661K(2752K)
[605.293s][info][gc             ] GC(2162) Pause Young (Allocation Failure) 446M->337M(733M) 4.958ms
[605.293s][info][gc,cpu         ] GC(2162) User=0.01s Sys=0.00s Real=0.00s
[605.472s][info][gc,start       ] GC(2163) Pause Young (Allocation Failure)
[605.501s][info][gc,heap        ] GC(2163) PSYoungGen: 111936K(222720K)->29408K(222720K) Eden: 111616K(111616K)->0K(111616K) From: 320K(111104K)->29408K(111104K)
[605.501s][info][gc,heap        ] GC(2163) ParOldGen: 345473K(528384K)->345750K(528384K)
[605.501s][info][gc,metaspace   ] GC(2163) Metaspace: 19094K(19264K)->19094K(19264K) NonClass: 16433K(16512K)->16433K(16512K) Class: 2661K(2752K)->2661K(2752K)
[605.501s][info][gc             ] GC(2163) Pause Young (Allocation Failure) 446M->366M(733M) 29.380ms
[605.501s][info][gc,cpu         ] GC(2163) User=0.06s Sys=0.00s Real=0.03s
[605.630s][info][gc,start       ] GC(2164) Pause Young (Allocation Failure)
[605.689s][info][gc,heap        ] GC(2164) PSYoungGen: 141024K(222720K)->37696K(222720K) Eden: 111616K(111616K)->0K(111616K) From: 29408K(111104K)->37696K(111104K)
[605.689s][info][gc,heap        ] GC(2164) ParOldGen: 345750K(528384K)->375062K(528384K)
[605.689s][info][gc,metaspace   ] GC(2164) Metaspace: 19094K(19264K)->19094K(19264K) NonClass: 16433K(16512K)->16433K(16512K) Class: 2661K(2752K)->2661K(2752K)
[605.689s][info][gc             ] GC(2164) Pause Young (Allocation Failure) 475M->403M(733M) 58.707ms
[605.689s][info][gc,cpu         ] GC(2164) User=0.12s Sys=0.00s Real=0.06s
[605.829s][info][gc,start       ] GC(2165) Pause Young (Allocation Failure)
[605.874s][info][gc,heap        ] GC(2165) PSYoungGen: 149312K(222720K)->14144K(219648K) Eden: 111616K(111616K)->0K(111616K) From: 37696K(111104K)->14144K(108032K)
[605.874s][info][gc,heap        ] GC(2165) ParOldGen: 375062K(528384K)->413004K(528384K)
[605.874s][info][gc,metaspace   ] GC(2165) Metaspace: 19094K(19264K)->19094K(19264K) NonClass: 16433K(16512K)->16433K(16512K) Class: 2661K(2752K)->2661K(2752K)
[605.874s][info][gc             ] GC(2165) Pause Young (Allocation Failure) 512M->417M(730M) 45.044ms
[605.874s][info][gc,cpu         ] GC(2165) User=0.09s Sys=0.00s Real=0.04s
[605.974s][info][gc,start       ] GC(2166) Pause Young (Allocation Failure)
[605.997s][info][gc,heap        ] GC(2166) PSYoungGen: 125760K(219648K)->992K(221184K) Eden: 111616K(111616K)->0K(111616K) From: 14144K(108032K)->992K(109568K)
[605.997s][info][gc,heap        ] GC(2166) ParOldGen: 413004K(528384K)->427148K(528384K)
[605.997s][info][gc,metaspace   ] GC(2166) Metaspace: 19094K(19264K)->19094K(19264K) NonClass: 16433K(16512K)->16433K(16512K) Class: 2661K(2752K)->2661K(2752K)
[605.997s][info][gc             ] GC(2166) Pause Young (Allocation Failure) 526M->418M(732M) 23.202ms
[605.997s][info][gc,cpu         ] GC(2166) User=0.05s Sys=0.00s Real=0.03s
[606.094s][info][gc,start       ] GC(2167) Pause Young (Allocation Failure)
[606.099s][info][gc,heap        ] GC(2167) PSYoungGen: 112608K(221184K)->1184K(219648K) Eden: 111616K(111616K)->0K(115712K) From: 992K(109568K)->1184K(103936K)
[606.099s][info][gc,heap        ] GC(2167) ParOldGen: 427148K(528384K)->427940K(528384K)
[606.099s][info][gc,metaspace   ] GC(2167) Metaspace: 19094K(19264K)->19094K(19264K) NonClass: 16433K(16512K)->16433K(16512K) Class: 2661K(2752K)->2661K(2752K)
[606.099s][info][gc             ] GC(2167) Pause Young (Allocation Failure) 527M->419M(730M) 4.586ms
[606.099s][info][gc,cpu         ] GC(2167) User=0.01s Sys=0.00s Real=0.01s
[606.352s][info][gc,start       ] GC(2168) Pause Young (Allocation Failure)
[606.356s][info][gc,heap        ] GC(2168) PSYoungGen: 116896K(219648K)->288K(222208K) Eden: 115712K(115712K)->0K(115712K) From: 1184K(103936K)->288K(106496K)
[606.356s][info][gc,heap        ] GC(2168) ParOldGen: 427940K(528384K)->429116K(528384K)
[606.356s][info][gc,metaspace   ] GC(2168) Metaspace: 19094K(19264K)->19094K(19264K) NonClass: 16433K(16512K)->16433K(16512K) Class: 2661K(2752K)->2661K(2752K)
[606.356s][info][gc             ] GC(2168) Pause Young (Allocation Failure) 532M->419M(733M) 4.067ms
[606.356s][info][gc,cpu         ] GC(2168) User=0.01s Sys=0.00s Real=0.00s
[606.593s][info][gc,start       ] GC(2169) Pause Young (Allocation Failure)
[606.609s][info][gc,heap        ] GC(2169) PSYoungGen: 116000K(222208K)->14112K(215552K) Eden: 115712K(115712K)->0K(122880K) From: 288K(106496K)->14112K(92672K)
[606.609s][info][gc,heap        ] GC(2169) ParOldGen: 429116K(528384K)->429116K(528384K)
[606.609s][info][gc,metaspace   ] GC(2169) Metaspace: 19094K(19264K)->19094K(19264K) NonClass: 16433K(16512K)->16433K(16512K) Class: 2661K(2752K)->2661K(2752K)
[606.609s][info][gc             ] GC(2169) Pause Young (Allocation Failure) 532M->432M(726M) 16.228ms
[606.609s][info][gc,cpu         ] GC(2169) User=0.03s Sys=0.00s Real=0.02s
[606.741s][info][gc,start       ] GC(2170) Pause Young (Allocation Failure)
[606.800s][info][gc,heap        ] GC(2170) PSYoungGen: 136992K(215552K)->65283K(221696K) Eden: 122880K(122880K)->0K(122880K) From: 14112K(92672K)->65283K(98816K)
[606.800s][info][gc,heap        ] GC(2170) ParOldGen: 429116K(528384K)->429116K(528384K)
[606.800s][info][gc,metaspace   ] GC(2170) Metaspace: 19094K(19264K)->19094K(19264K) NonClass: 16433K(16512K)->16433K(16512K) Class: 2661K(2752K)->2661K(2752K)
[606.800s][info][gc             ] GC(2170) Pause Young (Allocation Failure) 552M->482M(732M) 59.165ms
[606.800s][info][gc,cpu         ] GC(2170) User=0.12s Sys=0.00s Real=0.06s
[606.945s][info][gc,start       ] GC(2171) Pause Young (Allocation Failure)
[607.035s][info][gc,heap        ] GC(2171) PSYoungGen: 188163K(221696K)->99496K(217600K) Eden: 122880K(122880K)->0K(111616K) From: 65283K(98816K)->99496K(105984K)
[607.035s][info][gc,heap        ] GC(2171) ParOldGen: 429116K(528384K)->429116K(528384K)
[607.035s][info][gc,metaspace   ] GC(2171) Metaspace: 19094K(19264K)->19094K(19264K) NonClass: 16433K(16512K)->16433K(16512K) Class: 2661K(2752K)->2661K(2752K)
[607.035s][info][gc             ] GC(2171) Pause Young (Allocation Failure) 602M->516M(728M) 90.748ms
[607.035s][info][gc,cpu         ] GC(2171) User=0.17s Sys=0.01s Real=0.09s
[607.089s][info][gc,start       ] GC(2172) Pause Young (Allocation Failure)
[607.225s][info][gc,heap        ] GC(2172) PSYoungGen: 211112K(217600K)->111076K(222720K) Eden: 111616K(111616K)->0K(111616K) From: 99496K(105984K)->111076K(111104K)
[607.225s][info][gc,heap        ] GC(2172) ParOldGen: 429116K(528384K)->467215K(528384K)
[607.225s][info][gc,metaspace   ] GC(2172) Metaspace: 19094K(19264K)->19094K(19264K) NonClass: 16433K(16512K)->16433K(16512K) Class: 2661K(2752K)->2661K(2752K)
[607.226s][info][gc             ] GC(2172) Pause Young (Allocation Failure) 625M->564M(733M) 136.184ms
[607.226s][info][gc,cpu         ] GC(2172) User=0.27s Sys=0.00s Real=0.13s
[607.309s][info][gc,start       ] GC(2173) Pause Young (Allocation Failure)
[607.435s][info][gc,heap        ] GC(2173) PSYoungGen: 222692K(222720K)->59552K(222720K) Eden: 111616K(111616K)->0K(111616K) From: 111076K(111104K)->59552K(111104K)
[607.435s][info][gc,heap        ] GC(2173) ParOldGen: 467215K(528384K)->536780K(537088K)
[607.435s][info][gc,metaspace   ] GC(2173) Metaspace: 19094K(19264K)->19094K(19264K) NonClass: 16433K(16512K)->16433K(16512K) Class: 2661K(2752K)->2661K(2752K)
[607.435s][info][gc             ] GC(2173) Pause Young (Allocation Failure) 673M->582M(742M) 126.298ms
[607.435s][info][gc,cpu         ] GC(2173) User=0.24s Sys=0.01s Real=0.12s
[607.586s][info][gc,start       ] GC(2174) Pause Young (Allocation Failure)
[607.680s][info][gc,heap        ] GC(2174) PSYoungGen: 171168K(222720K)->3300K(222720K) Eden: 111616K(111616K)->0K(111616K) From: 59552K(111104K)->3300K(111104K)
[607.680s][info][gc,heap        ] GC(2174) ParOldGen: 536780K(537088K)->596508K(596992K)
[607.680s][info][gc,metaspace   ] GC(2174) Metaspace: 19095K(19264K)->19095K(19264K) NonClass: 16434K(16512K)->16434K(16512K) Class: 2661K(2752K)->2661K(2752K)
[607.680s][info][gc             ] GC(2174) Pause Young (Allocation Failure) 691M->585M(800M) 93.852ms
[607.680s][info][gc,cpu         ] GC(2174) User=0.13s Sys=0.05s Real=0.10s
[607.818s][info][gc,start       ] GC(2175) Pause Full (Allocation Failure)
[607.818s][info][gc,phases,start] GC(2175) Marking Phase
[607.884s][info][gc,phases      ] GC(2175) Marking Phase 65.720ms
[607.884s][info][gc,phases,start] GC(2175) Summary Phase
[607.884s][info][gc,phases      ] GC(2175) Summary Phase 0.025ms
[607.884s][info][gc,phases,start] GC(2175) Forward
[607.910s][info][gc,phases      ] GC(2175) Forward 25.747ms
[607.910s][info][gc,phases,start] GC(2175) Adjust Pointers
[607.959s][info][gc,phases      ] GC(2175) Adjust Pointers 49.099ms
[607.959s][info][gc,phases,start] GC(2175) Compaction Phase
[607.984s][info][gc,phases      ] GC(2175) Compaction Phase 25.078ms
[607.987s][info][gc,phases,start] GC(2175) Post Compact
[607.989s][info][gc,phases      ] GC(2175) Post Compact 2.053ms
[607.999s][info][gc,heap        ] GC(2175) PSYoungGen: 114916K(222720K)->0K(222720K) Eden: 111616K(111616K)->0K(111616K) From: 3300K(111104K)->0K(111104K)
[607.999s][info][gc,heap        ] GC(2175) ParOldGen: 596508K(596992K)->104181K(482304K)
[607.999s][info][gc,metaspace   ] GC(2175) Metaspace: 19096K(19264K)->19096K(19264K) NonClass: 16434K(16512K)->16434K(16512K) Class: 2661K(2752K)->2661K(2752K)
[607.999s][info][gc             ] GC(2175) Pause Full (Allocation Failure) 694M->101M(688M) 180.690ms
[607.999s][info][gc,cpu         ] GC(2175) User=0.29s Sys=0.01s Real=0.18s
[608.111s][info][gc,start       ] GC(2176) Pause Young (Allocation Failure)
[608.125s][info][gc,heap        ] GC(2176) PSYoungGen: 111616K(222720K)->17776K(222720K) Eden: 111616K(111616K)->0K(111616K) From: 0K(111104K)->17776K(111104K)
[608.125s][info][gc,heap        ] GC(2176) ParOldGen: 104181K(482304K)->104181K(482304K)
[608.125s][info][gc,metaspace   ] GC(2176) Metaspace: 19096K(19264K)->19096K(19264K) NonClass: 16434K(16512K)->16434K(16512K) Class: 2661K(2752K)->2661K(2752K)
[608.125s][info][gc             ] GC(2176) Pause Young (Allocation Failure) 210M->119M(688M) 13.617ms
[608.125s][info][gc,cpu         ] GC(2176) User=0.02s Sys=0.00s Real=0.01s
[608.183s][info][gc,start       ] GC(2177) Pause Young (Allocation Failure)
[608.223s][info][gc,heap        ] GC(2177) PSYoungGen: 129392K(222720K)->39552K(222720K) Eden: 111616K(111616K)->0K(111616K) From: 17776K(111104K)->39552K(111104K)
[608.223s][info][gc,heap        ] GC(2177) ParOldGen: 104181K(482304K)->122085K(482304K)
[608.223s][info][gc,metaspace   ] GC(2177) Metaspace: 19096K(19264K)->19096K(19264K) NonClass: 16434K(16512K)->16434K(16512K) Class: 2661K(2752K)->2661K(2752K)
[608.223s][info][gc             ] GC(2177) Pause Young (Allocation Failure) 228M->157M(688M) 39.438ms
[608.223s][info][gc,cpu         ] GC(2177) User=0.07s Sys=0.00s Real=0.04s
[608.358s][info][gc,start       ] GC(2178) Pause Young (Allocation Failure)
[608.424s][info][gc,heap        ] GC(2178) PSYoungGen: 151168K(222720K)->49760K(222720K) Eden: 111616K(111616K)->0K(111616K) From: 39552K(111104K)->49760K(111104K)
[608.424s][info][gc,heap        ] GC(2178) ParOldGen: 122085K(482304K)->162093K(482304K)
[608.424s][info][gc,metaspace   ] GC(2178) Metaspace: 19096K(19264K)->19096K(19264K) NonClass: 16434K(16512K)->16434K(16512K) Class: 2661K(2752K)->2661K(2752K)
[608.424s][info][gc             ] GC(2178) Pause Young (Allocation Failure) 266M->206M(688M) 66.584ms
[608.424s][info][gc,cpu         ] GC(2178) User=0.13s Sys=0.00s Real=0.06s
[608.488s][info][gc,start       ] GC(2179) Pause Young (Allocation Failure)
[608.554s][info][gc,heap        ] GC(2179) PSYoungGen: 161376K(222720K)->22848K(222720K) Eden: 111616K(111616K)->0K(111616K) From: 49760K(111104K)->22848K(111104K)
[608.554s][info][gc,heap        ] GC(2179) ParOldGen: 162093K(482304K)->212085K(482304K)
[608.554s][info][gc,metaspace   ] GC(2179) Metaspace: 19096K(19264K)->19096K(19264K) NonClass: 16434K(16512K)->16434K(16512K) Class: 2661K(2752K)->2661K(2752K)
[608.554s][info][gc             ] GC(2179) Pause Young (Allocation Failure) 315M->229M(688M) 65.807ms
[608.554s][info][gc,cpu         ] GC(2179) User=0.13s Sys=0.00s Real=0.06s
[608.600s][info][gc,start       ] GC(2180) Pause Young (Allocation Failure)
[608.647s][info][gc,heap        ] GC(2180) PSYoungGen: 134464K(222720K)->32800K(222720K) Eden: 111616K(111616K)->0K(111616K) From: 22848K(111104K)->32800K(111104K)
[608.647s][info][gc,heap        ] GC(2180) ParOldGen: 212085K(482304K)->235045K(482304K)
[608.647s][info][gc,metaspace   ] GC(2180) Metaspace: 19096K(19264K)->19096K(19264K) NonClass: 16434K(16512K)->16434K(16512K) Class: 2661K(2752K)->2661K(2752K)
[608.647s][info][gc             ] GC(2180) Pause Young (Allocation Failure) 338M->261M(688M) 47.851ms
[608.647s][info][gc,cpu         ] GC(2180) User=0.10s Sys=0.00s Real=0.05s
[608.769s][info][gc,start       ] GC(2181) Pause Young (Allocation Failure)
[608.836s][info][gc,heap        ] GC(2181) PSYoungGen: 144416K(222720K)->42337K(217600K) Eden: 111616K(111616K)->0K(111616K) From: 32800K(111104K)->42337K(105984K)
[608.836s][info][gc,heap        ] GC(2181) ParOldGen: 235045K(482304K)->268213K(482304K)
[608.836s][info][gc,metaspace   ] GC(2181) Metaspace: 19098K(19264K)->19098K(19264K) NonClass: 16437K(16512K)->16437K(16512K) Class: 2661K(2752K)->2661K(2752K)
[608.836s][info][gc             ] GC(2181) Pause Young (Allocation Failure) 370M->303M(683M) 66.970ms
[608.836s][info][gc,cpu         ] GC(2181) User=0.13s Sys=0.00s Real=0.06s
[608.921s][info][gc,start       ] GC(2182) Pause Young (Allocation Failure)
[608.978s][info][gc,heap        ] GC(2182) PSYoungGen: 153953K(217600K)->11904K(220160K) Eden: 111616K(111616K)->0K(111616K) From: 42337K(105984K)->11904K(108544K)
[608.978s][info][gc,heap        ] GC(2182) ParOldGen: 268213K(482304K)->310866K(482304K)
[608.978s][info][gc,metaspace   ] GC(2182) Metaspace: 19098K(19264K)->19098K(19264K) NonClass: 16437K(16512K)->16437K(16512K) Class: 2661K(2752K)->2661K(2752K)
[608.978s][info][gc             ] GC(2182) Pause Young (Allocation Failure) 412M->315M(686M) 57.463ms
[608.978s][info][gc,cpu         ] GC(2182) User=0.11s Sys=0.00s Real=0.06s
[609.063s][info][gc,start       ] GC(2183) Pause Young (Allocation Failure)
[609.099s][info][gc,heap        ] GC(2183) PSYoungGen: 123520K(220160K)->11968K(219648K) Eden: 111616K(111616K)->0K(118784K) From: 11904K(108544K)->11968K(100864K)
[609.099s][info][gc,heap        ] GC(2183) ParOldGen: 310866K(482304K)->322738K(482304K)
[609.099s][info][gc,metaspace   ] GC(2183) Metaspace: 19098K(19264K)->19098K(19264K) NonClass: 16437K(16512K)->16437K(16512K) Class: 2661K(2752K)->2661K(2752K)
[609.099s][info][gc             ] GC(2183) Pause Young (Allocation Failure) 424M->326M(685M) 35.850ms
[609.099s][info][gc,cpu         ] GC(2183) User=0.07s Sys=0.00s Real=0.04s
[609.218s][info][gc,start       ] GC(2184) Pause Young (Allocation Failure)
[609.268s][info][gc,heap        ] GC(2184) PSYoungGen: 130752K(219648K)->27457K(222720K) Eden: 118784K(118784K)->0K(118784K) From: 11968K(100864K)->27457K(103936K)
[609.268s][info][gc,heap        ] GC(2184) ParOldGen: 322738K(482304K)->334714K(482304K)
[609.268s][info][gc,metaspace   ] GC(2184) Metaspace: 19098K(19264K)->19098K(19264K) NonClass: 16437K(16512K)->16437K(16512K) Class: 2661K(2752K)->2661K(2752K)
[609.269s][info][gc             ] GC(2184) Pause Young (Allocation Failure) 442M->353M(688M) 50.484ms
[609.269s][info][gc,cpu         ] GC(2184) User=0.10s Sys=0.00s Real=0.05s
[609.342s][info][gc,start       ] GC(2185) Pause Young (Allocation Failure)
[609.390s][info][gc,heap        ] GC(2185) PSYoungGen: 146241K(222720K)->12576K(226304K) Eden: 118784K(118784K)->0K(131584K) From: 27457K(103936K)->12576K(94720K)
[609.390s][info][gc,heap        ] GC(2185) ParOldGen: 334714K(482304K)->362207K(482304K)
[609.390s][info][gc,metaspace   ] GC(2185) Metaspace: 19098K(19264K)->19098K(19264K) NonClass: 16437K(16512K)->16437K(16512K) Class: 2661K(2752K)->2661K(2752K)
[609.390s][info][gc             ] GC(2185) Pause Young (Allocation Failure) 469M->365M(692M) 47.352ms
[609.390s][info][gc,cpu         ] GC(2185) User=0.09s Sys=0.00s Real=0.05s
[609.485s][info][gc,start       ] GC(2186) Pause Young (Allocation Failure)
[609.518s][info][gc,heap        ] GC(2186) PSYoungGen: 144160K(226304K)->16320K(226816K) Eden: 131584K(131584K)->0K(131584K) From: 12576K(94720K)->16320K(95232K)
[609.518s][info][gc,heap        ] GC(2186) ParOldGen: 362207K(482304K)->374775K(482304K)
[609.518s][info][gc,metaspace   ] GC(2186) Metaspace: 19098K(19264K)->19098K(19264K) NonClass: 16437K(16512K)->16437K(16512K) Class: 2661K(2752K)->2661K(2752K)
[609.518s][info][gc             ] GC(2186) Pause Young (Allocation Failure) 494M->381M(692M) 33.157ms
[609.518s][info][gc,cpu         ] GC(2186) User=0.07s Sys=0.00s Real=0.04s
[609.610s][info][gc,start       ] GC(2187) Pause Young (Allocation Failure)
[609.638s][info][gc,heap        ] GC(2187) PSYoungGen: 147904K(226816K)->7648K(236544K) Eden: 131584K(131584K)->0K(145920K) From: 16320K(95232K)->7648K(90624K)
[609.638s][info][gc,heap        ] GC(2187) ParOldGen: 374775K(482304K)->391127K(482304K)
[609.638s][info][gc,metaspace   ] GC(2187) Metaspace: 19098K(19264K)->19098K(19264K) NonClass: 16437K(16512K)->16437K(16512K) Class: 2661K(2752K)->2661K(2752K)
[609.638s][info][gc             ] GC(2187) Pause Young (Allocation Failure) 510M->389M(702M) 28.037ms
[609.638s][info][gc,cpu         ] GC(2187) User=0.05s Sys=0.00s Real=0.03s
[609.746s][info][gc,start       ] GC(2188) Pause Young (Allocation Failure)
[609.761s][info][gc,heap        ] GC(2188) PSYoungGen: 153568K(236544K)->1856K(235520K) Eden: 145920K(145920K)->0K(145920K) From: 7648K(90624K)->1856K(89600K)
[609.761s][info][gc,heap        ] GC(2188) ParOldGen: 391127K(482304K)->398759K(482304K)
[609.761s][info][gc,metaspace   ] GC(2188) Metaspace: 19098K(19264K)->19098K(19264K) NonClass: 16437K(16512K)->16437K(16512K) Class: 2661K(2752K)->2661K(2752K)
[609.761s][info][gc             ] GC(2188) Pause Young (Allocation Failure) 531M->391M(701M) 15.157ms
[609.761s][info][gc,cpu         ] GC(2188) User=0.03s Sys=0.00s Real=0.01s
[609.876s][info][gc,start       ] GC(2189) Pause Young (Allocation Failure)
[609.903s][info][gc,heap        ] GC(2189) PSYoungGen: 147776K(235520K)->20000K(235520K) Eden: 145920K(145920K)->0K(156160K) From: 1856K(89600K)->20000K(79360K)
[609.903s][info][gc,heap        ] GC(2189) ParOldGen: 398759K(482304K)->400607K(482304K)
[609.903s][info][gc,metaspace   ] GC(2189) Metaspace: 19098K(19264K)->19098K(19264K) NonClass: 16437K(16512K)->16437K(16512K) Class: 2661K(2752K)->2661K(2752K)
[609.903s][info][gc             ] GC(2189) Pause Young (Allocation Failure) 533M->410M(701M) 27.352ms
[609.903s][info][gc,cpu         ] GC(2189) User=0.05s Sys=0.00s Real=0.03s
[610.075s][info][gc,start       ] GC(2190) Pause Young (Allocation Failure)
[610.108s][info][gc,heap        ] GC(2190) PSYoungGen: 176160K(235520K)->10752K(238592K) Eden: 156160K(156160K)->0K(156160K) From: 20000K(79360K)->10752K(82432K)
[610.108s][info][gc,heap        ] GC(2190) ParOldGen: 400607K(482304K)->420589K(482304K)
[610.108s][info][gc,metaspace   ] GC(2190) Metaspace: 19098K(19264K)->19098K(19264K) NonClass: 16437K(16512K)->16437K(16512K) Class: 2661K(2752K)->2661K(2752K)
[610.108s][info][gc             ] GC(2190) Pause Young (Allocation Failure) 563M->421M(704M) 33.622ms
[610.108s][info][gc,cpu         ] GC(2190) User=0.07s Sys=0.00s Real=0.04s
[610.525s][info][gc,start       ] GC(2191) Pause Young (Allocation Failure)
[610.553s][info][gc,heap        ] GC(2191) PSYoungGen: 166912K(238592K)->14464K(243200K) Eden: 156160K(156160K)->0K(172032K) From: 10752K(82432K)->14464K(71168K)
[610.553s][info][gc,heap        ] GC(2191) ParOldGen: 420589K(482304K)->431341K(482304K)
[610.553s][info][gc,metaspace   ] GC(2191) Metaspace: 19098K(19264K)->19098K(19264K) NonClass: 16437K(16512K)->16437K(16512K) Class: 2661K(2752K)->2661K(2752K)
[610.553s][info][gc             ] GC(2191) Pause Young (Allocation Failure) 573M->435M(708M) 27.596ms
[610.553s][info][gc,cpu         ] GC(2191) User=0.06s Sys=0.00s Real=0.03s
[610.983s][info][gc,start       ] GC(2192) Pause Young (Allocation Failure)
[610.999s][info][gc,heap        ] GC(2192) PSYoungGen: 186496K(243200K)->128K(247296K) Eden: 172032K(172032K)->0K(172032K) From: 14464K(71168K)->128K(75264K)
[610.999s][info][gc,heap        ] GC(2192) ParOldGen: 431341K(482304K)->445810K(482304K)
[610.999s][info][gc,metaspace   ] GC(2192) Metaspace: 19098K(19264K)->19098K(19264K) NonClass: 16437K(16512K)->16437K(16512K) Class: 2661K(2752K)->2661K(2752K)
[610.999s][info][gc             ] GC(2192) Pause Young (Allocation Failure) 603M->435M(712M) 16.552ms
[610.999s][info][gc,cpu         ] GC(2192) User=0.03s Sys=0.00s Real=0.02s
[611.381s][info][gc,start       ] GC(2193) Pause Young (Allocation Failure)
[611.383s][info][gc,heap        ] GC(2193) PSYoungGen: 172160K(247296K)->64K(253952K) Eden: 172032K(172032K)->0K(184832K) From: 128K(75264K)->64K(69120K)
[611.383s][info][gc,heap        ] GC(2193) ParOldGen: 445810K(482304K)->445906K(482304K)
[611.383s][info][gc,metaspace   ] GC(2193) Metaspace: 19098K(19264K)->19098K(19264K) NonClass: 16437K(16512K)->16437K(16512K) Class: 2661K(2752K)->2661K(2752K)
[611.383s][info][gc             ] GC(2193) Pause Young (Allocation Failure) 603M->435M(719M) 2.125ms
[611.383s][info][gc,cpu         ] GC(2193) User=0.01s Sys=0.00s Real=0.00s
[611.788s][info][gc,start       ] GC(2194) Pause Young (Allocation Failure)
[611.798s][info][gc,heap        ] GC(2194) PSYoungGen: 184896K(253952K)->64K(257024K) Eden: 184832K(184832K)->0K(184832K) From: 64K(69120K)->64K(72192K)
[611.798s][info][gc,heap        ] GC(2194) ParOldGen: 445906K(482304K)->445906K(482304K)
[611.798s][info][gc,metaspace   ] GC(2194) Metaspace: 19098K(19264K)->19098K(19264K) NonClass: 16437K(16512K)->16437K(16512K) Class: 2661K(2752K)->2661K(2752K)
[611.798s][info][gc             ] GC(2194) Pause Young (Allocation Failure) 616M->435M(722M) 9.780ms
[611.798s][info][gc,cpu         ] GC(2194) User=0.02s Sys=0.00s Real=0.01s
[612.022s][info][gc,start       ] GC(2195) Pause Young (Allocation Failure)
[612.062s][info][gc,heap        ] GC(2195) PSYoungGen: 184896K(257024K)->41574K(256000K) Eden: 184832K(184832K)->0K(186368K) From: 64K(72192K)->41574K(69632K)
[612.062s][info][gc,heap        ] GC(2195) ParOldGen: 445906K(482304K)->445906K(482304K)
[612.062s][info][gc,metaspace   ] GC(2195) Metaspace: 19099K(19264K)->19099K(19264K) NonClass: 16438K(16512K)->16438K(16512K) Class: 2661K(2752K)->2661K(2752K)
[612.062s][info][gc             ] GC(2195) Pause Young (Allocation Failure) 616M->476M(721M) 39.824ms
[612.062s][info][gc,cpu         ] GC(2195) User=0.08s Sys=0.01s Real=0.04s
[612.245s][info][gc,start       ] GC(2196) Pause Young (Allocation Failure)
[612.310s][info][gc,heap        ] GC(2196) PSYoungGen: 227942K(256000K)->73718K(260096K) Eden: 186368K(186368K)->0K(186368K) From: 41574K(69632K)->73718K(73728K)
[612.310s][info][gc,heap        ] GC(2196) ParOldGen: 445906K(482304K)->460938K(482304K)
[612.310s][info][gc,metaspace   ] GC(2196) Metaspace: 19099K(19264K)->19099K(19264K) NonClass: 16438K(16512K)->16438K(16512K) Class: 2661K(2752K)->2661K(2752K)
[612.310s][info][gc             ] GC(2196) Pause Young (Allocation Failure) 658M->522M(725M) 65.306ms
[612.310s][info][gc,cpu         ] GC(2196) User=0.13s Sys=0.00s Real=0.07s
[612.419s][info][gc,start       ] GC(2197) Pause Young (Allocation Failure)
[612.498s][info][gc,heap        ] GC(2197) PSYoungGen: 260086K(260096K)->73702K(185344K) Eden: 186368K(186368K)->0K(111616K) From: 73718K(73728K)->73702K(73728K)
[612.498s][info][gc,heap        ] GC(2197) ParOldGen: 460938K(482304K)->483866K(484352K)
[612.498s][info][gc,metaspace   ] GC(2197) Metaspace: 19099K(19264K)->19099K(19264K) NonClass: 16438K(16512K)->16438K(16512K) Class: 2661K(2752K)->2661K(2752K)
[612.498s][info][gc             ] GC(2197) Pause Young (Allocation Failure) 704M->544M(654M) 79.517ms
[612.498s][info][gc,cpu         ] GC(2197) User=0.15s Sys=0.01s Real=0.08s
[612.604s][info][gc,start       ] GC(2198) Pause Young (Allocation Failure)
[612.742s][info][gc,heap        ] GC(2198) PSYoungGen: 185318K(185344K)->33068K(222720K) Eden: 111616K(111616K)->0K(111616K) From: 73702K(73728K)->33068K(111104K)
[612.742s][info][gc,heap        ] GC(2198) ParOldGen: 483866K(484352K)->553763K(553984K)
[612.742s][info][gc,metaspace   ] GC(2198) Metaspace: 19099K(19264K)->19099K(19264K) NonClass: 16438K(16512K)->16438K(16512K) Class: 2661K(2752K)->2661K(2752K)
[612.742s][info][gc             ] GC(2198) Pause Young (Allocation Failure) 653M->573M(758M) 138.015ms
[612.742s][info][gc,cpu         ] GC(2198) User=0.22s Sys=0.06s Real=0.14s
[612.823s][info][gc,start       ] GC(2199) Pause Young (Allocation Failure)
[612.885s][info][gc,heap        ] GC(2199) PSYoungGen: 144684K(222720K)->3104K(212992K) Eden: 111616K(111616K)->0K(117248K) From: 33068K(111104K)->3104K(95744K)
[612.885s][info][gc,heap        ] GC(2199) ParOldGen: 553763K(553984K)->586958K(587264K)
[612.885s][info][gc,metaspace   ] GC(2199) Metaspace: 19099K(19264K)->19099K(19264K) NonClass: 16438K(16512K)->16438K(16512K) Class: 2661K(2752K)->2661K(2752K)
[612.885s][info][gc             ] GC(2199) Pause Young (Allocation Failure) 682M->576M(781M) 62.126ms
[612.885s][info][gc,cpu         ] GC(2199) User=0.09s Sys=0.03s Real=0.06s
[612.965s][info][gc,start       ] GC(2200) Pause Young (Allocation Failure)
[612.989s][info][gc,heap        ] GC(2200) PSYoungGen: 120352K(212992K)->11488K(220672K) Eden: 117248K(117248K)->0K(117248K) From: 3104K(95744K)->11488K(103424K)
[612.989s][info][gc,heap        ] GC(2200) ParOldGen: 586958K(587264K)->590014K(590336K)
[612.989s][info][gc,metaspace   ] GC(2200) Metaspace: 19099K(19264K)->19099K(19264K) NonClass: 16438K(16512K)->16438K(16512K) Class: 2661K(2752K)->2661K(2752K)
[612.990s][info][gc             ] GC(2200) Pause Young (Allocation Failure) 690M->587M(792M) 24.091ms
[612.990s][info][gc,cpu         ] GC(2200) User=0.04s Sys=0.00s Real=0.03s
[613.092s][info][gc,start       ] GC(2201) Pause Young (Allocation Failure)
[613.145s][info][gc,heap        ] GC(2201) PSYoungGen: 128736K(220672K)->27072K(214016K) Eden: 117248K(117248K)->0K(131072K) From: 11488K(103424K)->27072K(82944K)
[613.145s][info][gc,heap        ] GC(2201) ParOldGen: 590014K(590336K)->601510K(601600K)
[613.145s][info][gc,metaspace   ] GC(2201) Metaspace: 19099K(19264K)->19099K(19264K) NonClass: 16438K(16512K)->16438K(16512K) Class: 2661K(2752K)->2661K(2752K)
[613.145s][info][gc             ] GC(2201) Pause Young (Allocation Failure) 701M->613M(796M) 52.731ms
[613.145s][info][gc,cpu         ] GC(2201) User=0.09s Sys=0.01s Real=0.05s
[613.243s][info][gc,start       ] GC(2202) Pause Young (Allocation Failure)
[613.307s][info][gc,heap        ] GC(2202) PSYoungGen: 158144K(214016K)->19456K(223232K) Eden: 131072K(131072K)->0K(131072K) From: 27072K(82944K)->19456K(92160K)
[613.307s][info][gc,heap        ] GC(2202) ParOldGen: 601510K(601600K)->628622K(628736K)
[613.307s][info][gc,metaspace   ] GC(2202) Metaspace: 19099K(19264K)->19099K(19264K) NonClass: 16438K(16512K)->16438K(16512K) Class: 2661K(2752K)->2661K(2752K)
[613.307s][info][gc             ] GC(2202) Pause Young (Allocation Failure) 741M->632M(832M) 64.280ms
[613.307s][info][gc,cpu         ] GC(2202) User=0.10s Sys=0.02s Real=0.07s
[613.376s][info][gc,start       ] GC(2203) Pause Full (Allocation Failure)
[613.376s][info][gc,phases,start] GC(2203) Marking Phase
[613.640s][info][gc,phases      ] GC(2203) Marking Phase 263.925ms
[613.640s][info][gc,phases,start] GC(2203) Summary Phase
[613.640s][info][gc,phases      ] GC(2203) Summary Phase 0.027ms
[613.640s][info][gc,phases,start] GC(2203) Forward
[613.735s][info][gc,phases      ] GC(2203) Forward 94.673ms
[613.735s][info][gc,phases,start] GC(2203) Adjust Pointers
[613.941s][info][gc,phases      ] GC(2203) Adjust Pointers 205.517ms
[613.941s][info][gc,phases,start] GC(2203) Compaction Phase
[614.059s][info][gc,phases      ] GC(2203) Compaction Phase 117.773ms
[614.067s][info][gc,phases,start] GC(2203) Post Compact
[614.069s][info][gc,phases      ] GC(2203) Post Compact 2.271ms
[614.069s][info][gc,heap        ] GC(2203) PSYoungGen: 150528K(223232K)->0K(237056K) Eden: 131072K(131072K)->0K(149504K) From: 19456K(92160K)->0K(87552K)
[614.069s][info][gc,heap        ] GC(2203) ParOldGen: 628622K(628736K)->375557K(667648K)
[614.069s][info][gc,metaspace   ] GC(2203) Metaspace: 19099K(19264K)->19099K(19264K) NonClass: 16438K(16512K)->16438K(16512K) Class: 2661K(2752K)->2661K(2752K)
[614.069s][info][gc             ] GC(2203) Pause Full (Allocation Failure) 760M->366M(883M) 693.072ms
[614.069s][info][gc,cpu         ] GC(2203) User=1.31s Sys=0.00s Real=0.69s
[614.178s][info][gc,start       ] GC(2204) Pause Young (Allocation Failure)
[614.191s][info][gc,heap        ] GC(2204) PSYoungGen: 149504K(237056K)->8608K(237056K) Eden: 149504K(149504K)->0K(149504K) From: 0K(87552K)->8608K(87552K)
[614.191s][info][gc,heap        ] GC(2204) ParOldGen: 375557K(667648K)->375557K(667648K)
[614.191s][info][gc,metaspace   ] GC(2204) Metaspace: 19099K(19264K)->19099K(19264K) NonClass: 16438K(16512K)->16438K(16512K) Class: 2661K(2752K)->2661K(2752K)
[614.191s][info][gc             ] GC(2204) Pause Young (Allocation Failure) 512M->375M(883M) 13.259ms
[614.191s][info][gc,cpu         ] GC(2204) User=0.03s Sys=0.00s Real=0.01s
[614.353s][info][gc,start       ] GC(2205) Pause Young (Allocation Failure)
[614.370s][info][gc,heap        ] GC(2205) PSYoungGen: 158112K(237056K)->3360K(244224K) Eden: 149504K(149504K)->0K(160768K) From: 8608K(87552K)->3360K(83456K)
[614.370s][info][gc,heap        ] GC(2205) ParOldGen: 375557K(667648K)->384165K(667648K)
[614.370s][info][gc,metaspace   ] GC(2205) Metaspace: 19099K(19264K)->19099K(19264K) NonClass: 16438K(16512K)->16438K(16512K) Class: 2661K(2752K)->2661K(2752K)
[614.370s][info][gc             ] GC(2205) Pause Young (Allocation Failure) 521M->378M(890M) 16.879ms
[614.370s][info][gc,cpu         ] GC(2205) User=0.03s Sys=0.00s Real=0.02s
[614.574s][info][gc,start       ] GC(2206) Pause Young (Allocation Failure)
[614.601s][info][gc,heap        ] GC(2206) PSYoungGen: 164128K(244224K)->19552K(243200K) Eden: 160768K(160768K)->0K(160768K) From: 3360K(83456K)->19552K(82432K)
[614.601s][info][gc,heap        ] GC(2206) ParOldGen: 384165K(667648K)->387498K(667648K)
[614.601s][info][gc,metaspace   ] GC(2206) Metaspace: 19099K(19264K)->19099K(19264K) NonClass: 16438K(16512K)->16438K(16512K) Class: 2661K(2752K)->2661K(2752K)
[614.601s][info][gc             ] GC(2206) Pause Young (Allocation Failure) 535M->397M(889M) 26.612ms
[614.601s][info][gc,cpu         ] GC(2206) User=0.05s Sys=0.01s Real=0.03s
[614.885s][info][gc,start       ] GC(2207) Pause Young (Allocation Failure)
[614.928s][info][gc,heap        ] GC(2207) PSYoungGen: 180320K(243200K)->19280K(246272K) Eden: 160768K(160768K)->0K(173056K) From: 19552K(82432K)->19280K(73216K)
[614.928s][info][gc,heap        ] GC(2207) ParOldGen: 387498K(667648K)->407055K(667648K)
[614.928s][info][gc,metaspace   ] GC(2207) Metaspace: 19099K(19264K)->19099K(19264K) NonClass: 16438K(16512K)->16438K(16512K) Class: 2661K(2752K)->2661K(2752K)
[614.928s][info][gc             ] GC(2207) Pause Young (Allocation Failure) 554M->416M(892M) 43.397ms
[614.928s][info][gc,cpu         ] GC(2207) User=0.09s Sys=0.00s Real=0.05s
[615.131s][info][gc,start       ] GC(2208) Pause Young (Allocation Failure)
[615.170s][info][gc,heap        ] GC(2208) PSYoungGen: 192336K(246272K)->26736K(245248K) Eden: 173056K(173056K)->0K(173056K) From: 19280K(73216K)->26736K(72192K)
[615.170s][info][gc,heap        ] GC(2208) ParOldGen: 407055K(667648K)->426391K(667648K)
[615.170s][info][gc,metaspace   ] GC(2208) Metaspace: 19099K(19264K)->19099K(19264K) NonClass: 16438K(16512K)->16438K(16512K) Class: 2661K(2752K)->2661K(2752K)
[615.170s][info][gc             ] GC(2208) Pause Young (Allocation Failure) 585M->442M(891M) 39.538ms
[615.170s][info][gc,cpu         ] GC(2208) User=0.08s Sys=0.00s Real=0.04s
[615.353s][info][gc,start       ] GC(2209) Pause Young (Allocation Failure)
[615.411s][info][gc,heap        ] GC(2209) PSYoungGen: 199792K(245248K)->53024K(251392K) Eden: 173056K(173056K)->0K(182272K) From: 26736K(72192K)->53024K(69120K)
[615.411s][info][gc,heap        ] GC(2209) ParOldGen: 426391K(667648K)->453359K(667648K)
[615.411s][info][gc,metaspace   ] GC(2209) Metaspace: 19099K(19264K)->19099K(19264K) NonClass: 16438K(16512K)->16438K(16512K) Class: 2661K(2752K)->2661K(2752K)
[615.411s][info][gc             ] GC(2209) Pause Young (Allocation Failure) 611M->494M(897M) 57.628ms
[615.411s][info][gc,cpu         ] GC(2209) User=0.12s Sys=0.00s Real=0.06s
[615.667s][info][gc,start       ] GC(2210) Pause Young (Allocation Failure)
[615.740s][info][gc,heap        ] GC(2210) PSYoungGen: 235296K(251392K)->21032K(257536K) Eden: 182272K(182272K)->0K(182272K) From: 53024K(69120K)->21032K(75264K)
[615.740s][info][gc,heap        ] GC(2210) ParOldGen: 453359K(667648K)->506976K(667648K)
[615.740s][info][gc,metaspace   ] GC(2210) Metaspace: 19099K(19264K)->19099K(19264K) NonClass: 16438K(16512K)->16438K(16512K) Class: 2661K(2752K)->2661K(2752K)
[615.741s][info][gc             ] GC(2210) Pause Young (Allocation Failure) 672M->515M(903M) 73.475ms
[615.741s][info][gc,cpu         ] GC(2210) User=0.14s Sys=0.00s Real=0.07s
[615.959s][info][gc,start       ] GC(2211) Pause Young (Allocation Failure)
[616.028s][info][gc,heap        ] GC(2211) PSYoungGen: 203304K(257536K)->34688K(254464K) Eden: 182272K(182272K)->0K(187392K) From: 21032K(75264K)->34688K(67072K)
[616.028s][info][gc,heap        ] GC(2211) ParOldGen: 506976K(667648K)->528014K(667648K)
[616.028s][info][gc,metaspace   ] GC(2211) Metaspace: 19099K(19264K)->19099K(19264K) NonClass: 16438K(16512K)->16438K(16512K) Class: 2661K(2752K)->2661K(2752K)
[616.028s][info][gc             ] GC(2211) Pause Young (Allocation Failure) 693M->549M(900M) 68.837ms
[616.028s][info][gc,cpu         ] GC(2211) User=0.14s Sys=0.00s Real=0.07s
[616.198s][info][gc,start       ] GC(2212) Pause Young (Allocation Failure)
[616.238s][info][gc,heap        ] GC(2212) PSYoungGen: 222080K(254464K)->4544K(257536K) Eden: 187392K(187392K)->0K(187392K) From: 34688K(67072K)->4544K(70144K)
[616.238s][info][gc,heap        ] GC(2212) ParOldGen: 528014K(667648K)->562742K(667648K)
[616.238s][info][gc,metaspace   ] GC(2212) Metaspace: 19099K(19264K)->19099K(19264K) NonClass: 16438K(16512K)->16438K(16512K) Class: 2661K(2752K)->2661K(2752K)
[616.238s][info][gc             ] GC(2212) Pause Young (Allocation Failure) 732M->553M(903M) 40.277ms
[616.238s][info][gc,cpu         ] GC(2212) User=0.08s Sys=0.00s Real=0.04s
[616.453s][info][gc,start       ] GC(2213) Pause Young (Allocation Failure)
[616.471s][info][gc,heap        ] GC(2213) PSYoungGen: 191936K(257536K)->4032K(261120K) Eden: 187392K(187392K)->0K(194048K) From: 4544K(70144K)->4032K(67072K)
[616.471s][info][gc,heap        ] GC(2213) ParOldGen: 562742K(667648K)->567270K(667648K)
[616.471s][info][gc,metaspace   ] GC(2213) Metaspace: 19099K(19264K)->19099K(19264K) NonClass: 16438K(16512K)->16438K(16512K) Class: 2661K(2752K)->2661K(2752K)
[616.471s][info][gc             ] GC(2213) Pause Young (Allocation Failure) 736M->557M(907M) 17.420ms
[616.471s][info][gc,cpu         ] GC(2213) User=0.03s Sys=0.00s Real=0.02s
[616.763s][info][gc,start       ] GC(2214) Pause Young (Allocation Failure)
[616.803s][info][gc,heap        ] GC(2214) PSYoungGen: 198080K(261120K)->26688K(262656K) Eden: 194048K(194048K)->0K(194048K) From: 4032K(67072K)->26688K(68608K)
[616.803s][info][gc,heap        ] GC(2214) ParOldGen: 567270K(667648K)->571302K(667648K)
[616.803s][info][gc,metaspace   ] GC(2214) Metaspace: 19099K(19264K)->19099K(19264K) NonClass: 16438K(16512K)->16438K(16512K) Class: 2661K(2752K)->2661K(2752K)
[616.803s][info][gc             ] GC(2214) Pause Young (Allocation Failure) 747M->583M(908M) 39.985ms
[616.803s][info][gc,cpu         ] GC(2214) User=0.08s Sys=0.00s Real=0.04s
[617.190s][info][gc,start       ] GC(2215) Pause Young (Allocation Failure)
[617.249s][info][gc,heap        ] GC(2215) PSYoungGen: 220736K(262656K)->35746K(263168K) Eden: 194048K(194048K)->0K(197632K) From: 26688K(68608K)->35746K(65536K)
[617.249s][info][gc,heap        ] GC(2215) ParOldGen: 571302K(667648K)->598007K(667648K)
[617.249s][info][gc,metaspace   ] GC(2215) Metaspace: 19099K(19264K)->19099K(19264K) NonClass: 16438K(16512K)->16438K(16512K) Class: 2661K(2752K)->2661K(2752K)
[617.249s][info][gc             ] GC(2215) Pause Young (Allocation Failure) 773M->618M(909M) 58.864ms
[617.249s][info][gc,cpu         ] GC(2215) User=0.11s Sys=0.00s Real=0.06s
[617.485s][info][gc,start       ] GC(2216) Pause Young (Allocation Failure)
[617.545s][info][gc,heap        ] GC(2216) PSYoungGen: 233378K(263168K)->43552K(263680K) Eden: 197632K(197632K)->0K(197632K) From: 35746K(65536K)->43552K(66048K)
[617.545s][info][gc,heap        ] GC(2216) ParOldGen: 598007K(667648K)->634124K(667648K)
[617.545s][info][gc,metaspace   ] GC(2216) Metaspace: 19099K(19264K)->19099K(19264K) NonClass: 16438K(16512K)->16438K(16512K) Class: 2661K(2752K)->2661K(2752K)
[617.545s][info][gc             ] GC(2216) Pause Young (Allocation Failure) 811M->661M(909M) 60.124ms
[617.545s][info][gc,cpu         ] GC(2216) User=0.12s Sys=0.00s Real=0.06s
[617.825s][info][gc,start       ] GC(2217) Pause Full (Allocation Failure)
[617.825s][info][gc,phases,start] GC(2217) Marking Phase
[618.187s][info][gc,phases      ] GC(2217) Marking Phase 361.783ms
[618.187s][info][gc,phases,start] GC(2217) Summary Phase
[618.187s][info][gc,phases      ] GC(2217) Summary Phase 0.030ms
[618.187s][info][gc,phases,start] GC(2217) Forward
[618.329s][info][gc,phases      ] GC(2217) Forward 142.048ms
[618.329s][info][gc,phases,start] GC(2217) Adjust Pointers
[618.608s][info][gc,phases      ] GC(2217) Adjust Pointers 278.807ms
[618.608s][info][gc,phases,start] GC(2217) Compaction Phase
[618.773s][info][gc,phases      ] GC(2217) Compaction Phase 165.318ms
[618.784s][info][gc,phases,start] GC(2217) Post Compact
[618.787s][info][gc,phases      ] GC(2217) Post Compact 2.495ms
[618.787s][info][gc,heap        ] GC(2217) PSYoungGen: 241184K(263680K)->0K(264704K) Eden: 197632K(197632K)->0K(195584K) From: 43552K(66048K)->0K(69120K)
[618.787s][info][gc,heap        ] GC(2217) ParOldGen: 634124K(667648K)->496144K(667648K)
[618.787s][info][gc,metaspace   ] GC(2217) Metaspace: 19099K(19264K)->19099K(19264K) NonClass: 16438K(16512K)->16438K(16512K) Class: 2661K(2752K)->2661K(2752K)
[618.787s][info][gc             ] GC(2217) Pause Full (Allocation Failure) 854M->484M(910M) 962.030ms
[618.787s][info][gc,cpu         ] GC(2217) User=1.81s Sys=0.01s Real=0.97s
[618.992s][info][gc,start       ] GC(2218) Pause Young (Allocation Failure)
[619.018s][info][gc,heap        ] GC(2218) PSYoungGen: 195584K(264704K)->23680K(219648K) Eden: 195584K(195584K)->0K(195584K) From: 0K(69120K)->23680K(24064K)
[619.019s][info][gc,heap        ] GC(2218) ParOldGen: 496144K(667648K)->496144K(667648K)
[619.019s][info][gc,metaspace   ] GC(2218) Metaspace: 19099K(19264K)->19099K(19264K) NonClass: 16438K(16512K)->16438K(16512K) Class: 2661K(2752K)->2661K(2752K)
[619.019s][info][gc             ] GC(2218) Pause Young (Allocation Failure) 675M->507M(866M) 26.701ms
[619.019s][info][gc,cpu         ] GC(2218) User=0.05s Sys=0.00s Real=0.03s
[619.212s][info][gc,start       ] GC(2219) Pause Young (Allocation Failure)
[619.240s][info][gc,heap        ] GC(2219) PSYoungGen: 219264K(219648K)->24416K(265216K) Eden: 195584K(195584K)->0K(199680K) From: 23680K(24064K)->24416K(65536K)
[619.240s][info][gc,heap        ] GC(2219) ParOldGen: 496144K(667648K)->496144K(667648K)
[619.240s][info][gc,metaspace   ] GC(2219) Metaspace: 19099K(19264K)->19099K(19264K) NonClass: 16438K(16512K)->16438K(16512K) Class: 2661K(2752K)->2661K(2752K)
[619.240s][info][gc             ] GC(2219) Pause Young (Allocation Failure) 698M->508M(911M) 28.030ms
[619.240s][info][gc,cpu         ] GC(2219) User=0.05s Sys=0.00s Real=0.03s
[619.518s][info][gc,start       ] GC(2220) Pause Young (Allocation Failure)
[619.556s][info][gc,heap        ] GC(2220) PSYoungGen: 224096K(265216K)->38016K(261120K) Eden: 199680K(199680K)->0K(199680K) From: 24416K(65536K)->38016K(61440K)
[619.556s][info][gc,heap        ] GC(2220) ParOldGen: 496144K(667648K)->496144K(667648K)
[619.556s][info][gc,metaspace   ] GC(2220) Metaspace: 19099K(19264K)->19099K(19264K) NonClass: 16438K(16512K)->16438K(16512K) Class: 2661K(2752K)->2661K(2752K)
[619.556s][info][gc             ] GC(2220) Pause Young (Allocation Failure) 703M->521M(907M) 38.816ms
[619.556s][info][gc,cpu         ] GC(2220) User=0.08s Sys=0.00s Real=0.04s
[620.031s][info][gc,start       ] GC(2221) Pause Young (Allocation Failure)
[620.091s][info][gc,heap        ] GC(2221) PSYoungGen: 237696K(261120K)->54960K(257024K) Eden: 199680K(199680K)->0K(194560K) From: 38016K(61440K)->54960K(62464K)
[620.091s][info][gc,heap        ] GC(2221) ParOldGen: 496144K(667648K)->496144K(667648K)
[620.091s][info][gc,metaspace   ] GC(2221) Metaspace: 19099K(19264K)->19099K(19264K) NonClass: 16438K(16512K)->16438K(16512K) Class: 2661K(2752K)->2661K(2752K)
[620.091s][info][gc             ] GC(2221) Pause Young (Allocation Failure) 716M->538M(903M) 60.191ms
[620.091s][info][gc,cpu         ] GC(2221) User=0.11s Sys=0.01s Real=0.06s
[620.548s][info][gc,start       ] GC(2222) Pause Young (Allocation Failure)
[620.602s][info][gc,heap        ] GC(2222) PSYoungGen: 249520K(257024K)->54960K(249856K) Eden: 194560K(194560K)->0K(194560K) From: 54960K(62464K)->54960K(55296K)
[620.602s][info][gc,heap        ] GC(2222) ParOldGen: 496144K(667648K)->496144K(667648K)
[620.602s][info][gc,metaspace   ] GC(2222) Metaspace: 19099K(19264K)->19099K(19264K) NonClass: 16438K(16512K)->16438K(16512K) Class: 2661K(2752K)->2661K(2752K)
[620.602s][info][gc             ] GC(2222) Pause Young (Allocation Failure) 728M->538M(896M) 54.478ms
[620.602s][info][gc,cpu         ] GC(2222) User=0.11s Sys=0.00s Real=0.05s
[621.033s][info][gc,start       ] GC(2223) Pause Young (Allocation Failure)
[621.098s][info][gc,heap        ] GC(2223) PSYoungGen: 249520K(249856K)->55312K(249856K) Eden: 194560K(194560K)->0K(175104K) From: 54960K(55296K)->55312K(74752K)
[621.098s][info][gc,heap        ] GC(2223) ParOldGen: 496144K(667648K)->496144K(667648K)
[621.098s][info][gc,metaspace   ] GC(2223) Metaspace: 19099K(19264K)->19099K(19264K) NonClass: 16438K(16512K)->16438K(16512K) Class: 2661K(2752K)->2661K(2752K)
[621.098s][info][gc             ] GC(2223) Pause Young (Allocation Failure) 728M->538M(896M) 64.843ms
[621.098s][info][gc,cpu         ] GC(2223) User=0.13s Sys=0.00s Real=0.07s
[621.272s][info][gc,start       ] GC(2224) Pause Young (Allocation Failure)
[621.364s][info][gc,heap        ] GC(2224) PSYoungGen: 230416K(249856K)->79344K(254464K) Eden: 175104K(175104K)->0K(175104K) From: 55312K(74752K)->79344K(79360K)
[621.364s][info][gc,heap        ] GC(2224) ParOldGen: 496144K(667648K)->525760K(667648K)
[621.364s][info][gc,metaspace   ] GC(2224) Metaspace: 19099K(19264K)->19099K(19264K) NonClass: 16438K(16512K)->16438K(16512K) Class: 2661K(2752K)->2661K(2752K)
[621.364s][info][gc             ] GC(2224) Pause Young (Allocation Failure) 709M->590M(900M) 92.508ms
[621.364s][info][gc,cpu         ] GC(2224) User=0.19s Sys=0.00s Real=0.09s
[621.608s][info][gc,start       ] GC(2225) Pause Young (Allocation Failure)
[621.705s][info][gc,heap        ] GC(2225) PSYoungGen: 254448K(254464K)->77184K(194048K) Eden: 175104K(175104K)->0K(114688K) From: 79344K(79360K)->77184K(79360K)
[621.705s][info][gc,heap        ] GC(2225) ParOldGen: 525760K(667648K)->550232K(667648K)
[621.705s][info][gc,metaspace   ] GC(2225) Metaspace: 19099K(19264K)->19099K(19264K) NonClass: 16438K(16512K)->16438K(16512K) Class: 2661K(2752K)->2661K(2752K)
[621.705s][info][gc             ] GC(2225) Pause Young (Allocation Failure) 761M->612M(841M) 97.426ms
[621.705s][info][gc,cpu         ] GC(2225) User=0.19s Sys=0.00s Real=0.09s
[621.885s][info][gc,start       ] GC(2226) Pause Young (Allocation Failure)
[621.998s][info][gc,heap        ] GC(2226) PSYoungGen: 191872K(194048K)->70176K(185344K) Eden: 114688K(114688K)->0K(114688K) From: 77184K(79360K)->70176K(70656K)
[621.998s][info][gc,heap        ] GC(2226) ParOldGen: 550232K(667648K)->580824K(667648K)
[621.998s][info][gc,metaspace   ] GC(2226) Metaspace: 19099K(19264K)->19099K(19264K) NonClass: 16438K(16512K)->16438K(16512K) Class: 2661K(2752K)->2661K(2752K)
[621.998s][info][gc             ] GC(2226) Pause Young (Allocation Failure) 724M->635M(833M) 113.396ms
[621.998s][info][gc,cpu         ] GC(2226) User=0.22s Sys=0.00s Real=0.12s
[622.137s][info][gc,start       ] GC(2227) Pause Young (Allocation Failure)
[622.231s][info][gc,heap        ] GC(2227) PSYoungGen: 184864K(185344K)->89504K(222720K) Eden: 114688K(114688K)->0K(111616K) From: 70176K(70656K)->89504K(111104K)
[622.231s][info][gc,heap        ] GC(2227) ParOldGen: 580824K(667648K)->581152K(667648K)
[622.231s][info][gc,metaspace   ] GC(2227) Metaspace: 19099K(19264K)->19099K(19264K) NonClass: 16438K(16512K)->16438K(16512K) Class: 2661K(2752K)->2661K(2752K)
[622.231s][info][gc             ] GC(2227) Pause Young (Allocation Failure) 747M->654M(869M) 94.933ms
[622.231s][info][gc,cpu         ] GC(2227) User=0.19s Sys=0.00s Real=0.09s
[622.362s][info][gc,start       ] GC(2228) Pause Young (Allocation Failure)
[622.477s][info][gc,heap        ] GC(2228) PSYoungGen: 201120K(222720K)->57312K(222720K) Eden: 111616K(111616K)->0K(111616K) From: 89504K(111104K)->57312K(111104K)
[622.477s][info][gc,heap        ] GC(2228) ParOldGen: 581152K(667648K)->627901K(667648K)
[622.477s][info][gc,metaspace   ] GC(2228) Metaspace: 19099K(19264K)->19099K(19264K) NonClass: 16438K(16512K)->16438K(16512K) Class: 2661K(2752K)->2661K(2752K)
[622.477s][info][gc             ] GC(2228) Pause Young (Allocation Failure) 763M->669M(869M) 114.873ms
[622.477s][info][gc,cpu         ] GC(2228) User=0.23s Sys=0.00s Real=0.12s
[622.579s][info][gc,start       ] GC(2229) Pause Full (Allocation Failure)
[622.579s][info][gc,phases,start] GC(2229) Marking Phase
[623.072s][info][gc,phases      ] GC(2229) Marking Phase 493.767ms
[623.073s][info][gc,phases,start] GC(2229) Summary Phase
[623.073s][info][gc,phases      ] GC(2229) Summary Phase 0.027ms
[623.073s][info][gc,phases,start] GC(2229) Forward
[623.229s][info][gc,phases      ] GC(2229) Forward 156.838ms
[623.229s][info][gc,phases,start] GC(2229) Adjust Pointers
[623.603s][info][gc,phases      ] GC(2229) Adjust Pointers 373.701ms
[623.603s][info][gc,phases,start] GC(2229) Compaction Phase
[623.857s][info][gc,phases      ] GC(2229) Compaction Phase 253.971ms
[623.869s][info][gc,phases,start] GC(2229) Post Compact
[623.871s][info][gc,phases      ] GC(2229) Post Compact 2.346ms
[623.871s][info][gc,heap        ] GC(2229) PSYoungGen: 168928K(222720K)->0K(222720K) Eden: 111616K(111616K)->0K(111616K) From: 57312K(111104K)->0K(111104K)
[623.871s][info][gc,heap        ] GC(2229) ParOldGen: 627901K(667648K)->631528K(667648K)
[623.871s][info][gc,metaspace   ] GC(2229) Metaspace: 19099K(19264K)->19099K(19264K) NonClass: 16438K(16512K)->16438K(16512K) Class: 2661K(2752K)->2661K(2752K)
[623.871s][info][gc             ] GC(2229) Pause Full (Allocation Failure) 778M->616M(869M) 1292.806ms
[623.871s][info][gc,cpu         ] GC(2229) User=2.51s Sys=0.01s Real=1.29s
[624.000s][info][gc,start       ] GC(2230) Pause Full (Allocation Failure)
[624.000s][info][gc,phases,start] GC(2230) Marking Phase
[624.500s][info][gc,phases      ] GC(2230) Marking Phase 500.019ms
[624.501s][info][gc,phases,start] GC(2230) Summary Phase
[624.501s][info][gc,phases      ] GC(2230) Summary Phase 0.024ms
[624.501s][info][gc,phases,start] GC(2230) Forward
[624.501s][info][gc,phases      ] GC(2230) Forward 0.823ms
[624.501s][info][gc,phases,start] GC(2230) Adjust Pointers
[624.839s][info][gc,phases      ] GC(2230) Adjust Pointers 337.467ms
[624.839s][info][gc,phases,start] GC(2230) Compaction Phase
[624.983s][info][gc,phases      ] GC(2230) Compaction Phase 143.680ms
[624.983s][info][gc,phases,start] GC(2230) Post Compact
[624.985s][info][gc,phases      ] GC(2230) Post Compact 2.277ms
[624.985s][info][gc,heap        ] GC(2230) PSYoungGen: 111616K(222720K)->0K(222720K) Eden: 111616K(111616K)->0K(111616K) From: 0K(111104K)->0K(111104K)
[624.985s][info][gc,heap        ] GC(2230) ParOldGen: 631528K(667648K)->632179K(667648K)
[624.985s][info][gc,metaspace   ] GC(2230) Metaspace: 19099K(19264K)->19099K(19264K) NonClass: 16438K(16512K)->16438K(16512K) Class: 2661K(2752K)->2661K(2752K)
[624.985s][info][gc             ] GC(2230) Pause Full (Allocation Failure) 725M->617M(869M) 984.766ms
[624.985s][info][gc,cpu         ] GC(2230) User=1.93s Sys=0.00s Real=0.98s
[625.122s][info][gc,start       ] GC(2231) Pause Full (Allocation Failure)
[625.122s][info][gc,phases,start] GC(2231) Marking Phase
[625.628s][info][gc,phases      ] GC(2231) Marking Phase 506.050ms
[625.628s][info][gc,phases,start] GC(2231) Summary Phase
[625.628s][info][gc,phases      ] GC(2231) Summary Phase 0.024ms
[625.628s][info][gc,phases,start] GC(2231) Forward
[625.631s][info][gc,phases      ] GC(2231) Forward 3.060ms
[625.631s][info][gc,phases,start] GC(2231) Adjust Pointers
[625.965s][info][gc,phases      ] GC(2231) Adjust Pointers 333.182ms
[625.965s][info][gc,phases,start] GC(2231) Compaction Phase
[626.108s][info][gc,phases      ] GC(2231) Compaction Phase 143.447ms
[626.108s][info][gc,phases,start] GC(2231) Post Compact
[626.110s][info][gc,phases      ] GC(2231) Post Compact 2.163ms
[626.110s][info][gc,heap        ] GC(2231) PSYoungGen: 111616K(222720K)->0K(222720K) Eden: 111616K(111616K)->0K(111616K) From: 0K(111104K)->0K(111104K)
[626.110s][info][gc,heap        ] GC(2231) ParOldGen: 632179K(667648K)->635559K(667648K)
[626.110s][info][gc,metaspace   ] GC(2231) Metaspace: 19099K(19264K)->19099K(19264K) NonClass: 16438K(16512K)->16438K(16512K) Class: 2661K(2752K)->2661K(2752K)
[626.110s][info][gc             ] GC(2231) Pause Full (Allocation Failure) 726M->620M(869M) 988.402ms
[626.110s][info][gc,cpu         ] GC(2231) User=1.94s Sys=0.00s Real=0.99s
[626.345s][info][gc,start       ] GC(2232) Pause Full (Allocation Failure)
[626.345s][info][gc,phases,start] GC(2232) Marking Phase
[626.746s][info][gc,phases      ] GC(2232) Marking Phase 400.896ms
[626.746s][info][gc,phases,start] GC(2232) Summary Phase
[626.746s][info][gc,phases      ] GC(2232) Summary Phase 0.028ms
[626.746s][info][gc,phases,start] GC(2232) Forward
[626.883s][info][gc,phases      ] GC(2232) Forward 136.951ms
[626.883s][info][gc,phases,start] GC(2232) Adjust Pointers
[627.189s][info][gc,phases      ] GC(2232) Adjust Pointers 305.416ms
[627.189s][info][gc,phases,start] GC(2232) Compaction Phase
[627.406s][info][gc,phases      ] GC(2232) Compaction Phase 217.737ms
[627.418s][info][gc,phases,start] GC(2232) Post Compact
[627.420s][info][gc,phases      ] GC(2232) Post Compact 2.241ms
[627.420s][info][gc,heap        ] GC(2232) PSYoungGen: 111616K(222720K)->0K(222720K) Eden: 111616K(111616K)->0K(111616K) From: 0K(111104K)->0K(111104K)
[627.420s][info][gc,heap        ] GC(2232) ParOldGen: 635559K(667648K)->524702K(667648K)
[627.420s][info][gc,metaspace   ] GC(2232) Metaspace: 19099K(19264K)->19099K(19264K) NonClass: 16438K(16512K)->16438K(16512K) Class: 2661K(2752K)->2661K(2752K)
[627.420s][info][gc             ] GC(2232) Pause Full (Allocation Failure) 729M->512M(869M) 1075.345ms
[627.420s][info][gc,cpu         ] GC(2232) User=2.06s Sys=0.00s Real=1.08s
[627.557s][info][gc,start       ] GC(2233) Pause Young (Allocation Failure)
[627.579s][info][gc,heap        ] GC(2233) PSYoungGen: 111616K(222720K)->17024K(222720K) Eden: 111616K(111616K)->0K(111616K) From: 0K(111104K)->17024K(111104K)
[627.579s][info][gc,heap        ] GC(2233) ParOldGen: 524702K(667648K)->524702K(667648K)
[627.579s][info][gc,metaspace   ] GC(2233) Metaspace: 19099K(19264K)->19099K(19264K) NonClass: 16438K(16512K)->16438K(16512K) Class: 2661K(2752K)->2661K(2752K)
[627.579s][info][gc             ] GC(2233) Pause Young (Allocation Failure) 621M->529M(869M) 21.648ms
[627.579s][info][gc,cpu         ] GC(2233) User=0.04s Sys=0.00s Real=0.02s
[627.826s][info][gc,start       ] GC(2234) Pause Young (Allocation Failure)
[627.857s][info][gc,heap        ] GC(2234) PSYoungGen: 128640K(222720K)->11899K(222720K) Eden: 111616K(111616K)->0K(111616K) From: 17024K(111104K)->11899K(111104K)
[627.857s][info][gc,heap        ] GC(2234) ParOldGen: 524702K(667648K)->541742K(667648K)
[627.857s][info][gc,metaspace   ] GC(2234) Metaspace: 19099K(19264K)->19099K(19264K) NonClass: 16438K(16512K)->16438K(16512K) Class: 2661K(2752K)->2661K(2752K)
[627.857s][info][gc             ] GC(2234) Pause Young (Allocation Failure) 638M->540M(869M) 31.509ms
[627.857s][info][gc,cpu         ] GC(2234) User=0.06s Sys=0.00s Real=0.04s
[628.017s][info][gc,start       ] GC(2235) Pause Young (Allocation Failure)
[628.025s][info][gc,heap        ] GC(2235) PSYoungGen: 123515K(222720K)->2304K(222720K) Eden: 111616K(111616K)->0K(111616K) From: 11899K(111104K)->2304K(111104K)
[628.025s][info][gc,heap        ] GC(2235) ParOldGen: 541742K(667648K)->546106K(667648K)
[628.025s][info][gc,metaspace   ] GC(2235) Metaspace: 19100K(19264K)->19100K(19264K) NonClass: 16439K(16512K)->16439K(16512K) Class: 2661K(2752K)->2661K(2752K)
[628.025s][info][gc             ] GC(2235) Pause Young (Allocation Failure) 649M->535M(869M) 7.680ms
[628.025s][info][gc,cpu         ] GC(2235) User=0.01s Sys=0.00s Real=0.00s
[628.143s][info][gc,start       ] GC(2236) Pause Young (Allocation Failure)
[628.164s][info][gc,heap        ] GC(2236) PSYoungGen: 113920K(222720K)->22048K(222720K) Eden: 111616K(111616K)->0K(111616K) From: 2304K(111104K)->22048K(111104K)
[628.164s][info][gc,heap        ] GC(2236) ParOldGen: 546106K(667648K)->548098K(667648K)
[628.164s][info][gc,metaspace   ] GC(2236) Metaspace: 19100K(19264K)->19100K(19264K) NonClass: 16439K(16512K)->16439K(16512K) Class: 2661K(2752K)->2661K(2752K)
[628.164s][info][gc             ] GC(2236) Pause Young (Allocation Failure) 644M->556M(869M) 21.338ms
[628.164s][info][gc,cpu         ] GC(2236) User=0.04s Sys=0.00s Real=0.02s
[628.301s][info][gc,start       ] GC(2237) Pause Young (Allocation Failure)
[628.335s][info][gc,heap        ] GC(2237) PSYoungGen: 133664K(222720K)->11488K(218624K) Eden: 111616K(111616K)->0K(111616K) From: 22048K(111104K)->11488K(107008K)
[628.335s][info][gc,heap        ] GC(2237) ParOldGen: 548098K(667648K)->570307K(667648K)
[628.335s][info][gc,metaspace   ] GC(2237) Metaspace: 19100K(19264K)->19100K(19264K) NonClass: 16439K(16512K)->16439K(16512K) Class: 2661K(2752K)->2661K(2752K)
[628.335s][info][gc             ] GC(2237) Pause Young (Allocation Failure) 665M->568M(865M) 34.364ms
[628.335s][info][gc,cpu         ] GC(2237) User=0.07s Sys=0.00s Real=0.03s
[628.470s][info][gc,start       ] GC(2238) Pause Young (Allocation Failure)
[628.492s][info][gc,heap        ] GC(2238) PSYoungGen: 123104K(218624K)->15808K(220672K) Eden: 111616K(111616K)->0K(111616K) From: 11488K(107008K)->15808K(109056K)
[628.492s][info][gc,heap        ] GC(2238) ParOldGen: 570307K(667648K)->570307K(667648K)
[628.492s][info][gc,metaspace   ] GC(2238) Metaspace: 19100K(19264K)->19100K(19264K) NonClass: 16439K(16512K)->16439K(16512K) Class: 2661K(2752K)->2661K(2752K)
[628.492s][info][gc             ] GC(2238) Pause Young (Allocation Failure) 677M->572M(867M) 21.945ms
[628.492s][info][gc,cpu         ] GC(2238) User=0.05s Sys=0.00s Real=0.02s
[628.736s][info][gc,start       ] GC(2239) Pause Young (Allocation Failure)
[628.761s][info][gc,heap        ] GC(2239) PSYoungGen: 127424K(220672K)->18848K(212992K) Eden: 111616K(111616K)->0K(116736K) From: 15808K(109056K)->18848K(96256K)
[628.761s][info][gc,heap        ] GC(2239) ParOldGen: 570307K(667648K)->570307K(667648K)
[628.761s][info][gc,metaspace   ] GC(2239) Metaspace: 19100K(19264K)->19100K(19264K) NonClass: 16439K(16512K)->16439K(16512K) Class: 2661K(2752K)->2661K(2752K)
[628.761s][info][gc             ] GC(2239) Pause Young (Allocation Failure) 681M->575M(860M) 25.719ms
[628.761s][info][gc,cpu         ] GC(2239) User=0.05s Sys=0.00s Real=0.03s
[629.021s][info][gc,start       ] GC(2240) Pause Young (Allocation Failure)
[629.047s][info][gc,heap        ] GC(2240) PSYoungGen: 135584K(212992K)->20064K(217600K) Eden: 116736K(116736K)->0K(116736K) From: 18848K(96256K)->20064K(100864K)
[629.047s][info][gc,heap        ] GC(2240) ParOldGen: 570307K(667648K)->570307K(667648K)
[629.047s][info][gc,metaspace   ] GC(2240) Metaspace: 19101K(19264K)->19101K(19264K) NonClass: 16440K(16512K)->16440K(16512K) Class: 2661K(2752K)->2661K(2752K)
[629.047s][info][gc             ] GC(2240) Pause Young (Allocation Failure) 689M->576M(864M) 25.805ms
[629.047s][info][gc,cpu         ] GC(2240) User=0.05s Sys=0.00s Real=0.03s
[629.177s][info][gc,start       ] GC(2241) Pause Young (Allocation Failure)
[629.218s][info][gc,heap        ] GC(2241) PSYoungGen: 136800K(217600K)->34544K(208384K) Eden: 116736K(116736K)->0K(121856K) From: 20064K(100864K)->34544K(86528K)
[629.218s][info][gc,heap        ] GC(2241) ParOldGen: 570307K(667648K)->570307K(667648K)
[629.218s][info][gc,metaspace   ] GC(2241) Metaspace: 19101K(19264K)->19101K(19264K) NonClass: 16440K(16512K)->16440K(16512K) Class: 2661K(2752K)->2661K(2752K)
[629.218s][info][gc             ] GC(2241) Pause Young (Allocation Failure) 690M->590M(855M) 40.358ms
[629.218s][info][gc,cpu         ] GC(2241) User=0.08s Sys=0.00s Real=0.04s
[629.371s][info][gc,start       ] GC(2242) Pause Young (Allocation Failure)
[629.424s][info][gc,heap        ] GC(2242) PSYoungGen: 156400K(208384K)->54096K(212992K) Eden: 121856K(121856K)->0K(121856K) From: 34544K(86528K)->54096K(91136K)
[629.424s][info][gc,heap        ] GC(2242) ParOldGen: 570307K(667648K)->570307K(667648K)
[629.424s][info][gc,metaspace   ] GC(2242) Metaspace: 19101K(19264K)->19101K(19264K) NonClass: 16440K(16512K)->16440K(16512K) Class: 2661K(2752K)->2661K(2752K)
[629.424s][info][gc             ] GC(2242) Pause Young (Allocation Failure) 709M->609M(860M) 53.445ms
[629.424s][info][gc,cpu         ] GC(2242) User=0.11s Sys=0.00s Real=0.05s
[629.491s][info][gc,start       ] GC(2243) Pause Young (Allocation Failure)
[629.577s][info][gc,heap        ] GC(2243) PSYoungGen: 175952K(212992K)->93152K(203264K) Eden: 121856K(121856K)->0K(110080K) From: 54096K(91136K)->93152K(93184K)
[629.577s][info][gc,heap        ] GC(2243) ParOldGen: 570307K(667648K)->575971K(667648K)
[629.577s][info][gc,metaspace   ] GC(2243) Metaspace: 19101K(19264K)->19101K(19264K) NonClass: 16440K(16512K)->16440K(16512K) Class: 2661K(2752K)->2661K(2752K)
[629.577s][info][gc             ] GC(2243) Pause Young (Allocation Failure) 728M->653M(850M) 86.833ms
[629.577s][info][gc,cpu         ] GC(2243) User=0.16s Sys=0.00s Real=0.09s
[629.782s][info][gc,start       ] GC(2244) Pause Young (Allocation Failure)
[629.869s][info][gc,heap        ] GC(2244) PSYoungGen: 203232K(203264K)->87904K(221184K) Eden: 110080K(110080K)->0K(110080K) From: 93152K(93184K)->87904K(111104K)
[629.869s][info][gc,heap        ] GC(2244) ParOldGen: 575971K(667648K)->591787K(667648K)
[629.869s][info][gc,metaspace   ] GC(2244) Metaspace: 19101K(19264K)->19101K(19264K) NonClass: 16440K(16512K)->16440K(16512K) Class: 2661K(2752K)->2661K(2752K)
[629.869s][info][gc             ] GC(2244) Pause Young (Allocation Failure) 760M->663M(868M) 86.896ms
[629.869s][info][gc,cpu         ] GC(2244) User=0.17s Sys=0.00s Real=0.09s
[630.036s][info][gc,start       ] GC(2245) Pause Young (Allocation Failure)
[630.112s][info][gc,heap        ] GC(2245) PSYoungGen: 197984K(221184K)->80608K(222720K) Eden: 110080K(110080K)->0K(111616K) From: 87904K(111104K)->80608K(111104K)
[630.112s][info][gc,heap        ] GC(2245) ParOldGen: 591787K(667648K)->596079K(667648K)
[630.112s][info][gc,metaspace   ] GC(2245) Metaspace: 19101K(19264K)->19101K(19264K) NonClass: 16440K(16512K)->16440K(16512K) Class: 2661K(2752K)->2661K(2752K)
[630.112s][info][gc             ] GC(2245) Pause Young (Allocation Failure) 771M->660M(869M) 76.601ms
[630.112s][info][gc,cpu         ] GC(2245) User=0.15s Sys=0.00s Real=0.08s
[630.262s][info][gc,start       ] GC(2246) Pause Young (Allocation Failure)
[630.367s][info][gc,heap        ] GC(2246) PSYoungGen: 192224K(222720K)->86944K(222720K) Eden: 111616K(111616K)->0K(111616K) From: 80608K(111104K)->86944K(111104K)
[630.367s][info][gc,heap        ] GC(2246) ParOldGen: 596079K(667648K)->615463K(667648K)
[630.367s][info][gc,metaspace   ] GC(2246) Metaspace: 19101K(19264K)->19101K(19264K) NonClass: 16440K(16512K)->16440K(16512K) Class: 2661K(2752K)->2661K(2752K)
[630.367s][info][gc             ] GC(2246) Pause Young (Allocation Failure) 769M->685M(869M) 104.943ms
[630.367s][info][gc,cpu         ] GC(2246) User=0.21s Sys=0.00s Real=0.11s
[630.520s][info][gc,start       ] GC(2247) Pause Young (Allocation Failure)
[630.646s][info][gc,heap        ] GC(2247) PSYoungGen: 198560K(222720K)->53536K(222720K) Eden: 111616K(111616K)->0K(111616K) From: 86944K(111104K)->53536K(111104K)
[630.646s][info][gc,heap        ] GC(2247) ParOldGen: 615463K(667648K)->665596K(667648K)
[630.646s][info][gc,metaspace   ] GC(2247) Metaspace: 19101K(19264K)->19101K(19264K) NonClass: 16440K(16512K)->16440K(16512K) Class: 2661K(2752K)->2661K(2752K)
[630.646s][info][gc             ] GC(2247) Pause Young (Allocation Failure) 794M->702M(869M) 125.857ms
[630.646s][info][gc,cpu         ] GC(2247) User=0.23s Sys=0.03s Real=0.13s
[630.739s][info][gc,start       ] GC(2248) Pause Full (Allocation Failure)
[630.739s][info][gc,phases,start] GC(2248) Marking Phase
[631.135s][info][gc,phases      ] GC(2248) Marking Phase 396.089ms
[631.135s][info][gc,phases,start] GC(2248) Summary Phase
[631.135s][info][gc,phases      ] GC(2248) Summary Phase 0.028ms
[631.135s][info][gc,phases,start] GC(2248) Forward
[631.234s][info][gc,phases      ] GC(2248) Forward 98.672ms
[631.234s][info][gc,phases,start] GC(2248) Adjust Pointers
[631.525s][info][gc,phases      ] GC(2248) Adjust Pointers 290.797ms
[631.525s][info][gc,phases,start] GC(2248) Compaction Phase
[631.689s][info][gc,phases      ] GC(2248) Compaction Phase 164.189ms
[631.696s][info][gc,phases,start] GC(2248) Post Compact
[631.699s][info][gc,phases      ] GC(2248) Post Compact 2.441ms
[631.699s][info][gc,heap        ] GC(2248) PSYoungGen: 165152K(222720K)->0K(222720K) Eden: 111616K(111616K)->0K(111616K) From: 53536K(111104K)->0K(111104K)
[631.699s][info][gc,heap        ] GC(2248) ParOldGen: 665596K(667648K)->510821K(667648K)
[631.699s][info][gc,metaspace   ] GC(2248) Metaspace: 19101K(19264K)->19101K(19264K) NonClass: 16440K(16512K)->16440K(16512K) Class: 2661K(2752K)->2661K(2752K)
[631.699s][info][gc             ] GC(2248) Pause Full (Allocation Failure) 811M->498M(869M) 959.672ms
[631.699s][info][gc,cpu         ] GC(2248) User=1.83s Sys=0.00s Real=0.96s
[631.833s][info][gc,start       ] GC(2249) Pause Young (Allocation Failure)
[631.841s][info][gc,heap        ] GC(2249) PSYoungGen: 111616K(222720K)->672K(222720K) Eden: 111616K(111616K)->0K(111616K) From: 0K(111104K)->672K(111104K)
[631.841s][info][gc,heap        ] GC(2249) ParOldGen: 510821K(667648K)->510821K(667648K)
[631.841s][info][gc,metaspace   ] GC(2249) Metaspace: 19101K(19264K)->19101K(19264K) NonClass: 16440K(16512K)->16440K(16512K) Class: 2661K(2752K)->2661K(2752K)
[631.841s][info][gc             ] GC(2249) Pause Young (Allocation Failure) 607M->499M(869M) 7.682ms
[631.841s][info][gc,cpu         ] GC(2249) User=0.02s Sys=0.00s Real=0.01s
[631.968s][info][gc,start       ] GC(2250) Pause Young (Allocation Failure)
[631.979s][info][gc,heap        ] GC(2250) PSYoungGen: 112288K(222720K)->3968K(222720K) Eden: 111616K(111616K)->0K(111616K) From: 672K(111104K)->3968K(111104K)
[631.979s][info][gc,heap        ] GC(2250) ParOldGen: 510821K(667648K)->511469K(667648K)
[631.979s][info][gc,metaspace   ] GC(2250) Metaspace: 19101K(19264K)->19101K(19264K) NonClass: 16440K(16512K)->16440K(16512K) Class: 2661K(2752K)->2661K(2752K)
[631.979s][info][gc             ] GC(2250) Pause Young (Allocation Failure) 608M->503M(869M) 10.943ms
[631.979s][info][gc,cpu         ] GC(2250) User=0.02s Sys=0.00s Real=0.01s
[632.145s][info][gc,start       ] GC(2251) Pause Young (Allocation Failure)
[632.170s][info][gc,heap        ] GC(2251) PSYoungGen: 115584K(222720K)->9248K(222720K) Eden: 111616K(111616K)->0K(111616K) From: 3968K(111104K)->9248K(111104K)
[632.170s][info][gc,heap        ] GC(2251) ParOldGen: 511469K(667648K)->515437K(667648K)
[632.170s][info][gc,metaspace   ] GC(2251) Metaspace: 19101K(19264K)->19101K(19264K) NonClass: 16440K(16512K)->16440K(16512K) Class: 2661K(2752K)->2661K(2752K)
[632.170s][info][gc             ] GC(2251) Pause Young (Allocation Failure) 612M->512M(869M) 25.817ms
[632.170s][info][gc,cpu         ] GC(2251) User=0.05s Sys=0.00s Real=0.03s
[632.346s][info][gc,start       ] GC(2252) Pause Young (Allocation Failure)
[632.377s][info][gc,heap        ] GC(2252) PSYoungGen: 120864K(222720K)->17952K(222720K) Eden: 111616K(111616K)->0K(111616K) From: 9248K(111104K)->17952K(111104K)
[632.377s][info][gc,heap        ] GC(2252) ParOldGen: 515437K(667648K)->524677K(667648K)
[632.377s][info][gc,metaspace   ] GC(2252) Metaspace: 19101K(19264K)->19101K(19264K) NonClass: 16440K(16512K)->16440K(16512K) Class: 2661K(2752K)->2661K(2752K)
[632.377s][info][gc             ] GC(2252) Pause Young (Allocation Failure) 621M->529M(869M) 31.012ms
[632.377s][info][gc,cpu         ] GC(2252) User=0.06s Sys=0.00s Real=0.04s
[632.569s][info][gc,start       ] GC(2253) Pause Young (Allocation Failure)
[632.608s][info][gc,heap        ] GC(2253) PSYoungGen: 129568K(222720K)->23024K(222720K) Eden: 111616K(111616K)->0K(111616K) From: 17952K(111104K)->23024K(111104K)
[632.608s][info][gc,heap        ] GC(2253) ParOldGen: 524677K(667648K)->542621K(667648K)
[632.608s][info][gc,metaspace   ] GC(2253) Metaspace: 19101K(19264K)->19101K(19264K) NonClass: 16440K(16512K)->16440K(16512K) Class: 2661K(2752K)->2661K(2752K)
[632.608s][info][gc             ] GC(2253) Pause Young (Allocation Failure) 638M->552M(869M) 38.854ms
[632.608s][info][gc,cpu         ] GC(2253) User=0.07s Sys=0.00s Real=0.04s
[632.765s][info][gc,start       ] GC(2254) Pause Young (Allocation Failure)
[632.797s][info][gc,heap        ] GC(2254) PSYoungGen: 134640K(222720K)->18336K(130048K) Eden: 111616K(111616K)->0K(111616K) From: 23024K(111104K)->18336K(18432K)
[632.797s][info][gc,heap        ] GC(2254) ParOldGen: 542621K(667648K)->565846K(667648K)
[632.797s][info][gc,metaspace   ] GC(2254) Metaspace: 19101K(19264K)->19101K(19264K) NonClass: 16440K(16512K)->16440K(16512K) Class: 2661K(2752K)->2661K(2752K)
[632.797s][info][gc             ] GC(2254) Pause Young (Allocation Failure) 661M->570M(779M) 31.592ms
[632.797s][info][gc,cpu         ] GC(2254) User=0.06s Sys=0.00s Real=0.04s
[632.996s][info][gc,start       ] GC(2255) Pause Young (Allocation Failure)
[633.029s][info][gc,heap        ] GC(2255) PSYoungGen: 129952K(130048K)->28256K(220672K) Eden: 111616K(111616K)->0K(117760K) From: 18336K(18432K)->28256K(102912K)
[633.029s][info][gc,heap        ] GC(2255) ParOldGen: 565846K(667648K)->565846K(667648K)
[633.029s][info][gc,metaspace   ] GC(2255) Metaspace: 19101K(19264K)->19101K(19264K) NonClass: 16440K(16512K)->16440K(16512K) Class: 2661K(2752K)->2661K(2752K)
[633.029s][info][gc             ] GC(2255) Pause Young (Allocation Failure) 679M->580M(867M) 32.863ms
[633.029s][info][gc,cpu         ] GC(2255) User=0.07s Sys=0.00s Real=0.04s
[633.225s][info][gc,start       ] GC(2256) Pause Young (Allocation Failure)
[633.266s][info][gc,heap        ] GC(2256) PSYoungGen: 146016K(220672K)->34912K(153088K) Eden: 117760K(117760K)->0K(117760K) From: 28256K(102912K)->34912K(35328K)
[633.266s][info][gc,heap        ] GC(2256) ParOldGen: 565846K(667648K)->565846K(667648K)
[633.266s][info][gc,metaspace   ] GC(2256) Metaspace: 19101K(19264K)->19101K(19264K) NonClass: 16440K(16512K)->16440K(16512K) Class: 2661K(2752K)->2661K(2752K)
[633.266s][info][gc             ] GC(2256) Pause Young (Allocation Failure) 695M->586M(801M) 40.252ms
[633.266s][info][gc,cpu         ] GC(2256) User=0.08s Sys=0.00s Real=0.04s
[633.418s][info][gc,start       ] GC(2257) Pause Young (Allocation Failure)
[633.481s][info][gc,heap        ] GC(2257) PSYoungGen: 152672K(153088K)->48864K(220672K) Eden: 117760K(117760K)->0K(124416K) From: 34912K(35328K)->48864K(96256K)
[633.481s][info][gc,heap        ] GC(2257) ParOldGen: 565846K(667648K)->565846K(667648K)
[633.481s][info][gc,metaspace   ] GC(2257) Metaspace: 19101K(19264K)->19101K(19264K) NonClass: 16440K(16512K)->16440K(16512K) Class: 2661K(2752K)->2661K(2752K)
[633.481s][info][gc             ] GC(2257) Pause Young (Allocation Failure) 701M->600M(867M) 63.154ms
[633.481s][info][gc,cpu         ] GC(2257) User=0.12s Sys=0.00s Real=0.06s
[633.624s][info][gc,start       ] GC(2258) Pause Young (Allocation Failure)
[633.681s][info][gc,heap        ] GC(2258) PSYoungGen: 173280K(220672K)->51712K(220160K) Eden: 124416K(124416K)->0K(124416K) From: 48864K(96256K)->51712K(95744K)
[633.681s][info][gc,heap        ] GC(2258) ParOldGen: 565846K(667648K)->565846K(667648K)
[633.681s][info][gc,metaspace   ] GC(2258) Metaspace: 19101K(19264K)->19101K(19264K) NonClass: 16440K(16512K)->16440K(16512K) Class: 2661K(2752K)->2661K(2752K)
[633.681s][info][gc             ] GC(2258) Pause Young (Allocation Failure) 721M->603M(867M) 56.903ms
[633.681s][info][gc,cpu         ] GC(2258) User=0.11s Sys=0.00s Real=0.06s
[633.844s][info][gc,start       ] GC(2259) Pause Young (Allocation Failure)
[633.914s][info][gc,heap        ] GC(2259) PSYoungGen: 176128K(220160K)->65952K(223744K) Eden: 124416K(124416K)->0K(128000K) From: 51712K(95744K)->65952K(95744K)
[633.914s][info][gc,heap        ] GC(2259) ParOldGen: 565846K(667648K)->565846K(667648K)
[633.914s][info][gc,metaspace   ] GC(2259) Metaspace: 19101K(19264K)->19101K(19264K) NonClass: 16440K(16512K)->16440K(16512K) Class: 2661K(2752K)->2661K(2752K)
[633.914s][info][gc             ] GC(2259) Pause Young (Allocation Failure) 724M->616M(870M) 70.321ms
[633.914s][info][gc,cpu         ] GC(2259) User=0.14s Sys=0.00s Real=0.07s
[634.284s][info][gc,start       ] GC(2260) Pause Young (Allocation Failure)
[634.356s][info][gc,heap        ] GC(2260) PSYoungGen: 193952K(223744K)->66272K(228352K) Eden: 128000K(128000K)->0K(128000K) From: 65952K(95744K)->66272K(100352K)
[634.356s][info][gc,heap        ] GC(2260) ParOldGen: 565846K(667648K)->565846K(667648K)
[634.356s][info][gc,metaspace   ] GC(2260) Metaspace: 19101K(19264K)->19101K(19264K) NonClass: 16440K(16512K)->16440K(16512K) Class: 2661K(2752K)->2661K(2752K)
[634.356s][info][gc             ] GC(2260) Pause Young (Allocation Failure) 741M->617M(875M) 71.845ms
[634.356s][info][gc,cpu         ] GC(2260) User=0.14s Sys=0.00s Real=0.07s
[634.680s][info][gc,start       ] GC(2261) Pause Young (Allocation Failure)
[634.748s][info][gc,heap        ] GC(2261) PSYoungGen: 194272K(228352K)->66272K(224256K) Eden: 128000K(128000K)->0K(119808K) From: 66272K(100352K)->66272K(104448K)
[634.748s][info][gc,heap        ] GC(2261) ParOldGen: 565846K(667648K)->565846K(667648K)
[634.748s][info][gc,metaspace   ] GC(2261) Metaspace: 19101K(19264K)->19101K(19264K) NonClass: 16440K(16512K)->16440K(16512K) Class: 2661K(2752K)->2661K(2752K)
[634.748s][info][gc             ] GC(2261) Pause Young (Allocation Failure) 742M->617M(871M) 67.901ms
[634.748s][info][gc,cpu         ] GC(2261) User=0.13s Sys=0.00s Real=0.07s
[635.017s][info][gc,start       ] GC(2262) Pause Young (Allocation Failure)
[635.086s][info][gc,heap        ] GC(2262) PSYoungGen: 186080K(224256K)->66272K(186368K) Eden: 119808K(119808K)->0K(119808K) From: 66272K(104448K)->66272K(66560K)
[635.086s][info][gc,heap        ] GC(2262) ParOldGen: 565846K(667648K)->565846K(667648K)
[635.086s][info][gc,metaspace   ] GC(2262) Metaspace: 19101K(19264K)->19101K(19264K) NonClass: 16440K(16512K)->16440K(16512K) Class: 2661K(2752K)->2661K(2752K)
[635.086s][info][gc             ] GC(2262) Pause Young (Allocation Failure) 734M->617M(834M) 69.164ms
[635.086s][info][gc,cpu         ] GC(2262) User=0.14s Sys=0.00s Real=0.07s
[635.363s][info][gc,start       ] GC(2263) Pause Young (Allocation Failure)
[635.435s][info][gc,heap        ] GC(2263) PSYoungGen: 186080K(186368K)->66560K(223232K) Eden: 119808K(119808K)->0K(114688K) From: 66272K(66560K)->66560K(108544K)
[635.435s][info][gc,heap        ] GC(2263) ParOldGen: 565846K(667648K)->565846K(667648K)
[635.435s][info][gc,metaspace   ] GC(2263) Metaspace: 19101K(19264K)->19101K(19264K) NonClass: 16440K(16512K)->16440K(16512K) Class: 2661K(2752K)->2661K(2752K)
[635.435s][info][gc             ] GC(2263) Pause Young (Allocation Failure) 734M->617M(870M) 71.583ms
[635.435s][info][gc,cpu         ] GC(2263) User=0.14s Sys=0.00s Real=0.07s
[635.535s][info][gc,start       ] GC(2264) Pause Young (Allocation Failure)
[635.636s][info][gc,heap        ] GC(2264) PSYoungGen: 181248K(223232K)->99120K(214016K) Eden: 114688K(114688K)->0K(114688K) From: 66560K(108544K)->99120K(99328K)
[635.636s][info][gc,heap        ] GC(2264) ParOldGen: 565846K(667648K)->565846K(667648K)
[635.636s][info][gc,metaspace   ] GC(2264) Metaspace: 19101K(19264K)->19101K(19264K) NonClass: 16440K(16512K)->16440K(16512K) Class: 2661K(2752K)->2661K(2752K)
[635.636s][info][gc             ] GC(2264) Pause Young (Allocation Failure) 729M->649M(861M) 101.266ms
[635.636s][info][gc,cpu         ] GC(2264) User=0.20s Sys=0.00s Real=0.11s
[635.741s][info][gc,start       ] GC(2265) Pause Young (Allocation Failure)
[635.867s][info][gc,heap        ] GC(2265) PSYoungGen: 213808K(214016K)->106640K(222720K) Eden: 114688K(114688K)->0K(111616K) From: 99120K(99328K)->106640K(111104K)
[635.867s][info][gc,heap        ] GC(2265) ParOldGen: 565846K(667648K)->594030K(667648K)
[635.868s][info][gc,metaspace   ] GC(2265) Metaspace: 19101K(19264K)->19101K(19264K) NonClass: 16440K(16512K)->16440K(16512K) Class: 2661K(2752K)->2661K(2752K)
[635.868s][info][gc             ] GC(2265) Pause Young (Allocation Failure) 761M->684M(869M) 126.831ms
[635.868s][info][gc,cpu         ] GC(2265) User=0.24s Sys=0.01s Real=0.13s
[636.045s][info][gc,start       ] GC(2266) Pause Young (Allocation Failure)
[636.136s][info][gc,heap        ] GC(2266) PSYoungGen: 218256K(222720K)->88480K(222720K) Eden: 111616K(111616K)->0K(111616K) From: 106640K(111104K)->88480K(111104K)
[636.136s][info][gc,heap        ] GC(2266) ParOldGen: 594030K(667648K)->614854K(667648K)
[636.136s][info][gc,metaspace   ] GC(2266) Metaspace: 19101K(19264K)->19101K(19264K) NonClass: 16440K(16512K)->16440K(16512K) Class: 2661K(2752K)->2661K(2752K)
[636.136s][info][gc             ] GC(2266) Pause Young (Allocation Failure) 793M->686M(869M) 91.470ms
[636.136s][info][gc,cpu         ] GC(2266) User=0.18s Sys=0.00s Real=0.10s
[636.315s][info][gc,start       ] GC(2267) Pause Young (Allocation Failure)
[636.408s][info][gc,heap        ] GC(2267) PSYoungGen: 200096K(222720K)->88784K(222720K) Eden: 111616K(111616K)->0K(111616K) From: 88480K(111104K)->88784K(111104K)
[636.408s][info][gc,heap        ] GC(2267) ParOldGen: 614854K(667648K)->631998K(667648K)
[636.408s][info][gc,metaspace   ] GC(2267) Metaspace: 19101K(19264K)->19101K(19264K) NonClass: 16440K(16512K)->16440K(16512K) Class: 2661K(2752K)->2661K(2752K)
[636.408s][info][gc             ] GC(2267) Pause Young (Allocation Failure) 795M->703M(869M) 92.610ms
[636.408s][info][gc,cpu         ] GC(2267) User=0.18s Sys=0.00s Real=0.10s
[636.590s][info][gc,start       ] GC(2268) Pause Full (Allocation Failure)
[636.590s][info][gc,phases,start] GC(2268) Marking Phase
[636.869s][info][gc,phases      ] GC(2268) Marking Phase 278.947ms
[636.869s][info][gc,phases,start] GC(2268) Summary Phase
[636.869s][info][gc,phases      ] GC(2268) Summary Phase 0.028ms
[636.869s][info][gc,phases,start] GC(2268) Forward
[637.002s][info][gc,phases      ] GC(2268) Forward 132.580ms
[637.002s][info][gc,phases,start] GC(2268) Adjust Pointers
[637.219s][info][gc,phases      ] GC(2268) Adjust Pointers 216.597ms
[637.219s][info][gc,phases,start] GC(2268) Compaction Phase
[637.336s][info][gc,phases      ] GC(2268) Compaction Phase 117.433ms
[637.348s][info][gc,phases,start] GC(2268) Post Compact
[637.350s][info][gc,phases      ] GC(2268) Post Compact 2.384ms
[637.350s][info][gc,heap        ] GC(2268) PSYoungGen: 200400K(222720K)->0K(222720K) Eden: 111616K(111616K)->0K(111616K) From: 88784K(111104K)->0K(111104K)
[637.350s][info][gc,heap        ] GC(2268) ParOldGen: 631998K(667648K)->396700K(667648K)
[637.350s][info][gc,metaspace   ] GC(2268) Metaspace: 19101K(19264K)->19101K(19264K) NonClass: 16440K(16512K)->16440K(16512K) Class: 2661K(2752K)->2661K(2752K)
[637.350s][info][gc             ] GC(2268) Pause Full (Allocation Failure) 812M->387M(869M) 759.861ms
[637.350s][info][gc,cpu         ] GC(2268) User=1.37s Sys=0.00s Real=0.76s
[637.408s][info][gc,start       ] GC(2269) Pause Young (Allocation Failure)
[637.436s][info][gc,heap        ] GC(2269) PSYoungGen: 111616K(222720K)->36864K(222720K) Eden: 111616K(111616K)->0K(111616K) From: 0K(111104K)->36864K(111104K)
[637.436s][info][gc,heap        ] GC(2269) ParOldGen: 396700K(667648K)->396700K(667648K)
[637.436s][info][gc,metaspace   ] GC(2269) Metaspace: 19101K(19264K)->19101K(19264K) NonClass: 16440K(16512K)->16440K(16512K) Class: 2661K(2752K)->2661K(2752K)
[637.436s][info][gc             ] GC(2269) Pause Young (Allocation Failure) 496M->423M(869M) 28.167ms
[637.436s][info][gc,cpu         ] GC(2269) User=0.06s Sys=0.00s Real=0.02s
[637.547s][info][gc,start       ] GC(2270) Pause Young (Allocation Failure)
[637.588s][info][gc,heap        ] GC(2270) PSYoungGen: 148480K(222720K)->65984K(222720K) Eden: 111616K(111616K)->0K(111616K) From: 36864K(111104K)->65984K(111104K)
[637.588s][info][gc,heap        ] GC(2270) ParOldGen: 396700K(667648K)->396700K(667648K)
[637.588s][info][gc,metaspace   ] GC(2270) Metaspace: 19101K(19264K)->19101K(19264K) NonClass: 16440K(16512K)->16440K(16512K) Class: 2661K(2752K)->2661K(2752K)
[637.588s][info][gc             ] GC(2270) Pause Young (Allocation Failure) 532M->451M(869M) 41.231ms
[637.588s][info][gc,cpu         ] GC(2270) User=0.08s Sys=0.00s Real=0.04s
[637.703s][info][gc,start       ] GC(2271) Pause Young (Allocation Failure)
[637.744s][info][gc,heap        ] GC(2271) PSYoungGen: 177600K(222720K)->68160K(222720K) Eden: 111616K(111616K)->0K(111616K) From: 65984K(111104K)->68160K(111104K)
[637.744s][info][gc,heap        ] GC(2271) ParOldGen: 396700K(667648K)->396700K(667648K)
[637.744s][info][gc,metaspace   ] GC(2271) Metaspace: 19101K(19264K)->19101K(19264K) NonClass: 16440K(16512K)->16440K(16512K) Class: 2661K(2752K)->2661K(2752K)
[637.744s][info][gc             ] GC(2271) Pause Young (Allocation Failure) 560M->453M(869M) 40.730ms
[637.744s][info][gc,cpu         ] GC(2271) User=0.08s Sys=0.00s Real=0.04s
[637.884s][info][gc,start       ] GC(2272) Pause Young (Allocation Failure)
[637.946s][info][gc,heap        ] GC(2272) PSYoungGen: 179776K(222720K)->77824K(222720K) Eden: 111616K(111616K)->0K(111616K) From: 68160K(111104K)->77824K(111104K)
[637.946s][info][gc,heap        ] GC(2272) ParOldGen: 396700K(667648K)->396700K(667648K)
[637.946s][info][gc,metaspace   ] GC(2272) Metaspace: 19101K(19264K)->19101K(19264K) NonClass: 16440K(16512K)->16440K(16512K) Class: 2661K(2752K)->2661K(2752K)
[637.947s][info][gc             ] GC(2272) Pause Young (Allocation Failure) 562M->463M(869M) 62.736ms
[637.947s][info][gc,cpu         ] GC(2272) User=0.13s Sys=0.00s Real=0.07s
[638.094s][info][gc,start       ] GC(2273) Pause Young (Allocation Failure)
[638.170s][info][gc,heap        ] GC(2273) PSYoungGen: 189440K(222720K)->19968K(222720K) Eden: 111616K(111616K)->0K(111616K) From: 77824K(111104K)->19968K(111104K)
[638.170s][info][gc,heap        ] GC(2273) ParOldGen: 396700K(667648K)->463387K(667648K)
[638.170s][info][gc,metaspace   ] GC(2273) Metaspace: 19101K(19264K)->19101K(19264K) NonClass: 16440K(16512K)->16440K(16512K) Class: 2661K(2752K)->2661K(2752K)
[638.170s][info][gc             ] GC(2273) Pause Young (Allocation Failure) 572M->472M(869M) 76.173ms
[638.170s][info][gc,cpu         ] GC(2273) User=0.15s Sys=0.00s Real=0.08s
[638.332s][info][gc,start       ] GC(2274) Pause Young (Allocation Failure)
[638.365s][info][gc,heap        ] GC(2274) PSYoungGen: 131584K(222720K)->8608K(222720K) Eden: 111616K(111616K)->0K(111616K) From: 19968K(111104K)->8608K(111104K)
[638.365s][info][gc,heap        ] GC(2274) ParOldGen: 463387K(667648K)->474763K(667648K)
[638.365s][info][gc,metaspace   ] GC(2274) Metaspace: 19101K(19264K)->19101K(19264K) NonClass: 16440K(16512K)->16440K(16512K) Class: 2661K(2752K)->2661K(2752K)
[638.365s][info][gc             ] GC(2274) Pause Young (Allocation Failure) 581M->472M(869M) 33.427ms
[638.365s][info][gc,cpu         ] GC(2274) User=0.07s Sys=0.00s Real=0.03s
[638.525s][info][gc,start       ] GC(2275) Pause Young (Allocation Failure)
[638.539s][info][gc,heap        ] GC(2275) PSYoungGen: 120224K(222720K)->64K(222720K) Eden: 111616K(111616K)->0K(111616K) From: 8608K(111104K)->64K(111104K)
[638.539s][info][gc,heap        ] GC(2275) ParOldGen: 474763K(667648K)->483363K(667648K)
[638.539s][info][gc,metaspace   ] GC(2275) Metaspace: 19101K(19264K)->19101K(19264K) NonClass: 16440K(16512K)->16440K(16512K) Class: 2661K(2752K)->2661K(2752K)
[638.539s][info][gc             ] GC(2275) Pause Young (Allocation Failure) 581M->472M(869M) 13.441ms
[638.539s][info][gc,cpu         ] GC(2275) User=0.02s Sys=0.00s Real=0.02s
[638.707s][info][gc,start       ] GC(2276) Pause Young (Allocation Failure)
[638.709s][info][gc,heap        ] GC(2276) PSYoungGen: 111680K(222720K)->32K(222720K) Eden: 111616K(111616K)->0K(111616K) From: 64K(111104K)->32K(111104K)
[638.709s][info][gc,heap        ] GC(2276) ParOldGen: 483363K(667648K)->483363K(667648K)
[638.709s][info][gc,metaspace   ] GC(2276) Metaspace: 19101K(19264K)->19101K(19264K) NonClass: 16440K(16512K)->16440K(16512K) Class: 2661K(2752K)->2661K(2752K)
[638.709s][info][gc             ] GC(2276) Pause Young (Allocation Failure) 581M->472M(869M) 2.128ms
[638.709s][info][gc,cpu         ] GC(2276) User=0.00s Sys=0.00s Real=0.00s
[638.868s][info][gc,start       ] GC(2277) Pause Young (Allocation Failure)
[638.870s][info][gc,heap        ] GC(2277) PSYoungGen: 111648K(222720K)->64K(222720K) Eden: 111616K(111616K)->0K(111616K) From: 32K(111104K)->64K(111104K)
[638.870s][info][gc,heap        ] GC(2277) ParOldGen: 483363K(667648K)->483363K(667648K)
[638.870s][info][gc,metaspace   ] GC(2277) Metaspace: 19101K(19264K)->19101K(19264K) NonClass: 16440K(16512K)->16440K(16512K) Class: 2661K(2752K)->2661K(2752K)
[638.870s][info][gc             ] GC(2277) Pause Young (Allocation Failure) 581M->472M(869M) 1.655ms
[638.870s][info][gc,cpu         ] GC(2277) User=0.00s Sys=0.00s Real=0.00s
[639.030s][info][gc,start       ] GC(2278) Pause Young (Allocation Failure)
[639.031s][info][gc,heap        ] GC(2278) PSYoungGen: 111680K(222720K)->64K(222720K) Eden: 111616K(111616K)->0K(111616K) From: 64K(111104K)->64K(111104K)
[639.031s][info][gc,heap        ] GC(2278) ParOldGen: 483363K(667648K)->483363K(667648K)
[639.031s][info][gc,metaspace   ] GC(2278) Metaspace: 19101K(19264K)->19101K(19264K) NonClass: 16440K(16512K)->16440K(16512K) Class: 2661K(2752K)->2661K(2752K)
[639.031s][info][gc             ] GC(2278) Pause Young (Allocation Failure) 581M->472M(869M) 1.632ms
[639.031s][info][gc,cpu         ] GC(2278) User=0.01s Sys=0.00s Real=0.00s
[639.189s][info][gc,start       ] GC(2279) Pause Young (Allocation Failure)
[639.191s][info][gc,heap        ] GC(2279) PSYoungGen: 111680K(222720K)->64K(222720K) Eden: 111616K(111616K)->0K(111616K) From: 64K(111104K)->64K(111104K)
[639.191s][info][gc,heap        ] GC(2279) ParOldGen: 483363K(667648K)->483363K(667648K)
[639.191s][info][gc,metaspace   ] GC(2279) Metaspace: 19101K(19264K)->19101K(19264K) NonClass: 16440K(16512K)->16440K(16512K) Class: 2661K(2752K)->2661K(2752K)
[639.191s][info][gc             ] GC(2279) Pause Young (Allocation Failure) 581M->472M(869M) 1.592ms
[639.191s][info][gc,cpu         ] GC(2279) User=0.00s Sys=0.00s Real=0.00s
[639.349s][info][gc,start       ] GC(2280) Pause Young (Allocation Failure)
[639.350s][info][gc,heap        ] GC(2280) PSYoungGen: 111680K(222720K)->64K(222720K) Eden: 111616K(111616K)->0K(111616K) From: 64K(111104K)->64K(111104K)
[639.350s][info][gc,heap        ] GC(2280) ParOldGen: 483363K(667648K)->483363K(667648K)
[639.350s][info][gc,metaspace   ] GC(2280) Metaspace: 19101K(19264K)->19101K(19264K) NonClass: 16440K(16512K)->16440K(16512K) Class: 2661K(2752K)->2661K(2752K)
[639.350s][info][gc             ] GC(2280) Pause Young (Allocation Failure) 581M->472M(869M) 1.751ms
[639.350s][info][gc,cpu         ] GC(2280) User=0.01s Sys=0.00s Real=0.00s
[639.472s][info][gc,start       ] GC(2281) Pause Young (Allocation Failure)
[639.490s][info][gc,heap        ] GC(2281) PSYoungGen: 111680K(222720K)->15200K(222720K) Eden: 111616K(111616K)->0K(111616K) From: 64K(111104K)->15200K(111104K)
[639.490s][info][gc,heap        ] GC(2281) ParOldGen: 483363K(667648K)->483363K(667648K)
[639.490s][info][gc,metaspace   ] GC(2281) Metaspace: 19101K(19264K)->19101K(19264K) NonClass: 16440K(16512K)->16440K(16512K) Class: 2661K(2752K)->2661K(2752K)
[639.490s][info][gc             ] GC(2281) Pause Young (Allocation Failure) 581M->486M(869M) 18.882ms
[639.490s][info][gc,cpu         ] GC(2281) User=0.04s Sys=0.00s Real=0.02s
[639.607s][info][gc,start       ] GC(2282) Pause Young (Allocation Failure)
[639.641s][info][gc,heap        ] GC(2282) PSYoungGen: 126816K(222720K)->16224K(128000K) Eden: 111616K(111616K)->0K(111616K) From: 15200K(111104K)->16224K(16384K)
[639.641s][info][gc,heap        ] GC(2282) ParOldGen: 483363K(667648K)->498555K(667648K)
[639.641s][info][gc,metaspace   ] GC(2282) Metaspace: 19101K(19264K)->19101K(19264K) NonClass: 16440K(16512K)->16440K(16512K) Class: 2661K(2752K)->2661K(2752K)
[639.641s][info][gc             ] GC(2282) Pause Young (Allocation Failure) 595M->502M(777M) 34.748ms
[639.641s][info][gc,cpu         ] GC(2282) User=0.07s Sys=0.00s Real=0.03s
[639.730s][info][gc,start       ] GC(2283) Pause Young (Allocation Failure)
[639.752s][info][gc,heap        ] GC(2283) PSYoungGen: 127840K(128000K)->20064K(217600K) Eden: 111616K(111616K)->0K(117760K) From: 16224K(16384K)->20064K(99840K)
[639.752s][info][gc,heap        ] GC(2283) ParOldGen: 498555K(667648K)->498555K(667648K)
[639.752s][info][gc,metaspace   ] GC(2283) Metaspace: 19101K(19264K)->19101K(19264K) NonClass: 16440K(16512K)->16440K(16512K) Class: 2661K(2752K)->2661K(2752K)
[639.752s][info][gc             ] GC(2283) Pause Young (Allocation Failure) 611M->506M(864M) 22.572ms
[639.752s][info][gc,cpu         ] GC(2283) User=0.04s Sys=0.01s Real=0.02s
[639.864s][info][gc,start       ] GC(2284) Pause Young (Allocation Failure)
[639.889s][info][gc,heap        ] GC(2284) PSYoungGen: 137824K(217600K)->21280K(218624K) Eden: 117760K(117760K)->0K(117760K) From: 20064K(99840K)->21280K(100864K)
[639.889s][info][gc,heap        ] GC(2284) ParOldGen: 498555K(667648K)->498555K(667648K)
[639.889s][info][gc,metaspace   ] GC(2284) Metaspace: 19101K(19264K)->19101K(19264K) NonClass: 16440K(16512K)->16440K(16512K) Class: 2661K(2752K)->2661K(2752K)
[639.889s][info][gc             ] GC(2284) Pause Young (Allocation Failure) 621M->507M(865M) 25.044ms
[639.889s][info][gc,cpu         ] GC(2284) User=0.05s Sys=0.00s Real=0.03s
[640.007s][info][gc,start       ] GC(2285) Pause Young (Allocation Failure)
[640.037s][info][gc,heap        ] GC(2285) PSYoungGen: 139040K(218624K)->24704K(206336K) Eden: 117760K(117760K)->0K(124928K) From: 21280K(100864K)->24704K(81408K)
[640.037s][info][gc,heap        ] GC(2285) ParOldGen: 498555K(667648K)->498555K(667648K)
[640.037s][info][gc,metaspace   ] GC(2285) Metaspace: 19101K(19264K)->19101K(19264K) NonClass: 16440K(16512K)->16440K(16512K) Class: 2661K(2752K)->2661K(2752K)
[640.037s][info][gc             ] GC(2285) Pause Young (Allocation Failure) 622M->510M(853M) 29.447ms
[640.037s][info][gc,cpu         ] GC(2285) User=0.05s Sys=0.00s Real=0.03s
[640.141s][info][gc,start       ] GC(2286) Pause Young (Allocation Failure)
[640.170s][info][gc,heap        ] GC(2286) PSYoungGen: 149632K(206336K)->24736K(212480K) Eden: 124928K(124928K)->0K(124928K) From: 24704K(81408K)->24736K(87552K)
[640.170s][info][gc,heap        ] GC(2286) ParOldGen: 498555K(667648K)->498555K(667648K)
[640.170s][info][gc,metaspace   ] GC(2286) Metaspace: 19101K(19264K)->19101K(19264K) NonClass: 16440K(16512K)->16440K(16512K) Class: 2661K(2752K)->2661K(2752K)
[640.170s][info][gc             ] GC(2286) Pause Young (Allocation Failure) 632M->511M(859M) 28.636ms
[640.170s][info][gc,cpu         ] GC(2286) User=0.06s Sys=0.00s Real=0.03s
[640.296s][info][gc,start       ] GC(2287) Pause Young (Allocation Failure)
[640.343s][info][gc,heap        ] GC(2287) PSYoungGen: 149664K(212480K)->43488K(212992K) Eden: 124928K(124928K)->0K(131584K) From: 24736K(87552K)->43488K(81408K)
[640.343s][info][gc,heap        ] GC(2287) ParOldGen: 498555K(667648K)->498555K(667648K)
[640.343s][info][gc,metaspace   ] GC(2287) Metaspace: 19101K(19264K)->19101K(19264K) NonClass: 16440K(16512K)->16440K(16512K) Class: 2661K(2752K)->2661K(2752K)
[640.343s][info][gc             ] GC(2287) Pause Young (Allocation Failure) 633M->529M(860M) 47.208ms
[640.343s][info][gc,cpu         ] GC(2287) User=0.09s Sys=0.00s Real=0.05s
[640.453s][info][gc,start       ] GC(2288) Pause Young (Allocation Failure)
[640.527s][info][gc,heap        ] GC(2288) PSYoungGen: 175072K(212992K)->70080K(214016K) Eden: 131584K(131584K)->0K(131584K) From: 43488K(81408K)->70080K(82432K)
[640.527s][info][gc,heap        ] GC(2288) ParOldGen: 498555K(667648K)->498555K(667648K)
[640.527s][info][gc,metaspace   ] GC(2288) Metaspace: 19101K(19264K)->19101K(19264K) NonClass: 16440K(16512K)->16440K(16512K) Class: 2661K(2752K)->2661K(2752K)
[640.527s][info][gc             ] GC(2288) Pause Young (Allocation Failure) 657M->555M(861M) 73.664ms
[640.527s][info][gc,cpu         ] GC(2288) User=0.14s Sys=0.00s Real=0.08s
[640.667s][info][gc,start       ] GC(2289) Pause Young (Allocation Failure)
[640.766s][info][gc,heap        ] GC(2289) PSYoungGen: 201664K(214016K)->83248K(215040K) Eden: 131584K(131584K)->0K(121856K) From: 70080K(82432K)->83248K(93184K)
[640.766s][info][gc,heap        ] GC(2289) ParOldGen: 498555K(667648K)->498555K(667648K)
[640.766s][info][gc,metaspace   ] GC(2289) Metaspace: 19101K(19264K)->19101K(19264K) NonClass: 16440K(16512K)->16440K(16512K) Class: 2661K(2752K)->2661K(2752K)
[640.766s][info][gc             ] GC(2289) Pause Young (Allocation Failure) 683M->568M(862M) 98.893ms
[640.766s][info][gc,cpu         ] GC(2289) User=0.18s Sys=0.02s Real=0.09s
[640.922s][info][gc,start       ] GC(2290) Pause Young (Allocation Failure)
[641.007s][info][gc,heap        ] GC(2290) PSYoungGen: 205104K(215040K)->84720K(206848K) Eden: 121856K(121856K)->0K(121856K) From: 83248K(93184K)->84720K(84992K)
[641.007s][info][gc,heap        ] GC(2290) ParOldGen: 498555K(667648K)->498555K(667648K)
[641.007s][info][gc,metaspace   ] GC(2290) Metaspace: 19101K(19264K)->19101K(19264K) NonClass: 16440K(16512K)->16440K(16512K) Class: 2661K(2752K)->2661K(2752K)
[641.007s][info][gc             ] GC(2290) Pause Young (Allocation Failure) 687M->569M(854M) 85.561ms
[641.007s][info][gc,cpu         ] GC(2290) User=0.17s Sys=0.00s Real=0.09s
[641.168s][info][gc,start       ] GC(2291) Pause Young (Allocation Failure)
[641.257s][info][gc,heap        ] GC(2291) PSYoungGen: 206576K(206848K)->68208K(222720K) Eden: 121856K(121856K)->0K(111616K) From: 84720K(84992K)->68208K(111104K)
[641.258s][info][gc,heap        ] GC(2291) ParOldGen: 498555K(667648K)->518635K(667648K)
[641.258s][info][gc,metaspace   ] GC(2291) Metaspace: 19101K(19264K)->19101K(19264K) NonClass: 16440K(16512K)->16440K(16512K) Class: 2661K(2752K)->2661K(2752K)
[641.258s][info][gc             ] GC(2291) Pause Young (Allocation Failure) 688M->573M(869M) 89.839ms
[641.258s][info][gc,cpu         ] GC(2291) User=0.18s Sys=0.00s Real=0.09s
[641.382s][info][gc,start       ] GC(2292) Pause Young (Allocation Failure)
[641.452s][info][gc,heap        ] GC(2292) PSYoungGen: 179824K(222720K)->65264K(222720K) Eden: 111616K(111616K)->0K(111616K) From: 68208K(111104K)->65264K(111104K)
[641.452s][info][gc,heap        ] GC(2292) ParOldGen: 518635K(667648K)->523307K(667648K)
[641.452s][info][gc,metaspace   ] GC(2292) Metaspace: 19101K(19264K)->19101K(19264K) NonClass: 16440K(16512K)->16440K(16512K) Class: 2661K(2752K)->2661K(2752K)
[641.452s][info][gc             ] GC(2292) Pause Young (Allocation Failure) 682M->574M(869M) 69.297ms
[641.452s][info][gc,cpu         ] GC(2292) User=0.14s Sys=0.00s Real=0.07s
[641.618s][info][gc,start       ] GC(2293) Pause Young (Allocation Failure)
[641.706s][info][gc,heap        ] GC(2293) PSYoungGen: 176880K(222720K)->66480K(222720K) Eden: 111616K(111616K)->0K(111616K) From: 65264K(111104K)->66480K(111104K)
[641.706s][info][gc,heap        ] GC(2293) ParOldGen: 523307K(667648K)->542147K(667648K)
[641.706s][info][gc,metaspace   ] GC(2293) Metaspace: 19101K(19264K)->19101K(19264K) NonClass: 16440K(16512K)->16440K(16512K) Class: 2661K(2752K)->2661K(2752K)
[641.706s][info][gc             ] GC(2293) Pause Young (Allocation Failure) 683M->594M(869M) 87.671ms
[641.706s][info][gc,cpu         ] GC(2293) User=0.17s Sys=0.00s Real=0.08s
[641.996s][info][gc,start       ] GC(2294) Pause Young (Allocation Failure)
[642.069s][info][gc,heap        ] GC(2294) PSYoungGen: 178096K(222720K)->28432K(222720K) Eden: 111616K(111616K)->0K(111616K) From: 66480K(111104K)->28432K(111104K)
[642.069s][info][gc,heap        ] GC(2294) ParOldGen: 542147K(667648K)->581988K(667648K)
[642.069s][info][gc,metaspace   ] GC(2294) Metaspace: 19101K(19264K)->19101K(19264K) NonClass: 16440K(16512K)->16440K(16512K) Class: 2661K(2752K)->2661K(2752K)
[642.069s][info][gc             ] GC(2294) Pause Young (Allocation Failure) 703M->596M(869M) 73.112ms
[642.069s][info][gc,cpu         ] GC(2294) User=0.15s Sys=0.00s Real=0.07s
[642.385s][info][gc,start       ] GC(2295) Pause Young (Allocation Failure)
[642.416s][info][gc,heap        ] GC(2295) PSYoungGen: 140048K(222720K)->23552K(222720K) Eden: 111616K(111616K)->0K(111616K) From: 28432K(111104K)->23552K(111104K)
[642.416s][info][gc,heap        ] GC(2295) ParOldGen: 581988K(667648K)->586916K(667648K)
[642.416s][info][gc,metaspace   ] GC(2295) Metaspace: 19101K(19264K)->19101K(19264K) NonClass: 16440K(16512K)->16440K(16512K) Class: 2661K(2752K)->2661K(2752K)
[642.416s][info][gc             ] GC(2295) Pause Young (Allocation Failure) 705M->596M(869M) 31.080ms
[642.416s][info][gc,cpu         ] GC(2295) User=0.06s Sys=0.00s Real=0.03s
[642.719s][info][gc,start       ] GC(2296) Pause Young (Allocation Failure)
[642.746s][info][gc,heap        ] GC(2296) PSYoungGen: 135168K(222720K)->1792K(222720K) Eden: 111616K(111616K)->0K(111616K) From: 23552K(111104K)->1792K(111104K)
[642.746s][info][gc,heap        ] GC(2296) ParOldGen: 586916K(667648K)->608748K(667648K)
[642.746s][info][gc,metaspace   ] GC(2296) Metaspace: 19101K(19264K)->19101K(19264K) NonClass: 16440K(16512K)->16440K(16512K) Class: 2661K(2752K)->2661K(2752K)
[642.746s][info][gc             ] GC(2296) Pause Young (Allocation Failure) 705M->596M(869M) 26.396ms
[642.746s][info][gc,cpu         ] GC(2296) User=0.05s Sys=0.00s Real=0.02s
[643.016s][info][gc,start       ] GC(2297) Pause Young (Allocation Failure)
[643.021s][info][gc,heap        ] GC(2297) PSYoungGen: 113408K(222720K)->64K(222720K) Eden: 111616K(111616K)->0K(111616K) From: 1792K(111104K)->64K(111104K)
[643.021s][info][gc,heap        ] GC(2297) ParOldGen: 608748K(667648K)->610476K(667648K)
[643.021s][info][gc,metaspace   ] GC(2297) Metaspace: 19101K(19264K)->19101K(19264K) NonClass: 16440K(16512K)->16440K(16512K) Class: 2661K(2752K)->2661K(2752K)
[643.021s][info][gc             ] GC(2297) Pause Young (Allocation Failure) 705M->596M(869M) 4.519ms
[643.021s][info][gc,cpu         ] GC(2297) User=0.00s Sys=0.00s Real=0.00s
[643.295s][info][gc,start       ] GC(2298) Pause Young (Allocation Failure)
[643.297s][info][gc,heap        ] GC(2298) PSYoungGen: 111680K(222720K)->64K(222720K) Eden: 111616K(111616K)->0K(111616K) From: 64K(111104K)->64K(111104K)
[643.297s][info][gc,heap        ] GC(2298) ParOldGen: 610476K(667648K)->610524K(667648K)
[643.298s][info][gc,metaspace   ] GC(2298) Metaspace: 19101K(19264K)->19101K(19264K) NonClass: 16440K(16512K)->16440K(16512K) Class: 2661K(2752K)->2661K(2752K)
[643.298s][info][gc             ] GC(2298) Pause Young (Allocation Failure) 705M->596M(869M) 2.202ms
[643.298s][info][gc,cpu         ] GC(2298) User=0.00s Sys=0.00s Real=0.01s
[643.546s][info][gc,start       ] GC(2299) Pause Young (Allocation Failure)
[643.549s][info][gc,heap        ] GC(2299) PSYoungGen: 111680K(222720K)->64K(217600K) Eden: 111616K(111616K)->0K(111616K) From: 64K(111104K)->64K(105984K)
[643.549s][info][gc,heap        ] GC(2299) ParOldGen: 610524K(667648K)->610524K(667648K)
[643.549s][info][gc,metaspace   ] GC(2299) Metaspace: 19101K(19264K)->19101K(19264K) NonClass: 16440K(16512K)->16440K(16512K) Class: 2661K(2752K)->2661K(2752K)
[643.549s][info][gc             ] GC(2299) Pause Young (Allocation Failure) 705M->596M(864M) 2.194ms
[643.549s][info][gc,cpu         ] GC(2299) User=0.00s Sys=0.00s Real=0.00s
[643.860s][info][gc,start       ] GC(2300) Pause Young (Allocation Failure)
[643.863s][info][gc,heap        ] GC(2300) PSYoungGen: 111680K(217600K)->192K(220160K) Eden: 111616K(111616K)->0K(111616K) From: 64K(105984K)->192K(108544K)
[643.863s][info][gc,heap        ] GC(2300) ParOldGen: 610524K(667648K)->610524K(667648K)
[643.863s][info][gc,metaspace   ] GC(2300) Metaspace: 19101K(19264K)->19101K(19264K) NonClass: 16440K(16512K)->16440K(16512K) Class: 2661K(2752K)->2661K(2752K)
[643.863s][info][gc             ] GC(2300) Pause Young (Allocation Failure) 705M->596M(867M) 2.372ms
[643.863s][info][gc,cpu         ] GC(2300) User=0.01s Sys=0.00s Real=0.00s
[644.077s][info][gc,start       ] GC(2301) Pause Young (Allocation Failure)
[644.085s][info][gc,heap        ] GC(2301) PSYoungGen: 111808K(220160K)->6496K(210432K) Eden: 111616K(111616K)->0K(114688K) From: 192K(108544K)->6496K(95744K)
[644.085s][info][gc,heap        ] GC(2301) ParOldGen: 610524K(667648K)->610524K(667648K)
[644.085s][info][gc,metaspace   ] GC(2301) Metaspace: 19101K(19264K)->19101K(19264K) NonClass: 16440K(16512K)->16440K(16512K) Class: 2661K(2752K)->2661K(2752K)
[644.085s][info][gc             ] GC(2301) Pause Young (Allocation Failure) 705M->602M(857M) 7.727ms
[644.085s][info][gc,cpu         ] GC(2301) User=0.01s Sys=0.00s Real=0.00s
[644.150s][info][gc,start       ] GC(2302) Pause Young (Allocation Failure)
[644.186s][info][gc,heap        ] GC(2302) PSYoungGen: 121184K(210432K)->47888K(215552K) Eden: 114688K(114688K)->0K(114688K) From: 6496K(95744K)->47888K(100864K)
[644.186s][info][gc,heap        ] GC(2302) ParOldGen: 610524K(667648K)->610524K(667648K)
[644.186s][info][gc,metaspace   ] GC(2302) Metaspace: 19101K(19264K)->19101K(19264K) NonClass: 16440K(16512K)->16440K(16512K) Class: 2661K(2752K)->2661K(2752K)
[644.186s][info][gc             ] GC(2302) Pause Young (Allocation Failure) 714M->642M(862M) 35.940ms
[644.186s][info][gc,cpu         ] GC(2302) User=0.07s Sys=0.00s Real=0.03s
[644.355s][info][gc,start       ] GC(2303) Pause Young (Allocation Failure)
[644.405s][info][gc,heap        ] GC(2303) PSYoungGen: 162576K(215552K)->72480K(214016K) Eden: 114688K(114688K)->0K(111616K) From: 47888K(100864K)->72480K(102400K)
[644.405s][info][gc,heap        ] GC(2303) ParOldGen: 610524K(667648K)->610524K(667648K)
[644.405s][info][gc,metaspace   ] GC(2303) Metaspace: 19101K(19264K)->19101K(19264K) NonClass: 16440K(16512K)->16440K(16512K) Class: 2661K(2752K)->2661K(2752K)
[644.405s][info][gc             ] GC(2303) Pause Young (Allocation Failure) 754M->666M(861M) 50.142ms
[644.405s][info][gc,cpu         ] GC(2303) User=0.10s Sys=0.00s Real=0.05s
[644.495s][info][gc,start       ] GC(2304) Pause Young (Allocation Failure)
[644.543s][info][gc,heap        ] GC(2304) PSYoungGen: 184096K(214016K)->74304K(222720K) Eden: 111616K(111616K)->0K(111616K) From: 72480K(102400K)->74304K(111104K)
[644.543s][info][gc,heap        ] GC(2304) ParOldGen: 610524K(667648K)->610540K(667648K)
[644.543s][info][gc,metaspace   ] GC(2304) Metaspace: 19101K(19264K)->19101K(19264K) NonClass: 16440K(16512K)->16440K(16512K) Class: 2661K(2752K)->2661K(2752K)
[644.543s][info][gc             ] GC(2304) Pause Young (Allocation Failure) 775M->668M(869M) 48.094ms
[644.543s][info][gc,cpu         ] GC(2304) User=0.09s Sys=0.00s Real=0.05s
[644.765s][info][gc,start       ] GC(2305) Pause Young (Allocation Failure)
[644.844s][info][gc,heap        ] GC(2305) PSYoungGen: 185920K(222720K)->84950K(222720K) Eden: 111616K(111616K)->0K(111616K) From: 74304K(111104K)->84950K(111104K)
[644.844s][info][gc,heap        ] GC(2305) ParOldGen: 610540K(667648K)->617068K(667648K)
[644.844s][info][gc,metaspace   ] GC(2305) Metaspace: 19101K(19264K)->19101K(19264K) NonClass: 16440K(16512K)->16440K(16512K) Class: 2661K(2752K)->2661K(2752K)
[644.844s][info][gc             ] GC(2305) Pause Young (Allocation Failure) 777M->685M(869M) 79.369ms
[644.844s][info][gc,cpu         ] GC(2305) User=0.16s Sys=0.00s Real=0.08s
[645.016s][info][gc,start       ] GC(2306) Pause Young (Allocation Failure)
[645.103s][info][gc,promotion   ] GC(2306) Promotion failed
[645.103s][info][gc,heap        ] GC(2306) PSYoungGen: 196566K(222720K)->196566K(222720K) Eden: 111616K(111616K)->111616K(111616K) From: 84950K(111104K)->84950K(111104K)
[645.103s][info][gc,heap        ] GC(2306) ParOldGen: 617068K(667648K)->667644K(667648K)
[645.103s][info][gc,metaspace   ] GC(2306) Metaspace: 19101K(19264K)->19101K(19264K) NonClass: 16440K(16512K)->16440K(16512K) Class: 2661K(2752K)->2661K(2752K)
[645.103s][info][gc             ] GC(2306) Pause Young (Allocation Failure) 794M->843M(869M) 86.639ms
[645.103s][info][gc,cpu         ] GC(2306) User=0.17s Sys=0.00s Real=0.08s
[645.103s][info][gc,start       ] GC(2307) Pause Full (Allocation Failure)
[645.103s][info][gc,phases,start] GC(2307) Marking Phase
[645.326s][info][gc,phases      ] GC(2307) Marking Phase 222.944ms
[645.326s][info][gc,phases,start] GC(2307) Summary Phase
[645.326s][info][gc,phases      ] GC(2307) Summary Phase 0.030ms
[645.326s][info][gc,phases,start] GC(2307) Forward
[645.434s][info][gc,phases      ] GC(2307) Forward 107.910ms
[645.434s][info][gc,phases,start] GC(2307) Adjust Pointers
[645.606s][info][gc,phases      ] GC(2307) Adjust Pointers 172.067ms
[645.606s][info][gc,phases,start] GC(2307) Compaction Phase
[645.701s][info][gc,phases      ] GC(2307) Compaction Phase 94.723ms
[645.712s][info][gc,phases,start] GC(2307) Post Compact
[645.714s][info][gc,phases      ] GC(2307) Post Compact 2.636ms
[645.718s][info][gc,heap        ] GC(2307) PSYoungGen: 196566K(222720K)->0K(222720K) Eden: 111616K(111616K)->0K(111616K) From: 84950K(111104K)->0K(111104K)
[645.718s][info][gc,heap        ] GC(2307) ParOldGen: 667644K(667648K)->298766K(629760K)
[645.718s][info][gc,metaspace   ] GC(2307) Metaspace: 19101K(19264K)->19101K(19264K) NonClass: 16440K(16512K)->16440K(16512K) Class: 2661K(2752K)->2661K(2752K)
[645.718s][info][gc             ] GC(2307) Pause Full (Allocation Failure) 843M->291M(832M) 614.852ms
[645.718s][info][gc,cpu         ] GC(2307) User=1.09s Sys=0.01s Real=0.62s
[645.846s][info][gc,start       ] GC(2308) Pause Young (Allocation Failure)
[645.861s][info][gc,heap        ] GC(2308) PSYoungGen: 111616K(222720K)->19504K(222720K) Eden: 111616K(111616K)->0K(111616K) From: 0K(111104K)->19504K(111104K)
[645.861s][info][gc,heap        ] GC(2308) ParOldGen: 298766K(629760K)->298766K(629760K)
[645.861s][info][gc,metaspace   ] GC(2308) Metaspace: 19101K(19264K)->19101K(19264K) NonClass: 16440K(16512K)->16440K(16512K) Class: 2661K(2752K)->2661K(2752K)
[645.861s][info][gc             ] GC(2308) Pause Young (Allocation Failure) 400M->310M(832M) 14.839ms
[645.861s][info][gc,cpu         ] GC(2308) User=0.03s Sys=0.00s Real=0.01s
[645.922s][info][gc,start       ] GC(2309) Pause Young (Allocation Failure)
[645.963s][info][gc,heap        ] GC(2309) PSYoungGen: 131120K(222720K)->56128K(222720K) Eden: 111616K(111616K)->0K(111616K) From: 19504K(111104K)->56128K(111104K)
[645.963s][info][gc,heap        ] GC(2309) ParOldGen: 298766K(629760K)->298766K(629760K)
[645.963s][info][gc,metaspace   ] GC(2309) Metaspace: 19101K(19264K)->19101K(19264K) NonClass: 16440K(16512K)->16440K(16512K) Class: 2661K(2752K)->2661K(2752K)
[645.963s][info][gc             ] GC(2309) Pause Young (Allocation Failure) 419M->346M(832M) 41.032ms
[645.963s][info][gc,cpu         ] GC(2309) User=0.08s Sys=0.00s Real=0.04s
[646.093s][info][gc,start       ] GC(2310) Pause Young (Allocation Failure)
[646.144s][info][gc,heap        ] GC(2310) PSYoungGen: 167744K(222720K)->21216K(222720K) Eden: 111616K(111616K)->0K(111616K) From: 56128K(111104K)->21216K(111104K)
[646.144s][info][gc,heap        ] GC(2310) ParOldGen: 298766K(629760K)->355317K(629760K)
[646.144s][info][gc,metaspace   ] GC(2310) Metaspace: 19101K(19264K)->19101K(19264K) NonClass: 16440K(16512K)->16440K(16512K) Class: 2661K(2752K)->2661K(2752K)
[646.144s][info][gc             ] GC(2310) Pause Young (Allocation Failure) 455M->367M(832M) 51.237ms
[646.144s][info][gc,cpu         ] GC(2310) User=0.10s Sys=0.00s Real=0.05s
[646.270s][info][gc,start       ] GC(2311) Pause Young (Allocation Failure)
[646.285s][info][gc,heap        ] GC(2311) PSYoungGen: 132832K(222720K)->96K(222720K) Eden: 111616K(111616K)->0K(111616K) From: 21216K(111104K)->96K(111104K)
[646.285s][info][gc,heap        ] GC(2311) ParOldGen: 355317K(629760K)->376745K(629760K)
[646.285s][info][gc,metaspace   ] GC(2311) Metaspace: 19101K(19264K)->19101K(19264K) NonClass: 16440K(16512K)->16440K(16512K) Class: 2661K(2752K)->2661K(2752K)
[646.286s][info][gc             ] GC(2311) Pause Young (Allocation Failure) 476M->368M(832M) 15.793ms
[646.286s][info][gc,cpu         ] GC(2311) User=0.03s Sys=0.00s Real=0.01s
[646.407s][info][gc,start       ] GC(2312) Pause Young (Allocation Failure)
[646.409s][info][gc,heap        ] GC(2312) PSYoungGen: 111712K(222720K)->128K(222720K) Eden: 111616K(111616K)->0K(111616K) From: 96K(111104K)->128K(111104K)
[646.409s][info][gc,heap        ] GC(2312) ParOldGen: 376745K(629760K)->376817K(629760K)
[646.409s][info][gc,metaspace   ] GC(2312) Metaspace: 19101K(19264K)->19101K(19264K) NonClass: 16440K(16512K)->16440K(16512K) Class: 2661K(2752K)->2661K(2752K)
[646.409s][info][gc             ] GC(2312) Pause Young (Allocation Failure) 477M->368M(832M) 1.798ms
[646.409s][info][gc,cpu         ] GC(2312) User=0.00s Sys=0.00s Real=0.00s
[646.529s][info][gc,start       ] GC(2313) Pause Young (Allocation Failure)
[646.531s][info][gc,heap        ] GC(2313) PSYoungGen: 111744K(222720K)->128K(112128K) Eden: 111616K(111616K)->0K(111616K) From: 128K(111104K)->128K(512K)
[646.531s][info][gc,heap        ] GC(2313) ParOldGen: 376817K(629760K)->376905K(629760K)
[646.531s][info][gc,metaspace   ] GC(2313) Metaspace: 19101K(19264K)->19101K(19264K) NonClass: 16440K(16512K)->16440K(16512K) Class: 2661K(2752K)->2661K(2752K)
[646.531s][info][gc             ] GC(2313) Pause Young (Allocation Failure) 477M->368M(724M) 2.014ms
[646.531s][info][gc,cpu         ] GC(2313) User=0.00s Sys=0.00s Real=0.00s
[646.652s][info][gc,start       ] GC(2314) Pause Young (Allocation Failure)
[646.654s][info][gc,heap        ] GC(2314) PSYoungGen: 111744K(112128K)->256K(224256K) Eden: 111616K(111616K)->0K(115200K) From: 128K(512K)->256K(109056K)
[646.654s][info][gc,heap        ] GC(2314) ParOldGen: 376905K(629760K)->376905K(629760K)
[646.654s][info][gc,metaspace   ] GC(2314) Metaspace: 19101K(19264K)->19101K(19264K) NonClass: 16440K(16512K)->16440K(16512K) Class: 2661K(2752K)->2661K(2752K)
[646.654s][info][gc             ] GC(2314) Pause Young (Allocation Failure) 477M->368M(834M) 1.924ms
[646.654s][info][gc,cpu         ] GC(2314) User=0.01s Sys=0.00s Real=0.00s
[646.780s][info][gc,start       ] GC(2315) Pause Young (Allocation Failure)
[646.782s][info][gc,heap        ] GC(2315) PSYoungGen: 115456K(224256K)->288K(115712K) Eden: 115200K(115200K)->0K(115200K) From: 256K(109056K)->288K(512K)
[646.782s][info][gc,heap        ] GC(2315) ParOldGen: 376905K(629760K)->376905K(629760K)
[646.782s][info][gc,metaspace   ] GC(2315) Metaspace: 19101K(19264K)->19101K(19264K) NonClass: 16440K(16512K)->16440K(16512K) Class: 2661K(2752K)->2661K(2752K)
[646.783s][info][gc             ] GC(2315) Pause Young (Allocation Failure) 480M->368M(728M) 2.013ms
[646.783s][info][gc,cpu         ] GC(2315) User=0.00s Sys=0.00s Real=0.00s
[646.908s][info][gc,start       ] GC(2316) Pause Young (Allocation Failure)
[646.910s][info][gc,heap        ] GC(2316) PSYoungGen: 115488K(115712K)->416K(215552K) Eden: 115200K(115200K)->0K(119296K) From: 288K(512K)->416K(96256K)
[646.910s][info][gc,heap        ] GC(2316) ParOldGen: 376905K(629760K)->376905K(629760K)
[646.910s][info][gc,metaspace   ] GC(2316) Metaspace: 19101K(19264K)->19101K(19264K) NonClass: 16440K(16512K)->16440K(16512K) Class: 2661K(2752K)->2661K(2752K)
[646.910s][info][gc             ] GC(2316) Pause Young (Allocation Failure) 480M->368M(825M) 2.141ms
[646.910s][info][gc,cpu         ] GC(2316) User=0.00s Sys=0.00s Real=0.00s
[647.038s][info][gc,start       ] GC(2317) Pause Young (Allocation Failure)
[647.041s][info][gc,heap        ] GC(2317) PSYoungGen: 119712K(215552K)->512K(119808K) Eden: 119296K(119296K)->0K(119296K) From: 416K(96256K)->512K(512K)
[647.041s][info][gc,heap        ] GC(2317) ParOldGen: 376905K(629760K)->376905K(629760K)
[647.041s][info][gc,metaspace   ] GC(2317) Metaspace: 19101K(19264K)->19101K(19264K) NonClass: 16440K(16512K)->16440K(16512K) Class: 2661K(2752K)->2661K(2752K)
[647.041s][info][gc             ] GC(2317) Pause Young (Allocation Failure) 484M->368M(732M) 2.782ms
[647.041s][info][gc,cpu         ] GC(2317) User=0.00s Sys=0.00s Real=0.00s
[647.176s][info][gc,start       ] GC(2318) Pause Young (Allocation Failure)
[647.179s][info][gc,heap        ] GC(2318) PSYoungGen: 119808K(119808K)->576K(207872K) Eden: 119296K(119296K)->0K(122368K) From: 512K(512K)->576K(85504K)
[647.179s][info][gc,heap        ] GC(2318) ParOldGen: 376905K(629760K)->376905K(629760K)
[647.179s][info][gc,metaspace   ] GC(2318) Metaspace: 19101K(19264K)->19101K(19264K) NonClass: 16440K(16512K)->16440K(16512K) Class: 2661K(2752K)->2661K(2752K)
[647.179s][info][gc             ] GC(2318) Pause Young (Allocation Failure) 485M->368M(818M) 3.313ms
[647.180s][info][gc,cpu         ] GC(2318) User=0.00s Sys=0.00s Real=0.00s
[647.329s][info][gc,start       ] GC(2319) Pause Young (Allocation Failure)
[647.336s][info][gc,heap        ] GC(2319) PSYoungGen: 122944K(207872K)->2432K(124928K) Eden: 122368K(122368K)->0K(122368K) From: 576K(85504K)->2432K(2560K)
[647.336s][info][gc,heap        ] GC(2319) ParOldGen: 376905K(629760K)->376905K(629760K)
[647.336s][info][gc,metaspace   ] GC(2319) Metaspace: 19101K(19264K)->19101K(19264K) NonClass: 16440K(16512K)->16440K(16512K) Class: 2661K(2752K)->2661K(2752K)
[647.336s][info][gc             ] GC(2319) Pause Young (Allocation Failure) 488M->370M(737M) 7.055ms
[647.336s][info][gc,cpu         ] GC(2319) User=0.01s Sys=0.00s Real=0.00s
[647.480s][info][gc,start       ] GC(2320) Pause Young (Allocation Failure)
[647.507s][info][gc,heap        ] GC(2320) PSYoungGen: 124800K(124928K)->11179K(201216K) Eden: 122368K(122368K)->0K(126976K) From: 2432K(2560K)->11179K(74240K)
[647.508s][info][gc,heap        ] GC(2320) ParOldGen: 376905K(629760K)->376905K(629760K)
[647.508s][info][gc,metaspace   ] GC(2320) Metaspace: 19101K(19264K)->19101K(19264K) NonClass: 16440K(16512K)->16440K(16512K) Class: 2661K(2752K)->2661K(2752K)
[647.508s][info][gc             ] GC(2320) Pause Young (Allocation Failure) 489M->378M(811M) 27.747ms
[647.508s][info][gc,cpu         ] GC(2320) User=0.05s Sys=0.01s Real=0.03s
[647.672s][info][gc,start       ] GC(2321) Pause Young (Allocation Failure)
[647.707s][info][gc,heap        ] GC(2321) PSYoungGen: 138155K(201216K)->19499K(205824K) Eden: 126976K(126976K)->0K(126976K) From: 11179K(74240K)->19499K(78848K)
[647.707s][info][gc,heap        ] GC(2321) ParOldGen: 376905K(629760K)->376905K(629760K)
[647.707s][info][gc,metaspace   ] GC(2321) Metaspace: 19101K(19264K)->19101K(19264K) NonClass: 16440K(16512K)->16440K(16512K) Class: 2661K(2752K)->2661K(2752K)
[647.707s][info][gc             ] GC(2321) Pause Young (Allocation Failure) 502M->387M(816M) 34.735ms
[647.707s][info][gc,cpu         ] GC(2321) User=0.06s Sys=0.00s Real=0.04s
[647.828s][info][gc,start       ] GC(2322) Pause Young (Allocation Failure)
[647.886s][info][gc,heap        ] GC(2322) PSYoungGen: 146475K(205824K)->40395K(204288K) Eden: 126976K(126976K)->0K(130048K) From: 19499K(78848K)->40395K(74240K)
[647.886s][info][gc,heap        ] GC(2322) ParOldGen: 376905K(629760K)->376905K(629760K)
[647.886s][info][gc,metaspace   ] GC(2322) Metaspace: 19101K(19264K)->19101K(19264K) NonClass: 16440K(16512K)->16440K(16512K) Class: 2661K(2752K)->2661K(2752K)
[647.886s][info][gc             ] GC(2322) Pause Young (Allocation Failure) 511M->407M(814M) 57.363ms
[647.886s][info][gc,cpu         ] GC(2322) User=0.11s Sys=0.00s Real=0.05s
[648.030s][info][gc,start       ] GC(2323) Pause Young (Allocation Failure)
[648.103s][info][gc,heap        ] GC(2323) PSYoungGen: 170443K(204288K)->54731K(207360K) Eden: 130048K(130048K)->0K(130048K) From: 40395K(74240K)->54731K(77312K)
[648.103s][info][gc,heap        ] GC(2323) ParOldGen: 376905K(629760K)->376905K(629760K)
[648.103s][info][gc,metaspace   ] GC(2323) Metaspace: 19101K(19264K)->19101K(19264K) NonClass: 16440K(16512K)->16440K(16512K) Class: 2661K(2752K)->2661K(2752K)
[648.104s][info][gc             ] GC(2323) Pause Young (Allocation Failure) 534M->421M(817M) 73.615ms
[648.104s][info][gc,cpu         ] GC(2323) User=0.14s Sys=0.00s Real=0.07s
[648.201s][info][gc,start       ] GC(2324) Pause Young (Allocation Failure)
[648.274s][info][gc,heap        ] GC(2324) PSYoungGen: 184779K(207360K)->56203K(218624K) Eden: 130048K(130048K)->0K(133632K) From: 54731K(77312K)->56203K(84992K)
[648.274s][info][gc,heap        ] GC(2324) ParOldGen: 376905K(629760K)->376905K(629760K)
[648.274s][info][gc,metaspace   ] GC(2324) Metaspace: 19101K(19264K)->19101K(19264K) NonClass: 16440K(16512K)->16440K(16512K) Class: 2661K(2752K)->2661K(2752K)
[648.274s][info][gc             ] GC(2324) Pause Young (Allocation Failure) 548M->422M(828M) 72.611ms
[648.274s][info][gc,cpu         ] GC(2324) User=0.15s Sys=0.00s Real=0.07s
[648.397s][info][gc,start       ] GC(2325) Pause Young (Allocation Failure)
[648.466s][info][gc,heap        ] GC(2325) PSYoungGen: 189835K(218624K)->56331K(225280K) Eden: 133632K(133632K)->0K(133632K) From: 56203K(84992K)->56331K(91648K)
[648.466s][info][gc,heap        ] GC(2325) ParOldGen: 376905K(629760K)->376905K(629760K)
[648.466s][info][gc,metaspace   ] GC(2325) Metaspace: 19101K(19264K)->19101K(19264K) NonClass: 16440K(16512K)->16440K(16512K) Class: 2661K(2752K)->2661K(2752K)
[648.466s][info][gc             ] GC(2325) Pause Young (Allocation Failure) 553M->423M(835M) 69.344ms
[648.466s][info][gc,cpu         ] GC(2325) User=0.14s Sys=0.00s Real=0.07s
[648.595s][info][gc,start       ] GC(2326) Pause Young (Allocation Failure)
[648.675s][info][gc,heap        ] GC(2326) PSYoungGen: 189963K(225280K)->59755K(227840K) Eden: 133632K(133632K)->0K(131072K) From: 56331K(91648K)->59755K(96768K)
[648.675s][info][gc,heap        ] GC(2326) ParOldGen: 376905K(629760K)->376905K(629760K)
[648.675s][info][gc,metaspace   ] GC(2326) Metaspace: 19101K(19264K)->19101K(19264K) NonClass: 16440K(16512K)->16440K(16512K) Class: 2661K(2752K)->2661K(2752K)
[648.675s][info][gc             ] GC(2326) Pause Young (Allocation Failure) 553M->426M(837M) 79.438ms
[648.675s][info][gc,cpu         ] GC(2326) User=0.14s Sys=0.01s Real=0.08s
[648.791s][info][gc,start       ] GC(2327) Pause Young (Allocation Failure)
[648.870s][info][gc,heap        ] GC(2327) PSYoungGen: 190827K(227840K)->67915K(199168K) Eden: 131072K(131072K)->0K(131072K) From: 59755K(96768K)->67915K(68096K)
[648.871s][info][gc,heap        ] GC(2327) ParOldGen: 376905K(629760K)->377033K(629760K)
[648.871s][info][gc,metaspace   ] GC(2327) Metaspace: 19101K(19264K)->19101K(19264K) NonClass: 16440K(16512K)->16440K(16512K) Class: 2661K(2752K)->2661K(2752K)
[648.871s][info][gc             ] GC(2327) Pause Young (Allocation Failure) 554M->434M(809M) 79.761ms
[648.871s][info][gc,cpu         ] GC(2327) User=0.16s Sys=0.00s Real=0.08s
[649.010s][info][gc,start       ] GC(2328) Pause Young (Allocation Failure)
[649.107s][info][gc,heap        ] GC(2328) PSYoungGen: 198987K(199168K)->82396K(219648K) Eden: 131072K(131072K)->0K(111616K) From: 67915K(68096K)->82396K(108032K)
[649.107s][info][gc,heap        ] GC(2328) ParOldGen: 377033K(629760K)->377137K(629760K)
[649.107s][info][gc,metaspace   ] GC(2328) Metaspace: 19101K(19264K)->19101K(19264K) NonClass: 16440K(16512K)->16440K(16512K) Class: 2661K(2752K)->2661K(2752K)
[649.107s][info][gc             ] GC(2328) Pause Young (Allocation Failure) 562M->448M(829M) 97.157ms
[649.107s][info][gc,cpu         ] GC(2328) User=0.18s Sys=0.01s Real=0.10s
[649.275s][info][gc,start       ] GC(2329) Pause Young (Allocation Failure)
[649.371s][info][gc,heap        ] GC(2329) PSYoungGen: 194012K(219648K)->82891K(222720K) Eden: 111616K(111616K)->0K(111616K) From: 82396K(108032K)->82891K(111104K)
[649.372s][info][gc,heap        ] GC(2329) ParOldGen: 377137K(629760K)->377305K(629760K)
[649.372s][info][gc,metaspace   ] GC(2329) Metaspace: 19101K(19264K)->19101K(19264K) NonClass: 16440K(16512K)->16440K(16512K) Class: 2661K(2752K)->2661K(2752K)
[649.372s][info][gc             ] GC(2329) Pause Young (Allocation Failure) 557M->449M(832M) 96.554ms
[649.372s][info][gc,cpu         ] GC(2329) User=0.19s Sys=0.00s Real=0.10s
[649.623s][info][gc,start       ] GC(2330) Pause Young (Allocation Failure)
[649.718s][info][gc,heap        ] GC(2330) PSYoungGen: 194507K(222720K)->83164K(222720K) Eden: 111616K(111616K)->0K(111616K) From: 82891K(111104K)->83164K(111104K)
[649.718s][info][gc,heap        ] GC(2330) ParOldGen: 377305K(629760K)->377481K(629760K)
[649.718s][info][gc,metaspace   ] GC(2330) Metaspace: 19101K(19264K)->19101K(19264K) NonClass: 16440K(16512K)->16440K(16512K) Class: 2661K(2752K)->2661K(2752K)
[649.718s][info][gc             ] GC(2330) Pause Young (Allocation Failure) 558M->449M(832M) 94.609ms
[649.718s][info][gc,cpu         ] GC(2330) User=0.18s Sys=0.00s Real=0.10s
[649.840s][info][gc,start       ] GC(2331) Pause Young (Allocation Failure)
[649.971s][info][gc,heap        ] GC(2331) PSYoungGen: 194780K(222720K)->96528K(222720K) Eden: 111616K(111616K)->0K(111616K) From: 83164K(111104K)->96528K(111104K)
[649.971s][info][gc,heap        ] GC(2331) ParOldGen: 377481K(629760K)->387581K(629760K)
[649.971s][info][gc,metaspace   ] GC(2331) Metaspace: 19101K(19264K)->19101K(19264K) NonClass: 16440K(16512K)->16440K(16512K) Class: 2661K(2752K)->2661K(2752K)
[649.971s][info][gc             ] GC(2331) Pause Young (Allocation Failure) 558M->472M(832M) 130.692ms
[649.971s][info][gc,cpu         ] GC(2331) User=0.26s Sys=0.00s Real=0.13s
[650.121s][info][gc,start       ] GC(2332) Pause Young (Allocation Failure)
[650.234s][info][gc,heap        ] GC(2332) PSYoungGen: 208144K(222720K)->83488K(222720K) Eden: 111616K(111616K)->0K(111616K) From: 96528K(111104K)->83488K(111104K)
[650.234s][info][gc,heap        ] GC(2332) ParOldGen: 387581K(629760K)->417397K(629760K)
[650.234s][info][gc,metaspace   ] GC(2332) Metaspace: 19101K(19264K)->19101K(19264K) NonClass: 16440K(16512K)->16440K(16512K) Class: 2661K(2752K)->2661K(2752K)
[650.234s][info][gc             ] GC(2332) Pause Young (Allocation Failure) 581M->489M(832M) 113.374ms
[650.234s][info][gc,cpu         ] GC(2332) User=0.23s Sys=0.00s Real=0.11s
[650.326s][info][gc,start       ] GC(2333) Pause Young (Allocation Failure)
[650.407s][info][gc,heap        ] GC(2333) PSYoungGen: 195104K(222720K)->68816K(222720K) Eden: 111616K(111616K)->0K(111616K) From: 83488K(111104K)->68816K(111104K)
[650.407s][info][gc,heap        ] GC(2333) ParOldGen: 417397K(629760K)->433261K(629760K)
[650.407s][info][gc,metaspace   ] GC(2333) Metaspace: 19101K(19264K)->19101K(19264K) NonClass: 16440K(16512K)->16440K(16512K) Class: 2661K(2752K)->2661K(2752K)
[650.407s][info][gc             ] GC(2333) Pause Young (Allocation Failure) 598M->490M(832M) 81.449ms
[650.407s][info][gc,cpu         ] GC(2333) User=0.16s Sys=0.00s Real=0.09s
[650.541s][info][gc,start       ] GC(2334) Pause Young (Allocation Failure)
[650.611s][info][gc,heap        ] GC(2334) PSYoungGen: 180432K(222720K)->67104K(222720K) Eden: 111616K(111616K)->0K(111616K) From: 68816K(111104K)->67104K(111104K)
[650.611s][info][gc,heap        ] GC(2334) ParOldGen: 433261K(629760K)->436797K(629760K)
[650.611s][info][gc,metaspace   ] GC(2334) Metaspace: 19101K(19264K)->19101K(19264K) NonClass: 16440K(16512K)->16440K(16512K) Class: 2661K(2752K)->2661K(2752K)
[650.611s][info][gc             ] GC(2334) Pause Young (Allocation Failure) 599M->492M(832M) 69.418ms
[650.611s][info][gc,cpu         ] GC(2334) User=0.14s Sys=0.00s Real=0.07s
[650.732s][info][gc,start       ] GC(2335) Pause Young (Allocation Failure)
[650.803s][info][gc,heap        ] GC(2335) PSYoungGen: 178720K(222720K)->48416K(222720K) Eden: 111616K(111616K)->0K(111616K) From: 67104K(111104K)->48416K(111104K)
[650.803s][info][gc,heap        ] GC(2335) ParOldGen: 436797K(629760K)->459726K(629760K)
[650.803s][info][gc,metaspace   ] GC(2335) Metaspace: 19101K(19264K)->19101K(19264K) NonClass: 16440K(16512K)->16440K(16512K) Class: 2661K(2752K)->2661K(2752K)
[650.803s][info][gc             ] GC(2335) Pause Young (Allocation Failure) 601M->496M(832M) 71.074ms
[650.803s][info][gc,cpu         ] GC(2335) User=0.15s Sys=0.00s Real=0.07s
[650.909s][info][gc,start       ] GC(2336) Pause Young (Allocation Failure)
[650.960s][info][gc,heap        ] GC(2336) PSYoungGen: 160032K(222720K)->47360K(222720K) Eden: 111616K(111616K)->0K(111616K) From: 48416K(111104K)->47360K(111104K)
[650.960s][info][gc,heap        ] GC(2336) ParOldGen: 459726K(629760K)->460806K(629760K)
[650.960s][info][gc,metaspace   ] GC(2336) Metaspace: 19101K(19264K)->19101K(19264K) NonClass: 16440K(16512K)->16440K(16512K) Class: 2661K(2752K)->2661K(2752K)
[650.960s][info][gc             ] GC(2336) Pause Young (Allocation Failure) 605M->496M(832M) 50.933ms
[650.960s][info][gc,cpu         ] GC(2336) User=0.10s Sys=0.00s Real=0.05s
[651.072s][info][gc,start       ] GC(2337) Pause Young (Allocation Failure)
[651.120s][info][gc,heap        ] GC(2337) PSYoungGen: 158976K(222720K)->7232K(222720K) Eden: 111616K(111616K)->0K(111616K) From: 47360K(111104K)->7232K(111104K)
[651.120s][info][gc,heap        ] GC(2337) ParOldGen: 460806K(629760K)->501078K(629760K)
[651.120s][info][gc,metaspace   ] GC(2337) Metaspace: 19101K(19264K)->19101K(19264K) NonClass: 16440K(16512K)->16440K(16512K) Class: 2661K(2752K)->2661K(2752K)
[651.120s][info][gc             ] GC(2337) Pause Young (Allocation Failure) 605M->496M(832M) 48.167ms
[651.120s][info][gc,cpu         ] GC(2337) User=0.10s Sys=0.00s Real=0.05s
[651.269s][info][gc,start       ] GC(2338) Pause Young (Allocation Failure)
[651.293s][info][gc,heap        ] GC(2338) PSYoungGen: 118848K(222720K)->16992K(222720K) Eden: 111616K(111616K)->0K(111616K) From: 7232K(111104K)->16992K(111104K)
[651.293s][info][gc,heap        ] GC(2338) ParOldGen: 501078K(629760K)->504006K(629760K)
[651.293s][info][gc,metaspace   ] GC(2338) Metaspace: 19101K(19264K)->19101K(19264K) NonClass: 16440K(16512K)->16440K(16512K) Class: 2661K(2752K)->2661K(2752K)
[651.293s][info][gc             ] GC(2338) Pause Young (Allocation Failure) 605M->508M(832M) 23.297ms
[651.293s][info][gc,cpu         ] GC(2338) User=0.05s Sys=0.00s Real=0.02s
[651.521s][info][gc,start       ] GC(2339) Pause Young (Allocation Failure)
[651.543s][info][gc,heap        ] GC(2339) PSYoungGen: 128608K(222720K)->15424K(222720K) Eden: 111616K(111616K)->0K(111616K) From: 16992K(111104K)->15424K(111104K)
[651.543s][info][gc,heap        ] GC(2339) ParOldGen: 504006K(629760K)->508294K(629760K)
[651.543s][info][gc,metaspace   ] GC(2339) Metaspace: 19101K(19264K)->19101K(19264K) NonClass: 16440K(16512K)->16440K(16512K) Class: 2661K(2752K)->2661K(2752K)
[651.543s][info][gc             ] GC(2339) Pause Young (Allocation Failure) 617M->511M(832M) 22.111ms
[651.543s][info][gc,cpu         ] GC(2339) User=0.05s Sys=0.00s Real=0.02s
[651.881s][info][gc,start       ] GC(2340) Pause Young (Allocation Failure)
[651.898s][info][gc,heap        ] GC(2340) PSYoungGen: 127040K(222720K)->2880K(222720K) Eden: 111616K(111616K)->0K(111616K) From: 15424K(111104K)->2880K(111104K)
[651.898s][info][gc,heap        ] GC(2340) ParOldGen: 508294K(629760K)->521012K(629760K)
[651.898s][info][gc,metaspace   ] GC(2340) Metaspace: 19101K(19264K)->19101K(19264K) NonClass: 16440K(16512K)->16440K(16512K) Class: 2661K(2752K)->2661K(2752K)
[651.898s][info][gc             ] GC(2340) Pause Young (Allocation Failure) 620M->511M(832M) 17.433ms
[651.898s][info][gc,cpu         ] GC(2340) User=0.03s Sys=0.00s Real=0.02s
[652.182s][info][gc,start       ] GC(2341) Pause Young (Allocation Failure)
[652.188s][info][gc,heap        ] GC(2341) PSYoungGen: 114496K(222720K)->256K(222720K) Eden: 111616K(111616K)->0K(111616K) From: 2880K(111104K)->256K(111104K)
[652.188s][info][gc,heap        ] GC(2341) ParOldGen: 521012K(629760K)->523740K(629760K)
[652.188s][info][gc,metaspace   ] GC(2341) Metaspace: 19101K(19264K)->19101K(19264K) NonClass: 16440K(16512K)->16440K(16512K) Class: 2661K(2752K)->2661K(2752K)
[652.188s][info][gc             ] GC(2341) Pause Young (Allocation Failure) 620M->511M(832M) 5.573ms
[652.188s][info][gc,cpu         ] GC(2341) User=0.01s Sys=0.00s Real=0.01s
[652.409s][info][gc,start       ] GC(2342) Pause Young (Allocation Failure)
[652.411s][info][gc,heap        ] GC(2342) PSYoungGen: 111872K(222720K)->64K(222720K) Eden: 111616K(111616K)->0K(111616K) From: 256K(111104K)->64K(111104K)
[652.411s][info][gc,heap        ] GC(2342) ParOldGen: 523740K(629760K)->523932K(629760K)
[652.411s][info][gc,metaspace   ] GC(2342) Metaspace: 19101K(19264K)->19101K(19264K) NonClass: 16440K(16512K)->16440K(16512K) Class: 2661K(2752K)->2661K(2752K)
[652.411s][info][gc             ] GC(2342) Pause Young (Allocation Failure) 620M->511M(832M) 2.467ms
[652.411s][info][gc,cpu         ] GC(2342) User=0.01s Sys=0.00s Real=0.00s
[652.671s][info][gc,start       ] GC(2343) Pause Young (Allocation Failure)
[652.674s][info][gc,heap        ] GC(2343) PSYoungGen: 111680K(222720K)->192K(222720K) Eden: 111616K(111616K)->0K(111616K) From: 64K(111104K)->192K(111104K)
[652.674s][info][gc,heap        ] GC(2343) ParOldGen: 523932K(629760K)->523964K(629760K)
[652.674s][info][gc,metaspace   ] GC(2343) Metaspace: 19101K(19264K)->19101K(19264K) NonClass: 16440K(16512K)->16440K(16512K) Class: 2661K(2752K)->2661K(2752K)
[652.674s][info][gc             ] GC(2343) Pause Young (Allocation Failure) 620M->511M(832M) 2.884ms
[652.674s][info][gc,cpu         ] GC(2343) User=0.01s Sys=0.00s Real=0.00s
[652.888s][info][gc,start       ] GC(2344) Pause Young (Allocation Failure)
[652.892s][info][gc,heap        ] GC(2344) PSYoungGen: 111808K(222720K)->2240K(222720K) Eden: 111616K(111616K)->0K(111616K) From: 192K(111104K)->2240K(111104K)
[652.892s][info][gc,heap        ] GC(2344) ParOldGen: 523964K(629760K)->524132K(629760K)
[652.892s][info][gc,metaspace   ] GC(2344) Metaspace: 19101K(19264K)->19101K(19264K) NonClass: 16440K(16512K)->16440K(16512K) Class: 2661K(2752K)->2661K(2752K)
[652.892s][info][gc             ] GC(2344) Pause Young (Allocation Failure) 620M->514M(832M) 4.528ms
[652.892s][info][gc,cpu         ] GC(2344) User=0.01s Sys=0.00s Real=0.00s
[652.984s][info][gc,start       ] GC(2345) Pause Young (Allocation Failure)
[653.014s][info][gc,heap        ] GC(2345) PSYoungGen: 113856K(222720K)->36192K(147968K) Eden: 111616K(111616K)->0K(111616K) From: 2240K(111104K)->36192K(36352K)
[653.014s][info][gc,heap        ] GC(2345) ParOldGen: 524132K(629760K)->524132K(629760K)
[653.014s][info][gc,metaspace   ] GC(2345) Metaspace: 19101K(19264K)->19101K(19264K) NonClass: 16440K(16512K)->16440K(16512K) Class: 2661K(2752K)->2661K(2752K)
[653.014s][info][gc             ] GC(2345) Pause Young (Allocation Failure) 623M->547M(759M) 29.795ms
[653.014s][info][gc,cpu         ] GC(2345) User=0.06s Sys=0.00s Real=0.03s
[653.078s][info][gc,start       ] GC(2346) Pause Young (Allocation Failure)
[653.136s][info][gc,heap        ] GC(2346) PSYoungGen: 147808K(147968K)->81696K(213504K) Eden: 111616K(111616K)->0K(107008K) From: 36192K(36352K)->81696K(106496K)
[653.136s][info][gc,heap        ] GC(2346) ParOldGen: 524132K(629760K)->524132K(629760K)
[653.136s][info][gc,metaspace   ] GC(2346) Metaspace: 19101K(19264K)->19101K(19264K) NonClass: 16440K(16512K)->16440K(16512K) Class: 2661K(2752K)->2661K(2752K)
[653.136s][info][gc             ] GC(2346) Pause Young (Allocation Failure) 656M->591M(823M) 57.347ms
[653.136s][info][gc,cpu         ] GC(2346) User=0.12s Sys=0.00s Real=0.05s
[653.178s][info][gc,start       ] GC(2347) Pause Young (Allocation Failure)
[653.264s][info][gc,heap        ] GC(2347) PSYoungGen: 188704K(213504K)->91750K(218112K) Eden: 107008K(107008K)->0K(107008K) From: 81696K(106496K)->91750K(111104K)
[653.264s][info][gc,heap        ] GC(2347) ParOldGen: 524132K(629760K)->560676K(629760K)
[653.264s][info][gc,metaspace   ] GC(2347) Metaspace: 19101K(19264K)->19101K(19264K) NonClass: 16440K(16512K)->16440K(16512K) Class: 2661K(2752K)->2661K(2752K)
[653.264s][info][gc             ] GC(2347) Pause Young (Allocation Failure) 696M->637M(828M) 86.041ms
[653.264s][info][gc,cpu         ] GC(2347) User=0.17s Sys=0.00s Real=0.08s
[653.298s][info][gc,start       ] GC(2348) Pause Young (Allocation Failure)
[653.398s][info][gc,heap        ] GC(2348) PSYoungGen: 198758K(218112K)->45440K(222720K) Eden: 107008K(107008K)->0K(111616K) From: 91750K(111104K)->45440K(111104K)
[653.398s][info][gc,heap        ] GC(2348) ParOldGen: 560676K(629760K)->653456K(653824K)
[653.398s][info][gc,metaspace   ] GC(2348) Metaspace: 19101K(19264K)->19101K(19264K) NonClass: 16440K(16512K)->16440K(16512K) Class: 2661K(2752K)->2661K(2752K)
[653.398s][info][gc             ] GC(2348) Pause Young (Allocation Failure) 741M->682M(856M) 99.804ms
[653.398s][info][gc,cpu         ] GC(2348) User=0.18s Sys=0.01s Real=0.10s
[653.589s][info][gc,start       ] GC(2349) Pause Full (Allocation Failure)
[653.589s][info][gc,phases,start] GC(2349) Marking Phase
[653.966s][info][gc,phases      ] GC(2349) Marking Phase 376.725ms
[653.966s][info][gc,phases,start] GC(2349) Summary Phase
[653.966s][info][gc,phases      ] GC(2349) Summary Phase 0.028ms
[653.966s][info][gc,phases,start] GC(2349) Forward
[654.112s][info][gc,phases      ] GC(2349) Forward 146.235ms
[654.112s][info][gc,phases,start] GC(2349) Adjust Pointers
[654.400s][info][gc,phases      ] GC(2349) Adjust Pointers 288.237ms
[654.400s][info][gc,phases,start] GC(2349) Compaction Phase
[654.577s][info][gc,phases      ] GC(2349) Compaction Phase 177.006ms
[654.587s][info][gc,phases,start] GC(2349) Post Compact
[654.589s][info][gc,phases      ] GC(2349) Post Compact 2.294ms
[654.589s][info][gc,heap        ] GC(2349) PSYoungGen: 157056K(222720K)->0K(222720K) Eden: 111616K(111616K)->0K(111616K) From: 45440K(111104K)->0K(111104K)
[654.589s][info][gc,heap        ] GC(2349) ParOldGen: 653456K(653824K)->568312K(667648K)
[654.589s][info][gc,metaspace   ] GC(2349) Metaspace: 19101K(19264K)->19101K(19264K) NonClass: 16440K(16512K)->16440K(16512K) Class: 2661K(2752K)->2661K(2752K)
[654.589s][info][gc             ] GC(2349) Pause Full (Allocation Failure) 791M->554M(869M) 1000.702ms
[654.589s][info][gc,cpu         ] GC(2349) User=1.89s Sys=0.01s Real=1.00s
[654.825s][info][gc,start       ] GC(2350) Pause Young (Allocation Failure)
[654.849s][info][gc,heap        ] GC(2350) PSYoungGen: 111616K(222720K)->12672K(222720K) Eden: 111616K(111616K)->0K(111616K) From: 0K(111104K)->12672K(111104K)
[654.849s][info][gc,heap        ] GC(2350) ParOldGen: 568312K(667648K)->568312K(667648K)
[654.849s][info][gc,metaspace   ] GC(2350) Metaspace: 19101K(19264K)->19101K(19264K) NonClass: 16440K(16512K)->16440K(16512K) Class: 2661K(2752K)->2661K(2752K)
[654.849s][info][gc             ] GC(2350) Pause Young (Allocation Failure) 663M->567M(869M) 23.110ms
[654.849s][info][gc,cpu         ] GC(2350) User=0.05s Sys=0.00s Real=0.03s
[654.966s][info][gc,start       ] GC(2351) Pause Young (Allocation Failure)
[654.993s][info][gc,heap        ] GC(2351) PSYoungGen: 124288K(222720K)->3680K(222720K) Eden: 111616K(111616K)->0K(111616K) From: 12672K(111104K)->3680K(111104K)
[654.993s][info][gc,heap        ] GC(2351) ParOldGen: 568312K(667648K)->580968K(667648K)
[654.993s][info][gc,metaspace   ] GC(2351) Metaspace: 19101K(19264K)->19101K(19264K) NonClass: 16440K(16512K)->16440K(16512K) Class: 2661K(2752K)->2661K(2752K)
[654.993s][info][gc             ] GC(2351) Pause Young (Allocation Failure) 676M->570M(869M) 27.483ms
[654.993s][info][gc,cpu         ] GC(2351) User=0.06s Sys=0.00s Real=0.03s
[655.100s][info][gc,start       ] GC(2352) Pause Young (Allocation Failure)
[655.124s][info][gc,heap        ] GC(2352) PSYoungGen: 115296K(222720K)->1152K(222720K) Eden: 111616K(111616K)->0K(111616K) From: 3680K(111104K)->1152K(111104K)
[655.124s][info][gc,heap        ] GC(2352) ParOldGen: 580968K(667648K)->584640K(667648K)
[655.124s][info][gc,metaspace   ] GC(2352) Metaspace: 19101K(19264K)->19101K(19264K) NonClass: 16440K(16512K)->16440K(16512K) Class: 2661K(2752K)->2661K(2752K)
[655.124s][info][gc             ] GC(2352) Pause Young (Allocation Failure) 679M->572M(869M) 24.245ms
[655.125s][info][gc,cpu         ] GC(2352) User=0.05s Sys=0.00s Real=0.02s
[655.289s][info][gc,start       ] GC(2353) Pause Young (Allocation Failure)
[655.344s][info][gc,heap        ] GC(2353) PSYoungGen: 112768K(222720K)->27235K(139264K) Eden: 111616K(111616K)->0K(111616K) From: 1152K(111104K)->27235K(27648K)
[655.344s][info][gc,heap        ] GC(2353) ParOldGen: 584640K(667648K)->585760K(667648K)
[655.344s][info][gc,metaspace   ] GC(2353) Metaspace: 19101K(19264K)->19101K(19264K) NonClass: 16440K(16512K)->16440K(16512K) Class: 2661K(2752K)->2661K(2752K)
[655.344s][info][gc             ] GC(2353) Pause Young (Allocation Failure) 681M->598M(788M) 54.427ms
[655.344s][info][gc,cpu         ] GC(2353) User=0.11s Sys=0.00s Real=0.05s
[655.501s][info][gc,start       ] GC(2354) Pause Young (Allocation Failure)
[655.544s][info][gc,heap        ] GC(2354) PSYoungGen: 138851K(139264K)->64K(221696K) Eden: 111616K(111616K)->0K(114176K) From: 27235K(27648K)->64K(107520K)
[655.544s][info][gc,heap        ] GC(2354) ParOldGen: 585760K(667648K)->613012K(667648K)
[655.544s][info][gc,metaspace   ] GC(2354) Metaspace: 19101K(19264K)->19101K(19264K) NonClass: 16440K(16512K)->16440K(16512K) Class: 2661K(2752K)->2661K(2752K)
[655.544s][info][gc             ] GC(2354) Pause Young (Allocation Failure) 707M->598M(868M) 42.643ms
[655.544s][info][gc,cpu         ] GC(2354) User=0.08s Sys=0.00s Real=0.04s
[655.705s][info][gc,start       ] GC(2355) Pause Full (Allocation Failure)
[655.705s][info][gc,phases,start] GC(2355) Marking Phase
[656.002s][info][gc,phases      ] GC(2355) Marking Phase 296.528ms
[656.002s][info][gc,phases,start] GC(2355) Summary Phase
[656.002s][info][gc,phases      ] GC(2355) Summary Phase 0.024ms
[656.002s][info][gc,phases,start] GC(2355) Forward
[656.111s][info][gc,phases      ] GC(2355) Forward 108.744ms
[656.111s][info][gc,phases,start] GC(2355) Adjust Pointers
[656.374s][info][gc,phases      ] GC(2355) Adjust Pointers 263.187ms
[656.374s][info][gc,phases,start] GC(2355) Compaction Phase
[656.509s][info][gc,phases      ] GC(2355) Compaction Phase 135.196ms
[656.525s][info][gc,phases,start] GC(2355) Post Compact
[656.527s][info][gc,phases      ] GC(2355) Post Compact 2.126ms
[656.527s][info][gc,heap        ] GC(2355) PSYoungGen: 114240K(221696K)->0K(219136K) Eden: 114176K(114176K)->0K(114176K) From: 64K(107520K)->0K(104960K)
[656.527s][info][gc,heap        ] GC(2355) ParOldGen: 613012K(667648K)->459174K(667648K)
[656.527s][info][gc,metaspace   ] GC(2355) Metaspace: 19101K(19264K)->19101K(19264K) NonClass: 16440K(16512K)->16440K(16512K) Class: 2661K(2752K)->2661K(2752K)
[656.527s][info][gc             ] GC(2355) Pause Full (Allocation Failure) 710M->448M(866M) 821.626ms
[656.527s][info][gc,cpu         ] GC(2355) User=1.54s Sys=0.00s Real=0.83s
[656.690s][info][gc,start       ] GC(2356) Pause Young (Allocation Failure)
[656.691s][info][gc,heap        ] GC(2356) PSYoungGen: 114176K(219136K)->64K(223232K) Eden: 114176K(114176K)->0K(123392K) From: 0K(104960K)->64K(99840K)
[656.691s][info][gc,heap        ] GC(2356) ParOldGen: 459174K(667648K)->459174K(667648K)
[656.691s][info][gc,metaspace   ] GC(2356) Metaspace: 19101K(19264K)->19101K(19264K) NonClass: 16440K(16512K)->16440K(16512K) Class: 2661K(2752K)->2661K(2752K)
[656.692s][info][gc             ] GC(2356) Pause Young (Allocation Failure) 559M->448M(870M) 1.659ms
[656.692s][info][gc,cpu         ] GC(2356) User=0.00s Sys=0.00s Real=0.00s
[656.861s][info][gc,start       ] GC(2357) Pause Young (Allocation Failure)
[656.862s][info][gc,heap        ] GC(2357) PSYoungGen: 123456K(223232K)->64K(224768K) Eden: 123392K(123392K)->0K(123392K) From: 64K(99840K)->64K(101376K)
[656.862s][info][gc,heap        ] GC(2357) ParOldGen: 459174K(667648K)->459174K(667648K)
[656.862s][info][gc,metaspace   ] GC(2357) Metaspace: 19101K(19264K)->19101K(19264K) NonClass: 16440K(16512K)->16440K(16512K) Class: 2661K(2752K)->2661K(2752K)
[656.862s][info][gc             ] GC(2357) Pause Young (Allocation Failure) 568M->448M(871M) 1.634ms
[656.862s][info][gc,cpu         ] GC(2357) User=0.00s Sys=0.00s Real=0.00s
[657.029s][info][gc,start       ] GC(2358) Pause Young (Allocation Failure)
[657.030s][info][gc,heap        ] GC(2358) PSYoungGen: 123456K(224768K)->64K(219136K) Eden: 123392K(123392K)->0K(130048K) From: 64K(101376K)->64K(89088K)
[657.030s][info][gc,heap        ] GC(2358) ParOldGen: 459174K(667648K)->459174K(667648K)
[657.030s][info][gc,metaspace   ] GC(2358) Metaspace: 19101K(19264K)->19101K(19264K) NonClass: 16440K(16512K)->16440K(16512K) Class: 2661K(2752K)->2661K(2752K)
[657.030s][info][gc             ] GC(2358) Pause Young (Allocation Failure) 568M->448M(866M) 1.709ms
[657.030s][info][gc,cpu         ] GC(2358) User=0.00s Sys=0.00s Real=0.00s
[657.207s][info][gc,start       ] GC(2359) Pause Young (Allocation Failure)
[657.209s][info][gc,heap        ] GC(2359) PSYoungGen: 130112K(219136K)->64K(224256K) Eden: 130048K(130048K)->0K(130048K) From: 64K(89088K)->64K(94208K)
[657.209s][info][gc,heap        ] GC(2359) ParOldGen: 459174K(667648K)->459174K(667648K)
[657.209s][info][gc,metaspace   ] GC(2359) Metaspace: 19101K(19264K)->19101K(19264K) NonClass: 16440K(16512K)->16440K(16512K) Class: 2661K(2752K)->2661K(2752K)
[657.209s][info][gc             ] GC(2359) Pause Young (Allocation Failure) 575M->448M(871M) 1.611ms
[657.209s][info][gc,cpu         ] GC(2359) User=0.01s Sys=0.00s Real=0.00s
[657.339s][info][gc,start       ] GC(2360) Pause Young (Allocation Failure)
[657.360s][info][gc,heap        ] GC(2360) PSYoungGen: 130112K(224256K)->17440K(213504K) Eden: 130048K(130048K)->0K(136704K) From: 64K(94208K)->17440K(76800K)
[657.360s][info][gc,heap        ] GC(2360) ParOldGen: 459174K(667648K)->459174K(667648K)
[657.360s][info][gc,metaspace   ] GC(2360) Metaspace: 19101K(19264K)->19101K(19264K) NonClass: 16440K(16512K)->16440K(16512K) Class: 2661K(2752K)->2661K(2752K)
[657.360s][info][gc             ] GC(2360) Pause Young (Allocation Failure) 575M->465M(860M) 20.836ms
[657.360s][info][gc,cpu         ] GC(2360) User=0.03s Sys=0.00s Real=0.02s
[657.481s][info][gc,start       ] GC(2361) Pause Young (Allocation Failure)
[657.512s][info][gc,heap        ] GC(2361) PSYoungGen: 154144K(213504K)->30208K(219648K) Eden: 136704K(136704K)->0K(136704K) From: 17440K(76800K)->30208K(82944K)
[657.512s][info][gc,heap        ] GC(2361) ParOldGen: 459174K(667648K)->459174K(667648K)
[657.512s][info][gc,metaspace   ] GC(2361) Metaspace: 19101K(19264K)->19101K(19264K) NonClass: 16440K(16512K)->16440K(16512K) Class: 2661K(2752K)->2661K(2752K)
[657.512s][info][gc             ] GC(2361) Pause Young (Allocation Failure) 598M->477M(866M) 30.641ms
[657.512s][info][gc,cpu         ] GC(2361) User=0.06s Sys=0.00s Real=0.03s
[657.641s][info][gc,start       ] GC(2362) Pause Young (Allocation Failure)
[657.672s][info][gc,heap        ] GC(2362) PSYoungGen: 166912K(219648K)->31424K(224768K) Eden: 136704K(136704K)->0K(145920K) From: 30208K(82944K)->31424K(78848K)
[657.672s][info][gc,heap        ] GC(2362) ParOldGen: 459174K(667648K)->459174K(667648K)
[657.672s][info][gc,metaspace   ] GC(2362) Metaspace: 19101K(19264K)->19101K(19264K) NonClass: 16440K(16512K)->16440K(16512K) Class: 2661K(2752K)->2661K(2752K)
[657.672s][info][gc             ] GC(2362) Pause Young (Allocation Failure) 611M->479M(871M) 31.677ms
[657.672s][info][gc,cpu         ] GC(2362) User=0.06s Sys=0.00s Real=0.03s
[657.811s][info][gc,start       ] GC(2363) Pause Young (Allocation Failure)
[657.844s][info][gc,heap        ] GC(2363) PSYoungGen: 177344K(224768K)->32832K(225280K) Eden: 145920K(145920K)->0K(145920K) From: 31424K(78848K)->32832K(79360K)
[657.844s][info][gc,heap        ] GC(2363) ParOldGen: 459174K(667648K)->459174K(667648K)
[657.844s][info][gc,metaspace   ] GC(2363) Metaspace: 19101K(19264K)->19101K(19264K) NonClass: 16440K(16512K)->16440K(16512K) Class: 2661K(2752K)->2661K(2752K)
[657.844s][info][gc             ] GC(2363) Pause Young (Allocation Failure) 621M->480M(872M) 32.876ms
[657.844s][info][gc,cpu         ] GC(2363) User=0.06s Sys=0.00s Real=0.03s
[658.002s][info][gc,start       ] GC(2364) Pause Young (Allocation Failure)
[658.042s][info][gc,heap        ] GC(2364) PSYoungGen: 178752K(225280K)->40928K(232960K) Eden: 145920K(145920K)->0K(154624K) From: 32832K(79360K)->40928K(78336K)
[658.042s][info][gc,heap        ] GC(2364) ParOldGen: 459174K(667648K)->459174K(667648K)
[658.042s][info][gc,metaspace   ] GC(2364) Metaspace: 19101K(19264K)->19101K(19264K) NonClass: 16440K(16512K)->16440K(16512K) Class: 2661K(2752K)->2661K(2752K)
[658.042s][info][gc             ] GC(2364) Pause Young (Allocation Failure) 622M->488M(879M) 40.153ms
[658.042s][info][gc,cpu         ] GC(2364) User=0.08s Sys=0.00s Real=0.04s
[658.356s][info][gc,start       ] GC(2365) Pause Young (Allocation Failure)
[658.395s][info][gc,heap        ] GC(2365) PSYoungGen: 195552K(232960K)->40992K(234496K) Eden: 154624K(154624K)->0K(154624K) From: 40928K(78336K)->40992K(79872K)
[658.396s][info][gc,heap        ] GC(2365) ParOldGen: 459174K(667648K)->459174K(667648K)
[658.396s][info][gc,metaspace   ] GC(2365) Metaspace: 19101K(19264K)->19101K(19264K) NonClass: 16440K(16512K)->16440K(16512K) Class: 2661K(2752K)->2661K(2752K)
[658.396s][info][gc             ] GC(2365) Pause Young (Allocation Failure) 639M->488M(881M) 39.627ms
[658.396s][info][gc,cpu         ] GC(2365) User=0.08s Sys=0.00s Real=0.04s
[658.681s][info][gc,start       ] GC(2366) Pause Young (Allocation Failure)
[658.721s][info][gc,heap        ] GC(2366) PSYoungGen: 195616K(234496K)->41088K(245248K) Eden: 154624K(154624K)->0K(164864K) From: 40992K(79872K)->41088K(80384K)
[658.721s][info][gc,heap        ] GC(2366) ParOldGen: 459174K(667648K)->459174K(667648K)
[658.721s][info][gc,metaspace   ] GC(2366) Metaspace: 19101K(19264K)->19101K(19264K) NonClass: 16440K(16512K)->16440K(16512K) Class: 2661K(2752K)->2661K(2752K)
[658.721s][info][gc             ] GC(2366) Pause Young (Allocation Failure) 639M->488M(891M) 39.977ms
[658.721s][info][gc,cpu         ] GC(2366) User=0.08s Sys=0.00s Real=0.04s
[659.012s][info][gc,start       ] GC(2367) Pause Young (Allocation Failure)
[659.052s][info][gc,heap        ] GC(2367) PSYoungGen: 205952K(245248K)->41120K(245760K) Eden: 164864K(164864K)->0K(164864K) From: 41088K(80384K)->41120K(80896K)
[659.052s][info][gc,heap        ] GC(2367) ParOldGen: 459174K(667648K)->459174K(667648K)
[659.052s][info][gc,metaspace   ] GC(2367) Metaspace: 19101K(19264K)->19101K(19264K) NonClass: 16440K(16512K)->16440K(16512K) Class: 2661K(2752K)->2661K(2752K)
[659.052s][info][gc             ] GC(2367) Pause Young (Allocation Failure) 649M->488M(892M) 40.030ms
[659.052s][info][gc,cpu         ] GC(2367) User=0.08s Sys=0.00s Real=0.04s
[659.265s][info][gc,start       ] GC(2368) Pause Young (Allocation Failure)
[659.320s][info][gc,heap        ] GC(2368) PSYoungGen: 205984K(245760K)->54144K(243712K) Eden: 164864K(164864K)->0K(162816K) From: 41120K(80896K)->54144K(80896K)
[659.320s][info][gc,heap        ] GC(2368) ParOldGen: 459174K(667648K)->459174K(667648K)
[659.320s][info][gc,metaspace   ] GC(2368) Metaspace: 19101K(19264K)->19101K(19264K) NonClass: 16440K(16512K)->16440K(16512K) Class: 2661K(2752K)->2661K(2752K)
[659.320s][info][gc             ] GC(2368) Pause Young (Allocation Failure) 649M->501M(890M) 54.426ms
[659.320s][info][gc,cpu         ] GC(2368) User=0.11s Sys=0.00s Real=0.06s
[659.489s][info][gc,start       ] GC(2369) Pause Young (Allocation Failure)
[659.556s][info][gc,heap        ] GC(2369) PSYoungGen: 216960K(243712K)->75232K(238080K) Eden: 162816K(162816K)->0K(162816K) From: 54144K(80896K)->75232K(75264K)
[659.556s][info][gc,heap        ] GC(2369) ParOldGen: 459174K(667648K)->459174K(667648K)
[659.556s][info][gc,metaspace   ] GC(2369) Metaspace: 19101K(19264K)->19101K(19264K) NonClass: 16440K(16512K)->16440K(16512K) Class: 2661K(2752K)->2661K(2752K)
[659.556s][info][gc             ] GC(2369) Pause Young (Allocation Failure) 660M->521M(884M) 67.119ms
[659.556s][info][gc,cpu         ] GC(2369) User=0.13s Sys=0.00s Real=0.07s
[659.758s][info][gc,start       ] GC(2370) Pause Young (Allocation Failure)
[659.870s][info][gc,heap        ] GC(2370) PSYoungGen: 238048K(238080K)->95728K(207360K) Eden: 162816K(162816K)->0K(111616K) From: 75232K(75264K)->95728K(95744K)
[659.870s][info][gc,heap        ] GC(2370) ParOldGen: 459174K(667648K)->471662K(667648K)
[659.870s][info][gc,metaspace   ] GC(2370) Metaspace: 19101K(19264K)->19101K(19264K) NonClass: 16440K(16512K)->16440K(16512K) Class: 2661K(2752K)->2661K(2752K)
[659.870s][info][gc             ] GC(2370) Pause Young (Allocation Failure) 680M->554M(854M) 111.639ms
[659.870s][info][gc,cpu         ] GC(2370) User=0.21s Sys=0.01s Real=0.11s
[660.027s][info][gc,start       ] GC(2371) Pause Young (Allocation Failure)
[660.131s][info][gc,heap        ] GC(2371) PSYoungGen: 207344K(207360K)->108640K(222720K) Eden: 111616K(111616K)->0K(111616K) From: 95728K(95744K)->108640K(111104K)
[660.131s][info][gc,heap        ] GC(2371) ParOldGen: 471662K(667648K)->471670K(667648K)
[660.131s][info][gc,metaspace   ] GC(2371) Metaspace: 19101K(19264K)->19101K(19264K) NonClass: 16440K(16512K)->16440K(16512K) Class: 2661K(2752K)->2661K(2752K)
[660.131s][info][gc             ] GC(2371) Pause Young (Allocation Failure) 663M->566M(869M) 103.477ms
[660.131s][info][gc,cpu         ] GC(2371) User=0.21s Sys=0.00s Real=0.10s
[660.288s][info][gc,start       ] GC(2372) Pause Young (Allocation Failure)
[660.392s][info][gc,heap        ] GC(2372) PSYoungGen: 220256K(222720K)->108640K(222720K) Eden: 111616K(111616K)->0K(111616K) From: 108640K(111104K)->108640K(111104K)
[660.392s][info][gc,heap        ] GC(2372) ParOldGen: 471670K(667648K)->471670K(667648K)
[660.392s][info][gc,metaspace   ] GC(2372) Metaspace: 19101K(19264K)->19101K(19264K) NonClass: 16440K(16512K)->16440K(16512K) Class: 2661K(2752K)->2661K(2752K)
[660.392s][info][gc             ] GC(2372) Pause Young (Allocation Failure) 675M->566M(869M) 103.127ms
[660.392s][info][gc,cpu         ] GC(2372) User=0.21s Sys=0.00s Real=0.10s
[660.550s][info][gc,start       ] GC(2373) Pause Young (Allocation Failure)
[660.654s][info][gc,heap        ] GC(2373) PSYoungGen: 220256K(222720K)->78480K(222720K) Eden: 111616K(111616K)->0K(111616K) From: 108640K(111104K)->78480K(111104K)
[660.654s][info][gc,heap        ] GC(2373) ParOldGen: 471670K(667648K)->501910K(667648K)
[660.654s][info][gc,metaspace   ] GC(2373) Metaspace: 19101K(19264K)->19101K(19264K) NonClass: 16440K(16512K)->16440K(16512K) Class: 2661K(2752K)->2661K(2752K)
[660.654s][info][gc             ] GC(2373) Pause Young (Allocation Failure) 675M->566M(869M) 104.574ms
[660.654s][info][gc,cpu         ] GC(2373) User=0.21s Sys=0.00s Real=0.10s
[660.810s][info][gc,start       ] GC(2374) Pause Young (Allocation Failure)
[660.891s][info][gc,heap        ] GC(2374) PSYoungGen: 190096K(222720K)->75856K(222720K) Eden: 111616K(111616K)->0K(111616K) From: 78480K(111104K)->75856K(111104K)
[660.891s][info][gc,heap        ] GC(2374) ParOldGen: 501910K(667648K)->504550K(667648K)
[660.891s][info][gc,metaspace   ] GC(2374) Metaspace: 19101K(19264K)->19101K(19264K) NonClass: 16440K(16512K)->16440K(16512K) Class: 2661K(2752K)->2661K(2752K)
[660.891s][info][gc             ] GC(2374) Pause Young (Allocation Failure) 675M->566M(869M) 80.845ms
[660.891s][info][gc,cpu         ] GC(2374) User=0.16s Sys=0.00s Real=0.08s
[661.046s][info][gc,start       ] GC(2375) Pause Young (Allocation Failure)
[661.124s][info][gc,heap        ] GC(2375) PSYoungGen: 187472K(222720K)->67728K(222720K) Eden: 111616K(111616K)->0K(111616K) From: 75856K(111104K)->67728K(111104K)
[661.124s][info][gc,heap        ] GC(2375) ParOldGen: 504550K(667648K)->512686K(667648K)
[661.124s][info][gc,metaspace   ] GC(2375) Metaspace: 19101K(19264K)->19101K(19264K) NonClass: 16440K(16512K)->16440K(16512K) Class: 2661K(2752K)->2661K(2752K)
[661.124s][info][gc             ] GC(2375) Pause Young (Allocation Failure) 675M->566M(869M) 77.685ms
[661.124s][info][gc,cpu         ] GC(2375) User=0.15s Sys=0.00s Real=0.07s
[661.281s][info][gc,start       ] GC(2376) Pause Young (Allocation Failure)
[661.349s][info][gc,heap        ] GC(2376) PSYoungGen: 179344K(222720K)->67568K(222720K) Eden: 111616K(111616K)->0K(111616K) From: 67728K(111104K)->67568K(111104K)
[661.349s][info][gc,heap        ] GC(2376) ParOldGen: 512686K(667648K)->512852K(667648K)
[661.349s][info][gc,metaspace   ] GC(2376) Metaspace: 19101K(19264K)->19101K(19264K) NonClass: 16440K(16512K)->16440K(16512K) Class: 2661K(2752K)->2661K(2752K)
[661.349s][info][gc             ] GC(2376) Pause Young (Allocation Failure) 675M->566M(869M) 68.499ms
[661.349s][info][gc,cpu         ] GC(2376) User=0.14s Sys=0.00s Real=0.07s
[661.508s][info][gc,start       ] GC(2377) Pause Young (Allocation Failure)
[661.573s][info][gc,heap        ] GC(2377) PSYoungGen: 179184K(222720K)->33472K(222720K) Eden: 111616K(111616K)->0K(111616K) From: 67568K(111104K)->33472K(111104K)
[661.573s][info][gc,heap        ] GC(2377) ParOldGen: 512852K(667648K)->547239K(667648K)
[661.573s][info][gc,metaspace   ] GC(2377) Metaspace: 19101K(19264K)->19101K(19264K) NonClass: 16440K(16512K)->16440K(16512K) Class: 2661K(2752K)->2661K(2752K)
[661.573s][info][gc             ] GC(2377) Pause Young (Allocation Failure) 675M->567M(869M) 64.858ms
[661.573s][info][gc,cpu         ] GC(2377) User=0.13s Sys=0.00s Real=0.06s
[661.731s][info][gc,start       ] GC(2378) Pause Young (Allocation Failure)
[661.770s][info][gc,heap        ] GC(2378) PSYoungGen: 145088K(222720K)->32K(222720K) Eden: 111616K(111616K)->0K(111616K) From: 33472K(111104K)->32K(111104K)
[661.770s][info][gc,heap        ] GC(2378) ParOldGen: 547239K(667648K)->580843K(667648K)
[661.770s][info][gc,metaspace   ] GC(2378) Metaspace: 19101K(19264K)->19101K(19264K) NonClass: 16440K(16512K)->16440K(16512K) Class: 2661K(2752K)->2661K(2752K)
[661.770s][info][gc             ] GC(2378) Pause Young (Allocation Failure) 676M->567M(869M) 38.764ms
[661.770s][info][gc,cpu         ] GC(2378) User=0.08s Sys=0.00s Real=0.04s
[661.924s][info][gc,start       ] GC(2379) Pause Young (Allocation Failure)
[661.926s][info][gc,heap        ] GC(2379) PSYoungGen: 111648K(222720K)->64K(222720K) Eden: 111616K(111616K)->0K(111616K) From: 32K(111104K)->64K(111104K)
[661.926s][info][gc,heap        ] GC(2379) ParOldGen: 580843K(667648K)->580843K(667648K)
[661.926s][info][gc,metaspace   ] GC(2379) Metaspace: 19101K(19264K)->19101K(19264K) NonClass: 16440K(16512K)->16440K(16512K) Class: 2661K(2752K)->2661K(2752K)
[661.926s][info][gc             ] GC(2379) Pause Young (Allocation Failure) 676M->567M(869M) 1.865ms
[661.926s][info][gc,cpu         ] GC(2379) User=0.00s Sys=0.00s Real=0.00s
[662.031s][info][gc,start       ] GC(2380) Pause Young (Allocation Failure)
[662.055s][info][gc,heap        ] GC(2380) PSYoungGen: 111680K(222720K)->17024K(222720K) Eden: 111616K(111616K)->0K(111616K) From: 64K(111104K)->17024K(111104K)
[662.055s][info][gc,heap        ] GC(2380) ParOldGen: 580843K(667648K)->580843K(667648K)
[662.055s][info][gc,metaspace   ] GC(2380) Metaspace: 19101K(19264K)->19101K(19264K) NonClass: 16440K(16512K)->16440K(16512K) Class: 2661K(2752K)->2661K(2752K)
[662.055s][info][gc             ] GC(2380) Pause Young (Allocation Failure) 676M->583M(869M) 23.994ms
[662.055s][info][gc,cpu         ] GC(2380) User=0.04s Sys=0.00s Real=0.02s
[662.157s][info][gc,start       ] GC(2381) Pause Young (Allocation Failure)
[662.184s][info][gc,heap        ] GC(2381) PSYoungGen: 128640K(222720K)->25760K(222720K) Eden: 111616K(111616K)->0K(111616K) From: 17024K(111104K)->25760K(111104K)
[662.184s][info][gc,heap        ] GC(2381) ParOldGen: 580843K(667648K)->580843K(667648K)
[662.184s][info][gc,metaspace   ] GC(2381) Metaspace: 19101K(19264K)->19101K(19264K) NonClass: 16440K(16512K)->16440K(16512K) Class: 2661K(2752K)->2661K(2752K)
[662.184s][info][gc             ] GC(2381) Pause Young (Allocation Failure) 692M->592M(869M) 26.995ms
[662.184s][info][gc,cpu         ] GC(2381) User=0.05s Sys=0.00s Real=0.02s
[662.285s][info][gc,start       ] GC(2382) Pause Young (Allocation Failure)
[662.313s][info][gc,heap        ] GC(2382) PSYoungGen: 137376K(222720K)->26944K(222720K) Eden: 111616K(111616K)->0K(111616K) From: 25760K(111104K)->26944K(111104K)
[662.313s][info][gc,heap        ] GC(2382) ParOldGen: 580843K(667648K)->580843K(667648K)
[662.313s][info][gc,metaspace   ] GC(2382) Metaspace: 19101K(19264K)->19101K(19264K) NonClass: 16440K(16512K)->16440K(16512K) Class: 2661K(2752K)->2661K(2752K)
[662.313s][info][gc             ] GC(2382) Pause Young (Allocation Failure) 701M->593M(869M) 27.704ms
[662.313s][info][gc,cpu         ] GC(2382) User=0.06s Sys=0.01s Real=0.03s
[662.417s][info][gc,start       ] GC(2383) Pause Young (Allocation Failure)
[662.448s][info][gc,heap        ] GC(2383) PSYoungGen: 138560K(222720K)->3840K(222720K) Eden: 111616K(111616K)->0K(111616K) From: 26944K(111104K)->3840K(111104K)
[662.448s][info][gc,heap        ] GC(2383) ParOldGen: 580843K(667648K)->606635K(667648K)
[662.448s][info][gc,metaspace   ] GC(2383) Metaspace: 19101K(19264K)->19101K(19264K) NonClass: 16440K(16512K)->16440K(16512K) Class: 2661K(2752K)->2661K(2752K)
[662.448s][info][gc             ] GC(2383) Pause Young (Allocation Failure) 702M->596M(869M) 30.897ms
[662.448s][info][gc,cpu         ] GC(2383) User=0.06s Sys=0.00s Real=0.03s
[662.540s][info][gc,start       ] GC(2384) Pause Young (Allocation Failure)
[662.549s][info][gc,heap        ] GC(2384) PSYoungGen: 115456K(222720K)->1280K(222720K) Eden: 111616K(111616K)->0K(111616K) From: 3840K(111104K)->1280K(111104K)
[662.549s][info][gc,heap        ] GC(2384) ParOldGen: 606635K(667648K)->610475K(667648K)
[662.549s][info][gc,metaspace   ] GC(2384) Metaspace: 19101K(19264K)->19101K(19264K) NonClass: 16440K(16512K)->16440K(16512K) Class: 2661K(2752K)->2661K(2752K)
[662.549s][info][gc             ] GC(2384) Pause Young (Allocation Failure) 705M->597M(869M) 9.771ms
[662.549s][info][gc,cpu         ] GC(2384) User=0.02s Sys=0.00s Real=0.01s
[662.645s][info][gc,start       ] GC(2385) Pause Young (Allocation Failure)
[662.678s][info][gc,heap        ] GC(2385) PSYoungGen: 112896K(222720K)->28288K(140288K) Eden: 111616K(111616K)->0K(111616K) From: 1280K(111104K)->28288K(28672K)
[662.678s][info][gc,heap        ] GC(2385) ParOldGen: 610475K(667648K)->611731K(667648K)
[662.678s][info][gc,metaspace   ] GC(2385) Metaspace: 19101K(19264K)->19101K(19264K) NonClass: 16440K(16512K)->16440K(16512K) Class: 2661K(2752K)->2661K(2752K)
[662.678s][info][gc             ] GC(2385) Pause Young (Allocation Failure) 706M->625M(789M) 33.013ms
[662.678s][info][gc,cpu         ] GC(2385) User=0.06s Sys=0.00s Real=0.04s
[662.771s][info][gc,start       ] GC(2386) Pause Young (Allocation Failure)
[662.822s][info][gc,heap        ] GC(2386) PSYoungGen: 139904K(140288K)->46688K(223232K) Eden: 111616K(111616K)->0K(114176K) From: 28288K(28672K)->46688K(109056K)
[662.822s][info][gc,heap        ] GC(2386) ParOldGen: 611731K(667648K)->611731K(667648K)
[662.822s][info][gc,metaspace   ] GC(2386) Metaspace: 19101K(19264K)->19101K(19264K) NonClass: 16440K(16512K)->16440K(16512K) Class: 2661K(2752K)->2661K(2752K)
[662.822s][info][gc             ] GC(2386) Pause Young (Allocation Failure) 734M->642M(870M) 50.181ms
[662.822s][info][gc,cpu         ] GC(2386) User=0.10s Sys=0.00s Real=0.05s
[662.974s][info][gc,start       ] GC(2387) Pause Young (Allocation Failure)
[663.045s][info][gc,heap        ] GC(2387) PSYoungGen: 160864K(223232K)->69248K(220672K) Eden: 114176K(114176K)->0K(114176K) From: 46688K(109056K)->69248K(106496K)
[663.045s][info][gc,heap        ] GC(2387) ParOldGen: 611731K(667648K)->611731K(667648K)
[663.045s][info][gc,metaspace   ] GC(2387) Metaspace: 19101K(19264K)->19101K(19264K) NonClass: 16440K(16512K)->16440K(16512K) Class: 2661K(2752K)->2661K(2752K)
[663.045s][info][gc             ] GC(2387) Pause Young (Allocation Failure) 754M->665M(867M) 70.306ms
[663.045s][info][gc,cpu         ] GC(2387) User=0.14s Sys=0.00s Real=0.07s
[663.174s][info][gc,start       ] GC(2388) Pause Young (Allocation Failure)
[663.258s][info][gc,heap        ] GC(2388) PSYoungGen: 183424K(220672K)->35104K(220672K) Eden: 114176K(114176K)->0K(116224K) From: 69248K(106496K)->35104K(104448K)
[663.258s][info][gc,heap        ] GC(2388) ParOldGen: 611731K(667648K)->658458K(667648K)
[663.258s][info][gc,metaspace   ] GC(2388) Metaspace: 19101K(19264K)->19101K(19264K) NonClass: 16440K(16512K)->16440K(16512K) Class: 2661K(2752K)->2661K(2752K)
[663.258s][info][gc             ] GC(2388) Pause Young (Allocation Failure) 776M->677M(867M) 83.771ms
[663.258s][info][gc,cpu         ] GC(2388) User=0.16s Sys=0.00s Real=0.09s
[663.347s][info][gc,start       ] GC(2389) Pause Full (Allocation Failure)
[663.347s][info][gc,phases,start] GC(2389) Marking Phase
[663.632s][info][gc,phases      ] GC(2389) Marking Phase 284.933ms
[663.632s][info][gc,phases,start] GC(2389) Summary Phase
[663.632s][info][gc,phases      ] GC(2389) Summary Phase 0.036ms
[663.632s][info][gc,phases,start] GC(2389) Forward
[663.735s][info][gc,phases      ] GC(2389) Forward 103.023ms
[663.735s][info][gc,phases,start] GC(2389) Adjust Pointers
[663.966s][info][gc,phases      ] GC(2389) Adjust Pointers 230.871ms
[663.966s][info][gc,phases,start] GC(2389) Compaction Phase
[664.086s][info][gc,phases      ] GC(2389) Compaction Phase 119.380ms
[664.094s][info][gc,phases,start] GC(2389) Post Compact
[664.097s][info][gc,phases      ] GC(2389) Post Compact 2.296ms
[664.097s][info][gc,heap        ] GC(2389) PSYoungGen: 151328K(220672K)->0K(221696K) Eden: 116224K(116224K)->0K(116224K) From: 35104K(104448K)->0K(105472K)
[664.097s][info][gc,heap        ] GC(2389) ParOldGen: 658458K(667648K)->406031K(667648K)
[664.097s][info][gc,metaspace   ] GC(2389) Metaspace: 19101K(19264K)->19101K(19264K) NonClass: 16440K(16512K)->16440K(16512K) Class: 2661K(2752K)->2661K(2752K)
[664.097s][info][gc             ] GC(2389) Pause Full (Allocation Failure) 790M->396M(868M) 749.514ms
[664.097s][info][gc,cpu         ] GC(2389) User=1.41s Sys=0.00s Real=0.75s
[664.227s][info][gc,start       ] GC(2390) Pause Young (Allocation Failure)
[664.236s][info][gc,heap        ] GC(2390) PSYoungGen: 116224K(221696K)->128K(227328K) Eden: 116224K(116224K)->0K(122880K) From: 0K(105472K)->128K(104448K)
[664.236s][info][gc,heap        ] GC(2390) ParOldGen: 406031K(667648K)->406031K(667648K)
[664.236s][info][gc,metaspace   ] GC(2390) Metaspace: 19101K(19264K)->19101K(19264K) NonClass: 16440K(16512K)->16440K(16512K) Class: 2661K(2752K)->2661K(2752K)
[664.236s][info][gc             ] GC(2390) Pause Young (Allocation Failure) 510M->396M(874M) 8.107ms
[664.236s][info][gc,cpu         ] GC(2390) User=0.02s Sys=0.00s Real=0.00s
[664.362s][info][gc,start       ] GC(2391) Pause Young (Allocation Failure)
[664.371s][info][gc,heap        ] GC(2391) PSYoungGen: 123008K(227328K)->1856K(227840K) Eden: 122880K(122880K)->0K(122880K) From: 128K(104448K)->1856K(104960K)
[664.371s][info][gc,heap        ] GC(2391) ParOldGen: 406031K(667648K)->406031K(667648K)
[664.371s][info][gc,metaspace   ] GC(2391) Metaspace: 19101K(19264K)->19101K(19264K) NonClass: 16440K(16512K)->16440K(16512K) Class: 2661K(2752K)->2661K(2752K)
[664.371s][info][gc             ] GC(2391) Pause Young (Allocation Failure) 516M->398M(874M) 9.135ms
[664.371s][info][gc,cpu         ] GC(2391) User=0.01s Sys=0.00s Real=0.01s
[664.515s][info][gc,start       ] GC(2392) Pause Young (Allocation Failure)
[664.526s][info][gc,heap        ] GC(2392) PSYoungGen: 124736K(227840K)->4608K(223744K) Eden: 122880K(122880K)->0K(125440K) From: 1856K(104960K)->4608K(98304K)
[664.526s][info][gc,heap        ] GC(2392) ParOldGen: 406031K(667648K)->406031K(667648K)
[664.526s][info][gc,metaspace   ] GC(2392) Metaspace: 19101K(19264K)->19101K(19264K) NonClass: 16440K(16512K)->16440K(16512K) Class: 2661K(2752K)->2661K(2752K)
[664.526s][info][gc             ] GC(2392) Pause Young (Allocation Failure) 518M->401M(870M) 11.148ms
[664.526s][info][gc,cpu         ] GC(2392) User=0.02s Sys=0.00s Real=0.01s
[664.646s][info][gc,start       ] GC(2393) Pause Young (Allocation Failure)
[664.654s][info][gc,heap        ] GC(2393) PSYoungGen: 130048K(223744K)->4800K(225792K) Eden: 125440K(125440K)->0K(125440K) From: 4608K(98304K)->4800K(100352K)
[664.654s][info][gc,heap        ] GC(2393) ParOldGen: 406031K(667648K)->406031K(667648K)
[664.654s][info][gc,metaspace   ] GC(2393) Metaspace: 19101K(19264K)->19101K(19264K) NonClass: 16440K(16512K)->16440K(16512K) Class: 2661K(2752K)->2661K(2752K)
[664.654s][info][gc             ] GC(2393) Pause Young (Allocation Failure) 523M->401M(872M) 7.699ms
[664.654s][info][gc,cpu         ] GC(2393) User=0.01s Sys=0.00s Real=0.01s
[664.797s][info][gc,start       ] GC(2394) Pause Young (Allocation Failure)
[664.824s][info][gc,heap        ] GC(2394) PSYoungGen: 130240K(225792K)->25664K(218112K) Eden: 125440K(125440K)->0K(134656K) From: 4800K(100352K)->25664K(83456K)
[664.824s][info][gc,heap        ] GC(2394) ParOldGen: 406031K(667648K)->406031K(667648K)
[664.824s][info][gc,metaspace   ] GC(2394) Metaspace: 19101K(19264K)->19101K(19264K) NonClass: 16440K(16512K)->16440K(16512K) Class: 2661K(2752K)->2661K(2752K)
[664.824s][info][gc             ] GC(2394) Pause Young (Allocation Failure) 523M->421M(865M) 27.196ms
[664.824s][info][gc,cpu         ] GC(2394) User=0.05s Sys=0.00s Real=0.02s
[664.887s][info][gc,start       ] GC(2395) Pause Young (Allocation Failure)
[664.954s][info][gc,heap        ] GC(2395) PSYoungGen: 160320K(218112K)->80880K(224768K) Eden: 134656K(134656K)->0K(134656K) From: 25664K(83456K)->80880K(90112K)
[664.954s][info][gc,heap        ] GC(2395) ParOldGen: 406031K(667648K)->406031K(667648K)
[664.954s][info][gc,metaspace   ] GC(2395) Metaspace: 19106K(19264K)->19106K(19264K) NonClass: 16444K(16512K)->16444K(16512K) Class: 2661K(2752K)->2661K(2752K)
[664.954s][info][gc             ] GC(2395) Pause Young (Allocation Failure) 553M->475M(871M) 67.113ms
[664.954s][info][gc,cpu         ] GC(2395) User=0.14s Sys=0.01s Real=0.06s
[665.121s][info][gc,start       ] GC(2396) Pause Young (Allocation Failure)
[665.201s][info][gc,heap        ] GC(2396) PSYoungGen: 215536K(224768K)->97952K(215552K) Eden: 134656K(134656K)->0K(111616K) From: 80880K(90112K)->97952K(103936K)
[665.201s][info][gc,heap        ] GC(2396) ParOldGen: 406031K(667648K)->406031K(667648K)
[665.201s][info][gc,metaspace   ] GC(2396) Metaspace: 19106K(19264K)->19106K(19264K) NonClass: 16444K(16512K)->16444K(16512K) Class: 2661K(2752K)->2661K(2752K)
[665.201s][info][gc             ] GC(2396) Pause Young (Allocation Failure) 606M->492M(862M) 80.367ms
[665.201s][info][gc,cpu         ] GC(2396) User=0.15s Sys=0.00s Real=0.08s
[665.373s][info][gc,start       ] GC(2397) Pause Young (Allocation Failure)
[665.446s][info][gc,heap        ] GC(2397) PSYoungGen: 209568K(215552K)->99288K(222720K) Eden: 111616K(111616K)->0K(111616K) From: 97952K(103936K)->99288K(111104K)
[665.446s][info][gc,heap        ] GC(2397) ParOldGen: 406031K(667648K)->406159K(667648K)
[665.446s][info][gc,metaspace   ] GC(2397) Metaspace: 19106K(19264K)->19106K(19264K) NonClass: 16444K(16512K)->16444K(16512K) Class: 2661K(2752K)->2661K(2752K)
[665.446s][info][gc             ] GC(2397) Pause Young (Allocation Failure) 601M->493M(869M) 72.954ms
[665.446s][info][gc,cpu         ] GC(2397) User=0.14s Sys=0.00s Real=0.08s
[665.522s][info][gc,start       ] GC(2398) Pause Young (Allocation Failure)
[665.602s][info][gc,heap        ] GC(2398) PSYoungGen: 210904K(222720K)->102176K(222720K) Eden: 111616K(111616K)->0K(111616K) From: 99288K(111104K)->102176K(111104K)
[665.602s][info][gc,heap        ] GC(2398) ParOldGen: 406159K(667648K)->410631K(667648K)
[665.602s][info][gc,metaspace   ] GC(2398) Metaspace: 19108K(19264K)->19108K(19264K) NonClass: 16447K(16512K)->16447K(16512K) Class: 2661K(2752K)->2661K(2752K)
[665.603s][info][gc             ] GC(2398) Pause Young (Allocation Failure) 602M->500M(869M) 80.228ms
[665.603s][info][gc,cpu         ] GC(2398) User=0.16s Sys=0.00s Real=0.08s
[665.733s][info][gc,start       ] GC(2399) Pause Young (Allocation Failure)
[665.809s][info][gc,heap        ] GC(2399) PSYoungGen: 213792K(222720K)->81872K(222720K) Eden: 111616K(111616K)->0K(111616K) From: 102176K(111104K)->81872K(111104K)
[665.809s][info][gc,heap        ] GC(2399) ParOldGen: 410631K(667648K)->431826K(667648K)
[665.809s][info][gc,metaspace   ] GC(2399) Metaspace: 19108K(19264K)->19108K(19264K) NonClass: 16447K(16512K)->16447K(16512K) Class: 2661K(2752K)->2661K(2752K)
[665.809s][info][gc             ] GC(2399) Pause Young (Allocation Failure) 609M->501M(869M) 76.516ms
[665.809s][info][gc,cpu         ] GC(2399) User=0.15s Sys=0.00s Real=0.08s
[665.954s][info][gc,start       ] GC(2400) Pause Young (Allocation Failure)
[666.016s][info][gc,heap        ] GC(2400) PSYoungGen: 193488K(222720K)->9888K(222720K) Eden: 111616K(111616K)->0K(111616K) From: 81872K(111104K)->9888K(111104K)
[666.016s][info][gc,heap        ] GC(2400) ParOldGen: 431826K(667648K)->504630K(667648K)
[666.016s][info][gc,metaspace   ] GC(2400) Metaspace: 19108K(19264K)->19108K(19264K) NonClass: 16447K(16512K)->16447K(16512K) Class: 2661K(2752K)->2661K(2752K)
[666.016s][info][gc             ] GC(2400) Pause Young (Allocation Failure) 610M->502M(869M) 62.112ms
[666.016s][info][gc,cpu         ] GC(2400) User=0.13s Sys=0.00s Real=0.06s
[666.177s][info][gc,start       ] GC(2401) Pause Young (Allocation Failure)
[666.192s][info][gc,heap        ] GC(2401) PSYoungGen: 121504K(222720K)->2240K(222720K) Eden: 111616K(111616K)->0K(111616K) From: 9888K(111104K)->2240K(111104K)
[666.192s][info][gc,heap        ] GC(2401) ParOldGen: 504630K(667648K)->513518K(667648K)
[666.192s][info][gc,metaspace   ] GC(2401) Metaspace: 19108K(19264K)->19108K(19264K) NonClass: 16447K(16512K)->16447K(16512K) Class: 2661K(2752K)->2661K(2752K)
[666.192s][info][gc             ] GC(2401) Pause Young (Allocation Failure) 611M->503M(869M) 15.333ms
[666.192s][info][gc,cpu         ] GC(2401) User=0.03s Sys=0.00s Real=0.01s
[666.293s][info][gc,start       ] GC(2402) Pause Young (Allocation Failure)
[666.300s][info][gc,heap        ] GC(2402) PSYoungGen: 113856K(222720K)->1984K(222720K) Eden: 111616K(111616K)->0K(111616K) From: 2240K(111104K)->1984K(111104K)
[666.300s][info][gc,heap        ] GC(2402) ParOldGen: 513518K(667648K)->514542K(667648K)
[666.300s][info][gc,metaspace   ] GC(2402) Metaspace: 19108K(19264K)->19108K(19264K) NonClass: 16447K(16512K)->16447K(16512K) Class: 2661K(2752K)->2661K(2752K)
[666.300s][info][gc             ] GC(2402) Pause Young (Allocation Failure) 612M->504M(869M) 7.244ms
[666.300s][info][gc,cpu         ] GC(2402) User=0.02s Sys=0.00s Real=0.01s
[666.518s][info][gc,start       ] GC(2403) Pause Young (Allocation Failure)
[666.550s][info][gc,heap        ] GC(2403) PSYoungGen: 113600K(222720K)->13921K(222720K) Eden: 111616K(111616K)->0K(111616K) From: 1984K(111104K)->13921K(111104K)
[666.550s][info][gc,heap        ] GC(2403) ParOldGen: 514542K(667648K)->516494K(667648K)
[666.550s][info][gc,metaspace   ] GC(2403) Metaspace: 19108K(19264K)->19108K(19264K) NonClass: 16447K(16512K)->16447K(16512K) Class: 2661K(2752K)->2661K(2752K)
[666.550s][info][gc             ] GC(2403) Pause Young (Allocation Failure) 613M->517M(869M) 32.289ms
[666.550s][info][gc,cpu         ] GC(2403) User=0.06s Sys=0.00s Real=0.03s
[666.747s][info][gc,start       ] GC(2404) Pause Young (Allocation Failure)
[666.782s][info][gc,heap        ] GC(2404) PSYoungGen: 125537K(222720K)->8032K(222720K) Eden: 111616K(111616K)->0K(111616K) From: 13921K(111104K)->8032K(111104K)
[666.782s][info][gc,heap        ] GC(2404) ParOldGen: 516494K(667648K)->530411K(667648K)
[666.782s][info][gc,metaspace   ] GC(2404) Metaspace: 19108K(19264K)->19108K(19264K) NonClass: 16447K(16512K)->16447K(16512K) Class: 2661K(2752K)->2661K(2752K)
[666.782s][info][gc             ] GC(2404) Pause Young (Allocation Failure) 626M->525M(869M) 34.635ms
[666.782s][info][gc,cpu         ] GC(2404) User=0.06s Sys=0.00s Real=0.03s
[666.927s][info][gc,start       ] GC(2405) Pause Young (Allocation Failure)
[666.957s][info][gc,heap        ] GC(2405) PSYoungGen: 119648K(222720K)->17961K(222720K) Eden: 111616K(111616K)->0K(111616K) From: 8032K(111104K)->17961K(111104K)
[666.957s][info][gc,heap        ] GC(2405) ParOldGen: 530411K(667648K)->538419K(667648K)
[666.957s][info][gc,metaspace   ] GC(2405) Metaspace: 19108K(19264K)->19108K(19264K) NonClass: 16447K(16512K)->16447K(16512K) Class: 2661K(2752K)->2661K(2752K)
[666.957s][info][gc             ] GC(2405) Pause Young (Allocation Failure) 634M->543M(869M) 29.554ms
[666.957s][info][gc,cpu         ] GC(2405) User=0.06s Sys=0.00s Real=0.03s
[667.090s][info][gc,start       ] GC(2406) Pause Young (Allocation Failure)
[667.121s][info][gc,heap        ] GC(2406) PSYoungGen: 129577K(222720K)->11136K(222720K) Eden: 111616K(111616K)->0K(111616K) From: 17961K(111104K)->11136K(111104K)
[667.121s][info][gc,heap        ] GC(2406) ParOldGen: 538419K(667648K)->556396K(667648K)
[667.121s][info][gc,metaspace   ] GC(2406) Metaspace: 19108K(19264K)->19108K(19264K) NonClass: 16447K(16512K)->16447K(16512K) Class: 2661K(2752K)->2661K(2752K)
[667.121s][info][gc             ] GC(2406) Pause Young (Allocation Failure) 652M->554M(869M) 31.095ms
[667.121s][info][gc,cpu         ] GC(2406) User=0.06s Sys=0.00s Real=0.03s
[667.251s][info][gc,start       ] GC(2407) Pause Young (Allocation Failure)
[667.271s][info][gc,heap        ] GC(2407) PSYoungGen: 122752K(222720K)->2656K(222720K) Eden: 111616K(111616K)->0K(111616K) From: 11136K(111104K)->2656K(111104K)
[667.271s][info][gc,heap        ] GC(2407) ParOldGen: 556396K(667648K)->567532K(667648K)
[667.271s][info][gc,metaspace   ] GC(2407) Metaspace: 19108K(19264K)->19108K(19264K) NonClass: 16447K(16512K)->16447K(16512K) Class: 2661K(2752K)->2661K(2752K)
[667.271s][info][gc             ] GC(2407) Pause Young (Allocation Failure) 663M->556M(869M) 20.080ms
[667.271s][info][gc,cpu         ] GC(2407) User=0.04s Sys=0.00s Real=0.02s
[667.423s][info][gc,start       ] GC(2408) Pause Young (Allocation Failure)
[667.436s][info][gc,heap        ] GC(2408) PSYoungGen: 114272K(222720K)->2624K(222720K) Eden: 111616K(111616K)->0K(111616K) From: 2656K(111104K)->2624K(111104K)
[667.436s][info][gc,heap        ] GC(2408) ParOldGen: 567532K(667648K)->570180K(667648K)
[667.436s][info][gc,metaspace   ] GC(2408) Metaspace: 19109K(19264K)->19109K(19264K) NonClass: 16448K(16512K)->16448K(16512K) Class: 2661K(2752K)->2661K(2752K)
[667.436s][info][gc             ] GC(2408) Pause Young (Allocation Failure) 665M->559M(869M) 13.001ms
[667.436s][info][gc,cpu         ] GC(2408) User=0.02s Sys=0.00s Real=0.01s
[667.541s][info][gc,start       ] GC(2409) Pause Young (Allocation Failure)
[667.547s][info][gc,heap        ] GC(2409) PSYoungGen: 114240K(222720K)->2720K(114688K) Eden: 111616K(111616K)->0K(111616K) From: 2624K(111104K)->2720K(3072K)
[667.547s][info][gc,heap        ] GC(2409) ParOldGen: 570180K(667648K)->570180K(667648K)
[667.547s][info][gc,metaspace   ] GC(2409) Metaspace: 19109K(19264K)->19109K(19264K) NonClass: 16448K(16512K)->16448K(16512K) Class: 2661K(2752K)->2661K(2752K)
[667.547s][info][gc             ] GC(2409) Pause Young (Allocation Failure) 668M->559M(764M) 5.671ms
[667.547s][info][gc,cpu         ] GC(2409) User=0.01s Sys=0.00s Real=0.01s
[667.619s][info][gc,start       ] GC(2410) Pause Young (Allocation Failure)
[667.625s][info][gc,heap        ] GC(2410) PSYoungGen: 114336K(114688K)->2720K(220160K) Eden: 111616K(111616K)->0K(116736K) From: 2720K(3072K)->2720K(103424K)
[667.625s][info][gc,heap        ] GC(2410) ParOldGen: 570180K(667648K)->570180K(667648K)
[667.625s][info][gc,metaspace   ] GC(2410) Metaspace: 19109K(19264K)->19109K(19264K) NonClass: 16448K(16512K)->16448K(16512K) Class: 2661K(2752K)->2661K(2752K)
[667.625s][info][gc             ] GC(2410) Pause Young (Allocation Failure) 668M->559M(867M) 5.974ms
[667.625s][info][gc,cpu         ] GC(2410) User=0.02s Sys=0.00s Real=0.00s
[667.807s][info][gc,start       ] GC(2411) Pause Young (Allocation Failure)
[667.819s][info][gc,heap        ] GC(2411) PSYoungGen: 119456K(220160K)->7936K(218112K) Eden: 116736K(116736K)->0K(116736K) From: 2720K(103424K)->7936K(101376K)
[667.819s][info][gc,heap        ] GC(2411) ParOldGen: 570180K(667648K)->570180K(667648K)
[667.819s][info][gc,metaspace   ] GC(2411) Metaspace: 19109K(19264K)->19109K(19264K) NonClass: 16448K(16512K)->16448K(16512K) Class: 2661K(2752K)->2661K(2752K)
[667.819s][info][gc             ] GC(2411) Pause Young (Allocation Failure) 673M->564M(865M) 12.378ms
[667.819s][info][gc,cpu         ] GC(2411) User=0.02s Sys=0.00s Real=0.01s
[667.931s][info][gc,start       ] GC(2412) Pause Young (Allocation Failure)
[667.945s][info][gc,heap        ] GC(2412) PSYoungGen: 124672K(218112K)->10240K(206848K) Eden: 116736K(116736K)->0K(123392K) From: 7936K(101376K)->10240K(83456K)
[667.945s][info][gc,heap        ] GC(2412) ParOldGen: 570180K(667648K)->570180K(667648K)
[667.945s][info][gc,metaspace   ] GC(2412) Metaspace: 19109K(19264K)->19109K(19264K) NonClass: 16448K(16512K)->16448K(16512K) Class: 2661K(2752K)->2661K(2752K)
[667.945s][info][gc             ] GC(2412) Pause Young (Allocation Failure) 678M->566M(854M) 13.730ms
[667.945s][info][gc,cpu         ] GC(2412) User=0.03s Sys=0.00s Real=0.01s
[668.275s][info][gc,start       ] GC(2413) Pause Young (Allocation Failure)
[668.289s][info][gc,heap        ] GC(2413) PSYoungGen: 133632K(206848K)->10336K(212992K) Eden: 123392K(123392K)->0K(123392K) From: 10240K(83456K)->10336K(89600K)
[668.289s][info][gc,heap        ] GC(2413) ParOldGen: 570180K(667648K)->570180K(667648K)
[668.289s][info][gc,metaspace   ] GC(2413) Metaspace: 19109K(19264K)->19109K(19264K) NonClass: 16448K(16512K)->16448K(16512K) Class: 2661K(2752K)->2661K(2752K)
[668.289s][info][gc             ] GC(2413) Pause Young (Allocation Failure) 687M->566M(860M) 14.128ms
[668.289s][info][gc,cpu         ] GC(2413) User=0.03s Sys=0.00s Real=0.02s
[668.623s][info][gc,start       ] GC(2414) Pause Young (Allocation Failure)
[668.638s][info][gc,heap        ] GC(2414) PSYoungGen: 133728K(212992K)->10472K(201728K) Eden: 123392K(123392K)->0K(129024K) From: 10336K(89600K)->10472K(72704K)
[668.638s][info][gc,heap        ] GC(2414) ParOldGen: 570180K(667648K)->570180K(667648K)
[668.638s][info][gc,metaspace   ] GC(2414) Metaspace: 19109K(19264K)->19109K(19264K) NonClass: 16448K(16512K)->16448K(16512K) Class: 2661K(2752K)->2661K(2752K)
[668.638s][info][gc             ] GC(2414) Pause Young (Allocation Failure) 687M->567M(849M) 14.818ms
[668.638s][info][gc,cpu         ] GC(2414) User=0.03s Sys=0.00s Real=0.02s
[668.878s][info][gc,start       ] GC(2415) Pause Young (Allocation Failure)
[668.912s][info][gc,heap        ] GC(2415) PSYoungGen: 139496K(201728K)->31736K(207872K) Eden: 129024K(129024K)->0K(129024K) From: 10472K(72704K)->31736K(78848K)
[668.912s][info][gc,heap        ] GC(2415) ParOldGen: 570180K(667648K)->570180K(667648K)
[668.912s][info][gc,metaspace   ] GC(2415) Metaspace: 19109K(19264K)->19109K(19264K) NonClass: 16448K(16512K)->16448K(16512K) Class: 2661K(2752K)->2661K(2752K)
[668.912s][info][gc             ] GC(2415) Pause Young (Allocation Failure) 693M->587M(855M) 34.124ms
[668.912s][info][gc,cpu         ] GC(2415) User=0.06s Sys=0.00s Real=0.03s
[669.170s][info][gc,start       ] GC(2416) Pause Young (Allocation Failure)
[669.210s][info][gc,heap        ] GC(2416) PSYoungGen: 160760K(207872K)->31736K(213504K) Eden: 129024K(129024K)->0K(136704K) From: 31736K(78848K)->31736K(76800K)
[669.210s][info][gc,heap        ] GC(2416) ParOldGen: 570180K(667648K)->570180K(667648K)
[669.210s][info][gc,metaspace   ] GC(2416) Metaspace: 19109K(19264K)->19109K(19264K) NonClass: 16448K(16512K)->16448K(16512K) Class: 2661K(2752K)->2661K(2752K)
[669.210s][info][gc             ] GC(2416) Pause Young (Allocation Failure) 713M->587M(860M) 40.243ms
[669.210s][info][gc,cpu         ] GC(2416) User=0.08s Sys=0.00s Real=0.04s
[669.911s][info][gc,start       ] GC(2417) Pause Young (Allocation Failure)
[669.945s][info][gc,heap        ] GC(2417) PSYoungGen: 168440K(213504K)->32141K(213504K) Eden: 136704K(136704K)->0K(136704K) From: 31736K(76800K)->32141K(76800K)
[669.945s][info][gc,heap        ] GC(2417) ParOldGen: 570180K(667648K)->570180K(667648K)
[669.945s][info][gc,metaspace   ] GC(2417) Metaspace: 19109K(19264K)->19109K(19264K) NonClass: 16448K(16512K)->16448K(16512K) Class: 2661K(2752K)->2661K(2752K)
[669.945s][info][gc             ] GC(2417) Pause Young (Allocation Failure) 721M->588M(860M) 34.168ms
[669.945s][info][gc,cpu         ] GC(2417) User=0.07s Sys=0.00s Real=0.03s
[670.802s][info][gc,start       ] GC(2418) Pause Young (Allocation Failure)
[670.839s][info][gc,heap        ] GC(2418) PSYoungGen: 168845K(213504K)->32509K(216576K) Eden: 136704K(136704K)->0K(143360K) From: 32141K(76800K)->32509K(73216K)
[670.839s][info][gc,heap        ] GC(2418) ParOldGen: 570180K(667648K)->570180K(667648K)
[670.839s][info][gc,metaspace   ] GC(2418) Metaspace: 19109K(19264K)->19109K(19264K) NonClass: 16448K(16512K)->16448K(16512K) Class: 2661K(2752K)->2661K(2752K)
[670.839s][info][gc             ] GC(2418) Pause Young (Allocation Failure) 721M->588M(863M) 37.756ms
[670.839s][info][gc,cpu         ] GC(2418) User=0.07s Sys=0.00s Real=0.04s
[671.544s][info][gc,start       ] GC(2419) Pause Young (Allocation Failure)
[671.585s][info][gc,heap        ] GC(2419) PSYoungGen: 175755K(216576K)->34167K(218112K) Eden: 143246K(143360K)->0K(143360K) From: 32509K(73216K)->34167K(74752K)
[671.585s][info][gc,heap        ] GC(2419) ParOldGen: 570180K(667648K)->570180K(667648K)
[671.585s][info][gc,metaspace   ] GC(2419) Metaspace: 19113K(19264K)->19113K(19264K) NonClass: 16452K(16512K)->16452K(16512K) Class: 2661K(2752K)->2661K(2752K)
[671.586s][info][gc             ] GC(2419) Pause Young (Allocation Failure) 728M->590M(865M) 41.564ms
[671.586s][info][gc,cpu         ] GC(2419) User=0.08s Sys=0.00s Real=0.04s
[671.921s][info][gc,start       ] GC(2420) Pause Young (Allocation Failure)
[671.957s][info][gc,heap        ] GC(2420) PSYoungGen: 177527K(218112K)->34045K(221696K) Eden: 143360K(143360K)->0K(150016K) From: 34167K(74752K)->34045K(71680K)
[671.957s][info][gc,heap        ] GC(2420) ParOldGen: 570180K(667648K)->570180K(667648K)
[671.957s][info][gc,metaspace   ] GC(2420) Metaspace: 19115K(19264K)->19115K(19264K) NonClass: 16454K(16512K)->16454K(16512K) Class: 2661K(2752K)->2661K(2752K)
[671.957s][info][gc             ] GC(2420) Pause Young (Allocation Failure) 730M->590M(868M) 36.054ms
[671.957s][info][gc,cpu         ] GC(2420) User=0.08s Sys=0.00s Real=0.04s
[672.294s][info][gc,start       ] GC(2421) Pause Young (Allocation Failure)
[672.334s][info][gc,heap        ] GC(2421) PSYoungGen: 184061K(221696K)->34246K(222720K) Eden: 150016K(150016K)->0K(150016K) From: 34045K(71680K)->34246K(72704K)
[672.334s][info][gc,heap        ] GC(2421) ParOldGen: 570180K(667648K)->570180K(667648K)
[672.334s][info][gc,metaspace   ] GC(2421) Metaspace: 19115K(19264K)->19115K(19264K) NonClass: 16454K(16512K)->16454K(16512K) Class: 2661K(2752K)->2661K(2752K)
[672.334s][info][gc             ] GC(2421) Pause Young (Allocation Failure) 736M->590M(869M) 40.299ms
[672.334s][info][gc,cpu         ] GC(2421) User=0.08s Sys=0.00s Real=0.04s
[672.527s][info][gc,start       ] GC(2422) Pause Young (Allocation Failure)
[672.606s][info][gc,heap        ] GC(2422) PSYoungGen: 184262K(222720K)->71677K(215040K) Eden: 150016K(150016K)->0K(143360K) From: 34246K(72704K)->71677K(71680K)
[672.606s][info][gc,heap        ] GC(2422) ParOldGen: 570180K(667648K)->575948K(667648K)
[672.606s][info][gc,metaspace   ] GC(2422) Metaspace: 19118K(19264K)->19118K(19264K) NonClass: 16457K(16512K)->16457K(16512K) Class: 2661K(2752K)->2661K(2752K)
[672.606s][info][gc             ] GC(2422) Pause Young (Allocation Failure) 736M->632M(862M) 78.939ms
[672.606s][info][gc,cpu         ] GC(2422) User=0.15s Sys=0.01s Real=0.08s
[672.716s][info][gc,start       ] GC(2423) Pause Young (Allocation Failure)
[672.829s][info][gc,heap        ] GC(2423) PSYoungGen: 215037K(215040K)->85997K(229376K) Eden: 143360K(143360K)->0K(143360K) From: 71677K(71680K)->85997K(86016K)
[672.829s][info][gc,heap        ] GC(2423) ParOldGen: 575948K(667648K)->620075K(667648K)
[672.829s][info][gc,metaspace   ] GC(2423) Metaspace: 19124K(19264K)->19124K(19264K) NonClass: 16463K(16512K)->16463K(16512K) Class: 2661K(2752K)->2661K(2752K)
[672.829s][info][gc             ] GC(2423) Pause Young (Allocation Failure) 772M->689M(876M) 112.979ms
[672.829s][info][gc,cpu         ] GC(2423) User=0.23s Sys=0.00s Real=0.12s
[673.025s][info][gc,start       ] GC(2424) Pause Young (Allocation Failure)
[673.151s][info][gc,heap        ] GC(2424) PSYoungGen: 229357K(229376K)->104429K(216064K) Eden: 143360K(143360K)->0K(111616K) From: 85997K(86016K)->104429K(104448K)
[673.151s][info][gc,heap        ] GC(2424) ParOldGen: 620075K(667648K)->638214K(667648K)
[673.151s][info][gc,metaspace   ] GC(2424) Metaspace: 19124K(19264K)->19124K(19264K) NonClass: 16463K(16512K)->16463K(16512K) Class: 2661K(2752K)->2661K(2752K)
[673.151s][info][gc             ] GC(2424) Pause Young (Allocation Failure) 829M->725M(863M) 125.865ms
[673.151s][info][gc,cpu         ] GC(2424) User=0.23s Sys=0.03s Real=0.13s
[673.325s][info][gc,start       ] GC(2425) Pause Full (Allocation Failure)
[673.325s][info][gc,phases,start] GC(2425) Marking Phase
[673.458s][info][gc,phases      ] GC(2425) Marking Phase 133.721ms
[673.458s][info][gc,phases,start] GC(2425) Summary Phase
[673.459s][info][gc,phases      ] GC(2425) Summary Phase 0.028ms
[673.459s][info][gc,phases,start] GC(2425) Forward
[673.509s][info][gc,phases      ] GC(2425) Forward 49.982ms
[673.509s][info][gc,phases,start] GC(2425) Adjust Pointers
[673.601s][info][gc,phases      ] GC(2425) Adjust Pointers 92.696ms
[673.601s][info][gc,phases,start] GC(2425) Compaction Phase
[673.658s][info][gc,phases      ] GC(2425) Compaction Phase 56.187ms
[673.659s][info][gc,phases,start] GC(2425) Post Compact
[673.662s][info][gc,phases      ] GC(2425) Post Compact 2.470ms
[673.671s][info][gc,heap        ] GC(2425) PSYoungGen: 216045K(216064K)->0K(222720K) Eden: 111616K(111616K)->0K(111616K) From: 104429K(104448K)->0K(111104K)
[673.671s][info][gc,heap        ] GC(2425) ParOldGen: 638214K(667648K)->214570K(555520K)
[673.671s][info][gc,metaspace   ] GC(2425) Metaspace: 19124K(19264K)->19124K(19264K) NonClass: 16463K(16512K)->16463K(16512K) Class: 2661K(2752K)->2661K(2752K)
[673.671s][info][gc             ] GC(2425) Pause Full (Allocation Failure) 834M->209M(760M) 346.085ms
[673.671s][info][gc,cpu         ] GC(2425) User=0.62s Sys=0.01s Real=0.35s
[673.789s][info][gc,start       ] GC(2426) Pause Young (Allocation Failure)
[673.811s][info][gc,heap        ] GC(2426) PSYoungGen: 111616K(222720K)->9202K(222720K) Eden: 111616K(111616K)->0K(111616K) From: 0K(111104K)->9202K(111104K)
[673.811s][info][gc,heap        ] GC(2426) ParOldGen: 214570K(555520K)->214570K(555520K)
[673.811s][info][gc,metaspace   ] GC(2426) Metaspace: 19126K(19264K)->19126K(19264K) NonClass: 16465K(16512K)->16465K(16512K) Class: 2661K(2752K)->2661K(2752K)
[673.811s][info][gc             ] GC(2426) Pause Young (Allocation Failure) 318M->218M(760M) 21.572ms
[673.811s][info][gc,cpu         ] GC(2426) User=0.04s Sys=0.00s Real=0.02s
[673.933s][info][gc,start       ] GC(2427) Pause Young (Allocation Failure)
[673.978s][info][gc,heap        ] GC(2427) PSYoungGen: 120818K(222720K)->31442K(222720K) Eden: 111616K(111616K)->0K(111616K) From: 9202K(111104K)->31442K(111104K)
[673.978s][info][gc,heap        ] GC(2427) ParOldGen: 214570K(555520K)->214570K(555520K)
[673.978s][info][gc,metaspace   ] GC(2427) Metaspace: 19126K(19264K)->19126K(19264K) NonClass: 16465K(16512K)->16465K(16512K) Class: 2661K(2752K)->2661K(2752K)
[673.978s][info][gc             ] GC(2427) Pause Young (Allocation Failure) 327M->240M(760M) 45.625ms
[673.978s][info][gc,cpu         ] GC(2427) User=0.09s Sys=0.00s Real=0.05s
[674.122s][info][gc,start       ] GC(2428) Pause Young (Allocation Failure)
[674.171s][info][gc,heap        ] GC(2428) PSYoungGen: 143058K(222720K)->38939K(222720K) Eden: 111616K(111616K)->0K(111616K) From: 31442K(111104K)->38939K(111104K)
[674.172s][info][gc,heap        ] GC(2428) ParOldGen: 214570K(555520K)->214570K(555520K)
[674.172s][info][gc,metaspace   ] GC(2428) Metaspace: 19126K(19264K)->19126K(19264K) NonClass: 16465K(16512K)->16465K(16512K) Class: 2661K(2752K)->2661K(2752K)
[674.172s][info][gc             ] GC(2428) Pause Young (Allocation Failure) 349M->247M(760M) 50.049ms
[674.172s][info][gc,cpu         ] GC(2428) User=0.10s Sys=0.00s Real=0.05s
[674.286s][info][gc,start       ] GC(2429) Pause Young (Allocation Failure)
[674.344s][info][gc,heap        ] GC(2429) PSYoungGen: 150555K(222720K)->48443K(222720K) Eden: 111616K(111616K)->0K(111616K) From: 38939K(111104K)->48443K(111104K)
[674.344s][info][gc,heap        ] GC(2429) ParOldGen: 214570K(555520K)->214570K(555520K)
[674.344s][info][gc,metaspace   ] GC(2429) Metaspace: 19126K(19264K)->19126K(19264K) NonClass: 16465K(16512K)->16465K(16512K) Class: 2661K(2752K)->2661K(2752K)
[674.344s][info][gc             ] GC(2429) Pause Young (Allocation Failure) 356M->256M(760M) 57.778ms
[674.344s][info][gc,cpu         ] GC(2429) User=0.12s Sys=0.00s Real=0.05s
[674.458s][info][gc,start       ] GC(2430) Pause Young (Allocation Failure)
[674.516s][info][gc,heap        ] GC(2430) PSYoungGen: 160059K(222720K)->48731K(222720K) Eden: 111616K(111616K)->0K(111616K) From: 48443K(111104K)->48731K(111104K)
[674.516s][info][gc,heap        ] GC(2430) ParOldGen: 214570K(555520K)->214570K(555520K)
[674.516s][info][gc,metaspace   ] GC(2430) Metaspace: 19126K(19264K)->19126K(19264K) NonClass: 16465K(16512K)->16465K(16512K) Class: 2661K(2752K)->2661K(2752K)
[674.516s][info][gc             ] GC(2430) Pause Young (Allocation Failure) 365M->257M(760M) 58.024ms
[674.516s][info][gc,cpu         ] GC(2430) User=0.12s Sys=0.00s Real=0.06s
[674.621s][info][gc,start       ] GC(2431) Pause Young (Allocation Failure)
[674.681s][info][gc,heap        ] GC(2431) PSYoungGen: 160347K(222720K)->48827K(160768K) Eden: 111616K(111616K)->0K(111616K) From: 48731K(111104K)->48827K(49152K)
[674.681s][info][gc,heap        ] GC(2431) ParOldGen: 214570K(555520K)->214570K(555520K)
[674.681s][info][gc,metaspace   ] GC(2431) Metaspace: 19126K(19264K)->19126K(19264K) NonClass: 16465K(16512K)->16465K(16512K) Class: 2661K(2752K)->2661K(2752K)
[674.681s][info][gc             ] GC(2431) Pause Young (Allocation Failure) 366M->257M(699M) 60.178ms
[674.681s][info][gc,cpu         ] GC(2431) User=0.12s Sys=0.01s Real=0.06s
[674.778s][info][gc,start       ] GC(2432) Pause Young (Allocation Failure)
[674.857s][info][gc,heap        ] GC(2432) PSYoungGen: 160443K(160768K)->61984K(218112K) Eden: 111616K(111616K)->0K(111616K) From: 48827K(49152K)->61984K(106496K)
[674.857s][info][gc,heap        ] GC(2432) ParOldGen: 214570K(555520K)->223639K(555520K)
[674.857s][info][gc,metaspace   ] GC(2432) Metaspace: 19126K(19264K)->19126K(19264K) NonClass: 16465K(16512K)->16465K(16512K) Class: 2661K(2752K)->2661K(2752K)
[674.857s][info][gc             ] GC(2432) Pause Young (Allocation Failure) 366M->278M(755M) 78.773ms
[674.857s][info][gc,cpu         ] GC(2432) User=0.16s Sys=0.00s Real=0.08s
[674.931s][info][gc,start       ] GC(2433) Pause Young (Allocation Failure)
[675.017s][info][gc,heap        ] GC(2433) PSYoungGen: 173600K(218112K)->53776K(218112K) Eden: 111616K(111616K)->0K(111616K) From: 61984K(106496K)->53776K(106496K)
[675.017s][info][gc,heap        ] GC(2433) ParOldGen: 223639K(555520K)->253583K(555520K)
[675.017s][info][gc,metaspace   ] GC(2433) Metaspace: 19126K(19264K)->19126K(19264K) NonClass: 16465K(16512K)->16465K(16512K) Class: 2661K(2752K)->2661K(2752K)
[675.017s][info][gc             ] GC(2433) Pause Young (Allocation Failure) 387M->300M(755M) 85.889ms
[675.017s][info][gc,cpu         ] GC(2433) User=0.17s Sys=0.00s Real=0.09s
[675.156s][info][gc,start       ] GC(2434) Pause Young (Allocation Failure)
[675.229s][info][gc,heap        ] GC(2434) PSYoungGen: 165392K(218112K)->66803K(222720K) Eden: 111616K(111616K)->0K(119296K) From: 53776K(106496K)->66803K(103424K)
[675.229s][info][gc,heap        ] GC(2434) ParOldGen: 253583K(555520K)->263388K(555520K)
[675.229s][info][gc,metaspace   ] GC(2434) Metaspace: 19126K(19264K)->19126K(19264K) NonClass: 16465K(16512K)->16465K(16512K) Class: 2661K(2752K)->2661K(2752K)
[675.229s][info][gc             ] GC(2434) Pause Young (Allocation Failure) 409M->322M(760M) 73.879ms
[675.229s][info][gc,cpu         ] GC(2434) User=0.15s Sys=0.00s Real=0.08s
[675.314s][info][gc,start       ] GC(2435) Pause Young (Allocation Failure)
[675.385s][info][gc,heap        ] GC(2435) PSYoungGen: 186099K(222720K)->53203K(224256K) Eden: 119296K(119296K)->0K(119296K) From: 66803K(103424K)->53203K(104960K)
[675.385s][info][gc,heap        ] GC(2435) ParOldGen: 263388K(555520K)->285780K(555520K)
[675.385s][info][gc,metaspace   ] GC(2435) Metaspace: 19126K(19264K)->19126K(19264K) NonClass: 16465K(16512K)->16465K(16512K) Class: 2661K(2752K)->2661K(2752K)
[675.385s][info][gc             ] GC(2435) Pause Young (Allocation Failure) 438M->331M(761M) 70.980ms
[675.385s][info][gc,cpu         ] GC(2435) User=0.14s Sys=0.00s Real=0.07s
[675.472s][info][gc,start       ] GC(2436) Pause Young (Allocation Failure)
[675.522s][info][gc,heap        ] GC(2436) PSYoungGen: 172499K(224256K)->12416K(225792K) Eden: 119296K(119296K)->0K(124416K) From: 53203K(104960K)->12416K(101376K)
[675.522s][info][gc,heap        ] GC(2436) ParOldGen: 285780K(555520K)->330463K(555520K)
[675.522s][info][gc,metaspace   ] GC(2436) Metaspace: 19126K(19264K)->19126K(19264K) NonClass: 16465K(16512K)->16465K(16512K) Class: 2661K(2752K)->2661K(2752K)
[675.522s][info][gc             ] GC(2436) Pause Young (Allocation Failure) 447M->334M(763M) 50.830ms
[675.522s][info][gc,cpu         ] GC(2436) User=0.10s Sys=0.00s Real=0.05s
[675.661s][info][gc,start       ] GC(2437) Pause Young (Allocation Failure)
[675.677s][info][gc,heap        ] GC(2437) PSYoungGen: 136832K(225792K)->2112K(226816K) Eden: 124416K(124416K)->0K(124416K) From: 12416K(101376K)->2112K(102400K)
[675.677s][info][gc,heap        ] GC(2437) ParOldGen: 330463K(555520K)->342879K(555520K)
[675.677s][info][gc,metaspace   ] GC(2437) Metaspace: 19126K(19264K)->19126K(19264K) NonClass: 16465K(16512K)->16465K(16512K) Class: 2661K(2752K)->2661K(2752K)
[675.677s][info][gc             ] GC(2437) Pause Young (Allocation Failure) 456M->336M(764M) 15.900ms
[675.677s][info][gc,cpu         ] GC(2437) User=0.03s Sys=0.00s Real=0.02s
[676.076s][info][gc,start       ] GC(2438) Pause Young (Allocation Failure)
[676.081s][info][gc,heap        ] GC(2438) PSYoungGen: 126528K(226816K)->640K(227840K) Eden: 124416K(124416K)->0K(123904K) From: 2112K(102400K)->640K(103936K)
[676.081s][info][gc,heap        ] GC(2438) ParOldGen: 342879K(555520K)->344967K(555520K)
[676.081s][info][gc,metaspace   ] GC(2438) Metaspace: 19126K(19264K)->19126K(19264K) NonClass: 16465K(16512K)->16465K(16512K) Class: 2661K(2752K)->2661K(2752K)
[676.081s][info][gc             ] GC(2438) Pause Young (Allocation Failure) 458M->337M(765M) 5.613ms
[676.081s][info][gc,cpu         ] GC(2438) User=0.01s Sys=0.00s Real=0.01s
[676.314s][info][gc,start       ] GC(2439) Pause Young (Allocation Failure)
[676.345s][info][gc,heap        ] GC(2439) PSYoungGen: 124544K(227840K)->29600K(153600K) Eden: 123904K(123904K)->0K(123904K) From: 640K(103936K)->29600K(29696K)
[676.345s][info][gc,heap        ] GC(2439) ParOldGen: 344967K(555520K)->345451K(555520K)
[676.345s][info][gc,metaspace   ] GC(2439) Metaspace: 19126K(19264K)->19126K(19264K) NonClass: 16465K(16512K)->16465K(16512K) Class: 2661K(2752K)->2661K(2752K)
[676.345s][info][gc             ] GC(2439) Pause Young (Allocation Failure) 458M->366M(692M) 30.922ms
[676.345s][info][gc,cpu         ] GC(2439) User=0.06s Sys=0.00s Real=0.03s
[676.500s][info][gc,start       ] GC(2440) Pause Young (Allocation Failure)
[676.560s][info][gc,heap        ] GC(2440) PSYoungGen: 153504K(153600K)->37152K(230400K) Eden: 123904K(123904K)->0K(131072K) From: 29600K(29696K)->37152K(99328K)
[676.560s][info][gc,heap        ] GC(2440) ParOldGen: 345451K(555520K)->375104K(555520K)
[676.560s][info][gc,metaspace   ] GC(2440) Metaspace: 19126K(19264K)->19126K(19264K) NonClass: 16465K(16512K)->16465K(16512K) Class: 2661K(2752K)->2661K(2752K)
[676.560s][info][gc             ] GC(2440) Pause Young (Allocation Failure) 487M->402M(767M) 59.183ms
[676.560s][info][gc,cpu         ] GC(2440) User=0.11s Sys=0.00s Real=0.06s
[676.699s][info][gc,start       ] GC(2441) Pause Young (Allocation Failure)
[676.744s][info][gc,heap        ] GC(2441) PSYoungGen: 168224K(230400K)->12864K(224256K) Eden: 131072K(131072K)->0K(131072K) From: 37152K(99328K)->12864K(93184K)
[676.744s][info][gc,heap        ] GC(2441) ParOldGen: 375104K(555520K)->412426K(555520K)
[676.744s][info][gc,metaspace   ] GC(2441) Metaspace: 19126K(19264K)->19126K(19264K) NonClass: 16465K(16512K)->16465K(16512K) Class: 2661K(2752K)->2661K(2752K)
[676.744s][info][gc             ] GC(2441) Pause Young (Allocation Failure) 530M->415M(761M) 45.310ms
[676.744s][info][gc,cpu         ] GC(2441) User=0.09s Sys=0.00s Real=0.04s
[676.869s][info][gc,start       ] GC(2442) Pause Young (Allocation Failure)
[676.893s][info][gc,heap        ] GC(2442) PSYoungGen: 143936K(224256K)->2432K(232960K) Eden: 131072K(131072K)->0K(141312K) From: 12864K(93184K)->2432K(91648K)
[676.893s][info][gc,heap        ] GC(2442) ParOldGen: 412426K(555520K)->425290K(555520K)
[676.893s][info][gc,metaspace   ] GC(2442) Metaspace: 19126K(19264K)->19126K(19264K) NonClass: 16465K(16512K)->16465K(16512K) Class: 2661K(2752K)->2661K(2752K)
[676.893s][info][gc             ] GC(2442) Pause Young (Allocation Failure) 543M->417M(770M) 24.179ms
[676.893s][info][gc,cpu         ] GC(2442) User=0.05s Sys=0.00s Real=0.02s
[677.136s][info][gc,start       ] GC(2443) Pause Young (Allocation Failure)
[677.142s][info][gc,heap        ] GC(2443) PSYoungGen: 143744K(232960K)->1312K(232960K) Eden: 141312K(141312K)->0K(141312K) From: 2432K(91648K)->1312K(91648K)
[677.142s][info][gc,heap        ] GC(2443) ParOldGen: 425290K(555520K)->427690K(555520K)
[677.142s][info][gc,metaspace   ] GC(2443) Metaspace: 19126K(19264K)->19126K(19264K) NonClass: 16465K(16512K)->16465K(16512K) Class: 2661K(2752K)->2661K(2752K)
[677.142s][info][gc             ] GC(2443) Pause Young (Allocation Failure) 555M->418M(770M) 6.754ms
[677.142s][info][gc,cpu         ] GC(2443) User=0.01s Sys=0.00s Real=0.01s
[677.512s][info][gc,start       ] GC(2444) Pause Young (Allocation Failure)
[677.516s][info][gc,heap        ] GC(2444) PSYoungGen: 142624K(232960K)->1472K(239104K) Eden: 141312K(141312K)->0K(151552K) From: 1312K(91648K)->1472K(87552K)
[677.516s][info][gc,heap        ] GC(2444) ParOldGen: 427690K(555520K)->427690K(555520K)
[677.516s][info][gc,metaspace   ] GC(2444) Metaspace: 19126K(19264K)->19126K(19264K) NonClass: 16465K(16512K)->16465K(16512K) Class: 2661K(2752K)->2661K(2752K)
[677.516s][info][gc             ] GC(2444) Pause Young (Allocation Failure) 556M->419M(776M) 3.990ms
[677.516s][info][gc,cpu         ] GC(2444) User=0.01s Sys=0.00s Real=0.00s
[677.657s][info][gc,start       ] GC(2445) Pause Young (Allocation Failure)
[677.766s][info][gc,heap        ] GC(2445) PSYoungGen: 153024K(239104K)->88576K(240128K) Eden: 151552K(151552K)->0K(151552K) From: 1472K(87552K)->88576K(88576K)
[677.766s][info][gc,heap        ] GC(2445) ParOldGen: 427690K(555520K)->451938K(555520K)
[677.766s][info][gc,metaspace   ] GC(2445) Metaspace: 19126K(19264K)->19126K(19264K) NonClass: 16465K(16512K)->16465K(16512K) Class: 2661K(2752K)->2661K(2752K)
[677.766s][info][gc             ] GC(2445) Pause Young (Allocation Failure) 567M->527M(777M) 108.973ms
[677.766s][info][gc,cpu         ] GC(2445) User=0.22s Sys=0.00s Real=0.10s
[677.937s][info][gc,start       ] GC(2446) Pause Young (Allocation Failure)
[678.071s][info][gc,heap        ] GC(2446) PSYoungGen: 240128K(240128K)->93664K(205312K) Eden: 151552K(151552K)->0K(111616K) From: 88576K(88576K)->93664K(93696K)
[678.071s][info][gc,heap        ] GC(2446) ParOldGen: 451938K(555520K)->496892K(555520K)
[678.071s][info][gc,metaspace   ] GC(2446) Metaspace: 19128K(19264K)->19128K(19264K) NonClass: 16466K(16512K)->16466K(16512K) Class: 2661K(2752K)->2661K(2752K)
[678.071s][info][gc             ] GC(2446) Pause Young (Allocation Failure) 675M->576M(743M) 133.357ms
[678.071s][info][gc,cpu         ] GC(2446) User=0.26s Sys=0.01s Real=0.13s
[678.166s][info][gc,start       ] GC(2447) Pause Young (Allocation Failure)
[678.296s][info][gc,heap        ] GC(2447) PSYoungGen: 205280K(205312K)->16392K(222720K) Eden: 111616K(111616K)->0K(111616K) From: 93664K(93696K)->16392K(111104K)
[678.296s][info][gc,heap        ] GC(2447) ParOldGen: 496892K(555520K)->590908K(591360K)
[678.296s][info][gc,metaspace   ] GC(2447) Metaspace: 19128K(19264K)->19128K(19264K) NonClass: 16466K(16512K)->16466K(16512K) Class: 2661K(2752K)->2661K(2752K)
[678.296s][info][gc             ] GC(2447) Pause Young (Allocation Failure) 685M->593M(795M) 129.903ms
[678.296s][info][gc,cpu         ] GC(2447) User=0.23s Sys=0.03s Real=0.13s
[678.375s][info][gc,start       ] GC(2448) Pause Full (Allocation Failure)
[678.375s][info][gc,phases,start] GC(2448) Marking Phase
[678.440s][info][gc,phases      ] GC(2448) Marking Phase 64.684ms
[678.440s][info][gc,phases,start] GC(2448) Summary Phase
[678.440s][info][gc,phases      ] GC(2448) Summary Phase 0.026ms
[678.440s][info][gc,phases,start] GC(2448) Forward
[678.461s][info][gc,phases      ] GC(2448) Forward 20.783ms
[678.461s][info][gc,phases,start] GC(2448) Adjust Pointers
[678.510s][info][gc,phases      ] GC(2448) Adjust Pointers 48.936ms
[678.510s][info][gc,phases,start] GC(2448) Compaction Phase
[678.534s][info][gc,phases      ] GC(2448) Compaction Phase 24.225ms
[678.537s][info][gc,phases,start] GC(2448) Post Compact
[678.539s][info][gc,phases      ] GC(2448) Post Compact 2.105ms
[678.549s][info][gc,heap        ] GC(2448) PSYoungGen: 128008K(222720K)->0K(222720K) Eden: 111616K(111616K)->0K(111616K) From: 16392K(111104K)->0K(111104K)
[678.549s][info][gc,heap        ] GC(2448) ParOldGen: 590908K(591360K)->103075K(481280K)
[678.549s][info][gc,metaspace   ] GC(2448) Metaspace: 19128K(19264K)->19128K(19264K) NonClass: 16466K(16512K)->16466K(16512K) Class: 2661K(2752K)->2661K(2752K)
[678.549s][info][gc             ] GC(2448) Pause Full (Allocation Failure) 702M->100M(687M) 173.746ms
[678.549s][info][gc,cpu         ] GC(2448) User=0.29s Sys=0.01s Real=0.18s
[678.638s][info][gc,start       ] GC(2449) Pause Young (Allocation Failure)
[678.642s][info][gc,heap        ] GC(2449) PSYoungGen: 111616K(222720K)->2560K(222720K) Eden: 111616K(111616K)->0K(111616K) From: 0K(111104K)->2560K(111104K)
[678.642s][info][gc,heap        ] GC(2449) ParOldGen: 103075K(481280K)->103075K(481280K)
[678.642s][info][gc,metaspace   ] GC(2449) Metaspace: 19128K(19264K)->19128K(19264K) NonClass: 16466K(16512K)->16466K(16512K) Class: 2661K(2752K)->2661K(2752K)
[678.642s][info][gc             ] GC(2449) Pause Young (Allocation Failure) 209M->103M(687M) 3.786ms
[678.642s][info][gc,cpu         ] GC(2449) User=0.00s Sys=0.00s Real=0.00s
[678.696s][info][gc,start       ] GC(2450) Pause Young (Allocation Failure)
[678.721s][info][gc,heap        ] GC(2450) PSYoungGen: 114176K(222720K)->31216K(222720K) Eden: 111616K(111616K)->0K(111616K) From: 2560K(111104K)->31216K(111104K)
[678.721s][info][gc,heap        ] GC(2450) ParOldGen: 103075K(481280K)->105619K(481280K)
[678.721s][info][gc,metaspace   ] GC(2450) Metaspace: 19128K(19264K)->19128K(19264K) NonClass: 16466K(16512K)->16466K(16512K) Class: 2661K(2752K)->2661K(2752K)
[678.721s][info][gc             ] GC(2450) Pause Young (Allocation Failure) 212M->133M(687M) 24.949ms
[678.721s][info][gc,cpu         ] GC(2450) User=0.05s Sys=0.00s Real=0.02s
[678.813s][info][gc,start       ] GC(2451) Pause Young (Allocation Failure)
[678.858s][info][gc,heap        ] GC(2451) PSYoungGen: 142832K(222720K)->35712K(222720K) Eden: 111616K(111616K)->0K(111616K) From: 31216K(111104K)->35712K(111104K)
[678.858s][info][gc,heap        ] GC(2451) ParOldGen: 105619K(481280K)->137179K(481280K)
[678.858s][info][gc,metaspace   ] GC(2451) Metaspace: 19128K(19264K)->19128K(19264K) NonClass: 16466K(16512K)->16466K(16512K) Class: 2661K(2752K)->2661K(2752K)
[678.858s][info][gc             ] GC(2451) Pause Young (Allocation Failure) 242M->168M(687M) 44.612ms
[678.858s][info][gc,cpu         ] GC(2451) User=0.09s Sys=0.00s Real=0.05s
[679.010s][info][gc,start       ] GC(2452) Pause Young (Allocation Failure)
[679.038s][info][gc,heap        ] GC(2452) PSYoungGen: 147328K(222720K)->2656K(222720K) Eden: 111616K(111616K)->0K(111616K) From: 35712K(111104K)->2656K(111104K)
[679.039s][info][gc,heap        ] GC(2452) ParOldGen: 137179K(481280K)->173307K(481280K)
[679.039s][info][gc,metaspace   ] GC(2452) Metaspace: 19128K(19264K)->19128K(19264K) NonClass: 16466K(16512K)->16466K(16512K) Class: 2661K(2752K)->2661K(2752K)
[679.039s][info][gc             ] GC(2452) Pause Young (Allocation Failure) 277M->171M(687M) 28.310ms
[679.039s][info][gc,cpu         ] GC(2452) User=0.06s Sys=0.00s Real=0.03s
[679.209s][info][gc,start       ] GC(2453) Pause Young (Allocation Failure)
[679.245s][info][gc,heap        ] GC(2453) PSYoungGen: 114272K(222720K)->17089K(222720K) Eden: 111616K(111616K)->0K(111616K) From: 2656K(111104K)->17089K(111104K)
[679.245s][info][gc,heap        ] GC(2453) ParOldGen: 173307K(481280K)->175931K(481280K)
[679.245s][info][gc,metaspace   ] GC(2453) Metaspace: 19128K(19264K)->19128K(19264K) NonClass: 16466K(16512K)->16466K(16512K) Class: 2661K(2752K)->2661K(2752K)
[679.245s][info][gc             ] GC(2453) Pause Young (Allocation Failure) 280M->188M(687M) 36.298ms
[679.245s][info][gc,cpu         ] GC(2453) User=0.07s Sys=0.00s Real=0.03s
[679.397s][info][gc,start       ] GC(2454) Pause Young (Allocation Failure)
[679.445s][info][gc,heap        ] GC(2454) PSYoungGen: 128705K(222720K)->18752K(212480K) Eden: 111616K(111616K)->0K(111616K) From: 17089K(111104K)->18752K(100864K)
[679.445s][info][gc,heap        ] GC(2454) ParOldGen: 175931K(481280K)->193016K(481280K)
[679.445s][info][gc,metaspace   ] GC(2454) Metaspace: 19128K(19264K)->19128K(19264K) NonClass: 16466K(16512K)->16466K(16512K) Class: 2661K(2752K)->2661K(2752K)
[679.446s][info][gc             ] GC(2454) Pause Young (Allocation Failure) 297M->206M(677M) 48.963ms
[679.446s][info][gc,cpu         ] GC(2454) User=0.09s Sys=0.00s Real=0.04s
[679.538s][info][gc,start       ] GC(2455) Pause Young (Allocation Failure)
[679.615s][info][gc,heap        ] GC(2455) PSYoungGen: 130368K(212480K)->61184K(217600K) Eden: 111616K(111616K)->0K(111616K) From: 18752K(100864K)->61184K(105984K)
[679.615s][info][gc,heap        ] GC(2455) ParOldGen: 193016K(481280K)->211784K(481280K)
[679.615s][info][gc,metaspace   ] GC(2455) Metaspace: 19128K(19264K)->19128K(19264K) NonClass: 16466K(16512K)->16466K(16512K) Class: 2661K(2752K)->2661K(2752K)
[679.615s][info][gc             ] GC(2455) Pause Young (Allocation Failure) 315M->266M(682M) 76.623ms
[679.615s][info][gc,cpu         ] GC(2455) User=0.15s Sys=0.00s Real=0.07s
[679.681s][info][gc,start       ] GC(2456) Pause Young (Allocation Failure)
[679.760s][info][gc,heap        ] GC(2456) PSYoungGen: 172800K(217600K)->27120K(219136K) Eden: 111616K(111616K)->0K(118272K) From: 61184K(105984K)->27120K(100864K)
[679.760s][info][gc,heap        ] GC(2456) ParOldGen: 211784K(481280K)->273168K(481280K)
[679.760s][info][gc,metaspace   ] GC(2456) Metaspace: 19128K(19264K)->19128K(19264K) NonClass: 16466K(16512K)->16466K(16512K) Class: 2661K(2752K)->2661K(2752K)
[679.760s][info][gc             ] GC(2456) Pause Young (Allocation Failure) 375M->293M(684M) 79.316ms
[679.760s][info][gc,cpu         ] GC(2456) User=0.16s Sys=0.00s Real=0.08s
[679.802s][info][gc,start       ] GC(2457) Pause Young (Allocation Failure)
[679.842s][info][gc,heap        ] GC(2457) PSYoungGen: 145392K(219136K)->30208K(221696K) Eden: 118272K(118272K)->0K(118272K) From: 27120K(100864K)->30208K(103424K)
[679.842s][info][gc,heap        ] GC(2457) ParOldGen: 273168K(481280K)->300536K(481280K)
[679.842s][info][gc,metaspace   ] GC(2457) Metaspace: 19128K(19264K)->19128K(19264K) NonClass: 16466K(16512K)->16466K(16512K) Class: 2661K(2752K)->2661K(2752K)
[679.842s][info][gc             ] GC(2457) Pause Young (Allocation Failure) 408M->322M(686M) 40.045ms
[679.842s][info][gc,cpu         ] GC(2457) User=0.08s Sys=0.00s Real=0.04s
[679.961s][info][gc,start       ] GC(2458) Pause Young (Allocation Failure)
[679.995s][info][gc,heap        ] GC(2458) PSYoungGen: 148480K(221696K)->13248K(227328K) Eden: 118272K(118272K)->0K(132608K) From: 30208K(103424K)->13248K(94720K)
[679.995s][info][gc,heap        ] GC(2458) ParOldGen: 300536K(481280K)->331088K(481280K)
[679.995s][info][gc,metaspace   ] GC(2458) Metaspace: 19128K(19264K)->19128K(19264K) NonClass: 16466K(16512K)->16466K(16512K) Class: 2661K(2752K)->2661K(2752K)
[679.995s][info][gc             ] GC(2458) Pause Young (Allocation Failure) 438M->336M(692M) 33.925ms
[679.995s][info][gc,cpu         ] GC(2458) User=0.07s Sys=0.00s Real=0.03s
[680.081s][info][gc,start       ] GC(2459) Pause Young (Allocation Failure)
[680.104s][info][gc,heap        ] GC(2459) PSYoungGen: 145856K(227328K)->5056K(226304K) Eden: 132608K(132608K)->0K(132608K) From: 13248K(94720K)->5056K(93696K)
[680.104s][info][gc,heap        ] GC(2459) ParOldGen: 331088K(481280K)->344440K(481280K)
[680.104s][info][gc,metaspace   ] GC(2459) Metaspace: 19128K(19264K)->19128K(19264K) NonClass: 16466K(16512K)->16466K(16512K) Class: 2661K(2752K)->2661K(2752K)
[680.104s][info][gc             ] GC(2459) Pause Young (Allocation Failure) 465M->341M(691M) 22.662ms
[680.104s][info][gc,cpu         ] GC(2459) User=0.04s Sys=0.00s Real=0.02s
[680.235s][info][gc,start       ] GC(2460) Pause Young (Allocation Failure)
[680.269s][info][gc,heap        ] GC(2460) PSYoungGen: 137664K(226304K)->13281K(236032K) Eden: 132608K(132608K)->0K(148480K) From: 5056K(93696K)->13281K(87552K)
[680.269s][info][gc,heap        ] GC(2460) ParOldGen: 344440K(481280K)->349472K(481280K)
[680.269s][info][gc,metaspace   ] GC(2460) Metaspace: 19128K(19264K)->19128K(19264K) NonClass: 16466K(16512K)->16466K(16512K) Class: 2661K(2752K)->2661K(2752K)
[680.269s][info][gc             ] GC(2460) Pause Young (Allocation Failure) 470M->354M(700M) 34.385ms
[680.269s][info][gc,cpu         ] GC(2460) User=0.07s Sys=0.00s Real=0.04s
[680.406s][info][gc,start       ] GC(2461) Pause Young (Allocation Failure)
[680.465s][info][gc,heap        ] GC(2461) PSYoungGen: 161761K(236032K)->34592K(236544K) Eden: 148480K(148480K)->0K(148480K) From: 13281K(87552K)->34592K(88064K)
[680.465s][info][gc,heap        ] GC(2461) ParOldGen: 349472K(481280K)->362733K(481280K)
[680.465s][info][gc,metaspace   ] GC(2461) Metaspace: 19128K(19264K)->19128K(19264K) NonClass: 16466K(16512K)->16466K(16512K) Class: 2661K(2752K)->2661K(2752K)
[680.465s][info][gc             ] GC(2461) Pause Young (Allocation Failure) 499M->388M(701M) 59.413ms
[680.465s][info][gc,cpu         ] GC(2461) User=0.12s Sys=0.00s Real=0.06s
[680.646s][info][gc,start       ] GC(2462) Pause Young (Allocation Failure)
[680.709s][info][gc,heap        ] GC(2462) PSYoungGen: 183072K(236544K)->22560K(238080K) Eden: 148480K(148480K)->0K(160768K) From: 34592K(88064K)->22560K(77312K)
[680.709s][info][gc,heap        ] GC(2462) ParOldGen: 362733K(481280K)->397355K(481280K)
[680.709s][info][gc,metaspace   ] GC(2462) Metaspace: 19128K(19264K)->19128K(19264K) NonClass: 16466K(16512K)->16466K(16512K) Class: 2661K(2752K)->2661K(2752K)
[680.709s][info][gc             ] GC(2462) Pause Young (Allocation Failure) 533M->410M(702M) 62.266ms
[680.709s][info][gc,cpu         ] GC(2462) User=0.12s Sys=0.00s Real=0.06s
[680.890s][info][gc,start       ] GC(2463) Pause Young (Allocation Failure)
[680.917s][info][gc,heap        ] GC(2463) PSYoungGen: 183328K(238080K)->1312K(240640K) Eden: 160768K(160768K)->0K(160768K) From: 22560K(77312K)->1312K(79872K)
[680.917s][info][gc,heap        ] GC(2463) ParOldGen: 397355K(481280K)->419923K(481280K)
[680.917s][info][gc,metaspace   ] GC(2463) Metaspace: 19128K(19264K)->19128K(19264K) NonClass: 16466K(16512K)->16466K(16512K) Class: 2661K(2752K)->2661K(2752K)
[680.917s][info][gc             ] GC(2463) Pause Young (Allocation Failure) 567M->411M(705M) 27.035ms
[680.917s][info][gc,cpu         ] GC(2463) User=0.06s Sys=0.00s Real=0.03s
[681.114s][info][gc,start       ] GC(2464) Pause Young (Allocation Failure)
[681.124s][info][gc,heap        ] GC(2464) PSYoungGen: 162080K(240640K)->3232K(249856K) Eden: 160768K(160768K)->0K(175104K) From: 1312K(79872K)->3232K(74752K)
[681.124s][info][gc,heap        ] GC(2464) ParOldGen: 419923K(481280K)->421227K(481280K)
[681.124s][info][gc,metaspace   ] GC(2464) Metaspace: 19128K(19264K)->19128K(19264K) NonClass: 16466K(16512K)->16466K(16512K) Class: 2661K(2752K)->2661K(2752K)
[681.124s][info][gc             ] GC(2464) Pause Young (Allocation Failure) 568M->414M(714M) 9.308ms
[681.124s][info][gc,cpu         ] GC(2464) User=0.01s Sys=0.00s Real=0.01s
[681.427s][info][gc,start       ] GC(2465) Pause Young (Allocation Failure)
[681.454s][info][gc,heap        ] GC(2465) PSYoungGen: 178336K(249856K)->21344K(252416K) Eden: 175104K(175104K)->0K(175104K) From: 3232K(74752K)->21344K(77312K)
[681.454s][info][gc,heap        ] GC(2465) ParOldGen: 421227K(481280K)->424435K(481280K)
[681.454s][info][gc,metaspace   ] GC(2465) Metaspace: 19128K(19264K)->19128K(19264K) NonClass: 16466K(16512K)->16466K(16512K) Class: 2661K(2752K)->2661K(2752K)
[681.454s][info][gc             ] GC(2465) Pause Young (Allocation Failure) 585M->435M(716M) 27.778ms
[681.454s][info][gc,cpu         ] GC(2465) User=0.05s Sys=0.00s Real=0.02s
[681.944s][info][gc,start       ] GC(2466) Pause Young (Allocation Failure)
[681.967s][info][gc,heap        ] GC(2466) PSYoungGen: 196448K(252416K)->128K(254464K) Eden: 175104K(175104K)->0K(182784K) From: 21344K(77312K)->128K(71680K)
[681.967s][info][gc,heap        ] GC(2466) ParOldGen: 424435K(481280K)->445769K(481280K)
[681.967s][info][gc,metaspace   ] GC(2466) Metaspace: 19128K(19264K)->19128K(19264K) NonClass: 16466K(16512K)->16466K(16512K) Class: 2661K(2752K)->2661K(2752K)
[681.967s][info][gc             ] GC(2466) Pause Young (Allocation Failure) 606M->435M(718M) 23.168ms
[681.967s][info][gc,cpu         ] GC(2466) User=0.05s Sys=0.00s Real=0.03s
[682.410s][info][gc,start       ] GC(2467) Pause Young (Allocation Failure)
[682.421s][info][gc,heap        ] GC(2467) PSYoungGen: 182912K(254464K)->192K(253440K) Eden: 182784K(182784K)->0K(182784K) From: 128K(71680K)->192K(70656K)
[682.421s][info][gc,heap        ] GC(2467) ParOldGen: 445769K(481280K)->445769K(481280K)
[682.421s][info][gc,metaspace   ] GC(2467) Metaspace: 19128K(19264K)->19128K(19264K) NonClass: 16466K(16512K)->16466K(16512K) Class: 2661K(2752K)->2661K(2752K)
[682.421s][info][gc             ] GC(2467) Pause Young (Allocation Failure) 613M->435M(717M) 11.237ms
[682.421s][info][gc,cpu         ] GC(2467) User=0.02s Sys=0.00s Real=0.01s
[682.705s][info][gc,start       ] GC(2468) Pause Young (Allocation Failure)
[682.728s][info][gc,heap        ] GC(2468) PSYoungGen: 182976K(253440K)->27894K(261632K) Eden: 182784K(182784K)->0K(193024K) From: 192K(70656K)->27894K(68608K)
[682.728s][info][gc,heap        ] GC(2468) ParOldGen: 445769K(481280K)->445769K(481280K)
[682.728s][info][gc,metaspace   ] GC(2468) Metaspace: 19128K(19264K)->19128K(19264K) NonClass: 16466K(16512K)->16466K(16512K) Class: 2661K(2752K)->2661K(2752K)
[682.728s][info][gc             ] GC(2468) Pause Young (Allocation Failure) 614M->462M(725M) 22.462ms
[682.728s][info][gc,cpu         ] GC(2468) User=0.05s Sys=0.00s Real=0.03s
[682.936s][info][gc,start       ] GC(2469) Pause Young (Allocation Failure)
[682.991s][info][gc,heap        ] GC(2469) PSYoungGen: 220918K(261632K)->67574K(260608K) Eden: 193024K(193024K)->0K(193024K) From: 27894K(68608K)->67574K(67584K)
[682.991s][info][gc,heap        ] GC(2469) ParOldGen: 445769K(481280K)->453273K(481280K)
[682.991s][info][gc,metaspace   ] GC(2469) Metaspace: 19128K(19264K)->19128K(19264K) NonClass: 16466K(16512K)->16466K(16512K) Class: 2661K(2752K)->2661K(2752K)
[682.991s][info][gc             ] GC(2469) Pause Young (Allocation Failure) 651M->508M(724M) 55.256ms
[682.991s][info][gc,cpu         ] GC(2469) User=0.11s Sys=0.00s Real=0.06s
[683.245s][info][gc,start       ] GC(2470) Pause Young (Allocation Failure)
[683.339s][info][gc,heap        ] GC(2470) PSYoungGen: 260598K(260608K)->73184K(205312K) Eden: 193024K(193024K)->0K(132096K) From: 67574K(67584K)->73184K(73216K)
[683.340s][info][gc,heap        ] GC(2470) ParOldGen: 453273K(481280K)->467054K(481280K)
[683.340s][info][gc,metaspace   ] GC(2470) Metaspace: 19128K(19264K)->19128K(19264K) NonClass: 16466K(16512K)->16466K(16512K) Class: 2661K(2752K)->2661K(2752K)
[683.340s][info][gc             ] GC(2470) Pause Young (Allocation Failure) 697M->527M(670M) 94.442ms
[683.340s][info][gc,cpu         ] GC(2470) User=0.18s Sys=0.01s Real=0.10s
[683.495s][info][gc,start       ] GC(2471) Pause Young (Allocation Failure)
[683.614s][info][gc,heap        ] GC(2471) PSYoungGen: 205280K(205312K)->29920K(232960K) Eden: 132096K(132096K)->0K(132096K) From: 73184K(73216K)->29920K(100864K)
[683.614s][info][gc,heap        ] GC(2471) ParOldGen: 467054K(481280K)->532146K(532480K)
[683.614s][info][gc,metaspace   ] GC(2471) Metaspace: 19128K(19264K)->19128K(19264K) NonClass: 16466K(16512K)->16466K(16512K) Class: 2661K(2752K)->2661K(2752K)
[683.615s][info][gc             ] GC(2471) Pause Young (Allocation Failure) 656M->548M(747M) 119.797ms
[683.615s][info][gc,cpu         ] GC(2471) User=0.21s Sys=0.03s Real=0.12s
[683.719s][info][gc,start       ] GC(2472) Pause Young (Allocation Failure)
[683.805s][info][gc,heap        ] GC(2472) PSYoungGen: 162016K(232960K)->24848K(215552K) Eden: 132096K(132096K)->0K(139264K) From: 29920K(100864K)->24848K(76288K)
[683.805s][info][gc,heap        ] GC(2472) ParOldGen: 532146K(532480K)->562117K(562176K)
[683.805s][info][gc,metaspace   ] GC(2472) Metaspace: 19130K(19264K)->19130K(19264K) NonClass: 16469K(16512K)->16469K(16512K) Class: 2661K(2752K)->2661K(2752K)
[683.805s][info][gc             ] GC(2472) Pause Young (Allocation Failure) 677M->573M(759M) 86.567ms
[683.805s][info][gc,cpu         ] GC(2472) User=0.15s Sys=0.03s Real=0.08s
[683.884s][info][gc,start       ] GC(2473) Pause Young (Allocation Failure)
[683.947s][info][gc,heap        ] GC(2473) PSYoungGen: 164112K(215552K)->33024K(227840K) Eden: 139264K(139264K)->0K(139264K) From: 24848K(76288K)->33024K(88576K)
[683.947s][info][gc,heap        ] GC(2473) ParOldGen: 562117K(562176K)->587013K(587264K)
[683.947s][info][gc,metaspace   ] GC(2473) Metaspace: 19130K(19264K)->19130K(19264K) NonClass: 16469K(16512K)->16469K(16512K) Class: 2661K(2752K)->2661K(2752K)
[683.947s][info][gc             ] GC(2473) Pause Young (Allocation Failure) 709M->605M(796M) 63.099ms
[683.947s][info][gc,cpu         ] GC(2473) User=0.10s Sys=0.03s Real=0.07s
[684.042s][info][gc,start       ] GC(2474) Pause Young (Allocation Failure)
[684.090s][info][gc,heap        ] GC(2474) PSYoungGen: 172288K(227840K)->4576K(241152K) Eden: 139264K(139264K)->0K(158720K) From: 33024K(88576K)->4576K(82432K)
[684.090s][info][gc,heap        ] GC(2474) ParOldGen: 587013K(587264K)->620365K(620544K)
[684.090s][info][gc,metaspace   ] GC(2474) Metaspace: 19130K(19264K)->19130K(19264K) NonClass: 16469K(16512K)->16469K(16512K) Class: 2661K(2752K)->2661K(2752K)
[684.090s][info][gc             ] GC(2474) Pause Young (Allocation Failure) 741M->610M(841M) 48.120ms
[684.090s][info][gc,cpu         ] GC(2474) User=0.07s Sys=0.02s Real=0.05s
[684.184s][info][gc,start       ] GC(2475) Pause Full (Allocation Failure)
[684.184s][info][gc,phases,start] GC(2475) Marking Phase
[684.436s][info][gc,phases      ] GC(2475) Marking Phase 251.542ms
[684.436s][info][gc,phases,start] GC(2475) Summary Phase
[684.436s][info][gc,phases      ] GC(2475) Summary Phase 0.028ms
[684.436s][info][gc,phases,start] GC(2475) Forward
[684.522s][info][gc,phases      ] GC(2475) Forward 85.487ms
[684.522s][info][gc,phases,start] GC(2475) Adjust Pointers
[684.718s][info][gc,phases      ] GC(2475) Adjust Pointers 196.684ms
[684.718s][info][gc,phases,start] GC(2475) Compaction Phase
[684.835s][info][gc,phases      ] GC(2475) Compaction Phase 116.673ms
[684.841s][info][gc,phases,start] GC(2475) Post Compact
[684.844s][info][gc,phases      ] GC(2475) Post Compact 2.257ms
[684.844s][info][gc,heap        ] GC(2475) PSYoungGen: 163296K(241152K)->0K(241664K) Eden: 158720K(158720K)->0K(158720K) From: 4576K(82432K)->0K(82944K)
[684.844s][info][gc,heap        ] GC(2475) ParOldGen: 620365K(620544K)->361930K(667648K)
[684.844s][info][gc,metaspace   ] GC(2475) Metaspace: 19130K(19264K)->19130K(19264K) NonClass: 16469K(16512K)->16469K(16512K) Class: 2661K(2752K)->2661K(2752K)
[684.844s][info][gc             ] GC(2475) Pause Full (Allocation Failure) 765M->353M(888M) 659.494ms
[684.844s][info][gc,cpu         ] GC(2475) User=1.26s Sys=0.00s Real=0.66s
[684.971s][info][gc,start       ] GC(2476) Pause Young (Allocation Failure)
[684.994s][info][gc,heap        ] GC(2476) PSYoungGen: 158720K(241664K)->12384K(244736K) Eden: 158720K(158720K)->0K(167936K) From: 0K(82944K)->12384K(76800K)
[684.995s][info][gc,heap        ] GC(2476) ParOldGen: 361930K(667648K)->361930K(667648K)
[684.995s][info][gc,metaspace   ] GC(2476) Metaspace: 19130K(19264K)->19130K(19264K) NonClass: 16469K(16512K)->16469K(16512K) Class: 2661K(2752K)->2661K(2752K)
[684.995s][info][gc             ] GC(2476) Pause Young (Allocation Failure) 508M->365M(891M) 23.201ms
[684.995s][info][gc,cpu         ] GC(2476) User=0.05s Sys=0.00s Real=0.02s
[685.139s][info][gc,start       ] GC(2477) Pause Young (Allocation Failure)
[685.181s][info][gc,heap        ] GC(2477) PSYoungGen: 180320K(244736K)->22720K(247808K) Eden: 167936K(167936K)->0K(167936K) From: 12384K(76800K)->22720K(79872K)
[685.181s][info][gc,heap        ] GC(2477) ParOldGen: 361930K(667648K)->374314K(667648K)
[685.181s][info][gc,metaspace   ] GC(2477) Metaspace: 19130K(19264K)->19130K(19264K) NonClass: 16469K(16512K)->16469K(16512K) Class: 2661K(2752K)->2661K(2752K)
[685.181s][info][gc             ] GC(2477) Pause Young (Allocation Failure) 529M->387M(894M) 41.998ms
[685.181s][info][gc,cpu         ] GC(2477) User=0.09s Sys=0.00s Real=0.04s
[685.330s][info][gc,start       ] GC(2478) Pause Young (Allocation Failure)
[685.372s][info][gc,heap        ] GC(2478) PSYoungGen: 190656K(247808K)->16544K(249344K) Eden: 167936K(167936K)->0K(178688K) From: 22720K(79872K)->16544K(70656K)
[685.372s][info][gc,heap        ] GC(2478) ParOldGen: 374314K(667648K)->397026K(667648K)
[685.372s][info][gc,metaspace   ] GC(2478) Metaspace: 19130K(19264K)->19130K(19264K) NonClass: 16469K(16512K)->16469K(16512K) Class: 2661K(2752K)->2661K(2752K)
[685.372s][info][gc             ] GC(2478) Pause Young (Allocation Failure) 551M->403M(895M) 42.377ms
[685.372s][info][gc,cpu         ] GC(2478) User=0.08s Sys=0.00s Real=0.04s
[685.851s][info][gc,start       ] GC(2479) Pause Young (Allocation Failure)
[685.878s][info][gc,heap        ] GC(2479) PSYoungGen: 195232K(249344K)->7584K(250880K) Eden: 178688K(178688K)->0K(178688K) From: 16544K(70656K)->7584K(72192K)
[685.878s][info][gc,heap        ] GC(2479) ParOldGen: 397026K(667648K)->413584K(667648K)
[685.878s][info][gc,metaspace   ] GC(2479) Metaspace: 19130K(19264K)->19130K(19264K) NonClass: 16469K(16512K)->16469K(16512K) Class: 2661K(2752K)->2661K(2752K)
[685.878s][info][gc             ] GC(2479) Pause Young (Allocation Failure) 578M->411M(897M) 26.686ms
[685.878s][info][gc,cpu         ] GC(2479) User=0.05s Sys=0.00s Real=0.03s
[686.223s][info][gc,start       ] GC(2480) Pause Young (Allocation Failure)
[686.252s][info][gc,heap        ] GC(2480) PSYoungGen: 186272K(250880K)->16448K(256000K) Eden: 178688K(178688K)->0K(191488K) From: 7584K(72192K)->16448K(64512K)
[686.252s][info][gc,heap        ] GC(2480) ParOldGen: 413584K(667648K)->421168K(667648K)
[686.252s][info][gc,metaspace   ] GC(2480) Metaspace: 19130K(19264K)->19130K(19264K) NonClass: 16469K(16512K)->16469K(16512K) Class: 2661K(2752K)->2661K(2752K)
[686.252s][info][gc             ] GC(2480) Pause Young (Allocation Failure) 585M->427M(902M) 28.287ms
[686.252s][info][gc,cpu         ] GC(2480) User=0.06s Sys=0.00s Real=0.03s
[686.471s][info][gc,start       ] GC(2481) Pause Young (Allocation Failure)
[686.508s][info][gc,heap        ] GC(2481) PSYoungGen: 207936K(256000K)->27552K(258560K) Eden: 191488K(191488K)->0K(191488K) From: 16448K(64512K)->27552K(67072K)
[686.508s][info][gc,heap        ] GC(2481) ParOldGen: 421168K(667648K)->437669K(667648K)
[686.508s][info][gc,metaspace   ] GC(2481) Metaspace: 19130K(19264K)->19130K(19264K) NonClass: 16469K(16512K)->16469K(16512K) Class: 2661K(2752K)->2661K(2752K)
[686.508s][info][gc             ] GC(2481) Pause Young (Allocation Failure) 614M->454M(904M) 37.673ms
[686.508s][info][gc,cpu         ] GC(2481) User=0.07s Sys=0.00s Real=0.04s
[686.727s][info][gc,start       ] GC(2482) Pause Young (Allocation Failure)
[686.786s][info][gc,heap        ] GC(2482) PSYoungGen: 219040K(258560K)->52640K(256000K) Eden: 191488K(191488K)->0K(191488K) From: 27552K(67072K)->52640K(64512K)
[686.786s][info][gc,heap        ] GC(2482) ParOldGen: 437669K(667648K)->465493K(667648K)
[686.786s][info][gc,metaspace   ] GC(2482) Metaspace: 19130K(19264K)->19130K(19264K) NonClass: 16469K(16512K)->16469K(16512K) Class: 2661K(2752K)->2661K(2752K)
[686.786s][info][gc             ] GC(2482) Pause Young (Allocation Failure) 641M->505M(902M) 59.435ms
[686.786s][info][gc,cpu         ] GC(2482) User=0.11s Sys=0.01s Real=0.05s
[687.031s][info][gc,start       ] GC(2483) Pause Young (Allocation Failure)
[687.112s][info][gc,heap        ] GC(2483) PSYoungGen: 244128K(256000K)->28703K(262656K) Eden: 191488K(191488K)->0K(191488K) From: 52640K(64512K)->28703K(71168K)
[687.112s][info][gc,heap        ] GC(2483) ParOldGen: 465493K(667648K)->518730K(667648K)
[687.112s][info][gc,metaspace   ] GC(2483) Metaspace: 19130K(19264K)->19130K(19264K) NonClass: 16469K(16512K)->16469K(16512K) Class: 2661K(2752K)->2661K(2752K)
[687.112s][info][gc             ] GC(2483) Pause Young (Allocation Failure) 692M->534M(908M) 81.116ms
[687.112s][info][gc,cpu         ] GC(2483) User=0.16s Sys=0.00s Real=0.08s
[687.344s][info][gc,start       ] GC(2484) Pause Young (Allocation Failure)
[687.416s][info][gc,heap        ] GC(2484) PSYoungGen: 220191K(262656K)->29600K(253440K) Eden: 191488K(191488K)->0K(195072K) From: 28703K(71168K)->29600K(58368K)
[687.416s][info][gc,heap        ] GC(2484) ParOldGen: 518730K(667648K)->547464K(667648K)
[687.416s][info][gc,metaspace   ] GC(2484) Metaspace: 19130K(19264K)->19130K(19264K) NonClass: 16469K(16512K)->16469K(16512K) Class: 2661K(2752K)->2661K(2752K)
[687.416s][info][gc             ] GC(2484) Pause Young (Allocation Failure) 721M->563M(899M) 72.336ms
[687.416s][info][gc,cpu         ] GC(2484) User=0.14s Sys=0.00s Real=0.08s
[687.611s][info][gc,start       ] GC(2485) Pause Young (Allocation Failure)
[687.654s][info][gc,heap        ] GC(2485) PSYoungGen: 224672K(253440K)->1600K(259584K) Eden: 195072K(195072K)->0K(195072K) From: 29600K(58368K)->1600K(64512K)
[687.654s][info][gc,heap        ] GC(2485) ParOldGen: 547464K(667648K)->577088K(667648K)
[687.654s][info][gc,metaspace   ] GC(2485) Metaspace: 19130K(19264K)->19130K(19264K) NonClass: 16469K(16512K)->16469K(16512K) Class: 2661K(2752K)->2661K(2752K)
[687.654s][info][gc             ] GC(2485) Pause Young (Allocation Failure) 754M->565M(905M) 42.780ms
[687.654s][info][gc,cpu         ] GC(2485) User=0.09s Sys=0.00s Real=0.04s
[687.893s][info][gc,start       ] GC(2486) Pause Young (Allocation Failure)
[687.912s][info][gc,heap        ] GC(2486) PSYoungGen: 196672K(259584K)->10322K(266752K) Eden: 195072K(195072K)->0K(204288K) From: 1600K(64512K)->10322K(62464K)
[687.912s][info][gc,heap        ] GC(2486) ParOldGen: 577088K(667648K)->578664K(667648K)
[687.912s][info][gc,metaspace   ] GC(2486) Metaspace: 19130K(19264K)->19130K(19264K) NonClass: 16469K(16512K)->16469K(16512K) Class: 2661K(2752K)->2661K(2752K)
[687.912s][info][gc             ] GC(2486) Pause Young (Allocation Failure) 755M->575M(912M) 18.736ms
[687.912s][info][gc,cpu         ] GC(2486) User=0.04s Sys=0.00s Real=0.02s
[688.009s][info][gc,start       ] GC(2487) Pause Young (Allocation Failure)
[688.079s][info][gc,heap        ] GC(2487) PSYoungGen: 214610K(266752K)->63488K(267776K) Eden: 204288K(204288K)->0K(204288K) From: 10322K(62464K)->63488K(63488K)
[688.079s][info][gc,heap        ] GC(2487) ParOldGen: 578664K(667648K)->600925K(667648K)
[688.079s][info][gc,metaspace   ] GC(2487) Metaspace: 19130K(19264K)->19130K(19264K) NonClass: 16469K(16512K)->16469K(16512K) Class: 2661K(2752K)->2661K(2752K)
[688.079s][info][gc             ] GC(2487) Pause Young (Allocation Failure) 774M->648M(913M) 70.205ms
[688.079s][info][gc,cpu         ] GC(2487) User=0.14s Sys=0.00s Real=0.07s
[688.346s][info][gc,start       ] GC(2488) Pause Young (Allocation Failure)
[688.444s][info][gc,heap        ] GC(2488) PSYoungGen: 267776K(267776K)->25840K(244224K) Eden: 204288K(204288K)->0K(178176K) From: 63488K(63488K)->25840K(66048K)
[688.444s][info][gc,heap        ] GC(2488) ParOldGen: 600925K(667648K)->665086K(667648K)
[688.444s][info][gc,metaspace   ] GC(2488) Metaspace: 19130K(19264K)->19130K(19264K) NonClass: 16469K(16512K)->16469K(16512K) Class: 2661K(2752K)->2661K(2752K)
[688.444s][info][gc             ] GC(2488) Pause Young (Allocation Failure) 848M->674M(890M) 98.575ms
[688.444s][info][gc,cpu         ] GC(2488) User=0.16s Sys=0.03s Real=0.10s
[688.755s][info][gc,start       ] GC(2489) Pause Full (Allocation Failure)
[688.755s][info][gc,phases,start] GC(2489) Marking Phase
[689.142s][info][gc,phases      ] GC(2489) Marking Phase 386.715ms
[689.142s][info][gc,phases,start] GC(2489) Summary Phase
[689.142s][info][gc,phases      ] GC(2489) Summary Phase 0.039ms
[689.142s][info][gc,phases,start] GC(2489) Forward
[689.281s][info][gc,phases      ] GC(2489) Forward 138.921ms
[689.281s][info][gc,phases,start] GC(2489) Adjust Pointers
[689.583s][info][gc,phases      ] GC(2489) Adjust Pointers 301.277ms
[689.583s][info][gc,phases,start] GC(2489) Compaction Phase
[689.758s][info][gc,phases      ] GC(2489) Compaction Phase 175.860ms
[689.771s][info][gc,phases,start] GC(2489) Post Compact
[689.774s][info][gc,phases      ] GC(2489) Post Compact 2.523ms
[689.774s][info][gc,heap        ] GC(2489) PSYoungGen: 204016K(244224K)->0K(256000K) Eden: 178176K(178176K)->0K(178176K) From: 25840K(66048K)->0K(77824K)
[689.774s][info][gc,heap        ] GC(2489) ParOldGen: 665086K(667648K)->512601K(667648K)
[689.774s][info][gc,metaspace   ] GC(2489) Metaspace: 19130K(19264K)->19130K(19264K) NonClass: 16469K(16512K)->16469K(16512K) Class: 2661K(2752K)->2661K(2752K)
[689.774s][info][gc             ] GC(2489) Pause Full (Allocation Failure) 848M->500M(902M) 1018.623ms
[689.774s][info][gc,cpu         ] GC(2489) User=1.92s Sys=0.01s Real=1.02s
[689.945s][info][gc,start       ] GC(2490) Pause Young (Allocation Failure)
[689.958s][info][gc,heap        ] GC(2490) PSYoungGen: 178176K(256000K)->7552K(253952K) Eden: 178176K(178176K)->0K(178176K) From: 0K(77824K)->7552K(75776K)
[689.958s][info][gc,heap        ] GC(2490) ParOldGen: 512601K(667648K)->512601K(667648K)
[689.958s][info][gc,metaspace   ] GC(2490) Metaspace: 19130K(19264K)->19130K(19264K) NonClass: 16469K(16512K)->16469K(16512K) Class: 2661K(2752K)->2661K(2752K)
[689.958s][info][gc             ] GC(2490) Pause Young (Allocation Failure) 674M->507M(900M) 13.038ms
[689.958s][info][gc,cpu         ] GC(2490) User=0.03s Sys=0.00s Real=0.02s
[690.167s][info][gc,start       ] GC(2491) Pause Young (Allocation Failure)
[690.186s][info][gc,heap        ] GC(2491) PSYoungGen: 185728K(253952K)->4512K(254976K) Eden: 178176K(178176K)->0K(178176K) From: 7552K(75776K)->4512K(76800K)
[690.186s][info][gc,heap        ] GC(2491) ParOldGen: 512601K(667648K)->520153K(667648K)
[690.186s][info][gc,metaspace   ] GC(2491) Metaspace: 19130K(19264K)->19130K(19264K) NonClass: 16469K(16512K)->16469K(16512K) Class: 2661K(2752K)->2661K(2752K)
[690.186s][info][gc             ] GC(2491) Pause Young (Allocation Failure) 681M->512M(901M) 18.749ms
[690.186s][info][gc,cpu         ] GC(2491) User=0.04s Sys=0.00s Real=0.01s
[690.483s][info][gc,start       ] GC(2492) Pause Young (Allocation Failure)
[690.505s][info][gc,heap        ] GC(2492) PSYoungGen: 182688K(254976K)->14304K(251392K) Eden: 178176K(178176K)->0K(181760K) From: 4512K(76800K)->14304K(69632K)
[690.505s][info][gc,heap        ] GC(2492) ParOldGen: 520153K(667648K)->524649K(667648K)
[690.505s][info][gc,metaspace   ] GC(2492) Metaspace: 19130K(19264K)->19130K(19264K) NonClass: 16469K(16512K)->16469K(16512K) Class: 2661K(2752K)->2661K(2752K)
[690.505s][info][gc             ] GC(2492) Pause Young (Allocation Failure) 686M->526M(897M) 21.650ms
[690.505s][info][gc,cpu         ] GC(2492) User=0.04s Sys=0.00s Real=0.02s
[690.954s][info][gc,start       ] GC(2493) Pause Young (Allocation Failure)
[690.984s][info][gc,heap        ] GC(2493) PSYoungGen: 196064K(251392K)->26704K(253952K) Eden: 181760K(181760K)->0K(181760K) From: 14304K(69632K)->26704K(72192K)
[690.984s][info][gc,heap        ] GC(2493) ParOldGen: 524649K(667648K)->524649K(667648K)
[690.984s][info][gc,metaspace   ] GC(2493) Metaspace: 19130K(19264K)->19130K(19264K) NonClass: 16469K(16512K)->16469K(16512K) Class: 2661K(2752K)->2661K(2752K)
[690.985s][info][gc             ] GC(2493) Pause Young (Allocation Failure) 703M->538M(900M) 30.018ms
[690.985s][info][gc,cpu         ] GC(2493) User=0.06s Sys=0.00s Real=0.03s
[691.433s][info][gc,start       ] GC(2494) Pause Young (Allocation Failure)
[691.460s][info][gc,heap        ] GC(2494) PSYoungGen: 208464K(253952K)->26736K(255488K) Eden: 181760K(181760K)->0K(193024K) From: 26704K(72192K)->26736K(62464K)
[691.460s][info][gc,heap        ] GC(2494) ParOldGen: 524649K(667648K)->524649K(667648K)
[691.460s][info][gc,metaspace   ] GC(2494) Metaspace: 19132K(19264K)->19132K(19264K) NonClass: 16471K(16512K)->16471K(16512K) Class: 2661K(2752K)->2661K(2752K)
[691.460s][info][gc             ] GC(2494) Pause Young (Allocation Failure) 715M->538M(901M) 27.567ms
[691.460s][info][gc,cpu         ] GC(2494) User=0.06s Sys=0.00s Real=0.03s
[691.919s][info][gc,start       ] GC(2495) Pause Young (Allocation Failure)
[691.952s][info][gc,heap        ] GC(2495) PSYoungGen: 219760K(255488K)->26720K(258048K) Eden: 193024K(193024K)->0K(193024K) From: 26736K(62464K)->26720K(65024K)
[691.952s][info][gc,heap        ] GC(2495) ParOldGen: 524649K(667648K)->524649K(667648K)
[691.952s][info][gc,metaspace   ] GC(2495) Metaspace: 19132K(19264K)->19132K(19264K) NonClass: 16471K(16512K)->16471K(16512K) Class: 2661K(2752K)->2661K(2752K)
[691.952s][info][gc             ] GC(2495) Pause Young (Allocation Failure) 726M->538M(904M) 33.139ms
[691.952s][info][gc,cpu         ] GC(2495) User=0.06s Sys=0.00s Real=0.03s
[692.393s][info][gc,start       ] GC(2496) Pause Young (Allocation Failure)
[692.430s][info][gc,heap        ] GC(2496) PSYoungGen: 219744K(258048K)->27024K(264192K) Eden: 193024K(193024K)->0K(206848K) From: 26720K(65024K)->27024K(57344K)
[692.430s][info][gc,heap        ] GC(2496) ParOldGen: 524649K(667648K)->524649K(667648K)
[692.430s][info][gc,metaspace   ] GC(2496) Metaspace: 19132K(19264K)->19132K(19264K) NonClass: 16471K(16512K)->16471K(16512K) Class: 2661K(2752K)->2661K(2752K)
[692.430s][info][gc             ] GC(2496) Pause Young (Allocation Failure) 726M->538M(910M) 36.569ms
[692.430s][info][gc,cpu         ] GC(2496) User=0.07s Sys=0.00s Real=0.04s
[692.633s][info][gc,start       ] GC(2497) Pause Young (Allocation Failure)
[692.703s][info][gc,heap        ] GC(2497) PSYoungGen: 233872K(264192K)->59376K(266240K) Eden: 206848K(206848K)->0K(206848K) From: 27024K(57344K)->59376K(59392K)
[692.703s][info][gc,heap        ] GC(2497) ParOldGen: 524649K(667648K)->551161K(667648K)
[692.703s][info][gc,metaspace   ] GC(2497) Metaspace: 19132K(19264K)->19132K(19264K) NonClass: 16471K(16512K)->16471K(16512K) Class: 2661K(2752K)->2661K(2752K)
[692.704s][info][gc             ] GC(2497) Pause Young (Allocation Failure) 740M->596M(912M) 70.192ms
[692.704s][info][gc,cpu         ] GC(2497) User=0.14s Sys=0.00s Real=0.07s
[693.013s][info][gc,start       ] GC(2498) Pause Young (Allocation Failure)
[693.084s][info][gc,heap        ] GC(2498) PSYoungGen: 266224K(266240K)->50544K(239616K) Eden: 206848K(206848K)->0K(172032K) From: 59376K(59392K)->50544K(67584K)
[693.084s][info][gc,heap        ] GC(2498) ParOldGen: 551161K(667648K)->577882K(667648K)
[693.084s][info][gc,metaspace   ] GC(2498) Metaspace: 19132K(19264K)->19132K(19264K) NonClass: 16471K(16512K)->16471K(16512K) Class: 2661K(2752K)->2661K(2752K)
[693.084s][info][gc             ] GC(2498) Pause Young (Allocation Failure) 798M->613M(886M) 70.417ms
[693.084s][info][gc,cpu         ] GC(2498) User=0.14s Sys=0.00s Real=0.07s
[693.299s][info][gc,start       ] GC(2499) Pause Young (Allocation Failure)
[693.396s][info][gc,heap        ] GC(2499) PSYoungGen: 222576K(239616K)->80880K(252928K) Eden: 172032K(172032K)->0K(172032K) From: 50544K(67584K)->80880K(80896K)
[693.396s][info][gc,heap        ] GC(2499) ParOldGen: 577882K(667648K)->589202K(667648K)
[693.396s][info][gc,metaspace   ] GC(2499) Metaspace: 19132K(19264K)->19132K(19264K) NonClass: 16471K(16512K)->16471K(16512K) Class: 2661K(2752K)->2661K(2752K)
[693.396s][info][gc             ] GC(2499) Pause Young (Allocation Failure) 781M->654M(899M) 97.499ms
[693.396s][info][gc,cpu         ] GC(2499) User=0.20s Sys=0.00s Real=0.10s
[693.578s][info][gc,start       ] GC(2500) Pause Young (Allocation Failure)
[693.707s][info][gc,heap        ] GC(2500) PSYoungGen: 252912K(252928K)->80880K(192512K) Eden: 172032K(172032K)->0K(111616K) From: 80880K(80896K)->80880K(80896K)
[693.707s][info][gc,heap        ] GC(2500) ParOldGen: 589202K(667648K)->604154K(667648K)
[693.707s][info][gc,metaspace   ] GC(2500) Metaspace: 19132K(19264K)->19132K(19264K) NonClass: 16471K(16512K)->16471K(16512K) Class: 2661K(2752K)->2661K(2752K)
[693.707s][info][gc             ] GC(2500) Pause Young (Allocation Failure) 822M->668M(840M) 128.719ms
[693.707s][info][gc,cpu         ] GC(2500) User=0.24s Sys=0.01s Real=0.13s
[693.831s][info][gc,start       ] GC(2501) Pause Young (Allocation Failure)
[693.931s][info][gc,heap        ] GC(2501) PSYoungGen: 192496K(192512K)->49024K(222720K) Eden: 111616K(111616K)->0K(111616K) From: 80880K(80896K)->49024K(111104K)
[693.931s][info][gc,heap        ] GC(2501) ParOldGen: 604154K(667648K)->637059K(667648K)
[693.931s][info][gc,metaspace   ] GC(2501) Metaspace: 19132K(19264K)->19132K(19264K) NonClass: 16471K(16512K)->16471K(16512K) Class: 2661K(2752K)->2661K(2752K)
[693.931s][info][gc             ] GC(2501) Pause Young (Allocation Failure) 777M->670M(869M) 100.269ms
[693.931s][info][gc,cpu         ] GC(2501) User=0.20s Sys=0.00s Real=0.10s
[694.051s][info][gc,start       ] GC(2502) Pause Full (Allocation Failure)
[694.051s][info][gc,phases,start] GC(2502) Marking Phase
[694.427s][info][gc,phases      ] GC(2502) Marking Phase 376.432ms
[694.427s][info][gc,phases,start] GC(2502) Summary Phase
[694.427s][info][gc,phases      ] GC(2502) Summary Phase 0.028ms
[694.427s][info][gc,phases,start] GC(2502) Forward
[694.576s][info][gc,phases      ] GC(2502) Forward 149.037ms
[694.577s][info][gc,phases,start] GC(2502) Adjust Pointers
[694.859s][info][gc,phases      ] GC(2502) Adjust Pointers 282.079ms
[694.859s][info][gc,phases,start] GC(2502) Compaction Phase
[695.027s][info][gc,phases      ] GC(2502) Compaction Phase 168.179ms
[695.038s][info][gc,phases,start] GC(2502) Post Compact
[695.040s][info][gc,phases      ] GC(2502) Post Compact 2.282ms
[695.040s][info][gc,heap        ] GC(2502) PSYoungGen: 160640K(222720K)->0K(220160K) Eden: 111616K(111616K)->0K(114176K) From: 49024K(111104K)->0K(105984K)
[695.040s][info][gc,heap        ] GC(2502) ParOldGen: 637059K(667648K)->515166K(667648K)
[695.040s][info][gc,metaspace   ] GC(2502) Metaspace: 19132K(19264K)->19132K(19264K) NonClass: 16471K(16512K)->16471K(16512K) Class: 2661K(2752K)->2661K(2752K)
[695.040s][info][gc             ] GC(2502) Pause Full (Allocation Failure) 779M->503M(867M) 989.576ms
[695.040s][info][gc,cpu         ] GC(2502) User=1.85s Sys=0.00s Real=0.99s
[695.185s][info][gc,start       ] GC(2503) Pause Young (Allocation Failure)
[695.195s][info][gc,heap        ] GC(2503) PSYoungGen: 114176K(220160K)->8411K(222720K) Eden: 114176K(114176K)->0K(114176K) From: 0K(105984K)->8411K(108544K)
[695.195s][info][gc,heap        ] GC(2503) ParOldGen: 515166K(667648K)->515166K(667648K)
[695.195s][info][gc,metaspace   ] GC(2503) Metaspace: 19132K(19264K)->19132K(19264K) NonClass: 16471K(16512K)->16471K(16512K) Class: 2661K(2752K)->2661K(2752K)
[695.195s][info][gc             ] GC(2503) Pause Young (Allocation Failure) 614M->511M(869M) 9.945ms
[695.195s][info][gc,cpu         ] GC(2503) User=0.02s Sys=0.00s Real=0.01s
[695.312s][info][gc,start       ] GC(2504) Pause Young (Allocation Failure)
[695.336s][info][gc,heap        ] GC(2504) PSYoungGen: 122587K(222720K)->22716K(217600K) Eden: 114176K(114176K)->0K(117248K) From: 8411K(108544K)->22716K(100352K)
[695.336s][info][gc,heap        ] GC(2504) ParOldGen: 515166K(667648K)->515166K(667648K)
[695.336s][info][gc,metaspace   ] GC(2504) Metaspace: 19132K(19264K)->19132K(19264K) NonClass: 16471K(16512K)->16471K(16512K) Class: 2661K(2752K)->2661K(2752K)
[695.336s][info][gc             ] GC(2504) Pause Young (Allocation Failure) 622M->525M(864M) 23.826ms
[695.336s][info][gc,cpu         ] GC(2504) User=0.04s Sys=0.01s Real=0.02s
[695.426s][info][gc,start       ] GC(2505) Pause Young (Allocation Failure)
[695.474s][info][gc,heap        ] GC(2505) PSYoungGen: 139964K(217600K)->24112K(221696K) Eden: 117248K(117248K)->0K(117248K) From: 22716K(100352K)->24112K(104448K)
[695.474s][info][gc,heap        ] GC(2505) ParOldGen: 515166K(667648K)->537915K(667648K)
[695.474s][info][gc,metaspace   ] GC(2505) Metaspace: 19132K(19264K)->19132K(19264K) NonClass: 16471K(16512K)->16471K(16512K) Class: 2661K(2752K)->2661K(2752K)
[695.474s][info][gc             ] GC(2505) Pause Young (Allocation Failure) 639M->548M(868M) 48.104ms
[695.474s][info][gc,cpu         ] GC(2505) User=0.10s Sys=0.00s Real=0.04s
[695.604s][info][gc,start       ] GC(2506) Pause Young (Allocation Failure)
[695.643s][info][gc,heap        ] GC(2506) PSYoungGen: 141360K(221696K)->23872K(220672K) Eden: 117248K(117248K)->0K(128512K) From: 24112K(104448K)->23872K(92160K)
[695.643s][info][gc,heap        ] GC(2506) ParOldGen: 537915K(667648K)->556851K(667648K)
[695.643s][info][gc,metaspace   ] GC(2506) Metaspace: 19132K(19264K)->19132K(19264K) NonClass: 16471K(16512K)->16471K(16512K) Class: 2661K(2752K)->2661K(2752K)
[695.643s][info][gc             ] GC(2506) Pause Young (Allocation Failure) 663M->567M(867M) 39.082ms
[695.643s][info][gc,cpu         ] GC(2506) User=0.08s Sys=0.00s Real=0.04s
[695.816s][info][gc,start       ] GC(2507) Pause Young (Allocation Failure)
[695.848s][info][gc,heap        ] GC(2507) PSYoungGen: 152384K(220672K)->14688K(225280K) Eden: 128512K(128512K)->0K(128512K) From: 23872K(92160K)->14688K(96768K)
[695.848s][info][gc,heap        ] GC(2507) ParOldGen: 556851K(667648K)->575051K(667648K)
[695.848s][info][gc,metaspace   ] GC(2507) Metaspace: 19132K(19264K)->19132K(19264K) NonClass: 16471K(16512K)->16471K(16512K) Class: 2661K(2752K)->2661K(2752K)
[695.848s][info][gc             ] GC(2507) Pause Young (Allocation Failure) 692M->575M(872M) 32.227ms
[695.848s][info][gc,cpu         ] GC(2507) User=0.07s Sys=0.00s Real=0.04s
[696.016s][info][gc,start       ] GC(2508) Pause Young (Allocation Failure)
[696.040s][info][gc,heap        ] GC(2508) PSYoungGen: 143200K(225280K)->4416K(233984K) Eden: 128512K(128512K)->0K(142336K) From: 14688K(96768K)->4416K(91648K)
[696.040s][info][gc,heap        ] GC(2508) ParOldGen: 575051K(667648K)->589739K(667648K)
[696.040s][info][gc,metaspace   ] GC(2508) Metaspace: 19132K(19264K)->19132K(19264K) NonClass: 16471K(16512K)->16471K(16512K) Class: 2661K(2752K)->2661K(2752K)
[696.040s][info][gc             ] GC(2508) Pause Young (Allocation Failure) 701M->580M(880M) 24.548ms
[696.040s][info][gc,cpu         ] GC(2508) User=0.05s Sys=0.00s Real=0.03s
[696.387s][info][gc,start       ] GC(2509) Pause Young (Allocation Failure)
[696.395s][info][gc,heap        ] GC(2509) PSYoungGen: 146752K(233984K)->1344K(236032K) Eden: 142336K(142336K)->0K(142336K) From: 4416K(91648K)->1344K(93696K)
[696.395s][info][gc,heap        ] GC(2509) ParOldGen: 589739K(667648K)->593915K(667648K)
[696.395s][info][gc,metaspace   ] GC(2509) Metaspace: 19132K(19264K)->19132K(19264K) NonClass: 16471K(16512K)->16471K(16512K) Class: 2661K(2752K)->2661K(2752K)
[696.395s][info][gc             ] GC(2509) Pause Young (Allocation Failure) 719M->581M(882M) 8.484ms
[696.395s][info][gc,cpu         ] GC(2509) User=0.02s Sys=0.00s Real=0.00s
[696.569s][info][gc,start       ] GC(2510) Pause Young (Allocation Failure)
[696.586s][info][gc,heap        ] GC(2510) PSYoungGen: 143680K(236032K)->14480K(230912K) Eden: 142336K(142336K)->0K(147456K) From: 1344K(93696K)->14480K(83456K)
[696.586s][info][gc,heap        ] GC(2510) ParOldGen: 593915K(667648K)->595232K(667648K)
[696.586s][info][gc,metaspace   ] GC(2510) Metaspace: 19134K(19264K)->19134K(19264K) NonClass: 16473K(16512K)->16473K(16512K) Class: 2661K(2752K)->2661K(2752K)
[696.586s][info][gc             ] GC(2510) Pause Young (Allocation Failure) 720M->595M(877M) 17.031ms
[696.586s][info][gc,cpu         ] GC(2510) User=0.03s Sys=0.00s Real=0.02s
[696.739s][info][gc,start       ] GC(2511) Pause Young (Allocation Failure)
[696.780s][info][gc,heap        ] GC(2511) PSYoungGen: 161936K(230912K)->46208K(236032K) Eden: 147456K(147456K)->0K(147456K) From: 14480K(83456K)->46208K(88576K)
[696.780s][info][gc,heap        ] GC(2511) ParOldGen: 595232K(667648K)->595232K(667648K)
[696.780s][info][gc,metaspace   ] GC(2511) Metaspace: 19134K(19264K)->19134K(19264K) NonClass: 16473K(16512K)->16473K(16512K) Class: 2661K(2752K)->2661K(2752K)
[696.780s][info][gc             ] GC(2511) Pause Young (Allocation Failure) 739M->626M(882M) 40.910ms
[696.780s][info][gc,cpu         ] GC(2511) User=0.08s Sys=0.00s Real=0.04s
[696.977s][info][gc,start       ] GC(2512) Pause Young (Allocation Failure)
[697.039s][info][gc,heap        ] GC(2512) PSYoungGen: 193664K(236032K)->73392K(223744K) Eden: 147456K(147456K)->0K(134144K) From: 46208K(88576K)->73392K(89600K)
[697.039s][info][gc,heap        ] GC(2512) ParOldGen: 595232K(667648K)->609752K(667648K)
[697.039s][info][gc,metaspace   ] GC(2512) Metaspace: 19134K(19264K)->19134K(19264K) NonClass: 16473K(16512K)->16473K(16512K) Class: 2661K(2752K)->2661K(2752K)
[697.039s][info][gc             ] GC(2512) Pause Young (Allocation Failure) 770M->667M(870M) 61.732ms
[697.039s][info][gc,cpu         ] GC(2512) User=0.12s Sys=0.00s Real=0.06s
[697.199s][info][gc,start       ] GC(2513) Pause Young (Allocation Failure)
[697.249s][info][gc,heap        ] GC(2513) PSYoungGen: 207536K(223744K)->44736K(233984K) Eden: 134144K(134144K)->0K(134144K) From: 73392K(89600K)->44736K(99840K)
[697.249s][info][gc,heap        ] GC(2513) ParOldGen: 609752K(667648K)->641880K(667648K)
[697.249s][info][gc,metaspace   ] GC(2513) Metaspace: 19134K(19264K)->19134K(19264K) NonClass: 16473K(16512K)->16473K(16512K) Class: 2661K(2752K)->2661K(2752K)
[697.249s][info][gc             ] GC(2513) Pause Young (Allocation Failure) 798M->670M(880M) 49.352ms
[697.249s][info][gc,cpu         ] GC(2513) User=0.10s Sys=0.00s Real=0.05s
[697.424s][info][gc,start       ] GC(2514) Pause Full (Allocation Failure)
[697.424s][info][gc,phases,start] GC(2514) Marking Phase
[697.789s][info][gc,phases      ] GC(2514) Marking Phase 365.216ms
[697.789s][info][gc,phases,start] GC(2514) Summary Phase
[697.789s][info][gc,phases      ] GC(2514) Summary Phase 0.029ms
[697.789s][info][gc,phases,start] GC(2514) Forward
[697.878s][info][gc,phases      ] GC(2514) Forward 88.519ms
[697.878s][info][gc,phases,start] GC(2514) Adjust Pointers
[698.138s][info][gc,phases      ] GC(2514) Adjust Pointers 259.632ms
[698.138s][info][gc,phases,start] GC(2514) Compaction Phase
[698.282s][info][gc,phases      ] GC(2514) Compaction Phase 143.864ms
[698.290s][info][gc,phases,start] GC(2514) Post Compact
[698.292s][info][gc,phases      ] GC(2514) Post Compact 2.345ms
[698.292s][info][gc,heap        ] GC(2514) PSYoungGen: 178880K(233984K)->0K(231424K) Eden: 134144K(134144K)->0K(136704K) From: 44736K(99840K)->0K(94720K)
[698.292s][info][gc,heap        ] GC(2514) ParOldGen: 641880K(667648K)->491000K(667648K)
[698.292s][info][gc,metaspace   ] GC(2514) Metaspace: 19134K(19264K)->19134K(19264K) NonClass: 16473K(16512K)->16473K(16512K) Class: 2661K(2752K)->2661K(2752K)
[698.292s][info][gc             ] GC(2514) Pause Full (Allocation Failure) 801M->479M(878M) 868.076ms
[698.292s][info][gc,cpu         ] GC(2514) User=1.66s Sys=0.00s Real=0.87s
[698.448s][info][gc,start       ] GC(2515) Pause Young (Allocation Failure)
[698.471s][info][gc,heap        ] GC(2515) PSYoungGen: 136704K(231424K)->19808K(233984K) Eden: 136704K(136704K)->0K(136704K) From: 0K(94720K)->19808K(97280K)
[698.471s][info][gc,heap        ] GC(2515) ParOldGen: 491000K(667648K)->491000K(667648K)
[698.471s][info][gc,metaspace   ] GC(2515) Metaspace: 19134K(19264K)->19134K(19264K) NonClass: 16473K(16512K)->16473K(16512K) Class: 2661K(2752K)->2661K(2752K)
[698.471s][info][gc             ] GC(2515) Pause Young (Allocation Failure) 612M->498M(880M) 23.174ms
[698.471s][info][gc,cpu         ] GC(2515) User=0.04s Sys=0.00s Real=0.02s
[698.586s][info][gc,start       ] GC(2516) Pause Young (Allocation Failure)
[698.610s][info][gc,heap        ] GC(2516) PSYoungGen: 156512K(233984K)->20448K(229376K) Eden: 136704K(136704K)->0K(142848K) From: 19808K(97280K)->20448K(86528K)
[698.610s][info][gc,heap        ] GC(2516) ParOldGen: 491000K(667648K)->491000K(667648K)
[698.610s][info][gc,metaspace   ] GC(2516) Metaspace: 19134K(19264K)->19134K(19264K) NonClass: 16473K(16512K)->16473K(16512K) Class: 2661K(2752K)->2661K(2752K)
[698.610s][info][gc             ] GC(2516) Pause Young (Allocation Failure) 632M->499M(876M) 23.586ms
[698.610s][info][gc,cpu         ] GC(2516) User=0.05s Sys=0.01s Real=0.03s
[698.765s][info][gc,start       ] GC(2517) Pause Young (Allocation Failure)
[698.793s][info][gc,heap        ] GC(2517) PSYoungGen: 163296K(229376K)->24576K(232448K) Eden: 142848K(142848K)->0K(142848K) From: 20448K(86528K)->24576K(89600K)
[698.793s][info][gc,heap        ] GC(2517) ParOldGen: 491000K(667648K)->491000K(667648K)
[698.793s][info][gc,metaspace   ] GC(2517) Metaspace: 19134K(19264K)->19134K(19264K) NonClass: 16473K(16512K)->16473K(16512K) Class: 2661K(2752K)->2661K(2752K)
[698.793s][info][gc             ] GC(2517) Pause Young (Allocation Failure) 638M->503M(879M) 28.047ms
[698.793s][info][gc,cpu         ] GC(2517) User=0.05s Sys=0.00s Real=0.03s
[698.990s][info][gc,start       ] GC(2518) Pause Young (Allocation Failure)
[699.027s][info][gc,heap        ] GC(2518) PSYoungGen: 167424K(232448K)->34208K(232448K) Eden: 142848K(142848K)->0K(155648K) From: 24576K(89600K)->34208K(76800K)
[699.027s][info][gc,heap        ] GC(2518) ParOldGen: 491000K(667648K)->491000K(667648K)
[699.027s][info][gc,metaspace   ] GC(2518) Metaspace: 19134K(19264K)->19134K(19264K) NonClass: 16473K(16512K)->16473K(16512K) Class: 2661K(2752K)->2661K(2752K)
[699.027s][info][gc             ] GC(2518) Pause Young (Allocation Failure) 642M->512M(879M) 36.224ms
[699.027s][info][gc,cpu         ] GC(2518) User=0.07s Sys=0.00s Real=0.04s
[699.274s][info][gc,start       ] GC(2519) Pause Young (Allocation Failure)
[699.327s][info][gc,heap        ] GC(2519) PSYoungGen: 189856K(232448K)->51408K(236544K) Eden: 155648K(155648K)->0K(155648K) From: 34208K(76800K)->51408K(80896K)
[699.327s][info][gc,heap        ] GC(2519) ParOldGen: 491000K(667648K)->491000K(667648K)
[699.327s][info][gc,metaspace   ] GC(2519) Metaspace: 19134K(19264K)->19134K(19264K) NonClass: 16473K(16512K)->16473K(16512K) Class: 2661K(2752K)->2661K(2752K)
[699.327s][info][gc             ] GC(2519) Pause Young (Allocation Failure) 664M->529M(883M) 52.907ms
[699.327s][info][gc,cpu         ] GC(2519) User=0.11s Sys=0.00s Real=0.06s
[699.753s][info][gc,start       ] GC(2520) Pause Young (Allocation Failure)
[699.812s][info][gc,heap        ] GC(2520) PSYoungGen: 207056K(236544K)->51728K(246272K) Eden: 155648K(155648K)->0K(162816K) From: 51408K(80896K)->51728K(83456K)
[699.812s][info][gc,heap        ] GC(2520) ParOldGen: 491000K(667648K)->491000K(667648K)
[699.812s][info][gc,metaspace   ] GC(2520) Metaspace: 19134K(19264K)->19134K(19264K) NonClass: 16473K(16512K)->16473K(16512K) Class: 2661K(2752K)->2661K(2752K)
[699.812s][info][gc             ] GC(2520) Pause Young (Allocation Failure) 681M->530M(892M) 59.161ms
[699.812s][info][gc,cpu         ] GC(2520) User=0.12s Sys=0.00s Real=0.06s
[700.045s][info][gc,start       ] GC(2521) Pause Young (Allocation Failure)
[700.125s][info][gc,heap        ] GC(2521) PSYoungGen: 214544K(246272K)->85488K(248320K) Eden: 162816K(162816K)->0K(162816K) From: 51728K(83456K)->85488K(85504K)
[700.125s][info][gc,heap        ] GC(2521) ParOldGen: 491000K(667648K)->497176K(667648K)
[700.125s][info][gc,metaspace   ] GC(2521) Metaspace: 19134K(19264K)->19134K(19264K) NonClass: 16473K(16512K)->16473K(16512K) Class: 2661K(2752K)->2661K(2752K)
[700.125s][info][gc             ] GC(2521) Pause Young (Allocation Failure) 689M->569M(894M) 79.513ms
[700.125s][info][gc,cpu         ] GC(2521) User=0.16s Sys=0.00s Real=0.08s
[700.336s][info][gc,start       ] GC(2522) Pause Young (Allocation Failure)
[700.433s][info][gc,heap        ] GC(2522) PSYoungGen: 248304K(248320K)->76160K(202240K) Eden: 162816K(162816K)->0K(116736K) From: 85488K(85504K)->76160K(85504K)
[700.433s][info][gc,heap        ] GC(2522) ParOldGen: 497176K(667648K)->517648K(667648K)
[700.433s][info][gc,metaspace   ] GC(2522) Metaspace: 19134K(19264K)->19134K(19264K) NonClass: 16473K(16512K)->16473K(16512K) Class: 2661K(2752K)->2661K(2752K)
[700.433s][info][gc             ] GC(2522) Pause Young (Allocation Failure) 728M->579M(849M) 96.416ms
[700.433s][info][gc,cpu         ] GC(2522) User=0.18s Sys=0.01s Real=0.09s
[700.627s][info][gc,start       ] GC(2523) Pause Young (Allocation Failure)
[700.702s][info][gc,heap        ] GC(2523) PSYoungGen: 192896K(202240K)->73584K(190464K) Eden: 116736K(116736K)->0K(116736K) From: 76160K(85504K)->73584K(73728K)
[700.702s][info][gc,heap        ] GC(2523) ParOldGen: 517648K(667648K)->521784K(667648K)
[700.702s][info][gc,metaspace   ] GC(2523) Metaspace: 19134K(19264K)->19134K(19264K) NonClass: 16473K(16512K)->16473K(16512K) Class: 2661K(2752K)->2661K(2752K)
[700.702s][info][gc             ] GC(2523) Pause Young (Allocation Failure) 693M->581M(838M) 74.985ms
[700.702s][info][gc,cpu         ] GC(2523) User=0.15s Sys=0.00s Real=0.07s
[700.837s][info][gc,start       ] GC(2524) Pause Young (Allocation Failure)
[700.924s][info][gc,heap        ] GC(2524) PSYoungGen: 190320K(190464K)->65936K(222720K) Eden: 116736K(116736K)->0K(111616K) From: 73584K(73728K)->65936K(111104K)
[700.924s][info][gc,heap        ] GC(2524) ParOldGen: 521784K(667648K)->548665K(667648K)
[700.925s][info][gc,metaspace   ] GC(2524) Metaspace: 19134K(19264K)->19134K(19264K) NonClass: 16473K(16512K)->16473K(16512K) Class: 2661K(2752K)->2661K(2752K)
[700.925s][info][gc             ] GC(2524) Pause Young (Allocation Failure) 695M->600M(869M) 87.642ms
[700.925s][info][gc,cpu         ] GC(2524) User=0.17s Sys=0.00s Real=0.08s
[701.031s][info][gc,start       ] GC(2525) Pause Young (Allocation Failure)
[701.095s][info][gc,heap        ] GC(2525) PSYoungGen: 177552K(222720K)->32800K(144896K) Eden: 111616K(111616K)->0K(111616K) From: 65936K(111104K)->32800K(33280K)
[701.095s][info][gc,heap        ] GC(2525) ParOldGen: 548665K(667648K)->583166K(667648K)
[701.095s][info][gc,metaspace   ] GC(2525) Metaspace: 19134K(19264K)->19134K(19264K) NonClass: 16473K(16512K)->16473K(16512K) Class: 2661K(2752K)->2661K(2752K)
[701.095s][info][gc             ] GC(2525) Pause Young (Allocation Failure) 709M->601M(793M) 64.529ms
[701.095s][info][gc,cpu         ] GC(2525) User=0.13s Sys=0.00s Real=0.06s
[701.232s][info][gc,start       ] GC(2526) Pause Young (Allocation Failure)
[701.280s][info][gc,heap        ] GC(2526) PSYoungGen: 144416K(144896K)->27296K(223744K) Eden: 111616K(111616K)->0K(114176K) From: 32800K(33280K)->27296K(109568K)
[701.280s][info][gc,heap        ] GC(2526) ParOldGen: 583166K(667648K)->595798K(667648K)
[701.280s][info][gc,metaspace   ] GC(2526) Metaspace: 19134K(19264K)->19134K(19264K) NonClass: 16473K(16512K)->16473K(16512K) Class: 2661K(2752K)->2661K(2752K)
[701.280s][info][gc             ] GC(2526) Pause Young (Allocation Failure) 710M->608M(870M) 47.826ms
[701.280s][info][gc,cpu         ] GC(2526) User=0.10s Sys=0.00s Real=0.05s
[701.515s][info][gc,start       ] GC(2527) Pause Young (Allocation Failure)
[701.552s][info][gc,heap        ] GC(2527) PSYoungGen: 141472K(223744K)->16480K(221184K) Eden: 114176K(114176K)->0K(114176K) From: 27296K(109568K)->16480K(107008K)
[701.552s][info][gc,heap        ] GC(2527) ParOldGen: 595798K(667648K)->616030K(667648K)
[701.553s][info][gc,metaspace   ] GC(2527) Metaspace: 19134K(19264K)->19134K(19264K) NonClass: 16473K(16512K)->16473K(16512K) Class: 2661K(2752K)->2661K(2752K)
[701.553s][info][gc             ] GC(2527) Pause Young (Allocation Failure) 719M->617M(868M) 37.966ms
[701.553s][info][gc,cpu         ] GC(2527) User=0.08s Sys=0.00s Real=0.04s
[701.833s][info][gc,start       ] GC(2528) Pause Young (Allocation Failure)
[701.852s][info][gc,heap        ] GC(2528) PSYoungGen: 130656K(221184K)->64K(221696K) Eden: 114176K(114176K)->0K(116224K) From: 16480K(107008K)->64K(105472K)
[701.852s][info][gc,heap        ] GC(2528) ParOldGen: 616030K(667648K)->632505K(667648K)
[701.852s][info][gc,metaspace   ] GC(2528) Metaspace: 19134K(19264K)->19134K(19264K) NonClass: 16473K(16512K)->16473K(16512K) Class: 2661K(2752K)->2661K(2752K)
[701.852s][info][gc             ] GC(2528) Pause Young (Allocation Failure) 729M->617M(868M) 18.851ms
[701.852s][info][gc,cpu         ] GC(2528) User=0.04s Sys=0.00s Real=0.02s
[702.101s][info][gc,start       ] GC(2529) Pause Full (Allocation Failure)
[702.101s][info][gc,phases,start] GC(2529) Marking Phase
[702.444s][info][gc,phases      ] GC(2529) Marking Phase 342.197ms
[702.444s][info][gc,phases,start] GC(2529) Summary Phase
[702.444s][info][gc,phases      ] GC(2529) Summary Phase 0.024ms
[702.444s][info][gc,phases,start] GC(2529) Forward
[702.578s][info][gc,phases      ] GC(2529) Forward 134.718ms
[702.578s][info][gc,phases,start] GC(2529) Adjust Pointers
[702.832s][info][gc,phases      ] GC(2529) Adjust Pointers 253.828ms
[702.832s][info][gc,phases,start] GC(2529) Compaction Phase
[702.979s][info][gc,phases      ] GC(2529) Compaction Phase 146.173ms
[702.988s][info][gc,phases,start] GC(2529) Post Compact
[702.990s][info][gc,phases      ] GC(2529) Post Compact 2.199ms
[702.990s][info][gc,heap        ] GC(2529) PSYoungGen: 116288K(221696K)->0K(222720K) Eden: 116224K(116224K)->0K(116224K) From: 64K(105472K)->0K(106496K)
[702.990s][info][gc,heap        ] GC(2529) ParOldGen: 632505K(667648K)->468775K(667648K)
[702.990s][info][gc,metaspace   ] GC(2529) Metaspace: 19134K(19264K)->19134K(19264K) NonClass: 16473K(16512K)->16473K(16512K) Class: 2661K(2752K)->2661K(2752K)
[702.990s][info][gc             ] GC(2529) Pause Full (Allocation Failure) 731M->457M(869M) 888.683ms
[702.990s][info][gc,cpu         ] GC(2529) User=1.66s Sys=0.00s Real=0.89s
[703.233s][info][gc,start       ] GC(2530) Pause Young (Allocation Failure)
[703.238s][info][gc,heap        ] GC(2530) PSYoungGen: 116224K(222720K)->64K(227328K) Eden: 116224K(116224K)->0K(120832K) From: 0K(106496K)->64K(106496K)
[703.238s][info][gc,heap        ] GC(2530) ParOldGen: 468775K(667648K)->468775K(667648K)
[703.238s][info][gc,metaspace   ] GC(2530) Metaspace: 19134K(19264K)->19134K(19264K) NonClass: 16473K(16512K)->16473K(16512K) Class: 2661K(2752K)->2661K(2752K)
[703.238s][info][gc             ] GC(2530) Pause Young (Allocation Failure) 571M->457M(874M) 4.238ms
[703.238s][info][gc,cpu         ] GC(2530) User=0.01s Sys=0.00s Real=0.01s
[703.480s][info][gc,start       ] GC(2531) Pause Young (Allocation Failure)
[703.496s][info][gc,heap        ] GC(2531) PSYoungGen: 120896K(227328K)->3936K(124928K) Eden: 120832K(120832K)->0K(120832K) From: 64K(106496K)->3936K(4096K)
[703.496s][info][gc,heap        ] GC(2531) ParOldGen: 468775K(667648K)->468775K(667648K)
[703.496s][info][gc,metaspace   ] GC(2531) Metaspace: 19134K(19264K)->19134K(19264K) NonClass: 16473K(16512K)->16473K(16512K) Class: 2661K(2752K)->2661K(2752K)
[703.496s][info][gc             ] GC(2531) Pause Young (Allocation Failure) 575M->461M(774M) 16.144ms
[703.496s][info][gc,cpu         ] GC(2531) User=0.03s Sys=0.00s Real=0.01s
[703.551s][info][gc,start       ] GC(2532) Pause Young (Allocation Failure)
[703.582s][info][gc,heap        ] GC(2532) PSYoungGen: 124768K(124928K)->42160K(228864K) Eden: 120832K(120832K)->0K(124416K) From: 3936K(4096K)->42160K(104448K)
[703.582s][info][gc,heap        ] GC(2532) ParOldGen: 468775K(667648K)->468775K(667648K)
[703.582s][info][gc,metaspace   ] GC(2532) Metaspace: 19134K(19264K)->19134K(19264K) NonClass: 16473K(16512K)->16473K(16512K) Class: 2661K(2752K)->2661K(2752K)
[703.582s][info][gc             ] GC(2532) Pause Young (Allocation Failure) 579M->498M(875M) 30.351ms
[703.582s][info][gc,cpu         ] GC(2532) User=0.06s Sys=0.00s Real=0.03s
[703.698s][info][gc,start       ] GC(2533) Pause Young (Allocation Failure)
[703.756s][info][gc,heap        ] GC(2533) PSYoungGen: 166576K(228864K)->88393K(212992K) Eden: 124416K(124416K)->0K(124416K) From: 42160K(104448K)->88393K(88576K)
[703.756s][info][gc,heap        ] GC(2533) ParOldGen: 468775K(667648K)->468791K(667648K)
[703.756s][info][gc,metaspace   ] GC(2533) Metaspace: 19134K(19264K)->19134K(19264K) NonClass: 16473K(16512K)->16473K(16512K) Class: 2661K(2752K)->2661K(2752K)
[703.756s][info][gc             ] GC(2533) Pause Young (Allocation Failure) 620M->544M(860M) 57.985ms
[703.756s][info][gc,cpu         ] GC(2533) User=0.11s Sys=0.00s Real=0.05s
[703.813s][info][gc,start       ] GC(2534) Pause Young (Allocation Failure)
[703.895s][info][gc,heap        ] GC(2534) PSYoungGen: 212809K(212992K)->86825K(222720K) Eden: 124416K(124416K)->0K(111616K) From: 88393K(88576K)->86825K(111104K)
[703.895s][info][gc,heap        ] GC(2534) ParOldGen: 468791K(667648K)->511386K(667648K)
[703.895s][info][gc,metaspace   ] GC(2534) Metaspace: 19134K(19264K)->19134K(19264K) NonClass: 16473K(16512K)->16473K(16512K) Class: 2661K(2752K)->2661K(2752K)
[703.895s][info][gc             ] GC(2534) Pause Young (Allocation Failure) 665M->584M(869M) 81.371ms
[703.895s][info][gc,cpu         ] GC(2534) User=0.16s Sys=0.00s Real=0.08s
[703.994s][info][gc,start       ] GC(2535) Pause Young (Allocation Failure)
[704.065s][info][gc,heap        ] GC(2535) PSYoungGen: 198441K(222720K)->12256K(222720K) Eden: 111616K(111616K)->0K(111616K) From: 86825K(111104K)->12256K(111104K)
[704.065s][info][gc,heap        ] GC(2535) ParOldGen: 511386K(667648K)->599178K(667648K)
[704.065s][info][gc,metaspace   ] GC(2535) Metaspace: 19134K(19264K)->19134K(19264K) NonClass: 16473K(16512K)->16473K(16512K) Class: 2661K(2752K)->2661K(2752K)
[704.065s][info][gc             ] GC(2535) Pause Young (Allocation Failure) 693M->597M(869M) 71.023ms
[704.065s][info][gc,cpu         ] GC(2535) User=0.14s Sys=0.00s Real=0.07s
[704.170s][info][gc,start       ] GC(2536) Pause Full (Allocation Failure)
[704.170s][info][gc,phases,start] GC(2536) Marking Phase
[704.483s][info][gc,phases      ] GC(2536) Marking Phase 312.837ms
[704.483s][info][gc,phases,start] GC(2536) Summary Phase
[704.483s][info][gc,phases      ] GC(2536) Summary Phase 0.026ms
[704.483s][info][gc,phases,start] GC(2536) Forward
[704.605s][info][gc,phases      ] GC(2536) Forward 121.757ms
[704.605s][info][gc,phases,start] GC(2536) Adjust Pointers
[704.838s][info][gc,phases      ] GC(2536) Adjust Pointers 232.636ms
[704.838s][info][gc,phases,start] GC(2536) Compaction Phase
[704.973s][info][gc,phases      ] GC(2536) Compaction Phase 135.065ms
[704.982s][info][gc,phases,start] GC(2536) Post Compact
[704.984s][info][gc,phases      ] GC(2536) Post Compact 2.151ms
[704.984s][info][gc,heap        ] GC(2536) PSYoungGen: 123872K(222720K)->0K(222720K) Eden: 111616K(111616K)->0K(111616K) From: 12256K(111104K)->0K(111104K)
[704.984s][info][gc,heap        ] GC(2536) ParOldGen: 599178K(667648K)->463306K(667648K)
[704.984s][info][gc,metaspace   ] GC(2536) Metaspace: 19134K(19264K)->19134K(19264K) NonClass: 16473K(16512K)->16473K(16512K) Class: 2661K(2752K)->2661K(2752K)
[704.984s][info][gc             ] GC(2536) Pause Full (Allocation Failure) 706M->452M(869M) 814.021ms
[704.984s][info][gc,cpu         ] GC(2536) User=1.53s Sys=0.00s Real=0.81s
[705.114s][info][gc,start       ] GC(2537) Pause Young (Allocation Failure)
[705.141s][info][gc,heap        ] GC(2537) PSYoungGen: 111367K(222720K)->11968K(222720K) Eden: 111367K(111616K)->0K(111616K) From: 0K(111104K)->11968K(111104K)
[705.141s][info][gc,heap        ] GC(2537) ParOldGen: 463306K(667648K)->463306K(667648K)
[705.141s][info][gc,metaspace   ] GC(2537) Metaspace: 19134K(19264K)->19134K(19264K) NonClass: 16473K(16512K)->16473K(16512K) Class: 2661K(2752K)->2661K(2752K)
[705.141s][info][gc             ] GC(2537) Pause Young (Allocation Failure) 561M->464M(869M) 27.137ms
[705.141s][info][gc,cpu         ] GC(2537) User=0.05s Sys=0.01s Real=0.03s
[705.275s][info][gc,start       ] GC(2538) Pause Young (Allocation Failure)
[705.306s][info][gc,heap        ] GC(2538) PSYoungGen: 123584K(222720K)->7584K(222720K) Eden: 111616K(111616K)->0K(111616K) From: 11968K(111104K)->7584K(111104K)
[705.306s][info][gc,heap        ] GC(2538) ParOldGen: 463306K(667648K)->474746K(667648K)
[705.306s][info][gc,metaspace   ] GC(2538) Metaspace: 19134K(19264K)->19134K(19264K) NonClass: 16473K(16512K)->16473K(16512K) Class: 2661K(2752K)->2661K(2752K)
[705.306s][info][gc             ] GC(2538) Pause Young (Allocation Failure) 573M->471M(869M) 31.266ms
[705.306s][info][gc,cpu         ] GC(2538) User=0.07s Sys=0.00s Real=0.04s
[705.450s][info][gc,start       ] GC(2539) Pause Young (Allocation Failure)
[705.461s][info][gc,heap        ] GC(2539) PSYoungGen: 119200K(222720K)->64K(222720K) Eden: 111616K(111616K)->0K(111616K) From: 7584K(111104K)->64K(111104K)
[705.461s][info][gc,heap        ] GC(2539) ParOldGen: 474746K(667648K)->482331K(667648K)
[705.461s][info][gc,metaspace   ] GC(2539) Metaspace: 19134K(19264K)->19134K(19264K) NonClass: 16473K(16512K)->16473K(16512K) Class: 2661K(2752K)->2661K(2752K)
[705.461s][info][gc             ] GC(2539) Pause Young (Allocation Failure) 580M->471M(869M) 11.639ms
[705.461s][info][gc,cpu         ] GC(2539) User=0.02s Sys=0.00s Real=0.01s
[705.602s][info][gc,start       ] GC(2540) Pause Young (Allocation Failure)
[705.603s][info][gc,heap        ] GC(2540) PSYoungGen: 111680K(222720K)->64K(220672K) Eden: 111616K(111616K)->0K(111616K) From: 64K(111104K)->64K(109056K)
[705.603s][info][gc,heap        ] GC(2540) ParOldGen: 482331K(667648K)->482331K(667648K)
[705.603s][info][gc,metaspace   ] GC(2540) Metaspace: 19134K(19264K)->19134K(19264K) NonClass: 16473K(16512K)->16473K(16512K) Class: 2661K(2752K)->2661K(2752K)
[705.603s][info][gc             ] GC(2540) Pause Young (Allocation Failure) 580M->471M(867M) 1.683ms
[705.603s][info][gc,cpu         ] GC(2540) User=0.00s Sys=0.00s Real=0.00s
[705.753s][info][gc,start       ] GC(2541) Pause Young (Allocation Failure)
[705.755s][info][gc,heap        ] GC(2541) PSYoungGen: 111680K(220672K)->64K(221696K) Eden: 111616K(111616K)->0K(111616K) From: 64K(109056K)->64K(110080K)
[705.755s][info][gc,heap        ] GC(2541) ParOldGen: 482331K(667648K)->482331K(667648K)
[705.755s][info][gc,metaspace   ] GC(2541) Metaspace: 19134K(19264K)->19134K(19264K) NonClass: 16473K(16512K)->16473K(16512K) Class: 2661K(2752K)->2661K(2752K)
[705.755s][info][gc             ] GC(2541) Pause Young (Allocation Failure) 580M->471M(868M) 1.655ms
[705.755s][info][gc,cpu         ] GC(2541) User=0.00s Sys=0.00s Real=0.00s
[705.896s][info][gc,start       ] GC(2542) Pause Young (Allocation Failure)
[705.898s][info][gc,heap        ] GC(2542) PSYoungGen: 111680K(221696K)->64K(217600K) Eden: 111616K(111616K)->0K(116736K) From: 64K(110080K)->64K(100864K)
[705.898s][info][gc,heap        ] GC(2542) ParOldGen: 482331K(667648K)->482331K(667648K)
[705.898s][info][gc,metaspace   ] GC(2542) Metaspace: 19134K(19264K)->19134K(19264K) NonClass: 16473K(16512K)->16473K(16512K) Class: 2661K(2752K)->2661K(2752K)
[705.898s][info][gc             ] GC(2542) Pause Young (Allocation Failure) 580M->471M(864M) 1.821ms
[705.898s][info][gc,cpu         ] GC(2542) User=0.00s Sys=0.00s Real=0.01s
[706.068s][info][gc,start       ] GC(2543) Pause Young (Allocation Failure)
[706.069s][info][gc,heap        ] GC(2543) PSYoungGen: 116800K(217600K)->64K(219648K) Eden: 116736K(116736K)->0K(116736K) From: 64K(100864K)->64K(102912K)
[706.070s][info][gc,heap        ] GC(2543) ParOldGen: 482331K(667648K)->482331K(667648K)
[706.070s][info][gc,metaspace   ] GC(2543) Metaspace: 19134K(19264K)->19134K(19264K) NonClass: 16473K(16512K)->16473K(16512K) Class: 2661K(2752K)->2661K(2752K)
[706.070s][info][gc             ] GC(2543) Pause Young (Allocation Failure) 585M->471M(866M) 1.862ms
[706.070s][info][gc,cpu         ] GC(2543) User=0.00s Sys=0.00s Real=0.00s
[706.218s][info][gc,start       ] GC(2544) Pause Young (Allocation Failure)
[706.220s][info][gc,heap        ] GC(2544) PSYoungGen: 116800K(219648K)->64K(209920K) Eden: 116736K(116736K)->0K(121344K) From: 64K(102912K)->64K(88576K)
[706.220s][info][gc,heap        ] GC(2544) ParOldGen: 482331K(667648K)->482331K(667648K)
[706.220s][info][gc,metaspace   ] GC(2544) Metaspace: 19134K(19264K)->19134K(19264K) NonClass: 16473K(16512K)->16473K(16512K) Class: 2661K(2752K)->2661K(2752K)
[706.220s][info][gc             ] GC(2544) Pause Young (Allocation Failure) 585M->471M(857M) 2.436ms
[706.220s][info][gc,cpu         ] GC(2544) User=0.00s Sys=0.00s Real=0.00s
[706.375s][info][gc,start       ] GC(2545) Pause Young (Allocation Failure)
[706.377s][info][gc,heap        ] GC(2545) PSYoungGen: 121408K(209920K)->64K(121856K) Eden: 121344K(121344K)->0K(121344K) From: 64K(88576K)->64K(512K)
[706.377s][info][gc,heap        ] GC(2545) ParOldGen: 482331K(667648K)->482331K(667648K)
[706.377s][info][gc,metaspace   ] GC(2545) Metaspace: 19134K(19264K)->19134K(19264K) NonClass: 16473K(16512K)->16473K(16512K) Class: 2661K(2752K)->2661K(2752K)
[706.377s][info][gc             ] GC(2545) Pause Young (Allocation Failure) 589M->471M(771M) 2.055ms
[706.377s][info][gc,cpu         ] GC(2545) User=0.00s Sys=0.00s Real=0.01s
[706.532s][info][gc,start       ] GC(2546) Pause Young (Allocation Failure)
[706.534s][info][gc,heap        ] GC(2546) PSYoungGen: 121408K(121856K)->64K(204800K) Eden: 121344K(121344K)->0K(124928K) From: 64K(512K)->64K(79872K)
[706.534s][info][gc,heap        ] GC(2546) ParOldGen: 482331K(667648K)->482331K(667648K)
[706.534s][info][gc,metaspace   ] GC(2546) Metaspace: 19134K(19264K)->19134K(19264K) NonClass: 16473K(16512K)->16473K(16512K) Class: 2661K(2752K)->2661K(2752K)
[706.534s][info][gc             ] GC(2546) Pause Young (Allocation Failure) 589M->471M(852M) 2.407ms
[706.534s][info][gc,cpu         ] GC(2546) User=0.00s Sys=0.00s Real=0.00s
[706.692s][info][gc,start       ] GC(2547) Pause Young (Allocation Failure)
[706.694s][info][gc,heap        ] GC(2547) PSYoungGen: 124992K(204800K)->64K(125440K) Eden: 124928K(124928K)->0K(124928K) From: 64K(79872K)->64K(512K)
[706.694s][info][gc,heap        ] GC(2547) ParOldGen: 482331K(667648K)->482331K(667648K)
[706.694s][info][gc,metaspace   ] GC(2547) Metaspace: 19134K(19264K)->19134K(19264K) NonClass: 16473K(16512K)->16473K(16512K) Class: 2661K(2752K)->2661K(2752K)
[706.694s][info][gc             ] GC(2547) Pause Young (Allocation Failure) 593M->471M(774M) 2.074ms
[706.694s][info][gc,cpu         ] GC(2547) User=0.01s Sys=0.00s Real=0.00s
[706.824s][info][gc,start       ] GC(2548) Pause Young (Allocation Failure)
[706.846s][info][gc,heap        ] GC(2548) PSYoungGen: 124992K(125440K)->17920K(202752K) Eden: 124928K(124928K)->0K(130048K) From: 64K(512K)->17920K(72704K)
[706.846s][info][gc,heap        ] GC(2548) ParOldGen: 482331K(667648K)->482331K(667648K)
[706.846s][info][gc,metaspace   ] GC(2548) Metaspace: 19134K(19264K)->19134K(19264K) NonClass: 16473K(16512K)->16473K(16512K) Class: 2661K(2752K)->2661K(2752K)
[706.846s][info][gc             ] GC(2548) Pause Young (Allocation Failure) 593M->488M(850M) 21.848ms
[706.846s][info][gc,cpu         ] GC(2548) User=0.04s Sys=0.00s Real=0.02s
[706.982s][info][gc,start       ] GC(2549) Pause Young (Allocation Failure)
[707.018s][info][gc,heap        ] GC(2549) PSYoungGen: 147968K(202752K)->34240K(205824K) Eden: 130048K(130048K)->0K(130048K) From: 17920K(72704K)->34240K(75776K)
[707.018s][info][gc,heap        ] GC(2549) ParOldGen: 482331K(667648K)->482331K(667648K)
[707.018s][info][gc,metaspace   ] GC(2549) Metaspace: 19134K(19264K)->19134K(19264K) NonClass: 16473K(16512K)->16473K(16512K) Class: 2661K(2752K)->2661K(2752K)
[707.018s][info][gc             ] GC(2549) Pause Young (Allocation Failure) 615M->504M(853M) 36.095ms
[707.018s][info][gc,cpu         ] GC(2549) User=0.08s Sys=0.00s Real=0.04s
[707.112s][info][gc,start       ] GC(2550) Pause Young (Allocation Failure)
[707.149s][info][gc,heap        ] GC(2550) PSYoungGen: 164288K(205824K)->36064K(214016K) Eden: 130048K(130048K)->0K(136704K) From: 34240K(75776K)->36064K(77312K)
[707.149s][info][gc,heap        ] GC(2550) ParOldGen: 482331K(667648K)->482331K(667648K)
[707.149s][info][gc,metaspace   ] GC(2550) Metaspace: 19134K(19264K)->19134K(19264K) NonClass: 16473K(16512K)->16473K(16512K) Class: 2661K(2752K)->2661K(2752K)
[707.149s][info][gc             ] GC(2550) Pause Young (Allocation Failure) 631M->506M(861M) 37.056ms
[707.149s][info][gc,cpu         ] GC(2550) User=0.08s Sys=0.00s Real=0.04s
[707.271s][info][gc,start       ] GC(2551) Pause Young (Allocation Failure)
[707.318s][info][gc,heap        ] GC(2551) PSYoungGen: 172768K(214016K)->44128K(215040K) Eden: 136704K(136704K)->0K(136704K) From: 36064K(77312K)->44128K(78336K)
[707.318s][info][gc,heap        ] GC(2551) ParOldGen: 482331K(667648K)->482331K(667648K)
[707.318s][info][gc,metaspace   ] GC(2551) Metaspace: 19134K(19264K)->19134K(19264K) NonClass: 16473K(16512K)->16473K(16512K) Class: 2661K(2752K)->2661K(2752K)
[707.318s][info][gc             ] GC(2551) Pause Young (Allocation Failure) 639M->514M(862M) 46.491ms
[707.318s][info][gc,cpu         ] GC(2551) User=0.09s Sys=0.00s Real=0.05s
[707.418s][info][gc,start       ] GC(2552) Pause Young (Allocation Failure)
[707.487s][info][gc,heap        ] GC(2552) PSYoungGen: 180832K(215040K)->61760K(222208K) Eden: 136704K(136704K)->0K(139776K) From: 44128K(78336K)->61760K(82432K)
[707.487s][info][gc,heap        ] GC(2552) ParOldGen: 482331K(667648K)->482331K(667648K)
[707.487s][info][gc,metaspace   ] GC(2552) Metaspace: 19134K(19264K)->19134K(19264K) NonClass: 16473K(16512K)->16473K(16512K) Class: 2661K(2752K)->2661K(2752K)
[707.487s][info][gc             ] GC(2552) Pause Young (Allocation Failure) 647M->531M(869M) 69.313ms
[707.487s][info][gc,cpu         ] GC(2552) User=0.13s Sys=0.01s Real=0.07s
[707.598s][info][gc,start       ] GC(2553) Pause Young (Allocation Failure)
[707.671s][info][gc,heap        ] GC(2553) PSYoungGen: 201536K(222208K)->72736K(230912K) Eden: 139776K(139776K)->0K(139776K) From: 61760K(82432K)->72736K(91136K)
[707.671s][info][gc,heap        ] GC(2553) ParOldGen: 482331K(667648K)->482331K(667648K)
[707.671s][info][gc,metaspace   ] GC(2553) Metaspace: 19134K(19264K)->19134K(19264K) NonClass: 16473K(16512K)->16473K(16512K) Class: 2661K(2752K)->2661K(2752K)
[707.671s][info][gc             ] GC(2553) Pause Young (Allocation Failure) 667M->542M(877M) 73.016ms
[707.671s][info][gc,cpu         ] GC(2553) User=0.14s Sys=0.00s Real=0.07s
[707.766s][info][gc,start       ] GC(2554) Pause Young (Allocation Failure)
[707.859s][info][gc,heap        ] GC(2554) PSYoungGen: 212512K(230912K)->84064K(214016K) Eden: 139776K(139776K)->0K(111616K) From: 72736K(91136K)->84064K(102400K)
[707.859s][info][gc,heap        ] GC(2554) ParOldGen: 482331K(667648K)->482331K(667648K)
[707.859s][info][gc,metaspace   ] GC(2554) Metaspace: 19134K(19264K)->19134K(19264K) NonClass: 16473K(16512K)->16473K(16512K) Class: 2661K(2752K)->2661K(2752K)
[707.859s][info][gc             ] GC(2554) Pause Young (Allocation Failure) 678M->553M(861M) 93.235ms
[707.859s][info][gc,cpu         ] GC(2554) User=0.17s Sys=0.01s Real=0.10s
[707.942s][info][gc,start       ] GC(2555) Pause Young (Allocation Failure)
[708.039s][info][gc,heap        ] GC(2555) PSYoungGen: 195680K(214016K)->99872K(222720K) Eden: 111616K(111616K)->0K(111616K) From: 84064K(102400K)->99872K(111104K)
[708.039s][info][gc,heap        ] GC(2555) ParOldGen: 482331K(667648K)->482331K(667648K)
[708.039s][info][gc,metaspace   ] GC(2555) Metaspace: 19134K(19264K)->19134K(19264K) NonClass: 16473K(16512K)->16473K(16512K) Class: 2661K(2752K)->2661K(2752K)
[708.039s][info][gc             ] GC(2555) Pause Young (Allocation Failure) 662M->568M(869M) 97.621ms
[708.039s][info][gc,cpu         ] GC(2555) User=0.19s Sys=0.00s Real=0.10s
[708.159s][info][gc,start       ] GC(2556) Pause Young (Allocation Failure)
[708.274s][info][gc,heap        ] GC(2556) PSYoungGen: 211488K(222720K)->103232K(222720K) Eden: 111616K(111616K)->0K(111616K) From: 99872K(111104K)->103232K(111104K)
[708.274s][info][gc,heap        ] GC(2556) ParOldGen: 482331K(667648K)->482331K(667648K)
[708.274s][info][gc,metaspace   ] GC(2556) Metaspace: 19134K(19264K)->19134K(19264K) NonClass: 16473K(16512K)->16473K(16512K) Class: 2661K(2752K)->2661K(2752K)
[708.274s][info][gc             ] GC(2556) Pause Young (Allocation Failure) 677M->571M(869M) 115.245ms
[708.274s][info][gc,cpu         ] GC(2556) User=0.22s Sys=0.01s Real=0.11s
[708.398s][info][gc,start       ] GC(2557) Pause Young (Allocation Failure)
[708.497s][info][gc,heap        ] GC(2557) PSYoungGen: 214848K(222720K)->85424K(222720K) Eden: 111616K(111616K)->0K(111616K) From: 103232K(111104K)->85424K(111104K)
[708.497s][info][gc,heap        ] GC(2557) ParOldGen: 482331K(667648K)->500251K(667648K)
[708.497s][info][gc,metaspace   ] GC(2557) Metaspace: 19134K(19264K)->19134K(19264K) NonClass: 16473K(16512K)->16473K(16512K) Class: 2661K(2752K)->2661K(2752K)
[708.497s][info][gc             ] GC(2557) Pause Young (Allocation Failure) 680M->571M(869M) 99.396ms
[708.497s][info][gc,cpu         ] GC(2557) User=0.20s Sys=0.00s Real=0.10s
[708.685s][info][gc,start       ] GC(2558) Pause Young (Allocation Failure)
[708.787s][info][gc,heap        ] GC(2558) PSYoungGen: 197040K(222720K)->87440K(222720K) Eden: 111616K(111616K)->0K(111616K) From: 85424K(111104K)->87440K(111104K)
[708.787s][info][gc,heap        ] GC(2558) ParOldGen: 500251K(667648K)->518475K(667648K)
[708.787s][info][gc,metaspace   ] GC(2558) Metaspace: 19134K(19264K)->19134K(19264K) NonClass: 16473K(16512K)->16473K(16512K) Class: 2661K(2752K)->2661K(2752K)
[708.787s][info][gc             ] GC(2558) Pause Young (Allocation Failure) 680M->591M(869M) 101.684ms
[708.787s][info][gc,cpu         ] GC(2558) User=0.21s Sys=0.00s Real=0.11s
[709.027s][info][gc,start       ] GC(2559) Pause Young (Allocation Failure)
[709.116s][info][gc,heap        ] GC(2559) PSYoungGen: 199056K(222720K)->65088K(222720K) Eden: 111616K(111616K)->0K(111616K) From: 87440K(111104K)->65088K(111104K)
[709.116s][info][gc,heap        ] GC(2559) ParOldGen: 518475K(667648K)->544195K(667648K)
[709.116s][info][gc,metaspace   ] GC(2559) Metaspace: 19134K(19264K)->19134K(19264K) NonClass: 16473K(16512K)->16473K(16512K) Class: 2661K(2752K)->2661K(2752K)
[709.116s][info][gc             ] GC(2559) Pause Young (Allocation Failure) 700M->595M(869M) 88.950ms
[709.116s][info][gc,cpu         ] GC(2559) User=0.18s Sys=0.00s Real=0.08s
[709.429s][info][gc,start       ] GC(2560) Pause Young (Allocation Failure)
[709.493s][info][gc,heap        ] GC(2560) PSYoungGen: 176704K(222720K)->42800K(222720K) Eden: 111616K(111616K)->0K(111616K) From: 65088K(111104K)->42800K(111104K)
[709.493s][info][gc,heap        ] GC(2560) ParOldGen: 544195K(667648K)->566539K(667648K)
[709.493s][info][gc,metaspace   ] GC(2560) Metaspace: 19134K(19264K)->19134K(19264K) NonClass: 16473K(16512K)->16473K(16512K) Class: 2661K(2752K)->2661K(2752K)
[709.493s][info][gc             ] GC(2560) Pause Young (Allocation Failure) 704M->595M(869M) 63.916ms
[709.493s][info][gc,cpu         ] GC(2560) User=0.13s Sys=0.00s Real=0.06s
[709.781s][info][gc,start       ] GC(2561) Pause Young (Allocation Failure)
[709.824s][info][gc,heap        ] GC(2561) PSYoungGen: 154416K(222720K)->23664K(222720K) Eden: 111616K(111616K)->0K(111616K) From: 42800K(111104K)->23664K(111104K)
[709.824s][info][gc,heap        ] GC(2561) ParOldGen: 566539K(667648K)->585771K(667648K)
[709.824s][info][gc,metaspace   ] GC(2561) Metaspace: 19134K(19264K)->19134K(19264K) NonClass: 16473K(16512K)->16473K(16512K) Class: 2661K(2752K)->2661K(2752K)
[709.824s][info][gc             ] GC(2561) Pause Young (Allocation Failure) 704M->595M(869M) 43.390ms
[709.824s][info][gc,cpu         ] GC(2561) User=0.08s Sys=0.00s Real=0.04s
[710.068s][info][gc,start       ] GC(2562) Pause Young (Allocation Failure)
[710.093s][info][gc,heap        ] GC(2562) PSYoungGen: 135280K(222720K)->3360K(222720K) Eden: 111616K(111616K)->0K(111616K) From: 23664K(111104K)->3360K(111104K)
[710.093s][info][gc,heap        ] GC(2562) ParOldGen: 585771K(667648K)->606108K(667648K)
[710.093s][info][gc,metaspace   ] GC(2562) Metaspace: 19134K(19264K)->19134K(19264K) NonClass: 16473K(16512K)->16473K(16512K) Class: 2661K(2752K)->2661K(2752K)
[710.093s][info][gc             ] GC(2562) Pause Young (Allocation Failure) 704M->595M(869M) 25.636ms
[710.093s][info][gc,cpu         ] GC(2562) User=0.04s Sys=0.01s Real=0.02s
[710.338s][info][gc,start       ] GC(2563) Pause Young (Allocation Failure)
[710.343s][info][gc,heap        ] GC(2563) PSYoungGen: 114976K(222720K)->64K(222720K) Eden: 111616K(111616K)->0K(111616K) From: 3360K(111104K)->64K(111104K)
[710.343s][info][gc,heap        ] GC(2563) ParOldGen: 606108K(667648K)->609428K(667648K)
[710.343s][info][gc,metaspace   ] GC(2563) Metaspace: 19134K(19264K)->19134K(19264K) NonClass: 16473K(16512K)->16473K(16512K) Class: 2661K(2752K)->2661K(2752K)
[710.343s][info][gc             ] GC(2563) Pause Young (Allocation Failure) 704M->595M(869M) 5.539ms
[710.343s][info][gc,cpu         ] GC(2563) User=0.01s Sys=0.00s Real=0.00s
[710.586s][info][gc,start       ] GC(2564) Pause Young (Allocation Failure)
[710.588s][info][gc,heap        ] GC(2564) PSYoungGen: 111680K(222720K)->64K(222720K) Eden: 111616K(111616K)->0K(111616K) From: 64K(111104K)->64K(111104K)
[710.588s][info][gc,heap        ] GC(2564) ParOldGen: 609428K(667648K)->609476K(667648K)
[710.588s][info][gc,metaspace   ] GC(2564) Metaspace: 19134K(19264K)->19134K(19264K) NonClass: 16473K(16512K)->16473K(16512K) Class: 2661K(2752K)->2661K(2752K)
[710.588s][info][gc             ] GC(2564) Pause Young (Allocation Failure) 704M->595M(869M) 2.120ms
[710.588s][info][gc,cpu         ] GC(2564) User=0.01s Sys=0.00s Real=0.01s
[710.839s][info][gc,start       ] GC(2565) Pause Young (Allocation Failure)
[710.841s][info][gc,heap        ] GC(2565) PSYoungGen: 111680K(222720K)->64K(222720K) Eden: 111616K(111616K)->0K(111616K) From: 64K(111104K)->64K(111104K)
[710.841s][info][gc,heap        ] GC(2565) ParOldGen: 609476K(667648K)->609492K(667648K)
[710.841s][info][gc,metaspace   ] GC(2565) Metaspace: 19134K(19264K)->19134K(19264K) NonClass: 16473K(16512K)->16473K(16512K) Class: 2661K(2752K)->2661K(2752K)
[710.841s][info][gc             ] GC(2565) Pause Young (Allocation Failure) 704M->595M(869M) 2.000ms
[710.841s][info][gc,cpu         ] GC(2565) User=0.01s Sys=0.00s Real=0.00s
[711.099s][info][gc,start       ] GC(2566) Pause Young (Allocation Failure)
[711.101s][info][gc,heap        ] GC(2566) PSYoungGen: 111680K(222720K)->64K(222720K) Eden: 111616K(111616K)->0K(111616K) From: 64K(111104K)->64K(111104K)
[711.101s][info][gc,heap        ] GC(2566) ParOldGen: 609492K(667648K)->609508K(667648K)
[711.101s][info][gc,metaspace   ] GC(2566) Metaspace: 19134K(19264K)->19134K(19264K) NonClass: 16473K(16512K)->16473K(16512K) Class: 2661K(2752K)->2661K(2752K)
[711.101s][info][gc             ] GC(2566) Pause Young (Allocation Failure) 704M->595M(869M) 2.145ms
[711.101s][info][gc,cpu         ] GC(2566) User=0.00s Sys=0.00s Real=0.00s
[711.303s][info][gc,start       ] GC(2567) Pause Young (Allocation Failure)
[711.307s][info][gc,heap        ] GC(2567) PSYoungGen: 111680K(222720K)->2208K(222720K) Eden: 111616K(111616K)->0K(111616K) From: 64K(111104K)->2208K(111104K)
[711.307s][info][gc,heap        ] GC(2567) ParOldGen: 609508K(667648K)->609524K(667648K)
[711.307s][info][gc,metaspace   ] GC(2567) Metaspace: 19134K(19264K)->19134K(19264K) NonClass: 16473K(16512K)->16473K(16512K) Class: 2661K(2752K)->2661K(2752K)
[711.307s][info][gc             ] GC(2567) Pause Young (Allocation Failure) 704M->597M(869M) 4.595ms
[711.307s][info][gc,cpu         ] GC(2567) User=0.01s Sys=0.00s Real=0.01s
[711.446s][info][gc,start       ] GC(2568) Pause Young (Allocation Failure)
[711.470s][info][gc,heap        ] GC(2568) PSYoungGen: 113824K(222720K)->28640K(222720K) Eden: 111616K(111616K)->0K(111616K) From: 2208K(111104K)->28640K(111104K)
[711.470s][info][gc,heap        ] GC(2568) ParOldGen: 609524K(667648K)->611708K(667648K)
[711.470s][info][gc,metaspace   ] GC(2568) Metaspace: 19134K(19264K)->19134K(19264K) NonClass: 16473K(16512K)->16473K(16512K) Class: 2661K(2752K)->2661K(2752K)
[711.470s][info][gc             ] GC(2568) Pause Young (Allocation Failure) 706M->625M(869M) 23.823ms
[711.470s][info][gc,cpu         ] GC(2568) User=0.04s Sys=0.00s Real=0.02s
[711.550s][info][gc,start       ] GC(2569) Pause Young (Allocation Failure)
[711.596s][info][gc,heap        ] GC(2569) PSYoungGen: 140256K(222720K)->39904K(151552K) Eden: 111616K(111616K)->0K(111616K) From: 28640K(111104K)->39904K(39936K)
[711.596s][info][gc,heap        ] GC(2569) ParOldGen: 611708K(667648K)->640652K(667648K)
[711.596s][info][gc,metaspace   ] GC(2569) Metaspace: 19134K(19264K)->19134K(19264K) NonClass: 16473K(16512K)->16473K(16512K) Class: 2661K(2752K)->2661K(2752K)
[711.596s][info][gc             ] GC(2569) Pause Young (Allocation Failure) 734M->664M(800M) 46.175ms
[711.596s][info][gc,cpu         ] GC(2569) User=0.09s Sys=0.00s Real=0.05s
[711.749s][info][gc,start       ] GC(2570) Pause Full (Allocation Failure)
[711.749s][info][gc,phases,start] GC(2570) Marking Phase
[712.052s][info][gc,phases      ] GC(2570) Marking Phase 302.619ms
[712.052s][info][gc,phases,start] GC(2570) Summary Phase
[712.052s][info][gc,phases      ] GC(2570) Summary Phase 0.029ms
[712.052s][info][gc,phases,start] GC(2570) Forward
[712.193s][info][gc,phases      ] GC(2570) Forward 141.027ms
[712.193s][info][gc,phases,start] GC(2570) Adjust Pointers
[712.424s][info][gc,phases      ] GC(2570) Adjust Pointers 230.795ms
[712.424s][info][gc,phases,start] GC(2570) Compaction Phase
[712.575s][info][gc,phases      ] GC(2570) Compaction Phase 151.037ms
[712.583s][info][gc,phases,start] GC(2570) Post Compact
[712.585s][info][gc,phases      ] GC(2570) Post Compact 2.326ms
[712.585s][info][gc,heap        ] GC(2570) PSYoungGen: 151520K(151552K)->0K(220160K) Eden: 111616K(111616K)->0K(111616K) From: 39904K(39936K)->0K(108544K)
[712.585s][info][gc,heap        ] GC(2570) ParOldGen: 640652K(667648K)->433140K(667648K)
[712.585s][info][gc,metaspace   ] GC(2570) Metaspace: 19134K(19264K)->19134K(19264K) NonClass: 16473K(16512K)->16473K(16512K) Class: 2661K(2752K)->2661K(2752K)
[712.585s][info][gc             ] GC(2570) Pause Full (Allocation Failure) 773M->422M(867M) 836.161ms
[712.585s][info][gc,cpu         ] GC(2570) User=1.52s Sys=0.00s Real=0.83s
[712.704s][info][gc,start       ] GC(2571) Pause Young (Allocation Failure)
[712.726s][info][gc,heap        ] GC(2571) PSYoungGen: 111616K(220160K)->13872K(220160K) Eden: 111616K(111616K)->0K(111616K) From: 0K(108544K)->13872K(108544K)
[712.726s][info][gc,heap        ] GC(2571) ParOldGen: 433140K(667648K)->433140K(667648K)
[712.726s][info][gc,metaspace   ] GC(2571) Metaspace: 19134K(19264K)->19134K(19264K) NonClass: 16473K(16512K)->16473K(16512K) Class: 2661K(2752K)->2661K(2752K)
[712.726s][info][gc             ] GC(2571) Pause Young (Allocation Failure) 531M->436M(867M) 22.034ms
[712.726s][info][gc,cpu         ] GC(2571) User=0.04s Sys=0.00s Real=0.02s
[712.785s][info][gc,start       ] GC(2572) Pause Young (Allocation Failure)
[712.846s][info][gc,heap        ] GC(2572) PSYoungGen: 125488K(220160K)->64966K(214016K) Eden: 111616K(111616K)->0K(110592K) From: 13872K(108544K)->64966K(103424K)
[712.846s][info][gc,heap        ] GC(2572) ParOldGen: 433140K(667648K)->433140K(667648K)
[712.846s][info][gc,metaspace   ] GC(2572) Metaspace: 19134K(19264K)->19134K(19264K) NonClass: 16473K(16512K)->16473K(16512K) Class: 2661K(2752K)->2661K(2752K)
[712.846s][info][gc             ] GC(2572) Pause Young (Allocation Failure) 545M->486M(861M) 61.109ms
[712.846s][info][gc,cpu         ] GC(2572) User=0.12s Sys=0.00s Real=0.07s
[712.948s][info][gc,start       ] GC(2573) Pause Young (Allocation Failure)
[713.026s][info][gc,heap        ] GC(2573) PSYoungGen: 175558K(214016K)->95542K(220160K) Eden: 110592K(110592K)->0K(110592K) From: 64966K(103424K)->95542K(109568K)
[713.026s][info][gc,heap        ] GC(2573) ParOldGen: 433140K(667648K)->433140K(667648K)
[713.026s][info][gc,metaspace   ] GC(2573) Metaspace: 19134K(19264K)->19134K(19264K) NonClass: 16473K(16512K)->16473K(16512K) Class: 2661K(2752K)->2661K(2752K)
[713.026s][info][gc             ] GC(2573) Pause Young (Allocation Failure) 594M->516M(867M) 77.363ms
[713.026s][info][gc,cpu         ] GC(2573) User=0.16s Sys=0.00s Real=0.07s
[713.151s][info][gc,start       ] GC(2574) Pause Young (Allocation Failure)
[713.225s][info][gc,heap        ] GC(2574) PSYoungGen: 206134K(220160K)->30656K(222720K) Eden: 110592K(110592K)->0K(111616K) From: 95542K(109568K)->30656K(111104K)
[713.225s][info][gc,heap        ] GC(2574) ParOldGen: 433140K(667648K)->498514K(667648K)
[713.225s][info][gc,metaspace   ] GC(2574) Metaspace: 19134K(19264K)->19134K(19264K) NonClass: 16473K(16512K)->16473K(16512K) Class: 2661K(2752K)->2661K(2752K)
[713.225s][info][gc             ] GC(2574) Pause Young (Allocation Failure) 624M->516M(869M) 73.627ms
[713.225s][info][gc,cpu         ] GC(2574) User=0.15s Sys=0.00s Real=0.07s
[713.347s][info][gc,start       ] GC(2575) Pause Young (Allocation Failure)
[713.370s][info][gc,heap        ] GC(2575) PSYoungGen: 142272K(222720K)->128K(222720K) Eden: 111616K(111616K)->0K(111616K) From: 30656K(111104K)->128K(111104K)
[713.370s][info][gc,heap        ] GC(2575) ParOldGen: 498514K(667648K)->529435K(667648K)
[713.370s][info][gc,metaspace   ] GC(2575) Metaspace: 19134K(19264K)->19134K(19264K) NonClass: 16473K(16512K)->16473K(16512K) Class: 2661K(2752K)->2661K(2752K)
[713.370s][info][gc             ] GC(2575) Pause Young (Allocation Failure) 625M->517M(869M) 22.996ms
[713.370s][info][gc,cpu         ] GC(2575) User=0.05s Sys=0.00s Real=0.02s
[713.489s][info][gc,start       ] GC(2576) Pause Young (Allocation Failure)
[713.491s][info][gc,heap        ] GC(2576) PSYoungGen: 111744K(222720K)->160K(222720K) Eden: 111616K(111616K)->0K(111616K) From: 128K(111104K)->160K(111104K)
[713.491s][info][gc,heap        ] GC(2576) ParOldGen: 529435K(667648K)->529507K(667648K)
[713.491s][info][gc,metaspace   ] GC(2576) Metaspace: 19134K(19264K)->19134K(19264K) NonClass: 16473K(16512K)->16473K(16512K) Class: 2661K(2752K)->2661K(2752K)
[713.491s][info][gc             ] GC(2576) Pause Young (Allocation Failure) 626M->517M(869M) 2.322ms
[713.491s][info][gc,cpu         ] GC(2576) User=0.01s Sys=0.00s Real=0.00s
[713.609s][info][gc,start       ] GC(2577) Pause Young (Allocation Failure)
[713.611s][info][gc,heap        ] GC(2577) PSYoungGen: 111776K(222720K)->160K(112128K) Eden: 111616K(111616K)->0K(111616K) From: 160K(111104K)->160K(512K)
[713.611s][info][gc,heap        ] GC(2577) ParOldGen: 529507K(667648K)->529635K(667648K)
[713.611s][info][gc,metaspace   ] GC(2577) Metaspace: 19134K(19264K)->19134K(19264K) NonClass: 16473K(16512K)->16473K(16512K) Class: 2661K(2752K)->2661K(2752K)
[713.611s][info][gc             ] GC(2577) Pause Young (Allocation Failure) 626M->517M(761M) 2.312ms
[713.611s][info][gc,cpu         ] GC(2577) User=0.00s Sys=0.00s Real=0.00s
[713.730s][info][gc,start       ] GC(2578) Pause Young (Allocation Failure)
[713.732s][info][gc,heap        ] GC(2578) PSYoungGen: 111776K(112128K)->192K(226304K) Eden: 111616K(111616K)->0K(115712K) From: 160K(512K)->192K(110592K)
[713.732s][info][gc,heap        ] GC(2578) ParOldGen: 529635K(667648K)->529635K(667648K)
[713.732s][info][gc,metaspace   ] GC(2578) Metaspace: 19134K(19264K)->19134K(19264K) NonClass: 16473K(16512K)->16473K(16512K) Class: 2661K(2752K)->2661K(2752K)
[713.732s][info][gc             ] GC(2578) Pause Young (Allocation Failure) 626M->517M(873M) 2.137ms
[713.732s][info][gc,cpu         ] GC(2578) User=0.00s Sys=0.00s Real=0.00s
[713.855s][info][gc,start       ] GC(2579) Pause Young (Allocation Failure)
[713.857s][info][gc,heap        ] GC(2579) PSYoungGen: 115904K(226304K)->288K(116224K) Eden: 115712K(115712K)->0K(115712K) From: 192K(110592K)->288K(512K)
[713.857s][info][gc,heap        ] GC(2579) ParOldGen: 529635K(667648K)->529635K(667648K)
[713.857s][info][gc,metaspace   ] GC(2579) Metaspace: 19134K(19264K)->19134K(19264K) NonClass: 16473K(16512K)->16473K(16512K) Class: 2661K(2752K)->2661K(2752K)
[713.857s][info][gc             ] GC(2579) Pause Young (Allocation Failure) 630M->517M(765M) 2.523ms
[713.857s][info][gc,cpu         ] GC(2579) User=0.00s Sys=0.00s Real=0.01s
[713.975s][info][gc,start       ] GC(2580) Pause Young (Allocation Failure)
[713.978s][info][gc,heap        ] GC(2580) PSYoungGen: 116000K(116224K)->384K(220672K) Eden: 115712K(115712K)->0K(120832K) From: 288K(512K)->384K(99840K)
[713.978s][info][gc,heap        ] GC(2580) ParOldGen: 529635K(667648K)->529635K(667648K)
[713.978s][info][gc,metaspace   ] GC(2580) Metaspace: 19134K(19264K)->19134K(19264K) NonClass: 16473K(16512K)->16473K(16512K) Class: 2661K(2752K)->2661K(2752K)
[713.978s][info][gc             ] GC(2580) Pause Young (Allocation Failure) 630M->517M(867M) 2.644ms
[713.978s][info][gc,cpu         ] GC(2580) User=0.00s Sys=0.00s Real=0.01s
[714.107s][info][gc,start       ] GC(2581) Pause Young (Allocation Failure)
[714.110s][info][gc,heap        ] GC(2581) PSYoungGen: 121216K(220672K)->480K(219136K) Eden: 120832K(120832K)->0K(120832K) From: 384K(99840K)->480K(98304K)
[714.110s][info][gc,heap        ] GC(2581) ParOldGen: 529635K(667648K)->529635K(667648K)
[714.110s][info][gc,metaspace   ] GC(2581) Metaspace: 19134K(19264K)->19134K(19264K) NonClass: 16473K(16512K)->16473K(16512K) Class: 2661K(2752K)->2661K(2752K)
[714.110s][info][gc             ] GC(2581) Pause Young (Allocation Failure) 635M->517M(866M) 2.927ms
[714.110s][info][gc,cpu         ] GC(2581) User=0.01s Sys=0.00s Real=0.00s
[714.242s][info][gc,start       ] GC(2582) Pause Young (Allocation Failure)
[714.245s][info][gc,heap        ] GC(2582) PSYoungGen: 121312K(219136K)->544K(209920K) Eden: 120832K(120832K)->0K(125952K) From: 480K(98304K)->544K(83968K)
[714.245s][info][gc,heap        ] GC(2582) ParOldGen: 529635K(667648K)->529635K(667648K)
[714.245s][info][gc,metaspace   ] GC(2582) Metaspace: 19134K(19264K)->19134K(19264K) NonClass: 16473K(16512K)->16473K(16512K) Class: 2661K(2752K)->2661K(2752K)
[714.245s][info][gc             ] GC(2582) Pause Young (Allocation Failure) 635M->517M(857M) 3.408ms
[714.245s][info][gc,cpu         ] GC(2582) User=0.00s Sys=0.00s Real=0.00s
[714.371s][info][gc,start       ] GC(2583) Pause Young (Allocation Failure)
[714.385s][info][gc,heap        ] GC(2583) PSYoungGen: 126496K(209920K)->3904K(215040K) Eden: 125952K(125952K)->0K(125952K) From: 544K(83968K)->3904K(89088K)
[714.385s][info][gc,heap        ] GC(2583) ParOldGen: 529635K(667648K)->529635K(667648K)
[714.385s][info][gc,metaspace   ] GC(2583) Metaspace: 19134K(19264K)->19134K(19264K) NonClass: 16473K(16512K)->16473K(16512K) Class: 2661K(2752K)->2661K(2752K)
[714.385s][info][gc             ] GC(2583) Pause Young (Allocation Failure) 640M->521M(862M) 13.502ms
[714.385s][info][gc,cpu         ] GC(2583) User=0.03s Sys=0.00s Real=0.01s
[714.546s][info][gc,start       ] GC(2584) Pause Young (Allocation Failure)
[714.583s][info][gc,heap        ] GC(2584) PSYoungGen: 129856K(215040K)->19435K(209920K) Eden: 125952K(125952K)->0K(134144K) From: 3904K(89088K)->19435K(75776K)
[714.583s][info][gc,heap        ] GC(2584) ParOldGen: 529635K(667648K)->529635K(667648K)
[714.583s][info][gc,metaspace   ] GC(2584) Metaspace: 19134K(19264K)->19134K(19264K) NonClass: 16473K(16512K)->16473K(16512K) Class: 2661K(2752K)->2661K(2752K)
[714.583s][info][gc             ] GC(2584) Pause Young (Allocation Failure) 644M->536M(857M) 36.865ms
[714.583s][info][gc,cpu         ] GC(2584) User=0.07s Sys=0.00s Real=0.03s
[714.755s][info][gc,start       ] GC(2585) Pause Young (Allocation Failure)
[714.788s][info][gc,heap        ] GC(2585) PSYoungGen: 153579K(209920K)->19435K(212992K) Eden: 134144K(134144K)->0K(134144K) From: 19435K(75776K)->19435K(78848K)
[714.788s][info][gc,heap        ] GC(2585) ParOldGen: 529635K(667648K)->529635K(667648K)
[714.788s][info][gc,metaspace   ] GC(2585) Metaspace: 19134K(19264K)->19134K(19264K) NonClass: 16473K(16512K)->16473K(16512K) Class: 2661K(2752K)->2661K(2752K)
[714.788s][info][gc             ] GC(2585) Pause Young (Allocation Failure) 667M->536M(860M) 32.722ms
[714.788s][info][gc,cpu         ] GC(2585) User=0.07s Sys=0.00s Real=0.04s
[714.962s][info][gc,start       ] GC(2586) Pause Young (Allocation Failure)
[714.995s][info][gc,heap        ] GC(2586) PSYoungGen: 153579K(212992K)->19403K(210944K) Eden: 134144K(134144K)->0K(144384K) From: 19435K(78848K)->19403K(66560K)
[714.995s][info][gc,heap        ] GC(2586) ParOldGen: 529635K(667648K)->529635K(667648K)
[714.995s][info][gc,metaspace   ] GC(2586) Metaspace: 19134K(19264K)->19134K(19264K) NonClass: 16473K(16512K)->16473K(16512K) Class: 2661K(2752K)->2661K(2752K)
[714.996s][info][gc             ] GC(2586) Pause Young (Allocation Failure) 667M->536M(858M) 33.727ms
[714.996s][info][gc,cpu         ] GC(2586) User=0.07s Sys=0.00s Real=0.03s
[715.164s][info][gc,start       ] GC(2587) Pause Young (Allocation Failure)
[715.213s][info][gc,heap        ] GC(2587) PSYoungGen: 163787K(210944K)->31211K(214016K) Eden: 144384K(144384K)->0K(144384K) From: 19403K(66560K)->31211K(69632K)
[715.213s][info][gc,heap        ] GC(2587) ParOldGen: 529635K(667648K)->529635K(667648K)
[715.213s][info][gc,metaspace   ] GC(2587) Metaspace: 19134K(19264K)->19134K(19264K) NonClass: 16473K(16512K)->16473K(16512K) Class: 2661K(2752K)->2661K(2752K)
[715.213s][info][gc             ] GC(2587) Pause Young (Allocation Failure) 677M->547M(861M) 49.112ms
[715.213s][info][gc,cpu         ] GC(2587) User=0.10s Sys=0.00s Real=0.05s
[715.355s][info][gc,start       ] GC(2588) Pause Young (Allocation Failure)
[715.425s][info][gc,heap        ] GC(2588) PSYoungGen: 175595K(214016K)->51051K(219136K) Eden: 144384K(144384K)->0K(149504K) From: 31211K(69632K)->51051K(69632K)
[715.425s][info][gc,heap        ] GC(2588) ParOldGen: 529635K(667648K)->529635K(667648K)
[715.425s][info][gc,metaspace   ] GC(2588) Metaspace: 19134K(19264K)->19134K(19264K) NonClass: 16473K(16512K)->16473K(16512K) Class: 2661K(2752K)->2661K(2752K)
[715.425s][info][gc             ] GC(2588) Pause Young (Allocation Failure) 688M->567M(866M) 69.549ms
[715.425s][info][gc,cpu         ] GC(2588) User=0.14s Sys=0.00s Real=0.07s
[715.535s][info][gc,start       ] GC(2589) Pause Young (Allocation Failure)
[715.607s][info][gc,heap        ] GC(2589) PSYoungGen: 200555K(219136K)->55083K(226304K) Eden: 149504K(149504K)->0K(149504K) From: 51051K(69632K)->55083K(76800K)
[715.607s][info][gc,heap        ] GC(2589) ParOldGen: 529635K(667648K)->529635K(667648K)
[715.607s][info][gc,metaspace   ] GC(2589) Metaspace: 19134K(19264K)->19134K(19264K) NonClass: 16473K(16512K)->16473K(16512K) Class: 2661K(2752K)->2661K(2752K)
[715.607s][info][gc             ] GC(2589) Pause Young (Allocation Failure) 713M->571M(873M) 71.667ms
[715.607s][info][gc,cpu         ] GC(2589) User=0.14s Sys=0.00s Real=0.08s
[715.748s][info][gc,start       ] GC(2590) Pause Young (Allocation Failure)
[715.832s][info][gc,heap        ] GC(2590) PSYoungGen: 204587K(226304K)->56075K(238592K) Eden: 149504K(149504K)->0K(154624K) From: 55083K(76800K)->56075K(83968K)
[715.832s][info][gc,heap        ] GC(2590) ParOldGen: 529635K(667648K)->529819K(667648K)
[715.832s][info][gc,metaspace   ] GC(2590) Metaspace: 19134K(19264K)->19134K(19264K) NonClass: 16473K(16512K)->16473K(16512K) Class: 2661K(2752K)->2661K(2752K)
[715.832s][info][gc             ] GC(2590) Pause Young (Allocation Failure) 717M->572M(885M) 83.882ms
[715.832s][info][gc,cpu         ] GC(2590) User=0.16s Sys=0.02s Real=0.08s
[715.975s][info][gc,start       ] GC(2591) Pause Young (Allocation Failure)
[716.061s][info][gc,heap        ] GC(2591) PSYoungGen: 210699K(238592K)->59307K(214016K) Eden: 154624K(154624K)->0K(154624K) From: 56075K(83968K)->59307K(59392K)
[716.061s][info][gc,heap        ] GC(2591) ParOldGen: 529819K(667648K)->530003K(667648K)
[716.061s][info][gc,metaspace   ] GC(2591) Metaspace: 19134K(19264K)->19134K(19264K) NonClass: 16473K(16512K)->16473K(16512K) Class: 2661K(2752K)->2661K(2752K)
[716.061s][info][gc             ] GC(2591) Pause Young (Allocation Failure) 723M->575M(861M) 86.109ms
[716.061s][info][gc,cpu         ] GC(2591) User=0.17s Sys=0.00s Real=0.09s
[716.214s][info][gc,start       ] GC(2592) Pause Young (Allocation Failure)
[716.297s][info][gc,heap        ] GC(2592) PSYoungGen: 213931K(214016K)->67723K(224256K) Eden: 154624K(154624K)->0K(129024K) From: 59307K(59392K)->67723K(95232K)
[716.297s][info][gc,heap        ] GC(2592) ParOldGen: 530003K(667648K)->530195K(667648K)
[716.297s][info][gc,metaspace   ] GC(2592) Metaspace: 19134K(19264K)->19134K(19264K) NonClass: 16473K(16512K)->16473K(16512K) Class: 2661K(2752K)->2661K(2752K)
[716.297s][info][gc             ] GC(2592) Pause Young (Allocation Failure) 726M->583M(871M) 83.063ms
[716.297s][info][gc,cpu         ] GC(2592) User=0.17s Sys=0.00s Real=0.09s
[716.420s][info][gc,start       ] GC(2593) Pause Young (Allocation Failure)
[716.519s][info][gc,heap        ] GC(2593) PSYoungGen: 196747K(224256K)->63808K(193024K) Eden: 129024K(129024K)->0K(129024K) From: 67723K(95232K)->63808K(64000K)
[716.520s][info][gc,heap        ] GC(2593) ParOldGen: 530195K(667648K)->549094K(667648K)
[716.520s][info][gc,metaspace   ] GC(2593) Metaspace: 19134K(19264K)->19134K(19264K) NonClass: 16473K(16512K)->16473K(16512K) Class: 2661K(2752K)->2661K(2752K)
[716.520s][info][gc             ] GC(2593) Pause Young (Allocation Failure) 709M->598M(840M) 99.309ms
[716.520s][info][gc,cpu         ] GC(2593) User=0.20s Sys=0.00s Real=0.10s
[716.665s][info][gc,start       ] GC(2594) Pause Young (Allocation Failure)
[716.760s][info][gc,heap        ] GC(2594) PSYoungGen: 192832K(193024K)->89888K(218112K) Eden: 129024K(129024K)->0K(111616K) From: 63808K(64000K)->89888K(106496K)
[716.760s][info][gc,heap        ] GC(2594) ParOldGen: 549094K(667648K)->549094K(667648K)
[716.760s][info][gc,metaspace   ] GC(2594) Metaspace: 19134K(19264K)->19134K(19264K) NonClass: 16473K(16512K)->16473K(16512K) Class: 2661K(2752K)->2661K(2752K)
[716.760s][info][gc             ] GC(2594) Pause Young (Allocation Failure) 724M->624M(865M) 94.431ms
[716.760s][info][gc,cpu         ] GC(2594) User=0.18s Sys=0.00s Real=0.10s
[716.920s][info][gc,start       ] GC(2595) Pause Young (Allocation Failure)
[717.020s][info][gc,heap        ] GC(2595) PSYoungGen: 201504K(218112K)->73216K(222720K) Eden: 111616K(111616K)->0K(111616K) From: 89888K(106496K)->73216K(111104K)
[717.020s][info][gc,heap        ] GC(2595) ParOldGen: 549094K(667648K)->580806K(667648K)
[717.020s][info][gc,metaspace   ] GC(2595) Metaspace: 19134K(19264K)->19134K(19264K) NonClass: 16473K(16512K)->16473K(16512K) Class: 2661K(2752K)->2661K(2752K)
[717.020s][info][gc             ] GC(2595) Pause Young (Allocation Failure) 733M->638M(869M) 100.728ms
[717.020s][info][gc,cpu         ] GC(2595) User=0.20s Sys=0.00s Real=0.10s
[717.128s][info][gc,start       ] GC(2596) Pause Young (Allocation Failure)
[717.201s][info][gc,heap        ] GC(2596) PSYoungGen: 184832K(222720K)->68704K(222720K) Eden: 111616K(111616K)->0K(111616K) From: 73216K(111104K)->68704K(111104K)
[717.201s][info][gc,heap        ] GC(2596) ParOldGen: 580806K(667648K)->586022K(667648K)
[717.201s][info][gc,metaspace   ] GC(2596) Metaspace: 19134K(19264K)->19134K(19264K) NonClass: 16473K(16512K)->16473K(16512K) Class: 2661K(2752K)->2661K(2752K)
[717.201s][info][gc             ] GC(2596) Pause Young (Allocation Failure) 747M->639M(869M) 72.931ms
[717.201s][info][gc,cpu         ] GC(2596) User=0.15s Sys=0.00s Real=0.07s
[717.318s][info][gc,start       ] GC(2597) Pause Young (Allocation Failure)
[717.387s][info][gc,heap        ] GC(2597) PSYoungGen: 180320K(222720K)->58480K(222720K) Eden: 111616K(111616K)->0K(111616K) From: 68704K(111104K)->58480K(111104K)
[717.387s][info][gc,heap        ] GC(2597) ParOldGen: 586022K(667648K)->598054K(667648K)
[717.387s][info][gc,metaspace   ] GC(2597) Metaspace: 19134K(19264K)->19134K(19264K) NonClass: 16473K(16512K)->16473K(16512K) Class: 2661K(2752K)->2661K(2752K)
[717.387s][info][gc             ] GC(2597) Pause Young (Allocation Failure) 748M->641M(869M) 68.960ms
[717.387s][info][gc,cpu         ] GC(2597) User=0.14s Sys=0.00s Real=0.07s
[717.526s][info][gc,start       ] GC(2598) Pause Young (Allocation Failure)
[717.588s][info][gc,heap        ] GC(2598) PSYoungGen: 170096K(222720K)->21728K(222720K) Eden: 111616K(111616K)->0K(111616K) From: 58480K(111104K)->21728K(111104K)
[717.588s][info][gc,heap        ] GC(2598) ParOldGen: 598054K(667648K)->639159K(667648K)
[717.588s][info][gc,metaspace   ] GC(2598) Metaspace: 19134K(19264K)->19134K(19264K) NonClass: 16473K(16512K)->16473K(16512K) Class: 2661K(2752K)->2661K(2752K)
[717.589s][info][gc             ] GC(2598) Pause Young (Allocation Failure) 750M->645M(869M) 62.346ms
[717.589s][info][gc,cpu         ] GC(2598) User=0.13s Sys=0.00s Real=0.06s
[717.670s][info][gc,start       ] GC(2599) Pause Full (Allocation Failure)
[717.670s][info][gc,phases,start] GC(2599) Marking Phase
[717.917s][info][gc,phases      ] GC(2599) Marking Phase 247.313ms
[717.917s][info][gc,phases,start] GC(2599) Summary Phase
[717.917s][info][gc,phases      ] GC(2599) Summary Phase 0.027ms
[717.917s][info][gc,phases,start] GC(2599) Forward
[718.046s][info][gc,phases      ] GC(2599) Forward 128.402ms
[718.046s][info][gc,phases,start] GC(2599) Adjust Pointers
[718.252s][info][gc,phases      ] GC(2599) Adjust Pointers 206.087ms
[718.252s][info][gc,phases,start] GC(2599) Compaction Phase
[718.362s][info][gc,phases      ] GC(2599) Compaction Phase 110.057ms
[718.374s][info][gc,phases,start] GC(2599) Post Compact
[718.376s][info][gc,phases      ] GC(2599) Post Compact 2.262ms
[718.376s][info][gc,heap        ] GC(2599) PSYoungGen: 133344K(222720K)->0K(222720K) Eden: 111616K(111616K)->0K(111616K) From: 21728K(111104K)->0K(111104K)
[718.376s][info][gc,heap        ] GC(2599) ParOldGen: 639159K(667648K)->353771K(667648K)
[718.376s][info][gc,metaspace   ] GC(2599) Metaspace: 19134K(19264K)->19134K(19264K) NonClass: 16473K(16512K)->16473K(16512K) Class: 2661K(2752K)->2661K(2752K)
[718.376s][info][gc             ] GC(2599) Pause Full (Allocation Failure) 754M->345M(869M) 706.536ms
[718.376s][info][gc,cpu         ] GC(2599) User=1.24s Sys=0.01s Real=0.71s
[718.522s][info][gc,start       ] GC(2600) Pause Young (Allocation Failure)
[718.531s][info][gc,heap        ] GC(2600) PSYoungGen: 111616K(222720K)->6944K(222720K) Eden: 111616K(111616K)->0K(111616K) From: 0K(111104K)->6944K(111104K)
[718.531s][info][gc,heap        ] GC(2600) ParOldGen: 353771K(667648K)->353771K(667648K)
[718.531s][info][gc,metaspace   ] GC(2600) Metaspace: 19134K(19264K)->19134K(19264K) NonClass: 16473K(16512K)->16473K(16512K) Class: 2661K(2752K)->2661K(2752K)
[718.531s][info][gc             ] GC(2600) Pause Young (Allocation Failure) 454M->352M(869M) 9.082ms
[718.531s][info][gc,cpu         ] GC(2600) User=0.02s Sys=0.00s Real=0.01s
[718.678s][info][gc,start       ] GC(2601) Pause Young (Allocation Failure)
[718.695s][info][gc,heap        ] GC(2601) PSYoungGen: 118560K(222720K)->15392K(222720K) Eden: 111616K(111616K)->0K(111616K) From: 6944K(111104K)->15392K(111104K)
[718.695s][info][gc,heap        ] GC(2601) ParOldGen: 353771K(667648K)->353771K(667648K)
[718.695s][info][gc,metaspace   ] GC(2601) Metaspace: 19134K(19264K)->19134K(19264K) NonClass: 16473K(16512K)->16473K(16512K) Class: 2661K(2752K)->2661K(2752K)
[718.695s][info][gc             ] GC(2601) Pause Young (Allocation Failure) 461M->360M(869M) 16.463ms
[718.695s][info][gc,cpu         ] GC(2601) User=0.03s Sys=0.00s Real=0.01s
[719.030s][info][gc,start       ] GC(2602) Pause Young (Allocation Failure)
[719.047s][info][gc,heap        ] GC(2602) PSYoungGen: 127008K(222720K)->96K(222720K) Eden: 111616K(111616K)->0K(111616K) From: 15392K(111104K)->96K(111104K)
[719.047s][info][gc,heap        ] GC(2602) ParOldGen: 353771K(667648K)->369153K(667648K)
[719.047s][info][gc,metaspace   ] GC(2602) Metaspace: 19134K(19264K)->19134K(19264K) NonClass: 16473K(16512K)->16473K(16512K) Class: 2661K(2752K)->2661K(2752K)
[719.047s][info][gc             ] GC(2602) Pause Young (Allocation Failure) 469M->360M(869M) 17.145ms
[719.047s][info][gc,cpu         ] GC(2602) User=0.03s Sys=0.00s Real=0.02s
[719.301s][info][gc,start       ] GC(2603) Pause Young (Allocation Failure)
[719.303s][info][gc,heap        ] GC(2603) PSYoungGen: 111712K(222720K)->208K(222720K) Eden: 111616K(111616K)->0K(111616K) From: 96K(111104K)->208K(111104K)
[719.303s][info][gc,heap        ] GC(2603) ParOldGen: 369153K(667648K)->369217K(667648K)
[719.303s][info][gc,metaspace   ] GC(2603) Metaspace: 19134K(19264K)->19134K(19264K) NonClass: 16473K(16512K)->16473K(16512K) Class: 2661K(2752K)->2661K(2752K)
[719.303s][info][gc             ] GC(2603) Pause Young (Allocation Failure) 469M->360M(869M) 2.113ms
[719.303s][info][gc,cpu         ] GC(2603) User=0.01s Sys=0.00s Real=0.00s
[719.560s][info][gc,start       ] GC(2604) Pause Young (Allocation Failure)
[719.562s][info][gc,heap        ] GC(2604) PSYoungGen: 111824K(222720K)->64K(219648K) Eden: 111616K(111616K)->0K(111616K) From: 208K(111104K)->64K(108032K)
[719.562s][info][gc,heap        ] GC(2604) ParOldGen: 369217K(667648K)->369401K(667648K)
[719.562s][info][gc,metaspace   ] GC(2604) Metaspace: 19134K(19264K)->19134K(19264K) NonClass: 16473K(16512K)->16473K(16512K) Class: 2661K(2752K)->2661K(2752K)
[719.562s][info][gc             ] GC(2604) Pause Young (Allocation Failure) 469M->360M(866M) 2.083ms
[719.562s][info][gc,cpu         ] GC(2604) User=0.00s Sys=0.00s Real=0.00s
[719.787s][info][gc,start       ] GC(2605) Pause Young (Allocation Failure)
[719.789s][info][gc,heap        ] GC(2605) PSYoungGen: 111680K(219648K)->64K(221184K) Eden: 111616K(111616K)->0K(111616K) From: 64K(108032K)->64K(109568K)
[719.789s][info][gc,heap        ] GC(2605) ParOldGen: 369401K(667648K)->369401K(667648K)
[719.789s][info][gc,metaspace   ] GC(2605) Metaspace: 19134K(19264K)->19134K(19264K) NonClass: 16473K(16512K)->16473K(16512K) Class: 2661K(2752K)->2661K(2752K)
[719.789s][info][gc             ] GC(2605) Pause Young (Allocation Failure) 469M->360M(868M) 2.023ms
[719.789s][info][gc,cpu         ] GC(2605) User=0.00s Sys=0.00s Real=0.00s
[720.083s][info][gc,start       ] GC(2606) Pause Young (Allocation Failure)
[720.085s][info][gc,heap        ] GC(2606) PSYoungGen: 111680K(221184K)->128K(217600K) Eden: 111616K(111616K)->0K(117248K) From: 64K(109568K)->128K(100352K)
[720.085s][info][gc,heap        ] GC(2606) ParOldGen: 369401K(667648K)->369401K(667648K)
[720.085s][info][gc,metaspace   ] GC(2606) Metaspace: 19134K(19264K)->19134K(19264K) NonClass: 16473K(16512K)->16473K(16512K) Class: 2661K(2752K)->2661K(2752K)
[720.085s][info][gc             ] GC(2606) Pause Young (Allocation Failure) 469M->360M(864M) 2.446ms
[720.085s][info][gc,cpu         ] GC(2606) User=0.01s Sys=0.00s Real=0.00s
[720.347s][info][gc,start       ] GC(2607) Pause Young (Allocation Failure)
[720.355s][info][gc,heap        ] GC(2607) PSYoungGen: 117376K(217600K)->5536K(220160K) Eden: 117248K(117248K)->0K(117248K) From: 128K(100352K)->5536K(102912K)
[720.355s][info][gc,heap        ] GC(2607) ParOldGen: 369401K(667648K)->369401K(667648K)
[720.355s][info][gc,metaspace   ] GC(2607) Metaspace: 19134K(19264K)->19134K(19264K) NonClass: 16473K(16512K)->16473K(16512K) Class: 2661K(2752K)->2661K(2752K)
[720.355s][info][gc             ] GC(2607) Pause Young (Allocation Failure) 475M->366M(867M) 8.016ms
[720.355s][info][gc,cpu         ] GC(2607) User=0.01s Sys=0.00s Real=0.00s
[720.461s][info][gc,start       ] GC(2608) Pause Young (Allocation Failure)
[720.498s][info][gc,heap        ] GC(2608) PSYoungGen: 122784K(220160K)->45040K(219648K) Eden: 117248K(117248K)->0K(121856K) From: 5536K(102912K)->45040K(97792K)
[720.498s][info][gc,heap        ] GC(2608) ParOldGen: 369401K(667648K)->369401K(667648K)
[720.498s][info][gc,metaspace   ] GC(2608) Metaspace: 19134K(19264K)->19134K(19264K) NonClass: 16473K(16512K)->16473K(16512K) Class: 2661K(2752K)->2661K(2752K)
[720.498s][info][gc             ] GC(2608) Pause Young (Allocation Failure) 480M->404M(866M) 36.812ms
[720.498s][info][gc,cpu         ] GC(2608) User=0.07s Sys=0.00s Real=0.04s
[720.559s][info][gc,start       ] GC(2609) Pause Young (Allocation Failure)
[720.623s][info][gc,heap        ] GC(2609) PSYoungGen: 166896K(219648K)->89088K(220672K) Eden: 121856K(121856K)->0K(121856K) From: 45040K(97792K)->89088K(98816K)
[720.623s][info][gc,heap        ] GC(2609) ParOldGen: 369401K(667648K)->369401K(667648K)
[720.623s][info][gc,metaspace   ] GC(2609) Metaspace: 19134K(19264K)->19134K(19264K) NonClass: 16473K(16512K)->16473K(16512K) Class: 2661K(2752K)->2661K(2752K)
[720.623s][info][gc             ] GC(2609) Pause Young (Allocation Failure) 523M->447M(867M) 63.426ms
[720.623s][info][gc,cpu         ] GC(2609) User=0.13s Sys=0.00s Real=0.06s
[720.689s][info][gc,start       ] GC(2610) Pause Young (Allocation Failure)
[720.786s][info][gc,heap        ] GC(2610) PSYoungGen: 210944K(220672K)->111072K(222720K) Eden: 121856K(121856K)->0K(111616K) From: 89088K(98816K)->111072K(111104K)
[720.786s][info][gc,heap        ] GC(2610) ParOldGen: 369401K(667648K)->391393K(667648K)
[720.786s][info][gc,metaspace   ] GC(2610) Metaspace: 19134K(19264K)->19134K(19264K) NonClass: 16473K(16512K)->16473K(16512K) Class: 2661K(2752K)->2661K(2752K)
[720.786s][info][gc             ] GC(2610) Pause Young (Allocation Failure) 566M->490M(869M) 97.233ms
[720.786s][info][gc,cpu         ] GC(2610) User=0.19s Sys=0.01s Real=0.09s
[720.883s][info][gc,start       ] GC(2611) Pause Young (Allocation Failure)
[720.994s][info][gc,heap        ] GC(2611) PSYoungGen: 222688K(222720K)->111104K(222720K) Eden: 111616K(111616K)->0K(111616K) From: 111072K(111104K)->111104K(111104K)
[720.994s][info][gc,heap        ] GC(2611) ParOldGen: 391393K(667648K)->439160K(667648K)
[720.994s][info][gc,metaspace   ] GC(2611) Metaspace: 19134K(19264K)->19134K(19264K) NonClass: 16473K(16512K)->16473K(16512K) Class: 2661K(2752K)->2661K(2752K)
[720.994s][info][gc             ] GC(2611) Pause Young (Allocation Failure) 599M->537M(869M) 111.633ms
[720.994s][info][gc,cpu         ] GC(2611) User=0.22s Sys=0.00s Real=0.11s
[721.182s][info][gc,start       ] GC(2612) Pause Young (Allocation Failure)
[721.287s][info][gc,heap        ] GC(2612) PSYoungGen: 222720K(222720K)->49824K(222720K) Eden: 111616K(111616K)->0K(111616K) From: 111104K(111104K)->49824K(111104K)
[721.287s][info][gc,heap        ] GC(2612) ParOldGen: 439160K(667648K)->523181K(667648K)
[721.287s][info][gc,metaspace   ] GC(2612) Metaspace: 19134K(19264K)->19134K(19264K) NonClass: 16473K(16512K)->16473K(16512K) Class: 2661K(2752K)->2661K(2752K)
[721.287s][info][gc             ] GC(2612) Pause Young (Allocation Failure) 646M->559M(869M) 104.414ms
[721.287s][info][gc,cpu         ] GC(2612) User=0.21s Sys=0.00s Real=0.11s
[721.470s][info][gc,start       ] GC(2613) Pause Young (Allocation Failure)
[721.538s][info][gc,heap        ] GC(2613) PSYoungGen: 161440K(222720K)->35392K(222720K) Eden: 111616K(111616K)->0K(111616K) From: 49824K(111104K)->35392K(111104K)
[721.538s][info][gc,heap        ] GC(2613) ParOldGen: 523181K(667648K)->551433K(667648K)
[721.538s][info][gc,metaspace   ] GC(2613) Metaspace: 19134K(19264K)->19134K(19264K) NonClass: 16473K(16512K)->16473K(16512K) Class: 2661K(2752K)->2661K(2752K)
[721.538s][info][gc             ] GC(2613) Pause Young (Allocation Failure) 668M->573M(869M) 67.782ms
[721.538s][info][gc,cpu         ] GC(2613) User=0.14s Sys=0.00s Real=0.07s
[721.642s][info][gc,start       ] GC(2614) Pause Young (Allocation Failure)
[721.701s][info][gc,heap        ] GC(2614) PSYoungGen: 147008K(222720K)->2784K(222720K) Eden: 111616K(111616K)->0K(111616K) From: 35392K(111104K)->2784K(111104K)
[721.701s][info][gc,heap        ] GC(2614) ParOldGen: 551433K(667648K)->586925K(667648K)
[721.701s][info][gc,metaspace   ] GC(2614) Metaspace: 19134K(19264K)->19134K(19264K) NonClass: 16473K(16512K)->16473K(16512K) Class: 2661K(2752K)->2661K(2752K)
[721.701s][info][gc             ] GC(2614) Pause Young (Allocation Failure) 682M->575M(869M) 58.467ms
[721.701s][info][gc,cpu         ] GC(2614) User=0.11s Sys=0.00s Real=0.06s
[721.843s][info][gc,start       ] GC(2615) Pause Young (Allocation Failure)
[721.881s][info][gc,heap        ] GC(2615) PSYoungGen: 114400K(222720K)->12430K(222720K) Eden: 111616K(111616K)->0K(111616K) From: 2784K(111104K)->12430K(111104K)
[721.881s][info][gc,heap        ] GC(2615) ParOldGen: 586925K(667648K)->589701K(667648K)
[721.881s][info][gc,metaspace   ] GC(2615) Metaspace: 19134K(19264K)->19134K(19264K) NonClass: 16473K(16512K)->16473K(16512K) Class: 2661K(2752K)->2661K(2752K)
[721.881s][info][gc             ] GC(2615) Pause Young (Allocation Failure) 684M->588M(869M) 38.328ms
[721.881s][info][gc,cpu         ] GC(2615) User=0.08s Sys=0.00s Real=0.04s
[722.046s][info][gc,start       ] GC(2616) Pause Young (Allocation Failure)
[722.097s][info][gc,heap        ] GC(2616) PSYoungGen: 124046K(222720K)->15776K(222720K) Eden: 111616K(111616K)->0K(111616K) From: 12430K(111104K)->15776K(111104K)
[722.097s][info][gc,heap        ] GC(2616) ParOldGen: 589701K(667648K)->601083K(667648K)
[722.097s][info][gc,metaspace   ] GC(2616) Metaspace: 19134K(19264K)->19134K(19264K) NonClass: 16473K(16512K)->16473K(16512K) Class: 2661K(2752K)->2661K(2752K)
[722.097s][info][gc             ] GC(2616) Pause Young (Allocation Failure) 697M->602M(869M) 50.896ms
[722.097s][info][gc,cpu         ] GC(2616) User=0.10s Sys=0.00s Real=0.05s
[722.262s][info][gc,start       ] GC(2617) Pause Full (Allocation Failure)
[722.262s][info][gc,phases,start] GC(2617) Marking Phase
[722.564s][info][gc,phases      ] GC(2617) Marking Phase 302.313ms
[722.564s][info][gc,phases,start] GC(2617) Summary Phase
[722.564s][info][gc,phases      ] GC(2617) Summary Phase 0.027ms
[722.564s][info][gc,phases,start] GC(2617) Forward
[722.681s][info][gc,phases      ] GC(2617) Forward 116.628ms
[722.681s][info][gc,phases,start] GC(2617) Adjust Pointers
[722.946s][info][gc,phases      ] GC(2617) Adjust Pointers 264.802ms
[722.946s][info][gc,phases,start] GC(2617) Compaction Phase
[723.086s][info][gc,phases      ] GC(2617) Compaction Phase 140.599ms
[723.102s][info][gc,phases,start] GC(2617) Post Compact
[723.104s][info][gc,phases      ] GC(2617) Post Compact 2.189ms
[723.104s][info][gc,heap        ] GC(2617) PSYoungGen: 127392K(222720K)->0K(222720K) Eden: 111616K(111616K)->0K(111616K) From: 15776K(111104K)->0K(111104K)
[723.104s][info][gc,heap        ] GC(2617) ParOldGen: 601083K(667648K)->459061K(667648K)
[723.104s][info][gc,metaspace   ] GC(2617) Metaspace: 19134K(19264K)->19134K(19264K) NonClass: 16473K(16512K)->16473K(16512K) Class: 2661K(2752K)->2661K(2752K)
[723.104s][info][gc             ] GC(2617) Pause Full (Allocation Failure) 711M->448M(869M) 842.422ms
[723.104s][info][gc,cpu         ] GC(2617) User=1.57s Sys=0.00s Real=0.84s
[723.265s][info][gc,start       ] GC(2618) Pause Young (Allocation Failure)
[723.267s][info][gc,heap        ] GC(2618) PSYoungGen: 111616K(222720K)->64K(222720K) Eden: 111616K(111616K)->0K(111616K) From: 0K(111104K)->64K(111104K)
[723.267s][info][gc,heap        ] GC(2618) ParOldGen: 459061K(667648K)->459061K(667648K)
[723.267s][info][gc,metaspace   ] GC(2618) Metaspace: 19134K(19264K)->19134K(19264K) NonClass: 16473K(16512K)->16473K(16512K) Class: 2661K(2752K)->2661K(2752K)
[723.267s][info][gc             ] GC(2618) Pause Young (Allocation Failure) 557M->448M(869M) 1.565ms
[723.267s][info][gc,cpu         ] GC(2618) User=0.00s Sys=0.00s Real=0.01s
[723.425s][info][gc,start       ] GC(2619) Pause Young (Allocation Failure)
[723.427s][info][gc,heap        ] GC(2619) PSYoungGen: 111680K(222720K)->64K(222720K) Eden: 111616K(111616K)->0K(111616K) From: 64K(111104K)->64K(111104K)
[723.427s][info][gc,heap        ] GC(2619) ParOldGen: 459061K(667648K)->459077K(667648K)
[723.427s][info][gc,metaspace   ] GC(2619) Metaspace: 19134K(19264K)->19134K(19264K) NonClass: 16473K(16512K)->16473K(16512K) Class: 2661K(2752K)->2661K(2752K)
[723.427s][info][gc             ] GC(2619) Pause Young (Allocation Failure) 557M->448M(869M) 1.550ms
[723.427s][info][gc,cpu         ] GC(2619) User=0.00s Sys=0.00s Real=0.01s
[723.585s][info][gc,start       ] GC(2620) Pause Young (Allocation Failure)
[723.587s][info][gc,heap        ] GC(2620) PSYoungGen: 111680K(222720K)->64K(222720K) Eden: 111616K(111616K)->0K(111616K) From: 64K(111104K)->64K(111104K)
[723.587s][info][gc,heap        ] GC(2620) ParOldGen: 459077K(667648K)->459077K(667648K)
[723.587s][info][gc,metaspace   ] GC(2620) Metaspace: 19134K(19264K)->19134K(19264K) NonClass: 16473K(16512K)->16473K(16512K) Class: 2661K(2752K)->2661K(2752K)
[723.587s][info][gc             ] GC(2620) Pause Young (Allocation Failure) 557M->448M(869M) 1.597ms
[723.587s][info][gc,cpu         ] GC(2620) User=0.00s Sys=0.00s Real=0.01s
[723.746s][info][gc,start       ] GC(2621) Pause Young (Allocation Failure)
[723.747s][info][gc,heap        ] GC(2621) PSYoungGen: 111680K(222720K)->64K(222720K) Eden: 111616K(111616K)->0K(111616K) From: 64K(111104K)->64K(111104K)
[723.747s][info][gc,heap        ] GC(2621) ParOldGen: 459077K(667648K)->459077K(667648K)
[723.747s][info][gc,metaspace   ] GC(2621) Metaspace: 19134K(19264K)->19134K(19264K) NonClass: 16473K(16512K)->16473K(16512K) Class: 2661K(2752K)->2661K(2752K)
[723.747s][info][gc             ] GC(2621) Pause Young (Allocation Failure) 557M->448M(869M) 1.586ms
[723.747s][info][gc,cpu         ] GC(2621) User=0.01s Sys=0.00s Real=0.01s
[723.911s][info][gc,start       ] GC(2622) Pause Young (Allocation Failure)
[723.912s][info][gc,heap        ] GC(2622) PSYoungGen: 111680K(222720K)->64K(222720K) Eden: 111616K(111616K)->0K(111616K) From: 64K(111104K)->64K(111104K)
[723.912s][info][gc,heap        ] GC(2622) ParOldGen: 459077K(667648K)->459077K(667648K)
[723.912s][info][gc,metaspace   ] GC(2622) Metaspace: 19134K(19264K)->19134K(19264K) NonClass: 16473K(16512K)->16473K(16512K) Class: 2661K(2752K)->2661K(2752K)
[723.912s][info][gc             ] GC(2622) Pause Young (Allocation Failure) 557M->448M(869M) 1.594ms
[723.912s][info][gc,cpu         ] GC(2622) User=0.01s Sys=0.00s Real=0.00s
[724.077s][info][gc,start       ] GC(2623) Pause Young (Allocation Failure)
[724.079s][info][gc,heap        ] GC(2623) PSYoungGen: 111680K(222720K)->64K(222720K) Eden: 111616K(111616K)->0K(111616K) From: 64K(111104K)->64K(111104K)
[724.079s][info][gc,heap        ] GC(2623) ParOldGen: 459077K(667648K)->459077K(667648K)
[724.079s][info][gc,metaspace   ] GC(2623) Metaspace: 19134K(19264K)->19134K(19264K) NonClass: 16473K(16512K)->16473K(16512K) Class: 2661K(2752K)->2661K(2752K)
[724.079s][info][gc             ] GC(2623) Pause Young (Allocation Failure) 557M->448M(869M) 1.581ms
[724.079s][info][gc,cpu         ] GC(2623) User=0.00s Sys=0.00s Real=0.00s
[724.185s][info][gc,start       ] GC(2624) Pause Young (Allocation Failure)
[724.207s][info][gc,heap        ] GC(2624) PSYoungGen: 111680K(222720K)->17984K(212480K) Eden: 111616K(111616K)->0K(111616K) From: 64K(111104K)->17984K(100864K)
[724.207s][info][gc,heap        ] GC(2624) ParOldGen: 459077K(667648K)->459077K(667648K)
[724.207s][info][gc,metaspace   ] GC(2624) Metaspace: 19134K(19264K)->19134K(19264K) NonClass: 16473K(16512K)->16473K(16512K) Class: 2661K(2752K)->2661K(2752K)
[724.207s][info][gc             ] GC(2624) Pause Young (Allocation Failure) 557M->465M(859M) 21.483ms
[724.207s][info][gc,cpu         ] GC(2624) User=0.04s Sys=0.00s Real=0.03s
[724.319s][info][gc,start       ] GC(2625) Pause Young (Allocation Failure)
[724.349s][info][gc,heap        ] GC(2625) PSYoungGen: 129600K(212480K)->29184K(217600K) Eden: 111616K(111616K)->0K(111616K) From: 17984K(100864K)->29184K(105984K)
[724.349s][info][gc,heap        ] GC(2625) ParOldGen: 459077K(667648K)->459077K(667648K)
[724.349s][info][gc,metaspace   ] GC(2625) Metaspace: 19134K(19264K)->19134K(19264K) NonClass: 16473K(16512K)->16473K(16512K) Class: 2661K(2752K)->2661K(2752K)
[724.349s][info][gc             ] GC(2625) Pause Young (Allocation Failure) 574M->476M(864M) 30.173ms
[724.349s][info][gc,cpu         ] GC(2625) User=0.06s Sys=0.00s Real=0.03s
[724.446s][info][gc,start       ] GC(2626) Pause Young (Allocation Failure)
[724.478s][info][gc,heap        ] GC(2626) PSYoungGen: 140800K(217600K)->31072K(215552K) Eden: 111616K(111616K)->0K(121856K) From: 29184K(105984K)->31072K(93696K)
[724.478s][info][gc,heap        ] GC(2626) ParOldGen: 459077K(667648K)->459077K(667648K)
[724.478s][info][gc,metaspace   ] GC(2626) Metaspace: 19134K(19264K)->19134K(19264K) NonClass: 16473K(16512K)->16473K(16512K) Class: 2661K(2752K)->2661K(2752K)
[724.478s][info][gc             ] GC(2626) Pause Young (Allocation Failure) 585M->478M(862M) 31.726ms
[724.478s][info][gc,cpu         ] GC(2626) User=0.06s Sys=0.00s Real=0.03s
[724.593s][info][gc,start       ] GC(2627) Pause Young (Allocation Failure)
[724.627s][info][gc,heap        ] GC(2627) PSYoungGen: 152928K(215552K)->32800K(218112K) Eden: 121856K(121856K)->0K(121856K) From: 31072K(93696K)->32800K(96256K)
[724.627s][info][gc,heap        ] GC(2627) ParOldGen: 459077K(667648K)->459077K(667648K)
[724.627s][info][gc,metaspace   ] GC(2627) Metaspace: 19134K(19264K)->19134K(19264K) NonClass: 16473K(16512K)->16473K(16512K) Class: 2661K(2752K)->2661K(2752K)
[724.627s][info][gc             ] GC(2627) Pause Young (Allocation Failure) 597M->480M(865M) 34.456ms
[724.627s][info][gc,cpu         ] GC(2627) User=0.06s Sys=0.01s Real=0.04s
[724.760s][info][gc,start       ] GC(2628) Pause Young (Allocation Failure)
[724.797s][info][gc,heap        ] GC(2628) PSYoungGen: 154656K(218112K)->37472K(223232K) Eden: 121856K(121856K)->0K(134144K) From: 32800K(96256K)->37472K(89088K)
[724.797s][info][gc,heap        ] GC(2628) ParOldGen: 459077K(667648K)->459077K(667648K)
[724.797s][info][gc,metaspace   ] GC(2628) Metaspace: 19134K(19264K)->19134K(19264K) NonClass: 16473K(16512K)->16473K(16512K) Class: 2661K(2752K)->2661K(2752K)
[724.797s][info][gc             ] GC(2628) Pause Young (Allocation Failure) 599M->484M(870M) 36.651ms
[724.797s][info][gc,cpu         ] GC(2628) User=0.07s Sys=0.00s Real=0.04s
[724.971s][info][gc,start       ] GC(2629) Pause Young (Allocation Failure)
[725.012s][info][gc,heap        ] GC(2629) PSYoungGen: 171616K(223232K)->23008K(224768K) Eden: 134144K(134144K)->0K(134144K) From: 37472K(89088K)->23008K(90624K)
[725.012s][info][gc,heap        ] GC(2629) ParOldGen: 459077K(667648K)->477077K(667648K)
[725.012s][info][gc,metaspace   ] GC(2629) Metaspace: 19134K(19264K)->19134K(19264K) NonClass: 16473K(16512K)->16473K(16512K) Class: 2661K(2752K)->2661K(2752K)
[725.012s][info][gc             ] GC(2629) Pause Young (Allocation Failure) 615M->488M(871M) 41.021ms
[725.012s][info][gc,cpu         ] GC(2629) User=0.08s Sys=0.00s Real=0.04s
[725.300s][info][gc,start       ] GC(2630) Pause Young (Allocation Failure)
[725.324s][info][gc,heap        ] GC(2630) PSYoungGen: 157152K(224768K)->11840K(223232K) Eden: 134144K(134144K)->0K(146944K) From: 23008K(90624K)->11840K(76288K)
[725.325s][info][gc,heap        ] GC(2630) ParOldGen: 477077K(667648K)->488325K(667648K)
[725.325s][info][gc,metaspace   ] GC(2630) Metaspace: 19134K(19264K)->19134K(19264K) NonClass: 16473K(16512K)->16473K(16512K) Class: 2661K(2752K)->2661K(2752K)
[725.325s][info][gc             ] GC(2630) Pause Young (Allocation Failure) 619M->488M(870M) 24.423ms
[725.325s][info][gc,cpu         ] GC(2630) User=0.04s Sys=0.00s Real=0.02s
[725.602s][info][gc,start       ] GC(2631) Pause Young (Allocation Failure)
[725.616s][info][gc,heap        ] GC(2631) PSYoungGen: 158784K(223232K)->11904K(227840K) Eden: 146944K(146944K)->0K(146944K) From: 11840K(76288K)->11904K(80896K)
[725.616s][info][gc,heap        ] GC(2631) ParOldGen: 488325K(667648K)->488325K(667648K)
[725.616s][info][gc,metaspace   ] GC(2631) Metaspace: 19134K(19264K)->19134K(19264K) NonClass: 16473K(16512K)->16473K(16512K) Class: 2661K(2752K)->2661K(2752K)
[725.616s][info][gc             ] GC(2631) Pause Young (Allocation Failure) 631M->488M(874M) 13.683ms
[725.616s][info][gc,cpu         ] GC(2631) User=0.02s Sys=0.00s Real=0.02s
[725.878s][info][gc,start       ] GC(2632) Pause Young (Allocation Failure)
[725.894s][info][gc,heap        ] GC(2632) PSYoungGen: 158848K(227840K)->11904K(226304K) Eden: 146944K(146944K)->0K(158208K) From: 11904K(80896K)->11904K(68096K)
[725.894s][info][gc,heap        ] GC(2632) ParOldGen: 488325K(667648K)->488325K(667648K)
[725.894s][info][gc,metaspace   ] GC(2632) Metaspace: 19134K(19264K)->19134K(19264K) NonClass: 16473K(16512K)->16473K(16512K) Class: 2661K(2752K)->2661K(2752K)
[725.894s][info][gc             ] GC(2632) Pause Young (Allocation Failure) 632M->488M(873M) 16.831ms
[725.894s][info][gc,cpu         ] GC(2632) User=0.03s Sys=0.00s Real=0.01s
[726.145s][info][gc,start       ] GC(2633) Pause Young (Allocation Failure)
[726.171s][info][gc,heap        ] GC(2633) PSYoungGen: 170112K(226304K)->24992K(231424K) Eden: 158208K(158208K)->0K(158208K) From: 11904K(68096K)->24992K(73216K)
[726.171s][info][gc,heap        ] GC(2633) ParOldGen: 488325K(667648K)->488325K(667648K)
[726.171s][info][gc,metaspace   ] GC(2633) Metaspace: 19134K(19264K)->19134K(19264K) NonClass: 16473K(16512K)->16473K(16512K) Class: 2661K(2752K)->2661K(2752K)
[726.171s][info][gc             ] GC(2633) Pause Young (Allocation Failure) 643M->501M(878M) 26.350ms
[726.171s][info][gc,cpu         ] GC(2633) User=0.05s Sys=0.00s Real=0.03s
[726.368s][info][gc,start       ] GC(2634) Pause Young (Allocation Failure)
[726.396s][info][gc,heap        ] GC(2634) PSYoungGen: 183200K(231424K)->27872K(235520K) Eden: 158208K(158208K)->0K(170496K) From: 24992K(73216K)->27872K(65024K)
[726.396s][info][gc,heap        ] GC(2634) ParOldGen: 488325K(667648K)->488325K(667648K)
[726.396s][info][gc,metaspace   ] GC(2634) Metaspace: 19134K(19264K)->19134K(19264K) NonClass: 16473K(16512K)->16473K(16512K) Class: 2661K(2752K)->2661K(2752K)
[726.396s][info][gc             ] GC(2634) Pause Young (Allocation Failure) 655M->504M(882M) 28.081ms
[726.396s][info][gc,cpu         ] GC(2634) User=0.06s Sys=0.00s Real=0.03s
[726.528s][info][gc,start       ] GC(2635) Pause Young (Allocation Failure)
[726.596s][info][gc,heap        ] GC(2635) PSYoungGen: 198368K(235520K)->67040K(237568K) Eden: 170496K(170496K)->0K(170496K) From: 27872K(65024K)->67040K(67072K)
[726.596s][info][gc,heap        ] GC(2635) ParOldGen: 488325K(667648K)->500021K(667648K)
[726.596s][info][gc,metaspace   ] GC(2635) Metaspace: 19134K(19264K)->19134K(19264K) NonClass: 16473K(16512K)->16473K(16512K) Class: 2661K(2752K)->2661K(2752K)
[726.596s][info][gc             ] GC(2635) Pause Young (Allocation Failure) 670M->553M(884M) 67.621ms
[726.596s][info][gc,cpu         ] GC(2635) User=0.13s Sys=0.00s Real=0.07s
[726.866s][info][gc,start       ] GC(2636) Pause Young (Allocation Failure)
[726.955s][info][gc,heap        ] GC(2636) PSYoungGen: 237536K(237568K)->76656K(224768K) Eden: 170496K(170496K)->0K(141312K) From: 67040K(67072K)->76656K(83456K)
[726.955s][info][gc,heap        ] GC(2636) ParOldGen: 500021K(667648K)->503653K(667648K)
[726.955s][info][gc,metaspace   ] GC(2636) Metaspace: 19134K(19264K)->19134K(19264K) NonClass: 16473K(16512K)->16473K(16512K) Class: 2661K(2752K)->2661K(2752K)
[726.955s][info][gc             ] GC(2636) Pause Young (Allocation Failure) 720M->566M(871M) 89.860ms
[726.955s][info][gc,cpu         ] GC(2636) User=0.16s Sys=0.02s Real=0.09s
[727.160s][info][gc,start       ] GC(2637) Pause Young (Allocation Failure)
[727.239s][info][gc,heap        ] GC(2637) PSYoungGen: 217968K(224768K)->71984K(213504K) Eden: 141312K(141312K)->0K(141312K) From: 76656K(83456K)->71984K(72192K)
[727.240s][info][gc,heap        ] GC(2637) ParOldGen: 503653K(667648K)->508341K(667648K)
[727.240s][info][gc,metaspace   ] GC(2637) Metaspace: 19134K(19264K)->19134K(19264K) NonClass: 16473K(16512K)->16473K(16512K) Class: 2661K(2752K)->2661K(2752K)
[727.240s][info][gc             ] GC(2637) Pause Young (Allocation Failure) 704M->566M(860M) 79.694ms
[727.240s][info][gc,cpu         ] GC(2637) User=0.16s Sys=0.00s Real=0.08s
[727.448s][info][gc,start       ] GC(2638) Pause Young (Allocation Failure)
[727.526s][info][gc,heap        ] GC(2638) PSYoungGen: 213296K(213504K)->68528K(220160K) Eden: 141312K(141312K)->0K(115712K) From: 71984K(72192K)->68528K(104448K)
[727.526s][info][gc,heap        ] GC(2638) ParOldGen: 508341K(667648K)->511805K(667648K)
[727.526s][info][gc,metaspace   ] GC(2638) Metaspace: 19134K(19264K)->19134K(19264K) NonClass: 16473K(16512K)->16473K(16512K) Class: 2661K(2752K)->2661K(2752K)
[727.526s][info][gc             ] GC(2638) Pause Young (Allocation Failure) 704M->566M(867M) 78.694ms
[727.527s][info][gc,cpu         ] GC(2638) User=0.16s Sys=0.00s Real=0.08s
[727.695s][info][gc,start       ] GC(2639) Pause Young (Allocation Failure)
[727.768s][info][gc,heap        ] GC(2639) PSYoungGen: 184240K(220160K)->68400K(184320K) Eden: 115712K(115712K)->0K(115712K) From: 68528K(104448K)->68400K(68608K)
[727.768s][info][gc,heap        ] GC(2639) ParOldGen: 511805K(667648K)->511954K(667648K)
[727.768s][info][gc,metaspace   ] GC(2639) Metaspace: 19134K(19264K)->19134K(19264K) NonClass: 16473K(16512K)->16473K(16512K) Class: 2661K(2752K)->2661K(2752K)
[727.768s][info][gc             ] GC(2639) Pause Young (Allocation Failure) 679M->566M(832M) 72.601ms
[727.768s][info][gc,cpu         ] GC(2639) User=0.14s Sys=0.00s Real=0.08s
[727.935s][info][gc,start       ] GC(2640) Pause Young (Allocation Failure)
[728.001s][info][gc,heap        ] GC(2640) PSYoungGen: 184112K(184320K)->52448K(224256K) Eden: 115712K(115712K)->0K(113152K) From: 68400K(68608K)->52448K(111104K)
[728.001s][info][gc,heap        ] GC(2640) ParOldGen: 511954K(667648K)->527981K(667648K)
[728.001s][info][gc,metaspace   ] GC(2640) Metaspace: 19134K(19264K)->19134K(19264K) NonClass: 16473K(16512K)->16473K(16512K) Class: 2661K(2752K)->2661K(2752K)
[728.001s][info][gc             ] GC(2640) Pause Young (Allocation Failure) 679M->566M(871M) 66.047ms
[728.001s][info][gc,cpu         ] GC(2640) User=0.13s Sys=0.00s Real=0.07s
[728.164s][info][gc,start       ] GC(2641) Pause Young (Allocation Failure)
[728.217s][info][gc,heap        ] GC(2641) PSYoungGen: 165600K(224256K)->32K(222720K) Eden: 113152K(113152K)->0K(113152K) From: 52448K(111104K)->32K(109568K)
[728.217s][info][gc,heap        ] GC(2641) ParOldGen: 527981K(667648K)->580653K(667648K)
[728.217s][info][gc,metaspace   ] GC(2641) Metaspace: 19134K(19264K)->19134K(19264K) NonClass: 16473K(16512K)->16473K(16512K) Class: 2661K(2752K)->2661K(2752K)
[728.217s][info][gc             ] GC(2641) Pause Young (Allocation Failure) 677M->567M(869M) 52.170ms
[728.217s][info][gc,cpu         ] GC(2641) User=0.10s Sys=0.00s Real=0.06s
[728.378s][info][gc,start       ] GC(2642) Pause Young (Allocation Failure)
[728.380s][info][gc,heap        ] GC(2642) PSYoungGen: 113184K(222720K)->64K(223744K) Eden: 113152K(113152K)->0K(113152K) From: 32K(109568K)->64K(110592K)
[728.380s][info][gc,heap        ] GC(2642) ParOldGen: 580653K(667648K)->580653K(667648K)
[728.380s][info][gc,metaspace   ] GC(2642) Metaspace: 19134K(19264K)->19134K(19264K) NonClass: 16473K(16512K)->16473K(16512K) Class: 2661K(2752K)->2661K(2752K)
[728.380s][info][gc             ] GC(2642) Pause Young (Allocation Failure) 677M->567M(870M) 1.912ms
[728.380s][info][gc,cpu         ] GC(2642) User=0.01s Sys=0.00s Real=0.00s
[728.539s][info][gc,start       ] GC(2643) Pause Young (Allocation Failure)
[728.541s][info][gc,heap        ] GC(2643) PSYoungGen: 113216K(223744K)->64K(113664K) Eden: 113152K(113152K)->0K(113152K) From: 64K(110592K)->64K(512K)
[728.541s][info][gc,heap        ] GC(2643) ParOldGen: 580653K(667648K)->580653K(667648K)
[728.541s][info][gc,metaspace   ] GC(2643) Metaspace: 19134K(19264K)->19134K(19264K) NonClass: 16473K(16512K)->16473K(16512K) Class: 2661K(2752K)->2661K(2752K)
[728.541s][info][gc             ] GC(2643) Pause Young (Allocation Failure) 677M->567M(763M) 1.967ms
[728.541s][info][gc,cpu         ] GC(2643) User=0.01s Sys=0.00s Real=0.00s
[728.676s][info][gc,start       ] GC(2644) Pause Young (Allocation Failure)
[728.691s][info][gc,heap        ] GC(2644) PSYoungGen: 113216K(113664K)->11456K(225792K) Eden: 113152K(113152K)->0K(117248K) From: 64K(512K)->11456K(108544K)
[728.691s][info][gc,heap        ] GC(2644) ParOldGen: 580653K(667648K)->580653K(667648K)
[728.691s][info][gc,metaspace   ] GC(2644) Metaspace: 19134K(19264K)->19134K(19264K) NonClass: 16473K(16512K)->16473K(16512K) Class: 2661K(2752K)->2661K(2752K)
[728.691s][info][gc             ] GC(2644) Pause Young (Allocation Failure) 677M->578M(872M) 15.091ms
[728.691s][info][gc,cpu         ] GC(2644) User=0.03s Sys=0.00s Real=0.01s
[728.813s][info][gc,start       ] GC(2645) Pause Young (Allocation Failure)
[728.844s][info][gc,heap        ] GC(2645) PSYoungGen: 128704K(225792K)->26336K(143872K) Eden: 117248K(117248K)->0K(117248K) From: 11456K(108544K)->26336K(26624K)
[728.844s][info][gc,heap        ] GC(2645) ParOldGen: 580653K(667648K)->580653K(667648K)
[728.844s][info][gc,metaspace   ] GC(2645) Metaspace: 19134K(19264K)->19134K(19264K) NonClass: 16473K(16512K)->16473K(16512K) Class: 2661K(2752K)->2661K(2752K)
[728.844s][info][gc             ] GC(2645) Pause Young (Allocation Failure) 692M->592M(792M) 30.705ms
[728.844s][info][gc,cpu         ] GC(2645) User=0.05s Sys=0.01s Real=0.03s
[728.912s][info][gc,start       ] GC(2646) Pause Young (Allocation Failure)
[728.962s][info][gc,heap        ] GC(2646) PSYoungGen: 143584K(143872K)->47680K(219136K) Eden: 117248K(117248K)->0K(121344K) From: 26336K(26624K)->47680K(97792K)
[728.962s][info][gc,heap        ] GC(2646) ParOldGen: 580653K(667648K)->580653K(667648K)
[728.962s][info][gc,metaspace   ] GC(2646) Metaspace: 19134K(19264K)->19134K(19264K) NonClass: 16473K(16512K)->16473K(16512K) Class: 2661K(2752K)->2661K(2752K)
[728.962s][info][gc             ] GC(2646) Pause Young (Allocation Failure) 707M->613M(866M) 49.756ms
[728.962s][info][gc,cpu         ] GC(2646) User=0.10s Sys=0.00s Real=0.05s
[729.056s][info][gc,start       ] GC(2647) Pause Young (Allocation Failure)
[729.117s][info][gc,heap        ] GC(2647) PSYoungGen: 169024K(219136K)->60224K(218624K) Eden: 121344K(121344K)->0K(121344K) From: 47680K(97792K)->60224K(97280K)
[729.117s][info][gc,heap        ] GC(2647) ParOldGen: 580653K(667648K)->580653K(667648K)
[729.117s][info][gc,metaspace   ] GC(2647) Metaspace: 19134K(19264K)->19134K(19264K) NonClass: 16473K(16512K)->16473K(16512K) Class: 2661K(2752K)->2661K(2752K)
[729.117s][info][gc             ] GC(2647) Pause Young (Allocation Failure) 732M->625M(865M) 61.068ms
[729.117s][info][gc,cpu         ] GC(2647) User=0.12s Sys=0.00s Real=0.07s
[729.204s][info][gc,start       ] GC(2648) Pause Young (Allocation Failure)
[729.277s][info][gc,heap        ] GC(2648) PSYoungGen: 181568K(218624K)->72992K(217088K) Eden: 121344K(121344K)->0K(115712K) From: 60224K(97280K)->72992K(101376K)
[729.277s][info][gc,heap        ] GC(2648) ParOldGen: 580653K(667648K)->580653K(667648K)
[729.277s][info][gc,metaspace   ] GC(2648) Metaspace: 19134K(19264K)->19134K(19264K) NonClass: 16473K(16512K)->16473K(16512K) Class: 2661K(2752K)->2661K(2752K)
[729.277s][info][gc             ] GC(2648) Pause Young (Allocation Failure) 744M->638M(864M) 73.661ms
[729.277s][info][gc,cpu         ] GC(2648) User=0.14s Sys=0.00s Real=0.08s
[729.357s][info][gc,start       ] GC(2649) Pause Young (Allocation Failure)
[729.446s][info][gc,heap        ] GC(2649) PSYoungGen: 188704K(217088K)->63872K(179712K) Eden: 115712K(115712K)->0K(115712K) From: 72992K(101376K)->63872K(64000K)
[729.446s][info][gc,heap        ] GC(2649) ParOldGen: 580653K(667648K)->607005K(667648K)
[729.446s][info][gc,metaspace   ] GC(2649) Metaspace: 19134K(19264K)->19134K(19264K) NonClass: 16473K(16512K)->16473K(16512K) Class: 2661K(2752K)->2661K(2752K)
[729.446s][info][gc             ] GC(2649) Pause Young (Allocation Failure) 751M->655M(827M) 88.987ms
[729.446s][info][gc,cpu         ] GC(2649) User=0.18s Sys=0.00s Real=0.08s
[729.555s][info][gc,start       ] GC(2650) Pause Young (Allocation Failure)
[729.635s][info][gc,heap        ] GC(2650) PSYoungGen: 179584K(179712K)->46208K(227328K) Eden: 115712K(115712K)->0K(116224K) From: 63872K(64000K)->46208K(111104K)
[729.635s][info][gc,heap        ] GC(2650) ParOldGen: 607005K(667648K)->640981K(667648K)
[729.635s][info][gc,metaspace   ] GC(2650) Metaspace: 19134K(19264K)->19134K(19264K) NonClass: 16473K(16512K)->16473K(16512K) Class: 2661K(2752K)->2661K(2752K)
[729.635s][info][gc             ] GC(2650) Pause Young (Allocation Failure) 768M->671M(874M) 80.171ms
[729.635s][info][gc,cpu         ] GC(2650) User=0.16s Sys=0.00s Real=0.08s
[729.708s][info][gc,start       ] GC(2651) Pause Full (Allocation Failure)
[729.708s][info][gc,phases,start] GC(2651) Marking Phase
[730.109s][info][gc,phases      ] GC(2651) Marking Phase 400.559ms
[730.109s][info][gc,phases,start] GC(2651) Summary Phase
[730.109s][info][gc,phases      ] GC(2651) Summary Phase 0.028ms
[730.109s][info][gc,phases,start] GC(2651) Forward
[730.229s][info][gc,phases      ] GC(2651) Forward 119.812ms
[730.229s][info][gc,phases,start] GC(2651) Adjust Pointers
[730.562s][info][gc,phases      ] GC(2651) Adjust Pointers 333.376ms
[730.562s][info][gc,phases,start] GC(2651) Compaction Phase
[730.786s][info][gc,phases      ] GC(2651) Compaction Phase 223.721ms
[730.797s][info][gc,phases,start] GC(2651) Post Compact
[730.800s][info][gc,phases      ] GC(2651) Post Compact 2.355ms
[730.800s][info][gc,heap        ] GC(2651) PSYoungGen: 162432K(227328K)->0K(222720K) Eden: 116224K(116224K)->0K(116224K) From: 46208K(111104K)->0K(106496K)
[730.800s][info][gc,heap        ] GC(2651) ParOldGen: 640981K(667648K)->533795K(667648K)
[730.800s][info][gc,metaspace   ] GC(2651) Metaspace: 19134K(19264K)->19134K(19264K) NonClass: 16473K(16512K)->16473K(16512K) Class: 2661K(2752K)->2661K(2752K)
[730.800s][info][gc             ] GC(2651) Pause Full (Allocation Failure) 784M->521M(869M) 1091.380ms
[730.800s][info][gc,cpu         ] GC(2651) User=2.14s Sys=0.00s Real=1.09s
[730.914s][info][gc,start       ] GC(2652) Pause Young (Allocation Failure)
[730.921s][info][gc,heap        ] GC(2652) PSYoungGen: 116224K(222720K)->2688K(222720K) Eden: 116224K(116224K)->0K(116224K) From: 0K(106496K)->2688K(106496K)
[730.921s][info][gc,heap        ] GC(2652) ParOldGen: 533795K(667648K)->533795K(667648K)
[730.921s][info][gc,metaspace   ] GC(2652) Metaspace: 19134K(19264K)->19134K(19264K) NonClass: 16473K(16512K)->16473K(16512K) Class: 2661K(2752K)->2661K(2752K)
[730.921s][info][gc             ] GC(2652) Pause Young (Allocation Failure) 634M->523M(869M) 6.665ms
[730.921s][info][gc,cpu         ] GC(2652) User=0.02s Sys=0.00s Real=0.01s
[731.077s][info][gc,start       ] GC(2653) Pause Young (Allocation Failure)
[731.092s][info][gc,heap        ] GC(2653) PSYoungGen: 118912K(222720K)->1248K(222720K) Eden: 116224K(116224K)->0K(116224K) From: 2688K(106496K)->1248K(106496K)
[731.092s][info][gc,heap        ] GC(2653) ParOldGen: 533795K(667648K)->536443K(667648K)
[731.092s][info][gc,metaspace   ] GC(2653) Metaspace: 19134K(19264K)->19134K(19264K) NonClass: 16473K(16512K)->16473K(16512K) Class: 2661K(2752K)->2661K(2752K)
[731.092s][info][gc             ] GC(2653) Pause Young (Allocation Failure) 637M->525M(869M) 14.425ms
[731.092s][info][gc,cpu         ] GC(2653) User=0.03s Sys=0.00s Real=0.01s
[731.209s][info][gc,start       ] GC(2654) Pause Young (Allocation Failure)
[731.221s][info][gc,heap        ] GC(2654) PSYoungGen: 117472K(222720K)->2112K(223744K) Eden: 116224K(116224K)->0K(121344K) From: 1248K(106496K)->2112K(102400K)
[731.221s][info][gc,heap        ] GC(2654) ParOldGen: 536443K(667648K)->537683K(667648K)
[731.221s][info][gc,metaspace   ] GC(2654) Metaspace: 19134K(19264K)->19134K(19264K) NonClass: 16473K(16512K)->16473K(16512K) Class: 2661K(2752K)->2661K(2752K)
[731.221s][info][gc             ] GC(2654) Pause Young (Allocation Failure) 638M->527M(870M) 12.134ms
[731.221s][info][gc,cpu         ] GC(2654) User=0.02s Sys=0.00s Real=0.01s
[731.357s][info][gc,start       ] GC(2655) Pause Young (Allocation Failure)
[731.363s][info][gc,heap        ] GC(2655) PSYoungGen: 123456K(223744K)->1408K(225280K) Eden: 121344K(121344K)->0K(121344K) From: 2112K(102400K)->1408K(103936K)
[731.363s][info][gc,heap        ] GC(2655) ParOldGen: 537683K(667648K)->539763K(667648K)
[731.363s][info][gc,metaspace   ] GC(2655) Metaspace: 19134K(19264K)->19134K(19264K) NonClass: 16473K(16512K)->16473K(16512K) Class: 2661K(2752K)->2661K(2752K)
[731.363s][info][gc             ] GC(2655) Pause Young (Allocation Failure) 645M->528M(872M) 6.430ms
[731.363s][info][gc,cpu         ] GC(2655) User=0.01s Sys=0.01s Real=0.00s
[731.530s][info][gc,start       ] GC(2656) Pause Young (Allocation Failure)
[731.534s][info][gc,heap        ] GC(2656) PSYoungGen: 122752K(225280K)->64K(224256K) Eden: 121344K(121344K)->0K(128000K) From: 1408K(103936K)->64K(96256K)
[731.534s][info][gc,heap        ] GC(2656) ParOldGen: 539763K(667648K)->541137K(667648K)
[731.534s][info][gc,metaspace   ] GC(2656) Metaspace: 19134K(19264K)->19134K(19264K) NonClass: 16473K(16512K)->16473K(16512K) Class: 2661K(2752K)->2661K(2752K)
[731.534s][info][gc             ] GC(2656) Pause Young (Allocation Failure) 646M->528M(871M) 4.281ms
[731.534s][info][gc,cpu         ] GC(2656) User=0.01s Sys=0.00s Real=0.00s
[731.770s][info][gc,start       ] GC(2657) Pause Young (Allocation Failure)
[731.788s][info][gc,heap        ] GC(2657) PSYoungGen: 128064K(224256K)->15808K(226816K) Eden: 128000K(128000K)->0K(128000K) From: 64K(96256K)->15808K(98816K)
[731.788s][info][gc,heap        ] GC(2657) ParOldGen: 541137K(667648K)->541137K(667648K)
[731.788s][info][gc,metaspace   ] GC(2657) Metaspace: 19134K(19264K)->19134K(19264K) NonClass: 16473K(16512K)->16473K(16512K) Class: 2661K(2752K)->2661K(2752K)
[731.788s][info][gc             ] GC(2657) Pause Young (Allocation Failure) 653M->543M(873M) 18.113ms
[731.788s][info][gc,cpu         ] GC(2657) User=0.03s Sys=0.00s Real=0.02s
[732.021s][info][gc,start       ] GC(2658) Pause Young (Allocation Failure)
[732.057s][info][gc,heap        ] GC(2658) PSYoungGen: 143808K(226816K)->33872K(226304K) Eden: 128000K(128000K)->0K(138752K) From: 15808K(98816K)->33872K(87552K)
[732.057s][info][gc,heap        ] GC(2658) ParOldGen: 541137K(667648K)->541137K(667648K)
[732.057s][info][gc,metaspace   ] GC(2658) Metaspace: 19134K(19264K)->19134K(19264K) NonClass: 16473K(16512K)->16473K(16512K) Class: 2661K(2752K)->2661K(2752K)
[732.057s][info][gc             ] GC(2658) Pause Young (Allocation Failure) 668M->561M(873M) 35.736ms
[732.057s][info][gc,cpu         ] GC(2658) User=0.07s Sys=0.00s Real=0.04s
[732.127s][info][gc,start       ] GC(2659) Pause Young (Allocation Failure)
[732.189s][info][gc,heap        ] GC(2659) PSYoungGen: 172624K(226304K)->71496K(228864K) Eden: 138752K(138752K)->0K(138752K) From: 33872K(87552K)->71496K(90112K)
[732.189s][info][gc,heap        ] GC(2659) ParOldGen: 541137K(667648K)->541137K(667648K)
[732.189s][info][gc,metaspace   ] GC(2659) Metaspace: 19134K(19264K)->19134K(19264K) NonClass: 16473K(16512K)->16473K(16512K) Class: 2661K(2752K)->2661K(2752K)
[732.189s][info][gc             ] GC(2659) Pause Young (Allocation Failure) 697M->598M(875M) 62.243ms
[732.189s][info][gc,cpu         ] GC(2659) User=0.13s Sys=0.00s Real=0.06s
[732.346s][info][gc,start       ] GC(2660) Pause Young (Allocation Failure)
[732.431s][info][gc,heap        ] GC(2660) PSYoungGen: 210248K(228864K)->86704K(212480K) Eden: 138752K(138752K)->0K(111616K) From: 71496K(90112K)->86704K(100864K)
[732.431s][info][gc,heap        ] GC(2660) ParOldGen: 541137K(667648K)->556921K(667648K)
[732.431s][info][gc,metaspace   ] GC(2660) Metaspace: 19134K(19264K)->19134K(19264K) NonClass: 16473K(16512K)->16473K(16512K) Class: 2661K(2752K)->2661K(2752K)
[732.431s][info][gc             ] GC(2660) Pause Young (Allocation Failure) 733M->628M(859M) 84.850ms
[732.431s][info][gc,cpu         ] GC(2660) User=0.16s Sys=0.00s Real=0.08s
[732.581s][info][gc,start       ] GC(2661) Pause Young (Allocation Failure)
[732.644s][info][gc,heap        ] GC(2661) PSYoungGen: 198320K(212480K)->31168K(222720K) Eden: 111616K(111616K)->0K(111616K) From: 86704K(100864K)->31168K(111104K)
[732.644s][info][gc,heap        ] GC(2661) ParOldGen: 556921K(667648K)->613068K(667648K)
[732.644s][info][gc,metaspace   ] GC(2661) Metaspace: 19134K(19264K)->19134K(19264K) NonClass: 16473K(16512K)->16473K(16512K) Class: 2661K(2752K)->2661K(2752K)
[732.644s][info][gc             ] GC(2661) Pause Young (Allocation Failure) 737M->629M(869M) 63.306ms
[732.644s][info][gc,cpu         ] GC(2661) User=0.13s Sys=0.00s Real=0.06s
[732.843s][info][gc,start       ] GC(2662) Pause Full (Allocation Failure)
[732.843s][info][gc,phases,start] GC(2662) Marking Phase
[733.327s][info][gc,phases      ] GC(2662) Marking Phase 483.327ms
[733.327s][info][gc,phases,start] GC(2662) Summary Phase
[733.327s][info][gc,phases      ] GC(2662) Summary Phase 0.028ms
[733.327s][info][gc,phases,start] GC(2662) Forward
[733.334s][info][gc,phases      ] GC(2662) Forward 6.986ms
[733.334s][info][gc,phases,start] GC(2662) Adjust Pointers
[733.656s][info][gc,phases      ] GC(2662) Adjust Pointers 322.116ms
[733.656s][info][gc,phases,start] GC(2662) Compaction Phase
[733.794s][info][gc,phases      ] GC(2662) Compaction Phase 138.019ms
[733.794s][info][gc,phases,start] GC(2662) Post Compact
[733.796s][info][gc,phases      ] GC(2662) Post Compact 2.176ms
[733.796s][info][gc,heap        ] GC(2662) PSYoungGen: 142784K(222720K)->0K(219136K) Eden: 111616K(111616K)->0K(115200K) From: 31168K(111104K)->0K(103936K)
[733.796s][info][gc,heap        ] GC(2662) ParOldGen: 613068K(667648K)->644422K(667648K)
[733.796s][info][gc,metaspace   ] GC(2662) Metaspace: 19134K(19264K)->19134K(19264K) NonClass: 16473K(16512K)->16473K(16512K) Class: 2661K(2752K)->2661K(2752K)
[733.796s][info][gc             ] GC(2662) Pause Full (Allocation Failure) 738M->629M(866M) 953.191ms
[733.797s][info][gc,cpu         ] GC(2662) User=1.87s Sys=0.00s Real=0.96s
[733.987s][info][gc,start       ] GC(2663) Pause Full (Allocation Failure)
[733.987s][info][gc,phases,start] GC(2663) Marking Phase
[734.466s][info][gc,phases      ] GC(2663) Marking Phase 478.288ms
[734.466s][info][gc,phases,start] GC(2663) Summary Phase
[734.466s][info][gc,phases      ] GC(2663) Summary Phase 0.027ms
[734.466s][info][gc,phases,start] GC(2663) Forward
[734.466s][info][gc,phases      ] GC(2663) Forward 0.756ms
[734.466s][info][gc,phases,start] GC(2663) Adjust Pointers
[734.786s][info][gc,phases      ] GC(2663) Adjust Pointers 319.184ms
[734.786s][info][gc,phases,start] GC(2663) Compaction Phase
[734.926s][info][gc,phases      ] GC(2663) Compaction Phase 140.682ms
[734.926s][info][gc,phases,start] GC(2663) Post Compact
[734.929s][info][gc,phases      ] GC(2663) Post Compact 2.119ms
[734.929s][info][gc,heap        ] GC(2663) PSYoungGen: 115200K(219136K)->0K(222720K) Eden: 115200K(115200K)->0K(115200K) From: 0K(103936K)->0K(107520K)
[734.929s][info][gc,heap        ] GC(2663) ParOldGen: 644422K(667648K)->644753K(667648K)
[734.929s][info][gc,metaspace   ] GC(2663) Metaspace: 19134K(19264K)->19134K(19264K) NonClass: 16473K(16512K)->16473K(16512K) Class: 2661K(2752K)->2661K(2752K)
[734.929s][info][gc             ] GC(2663) Pause Full (Allocation Failure) 741M->629M(869M) 941.542ms
[734.929s][info][gc,cpu         ] GC(2663) User=1.84s Sys=0.00s Real=0.94s
[735.075s][info][gc,start       ] GC(2664) Pause Full (Allocation Failure)
[735.076s][info][gc,phases,start] GC(2664) Marking Phase
[735.557s][info][gc,phases      ] GC(2664) Marking Phase 481.474ms
[735.557s][info][gc,phases,start] GC(2664) Summary Phase
[735.557s][info][gc,phases      ] GC(2664) Summary Phase 0.039ms
[735.557s][info][gc,phases,start] GC(2664) Forward
[735.558s][info][gc,phases      ] GC(2664) Forward 1.037ms
[735.558s][info][gc,phases,start] GC(2664) Adjust Pointers
[735.880s][info][gc,phases      ] GC(2664) Adjust Pointers 322.070ms
[735.880s][info][gc,phases,start] GC(2664) Compaction Phase
[736.022s][info][gc,phases      ] GC(2664) Compaction Phase 141.823ms
[736.022s][info][gc,phases,start] GC(2664) Post Compact
[736.024s][info][gc,phases      ] GC(2664) Post Compact 2.190ms
[736.024s][info][gc,heap        ] GC(2664) PSYoungGen: 115200K(222720K)->0K(226304K) Eden: 115200K(115200K)->0K(118784K) From: 0K(107520K)->0K(107520K)
[736.024s][info][gc,heap        ] GC(2664) ParOldGen: 644753K(667648K)->645386K(667648K)
[736.025s][info][gc,metaspace   ] GC(2664) Metaspace: 19134K(19264K)->19134K(19264K) NonClass: 16473K(16512K)->16473K(16512K) Class: 2661K(2752K)->2661K(2752K)
[736.025s][info][gc             ] GC(2664) Pause Full (Allocation Failure) 742M->630M(873M) 949.047ms
[736.025s][info][gc,cpu         ] GC(2664) User=1.86s Sys=0.00s Real=0.95s
[736.151s][info][gc,start       ] GC(2665) Pause Full (Allocation Failure)
[736.151s][info][gc,phases,start] GC(2665) Marking Phase
[736.635s][info][gc,phases      ] GC(2665) Marking Phase 484.421ms
[736.635s][info][gc,phases,start] GC(2665) Summary Phase
[736.635s][info][gc,phases      ] GC(2665) Summary Phase 0.025ms
[736.635s][info][gc,phases,start] GC(2665) Forward
[736.637s][info][gc,phases      ] GC(2665) Forward 1.294ms
[736.637s][info][gc,phases,start] GC(2665) Adjust Pointers
[736.968s][info][gc,phases      ] GC(2665) Adjust Pointers 331.430ms
[736.968s][info][gc,phases,start] GC(2665) Compaction Phase
[737.109s][info][gc,phases      ] GC(2665) Compaction Phase 140.841ms
[737.109s][info][gc,phases,start] GC(2665) Post Compact
[737.111s][info][gc,phases      ] GC(2665) Post Compact 2.201ms
[737.111s][info][gc,heap        ] GC(2665) PSYoungGen: 118784K(226304K)->0K(226304K) Eden: 118784K(118784K)->0K(118784K) From: 0K(107520K)->0K(107520K)
[737.111s][info][gc,heap        ] GC(2665) ParOldGen: 645386K(667648K)->646477K(667648K)
[737.111s][info][gc,metaspace   ] GC(2665) Metaspace: 19134K(19264K)->19134K(19264K) NonClass: 16473K(16512K)->16473K(16512K) Class: 2661K(2752K)->2661K(2752K)
[737.111s][info][gc             ] GC(2665) Pause Full (Allocation Failure) 746M->631M(873M) 960.645ms
[737.111s][info][gc,cpu         ] GC(2665) User=1.88s Sys=0.00s Real=0.96s
[737.239s][info][gc,start       ] GC(2666) Pause Full (Allocation Failure)
[737.239s][info][gc,phases,start] GC(2666) Marking Phase
[737.724s][info][gc,phases      ] GC(2666) Marking Phase 485.185ms
[737.724s][info][gc,phases,start] GC(2666) Summary Phase
[737.724s][info][gc,phases      ] GC(2666) Summary Phase 0.025ms
[737.724s][info][gc,phases,start] GC(2666) Forward
[737.727s][info][gc,phases      ] GC(2666) Forward 2.952ms
[737.727s][info][gc,phases,start] GC(2666) Adjust Pointers
[738.056s][info][gc,phases      ] GC(2666) Adjust Pointers 329.131ms
[738.056s][info][gc,phases,start] GC(2666) Compaction Phase
[738.198s][info][gc,phases      ] GC(2666) Compaction Phase 142.165ms
[738.198s][info][gc,phases,start] GC(2666) Post Compact
[738.201s][info][gc,phases      ] GC(2666) Post Compact 2.154ms
[738.201s][info][gc,heap        ] GC(2666) PSYoungGen: 118784K(226304K)->0K(226304K) Eden: 118784K(118784K)->0K(118784K) From: 0K(107520K)->0K(107520K)
[738.201s][info][gc,heap        ] GC(2666) ParOldGen: 646477K(667648K)->647873K(667648K)
[738.201s][info][gc,metaspace   ] GC(2666) Metaspace: 19134K(19264K)->19134K(19264K) NonClass: 16473K(16512K)->16473K(16512K) Class: 2661K(2752K)->2661K(2752K)
[738.201s][info][gc             ] GC(2666) Pause Full (Allocation Failure) 747M->632M(873M) 962.070ms
[738.201s][info][gc,cpu         ] GC(2666) User=1.88s Sys=0.00s Real=0.96s
[738.482s][info][gc,start       ] GC(2667) Pause Full (Allocation Failure)
[738.482s][info][gc,phases,start] GC(2667) Marking Phase
[738.981s][info][gc,phases      ] GC(2667) Marking Phase 499.121ms
[738.981s][info][gc,phases,start] GC(2667) Summary Phase
[738.981s][info][gc,phases      ] GC(2667) Summary Phase 0.025ms
[738.981s][info][gc,phases,start] GC(2667) Forward
[738.990s][info][gc,phases      ] GC(2667) Forward 8.310ms
[738.990s][info][gc,phases,start] GC(2667) Adjust Pointers
[739.334s][info][gc,phases      ] GC(2667) Adjust Pointers 344.206ms
[739.334s][info][gc,phases,start] GC(2667) Compaction Phase
[739.480s][info][gc,phases      ] GC(2667) Compaction Phase 145.499ms
[739.480s][info][gc,phases,start] GC(2667) Post Compact
[739.482s][info][gc,phases      ] GC(2667) Post Compact 2.170ms
[739.482s][info][gc,heap        ] GC(2667) PSYoungGen: 118784K(226304K)->0K(226304K) Eden: 118784K(118784K)->0K(118784K) From: 0K(107520K)->0K(107520K)
[739.482s][info][gc,heap        ] GC(2667) ParOldGen: 647873K(667648K)->662535K(667648K)
[739.482s][info][gc,metaspace   ] GC(2667) Metaspace: 19134K(19264K)->19134K(19264K) NonClass: 16473K(16512K)->16473K(16512K) Class: 2661K(2752K)->2661K(2752K)
[739.482s][info][gc             ] GC(2667) Pause Full (Allocation Failure) 748M->647M(873M) 999.764ms
[739.482s][info][gc,cpu         ] GC(2667) User=1.95s Sys=0.00s Real=1.00s
[739.621s][info][gc,start       ] GC(2668) Pause Full (Allocation Failure)
[739.621s][info][gc,phases,start] GC(2668) Marking Phase
[740.148s][info][gc,phases      ] GC(2668) Marking Phase 527.204ms
[740.148s][info][gc,phases,start] GC(2668) Summary Phase
[740.149s][info][gc,phases      ] GC(2668) Summary Phase 0.028ms
[740.149s][info][gc,phases,start] GC(2668) Forward
[740.313s][info][gc,phases      ] GC(2668) Forward 164.473ms
[740.313s][info][gc,phases,start] GC(2668) Adjust Pointers
[740.741s][info][gc,phases      ] GC(2668) Adjust Pointers 427.755ms
[740.741s][info][gc,phases,start] GC(2668) Compaction Phase
[740.965s][info][gc,phases      ] GC(2668) Compaction Phase 224.532ms
[740.983s][info][gc,phases,start] GC(2668) Post Compact
[740.985s][info][gc,phases      ] GC(2668) Post Compact 2.342ms
[740.986s][info][gc,heap        ] GC(2668) PSYoungGen: 118784K(226304K)->17779K(226304K) Eden: 118784K(118784K)->17779K(118784K) From: 0K(107520K)->0K(107520K)
[740.986s][info][gc,heap        ] GC(2668) ParOldGen: 662535K(667648K)->667491K(667648K)
[740.986s][info][gc,metaspace   ] GC(2668) Metaspace: 19134K(19264K)->19134K(19264K) NonClass: 16473K(16512K)->16473K(16512K) Class: 2661K(2752K)->2661K(2752K)
[740.986s][info][gc             ] GC(2668) Pause Full (Allocation Failure) 763M->669M(873M) 1364.424ms
[740.986s][info][gc,cpu         ] GC(2668) User=2.65s Sys=0.01s Real=1.36s
[741.106s][info][gc,start       ] GC(2669) Pause Full (Allocation Failure)
[741.106s][info][gc,phases,start] GC(2669) Marking Phase
[741.646s][info][gc,phases      ] GC(2669) Marking Phase 539.561ms
[741.646s][info][gc,phases,start] GC(2669) Summary Phase
[741.646s][info][gc,phases      ] GC(2669) Summary Phase 0.026ms
[741.646s][info][gc,phases,start] GC(2669) Forward
[741.657s][info][gc,phases      ] GC(2669) Forward 11.068ms
[741.657s][info][gc,phases,start] GC(2669) Adjust Pointers
[742.017s][info][gc,phases      ] GC(2669) Adjust Pointers 359.675ms
[742.017s][info][gc,phases,start] GC(2669) Compaction Phase
[742.170s][info][gc,phases      ] GC(2669) Compaction Phase 152.687ms
[742.170s][info][gc,phases,start] GC(2669) Post Compact
[742.172s][info][gc,phases      ] GC(2669) Post Compact 2.279ms
[742.172s][info][gc,heap        ] GC(2669) PSYoungGen: 118784K(226304K)->28850K(226304K) Eden: 118784K(118784K)->28850K(118784K) From: 0K(107520K)->0K(107520K)
[742.172s][info][gc,heap        ] GC(2669) ParOldGen: 667491K(667648K)->667491K(667648K)
[742.172s][info][gc,metaspace   ] GC(2669) Metaspace: 19134K(19264K)->19134K(19264K) NonClass: 16473K(16512K)->16473K(16512K) Class: 2661K(2752K)->2661K(2752K)
[742.172s][info][gc             ] GC(2669) Pause Full (Allocation Failure) 767M->680M(873M) 1065.744ms
[742.172s][info][gc,cpu         ] GC(2669) User=2.09s Sys=0.00s Real=1.06s
[742.251s][info][gc,start       ] GC(2670) Pause Full (Allocation Failure)
[742.251s][info][gc,phases,start] GC(2670) Marking Phase
[742.796s][info][gc,phases      ] GC(2670) Marking Phase 545.071ms
[742.796s][info][gc,phases,start] GC(2670) Summary Phase
[742.796s][info][gc,phases      ] GC(2670) Summary Phase 0.024ms
[742.796s][info][gc,phases,start] GC(2670) Forward
[742.811s][info][gc,phases      ] GC(2670) Forward 15.363ms
[742.811s][info][gc,phases,start] GC(2670) Adjust Pointers
[743.173s][info][gc,phases      ] GC(2670) Adjust Pointers 361.601ms
[743.173s][info][gc,phases,start] GC(2670) Compaction Phase
[743.325s][info][gc,phases      ] GC(2670) Compaction Phase 151.720ms
[743.325s][info][gc,phases,start] GC(2670) Post Compact
[743.327s][info][gc,phases      ] GC(2670) Post Compact 2.229ms
[743.327s][info][gc,heap        ] GC(2670) PSYoungGen: 118784K(226304K)->29647K(226304K) Eden: 118784K(118784K)->29647K(118784K) From: 0K(107520K)->0K(107520K)
[743.327s][info][gc,heap        ] GC(2670) ParOldGen: 667491K(667648K)->667491K(667648K)
[743.327s][info][gc,metaspace   ] GC(2670) Metaspace: 19134K(19264K)->19134K(19264K) NonClass: 16473K(16512K)->16473K(16512K) Class: 2661K(2752K)->2661K(2752K)
[743.327s][info][gc             ] GC(2670) Pause Full (Allocation Failure) 767M->680M(873M) 1076.426ms
[743.327s][info][gc,cpu         ] GC(2670) User=2.10s Sys=0.00s Real=1.08s
[743.438s][info][gc,start       ] GC(2671) Pause Full (Allocation Failure)
[743.438s][info][gc,phases,start] GC(2671) Marking Phase
[743.978s][info][gc,phases      ] GC(2671) Marking Phase 540.246ms
[743.978s][info][gc,phases,start] GC(2671) Summary Phase
[743.978s][info][gc,phases      ] GC(2671) Summary Phase 0.024ms
[743.978s][info][gc,phases,start] GC(2671) Forward
[743.995s][info][gc,phases      ] GC(2671) Forward 16.942ms
[743.995s][info][gc,phases,start] GC(2671) Adjust Pointers
[744.358s][info][gc,phases      ] GC(2671) Adjust Pointers 363.101ms
[744.358s][info][gc,phases,start] GC(2671) Compaction Phase
[744.510s][info][gc,phases      ] GC(2671) Compaction Phase 151.415ms
[744.510s][info][gc,phases,start] GC(2671) Post Compact
[744.512s][info][gc,phases      ] GC(2671) Post Compact 2.241ms
[744.512s][info][gc,heap        ] GC(2671) PSYoungGen: 118784K(226304K)->31747K(226304K) Eden: 118784K(118784K)->31747K(118784K) From: 0K(107520K)->0K(107520K)
[744.512s][info][gc,heap        ] GC(2671) ParOldGen: 667491K(667648K)->667491K(667648K)
[744.512s][info][gc,metaspace   ] GC(2671) Metaspace: 19134K(19264K)->19134K(19264K) NonClass: 16473K(16512K)->16473K(16512K) Class: 2661K(2752K)->2661K(2752K)
[744.512s][info][gc             ] GC(2671) Pause Full (Allocation Failure) 767M->682M(873M) 1074.429ms
[744.512s][info][gc,cpu         ] GC(2671) User=2.09s Sys=0.00s Real=1.07s
[744.619s][info][gc,start       ] GC(2672) Pause Full (Allocation Failure)
[744.619s][info][gc,phases,start] GC(2672) Marking Phase
[745.159s][info][gc,phases      ] GC(2672) Marking Phase 539.914ms
[745.159s][info][gc,phases,start] GC(2672) Summary Phase
[745.159s][info][gc,phases      ] GC(2672) Summary Phase 0.025ms
[745.159s][info][gc,phases,start] GC(2672) Forward
[745.177s][info][gc,phases      ] GC(2672) Forward 17.346ms
[745.177s][info][gc,phases,start] GC(2672) Adjust Pointers
[745.535s][info][gc,phases      ] GC(2672) Adjust Pointers 358.654ms
[745.536s][info][gc,phases,start] GC(2672) Compaction Phase
[745.688s][info][gc,phases      ] GC(2672) Compaction Phase 152.762ms
[745.688s][info][gc,phases,start] GC(2672) Post Compact
[745.691s][info][gc,phases      ] GC(2672) Post Compact 2.229ms
[745.691s][info][gc,heap        ] GC(2672) PSYoungGen: 118784K(226304K)->34340K(226304K) Eden: 118784K(118784K)->34340K(118784K) From: 0K(107520K)->0K(107520K)
[745.691s][info][gc,heap        ] GC(2672) ParOldGen: 667491K(667648K)->667491K(667648K)
[745.691s][info][gc,metaspace   ] GC(2672) Metaspace: 19137K(19328K)->19137K(19328K) NonClass: 16476K(16576K)->16476K(16576K) Class: 2661K(2752K)->2661K(2752K)
[745.691s][info][gc             ] GC(2672) Pause Full (Allocation Failure) 767M->685M(873M) 1071.379ms
[745.691s][info][gc,cpu         ] GC(2672) User=2.09s Sys=0.00s Real=1.07s
[745.766s][info][gc,start       ] GC(2673) Pause Full (Allocation Failure)
[745.766s][info][gc,phases,start] GC(2673) Marking Phase
[746.306s][info][gc,phases      ] GC(2673) Marking Phase 540.155ms
[746.306s][info][gc,phases,start] GC(2673) Summary Phase
[746.307s][info][gc,phases      ] GC(2673) Summary Phase 0.028ms
[746.307s][info][gc,phases,start] GC(2673) Forward
[746.460s][info][gc,phases      ] GC(2673) Forward 153.262ms
[746.460s][info][gc,phases,start] GC(2673) Adjust Pointers
[746.881s][info][gc,phases      ] GC(2673) Adjust Pointers 421.510ms
[746.881s][info][gc,phases,start] GC(2673) Compaction Phase
[747.068s][info][gc,phases      ] GC(2673) Compaction Phase 186.957ms
[747.085s][info][gc,phases,start] GC(2673) Post Compact
[747.088s][info][gc,phases      ] GC(2673) Post Compact 2.280ms
[747.088s][info][gc,heap        ] GC(2673) PSYoungGen: 118784K(226304K)->34413K(226304K) Eden: 118784K(118784K)->34413K(118784K) From: 0K(107520K)->0K(107520K)
[747.088s][info][gc,heap        ] GC(2673) ParOldGen: 667491K(667648K)->667491K(667648K)
[747.088s][info][gc,metaspace   ] GC(2673) Metaspace: 19137K(19328K)->19137K(19328K) NonClass: 16476K(16576K)->16476K(16576K) Class: 2661K(2752K)->2661K(2752K)
[747.088s][info][gc             ] GC(2673) Pause Full (Allocation Failure) 767M->685M(873M) 1321.643ms
[747.088s][info][gc,cpu         ] GC(2673) User=2.59s Sys=0.01s Real=1.32s
[747.141s][info][gc,start       ] GC(2674) Pause Full (Allocation Failure)
[747.141s][info][gc,phases,start] GC(2674) Marking Phase
[747.691s][info][gc,phases      ] GC(2674) Marking Phase 550.446ms
[747.691s][info][gc,phases,start] GC(2674) Summary Phase
[747.691s][info][gc,phases      ] GC(2674) Summary Phase 0.023ms
[747.691s][info][gc,phases,start] GC(2674) Forward
[747.710s][info][gc,phases      ] GC(2674) Forward 18.330ms
[747.710s][info][gc,phases,start] GC(2674) Adjust Pointers
[748.080s][info][gc,phases      ] GC(2674) Adjust Pointers 370.050ms
[748.080s][info][gc,phases,start] GC(2674) Compaction Phase
[748.233s][info][gc,phases      ] GC(2674) Compaction Phase 153.524ms
[748.233s][info][gc,phases,start] GC(2674) Post Compact
[748.236s][info][gc,phases      ] GC(2674) Post Compact 2.276ms
[748.236s][info][gc,heap        ] GC(2674) PSYoungGen: 118784K(226304K)->34416K(226304K) Eden: 118784K(118784K)->34416K(118784K) From: 0K(107520K)->0K(107520K)
[748.236s][info][gc,heap        ] GC(2674) ParOldGen: 667491K(667648K)->667491K(667648K)
[748.236s][info][gc,metaspace   ] GC(2674) Metaspace: 19137K(19328K)->19137K(19328K) NonClass: 16476K(16576K)->16476K(16576K) Class: 2661K(2752K)->2661K(2752K)
[748.236s][info][gc             ] GC(2674) Pause Full (Allocation Failure) 767M->685M(873M) 1095.096ms
[748.236s][info][gc,cpu         ] GC(2674) User=2.13s Sys=0.00s Real=1.09s
[748.285s][info][gc,start       ] GC(2675) Pause Full (Allocation Failure)
[748.285s][info][gc,phases,start] GC(2675) Marking Phase
[748.824s][info][gc,phases      ] GC(2675) Marking Phase 538.663ms
[748.824s][info][gc,phases,start] GC(2675) Summary Phase
[748.824s][info][gc,phases      ] GC(2675) Summary Phase 0.025ms
[748.824s][info][gc,phases,start] GC(2675) Forward
[748.843s][info][gc,phases      ] GC(2675) Forward 18.295ms
[748.843s][info][gc,phases,start] GC(2675) Adjust Pointers
[749.207s][info][gc,phases      ] GC(2675) Adjust Pointers 364.848ms
[749.208s][info][gc,phases,start] GC(2675) Compaction Phase
[749.362s][info][gc,phases      ] GC(2675) Compaction Phase 154.130ms
[749.362s][info][gc,phases,start] GC(2675) Post Compact
[749.364s][info][gc,phases      ] GC(2675) Post Compact 2.262ms
[749.364s][info][gc,heap        ] GC(2675) PSYoungGen: 118784K(226304K)->34430K(226304K) Eden: 118784K(118784K)->34430K(118784K) From: 0K(107520K)->0K(107520K)
[749.364s][info][gc,heap        ] GC(2675) ParOldGen: 667491K(667648K)->667491K(667648K)
[749.364s][info][gc,metaspace   ] GC(2675) Metaspace: 19137K(19328K)->19137K(19328K) NonClass: 16476K(16576K)->16476K(16576K) Class: 2661K(2752K)->2661K(2752K)
[749.364s][info][gc             ] GC(2675) Pause Full (Allocation Failure) 767M->685M(873M) 1078.648ms
[749.364s][info][gc,cpu         ] GC(2675) User=2.10s Sys=0.00s Real=1.08s
[749.506s][info][gc,start       ] GC(2676) Pause Full (Allocation Failure)
[749.506s][info][gc,phases,start] GC(2676) Marking Phase
[750.050s][info][gc,phases      ] GC(2676) Marking Phase 543.411ms
[750.050s][info][gc,phases,start] GC(2676) Summary Phase
[750.050s][info][gc,phases      ] GC(2676) Summary Phase 0.024ms
[750.050s][info][gc,phases,start] GC(2676) Forward
[750.070s][info][gc,phases      ] GC(2676) Forward 19.814ms
[750.070s][info][gc,phases,start] GC(2676) Adjust Pointers
[750.436s][info][gc,phases      ] GC(2676) Adjust Pointers 365.743ms
[750.436s][info][gc,phases,start] GC(2676) Compaction Phase
[750.598s][info][gc,phases      ] GC(2676) Compaction Phase 162.020ms
[750.598s][info][gc,phases,start] GC(2676) Post Compact
[750.600s][info][gc,phases      ] GC(2676) Post Compact 2.227ms
[750.600s][info][gc,heap        ] GC(2676) PSYoungGen: 118784K(226304K)->39373K(226304K) Eden: 118784K(118784K)->39373K(118784K) From: 0K(107520K)->0K(107520K)
[750.600s][info][gc,heap        ] GC(2676) ParOldGen: 667491K(667648K)->667491K(667648K)
[750.600s][info][gc,metaspace   ] GC(2676) Metaspace: 19137K(19328K)->19137K(19328K) NonClass: 16476K(16576K)->16476K(16576K) Class: 2661K(2752K)->2661K(2752K)
[750.600s][info][gc             ] GC(2676) Pause Full (Allocation Failure) 767M->690M(873M) 1093.704ms
[750.600s][info][gc,cpu         ] GC(2676) User=2.14s Sys=0.00s Real=1.09s
[750.709s][info][gc,start       ] GC(2677) Pause Full (Allocation Failure)
[750.709s][info][gc,phases,start] GC(2677) Marking Phase
[751.152s][info][gc,phases      ] GC(2677) Marking Phase 443.485ms
[751.152s][info][gc,phases,start] GC(2677) Summary Phase
[751.152s][info][gc,phases      ] GC(2677) Summary Phase 0.028ms
[751.152s][info][gc,phases,start] GC(2677) Forward
[751.299s][info][gc,phases      ] GC(2677) Forward 147.111ms
[751.300s][info][gc,phases,start] GC(2677) Adjust Pointers
[751.625s][info][gc,phases      ] GC(2677) Adjust Pointers 325.430ms
[751.625s][info][gc,phases,start] GC(2677) Compaction Phase
[751.785s][info][gc,phases      ] GC(2677) Compaction Phase 160.326ms
[751.797s][info][gc,phases,start] GC(2677) Post Compact
[751.799s][info][gc,phases      ] GC(2677) Post Compact 2.278ms
[751.799s][info][gc,heap        ] GC(2677) PSYoungGen: 118784K(226304K)->0K(226304K) Eden: 118784K(118784K)->0K(118784K) From: 0K(107520K)->0K(107520K)
[751.799s][info][gc,heap        ] GC(2677) ParOldGen: 667491K(667648K)->578241K(667648K)
[751.799s][info][gc,metaspace   ] GC(2677) Metaspace: 19137K(19328K)->19137K(19328K) NonClass: 16476K(16576K)->16476K(16576K) Class: 2661K(2752K)->2661K(2752K)
[751.799s][info][gc             ] GC(2677) Pause Full (Allocation Failure) 767M->564M(873M) 1090.529ms
[751.799s][info][gc,cpu         ] GC(2677) User=2.08s Sys=0.01s Real=1.09s
[752.067s][info][gc,start       ] GC(2678) Pause Young (Allocation Failure)
[752.070s][info][gc,heap        ] GC(2678) PSYoungGen: 118784K(226304K)->192K(223232K) Eden: 118784K(118784K)->0K(118784K) From: 0K(107520K)->192K(104448K)
[752.070s][info][gc,heap        ] GC(2678) ParOldGen: 578241K(667648K)->578241K(667648K)
[752.070s][info][gc,metaspace   ] GC(2678) Metaspace: 19137K(19328K)->19137K(19328K) NonClass: 16476K(16576K)->16476K(16576K) Class: 2661K(2752K)->2661K(2752K)
[752.070s][info][gc             ] GC(2678) Pause Young (Allocation Failure) 680M->564M(870M) 3.023ms
[752.070s][info][gc,cpu         ] GC(2678) User=0.01s Sys=0.00s Real=0.00s
[752.364s][info][gc,start       ] GC(2679) Pause Young (Allocation Failure)
[752.389s][info][gc,heap        ] GC(2679) PSYoungGen: 118976K(223232K)->18784K(137728K) Eden: 118784K(118784K)->0K(118784K) From: 192K(104448K)->18784K(18944K)
[752.389s][info][gc,heap        ] GC(2679) ParOldGen: 578241K(667648K)->578241K(667648K)
[752.389s][info][gc,metaspace   ] GC(2679) Metaspace: 19137K(19328K)->19137K(19328K) NonClass: 16476K(16576K)->16476K(16576K) Class: 2661K(2752K)->2661K(2752K)
[752.389s][info][gc             ] GC(2679) Pause Young (Allocation Failure) 680M->583M(786M) 25.314ms
[752.389s][info][gc,cpu         ] GC(2679) User=0.05s Sys=0.00s Real=0.03s
[752.546s][info][gc,start       ] GC(2680) Pause Young (Allocation Failure)
[752.570s][info][gc,heap        ] GC(2680) PSYoungGen: 137568K(137728K)->21560K(212480K) Eden: 118784K(118784K)->0K(122880K) From: 18784K(18944K)->21560K(89600K)
[752.570s][info][gc,heap        ] GC(2680) ParOldGen: 578241K(667648K)->578241K(667648K)
[752.570s][info][gc,metaspace   ] GC(2680) Metaspace: 19137K(19328K)->19137K(19328K) NonClass: 16476K(16576K)->16476K(16576K) Class: 2661K(2752K)->2661K(2752K)
[752.570s][info][gc             ] GC(2680) Pause Young (Allocation Failure) 699M->585M(859M) 24.749ms
[752.570s][info][gc,cpu         ] GC(2680) User=0.04s Sys=0.00s Real=0.03s
[752.835s][info][gc,start       ] GC(2681) Pause Young (Allocation Failure)
[752.882s][info][gc,heap        ] GC(2681) PSYoungGen: 144440K(212480K)->21560K(144896K) Eden: 122880K(122880K)->0K(122880K) From: 21560K(89600K)->21560K(22016K)
[752.882s][info][gc,heap        ] GC(2681) ParOldGen: 578241K(667648K)->578241K(667648K)
[752.882s][info][gc,metaspace   ] GC(2681) Metaspace: 19137K(19328K)->19137K(19328K) NonClass: 16476K(16576K)->16476K(16576K) Class: 2661K(2752K)->2661K(2752K)
[752.882s][info][gc             ] GC(2681) Pause Young (Allocation Failure) 705M->585M(793M) 46.333ms
[752.882s][info][gc,cpu         ] GC(2681) User=0.06s Sys=0.00s Real=0.05s
[753.896s][info][gc,start       ] GC(2682) Pause Young (Allocation Failure)
[753.923s][info][gc,heap        ] GC(2682) PSYoungGen: 144440K(144896K)->21981K(204800K) Eden: 122880K(122880K)->0K(125952K) From: 21560K(22016K)->21981K(78848K)
[753.923s][info][gc,heap        ] GC(2682) ParOldGen: 578241K(667648K)->578241K(667648K)
[753.923s][info][gc,metaspace   ] GC(2682) Metaspace: 19137K(19328K)->19137K(19328K) NonClass: 16476K(16576K)->16476K(16576K) Class: 2661K(2752K)->2661K(2752K)
[753.923s][info][gc             ] GC(2682) Pause Young (Allocation Failure) 705M->586M(852M) 27.728ms
[753.923s][info][gc,cpu         ] GC(2682) User=0.04s Sys=0.00s Real=0.03s
[754.717s][info][gc,start       ] GC(2683) Pause Young (Allocation Failure)
[754.742s][info][gc,heap        ] GC(2683) PSYoungGen: 147933K(204800K)->22365K(148480K) Eden: 125952K(125952K)->0K(125952K) From: 21981K(78848K)->22365K(22528K)
[754.742s][info][gc,heap        ] GC(2683) ParOldGen: 578241K(667648K)->578241K(667648K)
[754.742s][info][gc,metaspace   ] GC(2683) Metaspace: 19137K(19328K)->19137K(19328K) NonClass: 16476K(16576K)->16476K(16576K) Class: 2661K(2752K)->2661K(2752K)
[754.742s][info][gc             ] GC(2683) Pause Young (Allocation Failure) 709M->586M(797M) 24.671ms
[754.742s][info][gc,cpu         ] GC(2683) User=0.05s Sys=0.01s Real=0.02s
[755.269s][info][gc,start       ] GC(2684) Pause Young (Allocation Failure)
[755.295s][info][gc,heap        ] GC(2684) PSYoungGen: 148316K(148480K)->23453K(199680K) Eden: 125951K(125952K)->0K(128512K) From: 22365K(22528K)->23453K(71168K)
[755.295s][info][gc,heap        ] GC(2684) ParOldGen: 578241K(667648K)->578241K(667648K)
[755.295s][info][gc,metaspace   ] GC(2684) Metaspace: 19137K(19328K)->19137K(19328K) NonClass: 16476K(16576K)->16476K(16576K) Class: 2661K(2752K)->2661K(2752K)
[755.295s][info][gc             ] GC(2684) Pause Young (Allocation Failure) 709M->587M(847M) 26.003ms
[755.295s][info][gc,cpu         ] GC(2684) User=0.05s Sys=0.00s Real=0.02s
[755.738s][info][gc,start       ] GC(2685) Pause Young (Allocation Failure)
[755.764s][info][gc,heap        ] GC(2685) PSYoungGen: 151816K(199680K)->24002K(152576K) Eden: 128363K(128512K)->0K(128512K) From: 23453K(71168K)->24002K(24064K)
[755.764s][info][gc,heap        ] GC(2685) ParOldGen: 578241K(667648K)->578249K(667648K)
[755.764s][info][gc,metaspace   ] GC(2685) Metaspace: 19141K(19392K)->19141K(19392K) NonClass: 16480K(16640K)->16480K(16640K) Class: 2661K(2752K)->2661K(2752K)
[755.764s][info][gc             ] GC(2685) Pause Young (Allocation Failure) 712M->588M(801M) 25.378ms
[755.764s][info][gc,cpu         ] GC(2685) User=0.05s Sys=0.00s Real=0.02s
[756.063s][info][gc,start       ] GC(2686) Pause Young (Allocation Failure)
[756.089s][info][gc,heap        ] GC(2686) PSYoungGen: 152514K(152576K)->24271K(193536K) Eden: 128512K(128512K)->0K(130560K) From: 24002K(24064K)->24271K(62976K)
[756.089s][info][gc,heap        ] GC(2686) ParOldGen: 578249K(667648K)->578249K(667648K)
[756.089s][info][gc,metaspace   ] GC(2686) Metaspace: 19141K(19392K)->19141K(19392K) NonClass: 16480K(16640K)->16480K(16640K) Class: 2661K(2752K)->2661K(2752K)
[756.089s][info][gc             ] GC(2686) Pause Young (Allocation Failure) 713M->588M(841M) 25.620ms
[756.089s][info][gc,cpu         ] GC(2686) User=0.05s Sys=0.00s Real=0.03s
[756.378s][info][gc,start       ] GC(2687) Pause Young (Allocation Failure)
[756.411s][info][gc,heap        ] GC(2687) PSYoungGen: 154831K(193536K)->28989K(159744K) Eden: 130560K(130560K)->0K(130560K) From: 24271K(62976K)->28989K(29184K)
[756.411s][info][gc,heap        ] GC(2687) ParOldGen: 578249K(667648K)->578249K(667648K)
[756.411s][info][gc,metaspace   ] GC(2687) Metaspace: 19147K(19392K)->19147K(19392K) NonClass: 16486K(16640K)->16486K(16640K) Class: 2661K(2752K)->2661K(2752K)
[756.411s][info][gc             ] GC(2687) Pause Young (Allocation Failure) 715M->593M(808M) 33.032ms
[756.411s][info][gc,cpu         ] GC(2687) User=0.07s Sys=0.00s Real=0.03s
[756.518s][info][gc,start       ] GC(2688) Pause Young (Allocation Failure)
[756.603s][info][gc,heap        ] GC(2688) PSYoungGen: 159549K(159744K)->63981K(184832K) Eden: 130560K(130560K)->0K(120832K) From: 28989K(29184K)->63981K(64000K)
[756.603s][info][gc,heap        ] GC(2688) ParOldGen: 578249K(667648K)->583097K(667648K)
[756.603s][info][gc,metaspace   ] GC(2688) Metaspace: 19148K(19392K)->19148K(19392K) NonClass: 16487K(16640K)->16487K(16640K) Class: 2661K(2752K)->2661K(2752K)
[756.603s][info][gc             ] GC(2688) Pause Young (Allocation Failure) 720M->631M(832M) 84.488ms
[756.603s][info][gc,cpu         ] GC(2688) User=0.17s Sys=0.00s Real=0.08s
[756.737s][info][gc,start       ] GC(2689) Pause Young (Allocation Failure)
[756.832s][info][gc,heap        ] GC(2689) PSYoungGen: 184813K(184832K)->76285K(197120K) Eden: 120832K(120832K)->0K(120832K) From: 63981K(64000K)->76285K(76288K)
[756.832s][info][gc,heap        ] GC(2689) ParOldGen: 583097K(667648K)->617910K(667648K)
[756.832s][info][gc,metaspace   ] GC(2689) Metaspace: 19148K(19392K)->19148K(19392K) NonClass: 16487K(16640K)->16487K(16640K) Class: 2661K(2752K)->2661K(2752K)
[756.832s][info][gc             ] GC(2689) Pause Young (Allocation Failure) 749M->677M(844M) 95.115ms
[756.832s][info][gc,cpu         ] GC(2689) User=0.18s Sys=0.01s Real=0.09s
[756.922s][info][gc,start       ] GC(2690) Pause Young (Allocation Failure)
[757.050s][info][gc,heap        ] GC(2690) PSYoungGen: 197117K(197120K)->101348K(212992K) Eden: 120832K(120832K)->0K(111616K) From: 76285K(76288K)->101348K(101376K)
[757.050s][info][gc,heap        ] GC(2690) ParOldGen: 617910K(667648K)->640230K(667648K)
[757.050s][info][gc,metaspace   ] GC(2690) Metaspace: 19148K(19392K)->19148K(19392K) NonClass: 16487K(16640K)->16487K(16640K) Class: 2661K(2752K)->2661K(2752K)
[757.050s][info][gc             ] GC(2690) Pause Young (Allocation Failure) 795M->724M(860M) 127.985ms
[757.050s][info][gc,cpu         ] GC(2690) User=0.20s Sys=0.05s Real=0.13s
[757.221s][info][gc,start       ] GC(2691) Pause Full (Allocation Failure)
[757.221s][info][gc,phases,start] GC(2691) Marking Phase
[757.351s][info][gc,phases      ] GC(2691) Marking Phase 129.349ms
[757.351s][info][gc,phases,start] GC(2691) Summary Phase
[757.351s][info][gc,phases      ] GC(2691) Summary Phase 0.028ms
[757.351s][info][gc,phases,start] GC(2691) Forward
[757.390s][info][gc,phases      ] GC(2691) Forward 39.839ms
[757.391s][info][gc,phases,start] GC(2691) Adjust Pointers
[757.483s][info][gc,phases      ] GC(2691) Adjust Pointers 92.614ms
[757.483s][info][gc,phases,start] GC(2691) Compaction Phase
[757.540s][info][gc,phases      ] GC(2691) Compaction Phase 56.381ms
[757.542s][info][gc,phases,start] GC(2691) Post Compact
[757.544s][info][gc,phases      ] GC(2691) Post Compact 2.441ms
[757.554s][info][gc,heap        ] GC(2691) PSYoungGen: 212964K(212992K)->0K(222720K) Eden: 111616K(111616K)->0K(111616K) From: 101348K(101376K)->0K(111104K)
[757.554s][info][gc,heap        ] GC(2691) ParOldGen: 640230K(667648K)->213022K(559616K)
[757.554s][info][gc,metaspace   ] GC(2691) Metaspace: 19148K(19392K)->19148K(19392K) NonClass: 16487K(16640K)->16487K(16640K) Class: 2661K(2752K)->2661K(2752K)
[757.554s][info][gc             ] GC(2691) Pause Full (Allocation Failure) 833M->208M(764M) 332.648ms
[757.554s][info][gc,cpu         ] GC(2691) User=0.61s Sys=0.01s Real=0.33s
[757.668s][info][gc,start       ] GC(2692) Pause Young (Allocation Failure)
[757.693s][info][gc,heap        ] GC(2692) PSYoungGen: 111616K(222720K)->6848K(222720K) Eden: 111616K(111616K)->0K(111616K) From: 0K(111104K)->6848K(111104K)
[757.693s][info][gc,heap        ] GC(2692) ParOldGen: 213022K(559616K)->213022K(559616K)
[757.693s][info][gc,metaspace   ] GC(2692) Metaspace: 19159K(19392K)->19159K(19392K) NonClass: 16498K(16640K)->16498K(16640K) Class: 2661K(2752K)->2661K(2752K)
[757.693s][info][gc             ] GC(2692) Pause Young (Allocation Failure) 317M->214M(764M) 24.203ms
[757.693s][info][gc,cpu         ] GC(2692) User=0.05s Sys=0.00s Real=0.02s
[757.843s][info][gc,start       ] GC(2693) Pause Young (Allocation Failure)
[757.899s][info][gc,heap        ] GC(2693) PSYoungGen: 118464K(222720K)->33115K(222720K) Eden: 111616K(111616K)->0K(111616K) From: 6848K(111104K)->33115K(111104K)
[757.899s][info][gc,heap        ] GC(2693) ParOldGen: 213022K(559616K)->213022K(559616K)
[757.899s][info][gc,metaspace   ] GC(2693) Metaspace: 19159K(19392K)->19159K(19392K) NonClass: 16498K(16640K)->16498K(16640K) Class: 2661K(2752K)->2661K(2752K)
[757.899s][info][gc             ] GC(2693) Pause Young (Allocation Failure) 323M->240M(764M) 55.301ms
[757.899s][info][gc,cpu         ] GC(2693) User=0.11s Sys=0.00s Real=0.06s
[758.028s][info][gc,start       ] GC(2694) Pause Young (Allocation Failure)
[758.090s][info][gc,heap        ] GC(2694) PSYoungGen: 144731K(222720K)->40507K(222720K) Eden: 111616K(111616K)->0K(111616K) From: 33115K(111104K)->40507K(111104K)
[758.090s][info][gc,heap        ] GC(2694) ParOldGen: 213022K(559616K)->213022K(559616K)
[758.090s][info][gc,metaspace   ] GC(2694) Metaspace: 19159K(19392K)->19159K(19392K) NonClass: 16498K(16640K)->16498K(16640K) Class: 2661K(2752K)->2661K(2752K)
[758.090s][info][gc             ] GC(2694) Pause Young (Allocation Failure) 349M->247M(764M) 62.005ms
[758.090s][info][gc,cpu         ] GC(2694) User=0.12s Sys=0.00s Real=0.06s
[758.202s][info][gc,start       ] GC(2695) Pause Young (Allocation Failure)
[758.276s][info][gc,heap        ] GC(2695) PSYoungGen: 152123K(222720K)->50002K(161792K) Eden: 111616K(111616K)->0K(111616K) From: 40507K(111104K)->50002K(50176K)
[758.276s][info][gc,heap        ] GC(2695) ParOldGen: 213022K(559616K)->213022K(559616K)
[758.276s][info][gc,metaspace   ] GC(2695) Metaspace: 19159K(19392K)->19159K(19392K) NonClass: 16498K(16640K)->16498K(16640K) Class: 2661K(2752K)->2661K(2752K)
[758.276s][info][gc             ] GC(2695) Pause Young (Allocation Failure) 356M->256M(704M) 73.418ms
[758.276s][info][gc,cpu         ] GC(2695) User=0.15s Sys=0.00s Real=0.07s
[758.386s][info][gc,start       ] GC(2696) Pause Young (Allocation Failure)
[758.457s][info][gc,heap        ] GC(2696) PSYoungGen: 161618K(161792K)->50299K(222720K) Eden: 111616K(111616K)->0K(115200K) From: 50002K(50176K)->50299K(107520K)
[758.458s][info][gc,heap        ] GC(2696) ParOldGen: 213022K(559616K)->213022K(559616K)
[758.458s][info][gc,metaspace   ] GC(2696) Metaspace: 19159K(19392K)->19159K(19392K) NonClass: 16498K(16640K)->16498K(16640K) Class: 2661K(2752K)->2661K(2752K)
[758.458s][info][gc             ] GC(2696) Pause Young (Allocation Failure) 365M->257M(764M) 71.812ms
[758.458s][info][gc,cpu         ] GC(2696) User=0.14s Sys=0.00s Real=0.08s
[758.564s][info][gc,start       ] GC(2697) Pause Young (Allocation Failure)
[758.635s][info][gc,heap        ] GC(2697) PSYoungGen: 165499K(222720K)->50386K(219136K) Eden: 115200K(115200K)->0K(115200K) From: 50299K(107520K)->50386K(103936K)
[758.635s][info][gc,heap        ] GC(2697) ParOldGen: 213022K(559616K)->213022K(559616K)
[758.635s][info][gc,metaspace   ] GC(2697) Metaspace: 19159K(19392K)->19159K(19392K) NonClass: 16498K(16640K)->16498K(16640K) Class: 2661K(2752K)->2661K(2752K)
[758.635s][info][gc             ] GC(2697) Pause Young (Allocation Failure) 369M->257M(760M) 71.735ms
[758.635s][info][gc,cpu         ] GC(2697) User=0.14s Sys=0.01s Real=0.07s
[758.728s][info][gc,start       ] GC(2698) Pause Young (Allocation Failure)
[758.821s][info][gc,heap        ] GC(2698) PSYoungGen: 165586K(219136K)->72658K(217600K) Eden: 115200K(115200K)->0K(117248K) From: 50386K(103936K)->72658K(100352K)
[758.821s][info][gc,heap        ] GC(2698) ParOldGen: 213022K(559616K)->213022K(559616K)
[758.821s][info][gc,metaspace   ] GC(2698) Metaspace: 19159K(19392K)->19159K(19392K) NonClass: 16498K(16640K)->16498K(16640K) Class: 2661K(2752K)->2661K(2752K)
[758.821s][info][gc             ] GC(2698) Pause Young (Allocation Failure) 369M->278M(759M) 92.250ms
[758.821s][info][gc,cpu         ] GC(2698) User=0.18s Sys=0.00s Real=0.09s
[758.885s][info][gc,start       ] GC(2699) Pause Young (Allocation Failure)
[759.024s][info][gc,heap        ] GC(2699) PSYoungGen: 189906K(217600K)->102210K(222720K) Eden: 117248K(117248K)->0K(117248K) From: 72658K(100352K)->102210K(105472K)
[759.024s][info][gc,heap        ] GC(2699) ParOldGen: 213022K(559616K)->213022K(559616K)
[759.024s][info][gc,metaspace   ] GC(2699) Metaspace: 19159K(19392K)->19159K(19392K) NonClass: 16498K(16640K)->16498K(16640K) Class: 2661K(2752K)->2661K(2752K)
[759.024s][info][gc             ] GC(2699) Pause Young (Allocation Failure) 393M->307M(764M) 138.672ms
[759.024s][info][gc,cpu         ] GC(2699) User=0.27s Sys=0.00s Real=0.14s
[759.175s][info][gc,start       ] GC(2700) Pause Young (Allocation Failure)
[759.318s][info][gc,heap        ] GC(2700) PSYoungGen: 219458K(222720K)->111077K(222720K) Eden: 117248K(117248K)->0K(111616K) From: 102210K(105472K)->111077K(111104K)
[759.318s][info][gc,heap        ] GC(2700) ParOldGen: 213022K(559616K)->222950K(559616K)
[759.318s][info][gc,metaspace   ] GC(2700) Metaspace: 19159K(19392K)->19159K(19392K) NonClass: 16498K(16640K)->16498K(16640K) Class: 2661K(2752K)->2661K(2752K)
[759.318s][info][gc             ] GC(2700) Pause Young (Allocation Failure) 422M->326M(764M) 142.936ms
[759.318s][info][gc,cpu         ] GC(2700) User=0.28s Sys=0.00s Real=0.15s
[759.392s][info][gc,start       ] GC(2701) Pause Young (Allocation Failure)
[759.508s][info][gc,heap        ] GC(2701) PSYoungGen: 222693K(222720K)->86835K(222720K) Eden: 111616K(111616K)->0K(111616K) From: 111077K(111104K)->86835K(111104K)
[759.508s][info][gc,heap        ] GC(2701) ParOldGen: 222950K(559616K)->253574K(559616K)
[759.508s][info][gc,metaspace   ] GC(2701) Metaspace: 19159K(19392K)->19159K(19392K) NonClass: 16498K(16640K)->16498K(16640K) Class: 2661K(2752K)->2661K(2752K)
[759.508s][info][gc             ] GC(2701) Pause Young (Allocation Failure) 435M->332M(764M) 116.055ms
[759.508s][info][gc,cpu         ] GC(2701) User=0.23s Sys=0.00s Real=0.12s
[759.589s][info][gc,start       ] GC(2702) Pause Young (Allocation Failure)
[759.676s][info][gc,heap        ] GC(2702) PSYoungGen: 198451K(222720K)->79187K(222720K) Eden: 111616K(111616K)->0K(111616K) From: 86835K(111104K)->79187K(111104K)
[759.676s][info][gc,heap        ] GC(2702) ParOldGen: 253574K(559616K)->263374K(559616K)
[759.676s][info][gc,metaspace   ] GC(2702) Metaspace: 19159K(19392K)->19159K(19392K) NonClass: 16498K(16640K)->16498K(16640K) Class: 2661K(2752K)->2661K(2752K)
[759.676s][info][gc             ] GC(2702) Pause Young (Allocation Failure) 441M->334M(764M) 86.837ms
[759.676s][info][gc,cpu         ] GC(2702) User=0.17s Sys=0.00s Real=0.08s
[759.811s][info][gc,start       ] GC(2703) Pause Young (Allocation Failure)
[759.890s][info][gc,heap        ] GC(2703) PSYoungGen: 190803K(222720K)->58579K(222720K) Eden: 111616K(111616K)->0K(111616K) From: 79187K(111104K)->58579K(111104K)
[759.890s][info][gc,heap        ] GC(2703) ParOldGen: 263374K(559616K)->285790K(559616K)
[759.890s][info][gc,metaspace   ] GC(2703) Metaspace: 19159K(19392K)->19159K(19392K) NonClass: 16498K(16640K)->16498K(16640K) Class: 2661K(2752K)->2661K(2752K)
[759.890s][info][gc             ] GC(2703) Pause Young (Allocation Failure) 443M->336M(764M) 79.333ms
[759.890s][info][gc,cpu         ] GC(2703) User=0.16s Sys=0.01s Real=0.08s
[760.225s][info][gc,start       ] GC(2704) Pause Young (Allocation Failure)
[760.281s][info][gc,heap        ] GC(2704) PSYoungGen: 170195K(222720K)->11008K(222720K) Eden: 111616K(111616K)->0K(111616K) From: 58579K(111104K)->11008K(111104K)
[760.281s][info][gc,heap        ] GC(2704) ParOldGen: 285790K(559616K)->334440K(559616K)
[760.281s][info][gc,metaspace   ] GC(2704) Metaspace: 19159K(19392K)->19159K(19392K) NonClass: 16498K(16640K)->16498K(16640K) Class: 2661K(2752K)->2661K(2752K)
[760.281s][info][gc             ] GC(2704) Pause Young (Allocation Failure) 445M->337M(764M) 56.022ms
[760.281s][info][gc,cpu         ] GC(2704) User=0.11s Sys=0.00s Real=0.06s
[760.521s][info][gc,start       ] GC(2705) Pause Young (Allocation Failure)
[760.543s][info][gc,heap        ] GC(2705) PSYoungGen: 122624K(222720K)->11008K(222720K) Eden: 111616K(111616K)->0K(111616K) From: 11008K(111104K)->11008K(111104K)
[760.543s][info][gc,heap        ] GC(2705) ParOldGen: 334440K(559616K)->342872K(559616K)
[760.543s][info][gc,metaspace   ] GC(2705) Metaspace: 19159K(19392K)->19159K(19392K) NonClass: 16498K(16640K)->16498K(16640K) Class: 2661K(2752K)->2661K(2752K)
[760.543s][info][gc             ] GC(2705) Pause Young (Allocation Failure) 446M->345M(764M) 21.750ms
[760.543s][info][gc,cpu         ] GC(2705) User=0.04s Sys=0.00s Real=0.02s
[760.659s][info][gc,start       ] GC(2706) Pause Young (Allocation Failure)
[760.711s][info][gc,heap        ] GC(2706) PSYoungGen: 122624K(222720K)->53776K(222720K) Eden: 111616K(111616K)->0K(111616K) From: 11008K(111104K)->53776K(111104K)
[760.711s][info][gc,heap        ] GC(2706) ParOldGen: 342872K(559616K)->345440K(559616K)
[760.711s][info][gc,metaspace   ] GC(2706) Metaspace: 19159K(19392K)->19159K(19392K) NonClass: 16498K(16640K)->16498K(16640K) Class: 2661K(2752K)->2661K(2752K)
[760.711s][info][gc             ] GC(2706) Pause Young (Allocation Failure) 454M->389M(764M) 51.646ms
[760.711s][info][gc,cpu         ] GC(2706) User=0.10s Sys=0.00s Real=0.05s
[760.867s][info][gc,start       ] GC(2707) Pause Young (Allocation Failure)
[760.942s][info][gc,heap        ] GC(2707) PSYoungGen: 165392K(222720K)->23456K(222720K) Eden: 111616K(111616K)->0K(111616K) From: 53776K(111104K)->23456K(111104K)
[760.942s][info][gc,heap        ] GC(2707) ParOldGen: 345440K(559616K)->399501K(559616K)
[760.942s][info][gc,metaspace   ] GC(2707) Metaspace: 19159K(19392K)->19159K(19392K) NonClass: 16498K(16640K)->16498K(16640K) Class: 2661K(2752K)->2661K(2752K)
[760.942s][info][gc             ] GC(2707) Pause Young (Allocation Failure) 498M->413M(764M) 75.281ms
[760.942s][info][gc,cpu         ] GC(2707) User=0.15s Sys=0.00s Real=0.07s
[761.050s][info][gc,start       ] GC(2708) Pause Young (Allocation Failure)
[761.081s][info][gc,heap        ] GC(2708) PSYoungGen: 135072K(222720K)->4000K(222720K) Eden: 111616K(111616K)->0K(111616K) From: 23456K(111104K)->4000K(111104K)
[761.081s][info][gc,heap        ] GC(2708) ParOldGen: 399501K(559616K)->422853K(559616K)
[761.081s][info][gc,metaspace   ] GC(2708) Metaspace: 19159K(19392K)->19159K(19392K) NonClass: 16498K(16640K)->16498K(16640K) Class: 2661K(2752K)->2661K(2752K)
[761.081s][info][gc             ] GC(2708) Pause Young (Allocation Failure) 522M->416M(764M) 31.814ms
[761.081s][info][gc,cpu         ] GC(2708) User=0.06s Sys=0.00s Real=0.03s
[761.200s][info][gc,start       ] GC(2709) Pause Young (Allocation Failure)
[761.207s][info][gc,heap        ] GC(2709) PSYoungGen: 115616K(222720K)->800K(222720K) Eden: 111616K(111616K)->0K(111616K) From: 4000K(111104K)->800K(111104K)
[761.207s][info][gc,heap        ] GC(2709) ParOldGen: 422853K(559616K)->426861K(559616K)
[761.207s][info][gc,metaspace   ] GC(2709) Metaspace: 19159K(19392K)->19159K(19392K) NonClass: 16498K(16640K)->16498K(16640K) Class: 2661K(2752K)->2661K(2752K)
[761.207s][info][gc             ] GC(2709) Pause Young (Allocation Failure) 525M->417M(764M) 7.594ms
[761.207s][info][gc,cpu         ] GC(2709) User=0.02s Sys=0.00s Real=0.01s
[761.393s][info][gc,start       ] GC(2710) Pause Young (Allocation Failure)
[761.398s][info][gc,heap        ] GC(2710) PSYoungGen: 112416K(222720K)->1312K(222720K) Eden: 111616K(111616K)->0K(111616K) From: 800K(111104K)->1312K(111104K)
[761.398s][info][gc,heap        ] GC(2710) ParOldGen: 426861K(559616K)->427653K(559616K)
[761.398s][info][gc,metaspace   ] GC(2710) Metaspace: 19159K(19392K)->19159K(19392K) NonClass: 16498K(16640K)->16498K(16640K) Class: 2661K(2752K)->2661K(2752K)
[761.398s][info][gc             ] GC(2710) Pause Young (Allocation Failure) 526M->418M(764M) 4.819ms
[761.398s][info][gc,cpu         ] GC(2710) User=0.01s Sys=0.00s Real=0.01s
[761.668s][info][gc,start       ] GC(2711) Pause Young (Allocation Failure)
[761.672s][info][gc,heap        ] GC(2711) PSYoungGen: 112928K(222720K)->160K(222720K) Eden: 111616K(111616K)->0K(111616K) From: 1312K(111104K)->160K(111104K)
[761.672s][info][gc,heap        ] GC(2711) ParOldGen: 427653K(559616K)->428941K(559616K)
[761.672s][info][gc,metaspace   ] GC(2711) Metaspace: 19159K(19392K)->19159K(19392K) NonClass: 16498K(16640K)->16498K(16640K) Class: 2661K(2752K)->2661K(2752K)
[761.673s][info][gc             ] GC(2711) Pause Young (Allocation Failure) 527M->419M(764M) 4.021ms
[761.673s][info][gc,cpu         ] GC(2711) User=0.01s Sys=0.00s Real=0.00s
[761.843s][info][gc,start       ] GC(2712) Pause Young (Allocation Failure)
[761.883s][info][gc,heap        ] GC(2712) PSYoungGen: 111776K(222720K)->40544K(222720K) Eden: 111616K(111616K)->0K(111616K) From: 160K(111104K)->40544K(111104K)
[761.883s][info][gc,heap        ] GC(2712) ParOldGen: 428941K(559616K)->429085K(559616K)
[761.883s][info][gc,metaspace   ] GC(2712) Metaspace: 19161K(19392K)->19161K(19392K) NonClass: 16500K(16640K)->16500K(16640K) Class: 2661K(2752K)->2661K(2752K)
[761.883s][info][gc             ] GC(2712) Pause Young (Allocation Failure) 528M->458M(764M) 39.339ms
[761.883s][info][gc,cpu         ] GC(2712) User=0.08s Sys=0.00s Real=0.04s
[761.956s][info][gc,start       ] GC(2713) Pause Young (Allocation Failure)
[762.065s][info][gc,heap        ] GC(2713) PSYoungGen: 152160K(222720K)->74947K(222720K) Eden: 111616K(111616K)->0K(111616K) From: 40544K(111104K)->74947K(111104K)
[762.065s][info][gc,heap        ] GC(2713) ParOldGen: 429085K(559616K)->469754K(559616K)
[762.065s][info][gc,metaspace   ] GC(2713) Metaspace: 19161K(19392K)->19161K(19392K) NonClass: 16500K(16640K)->16500K(16640K) Class: 2661K(2752K)->2661K(2752K)
[762.065s][info][gc             ] GC(2713) Pause Young (Allocation Failure) 567M->531M(764M) 109.052ms
[762.065s][info][gc,cpu         ] GC(2713) User=0.21s Sys=0.00s Real=0.11s
[762.187s][info][gc,start       ] GC(2714) Pause Young (Allocation Failure)
[762.304s][info][gc,heap        ] GC(2714) PSYoungGen: 186563K(222720K)->50484K(222720K) Eden: 111616K(111616K)->0K(111616K) From: 74947K(111104K)->50484K(111104K)
[762.304s][info][gc,heap        ] GC(2714) ParOldGen: 469754K(559616K)->545012K(559616K)
[762.304s][info][gc,metaspace   ] GC(2714) Metaspace: 19161K(19392K)->19161K(19392K) NonClass: 16500K(16640K)->16500K(16640K) Class: 2661K(2752K)->2661K(2752K)
[762.304s][info][gc             ] GC(2714) Pause Young (Allocation Failure) 640M->581M(764M) 117.218ms
[762.304s][info][gc,cpu         ] GC(2714) User=0.23s Sys=0.00s Real=0.11s
[762.402s][info][gc,start       ] GC(2715) Pause Young (Allocation Failure)
[762.477s][info][gc,heap        ] GC(2715) PSYoungGen: 162100K(222720K)->3920K(222720K) Eden: 111616K(111616K)->0K(111616K) From: 50484K(111104K)->3920K(111104K)
[762.477s][info][gc,heap        ] GC(2715) ParOldGen: 545012K(559616K)->595633K(595968K)
[762.477s][info][gc,metaspace   ] GC(2715) Metaspace: 19161K(19392K)->19161K(19392K) NonClass: 16500K(16640K)->16500K(16640K) Class: 2661K(2752K)->2661K(2752K)
[762.477s][info][gc             ] GC(2715) Pause Young (Allocation Failure) 690M->585M(799M) 75.080ms
[762.477s][info][gc,cpu         ] GC(2715) User=0.11s Sys=0.04s Real=0.08s
[762.541s][info][gc,start       ] GC(2716) Pause Full (Allocation Failure)
[762.541s][info][gc,phases,start] GC(2716) Marking Phase
[762.607s][info][gc,phases      ] GC(2716) Marking Phase 65.749ms
[762.607s][info][gc,phases,start] GC(2716) Summary Phase
[762.607s][info][gc,phases      ] GC(2716) Summary Phase 0.025ms
[762.607s][info][gc,phases,start] GC(2716) Forward
[762.626s][info][gc,phases      ] GC(2716) Forward 19.720ms
[762.627s][info][gc,phases,start] GC(2716) Adjust Pointers
[762.671s][info][gc,phases      ] GC(2716) Adjust Pointers 44.587ms
[762.671s][info][gc,phases,start] GC(2716) Compaction Phase
[762.696s][info][gc,phases      ] GC(2716) Compaction Phase 25.054ms
[762.699s][info][gc,phases,start] GC(2716) Post Compact
[762.701s][info][gc,phases      ] GC(2716) Post Compact 2.133ms
[762.713s][info][gc,heap        ] GC(2716) PSYoungGen: 115536K(222720K)->0K(222720K) Eden: 111616K(111616K)->0K(111616K) From: 3920K(111104K)->0K(111104K)
[762.713s][info][gc,heap        ] GC(2716) ParOldGen: 595633K(595968K)->95950K(475648K)
[762.713s][info][gc,metaspace   ] GC(2716) Metaspace: 19161K(19392K)->19161K(19392K) NonClass: 16500K(16640K)->16500K(16640K) Class: 2661K(2752K)->2661K(2752K)
[762.713s][info][gc             ] GC(2716) Pause Full (Allocation Failure) 694M->93M(682M) 172.145ms
[762.713s][info][gc,cpu         ] GC(2716) User=0.28s Sys=0.01s Real=0.17s
[762.841s][info][gc,start       ] GC(2717) Pause Young (Allocation Failure)
[762.853s][info][gc,heap        ] GC(2717) PSYoungGen: 111616K(222720K)->9712K(222720K) Eden: 111616K(111616K)->0K(111616K) From: 0K(111104K)->9712K(111104K)
[762.853s][info][gc,heap        ] GC(2717) ParOldGen: 95950K(475648K)->95950K(475648K)
[762.853s][info][gc,metaspace   ] GC(2717) Metaspace: 19161K(19392K)->19161K(19392K) NonClass: 16500K(16640K)->16500K(16640K) Class: 2661K(2752K)->2661K(2752K)
[762.853s][info][gc             ] GC(2717) Pause Young (Allocation Failure) 202M->103M(682M) 12.001ms
[762.853s][info][gc,cpu         ] GC(2717) User=0.03s Sys=0.00s Real=0.01s
[762.978s][info][gc,start       ] GC(2718) Pause Young (Allocation Failure)
[763.004s][info][gc,heap        ] GC(2718) PSYoungGen: 121328K(222720K)->21552K(214528K) Eden: 111616K(111616K)->0K(111616K) From: 9712K(111104K)->21552K(102912K)
[763.004s][info][gc,heap        ] GC(2718) ParOldGen: 95950K(475648K)->105662K(475648K)
[763.004s][info][gc,metaspace   ] GC(2718) Metaspace: 19162K(19392K)->19162K(19392K) NonClass: 16501K(16640K)->16501K(16640K) Class: 2661K(2752K)->2661K(2752K)
[763.004s][info][gc             ] GC(2718) Pause Young (Allocation Failure) 212M->124M(674M) 25.939ms
[763.004s][info][gc,cpu         ] GC(2718) User=0.04s Sys=0.00s Real=0.02s
[763.065s][info][gc,start       ] GC(2719) Pause Young (Allocation Failure)
[763.108s][info][gc,heap        ] GC(2719) PSYoungGen: 133168K(214528K)->64160K(218624K) Eden: 111616K(111616K)->0K(111616K) From: 21552K(102912K)->64160K(107008K)
[763.108s][info][gc,heap        ] GC(2719) ParOldGen: 105662K(475648K)->105662K(475648K)
[763.108s][info][gc,metaspace   ] GC(2719) Metaspace: 19162K(19392K)->19162K(19392K) NonClass: 16501K(16640K)->16501K(16640K) Class: 2661K(2752K)->2661K(2752K)
[763.108s][info][gc             ] GC(2719) Pause Young (Allocation Failure) 233M->165M(678M) 43.560ms
[763.108s][info][gc,cpu         ] GC(2719) User=0.09s Sys=0.00s Real=0.05s
[763.353s][info][gc,start       ] GC(2720) Pause Young (Allocation Failure)
[763.396s][info][gc,heap        ] GC(2720) PSYoungGen: 175776K(218624K)->69920K(222720K) Eden: 111616K(111616K)->0K(111616K) From: 64160K(107008K)->69920K(111104K)
[763.396s][info][gc,heap        ] GC(2720) ParOldGen: 105662K(475648K)->105662K(475648K)
[763.396s][info][gc,metaspace   ] GC(2720) Metaspace: 19162K(19392K)->19162K(19392K) NonClass: 16501K(16640K)->16501K(16640K) Class: 2661K(2752K)->2661K(2752K)
[763.396s][info][gc             ] GC(2720) Pause Young (Allocation Failure) 274M->171M(682M) 42.681ms
[763.396s][info][gc,cpu         ] GC(2720) User=0.08s Sys=0.00s Real=0.04s
[763.533s][info][gc,start       ] GC(2721) Pause Young (Allocation Failure)
[763.591s][info][gc,heap        ] GC(2721) PSYoungGen: 181536K(222720K)->12065K(222720K) Eden: 111616K(111616K)->0K(111616K) From: 69920K(111104K)->12065K(111104K)
[763.591s][info][gc,heap        ] GC(2721) ParOldGen: 105662K(475648K)->170510K(475648K)
[763.591s][info][gc,metaspace   ] GC(2721) Metaspace: 19162K(19392K)->19162K(19392K) NonClass: 16501K(16640K)->16501K(16640K) Class: 2661K(2752K)->2661K(2752K)
[763.591s][info][gc             ] GC(2721) Pause Young (Allocation Failure) 280M->178M(682M) 57.866ms
[763.591s][info][gc,cpu         ] GC(2721) User=0.12s Sys=0.01s Real=0.06s
[763.698s][info][gc,start       ] GC(2722) Pause Young (Allocation Failure)
[763.778s][info][gc,heap        ] GC(2722) PSYoungGen: 123681K(222720K)->62976K(222720K) Eden: 111616K(111616K)->0K(111616K) From: 12065K(111104K)->62976K(111104K)
[763.778s][info][gc,heap        ] GC(2722) ParOldGen: 170510K(475648K)->182339K(475648K)
[763.778s][info][gc,metaspace   ] GC(2722) Metaspace: 19162K(19392K)->19162K(19392K) NonClass: 16501K(16640K)->16501K(16640K) Class: 2661K(2752K)->2661K(2752K)
[763.778s][info][gc             ] GC(2722) Pause Young (Allocation Failure) 287M->239M(682M) 80.768ms
[763.778s][info][gc,cpu         ] GC(2722) User=0.16s Sys=0.00s Real=0.08s
[763.838s][info][gc,start       ] GC(2723) Pause Young (Allocation Failure)
[763.935s][info][gc,heap        ] GC(2723) PSYoungGen: 174592K(222720K)->40416K(152064K) Eden: 111616K(111616K)->0K(111616K) From: 62976K(111104K)->40416K(40448K)
[763.935s][info][gc,heap        ] GC(2723) ParOldGen: 182339K(475648K)->245507K(475648K)
[763.935s][info][gc,metaspace   ] GC(2723) Metaspace: 19162K(19392K)->19162K(19392K) NonClass: 16501K(16640K)->16501K(16640K) Class: 2661K(2752K)->2661K(2752K)
[763.935s][info][gc             ] GC(2723) Pause Young (Allocation Failure) 348M->279M(613M) 97.035ms
[763.935s][info][gc,cpu         ] GC(2723) User=0.19s Sys=0.00s Real=0.09s
[763.982s][info][gc,start       ] GC(2724) Pause Young (Allocation Failure)
[764.041s][info][gc,heap        ] GC(2724) PSYoungGen: 152032K(152064K)->80112K(217600K) Eden: 111616K(111616K)->0K(109056K) From: 40416K(40448K)->80112K(108544K)
[764.041s][info][gc,heap        ] GC(2724) ParOldGen: 245507K(475648K)->245507K(475648K)
[764.041s][info][gc,metaspace   ] GC(2724) Metaspace: 19162K(19392K)->19162K(19392K) NonClass: 16501K(16640K)->16501K(16640K) Class: 2661K(2752K)->2661K(2752K)
[764.041s][info][gc             ] GC(2724) Pause Young (Allocation Failure) 388M->317M(677M) 58.925ms
[764.041s][info][gc,cpu         ] GC(2724) User=0.12s Sys=0.00s Real=0.06s
[764.173s][info][gc,start       ] GC(2725) Pause Young (Allocation Failure)
[764.247s][info][gc,heap        ] GC(2725) PSYoungGen: 189168K(217600K)->18528K(220160K) Eden: 109056K(109056K)->0K(109056K) From: 80112K(108544K)->18528K(111104K)
[764.247s][info][gc,heap        ] GC(2725) ParOldGen: 245507K(475648K)->326379K(475648K)
[764.248s][info][gc,metaspace   ] GC(2725) Metaspace: 19162K(19392K)->19162K(19392K) NonClass: 16501K(16640K)->16501K(16640K) Class: 2661K(2752K)->2661K(2752K)
[764.248s][info][gc             ] GC(2725) Pause Young (Allocation Failure) 424M->336M(679M) 74.777ms
[764.248s][info][gc,cpu         ] GC(2725) User=0.15s Sys=0.00s Real=0.08s
[764.296s][info][gc,start       ] GC(2726) Pause Young (Allocation Failure)
[764.320s][info][gc,heap        ] GC(2726) PSYoungGen: 127584K(220160K)->1920K(222720K) Eden: 109056K(109056K)->0K(111616K) From: 18528K(111104K)->1920K(111104K)
[764.320s][info][gc,heap        ] GC(2726) ParOldGen: 326379K(475648K)->344963K(475648K)
[764.320s][info][gc,metaspace   ] GC(2726) Metaspace: 19162K(19392K)->19162K(19392K) NonClass: 16501K(16640K)->16501K(16640K) Class: 2661K(2752K)->2661K(2752K)
[764.320s][info][gc             ] GC(2726) Pause Young (Allocation Failure) 443M->338M(682M) 23.941ms
[764.320s][info][gc,cpu         ] GC(2726) User=0.05s Sys=0.00s Real=0.03s
[764.403s][info][gc,start       ] GC(2727) Pause Young (Allocation Failure)
[764.420s][info][gc,heap        ] GC(2727) PSYoungGen: 113536K(222720K)->1632K(222720K) Eden: 111616K(111616K)->0K(111616K) From: 1920K(111104K)->1632K(111104K)
[764.420s][info][gc,heap        ] GC(2727) ParOldGen: 344963K(475648K)->346859K(475648K)
[764.420s][info][gc,metaspace   ] GC(2727) Metaspace: 19162K(19392K)->19162K(19392K) NonClass: 16501K(16640K)->16501K(16640K) Class: 2661K(2752K)->2661K(2752K)
[764.420s][info][gc             ] GC(2727) Pause Young (Allocation Failure) 447M->340M(682M) 16.919ms
[764.420s][info][gc,cpu         ] GC(2727) User=0.04s Sys=0.00s Real=0.02s
[764.530s][info][gc,start       ] GC(2728) Pause Young (Allocation Failure)
[764.567s][info][gc,heap        ] GC(2728) PSYoungGen: 113248K(222720K)->21057K(211456K) Eden: 111616K(111616K)->0K(111616K) From: 1632K(111104K)->21057K(99840K)
[764.567s][info][gc,heap        ] GC(2728) ParOldGen: 346859K(475648K)->346859K(475648K)
[764.567s][info][gc,metaspace   ] GC(2728) Metaspace: 19162K(19392K)->19162K(19392K) NonClass: 16501K(16640K)->16501K(16640K) Class: 2661K(2752K)->2661K(2752K)
[764.567s][info][gc             ] GC(2728) Pause Young (Allocation Failure) 449M->359M(671M) 37.672ms
[764.568s][info][gc,cpu         ] GC(2728) User=0.07s Sys=0.00s Real=0.04s
[764.655s][info][gc,start       ] GC(2729) Pause Young (Allocation Failure)
[764.699s][info][gc,heap        ] GC(2729) PSYoungGen: 132673K(211456K)->32513K(217088K) Eden: 111616K(111616K)->0K(111616K) From: 21057K(99840K)->32513K(105472K)
[764.699s][info][gc,heap        ] GC(2729) ParOldGen: 346859K(475648K)->346859K(475648K)
[764.699s][info][gc,metaspace   ] GC(2729) Metaspace: 19162K(19392K)->19162K(19392K) NonClass: 16501K(16640K)->16501K(16640K) Class: 2661K(2752K)->2661K(2752K)
[764.699s][info][gc             ] GC(2729) Pause Young (Allocation Failure) 468M->370M(676M) 44.437ms
[764.699s][info][gc,cpu         ] GC(2729) User=0.09s Sys=0.00s Real=0.05s
[764.797s][info][gc,start       ] GC(2730) Pause Young (Allocation Failure)
[764.862s][info][gc,heap        ] GC(2730) PSYoungGen: 144129K(217088K)->53025K(217088K) Eden: 111616K(111616K)->0K(118784K) From: 32513K(105472K)->53025K(98304K)
[764.862s][info][gc,heap        ] GC(2730) ParOldGen: 346859K(475648K)->346859K(475648K)
[764.862s][info][gc,metaspace   ] GC(2730) Metaspace: 19162K(19392K)->19162K(19392K) NonClass: 16501K(16640K)->16501K(16640K) Class: 2661K(2752K)->2661K(2752K)
[764.862s][info][gc             ] GC(2730) Pause Young (Allocation Failure) 479M->390M(676M) 64.616ms
[764.862s][info][gc,cpu         ] GC(2730) User=0.13s Sys=0.00s Real=0.06s
[764.955s][info][gc,start       ] GC(2731) Pause Young (Allocation Failure)
[765.040s][info][gc,heap        ] GC(2731) PSYoungGen: 171809K(217088K)->73889K(218624K) Eden: 118784K(118784K)->0K(118784K) From: 53025K(98304K)->73889K(99840K)
[765.040s][info][gc,heap        ] GC(2731) ParOldGen: 346859K(475648K)->346859K(475648K)
[765.040s][info][gc,metaspace   ] GC(2731) Metaspace: 19162K(19392K)->19162K(19392K) NonClass: 16501K(16640K)->16501K(16640K) Class: 2661K(2752K)->2661K(2752K)
[765.040s][info][gc             ] GC(2731) Pause Young (Allocation Failure) 506M->410M(678M) 85.142ms
[765.040s][info][gc,cpu         ] GC(2731) User=0.17s Sys=0.00s Real=0.09s
[765.148s][info][gc,start       ] GC(2732) Pause Young (Allocation Failure)
[765.235s][info][gc,heap        ] GC(2732) PSYoungGen: 192673K(218624K)->75553K(219136K) Eden: 118784K(118784K)->0K(111616K) From: 73889K(99840K)->75553K(107520K)
[765.235s][info][gc,heap        ] GC(2732) ParOldGen: 346859K(475648K)->346859K(475648K)
[765.235s][info][gc,metaspace   ] GC(2732) Metaspace: 19162K(19392K)->19162K(19392K) NonClass: 16501K(16640K)->16501K(16640K) Class: 2661K(2752K)->2661K(2752K)
[765.235s][info][gc             ] GC(2732) Pause Young (Allocation Failure) 526M->412M(678M) 86.995ms
[765.235s][info][gc,cpu         ] GC(2732) User=0.17s Sys=0.00s Real=0.08s
[765.389s][info][gc,start       ] GC(2733) Pause Young (Allocation Failure)
[765.480s][info][gc,heap        ] GC(2733) PSYoungGen: 187169K(219136K)->57728K(222720K) Eden: 111616K(111616K)->0K(111616K) From: 75553K(107520K)->57728K(111104K)
[765.480s][info][gc,heap        ] GC(2733) ParOldGen: 346859K(475648K)->367928K(475648K)
[765.480s][info][gc,metaspace   ] GC(2733) Metaspace: 19162K(19392K)->19162K(19392K) NonClass: 16501K(16640K)->16501K(16640K) Class: 2661K(2752K)->2661K(2752K)
[765.480s][info][gc             ] GC(2733) Pause Young (Allocation Failure) 521M->415M(682M) 91.076ms
[765.480s][info][gc,cpu         ] GC(2733) User=0.18s Sys=0.00s Real=0.09s
[765.647s][info][gc,start       ] GC(2734) Pause Young (Allocation Failure)
[765.711s][info][gc,heap        ] GC(2734) PSYoungGen: 169344K(222720K)->32960K(216576K) Eden: 111616K(111616K)->0K(111616K) From: 57728K(111104K)->32960K(104960K)
[765.711s][info][gc,heap        ] GC(2734) ParOldGen: 367928K(475648K)->399968K(475648K)
[765.711s][info][gc,metaspace   ] GC(2734) Metaspace: 19162K(19392K)->19162K(19392K) NonClass: 16501K(16640K)->16501K(16640K) Class: 2661K(2752K)->2661K(2752K)
[765.711s][info][gc             ] GC(2734) Pause Young (Allocation Failure) 524M->422M(676M) 63.445ms
[765.711s][info][gc,cpu         ] GC(2734) User=0.13s Sys=0.00s Real=0.06s
[765.883s][info][gc,start       ] GC(2735) Pause Young (Allocation Failure)
[765.933s][info][gc,heap        ] GC(2735) PSYoungGen: 144576K(216576K)->47104K(219648K) Eden: 111616K(111616K)->0K(111616K) From: 32960K(104960K)->47104K(108032K)
[765.933s][info][gc,heap        ] GC(2735) ParOldGen: 399968K(475648K)->399968K(475648K)
[765.933s][info][gc,metaspace   ] GC(2735) Metaspace: 19162K(19392K)->19162K(19392K) NonClass: 16501K(16640K)->16501K(16640K) Class: 2661K(2752K)->2661K(2752K)
[765.933s][info][gc             ] GC(2735) Pause Young (Allocation Failure) 531M->436M(679M) 50.090ms
[765.933s][info][gc,cpu         ] GC(2735) User=0.10s Sys=0.00s Real=0.05s
[766.293s][info][gc,start       ] GC(2736) Pause Young (Allocation Failure)
[766.340s][info][gc,heap        ] GC(2736) PSYoungGen: 158720K(219648K)->47200K(212480K) Eden: 111616K(111616K)->0K(119296K) From: 47104K(108032K)->47200K(93184K)
[766.340s][info][gc,heap        ] GC(2736) ParOldGen: 399968K(475648K)->399968K(475648K)
[766.340s][info][gc,metaspace   ] GC(2736) Metaspace: 19174K(19392K)->19174K(19392K) NonClass: 16513K(16640K)->16513K(16640K) Class: 2661K(2752K)->2661K(2752K)
[766.340s][info][gc             ] GC(2736) Pause Young (Allocation Failure) 545M->436M(672M) 47.080ms
[766.340s][info][gc,cpu         ] GC(2736) User=0.09s Sys=0.00s Real=0.05s
[766.650s][info][gc,start       ] GC(2737) Pause Young (Allocation Failure)
[766.698s][info][gc,heap        ] GC(2737) PSYoungGen: 166496K(212480K)->47232K(218112K) Eden: 119296K(119296K)->0K(119296K) From: 47200K(93184K)->47232K(98816K)
[766.698s][info][gc,heap        ] GC(2737) ParOldGen: 399968K(475648K)->399968K(475648K)
[766.698s][info][gc,metaspace   ] GC(2737) Metaspace: 19174K(19392K)->19174K(19392K) NonClass: 16513K(16640K)->16513K(16640K) Class: 2661K(2752K)->2661K(2752K)
[766.698s][info][gc             ] GC(2737) Pause Young (Allocation Failure) 553M->436M(677M) 48.378ms
[766.698s][info][gc,cpu         ] GC(2737) User=0.10s Sys=0.01s Real=0.05s
[766.984s][info][gc,start       ] GC(2738) Pause Young (Allocation Failure)
[767.033s][info][gc,heap        ] GC(2738) PSYoungGen: 166528K(218112K)->47456K(213504K) Eden: 119296K(119296K)->0K(126464K) From: 47232K(98816K)->47456K(87040K)
[767.033s][info][gc,heap        ] GC(2738) ParOldGen: 399968K(475648K)->399968K(475648K)
[767.033s][info][gc,metaspace   ] GC(2738) Metaspace: 19174K(19392K)->19174K(19392K) NonClass: 16513K(16640K)->16513K(16640K) Class: 2661K(2752K)->2661K(2752K)
[767.033s][info][gc             ] GC(2738) Pause Young (Allocation Failure) 553M->436M(673M) 49.659ms
[767.033s][info][gc,cpu         ] GC(2738) User=0.10s Sys=0.00s Real=0.05s
[767.342s][info][gc,start       ] GC(2739) Pause Young (Allocation Failure)
[767.400s][info][gc,heap        ] GC(2739) PSYoungGen: 173920K(213504K)->47264K(217600K) Eden: 126464K(126464K)->0K(126464K) From: 47456K(87040K)->47264K(91136K)
[767.400s][info][gc,heap        ] GC(2739) ParOldGen: 399968K(475648K)->399968K(475648K)
[767.400s][info][gc,metaspace   ] GC(2739) Metaspace: 19174K(19392K)->19174K(19392K) NonClass: 16513K(16640K)->16513K(16640K) Class: 2661K(2752K)->2661K(2752K)
[767.400s][info][gc             ] GC(2739) Pause Young (Allocation Failure) 560M->436M(677M) 57.867ms
[767.400s][info][gc,cpu         ] GC(2739) User=0.12s Sys=0.00s Real=0.06s
[767.644s][info][gc,start       ] GC(2740) Pause Young (Allocation Failure)
[767.697s][info][gc,heap        ] GC(2740) PSYoungGen: 173728K(217600K)->54006K(220160K) Eden: 126464K(126464K)->0K(133632K) From: 47264K(91136K)->54006K(86528K)
[767.697s][info][gc,heap        ] GC(2740) ParOldGen: 399968K(475648K)->399968K(475648K)
[767.697s][info][gc,metaspace   ] GC(2740) Metaspace: 19174K(19392K)->19174K(19392K) NonClass: 16513K(16640K)->16513K(16640K) Class: 2661K(2752K)->2661K(2752K)
[767.697s][info][gc             ] GC(2740) Pause Young (Allocation Failure) 560M->443M(679M) 52.814ms
[767.697s][info][gc,cpu         ] GC(2740) User=0.11s Sys=0.00s Real=0.06s
[767.769s][info][gc,start       ] GC(2741) Pause Young (Allocation Failure)
[767.870s][info][gc,heap        ] GC(2741) PSYoungGen: 187638K(220160K)->87030K(220672K) Eden: 133632K(133632K)->0K(133632K) From: 54006K(86528K)->87030K(87040K)
[767.870s][info][gc,heap        ] GC(2741) ParOldGen: 399968K(475648K)->417904K(475648K)
[767.870s][info][gc,metaspace   ] GC(2741) Metaspace: 19174K(19392K)->19174K(19392K) NonClass: 16513K(16640K)->16513K(16640K) Class: 2661K(2752K)->2661K(2752K)
[767.870s][info][gc             ] GC(2741) Pause Young (Allocation Failure) 573M->493M(680M) 101.352ms
[767.871s][info][gc,cpu         ] GC(2741) User=0.20s Sys=0.00s Real=0.10s
[768.064s][info][gc,start       ] GC(2742) Pause Young (Allocation Failure)
[768.168s][info][gc,heap        ] GC(2742) PSYoungGen: 220662K(220672K)->82694K(216576K) Eden: 133632K(133632K)->0K(111616K) From: 87030K(87040K)->82694K(104960K)
[768.169s][info][gc,heap        ] GC(2742) ParOldGen: 417904K(475648K)->440478K(475648K)
[768.169s][info][gc,metaspace   ] GC(2742) Metaspace: 19174K(19392K)->19174K(19392K) NonClass: 16513K(16640K)->16513K(16640K) Class: 2661K(2752K)->2661K(2752K)
[768.169s][info][gc             ] GC(2742) Pause Young (Allocation Failure) 623M->510M(676M) 104.539ms
[768.169s][info][gc,cpu         ] GC(2742) User=0.21s Sys=0.00s Real=0.11s
[768.274s][info][gc,start       ] GC(2743) Pause Young (Allocation Failure)
[768.352s][info][gc,heap        ] GC(2743) PSYoungGen: 194310K(216576K)->88838K(222720K) Eden: 111616K(111616K)->0K(111616K) From: 82694K(104960K)->88838K(111104K)
[768.352s][info][gc,heap        ] GC(2743) ParOldGen: 440478K(475648K)->440478K(475648K)
[768.352s][info][gc,metaspace   ] GC(2743) Metaspace: 19174K(19392K)->19174K(19392K) NonClass: 16513K(16640K)->16513K(16640K) Class: 2661K(2752K)->2661K(2752K)
[768.352s][info][gc             ] GC(2743) Pause Young (Allocation Failure) 619M->516M(682M) 77.494ms
[768.352s][info][gc,cpu         ] GC(2743) User=0.15s Sys=0.00s Real=0.08s
[768.481s][info][gc,start       ] GC(2744) Pause Young (Allocation Failure)
[768.605s][info][gc,heap        ] GC(2744) PSYoungGen: 200454K(222720K)->104902K(222720K) Eden: 111616K(111616K)->0K(111616K) From: 88838K(111104K)->104902K(111104K)
[768.605s][info][gc,heap        ] GC(2744) ParOldGen: 440478K(475648K)->450870K(475648K)
[768.605s][info][gc,metaspace   ] GC(2744) Metaspace: 19182K(19392K)->19182K(19392K) NonClass: 16521K(16640K)->16521K(16640K) Class: 2661K(2752K)->2661K(2752K)
[768.605s][info][gc             ] GC(2744) Pause Young (Allocation Failure) 625M->542M(682M) 124.221ms
[768.605s][info][gc,cpu         ] GC(2744) User=0.23s Sys=0.02s Real=0.12s
[768.697s][info][gc,start       ] GC(2745) Pause Young (Allocation Failure)
[768.830s][info][gc,heap        ] GC(2745) PSYoungGen: 216518K(222720K)->111078K(222720K) Eden: 111616K(111616K)->0K(111616K) From: 104902K(111104K)->111078K(111104K)
[768.830s][info][gc,heap        ] GC(2745) ParOldGen: 450870K(475648K)->474256K(475648K)
[768.830s][info][gc,metaspace   ] GC(2745) Metaspace: 19187K(19392K)->19187K(19392K) NonClass: 16526K(16640K)->16526K(16640K) Class: 2661K(2752K)->2661K(2752K)
[768.830s][info][gc             ] GC(2745) Pause Young (Allocation Failure) 651M->571M(682M) 132.631ms
[768.830s][info][gc,cpu         ] GC(2745) User=0.27s Sys=0.00s Real=0.13s
[768.914s][info][gc,start       ] GC(2746) Pause Young (Allocation Failure)
[769.070s][info][gc,heap        ] GC(2746) PSYoungGen: 222694K(222720K)->111100K(222720K) Eden: 111616K(111616K)->0K(111616K) From: 111078K(111104K)->111100K(111104K)
[769.070s][info][gc,heap        ] GC(2746) ParOldGen: 474256K(475648K)->499584K(499712K)
[769.070s][info][gc,metaspace   ] GC(2746) Metaspace: 19187K(19392K)->19187K(19392K) NonClass: 16526K(16640K)->16526K(16640K) Class: 2661K(2752K)->2661K(2752K)
[769.070s][info][gc             ] GC(2746) Pause Young (Allocation Failure) 680M->596M(705M) 155.242ms
[769.070s][info][gc,cpu         ] GC(2746) User=0.27s Sys=0.03s Real=0.16s
[769.142s][info][gc,start       ] GC(2747) Pause Young (Allocation Failure)
[769.265s][info][gc,heap        ] GC(2747) PSYoungGen: 222716K(222720K)->111077K(222720K) Eden: 111616K(111616K)->0K(111616K) From: 111100K(111104K)->111077K(111104K)
[769.265s][info][gc,heap        ] GC(2747) ParOldGen: 499584K(499712K)->509839K(509952K)
[769.265s][info][gc,metaspace   ] GC(2747) Metaspace: 19187K(19392K)->19187K(19392K) NonClass: 16526K(16640K)->16526K(16640K) Class: 2661K(2752K)->2661K(2752K)
[769.265s][info][gc             ] GC(2747) Pause Young (Allocation Failure) 705M->606M(715M) 123.309ms
[769.265s][info][gc,cpu         ] GC(2747) User=0.23s Sys=0.01s Real=0.12s
[769.334s][info][gc,start       ] GC(2748) Pause Young (Allocation Failure)
[769.475s][info][gc,heap        ] GC(2748) PSYoungGen: 222693K(222720K)->63909K(222720K) Eden: 111616K(111616K)->0K(111616K) From: 111077K(111104K)->63909K(111104K)
[769.475s][info][gc,heap        ] GC(2748) ParOldGen: 509839K(509952K)->561359K(561664K)
[769.475s][info][gc,metaspace   ] GC(2748) Metaspace: 19187K(19392K)->19187K(19392K) NonClass: 16526K(16640K)->16526K(16640K) Class: 2661K(2752K)->2661K(2752K)
[769.475s][info][gc             ] GC(2748) Pause Young (Allocation Failure) 715M->610M(766M) 140.967ms
[769.475s][info][gc,cpu         ] GC(2748) User=0.22s Sys=0.05s Real=0.14s
[769.543s][info][gc,start       ] GC(2749) Pause Young (Allocation Failure)
[769.619s][info][gc,heap        ] GC(2749) PSYoungGen: 175525K(222720K)->46464K(222720K) Eden: 111616K(111616K)->0K(111616K) From: 63909K(111104K)->46464K(111104K)
[769.619s][info][gc,heap        ] GC(2749) ParOldGen: 561359K(561664K)->572996K(573440K)
[769.619s][info][gc,metaspace   ] GC(2749) Metaspace: 19187K(19392K)->19187K(19392K) NonClass: 16526K(16640K)->16526K(16640K) Class: 2661K(2752K)->2661K(2752K)
[769.619s][info][gc             ] GC(2749) Pause Young (Allocation Failure) 719M->604M(777M) 75.935ms
[769.619s][info][gc,cpu         ] GC(2749) User=0.14s Sys=0.01s Real=0.08s
[769.714s][info][gc,start       ] GC(2750) Pause Young (Allocation Failure)
[769.796s][info][gc,heap        ] GC(2750) PSYoungGen: 158080K(222720K)->27264K(222720K) Eden: 111616K(111616K)->0K(111616K) From: 46464K(111104K)->27264K(111104K)
[769.796s][info][gc,heap        ] GC(2750) ParOldGen: 572996K(573440K)->605244K(605696K)
[769.796s][info][gc,metaspace   ] GC(2750) Metaspace: 19187K(19392K)->19187K(19392K) NonClass: 16526K(16640K)->16526K(16640K) Class: 2661K(2752K)->2661K(2752K)
[769.796s][info][gc             ] GC(2750) Pause Young (Allocation Failure) 713M->617M(809M) 82.516ms
[769.796s][info][gc,cpu         ] GC(2750) User=0.13s Sys=0.03s Real=0.08s
[769.885s][info][gc,start       ] GC(2751) Pause Full (Allocation Failure)
[769.885s][info][gc,phases,start] GC(2751) Marking Phase
[770.163s][info][gc,phases      ] GC(2751) Marking Phase 277.439ms
[770.163s][info][gc,phases,start] GC(2751) Summary Phase
[770.163s][info][gc,phases      ] GC(2751) Summary Phase 0.029ms
[770.163s][info][gc,phases,start] GC(2751) Forward
[770.259s][info][gc,phases      ] GC(2751) Forward 95.966ms
[770.259s][info][gc,phases,start] GC(2751) Adjust Pointers
[770.476s][info][gc,phases      ] GC(2751) Adjust Pointers 217.163ms
[770.476s][info][gc,phases,start] GC(2751) Compaction Phase
[770.601s][info][gc,phases      ] GC(2751) Compaction Phase 124.943ms
[770.609s][info][gc,phases,start] GC(2751) Post Compact
[770.611s][info][gc,phases      ] GC(2751) Post Compact 2.176ms
[770.612s][info][gc,heap        ] GC(2751) PSYoungGen: 138880K(222720K)->0K(222720K) Eden: 111616K(111616K)->0K(111616K) From: 27264K(111104K)->0K(111104K)
[770.612s][info][gc,heap        ] GC(2751) ParOldGen: 605244K(605696K)->377060K(667648K)
[770.612s][info][gc,metaspace   ] GC(2751) Metaspace: 19187K(19392K)->19187K(19392K) NonClass: 16526K(16640K)->16526K(16640K) Class: 2661K(2752K)->2661K(2752K)
[770.612s][info][gc             ] GC(2751) Pause Full (Allocation Failure) 726M->368M(869M) 726.544ms
[770.612s][info][gc,cpu         ] GC(2751) User=1.37s Sys=0.00s Real=0.73s
[770.689s][info][gc,start       ] GC(2752) Pause Young (Allocation Failure)
[770.693s][info][gc,heap        ] GC(2752) PSYoungGen: 111616K(222720K)->576K(222720K) Eden: 111616K(111616K)->0K(111616K) From: 0K(111104K)->576K(111104K)
[770.693s][info][gc,heap        ] GC(2752) ParOldGen: 377060K(667648K)->377060K(667648K)
[770.693s][info][gc,metaspace   ] GC(2752) Metaspace: 19187K(19392K)->19187K(19392K) NonClass: 16526K(16640K)->16526K(16640K) Class: 2661K(2752K)->2661K(2752K)
[770.693s][info][gc             ] GC(2752) Pause Young (Allocation Failure) 477M->368M(869M) 3.981ms
[770.693s][info][gc,cpu         ] GC(2752) User=0.01s Sys=0.00s Real=0.00s
[770.800s][info][gc,start       ] GC(2753) Pause Young (Allocation Failure)
[770.815s][info][gc,heap        ] GC(2753) PSYoungGen: 112192K(222720K)->11872K(222720K) Eden: 111616K(111616K)->0K(111616K) From: 576K(111104K)->11872K(111104K)
[770.815s][info][gc,heap        ] GC(2753) ParOldGen: 377060K(667648K)->377060K(667648K)
[770.815s][info][gc,metaspace   ] GC(2753) Metaspace: 19187K(19392K)->19187K(19392K) NonClass: 16526K(16640K)->16526K(16640K) Class: 2661K(2752K)->2661K(2752K)
[770.815s][info][gc             ] GC(2753) Pause Young (Allocation Failure) 477M->379M(869M) 14.481ms
[770.815s][info][gc,cpu         ] GC(2753) User=0.03s Sys=0.00s Real=0.01s
[770.935s][info][gc,start       ] GC(2754) Pause Young (Allocation Failure)
[770.967s][info][gc,heap        ] GC(2754) PSYoungGen: 123488K(222720K)->17760K(222720K) Eden: 111616K(111616K)->0K(111616K) From: 11872K(111104K)->17760K(111104K)
[770.967s][info][gc,heap        ] GC(2754) ParOldGen: 377060K(667648K)->388924K(667648K)
[770.967s][info][gc,metaspace   ] GC(2754) Metaspace: 19187K(19392K)->19187K(19392K) NonClass: 16526K(16640K)->16526K(16640K) Class: 2661K(2752K)->2661K(2752K)
[770.967s][info][gc             ] GC(2754) Pause Young (Allocation Failure) 488M->397M(869M) 31.977ms
[770.967s][info][gc,cpu         ] GC(2754) User=0.06s Sys=0.00s Real=0.04s
[771.317s][info][gc,start       ] GC(2755) Pause Young (Allocation Failure)
[771.340s][info][gc,heap        ] GC(2755) PSYoungGen: 129376K(222720K)->2432K(222720K) Eden: 111616K(111616K)->0K(111616K) From: 17760K(111104K)->2432K(111104K)
[771.340s][info][gc,heap        ] GC(2755) ParOldGen: 388924K(667648K)->406706K(667648K)
[771.340s][info][gc,metaspace   ] GC(2755) Metaspace: 19187K(19392K)->19187K(19392K) NonClass: 16526K(16640K)->16526K(16640K) Class: 2661K(2752K)->2661K(2752K)
[771.340s][info][gc             ] GC(2755) Pause Young (Allocation Failure) 506M->399M(869M) 23.237ms
[771.340s][info][gc,cpu         ] GC(2755) User=0.05s Sys=0.00s Real=0.02s
[771.585s][info][gc,start       ] GC(2756) Pause Young (Allocation Failure)
[771.598s][info][gc,heap        ] GC(2756) PSYoungGen: 114048K(222720K)->5216K(222720K) Eden: 111616K(111616K)->0K(111616K) From: 2432K(111104K)->5216K(111104K)
[771.598s][info][gc,heap        ] GC(2756) ParOldGen: 406706K(667648K)->409111K(667648K)
[771.598s][info][gc,metaspace   ] GC(2756) Metaspace: 19187K(19392K)->19187K(19392K) NonClass: 16526K(16640K)->16526K(16640K) Class: 2661K(2752K)->2661K(2752K)
[771.598s][info][gc             ] GC(2756) Pause Young (Allocation Failure) 508M->404M(869M) 12.584ms
[771.598s][info][gc,cpu         ] GC(2756) User=0.02s Sys=0.00s Real=0.02s
[771.740s][info][gc,start       ] GC(2757) Pause Young (Allocation Failure)
[771.760s][info][gc,heap        ] GC(2757) PSYoungGen: 116832K(222720K)->14176K(222720K) Eden: 111616K(111616K)->0K(111616K) From: 5216K(111104K)->14176K(111104K)
[771.760s][info][gc,heap        ] GC(2757) ParOldGen: 409111K(667648K)->414332K(667648K)
[771.760s][info][gc,metaspace   ] GC(2757) Metaspace: 19187K(19392K)->19187K(19392K) NonClass: 16526K(16640K)->16526K(16640K) Class: 2661K(2752K)->2661K(2752K)
[771.760s][info][gc             ] GC(2757) Pause Young (Allocation Failure) 513M->418M(869M) 19.768ms
[771.760s][info][gc,cpu         ] GC(2757) User=0.04s Sys=0.00s Real=0.02s
[771.921s][info][gc,start       ] GC(2758) Pause Young (Allocation Failure)
[771.943s][info][gc,heap        ] GC(2758) PSYoungGen: 125792K(222720K)->10032K(222720K) Eden: 111616K(111616K)->0K(111616K) From: 14176K(111104K)->10032K(111104K)
[771.943s][info][gc,heap        ] GC(2758) ParOldGen: 414332K(667648K)->428532K(667648K)
[771.943s][info][gc,metaspace   ] GC(2758) Metaspace: 19187K(19392K)->19187K(19392K) NonClass: 16526K(16640K)->16526K(16640K) Class: 2661K(2752K)->2661K(2752K)
[771.943s][info][gc             ] GC(2758) Pause Young (Allocation Failure) 527M->428M(869M) 22.770ms
[771.943s][info][gc,cpu         ] GC(2758) User=0.05s Sys=0.00s Real=0.02s
[772.002s][info][gc,start       ] GC(2759) Pause Young (Allocation Failure)
[772.040s][info][gc,heap        ] GC(2759) PSYoungGen: 121648K(222720K)->41024K(222720K) Eden: 111616K(111616K)->0K(111616K) From: 10032K(111104K)->41024K(111104K)
[772.040s][info][gc,heap        ] GC(2759) ParOldGen: 428532K(667648K)->438596K(667648K)
[772.040s][info][gc,metaspace   ] GC(2759) Metaspace: 19187K(19392K)->19187K(19392K) NonClass: 16526K(16640K)->16526K(16640K) Class: 2661K(2752K)->2661K(2752K)
[772.040s][info][gc             ] GC(2759) Pause Young (Allocation Failure) 537M->468M(869M) 37.741ms
[772.040s][info][gc,cpu         ] GC(2759) User=0.08s Sys=0.00s Real=0.04s
[772.215s][info][gc,start       ] GC(2760) Pause Young (Allocation Failure)
[772.259s][info][gc,heap        ] GC(2760) PSYoungGen: 152640K(222720K)->26000K(222720K) Eden: 111616K(111616K)->0K(111616K) From: 41024K(111104K)->26000K(111104K)
[772.259s][info][gc,heap        ] GC(2760) ParOldGen: 438596K(667648K)->480108K(667648K)
[772.259s][info][gc,metaspace   ] GC(2760) Metaspace: 19187K(19392K)->19187K(19392K) NonClass: 16526K(16640K)->16526K(16640K) Class: 2661K(2752K)->2661K(2752K)
[772.259s][info][gc             ] GC(2760) Pause Young (Allocation Failure) 577M->494M(869M) 43.784ms
[772.259s][info][gc,cpu         ] GC(2760) User=0.09s Sys=0.00s Real=0.05s
[772.376s][info][gc,start       ] GC(2761) Pause Young (Allocation Failure)
[772.404s][info][gc,heap        ] GC(2761) PSYoungGen: 137616K(222720K)->2816K(222720K) Eden: 111616K(111616K)->0K(111616K) From: 26000K(111104K)->2816K(111104K)
[772.404s][info][gc,heap        ] GC(2761) ParOldGen: 480108K(667648K)->506372K(667648K)
[772.404s][info][gc,metaspace   ] GC(2761) Metaspace: 19187K(19392K)->19187K(19392K) NonClass: 16526K(16640K)->16526K(16640K) Class: 2661K(2752K)->2661K(2752K)
[772.404s][info][gc             ] GC(2761) Pause Young (Allocation Failure) 603M->497M(869M) 28.957ms
[772.404s][info][gc,cpu         ] GC(2761) User=0.06s Sys=0.00s Real=0.03s
[772.580s][info][gc,start       ] GC(2762) Pause Young (Allocation Failure)
[772.630s][info][gc,heap        ] GC(2762) PSYoungGen: 114432K(222720K)->30719K(222720K) Eden: 111616K(111616K)->0K(111616K) From: 2816K(111104K)->30719K(111104K)
[772.630s][info][gc,heap        ] GC(2762) ParOldGen: 506372K(667648K)->509172K(667648K)
[772.630s][info][gc,metaspace   ] GC(2762) Metaspace: 19187K(19392K)->19187K(19392K) NonClass: 16526K(16640K)->16526K(16640K) Class: 2661K(2752K)->2661K(2752K)
[772.630s][info][gc             ] GC(2762) Pause Young (Allocation Failure) 606M->527M(869M) 50.338ms
[772.630s][info][gc,cpu         ] GC(2762) User=0.10s Sys=0.00s Real=0.05s
[772.764s][info][gc,start       ] GC(2763) Pause Young (Allocation Failure)
[772.828s][info][gc,heap        ] GC(2763) PSYoungGen: 142335K(222720K)->21984K(133632K) Eden: 111616K(111616K)->0K(111616K) From: 30719K(111104K)->21984K(22016K)
[772.828s][info][gc,heap        ] GC(2763) ParOldGen: 509172K(667648K)->539930K(667648K)
[772.828s][info][gc,metaspace   ] GC(2763) Metaspace: 19187K(19392K)->19187K(19392K) NonClass: 16526K(16640K)->16526K(16640K) Class: 2661K(2752K)->2661K(2752K)
[772.828s][info][gc             ] GC(2763) Pause Young (Allocation Failure) 636M->548M(782M) 64.070ms
[772.828s][info][gc,cpu         ] GC(2763) User=0.13s Sys=0.00s Real=0.07s
[772.943s][info][gc,start       ] GC(2764) Pause Young (Allocation Failure)
[772.972s][info][gc,heap        ] GC(2764) PSYoungGen: 133600K(133632K)->26528K(223232K) Eden: 111616K(111616K)->0K(118272K) From: 21984K(22016K)->26528K(104960K)
[772.972s][info][gc,heap        ] GC(2764) ParOldGen: 539930K(667648K)->539930K(667648K)
[772.972s][info][gc,metaspace   ] GC(2764) Metaspace: 19187K(19392K)->19187K(19392K) NonClass: 16526K(16640K)->16526K(16640K) Class: 2661K(2752K)->2661K(2752K)
[772.972s][info][gc             ] GC(2764) Pause Young (Allocation Failure) 657M->553M(870M) 29.139ms
[772.972s][info][gc,cpu         ] GC(2764) User=0.06s Sys=0.00s Real=0.03s
[773.091s][info][gc,start       ] GC(2765) Pause Young (Allocation Failure)
[773.120s][info][gc,heap        ] GC(2765) PSYoungGen: 144800K(223232K)->26496K(221696K) Eden: 118272K(118272K)->0K(118272K) From: 26528K(104960K)->26496K(103424K)
[773.120s][info][gc,heap        ] GC(2765) ParOldGen: 539930K(667648K)->539930K(667648K)
[773.120s][info][gc,metaspace   ] GC(2765) Metaspace: 19187K(19392K)->19187K(19392K) NonClass: 16526K(16640K)->16526K(16640K) Class: 2661K(2752K)->2661K(2752K)
[773.120s][info][gc             ] GC(2765) Pause Young (Allocation Failure) 668M->553M(868M) 29.257ms
[773.120s][info][gc,cpu         ] GC(2765) User=0.06s Sys=0.00s Real=0.03s
[773.268s][info][gc,start       ] GC(2766) Pause Young (Allocation Failure)
[773.314s][info][gc,heap        ] GC(2766) PSYoungGen: 144768K(221696K)->30496K(213504K) Eden: 118272K(118272K)->0K(126976K) From: 26496K(103424K)->30496K(86528K)
[773.314s][info][gc,heap        ] GC(2766) ParOldGen: 539930K(667648K)->539930K(667648K)
[773.314s][info][gc,metaspace   ] GC(2766) Metaspace: 19187K(19392K)->19187K(19392K) NonClass: 16526K(16640K)->16526K(16640K) Class: 2661K(2752K)->2661K(2752K)
[773.314s][info][gc             ] GC(2766) Pause Young (Allocation Failure) 668M->557M(860M) 45.407ms
[773.314s][info][gc,cpu         ] GC(2766) User=0.08s Sys=0.01s Real=0.04s
[773.497s][info][gc,start       ] GC(2767) Pause Young (Allocation Failure)
[773.545s][info][gc,heap        ] GC(2767) PSYoungGen: 157472K(213504K)->42112K(218112K) Eden: 126976K(126976K)->0K(126976K) From: 30496K(86528K)->42112K(91136K)
[773.545s][info][gc,heap        ] GC(2767) ParOldGen: 539930K(667648K)->539930K(667648K)
[773.545s][info][gc,metaspace   ] GC(2767) Metaspace: 19187K(19392K)->19187K(19392K) NonClass: 16526K(16640K)->16526K(16640K) Class: 2661K(2752K)->2661K(2752K)
[773.545s][info][gc             ] GC(2767) Pause Young (Allocation Failure) 681M->568M(865M) 47.315ms
[773.545s][info][gc,cpu         ] GC(2767) User=0.09s Sys=0.00s Real=0.04s
[773.695s][info][gc,start       ] GC(2768) Pause Young (Allocation Failure)
[773.760s][info][gc,heap        ] GC(2768) PSYoungGen: 169088K(218112K)->70562K(217088K) Eden: 126976K(126976K)->0K(128000K) From: 42112K(91136K)->70562K(89088K)
[773.760s][info][gc,heap        ] GC(2768) ParOldGen: 539930K(667648K)->539930K(667648K)
[773.760s][info][gc,metaspace   ] GC(2768) Metaspace: 19187K(19392K)->19187K(19392K) NonClass: 16526K(16640K)->16526K(16640K) Class: 2661K(2752K)->2661K(2752K)
[773.760s][info][gc             ] GC(2768) Pause Young (Allocation Failure) 692M->596M(864M) 65.408ms
[773.760s][info][gc,cpu         ] GC(2768) User=0.13s Sys=0.00s Real=0.07s
[773.816s][info][gc,start       ] GC(2769) Pause Young (Allocation Failure)
[773.918s][info][gc,heap        ] GC(2769) PSYoungGen: 198562K(217088K)->97250K(225280K) Eden: 128000K(128000K)->0K(128000K) From: 70562K(89088K)->97250K(97280K)
[773.918s][info][gc,heap        ] GC(2769) ParOldGen: 539930K(667648K)->559522K(667648K)
[773.918s][info][gc,metaspace   ] GC(2769) Metaspace: 19187K(19392K)->19187K(19392K) NonClass: 16526K(16640K)->16526K(16640K) Class: 2661K(2752K)->2661K(2752K)
[773.918s][info][gc             ] GC(2769) Pause Young (Allocation Failure) 721M->641M(872M) 101.427ms
[773.918s][info][gc,cpu         ] GC(2769) User=0.20s Sys=0.00s Real=0.10s
[774.172s][info][gc,start       ] GC(2770) Pause Young (Allocation Failure)
[774.277s][info][gc,heap        ] GC(2770) PSYoungGen: 225250K(225280K)->91651K(220160K) Eden: 128000K(128000K)->0K(111616K) From: 97250K(97280K)->91651K(108544K)
[774.277s][info][gc,heap        ] GC(2770) ParOldGen: 559522K(667648K)->585458K(667648K)
[774.277s][info][gc,metaspace   ] GC(2770) Metaspace: 19187K(19392K)->19187K(19392K) NonClass: 16526K(16640K)->16526K(16640K) Class: 2661K(2752K)->2661K(2752K)
[774.277s][info][gc             ] GC(2770) Pause Young (Allocation Failure) 766M->661M(867M) 105.494ms
[774.277s][info][gc,cpu         ] GC(2770) User=0.20s Sys=0.01s Real=0.11s
[774.472s][info][gc,start       ] GC(2771) Pause Young (Allocation Failure)
[774.589s][info][gc,heap        ] GC(2771) PSYoungGen: 203267K(220160K)->109058K(222720K) Eden: 111616K(111616K)->0K(111616K) From: 91651K(108544K)->109058K(111104K)
[774.589s][info][gc,heap        ] GC(2771) ParOldGen: 585458K(667648K)->590098K(667648K)
[774.589s][info][gc,metaspace   ] GC(2771) Metaspace: 19187K(19392K)->19187K(19392K) NonClass: 16526K(16640K)->16526K(16640K) Class: 2661K(2752K)->2661K(2752K)
[774.589s][info][gc             ] GC(2771) Pause Young (Allocation Failure) 770M->682M(869M) 116.745ms
[774.589s][info][gc,cpu         ] GC(2771) User=0.23s Sys=0.00s Real=0.12s
[774.741s][info][gc,start       ] GC(2772) Pause Young (Allocation Failure)
[774.883s][info][gc,heap        ] GC(2772) PSYoungGen: 220674K(222720K)->89568K(222720K) Eden: 111616K(111616K)->0K(111616K) From: 109058K(111104K)->89568K(111104K)
[774.883s][info][gc,heap        ] GC(2772) ParOldGen: 590098K(667648K)->630376K(667648K)
[774.883s][info][gc,metaspace   ] GC(2772) Metaspace: 19187K(19392K)->19187K(19392K) NonClass: 16526K(16640K)->16526K(16640K) Class: 2661K(2752K)->2661K(2752K)
[774.883s][info][gc             ] GC(2772) Pause Young (Allocation Failure) 791M->703M(869M) 142.198ms
[774.883s][info][gc,cpu         ] GC(2772) User=0.26s Sys=0.01s Real=0.14s
[775.030s][info][gc,start       ] GC(2773) Pause Full (Allocation Failure)
[775.030s][info][gc,phases,start] GC(2773) Marking Phase
[775.405s][info][gc,phases      ] GC(2773) Marking Phase 374.995ms
[775.405s][info][gc,phases,start] GC(2773) Summary Phase
[775.405s][info][gc,phases      ] GC(2773) Summary Phase 0.030ms
[775.405s][info][gc,phases,start] GC(2773) Forward
[775.545s][info][gc,phases      ] GC(2773) Forward 139.162ms
[775.545s][info][gc,phases,start] GC(2773) Adjust Pointers
[775.843s][info][gc,phases      ] GC(2773) Adjust Pointers 298.403ms
[775.843s][info][gc,phases,start] GC(2773) Compaction Phase
[776.021s][info][gc,phases      ] GC(2773) Compaction Phase 177.372ms
[776.031s][info][gc,phases,start] GC(2773) Post Compact
[776.033s][info][gc,phases      ] GC(2773) Post Compact 2.393ms
[776.033s][info][gc,heap        ] GC(2773) PSYoungGen: 201184K(222720K)->0K(222720K) Eden: 111616K(111616K)->0K(111616K) From: 89568K(111104K)->0K(111104K)
[776.033s][info][gc,heap        ] GC(2773) ParOldGen: 630376K(667648K)->519756K(667648K)
[776.033s][info][gc,metaspace   ] GC(2773) Metaspace: 19187K(19392K)->19187K(19392K) NonClass: 16526K(16640K)->16526K(16640K) Class: 2661K(2752K)->2661K(2752K)
[776.033s][info][gc             ] GC(2773) Pause Full (Allocation Failure) 812M->507M(869M) 1002.870ms
[776.033s][info][gc,cpu         ] GC(2773) User=1.90s Sys=0.00s Real=1.00s
[776.138s][info][gc,start       ] GC(2774) Pause Young (Allocation Failure)
[776.143s][info][gc,heap        ] GC(2774) PSYoungGen: 111616K(222720K)->704K(222720K) Eden: 111616K(111616K)->0K(111616K) From: 0K(111104K)->704K(111104K)
[776.143s][info][gc,heap        ] GC(2774) ParOldGen: 519756K(667648K)->519756K(667648K)
[776.143s][info][gc,metaspace   ] GC(2774) Metaspace: 19187K(19392K)->19187K(19392K) NonClass: 16526K(16640K)->16526K(16640K) Class: 2661K(2752K)->2661K(2752K)
[776.143s][info][gc             ] GC(2774) Pause Young (Allocation Failure) 616M->508M(869M) 4.549ms
[776.143s][info][gc,cpu         ] GC(2774) User=0.01s Sys=0.00s Real=0.00s
[776.270s][info][gc,start       ] GC(2775) Pause Young (Allocation Failure)
[776.278s][info][gc,heap        ] GC(2775) PSYoungGen: 112320K(222720K)->1504K(222720K) Eden: 111616K(111616K)->0K(111616K) From: 704K(111104K)->1504K(111104K)
[776.278s][info][gc,heap        ] GC(2775) ParOldGen: 519756K(667648K)->519756K(667648K)
[776.278s][info][gc,metaspace   ] GC(2775) Metaspace: 19187K(19392K)->19187K(19392K) NonClass: 16526K(16640K)->16526K(16640K) Class: 2661K(2752K)->2661K(2752K)
[776.278s][info][gc             ] GC(2775) Pause Young (Allocation Failure) 617M->509M(869M) 8.420ms
[776.278s][info][gc,cpu         ] GC(2775) User=0.02s Sys=0.00s Real=0.01s
[776.416s][info][gc,start       ] GC(2776) Pause Young (Allocation Failure)
[776.424s][info][gc,heap        ] GC(2776) PSYoungGen: 113120K(222720K)->3232K(222720K) Eden: 111616K(111616K)->0K(111616K) From: 1504K(111104K)->3232K(111104K)
[776.424s][info][gc,heap        ] GC(2776) ParOldGen: 519756K(667648K)->521252K(667648K)
[776.424s][info][gc,metaspace   ] GC(2776) Metaspace: 19187K(19392K)->19187K(19392K) NonClass: 16526K(16640K)->16526K(16640K) Class: 2661K(2752K)->2661K(2752K)
[776.424s][info][gc             ] GC(2776) Pause Young (Allocation Failure) 618M->512M(869M) 7.995ms
[776.424s][info][gc,cpu         ] GC(2776) User=0.02s Sys=0.00s Real=0.00s
[776.637s][info][gc,start       ] GC(2777) Pause Young (Allocation Failure)
[776.655s][info][gc,heap        ] GC(2777) PSYoungGen: 114848K(222720K)->12304K(222720K) Eden: 111616K(111616K)->0K(111616K) From: 3232K(111104K)->12304K(111104K)
[776.655s][info][gc,heap        ] GC(2777) ParOldGen: 521252K(667648K)->524468K(667648K)
[776.655s][info][gc,metaspace   ] GC(2777) Metaspace: 19187K(19392K)->19187K(19392K) NonClass: 16526K(16640K)->16526K(16640K) Class: 2661K(2752K)->2661K(2752K)
[776.655s][info][gc             ] GC(2777) Pause Young (Allocation Failure) 621M->524M(869M) 17.992ms
[776.655s][info][gc,cpu         ] GC(2777) User=0.04s Sys=0.00s Real=0.01s
[776.834s][info][gc,start       ] GC(2778) Pause Young (Allocation Failure)
[776.864s][info][gc,heap        ] GC(2778) PSYoungGen: 123920K(222720K)->14400K(222720K) Eden: 111616K(111616K)->0K(111616K) From: 12304K(111104K)->14400K(111104K)
[776.864s][info][gc,heap        ] GC(2778) ParOldGen: 524468K(667648K)->536772K(667648K)
[776.864s][info][gc,metaspace   ] GC(2778) Metaspace: 19187K(19392K)->19187K(19392K) NonClass: 16526K(16640K)->16526K(16640K) Class: 2661K(2752K)->2661K(2752K)
[776.864s][info][gc             ] GC(2778) Pause Young (Allocation Failure) 633M->538M(869M) 29.894ms
[776.864s][info][gc,cpu         ] GC(2778) User=0.06s Sys=0.00s Real=0.03s
[777.216s][info][gc,start       ] GC(2779) Pause Young (Allocation Failure)
[777.233s][info][gc,heap        ] GC(2779) PSYoungGen: 126016K(222720K)->256K(222720K) Eden: 111616K(111616K)->0K(111616K) From: 14400K(111104K)->256K(111104K)
[777.233s][info][gc,heap        ] GC(2779) ParOldGen: 536772K(667648K)->551180K(667648K)
[777.233s][info][gc,metaspace   ] GC(2779) Metaspace: 19187K(19392K)->19187K(19392K) NonClass: 16526K(16640K)->16526K(16640K) Class: 2661K(2752K)->2661K(2752K)
[777.233s][info][gc             ] GC(2779) Pause Young (Allocation Failure) 647M->538M(869M) 16.594ms
[777.233s][info][gc,cpu         ] GC(2779) User=0.03s Sys=0.00s Real=0.01s
[777.517s][info][gc,start       ] GC(2780) Pause Young (Allocation Failure)
[777.519s][info][gc,heap        ] GC(2780) PSYoungGen: 111872K(222720K)->64K(222720K) Eden: 111616K(111616K)->0K(111616K) From: 256K(111104K)->64K(111104K)
[777.519s][info][gc,heap        ] GC(2780) ParOldGen: 551180K(667648K)->551212K(667648K)
[777.519s][info][gc,metaspace   ] GC(2780) Metaspace: 19187K(19392K)->19187K(19392K) NonClass: 16526K(16640K)->16526K(16640K) Class: 2661K(2752K)->2661K(2752K)
[777.519s][info][gc             ] GC(2780) Pause Young (Allocation Failure) 647M->538M(869M) 2.089ms
[777.519s][info][gc,cpu         ] GC(2780) User=0.00s Sys=0.00s Real=0.00s
[777.790s][info][gc,start       ] GC(2781) Pause Young (Allocation Failure)
[777.792s][info][gc,heap        ] GC(2781) PSYoungGen: 111680K(222720K)->64K(222720K) Eden: 111616K(111616K)->0K(111616K) From: 64K(111104K)->64K(111104K)
[777.792s][info][gc,heap        ] GC(2781) ParOldGen: 551212K(667648K)->551228K(667648K)
[777.792s][info][gc,metaspace   ] GC(2781) Metaspace: 19187K(19392K)->19187K(19392K) NonClass: 16526K(16640K)->16526K(16640K) Class: 2661K(2752K)->2661K(2752K)
[777.792s][info][gc             ] GC(2781) Pause Young (Allocation Failure) 647M->538M(869M) 2.110ms
[777.792s][info][gc,cpu         ] GC(2781) User=0.00s Sys=0.00s Real=0.00s
[778.050s][info][gc,start       ] GC(2782) Pause Young (Allocation Failure)
[778.053s][info][gc,heap        ] GC(2782) PSYoungGen: 111680K(222720K)->64K(222720K) Eden: 111616K(111616K)->0K(111616K) From: 64K(111104K)->64K(111104K)
[778.053s][info][gc,heap        ] GC(2782) ParOldGen: 551228K(667648K)->551244K(667648K)
[778.053s][info][gc,metaspace   ] GC(2782) Metaspace: 19187K(19392K)->19187K(19392K) NonClass: 16526K(16640K)->16526K(16640K) Class: 2661K(2752K)->2661K(2752K)
[778.053s][info][gc             ] GC(2782) Pause Young (Allocation Failure) 647M->538M(869M) 3.279ms
[778.053s][info][gc,cpu         ] GC(2782) User=0.01s Sys=0.00s Real=0.00s
[778.303s][info][gc,start       ] GC(2783) Pause Young (Allocation Failure)
[778.313s][info][gc,heap        ] GC(2783) PSYoungGen: 111680K(222720K)->192K(222720K) Eden: 111616K(111616K)->0K(111616K) From: 64K(111104K)->192K(111104K)
[778.313s][info][gc,heap        ] GC(2783) ParOldGen: 551244K(667648K)->551260K(667648K)
[778.313s][info][gc,metaspace   ] GC(2783) Metaspace: 19187K(19392K)->19187K(19392K) NonClass: 16526K(16640K)->16526K(16640K) Class: 2661K(2752K)->2661K(2752K)
[778.313s][info][gc             ] GC(2783) Pause Young (Allocation Failure) 647M->538M(869M) 9.613ms
[778.313s][info][gc,cpu         ] GC(2783) User=0.02s Sys=0.00s Real=0.01s
[778.487s][info][gc,start       ] GC(2784) Pause Young (Allocation Failure)
[778.500s][info][gc,heap        ] GC(2784) PSYoungGen: 111808K(222720K)->17696K(210432K) Eden: 111616K(111616K)->0K(111616K) From: 192K(111104K)->17696K(98816K)
[778.501s][info][gc,heap        ] GC(2784) ParOldGen: 551260K(667648K)->551396K(667648K)
[778.501s][info][gc,metaspace   ] GC(2784) Metaspace: 19187K(19392K)->19187K(19392K) NonClass: 16526K(16640K)->16526K(16640K) Class: 2661K(2752K)->2661K(2752K)
[778.501s][info][gc             ] GC(2784) Pause Young (Allocation Failure) 647M->555M(857M) 13.649ms
[778.501s][info][gc,cpu         ] GC(2784) User=0.03s Sys=0.00s Real=0.01s
[778.559s][info][gc,start       ] GC(2785) Pause Young (Allocation Failure)
[778.598s][info][gc,heap        ] GC(2785) PSYoungGen: 129312K(210432K)->58336K(216576K) Eden: 111616K(111616K)->0K(111616K) From: 17696K(98816K)->58336K(104960K)
[778.598s][info][gc,heap        ] GC(2785) ParOldGen: 551396K(667648K)->551396K(667648K)
[778.598s][info][gc,metaspace   ] GC(2785) Metaspace: 19187K(19392K)->19187K(19392K) NonClass: 16526K(16640K)->16526K(16640K) Class: 2661K(2752K)->2661K(2752K)
[778.599s][info][gc             ] GC(2785) Pause Young (Allocation Failure) 664M->595M(863M) 40.006ms
[778.599s][info][gc,cpu         ] GC(2785) User=0.08s Sys=0.00s Real=0.04s
[778.791s][info][gc,start       ] GC(2786) Pause Young (Allocation Failure)
[778.842s][info][gc,heap        ] GC(2786) PSYoungGen: 169952K(216576K)->74576K(221696K) Eden: 111616K(111616K)->0K(111616K) From: 58336K(104960K)->74576K(110080K)
[778.842s][info][gc,heap        ] GC(2786) ParOldGen: 551396K(667648K)->551396K(667648K)
[778.842s][info][gc,metaspace   ] GC(2786) Metaspace: 19187K(19392K)->19187K(19392K) NonClass: 16526K(16640K)->16526K(16640K) Class: 2661K(2752K)->2661K(2752K)
[778.842s][info][gc             ] GC(2786) Pause Young (Allocation Failure) 704M->611M(868M) 50.803ms
[778.842s][info][gc,cpu         ] GC(2786) User=0.10s Sys=0.00s Real=0.05s
[778.988s][info][gc,start       ] GC(2787) Pause Young (Allocation Failure)
[779.049s][info][gc,heap        ] GC(2787) PSYoungGen: 186192K(221696K)->22496K(222720K) Eden: 111616K(111616K)->0K(111616K) From: 74576K(110080K)->22496K(111104K)
[779.049s][info][gc,heap        ] GC(2787) ParOldGen: 551396K(667648K)->610469K(667648K)
[779.049s][info][gc,metaspace   ] GC(2787) Metaspace: 19187K(19392K)->19187K(19392K) NonClass: 16526K(16640K)->16526K(16640K) Class: 2661K(2752K)->2661K(2752K)
[779.049s][info][gc             ] GC(2787) Pause Young (Allocation Failure) 720M->618M(869M) 60.350ms
[779.049s][info][gc,cpu         ] GC(2787) User=0.12s Sys=0.00s Real=0.06s
[779.194s][info][gc,start       ] GC(2788) Pause Young (Allocation Failure)
[779.258s][info][gc,heap        ] GC(2788) PSYoungGen: 134112K(222720K)->29888K(208384K) Eden: 111616K(111616K)->0K(111616K) From: 22496K(111104K)->29888K(96768K)
[779.258s][info][gc,heap        ] GC(2788) ParOldGen: 610469K(667648K)->632845K(667648K)
[779.258s][info][gc,metaspace   ] GC(2788) Metaspace: 19187K(19392K)->19187K(19392K) NonClass: 16526K(16640K)->16526K(16640K) Class: 2661K(2752K)->2661K(2752K)
[779.258s][info][gc             ] GC(2788) Pause Young (Allocation Failure) 727M->647M(855M) 63.955ms
[779.258s][info][gc,cpu         ] GC(2788) User=0.12s Sys=0.00s Real=0.07s
[779.397s][info][gc,start       ] GC(2789) Pause Full (Allocation Failure)
[779.397s][info][gc,phases,start] GC(2789) Marking Phase
[779.880s][info][gc,phases      ] GC(2789) Marking Phase 483.363ms
[779.880s][info][gc,phases,start] GC(2789) Summary Phase
[779.880s][info][gc,phases      ] GC(2789) Summary Phase 0.026ms
[779.880s][info][gc,phases,start] GC(2789) Forward
[779.990s][info][gc,phases      ] GC(2789) Forward 109.390ms
[779.990s][info][gc,phases,start] GC(2789) Adjust Pointers
[780.355s][info][gc,phases      ] GC(2789) Adjust Pointers 365.494ms
[780.356s][info][gc,phases,start] GC(2789) Compaction Phase
[780.570s][info][gc,phases      ] GC(2789) Compaction Phase 214.040ms
[780.579s][info][gc,phases,start] GC(2789) Post Compact
[780.581s][info][gc,phases      ] GC(2789) Post Compact 2.219ms
[780.581s][info][gc,heap        ] GC(2789) PSYoungGen: 141504K(208384K)->0K(215552K) Eden: 111616K(111616K)->0K(111616K) From: 29888K(96768K)->0K(103936K)
[780.581s][info][gc,heap        ] GC(2789) ParOldGen: 632845K(667648K)->660342K(667648K)
[780.581s][info][gc,metaspace   ] GC(2789) Metaspace: 19187K(19392K)->19187K(19392K) NonClass: 16526K(16640K)->16526K(16640K) Class: 2661K(2752K)->2661K(2752K)
[780.581s][info][gc             ] GC(2789) Pause Full (Allocation Failure) 756M->644M(862M) 1183.931ms
[780.581s][info][gc,cpu         ] GC(2789) User=2.30s Sys=0.02s Real=1.18s
[780.665s][info][gc,start       ] GC(2790) Pause Full (Allocation Failure)
[780.665s][info][gc,phases,start] GC(2790) Marking Phase
[781.145s][info][gc,phases      ] GC(2790) Marking Phase 480.068ms
[781.145s][info][gc,phases,start] GC(2790) Summary Phase
[781.145s][info][gc,phases      ] GC(2790) Summary Phase 0.025ms
[781.145s][info][gc,phases,start] GC(2790) Forward
[781.148s][info][gc,phases      ] GC(2790) Forward 3.238ms
[781.148s][info][gc,phases,start] GC(2790) Adjust Pointers
[781.468s][info][gc,phases      ] GC(2790) Adjust Pointers 319.838ms
[781.468s][info][gc,phases,start] GC(2790) Compaction Phase
[781.613s][info][gc,phases      ] GC(2790) Compaction Phase 144.589ms
[781.613s][info][gc,phases,start] GC(2790) Post Compact
[781.615s][info][gc,phases      ] GC(2790) Post Compact 2.227ms
[781.615s][info][gc,heap        ] GC(2790) PSYoungGen: 111616K(215552K)->0K(220672K) Eden: 111616K(111616K)->0K(118784K) From: 0K(103936K)->0K(101888K)
[781.615s][info][gc,heap        ] GC(2790) ParOldGen: 660342K(667648K)->664303K(667648K)
[781.615s][info][gc,metaspace   ] GC(2790) Metaspace: 19187K(19392K)->19187K(19392K) NonClass: 16526K(16640K)->16526K(16640K) Class: 2661K(2752K)->2661K(2752K)
[781.615s][info][gc             ] GC(2790) Pause Full (Allocation Failure) 753M->648M(867M) 950.413ms
[781.615s][info][gc,cpu         ] GC(2790) User=1.86s Sys=0.00s Real=0.95s
[781.748s][info][gc,start       ] GC(2791) Pause Full (Allocation Failure)
[781.748s][info][gc,phases,start] GC(2791) Marking Phase
[782.112s][info][gc,phases      ] GC(2791) Marking Phase 364.312ms
[782.112s][info][gc,phases,start] GC(2791) Summary Phase
[782.112s][info][gc,phases      ] GC(2791) Summary Phase 0.028ms
[782.112s][info][gc,phases,start] GC(2791) Forward
[782.251s][info][gc,phases      ] GC(2791) Forward 138.539ms
[782.251s][info][gc,phases,start] GC(2791) Adjust Pointers
[782.538s][info][gc,phases      ] GC(2791) Adjust Pointers 287.348ms
[782.538s][info][gc,phases,start] GC(2791) Compaction Phase
[782.730s][info][gc,phases      ] GC(2791) Compaction Phase 192.115ms
[782.740s][info][gc,phases,start] GC(2791) Post Compact
[782.742s][info][gc,phases      ] GC(2791) Post Compact 2.244ms
[782.742s][info][gc,heap        ] GC(2791) PSYoungGen: 118784K(220672K)->0K(222720K) Eden: 118784K(118784K)->0K(118784K) From: 0K(101888K)->0K(103936K)
[782.742s][info][gc,heap        ] GC(2791) ParOldGen: 664303K(667648K)->510900K(667648K)
[782.742s][info][gc,metaspace   ] GC(2791) Metaspace: 19187K(19392K)->19187K(19392K) NonClass: 16526K(16640K)->16526K(16640K) Class: 2661K(2752K)->2661K(2752K)
[782.742s][info][gc             ] GC(2791) Pause Full (Allocation Failure) 764M->498M(869M) 994.707ms
[782.742s][info][gc,cpu         ] GC(2791) User=1.88s Sys=0.00s Real=0.99s
[782.875s][info][gc,start       ] GC(2792) Pause Young (Allocation Failure)
[782.891s][info][gc,heap        ] GC(2792) PSYoungGen: 118784K(222720K)->3904K(221184K) Eden: 118784K(118784K)->0K(124416K) From: 0K(103936K)->3904K(96768K)
[782.891s][info][gc,heap        ] GC(2792) ParOldGen: 510900K(667648K)->510900K(667648K)
[782.891s][info][gc,metaspace   ] GC(2792) Metaspace: 19187K(19392K)->19187K(19392K) NonClass: 16526K(16640K)->16526K(16640K) Class: 2661K(2752K)->2661K(2752K)
[782.891s][info][gc             ] GC(2792) Pause Young (Allocation Failure) 614M->502M(868M) 15.676ms
[782.891s][info][gc,cpu         ] GC(2792) User=0.04s Sys=0.00s Real=0.02s
[783.044s][info][gc,start       ] GC(2793) Pause Young (Allocation Failure)
[783.060s][info][gc,heap        ] GC(2793) PSYoungGen: 128320K(221184K)->13344K(225280K) Eden: 124416K(124416K)->0K(124416K) From: 3904K(96768K)->13344K(100864K)
[783.060s][info][gc,heap        ] GC(2793) ParOldGen: 510900K(667648K)->510900K(667648K)
[783.060s][info][gc,metaspace   ] GC(2793) Metaspace: 19187K(19392K)->19187K(19392K) NonClass: 16526K(16640K)->16526K(16640K) Class: 2661K(2752K)->2661K(2752K)
[783.060s][info][gc             ] GC(2793) Pause Young (Allocation Failure) 624M->511M(872M) 15.376ms
[783.060s][info][gc,cpu         ] GC(2793) User=0.03s Sys=0.00s Real=0.02s
[783.234s][info][gc,start       ] GC(2794) Pause Young (Allocation Failure)
[783.272s][info][gc,heap        ] GC(2794) PSYoungGen: 137760K(225280K)->35180K(219648K) Eden: 124416K(124416K)->0K(130048K) From: 13344K(100864K)->35180K(89600K)
[783.272s][info][gc,heap        ] GC(2794) ParOldGen: 510900K(667648K)->510900K(667648K)
[783.272s][info][gc,metaspace   ] GC(2794) Metaspace: 19188K(19392K)->19188K(19392K) NonClass: 16527K(16640K)->16527K(16640K) Class: 2661K(2752K)->2661K(2752K)
[783.272s][info][gc             ] GC(2794) Pause Young (Allocation Failure) 633M->533M(866M) 38.008ms
[783.272s][info][gc,cpu         ] GC(2794) User=0.08s Sys=0.00s Real=0.04s
[783.448s][info][gc,start       ] GC(2795) Pause Young (Allocation Failure)
[783.499s][info][gc,heap        ] GC(2795) PSYoungGen: 165228K(219648K)->50492K(222720K) Eden: 130048K(130048K)->0K(130048K) From: 35180K(89600K)->50492K(92672K)
[783.499s][info][gc,heap        ] GC(2795) ParOldGen: 510900K(667648K)->510900K(667648K)
[783.499s][info][gc,metaspace   ] GC(2795) Metaspace: 19188K(19392K)->19188K(19392K) NonClass: 16527K(16640K)->16527K(16640K) Class: 2661K(2752K)->2661K(2752K)
[783.499s][info][gc             ] GC(2795) Pause Young (Allocation Failure) 660M->548M(869M) 50.620ms
[783.499s][info][gc,cpu         ] GC(2795) User=0.10s Sys=0.00s Real=0.05s
[783.681s][info][gc,start       ] GC(2796) Pause Young (Allocation Failure)
[783.737s][info][gc,heap        ] GC(2796) PSYoungGen: 180540K(222720K)->59451K(226304K) Eden: 130048K(130048K)->0K(131584K) From: 50492K(92672K)->59451K(94720K)
[783.737s][info][gc,heap        ] GC(2796) ParOldGen: 510900K(667648K)->510900K(667648K)
[783.737s][info][gc,metaspace   ] GC(2796) Metaspace: 19189K(19392K)->19189K(19392K) NonClass: 16528K(16640K)->16528K(16640K) Class: 2661K(2752K)->2661K(2752K)
[783.737s][info][gc             ] GC(2796) Pause Young (Allocation Failure) 675M->556M(873M) 55.900ms
[783.737s][info][gc,cpu         ] GC(2796) User=0.11s Sys=0.00s Real=0.06s
[783.876s][info][gc,start       ] GC(2797) Pause Young (Allocation Failure)
[783.941s][info][gc,heap        ] GC(2797) PSYoungGen: 191035K(226304K)->68571K(200192K) Eden: 131584K(131584K)->0K(131584K) From: 59451K(94720K)->68571K(68608K)
[783.941s][info][gc,heap        ] GC(2797) ParOldGen: 510900K(667648K)->510900K(667648K)
[783.941s][info][gc,metaspace   ] GC(2797) Metaspace: 19189K(19392K)->19189K(19392K) NonClass: 16528K(16640K)->16528K(16640K) Class: 2661K(2752K)->2661K(2752K)
[783.941s][info][gc             ] GC(2797) Pause Young (Allocation Failure) 685M->565M(847M) 65.434ms
[783.941s][info][gc,cpu         ] GC(2797) User=0.13s Sys=0.00s Real=0.07s
[784.128s][info][gc,start       ] GC(2798) Pause Young (Allocation Failure)
[784.200s][info][gc,heap        ] GC(2798) PSYoungGen: 200155K(200192K)->72107K(218112K) Eden: 131584K(131584K)->0K(111616K) From: 68571K(68608K)->72107K(106496K)
[784.200s][info][gc,heap        ] GC(2798) ParOldGen: 510900K(667648K)->510900K(667648K)
[784.200s][info][gc,metaspace   ] GC(2798) Metaspace: 19189K(19392K)->19189K(19392K) NonClass: 16528K(16640K)->16528K(16640K) Class: 2661K(2752K)->2661K(2752K)
[784.200s][info][gc             ] GC(2798) Pause Young (Allocation Failure) 694M->569M(865M) 71.985ms
[784.200s][info][gc,cpu         ] GC(2798) User=0.14s Sys=0.00s Real=0.07s
[784.506s][info][gc,start       ] GC(2799) Pause Young (Allocation Failure)
[784.575s][info][gc,heap        ] GC(2799) PSYoungGen: 183723K(218112K)->68283K(222720K) Eden: 111616K(111616K)->0K(111616K) From: 72107K(106496K)->68283K(111104K)
[784.575s][info][gc,heap        ] GC(2799) ParOldGen: 510900K(667648K)->514796K(667648K)
[784.575s][info][gc,metaspace   ] GC(2799) Metaspace: 19189K(19392K)->19189K(19392K) NonClass: 16528K(16640K)->16528K(16640K) Class: 2661K(2752K)->2661K(2752K)
[784.575s][info][gc             ] GC(2799) Pause Young (Allocation Failure) 678M->569M(869M) 69.415ms
[784.575s][info][gc,cpu         ] GC(2799) User=0.13s Sys=0.00s Real=0.07s
[784.734s][info][gc,start       ] GC(2800) Pause Young (Allocation Failure)
[784.811s][info][gc,heap        ] GC(2800) PSYoungGen: 179899K(222720K)->49888K(222720K) Eden: 111616K(111616K)->0K(111616K) From: 68283K(111104K)->49888K(111104K)
[784.811s][info][gc,heap        ] GC(2800) ParOldGen: 514796K(667648K)->546137K(667648K)
[784.811s][info][gc,metaspace   ] GC(2800) Metaspace: 19189K(19392K)->19189K(19392K) NonClass: 16528K(16640K)->16528K(16640K) Class: 2661K(2752K)->2661K(2752K)
[784.811s][info][gc             ] GC(2800) Pause Young (Allocation Failure) 678M->582M(869M) 77.167ms
[784.811s][info][gc,cpu         ] GC(2800) User=0.15s Sys=0.00s Real=0.08s
[784.961s][info][gc,start       ] GC(2801) Pause Young (Allocation Failure)
[784.975s][info][gc,heap        ] GC(2801) PSYoungGen: 161504K(222720K)->14544K(126464K) Eden: 111616K(111616K)->0K(111616K) From: 49888K(111104K)->14544K(14848K)
[784.975s][info][gc,heap        ] GC(2801) ParOldGen: 546137K(667648K)->546305K(667648K)
[784.975s][info][gc,metaspace   ] GC(2801) Metaspace: 19189K(19392K)->19189K(19392K) NonClass: 16528K(16640K)->16528K(16640K) Class: 2661K(2752K)->2661K(2752K)
[784.975s][info][gc             ] GC(2801) Pause Young (Allocation Failure) 691M->547M(775M) 14.214ms
[784.975s][info][gc,cpu         ] GC(2801) User=0.03s Sys=0.00s Real=0.01s
[785.049s][info][gc,start       ] GC(2802) Pause Young (Allocation Failure)
[785.089s][info][gc,heap        ] GC(2802) PSYoungGen: 126160K(126464K)->51936K(223744K) Eden: 111616K(111616K)->0K(114176K) From: 14544K(14848K)->51936K(109568K)
[785.089s][info][gc,heap        ] GC(2802) ParOldGen: 546305K(667648K)->546305K(667648K)
[785.089s][info][gc,metaspace   ] GC(2802) Metaspace: 19189K(19392K)->19189K(19392K) NonClass: 16528K(16640K)->16528K(16640K) Class: 2661K(2752K)->2661K(2752K)
[785.089s][info][gc             ] GC(2802) Pause Young (Allocation Failure) 656M->584M(870M) 40.211ms
[785.089s][info][gc,cpu         ] GC(2802) User=0.08s Sys=0.00s Real=0.04s
[785.204s][info][gc,start       ] GC(2803) Pause Young (Allocation Failure)
[785.264s][info][gc,heap        ] GC(2803) PSYoungGen: 166112K(223744K)->87408K(221184K) Eden: 114176K(114176K)->0K(114176K) From: 51936K(109568K)->87408K(107008K)
[785.264s][info][gc,heap        ] GC(2803) ParOldGen: 546305K(667648K)->546305K(667648K)
[785.264s][info][gc,metaspace   ] GC(2803) Metaspace: 19189K(19392K)->19189K(19392K) NonClass: 16528K(16640K)->16528K(16640K) Class: 2661K(2752K)->2661K(2752K)
[785.264s][info][gc             ] GC(2803) Pause Young (Allocation Failure) 695M->618M(868M) 60.297ms
[785.264s][info][gc,cpu         ] GC(2803) User=0.12s Sys=0.00s Real=0.06s
[785.402s][info][gc,start       ] GC(2804) Pause Young (Allocation Failure)
[785.463s][info][gc,heap        ] GC(2804) PSYoungGen: 201584K(221184K)->90288K(222720K) Eden: 114176K(114176K)->0K(111616K) From: 87408K(107008K)->90288K(111104K)
[785.464s][info][gc,heap        ] GC(2804) ParOldGen: 546305K(667648K)->546449K(667648K)
[785.464s][info][gc,metaspace   ] GC(2804) Metaspace: 19189K(19392K)->19189K(19392K) NonClass: 16528K(16640K)->16528K(16640K) Class: 2661K(2752K)->2661K(2752K)
[785.464s][info][gc             ] GC(2804) Pause Young (Allocation Failure) 730M->621M(869M) 61.679ms
[785.464s][info][gc,cpu         ] GC(2804) User=0.12s Sys=0.00s Real=0.06s
[785.637s][info][gc,start       ] GC(2805) Pause Young (Allocation Failure)
[785.726s][info][gc,heap        ] GC(2805) PSYoungGen: 201904K(222720K)->103200K(222720K) Eden: 111616K(111616K)->0K(111616K) From: 90288K(111104K)->103200K(111104K)
[785.726s][info][gc,heap        ] GC(2805) ParOldGen: 546449K(667648K)->546577K(667648K)
[785.726s][info][gc,metaspace   ] GC(2805) Metaspace: 19189K(19392K)->19189K(19392K) NonClass: 16528K(16640K)->16528K(16640K) Class: 2661K(2752K)->2661K(2752K)
[785.726s][info][gc             ] GC(2805) Pause Young (Allocation Failure) 730M->634M(869M) 89.084ms
[785.726s][info][gc,cpu         ] GC(2805) User=0.18s Sys=0.00s Real=0.09s
[785.861s][info][gc,start       ] GC(2806) Pause Young (Allocation Failure)
[785.968s][info][gc,heap        ] GC(2806) PSYoungGen: 214816K(222720K)->82640K(222720K) Eden: 111616K(111616K)->0K(111616K) From: 103200K(111104K)->82640K(111104K)
[785.968s][info][gc,heap        ] GC(2806) ParOldGen: 546577K(667648K)->583833K(667648K)
[785.968s][info][gc,metaspace   ] GC(2806) Metaspace: 19189K(19392K)->19189K(19392K) NonClass: 16528K(16640K)->16528K(16640K) Class: 2661K(2752K)->2661K(2752K)
[785.968s][info][gc             ] GC(2806) Pause Young (Allocation Failure) 743M->650M(869M) 107.159ms
[785.968s][info][gc,cpu         ] GC(2806) User=0.22s Sys=0.00s Real=0.11s
[786.086s][info][gc,start       ] GC(2807) Pause Young (Allocation Failure)
[786.184s][info][gc,heap        ] GC(2807) PSYoungGen: 194256K(222720K)->56288K(222720K) Eden: 111616K(111616K)->0K(111616K) From: 82640K(111104K)->56288K(111104K)
[786.184s][info][gc,heap        ] GC(2807) ParOldGen: 583833K(667648K)->622737K(667648K)
[786.184s][info][gc,metaspace   ] GC(2807) Metaspace: 19189K(19392K)->19189K(19392K) NonClass: 16528K(16640K)->16528K(16640K) Class: 2661K(2752K)->2661K(2752K)
[786.184s][info][gc             ] GC(2807) Pause Young (Allocation Failure) 759M->663M(869M) 98.077ms
[786.184s][info][gc,cpu         ] GC(2807) User=0.20s Sys=0.00s Real=0.10s
[786.289s][info][gc,start       ] GC(2808) Pause Full (Allocation Failure)
[786.289s][info][gc,phases,start] GC(2808) Marking Phase
[786.656s][info][gc,phases      ] GC(2808) Marking Phase 367.746ms
[786.656s][info][gc,phases,start] GC(2808) Summary Phase
[786.657s][info][gc,phases      ] GC(2808) Summary Phase 0.027ms
[786.657s][info][gc,phases,start] GC(2808) Forward
[786.767s][info][gc,phases      ] GC(2808) Forward 110.575ms
[786.767s][info][gc,phases,start] GC(2808) Adjust Pointers
[787.035s][info][gc,phases      ] GC(2808) Adjust Pointers 267.345ms
[787.035s][info][gc,phases,start] GC(2808) Compaction Phase
[787.189s][info][gc,phases      ] GC(2808) Compaction Phase 154.231ms
[787.200s][info][gc,phases,start] GC(2808) Post Compact
[787.203s][info][gc,phases      ] GC(2808) Post Compact 2.315ms
[787.203s][info][gc,heap        ] GC(2808) PSYoungGen: 167904K(222720K)->0K(222720K) Eden: 111616K(111616K)->0K(111616K) From: 56288K(111104K)->0K(111104K)
[787.203s][info][gc,heap        ] GC(2808) ParOldGen: 622737K(667648K)->511304K(667648K)
[787.203s][info][gc,metaspace   ] GC(2808) Metaspace: 19189K(19392K)->19189K(19392K) NonClass: 16528K(16640K)->16528K(16640K) Class: 2661K(2752K)->2661K(2752K)
[787.203s][info][gc             ] GC(2808) Pause Full (Allocation Failure) 772M->499M(869M) 914.209ms
[787.203s][info][gc,cpu         ] GC(2808) User=1.73s Sys=0.00s Real=0.91s
[787.333s][info][gc,start       ] GC(2809) Pause Young (Allocation Failure)
[787.344s][info][gc,heap        ] GC(2809) PSYoungGen: 111616K(222720K)->4128K(222720K) Eden: 111616K(111616K)->0K(111616K) From: 0K(111104K)->4128K(111104K)
[787.345s][info][gc,heap        ] GC(2809) ParOldGen: 511304K(667648K)->511304K(667648K)
[787.345s][info][gc,metaspace   ] GC(2809) Metaspace: 19189K(19392K)->19189K(19392K) NonClass: 16528K(16640K)->16528K(16640K) Class: 2661K(2752K)->2661K(2752K)
[787.345s][info][gc             ] GC(2809) Pause Young (Allocation Failure) 608M->503M(869M) 11.221ms
[787.345s][info][gc,cpu         ] GC(2809) User=0.02s Sys=0.00s Real=0.01s
[787.488s][info][gc,start       ] GC(2810) Pause Young (Allocation Failure)
[787.495s][info][gc,heap        ] GC(2810) PSYoungGen: 115744K(222720K)->64K(222720K) Eden: 111616K(111616K)->0K(111616K) From: 4128K(111104K)->64K(111104K)
[787.495s][info][gc,heap        ] GC(2810) ParOldGen: 511304K(667648K)->515432K(667648K)
[787.495s][info][gc,metaspace   ] GC(2810) Metaspace: 19189K(19392K)->19189K(19392K) NonClass: 16528K(16640K)->16528K(16640K) Class: 2661K(2752K)->2661K(2752K)
[787.495s][info][gc             ] GC(2810) Pause Young (Allocation Failure) 612M->503M(869M) 7.402ms
[787.495s][info][gc,cpu         ] GC(2810) User=0.01s Sys=0.00s Real=0.00s
[787.672s][info][gc,start       ] GC(2811) Pause Young (Allocation Failure)
[787.690s][info][gc,heap        ] GC(2811) PSYoungGen: 111680K(222720K)->15792K(222720K) Eden: 111616K(111616K)->0K(111616K) From: 64K(111104K)->15792K(111104K)
[787.690s][info][gc,heap        ] GC(2811) ParOldGen: 515432K(667648K)->515456K(667648K)
[787.690s][info][gc,metaspace   ] GC(2811) Metaspace: 19189K(19392K)->19189K(19392K) NonClass: 16528K(16640K)->16528K(16640K) Class: 2661K(2752K)->2661K(2752K)
[787.690s][info][gc             ] GC(2811) Pause Young (Allocation Failure) 612M->518M(869M) 18.260ms
[787.690s][info][gc,cpu         ] GC(2811) User=0.04s Sys=0.00s Real=0.02s
[787.905s][info][gc,start       ] GC(2812) Pause Young (Allocation Failure)
[787.944s][info][gc,heap        ] GC(2812) PSYoungGen: 127408K(222720K)->11104K(222720K) Eden: 111616K(111616K)->0K(111616K) From: 15792K(111104K)->11104K(111104K)
[787.944s][info][gc,heap        ] GC(2812) ParOldGen: 515456K(667648K)->531257K(667648K)
[787.945s][info][gc,metaspace   ] GC(2812) Metaspace: 19189K(19392K)->19189K(19392K) NonClass: 16528K(16640K)->16528K(16640K) Class: 2661K(2752K)->2661K(2752K)
[787.945s][info][gc             ] GC(2812) Pause Young (Allocation Failure) 627M->529M(869M) 39.053ms
[787.945s][info][gc,cpu         ] GC(2812) User=0.07s Sys=0.00s Real=0.04s
[788.233s][info][gc,start       ] GC(2813) Pause Young (Allocation Failure)
[788.249s][info][gc,heap        ] GC(2813) PSYoungGen: 122720K(222720K)->4480K(222720K) Eden: 111616K(111616K)->0K(111616K) From: 11104K(111104K)->4480K(111104K)
[788.249s][info][gc,heap        ] GC(2813) ParOldGen: 531257K(667648K)->542361K(667648K)
[788.249s][info][gc,metaspace   ] GC(2813) Metaspace: 19189K(19392K)->19189K(19392K) NonClass: 16528K(16640K)->16528K(16640K) Class: 2661K(2752K)->2661K(2752K)
[788.249s][info][gc             ] GC(2813) Pause Young (Allocation Failure) 638M->534M(869M) 16.346ms
[788.249s][info][gc,cpu         ] GC(2813) User=0.04s Sys=0.01s Real=0.02s
[788.340s][info][gc,start       ] GC(2814) Pause Young (Allocation Failure)
[788.370s][info][gc,heap        ] GC(2814) PSYoungGen: 116096K(222720K)->35552K(222720K) Eden: 111616K(111616K)->0K(111616K) From: 4480K(111104K)->35552K(111104K)
[788.370s][info][gc,heap        ] GC(2814) ParOldGen: 542361K(667648K)->546641K(667648K)
[788.370s][info][gc,metaspace   ] GC(2814) Metaspace: 19189K(19392K)->19189K(19392K) NonClass: 16528K(16640K)->16528K(16640K) Class: 2661K(2752K)->2661K(2752K)
[788.370s][info][gc             ] GC(2814) Pause Young (Allocation Failure) 643M->568M(869M) 29.396ms
[788.370s][info][gc,cpu         ] GC(2814) User=0.05s Sys=0.00s Real=0.03s
[788.519s][info][gc,start       ] GC(2815) Pause Young (Allocation Failure)
[788.562s][info][gc,heap        ] GC(2815) PSYoungGen: 147168K(222720K)->11040K(222720K) Eden: 111616K(111616K)->0K(111616K) From: 35552K(111104K)->11040K(111104K)
[788.562s][info][gc,heap        ] GC(2815) ParOldGen: 546641K(667648K)->582574K(667648K)
[788.562s][info][gc,metaspace   ] GC(2815) Metaspace: 19189K(19392K)->19189K(19392K) NonClass: 16528K(16640K)->16528K(16640K) Class: 2661K(2752K)->2661K(2752K)
[788.562s][info][gc             ] GC(2815) Pause Young (Allocation Failure) 677M->579M(869M) 42.921ms
[788.562s][info][gc,cpu         ] GC(2815) User=0.09s Sys=0.00s Real=0.04s
[788.744s][info][gc,start       ] GC(2816) Pause Young (Allocation Failure)
[788.762s][info][gc,heap        ] GC(2816) PSYoungGen: 122656K(222720K)->576K(222720K) Eden: 111616K(111616K)->0K(111616K) From: 11040K(111104K)->576K(111104K)
[788.763s][info][gc,heap        ] GC(2816) ParOldGen: 582574K(667648K)->593574K(667648K)
[788.763s][info][gc,metaspace   ] GC(2816) Metaspace: 19189K(19392K)->19189K(19392K) NonClass: 16528K(16640K)->16528K(16640K) Class: 2661K(2752K)->2661K(2752K)
[788.763s][info][gc             ] GC(2816) Pause Young (Allocation Failure) 688M->580M(869M) 18.336ms
[788.763s][info][gc,cpu         ] GC(2816) User=0.03s Sys=0.00s Real=0.02s
[788.916s][info][gc,start       ] GC(2817) Pause Young (Allocation Failure)
[788.930s][info][gc,heap        ] GC(2817) PSYoungGen: 112192K(222720K)->10432K(122368K) Eden: 111616K(111616K)->0K(111616K) From: 576K(111104K)->10432K(10752K)
[788.930s][info][gc,heap        ] GC(2817) ParOldGen: 593574K(667648K)->594126K(667648K)
[788.930s][info][gc,metaspace   ] GC(2817) Metaspace: 19189K(19392K)->19189K(19392K) NonClass: 16528K(16640K)->16528K(16640K) Class: 2661K(2752K)->2661K(2752K)
[788.930s][info][gc             ] GC(2817) Pause Young (Allocation Failure) 689M->590M(771M) 13.757ms
[788.930s][info][gc,cpu         ] GC(2817) User=0.03s Sys=0.00s Real=0.01s
[789.039s][info][gc,start       ] GC(2818) Pause Young (Allocation Failure)
[789.063s][info][gc,heap        ] GC(2818) PSYoungGen: 122048K(122368K)->20832K(217088K) Eden: 111616K(111616K)->0K(117248K) From: 10432K(10752K)->20832K(99840K)
[789.063s][info][gc,heap        ] GC(2818) ParOldGen: 594126K(667648K)->594126K(667648K)
[789.063s][info][gc,metaspace   ] GC(2818) Metaspace: 19189K(19392K)->19189K(19392K) NonClass: 16528K(16640K)->16528K(16640K) Class: 2661K(2752K)->2661K(2752K)
[789.063s][info][gc             ] GC(2818) Pause Young (Allocation Failure) 699M->600M(864M) 23.891ms
[789.063s][info][gc,cpu         ] GC(2818) User=0.05s Sys=0.00s Real=0.02s
[789.189s][info][gc,start       ] GC(2819) Pause Young (Allocation Failure)
[789.214s][info][gc,heap        ] GC(2819) PSYoungGen: 138080K(217088K)->23648K(218112K) Eden: 117248K(117248K)->0K(117248K) From: 20832K(99840K)->23648K(100864K)
[789.214s][info][gc,heap        ] GC(2819) ParOldGen: 594126K(667648K)->594126K(667648K)
[789.214s][info][gc,metaspace   ] GC(2819) Metaspace: 19189K(19392K)->19189K(19392K) NonClass: 16528K(16640K)->16528K(16640K) Class: 2661K(2752K)->2661K(2752K)
[789.214s][info][gc             ] GC(2819) Pause Young (Allocation Failure) 715M->603M(865M) 25.057ms
[789.214s][info][gc,cpu         ] GC(2819) User=0.04s Sys=0.00s Real=0.02s
[789.359s][info][gc,start       ] GC(2820) Pause Young (Allocation Failure)
[789.396s][info][gc,heap        ] GC(2820) PSYoungGen: 140896K(218112K)->35904K(209920K) Eden: 117248K(117248K)->0K(123392K) From: 23648K(100864K)->35904K(86528K)
[789.396s][info][gc,heap        ] GC(2820) ParOldGen: 594126K(667648K)->594126K(667648K)
[789.396s][info][gc,metaspace   ] GC(2820) Metaspace: 19189K(19392K)->19189K(19392K) NonClass: 16528K(16640K)->16528K(16640K) Class: 2661K(2752K)->2661K(2752K)
[789.396s][info][gc             ] GC(2820) Pause Young (Allocation Failure) 717M->615M(857M) 36.499ms
[789.396s][info][gc,cpu         ] GC(2820) User=0.07s Sys=0.00s Real=0.03s
[789.686s][info][gc,start       ] GC(2821) Pause Young (Allocation Failure)
[789.724s][info][gc,heap        ] GC(2821) PSYoungGen: 159296K(209920K)->38208K(214016K) Eden: 123392K(123392K)->0K(123392K) From: 35904K(86528K)->38208K(90624K)
[789.724s][info][gc,heap        ] GC(2821) ParOldGen: 594126K(667648K)->594126K(667648K)
[789.724s][info][gc,metaspace   ] GC(2821) Metaspace: 19189K(19392K)->19189K(19392K) NonClass: 16528K(16640K)->16528K(16640K) Class: 2661K(2752K)->2661K(2752K)
[789.724s][info][gc             ] GC(2821) Pause Young (Allocation Failure) 735M->617M(861M) 38.060ms
[789.724s][info][gc,cpu         ] GC(2821) User=0.08s Sys=0.00s Real=0.03s
[789.990s][info][gc,start       ] GC(2822) Pause Young (Allocation Failure)
[790.027s][info][gc,heap        ] GC(2822) PSYoungGen: 161600K(214016K)->38208K(212480K) Eden: 123392K(123392K)->0K(129536K) From: 38208K(90624K)->38208K(82944K)
[790.027s][info][gc,heap        ] GC(2822) ParOldGen: 594126K(667648K)->594126K(667648K)
[790.027s][info][gc,metaspace   ] GC(2822) Metaspace: 19191K(19392K)->19191K(19392K) NonClass: 16530K(16640K)->16530K(16640K) Class: 2661K(2752K)->2661K(2752K)
[790.027s][info][gc             ] GC(2822) Pause Young (Allocation Failure) 738M->617M(859M) 37.222ms
[790.027s][info][gc,cpu         ] GC(2822) User=0.08s Sys=0.00s Real=0.04s
[790.296s][info][gc,start       ] GC(2823) Pause Young (Allocation Failure)
[790.334s][info][gc,heap        ] GC(2823) PSYoungGen: 167744K(212480K)->38208K(215040K) Eden: 129536K(129536K)->0K(129536K) From: 38208K(82944K)->38208K(85504K)
[790.334s][info][gc,heap        ] GC(2823) ParOldGen: 594126K(667648K)->594126K(667648K)
[790.334s][info][gc,metaspace   ] GC(2823) Metaspace: 19191K(19392K)->19191K(19392K) NonClass: 16530K(16640K)->16530K(16640K) Class: 2661K(2752K)->2661K(2752K)
[790.334s][info][gc             ] GC(2823) Pause Young (Allocation Failure) 744M->617M(862M) 38.359ms
[790.334s][info][gc,cpu         ] GC(2823) User=0.08s Sys=0.00s Real=0.04s
[790.597s][info][gc,start       ] GC(2824) Pause Young (Allocation Failure)
[790.643s][info][gc,heap        ] GC(2824) PSYoungGen: 167744K(215040K)->41968K(216576K) Eden: 129536K(129536K)->0K(135680K) From: 38208K(85504K)->41968K(80896K)
[790.643s][info][gc,heap        ] GC(2824) ParOldGen: 594126K(667648K)->594126K(667648K)
