[0.002s][info][metaspace]  - commit_granule_bytes: 65536.
[0.002s][info][metaspace]  - commit_granule_words: 8192.
[0.002s][info][metaspace]  - virtual_space_node_default_size: 8388608.
[0.002s][info][metaspace]  - enlarge_chunks_in_place: 1.
[0.005s][info][gc,init  ] CardTable entry size: 512
[0.005s][info][gc       ] Using Parallel
[0.005s][info][gc,init  ] Version: 24-internal-adhoc.root.jdk (release)
[0.006s][info][gc,init  ] CPUs: 2 total, 2 available
[0.006s][info][gc,init  ] Memory: 3908M
[0.006s][info][gc,init  ] Large Page Support: Disabled
[0.006s][info][gc,init  ] NUMA Support: Disabled
[0.006s][info][gc,init  ] Compressed Oops: Enabled (32-bit)
[0.006s][info][gc,init  ] Alignments: Space 512K, Generation 512K, Heap 2M
[0.006s][info][gc,init  ] Heap Min Capacity: 256M
[0.006s][info][gc,init  ] Heap Initial Capacity: 256M
[0.006s][info][gc,init  ] Heap Max Capacity: 978M
[0.006s][info][gc,init  ] Pre-touch: Disabled
[0.006s][info][gc,init  ] Parallel Workers: 2
[0.022s][info][gc,metaspace] CDS archive(s) mapped at: [0x00007f5db5000000-0x00007f5db5e7b000-0x00007f5db5e7b000), size 15183872, SharedBaseAddress: 0x00007f5db5000000, ArchiveRelocationMode: 1.
[0.022s][info][gc,metaspace] Compressed class space mapped at: 0x00007f5db6000000-0x00007f5df6000000, reserved size: 1073741824
[0.022s][info][gc,metaspace] UseCompressedClassPointers 1, UseCompactObjectHeaders 1
[0.022s][info][gc,metaspace] Narrow klass pointer bits 22, Max shift 10
[0.022s][info][gc,metaspace] Narrow klass base: 0x00007f5db5000000, Narrow klass shift: 10
[0.022s][info][gc,metaspace] Encoding Range: [0x00007f5db5000000 - 0x00007f5eb5000000), (4294967296 bytes)
[0.022s][info][gc,metaspace] Klass Range:    [0x00007f5db5000000 - 0x00007f5df6000000), (1090519040 bytes)
[0.022s][info][gc,metaspace] Klass ID Range:  [1 - 1064960) (1064959)
[0.822s][info][gc,start    ] GC(0) Pause Young (Allocation Failure)
[0.832s][info][gc,heap     ] GC(0) PSYoungGen: 65536K(76288K)->3105K(76288K) Eden: 65536K(65536K)->0K(65536K) From: 0K(10752K)->3105K(10752K)
[0.832s][info][gc,heap     ] GC(0) ParOldGen: 1088K(175104K)->1160K(175104K)
[0.832s][info][gc,metaspace] GC(0) Metaspace: 6255K(6464K)->6255K(6464K) NonClass: 5390K(5504K)->5390K(5504K) Class: 865K(960K)->865K(960K)
[0.832s][info][gc          ] GC(0) Pause Young (Allocation Failure) 65M->4M(245M) 10.350ms
[0.832s][info][gc,cpu      ] GC(0) User=0.01s Sys=0.01s Real=0.01s
[1.267s][info][gc,start    ] GC(1) Pause Young (Allocation Failure)
[1.272s][info][gc,heap     ] GC(1) PSYoungGen: 68641K(76288K)->3199K(141824K) Eden: 65536K(65536K)->0K(131072K) From: 3105K(10752K)->3199K(10752K)
[1.272s][info][gc,heap     ] GC(1) ParOldGen: 1160K(175104K)->1168K(175104K)
[1.272s][info][gc,metaspace] GC(1) Metaspace: 6713K(6912K)->6713K(6912K) NonClass: 5777K(5888K)->5777K(5888K) Class: 935K(1024K)->935K(1024K)
[1.272s][info][gc          ] GC(1) Pause Young (Allocation Failure) 68M->4M(309M) 5.655ms
[1.272s][info][gc,cpu      ] GC(1) User=0.00s Sys=0.00s Real=0.01s
[1.905s][info][gc,start    ] GC(2) Pause Young (Allocation Failure)
[1.910s][info][gc,heap     ] GC(2) PSYoungGen: 134271K(141824K)->3471K(141824K) Eden: 131072K(131072K)->0K(131072K) From: 3199K(10752K)->3471K(10752K)
[1.910s][info][gc,heap     ] GC(2) ParOldGen: 1168K(175104K)->1184K(175104K)
[1.910s][info][gc,metaspace] GC(2) Metaspace: 7728K(7872K)->7728K(7872K) NonClass: 6522K(6592K)->6522K(6592K) Class: 1206K(1280K)->1206K(1280K)
[1.910s][info][gc          ] GC(2) Pause Young (Allocation Failure) 132M->4M(309M) 5.466ms
[1.910s][info][gc,cpu      ] GC(2) User=0.01s Sys=0.00s Real=0.00s
[2.329s][info][gc,start    ] GC(3) Pause Young (Allocation Failure)
[2.335s][info][gc,heap     ] GC(3) PSYoungGen: 134543K(141824K)->4007K(272896K) Eden: 131072K(131072K)->0K(262144K) From: 3471K(10752K)->4007K(10752K)
[2.335s][info][gc,heap     ] GC(3) ParOldGen: 1184K(175104K)->1192K(175104K)
[2.335s][info][gc,metaspace] GC(3) Metaspace: 8081K(8256K)->8081K(8256K) NonClass: 6750K(6848K)->6750K(6848K) Class: 1331K(1408K)->1331K(1408K)
[2.335s][info][gc          ] GC(3) Pause Young (Allocation Failure) 132M->5M(437M) 6.081ms
[2.335s][info][gc,cpu      ] GC(3) User=0.01s Sys=0.01s Real=0.01s
[3.505s][info][gc,start    ] GC(4) Pause Young (Allocation Failure)
[3.663s][info][gc,heap     ] GC(4) PSYoungGen: 266151K(272896K)->10727K(272896K) Eden: 262144K(262144K)->0K(262144K) From: 4007K(10752K)->10727K(10752K)
[3.663s][info][gc,heap     ] GC(4) ParOldGen: 1192K(175104K)->88078K(175104K)
[3.663s][info][gc,metaspace] GC(4) Metaspace: 14052K(14272K)->14052K(14272K) NonClass: 11728K(11840K)->11728K(11840K) Class: 2323K(2432K)->2323K(2432K)
[3.663s][info][gc          ] GC(4) Pause Young (Allocation Failure) 261M->96M(437M) 157.341ms
[3.663s][info][gc,cpu      ] GC(4) User=0.23s Sys=0.08s Real=0.16s
[5.423s][info][gc,start    ] GC(5) Pause Young (Allocation Failure)
[5.576s][info][gc,heap     ] GC(5) PSYoungGen: 272871K(272896K)->60915K(210432K) Eden: 262144K(262144K)->0K(149504K) From: 10727K(10752K)->60915K(60928K)
[5.576s][info][gc,heap     ] GC(5) ParOldGen: 88078K(175104K)->105367K(175104K)
[5.576s][info][gc,metaspace] GC(5) Metaspace: 16543K(16704K)->16543K(16704K) NonClass: 13964K(14080K)->13964K(14080K) Class: 2579K(2624K)->2579K(2624K)
[5.576s][info][gc          ] GC(5) Pause Young (Allocation Failure) 352M->162M(376M) 152.678ms
[5.576s][info][gc,cpu      ] GC(5) User=0.23s Sys=0.07s Real=0.15s
[6.110s][info][gc,start    ] GC(6) Pause Young (Allocation Failure)
[6.254s][info][gc,heap     ] GC(6) PSYoungGen: 210419K(210432K)->92135K(241664K) Eden: 149504K(149504K)->0K(149504K) From: 60915K(60928K)->92135K(92160K)
[6.254s][info][gc,heap     ] GC(6) ParOldGen: 105367K(175104K)->117564K(175104K)
[6.254s][info][gc,metaspace] GC(6) Metaspace: 16614K(16704K)->16614K(16704K) NonClass: 14034K(14080K)->14034K(14080K) Class: 2580K(2624K)->2580K(2624K)
[6.254s][info][gc          ] GC(6) Pause Young (Allocation Failure) 308M->204M(407M) 143.932ms
[6.254s][info][gc,cpu      ] GC(6) User=0.27s Sys=0.01s Real=0.15s
[6.576s][info][gc,start    ] GC(7) Pause Young (Allocation Failure)
[6.760s][info][gc,heap     ] GC(7) PSYoungGen: 241639K(241664K)->92135K(203776K) Eden: 149504K(149504K)->0K(111616K) From: 92135K(92160K)->92135K(92160K)
[6.760s][info][gc,heap     ] GC(7) ParOldGen: 117564K(175104K)->123079K(175104K)
[6.760s][info][gc,metaspace] GC(7) Metaspace: 16648K(16832K)->16648K(16832K) NonClass: 14068K(14208K)->14068K(14208K) Class: 2580K(2624K)->2580K(2624K)
[6.760s][info][gc          ] GC(7) Pause Young (Allocation Failure) 350M->210M(370M) 183.645ms
[6.760s][info][gc,cpu      ] GC(7) User=0.36s Sys=0.01s Real=0.18s
[7.006s][info][gc,start    ] GC(8) Pause Young (Allocation Failure)
[7.169s][info][gc,heap     ] GC(8) PSYoungGen: 203751K(203776K)->44887K(222720K) Eden: 111616K(111616K)->0K(111616K) From: 92135K(92160K)->44887K(111104K)
[7.169s][info][gc,heap     ] GC(8) ParOldGen: 123079K(175104K)->177064K(177152K)
[7.169s][info][gc,metaspace] GC(8) Metaspace: 16689K(16832K)->16689K(16832K) NonClass: 14109K(14208K)->14109K(14208K) Class: 2580K(2624K)->2580K(2624K)
[7.169s][info][gc          ] GC(8) Pause Young (Allocation Failure) 319M->216M(390M) 162.780ms
[7.169s][info][gc,cpu      ] GC(8) User=0.28s Sys=0.04s Real=0.16s
[7.391s][info][gc,start    ] GC(9) Pause Young (Allocation Failure)
[7.484s][info][gc,heap     ] GC(9) PSYoungGen: 156503K(222720K)->11904K(222720K) Eden: 111616K(111616K)->0K(111616K) From: 44887K(111104K)->11904K(111104K)
[7.484s][info][gc,heap     ] GC(9) ParOldGen: 177064K(177152K)->215640K(216064K)
[7.484s][info][gc,metaspace] GC(9) Metaspace: 16734K(16896K)->16734K(16896K) NonClass: 14154K(14272K)->14154K(14272K) Class: 2580K(2624K)->2580K(2624K)
[7.484s][info][gc          ] GC(9) Pause Young (Allocation Failure) 325M->222M(428M) 92.625ms
[7.484s][info][gc,cpu      ] GC(9) User=0.16s Sys=0.02s Real=0.09s
[7.704s][info][gc,start    ] GC(10) Pause Young (Allocation Failure)
[7.726s][info][gc,heap     ] GC(10) PSYoungGen: 123520K(222720K)->800K(222720K) Eden: 111616K(111616K)->0K(111616K) From: 11904K(111104K)->800K(111104K)
[7.726s][info][gc,heap     ] GC(10) ParOldGen: 215640K(216064K)->227552K(227840K)
[7.726s][info][gc,metaspace] GC(10) Metaspace: 16806K(16960K)->16806K(16960K) NonClass: 14226K(14336K)->14226K(14336K) Class: 2580K(2624K)->2580K(2624K)
[7.726s][info][gc          ] GC(10) Pause Young (Allocation Failure) 331M->223M(440M) 22.616ms
[7.726s][info][gc,cpu      ] GC(10) User=0.03s Sys=0.01s Real=0.02s
[7.969s][info][gc,start    ] GC(11) Pause Young (Allocation Failure)
[7.976s][info][gc,heap     ] GC(11) PSYoungGen: 112416K(222720K)->2176K(222720K) Eden: 111616K(111616K)->0K(111616K) From: 800K(111104K)->2176K(111104K)
[7.976s][info][gc,heap     ] GC(11) ParOldGen: 227552K(227840K)->228336K(228352K)
[7.976s][info][gc,metaspace] GC(11) Metaspace: 16854K(16960K)->16854K(16960K) NonClass: 14273K(14336K)->14273K(14336K) Class: 2581K(2624K)->2581K(2624K)
[7.976s][info][gc          ] GC(11) Pause Young (Allocation Failure) 332M->225M(440M) 6.654ms
[7.976s][info][gc,cpu      ] GC(11) User=0.01s Sys=0.00s Real=0.01s
[8.260s][info][gc,start    ] GC(12) Pause Young (Allocation Failure)
[8.268s][info][gc,heap     ] GC(12) PSYoungGen: 113792K(222720K)->96K(222720K) Eden: 111616K(111616K)->0K(111616K) From: 2176K(111104K)->96K(111104K)
[8.268s][info][gc,heap     ] GC(12) ParOldGen: 228336K(228352K)->230472K(230912K)
[8.268s][info][gc,metaspace] GC(12) Metaspace: 16892K(17024K)->16892K(17024K) NonClass: 14309K(14400K)->14309K(14400K) Class: 2582K(2624K)->2582K(2624K)
[8.268s][info][gc          ] GC(12) Pause Young (Allocation Failure) 334M->225M(443M) 8.126ms
[8.268s][info][gc,cpu      ] GC(12) User=0.01s Sys=0.01s Real=0.01s
[8.591s][info][gc,start    ] GC(13) Pause Young (Allocation Failure)
[8.617s][info][gc,heap     ] GC(13) PSYoungGen: 111712K(222720K)->11744K(222720K) Eden: 111616K(111616K)->0K(111616K) From: 96K(111104K)->11744K(111104K)
[8.617s][info][gc,heap     ] GC(13) ParOldGen: 230472K(230912K)->230552K(230912K)
[8.617s][info][gc,metaspace] GC(13) Metaspace: 16972K(17088K)->16972K(17088K) NonClass: 14390K(14464K)->14390K(14464K) Class: 2582K(2624K)->2582K(2624K)
[8.617s][info][gc          ] GC(13) Pause Young (Allocation Failure) 334M->236M(443M) 26.203ms
[8.617s][info][gc,cpu      ] GC(13) User=0.05s Sys=0.00s Real=0.02s
[8.793s][info][gc,start    ] GC(14) Pause Young (Allocation Failure)
[8.833s][info][gc,heap     ] GC(14) PSYoungGen: 123360K(222720K)->22608K(134656K) Eden: 111616K(111616K)->0K(111616K) From: 11744K(111104K)->22608K(23040K)
[8.833s][info][gc,heap     ] GC(14) ParOldGen: 230552K(230912K)->242296K(242688K)
[8.833s][info][gc,metaspace] GC(14) Metaspace: 16982K(17088K)->16982K(17088K) NonClass: 14399K(14464K)->14399K(14464K) Class: 2583K(2624K)->2583K(2624K)
[8.833s][info][gc          ] GC(14) Pause Young (Allocation Failure) 345M->258M(368M) 40.461ms
[8.833s][info][gc,cpu      ] GC(14) User=0.06s Sys=0.02s Real=0.04s
[9.043s][info][gc,start    ] GC(15) Pause Young (Allocation Failure)
[9.122s][info][gc,heap     ] GC(15) PSYoungGen: 134224K(134656K)->27712K(226304K) Eden: 111616K(111616K)->0K(118784K) From: 22608K(23040K)->27712K(107520K)
[9.122s][info][gc,heap     ] GC(15) ParOldGen: 242296K(242688K)->264989K(265216K)
[9.122s][info][gc,metaspace] GC(15) Metaspace: 16989K(17152K)->16989K(17152K) NonClass: 14404K(14528K)->14404K(14528K) Class: 2585K(2624K)->2585K(2624K)
[9.122s][info][gc          ] GC(15) Pause Young (Allocation Failure) 367M->285M(480M) 79.004ms
[9.122s][info][gc,cpu      ] GC(15) User=0.14s Sys=0.02s Real=0.08s
[9.394s][info][gc,start    ] GC(16) Pause Young (Allocation Failure)
[9.450s][info][gc,heap     ] GC(16) PSYoungGen: 146496K(226304K)->15139K(219136K) Eden: 118784K(118784K)->0K(118784K) From: 27712K(107520K)->15139K(100352K)
[9.450s][info][gc,heap     ] GC(16) ParOldGen: 264989K(265216K)->292876K(293376K)
[9.450s][info][gc,metaspace] GC(16) Metaspace: 17016K(17216K)->17016K(17216K) NonClass: 14429K(14528K)->14429K(14528K) Class: 2587K(2688K)->2587K(2688K)
[9.450s][info][gc          ] GC(16) Pause Young (Allocation Failure) 401M->300M(500M) 56.583ms
[9.450s][info][gc,cpu      ] GC(16) User=0.09s Sys=0.02s Real=0.05s
[9.689s][info][gc,start    ] GC(17) Pause Young (Allocation Failure)
[9.721s][info][gc,heap     ] GC(17) PSYoungGen: 133923K(219136K)->896K(224256K) Eden: 118784K(118784K)->0K(128512K) From: 15139K(100352K)->896K(95744K)
[9.721s][info][gc,heap     ] GC(17) ParOldGen: 292876K(293376K)->308007K(308224K)
[9.721s][info][gc,metaspace] GC(17) Metaspace: 17017K(17216K)->17017K(17216K) NonClass: 14429K(14528K)->14429K(14528K) Class: 2587K(2688K)->2587K(2688K)
[9.721s][info][gc          ] GC(17) Pause Young (Allocation Failure) 416M->301M(520M) 31.750ms
[9.721s][info][gc,cpu      ] GC(17) User=0.06s Sys=0.01s Real=0.04s
[10.200s][info][gc,start    ] GC(18) Pause Young (Allocation Failure)
[10.206s][info][gc,heap     ] GC(18) PSYoungGen: 129408K(224256K)->1792K(221696K) Eden: 128512K(128512K)->0K(128512K) From: 896K(95744K)->1792K(93184K)
[10.206s][info][gc,heap     ] GC(18) ParOldGen: 308007K(308224K)->308879K(309248K)
[10.206s][info][gc,metaspace] GC(18) Metaspace: 17028K(17216K)->17028K(17216K) NonClass: 14441K(14528K)->14441K(14528K) Class: 2587K(2688K)->2587K(2688K)
[10.206s][info][gc          ] GC(18) Pause Young (Allocation Failure) 427M->303M(518M) 6.103ms
[10.206s][info][gc,cpu      ] GC(18) User=0.01s Sys=0.00s Real=0.01s
[10.731s][info][gc,start    ] GC(19) Pause Young (Allocation Failure)
[10.737s][info][gc,heap     ] GC(19) PSYoungGen: 130304K(221696K)->576K(237568K) Eden: 128512K(128512K)->0K(147968K) From: 1792K(93184K)->576K(89600K)
[10.737s][info][gc,heap     ] GC(19) ParOldGen: 308879K(309248K)->310447K(310784K)
[10.737s][info][gc,metaspace] GC(19) Metaspace: 17038K(17280K)->17038K(17280K) NonClass: 14451K(14592K)->14451K(14592K) Class: 2587K(2688K)->2587K(2688K)
[10.737s][info][gc          ] GC(19) Pause Young (Allocation Failure) 428M->303M(535M) 6.188ms
[10.737s][info][gc,cpu      ] GC(19) User=0.01s Sys=0.01s Real=0.00s
[11.060s][info][gc,start    ] GC(20) Pause Young (Allocation Failure)
[11.097s][info][gc,heap     ] GC(20) PSYoungGen: 148544K(237568K)->37248K(235520K) Eden: 147968K(147968K)->0K(147968K) From: 576K(89600K)->37248K(87552K)
[11.097s][info][gc,heap     ] GC(20) ParOldGen: 310447K(310784K)->310939K(311296K)
[11.097s][info][gc,metaspace] GC(20) Metaspace: 17042K(17280K)->17042K(17280K) NonClass: 14455K(14592K)->14455K(14592K) Class: 2587K(2688K)->2587K(2688K)
[11.097s][info][gc          ] GC(20) Pause Young (Allocation Failure) 448M->340M(534M) 37.490ms
[11.097s][info][gc,cpu      ] GC(20) User=0.07s Sys=0.00s Real=0.04s
[11.497s][info][gc,start    ] GC(21) Pause Young (Allocation Failure)
[11.610s][info][gc,heap     ] GC(21) PSYoungGen: 185216K(235520K)->39328K(243712K) Eden: 147968K(147968K)->0K(156672K) From: 37248K(87552K)->39328K(87040K)
[11.610s][info][gc,heap     ] GC(21) ParOldGen: 310939K(311296K)->348299K(348672K)
[11.610s][info][gc,metaspace] GC(21) Metaspace: 17045K(17280K)->17045K(17280K) NonClass: 14458K(14592K)->14458K(14592K) Class: 2587K(2688K)->2587K(2688K)
[11.610s][info][gc          ] GC(21) Pause Young (Allocation Failure) 484M->378M(578M) 112.915ms
[11.610s][info][gc,cpu      ] GC(21) User=0.21s Sys=0.02s Real=0.11s
[11.911s][info][gc,start    ] GC(22) Pause Young (Allocation Failure)
[11.974s][info][gc,heap     ] GC(22) PSYoungGen: 196000K(243712K)->5024K(243712K) Eden: 156672K(156672K)->0K(156672K) From: 39328K(87040K)->5024K(87040K)
[11.974s][info][gc,heap     ] GC(22) ParOldGen: 348299K(348672K)->387795K(388096K)
[11.974s][info][gc,metaspace] GC(22) Metaspace: 17050K(17280K)->17050K(17280K) NonClass: 14463K(14592K)->14463K(14592K) Class: 2587K(2688K)->2587K(2688K)
[11.974s][info][gc          ] GC(22) Pause Young (Allocation Failure) 531M->383M(617M) 62.215ms
[11.974s][info][gc,cpu      ] GC(22) User=0.09s Sys=0.04s Real=0.06s
[12.485s][info][gc,start    ] GC(23) Pause Young (Allocation Failure)
[12.496s][info][gc,heap     ] GC(23) PSYoungGen: 161696K(243712K)->1344K(244224K) Eden: 156672K(156672K)->0K(162304K) From: 5024K(87040K)->1344K(81920K)
[12.496s][info][gc,heap     ] GC(23) ParOldGen: 387795K(388096K)->392787K(393216K)
[12.496s][info][gc,metaspace] GC(23) Metaspace: 17055K(17280K)->17055K(17280K) NonClass: 14468K(14592K)->14468K(14592K) Class: 2587K(2688K)->2587K(2688K)
[12.496s][info][gc          ] GC(23) Pause Young (Allocation Failure) 536M->384M(622M) 11.812ms
[12.496s][info][gc,cpu      ] GC(23) User=0.01s Sys=0.00s Real=0.01s
[12.794s][info][gc,start    ] GC(24) Pause Young (Allocation Failure)
[12.874s][info][gc,heap     ] GC(24) PSYoungGen: 163648K(244224K)->80928K(243712K) Eden: 162304K(162304K)->0K(162304K) From: 1344K(81920K)->80928K(81408K)
[12.874s][info][gc,heap     ] GC(24) ParOldGen: 392787K(393216K)->394083K(394240K)
[12.874s][info][gc,metaspace] GC(24) Metaspace: 17058K(17280K)->17058K(17280K) NonClass: 14471K(14592K)->14471K(14592K) Class: 2587K(2688K)->2587K(2688K)
[12.874s][info][gc          ] GC(24) Pause Young (Allocation Failure) 543M->463M(623M) 79.225ms
[12.874s][info][gc,cpu      ] GC(24) User=0.15s Sys=0.00s Real=0.08s
[13.254s][info][gc,start    ] GC(25) Pause Young (Allocation Failure)
[13.413s][info][gc,heap     ] GC(25) PSYoungGen: 243232K(243712K)->45980K(228352K) Eden: 162304K(162304K)->0K(138240K) From: 80928K(81408K)->45980K(90112K)
[13.413s][info][gc,heap     ] GC(25) ParOldGen: 394083K(394240K)->475283K(475648K)
[13.413s][info][gc,metaspace] GC(25) Metaspace: 17067K(17280K)->17067K(17280K) NonClass: 14480K(14592K)->14480K(14592K) Class: 2587K(2688K)->2587K(2688K)
[13.413s][info][gc          ] GC(25) Pause Young (Allocation Failure) 622M->509M(687M) 158.682ms
[13.413s][info][gc,cpu      ] GC(25) User=0.26s Sys=0.05s Real=0.16s
[13.705s][info][gc,start    ] GC(26) Pause Young (Allocation Failure)
[13.807s][info][gc,heap     ] GC(26) PSYoungGen: 184220K(228352K)->42623K(236032K) Eden: 138240K(138240K)->0K(138240K) From: 45980K(90112K)->42623K(97792K)
[13.807s][info][gc,heap     ] GC(26) ParOldGen: 475283K(475648K)->521456K(521728K)
[13.807s][info][gc,metaspace] GC(26) Metaspace: 17095K(17280K)->17095K(17280K) NonClass: 14505K(14592K)->14505K(14592K) Class: 2590K(2688K)->2590K(2688K)
[13.807s][info][gc          ] GC(26) Pause Young (Allocation Failure) 644M->550M(740M) 102.187ms
[13.807s][info][gc,cpu      ] GC(26) User=0.16s Sys=0.03s Real=0.10s
[13.994s][info][gc,start    ] GC(27) Pause Young (Allocation Failure)
[14.065s][info][gc,heap     ] GC(27) PSYoungGen: 180863K(236032K)->8324K(228352K) Eden: 138240K(138240K)->0K(139776K) From: 42623K(97792K)->8324K(88576K)
[14.065s][info][gc,heap     ] GC(27) ParOldGen: 521456K(521728K)->561057K(561152K)
[14.065s][info][gc,metaspace] GC(27) Metaspace: 17136K(17280K)->17136K(17280K) NonClass: 14540K(14592K)->14540K(14592K) Class: 2596K(2688K)->2596K(2688K)
[14.065s][info][gc          ] GC(27) Pause Young (Allocation Failure) 685M->556M(771M) 70.999ms
[14.065s][info][gc,cpu      ] GC(27) User=0.11s Sys=0.03s Real=0.07s
[14.253s][info][gc,start    ] GC(28) Pause Young (Allocation Failure)
[14.273s][info][gc,heap     ] GC(28) PSYoungGen: 148100K(228352K)->8272K(232960K) Eden: 139776K(139776K)->0K(139776K) From: 8324K(88576K)->8272K(93184K)
[14.273s][info][gc,heap     ] GC(28) ParOldGen: 561057K(561152K)->568062K(568320K)
[14.273s][info][gc,metaspace] GC(28) Metaspace: 17148K(17280K)->17148K(17280K) NonClass: 14548K(14592K)->14548K(14592K) Class: 2599K(2688K)->2599K(2688K)
[14.273s][info][gc          ] GC(28) Pause Young (Allocation Failure) 692M->562M(782M) 19.784ms
[14.273s][info][gc,cpu      ] GC(28) User=0.03s Sys=0.01s Real=0.02s
[14.517s][info][gc,start    ] GC(29) Pause Young (Allocation Failure)
[14.556s][info][gc,heap     ] GC(29) PSYoungGen: 148048K(232960K)->33952K(231936K) Eden: 139776K(139776K)->0K(150528K) From: 8272K(93184K)->33952K(81408K)
[14.556s][info][gc,heap     ] GC(29) ParOldGen: 568062K(568320K)->576334K(576512K)
[14.556s][info][gc,metaspace] GC(29) Metaspace: 17171K(17344K)->17171K(17344K) NonClass: 14569K(14656K)->14569K(14656K) Class: 2602K(2688K)->2602K(2688K)
[14.556s][info][gc          ] GC(29) Pause Young (Allocation Failure) 699M->595M(789M) 38.552ms
[14.556s][info][gc,cpu      ] GC(29) User=0.07s Sys=0.01s Real=0.04s
[14.903s][info][gc,start    ] GC(30) Pause Young (Allocation Failure)
[14.969s][info][gc,heap     ] GC(30) PSYoungGen: 184480K(231936K)->36752K(237056K) Eden: 150528K(150528K)->0K(150528K) From: 33952K(81408K)->36752K(86528K)
[14.969s][info][gc,heap     ] GC(30) ParOldGen: 576334K(576512K)->610606K(610816K)
[14.969s][info][gc,metaspace] GC(30) Metaspace: 17176K(17344K)->17176K(17344K) NonClass: 14574K(14656K)->14574K(14656K) Class: 2602K(2688K)->2602K(2688K)
[14.969s][info][gc          ] GC(30) Pause Young (Allocation Failure) 742M->632M(828M) 66.247ms
[14.969s][info][gc,cpu      ] GC(30) User=0.12s Sys=0.01s Real=0.06s
[15.345s][info][gc,start    ] GC(31) Pause Full (Allocation Failure)
[15.345s][info][gc,phases,start] GC(31) Marking Phase
[15.448s][info][gc,phases      ] GC(31) Marking Phase 103.531ms
[15.448s][info][gc,phases,start] GC(31) Summary Phase
[15.448s][info][gc,phases      ] GC(31) Summary Phase 0.027ms
[15.448s][info][gc,phases,start] GC(31) Forward
[15.492s][info][gc,phases      ] GC(31) Forward 43.925ms
[15.492s][info][gc,phases,start] GC(31) Adjust Pointers
[15.564s][info][gc,phases      ] GC(31) Adjust Pointers 71.454ms
[15.564s][info][gc,phases,start] GC(31) Compaction Phase
[15.609s][info][gc,phases      ] GC(31) Compaction Phase 45.038ms
[15.612s][info][gc,phases,start] GC(31) Post Compact
[15.622s][info][gc,phases      ] GC(31) Post Compact 10.365ms
[15.644s][info][gc,heap        ] GC(31) PSYoungGen: 187280K(237056K)->0K(245248K) Eden: 150528K(150528K)->0K(162816K) From: 36752K(86528K)->0K(82432K)
[15.644s][info][gc,heap        ] GC(31) ParOldGen: 610606K(610816K)->165391K(311296K)
[15.644s][info][gc,metaspace   ] GC(31) Metaspace: 17178K(17344K)->17178K(17344K) NonClass: 14576K(14656K)->14576K(14656K) Class: 2602K(2688K)->2602K(2688K)
[15.644s][info][gc             ] GC(31) Pause Full (Allocation Failure) 779M->161M(543M) 298.980ms
[15.644s][info][gc,cpu         ] GC(31) User=0.46s Sys=0.04s Real=0.30s
[15.845s][info][gc,start       ] GC(32) Pause Young (Allocation Failure)
[15.926s][info][gc,heap        ] GC(32) PSYoungGen: 162816K(245248K)->83684K(246784K) Eden: 162816K(162816K)->0K(162816K) From: 0K(82432K)->83684K(83968K)
[15.926s][info][gc,heap        ] GC(32) ParOldGen: 165391K(311296K)->165391K(311296K)
[15.926s][info][gc,metaspace   ] GC(32) Metaspace: 17180K(17344K)->17180K(17344K) NonClass: 14576K(14656K)->14576K(14656K) Class: 2604K(2688K)->2604K(2688K)
[15.926s][info][gc             ] GC(32) Pause Young (Allocation Failure) 320M->243M(545M) 81.632ms
[15.926s][info][gc,cpu         ] GC(32) User=0.17s Sys=0.00s Real=0.08s
[16.127s][info][gc,start       ] GC(33) Pause Young (Allocation Failure)
[16.332s][info][gc,heap        ] GC(33) PSYoungGen: 246500K(246784K)->59872K(215040K) Eden: 162816K(162816K)->0K(128000K) From: 83684K(83968K)->59872K(87040K)
[16.332s][info][gc,heap        ] GC(33) ParOldGen: 165391K(311296K)->249000K(311296K)
[16.332s][info][gc,metaspace   ] GC(33) Metaspace: 17180K(17344K)->17180K(17344K) NonClass: 14576K(14656K)->14576K(14656K) Class: 2604K(2688K)->2604K(2688K)
[16.332s][info][gc             ] GC(33) Pause Young (Allocation Failure) 402M->301M(514M) 204.785ms
[16.332s][info][gc,cpu         ] GC(33) User=0.40s Sys=0.01s Real=0.21s
[16.568s][info][gc,start       ] GC(34) Pause Young (Allocation Failure)
[16.638s][info][gc,heap        ] GC(34) PSYoungGen: 187872K(215040K)->22784K(230912K) Eden: 128000K(128000K)->0K(128000K) From: 59872K(87040K)->22784K(102912K)
[16.638s][info][gc,heap        ] GC(34) ParOldGen: 249000K(311296K)->309400K(311296K)
[16.638s][info][gc,metaspace   ] GC(34) Metaspace: 17180K(17344K)->17180K(17344K) NonClass: 14576K(14656K)->14576K(14656K) Class: 2604K(2688K)->2604K(2688K)
[16.638s][info][gc             ] GC(34) Pause Young (Allocation Failure) 426M->324M(529M) 70.525ms
[16.638s][info][gc,cpu         ] GC(34) User=0.14s Sys=0.00s Real=0.07s
[16.743s][info][gc,start       ] GC(35) Pause Young (Allocation Failure)
[16.784s][info][gc,heap        ] GC(35) PSYoungGen: 150784K(230912K)->2560K(224256K) Eden: 128000K(128000K)->0K(132608K) From: 22784K(102912K)->2560K(91648K)
[16.784s][info][gc,heap        ] GC(35) ParOldGen: 309400K(311296K)->332216K(332288K)
[16.784s][info][gc,metaspace   ] GC(35) Metaspace: 17181K(17344K)->17181K(17344K) NonClass: 14577K(14656K)->14577K(14656K) Class: 2604K(2688K)->2604K(2688K)
[16.784s][info][gc             ] GC(35) Pause Young (Allocation Failure) 449M->326M(543M) 41.247ms
[16.784s][info][gc,cpu         ] GC(35) User=0.06s Sys=0.02s Real=0.04s
[16.937s][info][gc,start       ] GC(36) Pause Young (Allocation Failure)
[16.959s][info][gc,heap        ] GC(36) PSYoungGen: 135168K(224256K)->1696K(229888K) Eden: 132608K(132608K)->0K(132608K) From: 2560K(91648K)->1696K(97280K)
[16.959s][info][gc,heap        ] GC(36) ParOldGen: 332216K(332288K)->334760K(334848K)
[16.960s][info][gc,metaspace   ] GC(36) Metaspace: 17185K(17344K)->17185K(17344K) NonClass: 14581K(14656K)->14581K(14656K) Class: 2604K(2688K)->2604K(2688K)
[16.960s][info][gc             ] GC(36) Pause Young (Allocation Failure) 456M->328M(551M) 22.240ms
[16.960s][info][gc,cpu         ] GC(36) User=0.04s Sys=0.00s Real=0.02s
[17.165s][info][gc,start       ] GC(37) Pause Young (Allocation Failure)
[17.204s][info][gc,heap        ] GC(37) PSYoungGen: 134304K(229888K)->19553K(224768K) Eden: 132608K(132608K)->0K(140800K) From: 1696K(97280K)->19553K(83968K)
[17.204s][info][gc,heap        ] GC(37) ParOldGen: 334760K(334848K)->336440K(336896K)
[17.204s][info][gc,metaspace   ] GC(37) Metaspace: 17195K(17344K)->17195K(17344K) NonClass: 14585K(14656K)->14585K(14656K) Class: 2610K(2688K)->2610K(2688K)
[17.204s][info][gc             ] GC(37) Pause Young (Allocation Failure) 458M->347M(548M) 39.123ms
[17.204s][info][gc,cpu         ] GC(37) User=0.07s Sys=0.00s Real=0.04s
[17.419s][info][gc,start       ] GC(38) Pause Young (Allocation Failure)
[17.504s][info][gc,heap        ] GC(38) PSYoungGen: 160353K(224768K)->24384K(231424K) Eden: 140800K(140800K)->0K(140800K) From: 19553K(83968K)->24384K(90624K)
[17.504s][info][gc,heap        ] GC(38) ParOldGen: 336440K(336896K)->355965K(356352K)
[17.504s][info][gc,metaspace   ] GC(38) Metaspace: 17198K(17344K)->17198K(17344K) NonClass: 14587K(14656K)->14587K(14656K) Class: 2610K(2688K)->2610K(2688K)
[17.504s][info][gc             ] GC(38) Pause Young (Allocation Failure) 485M->371M(574M) 85.183ms
[17.504s][info][gc,cpu         ] GC(38) User=0.16s Sys=0.01s Real=0.09s
[17.710s][info][gc,start       ] GC(39) Pause Young (Allocation Failure)
[17.773s][info][gc,heap        ] GC(39) PSYoungGen: 165184K(231424K)->25920K(230912K) Eden: 140800K(140800K)->0K(158208K) From: 24384K(90624K)->25920K(72704K)
[17.773s][info][gc,heap        ] GC(39) ParOldGen: 355965K(356352K)->380357K(380416K)
[17.773s][info][gc,metaspace   ] GC(39) Metaspace: 17198K(17344K)->17198K(17344K) NonClass: 14587K(14656K)->14587K(14656K) Class: 2610K(2688K)->2610K(2688K)
[17.773s][info][gc             ] GC(39) Pause Young (Allocation Failure) 508M->396M(597M) 63.436ms
[17.773s][info][gc,cpu         ] GC(39) User=0.11s Sys=0.02s Real=0.07s
[18.004s][info][gc,start       ] GC(40) Pause Young (Allocation Failure)
[18.051s][info][gc,heap        ] GC(40) PSYoungGen: 184128K(230912K)->4288K(237568K) Eden: 158208K(158208K)->0K(158208K) From: 25920K(72704K)->4288K(79360K)
[18.051s][info][gc,heap        ] GC(40) ParOldGen: 380357K(380416K)->406314K(406528K)
[18.051s][info][gc,metaspace   ] GC(40) Metaspace: 17198K(17344K)->17198K(17344K) NonClass: 14588K(14656K)->14588K(14656K) Class: 2610K(2688K)->2610K(2688K)
[18.051s][info][gc             ] GC(40) Pause Young (Allocation Failure) 551M->400M(629M) 47.072ms
[18.051s][info][gc,cpu         ] GC(40) User=0.08s Sys=0.02s Real=0.05s
[18.378s][info][gc,start       ] GC(41) Pause Young (Allocation Failure)
[18.406s][info][gc,heap        ] GC(41) PSYoungGen: 162496K(237568K)->3232K(249856K) Eden: 158208K(158208K)->0K(176640K) From: 4288K(79360K)->3232K(73216K)
[18.406s][info][gc,heap        ] GC(41) ParOldGen: 406314K(406528K)->410570K(410624K)
[18.406s][info][gc,metaspace   ] GC(41) Metaspace: 17200K(17344K)->17200K(17344K) NonClass: 14590K(14656K)->14590K(14656K) Class: 2610K(2688K)->2610K(2688K)
[18.406s][info][gc             ] GC(41) Pause Young (Allocation Failure) 555M->404M(645M) 28.677ms
[18.406s][info][gc,cpu         ] GC(41) User=0.05s Sys=0.00s Real=0.03s
[18.875s][info][gc,start       ] GC(42) Pause Young (Allocation Failure)
[18.924s][info][gc,heap        ] GC(42) PSYoungGen: 179872K(249856K)->21376K(252928K) Eden: 176640K(176640K)->0K(176640K) From: 3232K(73216K)->21376K(76288K)
[18.924s][info][gc,heap        ] GC(42) ParOldGen: 410570K(410624K)->413810K(414208K)
[18.924s][info][gc,metaspace   ] GC(42) Metaspace: 17219K(17408K)->17219K(17408K) NonClass: 14608K(14720K)->14608K(14720K) Class: 2610K(2688K)->2610K(2688K)
[18.924s][info][gc             ] GC(42) Pause Young (Allocation Failure) 576M->424M(651M) 49.292ms
[18.924s][info][gc,cpu         ] GC(42) User=0.09s Sys=0.01s Real=0.05s
[19.647s][info][gc,start       ] GC(43) Pause Young (Allocation Failure)
[19.679s][info][gc,heap        ] GC(43) PSYoungGen: 198016K(252928K)->160K(256512K) Eden: 176640K(176640K)->0K(185344K) From: 21376K(76288K)->160K(71168K)
[19.679s][info][gc,heap        ] GC(43) ParOldGen: 413810K(414208K)->435208K(435712K)
[19.680s][info][gc,metaspace   ] GC(43) Metaspace: 17230K(17408K)->17230K(17408K) NonClass: 14619K(14720K)->14619K(14720K) Class: 2610K(2688K)->2610K(2688K)
[19.680s][info][gc             ] GC(43) Pause Young (Allocation Failure) 597M->425M(676M) 33.022ms
[19.680s][info][gc,cpu         ] GC(43) User=0.05s Sys=0.01s Real=0.03s
[20.161s][info][gc,start       ] GC(44) Pause Young (Allocation Failure)
[20.163s][info][gc,heap        ] GC(44) PSYoungGen: 185504K(256512K)->64K(255488K) Eden: 185344K(185344K)->0K(185344K) From: 160K(71168K)->64K(70144K)
[20.163s][info][gc,heap        ] GC(44) ParOldGen: 435208K(435712K)->435328K(435712K)
[20.163s][info][gc,metaspace   ] GC(44) Metaspace: 17230K(17408K)->17230K(17408K) NonClass: 14620K(14720K)->14620K(14720K) Class: 2610K(2688K)->2610K(2688K)
[20.163s][info][gc             ] GC(44) Pause Young (Allocation Failure) 606M->425M(675M) 2.569ms
[20.163s][info][gc,cpu         ] GC(44) User=0.01s Sys=0.00s Real=0.00s
[20.750s][info][gc,start       ] GC(45) Pause Young (Allocation Failure)
[20.765s][info][gc,heap        ] GC(45) PSYoungGen: 185408K(255488K)->4704K(261120K) Eden: 185344K(185344K)->0K(195072K) From: 64K(70144K)->4704K(66048K)
[20.765s][info][gc,heap        ] GC(45) ParOldGen: 435328K(435712K)->435352K(435712K)
[20.765s][info][gc,metaspace   ] GC(45) Metaspace: 17231K(17408K)->17231K(17408K) NonClass: 14621K(14720K)->14621K(14720K) Class: 2610K(2688K)->2610K(2688K)
[20.765s][info][gc             ] GC(45) Pause Young (Allocation Failure) 606M->429M(680M) 15.968ms
[20.765s][info][gc,cpu         ] GC(45) User=0.03s Sys=0.00s Real=0.02s
[21.064s][info][gc,start       ] GC(46) Pause Young (Allocation Failure)
[21.116s][info][gc,heap        ] GC(46) PSYoungGen: 199776K(261120K)->52902K(248320K) Eden: 195072K(195072K)->0K(195072K) From: 4704K(66048K)->52902K(53248K)
[21.116s][info][gc,heap        ] GC(46) ParOldGen: 435352K(435712K)->440024K(440320K)
[21.116s][info][gc,metaspace   ] GC(46) Metaspace: 17236K(17408K)->17236K(17408K) NonClass: 14626K(14720K)->14626K(14720K) Class: 2610K(2688K)->2610K(2688K)
[21.116s][info][gc             ] GC(46) Pause Young (Allocation Failure) 620M->481M(672M) 52.022ms
[21.116s][info][gc,cpu         ] GC(46) User=0.10s Sys=0.00s Real=0.05s
[21.497s][info][gc,start       ] GC(47) Pause Young (Allocation Failure)
[21.586s][info][gc,heap        ] GC(47) PSYoungGen: 247974K(248320K)->23584K(263680K) Eden: 195072K(195072K)->0K(189440K) From: 52902K(53248K)->23584K(74240K)
[21.586s][info][gc,heap        ] GC(47) ParOldGen: 440024K(440320K)->493562K(493568K)
[21.586s][info][gc,metaspace   ] GC(47) Metaspace: 17239K(17408K)->17239K(17408K) NonClass: 14629K(14720K)->14629K(14720K) Class: 2610K(2688K)->2610K(2688K)
[21.586s][info][gc             ] GC(47) Pause Young (Allocation Failure) 671M->505M(739M) 88.768ms
[21.586s][info][gc,cpu         ] GC(47) User=0.14s Sys=0.04s Real=0.09s
[21.979s][info][gc,start       ] GC(48) Pause Young (Allocation Failure)
[22.054s][info][gc,heap        ] GC(48) PSYoungGen: 213024K(263680K)->28773K(218624K) Eden: 189440K(189440K)->0K(189440K) From: 23584K(74240K)->28773K(29184K)
[22.055s][info][gc,heap        ] GC(48) ParOldGen: 493562K(493568K)->517338K(517632K)
[22.055s][info][gc,metaspace   ] GC(48) Metaspace: 17258K(17408K)->17258K(17408K) NonClass: 14647K(14720K)->14647K(14720K) Class: 2611K(2688K)->2611K(2688K)
[22.055s][info][gc             ] GC(48) Pause Young (Allocation Failure) 690M->533M(719M) 75.156ms
[22.055s][info][gc,cpu         ] GC(48) User=0.12s Sys=0.02s Real=0.08s
[22.295s][info][gc,start       ] GC(49) Pause Young (Allocation Failure)
[22.394s][info][gc,heap        ] GC(49) PSYoungGen: 218213K(218624K)->54448K(249856K) Eden: 189440K(189440K)->0K(181760K) From: 28773K(29184K)->54448K(68096K)
[22.394s][info][gc,heap        ] GC(49) ParOldGen: 517338K(517632K)->546160K(546304K)
[22.394s][info][gc,metaspace   ] GC(49) Metaspace: 17259K(17408K)->17259K(17408K) NonClass: 14648K(14720K)->14648K(14720K) Class: 2611K(2688K)->2611K(2688K)
[22.394s][info][gc             ] GC(49) Pause Young (Allocation Failure) 718M->586M(777M) 99.761ms
[22.394s][info][gc,cpu         ] GC(49) User=0.18s Sys=0.02s Real=0.10s
[22.614s][info][gc,start       ] GC(50) Pause Young (Allocation Failure)
[22.698s][info][gc,heap        ] GC(50) PSYoungGen: 236208K(249856K)->12480K(257536K) Eden: 181760K(181760K)->0K(181760K) From: 54448K(68096K)->12480K(75776K)
[22.698s][info][gc,heap        ] GC(50) ParOldGen: 546160K(546304K)->600984K(601088K)
[22.698s][info][gc,metaspace   ] GC(50) Metaspace: 17267K(17472K)->17267K(17472K) NonClass: 14656K(14784K)->14656K(14784K) Class: 2611K(2688K)->2611K(2688K)
[22.698s][info][gc             ] GC(50) Pause Young (Allocation Failure) 764M->599M(838M) 84.088ms
[22.698s][info][gc,cpu         ] GC(50) User=0.12s Sys=0.04s Real=0.08s
[22.840s][info][gc,start       ] GC(51) Pause Full (Allocation Failure)
[22.840s][info][gc,phases,start] GC(51) Marking Phase
[23.114s][info][gc,phases      ] GC(51) Marking Phase 274.055ms
[23.114s][info][gc,phases,start] GC(51) Summary Phase
[23.114s][info][gc,phases      ] GC(51) Summary Phase 0.028ms
[23.114s][info][gc,phases,start] GC(51) Forward
[23.210s][info][gc,phases      ] GC(51) Forward 95.950ms
[23.210s][info][gc,phases,start] GC(51) Adjust Pointers
[23.410s][info][gc,phases      ] GC(51) Adjust Pointers 199.496ms
[23.410s][info][gc,phases,start] GC(51) Compaction Phase
[23.529s][info][gc,phases      ] GC(51) Compaction Phase 119.440ms
[23.536s][info][gc,phases,start] GC(51) Post Compact
[23.538s][info][gc,phases      ] GC(51) Post Compact 2.607ms
[23.544s][info][gc,heap        ] GC(51) PSYoungGen: 194240K(257536K)->0K(254976K) Eden: 181760K(181760K)->0K(185344K) From: 12480K(75776K)->0K(69632K)
[23.544s][info][gc,heap        ] GC(51) ParOldGen: 600984K(601088K)->358162K(518656K)
[23.544s][info][gc,metaspace   ] GC(51) Metaspace: 17267K(17472K)->17267K(17472K) NonClass: 14656K(14784K)->14656K(14784K) Class: 2611K(2688K)->2611K(2688K)
[23.544s][info][gc             ] GC(51) Pause Full (Allocation Failure) 776M->349M(755M) 703.884ms
[23.544s][info][gc,cpu         ] GC(51) User=1.31s Sys=0.01s Real=0.71s
[23.789s][info][gc,start       ] GC(52) Pause Young (Allocation Failure)
[23.817s][info][gc,heap        ] GC(52) PSYoungGen: 185344K(254976K)->17760K(258048K) Eden: 185344K(185344K)->0K(185344K) From: 0K(69632K)->17760K(72704K)
[23.817s][info][gc,heap        ] GC(52) ParOldGen: 358162K(518656K)->358162K(518656K)
[23.817s][info][gc,metaspace   ] GC(52) Metaspace: 17267K(17472K)->17267K(17472K) NonClass: 14656K(14784K)->14656K(14784K) Class: 2611K(2688K)->2611K(2688K)
[23.817s][info][gc             ] GC(52) Pause Young (Allocation Failure) 530M->367M(758M) 28.435ms
[23.817s][info][gc,cpu         ] GC(52) User=0.06s Sys=0.00s Real=0.03s
[24.029s][info][gc,start       ] GC(53) Pause Young (Allocation Failure)
[24.069s][info][gc,heap        ] GC(53) PSYoungGen: 203104K(258048K)->16864K(254464K) Eden: 185344K(185344K)->0K(192000K) From: 17760K(72704K)->16864K(62464K)
[24.069s][info][gc,heap        ] GC(53) ParOldGen: 358162K(518656K)->375914K(518656K)
[24.070s][info][gc,metaspace   ] GC(53) Metaspace: 17284K(17472K)->17284K(17472K) NonClass: 14673K(14784K)->14673K(14784K) Class: 2611K(2688K)->2611K(2688K)
[24.070s][info][gc             ] GC(53) Pause Young (Allocation Failure) 548M->383M(755M) 40.680ms
[24.070s][info][gc,cpu         ] GC(53) User=0.08s Sys=0.00s Real=0.04s
[24.392s][info][gc,start       ] GC(54) Pause Young (Allocation Failure)
[24.437s][info][gc,heap        ] GC(54) PSYoungGen: 208864K(254464K)->22464K(257536K) Eden: 192000K(192000K)->0K(192000K) From: 16864K(62464K)->22464K(65536K)
[24.437s][info][gc,heap        ] GC(54) ParOldGen: 375914K(518656K)->392794K(518656K)
[24.437s][info][gc,metaspace   ] GC(54) Metaspace: 17287K(17472K)->17287K(17472K) NonClass: 14676K(14784K)->14676K(14784K) Class: 2611K(2688K)->2611K(2688K)
[24.437s][info][gc             ] GC(54) Pause Young (Allocation Failure) 571M->405M(758M) 44.579ms
[24.437s][info][gc,cpu         ] GC(54) User=0.09s Sys=0.00s Real=0.04s
[25.225s][info][gc,start       ] GC(55) Pause Young (Allocation Failure)
[25.256s][info][gc,heap        ] GC(55) PSYoungGen: 214464K(257536K)->1792K(266752K) Eden: 192000K(192000K)->0K(205824K) From: 22464K(65536K)->1792K(60928K)
[25.256s][info][gc,heap        ] GC(55) ParOldGen: 392794K(518656K)->415261K(518656K)
[25.256s][info][gc,metaspace   ] GC(55) Metaspace: 17312K(17472K)->17312K(17472K) NonClass: 14700K(14784K)->14700K(14784K) Class: 2612K(2688K)->2612K(2688K)
[25.256s][info][gc             ] GC(55) Pause Young (Allocation Failure) 593M->407M(767M) 30.577ms
[25.256s][info][gc,cpu         ] GC(55) User=0.06s Sys=0.01s Real=0.03s
[25.778s][info][gc,start       ] GC(56) Pause Young (Allocation Failure)
[25.804s][info][gc,heap        ] GC(56) PSYoungGen: 207616K(266752K)->22608K(266752K) Eden: 205824K(205824K)->0K(205824K) From: 1792K(60928K)->22608K(60928K)
[25.804s][info][gc,heap        ] GC(56) ParOldGen: 415261K(518656K)->417034K(518656K)
[25.804s][info][gc,metaspace   ] GC(56) Metaspace: 17320K(17536K)->17320K(17536K) NonClass: 14707K(14848K)->14707K(14848K) Class: 2613K(2688K)->2613K(2688K)
[25.804s][info][gc             ] GC(56) Pause Young (Allocation Failure) 608M->429M(767M) 26.067ms
[25.804s][info][gc,cpu         ] GC(56) User=0.05s Sys=0.00s Real=0.03s
[26.070s][info][gc,start       ] GC(57) Pause Young (Allocation Failure)
[26.169s][info][gc,heap        ] GC(57) PSYoungGen: 228432K(266752K)->57312K(233472K) Eden: 205824K(205824K)->0K(176128K) From: 22608K(60928K)->57312K(57344K)
[26.170s][info][gc,heap        ] GC(57) ParOldGen: 417034K(518656K)->447786K(518656K)
[26.170s][info][gc,metaspace   ] GC(57) Metaspace: 17346K(17536K)->17346K(17536K) NonClass: 14733K(14848K)->14733K(14848K) Class: 2613K(2688K)->2613K(2688K)
[26.170s][info][gc             ] GC(57) Pause Young (Allocation Failure) 630M->493M(734M) 100.055ms
[26.170s][info][gc,cpu         ] GC(57) User=0.19s Sys=0.01s Real=0.10s
[26.616s][info][gc,start       ] GC(58) Pause Young (Allocation Failure)
[26.665s][info][gc,heap        ] GC(58) PSYoungGen: 233440K(233472K)->11104K(254976K) Eden: 176128K(176128K)->0K(176128K) From: 57312K(57344K)->11104K(78848K)
[26.665s][info][gc,heap        ] GC(58) ParOldGen: 447786K(518656K)->505818K(518656K)
[26.665s][info][gc,metaspace   ] GC(58) Metaspace: 17349K(17536K)->17349K(17536K) NonClass: 14736K(14848K)->14736K(14848K) Class: 2613K(2688K)->2613K(2688K)
[26.666s][info][gc             ] GC(58) Pause Young (Allocation Failure) 665M->504M(755M) 49.884ms
[26.666s][info][gc,cpu         ] GC(58) User=0.10s Sys=0.00s Real=0.05s
[27.169s][info][gc,start       ] GC(59) Pause Young (Allocation Failure)
[27.289s][info][gc,heap        ] GC(59) PSYoungGen: 187232K(254976K)->31871K(247296K) Eden: 176128K(176128K)->0K(178688K) From: 11104K(78848K)->31871K(68608K)
[27.289s][info][gc,heap        ] GC(59) ParOldGen: 505818K(518656K)->516994K(518656K)
[27.289s][info][gc,metaspace   ] GC(59) Metaspace: 17351K(17536K)->17351K(17536K) NonClass: 14738K(14848K)->14738K(14848K) Class: 2613K(2688K)->2613K(2688K)
[27.289s][info][gc             ] GC(59) Pause Young (Allocation Failure) 676M->536M(748M) 119.437ms
[27.289s][info][gc,cpu         ] GC(59) User=0.23s Sys=0.00s Real=0.12s
[27.639s][info][gc,start       ] GC(60) Pause Young (Allocation Failure)
[27.730s][info][gc,heap        ] GC(60) PSYoungGen: 210559K(247296K)->25408K(252416K) Eden: 178688K(178688K)->0K(178688K) From: 31871K(68608K)->25408K(73728K)
[27.730s][info][gc,heap        ] GC(60) ParOldGen: 516994K(518656K)->548905K(549376K)
[27.730s][info][gc,metaspace   ] GC(60) Metaspace: 17351K(17536K)->17351K(17536K) NonClass: 14738K(14848K)->14738K(14848K) Class: 2613K(2688K)->2613K(2688K)
[27.730s][info][gc             ] GC(60) Pause Young (Allocation Failure) 710M->560M(783M) 91.537ms
[27.730s][info][gc,cpu         ] GC(60) User=0.15s Sys=0.03s Real=0.09s
[27.949s][info][gc,start       ] GC(61) Pause Young (Allocation Failure)
[27.995s][info][gc,heap        ] GC(61) PSYoungGen: 204096K(252416K)->864K(259584K) Eden: 178688K(178688K)->0K(190976K) From: 25408K(73728K)->864K(68608K)
[27.995s][info][gc,heap        ] GC(61) ParOldGen: 548905K(549376K)->574321K(574464K)
[27.995s][info][gc,metaspace   ] GC(61) Metaspace: 17351K(17536K)->17351K(17536K) NonClass: 14738K(14848K)->14738K(14848K) Class: 2613K(2688K)->2613K(2688K)
[27.995s][info][gc             ] GC(61) Pause Young (Allocation Failure) 735M->561M(814M) 46.267ms
[27.995s][info][gc,cpu         ] GC(61) User=0.07s Sys=0.02s Real=0.05s
[28.304s][info][gc,start       ] GC(62) Pause Young (Allocation Failure)
[28.335s][info][gc,heap        ] GC(62) PSYoungGen: 191840K(259584K)->14562K(260096K) Eden: 190976K(190976K)->0K(190976K) From: 864K(68608K)->14562K(69120K)
[28.335s][info][gc,heap        ] GC(62) ParOldGen: 574321K(574464K)->575169K(575488K)
[28.335s][info][gc,metaspace   ] GC(62) Metaspace: 17356K(17536K)->17356K(17536K) NonClass: 14743K(14848K)->14743K(14848K) Class: 2613K(2688K)->2613K(2688K)
[28.335s][info][gc             ] GC(62) Pause Young (Allocation Failure) 748M->575M(816M) 31.011ms
[28.335s][info][gc,cpu         ] GC(62) User=0.06s Sys=0.00s Real=0.03s
[28.482s][info][gc,start       ] GC(63) Pause Young (Allocation Failure)
[28.555s][info][gc,heap        ] GC(63) PSYoungGen: 205538K(260096K)->66048K(231936K) Eden: 190976K(190976K)->0K(165888K) From: 14562K(69120K)->66048K(66048K)
[28.555s][info][gc,heap        ] GC(63) ParOldGen: 575169K(575488K)->590822K(590848K)
[28.555s][info][gc,metaspace   ] GC(63) Metaspace: 17356K(17536K)->17356K(17536K) NonClass: 14743K(14848K)->14743K(14848K) Class: 2613K(2688K)->2613K(2688K)
[28.555s][info][gc             ] GC(63) Pause Young (Allocation Failure) 762M->641M(803M) 73.273ms
[28.555s][info][gc,cpu         ] GC(63) User=0.14s Sys=0.01s Real=0.07s
[28.902s][info][gc,start       ] GC(64) Pause Young (Allocation Failure)
[29.007s][info][gc,heap        ] GC(64) PSYoungGen: 231936K(231936K)->28656K(249856K) Eden: 165888K(165888K)->0K(165888K) From: 66048K(66048K)->28656K(83968K)
[29.007s][info][gc,heap        ] GC(64) ParOldGen: 590822K(590848K)->657598K(657920K)
[29.007s][info][gc,metaspace   ] GC(64) Metaspace: 17358K(17536K)->17358K(17536K) NonClass: 14745K(14848K)->14745K(14848K) Class: 2613K(2688K)->2613K(2688K)
[29.007s][info][gc             ] GC(64) Pause Young (Allocation Failure) 803M->670M(886M) 105.218ms
[29.007s][info][gc,cpu         ] GC(64) User=0.15s Sys=0.06s Real=0.10s
[29.538s][info][gc,start       ] GC(65) Pause Full (Allocation Failure)
[29.538s][info][gc,phases,start] GC(65) Marking Phase
[29.900s][info][gc,phases      ] GC(65) Marking Phase 362.470ms
[29.900s][info][gc,phases,start] GC(65) Summary Phase
[29.900s][info][gc,phases      ] GC(65) Summary Phase 0.031ms
[29.900s][info][gc,phases,start] GC(65) Forward
[30.038s][info][gc,phases      ] GC(65) Forward 138.096ms
[30.038s][info][gc,phases,start] GC(65) Adjust Pointers
[30.309s][info][gc,phases      ] GC(65) Adjust Pointers 270.840ms
[30.309s][info][gc,phases,start] GC(65) Compaction Phase
[30.478s][info][gc,phases      ] GC(65) Compaction Phase 168.188ms
[30.490s][info][gc,phases,start] GC(65) Post Compact
[30.493s][info][gc,phases      ] GC(65) Post Compact 2.485ms
[30.493s][info][gc,heap        ] GC(65) PSYoungGen: 194544K(249856K)->0K(244224K) Eden: 165888K(165888K)->0K(171520K) From: 28656K(83968K)->0K(72704K)
[30.493s][info][gc,heap        ] GC(65) ParOldGen: 657598K(657920K)->492364K(667648K)
[30.493s][info][gc,metaspace   ] GC(65) Metaspace: 17365K(17536K)->17365K(17536K) NonClass: 14752K(14848K)->14752K(14848K) Class: 2613K(2688K)->2613K(2688K)
[30.493s][info][gc             ] GC(65) Pause Full (Allocation Failure) 832M->480M(890M) 955.580ms
[30.493s][info][gc,cpu         ] GC(65) User=1.80s Sys=0.01s Real=0.96s
[30.801s][info][gc,start       ] GC(66) Pause Young (Allocation Failure)
[30.829s][info][gc,heap        ] GC(66) PSYoungGen: 171520K(244224K)->24640K(249856K) Eden: 171520K(171520K)->0K(171520K) From: 0K(72704K)->24640K(78336K)
[30.829s][info][gc,heap        ] GC(66) ParOldGen: 492364K(667648K)->492364K(667648K)
[30.829s][info][gc,metaspace   ] GC(66) Metaspace: 17370K(17536K)->17370K(17536K) NonClass: 14757K(14848K)->14757K(14848K) Class: 2613K(2688K)->2613K(2688K)
[30.829s][info][gc             ] GC(66) Pause Young (Allocation Failure) 648M->504M(896M) 28.411ms
[30.829s][info][gc,cpu         ] GC(66) User=0.06s Sys=0.00s Real=0.02s
[31.001s][info][gc,start       ] GC(67) Pause Young (Allocation Failure)
[31.031s][info][gc,heap        ] GC(67) PSYoungGen: 196160K(249856K)->864K(253952K) Eden: 171520K(171520K)->0K(181248K) From: 24640K(78336K)->864K(72704K)
[31.031s][info][gc,heap        ] GC(67) ParOldGen: 492364K(667648K)->517020K(667648K)
[31.031s][info][gc,metaspace   ] GC(67) Metaspace: 17370K(17536K)->17370K(17536K) NonClass: 14757K(14848K)->14757K(14848K) Class: 2613K(2688K)->2613K(2688K)
[31.031s][info][gc             ] GC(67) Pause Young (Allocation Failure) 672M->505M(900M) 29.572ms
[31.031s][info][gc,cpu         ] GC(67) User=0.06s Sys=0.00s Real=0.03s
[31.288s][info][gc,start       ] GC(68) Pause Young (Allocation Failure)
[31.306s][info][gc,heap        ] GC(68) PSYoungGen: 182112K(253952K)->3904K(255488K) Eden: 181248K(181248K)->0K(181248K) From: 864K(72704K)->3904K(74240K)
[31.306s][info][gc,heap        ] GC(68) ParOldGen: 517020K(667648K)->517844K(667648K)
[31.306s][info][gc,metaspace   ] GC(68) Metaspace: 17371K(17536K)->17371K(17536K) NonClass: 14758K(14848K)->14758K(14848K) Class: 2613K(2688K)->2613K(2688K)
[31.306s][info][gc             ] GC(68) Pause Young (Allocation Failure) 682M->509M(901M) 17.989ms
[31.306s][info][gc,cpu         ] GC(68) User=0.03s Sys=0.00s Real=0.02s
[31.713s][info][gc,start       ] GC(69) Pause Young (Allocation Failure)
[31.747s][info][gc,heap        ] GC(69) PSYoungGen: 185152K(255488K)->26672K(252416K) Eden: 181248K(181248K)->0K(186880K) From: 3904K(74240K)->26672K(65536K)
[31.747s][info][gc,heap        ] GC(69) ParOldGen: 517844K(667648K)->521716K(667648K)
[31.747s][info][gc,metaspace   ] GC(69) Metaspace: 17371K(17536K)->17371K(17536K) NonClass: 14758K(14848K)->14758K(14848K) Class: 2613K(2688K)->2613K(2688K)
[31.747s][info][gc             ] GC(69) Pause Young (Allocation Failure) 686M->535M(898M) 34.079ms
[31.747s][info][gc,cpu         ] GC(69) User=0.07s Sys=0.00s Real=0.03s
[32.420s][info][gc,start       ] GC(70) Pause Young (Allocation Failure)
[32.448s][info][gc,heap        ] GC(70) PSYoungGen: 213552K(252416K)->256K(256000K) Eden: 186880K(186880K)->0K(186880K) From: 26672K(65536K)->256K(69120K)
[32.448s][info][gc,heap        ] GC(70) ParOldGen: 521716K(667648K)->548413K(667648K)
[32.448s][info][gc,metaspace   ] GC(70) Metaspace: 17372K(17536K)->17372K(17536K) NonClass: 14759K(14848K)->14759K(14848K) Class: 2613K(2688K)->2613K(2688K)
[32.448s][info][gc             ] GC(70) Pause Young (Allocation Failure) 718M->535M(902M) 28.817ms
[32.448s][info][gc,cpu         ] GC(70) User=0.06s Sys=0.00s Real=0.03s
[32.997s][info][gc,start       ] GC(71) Pause Young (Allocation Failure)
[32.999s][info][gc,heap        ] GC(71) PSYoungGen: 187136K(256000K)->64K(262144K) Eden: 186880K(186880K)->0K(196096K) From: 256K(69120K)->64K(66048K)
[32.999s][info][gc,heap        ] GC(71) ParOldGen: 548413K(667648K)->548445K(667648K)
[32.999s][info][gc,metaspace   ] GC(71) Metaspace: 17372K(17536K)->17372K(17536K) NonClass: 14759K(14848K)->14759K(14848K) Class: 2613K(2688K)->2613K(2688K)
[32.999s][info][gc             ] GC(71) Pause Young (Allocation Failure) 718M->535M(908M) 2.241ms
[32.999s][info][gc,cpu         ] GC(71) User=0.01s Sys=0.00s Real=0.00s
[33.544s][info][gc,start       ] GC(72) Pause Young (Allocation Failure)
[33.556s][info][gc,heap        ] GC(72) PSYoungGen: 196160K(262144K)->288K(263680K) Eden: 196096K(196096K)->0K(196096K) From: 64K(66048K)->288K(67584K)
[33.556s][info][gc,heap        ] GC(72) ParOldGen: 548445K(667648K)->548469K(667648K)
[33.556s][info][gc,metaspace   ] GC(72) Metaspace: 17372K(17536K)->17372K(17536K) NonClass: 14759K(14848K)->14759K(14848K) Class: 2613K(2688K)->2613K(2688K)
[33.556s][info][gc             ] GC(72) Pause Young (Allocation Failure) 727M->535M(909M) 11.867ms
[33.556s][info][gc,cpu         ] GC(72) User=0.02s Sys=0.00s Real=0.01s
[33.906s][info][gc,start       ] GC(73) Pause Young (Allocation Failure)
[33.932s][info][gc,heap        ] GC(73) PSYoungGen: 196384K(263680K)->33152K(265216K) Eden: 196096K(196096K)->0K(199168K) From: 288K(67584K)->33152K(66048K)
[33.932s][info][gc,heap        ] GC(73) ParOldGen: 548469K(667648K)->548469K(667648K)
[33.932s][info][gc,metaspace   ] GC(73) Metaspace: 17376K(17536K)->17376K(17536K) NonClass: 14763K(14848K)->14763K(14848K) Class: 2613K(2688K)->2613K(2688K)
[33.932s][info][gc             ] GC(73) Pause Young (Allocation Failure) 727M->567M(911M) 26.049ms
[33.932s][info][gc,cpu         ] GC(73) User=0.06s Sys=0.00s Real=0.03s
[34.300s][info][gc,start       ] GC(74) Pause Young (Allocation Failure)
[34.353s][info][gc,heap        ] GC(74) PSYoungGen: 232320K(265216K)->67040K(266240K) Eden: 199168K(199168K)->0K(199168K) From: 33152K(66048K)->67040K(67072K)
[34.353s][info][gc,heap        ] GC(74) ParOldGen: 548469K(667648K)->556797K(667648K)
[34.353s][info][gc,metaspace   ] GC(74) Metaspace: 17376K(17536K)->17376K(17536K) NonClass: 14763K(14848K)->14763K(14848K) Class: 2613K(2688K)->2613K(2688K)
[34.353s][info][gc             ] GC(74) Pause Young (Allocation Failure) 762M->609M(912M) 53.590ms
[34.353s][info][gc,cpu         ] GC(74) User=0.10s Sys=0.00s Real=0.06s
[34.724s][info][gc,start       ] GC(75) Pause Young (Allocation Failure)
[34.828s][info][gc,heap        ] GC(75) PSYoungGen: 266208K(266240K)->67552K(189440K) Eden: 199168K(199168K)->0K(121856K) From: 67040K(67072K)->67552K(67584K)
[34.828s][info][gc,heap        ] GC(75) ParOldGen: 556797K(667648K)->591701K(667648K)
[34.828s][info][gc,metaspace   ] GC(75) Metaspace: 17377K(17536K)->17377K(17536K) NonClass: 14764K(14848K)->14764K(14848K) Class: 2613K(2688K)->2613K(2688K)
[34.828s][info][gc             ] GC(75) Pause Young (Allocation Failure) 803M->643M(837M) 103.326ms
[34.828s][info][gc,cpu         ] GC(75) User=0.19s Sys=0.01s Real=0.10s
[35.039s][info][gc,start       ] GC(76) Pause Young (Allocation Failure)
[35.135s][info][gc,heap        ] GC(76) PSYoungGen: 189408K(189440K)->19264K(227840K) Eden: 121856K(121856K)->0K(121856K) From: 67552K(67584K)->19264K(105984K)
[35.135s][info][gc,heap        ] GC(76) ParOldGen: 591701K(667648K)->659634K(667648K)
[35.135s][info][gc,metaspace   ] GC(76) Metaspace: 17377K(17536K)->17377K(17536K) NonClass: 14764K(14848K)->14764K(14848K) Class: 2613K(2688K)->2613K(2688K)
[35.135s][info][gc             ] GC(76) Pause Young (Allocation Failure) 762M->662M(874M) 96.030ms
[35.135s][info][gc,cpu         ] GC(76) User=0.19s Sys=0.00s Real=0.10s
[35.223s][info][gc,start       ] GC(77) Pause Full (Allocation Failure)
[35.223s][info][gc,phases,start] GC(77) Marking Phase
[35.697s][info][gc,phases      ] GC(77) Marking Phase 473.542ms
[35.697s][info][gc,phases,start] GC(77) Summary Phase
[35.697s][info][gc,phases      ] GC(77) Summary Phase 0.026ms
[35.697s][info][gc,phases,start] GC(77) Forward
[35.811s][info][gc,phases      ] GC(77) Forward 113.490ms
[35.811s][info][gc,phases,start] GC(77) Adjust Pointers
[36.171s][info][gc,phases      ] GC(77) Adjust Pointers 359.885ms
[36.171s][info][gc,phases,start] GC(77) Compaction Phase
[36.393s][info][gc,phases      ] GC(77) Compaction Phase 221.911ms
[36.403s][info][gc,phases,start] GC(77) Post Compact
[36.406s][info][gc,phases      ] GC(77) Post Compact 2.373ms
[36.406s][info][gc,heap        ] GC(77) PSYoungGen: 141120K(227840K)->0K(222720K) Eden: 121856K(121856K)->0K(126976K) From: 19264K(105984K)->0K(95744K)
[36.406s][info][gc,heap        ] GC(77) ParOldGen: 659634K(667648K)->661756K(667648K)
[36.406s][info][gc,metaspace   ] GC(77) Metaspace: 17378K(17536K)->17378K(17536K) NonClass: 14764K(14848K)->14764K(14848K) Class: 2613K(2688K)->2613K(2688K)
[36.406s][info][gc             ] GC(77) Pause Full (Allocation Failure) 781M->646M(869M) 1182.969ms
[36.406s][info][gc,cpu         ] GC(77) User=2.29s Sys=0.01s Real=1.18s
[36.568s][info][gc,start       ] GC(78) Pause Full (Allocation Failure)
[36.568s][info][gc,phases,start] GC(78) Marking Phase
[36.930s][info][gc,phases      ] GC(78) Marking Phase 361.466ms
[36.930s][info][gc,phases,start] GC(78) Summary Phase
[36.930s][info][gc,phases      ] GC(78) Summary Phase 0.026ms
[36.930s][info][gc,phases,start] GC(78) Forward
[37.070s][info][gc,phases      ] GC(78) Forward 140.016ms
[37.070s][info][gc,phases,start] GC(78) Adjust Pointers
[37.349s][info][gc,phases      ] GC(78) Adjust Pointers 278.996ms
[37.349s][info][gc,phases,start] GC(78) Compaction Phase
[37.525s][info][gc,phases      ] GC(78) Compaction Phase 175.707ms
[37.536s][info][gc,phases,start] GC(78) Post Compact
[37.538s][info][gc,phases      ] GC(78) Post Compact 2.362ms
[37.538s][info][gc,heap        ] GC(78) PSYoungGen: 126976K(222720K)->0K(227840K) Eden: 126976K(126976K)->0K(126976K) From: 0K(95744K)->0K(100864K)
[37.538s][info][gc,heap        ] GC(78) ParOldGen: 661756K(667648K)->508507K(667648K)
[37.538s][info][gc,metaspace   ] GC(78) Metaspace: 17378K(17536K)->17378K(17536K) NonClass: 14764K(14848K)->14764K(14848K) Class: 2613K(2688K)->2613K(2688K)
[37.538s][info][gc             ] GC(78) Pause Full (Allocation Failure) 770M->496M(874M) 969.796ms
[37.538s][info][gc,cpu         ] GC(78) User=1.84s Sys=0.01s Real=0.97s
[37.689s][info][gc,start       ] GC(79) Pause Young (Allocation Failure)
[37.703s][info][gc,heap        ] GC(79) PSYoungGen: 126976K(227840K)->3904K(228864K) Eden: 126976K(126976K)->0K(132096K) From: 0K(100864K)->3904K(96768K)
[37.703s][info][gc,heap        ] GC(79) ParOldGen: 508507K(667648K)->508507K(667648K)
[37.703s][info][gc,metaspace   ] GC(79) Metaspace: 17378K(17536K)->17378K(17536K) NonClass: 14765K(14848K)->14765K(14848K) Class: 2613K(2688K)->2613K(2688K)
[37.703s][info][gc             ] GC(79) Pause Young (Allocation Failure) 620M->500M(875M) 13.887ms
[37.703s][info][gc,cpu         ] GC(79) User=0.02s Sys=0.00s Real=0.02s
[37.953s][info][gc,start       ] GC(80) Pause Young (Allocation Failure)
[37.972s][info][gc,heap        ] GC(80) PSYoungGen: 136000K(228864K)->16747K(230912K) Eden: 132096K(132096K)->0K(132096K) From: 3904K(96768K)->16747K(98816K)
[37.972s][info][gc,heap        ] GC(80) ParOldGen: 508507K(667648K)->508507K(667648K)
[37.972s][info][gc,metaspace   ] GC(80) Metaspace: 17378K(17536K)->17378K(17536K) NonClass: 14765K(14848K)->14765K(14848K) Class: 2613K(2688K)->2613K(2688K)
[37.972s][info][gc             ] GC(80) Pause Young (Allocation Failure) 629M->512M(877M) 19.004ms
[37.972s][info][gc,cpu         ] GC(80) User=0.04s Sys=0.00s Real=0.02s
[38.156s][info][gc,start       ] GC(81) Pause Young (Allocation Failure)
[38.200s][info][gc,heap        ] GC(81) PSYoungGen: 148843K(230912K)->41931K(232960K) Eden: 132096K(132096K)->0K(139264K) From: 16747K(98816K)->41931K(93696K)
[38.200s][info][gc,heap        ] GC(81) ParOldGen: 508507K(667648K)->508507K(667648K)
[38.200s][info][gc,metaspace   ] GC(81) Metaspace: 17395K(17664K)->17395K(17664K) NonClass: 14780K(14912K)->14780K(14912K) Class: 2615K(2752K)->2615K(2752K)
[38.200s][info][gc             ] GC(81) Pause Young (Allocation Failure) 641M->537M(879M) 44.056ms
[38.200s][info][gc,cpu         ] GC(81) User=0.09s Sys=0.00s Real=0.04s
[38.474s][info][gc,start       ] GC(82) Pause Young (Allocation Failure)
[38.515s][info][gc,heap        ] GC(82) PSYoungGen: 181195K(232960K)->39644K(231936K) Eden: 139264K(139264K)->0K(139264K) From: 41931K(93696K)->39644K(92672K)
[38.515s][info][gc,heap        ] GC(82) ParOldGen: 508507K(667648K)->508507K(667648K)
[38.515s][info][gc,metaspace   ] GC(82) Metaspace: 17425K(17664K)->17425K(17664K) NonClass: 14807K(14912K)->14807K(14912K) Class: 2617K(2752K)->2617K(2752K)
[38.515s][info][gc             ] GC(82) Pause Young (Allocation Failure) 673M->535M(878M) 41.620ms
[38.515s][info][gc,cpu         ] GC(82) User=0.08s Sys=0.00s Real=0.04s
[38.833s][info][gc,start       ] GC(83) Pause Young (Allocation Failure)
[38.889s][info][gc,heap        ] GC(83) PSYoungGen: 178908K(231936K)->59931K(232448K) Eden: 139264K(139264K)->0K(142336K) From: 39644K(92672K)->59931K(90112K)
[38.889s][info][gc,heap        ] GC(83) ParOldGen: 508507K(667648K)->508507K(667648K)
[38.889s][info][gc,metaspace   ] GC(83) Metaspace: 17429K(17664K)->17429K(17664K) NonClass: 14812K(14912K)->14812K(14912K) Class: 2617K(2752K)->2617K(2752K)
[38.889s][info][gc             ] GC(83) Pause Young (Allocation Failure) 671M->555M(879M) 56.223ms
[38.889s][info][gc,cpu         ] GC(83) User=0.12s Sys=0.00s Real=0.05s
[39.180s][info][gc,start       ] GC(84) Pause Young (Allocation Failure)
[39.252s][info][gc,heap        ] GC(84) PSYoungGen: 202267K(232448K)->69035K(211456K) Eden: 142336K(142336K)->0K(142336K) From: 59931K(90112K)->69035K(69120K)
[39.252s][info][gc,heap        ] GC(84) ParOldGen: 508507K(667648K)->508507K(667648K)
[39.252s][info][gc,metaspace   ] GC(84) Metaspace: 17464K(17664K)->17464K(17664K) NonClass: 14840K(14912K)->14840K(14912K) Class: 2623K(2752K)->2623K(2752K)
[39.252s][info][gc             ] GC(84) Pause Young (Allocation Failure) 694M->564M(858M) 71.307ms
[39.252s][info][gc,cpu         ] GC(84) User=0.14s Sys=0.00s Real=0.08s
[39.618s][info][gc,start       ] GC(85) Pause Young (Allocation Failure)
[39.689s][info][gc,heap        ] GC(85) PSYoungGen: 211371K(211456K)->72379K(218112K) Eden: 142336K(142336K)->0K(115712K) From: 69035K(69120K)->72379K(102400K)
[39.690s][info][gc,heap        ] GC(85) ParOldGen: 508507K(667648K)->508507K(667648K)
[39.690s][info][gc,metaspace   ] GC(85) Metaspace: 17484K(17728K)->17484K(17728K) NonClass: 14860K(14976K)->14860K(14976K) Class: 2623K(2752K)->2623K(2752K)
[39.690s][info][gc             ] GC(85) Pause Young (Allocation Failure) 703M->567M(865M) 71.364ms
[39.690s][info][gc,cpu         ] GC(85) User=0.14s Sys=0.00s Real=0.07s
[39.957s][info][gc,start       ] GC(86) Pause Young (Allocation Failure)
[40.029s][info][gc,heap        ] GC(86) PSYoungGen: 188091K(218112K)->73596K(189440K) Eden: 115712K(115712K)->0K(115712K) From: 72379K(102400K)->73596K(73728K)
[40.029s][info][gc,heap        ] GC(86) ParOldGen: 508507K(667648K)->508507K(667648K)
[40.029s][info][gc,metaspace   ] GC(86) Metaspace: 17488K(17728K)->17488K(17728K) NonClass: 14865K(14976K)->14865K(14976K) Class: 2623K(2752K)->2623K(2752K)
[40.029s][info][gc             ] GC(86) Pause Young (Allocation Failure) 680M->568M(837M) 71.931ms
[40.029s][info][gc,cpu         ] GC(86) User=0.14s Sys=0.00s Real=0.07s
[40.195s][info][gc,start       ] GC(87) Pause Young (Allocation Failure)
[40.284s][info][gc,heap        ] GC(87) PSYoungGen: 189308K(189440K)->70272K(222720K) Eden: 115712K(115712K)->0K(111616K) From: 73596K(73728K)->70272K(111104K)
[40.284s][info][gc,heap        ] GC(87) ParOldGen: 508507K(667648K)->525280K(667648K)
[40.284s][info][gc,metaspace   ] GC(87) Metaspace: 17489K(17728K)->17489K(17728K) NonClass: 14866K(14976K)->14866K(14976K) Class: 2623K(2752K)->2623K(2752K)
[40.284s][info][gc             ] GC(87) Pause Young (Allocation Failure) 681M->581M(869M) 89.152ms
[40.284s][info][gc,cpu         ] GC(87) User=0.17s Sys=0.00s Real=0.09s
[40.475s][info][gc,start       ] GC(88) Pause Young (Allocation Failure)
[40.556s][info][gc,heap        ] GC(88) PSYoungGen: 181888K(222720K)->66784K(222720K) Eden: 111616K(111616K)->0K(111616K) From: 70272K(111104K)->66784K(111104K)
[40.556s][info][gc,heap        ] GC(88) ParOldGen: 525280K(667648K)->544000K(667648K)
[40.556s][info][gc,metaspace   ] GC(88) Metaspace: 17490K(17728K)->17490K(17728K) NonClass: 14866K(14976K)->14866K(14976K) Class: 2623K(2752K)->2623K(2752K)
[40.556s][info][gc             ] GC(88) Pause Young (Allocation Failure) 690M->596M(869M) 80.965ms
[40.556s][info][gc,cpu         ] GC(88) User=0.16s Sys=0.00s Real=0.08s
[40.677s][info][gc,start       ] GC(89) Pause Young (Allocation Failure)
[40.761s][info][gc,heap        ] GC(89) PSYoungGen: 178400K(222720K)->68832K(222720K) Eden: 111616K(111616K)->0K(111616K) From: 66784K(111104K)->68832K(111104K)
[40.761s][info][gc,heap        ] GC(89) ParOldGen: 544000K(667648K)->577776K(667648K)
[40.761s][info][gc,metaspace   ] GC(89) Metaspace: 17490K(17728K)->17490K(17728K) NonClass: 14866K(14976K)->14866K(14976K) Class: 2623K(2752K)->2623K(2752K)
[40.762s][info][gc             ] GC(89) Pause Young (Allocation Failure) 705M->631M(869M) 84.034ms
[40.762s][info][gc,cpu         ] GC(89) User=0.17s Sys=0.00s Real=0.09s
[40.994s][info][gc,start       ] GC(90) Pause Young (Allocation Failure)
[41.065s][info][gc,heap        ] GC(90) PSYoungGen: 180448K(222720K)->88528K(222720K) Eden: 111616K(111616K)->0K(111616K) From: 68832K(111104K)->88528K(111104K)
[41.065s][info][gc,heap        ] GC(90) ParOldGen: 577776K(667648K)->582365K(667648K)
[41.065s][info][gc,metaspace   ] GC(90) Metaspace: 17490K(17728K)->17490K(17728K) NonClass: 14866K(14976K)->14866K(14976K) Class: 2623K(2752K)->2623K(2752K)
[41.065s][info][gc             ] GC(90) Pause Young (Allocation Failure) 740M->655M(869M) 71.142ms
[41.065s][info][gc,cpu         ] GC(90) User=0.15s Sys=0.00s Real=0.07s
[41.247s][info][gc,start       ] GC(91) Pause Young (Allocation Failure)
[41.309s][info][gc,heap        ] GC(91) PSYoungGen: 200144K(222720K)->62272K(222720K) Eden: 111616K(111616K)->0K(111616K) From: 88528K(111104K)->62272K(111104K)
[41.309s][info][gc,heap        ] GC(91) ParOldGen: 582365K(667648K)->611165K(667648K)
[41.309s][info][gc,metaspace   ] GC(91) Metaspace: 17490K(17728K)->17490K(17728K) NonClass: 14867K(14976K)->14867K(14976K) Class: 2623K(2752K)->2623K(2752K)
[41.309s][info][gc             ] GC(91) Pause Young (Allocation Failure) 764M->657M(869M) 61.485ms
[41.309s][info][gc,cpu         ] GC(91) User=0.12s Sys=0.00s Real=0.06s
[41.561s][info][gc,start       ] GC(92) Pause Full (Allocation Failure)
[41.561s][info][gc,phases,start] GC(92) Marking Phase
[41.903s][info][gc,phases      ] GC(92) Marking Phase 342.649ms
[41.903s][info][gc,phases,start] GC(92) Summary Phase
[41.903s][info][gc,phases      ] GC(92) Summary Phase 0.031ms
[41.903s][info][gc,phases,start] GC(92) Forward
[41.992s][info][gc,phases      ] GC(92) Forward 88.963ms
[41.992s][info][gc,phases,start] GC(92) Adjust Pointers
[42.249s][info][gc,phases      ] GC(92) Adjust Pointers 256.232ms
[42.249s][info][gc,phases,start] GC(92) Compaction Phase
[42.382s][info][gc,phases      ] GC(92) Compaction Phase 132.790ms
[42.390s][info][gc,phases,start] GC(92) Post Compact
[42.392s][info][gc,phases      ] GC(92) Post Compact 2.299ms
[42.392s][info][gc,heap        ] GC(92) PSYoungGen: 173888K(222720K)->0K(222720K) Eden: 111616K(111616K)->0K(111616K) From: 62272K(111104K)->0K(111104K)
[42.392s][info][gc,heap        ] GC(92) ParOldGen: 611165K(667648K)->483083K(667648K)
[42.392s][info][gc,metaspace   ] GC(92) Metaspace: 17491K(17728K)->17491K(17728K) NonClass: 14868K(14976K)->14868K(14976K) Class: 2623K(2752K)->2623K(2752K)
[42.392s][info][gc             ] GC(92) Pause Full (Allocation Failure) 766M->471M(869M) 831.538ms
[42.392s][info][gc,cpu         ] GC(92) User=1.58s Sys=0.01s Real=0.83s
[42.552s][info][gc,start       ] GC(93) Pause Young (Allocation Failure)
[42.576s][info][gc,heap        ] GC(93) PSYoungGen: 111616K(222720K)->21824K(222720K) Eden: 111616K(111616K)->0K(111616K) From: 0K(111104K)->21824K(111104K)
[42.576s][info][gc,heap        ] GC(93) ParOldGen: 483083K(667648K)->483083K(667648K)
[42.576s][info][gc,metaspace   ] GC(93) Metaspace: 17491K(17728K)->17491K(17728K) NonClass: 14868K(14976K)->14868K(14976K) Class: 2623K(2752K)->2623K(2752K)
[42.576s][info][gc             ] GC(93) Pause Young (Allocation Failure) 580M->493M(869M) 24.357ms
[42.576s][info][gc,cpu         ] GC(93) User=0.05s Sys=0.00s Real=0.02s
[42.709s][info][gc,start       ] GC(94) Pause Young (Allocation Failure)
[42.738s][info][gc,heap        ] GC(94) PSYoungGen: 133440K(222720K)->4000K(222720K) Eden: 111616K(111616K)->0K(111616K) From: 21824K(111104K)->4000K(111104K)
[42.738s][info][gc,heap        ] GC(94) ParOldGen: 483083K(667648K)->504947K(667648K)
[42.738s][info][gc,metaspace   ] GC(94) Metaspace: 17491K(17728K)->17491K(17728K) NonClass: 14868K(14976K)->14868K(14976K) Class: 2623K(2752K)->2623K(2752K)
[42.738s][info][gc             ] GC(94) Pause Young (Allocation Failure) 602M->497M(869M) 28.342ms
[42.738s][info][gc,cpu         ] GC(94) User=0.06s Sys=0.00s Real=0.03s
[42.851s][info][gc,start       ] GC(95) Pause Young (Allocation Failure)
[42.862s][info][gc,heap        ] GC(95) PSYoungGen: 115616K(222720K)->640K(222720K) Eden: 111616K(111616K)->0K(111616K) From: 4000K(111104K)->640K(111104K)
[42.862s][info][gc,heap        ] GC(95) ParOldGen: 504947K(667648K)->508899K(667648K)
[42.862s][info][gc,metaspace   ] GC(95) Metaspace: 17491K(17728K)->17491K(17728K) NonClass: 14868K(14976K)->14868K(14976K) Class: 2623K(2752K)->2623K(2752K)
[42.862s][info][gc             ] GC(95) Pause Young (Allocation Failure) 606M->497M(869M) 11.105ms
[42.862s][info][gc,cpu         ] GC(95) User=0.02s Sys=0.00s Real=0.01s
[43.006s][info][gc,start       ] GC(96) Pause Young (Allocation Failure)
[43.018s][info][gc,heap        ] GC(96) PSYoungGen: 112256K(222720K)->4160K(222720K) Eden: 111616K(111616K)->0K(111616K) From: 640K(111104K)->4160K(111104K)
[43.018s][info][gc,heap        ] GC(96) ParOldGen: 508899K(667648K)->509507K(667648K)
[43.018s][info][gc,metaspace   ] GC(96) Metaspace: 17491K(17728K)->17491K(17728K) NonClass: 14868K(14976K)->14868K(14976K) Class: 2623K(2752K)->2623K(2752K)
[43.018s][info][gc             ] GC(96) Pause Young (Allocation Failure) 606M->501M(869M) 12.131ms
[43.018s][info][gc,cpu         ] GC(96) User=0.02s Sys=0.00s Real=0.01s
[43.168s][info][gc,start       ] GC(97) Pause Young (Allocation Failure)
[43.180s][info][gc,heap        ] GC(97) PSYoungGen: 115776K(222720K)->4800K(222720K) Eden: 111616K(111616K)->0K(111616K) From: 4160K(111104K)->4800K(111104K)
[43.180s][info][gc,heap        ] GC(97) ParOldGen: 509507K(667648K)->513643K(667648K)
[43.180s][info][gc,metaspace   ] GC(97) Metaspace: 17493K(17728K)->17493K(17728K) NonClass: 14870K(14976K)->14870K(14976K) Class: 2623K(2752K)->2623K(2752K)
[43.180s][info][gc             ] GC(97) Pause Young (Allocation Failure) 610M->506M(869M) 11.568ms
[43.180s][info][gc,cpu         ] GC(97) User=0.02s Sys=0.00s Real=0.01s
[43.421s][info][gc,start       ] GC(98) Pause Young (Allocation Failure)
[43.459s][info][gc,heap        ] GC(98) PSYoungGen: 116416K(222720K)->17264K(222720K) Eden: 111616K(111616K)->0K(111616K) From: 4800K(111104K)->17264K(111104K)
[43.459s][info][gc,heap        ] GC(98) ParOldGen: 513643K(667648K)->518427K(667648K)
[43.459s][info][gc,metaspace   ] GC(98) Metaspace: 17493K(17728K)->17493K(17728K) NonClass: 14870K(14976K)->14870K(14976K) Class: 2623K(2752K)->2623K(2752K)
[43.459s][info][gc             ] GC(98) Pause Young (Allocation Failure) 615M->523M(869M) 38.811ms
[43.459s][info][gc,cpu         ] GC(98) User=0.07s Sys=0.00s Real=0.03s
[43.734s][info][gc,start       ] GC(99) Pause Young (Allocation Failure)
[43.760s][info][gc,heap        ] GC(99) PSYoungGen: 128880K(222720K)->5888K(219648K) Eden: 111616K(111616K)->0K(111616K) From: 17264K(111104K)->5888K(108032K)
[43.761s][info][gc,heap        ] GC(99) ParOldGen: 518427K(667648K)->535715K(667648K)
[43.761s][info][gc,metaspace   ] GC(99) Metaspace: 17493K(17728K)->17493K(17728K) NonClass: 14870K(14976K)->14870K(14976K) Class: 2623K(2752K)->2623K(2752K)
[43.761s][info][gc             ] GC(99) Pause Young (Allocation Failure) 632M->528M(866M) 26.459ms
[43.761s][info][gc,cpu         ] GC(99) User=0.05s Sys=0.00s Real=0.03s
[43.959s][info][gc,start       ] GC(100) Pause Young (Allocation Failure)
[43.995s][info][gc,heap        ] GC(100) PSYoungGen: 117504K(219648K)->45056K(221184K) Eden: 111616K(111616K)->0K(111616K) From: 5888K(108032K)->45056K(109568K)
[43.995s][info][gc,heap        ] GC(100) ParOldGen: 535715K(667648K)->535715K(667648K)
[43.995s][info][gc,metaspace   ] GC(100) Metaspace: 17493K(17728K)->17493K(17728K) NonClass: 14870K(14976K)->14870K(14976K) Class: 2623K(2752K)->2623K(2752K)
[43.995s][info][gc             ] GC(100) Pause Young (Allocation Failure) 637M->567M(868M) 35.969ms
[43.995s][info][gc,cpu         ] GC(100) User=0.07s Sys=0.00s Real=0.04s
[44.185s][info][gc,start       ] GC(101) Pause Young (Allocation Failure)
[44.218s][info][gc,heap        ] GC(101) PSYoungGen: 156672K(221184K)->46592K(219648K) Eden: 111616K(111616K)->0K(116736K) From: 45056K(109568K)->46592K(102912K)
[44.219s][info][gc,heap        ] GC(101) ParOldGen: 535715K(667648K)->535715K(667648K)
[44.219s][info][gc,metaspace   ] GC(101) Metaspace: 17493K(17728K)->17493K(17728K) NonClass: 14870K(14976K)->14870K(14976K) Class: 2623K(2752K)->2623K(2752K)
[44.219s][info][gc             ] GC(101) Pause Young (Allocation Failure) 676M->568M(866M) 33.229ms
[44.219s][info][gc,cpu         ] GC(101) User=0.06s Sys=0.00s Real=0.03s
[44.453s][info][gc,start       ] GC(102) Pause Young (Allocation Failure)
[44.502s][info][gc,heap        ] GC(102) PSYoungGen: 163328K(219648K)->56272K(221696K) Eden: 116736K(116736K)->0K(116736K) From: 46592K(102912K)->56272K(104960K)
[44.502s][info][gc,heap        ] GC(102) ParOldGen: 535715K(667648K)->535715K(667648K)
[44.502s][info][gc,metaspace   ] GC(102) Metaspace: 17493K(17728K)->17493K(17728K) NonClass: 14870K(14976K)->14870K(14976K) Class: 2623K(2752K)->2623K(2752K)
[44.502s][info][gc             ] GC(102) Pause Young (Allocation Failure) 682M->578M(868M) 48.996ms
[44.502s][info][gc,cpu         ] GC(102) User=0.09s Sys=0.00s Real=0.05s
[44.694s][info][gc,start       ] GC(103) Pause Young (Allocation Failure)
[44.753s][info][gc,heap        ] GC(103) PSYoungGen: 173008K(221696K)->65456K(219136K) Eden: 116736K(116736K)->0K(112640K) From: 56272K(104960K)->65456K(106496K)
[44.753s][info][gc,heap        ] GC(103) ParOldGen: 535715K(667648K)->535715K(667648K)
[44.753s][info][gc,metaspace   ] GC(103) Metaspace: 17493K(17728K)->17493K(17728K) NonClass: 14870K(14976K)->14870K(14976K) Class: 2623K(2752K)->2623K(2752K)
[44.753s][info][gc             ] GC(103) Pause Young (Allocation Failure) 692M->587M(866M) 58.656ms
[44.753s][info][gc,cpu         ] GC(103) User=0.12s Sys=0.00s Real=0.06s
[44.878s][info][gc,start       ] GC(104) Pause Young (Allocation Failure)
[44.948s][info][gc,heap        ] GC(104) PSYoungGen: 178096K(219136K)->76992K(189952K) Eden: 112640K(112640K)->0K(112640K) From: 65456K(106496K)->76992K(77312K)
[44.948s][info][gc,heap        ] GC(104) ParOldGen: 535715K(667648K)->535715K(667648K)
[44.948s][info][gc,metaspace   ] GC(104) Metaspace: 17493K(17728K)->17493K(17728K) NonClass: 14870K(14976K)->14870K(14976K) Class: 2623K(2752K)->2623K(2752K)
[44.948s][info][gc             ] GC(104) Pause Young (Allocation Failure) 697M->598M(837M) 70.090ms
[44.948s][info][gc,cpu         ] GC(104) User=0.13s Sys=0.00s Real=0.07s
[45.088s][info][gc,start       ] GC(105) Pause Young (Allocation Failure)
[45.162s][info][gc,heap        ] GC(105) PSYoungGen: 189632K(189952K)->34848K(222720K) Eden: 112640K(112640K)->0K(111616K) From: 76992K(77312K)->34848K(111104K)
[45.162s][info][gc,heap        ] GC(105) ParOldGen: 535715K(667648K)->581172K(667648K)
[45.162s][info][gc,metaspace   ] GC(105) Metaspace: 17493K(17728K)->17493K(17728K) NonClass: 14870K(14976K)->14870K(14976K) Class: 2623K(2752K)->2623K(2752K)
[45.162s][info][gc             ] GC(105) Pause Young (Allocation Failure) 708M->601M(869M) 73.861ms
[45.162s][info][gc,cpu         ] GC(105) User=0.15s Sys=0.00s Real=0.08s
[45.353s][info][gc,start       ] GC(106) Pause Young (Allocation Failure)
[45.401s][info][gc,heap        ] GC(106) PSYoungGen: 146464K(222720K)->38752K(150528K) Eden: 111616K(111616K)->0K(111616K) From: 34848K(111104K)->38752K(38912K)
[45.401s][info][gc,heap        ] GC(106) ParOldGen: 581172K(667648K)->582756K(667648K)
[45.401s][info][gc,metaspace   ] GC(106) Metaspace: 17493K(17728K)->17493K(17728K) NonClass: 14870K(14976K)->14870K(14976K) Class: 2623K(2752K)->2623K(2752K)
[45.401s][info][gc             ] GC(106) Pause Young (Allocation Failure) 710M->606M(799M) 48.512ms
[45.401s][info][gc,cpu         ] GC(106) User=0.10s Sys=0.00s Real=0.05s
[45.646s][info][gc,start       ] GC(107) Pause Young (Allocation Failure)
[45.699s][info][gc,heap        ] GC(107) PSYoungGen: 150368K(150528K)->47840K(220672K) Eden: 111616K(111616K)->0K(115712K) From: 38752K(38912K)->47840K(104960K)
[45.699s][info][gc,heap        ] GC(107) ParOldGen: 582756K(667648K)->582756K(667648K)
[45.699s][info][gc,metaspace   ] GC(107) Metaspace: 17495K(17728K)->17495K(17728K) NonClass: 14871K(14976K)->14871K(14976K) Class: 2623K(2752K)->2623K(2752K)
[45.699s][info][gc             ] GC(107) Pause Young (Allocation Failure) 715M->615M(867M) 52.877ms
[45.699s][info][gc,cpu         ] GC(107) User=0.11s Sys=0.00s Real=0.05s
[45.964s][info][gc,start       ] GC(108) Pause Young (Allocation Failure)
[46.016s][info][gc,heap        ] GC(108) PSYoungGen: 163552K(220672K)->47840K(216576K) Eden: 115712K(115712K)->0K(115712K) From: 47840K(104960K)->47840K(100864K)
[46.016s][info][gc,heap        ] GC(108) ParOldGen: 582756K(667648K)->582756K(667648K)
[46.016s][info][gc,metaspace   ] GC(108) Metaspace: 17495K(17728K)->17495K(17728K) NonClass: 14871K(14976K)->14871K(14976K) Class: 2623K(2752K)->2623K(2752K)
[46.016s][info][gc             ] GC(108) Pause Young (Allocation Failure) 728M->615M(863M) 52.096ms
[46.016s][info][gc,cpu         ] GC(108) User=0.11s Sys=0.00s Real=0.05s
[46.275s][info][gc,start       ] GC(109) Pause Young (Allocation Failure)
[46.327s][info][gc,heap        ] GC(109) PSYoungGen: 163552K(216576K)->47840K(215552K) Eden: 115712K(115712K)->0K(125952K) From: 47840K(100864K)->47840K(89600K)
[46.327s][info][gc,heap        ] GC(109) ParOldGen: 582756K(667648K)->582756K(667648K)
[46.327s][info][gc,metaspace   ] GC(109) Metaspace: 17495K(17728K)->17495K(17728K) NonClass: 14871K(14976K)->14871K(14976K) Class: 2623K(2752K)->2623K(2752K)
[46.327s][info][gc             ] GC(109) Pause Young (Allocation Failure) 728M->615M(862M) 52.295ms
[46.327s][info][gc,cpu         ] GC(109) User=0.10s Sys=0.00s Real=0.05s
[46.608s][info][gc,start       ] GC(110) Pause Young (Allocation Failure)
[46.662s][info][gc,heap        ] GC(110) PSYoungGen: 173792K(215552K)->47872K(219648K) Eden: 125952K(125952K)->0K(125952K) From: 47840K(89600K)->47872K(93696K)
[46.662s][info][gc,heap        ] GC(110) ParOldGen: 582756K(667648K)->582756K(667648K)
[46.662s][info][gc,metaspace   ] GC(110) Metaspace: 17495K(17728K)->17495K(17728K) NonClass: 14872K(14976K)->14872K(14976K) Class: 2623K(2752K)->2623K(2752K)
[46.662s][info][gc             ] GC(110) Pause Young (Allocation Failure) 738M->615M(866M) 54.189ms
[46.662s][info][gc,cpu         ] GC(110) User=0.11s Sys=0.00s Real=0.06s
[46.910s][info][gc,start       ] GC(111) Pause Young (Allocation Failure)
[46.984s][info][gc,heap        ] GC(111) PSYoungGen: 173824K(219648K)->60752K(225792K) Eden: 125952K(125952K)->0K(135168K) From: 47872K(93696K)->60752K(90624K)
[46.984s][info][gc,heap        ] GC(111) ParOldGen: 582756K(667648K)->582756K(667648K)
[46.984s][info][gc,metaspace   ] GC(111) Metaspace: 17495K(17728K)->17495K(17728K) NonClass: 14872K(14976K)->14872K(14976K) Class: 2623K(2752K)->2623K(2752K)
[46.984s][info][gc             ] GC(111) Pause Young (Allocation Failure) 738M->628M(872M) 74.118ms
[46.984s][info][gc,cpu         ] GC(111) User=0.14s Sys=0.00s Real=0.08s
[47.164s][info][gc,start       ] GC(112) Pause Young (Allocation Failure)
[47.260s][info][gc,heap        ] GC(112) PSYoungGen: 195920K(225792K)->92160K(227328K) Eden: 135168K(135168K)->0K(135168K) From: 60752K(90624K)->92160K(92160K)
[47.260s][info][gc,heap        ] GC(112) ParOldGen: 582756K(667648K)->597403K(667648K)
[47.260s][info][gc,metaspace   ] GC(112) Metaspace: 17495K(17728K)->17495K(17728K) NonClass: 14872K(14976K)->14872K(14976K) Class: 2623K(2752K)->2623K(2752K)
[47.260s][info][gc             ] GC(112) Pause Young (Allocation Failure) 760M->673M(874M) 96.044ms
[47.260s][info][gc,cpu         ] GC(112) User=0.19s Sys=0.00s Real=0.09s
[47.482s][info][gc,start       ] GC(113) Pause Young (Allocation Failure)
[47.590s][info][gc,heap        ] GC(113) PSYoungGen: 227328K(227328K)->106489K(218112K) Eden: 135168K(135168K)->0K(111616K) From: 92160K(92160K)->106489K(106496K)
[47.590s][info][gc,heap        ] GC(113) ParOldGen: 597403K(667648K)->613723K(667648K)
[47.590s][info][gc,metaspace   ] GC(113) Metaspace: 17500K(17728K)->17500K(17728K) NonClass: 14877K(14976K)->14877K(14976K) Class: 2623K(2752K)->2623K(2752K)
[47.590s][info][gc             ] GC(113) Pause Young (Allocation Failure) 805M->703M(865M) 107.682ms
[47.590s][info][gc,cpu         ] GC(113) User=0.19s Sys=0.02s Real=0.10s
[47.653s][info][gc,start       ] GC(114) Pause Young (Allocation Failure)
[47.752s][info][gc,heap        ] GC(114) PSYoungGen: 218105K(218112K)->111097K(222720K) Eden: 111616K(111616K)->0K(111616K) From: 106489K(106496K)->111097K(111104K)
[47.752s][info][gc,heap        ] GC(114) ParOldGen: 613723K(667648K)->638555K(667648K)
[47.752s][info][gc,metaspace   ] GC(114) Metaspace: 17506K(17728K)->17506K(17728K) NonClass: 14883K(14976K)->14883K(14976K) Class: 2623K(2752K)->2623K(2752K)
[47.752s][info][gc             ] GC(114) Pause Young (Allocation Failure) 812M->732M(869M) 99.158ms
[47.752s][info][gc,cpu         ] GC(114) User=0.20s Sys=0.00s Real=0.10s
[47.884s][info][gc,start       ] GC(115) Pause Full (Allocation Failure)
[47.884s][info][gc,phases,start] GC(115) Marking Phase
[48.176s][info][gc,phases      ] GC(115) Marking Phase 291.938ms
[48.176s][info][gc,phases,start] GC(115) Summary Phase
[48.176s][info][gc,phases      ] GC(115) Summary Phase 0.029ms
[48.176s][info][gc,phases,start] GC(115) Forward
[48.316s][info][gc,phases      ] GC(115) Forward 139.283ms
[48.316s][info][gc,phases,start] GC(115) Adjust Pointers
[48.524s][info][gc,phases      ] GC(115) Adjust Pointers 208.851ms
[48.524s][info][gc,phases,start] GC(115) Compaction Phase
[48.676s][info][gc,phases      ] GC(115) Compaction Phase 151.189ms
[48.685s][info][gc,phases,start] GC(115) Post Compact
[48.687s][info][gc,phases      ] GC(115) Post Compact 2.477ms
[48.687s][info][gc,heap        ] GC(115) PSYoungGen: 222713K(222720K)->0K(222720K) Eden: 111616K(111616K)->0K(111616K) From: 111097K(111104K)->0K(111104K)
[48.687s][info][gc,heap        ] GC(115) ParOldGen: 638555K(667648K)->443719K(667648K)
[48.687s][info][gc,metaspace   ] GC(115) Metaspace: 17512K(17728K)->17512K(17728K) NonClass: 14888K(14976K)->14888K(14976K) Class: 2623K(2752K)->2623K(2752K)
[48.687s][info][gc             ] GC(115) Pause Full (Allocation Failure) 841M->433M(869M) 803.027ms
[48.687s][info][gc,cpu         ] GC(115) User=1.46s Sys=0.00s Real=0.80s
[48.822s][info][gc,start       ] GC(116) Pause Young (Allocation Failure)
[48.859s][info][gc,heap        ] GC(116) PSYoungGen: 111616K(222720K)->18624K(222720K) Eden: 111616K(111616K)->0K(111616K) From: 0K(111104K)->18624K(111104K)
[48.859s][info][gc,heap        ] GC(116) ParOldGen: 443719K(667648K)->443719K(667648K)
[48.859s][info][gc,metaspace   ] GC(116) Metaspace: 17512K(17728K)->17512K(17728K) NonClass: 14889K(14976K)->14889K(14976K) Class: 2623K(2752K)->2623K(2752K)
[48.859s][info][gc             ] GC(116) Pause Young (Allocation Failure) 542M->451M(869M) 36.592ms
[48.859s][info][gc,cpu         ] GC(116) User=0.07s Sys=0.00s Real=0.03s
[49.023s][info][gc,start       ] GC(117) Pause Young (Allocation Failure)
[49.064s][info][gc,heap        ] GC(117) PSYoungGen: 130240K(222720K)->20160K(222720K) Eden: 111616K(111616K)->0K(111616K) From: 18624K(111104K)->20160K(111104K)
[49.064s][info][gc,heap        ] GC(117) ParOldGen: 443719K(667648K)->443719K(667648K)
[49.064s][info][gc,metaspace   ] GC(117) Metaspace: 17513K(17728K)->17513K(17728K) NonClass: 14890K(14976K)->14890K(14976K) Class: 2623K(2752K)->2623K(2752K)
[49.064s][info][gc             ] GC(117) Pause Young (Allocation Failure) 560M->453M(869M) 40.552ms
[49.064s][info][gc,cpu         ] GC(117) User=0.08s Sys=0.00s Real=0.04s
[49.209s][info][gc,start       ] GC(118) Pause Young (Allocation Failure)
[49.267s][info][gc,heap        ] GC(118) PSYoungGen: 131776K(222720K)->36544K(222720K) Eden: 111616K(111616K)->0K(111616K) From: 20160K(111104K)->36544K(111104K)
[49.267s][info][gc,heap        ] GC(118) ParOldGen: 443719K(667648K)->443719K(667648K)
[49.267s][info][gc,metaspace   ] GC(118) Metaspace: 17514K(17728K)->17514K(17728K) NonClass: 14890K(14976K)->14890K(14976K) Class: 2623K(2752K)->2623K(2752K)
[49.267s][info][gc             ] GC(118) Pause Young (Allocation Failure) 562M->469M(869M) 58.058ms
[49.267s][info][gc,cpu         ] GC(118) User=0.11s Sys=0.00s Real=0.06s
[49.420s][info][gc,start       ] GC(119) Pause Young (Allocation Failure)
[49.478s][info][gc,heap        ] GC(119) PSYoungGen: 148160K(222720K)->36576K(222720K) Eden: 111616K(111616K)->0K(111616K) From: 36544K(111104K)->36576K(111104K)
[49.478s][info][gc,heap        ] GC(119) ParOldGen: 443719K(667648K)->443719K(667648K)
[49.478s][info][gc,metaspace   ] GC(119) Metaspace: 17514K(17728K)->17514K(17728K) NonClass: 14890K(14976K)->14890K(14976K) Class: 2623K(2752K)->2623K(2752K)
[49.478s][info][gc             ] GC(119) Pause Young (Allocation Failure) 578M->469M(869M) 57.260ms
[49.478s][info][gc,cpu         ] GC(119) User=0.11s Sys=0.00s Real=0.05s
[49.635s][info][gc,start       ] GC(120) Pause Young (Allocation Failure)
[49.692s][info][gc,heap        ] GC(120) PSYoungGen: 148192K(222720K)->17984K(222720K) Eden: 111616K(111616K)->0K(111616K) From: 36576K(111104K)->17984K(111104K)
[49.692s][info][gc,heap        ] GC(120) ParOldGen: 443719K(667648K)->462351K(667648K)
[49.692s][info][gc,metaspace   ] GC(120) Metaspace: 17514K(17728K)->17514K(17728K) NonClass: 14890K(14976K)->14890K(14976K) Class: 2623K(2752K)->2623K(2752K)
[49.692s][info][gc             ] GC(120) Pause Young (Allocation Failure) 578M->469M(869M) 57.588ms
[49.692s][info][gc,cpu         ] GC(120) User=0.12s Sys=0.00s Real=0.06s
[49.847s][info][gc,start       ] GC(121) Pause Young (Allocation Failure)
[49.877s][info][gc,heap        ] GC(121) PSYoungGen: 129600K(222720K)->32K(222720K) Eden: 111616K(111616K)->0K(111616K) From: 17984K(111104K)->32K(111104K)
[49.877s][info][gc,heap        ] GC(121) ParOldGen: 462351K(667648K)->480343K(667648K)
[49.877s][info][gc,metaspace   ] GC(121) Metaspace: 17514K(17728K)->17514K(17728K) NonClass: 14890K(14976K)->14890K(14976K) Class: 2623K(2752K)->2623K(2752K)
[49.877s][info][gc             ] GC(121) Pause Young (Allocation Failure) 578M->469M(869M) 30.197ms
[49.877s][info][gc,cpu         ] GC(121) User=0.06s Sys=0.00s Real=0.03s
[50.031s][info][gc,start       ] GC(122) Pause Young (Allocation Failure)
[50.033s][info][gc,heap        ] GC(122) PSYoungGen: 111648K(222720K)->64K(222720K) Eden: 111616K(111616K)->0K(111616K) From: 32K(111104K)->64K(111104K)
[50.033s][info][gc,heap        ] GC(122) ParOldGen: 480343K(667648K)->480343K(667648K)
[50.033s][info][gc,metaspace   ] GC(122) Metaspace: 17514K(17728K)->17514K(17728K) NonClass: 14890K(14976K)->14890K(14976K) Class: 2623K(2752K)->2623K(2752K)
[50.033s][info][gc             ] GC(122) Pause Young (Allocation Failure) 578M->469M(869M) 1.575ms
[50.033s][info][gc,cpu         ] GC(122) User=0.00s Sys=0.00s Real=0.00s
[50.185s][info][gc,start       ] GC(123) Pause Young (Allocation Failure)
[50.186s][info][gc,heap        ] GC(123) PSYoungGen: 111680K(222720K)->64K(222720K) Eden: 111616K(111616K)->0K(111616K) From: 64K(111104K)->64K(111104K)
[50.186s][info][gc,heap        ] GC(123) ParOldGen: 480343K(667648K)->480343K(667648K)
[50.186s][info][gc,metaspace   ] GC(123) Metaspace: 17514K(17728K)->17514K(17728K) NonClass: 14890K(14976K)->14890K(14976K) Class: 2623K(2752K)->2623K(2752K)
[50.186s][info][gc             ] GC(123) Pause Young (Allocation Failure) 578M->469M(869M) 1.576ms
[50.186s][info][gc,cpu         ] GC(123) User=0.01s Sys=0.00s Real=0.00s
[50.338s][info][gc,start       ] GC(124) Pause Young (Allocation Failure)
[50.340s][info][gc,heap        ] GC(124) PSYoungGen: 111680K(222720K)->64K(222720K) Eden: 111616K(111616K)->0K(111616K) From: 64K(111104K)->64K(111104K)
[50.340s][info][gc,heap        ] GC(124) ParOldGen: 480343K(667648K)->480343K(667648K)
[50.340s][info][gc,metaspace   ] GC(124) Metaspace: 17514K(17728K)->17514K(17728K) NonClass: 14890K(14976K)->14890K(14976K) Class: 2623K(2752K)->2623K(2752K)
[50.340s][info][gc             ] GC(124) Pause Young (Allocation Failure) 578M->469M(869M) 1.592ms
[50.340s][info][gc,cpu         ] GC(124) User=0.00s Sys=0.00s Real=0.00s
[50.488s][info][gc,start       ] GC(125) Pause Young (Allocation Failure)
[50.490s][info][gc,heap        ] GC(125) PSYoungGen: 111680K(222720K)->64K(222720K) Eden: 111616K(111616K)->0K(111616K) From: 64K(111104K)->64K(111104K)
[50.490s][info][gc,heap        ] GC(125) ParOldGen: 480343K(667648K)->480343K(667648K)
[50.490s][info][gc,metaspace   ] GC(125) Metaspace: 17514K(17728K)->17514K(17728K) NonClass: 14890K(14976K)->14890K(14976K) Class: 2623K(2752K)->2623K(2752K)
[50.490s][info][gc             ] GC(125) Pause Young (Allocation Failure) 578M->469M(869M) 1.587ms
[50.490s][info][gc,cpu         ] GC(125) User=0.00s Sys=0.00s Real=0.00s
[50.637s][info][gc,start       ] GC(126) Pause Young (Allocation Failure)
[50.638s][info][gc,heap        ] GC(126) PSYoungGen: 111680K(222720K)->64K(222720K) Eden: 111616K(111616K)->0K(111616K) From: 64K(111104K)->64K(111104K)
[50.638s][info][gc,heap        ] GC(126) ParOldGen: 480343K(667648K)->480343K(667648K)
[50.638s][info][gc,metaspace   ] GC(126) Metaspace: 17515K(17728K)->17515K(17728K) NonClass: 14892K(14976K)->14892K(14976K) Class: 2623K(2752K)->2623K(2752K)
[50.638s][info][gc             ] GC(126) Pause Young (Allocation Failure) 578M->469M(869M) 1.612ms
[50.638s][info][gc,cpu         ] GC(126) User=0.00s Sys=0.00s Real=0.00s
[50.786s][info][gc,start       ] GC(127) Pause Young (Allocation Failure)
[50.788s][info][gc,heap        ] GC(127) PSYoungGen: 111680K(222720K)->64K(222720K) Eden: 111616K(111616K)->0K(111616K) From: 64K(111104K)->64K(111104K)
[50.788s][info][gc,heap        ] GC(127) ParOldGen: 480343K(667648K)->480343K(667648K)
[50.788s][info][gc,metaspace   ] GC(127) Metaspace: 17515K(17728K)->17515K(17728K) NonClass: 14892K(14976K)->14892K(14976K) Class: 2623K(2752K)->2623K(2752K)
[50.788s][info][gc             ] GC(127) Pause Young (Allocation Failure) 578M->469M(869M) 1.623ms
[50.788s][info][gc,cpu         ] GC(127) User=0.00s Sys=0.00s Real=0.00s
[50.938s][info][gc,start       ] GC(128) Pause Young (Allocation Failure)
[50.940s][info][gc,heap        ] GC(128) PSYoungGen: 111680K(222720K)->64K(112128K) Eden: 111616K(111616K)->0K(111616K) From: 64K(111104K)->64K(512K)
[50.940s][info][gc,heap        ] GC(128) ParOldGen: 480343K(667648K)->480343K(667648K)
[50.940s][info][gc,metaspace   ] GC(128) Metaspace: 17515K(17728K)->17515K(17728K) NonClass: 14892K(14976K)->14892K(14976K) Class: 2623K(2752K)->2623K(2752K)
[50.940s][info][gc             ] GC(128) Pause Young (Allocation Failure) 578M->469M(761M) 1.818ms
[50.940s][info][gc,cpu         ] GC(128) User=0.00s Sys=0.00s Real=0.00s
[51.066s][info][gc,start       ] GC(129) Pause Young (Allocation Failure)
[51.089s][info][gc,heap        ] GC(129) PSYoungGen: 111680K(112128K)->16736K(216576K) Eden: 111616K(111616K)->0K(116736K) From: 64K(512K)->16736K(99840K)
[51.089s][info][gc,heap        ] GC(129) ParOldGen: 480343K(667648K)->480343K(667648K)
[51.089s][info][gc,metaspace   ] GC(129) Metaspace: 17515K(17728K)->17515K(17728K) NonClass: 14892K(14976K)->14892K(14976K) Class: 2623K(2752K)->2623K(2752K)
[51.089s][info][gc             ] GC(129) Pause Young (Allocation Failure) 578M->485M(863M) 22.507ms
[51.089s][info][gc,cpu         ] GC(129) User=0.05s Sys=0.00s Real=0.02s
[51.223s][info][gc,start       ] GC(130) Pause Young (Allocation Failure)
[51.256s][info][gc,heap        ] GC(130) PSYoungGen: 133472K(216576K)->31392K(219136K) Eden: 116736K(116736K)->0K(116736K) From: 16736K(99840K)->31392K(102400K)
[51.256s][info][gc,heap        ] GC(130) ParOldGen: 480343K(667648K)->480343K(667648K)
[51.256s][info][gc,metaspace   ] GC(130) Metaspace: 17515K(17728K)->17515K(17728K) NonClass: 14892K(14976K)->14892K(14976K) Class: 2623K(2752K)->2623K(2752K)
[51.256s][info][gc             ] GC(130) Pause Young (Allocation Failure) 599M->499M(866M) 32.764ms
[51.256s][info][gc,cpu         ] GC(130) User=0.07s Sys=0.00s Real=0.03s
[51.330s][info][gc,start       ] GC(131) Pause Young (Allocation Failure)
[51.371s][info][gc,heap        ] GC(131) PSYoungGen: 148128K(219136K)->40032K(222208K) Eden: 116736K(116736K)->0K(124416K) From: 31392K(102400K)->40032K(97792K)
[51.371s][info][gc,heap        ] GC(131) ParOldGen: 480343K(667648K)->480343K(667648K)
[51.371s][info][gc,metaspace   ] GC(131) Metaspace: 17515K(17728K)->17515K(17728K) NonClass: 14892K(14976K)->14892K(14976K) Class: 2623K(2752K)->2623K(2752K)
[51.371s][info][gc             ] GC(131) Pause Young (Allocation Failure) 613M->508M(869M) 40.743ms
[51.371s][info][gc,cpu         ] GC(131) User=0.08s Sys=0.00s Real=0.05s
[51.477s][info][gc,start       ] GC(132) Pause Young (Allocation Failure)
[51.533s][info][gc,heap        ] GC(132) PSYoungGen: 164448K(222208K)->54848K(221696K) Eden: 124416K(124416K)->0K(124416K) From: 40032K(97792K)->54848K(97280K)
[51.533s][info][gc,heap        ] GC(132) ParOldGen: 480343K(667648K)->480343K(667648K)
[51.533s][info][gc,metaspace   ] GC(132) Metaspace: 17515K(17728K)->17515K(17728K) NonClass: 14892K(14976K)->14892K(14976K) Class: 2623K(2752K)->2623K(2752K)
[51.533s][info][gc             ] GC(132) Pause Young (Allocation Failure) 629M->522M(868M) 56.123ms
[51.533s][info][gc,cpu         ] GC(132) User=0.12s Sys=0.00s Real=0.06s
[51.641s][info][gc,start       ] GC(133) Pause Young (Allocation Failure)
[51.712s][info][gc,heap        ] GC(133) PSYoungGen: 179264K(221696K)->71264K(215040K) Eden: 124416K(124416K)->0K(113664K) From: 54848K(97280K)->71264K(101376K)
[51.712s][info][gc,heap        ] GC(133) ParOldGen: 480343K(667648K)->480343K(667648K)
[51.712s][info][gc,metaspace   ] GC(133) Metaspace: 17519K(17728K)->17519K(17728K) NonClass: 14896K(14976K)->14896K(14976K) Class: 2623K(2752K)->2623K(2752K)
[51.712s][info][gc             ] GC(133) Pause Young (Allocation Failure) 644M->538M(862M) 70.725ms
[51.712s][info][gc,cpu         ] GC(133) User=0.14s Sys=0.01s Real=0.07s
[51.786s][info][gc,start       ] GC(134) Pause Young (Allocation Failure)
[51.864s][info][gc,heap        ] GC(134) PSYoungGen: 184928K(215040K)->75008K(188928K) Eden: 113664K(113664K)->0K(113664K) From: 71264K(101376K)->75008K(75264K)
[51.864s][info][gc,heap        ] GC(134) ParOldGen: 480343K(667648K)->480343K(667648K)
[51.864s][info][gc,metaspace   ] GC(134) Metaspace: 17519K(17728K)->17519K(17728K) NonClass: 14896K(14976K)->14896K(14976K) Class: 2623K(2752K)->2623K(2752K)
[51.864s][info][gc             ] GC(134) Pause Young (Allocation Failure) 649M->542M(836M) 77.639ms
[51.864s][info][gc,cpu         ] GC(134) User=0.15s Sys=0.00s Real=0.08s
[51.923s][info][gc,start       ] GC(135) Pause Young (Allocation Failure)
[51.997s][info][gc,heap        ] GC(135) PSYoungGen: 188672K(188928K)->43968K(222720K) Eden: 113664K(113664K)->0K(111616K) From: 75008K(75264K)->43968K(111104K)
[51.997s][info][gc,heap        ] GC(135) ParOldGen: 480343K(667648K)->511799K(667648K)
[51.997s][info][gc,metaspace   ] GC(135) Metaspace: 17519K(17728K)->17519K(17728K) NonClass: 14896K(14976K)->14896K(14976K) Class: 2623K(2752K)->2623K(2752K)
[51.997s][info][gc             ] GC(135) Pause Young (Allocation Failure) 653M->542M(869M) 74.767ms
[51.997s][info][gc,cpu         ] GC(135) User=0.15s Sys=0.00s Real=0.07s
[52.097s][info][gc,start       ] GC(136) Pause Young (Allocation Failure)
[52.152s][info][gc,heap        ] GC(136) PSYoungGen: 155584K(222720K)->30048K(141824K) Eden: 111616K(111616K)->0K(111616K) From: 43968K(111104K)->30048K(30208K)
[52.152s][info][gc,heap        ] GC(136) ParOldGen: 511799K(667648K)->535295K(667648K)
[52.152s][info][gc,metaspace   ] GC(136) Metaspace: 17519K(17728K)->17519K(17728K) NonClass: 14896K(14976K)->14896K(14976K) Class: 2623K(2752K)->2623K(2752K)
[52.152s][info][gc             ] GC(136) Pause Young (Allocation Failure) 651M->552M(790M) 54.981ms
[52.152s][info][gc,cpu         ] GC(136) User=0.11s Sys=0.00s Real=0.06s
[52.257s][info][gc,start       ] GC(137) Pause Young (Allocation Failure)
[52.309s][info][gc,heap        ] GC(137) PSYoungGen: 141664K(141824K)->27792K(223744K) Eden: 111616K(111616K)->0K(117248K) From: 30048K(30208K)->27792K(106496K)
[52.309s][info][gc,heap        ] GC(137) ParOldGen: 535295K(667648K)->555511K(667648K)
[52.309s][info][gc,metaspace   ] GC(137) Metaspace: 17538K(17792K)->17538K(17792K) NonClass: 14915K(15040K)->14915K(15040K) Class: 2623K(2752K)->2623K(2752K)
[52.309s][info][gc             ] GC(137) Pause Young (Allocation Failure) 661M->569M(870M) 51.826ms
[52.309s][info][gc,cpu         ] GC(137) User=0.10s Sys=0.00s Real=0.05s
[52.407s][info][gc,start       ] GC(138) Pause Young (Allocation Failure)
[52.438s][info][gc,heap        ] GC(138) PSYoungGen: 145040K(223744K)->18432K(218112K) Eden: 117248K(117248K)->0K(117248K) From: 27792K(106496K)->18432K(100864K)
[52.438s][info][gc,heap        ] GC(138) ParOldGen: 555511K(667648K)->565391K(667648K)
[52.438s][info][gc,metaspace   ] GC(138) Metaspace: 17538K(17792K)->17538K(17792K) NonClass: 14915K(15040K)->14915K(15040K) Class: 2623K(2752K)->2623K(2752K)
[52.438s][info][gc             ] GC(138) Pause Young (Allocation Failure) 684M->570M(865M) 31.223ms
[52.438s][info][gc,cpu         ] GC(138) User=0.06s Sys=0.00s Real=0.03s
[52.639s][info][gc,start       ] GC(139) Pause Young (Allocation Failure)
[52.674s][info][gc,heap        ] GC(139) PSYoungGen: 135680K(218112K)->14400K(224768K) Eden: 117248K(117248K)->0K(129536K) From: 18432K(100864K)->14400K(95232K)
[52.674s][info][gc,heap        ] GC(139) ParOldGen: 565391K(667648K)->583855K(667648K)
[52.674s][info][gc,metaspace   ] GC(139) Metaspace: 17538K(17792K)->17538K(17792K) NonClass: 14915K(15040K)->14915K(15040K) Class: 2623K(2752K)->2623K(2752K)
[52.674s][info][gc             ] GC(139) Pause Young (Allocation Failure) 684M->584M(871M) 35.074ms
[52.675s][info][gc,cpu         ] GC(139) User=0.07s Sys=0.00s Real=0.04s
[52.924s][info][gc,start       ] GC(140) Pause Young (Allocation Failure)
[52.951s][info][gc,heap        ] GC(140) PSYoungGen: 143936K(224768K)->9120K(223744K) Eden: 129536K(129536K)->0K(129536K) From: 14400K(95232K)->9120K(94208K)
[52.951s][info][gc,heap        ] GC(140) ParOldGen: 583855K(667648K)->598256K(667648K)
[52.951s][info][gc,metaspace   ] GC(140) Metaspace: 17539K(17792K)->17539K(17792K) NonClass: 14916K(15040K)->14916K(15040K) Class: 2623K(2752K)->2623K(2752K)
[52.951s][info][gc             ] GC(140) Pause Young (Allocation Failure) 710M->593M(870M) 27.825ms
[52.952s][info][gc,cpu         ] GC(140) User=0.05s Sys=0.00s Real=0.03s
[53.449s][info][gc,start       ] GC(141) Pause Young (Allocation Failure)
[53.461s][info][gc,heap        ] GC(141) PSYoungGen: 138656K(223744K)->64K(229376K) Eden: 129536K(129536K)->0K(141312K) From: 9120K(94208K)->64K(88064K)
[53.461s][info][gc,heap        ] GC(141) ParOldGen: 598256K(667648K)->607376K(667648K)
[53.461s][info][gc,metaspace   ] GC(141) Metaspace: 17542K(17792K)->17542K(17792K) NonClass: 14919K(15040K)->14919K(15040K) Class: 2623K(2752K)->2623K(2752K)
[53.461s][info][gc             ] GC(141) Pause Young (Allocation Failure) 719M->593M(876M) 11.695ms
[53.461s][info][gc,cpu         ] GC(141) User=0.02s Sys=0.00s Real=0.02s
[53.930s][info][gc,start       ] GC(142) Pause Young (Allocation Failure)
[53.933s][info][gc,heap        ] GC(142) PSYoungGen: 141376K(229376K)->160K(231936K) Eden: 141312K(141312K)->0K(141312K) From: 64K(88064K)->160K(90624K)
[53.933s][info][gc,heap        ] GC(142) ParOldGen: 607376K(667648K)->607376K(667648K)
[53.933s][info][gc,metaspace   ] GC(142) Metaspace: 17542K(17792K)->17542K(17792K) NonClass: 14919K(15040K)->14919K(15040K) Class: 2623K(2752K)->2623K(2752K)
[53.933s][info][gc             ] GC(142) Pause Young (Allocation Failure) 731M->593M(878M) 2.823ms
[53.933s][info][gc,cpu         ] GC(142) User=0.00s Sys=0.00s Real=0.00s
[54.274s][info][gc,start       ] GC(143) Pause Young (Allocation Failure)
[54.276s][info][gc,heap        ] GC(143) PSYoungGen: 141472K(231936K)->160K(231936K) Eden: 141312K(141312K)->0K(150528K) From: 160K(90624K)->160K(81408K)
[54.276s][info][gc,heap        ] GC(143) ParOldGen: 607376K(667648K)->607376K(667648K)
[54.276s][info][gc,metaspace   ] GC(143) Metaspace: 17542K(17792K)->17542K(17792K) NonClass: 14919K(15040K)->14919K(15040K) Class: 2623K(2752K)->2623K(2752K)
[54.276s][info][gc             ] GC(143) Pause Young (Allocation Failure) 731M->593M(878M) 2.728ms
[54.276s][info][gc,cpu         ] GC(143) User=0.00s Sys=0.00s Real=0.00s
[54.648s][info][gc,start       ] GC(144) Pause Young (Allocation Failure)
[54.651s][info][gc,heap        ] GC(144) PSYoungGen: 150688K(231936K)->160K(236544K) Eden: 150528K(150528K)->0K(150528K) From: 160K(81408K)->160K(86016K)
[54.651s][info][gc,heap        ] GC(144) ParOldGen: 607376K(667648K)->607376K(667648K)
[54.651s][info][gc,metaspace   ] GC(144) Metaspace: 17542K(17792K)->17542K(17792K) NonClass: 14919K(15040K)->14919K(15040K) Class: 2623K(2752K)->2623K(2752K)
[54.651s][info][gc             ] GC(144) Pause Young (Allocation Failure) 740M->593M(883M) 2.420ms
[54.651s][info][gc,cpu         ] GC(144) User=0.00s Sys=0.00s Real=0.01s
[55.020s][info][gc,start       ] GC(145) Pause Young (Allocation Failure)
[55.022s][info][gc,heap        ] GC(145) PSYoungGen: 150688K(236544K)->160K(232960K) Eden: 150528K(150528K)->0K(157184K) From: 160K(86016K)->160K(75776K)
[55.022s][info][gc,heap        ] GC(145) ParOldGen: 607376K(667648K)->607376K(667648K)
[55.022s][info][gc,metaspace   ] GC(145) Metaspace: 17545K(17792K)->17545K(17792K) NonClass: 14922K(15040K)->14922K(15040K) Class: 2623K(2752K)->2623K(2752K)
[55.023s][info][gc             ] GC(145) Pause Young (Allocation Failure) 740M->593M(879M) 2.697ms
[55.023s][info][gc,cpu         ] GC(145) User=0.00s Sys=0.01s Real=0.01s
[55.427s][info][gc,start       ] GC(146) Pause Young (Allocation Failure)
[55.432s][info][gc,heap        ] GC(146) PSYoungGen: 157344K(232960K)->2336K(237568K) Eden: 157184K(157184K)->0K(157184K) From: 160K(75776K)->2336K(80384K)
[55.432s][info][gc,heap        ] GC(146) ParOldGen: 607376K(667648K)->607376K(667648K)
[55.432s][info][gc,metaspace   ] GC(146) Metaspace: 17545K(17792K)->17545K(17792K) NonClass: 14922K(15040K)->14922K(15040K) Class: 2623K(2752K)->2623K(2752K)
[55.432s][info][gc             ] GC(146) Pause Young (Allocation Failure) 746M->595M(884M) 4.942ms
[55.432s][info][gc,cpu         ] GC(146) User=0.01s Sys=0.00s Real=0.01s
[55.659s][info][gc,start       ] GC(147) Pause Young (Allocation Failure)
[55.689s][info][gc,heap        ] GC(147) PSYoungGen: 159520K(237568K)->38608K(237056K) Eden: 157184K(157184K)->0K(160768K) From: 2336K(80384K)->38608K(76288K)
[55.689s][info][gc,heap        ] GC(147) ParOldGen: 607376K(667648K)->607376K(667648K)
[55.689s][info][gc,metaspace   ] GC(147) Metaspace: 17546K(17792K)->17546K(17792K) NonClass: 14923K(15040K)->14923K(15040K) Class: 2623K(2752K)->2623K(2752K)
[55.689s][info][gc             ] GC(147) Pause Young (Allocation Failure) 748M->630M(883M) 30.711ms
[55.689s][info][gc,cpu         ] GC(147) User=0.06s Sys=0.00s Real=0.03s
[55.936s][info][gc,start       ] GC(148) Pause Young (Allocation Failure)
[55.994s][info][gc,heap        ] GC(148) PSYoungGen: 199376K(237056K)->73184K(239616K) Eden: 160768K(160768K)->0K(160768K) From: 38608K(76288K)->73184K(78848K)
[55.994s][info][gc,heap        ] GC(148) ParOldGen: 607376K(667648K)->607376K(667648K)
[55.994s][info][gc,metaspace   ] GC(148) Metaspace: 17546K(17792K)->17546K(17792K) NonClass: 14923K(15040K)->14923K(15040K) Class: 2623K(2752K)->2623K(2752K)
[55.994s][info][gc             ] GC(148) Pause Young (Allocation Failure) 787M->664M(886M) 58.903ms
[55.995s][info][gc,cpu         ] GC(148) User=0.12s Sys=0.00s Real=0.06s
[56.290s][info][gc,start       ] GC(149) Pause Young (Allocation Failure)
[56.377s][info][gc,heap        ] GC(149) PSYoungGen: 233952K(239616K)->91600K(204800K) Eden: 160768K(160768K)->0K(111616K) From: 73184K(78848K)->91600K(93184K)
[56.377s][info][gc,heap        ] GC(149) ParOldGen: 607376K(667648K)->607376K(667648K)
[56.377s][info][gc,metaspace   ] GC(149) Metaspace: 17552K(17792K)->17552K(17792K) NonClass: 14929K(15040K)->14929K(15040K) Class: 2623K(2752K)->2623K(2752K)
[56.377s][info][gc             ] GC(149) Pause Young (Allocation Failure) 821M->682M(852M) 87.665ms
[56.377s][info][gc,cpu         ] GC(149) User=0.16s Sys=0.01s Real=0.09s
[56.560s][info][gc,start       ] GC(150) Pause Young (Allocation Failure)
[56.649s][info][gc,heap        ] GC(150) PSYoungGen: 203216K(204800K)->98054K(222720K) Eden: 111616K(111616K)->0K(111616K) From: 91600K(93184K)->98054K(111104K)
[56.649s][info][gc,heap        ] GC(150) ParOldGen: 607376K(667648K)->607496K(667648K)
[56.649s][info][gc,metaspace   ] GC(150) Metaspace: 17554K(17792K)->17554K(17792K) NonClass: 14931K(15040K)->14931K(15040K) Class: 2623K(2752K)->2623K(2752K)
[56.649s][info][gc             ] GC(150) Pause Young (Allocation Failure) 791M->689M(869M) 88.850ms
[56.649s][info][gc,cpu         ] GC(150) User=0.17s Sys=0.00s Real=0.09s
[56.762s][info][gc,start       ] GC(151) Pause Young (Allocation Failure)
[56.873s][info][gc,heap        ] GC(151) PSYoungGen: 209670K(222720K)->111088K(222720K) Eden: 111616K(111616K)->0K(111616K) From: 98054K(111104K)->111088K(111104K)
[56.873s][info][gc,heap        ] GC(151) ParOldGen: 607496K(667648K)->629262K(667648K)
[56.873s][info][gc,metaspace   ] GC(151) Metaspace: 17554K(17792K)->17554K(17792K) NonClass: 14931K(15040K)->14931K(15040K) Class: 2623K(2752K)->2623K(2752K)
[56.873s][info][gc             ] GC(151) Pause Young (Allocation Failure) 798M->722M(869M) 110.134ms
[56.873s][info][gc,cpu         ] GC(151) User=0.22s Sys=0.00s Real=0.11s
[56.964s][info][gc,start       ] GC(152) Pause Young (Allocation Failure)
[57.084s][info][gc,heap        ] GC(152) PSYoungGen: 222704K(222720K)->111088K(222720K) Eden: 111616K(111616K)->0K(111616K) From: 111088K(111104K)->111088K(111104K)
[57.084s][info][gc,heap        ] GC(152) ParOldGen: 629262K(667648K)->663206K(667648K)
[57.084s][info][gc,metaspace   ] GC(152) Metaspace: 17554K(17792K)->17554K(17792K) NonClass: 14931K(15040K)->14931K(15040K) Class: 2623K(2752K)->2623K(2752K)
[57.084s][info][gc             ] GC(152) Pause Young (Allocation Failure) 831M->756M(869M) 119.726ms
[57.084s][info][gc,cpu         ] GC(152) User=0.23s Sys=0.00s Real=0.12s
[57.321s][info][gc,start       ] GC(153) Pause Full (Allocation Failure)
[57.321s][info][gc,phases,start] GC(153) Marking Phase
[57.553s][info][gc,phases      ] GC(153) Marking Phase 232.353ms
[57.553s][info][gc,phases,start] GC(153) Summary Phase
[57.553s][info][gc,phases      ] GC(153) Summary Phase 0.030ms
[57.553s][info][gc,phases,start] GC(153) Forward
[57.648s][info][gc,phases      ] GC(153) Forward 94.880ms
[57.648s][info][gc,phases,start] GC(153) Adjust Pointers
[57.834s][info][gc,phases      ] GC(153) Adjust Pointers 185.893ms
[57.834s][info][gc,phases,start] GC(153) Compaction Phase
[57.940s][info][gc,phases      ] GC(153) Compaction Phase 106.266ms
[57.947s][info][gc,phases,start] GC(153) Post Compact
[57.950s][info][gc,phases      ] GC(153) Post Compact 2.561ms
[57.951s][info][gc,heap        ] GC(153) PSYoungGen: 222704K(222720K)->0K(222720K) Eden: 111616K(111616K)->0K(111616K) From: 111088K(111104K)->0K(111104K)
[57.951s][info][gc,heap        ] GC(153) ParOldGen: 663206K(667648K)->374005K(650240K)
[57.951s][info][gc,metaspace   ] GC(153) Metaspace: 17554K(17792K)->17554K(17792K) NonClass: 14931K(15040K)->14931K(15040K) Class: 2623K(2752K)->2623K(2752K)
[57.951s][info][gc             ] GC(153) Pause Full (Allocation Failure) 865M->365M(852M) 630.050ms
[57.951s][info][gc,cpu         ] GC(153) User=1.17s Sys=0.00s Real=0.63s
[58.172s][info][gc,start       ] GC(154) Pause Young (Allocation Failure)
[58.175s][info][gc,heap        ] GC(154) PSYoungGen: 111616K(222720K)->96K(222720K) Eden: 111616K(111616K)->0K(111616K) From: 0K(111104K)->96K(111104K)
[58.175s][info][gc,heap        ] GC(154) ParOldGen: 374005K(650240K)->374005K(650240K)
[58.175s][info][gc,metaspace   ] GC(154) Metaspace: 17554K(17792K)->17554K(17792K) NonClass: 14931K(15040K)->14931K(15040K) Class: 2623K(2752K)->2623K(2752K)
[58.175s][info][gc             ] GC(154) Pause Young (Allocation Failure) 474M->365M(852M) 3.211ms
[58.175s][info][gc,cpu         ] GC(154) User=0.01s Sys=0.00s Real=0.00s
[58.355s][info][gc,start       ] GC(155) Pause Young (Allocation Failure)
[58.360s][info][gc,heap        ] GC(155) PSYoungGen: 111712K(222720K)->192K(222720K) Eden: 111616K(111616K)->0K(111616K) From: 96K(111104K)->192K(111104K)
[58.360s][info][gc,heap        ] GC(155) ParOldGen: 374005K(650240K)->374005K(650240K)
[58.360s][info][gc,metaspace   ] GC(155) Metaspace: 17554K(17792K)->17554K(17792K) NonClass: 14931K(15040K)->14931K(15040K) Class: 2623K(2752K)->2623K(2752K)
[58.360s][info][gc             ] GC(155) Pause Young (Allocation Failure) 474M->365M(852M) 5.098ms
[58.360s][info][gc,cpu         ] GC(155) User=0.00s Sys=0.00s Real=0.00s
[58.554s][info][gc,start       ] GC(156) Pause Young (Allocation Failure)
[58.556s][info][gc,heap        ] GC(156) PSYoungGen: 111808K(222720K)->288K(222720K) Eden: 111616K(111616K)->0K(111616K) From: 192K(111104K)->288K(111104K)
[58.556s][info][gc,heap        ] GC(156) ParOldGen: 374005K(650240K)->374005K(650240K)
[58.556s][info][gc,metaspace   ] GC(156) Metaspace: 17554K(17792K)->17554K(17792K) NonClass: 14931K(15040K)->14931K(15040K) Class: 2623K(2752K)->2623K(2752K)
[58.556s][info][gc             ] GC(156) Pause Young (Allocation Failure) 474M->365M(852M) 2.716ms
[58.556s][info][gc,cpu         ] GC(156) User=0.01s Sys=0.00s Real=0.00s
[58.698s][info][gc,start       ] GC(157) Pause Young (Allocation Failure)
[58.700s][info][gc,heap        ] GC(157) PSYoungGen: 111904K(222720K)->224K(222720K) Eden: 111616K(111616K)->0K(111616K) From: 288K(111104K)->224K(111104K)
[58.700s][info][gc,heap        ] GC(157) ParOldGen: 374005K(650240K)->374173K(650240K)
[58.700s][info][gc,metaspace   ] GC(157) Metaspace: 17554K(17792K)->17554K(17792K) NonClass: 14931K(15040K)->14931K(15040K) Class: 2623K(2752K)->2623K(2752K)
[58.700s][info][gc             ] GC(157) Pause Young (Allocation Failure) 474M->365M(852M) 1.942ms
[58.700s][info][gc,cpu         ] GC(157) User=0.00s Sys=0.00s Real=0.00s
[58.822s][info][gc,start       ] GC(158) Pause Young (Allocation Failure)
[58.824s][info][gc,heap        ] GC(158) PSYoungGen: 111840K(222720K)->96K(222720K) Eden: 111616K(111616K)->0K(111616K) From: 224K(111104K)->96K(111104K)
[58.824s][info][gc,heap        ] GC(158) ParOldGen: 374173K(650240K)->374365K(650240K)
[58.824s][info][gc,metaspace   ] GC(158) Metaspace: 17554K(17792K)->17554K(17792K) NonClass: 14931K(15040K)->14931K(15040K) Class: 2623K(2752K)->2623K(2752K)
[58.824s][info][gc             ] GC(158) Pause Young (Allocation Failure) 474M->365M(852M) 1.870ms
[58.824s][info][gc,cpu         ] GC(158) User=0.01s Sys=0.00s Real=0.00s
[58.945s][info][gc,start       ] GC(159) Pause Young (Allocation Failure)
[58.946s][info][gc,heap        ] GC(159) PSYoungGen: 111712K(222720K)->128K(222720K) Eden: 111616K(111616K)->0K(111616K) From: 96K(111104K)->128K(111104K)
[58.947s][info][gc,heap        ] GC(159) ParOldGen: 374365K(650240K)->374445K(650240K)
[58.947s][info][gc,metaspace   ] GC(159) Metaspace: 17554K(17792K)->17554K(17792K) NonClass: 14931K(15040K)->14931K(15040K) Class: 2623K(2752K)->2623K(2752K)
[58.947s][info][gc             ] GC(159) Pause Young (Allocation Failure) 474M->365M(852M) 1.839ms
[58.947s][info][gc,cpu         ] GC(159) User=0.00s Sys=0.00s Real=0.00s
[59.064s][info][gc,start       ] GC(160) Pause Young (Allocation Failure)
[59.065s][info][gc,heap        ] GC(160) PSYoungGen: 111744K(222720K)->128K(222720K) Eden: 111616K(111616K)->0K(111616K) From: 128K(111104K)->128K(111104K)
[59.066s][info][gc,heap        ] GC(160) ParOldGen: 374445K(650240K)->374533K(650240K)
[59.066s][info][gc,metaspace   ] GC(160) Metaspace: 17554K(17792K)->17554K(17792K) NonClass: 14931K(15040K)->14931K(15040K) Class: 2623K(2752K)->2623K(2752K)
[59.066s][info][gc             ] GC(160) Pause Young (Allocation Failure) 474M->365M(852M) 1.841ms
[59.066s][info][gc,cpu         ] GC(160) User=0.01s Sys=0.00s Real=0.00s
[59.191s][info][gc,start       ] GC(161) Pause Young (Allocation Failure)
[59.193s][info][gc,heap        ] GC(161) PSYoungGen: 111744K(222720K)->96K(222720K) Eden: 111616K(111616K)->0K(111616K) From: 128K(111104K)->96K(111104K)
[59.193s][info][gc,heap        ] GC(161) ParOldGen: 374533K(650240K)->374637K(650240K)
[59.193s][info][gc,metaspace   ] GC(161) Metaspace: 17554K(17792K)->17554K(17792K) NonClass: 14931K(15040K)->14931K(15040K) Class: 2623K(2752K)->2623K(2752K)
[59.193s][info][gc             ] GC(161) Pause Young (Allocation Failure) 474M->365M(852M) 1.804ms
[59.193s][info][gc,cpu         ] GC(161) User=0.01s Sys=0.00s Real=0.00s
[59.331s][info][gc,start       ] GC(162) Pause Young (Allocation Failure)
[59.333s][info][gc,heap        ] GC(162) PSYoungGen: 111712K(222720K)->160K(222720K) Eden: 111616K(111616K)->0K(111616K) From: 96K(111104K)->160K(111104K)
[59.333s][info][gc,heap        ] GC(162) ParOldGen: 374637K(650240K)->374717K(650240K)
[59.333s][info][gc,metaspace   ] GC(162) Metaspace: 17554K(17792K)->17554K(17792K) NonClass: 14931K(15040K)->14931K(15040K) Class: 2623K(2752K)->2623K(2752K)
[59.333s][info][gc             ] GC(162) Pause Young (Allocation Failure) 474M->366M(852M) 2.003ms
[59.333s][info][gc,cpu         ] GC(162) User=0.00s Sys=0.00s Real=0.00s
[59.480s][info][gc,start       ] GC(163) Pause Young (Allocation Failure)
[59.495s][info][gc,heap        ] GC(163) PSYoungGen: 111776K(222720K)->3424K(222720K) Eden: 111616K(111616K)->0K(111616K) From: 160K(111104K)->3424K(111104K)
[59.495s][info][gc,heap        ] GC(163) ParOldGen: 374717K(650240K)->374869K(650240K)
[59.495s][info][gc,metaspace   ] GC(163) Metaspace: 17554K(17792K)->17554K(17792K) NonClass: 14931K(15040K)->14931K(15040K) Class: 2623K(2752K)->2623K(2752K)
[59.495s][info][gc             ] GC(163) Pause Young (Allocation Failure) 475M->369M(852M) 14.955ms
[59.495s][info][gc,cpu         ] GC(163) User=0.03s Sys=0.00s Real=0.02s
[59.701s][info][gc,start       ] GC(164) Pause Young (Allocation Failure)
[59.737s][info][gc,heap        ] GC(164) PSYoungGen: 115040K(222720K)->15947K(222720K) Eden: 111616K(111616K)->0K(111616K) From: 3424K(111104K)->15947K(111104K)
[59.738s][info][gc,heap        ] GC(164) ParOldGen: 374869K(650240K)->378261K(650240K)
[59.738s][info][gc,metaspace   ] GC(164) Metaspace: 17554K(17792K)->17554K(17792K) NonClass: 14931K(15040K)->14931K(15040K) Class: 2623K(2752K)->2623K(2752K)
[59.738s][info][gc             ] GC(164) Pause Young (Allocation Failure) 478M->384M(852M) 36.727ms
[59.738s][info][gc,cpu         ] GC(164) User=0.08s Sys=0.00s Real=0.03s
[59.846s][info][gc,start       ] GC(165) Pause Young (Allocation Failure)
[59.896s][info][gc,heap        ] GC(165) PSYoungGen: 127563K(222720K)->19168K(206336K) Eden: 111616K(111616K)->0K(111616K) From: 15947K(111104K)->19168K(94720K)
[59.896s][info][gc,heap        ] GC(165) ParOldGen: 378261K(650240K)->394217K(650240K)
[59.896s][info][gc,metaspace   ] GC(165) Metaspace: 17554K(17792K)->17554K(17792K) NonClass: 14931K(15040K)->14931K(15040K) Class: 2623K(2752K)->2623K(2752K)
[59.896s][info][gc             ] GC(165) Pause Young (Allocation Failure) 493M->403M(836M) 50.287ms
[59.896s][info][gc,cpu         ] GC(165) User=0.10s Sys=0.00s Real=0.05s
[60.019s][info][gc,start       ] GC(166) Pause Young (Allocation Failure)
[60.052s][info][gc,heap        ] GC(166) PSYoungGen: 130784K(206336K)->31424K(214528K) Eden: 111616K(111616K)->0K(111616K) From: 19168K(94720K)->31424K(102912K)
[60.052s][info][gc,heap        ] GC(166) ParOldGen: 394217K(650240K)->394217K(650240K)
[60.052s][info][gc,metaspace   ] GC(166) Metaspace: 17556K(17792K)->17556K(17792K) NonClass: 14933K(15040K)->14933K(15040K) Class: 2623K(2752K)->2623K(2752K)
[60.052s][info][gc             ] GC(166) Pause Young (Allocation Failure) 512M->415M(844M) 32.543ms
[60.052s][info][gc,cpu         ] GC(166) User=0.07s Sys=0.00s Real=0.04s
[60.130s][info][gc,start       ] GC(167) Pause Young (Allocation Failure)
[60.165s][info][gc,heap        ] GC(167) PSYoungGen: 143040K(214528K)->35360K(219136K) Eden: 111616K(111616K)->0K(123392K) From: 31424K(102912K)->35360K(95744K)
[60.165s][info][gc,heap        ] GC(167) ParOldGen: 394217K(650240K)->394217K(650240K)
[60.165s][info][gc,metaspace   ] GC(167) Metaspace: 17556K(17792K)->17556K(17792K) NonClass: 14933K(15040K)->14933K(15040K) Class: 2623K(2752K)->2623K(2752K)
[60.165s][info][gc             ] GC(167) Pause Young (Allocation Failure) 524M->419M(849M) 35.720ms
[60.165s][info][gc,cpu         ] GC(167) User=0.07s Sys=0.00s Real=0.04s
[60.282s][info][gc,start       ] GC(168) Pause Young (Allocation Failure)
[60.319s][info][gc,heap        ] GC(168) PSYoungGen: 158752K(219136K)->17408K(220160K) Eden: 123392K(123392K)->0K(123392K) From: 35360K(95744K)->17408K(96768K)
[60.320s][info][gc,heap        ] GC(168) ParOldGen: 394217K(650240K)->413393K(650240K)
[60.320s][info][gc,metaspace   ] GC(168) Metaspace: 17556K(17792K)->17556K(17792K) NonClass: 14933K(15040K)->14933K(15040K) Class: 2623K(2752K)->2623K(2752K)
[60.320s][info][gc             ] GC(168) Pause Young (Allocation Failure) 540M->420M(850M) 37.443ms
[60.320s][info][gc,cpu         ] GC(168) User=0.08s Sys=0.00s Real=0.03s
[60.438s][info][gc,start       ] GC(169) Pause Young (Allocation Failure)
[60.464s][info][gc,heap        ] GC(169) PSYoungGen: 140800K(220160K)->8576K(216576K) Eden: 123392K(123392K)->0K(136192K) From: 17408K(96768K)->8576K(80384K)
[60.464s][info][gc,heap        ] GC(169) ParOldGen: 413393K(650240K)->425705K(650240K)
[60.464s][info][gc,metaspace   ] GC(169) Metaspace: 17556K(17792K)->17556K(17792K) NonClass: 14933K(15040K)->14933K(15040K) Class: 2623K(2752K)->2623K(2752K)
[60.464s][info][gc             ] GC(169) Pause Young (Allocation Failure) 541M->424M(846M) 25.998ms
[60.464s][info][gc,cpu         ] GC(169) User=0.05s Sys=0.01s Real=0.03s
[60.577s][info][gc,start       ] GC(170) Pause Young (Allocation Failure)
[60.589s][info][gc,heap        ] GC(170) PSYoungGen: 144768K(216576K)->4704K(221696K) Eden: 136192K(136192K)->0K(136192K) From: 8576K(80384K)->4704K(85504K)
[60.589s][info][gc,heap        ] GC(170) ParOldGen: 425705K(650240K)->429633K(650240K)
[60.589s][info][gc,metaspace   ] GC(170) Metaspace: 17556K(17792K)->17556K(17792K) NonClass: 14933K(15040K)->14933K(15040K) Class: 2623K(2752K)->2623K(2752K)
[60.589s][info][gc             ] GC(170) Pause Young (Allocation Failure) 557M->424M(851M) 11.466ms
[60.589s][info][gc,cpu         ] GC(170) User=0.03s Sys=0.00s Real=0.01s
[60.769s][info][gc,start       ] GC(171) Pause Young (Allocation Failure)
[60.788s][info][gc,heap        ] GC(171) PSYoungGen: 140896K(221696K)->16768K(217088K) Eden: 136192K(136192K)->0K(148480K) From: 4704K(85504K)->16768K(68608K)
[60.789s][info][gc,heap        ] GC(171) ParOldGen: 429633K(650240K)->429633K(650240K)
[60.789s][info][gc,metaspace   ] GC(171) Metaspace: 17556K(17792K)->17556K(17792K) NonClass: 14933K(15040K)->14933K(15040K) Class: 2623K(2752K)->2623K(2752K)
[60.789s][info][gc             ] GC(171) Pause Young (Allocation Failure) 557M->435M(847M) 19.300ms
[60.789s][info][gc,cpu         ] GC(171) User=0.03s Sys=0.00s Real=0.02s
[60.975s][info][gc,start       ] GC(172) Pause Young (Allocation Failure)
[61.006s][info][gc,heap        ] GC(172) PSYoungGen: 165248K(217088K)->28240K(224256K) Eden: 148480K(148480K)->0K(148480K) From: 16768K(68608K)->28240K(75776K)
[61.006s][info][gc,heap        ] GC(172) ParOldGen: 429633K(650240K)->429633K(650240K)
[61.006s][info][gc,metaspace   ] GC(172) Metaspace: 17556K(17792K)->17556K(17792K) NonClass: 14933K(15040K)->14933K(15040K) Class: 2623K(2752K)->2623K(2752K)
[61.006s][info][gc             ] GC(172) Pause Young (Allocation Failure) 580M->447M(854M) 31.501ms
[61.006s][info][gc,cpu         ] GC(172) User=0.06s Sys=0.00s Real=0.03s
[61.346s][info][gc,start       ] GC(173) Pause Young (Allocation Failure)
[61.374s][info][gc,heap        ] GC(173) PSYoungGen: 176720K(224256K)->28272K(229376K) Eden: 148480K(148480K)->0K(160768K) From: 28240K(75776K)->28272K(68608K)
[61.374s][info][gc,heap        ] GC(173) ParOldGen: 429633K(650240K)->429633K(650240K)
[61.375s][info][gc,metaspace   ] GC(173) Metaspace: 17557K(17792K)->17557K(17792K) NonClass: 14934K(15040K)->14934K(15040K) Class: 2623K(2752K)->2623K(2752K)
[61.375s][info][gc             ] GC(173) Pause Young (Allocation Failure) 592M->447M(859M) 28.838ms
[61.375s][info][gc,cpu         ] GC(173) User=0.05s Sys=0.00s Real=0.03s
[61.587s][info][gc,start       ] GC(174) Pause Young (Allocation Failure)
[61.646s][info][gc,heap        ] GC(174) PSYoungGen: 189040K(229376K)->49120K(232448K) Eden: 160768K(160768K)->0K(160768K) From: 28272K(68608K)->49120K(71680K)
[61.646s][info][gc,heap        ] GC(174) ParOldGen: 429633K(650240K)->429633K(650240K)
[61.646s][info][gc,metaspace   ] GC(174) Metaspace: 17557K(17792K)->17557K(17792K) NonClass: 14934K(15040K)->14934K(15040K) Class: 2623K(2752K)->2623K(2752K)
[61.646s][info][gc             ] GC(174) Pause Young (Allocation Failure) 604M->467M(862M) 58.390ms
[61.646s][info][gc,cpu         ] GC(174) User=0.11s Sys=0.00s Real=0.06s
[61.842s][info][gc,start       ] GC(175) Pause Young (Allocation Failure)
[61.922s][info][gc,heap        ] GC(175) PSYoungGen: 209888K(232448K)->69344K(233472K) Eden: 160768K(160768K)->0K(156672K) From: 49120K(71680K)->69344K(76800K)
[61.922s][info][gc,heap        ] GC(175) ParOldGen: 429633K(650240K)->429633K(650240K)
[61.922s][info][gc,metaspace   ] GC(175) Metaspace: 17558K(17792K)->17558K(17792K) NonClass: 14935K(15040K)->14935K(15040K) Class: 2623K(2752K)->2623K(2752K)
[61.922s][info][gc             ] GC(175) Pause Young (Allocation Failure) 624M->487M(863M) 79.507ms
[61.922s][info][gc,cpu         ] GC(175) User=0.14s Sys=0.01s Real=0.08s
[62.096s][info][gc,start       ] GC(176) Pause Young (Allocation Failure)
[62.165s][info][gc,heap        ] GC(176) PSYoungGen: 226016K(233472K)->69952K(226816K) Eden: 156672K(156672K)->0K(156672K) From: 69344K(76800K)->69952K(70144K)
[62.165s][info][gc,heap        ] GC(176) ParOldGen: 429633K(650240K)->430833K(650240K)
[62.165s][info][gc,metaspace   ] GC(176) Metaspace: 17563K(17792K)->17563K(17792K) NonClass: 14939K(15040K)->14939K(15040K) Class: 2623K(2752K)->2623K(2752K)
[62.165s][info][gc             ] GC(176) Pause Young (Allocation Failure) 640M->489M(856M) 69.301ms
[62.165s][info][gc,cpu         ] GC(176) User=0.13s Sys=0.00s Real=0.07s
[62.337s][info][gc,start       ] GC(177) Pause Young (Allocation Failure)
[62.415s][info][gc,heap        ] GC(177) PSYoungGen: 226624K(226816K)->71328K(220160K) Eden: 156672K(156672K)->0K(121856K) From: 69952K(70144K)->71328K(98304K)
[62.415s][info][gc,heap        ] GC(177) ParOldGen: 430833K(650240K)->434345K(650240K)
[62.415s][info][gc,metaspace   ] GC(177) Metaspace: 17564K(17792K)->17564K(17792K) NonClass: 14941K(15040K)->14941K(15040K) Class: 2623K(2752K)->2623K(2752K)
[62.415s][info][gc             ] GC(177) Pause Young (Allocation Failure) 642M->493M(850M) 77.630ms
[62.415s][info][gc,cpu         ] GC(177) User=0.15s Sys=0.00s Real=0.08s
[62.522s][info][gc,start       ] GC(178) Pause Young (Allocation Failure)
[62.593s][info][gc,heap        ] GC(178) PSYoungGen: 193184K(220160K)->47808K(227840K) Eden: 121856K(121856K)->0K(121856K) From: 71328K(98304K)->47808K(105984K)
[62.593s][info][gc,heap        ] GC(178) ParOldGen: 434345K(650240K)->457921K(650240K)
[62.593s][info][gc,metaspace   ] GC(178) Metaspace: 17564K(17792K)->17564K(17792K) NonClass: 14941K(15040K)->14941K(15040K) Class: 2623K(2752K)->2623K(2752K)
[62.593s][info][gc             ] GC(178) Pause Young (Allocation Failure) 612M->493M(857M) 70.632ms
[62.593s][info][gc,cpu         ] GC(178) User=0.14s Sys=0.00s Real=0.07s
[62.725s][info][gc,start       ] GC(179) Pause Young (Allocation Failure)
[62.777s][info][gc,heap        ] GC(179) PSYoungGen: 169664K(227840K)->33472K(212992K) Eden: 121856K(121856K)->0K(124416K) From: 47808K(105984K)->33472K(88576K)
[62.777s][info][gc,heap        ] GC(179) ParOldGen: 457921K(650240K)->478865K(650240K)
[62.777s][info][gc,metaspace   ] GC(179) Metaspace: 17564K(17792K)->17564K(17792K) NonClass: 14941K(15040K)->14941K(15040K) Class: 2623K(2752K)->2623K(2752K)
[62.777s][info][gc             ] GC(179) Pause Young (Allocation Failure) 612M->500M(843M) 52.470ms
[62.777s][info][gc,cpu         ] GC(179) User=0.10s Sys=0.00s Real=0.05s
[62.972s][info][gc,start       ] GC(180) Pause Young (Allocation Failure)
[63.016s][info][gc,heap        ] GC(180) PSYoungGen: 157888K(212992K)->20320K(221696K) Eden: 124416K(124416K)->0K(124416K) From: 33472K(88576K)->20320K(97280K)
[63.017s][info][gc,heap        ] GC(180) ParOldGen: 478865K(650240K)->500889K(650240K)
[63.017s][info][gc,metaspace   ] GC(180) Metaspace: 17564K(17792K)->17564K(17792K) NonClass: 14941K(15040K)->14941K(15040K) Class: 2623K(2752K)->2623K(2752K)
[63.017s][info][gc             ] GC(180) Pause Young (Allocation Failure) 621M->508M(851M) 44.085ms
[63.017s][info][gc,cpu         ] GC(180) User=0.08s Sys=0.00s Real=0.04s
[63.404s][info][gc,start       ] GC(181) Pause Young (Allocation Failure)
[63.426s][info][gc,heap        ] GC(181) PSYoungGen: 144736K(221696K)->15424K(225792K) Eden: 124416K(124416K)->0K(137728K) From: 20320K(97280K)->15424K(88064K)
[63.426s][info][gc,heap        ] GC(181) ParOldGen: 500889K(650240K)->505825K(650240K)
[63.426s][info][gc,metaspace   ] GC(181) Metaspace: 17564K(17792K)->17564K(17792K) NonClass: 14941K(15040K)->14941K(15040K) Class: 2623K(2752K)->2623K(2752K)
[63.426s][info][gc             ] GC(181) Pause Young (Allocation Failure) 630M->509M(855M) 22.010ms
[63.426s][info][gc,cpu         ] GC(181) User=0.05s Sys=0.00s Real=0.02s
[63.838s][info][gc,start       ] GC(182) Pause Young (Allocation Failure)
[63.868s][info][gc,heap        ] GC(182) PSYoungGen: 153152K(225792K)->9072K(229376K) Eden: 137728K(137728K)->0K(137728K) From: 15424K(88064K)->9072K(91648K)
[63.868s][info][gc,heap        ] GC(182) ParOldGen: 505825K(650240K)->512385K(650240K)
[63.868s][info][gc,metaspace   ] GC(182) Metaspace: 17564K(17792K)->17564K(17792K) NonClass: 14941K(15040K)->14941K(15040K) Class: 2623K(2752K)->2623K(2752K)
[63.868s][info][gc             ] GC(182) Pause Young (Allocation Failure) 643M->509M(859M) 30.267ms
[63.868s][info][gc,cpu         ] GC(182) User=0.06s Sys=0.00s Real=0.03s
[64.221s][info][gc,start       ] GC(183) Pause Young (Allocation Failure)
[64.232s][info][gc,heap        ] GC(183) PSYoungGen: 146800K(229376K)->9104K(233984K) Eden: 137728K(137728K)->0K(149504K) From: 9072K(91648K)->9104K(84480K)
[64.232s][info][gc,heap        ] GC(183) ParOldGen: 512385K(650240K)->512385K(650240K)
[64.232s][info][gc,metaspace   ] GC(183) Metaspace: 17565K(17792K)->17565K(17792K) NonClass: 14942K(15040K)->14942K(15040K) Class: 2623K(2752K)->2623K(2752K)
[64.232s][info][gc             ] GC(183) Pause Young (Allocation Failure) 643M->509M(863M) 10.807ms
[64.232s][info][gc,cpu         ] GC(183) User=0.02s Sys=0.00s Real=0.01s
[64.544s][info][gc,start       ] GC(184) Pause Young (Allocation Failure)
[64.558s][info][gc,heap        ] GC(184) PSYoungGen: 158608K(233984K)->11344K(237568K) Eden: 149504K(149504K)->0K(149504K) From: 9104K(84480K)->11344K(88064K)
[64.558s][info][gc,heap        ] GC(184) ParOldGen: 512385K(650240K)->512385K(650240K)
[64.558s][info][gc,metaspace   ] GC(184) Metaspace: 17568K(17792K)->17568K(17792K) NonClass: 14945K(15040K)->14945K(15040K) Class: 2623K(2752K)->2623K(2752K)
[64.558s][info][gc             ] GC(184) Pause Young (Allocation Failure) 655M->511M(867M) 14.230ms
[64.558s][info][gc,cpu         ] GC(184) User=0.03s Sys=0.00s Real=0.01s
[64.775s][info][gc,start       ] GC(185) Pause Young (Allocation Failure)
[64.825s][info][gc,heap        ] GC(185) PSYoungGen: 160848K(237568K)->58400K(237568K) Eden: 149504K(149504K)->0K(152576K) From: 11344K(88064K)->58400K(84992K)
[64.825s][info][gc,heap        ] GC(185) ParOldGen: 512385K(650240K)->512385K(650240K)
[64.825s][info][gc,metaspace   ] GC(185) Metaspace: 17570K(17792K)->17570K(17792K) NonClass: 14947K(15040K)->14947K(15040K) Class: 2623K(2752K)->2623K(2752K)
[64.825s][info][gc             ] GC(185) Pause Young (Allocation Failure) 657M->557M(867M) 49.873ms
[64.825s][info][gc,cpu         ] GC(185) User=0.10s Sys=0.00s Real=0.05s
[64.946s][info][gc,start       ] GC(186) Pause Young (Allocation Failure)
[65.032s][info][gc,heap        ] GC(186) PSYoungGen: 210976K(237568K)->90608K(243200K) Eden: 152576K(152576K)->0K(152576K) From: 58400K(84992K)->90608K(90624K)
[65.032s][info][gc,heap        ] GC(186) ParOldGen: 512385K(650240K)->538273K(650240K)
[65.032s][info][gc,metaspace   ] GC(186) Metaspace: 17571K(17792K)->17571K(17792K) NonClass: 14947K(15040K)->14947K(15040K) Class: 2623K(2752K)->2623K(2752K)
[65.032s][info][gc             ] GC(186) Pause Young (Allocation Failure) 706M->614M(872M) 86.753ms
[65.032s][info][gc,cpu         ] GC(186) User=0.18s Sys=0.00s Real=0.09s
[65.251s][info][gc,start       ] GC(187) Pause Young (Allocation Failure)
[65.375s][info][gc,heap        ] GC(187) PSYoungGen: 243184K(243200K)->90592K(202240K) Eden: 152576K(152576K)->0K(111616K) From: 90608K(90624K)->90592K(90624K)
[65.375s][info][gc,heap        ] GC(187) ParOldGen: 538273K(650240K)->590752K(650240K)
[65.375s][info][gc,metaspace   ] GC(187) Metaspace: 17575K(17792K)->17575K(17792K) NonClass: 14952K(15040K)->14952K(15040K) Class: 2623K(2752K)->2623K(2752K)
[65.375s][info][gc             ] GC(187) Pause Young (Allocation Failure) 763M->665M(832M) 123.845ms
[65.375s][info][gc,cpu         ] GC(187) User=0.24s Sys=0.01s Real=0.12s
[65.561s][info][gc,start       ] GC(188) Pause Young (Allocation Failure)
[65.668s][info][gc,heap        ] GC(188) PSYoungGen: 202208K(202240K)->111072K(222720K) Eden: 111616K(111616K)->0K(111616K) From: 90592K(90624K)->111072K(111104K)
[65.668s][info][gc,heap        ] GC(188) ParOldGen: 590752K(650240K)->610896K(650240K)
[65.668s][info][gc,metaspace   ] GC(188) Metaspace: 17575K(17792K)->17575K(17792K) NonClass: 14952K(15040K)->14952K(15040K) Class: 2623K(2752K)->2623K(2752K)
[65.668s][info][gc             ] GC(188) Pause Young (Allocation Failure) 774M->705M(852M) 107.525ms
[65.668s][info][gc,cpu         ] GC(188) User=0.22s Sys=0.00s Real=0.10s
[65.908s][info][gc,start       ] GC(189) Pause Young (Allocation Failure)
[66.031s][info][gc,heap        ] GC(189) PSYoungGen: 222688K(222720K)->111072K(222720K) Eden: 111616K(111616K)->0K(111616K) From: 111072K(111104K)->111072K(111104K)
[66.031s][info][gc,heap        ] GC(189) ParOldGen: 610896K(650240K)->625432K(650240K)
[66.031s][info][gc,metaspace   ] GC(189) Metaspace: 17575K(17792K)->17575K(17792K) NonClass: 14952K(15040K)->14952K(15040K) Class: 2623K(2752K)->2623K(2752K)
[66.031s][info][gc             ] GC(189) Pause Young (Allocation Failure) 814M->719M(852M) 122.582ms
[66.031s][info][gc,cpu         ] GC(189) User=0.25s Sys=0.00s Real=0.13s
[66.155s][info][gc,start       ] GC(190) Pause Full (Allocation Failure)
[66.155s][info][gc,phases,start] GC(190) Marking Phase
[66.535s][info][gc,phases      ] GC(190) Marking Phase 380.356ms
[66.535s][info][gc,phases,start] GC(190) Summary Phase
[66.535s][info][gc,phases      ] GC(190) Summary Phase 0.028ms
[66.535s][info][gc,phases,start] GC(190) Forward
[66.688s][info][gc,phases      ] GC(190) Forward 152.543ms
[66.688s][info][gc,phases,start] GC(190) Adjust Pointers
[66.995s][info][gc,phases      ] GC(190) Adjust Pointers 306.993ms
[66.995s][info][gc,phases,start] GC(190) Compaction Phase
[67.193s][info][gc,phases      ] GC(190) Compaction Phase 198.403ms
[67.206s][info][gc,phases,start] GC(190) Post Compact
[67.209s][info][gc,phases      ] GC(190) Post Compact 2.519ms
[67.209s][info][gc,heap        ] GC(190) PSYoungGen: 222688K(222720K)->0K(222720K) Eden: 111616K(111616K)->0K(111616K) From: 111072K(111104K)->0K(111104K)
[67.209s][info][gc,heap        ] GC(190) ParOldGen: 625432K(650240K)->583070K(667648K)
[67.209s][info][gc,metaspace   ] GC(190) Metaspace: 17575K(17792K)->17575K(17792K) NonClass: 14952K(15040K)->14952K(15040K) Class: 2623K(2752K)->2623K(2752K)
[67.209s][info][gc             ] GC(190) Pause Full (Allocation Failure) 828M->569M(869M) 1054.243ms
[67.209s][info][gc,cpu         ] GC(190) User=1.99s Sys=0.01s Real=1.05s
[67.351s][info][gc,start       ] GC(191) Pause Young (Allocation Failure)
[67.375s][info][gc,heap        ] GC(191) PSYoungGen: 111616K(222720K)->928K(222720K) Eden: 111616K(111616K)->0K(111616K) From: 0K(111104K)->928K(111104K)
[67.375s][info][gc,heap        ] GC(191) ParOldGen: 583070K(667648K)->583070K(667648K)
[67.375s][info][gc,metaspace   ] GC(191) Metaspace: 17575K(17792K)->17575K(17792K) NonClass: 14952K(15040K)->14952K(15040K) Class: 2623K(2752K)->2623K(2752K)
[67.375s][info][gc             ] GC(191) Pause Young (Allocation Failure) 678M->570M(869M) 23.940ms
[67.375s][info][gc,cpu         ] GC(191) User=0.04s Sys=0.00s Real=0.02s
[67.568s][info][gc,start       ] GC(192) Pause Young (Allocation Failure)
[67.617s][info][gc,heap        ] GC(192) PSYoungGen: 112544K(222720K)->24260K(222720K) Eden: 111616K(111616K)->0K(111616K) From: 928K(111104K)->24260K(111104K)
[67.617s][info][gc,heap        ] GC(192) ParOldGen: 583070K(667648K)->583070K(667648K)
[67.617s][info][gc,metaspace   ] GC(192) Metaspace: 17577K(17792K)->17577K(17792K) NonClass: 14954K(15040K)->14954K(15040K) Class: 2623K(2752K)->2623K(2752K)
[67.617s][info][gc             ] GC(192) Pause Young (Allocation Failure) 679M->593M(869M) 49.542ms
[67.617s][info][gc,cpu         ] GC(192) User=0.10s Sys=0.00s Real=0.05s
[67.785s][info][gc,start       ] GC(193) Pause Young (Allocation Failure)
[67.841s][info][gc,heap        ] GC(193) PSYoungGen: 135876K(222720K)->3584K(222720K) Eden: 111616K(111616K)->0K(111616K) From: 24260K(111104K)->3584K(111104K)
[67.841s][info][gc,heap        ] GC(193) ParOldGen: 583070K(667648K)->607354K(667648K)
[67.841s][info][gc,metaspace   ] GC(193) Metaspace: 17577K(17792K)->17577K(17792K) NonClass: 14954K(15040K)->14954K(15040K) Class: 2623K(2752K)->2623K(2752K)
[67.841s][info][gc             ] GC(193) Pause Young (Allocation Failure) 702M->596M(869M) 55.609ms
[67.841s][info][gc,cpu         ] GC(193) User=0.11s Sys=0.00s Real=0.06s
[68.005s][info][gc,start       ] GC(194) Pause Young (Allocation Failure)
[68.013s][info][gc,heap        ] GC(194) PSYoungGen: 115200K(222720K)->64K(222720K) Eden: 111616K(111616K)->0K(111616K) From: 3584K(111104K)->64K(111104K)
[68.013s][info][gc,heap        ] GC(194) ParOldGen: 607354K(667648K)->610906K(667648K)
[68.013s][info][gc,metaspace   ] GC(194) Metaspace: 17577K(17792K)->17577K(17792K) NonClass: 14954K(15040K)->14954K(15040K) Class: 2623K(2752K)->2623K(2752K)
[68.013s][info][gc             ] GC(194) Pause Young (Allocation Failure) 705M->596M(869M) 8.567ms
[68.013s][info][gc,cpu         ] GC(194) User=0.02s Sys=0.00s Real=0.01s
[68.173s][info][gc,start       ] GC(195) Pause Young (Allocation Failure)
[68.175s][info][gc,heap        ] GC(195) PSYoungGen: 111680K(222720K)->64K(222720K) Eden: 111616K(111616K)->0K(111616K) From: 64K(111104K)->64K(111104K)
[68.175s][info][gc,heap        ] GC(195) ParOldGen: 610906K(667648K)->610906K(667648K)
[68.175s][info][gc,metaspace   ] GC(195) Metaspace: 17577K(17792K)->17577K(17792K) NonClass: 14954K(15040K)->14954K(15040K) Class: 2623K(2752K)->2623K(2752K)
[68.175s][info][gc             ] GC(195) Pause Young (Allocation Failure) 705M->596M(869M) 1.931ms
[68.175s][info][gc,cpu         ] GC(195) User=0.00s Sys=0.00s Real=0.00s
[68.336s][info][gc,start       ] GC(196) Pause Young (Allocation Failure)
[68.338s][info][gc,heap        ] GC(196) PSYoungGen: 111680K(222720K)->64K(222720K) Eden: 111616K(111616K)->0K(111616K) From: 64K(111104K)->64K(111104K)
[68.338s][info][gc,heap        ] GC(196) ParOldGen: 610906K(667648K)->610906K(667648K)
[68.338s][info][gc,metaspace   ] GC(196) Metaspace: 17577K(17792K)->17577K(17792K) NonClass: 14954K(15040K)->14954K(15040K) Class: 2623K(2752K)->2623K(2752K)
[68.338s][info][gc             ] GC(196) Pause Young (Allocation Failure) 705M->596M(869M) 1.935ms
[68.338s][info][gc,cpu         ] GC(196) User=0.01s Sys=0.00s Real=0.00s
[68.498s][info][gc,start       ] GC(197) Pause Young (Allocation Failure)
[68.500s][info][gc,heap        ] GC(197) PSYoungGen: 111680K(222720K)->64K(222720K) Eden: 111616K(111616K)->0K(111616K) From: 64K(111104K)->64K(111104K)
[68.500s][info][gc,heap        ] GC(197) ParOldGen: 610906K(667648K)->610906K(667648K)
[68.500s][info][gc,metaspace   ] GC(197) Metaspace: 17577K(17792K)->17577K(17792K) NonClass: 14954K(15040K)->14954K(15040K) Class: 2623K(2752K)->2623K(2752K)
[68.500s][info][gc             ] GC(197) Pause Young (Allocation Failure) 705M->596M(869M) 2.015ms
[68.500s][info][gc,cpu         ] GC(197) User=0.01s Sys=0.00s Real=0.00s
[68.660s][info][gc,start       ] GC(198) Pause Young (Allocation Failure)
[68.662s][info][gc,heap        ] GC(198) PSYoungGen: 111680K(222720K)->64K(222720K) Eden: 111616K(111616K)->0K(111616K) From: 64K(111104K)->64K(111104K)
[68.662s][info][gc,heap        ] GC(198) ParOldGen: 610906K(667648K)->610906K(667648K)
[68.662s][info][gc,metaspace   ] GC(198) Metaspace: 17577K(17792K)->17577K(17792K) NonClass: 14954K(15040K)->14954K(15040K) Class: 2623K(2752K)->2623K(2752K)
[68.662s][info][gc             ] GC(198) Pause Young (Allocation Failure) 705M->596M(869M) 1.957ms
[68.662s][info][gc,cpu         ] GC(198) User=0.00s Sys=0.00s Real=0.00s
[68.822s][info][gc,start       ] GC(199) Pause Young (Allocation Failure)
[68.824s][info][gc,heap        ] GC(199) PSYoungGen: 111680K(222720K)->64K(222720K) Eden: 111616K(111616K)->0K(111616K) From: 64K(111104K)->64K(111104K)
[68.824s][info][gc,heap        ] GC(199) ParOldGen: 610906K(667648K)->610906K(667648K)
[68.824s][info][gc,metaspace   ] GC(199) Metaspace: 17577K(17792K)->17577K(17792K) NonClass: 14954K(15040K)->14954K(15040K) Class: 2623K(2752K)->2623K(2752K)
[68.824s][info][gc             ] GC(199) Pause Young (Allocation Failure) 705M->596M(869M) 1.961ms
[68.824s][info][gc,cpu         ] GC(199) User=0.00s Sys=0.00s Real=0.00s
[68.948s][info][gc,start       ] GC(200) Pause Young (Allocation Failure)
[68.966s][info][gc,heap        ] GC(200) PSYoungGen: 111680K(222720K)->14528K(222720K) Eden: 111616K(111616K)->0K(111616K) From: 64K(111104K)->14528K(111104K)
[68.966s][info][gc,heap        ] GC(200) ParOldGen: 610906K(667648K)->610906K(667648K)
[68.966s][info][gc,metaspace   ] GC(200) Metaspace: 17578K(17792K)->17578K(17792K) NonClass: 14955K(15040K)->14955K(15040K) Class: 2623K(2752K)->2623K(2752K)
[68.966s][info][gc             ] GC(200) Pause Young (Allocation Failure) 705M->610M(869M) 17.677ms
[68.966s][info][gc,cpu         ] GC(200) User=0.03s Sys=0.00s Real=0.02s
[69.083s][info][gc,start       ] GC(201) Pause Young (Allocation Failure)
[69.112s][info][gc,heap        ] GC(201) PSYoungGen: 126144K(222720K)->12896K(222720K) Eden: 111616K(111616K)->0K(111616K) From: 14528K(111104K)->12896K(111104K)
[69.112s][info][gc,heap        ] GC(201) ParOldGen: 610906K(667648K)->625450K(667648K)
[69.112s][info][gc,metaspace   ] GC(201) Metaspace: 17578K(17792K)->17578K(17792K) NonClass: 14955K(15040K)->14955K(15040K) Class: 2623K(2752K)->2623K(2752K)
[69.112s][info][gc             ] GC(201) Pause Young (Allocation Failure) 719M->623M(869M) 29.541ms
[69.112s][info][gc,cpu         ] GC(201) User=0.06s Sys=0.00s Real=0.03s
[69.207s][info][gc,start       ] GC(202) Pause Young (Allocation Failure)
[69.227s][info][gc,heap        ] GC(202) PSYoungGen: 124512K(222720K)->3680K(222720K) Eden: 111616K(111616K)->0K(111616K) From: 12896K(111104K)->3680K(111104K)
[69.227s][info][gc,heap        ] GC(202) ParOldGen: 625450K(667648K)->638346K(667648K)
[69.227s][info][gc,metaspace   ] GC(202) Metaspace: 17578K(17792K)->17578K(17792K) NonClass: 14955K(15040K)->14955K(15040K) Class: 2623K(2752K)->2623K(2752K)
[69.227s][info][gc             ] GC(202) Pause Young (Allocation Failure) 732M->626M(869M) 20.070ms
[69.227s][info][gc,cpu         ] GC(202) User=0.04s Sys=0.00s Real=0.02s
[69.327s][info][gc,start       ] GC(203) Pause Full (Allocation Failure)
[69.328s][info][gc,phases,start] GC(203) Marking Phase
[69.650s][info][gc,phases      ] GC(203) Marking Phase 322.884ms
[69.650s][info][gc,phases,start] GC(203) Summary Phase
[69.650s][info][gc,phases      ] GC(203) Summary Phase 0.037ms
[69.650s][info][gc,phases,start] GC(203) Forward
[69.767s][info][gc,phases      ] GC(203) Forward 116.881ms
[69.767s][info][gc,phases,start] GC(203) Adjust Pointers
[70.045s][info][gc,phases      ] GC(203) Adjust Pointers 277.679ms
[70.045s][info][gc,phases,start] GC(203) Compaction Phase
[70.205s][info][gc,phases      ] GC(203) Compaction Phase 159.986ms
[70.221s][info][gc,phases,start] GC(203) Post Compact
[70.223s][info][gc,phases      ] GC(203) Post Compact 2.316ms
[70.223s][info][gc,heap        ] GC(203) PSYoungGen: 115296K(222720K)->0K(222720K) Eden: 111616K(111616K)->0K(111616K) From: 3680K(111104K)->0K(111104K)
[70.223s][info][gc,heap        ] GC(203) ParOldGen: 638346K(667648K)->489864K(667648K)
[70.223s][info][gc,metaspace   ] GC(203) Metaspace: 17578K(17792K)->17578K(17792K) NonClass: 14955K(15040K)->14955K(15040K) Class: 2623K(2752K)->2623K(2752K)
[70.223s][info][gc             ] GC(203) Pause Full (Allocation Failure) 735M->478M(869M) 895.966ms
[70.223s][info][gc,cpu         ] GC(203) User=1.70s Sys=0.00s Real=0.90s
[70.346s][info][gc,start       ] GC(204) Pause Young (Allocation Failure)
[70.350s][info][gc,heap        ] GC(204) PSYoungGen: 111616K(222720K)->736K(112640K) Eden: 111616K(111616K)->0K(111616K) From: 0K(111104K)->736K(1024K)
[70.350s][info][gc,heap        ] GC(204) ParOldGen: 489864K(667648K)->489864K(667648K)
[70.350s][info][gc,metaspace   ] GC(204) Metaspace: 17578K(17792K)->17578K(17792K) NonClass: 14955K(15040K)->14955K(15040K) Class: 2623K(2752K)->2623K(2752K)
[70.350s][info][gc             ] GC(204) Pause Young (Allocation Failure) 587M->479M(762M) 4.019ms
[70.350s][info][gc,cpu         ] GC(204) User=0.00s Sys=0.00s Real=0.00s
[70.476s][info][gc,start       ] GC(205) Pause Young (Allocation Failure)
[70.486s][info][gc,heap        ] GC(205) PSYoungGen: 112352K(112640K)->8192K(220672K) Eden: 111616K(111616K)->0K(118784K) From: 736K(1024K)->8192K(101888K)
[70.486s][info][gc,heap        ] GC(205) ParOldGen: 489864K(667648K)->489864K(667648K)
[70.486s][info][gc,metaspace   ] GC(205) Metaspace: 17578K(17792K)->17578K(17792K) NonClass: 14955K(15040K)->14955K(15040K) Class: 2623K(2752K)->2623K(2752K)
[70.486s][info][gc             ] GC(205) Pause Young (Allocation Failure) 588M->486M(867M) 10.522ms
[70.486s][info][gc,cpu         ] GC(205) User=0.02s Sys=0.00s Real=0.01s
[70.709s][info][gc,start       ] GC(206) Pause Young (Allocation Failure)
[70.721s][info][gc,heap        ] GC(206) PSYoungGen: 126976K(220672K)->8832K(220672K) Eden: 118784K(118784K)->0K(118784K) From: 8192K(101888K)->8832K(101888K)
[70.721s][info][gc,heap        ] GC(206) ParOldGen: 489864K(667648K)->489864K(667648K)
[70.721s][info][gc,metaspace   ] GC(206) Metaspace: 17578K(17792K)->17578K(17792K) NonClass: 14955K(15040K)->14955K(15040K) Class: 2623K(2752K)->2623K(2752K)
[70.721s][info][gc             ] GC(206) Pause Young (Allocation Failure) 602M->487M(867M) 11.338ms
[70.721s][info][gc,cpu         ] GC(206) User=0.02s Sys=0.01s Real=0.02s
[70.962s][info][gc,start       ] GC(207) Pause Young (Allocation Failure)
[70.974s][info][gc,heap        ] GC(207) PSYoungGen: 127616K(220672K)->8960K(207360K) Eden: 118784K(118784K)->0K(124928K) From: 8832K(101888K)->8960K(82432K)
[70.974s][info][gc,heap        ] GC(207) ParOldGen: 489864K(667648K)->489864K(667648K)
[70.974s][info][gc,metaspace   ] GC(207) Metaspace: 17578K(17792K)->17578K(17792K) NonClass: 14955K(15040K)->14955K(15040K) Class: 2623K(2752K)->2623K(2752K)
[70.974s][info][gc             ] GC(207) Pause Young (Allocation Failure) 603M->487M(854M) 11.538ms
[70.974s][info][gc,cpu         ] GC(207) User=0.02s Sys=0.00s Real=0.01s
[71.214s][info][gc,start       ] GC(208) Pause Young (Allocation Failure)
[71.225s][info][gc,heap        ] GC(208) PSYoungGen: 133888K(207360K)->8992K(214016K) Eden: 124928K(124928K)->0K(124928K) From: 8960K(82432K)->8992K(89088K)
[71.225s][info][gc,heap        ] GC(208) ParOldGen: 489864K(667648K)->489864K(667648K)
[71.225s][info][gc,metaspace   ] GC(208) Metaspace: 17578K(17792K)->17578K(17792K) NonClass: 14955K(15040K)->14955K(15040K) Class: 2623K(2752K)->2623K(2752K)
[71.225s][info][gc             ] GC(208) Pause Young (Allocation Failure) 609M->487M(861M) 11.025ms
[71.225s][info][gc,cpu         ] GC(208) User=0.02s Sys=0.00s Real=0.01s
[71.442s][info][gc,start       ] GC(209) Pause Young (Allocation Failure)
[71.455s][info][gc,heap        ] GC(209) PSYoungGen: 133920K(214016K)->8992K(203264K) Eden: 124928K(124928K)->0K(131072K) From: 8992K(89088K)->8992K(72192K)
[71.455s][info][gc,heap        ] GC(209) ParOldGen: 489864K(667648K)->489864K(667648K)
[71.455s][info][gc,metaspace   ] GC(209) Metaspace: 17578K(17792K)->17578K(17792K) NonClass: 14955K(15040K)->14955K(15040K) Class: 2623K(2752K)->2623K(2752K)
[71.456s][info][gc             ] GC(209) Pause Young (Allocation Failure) 609M->487M(850M) 13.857ms
[71.456s][info][gc,cpu         ] GC(209) User=0.03s Sys=0.00s Real=0.01s
[71.664s][info][gc,start       ] GC(210) Pause Young (Allocation Failure)
[71.688s][info][gc,heap        ] GC(210) PSYoungGen: 140064K(203264K)->22048K(208896K) Eden: 131072K(131072K)->0K(131072K) From: 8992K(72192K)->22048K(77824K)
[71.688s][info][gc,heap        ] GC(210) ParOldGen: 489864K(667648K)->489864K(667648K)
[71.688s][info][gc,metaspace   ] GC(210) Metaspace: 17578K(17792K)->17578K(17792K) NonClass: 14955K(15040K)->14955K(15040K) Class: 2623K(2752K)->2623K(2752K)
[71.688s][info][gc             ] GC(210) Pause Young (Allocation Failure) 615M->499M(856M) 23.299ms
[71.688s][info][gc,cpu         ] GC(210) User=0.05s Sys=0.00s Real=0.02s
[71.881s][info][gc,start       ] GC(211) Pause Young (Allocation Failure)
[71.913s][info][gc,heap        ] GC(211) PSYoungGen: 153120K(208896K)->22016K(207360K) Eden: 131072K(131072K)->0K(139264K) From: 22048K(77824K)->22016K(68096K)
[71.913s][info][gc,heap        ] GC(211) ParOldGen: 489864K(667648K)->489864K(667648K)
[71.913s][info][gc,metaspace   ] GC(211) Metaspace: 17578K(17792K)->17578K(17792K) NonClass: 14955K(15040K)->14955K(15040K) Class: 2623K(2752K)->2623K(2752K)
[71.913s][info][gc             ] GC(211) Pause Young (Allocation Failure) 627M->499M(854M) 32.298ms
[71.913s][info][gc,cpu         ] GC(211) User=0.07s Sys=0.00s Real=0.03s
[72.049s][info][gc,start       ] GC(212) Pause Young (Allocation Failure)
[72.098s][info][gc,heap        ] GC(212) PSYoungGen: 161280K(207360K)->58432K(209920K) Eden: 139264K(139264K)->0K(139264K) From: 22016K(68096K)->58432K(70656K)
[72.098s][info][gc,heap        ] GC(212) ParOldGen: 489864K(667648K)->489864K(667648K)
[72.098s][info][gc,metaspace   ] GC(212) Metaspace: 17578K(17792K)->17578K(17792K) NonClass: 14955K(15040K)->14955K(15040K) Class: 2623K(2752K)->2623K(2752K)
[72.098s][info][gc             ] GC(212) Pause Young (Allocation Failure) 635M->535M(857M) 49.183ms
[72.098s][info][gc,cpu         ] GC(212) User=0.10s Sys=0.00s Real=0.05s
[72.377s][info][gc,start       ] GC(213) Pause Young (Allocation Failure)
[72.453s][info][gc,heap        ] GC(213) PSYoungGen: 197696K(209920K)->75824K(216064K) Eden: 139264K(139264K)->0K(135680K) From: 58432K(70656K)->75824K(80384K)
[72.453s][info][gc,heap        ] GC(213) ParOldGen: 489864K(667648K)->489864K(667648K)
[72.453s][info][gc,metaspace   ] GC(213) Metaspace: 17587K(17792K)->17587K(17792K) NonClass: 14964K(15040K)->14964K(15040K) Class: 2623K(2752K)->2623K(2752K)
[72.453s][info][gc             ] GC(213) Pause Young (Allocation Failure) 671M->552M(863M) 76.638ms
[72.453s][info][gc,cpu         ] GC(213) User=0.14s Sys=0.01s Real=0.08s
[72.723s][info][gc,start       ] GC(214) Pause Young (Allocation Failure)
[72.803s][info][gc,heap        ] GC(214) PSYoungGen: 211504K(216064K)->89600K(225792K) Eden: 135680K(135680K)->0K(135680K) From: 75824K(80384K)->89600K(90112K)
[72.804s][info][gc,heap        ] GC(214) ParOldGen: 489864K(667648K)->489864K(667648K)
[72.804s][info][gc,metaspace   ] GC(214) Metaspace: 17611K(17792K)->17611K(17792K) NonClass: 14983K(15040K)->14983K(15040K) Class: 2628K(2752K)->2628K(2752K)
[72.804s][info][gc             ] GC(214) Pause Young (Allocation Failure) 684M->565M(872M) 80.452ms
[72.804s][info][gc,cpu         ] GC(214) User=0.16s Sys=0.00s Real=0.08s
[72.999s][info][gc,start       ] GC(215) Pause Young (Allocation Failure)
[73.079s][info][gc,heap        ] GC(215) PSYoungGen: 225280K(225792K)->81456K(219648K) Eden: 135680K(135680K)->0K(111616K) From: 89600K(90112K)->81456K(108032K)
[73.079s][info][gc,heap        ] GC(215) ParOldGen: 489864K(667648K)->498024K(667648K)
[73.079s][info][gc,metaspace   ] GC(215) Metaspace: 17611K(17792K)->17611K(17792K) NonClass: 14983K(15040K)->14983K(15040K) Class: 2628K(2752K)->2628K(2752K)
[73.079s][info][gc             ] GC(215) Pause Young (Allocation Failure) 698M->565M(866M) 80.338ms
[73.079s][info][gc,cpu         ] GC(215) User=0.16s Sys=0.00s Real=0.08s
[73.239s][info][gc,start       ] GC(216) Pause Young (Allocation Failure)
[73.309s][info][gc,heap        ] GC(216) PSYoungGen: 193072K(219648K)->80656K(222720K) Eden: 111616K(111616K)->0K(111616K) From: 81456K(108032K)->80656K(111104K)
[73.309s][info][gc,heap        ] GC(216) ParOldGen: 498024K(667648K)->498822K(667648K)
[73.309s][info][gc,metaspace   ] GC(216) Metaspace: 17611K(17792K)->17611K(17792K) NonClass: 14983K(15040K)->14983K(15040K) Class: 2628K(2752K)->2628K(2752K)
[73.309s][info][gc             ] GC(216) Pause Young (Allocation Failure) 674M->565M(869M) 70.611ms
[73.309s][info][gc,cpu         ] GC(216) User=0.14s Sys=0.00s Real=0.07s
[73.469s][info][gc,start       ] GC(217) Pause Young (Allocation Failure)
[73.544s][info][gc,heap        ] GC(217) PSYoungGen: 192272K(222720K)->80656K(222720K) Eden: 111616K(111616K)->0K(111616K) From: 80656K(111104K)->80656K(111104K)
[73.544s][info][gc,heap        ] GC(217) ParOldGen: 498822K(667648K)->498846K(667648K)
[73.544s][info][gc,metaspace   ] GC(217) Metaspace: 17611K(17792K)->17611K(17792K) NonClass: 14983K(15040K)->14983K(15040K) Class: 2628K(2752K)->2628K(2752K)
[73.544s][info][gc             ] GC(217) Pause Young (Allocation Failure) 674M->565M(869M) 74.858ms
[73.544s][info][gc,cpu         ] GC(217) User=0.15s Sys=0.00s Real=0.08s
[73.704s][info][gc,start       ] GC(218) Pause Young (Allocation Failure)
[73.777s][info][gc,heap        ] GC(218) PSYoungGen: 192272K(222720K)->67600K(222720K) Eden: 111616K(111616K)->0K(111616K) From: 80656K(111104K)->67600K(111104K)
[73.777s][info][gc,heap        ] GC(218) ParOldGen: 498846K(667648K)->511966K(667648K)
[73.777s][info][gc,metaspace   ] GC(218) Metaspace: 17611K(17792K)->17611K(17792K) NonClass: 14983K(15040K)->14983K(15040K) Class: 2628K(2752K)->2628K(2752K)
[73.777s][info][gc             ] GC(218) Pause Young (Allocation Failure) 674M->565M(869M) 73.224ms
[73.777s][info][gc,cpu         ] GC(218) User=0.14s Sys=0.00s Real=0.07s
[73.938s][info][gc,start       ] GC(219) Pause Young (Allocation Failure)
[73.999s][info][gc,heap        ] GC(219) PSYoungGen: 179216K(222720K)->13824K(222720K) Eden: 111616K(111616K)->0K(111616K) From: 67600K(111104K)->13824K(111104K)
[73.999s][info][gc,heap        ] GC(219) ParOldGen: 511966K(667648K)->566337K(667648K)
[73.999s][info][gc,metaspace   ] GC(219) Metaspace: 17611K(17792K)->17611K(17792K) NonClass: 14983K(15040K)->14983K(15040K) Class: 2628K(2752K)->2628K(2752K)
[73.999s][info][gc             ] GC(219) Pause Young (Allocation Failure) 674M->566M(869M) 61.338ms
[73.999s][info][gc,cpu         ] GC(219) User=0.12s Sys=0.00s Real=0.06s
[74.161s][info][gc,start       ] GC(220) Pause Young (Allocation Failure)
[74.187s][info][gc,heap        ] GC(220) PSYoungGen: 125440K(222720K)->32K(222720K) Eden: 111616K(111616K)->0K(111616K) From: 13824K(111104K)->32K(111104K)
[74.187s][info][gc,heap        ] GC(220) ParOldGen: 566337K(667648K)->580153K(667648K)
[74.187s][info][gc,metaspace   ] GC(220) Metaspace: 17611K(17792K)->17611K(17792K) NonClass: 14983K(15040K)->14983K(15040K) Class: 2628K(2752K)->2628K(2752K)
[74.187s][info][gc             ] GC(220) Pause Young (Allocation Failure) 675M->566M(869M) 26.133ms
[74.187s][info][gc,cpu         ] GC(220) User=0.06s Sys=0.00s Real=0.02s
[74.346s][info][gc,start       ] GC(221) Pause Young (Allocation Failure)
[74.348s][info][gc,heap        ] GC(221) PSYoungGen: 111648K(222720K)->64K(222720K) Eden: 111616K(111616K)->0K(111616K) From: 32K(111104K)->64K(111104K)
[74.348s][info][gc,heap        ] GC(221) ParOldGen: 580153K(667648K)->580153K(667648K)
[74.348s][info][gc,metaspace   ] GC(221) Metaspace: 17611K(17792K)->17611K(17792K) NonClass: 14983K(15040K)->14983K(15040K) Class: 2628K(2752K)->2628K(2752K)
[74.348s][info][gc             ] GC(221) Pause Young (Allocation Failure) 675M->566M(869M) 1.911ms
[74.348s][info][gc,cpu         ] GC(221) User=0.01s Sys=0.00s Real=0.00s
[74.544s][info][gc,start       ] GC(222) Pause Young (Allocation Failure)
[74.546s][info][gc,heap        ] GC(222) PSYoungGen: 111680K(222720K)->64K(222720K) Eden: 111616K(111616K)->0K(111616K) From: 64K(111104K)->64K(111104K)
[74.546s][info][gc,heap        ] GC(222) ParOldGen: 580153K(667648K)->580153K(667648K)
[74.546s][info][gc,metaspace   ] GC(222) Metaspace: 17611K(17792K)->17611K(17792K) NonClass: 14983K(15040K)->14983K(15040K) Class: 2628K(2752K)->2628K(2752K)
[74.546s][info][gc             ] GC(222) Pause Young (Allocation Failure) 675M->566M(869M) 1.854ms
[74.546s][info][gc,cpu         ] GC(222) User=0.00s Sys=0.00s Real=0.00s
[74.699s][info][gc,start       ] GC(223) Pause Young (Allocation Failure)
[74.716s][info][gc,heap        ] GC(223) PSYoungGen: 111680K(222720K)->14560K(222720K) Eden: 111616K(111616K)->0K(111616K) From: 64K(111104K)->14560K(111104K)
[74.717s][info][gc,heap        ] GC(223) ParOldGen: 580153K(667648K)->580153K(667648K)
[74.717s][info][gc,metaspace   ] GC(223) Metaspace: 17611K(17792K)->17611K(17792K) NonClass: 14983K(15040K)->14983K(15040K) Class: 2628K(2752K)->2628K(2752K)
[74.717s][info][gc             ] GC(223) Pause Young (Allocation Failure) 675M->580M(869M) 17.684ms
[74.717s][info][gc,cpu         ] GC(223) User=0.03s Sys=0.00s Real=0.02s
[74.836s][info][gc,start       ] GC(224) Pause Young (Allocation Failure)
[74.888s][info][gc,heap        ] GC(224) PSYoungGen: 126176K(222720K)->25952K(137728K) Eden: 111616K(111616K)->0K(111616K) From: 14560K(111104K)->25952K(26112K)
[74.888s][info][gc,heap        ] GC(224) ParOldGen: 580153K(667648K)->594689K(667648K)
[74.888s][info][gc,metaspace   ] GC(224) Metaspace: 17611K(17792K)->17611K(17792K) NonClass: 14983K(15040K)->14983K(15040K) Class: 2628K(2752K)->2628K(2752K)
[74.888s][info][gc             ] GC(224) Pause Young (Allocation Failure) 689M->606M(786M) 52.270ms
[74.888s][info][gc,cpu         ] GC(224) User=0.11s Sys=0.00s Real=0.05s
[74.964s][info][gc,start       ] GC(225) Pause Young (Allocation Failure)
[75.002s][info][gc,heap        ] GC(225) PSYoungGen: 137568K(137728K)->36480K(227840K) Eden: 111616K(111616K)->0K(117248K) From: 25952K(26112K)->36480K(110592K)
[75.002s][info][gc,heap        ] GC(225) ParOldGen: 594689K(667648K)->594689K(667648K)
[75.002s][info][gc,metaspace   ] GC(225) Metaspace: 17611K(17792K)->17611K(17792K) NonClass: 14983K(15040K)->14983K(15040K) Class: 2628K(2752K)->2628K(2752K)
[75.002s][info][gc             ] GC(225) Pause Young (Allocation Failure) 715M->616M(874M) 38.700ms
[75.002s][info][gc,cpu         ] GC(225) User=0.08s Sys=0.00s Real=0.04s
[75.081s][info][gc,start       ] GC(226) Pause Young (Allocation Failure)
[75.138s][info][gc,heap        ] GC(226) PSYoungGen: 153728K(227840K)->26688K(144384K) Eden: 117248K(117248K)->0K(117248K) From: 36480K(110592K)->26688K(27136K)
[75.138s][info][gc,heap        ] GC(226) ParOldGen: 594689K(667648K)->620689K(667648K)
[75.138s][info][gc,metaspace   ] GC(226) Metaspace: 17611K(17792K)->17611K(17792K) NonClass: 14983K(15040K)->14983K(15040K) Class: 2628K(2752K)->2628K(2752K)
[75.138s][info][gc             ] GC(226) Pause Young (Allocation Failure) 730M->632M(793M) 56.763ms
[75.138s][info][gc,cpu         ] GC(226) User=0.12s Sys=0.00s Real=0.05s
[75.229s][info][gc,start       ] GC(227) Pause Young (Allocation Failure)
[75.274s][info][gc,heap        ] GC(227) PSYoungGen: 143936K(144384K)->12896K(220160K) Eden: 117248K(117248K)->0K(121856K) From: 26688K(27136K)->12896K(98304K)
[75.274s][info][gc,heap        ] GC(227) ParOldGen: 620689K(667648K)->647401K(667648K)
[75.274s][info][gc,metaspace   ] GC(227) Metaspace: 17611K(17792K)->17611K(17792K) NonClass: 14983K(15040K)->14983K(15040K) Class: 2628K(2752K)->2628K(2752K)
[75.274s][info][gc             ] GC(227) Pause Young (Allocation Failure) 746M->644M(867M) 45.086ms
[75.274s][info][gc,cpu         ] GC(227) User=0.09s Sys=0.00s Real=0.05s
[75.384s][info][gc,start       ] GC(228) Pause Full (Allocation Failure)
[75.384s][info][gc,phases,start] GC(228) Marking Phase
[75.636s][info][gc,phases      ] GC(228) Marking Phase 252.836ms
[75.636s][info][gc,phases,start] GC(228) Summary Phase
[75.637s][info][gc,phases      ] GC(228) Summary Phase 0.028ms
[75.637s][info][gc,phases,start] GC(228) Forward
[75.736s][info][gc,phases      ] GC(228) Forward 99.635ms
[75.736s][info][gc,phases,start] GC(228) Adjust Pointers
[75.945s][info][gc,phases      ] GC(228) Adjust Pointers 208.567ms
[75.945s][info][gc,phases,start] GC(228) Compaction Phase
[76.060s][info][gc,phases      ] GC(228) Compaction Phase 115.578ms
[76.069s][info][gc,phases,start] GC(228) Post Compact
[76.071s][info][gc,phases      ] GC(228) Post Compact 2.314ms
[76.071s][info][gc,heap        ] GC(228) PSYoungGen: 134752K(220160K)->0K(216576K) Eden: 121856K(121856K)->0K(121856K) From: 12896K(98304K)->0K(94720K)
[76.071s][info][gc,heap        ] GC(228) ParOldGen: 647401K(667648K)->378791K(656896K)
[76.071s][info][gc,metaspace   ] GC(228) Metaspace: 17611K(17792K)->17611K(17792K) NonClass: 14983K(15040K)->14983K(15040K) Class: 2628K(2752K)->2628K(2752K)
[76.071s][info][gc             ] GC(228) Pause Full (Allocation Failure) 763M->369M(853M) 687.717ms
[76.071s][info][gc,cpu         ] GC(228) User=1.29s Sys=0.00s Real=0.69s
[76.185s][info][gc,start       ] GC(229) Pause Young (Allocation Failure)
[76.207s][info][gc,heap        ] GC(229) PSYoungGen: 121856K(216576K)->18336K(218624K) Eden: 121856K(121856K)->0K(135680K) From: 0K(94720K)->18336K(82944K)
[76.207s][info][gc,heap        ] GC(229) ParOldGen: 378791K(656896K)->378791K(656896K)
[76.207s][info][gc,metaspace   ] GC(229) Metaspace: 17635K(17856K)->17635K(17856K) NonClass: 15006K(15104K)->15006K(15104K) Class: 2629K(2752K)->2629K(2752K)
[76.207s][info][gc             ] GC(229) Pause Young (Allocation Failure) 488M->387M(855M) 22.127ms
[76.207s][info][gc,cpu         ] GC(229) User=0.05s Sys=0.00s Real=0.02s
[76.306s][info][gc,start       ] GC(230) Pause Young (Allocation Failure)
[76.336s][info][gc,heap        ] GC(230) PSYoungGen: 154016K(218624K)->7616K(225280K) Eden: 135680K(135680K)->0K(135680K) From: 18336K(82944K)->7616K(89600K)
[76.336s][info][gc,heap        ] GC(230) ParOldGen: 378791K(656896K)->397126K(656896K)
[76.336s][info][gc,metaspace   ] GC(230) Metaspace: 17635K(17856K)->17635K(17856K) NonClass: 15006K(15104K)->15006K(15104K) Class: 2629K(2752K)->2629K(2752K)
[76.336s][info][gc             ] GC(230) Pause Young (Allocation Failure) 520M->395M(861M) 29.300ms
[76.336s][info][gc,cpu         ] GC(230) User=0.06s Sys=0.00s Real=0.03s
[76.542s][info][gc,start       ] GC(231) Pause Young (Allocation Failure)
[76.558s][info][gc,heap        ] GC(231) PSYoungGen: 143296K(225280K)->224K(231424K) Eden: 135680K(135680K)->0K(149504K) From: 7616K(89600K)->224K(81920K)
[76.558s][info][gc,heap        ] GC(231) ParOldGen: 397126K(656896K)->404734K(656896K)
[76.558s][info][gc,metaspace   ] GC(231) Metaspace: 17635K(17856K)->17635K(17856K) NonClass: 15006K(15104K)->15006K(15104K) Class: 2629K(2752K)->2629K(2752K)
[76.558s][info][gc             ] GC(231) Pause Young (Allocation Failure) 527M->395M(867M) 15.961ms
[76.558s][info][gc,cpu         ] GC(231) User=0.03s Sys=0.00s Real=0.01s
[76.720s][info][gc,start       ] GC(232) Pause Young (Allocation Failure)
[76.730s][info][gc,heap        ] GC(232) PSYoungGen: 149728K(231424K)->1312K(234496K) Eden: 149504K(149504K)->0K(149504K) From: 224K(81920K)->1312K(84992K)
[76.730s][info][gc,heap        ] GC(232) ParOldGen: 404734K(656896K)->404902K(656896K)
[76.730s][info][gc,metaspace   ] GC(232) Metaspace: 17636K(17856K)->17636K(17856K) NonClass: 15007K(15104K)->15007K(15104K) Class: 2629K(2752K)->2629K(2752K)
[76.730s][info][gc             ] GC(232) Pause Young (Allocation Failure) 541M->396M(870M) 10.080ms
[76.730s][info][gc,cpu         ] GC(232) User=0.02s Sys=0.00s Real=0.01s
[76.935s][info][gc,start       ] GC(233) Pause Young (Allocation Failure)
[76.944s][info][gc,heap        ] GC(233) PSYoungGen: 150816K(234496K)->4672K(236032K) Eden: 149504K(149504K)->0K(161792K) From: 1312K(84992K)->4672K(74240K)
[76.944s][info][gc,heap        ] GC(233) ParOldGen: 404902K(656896K)->404902K(656896K)
[76.944s][info][gc,metaspace   ] GC(233) Metaspace: 17637K(17856K)->17637K(17856K) NonClass: 15007K(15104K)->15007K(15104K) Class: 2629K(2752K)->2629K(2752K)
[76.944s][info][gc             ] GC(233) Pause Young (Allocation Failure) 542M->399M(872M) 8.441ms
[76.944s][info][gc,cpu         ] GC(233) User=0.01s Sys=0.00s Real=0.01s
[77.176s][info][gc,start       ] GC(234) Pause Young (Allocation Failure)
[77.192s][info][gc,heap        ] GC(234) PSYoungGen: 166464K(236032K)->13344K(241152K) Eden: 161792K(161792K)->0K(161792K) From: 4672K(74240K)->13344K(79360K)
[77.192s][info][gc,heap        ] GC(234) ParOldGen: 404902K(656896K)->404902K(656896K)
[77.192s][info][gc,metaspace   ] GC(234) Metaspace: 17637K(17856K)->17637K(17856K) NonClass: 15007K(15104K)->15007K(15104K) Class: 2629K(2752K)->2629K(2752K)
[77.192s][info][gc             ] GC(234) Pause Young (Allocation Failure) 557M->408M(877M) 16.458ms
[77.192s][info][gc,cpu         ] GC(234) User=0.03s Sys=0.00s Real=0.02s
[77.696s][info][gc,start       ] GC(235) Pause Young (Allocation Failure)
[77.735s][info][gc,heap        ] GC(235) PSYoungGen: 175136K(241152K)->38088K(246784K) Eden: 161792K(161792K)->0K(172544K) From: 13344K(79360K)->38088K(74240K)
[77.735s][info][gc,heap        ] GC(235) ParOldGen: 404902K(656896K)->404902K(656896K)
[77.735s][info][gc,metaspace   ] GC(235) Metaspace: 17637K(17856K)->17637K(17856K) NonClass: 15008K(15104K)->15008K(15104K) Class: 2629K(2752K)->2629K(2752K)
[77.735s][info][gc             ] GC(235) Pause Young (Allocation Failure) 566M->432M(882M) 38.599ms
[77.735s][info][gc,cpu         ] GC(235) User=0.08s Sys=0.00s Real=0.04s
[77.875s][info][gc,start       ] GC(236) Pause Young (Allocation Failure)
[77.959s][info][gc,heap        ] GC(236) PSYoungGen: 210632K(246784K)->75752K(248320K) Eden: 172544K(172544K)->0K(172544K) From: 38088K(74240K)->75752K(75776K)
[77.959s][info][gc,heap        ] GC(236) ParOldGen: 404902K(656896K)->426286K(656896K)
[77.959s][info][gc,metaspace   ] GC(236) Metaspace: 17656K(17856K)->17656K(17856K) NonClass: 15022K(15104K)->15022K(15104K) Class: 2633K(2752K)->2633K(2752K)
[77.959s][info][gc             ] GC(236) Pause Young (Allocation Failure) 601M->490M(884M) 84.157ms
[77.959s][info][gc,cpu         ] GC(236) User=0.17s Sys=0.00s Real=0.08s
[78.296s][info][gc,start       ] GC(237) Pause Young (Allocation Failure)
[78.386s][info][gc,heap        ] GC(237) PSYoungGen: 248296K(248320K)->81400K(197120K) Eden: 172544K(172544K)->0K(111616K) From: 75752K(75776K)->81400K(85504K)
[78.386s][info][gc,heap        ] GC(237) ParOldGen: 426286K(656896K)->430940K(656896K)
[78.386s][info][gc,metaspace   ] GC(237) Metaspace: 17664K(17856K)->17664K(17856K) NonClass: 15031K(15104K)->15031K(15104K) Class: 2633K(2752K)->2633K(2752K)
[78.386s][info][gc             ] GC(237) Pause Young (Allocation Failure) 658M->500M(834M) 90.753ms
[78.386s][info][gc,cpu         ] GC(237) User=0.16s Sys=0.02s Real=0.09s
[78.568s][info][gc,start       ] GC(238) Pause Young (Allocation Failure)
[78.649s][info][gc,heap        ] GC(238) PSYoungGen: 193016K(197120K)->49536K(222720K) Eden: 111616K(111616K)->0K(111616K) From: 81400K(85504K)->49536K(111104K)
[78.649s][info][gc,heap        ] GC(238) ParOldGen: 430940K(656896K)->463176K(656896K)
[78.649s][info][gc,metaspace   ] GC(238) Metaspace: 17664K(17856K)->17664K(17856K) NonClass: 15031K(15104K)->15031K(15104K) Class: 2633K(2752K)->2633K(2752K)
[78.649s][info][gc             ] GC(238) Pause Young (Allocation Failure) 609M->500M(859M) 81.412ms
[78.649s][info][gc,cpu         ] GC(238) User=0.16s Sys=0.00s Real=0.08s
[78.990s][info][gc,start       ] GC(239) Pause Young (Allocation Failure)
[79.036s][info][gc,heap        ] GC(239) PSYoungGen: 161152K(222720K)->576K(218112K) Eden: 111616K(111616K)->0K(113152K) From: 49536K(111104K)->576K(104960K)
[79.036s][info][gc,heap        ] GC(239) ParOldGen: 463176K(656896K)->512856K(656896K)
[79.036s][info][gc,metaspace   ] GC(239) Metaspace: 17666K(17920K)->17666K(17920K) NonClass: 15033K(15168K)->15033K(15168K) Class: 2633K(2752K)->2633K(2752K)
[79.036s][info][gc             ] GC(239) Pause Young (Allocation Failure) 609M->501M(854M) 45.595ms
[79.036s][info][gc,cpu         ] GC(239) User=0.09s Sys=0.00s Real=0.05s
[79.202s][info][gc,start       ] GC(240) Pause Young (Allocation Failure)
[79.207s][info][gc,heap        ] GC(240) PSYoungGen: 113728K(218112K)->672K(221184K) Eden: 113152K(113152K)->0K(113152K) From: 576K(104960K)->672K(108032K)
[79.207s][info][gc,heap        ] GC(240) ParOldGen: 512856K(656896K)->513072K(656896K)
[79.207s][info][gc,metaspace   ] GC(240) Metaspace: 17666K(17920K)->17666K(17920K) NonClass: 15033K(15168K)->15033K(15168K) Class: 2633K(2752K)->2633K(2752K)
[79.207s][info][gc             ] GC(240) Pause Young (Allocation Failure) 611M->501M(857M) 5.053ms
[79.207s][info][gc,cpu         ] GC(240) User=0.01s Sys=0.01s Real=0.00s
[79.424s][info][gc,start       ] GC(241) Pause Young (Allocation Failure)
[79.430s][info][gc,heap        ] GC(241) PSYoungGen: 113824K(221184K)->1280K(220160K) Eden: 113152K(113152K)->0K(120320K) From: 672K(108032K)->1280K(99840K)
[79.430s][info][gc,heap        ] GC(241) ParOldGen: 513072K(656896K)->513072K(656896K)
[79.430s][info][gc,metaspace   ] GC(241) Metaspace: 17667K(17920K)->17667K(17920K) NonClass: 15034K(15168K)->15034K(15168K) Class: 2633K(2752K)->2633K(2752K)
[79.430s][info][gc             ] GC(241) Pause Young (Allocation Failure) 612M->502M(856M) 5.435ms
[79.430s][info][gc,cpu         ] GC(241) User=0.01s Sys=0.00s Real=0.00s
[79.630s][info][gc,start       ] GC(242) Pause Young (Allocation Failure)
[79.637s][info][gc,heap        ] GC(242) PSYoungGen: 121600K(220160K)->2441K(223232K) Eden: 120320K(120320K)->0K(120320K) From: 1280K(99840K)->2441K(102912K)
[79.637s][info][gc,heap        ] GC(242) ParOldGen: 513072K(656896K)->513072K(656896K)
[79.637s][info][gc,metaspace   ] GC(242) Metaspace: 17668K(17920K)->17668K(17920K) NonClass: 15034K(15168K)->15034K(15168K) Class: 2633K(2752K)->2633K(2752K)
[79.637s][info][gc             ] GC(242) Pause Young (Allocation Failure) 619M->503M(859M) 6.472ms
[79.637s][info][gc,cpu         ] GC(242) User=0.02s Sys=0.00s Real=0.01s
[79.817s][info][gc,start       ] GC(243) Pause Young (Allocation Failure)
[79.829s][info][gc,heap        ] GC(243) PSYoungGen: 122761K(223232K)->4137K(218624K) Eden: 120320K(120320K)->0K(128512K) From: 2441K(102912K)->4137K(90112K)
[79.829s][info][gc,heap        ] GC(243) ParOldGen: 513072K(656896K)->513072K(656896K)
[79.829s][info][gc,metaspace   ] GC(243) Metaspace: 17673K(17920K)->17673K(17920K) NonClass: 15040K(15168K)->15040K(15168K) Class: 2633K(2752K)->2633K(2752K)
[79.829s][info][gc             ] GC(243) Pause Young (Allocation Failure) 620M->505M(855M) 11.614ms
[79.829s][info][gc,cpu         ] GC(243) User=0.02s Sys=0.00s Real=0.01s
[80.242s][info][gc,start       ] GC(244) Pause Young (Allocation Failure)
[80.278s][info][gc,heap        ] GC(244) PSYoungGen: 132649K(218624K)->18090K(223232K) Eden: 128512K(128512K)->0K(128512K) From: 4137K(90112K)->18090K(94720K)
[80.278s][info][gc,heap        ] GC(244) ParOldGen: 513072K(656896K)->513072K(656896K)
[80.279s][info][gc,metaspace   ] GC(244) Metaspace: 17691K(17920K)->17691K(17920K) NonClass: 15054K(15168K)->15054K(15168K) Class: 2637K(2752K)->2637K(2752K)
[80.279s][info][gc             ] GC(244) Pause Young (Allocation Failure) 630M->518M(859M) 36.877ms
[80.279s][info][gc,cpu         ] GC(244) User=0.07s Sys=0.00s Real=0.03s
[80.583s][info][gc,start       ] GC(245) Pause Young (Allocation Failure)
[80.633s][info][gc,heap        ] GC(245) PSYoungGen: 146602K(223232K)->28778K(218112K) Eden: 128512K(128512K)->0K(137728K) From: 18090K(94720K)->28778K(80384K)
[80.634s][info][gc,heap        ] GC(245) ParOldGen: 513072K(656896K)->513072K(656896K)
[80.634s][info][gc,metaspace   ] GC(245) Metaspace: 17697K(17920K)->17697K(17920K) NonClass: 15058K(15168K)->15058K(15168K) Class: 2638K(2752K)->2638K(2752K)
[80.634s][info][gc             ] GC(245) Pause Young (Allocation Failure) 644M->529M(854M) 50.988ms
[80.634s][info][gc,cpu         ] GC(245) User=0.10s Sys=0.00s Real=0.05s
[80.806s][info][gc,start       ] GC(246) Pause Young (Allocation Failure)
[80.866s][info][gc,heap        ] GC(246) PSYoungGen: 166506K(218112K)->43658K(221696K) Eden: 137728K(137728K)->0K(137728K) From: 28778K(80384K)->43658K(83968K)
[80.866s][info][gc,heap        ] GC(246) ParOldGen: 513072K(656896K)->513072K(656896K)
[80.866s][info][gc,metaspace   ] GC(246) Metaspace: 17698K(17920K)->17698K(17920K) NonClass: 15059K(15168K)->15059K(15168K) Class: 2638K(2752K)->2638K(2752K)
[80.866s][info][gc             ] GC(246) Pause Young (Allocation Failure) 663M->543M(858M) 59.879ms
[80.866s][info][gc,cpu         ] GC(246) User=0.12s Sys=0.00s Real=0.06s
[81.038s][info][gc,start       ] GC(247) Pause Young (Allocation Failure)
[81.107s][info][gc,heap        ] GC(247) PSYoungGen: 181386K(221696K)->54506K(230912K) Eden: 137728K(137728K)->0K(144896K) From: 43658K(83968K)->54506K(86016K)
[81.107s][info][gc,heap        ] GC(247) ParOldGen: 513072K(656896K)->513072K(656896K)
[81.107s][info][gc,metaspace   ] GC(247) Metaspace: 17704K(17920K)->17704K(17920K) NonClass: 15066K(15168K)->15066K(15168K) Class: 2638K(2752K)->2638K(2752K)
[81.107s][info][gc             ] GC(247) Pause Young (Allocation Failure) 678M->554M(867M) 69.117ms
[81.107s][info][gc,cpu         ] GC(247) User=0.14s Sys=0.00s Real=0.07s
[81.385s][info][gc,start       ] GC(248) Pause Young (Allocation Failure)
[81.456s][info][gc,heap        ] GC(248) PSYoungGen: 199402K(230912K)->56778K(236032K) Eden: 144896K(144896K)->0K(144896K) From: 54506K(86016K)->56778K(91136K)
[81.456s][info][gc,heap        ] GC(248) ParOldGen: 513072K(656896K)->513408K(656896K)
[81.456s][info][gc,metaspace   ] GC(248) Metaspace: 17711K(17920K)->17711K(17920K) NonClass: 15073K(15168K)->15073K(15168K) Class: 2638K(2752K)->2638K(2752K)
[81.456s][info][gc             ] GC(248) Pause Young (Allocation Failure) 695M->556M(872M) 71.445ms
[81.456s][info][gc,cpu         ] GC(248) User=0.14s Sys=0.00s Real=0.07s
[81.704s][info][gc,start       ] GC(249) Pause Young (Allocation Failure)
[81.778s][info][gc,heap        ] GC(249) PSYoungGen: 201674K(236032K)->59210K(229888K) Eden: 144896K(144896K)->0K(134144K) From: 56778K(91136K)->59210K(95744K)
[81.778s][info][gc,heap        ] GC(249) ParOldGen: 513408K(656896K)->513712K(656896K)
[81.778s][info][gc,metaspace   ] GC(249) Metaspace: 17713K(17920K)->17713K(17920K) NonClass: 15074K(15168K)->15074K(15168K) Class: 2638K(2752K)->2638K(2752K)
[81.778s][info][gc             ] GC(249) Pause Young (Allocation Failure) 698M->559M(866M) 74.087ms
[81.778s][info][gc,cpu         ] GC(249) User=0.14s Sys=0.00s Real=0.07s
[81.862s][info][gc,start       ] GC(250) Pause Young (Allocation Failure)
[81.935s][info][gc,heap        ] GC(250) PSYoungGen: 193354K(229888K)->58602K(193024K) Eden: 134144K(134144K)->0K(134144K) From: 59210K(95744K)->58602K(58880K)
[81.935s][info][gc,heap        ] GC(250) ParOldGen: 513712K(656896K)->514320K(656896K)
[81.935s][info][gc,metaspace   ] GC(250) Metaspace: 17713K(17920K)->17713K(17920K) NonClass: 15074K(15168K)->15074K(15168K) Class: 2638K(2752K)->2638K(2752K)
[81.935s][info][gc             ] GC(250) Pause Young (Allocation Failure) 690M->559M(830M) 73.045ms
[81.935s][info][gc,cpu         ] GC(250) User=0.14s Sys=0.00s Real=0.07s
[82.148s][info][gc,start       ] GC(251) Pause Young (Allocation Failure)
[82.234s][info][gc,heap        ] GC(251) PSYoungGen: 192746K(193024K)->67489K(220672K) Eden: 134144K(134144K)->0K(117760K) From: 58602K(58880K)->67489K(102912K)
[82.234s][info][gc,heap        ] GC(251) ParOldGen: 514320K(656896K)->517229K(656896K)
[82.234s][info][gc,metaspace   ] GC(251) Metaspace: 17723K(17920K)->17723K(17920K) NonClass: 15079K(15168K)->15079K(15168K) Class: 2643K(2752K)->2643K(2752K)
[82.234s][info][gc             ] GC(251) Pause Young (Allocation Failure) 690M->571M(857M) 85.530ms
[82.234s][info][gc,cpu         ] GC(251) User=0.17s Sys=0.00s Real=0.09s
[82.340s][info][gc,start       ] GC(252) Pause Young (Allocation Failure)
[82.436s][info][gc,heap        ] GC(252) PSYoungGen: 185249K(220672K)->59776K(177664K) Eden: 117760K(117760K)->0K(117760K) From: 67489K(102912K)->59776K(59904K)
[82.436s][info][gc,heap        ] GC(252) ParOldGen: 517229K(656896K)->541906K(656896K)
[82.436s][info][gc,metaspace   ] GC(252) Metaspace: 17723K(17920K)->17723K(17920K) NonClass: 15079K(15168K)->15079K(15168K) Class: 2643K(2752K)->2643K(2752K)
[82.436s][info][gc             ] GC(252) Pause Young (Allocation Failure) 686M->587M(815M) 95.897ms
[82.436s][info][gc,cpu         ] GC(252) User=0.19s Sys=0.00s Real=0.10s
[82.614s][info][gc,start       ] GC(253) Pause Young (Allocation Failure)
[82.674s][info][gc,heap        ] GC(253) PSYoungGen: 177536K(177664K)->34112K(230912K) Eden: 117760K(117760K)->0K(122368K) From: 59776K(59904K)->34112K(108544K)
[82.674s][info][gc,heap        ] GC(253) ParOldGen: 541906K(656896K)->567666K(656896K)
[82.674s][info][gc,metaspace   ] GC(253) Metaspace: 17726K(17920K)->17726K(17920K) NonClass: 15082K(15168K)->15082K(15168K) Class: 2643K(2752K)->2643K(2752K)
[82.674s][info][gc             ] GC(253) Pause Young (Allocation Failure) 702M->587M(867M) 60.719ms
[82.674s][info][gc,cpu         ] GC(253) User=0.12s Sys=0.00s Real=0.06s
[82.893s][info][gc,start       ] GC(254) Pause Young (Allocation Failure)
[82.931s][info][gc,heap        ] GC(254) PSYoungGen: 156480K(230912K)->28864K(151552K) Eden: 122368K(122368K)->0K(122368K) From: 34112K(108544K)->28864K(29184K)
[82.931s][info][gc,heap        ] GC(254) ParOldGen: 567666K(656896K)->573018K(656896K)
[82.931s][info][gc,metaspace   ] GC(254) Metaspace: 17732K(17984K)->17732K(17984K) NonClass: 15088K(15232K)->15088K(15232K) Class: 2643K(2752K)->2643K(2752K)
[82.931s][info][gc             ] GC(254) Pause Young (Allocation Failure) 707M->587M(789M) 38.033ms
[82.931s][info][gc,cpu         ] GC(254) User=0.07s Sys=0.00s Real=0.04s
[83.138s][info][gc,start       ] GC(255) Pause Young (Allocation Failure)
[83.168s][info][gc,heap        ] GC(255) PSYoungGen: 151232K(151552K)->17184K(223232K) Eden: 122368K(122368K)->0K(124416K) From: 28864K(29184K)->17184K(98816K)
[83.168s][info][gc,heap        ] GC(255) ParOldGen: 573018K(656896K)->584858K(656896K)
[83.168s][info][gc,metaspace   ] GC(255) Metaspace: 17740K(17984K)->17740K(17984K) NonClass: 15096K(15232K)->15096K(15232K) Class: 2643K(2752K)->2643K(2752K)
[83.168s][info][gc             ] GC(255) Pause Young (Allocation Failure) 707M->587M(859M) 29.800ms
[83.168s][info][gc,cpu         ] GC(255) User=0.05s Sys=0.00s Real=0.03s
[84.866s][info][gc,start       ] GC(256) Pause Young (Allocation Failure)
[84.892s][info][gc,heap        ] GC(256) PSYoungGen: 141600K(223232K)->669K(221184K) Eden: 124416K(124416K)->0K(124416K) From: 17184K(98816K)->669K(96768K)
[84.892s][info][gc,heap        ] GC(256) ParOldGen: 584858K(656896K)->601890K(656896K)
[84.892s][info][gc,metaspace   ] GC(256) Metaspace: 17741K(17984K)->17741K(17984K) NonClass: 15097K(15232K)->15097K(15232K) Class: 2643K(2752K)->2643K(2752K)
[84.892s][info][gc             ] GC(256) Pause Young (Allocation Failure) 709M->588M(857M) 25.672ms
[84.892s][info][gc,cpu         ] GC(256) User=0.05s Sys=0.00s Real=0.03s
[85.613s][info][gc,start       ] GC(257) Pause Young (Allocation Failure)
[85.618s][info][gc,heap        ] GC(257) PSYoungGen: 125085K(221184K)->989K(227840K) Eden: 124416K(124416K)->0K(135168K) From: 669K(96768K)->989K(92672K)
[85.618s][info][gc,heap        ] GC(257) ParOldGen: 601890K(656896K)->601954K(656896K)
[85.618s][info][gc,metaspace   ] GC(257) Metaspace: 17745K(17984K)->17745K(17984K) NonClass: 15101K(15232K)->15101K(15232K) Class: 2643K(2752K)->2643K(2752K)
[85.618s][info][gc             ] GC(257) Pause Young (Allocation Failure) 709M->588M(864M) 5.540ms
[85.618s][info][gc,cpu         ] GC(257) User=0.01s Sys=0.00s Real=0.00s
[86.459s][info][gc,start       ] GC(258) Pause Young (Allocation Failure)
[86.464s][info][gc,heap        ] GC(258) PSYoungGen: 136005K(227840K)->2796K(230912K) Eden: 135016K(135168K)->0K(135168K) From: 989K(92672K)->2796K(95744K)
[86.464s][info][gc,heap        ] GC(258) ParOldGen: 601954K(656896K)->601962K(656896K)
[86.464s][info][gc,metaspace   ] GC(258) Metaspace: 17890K(18048K)->17890K(18048K) NonClass: 15230K(15296K)->15230K(15296K) Class: 2659K(2752K)->2659K(2752K)
[86.465s][info][gc             ] GC(258) Pause Young (Allocation Failure) 720M->590M(867M) 5.639ms
[86.465s][info][gc,cpu         ] GC(258) User=0.01s Sys=0.00s Real=0.01s
[86.817s][info][gc,start       ] GC(259) Pause Young (Allocation Failure)
[86.825s][info][gc,heap        ] GC(259) PSYoungGen: 137964K(230912K)->2819K(231424K) Eden: 135168K(135168K)->0K(143872K) From: 2796K(95744K)->2819K(87552K)
[86.825s][info][gc,heap        ] GC(259) ParOldGen: 601962K(656896K)->601970K(656896K)
[86.825s][info][gc,metaspace   ] GC(259) Metaspace: 17989K(18176K)->17989K(18176K) NonClass: 15328K(15424K)->15328K(15424K) Class: 2661K(2752K)->2661K(2752K)
[86.825s][info][gc             ] GC(259) Pause Young (Allocation Failure) 722M->590M(867M) 7.950ms
[86.825s][info][gc,cpu         ] GC(259) User=0.01s Sys=0.00s Real=0.01s
[87.172s][info][gc,start       ] GC(260) Pause Young (Allocation Failure)
[87.177s][info][gc,heap        ] GC(260) PSYoungGen: 146591K(231424K)->2951K(235520K) Eden: 143772K(143872K)->0K(143872K) From: 2819K(87552K)->2951K(91648K)
[87.177s][info][gc,heap        ] GC(260) ParOldGen: 601970K(656896K)->601978K(656896K)
[87.177s][info][gc,metaspace   ] GC(260) Metaspace: 18007K(18176K)->18007K(18176K) NonClass: 15346K(15424K)->15346K(15424K) Class: 2661K(2752K)->2661K(2752K)
[87.177s][info][gc             ] GC(260) Pause Young (Allocation Failure) 731M->590M(871M) 4.920ms
[87.177s][info][gc,cpu         ] GC(260) User=0.01s Sys=0.00s Real=0.00s
[87.466s][info][gc,start       ] GC(261) Pause Young (Allocation Failure)
[87.498s][info][gc,heap        ] GC(261) PSYoungGen: 146823K(235520K)->35917K(239104K) Eden: 143872K(143872K)->0K(152576K) From: 2951K(91648K)->35917K(86528K)
[87.498s][info][gc,heap        ] GC(261) ParOldGen: 601978K(656896K)->601986K(656896K)
[87.498s][info][gc,metaspace   ] GC(261) Metaspace: 18051K(18240K)->18051K(18240K) NonClass: 15390K(15488K)->15390K(15488K) Class: 2661K(2752K)->2661K(2752K)
[87.499s][info][gc             ] GC(261) Pause Young (Allocation Failure) 731M->622M(875M) 32.915ms
[87.499s][info][gc,cpu         ] GC(261) User=0.07s Sys=0.00s Real=0.03s
[87.654s][info][gc,start       ] GC(262) Pause Young (Allocation Failure)
[87.747s][info][gc,heap        ] GC(262) PSYoungGen: 188493K(239104K)->87021K(239616K) Eden: 152576K(152576K)->0K(152576K) From: 35917K(86528K)->87021K(87040K)
[87.748s][info][gc,heap        ] GC(262) ParOldGen: 601986K(656896K)->611066K(656896K)
[87.748s][info][gc,metaspace   ] GC(262) Metaspace: 18095K(18240K)->18095K(18240K) NonClass: 15433K(15488K)->15433K(15488K) Class: 2661K(2752K)->2661K(2752K)
[87.748s][info][gc             ] GC(262) Pause Young (Allocation Failure) 771M->681M(875M) 93.482ms
[87.748s][info][gc,cpu         ] GC(262) User=0.18s Sys=0.00s Real=0.09s
[88.011s][info][gc,start       ] GC(263) Pause Young (Allocation Failure)
[88.153s][info][gc,heap        ] GC(263) PSYoungGen: 239597K(239616K)->94192K(205824K) Eden: 152576K(152576K)->0K(111616K) From: 87021K(87040K)->94192K(94208K)
[88.153s][info][gc,heap        ] GC(263) ParOldGen: 611066K(656896K)->648844K(656896K)
[88.153s][info][gc,metaspace   ] GC(263) Metaspace: 18095K(18240K)->18095K(18240K) NonClass: 15433K(15488K)->15433K(15488K) Class: 2661K(2752K)->2661K(2752K)
[88.153s][info][gc             ] GC(263) Pause Young (Allocation Failure) 830M->725M(842M) 142.805ms
[88.154s][info][gc,cpu         ] GC(263) User=0.26s Sys=0.02s Real=0.14s
[88.424s][info][gc,start       ] GC(264) Pause Full (Allocation Failure)
[88.424s][info][gc,phases,start] GC(264) Marking Phase
[88.562s][info][gc,phases      ] GC(264) Marking Phase 137.261ms
[88.562s][info][gc,phases,start] GC(264) Summary Phase
[88.562s][info][gc,phases      ] GC(264) Summary Phase 0.029ms
[88.562s][info][gc,phases,start] GC(264) Forward
[88.604s][info][gc,phases      ] GC(264) Forward 42.466ms
[88.604s][info][gc,phases,start] GC(264) Adjust Pointers
[88.696s][info][gc,phases      ] GC(264) Adjust Pointers 91.988ms
[88.696s][info][gc,phases,start] GC(264) Compaction Phase
[88.761s][info][gc,phases      ] GC(264) Compaction Phase 64.271ms
[88.762s][info][gc,phases,start] GC(264) Post Compact
[88.765s][info][gc,phases      ] GC(264) Post Compact 2.494ms
[88.777s][info][gc,heap        ] GC(264) PSYoungGen: 205808K(205824K)->0K(222720K) Eden: 111616K(111616K)->0K(111616K) From: 94192K(94208K)->0K(111104K)
[88.777s][info][gc,heap        ] GC(264) ParOldGen: 648844K(656896K)->215122K(497152K)
[88.777s][info][gc,metaspace   ] GC(264) Metaspace: 18122K(18304K)->18122K(18304K) NonClass: 15461K(15552K)->15461K(15552K) Class: 2661K(2752K)->2661K(2752K)
[88.777s][info][gc             ] GC(264) Pause Full (Allocation Failure) 834M->210M(703M) 352.685ms
[88.777s][info][gc,cpu         ] GC(264) User=0.65s Sys=0.01s Real=0.35s
[88.917s][info][gc,start       ] GC(265) Pause Young (Allocation Failure)
[88.955s][info][gc,heap        ] GC(265) PSYoungGen: 111616K(222720K)->25746K(222720K) Eden: 111616K(111616K)->0K(111616K) From: 0K(111104K)->25746K(111104K)
[88.955s][info][gc,heap        ] GC(265) ParOldGen: 215122K(497152K)->215130K(497152K)
[88.955s][info][gc,metaspace   ] GC(265) Metaspace: 18128K(18304K)->18128K(18304K) NonClass: 15467K(15552K)->15467K(15552K) Class: 2661K(2752K)->2661K(2752K)
[88.955s][info][gc             ] GC(265) Pause Young (Allocation Failure) 319M->235M(703M) 38.148ms
[88.955s][info][gc,cpu         ] GC(265) User=0.08s Sys=0.00s Real=0.04s
[89.046s][info][gc,start       ] GC(266) Pause Young (Allocation Failure)
[89.090s][info][gc,heap        ] GC(266) PSYoungGen: 137362K(222720K)->34939K(222720K) Eden: 111616K(111616K)->0K(111616K) From: 25746K(111104K)->34939K(111104K)
[89.090s][info][gc,heap        ] GC(266) ParOldGen: 215130K(497152K)->215130K(497152K)
[89.090s][info][gc,metaspace   ] GC(266) Metaspace: 18128K(18304K)->18128K(18304K) NonClass: 15467K(15552K)->15467K(15552K) Class: 2661K(2752K)->2661K(2752K)
[89.090s][info][gc             ] GC(266) Pause Young (Allocation Failure) 344M->244M(703M) 43.940ms
[89.090s][info][gc,cpu         ] GC(266) User=0.08s Sys=0.00s Real=0.04s
[89.175s][info][gc,start       ] GC(267) Pause Young (Allocation Failure)
[89.224s][info][gc,heap        ] GC(267) PSYoungGen: 146555K(222720K)->39835K(222720K) Eden: 111616K(111616K)->0K(111616K) From: 34939K(111104K)->39835K(111104K)
[89.224s][info][gc,heap        ] GC(267) ParOldGen: 215130K(497152K)->215138K(497152K)
[89.224s][info][gc,metaspace   ] GC(267) Metaspace: 18128K(18304K)->18128K(18304K) NonClass: 15467K(15552K)->15467K(15552K) Class: 2661K(2752K)->2661K(2752K)
[89.224s][info][gc             ] GC(267) Pause Young (Allocation Failure) 353M->248M(703M) 48.743ms
[89.224s][info][gc,cpu         ] GC(267) User=0.10s Sys=0.00s Real=0.05s
[89.345s][info][gc,start       ] GC(268) Pause Young (Allocation Failure)
[89.402s][info][gc,heap        ] GC(268) PSYoungGen: 151451K(222720K)->22080K(134144K) Eden: 111616K(111616K)->0K(111616K) From: 39835K(111104K)->22080K(22528K)
[89.402s][info][gc,heap        ] GC(268) ParOldGen: 215138K(497152K)->240887K(497152K)
[89.402s][info][gc,metaspace   ] GC(268) Metaspace: 18128K(18304K)->18128K(18304K) NonClass: 15467K(15552K)->15467K(15552K) Class: 2661K(2752K)->2661K(2752K)
[89.402s][info][gc             ] GC(268) Pause Young (Allocation Failure) 357M->256M(616M) 57.518ms
[89.402s][info][gc,cpu         ] GC(268) User=0.11s Sys=0.00s Real=0.06s
[89.519s][info][gc,start       ] GC(269) Pause Young (Allocation Failure)
[89.543s][info][gc,heap        ] GC(269) PSYoungGen: 133696K(134144K)->8192K(223744K) Eden: 111616K(111616K)->0K(114176K) From: 22080K(22528K)->8192K(109568K)
[89.543s][info][gc,heap        ] GC(269) ParOldGen: 240887K(497152K)->255039K(497152K)
[89.543s][info][gc,metaspace   ] GC(269) Metaspace: 18140K(18368K)->18140K(18368K) NonClass: 15479K(15616K)->15479K(15616K) Class: 2661K(2752K)->2661K(2752K)
[89.543s][info][gc             ] GC(269) Pause Young (Allocation Failure) 365M->257M(704M) 24.761ms
[89.544s][info][gc,cpu         ] GC(269) User=0.05s Sys=0.00s Real=0.03s
[89.666s][info][gc,start       ] GC(270) Pause Young (Allocation Failure)
[89.680s][info][gc,heap        ] GC(270) PSYoungGen: 122368K(223744K)->2080K(221184K) Eden: 114176K(114176K)->0K(114176K) From: 8192K(109568K)->2080K(107008K)
[89.680s][info][gc,heap        ] GC(270) ParOldGen: 255039K(497152K)->263217K(497152K)
[89.680s][info][gc,metaspace   ] GC(270) Metaspace: 18140K(18368K)->18140K(18368K) NonClass: 15479K(15616K)->15479K(15616K) Class: 2661K(2752K)->2661K(2752K)
[89.680s][info][gc             ] GC(270) Pause Young (Allocation Failure) 368M->259M(701M) 14.325ms
[89.680s][info][gc,cpu         ] GC(270) User=0.03s Sys=0.00s Real=0.01s
[89.783s][info][gc,start       ] GC(271) Pause Young (Allocation Failure)
[89.788s][info][gc,heap        ] GC(271) PSYoungGen: 116256K(221184K)->64K(224768K) Eden: 114176K(114176K)->0K(119296K) From: 2080K(107008K)->64K(105472K)
[89.788s][info][gc,heap        ] GC(271) ParOldGen: 263217K(497152K)->265281K(497152K)
[89.788s][info][gc,metaspace   ] GC(271) Metaspace: 18140K(18368K)->18140K(18368K) NonClass: 15479K(15616K)->15479K(15616K) Class: 2661K(2752K)->2661K(2752K)
[89.788s][info][gc             ] GC(271) Pause Young (Allocation Failure) 370M->259M(705M) 4.486ms
[89.788s][info][gc,cpu         ] GC(271) User=0.01s Sys=0.00s Real=0.00s
[89.917s][info][gc,start       ] GC(272) Pause Young (Allocation Failure)
[89.942s][info][gc,heap        ] GC(272) PSYoungGen: 119360K(224768K)->23840K(143360K) Eden: 119296K(119296K)->0K(119296K) From: 64K(105472K)->23840K(24064K)
[89.942s][info][gc,heap        ] GC(272) ParOldGen: 265281K(497152K)->265297K(497152K)
[89.942s][info][gc,metaspace   ] GC(272) Metaspace: 18140K(18368K)->18140K(18368K) NonClass: 15479K(15616K)->15479K(15616K) Class: 2661K(2752K)->2661K(2752K)
[89.942s][info][gc             ] GC(272) Pause Young (Allocation Failure) 375M->282M(625M) 24.948ms
[89.942s][info][gc,cpu         ] GC(272) User=0.05s Sys=0.00s Real=0.03s
[90.056s][info][gc,start       ] GC(273) Pause Young (Allocation Failure)
[90.108s][info][gc,heap        ] GC(273) PSYoungGen: 143136K(143360K)->35328K(225792K) Eden: 119296K(119296K)->0K(129024K) From: 23840K(24064K)->35328K(96768K)
[90.108s][info][gc,heap        ] GC(273) ParOldGen: 265297K(497152K)->289216K(497152K)
[90.108s][info][gc,metaspace   ] GC(273) Metaspace: 18140K(18368K)->18140K(18368K) NonClass: 15479K(15616K)->15479K(15616K) Class: 2661K(2752K)->2661K(2752K)
[90.108s][info][gc             ] GC(273) Pause Young (Allocation Failure) 398M->316M(706M) 51.791ms
[90.108s][info][gc,cpu         ] GC(273) User=0.10s Sys=0.00s Real=0.05s
[90.289s][info][gc,start       ] GC(274) Pause Young (Allocation Failure)
[90.334s][info][gc,heap        ] GC(274) PSYoungGen: 164352K(225792K)->14659K(221696K) Eden: 129024K(129024K)->0K(129024K) From: 35328K(96768K)->14659K(92672K)
[90.334s][info][gc,heap        ] GC(274) ParOldGen: 289216K(497152K)->324763K(497152K)
[90.334s][info][gc,metaspace   ] GC(274) Metaspace: 18140K(18368K)->18140K(18368K) NonClass: 15479K(15616K)->15479K(15616K) Class: 2661K(2752K)->2661K(2752K)
[90.334s][info][gc             ] GC(274) Pause Young (Allocation Failure) 442M->331M(702M) 44.657ms
[90.334s][info][gc,cpu         ] GC(274) User=0.09s Sys=0.00s Real=0.05s
[90.456s][info][gc,start       ] GC(275) Pause Young (Allocation Failure)
[90.482s][info][gc,heap        ] GC(275) PSYoungGen: 143683K(221696K)->4160K(228864K) Eden: 129024K(129024K)->0K(144384K) From: 14659K(92672K)->4160K(84480K)
[90.482s][info][gc,heap        ] GC(275) ParOldGen: 324763K(497152K)->339430K(497152K)
[90.482s][info][gc,metaspace   ] GC(275) Metaspace: 18140K(18368K)->18140K(18368K) NonClass: 15479K(15616K)->15479K(15616K) Class: 2661K(2752K)->2661K(2752K)
[90.482s][info][gc             ] GC(275) Pause Young (Allocation Failure) 457M->335M(709M) 26.290ms
[90.482s][info][gc,cpu         ] GC(275) User=0.05s Sys=0.00s Real=0.03s
[90.769s][info][gc,start       ] GC(276) Pause Young (Allocation Failure)
[90.778s][info][gc,heap        ] GC(276) PSYoungGen: 148544K(228864K)->1696K(230912K) Eden: 144384K(144384K)->0K(144384K) From: 4160K(84480K)->1696K(86528K)
[90.778s][info][gc,heap        ] GC(276) ParOldGen: 339430K(497152K)->343582K(497152K)
[90.778s][info][gc,metaspace   ] GC(276) Metaspace: 18141K(18368K)->18141K(18368K) NonClass: 15480K(15616K)->15480K(15616K) Class: 2661K(2752K)->2661K(2752K)
[90.778s][info][gc             ] GC(276) Pause Young (Allocation Failure) 476M->337M(711M) 8.807ms
[90.778s][info][gc,cpu         ] GC(276) User=0.02s Sys=0.00s Real=0.01s
[91.188s][info][gc,start       ] GC(277) Pause Young (Allocation Failure)
[91.194s][info][gc,heap        ] GC(277) PSYoungGen: 146080K(230912K)->640K(235008K) Eden: 144384K(144384K)->0K(157696K) From: 1696K(86528K)->640K(77312K)
[91.194s][info][gc,heap        ] GC(277) ParOldGen: 343582K(497152K)->345158K(497152K)
[91.194s][info][gc,metaspace   ] GC(277) Metaspace: 18141K(18368K)->18141K(18368K) NonClass: 15480K(15616K)->15480K(15616K) Class: 2661K(2752K)->2661K(2752K)
[91.195s][info][gc             ] GC(277) Pause Young (Allocation Failure) 478M->337M(715M) 6.754ms
[91.195s][info][gc,cpu         ] GC(277) User=0.01s Sys=0.00s Real=0.01s
[91.400s][info][gc,start       ] GC(278) Pause Young (Allocation Failure)
[91.460s][info][gc,heap        ] GC(278) PSYoungGen: 158336K(235008K)->66640K(239616K) Eden: 157696K(157696K)->0K(157696K) From: 640K(77312K)->66640K(81920K)
[91.460s][info][gc,heap        ] GC(278) ParOldGen: 345158K(497152K)->345158K(497152K)
[91.460s][info][gc,metaspace   ] GC(278) Metaspace: 18142K(18368K)->18142K(18368K) NonClass: 15481K(15616K)->15481K(15616K) Class: 2661K(2752K)->2661K(2752K)
[91.460s][info][gc             ] GC(278) Pause Young (Allocation Failure) 491M->402M(719M) 60.393ms
[91.460s][info][gc,cpu         ] GC(278) User=0.11s Sys=0.00s Real=0.06s
[91.736s][info][gc,start       ] GC(279) Pause Young (Allocation Failure)
[91.809s][info][gc,heap        ] GC(279) PSYoungGen: 224336K(239616K)->80464K(213504K) Eden: 157696K(157696K)->0K(120832K) From: 66640K(81920K)->80464K(92672K)
[91.809s][info][gc,heap        ] GC(279) ParOldGen: 345158K(497152K)->345755K(497152K)
[91.809s][info][gc,metaspace   ] GC(279) Metaspace: 18142K(18368K)->18142K(18368K) NonClass: 15481K(15616K)->15481K(15616K) Class: 2661K(2752K)->2661K(2752K)
[91.809s][info][gc             ] GC(279) Pause Young (Allocation Failure) 556M->416M(694M) 72.832ms
[91.809s][info][gc,cpu         ] GC(279) User=0.14s Sys=0.00s Real=0.07s
[91.924s][info][gc,start       ] GC(280) Pause Young (Allocation Failure)
[91.998s][info][gc,heap        ] GC(280) PSYoungGen: 201296K(213504K)->896K(227328K) Eden: 120832K(120832K)->0K(120832K) From: 80464K(92672K)->896K(106496K)
[91.998s][info][gc,heap        ] GC(280) ParOldGen: 345755K(497152K)->426573K(497152K)
[91.998s][info][gc,metaspace   ] GC(280) Metaspace: 18142K(18368K)->18142K(18368K) NonClass: 15481K(15616K)->15481K(15616K) Class: 2661K(2752K)->2661K(2752K)
[91.998s][info][gc             ] GC(280) Pause Young (Allocation Failure) 534M->417M(707M) 74.000ms
[91.998s][info][gc,cpu         ] GC(280) User=0.15s Sys=0.00s Real=0.07s
[92.182s][info][gc,start       ] GC(281) Pause Young (Allocation Failure)
[92.187s][info][gc,heap        ] GC(281) PSYoungGen: 121728K(227328K)->1280K(218624K) Eden: 120832K(120832K)->0K(123392K) From: 896K(106496K)->1280K(95232K)
[92.187s][info][gc,heap        ] GC(281) ParOldGen: 426573K(497152K)->427445K(497152K)
[92.187s][info][gc,metaspace   ] GC(281) Metaspace: 18142K(18368K)->18142K(18368K) NonClass: 15481K(15616K)->15481K(15616K) Class: 2661K(2752K)->2661K(2752K)
[92.187s][info][gc             ] GC(281) Pause Young (Allocation Failure) 535M->418M(699M) 4.807ms
[92.187s][info][gc,cpu         ] GC(281) User=0.01s Sys=0.00s Real=0.00s
[92.498s][info][gc,start       ] GC(282) Pause Young (Allocation Failure)
[92.502s][info][gc,heap        ] GC(282) PSYoungGen: 124672K(218624K)->192K(224256K) Eden: 123392K(123392K)->0K(123392K) From: 1280K(95232K)->192K(100864K)
[92.502s][info][gc,heap        ] GC(282) ParOldGen: 427445K(497152K)->428709K(497152K)
[92.502s][info][gc,metaspace   ] GC(282) Metaspace: 18142K(18368K)->18142K(18368K) NonClass: 15481K(15616K)->15481K(15616K) Class: 2661K(2752K)->2661K(2752K)
[92.502s][info][gc             ] GC(282) Pause Young (Allocation Failure) 539M->418M(704M) 4.008ms
[92.502s][info][gc,cpu         ] GC(282) User=0.01s Sys=0.00s Real=0.01s
[92.676s][info][gc,start       ] GC(283) Pause Young (Allocation Failure)
[92.739s][info][gc,heap        ] GC(283) PSYoungGen: 123584K(224256K)->52800K(228864K) Eden: 123392K(123392K)->0K(131072K) From: 192K(100864K)->52800K(97792K)
[92.739s][info][gc,heap        ] GC(283) ParOldGen: 428709K(497152K)->428877K(497152K)
[92.739s][info][gc,metaspace   ] GC(283) Metaspace: 18142K(18368K)->18142K(18368K) NonClass: 15481K(15616K)->15481K(15616K) Class: 2661K(2752K)->2661K(2752K)
[92.739s][info][gc             ] GC(283) Pause Young (Allocation Failure) 539M->470M(709M) 63.201ms
[92.739s][info][gc,cpu         ] GC(283) User=0.13s Sys=0.00s Real=0.06s
[92.808s][info][gc,start       ] GC(284) Pause Young (Allocation Failure)
[92.936s][info][gc,heap        ] GC(284) PSYoungGen: 183872K(228864K)->89603K(221184K) Eden: 131072K(131072K)->0K(131072K) From: 52800K(97792K)->89603K(90112K)
[92.936s][info][gc,heap        ] GC(284) ParOldGen: 428877K(497152K)->481789K(497152K)
[92.936s][info][gc,metaspace   ] GC(284) Metaspace: 18142K(18368K)->18142K(18368K) NonClass: 15481K(15616K)->15481K(15616K) Class: 2661K(2752K)->2661K(2752K)
[92.936s][info][gc             ] GC(284) Pause Young (Allocation Failure) 598M->558M(701M) 128.268ms
[92.936s][info][gc,cpu         ] GC(284) User=0.26s Sys=0.00s Real=0.13s
[93.080s][info][gc,start       ] GC(285) Pause Young (Allocation Failure)
[93.217s][info][gc,heap        ] GC(285) PSYoungGen: 220675K(221184K)->24108K(223744K) Eden: 131072K(131072K)->0K(112640K) From: 89603K(90112K)->24108K(111104K)
[93.217s][info][gc,heap        ] GC(285) ParOldGen: 481789K(497152K)->571754K(571904K)
[93.217s][info][gc,metaspace   ] GC(285) Metaspace: 18143K(18368K)->18143K(18368K) NonClass: 15481K(15616K)->15481K(15616K) Class: 2661K(2752K)->2661K(2752K)
[93.217s][info][gc             ] GC(285) Pause Young (Allocation Failure) 686M->581M(777M) 137.523ms
[93.217s][info][gc,cpu         ] GC(285) User=0.22s Sys=0.05s Real=0.14s
[93.297s][info][gc,start       ] GC(286) Pause Young (Allocation Failure)
[93.343s][info][gc,heap        ] GC(286) PSYoungGen: 136748K(223744K)->5876K(118784K) Eden: 112640K(112640K)->0K(112640K) From: 24108K(111104K)->5876K(6144K)
[93.343s][info][gc,heap        ] GC(286) ParOldGen: 571754K(571904K)->595900K(595968K)
[93.343s][info][gc,metaspace   ] GC(286) Metaspace: 18146K(18368K)->18146K(18368K) NonClass: 15485K(15616K)->15485K(15616K) Class: 2661K(2752K)->2661K(2752K)
[93.343s][info][gc             ] GC(286) Pause Young (Allocation Failure) 691M->587M(698M) 45.453ms
[93.343s][info][gc,cpu         ] GC(286) User=0.08s Sys=0.01s Real=0.05s
[93.427s][info][gc,start       ] GC(287) Pause Full (Allocation Failure)
[93.427s][info][gc,phases,start] GC(287) Marking Phase
[93.488s][info][gc,phases      ] GC(287) Marking Phase 60.641ms
[93.488s][info][gc,phases,start] GC(287) Summary Phase
[93.488s][info][gc,phases      ] GC(287) Summary Phase 0.027ms
[93.488s][info][gc,phases,start] GC(287) Forward
[93.509s][info][gc,phases      ] GC(287) Forward 21.216ms
[93.509s][info][gc,phases,start] GC(287) Adjust Pointers
[93.553s][info][gc,phases      ] GC(287) Adjust Pointers 43.545ms
[93.553s][info][gc,phases,start] GC(287) Compaction Phase
[93.577s][info][gc,phases      ] GC(287) Compaction Phase 24.510ms
[93.580s][info][gc,phases,start] GC(287) Post Compact
[93.582s][info][gc,phases      ] GC(287) Post Compact 2.164ms
[93.594s][info][gc,heap        ] GC(287) PSYoungGen: 118516K(118784K)->0K(219136K) Eden: 112640K(112640K)->0K(112640K) From: 5876K(6144K)->0K(106496K)
[93.594s][info][gc,heap        ] GC(287) ParOldGen: 595900K(595968K)->100958K(438784K)
[93.594s][info][gc,metaspace   ] GC(287) Metaspace: 18146K(18368K)->18146K(18368K) NonClass: 15485K(15616K)->15485K(15616K) Class: 2661K(2752K)->2661K(2752K)
[93.594s][info][gc             ] GC(287) Pause Full (Allocation Failure) 697M->98M(642M) 167.022ms
[93.594s][info][gc,cpu         ] GC(287) User=0.28s Sys=0.01s Real=0.17s
[93.696s][info][gc,start       ] GC(288) Pause Young (Allocation Failure)
[93.703s][info][gc,heap        ] GC(288) PSYoungGen: 112640K(219136K)->5408K(219136K) Eden: 112640K(112640K)->0K(112640K) From: 0K(106496K)->5408K(106496K)
[93.703s][info][gc,heap        ] GC(288) ParOldGen: 100958K(438784K)->100958K(438784K)
[93.703s][info][gc,metaspace   ] GC(288) Metaspace: 18146K(18368K)->18146K(18368K) NonClass: 15485K(15616K)->15485K(15616K) Class: 2661K(2752K)->2661K(2752K)
[93.703s][info][gc             ] GC(288) Pause Young (Allocation Failure) 208M->103M(642M) 6.903ms
[93.703s][info][gc,cpu         ] GC(288) User=0.01s Sys=0.00s Real=0.01s
[93.783s][info][gc,start       ] GC(289) Pause Young (Allocation Failure)
[93.820s][info][gc,heap        ] GC(289) PSYoungGen: 118048K(219136K)->43904K(224768K) Eden: 112640K(112640K)->0K(121856K) From: 5408K(106496K)->43904K(102912K)
[93.820s][info][gc,heap        ] GC(289) ParOldGen: 100958K(438784K)->106350K(438784K)
[93.820s][info][gc,metaspace   ] GC(289) Metaspace: 18147K(18368K)->18147K(18368K) NonClass: 15485K(15616K)->15485K(15616K) Class: 2661K(2752K)->2661K(2752K)
[93.820s][info][gc             ] GC(289) Pause Young (Allocation Failure) 213M->146M(648M) 37.020ms
[93.820s][info][gc,cpu         ] GC(289) User=0.07s Sys=0.00s Real=0.03s
[94.004s][info][gc,start       ] GC(290) Pause Young (Allocation Failure)
[94.048s][info][gc,heap        ] GC(290) PSYoungGen: 165760K(224768K)->23680K(223744K) Eden: 121856K(121856K)->0K(121856K) From: 43904K(102912K)->23680K(101888K)
[94.048s][info][gc,heap        ] GC(290) ParOldGen: 106350K(438784K)->150774K(438784K)
[94.048s][info][gc,metaspace   ] GC(290) Metaspace: 18153K(18368K)->18153K(18368K) NonClass: 15491K(15616K)->15491K(15616K) Class: 2661K(2752K)->2661K(2752K)
[94.048s][info][gc             ] GC(290) Pause Young (Allocation Failure) 265M->170M(647M) 44.329ms
[94.048s][info][gc,cpu         ] GC(290) User=0.08s Sys=0.00s Real=0.04s
[94.146s][info][gc,start       ] GC(291) Pause Young (Allocation Failure)
[94.166s][info][gc,heap        ] GC(291) PSYoungGen: 145536K(223744K)->2208K(226816K) Eden: 121856K(121856K)->0K(131584K) From: 23680K(101888K)->2208K(95232K)
[94.166s][info][gc,heap        ] GC(291) ParOldGen: 150774K(438784K)->174686K(438784K)
[94.166s][info][gc,metaspace   ] GC(291) Metaspace: 18153K(18368K)->18153K(18368K) NonClass: 15491K(15616K)->15491K(15616K) Class: 2661K(2752K)->2661K(2752K)
[94.166s][info][gc             ] GC(291) Pause Young (Allocation Failure) 289M->172M(650M) 20.805ms
[94.166s][info][gc,cpu         ] GC(291) User=0.04s Sys=0.00s Real=0.02s
[94.340s][info][gc,start       ] GC(292) Pause Young (Allocation Failure)
[94.417s][info][gc,heap        ] GC(292) PSYoungGen: 133792K(226816K)->67489K(224256K) Eden: 131584K(131584K)->0K(131584K) From: 2208K(95232K)->67489K(92672K)
[94.417s][info][gc,heap        ] GC(292) ParOldGen: 174686K(438784K)->176878K(438784K)
[94.417s][info][gc,metaspace   ] GC(292) Metaspace: 18153K(18368K)->18153K(18368K) NonClass: 15492K(15616K)->15492K(15616K) Class: 2661K(2752K)->2661K(2752K)
[94.417s][info][gc             ] GC(292) Pause Young (Allocation Failure) 301M->238M(647M) 77.242ms
[94.417s][info][gc,cpu         ] GC(292) User=0.15s Sys=0.00s Real=0.08s
[94.497s][info][gc,start       ] GC(293) Pause Young (Allocation Failure)
[94.608s][info][gc,heap        ] GC(293) PSYoungGen: 199073K(224256K)->47488K(232448K) Eden: 131584K(131584K)->0K(130560K) From: 67489K(92672K)->47488K(101888K)
[94.608s][info][gc,heap        ] GC(293) ParOldGen: 176878K(438784K)->244549K(438784K)
[94.608s][info][gc,metaspace   ] GC(293) Metaspace: 18153K(18368K)->18153K(18368K) NonClass: 15492K(15616K)->15492K(15616K) Class: 2661K(2752K)->2661K(2752K)
[94.608s][info][gc             ] GC(293) Pause Young (Allocation Failure) 367M->285M(655M) 111.448ms
[94.608s][info][gc,cpu         ] GC(293) User=0.22s Sys=0.00s Real=0.11s
[94.726s][info][gc,start       ] GC(294) Pause Young (Allocation Failure)
[94.790s][info][gc,heap        ] GC(294) PSYoungGen: 178048K(232448K)->38816K(169472K) Eden: 130560K(130560K)->0K(130560K) From: 47488K(101888K)->38816K(38912K)
[94.790s][info][gc,heap        ] GC(294) ParOldGen: 244549K(438784K)->292541K(438784K)
[94.790s][info][gc,metaspace   ] GC(294) Metaspace: 18153K(18368K)->18153K(18368K) NonClass: 15492K(15616K)->15492K(15616K) Class: 2661K(2752K)->2661K(2752K)
[94.790s][info][gc             ] GC(294) Pause Young (Allocation Failure) 412M->323M(594M) 63.490ms
[94.790s][info][gc,cpu         ] GC(294) User=0.12s Sys=0.01s Real=0.06s
[94.886s][info][gc,start       ] GC(295) Pause Young (Allocation Failure)
[94.930s][info][gc,heap        ] GC(295) PSYoungGen: 169376K(169472K)->10688K(230912K) Eden: 130560K(130560K)->0K(133632K) From: 38816K(38912K)->10688K(97280K)
[94.930s][info][gc,heap        ] GC(295) ParOldGen: 292541K(438784K)->331645K(438784K)
[94.930s][info][gc,metaspace   ] GC(295) Metaspace: 18153K(18368K)->18153K(18368K) NonClass: 15492K(15616K)->15492K(15616K) Class: 2661K(2752K)->2661K(2752K)
[94.930s][info][gc             ] GC(295) Pause Young (Allocation Failure) 451M->334M(654M) 44.175ms
[94.930s][info][gc,cpu         ] GC(295) User=0.09s Sys=0.00s Real=0.04s
[95.013s][info][gc,start       ] GC(296) Pause Young (Allocation Failure)
[95.039s][info][gc,heap        ] GC(296) PSYoungGen: 144320K(230912K)->4908K(227840K) Eden: 133632K(133632K)->0K(133632K) From: 10688K(97280K)->4908K(94208K)
[95.039s][info][gc,heap        ] GC(296) ParOldGen: 331645K(438784K)->342325K(438784K)
[95.039s][info][gc,metaspace   ] GC(296) Metaspace: 18153K(18368K)->18153K(18368K) NonClass: 15492K(15616K)->15492K(15616K) Class: 2661K(2752K)->2661K(2752K)
[95.039s][info][gc             ] GC(296) Pause Young (Allocation Failure) 464M->339M(651M) 26.253ms
[95.039s][info][gc,cpu         ] GC(296) User=0.05s Sys=0.00s Real=0.02s
[95.161s][info][gc,start       ] GC(297) Pause Young (Allocation Failure)
[95.195s][info][gc,heap        ] GC(297) PSYoungGen: 138540K(227840K)->17089K(234496K) Eden: 133632K(133632K)->0K(147456K) From: 4908K(94208K)->17089K(87040K)
[95.195s][info][gc,heap        ] GC(297) ParOldGen: 342325K(438784K)->347117K(438784K)
[95.195s][info][gc,metaspace   ] GC(297) Metaspace: 18153K(18368K)->18153K(18368K) NonClass: 15492K(15616K)->15492K(15616K) Class: 2661K(2752K)->2661K(2752K)
[95.196s][info][gc             ] GC(297) Pause Young (Allocation Failure) 469M->355M(657M) 34.983ms
[95.196s][info][gc,cpu         ] GC(297) User=0.07s Sys=0.00s Real=0.03s
[95.301s][info][gc,start       ] GC(298) Pause Young (Allocation Failure)
[95.350s][info][gc,heap        ] GC(298) PSYoungGen: 164545K(234496K)->23200K(234496K) Eden: 147456K(147456K)->0K(147456K) From: 17089K(87040K)->23200K(87040K)
[95.350s][info][gc,heap        ] GC(298) ParOldGen: 347117K(438784K)->364178K(438784K)
[95.350s][info][gc,metaspace   ] GC(298) Metaspace: 18158K(18368K)->18158K(18368K) NonClass: 15497K(15616K)->15497K(15616K) Class: 2661K(2752K)->2661K(2752K)
[95.350s][info][gc             ] GC(298) Pause Young (Allocation Failure) 499M->378M(657M) 49.302ms
[95.350s][info][gc,cpu         ] GC(298) User=0.10s Sys=0.00s Real=0.04s
[95.477s][info][gc,start       ] GC(299) Pause Young (Allocation Failure)
[95.521s][info][gc,heap        ] GC(299) PSYoungGen: 170656K(234496K)->18624K(242176K) Eden: 147456K(147456K)->0K(164352K) From: 23200K(87040K)->18624K(77824K)
[95.521s][info][gc,heap        ] GC(299) ParOldGen: 364178K(438784K)->387402K(438784K)
[95.521s][info][gc,metaspace   ] GC(299) Metaspace: 18159K(18368K)->18159K(18368K) NonClass: 15497K(15616K)->15497K(15616K) Class: 2661K(2752K)->2661K(2752K)
[95.521s][info][gc             ] GC(299) Pause Young (Allocation Failure) 522M->396M(665M) 43.413ms
[95.521s][info][gc,cpu         ] GC(299) User=0.08s Sys=0.00s Real=0.05s
[95.668s][info][gc,start       ] GC(300) Pause Young (Allocation Failure)
[95.722s][info][gc,heap        ] GC(300) PSYoungGen: 182976K(242176K)->11232K(241664K) Eden: 164352K(164352K)->0K(164352K) From: 18624K(77824K)->11232K(77312K)
[95.722s][info][gc,heap        ] GC(300) ParOldGen: 387402K(438784K)->406050K(438784K)
[95.722s][info][gc,metaspace   ] GC(300) Metaspace: 18163K(18368K)->18163K(18368K) NonClass: 15502K(15616K)->15502K(15616K) Class: 2661K(2752K)->2661K(2752K)
[95.722s][info][gc             ] GC(300) Pause Young (Allocation Failure) 557M->407M(664M) 53.983ms
[95.722s][info][gc,cpu         ] GC(300) User=0.11s Sys=0.00s Real=0.06s
[95.933s][info][gc,start       ] GC(301) Pause Young (Allocation Failure)
[95.959s][info][gc,heap        ] GC(301) PSYoungGen: 175584K(241664K)->7488K(253952K) Eden: 164352K(164352K)->0K(181248K) From: 11232K(77312K)->7488K(72704K)
[95.959s][info][gc,heap        ] GC(301) ParOldGen: 406050K(438784K)->417271K(438784K)
[95.959s][info][gc,metaspace   ] GC(301) Metaspace: 18164K(18368K)->18164K(18368K) NonClass: 15503K(15616K)->15503K(15616K) Class: 2661K(2752K)->2661K(2752K)
[95.959s][info][gc             ] GC(301) Pause Young (Allocation Failure) 568M->414M(676M) 25.398ms
[95.959s][info][gc,cpu         ] GC(301) User=0.05s Sys=0.00s Real=0.02s
[96.268s][info][gc,start       ] GC(302) Pause Young (Allocation Failure)
[96.300s][info][gc,heap        ] GC(302) PSYoungGen: 188736K(253952K)->21376K(253440K) Eden: 181248K(181248K)->0K(181248K) From: 7488K(72704K)->21376K(72192K)
[96.300s][info][gc,heap        ] GC(302) ParOldGen: 417271K(438784K)->424767K(438784K)
[96.300s][info][gc,metaspace   ] GC(302) Metaspace: 18168K(18368K)->18168K(18368K) NonClass: 15506K(15616K)->15506K(15616K) Class: 2661K(2752K)->2661K(2752K)
[96.300s][info][gc             ] GC(302) Pause Young (Allocation Failure) 591M->435M(676M) 31.656ms
[96.300s][info][gc,cpu         ] GC(302) User=0.07s Sys=0.00s Real=0.03s
[96.822s][info][gc,start       ] GC(303) Pause Young (Allocation Failure)
[96.849s][info][gc,heap        ] GC(303) PSYoungGen: 202624K(253440K)->192K(257536K) Eden: 181248K(181248K)->0K(189952K) From: 21376K(72192K)->192K(67584K)
[96.849s][info][gc,heap        ] GC(303) ParOldGen: 424767K(438784K)->446141K(446464K)
[96.849s][info][gc,metaspace   ] GC(303) Metaspace: 18181K(18368K)->18181K(18368K) NonClass: 15520K(15616K)->15520K(15616K) Class: 2661K(2752K)->2661K(2752K)
[96.849s][info][gc             ] GC(303) Pause Young (Allocation Failure) 612M->435M(687M) 26.468ms
[96.849s][info][gc,cpu         ] GC(303) User=0.04s Sys=0.00s Real=0.02s
[97.275s][info][gc,start       ] GC(304) Pause Young (Allocation Failure)
[97.278s][info][gc,heap        ] GC(304) PSYoungGen: 190144K(257536K)->352K(256512K) Eden: 189952K(189952K)->0K(189952K) From: 192K(67584K)->352K(66560K)
[97.278s][info][gc,heap        ] GC(304) ParOldGen: 446141K(446464K)->446293K(446464K)
[97.278s][info][gc,metaspace   ] GC(304) Metaspace: 18181K(18368K)->18181K(18368K) NonClass: 15520K(15616K)->15520K(15616K) Class: 2661K(2752K)->2661K(2752K)
[97.278s][info][gc             ] GC(304) Pause Young (Allocation Failure) 621M->436M(686M) 2.685ms
[97.278s][info][gc,cpu         ] GC(304) User=0.01s Sys=0.00s Real=0.00s
[97.684s][info][gc,start       ] GC(305) Pause Young (Allocation Failure)
[97.697s][info][gc,heap        ] GC(305) PSYoungGen: 190304K(256512K)->3648K(264192K) Eden: 189952K(189952K)->0K(201728K) From: 352K(66560K)->3648K(62464K)
[97.697s][info][gc,heap        ] GC(305) ParOldGen: 446293K(446464K)->446309K(446464K)
[97.697s][info][gc,metaspace   ] GC(305) Metaspace: 18187K(18432K)->18187K(18432K) NonClass: 15526K(15680K)->15526K(15680K) Class: 2661K(2752K)->2661K(2752K)
[97.697s][info][gc             ] GC(305) Pause Young (Allocation Failure) 621M->439M(694M) 13.160ms
[97.697s][info][gc,cpu         ] GC(305) User=0.03s Sys=0.00s Real=0.01s
[97.890s][info][gc,start       ] GC(306) Pause Young (Allocation Failure)
[97.945s][info][gc,heap        ] GC(306) PSYoungGen: 205376K(264192K)->61798K(263680K) Eden: 201728K(201728K)->0K(201728K) From: 3648K(62464K)->61798K(61952K)
[97.945s][info][gc,heap        ] GC(306) ParOldGen: 446309K(446464K)->446309K(446464K)
[97.945s][info][gc,metaspace   ] GC(306) Metaspace: 18187K(18432K)->18187K(18432K) NonClass: 15526K(15680K)->15526K(15680K) Class: 2661K(2752K)->2661K(2752K)
[97.945s][info][gc             ] GC(306) Pause Young (Allocation Failure) 636M->496M(693M) 54.825ms
[97.945s][info][gc,cpu         ] GC(306) User=0.11s Sys=0.00s Real=0.06s
[98.204s][info][gc,start       ] GC(307) Pause Young (Allocation Failure)
[98.294s][info][gc,heap        ] GC(307) PSYoungGen: 263526K(263680K)->19840K(263680K) Eden: 201728K(201728K)->0K(193536K) From: 61798K(61952K)->19840K(70144K)
[98.294s][info][gc,heap        ] GC(307) ParOldGen: 446309K(446464K)->508807K(508928K)
[98.294s][info][gc,metaspace   ] GC(307) Metaspace: 18187K(18432K)->18187K(18432K) NonClass: 15526K(15680K)->15526K(15680K) Class: 2661K(2752K)->2661K(2752K)
[98.294s][info][gc             ] GC(307) Pause Young (Allocation Failure) 693M->516M(754M) 89.706ms
[98.294s][info][gc,cpu         ] GC(307) User=0.13s Sys=0.05s Real=0.09s
[98.524s][info][gc,start       ] GC(308) Pause Young (Allocation Failure)
[98.595s][info][gc,heap        ] GC(308) PSYoungGen: 213376K(263680K)->33189K(226816K) Eden: 193536K(193536K)->0K(193536K) From: 19840K(70144K)->33189K(33280K)
[98.595s][info][gc,heap        ] GC(308) ParOldGen: 508807K(508928K)->528723K(528896K)
[98.596s][info][gc,metaspace   ] GC(308) Metaspace: 18193K(18432K)->18193K(18432K) NonClass: 15532K(15680K)->15532K(15680K) Class: 2661K(2752K)->2661K(2752K)
[98.596s][info][gc             ] GC(308) Pause Young (Allocation Failure) 705M->548M(738M) 71.957ms
[98.596s][info][gc,cpu         ] GC(308) User=0.14s Sys=0.01s Real=0.07s
[98.733s][info][gc,start       ] GC(309) Pause Young (Allocation Failure)
[98.833s][info][gc,heap        ] GC(309) PSYoungGen: 226725K(226816K)->50016K(252928K) Eden: 193536K(193536K)->0K(183296K) From: 33189K(33280K)->50016K(69632K)
[98.833s][info][gc,heap        ] GC(309) ParOldGen: 528723K(528896K)->561985K(562176K)
[98.833s][info][gc,metaspace   ] GC(309) Metaspace: 18193K(18432K)->18193K(18432K) NonClass: 15532K(15680K)->15532K(15680K) Class: 2661K(2752K)->2661K(2752K)
[98.833s][info][gc             ] GC(309) Pause Young (Allocation Failure) 737M->597M(796M) 99.891ms
[98.833s][info][gc,cpu         ] GC(309) User=0.17s Sys=0.03s Real=0.10s
[98.940s][info][gc,start       ] GC(310) Pause Young (Allocation Failure)
[99.016s][info][gc,heap        ] GC(310) PSYoungGen: 233312K(252928K)->12224K(258560K) Eden: 183296K(183296K)->0K(183296K) From: 50016K(69632K)->12224K(75264K)
[99.016s][info][gc,heap        ] GC(310) ParOldGen: 561985K(562176K)->612321K(612352K)
[99.016s][info][gc,metaspace   ] GC(310) Metaspace: 18193K(18432K)->18193K(18432K) NonClass: 15532K(15680K)->15532K(15680K) Class: 2661K(2752K)->2661K(2752K)
[99.016s][info][gc             ] GC(310) Pause Young (Allocation Failure) 776M->609M(850M) 76.641ms
[99.016s][info][gc,cpu         ] GC(310) User=0.11s Sys=0.04s Real=0.08s
[99.147s][info][gc,start       ] GC(311) Pause Full (Allocation Failure)
[99.147s][info][gc,phases,start] GC(311) Marking Phase
[99.395s][info][gc,phases      ] GC(311) Marking Phase 248.167ms
[99.395s][info][gc,phases,start] GC(311) Summary Phase
[99.395s][info][gc,phases      ] GC(311) Summary Phase 0.028ms
[99.395s][info][gc,phases,start] GC(311) Forward
[99.485s][info][gc,phases      ] GC(311) Forward 89.755ms
[99.485s][info][gc,phases,start] GC(311) Adjust Pointers
[99.683s][info][gc,phases      ] GC(311) Adjust Pointers 198.755ms
[99.683s][info][gc,phases,start] GC(311) Compaction Phase
[99.803s][info][gc,phases      ] GC(311) Compaction Phase 119.286ms
[99.811s][info][gc,phases,start] GC(311) Post Compact
[99.813s][info][gc,phases      ] GC(311) Post Compact 2.357ms
[99.814s][info][gc,heap        ] GC(311) PSYoungGen: 195520K(258560K)->0K(256000K) Eden: 183296K(183296K)->0K(186368K) From: 12224K(75264K)->0K(69632K)
[99.814s][info][gc,heap        ] GC(311) ParOldGen: 612321K(612352K)->359492K(667648K)
[99.814s][info][gc,metaspace   ] GC(311) Metaspace: 18193K(18432K)->18193K(18432K) NonClass: 15532K(15680K)->15532K(15680K) Class: 2661K(2752K)->2661K(2752K)
[99.814s][info][gc             ] GC(311) Pause Full (Allocation Failure) 788M->351M(902M) 667.219ms
[99.814s][info][gc,cpu         ] GC(311) User=1.26s Sys=0.00s Real=0.67s
[99.951s][info][gc,start       ] GC(312) Pause Young (Allocation Failure)
[99.976s][info][gc,heap        ] GC(312) PSYoungGen: 186368K(256000K)->18304K(258560K) Eden: 186368K(186368K)->0K(186368K) From: 0K(69632K)->18304K(72192K)
[99.976s][info][gc,heap        ] GC(312) ParOldGen: 359492K(667648K)->359492K(667648K)
[99.976s][info][gc,metaspace   ] GC(312) Metaspace: 18205K(18432K)->18205K(18432K) NonClass: 15544K(15680K)->15544K(15680K) Class: 2661K(2752K)->2661K(2752K)
[99.976s][info][gc             ] GC(312) Pause Young (Allocation Failure) 533M->368M(904M) 24.524ms
[99.976s][info][gc,cpu         ] GC(312) User=0.05s Sys=0.00s Real=0.02s
[100.138s][info][gc,start       ] GC(313) Pause Young (Allocation Failure)
[100.163s][info][gc,heap        ] GC(313) PSYoungGen: 204672K(258560K)->4576K(259584K) Eden: 186368K(186368K)->0K(193024K) From: 18304K(72192K)->4576K(66560K)
[100.163s][info][gc,heap        ] GC(313) ParOldGen: 359492K(667648K)->377804K(667648K)
[100.163s][info][gc,metaspace   ] GC(313) Metaspace: 18212K(18432K)->18212K(18432K) NonClass: 15551K(15680K)->15551K(15680K) Class: 2661K(2752K)->2661K(2752K)
[100.163s][info][gc             ] GC(313) Pause Young (Allocation Failure) 550M->373M(905M) 25.741ms
[100.164s][info][gc,cpu         ] GC(313) User=0.05s Sys=0.00s Real=0.03s
[100.416s][info][gc,start       ] GC(314) Pause Young (Allocation Failure)
[100.451s][info][gc,heap        ] GC(314) PSYoungGen: 197600K(259584K)->27264K(260096K) Eden: 193024K(193024K)->0K(193024K) From: 4576K(66560K)->27264K(67072K)
[100.451s][info][gc,heap        ] GC(314) ParOldGen: 377804K(667648K)->382372K(667648K)
[100.451s][info][gc,metaspace   ] GC(314) Metaspace: 18214K(18432K)->18214K(18432K) NonClass: 15553K(15680K)->15553K(15680K) Class: 2661K(2752K)->2661K(2752K)
[100.451s][info][gc             ] GC(314) Pause Young (Allocation Failure) 561M->400M(906M) 34.909ms
[100.451s][info][gc,cpu         ] GC(314) User=0.07s Sys=0.00s Real=0.04s
[100.831s][info][gc,start       ] GC(315) Pause Young (Allocation Failure)
[100.880s][info][gc,heap        ] GC(315) PSYoungGen: 220288K(260096K)->17264K(261120K) Eden: 193024K(193024K)->0K(201728K) From: 27264K(67072K)->17264K(59392K)
[100.880s][info][gc,heap        ] GC(315) ParOldGen: 382372K(667648K)->409647K(667648K)
[100.880s][info][gc,metaspace   ] GC(315) Metaspace: 18220K(18432K)->18220K(18432K) NonClass: 15558K(15680K)->15558K(15680K) Class: 2661K(2752K)->2661K(2752K)
[100.880s][info][gc             ] GC(315) Pause Young (Allocation Failure) 588M->416M(907M) 48.755ms
[100.880s][info][gc,cpu         ] GC(315) User=0.09s Sys=0.00s Real=0.04s
[101.093s][info][gc,start       ] GC(316) Pause Young (Allocation Failure)
[101.135s][info][gc,heap        ] GC(316) PSYoungGen: 218992K(261120K)->33728K(263168K) Eden: 201728K(201728K)->0K(201728K) From: 17264K(59392K)->33728K(61440K)
[101.135s][info][gc,heap        ] GC(316) ParOldGen: 409647K(667648K)->426927K(667648K)
[101.135s][info][gc,metaspace   ] GC(316) Metaspace: 18220K(18432K)->18220K(18432K) NonClass: 15558K(15680K)->15558K(15680K) Class: 2661K(2752K)->2661K(2752K)
[101.135s][info][gc             ] GC(316) Pause Young (Allocation Failure) 613M->449M(909M) 42.274ms
[101.135s][info][gc,cpu         ] GC(316) User=0.09s Sys=0.00s Real=0.04s
[101.393s][info][gc,start       ] GC(317) Pause Young (Allocation Failure)
[101.451s][info][gc,heap        ] GC(317) PSYoungGen: 235456K(263168K)->46784K(261632K) Eden: 201728K(201728K)->0K(199680K) From: 33728K(61440K)->46784K(61952K)
[101.451s][info][gc,heap        ] GC(317) ParOldGen: 426927K(667648K)->461023K(667648K)
[101.451s][info][gc,metaspace   ] GC(317) Metaspace: 18221K(18432K)->18221K(18432K) NonClass: 15560K(15680K)->15560K(15680K) Class: 2661K(2752K)->2661K(2752K)
[101.451s][info][gc             ] GC(317) Pause Young (Allocation Failure) 646M->495M(907M) 58.122ms
[101.451s][info][gc,cpu         ] GC(317) User=0.11s Sys=0.00s Real=0.06s
[101.720s][info][gc,start       ] GC(318) Pause Young (Allocation Failure)
[101.801s][info][gc,heap        ] GC(318) PSYoungGen: 246464K(261632K)->35135K(266752K) Eden: 199680K(199680K)->0K(199680K) From: 46784K(61952K)->35135K(67072K)
[101.802s][info][gc,heap        ] GC(318) ParOldGen: 461023K(667648K)->508267K(667648K)
[101.802s][info][gc,metaspace   ] GC(318) Metaspace: 18221K(18432K)->18221K(18432K) NonClass: 15560K(15680K)->15560K(15680K) Class: 2661K(2752K)->2661K(2752K)
[101.802s][info][gc             ] GC(318) Pause Young (Allocation Failure) 690M->530M(912M) 81.992ms
[101.802s][info][gc,cpu         ] GC(318) User=0.16s Sys=0.00s Real=0.09s
[102.016s][info][gc,start       ] GC(319) Pause Young (Allocation Failure)
[102.088s][info][gc,heap        ] GC(319) PSYoungGen: 234815K(266752K)->22880K(259072K) Eden: 199680K(199680K)->0K(200192K) From: 35135K(67072K)->22880K(58880K)
[102.088s][info][gc,heap        ] GC(319) ParOldGen: 508267K(667648K)->543434K(667648K)
[102.088s][info][gc,metaspace   ] GC(319) Metaspace: 18221K(18432K)->18221K(18432K) NonClass: 15560K(15680K)->15560K(15680K) Class: 2661K(2752K)->2661K(2752K)
[102.088s][info][gc             ] GC(319) Pause Young (Allocation Failure) 725M->553M(905M) 72.100ms
[102.088s][info][gc,cpu         ] GC(319) User=0.15s Sys=0.00s Real=0.07s
[102.296s][info][gc,start       ] GC(320) Pause Young (Allocation Failure)
[102.327s][info][gc,heap        ] GC(320) PSYoungGen: 223072K(259072K)->3904K(263168K) Eden: 200192K(200192K)->0K(200192K) From: 22880K(58880K)->3904K(62976K)
[102.327s][info][gc,heap        ] GC(320) ParOldGen: 543434K(667648K)->566346K(667648K)
[102.327s][info][gc,metaspace   ] GC(320) Metaspace: 18221K(18432K)->18221K(18432K) NonClass: 15560K(15680K)->15560K(15680K) Class: 2661K(2752K)->2661K(2752K)
[102.327s][info][gc             ] GC(320) Pause Young (Allocation Failure) 748M->556M(909M) 31.272ms
[102.327s][info][gc,cpu         ] GC(320) User=0.06s Sys=0.00s Real=0.03s
[102.631s][info][gc,start       ] GC(321) Pause Young (Allocation Failure)
[102.657s][info][gc,heap        ] GC(321) PSYoungGen: 204096K(263168K)->10624K(267776K) Eden: 200192K(200192K)->0K(207872K) From: 3904K(62976K)->10624K(59904K)
[102.657s][info][gc,heap        ] GC(321) ParOldGen: 566346K(667648K)->570234K(667648K)
[102.657s][info][gc,metaspace   ] GC(321) Metaspace: 18221K(18432K)->18221K(18432K) NonClass: 15560K(15680K)->15560K(15680K) Class: 2661K(2752K)->2661K(2752K)
[102.657s][info][gc             ] GC(321) Pause Young (Allocation Failure) 752M->567M(913M) 25.654ms
[102.657s][info][gc,cpu         ] GC(321) User=0.05s Sys=0.00s Real=0.02s
[102.940s][info][gc,start       ] GC(322) Pause Young (Allocation Failure)
[102.990s][info][gc,heap        ] GC(322) PSYoungGen: 218496K(267776K)->42226K(250368K) Eden: 207872K(207872K)->0K(207872K) From: 10624K(59904K)->42226K(42496K)
[102.990s][info][gc,heap        ] GC(322) ParOldGen: 570234K(667648K)->580842K(667648K)
[102.990s][info][gc,metaspace   ] GC(322) Metaspace: 18221K(18432K)->18221K(18432K) NonClass: 15560K(15680K)->15560K(15680K) Class: 2661K(2752K)->2661K(2752K)
[102.990s][info][gc             ] GC(322) Pause Young (Allocation Failure) 770M->608M(896M) 49.843ms
[102.990s][info][gc,cpu         ] GC(322) User=0.10s Sys=0.00s Real=0.05s
[103.288s][info][gc,start       ] GC(323) Pause Young (Allocation Failure)
[103.370s][info][gc,heap        ] GC(323) PSYoungGen: 250098K(250368K)->54112K(255488K) Eden: 207872K(207872K)->0K(190464K) From: 42226K(42496K)->54112K(65024K)
[103.370s][info][gc,heap        ] GC(323) ParOldGen: 580842K(667648K)->623368K(667648K)
[103.370s][info][gc,metaspace   ] GC(323) Metaspace: 18221K(18432K)->18221K(18432K) NonClass: 15560K(15680K)->15560K(15680K) Class: 2661K(2752K)->2661K(2752K)
[103.370s][info][gc             ] GC(323) Pause Young (Allocation Failure) 811M->661M(901M) 81.679ms
[103.370s][info][gc,cpu         ] GC(323) User=0.15s Sys=0.01s Real=0.08s
[103.637s][info][gc,start       ] GC(324) Pause Full (Allocation Failure)
[103.637s][info][gc,phases,start] GC(324) Marking Phase
[103.988s][info][gc,phases      ] GC(324) Marking Phase 350.770ms
[103.988s][info][gc,phases,start] GC(324) Summary Phase
[103.988s][info][gc,phases      ] GC(324) Summary Phase 0.032ms
[103.988s][info][gc,phases,start] GC(324) Forward
[104.127s][info][gc,phases      ] GC(324) Forward 139.141ms
[104.127s][info][gc,phases,start] GC(324) Adjust Pointers
[104.401s][info][gc,phases      ] GC(324) Adjust Pointers 274.168ms
[104.401s][info][gc,phases,start] GC(324) Compaction Phase
[104.568s][info][gc,phases      ] GC(324) Compaction Phase 166.362ms
[104.578s][info][gc,phases,start] GC(324) Post Compact
[104.581s][info][gc,phases      ] GC(324) Post Compact 2.529ms
[104.581s][info][gc,heap        ] GC(324) PSYoungGen: 244576K(255488K)->0K(262144K) Eden: 190464K(190464K)->0K(190464K) From: 54112K(65024K)->0K(71680K)
[104.581s][info][gc,heap        ] GC(324) ParOldGen: 623368K(667648K)->496157K(667648K)
[104.581s][info][gc,metaspace   ] GC(324) Metaspace: 18224K(18432K)->18224K(18432K) NonClass: 15563K(15680K)->15563K(15680K) Class: 2661K(2752K)->2661K(2752K)
[104.581s][info][gc             ] GC(324) Pause Full (Allocation Failure) 847M->484M(908M) 943.749ms
[104.581s][info][gc,cpu         ] GC(324) User=1.78s Sys=0.00s Real=0.95s
[104.790s][info][gc,start       ] GC(325) Pause Young (Allocation Failure)
[104.817s][info][gc,heap        ] GC(325) PSYoungGen: 190464K(262144K)->23680K(254976K) Eden: 190464K(190464K)->0K(190464K) From: 0K(71680K)->23680K(64512K)
[104.817s][info][gc,heap        ] GC(325) ParOldGen: 496157K(667648K)->496157K(667648K)
[104.817s][info][gc,metaspace   ] GC(325) Metaspace: 18224K(18432K)->18224K(18432K) NonClass: 15563K(15680K)->15563K(15680K) Class: 2661K(2752K)->2661K(2752K)
[104.817s][info][gc             ] GC(325) Pause Young (Allocation Failure) 670M->507M(901M) 27.058ms
[104.817s][info][gc,cpu         ] GC(325) User=0.05s Sys=0.00s Real=0.03s
[105.009s][info][gc,start       ] GC(326) Pause Young (Allocation Failure)
[105.037s][info][gc,heap        ] GC(326) PSYoungGen: 214144K(254976K)->800K(258560K) Eden: 190464K(190464K)->0K(190464K) From: 23680K(64512K)->800K(68096K)
[105.038s][info][gc,heap        ] GC(326) ParOldGen: 496157K(667648K)->519853K(667648K)
[105.038s][info][gc,metaspace   ] GC(326) Metaspace: 18224K(18432K)->18224K(18432K) NonClass: 15563K(15680K)->15563K(15680K) Class: 2661K(2752K)->2661K(2752K)
[105.038s][info][gc             ] GC(326) Pause Young (Allocation Failure) 693M->508M(904M) 28.797ms
[105.038s][info][gc,cpu         ] GC(326) User=0.06s Sys=0.00s Real=0.03s
[105.283s][info][gc,start       ] GC(327) Pause Young (Allocation Failure)
[105.300s][info][gc,heap        ] GC(327) PSYoungGen: 191264K(258560K)->13376K(261120K) Eden: 190464K(190464K)->0K(197120K) From: 800K(68096K)->13376K(64000K)
[105.300s][info][gc,heap        ] GC(327) ParOldGen: 519853K(667648K)->520629K(667648K)
[105.300s][info][gc,metaspace   ] GC(327) Metaspace: 18224K(18432K)->18224K(18432K) NonClass: 15563K(15680K)->15563K(15680K) Class: 2661K(2752K)->2661K(2752K)
[105.300s][info][gc             ] GC(327) Pause Young (Allocation Failure) 694M->521M(907M) 16.859ms
[105.300s][info][gc,cpu         ] GC(327) User=0.03s Sys=0.00s Real=0.01s
[105.763s][info][gc,start       ] GC(328) Pause Young (Allocation Failure)
[105.796s][info][gc,heap        ] GC(328) PSYoungGen: 210496K(261120K)->30544K(263168K) Eden: 197120K(197120K)->0K(197120K) From: 13376K(64000K)->30544K(66048K)
[105.796s][info][gc,heap        ] GC(328) ParOldGen: 520629K(667648K)->520629K(667648K)
[105.796s][info][gc,metaspace   ] GC(328) Metaspace: 18224K(18432K)->18224K(18432K) NonClass: 15563K(15680K)->15563K(15680K) Class: 2661K(2752K)->2661K(2752K)
[105.796s][info][gc             ] GC(328) Pause Young (Allocation Failure) 713M->538M(909M) 33.462ms
[105.796s][info][gc,cpu         ] GC(328) User=0.07s Sys=0.00s Real=0.03s
[106.286s][info][gc,start       ] GC(329) Pause Young (Allocation Failure)
[106.317s][info][gc,heap        ] GC(329) PSYoungGen: 227664K(263168K)->30576K(264192K) Eden: 197120K(197120K)->0K(203264K) From: 30544K(66048K)->30576K(60928K)
[106.317s][info][gc,heap        ] GC(329) ParOldGen: 520629K(667648K)->520629K(667648K)
[106.317s][info][gc,metaspace   ] GC(329) Metaspace: 18224K(18432K)->18224K(18432K) NonClass: 15563K(15680K)->15563K(15680K) Class: 2661K(2752K)->2661K(2752K)
[106.318s][info][gc             ] GC(329) Pause Young (Allocation Failure) 730M->538M(910M) 31.080ms
[106.318s][info][gc,cpu         ] GC(329) User=0.06s Sys=0.00s Real=0.03s
[106.780s][info][gc,start       ] GC(330) Pause Young (Allocation Failure)
[106.820s][info][gc,heap        ] GC(330) PSYoungGen: 233840K(264192K)->30560K(266240K) Eden: 203264K(203264K)->0K(203264K) From: 30576K(60928K)->30560K(62976K)
[106.820s][info][gc,heap        ] GC(330) ParOldGen: 520629K(667648K)->520629K(667648K)
[106.820s][info][gc,metaspace   ] GC(330) Metaspace: 18227K(18432K)->18227K(18432K) NonClass: 15566K(15680K)->15566K(15680K) Class: 2661K(2752K)->2661K(2752K)
[106.820s][info][gc             ] GC(330) Pause Young (Allocation Failure) 736M->538M(912M) 40.507ms
[106.820s][info][gc,cpu         ] GC(330) User=0.08s Sys=0.00s Real=0.04s
[107.158s][info][gc,start       ] GC(331) Pause Young (Allocation Failure)
[107.210s][info][gc,heap        ] GC(331) PSYoungGen: 233824K(266240K)->57008K(256512K) Eden: 203264K(203264K)->0K(195584K) From: 30560K(62976K)->57008K(60928K)
[107.210s][info][gc,heap        ] GC(331) ParOldGen: 520629K(667648K)->520629K(667648K)
[107.210s][info][gc,metaspace   ] GC(331) Metaspace: 18228K(18432K)->18228K(18432K) NonClass: 15567K(15680K)->15567K(15680K) Class: 2661K(2752K)->2661K(2752K)
[107.210s][info][gc             ] GC(331) Pause Young (Allocation Failure) 736M->564M(902M) 51.968ms
[107.210s][info][gc,cpu         ] GC(331) User=0.10s Sys=0.00s Real=0.05s
[107.479s][info][gc,start       ] GC(332) Pause Young (Allocation Failure)
[107.566s][info][gc,heap        ] GC(332) PSYoungGen: 252592K(256512K)->69104K(264704K) Eden: 195584K(195584K)->0K(195584K) From: 57008K(60928K)->69104K(69120K)
[107.566s][info][gc,heap        ] GC(332) ParOldGen: 520629K(667648K)->556837K(667648K)
[107.566s][info][gc,metaspace   ] GC(332) Metaspace: 18228K(18432K)->18228K(18432K) NonClass: 15567K(15680K)->15567K(15680K) Class: 2661K(2752K)->2661K(2752K)
[107.566s][info][gc             ] GC(332) Pause Young (Allocation Failure) 755M->611M(910M) 86.554ms
[107.566s][info][gc,cpu         ] GC(332) User=0.17s Sys=0.00s Real=0.09s
[107.813s][info][gc,start       ] GC(333) Pause Young (Allocation Failure)
[107.929s][info][gc,heap        ] GC(333) PSYoungGen: 264688K(264704K)->69104K(180736K) Eden: 195584K(195584K)->0K(111616K) From: 69104K(69120K)->69104K(69120K)
[107.929s][info][gc,heap        ] GC(333) ParOldGen: 556837K(667648K)->588061K(667648K)
[107.929s][info][gc,metaspace   ] GC(333) Metaspace: 18228K(18432K)->18228K(18432K) NonClass: 15567K(15680K)->15567K(15680K) Class: 2661K(2752K)->2661K(2752K)
[107.929s][info][gc             ] GC(333) Pause Young (Allocation Failure) 802M->641M(828M) 116.518ms
[107.929s][info][gc,cpu         ] GC(333) User=0.23s Sys=0.01s Real=0.11s
[108.065s][info][gc,start       ] GC(334) Pause Young (Allocation Failure)
[108.155s][info][gc,heap        ] GC(334) PSYoungGen: 180720K(180736K)->84560K(222720K) Eden: 111616K(111616K)->0K(111616K) From: 69104K(69120K)->84560K(111104K)
[108.155s][info][gc,heap        ] GC(334) ParOldGen: 588061K(667648K)->588093K(667648K)
[108.155s][info][gc,metaspace   ] GC(334) Metaspace: 18228K(18432K)->18228K(18432K) NonClass: 15567K(15680K)->15567K(15680K) Class: 2661K(2752K)->2661K(2752K)
[108.155s][info][gc             ] GC(334) Pause Young (Allocation Failure) 750M->656M(869M) 90.109ms
[108.155s][info][gc,cpu         ] GC(334) User=0.18s Sys=0.00s Real=0.09s
[108.267s][info][gc,start       ] GC(335) Pause Young (Allocation Failure)
[108.373s][info][gc,heap        ] GC(335) PSYoungGen: 196176K(222720K)->58240K(222720K) Eden: 111616K(111616K)->0K(111616K) From: 84560K(111104K)->58240K(111104K)
[108.373s][info][gc,heap        ] GC(335) ParOldGen: 588093K(667648K)->626982K(667648K)
[108.373s][info][gc,metaspace   ] GC(335) Metaspace: 18228K(18432K)->18228K(18432K) NonClass: 15567K(15680K)->15567K(15680K) Class: 2661K(2752K)->2661K(2752K)
[108.373s][info][gc             ] GC(335) Pause Young (Allocation Failure) 765M->669M(869M) 105.640ms
[108.373s][info][gc,cpu         ] GC(335) User=0.21s Sys=0.00s Real=0.11s
[108.481s][info][gc,start       ] GC(336) Pause Full (Allocation Failure)
[108.481s][info][gc,phases,start] GC(336) Marking Phase
[108.961s][info][gc,phases      ] GC(336) Marking Phase 480.226ms
[108.961s][info][gc,phases,start] GC(336) Summary Phase
[108.961s][info][gc,phases      ] GC(336) Summary Phase 0.025ms
[108.961s][info][gc,phases,start] GC(336) Forward
[109.068s][info][gc,phases      ] GC(336) Forward 107.275ms
[109.068s][info][gc,phases,start] GC(336) Adjust Pointers
[109.423s][info][gc,phases      ] GC(336) Adjust Pointers 354.571ms
[109.423s][info][gc,phases,start] GC(336) Compaction Phase
[109.656s][info][gc,phases      ] GC(336) Compaction Phase 232.839ms
[109.666s][info][gc,phases,start] GC(336) Post Compact
[109.668s][info][gc,phases      ] GC(336) Post Compact 2.322ms
[109.668s][info][gc,heap        ] GC(336) PSYoungGen: 169856K(222720K)->0K(222720K) Eden: 111616K(111616K)->0K(111616K) From: 58240K(111104K)->0K(111104K)
[109.668s][info][gc,heap        ] GC(336) ParOldGen: 626982K(667648K)->664970K(667648K)
[109.668s][info][gc,metaspace   ] GC(336) Metaspace: 18228K(18432K)->18228K(18432K) NonClass: 15567K(15680K)->15567K(15680K) Class: 2661K(2752K)->2661K(2752K)
[109.668s][info][gc             ] GC(336) Pause Full (Allocation Failure) 778M->649M(869M) 1187.616ms
[109.668s][info][gc,cpu         ] GC(336) User=2.32s Sys=0.02s Real=1.18s
[109.792s][info][gc,start       ] GC(337) Pause Full (Allocation Failure)
[109.792s][info][gc,phases,start] GC(337) Marking Phase
[110.159s][info][gc,phases      ] GC(337) Marking Phase 366.533ms
[110.159s][info][gc,phases,start] GC(337) Summary Phase
[110.159s][info][gc,phases      ] GC(337) Summary Phase 0.025ms
[110.159s][info][gc,phases,start] GC(337) Forward
[110.297s][info][gc,phases      ] GC(337) Forward 138.569ms
[110.297s][info][gc,phases,start] GC(337) Adjust Pointers
[110.574s][info][gc,phases      ] GC(337) Adjust Pointers 276.854ms
[110.574s][info][gc,phases,start] GC(337) Compaction Phase
[110.734s][info][gc,phases      ] GC(337) Compaction Phase 159.834ms
[110.746s][info][gc,phases,start] GC(337) Post Compact
[110.748s][info][gc,phases      ] GC(337) Post Compact 2.372ms
[110.748s][info][gc,heap        ] GC(337) PSYoungGen: 111616K(222720K)->0K(222720K) Eden: 111616K(111616K)->0K(111616K) From: 0K(111104K)->0K(111104K)
[110.748s][info][gc,heap        ] GC(337) ParOldGen: 664970K(667648K)->513291K(667648K)
[110.748s][info][gc,metaspace   ] GC(337) Metaspace: 18228K(18432K)->18228K(18432K) NonClass: 15567K(15680K)->15567K(15680K) Class: 2661K(2752K)->2661K(2752K)
[110.748s][info][gc             ] GC(337) Pause Full (Allocation Failure) 758M->501M(869M) 956.222ms
[110.748s][info][gc,cpu         ] GC(337) User=1.81s Sys=0.00s Real=0.95s
[110.888s][info][gc,start       ] GC(338) Pause Young (Allocation Failure)
[110.892s][info][gc,heap        ] GC(338) PSYoungGen: 111616K(222720K)->1568K(222720K) Eden: 111616K(111616K)->0K(111616K) From: 0K(111104K)->1568K(111104K)
[110.892s][info][gc,heap        ] GC(338) ParOldGen: 513291K(667648K)->513291K(667648K)
[110.892s][info][gc,metaspace   ] GC(338) Metaspace: 18228K(18432K)->18228K(18432K) NonClass: 15567K(15680K)->15567K(15680K) Class: 2661K(2752K)->2661K(2752K)
[110.892s][info][gc             ] GC(338) Pause Young (Allocation Failure) 610M->502M(869M) 3.894ms
[110.892s][info][gc,cpu         ] GC(338) User=0.01s Sys=0.00s Real=0.01s
[111.089s][info][gc,start       ] GC(339) Pause Young (Allocation Failure)
[111.106s][info][gc,heap        ] GC(339) PSYoungGen: 113184K(222720K)->14123K(222720K) Eden: 111616K(111616K)->0K(111616K) From: 1568K(111104K)->14123K(111104K)
[111.106s][info][gc,heap        ] GC(339) ParOldGen: 513291K(667648K)->514819K(667648K)
[111.106s][info][gc,metaspace   ] GC(339) Metaspace: 18229K(18432K)->18229K(18432K) NonClass: 15568K(15680K)->15568K(15680K) Class: 2661K(2752K)->2661K(2752K)
[111.107s][info][gc             ] GC(339) Pause Young (Allocation Failure) 611M->516M(869M) 17.802ms
[111.107s][info][gc,cpu         ] GC(339) User=0.03s Sys=0.01s Real=0.02s
[111.226s][info][gc,start       ] GC(340) Pause Young (Allocation Failure)
[111.265s][info][gc,heap        ] GC(340) PSYoungGen: 125739K(222720K)->23072K(222720K) Eden: 111616K(111616K)->0K(111616K) From: 14123K(111104K)->23072K(111104K)
[111.266s][info][gc,heap        ] GC(340) ParOldGen: 514819K(667648K)->528951K(667648K)
[111.266s][info][gc,metaspace   ] GC(340) Metaspace: 18238K(18432K)->18238K(18432K) NonClass: 15577K(15680K)->15577K(15680K) Class: 2661K(2752K)->2661K(2752K)
[111.266s][info][gc             ] GC(340) Pause Young (Allocation Failure) 625M->539M(869M) 39.193ms
[111.266s][info][gc,cpu         ] GC(340) User=0.07s Sys=0.00s Real=0.04s
[111.415s][info][gc,start       ] GC(341) Pause Young (Allocation Failure)
[111.448s][info][gc,heap        ] GC(341) PSYoungGen: 134688K(222720K)->32992K(210432K) Eden: 111616K(111616K)->0K(111616K) From: 23072K(111104K)->32992K(98816K)
[111.448s][info][gc,heap        ] GC(341) ParOldGen: 528951K(667648K)->528951K(667648K)
[111.448s][info][gc,metaspace   ] GC(341) Metaspace: 18238K(18432K)->18238K(18432K) NonClass: 15577K(15680K)->15577K(15680K) Class: 2661K(2752K)->2661K(2752K)
[111.448s][info][gc             ] GC(341) Pause Young (Allocation Failure) 648M->548M(857M) 33.094ms
[111.448s][info][gc,cpu         ] GC(341) User=0.06s Sys=0.00s Real=0.03s
[111.625s][info][gc,start       ] GC(342) Pause Young (Allocation Failure)
[111.662s][info][gc,heap        ] GC(342) PSYoungGen: 144608K(210432K)->41296K(216576K) Eden: 111616K(111616K)->0K(111616K) From: 32992K(98816K)->41296K(104960K)
[111.662s][info][gc,heap        ] GC(342) ParOldGen: 528951K(667648K)->528951K(667648K)
[111.662s][info][gc,metaspace   ] GC(342) Metaspace: 18238K(18432K)->18238K(18432K) NonClass: 15577K(15680K)->15577K(15680K) Class: 2661K(2752K)->2661K(2752K)
[111.662s][info][gc             ] GC(342) Pause Young (Allocation Failure) 657M->556M(863M) 37.523ms
[111.662s][info][gc,cpu         ] GC(342) User=0.07s Sys=0.00s Real=0.04s
[111.802s][info][gc,start       ] GC(343) Pause Young (Allocation Failure)
[111.849s][info][gc,heap        ] GC(343) PSYoungGen: 152912K(216576K)->48720K(216064K) Eden: 111616K(111616K)->0K(120320K) From: 41296K(104960K)->48720K(95744K)
[111.849s][info][gc,heap        ] GC(343) ParOldGen: 528951K(667648K)->528951K(667648K)
[111.849s][info][gc,metaspace   ] GC(343) Metaspace: 18238K(18432K)->18238K(18432K) NonClass: 15577K(15680K)->15577K(15680K) Class: 2661K(2752K)->2661K(2752K)
[111.849s][info][gc             ] GC(343) Pause Young (Allocation Failure) 665M->564M(863M) 47.388ms
[111.849s][info][gc,cpu         ] GC(343) User=0.09s Sys=0.00s Real=0.04s
[111.990s][info][gc,start       ] GC(344) Pause Young (Allocation Failure)
[112.039s][info][gc,heap        ] GC(344) PSYoungGen: 169040K(216064K)->51632K(217600K) Eden: 120320K(120320K)->0K(120320K) From: 48720K(95744K)->51632K(97280K)
[112.039s][info][gc,heap        ] GC(344) ParOldGen: 528951K(667648K)->528951K(667648K)
[112.039s][info][gc,metaspace   ] GC(344) Metaspace: 18239K(18432K)->18239K(18432K) NonClass: 15578K(15680K)->15578K(15680K) Class: 2661K(2752K)->2661K(2752K)
[112.039s][info][gc             ] GC(344) Pause Young (Allocation Failure) 681M->566M(864M) 49.257ms
[112.039s][info][gc,cpu         ] GC(344) User=0.10s Sys=0.00s Real=0.05s
[112.359s][info][gc,start       ] GC(345) Pause Young (Allocation Failure)
[112.410s][info][gc,heap        ] GC(345) PSYoungGen: 171952K(217600K)->54192K(224768K) Eden: 120320K(120320K)->0K(129536K) From: 51632K(97280K)->54192K(95232K)
[112.410s][info][gc,heap        ] GC(345) ParOldGen: 528951K(667648K)->528951K(667648K)
[112.410s][info][gc,metaspace   ] GC(345) Metaspace: 18240K(18432K)->18240K(18432K) NonClass: 15579K(15680K)->15579K(15680K) Class: 2661K(2752K)->2661K(2752K)
[112.410s][info][gc             ] GC(345) Pause Young (Allocation Failure) 684M->569M(871M) 51.682ms
[112.410s][info][gc,cpu         ] GC(345) User=0.11s Sys=0.00s Real=0.05s
[112.674s][info][gc,start       ] GC(346) Pause Young (Allocation Failure)
[112.738s][info][gc,heap        ] GC(346) PSYoungGen: 183728K(224768K)->62368K(225280K) Eden: 129536K(129536K)->0K(129536K) From: 54192K(95232K)->62368K(95744K)
[112.738s][info][gc,heap        ] GC(346) ParOldGen: 528951K(667648K)->528951K(667648K)
[112.738s][info][gc,metaspace   ] GC(346) Metaspace: 18241K(18432K)->18241K(18432K) NonClass: 15580K(15680K)->15580K(15680K) Class: 2661K(2752K)->2661K(2752K)
[112.738s][info][gc             ] GC(346) Pause Young (Allocation Failure) 695M->577M(872M) 64.367ms
[112.738s][info][gc,cpu         ] GC(346) User=0.13s Sys=0.00s Real=0.06s
[112.916s][info][gc,start       ] GC(347) Pause Young (Allocation Failure)
[112.982s][info][gc,heap        ] GC(347) PSYoungGen: 191904K(225280K)->69840K(227840K) Eden: 129536K(129536K)->0K(130048K) From: 62368K(95744K)->69840K(97792K)
[112.982s][info][gc,heap        ] GC(347) ParOldGen: 528951K(667648K)->528951K(667648K)
[112.982s][info][gc,metaspace   ] GC(347) Metaspace: 18241K(18432K)->18241K(18432K) NonClass: 15580K(15680K)->15580K(15680K) Class: 2661K(2752K)->2661K(2752K)
[112.982s][info][gc             ] GC(347) Pause Young (Allocation Failure) 703M->584M(874M) 65.883ms
[112.982s][info][gc,cpu         ] GC(347) User=0.13s Sys=0.00s Real=0.07s
[113.087s][info][gc,start       ] GC(348) Pause Young (Allocation Failure)
[113.145s][info][gc,heap        ] GC(348) PSYoungGen: 199888K(227840K)->70512K(200704K) Eden: 130048K(130048K)->0K(130048K) From: 69840K(97792K)->70512K(70656K)
[113.145s][info][gc,heap        ] GC(348) ParOldGen: 528951K(667648K)->528951K(667648K)
[113.145s][info][gc,metaspace   ] GC(348) Metaspace: 18243K(18432K)->18243K(18432K) NonClass: 15582K(15680K)->15582K(15680K) Class: 2661K(2752K)->2661K(2752K)
[113.145s][info][gc             ] GC(348) Pause Young (Allocation Failure) 711M->585M(848M) 58.359ms
[113.145s][info][gc,cpu         ] GC(348) User=0.12s Sys=0.00s Real=0.06s
[113.322s][info][gc,start       ] GC(349) Pause Young (Allocation Failure)
[113.408s][info][gc,heap        ] GC(349) PSYoungGen: 200560K(200704K)->105248K(217088K) Eden: 130048K(130048K)->0K(111616K) From: 70512K(70656K)->105248K(105472K)
[113.409s][info][gc,heap        ] GC(349) ParOldGen: 528951K(667648K)->528951K(667648K)
[113.409s][info][gc,metaspace   ] GC(349) Metaspace: 18243K(18432K)->18243K(18432K) NonClass: 15582K(15680K)->15582K(15680K) Class: 2661K(2752K)->2661K(2752K)
[113.409s][info][gc             ] GC(349) Pause Young (Allocation Failure) 712M->619M(864M) 86.797ms
[113.409s][info][gc,cpu         ] GC(349) User=0.16s Sys=0.01s Real=0.08s
[113.524s][info][gc,start       ] GC(350) Pause Young (Allocation Failure)
[113.602s][info][gc,heap        ] GC(350) PSYoungGen: 216864K(217088K)->90800K(222720K) Eden: 111616K(111616K)->0K(111616K) From: 105248K(105472K)->90800K(111104K)
[113.602s][info][gc,heap        ] GC(350) ParOldGen: 528951K(667648K)->546271K(667648K)
[113.602s][info][gc,metaspace   ] GC(350) Metaspace: 18243K(18432K)->18243K(18432K) NonClass: 15582K(15680K)->15582K(15680K) Class: 2661K(2752K)->2661K(2752K)
[113.602s][info][gc             ] GC(350) Pause Young (Allocation Failure) 728M->622M(869M) 77.515ms
[113.602s][info][gc,cpu         ] GC(350) User=0.15s Sys=0.00s Real=0.08s
[113.775s][info][gc,start       ] GC(351) Pause Young (Allocation Failure)
[113.868s][info][gc,heap        ] GC(351) PSYoungGen: 202416K(222720K)->106032K(222720K) Eden: 111616K(111616K)->0K(111616K) From: 90800K(111104K)->106032K(111104K)
[113.868s][info][gc,heap        ] GC(351) ParOldGen: 546271K(667648K)->546343K(667648K)
[113.868s][info][gc,metaspace   ] GC(351) Metaspace: 18243K(18432K)->18243K(18432K) NonClass: 15582K(15680K)->15582K(15680K) Class: 2661K(2752K)->2661K(2752K)
[113.868s][info][gc             ] GC(351) Pause Young (Allocation Failure) 731M->637M(869M) 93.106ms
[113.868s][info][gc,cpu         ] GC(351) User=0.18s Sys=0.00s Real=0.09s
[113.999s][info][gc,start       ] GC(352) Pause Young (Allocation Failure)
[114.125s][info][gc,heap        ] GC(352) PSYoungGen: 217648K(222720K)->111088K(222720K) Eden: 111616K(111616K)->0K(111616K) From: 106032K(111104K)->111088K(111104K)
[114.125s][info][gc,heap        ] GC(352) ParOldGen: 546343K(667648K)->563111K(667648K)
[114.125s][info][gc,metaspace   ] GC(352) Metaspace: 18243K(18432K)->18243K(18432K) NonClass: 15582K(15680K)->15582K(15680K) Class: 2661K(2752K)->2661K(2752K)
[114.125s][info][gc             ] GC(352) Pause Young (Allocation Failure) 746M->658M(869M) 126.014ms
[114.125s][info][gc,cpu         ] GC(352) User=0.25s Sys=0.00s Real=0.13s
[114.247s][info][gc,start       ] GC(353) Pause Young (Allocation Failure)
[114.368s][info][gc,heap        ] GC(353) PSYoungGen: 222704K(222720K)->111088K(222720K) Eden: 111616K(111616K)->0K(111616K) From: 111088K(111104K)->111088K(111104K)
[114.368s][info][gc,heap        ] GC(353) ParOldGen: 563111K(667648K)->567060K(667648K)
[114.368s][info][gc,metaspace   ] GC(353) Metaspace: 18243K(18432K)->18243K(18432K) NonClass: 15582K(15680K)->15582K(15680K) Class: 2661K(2752K)->2661K(2752K)
[114.368s][info][gc             ] GC(353) Pause Young (Allocation Failure) 767M->662M(869M) 121.099ms
[114.368s][info][gc,cpu         ] GC(353) User=0.24s Sys=0.00s Real=0.12s
[114.485s][info][gc,start       ] GC(354) Pause Young (Allocation Failure)
[114.599s][info][gc,heap        ] GC(354) PSYoungGen: 222704K(222720K)->39040K(222720K) Eden: 111616K(111616K)->0K(111616K) From: 111088K(111104K)->39040K(111104K)
[114.599s][info][gc,heap        ] GC(354) ParOldGen: 567060K(667648K)->640652K(667648K)
[114.599s][info][gc,metaspace   ] GC(354) Metaspace: 18243K(18432K)->18243K(18432K) NonClass: 15582K(15680K)->15582K(15680K) Class: 2661K(2752K)->2661K(2752K)
[114.599s][info][gc             ] GC(354) Pause Young (Allocation Failure) 771M->663M(869M) 113.628ms
[114.599s][info][gc,cpu         ] GC(354) User=0.22s Sys=0.00s Real=0.11s
[114.735s][info][gc,start       ] GC(355) Pause Full (Allocation Failure)
[114.735s][info][gc,phases,start] GC(355) Marking Phase
[115.105s][info][gc,phases      ] GC(355) Marking Phase 370.184ms
[115.105s][info][gc,phases,start] GC(355) Summary Phase
[115.105s][info][gc,phases      ] GC(355) Summary Phase 0.025ms
[115.105s][info][gc,phases,start] GC(355) Forward
[115.208s][info][gc,phases      ] GC(355) Forward 103.267ms
[115.208s][info][gc,phases,start] GC(355) Adjust Pointers
[115.483s][info][gc,phases      ] GC(355) Adjust Pointers 274.444ms
[115.483s][info][gc,phases,start] GC(355) Compaction Phase
[115.633s][info][gc,phases      ] GC(355) Compaction Phase 150.179ms
[115.641s][info][gc,phases,start] GC(355) Post Compact
[115.643s][info][gc,phases      ] GC(355) Post Compact 2.351ms
[115.643s][info][gc,heap        ] GC(355) PSYoungGen: 150656K(222720K)->0K(222720K) Eden: 111616K(111616K)->0K(111616K) From: 39040K(111104K)->0K(111104K)
[115.643s][info][gc,heap        ] GC(355) ParOldGen: 640652K(667648K)->515451K(667648K)
[115.643s][info][gc,metaspace   ] GC(355) Metaspace: 18243K(18432K)->18243K(18432K) NonClass: 15582K(15680K)->15582K(15680K) Class: 2661K(2752K)->2661K(2752K)
[115.643s][info][gc             ] GC(355) Pause Full (Allocation Failure) 772M->503M(869M) 908.867ms
[115.643s][info][gc,cpu         ] GC(355) User=1.71s Sys=0.00s Real=0.91s
[115.788s][info][gc,start       ] GC(356) Pause Young (Allocation Failure)
[115.794s][info][gc,heap        ] GC(356) PSYoungGen: 111616K(222720K)->3936K(222720K) Eden: 111616K(111616K)->0K(111616K) From: 0K(111104K)->3936K(111104K)
[115.794s][info][gc,heap        ] GC(356) ParOldGen: 515451K(667648K)->515451K(667648K)
[115.794s][info][gc,metaspace   ] GC(356) Metaspace: 18243K(18432K)->18243K(18432K) NonClass: 15582K(15680K)->15582K(15680K) Class: 2661K(2752K)->2661K(2752K)
[115.794s][info][gc             ] GC(356) Pause Young (Allocation Failure) 612M->507M(869M) 6.083ms
[115.794s][info][gc,cpu         ] GC(356) User=0.02s Sys=0.00s Real=0.01s
[115.979s][info][gc,start       ] GC(357) Pause Young (Allocation Failure)
[116.008s][info][gc,heap        ] GC(357) PSYoungGen: 115552K(222720K)->20432K(222720K) Eden: 111616K(111616K)->0K(111616K) From: 3936K(111104K)->20432K(111104K)
[116.008s][info][gc,heap        ] GC(357) ParOldGen: 515451K(667648K)->515451K(667648K)
[116.008s][info][gc,metaspace   ] GC(357) Metaspace: 18243K(18432K)->18243K(18432K) NonClass: 15582K(15680K)->15582K(15680K) Class: 2661K(2752K)->2661K(2752K)
[116.008s][info][gc             ] GC(357) Pause Young (Allocation Failure) 616M->523M(869M) 28.747ms
[116.008s][info][gc,cpu         ] GC(357) User=0.05s Sys=0.00s Real=0.03s
[116.264s][info][gc,start       ] GC(358) Pause Young (Allocation Failure)
[116.297s][info][gc,heap        ] GC(358) PSYoungGen: 132048K(222720K)->23296K(222720K) Eden: 111616K(111616K)->0K(111616K) From: 20432K(111104K)->23296K(111104K)
[116.297s][info][gc,heap        ] GC(358) ParOldGen: 515451K(667648K)->519387K(667648K)
[116.297s][info][gc,metaspace   ] GC(358) Metaspace: 18243K(18432K)->18243K(18432K) NonClass: 15582K(15680K)->15582K(15680K) Class: 2661K(2752K)->2661K(2752K)
[116.297s][info][gc             ] GC(358) Pause Young (Allocation Failure) 632M->529M(869M) 33.375ms
[116.297s][info][gc,cpu         ] GC(358) User=0.06s Sys=0.00s Real=0.03s
[116.507s][info][gc,start       ] GC(359) Pause Young (Allocation Failure)
[116.552s][info][gc,heap        ] GC(359) PSYoungGen: 134912K(222720K)->28464K(222720K) Eden: 111616K(111616K)->0K(111616K) From: 23296K(111104K)->28464K(111104K)
[116.552s][info][gc,heap        ] GC(359) ParOldGen: 519387K(667648K)->542652K(667648K)
[116.552s][info][gc,metaspace   ] GC(359) Metaspace: 18248K(18432K)->18248K(18432K) NonClass: 15587K(15680K)->15587K(15680K) Class: 2661K(2752K)->2661K(2752K)
[116.552s][info][gc             ] GC(359) Pause Young (Allocation Failure) 638M->557M(869M) 44.751ms
[116.552s][info][gc,cpu         ] GC(359) User=0.09s Sys=0.00s Real=0.05s
[116.676s][info][gc,start       ] GC(360) Pause Young (Allocation Failure)
[116.706s][info][gc,heap        ] GC(360) PSYoungGen: 140080K(222720K)->12800K(222720K) Eden: 111616K(111616K)->0K(111616K) From: 28464K(111104K)->12800K(111104K)
[116.706s][info][gc,heap        ] GC(360) ParOldGen: 542652K(667648K)->571412K(667648K)
[116.706s][info][gc,metaspace   ] GC(360) Metaspace: 18248K(18432K)->18248K(18432K) NonClass: 15587K(15680K)->15587K(15680K) Class: 2661K(2752K)->2661K(2752K)
[116.706s][info][gc             ] GC(360) Pause Young (Allocation Failure) 666M->570M(869M) 29.343ms
[116.706s][info][gc,cpu         ] GC(360) User=0.05s Sys=0.00s Real=0.03s
[116.886s][info][gc,start       ] GC(361) Pause Young (Allocation Failure)
[116.915s][info][gc,heap        ] GC(361) PSYoungGen: 124416K(222720K)->10016K(222720K) Eden: 111616K(111616K)->0K(111616K) From: 12800K(111104K)->10016K(111104K)
[116.915s][info][gc,heap        ] GC(361) ParOldGen: 571412K(667648K)->584089K(667648K)
[116.915s][info][gc,metaspace   ] GC(361) Metaspace: 18250K(18432K)->18250K(18432K) NonClass: 15589K(15680K)->15589K(15680K) Class: 2661K(2752K)->2661K(2752K)
[116.915s][info][gc             ] GC(361) Pause Young (Allocation Failure) 679M->580M(869M) 29.463ms
[116.915s][info][gc,cpu         ] GC(361) User=0.06s Sys=0.00s Real=0.03s
[117.110s][info][gc,start       ] GC(362) Pause Young (Allocation Failure)
[117.133s][info][gc,heap        ] GC(362) PSYoungGen: 121632K(222720K)->5984K(222720K) Eden: 111616K(111616K)->0K(111616K) From: 10016K(111104K)->5984K(111104K)
[117.133s][info][gc,heap        ] GC(362) ParOldGen: 584089K(667648K)->594121K(667648K)
[117.133s][info][gc,metaspace   ] GC(362) Metaspace: 18250K(18432K)->18250K(18432K) NonClass: 15589K(15680K)->15589K(15680K) Class: 2661K(2752K)->2661K(2752K)
[117.133s][info][gc             ] GC(362) Pause Young (Allocation Failure) 689M->586M(869M) 23.283ms
[117.133s][info][gc,cpu         ] GC(362) User=0.04s Sys=0.00s Real=0.03s
[117.259s][info][gc,start       ] GC(363) Pause Young (Allocation Failure)
[117.283s][info][gc,heap        ] GC(363) PSYoungGen: 117600K(222720K)->14816K(222720K) Eden: 111616K(111616K)->0K(111616K) From: 5984K(111104K)->14816K(111104K)
[117.283s][info][gc,heap        ] GC(363) ParOldGen: 594121K(667648K)->600097K(667648K)
[117.283s][info][gc,metaspace   ] GC(363) Metaspace: 18250K(18432K)->18250K(18432K) NonClass: 15589K(15680K)->15589K(15680K) Class: 2661K(2752K)->2661K(2752K)
[117.283s][info][gc             ] GC(363) Pause Young (Allocation Failure) 695M->600M(869M) 23.192ms
[117.283s][info][gc,cpu         ] GC(363) User=0.05s Sys=0.00s Real=0.03s
[117.393s][info][gc,start       ] GC(364) Pause Young (Allocation Failure)
[117.411s][info][gc,heap        ] GC(364) PSYoungGen: 126432K(222720K)->992K(222720K) Eden: 111616K(111616K)->0K(111616K) From: 14816K(111104K)->992K(111104K)
[117.411s][info][gc,heap        ] GC(364) ParOldGen: 600097K(667648K)->614929K(667648K)
[117.411s][info][gc,metaspace   ] GC(364) Metaspace: 18250K(18432K)->18250K(18432K) NonClass: 15589K(15680K)->15589K(15680K) Class: 2661K(2752K)->2661K(2752K)
[117.411s][info][gc             ] GC(364) Pause Young (Allocation Failure) 709M->601M(869M) 18.109ms
[117.411s][info][gc,cpu         ] GC(364) User=0.03s Sys=0.00s Real=0.02s
[117.546s][info][gc,start       ] GC(365) Pause Young (Allocation Failure)
[117.556s][info][gc,heap        ] GC(365) PSYoungGen: 112608K(222720K)->7104K(222720K) Eden: 111616K(111616K)->0K(111616K) From: 992K(111104K)->7104K(111104K)
[117.556s][info][gc,heap        ] GC(365) ParOldGen: 614929K(667648K)->615913K(667648K)
[117.557s][info][gc,metaspace   ] GC(365) Metaspace: 18250K(18432K)->18250K(18432K) NonClass: 15589K(15680K)->15589K(15680K) Class: 2661K(2752K)->2661K(2752K)
[117.557s][info][gc             ] GC(365) Pause Young (Allocation Failure) 710M->608M(869M) 11.021ms
[117.557s][info][gc,cpu         ] GC(365) User=0.02s Sys=0.00s Real=0.01s
[117.805s][info][gc,start       ] GC(366) Pause Young (Allocation Failure)
[117.825s][info][gc,heap        ] GC(366) PSYoungGen: 118720K(222720K)->9408K(222720K) Eden: 111616K(111616K)->0K(111616K) From: 7104K(111104K)->9408K(111104K)
[117.825s][info][gc,heap        ] GC(366) ParOldGen: 615913K(667648K)->623001K(667648K)
[117.825s][info][gc,metaspace   ] GC(366) Metaspace: 18250K(18432K)->18250K(18432K) NonClass: 15589K(15680K)->15589K(15680K) Class: 2661K(2752K)->2661K(2752K)
[117.825s][info][gc             ] GC(366) Pause Young (Allocation Failure) 717M->617M(869M) 19.363ms
[117.825s][info][gc,cpu         ] GC(366) User=0.03s Sys=0.00s Real=0.02s
[118.101s][info][gc,start       ] GC(367) Pause Young (Allocation Failure)
[118.112s][info][gc,heap        ] GC(367) PSYoungGen: 121024K(222720K)->64K(222720K) Eden: 111616K(111616K)->0K(111616K) From: 9408K(111104K)->64K(111104K)
[118.112s][info][gc,heap        ] GC(367) ParOldGen: 623001K(667648K)->632396K(667648K)
[118.112s][info][gc,metaspace   ] GC(367) Metaspace: 18251K(18432K)->18251K(18432K) NonClass: 15589K(15680K)->15589K(15680K) Class: 2661K(2752K)->2661K(2752K)
[118.112s][info][gc             ] GC(367) Pause Young (Allocation Failure) 726M->617M(869M) 11.513ms
[118.112s][info][gc,cpu         ] GC(367) User=0.03s Sys=0.00s Real=0.01s
[118.375s][info][gc,start       ] GC(368) Pause Full (Allocation Failure)
[118.376s][info][gc,phases,start] GC(368) Marking Phase
[118.715s][info][gc,phases      ] GC(368) Marking Phase 339.864ms
[118.715s][info][gc,phases,start] GC(368) Summary Phase
[118.716s][info][gc,phases      ] GC(368) Summary Phase 0.025ms
[118.716s][info][gc,phases,start] GC(368) Forward
[118.848s][info][gc,phases      ] GC(368) Forward 132.349ms
[118.848s][info][gc,phases,start] GC(368) Adjust Pointers
[119.110s][info][gc,phases      ] GC(368) Adjust Pointers 262.468ms
[119.111s][info][gc,phases,start] GC(368) Compaction Phase
[119.289s][info][gc,phases      ] GC(368) Compaction Phase 178.481ms
[119.298s][info][gc,phases,start] GC(368) Post Compact
[119.300s][info][gc,phases      ] GC(368) Post Compact 2.225ms
[119.300s][info][gc,heap        ] GC(368) PSYoungGen: 111680K(222720K)->0K(222720K) Eden: 111616K(111616K)->0K(111616K) From: 64K(111104K)->0K(111104K)
[119.301s][info][gc,heap        ] GC(368) ParOldGen: 632396K(667648K)->468847K(667648K)
[119.301s][info][gc,metaspace   ] GC(368) Metaspace: 18251K(18432K)->18251K(18432K) NonClass: 15589K(15680K)->15589K(15680K) Class: 2661K(2752K)->2661K(2752K)
[119.301s][info][gc             ] GC(368) Pause Full (Allocation Failure) 726M->457M(869M) 925.071ms
[119.301s][info][gc,cpu         ] GC(368) User=1.73s Sys=0.01s Real=0.93s
[119.556s][info][gc,start       ] GC(369) Pause Young (Allocation Failure)
[119.558s][info][gc,heap        ] GC(369) PSYoungGen: 111616K(222720K)->64K(222720K) Eden: 111616K(111616K)->0K(111616K) From: 0K(111104K)->64K(111104K)
[119.558s][info][gc,heap        ] GC(369) ParOldGen: 468847K(667648K)->468847K(667648K)
[119.558s][info][gc,metaspace   ] GC(369) Metaspace: 18251K(18432K)->18251K(18432K) NonClass: 15589K(15680K)->15589K(15680K) Class: 2661K(2752K)->2661K(2752K)
[119.558s][info][gc             ] GC(369) Pause Young (Allocation Failure) 566M->457M(869M) 1.737ms
[119.558s][info][gc,cpu         ] GC(369) User=0.00s Sys=0.00s Real=0.00s
[119.792s][info][gc,start       ] GC(370) Pause Young (Allocation Failure)
[119.800s][info][gc,heap        ] GC(370) PSYoungGen: 111680K(222720K)->320K(112128K) Eden: 111616K(111616K)->0K(111616K) From: 64K(111104K)->320K(512K)
[119.800s][info][gc,heap        ] GC(370) ParOldGen: 468847K(667648K)->468863K(667648K)
[119.800s][info][gc,metaspace   ] GC(370) Metaspace: 18251K(18432K)->18251K(18432K) NonClass: 15590K(15680K)->15590K(15680K) Class: 2661K(2752K)->2661K(2752K)
[119.800s][info][gc             ] GC(370) Pause Young (Allocation Failure) 566M->458M(761M) 7.584ms
[119.800s][info][gc,cpu         ] GC(370) User=0.01s Sys=0.00s Real=0.00s
[119.881s][info][gc,start       ] GC(371) Pause Young (Allocation Failure)
[119.910s][info][gc,heap        ] GC(371) PSYoungGen: 111936K(112128K)->39568K(222208K) Eden: 111616K(111616K)->0K(113664K) From: 320K(512K)->39568K(108544K)
[119.910s][info][gc,heap        ] GC(371) ParOldGen: 468863K(667648K)->468863K(667648K)
[119.910s][info][gc,metaspace   ] GC(371) Metaspace: 18251K(18432K)->18251K(18432K) NonClass: 15590K(15680K)->15590K(15680K) Class: 2661K(2752K)->2661K(2752K)
[119.910s][info][gc             ] GC(371) Pause Young (Allocation Failure) 567M->496M(869M) 29.559ms
[119.910s][info][gc,cpu         ] GC(371) User=0.06s Sys=0.00s Real=0.02s
[120.078s][info][gc,start       ] GC(372) Pause Young (Allocation Failure)
[120.133s][info][gc,heap        ] GC(372) PSYoungGen: 153232K(222208K)->69312K(220160K) Eden: 113664K(113664K)->0K(113664K) From: 39568K(108544K)->69312K(106496K)
[120.133s][info][gc,heap        ] GC(372) ParOldGen: 468863K(667648K)->468863K(667648K)
[120.133s][info][gc,metaspace   ] GC(372) Metaspace: 18254K(18432K)->18254K(18432K) NonClass: 15593K(15680K)->15593K(15680K) Class: 2661K(2752K)->2661K(2752K)
[120.133s][info][gc             ] GC(372) Pause Young (Allocation Failure) 607M->525M(867M) 54.873ms
[120.133s][info][gc,cpu         ] GC(372) User=0.11s Sys=0.00s Real=0.06s
[120.237s][info][gc,start       ] GC(373) Pause Young (Allocation Failure)
[120.283s][info][gc,heap        ] GC(373) PSYoungGen: 182976K(220160K)->32192K(224256K) Eden: 113664K(113664K)->0K(114688K) From: 69312K(106496K)->32192K(109568K)
[120.283s][info][gc,heap        ] GC(373) ParOldGen: 468863K(667648K)->508866K(667648K)
[120.283s][info][gc,metaspace   ] GC(373) Metaspace: 18254K(18432K)->18254K(18432K) NonClass: 15593K(15680K)->15593K(15680K) Class: 2661K(2752K)->2661K(2752K)
[120.283s][info][gc             ] GC(373) Pause Young (Allocation Failure) 636M->528M(871M) 46.005ms
[120.283s][info][gc,cpu         ] GC(373) User=0.09s Sys=0.00s Real=0.05s
[120.465s][info][gc,start       ] GC(374) Pause Young (Allocation Failure)
[120.519s][info][gc,heap        ] GC(374) PSYoungGen: 146880K(224256K)->49561K(222720K) Eden: 114688K(114688K)->0K(114688K) From: 32192K(109568K)->49561K(108032K)
[120.519s][info][gc,heap        ] GC(374) ParOldGen: 508866K(667648K)->508866K(667648K)
[120.519s][info][gc,metaspace   ] GC(374) Metaspace: 18254K(18432K)->18254K(18432K) NonClass: 15593K(15680K)->15593K(15680K) Class: 2661K(2752K)->2661K(2752K)
[120.519s][info][gc             ] GC(374) Pause Young (Allocation Failure) 640M->545M(869M) 54.341ms
[120.519s][info][gc,cpu         ] GC(374) User=0.11s Sys=0.00s Real=0.05s
[120.610s][info][gc,start       ] GC(375) Pause Young (Allocation Failure)
[120.686s][info][gc,heap        ] GC(375) PSYoungGen: 164249K(222720K)->82697K(219648K) Eden: 114688K(114688K)->0K(111616K) From: 49561K(108032K)->82697K(108032K)
[120.686s][info][gc,heap        ] GC(375) ParOldGen: 508866K(667648K)->508866K(667648K)
[120.686s][info][gc,metaspace   ] GC(375) Metaspace: 18261K(18432K)->18261K(18432K) NonClass: 15600K(15680K)->15600K(15680K) Class: 2661K(2752K)->2661K(2752K)
[120.686s][info][gc             ] GC(375) Pause Young (Allocation Failure) 657M->577M(866M) 76.661ms
[120.686s][info][gc,cpu         ] GC(375) User=0.15s Sys=0.00s Real=0.08s
[120.769s][info][gc,start       ] GC(376) Pause Young (Allocation Failure)
[120.867s][info][gc,heap        ] GC(376) PSYoungGen: 194313K(219648K)->85385K(222720K) Eden: 111616K(111616K)->0K(111616K) From: 82697K(108032K)->85385K(111104K)
[120.867s][info][gc,heap        ] GC(376) ParOldGen: 508866K(667648K)->541282K(667648K)
[120.867s][info][gc,metaspace   ] GC(376) Metaspace: 18261K(18432K)->18261K(18432K) NonClass: 15600K(15680K)->15600K(15680K) Class: 2661K(2752K)->2661K(2752K)
[120.867s][info][gc             ] GC(376) Pause Young (Allocation Failure) 686M->611M(869M) 98.347ms
[120.867s][info][gc,cpu         ] GC(376) User=0.19s Sys=0.00s Real=0.10s
[121.003s][info][gc,start       ] GC(377) Pause Young (Allocation Failure)
[121.076s][info][gc,heap        ] GC(377) PSYoungGen: 197001K(222720K)->37216K(222720K) Eden: 111616K(111616K)->0K(111616K) From: 85385K(111104K)->37216K(111104K)
[121.076s][info][gc,heap        ] GC(377) ParOldGen: 541282K(667648K)->592195K(667648K)
[121.076s][info][gc,metaspace   ] GC(377) Metaspace: 18261K(18432K)->18261K(18432K) NonClass: 15600K(15680K)->15600K(15680K) Class: 2661K(2752K)->2661K(2752K)
[121.076s][info][gc             ] GC(377) Pause Young (Allocation Failure) 720M->614M(869M) 72.955ms
[121.076s][info][gc,cpu         ] GC(377) User=0.14s Sys=0.00s Real=0.07s
[121.207s][info][gc,start       ] GC(378) Pause Young (Allocation Failure)
[121.243s][info][gc,heap        ] GC(378) PSYoungGen: 148832K(222720K)->3680K(222720K) Eden: 111616K(111616K)->0K(111616K) From: 37216K(111104K)->3680K(111104K)
[121.243s][info][gc,heap        ] GC(378) ParOldGen: 592195K(667648K)->629770K(667648K)
[121.243s][info][gc,metaspace   ] GC(378) Metaspace: 18261K(18432K)->18261K(18432K) NonClass: 15600K(15680K)->15600K(15680K) Class: 2661K(2752K)->2661K(2752K)
[121.243s][info][gc             ] GC(378) Pause Young (Allocation Failure) 723M->618M(869M) 36.729ms
[121.243s][info][gc,cpu         ] GC(378) User=0.08s Sys=0.00s Real=0.04s
[121.388s][info][gc,start       ] GC(379) Pause Full (Allocation Failure)
[121.388s][info][gc,phases,start] GC(379) Marking Phase
[121.715s][info][gc,phases      ] GC(379) Marking Phase 326.983ms
[121.715s][info][gc,phases,start] GC(379) Summary Phase
[121.715s][info][gc,phases      ] GC(379) Summary Phase 0.026ms
[121.715s][info][gc,phases,start] GC(379) Forward
[121.835s][info][gc,phases      ] GC(379) Forward 119.736ms
[121.835s][info][gc,phases,start] GC(379) Adjust Pointers
[122.098s][info][gc,phases      ] GC(379) Adjust Pointers 263.337ms
[122.098s][info][gc,phases,start] GC(379) Compaction Phase
[122.236s][info][gc,phases      ] GC(379) Compaction Phase 137.441ms
[122.250s][info][gc,phases,start] GC(379) Post Compact
[122.252s][info][gc,phases      ] GC(379) Post Compact 2.189ms
[122.253s][info][gc,heap        ] GC(379) PSYoungGen: 115296K(222720K)->0K(222720K) Eden: 111616K(111616K)->0K(111616K) From: 3680K(111104K)->0K(111104K)
[122.253s][info][gc,heap        ] GC(379) ParOldGen: 629770K(667648K)->482337K(667648K)
[122.253s][info][gc,metaspace   ] GC(379) Metaspace: 18261K(18432K)->18261K(18432K) NonClass: 15600K(15680K)->15600K(15680K) Class: 2661K(2752K)->2661K(2752K)
[122.253s][info][gc             ] GC(379) Pause Full (Allocation Failure) 727M->471M(869M) 864.580ms
[122.253s][info][gc,cpu         ] GC(379) User=1.63s Sys=0.01s Real=0.87s
[122.398s][info][gc,start       ] GC(380) Pause Young (Allocation Failure)
[122.399s][info][gc,heap        ] GC(380) PSYoungGen: 111616K(222720K)->64K(222720K) Eden: 111616K(111616K)->0K(111616K) From: 0K(111104K)->64K(111104K)
[122.399s][info][gc,heap        ] GC(380) ParOldGen: 482337K(667648K)->482337K(667648K)
[122.399s][info][gc,metaspace   ] GC(380) Metaspace: 18261K(18432K)->18261K(18432K) NonClass: 15600K(15680K)->15600K(15680K) Class: 2661K(2752K)->2661K(2752K)
[122.399s][info][gc             ] GC(380) Pause Young (Allocation Failure) 580M->471M(869M) 1.665ms
[122.399s][info][gc,cpu         ] GC(380) User=0.01s Sys=0.00s Real=0.00s
[122.546s][info][gc,start       ] GC(381) Pause Young (Allocation Failure)
[122.547s][info][gc,heap        ] GC(381) PSYoungGen: 111680K(222720K)->64K(222720K) Eden: 111616K(111616K)->0K(111616K) From: 64K(111104K)->64K(111104K)
[122.547s][info][gc,heap        ] GC(381) ParOldGen: 482337K(667648K)->482353K(667648K)
[122.547s][info][gc,metaspace   ] GC(381) Metaspace: 18261K(18432K)->18261K(18432K) NonClass: 15600K(15680K)->15600K(15680K) Class: 2661K(2752K)->2661K(2752K)
[122.547s][info][gc             ] GC(381) Pause Young (Allocation Failure) 580M->471M(869M) 1.623ms
[122.547s][info][gc,cpu         ] GC(381) User=0.01s Sys=0.00s Real=0.00s
[122.691s][info][gc,start       ] GC(382) Pause Young (Allocation Failure)
[122.693s][info][gc,heap        ] GC(382) PSYoungGen: 111680K(222720K)->64K(222720K) Eden: 111616K(111616K)->0K(111616K) From: 64K(111104K)->64K(111104K)
[122.693s][info][gc,heap        ] GC(382) ParOldGen: 482353K(667648K)->482353K(667648K)
[122.693s][info][gc,metaspace   ] GC(382) Metaspace: 18261K(18432K)->18261K(18432K) NonClass: 15600K(15680K)->15600K(15680K) Class: 2661K(2752K)->2661K(2752K)
[122.693s][info][gc             ] GC(382) Pause Young (Allocation Failure) 580M->471M(869M) 1.562ms
[122.693s][info][gc,cpu         ] GC(382) User=0.01s Sys=0.00s Real=0.00s
[122.835s][info][gc,start       ] GC(383) Pause Young (Allocation Failure)
[122.837s][info][gc,heap        ] GC(383) PSYoungGen: 111680K(222720K)->64K(215552K) Eden: 111616K(111616K)->0K(111616K) From: 64K(111104K)->64K(103936K)
[122.837s][info][gc,heap        ] GC(383) ParOldGen: 482353K(667648K)->482353K(667648K)
[122.837s][info][gc,metaspace   ] GC(383) Metaspace: 18261K(18432K)->18261K(18432K) NonClass: 15600K(15680K)->15600K(15680K) Class: 2661K(2752K)->2661K(2752K)
[122.837s][info][gc             ] GC(383) Pause Young (Allocation Failure) 580M->471M(862M) 1.835ms
[122.837s][info][gc,cpu         ] GC(383) User=0.00s Sys=0.00s Real=0.00s
[122.980s][info][gc,start       ] GC(384) Pause Young (Allocation Failure)
[122.982s][info][gc,heap        ] GC(384) PSYoungGen: 111680K(215552K)->64K(219136K) Eden: 111616K(111616K)->0K(111616K) From: 64K(103936K)->64K(107520K)
[122.982s][info][gc,heap        ] GC(384) ParOldGen: 482353K(667648K)->482353K(667648K)
[122.982s][info][gc,metaspace   ] GC(384) Metaspace: 18261K(18432K)->18261K(18432K) NonClass: 15600K(15680K)->15600K(15680K) Class: 2661K(2752K)->2661K(2752K)
[122.982s][info][gc             ] GC(384) Pause Young (Allocation Failure) 580M->471M(866M) 1.946ms
[122.982s][info][gc,cpu         ] GC(384) User=0.00s Sys=0.00s Real=0.01s
[123.125s][info][gc,start       ] GC(385) Pause Young (Allocation Failure)
[123.127s][info][gc,heap        ] GC(385) PSYoungGen: 111680K(219136K)->64K(209408K) Eden: 111616K(111616K)->0K(115712K) From: 64K(107520K)->64K(93696K)
[123.127s][info][gc,heap        ] GC(385) ParOldGen: 482353K(667648K)->482353K(667648K)
[123.127s][info][gc,metaspace   ] GC(385) Metaspace: 18261K(18432K)->18261K(18432K) NonClass: 15600K(15680K)->15600K(15680K) Class: 2661K(2752K)->2661K(2752K)
[123.127s][info][gc             ] GC(385) Pause Young (Allocation Failure) 580M->471M(856M) 2.338ms
[123.127s][info][gc,cpu         ] GC(385) User=0.01s Sys=0.00s Real=0.00s
[123.275s][info][gc,start       ] GC(386) Pause Young (Allocation Failure)
[123.278s][info][gc,heap        ] GC(386) PSYoungGen: 115776K(209408K)->64K(116224K) Eden: 115712K(115712K)->0K(115712K) From: 64K(93696K)->64K(512K)
[123.278s][info][gc,heap        ] GC(386) ParOldGen: 482353K(667648K)->482353K(667648K)
[123.278s][info][gc,metaspace   ] GC(386) Metaspace: 18261K(18432K)->18261K(18432K) NonClass: 15600K(15680K)->15600K(15680K) Class: 2661K(2752K)->2661K(2752K)
[123.278s][info][gc             ] GC(386) Pause Young (Allocation Failure) 584M->471M(765M) 2.123ms
[123.278s][info][gc,cpu         ] GC(386) User=0.00s Sys=0.00s Real=0.00s
[123.427s][info][gc,start       ] GC(387) Pause Young (Allocation Failure)
[123.429s][info][gc,heap        ] GC(387) PSYoungGen: 115776K(116224K)->64K(203264K) Eden: 115712K(115712K)->0K(118784K) From: 64K(512K)->64K(84480K)
[123.429s][info][gc,heap        ] GC(387) ParOldGen: 482353K(667648K)->482353K(667648K)
[123.429s][info][gc,metaspace   ] GC(387) Metaspace: 18261K(18432K)->18261K(18432K) NonClass: 15600K(15680K)->15600K(15680K) Class: 2661K(2752K)->2661K(2752K)
[123.430s][info][gc             ] GC(387) Pause Young (Allocation Failure) 584M->471M(850M) 2.440ms
[123.430s][info][gc,cpu         ] GC(387) User=0.00s Sys=0.01s Real=0.00s
[123.566s][info][gc,start       ] GC(388) Pause Young (Allocation Failure)
[123.579s][info][gc,heap        ] GC(388) PSYoungGen: 118848K(203264K)->10208K(129024K) Eden: 118784K(118784K)->0K(118784K) From: 64K(84480K)->10208K(10240K)
[123.579s][info][gc,heap        ] GC(388) ParOldGen: 482353K(667648K)->482353K(667648K)
[123.579s][info][gc,metaspace   ] GC(388) Metaspace: 18261K(18432K)->18261K(18432K) NonClass: 15600K(15680K)->15600K(15680K) Class: 2661K(2752K)->2661K(2752K)
[123.579s][info][gc             ] GC(388) Pause Young (Allocation Failure) 587M->481M(778M) 13.768ms
[123.579s][info][gc,cpu         ] GC(388) User=0.02s Sys=0.00s Real=0.01s
[123.693s][info][gc,start       ] GC(389) Pause Young (Allocation Failure)
[123.718s][info][gc,heap        ] GC(389) PSYoungGen: 128992K(129024K)->22016K(201216K) Eden: 118784K(118784K)->0K(124416K) From: 10208K(10240K)->22016K(76800K)
[123.718s][info][gc,heap        ] GC(389) ParOldGen: 482353K(667648K)->482353K(667648K)
[123.718s][info][gc,metaspace   ] GC(389) Metaspace: 18261K(18432K)->18261K(18432K) NonClass: 15600K(15680K)->15600K(15680K) Class: 2661K(2752K)->2661K(2752K)
[123.718s][info][gc             ] GC(389) Pause Young (Allocation Failure) 597M->492M(848M) 24.684ms
[123.718s][info][gc,cpu         ] GC(389) User=0.05s Sys=0.00s Real=0.02s
[123.832s][info][gc,start       ] GC(390) Pause Young (Allocation Failure)
[123.868s][info][gc,heap        ] GC(390) PSYoungGen: 146432K(201216K)->35008K(203264K) Eden: 124416K(124416K)->0K(124416K) From: 22016K(76800K)->35008K(78848K)
[123.868s][info][gc,heap        ] GC(390) ParOldGen: 482353K(667648K)->482353K(667648K)
[123.868s][info][gc,metaspace   ] GC(390) Metaspace: 18261K(18432K)->18261K(18432K) NonClass: 15600K(15680K)->15600K(15680K) Class: 2661K(2752K)->2661K(2752K)
[123.868s][info][gc             ] GC(390) Pause Young (Allocation Failure) 614M->505M(850M) 36.246ms
[123.868s][info][gc,cpu         ] GC(390) User=0.08s Sys=0.00s Real=0.03s
[123.956s][info][gc,start       ] GC(391) Pause Young (Allocation Failure)
[124.003s][info][gc,heap        ] GC(391) PSYoungGen: 159424K(203264K)->45920K(207872K) Eden: 124416K(124416K)->0K(128000K) From: 35008K(78848K)->45920K(79872K)
[124.003s][info][gc,heap        ] GC(391) ParOldGen: 482353K(667648K)->482353K(667648K)
[124.003s][info][gc,metaspace   ] GC(391) Metaspace: 18261K(18432K)->18261K(18432K) NonClass: 15600K(15680K)->15600K(15680K) Class: 2661K(2752K)->2661K(2752K)
[124.003s][info][gc             ] GC(391) Pause Young (Allocation Failure) 626M->515M(855M) 46.986ms
[124.003s][info][gc,cpu         ] GC(391) User=0.09s Sys=0.00s Real=0.05s
[124.101s][info][gc,start       ] GC(392) Pause Young (Allocation Failure)
[124.161s][info][gc,heap        ] GC(392) PSYoungGen: 173920K(207872K)->58400K(211968K) Eden: 128000K(128000K)->0K(128000K) From: 45920K(79872K)->58400K(83968K)
[124.161s][info][gc,heap        ] GC(392) ParOldGen: 482353K(667648K)->482353K(667648K)
[124.161s][info][gc,metaspace   ] GC(392) Metaspace: 18261K(18432K)->18261K(18432K) NonClass: 15600K(15680K)->15600K(15680K) Class: 2661K(2752K)->2661K(2752K)
[124.161s][info][gc             ] GC(392) Pause Young (Allocation Failure) 640M->528M(859M) 59.888ms
[124.161s][info][gc,cpu         ] GC(392) User=0.12s Sys=0.00s Real=0.06s
[124.268s][info][gc,start       ] GC(393) Pause Young (Allocation Failure)
[124.348s][info][gc,heap        ] GC(393) PSYoungGen: 186400K(211968K)->71968K(220160K) Eden: 128000K(128000K)->0K(128512K) From: 58400K(83968K)->71968K(91648K)
[124.348s][info][gc,heap        ] GC(393) ParOldGen: 482353K(667648K)->482353K(667648K)
[124.348s][info][gc,metaspace   ] GC(393) Metaspace: 18265K(18432K)->18265K(18432K) NonClass: 15604K(15680K)->15604K(15680K) Class: 2661K(2752K)->2661K(2752K)
[124.349s][info][gc             ] GC(393) Pause Young (Allocation Failure) 653M->541M(867M) 80.705ms
[124.349s][info][gc,cpu         ] GC(393) User=0.15s Sys=0.01s Real=0.08s
[124.414s][info][gc,start       ] GC(394) Pause Young (Allocation Failure)
[124.493s][info][gc,heap        ] GC(394) PSYoungGen: 200480K(220160K)->75232K(203776K) Eden: 128512K(128512K)->0K(128512K) From: 71968K(91648K)->75232K(75264K)
[124.493s][info][gc,heap        ] GC(394) ParOldGen: 482353K(667648K)->482353K(667648K)
[124.493s][info][gc,metaspace   ] GC(394) Metaspace: 18265K(18432K)->18265K(18432K) NonClass: 15604K(15680K)->15604K(15680K) Class: 2661K(2752K)->2661K(2752K)
[124.493s][info][gc             ] GC(394) Pause Young (Allocation Failure) 666M->544M(851M) 78.738ms
[124.493s][info][gc,cpu         ] GC(394) User=0.15s Sys=0.00s Real=0.08s
[124.592s][info][gc,start       ] GC(395) Pause Young (Allocation Failure)
[124.678s][info][gc,heap        ] GC(395) PSYoungGen: 203744K(203776K)->84640K(222720K) Eden: 128512K(128512K)->0K(111616K) From: 75232K(75264K)->84640K(111104K)
[124.678s][info][gc,heap        ] GC(395) ParOldGen: 482353K(667648K)->482353K(667648K)
[124.678s][info][gc,metaspace   ] GC(395) Metaspace: 18265K(18432K)->18265K(18432K) NonClass: 15604K(15680K)->15604K(15680K) Class: 2661K(2752K)->2661K(2752K)
[124.678s][info][gc             ] GC(395) Pause Young (Allocation Failure) 670M->553M(869M) 85.964ms
[124.678s][info][gc,cpu         ] GC(395) User=0.17s Sys=0.00s Real=0.08s
[124.790s][info][gc,start       ] GC(396) Pause Young (Allocation Failure)
[124.884s][info][gc,heap        ] GC(396) PSYoungGen: 196256K(222720K)->96352K(222720K) Eden: 111616K(111616K)->0K(111616K) From: 84640K(111104K)->96352K(111104K)
[124.884s][info][gc,heap        ] GC(396) ParOldGen: 482353K(667648K)->482353K(667648K)
[124.884s][info][gc,metaspace   ] GC(396) Metaspace: 18266K(18432K)->18266K(18432K) NonClass: 15605K(15680K)->15605K(15680K) Class: 2661K(2752K)->2661K(2752K)
[124.884s][info][gc             ] GC(396) Pause Young (Allocation Failure) 662M->565M(869M) 93.304ms
[124.884s][info][gc,cpu         ] GC(396) User=0.18s Sys=0.00s Real=0.09s
[124.964s][info][gc,start       ] GC(397) Pause Young (Allocation Failure)
[125.068s][info][gc,heap        ] GC(397) PSYoungGen: 207968K(222720K)->93072K(222720K) Eden: 111616K(111616K)->0K(111616K) From: 96352K(111104K)->93072K(111104K)
[125.068s][info][gc,heap        ] GC(397) ParOldGen: 482353K(667648K)->492561K(667648K)
[125.068s][info][gc,metaspace   ] GC(397) Metaspace: 18266K(18432K)->18266K(18432K) NonClass: 15605K(15680K)->15605K(15680K) Class: 2661K(2752K)->2661K(2752K)
[125.068s][info][gc             ] GC(397) Pause Young (Allocation Failure) 674M->571M(869M) 104.069ms
[125.068s][info][gc,cpu         ] GC(397) User=0.20s Sys=0.01s Real=0.10s
[125.189s][info][gc,start       ] GC(398) Pause Young (Allocation Failure)
[125.286s][info][gc,heap        ] GC(398) PSYoungGen: 204688K(222720K)->76528K(222720K) Eden: 111616K(111616K)->0K(111616K) From: 93072K(111104K)->76528K(111104K)
[125.286s][info][gc,heap        ] GC(398) ParOldGen: 492561K(667648K)->517449K(667648K)
[125.286s][info][gc,metaspace   ] GC(398) Metaspace: 18266K(18432K)->18266K(18432K) NonClass: 15605K(15680K)->15605K(15680K) Class: 2661K(2752K)->2661K(2752K)
[125.286s][info][gc             ] GC(398) Pause Young (Allocation Failure) 680M->580M(869M) 97.473ms
[125.286s][info][gc,cpu         ] GC(398) User=0.19s Sys=0.00s Real=0.10s
[125.495s][info][gc,start       ] GC(399) Pause Young (Allocation Failure)
[125.586s][info][gc,heap        ] GC(399) PSYoungGen: 188144K(222720K)->68368K(222720K) Eden: 111616K(111616K)->0K(111616K) From: 76528K(111104K)->68368K(111104K)
[125.586s][info][gc,heap        ] GC(399) ParOldGen: 517449K(667648K)->540841K(667648K)
[125.586s][info][gc,metaspace   ] GC(399) Metaspace: 18267K(18432K)->18267K(18432K) NonClass: 15606K(15680K)->15606K(15680K) Class: 2661K(2752K)->2661K(2752K)
[125.586s][info][gc             ] GC(399) Pause Young (Allocation Failure) 689M->594M(869M) 91.228ms
[125.586s][info][gc,cpu         ] GC(399) User=0.18s Sys=0.00s Real=0.09s
[125.984s][info][gc,start       ] GC(400) Pause Young (Allocation Failure)
[126.051s][info][gc,heap        ] GC(400) PSYoungGen: 179984K(222720K)->51600K(222720K) Eden: 111616K(111616K)->0K(111616K) From: 68368K(111104K)->51600K(111104K)
[126.051s][info][gc,heap        ] GC(400) ParOldGen: 540841K(667648K)->557761K(667648K)
[126.051s][info][gc,metaspace   ] GC(400) Metaspace: 18267K(18432K)->18267K(18432K) NonClass: 15606K(15680K)->15606K(15680K) Class: 2661K(2752K)->2661K(2752K)
[126.051s][info][gc             ] GC(400) Pause Young (Allocation Failure) 703M->595M(869M) 67.646ms
[126.051s][info][gc,cpu         ] GC(400) User=0.13s Sys=0.00s Real=0.07s
[126.361s][info][gc,start       ] GC(401) Pause Young (Allocation Failure)
[126.414s][info][gc,heap        ] GC(401) PSYoungGen: 163216K(222720K)->30560K(222720K) Eden: 111616K(111616K)->0K(111616K) From: 51600K(111104K)->30560K(111104K)
[126.414s][info][gc,heap        ] GC(401) ParOldGen: 557761K(667648K)->578897K(667648K)
[126.414s][info][gc,metaspace   ] GC(401) Metaspace: 18267K(18432K)->18267K(18432K) NonClass: 15606K(15680K)->15606K(15680K) Class: 2661K(2752K)->2661K(2752K)
[126.414s][info][gc             ] GC(401) Pause Young (Allocation Failure) 704M->595M(869M) 53.023ms
[126.414s][info][gc,cpu         ] GC(401) User=0.10s Sys=0.00s Real=0.05s
[126.696s][info][gc,start       ] GC(402) Pause Young (Allocation Failure)
[126.729s][info][gc,heap        ] GC(402) PSYoungGen: 142176K(222720K)->15360K(222720K) Eden: 111616K(111616K)->0K(111616K) From: 30560K(111104K)->15360K(111104K)
[126.729s][info][gc,heap        ] GC(402) ParOldGen: 578897K(667648K)->594137K(667648K)
[126.729s][info][gc,metaspace   ] GC(402) Metaspace: 18267K(18432K)->18267K(18432K) NonClass: 15606K(15680K)->15606K(15680K) Class: 2661K(2752K)->2661K(2752K)
[126.729s][info][gc             ] GC(402) Pause Young (Allocation Failure) 704M->595M(869M) 32.170ms
[126.729s][info][gc,cpu         ] GC(402) User=0.07s Sys=0.00s Real=0.03s
[126.994s][info][gc,start       ] GC(403) Pause Young (Allocation Failure)
[127.011s][info][gc,heap        ] GC(403) PSYoungGen: 126976K(222720K)->96K(222720K) Eden: 111616K(111616K)->0K(111616K) From: 15360K(111104K)->96K(111104K)
[127.011s][info][gc,heap        ] GC(403) ParOldGen: 594137K(667648K)->609434K(667648K)
[127.011s][info][gc,metaspace   ] GC(403) Metaspace: 18267K(18432K)->18267K(18432K) NonClass: 15606K(15680K)->15606K(15680K) Class: 2661K(2752K)->2661K(2752K)
[127.011s][info][gc             ] GC(403) Pause Young (Allocation Failure) 704M->595M(869M) 17.347ms
[127.011s][info][gc,cpu         ] GC(403) User=0.04s Sys=0.00s Real=0.02s
[127.261s][info][gc,start       ] GC(404) Pause Young (Allocation Failure)
[127.264s][info][gc,heap        ] GC(404) PSYoungGen: 111712K(222720K)->64K(222720K) Eden: 111616K(111616K)->0K(111616K) From: 96K(111104K)->64K(111104K)
[127.264s][info][gc,heap        ] GC(404) ParOldGen: 609434K(667648K)->609506K(667648K)
[127.264s][info][gc,metaspace   ] GC(404) Metaspace: 18267K(18432K)->18267K(18432K) NonClass: 15606K(15680K)->15606K(15680K) Class: 2661K(2752K)->2661K(2752K)
[127.264s][info][gc             ] GC(404) Pause Young (Allocation Failure) 704M->595M(869M) 2.226ms
[127.264s][info][gc,cpu         ] GC(404) User=0.00s Sys=0.00s Real=0.00s
[127.511s][info][gc,start       ] GC(405) Pause Young (Allocation Failure)
[127.513s][info][gc,heap        ] GC(405) PSYoungGen: 111680K(222720K)->64K(222720K) Eden: 111616K(111616K)->0K(111616K) From: 64K(111104K)->64K(111104K)
[127.513s][info][gc,heap        ] GC(405) ParOldGen: 609506K(667648K)->609522K(667648K)
[127.513s][info][gc,metaspace   ] GC(405) Metaspace: 18267K(18432K)->18267K(18432K) NonClass: 15606K(15680K)->15606K(15680K) Class: 2661K(2752K)->2661K(2752K)
[127.513s][info][gc             ] GC(405) Pause Young (Allocation Failure) 704M->595M(869M) 1.935ms
[127.513s][info][gc,cpu         ] GC(405) User=0.00s Sys=0.00s Real=0.00s
[127.767s][info][gc,start       ] GC(406) Pause Young (Allocation Failure)
[127.772s][info][gc,heap        ] GC(406) PSYoungGen: 111680K(222720K)->608K(222720K) Eden: 111616K(111616K)->0K(111616K) From: 64K(111104K)->608K(111104K)
[127.772s][info][gc,heap        ] GC(406) ParOldGen: 609522K(667648K)->609530K(667648K)
[127.772s][info][gc,metaspace   ] GC(406) Metaspace: 18267K(18432K)->18267K(18432K) NonClass: 15606K(15680K)->15606K(15680K) Class: 2661K(2752K)->2661K(2752K)
[127.772s][info][gc             ] GC(406) Pause Young (Allocation Failure) 704M->595M(869M) 4.855ms
[127.772s][info][gc,cpu         ] GC(406) User=0.00s Sys=0.00s Real=0.01s
[128.063s][info][gc,start       ] GC(407) Pause Young (Allocation Failure)
[128.065s][info][gc,heap        ] GC(407) PSYoungGen: 112224K(222720K)->128K(222720K) Eden: 111616K(111616K)->0K(111616K) From: 608K(111104K)->128K(111104K)
[128.065s][info][gc,heap        ] GC(407) ParOldGen: 609530K(667648K)->609546K(667648K)
[128.065s][info][gc,metaspace   ] GC(407) Metaspace: 18267K(18432K)->18267K(18432K) NonClass: 15606K(15680K)->15606K(15680K) Class: 2661K(2752K)->2661K(2752K)
[128.065s][info][gc             ] GC(407) Pause Young (Allocation Failure) 704M->595M(869M) 2.205ms
[128.065s][info][gc,cpu         ] GC(407) User=0.01s Sys=0.00s Real=0.00s
[128.280s][info][gc,start       ] GC(408) Pause Young (Allocation Failure)
[128.284s][info][gc,heap        ] GC(408) PSYoungGen: 111744K(222720K)->2144K(222720K) Eden: 111616K(111616K)->0K(111616K) From: 128K(111104K)->2144K(111104K)
[128.284s][info][gc,heap        ] GC(408) ParOldGen: 609546K(667648K)->609626K(667648K)
[128.284s][info][gc,metaspace   ] GC(408) Metaspace: 18267K(18432K)->18267K(18432K) NonClass: 15606K(15680K)->15606K(15680K) Class: 2661K(2752K)->2661K(2752K)
[128.284s][info][gc             ] GC(408) Pause Young (Allocation Failure) 704M->597M(869M) 4.393ms
[128.284s][info][gc,cpu         ] GC(408) User=0.01s Sys=0.00s Real=0.01s
[128.452s][info][gc,start       ] GC(409) Pause Young (Allocation Failure)
[128.487s][info][gc,heap        ] GC(409) PSYoungGen: 113760K(222720K)->31952K(214528K) Eden: 111616K(111616K)->0K(111616K) From: 2144K(111104K)->31952K(102912K)
[128.487s][info][gc,heap        ] GC(409) ParOldGen: 609626K(667648K)->611746K(667648K)
[128.487s][info][gc,metaspace   ] GC(409) Metaspace: 18267K(18432K)->18267K(18432K) NonClass: 15606K(15680K)->15606K(15680K) Class: 2661K(2752K)->2661K(2752K)
[128.487s][info][gc             ] GC(409) Pause Young (Allocation Failure) 706M->628M(861M) 35.132ms
[128.487s][info][gc,cpu         ] GC(409) User=0.07s Sys=0.00s Real=0.03s
[128.607s][info][gc,start       ] GC(410) Pause Young (Allocation Failure)
[128.653s][info][gc,heap        ] GC(410) PSYoungGen: 143568K(214528K)->69088K(218624K) Eden: 111616K(111616K)->0K(111616K) From: 31952K(102912K)->69088K(107008K)
[128.653s][info][gc,heap        ] GC(410) ParOldGen: 611746K(667648K)->611746K(667648K)
[128.653s][info][gc,metaspace   ] GC(410) Metaspace: 18267K(18432K)->18267K(18432K) NonClass: 15606K(15680K)->15606K(15680K) Class: 2661K(2752K)->2661K(2752K)
[128.653s][info][gc             ] GC(410) Pause Young (Allocation Failure) 737M->664M(865M) 46.824ms
[128.653s][info][gc,cpu         ] GC(410) User=0.09s Sys=0.00s Real=0.05s
[128.771s][info][gc,start       ] GC(411) Pause Young (Allocation Failure)
[128.823s][info][gc,promotion   ] GC(411) Promotion failed
[128.824s][info][gc,heap        ] GC(411) PSYoungGen: 180704K(218624K)->180704K(218624K) Eden: 111616K(111616K)->111616K(111616K) From: 69088K(107008K)->69088K(107008K)
[128.824s][info][gc,heap        ] GC(411) ParOldGen: 611746K(667648K)->667641K(667648K)
[128.824s][info][gc,metaspace   ] GC(411) Metaspace: 18267K(18432K)->18267K(18432K) NonClass: 15606K(15680K)->15606K(15680K) Class: 2661K(2752K)->2661K(2752K)
[128.824s][info][gc             ] GC(411) Pause Young (Allocation Failure) 773M->828M(865M) 52.951ms
[128.824s][info][gc,cpu         ] GC(411) User=0.10s Sys=0.01s Real=0.05s
[128.824s][info][gc,start       ] GC(412) Pause Full (Allocation Failure)
[128.824s][info][gc,phases,start] GC(412) Marking Phase
[129.123s][info][gc,phases      ] GC(412) Marking Phase 298.945ms
[129.123s][info][gc,phases,start] GC(412) Summary Phase
[129.123s][info][gc,phases      ] GC(412) Summary Phase 0.027ms
[129.123s][info][gc,phases,start] GC(412) Forward
[129.275s][info][gc,phases      ] GC(412) Forward 152.303ms
[129.275s][info][gc,phases,start] GC(412) Adjust Pointers
[129.510s][info][gc,phases      ] GC(412) Adjust Pointers 235.228ms
[129.510s][info][gc,phases,start] GC(412) Compaction Phase
[129.656s][info][gc,phases      ] GC(412) Compaction Phase 145.734ms
[129.666s][info][gc,phases,start] GC(412) Post Compact
[129.669s][info][gc,phases      ] GC(412) Post Compact 2.471ms
[129.669s][info][gc,heap        ] GC(412) PSYoungGen: 180704K(218624K)->0K(222720K) Eden: 111616K(111616K)->0K(111616K) From: 69088K(107008K)->0K(111104K)
[129.669s][info][gc,heap        ] GC(412) ParOldGen: 667641K(667648K)->400240K(667648K)
[129.669s][info][gc,metaspace   ] GC(412) Metaspace: 18267K(18432K)->18267K(18432K) NonClass: 15606K(15680K)->15606K(15680K) Class: 2661K(2752K)->2661K(2752K)
[129.669s][info][gc             ] GC(412) Pause Full (Allocation Failure) 828M->390M(869M) 845.031ms
[129.669s][info][gc,cpu         ] GC(412) User=1.52s Sys=0.00s Real=0.84s
[129.744s][info][gc,start       ] GC(413) Pause Young (Allocation Failure)
[129.773s][info][gc,heap        ] GC(413) PSYoungGen: 111616K(222720K)->29168K(140800K) Eden: 111616K(111616K)->0K(111616K) From: 0K(111104K)->29168K(29184K)
[129.773s][info][gc,heap        ] GC(413) ParOldGen: 400240K(667648K)->400240K(667648K)
[129.773s][info][gc,metaspace   ] GC(413) Metaspace: 18267K(18432K)->18267K(18432K) NonClass: 15606K(15680K)->15606K(15680K) Class: 2661K(2752K)->2661K(2752K)
[129.773s][info][gc             ] GC(413) Pause Young (Allocation Failure) 499M->419M(789M) 28.723ms
[129.773s][info][gc,cpu         ] GC(413) User=0.06s Sys=0.00s Real=0.03s
[129.839s][info][gc,start       ] GC(414) Pause Young (Allocation Failure)
[129.895s][info][gc,heap        ] GC(414) PSYoungGen: 140784K(140800K)->70598K(213504K) Eden: 111616K(111616K)->0K(107008K) From: 29168K(29184K)->70598K(106496K)
[129.895s][info][gc,heap        ] GC(414) ParOldGen: 400240K(667648K)->400240K(667648K)
[129.895s][info][gc,metaspace   ] GC(414) Metaspace: 18267K(18432K)->18267K(18432K) NonClass: 15606K(15680K)->15606K(15680K) Class: 2661K(2752K)->2661K(2752K)
[129.895s][info][gc             ] GC(414) Pause Young (Allocation Failure) 528M->459M(860M) 55.806ms
[129.895s][info][gc,cpu         ] GC(414) User=0.11s Sys=0.00s Real=0.06s
[130.030s][info][gc,start       ] GC(415) Pause Young (Allocation Failure)
[130.107s][info][gc,heap        ] GC(415) PSYoungGen: 177606K(213504K)->24960K(218112K) Eden: 107008K(107008K)->0K(107008K) From: 70598K(106496K)->24960K(111104K)
[130.107s][info][gc,heap        ] GC(415) ParOldGen: 400240K(667648K)->471131K(667648K)
[130.107s][info][gc,metaspace   ] GC(415) Metaspace: 18267K(18432K)->18267K(18432K) NonClass: 15606K(15680K)->15606K(15680K) Class: 2661K(2752K)->2661K(2752K)
[130.107s][info][gc             ] GC(415) Pause Young (Allocation Failure) 564M->484M(865M) 76.324ms
[130.107s][info][gc,cpu         ] GC(415) User=0.15s Sys=0.00s Real=0.07s
[130.286s][info][gc,start       ] GC(416) Pause Young (Allocation Failure)
[130.314s][info][gc,heap        ] GC(416) PSYoungGen: 131968K(218112K)->64K(218624K) Eden: 107008K(107008K)->0K(115200K) From: 24960K(111104K)->64K(103424K)
[130.314s][info][gc,heap        ] GC(416) ParOldGen: 471131K(667648K)->496203K(667648K)
[130.314s][info][gc,metaspace   ] GC(416) Metaspace: 18267K(18432K)->18267K(18432K) NonClass: 15606K(15680K)->15606K(15680K) Class: 2661K(2752K)->2661K(2752K)
[130.315s][info][gc             ] GC(416) Pause Young (Allocation Failure) 588M->484M(865M) 28.319ms
[130.315s][info][gc,cpu         ] GC(416) User=0.06s Sys=0.00s Real=0.03s
[130.436s][info][gc,start       ] GC(417) Pause Young (Allocation Failure)
[130.438s][info][gc,heap        ] GC(417) PSYoungGen: 115264K(218624K)->128K(221184K) Eden: 115200K(115200K)->0K(115200K) From: 64K(103424K)->128K(105984K)
[130.438s][info][gc,heap        ] GC(417) ParOldGen: 496203K(667648K)->496267K(667648K)
[130.438s][info][gc,metaspace   ] GC(417) Metaspace: 18267K(18432K)->18267K(18432K) NonClass: 15606K(15680K)->15606K(15680K) Class: 2661K(2752K)->2661K(2752K)
[130.438s][info][gc             ] GC(417) Pause Young (Allocation Failure) 597M->484M(868M) 2.148ms
[130.438s][info][gc,cpu         ] GC(417) User=0.00s Sys=0.00s Real=0.00s
[130.557s][info][gc,start       ] GC(418) Pause Young (Allocation Failure)
[130.559s][info][gc,heap        ] GC(418) PSYoungGen: 115328K(221184K)->224K(219648K) Eden: 115200K(115200K)->0K(123392K) From: 128K(105984K)->224K(96256K)
[130.559s][info][gc,heap        ] GC(418) ParOldGen: 496267K(667648K)->496267K(667648K)
[130.559s][info][gc,metaspace   ] GC(418) Metaspace: 18267K(18432K)->18267K(18432K) NonClass: 15606K(15680K)->15606K(15680K) Class: 2661K(2752K)->2661K(2752K)
[130.559s][info][gc             ] GC(418) Pause Young (Allocation Failure) 597M->484M(866M) 2.241ms
[130.559s][info][gc,cpu         ] GC(418) User=0.00s Sys=0.00s Real=0.00s
[130.686s][info][gc,start       ] GC(419) Pause Young (Allocation Failure)
[130.689s][info][gc,heap        ] GC(419) PSYoungGen: 123616K(219648K)->320K(223744K) Eden: 123392K(123392K)->0K(123392K) From: 224K(96256K)->320K(100352K)
[130.689s][info][gc,heap        ] GC(419) ParOldGen: 496267K(667648K)->496267K(667648K)
[130.689s][info][gc,metaspace   ] GC(419) Metaspace: 18267K(18432K)->18267K(18432K) NonClass: 15606K(15680K)->15606K(15680K) Class: 2661K(2752K)->2661K(2752K)
[130.689s][info][gc             ] GC(419) Pause Young (Allocation Failure) 605M->484M(870M) 2.288ms
[130.689s][info][gc,cpu         ] GC(419) User=0.00s Sys=0.00s Real=0.00s
[130.817s][info][gc,start       ] GC(420) Pause Young (Allocation Failure)
[130.820s][info][gc,heap        ] GC(420) PSYoungGen: 123712K(223744K)->416K(218624K) Eden: 123392K(123392K)->0K(130048K) From: 320K(100352K)->416K(88576K)
[130.820s][info][gc,heap        ] GC(420) ParOldGen: 496267K(667648K)->496267K(667648K)
[130.820s][info][gc,metaspace   ] GC(420) Metaspace: 18267K(18432K)->18267K(18432K) NonClass: 15606K(15680K)->15606K(15680K) Class: 2661K(2752K)->2661K(2752K)
[130.820s][info][gc             ] GC(420) Pause Young (Allocation Failure) 605M->485M(865M) 2.435ms
[130.820s][info][gc,cpu         ] GC(420) User=0.01s Sys=0.00s Real=0.00s
[130.953s][info][gc,start       ] GC(421) Pause Young (Allocation Failure)
[130.956s][info][gc,heap        ] GC(421) PSYoungGen: 130464K(218624K)->544K(223232K) Eden: 130048K(130048K)->0K(130048K) From: 416K(88576K)->544K(93184K)
[130.956s][info][gc,heap        ] GC(421) ParOldGen: 496267K(667648K)->496267K(667648K)
[130.956s][info][gc,metaspace   ] GC(421) Metaspace: 18267K(18432K)->18267K(18432K) NonClass: 15606K(15680K)->15606K(15680K) Class: 2661K(2752K)->2661K(2752K)
[130.956s][info][gc             ] GC(421) Pause Young (Allocation Failure) 612M->485M(870M) 2.772ms
[130.956s][info][gc,cpu         ] GC(421) User=0.01s Sys=0.00s Real=0.00s
[131.090s][info][gc,start       ] GC(422) Pause Young (Allocation Failure)
[131.093s][info][gc,heap        ] GC(422) PSYoungGen: 130592K(223232K)->640K(215552K) Eden: 130048K(130048K)->0K(135168K) From: 544K(93184K)->640K(80384K)
[131.093s][info][gc,heap        ] GC(422) ParOldGen: 496267K(667648K)->496267K(667648K)
[131.093s][info][gc,metaspace   ] GC(422) Metaspace: 18267K(18432K)->18267K(18432K) NonClass: 15606K(15680K)->15606K(15680K) Class: 2661K(2752K)->2661K(2752K)
[131.093s][info][gc             ] GC(422) Pause Young (Allocation Failure) 612M->485M(862M) 3.427ms
[131.093s][info][gc,cpu         ] GC(422) User=0.01s Sys=0.00s Real=0.01s
[131.239s][info][gc,start       ] GC(423) Pause Young (Allocation Failure)
[131.242s][info][gc,heap        ] GC(423) PSYoungGen: 135808K(215552K)->704K(220160K) Eden: 135168K(135168K)->0K(135168K) From: 640K(80384K)->704K(84992K)
[131.242s][info][gc,heap        ] GC(423) ParOldGen: 496267K(667648K)->496267K(667648K)
[131.242s][info][gc,metaspace   ] GC(423) Metaspace: 18267K(18432K)->18267K(18432K) NonClass: 15606K(15680K)->15606K(15680K) Class: 2661K(2752K)->2661K(2752K)
[131.242s][info][gc             ] GC(423) Pause Young (Allocation Failure) 617M->485M(867M) 3.148ms
[131.242s][info][gc,cpu         ] GC(423) User=0.00s Sys=0.00s Real=0.01s
[131.396s][info][gc,start       ] GC(424) Pause Young (Allocation Failure)
[131.410s][info][gc,heap        ] GC(424) PSYoungGen: 135872K(220160K)->4064K(211456K) Eden: 135168K(135168K)->0K(140288K) From: 704K(84992K)->4064K(71168K)
[131.410s][info][gc,heap        ] GC(424) ParOldGen: 496267K(667648K)->496267K(667648K)
[131.410s][info][gc,metaspace   ] GC(424) Metaspace: 18267K(18432K)->18267K(18432K) NonClass: 15606K(15680K)->15606K(15680K) Class: 2661K(2752K)->2661K(2752K)
[131.410s][info][gc             ] GC(424) Pause Young (Allocation Failure) 617M->488M(858M) 14.405ms
[131.410s][info][gc,cpu         ] GC(424) User=0.02s Sys=0.00s Real=0.01s
[131.615s][info][gc,start       ] GC(425) Pause Young (Allocation Failure)
[131.651s][info][gc,heap        ] GC(425) PSYoungGen: 144352K(211456K)->19563K(216064K) Eden: 140288K(140288K)->0K(140288K) From: 4064K(71168K)->19563K(75776K)
[131.651s][info][gc,heap        ] GC(425) ParOldGen: 496267K(667648K)->496267K(667648K)
[131.651s][info][gc,metaspace   ] GC(425) Metaspace: 18267K(18432K)->18267K(18432K) NonClass: 15606K(15680K)->15606K(15680K) Class: 2661K(2752K)->2661K(2752K)
[131.651s][info][gc             ] GC(425) Pause Young (Allocation Failure) 625M->503M(863M) 35.922ms
[131.651s][info][gc,cpu         ] GC(425) User=0.07s Sys=0.00s Real=0.04s
[131.834s][info][gc,start       ] GC(426) Pause Young (Allocation Failure)
[131.868s][info][gc,heap        ] GC(426) PSYoungGen: 159851K(216064K)->19595K(213504K) Eden: 140288K(140288K)->0K(148480K) From: 19563K(75776K)->19595K(65024K)
[131.868s][info][gc,heap        ] GC(426) ParOldGen: 496267K(667648K)->496267K(667648K)
[131.868s][info][gc,metaspace   ] GC(426) Metaspace: 18267K(18432K)->18267K(18432K) NonClass: 15606K(15680K)->15606K(15680K) Class: 2661K(2752K)->2661K(2752K)
[131.868s][info][gc             ] GC(426) Pause Young (Allocation Failure) 640M->503M(860M) 33.850ms
[131.868s][info][gc,cpu         ] GC(426) User=0.06s Sys=0.01s Real=0.03s
[132.064s][info][gc,start       ] GC(427) Pause Young (Allocation Failure)
[132.097s][info][gc,heap        ] GC(427) PSYoungGen: 168075K(213504K)->19595K(216576K) Eden: 148480K(148480K)->0K(148480K) From: 19595K(65024K)->19595K(68096K)
[132.097s][info][gc,heap        ] GC(427) ParOldGen: 496267K(667648K)->496267K(667648K)
[132.097s][info][gc,metaspace   ] GC(427) Metaspace: 18267K(18432K)->18267K(18432K) NonClass: 15606K(15680K)->15606K(15680K) Class: 2661K(2752K)->2661K(2752K)
[132.097s][info][gc             ] GC(427) Pause Young (Allocation Failure) 648M->503M(863M) 33.351ms
[132.097s][info][gc,cpu         ] GC(427) User=0.07s Sys=0.00s Real=0.03s
[132.270s][info][gc,start       ] GC(428) Pause Young (Allocation Failure)
[132.316s][info][gc,heap        ] GC(428) PSYoungGen: 168075K(216576K)->31403K(221184K) Eden: 148480K(148480K)->0K(156672K) From: 19595K(68096K)->31403K(64512K)
[132.316s][info][gc,heap        ] GC(428) ParOldGen: 496267K(667648K)->496267K(667648K)
[132.316s][info][gc,metaspace   ] GC(428) Metaspace: 18267K(18432K)->18267K(18432K) NonClass: 15606K(15680K)->15606K(15680K) Class: 2661K(2752K)->2661K(2752K)
[132.316s][info][gc             ] GC(428) Pause Young (Allocation Failure) 648M->515M(868M) 45.788ms
[132.316s][info][gc,cpu         ] GC(428) User=0.09s Sys=0.00s Real=0.05s
[132.477s][info][gc,start       ] GC(429) Pause Young (Allocation Failure)
[132.545s][info][gc,heap        ] GC(429) PSYoungGen: 188075K(221184K)->51211K(222208K) Eden: 156672K(156672K)->0K(156672K) From: 31403K(64512K)->51211K(65536K)
[132.545s][info][gc,heap        ] GC(429) ParOldGen: 496267K(667648K)->496267K(667648K)
[132.545s][info][gc,metaspace   ] GC(429) Metaspace: 18267K(18432K)->18267K(18432K) NonClass: 15606K(15680K)->15606K(15680K) Class: 2661K(2752K)->2661K(2752K)
[132.545s][info][gc             ] GC(429) Pause Young (Allocation Failure) 668M->534M(869M) 68.341ms
[132.545s][info][gc,cpu         ] GC(429) User=0.14s Sys=0.00s Real=0.07s
[132.659s][info][gc,start       ] GC(430) Pause Young (Allocation Failure)
[132.737s][info][gc,heap        ] GC(430) PSYoungGen: 207883K(222208K)->55563K(236032K) Eden: 156672K(156672K)->0K(162304K) From: 51211K(65536K)->55563K(73728K)
[132.737s][info][gc,heap        ] GC(430) ParOldGen: 496267K(667648K)->496267K(667648K)
[132.737s][info][gc,metaspace   ] GC(430) Metaspace: 18267K(18432K)->18267K(18432K) NonClass: 15606K(15680K)->15606K(15680K) Class: 2661K(2752K)->2661K(2752K)
[132.737s][info][gc             ] GC(430) Pause Young (Allocation Failure) 687M->538M(882M) 77.992ms
[132.737s][info][gc,cpu         ] GC(430) User=0.15s Sys=0.00s Real=0.08s
[132.888s][info][gc,start       ] GC(431) Pause Young (Allocation Failure)
[132.963s][info][gc,heap        ] GC(431) PSYoungGen: 217867K(236032K)->59659K(243712K) Eden: 162304K(162304K)->0K(162304K) From: 55563K(73728K)->59659K(81408K)
[132.963s][info][gc,heap        ] GC(431) ParOldGen: 496267K(667648K)->496363K(667648K)
[132.963s][info][gc,metaspace   ] GC(431) Metaspace: 18267K(18432K)->18267K(18432K) NonClass: 15606K(15680K)->15606K(15680K) Class: 2661K(2752K)->2661K(2752K)
[132.963s][info][gc             ] GC(431) Pause Young (Allocation Failure) 697M->542M(890M) 75.070ms
[132.963s][info][gc,cpu         ] GC(431) User=0.15s Sys=0.00s Real=0.08s
[133.117s][info][gc,start       ] GC(432) Pause Young (Allocation Failure)
[133.192s][info][gc,heap        ] GC(432) PSYoungGen: 221963K(243712K)->59627K(233472K) Eden: 162304K(162304K)->0K(144384K) From: 59659K(81408K)->59627K(89088K)
[133.192s][info][gc,heap        ] GC(432) ParOldGen: 496363K(667648K)->496491K(667648K)
[133.192s][info][gc,metaspace   ] GC(432) Metaspace: 18267K(18432K)->18267K(18432K) NonClass: 15606K(15680K)->15606K(15680K) Class: 2661K(2752K)->2661K(2752K)
[133.192s][info][gc             ] GC(432) Pause Young (Allocation Failure) 701M->543M(880M) 75.283ms
[133.192s][info][gc,cpu         ] GC(432) User=0.15s Sys=0.00s Real=0.08s
[133.361s][info][gc,start       ] GC(433) Pause Young (Allocation Failure)
[133.442s][info][gc,heap        ] GC(433) PSYoungGen: 204011K(233472K)->68363K(212992K) Eden: 144384K(144384K)->0K(144384K) From: 59627K(89088K)->68363K(68608K)
[133.442s][info][gc,heap        ] GC(433) ParOldGen: 496491K(667648K)->496667K(667648K)
[133.442s][info][gc,metaspace   ] GC(433) Metaspace: 18267K(18432K)->18267K(18432K) NonClass: 15606K(15680K)->15606K(15680K) Class: 2661K(2752K)->2661K(2752K)
[133.442s][info][gc             ] GC(433) Pause Young (Allocation Failure) 684M->551M(860M) 80.578ms
[133.442s][info][gc,cpu         ] GC(433) User=0.16s Sys=0.00s Real=0.08s
[133.543s][info][gc,start       ] GC(434) Pause Young (Allocation Failure)
[133.670s][info][gc,heap        ] GC(434) PSYoungGen: 212747K(212992K)->100716K(214016K) Eden: 144384K(144384K)->0K(111616K) From: 68363K(68608K)->100716K(102400K)
[133.671s][info][gc,heap        ] GC(434) ParOldGen: 496667K(667648K)->496891K(667648K)
[133.671s][info][gc,metaspace   ] GC(434) Metaspace: 18267K(18432K)->18267K(18432K) NonClass: 15606K(15680K)->15606K(15680K) Class: 2661K(2752K)->2661K(2752K)
[133.671s][info][gc             ] GC(434) Pause Young (Allocation Failure) 692M->583M(861M) 127.245ms
[133.671s][info][gc,cpu         ] GC(434) User=0.24s Sys=0.02s Real=0.13s
[133.825s][info][gc,start       ] GC(435) Pause Young (Allocation Failure)
[133.951s][info][gc,heap        ] GC(435) PSYoungGen: 212332K(214016K)->111083K(222720K) Eden: 111616K(111616K)->0K(111616K) From: 100716K(102400K)->111083K(111104K)
[133.951s][info][gc,heap        ] GC(435) ParOldGen: 496891K(667648K)->502539K(667648K)
[133.951s][info][gc,metaspace   ] GC(435) Metaspace: 18267K(18432K)->18267K(18432K) NonClass: 15606K(15680K)->15606K(15680K) Class: 2661K(2752K)->2661K(2752K)
[133.951s][info][gc             ] GC(435) Pause Young (Allocation Failure) 692M->599M(869M) 126.422ms
[133.951s][info][gc,cpu         ] GC(435) User=0.25s Sys=0.00s Real=0.13s
[134.060s][info][gc,start       ] GC(436) Pause Young (Allocation Failure)
[134.187s][info][gc,heap        ] GC(436) PSYoungGen: 222699K(222720K)->103232K(222720K) Eden: 111616K(111616K)->0K(111616K) From: 111083K(111104K)->103232K(111104K)
[134.187s][info][gc,heap        ] GC(436) ParOldGen: 502539K(667648K)->518095K(667648K)
[134.187s][info][gc,metaspace   ] GC(436) Metaspace: 18267K(18432K)->18267K(18432K) NonClass: 15606K(15680K)->15606K(15680K) Class: 2661K(2752K)->2661K(2752K)
[134.187s][info][gc             ] GC(436) Pause Young (Allocation Failure) 708M->606M(869M) 127.197ms
[134.187s][info][gc,cpu         ] GC(436) User=0.25s Sys=0.00s Real=0.13s
[134.332s][info][gc,start       ] GC(437) Pause Young (Allocation Failure)
[134.432s][info][gc,heap        ] GC(437) PSYoungGen: 214848K(222720K)->93696K(222720K) Eden: 111616K(111616K)->0K(111616K) From: 103232K(111104K)->93696K(111104K)
[134.432s][info][gc,heap        ] GC(437) ParOldGen: 518095K(667648K)->529511K(667648K)
[134.432s][info][gc,metaspace   ] GC(437) Metaspace: 18268K(18432K)->18268K(18432K) NonClass: 15607K(15680K)->15607K(15680K) Class: 2661K(2752K)->2661K(2752K)
[134.432s][info][gc             ] GC(437) Pause Young (Allocation Failure) 715M->608M(869M) 99.450ms
[134.432s][info][gc,cpu         ] GC(437) User=0.20s Sys=0.00s Real=0.10s
[134.545s][info][gc,start       ] GC(438) Pause Young (Allocation Failure)
[134.639s][info][gc,heap        ] GC(438) PSYoungGen: 205312K(222720K)->74560K(222720K) Eden: 111616K(111616K)->0K(111616K) From: 93696K(111104K)->74560K(111104K)
[134.639s][info][gc,heap        ] GC(438) ParOldGen: 529511K(667648K)->552951K(667648K)
[134.639s][info][gc,metaspace   ] GC(438) Metaspace: 18268K(18432K)->18268K(18432K) NonClass: 15607K(15680K)->15607K(15680K) Class: 2661K(2752K)->2661K(2752K)
[134.639s][info][gc             ] GC(438) Pause Young (Allocation Failure) 717M->612M(869M) 94.045ms
[134.639s][info][gc,cpu         ] GC(438) User=0.19s Sys=0.00s Real=0.09s
[134.747s][info][gc,start       ] GC(439) Pause Young (Allocation Failure)
[134.819s][info][gc,heap        ] GC(439) PSYoungGen: 186176K(222720K)->70528K(222720K) Eden: 111616K(111616K)->0K(111616K) From: 74560K(111104K)->70528K(111104K)
[134.819s][info][gc,heap        ] GC(439) ParOldGen: 552951K(667648K)->557071K(667648K)
[134.819s][info][gc,metaspace   ] GC(439) Metaspace: 18268K(18432K)->18268K(18432K) NonClass: 15607K(15680K)->15607K(15680K) Class: 2661K(2752K)->2661K(2752K)
[134.819s][info][gc             ] GC(439) Pause Young (Allocation Failure) 721M->612M(869M) 71.965ms
[134.819s][info][gc,cpu         ] GC(439) User=0.14s Sys=0.00s Real=0.07s
[134.932s][info][gc,start       ] GC(440) Pause Young (Allocation Failure)
[135.004s][info][gc,heap        ] GC(440) PSYoungGen: 182144K(222720K)->33280K(222720K) Eden: 111616K(111616K)->0K(111616K) From: 70528K(111104K)->33280K(111104K)
[135.004s][info][gc,heap        ] GC(440) ParOldGen: 557071K(667648K)->597855K(667648K)
[135.004s][info][gc,metaspace   ] GC(440) Metaspace: 18268K(18432K)->18268K(18432K) NonClass: 15607K(15680K)->15607K(15680K) Class: 2661K(2752K)->2661K(2752K)
[135.004s][info][gc             ] GC(440) Pause Young (Allocation Failure) 721M->616M(869M) 71.793ms
[135.004s][info][gc,cpu         ] GC(440) User=0.14s Sys=0.00s Real=0.07s
[135.163s][info][gc,start       ] GC(441) Pause Young (Allocation Failure)
[135.209s][info][gc,heap        ] GC(441) PSYoungGen: 144896K(222720K)->20544K(222720K) Eden: 111616K(111616K)->0K(111616K) From: 33280K(111104K)->20544K(111104K)
[135.209s][info][gc,heap        ] GC(441) ParOldGen: 597855K(667648K)->621543K(667648K)
[135.209s][info][gc,metaspace   ] GC(441) Metaspace: 18268K(18432K)->18268K(18432K) NonClass: 15607K(15680K)->15607K(15680K) Class: 2661K(2752K)->2661K(2752K)
[135.209s][info][gc             ] GC(441) Pause Young (Allocation Failure) 725M->627M(869M) 45.528ms
[135.209s][info][gc,cpu         ] GC(441) User=0.09s Sys=0.00s Real=0.04s
[135.441s][info][gc,start       ] GC(442) Pause Young (Allocation Failure)
[135.464s][info][gc,heap        ] GC(442) PSYoungGen: 132160K(222720K)->15488K(222720K) Eden: 111616K(111616K)->0K(111616K) From: 20544K(111104K)->15488K(111104K)
[135.464s][info][gc,heap        ] GC(442) ParOldGen: 621543K(667648K)->627647K(667648K)
[135.464s][info][gc,metaspace   ] GC(442) Metaspace: 18268K(18432K)->18268K(18432K) NonClass: 15607K(15680K)->15607K(15680K) Class: 2661K(2752K)->2661K(2752K)
[135.464s][info][gc             ] GC(442) Pause Young (Allocation Failure) 736M->628M(869M) 23.897ms
[135.465s][info][gc,cpu         ] GC(442) User=0.04s Sys=0.00s Real=0.02s
[135.786s][info][gc,start       ] GC(443) Pause Full (Allocation Failure)
[135.786s][info][gc,phases,start] GC(443) Marking Phase
[136.045s][info][gc,phases      ] GC(443) Marking Phase 258.461ms
[136.045s][info][gc,phases,start] GC(443) Summary Phase
[136.045s][info][gc,phases      ] GC(443) Summary Phase 0.025ms
[136.045s][info][gc,phases,start] GC(443) Forward
[136.172s][info][gc,phases      ] GC(443) Forward 127.423ms
[136.172s][info][gc,phases,start] GC(443) Adjust Pointers
[136.373s][info][gc,phases      ] GC(443) Adjust Pointers 200.623ms
[136.373s][info][gc,phases,start] GC(443) Compaction Phase
[136.498s][info][gc,phases      ] GC(443) Compaction Phase 125.006ms
[136.509s][info][gc,phases,start] GC(443) Post Compact
[136.512s][info][gc,phases      ] GC(443) Post Compact 2.217ms
[136.512s][info][gc,heap        ] GC(443) PSYoungGen: 127104K(222720K)->0K(222720K) Eden: 111616K(111616K)->0K(111616K) From: 15488K(111104K)->0K(111104K)
[136.512s][info][gc,heap        ] GC(443) ParOldGen: 627647K(667648K)->369431K(667648K)
[136.512s][info][gc,metaspace   ] GC(443) Metaspace: 18270K(18432K)->18270K(18432K) NonClass: 15609K(15680K)->15609K(15680K) Class: 2661K(2752K)->2661K(2752K)
[136.512s][info][gc             ] GC(443) Pause Full (Allocation Failure) 737M->360M(869M) 725.588ms
[136.512s][info][gc,cpu         ] GC(443) User=1.30s Sys=0.00s Real=0.73s
[136.782s][info][gc,start       ] GC(444) Pause Young (Allocation Failure)
[136.784s][info][gc,heap        ] GC(444) PSYoungGen: 111616K(222720K)->224K(222720K) Eden: 111616K(111616K)->0K(111616K) From: 0K(111104K)->224K(111104K)
[136.784s][info][gc,heap        ] GC(444) ParOldGen: 369431K(667648K)->369431K(667648K)
[136.784s][info][gc,metaspace   ] GC(444) Metaspace: 18270K(18432K)->18270K(18432K) NonClass: 15609K(15680K)->15609K(15680K) Class: 2661K(2752K)->2661K(2752K)
[136.784s][info][gc             ] GC(444) Pause Young (Allocation Failure) 469M->360M(869M) 1.855ms
[136.784s][info][gc,cpu         ] GC(444) User=0.01s Sys=0.00s Real=0.00s
[137.022s][info][gc,start       ] GC(445) Pause Young (Allocation Failure)
[137.024s][info][gc,heap        ] GC(445) PSYoungGen: 111840K(222720K)->224K(222720K) Eden: 111616K(111616K)->0K(111616K) From: 224K(111104K)->224K(111104K)
[137.024s][info][gc,heap        ] GC(445) ParOldGen: 369431K(667648K)->369431K(667648K)
[137.024s][info][gc,metaspace   ] GC(445) Metaspace: 18270K(18432K)->18270K(18432K) NonClass: 15609K(15680K)->15609K(15680K) Class: 2661K(2752K)->2661K(2752K)
[137.024s][info][gc             ] GC(445) Pause Young (Allocation Failure) 469M->360M(869M) 1.830ms
[137.024s][info][gc,cpu         ] GC(445) User=0.01s Sys=0.00s Real=0.00s
[137.265s][info][gc,start       ] GC(446) Pause Young (Allocation Failure)
[137.267s][info][gc,heap        ] GC(446) PSYoungGen: 111840K(222720K)->64K(222720K) Eden: 111616K(111616K)->0K(111616K) From: 224K(111104K)->64K(111104K)
[137.267s][info][gc,heap        ] GC(446) ParOldGen: 369431K(667648K)->369632K(667648K)
[137.267s][info][gc,metaspace   ] GC(446) Metaspace: 18270K(18432K)->18270K(18432K) NonClass: 15609K(15680K)->15609K(15680K) Class: 2661K(2752K)->2661K(2752K)
[137.268s][info][gc             ] GC(446) Pause Young (Allocation Failure) 469M->361M(869M) 2.359ms
[137.268s][info][gc,cpu         ] GC(446) User=0.01s Sys=0.00s Real=0.00s
[137.553s][info][gc,start       ] GC(447) Pause Young (Allocation Failure)
[137.555s][info][gc,heap        ] GC(447) PSYoungGen: 111680K(222720K)->64K(222720K) Eden: 111616K(111616K)->0K(111616K) From: 64K(111104K)->64K(111104K)
[137.555s][info][gc,heap        ] GC(447) ParOldGen: 369632K(667648K)->369664K(667648K)
[137.555s][info][gc,metaspace   ] GC(447) Metaspace: 18270K(18432K)->18270K(18432K) NonClass: 15609K(15680K)->15609K(15680K) Class: 2661K(2752K)->2661K(2752K)
[137.555s][info][gc             ] GC(447) Pause Young (Allocation Failure) 470M->361M(869M) 1.991ms
[137.555s][info][gc,cpu         ] GC(447) User=0.01s Sys=0.00s Real=0.00s
[137.748s][info][gc,start       ] GC(448) Pause Young (Allocation Failure)
[137.764s][info][gc,heap        ] GC(448) PSYoungGen: 111680K(222720K)->18384K(222720K) Eden: 111616K(111616K)->0K(111616K) From: 64K(111104K)->18384K(111104K)
[137.764s][info][gc,heap        ] GC(448) ParOldGen: 369664K(667648K)->369728K(667648K)
[137.764s][info][gc,metaspace   ] GC(448) Metaspace: 18271K(18432K)->18271K(18432K) NonClass: 15610K(15680K)->15610K(15680K) Class: 2661K(2752K)->2661K(2752K)
[137.764s][info][gc             ] GC(448) Pause Young (Allocation Failure) 470M->379M(869M) 15.816ms
[137.764s][info][gc,cpu         ] GC(448) User=0.03s Sys=0.00s Real=0.02s
[137.822s][info][gc,start       ] GC(449) Pause Young (Allocation Failure)
[137.866s][info][gc,heap        ] GC(449) PSYoungGen: 130000K(222720K)->40608K(222720K) Eden: 111616K(111616K)->0K(111616K) From: 18384K(111104K)->40608K(111104K)
[137.866s][info][gc,heap        ] GC(449) ParOldGen: 369728K(667648K)->388272K(667648K)
[137.866s][info][gc,metaspace   ] GC(449) Metaspace: 18271K(18432K)->18271K(18432K) NonClass: 15610K(15680K)->15610K(15680K) Class: 2661K(2752K)->2661K(2752K)
[137.866s][info][gc             ] GC(449) Pause Young (Allocation Failure) 488M->418M(869M) 43.774ms
[137.866s][info][gc,cpu         ] GC(449) User=0.08s Sys=0.00s Real=0.04s
[137.927s][info][gc,start       ] GC(450) Pause Young (Allocation Failure)
[137.981s][info][gc,heap        ] GC(450) PSYoungGen: 152224K(222720K)->40544K(222720K) Eden: 111616K(111616K)->0K(111616K) From: 40608K(111104K)->40544K(111104K)
[137.981s][info][gc,heap        ] GC(450) ParOldGen: 388272K(667648K)->429312K(667648K)
[137.981s][info][gc,metaspace   ] GC(450) Metaspace: 18271K(18432K)->18271K(18432K) NonClass: 15610K(15680K)->15610K(15680K) Class: 2661K(2752K)->2661K(2752K)
[137.981s][info][gc             ] GC(450) Pause Young (Allocation Failure) 527M->458M(869M) 53.618ms
[137.981s][info][gc,cpu         ] GC(450) User=0.11s Sys=0.00s Real=0.06s
[138.077s][info][gc,start       ] GC(451) Pause Young (Allocation Failure)
[138.133s][info][gc,heap        ] GC(451) PSYoungGen: 152160K(222720K)->42262K(154112K) Eden: 111616K(111616K)->0K(111616K) From: 40544K(111104K)->42262K(42496K)
[138.133s][info][gc,heap        ] GC(451) ParOldGen: 429312K(667648K)->470280K(667648K)
[138.133s][info][gc,metaspace   ] GC(451) Metaspace: 18272K(18432K)->18272K(18432K) NonClass: 15610K(15680K)->15610K(15680K) Class: 2661K(2752K)->2661K(2752K)
[138.133s][info][gc             ] GC(451) Pause Young (Allocation Failure) 567M->500M(802M) 56.925ms
[138.133s][info][gc,cpu         ] GC(451) User=0.11s Sys=0.00s Real=0.06s
[138.210s][info][gc,start       ] GC(452) Pause Young (Allocation Failure)
[138.299s][info][gc,heap        ] GC(452) PSYoungGen: 153878K(154112K)->47968K(221184K) Eden: 111616K(111616K)->0K(113664K) From: 42262K(42496K)->47968K(107520K)
[138.299s][info][gc,heap        ] GC(452) ParOldGen: 470280K(667648K)->513110K(667648K)
[138.299s][info][gc,metaspace   ] GC(452) Metaspace: 18272K(18432K)->18272K(18432K) NonClass: 15610K(15680K)->15610K(15680K) Class: 2661K(2752K)->2661K(2752K)
[138.299s][info][gc             ] GC(452) Pause Young (Allocation Failure) 609M->547M(868M) 89.447ms
[138.299s][info][gc,cpu         ] GC(452) User=0.18s Sys=0.00s Real=0.09s
[138.547s][info][gc,start       ] GC(453) Pause Young (Allocation Failure)
[138.620s][info][gc,heap        ] GC(453) PSYoungGen: 161632K(221184K)->23776K(219136K) Eden: 113664K(113664K)->0K(113664K) From: 47968K(107520K)->23776K(105472K)
[138.620s][info][gc,heap        ] GC(453) ParOldGen: 513110K(667648K)->561654K(667648K)
[138.621s][info][gc,metaspace   ] GC(453) Metaspace: 18272K(18432K)->18272K(18432K) NonClass: 15610K(15680K)->15610K(15680K) Class: 2661K(2752K)->2661K(2752K)
[138.621s][info][gc             ] GC(453) Pause Young (Allocation Failure) 658M->571M(866M) 73.951ms
[138.621s][info][gc,cpu         ] GC(453) User=0.14s Sys=0.00s Real=0.08s
[138.782s][info][gc,start       ] GC(454) Pause Young (Allocation Failure)
[138.821s][info][gc,heap        ] GC(454) PSYoungGen: 137440K(219136K)->2784K(222208K) Eden: 113664K(113664K)->0K(121856K) From: 23776K(105472K)->2784K(100352K)
[138.821s][info][gc,heap        ] GC(454) ParOldGen: 561654K(667648K)->585478K(667648K)
[138.821s][info][gc,metaspace   ] GC(454) Metaspace: 18272K(18432K)->18272K(18432K) NonClass: 15610K(15680K)->15610K(15680K) Class: 2661K(2752K)->2661K(2752K)
[138.821s][info][gc             ] GC(454) Pause Young (Allocation Failure) 682M->574M(869M) 38.588ms
[138.821s][info][gc,cpu         ] GC(454) User=0.07s Sys=0.00s Real=0.04s
[138.934s][info][gc,start       ] GC(455) Pause Young (Allocation Failure)
[138.955s][info][gc,heap        ] GC(455) PSYoungGen: 124640K(222208K)->2112K(221184K) Eden: 121856K(121856K)->0K(121856K) From: 2784K(100352K)->2112K(99328K)
[138.955s][info][gc,heap        ] GC(455) ParOldGen: 585478K(667648K)->588238K(667648K)
[138.955s][info][gc,metaspace   ] GC(455) Metaspace: 18272K(18432K)->18272K(18432K) NonClass: 15610K(15680K)->15610K(15680K) Class: 2661K(2752K)->2661K(2752K)
[138.955s][info][gc             ] GC(455) Pause Young (Allocation Failure) 693M->576M(868M) 20.812ms
[138.955s][info][gc,cpu         ] GC(455) User=0.04s Sys=0.00s Real=0.02s
[139.121s][info][gc,start       ] GC(456) Pause Young (Allocation Failure)
[139.177s][info][gc,heap        ] GC(456) PSYoungGen: 123968K(221184K)->26903K(221184K) Eden: 121856K(121856K)->0K(135680K) From: 2112K(99328K)->26903K(85504K)
[139.177s][info][gc,heap        ] GC(456) ParOldGen: 588238K(667648K)->590326K(667648K)
[139.177s][info][gc,metaspace   ] GC(456) Metaspace: 18272K(18432K)->18272K(18432K) NonClass: 15610K(15680K)->15610K(15680K) Class: 2661K(2752K)->2661K(2752K)
[139.177s][info][gc             ] GC(456) Pause Young (Allocation Failure) 695M->602M(868M) 55.820ms
[139.177s][info][gc,cpu         ] GC(456) User=0.11s Sys=0.01s Real=0.05s
[139.371s][info][gc,start       ] GC(457) Pause Young (Allocation Failure)
[139.419s][info][gc,heap        ] GC(457) PSYoungGen: 162583K(221184K)->64K(226304K) Eden: 135680K(135680K)->0K(135680K) From: 26903K(85504K)->64K(90624K)
[139.419s][info][gc,heap        ] GC(457) ParOldGen: 590326K(667648K)->617249K(667648K)
[139.419s][info][gc,metaspace   ] GC(457) Metaspace: 18272K(18432K)->18272K(18432K) NonClass: 15610K(15680K)->15610K(15680K) Class: 2661K(2752K)->2661K(2752K)
[139.419s][info][gc             ] GC(457) Pause Young (Allocation Failure) 735M->602M(873M) 48.138ms
[139.419s][info][gc,cpu         ] GC(457) User=0.10s Sys=0.00s Real=0.04s
[139.611s][info][gc,start       ] GC(458) Pause Full (Allocation Failure)
[139.611s][info][gc,phases,start] GC(458) Marking Phase
[139.905s][info][gc,phases      ] GC(458) Marking Phase 294.366ms
[139.905s][info][gc,phases,start] GC(458) Summary Phase
[139.905s][info][gc,phases      ] GC(458) Summary Phase 0.027ms
[139.905s][info][gc,phases,start] GC(458) Forward
[140.018s][info][gc,phases      ] GC(458) Forward 112.942ms
[140.018s][info][gc,phases,start] GC(458) Adjust Pointers
[140.276s][info][gc,phases      ] GC(458) Adjust Pointers 257.343ms
[140.276s][info][gc,phases,start] GC(458) Compaction Phase
[140.415s][info][gc,phases      ] GC(458) Compaction Phase 139.200ms
[140.430s][info][gc,phases,start] GC(458) Post Compact
[140.432s][info][gc,phases      ] GC(458) Post Compact 2.203ms
[140.432s][info][gc,heap        ] GC(458) PSYoungGen: 135744K(226304K)->0K(240128K) Eden: 135680K(135680K)->0K(150528K) From: 64K(90624K)->0K(89600K)
[140.432s][info][gc,heap        ] GC(458) ParOldGen: 617249K(667648K)->458952K(667648K)
[140.432s][info][gc,metaspace   ] GC(458) Metaspace: 18272K(18432K)->18272K(18432K) NonClass: 15610K(15680K)->15610K(15680K) Class: 2661K(2752K)->2661K(2752K)
[140.432s][info][gc             ] GC(458) Pause Full (Allocation Failure) 735M->448M(886M) 821.167ms
[140.432s][info][gc,cpu         ] GC(458) User=1.54s Sys=0.00s Real=0.82s
[140.648s][info][gc,start       ] GC(459) Pause Young (Allocation Failure)
[140.650s][info][gc,heap        ] GC(459) PSYoungGen: 150528K(240128K)->64K(240128K) Eden: 150528K(150528K)->0K(150528K) From: 0K(89600K)->64K(89600K)
[140.650s][info][gc,heap        ] GC(459) ParOldGen: 458952K(667648K)->458952K(667648K)
[140.650s][info][gc,metaspace   ] GC(459) Metaspace: 18272K(18432K)->18272K(18432K) NonClass: 15610K(15680K)->15610K(15680K) Class: 2661K(2752K)->2661K(2752K)
[140.650s][info][gc             ] GC(459) Pause Young (Allocation Failure) 595M->448M(886M) 1.548ms
[140.650s][info][gc,cpu         ] GC(459) User=0.00s Sys=0.00s Real=0.00s
[140.857s][info][gc,start       ] GC(460) Pause Young (Allocation Failure)
[140.859s][info][gc,heap        ] GC(460) PSYoungGen: 150592K(240128K)->64K(241152K) Eden: 150528K(150528K)->0K(156672K) From: 64K(89600K)->64K(84480K)
[140.859s][info][gc,heap        ] GC(460) ParOldGen: 458952K(667648K)->458952K(667648K)
[140.859s][info][gc,metaspace   ] GC(460) Metaspace: 18272K(18432K)->18272K(18432K) NonClass: 15610K(15680K)->15610K(15680K) Class: 2661K(2752K)->2661K(2752K)
[140.859s][info][gc             ] GC(460) Pause Young (Allocation Failure) 595M->448M(887M) 1.612ms
[140.859s][info][gc,cpu         ] GC(460) User=0.00s Sys=0.00s Real=0.00s
[141.075s][info][gc,start       ] GC(461) Pause Young (Allocation Failure)
[141.077s][info][gc,heap        ] GC(461) PSYoungGen: 156736K(241152K)->64K(241664K) Eden: 156672K(156672K)->0K(156672K) From: 64K(84480K)->64K(84992K)
[141.077s][info][gc,heap        ] GC(461) ParOldGen: 458952K(667648K)->458952K(667648K)
[141.077s][info][gc,metaspace   ] GC(461) Metaspace: 18272K(18432K)->18272K(18432K) NonClass: 15610K(15680K)->15610K(15680K) Class: 2661K(2752K)->2661K(2752K)
[141.077s][info][gc             ] GC(461) Pause Young (Allocation Failure) 601M->448M(888M) 1.601ms
[141.077s][info][gc,cpu         ] GC(461) User=0.00s Sys=0.00s Real=0.00s
[141.267s][info][gc,start       ] GC(462) Pause Young (Allocation Failure)
[141.281s][info][gc,heap        ] GC(462) PSYoungGen: 156736K(241664K)->11904K(241152K) Eden: 156672K(156672K)->0K(166912K) From: 64K(84992K)->11904K(74240K)
[141.281s][info][gc,heap        ] GC(462) ParOldGen: 458952K(667648K)->458952K(667648K)
[141.281s][info][gc,metaspace   ] GC(462) Metaspace: 18272K(18432K)->18272K(18432K) NonClass: 15610K(15680K)->15610K(15680K) Class: 2661K(2752K)->2661K(2752K)
[141.281s][info][gc             ] GC(462) Pause Young (Allocation Failure) 601M->459M(887M) 14.361ms
[141.281s][info][gc,cpu         ] GC(462) User=0.03s Sys=0.00s Real=0.02s
[141.431s][info][gc,start       ] GC(463) Pause Young (Allocation Failure)
[141.462s][info][gc,heap        ] GC(463) PSYoungGen: 178816K(241152K)->29792K(243712K) Eden: 166912K(166912K)->0K(166912K) From: 11904K(74240K)->29792K(76800K)
[141.462s][info][gc,heap        ] GC(463) ParOldGen: 458952K(667648K)->458952K(667648K)
[141.462s][info][gc,metaspace   ] GC(463) Metaspace: 18272K(18432K)->18272K(18432K) NonClass: 15610K(15680K)->15610K(15680K) Class: 2661K(2752K)->2661K(2752K)
[141.462s][info][gc             ] GC(463) Pause Young (Allocation Failure) 622M->477M(890M) 31.096ms
[141.462s][info][gc,cpu         ] GC(463) User=0.06s Sys=0.00s Real=0.03s
[141.610s][info][gc,start       ] GC(464) Pause Young (Allocation Failure)
[141.641s][info][gc,heap        ] GC(464) PSYoungGen: 196704K(243712K)->31424K(254464K) Eden: 166912K(166912K)->0K(180224K) From: 29792K(76800K)->31424K(74240K)
[141.641s][info][gc,heap        ] GC(464) ParOldGen: 458952K(667648K)->458952K(667648K)
[141.641s][info][gc,metaspace   ] GC(464) Metaspace: 18272K(18432K)->18272K(18432K) NonClass: 15610K(15680K)->15610K(15680K) Class: 2661K(2752K)->2661K(2752K)
[141.641s][info][gc             ] GC(464) Pause Young (Allocation Failure) 640M->478M(900M) 31.361ms
[141.641s][info][gc,cpu         ] GC(464) User=0.06s Sys=0.00s Real=0.04s
[141.824s][info][gc,start       ] GC(465) Pause Young (Allocation Failure)
[141.861s][info][gc,heap        ] GC(465) PSYoungGen: 211648K(254464K)->37472K(254464K) Eden: 180224K(180224K)->0K(180224K) From: 31424K(74240K)->37472K(74240K)
[141.861s][info][gc,heap        ] GC(465) ParOldGen: 458952K(667648K)->458952K(667648K)
[141.861s][info][gc,metaspace   ] GC(465) Metaspace: 18272K(18432K)->18272K(18432K) NonClass: 15610K(15680K)->15610K(15680K) Class: 2661K(2752K)->2661K(2752K)
[141.861s][info][gc             ] GC(465) Pause Young (Allocation Failure) 654M->484M(900M) 36.934ms
[141.861s][info][gc,cpu         ] GC(465) User=0.08s Sys=0.00s Real=0.04s
[142.162s][info][gc,start       ] GC(466) Pause Young (Allocation Failure)
[142.202s][info][gc,heap        ] GC(466) PSYoungGen: 217696K(254464K)->40928K(255488K) Eden: 180224K(180224K)->0K(180224K) From: 37472K(74240K)->40928K(75264K)
[142.202s][info][gc,heap        ] GC(466) ParOldGen: 458952K(667648K)->458952K(667648K)
[142.202s][info][gc,metaspace   ] GC(466) Metaspace: 18272K(18432K)->18272K(18432K) NonClass: 15610K(15680K)->15610K(15680K) Class: 2661K(2752K)->2661K(2752K)
[142.202s][info][gc             ] GC(466) Pause Young (Allocation Failure) 660M->488M(901M) 40.245ms
[142.202s][info][gc,cpu         ] GC(466) User=0.08s Sys=0.00s Real=0.04s
[142.534s][info][gc,start       ] GC(467) Pause Young (Allocation Failure)
[142.574s][info][gc,heap        ] GC(467) PSYoungGen: 221152K(255488K)->41088K(221696K) Eden: 180224K(180224K)->0K(180224K) From: 40928K(75264K)->41088K(41472K)
[142.574s][info][gc,heap        ] GC(467) ParOldGen: 458952K(667648K)->458952K(667648K)
[142.574s][info][gc,metaspace   ] GC(467) Metaspace: 18272K(18432K)->18272K(18432K) NonClass: 15610K(15680K)->15610K(15680K) Class: 2661K(2752K)->2661K(2752K)
[142.574s][info][gc             ] GC(467) Pause Young (Allocation Failure) 664M->488M(868M) 40.260ms
[142.574s][info][gc,cpu         ] GC(467) User=0.08s Sys=0.00s Real=0.04s
[142.899s][info][gc,start       ] GC(468) Pause Young (Allocation Failure)
[142.939s][info][gc,heap        ] GC(468) PSYoungGen: 221312K(221696K)->41088K(254976K) Eden: 180224K(180224K)->0K(177152K) From: 41088K(41472K)->41088K(77824K)
[142.939s][info][gc,heap        ] GC(468) ParOldGen: 458952K(667648K)->458952K(667648K)
[142.939s][info][gc,metaspace   ] GC(468) Metaspace: 18272K(18432K)->18272K(18432K) NonClass: 15610K(15680K)->15610K(15680K) Class: 2661K(2752K)->2661K(2752K)
[142.939s][info][gc             ] GC(468) Pause Young (Allocation Failure) 664M->488M(901M) 40.367ms
[142.939s][info][gc,cpu         ] GC(468) User=0.08s Sys=0.00s Real=0.04s
[143.212s][info][gc,start       ] GC(469) Pause Young (Allocation Failure)
[143.266s][info][gc,heap        ] GC(469) PSYoungGen: 218240K(254976K)->54144K(231424K) Eden: 177152K(177152K)->0K(177152K) From: 41088K(77824K)->54144K(54272K)
[143.267s][info][gc,heap        ] GC(469) ParOldGen: 458952K(667648K)->458952K(667648K)
[143.267s][info][gc,metaspace   ] GC(469) Metaspace: 18272K(18432K)->18272K(18432K) NonClass: 15610K(15680K)->15610K(15680K) Class: 2661K(2752K)->2661K(2752K)
[143.267s][info][gc             ] GC(469) Pause Young (Allocation Failure) 661M->501M(878M) 54.228ms
[143.267s][info][gc,cpu         ] GC(469) User=0.11s Sys=0.00s Real=0.05s
[143.464s][info][gc,start       ] GC(470) Pause Young (Allocation Failure)
[143.528s][info][gc,heap        ] GC(470) PSYoungGen: 231296K(231424K)->69536K(231936K) Eden: 177152K(177152K)->0K(148480K) From: 54144K(54272K)->69536K(83456K)
[143.528s][info][gc,heap        ] GC(470) ParOldGen: 458952K(667648K)->458952K(667648K)
[143.528s][info][gc,metaspace   ] GC(470) Metaspace: 18272K(18432K)->18272K(18432K) NonClass: 15610K(15680K)->15610K(15680K) Class: 2661K(2752K)->2661K(2752K)
[143.528s][info][gc             ] GC(470) Pause Young (Allocation Failure) 674M->516M(878M) 64.191ms
[143.528s][info][gc,cpu         ] GC(470) User=0.12s Sys=0.01s Real=0.06s
[143.672s][info][gc,start       ] GC(471) Pause Young (Allocation Failure)
[143.772s][info][gc,heap        ] GC(471) PSYoungGen: 218016K(231936K)->92640K(241152K) Eden: 148480K(148480K)->0K(148480K) From: 69536K(83456K)->92640K(92672K)
[143.772s][info][gc,heap        ] GC(471) ParOldGen: 458952K(667648K)->474312K(667648K)
[143.772s][info][gc,metaspace   ] GC(471) Metaspace: 18272K(18432K)->18272K(18432K) NonClass: 15611K(15680K)->15611K(15680K) Class: 2661K(2752K)->2661K(2752K)
[143.772s][info][gc             ] GC(471) Pause Young (Allocation Failure) 661M->553M(887M) 100.037ms
[143.772s][info][gc,cpu         ] GC(471) User=0.20s Sys=0.00s Real=0.10s
[144.000s][info][gc,start       ] GC(472) Pause Young (Allocation Failure)
[144.111s][info][gc,heap        ] GC(472) PSYoungGen: 241120K(241152K)->92656K(204288K) Eden: 148480K(148480K)->0K(111616K) From: 92640K(92672K)->92656K(92672K)
[144.111s][info][gc,heap        ] GC(472) ParOldGen: 474312K(667648K)->487472K(667648K)
[144.111s][info][gc,metaspace   ] GC(472) Metaspace: 18273K(18432K)->18273K(18432K) NonClass: 15612K(15680K)->15612K(15680K) Class: 2661K(2752K)->2661K(2752K)
[144.111s][info][gc             ] GC(472) Pause Young (Allocation Failure) 698M->566M(851M) 110.181ms
[144.111s][info][gc,cpu         ] GC(472) User=0.21s Sys=0.01s Real=0.11s
[144.269s][info][gc,start       ] GC(473) Pause Young (Allocation Failure)
[144.361s][info][gc,heap        ] GC(473) PSYoungGen: 204272K(204288K)->83728K(222720K) Eden: 111616K(111616K)->0K(111616K) From: 92656K(92672K)->83728K(111104K)
[144.361s][info][gc,heap        ] GC(473) ParOldGen: 487472K(667648K)->496488K(667648K)
[144.361s][info][gc,metaspace   ] GC(473) Metaspace: 18273K(18432K)->18273K(18432K) NonClass: 15612K(15680K)->15612K(15680K) Class: 2661K(2752K)->2661K(2752K)
[144.361s][info][gc             ] GC(473) Pause Young (Allocation Failure) 675M->566M(869M) 92.053ms
[144.361s][info][gc,cpu         ] GC(473) User=0.19s Sys=0.00s Real=0.10s
[144.520s][info][gc,start       ] GC(474) Pause Young (Allocation Failure)
[144.605s][info][gc,heap        ] GC(474) PSYoungGen: 195344K(222720K)->69328K(222720K) Eden: 111616K(111616K)->0K(111616K) From: 83728K(111104K)->69328K(111104K)
[144.605s][info][gc,heap        ] GC(474) ParOldGen: 496488K(667648K)->510896K(667648K)
[144.605s][info][gc,metaspace   ] GC(474) Metaspace: 18273K(18432K)->18273K(18432K) NonClass: 15612K(15680K)->15612K(15680K) Class: 2661K(2752K)->2661K(2752K)
[144.605s][info][gc             ] GC(474) Pause Young (Allocation Failure) 675M->566M(869M) 85.276ms
[144.605s][info][gc,cpu         ] GC(474) User=0.17s Sys=0.00s Real=0.09s
[144.764s][info][gc,start       ] GC(475) Pause Young (Allocation Failure)
[144.839s][info][gc,heap        ] GC(475) PSYoungGen: 180944K(222720K)->61904K(222720K) Eden: 111616K(111616K)->0K(111616K) From: 69328K(111104K)->61904K(111104K)
[144.840s][info][gc,heap        ] GC(475) ParOldGen: 510896K(667648K)->518344K(667648K)
[144.840s][info][gc,metaspace   ] GC(475) Metaspace: 18273K(18432K)->18273K(18432K) NonClass: 15612K(15680K)->15612K(15680K) Class: 2661K(2752K)->2661K(2752K)
[144.840s][info][gc             ] GC(475) Pause Young (Allocation Failure) 675M->566M(869M) 75.376ms
[144.840s][info][gc,cpu         ] GC(475) User=0.15s Sys=0.00s Real=0.07s
[144.997s][info][gc,start       ] GC(476) Pause Young (Allocation Failure)
[145.062s][info][gc,heap        ] GC(476) PSYoungGen: 173520K(222720K)->61744K(222720K) Eden: 111616K(111616K)->0K(111616K) From: 61904K(111104K)->61744K(111104K)
[145.062s][info][gc,heap        ] GC(476) ParOldGen: 518344K(667648K)->518501K(667648K)
[145.062s][info][gc,metaspace   ] GC(476) Metaspace: 18273K(18432K)->18273K(18432K) NonClass: 15612K(15680K)->15612K(15680K) Class: 2661K(2752K)->2661K(2752K)
[145.062s][info][gc             ] GC(476) Pause Young (Allocation Failure) 675M->566M(869M) 64.736ms
[145.062s][info][gc,cpu         ] GC(476) User=0.12s Sys=0.00s Real=0.07s
[145.222s][info][gc,start       ] GC(477) Pause Young (Allocation Failure)
[145.282s][info][gc,heap        ] GC(477) PSYoungGen: 173360K(222720K)->36224K(222720K) Eden: 111616K(111616K)->0K(111616K) From: 61744K(111104K)->36224K(111104K)
[145.282s][info][gc,heap        ] GC(477) ParOldGen: 518501K(667648K)->544256K(667648K)
[145.282s][info][gc,metaspace   ] GC(477) Metaspace: 18273K(18432K)->18273K(18432K) NonClass: 15612K(15680K)->15612K(15680K) Class: 2661K(2752K)->2661K(2752K)
[145.282s][info][gc             ] GC(477) Pause Young (Allocation Failure) 675M->566M(869M) 60.114ms
[145.282s][info][gc,cpu         ] GC(477) User=0.12s Sys=0.00s Real=0.06s
[145.442s][info][gc,start       ] GC(478) Pause Young (Allocation Failure)
[145.483s][info][gc,heap        ] GC(478) PSYoungGen: 147840K(222720K)->32K(222720K) Eden: 111616K(111616K)->0K(111616K) From: 36224K(111104K)->32K(111104K)
[145.483s][info][gc,heap        ] GC(478) ParOldGen: 544256K(667648K)->580637K(667648K)
[145.483s][info][gc,metaspace   ] GC(478) Metaspace: 18273K(18432K)->18273K(18432K) NonClass: 15612K(15680K)->15612K(15680K) Class: 2661K(2752K)->2661K(2752K)
[145.483s][info][gc             ] GC(478) Pause Young (Allocation Failure) 675M->567M(869M) 41.314ms
[145.483s][info][gc,cpu         ] GC(478) User=0.08s Sys=0.00s Real=0.04s
[145.639s][info][gc,start       ] GC(479) Pause Young (Allocation Failure)
[145.641s][info][gc,heap        ] GC(479) PSYoungGen: 111648K(222720K)->64K(222720K) Eden: 111616K(111616K)->0K(111616K) From: 32K(111104K)->64K(111104K)
[145.641s][info][gc,heap        ] GC(479) ParOldGen: 580637K(667648K)->580637K(667648K)
[145.641s][info][gc,metaspace   ] GC(479) Metaspace: 18273K(18432K)->18273K(18432K) NonClass: 15612K(15680K)->15612K(15680K) Class: 2661K(2752K)->2661K(2752K)
[145.641s][info][gc             ] GC(479) Pause Young (Allocation Failure) 676M->567M(869M) 1.853ms
[145.641s][info][gc,cpu         ] GC(479) User=0.01s Sys=0.00s Real=0.01s
[145.793s][info][gc,start       ] GC(480) Pause Young (Allocation Failure)
[145.795s][info][gc,heap        ] GC(480) PSYoungGen: 111680K(222720K)->64K(222720K) Eden: 111616K(111616K)->0K(111616K) From: 64K(111104K)->64K(111104K)
[145.795s][info][gc,heap        ] GC(480) ParOldGen: 580637K(667648K)->580637K(667648K)
[145.795s][info][gc,metaspace   ] GC(480) Metaspace: 18273K(18432K)->18273K(18432K) NonClass: 15612K(15680K)->15612K(15680K) Class: 2661K(2752K)->2661K(2752K)
[145.795s][info][gc             ] GC(480) Pause Young (Allocation Failure) 676M->567M(869M) 1.955ms
[145.795s][info][gc,cpu         ] GC(480) User=0.00s Sys=0.00s Real=0.00s
[145.900s][info][gc,start       ] GC(481) Pause Young (Allocation Failure)
[145.921s][info][gc,heap        ] GC(481) PSYoungGen: 111680K(222720K)->17600K(222720K) Eden: 111616K(111616K)->0K(111616K) From: 64K(111104K)->17600K(111104K)
[145.921s][info][gc,heap        ] GC(481) ParOldGen: 580637K(667648K)->580637K(667648K)
[145.921s][info][gc,metaspace   ] GC(481) Metaspace: 18273K(18432K)->18273K(18432K) NonClass: 15612K(15680K)->15612K(15680K) Class: 2661K(2752K)->2661K(2752K)
[145.921s][info][gc             ] GC(481) Pause Young (Allocation Failure) 676M->584M(869M) 20.811ms
[145.921s][info][gc,cpu         ] GC(481) User=0.04s Sys=0.00s Real=0.03s
[146.019s][info][gc,start       ] GC(482) Pause Young (Allocation Failure)
[146.046s][info][gc,heap        ] GC(482) PSYoungGen: 129216K(222720K)->25920K(222720K) Eden: 111616K(111616K)->0K(111616K) From: 17600K(111104K)->25920K(111104K)
[146.046s][info][gc,heap        ] GC(482) ParOldGen: 580637K(667648K)->580637K(667648K)
[146.046s][info][gc,metaspace   ] GC(482) Metaspace: 18273K(18432K)->18273K(18432K) NonClass: 15612K(15680K)->15612K(15680K) Class: 2661K(2752K)->2661K(2752K)
[146.046s][info][gc             ] GC(482) Pause Young (Allocation Failure) 693M->592M(869M) 27.149ms
[146.046s][info][gc,cpu         ] GC(482) User=0.05s Sys=0.00s Real=0.03s
[146.150s][info][gc,start       ] GC(483) Pause Young (Allocation Failure)
[146.179s][info][gc,heap        ] GC(483) PSYoungGen: 137536K(222720K)->1056K(113152K) Eden: 111616K(111616K)->0K(111616K) From: 25920K(111104K)->1056K(1536K)
[146.179s][info][gc,heap        ] GC(483) ParOldGen: 580637K(667648K)->606597K(667648K)
[146.179s][info][gc,metaspace   ] GC(483) Metaspace: 18273K(18432K)->18273K(18432K) NonClass: 15612K(15680K)->15612K(15680K) Class: 2661K(2752K)->2661K(2752K)
[146.179s][info][gc             ] GC(483) Pause Young (Allocation Failure) 701M->593M(762M) 28.873ms
[146.179s][info][gc,cpu         ] GC(483) User=0.05s Sys=0.00s Real=0.03s
[146.264s][info][gc,start       ] GC(484) Pause Young (Allocation Failure)
[146.292s][info][gc,heap        ] GC(484) PSYoungGen: 112672K(113152K)->20832K(226816K) Eden: 111616K(111616K)->0K(117760K) From: 1056K(1536K)->20832K(109056K)
[146.293s][info][gc,heap        ] GC(484) ParOldGen: 606597K(667648K)->606597K(667648K)
[146.293s][info][gc,metaspace   ] GC(484) Metaspace: 18273K(18432K)->18273K(18432K) NonClass: 15612K(15680K)->15612K(15680K) Class: 2661K(2752K)->2661K(2752K)
[146.293s][info][gc             ] GC(484) Pause Young (Allocation Failure) 702M->612M(873M) 28.257ms
[146.293s][info][gc,cpu         ] GC(484) User=0.06s Sys=0.00s Real=0.03s
[146.377s][info][gc,start       ] GC(485) Pause Young (Allocation Failure)
[146.408s][info][gc,heap        ] GC(485) PSYoungGen: 138592K(226816K)->26688K(144896K) Eden: 117760K(117760K)->0K(117760K) From: 20832K(109056K)->26688K(27136K)
[146.408s][info][gc,heap        ] GC(485) ParOldGen: 606597K(667648K)->607629K(667648K)
[146.408s][info][gc,metaspace   ] GC(485) Metaspace: 18273K(18432K)->18273K(18432K) NonClass: 15612K(15680K)->15612K(15680K) Class: 2661K(2752K)->2661K(2752K)
[146.408s][info][gc             ] GC(485) Pause Young (Allocation Failure) 727M->619M(793M) 31.782ms
[146.408s][info][gc,cpu         ] GC(485) User=0.06s Sys=0.00s Real=0.03s
[146.495s][info][gc,start       ] GC(486) Pause Young (Allocation Failure)
[146.547s][info][gc,heap        ] GC(486) PSYoungGen: 144448K(144896K)->28032K(222208K) Eden: 117760K(117760K)->0K(126976K) From: 26688K(27136K)->28032K(95232K)
[146.547s][info][gc,heap        ] GC(486) ParOldGen: 607629K(667648K)->627445K(667648K)
[146.547s][info][gc,metaspace   ] GC(486) Metaspace: 18273K(18432K)->18273K(18432K) NonClass: 15612K(15680K)->15612K(15680K) Class: 2661K(2752K)->2661K(2752K)
[146.547s][info][gc             ] GC(486) Pause Young (Allocation Failure) 734M->640M(869M) 51.433ms
[146.547s][info][gc,cpu         ] GC(486) User=0.10s Sys=0.00s Real=0.05s
[146.654s][info][gc,start       ] GC(487) Pause Full (Allocation Failure)
[146.655s][info][gc,phases,start] GC(487) Marking Phase
[147.038s][info][gc,phases      ] GC(487) Marking Phase 383.003ms
[147.038s][info][gc,phases,start] GC(487) Summary Phase
[147.038s][info][gc,phases      ] GC(487) Summary Phase 0.026ms
[147.038s][info][gc,phases,start] GC(487) Forward
[147.102s][info][gc,phases      ] GC(487) Forward 64.728ms
[147.102s][info][gc,phases,start] GC(487) Adjust Pointers
[147.395s][info][gc,phases      ] GC(487) Adjust Pointers 292.243ms
[147.395s][info][gc,phases,start] GC(487) Compaction Phase
[147.547s][info][gc,phases      ] GC(487) Compaction Phase 151.947ms
[147.551s][info][gc,phases,start] GC(487) Post Compact
[147.553s][info][gc,phases      ] GC(487) Post Compact 2.270ms
[147.553s][info][gc,heap        ] GC(487) PSYoungGen: 155008K(222208K)->0K(218112K) Eden: 126976K(126976K)->0K(126976K) From: 28032K(95232K)->0K(91136K)
[147.553s][info][gc,heap        ] GC(487) ParOldGen: 627445K(667648K)->553355K(667648K)
[147.553s][info][gc,metaspace   ] GC(487) Metaspace: 18273K(18432K)->18273K(18432K) NonClass: 15612K(15680K)->15612K(15680K) Class: 2661K(2752K)->2661K(2752K)
[147.553s][info][gc             ] GC(487) Pause Full (Allocation Failure) 764M->540M(865M) 898.929ms
[147.553s][info][gc,cpu         ] GC(487) User=1.74s Sys=0.01s Real=0.90s
[147.720s][info][gc,start       ] GC(488) Pause Young (Allocation Failure)
[147.741s][info][gc,heap        ] GC(488) PSYoungGen: 126976K(218112K)->12864K(223744K) Eden: 126976K(126976K)->0K(140288K) From: 0K(91136K)->12864K(83456K)
[147.741s][info][gc,heap        ] GC(488) ParOldGen: 553355K(667648K)->553355K(667648K)
[147.741s][info][gc,metaspace   ] GC(488) Metaspace: 18273K(18432K)->18273K(18432K) NonClass: 15612K(15680K)->15612K(15680K) Class: 2661K(2752K)->2661K(2752K)
[147.741s][info][gc             ] GC(488) Pause Young (Allocation Failure) 664M->552M(870M) 21.060ms
[147.741s][info][gc,cpu         ] GC(488) User=0.04s Sys=0.00s Real=0.03s
[147.867s][info][gc,start       ] GC(489) Pause Young (Allocation Failure)
[147.888s][info][gc,heap        ] GC(489) PSYoungGen: 153152K(223744K)->3712K(228352K) Eden: 140288K(140288K)->0K(140288K) From: 12864K(83456K)->3712K(88064K)
[147.888s][info][gc,heap        ] GC(489) ParOldGen: 553355K(667648K)->566203K(667648K)
[147.888s][info][gc,metaspace   ] GC(489) Metaspace: 18274K(18432K)->18274K(18432K) NonClass: 15613K(15680K)->15613K(15680K) Class: 2661K(2752K)->2661K(2752K)
[147.888s][info][gc             ] GC(489) Pause Young (Allocation Failure) 689M->556M(875M) 20.845ms
[147.888s][info][gc,cpu         ] GC(489) User=0.05s Sys=0.00s Real=0.02s
[148.048s][info][gc,start       ] GC(490) Pause Young (Allocation Failure)
[148.062s][info][gc,heap        ] GC(490) PSYoungGen: 144000K(228352K)->1408K(234496K) Eden: 140288K(140288K)->0K(153088K) From: 3712K(88064K)->1408K(81408K)
[148.062s][info][gc,heap        ] GC(490) ParOldGen: 566203K(667648K)->569891K(667648K)
[148.062s][info][gc,metaspace   ] GC(490) Metaspace: 18274K(18432K)->18274K(18432K) NonClass: 15613K(15680K)->15613K(15680K) Class: 2661K(2752K)->2661K(2752K)
[148.062s][info][gc             ] GC(490) Pause Young (Allocation Failure) 693M->557M(881M) 14.139ms
[148.062s][info][gc,cpu         ] GC(490) User=0.03s Sys=0.00s Real=0.02s
[148.271s][info][gc,start       ] GC(491) Pause Young (Allocation Failure)
[148.284s][info][gc,heap        ] GC(491) PSYoungGen: 154496K(234496K)->4704K(237568K) Eden: 153088K(153088K)->0K(153088K) From: 1408K(81408K)->4704K(84480K)
[148.284s][info][gc,heap        ] GC(491) ParOldGen: 569891K(667648K)->569891K(667648K)
[148.284s][info][gc,metaspace   ] GC(491) Metaspace: 18275K(18496K)->18275K(18496K) NonClass: 15614K(15744K)->15614K(15744K) Class: 2661K(2752K)->2661K(2752K)
[148.284s][info][gc             ] GC(491) Pause Young (Allocation Failure) 707M->561M(884M) 13.656ms
[148.284s][info][gc,cpu         ] GC(491) User=0.02s Sys=0.00s Real=0.01s
[148.430s][info][gc,start       ] GC(492) Pause Young (Allocation Failure)
[148.438s][info][gc,heap        ] GC(492) PSYoungGen: 157792K(237568K)->4672K(239616K) Eden: 153088K(153088K)->0K(164864K) From: 4704K(84480K)->4672K(74752K)
[148.438s][info][gc,heap        ] GC(492) ParOldGen: 569891K(667648K)->569891K(667648K)
[148.438s][info][gc,metaspace   ] GC(492) Metaspace: 18275K(18496K)->18275K(18496K) NonClass: 15614K(15744K)->15614K(15744K) Class: 2661K(2752K)->2661K(2752K)
[148.438s][info][gc             ] GC(492) Pause Young (Allocation Failure) 710M->561M(886M) 7.823ms
[148.438s][info][gc,cpu         ] GC(492) User=0.02s Sys=0.00s Real=0.01s
[148.656s][info][gc,start       ] GC(493) Pause Young (Allocation Failure)
[148.689s][info][gc,heap        ] GC(493) PSYoungGen: 169536K(239616K)->30752K(243712K) Eden: 164864K(164864K)->0K(164864K) From: 4672K(74752K)->30752K(78848K)
[148.689s][info][gc,heap        ] GC(493) ParOldGen: 569891K(667648K)->569891K(667648K)
[148.689s][info][gc,metaspace   ] GC(493) Metaspace: 18275K(18496K)->18275K(18496K) NonClass: 15614K(15744K)->15614K(15744K) Class: 2661K(2752K)->2661K(2752K)
[148.689s][info][gc             ] GC(493) Pause Young (Allocation Failure) 722M->586M(890M) 33.088ms
[148.689s][info][gc,cpu         ] GC(493) User=0.07s Sys=0.00s Real=0.03s
[148.855s][info][gc,start       ] GC(494) Pause Young (Allocation Failure)
[148.941s][info][gc,heap        ] GC(494) PSYoungGen: 195616K(243712K)->76768K(224256K) Eden: 164864K(164864K)->0K(147456K) From: 30752K(78848K)->76768K(76800K)
[148.941s][info][gc,heap        ] GC(494) ParOldGen: 569891K(667648K)->574195K(667648K)
[148.941s][info][gc,metaspace   ] GC(494) Metaspace: 18279K(18496K)->18279K(18496K) NonClass: 15618K(15744K)->15618K(15744K) Class: 2661K(2752K)->2661K(2752K)
[148.941s][info][gc             ] GC(494) Pause Young (Allocation Failure) 747M->635M(871M) 86.327ms
[148.941s][info][gc,cpu         ] GC(494) User=0.16s Sys=0.02s Real=0.09s
[149.170s][info][gc,start       ] GC(495) Pause Young (Allocation Failure)
[149.248s][info][gc,heap        ] GC(495) PSYoungGen: 224224K(224256K)->91160K(239104K) Eden: 147456K(147456K)->0K(147456K) From: 76768K(76800K)->91160K(91648K)
[149.249s][info][gc,heap        ] GC(495) ParOldGen: 574195K(667648K)->578841K(667648K)
[149.249s][info][gc,metaspace   ] GC(495) Metaspace: 18281K(18496K)->18281K(18496K) NonClass: 15620K(15744K)->15620K(15744K) Class: 2661K(2752K)->2661K(2752K)
[149.249s][info][gc             ] GC(495) Pause Young (Allocation Failure) 779M->654M(885M) 78.934ms
[149.249s][info][gc,cpu         ] GC(495) User=0.16s Sys=0.00s Real=0.08s
[149.360s][info][gc,start       ] GC(496) Pause Young (Allocation Failure)
[149.440s][info][gc,heap        ] GC(496) PSYoungGen: 238616K(239104K)->94704K(206336K) Eden: 147456K(147456K)->0K(111616K) From: 91160K(91648K)->94704K(94720K)
[149.440s][info][gc,heap        ] GC(496) ParOldGen: 578841K(667648K)->582506K(667648K)
[149.440s][info][gc,metaspace   ] GC(496) Metaspace: 18281K(18496K)->18281K(18496K) NonClass: 15620K(15744K)->15620K(15744K) Class: 2661K(2752K)->2661K(2752K)
[149.440s][info][gc             ] GC(496) Pause Young (Allocation Failure) 798M->661M(853M) 80.115ms
[149.440s][info][gc,cpu         ] GC(496) User=0.15s Sys=0.00s Real=0.08s
[149.595s][info][gc,start       ] GC(497) Pause Young (Allocation Failure)
[149.672s][info][gc,heap        ] GC(497) PSYoungGen: 206320K(206336K)->26424K(222720K) Eden: 111616K(111616K)->0K(111616K) From: 94704K(94720K)->26424K(111104K)
[149.673s][info][gc,heap        ] GC(497) ParOldGen: 582506K(667648K)->651629K(667648K)
[149.673s][info][gc,metaspace   ] GC(497) Metaspace: 18281K(18496K)->18281K(18496K) NonClass: 15620K(15744K)->15620K(15744K) Class: 2661K(2752K)->2661K(2752K)
[149.673s][info][gc             ] GC(497) Pause Young (Allocation Failure) 770M->662M(869M) 77.581ms
[149.673s][info][gc,cpu         ] GC(497) User=0.15s Sys=0.00s Real=0.08s
[149.828s][info][gc,start       ] GC(498) Pause Full (Allocation Failure)
[149.829s][info][gc,phases,start] GC(498) Marking Phase
[150.300s][info][gc,phases      ] GC(498) Marking Phase 471.631ms
[150.300s][info][gc,phases,start] GC(498) Summary Phase
[150.300s][info][gc,phases      ] GC(498) Summary Phase 0.026ms
[150.300s][info][gc,phases,start] GC(498) Forward
[150.328s][info][gc,phases      ] GC(498) Forward 27.679ms
[150.328s][info][gc,phases,start] GC(498) Adjust Pointers
[150.649s][info][gc,phases      ] GC(498) Adjust Pointers 321.410ms
[150.649s][info][gc,phases,start] GC(498) Compaction Phase
[150.802s][info][gc,phases      ] GC(498) Compaction Phase 152.831ms
[150.802s][info][gc,phases,start] GC(498) Post Compact
[150.805s][info][gc,phases      ] GC(498) Post Compact 2.230ms
[150.805s][info][gc,heap        ] GC(498) PSYoungGen: 138040K(222720K)->9951K(222720K) Eden: 111616K(111616K)->0K(111616K) From: 26424K(111104K)->9951K(111104K)
[150.805s][info][gc,heap        ] GC(498) ParOldGen: 651629K(667648K)->667463K(667648K)
[150.805s][info][gc,metaspace   ] GC(498) Metaspace: 18281K(18496K)->18281K(18496K) NonClass: 15620K(15744K)->15620K(15744K) Class: 2661K(2752K)->2661K(2752K)
[150.805s][info][gc             ] GC(498) Pause Full (Allocation Failure) 771M->661M(869M) 976.277ms
[150.805s][info][gc,cpu         ] GC(498) User=1.91s Sys=0.00s Real=0.98s
[150.993s][info][gc,start       ] GC(499) Pause Full (Allocation Failure)
[150.993s][info][gc,phases,start] GC(499) Marking Phase
[151.466s][info][gc,phases      ] GC(499) Marking Phase 472.918ms
[151.466s][info][gc,phases,start] GC(499) Summary Phase
[151.466s][info][gc,phases      ] GC(499) Summary Phase 0.025ms
[151.466s][info][gc,phases,start] GC(499) Forward
[151.468s][info][gc,phases      ] GC(499) Forward 2.672ms
[151.468s][info][gc,phases,start] GC(499) Adjust Pointers
[151.786s][info][gc,phases      ] GC(499) Adjust Pointers 317.144ms
[151.786s][info][gc,phases,start] GC(499) Compaction Phase
[151.931s][info][gc,phases      ] GC(499) Compaction Phase 145.349ms
[151.931s][info][gc,phases,start] GC(499) Post Compact
[151.933s][info][gc,phases      ] GC(499) Post Compact 2.222ms
[151.933s][info][gc,heap        ] GC(499) PSYoungGen: 121567K(222720K)->10310K(222720K) Eden: 111616K(111616K)->10310K(111616K) From: 9951K(111104K)->0K(111104K)
[151.933s][info][gc,heap        ] GC(499) ParOldGen: 667463K(667648K)->667647K(667648K)
[151.933s][info][gc,metaspace   ] GC(499) Metaspace: 18281K(18496K)->18281K(18496K) NonClass: 15620K(15744K)->15620K(15744K) Class: 2661K(2752K)->2661K(2752K)
[151.933s][info][gc             ] GC(499) Pause Full (Allocation Failure) 770M->662M(869M) 940.731ms
[151.933s][info][gc,cpu         ] GC(499) User=1.84s Sys=0.00s Real=0.94s
[152.035s][info][gc,start       ] GC(500) Pause Full (Allocation Failure)
[152.035s][info][gc,phases,start] GC(500) Marking Phase
[152.508s][info][gc,phases      ] GC(500) Marking Phase 473.001ms
[152.508s][info][gc,phases,start] GC(500) Summary Phase
[152.508s][info][gc,phases      ] GC(500) Summary Phase 0.024ms
[152.508s][info][gc,phases,start] GC(500) Forward
[152.513s][info][gc,phases      ] GC(500) Forward 4.888ms
[152.513s][info][gc,phases,start] GC(500) Adjust Pointers
[152.834s][info][gc,phases      ] GC(500) Adjust Pointers 320.156ms
[152.834s][info][gc,phases,start] GC(500) Compaction Phase
[152.979s][info][gc,phases      ] GC(500) Compaction Phase 145.279ms
[152.979s][info][gc,phases,start] GC(500) Post Compact
[152.981s][info][gc,phases      ] GC(500) Post Compact 2.179ms
[152.981s][info][gc,heap        ] GC(500) PSYoungGen: 111616K(222720K)->11472K(222720K) Eden: 111616K(111616K)->11472K(111616K) From: 0K(111104K)->0K(111104K)
[152.981s][info][gc,heap        ] GC(500) ParOldGen: 667647K(667648K)->667647K(667648K)
[152.981s][info][gc,metaspace   ] GC(500) Metaspace: 18281K(18496K)->18281K(18496K) NonClass: 15620K(15744K)->15620K(15744K) Class: 2661K(2752K)->2661K(2752K)
[152.981s][info][gc             ] GC(500) Pause Full (Allocation Failure) 760M->663M(869M) 945.907ms
[152.981s][info][gc,cpu         ] GC(500) User=1.85s Sys=0.00s Real=0.95s
[153.068s][info][gc,start       ] GC(501) Pause Full (Allocation Failure)
[153.068s][info][gc,phases,start] GC(501) Marking Phase
[153.544s][info][gc,phases      ] GC(501) Marking Phase 475.463ms
[153.544s][info][gc,phases,start] GC(501) Summary Phase
[153.544s][info][gc,phases      ] GC(501) Summary Phase 0.025ms
[153.544s][info][gc,phases,start] GC(501) Forward
[153.549s][info][gc,phases      ] GC(501) Forward 5.658ms
[153.549s][info][gc,phases,start] GC(501) Adjust Pointers
[153.868s][info][gc,phases      ] GC(501) Adjust Pointers 318.345ms
[153.868s][info][gc,phases,start] GC(501) Compaction Phase
[154.022s][info][gc,phases      ] GC(501) Compaction Phase 154.121ms
[154.022s][info][gc,phases,start] GC(501) Post Compact
[154.024s][info][gc,phases      ] GC(501) Post Compact 2.189ms
[154.024s][info][gc,heap        ] GC(501) PSYoungGen: 111616K(222720K)->12492K(222720K) Eden: 111616K(111616K)->12492K(111616K) From: 0K(111104K)->0K(111104K)
[154.024s][info][gc,heap        ] GC(501) ParOldGen: 667647K(667648K)->667647K(667648K)
[154.024s][info][gc,metaspace   ] GC(501) Metaspace: 18281K(18496K)->18281K(18496K) NonClass: 15620K(15744K)->15620K(15744K) Class: 2661K(2752K)->2661K(2752K)
[154.024s][info][gc             ] GC(501) Pause Full (Allocation Failure) 760M->664M(869M) 956.167ms
[154.024s][info][gc,cpu         ] GC(501) User=1.87s Sys=0.00s Real=0.96s
[154.225s][info][gc,start       ] GC(502) Pause Full (Allocation Failure)
[154.225s][info][gc,phases,start] GC(502) Marking Phase
[154.719s][info][gc,phases      ] GC(502) Marking Phase 493.384ms
[154.719s][info][gc,phases,start] GC(502) Summary Phase
[154.719s][info][gc,phases      ] GC(502) Summary Phase 0.025ms
[154.719s][info][gc,phases,start] GC(502) Forward
[154.753s][info][gc,phases      ] GC(502) Forward 33.797ms
[154.753s][info][gc,phases,start] GC(502) Adjust Pointers
[155.098s][info][gc,phases      ] GC(502) Adjust Pointers 344.779ms
[155.098s][info][gc,phases,start] GC(502) Compaction Phase
[155.251s][info][gc,phases      ] GC(502) Compaction Phase 153.187ms
[155.254s][info][gc,phases,start] GC(502) Post Compact
[155.256s][info][gc,phases      ] GC(502) Post Compact 2.259ms
[155.256s][info][gc,heap        ] GC(502) PSYoungGen: 111616K(222720K)->27334K(222720K) Eden: 111616K(111616K)->27334K(111616K) From: 0K(111104K)->0K(111104K)
[155.256s][info][gc,heap        ] GC(502) ParOldGen: 667647K(667648K)->667567K(667648K)
[155.256s][info][gc,metaspace   ] GC(502) Metaspace: 18289K(18496K)->18289K(18496K) NonClass: 15628K(15744K)->15628K(15744K) Class: 2661K(2752K)->2661K(2752K)
[155.256s][info][gc             ] GC(502) Pause Full (Allocation Failure) 760M->678M(869M) 1031.155ms
[155.257s][info][gc,cpu         ] GC(502) User=2.02s Sys=0.01s Real=1.03s
[155.425s][info][gc,start       ] GC(503) Pause Full (Allocation Failure)
[155.425s][info][gc,phases,start] GC(503) Marking Phase
[155.924s][info][gc,phases      ] GC(503) Marking Phase 499.399ms
[155.924s][info][gc,phases,start] GC(503) Summary Phase
[155.924s][info][gc,phases      ] GC(503) Summary Phase 0.029ms
[155.924s][info][gc,phases,start] GC(503) Forward
[156.085s][info][gc,phases      ] GC(503) Forward 161.121ms
[156.085s][info][gc,phases,start] GC(503) Adjust Pointers
[156.488s][info][gc,phases      ] GC(503) Adjust Pointers 403.091ms
[156.489s][info][gc,phases,start] GC(503) Compaction Phase
[156.706s][info][gc,phases      ] GC(503) Compaction Phase 217.389ms
[156.722s][info][gc,phases,start] GC(503) Post Compact
[156.724s][info][gc,phases      ] GC(503) Post Compact 2.281ms
[156.724s][info][gc,heap        ] GC(503) PSYoungGen: 111616K(222720K)->3530K(222720K) Eden: 111616K(111616K)->3530K(111616K) From: 0K(111104K)->0K(111104K)
[156.724s][info][gc,heap        ] GC(503) ParOldGen: 667567K(667648K)->667440K(667648K)
[156.724s][info][gc,metaspace   ] GC(503) Metaspace: 18289K(18496K)->18289K(18496K) NonClass: 15628K(15744K)->15628K(15744K) Class: 2661K(2752K)->2661K(2752K)
[156.724s][info][gc             ] GC(503) Pause Full (Allocation Failure) 760M->655M(869M) 1299.752ms
[156.724s][info][gc,cpu         ] GC(503) User=2.54s Sys=0.00s Real=1.30s
[156.864s][info][gc,start       ] GC(504) Pause Full (Allocation Failure)
[156.864s][info][gc,phases,start] GC(504) Marking Phase
[157.380s][info][gc,phases      ] GC(504) Marking Phase 515.786ms
[157.380s][info][gc,phases,start] GC(504) Summary Phase
[157.380s][info][gc,phases      ] GC(504) Summary Phase 0.025ms
[157.380s][info][gc,phases,start] GC(504) Forward
[157.506s][info][gc,phases      ] GC(504) Forward 126.135ms
[157.506s][info][gc,phases,start] GC(504) Adjust Pointers
[157.901s][info][gc,phases      ] GC(504) Adjust Pointers 395.088ms
[157.901s][info][gc,phases,start] GC(504) Compaction Phase
[158.076s][info][gc,phases      ] GC(504) Compaction Phase 174.376ms
[158.091s][info][gc,phases,start] GC(504) Post Compact
[158.093s][info][gc,phases      ] GC(504) Post Compact 2.275ms
[158.093s][info][gc,heap        ] GC(504) PSYoungGen: 111616K(222720K)->18278K(222720K) Eden: 111616K(111616K)->18278K(111616K) From: 0K(111104K)->0K(111104K)
[158.093s][info][gc,heap        ] GC(504) ParOldGen: 667440K(667648K)->667440K(667648K)
[158.093s][info][gc,metaspace   ] GC(504) Metaspace: 18292K(18496K)->18292K(18496K) NonClass: 15631K(15744K)->15631K(15744K) Class: 2661K(2752K)->2661K(2752K)
[158.093s][info][gc             ] GC(504) Pause Full (Allocation Failure) 760M->669M(869M) 1228.871ms
[158.093s][info][gc,cpu         ] GC(504) User=2.39s Sys=0.00s Real=1.23s
[158.212s][info][gc,start       ] GC(505) Pause Full (Allocation Failure)
[158.213s][info][gc,phases,start] GC(505) Marking Phase
[158.738s][info][gc,phases      ] GC(505) Marking Phase 525.331ms
[158.738s][info][gc,phases,start] GC(505) Summary Phase
[158.738s][info][gc,phases      ] GC(505) Summary Phase 0.024ms
[158.738s][info][gc,phases,start] GC(505) Forward
[158.753s][info][gc,phases      ] GC(505) Forward 15.212ms
[158.753s][info][gc,phases,start] GC(505) Adjust Pointers
[159.109s][info][gc,phases      ] GC(505) Adjust Pointers 355.427ms
[159.109s][info][gc,phases,start] GC(505) Compaction Phase
[159.263s][info][gc,phases      ] GC(505) Compaction Phase 154.096ms
[159.263s][info][gc,phases,start] GC(505) Post Compact
[159.265s][info][gc,phases      ] GC(505) Post Compact 2.184ms
[159.265s][info][gc,heap        ] GC(505) PSYoungGen: 111616K(222720K)->29264K(222720K) Eden: 111616K(111616K)->29264K(111616K) From: 0K(111104K)->0K(111104K)
[159.265s][info][gc,heap        ] GC(505) ParOldGen: 667440K(667648K)->667440K(667648K)
[159.265s][info][gc,metaspace   ] GC(505) Metaspace: 18294K(18496K)->18294K(18496K) NonClass: 15633K(15744K)->15633K(15744K) Class: 2661K(2752K)->2661K(2752K)
[159.265s][info][gc             ] GC(505) Pause Full (Allocation Failure) 760M->680M(869M) 1052.679ms
[159.265s][info][gc,cpu         ] GC(505) User=2.06s Sys=0.00s Real=1.05s
[159.353s][info][gc,start       ] GC(506) Pause Full (Allocation Failure)
[159.353s][info][gc,phases,start] GC(506) Marking Phase
[159.883s][info][gc,phases      ] GC(506) Marking Phase 530.312ms
[159.883s][info][gc,phases,start] GC(506) Summary Phase
[159.883s][info][gc,phases      ] GC(506) Summary Phase 0.023ms
[159.883s][info][gc,phases,start] GC(506) Forward
[159.899s][info][gc,phases      ] GC(506) Forward 16.296ms
[159.900s][info][gc,phases,start] GC(506) Adjust Pointers
[160.256s][info][gc,phases      ] GC(506) Adjust Pointers 356.523ms
[160.256s][info][gc,phases,start] GC(506) Compaction Phase
[160.409s][info][gc,phases      ] GC(506) Compaction Phase 152.585ms
[160.409s][info][gc,phases,start] GC(506) Post Compact
[160.411s][info][gc,phases      ] GC(506) Post Compact 2.239ms
[160.411s][info][gc,heap        ] GC(506) PSYoungGen: 111616K(222720K)->31625K(222720K) Eden: 111616K(111616K)->31625K(111616K) From: 0K(111104K)->0K(111104K)
[160.411s][info][gc,heap        ] GC(506) ParOldGen: 667440K(667648K)->667440K(667648K)
[160.411s][info][gc,metaspace   ] GC(506) Metaspace: 18297K(18496K)->18297K(18496K) NonClass: 15636K(15744K)->15636K(15744K) Class: 2661K(2752K)->2661K(2752K)
[160.411s][info][gc             ] GC(506) Pause Full (Allocation Failure) 760M->682M(869M) 1058.411ms
[160.411s][info][gc,cpu         ] GC(506) User=2.06s Sys=0.00s Real=1.06s
[160.500s][info][gc,start       ] GC(507) Pause Full (Allocation Failure)
[160.500s][info][gc,phases,start] GC(507) Marking Phase
[161.031s][info][gc,phases      ] GC(507) Marking Phase 530.608ms
[161.031s][info][gc,phases,start] GC(507) Summary Phase
[161.031s][info][gc,phases      ] GC(507) Summary Phase 0.022ms
[161.031s][info][gc,phases,start] GC(507) Forward
[161.048s][info][gc,phases      ] GC(507) Forward 16.926ms
[161.048s][info][gc,phases,start] GC(507) Adjust Pointers
[161.405s][info][gc,phases      ] GC(507) Adjust Pointers 357.244ms
[161.405s][info][gc,phases,start] GC(507) Compaction Phase
[161.557s][info][gc,phases      ] GC(507) Compaction Phase 152.031ms
[161.557s][info][gc,phases,start] GC(507) Post Compact
[161.559s][info][gc,phases      ] GC(507) Post Compact 2.205ms
[161.559s][info][gc,heap        ] GC(507) PSYoungGen: 111616K(222720K)->31952K(222720K) Eden: 111616K(111616K)->31952K(111616K) From: 0K(111104K)->0K(111104K)
[161.559s][info][gc,heap        ] GC(507) ParOldGen: 667440K(667648K)->667440K(667648K)
[161.559s][info][gc,metaspace   ] GC(507) Metaspace: 18297K(18496K)->18297K(18496K) NonClass: 15636K(15744K)->15636K(15744K) Class: 2661K(2752K)->2661K(2752K)
[161.559s][info][gc             ] GC(507) Pause Full (Allocation Failure) 760M->683M(869M) 1059.451ms
[161.559s][info][gc,cpu         ] GC(507) User=2.07s Sys=0.01s Real=1.06s
[161.675s][info][gc,start       ] GC(508) Pause Full (Allocation Failure)
[161.675s][info][gc,phases,start] GC(508) Marking Phase
[162.212s][info][gc,phases      ] GC(508) Marking Phase 536.270ms
[162.212s][info][gc,phases,start] GC(508) Summary Phase
[162.212s][info][gc,phases      ] GC(508) Summary Phase 0.024ms
[162.212s][info][gc,phases,start] GC(508) Forward
[162.229s][info][gc,phases      ] GC(508) Forward 17.362ms
[162.229s][info][gc,phases,start] GC(508) Adjust Pointers
[162.590s][info][gc,phases      ] GC(508) Adjust Pointers 361.317ms
[162.591s][info][gc,phases,start] GC(508) Compaction Phase
[162.742s][info][gc,phases      ] GC(508) Compaction Phase 151.750ms
[162.742s][info][gc,phases,start] GC(508) Post Compact
[162.745s][info][gc,phases      ] GC(508) Post Compact 2.245ms
[162.745s][info][gc,heap        ] GC(508) PSYoungGen: 111616K(222720K)->34555K(222720K) Eden: 111616K(111616K)->34555K(111616K) From: 0K(111104K)->0K(111104K)
[162.745s][info][gc,heap        ] GC(508) ParOldGen: 667440K(667648K)->667440K(667648K)
[162.745s][info][gc,metaspace   ] GC(508) Metaspace: 18299K(18496K)->18299K(18496K) NonClass: 15638K(15744K)->15638K(15744K) Class: 2661K(2752K)->2661K(2752K)
[162.745s][info][gc             ] GC(508) Pause Full (Allocation Failure) 760M->685M(869M) 1069.407ms
[162.745s][info][gc,cpu         ] GC(508) User=2.09s Sys=0.00s Real=1.07s
[162.827s][info][gc,start       ] GC(509) Pause Full (Allocation Failure)
[162.827s][info][gc,phases,start] GC(509) Marking Phase
[163.359s][info][gc,phases      ] GC(509) Marking Phase 531.138ms
[163.359s][info][gc,phases,start] GC(509) Summary Phase
[163.359s][info][gc,phases      ] GC(509) Summary Phase 0.026ms
[163.359s][info][gc,phases,start] GC(509) Forward
[163.510s][info][gc,phases      ] GC(509) Forward 151.866ms
[163.511s][info][gc,phases,start] GC(509) Adjust Pointers
[163.931s][info][gc,phases      ] GC(509) Adjust Pointers 420.112ms
[163.931s][info][gc,phases,start] GC(509) Compaction Phase
[164.118s][info][gc,phases      ] GC(509) Compaction Phase 186.977ms
[164.134s][info][gc,phases,start] GC(509) Post Compact
[164.137s][info][gc,phases      ] GC(509) Post Compact 2.307ms
[164.137s][info][gc,heap        ] GC(509) PSYoungGen: 111616K(222720K)->34629K(222720K) Eden: 111616K(111616K)->34629K(111616K) From: 0K(111104K)->0K(111104K)
[164.137s][info][gc,heap        ] GC(509) ParOldGen: 667440K(667648K)->667439K(667648K)
[164.137s][info][gc,metaspace   ] GC(509) Metaspace: 18300K(18496K)->18300K(18496K) NonClass: 15639K(15744K)->15639K(15744K) Class: 2661K(2752K)->2661K(2752K)
[164.137s][info][gc             ] GC(509) Pause Full (Allocation Failure) 760M->685M(869M) 1309.307ms
[164.137s][info][gc,cpu         ] GC(509) User=2.57s Sys=0.00s Real=1.31s
[164.189s][info][gc,start       ] GC(510) Pause Full (Allocation Failure)
[164.189s][info][gc,phases,start] GC(510) Marking Phase
[164.726s][info][gc,phases      ] GC(510) Marking Phase 537.325ms
[164.726s][info][gc,phases,start] GC(510) Summary Phase
[164.726s][info][gc,phases      ] GC(510) Summary Phase 0.025ms
[164.726s][info][gc,phases,start] GC(510) Forward
[164.744s][info][gc,phases      ] GC(510) Forward 17.911ms
[164.744s][info][gc,phases,start] GC(510) Adjust Pointers
[165.100s][info][gc,phases      ] GC(510) Adjust Pointers 355.463ms
[165.100s][info][gc,phases,start] GC(510) Compaction Phase
[165.251s][info][gc,phases      ] GC(510) Compaction Phase 151.578ms
[165.251s][info][gc,phases,start] GC(510) Post Compact
[165.253s][info][gc,phases      ] GC(510) Post Compact 2.229ms
[165.254s][info][gc,heap        ] GC(510) PSYoungGen: 111616K(222720K)->34629K(222720K) Eden: 111616K(111616K)->34629K(111616K) From: 0K(111104K)->0K(111104K)
[165.254s][info][gc,heap        ] GC(510) ParOldGen: 667439K(667648K)->667439K(667648K)
[165.254s][info][gc,metaspace   ] GC(510) Metaspace: 18300K(18496K)->18300K(18496K) NonClass: 15639K(15744K)->15639K(15744K) Class: 2661K(2752K)->2661K(2752K)
[165.254s][info][gc             ] GC(510) Pause Full (Allocation Failure) 760M->685M(869M) 1064.939ms
[165.254s][info][gc,cpu         ] GC(510) User=2.08s Sys=0.00s Real=1.07s
[165.300s][info][gc,start       ] GC(511) Pause Full (Allocation Failure)
[165.300s][info][gc,phases,start] GC(511) Marking Phase
[165.832s][info][gc,phases      ] GC(511) Marking Phase 531.211ms
[165.832s][info][gc,phases,start] GC(511) Summary Phase
[165.832s][info][gc,phases      ] GC(511) Summary Phase 0.022ms
[165.832s][info][gc,phases,start] GC(511) Forward
[165.850s][info][gc,phases      ] GC(511) Forward 18.563ms
[165.850s][info][gc,phases,start] GC(511) Adjust Pointers
[166.204s][info][gc,phases      ] GC(511) Adjust Pointers 354.157ms
[166.204s][info][gc,phases,start] GC(511) Compaction Phase
[166.356s][info][gc,phases      ] GC(511) Compaction Phase 151.656ms
[166.356s][info][gc,phases,start] GC(511) Post Compact
[166.358s][info][gc,phases      ] GC(511) Post Compact 2.205ms
[166.358s][info][gc,heap        ] GC(511) PSYoungGen: 111616K(222720K)->34631K(222720K) Eden: 111616K(111616K)->34631K(111616K) From: 0K(111104K)->0K(111104K)
[166.358s][info][gc,heap        ] GC(511) ParOldGen: 667439K(667648K)->667439K(667648K)
[166.358s][info][gc,metaspace   ] GC(511) Metaspace: 18300K(18496K)->18300K(18496K) NonClass: 15639K(15744K)->15639K(15744K) Class: 2661K(2752K)->2661K(2752K)
[166.358s][info][gc             ] GC(511) Pause Full (Allocation Failure) 760M->685M(869M) 1058.188ms
[166.358s][info][gc,cpu         ] GC(511) User=2.06s Sys=0.00s Real=1.06s
[166.448s][info][gc,start       ] GC(512) Pause Full (Allocation Failure)
[166.448s][info][gc,phases,start] GC(512) Marking Phase
[166.994s][info][gc,phases      ] GC(512) Marking Phase 545.620ms
[166.994s][info][gc,phases,start] GC(512) Summary Phase
[166.994s][info][gc,phases      ] GC(512) Summary Phase 0.025ms
[166.994s][info][gc,phases,start] GC(512) Forward
[167.013s][info][gc,phases      ] GC(512) Forward 19.259ms
[167.013s][info][gc,phases,start] GC(512) Adjust Pointers
[167.373s][info][gc,phases      ] GC(512) Adjust Pointers 360.027ms
[167.373s][info][gc,phases,start] GC(512) Compaction Phase
[167.526s][info][gc,phases      ] GC(512) Compaction Phase 152.921ms
[167.526s][info][gc,phases,start] GC(512) Post Compact
[167.529s][info][gc,phases      ] GC(512) Post Compact 2.241ms
[167.529s][info][gc,heap        ] GC(512) PSYoungGen: 111616K(222720K)->39239K(222720K) Eden: 111616K(111616K)->39239K(111616K) From: 0K(111104K)->0K(111104K)
[167.529s][info][gc,heap        ] GC(512) ParOldGen: 667439K(667648K)->667439K(667648K)
[167.529s][info][gc,metaspace   ] GC(512) Metaspace: 18300K(18496K)->18300K(18496K) NonClass: 15639K(15744K)->15639K(15744K) Class: 2661K(2752K)->2661K(2752K)
[167.529s][info][gc             ] GC(512) Pause Full (Allocation Failure) 760M->690M(869M) 1080.578ms
[167.529s][info][gc,cpu         ] GC(512) User=2.11s Sys=0.00s Real=1.08s
[167.640s][info][gc,start       ] GC(513) Pause Full (Allocation Failure)
[167.641s][info][gc,phases,start] GC(513) Marking Phase
[168.177s][info][gc,phases      ] GC(513) Marking Phase 536.356ms
[168.177s][info][gc,phases,start] GC(513) Summary Phase
[168.177s][info][gc,phases      ] GC(513) Summary Phase 0.023ms
[168.177s][info][gc,phases,start] GC(513) Forward
[168.199s][info][gc,phases      ] GC(513) Forward 22.485ms
[168.200s][info][gc,phases,start] GC(513) Adjust Pointers
[168.565s][info][gc,phases      ] GC(513) Adjust Pointers 365.280ms
[168.565s][info][gc,phases,start] GC(513) Compaction Phase
[168.727s][info][gc,phases      ] GC(513) Compaction Phase 162.075ms
[168.727s][info][gc,phases,start] GC(513) Post Compact
[168.729s][info][gc,phases      ] GC(513) Post Compact 2.175ms
[168.729s][info][gc,heap        ] GC(513) PSYoungGen: 111616K(222720K)->41242K(222720K) Eden: 111616K(111616K)->41242K(111616K) From: 0K(111104K)->0K(111104K)
[168.729s][info][gc,heap        ] GC(513) ParOldGen: 667439K(667648K)->667439K(667648K)
[168.729s][info][gc,metaspace   ] GC(513) Metaspace: 18300K(18496K)->18300K(18496K) NonClass: 15639K(15744K)->15639K(15744K) Class: 2661K(2752K)->2661K(2752K)
[168.729s][info][gc             ] GC(513) Pause Full (Allocation Failure) 760M->692M(869M) 1088.774ms
[168.729s][info][gc,cpu         ] GC(513) User=2.12s Sys=0.00s Real=1.08s
[168.803s][info][gc,start       ] GC(514) Pause Full (Allocation Failure)
[168.803s][info][gc,phases,start] GC(514) Marking Phase
[169.340s][info][gc,phases      ] GC(514) Marking Phase 536.827ms
[169.340s][info][gc,phases,start] GC(514) Summary Phase
[169.340s][info][gc,phases      ] GC(514) Summary Phase 0.023ms
[169.340s][info][gc,phases,start] GC(514) Forward
[169.362s][info][gc,phases      ] GC(514) Forward 22.127ms
[169.362s][info][gc,phases,start] GC(514) Adjust Pointers
[169.717s][info][gc,phases      ] GC(514) Adjust Pointers 355.448ms
[169.717s][info][gc,phases,start] GC(514) Compaction Phase
[169.871s][info][gc,phases      ] GC(514) Compaction Phase 153.159ms
[169.871s][info][gc,phases,start] GC(514) Post Compact
[169.873s][info][gc,phases      ] GC(514) Post Compact 2.200ms
[169.873s][info][gc,heap        ] GC(514) PSYoungGen: 111616K(222720K)->42121K(222720K) Eden: 111616K(111616K)->42121K(111616K) From: 0K(111104K)->0K(111104K)
[169.873s][info][gc,heap        ] GC(514) ParOldGen: 667439K(667648K)->667439K(667648K)
[169.873s][info][gc,metaspace   ] GC(514) Metaspace: 18305K(18496K)->18305K(18496K) NonClass: 15644K(15744K)->15644K(15744K) Class: 2661K(2752K)->2661K(2752K)
[169.873s][info][gc             ] GC(514) Pause Full (Allocation Failure) 760M->692M(869M) 1070.173ms
[169.873s][info][gc,cpu         ] GC(514) User=2.08s Sys=0.00s Real=1.07s
[169.994s][info][gc,start       ] GC(515) Pause Full (Allocation Failure)
[169.994s][info][gc,phases,start] GC(515) Marking Phase
[170.531s][info][gc,phases      ] GC(515) Marking Phase 536.479ms
[170.531s][info][gc,phases,start] GC(515) Summary Phase
[170.531s][info][gc,phases      ] GC(515) Summary Phase 0.022ms
[170.531s][info][gc,phases,start] GC(515) Forward
[170.553s][info][gc,phases      ] GC(515) Forward 21.916ms
[170.553s][info][gc,phases,start] GC(515) Adjust Pointers
[170.907s][info][gc,phases      ] GC(515) Adjust Pointers 354.193ms
[170.907s][info][gc,phases,start] GC(515) Compaction Phase
[171.060s][info][gc,phases      ] GC(515) Compaction Phase 152.747ms
[171.060s][info][gc,phases,start] GC(515) Post Compact
[171.062s][info][gc,phases      ] GC(515) Post Compact 2.198ms
[171.062s][info][gc,heap        ] GC(515) PSYoungGen: 111616K(222720K)->42166K(222720K) Eden: 111616K(111616K)->42166K(111616K) From: 0K(111104K)->0K(111104K)
[171.062s][info][gc,heap        ] GC(515) ParOldGen: 667439K(667648K)->667439K(667648K)
[171.062s][info][gc,metaspace   ] GC(515) Metaspace: 18305K(18496K)->18305K(18496K) NonClass: 15644K(15744K)->15644K(15744K) Class: 2661K(2752K)->2661K(2752K)
[171.062s][info][gc             ] GC(515) Pause Full (Allocation Failure) 760M->692M(869M) 1067.974ms
[171.062s][info][gc,cpu         ] GC(515) User=2.08s Sys=0.00s Real=1.07s
[171.339s][info][gc,start       ] GC(516) Pause Full (Allocation Failure)
[171.339s][info][gc,phases,start] GC(516) Marking Phase
[171.755s][info][gc,phases      ] GC(516) Marking Phase 416.525ms
[171.755s][info][gc,phases,start] GC(516) Summary Phase
[171.755s][info][gc,phases      ] GC(516) Summary Phase 0.025ms
[171.755s][info][gc,phases,start] GC(516) Forward
[171.900s][info][gc,phases      ] GC(516) Forward 144.368ms
[171.900s][info][gc,phases,start] GC(516) Adjust Pointers
[172.217s][info][gc,phases      ] GC(516) Adjust Pointers 317.497ms
[172.217s][info][gc,phases,start] GC(516) Compaction Phase
[172.412s][info][gc,phases      ] GC(516) Compaction Phase 194.904ms
[172.424s][info][gc,phases,start] GC(516) Post Compact
[172.426s][info][gc,phases      ] GC(516) Post Compact 2.272ms
[172.426s][info][gc,heap        ] GC(516) PSYoungGen: 111616K(222720K)->0K(222720K) Eden: 111616K(111616K)->0K(111616K) From: 0K(111104K)->0K(111104K)
[172.426s][info][gc,heap        ] GC(516) ParOldGen: 667439K(667648K)->578953K(667648K)
[172.426s][info][gc,metaspace   ] GC(516) Metaspace: 18308K(18496K)->18308K(18496K) NonClass: 15647K(15744K)->15647K(15744K) Class: 2661K(2752K)->2661K(2752K)
[172.426s][info][gc             ] GC(516) Pause Full (Allocation Failure) 760M->565M(869M) 1087.214ms
[172.426s][info][gc,cpu         ] GC(516) User=2.08s Sys=0.00s Real=1.09s
[172.668s][info][gc,start       ] GC(517) Pause Young (Allocation Failure)
[172.670s][info][gc,heap        ] GC(517) PSYoungGen: 111616K(222720K)->120K(222720K) Eden: 111616K(111616K)->0K(111616K) From: 0K(111104K)->120K(111104K)
[172.670s][info][gc,heap        ] GC(517) ParOldGen: 578953K(667648K)->578953K(667648K)
[172.670s][info][gc,metaspace   ] GC(517) Metaspace: 18310K(18496K)->18310K(18496K) NonClass: 15649K(15744K)->15649K(15744K) Class: 2661K(2752K)->2661K(2752K)
[172.670s][info][gc             ] GC(517) Pause Young (Allocation Failure) 674M->565M(869M) 2.000ms
[172.670s][info][gc,cpu         ] GC(517) User=0.01s Sys=0.00s Real=0.00s
[172.843s][info][gc,start       ] GC(518) Pause Young (Allocation Failure)
[172.865s][info][gc,heap        ] GC(518) PSYoungGen: 111736K(222720K)->21280K(222720K) Eden: 111616K(111616K)->0K(111616K) From: 120K(111104K)->21280K(111104K)
[172.865s][info][gc,heap        ] GC(518) ParOldGen: 578953K(667648K)->579057K(667648K)
[172.865s][info][gc,metaspace   ] GC(518) Metaspace: 18310K(18496K)->18310K(18496K) NonClass: 15649K(15744K)->15649K(15744K) Class: 2661K(2752K)->2661K(2752K)
[172.865s][info][gc             ] GC(518) Pause Young (Allocation Failure) 674M->586M(869M) 22.489ms
[172.865s][info][gc,cpu         ] GC(518) User=0.05s Sys=0.00s Real=0.02s
[173.082s][info][gc,start       ] GC(519) Pause Young (Allocation Failure)
[173.105s][info][gc,heap        ] GC(519) PSYoungGen: 132896K(222720K)->32K(221696K) Eden: 111616K(111616K)->0K(111616K) From: 21280K(111104K)->32K(110080K)
[173.105s][info][gc,heap        ] GC(519) ParOldGen: 579057K(667648K)->600377K(667648K)
[173.105s][info][gc,metaspace   ] GC(519) Metaspace: 18310K(18496K)->18310K(18496K) NonClass: 15649K(15744K)->15649K(15744K) Class: 2661K(2752K)->2661K(2752K)
[173.105s][info][gc             ] GC(519) Pause Young (Allocation Failure) 695M->586M(868M) 22.773ms
[173.105s][info][gc,cpu         ] GC(519) User=0.04s Sys=0.00s Real=0.02s
[173.315s][info][gc,start       ] GC(520) Pause Young (Allocation Failure)
[173.317s][info][gc,heap        ] GC(520) PSYoungGen: 111648K(221696K)->64K(112128K) Eden: 111616K(111616K)->0K(111616K) From: 32K(110080K)->64K(512K)
[173.317s][info][gc,heap        ] GC(520) ParOldGen: 600377K(667648K)->600377K(667648K)
[173.317s][info][gc,metaspace   ] GC(520) Metaspace: 18310K(18496K)->18310K(18496K) NonClass: 15649K(15744K)->15649K(15744K) Class: 2661K(2752K)->2661K(2752K)
[173.317s][info][gc             ] GC(520) Pause Young (Allocation Failure) 695M->586M(761M) 2.214ms
[173.317s][info][gc,cpu         ] GC(520) User=0.00s Sys=0.00s Real=0.00s
[174.293s][info][gc,start       ] GC(521) Pause Young (Allocation Failure)
[174.297s][info][gc,heap        ] GC(521) PSYoungGen: 111680K(112128K)->484K(215552K) Eden: 111616K(111616K)->0K(114176K) From: 64K(512K)->484K(101376K)
[174.297s][info][gc,heap        ] GC(521) ParOldGen: 600377K(667648K)->600377K(667648K)
[174.297s][info][gc,metaspace   ] GC(521) Metaspace: 18310K(18496K)->18310K(18496K) NonClass: 15649K(15744K)->15649K(15744K) Class: 2661K(2752K)->2661K(2752K)
[174.297s][info][gc             ] GC(521) Pause Young (Allocation Failure) 695M->586M(862M) 3.973ms
[174.297s][info][gc,cpu         ] GC(521) User=0.01s Sys=0.00s Real=0.00s
[174.812s][info][gc,start       ] GC(522) Pause Young (Allocation Failure)
[174.816s][info][gc,heap        ] GC(522) PSYoungGen: 114660K(215552K)->900K(115200K) Eden: 114176K(114176K)->0K(114176K) From: 484K(101376K)->900K(1024K)
[174.816s][info][gc,heap        ] GC(522) ParOldGen: 600377K(667648K)->600377K(667648K)
[174.816s][info][gc,metaspace   ] GC(522) Metaspace: 18311K(18496K)->18311K(18496K) NonClass: 15650K(15744K)->15650K(15744K) Class: 2661K(2752K)->2661K(2752K)
[174.816s][info][gc             ] GC(522) Pause Young (Allocation Failure) 698M->587M(764M) 3.625ms
[174.816s][info][gc,cpu         ] GC(522) User=0.01s Sys=0.00s Real=0.00s
[175.507s][info][gc,start       ] GC(523) Pause Young (Allocation Failure)
[175.512s][info][gc,heap        ] GC(523) PSYoungGen: 114976K(115200K)->2350K(206336K) Eden: 114075K(114176K)->0K(115712K) From: 900K(1024K)->2350K(90624K)
[175.512s][info][gc,heap        ] GC(523) ParOldGen: 600377K(667648K)->600377K(667648K)
[175.512s][info][gc,metaspace   ] GC(523) Metaspace: 18337K(18560K)->18337K(18560K) NonClass: 15676K(15808K)->15676K(15808K) Class: 2661K(2752K)->2661K(2752K)
[175.512s][info][gc             ] GC(523) Pause Young (Allocation Failure) 698M->588M(853M) 5.539ms
[175.512s][info][gc,cpu         ] GC(523) User=0.01s Sys=0.00s Real=0.01s
[175.798s][info][gc,start       ] GC(524) Pause Young (Allocation Failure)
[175.803s][info][gc,heap        ] GC(524) PSYoungGen: 118032K(206336K)->2453K(118272K) Eden: 115682K(115712K)->0K(115712K) From: 2350K(90624K)->2453K(2560K)
[175.803s][info][gc,heap        ] GC(524) ParOldGen: 600377K(667648K)->600385K(667648K)
[175.803s][info][gc,metaspace   ] GC(524) Metaspace: 18350K(18560K)->18350K(18560K) NonClass: 15689K(15808K)->15689K(15808K) Class: 2661K(2752K)->2661K(2752K)
[175.804s][info][gc             ] GC(524) Pause Young (Allocation Failure) 701M->588M(767M) 5.461ms
[175.804s][info][gc,cpu         ] GC(524) User=0.01s Sys=0.00s Real=0.01s
[176.082s][info][gc,start       ] GC(525) Pause Young (Allocation Failure)
[176.088s][info][gc,heap        ] GC(525) PSYoungGen: 118113K(118272K)->2614K(198144K) Eden: 115660K(115712K)->0K(116736K) From: 2453K(2560K)->2614K(81408K)
[176.088s][info][gc,heap        ] GC(525) ParOldGen: 600385K(667648K)->600393K(667648K)
[176.088s][info][gc,metaspace   ] GC(525) Metaspace: 18422K(18624K)->18422K(18624K) NonClass: 15761K(15872K)->15761K(15872K) Class: 2661K(2752K)->2661K(2752K)
[176.088s][info][gc             ] GC(525) Pause Young (Allocation Failure) 701M->588M(845M) 5.888ms
[176.088s][info][gc,cpu         ] GC(525) User=0.01s Sys=0.00s Real=0.00s
[176.334s][info][gc,start       ] GC(526) Pause Young (Allocation Failure)
[176.347s][info][gc,heap        ] GC(526) PSYoungGen: 119350K(198144K)->11636K(128512K) Eden: 116736K(116736K)->0K(116736K) From: 2614K(81408K)->11636K(11776K)
[176.347s][info][gc,heap        ] GC(526) ParOldGen: 600393K(667648K)->600401K(667648K)
[176.347s][info][gc,metaspace   ] GC(526) Metaspace: 18428K(18624K)->18428K(18624K) NonClass: 15767K(15872K)->15767K(15872K) Class: 2661K(2752K)->2661K(2752K)
[176.347s][info][gc             ] GC(526) Pause Young (Allocation Failure) 702M->597M(777M) 13.143ms
[176.347s][info][gc,cpu         ] GC(526) User=0.02s Sys=0.00s Real=0.01s
[176.452s][info][gc,start       ] GC(527) Pause Young (Allocation Failure)
[176.504s][info][gc,heap        ] GC(527) PSYoungGen: 128372K(128512K)->62116K(187392K) Eden: 116736K(116736K)->0K(107008K) From: 11636K(11776K)->62116K(80384K)
[176.504s][info][gc,heap        ] GC(527) ParOldGen: 600401K(667648K)->600401K(667648K)
[176.504s][info][gc,metaspace   ] GC(527) Metaspace: 18450K(18688K)->18450K(18688K) NonClass: 15789K(15936K)->15789K(15936K) Class: 2661K(2752K)->2661K(2752K)
[176.504s][info][gc             ] GC(527) Pause Young (Allocation Failure) 711M->646M(835M) 52.094ms
[176.504s][info][gc,cpu         ] GC(527) User=0.10s Sys=0.00s Real=0.05s
[176.592s][info][gc,start       ] GC(528) Pause Young (Allocation Failure)
[176.658s][info][gc,heap        ] GC(528) PSYoungGen: 169124K(187392K)->91124K(198144K) Eden: 107008K(107008K)->0K(107008K) From: 62116K(80384K)->91124K(91136K)
[176.658s][info][gc,heap        ] GC(528) ParOldGen: 600401K(667648K)->601321K(667648K)
[176.658s][info][gc,metaspace   ] GC(528) Metaspace: 18465K(18688K)->18465K(18688K) NonClass: 15804K(15936K)->15804K(15936K) Class: 2661K(2752K)->2661K(2752K)
[176.658s][info][gc             ] GC(528) Pause Young (Allocation Failure) 751M->676M(845M) 65.935ms
[176.658s][info][gc,cpu         ] GC(528) User=0.13s Sys=0.00s Real=0.06s
[176.769s][info][gc,start       ] GC(529) Pause Young (Allocation Failure)
[176.882s][info][gc,heap        ] GC(529) PSYoungGen: 198132K(198144K)->110580K(221184K) Eden: 107008K(107008K)->0K(110592K) From: 91124K(91136K)->110580K(110592K)
[176.882s][info][gc,heap        ] GC(529) ParOldGen: 601321K(667648K)->615803K(667648K)
[176.882s][info][gc,metaspace   ] GC(529) Metaspace: 18465K(18688K)->18465K(18688K) NonClass: 15804K(15936K)->15804K(15936K) Class: 2661K(2752K)->2661K(2752K)
[176.882s][info][gc             ] GC(529) Pause Young (Allocation Failure) 780M->709M(868M) 112.768ms
[176.882s][info][gc,cpu         ] GC(529) User=0.18s Sys=0.04s Real=0.12s
[177.051s][info][gc,start       ] GC(530) Pause Young (Allocation Failure)
[177.167s][info][gc,heap        ] GC(530) PSYoungGen: 221172K(221184K)->111088K(221696K) Eden: 110592K(110592K)->0K(110592K) From: 110580K(110592K)->111088K(111104K)
[177.167s][info][gc,heap        ] GC(530) ParOldGen: 615803K(667648K)->658623K(667648K)
[177.167s][info][gc,metaspace   ] GC(530) Metaspace: 18465K(18688K)->18465K(18688K) NonClass: 15804K(15936K)->15804K(15936K) Class: 2661K(2752K)->2661K(2752K)
[177.167s][info][gc             ] GC(530) Pause Young (Allocation Failure) 817M->751M(868M) 116.207ms
[177.167s][info][gc,cpu         ] GC(530) User=0.23s Sys=0.01s Real=0.11s
[177.285s][info][gc,start       ] GC(531) Pause Full (Allocation Failure)
[177.285s][info][gc,phases,start] GC(531) Marking Phase
[177.414s][info][gc,phases      ] GC(531) Marking Phase 129.787ms
[177.415s][info][gc,phases,start] GC(531) Summary Phase
[177.415s][info][gc,phases      ] GC(531) Summary Phase 0.028ms
[177.415s][info][gc,phases,start] GC(531) Forward
[177.457s][info][gc,phases      ] GC(531) Forward 42.836ms
[177.457s][info][gc,phases,start] GC(531) Adjust Pointers
[177.549s][info][gc,phases      ] GC(531) Adjust Pointers 91.307ms
[177.549s][info][gc,phases,start] GC(531) Compaction Phase
[177.604s][info][gc,phases      ] GC(531) Compaction Phase 54.698ms
[177.606s][info][gc,phases,start] GC(531) Post Compact
[177.609s][info][gc,phases      ] GC(531) Post Compact 2.461ms
[177.619s][info][gc,heap        ] GC(531) PSYoungGen: 221680K(221696K)->0K(222720K) Eden: 110592K(110592K)->0K(111616K) From: 111088K(111104K)->0K(111104K)
[177.619s][info][gc,heap        ] GC(531) ParOldGen: 658623K(667648K)->219375K(536576K)
[177.619s][info][gc,metaspace   ] GC(531) Metaspace: 18465K(18688K)->18465K(18688K) NonClass: 15804K(15936K)->15804K(15936K) Class: 2661K(2752K)->2661K(2752K)
[177.619s][info][gc             ] GC(531) Pause Full (Allocation Failure) 859M->214M(741M) 334.510ms
[177.619s][info][gc,cpu         ] GC(531) User=0.61s Sys=0.01s Real=0.33s
[177.850s][info][gc,start       ] GC(532) Pause Young (Allocation Failure)
[177.881s][info][gc,heap        ] GC(532) PSYoungGen: 111616K(222720K)->21618K(222720K) Eden: 111616K(111616K)->0K(111616K) From: 0K(111104K)->21618K(111104K)
[177.881s][info][gc,heap        ] GC(532) ParOldGen: 219375K(536576K)->219375K(536576K)
[177.881s][info][gc,metaspace   ] GC(532) Metaspace: 18496K(18688K)->18496K(18688K) NonClass: 15834K(15936K)->15834K(15936K) Class: 2661K(2752K)->2661K(2752K)
[177.881s][info][gc             ] GC(532) Pause Young (Allocation Failure) 323M->235M(741M) 31.427ms
[177.881s][info][gc,cpu         ] GC(532) User=0.06s Sys=0.00s Real=0.04s
[178.037s][info][gc,start       ] GC(533) Pause Young (Allocation Failure)
[178.082s][info][gc,heap        ] GC(533) PSYoungGen: 133234K(222720K)->33554K(222720K) Eden: 111616K(111616K)->0K(111616K) From: 21618K(111104K)->33554K(111104K)
[178.082s][info][gc,heap        ] GC(533) ParOldGen: 219375K(536576K)->219375K(536576K)
[178.082s][info][gc,metaspace   ] GC(533) Metaspace: 18496K(18688K)->18496K(18688K) NonClass: 15834K(15936K)->15834K(15936K) Class: 2661K(2752K)->2661K(2752K)
[178.082s][info][gc             ] GC(533) Pause Young (Allocation Failure) 344M->247M(741M) 45.140ms
[178.082s][info][gc,cpu         ] GC(533) User=0.09s Sys=0.00s Real=0.05s
[178.197s][info][gc,start       ] GC(534) Pause Young (Allocation Failure)
[178.243s][info][gc,heap        ] GC(534) PSYoungGen: 145170K(222720K)->37330K(222720K) Eden: 111616K(111616K)->0K(111616K) From: 33554K(111104K)->37330K(111104K)
[178.243s][info][gc,heap        ] GC(534) ParOldGen: 219375K(536576K)->219375K(536576K)
[178.243s][info][gc,metaspace   ] GC(534) Metaspace: 18496K(18688K)->18496K(18688K) NonClass: 15835K(15936K)->15835K(15936K) Class: 2661K(2752K)->2661K(2752K)
[178.243s][info][gc             ] GC(534) Pause Young (Allocation Failure) 356M->250M(741M) 46.410ms
[178.243s][info][gc,cpu         ] GC(534) User=0.09s Sys=0.00s Real=0.05s
[178.335s][info][gc,start       ] GC(535) Pause Young (Allocation Failure)
[178.389s][info][gc,heap        ] GC(535) PSYoungGen: 148946K(222720K)->44466K(222720K) Eden: 111615K(111616K)->0K(111616K) From: 37330K(111104K)->44466K(111104K)
[178.389s][info][gc,heap        ] GC(535) ParOldGen: 219375K(536576K)->219375K(536576K)
[178.389s][info][gc,metaspace   ] GC(535) Metaspace: 18496K(18688K)->18496K(18688K) NonClass: 15835K(15936K)->15835K(15936K) Class: 2661K(2752K)->2661K(2752K)
[178.389s][info][gc             ] GC(535) Pause Young (Allocation Failure) 359M->257M(741M) 54.270ms
[178.389s][info][gc,cpu         ] GC(535) User=0.11s Sys=0.00s Real=0.05s
[178.478s][info][gc,start       ] GC(536) Pause Young (Allocation Failure)
[178.550s][info][gc,heap        ] GC(536) PSYoungGen: 156082K(222720K)->31296K(222720K) Eden: 111616K(111616K)->0K(111616K) From: 44466K(111104K)->31296K(111104K)
[178.550s][info][gc,heap        ] GC(536) ParOldGen: 219375K(536576K)->252916K(536576K)
[178.550s][info][gc,metaspace   ] GC(536) Metaspace: 18496K(18688K)->18496K(18688K) NonClass: 15835K(15936K)->15835K(15936K) Class: 2661K(2752K)->2661K(2752K)
[178.550s][info][gc             ] GC(536) Pause Young (Allocation Failure) 366M->277M(741M) 72.534ms
[178.551s][info][gc,cpu         ] GC(536) User=0.15s Sys=0.00s Real=0.08s
[178.611s][info][gc,start       ] GC(537) Pause Young (Allocation Failure)
[178.662s][info][gc,heap        ] GC(537) PSYoungGen: 142912K(222720K)->46320K(222720K) Eden: 111616K(111616K)->0K(111616K) From: 31296K(111104K)->46320K(111104K)
[178.662s][info][gc,heap        ] GC(537) ParOldGen: 252916K(536576K)->263892K(536576K)
[178.662s][info][gc,metaspace   ] GC(537) Metaspace: 18496K(18688K)->18496K(18688K) NonClass: 15835K(15936K)->15835K(15936K) Class: 2661K(2752K)->2661K(2752K)
[178.662s][info][gc             ] GC(537) Pause Young (Allocation Failure) 386M->302M(741M) 51.627ms
[178.662s][info][gc,cpu         ] GC(537) User=0.11s Sys=0.00s Real=0.05s
[178.790s][info][gc,start       ] GC(538) Pause Young (Allocation Failure)
[178.853s][info][gc,heap        ] GC(538) PSYoungGen: 157936K(222720K)->20515K(222720K) Eden: 111616K(111616K)->0K(111616K) From: 46320K(111104K)->20515K(111104K)
[178.853s][info][gc,heap        ] GC(538) ParOldGen: 263892K(536576K)->310442K(536576K)
[178.853s][info][gc,metaspace   ] GC(538) Metaspace: 18496K(18688K)->18496K(18688K) NonClass: 15835K(15936K)->15835K(15936K) Class: 2661K(2752K)->2661K(2752K)
[178.853s][info][gc             ] GC(538) Pause Young (Allocation Failure) 411M->323M(741M) 63.146ms
[178.853s][info][gc,cpu         ] GC(538) User=0.13s Sys=0.00s Real=0.07s
[178.948s][info][gc,start       ] GC(539) Pause Young (Allocation Failure)
[178.978s][info][gc,heap        ] GC(539) PSYoungGen: 132131K(222720K)->5376K(222720K) Eden: 111616K(111616K)->0K(111616K) From: 20515K(111104K)->5376K(111104K)
[178.978s][info][gc,heap        ] GC(539) ParOldGen: 310442K(536576K)->331041K(536576K)
[178.978s][info][gc,metaspace   ] GC(539) Metaspace: 18496K(18688K)->18496K(18688K) NonClass: 15835K(15936K)->15835K(15936K) Class: 2661K(2752K)->2661K(2752K)
[178.978s][info][gc             ] GC(539) Pause Young (Allocation Failure) 432M->328M(741M) 30.679ms
[178.978s][info][gc,cpu         ] GC(539) User=0.06s Sys=0.00s Real=0.03s
[179.094s][info][gc,start       ] GC(540) Pause Young (Allocation Failure)
[179.103s][info][gc,heap        ] GC(540) PSYoungGen: 116992K(222720K)->2400K(222720K) Eden: 111616K(111616K)->0K(111616K) From: 5376K(111104K)->2400K(111104K)
[179.103s][info][gc,heap        ] GC(540) ParOldGen: 331041K(536576K)->336393K(536576K)
[179.103s][info][gc,metaspace   ] GC(540) Metaspace: 18496K(18688K)->18496K(18688K) NonClass: 15835K(15936K)->15835K(15936K) Class: 2661K(2752K)->2661K(2752K)
[179.103s][info][gc             ] GC(540) Pause Young (Allocation Failure) 437M->330M(741M) 9.429ms
[179.103s][info][gc,cpu         ] GC(540) User=0.02s Sys=0.00s Real=0.01s
[179.201s][info][gc,start       ] GC(541) Pause Young (Allocation Failure)
[179.207s][info][gc,heap        ] GC(541) PSYoungGen: 114016K(222720K)->864K(222720K) Eden: 111616K(111616K)->0K(111616K) From: 2400K(111104K)->864K(111104K)
[179.208s][info][gc,heap        ] GC(541) ParOldGen: 336393K(536576K)->338793K(536576K)
[179.208s][info][gc,metaspace   ] GC(541) Metaspace: 18496K(18688K)->18496K(18688K) NonClass: 15835K(15936K)->15835K(15936K) Class: 2661K(2752K)->2661K(2752K)
[179.208s][info][gc             ] GC(541) Pause Young (Allocation Failure) 439M->331M(741M) 6.424ms
[179.208s][info][gc,cpu         ] GC(541) User=0.02s Sys=0.00s Real=0.00s
[179.280s][info][gc,start       ] GC(542) Pause Young (Allocation Failure)
[179.288s][info][gc,heap        ] GC(542) PSYoungGen: 112480K(222720K)->5472K(117248K) Eden: 111616K(111616K)->0K(111616K) From: 864K(111104K)->5472K(5632K)
[179.288s][info][gc,heap        ] GC(542) ParOldGen: 338793K(536576K)->338793K(536576K)
[179.288s][info][gc,metaspace   ] GC(542) Metaspace: 18496K(18688K)->18496K(18688K) NonClass: 15835K(15936K)->15835K(15936K) Class: 2661K(2752K)->2661K(2752K)
[179.288s][info][gc             ] GC(542) Pause Young (Allocation Failure) 440M->336M(638M) 7.869ms
[179.288s][info][gc,cpu         ] GC(542) User=0.01s Sys=0.00s Real=0.01s
[179.483s][info][gc,start       ] GC(543) Pause Young (Allocation Failure)
[179.493s][info][gc,heap        ] GC(543) PSYoungGen: 117088K(117248K)->7200K(219136K) Eden: 111616K(111616K)->0K(115712K) From: 5472K(5632K)->7200K(103424K)
[179.493s][info][gc,heap        ] GC(543) ParOldGen: 338793K(536576K)->338793K(536576K)
[179.493s][info][gc,metaspace   ] GC(543) Metaspace: 18496K(18688K)->18496K(18688K) NonClass: 15835K(15936K)->15835K(15936K) Class: 2661K(2752K)->2661K(2752K)
[179.493s][info][gc             ] GC(543) Pause Young (Allocation Failure) 445M->337M(738M) 9.358ms
[179.493s][info][gc,cpu         ] GC(543) User=0.02s Sys=0.00s Real=0.01s
[179.746s][info][gc,start       ] GC(544) Pause Young (Allocation Failure)
[179.777s][info][gc,heap        ] GC(544) PSYoungGen: 122912K(219136K)->29984K(145920K) Eden: 115712K(115712K)->0K(115712K) From: 7200K(103424K)->29984K(30208K)
[179.777s][info][gc,heap        ] GC(544) ParOldGen: 338793K(536576K)->338793K(536576K)
[179.777s][info][gc,metaspace   ] GC(544) Metaspace: 18496K(18688K)->18496K(18688K) NonClass: 15835K(15936K)->15835K(15936K) Class: 2661K(2752K)->2661K(2752K)
[179.778s][info][gc             ] GC(544) Pause Young (Allocation Failure) 450M->360M(666M) 31.705ms
[179.778s][info][gc,cpu         ] GC(544) User=0.06s Sys=0.00s Real=0.03s
[179.894s][info][gc,start       ] GC(545) Pause Young (Allocation Failure)
[179.957s][info][gc,heap        ] GC(545) PSYoungGen: 145696K(145920K)->70528K(206848K) Eden: 115712K(115712K)->0K(110080K) From: 29984K(30208K)->70528K(96768K)
[179.957s][info][gc,heap        ] GC(545) ParOldGen: 338793K(536576K)->338793K(536576K)
[179.957s][info][gc,metaspace   ] GC(545) Metaspace: 18497K(18688K)->18497K(18688K) NonClass: 15836K(15936K)->15836K(15936K) Class: 2661K(2752K)->2661K(2752K)
[179.957s][info][gc             ] GC(545) Pause Young (Allocation Failure) 473M->399M(726M) 62.715ms
[179.957s][info][gc,cpu         ] GC(545) User=0.12s Sys=0.00s Real=0.06s
[180.122s][info][gc,start       ] GC(546) Pause Young (Allocation Failure)
[180.201s][info][gc,heap        ] GC(546) PSYoungGen: 180608K(206848K)->85552K(216576K) Eden: 110080K(110080K)->0K(110080K) From: 70528K(96768K)->85552K(106496K)
[180.201s][info][gc,heap        ] GC(546) ParOldGen: 338793K(536576K)->338793K(536576K)
[180.201s][info][gc,metaspace   ] GC(546) Metaspace: 18498K(18688K)->18498K(18688K) NonClass: 15837K(15936K)->15837K(15936K) Class: 2661K(2752K)->2661K(2752K)
[180.201s][info][gc             ] GC(546) Pause Young (Allocation Failure) 507M->414M(735M) 79.140ms
[180.201s][info][gc,cpu         ] GC(546) User=0.16s Sys=0.00s Real=0.08s
[180.309s][info][gc,start       ] GC(547) Pause Young (Allocation Failure)
[180.393s][info][gc,heap        ] GC(547) PSYoungGen: 195632K(216576K)->83552K(222720K) Eden: 110080K(110080K)->0K(111616K) From: 85552K(106496K)->83552K(111104K)
[180.394s][info][gc,heap        ] GC(547) ParOldGen: 338793K(536576K)->344241K(536576K)
[180.394s][info][gc,metaspace   ] GC(547) Metaspace: 18498K(18688K)->18498K(18688K) NonClass: 15837K(15936K)->15837K(15936K) Class: 2661K(2752K)->2661K(2752K)
[180.394s][info][gc             ] GC(547) Pause Young (Allocation Failure) 521M->417M(741M) 84.099ms
[180.394s][info][gc,cpu         ] GC(547) User=0.17s Sys=0.00s Real=0.09s
[180.516s][info][gc,start       ] GC(548) Pause Young (Allocation Failure)
[180.592s][info][gc,heap        ] GC(548) PSYoungGen: 195168K(222720K)->60240K(222720K) Eden: 111616K(111616K)->0K(111616K) From: 83552K(111104K)->60240K(111104K)
[180.592s][info][gc,heap        ] GC(548) ParOldGen: 344241K(536576K)->368837K(536576K)
[180.592s][info][gc,metaspace   ] GC(548) Metaspace: 18498K(18688K)->18498K(18688K) NonClass: 15837K(15936K)->15837K(15936K) Class: 2661K(2752K)->2661K(2752K)
[180.592s][info][gc             ] GC(548) Pause Young (Allocation Failure) 526M->419M(741M) 75.366ms
[180.592s][info][gc,cpu         ] GC(548) User=0.15s Sys=0.00s Real=0.08s
[180.803s][info][gc,start       ] GC(549) Pause Young (Allocation Failure)
[180.857s][info][gc,heap        ] GC(549) PSYoungGen: 171856K(222720K)->4896K(222720K) Eden: 111616K(111616K)->0K(111616K) From: 60240K(111104K)->4896K(111104K)
[180.857s][info][gc,heap        ] GC(549) ParOldGen: 368837K(536576K)->424670K(536576K)
[180.857s][info][gc,metaspace   ] GC(549) Metaspace: 18498K(18688K)->18498K(18688K) NonClass: 15837K(15936K)->15837K(15936K) Class: 2661K(2752K)->2661K(2752K)
[180.857s][info][gc             ] GC(549) Pause Young (Allocation Failure) 528M->419M(741M) 54.706ms
[180.857s][info][gc,cpu         ] GC(549) User=0.11s Sys=0.01s Real=0.05s
[181.093s][info][gc,start       ] GC(550) Pause Young (Allocation Failure)
[181.101s][info][gc,heap        ] GC(550) PSYoungGen: 116512K(222720K)->288K(222720K) Eden: 111616K(111616K)->0K(111616K) From: 4896K(111104K)->288K(111104K)
[181.101s][info][gc,heap        ] GC(550) ParOldGen: 424670K(536576K)->429323K(536576K)
[181.101s][info][gc,metaspace   ] GC(550) Metaspace: 18498K(18688K)->18498K(18688K) NonClass: 15837K(15936K)->15837K(15936K) Class: 2661K(2752K)->2661K(2752K)
[181.101s][info][gc             ] GC(550) Pause Young (Allocation Failure) 528M->419M(741M) 7.708ms
[181.101s][info][gc,cpu         ] GC(550) User=0.01s Sys=0.00s Real=0.01s
[181.270s][info][gc,start       ] GC(551) Pause Young (Allocation Failure)
[181.308s][info][gc,heap        ] GC(551) PSYoungGen: 111904K(222720K)->39568K(222720K) Eden: 111616K(111616K)->0K(111616K) From: 288K(111104K)->39568K(111104K)
[181.308s][info][gc,heap        ] GC(551) ParOldGen: 429323K(536576K)->429547K(536576K)
[181.308s][info][gc,metaspace   ] GC(551) Metaspace: 18498K(18688K)->18498K(18688K) NonClass: 15837K(15936K)->15837K(15936K) Class: 2661K(2752K)->2661K(2752K)
[181.308s][info][gc             ] GC(551) Pause Young (Allocation Failure) 528M->458M(741M) 38.358ms
[181.308s][info][gc,cpu         ] GC(551) User=0.07s Sys=0.00s Real=0.04s
[181.488s][info][gc,start       ] GC(552) Pause Young (Allocation Failure)
[181.563s][info][gc,heap        ] GC(552) PSYoungGen: 151184K(222720K)->36536K(148480K) Eden: 111616K(111616K)->0K(111616K) From: 39568K(111104K)->36536K(36864K)
[181.563s][info][gc,heap        ] GC(552) ParOldGen: 429547K(536576K)->469228K(536576K)
[181.563s][info][gc,metaspace   ] GC(552) Metaspace: 18498K(18688K)->18498K(18688K) NonClass: 15837K(15936K)->15837K(15936K) Class: 2661K(2752K)->2661K(2752K)
[181.563s][info][gc             ] GC(552) Pause Young (Allocation Failure) 567M->493M(669M) 75.540ms
[181.563s][info][gc,cpu         ] GC(552) User=0.15s Sys=0.00s Real=0.08s
[181.669s][info][gc,start       ] GC(553) Pause Young (Allocation Failure)
[181.701s][info][gc,heap        ] GC(553) PSYoungGen: 148152K(148480K)->36856K(218624K) Eden: 111616K(111616K)->0K(117760K) From: 36536K(36864K)->36856K(100864K)
[181.701s][info][gc,heap        ] GC(553) ParOldGen: 469228K(536576K)->469228K(536576K)
[181.701s][info][gc,metaspace   ] GC(553) Metaspace: 18498K(18688K)->18498K(18688K) NonClass: 15837K(15936K)->15837K(15936K) Class: 2661K(2752K)->2661K(2752K)
[181.701s][info][gc             ] GC(553) Pause Young (Allocation Failure) 602M->494M(737M) 31.621ms
[181.701s][info][gc,cpu         ] GC(553) User=0.06s Sys=0.00s Real=0.04s
[181.780s][info][gc,start       ] GC(554) Pause Young (Allocation Failure)
[181.851s][info][gc,heap        ] GC(554) PSYoungGen: 154616K(218624K)->78579K(219136K) Eden: 117760K(117760K)->0K(117760K) From: 36856K(100864K)->78579K(101376K)
[181.851s][info][gc,heap        ] GC(554) ParOldGen: 469228K(536576K)->469228K(536576K)
[181.851s][info][gc,metaspace   ] GC(554) Metaspace: 18498K(18688K)->18498K(18688K) NonClass: 15837K(15936K)->15837K(15936K) Class: 2661K(2752K)->2661K(2752K)
[181.851s][info][gc             ] GC(554) Pause Young (Allocation Failure) 609M->534M(738M) 71.018ms
[181.851s][info][gc,cpu         ] GC(554) User=0.14s Sys=0.00s Real=0.08s
[181.923s][info][gc,start       ] GC(555) Pause Young (Allocation Failure)
[182.049s][info][gc,heap        ] GC(555) PSYoungGen: 196339K(219136K)->110592K(222208K) Eden: 117760K(117760K)->0K(111616K) From: 78579K(101376K)->110592K(110592K)
[182.049s][info][gc,heap        ] GC(555) ParOldGen: 469228K(536576K)->486142K(536576K)
[182.049s][info][gc,metaspace   ] GC(555) Metaspace: 18498K(18688K)->18498K(18688K) NonClass: 15837K(15936K)->15837K(15936K) Class: 2661K(2752K)->2661K(2752K)
[182.049s][info][gc             ] GC(555) Pause Young (Allocation Failure) 649M->582M(741M) 125.558ms
[182.049s][info][gc,cpu         ] GC(555) User=0.24s Sys=0.01s Real=0.12s
[182.239s][info][gc,start       ] GC(556) Pause Young (Allocation Failure)
[182.345s][info][gc,heap        ] GC(556) PSYoungGen: 222208K(222208K)->95700K(222720K) Eden: 111616K(111616K)->0K(111616K) From: 110592K(110592K)->95700K(111104K)
[182.345s][info][gc,heap        ] GC(556) ParOldGen: 486142K(536576K)->506856K(536576K)
[182.345s][info][gc,metaspace   ] GC(556) Metaspace: 18499K(18688K)->18499K(18688K) NonClass: 15838K(15936K)->15838K(15936K) Class: 2661K(2752K)->2661K(2752K)
[182.345s][info][gc             ] GC(556) Pause Young (Allocation Failure) 691M->588M(741M) 106.543ms
[182.345s][info][gc,cpu         ] GC(556) User=0.21s Sys=0.00s Real=0.11s
[182.469s][info][gc,start       ] GC(557) Pause Young (Allocation Failure)
[182.596s][info][gc,heap        ] GC(557) PSYoungGen: 207316K(222720K)->16132K(222720K) Eden: 111616K(111616K)->0K(111616K) From: 95700K(111104K)->16132K(111104K)
[182.596s][info][gc,heap        ] GC(557) ParOldGen: 506856K(536576K)->597200K(597504K)
[182.596s][info][gc,metaspace   ] GC(557) Metaspace: 18499K(18688K)->18499K(18688K) NonClass: 15838K(15936K)->15838K(15936K) Class: 2661K(2752K)->2661K(2752K)
[182.596s][info][gc             ] GC(557) Pause Young (Allocation Failure) 697M->598M(801M) 127.057ms
[182.596s][info][gc,cpu         ] GC(557) User=0.21s Sys=0.05s Real=0.13s
[182.706s][info][gc,start       ] GC(558) Pause Full (Allocation Failure)
[182.706s][info][gc,phases,start] GC(558) Marking Phase
[182.777s][info][gc,phases      ] GC(558) Marking Phase 71.533ms
[182.777s][info][gc,phases,start] GC(558) Summary Phase
[182.777s][info][gc,phases      ] GC(558) Summary Phase 0.043ms
[182.777s][info][gc,phases,start] GC(558) Forward
[182.804s][info][gc,phases      ] GC(558) Forward 26.604ms
[182.804s][info][gc,phases,start] GC(558) Adjust Pointers
[182.855s][info][gc,phases      ] GC(558) Adjust Pointers 51.534ms
[182.855s][info][gc,phases,start] GC(558) Compaction Phase
[182.884s][info][gc,phases      ] GC(558) Compaction Phase 28.678ms
[182.887s][info][gc,phases,start] GC(558) Post Compact
[182.889s][info][gc,phases      ] GC(558) Post Compact 2.116ms
[182.899s][info][gc,heap        ] GC(558) PSYoungGen: 127748K(222720K)->0K(222720K) Eden: 111616K(111616K)->0K(111616K) From: 16132K(111104K)->0K(111104K)
[182.899s][info][gc,heap        ] GC(558) ParOldGen: 597200K(597504K)->119212K(468992K)
[182.899s][info][gc,metaspace   ] GC(558) Metaspace: 18499K(18688K)->18499K(18688K) NonClass: 15838K(15936K)->15838K(15936K) Class: 2661K(2752K)->2661K(2752K)
[182.899s][info][gc             ] GC(558) Pause Full (Allocation Failure) 707M->116M(675M) 193.416ms
[182.899s][info][gc,cpu         ] GC(558) User=0.32s Sys=0.01s Real=0.19s
[182.964s][info][gc,start       ] GC(559) Pause Young (Allocation Failure)
[183.005s][info][gc,heap        ] GC(559) PSYoungGen: 111616K(222720K)->42784K(222720K) Eden: 111616K(111616K)->0K(111616K) From: 0K(111104K)->42784K(111104K)
[183.005s][info][gc,heap        ] GC(559) ParOldGen: 119212K(468992K)->119212K(468992K)
[183.005s][info][gc,metaspace   ] GC(559) Metaspace: 18499K(18688K)->18499K(18688K) NonClass: 15838K(15936K)->15838K(15936K) Class: 2661K(2752K)->2661K(2752K)
[183.005s][info][gc             ] GC(559) Pause Young (Allocation Failure) 225M->158M(675M) 41.733ms
[183.005s][info][gc,cpu         ] GC(559) User=0.08s Sys=0.00s Real=0.04s
[183.136s][info][gc,start       ] GC(560) Pause Young (Allocation Failure)
[183.214s][info][gc,heap        ] GC(560) PSYoungGen: 154400K(222720K)->58960K(222720K) Eden: 111616K(111616K)->0K(111616K) From: 42784K(111104K)->58960K(111104K)
[183.214s][info][gc,heap        ] GC(560) ParOldGen: 119212K(468992K)->162444K(468992K)
[183.214s][info][gc,metaspace   ] GC(560) Metaspace: 18499K(18688K)->18499K(18688K) NonClass: 15838K(15936K)->15838K(15936K) Class: 2661K(2752K)->2661K(2752K)
[183.214s][info][gc             ] GC(560) Pause Young (Allocation Failure) 267M->216M(675M) 78.148ms
[183.214s][info][gc,cpu         ] GC(560) User=0.15s Sys=0.00s Real=0.08s
[183.256s][info][gc,start       ] GC(561) Pause Young (Allocation Failure)
[183.334s][info][gc,heap        ] GC(561) PSYoungGen: 170576K(222720K)->30016K(222720K) Eden: 111616K(111616K)->0K(111616K) From: 58960K(111104K)->30016K(111104K)
[183.334s][info][gc,heap        ] GC(561) ParOldGen: 162444K(468992K)->221628K(468992K)
[183.334s][info][gc,metaspace   ] GC(561) Metaspace: 18499K(18688K)->18499K(18688K) NonClass: 15838K(15936K)->15838K(15936K) Class: 2661K(2752K)->2661K(2752K)
[183.334s][info][gc             ] GC(561) Pause Young (Allocation Failure) 325M->245M(675M) 77.601ms
[183.334s][info][gc,cpu         ] GC(561) User=0.15s Sys=0.00s Real=0.08s
[183.374s][info][gc,start       ] GC(562) Pause Young (Allocation Failure)
[183.414s][info][gc,heap        ] GC(562) PSYoungGen: 141632K(222720K)->28864K(222720K) Eden: 111616K(111616K)->0K(111616K) From: 30016K(111104K)->28864K(111104K)
[183.414s][info][gc,heap        ] GC(562) ParOldGen: 221628K(468992K)->251956K(468992K)
[183.414s][info][gc,metaspace   ] GC(562) Metaspace: 18499K(18688K)->18499K(18688K) NonClass: 15838K(15936K)->15838K(15936K) Class: 2661K(2752K)->2661K(2752K)
[183.414s][info][gc             ] GC(562) Pause Young (Allocation Failure) 354M->274M(675M) 39.315ms
[183.414s][info][gc,cpu         ] GC(562) User=0.08s Sys=0.00s Real=0.04s
[183.559s][info][gc,start       ] GC(563) Pause Young (Allocation Failure)
[183.615s][info][gc,heap        ] GC(563) PSYoungGen: 140480K(222720K)->23425K(222720K) Eden: 111616K(111616K)->0K(111616K) From: 28864K(111104K)->23425K(111104K)
[183.615s][info][gc,heap        ] GC(563) ParOldGen: 251956K(468992K)->281164K(468992K)
[183.615s][info][gc,metaspace   ] GC(563) Metaspace: 18502K(18688K)->18502K(18688K) NonClass: 15841K(15936K)->15841K(15936K) Class: 2661K(2752K)->2661K(2752K)
[183.615s][info][gc             ] GC(563) Pause Young (Allocation Failure) 383M->297M(675M) 56.110ms
[183.615s][info][gc,cpu         ] GC(563) User=0.11s Sys=0.00s Real=0.06s
[183.693s][info][gc,start       ] GC(564) Pause Young (Allocation Failure)
[183.741s][info][gc,heap        ] GC(564) PSYoungGen: 135041K(222720K)->10944K(222720K) Eden: 111616K(111616K)->0K(111616K) From: 23425K(111104K)->10944K(111104K)
[183.741s][info][gc,heap        ] GC(564) ParOldGen: 281164K(468992K)->304633K(468992K)
[183.741s][info][gc,metaspace   ] GC(564) Metaspace: 18503K(18688K)->18503K(18688K) NonClass: 15842K(15936K)->15842K(15936K) Class: 2661K(2752K)->2661K(2752K)
[183.741s][info][gc             ] GC(564) Pause Young (Allocation Failure) 406M->308M(675M) 47.824ms
[183.741s][info][gc,cpu         ] GC(564) User=0.09s Sys=0.00s Real=0.05s
[183.860s][info][gc,start       ] GC(565) Pause Young (Allocation Failure)
[183.915s][info][gc,heap        ] GC(565) PSYoungGen: 122560K(222720K)->27841K(219648K) Eden: 111616K(111616K)->0K(111616K) From: 10944K(111104K)->27841K(108032K)
[183.915s][info][gc,heap        ] GC(565) ParOldGen: 304633K(468992K)->315553K(468992K)
[183.915s][info][gc,metaspace   ] GC(565) Metaspace: 18503K(18688K)->18503K(18688K) NonClass: 15842K(15936K)->15842K(15936K) Class: 2661K(2752K)->2661K(2752K)
[183.915s][info][gc             ] GC(565) Pause Young (Allocation Failure) 417M->335M(672M) 54.597ms
[183.915s][info][gc,cpu         ] GC(565) User=0.11s Sys=0.00s Real=0.06s
[184.014s][info][gc,start       ] GC(566) Pause Young (Allocation Failure)
[184.073s][info][gc,heap        ] GC(566) PSYoungGen: 139457K(219648K)->49505K(221184K) Eden: 111616K(111616K)->0K(111616K) From: 27841K(108032K)->49505K(109568K)
[184.073s][info][gc,heap        ] GC(566) ParOldGen: 315553K(468992K)->315553K(468992K)
[184.073s][info][gc,metaspace   ] GC(566) Metaspace: 18504K(18688K)->18504K(18688K) NonClass: 15842K(15936K)->15842K(15936K) Class: 2661K(2752K)->2661K(2752K)
[184.074s][info][gc             ] GC(566) Pause Young (Allocation Failure) 444M->356M(674M) 59.670ms
[184.074s][info][gc,cpu         ] GC(566) User=0.11s Sys=0.01s Real=0.06s
[184.139s][info][gc,start       ] GC(567) Pause Young (Allocation Failure)
[184.206s][info][gc,heap        ] GC(567) PSYoungGen: 161121K(221184K)->57633K(222720K) Eden: 111616K(111616K)->0K(116224K) From: 49505K(109568K)->57633K(106496K)
[184.206s][info][gc,heap        ] GC(567) ParOldGen: 315553K(468992K)->315553K(468992K)
[184.206s][info][gc,metaspace   ] GC(567) Metaspace: 18504K(18688K)->18504K(18688K) NonClass: 15842K(15936K)->15842K(15936K) Class: 2661K(2752K)->2661K(2752K)
[184.206s][info][gc             ] GC(567) Pause Young (Allocation Failure) 465M->364M(675M) 66.456ms
[184.206s][info][gc,cpu         ] GC(567) User=0.14s Sys=0.00s Real=0.07s
[184.302s][info][gc,start       ] GC(568) Pause Young (Allocation Failure)
[184.380s][info][gc,heap        ] GC(568) PSYoungGen: 173857K(222720K)->69601K(222720K) Eden: 116224K(116224K)->0K(116224K) From: 57633K(106496K)->69601K(106496K)
[184.380s][info][gc,heap        ] GC(568) ParOldGen: 315553K(468992K)->315553K(468992K)
[184.380s][info][gc,metaspace   ] GC(568) Metaspace: 18506K(18688K)->18506K(18688K) NonClass: 15844K(15936K)->15844K(15936K) Class: 2661K(2752K)->2661K(2752K)
[184.380s][info][gc             ] GC(568) Pause Young (Allocation Failure) 477M->376M(675M) 78.922ms
[184.381s][info][gc,cpu         ] GC(568) User=0.15s Sys=0.00s Real=0.08s
[184.455s][info][gc,start       ] GC(569) Pause Young (Allocation Failure)
[184.542s][info][gc,heap        ] GC(569) PSYoungGen: 185825K(222720K)->76225K(221696K) Eden: 116224K(116224K)->0K(111616K) From: 69601K(106496K)->76225K(110080K)
[184.542s][info][gc,heap        ] GC(569) ParOldGen: 315553K(468992K)->315553K(468992K)
[184.542s][info][gc,metaspace   ] GC(569) Metaspace: 18506K(18688K)->18506K(18688K) NonClass: 15844K(15936K)->15844K(15936K) Class: 2661K(2752K)->2661K(2752K)
[184.542s][info][gc             ] GC(569) Pause Young (Allocation Failure) 489M->382M(674M) 86.275ms
[184.542s][info][gc,cpu         ] GC(569) User=0.17s Sys=0.00s Real=0.09s
[184.615s][info][gc,start       ] GC(570) Pause Young (Allocation Failure)
[184.704s][info][gc,heap        ] GC(570) PSYoungGen: 187841K(221696K)->27520K(222720K) Eden: 111616K(111616K)->0K(111616K) From: 76225K(110080K)->27520K(111104K)
[184.704s][info][gc,heap        ] GC(570) ParOldGen: 315553K(468992K)->365102K(468992K)
[184.704s][info][gc,metaspace   ] GC(570) Metaspace: 18506K(18688K)->18506K(18688K) NonClass: 15844K(15936K)->15844K(15936K) Class: 2661K(2752K)->2661K(2752K)
[184.704s][info][gc             ] GC(570) Pause Young (Allocation Failure) 491M->383M(675M) 88.956ms
[184.704s][info][gc,cpu         ] GC(570) User=0.17s Sys=0.00s Real=0.09s
[184.798s][info][gc,start       ] GC(571) Pause Young (Allocation Failure)
[184.835s][info][gc,heap        ] GC(571) PSYoungGen: 139136K(222720K)->14496K(221696K) Eden: 111616K(111616K)->0K(111616K) From: 27520K(111104K)->14496K(110080K)
[184.835s][info][gc,heap        ] GC(571) ParOldGen: 365102K(468992K)->385254K(468992K)
[184.835s][info][gc,metaspace   ] GC(571) Metaspace: 18506K(18688K)->18506K(18688K) NonClass: 15844K(15936K)->15844K(15936K) Class: 2661K(2752K)->2661K(2752K)
[184.835s][info][gc             ] GC(571) Pause Young (Allocation Failure) 492M->390M(674M) 37.189ms
[184.835s][info][gc,cpu         ] GC(571) User=0.07s Sys=0.00s Real=0.04s
[184.925s][info][gc,start       ] GC(572) Pause Young (Allocation Failure)
[184.954s][info][gc,heap        ] GC(572) PSYoungGen: 126112K(221696K)->25600K(137216K) Eden: 111616K(111616K)->0K(111616K) From: 14496K(110080K)->25600K(25600K)
[184.954s][info][gc,heap        ] GC(572) ParOldGen: 385254K(468992K)->385254K(468992K)
[184.954s][info][gc,metaspace   ] GC(572) Metaspace: 18506K(18688K)->18506K(18688K) NonClass: 15844K(15936K)->15844K(15936K) Class: 2661K(2752K)->2661K(2752K)
[184.954s][info][gc             ] GC(572) Pause Young (Allocation Failure) 499M->401M(592M) 28.995ms
[184.954s][info][gc,cpu         ] GC(572) User=0.06s Sys=0.00s Real=0.03s
[185.079s][info][gc,start       ] GC(573) Pause Young (Allocation Failure)
[185.121s][info][gc,heap        ] GC(573) PSYoungGen: 137216K(137216K)->38912K(221696K) Eden: 111616K(111616K)->0K(119296K) From: 25600K(25600K)->38912K(102400K)
[185.121s][info][gc,heap        ] GC(573) ParOldGen: 385254K(468992K)->385254K(468992K)
[185.121s][info][gc,metaspace   ] GC(573) Metaspace: 18506K(18688K)->18506K(18688K) NonClass: 15844K(15936K)->15844K(15936K) Class: 2661K(2752K)->2661K(2752K)
[185.121s][info][gc             ] GC(573) Pause Young (Allocation Failure) 510M->414M(674M) 41.744ms
[185.121s][info][gc,cpu         ] GC(573) User=0.08s Sys=0.00s Real=0.05s
[185.400s][info][gc,start       ] GC(574) Pause Young (Allocation Failure)
[185.456s][info][gc,heap        ] GC(574) PSYoungGen: 158208K(221696K)->53248K(220160K) Eden: 119296K(119296K)->0K(119296K) From: 38912K(102400K)->53248K(100864K)
[185.456s][info][gc,heap        ] GC(574) ParOldGen: 385254K(468992K)->385254K(468992K)
[185.456s][info][gc,metaspace   ] GC(574) Metaspace: 18506K(18688K)->18506K(18688K) NonClass: 15844K(15936K)->15844K(15936K) Class: 2661K(2752K)->2661K(2752K)
[185.456s][info][gc             ] GC(574) Pause Young (Allocation Failure) 530M->428M(673M) 55.504ms
[185.456s][info][gc,cpu         ] GC(574) User=0.11s Sys=0.00s Real=0.06s
[185.851s][info][gc,start       ] GC(575) Pause Young (Allocation Failure)
[185.904s][info][gc,heap        ] GC(575) PSYoungGen: 172544K(220160K)->53440K(222720K) Eden: 119296K(119296K)->0K(127488K) From: 53248K(100864K)->53440K(95232K)
[185.904s][info][gc,heap        ] GC(575) ParOldGen: 385254K(468992K)->385254K(468992K)
[185.904s][info][gc,metaspace   ] GC(575) Metaspace: 18508K(18688K)->18508K(18688K) NonClass: 15847K(15936K)->15847K(15936K) Class: 2661K(2752K)->2661K(2752K)
[185.904s][info][gc             ] GC(575) Pause Young (Allocation Failure) 544M->428M(675M) 53.698ms
[185.904s][info][gc,cpu         ] GC(575) User=0.10s Sys=0.00s Real=0.05s
[186.268s][info][gc,start       ] GC(576) Pause Young (Allocation Failure)
[186.321s][info][gc,heap        ] GC(576) PSYoungGen: 180928K(222720K)->53440K(225280K) Eden: 127488K(127488K)->0K(127488K) From: 53440K(95232K)->53440K(97792K)
[186.322s][info][gc,heap        ] GC(576) ParOldGen: 385254K(468992K)->385254K(468992K)
[186.322s][info][gc,metaspace   ] GC(576) Metaspace: 18509K(18688K)->18509K(18688K) NonClass: 15848K(15936K)->15848K(15936K) Class: 2661K(2752K)->2661K(2752K)
[186.322s][info][gc             ] GC(576) Pause Young (Allocation Failure) 552M->428M(678M) 53.868ms
[186.322s][info][gc,cpu         ] GC(576) User=0.11s Sys=0.00s Real=0.06s
[186.620s][info][gc,start       ] GC(577) Pause Young (Allocation Failure)
[186.677s][info][gc,heap        ] GC(577) PSYoungGen: 180928K(225280K)->53440K(226816K) Eden: 127488K(127488K)->0K(135168K) From: 53440K(97792K)->53440K(91648K)
[186.677s][info][gc,heap        ] GC(577) ParOldGen: 385254K(468992K)->385254K(468992K)
[186.677s][info][gc,metaspace   ] GC(577) Metaspace: 18509K(18688K)->18509K(18688K) NonClass: 15848K(15936K)->15848K(15936K) Class: 2661K(2752K)->2661K(2752K)
[186.677s][info][gc             ] GC(577) Pause Young (Allocation Failure) 552M->428M(679M) 56.734ms
[186.677s][info][gc,cpu         ] GC(577) User=0.12s Sys=0.00s Real=0.06s
[186.976s][info][gc,start       ] GC(578) Pause Young (Allocation Failure)
[187.033s][info][gc,heap        ] GC(578) PSYoungGen: 188608K(226816K)->53792K(229376K) Eden: 135168K(135168K)->0K(135168K) From: 53440K(91648K)->53792K(94208K)
[187.033s][info][gc,heap        ] GC(578) ParOldGen: 385254K(468992K)->385254K(468992K)
[187.033s][info][gc,metaspace   ] GC(578) Metaspace: 18509K(18688K)->18509K(18688K) NonClass: 15848K(15936K)->15848K(15936K) Class: 2661K(2752K)->2661K(2752K)
[187.033s][info][gc             ] GC(578) Pause Young (Allocation Failure) 560M->428M(682M) 57.101ms
[187.033s][info][gc,cpu         ] GC(578) User=0.11s Sys=0.00s Real=0.06s
[187.344s][info][gc,start       ] GC(579) Pause Young (Allocation Failure)
[187.418s][info][gc,heap        ] GC(579) PSYoungGen: 188960K(229376K)->58016K(235520K) Eden: 135168K(135168K)->0K(142848K) From: 53792K(94208K)->58016K(92672K)
[187.418s][info][gc,heap        ] GC(579) ParOldGen: 385254K(468992K)->385254K(468992K)
[187.418s][info][gc,metaspace   ] GC(579) Metaspace: 18509K(18688K)->18509K(18688K) NonClass: 15848K(15936K)->15848K(15936K) Class: 2661K(2752K)->2661K(2752K)
[187.418s][info][gc             ] GC(579) Pause Young (Allocation Failure) 560M->432M(688M) 73.531ms
[187.418s][info][gc,cpu         ] GC(579) User=0.15s Sys=0.00s Real=0.07s
[187.553s][info][gc,start       ] GC(580) Pause Young (Allocation Failure)
[187.641s][info][gc,heap        ] GC(580) PSYoungGen: 200864K(235520K)->92646K(235520K) Eden: 142848K(142848K)->0K(142848K) From: 58016K(92672K)->92646K(92672K)
[187.641s][info][gc,heap        ] GC(580) ParOldGen: 385254K(468992K)->390110K(468992K)
[187.641s][info][gc,metaspace   ] GC(580) Metaspace: 18509K(18688K)->18509K(18688K) NonClass: 15848K(15936K)->15848K(15936K) Class: 2661K(2752K)->2661K(2752K)
[187.641s][info][gc             ] GC(580) Pause Young (Allocation Failure) 572M->471M(688M) 87.273ms
[187.641s][info][gc,cpu         ] GC(580) User=0.17s Sys=0.00s Real=0.09s
[187.792s][info][gc,start       ] GC(581) Pause Young (Allocation Failure)
[187.914s][info][gc,heap        ] GC(581) PSYoungGen: 235494K(235520K)->98278K(209920K) Eden: 142848K(142848K)->0K(111616K) From: 92646K(92672K)->98278K(98304K)
[187.914s][info][gc,heap        ] GC(581) ParOldGen: 390110K(468992K)->428662K(468992K)
[187.914s][info][gc,metaspace   ] GC(581) Metaspace: 18509K(18688K)->18509K(18688K) NonClass: 15848K(15936K)->15848K(15936K) Class: 2661K(2752K)->2661K(2752K)
[187.914s][info][gc             ] GC(581) Pause Young (Allocation Failure) 610M->514M(663M) 121.641ms
[187.914s][info][gc,cpu         ] GC(581) User=0.23s Sys=0.00s Real=0.12s
[188.000s][info][gc,start       ] GC(582) Pause Young (Allocation Failure)
[188.096s][info][gc,heap        ] GC(582) PSYoungGen: 209894K(209920K)->84518K(222720K) Eden: 111616K(111616K)->0K(111616K) From: 98278K(98304K)->84518K(111104K)
[188.096s][info][gc,heap        ] GC(582) ParOldGen: 428662K(468992K)->446852K(468992K)
[188.096s][info][gc,metaspace   ] GC(582) Metaspace: 18511K(18688K)->18511K(18688K) NonClass: 15850K(15936K)->15850K(15936K) Class: 2661K(2752K)->2661K(2752K)
[188.096s][info][gc             ] GC(582) Pause Young (Allocation Failure) 623M->518M(675M) 96.031ms
[188.096s][info][gc,cpu         ] GC(582) User=0.19s Sys=0.00s Real=0.10s
[188.142s][info][gc,start       ] GC(583) Pause Young (Allocation Failure)
[188.244s][info][gc,heap        ] GC(583) PSYoungGen: 196134K(222720K)->85654K(222720K) Eden: 111616K(111616K)->0K(111616K) From: 84518K(111104K)->85654K(111104K)
[188.244s][info][gc,heap        ] GC(583) ParOldGen: 446852K(468992K)->474593K(474624K)
[188.244s][info][gc,metaspace   ] GC(583) Metaspace: 18511K(18688K)->18511K(18688K) NonClass: 15850K(15936K)->15850K(15936K) Class: 2661K(2752K)->2661K(2752K)
[188.244s][info][gc             ] GC(583) Pause Young (Allocation Failure) 627M->547M(681M) 101.870ms
[188.244s][info][gc,cpu         ] GC(583) User=0.19s Sys=0.01s Real=0.10s
[188.359s][info][gc,start       ] GC(584) Pause Young (Allocation Failure)
[188.455s][info][gc,heap        ] GC(584) PSYoungGen: 197270K(222720K)->103452K(222720K) Eden: 111616K(111616K)->0K(111616K) From: 85654K(111104K)->103452K(111104K)
[188.455s][info][gc,heap        ] GC(584) ParOldGen: 474593K(474624K)->474785K(475136K)
[188.455s][info][gc,metaspace   ] GC(584) Metaspace: 18511K(18688K)->18511K(18688K) NonClass: 15850K(15936K)->15850K(15936K) Class: 2661K(2752K)->2661K(2752K)
[188.455s][info][gc             ] GC(584) Pause Young (Allocation Failure) 656M->564M(681M) 96.400ms
[188.455s][info][gc,cpu         ] GC(584) User=0.19s Sys=0.00s Real=0.10s
[188.532s][info][gc,start       ] GC(585) Pause Young (Allocation Failure)
[188.642s][info][gc,heap        ] GC(585) PSYoungGen: 215068K(222720K)->107468K(222720K) Eden: 111616K(111616K)->0K(111616K) From: 103452K(111104K)->107468K(111104K)
[188.642s][info][gc,heap        ] GC(585) ParOldGen: 474785K(475136K)->474801K(475136K)
[188.642s][info][gc,metaspace   ] GC(585) Metaspace: 18511K(18688K)->18511K(18688K) NonClass: 15850K(15936K)->15850K(15936K) Class: 2661K(2752K)->2661K(2752K)
[188.642s][info][gc             ] GC(585) Pause Young (Allocation Failure) 673M->568M(681M) 110.729ms
[188.642s][info][gc,cpu         ] GC(585) User=0.22s Sys=0.00s Real=0.11s
[188.751s][info][gc,start       ] GC(586) Pause Young (Allocation Failure)
[188.899s][info][gc,heap        ] GC(586) PSYoungGen: 219084K(222720K)->103509K(222720K) Eden: 111616K(111616K)->0K(111616K) From: 107468K(111104K)->103509K(111104K)
[188.899s][info][gc,heap        ] GC(586) ParOldGen: 474801K(475136K)->495611K(495616K)
[188.899s][info][gc,metaspace   ] GC(586) Metaspace: 18511K(18688K)->18511K(18688K) NonClass: 15850K(15936K)->15850K(15936K) Class: 2661K(2752K)->2661K(2752K)
[188.899s][info][gc             ] GC(586) Pause Young (Allocation Failure) 677M->585M(701M) 148.053ms
[188.899s][info][gc,cpu         ] GC(586) User=0.28s Sys=0.01s Real=0.14s
[189.001s][info][gc,start       ] GC(587) Pause Young (Allocation Failure)
[189.142s][info][gc,heap        ] GC(587) PSYoungGen: 215125K(222720K)->90492K(222720K) Eden: 111616K(111616K)->0K(111616K) From: 103509K(111104K)->90492K(111104K)
[189.142s][info][gc,heap        ] GC(587) ParOldGen: 495611K(495616K)->531818K(531968K)
[189.142s][info][gc,metaspace   ] GC(587) Metaspace: 18511K(18688K)->18511K(18688K) NonClass: 15850K(15936K)->15850K(15936K) Class: 2661K(2752K)->2661K(2752K)
[189.142s][info][gc             ] GC(587) Pause Young (Allocation Failure) 694M->607M(737M) 141.153ms
[189.142s][info][gc,cpu         ] GC(587) User=0.26s Sys=0.02s Real=0.14s
[189.228s][info][gc,start       ] GC(588) Pause Young (Allocation Failure)
[189.373s][info][gc,heap        ] GC(588) PSYoungGen: 202108K(222720K)->61760K(222720K) Eden: 111616K(111616K)->0K(111616K) From: 90492K(111104K)->61760K(111104K)
[189.373s][info][gc,heap        ] GC(588) ParOldGen: 531818K(531968K)->579037K(579072K)
[189.373s][info][gc,metaspace   ] GC(588) Metaspace: 18511K(18688K)->18511K(18688K) NonClass: 15850K(15936K)->15850K(15936K) Class: 2661K(2752K)->2661K(2752K)
[189.373s][info][gc             ] GC(588) Pause Young (Allocation Failure) 716M->625M(783M) 145.125ms
[189.373s][info][gc,cpu         ] GC(588) User=0.27s Sys=0.02s Real=0.15s
[189.433s][info][gc,start       ] GC(589) Pause Young (Allocation Failure)
[189.512s][info][gc,heap        ] GC(589) PSYoungGen: 173376K(222720K)->42528K(222720K) Eden: 111616K(111616K)->0K(111616K) From: 61760K(111104K)->42528K(111104K)
[189.512s][info][gc,heap        ] GC(589) ParOldGen: 579037K(579072K)->599581K(600064K)
[189.512s][info][gc,metaspace   ] GC(589) Metaspace: 18511K(18688K)->18511K(18688K) NonClass: 15850K(15936K)->15850K(15936K) Class: 2661K(2752K)->2661K(2752K)
[189.512s][info][gc             ] GC(589) Pause Young (Allocation Failure) 734M->627M(803M) 79.585ms
[189.512s][info][gc,cpu         ] GC(589) User=0.14s Sys=0.02s Real=0.08s
[189.596s][info][gc,start       ] GC(590) Pause Young (Allocation Failure)
[189.663s][info][gc,heap        ] GC(590) PSYoungGen: 154144K(222720K)->3232K(222720K) Eden: 111616K(111616K)->0K(111616K) From: 42528K(111104K)->3232K(111104K)
[189.663s][info][gc,heap        ] GC(590) ParOldGen: 599581K(600064K)->640901K(641024K)
[189.663s][info][gc,metaspace   ] GC(590) Metaspace: 18511K(18688K)->18511K(18688K) NonClass: 15850K(15936K)->15850K(15936K) Class: 2661K(2752K)->2661K(2752K)
[189.663s][info][gc             ] GC(590) Pause Young (Allocation Failure) 736M->629M(843M) 66.700ms
[189.663s][info][gc,cpu         ] GC(590) User=0.11s Sys=0.03s Real=0.07s
[189.752s][info][gc,start       ] GC(591) Pause Full (Allocation Failure)
[189.752s][info][gc,phases,start] GC(591) Marking Phase
[190.020s][info][gc,phases      ] GC(591) Marking Phase 268.055ms
[190.020s][info][gc,phases,start] GC(591) Summary Phase
[190.020s][info][gc,phases      ] GC(591) Summary Phase 0.026ms
[190.020s][info][gc,phases,start] GC(591) Forward
[190.113s][info][gc,phases      ] GC(591) Forward 93.178ms
[190.113s][info][gc,phases,start] GC(591) Adjust Pointers
[190.322s][info][gc,phases      ] GC(591) Adjust Pointers 209.019ms
[190.323s][info][gc,phases,start] GC(591) Compaction Phase
[190.451s][info][gc,phases      ] GC(591) Compaction Phase 128.712ms
[190.459s][info][gc,phases,start] GC(591) Post Compact
[190.462s][info][gc,phases      ] GC(591) Post Compact 2.213ms
[190.462s][info][gc,heap        ] GC(591) PSYoungGen: 114848K(222720K)->0K(222720K) Eden: 111616K(111616K)->0K(111616K) From: 3232K(111104K)->0K(111104K)
[190.462s][info][gc,heap        ] GC(591) ParOldGen: 640901K(641024K)->384901K(667648K)
[190.462s][info][gc,metaspace   ] GC(591) Metaspace: 18511K(18688K)->18511K(18688K) NonClass: 15850K(15936K)->15850K(15936K) Class: 2661K(2752K)->2661K(2752K)
[190.462s][info][gc             ] GC(591) Pause Full (Allocation Failure) 738M->375M(869M) 709.803ms
[190.462s][info][gc,cpu         ] GC(591) User=1.35s Sys=0.00s Real=0.71s
[190.605s][info][gc,start       ] GC(592) Pause Young (Allocation Failure)
[190.610s][info][gc,heap        ] GC(592) PSYoungGen: 111616K(222720K)->3328K(222720K) Eden: 111616K(111616K)->0K(111616K) From: 0K(111104K)->3328K(111104K)
[190.610s][info][gc,heap        ] GC(592) ParOldGen: 384901K(667648K)->384901K(667648K)
[190.610s][info][gc,metaspace   ] GC(592) Metaspace: 18511K(18688K)->18511K(18688K) NonClass: 15850K(15936K)->15850K(15936K) Class: 2661K(2752K)->2661K(2752K)
[190.610s][info][gc             ] GC(592) Pause Young (Allocation Failure) 484M->379M(869M) 5.933ms
[190.610s][info][gc,cpu         ] GC(592) User=0.01s Sys=0.00s Real=0.01s
[190.757s][info][gc,start       ] GC(593) Pause Young (Allocation Failure)
[190.776s][info][gc,heap        ] GC(593) PSYoungGen: 114944K(222720K)->13696K(222720K) Eden: 111616K(111616K)->0K(111616K) From: 3328K(111104K)->13696K(111104K)
[190.776s][info][gc,heap        ] GC(593) ParOldGen: 384901K(667648K)->388197K(667648K)
[190.776s][info][gc,metaspace   ] GC(593) Metaspace: 18511K(18688K)->18511K(18688K) NonClass: 15850K(15936K)->15850K(15936K) Class: 2661K(2752K)->2661K(2752K)
[190.776s][info][gc             ] GC(593) Pause Young (Allocation Failure) 488M->392M(869M) 18.152ms
[190.776s][info][gc,cpu         ] GC(593) User=0.04s Sys=0.00s Real=0.02s
[190.934s][info][gc,start       ] GC(594) Pause Young (Allocation Failure)
[190.963s][info][gc,heap        ] GC(594) PSYoungGen: 125312K(222720K)->9632K(222720K) Eden: 111616K(111616K)->0K(111616K) From: 13696K(111104K)->9632K(111104K)
[190.963s][info][gc,heap        ] GC(594) ParOldGen: 388197K(667648K)->401903K(667648K)
[190.963s][info][gc,metaspace   ] GC(594) Metaspace: 18511K(18688K)->18511K(18688K) NonClass: 15850K(15936K)->15850K(15936K) Class: 2661K(2752K)->2661K(2752K)
[190.963s][info][gc             ] GC(594) Pause Young (Allocation Failure) 501M->401M(869M) 28.745ms
[190.963s][info][gc,cpu         ] GC(594) User=0.06s Sys=0.00s Real=0.03s
[191.132s][info][gc,start       ] GC(595) Pause Young (Allocation Failure)
[191.159s][info][gc,heap        ] GC(595) PSYoungGen: 121248K(222720K)->18224K(222720K) Eden: 111616K(111616K)->0K(111616K) From: 9632K(111104K)->18224K(111104K)
[191.159s][info][gc,heap        ] GC(595) ParOldGen: 401903K(667648K)->411519K(667648K)
[191.159s][info][gc,metaspace   ] GC(595) Metaspace: 18511K(18688K)->18511K(18688K) NonClass: 15850K(15936K)->15850K(15936K) Class: 2661K(2752K)->2661K(2752K)
[191.159s][info][gc             ] GC(595) Pause Young (Allocation Failure) 510M->419M(869M) 27.011ms
[191.159s][info][gc,cpu         ] GC(595) User=0.05s Sys=0.00s Real=0.02s
[191.319s][info][gc,start       ] GC(596) Pause Young (Allocation Failure)
[191.342s][info][gc,heap        ] GC(596) PSYoungGen: 129840K(222720K)->8320K(222720K) Eden: 111616K(111616K)->0K(111616K) From: 18224K(111104K)->8320K(111104K)
[191.342s][info][gc,heap        ] GC(596) ParOldGen: 411519K(667648K)->429808K(667648K)
[191.342s][info][gc,metaspace   ] GC(596) Metaspace: 18511K(18688K)->18511K(18688K) NonClass: 15850K(15936K)->15850K(15936K) Class: 2661K(2752K)->2661K(2752K)
[191.342s][info][gc             ] GC(596) Pause Young (Allocation Failure) 528M->427M(869M) 23.585ms
[191.342s][info][gc,cpu         ] GC(596) User=0.04s Sys=0.00s Real=0.03s
[191.400s][info][gc,start       ] GC(597) Pause Young (Allocation Failure)
[191.435s][info][gc,heap        ] GC(597) PSYoungGen: 119936K(222720K)->40864K(222720K) Eden: 111616K(111616K)->0K(111616K) From: 8320K(111104K)->40864K(111104K)
[191.435s][info][gc,heap        ] GC(597) ParOldGen: 429808K(667648K)->438160K(667648K)
[191.435s][info][gc,metaspace   ] GC(597) Metaspace: 18511K(18688K)->18511K(18688K) NonClass: 15850K(15936K)->15850K(15936K) Class: 2661K(2752K)->2661K(2752K)
[191.435s][info][gc             ] GC(597) Pause Young (Allocation Failure) 536M->467M(869M) 35.172ms
[191.435s][info][gc,cpu         ] GC(597) User=0.07s Sys=0.00s Real=0.04s
[191.601s][info][gc,start       ] GC(598) Pause Young (Allocation Failure)
[191.645s][info][gc,heap        ] GC(598) PSYoungGen: 152480K(222720K)->28176K(222720K) Eden: 111616K(111616K)->0K(111616K) From: 40864K(111104K)->28176K(111104K)
[191.645s][info][gc,heap        ] GC(598) ParOldGen: 438160K(667648K)->479480K(667648K)
[191.645s][info][gc,metaspace   ] GC(598) Metaspace: 18511K(18688K)->18511K(18688K) NonClass: 15850K(15936K)->15850K(15936K) Class: 2661K(2752K)->2661K(2752K)
[191.645s][info][gc             ] GC(598) Pause Young (Allocation Failure) 576M->495M(869M) 44.128ms
[191.645s][info][gc,cpu         ] GC(598) User=0.08s Sys=0.00s Real=0.04s
[191.766s][info][gc,start       ] GC(599) Pause Young (Allocation Failure)
[191.796s][info][gc,heap        ] GC(599) PSYoungGen: 139792K(222720K)->2912K(222720K) Eden: 111616K(111616K)->0K(111616K) From: 28176K(111104K)->2912K(111104K)
[191.796s][info][gc,heap        ] GC(599) ParOldGen: 479480K(667648K)->507936K(667648K)
[191.796s][info][gc,metaspace   ] GC(599) Metaspace: 18511K(18688K)->18511K(18688K) NonClass: 15850K(15936K)->15850K(15936K) Class: 2661K(2752K)->2661K(2752K)
[191.796s][info][gc             ] GC(599) Pause Young (Allocation Failure) 604M->498M(869M) 30.375ms
[191.796s][info][gc,cpu         ] GC(599) User=0.06s Sys=0.00s Real=0.03s
[191.954s][info][gc,start       ] GC(600) Pause Young (Allocation Failure)
[192.001s][info][gc,heap        ] GC(600) PSYoungGen: 114528K(222720K)->30687K(222720K) Eden: 111616K(111616K)->0K(111616K) From: 2912K(111104K)->30687K(111104K)
[192.001s][info][gc,heap        ] GC(600) ParOldGen: 507936K(667648K)->510816K(667648K)
[192.001s][info][gc,metaspace   ] GC(600) Metaspace: 18511K(18688K)->18511K(18688K) NonClass: 15850K(15936K)->15850K(15936K) Class: 2661K(2752K)->2661K(2752K)
[192.002s][info][gc             ] GC(600) Pause Young (Allocation Failure) 607M->528M(869M) 47.757ms
[192.002s][info][gc,cpu         ] GC(600) User=0.09s Sys=0.00s Real=0.05s
[192.126s][info][gc,start       ] GC(601) Pause Young (Allocation Failure)
[192.189s][info][gc,heap        ] GC(601) PSYoungGen: 142303K(222720K)->21984K(221696K) Eden: 111616K(111616K)->0K(111616K) From: 30687K(111104K)->21984K(110080K)
[192.189s][info][gc,heap        ] GC(601) ParOldGen: 510816K(667648K)->541559K(667648K)
[192.189s][info][gc,metaspace   ] GC(601) Metaspace: 18511K(18688K)->18511K(18688K) NonClass: 15850K(15936K)->15850K(15936K) Class: 2661K(2752K)->2661K(2752K)
[192.189s][info][gc             ] GC(601) Pause Young (Allocation Failure) 637M->550M(868M) 62.505ms
[192.189s][info][gc,cpu         ] GC(601) User=0.12s Sys=0.00s Real=0.06s
[192.298s][info][gc,start       ] GC(602) Pause Young (Allocation Failure)
[192.326s][info][gc,heap        ] GC(602) PSYoungGen: 133600K(221696K)->25888K(137728K) Eden: 111616K(111616K)->0K(111616K) From: 21984K(110080K)->25888K(26112K)
[192.326s][info][gc,heap        ] GC(602) ParOldGen: 541559K(667648K)->541559K(667648K)
[192.326s][info][gc,metaspace   ] GC(602) Metaspace: 18511K(18688K)->18511K(18688K) NonClass: 15850K(15936K)->15850K(15936K) Class: 2661K(2752K)->2661K(2752K)
[192.326s][info][gc             ] GC(602) Pause Young (Allocation Failure) 659M->554M(786M) 27.668ms
[192.326s][info][gc,cpu         ] GC(602) User=0.05s Sys=0.00s Real=0.03s
[192.435s][info][gc,start       ] GC(603) Pause Young (Allocation Failure)
[192.463s][info][gc,heap        ] GC(603) PSYoungGen: 137504K(137728K)->26496K(219136K) Eden: 111616K(111616K)->0K(118784K) From: 25888K(26112K)->26496K(100352K)
[192.463s][info][gc,heap        ] GC(603) ParOldGen: 541559K(667648K)->541559K(667648K)
[192.463s][info][gc,metaspace   ] GC(603) Metaspace: 18511K(18688K)->18511K(18688K) NonClass: 15850K(15936K)->15850K(15936K) Class: 2661K(2752K)->2661K(2752K)
[192.463s][info][gc             ] GC(603) Pause Young (Allocation Failure) 663M->554M(866M) 28.073ms
[192.463s][info][gc,cpu         ] GC(603) User=0.05s Sys=0.00s Real=0.03s
[192.609s][info][gc,start       ] GC(604) Pause Young (Allocation Failure)
[192.646s][info][gc,heap        ] GC(604) PSYoungGen: 145280K(219136K)->30496K(218112K) Eden: 118784K(118784K)->0K(118784K) From: 26496K(100352K)->30496K(99328K)
[192.646s][info][gc,heap        ] GC(604) ParOldGen: 541559K(667648K)->541559K(667648K)
[192.646s][info][gc,metaspace   ] GC(604) Metaspace: 18511K(18688K)->18511K(18688K) NonClass: 15850K(15936K)->15850K(15936K) Class: 2661K(2752K)->2661K(2752K)
[192.646s][info][gc             ] GC(604) Pause Young (Allocation Failure) 670M->558M(865M) 37.178ms
[192.646s][info][gc,cpu         ] GC(604) User=0.08s Sys=0.00s Real=0.04s
[192.804s][info][gc,start       ] GC(605) Pause Young (Allocation Failure)
[192.842s][info][gc,heap        ] GC(605) PSYoungGen: 149280K(218112K)->36576K(211456K) Eden: 118784K(118784K)->0K(127488K) From: 30496K(99328K)->36576K(83968K)
[192.842s][info][gc,heap        ] GC(605) ParOldGen: 541559K(667648K)->541559K(667648K)
[192.842s][info][gc,metaspace   ] GC(605) Metaspace: 18511K(18688K)->18511K(18688K) NonClass: 15850K(15936K)->15850K(15936K) Class: 2661K(2752K)->2661K(2752K)
[192.842s][info][gc             ] GC(605) Pause Young (Allocation Failure) 674M->564M(858M) 38.368ms
[192.842s][info][gc,cpu         ] GC(605) User=0.07s Sys=0.00s Real=0.04s
[193.047s][info][gc,start       ] GC(606) Pause Young (Allocation Failure)
[193.112s][info][gc,heap        ] GC(606) PSYoungGen: 164064K(211456K)->56432K(216064K) Eden: 127488K(127488K)->0K(127488K) From: 36576K(83968K)->56432K(88576K)
[193.112s][info][gc,heap        ] GC(606) ParOldGen: 541559K(667648K)->541559K(667648K)
[193.112s][info][gc,metaspace   ] GC(606) Metaspace: 18511K(18688K)->18511K(18688K) NonClass: 15850K(15936K)->15850K(15936K) Class: 2661K(2752K)->2661K(2752K)
[193.112s][info][gc             ] GC(606) Pause Young (Allocation Failure) 689M->583M(863M) 64.696ms
[193.112s][info][gc,cpu         ] GC(606) User=0.13s Sys=0.00s Real=0.07s
[193.446s][info][gc,start       ] GC(607) Pause Young (Allocation Failure)
[193.512s][info][gc,heap        ] GC(607) PSYoungGen: 183920K(216064K)->66866K(222720K) Eden: 127488K(127488K)->0K(131072K) From: 56432K(88576K)->66866K(91648K)
[193.512s][info][gc,heap        ] GC(607) ParOldGen: 541559K(667648K)->541559K(667648K)
[193.512s][info][gc,metaspace   ] GC(607) Metaspace: 18511K(18688K)->18511K(18688K) NonClass: 15850K(15936K)->15850K(15936K) Class: 2661K(2752K)->2661K(2752K)
[193.512s][info][gc             ] GC(607) Pause Young (Allocation Failure) 708M->594M(869M) 66.044ms
[193.512s][info][gc,cpu         ] GC(607) User=0.13s Sys=0.00s Real=0.07s
[193.586s][info][gc,start       ] GC(608) Pause Young (Allocation Failure)
[193.690s][info][gc,heap        ] GC(608) PSYoungGen: 197938K(222720K)->97250K(228352K) Eden: 131072K(131072K)->0K(131072K) From: 66866K(91648K)->97250K(97280K)
[193.690s][info][gc,heap        ] GC(608) ParOldGen: 541559K(667648K)->562471K(667648K)
[193.690s][info][gc,metaspace   ] GC(608) Metaspace: 18511K(18688K)->18511K(18688K) NonClass: 15850K(15936K)->15850K(15936K) Class: 2661K(2752K)->2661K(2752K)
[193.690s][info][gc             ] GC(608) Pause Young (Allocation Failure) 722M->644M(875M) 103.454ms
[193.690s][info][gc,cpu         ] GC(608) User=0.20s Sys=0.00s Real=0.10s
[193.900s][info][gc,start       ] GC(609) Pause Young (Allocation Failure)
[194.009s][info][gc,heap        ] GC(609) PSYoungGen: 228322K(228352K)->89938K(217088K) Eden: 131072K(131072K)->0K(111616K) From: 97250K(97280K)->89938K(105472K)
[194.009s][info][gc,heap        ] GC(609) ParOldGen: 562471K(667648K)->588407K(667648K)
[194.009s][info][gc,metaspace   ] GC(609) Metaspace: 18511K(18688K)->18511K(18688K) NonClass: 15850K(15936K)->15850K(15936K) Class: 2661K(2752K)->2661K(2752K)
[194.009s][info][gc             ] GC(609) Pause Young (Allocation Failure) 772M->662M(864M) 108.816ms
[194.009s][info][gc,cpu         ] GC(609) User=0.20s Sys=0.02s Real=0.11s
[194.186s][info][gc,start       ] GC(610) Pause Young (Allocation Failure)
[194.300s][info][gc,heap        ] GC(610) PSYoungGen: 201554K(217088K)->101698K(222720K) Eden: 111616K(111616K)->0K(111616K) From: 89938K(105472K)->101698K(111104K)
[194.300s][info][gc,heap        ] GC(610) ParOldGen: 588407K(667648K)->593039K(667648K)
[194.300s][info][gc,metaspace   ] GC(610) Metaspace: 18511K(18688K)->18511K(18688K) NonClass: 15850K(15936K)->15850K(15936K) Class: 2661K(2752K)->2661K(2752K)
[194.300s][info][gc             ] GC(610) Pause Young (Allocation Failure) 771M->678M(869M) 113.898ms
[194.300s][info][gc,cpu         ] GC(610) User=0.22s Sys=0.00s Real=0.11s
[194.442s][info][gc,start       ] GC(611) Pause Young (Allocation Failure)
[194.568s][info][gc,heap        ] GC(611) PSYoungGen: 213314K(222720K)->100082K(222720K) Eden: 111616K(111616K)->0K(111616K) From: 101698K(111104K)->100082K(111104K)
[194.568s][info][gc,heap        ] GC(611) ParOldGen: 593039K(667648K)->618983K(667648K)
[194.568s][info][gc,metaspace   ] GC(611) Metaspace: 18511K(18688K)->18511K(18688K) NonClass: 15850K(15936K)->15850K(15936K) Class: 2661K(2752K)->2661K(2752K)
[194.568s][info][gc             ] GC(611) Pause Young (Allocation Failure) 787M->702M(869M) 125.851ms
[194.568s][info][gc,cpu         ] GC(611) User=0.24s Sys=0.00s Real=0.12s
[194.713s][info][gc,start       ] GC(612) Pause Full (Allocation Failure)
[194.713s][info][gc,phases,start] GC(612) Marking Phase
[195.086s][info][gc,phases      ] GC(612) Marking Phase 373.157ms
[195.086s][info][gc,phases,start] GC(612) Summary Phase
[195.086s][info][gc,phases      ] GC(612) Summary Phase 0.028ms
[195.086s][info][gc,phases,start] GC(612) Forward
[195.225s][info][gc,phases      ] GC(612) Forward 139.170ms
[195.225s][info][gc,phases,start] GC(612) Adjust Pointers
[195.521s][info][gc,phases      ] GC(612) Adjust Pointers 295.364ms
[195.521s][info][gc,phases,start] GC(612) Compaction Phase
[195.688s][info][gc,phases      ] GC(612) Compaction Phase 167.012ms
[195.697s][info][gc,phases,start] GC(612) Post Compact
[195.699s][info][gc,phases      ] GC(612) Post Compact 2.360ms
[195.699s][info][gc,heap        ] GC(612) PSYoungGen: 211698K(222720K)->0K(222720K) Eden: 111616K(111616K)->0K(111616K) From: 100082K(111104K)->0K(111104K)
[195.699s][info][gc,heap        ] GC(612) ParOldGen: 618983K(667648K)->519211K(667648K)
[195.699s][info][gc,metaspace   ] GC(612) Metaspace: 18511K(18688K)->18511K(18688K) NonClass: 15850K(15936K)->15850K(15936K) Class: 2661K(2752K)->2661K(2752K)
[195.699s][info][gc             ] GC(612) Pause Full (Allocation Failure) 811M->507M(869M) 986.702ms
[195.699s][info][gc,cpu         ] GC(612) User=1.86s Sys=0.00s Real=0.98s
[195.788s][info][gc,start       ] GC(613) Pause Young (Allocation Failure)
[195.791s][info][gc,heap        ] GC(613) PSYoungGen: 111616K(222720K)->928K(222720K) Eden: 111616K(111616K)->0K(111616K) From: 0K(111104K)->928K(111104K)
[195.791s][info][gc,heap        ] GC(613) ParOldGen: 519211K(667648K)->519211K(667648K)
[195.791s][info][gc,metaspace   ] GC(613) Metaspace: 18511K(18688K)->18511K(18688K) NonClass: 15850K(15936K)->15850K(15936K) Class: 2661K(2752K)->2661K(2752K)
[195.791s][info][gc             ] GC(613) Pause Young (Allocation Failure) 616M->507M(869M) 2.995ms
[195.791s][info][gc,cpu         ] GC(613) User=0.00s Sys=0.00s Real=0.01s
[195.914s][info][gc,start       ] GC(614) Pause Young (Allocation Failure)
[195.921s][info][gc,heap        ] GC(614) PSYoungGen: 112544K(222720K)->1536K(222720K) Eden: 111616K(111616K)->0K(111616K) From: 928K(111104K)->1536K(111104K)
[195.921s][info][gc,heap        ] GC(614) ParOldGen: 519211K(667648K)->519211K(667648K)
[195.921s][info][gc,metaspace   ] GC(614) Metaspace: 18511K(18688K)->18511K(18688K) NonClass: 15850K(15936K)->15850K(15936K) Class: 2661K(2752K)->2661K(2752K)
[195.921s][info][gc             ] GC(614) Pause Young (Allocation Failure) 616M->508M(869M) 7.696ms
[195.921s][info][gc,cpu         ] GC(614) User=0.01s Sys=0.00s Real=0.01s
[196.040s][info][gc,start       ] GC(615) Pause Young (Allocation Failure)
[196.050s][info][gc,heap        ] GC(615) PSYoungGen: 113152K(222720K)->4512K(222720K) Eden: 111616K(111616K)->0K(111616K) From: 1536K(111104K)->4512K(111104K)
[196.050s][info][gc,heap        ] GC(615) ParOldGen: 519211K(667648K)->520115K(667648K)
[196.050s][info][gc,metaspace   ] GC(615) Metaspace: 18511K(18688K)->18511K(18688K) NonClass: 15850K(15936K)->15850K(15936K) Class: 2661K(2752K)->2661K(2752K)
[196.050s][info][gc             ] GC(615) Pause Young (Allocation Failure) 617M->512M(869M) 10.020ms
[196.050s][info][gc,cpu         ] GC(615) User=0.02s Sys=0.00s Real=0.01s
[196.208s][info][gc,start       ] GC(616) Pause Young (Allocation Failure)
[196.224s][info][gc,heap        ] GC(616) PSYoungGen: 116128K(222720K)->9472K(222720K) Eden: 111616K(111616K)->0K(111616K) From: 4512K(111104K)->9472K(111104K)
[196.224s][info][gc,heap        ] GC(616) ParOldGen: 520115K(667648K)->524611K(667648K)
[196.224s][info][gc,metaspace   ] GC(616) Metaspace: 18511K(18688K)->18511K(18688K) NonClass: 15850K(15936K)->15850K(15936K) Class: 2661K(2752K)->2661K(2752K)
[196.224s][info][gc             ] GC(616) Pause Young (Allocation Failure) 621M->521M(869M) 16.068ms
[196.224s][info][gc,cpu         ] GC(616) User=0.03s Sys=0.00s Real=0.02s
[196.388s][info][gc,start       ] GC(617) Pause Young (Allocation Failure)
[196.418s][info][gc,heap        ] GC(617) PSYoungGen: 121088K(222720K)->17248K(222720K) Eden: 111616K(111616K)->0K(111616K) From: 9472K(111104K)->17248K(111104K)
[196.418s][info][gc,heap        ] GC(617) ParOldGen: 524611K(667648K)->534059K(667648K)
[196.418s][info][gc,metaspace   ] GC(617) Metaspace: 18511K(18688K)->18511K(18688K) NonClass: 15850K(15936K)->15850K(15936K) Class: 2661K(2752K)->2661K(2752K)
[196.418s][info][gc             ] GC(617) Pause Young (Allocation Failure) 630M->538M(869M) 29.609ms
[196.418s][info][gc,cpu         ] GC(617) User=0.05s Sys=0.00s Real=0.03s
[196.765s][info][gc,start       ] GC(618) Pause Young (Allocation Failure)
[196.783s][info][gc,heap        ] GC(618) PSYoungGen: 128864K(222720K)->64K(222720K) Eden: 111616K(111616K)->0K(111616K) From: 17248K(111104K)->64K(111104K)
[196.783s][info][gc,heap        ] GC(618) ParOldGen: 534059K(667648K)->551332K(667648K)
[196.783s][info][gc,metaspace   ] GC(618) Metaspace: 18511K(18688K)->18511K(18688K) NonClass: 15850K(15936K)->15850K(15936K) Class: 2661K(2752K)->2661K(2752K)
[196.784s][info][gc             ] GC(618) Pause Young (Allocation Failure) 647M->538M(869M) 18.895ms
[196.784s][info][gc,cpu         ] GC(618) User=0.04s Sys=0.01s Real=0.02s
[197.032s][info][gc,start       ] GC(619) Pause Young (Allocation Failure)
[197.034s][info][gc,heap        ] GC(619) PSYoungGen: 111680K(222720K)->64K(222720K) Eden: 111616K(111616K)->0K(111616K) From: 64K(111104K)->64K(111104K)
[197.034s][info][gc,heap        ] GC(619) ParOldGen: 551332K(667648K)->551364K(667648K)
[197.034s][info][gc,metaspace   ] GC(619) Metaspace: 18511K(18688K)->18511K(18688K) NonClass: 15850K(15936K)->15850K(15936K) Class: 2661K(2752K)->2661K(2752K)
[197.034s][info][gc             ] GC(619) Pause Young (Allocation Failure) 647M->538M(869M) 1.890ms
[197.034s][info][gc,cpu         ] GC(619) User=0.01s Sys=0.00s Real=0.00s
[197.295s][info][gc,start       ] GC(620) Pause Young (Allocation Failure)
[197.298s][info][gc,heap        ] GC(620) PSYoungGen: 111680K(222720K)->64K(222720K) Eden: 111616K(111616K)->0K(111616K) From: 64K(111104K)->64K(111104K)
[197.298s][info][gc,heap        ] GC(620) ParOldGen: 551364K(667648K)->551380K(667648K)
[197.298s][info][gc,metaspace   ] GC(620) Metaspace: 18511K(18688K)->18511K(18688K) NonClass: 15850K(15936K)->15850K(15936K) Class: 2661K(2752K)->2661K(2752K)
[197.298s][info][gc             ] GC(620) Pause Young (Allocation Failure) 647M->538M(869M) 2.876ms
[197.298s][info][gc,cpu         ] GC(620) User=0.00s Sys=0.00s Real=0.00s
[197.535s][info][gc,start       ] GC(621) Pause Young (Allocation Failure)
[197.545s][info][gc,heap        ] GC(621) PSYoungGen: 111680K(222720K)->128K(222720K) Eden: 111616K(111616K)->0K(111616K) From: 64K(111104K)->128K(111104K)
[197.545s][info][gc,heap        ] GC(621) ParOldGen: 551380K(667648K)->551396K(667648K)
[197.545s][info][gc,metaspace   ] GC(621) Metaspace: 18511K(18688K)->18511K(18688K) NonClass: 15850K(15936K)->15850K(15936K) Class: 2661K(2752K)->2661K(2752K)
[197.545s][info][gc             ] GC(621) Pause Young (Allocation Failure) 647M->538M(869M) 10.243ms
[197.545s][info][gc,cpu         ] GC(621) User=0.02s Sys=0.00s Real=0.01s
[197.735s][info][gc,start       ] GC(622) Pause Young (Allocation Failure)
[197.747s][info][gc,heap        ] GC(622) PSYoungGen: 111744K(222720K)->14816K(222720K) Eden: 111616K(111616K)->0K(111616K) From: 128K(111104K)->14816K(111104K)
[197.747s][info][gc,heap        ] GC(622) ParOldGen: 551396K(667648K)->551484K(667648K)
[197.747s][info][gc,metaspace   ] GC(622) Metaspace: 18511K(18688K)->18511K(18688K) NonClass: 15850K(15936K)->15850K(15936K) Class: 2661K(2752K)->2661K(2752K)
[197.747s][info][gc             ] GC(622) Pause Young (Allocation Failure) 647M->553M(869M) 11.597ms
[197.747s][info][gc,cpu         ] GC(622) User=0.02s Sys=0.00s Real=0.01s
[197.835s][info][gc,start       ] GC(623) Pause Young (Allocation Failure)
[197.878s][info][gc,heap        ] GC(623) PSYoungGen: 126432K(222720K)->37952K(218624K) Eden: 111616K(111616K)->0K(111616K) From: 14816K(111104K)->37952K(107008K)
[197.878s][info][gc,heap        ] GC(623) ParOldGen: 551484K(667648K)->566476K(667648K)
[197.878s][info][gc,metaspace   ] GC(623) Metaspace: 18511K(18688K)->18511K(18688K) NonClass: 15850K(15936K)->15850K(15936K) Class: 2661K(2752K)->2661K(2752K)
[197.878s][info][gc             ] GC(623) Pause Young (Allocation Failure) 662M->590M(865M) 43.219ms
[197.878s][info][gc,cpu         ] GC(623) User=0.09s Sys=0.00s Real=0.04s
[198.062s][info][gc,start       ] GC(624) Pause Young (Allocation Failure)
[198.101s][info][gc,heap        ] GC(624) PSYoungGen: 149568K(218624K)->59408K(220672K) Eden: 111616K(111616K)->0K(111616K) From: 37952K(107008K)->59408K(109056K)
[198.101s][info][gc,heap        ] GC(624) ParOldGen: 566476K(667648K)->566476K(667648K)
[198.101s][info][gc,metaspace   ] GC(624) Metaspace: 18511K(18688K)->18511K(18688K) NonClass: 15850K(15936K)->15850K(15936K) Class: 2661K(2752K)->2661K(2752K)
[198.101s][info][gc             ] GC(624) Pause Young (Allocation Failure) 699M->611M(867M) 38.290ms
[198.101s][info][gc,cpu         ] GC(624) User=0.08s Sys=0.00s Real=0.04s
[198.223s][info][gc,start       ] GC(625) Pause Young (Allocation Failure)
[198.266s][info][gc,heap        ] GC(625) PSYoungGen: 171024K(220672K)->2432K(222720K) Eden: 111616K(111616K)->0K(113664K) From: 59408K(109056K)->2432K(109056K)
[198.266s][info][gc,heap        ] GC(625) ParOldGen: 566476K(667648K)->626557K(667648K)
[198.266s][info][gc,metaspace   ] GC(625) Metaspace: 18511K(18688K)->18511K(18688K) NonClass: 15850K(15936K)->15850K(15936K) Class: 2661K(2752K)->2661K(2752K)
[198.266s][info][gc             ] GC(625) Pause Young (Allocation Failure) 720M->614M(869M) 42.767ms
[198.266s][info][gc,cpu         ] GC(625) User=0.09s Sys=0.00s Real=0.04s
[198.420s][info][gc,start       ] GC(626) Pause Full (Allocation Failure)
[198.420s][info][gc,phases,start] GC(626) Marking Phase
[198.869s][info][gc,phases      ] GC(626) Marking Phase 449.023ms
[198.869s][info][gc,phases,start] GC(626) Summary Phase
[198.869s][info][gc,phases      ] GC(626) Summary Phase 0.026ms
[198.869s][info][gc,phases,start] GC(626) Forward
[198.970s][info][gc,phases      ] GC(626) Forward 101.181ms
[198.970s][info][gc,phases,start] GC(626) Adjust Pointers
[199.309s][info][gc,phases      ] GC(626) Adjust Pointers 338.677ms
[199.309s][info][gc,phases,start] GC(626) Compaction Phase
[199.500s][info][gc,phases      ] GC(626) Compaction Phase 190.653ms
[199.509s][info][gc,phases,start] GC(626) Post Compact
[199.511s][info][gc,phases      ] GC(626) Post Compact 2.127ms
[199.511s][info][gc,heap        ] GC(626) PSYoungGen: 116096K(222720K)->0K(222720K) Eden: 113664K(113664K)->0K(113664K) From: 2432K(109056K)->0K(109056K)
[199.511s][info][gc,heap        ] GC(626) ParOldGen: 626557K(667648K)->639905K(667648K)
[199.511s][info][gc,metaspace   ] GC(626) Metaspace: 18511K(18688K)->18511K(18688K) NonClass: 15850K(15936K)->15850K(15936K) Class: 2661K(2752K)->2661K(2752K)
[199.511s][info][gc             ] GC(626) Pause Full (Allocation Failure) 725M->624M(869M) 1091.398ms
[199.511s][info][gc,cpu         ] GC(626) User=2.14s Sys=0.00s Real=1.10s
[199.643s][info][gc,start       ] GC(627) Pause Full (Allocation Failure)
[199.643s][info][gc,phases,start] GC(627) Marking Phase
[200.115s][info][gc,phases      ] GC(627) Marking Phase 472.076ms
[200.115s][info][gc,phases,start] GC(627) Summary Phase
[200.115s][info][gc,phases      ] GC(627) Summary Phase 0.024ms
[200.115s][info][gc,phases,start] GC(627) Forward
[200.124s][info][gc,phases      ] GC(627) Forward 8.798ms
[200.124s][info][gc,phases,start] GC(627) Adjust Pointers
[200.437s][info][gc,phases      ] GC(627) Adjust Pointers 312.812ms
[200.437s][info][gc,phases,start] GC(627) Compaction Phase
[200.582s][info][gc,phases      ] GC(627) Compaction Phase 145.446ms
[200.582s][info][gc,phases,start] GC(627) Post Compact
[200.584s][info][gc,phases      ] GC(627) Post Compact 2.145ms
[200.584s][info][gc,heap        ] GC(627) PSYoungGen: 113664K(222720K)->0K(224768K) Eden: 113664K(113664K)->0K(115712K) From: 0K(109056K)->0K(109056K)
[200.584s][info][gc,heap        ] GC(627) ParOldGen: 639905K(667648K)->660429K(667648K)
[200.584s][info][gc,metaspace   ] GC(627) Metaspace: 18511K(18688K)->18511K(18688K) NonClass: 15850K(15936K)->15850K(15936K) Class: 2661K(2752K)->2661K(2752K)
[200.585s][info][gc             ] GC(627) Pause Full (Allocation Failure) 735M->644M(871M) 941.682ms
[200.585s][info][gc,cpu         ] GC(627) User=1.84s Sys=0.01s Real=0.94s
[200.682s][info][gc,start       ] GC(628) Pause Full (Allocation Failure)
[200.682s][info][gc,phases,start] GC(628) Marking Phase
[201.155s][info][gc,phases      ] GC(628) Marking Phase 473.472ms
[201.155s][info][gc,phases,start] GC(628) Summary Phase
[201.155s][info][gc,phases      ] GC(628) Summary Phase 0.036ms
[201.155s][info][gc,phases,start] GC(628) Forward
[201.159s][info][gc,phases      ] GC(628) Forward 3.253ms
[201.159s][info][gc,phases,start] GC(628) Adjust Pointers
[201.469s][info][gc,phases      ] GC(628) Adjust Pointers 310.062ms
[201.469s][info][gc,phases,start] GC(628) Compaction Phase
[201.611s][info][gc,phases      ] GC(628) Compaction Phase 142.057ms
[201.611s][info][gc,phases,start] GC(628) Post Compact
[201.613s][info][gc,phases      ] GC(628) Post Compact 2.190ms
[201.613s][info][gc,heap        ] GC(628) PSYoungGen: 115712K(224768K)->0K(224768K) Eden: 115712K(115712K)->0K(115712K) From: 0K(109056K)->0K(109056K)
[201.613s][info][gc,heap        ] GC(628) ParOldGen: 660429K(667648K)->664393K(667648K)
[201.613s][info][gc,metaspace   ] GC(628) Metaspace: 18511K(18688K)->18511K(18688K) NonClass: 15850K(15936K)->15850K(15936K) Class: 2661K(2752K)->2661K(2752K)
[201.613s][info][gc             ] GC(628) Pause Full (Allocation Failure) 757M->648M(871M) 931.446ms
[201.613s][info][gc,cpu         ] GC(628) User=1.82s Sys=0.00s Real=0.93s
[201.734s][info][gc,start       ] GC(629) Pause Full (Allocation Failure)
[201.734s][info][gc,phases,start] GC(629) Marking Phase
[202.206s][info][gc,phases      ] GC(629) Marking Phase 472.645ms
[202.206s][info][gc,phases,start] GC(629) Summary Phase
[202.206s][info][gc,phases      ] GC(629) Summary Phase 0.024ms
[202.206s][info][gc,phases,start] GC(629) Forward
[202.207s][info][gc,phases      ] GC(629) Forward 0.807ms
[202.207s][info][gc,phases,start] GC(629) Adjust Pointers
[202.519s][info][gc,phases      ] GC(629) Adjust Pointers 311.864ms
[202.519s][info][gc,phases,start] GC(629) Compaction Phase
[202.662s][info][gc,phases      ] GC(629) Compaction Phase 142.965ms
[202.662s][info][gc,phases,start] GC(629) Post Compact
[202.664s][info][gc,phases      ] GC(629) Post Compact 2.204ms
[202.664s][info][gc,heap        ] GC(629) PSYoungGen: 115712K(224768K)->0K(224768K) Eden: 115712K(115712K)->0K(115712K) From: 0K(109056K)->0K(109056K)
[202.664s][info][gc,heap        ] GC(629) ParOldGen: 664393K(667648K)->665115K(667648K)
[202.664s][info][gc,metaspace   ] GC(629) Metaspace: 18511K(18688K)->18511K(18688K) NonClass: 15850K(15936K)->15850K(15936K) Class: 2661K(2752K)->2661K(2752K)
[202.664s][info][gc             ] GC(629) Pause Full (Allocation Failure) 761M->649M(871M) 930.894ms
[202.664s][info][gc,cpu         ] GC(629) User=1.83s Sys=0.00s Real=0.93s
[202.784s][info][gc,start       ] GC(630) Pause Full (Allocation Failure)
[202.784s][info][gc,phases,start] GC(630) Marking Phase
[203.271s][info][gc,phases      ] GC(630) Marking Phase 486.964ms
[203.271s][info][gc,phases,start] GC(630) Summary Phase
[203.271s][info][gc,phases      ] GC(630) Summary Phase 0.022ms
[203.271s][info][gc,phases,start] GC(630) Forward
[203.273s][info][gc,phases      ] GC(630) Forward 2.006ms
[203.273s][info][gc,phases,start] GC(630) Adjust Pointers
[203.587s][info][gc,phases      ] GC(630) Adjust Pointers 314.024ms
[203.587s][info][gc,phases,start] GC(630) Compaction Phase
[203.730s][info][gc,phases      ] GC(630) Compaction Phase 142.708ms
[203.730s][info][gc,phases,start] GC(630) Post Compact
[203.732s][info][gc,phases      ] GC(630) Post Compact 2.205ms
[203.732s][info][gc,heap        ] GC(630) PSYoungGen: 115712K(224768K)->1345K(224768K) Eden: 115712K(115712K)->1345K(115712K) From: 0K(109056K)->0K(109056K)
[203.732s][info][gc,heap        ] GC(630) ParOldGen: 665115K(667648K)->667641K(667648K)
[203.732s][info][gc,metaspace   ] GC(630) Metaspace: 18511K(18688K)->18511K(18688K) NonClass: 15850K(15936K)->15850K(15936K) Class: 2661K(2752K)->2661K(2752K)
[203.732s][info][gc             ] GC(630) Pause Full (Allocation Failure) 762M->653M(871M) 948.337ms
[203.732s][info][gc,cpu         ] GC(630) User=1.86s Sys=0.01s Real=0.95s
[203.886s][info][gc,start       ] GC(631) Pause Full (Allocation Failure)
[203.886s][info][gc,phases,start] GC(631) Marking Phase
[204.369s][info][gc,phases      ] GC(631) Marking Phase 482.707ms
[204.369s][info][gc,phases,start] GC(631) Summary Phase
[204.369s][info][gc,phases      ] GC(631) Summary Phase 0.023ms
[204.369s][info][gc,phases,start] GC(631) Forward
[204.377s][info][gc,phases      ] GC(631) Forward 7.348ms
[204.377s][info][gc,phases,start] GC(631) Adjust Pointers
[204.696s][info][gc,phases      ] GC(631) Adjust Pointers 319.101ms
[204.696s][info][gc,phases,start] GC(631) Compaction Phase
[204.842s][info][gc,phases      ] GC(631) Compaction Phase 146.093ms
[204.842s][info][gc,phases,start] GC(631) Post Compact
[204.844s][info][gc,phases      ] GC(631) Post Compact 2.187ms
[204.844s][info][gc,heap        ] GC(631) PSYoungGen: 115712K(224768K)->10492K(224768K) Eden: 115712K(115712K)->10492K(115712K) From: 0K(109056K)->0K(109056K)
[204.844s][info][gc,heap        ] GC(631) ParOldGen: 667641K(667648K)->667641K(667648K)
[204.844s][info][gc,metaspace   ] GC(631) Metaspace: 18511K(18688K)->18511K(18688K) NonClass: 15850K(15936K)->15850K(15936K) Class: 2661K(2752K)->2661K(2752K)
[204.844s][info][gc             ] GC(631) Pause Full (Allocation Failure) 764M->662M(871M) 957.857ms
[204.844s][info][gc,cpu         ] GC(631) User=1.87s Sys=0.00s Real=0.96s
[205.014s][info][gc,start       ] GC(632) Pause Full (Allocation Failure)
[205.014s][info][gc,phases,start] GC(632) Marking Phase
[205.405s][info][gc,phases      ] GC(632) Marking Phase 391.382ms
[205.405s][info][gc,phases,start] GC(632) Summary Phase
[205.405s][info][gc,phases      ] GC(632) Summary Phase 0.027ms
[205.405s][info][gc,phases,start] GC(632) Forward
[205.551s][info][gc,phases      ] GC(632) Forward 145.230ms
[205.551s][info][gc,phases,start] GC(632) Adjust Pointers
[205.845s][info][gc,phases      ] GC(632) Adjust Pointers 293.977ms
[205.845s][info][gc,phases,start] GC(632) Compaction Phase
[206.048s][info][gc,phases      ] GC(632) Compaction Phase 203.533ms
[206.057s][info][gc,phases,start] GC(632) Post Compact
[206.060s][info][gc,phases      ] GC(632) Post Compact 2.294ms
[206.060s][info][gc,heap        ] GC(632) PSYoungGen: 115712K(224768K)->0K(224768K) Eden: 115712K(115712K)->0K(115712K) From: 0K(109056K)->0K(109056K)
[206.060s][info][gc,heap        ] GC(632) ParOldGen: 667641K(667648K)->541572K(667648K)
[206.060s][info][gc,metaspace   ] GC(632) Metaspace: 18511K(18688K)->18511K(18688K) NonClass: 15850K(15936K)->15850K(15936K) Class: 2661K(2752K)->2661K(2752K)
[206.060s][info][gc             ] GC(632) Pause Full (Allocation Failure) 764M->528M(871M) 1046.042ms
[206.060s][info][gc,cpu         ] GC(632) User=1.98s Sys=0.00s Real=1.04s
[206.337s][info][gc,start       ] GC(633) Pause Young (Allocation Failure)
[206.346s][info][gc,heap        ] GC(633) PSYoungGen: 115712K(224768K)->4539K(216576K) Eden: 115712K(115712K)->0K(115712K) From: 0K(109056K)->4539K(100864K)
[206.346s][info][gc,heap        ] GC(633) ParOldGen: 541572K(667648K)->541572K(667648K)
[206.346s][info][gc,metaspace   ] GC(633) Metaspace: 18511K(18688K)->18511K(18688K) NonClass: 15850K(15936K)->15850K(15936K) Class: 2661K(2752K)->2661K(2752K)
[206.346s][info][gc             ] GC(633) Pause Young (Allocation Failure) 641M->533M(863M) 8.328ms
[206.346s][info][gc,cpu         ] GC(633) User=0.02s Sys=0.00s Real=0.01s
[206.514s][info][gc,start       ] GC(634) Pause Young (Allocation Failure)
[206.531s][info][gc,heap        ] GC(634) PSYoungGen: 120251K(216576K)->15755K(131584K) Eden: 115712K(115712K)->0K(115712K) From: 4539K(100864K)->15755K(15872K)
[206.531s][info][gc,heap        ] GC(634) ParOldGen: 541572K(667648K)->541572K(667648K)
[206.531s][info][gc,metaspace   ] GC(634) Metaspace: 18511K(18688K)->18511K(18688K) NonClass: 15850K(15936K)->15850K(15936K) Class: 2661K(2752K)->2661K(2752K)
[206.531s][info][gc             ] GC(634) Pause Young (Allocation Failure) 646M->544M(780M) 16.289ms
[206.531s][info][gc,cpu         ] GC(634) User=0.03s Sys=0.01s Real=0.02s
[206.658s][info][gc,start       ] GC(635) Pause Young (Allocation Failure)
[206.673s][info][gc,heap        ] GC(635) PSYoungGen: 131467K(131584K)->15483K(204288K) Eden: 115712K(115712K)->0K(118784K) From: 15755K(15872K)->15483K(85504K)
[206.673s][info][gc,heap        ] GC(635) ParOldGen: 541572K(667648K)->541572K(667648K)
[206.673s][info][gc,metaspace   ] GC(635) Metaspace: 18516K(18752K)->18516K(18752K) NonClass: 15855K(16000K)->15855K(16000K) Class: 2661K(2752K)->2661K(2752K)
[206.673s][info][gc             ] GC(635) Pause Young (Allocation Failure) 657M->543M(851M) 15.335ms
[206.673s][info][gc,cpu         ] GC(635) User=0.03s Sys=0.00s Real=0.02s
[206.805s][info][gc,start       ] GC(636) Pause Young (Allocation Failure)
[206.827s][info][gc,heap        ] GC(636) PSYoungGen: 134267K(204288K)->24827K(143872K) Eden: 118784K(118784K)->0K(118784K) From: 15483K(85504K)->24827K(25088K)
[206.827s][info][gc,heap        ] GC(636) ParOldGen: 541572K(667648K)->541572K(667648K)
[206.827s][info][gc,metaspace   ] GC(636) Metaspace: 18517K(18752K)->18517K(18752K) NonClass: 15856K(16000K)->15856K(16000K) Class: 2661K(2752K)->2661K(2752K)
[206.827s][info][gc             ] GC(636) Pause Young (Allocation Failure) 659M->553M(792M) 22.290ms
[206.827s][info][gc,cpu         ] GC(636) User=0.04s Sys=0.00s Real=0.02s
[206.962s][info][gc,start       ] GC(637) Pause Young (Allocation Failure)
[206.997s][info][gc,heap        ] GC(637) PSYoungGen: 143611K(143872K)->38491K(208384K) Eden: 118784K(118784K)->0K(122880K) From: 24827K(25088K)->38491K(85504K)
[206.997s][info][gc,heap        ] GC(637) ParOldGen: 541572K(667648K)->541572K(667648K)
[206.997s][info][gc,metaspace   ] GC(637) Metaspace: 18517K(18752K)->18517K(18752K) NonClass: 15856K(16000K)->15856K(16000K) Class: 2661K(2752K)->2661K(2752K)
[206.997s][info][gc             ] GC(637) Pause Young (Allocation Failure) 669M->566M(855M) 34.946ms
[206.997s][info][gc,cpu         ] GC(637) User=0.07s Sys=0.00s Real=0.03s
[207.208s][info][gc,start       ] GC(638) Pause Young (Allocation Failure)
[207.253s][info][gc,heap        ] GC(638) PSYoungGen: 161371K(208384K)->41611K(208384K) Eden: 122880K(122880K)->0K(122880K) From: 38491K(85504K)->41611K(85504K)
[207.253s][info][gc,heap        ] GC(638) ParOldGen: 541572K(667648K)->541572K(667648K)
[207.253s][info][gc,metaspace   ] GC(638) Metaspace: 18520K(18752K)->18520K(18752K) NonClass: 15859K(16000K)->15859K(16000K) Class: 2661K(2752K)->2661K(2752K)
[207.253s][info][gc             ] GC(638) Pause Young (Allocation Failure) 686M->569M(855M) 45.782ms
[207.253s][info][gc,cpu         ] GC(638) User=0.09s Sys=0.00s Real=0.05s
[207.503s][info][gc,start       ] GC(639) Pause Young (Allocation Failure)
[207.542s][info][gc,heap        ] GC(639) PSYoungGen: 164491K(208384K)->43883K(211456K) Eden: 122880K(122880K)->0K(125952K) From: 41611K(85504K)->43883K(85504K)
[207.542s][info][gc,heap        ] GC(639) ParOldGen: 541572K(667648K)->541572K(667648K)
[207.542s][info][gc,metaspace   ] GC(639) Metaspace: 18522K(18752K)->18522K(18752K) NonClass: 15861K(16000K)->15861K(16000K) Class: 2661K(2752K)->2661K(2752K)
[207.542s][info][gc             ] GC(639) Pause Young (Allocation Failure) 689M->571M(858M) 39.666ms
[207.542s][info][gc,cpu         ] GC(639) User=0.08s Sys=0.00s Real=0.04s
[207.685s][info][gc,start       ] GC(640) Pause Young (Allocation Failure)
[207.737s][info][gc,heap        ] GC(640) PSYoungGen: 169835K(211456K)->57275K(212480K) Eden: 125952K(125952K)->0K(125952K) From: 43883K(85504K)->57275K(86528K)
[207.737s][info][gc,heap        ] GC(640) ParOldGen: 541572K(667648K)->541572K(667648K)
[207.737s][info][gc,metaspace   ] GC(640) Metaspace: 18522K(18752K)->18522K(18752K) NonClass: 15861K(16000K)->15861K(16000K) Class: 2661K(2752K)->2661K(2752K)
[207.737s][info][gc             ] GC(640) Pause Young (Allocation Failure) 694M->584M(859M) 52.120ms
[207.737s][info][gc,cpu         ] GC(640) User=0.10s Sys=0.00s Real=0.05s
[207.856s][info][gc,start       ] GC(641) Pause Young (Allocation Failure)
[207.894s][info][gc,heap        ] GC(641) PSYoungGen: 183227K(212480K)->48971K(222208K) Eden: 125952K(125952K)->0K(130560K) From: 57275K(86528K)->48971K(91648K)
[207.894s][info][gc,heap        ] GC(641) ParOldGen: 541572K(667648K)->541572K(667648K)
[207.894s][info][gc,metaspace   ] GC(641) Metaspace: 18522K(18752K)->18522K(18752K) NonClass: 15861K(16000K)->15861K(16000K) Class: 2661K(2752K)->2661K(2752K)
[207.894s][info][gc             ] GC(641) Pause Young (Allocation Failure) 707M->576M(869M) 38.149ms
[207.894s][info][gc,cpu         ] GC(641) User=0.07s Sys=0.00s Real=0.04s
[208.025s][info][gc,start       ] GC(642) Pause Young (Allocation Failure)
[208.092s][info][gc,heap        ] GC(642) PSYoungGen: 179531K(222208K)->92140K(222720K) Eden: 130560K(130560K)->0K(130560K) From: 48971K(91648K)->92140K(92160K)
[208.092s][info][gc,heap        ] GC(642) ParOldGen: 541572K(667648K)->541612K(667648K)
[208.092s][info][gc,metaspace   ] GC(642) Metaspace: 18522K(18752K)->18522K(18752K) NonClass: 15861K(16000K)->15861K(16000K) Class: 2661K(2752K)->2661K(2752K)
[208.092s][info][gc             ] GC(642) Pause Young (Allocation Failure) 704M->618M(869M) 66.479ms
[208.092s][info][gc,cpu         ] GC(642) User=0.13s Sys=0.00s Real=0.07s
[208.259s][info][gc,start       ] GC(643) Pause Young (Allocation Failure)
[208.334s][info][gc,heap        ] GC(643) PSYoungGen: 222700K(222720K)->90992K(219648K) Eden: 130560K(130560K)->0K(111616K) From: 92140K(92160K)->90992K(108032K)
[208.334s][info][gc,heap        ] GC(643) ParOldGen: 541612K(667648K)->546152K(667648K)
[208.334s][info][gc,metaspace   ] GC(643) Metaspace: 18522K(18752K)->18522K(18752K) NonClass: 15861K(16000K)->15861K(16000K) Class: 2661K(2752K)->2661K(2752K)
[208.334s][info][gc             ] GC(643) Pause Young (Allocation Failure) 746M->622M(866M) 75.147ms
[208.334s][info][gc,cpu         ] GC(643) User=0.13s Sys=0.01s Real=0.08s
[208.504s][info][gc,start       ] GC(644) Pause Young (Allocation Failure)
[208.596s][info][gc,heap        ] GC(644) PSYoungGen: 202608K(219648K)->106016K(222720K) Eden: 111616K(111616K)->0K(111616K) From: 90992K(108032K)->106016K(111104K)
[208.596s][info][gc,heap        ] GC(644) ParOldGen: 546152K(667648K)->546408K(667648K)
[208.596s][info][gc,metaspace   ] GC(644) Metaspace: 18522K(18752K)->18522K(18752K) NonClass: 15861K(16000K)->15861K(16000K) Class: 2661K(2752K)->2661K(2752K)
[208.596s][info][gc             ] GC(644) Pause Young (Allocation Failure) 731M->637M(869M) 92.052ms
[208.596s][info][gc,cpu         ] GC(644) User=0.18s Sys=0.00s Real=0.09s
[208.732s][info][gc,start       ] GC(645) Pause Young (Allocation Failure)
[208.867s][info][gc,heap        ] GC(645) PSYoungGen: 217632K(222720K)->111072K(222720K) Eden: 111616K(111616K)->0K(111616K) From: 106016K(111104K)->111072K(111104K)
[208.867s][info][gc,heap        ] GC(645) ParOldGen: 546408K(667648K)->563168K(667648K)
[208.867s][info][gc,metaspace   ] GC(645) Metaspace: 18522K(18752K)->18522K(18752K) NonClass: 15861K(16000K)->15861K(16000K) Class: 2661K(2752K)->2661K(2752K)
[208.867s][info][gc             ] GC(645) Pause Young (Allocation Failure) 746M->658M(869M) 135.240ms
[208.867s][info][gc,cpu         ] GC(645) User=0.26s Sys=0.01s Real=0.13s
[208.985s][info][gc,start       ] GC(646) Pause Young (Allocation Failure)
[209.105s][info][gc,heap        ] GC(646) PSYoungGen: 222688K(222720K)->111072K(222720K) Eden: 111616K(111616K)->0K(111616K) From: 111072K(111104K)->111072K(111104K)
[209.105s][info][gc,heap        ] GC(646) ParOldGen: 563168K(667648K)->567136K(667648K)
[209.105s][info][gc,metaspace   ] GC(646) Metaspace: 18522K(18752K)->18522K(18752K) NonClass: 15861K(16000K)->15861K(16000K) Class: 2661K(2752K)->2661K(2752K)
[209.105s][info][gc             ] GC(646) Pause Young (Allocation Failure) 767M->662M(869M) 119.806ms
[209.105s][info][gc,cpu         ] GC(646) User=0.23s Sys=0.00s Real=0.12s
[209.225s][info][gc,start       ] GC(647) Pause Young (Allocation Failure)
[209.338s][info][gc,heap        ] GC(647) PSYoungGen: 222688K(222720K)->82800K(222720K) Eden: 111616K(111616K)->0K(111616K) From: 111072K(111104K)->82800K(111104K)
[209.338s][info][gc,heap        ] GC(647) ParOldGen: 567136K(667648K)->596448K(667648K)
[209.338s][info][gc,metaspace   ] GC(647) Metaspace: 18522K(18752K)->18522K(18752K) NonClass: 15861K(16000K)->15861K(16000K) Class: 2661K(2752K)->2661K(2752K)
[209.338s][info][gc             ] GC(647) Pause Young (Allocation Failure) 771M->663M(869M) 112.813ms
[209.338s][info][gc,cpu         ] GC(647) User=0.23s Sys=0.00s Real=0.11s
[209.470s][info][gc,start       ] GC(648) Pause Young (Allocation Failure)
[209.561s][info][gc,heap        ] GC(648) PSYoungGen: 194416K(222720K)->40352K(222720K) Eden: 111616K(111616K)->0K(111616K) From: 82800K(111104K)->40352K(111104K)
[209.561s][info][gc,heap        ] GC(648) ParOldGen: 596448K(667648K)->643444K(667648K)
[209.561s][info][gc,metaspace   ] GC(648) Metaspace: 18522K(18752K)->18522K(18752K) NonClass: 15861K(16000K)->15861K(16000K) Class: 2661K(2752K)->2661K(2752K)
[209.561s][info][gc             ] GC(648) Pause Young (Allocation Failure) 772M->667M(869M) 91.042ms
[209.561s][info][gc,cpu         ] GC(648) User=0.18s Sys=0.00s Real=0.10s
[209.699s][info][gc,start       ] GC(649) Pause Full (Allocation Failure)
[209.699s][info][gc,phases,start] GC(649) Marking Phase
[210.076s][info][gc,phases      ] GC(649) Marking Phase 377.081ms
[210.077s][info][gc,phases,start] GC(649) Summary Phase
[210.077s][info][gc,phases      ] GC(649) Summary Phase 0.027ms
[210.077s][info][gc,phases,start] GC(649) Forward
[210.191s][info][gc,phases      ] GC(649) Forward 113.953ms
[210.191s][info][gc,phases,start] GC(649) Adjust Pointers
[210.462s][info][gc,phases      ] GC(649) Adjust Pointers 271.727ms
[210.462s][info][gc,phases,start] GC(649) Compaction Phase
[210.621s][info][gc,phases      ] GC(649) Compaction Phase 158.835ms
[210.631s][info][gc,phases,start] GC(649) Post Compact
[210.634s][info][gc,phases      ] GC(649) Post Compact 2.300ms
[210.634s][info][gc,heap        ] GC(649) PSYoungGen: 151968K(222720K)->0K(222720K) Eden: 111616K(111616K)->0K(111616K) From: 40352K(111104K)->0K(111104K)
[210.634s][info][gc,heap        ] GC(649) ParOldGen: 643444K(667648K)->517866K(667648K)
[210.634s][info][gc,metaspace   ] GC(649) Metaspace: 18522K(18752K)->18522K(18752K) NonClass: 15861K(16000K)->15861K(16000K) Class: 2661K(2752K)->2661K(2752K)
[210.634s][info][gc             ] GC(649) Pause Full (Allocation Failure) 776M->505M(869M) 934.584ms
[210.634s][info][gc,cpu         ] GC(649) User=1.77s Sys=0.00s Real=0.94s
[210.828s][info][gc,start       ] GC(650) Pause Young (Allocation Failure)
[210.857s][info][gc,heap        ] GC(650) PSYoungGen: 111616K(222720K)->17936K(222720K) Eden: 111616K(111616K)->0K(111616K) From: 0K(111104K)->17936K(111104K)
[210.857s][info][gc,heap        ] GC(650) ParOldGen: 517866K(667648K)->517866K(667648K)
[210.857s][info][gc,metaspace   ] GC(650) Metaspace: 18522K(18752K)->18522K(18752K) NonClass: 15861K(16000K)->15861K(16000K) Class: 2661K(2752K)->2661K(2752K)
[210.857s][info][gc             ] GC(650) Pause Young (Allocation Failure) 614M->523M(869M) 29.372ms
[210.857s][info][gc,cpu         ] GC(650) User=0.06s Sys=0.00s Real=0.03s
[211.064s][info][gc,start       ] GC(651) Pause Young (Allocation Failure)
[211.091s][info][gc,heap        ] GC(651) PSYoungGen: 129552K(222720K)->24880K(222720K) Eden: 111616K(111616K)->0K(111616K) From: 17936K(111104K)->24880K(111104K)
[211.091s][info][gc,heap        ] GC(651) ParOldGen: 517866K(667648K)->517866K(667648K)
[211.091s][info][gc,metaspace   ] GC(651) Metaspace: 18522K(18752K)->18522K(18752K) NonClass: 15861K(16000K)->15861K(16000K) Class: 2661K(2752K)->2661K(2752K)
[211.091s][info][gc             ] GC(651) Pause Young (Allocation Failure) 632M->530M(869M) 27.786ms
[211.091s][info][gc,cpu         ] GC(651) User=0.05s Sys=0.00s Real=0.03s
[211.252s][info][gc,start       ] GC(652) Pause Young (Allocation Failure)
[211.305s][info][gc,heap        ] GC(652) PSYoungGen: 136496K(222720K)->44592K(222720K) Eden: 111616K(111616K)->0K(111616K) From: 24880K(111104K)->44592K(111104K)
[211.305s][info][gc,heap        ] GC(652) ParOldGen: 517866K(667648K)->535810K(667648K)
[211.305s][info][gc,metaspace   ] GC(652) Metaspace: 18522K(18752K)->18522K(18752K) NonClass: 15861K(16000K)->15861K(16000K) Class: 2661K(2752K)->2661K(2752K)
[211.305s][info][gc             ] GC(652) Pause Young (Allocation Failure) 639M->566M(869M) 52.755ms
[211.305s][info][gc,cpu         ] GC(652) User=0.10s Sys=0.01s Real=0.05s
[211.467s][info][gc,start       ] GC(653) Pause Young (Allocation Failure)
[211.506s][info][gc,heap        ] GC(653) PSYoungGen: 156208K(222720K)->4512K(222720K) Eden: 111616K(111616K)->0K(111616K) From: 44592K(111104K)->4512K(111104K)
[211.506s][info][gc,heap        ] GC(653) ParOldGen: 535810K(667648K)->580843K(667648K)
[211.506s][info][gc,metaspace   ] GC(653) Metaspace: 18523K(18752K)->18523K(18752K) NonClass: 15861K(16000K)->15861K(16000K) Class: 2661K(2752K)->2661K(2752K)
[211.506s][info][gc             ] GC(653) Pause Young (Allocation Failure) 675M->571M(869M) 38.751ms
[211.506s][info][gc,cpu         ] GC(653) User=0.07s Sys=0.00s Real=0.04s
[211.680s][info][gc,start       ] GC(654) Pause Young (Allocation Failure)
[211.702s][info][gc,heap        ] GC(654) PSYoungGen: 116128K(222720K)->9120K(222720K) Eden: 111616K(111616K)->0K(111616K) From: 4512K(111104K)->9120K(111104K)
[211.702s][info][gc,heap        ] GC(654) ParOldGen: 580843K(667648K)->585115K(667648K)
[211.702s][info][gc,metaspace   ] GC(654) Metaspace: 18523K(18752K)->18523K(18752K) NonClass: 15861K(16000K)->15861K(16000K) Class: 2661K(2752K)->2661K(2752K)
[211.702s][info][gc             ] GC(654) Pause Young (Allocation Failure) 680M->580M(869M) 21.304ms
[211.702s][info][gc,cpu         ] GC(654) User=0.04s Sys=0.00s Real=0.03s
[211.881s][info][gc,start       ] GC(655) Pause Young (Allocation Failure)
[211.905s][info][gc,heap        ] GC(655) PSYoungGen: 120736K(222720K)->10048K(222720K) Eden: 111616K(111616K)->0K(111616K) From: 9120K(111104K)->10048K(111104K)
[211.905s][info][gc,heap        ] GC(655) ParOldGen: 585115K(667648K)->594243K(667648K)
[211.905s][info][gc,metaspace   ] GC(655) Metaspace: 18523K(18752K)->18523K(18752K) NonClass: 15861K(16000K)->15861K(16000K) Class: 2661K(2752K)->2661K(2752K)
[211.905s][info][gc             ] GC(655) Pause Young (Allocation Failure) 689M->590M(869M) 24.113ms
[211.905s][info][gc,cpu         ] GC(655) User=0.04s Sys=0.00s Real=0.02s
[212.021s][info][gc,start       ] GC(656) Pause Young (Allocation Failure)
[212.044s][info][gc,heap        ] GC(656) PSYoungGen: 121664K(222720K)->10848K(222720K) Eden: 111616K(111616K)->0K(111616K) From: 10048K(111104K)->10848K(111104K)
[212.044s][info][gc,heap        ] GC(656) ParOldGen: 594243K(667648K)->604259K(667648K)
[212.044s][info][gc,metaspace   ] GC(656) Metaspace: 18523K(18752K)->18523K(18752K) NonClass: 15861K(16000K)->15861K(16000K) Class: 2661K(2752K)->2661K(2752K)
[212.044s][info][gc             ] GC(656) Pause Young (Allocation Failure) 699M->600M(869M) 23.095ms
[212.044s][info][gc,cpu         ] GC(656) User=0.05s Sys=0.00s Real=0.02s
[212.170s][info][gc,start       ] GC(657) Pause Young (Allocation Failure)
[212.187s][info][gc,heap        ] GC(657) PSYoungGen: 122464K(222720K)->2880K(222720K) Eden: 111616K(111616K)->0K(111616K) From: 10848K(111104K)->2880K(111104K)
[212.187s][info][gc,heap        ] GC(657) ParOldGen: 604259K(667648K)->615099K(667648K)
[212.187s][info][gc,metaspace   ] GC(657) Metaspace: 18523K(18752K)->18523K(18752K) NonClass: 15861K(16000K)->15861K(16000K) Class: 2661K(2752K)->2661K(2752K)
[212.187s][info][gc             ] GC(657) Pause Young (Allocation Failure) 709M->603M(869M) 17.195ms
[212.187s][info][gc,cpu         ] GC(657) User=0.03s Sys=0.00s Real=0.02s
[212.331s][info][gc,start       ] GC(658) Pause Young (Allocation Failure)
[212.346s][info][gc,heap        ] GC(658) PSYoungGen: 114496K(222720K)->10272K(222720K) Eden: 111616K(111616K)->0K(111616K) From: 2880K(111104K)->10272K(111104K)
[212.346s][info][gc,heap        ] GC(658) ParOldGen: 615099K(667648K)->617963K(667648K)
[212.346s][info][gc,metaspace   ] GC(658) Metaspace: 18523K(18752K)->18523K(18752K) NonClass: 15861K(16000K)->15861K(16000K) Class: 2661K(2752K)->2661K(2752K)
[212.346s][info][gc             ] GC(658) Pause Young (Allocation Failure) 712M->613M(869M) 15.142ms
[212.346s][info][gc,cpu         ] GC(658) User=0.03s Sys=0.00s Real=0.01s
[212.631s][info][gc,start       ] GC(659) Pause Young (Allocation Failure)
[212.648s][info][gc,heap        ] GC(659) PSYoungGen: 121888K(222720K)->4352K(222720K) Eden: 111616K(111616K)->0K(111616K) From: 10272K(111104K)->4352K(111104K)
[212.648s][info][gc,heap        ] GC(659) ParOldGen: 617963K(667648K)->628242K(667648K)
[212.648s][info][gc,metaspace   ] GC(659) Metaspace: 18523K(18752K)->18523K(18752K) NonClass: 15861K(16000K)->15861K(16000K) Class: 2661K(2752K)->2661K(2752K)
[212.648s][info][gc             ] GC(659) Pause Young (Allocation Failure) 722M->617M(869M) 17.305ms
[212.648s][info][gc,cpu         ] GC(659) User=0.03s Sys=0.00s Real=0.01s
[212.924s][info][gc,start       ] GC(660) Pause Young (Allocation Failure)
[212.931s][info][gc,heap        ] GC(660) PSYoungGen: 115968K(222720K)->64K(222720K) Eden: 111616K(111616K)->0K(111616K) From: 4352K(111104K)->64K(111104K)
[212.931s][info][gc,heap        ] GC(660) ParOldGen: 628242K(667648K)->632525K(667648K)
[212.931s][info][gc,metaspace   ] GC(660) Metaspace: 18523K(18752K)->18523K(18752K) NonClass: 15862K(16000K)->15862K(16000K) Class: 2661K(2752K)->2661K(2752K)
[212.931s][info][gc             ] GC(660) Pause Young (Allocation Failure) 726M->617M(869M) 6.616ms
[212.931s][info][gc,cpu         ] GC(660) User=0.01s Sys=0.00s Real=0.01s
[213.191s][info][gc,start       ] GC(661) Pause Full (Allocation Failure)
[213.191s][info][gc,phases,start] GC(661) Marking Phase
[213.536s][info][gc,phases      ] GC(661) Marking Phase 344.439ms
[213.536s][info][gc,phases,start] GC(661) Summary Phase
[213.536s][info][gc,phases      ] GC(661) Summary Phase 0.025ms
[213.536s][info][gc,phases,start] GC(661) Forward
[213.669s][info][gc,phases      ] GC(661) Forward 133.160ms
[213.669s][info][gc,phases,start] GC(661) Adjust Pointers
[213.924s][info][gc,phases      ] GC(661) Adjust Pointers 255.059ms
[213.924s][info][gc,phases,start] GC(661) Compaction Phase
[214.098s][info][gc,phases      ] GC(661) Compaction Phase 174.167ms
[214.107s][info][gc,phases,start] GC(661) Post Compact
[214.109s][info][gc,phases      ] GC(661) Post Compact 2.196ms
[214.110s][info][gc,heap        ] GC(661) PSYoungGen: 111680K(222720K)->0K(222720K) Eden: 111616K(111616K)->0K(111616K) From: 64K(111104K)->0K(111104K)
[214.110s][info][gc,heap        ] GC(661) ParOldGen: 632525K(667648K)->468909K(667648K)
[214.110s][info][gc,metaspace   ] GC(661) Metaspace: 18523K(18752K)->18523K(18752K) NonClass: 15862K(16000K)->15862K(16000K) Class: 2661K(2752K)->2661K(2752K)
[214.110s][info][gc             ] GC(661) Pause Full (Allocation Failure) 726M->457M(869M) 918.559ms
[214.110s][info][gc,cpu         ] GC(661) User=1.72s Sys=0.00s Real=0.91s
[214.370s][info][gc,start       ] GC(662) Pause Young (Allocation Failure)
[214.376s][info][gc,heap        ] GC(662) PSYoungGen: 111616K(222720K)->64K(222720K) Eden: 111616K(111616K)->0K(111616K) From: 0K(111104K)->64K(111104K)
[214.376s][info][gc,heap        ] GC(662) ParOldGen: 468909K(667648K)->468909K(667648K)
[214.376s][info][gc,metaspace   ] GC(662) Metaspace: 18523K(18752K)->18523K(18752K) NonClass: 15862K(16000K)->15862K(16000K) Class: 2661K(2752K)->2661K(2752K)
[214.376s][info][gc             ] GC(662) Pause Young (Allocation Failure) 566M->457M(869M) 6.157ms
[214.376s][info][gc,cpu         ] GC(662) User=0.01s Sys=0.00s Real=0.01s
[214.568s][info][gc,start       ] GC(663) Pause Young (Allocation Failure)
[214.578s][info][gc,heap        ] GC(663) PSYoungGen: 111680K(222720K)->10752K(211456K) Eden: 111616K(111616K)->0K(111616K) From: 64K(111104K)->10752K(99840K)
[214.578s][info][gc,heap        ] GC(663) ParOldGen: 468909K(667648K)->468925K(667648K)
[214.578s][info][gc,metaspace   ] GC(663) Metaspace: 18534K(18752K)->18534K(18752K) NonClass: 15873K(16000K)->15873K(16000K) Class: 2661K(2752K)->2661K(2752K)
[214.578s][info][gc             ] GC(663) Pause Young (Allocation Failure) 566M->468M(858M) 10.151ms
[214.578s][info][gc,cpu         ] GC(663) User=0.02s Sys=0.00s Real=0.01s
[214.637s][info][gc,start       ] GC(664) Pause Young (Allocation Failure)
[214.671s][info][gc,heap        ] GC(664) PSYoungGen: 122368K(211456K)->49088K(217088K) Eden: 111616K(111616K)->0K(111616K) From: 10752K(99840K)->49088K(105472K)
[214.671s][info][gc,heap        ] GC(664) ParOldGen: 468925K(667648K)->468925K(667648K)
[214.671s][info][gc,metaspace   ] GC(664) Metaspace: 18534K(18752K)->18534K(18752K) NonClass: 15873K(16000K)->15873K(16000K) Class: 2661K(2752K)->2661K(2752K)
[214.671s][info][gc             ] GC(664) Pause Young (Allocation Failure) 577M->505M(864M) 34.356ms
[214.671s][info][gc,cpu         ] GC(664) User=0.07s Sys=0.00s Real=0.04s
[214.848s][info][gc,start       ] GC(665) Pause Young (Allocation Failure)
[214.901s][info][gc,heap        ] GC(665) PSYoungGen: 160704K(217088K)->69840K(218624K) Eden: 111616K(111616K)->0K(111616K) From: 49088K(105472K)->69840K(107008K)
[214.901s][info][gc,heap        ] GC(665) ParOldGen: 468925K(667648K)->468925K(667648K)
[214.901s][info][gc,metaspace   ] GC(665) Metaspace: 18534K(18752K)->18534K(18752K) NonClass: 15873K(16000K)->15873K(16000K) Class: 2661K(2752K)->2661K(2752K)
[214.901s][info][gc             ] GC(665) Pause Young (Allocation Failure) 614M->526M(865M) 53.550ms
[214.901s][info][gc,cpu         ] GC(665) User=0.10s Sys=0.00s Real=0.06s
[215.039s][info][gc,start       ] GC(666) Pause Young (Allocation Failure)
[215.085s][info][gc,heap        ] GC(666) PSYoungGen: 181456K(218624K)->22944K(222720K) Eden: 111616K(111616K)->0K(111616K) From: 69840K(107008K)->22944K(111104K)
[215.085s][info][gc,heap        ] GC(666) ParOldGen: 468925K(667648K)->518528K(667648K)
[215.085s][info][gc,metaspace   ] GC(666) Metaspace: 18534K(18752K)->18534K(18752K) NonClass: 15873K(16000K)->15873K(16000K) Class: 2661K(2752K)->2661K(2752K)
[215.085s][info][gc             ] GC(666) Pause Young (Allocation Failure) 635M->528M(869M) 46.679ms
[215.085s][info][gc,cpu         ] GC(666) User=0.09s Sys=0.00s Real=0.05s
[215.240s][info][gc,start       ] GC(667) Pause Young (Allocation Failure)
[215.286s][info][gc,heap        ] GC(667) PSYoungGen: 134560K(222720K)->39776K(213504K) Eden: 111616K(111616K)->0K(114688K) From: 22944K(111104K)->39776K(98816K)
[215.286s][info][gc,heap        ] GC(667) ParOldGen: 518528K(667648K)->518528K(667648K)
[215.286s][info][gc,metaspace   ] GC(667) Metaspace: 18534K(18752K)->18534K(18752K) NonClass: 15873K(16000K)->15873K(16000K) Class: 2661K(2752K)->2661K(2752K)
[215.286s][info][gc             ] GC(667) Pause Young (Allocation Failure) 637M->545M(860M) 46.320ms
[215.286s][info][gc,cpu         ] GC(667) User=0.09s Sys=0.00s Real=0.05s
[215.410s][info][gc,start       ] GC(668) Pause Young (Allocation Failure)
[215.476s][info][gc,heap        ] GC(668) PSYoungGen: 154464K(213504K)->66249K(218624K) Eden: 114688K(114688K)->0K(114688K) From: 39776K(98816K)->66249K(103936K)
[215.476s][info][gc,heap        ] GC(668) ParOldGen: 518528K(667648K)->518528K(667648K)
[215.476s][info][gc,metaspace   ] GC(668) Metaspace: 18535K(18752K)->18535K(18752K) NonClass: 15874K(16000K)->15874K(16000K) Class: 2661K(2752K)->2661K(2752K)
[215.476s][info][gc             ] GC(668) Pause Young (Allocation Failure) 657M->571M(865M) 65.553ms
[215.476s][info][gc,cpu         ] GC(668) User=0.12s Sys=0.00s Real=0.07s
[215.552s][info][gc,start       ] GC(669) Pause Young (Allocation Failure)
[215.639s][info][gc,heap        ] GC(669) PSYoungGen: 180937K(218624K)->102313K(221696K) Eden: 114688K(114688K)->0K(111616K) From: 66249K(103936K)->102313K(110080K)
[215.639s][info][gc,heap        ] GC(669) ParOldGen: 518528K(667648K)->518528K(667648K)
[215.639s][info][gc,metaspace   ] GC(669) Metaspace: 18535K(18752K)->18535K(18752K) NonClass: 15874K(16000K)->15874K(16000K) Class: 2661K(2752K)->2661K(2752K)
[215.639s][info][gc             ] GC(669) Pause Young (Allocation Failure) 683M->606M(868M) 87.564ms
[215.639s][info][gc,cpu         ] GC(669) User=0.17s Sys=0.00s Real=0.08s
[215.796s][info][gc,start       ] GC(670) Pause Young (Allocation Failure)
[215.884s][info][gc,heap        ] GC(670) PSYoungGen: 213929K(221696K)->87097K(222720K) Eden: 111616K(111616K)->0K(111616K) From: 102313K(110080K)->87097K(111104K)
[215.884s][info][gc,heap        ] GC(670) ParOldGen: 518528K(667648K)->541616K(667648K)
[215.884s][info][gc,metaspace   ] GC(670) Metaspace: 18536K(18752K)->18536K(18752K) NonClass: 15875K(16000K)->15875K(16000K) Class: 2661K(2752K)->2661K(2752K)
[215.884s][info][gc             ] GC(670) Pause Young (Allocation Failure) 715M->613M(869M) 88.385ms
[215.884s][info][gc,cpu         ] GC(670) User=0.17s Sys=0.00s Real=0.09s
[215.989s][info][gc,start       ] GC(671) Pause Young (Allocation Failure)
[216.057s][info][gc,heap        ] GC(671) PSYoungGen: 198713K(222720K)->45568K(222720K) Eden: 111616K(111616K)->0K(111616K) From: 87097K(111104K)->45568K(111104K)
[216.058s][info][gc,heap        ] GC(671) ParOldGen: 541616K(667648K)->585241K(667648K)
[216.058s][info][gc,metaspace   ] GC(671) Metaspace: 18536K(18752K)->18536K(18752K) NonClass: 15875K(16000K)->15875K(16000K) Class: 2661K(2752K)->2661K(2752K)
[216.058s][info][gc             ] GC(671) Pause Young (Allocation Failure) 722M->616M(869M) 68.701ms
[216.058s][info][gc,cpu         ] GC(671) User=0.13s Sys=0.00s Real=0.07s
[216.209s][info][gc,start       ] GC(672) Pause Young (Allocation Failure)
[216.271s][info][gc,heap        ] GC(672) PSYoungGen: 157184K(222720K)->18496K(222720K) Eden: 111616K(111616K)->0K(111616K) From: 45568K(111104K)->18496K(111104K)
[216.271s][info][gc,heap        ] GC(672) ParOldGen: 585241K(667648K)->629497K(667648K)
[216.271s][info][gc,metaspace   ] GC(672) Metaspace: 18536K(18752K)->18536K(18752K) NonClass: 15875K(16000K)->15875K(16000K) Class: 2661K(2752K)->2661K(2752K)
[216.271s][info][gc             ] GC(672) Pause Young (Allocation Failure) 725M->632M(869M) 61.704ms
[216.271s][info][gc,cpu         ] GC(672) User=0.13s Sys=0.00s Real=0.07s
[216.425s][info][gc,start       ] GC(673) Pause Full (Allocation Failure)
[216.425s][info][gc,phases,start] GC(673) Marking Phase
[216.749s][info][gc,phases      ] GC(673) Marking Phase 324.101ms
[216.749s][info][gc,phases,start] GC(673) Summary Phase
[216.749s][info][gc,phases      ] GC(673) Summary Phase 0.025ms
[216.749s][info][gc,phases,start] GC(673) Forward
[216.872s][info][gc,phases      ] GC(673) Forward 122.738ms
[216.872s][info][gc,phases,start] GC(673) Adjust Pointers
[217.140s][info][gc,phases      ] GC(673) Adjust Pointers 268.030ms
[217.140s][info][gc,phases,start] GC(673) Compaction Phase
[217.282s][info][gc,phases      ] GC(673) Compaction Phase 141.518ms
[217.296s][info][gc,phases,start] GC(673) Post Compact
[217.298s][info][gc,phases      ] GC(673) Post Compact 2.233ms
[217.298s][info][gc,heap        ] GC(673) PSYoungGen: 130112K(222720K)->0K(222720K) Eden: 111616K(111616K)->0K(111616K) From: 18496K(111104K)->0K(111104K)
[217.298s][info][gc,heap        ] GC(673) ParOldGen: 629497K(667648K)->482398K(667648K)
[217.298s][info][gc,metaspace   ] GC(673) Metaspace: 18536K(18752K)->18536K(18752K) NonClass: 15875K(16000K)->15875K(16000K) Class: 2661K(2752K)->2661K(2752K)
[217.298s][info][gc             ] GC(673) Pause Full (Allocation Failure) 741M->471M(869M) 873.540ms
[217.298s][info][gc,cpu         ] GC(673) User=1.65s Sys=0.00s Real=0.87s
[217.456s][info][gc,start       ] GC(674) Pause Young (Allocation Failure)
[217.457s][info][gc,heap        ] GC(674) PSYoungGen: 111616K(222720K)->64K(222720K) Eden: 111616K(111616K)->0K(111616K) From: 0K(111104K)->64K(111104K)
[217.457s][info][gc,heap        ] GC(674) ParOldGen: 482398K(667648K)->482398K(667648K)
[217.457s][info][gc,metaspace   ] GC(674) Metaspace: 18536K(18752K)->18536K(18752K) NonClass: 15875K(16000K)->15875K(16000K) Class: 2661K(2752K)->2661K(2752K)
[217.457s][info][gc             ] GC(674) Pause Young (Allocation Failure) 580M->471M(869M) 1.638ms
[217.457s][info][gc,cpu         ] GC(674) User=0.00s Sys=0.00s Real=0.00s
[217.610s][info][gc,start       ] GC(675) Pause Young (Allocation Failure)
[217.611s][info][gc,heap        ] GC(675) PSYoungGen: 111680K(222720K)->64K(222720K) Eden: 111616K(111616K)->0K(111616K) From: 64K(111104K)->64K(111104K)
[217.611s][info][gc,heap        ] GC(675) ParOldGen: 482398K(667648K)->482414K(667648K)
[217.611s][info][gc,metaspace   ] GC(675) Metaspace: 18536K(18752K)->18536K(18752K) NonClass: 15875K(16000K)->15875K(16000K) Class: 2661K(2752K)->2661K(2752K)
[217.611s][info][gc             ] GC(675) Pause Young (Allocation Failure) 580M->471M(869M) 1.627ms
[217.611s][info][gc,cpu         ] GC(675) User=0.01s Sys=0.00s Real=0.01s
[217.765s][info][gc,start       ] GC(676) Pause Young (Allocation Failure)
[217.767s][info][gc,heap        ] GC(676) PSYoungGen: 111680K(222720K)->64K(222720K) Eden: 111616K(111616K)->0K(111616K) From: 64K(111104K)->64K(111104K)
[217.767s][info][gc,heap        ] GC(676) ParOldGen: 482414K(667648K)->482414K(667648K)
[217.767s][info][gc,metaspace   ] GC(676) Metaspace: 18536K(18752K)->18536K(18752K) NonClass: 15875K(16000K)->15875K(16000K) Class: 2661K(2752K)->2661K(2752K)
[217.767s][info][gc             ] GC(676) Pause Young (Allocation Failure) 580M->471M(869M) 1.605ms
[217.767s][info][gc,cpu         ] GC(676) User=0.01s Sys=0.00s Real=0.00s
[217.921s][info][gc,start       ] GC(677) Pause Young (Allocation Failure)
[217.923s][info][gc,heap        ] GC(677) PSYoungGen: 111680K(222720K)->64K(222720K) Eden: 111616K(111616K)->0K(111616K) From: 64K(111104K)->64K(111104K)
[217.923s][info][gc,heap        ] GC(677) ParOldGen: 482414K(667648K)->482414K(667648K)
[217.923s][info][gc,metaspace   ] GC(677) Metaspace: 18536K(18752K)->18536K(18752K) NonClass: 15875K(16000K)->15875K(16000K) Class: 2661K(2752K)->2661K(2752K)
[217.923s][info][gc             ] GC(677) Pause Young (Allocation Failure) 580M->471M(869M) 1.639ms
[217.923s][info][gc,cpu         ] GC(677) User=0.01s Sys=0.00s Real=0.00s
[218.074s][info][gc,start       ] GC(678) Pause Young (Allocation Failure)
[218.076s][info][gc,heap        ] GC(678) PSYoungGen: 111680K(222720K)->64K(222720K) Eden: 111616K(111616K)->0K(111616K) From: 64K(111104K)->64K(111104K)
[218.076s][info][gc,heap        ] GC(678) ParOldGen: 482414K(667648K)->482414K(667648K)
[218.076s][info][gc,metaspace   ] GC(678) Metaspace: 18536K(18752K)->18536K(18752K) NonClass: 15875K(16000K)->15875K(16000K) Class: 2661K(2752K)->2661K(2752K)
[218.076s][info][gc             ] GC(678) Pause Young (Allocation Failure) 580M->471M(869M) 1.632ms
[218.076s][info][gc,cpu         ] GC(678) User=0.00s Sys=0.00s Real=0.00s
[218.226s][info][gc,start       ] GC(679) Pause Young (Allocation Failure)
[218.228s][info][gc,heap        ] GC(679) PSYoungGen: 111680K(222720K)->64K(213504K) Eden: 111616K(111616K)->0K(111616K) From: 64K(111104K)->64K(101888K)
[218.228s][info][gc,heap        ] GC(679) ParOldGen: 482414K(667648K)->482414K(667648K)
[218.228s][info][gc,metaspace   ] GC(679) Metaspace: 18536K(18752K)->18536K(18752K) NonClass: 15875K(16000K)->15875K(16000K) Class: 2661K(2752K)->2661K(2752K)
[218.228s][info][gc             ] GC(679) Pause Young (Allocation Failure) 580M->471M(860M) 1.823ms
[218.228s][info][gc,cpu         ] GC(679) User=0.00s Sys=0.00s Real=0.00s
[218.363s][info][gc,start       ] GC(680) Pause Young (Allocation Failure)
[218.377s][info][gc,heap        ] GC(680) PSYoungGen: 111680K(213504K)->10208K(121856K) Eden: 111616K(111616K)->0K(111616K) From: 64K(101888K)->10208K(10240K)
[218.377s][info][gc,heap        ] GC(680) ParOldGen: 482414K(667648K)->482414K(667648K)
[218.377s][info][gc,metaspace   ] GC(680) Metaspace: 18536K(18752K)->18536K(18752K) NonClass: 15875K(16000K)->15875K(16000K) Class: 2661K(2752K)->2661K(2752K)
[218.377s][info][gc             ] GC(680) Pause Young (Allocation Failure) 580M->481M(771M) 13.737ms
[218.377s][info][gc,cpu         ] GC(680) User=0.02s Sys=0.00s Real=0.01s
[218.491s][info][gc,start       ] GC(681) Pause Young (Allocation Failure)
[218.517s][info][gc,heap        ] GC(681) PSYoungGen: 121824K(121856K)->22048K(201728K) Eden: 111616K(111616K)->0K(115712K) From: 10208K(10240K)->22048K(86016K)
[218.517s][info][gc,heap        ] GC(681) ParOldGen: 482414K(667648K)->482414K(667648K)
[218.517s][info][gc,metaspace   ] GC(681) Metaspace: 18536K(18752K)->18536K(18752K) NonClass: 15875K(16000K)->15875K(16000K) Class: 2661K(2752K)->2661K(2752K)
[218.517s][info][gc             ] GC(681) Pause Young (Allocation Failure) 590M->492M(849M) 25.457ms
[218.517s][info][gc,cpu         ] GC(681) User=0.05s Sys=0.00s Real=0.02s
[218.626s][info][gc,start       ] GC(682) Pause Young (Allocation Failure)
[218.662s][info][gc,heap        ] GC(682) PSYoungGen: 137760K(201728K)->35040K(208384K) Eden: 115712K(115712K)->0K(115712K) From: 22048K(86016K)->35040K(92672K)
[218.662s][info][gc,heap        ] GC(682) ParOldGen: 482414K(667648K)->482414K(667648K)
[218.662s][info][gc,metaspace   ] GC(682) Metaspace: 18536K(18752K)->18536K(18752K) NonClass: 15875K(16000K)->15875K(16000K) Class: 2661K(2752K)->2661K(2752K)
[218.662s][info][gc             ] GC(682) Pause Young (Allocation Failure) 605M->505M(855M) 35.800ms
[218.662s][info][gc,cpu         ] GC(682) User=0.07s Sys=0.00s Real=0.04s
[218.753s][info][gc,start       ] GC(683) Pause Young (Allocation Failure)
[218.789s][info][gc,heap        ] GC(683) PSYoungGen: 150752K(208384K)->36416K(210944K) Eden: 115712K(115712K)->0K(122368K) From: 35040K(92672K)->36416K(88576K)
[218.789s][info][gc,heap        ] GC(683) ParOldGen: 482414K(667648K)->482414K(667648K)
[218.789s][info][gc,metaspace   ] GC(683) Metaspace: 18536K(18752K)->18536K(18752K) NonClass: 15875K(16000K)->15875K(16000K) Class: 2661K(2752K)->2661K(2752K)
[218.789s][info][gc             ] GC(683) Pause Young (Allocation Failure) 618M->506M(858M) 36.559ms
[218.789s][info][gc,cpu         ] GC(683) User=0.07s Sys=0.00s Real=0.03s
[218.907s][info][gc,start       ] GC(684) Pause Young (Allocation Failure)
[218.944s][info][gc,heap        ] GC(684) PSYoungGen: 158784K(210944K)->36544K(211456K) Eden: 122368K(122368K)->0K(122368K) From: 36416K(88576K)->36544K(89088K)
[218.944s][info][gc,heap        ] GC(684) ParOldGen: 482414K(667648K)->482414K(667648K)
[218.944s][info][gc,metaspace   ] GC(684) Metaspace: 18536K(18752K)->18536K(18752K) NonClass: 15875K(16000K)->15875K(16000K) Class: 2661K(2752K)->2661K(2752K)
[218.944s][info][gc             ] GC(684) Pause Young (Allocation Failure) 626M->506M(858M) 36.755ms
[218.944s][info][gc,cpu         ] GC(684) User=0.07s Sys=0.00s Real=0.04s
[219.062s][info][gc,start       ] GC(685) Pause Young (Allocation Failure)
[219.102s][info][gc,heap        ] GC(685) PSYoungGen: 158912K(211456K)->39904K(215552K) Eden: 122368K(122368K)->0K(130048K) From: 36544K(89088K)->39904K(85504K)
[219.102s][info][gc,heap        ] GC(685) ParOldGen: 482414K(667648K)->482414K(667648K)
[219.102s][info][gc,metaspace   ] GC(685) Metaspace: 18536K(18752K)->18536K(18752K) NonClass: 15875K(16000K)->15875K(16000K) Class: 2661K(2752K)->2661K(2752K)
[219.102s][info][gc             ] GC(685) Pause Young (Allocation Failure) 626M->510M(862M) 39.700ms
[219.102s][info][gc,cpu         ] GC(685) User=0.08s Sys=0.00s Real=0.04s
[219.217s][info][gc,start       ] GC(686) Pause Young (Allocation Failure)
[219.266s][info][gc,heap        ] GC(686) PSYoungGen: 169952K(215552K)->50144K(216064K) Eden: 130048K(130048K)->0K(130048K) From: 39904K(85504K)->50144K(86016K)
[219.266s][info][gc,heap        ] GC(686) ParOldGen: 482414K(667648K)->482414K(667648K)
[219.266s][info][gc,metaspace   ] GC(686) Metaspace: 18536K(18752K)->18536K(18752K) NonClass: 15875K(16000K)->15875K(16000K) Class: 2661K(2752K)->2661K(2752K)
[219.266s][info][gc             ] GC(686) Pause Young (Allocation Failure) 637M->520M(863M) 49.294ms
[219.266s][info][gc,cpu         ] GC(686) User=0.09s Sys=0.00s Real=0.05s
[219.382s][info][gc,start       ] GC(687) Pause Young (Allocation Failure)
[219.463s][info][gc,heap        ] GC(687) PSYoungGen: 180192K(216064K)->78944K(215552K) Eden: 130048K(130048K)->0K(126464K) From: 50144K(86016K)->78944K(89088K)
[219.463s][info][gc,heap        ] GC(687) ParOldGen: 482414K(667648K)->482414K(667648K)
[219.463s][info][gc,metaspace   ] GC(687) Metaspace: 18536K(18752K)->18536K(18752K) NonClass: 15875K(16000K)->15875K(16000K) Class: 2661K(2752K)->2661K(2752K)
[219.463s][info][gc             ] GC(687) Pause Young (Allocation Failure) 647M->548M(862M) 80.425ms
[219.463s][info][gc,cpu         ] GC(687) User=0.16s Sys=0.00s Real=0.08s
[219.584s][info][gc,start       ] GC(688) Pause Young (Allocation Failure)
[219.680s][info][gc,heap        ] GC(688) PSYoungGen: 205408K(215552K)->98288K(224768K) Eden: 126464K(126464K)->0K(126464K) From: 78944K(89088K)->98288K(98304K)
[219.680s][info][gc,heap        ] GC(688) ParOldGen: 482414K(667648K)->482414K(667648K)
[219.680s][info][gc,metaspace   ] GC(688) Metaspace: 18536K(18752K)->18536K(18752K) NonClass: 15875K(16000K)->15875K(16000K) Class: 2661K(2752K)->2661K(2752K)
[219.680s][info][gc             ] GC(688) Pause Young (Allocation Failure) 671M->567M(871M) 95.683ms
[219.680s][info][gc,cpu         ] GC(688) User=0.19s Sys=0.00s Real=0.09s
[219.802s][info][gc,start       ] GC(689) Pause Young (Allocation Failure)
[219.904s][info][gc,heap        ] GC(689) PSYoungGen: 224752K(224768K)->99776K(220672K) Eden: 126464K(126464K)->0K(111616K) From: 98288K(98304K)->99776K(109056K)
[219.904s][info][gc,heap        ] GC(689) ParOldGen: 482414K(667648K)->482414K(667648K)
[219.904s][info][gc,metaspace   ] GC(689) Metaspace: 18536K(18752K)->18536K(18752K) NonClass: 15875K(16000K)->15875K(16000K) Class: 2661K(2752K)->2661K(2752K)
[219.904s][info][gc             ] GC(689) Pause Young (Allocation Failure) 690M->568M(867M) 101.980ms
[219.904s][info][gc,cpu         ] GC(689) User=0.19s Sys=0.01s Real=0.10s
[220.070s][info][gc,start       ] GC(690) Pause Young (Allocation Failure)
[220.168s][info][gc,heap        ] GC(690) PSYoungGen: 211392K(220672K)->81216K(222720K) Eden: 111616K(111616K)->0K(111616K) From: 99776K(109056K)->81216K(111104K)
[220.168s][info][gc,heap        ] GC(690) ParOldGen: 482414K(667648K)->504486K(667648K)
[220.168s][info][gc,metaspace   ] GC(690) Metaspace: 18536K(18752K)->18536K(18752K) NonClass: 15875K(16000K)->15875K(16000K) Class: 2661K(2752K)->2661K(2752K)
[220.169s][info][gc             ] GC(690) Pause Young (Allocation Failure) 677M->571M(869M) 98.313ms
[220.169s][info][gc,cpu         ] GC(690) User=0.20s Sys=0.00s Real=0.10s
[220.272s][info][gc,start       ] GC(691) Pause Young (Allocation Failure)
[220.350s][info][gc,heap        ] GC(691) PSYoungGen: 192832K(222720K)->66960K(222720K) Eden: 111616K(111616K)->0K(111616K) From: 81216K(111104K)->66960K(111104K)
[220.350s][info][gc,heap        ] GC(691) ParOldGen: 504486K(667648K)->518894K(667648K)
[220.350s][info][gc,metaspace   ] GC(691) Metaspace: 18542K(18752K)->18542K(18752K) NonClass: 15881K(16000K)->15881K(16000K) Class: 2661K(2752K)->2661K(2752K)
[220.350s][info][gc             ] GC(691) Pause Young (Allocation Failure) 680M->572M(869M) 78.317ms
[220.350s][info][gc,cpu         ] GC(691) User=0.16s Sys=0.00s Real=0.07s
[220.539s][info][gc,start       ] GC(692) Pause Young (Allocation Failure)
[220.618s][info][gc,heap        ] GC(692) PSYoungGen: 178576K(222720K)->78064K(222720K) Eden: 111616K(111616K)->0K(111616K) From: 66960K(111104K)->78064K(111104K)
[220.618s][info][gc,heap        ] GC(692) ParOldGen: 518894K(667648K)->522398K(667648K)
[220.618s][info][gc,metaspace   ] GC(692) Metaspace: 18542K(18752K)->18542K(18752K) NonClass: 15881K(16000K)->15881K(16000K) Class: 2661K(2752K)->2661K(2752K)
[220.618s][info][gc             ] GC(692) Pause Young (Allocation Failure) 681M->586M(869M) 79.019ms
[220.618s][info][gc,cpu         ] GC(692) User=0.16s Sys=0.00s Real=0.08s
[220.819s][info][gc,start       ] GC(693) Pause Young (Allocation Failure)
[220.905s][info][gc,heap        ] GC(693) PSYoungGen: 189680K(222720K)->47872K(222720K) Eden: 111616K(111616K)->0K(111616K) From: 78064K(111104K)->47872K(111104K)
[220.906s][info][gc,heap        ] GC(693) ParOldGen: 522398K(667648K)->561503K(667648K)
[220.906s][info][gc,metaspace   ] GC(693) Metaspace: 18542K(18752K)->18542K(18752K) NonClass: 15881K(16000K)->15881K(16000K) Class: 2661K(2752K)->2661K(2752K)
[220.906s][info][gc             ] GC(693) Pause Young (Allocation Failure) 695M->595M(869M) 86.080ms
[220.906s][info][gc,cpu         ] GC(693) User=0.17s Sys=0.00s Real=0.09s
[221.275s][info][gc,start       ] GC(694) Pause Young (Allocation Failure)
[221.322s][info][gc,heap        ] GC(694) PSYoungGen: 159488K(222720K)->27152K(222720K) Eden: 111616K(111616K)->0K(111616K) From: 47872K(111104K)->27152K(111104K)
[221.323s][info][gc,heap        ] GC(694) ParOldGen: 561503K(667648K)->582407K(667648K)
[221.323s][info][gc,metaspace   ] GC(694) Metaspace: 18542K(18752K)->18542K(18752K) NonClass: 15881K(16000K)->15881K(16000K) Class: 2661K(2752K)->2661K(2752K)
[221.323s][info][gc             ] GC(694) Pause Young (Allocation Failure) 704M->595M(869M) 47.926ms
[221.323s][info][gc,cpu         ] GC(694) User=0.09s Sys=0.01s Real=0.05s
[221.626s][info][gc,start       ] GC(695) Pause Young (Allocation Failure)
[221.654s][info][gc,heap        ] GC(695) PSYoungGen: 138768K(222720K)->23584K(222720K) Eden: 111616K(111616K)->0K(111616K) From: 27152K(111104K)->23584K(111104K)
[221.654s][info][gc,heap        ] GC(695) ParOldGen: 582407K(667648K)->585935K(667648K)
[221.654s][info][gc,metaspace   ] GC(695) Metaspace: 18542K(18752K)->18542K(18752K) NonClass: 15881K(16000K)->15881K(16000K) Class: 2661K(2752K)->2661K(2752K)
[221.654s][info][gc             ] GC(695) Pause Young (Allocation Failure) 704M->595M(869M) 28.288ms
[221.654s][info][gc,cpu         ] GC(695) User=0.06s Sys=0.00s Real=0.03s
[221.928s][info][gc,start       ] GC(696) Pause Young (Allocation Failure)
[221.954s][info][gc,heap        ] GC(696) PSYoungGen: 135200K(222720K)->96K(222720K) Eden: 111616K(111616K)->0K(111616K) From: 23584K(111104K)->96K(111104K)
[221.954s][info][gc,heap        ] GC(696) ParOldGen: 585935K(667648K)->609455K(667648K)
[221.954s][info][gc,metaspace   ] GC(696) Metaspace: 18542K(18752K)->18542K(18752K) NonClass: 15881K(16000K)->15881K(16000K) Class: 2661K(2752K)->2661K(2752K)
[221.954s][info][gc             ] GC(696) Pause Young (Allocation Failure) 704M->595M(869M) 26.002ms
[221.954s][info][gc,cpu         ] GC(696) User=0.05s Sys=0.00s Real=0.03s
[222.228s][info][gc,start       ] GC(697) Pause Young (Allocation Failure)
[222.230s][info][gc,heap        ] GC(697) PSYoungGen: 111712K(222720K)->64K(222720K) Eden: 111616K(111616K)->0K(111616K) From: 96K(111104K)->64K(111104K)
[222.230s][info][gc,heap        ] GC(697) ParOldGen: 609455K(667648K)->609543K(667648K)
[222.230s][info][gc,metaspace   ] GC(697) Metaspace: 18542K(18752K)->18542K(18752K) NonClass: 15881K(16000K)->15881K(16000K) Class: 2661K(2752K)->2661K(2752K)
[222.230s][info][gc             ] GC(697) Pause Young (Allocation Failure) 704M->595M(869M) 2.155ms
[222.230s][info][gc,cpu         ] GC(697) User=0.00s Sys=0.00s Real=0.00s
[222.504s][info][gc,start       ] GC(698) Pause Young (Allocation Failure)
[222.506s][info][gc,heap        ] GC(698) PSYoungGen: 111680K(222720K)->64K(222720K) Eden: 111616K(111616K)->0K(111616K) From: 64K(111104K)->64K(111104K)
[222.506s][info][gc,heap        ] GC(698) ParOldGen: 609543K(667648K)->609559K(667648K)
[222.506s][info][gc,metaspace   ] GC(698) Metaspace: 18542K(18752K)->18542K(18752K) NonClass: 15881K(16000K)->15881K(16000K) Class: 2661K(2752K)->2661K(2752K)
[222.506s][info][gc             ] GC(698) Pause Young (Allocation Failure) 704M->595M(869M) 1.984ms
[222.506s][info][gc,cpu         ] GC(698) User=0.00s Sys=0.00s Real=0.00s
[222.764s][info][gc,start       ] GC(699) Pause Young (Allocation Failure)
[222.766s][info][gc,heap        ] GC(699) PSYoungGen: 111680K(222720K)->64K(222720K) Eden: 111616K(111616K)->0K(111616K) From: 64K(111104K)->64K(111104K)
[222.766s][info][gc,heap        ] GC(699) ParOldGen: 609559K(667648K)->609575K(667648K)
[222.766s][info][gc,metaspace   ] GC(699) Metaspace: 18542K(18752K)->18542K(18752K) NonClass: 15881K(16000K)->15881K(16000K) Class: 2661K(2752K)->2661K(2752K)
[222.766s][info][gc             ] GC(699) Pause Young (Allocation Failure) 704M->595M(869M) 2.136ms
[222.766s][info][gc,cpu         ] GC(699) User=0.01s Sys=0.00s Real=0.00s
[223.066s][info][gc,start       ] GC(700) Pause Young (Allocation Failure)
[223.069s][info][gc,heap        ] GC(700) PSYoungGen: 111680K(222720K)->192K(222720K) Eden: 111616K(111616K)->0K(111616K) From: 64K(111104K)->192K(111104K)
[223.069s][info][gc,heap        ] GC(700) ParOldGen: 609575K(667648K)->609591K(667648K)
[223.069s][info][gc,metaspace   ] GC(700) Metaspace: 18542K(18752K)->18542K(18752K) NonClass: 15881K(16000K)->15881K(16000K) Class: 2661K(2752K)->2661K(2752K)
[223.069s][info][gc             ] GC(700) Pause Young (Allocation Failure) 704M->595M(869M) 2.264ms
[223.069s][info][gc,cpu         ] GC(700) User=0.00s Sys=0.00s Real=0.00s
[223.249s][info][gc,start       ] GC(701) Pause Young (Allocation Failure)
[223.261s][info][gc,heap        ] GC(701) PSYoungGen: 111808K(222720K)->14624K(218624K) Eden: 111616K(111616K)->0K(111616K) From: 192K(111104K)->14624K(107008K)
[223.261s][info][gc,heap        ] GC(701) ParOldGen: 609591K(667648K)->609751K(667648K)
[223.261s][info][gc,metaspace   ] GC(701) Metaspace: 18542K(18752K)->18542K(18752K) NonClass: 15881K(16000K)->15881K(16000K) Class: 2661K(2752K)->2661K(2752K)
[223.261s][info][gc             ] GC(701) Pause Young (Allocation Failure) 704M->609M(865M) 12.387ms
[223.261s][info][gc,cpu         ] GC(701) User=0.02s Sys=0.00s Real=0.02s
[223.319s][info][gc,start       ] GC(702) Pause Young (Allocation Failure)
[223.357s][info][gc,heap        ] GC(702) PSYoungGen: 126240K(218624K)->53328K(220672K) Eden: 111616K(111616K)->0K(111616K) From: 14624K(107008K)->53328K(109056K)
[223.357s][info][gc,heap        ] GC(702) ParOldGen: 609751K(667648K)->609751K(667648K)
[223.357s][info][gc,metaspace   ] GC(702) Metaspace: 18542K(18752K)->18542K(18752K) NonClass: 15881K(16000K)->15881K(16000K) Class: 2661K(2752K)->2661K(2752K)
[223.357s][info][gc             ] GC(702) Pause Young (Allocation Failure) 718M->647M(867M) 37.957ms
[223.357s][info][gc,cpu         ] GC(702) User=0.08s Sys=0.00s Real=0.04s
[223.534s][info][gc,start       ] GC(703) Pause Young (Allocation Failure)
[223.582s][info][gc,heap        ] GC(703) PSYoungGen: 164944K(220672K)->72384K(222208K) Eden: 111616K(111616K)->0K(111616K) From: 53328K(109056K)->72384K(110592K)
[223.582s][info][gc,heap        ] GC(703) ParOldGen: 609751K(667648K)->609751K(667648K)
[223.582s][info][gc,metaspace   ] GC(703) Metaspace: 18542K(18752K)->18542K(18752K) NonClass: 15881K(16000K)->15881K(16000K) Class: 2661K(2752K)->2661K(2752K)
[223.582s][info][gc             ] GC(703) Pause Young (Allocation Failure) 756M->666M(869M) 47.548ms
[223.582s][info][gc,cpu         ] GC(703) User=0.10s Sys=0.00s Real=0.05s
[223.722s][info][gc,start       ] GC(704) Pause Young (Allocation Failure)
[223.771s][info][gc,heap        ] GC(704) PSYoungGen: 184000K(222208K)->21344K(222720K) Eden: 111616K(111616K)->0K(111616K) From: 72384K(110592K)->21344K(111104K)
[223.771s][info][gc,heap        ] GC(704) ParOldGen: 609751K(667648K)->663648K(667648K)
[223.771s][info][gc,metaspace   ] GC(704) Metaspace: 18549K(18752K)->18549K(18752K) NonClass: 15888K(16000K)->15888K(16000K) Class: 2661K(2752K)->2661K(2752K)
[223.771s][info][gc             ] GC(704) Pause Young (Allocation Failure) 775M->668M(869M) 49.068ms
[223.771s][info][gc,cpu         ] GC(704) User=0.09s Sys=0.00s Real=0.05s
[223.927s][info][gc,start       ] GC(705) Pause Full (Allocation Failure)
[223.927s][info][gc,phases,start] GC(705) Marking Phase
[224.130s][info][gc,phases      ] GC(705) Marking Phase 202.723ms
[224.130s][info][gc,phases,start] GC(705) Summary Phase
[224.130s][info][gc,phases      ] GC(705) Summary Phase 0.028ms
[224.130s][info][gc,phases,start] GC(705) Forward
[224.229s][info][gc,phases      ] GC(705) Forward 98.667ms
[224.229s][info][gc,phases,start] GC(705) Adjust Pointers
[224.388s][info][gc,phases      ] GC(705) Adjust Pointers 159.032ms
[224.388s][info][gc,phases,start] GC(705) Compaction Phase
[224.471s][info][gc,phases      ] GC(705) Compaction Phase 82.777ms
[224.481s][info][gc,phases,start] GC(705) Post Compact
[224.483s][info][gc,phases      ] GC(705) Post Compact 2.370ms
[224.487s][info][gc,heap        ] GC(705) PSYoungGen: 132960K(222720K)->0K(222720K) Eden: 111616K(111616K)->0K(111616K) From: 21344K(111104K)->0K(111104K)
[224.487s][info][gc,heap        ] GC(705) ParOldGen: 663648K(667648K)->299019K(624128K)
[224.487s][info][gc,metaspace   ] GC(705) Metaspace: 18549K(18752K)->18549K(18752K) NonClass: 15888K(16000K)->15888K(16000K) Class: 2661K(2752K)->2661K(2752K)
[224.487s][info][gc             ] GC(705) Pause Full (Allocation Failure) 777M->292M(827M) 560.055ms
[224.487s][info][gc,cpu         ] GC(705) User=0.99s Sys=0.00s Real=0.56s
[224.606s][info][gc,start       ] GC(706) Pause Young (Allocation Failure)
[224.622s][info][gc,heap        ] GC(706) PSYoungGen: 111616K(222720K)->21648K(133632K) Eden: 111616K(111616K)->0K(111616K) From: 0K(111104K)->21648K(22016K)
[224.622s][info][gc,heap        ] GC(706) ParOldGen: 299019K(624128K)->299019K(624128K)
[224.622s][info][gc,metaspace   ] GC(706) Metaspace: 18549K(18752K)->18549K(18752K) NonClass: 15888K(16000K)->15888K(16000K) Class: 2661K(2752K)->2661K(2752K)
[224.622s][info][gc             ] GC(706) Pause Young (Allocation Failure) 401M->313M(740M) 16.402ms
[224.622s][info][gc,cpu         ] GC(706) User=0.04s Sys=0.00s Real=0.02s
[224.678s][info][gc,start       ] GC(707) Pause Young (Allocation Failure)
[224.717s][info][gc,heap        ] GC(707) PSYoungGen: 133264K(133632K)->57552K(215040K) Eden: 111616K(111616K)->0K(109056K) From: 21648K(22016K)->57552K(105984K)
[224.717s][info][gc,heap        ] GC(707) ParOldGen: 299019K(624128K)->299019K(624128K)
[224.717s][info][gc,metaspace   ] GC(707) Metaspace: 18549K(18752K)->18549K(18752K) NonClass: 15888K(16000K)->15888K(16000K) Class: 2661K(2752K)->2661K(2752K)
[224.717s][info][gc             ] GC(707) Pause Young (Allocation Failure) 422M->348M(819M) 38.438ms
[224.717s][info][gc,cpu         ] GC(707) User=0.07s Sys=0.00s Real=0.04s
[224.833s][info][gc,start       ] GC(708) Pause Young (Allocation Failure)
[224.880s][info][gc,heap        ] GC(708) PSYoungGen: 166608K(215040K)->77328K(217600K) Eden: 109056K(109056K)->0K(109056K) From: 57552K(105984K)->77328K(108544K)
[224.881s][info][gc,heap        ] GC(708) ParOldGen: 299019K(624128K)->299019K(624128K)
[224.881s][info][gc,metaspace   ] GC(708) Metaspace: 18550K(18752K)->18550K(18752K) NonClass: 15889K(16000K)->15889K(16000K) Class: 2661K(2752K)->2661K(2752K)
[224.881s][info][gc             ] GC(708) Pause Young (Allocation Failure) 454M->367M(822M) 47.720ms
[224.881s][info][gc,cpu         ] GC(708) User=0.10s Sys=0.00s Real=0.05s
[224.993s][info][gc,start       ] GC(709) Pause Young (Allocation Failure)
[225.039s][info][gc,heap        ] GC(709) PSYoungGen: 186384K(217600K)->19808K(222720K) Eden: 109056K(109056K)->0K(111616K) From: 77328K(108544K)->19808K(111104K)
[225.039s][info][gc,heap        ] GC(709) ParOldGen: 299019K(624128K)->357050K(624128K)
[225.039s][info][gc,metaspace   ] GC(709) Metaspace: 18550K(18752K)->18550K(18752K) NonClass: 15889K(16000K)->15889K(16000K) Class: 2661K(2752K)->2661K(2752K)
[225.039s][info][gc             ] GC(709) Pause Young (Allocation Failure) 474M->368M(827M) 46.155ms
[225.039s][info][gc,cpu         ] GC(709) User=0.09s Sys=0.00s Real=0.04s
[225.151s][info][gc,start       ] GC(710) Pause Young (Allocation Failure)
[225.166s][info][gc,heap        ] GC(710) PSYoungGen: 131424K(222720K)->96K(222720K) Eden: 111616K(111616K)->0K(111616K) From: 19808K(111104K)->96K(111104K)
[225.166s][info][gc,heap        ] GC(710) ParOldGen: 357050K(624128K)->377062K(624128K)
[225.166s][info][gc,metaspace   ] GC(710) Metaspace: 18550K(18752K)->18550K(18752K) NonClass: 15889K(16000K)->15889K(16000K) Class: 2661K(2752K)->2661K(2752K)
[225.166s][info][gc             ] GC(710) Pause Young (Allocation Failure) 477M->368M(827M) 14.989ms
[225.166s][info][gc,cpu         ] GC(710) User=0.03s Sys=0.00s Real=0.01s
[225.275s][info][gc,start       ] GC(711) Pause Young (Allocation Failure)
[225.277s][info][gc,heap        ] GC(711) PSYoungGen: 111712K(222720K)->192K(217600K) Eden: 111616K(111616K)->0K(111616K) From: 96K(111104K)->192K(105984K)
[225.277s][info][gc,heap        ] GC(711) ParOldGen: 377062K(624128K)->377062K(624128K)
[225.277s][info][gc,metaspace   ] GC(711) Metaspace: 18550K(18752K)->18550K(18752K) NonClass: 15889K(16000K)->15889K(16000K) Class: 2661K(2752K)->2661K(2752K)
[225.277s][info][gc             ] GC(711) Pause Young (Allocation Failure) 477M->368M(822M) 1.878ms
[225.277s][info][gc,cpu         ] GC(711) User=0.00s Sys=0.00s Real=0.00s
[225.387s][info][gc,start       ] GC(712) Pause Young (Allocation Failure)
[225.388s][info][gc,heap        ] GC(712) PSYoungGen: 111808K(217600K)->320K(220160K) Eden: 111616K(111616K)->0K(111616K) From: 192K(105984K)->320K(108544K)
[225.389s][info][gc,heap        ] GC(712) ParOldGen: 377062K(624128K)->377062K(624128K)
[225.389s][info][gc,metaspace   ] GC(712) Metaspace: 18550K(18752K)->18550K(18752K) NonClass: 15889K(16000K)->15889K(16000K) Class: 2661K(2752K)->2661K(2752K)
[225.389s][info][gc             ] GC(712) Pause Young (Allocation Failure) 477M->368M(824M) 2.023ms
[225.389s][info][gc,cpu         ] GC(712) User=0.00s Sys=0.00s Real=0.00s
[225.500s][info][gc,start       ] GC(713) Pause Young (Allocation Failure)
[225.502s][info][gc,heap        ] GC(713) PSYoungGen: 111936K(220160K)->384K(214528K) Eden: 111616K(111616K)->0K(116736K) From: 320K(108544K)->384K(97792K)
[225.502s][info][gc,heap        ] GC(713) ParOldGen: 377062K(624128K)->377062K(624128K)
[225.502s][info][gc,metaspace   ] GC(713) Metaspace: 18550K(18752K)->18550K(18752K) NonClass: 15889K(16000K)->15889K(16000K) Class: 2661K(2752K)->2661K(2752K)
[225.502s][info][gc             ] GC(713) Pause Young (Allocation Failure) 477M->368M(819M) 2.183ms
[225.502s][info][gc,cpu         ] GC(713) User=0.01s Sys=0.00s Real=0.01s
[225.620s][info][gc,start       ] GC(714) Pause Young (Allocation Failure)
[225.622s][info][gc,heap        ] GC(714) PSYoungGen: 117120K(214528K)->448K(219136K) Eden: 116736K(116736K)->0K(116736K) From: 384K(97792K)->448K(102400K)
[225.622s][info][gc,heap        ] GC(714) ParOldGen: 377062K(624128K)->377062K(624128K)
[225.622s][info][gc,metaspace   ] GC(714) Metaspace: 18550K(18752K)->18550K(18752K) NonClass: 15889K(16000K)->15889K(16000K) Class: 2661K(2752K)->2661K(2752K)
[225.622s][info][gc             ] GC(714) Pause Young (Allocation Failure) 482M->368M(823M) 2.397ms
[225.622s][info][gc,cpu         ] GC(714) User=0.01s Sys=0.00s Real=0.01s
[225.736s][info][gc,start       ] GC(715) Pause Young (Allocation Failure)
[225.739s][info][gc,heap        ] GC(715) PSYoungGen: 117184K(219136K)->544K(210432K) Eden: 116736K(116736K)->0K(120320K) From: 448K(102400K)->544K(90112K)
[225.739s][info][gc,heap        ] GC(715) ParOldGen: 377062K(624128K)->377062K(624128K)
[225.739s][info][gc,metaspace   ] GC(715) Metaspace: 18550K(18752K)->18550K(18752K) NonClass: 15889K(16000K)->15889K(16000K) Class: 2661K(2752K)->2661K(2752K)
[225.739s][info][gc             ] GC(715) Pause Young (Allocation Failure) 482M->368M(815M) 2.892ms
[225.739s][info][gc,cpu         ] GC(715) User=0.01s Sys=0.00s Real=0.00s
[225.857s][info][gc,start       ] GC(716) Pause Young (Allocation Failure)
[225.860s][info][gc,heap        ] GC(716) PSYoungGen: 120864K(210432K)->640K(121344K) Eden: 120320K(120320K)->0K(120320K) From: 544K(90112K)->640K(1024K)
[225.860s][info][gc,heap        ] GC(716) ParOldGen: 377062K(624128K)->377062K(624128K)
[225.860s][info][gc,metaspace   ] GC(716) Metaspace: 18550K(18752K)->18550K(18752K) NonClass: 15889K(16000K)->15889K(16000K) Class: 2661K(2752K)->2661K(2752K)
[225.860s][info][gc             ] GC(716) Pause Young (Allocation Failure) 486M->368M(728M) 2.991ms
[225.860s][info][gc,cpu         ] GC(716) User=0.01s Sys=0.00s Real=0.01s
[225.978s][info][gc,start       ] GC(717) Pause Young (Allocation Failure)
[225.981s][info][gc,heap        ] GC(717) PSYoungGen: 120960K(121344K)->704K(203776K) Eden: 120320K(120320K)->0K(122880K) From: 640K(1024K)->704K(80896K)
[225.981s][info][gc,heap        ] GC(717) ParOldGen: 377062K(624128K)->377062K(624128K)
[225.981s][info][gc,metaspace   ] GC(717) Metaspace: 18550K(18752K)->18550K(18752K) NonClass: 15889K(16000K)->15889K(16000K) Class: 2661K(2752K)->2661K(2752K)
[225.981s][info][gc             ] GC(717) Pause Young (Allocation Failure) 486M->368M(808M) 3.337ms
[225.981s][info][gc,cpu         ] GC(717) User=0.00s Sys=0.00s Real=0.01s
[226.121s][info][gc,start       ] GC(718) Pause Young (Allocation Failure)
[226.132s][info][gc,heap        ] GC(718) PSYoungGen: 123584K(203776K)->4032K(126976K) Eden: 122880K(122880K)->0K(122880K) From: 704K(80896K)->4032K(4096K)
[226.132s][info][gc,heap        ] GC(718) ParOldGen: 377062K(624128K)->377062K(624128K)
[226.132s][info][gc,metaspace   ] GC(718) Metaspace: 18553K(18752K)->18553K(18752K) NonClass: 15892K(16000K)->15892K(16000K) Class: 2661K(2752K)->2661K(2752K)
[226.132s][info][gc             ] GC(718) Pause Young (Allocation Failure) 488M->372M(733M) 10.946ms
[226.132s][info][gc,cpu         ] GC(718) User=0.02s Sys=0.00s Real=0.01s
[226.268s][info][gc,start       ] GC(719) Pause Young (Allocation Failure)
[226.306s][info][gc,heap        ] GC(719) PSYoungGen: 126912K(126976K)->19531K(201728K) Eden: 122880K(122880K)->0K(128000K) From: 4032K(4096K)->19531K(73728K)
[226.306s][info][gc,heap        ] GC(719) ParOldGen: 377062K(624128K)->377062K(624128K)
[226.306s][info][gc,metaspace   ] GC(719) Metaspace: 18553K(18752K)->18553K(18752K) NonClass: 15892K(16000K)->15892K(16000K) Class: 2661K(2752K)->2661K(2752K)
[226.306s][info][gc             ] GC(719) Pause Young (Allocation Failure) 492M->387M(806M) 37.809ms
[226.306s][info][gc,cpu         ] GC(719) User=0.07s Sys=0.00s Real=0.04s
[226.433s][info][gc,start       ] GC(720) Pause Young (Allocation Failure)
[226.484s][info][gc,heap        ] GC(720) PSYoungGen: 147531K(201728K)->36907K(204288K) Eden: 128000K(128000K)->0K(128000K) From: 19531K(73728K)->36907K(76288K)
[226.485s][info][gc,heap        ] GC(720) ParOldGen: 377062K(624128K)->377062K(624128K)
[226.485s][info][gc,metaspace   ] GC(720) Metaspace: 18553K(18752K)->18553K(18752K) NonClass: 15892K(16000K)->15892K(16000K) Class: 2661K(2752K)->2661K(2752K)
[226.485s][info][gc             ] GC(720) Pause Young (Allocation Failure) 512M->404M(809M) 52.041ms
[226.485s][info][gc,cpu         ] GC(720) User=0.10s Sys=0.00s Real=0.05s
[226.614s][info][gc,start       ] GC(721) Pause Young (Allocation Failure)
[226.678s][info][gc,heap        ] GC(721) PSYoungGen: 164907K(204288K)->51275K(207360K) Eden: 128000K(128000K)->0K(129024K) From: 36907K(76288K)->51275K(78336K)
[226.678s][info][gc,heap        ] GC(721) ParOldGen: 377062K(624128K)->377062K(624128K)
[226.678s][info][gc,metaspace   ] GC(721) Metaspace: 18553K(18752K)->18553K(18752K) NonClass: 15892K(16000K)->15892K(16000K) Class: 2661K(2752K)->2661K(2752K)
[226.678s][info][gc             ] GC(721) Pause Young (Allocation Failure) 529M->418M(812M) 64.371ms
[226.678s][info][gc,cpu         ] GC(721) User=0.13s Sys=0.00s Real=0.06s
[226.765s][info][gc,start       ] GC(722) Pause Young (Allocation Failure)
[226.833s][info][gc,heap        ] GC(722) PSYoungGen: 180299K(207360K)->55275K(213504K) Eden: 129024K(129024K)->0K(129024K) From: 51275K(78336K)->55275K(84480K)
[226.834s][info][gc,heap        ] GC(722) ParOldGen: 377062K(624128K)->377062K(624128K)
[226.834s][info][gc,metaspace   ] GC(722) Metaspace: 18553K(18752K)->18553K(18752K) NonClass: 15892K(16000K)->15892K(16000K) Class: 2661K(2752K)->2661K(2752K)
[226.834s][info][gc             ] GC(722) Pause Young (Allocation Failure) 544M->422M(818M) 68.355ms
[226.834s][info][gc,cpu         ] GC(722) User=0.14s Sys=0.00s Real=0.07s
[226.954s][info][gc,start       ] GC(723) Pause Young (Allocation Failure)
[227.027s][info][gc,heap        ] GC(723) PSYoungGen: 184299K(213504K)->56427K(225792K) Eden: 129024K(129024K)->0K(134656K) From: 55275K(84480K)->56427K(91136K)
[227.027s][info][gc,heap        ] GC(723) ParOldGen: 377062K(624128K)->377062K(624128K)
[227.027s][info][gc,metaspace   ] GC(723) Metaspace: 18553K(18752K)->18553K(18752K) NonClass: 15892K(16000K)->15892K(16000K) Class: 2661K(2752K)->2661K(2752K)
[227.027s][info][gc             ] GC(723) Pause Young (Allocation Failure) 548M->423M(830M) 73.240ms
[227.027s][info][gc,cpu         ] GC(723) User=0.14s Sys=0.00s Real=0.07s
[227.152s][info][gc,start       ] GC(724) Pause Young (Allocation Failure)
[227.228s][info][gc,heap        ] GC(724) PSYoungGen: 191083K(225792K)->59819K(230912K) Eden: 134656K(134656K)->0K(134656K) From: 56427K(91136K)->59819K(96256K)
[227.228s][info][gc,heap        ] GC(724) ParOldGen: 377062K(624128K)->377062K(624128K)
[227.228s][info][gc,metaspace   ] GC(724) Metaspace: 18553K(18752K)->18553K(18752K) NonClass: 15892K(16000K)->15892K(16000K) Class: 2661K(2752K)->2661K(2752K)
[227.228s][info][gc             ] GC(724) Pause Young (Allocation Failure) 554M->426M(835M) 75.619ms
[227.228s][info][gc,cpu         ] GC(724) User=0.15s Sys=0.00s Real=0.07s
[227.354s][info][gc,start       ] GC(725) Pause Young (Allocation Failure)
[227.437s][info][gc,heap        ] GC(725) PSYoungGen: 194475K(230912K)->63499K(222208K) Eden: 134656K(134656K)->0K(120832K) From: 59819K(96256K)->63499K(101376K)
[227.437s][info][gc,heap        ] GC(725) ParOldGen: 377062K(624128K)->377134K(624128K)
[227.437s][info][gc,metaspace   ] GC(725) Metaspace: 18553K(18752K)->18553K(18752K) NonClass: 15892K(16000K)->15892K(16000K) Class: 2661K(2752K)->2661K(2752K)
[227.437s][info][gc             ] GC(725) Pause Young (Allocation Failure) 558M->430M(826M) 83.013ms
[227.437s][info][gc,cpu         ] GC(725) User=0.16s Sys=0.01s Real=0.08s
[227.571s][info][gc,start       ] GC(726) Pause Young (Allocation Failure)
[227.658s][info][gc,heap        ] GC(726) PSYoungGen: 184331K(222208K)->77660K(198656K) Eden: 120832K(120832K)->0K(120832K) From: 63499K(101376K)->77660K(77824K)
[227.658s][info][gc,heap        ] GC(726) ParOldGen: 377134K(624128K)->377254K(624128K)
[227.658s][info][gc,metaspace   ] GC(726) Metaspace: 18553K(18752K)->18553K(18752K) NonClass: 15892K(16000K)->15892K(16000K) Class: 2661K(2752K)->2661K(2752K)
[227.658s][info][gc             ] GC(726) Pause Young (Allocation Failure) 548M->444M(803M) 86.353ms
[227.658s][info][gc,cpu         ] GC(726) User=0.17s Sys=0.00s Real=0.08s
[227.809s][info][gc,start       ] GC(727) Pause Young (Allocation Failure)
[227.913s][info][gc,heap        ] GC(727) PSYoungGen: 198492K(198656K)->83036K(222720K) Eden: 120832K(120832K)->0K(111616K) From: 77660K(77824K)->83036K(111104K)
[227.913s][info][gc,heap        ] GC(727) ParOldGen: 377254K(624128K)->377430K(624128K)
[227.913s][info][gc,metaspace   ] GC(727) Metaspace: 18553K(18752K)->18553K(18752K) NonClass: 15892K(16000K)->15892K(16000K) Class: 2661K(2752K)->2661K(2752K)
[227.913s][info][gc             ] GC(727) Pause Young (Allocation Failure) 562M->449M(827M) 103.405ms
[227.913s][info][gc,cpu         ] GC(727) User=0.21s Sys=0.01s Real=0.11s
[228.145s][info][gc,start       ] GC(728) Pause Young (Allocation Failure)
[228.242s][info][gc,heap        ] GC(728) PSYoungGen: 194652K(222720K)->82860K(222720K) Eden: 111616K(111616K)->0K(111616K) From: 83036K(111104K)->82860K(111104K)
[228.242s][info][gc,heap        ] GC(728) ParOldGen: 377430K(624128K)->377598K(624128K)
[228.242s][info][gc,metaspace   ] GC(728) Metaspace: 18553K(18752K)->18553K(18752K) NonClass: 15892K(16000K)->15892K(16000K) Class: 2661K(2752K)->2661K(2752K)
[228.242s][info][gc             ] GC(728) Pause Young (Allocation Failure) 558M->449M(827M) 97.402ms
[228.243s][info][gc,cpu         ] GC(728) User=0.19s Sys=0.00s Real=0.10s
[228.413s][info][gc,start       ] GC(729) Pause Young (Allocation Failure)
[228.522s][info][gc,heap        ] GC(729) PSYoungGen: 194476K(222720K)->82924K(222720K) Eden: 111616K(111616K)->0K(111616K) From: 82860K(111104K)->82924K(111104K)
[228.522s][info][gc,heap        ] GC(729) ParOldGen: 377598K(624128K)->377758K(624128K)
[228.522s][info][gc,metaspace   ] GC(729) Metaspace: 18553K(18752K)->18553K(18752K) NonClass: 15892K(16000K)->15892K(16000K) Class: 2661K(2752K)->2661K(2752K)
[228.522s][info][gc             ] GC(729) Pause Young (Allocation Failure) 558M->449M(827M) 108.316ms
[228.522s][info][gc,cpu         ] GC(729) User=0.21s Sys=0.00s Real=0.11s
[228.653s][info][gc,start       ] GC(730) Pause Young (Allocation Failure)
[228.789s][info][gc,heap        ] GC(730) PSYoungGen: 194540K(222720K)->88768K(222720K) Eden: 111616K(111616K)->0K(111616K) From: 82924K(111104K)->88768K(111104K)
[228.789s][info][gc,heap        ] GC(730) ParOldGen: 377758K(624128K)->396658K(624128K)
[228.789s][info][gc,metaspace   ] GC(730) Metaspace: 18553K(18752K)->18553K(18752K) NonClass: 15892K(16000K)->15892K(16000K) Class: 2661K(2752K)->2661K(2752K)
[228.789s][info][gc             ] GC(730) Pause Young (Allocation Failure) 558M->474M(827M) 135.522ms
[228.789s][info][gc,cpu         ] GC(730) User=0.26s Sys=0.00s Real=0.13s
[228.937s][info][gc,start       ] GC(731) Pause Young (Allocation Failure)
[229.039s][info][gc,heap        ] GC(731) PSYoungGen: 200384K(222720K)->73200K(222720K) Eden: 111616K(111616K)->0K(111616K) From: 88768K(111104K)->73200K(111104K)
[229.039s][info][gc,heap        ] GC(731) ParOldGen: 396658K(624128K)->428450K(624128K)
[229.039s][info][gc,metaspace   ] GC(731) Metaspace: 18553K(18752K)->18553K(18752K) NonClass: 15892K(16000K)->15892K(16000K) Class: 2661K(2752K)->2661K(2752K)
[229.039s][info][gc             ] GC(731) Pause Young (Allocation Failure) 583M->489M(827M) 101.829ms
[229.039s][info][gc,cpu         ] GC(731) User=0.20s Sys=0.00s Real=0.10s
[229.127s][info][gc,start       ] GC(732) Pause Young (Allocation Failure)
[229.198s][info][gc,heap        ] GC(732) PSYoungGen: 184816K(222720K)->68672K(222720K) Eden: 111616K(111616K)->0K(111616K) From: 73200K(111104K)->68672K(111104K)
[229.198s][info][gc,heap        ] GC(732) ParOldGen: 428450K(624128K)->433626K(624128K)
[229.198s][info][gc,metaspace   ] GC(732) Metaspace: 18553K(18752K)->18553K(18752K) NonClass: 15892K(16000K)->15892K(16000K) Class: 2661K(2752K)->2661K(2752K)
[229.198s][info][gc             ] GC(732) Pause Young (Allocation Failure) 598M->490M(827M) 71.576ms
[229.198s][info][gc,cpu         ] GC(732) User=0.15s Sys=0.00s Real=0.07s
[229.321s][info][gc,start       ] GC(733) Pause Young (Allocation Failure)
[229.389s][info][gc,heap        ] GC(733) PSYoungGen: 180288K(222720K)->63344K(222720K) Eden: 111616K(111616K)->0K(111616K) From: 68672K(111104K)->63344K(111104K)
[229.389s][info][gc,heap        ] GC(733) ParOldGen: 433626K(624128K)->440794K(624128K)
[229.389s][info][gc,metaspace   ] GC(733) Metaspace: 18553K(18752K)->18553K(18752K) NonClass: 15892K(16000K)->15892K(16000K) Class: 2661K(2752K)->2661K(2752K)
[229.389s][info][gc             ] GC(733) Pause Young (Allocation Failure) 599M->492M(827M) 68.678ms
[229.390s][info][gc,cpu         ] GC(733) User=0.13s Sys=0.00s Real=0.06s
[229.508s][info][gc,start       ] GC(734) Pause Young (Allocation Failure)
[229.575s][info][gc,heap        ] GC(734) PSYoungGen: 174960K(222720K)->47808K(222720K) Eden: 111616K(111616K)->0K(111616K) From: 63344K(111104K)->47808K(111104K)
[229.575s][info][gc,heap        ] GC(734) ParOldGen: 440794K(624128K)->460635K(624128K)
[229.575s][info][gc,metaspace   ] GC(734) Metaspace: 18553K(18752K)->18553K(18752K) NonClass: 15892K(16000K)->15892K(16000K) Class: 2661K(2752K)->2661K(2752K)
[229.575s][info][gc             ] GC(734) Pause Young (Allocation Failure) 601M->496M(827M) 66.422ms
[229.575s][info][gc,cpu         ] GC(734) User=0.13s Sys=0.00s Real=0.07s
[229.678s][info][gc,start       ] GC(735) Pause Young (Allocation Failure)
[229.724s][info][gc,heap        ] GC(735) PSYoungGen: 159424K(222720K)->47616K(222720K) Eden: 111616K(111616K)->0K(111616K) From: 47808K(111104K)->47616K(111104K)
[229.724s][info][gc,heap        ] GC(735) ParOldGen: 460635K(624128K)->460875K(624128K)
[229.724s][info][gc,metaspace   ] GC(735) Metaspace: 18555K(18752K)->18555K(18752K) NonClass: 15894K(16000K)->15894K(16000K) Class: 2661K(2752K)->2661K(2752K)
[229.724s][info][gc             ] GC(735) Pause Young (Allocation Failure) 605M->496M(827M) 46.290ms
[229.724s][info][gc,cpu         ] GC(735) User=0.09s Sys=0.00s Real=0.05s
[229.860s][info][gc,start       ] GC(736) Pause Young (Allocation Failure)
[229.927s][info][gc,heap        ] GC(736) PSYoungGen: 159232K(222720K)->6752K(222720K) Eden: 111616K(111616K)->0K(111616K) From: 47616K(111104K)->6752K(111104K)
[229.927s][info][gc,heap        ] GC(736) ParOldGen: 460875K(624128K)->501803K(624128K)
[229.927s][info][gc,metaspace   ] GC(736) Metaspace: 18555K(18752K)->18555K(18752K) NonClass: 15894K(16000K)->15894K(16000K) Class: 2661K(2752K)->2661K(2752K)
[229.927s][info][gc             ] GC(736) Pause Young (Allocation Failure) 605M->496M(827M) 66.700ms
[229.927s][info][gc,cpu         ] GC(736) User=0.13s Sys=0.00s Real=0.07s
[230.098s][info][gc,start       ] GC(737) Pause Young (Allocation Failure)
[230.118s][info][gc,heap        ] GC(737) PSYoungGen: 118368K(222720K)->15168K(222720K) Eden: 111616K(111616K)->0K(111616K) From: 6752K(111104K)->15168K(111104K)
[230.118s][info][gc,heap        ] GC(737) ParOldGen: 501803K(624128K)->504259K(624128K)
[230.118s][info][gc,metaspace   ] GC(737) Metaspace: 18555K(18752K)->18555K(18752K) NonClass: 15894K(16000K)->15894K(16000K) Class: 2661K(2752K)->2661K(2752K)
[230.118s][info][gc             ] GC(737) Pause Young (Allocation Failure) 605M->507M(827M) 20.110ms
[230.118s][info][gc,cpu         ] GC(737) User=0.04s Sys=0.00s Real=0.02s
[230.297s][info][gc,start       ] GC(738) Pause Young (Allocation Failure)
[230.319s][info][gc,heap        ] GC(738) PSYoungGen: 126784K(222720K)->15392K(222720K) Eden: 111616K(111616K)->0K(111616K) From: 15168K(111104K)->15392K(111104K)
[230.319s][info][gc,heap        ] GC(738) ParOldGen: 504259K(624128K)->508547K(624128K)
[230.319s][info][gc,metaspace   ] GC(738) Metaspace: 18555K(18752K)->18555K(18752K) NonClass: 15894K(16000K)->15894K(16000K) Class: 2661K(2752K)->2661K(2752K)
[230.319s][info][gc             ] GC(738) Pause Young (Allocation Failure) 616M->511M(827M) 21.970ms
[230.319s][info][gc,cpu         ] GC(738) User=0.04s Sys=0.00s Real=0.02s
[230.667s][info][gc,start       ] GC(739) Pause Young (Allocation Failure)
[230.683s][info][gc,heap        ] GC(739) PSYoungGen: 127008K(222720K)->4672K(222720K) Eden: 111616K(111616K)->0K(111616K) From: 15392K(111104K)->4672K(111104K)
[230.683s][info][gc,heap        ] GC(739) ParOldGen: 508547K(624128K)->519448K(624128K)
[230.683s][info][gc,metaspace   ] GC(739) Metaspace: 18555K(18752K)->18555K(18752K) NonClass: 15894K(16000K)->15894K(16000K) Class: 2661K(2752K)->2661K(2752K)
[230.683s][info][gc             ] GC(739) Pause Young (Allocation Failure) 620M->511M(827M) 16.966ms
[230.683s][info][gc,cpu         ] GC(739) User=0.03s Sys=0.00s Real=0.02s
[230.942s][info][gc,start       ] GC(740) Pause Young (Allocation Failure)
[230.949s][info][gc,heap        ] GC(740) PSYoungGen: 116288K(222720K)->208K(222720K) Eden: 111616K(111616K)->0K(111616K) From: 4672K(111104K)->208K(111104K)
[230.949s][info][gc,heap        ] GC(740) ParOldGen: 519448K(624128K)->523992K(624128K)
[230.949s][info][gc,metaspace   ] GC(740) Metaspace: 18555K(18752K)->18555K(18752K) NonClass: 15894K(16000K)->15894K(16000K) Class: 2661K(2752K)->2661K(2752K)
[230.949s][info][gc             ] GC(740) Pause Young (Allocation Failure) 620M->511M(827M) 6.773ms
[230.949s][info][gc,cpu         ] GC(740) User=0.02s Sys=0.00s Real=0.00s
[231.210s][info][gc,start       ] GC(741) Pause Young (Allocation Failure)
[231.213s][info][gc,heap        ] GC(741) PSYoungGen: 111824K(222720K)->64K(222720K) Eden: 111616K(111616K)->0K(111616K) From: 208K(111104K)->64K(111104K)
[231.213s][info][gc,heap        ] GC(741) ParOldGen: 523992K(624128K)->524185K(624128K)
[231.213s][info][gc,metaspace   ] GC(741) Metaspace: 18555K(18752K)->18555K(18752K) NonClass: 15894K(16000K)->15894K(16000K) Class: 2661K(2752K)->2661K(2752K)
[231.213s][info][gc             ] GC(741) Pause Young (Allocation Failure) 620M->511M(827M) 2.390ms
[231.213s][info][gc,cpu         ] GC(741) User=0.00s Sys=0.00s Real=0.01s
[231.408s][info][gc,start       ] GC(742) Pause Young (Allocation Failure)
[231.413s][info][gc,heap        ] GC(742) PSYoungGen: 111680K(222720K)->2272K(222720K) Eden: 111616K(111616K)->0K(111616K) From: 64K(111104K)->2272K(111104K)
[231.413s][info][gc,heap        ] GC(742) ParOldGen: 524185K(624128K)->524217K(624128K)
[231.413s][info][gc,metaspace   ] GC(742) Metaspace: 18555K(18752K)->18555K(18752K) NonClass: 15894K(16000K)->15894K(16000K) Class: 2661K(2752K)->2661K(2752K)
[231.413s][info][gc             ] GC(742) Pause Young (Allocation Failure) 620M->514M(827M) 4.936ms
[231.413s][info][gc,cpu         ] GC(742) User=0.01s Sys=0.00s Real=0.01s
[231.563s][info][gc,start       ] GC(743) Pause Young (Allocation Failure)
[231.588s][info][gc,heap        ] GC(743) PSYoungGen: 113888K(222720K)->28800K(209408K) Eden: 111616K(111616K)->0K(111616K) From: 2272K(111104K)->28800K(97792K)
[231.588s][info][gc,heap        ] GC(743) ParOldGen: 524217K(624128K)->526481K(624128K)
[231.588s][info][gc,metaspace   ] GC(743) Metaspace: 18563K(18752K)->18563K(18752K) NonClass: 15902K(16000K)->15902K(16000K) Class: 2661K(2752K)->2661K(2752K)
[231.588s][info][gc             ] GC(743) Pause Young (Allocation Failure) 623M->542M(814M) 25.277ms
[231.588s][info][gc,cpu         ] GC(743) User=0.05s Sys=0.00s Real=0.02s
[231.650s][info][gc,start       ] GC(744) Pause Young (Allocation Failure)
[231.698s][info][gc,heap        ] GC(744) PSYoungGen: 140416K(209408K)->70912K(216064K) Eden: 111616K(111616K)->0K(111616K) From: 28800K(97792K)->70912K(104448K)
[231.698s][info][gc,heap        ] GC(744) ParOldGen: 526481K(624128K)->526481K(624128K)
[231.698s][info][gc,metaspace   ] GC(744) Metaspace: 18563K(18752K)->18563K(18752K) NonClass: 15902K(16000K)->15902K(16000K) Class: 2661K(2752K)->2661K(2752K)
[231.698s][info][gc             ] GC(744) Pause Young (Allocation Failure) 651M->583M(820M) 48.466ms
[231.698s][info][gc,cpu         ] GC(744) User=0.09s Sys=0.00s Real=0.05s
[231.761s][info][gc,start       ] GC(745) Pause Young (Allocation Failure)
[231.835s][info][gc,heap        ] GC(745) PSYoungGen: 182528K(216064K)->41120K(225280K) Eden: 111616K(111616K)->0K(115712K) From: 70912K(104448K)->41120K(109568K)
[231.835s][info][gc,heap        ] GC(745) ParOldGen: 526481K(624128K)->598225K(624128K)
[231.835s][info][gc,metaspace   ] GC(745) Metaspace: 18563K(18752K)->18563K(18752K) NonClass: 15902K(16000K)->15902K(16000K) Class: 2661K(2752K)->2661K(2752K)
[231.835s][info][gc             ] GC(745) Pause Young (Allocation Failure) 692M->624M(829M) 74.004ms
[231.835s][info][gc,cpu         ] GC(745) User=0.14s Sys=0.00s Real=0.07s
[232.023s][info][gc,start       ] GC(746) Pause Young (Allocation Failure)
[232.073s][info][gc,heap        ] GC(746) PSYoungGen: 156832K(225280K)->71205K(222720K) Eden: 115712K(115712K)->0K(115712K) From: 41120K(109568K)->71205K(107008K)
[232.073s][info][gc,heap        ] GC(746) ParOldGen: 598225K(624128K)->598225K(624128K)
[232.073s][info][gc,metaspace   ] GC(746) Metaspace: 18563K(18752K)->18563K(18752K) NonClass: 15902K(16000K)->15902K(16000K) Class: 2661K(2752K)->2661K(2752K)
[232.073s][info][gc             ] GC(746) Pause Young (Allocation Failure) 737M->653M(827M) 49.470ms
[232.073s][info][gc,cpu         ] GC(746) User=0.10s Sys=0.00s Real=0.05s
[232.203s][info][gc,start       ] GC(747) Pause Young (Allocation Failure)
[232.309s][info][gc,promotion   ] GC(747) Promotion failed
[232.309s][info][gc,heap        ] GC(747) PSYoungGen: 186917K(222720K)->186917K(222720K) Eden: 115712K(115712K)->115712K(115712K) From: 71205K(107008K)->71205K(107008K)
[232.309s][info][gc,heap        ] GC(747) ParOldGen: 598225K(624128K)->667644K(667648K)
[232.309s][info][gc,metaspace   ] GC(747) Metaspace: 18563K(18752K)->18563K(18752K) NonClass: 15902K(16000K)->15902K(16000K) Class: 2661K(2752K)->2661K(2752K)
[232.309s][info][gc             ] GC(747) Pause Young (Allocation Failure) 766M->834M(869M) 106.510ms
[232.309s][info][gc,cpu         ] GC(747) User=0.18s Sys=0.03s Real=0.10s
[232.309s][info][gc,start       ] GC(748) Pause Full (Allocation Failure)
[232.309s][info][gc,phases,start] GC(748) Marking Phase
[232.676s][info][gc,phases      ] GC(748) Marking Phase 366.966ms
[232.676s][info][gc,phases,start] GC(748) Summary Phase
[232.676s][info][gc,phases      ] GC(748) Summary Phase 0.027ms
[232.676s][info][gc,phases,start] GC(748) Forward
[232.821s][info][gc,phases      ] GC(748) Forward 144.619ms
[232.821s][info][gc,phases,start] GC(748) Adjust Pointers
[233.091s][info][gc,phases      ] GC(748) Adjust Pointers 270.068ms
[233.091s][info][gc,phases,start] GC(748) Compaction Phase
[233.269s][info][gc,phases      ] GC(748) Compaction Phase 177.767ms
[233.280s][info][gc,phases,start] GC(748) Post Compact
[233.282s][info][gc,phases      ] GC(748) Post Compact 2.550ms
[233.282s][info][gc,heap        ] GC(748) PSYoungGen: 186917K(222720K)->0K(222720K) Eden: 115712K(115712K)->0K(111616K) From: 71205K(107008K)->0K(111104K)
[233.282s][info][gc,heap        ] GC(748) ParOldGen: 667644K(667648K)->559518K(667648K)
[233.282s][info][gc,metaspace   ] GC(748) Metaspace: 18563K(18752K)->18563K(18752K) NonClass: 15902K(16000K)->15902K(16000K) Class: 2661K(2752K)->2661K(2752K)
[233.282s][info][gc             ] GC(748) Pause Full (Allocation Failure) 834M->546M(869M) 973.036ms
[233.282s][info][gc,cpu         ] GC(748) User=1.82s Sys=0.00s Real=0.98s
[233.458s][info][gc,start       ] GC(749) Pause Young (Allocation Failure)
[233.481s][info][gc,heap        ] GC(749) PSYoungGen: 111616K(222720K)->12224K(123904K) Eden: 111616K(111616K)->0K(111616K) From: 0K(111104K)->12224K(12288K)
[233.481s][info][gc,heap        ] GC(749) ParOldGen: 559518K(667648K)->559518K(667648K)
[233.481s][info][gc,metaspace   ] GC(749) Metaspace: 18564K(18752K)->18564K(18752K) NonClass: 15903K(16000K)->15903K(16000K) Class: 2661K(2752K)->2661K(2752K)
[233.481s][info][gc             ] GC(749) Pause Young (Allocation Failure) 655M->558M(773M) 22.425ms
[233.481s][info][gc,cpu         ] GC(749) User=0.05s Sys=0.00s Real=0.03s
[233.585s][info][gc,start       ] GC(750) Pause Young (Allocation Failure)
[233.629s][info][gc,heap        ] GC(750) PSYoungGen: 123840K(123904K)->26944K(226304K) Eden: 111616K(111616K)->0K(117760K) From: 12224K(12288K)->26944K(108544K)
[233.629s][info][gc,heap        ] GC(750) ParOldGen: 559518K(667648K)->559518K(667648K)
[233.629s][info][gc,metaspace   ] GC(750) Metaspace: 18564K(18752K)->18564K(18752K) NonClass: 15903K(16000K)->15903K(16000K) Class: 2661K(2752K)->2661K(2752K)
[233.629s][info][gc             ] GC(750) Pause Young (Allocation Failure) 667M->572M(873M) 43.911ms
[233.629s][info][gc,cpu         ] GC(750) User=0.09s Sys=0.00s Real=0.04s
[233.764s][info][gc,start       ] GC(751) Pause Young (Allocation Failure)
[233.828s][info][gc,heap        ] GC(751) PSYoungGen: 144704K(226304K)->35542K(153600K) Eden: 117760K(117760K)->0K(117760K) From: 26944K(108544K)->35542K(35840K)
[233.828s][info][gc,heap        ] GC(751) ParOldGen: 559518K(667648K)->559518K(667648K)
[233.828s][info][gc,metaspace   ] GC(751) Metaspace: 18564K(18752K)->18564K(18752K) NonClass: 15903K(16000K)->15903K(16000K) Class: 2661K(2752K)->2661K(2752K)
[233.828s][info][gc             ] GC(751) Pause Young (Allocation Failure) 687M->581M(802M) 63.225ms
[233.828s][info][gc,cpu         ] GC(751) User=0.12s Sys=0.00s Real=0.06s
[233.994s][info][gc,start       ] GC(752) Pause Young (Allocation Failure)
[234.085s][info][gc,heap        ] GC(752) PSYoungGen: 153302K(153600K)->54627K(217600K) Eden: 117760K(117760K)->0K(119808K) From: 35542K(35840K)->54627K(97792K)
[234.085s][info][gc,heap        ] GC(752) ParOldGen: 559518K(667648K)->559518K(667648K)
[234.085s][info][gc,metaspace   ] GC(752) Metaspace: 18564K(18752K)->18564K(18752K) NonClass: 15903K(16000K)->15903K(16000K) Class: 2661K(2752K)->2661K(2752K)
[234.085s][info][gc             ] GC(752) Pause Young (Allocation Failure) 696M->599M(864M) 91.317ms
[234.085s][info][gc,cpu         ] GC(752) User=0.18s Sys=0.00s Real=0.09s
[234.254s][info][gc,start       ] GC(753) Pause Young (Allocation Failure)
[234.341s][info][gc,heap        ] GC(753) PSYoungGen: 174435K(217600K)->42435K(218624K) Eden: 119808K(119808K)->0K(119808K) From: 54627K(97792K)->42435K(98816K)
[234.341s][info][gc,heap        ] GC(753) ParOldGen: 559518K(667648K)->571798K(667648K)
[234.341s][info][gc,metaspace   ] GC(753) Metaspace: 18564K(18752K)->18564K(18752K) NonClass: 15903K(16000K)->15903K(16000K) Class: 2661K(2752K)->2661K(2752K)
[234.342s][info][gc             ] GC(753) Pause Young (Allocation Failure) 716M->599M(865M) 87.916ms
[234.342s][info][gc,cpu         ] GC(753) User=0.17s Sys=0.00s Real=0.09s
[234.510s][info][gc,start       ] GC(754) Pause Young (Allocation Failure)
[234.580s][info][gc,heap        ] GC(754) PSYoungGen: 162243K(218624K)->27747K(218624K) Eden: 119808K(119808K)->0K(132096K) From: 42435K(98816K)->27747K(86528K)
[234.580s][info][gc,heap        ] GC(754) ParOldGen: 571798K(667648K)->586510K(667648K)
[234.580s][info][gc,metaspace   ] GC(754) Metaspace: 18564K(18752K)->18564K(18752K) NonClass: 15903K(16000K)->15903K(16000K) Class: 2661K(2752K)->2661K(2752K)
[234.580s][info][gc             ] GC(754) Pause Young (Allocation Failure) 716M->599M(865M) 70.016ms
[234.580s][info][gc,cpu         ] GC(754) User=0.14s Sys=0.00s Real=0.07s
[234.768s][info][gc,start       ] GC(755) Pause Young (Allocation Failure)
[234.818s][info][gc,heap        ] GC(755) PSYoungGen: 159843K(218624K)->19648K(222720K) Eden: 132096K(132096K)->0K(132096K) From: 27747K(86528K)->19648K(90624K)
[234.818s][info][gc,heap        ] GC(755) ParOldGen: 586510K(667648K)->594631K(667648K)
[234.818s][info][gc,metaspace   ] GC(755) Metaspace: 18564K(18752K)->18564K(18752K) NonClass: 15903K(16000K)->15903K(16000K) Class: 2661K(2752K)->2661K(2752K)
[234.818s][info][gc             ] GC(755) Pause Young (Allocation Failure) 728M->599M(869M) 49.293ms
[234.818s][info][gc,cpu         ] GC(755) User=0.09s Sys=0.00s Real=0.05s
[235.003s][info][gc,start       ] GC(756) Pause Young (Allocation Failure)
[235.031s][info][gc,heap        ] GC(756) PSYoungGen: 151744K(222720K)->19648K(225792K) Eden: 132096K(132096K)->0K(143872K) From: 19648K(90624K)->19648K(81920K)
[235.031s][info][gc,heap        ] GC(756) ParOldGen: 594631K(667648K)->594631K(667648K)
[235.031s][info][gc,metaspace   ] GC(756) Metaspace: 18564K(18752K)->18564K(18752K) NonClass: 15903K(16000K)->15903K(16000K) Class: 2661K(2752K)->2661K(2752K)
[235.031s][info][gc             ] GC(756) Pause Young (Allocation Failure) 728M->599M(872M) 28.533ms
[235.031s][info][gc,cpu         ] GC(756) User=0.06s Sys=0.00s Real=0.03s
[235.234s][info][gc,start       ] GC(757) Pause Young (Allocation Failure)
[235.263s][info][gc,heap        ] GC(757) PSYoungGen: 163520K(225792K)->19648K(229376K) Eden: 143872K(143872K)->0K(143872K) From: 19648K(81920K)->19648K(85504K)
[235.263s][info][gc,heap        ] GC(757) ParOldGen: 594631K(667648K)->594631K(667648K)
[235.263s][info][gc,metaspace   ] GC(757) Metaspace: 18564K(18752K)->18564K(18752K) NonClass: 15903K(16000K)->15903K(16000K) Class: 2661K(2752K)->2661K(2752K)
[235.263s][info][gc             ] GC(757) Pause Young (Allocation Failure) 740M->599M(876M) 29.222ms
[235.263s][info][gc,cpu         ] GC(757) User=0.06s Sys=0.00s Real=0.03s
[235.462s][info][gc,start       ] GC(758) Pause Young (Allocation Failure)
[235.491s][info][gc,heap        ] GC(758) PSYoungGen: 163520K(229376K)->19648K(230400K) Eden: 143872K(143872K)->0K(155136K) From: 19648K(85504K)->19648K(75264K)
[235.491s][info][gc,heap        ] GC(758) ParOldGen: 594631K(667648K)->594631K(667648K)
[235.491s][info][gc,metaspace   ] GC(758) Metaspace: 18564K(18752K)->18564K(18752K) NonClass: 15903K(16000K)->15903K(16000K) Class: 2661K(2752K)->2661K(2752K)
[235.491s][info][gc             ] GC(758) Pause Young (Allocation Failure) 740M->599M(877M) 29.352ms
[235.491s][info][gc,cpu         ] GC(758) User=0.06s Sys=0.00s Real=0.03s
[235.684s][info][gc,start       ] GC(759) Pause Young (Allocation Failure)
[235.726s][info][gc,heap        ] GC(759) PSYoungGen: 174784K(230400K)->31232K(234496K) Eden: 155136K(155136K)->0K(155136K) From: 19648K(75264K)->31232K(79360K)
[235.726s][info][gc,heap        ] GC(759) ParOldGen: 594631K(667648K)->594631K(667648K)
[235.726s][info][gc,metaspace   ] GC(759) Metaspace: 18564K(18752K)->18564K(18752K) NonClass: 15903K(16000K)->15903K(16000K) Class: 2661K(2752K)->2661K(2752K)
[235.726s][info][gc             ] GC(759) Pause Young (Allocation Failure) 751M->611M(881M) 42.016ms
[235.726s][info][gc,cpu         ] GC(759) User=0.09s Sys=0.00s Real=0.04s
[235.868s][info][gc,start       ] GC(760) Pause Young (Allocation Failure)
[235.926s][info][gc,heap        ] GC(760) PSYoungGen: 186368K(234496K)->48736K(239616K) Eden: 155136K(155136K)->0K(164864K) From: 31232K(79360K)->48736K(74752K)
[235.926s][info][gc,heap        ] GC(760) ParOldGen: 594631K(667648K)->594631K(667648K)
[235.926s][info][gc,metaspace   ] GC(760) Metaspace: 18564K(18752K)->18564K(18752K) NonClass: 15903K(16000K)->15903K(16000K) Class: 2661K(2752K)->2661K(2752K)
[235.926s][info][gc             ] GC(760) Pause Young (Allocation Failure) 762M->628M(886M) 58.040ms
[235.926s][info][gc,cpu         ] GC(760) User=0.11s Sys=0.00s Real=0.06s
[236.070s][info][gc,start       ] GC(761) Pause Young (Allocation Failure)
[236.129s][info][gc,heap        ] GC(761) PSYoungGen: 213600K(239616K)->51040K(242176K) Eden: 164864K(164864K)->0K(164864K) From: 48736K(74752K)->51040K(77312K)
[236.129s][info][gc,heap        ] GC(761) ParOldGen: 594631K(667648K)->594631K(667648K)
[236.129s][info][gc,metaspace   ] GC(761) Metaspace: 18564K(18752K)->18564K(18752K) NonClass: 15903K(16000K)->15903K(16000K) Class: 2661K(2752K)->2661K(2752K)
[236.129s][info][gc             ] GC(761) Pause Young (Allocation Failure) 789M->630M(888M) 58.591ms
[236.129s][info][gc,cpu         ] GC(761) User=0.12s Sys=0.00s Real=0.06s
[236.296s][info][gc,start       ] GC(762) Pause Young (Allocation Failure)
[236.356s][info][gc,heap        ] GC(762) PSYoungGen: 215904K(242176K)->52448K(249344K) Eden: 164864K(164864K)->0K(169984K) From: 51040K(77312K)->52448K(79360K)
[236.357s][info][gc,heap        ] GC(762) ParOldGen: 594631K(667648K)->594631K(667648K)
[236.357s][info][gc,metaspace   ] GC(762) Metaspace: 18564K(18752K)->18564K(18752K) NonClass: 15903K(16000K)->15903K(16000K) Class: 2661K(2752K)->2661K(2752K)
[236.357s][info][gc             ] GC(762) Pause Young (Allocation Failure) 791M->631M(895M) 60.313ms
[236.357s][info][gc,cpu         ] GC(762) User=0.12s Sys=0.00s Real=0.06s
[236.574s][info][gc,start       ] GC(763) Pause Young (Allocation Failure)
[236.641s][info][gc,heap        ] GC(763) PSYoungGen: 222432K(249344K)->60544K(230912K) Eden: 169984K(169984K)->0K(169984K) From: 52448K(79360K)->60544K(60928K)
[236.641s][info][gc,heap        ] GC(763) ParOldGen: 594631K(667648K)->594631K(667648K)
[236.641s][info][gc,metaspace   ] GC(763) Metaspace: 18567K(18752K)->18567K(18752K) NonClass: 15906K(16000K)->15906K(16000K) Class: 2661K(2752K)->2661K(2752K)
[236.641s][info][gc             ] GC(763) Pause Young (Allocation Failure) 797M->639M(877M) 67.142ms
[236.641s][info][gc,cpu         ] GC(763) User=0.13s Sys=0.00s Real=0.07s
[236.973s][info][gc,start       ] GC(764) Pause Young (Allocation Failure)
[237.041s][info][gc,heap        ] GC(764) PSYoungGen: 230528K(230912K)->60704K(240640K) Eden: 169984K(169984K)->0K(154624K) From: 60544K(60928K)->60704K(86016K)
[237.041s][info][gc,heap        ] GC(764) ParOldGen: 594631K(667648K)->594631K(667648K)
[237.041s][info][gc,metaspace   ] GC(764) Metaspace: 18567K(18752K)->18567K(18752K) NonClass: 15906K(16000K)->15906K(16000K) Class: 2661K(2752K)->2661K(2752K)
[237.041s][info][gc             ] GC(764) Pause Young (Allocation Failure) 805M->639M(887M) 68.315ms
[237.041s][info][gc,cpu         ] GC(764) User=0.13s Sys=0.00s Real=0.07s
[237.306s][info][gc,start       ] GC(765) Pause Young (Allocation Failure)
[237.372s][info][gc,heap        ] GC(765) PSYoungGen: 215328K(240640K)->60704K(215552K) Eden: 154624K(154624K)->0K(154624K) From: 60704K(86016K)->60704K(60928K)
[237.372s][info][gc,heap        ] GC(765) ParOldGen: 594631K(667648K)->594631K(667648K)
[237.372s][info][gc,metaspace   ] GC(765) Metaspace: 18567K(18752K)->18567K(18752K) NonClass: 15906K(16000K)->15906K(16000K) Class: 2661K(2752K)->2661K(2752K)
[237.372s][info][gc             ] GC(765) Pause Young (Allocation Failure) 790M->639M(862M) 66.698ms
[237.372s][info][gc,cpu         ] GC(765) User=0.13s Sys=0.00s Real=0.07s
[237.642s][info][gc,start       ] GC(766) Pause Young (Allocation Failure)
[237.717s][info][gc,heap        ] GC(766) PSYoungGen: 215328K(215552K)->68064K(232448K) Eden: 154624K(154624K)->0K(140288K) From: 60704K(60928K)->68064K(92160K)
[237.717s][info][gc,heap        ] GC(766) ParOldGen: 594631K(667648K)->594631K(667648K)
[237.717s][info][gc,metaspace   ] GC(766) Metaspace: 18567K(18752K)->18567K(18752K) NonClass: 15906K(16000K)->15906K(16000K) Class: 2661K(2752K)->2661K(2752K)
[237.717s][info][gc             ] GC(766) Pause Young (Allocation Failure) 790M->647M(879M) 74.208ms
[237.717s][info][gc,cpu         ] GC(766) User=0.15s Sys=0.00s Real=0.07s
[237.875s][info][gc,start       ] GC(767) Pause Young (Allocation Failure)
[237.954s][info][gc,heap        ] GC(767) PSYoungGen: 208352K(232448K)->54144K(237056K) Eden: 140288K(140288K)->0K(140288K) From: 68064K(92160K)->54144K(96768K)
[237.954s][info][gc,heap        ] GC(767) ParOldGen: 594631K(667648K)->614287K(667648K)
[237.954s][info][gc,metaspace   ] GC(767) Metaspace: 18567K(18752K)->18567K(18752K) NonClass: 15906K(16000K)->15906K(16000K) Class: 2661K(2752K)->2661K(2752K)
[237.954s][info][gc             ] GC(767) Pause Young (Allocation Failure) 784M->652M(883M) 79.638ms
[237.954s][info][gc,cpu         ] GC(767) User=0.16s Sys=0.00s Real=0.08s
[238.089s][info][gc,start       ] GC(768) Pause Young (Allocation Failure)
[238.164s][info][gc,heap        ] GC(768) PSYoungGen: 194432K(237056K)->82240K(221696K) Eden: 140288K(140288K)->0K(126976K) From: 54144K(96768K)->82240K(94720K)
[238.164s][info][gc,heap        ] GC(768) ParOldGen: 614287K(667648K)->614287K(667648K)
[238.164s][info][gc,metaspace   ] GC(768) Metaspace: 18567K(18752K)->18567K(18752K) NonClass: 15906K(16000K)->15906K(16000K) Class: 2661K(2752K)->2661K(2752K)
[238.164s][info][gc             ] GC(768) Pause Young (Allocation Failure) 789M->680M(868M) 75.579ms
[238.164s][info][gc,cpu         ] GC(768) User=0.14s Sys=0.01s Real=0.08s
[238.320s][info][gc,start       ] GC(769) Pause Young (Allocation Failure)
[238.417s][info][gc,heap        ] GC(769) PSYoungGen: 209216K(221696K)->103392K(230400K) Eden: 126976K(126976K)->0K(126976K) From: 82240K(94720K)->103392K(103424K)
[238.417s][info][gc,heap        ] GC(769) ParOldGen: 614287K(667648K)->618831K(667648K)
[238.417s][info][gc,metaspace   ] GC(769) Metaspace: 18578K(18752K)->18578K(18752K) NonClass: 15917K(16000K)->15917K(16000K) Class: 2661K(2752K)->2661K(2752K)
[238.417s][info][gc             ] GC(769) Pause Young (Allocation Failure) 804M->705M(877M) 97.583ms
[238.417s][info][gc,cpu         ] GC(769) User=0.19s Sys=0.00s Real=0.10s
[238.607s][info][gc,start       ] GC(770) Pause Young (Allocation Failure)
[238.719s][info][gc,heap        ] GC(770) PSYoungGen: 230368K(230400K)->103408K(215040K) Eden: 126976K(126976K)->0K(111616K) From: 103392K(103424K)->103408K(103424K)
[238.719s][info][gc,heap        ] GC(770) ParOldGen: 618831K(667648K)->631927K(667648K)
[238.719s][info][gc,metaspace   ] GC(770) Metaspace: 18578K(18752K)->18578K(18752K) NonClass: 15917K(16000K)->15917K(16000K) Class: 2661K(2752K)->2661K(2752K)
[238.719s][info][gc             ] GC(770) Pause Young (Allocation Failure) 829M->718M(862M) 111.275ms
[238.719s][info][gc,cpu         ] GC(770) User=0.22s Sys=0.01s Real=0.11s
[238.876s][info][gc,start       ] GC(771) Pause Young (Allocation Failure)
[238.968s][info][gc,heap        ] GC(771) PSYoungGen: 215024K(215040K)->103424K(222720K) Eden: 111616K(111616K)->0K(111616K) From: 103408K(103424K)->103424K(111104K)
[238.968s][info][gc,heap        ] GC(771) ParOldGen: 631927K(667648K)->631927K(667648K)
[238.968s][info][gc,metaspace   ] GC(771) Metaspace: 18578K(18752K)->18578K(18752K) NonClass: 15917K(16000K)->15917K(16000K) Class: 2661K(2752K)->2661K(2752K)
[238.968s][info][gc             ] GC(771) Pause Young (Allocation Failure) 827M->718M(869M) 91.155ms
[238.968s][info][gc,cpu         ] GC(771) User=0.18s Sys=0.00s Real=0.09s
[239.126s][info][gc,start       ] GC(772) Pause Young (Allocation Failure)
[239.221s][info][gc,heap        ] GC(772) PSYoungGen: 215040K(222720K)->81584K(222720K) Eden: 111616K(111616K)->0K(111616K) From: 103424K(111104K)->81584K(111104K)
[239.221s][info][gc,heap        ] GC(772) ParOldGen: 631927K(667648K)->653815K(667648K)
[239.221s][info][gc,metaspace   ] GC(772) Metaspace: 18578K(18752K)->18578K(18752K) NonClass: 15917K(16000K)->15917K(16000K) Class: 2661K(2752K)->2661K(2752K)
[239.221s][info][gc             ] GC(772) Pause Young (Allocation Failure) 827M->718M(869M) 95.168ms
[239.221s][info][gc,cpu         ] GC(772) User=0.18s Sys=0.00s Real=0.10s
[239.378s][info][gc,start       ] GC(773) Pause Full (Allocation Failure)
[239.378s][info][gc,phases,start] GC(773) Marking Phase
[239.549s][info][gc,phases      ] GC(773) Marking Phase 171.054ms
[239.549s][info][gc,phases,start] GC(773) Summary Phase
[239.549s][info][gc,phases      ] GC(773) Summary Phase 0.029ms
[239.549s][info][gc,phases,start] GC(773) Forward
[239.620s][info][gc,phases      ] GC(773) Forward 70.052ms
[239.620s][info][gc,phases,start] GC(773) Adjust Pointers
[239.777s][info][gc,phases      ] GC(773) Adjust Pointers 157.469ms
[239.777s][info][gc,phases,start] GC(773) Compaction Phase
[239.856s][info][gc,phases      ] GC(773) Compaction Phase 78.725ms
[239.868s][info][gc,phases,start] GC(773) Post Compact
[239.870s][info][gc,phases      ] GC(773) Post Compact 2.412ms
[239.876s][info][gc,heap        ] GC(773) PSYoungGen: 193200K(222720K)->0K(222720K) Eden: 111616K(111616K)->0K(111616K) From: 81584K(111104K)->0K(111104K)
[239.876s][info][gc,heap        ] GC(773) ParOldGen: 653815K(667648K)->289528K(599040K)
[239.876s][info][gc,metaspace   ] GC(773) Metaspace: 18578K(18752K)->18578K(18752K) NonClass: 15917K(16000K)->15917K(16000K) Class: 2661K(2752K)->2661K(2752K)
[239.876s][info][gc             ] GC(773) Pause Full (Allocation Failure) 827M->282M(802M) 497.946ms
[239.876s][info][gc,cpu         ] GC(773) User=0.89s Sys=0.01s Real=0.50s
[240.033s][info][gc,start       ] GC(774) Pause Young (Allocation Failure)
[240.034s][info][gc,heap        ] GC(774) PSYoungGen: 111616K(222720K)->64K(222720K) Eden: 111616K(111616K)->0K(111616K) From: 0K(111104K)->64K(111104K)
[240.034s][info][gc,heap        ] GC(774) ParOldGen: 289528K(599040K)->289528K(599040K)
[240.034s][info][gc,metaspace   ] GC(774) Metaspace: 18578K(18752K)->18578K(18752K) NonClass: 15917K(16000K)->15917K(16000K) Class: 2661K(2752K)->2661K(2752K)
[240.034s][info][gc             ] GC(774) Pause Young (Allocation Failure) 391M->282M(802M) 1.107ms
[240.034s][info][gc,cpu         ] GC(774) User=0.00s Sys=0.00s Real=0.00s
[240.187s][info][gc,start       ] GC(775) Pause Young (Allocation Failure)
[240.188s][info][gc,heap        ] GC(775) PSYoungGen: 111680K(222720K)->64K(222720K) Eden: 111616K(111616K)->0K(111616K) From: 64K(111104K)->64K(111104K)
[240.188s][info][gc,heap        ] GC(775) ParOldGen: 289528K(599040K)->289528K(599040K)
[240.188s][info][gc,metaspace   ] GC(775) Metaspace: 18578K(18752K)->18578K(18752K) NonClass: 15917K(16000K)->15917K(16000K) Class: 2661K(2752K)->2661K(2752K)
[240.188s][info][gc             ] GC(775) Pause Young (Allocation Failure) 391M->282M(802M) 1.131ms
[240.188s][info][gc,cpu         ] GC(775) User=0.00s Sys=0.00s Real=0.00s
[240.340s][info][gc,start       ] GC(776) Pause Young (Allocation Failure)
[240.341s][info][gc,heap        ] GC(776) PSYoungGen: 111680K(222720K)->64K(222720K) Eden: 111616K(111616K)->0K(111616K) From: 64K(111104K)->64K(111104K)
[240.341s][info][gc,heap        ] GC(776) ParOldGen: 289528K(599040K)->289528K(599040K)
[240.341s][info][gc,metaspace   ] GC(776) Metaspace: 18578K(18752K)->18578K(18752K) NonClass: 15917K(16000K)->15917K(16000K) Class: 2661K(2752K)->2661K(2752K)
[240.341s][info][gc             ] GC(776) Pause Young (Allocation Failure) 391M->282M(802M) 1.124ms
[240.341s][info][gc,cpu         ] GC(776) User=0.00s Sys=0.00s Real=0.01s
[240.492s][info][gc,start       ] GC(777) Pause Young (Allocation Failure)
[240.494s][info][gc,heap        ] GC(777) PSYoungGen: 111680K(222720K)->64K(222720K) Eden: 111616K(111616K)->0K(111616K) From: 64K(111104K)->64K(111104K)
[240.494s][info][gc,heap        ] GC(777) ParOldGen: 289528K(599040K)->289528K(599040K)
[240.494s][info][gc,metaspace   ] GC(777) Metaspace: 18578K(18752K)->18578K(18752K) NonClass: 15917K(16000K)->15917K(16000K) Class: 2661K(2752K)->2661K(2752K)
[240.494s][info][gc             ] GC(777) Pause Young (Allocation Failure) 391M->282M(802M) 1.119ms
[240.494s][info][gc,cpu         ] GC(777) User=0.01s Sys=0.00s Real=0.00s
[240.644s][info][gc,start       ] GC(778) Pause Young (Allocation Failure)
[240.646s][info][gc,heap        ] GC(778) PSYoungGen: 111680K(222720K)->64K(222720K) Eden: 111616K(111616K)->0K(111616K) From: 64K(111104K)->64K(111104K)
[240.646s][info][gc,heap        ] GC(778) ParOldGen: 289528K(599040K)->289528K(599040K)
[240.646s][info][gc,metaspace   ] GC(778) Metaspace: 18578K(18752K)->18578K(18752K) NonClass: 15917K(16000K)->15917K(16000K) Class: 2661K(2752K)->2661K(2752K)
[240.646s][info][gc             ] GC(778) Pause Young (Allocation Failure) 391M->282M(802M) 1.869ms
[240.646s][info][gc,cpu         ] GC(778) User=0.00s Sys=0.00s Real=0.00s
[240.752s][info][gc,start       ] GC(779) Pause Young (Allocation Failure)
[240.771s][info][gc,heap        ] GC(779) PSYoungGen: 111680K(222720K)->17792K(222720K) Eden: 111616K(111616K)->0K(111616K) From: 64K(111104K)->17792K(111104K)
[240.771s][info][gc,heap        ] GC(779) ParOldGen: 289528K(599040K)->289528K(599040K)
[240.771s][info][gc,metaspace   ] GC(779) Metaspace: 18579K(18752K)->18579K(18752K) NonClass: 15918K(16000K)->15918K(16000K) Class: 2661K(2752K)->2661K(2752K)
[240.771s][info][gc             ] GC(779) Pause Young (Allocation Failure) 391M->300M(802M) 19.539ms
[240.772s][info][gc,cpu         ] GC(779) User=0.04s Sys=0.00s Real=0.02s
[240.869s][info][gc,start       ] GC(780) Pause Young (Allocation Failure)
[240.896s][info][gc,heap        ] GC(780) PSYoungGen: 129408K(222720K)->25984K(222720K) Eden: 111616K(111616K)->0K(111616K) From: 17792K(111104K)->25984K(111104K)
[240.896s][info][gc,heap        ] GC(780) ParOldGen: 289528K(599040K)->289536K(599040K)
[240.896s][info][gc,metaspace   ] GC(780) Metaspace: 18581K(18752K)->18581K(18752K) NonClass: 15920K(16000K)->15920K(16000K) Class: 2661K(2752K)->2661K(2752K)
[240.896s][info][gc             ] GC(780) Pause Young (Allocation Failure) 409M->308M(802M) 26.341ms
[240.896s][info][gc,cpu         ] GC(780) User=0.05s Sys=0.01s Real=0.03s
[240.990s][info][gc,start       ] GC(781) Pause Young (Allocation Failure)
[241.029s][info][gc,heap        ] GC(781) PSYoungGen: 137600K(222720K)->36480K(222720K) Eden: 111616K(111616K)->0K(111616K) From: 25984K(111104K)->36480K(111104K)
[241.029s][info][gc,heap        ] GC(781) ParOldGen: 289536K(599040K)->289536K(599040K)
[241.029s][info][gc,metaspace   ] GC(781) Metaspace: 18581K(18752K)->18581K(18752K) NonClass: 15920K(16000K)->15920K(16000K) Class: 2661K(2752K)->2661K(2752K)
[241.029s][info][gc             ] GC(781) Pause Young (Allocation Failure) 417M->318M(802M) 38.866ms
[241.029s][info][gc,cpu         ] GC(781) User=0.08s Sys=0.00s Real=0.04s
[241.120s][info][gc,start       ] GC(782) Pause Young (Allocation Failure)
[241.173s][info][gc,heap        ] GC(782) PSYoungGen: 148096K(222720K)->33760K(222720K) Eden: 111616K(111616K)->0K(111616K) From: 36480K(111104K)->33760K(111104K)
[241.173s][info][gc,heap        ] GC(782) ParOldGen: 289536K(599040K)->307320K(599040K)
[241.173s][info][gc,metaspace   ] GC(782) Metaspace: 18583K(18752K)->18583K(18752K) NonClass: 15922K(16000K)->15922K(16000K) Class: 2661K(2752K)->2661K(2752K)
[241.173s][info][gc             ] GC(782) Pause Young (Allocation Failure) 427M->333M(802M) 52.161ms
[241.173s][info][gc,cpu         ] GC(782) User=0.10s Sys=0.00s Real=0.05s
[241.243s][info][gc,start       ] GC(783) Pause Young (Allocation Failure)
[241.294s][info][gc,heap        ] GC(783) PSYoungGen: 145376K(222720K)->29632K(141312K) Eden: 111616K(111616K)->0K(111616K) From: 33760K(111104K)->29632K(29696K)
[241.294s][info][gc,heap        ] GC(783) ParOldGen: 307320K(599040K)->326072K(599040K)
[241.294s][info][gc,metaspace   ] GC(783) Metaspace: 18583K(18752K)->18583K(18752K) NonClass: 15922K(16000K)->15922K(16000K) Class: 2661K(2752K)->2661K(2752K)
[241.294s][info][gc             ] GC(783) Pause Young (Allocation Failure) 442M->347M(723M) 50.871ms
[241.294s][info][gc,cpu         ] GC(783) User=0.10s Sys=0.00s Real=0.05s
[241.382s][info][gc,start       ] GC(784) Pause Young (Allocation Failure)
[241.424s][info][gc,heap        ] GC(784) PSYoungGen: 141248K(141312K)->25056K(222208K) Eden: 111616K(111616K)->0K(116736K) From: 29632K(29696K)->25056K(105472K)
[241.424s][info][gc,heap        ] GC(784) ParOldGen: 326072K(599040K)->341136K(599040K)
[241.424s][info][gc,metaspace   ] GC(784) Metaspace: 18585K(18816K)->18585K(18816K) NonClass: 15924K(16064K)->15924K(16064K) Class: 2661K(2752K)->2661K(2752K)
[241.424s][info][gc             ] GC(784) Pause Young (Allocation Failure) 456M->357M(802M) 42.250ms
[241.424s][info][gc,cpu         ] GC(784) User=0.09s Sys=0.00s Real=0.04s
[241.510s][info][gc,start       ] GC(785) Pause Young (Allocation Failure)
[241.560s][info][gc,heap        ] GC(785) PSYoungGen: 141792K(222208K)->23552K(217088K) Eden: 116736K(116736K)->0K(116736K) From: 25056K(105472K)->23552K(100352K)
[241.560s][info][gc,heap        ] GC(785) ParOldGen: 341136K(599040K)->366160K(599040K)
[241.560s][info][gc,metaspace   ] GC(785) Metaspace: 18585K(18816K)->18585K(18816K) NonClass: 15924K(16064K)->15924K(16064K) Class: 2661K(2752K)->2661K(2752K)
[241.560s][info][gc             ] GC(785) Pause Young (Allocation Failure) 471M->380M(797M) 49.933ms
[241.560s][info][gc,cpu         ] GC(785) User=0.10s Sys=0.00s Real=0.05s
[241.688s][info][gc,start       ] GC(786) Pause Young (Allocation Failure)
[241.727s][info][gc,heap        ] GC(786) PSYoungGen: 140288K(217088K)->12832K(221696K) Eden: 116736K(116736K)->0K(129536K) From: 23552K(100352K)->12832K(92160K)
[241.727s][info][gc,heap        ] GC(786) ParOldGen: 366160K(599040K)->389772K(599040K)
[241.727s][info][gc,metaspace   ] GC(786) Metaspace: 18589K(18816K)->18589K(18816K) NonClass: 15928K(16064K)->15928K(16064K) Class: 2661K(2752K)->2661K(2752K)
[241.727s][info][gc             ] GC(786) Pause Young (Allocation Failure) 494M->393M(801M) 38.743ms
[241.727s][info][gc,cpu         ] GC(786) User=0.08s Sys=0.00s Real=0.04s
[241.858s][info][gc,start       ] GC(787) Pause Young (Allocation Failure)
[241.879s][info][gc,heap        ] GC(787) PSYoungGen: 142368K(221696K)->3744K(222720K) Eden: 129536K(129536K)->0K(129536K) From: 12832K(92160K)->3744K(93184K)
[241.879s][info][gc,heap        ] GC(787) ParOldGen: 389772K(599040K)->402604K(599040K)
[241.879s][info][gc,metaspace   ] GC(787) Metaspace: 18590K(18816K)->18590K(18816K) NonClass: 15929K(16064K)->15929K(16064K) Class: 2661K(2752K)->2661K(2752K)
[241.879s][info][gc             ] GC(787) Pause Young (Allocation Failure) 519M->396M(802M) 20.605ms
[241.879s][info][gc,cpu         ] GC(787) User=0.04s Sys=0.00s Real=0.02s
[242.025s][info][gc,start       ] GC(788) Pause Young (Allocation Failure)
[242.038s][info][gc,heap        ] GC(788) PSYoungGen: 133280K(222720K)->1408K(227328K) Eden: 129536K(129536K)->0K(141312K) From: 3744K(93184K)->1408K(86016K)
[242.038s][info][gc,heap        ] GC(788) ParOldGen: 402604K(599040K)->406308K(599040K)
[242.038s][info][gc,metaspace   ] GC(788) Metaspace: 18593K(18816K)->18593K(18816K) NonClass: 15931K(16064K)->15931K(16064K) Class: 2661K(2752K)->2661K(2752K)
[242.038s][info][gc             ] GC(788) Pause Young (Allocation Failure) 523M->398M(807M) 12.911ms
[242.038s][info][gc,cpu         ] GC(788) User=0.02s Sys=0.00s Real=0.01s
[242.189s][info][gc,start       ] GC(789) Pause Young (Allocation Failure)
[242.202s][info][gc,heap        ] GC(789) PSYoungGen: 142720K(227328K)->4672K(230912K) Eden: 141312K(141312K)->0K(141312K) From: 1408K(86016K)->4672K(89600K)
[242.202s][info][gc,heap        ] GC(789) ParOldGen: 406308K(599040K)->406308K(599040K)
[242.202s][info][gc,metaspace   ] GC(789) Metaspace: 18603K(18816K)->18603K(18816K) NonClass: 15942K(16064K)->15942K(16064K) Class: 2661K(2752K)->2661K(2752K)
[242.202s][info][gc             ] GC(789) Pause Young (Allocation Failure) 536M->401M(810M) 13.431ms
[242.202s][info][gc,cpu         ] GC(789) User=0.03s Sys=0.00s Real=0.02s
[242.353s][info][gc,start       ] GC(790) Pause Young (Allocation Failure)
[242.360s][info][gc,heap        ] GC(790) PSYoungGen: 145984K(230912K)->4672K(231936K) Eden: 141312K(141312K)->0K(152064K) From: 4672K(89600K)->4672K(79872K)
[242.361s][info][gc,heap        ] GC(790) ParOldGen: 406308K(599040K)->406308K(599040K)
[242.361s][info][gc,metaspace   ] GC(790) Metaspace: 18623K(18816K)->18623K(18816K) NonClass: 15962K(16064K)->15962K(16064K) Class: 2661K(2752K)->2661K(2752K)
[242.361s][info][gc             ] GC(790) Pause Young (Allocation Failure) 539M->401M(811M) 7.125ms
[242.361s][info][gc,cpu         ] GC(790) User=0.01s Sys=0.00s Real=0.01s
[242.586s][info][gc,start       ] GC(791) Pause Young (Allocation Failure)
[242.608s][info][gc,heap        ] GC(791) PSYoungGen: 156736K(231936K)->19328K(236032K) Eden: 152064K(152064K)->0K(152064K) From: 4672K(79872K)->19328K(83968K)
[242.608s][info][gc,heap        ] GC(791) ParOldGen: 406308K(599040K)->406308K(599040K)
[242.608s][info][gc,metaspace   ] GC(791) Metaspace: 18626K(18816K)->18626K(18816K) NonClass: 15965K(16064K)->15965K(16064K) Class: 2661K(2752K)->2661K(2752K)
[242.608s][info][gc             ] GC(791) Pause Young (Allocation Failure) 549M->415M(815M) 21.782ms
[242.608s][info][gc,cpu         ] GC(791) User=0.04s Sys=0.00s Real=0.02s
[242.846s][info][gc,start       ] GC(792) Pause Young (Allocation Failure)
[242.892s][info][gc,heap        ] GC(792) PSYoungGen: 171392K(236032K)->49456K(236544K) Eden: 152064K(152064K)->0K(158208K) From: 19328K(83968K)->49456K(78336K)
[242.892s][info][gc,heap        ] GC(792) ParOldGen: 406308K(599040K)->406308K(599040K)
[242.892s][info][gc,metaspace   ] GC(792) Metaspace: 18627K(18816K)->18627K(18816K) NonClass: 15966K(16064K)->15966K(16064K) Class: 2661K(2752K)->2661K(2752K)
[242.892s][info][gc             ] GC(792) Pause Young (Allocation Failure) 564M->445M(816M) 46.314ms
[242.892s][info][gc,cpu         ] GC(792) User=0.09s Sys=0.00s Real=0.05s
[243.049s][info][gc,start       ] GC(793) Pause Young (Allocation Failure)
[243.132s][info][gc,heap        ] GC(793) PSYoungGen: 207664K(236544K)->82928K(241152K) Eden: 158208K(158208K)->0K(158208K) From: 49456K(78336K)->82928K(82944K)
[243.132s][info][gc,heap        ] GC(793) ParOldGen: 406308K(599040K)->425380K(599040K)
[243.132s][info][gc,metaspace   ] GC(793) Metaspace: 18629K(18816K)->18629K(18816K) NonClass: 15967K(16064K)->15967K(16064K) Class: 2661K(2752K)->2661K(2752K)
[243.132s][info][gc             ] GC(793) Pause Young (Allocation Failure) 599M->496M(820M) 83.588ms
[243.132s][info][gc,cpu         ] GC(793) User=0.17s Sys=0.00s Real=0.09s
[243.286s][info][gc,start       ] GC(794) Pause Young (Allocation Failure)
[243.365s][info][gc,heap        ] GC(794) PSYoungGen: 241136K(241152K)->83680K(204288K) Eden: 158208K(158208K)->0K(111616K) From: 82928K(82944K)->83680K(92672K)
[243.365s][info][gc,heap        ] GC(794) ParOldGen: 425380K(599040K)->430026K(599040K)
[243.365s][info][gc,metaspace   ] GC(794) Metaspace: 18629K(18816K)->18629K(18816K) NonClass: 15967K(16064K)->15967K(16064K) Class: 2661K(2752K)->2661K(2752K)
[243.365s][info][gc             ] GC(794) Pause Young (Allocation Failure) 650M->501M(784M) 79.113ms
[243.365s][info][gc,cpu         ] GC(794) User=0.15s Sys=0.01s Real=0.08s
[243.515s][info][gc,start       ] GC(795) Pause Young (Allocation Failure)
[243.585s][info][gc,heap        ] GC(795) PSYoungGen: 195296K(204288K)->69088K(222720K) Eden: 111616K(111616K)->0K(111616K) From: 83680K(92672K)->69088K(111104K)
[243.585s][info][gc,heap        ] GC(795) ParOldGen: 430026K(599040K)->444730K(599040K)
[243.585s][info][gc,metaspace   ] GC(795) Metaspace: 18629K(18816K)->18629K(18816K) NonClass: 15967K(16064K)->15967K(16064K) Class: 2661K(2752K)->2661K(2752K)
[243.585s][info][gc             ] GC(795) Pause Young (Allocation Failure) 610M->501M(802M) 69.422ms
[243.585s][info][gc,cpu         ] GC(795) User=0.14s Sys=0.00s Real=0.07s
[243.754s][info][gc,start       ] GC(796) Pause Young (Allocation Failure)
[243.813s][info][gc,heap        ] GC(796) PSYoungGen: 180704K(222720K)->5824K(222720K) Eden: 111616K(111616K)->0K(111616K) From: 69088K(111104K)->5824K(111104K)
[243.814s][info][gc,heap        ] GC(796) ParOldGen: 444730K(599040K)->508822K(599040K)
[243.814s][info][gc,metaspace   ] GC(796) Metaspace: 18629K(18816K)->18629K(18816K) NonClass: 15967K(16064K)->15967K(16064K) Class: 2661K(2752K)->2661K(2752K)
[243.814s][info][gc             ] GC(796) Pause Young (Allocation Failure) 610M->502M(802M) 59.073ms
[243.814s][info][gc,cpu         ] GC(796) User=0.11s Sys=0.00s Real=0.06s
[244.015s][info][gc,start       ] GC(797) Pause Young (Allocation Failure)
[244.025s][info][gc,heap        ] GC(797) PSYoungGen: 117440K(222720K)->736K(222720K) Eden: 111616K(111616K)->0K(111616K) From: 5824K(111104K)->736K(111104K)
[244.025s][info][gc,heap        ] GC(797) ParOldGen: 508822K(599040K)->514278K(599040K)
[244.025s][info][gc,metaspace   ] GC(797) Metaspace: 18629K(18816K)->18629K(18816K) NonClass: 15967K(16064K)->15967K(16064K) Class: 2661K(2752K)->2661K(2752K)
[244.025s][info][gc             ] GC(797) Pause Young (Allocation Failure) 611M->502M(802M) 9.831ms
[244.025s][info][gc,cpu         ] GC(797) User=0.02s Sys=0.00s Real=0.01s
[244.164s][info][gc,start       ] GC(798) Pause Young (Allocation Failure)
[244.170s][info][gc,heap        ] GC(798) PSYoungGen: 112352K(222720K)->1248K(222720K) Eden: 111616K(111616K)->0K(111616K) From: 736K(111104K)->1248K(111104K)
[244.170s][info][gc,heap        ] GC(798) ParOldGen: 514278K(599040K)->514966K(599040K)
[244.170s][info][gc,metaspace   ] GC(798) Metaspace: 18629K(18816K)->18629K(18816K) NonClass: 15967K(16064K)->15967K(16064K) Class: 2661K(2752K)->2661K(2752K)
[244.170s][info][gc             ] GC(798) Pause Young (Allocation Failure) 611M->504M(802M) 6.367ms
[244.170s][info][gc,cpu         ] GC(798) User=0.01s Sys=0.00s Real=0.00s
[244.257s][info][gc,start       ] GC(799) Pause Young (Allocation Failure)
[244.263s][info][gc,heap        ] GC(799) PSYoungGen: 112864K(222720K)->736K(222720K) Eden: 111616K(111616K)->0K(111616K) From: 1248K(111104K)->736K(111104K)
[244.263s][info][gc,heap        ] GC(799) ParOldGen: 514966K(599040K)->516190K(599040K)
[244.263s][info][gc,metaspace   ] GC(799) Metaspace: 18629K(18816K)->18629K(18816K) NonClass: 15967K(16064K)->15967K(16064K) Class: 2661K(2752K)->2661K(2752K)
[244.263s][info][gc             ] GC(799) Pause Young (Allocation Failure) 613M->504M(802M) 5.900ms
[244.263s][info][gc,cpu         ] GC(799) User=0.01s Sys=0.00s Real=0.01s
[244.436s][info][gc,start       ] GC(800) Pause Young (Allocation Failure)
[244.450s][info][gc,heap        ] GC(800) PSYoungGen: 112303K(222720K)->2465K(213504K) Eden: 111567K(111616K)->0K(111616K) From: 736K(111104K)->2465K(101888K)
[244.450s][info][gc,heap        ] GC(800) ParOldGen: 516190K(599040K)->516190K(599040K)
[244.450s][info][gc,metaspace   ] GC(800) Metaspace: 18629K(18816K)->18629K(18816K) NonClass: 15967K(16064K)->15967K(16064K) Class: 2661K(2752K)->2661K(2752K)
[244.450s][info][gc             ] GC(800) Pause Young (Allocation Failure) 613M->506M(793M) 13.670ms
[244.450s][info][gc,cpu         ] GC(800) User=0.02s Sys=0.00s Real=0.01s
[244.685s][info][gc,start       ] GC(801) Pause Young (Allocation Failure)
[244.724s][info][gc,heap        ] GC(801) PSYoungGen: 114081K(213504K)->25802K(218112K) Eden: 111616K(111616K)->0K(111616K) From: 2465K(101888K)->25802K(106496K)
[244.724s][info][gc,heap        ] GC(801) ParOldGen: 516190K(599040K)->516190K(599040K)
[244.724s][info][gc,metaspace   ] GC(801) Metaspace: 18629K(18816K)->18629K(18816K) NonClass: 15967K(16064K)->15967K(16064K) Class: 2661K(2752K)->2661K(2752K)
[244.724s][info][gc             ] GC(801) Pause Young (Allocation Failure) 615M->529M(798M) 39.290ms
[244.724s][info][gc,cpu         ] GC(801) User=0.08s Sys=0.00s Real=0.04s
[244.876s][info][gc,start       ] GC(802) Pause Young (Allocation Failure)
[244.929s][info][gc,heap        ] GC(802) PSYoungGen: 137418K(218112K)->40458K(217088K) Eden: 111616K(111616K)->0K(120320K) From: 25802K(106496K)->40458K(96768K)
[244.929s][info][gc,heap        ] GC(802) ParOldGen: 516190K(599040K)->516198K(599040K)
[244.929s][info][gc,metaspace   ] GC(802) Metaspace: 18633K(18816K)->18633K(18816K) NonClass: 15972K(16064K)->15972K(16064K) Class: 2661K(2752K)->2661K(2752K)
[244.929s][info][gc             ] GC(802) Pause Young (Allocation Failure) 638M->543M(797M) 52.941ms
[244.929s][info][gc,cpu         ] GC(802) User=0.10s Sys=0.00s Real=0.05s
[245.067s][info][gc,start       ] GC(803) Pause Young (Allocation Failure)
[245.130s][info][gc,heap        ] GC(803) PSYoungGen: 160778K(217088K)->51498K(217600K) Eden: 120320K(120320K)->0K(120320K) From: 40458K(96768K)->51498K(97280K)
[245.130s][info][gc,heap        ] GC(803) ParOldGen: 516198K(599040K)->516198K(599040K)
[245.130s][info][gc,metaspace   ] GC(803) Metaspace: 18633K(18816K)->18633K(18816K) NonClass: 15972K(16064K)->15972K(16064K) Class: 2661K(2752K)->2661K(2752K)
[245.130s][info][gc             ] GC(803) Pause Young (Allocation Failure) 661M->554M(797M) 63.233ms
[245.130s][info][gc,cpu         ] GC(803) User=0.12s Sys=0.00s Real=0.06s
[245.263s][info][gc,start       ] GC(804) Pause Young (Allocation Failure)
[245.329s][info][gc,heap        ] GC(804) PSYoungGen: 171818K(217600K)->54154K(227840K) Eden: 120320K(120320K)->0K(128512K) From: 51498K(97280K)->54154K(99328K)
[245.329s][info][gc,heap        ] GC(804) ParOldGen: 516198K(599040K)->516198K(599040K)
[245.329s][info][gc,metaspace   ] GC(804) Metaspace: 18633K(18816K)->18633K(18816K) NonClass: 15972K(16064K)->15972K(16064K) Class: 2661K(2752K)->2661K(2752K)
[245.329s][info][gc             ] GC(804) Pause Young (Allocation Failure) 671M->556M(807M) 65.842ms
[245.329s][info][gc,cpu         ] GC(804) User=0.13s Sys=0.00s Real=0.06s
[245.506s][info][gc,start       ] GC(805) Pause Young (Allocation Failure)
[245.575s][info][gc,heap        ] GC(805) PSYoungGen: 182666K(227840K)->56138K(184832K) Eden: 128512K(128512K)->0K(128512K) From: 54154K(99328K)->56138K(56320K)
[245.575s][info][gc,heap        ] GC(805) ParOldGen: 516198K(599040K)->516886K(599040K)
[245.575s][info][gc,metaspace   ] GC(805) Metaspace: 18638K(18816K)->18638K(18816K) NonClass: 15977K(16064K)->15977K(16064K) Class: 2661K(2752K)->2661K(2752K)
[245.575s][info][gc             ] GC(805) Pause Young (Allocation Failure) 682M->559M(765M) 68.688ms
[245.575s][info][gc,cpu         ] GC(805) User=0.13s Sys=0.00s Real=0.07s
[245.669s][info][gc,start       ] GC(806) Pause Young (Allocation Failure)
[245.738s][info][gc,heap        ] GC(806) PSYoungGen: 184650K(184832K)->54505K(228864K) Eden: 128512K(128512K)->0K(124928K) From: 56138K(56320K)->54505K(103936K)
[245.739s][info][gc,heap        ] GC(806) ParOldGen: 516886K(599040K)->518538K(599040K)
[245.739s][info][gc,metaspace   ] GC(806) Metaspace: 18638K(18816K)->18638K(18816K) NonClass: 15977K(16064K)->15977K(16064K) Class: 2661K(2752K)->2661K(2752K)
[245.739s][info][gc             ] GC(806) Pause Young (Allocation Failure) 685M->559M(808M) 69.161ms
[245.739s][info][gc,cpu         ] GC(806) User=0.14s Sys=0.01s Real=0.07s
[245.840s][info][gc,start       ] GC(807) Pause Young (Allocation Failure)
[245.904s][info][gc,heap        ] GC(807) PSYoungGen: 179433K(228864K)->16736K(141824K) Eden: 124928K(124928K)->0K(124928K) From: 54505K(103936K)->16736K(16896K)
[245.904s][info][gc,heap        ] GC(807) ParOldGen: 518538K(599040K)->556724K(599040K)
[245.904s][info][gc,metaspace   ] GC(807) Metaspace: 18638K(18816K)->18638K(18816K) NonClass: 15977K(16064K)->15977K(16064K) Class: 2661K(2752K)->2661K(2752K)
[245.904s][info][gc             ] GC(807) Pause Young (Allocation Failure) 681M->560M(723M) 63.452ms
[245.904s][info][gc,cpu         ] GC(807) User=0.12s Sys=0.00s Real=0.06s
[246.080s][info][gc,start       ] GC(808) Pause Young (Allocation Failure)
[246.107s][info][gc,heap        ] GC(808) PSYoungGen: 141664K(141824K)->10176K(228864K) Eden: 124928K(124928K)->0K(128000K) From: 16736K(16896K)->10176K(100864K)
[246.107s][info][gc,heap        ] GC(808) ParOldGen: 556724K(599040K)->570444K(599040K)
[246.107s][info][gc,metaspace   ] GC(808) Metaspace: 18641K(18816K)->18641K(18816K) NonClass: 15980K(16064K)->15980K(16064K) Class: 2661K(2752K)->2661K(2752K)
[246.107s][info][gc             ] GC(808) Pause Young (Allocation Failure) 682M->567M(808M) 26.481ms
[246.107s][info][gc,cpu         ] GC(808) User=0.06s Sys=0.00s Real=0.03s
[246.340s][info][gc,start       ] GC(809) Pause Young (Allocation Failure)
[246.354s][info][gc,heap        ] GC(809) PSYoungGen: 138176K(228864K)->7600K(226304K) Eden: 128000K(128000K)->0K(128000K) From: 10176K(100864K)->7600K(98304K)
[246.354s][info][gc,heap        ] GC(809) ParOldGen: 570444K(599040K)->573124K(599040K)
[246.354s][info][gc,metaspace   ] GC(809) Metaspace: 18641K(18816K)->18641K(18816K) NonClass: 15980K(16064K)->15980K(16064K) Class: 2661K(2752K)->2661K(2752K)
[246.354s][info][gc             ] GC(809) Pause Young (Allocation Failure) 692M->567M(806M) 13.542ms
[246.354s][info][gc,cpu         ] GC(809) User=0.02s Sys=0.00s Real=0.02s
[246.794s][info][gc,start       ] GC(810) Pause Young (Allocation Failure)
[246.804s][info][gc,heap        ] GC(810) PSYoungGen: 135600K(226304K)->7760K(230912K) Eden: 128000K(128000K)->0K(137728K) From: 7600K(98304K)->7760K(93184K)
[246.804s][info][gc,heap        ] GC(810) ParOldGen: 573124K(599040K)->573124K(599040K)
[246.804s][info][gc,metaspace   ] GC(810) Metaspace: 18645K(18816K)->18645K(18816K) NonClass: 15983K(16064K)->15983K(16064K) Class: 2661K(2752K)->2661K(2752K)
[246.804s][info][gc             ] GC(810) Pause Young (Allocation Failure) 692M->567M(810M) 9.805ms
[246.804s][info][gc,cpu         ] GC(810) User=0.02s Sys=0.00s Real=0.01s
[246.995s][info][gc,start       ] GC(811) Pause Young (Allocation Failure)
[247.025s][info][gc,heap        ] GC(811) PSYoungGen: 145488K(230912K)->29032K(230400K) Eden: 137728K(137728K)->0K(137728K) From: 7760K(93184K)->29032K(92672K)
[247.025s][info][gc,heap        ] GC(811) ParOldGen: 573124K(599040K)->573124K(599040K)
[247.025s][info][gc,metaspace   ] GC(811) Metaspace: 18645K(18816K)->18645K(18816K) NonClass: 15983K(16064K)->15983K(16064K) Class: 2661K(2752K)->2661K(2752K)
[247.025s][info][gc             ] GC(811) Pause Young (Allocation Failure) 701M->588M(810M) 30.418ms
[247.025s][info][gc,cpu         ] GC(811) User=0.06s Sys=0.00s Real=0.03s
[247.292s][info][gc,start       ] GC(812) Pause Young (Allocation Failure)
[247.327s][info][gc,heap        ] GC(812) PSYoungGen: 166760K(230400K)->29032K(224768K) Eden: 137728K(137728K)->0K(147968K) From: 29032K(92672K)->29032K(76800K)
[247.327s][info][gc,heap        ] GC(812) ParOldGen: 573124K(599040K)->573124K(599040K)
[247.327s][info][gc,metaspace   ] GC(812) Metaspace: 18645K(18816K)->18645K(18816K) NonClass: 15983K(16064K)->15983K(16064K) Class: 2661K(2752K)->2661K(2752K)
[247.327s][info][gc             ] GC(812) Pause Young (Allocation Failure) 722M->588M(804M) 35.059ms
[247.327s][info][gc,cpu         ] GC(812) User=0.07s Sys=0.00s Real=0.03s
[248.291s][info][gc,start       ] GC(813) Pause Young (Allocation Failure)
[248.321s][info][gc,heap        ] GC(813) PSYoungGen: 177000K(224768K)->29492K(229888K) Eden: 147968K(147968K)->0K(147968K) From: 29032K(76800K)->29492K(81920K)
[248.321s][info][gc,heap        ] GC(813) ParOldGen: 573124K(599040K)->573124K(599040K)
[248.321s][info][gc,metaspace   ] GC(813) Metaspace: 18645K(18816K)->18645K(18816K) NonClass: 15984K(16064K)->15984K(16064K) Class: 2661K(2752K)->2661K(2752K)
[248.321s][info][gc             ] GC(813) Pause Young (Allocation Failure) 732M->588M(809M) 29.952ms
[248.321s][info][gc,cpu         ] GC(813) User=0.06s Sys=0.00s Real=0.03s
[249.074s][info][gc,start       ] GC(814) Pause Young (Allocation Failure)
[249.108s][info][gc,heap        ] GC(814) PSYoungGen: 177460K(229888K)->29924K(224768K) Eden: 147968K(147968K)->0K(156672K) From: 29492K(81920K)->29924K(68096K)
[249.108s][info][gc,heap        ] GC(814) ParOldGen: 573124K(599040K)->573124K(599040K)
[249.108s][info][gc,metaspace   ] GC(814) Metaspace: 18655K(18880K)->18655K(18880K) NonClass: 15994K(16128K)->15994K(16128K) Class: 2661K(2752K)->2661K(2752K)
[249.108s][info][gc             ] GC(814) Pause Young (Allocation Failure) 732M->588M(804M) 33.767ms
[249.108s][info][gc,cpu         ] GC(814) User=0.07s Sys=0.00s Real=0.03s
[249.795s][info][gc,start       ] GC(815) Pause Young (Allocation Failure)
[249.827s][info][gc,heap        ] GC(815) PSYoungGen: 186585K(224768K)->31385K(229888K) Eden: 156661K(156672K)->0K(156672K) From: 29924K(68096K)->31385K(73216K)
[249.827s][info][gc,heap        ] GC(815) ParOldGen: 573124K(599040K)->573132K(599040K)
[249.827s][info][gc,metaspace   ] GC(815) Metaspace: 18681K(18880K)->18681K(18880K) NonClass: 16019K(16128K)->16019K(16128K) Class: 2661K(2752K)->2661K(2752K)
[249.827s][info][gc             ] GC(815) Pause Young (Allocation Failure) 741M->590M(809M) 31.947ms
[249.827s][info][gc,cpu         ] GC(815) User=0.06s Sys=0.00s Real=0.03s
[250.176s][info][gc,start       ] GC(816) Pause Young (Allocation Failure)
[250.215s][info][gc,heap        ] GC(816) PSYoungGen: 188057K(229888K)->31510K(230400K) Eden: 156672K(156672K)->0K(165376K) From: 31385K(73216K)->31510K(65024K)
[250.215s][info][gc,heap        ] GC(816) ParOldGen: 573132K(599040K)->573132K(599040K)
[250.215s][info][gc,metaspace   ] GC(816) Metaspace: 18688K(18880K)->18688K(18880K) NonClass: 16026K(16128K)->16026K(16128K) Class: 2661K(2752K)->2661K(2752K)
[250.215s][info][gc             ] GC(816) Pause Young (Allocation Failure) 743M->590M(810M) 38.837ms
[250.215s][info][gc,cpu         ] GC(816) User=0.07s Sys=0.00s Real=0.04s
[250.574s][info][gc,start       ] GC(817) Pause Young (Allocation Failure)
[250.623s][info][gc,heap        ] GC(817) PSYoungGen: 196886K(230400K)->43229K(232448K) Eden: 165376K(165376K)->0K(165376K) From: 31510K(65024K)->43229K(67072K)
[250.623s][info][gc,heap        ] GC(817) ParOldGen: 573132K(599040K)->573132K(599040K)
[250.623s][info][gc,metaspace   ] GC(817) Metaspace: 18694K(18880K)->18694K(18880K) NonClass: 16032K(16128K)->16032K(16128K) Class: 2662K(2752K)->2662K(2752K)
[250.623s][info][gc             ] GC(817) Pause Young (Allocation Failure) 751M->601M(812M) 49.149ms
[250.624s][info][gc,cpu         ] GC(817) User=0.09s Sys=0.00s Real=0.05s
[250.783s][info][gc,start       ] GC(818) Pause Young (Allocation Failure)
[250.903s][info][gc,heap        ] GC(818) PSYoungGen: 208605K(232448K)->68589K(210944K) Eden: 165376K(165376K)->0K(142336K) From: 43229K(67072K)->68589K(68608K)
[250.903s][info][gc,heap        ] GC(818) ParOldGen: 573132K(599040K)->619076K(619520K)
[250.903s][info][gc,metaspace   ] GC(818) Metaspace: 18722K(18880K)->18722K(18880K) NonClass: 16060K(16128K)->16060K(16128K) Class: 2662K(2752K)->2662K(2752K)
[250.903s][info][gc             ] GC(818) Pause Young (Allocation Failure) 763M->671M(811M) 119.459ms
[250.903s][info][gc,cpu         ] GC(818) User=0.20s Sys=0.03s Real=0.12s
[251.129s][info][gc,start       ] GC(819) Pause Young (Allocation Failure)
[251.278s][info][gc,heap        ] GC(819) PSYoungGen: 210925K(210944K)->95725K(238080K) Eden: 142336K(142336K)->0K(142336K) From: 68589K(68608K)->95725K(95744K)
[251.278s][info][gc,heap        ] GC(819) ParOldGen: 619076K(619520K)->632684K(632832K)
[251.278s][info][gc,metaspace   ] GC(819) Metaspace: 18722K(18880K)->18722K(18880K) NonClass: 16060K(16128K)->16060K(16128K) Class: 2662K(2752K)->2662K(2752K)
[251.278s][info][gc             ] GC(819) Pause Young (Allocation Failure) 810M->711M(850M) 148.618ms
[251.278s][info][gc,cpu         ] GC(819) User=0.28s Sys=0.02s Real=0.15s
[251.649s][info][gc,start       ] GC(820) Pause Full (Allocation Failure)
[251.649s][info][gc,phases,start] GC(820) Marking Phase
[251.782s][info][gc,phases      ] GC(820) Marking Phase 132.957ms
[251.782s][info][gc,phases,start] GC(820) Summary Phase
[251.782s][info][gc,phases      ] GC(820) Summary Phase 0.026ms
[251.782s][info][gc,phases,start] GC(820) Forward
[251.834s][info][gc,phases      ] GC(820) Forward 52.165ms
[251.834s][info][gc,phases,start] GC(820) Adjust Pointers
[251.924s][info][gc,phases      ] GC(820) Adjust Pointers 90.410ms
[251.924s][info][gc,phases,start] GC(820) Compaction Phase
[251.984s][info][gc,phases      ] GC(820) Compaction Phase 59.915ms
[251.986s][info][gc,phases,start] GC(820) Post Compact
[251.989s][info][gc,phases      ] GC(820) Post Compact 2.481ms
[251.997s][info][gc,heap        ] GC(820) PSYoungGen: 238061K(238080K)->0K(207360K) Eden: 142336K(142336K)->0K(111616K) From: 95725K(95744K)->0K(95744K)
[251.997s][info][gc,heap        ] GC(820) ParOldGen: 632684K(632832K)->210015K(526848K)
[251.997s][info][gc,metaspace   ] GC(820) Metaspace: 18735K(18944K)->18735K(18944K) NonClass: 16073K(16192K)->16073K(16192K) Class: 2662K(2752K)->2662K(2752K)
[251.997s][info][gc             ] GC(820) Pause Full (Allocation Failure) 850M->205M(717M) 348.475ms
[251.997s][info][gc,cpu         ] GC(820) User=0.62s Sys=0.00s Real=0.35s
[252.160s][info][gc,start       ] GC(821) Pause Young (Allocation Failure)
[252.207s][info][gc,heap        ] GC(821) PSYoungGen: 111616K(207360K)->31634K(222720K) Eden: 111616K(111616K)->0K(111616K) From: 0K(95744K)->31634K(111104K)
[252.207s][info][gc,heap        ] GC(821) ParOldGen: 210015K(526848K)->210023K(526848K)
[252.207s][info][gc,metaspace   ] GC(821) Metaspace: 18737K(18944K)->18737K(18944K) NonClass: 16075K(16192K)->16075K(16192K) Class: 2662K(2752K)->2662K(2752K)
[252.207s][info][gc             ] GC(821) Pause Young (Allocation Failure) 314M->235M(732M) 46.888ms
[252.207s][info][gc,cpu         ] GC(821) User=0.09s Sys=0.00s Real=0.05s
[252.322s][info][gc,start       ] GC(822) Pause Young (Allocation Failure)
[252.387s][info][gc,heap        ] GC(822) PSYoungGen: 143250K(222720K)->38290K(212480K) Eden: 111616K(111616K)->0K(111616K) From: 31634K(111104K)->38290K(100864K)
[252.387s][info][gc,heap        ] GC(822) ParOldGen: 210023K(526848K)->210023K(526848K)
[252.387s][info][gc,metaspace   ] GC(822) Metaspace: 18737K(18944K)->18737K(18944K) NonClass: 16075K(16192K)->16075K(16192K) Class: 2662K(2752K)->2662K(2752K)
[252.387s][info][gc             ] GC(822) Pause Young (Allocation Failure) 344M->242M(722M) 64.792ms
[252.387s][info][gc,cpu         ] GC(822) User=0.13s Sys=0.00s Real=0.06s
[252.485s][info][gc,start       ] GC(823) Pause Young (Allocation Failure)
[252.537s][info][gc,heap        ] GC(823) PSYoungGen: 149906K(212480K)->41842K(217600K) Eden: 111616K(111616K)->0K(111616K) From: 38290K(100864K)->41842K(105984K)
[252.538s][info][gc,heap        ] GC(823) ParOldGen: 210023K(526848K)->210023K(526848K)
[252.538s][info][gc,metaspace   ] GC(823) Metaspace: 18737K(18944K)->18737K(18944K) NonClass: 16075K(16192K)->16075K(16192K) Class: 2662K(2752K)->2662K(2752K)
[252.538s][info][gc             ] GC(823) Pause Young (Allocation Failure) 351M->245M(727M) 52.078ms
[252.538s][info][gc,cpu         ] GC(823) User=0.10s Sys=0.00s Real=0.05s
[252.618s][info][gc,start       ] GC(824) Pause Young (Allocation Failure)
[252.679s][info][gc,heap        ] GC(824) PSYoungGen: 153458K(217600K)->51634K(220672K) Eden: 111616K(111616K)->0K(125440K) From: 41842K(105984K)->51634K(95232K)
[252.679s][info][gc,heap        ] GC(824) ParOldGen: 210023K(526848K)->210023K(526848K)
[252.679s][info][gc,metaspace   ] GC(824) Metaspace: 18737K(18944K)->18737K(18944K) NonClass: 16075K(16192K)->16075K(16192K) Class: 2662K(2752K)->2662K(2752K)
[252.679s][info][gc             ] GC(824) Pause Young (Allocation Failure) 354M->255M(730M) 61.309ms
[252.679s][info][gc,cpu         ] GC(824) User=0.12s Sys=0.00s Real=0.06s
[252.824s][info][gc,start       ] GC(825) Pause Young (Allocation Failure)
[252.886s][info][gc,heap        ] GC(825) PSYoungGen: 177074K(220672K)->51730K(222720K) Eden: 125440K(125440K)->0K(125440K) From: 51634K(95232K)->51730K(97280K)
[252.886s][info][gc,heap        ] GC(825) ParOldGen: 210023K(526848K)->210023K(526848K)
[252.886s][info][gc,metaspace   ] GC(825) Metaspace: 18737K(18944K)->18737K(18944K) NonClass: 16075K(16192K)->16075K(16192K) Class: 2662K(2752K)->2662K(2752K)
[252.886s][info][gc             ] GC(825) Pause Young (Allocation Failure) 378M->255M(732M) 61.995ms
[252.886s][info][gc,cpu         ] GC(825) User=0.12s Sys=0.00s Real=0.06s
[253.049s][info][gc,start       ] GC(826) Pause Young (Allocation Failure)
[253.113s][info][gc,heap        ] GC(826) PSYoungGen: 177170K(222720K)->53874K(232448K) Eden: 125440K(125440K)->0K(140800K) From: 51730K(97280K)->53874K(91648K)
[253.113s][info][gc,heap        ] GC(826) ParOldGen: 210023K(526848K)->210023K(526848K)
[253.113s][info][gc,metaspace   ] GC(826) Metaspace: 18737K(18944K)->18737K(18944K) NonClass: 16075K(16192K)->16075K(16192K) Class: 2662K(2752K)->2662K(2752K)
[253.113s][info][gc             ] GC(826) Pause Young (Allocation Failure) 378M->257M(741M) 64.082ms
[253.113s][info][gc,cpu         ] GC(826) User=0.13s Sys=0.00s Real=0.07s
[253.273s][info][gc,start       ] GC(827) Pause Young (Allocation Failure)
[253.338s][info][gc,heap        ] GC(827) PSYoungGen: 194674K(232448K)->15648K(233984K) Eden: 140800K(140800K)->0K(140800K) From: 53874K(91648K)->15648K(93184K)
[253.338s][info][gc,heap        ] GC(827) ParOldGen: 210023K(526848K)->248374K(526848K)
[253.338s][info][gc,metaspace   ] GC(827) Metaspace: 18737K(18944K)->18737K(18944K) NonClass: 16075K(16192K)->16075K(16192K) Class: 2662K(2752K)->2662K(2752K)
[253.338s][info][gc             ] GC(827) Pause Young (Allocation Failure) 395M->257M(743M) 65.567ms
[253.338s][info][gc,cpu         ] GC(827) User=0.13s Sys=0.00s Real=0.06s
[253.494s][info][gc,start       ] GC(828) Pause Young (Allocation Failure)
[253.536s][info][gc,heap        ] GC(828) PSYoungGen: 156448K(233984K)->26752K(236032K) Eden: 140800K(140800K)->0K(146944K) From: 15648K(93184K)->26752K(89088K)
[253.536s][info][gc,heap        ] GC(828) ParOldGen: 248374K(526848K)->261702K(526848K)
[253.536s][info][gc,metaspace   ] GC(828) Metaspace: 18737K(18944K)->18737K(18944K) NonClass: 16075K(16192K)->16075K(16192K) Class: 2662K(2752K)->2662K(2752K)
[253.536s][info][gc             ] GC(828) Pause Young (Allocation Failure) 395M->281M(745M) 42.092ms
[253.536s][info][gc,cpu         ] GC(828) User=0.08s Sys=0.00s Real=0.04s
[253.655s][info][gc,start       ] GC(829) Pause Young (Allocation Failure)
[253.712s][info][gc,heap        ] GC(829) PSYoungGen: 173696K(236032K)->62224K(238080K) Eden: 146944K(146944K)->0K(146944K) From: 26752K(89088K)->62224K(91136K)
[253.712s][info][gc,heap        ] GC(829) ParOldGen: 261702K(526848K)->264003K(526848K)
[253.712s][info][gc,metaspace   ] GC(829) Metaspace: 18737K(18944K)->18737K(18944K) NonClass: 16075K(16192K)->16075K(16192K) Class: 2662K(2752K)->2662K(2752K)
[253.712s][info][gc             ] GC(829) Pause Young (Allocation Failure) 425M->318M(747M) 57.092ms
[253.712s][info][gc,cpu         ] GC(829) User=0.12s Sys=0.00s Real=0.06s
[253.910s][info][gc,start       ] GC(830) Pause Young (Allocation Failure)
[253.980s][info][gc,heap        ] GC(830) PSYoungGen: 209168K(238080K)->52643K(241152K) Eden: 146944K(146944K)->0K(146944K) From: 62224K(91136K)->52643K(94208K)
[253.980s][info][gc,heap        ] GC(830) ParOldGen: 264003K(526848K)->288530K(526848K)
[253.980s][info][gc,metaspace   ] GC(830) Metaspace: 18737K(18944K)->18737K(18944K) NonClass: 16075K(16192K)->16075K(16192K) Class: 2662K(2752K)->2662K(2752K)
[253.980s][info][gc             ] GC(830) Pause Young (Allocation Failure) 462M->333M(750M) 70.295ms
[253.980s][info][gc,cpu         ] GC(830) User=0.14s Sys=0.00s Real=0.07s
[254.186s][info][gc,start       ] GC(831) Pause Young (Allocation Failure)
[254.240s][info][gc,heap        ] GC(831) PSYoungGen: 199587K(241152K)->2400K(149504K) Eden: 146944K(146944K)->0K(146944K) From: 52643K(94208K)->2400K(2560K)
[254.240s][info][gc,heap        ] GC(831) ParOldGen: 288530K(526848K)->341405K(526848K)
[254.240s][info][gc,metaspace   ] GC(831) Metaspace: 18737K(18944K)->18737K(18944K) NonClass: 16075K(16192K)->16075K(16192K) Class: 2662K(2752K)->2662K(2752K)
[254.240s][info][gc             ] GC(831) Pause Young (Allocation Failure) 476M->335M(660M) 53.617ms
[254.240s][info][gc,cpu         ] GC(831) User=0.11s Sys=0.00s Real=0.05s
[254.607s][info][gc,start       ] GC(832) Pause Young (Allocation Failure)
[254.612s][info][gc,heap        ] GC(832) PSYoungGen: 149344K(149504K)->640K(236032K) Eden: 146944K(146944K)->0K(141312K) From: 2400K(2560K)->640K(94720K)
[254.612s][info][gc,heap        ] GC(832) ParOldGen: 341405K(526848K)->343765K(526848K)
[254.612s][info][gc,metaspace   ] GC(832) Metaspace: 18737K(18944K)->18737K(18944K) NonClass: 16075K(16192K)->16075K(16192K) Class: 2662K(2752K)->2662K(2752K)
[254.612s][info][gc             ] GC(832) Pause Young (Allocation Failure) 479M->336M(745M) 5.844ms
[254.612s][info][gc,cpu         ] GC(832) User=0.01s Sys=0.01s Real=0.01s
[254.818s][info][gc,start       ] GC(833) Pause Young (Allocation Failure)
[254.847s][info][gc,heap        ] GC(833) PSYoungGen: 141952K(236032K)->29408K(171008K) Eden: 141312K(141312K)->0K(141312K) From: 640K(94720K)->29408K(29696K)
[254.847s][info][gc,heap        ] GC(833) ParOldGen: 343765K(526848K)->344291K(526848K)
[254.847s][info][gc,metaspace   ] GC(833) Metaspace: 18737K(18944K)->18737K(18944K) NonClass: 16075K(16192K)->16075K(16192K) Class: 2662K(2752K)->2662K(2752K)
[254.847s][info][gc             ] GC(833) Pause Young (Allocation Failure) 474M->364M(681M) 29.336ms
[254.847s][info][gc,cpu         ] GC(833) User=0.06s Sys=0.00s Real=0.03s
[255.037s][info][gc,start       ] GC(834) Pause Young (Allocation Failure)
[255.111s][info][gc,heap        ] GC(834) PSYoungGen: 170720K(171008K)->43168K(236544K) Eden: 141312K(141312K)->0K(145408K) From: 29408K(29696K)->43168K(91136K)
[255.111s][info][gc,heap        ] GC(834) ParOldGen: 344291K(526848K)->373571K(526848K)
[255.111s][info][gc,metaspace   ] GC(834) Metaspace: 18738K(18944K)->18738K(18944K) NonClass: 16076K(16192K)->16076K(16192K) Class: 2662K(2752K)->2662K(2752K)
[255.111s][info][gc             ] GC(834) Pause Young (Allocation Failure) 502M->406M(745M) 74.411ms
[255.111s][info][gc,cpu         ] GC(834) User=0.15s Sys=0.00s Real=0.08s
[255.267s][info][gc,start       ] GC(835) Pause Young (Allocation Failure)
[255.317s][info][gc,heap        ] GC(835) PSYoungGen: 188576K(236544K)->8640K(233984K) Eden: 145408K(145408K)->0K(145408K) From: 43168K(91136K)->8640K(88576K)
[255.317s][info][gc,heap        ] GC(835) ParOldGen: 373571K(526848K)->416700K(526848K)
[255.317s][info][gc,metaspace   ] GC(835) Metaspace: 18738K(18944K)->18738K(18944K) NonClass: 16076K(16192K)->16076K(16192K) Class: 2662K(2752K)->2662K(2752K)
[255.317s][info][gc             ] GC(835) Pause Young (Allocation Failure) 548M->415M(743M) 49.837ms
[255.317s][info][gc,cpu         ] GC(835) User=0.10s Sys=0.00s Real=0.05s
[255.481s][info][gc,start       ] GC(836) Pause Young (Allocation Failure)
[255.495s][info][gc,heap        ] GC(836) PSYoungGen: 154048K(233984K)->1664K(242176K) Eden: 145408K(145408K)->0K(154112K) From: 8640K(88576K)->1664K(88064K)
[255.495s][info][gc,heap        ] GC(836) ParOldGen: 416700K(526848K)->425340K(526848K)
[255.495s][info][gc,metaspace   ] GC(836) Metaspace: 18738K(18944K)->18738K(18944K) NonClass: 16076K(16192K)->16076K(16192K) Class: 2662K(2752K)->2662K(2752K)
[255.495s][info][gc             ] GC(836) Pause Young (Allocation Failure) 557M->416M(751M) 13.911ms
[255.495s][info][gc,cpu         ] GC(836) User=0.03s Sys=0.00s Real=0.01s
[255.896s][info][gc,start       ] GC(837) Pause Young (Allocation Failure)
[255.915s][info][gc,heap        ] GC(837) PSYoungGen: 155776K(242176K)->15072K(242176K) Eden: 154112K(154112K)->0K(154112K) From: 1664K(88064K)->15072K(88064K)
[255.915s][info][gc,heap        ] GC(837) ParOldGen: 425340K(526848K)->426980K(526848K)
[255.915s][info][gc,metaspace   ] GC(837) Metaspace: 18738K(18944K)->18738K(18944K) NonClass: 16076K(16192K)->16076K(16192K) Class: 2662K(2752K)->2662K(2752K)
[255.915s][info][gc             ] GC(837) Pause Young (Allocation Failure) 567M->431M(751M) 18.806ms
[255.915s][info][gc,cpu         ] GC(837) User=0.03s Sys=0.00s Real=0.02s
[256.081s][info][gc,start       ] GC(838) Pause Young (Allocation Failure)
[256.173s][info][gc,heap        ] GC(838) PSYoungGen: 169184K(242176K)->84992K(214016K) Eden: 154112K(154112K)->0K(129024K) From: 15072K(88064K)->84992K(84992K)
[256.174s][info][gc,heap        ] GC(838) ParOldGen: 426980K(526848K)->432540K(526848K)
[256.174s][info][gc,metaspace   ] GC(838) Metaspace: 18738K(18944K)->18738K(18944K) NonClass: 16076K(16192K)->16076K(16192K) Class: 2662K(2752K)->2662K(2752K)
[256.174s][info][gc             ] GC(838) Pause Young (Allocation Failure) 582M->505M(723M) 92.908ms
[256.174s][info][gc,cpu         ] GC(838) User=0.18s Sys=0.01s Real=0.09s
[256.306s][info][gc,start       ] GC(839) Pause Young (Allocation Failure)
[256.449s][info][gc,heap        ] GC(839) PSYoungGen: 214016K(214016K)->64579K(194048K) Eden: 129024K(129024K)->0K(129024K) From: 84992K(84992K)->64579K(65024K)
[256.449s][info][gc,heap        ] GC(839) ParOldGen: 432540K(526848K)->517852K(526848K)
[256.449s][info][gc,metaspace   ] GC(839) Metaspace: 18738K(18944K)->18738K(18944K) NonClass: 16076K(16192K)->16076K(16192K) Class: 2662K(2752K)->2662K(2752K)
[256.449s][info][gc             ] GC(839) Pause Young (Allocation Failure) 631M->568M(704M) 143.065ms
[256.450s][info][gc,cpu         ] GC(839) User=0.28s Sys=0.00s Real=0.14s
[256.597s][info][gc,start       ] GC(840) Pause Young (Allocation Failure)
[256.701s][info][gc,heap        ] GC(840) PSYoungGen: 193603K(194048K)->18580K(230912K) Eden: 129024K(129024K)->0K(124416K) From: 64579K(65024K)->18580K(106496K)
[256.701s][info][gc,heap        ] GC(840) ParOldGen: 517852K(526848K)->582656K(583168K)
[256.701s][info][gc,metaspace   ] GC(840) Metaspace: 18744K(18944K)->18744K(18944K) NonClass: 16082K(16192K)->16082K(16192K) Class: 2662K(2752K)->2662K(2752K)
[256.701s][info][gc             ] GC(840) Pause Young (Allocation Failure) 694M->587M(795M) 104.300ms
[256.701s][info][gc,cpu         ] GC(840) User=0.16s Sys=0.04s Real=0.11s
[256.792s][info][gc,start       ] GC(841) Pause Full (Allocation Failure)
[256.792s][info][gc,phases,start] GC(841) Marking Phase
[256.858s][info][gc,phases      ] GC(841) Marking Phase 65.920ms
[256.858s][info][gc,phases,start] GC(841) Summary Phase
[256.858s][info][gc,phases      ] GC(841) Summary Phase 0.034ms
[256.858s][info][gc,phases,start] GC(841) Forward
[256.879s][info][gc,phases      ] GC(841) Forward 21.096ms
[256.879s][info][gc,phases,start] GC(841) Adjust Pointers
[256.927s][info][gc,phases      ] GC(841) Adjust Pointers 48.205ms
[256.927s][info][gc,phases,start] GC(841) Compaction Phase
[256.953s][info][gc,phases      ] GC(841) Compaction Phase 25.393ms
[256.956s][info][gc,phases,start] GC(841) Post Compact
[256.958s][info][gc,phases      ] GC(841) Post Compact 2.176ms
[256.968s][info][gc,heap        ] GC(841) PSYoungGen: 142996K(230912K)->0K(227328K) Eden: 124416K(124416K)->0K(124416K) From: 18580K(106496K)->0K(102912K)
[256.968s][info][gc,heap        ] GC(841) ParOldGen: 582656K(583168K)->101808K(461312K)
[256.968s][info][gc,metaspace   ] GC(841) Metaspace: 18744K(18944K)->18744K(18944K) NonClass: 16082K(16192K)->16082K(16192K) Class: 2662K(2752K)->2662K(2752K)
[256.968s][info][gc             ] GC(841) Pause Full (Allocation Failure) 708M->99M(672M) 176.296ms
[256.968s][info][gc,cpu         ] GC(841) User=0.30s Sys=0.01s Real=0.17s
[257.110s][info][gc,start       ] GC(842) Pause Young (Allocation Failure)
[257.119s][info][gc,heap        ] GC(842) PSYoungGen: 124416K(227328K)->9248K(228864K) Eden: 124416K(124416K)->0K(126464K) From: 0K(102912K)->9248K(102400K)
[257.119s][info][gc,heap        ] GC(842) ParOldGen: 101808K(461312K)->101808K(461312K)
[257.119s][info][gc,metaspace   ] GC(842) Metaspace: 18744K(18944K)->18744K(18944K) NonClass: 16082K(16192K)->16082K(16192K) Class: 2662K(2752K)->2662K(2752K)
[257.119s][info][gc             ] GC(842) Pause Young (Allocation Failure) 220M->108M(674M) 8.737ms
[257.119s][info][gc,cpu         ] GC(842) User=0.01s Sys=0.00s Real=0.01s
[257.185s][info][gc,start       ] GC(843) Pause Young (Allocation Failure)
[257.224s][info][gc,heap        ] GC(843) PSYoungGen: 135712K(228864K)->43136K(227328K) Eden: 126464K(126464K)->0K(126464K) From: 9248K(102400K)->43136K(100864K)
[257.224s][info][gc,heap        ] GC(843) ParOldGen: 101808K(461312K)->111105K(461312K)
[257.224s][info][gc,metaspace   ] GC(843) Metaspace: 18744K(18944K)->18744K(18944K) NonClass: 16082K(16192K)->16082K(16192K) Class: 2662K(2752K)->2662K(2752K)
[257.224s][info][gc             ] GC(843) Pause Young (Allocation Failure) 231M->150M(672M) 38.655ms
[257.224s][info][gc,cpu         ] GC(843) User=0.08s Sys=0.01s Real=0.04s
[257.389s][info][gc,start       ] GC(844) Pause Young (Allocation Failure)
[257.430s][info][gc,heap        ] GC(844) PSYoungGen: 169600K(227328K)->19008K(229376K) Eden: 126464K(126464K)->0K(134144K) From: 43136K(100864K)->19008K(95232K)
[257.430s][info][gc,heap        ] GC(844) ParOldGen: 111105K(461312K)->154761K(461312K)
[257.430s][info][gc,metaspace   ] GC(844) Metaspace: 18744K(18944K)->18744K(18944K) NonClass: 16082K(16192K)->16082K(16192K) Class: 2662K(2752K)->2662K(2752K)
[257.430s][info][gc             ] GC(844) Pause Young (Allocation Failure) 274M->169M(674M) 40.902ms
[257.430s][info][gc,cpu         ] GC(844) User=0.08s Sys=0.00s Real=0.04s
[257.601s][info][gc,start       ] GC(845) Pause Young (Allocation Failure)
[257.638s][info][gc,heap        ] GC(845) PSYoungGen: 153152K(229376K)->10212K(228352K) Eden: 134144K(134144K)->0K(134144K) From: 19008K(95232K)->10212K(94208K)
[257.638s][info][gc,heap        ] GC(845) ParOldGen: 154761K(461312K)->173929K(461312K)
[257.638s][info][gc,metaspace   ] GC(845) Metaspace: 18744K(18944K)->18744K(18944K) NonClass: 16082K(16192K)->16082K(16192K) Class: 2662K(2752K)->2662K(2752K)
[257.638s][info][gc             ] GC(845) Pause Young (Allocation Failure) 300M->179M(673M) 36.181ms
[257.638s][info][gc,cpu         ] GC(845) User=0.07s Sys=0.00s Real=0.03s
[257.825s][info][gc,start       ] GC(846) Pause Young (Allocation Failure)
[257.873s][info][gc,heap        ] GC(846) PSYoungGen: 144356K(228352K)->25120K(232960K) Eden: 134144K(134144K)->0K(147968K) From: 10212K(94208K)->25120K(84992K)
[257.873s][info][gc,heap        ] GC(846) ParOldGen: 173929K(461312K)->183617K(461312K)
[257.873s][info][gc,metaspace   ] GC(846) Metaspace: 18744K(18944K)->18744K(18944K) NonClass: 16082K(16192K)->16082K(16192K) Class: 2662K(2752K)->2662K(2752K)
[257.873s][info][gc             ] GC(846) Pause Young (Allocation Failure) 310M->203M(678M) 47.920ms
[257.873s][info][gc,cpu         ] GC(846) User=0.09s Sys=0.00s Real=0.05s
[258.043s][info][gc,start       ] GC(847) Pause Young (Allocation Failure)
[258.105s][info][gc,heap        ] GC(847) PSYoungGen: 173088K(232960K)->35456K(234496K) Eden: 147968K(147968K)->0K(147968K) From: 25120K(84992K)->35456K(86528K)
[258.105s][info][gc,heap        ] GC(847) ParOldGen: 183617K(461312K)->208753K(461312K)
[258.105s][info][gc,metaspace   ] GC(847) Metaspace: 18744K(18944K)->18744K(18944K) NonClass: 16082K(16192K)->16082K(16192K) Class: 2662K(2752K)->2662K(2752K)
[258.105s][info][gc             ] GC(847) Pause Young (Allocation Failure) 348M->238M(679M) 62.598ms
[258.105s][info][gc,cpu         ] GC(847) User=0.12s Sys=0.00s Real=0.06s
[258.191s][info][gc,start       ] GC(848) Pause Young (Allocation Failure)
[258.263s][info][gc,heap        ] GC(848) PSYoungGen: 183424K(234496K)->42096K(246272K) Eden: 147968K(147968K)->0K(163328K) From: 35456K(86528K)->42096K(82944K)
[258.263s][info][gc,heap        ] GC(848) ParOldGen: 208753K(461312K)->244289K(461312K)
[258.263s][info][gc,metaspace   ] GC(848) Metaspace: 18744K(18944K)->18744K(18944K) NonClass: 16082K(16192K)->16082K(16192K) Class: 2662K(2752K)->2662K(2752K)
[258.264s][info][gc             ] GC(848) Pause Young (Allocation Failure) 382M->279M(691M) 72.195ms
[258.264s][info][gc,cpu         ] GC(848) User=0.14s Sys=0.00s Real=0.07s
[258.334s][info][gc,start       ] GC(849) Pause Young (Allocation Failure)
[258.409s][info][gc,heap        ] GC(849) PSYoungGen: 205424K(246272K)->48768K(245248K) Eden: 163328K(163328K)->0K(163328K) From: 42096K(82944K)->48768K(81920K)
[258.409s][info][gc,heap        ] GC(849) ParOldGen: 244289K(461312K)->286593K(461312K)
[258.409s][info][gc,metaspace   ] GC(849) Metaspace: 18744K(18944K)->18744K(18944K) NonClass: 16082K(16192K)->16082K(16192K) Class: 2662K(2752K)->2662K(2752K)
[258.409s][info][gc             ] GC(849) Pause Young (Allocation Failure) 439M->327M(690M) 74.857ms
[258.409s][info][gc,cpu         ] GC(849) User=0.15s Sys=0.00s Real=0.07s
[258.568s][info][gc,start       ] GC(850) Pause Young (Allocation Failure)
[258.613s][info][gc,heap        ] GC(850) PSYoungGen: 212096K(245248K)->11968K(250368K) Eden: 163328K(163328K)->0K(168448K) From: 48768K(81920K)->11968K(81920K)
[258.613s][info][gc,heap        ] GC(850) ParOldGen: 286593K(461312K)->335921K(461312K)
[258.613s][info][gc,metaspace   ] GC(850) Metaspace: 18744K(18944K)->18744K(18944K) NonClass: 16082K(16192K)->16082K(16192K) Class: 2662K(2752K)->2662K(2752K)
[258.613s][info][gc             ] GC(850) Pause Young (Allocation Failure) 487M->339M(695M) 45.057ms
[258.613s][info][gc,cpu         ] GC(850) User=0.08s Sys=0.00s Real=0.05s
[258.781s][info][gc,start       ] GC(851) Pause Young (Allocation Failure)
[258.824s][info][gc,heap        ] GC(851) PSYoungGen: 180416K(250368K)->18433K(187392K) Eden: 168448K(168448K)->0K(168448K) From: 11968K(81920K)->18433K(18944K)
[258.824s][info][gc,heap        ] GC(851) ParOldGen: 335921K(461312K)->347937K(461312K)
[258.824s][info][gc,metaspace   ] GC(851) Metaspace: 18746K(18944K)->18746K(18944K) NonClass: 16084K(16192K)->16084K(16192K) Class: 2662K(2752K)->2662K(2752K)
[258.824s][info][gc             ] GC(851) Pause Young (Allocation Failure) 504M->357M(633M) 42.695ms
[258.824s][info][gc,cpu         ] GC(851) User=0.08s Sys=0.00s Real=0.04s
[259.009s][info][gc,start       ] GC(852) Pause Young (Allocation Failure)
[259.076s][info][gc,heap        ] GC(852) PSYoungGen: 186881K(187392K)->36608K(251904K) Eden: 168448K(168448K)->0K(172544K) From: 18433K(18944K)->36608K(79360K)
[259.076s][info][gc,heap        ] GC(852) ParOldGen: 347937K(461312K)->365860K(461312K)
[259.076s][info][gc,metaspace   ] GC(852) Metaspace: 18746K(18944K)->18746K(18944K) NonClass: 16084K(16192K)->16084K(16192K) Class: 2662K(2752K)->2662K(2752K)
[259.076s][info][gc             ] GC(852) Pause Young (Allocation Failure) 522M->393M(696M) 66.876ms
[259.076s][info][gc,cpu         ] GC(852) User=0.13s Sys=0.00s Real=0.07s
[259.290s][info][gc,start       ] GC(853) Pause Young (Allocation Failure)
[259.349s][info][gc,heap        ] GC(853) PSYoungGen: 209152K(251904K)->17888K(249344K) Eden: 172544K(172544K)->0K(172544K) From: 36608K(79360K)->17888K(76800K)
[259.349s][info][gc,heap        ] GC(853) ParOldGen: 365860K(461312K)->402500K(461312K)
[259.349s][info][gc,metaspace   ] GC(853) Metaspace: 18746K(18944K)->18746K(18944K) NonClass: 16084K(16192K)->16084K(16192K) Class: 2662K(2752K)->2662K(2752K)
[259.349s][info][gc             ] GC(853) Pause Young (Allocation Failure) 561M->410M(694M) 59.162ms
[259.350s][info][gc,cpu         ] GC(853) User=0.11s Sys=0.00s Real=0.06s
[259.550s][info][gc,start       ] GC(854) Pause Young (Allocation Failure)
[259.575s][info][gc,heap        ] GC(854) PSYoungGen: 190432K(249344K)->3680K(251904K) Eden: 172544K(172544K)->0K(177664K) From: 17888K(76800K)->3680K(74240K)
[259.576s][info][gc,heap        ] GC(854) ParOldGen: 402500K(461312K)->420412K(461312K)
[259.576s][info][gc,metaspace   ] GC(854) Metaspace: 18746K(18944K)->18746K(18944K) NonClass: 16084K(16192K)->16084K(16192K) Class: 2662K(2752K)->2662K(2752K)
[259.576s][info][gc             ] GC(854) Pause Young (Allocation Failure) 579M->414M(696M) 25.814ms
[259.576s][info][gc,cpu         ] GC(854) User=0.05s Sys=0.00s Real=0.03s
[259.820s][info][gc,start       ] GC(855) Pause Young (Allocation Failure)
[259.843s][info][gc,heap        ] GC(855) PSYoungGen: 181344K(251904K)->16672K(251904K) Eden: 177664K(177664K)->0K(177664K) From: 3680K(74240K)->16672K(74240K)
[259.843s][info][gc,heap        ] GC(855) ParOldGen: 420412K(461312K)->424084K(461312K)
[259.843s][info][gc,metaspace   ] GC(855) Metaspace: 18746K(18944K)->18746K(18944K) NonClass: 16084K(16192K)->16084K(16192K) Class: 2662K(2752K)->2662K(2752K)
[259.843s][info][gc             ] GC(855) Pause Young (Allocation Failure) 587M->430M(696M) 22.255ms
[259.843s][info][gc,cpu         ] GC(855) User=0.05s Sys=0.00s Real=0.03s
[260.307s][info][gc,start       ] GC(856) Pause Young (Allocation Failure)
[260.332s][info][gc,heap        ] GC(856) PSYoungGen: 194336K(251904K)->4768K(257536K) Eden: 177664K(177664K)->0K(186368K) From: 16672K(74240K)->4768K(71168K)
[260.332s][info][gc,heap        ] GC(856) ParOldGen: 424084K(461312K)->440761K(461312K)
[260.332s][info][gc,metaspace   ] GC(856) Metaspace: 18746K(18944K)->18746K(18944K) NonClass: 16084K(16192K)->16084K(16192K) Class: 2662K(2752K)->2662K(2752K)
[260.332s][info][gc             ] GC(856) Pause Young (Allocation Failure) 603M->435M(702M) 24.332ms
[260.332s][info][gc,cpu         ] GC(856) User=0.05s Sys=0.00s Real=0.03s
[260.800s][info][gc,start       ] GC(857) Pause Young (Allocation Failure)
[260.808s][info][gc,heap        ] GC(857) PSYoungGen: 191136K(257536K)->128K(256512K) Eden: 186368K(186368K)->0K(186368K) From: 4768K(71168K)->128K(70144K)
[260.808s][info][gc,heap        ] GC(857) ParOldGen: 440761K(461312K)->445457K(461312K)
[260.808s][info][gc,metaspace   ] GC(857) Metaspace: 18746K(18944K)->18746K(18944K) NonClass: 16084K(16192K)->16084K(16192K) Class: 2662K(2752K)->2662K(2752K)
[260.808s][info][gc             ] GC(857) Pause Young (Allocation Failure) 617M->435M(701M) 8.207ms
[260.808s][info][gc,cpu         ] GC(857) User=0.01s Sys=0.00s Real=0.01s
[261.207s][info][gc,start       ] GC(858) Pause Young (Allocation Failure)
[261.229s][info][gc,heap        ] GC(858) PSYoungGen: 186496K(256512K)->16310K(257024K) Eden: 186368K(186368K)->0K(194048K) From: 128K(70144K)->16310K(62976K)
[261.229s][info][gc,heap        ] GC(858) ParOldGen: 445457K(461312K)->445457K(461312K)
[261.229s][info][gc,metaspace   ] GC(858) Metaspace: 18747K(18944K)->18747K(18944K) NonClass: 16084K(16192K)->16084K(16192K) Class: 2662K(2752K)->2662K(2752K)
[261.229s][info][gc             ] GC(858) Pause Young (Allocation Failure) 617M->450M(701M) 21.193ms
[261.229s][info][gc,cpu         ] GC(858) User=0.04s Sys=0.00s Real=0.02s
[261.432s][info][gc,start       ] GC(859) Pause Young (Allocation Failure)
[261.488s][info][gc,heap        ] GC(859) PSYoungGen: 210358K(257024K)->65526K(259584K) Eden: 194048K(194048K)->0K(194048K) From: 16310K(62976K)->65526K(65536K)
[261.488s][info][gc,heap        ] GC(859) ParOldGen: 445457K(461312K)->454641K(461312K)
[261.488s][info][gc,metaspace   ] GC(859) Metaspace: 18747K(18944K)->18747K(18944K) NonClass: 16084K(16192K)->16084K(16192K) Class: 2662K(2752K)->2662K(2752K)
[261.489s][info][gc             ] GC(859) Pause Young (Allocation Failure) 640M->507M(704M) 56.844ms
[261.489s][info][gc,cpu         ] GC(859) User=0.11s Sys=0.00s Real=0.05s
[261.721s][info][gc,start       ] GC(860) Pause Young (Allocation Failure)
[261.810s][info][gc,heap        ] GC(860) PSYoungGen: 259574K(259584K)->66165K(226816K) Eden: 194048K(194048K)->0K(152576K) From: 65526K(65536K)->66165K(74240K)
[261.810s][info][gc,heap        ] GC(860) ParOldGen: 454641K(461312K)->471075K(471552K)
[261.810s][info][gc,metaspace   ] GC(860) Metaspace: 18747K(18944K)->18747K(18944K) NonClass: 16084K(16192K)->16084K(16192K) Class: 2662K(2752K)->2662K(2752K)
[261.810s][info][gc             ] GC(860) Pause Young (Allocation Failure) 697M->524M(682M) 89.173ms
[261.810s][info][gc,cpu         ] GC(860) User=0.16s Sys=0.01s Real=0.08s
[262.018s][info][gc,start       ] GC(861) Pause Young (Allocation Failure)
[262.132s][info][gc,heap        ] GC(861) PSYoungGen: 218741K(226816K)->39468K(243200K) Eden: 152576K(152576K)->0K(152576K) From: 66165K(74240K)->39468K(90624K)
[262.132s][info][gc,heap        ] GC(861) ParOldGen: 471075K(471552K)->520883K(521216K)
[262.132s][info][gc,metaspace   ] GC(861) Metaspace: 18747K(18944K)->18747K(18944K) NonClass: 16084K(16192K)->16084K(16192K) Class: 2662K(2752K)->2662K(2752K)
[262.132s][info][gc             ] GC(861) Pause Young (Allocation Failure) 673M->547M(746M) 113.855ms
[262.132s][info][gc,cpu         ] GC(861) User=0.19s Sys=0.04s Real=0.12s
[262.289s][info][gc,start       ] GC(862) Pause Young (Allocation Failure)
[262.389s][info][gc,heap        ] GC(862) PSYoungGen: 192044K(243200K)->27792K(230400K) Eden: 152576K(152576K)->0K(155136K) From: 39468K(90624K)->27792K(75264K)
[262.389s][info][gc,heap        ] GC(862) ParOldGen: 520883K(521216K)->560390K(560640K)
[262.389s][info][gc,metaspace   ] GC(862) Metaspace: 18747K(18944K)->18747K(18944K) NonClass: 16084K(16192K)->16084K(16192K) Class: 2662K(2752K)->2662K(2752K)
[262.389s][info][gc             ] GC(862) Pause Young (Allocation Failure) 696M->574M(772M) 99.662ms
[262.389s][info][gc,cpu         ] GC(862) User=0.16s Sys=0.03s Real=0.10s
[262.486s][info][gc,start       ] GC(863) Pause Young (Allocation Failure)
[262.536s][info][gc,heap        ] GC(863) PSYoungGen: 182928K(230400K)->8816K(238080K) Eden: 155136K(155136K)->0K(155136K) From: 27792K(75264K)->8816K(82944K)
[262.536s][info][gc,heap        ] GC(863) ParOldGen: 560390K(560640K)->588257K(588288K)
[262.536s][info][gc,metaspace   ] GC(863) Metaspace: 18747K(18944K)->18747K(18944K) NonClass: 16085K(16192K)->16085K(16192K) Class: 2662K(2752K)->2662K(2752K)
[262.536s][info][gc             ] GC(863) Pause Young (Allocation Failure) 725M->583M(807M) 50.376ms
[262.536s][info][gc,cpu         ] GC(863) User=0.08s Sys=0.02s Real=0.05s
[262.642s][info][gc,start       ] GC(864) Pause Young (Allocation Failure)
[262.679s][info][gc,heap        ] GC(864) PSYoungGen: 163952K(238080K)->27296K(239104K) Eden: 155136K(155136K)->0K(169472K) From: 8816K(82944K)->27296K(69632K)
[262.679s][info][gc,heap        ] GC(864) ParOldGen: 588257K(588288K)->597105K(597504K)
[262.679s][info][gc,metaspace   ] GC(864) Metaspace: 18747K(18944K)->18747K(18944K) NonClass: 16085K(16192K)->16085K(16192K) Class: 2662K(2752K)->2662K(2752K)
[262.679s][info][gc             ] GC(864) Pause Young (Allocation Failure) 734M->609M(817M) 36.764ms
[262.679s][info][gc,cpu         ] GC(864) User=0.06s Sys=0.01s Real=0.03s
[262.780s][info][gc,start       ] GC(865) Pause Young (Allocation Failure)
[262.818s][info][gc,heap        ] GC(865) PSYoungGen: 196768K(239104K)->3520K(245760K) Eden: 169472K(169472K)->0K(169472K) From: 27296K(69632K)->3520K(76288K)
[262.818s][info][gc,heap        ] GC(865) ParOldGen: 597105K(597504K)->624673K(625152K)
[262.818s][info][gc,metaspace   ] GC(865) Metaspace: 18747K(18944K)->18747K(18944K) NonClass: 16085K(16192K)->16085K(16192K) Class: 2662K(2752K)->2662K(2752K)
[262.818s][info][gc             ] GC(865) Pause Young (Allocation Failure) 775M->613M(850M) 38.844ms
[262.818s][info][gc,cpu         ] GC(865) User=0.06s Sys=0.02s Real=0.04s
[262.959s][info][gc,start       ] GC(866) Pause Full (Allocation Failure)
[262.959s][info][gc,phases,start] GC(866) Marking Phase
[263.221s][info][gc,phases      ] GC(866) Marking Phase 261.197ms
[263.221s][info][gc,phases,start] GC(866) Summary Phase
[263.221s][info][gc,phases      ] GC(866) Summary Phase 0.029ms
[263.221s][info][gc,phases,start] GC(866) Forward
[263.313s][info][gc,phases      ] GC(866) Forward 92.037ms
[263.313s][info][gc,phases,start] GC(866) Adjust Pointers
[263.519s][info][gc,phases      ] GC(866) Adjust Pointers 205.848ms
[263.519s][info][gc,phases,start] GC(866) Compaction Phase
[263.648s][info][gc,phases      ] GC(866) Compaction Phase 129.553ms
[263.657s][info][gc,phases,start] GC(866) Post Compact
[263.659s][info][gc,phases      ] GC(866) Post Compact 2.293ms
[263.659s][info][gc,heap        ] GC(866) PSYoungGen: 172992K(245760K)->0K(257024K) Eden: 169472K(169472K)->0K(181760K) From: 3520K(76288K)->0K(75264K)
[263.659s][info][gc,heap        ] GC(866) ParOldGen: 624673K(625152K)->339631K(667648K)
[263.659s][info][gc,metaspace   ] GC(866) Metaspace: 18747K(18944K)->18747K(18944K) NonClass: 16085K(16192K)->16085K(16192K) Class: 2662K(2752K)->2662K(2752K)
[263.659s][info][gc             ] GC(866) Pause Full (Allocation Failure) 778M->331M(903M) 699.662ms
[263.659s][info][gc,cpu         ] GC(866) User=1.33s Sys=0.00s Real=0.70s
[263.795s][info][gc,start       ] GC(867) Pause Young (Allocation Failure)
[263.828s][info][gc,heap        ] GC(867) PSYoungGen: 181760K(257024K)->29984K(211968K) Eden: 181760K(181760K)->0K(181760K) From: 0K(75264K)->29984K(30208K)
[263.828s][info][gc,heap        ] GC(867) ParOldGen: 339631K(667648K)->339631K(667648K)
[263.828s][info][gc,metaspace   ] GC(867) Metaspace: 18747K(18944K)->18747K(18944K) NonClass: 16085K(16192K)->16085K(16192K) Class: 2662K(2752K)->2662K(2752K)
[263.828s][info][gc             ] GC(867) Pause Young (Allocation Failure) 509M->360M(859M) 33.040ms
[263.828s][info][gc,cpu         ] GC(867) User=0.06s Sys=0.00s Real=0.03s
[264.095s][info][gc,start       ] GC(868) Pause Young (Allocation Failure)
[264.137s][info][gc,heap        ] GC(868) PSYoungGen: 211744K(211968K)->9376K(256512K) Eden: 181760K(181760K)->0K(184320K) From: 29984K(30208K)->9376K(72192K)
[264.137s][info][gc,heap        ] GC(868) ParOldGen: 339631K(667648K)->369636K(667648K)
[264.137s][info][gc,metaspace   ] GC(868) Metaspace: 18747K(18944K)->18747K(18944K) NonClass: 16085K(16192K)->16085K(16192K) Class: 2662K(2752K)->2662K(2752K)
[264.137s][info][gc             ] GC(868) Pause Young (Allocation Failure) 538M->370M(902M) 42.223ms
[264.138s][info][gc,cpu         ] GC(868) User=0.09s Sys=0.00s Real=0.04s
[264.607s][info][gc,start       ] GC(869) Pause Young (Allocation Failure)
[264.626s][info][gc,heap        ] GC(869) PSYoungGen: 193696K(256512K)->3456K(254976K) Eden: 184320K(184320K)->0K(184320K) From: 9376K(72192K)->3456K(70656K)
[264.626s][info][gc,heap        ] GC(869) ParOldGen: 369636K(667648K)->378988K(667648K)
[264.626s][info][gc,metaspace   ] GC(869) Metaspace: 18747K(18944K)->18747K(18944K) NonClass: 16085K(16192K)->16085K(16192K) Class: 2662K(2752K)->2662K(2752K)
[264.626s][info][gc             ] GC(869) Pause Young (Allocation Failure) 550M->373M(901M) 18.229ms
[264.626s][info][gc,cpu         ] GC(869) User=0.04s Sys=0.00s Real=0.02s
[264.887s][info][gc,start       ] GC(870) Pause Young (Allocation Failure)
[264.910s][info][gc,heap        ] GC(870) PSYoungGen: 187776K(254976K)->19312K(257536K) Eden: 184320K(184320K)->0K(193536K) From: 3456K(70656K)->19312K(64000K)
[264.910s][info][gc,heap        ] GC(870) ParOldGen: 378988K(667648K)->382401K(667648K)
[264.910s][info][gc,metaspace   ] GC(870) Metaspace: 18766K(19008K)->18766K(19008K) NonClass: 16104K(16256K)->16104K(16256K) Class: 2662K(2752K)->2662K(2752K)
[264.910s][info][gc             ] GC(870) Pause Young (Allocation Failure) 553M->392M(903M) 23.372ms
[264.910s][info][gc,cpu         ] GC(870) User=0.05s Sys=0.00s Real=0.02s
[265.062s][info][gc,start       ] GC(871) Pause Young (Allocation Failure)
[265.121s][info][gc,heap        ] GC(871) PSYoungGen: 212848K(257536K)->57936K(259072K) Eden: 193536K(193536K)->0K(193536K) From: 19312K(64000K)->57936K(65536K)
[265.121s][info][gc,heap        ] GC(871) ParOldGen: 382401K(667648K)->401782K(667648K)
[265.121s][info][gc,metaspace   ] GC(871) Metaspace: 18766K(19008K)->18766K(19008K) NonClass: 16104K(16256K)->16104K(16256K) Class: 2662K(2752K)->2662K(2752K)
[265.121s][info][gc             ] GC(871) Pause Young (Allocation Failure) 581M->448M(905M) 59.088ms
[265.121s][info][gc,cpu         ] GC(871) User=0.11s Sys=0.00s Real=0.06s
[265.393s][info][gc,start       ] GC(872) Pause Young (Allocation Failure)
[265.444s][info][gc,heap        ] GC(872) PSYoungGen: 251472K(259072K)->18464K(263168K) Eden: 193536K(193536K)->0K(188928K) From: 57936K(65536K)->18464K(74240K)
[265.444s][info][gc,heap        ] GC(872) ParOldGen: 401782K(667648K)->460431K(667648K)
[265.444s][info][gc,metaspace   ] GC(872) Metaspace: 18766K(19008K)->18766K(19008K) NonClass: 16104K(16256K)->16104K(16256K) Class: 2662K(2752K)->2662K(2752K)
[265.444s][info][gc             ] GC(872) Pause Young (Allocation Failure) 637M->467M(909M) 51.734ms
[265.444s][info][gc,cpu         ] GC(872) User=0.11s Sys=0.00s Real=0.05s
[265.702s][info][gc,start       ] GC(873) Pause Young (Allocation Failure)
[265.774s][info][gc,heap        ] GC(873) PSYoungGen: 207392K(263168K)->42335K(259584K) Eden: 188928K(188928K)->0K(188928K) From: 18464K(74240K)->42335K(70656K)
[265.774s][info][gc,heap        ] GC(873) ParOldGen: 460431K(667648K)->479007K(667648K)
[265.774s][info][gc,metaspace   ] GC(873) Metaspace: 18766K(19008K)->18766K(19008K) NonClass: 16104K(16256K)->16104K(16256K) Class: 2662K(2752K)->2662K(2752K)
[265.774s][info][gc             ] GC(873) Pause Young (Allocation Failure) 652M->509M(905M) 71.740ms
[265.774s][info][gc,cpu         ] GC(873) User=0.14s Sys=0.00s Real=0.07s
[265.964s][info][gc,start       ] GC(874) Pause Young (Allocation Failure)
[266.034s][info][gc,heap        ] GC(874) PSYoungGen: 231263K(259584K)->14432K(260096K) Eden: 188928K(188928K)->0K(190464K) From: 42335K(70656K)->14432K(69632K)
[266.034s][info][gc,heap        ] GC(874) ParOldGen: 479007K(667648K)->521397K(667648K)
[266.034s][info][gc,metaspace   ] GC(874) Metaspace: 18770K(19008K)->18770K(19008K) NonClass: 16108K(16256K)->16108K(16256K) Class: 2662K(2752K)->2662K(2752K)
[266.034s][info][gc             ] GC(874) Pause Young (Allocation Failure) 693M->523M(906M) 70.000ms
[266.034s][info][gc,cpu         ] GC(874) User=0.14s Sys=0.00s Real=0.07s
[266.314s][info][gc,start       ] GC(875) Pause Young (Allocation Failure)
[266.356s][info][gc,heap        ] GC(875) PSYoungGen: 204896K(260096K)->4576K(260608K) Eden: 190464K(190464K)->0K(190464K) From: 14432K(69632K)->4576K(70144K)
[266.356s][info][gc,heap        ] GC(875) ParOldGen: 521397K(667648K)->535845K(667648K)
[266.356s][info][gc,metaspace   ] GC(875) Metaspace: 18770K(19008K)->18770K(19008K) NonClass: 16108K(16256K)->16108K(16256K) Class: 2662K(2752K)->2662K(2752K)
[266.356s][info][gc             ] GC(875) Pause Young (Allocation Failure) 709M->527M(906M) 41.302ms
[266.356s][info][gc,cpu         ] GC(875) User=0.08s Sys=0.00s Real=0.04s
[266.558s][info][gc,start       ] GC(876) Pause Young (Allocation Failure)
[266.588s][info][gc,heap        ] GC(876) PSYoungGen: 195040K(260608K)->27138K(258048K) Eden: 190464K(190464K)->0K(194560K) From: 4576K(70144K)->27138K(63488K)
[266.588s][info][gc,heap        ] GC(876) ParOldGen: 535845K(667648K)->540413K(667648K)
[266.588s][info][gc,metaspace   ] GC(876) Metaspace: 18776K(19008K)->18776K(19008K) NonClass: 16114K(16256K)->16114K(16256K) Class: 2662K(2752K)->2662K(2752K)
[266.588s][info][gc             ] GC(876) Pause Young (Allocation Failure) 713M->554M(904M) 30.402ms
[266.588s][info][gc,cpu         ] GC(876) User=0.06s Sys=0.00s Real=0.03s
[266.709s][info][gc,start       ] GC(877) Pause Young (Allocation Failure)
[266.789s][info][gc,heap        ] GC(877) PSYoungGen: 221698K(258048K)->66032K(260608K) Eden: 194560K(194560K)->0K(194560K) From: 27138K(63488K)->66032K(66048K)
[266.789s][info][gc,heap        ] GC(877) ParOldGen: 540413K(667648K)->574722K(667648K)
[266.789s][info][gc,metaspace   ] GC(877) Metaspace: 18776K(19008K)->18776K(19008K) NonClass: 16114K(16256K)->16114K(16256K) Class: 2662K(2752K)->2662K(2752K)
[266.789s][info][gc             ] GC(877) Pause Young (Allocation Failure) 744M->625M(906M) 79.764ms
[266.789s][info][gc,cpu         ] GC(877) User=0.16s Sys=0.00s Real=0.08s
[267.130s][info][gc,start       ] GC(878) Pause Young (Allocation Failure)
[267.232s][info][gc,heap        ] GC(878) PSYoungGen: 260592K(260608K)->25248K(236032K) Eden: 194560K(194560K)->0K(162816K) From: 66032K(66048K)->25248K(73216K)
[267.232s][info][gc,heap        ] GC(878) ParOldGen: 574722K(667648K)->641411K(667648K)
[267.232s][info][gc,metaspace   ] GC(878) Metaspace: 18776K(19008K)->18776K(19008K) NonClass: 16114K(16256K)->16114K(16256K) Class: 2662K(2752K)->2662K(2752K)
[267.232s][info][gc             ] GC(878) Pause Young (Allocation Failure) 815M->651M(882M) 102.268ms
[267.232s][info][gc,cpu         ] GC(878) User=0.19s Sys=0.01s Real=0.11s
[267.443s][info][gc,start       ] GC(879) Pause Full (Allocation Failure)
[267.443s][info][gc,phases,start] GC(879) Marking Phase
[267.814s][info][gc,phases      ] GC(879) Marking Phase 370.791ms
[267.814s][info][gc,phases,start] GC(879) Summary Phase
[267.814s][info][gc,phases      ] GC(879) Summary Phase 0.028ms
[267.814s][info][gc,phases,start] GC(879) Forward
[267.940s][info][gc,phases      ] GC(879) Forward 126.603ms
[267.940s][info][gc,phases,start] GC(879) Adjust Pointers
[268.231s][info][gc,phases      ] GC(879) Adjust Pointers 290.752ms
[268.231s][info][gc,phases,start] GC(879) Compaction Phase
[268.405s][info][gc,phases      ] GC(879) Compaction Phase 173.750ms
[268.418s][info][gc,phases,start] GC(879) Post Compact
[268.420s][info][gc,phases      ] GC(879) Post Compact 2.477ms
[268.420s][info][gc,heap        ] GC(879) PSYoungGen: 188064K(236032K)->0K(248320K) Eden: 162816K(162816K)->0K(162816K) From: 25248K(73216K)->0K(85504K)
[268.420s][info][gc,heap        ] GC(879) ParOldGen: 641411K(667648K)->516269K(667648K)
[268.420s][info][gc,metaspace   ] GC(879) Metaspace: 18776K(19008K)->18776K(19008K) NonClass: 16114K(16256K)->16114K(16256K) Class: 2662K(2752K)->2662K(2752K)
[268.420s][info][gc             ] GC(879) Pause Full (Allocation Failure) 810M->504M(894M) 977.492ms
[268.420s][info][gc,cpu         ] GC(879) User=1.87s Sys=0.00s Real=0.97s
[268.572s][info][gc,start       ] GC(880) Pause Young (Allocation Failure)
[268.580s][info][gc,heap        ] GC(880) PSYoungGen: 162816K(248320K)->4576K(246272K) Eden: 162816K(162816K)->0K(162816K) From: 0K(85504K)->4576K(83456K)
[268.580s][info][gc,heap        ] GC(880) ParOldGen: 516269K(667648K)->516269K(667648K)
[268.580s][info][gc,metaspace   ] GC(880) Metaspace: 18776K(19008K)->18776K(19008K) NonClass: 16114K(16256K)->16114K(16256K) Class: 2662K(2752K)->2662K(2752K)
[268.580s][info][gc             ] GC(880) Pause Young (Allocation Failure) 663M->508M(892M) 8.783ms
[268.580s][info][gc,cpu         ] GC(880) User=0.02s Sys=0.00s Real=0.00s
[268.780s][info][gc,start       ] GC(881) Pause Young (Allocation Failure)
[268.795s][info][gc,heap        ] GC(881) PSYoungGen: 167392K(246272K)->4064K(247296K) Eden: 162816K(162816K)->0K(162816K) From: 4576K(83456K)->4064K(84480K)
[268.795s][info][gc,heap        ] GC(881) ParOldGen: 516269K(667648K)->520813K(667648K)
[268.795s][info][gc,metaspace   ] GC(881) Metaspace: 18776K(19008K)->18776K(19008K) NonClass: 16114K(16256K)->16114K(16256K) Class: 2662K(2752K)->2662K(2752K)
[268.795s][info][gc             ] GC(881) Pause Young (Allocation Failure) 667M->512M(893M) 15.121ms
[268.795s][info][gc,cpu         ] GC(881) User=0.03s Sys=0.00s Real=0.02s
[269.088s][info][gc,start       ] GC(882) Pause Young (Allocation Failure)
[269.106s][info][gc,heap        ] GC(882) PSYoungGen: 166880K(247296K)->10960K(243712K) Eden: 162816K(162816K)->0K(166400K) From: 4064K(84480K)->10960K(77312K)
[269.106s][info][gc,heap        ] GC(882) ParOldGen: 520813K(667648K)->524853K(667648K)
[269.106s][info][gc,metaspace   ] GC(882) Metaspace: 18776K(19008K)->18776K(19008K) NonClass: 16114K(16256K)->16114K(16256K) Class: 2662K(2752K)->2662K(2752K)
[269.106s][info][gc             ] GC(882) Pause Young (Allocation Failure) 671M->523M(890M) 17.524ms
[269.106s][info][gc,cpu         ] GC(882) User=0.03s Sys=0.00s Real=0.02s
[269.485s][info][gc,start       ] GC(883) Pause Young (Allocation Failure)
[269.514s][info][gc,heap        ] GC(883) PSYoungGen: 177360K(243712K)->26688K(246272K) Eden: 166400K(166400K)->0K(166400K) From: 10960K(77312K)->26688K(79872K)
[269.514s][info][gc,heap        ] GC(883) ParOldGen: 524853K(667648K)->524853K(667648K)
[269.514s][info][gc,metaspace   ] GC(883) Metaspace: 18776K(19008K)->18776K(19008K) NonClass: 16114K(16256K)->16114K(16256K) Class: 2662K(2752K)->2662K(2752K)
[269.514s][info][gc             ] GC(883) Pause Young (Allocation Failure) 685M->538M(892M) 29.255ms
[269.514s][info][gc,cpu         ] GC(883) User=0.06s Sys=0.00s Real=0.03s
[269.953s][info][gc,start       ] GC(884) Pause Young (Allocation Failure)
[269.980s][info][gc,heap        ] GC(884) PSYoungGen: 193088K(246272K)->26736K(247808K) Eden: 166400K(166400K)->0K(178688K) From: 26688K(79872K)->26736K(69120K)
[269.980s][info][gc,heap        ] GC(884) ParOldGen: 524853K(667648K)->524853K(667648K)
[269.980s][info][gc,metaspace   ] GC(884) Metaspace: 18776K(19008K)->18776K(19008K) NonClass: 16114K(16256K)->16114K(16256K) Class: 2662K(2752K)->2662K(2752K)
[269.980s][info][gc             ] GC(884) Pause Young (Allocation Failure) 701M->538M(894M) 27.264ms
[269.980s][info][gc,cpu         ] GC(884) User=0.05s Sys=0.00s Real=0.02s
[270.416s][info][gc,start       ] GC(885) Pause Young (Allocation Failure)
[270.443s][info][gc,heap        ] GC(885) PSYoungGen: 205424K(247808K)->26720K(249856K) Eden: 178688K(178688K)->0K(178688K) From: 26736K(69120K)->26720K(71168K)
[270.443s][info][gc,heap        ] GC(885) ParOldGen: 524853K(667648K)->524853K(667648K)
[270.443s][info][gc,metaspace   ] GC(885) Metaspace: 18776K(19008K)->18776K(19008K) NonClass: 16114K(16256K)->16114K(16256K) Class: 2662K(2752K)->2662K(2752K)
[270.443s][info][gc             ] GC(885) Pause Young (Allocation Failure) 713M->538M(896M) 27.050ms
[270.443s][info][gc,cpu         ] GC(885) User=0.05s Sys=0.00s Real=0.03s
[270.888s][info][gc,start       ] GC(886) Pause Young (Allocation Failure)
[270.932s][info][gc,heap        ] GC(886) PSYoungGen: 205408K(249856K)->26704K(252416K) Eden: 178688K(178688K)->0K(192000K) From: 26720K(71168K)->26704K(60416K)
[270.932s][info][gc,heap        ] GC(886) ParOldGen: 524853K(667648K)->524853K(667648K)
[270.932s][info][gc,metaspace   ] GC(886) Metaspace: 18776K(19008K)->18776K(19008K) NonClass: 16114K(16256K)->16114K(16256K) Class: 2662K(2752K)->2662K(2752K)
[270.932s][info][gc             ] GC(886) Pause Young (Allocation Failure) 713M->538M(898M) 44.217ms
[270.932s][info][gc,cpu         ] GC(886) User=0.09s Sys=0.01s Real=0.05s
[271.289s][info][gc,start       ] GC(887) Pause Young (Allocation Failure)
[271.330s][info][gc,heap        ] GC(887) PSYoungGen: 218704K(252416K)->46064K(255488K) Eden: 192000K(192000K)->0K(192000K) From: 26704K(60416K)->46064K(63488K)
[271.330s][info][gc,heap        ] GC(887) ParOldGen: 524853K(667648K)->524853K(667648K)
[271.330s][info][gc,metaspace   ] GC(887) Metaspace: 18776K(19008K)->18776K(19008K) NonClass: 16114K(16256K)->16114K(16256K) Class: 2662K(2752K)->2662K(2752K)
[271.330s][info][gc             ] GC(887) Pause Young (Allocation Failure) 726M->557M(901M) 40.739ms
[271.330s][info][gc,cpu         ] GC(887) User=0.08s Sys=0.00s Real=0.04s
[271.557s][info][gc,start       ] GC(888) Pause Young (Allocation Failure)
[271.644s][info][gc,heap        ] GC(888) PSYoungGen: 238064K(255488K)->67568K(220160K) Eden: 192000K(192000K)->0K(152576K) From: 46064K(63488K)->67568K(67584K)
[271.644s][info][gc,heap        ] GC(888) ParOldGen: 524853K(667648K)->558333K(667648K)
[271.645s][info][gc,metaspace   ] GC(888) Metaspace: 18776K(19008K)->18776K(19008K) NonClass: 16114K(16256K)->16114K(16256K) Class: 2662K(2752K)->2662K(2752K)
[271.645s][info][gc             ] GC(888) Pause Young (Allocation Failure) 745M->611M(867M) 87.758ms
[271.645s][info][gc,cpu         ] GC(888) User=0.16s Sys=0.01s Real=0.09s
[271.850s][info][gc,start       ] GC(889) Pause Young (Allocation Failure)
[271.939s][info][gc,heap        ] GC(889) PSYoungGen: 220144K(220160K)->57152K(209920K) Eden: 152576K(152576K)->0K(152576K) From: 67568K(67584K)->57152K(57344K)
[271.939s][info][gc,heap        ] GC(889) ParOldGen: 558333K(667648K)->585046K(667648K)
[271.939s][info][gc,metaspace   ] GC(889) Metaspace: 18776K(19008K)->18776K(19008K) NonClass: 16114K(16256K)->16114K(16256K) Class: 2662K(2752K)->2662K(2752K)
[271.939s][info][gc             ] GC(889) Pause Young (Allocation Failure) 760M->627M(857M) 88.965ms
[271.939s][info][gc,cpu         ] GC(889) User=0.18s Sys=0.00s Real=0.09s
[272.124s][info][gc,start       ] GC(890) Pause Young (Allocation Failure)
[272.215s][info][gc,heap        ] GC(890) PSYoungGen: 209728K(209920K)->85872K(215552K) Eden: 152576K(152576K)->0K(121856K) From: 57152K(57344K)->85872K(93696K)
[272.215s][info][gc,heap        ] GC(890) ParOldGen: 585046K(667648K)->585070K(667648K)
[272.215s][info][gc,metaspace   ] GC(890) Metaspace: 18776K(19008K)->18776K(19008K) NonClass: 16114K(16256K)->16114K(16256K) Class: 2662K(2752K)->2662K(2752K)
[272.215s][info][gc             ] GC(890) Pause Young (Allocation Failure) 776M->655M(862M) 91.149ms
[272.215s][info][gc,cpu         ] GC(890) User=0.18s Sys=0.00s Real=0.09s
[272.356s][info][gc,start       ] GC(891) Pause Young (Allocation Failure)
[272.470s][info][gc,heap        ] GC(891) PSYoungGen: 207728K(215552K)->83584K(205824K) Eden: 121856K(121856K)->0K(121856K) From: 85872K(93696K)->83584K(83968K)
[272.470s][info][gc,heap        ] GC(891) ParOldGen: 585070K(667648K)->601846K(667648K)
[272.470s][info][gc,metaspace   ] GC(891) Metaspace: 18776K(19008K)->18776K(19008K) NonClass: 16114K(16256K)->16114K(16256K) Class: 2662K(2752K)->2662K(2752K)
[272.470s][info][gc             ] GC(891) Pause Young (Allocation Failure) 774M->669M(853M) 114.246ms
[272.470s][info][gc,cpu         ] GC(891) User=0.23s Sys=0.00s Real=0.11s
[272.595s][info][gc,start       ] GC(892) Pause Young (Allocation Failure)
[272.691s][info][gc,heap        ] GC(892) PSYoungGen: 205440K(205824K)->43648K(225280K) Eden: 121856K(121856K)->0K(114176K) From: 83584K(83968K)->43648K(111104K)
[272.691s][info][gc,heap        ] GC(892) ParOldGen: 601846K(667648K)->642639K(667648K)
[272.691s][info][gc,metaspace   ] GC(892) Metaspace: 18776K(19008K)->18776K(19008K) NonClass: 16114K(16256K)->16114K(16256K) Class: 2662K(2752K)->2662K(2752K)
[272.691s][info][gc             ] GC(892) Pause Young (Allocation Failure) 788M->670M(872M) 96.120ms
[272.691s][info][gc,cpu         ] GC(892) User=0.19s Sys=0.00s Real=0.10s
[272.797s][info][gc,start       ] GC(893) Pause Full (Allocation Failure)
[272.797s][info][gc,phases,start] GC(893) Marking Phase
[273.166s][info][gc,phases      ] GC(893) Marking Phase 368.778ms
[273.166s][info][gc,phases,start] GC(893) Summary Phase
[273.166s][info][gc,phases      ] GC(893) Summary Phase 0.027ms
[273.166s][info][gc,phases,start] GC(893) Forward
[273.309s][info][gc,phases      ] GC(893) Forward 143.069ms
[273.309s][info][gc,phases,start] GC(893) Adjust Pointers
[273.588s][info][gc,phases      ] GC(893) Adjust Pointers 278.700ms
[273.588s][info][gc,phases,start] GC(893) Compaction Phase
[273.763s][info][gc,phases      ] GC(893) Compaction Phase 175.323ms
[273.775s][info][gc,phases,start] GC(893) Post Compact
[273.778s][info][gc,phases      ] GC(893) Post Compact 2.345ms
[273.778s][info][gc,heap        ] GC(893) PSYoungGen: 157824K(225280K)->0K(222720K) Eden: 114176K(114176K)->0K(114176K) From: 43648K(111104K)->0K(108544K)
[273.778s][info][gc,heap        ] GC(893) ParOldGen: 642639K(667648K)->513504K(667648K)
[273.778s][info][gc,metaspace   ] GC(893) Metaspace: 18776K(19008K)->18776K(19008K) NonClass: 16114K(16256K)->16114K(16256K) Class: 2662K(2752K)->2662K(2752K)
[273.778s][info][gc             ] GC(893) Pause Full (Allocation Failure) 781M->501M(869M) 980.897ms
[273.778s][info][gc,cpu         ] GC(893) User=1.85s Sys=0.00s Real=0.98s
[273.914s][info][gc,start       ] GC(894) Pause Young (Allocation Failure)
[273.922s][info][gc,heap        ] GC(894) PSYoungGen: 114176K(222720K)->6011K(222208K) Eden: 114176K(114176K)->0K(113664K) From: 0K(108544K)->6011K(108544K)
[273.922s][info][gc,heap        ] GC(894) ParOldGen: 513504K(667648K)->513504K(667648K)
[273.922s][info][gc,metaspace   ] GC(894) Metaspace: 18776K(19008K)->18776K(19008K) NonClass: 16114K(16256K)->16114K(16256K) Class: 2662K(2752K)->2662K(2752K)
[273.922s][info][gc             ] GC(894) Pause Young (Allocation Failure) 612M->507M(869M) 8.093ms
[273.922s][info][gc,cpu         ] GC(894) User=0.02s Sys=0.00s Real=0.01s
[274.024s][info][gc,start       ] GC(895) Pause Young (Allocation Failure)
[274.048s][info][gc,heap        ] GC(895) PSYoungGen: 119675K(222208K)->17728K(222720K) Eden: 113664K(113664K)->0K(113664K) From: 6011K(108544K)->17728K(109056K)
[274.048s][info][gc,heap        ] GC(895) ParOldGen: 513504K(667648K)->519500K(667648K)
[274.048s][info][gc,metaspace   ] GC(895) Metaspace: 18776K(19008K)->18776K(19008K) NonClass: 16114K(16256K)->16114K(16256K) Class: 2662K(2752K)->2662K(2752K)
[274.048s][info][gc             ] GC(895) Pause Young (Allocation Failure) 618M->524M(869M) 24.232ms
[274.048s][info][gc,cpu         ] GC(895) User=0.05s Sys=0.00s Real=0.02s
[274.186s][info][gc,start       ] GC(896) Pause Young (Allocation Failure)
[274.210s][info][gc,heap        ] GC(896) PSYoungGen: 131392K(222720K)->13536K(221696K) Eden: 113664K(113664K)->0K(118272K) From: 17728K(109056K)->13536K(103424K)
[274.210s][info][gc,heap        ] GC(896) ParOldGen: 519500K(667648K)->528788K(667648K)
[274.210s][info][gc,metaspace   ] GC(896) Metaspace: 18777K(19008K)->18777K(19008K) NonClass: 16115K(16256K)->16115K(16256K) Class: 2662K(2752K)->2662K(2752K)
[274.210s][info][gc             ] GC(896) Pause Young (Allocation Failure) 635M->529M(868M) 23.639ms
[274.210s][info][gc,cpu         ] GC(896) User=0.05s Sys=0.00s Real=0.02s
[274.308s][info][gc,start       ] GC(897) Pause Young (Allocation Failure)
[274.346s][info][gc,heap        ] GC(897) PSYoungGen: 131808K(221696K)->27968K(222208K) Eden: 118272K(118272K)->0K(118272K) From: 13536K(103424K)->27968K(103936K)
[274.347s][info][gc,heap        ] GC(897) ParOldGen: 528788K(667648K)->542317K(667648K)
[274.347s][info][gc,metaspace   ] GC(897) Metaspace: 18777K(19008K)->18777K(19008K) NonClass: 16115K(16256K)->16115K(16256K) Class: 2662K(2752K)->2662K(2752K)
[274.347s][info][gc             ] GC(897) Pause Young (Allocation Failure) 645M->556M(869M) 38.607ms
[274.347s][info][gc,cpu         ] GC(897) User=0.08s Sys=0.00s Real=0.04s
[274.490s][info][gc,start       ] GC(898) Pause Young (Allocation Failure)
[274.530s][info][gc,heap        ] GC(898) PSYoungGen: 146240K(222208K)->13792K(227328K) Eden: 118272K(118272K)->0K(129024K) From: 27968K(103936K)->13792K(98304K)
[274.530s][info][gc,heap        ] GC(898) ParOldGen: 542317K(667648K)->570525K(667648K)
[274.530s][info][gc,metaspace   ] GC(898) Metaspace: 18778K(19008K)->18778K(19008K) NonClass: 16116K(16256K)->16116K(16256K) Class: 2662K(2752K)->2662K(2752K)
[274.530s][info][gc             ] GC(898) Pause Young (Allocation Failure) 672M->570M(874M) 39.717ms
[274.530s][info][gc,cpu         ] GC(898) User=0.08s Sys=0.00s Real=0.04s
[274.731s][info][gc,start       ] GC(899) Pause Young (Allocation Failure)
[274.755s][info][gc,heap        ] GC(899) PSYoungGen: 142816K(227328K)->5088K(225280K) Eden: 129024K(129024K)->0K(129024K) From: 13792K(98304K)->5088K(96256K)
[274.755s][info][gc,heap        ] GC(899) ParOldGen: 570525K(667648K)->584317K(667648K)
[274.755s][info][gc,metaspace   ] GC(899) Metaspace: 18781K(19008K)->18781K(19008K) NonClass: 16119K(16256K)->16119K(16256K) Class: 2662K(2752K)->2662K(2752K)
[274.755s][info][gc             ] GC(899) Pause Young (Allocation Failure) 696M->575M(872M) 24.308ms
[274.755s][info][gc,cpu         ] GC(899) User=0.04s Sys=0.00s Real=0.02s
[275.036s][info][gc,start       ] GC(900) Pause Young (Allocation Failure)
[275.044s][info][gc,heap        ] GC(900) PSYoungGen: 134112K(225280K)->480K(235520K) Eden: 129024K(129024K)->0K(140800K) From: 5088K(96256K)->480K(94720K)
[275.044s][info][gc,heap        ] GC(900) ParOldGen: 584317K(667648K)->589365K(667648K)
[275.044s][info][gc,metaspace   ] GC(900) Metaspace: 18781K(19008K)->18781K(19008K) NonClass: 16119K(16256K)->16119K(16256K) Class: 2662K(2752K)->2662K(2752K)
[275.044s][info][gc             ] GC(900) Pause Young (Allocation Failure) 701M->576M(882M) 8.155ms
[275.044s][info][gc,cpu         ] GC(900) User=0.01s Sys=0.00s Real=0.01s
[275.226s][info][gc,start       ] GC(901) Pause Young (Allocation Failure)
[275.243s][info][gc,heap        ] GC(901) PSYoungGen: 141280K(235520K)->15312K(234496K) Eden: 140800K(140800K)->0K(140800K) From: 480K(94720K)->15312K(93696K)
[275.243s][info][gc,heap        ] GC(901) ParOldGen: 589365K(667648K)->589826K(667648K)
[275.243s][info][gc,metaspace   ] GC(901) Metaspace: 18781K(19008K)->18781K(19008K) NonClass: 16119K(16256K)->16119K(16256K) Class: 2662K(2752K)->2662K(2752K)
[275.243s][info][gc             ] GC(901) Pause Young (Allocation Failure) 713M->590M(881M) 16.943ms
[275.243s][info][gc,cpu         ] GC(901) User=0.03s Sys=0.00s Real=0.02s
[275.394s][info][gc,start       ] GC(902) Pause Young (Allocation Failure)
[275.429s][info][gc,heap        ] GC(902) PSYoungGen: 156112K(234496K)->44448K(233984K) Eden: 140800K(140800K)->0K(144896K) From: 15312K(93696K)->44448K(89088K)
[275.429s][info][gc,heap        ] GC(902) ParOldGen: 589826K(667648K)->589826K(667648K)
[275.429s][info][gc,metaspace   ] GC(902) Metaspace: 18781K(19008K)->18781K(19008K) NonClass: 16119K(16256K)->16119K(16256K) Class: 2662K(2752K)->2662K(2752K)
[275.429s][info][gc             ] GC(902) Pause Young (Allocation Failure) 728M->619M(880M) 35.710ms
[275.429s][info][gc,cpu         ] GC(902) User=0.07s Sys=0.00s Real=0.03s
[275.578s][info][gc,start       ] GC(903) Pause Young (Allocation Failure)
[275.641s][info][gc,heap        ] GC(903) PSYoungGen: 189344K(233984K)->88352K(233472K) Eden: 144896K(144896K)->0K(144896K) From: 44448K(89088K)->88352K(88576K)
[275.641s][info][gc,heap        ] GC(903) ParOldGen: 589826K(667648K)->589826K(667648K)
[275.641s][info][gc,metaspace   ] GC(903) Metaspace: 18781K(19008K)->18781K(19008K) NonClass: 16119K(16256K)->16119K(16256K) Class: 2662K(2752K)->2662K(2752K)
[275.641s][info][gc             ] GC(903) Pause Young (Allocation Failure) 760M->662M(880M) 63.031ms
[275.641s][info][gc,cpu         ] GC(903) User=0.13s Sys=0.00s Real=0.07s
[275.832s][info][gc,start       ] GC(904) Pause Young (Allocation Failure)
[275.882s][info][gc,heap        ] GC(904) PSYoungGen: 233248K(233472K)->47360K(227328K) Eden: 144896K(144896K)->0K(126976K) From: 88352K(88576K)->47360K(100352K)
[275.882s][info][gc,heap        ] GC(904) ParOldGen: 589826K(667648K)->619730K(667648K)
[275.882s][info][gc,metaspace   ] GC(904) Metaspace: 18781K(19008K)->18781K(19008K) NonClass: 16119K(16256K)->16119K(16256K) Class: 2662K(2752K)->2662K(2752K)
[275.882s][info][gc             ] GC(904) Pause Young (Allocation Failure) 803M->651M(874M) 50.069ms
[275.882s][info][gc,cpu         ] GC(904) User=0.10s Sys=0.00s Real=0.05s
[276.053s][info][gc,start       ] GC(905) Pause Young (Allocation Failure)
[276.147s][info][gc,heap        ] GC(905) PSYoungGen: 174336K(227328K)->34336K(161792K) Eden: 126976K(126976K)->0K(126976K) From: 47360K(100352K)->34336K(34816K)
[276.147s][info][gc,heap        ] GC(905) ParOldGen: 619730K(667648K)->667434K(667648K)
[276.147s][info][gc,metaspace   ] GC(905) Metaspace: 18781K(19008K)->18781K(19008K) NonClass: 16119K(16256K)->16119K(16256K) Class: 2662K(2752K)->2662K(2752K)
[276.147s][info][gc             ] GC(905) Pause Young (Allocation Failure) 775M->685M(810M) 93.925ms
[276.147s][info][gc,cpu         ] GC(905) User=0.16s Sys=0.01s Real=0.09s
[276.307s][info][gc,start       ] GC(906) Pause Full (Allocation Failure)
[276.307s][info][gc,phases,start] GC(906) Marking Phase
[276.673s][info][gc,phases      ] GC(906) Marking Phase 365.988ms
[276.673s][info][gc,phases,start] GC(906) Summary Phase
[276.673s][info][gc,phases      ] GC(906) Summary Phase 0.028ms
[276.673s][info][gc,phases,start] GC(906) Forward
[276.770s][info][gc,phases      ] GC(906) Forward 96.728ms
[276.770s][info][gc,phases,start] GC(906) Adjust Pointers
[277.043s][info][gc,phases      ] GC(906) Adjust Pointers 272.873ms
[277.043s][info][gc,phases,start] GC(906) Compaction Phase
[277.194s][info][gc,phases      ] GC(906) Compaction Phase 150.973ms
[277.201s][info][gc,phases,start] GC(906) Post Compact
[277.204s][info][gc,phases      ] GC(906) Post Compact 2.384ms
[277.204s][info][gc,heap        ] GC(906) PSYoungGen: 161312K(161792K)->0K(226816K) Eden: 126976K(126976K)->0K(130048K) From: 34336K(34816K)->0K(96768K)
[277.204s][info][gc,heap        ] GC(906) ParOldGen: 667434K(667648K)->509864K(667648K)
[277.204s][info][gc,metaspace   ] GC(906) Metaspace: 18781K(19008K)->18781K(19008K) NonClass: 16119K(16256K)->16119K(16256K) Class: 2662K(2752K)->2662K(2752K)
[277.204s][info][gc             ] GC(906) Pause Full (Allocation Failure) 809M->497M(873M) 896.805ms
[277.204s][info][gc,cpu         ] GC(906) User=1.71s Sys=0.01s Real=0.90s
[277.316s][info][gc,start       ] GC(907) Pause Young (Allocation Failure)
[277.321s][info][gc,heap        ] GC(907) PSYoungGen: 130048K(226816K)->1664K(226816K) Eden: 130048K(130048K)->0K(130048K) From: 0K(96768K)->1664K(96768K)
[277.321s][info][gc,heap        ] GC(907) ParOldGen: 509864K(667648K)->509864K(667648K)
[277.321s][info][gc,metaspace   ] GC(907) Metaspace: 18781K(19008K)->18781K(19008K) NonClass: 16119K(16256K)->16119K(16256K) Class: 2662K(2752K)->2662K(2752K)
[277.321s][info][gc             ] GC(907) Pause Young (Allocation Failure) 624M->499M(873M) 4.875ms
[277.321s][info][gc,cpu         ] GC(907) User=0.01s Sys=0.00s Real=0.01s
[277.465s][info][gc,start       ] GC(908) Pause Young (Allocation Failure)
[277.478s][info][gc,heap        ] GC(908) PSYoungGen: 131712K(226816K)->4000K(232960K) Eden: 130048K(130048K)->0K(140288K) From: 1664K(96768K)->4000K(92672K)
[277.478s][info][gc,heap        ] GC(908) ParOldGen: 509864K(667648K)->511496K(667648K)
[277.478s][info][gc,metaspace   ] GC(908) Metaspace: 18781K(19008K)->18781K(19008K) NonClass: 16119K(16256K)->16119K(16256K) Class: 2662K(2752K)->2662K(2752K)
[277.478s][info][gc             ] GC(908) Pause Young (Allocation Failure) 626M->503M(879M) 12.327ms
[277.478s][info][gc,cpu         ] GC(908) User=0.02s Sys=0.00s Real=0.01s
[277.663s][info][gc,start       ] GC(909) Pause Young (Allocation Failure)
[277.678s][info][gc,heap        ] GC(909) PSYoungGen: 144288K(232960K)->12704K(235008K) Eden: 140288K(140288K)->0K(140288K) From: 4000K(92672K)->12704K(94720K)
[277.678s][info][gc,heap        ] GC(909) ParOldGen: 511496K(667648K)->511496K(667648K)
[277.678s][info][gc,metaspace   ] GC(909) Metaspace: 18781K(19008K)->18781K(19008K) NonClass: 16119K(16256K)->16119K(16256K) Class: 2662K(2752K)->2662K(2752K)
[277.678s][info][gc             ] GC(909) Pause Young (Allocation Failure) 640M->511M(881M) 14.998ms
[277.678s][info][gc,cpu         ] GC(909) User=0.03s Sys=0.00s Real=0.01s
[277.890s][info][gc,start       ] GC(910) Pause Young (Allocation Failure)
[277.924s][info][gc,heap        ] GC(910) PSYoungGen: 152992K(235008K)->30960K(230400K) Eden: 140288K(140288K)->0K(147968K) From: 12704K(94720K)->30960K(82432K)
[277.924s][info][gc,heap        ] GC(910) ParOldGen: 511496K(667648K)->511496K(667648K)
[277.924s][info][gc,metaspace   ] GC(910) Metaspace: 18781K(19008K)->18781K(19008K) NonClass: 16119K(16256K)->16119K(16256K) Class: 2662K(2752K)->2662K(2752K)
[277.924s][info][gc             ] GC(910) Pause Young (Allocation Failure) 648M->529M(877M) 34.383ms
[277.924s][info][gc,cpu         ] GC(910) User=0.07s Sys=0.00s Real=0.04s
[278.374s][info][gc,start       ] GC(911) Pause Young (Allocation Failure)
[278.414s][info][gc,heap        ] GC(911) PSYoungGen: 178928K(230400K)->31136K(233984K) Eden: 147968K(147968K)->0K(147968K) From: 30960K(82432K)->31136K(86016K)
[278.414s][info][gc,heap        ] GC(911) ParOldGen: 511496K(667648K)->511496K(667648K)
[278.414s][info][gc,metaspace   ] GC(911) Metaspace: 18781K(19008K)->18781K(19008K) NonClass: 16119K(16256K)->16119K(16256K) Class: 2662K(2752K)->2662K(2752K)
[278.414s][info][gc             ] GC(911) Pause Young (Allocation Failure) 674M->529M(880M) 40.966ms
[278.414s][info][gc,cpu         ] GC(911) User=0.08s Sys=0.00s Real=0.04s
[278.773s][info][gc,start       ] GC(912) Pause Young (Allocation Failure)
[278.807s][info][gc,heap        ] GC(912) PSYoungGen: 179104K(233984K)->33312K(232960K) Eden: 147968K(147968K)->0K(159232K) From: 31136K(86016K)->33312K(73728K)
[278.807s][info][gc,heap        ] GC(912) ParOldGen: 511496K(667648K)->511496K(667648K)
[278.807s][info][gc,metaspace   ] GC(912) Metaspace: 18781K(19008K)->18781K(19008K) NonClass: 16119K(16256K)->16119K(16256K) Class: 2662K(2752K)->2662K(2752K)
[278.807s][info][gc             ] GC(912) Pause Young (Allocation Failure) 674M->532M(879M) 34.273ms
[278.807s][info][gc,cpu         ] GC(912) User=0.07s Sys=0.00s Real=0.03s
[278.955s][info][gc,start       ] GC(913) Pause Young (Allocation Failure)
[279.017s][info][gc,heap        ] GC(913) PSYoungGen: 192544K(232960K)->71968K(237056K) Eden: 159232K(159232K)->0K(159232K) From: 33312K(73728K)->71968K(77824K)
[279.017s][info][gc,heap        ] GC(913) ParOldGen: 511496K(667648K)->511496K(667648K)
[279.017s][info][gc,metaspace   ] GC(913) Metaspace: 18781K(19008K)->18781K(19008K) NonClass: 16119K(16256K)->16119K(16256K) Class: 2662K(2752K)->2662K(2752K)
[279.017s][info][gc             ] GC(913) Pause Young (Allocation Failure) 687M->569M(883M) 62.072ms
[279.017s][info][gc,cpu         ] GC(913) User=0.12s Sys=0.00s Real=0.06s
[279.243s][info][gc,start       ] GC(914) Pause Young (Allocation Failure)
[279.323s][info][gc,heap        ] GC(914) PSYoungGen: 231200K(237056K)->82256K(219136K) Eden: 159232K(159232K)->0K(130048K) From: 71968K(77824K)->82256K(89088K)
[279.323s][info][gc,heap        ] GC(914) ParOldGen: 511496K(667648K)->511496K(667648K)
[279.323s][info][gc,metaspace   ] GC(914) Metaspace: 18781K(19008K)->18781K(19008K) NonClass: 16119K(16256K)->16119K(16256K) Class: 2662K(2752K)->2662K(2752K)
[279.323s][info][gc             ] GC(914) Pause Young (Allocation Failure) 725M->579M(866M) 80.459ms
[279.323s][info][gc,cpu         ] GC(914) User=0.15s Sys=0.01s Real=0.08s
[279.518s][info][gc,start       ] GC(915) Pause Young (Allocation Failure)
[279.604s][info][gc,heap        ] GC(915) PSYoungGen: 212304K(219136K)->88256K(218624K) Eden: 130048K(130048K)->0K(130048K) From: 82256K(89088K)->88256K(88576K)
[279.604s][info][gc,heap        ] GC(915) ParOldGen: 511496K(667648K)->515472K(667648K)
[279.604s][info][gc,metaspace   ] GC(915) Metaspace: 18781K(19008K)->18781K(19008K) NonClass: 16119K(16256K)->16119K(16256K) Class: 2662K(2752K)->2662K(2752K)
[279.604s][info][gc             ] GC(915) Pause Young (Allocation Failure) 706M->589M(865M) 85.751ms
[279.604s][info][gc,cpu         ] GC(915) User=0.17s Sys=0.00s Real=0.09s
[279.738s][info][gc,start       ] GC(916) Pause Young (Allocation Failure)
[279.830s][info][gc,heap        ] GC(916) PSYoungGen: 218304K(218624K)->72160K(222720K) Eden: 130048K(130048K)->0K(111616K) From: 88256K(88576K)->72160K(111104K)
[279.830s][info][gc,heap        ] GC(916) ParOldGen: 515472K(667648K)->542505K(667648K)
[279.830s][info][gc,metaspace   ] GC(916) Metaspace: 18781K(19008K)->18781K(19008K) NonClass: 16119K(16256K)->16119K(16256K) Class: 2662K(2752K)->2662K(2752K)
[279.830s][info][gc             ] GC(916) Pause Young (Allocation Failure) 716M->600M(869M) 92.196ms
[279.830s][info][gc,cpu         ] GC(916) User=0.18s Sys=0.00s Real=0.09s
[279.954s][info][gc,start       ] GC(917) Pause Young (Allocation Failure)
[280.022s][info][gc,heap        ] GC(917) PSYoungGen: 183776K(222720K)->72608K(222720K) Eden: 111616K(111616K)->0K(111616K) From: 72160K(111104K)->72608K(111104K)
[280.022s][info][gc,heap        ] GC(917) ParOldGen: 542505K(667648K)->544865K(667648K)
[280.022s][info][gc,metaspace   ] GC(917) Metaspace: 18781K(19008K)->18781K(19008K) NonClass: 16119K(16256K)->16119K(16256K) Class: 2662K(2752K)->2662K(2752K)
[280.023s][info][gc             ] GC(917) Pause Young (Allocation Failure) 709M->603M(869M) 68.861ms
[280.023s][info][gc,cpu         ] GC(917) User=0.13s Sys=0.00s Real=0.07s
[280.170s][info][gc,start       ] GC(918) Pause Young (Allocation Failure)
[280.254s][info][gc,heap        ] GC(918) PSYoungGen: 184224K(222720K)->37856K(222720K) Eden: 111616K(111616K)->0K(111616K) From: 72608K(111104K)->37856K(111104K)
[280.254s][info][gc,heap        ] GC(918) ParOldGen: 544865K(667648K)->594150K(667648K)
[280.254s][info][gc,metaspace   ] GC(918) Metaspace: 18781K(19008K)->18781K(19008K) NonClass: 16119K(16256K)->16119K(16256K) Class: 2662K(2752K)->2662K(2752K)
[280.254s][info][gc             ] GC(918) Pause Young (Allocation Failure) 712M->617M(869M) 83.384ms
[280.254s][info][gc,cpu         ] GC(918) User=0.16s Sys=0.00s Real=0.09s
[280.557s][info][gc,start       ] GC(919) Pause Young (Allocation Failure)
[280.595s][info][gc,heap        ] GC(919) PSYoungGen: 149472K(222720K)->17344K(222720K) Eden: 111616K(111616K)->0K(111616K) From: 37856K(111104K)->17344K(111104K)
[280.596s][info][gc,heap        ] GC(919) ParOldGen: 594150K(667648K)->615070K(667648K)
[280.596s][info][gc,metaspace   ] GC(919) Metaspace: 18781K(19008K)->18781K(19008K) NonClass: 16119K(16256K)->16119K(16256K) Class: 2662K(2752K)->2662K(2752K)
[280.596s][info][gc             ] GC(919) Pause Young (Allocation Failure) 726M->617M(869M) 38.816ms
[280.596s][info][gc,cpu         ] GC(919) User=0.08s Sys=0.00s Real=0.04s
[280.884s][info][gc,start       ] GC(920) Pause Full (Allocation Failure)
[280.884s][info][gc,phases,start] GC(920) Marking Phase
[281.222s][info][gc,phases      ] GC(920) Marking Phase 338.233ms
[281.222s][info][gc,phases,start] GC(920) Summary Phase
[281.222s][info][gc,phases      ] GC(920) Summary Phase 0.024ms
[281.222s][info][gc,phases,start] GC(920) Forward
[281.355s][info][gc,phases      ] GC(920) Forward 132.319ms
[281.355s][info][gc,phases,start] GC(920) Adjust Pointers
[281.607s][info][gc,phases      ] GC(920) Adjust Pointers 252.607ms
[281.607s][info][gc,phases,start] GC(920) Compaction Phase
[281.746s][info][gc,phases      ] GC(920) Compaction Phase 138.185ms
[281.755s][info][gc,phases,start] GC(920) Post Compact
[281.757s][info][gc,phases      ] GC(920) Post Compact 2.199ms
[281.757s][info][gc,heap        ] GC(920) PSYoungGen: 128960K(222720K)->0K(222720K) Eden: 111616K(111616K)->0K(111616K) From: 17344K(111104K)->0K(111104K)
[281.757s][info][gc,heap        ] GC(920) ParOldGen: 615070K(667648K)->468869K(667648K)
[281.757s][info][gc,metaspace   ] GC(920) Metaspace: 18781K(19008K)->18781K(19008K) NonClass: 16119K(16256K)->16119K(16256K) Class: 2662K(2752K)->2662K(2752K)
[281.757s][info][gc             ] GC(920) Pause Full (Allocation Failure) 726M->457M(869M) 873.367ms
[281.757s][info][gc,cpu         ] GC(920) User=1.63s Sys=0.00s Real=0.87s
[282.030s][info][gc,start       ] GC(921) Pause Young (Allocation Failure)
[282.032s][info][gc,heap        ] GC(921) PSYoungGen: 111616K(222720K)->64K(222720K) Eden: 111616K(111616K)->0K(111616K) From: 0K(111104K)->64K(111104K)
[282.032s][info][gc,heap        ] GC(921) ParOldGen: 468869K(667648K)->468869K(667648K)
[282.032s][info][gc,metaspace   ] GC(921) Metaspace: 18781K(19008K)->18781K(19008K) NonClass: 16119K(16256K)->16119K(16256K) Class: 2662K(2752K)->2662K(2752K)
[282.032s][info][gc             ] GC(921) Pause Young (Allocation Failure) 566M->457M(869M) 1.938ms
[282.032s][info][gc,cpu         ] GC(921) User=0.01s Sys=0.00s Real=0.00s
[282.295s][info][gc,start       ] GC(922) Pause Young (Allocation Failure)
[282.311s][info][gc,heap        ] GC(922) PSYoungGen: 111680K(222720K)->64K(222720K) Eden: 111616K(111616K)->0K(111616K) From: 64K(111104K)->64K(111104K)
[282.311s][info][gc,heap        ] GC(922) ParOldGen: 468869K(667648K)->468885K(667648K)
[282.311s][info][gc,metaspace   ] GC(922) Metaspace: 18781K(19008K)->18781K(19008K) NonClass: 16119K(16256K)->16119K(16256K) Class: 2662K(2752K)->2662K(2752K)
[282.311s][info][gc             ] GC(922) Pause Young (Allocation Failure) 566M->457M(869M) 16.089ms
[282.311s][info][gc,cpu         ] GC(922) User=0.03s Sys=0.00s Real=0.02s
[282.504s][info][gc,start       ] GC(923) Pause Young (Allocation Failure)
[282.515s][info][gc,heap        ] GC(923) PSYoungGen: 111680K(222720K)->13209K(124928K) Eden: 111616K(111616K)->0K(111616K) From: 64K(111104K)->13209K(13312K)
[282.515s][info][gc,heap        ] GC(923) ParOldGen: 468885K(667648K)->468909K(667648K)
[282.515s][info][gc,metaspace   ] GC(923) Metaspace: 18781K(19008K)->18781K(19008K) NonClass: 16119K(16256K)->16119K(16256K) Class: 2662K(2752K)->2662K(2752K)
[282.515s][info][gc             ] GC(923) Pause Young (Allocation Failure) 566M->470M(774M) 10.927ms
[282.515s][info][gc,cpu         ] GC(923) User=0.02s Sys=0.00s Real=0.01s
[282.551s][info][gc,start       ] GC(924) Pause Young (Allocation Failure)
[282.592s][info][gc,heap        ] GC(924) PSYoungGen: 124825K(124928K)->58409K(219648K) Eden: 111616K(111616K)->0K(110080K) From: 13209K(13312K)->58409K(109568K)
[282.592s][info][gc,heap        ] GC(924) ParOldGen: 468909K(667648K)->468909K(667648K)
[282.592s][info][gc,metaspace   ] GC(924) Metaspace: 18781K(19008K)->18781K(19008K) NonClass: 16119K(16256K)->16119K(16256K) Class: 2662K(2752K)->2662K(2752K)
[282.592s][info][gc             ] GC(924) Pause Young (Allocation Failure) 579M->514M(866M) 41.256ms
[282.592s][info][gc,cpu         ] GC(924) User=0.09s Sys=0.00s Real=0.04s
[282.626s][info][gc,start       ] GC(925) Pause Young (Allocation Failure)
[282.694s][info][gc,heap        ] GC(925) PSYoungGen: 168489K(219648K)->44992K(155136K) Eden: 110080K(110080K)->0K(110080K) From: 58409K(109568K)->44992K(45056K)
[282.694s][info][gc,heap        ] GC(925) ParOldGen: 468909K(667648K)->527930K(667648K)
[282.694s][info][gc,metaspace   ] GC(925) Metaspace: 18781K(19008K)->18781K(19008K) NonClass: 16119K(16256K)->16119K(16256K) Class: 2662K(2752K)->2662K(2752K)
[282.694s][info][gc             ] GC(925) Pause Young (Allocation Failure) 622M->559M(803M) 68.048ms
[282.694s][info][gc,cpu         ] GC(925) User=0.14s Sys=0.00s Real=0.07s
[282.833s][info][gc,start       ] GC(926) Pause Young (Allocation Failure)
[282.889s][info][gc,heap        ] GC(926) PSYoungGen: 155072K(155136K)->35616K(224768K) Eden: 110080K(110080K)->0K(119808K) From: 44992K(45056K)->35616K(104960K)
[282.889s][info][gc,heap        ] GC(926) ParOldGen: 527930K(667648K)->573409K(667648K)
[282.889s][info][gc,metaspace   ] GC(926) Metaspace: 18781K(19008K)->18781K(19008K) NonClass: 16119K(16256K)->16119K(16256K) Class: 2662K(2752K)->2662K(2752K)
[282.889s][info][gc             ] GC(926) Pause Young (Allocation Failure) 666M->594M(871M) 56.385ms
[282.889s][info][gc,cpu         ] GC(926) User=0.11s Sys=0.00s Real=0.05s
[282.958s][info][gc,start       ] GC(927) Pause Young (Allocation Failure)
[282.994s][info][gc,heap        ] GC(927) PSYoungGen: 155424K(224768K)->3136K(220160K) Eden: 119808K(119808K)->0K(119808K) From: 35616K(104960K)->3136K(100352K)
[282.994s][info][gc,heap        ] GC(927) ParOldGen: 573409K(667648K)->609384K(667648K)
[282.994s][info][gc,metaspace   ] GC(927) Metaspace: 18781K(19008K)->18781K(19008K) NonClass: 16119K(16256K)->16119K(16256K) Class: 2662K(2752K)->2662K(2752K)
[282.994s][info][gc             ] GC(927) Pause Young (Allocation Failure) 711M->598M(867M) 36.529ms
[282.994s][info][gc,cpu         ] GC(927) User=0.07s Sys=0.00s Real=0.04s
[283.125s][info][gc,start       ] GC(928) Pause Full (Allocation Failure)
[283.125s][info][gc,phases,start] GC(928) Marking Phase
[283.429s][info][gc,phases      ] GC(928) Marking Phase 304.275ms
[283.429s][info][gc,phases,start] GC(928) Summary Phase
[283.429s][info][gc,phases      ] GC(928) Summary Phase 0.025ms
[283.429s][info][gc,phases,start] GC(928) Forward
[283.550s][info][gc,phases      ] GC(928) Forward 121.137ms
[283.550s][info][gc,phases,start] GC(928) Adjust Pointers
[283.784s][info][gc,phases      ] GC(928) Adjust Pointers 234.105ms
[283.785s][info][gc,phases,start] GC(928) Compaction Phase
[283.914s][info][gc,phases      ] GC(928) Compaction Phase 129.603ms
[283.922s][info][gc,phases,start] GC(928) Post Compact
[283.924s][info][gc,phases      ] GC(928) Post Compact 2.176ms
[283.924s][info][gc,heap        ] GC(928) PSYoungGen: 122944K(220160K)->0K(228352K) Eden: 119808K(119808K)->0K(128512K) From: 3136K(100352K)->0K(99840K)
[283.924s][info][gc,heap        ] GC(928) ParOldGen: 609384K(667648K)->460043K(667648K)
[283.924s][info][gc,metaspace   ] GC(928) Metaspace: 18782K(19008K)->18782K(19008K) NonClass: 16119K(16256K)->16119K(16256K) Class: 2662K(2752K)->2662K(2752K)
[283.924s][info][gc             ] GC(928) Pause Full (Allocation Failure) 715M->449M(875M) 799.657ms
[283.924s][info][gc,cpu         ] GC(928) User=1.50s Sys=0.00s Real=0.80s
[284.083s][info][gc,start       ] GC(929) Pause Young (Allocation Failure)
[284.116s][info][gc,heap        ] GC(929) PSYoungGen: 128512K(228352K)->22976K(228352K) Eden: 128512K(128512K)->0K(128512K) From: 0K(99840K)->22976K(99840K)
[284.116s][info][gc,heap        ] GC(929) ParOldGen: 460043K(667648K)->460043K(667648K)
[284.116s][info][gc,metaspace   ] GC(929) Metaspace: 18782K(19008K)->18782K(19008K) NonClass: 16119K(16256K)->16119K(16256K) Class: 2662K(2752K)->2662K(2752K)
[284.116s][info][gc             ] GC(929) Pause Young (Allocation Failure) 574M->471M(875M) 32.902ms
[284.116s][info][gc,cpu         ] GC(929) User=0.07s Sys=0.00s Real=0.03s
[284.285s][info][gc,start       ] GC(930) Pause Young (Allocation Failure)
[284.317s][info][gc,heap        ] GC(930) PSYoungGen: 151488K(228352K)->32K(230400K) Eden: 128512K(128512K)->0K(135168K) From: 22976K(99840K)->32K(95232K)
[284.317s][info][gc,heap        ] GC(930) ParOldGen: 460043K(667648K)->483059K(667648K)
[284.317s][info][gc,metaspace   ] GC(930) Metaspace: 18782K(19008K)->18782K(19008K) NonClass: 16119K(16256K)->16119K(16256K) Class: 2662K(2752K)->2662K(2752K)
[284.317s][info][gc             ] GC(930) Pause Young (Allocation Failure) 597M->471M(877M) 31.591ms
[284.317s][info][gc,cpu         ] GC(930) User=0.07s Sys=0.00s Real=0.03s
[284.492s][info][gc,start       ] GC(931) Pause Young (Allocation Failure)
[284.493s][info][gc,heap        ] GC(931) PSYoungGen: 135200K(230400K)->64K(229376K) Eden: 135168K(135168K)->0K(135168K) From: 32K(95232K)->64K(94208K)
[284.493s][info][gc,heap        ] GC(931) ParOldGen: 483059K(667648K)->483059K(667648K)
[284.493s][info][gc,metaspace   ] GC(931) Metaspace: 18782K(19008K)->18782K(19008K) NonClass: 16119K(16256K)->16119K(16256K) Class: 2662K(2752K)->2662K(2752K)
[284.493s][info][gc             ] GC(931) Pause Young (Allocation Failure) 603M->471M(876M) 1.639ms
[284.493s][info][gc,cpu         ] GC(931) User=0.01s Sys=0.00s Real=0.00s
[284.666s][info][gc,start       ] GC(932) Pause Young (Allocation Failure)
[284.667s][info][gc,heap        ] GC(932) PSYoungGen: 135232K(229376K)->64K(235008K) Eden: 135168K(135168K)->0K(145408K) From: 64K(94208K)->64K(89600K)
[284.667s][info][gc,heap        ] GC(932) ParOldGen: 483059K(667648K)->483059K(667648K)
[284.667s][info][gc,metaspace   ] GC(932) Metaspace: 18782K(19008K)->18782K(19008K) NonClass: 16119K(16256K)->16119K(16256K) Class: 2662K(2752K)->2662K(2752K)
[284.667s][info][gc             ] GC(932) Pause Young (Allocation Failure) 603M->471M(881M) 1.690ms
[284.667s][info][gc,cpu         ] GC(932) User=0.00s Sys=0.00s Real=0.00s
[284.854s][info][gc,start       ] GC(933) Pause Young (Allocation Failure)
[284.856s][info][gc,heap        ] GC(933) PSYoungGen: 145472K(235008K)->64K(236032K) Eden: 145408K(145408K)->0K(145408K) From: 64K(89600K)->64K(90624K)
[284.856s][info][gc,heap        ] GC(933) ParOldGen: 483059K(667648K)->483059K(667648K)
[284.856s][info][gc,metaspace   ] GC(933) Metaspace: 18782K(19008K)->18782K(19008K) NonClass: 16119K(16256K)->16119K(16256K) Class: 2662K(2752K)->2662K(2752K)
[284.856s][info][gc             ] GC(933) Pause Young (Allocation Failure) 613M->471M(882M) 1.672ms
[284.856s][info][gc,cpu         ] GC(933) User=0.00s Sys=0.00s Real=0.00s
[285.041s][info][gc,start       ] GC(934) Pause Young (Allocation Failure)
[285.043s][info][gc,heap        ] GC(934) PSYoungGen: 145472K(236032K)->64K(234496K) Eden: 145408K(145408K)->0K(153088K) From: 64K(90624K)->64K(81408K)
[285.043s][info][gc,heap        ] GC(934) ParOldGen: 483059K(667648K)->483059K(667648K)
[285.043s][info][gc,metaspace   ] GC(934) Metaspace: 18782K(19008K)->18782K(19008K) NonClass: 16119K(16256K)->16119K(16256K) Class: 2662K(2752K)->2662K(2752K)
[285.043s][info][gc             ] GC(934) Pause Young (Allocation Failure) 613M->471M(881M) 1.828ms
[285.043s][info][gc,cpu         ] GC(934) User=0.00s Sys=0.00s Real=0.00s
[285.233s][info][gc,start       ] GC(935) Pause Young (Allocation Failure)
[285.235s][info][gc,heap        ] GC(935) PSYoungGen: 153152K(234496K)->64K(238080K) Eden: 153088K(153088K)->0K(153088K) From: 64K(81408K)->64K(84992K)
[285.235s][info][gc,heap        ] GC(935) ParOldGen: 483059K(667648K)->483059K(667648K)
[285.235s][info][gc,metaspace   ] GC(935) Metaspace: 18782K(19008K)->18782K(19008K) NonClass: 16119K(16256K)->16119K(16256K) Class: 2662K(2752K)->2662K(2752K)
[285.235s][info][gc             ] GC(935) Pause Young (Allocation Failure) 621M->471M(884M) 1.629ms
[285.235s][info][gc,cpu         ] GC(935) User=0.00s Sys=0.00s Real=0.00s
[285.424s][info][gc,start       ] GC(936) Pause Young (Allocation Failure)
[285.427s][info][gc,heap        ] GC(936) PSYoungGen: 153152K(238080K)->64K(232448K) Eden: 153088K(153088K)->0K(158720K) From: 64K(84992K)->64K(73728K)
[285.427s][info][gc,heap        ] GC(936) ParOldGen: 483059K(667648K)->483059K(667648K)
[285.427s][info][gc,metaspace   ] GC(936) Metaspace: 18782K(19008K)->18782K(19008K) NonClass: 16119K(16256K)->16119K(16256K) Class: 2662K(2752K)->2662K(2752K)
[285.427s][info][gc             ] GC(936) Pause Young (Allocation Failure) 621M->471M(879M) 2.268ms
[285.427s][info][gc,cpu         ] GC(936) User=0.00s Sys=0.00s Real=0.00s
[285.624s][info][gc,start       ] GC(937) Pause Young (Allocation Failure)
[285.626s][info][gc,heap        ] GC(937) PSYoungGen: 158784K(232448K)->64K(237056K) Eden: 158720K(158720K)->0K(158720K) From: 64K(73728K)->64K(78336K)
[285.626s][info][gc,heap        ] GC(937) ParOldGen: 483059K(667648K)->483059K(667648K)
[285.626s][info][gc,metaspace   ] GC(937) Metaspace: 18782K(19008K)->18782K(19008K) NonClass: 16119K(16256K)->16119K(16256K) Class: 2662K(2752K)->2662K(2752K)
[285.626s][info][gc             ] GC(937) Pause Young (Allocation Failure) 626M->471M(883M) 1.854ms
[285.626s][info][gc,cpu         ] GC(937) User=0.01s Sys=0.00s Real=0.00s
[285.782s][info][gc,start       ] GC(938) Pause Young (Allocation Failure)
[285.806s][info][gc,heap        ] GC(938) PSYoungGen: 158784K(237056K)->20992K(235008K) Eden: 158720K(158720K)->0K(165376K) From: 64K(78336K)->20992K(69632K)
[285.806s][info][gc,heap        ] GC(938) ParOldGen: 483059K(667648K)->483059K(667648K)
[285.806s][info][gc,metaspace   ] GC(938) Metaspace: 18782K(19008K)->18782K(19008K) NonClass: 16119K(16256K)->16119K(16256K) Class: 2662K(2752K)->2662K(2752K)
[285.806s][info][gc             ] GC(938) Pause Young (Allocation Failure) 626M->492M(881M) 23.842ms
[285.806s][info][gc,cpu         ] GC(938) User=0.04s Sys=0.00s Real=0.02s
[285.951s][info][gc,start       ] GC(939) Pause Young (Allocation Failure)
[285.994s][info][gc,heap        ] GC(939) PSYoungGen: 186368K(235008K)->42624K(236544K) Eden: 165376K(165376K)->0K(165376K) From: 20992K(69632K)->42624K(71168K)
[285.994s][info][gc,heap        ] GC(939) ParOldGen: 483059K(667648K)->483059K(667648K)
[285.994s][info][gc,metaspace   ] GC(939) Metaspace: 18782K(19008K)->18782K(19008K) NonClass: 16119K(16256K)->16119K(16256K) Class: 2662K(2752K)->2662K(2752K)
[285.995s][info][gc             ] GC(939) Pause Young (Allocation Failure) 653M->513M(883M) 43.914ms
[285.995s][info][gc,cpu         ] GC(939) User=0.09s Sys=0.00s Real=0.04s
[286.105s][info][gc,start       ] GC(940) Pause Young (Allocation Failure)
[286.164s][info][gc,heap        ] GC(940) PSYoungGen: 208000K(236544K)->58368K(239616K) Eden: 165376K(165376K)->0K(163840K) From: 42624K(71168K)->58368K(75776K)
[286.164s][info][gc,heap        ] GC(940) ParOldGen: 483059K(667648K)->483059K(667648K)
[286.164s][info][gc,metaspace   ] GC(940) Metaspace: 18782K(19008K)->18782K(19008K) NonClass: 16119K(16256K)->16119K(16256K) Class: 2662K(2752K)->2662K(2752K)
[286.165s][info][gc             ] GC(940) Pause Young (Allocation Failure) 674M->528M(886M) 59.810ms
[286.165s][info][gc,cpu         ] GC(940) User=0.11s Sys=0.00s Real=0.06s
[286.293s][info][gc,start       ] GC(941) Pause Young (Allocation Failure)
[286.366s][info][gc,heap        ] GC(941) PSYoungGen: 222208K(239616K)->74912K(239104K) Eden: 163840K(163840K)->0K(163840K) From: 58368K(75776K)->74912K(75264K)
[286.366s][info][gc,heap        ] GC(941) ParOldGen: 483059K(667648K)->483059K(667648K)
[286.366s][info][gc,metaspace   ] GC(941) Metaspace: 18782K(19008K)->18782K(19008K) NonClass: 16119K(16256K)->16119K(16256K) Class: 2662K(2752K)->2662K(2752K)
[286.366s][info][gc             ] GC(941) Pause Young (Allocation Failure) 688M->544M(885M) 73.638ms
[286.366s][info][gc,cpu         ] GC(941) User=0.14s Sys=0.00s Real=0.07s
[286.460s][info][gc,start       ] GC(942) Pause Young (Allocation Failure)
[286.538s][info][gc,heap        ] GC(942) PSYoungGen: 238752K(239104K)->76384K(209408K) Eden: 163840K(163840K)->0K(114688K) From: 74912K(75264K)->76384K(94720K)
[286.538s][info][gc,heap        ] GC(942) ParOldGen: 483059K(667648K)->483059K(667648K)
[286.538s][info][gc,metaspace   ] GC(942) Metaspace: 18782K(19008K)->18782K(19008K) NonClass: 16119K(16256K)->16119K(16256K) Class: 2662K(2752K)->2662K(2752K)
[286.538s][info][gc             ] GC(942) Pause Young (Allocation Failure) 704M->546M(856M) 77.952ms
[286.538s][info][gc,cpu         ] GC(942) User=0.15s Sys=0.01s Real=0.08s
[286.624s][info][gc,start       ] GC(943) Pause Young (Allocation Failure)
[286.703s][info][gc,heap        ] GC(943) PSYoungGen: 191072K(209408K)->83520K(198656K) Eden: 114688K(114688K)->0K(114688K) From: 76384K(94720K)->83520K(83968K)
[286.703s][info][gc,heap        ] GC(943) ParOldGen: 483059K(667648K)->483059K(667648K)
[286.703s][info][gc,metaspace   ] GC(943) Metaspace: 18782K(19008K)->18782K(19008K) NonClass: 16119K(16256K)->16119K(16256K) Class: 2662K(2752K)->2662K(2752K)
[286.703s][info][gc             ] GC(943) Pause Young (Allocation Failure) 658M->553M(846M) 79.420ms
[286.703s][info][gc,cpu         ] GC(943) User=0.16s Sys=0.00s Real=0.08s
[286.810s][info][gc,start       ] GC(944) Pause Young (Allocation Failure)
[286.898s][info][gc,heap        ] GC(944) PSYoungGen: 198208K(198656K)->92096K(222720K) Eden: 114688K(114688K)->0K(111616K) From: 83520K(83968K)->92096K(111104K)
[286.898s][info][gc,heap        ] GC(944) ParOldGen: 483059K(667648K)->483059K(667648K)
[286.898s][info][gc,metaspace   ] GC(944) Metaspace: 18782K(19008K)->18782K(19008K) NonClass: 16119K(16256K)->16119K(16256K) Class: 2662K(2752K)->2662K(2752K)
[286.898s][info][gc             ] GC(944) Pause Young (Allocation Failure) 665M->561M(869M) 88.456ms
[286.898s][info][gc,cpu         ] GC(944) User=0.18s Sys=0.00s Real=0.09s
[286.962s][info][gc,start       ] GC(945) Pause Young (Allocation Failure)
[287.062s][info][gc,heap        ] GC(945) PSYoungGen: 203712K(222720K)->103264K(222720K) Eden: 111616K(111616K)->0K(111616K) From: 92096K(111104K)->103264K(111104K)
[287.062s][info][gc,heap        ] GC(945) ParOldGen: 483059K(667648K)->483059K(667648K)
[287.062s][info][gc,metaspace   ] GC(945) Metaspace: 18782K(19008K)->18782K(19008K) NonClass: 16119K(16256K)->16119K(16256K) Class: 2662K(2752K)->2662K(2752K)
[287.062s][info][gc             ] GC(945) Pause Young (Allocation Failure) 670M->572M(869M) 99.419ms
[287.062s][info][gc,cpu         ] GC(945) User=0.20s Sys=0.00s Real=0.10s
[287.221s][info][gc,start       ] GC(946) Pause Young (Allocation Failure)
[287.327s][info][gc,heap        ] GC(946) PSYoungGen: 214880K(222720K)->69456K(222720K) Eden: 111616K(111616K)->0K(111616K) From: 103264K(111104K)->69456K(111104K)
[287.327s][info][gc,heap        ] GC(946) ParOldGen: 483059K(667648K)->525739K(667648K)
[287.327s][info][gc,metaspace   ] GC(946) Metaspace: 18782K(19008K)->18782K(19008K) NonClass: 16119K(16256K)->16119K(16256K) Class: 2662K(2752K)->2662K(2752K)
[287.327s][info][gc             ] GC(946) Pause Young (Allocation Failure) 681M->581M(869M) 106.168ms
[287.327s][info][gc,cpu         ] GC(946) User=0.21s Sys=0.00s Real=0.10s
[287.550s][info][gc,start       ] GC(947) Pause Young (Allocation Failure)
[287.632s][info][gc,heap        ] GC(947) PSYoungGen: 181072K(222720K)->51808K(222720K) Eden: 111616K(111616K)->0K(111616K) From: 69456K(111104K)->51808K(111104K)
[287.632s][info][gc,heap        ] GC(947) ParOldGen: 525739K(667648K)->558139K(667648K)
[287.632s][info][gc,metaspace   ] GC(947) Metaspace: 18782K(19008K)->18782K(19008K) NonClass: 16119K(16256K)->16119K(16256K) Class: 2662K(2752K)->2662K(2752K)
[287.632s][info][gc             ] GC(947) Pause Young (Allocation Failure) 690M->595M(869M) 81.569ms
[287.632s][info][gc,cpu         ] GC(947) User=0.16s Sys=0.00s Real=0.09s
[287.987s][info][gc,start       ] GC(948) Pause Young (Allocation Failure)
[288.038s][info][gc,heap        ] GC(948) PSYoungGen: 163424K(222720K)->43408K(222720K) Eden: 111616K(111616K)->0K(111616K) From: 51808K(111104K)->43408K(111104K)
[288.038s][info][gc,heap        ] GC(948) ParOldGen: 558139K(667648K)->566723K(667648K)
[288.038s][info][gc,metaspace   ] GC(948) Metaspace: 18782K(19008K)->18782K(19008K) NonClass: 16119K(16256K)->16119K(16256K) Class: 2662K(2752K)->2662K(2752K)
[288.038s][info][gc             ] GC(948) Pause Young (Allocation Failure) 704M->595M(869M) 50.590ms
[288.038s][info][gc,cpu         ] GC(948) User=0.10s Sys=0.00s Real=0.05s
[288.351s][info][gc,start       ] GC(949) Pause Young (Allocation Failure)
[288.395s][info][gc,heap        ] GC(949) PSYoungGen: 155024K(222720K)->23600K(222720K) Eden: 111616K(111616K)->0K(111616K) From: 43408K(111104K)->23600K(111104K)
[288.395s][info][gc,heap        ] GC(949) ParOldGen: 566723K(667648K)->586556K(667648K)
[288.395s][info][gc,metaspace   ] GC(949) Metaspace: 18782K(19008K)->18782K(19008K) NonClass: 16119K(16256K)->16119K(16256K) Class: 2662K(2752K)->2662K(2752K)
[288.395s][info][gc             ] GC(949) Pause Young (Allocation Failure) 704M->595M(869M) 43.827ms
[288.395s][info][gc,cpu         ] GC(949) User=0.09s Sys=0.00s Real=0.04s
[288.662s][info][gc,start       ] GC(950) Pause Young (Allocation Failure)
[288.687s][info][gc,heap        ] GC(950) PSYoungGen: 135216K(222720K)->160K(222720K) Eden: 111616K(111616K)->0K(111616K) From: 23600K(111104K)->160K(111104K)
[288.687s][info][gc,heap        ] GC(950) ParOldGen: 586556K(667648K)->610045K(667648K)
[288.687s][info][gc,metaspace   ] GC(950) Metaspace: 18782K(19008K)->18782K(19008K) NonClass: 16119K(16256K)->16119K(16256K) Class: 2662K(2752K)->2662K(2752K)
[288.688s][info][gc             ] GC(950) Pause Young (Allocation Failure) 704M->595M(869M) 25.536ms
[288.688s][info][gc,cpu         ] GC(950) User=0.05s Sys=0.00s Real=0.02s
[288.943s][info][gc,start       ] GC(951) Pause Full (Allocation Failure)
[288.943s][info][gc,phases,start] GC(951) Marking Phase
[289.380s][info][gc,phases      ] GC(951) Marking Phase 437.156ms
[289.380s][info][gc,phases,start] GC(951) Summary Phase
[289.380s][info][gc,phases      ] GC(951) Summary Phase 0.023ms
[289.380s][info][gc,phases,start] GC(951) Forward
[289.423s][info][gc,phases      ] GC(951) Forward 43.001ms
[289.423s][info][gc,phases,start] GC(951) Adjust Pointers
[289.725s][info][gc,phases      ] GC(951) Adjust Pointers 301.705ms
[289.725s][info][gc,phases,start] GC(951) Compaction Phase
[289.883s][info][gc,phases      ] GC(951) Compaction Phase 158.282ms
[289.883s][info][gc,phases,start] GC(951) Post Compact
[289.885s][info][gc,phases      ] GC(951) Post Compact 2.038ms
[289.885s][info][gc,heap        ] GC(951) PSYoungGen: 111776K(222720K)->0K(222720K) Eden: 111616K(111616K)->0K(111616K) From: 160K(111104K)->0K(111104K)
[289.885s][info][gc,heap        ] GC(951) ParOldGen: 610045K(667648K)->609078K(667648K)
[289.885s][info][gc,metaspace   ] GC(951) Metaspace: 18782K(19008K)->18782K(19008K) NonClass: 16119K(16256K)->16119K(16256K) Class: 2662K(2752K)->2662K(2752K)
[289.885s][info][gc             ] GC(951) Pause Full (Allocation Failure) 704M->594M(869M) 942.664ms
[289.885s][info][gc,cpu         ] GC(951) User=1.85s Sys=0.00s Real=0.94s
[290.147s][info][gc,start       ] GC(952) Pause Full (Allocation Failure)
[290.147s][info][gc,phases,start] GC(952) Marking Phase
[290.587s][info][gc,phases      ] GC(952) Marking Phase 439.705ms
[290.587s][info][gc,phases,start] GC(952) Summary Phase
[290.587s][info][gc,phases      ] GC(952) Summary Phase 0.022ms
[290.587s][info][gc,phases,start] GC(952) Forward
[290.587s][info][gc,phases      ] GC(952) Forward 0.321ms
[290.587s][info][gc,phases,start] GC(952) Adjust Pointers
[290.874s][info][gc,phases      ] GC(952) Adjust Pointers 286.484ms
[290.874s][info][gc,phases,start] GC(952) Compaction Phase
[291.004s][info][gc,phases      ] GC(952) Compaction Phase 129.985ms
[291.004s][info][gc,phases,start] GC(952) Post Compact
[291.006s][info][gc,phases      ] GC(952) Post Compact 2.054ms
[291.006s][info][gc,heap        ] GC(952) PSYoungGen: 111616K(222720K)->0K(222720K) Eden: 111616K(111616K)->0K(111616K) From: 0K(111104K)->0K(111104K)
[291.006s][info][gc,heap        ] GC(952) ParOldGen: 609078K(667648K)->609080K(667648K)
[291.006s][info][gc,metaspace   ] GC(952) Metaspace: 18782K(19008K)->18782K(19008K) NonClass: 16119K(16256K)->16119K(16256K) Class: 2662K(2752K)->2662K(2752K)
[291.006s][info][gc             ] GC(952) Pause Full (Allocation Failure) 703M->594M(869M) 858.954ms
[291.006s][info][gc,cpu         ] GC(952) User=1.68s Sys=0.00s Real=0.86s
[291.263s][info][gc,start       ] GC(953) Pause Full (Allocation Failure)
[291.263s][info][gc,phases,start] GC(953) Marking Phase
[291.706s][info][gc,phases      ] GC(953) Marking Phase 442.155ms
[291.706s][info][gc,phases,start] GC(953) Summary Phase
[291.706s][info][gc,phases      ] GC(953) Summary Phase 0.025ms
[291.706s][info][gc,phases,start] GC(953) Forward
[291.706s][info][gc,phases      ] GC(953) Forward 0.312ms
[291.706s][info][gc,phases,start] GC(953) Adjust Pointers
[292.005s][info][gc,phases      ] GC(953) Adjust Pointers 299.349ms
[292.006s][info][gc,phases,start] GC(953) Compaction Phase
[292.138s][info][gc,phases      ] GC(953) Compaction Phase 132.612ms
[292.138s][info][gc,phases,start] GC(953) Post Compact
[292.140s][info][gc,phases      ] GC(953) Post Compact 2.052ms
[292.140s][info][gc,heap        ] GC(953) PSYoungGen: 111616K(222720K)->0K(222720K) Eden: 111616K(111616K)->0K(111616K) From: 0K(111104K)->0K(111104K)
[292.140s][info][gc,heap        ] GC(953) ParOldGen: 609080K(667648K)->609083K(667648K)
[292.140s][info][gc,metaspace   ] GC(953) Metaspace: 18782K(19008K)->18782K(19008K) NonClass: 16119K(16256K)->16119K(16256K) Class: 2662K(2752K)->2662K(2752K)
[292.140s][info][gc             ] GC(953) Pause Full (Allocation Failure) 703M->594M(869M) 876.983ms
[292.140s][info][gc,cpu         ] GC(953) User=1.72s Sys=0.01s Real=0.87s
[292.400s][info][gc,start       ] GC(954) Pause Full (Allocation Failure)
[292.400s][info][gc,phases,start] GC(954) Marking Phase
[292.856s][info][gc,phases      ] GC(954) Marking Phase 456.098ms
[292.856s][info][gc,phases,start] GC(954) Summary Phase
[292.856s][info][gc,phases      ] GC(954) Summary Phase 0.026ms
[292.856s][info][gc,phases,start] GC(954) Forward
[292.857s][info][gc,phases      ] GC(954) Forward 0.608ms
[292.857s][info][gc,phases,start] GC(954) Adjust Pointers
[293.155s][info][gc,phases      ] GC(954) Adjust Pointers 298.657ms
[293.155s][info][gc,phases,start] GC(954) Compaction Phase
[293.287s][info][gc,phases      ] GC(954) Compaction Phase 131.975ms
[293.287s][info][gc,phases,start] GC(954) Post Compact
[293.289s][info][gc,phases      ] GC(954) Post Compact 2.096ms
[293.290s][info][gc,heap        ] GC(954) PSYoungGen: 111616K(222720K)->0K(222720K) Eden: 111616K(111616K)->0K(111616K) From: 0K(111104K)->0K(111104K)
[293.290s][info][gc,heap        ] GC(954) ParOldGen: 609083K(667648K)->609088K(667648K)
[293.290s][info][gc,metaspace   ] GC(954) Metaspace: 18782K(19008K)->18782K(19008K) NonClass: 16119K(16256K)->16119K(16256K) Class: 2662K(2752K)->2662K(2752K)
[293.290s][info][gc             ] GC(954) Pause Full (Allocation Failure) 703M->594M(869M) 889.886ms
[293.290s][info][gc,cpu         ] GC(954) User=1.74s Sys=0.00s Real=0.89s
[293.563s][info][gc,start       ] GC(955) Pause Full (Allocation Failure)
[293.563s][info][gc,phases,start] GC(955) Marking Phase
[293.887s][info][gc,phases      ] GC(955) Marking Phase 323.766ms
[293.887s][info][gc,phases,start] GC(955) Summary Phase
[293.887s][info][gc,phases      ] GC(955) Summary Phase 0.026ms
[293.887s][info][gc,phases,start] GC(955) Forward
[294.015s][info][gc,phases      ] GC(955) Forward 127.724ms
[294.015s][info][gc,phases,start] GC(955) Adjust Pointers
[294.258s][info][gc,phases      ] GC(955) Adjust Pointers 242.661ms
[294.258s][info][gc,phases,start] GC(955) Compaction Phase
[294.422s][info][gc,phases      ] GC(955) Compaction Phase 163.807ms
[294.431s][info][gc,phases,start] GC(955) Post Compact
[294.433s][info][gc,phases      ] GC(955) Post Compact 2.111ms
[294.433s][info][gc,heap        ] GC(955) PSYoungGen: 111616K(222720K)->0K(222720K) Eden: 111616K(111616K)->0K(111616K) From: 0K(111104K)->0K(111104K)
[294.433s][info][gc,heap        ] GC(955) ParOldGen: 609088K(667648K)->447136K(667648K)
[294.433s][info][gc,metaspace   ] GC(955) Metaspace: 18782K(19008K)->18782K(19008K) NonClass: 16119K(16256K)->16119K(16256K) Class: 2662K(2752K)->2662K(2752K)
[294.433s][info][gc             ] GC(955) Pause Full (Allocation Failure) 703M->436M(869M) 869.555ms
[294.433s][info][gc,cpu         ] GC(955) User=1.62s Sys=0.00s Real=0.87s
[294.676s][info][gc,start       ] GC(956) Pause Young (Allocation Failure)
[294.680s][info][gc,heap        ] GC(956) PSYoungGen: 111616K(222720K)->2304K(222720K) Eden: 111616K(111616K)->0K(111616K) From: 0K(111104K)->2304K(111104K)
[294.680s][info][gc,heap        ] GC(956) ParOldGen: 447136K(667648K)->447136K(667648K)
[294.680s][info][gc,metaspace   ] GC(956) Metaspace: 18782K(19008K)->18782K(19008K) NonClass: 16119K(16256K)->16119K(16256K) Class: 2662K(2752K)->2662K(2752K)
[294.680s][info][gc             ] GC(956) Pause Young (Allocation Failure) 545M->438M(869M) 4.057ms
[294.680s][info][gc,cpu         ] GC(956) User=0.00s Sys=0.00s Real=0.00s
[294.766s][info][gc,start       ] GC(957) Pause Young (Allocation Failure)
[294.797s][info][gc,heap        ] GC(957) PSYoungGen: 113920K(222720K)->37280K(222720K) Eden: 111616K(111616K)->0K(111616K) From: 2304K(111104K)->37280K(111104K)
[294.797s][info][gc,heap        ] GC(957) ParOldGen: 447136K(667648K)->449408K(667648K)
[294.797s][info][gc,metaspace   ] GC(957) Metaspace: 18782K(19008K)->18782K(19008K) NonClass: 16119K(16256K)->16119K(16256K) Class: 2662K(2752K)->2662K(2752K)
[294.797s][info][gc             ] GC(957) Pause Young (Allocation Failure) 547M->475M(869M) 30.808ms
[294.797s][info][gc,cpu         ] GC(957) User=0.06s Sys=0.00s Real=0.03s
[294.889s][info][gc,start       ] GC(958) Pause Young (Allocation Failure)
[294.937s][info][gc,heap        ] GC(958) PSYoungGen: 148896K(222720K)->33568K(218624K) Eden: 111616K(111616K)->0K(111616K) From: 37280K(111104K)->33568K(107008K)
[294.937s][info][gc,heap        ] GC(958) ParOldGen: 449408K(667648K)->487096K(667648K)
[294.937s][info][gc,metaspace   ] GC(958) Metaspace: 18782K(19008K)->18782K(19008K) NonClass: 16119K(16256K)->16119K(16256K) Class: 2662K(2752K)->2662K(2752K)
[294.937s][info][gc             ] GC(958) Pause Young (Allocation Failure) 584M->508M(865M) 47.571ms
[294.937s][info][gc,cpu         ] GC(958) User=0.10s Sys=0.00s Real=0.05s
[295.053s][info][gc,start       ] GC(959) Pause Young (Allocation Failure)
[295.088s][info][gc,heap        ] GC(959) PSYoungGen: 145184K(218624K)->48112K(220672K) Eden: 111616K(111616K)->0K(111616K) From: 33568K(107008K)->48112K(109056K)
[295.088s][info][gc,heap        ] GC(959) ParOldGen: 487096K(667648K)->487096K(667648K)
[295.088s][info][gc,metaspace   ] GC(959) Metaspace: 18782K(19008K)->18782K(19008K) NonClass: 16119K(16256K)->16119K(16256K) Class: 2662K(2752K)->2662K(2752K)
[295.088s][info][gc             ] GC(959) Pause Young (Allocation Failure) 617M->522M(867M) 35.248ms
[295.088s][info][gc,cpu         ] GC(959) User=0.07s Sys=0.00s Real=0.03s
[295.131s][info][gc,start       ] GC(960) Pause Young (Allocation Failure)
[295.182s][info][gc,heap        ] GC(960) PSYoungGen: 159728K(220672K)->76592K(217088K) Eden: 111616K(111616K)->0K(111616K) From: 48112K(109056K)->76592K(105472K)
[295.182s][info][gc,heap        ] GC(960) ParOldGen: 487096K(667648K)->487096K(667648K)
[295.182s][info][gc,metaspace   ] GC(960) Metaspace: 18782K(19008K)->18782K(19008K) NonClass: 16119K(16256K)->16119K(16256K) Class: 2662K(2752K)->2662K(2752K)
[295.182s][info][gc             ] GC(960) Pause Young (Allocation Failure) 631M->550M(864M) 51.574ms
[295.182s][info][gc,cpu         ] GC(960) User=0.10s Sys=0.00s Real=0.05s
[295.263s][info][gc,start       ] GC(961) Pause Young (Allocation Failure)
[295.346s][info][gc,heap        ] GC(961) PSYoungGen: 188208K(217088K)->66848K(222720K) Eden: 111616K(111616K)->0K(111616K) From: 76592K(105472K)->66848K(111104K)
[295.346s][info][gc,heap        ] GC(961) ParOldGen: 487096K(667648K)->535640K(667648K)
[295.346s][info][gc,metaspace   ] GC(961) Metaspace: 18782K(19008K)->18782K(19008K) NonClass: 16119K(16256K)->16119K(16256K) Class: 2662K(2752K)->2662K(2752K)
[295.347s][info][gc             ] GC(961) Pause Young (Allocation Failure) 659M->588M(869M) 83.522ms
[295.347s][info][gc,cpu         ] GC(961) User=0.15s Sys=0.00s Real=0.08s
[295.475s][info][gc,start       ] GC(962) Pause Young (Allocation Failure)
[295.540s][info][gc,heap        ] GC(962) PSYoungGen: 178464K(222720K)->16352K(222720K) Eden: 111616K(111616K)->0K(111616K) From: 66848K(111104K)->16352K(111104K)
[295.540s][info][gc,heap        ] GC(962) ParOldGen: 535640K(667648K)->602960K(667648K)
[295.540s][info][gc,metaspace   ] GC(962) Metaspace: 18782K(19008K)->18782K(19008K) NonClass: 16119K(16256K)->16119K(16256K) Class: 2662K(2752K)->2662K(2752K)
[295.540s][info][gc             ] GC(962) Pause Young (Allocation Failure) 697M->604M(869M) 64.814ms
[295.540s][info][gc,cpu         ] GC(962) User=0.13s Sys=0.00s Real=0.06s
[295.656s][info][gc,start       ] GC(963) Pause Full (Allocation Failure)
[295.657s][info][gc,phases,start] GC(963) Marking Phase
[295.888s][info][gc,phases      ] GC(963) Marking Phase 231.137ms
[295.888s][info][gc,phases,start] GC(963) Summary Phase
[295.888s][info][gc,phases      ] GC(963) Summary Phase 0.026ms
[295.888s][info][gc,phases,start] GC(963) Forward
[295.979s][info][gc,phases      ] GC(963) Forward 91.391ms
[295.979s][info][gc,phases,start] GC(963) Adjust Pointers
[296.166s][info][gc,phases      ] GC(963) Adjust Pointers 186.663ms
[296.166s][info][gc,phases,start] GC(963) Compaction Phase
[296.279s][info][gc,phases      ] GC(963) Compaction Phase 113.183ms
[296.285s][info][gc,phases,start] GC(963) Post Compact
[296.287s][info][gc,phases      ] GC(963) Post Compact 2.123ms
[296.287s][info][gc,heap        ] GC(963) PSYoungGen: 127968K(222720K)->0K(222720K) Eden: 111616K(111616K)->0K(111616K) From: 16352K(111104K)->0K(111104K)
[296.287s][info][gc,heap        ] GC(963) ParOldGen: 602960K(667648K)->375941K(667648K)
[296.287s][info][gc,metaspace   ] GC(963) Metaspace: 18782K(19008K)->18782K(19008K) NonClass: 16119K(16256K)->16119K(16256K) Class: 2662K(2752K)->2662K(2752K)
[296.287s][info][gc             ] GC(963) Pause Full (Allocation Failure) 713M->367M(869M) 630.538ms
[296.287s][info][gc,cpu         ] GC(963) User=1.18s Sys=0.00s Real=0.63s
[296.403s][info][gc,start       ] GC(964) Pause Young (Allocation Failure)
[296.404s][info][gc,heap        ] GC(964) PSYoungGen: 111616K(222720K)->128K(222720K) Eden: 111616K(111616K)->0K(111616K) From: 0K(111104K)->128K(111104K)
[296.404s][info][gc,heap        ] GC(964) ParOldGen: 375941K(667648K)->375941K(667648K)
[296.404s][info][gc,metaspace   ] GC(964) Metaspace: 18782K(19008K)->18782K(19008K) NonClass: 16119K(16256K)->16119K(16256K) Class: 2662K(2752K)->2662K(2752K)
[296.404s][info][gc             ] GC(964) Pause Young (Allocation Failure) 476M->367M(869M) 1.710ms
[296.404s][info][gc,cpu         ] GC(964) User=0.00s Sys=0.00s Real=0.00s
[296.518s][info][gc,start       ] GC(965) Pause Young (Allocation Failure)
[296.519s][info][gc,heap        ] GC(965) PSYoungGen: 111744K(222720K)->128K(222720K) Eden: 111616K(111616K)->0K(111616K) From: 128K(111104K)->128K(111104K)
[296.519s][info][gc,heap        ] GC(965) ParOldGen: 375941K(667648K)->376053K(667648K)
[296.519s][info][gc,metaspace   ] GC(965) Metaspace: 18782K(19008K)->18782K(19008K) NonClass: 16119K(16256K)->16119K(16256K) Class: 2662K(2752K)->2662K(2752K)
[296.519s][info][gc             ] GC(965) Pause Young (Allocation Failure) 476M->367M(869M) 1.881ms
[296.520s][info][gc,cpu         ] GC(965) User=0.00s Sys=0.00s Real=0.00s
[296.633s][info][gc,start       ] GC(966) Pause Young (Allocation Failure)
[296.635s][info][gc,heap        ] GC(966) PSYoungGen: 111744K(222720K)->128K(220672K) Eden: 111616K(111616K)->0K(111616K) From: 128K(111104K)->128K(109056K)
[296.635s][info][gc,heap        ] GC(966) ParOldGen: 376053K(667648K)->376173K(667648K)
[296.635s][info][gc,metaspace   ] GC(966) Metaspace: 18782K(19008K)->18782K(19008K) NonClass: 16119K(16256K)->16119K(16256K) Class: 2662K(2752K)->2662K(2752K)
[296.635s][info][gc             ] GC(966) Pause Young (Allocation Failure) 476M->367M(867M) 1.772ms
[296.635s][info][gc,cpu         ] GC(966) User=0.01s Sys=0.00s Real=0.00s
[296.749s][info][gc,start       ] GC(967) Pause Young (Allocation Failure)
[296.751s][info][gc,heap        ] GC(967) PSYoungGen: 111744K(220672K)->160K(221696K) Eden: 111616K(111616K)->0K(111616K) From: 128K(109056K)->160K(110080K)
[296.751s][info][gc,heap        ] GC(967) ParOldGen: 376173K(667648K)->376173K(667648K)
[296.751s][info][gc,metaspace   ] GC(967) Metaspace: 18782K(19008K)->18782K(19008K) NonClass: 16119K(16256K)->16119K(16256K) Class: 2662K(2752K)->2662K(2752K)
[296.751s][info][gc             ] GC(967) Pause Young (Allocation Failure) 476M->367M(868M) 1.777ms
[296.751s][info][gc,cpu         ] GC(967) User=0.01s Sys=0.00s Real=0.01s
[296.861s][info][gc,start       ] GC(968) Pause Young (Allocation Failure)
[296.863s][info][gc,heap        ] GC(968) PSYoungGen: 111776K(221696K)->256K(216064K) Eden: 111616K(111616K)->0K(115200K) From: 160K(110080K)->256K(100864K)
[296.863s][info][gc,heap        ] GC(968) ParOldGen: 376173K(667648K)->376173K(667648K)
[296.863s][info][gc,metaspace   ] GC(968) Metaspace: 18782K(19008K)->18782K(19008K) NonClass: 16119K(16256K)->16119K(16256K) Class: 2662K(2752K)->2662K(2752K)
[296.863s][info][gc             ] GC(968) Pause Young (Allocation Failure) 476M->367M(863M) 1.860ms
[296.863s][info][gc,cpu         ] GC(968) User=0.00s Sys=0.00s Real=0.00s
[296.978s][info][gc,start       ] GC(969) Pause Young (Allocation Failure)
[296.980s][info][gc,heap        ] GC(969) PSYoungGen: 115456K(216064K)->352K(115712K) Eden: 115200K(115200K)->0K(115200K) From: 256K(100864K)->352K(512K)
[296.980s][info][gc,heap        ] GC(969) ParOldGen: 376173K(667648K)->376173K(667648K)
[296.980s][info][gc,metaspace   ] GC(969) Metaspace: 18782K(19008K)->18782K(19008K) NonClass: 16119K(16256K)->16119K(16256K) Class: 2662K(2752K)->2662K(2752K)
[296.980s][info][gc             ] GC(969) Pause Young (Allocation Failure) 480M->367M(765M) 1.946ms
[296.980s][info][gc,cpu         ] GC(969) User=0.00s Sys=0.00s Real=0.00s
[297.093s][info][gc,start       ] GC(970) Pause Young (Allocation Failure)
[297.095s][info][gc,heap        ] GC(970) PSYoungGen: 115552K(115712K)->416K(209408K) Eden: 115200K(115200K)->0K(117760K) From: 352K(512K)->416K(91648K)
[297.095s][info][gc,heap        ] GC(970) ParOldGen: 376173K(667648K)->376173K(667648K)
[297.095s][info][gc,metaspace   ] GC(970) Metaspace: 18782K(19008K)->18782K(19008K) NonClass: 16119K(16256K)->16119K(16256K) Class: 2662K(2752K)->2662K(2752K)
[297.095s][info][gc             ] GC(970) Pause Young (Allocation Failure) 480M->367M(856M) 2.364ms
[297.095s][info][gc,cpu         ] GC(970) User=0.01s Sys=0.00s Real=0.00s
[297.227s][info][gc,start       ] GC(971) Pause Young (Allocation Failure)
[297.235s][info][gc,heap        ] GC(971) PSYoungGen: 118176K(209408K)->3040K(120832K) Eden: 117760K(117760K)->0K(117760K) From: 416K(91648K)->3040K(3072K)
[297.235s][info][gc,heap        ] GC(971) ParOldGen: 376173K(667648K)->376173K(667648K)
[297.235s][info][gc,metaspace   ] GC(971) Metaspace: 18782K(19008K)->18782K(19008K) NonClass: 16119K(16256K)->16119K(16256K) Class: 2662K(2752K)->2662K(2752K)
[297.235s][info][gc             ] GC(971) Pause Young (Allocation Failure) 482M->370M(770M) 7.676ms
[297.235s][info][gc,cpu         ] GC(971) User=0.01s Sys=0.01s Real=0.01s
[297.361s][info][gc,start       ] GC(972) Pause Young (Allocation Failure)
[297.391s][info][gc,heap        ] GC(972) PSYoungGen: 120800K(120832K)->14680K(200704K) Eden: 117760K(117760K)->0K(121344K) From: 3040K(3072K)->14680K(79360K)
[297.391s][info][gc,heap        ] GC(972) ParOldGen: 376173K(667648K)->376173K(667648K)
[297.391s][info][gc,metaspace   ] GC(972) Metaspace: 18782K(19008K)->18782K(19008K) NonClass: 16119K(16256K)->16119K(16256K) Class: 2662K(2752K)->2662K(2752K)
[297.391s][info][gc             ] GC(972) Pause Young (Allocation Failure) 485M->381M(848M) 29.881ms
[297.391s][info][gc,cpu         ] GC(972) User=0.06s Sys=0.00s Real=0.03s
[297.543s][info][gc,start       ] GC(973) Pause Young (Allocation Failure)
[297.575s][info][gc,heap        ] GC(973) PSYoungGen: 136024K(200704K)->19362K(140800K) Eden: 121344K(121344K)->0K(121344K) From: 14680K(79360K)->19362K(19456K)
[297.575s][info][gc,heap        ] GC(973) ParOldGen: 376173K(667648K)->376173K(667648K)
[297.575s][info][gc,metaspace   ] GC(973) Metaspace: 18782K(19008K)->18782K(19008K) NonClass: 16119K(16256K)->16119K(16256K) Class: 2662K(2752K)->2662K(2752K)
[297.575s][info][gc             ] GC(973) Pause Young (Allocation Failure) 500M->386M(789M) 32.436ms
[297.575s][info][gc,cpu         ] GC(973) User=0.07s Sys=0.00s Real=0.03s
[297.729s][info][gc,start       ] GC(974) Pause Young (Allocation Failure)
[297.761s][info][gc,heap        ] GC(974) PSYoungGen: 140706K(140800K)->19362K(194560K) Eden: 121344K(121344K)->0K(126464K) From: 19362K(19456K)->19362K(68096K)
[297.761s][info][gc,heap        ] GC(974) ParOldGen: 376173K(667648K)->376173K(667648K)
[297.761s][info][gc,metaspace   ] GC(974) Metaspace: 18782K(19008K)->18782K(19008K) NonClass: 16119K(16256K)->16119K(16256K) Class: 2662K(2752K)->2662K(2752K)
[297.761s][info][gc             ] GC(974) Pause Young (Allocation Failure) 504M->386M(842M) 32.151ms
[297.761s][info][gc,cpu         ] GC(974) User=0.06s Sys=0.00s Real=0.04s
[297.921s][info][gc,start       ] GC(975) Pause Young (Allocation Failure)
[297.952s][info][gc,heap        ] GC(975) PSYoungGen: 145826K(194560K)->19352K(199680K) Eden: 126464K(126464K)->0K(126464K) From: 19362K(68096K)->19352K(73216K)
[297.953s][info][gc,heap        ] GC(975) ParOldGen: 376173K(667648K)->376173K(667648K)
[297.953s][info][gc,metaspace   ] GC(975) Metaspace: 18782K(19008K)->18782K(19008K) NonClass: 16119K(16256K)->16119K(16256K) Class: 2662K(2752K)->2662K(2752K)
[297.953s][info][gc             ] GC(975) Pause Young (Allocation Failure) 509M->386M(847M) 31.823ms
[297.953s][info][gc,cpu         ] GC(975) User=0.06s Sys=0.00s Real=0.03s
[298.102s][info][gc,start       ] GC(976) Pause Young (Allocation Failure)
[298.142s][info][gc,heap        ] GC(976) PSYoungGen: 145816K(199680K)->26882K(197120K) Eden: 126464K(126464K)->0K(132608K) From: 19352K(73216K)->26882K(64512K)
[298.142s][info][gc,heap        ] GC(976) ParOldGen: 376173K(667648K)->376173K(667648K)
[298.142s][info][gc,metaspace   ] GC(976) Metaspace: 18782K(19008K)->18782K(19008K) NonClass: 16119K(16256K)->16119K(16256K) Class: 2662K(2752K)->2662K(2752K)
[298.142s][info][gc             ] GC(976) Pause Young (Allocation Failure) 509M->393M(844M) 39.618ms
[298.142s][info][gc,cpu         ] GC(976) User=0.08s Sys=0.00s Real=0.04s
[298.268s][info][gc,start       ] GC(977) Pause Young (Allocation Failure)
[298.322s][info][gc,heap        ] GC(977) PSYoungGen: 159490K(197120K)->41624K(198656K) Eden: 132608K(132608K)->0K(132608K) From: 26882K(64512K)->41624K(66048K)
[298.322s][info][gc,heap        ] GC(977) ParOldGen: 376173K(667648K)->376173K(667648K)
[298.322s][info][gc,metaspace   ] GC(977) Metaspace: 18782K(19008K)->18782K(19008K) NonClass: 16119K(16256K)->16119K(16256K) Class: 2662K(2752K)->2662K(2752K)
[298.322s][info][gc             ] GC(977) Pause Young (Allocation Failure) 523M->408M(846M) 53.644ms
[298.322s][info][gc,cpu         ] GC(977) User=0.10s Sys=0.00s Real=0.06s
[298.436s][info][gc,start       ] GC(978) Pause Young (Allocation Failure)
[298.501s][info][gc,heap        ] GC(978) PSYoungGen: 174232K(198656K)->54712K(201728K) Eden: 132608K(132608K)->0K(132096K) From: 41624K(66048K)->54712K(69632K)
[298.501s][info][gc,heap        ] GC(978) ParOldGen: 376173K(667648K)->376173K(667648K)
[298.501s][info][gc,metaspace   ] GC(978) Metaspace: 18782K(19008K)->18782K(19008K) NonClass: 16119K(16256K)->16119K(16256K) Class: 2662K(2752K)->2662K(2752K)
[298.501s][info][gc             ] GC(978) Pause Young (Allocation Failure) 537M->420M(849M) 65.524ms
[298.501s][info][gc,cpu         ] GC(978) User=0.13s Sys=0.00s Real=0.07s
[298.607s][info][gc,start       ] GC(979) Pause Young (Allocation Failure)
[298.672s][info][gc,heap        ] GC(979) PSYoungGen: 186808K(201728K)->56098K(209408K) Eden: 132096K(132096K)->0K(132096K) From: 54712K(69632K)->56098K(77312K)
[298.672s][info][gc,heap        ] GC(979) ParOldGen: 376173K(667648K)->376173K(667648K)
[298.672s][info][gc,metaspace   ] GC(979) Metaspace: 18782K(19008K)->18782K(19008K) NonClass: 16119K(16256K)->16119K(16256K) Class: 2662K(2752K)->2662K(2752K)
[298.673s][info][gc             ] GC(979) Pause Young (Allocation Failure) 549M->422M(856M) 65.814ms
[298.673s][info][gc,cpu         ] GC(979) User=0.13s Sys=0.00s Real=0.07s
[298.798s][info][gc,start       ] GC(980) Pause Young (Allocation Failure)
[298.875s][info][gc,heap        ] GC(980) PSYoungGen: 188194K(209408K)->59554K(218624K) Eden: 132096K(132096K)->0K(135168K) From: 56098K(77312K)->59554K(83456K)
[298.875s][info][gc,heap        ] GC(980) ParOldGen: 376173K(667648K)->376173K(667648K)
[298.875s][info][gc,metaspace   ] GC(980) Metaspace: 18782K(19008K)->18782K(19008K) NonClass: 16119K(16256K)->16119K(16256K) Class: 2662K(2752K)->2662K(2752K)
[298.875s][info][gc             ] GC(980) Pause Young (Allocation Failure) 551M->425M(865M) 77.343ms
[298.875s][info][gc,cpu         ] GC(980) User=0.14s Sys=0.02s Real=0.08s
[298.993s][info][gc,start       ] GC(981) Pause Young (Allocation Failure)
[299.061s][info][gc,heap        ] GC(981) PSYoungGen: 194722K(218624K)->59544K(224768K) Eden: 135168K(135168K)->0K(135168K) From: 59554K(83456K)->59544K(89600K)
[299.061s][info][gc,heap        ] GC(981) ParOldGen: 376173K(667648K)->376253K(667648K)
[299.061s][info][gc,metaspace   ] GC(981) Metaspace: 18782K(19008K)->18782K(19008K) NonClass: 16119K(16256K)->16119K(16256K) Class: 2662K(2752K)->2662K(2752K)
[299.061s][info][gc             ] GC(981) Pause Young (Allocation Failure) 557M->425M(871M) 68.351ms
[299.061s][info][gc,cpu         ] GC(981) User=0.14s Sys=0.00s Real=0.07s
[299.192s][info][gc,start       ] GC(982) Pause Young (Allocation Failure)
[299.283s][info][gc,heap        ] GC(982) PSYoungGen: 194712K(224768K)->68088K(226304K) Eden: 135168K(135168K)->0K(132096K) From: 59544K(89600K)->68088K(94208K)
[299.283s][info][gc,heap        ] GC(982) ParOldGen: 376253K(667648K)->376325K(667648K)
[299.283s][info][gc,metaspace   ] GC(982) Metaspace: 18782K(19008K)->18782K(19008K) NonClass: 16119K(16256K)->16119K(16256K) Class: 2662K(2752K)->2662K(2752K)
[299.283s][info][gc             ] GC(982) Pause Young (Allocation Failure) 557M->433M(873M) 91.230ms
[299.283s][info][gc,cpu         ] GC(982) User=0.15s Sys=0.02s Real=0.09s
[299.393s][info][gc,start       ] GC(983) Pause Young (Allocation Failure)
[299.497s][info][gc,heap        ] GC(983) PSYoungGen: 200184K(226304K)->95506K(227840K) Eden: 132096K(132096K)->0K(132096K) From: 68088K(94208K)->95506K(95744K)
[299.497s][info][gc,heap        ] GC(983) ParOldGen: 376325K(667648K)->376429K(667648K)
[299.497s][info][gc,metaspace   ] GC(983) Metaspace: 18782K(19008K)->18782K(19008K) NonClass: 16119K(16256K)->16119K(16256K) Class: 2662K(2752K)->2662K(2752K)
[299.497s][info][gc             ] GC(983) Pause Young (Allocation Failure) 562M->460M(874M) 104.231ms
[299.497s][info][gc,cpu         ] GC(983) User=0.20s Sys=0.00s Real=0.10s
[299.647s][info][gc,start       ] GC(984) Pause Young (Allocation Failure)
[299.786s][info][gc,heap        ] GC(984) PSYoungGen: 227602K(227840K)->105976K(217600K) Eden: 132096K(132096K)->0K(111616K) From: 95506K(95744K)->105976K(105984K)
[299.786s][info][gc,heap        ] GC(984) ParOldGen: 376429K(667648K)->387213K(667648K)
[299.786s][info][gc,metaspace   ] GC(984) Metaspace: 18782K(19008K)->18782K(19008K) NonClass: 16119K(16256K)->16119K(16256K) Class: 2662K(2752K)->2662K(2752K)
[299.786s][info][gc             ] GC(984) Pause Young (Allocation Failure) 589M->481M(864M) 138.633ms
[299.786s][info][gc,cpu         ] GC(984) User=0.25s Sys=0.03s Real=0.14s
[299.897s][info][gc,start       ] GC(985) Pause Young (Allocation Failure)
[300.021s][info][gc,heap        ] GC(985) PSYoungGen: 217592K(217600K)->102272K(222720K) Eden: 111616K(111616K)->0K(111616K) From: 105976K(105984K)->102272K(111104K)
[300.021s][info][gc,heap        ] GC(985) ParOldGen: 387213K(667648K)->398718K(667648K)
[300.021s][info][gc,metaspace   ] GC(985) Metaspace: 18782K(19008K)->18782K(19008K) NonClass: 16119K(16256K)->16119K(16256K) Class: 2662K(2752K)->2662K(2752K)
[300.021s][info][gc             ] GC(985) Pause Young (Allocation Failure) 590M->489M(869M) 124.182ms
[300.021s][info][gc,cpu         ] GC(985) User=0.25s Sys=0.00s Real=0.13s
[300.163s][info][gc,start       ] GC(986) Pause Young (Allocation Failure)
[300.261s][info][gc,heap        ] GC(986) PSYoungGen: 213888K(222720K)->101920K(222720K) Eden: 111616K(111616K)->0K(111616K) From: 102272K(111104K)->101920K(111104K)
[300.261s][info][gc,heap        ] GC(986) ParOldGen: 398718K(667648K)->400950K(667648K)
[300.261s][info][gc,metaspace   ] GC(986) Metaspace: 18782K(19008K)->18782K(19008K) NonClass: 16119K(16256K)->16119K(16256K) Class: 2662K(2752K)->2662K(2752K)
[300.261s][info][gc             ] GC(986) Pause Young (Allocation Failure) 598M->491M(869M) 98.587ms
[300.261s][info][gc,cpu         ] GC(986) User=0.20s Sys=0.00s Real=0.10s
[300.376s][info][gc,start       ] GC(987) Pause Young (Allocation Failure)
[300.475s][info][gc,heap        ] GC(987) PSYoungGen: 213536K(222720K)->98640K(222720K) Eden: 111616K(111616K)->0K(111616K) From: 101920K(111104K)->98640K(111104K)
[300.475s][info][gc,heap        ] GC(987) ParOldGen: 400950K(667648K)->408470K(667648K)
[300.475s][info][gc,metaspace   ] GC(987) Metaspace: 18782K(19008K)->18782K(19008K) NonClass: 16119K(16256K)->16119K(16256K) Class: 2662K(2752K)->2662K(2752K)
[300.475s][info][gc             ] GC(987) Pause Young (Allocation Failure) 600M->495M(869M) 98.969ms
[300.475s][info][gc,cpu         ] GC(987) User=0.20s Sys=0.00s Real=0.10s
[300.581s][info][gc,start       ] GC(988) Pause Young (Allocation Failure)
[300.673s][info][gc,heap        ] GC(988) PSYoungGen: 210256K(222720K)->70928K(222720K) Eden: 111616K(111616K)->0K(111616K) From: 98640K(111104K)->70928K(111104K)
[300.673s][info][gc,heap        ] GC(988) ParOldGen: 408470K(667648K)->436358K(667648K)
[300.673s][info][gc,metaspace   ] GC(988) Metaspace: 18782K(19008K)->18782K(19008K) NonClass: 16119K(16256K)->16119K(16256K) Class: 2662K(2752K)->2662K(2752K)
[300.673s][info][gc             ] GC(988) Pause Young (Allocation Failure) 604M->495M(869M) 92.049ms
[300.674s][info][gc,cpu         ] GC(988) User=0.18s Sys=0.00s Real=0.09s
[300.777s][info][gc,start       ] GC(989) Pause Young (Allocation Failure)
[300.844s][info][gc,heap        ] GC(989) PSYoungGen: 182544K(222720K)->66080K(222720K) Eden: 111616K(111616K)->0K(111616K) From: 70928K(111104K)->66080K(111104K)
[300.844s][info][gc,heap        ] GC(989) ParOldGen: 436358K(667648K)->441238K(667648K)
[300.844s][info][gc,metaspace   ] GC(989) Metaspace: 18782K(19008K)->18782K(19008K) NonClass: 16119K(16256K)->16119K(16256K) Class: 2662K(2752K)->2662K(2752K)
[300.844s][info][gc             ] GC(989) Pause Young (Allocation Failure) 604M->495M(869M) 67.319ms
[300.844s][info][gc,cpu         ] GC(989) User=0.13s Sys=0.00s Real=0.07s
[300.992s][info][gc,start       ] GC(990) Pause Young (Allocation Failure)
[301.066s][info][gc,heap        ] GC(990) PSYoungGen: 177696K(222720K)->70144K(222720K) Eden: 111616K(111616K)->0K(111616K) From: 66080K(111104K)->70144K(111104K)
[301.066s][info][gc,heap        ] GC(990) ParOldGen: 441238K(667648K)->449918K(667648K)
[301.066s][info][gc,metaspace   ] GC(990) Metaspace: 18782K(19008K)->18782K(19008K) NonClass: 16119K(16256K)->16119K(16256K) Class: 2662K(2752K)->2662K(2752K)
[301.066s][info][gc             ] GC(990) Pause Young (Allocation Failure) 604M->507M(869M) 74.337ms
[301.066s][info][gc,cpu         ] GC(990) User=0.15s Sys=0.00s Real=0.07s
[301.261s][info][gc,start       ] GC(991) Pause Young (Allocation Failure)
[301.330s][info][gc,heap        ] GC(991) PSYoungGen: 181760K(222720K)->29312K(222720K) Eden: 111616K(111616K)->0K(111616K) From: 70144K(111104K)->29312K(111104K)
[301.330s][info][gc,heap        ] GC(991) ParOldGen: 449918K(667648K)->493487K(667648K)
[301.330s][info][gc,metaspace   ] GC(991) Metaspace: 18782K(19008K)->18782K(19008K) NonClass: 16119K(16256K)->16119K(16256K) Class: 2662K(2752K)->2662K(2752K)
[301.330s][info][gc             ] GC(991) Pause Young (Allocation Failure) 616M->510M(869M) 69.346ms
[301.330s][info][gc,cpu         ] GC(991) User=0.14s Sys=0.00s Real=0.06s
[301.648s][info][gc,start       ] GC(992) Pause Young (Allocation Failure)
[301.679s][info][gc,heap        ] GC(992) PSYoungGen: 140928K(222720K)->19872K(222720K) Eden: 111616K(111616K)->0K(111616K) From: 29312K(111104K)->19872K(111104K)
[301.679s][info][gc,heap        ] GC(992) ParOldGen: 493487K(667648K)->503111K(667648K)
[301.679s][info][gc,metaspace   ] GC(992) Metaspace: 18782K(19008K)->18782K(19008K) NonClass: 16119K(16256K)->16119K(16256K) Class: 2662K(2752K)->2662K(2752K)
[301.679s][info][gc             ] GC(992) Pause Young (Allocation Failure) 619M->510M(869M) 30.909ms
[301.679s][info][gc,cpu         ] GC(992) User=0.06s Sys=0.00s Real=0.03s
[301.936s][info][gc,start       ] GC(993) Pause Young (Allocation Failure)
[301.957s][info][gc,heap        ] GC(993) PSYoungGen: 131488K(222720K)->15600K(222720K) Eden: 111616K(111616K)->0K(111616K) From: 19872K(111104K)->15600K(111104K)
[301.957s][info][gc,heap        ] GC(993) ParOldGen: 503111K(667648K)->507447K(667648K)
[301.957s][info][gc,metaspace   ] GC(993) Metaspace: 18782K(19008K)->18782K(19008K) NonClass: 16119K(16256K)->16119K(16256K) Class: 2662K(2752K)->2662K(2752K)
[301.957s][info][gc             ] GC(993) Pause Young (Allocation Failure) 619M->510M(869M) 21.442ms
[301.957s][info][gc,cpu         ] GC(993) User=0.04s Sys=0.00s Real=0.02s
[302.187s][info][gc,start       ] GC(994) Pause Young (Allocation Failure)
[302.204s][info][gc,heap        ] GC(994) PSYoungGen: 127216K(222720K)->2912K(222720K) Eden: 111616K(111616K)->0K(111616K) From: 15600K(111104K)->2912K(111104K)
[302.204s][info][gc,heap        ] GC(994) ParOldGen: 507447K(667648K)->520175K(667648K)
[302.204s][info][gc,metaspace   ] GC(994) Metaspace: 18782K(19008K)->18782K(19008K) NonClass: 16120K(16256K)->16120K(16256K) Class: 2662K(2752K)->2662K(2752K)
[302.204s][info][gc             ] GC(994) Pause Young (Allocation Failure) 619M->510M(869M) 17.052ms
[302.204s][info][gc,cpu         ] GC(994) User=0.03s Sys=0.00s Real=0.02s
[302.419s][info][gc,start       ] GC(995) Pause Young (Allocation Failure)
[302.425s][info][gc,heap        ] GC(995) PSYoungGen: 114528K(222720K)->240K(222720K) Eden: 111616K(111616K)->0K(111616K) From: 2912K(111104K)->240K(111104K)
[302.425s][info][gc,heap        ] GC(995) ParOldGen: 520175K(667648K)->522879K(667648K)
[302.425s][info][gc,metaspace   ] GC(995) Metaspace: 18782K(19008K)->18782K(19008K) NonClass: 16120K(16256K)->16120K(16256K) Class: 2662K(2752K)->2662K(2752K)
[302.425s][info][gc             ] GC(995) Pause Young (Allocation Failure) 619M->510M(869M) 5.363ms
[302.425s][info][gc,cpu         ] GC(995) User=0.01s Sys=0.00s Real=0.01s
[302.676s][info][gc,start       ] GC(996) Pause Young (Allocation Failure)
[302.679s][info][gc,heap        ] GC(996) PSYoungGen: 111856K(222720K)->96K(222720K) Eden: 111616K(111616K)->0K(111616K) From: 240K(111104K)->96K(111104K)
[302.679s][info][gc,heap        ] GC(996) ParOldGen: 522879K(667648K)->523079K(667648K)
[302.679s][info][gc,metaspace   ] GC(996) Metaspace: 18782K(19008K)->18782K(19008K) NonClass: 16120K(16256K)->16120K(16256K) Class: 2662K(2752K)->2662K(2752K)
[302.679s][info][gc             ] GC(996) Pause Young (Allocation Failure) 619M->510M(869M) 2.836ms
[302.679s][info][gc,cpu         ] GC(996) User=0.01s Sys=0.00s Real=0.00s
[302.876s][info][gc,start       ] GC(997) Pause Young (Allocation Failure)
[302.892s][info][gc,heap        ] GC(997) PSYoungGen: 111712K(222720K)->18288K(222720K) Eden: 111616K(111616K)->0K(111616K) From: 96K(111104K)->18288K(111104K)
[302.892s][info][gc,heap        ] GC(997) ParOldGen: 523079K(667648K)->523159K(667648K)
[302.892s][info][gc,metaspace   ] GC(997) Metaspace: 18782K(19008K)->18782K(19008K) NonClass: 16120K(16256K)->16120K(16256K) Class: 2662K(2752K)->2662K(2752K)
[302.892s][info][gc             ] GC(997) Pause Young (Allocation Failure) 619M->528M(869M) 16.507ms
[302.892s][info][gc,cpu         ] GC(997) User=0.04s Sys=0.00s Real=0.02s
[302.952s][info][gc,start       ] GC(998) Pause Young (Allocation Failure)
[302.995s][info][gc,heap        ] GC(998) PSYoungGen: 129904K(222720K)->40512K(222720K) Eden: 111616K(111616K)->0K(111616K) From: 18288K(111104K)->40512K(111104K)
[302.995s][info][gc,heap        ] GC(998) ParOldGen: 523159K(667648K)->541608K(667648K)
[302.995s][info][gc,metaspace   ] GC(998) Metaspace: 18782K(19008K)->18782K(19008K) NonClass: 16120K(16256K)->16120K(16256K) Class: 2662K(2752K)->2662K(2752K)
[302.995s][info][gc             ] GC(998) Pause Young (Allocation Failure) 637M->568M(869M) 43.284ms
[302.995s][info][gc,cpu         ] GC(998) User=0.09s Sys=0.00s Real=0.04s
[303.051s][info][gc,start       ] GC(999) Pause Young (Allocation Failure)
[303.103s][info][gc,heap        ] GC(999) PSYoungGen: 152128K(222720K)->40128K(222720K) Eden: 111616K(111616K)->0K(111616K) From: 40512K(111104K)->40128K(111104K)
[303.103s][info][gc,heap        ] GC(999) ParOldGen: 541608K(667648K)->582576K(667648K)
[303.103s][info][gc,metaspace   ] GC(999) Metaspace: 18782K(19008K)->18782K(19008K) NonClass: 16120K(16256K)->16120K(16256K) Class: 2662K(2752K)->2662K(2752K)
[303.103s][info][gc             ] GC(999) Pause Young (Allocation Failure) 677M->608M(869M) 52.578ms
[303.103s][info][gc,cpu         ] GC(999) User=0.10s Sys=0.00s Real=0.05s
[303.163s][info][gc,start       ] GC(1000) Pause Young (Allocation Failure)
[303.215s][info][gc,heap        ] GC(1000) PSYoungGen: 151744K(222720K)->38368K(212480K) Eden: 111616K(111616K)->0K(111616K) From: 40128K(111104K)->38368K(100864K)
[303.215s][info][gc,heap        ] GC(1000) ParOldGen: 582576K(667648K)->623112K(667648K)
[303.215s][info][gc,metaspace   ] GC(1000) Metaspace: 18782K(19008K)->18782K(19008K) NonClass: 16120K(16256K)->16120K(16256K) Class: 2662K(2752K)->2662K(2752K)
[303.215s][info][gc             ] GC(1000) Pause Young (Allocation Failure) 717M->645M(859M) 52.045ms
[303.215s][info][gc,cpu         ] GC(1000) User=0.10s Sys=0.00s Real=0.05s
[303.330s][info][gc,start       ] GC(1001) Pause Full (Allocation Failure)
[303.330s][info][gc,phases,start] GC(1001) Marking Phase
[303.683s][info][gc,phases      ] GC(1001) Marking Phase 353.591ms
[303.683s][info][gc,phases,start] GC(1001) Summary Phase
[303.683s][info][gc,phases      ] GC(1001) Summary Phase 0.026ms
[303.683s][info][gc,phases,start] GC(1001) Forward
[303.824s][info][gc,phases      ] GC(1001) Forward 141.079ms
[303.825s][info][gc,phases,start] GC(1001) Adjust Pointers
[304.090s][info][gc,phases      ] GC(1001) Adjust Pointers 265.828ms
[304.090s][info][gc,phases,start] GC(1001) Compaction Phase
[304.255s][info][gc,phases      ] GC(1001) Compaction Phase 165.041ms
[304.265s][info][gc,phases,start] GC(1001) Post Compact
[304.268s][info][gc,phases      ] GC(1001) Post Compact 2.223ms
[304.268s][info][gc,heap        ] GC(1001) PSYoungGen: 149984K(212480K)->0K(217600K) Eden: 111616K(111616K)->0K(111616K) From: 38368K(100864K)->0K(105984K)
[304.268s][info][gc,heap        ] GC(1001) ParOldGen: 623112K(667648K)->552393K(667648K)
[304.268s][info][gc,metaspace   ] GC(1001) Metaspace: 18782K(19008K)->18782K(19008K) NonClass: 16120K(16256K)->16120K(16256K) Class: 2662K(2752K)->2662K(2752K)
[304.268s][info][gc             ] GC(1001) Pause Full (Allocation Failure) 754M->539M(864M) 938.016ms
[304.268s][info][gc,cpu         ] GC(1001) User=1.76s Sys=0.00s Real=0.94s
[304.468s][info][gc,start       ] GC(1002) Pause Young (Allocation Failure)
[304.496s][info][gc,heap        ] GC(1002) PSYoungGen: 111616K(217600K)->20352K(216064K) Eden: 111616K(111616K)->0K(119808K) From: 0K(105984K)->20352K(96256K)
[304.496s][info][gc,heap        ] GC(1002) ParOldGen: 552393K(667648K)->552393K(667648K)
[304.496s][info][gc,metaspace   ] GC(1002) Metaspace: 18782K(19008K)->18782K(19008K) NonClass: 16120K(16256K)->16120K(16256K) Class: 2662K(2752K)->2662K(2752K)
[304.496s][info][gc             ] GC(1002) Pause Young (Allocation Failure) 648M->559M(863M) 27.813ms
[304.496s][info][gc,cpu         ] GC(1002) User=0.06s Sys=0.00s Real=0.03s
[304.657s][info][gc,start       ] GC(1003) Pause Young (Allocation Failure)
[304.698s][info][gc,heap        ] GC(1003) PSYoungGen: 140160K(216064K)->32480K(221696K) Eden: 119808K(119808K)->0K(119808K) From: 20352K(96256K)->32480K(101888K)
[304.698s][info][gc,heap        ] GC(1003) ParOldGen: 552393K(667648K)->552393K(667648K)
[304.698s][info][gc,metaspace   ] GC(1003) Metaspace: 18782K(19008K)->18782K(19008K) NonClass: 16120K(16256K)->16120K(16256K) Class: 2662K(2752K)->2662K(2752K)
[304.698s][info][gc             ] GC(1003) Pause Young (Allocation Failure) 676M->571M(868M) 41.495ms
[304.698s][info][gc,cpu         ] GC(1003) User=0.08s Sys=0.00s Real=0.04s
[304.813s][info][gc,start       ] GC(1004) Pause Young (Allocation Failure)
[304.868s][info][gc,heap        ] GC(1004) PSYoungGen: 152288K(221696K)->34336K(214016K) Eden: 119808K(119808K)->0K(129024K) From: 32480K(101888K)->34336K(84992K)
[304.868s][info][gc,heap        ] GC(1004) ParOldGen: 552393K(667648K)->552393K(667648K)
[304.868s][info][gc,metaspace   ] GC(1004) Metaspace: 18782K(19008K)->18782K(19008K) NonClass: 16120K(16256K)->16120K(16256K) Class: 2662K(2752K)->2662K(2752K)
[304.868s][info][gc             ] GC(1004) Pause Young (Allocation Failure) 688M->572M(861M) 54.819ms
[304.868s][info][gc,cpu         ] GC(1004) User=0.10s Sys=0.00s Real=0.05s
[305.046s][info][gc,start       ] GC(1005) Pause Young (Allocation Failure)
[305.149s][info][gc,heap        ] GC(1005) PSYoungGen: 163360K(214016K)->61207K(219136K) Eden: 129024K(129024K)->0K(129024K) From: 34336K(84992K)->61207K(90112K)
[305.149s][info][gc,heap        ] GC(1005) ParOldGen: 552393K(667648K)->552393K(667648K)
[305.149s][info][gc,metaspace   ] GC(1005) Metaspace: 18782K(19008K)->18782K(19008K) NonClass: 16120K(16256K)->16120K(16256K) Class: 2662K(2752K)->2662K(2752K)
[305.150s][info][gc             ] GC(1005) Pause Young (Allocation Failure) 698M->599M(866M) 103.854ms
[305.150s][info][gc,cpu         ] GC(1005) User=0.20s Sys=0.00s Real=0.10s
[305.333s][info][gc,start       ] GC(1006) Pause Young (Allocation Failure)
[305.430s][info][gc,heap        ] GC(1006) PSYoungGen: 190231K(219136K)->61207K(230912K) Eden: 129024K(129024K)->0K(136704K) From: 61207K(90112K)->61207K(94208K)
[305.430s][info][gc,heap        ] GC(1006) ParOldGen: 552393K(667648K)->552393K(667648K)
[305.430s][info][gc,metaspace   ] GC(1006) Metaspace: 18782K(19008K)->18782K(19008K) NonClass: 16120K(16256K)->16120K(16256K) Class: 2662K(2752K)->2662K(2752K)
[305.430s][info][gc             ] GC(1006) Pause Young (Allocation Failure) 725M->599M(877M) 97.706ms
[305.430s][info][gc,cpu         ] GC(1006) User=0.19s Sys=0.01s Real=0.09s
[305.622s][info][gc,start       ] GC(1007) Pause Young (Allocation Failure)
[305.720s][info][gc,heap        ] GC(1007) PSYoungGen: 197911K(230912K)->61198K(233984K) Eden: 136704K(136704K)->0K(136704K) From: 61207K(94208K)->61198K(97280K)
[305.720s][info][gc,heap        ] GC(1007) ParOldGen: 552393K(667648K)->552393K(667648K)
[305.720s][info][gc,metaspace   ] GC(1007) Metaspace: 18782K(19008K)->18782K(19008K) NonClass: 16120K(16256K)->16120K(16256K) Class: 2662K(2752K)->2662K(2752K)
[305.720s][info][gc             ] GC(1007) Pause Young (Allocation Failure) 732M->599M(880M) 97.864ms
[305.720s][info][gc,cpu         ] GC(1007) User=0.19s Sys=0.00s Real=0.09s
[305.913s][info][gc,start       ] GC(1008) Pause Young (Allocation Failure)
[306.011s][info][gc,heap        ] GC(1008) PSYoungGen: 197902K(233984K)->61198K(232448K) Eden: 136704K(136704K)->0K(133120K) From: 61198K(97280K)->61198K(99328K)
[306.011s][info][gc,heap        ] GC(1008) ParOldGen: 552393K(667648K)->552393K(667648K)
[306.011s][info][gc,metaspace   ] GC(1008) Metaspace: 18782K(19008K)->18782K(19008K) NonClass: 16120K(16256K)->16120K(16256K) Class: 2662K(2752K)->2662K(2752K)
[306.011s][info][gc             ] GC(1008) Pause Young (Allocation Failure) 732M->599M(879M) 97.558ms
[306.011s][info][gc,cpu         ] GC(1008) User=0.19s Sys=0.00s Real=0.10s
[306.202s][info][gc,start       ] GC(1009) Pause Young (Allocation Failure)
[306.300s][info][gc,heap        ] GC(1009) PSYoungGen: 194318K(232448K)->61230K(194560K) Eden: 133120K(133120K)->0K(133120K) From: 61198K(99328K)->61230K(61440K)
[306.300s][info][gc,heap        ] GC(1009) ParOldGen: 552393K(667648K)->552393K(667648K)
[306.300s][info][gc,metaspace   ] GC(1009) Metaspace: 18782K(19008K)->18782K(19008K) NonClass: 16120K(16256K)->16120K(16256K) Class: 2662K(2752K)->2662K(2752K)
[306.300s][info][gc             ] GC(1009) Pause Young (Allocation Failure) 729M->599M(842M) 97.780ms
[306.300s][info][gc,cpu         ] GC(1009) User=0.20s Sys=0.00s Real=0.09s
[306.487s][info][gc,start       ] GC(1010) Pause Young (Allocation Failure)
[306.584s][info][gc,heap        ] GC(1010) PSYoungGen: 194350K(194560K)->61230K(232448K) Eden: 133120K(133120K)->0K(131072K) From: 61230K(61440K)->61230K(101376K)
[306.584s][info][gc,heap        ] GC(1010) ParOldGen: 552393K(667648K)->552393K(667648K)
[306.584s][info][gc,metaspace   ] GC(1010) Metaspace: 18782K(19008K)->18782K(19008K) NonClass: 16120K(16256K)->16120K(16256K) Class: 2662K(2752K)->2662K(2752K)
[306.584s][info][gc             ] GC(1010) Pause Young (Allocation Failure) 729M->599M(879M) 97.643ms
[306.584s][info][gc,cpu         ] GC(1010) User=0.19s Sys=0.00s Real=0.10s
[306.769s][info][gc,start       ] GC(1011) Pause Young (Allocation Failure)
[306.867s][info][gc,heap        ] GC(1011) PSYoungGen: 192302K(232448K)->61207K(192512K) Eden: 131072K(131072K)->0K(131072K) From: 61230K(101376K)->61207K(61440K)
[306.867s][info][gc,heap        ] GC(1011) ParOldGen: 552393K(667648K)->552393K(667648K)
[306.867s][info][gc,metaspace   ] GC(1011) Metaspace: 18782K(19008K)->18782K(19008K) NonClass: 16120K(16256K)->16120K(16256K) Class: 2662K(2752K)->2662K(2752K)
[306.867s][info][gc             ] GC(1011) Pause Young (Allocation Failure) 727M->599M(840M) 97.744ms
[306.867s][info][gc,cpu         ] GC(1011) User=0.19s Sys=0.00s Real=0.10s
[307.014s][info][gc,start       ] GC(1012) Pause Young (Allocation Failure)
[307.124s][info][gc,heap        ] GC(1012) PSYoungGen: 192279K(192512K)->76494K(222720K) Eden: 131072K(131072K)->0K(121856K) From: 61207K(61440K)->76494K(100864K)
[307.124s][info][gc,heap        ] GC(1012) ParOldGen: 552393K(667648K)->552393K(667648K)
[307.124s][info][gc,metaspace   ] GC(1012) Metaspace: 18782K(19008K)->18782K(19008K) NonClass: 16120K(16256K)->16120K(16256K) Class: 2662K(2752K)->2662K(2752K)
[307.124s][info][gc             ] GC(1012) Pause Young (Allocation Failure) 727M->614M(869M) 109.692ms
[307.124s][info][gc,cpu         ] GC(1012) User=0.22s Sys=0.00s Real=0.11s
[307.245s][info][gc,start       ] GC(1013) Pause Young (Allocation Failure)
[307.367s][info][gc,heap        ] GC(1013) PSYoungGen: 198350K(222720K)->89486K(211456K) Eden: 121856K(121856K)->0K(121856K) From: 76494K(100864K)->89486K(89600K)
[307.367s][info][gc,heap        ] GC(1013) ParOldGen: 552393K(667648K)->552393K(667648K)
[307.367s][info][gc,metaspace   ] GC(1013) Metaspace: 18782K(19008K)->18782K(19008K) NonClass: 16120K(16256K)->16120K(16256K) Class: 2662K(2752K)->2662K(2752K)
[307.367s][info][gc             ] GC(1013) Pause Young (Allocation Failure) 733M->626M(858M) 122.222ms
[307.367s][info][gc,cpu         ] GC(1013) User=0.24s Sys=0.00s Real=0.12s
[307.472s][info][gc,start       ] GC(1014) Pause Young (Allocation Failure)
[307.596s][info][gc,heap        ] GC(1014) PSYoungGen: 211342K(211456K)->72023K(222720K) Eden: 121856K(121856K)->0K(111616K) From: 89486K(89600K)->72023K(111104K)
[307.597s][info][gc,heap        ] GC(1014) ParOldGen: 552393K(667648K)->572697K(667648K)
[307.597s][info][gc,metaspace   ] GC(1014) Metaspace: 18782K(19008K)->18782K(19008K) NonClass: 16120K(16256K)->16120K(16256K) Class: 2662K(2752K)->2662K(2752K)
[307.597s][info][gc             ] GC(1014) Pause Young (Allocation Failure) 745M->629M(869M) 124.822ms
[307.597s][info][gc,cpu         ] GC(1014) User=0.25s Sys=0.00s Real=0.12s
[307.706s][info][gc,start       ] GC(1015) Pause Young (Allocation Failure)
[307.811s][info][gc,heap        ] GC(1015) PSYoungGen: 183639K(222720K)->59703K(171520K) Eden: 111616K(111616K)->0K(111616K) From: 72023K(111104K)->59703K(59904K)
[307.811s][info][gc,heap        ] GC(1015) ParOldGen: 572697K(667648K)->586833K(667648K)
[307.811s][info][gc,metaspace   ] GC(1015) Metaspace: 18782K(19008K)->18782K(19008K) NonClass: 16120K(16256K)->16120K(16256K) Class: 2662K(2752K)->2662K(2752K)
[307.811s][info][gc             ] GC(1015) Pause Young (Allocation Failure) 738M->631M(819M) 104.680ms
[307.811s][info][gc,cpu         ] GC(1015) User=0.21s Sys=0.00s Real=0.11s
[307.935s][info][gc,start       ] GC(1016) Pause Young (Allocation Failure)
[308.012s][info][gc,heap        ] GC(1016) PSYoungGen: 171319K(171520K)->34304K(223232K) Eden: 111616K(111616K)->0K(113152K) From: 59703K(59904K)->34304K(110080K)
[308.012s][info][gc,heap        ] GC(1016) ParOldGen: 586833K(667648K)->613764K(667648K)
[308.012s][info][gc,metaspace   ] GC(1016) Metaspace: 18782K(19008K)->18782K(19008K) NonClass: 16120K(16256K)->16120K(16256K) Class: 2662K(2752K)->2662K(2752K)
[308.012s][info][gc             ] GC(1016) Pause Young (Allocation Failure) 740M->632M(870M) 77.259ms
[308.012s][info][gc,cpu         ] GC(1016) User=0.16s Sys=0.00s Real=0.08s
[308.130s][info][gc,start       ] GC(1017) Pause Young (Allocation Failure)
[308.170s][info][gc,heap        ] GC(1017) PSYoungGen: 147456K(223232K)->40960K(154112K) Eden: 113152K(113152K)->0K(113152K) From: 34304K(110080K)->40960K(40960K)
[308.170s][info][gc,heap        ] GC(1017) ParOldGen: 613764K(667648K)->613764K(667648K)
[308.170s][info][gc,metaspace   ] GC(1017) Metaspace: 18782K(19008K)->18782K(19008K) NonClass: 16120K(16256K)->16120K(16256K) Class: 2662K(2752K)->2662K(2752K)
[308.170s][info][gc             ] GC(1017) Pause Young (Allocation Failure) 743M->639M(802M) 40.628ms
[308.170s][info][gc,cpu         ] GC(1017) User=0.08s Sys=0.00s Real=0.04s
[308.418s][info][gc,start       ] GC(1018) Pause Young (Allocation Failure)
[308.458s][info][gc,heap        ] GC(1018) PSYoungGen: 154112K(154112K)->40960K(224256K) Eden: 113152K(113152K)->0K(118272K) From: 40960K(40960K)->40960K(105984K)
[308.458s][info][gc,heap        ] GC(1018) ParOldGen: 613764K(667648K)->613764K(667648K)
[308.458s][info][gc,metaspace   ] GC(1018) Metaspace: 18782K(19008K)->18782K(19008K) NonClass: 16120K(16256K)->16120K(16256K) Class: 2662K(2752K)->2662K(2752K)
[308.458s][info][gc             ] GC(1018) Pause Young (Allocation Failure) 749M->639M(871M) 39.713ms
[308.458s][info][gc,cpu         ] GC(1018) User=0.08s Sys=0.00s Real=0.04s
[308.665s][info][gc,start       ] GC(1019) Pause Young (Allocation Failure)
[308.713s][info][gc,heap        ] GC(1019) PSYoungGen: 159232K(224256K)->41088K(221184K) Eden: 118272K(118272K)->0K(118272K) From: 40960K(105984K)->41088K(102912K)
[308.713s][info][gc,heap        ] GC(1019) ParOldGen: 613764K(667648K)->613764K(667648K)
[308.713s][info][gc,metaspace   ] GC(1019) Metaspace: 18782K(19008K)->18782K(19008K) NonClass: 16120K(16256K)->16120K(16256K) Class: 2662K(2752K)->2662K(2752K)
[308.714s][info][gc             ] GC(1019) Pause Young (Allocation Failure) 754M->639M(868M) 48.188ms
[308.714s][info][gc,cpu         ] GC(1019) User=0.10s Sys=0.00s Real=0.05s
[308.920s][info][gc,start       ] GC(1020) Pause Young (Allocation Failure)
[308.959s][info][gc,heap        ] GC(1020) PSYoungGen: 159360K(221184K)->41088K(223744K) Eden: 118272K(118272K)->0K(127488K) From: 41088K(102912K)->41088K(96256K)
[308.959s][info][gc,heap        ] GC(1020) ParOldGen: 613764K(667648K)->613764K(667648K)
[308.959s][info][gc,metaspace   ] GC(1020) Metaspace: 18782K(19008K)->18782K(19008K) NonClass: 16120K(16256K)->16120K(16256K) Class: 2662K(2752K)->2662K(2752K)
[308.959s][info][gc             ] GC(1020) Pause Young (Allocation Failure) 755M->639M(870M) 39.453ms
[308.959s][info][gc,cpu         ] GC(1020) User=0.08s Sys=0.00s Real=0.04s
[309.193s][info][gc,start       ] GC(1021) Pause Young (Allocation Failure)
[309.234s][info][gc,heap        ] GC(1021) PSYoungGen: 168576K(223744K)->41088K(224256K) Eden: 127488K(127488K)->0K(127488K) From: 41088K(96256K)->41088K(96768K)
[309.234s][info][gc,heap        ] GC(1021) ParOldGen: 613764K(667648K)->613764K(667648K)
[309.234s][info][gc,metaspace   ] GC(1021) Metaspace: 18782K(19008K)->18782K(19008K) NonClass: 16120K(16256K)->16120K(16256K) Class: 2662K(2752K)->2662K(2752K)
[309.234s][info][gc             ] GC(1021) Pause Young (Allocation Failure) 764M->639M(871M) 41.464ms
[309.234s][info][gc,cpu         ] GC(1021) User=0.08s Sys=0.00s Real=0.04s
[309.428s][info][gc,start       ] GC(1022) Pause Young (Allocation Failure)
[309.479s][info][gc,heap        ] GC(1022) PSYoungGen: 168576K(224256K)->54112K(225280K) Eden: 127488K(127488K)->0K(136704K) From: 41088K(96768K)->54112K(88576K)
[309.479s][info][gc,heap        ] GC(1022) ParOldGen: 613764K(667648K)->613764K(667648K)
[309.479s][info][gc,metaspace   ] GC(1022) Metaspace: 18782K(19008K)->18782K(19008K) NonClass: 16120K(16256K)->16120K(16256K) Class: 2662K(2752K)->2662K(2752K)
[309.479s][info][gc             ] GC(1022) Pause Young (Allocation Failure) 764M->652M(872M) 51.604ms
[309.479s][info][gc,cpu         ] GC(1022) User=0.10s Sys=0.00s Real=0.05s
[309.633s][info][gc,start       ] GC(1023) Pause Young (Allocation Failure)
[309.687s][info][gc,heap        ] GC(1023) PSYoungGen: 190816K(225280K)->54144K(227840K) Eden: 136704K(136704K)->0K(136704K) From: 54112K(88576K)->54144K(91136K)
[309.687s][info][gc,heap        ] GC(1023) ParOldGen: 613764K(667648K)->613764K(667648K)
[309.687s][info][gc,metaspace   ] GC(1023) Metaspace: 18782K(19008K)->18782K(19008K) NonClass: 16120K(16256K)->16120K(16256K) Class: 2662K(2752K)->2662K(2752K)
[309.687s][info][gc             ] GC(1023) Pause Young (Allocation Failure) 785M->652M(874M) 53.790ms
[309.687s][info][gc,cpu         ] GC(1023) User=0.11s Sys=0.00s Real=0.05s
[309.800s][info][gc,start       ] GC(1024) Pause Young (Allocation Failure)
[309.886s][info][gc,heap        ] GC(1024) PSYoungGen: 190848K(227840K)->88560K(220672K) Eden: 136704K(136704K)->0K(132096K) From: 54144K(91136K)->88560K(88576K)
[309.886s][info][gc,heap        ] GC(1024) ParOldGen: 613764K(667648K)->618812K(667648K)
[309.886s][info][gc,metaspace   ] GC(1024) Metaspace: 18782K(19008K)->18782K(19008K) NonClass: 16120K(16256K)->16120K(16256K) Class: 2662K(2752K)->2662K(2752K)
[309.886s][info][gc             ] GC(1024) Pause Young (Allocation Failure) 785M->690M(867M) 86.112ms
[309.886s][info][gc,cpu         ] GC(1024) User=0.16s Sys=0.02s Real=0.09s
[310.078s][info][gc,start       ] GC(1025) Pause Young (Allocation Failure)
[310.176s][info][gc,heap        ] GC(1025) PSYoungGen: 220656K(220672K)->100848K(232960K) Eden: 132096K(132096K)->0K(132096K) From: 88560K(88576K)->100848K(100864K)
[310.176s][info][gc,heap        ] GC(1025) ParOldGen: 618812K(667648K)->622716K(667648K)
[310.176s][info][gc,metaspace   ] GC(1025) Metaspace: 18782K(19008K)->18782K(19008K) NonClass: 16120K(16256K)->16120K(16256K) Class: 2662K(2752K)->2662K(2752K)
[310.176s][info][gc             ] GC(1025) Pause Young (Allocation Failure) 819M->706M(879M) 97.987ms
[310.176s][info][gc,cpu         ] GC(1025) User=0.20s Sys=0.00s Real=0.10s
[310.369s][info][gc,start       ] GC(1026) Pause Young (Allocation Failure)
[310.477s][info][gc,heap        ] GC(1026) PSYoungGen: 232944K(232960K)->83856K(212480K) Eden: 132096K(132096K)->0K(111616K) From: 100848K(100864K)->83856K(100864K)
[310.477s][info][gc,heap        ] GC(1026) ParOldGen: 622716K(667648K)->651076K(667648K)
[310.477s][info][gc,metaspace   ] GC(1026) Metaspace: 18782K(19008K)->18782K(19008K) NonClass: 16120K(16256K)->16120K(16256K) Class: 2662K(2752K)->2662K(2752K)
[310.477s][info][gc             ] GC(1026) Pause Young (Allocation Failure) 835M->717M(859M) 107.984ms
[310.477s][info][gc,cpu         ] GC(1026) User=0.21s Sys=0.00s Real=0.11s
[310.636s][info][gc,start       ] GC(1027) Pause Full (Allocation Failure)
[310.636s][info][gc,phases,start] GC(1027) Marking Phase
[310.928s][info][gc,phases      ] GC(1027) Marking Phase 292.416ms
[310.928s][info][gc,phases,start] GC(1027) Summary Phase
[310.928s][info][gc,phases      ] GC(1027) Summary Phase 0.028ms
[310.928s][info][gc,phases,start] GC(1027) Forward
[311.012s][info][gc,phases      ] GC(1027) Forward 83.575ms
[311.012s][info][gc,phases,start] GC(1027) Adjust Pointers
[311.262s][info][gc,phases      ] GC(1027) Adjust Pointers 250.088ms
[311.262s][info][gc,phases,start] GC(1027) Compaction Phase
[311.397s][info][gc,phases      ] GC(1027) Compaction Phase 135.243ms
[311.409s][info][gc,phases,start] GC(1027) Post Compact
[311.411s][info][gc,phases      ] GC(1027) Post Compact 2.445ms
[311.411s][info][gc,heap        ] GC(1027) PSYoungGen: 195472K(212480K)->0K(222720K) Eden: 111616K(111616K)->0K(111616K) From: 83856K(100864K)->0K(111104K)
[311.412s][info][gc,heap        ] GC(1027) ParOldGen: 651076K(667648K)->453560K(667648K)
[311.412s][info][gc,metaspace   ] GC(1027) Metaspace: 18782K(19008K)->18782K(19008K) NonClass: 16120K(16256K)->16120K(16256K) Class: 2662K(2752K)->2662K(2752K)
[311.412s][info][gc             ] GC(1027) Pause Full (Allocation Failure) 826M->442M(869M) 775.894ms
[311.412s][info][gc,cpu         ] GC(1027) User=1.51s Sys=0.00s Real=0.78s
[311.572s][info][gc,start       ] GC(1028) Pause Young (Allocation Failure)
[311.573s][info][gc,heap        ] GC(1028) PSYoungGen: 111616K(222720K)->64K(222720K) Eden: 111616K(111616K)->0K(111616K) From: 0K(111104K)->64K(111104K)
[311.573s][info][gc,heap        ] GC(1028) ParOldGen: 453560K(667648K)->453560K(667648K)
[311.573s][info][gc,metaspace   ] GC(1028) Metaspace: 18782K(19008K)->18782K(19008K) NonClass: 16120K(16256K)->16120K(16256K) Class: 2662K(2752K)->2662K(2752K)
[311.574s][info][gc             ] GC(1028) Pause Young (Allocation Failure) 551M->442M(869M) 1.567ms
[311.574s][info][gc,cpu         ] GC(1028) User=0.00s Sys=0.00s Real=0.00s
[311.727s][info][gc,start       ] GC(1029) Pause Young (Allocation Failure)
[311.729s][info][gc,heap        ] GC(1029) PSYoungGen: 111680K(222720K)->64K(222720K) Eden: 111616K(111616K)->0K(111616K) From: 64K(111104K)->64K(111104K)
[311.729s][info][gc,heap        ] GC(1029) ParOldGen: 453560K(667648K)->453560K(667648K)
[311.729s][info][gc,metaspace   ] GC(1029) Metaspace: 18782K(19008K)->18782K(19008K) NonClass: 16120K(16256K)->16120K(16256K) Class: 2662K(2752K)->2662K(2752K)
[311.729s][info][gc             ] GC(1029) Pause Young (Allocation Failure) 551M->442M(869M) 1.547ms
[311.729s][info][gc,cpu         ] GC(1029) User=0.00s Sys=0.00s Real=0.00s
[311.880s][info][gc,start       ] GC(1030) Pause Young (Allocation Failure)
[311.882s][info][gc,heap        ] GC(1030) PSYoungGen: 111680K(222720K)->64K(222720K) Eden: 111616K(111616K)->0K(111616K) From: 64K(111104K)->64K(111104K)
[311.882s][info][gc,heap        ] GC(1030) ParOldGen: 453560K(667648K)->453560K(667648K)
[311.882s][info][gc,metaspace   ] GC(1030) Metaspace: 18782K(19008K)->18782K(19008K) NonClass: 16120K(16256K)->16120K(16256K) Class: 2662K(2752K)->2662K(2752K)
[311.882s][info][gc             ] GC(1030) Pause Young (Allocation Failure) 551M->442M(869M) 1.548ms
[311.882s][info][gc,cpu         ] GC(1030) User=0.00s Sys=0.00s Real=0.01s
[312.033s][info][gc,start       ] GC(1031) Pause Young (Allocation Failure)
[312.034s][info][gc,heap        ] GC(1031) PSYoungGen: 111680K(222720K)->64K(222720K) Eden: 111616K(111616K)->0K(111616K) From: 64K(111104K)->64K(111104K)
[312.034s][info][gc,heap        ] GC(1031) ParOldGen: 453560K(667648K)->453560K(667648K)
[312.034s][info][gc,metaspace   ] GC(1031) Metaspace: 18782K(19008K)->18782K(19008K) NonClass: 16120K(16256K)->16120K(16256K) Class: 2662K(2752K)->2662K(2752K)
[312.034s][info][gc             ] GC(1031) Pause Young (Allocation Failure) 551M->442M(869M) 1.536ms
[312.034s][info][gc,cpu         ] GC(1031) User=0.00s Sys=0.00s Real=0.00s
[312.185s][info][gc,start       ] GC(1032) Pause Young (Allocation Failure)
[312.186s][info][gc,heap        ] GC(1032) PSYoungGen: 111680K(222720K)->64K(222720K) Eden: 111616K(111616K)->0K(111616K) From: 64K(111104K)->64K(111104K)
[312.186s][info][gc,heap        ] GC(1032) ParOldGen: 453560K(667648K)->453560K(667648K)
[312.186s][info][gc,metaspace   ] GC(1032) Metaspace: 18782K(19008K)->18782K(19008K) NonClass: 16120K(16256K)->16120K(16256K) Class: 2662K(2752K)->2662K(2752K)
[312.186s][info][gc             ] GC(1032) Pause Young (Allocation Failure) 551M->442M(869M) 1.531ms
[312.186s][info][gc,cpu         ] GC(1032) User=0.01s Sys=0.00s Real=0.00s
[312.335s][info][gc,start       ] GC(1033) Pause Young (Allocation Failure)
[312.336s][info][gc,heap        ] GC(1033) PSYoungGen: 111680K(222720K)->64K(222720K) Eden: 111616K(111616K)->0K(111616K) From: 64K(111104K)->64K(111104K)
[312.336s][info][gc,heap        ] GC(1033) ParOldGen: 453560K(667648K)->453560K(667648K)
[312.336s][info][gc,metaspace   ] GC(1033) Metaspace: 18782K(19008K)->18782K(19008K) NonClass: 16120K(16256K)->16120K(16256K) Class: 2662K(2752K)->2662K(2752K)
[312.336s][info][gc             ] GC(1033) Pause Young (Allocation Failure) 551M->442M(869M) 1.537ms
[312.336s][info][gc,cpu         ] GC(1033) User=0.00s Sys=0.00s Real=0.00s
[312.463s][info][gc,start       ] GC(1034) Pause Young (Allocation Failure)
[312.477s][info][gc,heap        ] GC(1034) PSYoungGen: 111680K(222720K)->11488K(222720K) Eden: 111616K(111616K)->0K(111616K) From: 64K(111104K)->11488K(111104K)
[312.477s][info][gc,heap        ] GC(1034) ParOldGen: 453560K(667648K)->453568K(667648K)
[312.477s][info][gc,metaspace   ] GC(1034) Metaspace: 18782K(19008K)->18782K(19008K) NonClass: 16120K(16256K)->16120K(16256K) Class: 2662K(2752K)->2662K(2752K)
[312.478s][info][gc             ] GC(1034) Pause Young (Allocation Failure) 551M->454M(869M) 14.170ms
[312.478s][info][gc,cpu         ] GC(1034) User=0.02s Sys=0.00s Real=0.01s
[312.589s][info][gc,start       ] GC(1035) Pause Young (Allocation Failure)
[312.614s][info][gc,heap        ] GC(1035) PSYoungGen: 123104K(222720K)->24128K(136192K) Eden: 111616K(111616K)->0K(111616K) From: 11488K(111104K)->24128K(24576K)
[312.614s][info][gc,heap        ] GC(1035) ParOldGen: 453568K(667648K)->453568K(667648K)
[312.614s][info][gc,metaspace   ] GC(1035) Metaspace: 18782K(19008K)->18782K(19008K) NonClass: 16120K(16256K)->16120K(16256K) Class: 2662K(2752K)->2662K(2752K)
[312.614s][info][gc             ] GC(1035) Pause Young (Allocation Failure) 563M->466M(785M) 25.541ms
[312.614s][info][gc,cpu         ] GC(1035) User=0.05s Sys=0.00s Real=0.03s
[312.700s][info][gc,start       ] GC(1036) Pause Young (Allocation Failure)
[312.727s][info][gc,heap        ] GC(1036) PSYoungGen: 135744K(136192K)->26368K(220160K) Eden: 111616K(111616K)->0K(118272K) From: 24128K(24576K)->26368K(101888K)
[312.728s][info][gc,heap        ] GC(1036) ParOldGen: 453568K(667648K)->453568K(667648K)
[312.728s][info][gc,metaspace   ] GC(1036) Metaspace: 18782K(19008K)->18782K(19008K) NonClass: 16120K(16256K)->16120K(16256K) Class: 2662K(2752K)->2662K(2752K)
[312.728s][info][gc             ] GC(1036) Pause Young (Allocation Failure) 575M->468M(867M) 27.396ms
[312.728s][info][gc,cpu         ] GC(1036) User=0.06s Sys=0.00s Real=0.03s
[312.837s][info][gc,start       ] GC(1037) Pause Young (Allocation Failure)
[312.873s][info][gc,heap        ] GC(1037) PSYoungGen: 144640K(220160K)->33376K(220672K) Eden: 118272K(118272K)->0K(118272K) From: 26368K(101888K)->33376K(102400K)
[312.873s][info][gc,heap        ] GC(1037) ParOldGen: 453568K(667648K)->453568K(667648K)
[312.873s][info][gc,metaspace   ] GC(1037) Metaspace: 18782K(19008K)->18782K(19008K) NonClass: 16120K(16256K)->16120K(16256K) Class: 2662K(2752K)->2662K(2752K)
[312.873s][info][gc             ] GC(1037) Pause Young (Allocation Failure) 584M->475M(867M) 35.911ms
[312.873s][info][gc,cpu         ] GC(1037) User=0.07s Sys=0.00s Real=0.04s
[312.958s][info][gc,start       ] GC(1038) Pause Young (Allocation Failure)
[313.010s][info][gc,heap        ] GC(1038) PSYoungGen: 151648K(220672K)->51552K(220672K) Eden: 118272K(118272K)->0K(124416K) From: 33376K(102400K)->51552K(96256K)
[313.010s][info][gc,heap        ] GC(1038) ParOldGen: 453568K(667648K)->453568K(667648K)
[313.010s][info][gc,metaspace   ] GC(1038) Metaspace: 18782K(19008K)->18782K(19008K) NonClass: 16120K(16256K)->16120K(16256K) Class: 2662K(2752K)->2662K(2752K)
[313.010s][info][gc             ] GC(1038) Pause Young (Allocation Failure) 591M->493M(867M) 52.294ms
[313.010s][info][gc,cpu         ] GC(1038) User=0.11s Sys=0.00s Real=0.05s
[313.094s][info][gc,start       ] GC(1039) Pause Young (Allocation Failure)
[313.162s][info][gc,heap        ] GC(1039) PSYoungGen: 175968K(220672K)->68672K(222208K) Eden: 124416K(124416K)->0K(124416K) From: 51552K(96256K)->68672K(97792K)
[313.162s][info][gc,heap        ] GC(1039) ParOldGen: 453568K(667648K)->453568K(667648K)
[313.162s][info][gc,metaspace   ] GC(1039) Metaspace: 18782K(19008K)->18782K(19008K) NonClass: 16120K(16256K)->16120K(16256K) Class: 2662K(2752K)->2662K(2752K)
[313.162s][info][gc             ] GC(1039) Pause Young (Allocation Failure) 614M->510M(869M) 67.931ms
[313.162s][info][gc,cpu         ] GC(1039) User=0.14s Sys=0.00s Real=0.07s
[313.255s][info][gc,start       ] GC(1040) Pause Young (Allocation Failure)
[313.338s][info][gc,heap        ] GC(1040) PSYoungGen: 193088K(222208K)->83168K(216064K) Eden: 124416K(124416K)->0K(111616K) From: 68672K(97792K)->83168K(104448K)
[313.338s][info][gc,heap        ] GC(1040) ParOldGen: 453568K(667648K)->453568K(667648K)
[313.338s][info][gc,metaspace   ] GC(1040) Metaspace: 18782K(19008K)->18782K(19008K) NonClass: 16120K(16256K)->16120K(16256K) Class: 2662K(2752K)->2662K(2752K)
[313.338s][info][gc             ] GC(1040) Pause Young (Allocation Failure) 631M->524M(863M) 82.138ms
[313.338s][info][gc,cpu         ] GC(1040) User=0.17s Sys=0.00s Real=0.08s
[313.493s][info][gc,start       ] GC(1041) Pause Young (Allocation Failure)
[313.594s][info][gc,heap        ] GC(1041) PSYoungGen: 194784K(216064K)->105376K(222720K) Eden: 111616K(111616K)->0K(111616K) From: 83168K(104448K)->105376K(111104K)
[313.594s][info][gc,heap        ] GC(1041) ParOldGen: 453568K(667648K)->453576K(667648K)
[313.594s][info][gc,metaspace   ] GC(1041) Metaspace: 18782K(19008K)->18782K(19008K) NonClass: 16120K(16256K)->16120K(16256K) Class: 2662K(2752K)->2662K(2752K)
[313.594s][info][gc             ] GC(1041) Pause Young (Allocation Failure) 633M->545M(869M) 101.230ms
[313.594s][info][gc,cpu         ] GC(1041) User=0.21s Sys=0.00s Real=0.10s
[313.688s][info][gc,start       ] GC(1042) Pause Young (Allocation Failure)
[313.800s][info][gc,heap        ] GC(1042) PSYoungGen: 216992K(222720K)->102944K(222720K) Eden: 111616K(111616K)->0K(111616K) From: 105376K(111104K)->102944K(111104K)
[313.800s][info][gc,heap        ] GC(1042) ParOldGen: 453576K(667648K)->465040K(667648K)
[313.801s][info][gc,metaspace   ] GC(1042) Metaspace: 18782K(19008K)->18782K(19008K) NonClass: 16120K(16256K)->16120K(16256K) Class: 2662K(2752K)->2662K(2752K)
[313.801s][info][gc             ] GC(1042) Pause Young (Allocation Failure) 654M->554M(869M) 112.373ms
[313.801s][info][gc,cpu         ] GC(1042) User=0.22s Sys=0.01s Real=0.12s
[313.906s][info][gc,start       ] GC(1043) Pause Young (Allocation Failure)
[314.007s][info][gc,heap        ] GC(1043) PSYoungGen: 214560K(222720K)->90240K(222720K) Eden: 111616K(111616K)->0K(111616K) From: 102944K(111104K)->90240K(111104K)
[314.007s][info][gc,heap        ] GC(1043) ParOldGen: 465040K(667648K)->479976K(667648K)
[314.007s][info][gc,metaspace   ] GC(1043) Metaspace: 18782K(19008K)->18782K(19008K) NonClass: 16120K(16256K)->16120K(16256K) Class: 2662K(2752K)->2662K(2752K)
[314.007s][info][gc             ] GC(1043) Pause Young (Allocation Failure) 663M->556M(869M) 101.251ms
[314.007s][info][gc,cpu         ] GC(1043) User=0.20s Sys=0.00s Real=0.10s
[314.142s][info][gc,start       ] GC(1044) Pause Young (Allocation Failure)
[314.231s][info][gc,heap        ] GC(1044) PSYoungGen: 201856K(222720K)->66368K(222720K) Eden: 111616K(111616K)->0K(111616K) From: 90240K(111104K)->66368K(111104K)
[314.231s][info][gc,heap        ] GC(1044) ParOldGen: 479976K(667648K)->505232K(667648K)
[314.231s][info][gc,metaspace   ] GC(1044) Metaspace: 18782K(19008K)->18782K(19008K) NonClass: 16120K(16256K)->16120K(16256K) Class: 2662K(2752K)->2662K(2752K)
[314.231s][info][gc             ] GC(1044) Pause Young (Allocation Failure) 665M->558M(869M) 89.471ms
[314.231s][info][gc,cpu         ] GC(1044) User=0.18s Sys=0.00s Real=0.09s
[314.347s][info][gc,start       ] GC(1045) Pause Young (Allocation Failure)
[314.414s][info][gc,heap        ] GC(1045) PSYoungGen: 177984K(222720K)->34752K(222720K) Eden: 111616K(111616K)->0K(111616K) From: 66368K(111104K)->34752K(111104K)
[314.414s][info][gc,heap        ] GC(1045) ParOldGen: 505232K(667648K)->536880K(667648K)
[314.414s][info][gc,metaspace   ] GC(1045) Metaspace: 18782K(19008K)->18782K(19008K) NonClass: 16120K(16256K)->16120K(16256K) Class: 2662K(2752K)->2662K(2752K)
[314.414s][info][gc             ] GC(1045) Pause Young (Allocation Failure) 667M->558M(869M) 66.842ms
[314.414s][info][gc,cpu         ] GC(1045) User=0.13s Sys=0.00s Real=0.07s
[314.533s][info][gc,start       ] GC(1046) Pause Young (Allocation Failure)
[314.574s][info][gc,heap        ] GC(1046) PSYoungGen: 146368K(222720K)->6816K(222720K) Eden: 111616K(111616K)->0K(111616K) From: 34752K(111104K)->6816K(111104K)
[314.574s][info][gc,heap        ] GC(1046) ParOldGen: 536880K(667648K)->568152K(667648K)
[314.574s][info][gc,metaspace   ] GC(1046) Metaspace: 18782K(19008K)->18782K(19008K) NonClass: 16120K(16256K)->16120K(16256K) Class: 2662K(2752K)->2662K(2752K)
[314.574s][info][gc             ] GC(1046) Pause Young (Allocation Failure) 667M->561M(869M) 41.117ms
[314.574s][info][gc,cpu         ] GC(1046) User=0.08s Sys=0.00s Real=0.04s
[314.708s][info][gc,start       ] GC(1047) Pause Young (Allocation Failure)
[314.718s][info][gc,heap        ] GC(1047) PSYoungGen: 118432K(222720K)->3328K(222720K) Eden: 111616K(111616K)->0K(111616K) From: 6816K(111104K)->3328K(111104K)
[314.718s][info][gc,heap        ] GC(1047) ParOldGen: 568152K(667648K)->571685K(667648K)
[314.718s][info][gc,metaspace   ] GC(1047) Metaspace: 18782K(19008K)->18782K(19008K) NonClass: 16120K(16256K)->16120K(16256K) Class: 2662K(2752K)->2662K(2752K)
[314.718s][info][gc             ] GC(1047) Pause Young (Allocation Failure) 670M->561M(869M) 10.244ms
[314.718s][info][gc,cpu         ] GC(1047) User=0.02s Sys=0.00s Real=0.01s
[314.867s][info][gc,start       ] GC(1048) Pause Young (Allocation Failure)
[314.893s][info][gc,heap        ] GC(1048) PSYoungGen: 114944K(222720K)->20704K(222720K) Eden: 111616K(111616K)->0K(111616K) From: 3328K(111104K)->20704K(111104K)
[314.893s][info][gc,heap        ] GC(1048) ParOldGen: 571685K(667648K)->574957K(667648K)
[314.893s][info][gc,metaspace   ] GC(1048) Metaspace: 18782K(19008K)->18782K(19008K) NonClass: 16120K(16256K)->16120K(16256K) Class: 2662K(2752K)->2662K(2752K)
[314.893s][info][gc             ] GC(1048) Pause Young (Allocation Failure) 670M->581M(869M) 26.498ms
[314.893s][info][gc,cpu         ] GC(1048) User=0.06s Sys=0.00s Real=0.03s
[315.011s][info][gc,start       ] GC(1049) Pause Young (Allocation Failure)
[315.053s][info][gc,heap        ] GC(1049) PSYoungGen: 132320K(222720K)->22368K(222720K) Eden: 111616K(111616K)->0K(111616K) From: 20704K(111104K)->22368K(111104K)
[315.053s][info][gc,heap        ] GC(1049) ParOldGen: 574957K(667648K)->595677K(667648K)
[315.053s][info][gc,metaspace   ] GC(1049) Metaspace: 18782K(19008K)->18782K(19008K) NonClass: 16120K(16256K)->16120K(16256K) Class: 2662K(2752K)->2662K(2752K)
[315.053s][info][gc             ] GC(1049) Pause Young (Allocation Failure) 690M->603M(869M) 41.325ms
[315.053s][info][gc,cpu         ] GC(1049) User=0.08s Sys=0.00s Real=0.04s
[315.130s][info][gc,start       ] GC(1050) Pause Young (Allocation Failure)
[315.181s][info][gc,heap        ] GC(1050) PSYoungGen: 133984K(222720K)->46472K(222720K) Eden: 111616K(111616K)->0K(111616K) From: 22368K(111104K)->46472K(111104K)
[315.181s][info][gc,heap        ] GC(1050) ParOldGen: 595677K(667648K)->618200K(667648K)
[315.181s][info][gc,metaspace   ] GC(1050) Metaspace: 18782K(19008K)->18782K(19008K) NonClass: 16120K(16256K)->16120K(16256K) Class: 2662K(2752K)->2662K(2752K)
[315.181s][info][gc             ] GC(1050) Pause Young (Allocation Failure) 712M->649M(869M) 51.603ms
[315.181s][info][gc,cpu         ] GC(1050) User=0.10s Sys=0.00s Real=0.06s
[315.355s][info][gc,start       ] GC(1051) Pause Young (Allocation Failure)
[315.393s][info][gc,heap        ] GC(1051) PSYoungGen: 158088K(222720K)->6008K(222720K) Eden: 111616K(111616K)->0K(111616K) From: 46472K(111104K)->6008K(111104K)
[315.393s][info][gc,heap        ] GC(1051) ParOldGen: 618200K(667648K)->665153K(667648K)
[315.393s][info][gc,metaspace   ] GC(1051) Metaspace: 18782K(19008K)->18782K(19008K) NonClass: 16120K(16256K)->16120K(16256K) Class: 2662K(2752K)->2662K(2752K)
[315.393s][info][gc             ] GC(1051) Pause Young (Allocation Failure) 758M->655M(869M) 37.845ms
[315.393s][info][gc,cpu         ] GC(1051) User=0.08s Sys=0.00s Real=0.04s
[315.471s][info][gc,start       ] GC(1052) Pause Full (Allocation Failure)
[315.471s][info][gc,phases,start] GC(1052) Marking Phase
[315.948s][info][gc,phases      ] GC(1052) Marking Phase 476.105ms
[315.948s][info][gc,phases,start] GC(1052) Summary Phase
[315.948s][info][gc,phases      ] GC(1052) Summary Phase 0.028ms
[315.948s][info][gc,phases,start] GC(1052) Forward
[316.009s][info][gc,phases      ] GC(1052) Forward 61.138ms
[316.009s][info][gc,phases,start] GC(1052) Adjust Pointers
[316.338s][info][gc,phases      ] GC(1052) Adjust Pointers 328.856ms
[316.338s][info][gc,phases,start] GC(1052) Compaction Phase
[316.509s][info][gc,phases      ] GC(1052) Compaction Phase 171.196ms
[316.509s][info][gc,phases,start] GC(1052) Post Compact
[316.511s][info][gc,phases      ] GC(1052) Post Compact 2.175ms
[316.511s][info][gc,heap        ] GC(1052) PSYoungGen: 117624K(222720K)->9201K(222720K) Eden: 111616K(111616K)->9201K(111616K) From: 6008K(111104K)->0K(111104K)
[316.511s][info][gc,heap        ] GC(1052) ParOldGen: 665153K(667648K)->667605K(667648K)
[316.511s][info][gc,metaspace   ] GC(1052) Metaspace: 18782K(19008K)->18782K(19008K) NonClass: 16120K(16256K)->16120K(16256K) Class: 2662K(2752K)->2662K(2752K)
[316.511s][info][gc             ] GC(1052) Pause Full (Allocation Failure) 764M->660M(869M) 1039.965ms
[316.511s][info][gc,cpu         ] GC(1052) User=2.03s Sys=0.01s Real=1.04s
[316.640s][info][gc,start       ] GC(1053) Pause Full (Allocation Failure)
[316.640s][info][gc,phases,start] GC(1053) Marking Phase
[317.105s][info][gc,phases      ] GC(1053) Marking Phase 465.331ms
[317.105s][info][gc,phases,start] GC(1053) Summary Phase
[317.105s][info][gc,phases      ] GC(1053) Summary Phase 0.023ms
[317.105s][info][gc,phases,start] GC(1053) Forward
[317.110s][info][gc,phases      ] GC(1053) Forward 4.736ms
[317.110s][info][gc,phases,start] GC(1053) Adjust Pointers
[317.421s][info][gc,phases      ] GC(1053) Adjust Pointers 310.764ms
[317.421s][info][gc,phases,start] GC(1053) Compaction Phase
[317.562s][info][gc,phases      ] GC(1053) Compaction Phase 141.097ms
[317.562s][info][gc,phases,start] GC(1053) Post Compact
[317.564s][info][gc,phases      ] GC(1053) Post Compact 2.176ms
[317.564s][info][gc,heap        ] GC(1053) PSYoungGen: 111616K(222720K)->9375K(222720K) Eden: 111616K(111616K)->9375K(111616K) From: 0K(111104K)->0K(111104K)
[317.564s][info][gc,heap        ] GC(1053) ParOldGen: 667605K(667648K)->667605K(667648K)
[317.564s][info][gc,metaspace   ] GC(1053) Metaspace: 18782K(19008K)->18782K(19008K) NonClass: 16120K(16256K)->16120K(16256K) Class: 2662K(2752K)->2662K(2752K)
[317.564s][info][gc             ] GC(1053) Pause Full (Allocation Failure) 760M->661M(869M) 924.506ms
[317.564s][info][gc,cpu         ] GC(1053) User=1.81s Sys=0.00s Real=0.93s
[317.691s][info][gc,start       ] GC(1054) Pause Full (Allocation Failure)
[317.691s][info][gc,phases,start] GC(1054) Marking Phase
[318.159s][info][gc,phases      ] GC(1054) Marking Phase 468.692ms
[318.159s][info][gc,phases,start] GC(1054) Summary Phase
[318.160s][info][gc,phases      ] GC(1054) Summary Phase 0.024ms
[318.160s][info][gc,phases,start] GC(1054) Forward
[318.222s][info][gc,phases      ] GC(1054) Forward 62.750ms
[318.222s][info][gc,phases,start] GC(1054) Adjust Pointers
[318.540s][info][gc,phases      ] GC(1054) Adjust Pointers 317.572ms
[318.540s][info][gc,phases,start] GC(1054) Compaction Phase
[318.693s][info][gc,phases      ] GC(1054) Compaction Phase 152.575ms
[318.693s][info][gc,phases,start] GC(1054) Post Compact
[318.695s][info][metaspace      ] ChkMgr @0x00007f5e1403f1b0 (non-class-space): : reclaiming memory...
[318.695s][info][metaspace      ] ChkMgr @0x00007f5e1403f1b0 (non-class-space): nothing reclaimed.
[318.695s][info][metaspace      ] ChkMgr @0x00007f5e1403efc0 (class-space): : reclaiming memory...
[318.695s][info][metaspace      ] ChkMgr @0x00007f5e1403efc0 (class-space): nothing reclaimed.
[318.695s][info][gc,phases      ] GC(1054) Post Compact 2.254ms
[318.695s][info][gc,heap        ] GC(1054) PSYoungGen: 111616K(222720K)->9593K(222720K) Eden: 111616K(111616K)->9593K(111616K) From: 0K(111104K)->0K(111104K)
[318.695s][info][gc,heap        ] GC(1054) ParOldGen: 667605K(667648K)->667558K(667648K)
[318.695s][info][gc,metaspace   ] GC(1054) Metaspace: 18782K(19008K)->18772K(19008K) NonClass: 16120K(16256K)->16110K(16256K) Class: 2662K(2752K)->2662K(2752K)
[318.695s][info][gc             ] GC(1054) Pause Full (Allocation Failure) 760M->661M(869M) 1004.273ms
[318.695s][info][gc,cpu         ] GC(1054) User=1.95s Sys=0.00s Real=1.00s
[318.864s][info][gc,start       ] GC(1055) Pause Full (Allocation Failure)
[318.864s][info][gc,phases,start] GC(1055) Marking Phase
[319.335s][info][gc,phases      ] GC(1055) Marking Phase 470.777ms
[319.335s][info][gc,phases,start] GC(1055) Summary Phase
[319.335s][info][gc,phases      ] GC(1055) Summary Phase 0.026ms
[319.335s][info][gc,phases,start] GC(1055) Forward
[319.340s][info][gc,phases      ] GC(1055) Forward 5.189ms
[319.340s][info][gc,phases,start] GC(1055) Adjust Pointers
[319.659s][info][gc,phases      ] GC(1055) Adjust Pointers 319.011ms
[319.659s][info][gc,phases,start] GC(1055) Compaction Phase
[319.806s][info][gc,phases      ] GC(1055) Compaction Phase 146.743ms
[319.806s][info][gc,phases,start] GC(1055) Post Compact
[319.808s][info][gc,phases      ] GC(1055) Post Compact 2.181ms
[319.808s][info][gc,heap        ] GC(1055) PSYoungGen: 111616K(222720K)->9954K(222720K) Eden: 111616K(111616K)->9954K(111616K) From: 0K(111104K)->0K(111104K)
[319.808s][info][gc,heap        ] GC(1055) ParOldGen: 667558K(667648K)->667558K(667648K)
[319.808s][info][gc,metaspace   ] GC(1055) Metaspace: 18772K(19008K)->18772K(19008K) NonClass: 16110K(16256K)->16110K(16256K) Class: 2662K(2752K)->2662K(2752K)
[319.808s][info][gc             ] GC(1055) Pause Full (Allocation Failure) 760M->661M(869M) 944.308ms
[319.808s][info][gc,cpu         ] GC(1055) User=1.84s Sys=0.00s Real=0.94s
[319.953s][info][gc,start       ] GC(1056) Pause Full (Allocation Failure)
[319.953s][info][gc,phases,start] GC(1056) Marking Phase
[320.426s][info][gc,phases      ] GC(1056) Marking Phase 472.888ms
[320.426s][info][gc,phases,start] GC(1056) Summary Phase
[320.426s][info][gc,phases      ] GC(1056) Summary Phase 0.027ms
[320.426s][info][gc,phases,start] GC(1056) Forward
[320.570s][info][gc,phases      ] GC(1056) Forward 144.301ms
[320.571s][info][gc,phases,start] GC(1056) Adjust Pointers
[320.941s][info][gc,phases      ] GC(1056) Adjust Pointers 370.575ms
[320.941s][info][gc,phases,start] GC(1056) Compaction Phase
[321.146s][info][gc,phases      ] GC(1056) Compaction Phase 204.563ms
[321.162s][info][gc,phases,start] GC(1056) Post Compact
[321.165s][info][gc,phases      ] GC(1056) Post Compact 2.245ms
[321.165s][info][gc,heap        ] GC(1056) PSYoungGen: 111616K(222720K)->10425K(222720K) Eden: 111616K(111616K)->10425K(111616K) From: 0K(111104K)->0K(111104K)
[321.165s][info][gc,heap        ] GC(1056) ParOldGen: 667558K(667648K)->667553K(667648K)
[321.165s][info][gc,metaspace   ] GC(1056) Metaspace: 18773K(19008K)->18773K(19008K) NonClass: 16111K(16256K)->16111K(16256K) Class: 2662K(2752K)->2662K(2752K)
[321.165s][info][gc             ] GC(1056) Pause Full (Allocation Failure) 760M->662M(869M) 1211.518ms
[321.165s][info][gc,cpu         ] GC(1056) User=2.35s Sys=0.01s Real=1.21s
[321.255s][info][gc,start       ] GC(1057) Pause Full (Allocation Failure)
[321.256s][info][gc,phases,start] GC(1057) Marking Phase
[321.736s][info][gc,phases      ] GC(1057) Marking Phase 480.837ms
[321.736s][info][gc,phases,start] GC(1057) Summary Phase
[321.736s][info][gc,phases      ] GC(1057) Summary Phase 0.025ms
[321.736s][info][gc,phases,start] GC(1057) Forward
[321.742s][info][gc,phases      ] GC(1057) Forward 5.582ms
[321.742s][info][gc,phases,start] GC(1057) Adjust Pointers
[322.061s][info][gc,phases      ] GC(1057) Adjust Pointers 318.957ms
[322.061s][info][gc,phases,start] GC(1057) Compaction Phase
[322.205s][info][gc,phases      ] GC(1057) Compaction Phase 144.123ms
[322.205s][info][gc,phases,start] GC(1057) Post Compact
[322.208s][info][metaspace      ] ChkMgr @0x00007f5e1403f1b0 (non-class-space): : reclaiming memory...
[322.208s][info][metaspace      ] ChkMgr @0x00007f5e1403f1b0 (non-class-space): nothing reclaimed.
[322.208s][info][metaspace      ] ChkMgr @0x00007f5e1403efc0 (class-space): : reclaiming memory...
[322.208s][info][metaspace      ] ChkMgr @0x00007f5e1403efc0 (class-space): nothing reclaimed.
[322.208s][info][gc,phases      ] GC(1057) Post Compact 2.282ms
[322.208s][info][gc,heap        ] GC(1057) PSYoungGen: 111616K(222720K)->11252K(222720K) Eden: 111616K(111616K)->11252K(111616K) From: 0K(111104K)->0K(111104K)
[322.208s][info][gc,heap        ] GC(1057) ParOldGen: 667553K(667648K)->667553K(667648K)
[322.208s][info][gc,metaspace   ] GC(1057) Metaspace: 18773K(19008K)->18760K(19008K) NonClass: 16111K(16256K)->16098K(16256K) Class: 2662K(2752K)->2662K(2752K)
[322.208s][info][gc             ] GC(1057) Pause Full (Allocation Failure) 760M->662M(869M) 952.208ms
[322.208s][info][gc,cpu         ] GC(1057) User=1.86s Sys=0.00s Real=0.95s
[322.336s][info][gc,start       ] GC(1058) Pause Full (Allocation Failure)
[322.336s][info][gc,phases,start] GC(1058) Marking Phase
[322.812s][info][gc,phases      ] GC(1058) Marking Phase 475.288ms
[322.812s][info][gc,phases,start] GC(1058) Summary Phase
[322.812s][info][gc,phases      ] GC(1058) Summary Phase 0.026ms
[322.812s][info][gc,phases,start] GC(1058) Forward
[322.818s][info][gc,phases      ] GC(1058) Forward 6.140ms
[322.818s][info][gc,phases,start] GC(1058) Adjust Pointers
[323.140s][info][gc,phases      ] GC(1058) Adjust Pointers 321.933ms
[323.140s][info][gc,phases,start] GC(1058) Compaction Phase
[323.284s][info][gc,phases      ] GC(1058) Compaction Phase 143.962ms
[323.284s][info][gc,phases,start] GC(1058) Post Compact
[323.286s][info][gc,phases      ] GC(1058) Post Compact 2.173ms
[323.286s][info][gc,heap        ] GC(1058) PSYoungGen: 111616K(222720K)->12255K(222720K) Eden: 111616K(111616K)->12255K(111616K) From: 0K(111104K)->0K(111104K)
[323.286s][info][gc,heap        ] GC(1058) ParOldGen: 667553K(667648K)->667553K(667648K)
[323.286s][info][gc,metaspace   ] GC(1058) Metaspace: 18760K(19008K)->18760K(19008K) NonClass: 16098K(16256K)->16098K(16256K) Class: 2662K(2752K)->2662K(2752K)
[323.286s][info][gc             ] GC(1058) Pause Full (Allocation Failure) 760M->663M(869M) 949.902ms
[323.286s][info][gc,cpu         ] GC(1058) User=1.86s Sys=0.00s Real=0.95s
[323.476s][info][gc,start       ] GC(1059) Pause Full (Allocation Failure)
[323.477s][info][gc,phases,start] GC(1059) Marking Phase
[323.966s][info][gc,phases      ] GC(1059) Marking Phase 489.442ms
[323.966s][info][gc,phases,start] GC(1059) Summary Phase
[323.966s][info][gc,phases      ] GC(1059) Summary Phase 0.026ms
[323.966s][info][gc,phases,start] GC(1059) Forward
[324.120s][info][gc,phases      ] GC(1059) Forward 153.519ms
[324.120s][info][gc,phases,start] GC(1059) Adjust Pointers
[324.508s][info][gc,phases      ] GC(1059) Adjust Pointers 388.306ms
[324.508s][info][gc,phases,start] GC(1059) Compaction Phase
[324.762s][info][gc,phases      ] GC(1059) Compaction Phase 254.055ms
[324.778s][info][gc,phases,start] GC(1059) Post Compact
[324.780s][info][gc,phases      ] GC(1059) Post Compact 2.225ms
[324.780s][info][gc,heap        ] GC(1059) PSYoungGen: 111616K(222720K)->0K(222720K) Eden: 111616K(111616K)->0K(111616K) From: 0K(111104K)->0K(111104K)
[324.780s][info][gc,heap        ] GC(1059) ParOldGen: 667553K(667648K)->661252K(667648K)
[324.780s][info][gc,metaspace   ] GC(1059) Metaspace: 18760K(19008K)->18760K(19008K) NonClass: 16098K(16256K)->16098K(16256K) Class: 2662K(2752K)->2662K(2752K)
[324.780s][info][gc             ] GC(1059) Pause Full (Allocation Failure) 760M->645M(869M) 1303.384ms
[324.780s][info][gc,cpu         ] GC(1059) User=2.54s Sys=0.01s Real=1.30s
[324.956s][info][gc,start       ] GC(1060) Pause Full (Allocation Failure)
[324.956s][info][gc,phases,start] GC(1060) Marking Phase
[325.469s][info][gc,phases      ] GC(1060) Marking Phase 512.356ms
[325.469s][info][gc,phases,start] GC(1060) Summary Phase
[325.469s][info][gc,phases      ] GC(1060) Summary Phase 0.023ms
[325.469s][info][gc,phases,start] GC(1060) Forward
[325.506s][info][gc,phases      ] GC(1060) Forward 37.356ms
[325.506s][info][gc,phases,start] GC(1060) Adjust Pointers
[325.857s][info][gc,phases      ] GC(1060) Adjust Pointers 351.304ms
[325.857s][info][gc,phases,start] GC(1060) Compaction Phase
[326.014s][info][gc,phases      ] GC(1060) Compaction Phase 156.337ms
[326.017s][info][gc,phases,start] GC(1060) Post Compact
[326.019s][info][gc,phases      ] GC(1060) Post Compact 2.226ms
[326.019s][info][gc,heap        ] GC(1060) PSYoungGen: 111616K(222720K)->13055K(222720K) Eden: 111616K(111616K)->13055K(111616K) From: 0K(111104K)->0K(111104K)
[326.019s][info][gc,heap        ] GC(1060) ParOldGen: 661252K(667648K)->667450K(667648K)
[326.019s][info][gc,metaspace   ] GC(1060) Metaspace: 18760K(19008K)->18760K(19008K) NonClass: 16098K(16256K)->16098K(16256K) Class: 2662K(2752K)->2662K(2752K)
[326.019s][info][gc             ] GC(1060) Pause Full (Allocation Failure) 754M->664M(869M) 1063.283ms
[326.019s][info][gc,cpu         ] GC(1060) User=2.08s Sys=0.00s Real=1.06s
[326.151s][info][gc,start       ] GC(1061) Pause Full (Allocation Failure)
[326.151s][info][gc,phases,start] GC(1061) Marking Phase
[326.672s][info][gc,phases      ] GC(1061) Marking Phase 520.229ms
[326.672s][info][gc,phases,start] GC(1061) Summary Phase
[326.672s][info][gc,phases      ] GC(1061) Summary Phase 0.025ms
[326.672s][info][gc,phases,start] GC(1061) Forward
[326.796s][info][gc,phases      ] GC(1061) Forward 124.457ms
[326.796s][info][gc,phases,start] GC(1061) Adjust Pointers
[327.189s][info][gc,phases      ] GC(1061) Adjust Pointers 392.970ms
[327.189s][info][gc,phases,start] GC(1061) Compaction Phase
[327.364s][info][gc,phases      ] GC(1061) Compaction Phase 174.992ms
[327.379s][info][gc,phases,start] GC(1061) Post Compact
[327.381s][info][gc,phases      ] GC(1061) Post Compact 2.222ms
[327.381s][info][gc,heap        ] GC(1061) PSYoungGen: 111616K(222720K)->26227K(222720K) Eden: 111616K(111616K)->26227K(111616K) From: 0K(111104K)->0K(111104K)
[327.381s][info][gc,heap        ] GC(1061) ParOldGen: 667450K(667648K)->667450K(667648K)
[327.381s][info][gc,metaspace   ] GC(1061) Metaspace: 18760K(19008K)->18760K(19008K) NonClass: 16098K(16256K)->16098K(16256K) Class: 2662K(2752K)->2662K(2752K)
[327.381s][info][gc             ] GC(1061) Pause Full (Allocation Failure) 760M->677M(869M) 1230.016ms
[327.381s][info][gc,cpu         ] GC(1061) User=2.38s Sys=0.01s Real=1.23s
[327.451s][info][gc,start       ] GC(1062) Pause Full (Allocation Failure)
[327.451s][info][gc,phases,start] GC(1062) Marking Phase
[327.976s][info][gc,phases      ] GC(1062) Marking Phase 524.826ms
[327.976s][info][gc,phases,start] GC(1062) Summary Phase
[327.976s][info][gc,phases      ] GC(1062) Summary Phase 0.025ms
[327.976s][info][gc,phases,start] GC(1062) Forward
[328.136s][info][gc,phases      ] GC(1062) Forward 159.856ms
[328.136s][info][gc,phases,start] GC(1062) Adjust Pointers
[328.544s][info][gc,phases      ] GC(1062) Adjust Pointers 408.602ms
[328.544s][info][gc,phases,start] GC(1062) Compaction Phase
[328.732s][info][gc,phases      ] GC(1062) Compaction Phase 187.217ms
[328.748s][info][gc,phases,start] GC(1062) Post Compact
[328.751s][info][gc,phases      ] GC(1062) Post Compact 2.306ms
[328.751s][info][gc,heap        ] GC(1062) PSYoungGen: 111616K(222720K)->29647K(222720K) Eden: 111616K(111616K)->29647K(111616K) From: 0K(111104K)->0K(111104K)
[328.751s][info][gc,heap        ] GC(1062) ParOldGen: 667450K(667648K)->667445K(667648K)
[328.751s][info][gc,metaspace   ] GC(1062) Metaspace: 18760K(19008K)->18760K(19008K) NonClass: 16098K(16256K)->16098K(16256K) Class: 2662K(2752K)->2662K(2752K)
[328.751s][info][gc             ] GC(1062) Pause Full (Allocation Failure) 760M->680M(869M) 1299.849ms
[328.751s][info][gc,cpu         ] GC(1062) User=2.54s Sys=0.00s Real=1.30s
[328.854s][info][gc,start       ] GC(1063) Pause Full (Allocation Failure)
[328.855s][info][gc,phases,start] GC(1063) Marking Phase
[329.381s][info][gc,phases      ] GC(1063) Marking Phase 526.640ms
[329.381s][info][gc,phases,start] GC(1063) Summary Phase
[329.381s][info][gc,phases      ] GC(1063) Summary Phase 0.022ms
[329.381s][info][gc,phases,start] GC(1063) Forward
[329.398s][info][gc,phases      ] GC(1063) Forward 16.560ms
[329.398s][info][gc,phases,start] GC(1063) Adjust Pointers
[329.743s][info][gc,phases      ] GC(1063) Adjust Pointers 344.856ms
[329.743s][info][gc,phases,start] GC(1063) Compaction Phase
[329.892s][info][gc,phases      ] GC(1063) Compaction Phase 149.113ms
[329.892s][info][gc,phases,start] GC(1063) Post Compact
[329.894s][info][gc,phases      ] GC(1063) Post Compact 2.214ms
[329.894s][info][gc,heap        ] GC(1063) PSYoungGen: 111616K(222720K)->31748K(222720K) Eden: 111616K(111616K)->31748K(111616K) From: 0K(111104K)->0K(111104K)
[329.894s][info][gc,heap        ] GC(1063) ParOldGen: 667445K(667648K)->667445K(667648K)
[329.894s][info][gc,metaspace   ] GC(1063) Metaspace: 18760K(19008K)->18760K(19008K) NonClass: 16098K(16256K)->16098K(16256K) Class: 2662K(2752K)->2662K(2752K)
[329.894s][info][gc             ] GC(1063) Pause Full (Allocation Failure) 760M->682M(869M) 1039.803ms
[329.894s][info][gc,cpu         ] GC(1063) User=2.03s Sys=0.01s Real=1.04s
[329.988s][info][gc,start       ] GC(1064) Pause Full (Allocation Failure)
[329.988s][info][gc,phases,start] GC(1064) Marking Phase
[330.508s][info][gc,phases      ] GC(1064) Marking Phase 519.842ms
[330.508s][info][gc,phases,start] GC(1064) Summary Phase
[330.508s][info][gc,phases      ] GC(1064) Summary Phase 0.023ms
[330.508s][info][gc,phases,start] GC(1064) Forward
[330.524s][info][gc,phases      ] GC(1064) Forward 16.544ms
[330.524s][info][gc,phases,start] GC(1064) Adjust Pointers
[330.868s][info][gc,phases      ] GC(1064) Adjust Pointers 343.271ms
[330.868s][info][gc,phases,start] GC(1064) Compaction Phase
[331.017s][info][gc,phases      ] GC(1064) Compaction Phase 149.210ms
[331.017s][info][gc,phases,start] GC(1064) Post Compact
[331.019s][info][gc,phases      ] GC(1064) Post Compact 2.183ms
[331.019s][info][gc,heap        ] GC(1064) PSYoungGen: 111616K(222720K)->34125K(222720K) Eden: 111616K(111616K)->34125K(111616K) From: 0K(111104K)->0K(111104K)
[331.019s][info][gc,heap        ] GC(1064) ParOldGen: 667445K(667648K)->667445K(667648K)
[331.019s][info][gc,metaspace   ] GC(1064) Metaspace: 18761K(19008K)->18761K(19008K) NonClass: 16099K(16256K)->16099K(16256K) Class: 2662K(2752K)->2662K(2752K)
[331.019s][info][gc             ] GC(1064) Pause Full (Allocation Failure) 760M->685M(869M) 1031.469ms
[331.019s][info][gc,cpu         ] GC(1064) User=2.01s Sys=0.00s Real=1.03s
[331.111s][info][gc,start       ] GC(1065) Pause Full (Allocation Failure)
[331.111s][info][gc,phases,start] GC(1065) Marking Phase
[331.639s][info][gc,phases      ] GC(1065) Marking Phase 528.102ms
[331.640s][info][gc,phases,start] GC(1065) Summary Phase
[331.640s][info][gc,phases      ] GC(1065) Summary Phase 0.040ms
[331.640s][info][gc,phases,start] GC(1065) Forward
[331.790s][info][gc,phases      ] GC(1065) Forward 150.294ms
[331.790s][info][gc,phases,start] GC(1065) Adjust Pointers
[332.193s][info][gc,phases      ] GC(1065) Adjust Pointers 403.117ms
[332.193s][info][gc,phases,start] GC(1065) Compaction Phase
[332.373s][info][gc,phases      ] GC(1065) Compaction Phase 179.955ms
[332.390s][info][gc,phases,start] GC(1065) Post Compact
[332.392s][info][gc,phases      ] GC(1065) Post Compact 2.258ms
[332.392s][info][gc,heap        ] GC(1065) PSYoungGen: 111616K(222720K)->34431K(222720K) Eden: 111616K(111616K)->34431K(111616K) From: 0K(111104K)->0K(111104K)
[332.392s][info][gc,heap        ] GC(1065) ParOldGen: 667445K(667648K)->667445K(667648K)
[332.392s][info][gc,metaspace   ] GC(1065) Metaspace: 18761K(19008K)->18761K(19008K) NonClass: 16099K(16256K)->16099K(16256K) Class: 2662K(2752K)->2662K(2752K)
[332.392s][info][gc             ] GC(1065) Pause Full (Allocation Failure) 760M->685M(869M) 1280.968ms
[332.392s][info][gc,cpu         ] GC(1065) User=2.51s Sys=0.00s Real=1.28s
[332.438s][info][gc,start       ] GC(1066) Pause Full (Allocation Failure)
[332.438s][info][gc,phases,start] GC(1066) Marking Phase
[332.957s][info][gc,phases      ] GC(1066) Marking Phase 519.261ms
[332.957s][info][gc,phases,start] GC(1066) Summary Phase
[332.957s][info][gc,phases      ] GC(1066) Summary Phase 0.025ms
[332.957s][info][gc,phases,start] GC(1066) Forward
[333.111s][info][gc,phases      ] GC(1066) Forward 153.606ms
[333.111s][info][gc,phases,start] GC(1066) Adjust Pointers
[333.520s][info][gc,phases      ] GC(1066) Adjust Pointers 409.340ms
[333.520s][info][gc,phases,start] GC(1066) Compaction Phase
[333.706s][info][gc,phases      ] GC(1066) Compaction Phase 186.076ms
[333.723s][info][gc,phases,start] GC(1066) Post Compact
[333.725s][info][gc,phases      ] GC(1066) Post Compact 2.336ms
[333.726s][info][gc,heap        ] GC(1066) PSYoungGen: 111616K(222720K)->34432K(222720K) Eden: 111616K(111616K)->34432K(111616K) From: 0K(111104K)->0K(111104K)
[333.726s][info][gc,heap        ] GC(1066) ParOldGen: 667445K(667648K)->667443K(667648K)
[333.726s][info][gc,metaspace   ] GC(1066) Metaspace: 18761K(19008K)->18761K(19008K) NonClass: 16099K(16256K)->16099K(16256K) Class: 2662K(2752K)->2662K(2752K)
[333.726s][info][gc             ] GC(1066) Pause Full (Allocation Failure) 760M->685M(869M) 1288.052ms
[333.726s][info][gc,cpu         ] GC(1066) User=2.52s Sys=0.01s Real=1.29s
[333.773s][info][gc,start       ] GC(1067) Pause Full (Allocation Failure)
[333.773s][info][gc,phases,start] GC(1067) Marking Phase
[334.287s][info][gc,phases      ] GC(1067) Marking Phase 514.039ms
[334.287s][info][gc,phases,start] GC(1067) Summary Phase
[334.287s][info][gc,phases      ] GC(1067) Summary Phase 0.031ms
[334.287s][info][gc,phases,start] GC(1067) Forward
[334.304s][info][gc,phases      ] GC(1067) Forward 17.607ms
[334.304s][info][gc,phases,start] GC(1067) Adjust Pointers
[334.647s][info][gc,phases      ] GC(1067) Adjust Pointers 342.859ms
[334.647s][info][gc,phases,start] GC(1067) Compaction Phase
[334.795s][info][gc,phases      ] GC(1067) Compaction Phase 147.840ms
[334.795s][info][gc,phases,start] GC(1067) Post Compact
[334.797s][info][gc,phases      ] GC(1067) Post Compact 2.195ms
[334.798s][info][gc,heap        ] GC(1067) PSYoungGen: 111616K(222720K)->34431K(222720K) Eden: 111616K(111616K)->34431K(111616K) From: 0K(111104K)->0K(111104K)
[334.798s][info][gc,heap        ] GC(1067) ParOldGen: 667443K(667648K)->667443K(667648K)
[334.798s][info][gc,metaspace   ] GC(1067) Metaspace: 18761K(19008K)->18761K(19008K) NonClass: 16099K(16256K)->16099K(16256K) Class: 2662K(2752K)->2662K(2752K)
[334.798s][info][gc             ] GC(1067) Pause Full (Allocation Failure) 760M->685M(869M) 1024.923ms
[334.798s][info][gc,cpu         ] GC(1067) User=2.00s Sys=0.00s Real=1.02s
[334.891s][info][gc,start       ] GC(1068) Pause Full (Allocation Failure)
[334.891s][info][gc,phases,start] GC(1068) Marking Phase
[335.413s][info][gc,phases      ] GC(1068) Marking Phase 522.008ms
[335.413s][info][gc,phases,start] GC(1068) Summary Phase
[335.413s][info][gc,phases      ] GC(1068) Summary Phase 0.024ms
[335.413s][info][gc,phases,start] GC(1068) Forward
[335.431s][info][gc,phases      ] GC(1068) Forward 17.843ms
[335.431s][info][gc,phases,start] GC(1068) Adjust Pointers
[335.780s][info][gc,phases      ] GC(1068) Adjust Pointers 349.264ms
[335.780s][info][gc,phases,start] GC(1068) Compaction Phase
[335.930s][info][gc,phases      ] GC(1068) Compaction Phase 150.094ms
[335.931s][info][gc,phases,start] GC(1068) Post Compact
[335.933s][info][gc,phases      ] GC(1068) Post Compact 2.178ms
[335.933s][info][gc,heap        ] GC(1068) PSYoungGen: 111616K(222720K)->39040K(222720K) Eden: 111616K(111616K)->39040K(111616K) From: 0K(111104K)->0K(111104K)
[335.933s][info][gc,heap        ] GC(1068) ParOldGen: 667443K(667648K)->667443K(667648K)
[335.933s][info][gc,metaspace   ] GC(1068) Metaspace: 18761K(19008K)->18761K(19008K) NonClass: 16099K(16256K)->16099K(16256K) Class: 2662K(2752K)->2662K(2752K)
[335.933s][info][gc             ] GC(1068) Pause Full (Allocation Failure) 760M->689M(869M) 1041.804ms
[335.933s][info][gc,cpu         ] GC(1068) User=2.04s Sys=0.00s Real=1.04s
[336.044s][info][gc,start       ] GC(1069) Pause Full (Allocation Failure)
[336.044s][info][gc,phases,start] GC(1069) Marking Phase
[336.563s][info][gc,phases      ] GC(1069) Marking Phase 519.347ms
[336.563s][info][gc,phases,start] GC(1069) Summary Phase
[336.563s][info][gc,phases      ] GC(1069) Summary Phase 0.033ms
[336.563s][info][gc,phases,start] GC(1069) Forward
[336.584s][info][gc,phases      ] GC(1069) Forward 20.524ms
[336.584s][info][gc,phases,start] GC(1069) Adjust Pointers
[336.934s][info][gc,phases      ] GC(1069) Adjust Pointers 350.041ms
[336.934s][info][gc,phases,start] GC(1069) Compaction Phase
[337.090s][info][gc,phases      ] GC(1069) Compaction Phase 155.480ms
[337.090s][info][gc,phases,start] GC(1069) Post Compact
[337.092s][info][gc,phases      ] GC(1069) Post Compact 2.197ms
[337.092s][info][gc,heap        ] GC(1069) PSYoungGen: 111616K(222720K)->40988K(222720K) Eden: 111616K(111616K)->40988K(111616K) From: 0K(111104K)->0K(111104K)
[337.092s][info][gc,heap        ] GC(1069) ParOldGen: 667443K(667648K)->667443K(667648K)
[337.092s][info][gc,metaspace   ] GC(1069) Metaspace: 18761K(19008K)->18761K(19008K) NonClass: 16099K(16256K)->16099K(16256K) Class: 2662K(2752K)->2662K(2752K)
[337.092s][info][gc             ] GC(1069) Pause Full (Allocation Failure) 760M->691M(869M) 1048.034ms
[337.092s][info][gc,cpu         ] GC(1069) User=2.04s Sys=0.00s Real=1.05s
[337.157s][info][gc,start       ] GC(1070) Pause Full (Allocation Failure)
[337.157s][info][gc,phases,start] GC(1070) Marking Phase
[337.682s][info][gc,phases      ] GC(1070) Marking Phase 524.338ms
[337.682s][info][gc,phases,start] GC(1070) Summary Phase
[337.682s][info][gc,phases      ] GC(1070) Summary Phase 0.024ms
[337.682s][info][gc,phases,start] GC(1070) Forward
[337.703s][info][gc,phases      ] GC(1070) Forward 21.134ms
[337.703s][info][gc,phases,start] GC(1070) Adjust Pointers
[338.052s][info][gc,phases      ] GC(1070) Adjust Pointers 348.622ms
[338.052s][info][gc,phases,start] GC(1070) Compaction Phase
[338.203s][info][gc,phases      ] GC(1070) Compaction Phase 151.718ms
[338.203s][info][gc,phases,start] GC(1070) Post Compact
[338.206s][info][gc,phases      ] GC(1070) Post Compact 2.223ms
[338.206s][info][gc,heap        ] GC(1070) PSYoungGen: 111616K(222720K)->41898K(222720K) Eden: 111616K(111616K)->41898K(111616K) From: 0K(111104K)->0K(111104K)
[338.206s][info][gc,heap        ] GC(1070) ParOldGen: 667443K(667648K)->667443K(667648K)
[338.206s][info][gc,metaspace   ] GC(1070) Metaspace: 18761K(19008K)->18761K(19008K) NonClass: 16099K(16256K)->16099K(16256K) Class: 2662K(2752K)->2662K(2752K)
[338.206s][info][gc             ] GC(1070) Pause Full (Allocation Failure) 760M->692M(869M) 1048.448ms
[338.206s][info][gc,cpu         ] GC(1070) User=2.04s Sys=0.00s Real=1.05s
[338.286s][info][gc,start       ] GC(1071) Pause Full (Allocation Failure)
[338.286s][info][gc,phases,start] GC(1071) Marking Phase
[338.810s][info][gc,phases      ] GC(1071) Marking Phase 523.472ms
[338.810s][info][gc,phases,start] GC(1071) Summary Phase
[338.810s][info][gc,phases      ] GC(1071) Summary Phase 0.022ms
[338.810s][info][gc,phases,start] GC(1071) Forward
[338.830s][info][gc,phases      ] GC(1071) Forward 20.699ms
[338.830s][info][gc,phases,start] GC(1071) Adjust Pointers
[339.182s][info][gc,phases      ] GC(1071) Adjust Pointers 351.305ms
[339.182s][info][gc,phases,start] GC(1071) Compaction Phase
[339.331s][info][gc,phases      ] GC(1071) Compaction Phase 149.625ms
[339.332s][info][gc,phases,start] GC(1071) Post Compact
[339.334s][info][gc,phases      ] GC(1071) Post Compact 2.208ms
[339.334s][info][gc,heap        ] GC(1071) PSYoungGen: 111616K(222720K)->41968K(222720K) Eden: 111616K(111616K)->41968K(111616K) From: 0K(111104K)->0K(111104K)
[339.334s][info][gc,heap        ] GC(1071) ParOldGen: 667443K(667648K)->667443K(667648K)
[339.334s][info][gc,metaspace   ] GC(1071) Metaspace: 18761K(19008K)->18761K(19008K) NonClass: 16099K(16256K)->16099K(16256K) Class: 2662K(2752K)->2662K(2752K)
[339.334s][info][gc             ] GC(1071) Pause Full (Allocation Failure) 760M->692M(869M) 1047.747ms
[339.334s][info][gc,cpu         ] GC(1071) User=2.04s Sys=0.00s Real=1.05s
[339.574s][info][gc,start       ] GC(1072) Pause Full (Allocation Failure)
[339.574s][info][gc,phases,start] GC(1072) Marking Phase
[339.985s][info][gc,phases      ] GC(1072) Marking Phase 411.348ms
[339.985s][info][gc,phases,start] GC(1072) Summary Phase
[339.985s][info][gc,phases      ] GC(1072) Summary Phase 0.024ms
[339.985s][info][gc,phases,start] GC(1072) Forward
[340.127s][info][gc,phases      ] GC(1072) Forward 141.975ms
[340.127s][info][gc,phases,start] GC(1072) Adjust Pointers
[340.437s][info][gc,phases      ] GC(1072) Adjust Pointers 309.457ms
[340.437s][info][gc,phases,start] GC(1072) Compaction Phase
[340.578s][info][gc,phases      ] GC(1072) Compaction Phase 141.026ms
[340.589s][info][gc,phases,start] GC(1072) Post Compact
[340.592s][info][gc,phases      ] GC(1072) Post Compact 2.281ms
[340.592s][info][gc,heap        ] GC(1072) PSYoungGen: 111616K(222720K)->0K(222720K) Eden: 111616K(111616K)->0K(111616K) From: 0K(111104K)->0K(111104K)
[340.592s][info][gc,heap        ] GC(1072) ParOldGen: 667443K(667648K)->578391K(667648K)
[340.592s][info][gc,metaspace   ] GC(1072) Metaspace: 18762K(19008K)->18762K(19008K) NonClass: 16099K(16256K)->16099K(16256K) Class: 2662K(2752K)->2662K(2752K)
[340.592s][info][gc             ] GC(1072) Pause Full (Allocation Failure) 760M->564M(869M) 1017.892ms
[340.592s][info][gc,cpu         ] GC(1072) User=1.94s Sys=0.01s Real=1.02s
[340.881s][info][gc,start       ] GC(1073) Pause Young (Allocation Failure)
[340.883s][info][gc,heap        ] GC(1073) PSYoungGen: 111616K(222720K)->216K(222720K) Eden: 111616K(111616K)->0K(111616K) From: 0K(111104K)->216K(111104K)
[340.883s][info][gc,heap        ] GC(1073) ParOldGen: 578391K(667648K)->578391K(667648K)
[340.883s][info][gc,metaspace   ] GC(1073) Metaspace: 18762K(19008K)->18762K(19008K) NonClass: 16099K(16256K)->16099K(16256K) Class: 2662K(2752K)->2662K(2752K)
[340.883s][info][gc             ] GC(1073) Pause Young (Allocation Failure) 673M->565M(869M) 2.162ms
[340.883s][info][gc,cpu         ] GC(1073) User=0.01s Sys=0.00s Real=0.00s
[341.123s][info][gc,start       ] GC(1074) Pause Young (Allocation Failure)
[341.146s][info][gc,heap        ] GC(1074) PSYoungGen: 111832K(222720K)->21280K(222720K) Eden: 111616K(111616K)->0K(111616K) From: 216K(111104K)->21280K(111104K)
[341.146s][info][gc,heap        ] GC(1074) ParOldGen: 578391K(667648K)->578567K(667648K)
[341.146s][info][gc,metaspace   ] GC(1074) Metaspace: 18762K(19008K)->18762K(19008K) NonClass: 16099K(16256K)->16099K(16256K) Class: 2662K(2752K)->2662K(2752K)
[341.146s][info][gc             ] GC(1074) Pause Young (Allocation Failure) 674M->585M(869M) 22.628ms
[341.146s][info][gc,cpu         ] GC(1074) User=0.05s Sys=0.00s Real=0.02s
[341.358s][info][gc,start       ] GC(1075) Pause Young (Allocation Failure)
[341.383s][info][gc,heap        ] GC(1075) PSYoungGen: 132896K(222720K)->21280K(133120K) Eden: 111616K(111616K)->0K(111616K) From: 21280K(111104K)->21280K(21504K)
[341.383s][info][gc,heap        ] GC(1075) ParOldGen: 578567K(667648K)->578567K(667648K)
[341.383s][info][gc,metaspace   ] GC(1075) Metaspace: 18762K(19008K)->18762K(19008K) NonClass: 16099K(16256K)->16099K(16256K) Class: 2662K(2752K)->2662K(2752K)
[341.383s][info][gc             ] GC(1075) Pause Young (Allocation Failure) 694M->585M(782M) 24.743ms
[341.383s][info][gc,cpu         ] GC(1075) User=0.05s Sys=0.00s Real=0.03s
[341.589s][info][gc,start       ] GC(1076) Pause Young (Allocation Failure)
[341.616s][info][gc,heap        ] GC(1076) PSYoungGen: 132896K(133120K)->21280K(212992K) Eden: 111616K(111616K)->0K(115200K) From: 21280K(21504K)->21280K(97792K)
[341.616s][info][gc,heap        ] GC(1076) ParOldGen: 578567K(667648K)->578567K(667648K)
[341.616s][info][gc,metaspace   ] GC(1076) Metaspace: 18762K(19008K)->18762K(19008K) NonClass: 16099K(16256K)->16099K(16256K) Class: 2662K(2752K)->2662K(2752K)
[341.616s][info][gc             ] GC(1076) Pause Young (Allocation Failure) 694M->585M(860M) 27.015ms
[341.616s][info][gc,cpu         ] GC(1076) User=0.05s Sys=0.00s Real=0.03s
[342.379s][info][gc,start       ] GC(1077) Pause Young (Allocation Failure)
[342.403s][info][gc,heap        ] GC(1077) PSYoungGen: 136480K(212992K)->21700K(137216K) Eden: 115200K(115200K)->0K(115200K) From: 21280K(97792K)->21700K(22016K)
[342.403s][info][gc,heap        ] GC(1077) ParOldGen: 578567K(667648K)->578567K(667648K)
[342.403s][info][gc,metaspace   ] GC(1077) Metaspace: 18762K(19008K)->18762K(19008K) NonClass: 16099K(16256K)->16099K(16256K) Class: 2662K(2752K)->2662K(2752K)
[342.403s][info][gc             ] GC(1077) Pause Young (Allocation Failure) 698M->586M(786M) 23.430ms
[342.403s][info][gc,cpu         ] GC(1077) User=0.05s Sys=0.00s Real=0.03s
[342.947s][info][gc,start       ] GC(1078) Pause Young (Allocation Failure)
[342.972s][info][gc,heap        ] GC(1078) PSYoungGen: 136900K(137216K)->22084K(201728K) Eden: 115200K(115200K)->0K(117760K) From: 21700K(22016K)->22084K(83968K)
[342.972s][info][gc,heap        ] GC(1078) ParOldGen: 578567K(667648K)->578567K(667648K)
[342.972s][info][gc,metaspace   ] GC(1078) Metaspace: 18762K(19008K)->18762K(19008K) NonClass: 16099K(16256K)->16099K(16256K) Class: 2662K(2752K)->2662K(2752K)
[342.972s][info][gc             ] GC(1078) Pause Young (Allocation Failure) 698M->586M(849M) 24.556ms
[342.972s][info][gc,cpu         ] GC(1078) User=0.04s Sys=0.01s Real=0.03s
[343.590s][info][gc,start       ] GC(1079) Pause Young (Allocation Failure)
[343.616s][info][gc,heap        ] GC(1079) PSYoungGen: 139821K(201728K)->23496K(141312K) Eden: 117737K(117760K)->0K(117760K) From: 22084K(83968K)->23496K(23552K)
[343.616s][info][gc,heap        ] GC(1079) ParOldGen: 578567K(667648K)->578567K(667648K)
[343.616s][info][gc,metaspace   ] GC(1079) Metaspace: 18778K(19008K)->18778K(19008K) NonClass: 16116K(16256K)->16116K(16256K) Class: 2662K(2752K)->2662K(2752K)
[343.616s][info][gc             ] GC(1079) Pause Young (Allocation Failure) 701M->587M(790M) 25.842ms
[343.616s][info][gc,cpu         ] GC(1079) User=0.05s Sys=0.00s Real=0.03s
[343.877s][info][gc,start       ] GC(1080) Pause Young (Allocation Failure)
[343.903s][info][gc,heap        ] GC(1080) PSYoungGen: 141183K(141312K)->23646K(194048K) Eden: 117686K(117760K)->0K(119808K) From: 23496K(23552K)->23646K(74240K)
[343.903s][info][gc,heap        ] GC(1080) ParOldGen: 578567K(667648K)->578567K(667648K)
[343.903s][info][gc,metaspace   ] GC(1080) Metaspace: 18778K(19008K)->18778K(19008K) NonClass: 16116K(16256K)->16116K(16256K) Class: 2662K(2752K)->2662K(2752K)
[343.903s][info][gc             ] GC(1080) Pause Young (Allocation Failure) 702M->588M(841M) 25.616ms
[343.903s][info][gc,cpu         ] GC(1080) User=0.05s Sys=0.00s Real=0.03s
[344.185s][info][gc,start       ] GC(1081) Pause Young (Allocation Failure)
[344.210s][info][gc,heap        ] GC(1081) PSYoungGen: 143454K(194048K)->23800K(143872K) Eden: 119808K(119808K)->0K(119808K) From: 23646K(74240K)->23800K(24064K)
[344.210s][info][gc,heap        ] GC(1081) ParOldGen: 578567K(667648K)->578575K(667648K)
[344.210s][info][gc,metaspace   ] GC(1081) Metaspace: 18788K(19008K)->18788K(19008K) NonClass: 16126K(16256K)->16126K(16256K) Class: 2662K(2752K)->2662K(2752K)
[344.210s][info][gc             ] GC(1081) Pause Young (Allocation Failure) 705M->588M(792M) 25.210ms
[344.210s][info][gc,cpu         ] GC(1081) User=0.05s Sys=0.00s Real=0.02s
[344.484s][info][gc,start       ] GC(1082) Pause Young (Allocation Failure)
[344.512s][info][gc,heap        ] GC(1082) PSYoungGen: 143608K(143872K)->25732K(187904K) Eden: 119808K(119808K)->0K(121856K) From: 23800K(24064K)->25732K(66048K)
[344.512s][info][gc,heap        ] GC(1082) ParOldGen: 578575K(667648K)->578583K(667648K)
[344.512s][info][gc,metaspace   ] GC(1082) Metaspace: 18792K(19008K)->18792K(19008K) NonClass: 16130K(16256K)->16130K(16256K) Class: 2662K(2752K)->2662K(2752K)
[344.512s][info][gc             ] GC(1082) Pause Young (Allocation Failure) 705M->590M(835M) 27.197ms
[344.512s][info][gc,cpu         ] GC(1082) User=0.05s Sys=0.01s Real=0.03s
[344.628s][info][gc,start       ] GC(1083) Pause Young (Allocation Failure)
[344.700s][info][gc,heap        ] GC(1083) PSYoungGen: 147588K(187904K)->70628K(192512K) Eden: 121856K(121856K)->0K(121856K) From: 25732K(66048K)->70628K(70656K)
[344.700s][info][gc,heap        ] GC(1083) ParOldGen: 578583K(667648K)->583695K(667648K)
[344.700s][info][gc,metaspace   ] GC(1083) Metaspace: 18804K(19008K)->18804K(19008K) NonClass: 16141K(16256K)->16141K(16256K) Class: 2663K(2752K)->2663K(2752K)
[344.700s][info][gc             ] GC(1083) Pause Young (Allocation Failure) 709M->638M(840M) 71.989ms
[344.700s][info][gc,cpu         ] GC(1083) User=0.14s Sys=0.00s Real=0.07s
[344.802s][info][gc,start       ] GC(1084) Pause Young (Allocation Failure)
[344.903s][info][gc,heap        ] GC(1084) PSYoungGen: 192484K(192512K)->82980K(197120K) Eden: 121856K(121856K)->0K(112640K) From: 70628K(70656K)->82980K(84480K)
[344.903s][info][gc,heap        ] GC(1084) ParOldGen: 583695K(667648K)->605023K(667648K)
[344.903s][info][gc,metaspace   ] GC(1084) Metaspace: 18804K(19008K)->18804K(19008K) NonClass: 16141K(16256K)->16141K(16256K) Class: 2663K(2752K)->2663K(2752K)
[344.904s][info][gc             ] GC(1084) Pause Young (Allocation Failure) 757M->671M(844M) 101.931ms
[344.904s][info][gc,cpu         ] GC(1084) User=0.18s Sys=0.02s Real=0.10s
[345.012s][info][gc,start       ] GC(1085) Pause Young (Allocation Failure)
[345.107s][info][gc,heap        ] GC(1085) PSYoungGen: 195620K(197120K)->97764K(210432K) Eden: 112640K(112640K)->0K(112640K) From: 82980K(84480K)->97764K(97792K)
[345.107s][info][gc,heap        ] GC(1085) ParOldGen: 605023K(667648K)->633339K(667648K)
[345.107s][info][gc,metaspace   ] GC(1085) Metaspace: 18804K(19008K)->18804K(19008K) NonClass: 16141K(16256K)->16141K(16256K) Class: 2663K(2752K)->2663K(2752K)
[345.107s][info][gc             ] GC(1085) Pause Young (Allocation Failure) 781M->713M(857M) 94.920ms
[345.107s][info][gc,cpu         ] GC(1085) User=0.19s Sys=0.00s Real=0.09s
[345.291s][info][gc,start       ] GC(1086) Pause Full (Allocation Failure)
[345.291s][info][gc,phases,start] GC(1086) Marking Phase
[345.418s][info][gc,phases      ] GC(1086) Marking Phase 126.956ms
[345.418s][info][gc,phases,start] GC(1086) Summary Phase
[345.418s][info][gc,phases      ] GC(1086) Summary Phase 0.025ms
[345.418s][info][gc,phases,start] GC(1086) Forward
[345.457s][info][gc,phases      ] GC(1086) Forward 38.323ms
[345.457s][info][gc,phases,start] GC(1086) Adjust Pointers
[345.543s][info][gc,phases      ] GC(1086) Adjust Pointers 86.245ms
[345.543s][info][gc,phases,start] GC(1086) Compaction Phase
[345.601s][info][gc,phases      ] GC(1086) Compaction Phase 58.345ms
[345.603s][info][gc,phases,start] GC(1086) Post Compact
[345.606s][info][gc,phases      ] GC(1086) Post Compact 2.388ms
[345.617s][info][gc,heap        ] GC(1086) PSYoungGen: 210404K(210432K)->0K(222720K) Eden: 112640K(112640K)->0K(111616K) From: 97764K(97792K)->0K(111104K)
[345.617s][info][gc,heap        ] GC(1086) ParOldGen: 633339K(667648K)->211230K(527872K)
[345.617s][info][gc,metaspace   ] GC(1086) Metaspace: 18804K(19008K)->18804K(19008K) NonClass: 16141K(16256K)->16141K(16256K) Class: 2663K(2752K)->2663K(2752K)
[345.617s][info][gc             ] GC(1086) Pause Full (Allocation Failure) 823M->206M(733M) 325.446ms
[345.617s][info][gc,cpu         ] GC(1086) User=0.60s Sys=0.01s Real=0.32s
[345.733s][info][gc,start       ] GC(1087) Pause Young (Allocation Failure)
[345.747s][info][gc,heap        ] GC(1087) PSYoungGen: 111616K(222720K)->7200K(222720K) Eden: 111616K(111616K)->0K(111616K) From: 0K(111104K)->7200K(111104K)
[345.747s][info][gc,heap        ] GC(1087) ParOldGen: 211230K(527872K)->211230K(527872K)
[345.747s][info][gc,metaspace   ] GC(1087) Metaspace: 18804K(19008K)->18804K(19008K) NonClass: 16141K(16256K)->16141K(16256K) Class: 2663K(2752K)->2663K(2752K)
[345.747s][info][gc             ] GC(1087) Pause Young (Allocation Failure) 315M->213M(733M) 13.383ms
[345.747s][info][gc,cpu         ] GC(1087) User=0.02s Sys=0.00s Real=0.01s
[345.937s][info][gc,start       ] GC(1088) Pause Young (Allocation Failure)
[345.974s][info][gc,heap        ] GC(1088) PSYoungGen: 118816K(222720K)->20210K(222720K) Eden: 111616K(111616K)->0K(111616K) From: 7200K(111104K)->20210K(111104K)
[345.974s][info][gc,heap        ] GC(1088) ParOldGen: 211230K(527872K)->211238K(527872K)
[345.975s][info][gc,metaspace   ] GC(1088) Metaspace: 18815K(19008K)->18815K(19008K) NonClass: 16152K(16256K)->16152K(16256K) Class: 2663K(2752K)->2663K(2752K)
[345.975s][info][gc             ] GC(1088) Pause Young (Allocation Failure) 322M->226M(733M) 37.933ms
[345.975s][info][gc,cpu         ] GC(1088) User=0.08s Sys=0.00s Real=0.04s
[346.189s][info][gc,start       ] GC(1089) Pause Young (Allocation Failure)
[346.257s][info][gc,heap        ] GC(1089) PSYoungGen: 131826K(222720K)->41586K(222720K) Eden: 111616K(111616K)->0K(111616K) From: 20210K(111104K)->41586K(111104K)
[346.257s][info][gc,heap        ] GC(1089) ParOldGen: 211238K(527872K)->211238K(527872K)
[346.257s][info][gc,metaspace   ] GC(1089) Metaspace: 18815K(19008K)->18815K(19008K) NonClass: 16152K(16256K)->16152K(16256K) Class: 2663K(2752K)->2663K(2752K)
[346.257s][info][gc             ] GC(1089) Pause Young (Allocation Failure) 335M->246M(733M) 67.901ms
[346.257s][info][gc,cpu         ] GC(1089) User=0.13s Sys=0.00s Real=0.07s
[346.417s][info][gc,start       ] GC(1090) Pause Young (Allocation Failure)
[346.487s][info][gc,heap        ] GC(1090) PSYoungGen: 153202K(222720K)->47570K(215552K) Eden: 111616K(111616K)->0K(111616K) From: 41586K(111104K)->47570K(103936K)
[346.487s][info][gc,heap        ] GC(1090) ParOldGen: 211238K(527872K)->211238K(527872K)
[346.487s][info][gc,metaspace   ] GC(1090) Metaspace: 18815K(19008K)->18815K(19008K) NonClass: 16152K(16256K)->16152K(16256K) Class: 2663K(2752K)->2663K(2752K)
[346.487s][info][gc             ] GC(1090) Pause Young (Allocation Failure) 355M->252M(726M) 70.147ms
[346.487s][info][gc,cpu         ] GC(1090) User=0.14s Sys=0.01s Real=0.07s
[346.588s][info][gc,start       ] GC(1091) Pause Young (Allocation Failure)
[346.663s][info][gc,heap        ] GC(1091) PSYoungGen: 159186K(215552K)->52050K(219136K) Eden: 111616K(111616K)->0K(111616K) From: 47570K(103936K)->52050K(107520K)
[346.663s][info][gc,heap        ] GC(1091) ParOldGen: 211238K(527872K)->211238K(527872K)
[346.663s][info][gc,metaspace   ] GC(1091) Metaspace: 18815K(19008K)->18815K(19008K) NonClass: 16152K(16256K)->16152K(16256K) Class: 2663K(2752K)->2663K(2752K)
[346.663s][info][gc             ] GC(1091) Pause Young (Allocation Failure) 361M->257M(729M) 75.118ms
[346.663s][info][gc,cpu         ] GC(1091) User=0.14s Sys=0.00s Real=0.08s
[346.759s][info][gc,start       ] GC(1092) Pause Young (Allocation Failure)
[346.855s][info][gc,heap        ] GC(1092) PSYoungGen: 163666K(219136K)->70290K(219136K) Eden: 111616K(111616K)->0K(114176K) From: 52050K(107520K)->70290K(104960K)
[346.855s][info][gc,heap        ] GC(1092) ParOldGen: 211238K(527872K)->211238K(527872K)
[346.855s][info][gc,metaspace   ] GC(1092) Metaspace: 18815K(19008K)->18815K(19008K) NonClass: 16152K(16256K)->16152K(16256K) Class: 2663K(2752K)->2663K(2752K)
[346.855s][info][gc             ] GC(1092) Pause Young (Allocation Failure) 366M->274M(729M) 96.511ms
[346.855s][info][gc,cpu         ] GC(1092) User=0.19s Sys=0.00s Real=0.10s
[346.931s][info][gc,start       ] GC(1093) Pause Young (Allocation Failure)
[347.048s][info][gc,heap        ] GC(1093) PSYoungGen: 184466K(219136K)->92299K(206848K) Eden: 114176K(114176K)->0K(114176K) From: 70290K(104960K)->92299K(92672K)
[347.048s][info][gc,heap        ] GC(1093) ParOldGen: 211238K(527872K)->211238K(527872K)
[347.048s][info][gc,metaspace   ] GC(1093) Metaspace: 18815K(19008K)->18815K(19008K) NonClass: 16152K(16256K)->16152K(16256K) Class: 2663K(2752K)->2663K(2752K)
[347.048s][info][gc             ] GC(1093) Pause Young (Allocation Failure) 386M->296M(717M) 117.378ms
[347.048s][info][gc,cpu         ] GC(1093) User=0.24s Sys=0.00s Real=0.11s
[347.151s][info][gc,start       ] GC(1094) Pause Young (Allocation Failure)
[347.306s][info][gc,heap        ] GC(1094) PSYoungGen: 206475K(206848K)->111083K(222720K) Eden: 114176K(114176K)->0K(111616K) From: 92299K(92672K)->111083K(111104K)
[347.306s][info][gc,heap        ] GC(1094) ParOldGen: 211238K(527872K)->212266K(527872K)
[347.306s][info][gc,metaspace   ] GC(1094) Metaspace: 18815K(19008K)->18815K(19008K) NonClass: 16152K(16256K)->16152K(16256K) Class: 2663K(2752K)->2663K(2752K)
[347.306s][info][gc             ] GC(1094) Pause Young (Allocation Failure) 407M->315M(733M) 154.427ms
[347.306s][info][gc,cpu         ] GC(1094) User=0.28s Sys=0.03s Real=0.15s
[347.396s][info][gc,start       ] GC(1095) Pause Young (Allocation Failure)
[347.533s][info][gc,heap        ] GC(1095) PSYoungGen: 222699K(222720K)->103923K(222720K) Eden: 111616K(111616K)->0K(111616K) From: 111083K(111104K)->103923K(111104K)
[347.533s][info][gc,heap        ] GC(1095) ParOldGen: 212266K(527872K)->231041K(527872K)
[347.533s][info][gc,metaspace   ] GC(1095) Metaspace: 18815K(19008K)->18815K(19008K) NonClass: 16152K(16256K)->16152K(16256K) Class: 2663K(2752K)->2663K(2752K)
[347.533s][info][gc             ] GC(1095) Pause Young (Allocation Failure) 424M->327M(733M) 136.609ms
[347.533s][info][gc,cpu         ] GC(1095) User=0.27s Sys=0.00s Real=0.14s
[347.619s][info][gc,start       ] GC(1096) Pause Young (Allocation Failure)
[347.719s][info][gc,heap        ] GC(1096) PSYoungGen: 215539K(222720K)->78995K(222720K) Eden: 111616K(111616K)->0K(111616K) From: 103923K(111104K)->78995K(111104K)
[347.719s][info][gc,heap        ] GC(1096) ParOldGen: 231041K(527872K)->258910K(527872K)
[347.719s][info][gc,metaspace   ] GC(1096) Metaspace: 18817K(19008K)->18817K(19008K) NonClass: 16154K(16256K)->16154K(16256K) Class: 2663K(2752K)->2663K(2752K)
[347.719s][info][gc             ] GC(1096) Pause Young (Allocation Failure) 436M->329M(733M) 100.376ms
[347.719s][info][gc,cpu         ] GC(1096) User=0.20s Sys=0.00s Real=0.10s
[347.813s][info][gc,start       ] GC(1097) Pause Young (Allocation Failure)
[347.887s][info][gc,heap        ] GC(1097) PSYoungGen: 190611K(222720K)->58675K(222720K) Eden: 111616K(111616K)->0K(111616K) From: 78995K(111104K)->58675K(111104K)
[347.887s][info][gc,heap        ] GC(1097) ParOldGen: 258910K(527872K)->281718K(527872K)
[347.887s][info][gc,metaspace   ] GC(1097) Metaspace: 18823K(19008K)->18823K(19008K) NonClass: 16160K(16256K)->16160K(16256K) Class: 2663K(2752K)->2663K(2752K)
[347.887s][info][gc             ] GC(1097) Pause Young (Allocation Failure) 438M->332M(733M) 74.679ms
[347.887s][info][gc,cpu         ] GC(1097) User=0.15s Sys=0.00s Real=0.07s
[347.954s][info][gc,start       ] GC(1098) Pause Young (Allocation Failure)
[348.009s][info][gc,heap        ] GC(1098) PSYoungGen: 170291K(222720K)->20867K(222720K) Eden: 111616K(111616K)->0K(111616K) From: 58675K(111104K)->20867K(111104K)
[348.010s][info][gc,heap        ] GC(1098) ParOldGen: 281718K(527872K)->323773K(527872K)
[348.010s][info][gc,metaspace   ] GC(1098) Metaspace: 18823K(19008K)->18823K(19008K) NonClass: 16160K(16256K)->16160K(16256K) Class: 2663K(2752K)->2663K(2752K)
[348.010s][info][gc             ] GC(1098) Pause Young (Allocation Failure) 441M->336M(733M) 55.112ms
[348.010s][info][gc,cpu         ] GC(1098) User=0.11s Sys=0.00s Real=0.05s
[348.260s][info][gc,start       ] GC(1099) Pause Young (Allocation Failure)
[348.287s][info][gc,heap        ] GC(1099) PSYoungGen: 132483K(222720K)->7200K(222720K) Eden: 111616K(111616K)->0K(111616K) From: 20867K(111104K)->7200K(111104K)
[348.287s][info][gc,heap        ] GC(1099) ParOldGen: 323773K(527872K)->338217K(527872K)
[348.287s][info][gc,metaspace   ] GC(1099) Metaspace: 18823K(19008K)->18823K(19008K) NonClass: 16160K(16256K)->16160K(16256K) Class: 2663K(2752K)->2663K(2752K)
[348.287s][info][gc             ] GC(1099) Pause Young (Allocation Failure) 445M->337M(733M) 26.316ms
[348.287s][info][gc,cpu         ] GC(1099) User=0.05s Sys=0.00s Real=0.02s
[348.548s][info][gc,start       ] GC(1100) Pause Young (Allocation Failure)
[348.583s][info][gc,heap        ] GC(1100) PSYoungGen: 118816K(222720K)->28768K(222720K) Eden: 111616K(111616K)->0K(111616K) From: 7200K(111104K)->28768K(111104K)
[348.583s][info][gc,heap        ] GC(1100) ParOldGen: 338217K(527872K)->344665K(527872K)
[348.583s][info][gc,metaspace   ] GC(1100) Metaspace: 18823K(19008K)->18823K(19008K) NonClass: 16160K(16256K)->16160K(16256K) Class: 2663K(2752K)->2663K(2752K)
[348.583s][info][gc             ] GC(1100) Pause Young (Allocation Failure) 446M->364M(733M) 35.294ms
[348.583s][info][gc,cpu         ] GC(1100) User=0.07s Sys=0.00s Real=0.04s
[348.694s][info][gc,start       ] GC(1101) Pause Young (Allocation Failure)
[348.752s][info][gc,heap        ] GC(1101) PSYoungGen: 140384K(222720K)->35472K(222720K) Eden: 111616K(111616K)->0K(111616K) From: 28768K(111104K)->35472K(111104K)
[348.752s][info][gc,heap        ] GC(1101) ParOldGen: 344665K(527872K)->373461K(527872K)
[348.752s][info][gc,metaspace   ] GC(1101) Metaspace: 18823K(19008K)->18823K(19008K) NonClass: 16160K(16256K)->16160K(16256K) Class: 2663K(2752K)->2663K(2752K)
[348.752s][info][gc             ] GC(1101) Pause Young (Allocation Failure) 473M->399M(733M) 57.578ms
[348.752s][info][gc,cpu         ] GC(1101) User=0.11s Sys=0.00s Real=0.06s
[348.921s][info][gc,start       ] GC(1102) Pause Young (Allocation Failure)
[348.968s][info][gc,heap        ] GC(1102) PSYoungGen: 147088K(222720K)->15648K(222720K) Eden: 111616K(111616K)->0K(111616K) From: 35472K(111104K)->15648K(111104K)
[348.968s][info][gc,heap        ] GC(1102) ParOldGen: 373461K(527872K)->409053K(527872K)
[348.968s][info][gc,metaspace   ] GC(1102) Metaspace: 18823K(19008K)->18823K(19008K) NonClass: 16160K(16256K)->16160K(16256K) Class: 2663K(2752K)->2663K(2752K)
[348.968s][info][gc             ] GC(1102) Pause Young (Allocation Failure) 508M->414M(733M) 46.589ms
[348.968s][info][gc,cpu         ] GC(1102) User=0.09s Sys=0.00s Real=0.04s
[349.076s][info][gc,start       ] GC(1103) Pause Young (Allocation Failure)
[349.102s][info][gc,heap        ] GC(1103) PSYoungGen: 127264K(222720K)->2944K(222720K) Eden: 111616K(111616K)->0K(111616K) From: 15648K(111104K)->2944K(111104K)
[349.102s][info][gc,heap        ] GC(1103) ParOldGen: 409053K(527872K)->424719K(527872K)
[349.102s][info][gc,metaspace   ] GC(1103) Metaspace: 18823K(19008K)->18823K(19008K) NonClass: 16160K(16256K)->16160K(16256K) Class: 2663K(2752K)->2663K(2752K)
[349.102s][info][gc             ] GC(1103) Pause Young (Allocation Failure) 523M->417M(733M) 25.653ms
[349.102s][info][gc,cpu         ] GC(1103) User=0.05s Sys=0.00s Real=0.03s
[349.231s][info][gc,start       ] GC(1104) Pause Young (Allocation Failure)
[349.237s][info][gc,heap        ] GC(1104) PSYoungGen: 114560K(222720K)->1376K(222720K) Eden: 111616K(111616K)->0K(111616K) From: 2944K(111104K)->1376K(111104K)
[349.237s][info][gc,heap        ] GC(1104) ParOldGen: 424719K(527872K)->427639K(527872K)
[349.237s][info][gc,metaspace   ] GC(1104) Metaspace: 18823K(19008K)->18823K(19008K) NonClass: 16160K(16256K)->16160K(16256K) Class: 2663K(2752K)->2663K(2752K)
[349.237s][info][gc             ] GC(1104) Pause Young (Allocation Failure) 526M->418M(733M) 6.108ms
[349.237s][info][gc,cpu         ] GC(1104) User=0.01s Sys=0.00s Real=0.00s
[349.431s][info][gc,start       ] GC(1105) Pause Young (Allocation Failure)
[349.435s][info][gc,heap        ] GC(1105) PSYoungGen: 112992K(222720K)->160K(222720K) Eden: 111616K(111616K)->0K(111616K) From: 1376K(111104K)->160K(111104K)
[349.435s][info][gc,heap        ] GC(1105) ParOldGen: 427639K(527872K)->428887K(527872K)
[349.435s][info][gc,metaspace   ] GC(1105) Metaspace: 18823K(19008K)->18823K(19008K) NonClass: 16160K(16256K)->16160K(16256K) Class: 2663K(2752K)->2663K(2752K)
[349.435s][info][gc             ] GC(1105) Pause Young (Allocation Failure) 527M->418M(733M) 3.785ms
[349.435s][info][gc,cpu         ] GC(1105) User=0.01s Sys=0.01s Real=0.00s
[349.656s][info][gc,start       ] GC(1106) Pause Young (Allocation Failure)
[349.659s][info][gc,heap        ] GC(1106) PSYoungGen: 111776K(222720K)->96K(222720K) Eden: 111616K(111616K)->0K(111616K) From: 160K(111104K)->96K(111104K)
[349.659s][info][gc,heap        ] GC(1106) ParOldGen: 428887K(527872K)->429039K(527872K)
[349.659s][info][gc,metaspace   ] GC(1106) Metaspace: 18823K(19008K)->18823K(19008K) NonClass: 16160K(16256K)->16160K(16256K) Class: 2663K(2752K)->2663K(2752K)
[349.659s][info][gc             ] GC(1106) Pause Young (Allocation Failure) 527M->419M(733M) 3.507ms
[349.659s][info][gc,cpu         ] GC(1106) User=0.01s Sys=0.00s Real=0.00s
[349.818s][info][gc,start       ] GC(1107) Pause Young (Allocation Failure)
[349.861s][info][gc,heap        ] GC(1107) PSYoungGen: 111712K(222720K)->45088K(222720K) Eden: 111616K(111616K)->0K(111616K) From: 96K(111104K)->45088K(111104K)
[349.861s][info][gc,heap        ] GC(1107) ParOldGen: 429039K(527872K)->429095K(527872K)
[349.861s][info][gc,metaspace   ] GC(1107) Metaspace: 18824K(19008K)->18824K(19008K) NonClass: 16161K(16256K)->16161K(16256K) Class: 2663K(2752K)->2663K(2752K)
[349.861s][info][gc             ] GC(1107) Pause Young (Allocation Failure) 528M->463M(733M) 43.089ms
[349.861s][info][gc,cpu         ] GC(1107) User=0.09s Sys=0.00s Real=0.05s
[350.037s][info][gc,start       ] GC(1108) Pause Young (Allocation Failure)
[350.112s][info][gc,heap        ] GC(1108) PSYoungGen: 156704K(222720K)->31032K(213504K) Eden: 111616K(111616K)->0K(111616K) From: 45088K(111104K)->31032K(101888K)
[350.112s][info][gc,heap        ] GC(1108) ParOldGen: 429095K(527872K)->474308K(527872K)
[350.112s][info][gc,metaspace   ] GC(1108) Metaspace: 18824K(19008K)->18824K(19008K) NonClass: 16161K(16256K)->16161K(16256K) Class: 2663K(2752K)->2663K(2752K)
[350.112s][info][gc             ] GC(1108) Pause Young (Allocation Failure) 572M->493M(724M) 75.948ms
[350.112s][info][gc,cpu         ] GC(1108) User=0.14s Sys=0.00s Real=0.08s
[350.219s][info][gc,start       ] GC(1109) Pause Young (Allocation Failure)
[350.248s][info][gc,heap        ] GC(1109) PSYoungGen: 142648K(213504K)->31320K(143360K) Eden: 111616K(111616K)->0K(111616K) From: 31032K(101888K)->31320K(31744K)
[350.248s][info][gc,heap        ] GC(1109) ParOldGen: 474308K(527872K)->474308K(527872K)
[350.248s][info][gc,metaspace   ] GC(1109) Metaspace: 18824K(19008K)->18824K(19008K) NonClass: 16161K(16256K)->16161K(16256K) Class: 2663K(2752K)->2663K(2752K)
[350.248s][info][gc             ] GC(1109) Pause Young (Allocation Failure) 602M->493M(655M) 29.859ms
[350.248s][info][gc,cpu         ] GC(1109) User=0.06s Sys=0.00s Real=0.03s
[350.311s][info][gc,start       ] GC(1110) Pause Young (Allocation Failure)
[350.386s][info][gc,heap        ] GC(1110) PSYoungGen: 142936K(143360K)->79892K(204288K) Eden: 111616K(111616K)->0K(105472K) From: 31320K(31744K)->79892K(98816K)
[350.386s][info][gc,heap        ] GC(1110) ParOldGen: 474308K(527872K)->474308K(527872K)
[350.386s][info][gc,metaspace   ] GC(1110) Metaspace: 18824K(19008K)->18824K(19008K) NonClass: 16161K(16256K)->16161K(16256K) Class: 2663K(2752K)->2663K(2752K)
[350.386s][info][gc             ] GC(1110) Pause Young (Allocation Failure) 602M->541M(715M) 74.391ms
[350.386s][info][gc,cpu         ] GC(1110) User=0.14s Sys=0.00s Real=0.07s
[350.456s][info][gc,start       ] GC(1111) Pause Young (Allocation Failure)
[350.581s][info][gc,heap        ] GC(1111) PSYoungGen: 185364K(204288K)->110080K(215552K) Eden: 105472K(105472K)->0K(105472K) From: 79892K(98816K)->110080K(110080K)
[350.581s][info][gc,heap        ] GC(1111) ParOldGen: 474308K(527872K)->486185K(527872K)
[350.581s][info][gc,metaspace   ] GC(1111) Metaspace: 18824K(19008K)->18824K(19008K) NonClass: 16161K(16256K)->16161K(16256K) Class: 2663K(2752K)->2663K(2752K)
[350.581s][info][gc             ] GC(1111) Pause Young (Allocation Failure) 644M->582M(726M) 124.801ms
[350.581s][info][gc,cpu         ] GC(1111) User=0.25s Sys=0.00s Real=0.13s
[350.757s][info][gc,start       ] GC(1112) Pause Young (Allocation Failure)
[350.860s][info][gc,heap        ] GC(1112) PSYoungGen: 215552K(215552K)->92804K(222720K) Eden: 105472K(105472K)->0K(111616K) From: 110080K(110080K)->92804K(111104K)
[350.860s][info][gc,heap        ] GC(1112) ParOldGen: 486185K(527872K)->506379K(527872K)
[350.860s][info][gc,metaspace   ] GC(1112) Metaspace: 18824K(19008K)->18824K(19008K) NonClass: 16161K(16256K)->16161K(16256K) Class: 2663K(2752K)->2663K(2752K)
[350.860s][info][gc             ] GC(1112) Pause Young (Allocation Failure) 685M->585M(733M) 102.248ms
[350.860s][info][gc,cpu         ] GC(1112) User=0.20s Sys=0.00s Real=0.10s
[350.991s][info][gc,start       ] GC(1113) Pause Young (Allocation Failure)
[351.123s][info][gc,heap        ] GC(1113) PSYoungGen: 204420K(222720K)->14708K(222720K) Eden: 111616K(111616K)->0K(111616K) From: 92804K(111104K)->14708K(111104K)
[351.123s][info][gc,heap        ] GC(1113) ParOldGen: 506379K(527872K)->596715K(596992K)
[351.123s][info][gc,metaspace   ] GC(1113) Metaspace: 18824K(19008K)->18824K(19008K) NonClass: 16161K(16256K)->16161K(16256K) Class: 2663K(2752K)->2663K(2752K)
[351.123s][info][gc             ] GC(1113) Pause Young (Allocation Failure) 694M->597M(800M) 132.455ms
[351.123s][info][gc,cpu         ] GC(1113) User=0.21s Sys=0.05s Real=0.13s
[351.257s][info][gc,start       ] GC(1114) Pause Full (Allocation Failure)
[351.257s][info][gc,phases,start] GC(1114) Marking Phase
[351.326s][info][gc,phases      ] GC(1114) Marking Phase 69.461ms
[351.326s][info][gc,phases,start] GC(1114) Summary Phase
[351.326s][info][gc,phases      ] GC(1114) Summary Phase 0.057ms
[351.326s][info][gc,phases,start] GC(1114) Forward
[351.350s][info][gc,phases      ] GC(1114) Forward 23.503ms
[351.350s][info][gc,phases,start] GC(1114) Adjust Pointers
[351.402s][info][gc,phases      ] GC(1114) Adjust Pointers 51.580ms
[351.402s][info][gc,phases,start] GC(1114) Compaction Phase
[351.429s][info][gc,phases      ] GC(1114) Compaction Phase 27.618ms
[351.432s][info][gc,phases,start] GC(1114) Post Compact
[351.434s][info][gc,phases      ] GC(1114) Post Compact 2.153ms
[351.447s][info][gc,heap        ] GC(1114) PSYoungGen: 126324K(222720K)->0K(222720K) Eden: 111616K(111616K)->0K(111616K) From: 14708K(111104K)->0K(111104K)
[351.447s][info][gc,heap        ] GC(1114) ParOldGen: 596715K(596992K)->111073K(455680K)
[351.447s][info][gc,metaspace   ] GC(1114) Metaspace: 18824K(19008K)->18824K(19008K) NonClass: 16161K(16256K)->16161K(16256K) Class: 2663K(2752K)->2663K(2752K)
[351.447s][info][gc             ] GC(1114) Pause Full (Allocation Failure) 706M->108M(662M) 190.209ms
[351.447s][info][gc,cpu         ] GC(1114) User=0.31s Sys=0.02s Real=0.19s
[351.507s][info][gc,start       ] GC(1115) Pause Young (Allocation Failure)
[351.549s][info][gc,heap        ] GC(1115) PSYoungGen: 111616K(222720K)->53056K(222720K) Eden: 111616K(111616K)->0K(111616K) From: 0K(111104K)->53056K(111104K)
[351.549s][info][gc,heap        ] GC(1115) ParOldGen: 111073K(455680K)->111073K(455680K)
[351.549s][info][gc,metaspace   ] GC(1115) Metaspace: 18824K(19008K)->18824K(19008K) NonClass: 16161K(16256K)->16161K(16256K) Class: 2663K(2752K)->2663K(2752K)
[351.549s][info][gc             ] GC(1115) Pause Young (Allocation Failure) 217M->160M(662M) 42.011ms
[351.549s][info][gc,cpu         ] GC(1115) User=0.09s Sys=0.00s Real=0.04s
[351.628s][info][gc,start       ] GC(1116) Pause Young (Allocation Failure)
[351.713s][info][gc,heap        ] GC(1116) PSYoungGen: 164672K(222720K)->57312K(222720K) Eden: 111616K(111616K)->0K(111616K) From: 53056K(111104K)->57312K(111104K)
[351.713s][info][gc,heap        ] GC(1116) ParOldGen: 111073K(455680K)->164617K(455680K)
[351.713s][info][gc,metaspace   ] GC(1116) Metaspace: 18824K(19008K)->18824K(19008K) NonClass: 16161K(16256K)->16161K(16256K) Class: 2663K(2752K)->2663K(2752K)
[351.713s][info][gc             ] GC(1116) Pause Young (Allocation Failure) 269M->216M(662M) 84.671ms
[351.713s][info][gc,cpu         ] GC(1116) User=0.17s Sys=0.00s Real=0.09s
[351.773s][info][gc,start       ] GC(1117) Pause Young (Allocation Failure)
[351.853s][info][gc,heap        ] GC(1117) PSYoungGen: 168928K(222720K)->42112K(222720K) Eden: 111616K(111616K)->0K(111616K) From: 57312K(111104K)->42112K(111104K)
[351.853s][info][gc,heap        ] GC(1117) ParOldGen: 164617K(455680K)->222289K(455680K)
[351.853s][info][gc,metaspace   ] GC(1117) Metaspace: 18824K(19008K)->18824K(19008K) NonClass: 16161K(16256K)->16161K(16256K) Class: 2663K(2752K)->2663K(2752K)
[351.853s][info][gc             ] GC(1117) Pause Young (Allocation Failure) 325M->258M(662M) 79.701ms
[351.853s][info][gc,cpu         ] GC(1117) User=0.16s Sys=0.00s Real=0.08s
[351.923s][info][gc,start       ] GC(1118) Pause Young (Allocation Failure)
[351.988s][info][gc,heap        ] GC(1118) PSYoungGen: 153728K(222720K)->20416K(222720K) Eden: 111616K(111616K)->0K(111616K) From: 42112K(111104K)->20416K(111104K)
[351.988s][info][gc,heap        ] GC(1118) ParOldGen: 222289K(455680K)->264873K(455680K)
[351.988s][info][gc,metaspace   ] GC(1118) Metaspace: 18824K(19008K)->18824K(19008K) NonClass: 16161K(16256K)->16161K(16256K) Class: 2663K(2752K)->2663K(2752K)
[351.988s][info][gc             ] GC(1118) Pause Young (Allocation Failure) 367M->278M(662M) 65.169ms
[351.988s][info][gc,cpu         ] GC(1118) User=0.08s Sys=0.00s Real=0.06s
[352.099s][info][gc,start       ] GC(1119) Pause Young (Allocation Failure)
[352.129s][info][gc,heap        ] GC(1119) PSYoungGen: 132032K(222720K)->3473K(222720K) Eden: 111616K(111616K)->0K(111616K) From: 20416K(111104K)->3473K(111104K)
[352.129s][info][gc,heap        ] GC(1119) ParOldGen: 264873K(455680K)->285481K(455680K)
[352.129s][info][gc,metaspace   ] GC(1119) Metaspace: 18824K(19008K)->18824K(19008K) NonClass: 16161K(16256K)->16161K(16256K) Class: 2663K(2752K)->2663K(2752K)
[352.129s][info][gc             ] GC(1119) Pause Young (Allocation Failure) 387M->282M(662M) 30.180ms
[352.129s][info][gc,cpu         ] GC(1119) User=0.06s Sys=0.00s Real=0.03s
[352.229s][info][gc,start       ] GC(1120) Pause Young (Allocation Failure)
[352.270s][info][gc,heap        ] GC(1120) PSYoungGen: 115089K(222720K)->17344K(222720K) Eden: 111616K(111616K)->0K(111616K) From: 3473K(111104K)->17344K(111104K)
[352.270s][info][gc,heap        ] GC(1120) ParOldGen: 285481K(455680K)->288902K(455680K)
[352.270s][info][gc,metaspace   ] GC(1120) Metaspace: 18824K(19008K)->18824K(19008K) NonClass: 16161K(16256K)->16161K(16256K) Class: 2663K(2752K)->2663K(2752K)
[352.270s][info][gc             ] GC(1120) Pause Young (Allocation Failure) 391M->299M(662M) 40.763ms
[352.270s][info][gc,cpu         ] GC(1120) User=0.08s Sys=0.00s Real=0.04s
[352.388s][info][gc,start       ] GC(1121) Pause Young (Allocation Failure)
[352.456s][info][gc,heap        ] GC(1121) PSYoungGen: 128960K(222720K)->33217K(144896K) Eden: 111616K(111616K)->0K(111616K) From: 17344K(111104K)->33217K(33280K)
[352.456s][info][gc,heap        ] GC(1121) ParOldGen: 288902K(455680K)->306246K(455680K)
[352.456s][info][gc,metaspace   ] GC(1121) Metaspace: 18824K(19008K)->18824K(19008K) NonClass: 16161K(16256K)->16161K(16256K) Class: 2663K(2752K)->2663K(2752K)
[352.456s][info][gc             ] GC(1121) Pause Young (Allocation Failure) 408M->331M(586M) 68.537ms
[352.456s][info][gc,cpu         ] GC(1121) User=0.13s Sys=0.00s Real=0.07s
[352.555s][info][gc,start       ] GC(1122) Pause Young (Allocation Failure)
[352.622s][info][gc,heap        ] GC(1122) PSYoungGen: 144833K(144896K)->58049K(218624K) Eden: 111616K(111616K)->0K(111104K) From: 33217K(33280K)->58049K(107520K)
[352.622s][info][gc,heap        ] GC(1122) ParOldGen: 306246K(455680K)->306246K(455680K)
[352.622s][info][gc,metaspace   ] GC(1122) Metaspace: 18824K(19008K)->18824K(19008K) NonClass: 16161K(16256K)->16161K(16256K) Class: 2663K(2752K)->2663K(2752K)
[352.622s][info][gc             ] GC(1122) Pause Young (Allocation Failure) 440M->355M(658M) 66.838ms
[352.622s][info][gc,cpu         ] GC(1122) User=0.13s Sys=0.00s Real=0.07s
[352.701s][info][gc,start       ] GC(1123) Pause Young (Allocation Failure)
[352.780s][info][gc,heap        ] GC(1123) PSYoungGen: 169153K(218624K)->69921K(219136K) Eden: 111104K(111104K)->0K(111104K) From: 58049K(107520K)->69921K(108032K)
[352.780s][info][gc,heap        ] GC(1123) ParOldGen: 306246K(455680K)->306246K(455680K)
[352.780s][info][gc,metaspace   ] GC(1123) Metaspace: 18824K(19008K)->18824K(19008K) NonClass: 16161K(16256K)->16161K(16256K) Class: 2663K(2752K)->2663K(2752K)
[352.780s][info][gc             ] GC(1123) Pause Young (Allocation Failure) 464M->367M(659M) 79.402ms
[352.780s][info][gc,cpu         ] GC(1123) User=0.15s Sys=0.00s Real=0.07s
[352.872s][info][gc,start       ] GC(1124) Pause Young (Allocation Failure)
[352.971s][info][gc,heap        ] GC(1124) PSYoungGen: 181025K(219136K)->23488K(223744K) Eden: 111104K(111104K)->0K(113664K) From: 69921K(108032K)->23488K(110080K)
[352.971s][info][gc,heap        ] GC(1124) ParOldGen: 306246K(455680K)->364363K(455680K)
[352.971s][info][gc,metaspace   ] GC(1124) Metaspace: 18824K(19008K)->18824K(19008K) NonClass: 16161K(16256K)->16161K(16256K) Class: 2663K(2752K)->2663K(2752K)
[352.971s][info][gc             ] GC(1124) Pause Young (Allocation Failure) 475M->378M(663M) 98.984ms
[352.971s][info][gc,cpu         ] GC(1124) User=0.19s Sys=0.00s Real=0.10s
[353.043s][info][gc,start       ] GC(1125) Pause Young (Allocation Failure)
[353.074s][info][gc,heap        ] GC(1125) PSYoungGen: 137152K(223744K)->24320K(138240K) Eden: 113664K(113664K)->0K(113664K) From: 23488K(110080K)->24320K(24576K)
[353.074s][info][gc,heap        ] GC(1125) ParOldGen: 364363K(455680K)->364363K(455680K)
[353.074s][info][gc,metaspace   ] GC(1125) Metaspace: 18824K(19008K)->18824K(19008K) NonClass: 16161K(16256K)->16161K(16256K) Class: 2663K(2752K)->2663K(2752K)
[353.074s][info][gc             ] GC(1125) Pause Young (Allocation Failure) 489M->379M(580M) 30.717ms
[353.074s][info][gc,cpu         ] GC(1125) User=0.06s Sys=0.00s Real=0.03s
[353.169s][info][gc,start       ] GC(1126) Pause Young (Allocation Failure)
[353.204s][info][gc,heap        ] GC(1126) PSYoungGen: 137984K(138240K)->27904K(223744K) Eden: 113664K(113664K)->0K(119296K) From: 24320K(24576K)->27904K(104448K)
[353.204s][info][gc,heap        ] GC(1126) ParOldGen: 364363K(455680K)->364363K(455680K)
[353.204s][info][gc,metaspace   ] GC(1126) Metaspace: 18824K(19008K)->18824K(19008K) NonClass: 16161K(16256K)->16161K(16256K) Class: 2663K(2752K)->2663K(2752K)
[353.204s][info][gc             ] GC(1126) Pause Young (Allocation Failure) 490M->383M(663M) 34.764ms
[353.204s][info][gc,cpu         ] GC(1126) User=0.07s Sys=0.00s Real=0.04s
[353.296s][info][gc,start       ] GC(1127) Pause Young (Allocation Failure)
[353.331s][info][gc,heap        ] GC(1127) PSYoungGen: 147200K(223744K)->31040K(219648K) Eden: 119296K(119296K)->0K(119296K) From: 27904K(104448K)->31040K(100352K)
[353.331s][info][gc,heap        ] GC(1127) ParOldGen: 364363K(455680K)->364363K(455680K)
[353.331s][info][gc,metaspace   ] GC(1127) Metaspace: 18824K(19008K)->18824K(19008K) NonClass: 16161K(16256K)->16161K(16256K) Class: 2663K(2752K)->2663K(2752K)
[353.331s][info][gc             ] GC(1127) Pause Young (Allocation Failure) 499M->386M(659M) 34.476ms
[353.331s][info][gc,cpu         ] GC(1127) User=0.07s Sys=0.00s Real=0.04s
[353.443s][info][gc,start       ] GC(1128) Pause Young (Allocation Failure)
[353.483s][info][gc,heap        ] GC(1128) PSYoungGen: 150336K(219648K)->38272K(212992K) Eden: 119296K(119296K)->0K(128512K) From: 31040K(100352K)->38272K(84480K)
[353.484s][info][gc,heap        ] GC(1128) ParOldGen: 364363K(455680K)->364363K(455680K)
[353.484s][info][gc,metaspace   ] GC(1128) Metaspace: 18824K(19008K)->18824K(19008K) NonClass: 16161K(16256K)->16161K(16256K) Class: 2663K(2752K)->2663K(2752K)
[353.484s][info][gc             ] GC(1128) Pause Young (Allocation Failure) 502M->393M(653M) 41.056ms
[353.484s][info][gc,cpu         ] GC(1128) User=0.08s Sys=0.00s Real=0.04s
[353.619s][info][gc,start       ] GC(1129) Pause Young (Allocation Failure)
[353.687s][info][gc,heap        ] GC(1129) PSYoungGen: 166784K(212992K)->64160K(218624K) Eden: 128512K(128512K)->0K(128512K) From: 38272K(84480K)->64160K(90112K)
[353.687s][info][gc,heap        ] GC(1129) ParOldGen: 364363K(455680K)->364363K(455680K)
[353.687s][info][gc,metaspace   ] GC(1129) Metaspace: 18824K(19008K)->18824K(19008K) NonClass: 16161K(16256K)->16161K(16256K) Class: 2663K(2752K)->2663K(2752K)
[353.687s][info][gc             ] GC(1129) Pause Young (Allocation Failure) 518M->418M(658M) 68.091ms
[353.687s][info][gc,cpu         ] GC(1129) User=0.13s Sys=0.00s Real=0.07s
[354.077s][info][gc,start       ] GC(1130) Pause Young (Allocation Failure)
[354.150s][info][gc,heap        ] GC(1130) PSYoungGen: 192672K(218624K)->73760K(225792K) Eden: 128512K(128512K)->0K(131072K) From: 64160K(90112K)->73760K(94720K)
[354.150s][info][gc,heap        ] GC(1130) ParOldGen: 364363K(455680K)->364363K(455680K)
[354.150s][info][gc,metaspace   ] GC(1130) Metaspace: 18824K(19008K)->18824K(19008K) NonClass: 16161K(16256K)->16161K(16256K) Class: 2663K(2752K)->2663K(2752K)
[354.150s][info][gc             ] GC(1130) Pause Young (Allocation Failure) 543M->427M(665M) 73.023ms
[354.150s][info][gc,cpu         ] GC(1130) User=0.14s Sys=0.00s Real=0.07s
[354.480s][info][gc,start       ] GC(1131) Pause Young (Allocation Failure)
[354.551s][info][gc,heap        ] GC(1131) PSYoungGen: 204832K(225792K)->73888K(205312K) Eden: 131072K(131072K)->0K(131072K) From: 73760K(94720K)->73888K(74240K)
[354.551s][info][gc,heap        ] GC(1131) ParOldGen: 364363K(455680K)->364363K(455680K)
[354.551s][info][gc,metaspace   ] GC(1131) Metaspace: 18824K(19008K)->18824K(19008K) NonClass: 16161K(16256K)->16161K(16256K) Class: 2663K(2752K)->2663K(2752K)
[354.551s][info][gc             ] GC(1131) Pause Young (Allocation Failure) 555M->427M(645M) 71.696ms
[354.551s][info][gc,cpu         ] GC(1131) User=0.14s Sys=0.00s Real=0.08s
[354.855s][info][gc,start       ] GC(1132) Pause Young (Allocation Failure)
[354.932s][info][gc,heap        ] GC(1132) PSYoungGen: 204960K(205312K)->73888K(218624K) Eden: 131072K(131072K)->0K(111616K) From: 73888K(74240K)->73888K(107008K)
[354.933s][info][gc,heap        ] GC(1132) ParOldGen: 364363K(455680K)->364363K(455680K)
[354.933s][info][gc,metaspace   ] GC(1132) Metaspace: 18824K(19008K)->18824K(19008K) NonClass: 16161K(16256K)->16161K(16256K) Class: 2663K(2752K)->2663K(2752K)
[354.933s][info][gc             ] GC(1132) Pause Young (Allocation Failure) 555M->427M(658M) 77.634ms
[354.933s][info][gc,cpu         ] GC(1132) User=0.16s Sys=0.00s Real=0.08s
[355.178s][info][gc,start       ] GC(1133) Pause Young (Allocation Failure)
[355.258s][info][gc,heap        ] GC(1133) PSYoungGen: 185504K(218624K)->73888K(222720K) Eden: 111616K(111616K)->0K(111616K) From: 73888K(107008K)->73888K(111104K)
[355.258s][info][gc,heap        ] GC(1133) ParOldGen: 364363K(455680K)->364363K(455680K)
[355.258s][info][gc,metaspace   ] GC(1133) Metaspace: 18824K(19008K)->18824K(19008K) NonClass: 16161K(16256K)->16161K(16256K) Class: 2663K(2752K)->2663K(2752K)
[355.258s][info][gc             ] GC(1133) Pause Young (Allocation Failure) 536M->427M(662M) 79.930ms
[355.258s][info][gc,cpu         ] GC(1133) User=0.16s Sys=0.00s Real=0.08s
[355.475s][info][gc,start       ] GC(1134) Pause Young (Allocation Failure)
[355.547s][info][gc,heap        ] GC(1134) PSYoungGen: 185504K(222720K)->50432K(216576K) Eden: 111616K(111616K)->0K(111616K) From: 73888K(111104K)->50432K(104960K)
[355.547s][info][gc,heap        ] GC(1134) ParOldGen: 364363K(455680K)->387891K(455680K)
[355.547s][info][gc,metaspace   ] GC(1134) Metaspace: 18824K(19008K)->18824K(19008K) NonClass: 16161K(16256K)->16161K(16256K) Class: 2663K(2752K)->2663K(2752K)
[355.547s][info][gc             ] GC(1134) Pause Young (Allocation Failure) 536M->428M(656M) 72.208ms
[355.547s][info][gc,cpu         ] GC(1134) User=0.14s Sys=0.00s Real=0.07s
[355.854s][info][gc,start       ] GC(1135) Pause Young (Allocation Failure)
[355.920s][info][gc,heap        ] GC(1135) PSYoungGen: 162048K(216576K)->50496K(219648K) Eden: 111616K(111616K)->0K(111616K) From: 50432K(104960K)->50496K(108032K)
[355.920s][info][gc,heap        ] GC(1135) ParOldGen: 387891K(455680K)->387891K(455680K)
[355.920s][info][gc,metaspace   ] GC(1135) Metaspace: 18824K(19008K)->18824K(19008K) NonClass: 16161K(16256K)->16161K(16256K) Class: 2663K(2752K)->2663K(2752K)
[355.920s][info][gc             ] GC(1135) Pause Young (Allocation Failure) 537M->428M(659M) 65.863ms
[355.920s][info][gc,cpu         ] GC(1135) User=0.13s Sys=0.00s Real=0.06s
[356.078s][info][gc,start       ] GC(1136) Pause Young (Allocation Failure)
[356.144s][info][gc,heap        ] GC(1136) PSYoungGen: 162112K(219648K)->66006K(220672K) Eden: 111616K(111616K)->0K(118272K) From: 50496K(108032K)->66006K(102400K)
[356.144s][info][gc,heap        ] GC(1136) ParOldGen: 387891K(455680K)->387891K(455680K)
[356.144s][info][gc,metaspace   ] GC(1136) Metaspace: 18824K(19008K)->18824K(19008K) NonClass: 16161K(16256K)->16161K(16256K) Class: 2663K(2752K)->2663K(2752K)
[356.144s][info][gc             ] GC(1136) Pause Young (Allocation Failure) 537M->443M(660M) 66.466ms
[356.144s][info][gc,cpu         ] GC(1136) User=0.13s Sys=0.00s Real=0.07s
[356.207s][info][gc,start       ] GC(1137) Pause Young (Allocation Failure)
[356.308s][info][gc,heap        ] GC(1137) PSYoungGen: 184278K(220672K)->102902K(221184K) Eden: 118272K(118272K)->0K(118272K) From: 66006K(102400K)->102902K(102912K)
[356.308s][info][gc,heap        ] GC(1137) ParOldGen: 387891K(455680K)->398747K(455680K)
[356.308s][info][gc,metaspace   ] GC(1137) Metaspace: 18824K(19008K)->18824K(19008K) NonClass: 16161K(16256K)->16161K(16256K) Class: 2663K(2752K)->2663K(2752K)
[356.308s][info][gc             ] GC(1137) Pause Young (Allocation Failure) 558M->489M(661M) 100.769ms
[356.308s][info][gc,cpu         ] GC(1137) User=0.20s Sys=0.00s Real=0.10s
[356.413s][info][gc,start       ] GC(1138) Pause Young (Allocation Failure)
[356.533s][info][gc,heap        ] GC(1138) PSYoungGen: 221174K(221184K)->111088K(222720K) Eden: 118272K(118272K)->0K(111616K) From: 102902K(102912K)->111088K(111104K)
[356.533s][info][gc,heap        ] GC(1138) ParOldGen: 398747K(455680K)->417058K(455680K)
[356.533s][info][gc,metaspace   ] GC(1138) Metaspace: 18825K(19008K)->18825K(19008K) NonClass: 16161K(16256K)->16161K(16256K) Class: 2663K(2752K)->2663K(2752K)
[356.533s][info][gc             ] GC(1138) Pause Young (Allocation Failure) 605M->515M(662M) 119.879ms
[356.533s][info][gc,cpu         ] GC(1138) User=0.23s Sys=0.01s Real=0.12s
[356.605s][info][gc,start       ] GC(1139) Pause Young (Allocation Failure)
[356.728s][info][gc,heap        ] GC(1139) PSYoungGen: 222704K(222720K)->111088K(222720K) Eden: 111616K(111616K)->0K(111616K) From: 111088K(111104K)->111088K(111104K)
[356.728s][info][gc,heap        ] GC(1139) ParOldGen: 417058K(455680K)->450122K(455680K)
[356.728s][info][gc,metaspace   ] GC(1139) Metaspace: 18825K(19008K)->18825K(19008K) NonClass: 16162K(16256K)->16162K(16256K) Class: 2663K(2752K)->2663K(2752K)
[356.728s][info][gc             ] GC(1139) Pause Young (Allocation Failure) 624M->548M(662M) 122.251ms
[356.728s][info][gc,cpu         ] GC(1139) User=0.24s Sys=0.00s Real=0.12s
[356.802s][info][gc,start       ] GC(1140) Pause Young (Allocation Failure)
[356.922s][info][gc,heap        ] GC(1140) PSYoungGen: 222704K(222720K)->78752K(222720K) Eden: 111616K(111616K)->0K(111616K) From: 111088K(111104K)->78752K(111104K)
[356.922s][info][gc,heap        ] GC(1140) ParOldGen: 450122K(455680K)->485613K(485888K)
[356.922s][info][gc,metaspace   ] GC(1140) Metaspace: 18825K(19008K)->18825K(19008K) NonClass: 16162K(16256K)->16162K(16256K) Class: 2663K(2752K)->2663K(2752K)
[356.922s][info][gc             ] GC(1140) Pause Young (Allocation Failure) 657M->551M(692M) 119.918ms
[356.922s][info][gc,cpu         ] GC(1140) User=0.21s Sys=0.02s Real=0.12s
[357.010s][info][gc,start       ] GC(1141) Pause Young (Allocation Failure)
[357.088s][info][gc,heap        ] GC(1141) PSYoungGen: 190368K(222720K)->83804K(222720K) Eden: 111616K(111616K)->0K(111616K) From: 78752K(111104K)->83804K(111104K)
[357.088s][info][gc,heap        ] GC(1141) ParOldGen: 485613K(485888K)->485789K(485888K)
[357.088s][info][gc,metaspace   ] GC(1141) Metaspace: 18825K(19008K)->18825K(19008K) NonClass: 16162K(16256K)->16162K(16256K) Class: 2663K(2752K)->2663K(2752K)
[357.088s][info][gc             ] GC(1141) Pause Young (Allocation Failure) 660M->556M(692M) 78.273ms
[357.088s][info][gc,cpu         ] GC(1141) User=0.16s Sys=0.00s Real=0.08s
[357.173s][info][gc,start       ] GC(1142) Pause Young (Allocation Failure)
[357.283s][info][gc,heap        ] GC(1142) PSYoungGen: 195420K(222720K)->96885K(222720K) Eden: 111616K(111616K)->0K(111616K) From: 83804K(111104K)->96885K(111104K)
[357.283s][info][gc,heap        ] GC(1142) ParOldGen: 485789K(485888K)->485813K(485888K)
[357.283s][info][gc,metaspace   ] GC(1142) Metaspace: 18825K(19008K)->18825K(19008K) NonClass: 16162K(16256K)->16162K(16256K) Class: 2663K(2752K)->2663K(2752K)
[357.283s][info][gc             ] GC(1142) Pause Young (Allocation Failure) 665M->569M(692M) 110.162ms
[357.283s][info][gc,cpu         ] GC(1142) User=0.22s Sys=0.00s Real=0.11s
[357.392s][info][gc,start       ] GC(1143) Pause Young (Allocation Failure)
[357.530s][info][gc,heap        ] GC(1143) PSYoungGen: 208501K(222720K)->108204K(222720K) Eden: 111616K(111616K)->0K(111616K) From: 96885K(111104K)->108204K(111104K)
[357.530s][info][gc,heap        ] GC(1143) ParOldGen: 485813K(485888K)->501312K(501760K)
[357.530s][info][gc,metaspace   ] GC(1143) Metaspace: 18825K(19008K)->18825K(19008K) NonClass: 16162K(16256K)->16162K(16256K) Class: 2663K(2752K)->2663K(2752K)
[357.530s][info][gc             ] GC(1143) Pause Young (Allocation Failure) 678M->595M(707M) 137.584ms
[357.530s][info][gc,cpu         ] GC(1143) User=0.26s Sys=0.01s Real=0.13s
[357.617s][info][gc,start       ] GC(1144) Pause Young (Allocation Failure)
[357.775s][info][gc,heap        ] GC(1144) PSYoungGen: 219820K(222720K)->76789K(222720K) Eden: 111616K(111616K)->0K(111616K) From: 108204K(111104K)->76789K(111104K)
[357.775s][info][gc,heap        ] GC(1144) ParOldGen: 501312K(501760K)->551499K(551936K)
[357.775s][info][gc,metaspace   ] GC(1144) Metaspace: 18826K(19008K)->18826K(19008K) NonClass: 16163K(16256K)->16163K(16256K) Class: 2663K(2752K)->2663K(2752K)
[357.775s][info][gc             ] GC(1144) Pause Young (Allocation Failure) 704M->613M(756M) 158.264ms
[357.775s][info][gc,cpu         ] GC(1144) User=0.29s Sys=0.02s Real=0.16s
[357.865s][info][gc,start       ] GC(1145) Pause Young (Allocation Failure)
[357.976s][info][gc,heap        ] GC(1145) PSYoungGen: 188405K(222720K)->72597K(222720K) Eden: 111616K(111616K)->0K(111616K) From: 76789K(111104K)->72597K(111104K)
[357.977s][info][gc,heap        ] GC(1145) ParOldGen: 551499K(551936K)->564987K(565248K)
[357.977s][info][gc,metaspace   ] GC(1145) Metaspace: 18827K(19008K)->18827K(19008K) NonClass: 16164K(16256K)->16164K(16256K) Class: 2663K(2752K)->2663K(2752K)
[357.977s][info][gc             ] GC(1145) Pause Young (Allocation Failure) 722M->622M(769M) 111.717ms
[357.977s][info][gc,cpu         ] GC(1145) User=0.21s Sys=0.01s Real=0.11s
[358.051s][info][gc,start       ] GC(1146) Pause Young (Allocation Failure)
[358.155s][info][gc,heap        ] GC(1146) PSYoungGen: 184213K(222720K)->59520K(222720K) Eden: 111616K(111616K)->0K(111616K) From: 72597K(111104K)->59520K(111104K)
[358.156s][info][gc,heap        ] GC(1146) ParOldGen: 564987K(565248K)->583375K(583680K)
[358.156s][info][gc,metaspace   ] GC(1146) Metaspace: 18827K(19008K)->18827K(19008K) NonClass: 16164K(16256K)->16164K(16256K) Class: 2663K(2752K)->2663K(2752K)
[358.156s][info][gc             ] GC(1146) Pause Young (Allocation Failure) 731M->627M(787M) 105.047ms
[358.156s][info][gc,cpu         ] GC(1146) User=0.19s Sys=0.02s Real=0.10s
[358.241s][info][gc,start       ] GC(1147) Pause Young (Allocation Failure)
[358.338s][info][gc,heap        ] GC(1147) PSYoungGen: 171136K(222720K)->22720K(222720K) Eden: 111616K(111616K)->0K(111616K) From: 59520K(111104K)->22720K(111104K)
[358.339s][info][gc,heap        ] GC(1147) ParOldGen: 583375K(583680K)->628487K(628736K)
[358.339s][info][gc,metaspace   ] GC(1147) Metaspace: 18827K(19008K)->18827K(19008K) NonClass: 16164K(16256K)->16164K(16256K) Class: 2663K(2752K)->2663K(2752K)
[358.339s][info][gc             ] GC(1147) Pause Young (Allocation Failure) 736M->635M(831M) 97.931ms
[358.339s][info][gc,cpu         ] GC(1147) User=0.15s Sys=0.03s Real=0.09s
[358.484s][info][gc,start       ] GC(1148) Pause Full (Allocation Failure)
[358.484s][info][gc,phases,start] GC(1148) Marking Phase
[358.758s][info][gc,phases      ] GC(1148) Marking Phase 274.538ms
[358.758s][info][gc,phases,start] GC(1148) Summary Phase
[358.758s][info][gc,phases      ] GC(1148) Summary Phase 0.026ms
[358.758s][info][gc,phases,start] GC(1148) Forward
[358.879s][info][gc,phases      ] GC(1148) Forward 120.783ms
[358.879s][info][gc,phases,start] GC(1148) Adjust Pointers
[359.094s][info][gc,phases      ] GC(1148) Adjust Pointers 214.951ms
[359.094s][info][gc,phases,start] GC(1148) Compaction Phase
[359.217s][info][gc,phases      ] GC(1148) Compaction Phase 122.919ms
[359.225s][info][gc,phases,start] GC(1148) Post Compact
[359.228s][info][gc,phases      ] GC(1148) Post Compact 2.233ms
[359.228s][info][gc,heap        ] GC(1148) PSYoungGen: 134336K(222720K)->0K(222720K) Eden: 111616K(111616K)->0K(111616K) From: 22720K(111104K)->0K(111104K)
[359.228s][info][gc,heap        ] GC(1148) ParOldGen: 628487K(628736K)->387114K(667648K)
[359.228s][info][gc,metaspace   ] GC(1148) Metaspace: 18827K(19008K)->18827K(19008K) NonClass: 16164K(16256K)->16164K(16256K) Class: 2663K(2752K)->2663K(2752K)
[359.228s][info][gc             ] GC(1148) Pause Full (Allocation Failure) 744M->378M(869M) 744.213ms
[359.228s][info][gc,cpu         ] GC(1148) User=1.36s Sys=0.00s Real=0.74s
[359.377s][info][gc,start       ] GC(1149) Pause Young (Allocation Failure)
[359.382s][info][gc,heap        ] GC(1149) PSYoungGen: 111616K(222720K)->3648K(222720K) Eden: 111616K(111616K)->0K(111616K) From: 0K(111104K)->3648K(111104K)
[359.382s][info][gc,heap        ] GC(1149) ParOldGen: 387114K(667648K)->387114K(667648K)
[359.382s][info][gc,metaspace   ] GC(1149) Metaspace: 18836K(19008K)->18836K(19008K) NonClass: 16173K(16256K)->16173K(16256K) Class: 2663K(2752K)->2663K(2752K)
[359.382s][info][gc             ] GC(1149) Pause Young (Allocation Failure) 487M->381M(869M) 5.323ms
[359.382s][info][gc,cpu         ] GC(1149) User=0.01s Sys=0.00s Real=0.01s
[359.512s][info][gc,start       ] GC(1150) Pause Young (Allocation Failure)
[359.534s][info][gc,heap        ] GC(1150) PSYoungGen: 115264K(222720K)->16832K(222720K) Eden: 111616K(111616K)->0K(111616K) From: 3648K(111104K)->16832K(111104K)
[359.534s][info][gc,heap        ] GC(1150) ParOldGen: 387114K(667648K)->390747K(667648K)
[359.534s][info][gc,metaspace   ] GC(1150) Metaspace: 18836K(19008K)->18836K(19008K) NonClass: 16173K(16256K)->16173K(16256K) Class: 2663K(2752K)->2663K(2752K)
[359.534s][info][gc             ] GC(1150) Pause Young (Allocation Failure) 490M->398M(869M) 21.975ms
[359.534s][info][gc,cpu         ] GC(1150) User=0.05s Sys=0.00s Real=0.02s
[359.751s][info][gc,start       ] GC(1151) Pause Young (Allocation Failure)
[359.785s][info][gc,heap        ] GC(1151) PSYoungGen: 128448K(222720K)->13088K(222720K) Eden: 111616K(111616K)->0K(111616K) From: 16832K(111104K)->13088K(111104K)
[359.785s][info][gc,heap        ] GC(1151) ParOldGen: 390747K(667648K)->407601K(667648K)
[359.785s][info][gc,metaspace   ] GC(1151) Metaspace: 18836K(19008K)->18836K(19008K) NonClass: 16173K(16256K)->16173K(16256K) Class: 2663K(2752K)->2663K(2752K)
[359.785s][info][gc             ] GC(1151) Pause Young (Allocation Failure) 507M->410M(869M) 33.238ms
[359.785s][info][gc,cpu         ] GC(1151) User=0.06s Sys=0.00s Real=0.03s
[359.951s][info][gc,start       ] GC(1152) Pause Young (Allocation Failure)
[359.973s][info][gc,heap        ] GC(1152) PSYoungGen: 124704K(222720K)->10112K(222720K) Eden: 111616K(111616K)->0K(111616K) From: 13088K(111104K)->10112K(111104K)
[359.973s][info][gc,heap        ] GC(1152) ParOldGen: 407601K(667648K)->420742K(667648K)
[359.973s][info][gc,metaspace   ] GC(1152) Metaspace: 18838K(19008K)->18838K(19008K) NonClass: 16175K(16256K)->16175K(16256K) Class: 2663K(2752K)->2663K(2752K)
[359.973s][info][gc             ] GC(1152) Pause Young (Allocation Failure) 519M->420M(869M) 22.576ms
[359.973s][info][gc,cpu         ] GC(1152) User=0.04s Sys=0.00s Real=0.02s
[360.122s][info][gc,start       ] GC(1153) Pause Young (Allocation Failure)
[360.147s][info][gc,heap        ] GC(1153) PSYoungGen: 121728K(222720K)->17776K(222720K) Eden: 111616K(111616K)->0K(111616K) From: 10112K(111104K)->17776K(111104K)
[360.147s][info][gc,heap        ] GC(1153) ParOldGen: 420742K(667648K)->430838K(667648K)
[360.147s][info][gc,metaspace   ] GC(1153) Metaspace: 18840K(19008K)->18840K(19008K) NonClass: 16177K(16256K)->16177K(16256K) Class: 2663K(2752K)->2663K(2752K)
[360.147s][info][gc             ] GC(1153) Pause Young (Allocation Failure) 529M->438M(869M) 25.164ms
[360.147s][info][gc,cpu         ] GC(1153) User=0.05s Sys=0.00s Real=0.02s
[360.210s][info][gc,start       ] GC(1154) Pause Young (Allocation Failure)
[360.250s][info][gc,heap        ] GC(1154) PSYoungGen: 129392K(222720K)->40464K(222720K) Eden: 111616K(111616K)->0K(111616K) From: 17776K(111104K)->40464K(111104K)
[360.250s][info][gc,heap        ] GC(1154) ParOldGen: 430838K(667648K)->448734K(667648K)
[360.250s][info][gc,metaspace   ] GC(1154) Metaspace: 18840K(19008K)->18840K(19008K) NonClass: 16177K(16256K)->16177K(16256K) Class: 2663K(2752K)->2663K(2752K)
[360.250s][info][gc             ] GC(1154) Pause Young (Allocation Failure) 547M->477M(869M) 40.106ms
[360.250s][info][gc,cpu         ] GC(1154) User=0.08s Sys=0.00s Real=0.04s
[360.453s][info][gc,start       ] GC(1155) Pause Young (Allocation Failure)
[360.492s][info][gc,heap        ] GC(1155) PSYoungGen: 152080K(222720K)->18176K(222720K) Eden: 111616K(111616K)->0K(111616K) From: 40464K(111104K)->18176K(111104K)
[360.492s][info][gc,heap        ] GC(1155) ParOldGen: 448734K(667648K)->489639K(667648K)
[360.492s][info][gc,metaspace   ] GC(1155) Metaspace: 18841K(19008K)->18841K(19008K) NonClass: 16178K(16256K)->16178K(16256K) Class: 2663K(2752K)->2663K(2752K)
[360.492s][info][gc             ] GC(1155) Pause Young (Allocation Failure) 586M->495M(869M) 39.077ms
[360.492s][info][gc,cpu         ] GC(1155) User=0.08s Sys=0.00s Real=0.04s
[360.645s][info][gc,start       ] GC(1156) Pause Young (Allocation Failure)
[360.680s][info][gc,heap        ] GC(1156) PSYoungGen: 129792K(222720K)->9138K(222720K) Eden: 111616K(111616K)->0K(111616K) From: 18176K(111104K)->9138K(111104K)
[360.680s][info][gc,heap        ] GC(1156) ParOldGen: 489639K(667648K)->507991K(667648K)
[360.680s][info][gc,metaspace   ] GC(1156) Metaspace: 18841K(19008K)->18841K(19008K) NonClass: 16178K(16256K)->16178K(16256K) Class: 2663K(2752K)->2663K(2752K)
[360.680s][info][gc             ] GC(1156) Pause Young (Allocation Failure) 604M->505M(869M) 35.045ms
[360.680s][info][gc,cpu         ] GC(1156) User=0.07s Sys=0.00s Real=0.03s
[360.823s][info][gc,start       ] GC(1157) Pause Young (Allocation Failure)
[360.873s][info][gc,heap        ] GC(1157) PSYoungGen: 120754K(222720K)->28288K(222720K) Eden: 111616K(111616K)->0K(111616K) From: 9138K(111104K)->28288K(111104K)
[360.873s][info][gc,heap        ] GC(1157) ParOldGen: 507991K(667648K)->516589K(667648K)
[360.873s][info][gc,metaspace   ] GC(1157) Metaspace: 18841K(19008K)->18841K(19008K) NonClass: 16178K(16256K)->16178K(16256K) Class: 2663K(2752K)->2663K(2752K)
[360.873s][info][gc             ] GC(1157) Pause Young (Allocation Failure) 614M->532M(869M) 50.110ms
[360.873s][info][gc,cpu         ] GC(1157) User=0.10s Sys=0.00s Real=0.05s
[361.018s][info][gc,start       ] GC(1158) Pause Young (Allocation Failure)
[361.069s][info][gc,heap        ] GC(1158) PSYoungGen: 139904K(222720K)->17664K(222720K) Eden: 111616K(111616K)->0K(111616K) From: 28288K(111104K)->17664K(111104K)
[361.069s][info][gc,heap        ] GC(1158) ParOldGen: 516589K(667648K)->544893K(667648K)
[361.069s][info][gc,metaspace   ] GC(1158) Metaspace: 18841K(19008K)->18841K(19008K) NonClass: 16178K(16256K)->16178K(16256K) Class: 2663K(2752K)->2663K(2752K)
[361.069s][info][gc             ] GC(1158) Pause Young (Allocation Failure) 641M->549M(869M) 51.730ms
[361.069s][info][gc,cpu         ] GC(1158) User=0.11s Sys=0.00s Real=0.05s
[361.156s][info][gc,start       ] GC(1159) Pause Young (Allocation Failure)
[361.180s][info][gc,heap        ] GC(1159) PSYoungGen: 129280K(222720K)->4000K(222720K) Eden: 111616K(111616K)->0K(111616K) From: 17664K(111104K)->4000K(111104K)
[361.180s][info][gc,heap        ] GC(1159) ParOldGen: 544893K(667648K)->562541K(667648K)
[361.180s][info][gc,metaspace   ] GC(1159) Metaspace: 18841K(19008K)->18841K(19008K) NonClass: 16178K(16256K)->16178K(16256K) Class: 2663K(2752K)->2663K(2752K)
[361.180s][info][gc             ] GC(1159) Pause Young (Allocation Failure) 658M->553M(869M) 23.929ms
[361.180s][info][gc,cpu         ] GC(1159) User=0.04s Sys=0.00s Real=0.02s
[361.309s][info][gc,start       ] GC(1160) Pause Young (Allocation Failure)
[361.320s][info][gc,heap        ] GC(1160) PSYoungGen: 115616K(222720K)->704K(222720K) Eden: 111616K(111616K)->0K(111616K) From: 4000K(111104K)->704K(111104K)
[361.320s][info][gc,heap        ] GC(1160) ParOldGen: 562541K(667648K)->566525K(667648K)
[361.320s][info][gc,metaspace   ] GC(1160) Metaspace: 18841K(19008K)->18841K(19008K) NonClass: 16178K(16256K)->16178K(16256K) Class: 2663K(2752K)->2663K(2752K)
[361.320s][info][gc             ] GC(1160) Pause Young (Allocation Failure) 662M->553M(869M) 11.338ms
[361.320s][info][gc,cpu         ] GC(1160) User=0.02s Sys=0.00s Real=0.01s
[361.447s][info][gc,start       ] GC(1161) Pause Young (Allocation Failure)
[361.458s][info][gc,heap        ] GC(1161) PSYoungGen: 112320K(222720K)->3904K(115712K) Eden: 111616K(111616K)->0K(111616K) From: 704K(111104K)->3904K(4096K)
[361.458s][info][gc,heap        ] GC(1161) ParOldGen: 566525K(667648K)->567221K(667648K)
[361.458s][info][gc,metaspace   ] GC(1161) Metaspace: 18841K(19008K)->18841K(19008K) NonClass: 16178K(16256K)->16178K(16256K) Class: 2663K(2752K)->2663K(2752K)
[361.458s][info][gc             ] GC(1161) Pause Young (Allocation Failure) 662M->557M(765M) 11.114ms
[361.458s][info][gc,cpu         ] GC(1161) User=0.02s Sys=0.00s Real=0.01s
[361.604s][info][gc,start       ] GC(1162) Pause Young (Allocation Failure)
[361.620s][info][gc,heap        ] GC(1162) PSYoungGen: 115520K(115712K)->13024K(220160K) Eden: 111616K(111616K)->0K(117248K) From: 3904K(4096K)->13024K(102912K)
[361.620s][info][gc,heap        ] GC(1162) ParOldGen: 567221K(667648K)->567221K(667648K)
[361.620s][info][gc,metaspace   ] GC(1162) Metaspace: 18841K(19008K)->18841K(19008K) NonClass: 16178K(16256K)->16178K(16256K) Class: 2663K(2752K)->2663K(2752K)
[361.620s][info][gc             ] GC(1162) Pause Young (Allocation Failure) 666M->566M(867M) 15.783ms
[361.620s][info][gc,cpu         ] GC(1162) User=0.03s Sys=0.00s Real=0.01s
[361.806s][info][gc,start       ] GC(1163) Pause Young (Allocation Failure)
[361.848s][info][gc,heap        ] GC(1163) PSYoungGen: 130272K(220160K)->30576K(219648K) Eden: 117248K(117248K)->0K(117248K) From: 13024K(102912K)->30576K(102400K)
[361.848s][info][gc,heap        ] GC(1163) ParOldGen: 567221K(667648K)->567221K(667648K)
[361.848s][info][gc,metaspace   ] GC(1163) Metaspace: 18841K(19008K)->18841K(19008K) NonClass: 16178K(16256K)->16178K(16256K) Class: 2663K(2752K)->2663K(2752K)
[361.848s][info][gc             ] GC(1163) Pause Young (Allocation Failure) 681M->583M(866M) 41.521ms
[361.848s][info][gc,cpu         ] GC(1163) User=0.08s Sys=0.00s Real=0.04s
[362.106s][info][gc,start       ] GC(1164) Pause Young (Allocation Failure)
[362.151s][info][gc,heap        ] GC(1164) PSYoungGen: 147824K(219648K)->45202K(219648K) Eden: 117248K(117248K)->0K(123904K) From: 30576K(102400K)->45202K(95744K)
[362.151s][info][gc,heap        ] GC(1164) ParOldGen: 567221K(667648K)->567221K(667648K)
[362.151s][info][gc,metaspace   ] GC(1164) Metaspace: 18841K(19008K)->18841K(19008K) NonClass: 16178K(16256K)->16178K(16256K) Class: 2663K(2752K)->2663K(2752K)
[362.151s][info][gc             ] GC(1164) Pause Young (Allocation Failure) 698M->598M(866M) 44.637ms
[362.151s][info][gc,cpu         ] GC(1164) User=0.08s Sys=0.00s Real=0.05s
[362.223s][info][gc,start       ] GC(1165) Pause Young (Allocation Failure)
[362.299s][info][gc,heap        ] GC(1165) PSYoungGen: 169106K(219648K)->95170K(220160K) Eden: 123904K(123904K)->0K(123904K) From: 45202K(95744K)->95170K(96256K)
[362.300s][info][gc,heap        ] GC(1165) ParOldGen: 567221K(667648K)->567221K(667648K)
[362.300s][info][gc,metaspace   ] GC(1165) Metaspace: 18841K(19008K)->18841K(19008K) NonClass: 16178K(16256K)->16178K(16256K) Class: 2663K(2752K)->2663K(2752K)
[362.300s][info][gc             ] GC(1165) Pause Young (Allocation Failure) 719M->646M(867M) 76.973ms
[362.300s][info][gc,cpu         ] GC(1165) User=0.15s Sys=0.00s Real=0.07s
[362.506s][info][gc,start       ] GC(1166) Pause Young (Allocation Failure)
[362.590s][info][gc,heap        ] GC(1166) PSYoungGen: 219074K(220160K)->97170K(222720K) Eden: 123904K(123904K)->0K(111616K) From: 95170K(96256K)->97170K(111104K)
[362.590s][info][gc,heap        ] GC(1166) ParOldGen: 567221K(667648K)->580237K(667648K)
[362.590s][info][gc,metaspace   ] GC(1166) Metaspace: 18841K(19008K)->18841K(19008K) NonClass: 16178K(16256K)->16178K(16256K) Class: 2663K(2752K)->2663K(2752K)
[362.590s][info][gc             ] GC(1166) Pause Young (Allocation Failure) 767M->661M(869M) 83.969ms
[362.590s][info][gc,cpu         ] GC(1166) User=0.16s Sys=0.01s Real=0.08s
[362.759s][info][gc,start       ] GC(1167) Pause Young (Allocation Failure)
[362.858s][info][gc,heap        ] GC(1167) PSYoungGen: 208786K(222720K)->80992K(222720K) Eden: 111616K(111616K)->0K(111616K) From: 97170K(111104K)->80992K(111104K)
[362.858s][info][gc,heap        ] GC(1167) ParOldGen: 580237K(667648K)->612587K(667648K)
[362.858s][info][gc,metaspace   ] GC(1167) Metaspace: 18841K(19008K)->18841K(19008K) NonClass: 16178K(16256K)->16178K(16256K) Class: 2663K(2752K)->2663K(2752K)
[362.858s][info][gc             ] GC(1167) Pause Young (Allocation Failure) 770M->677M(869M) 98.762ms
[362.858s][info][gc,cpu         ] GC(1167) User=0.19s Sys=0.00s Real=0.10s
[362.999s][info][gc,start       ] GC(1168) Pause Young (Allocation Failure)
[363.119s][info][gc,promotion   ] GC(1168) Promotion failed
[363.119s][info][gc,heap        ] GC(1168) PSYoungGen: 192608K(222720K)->192608K(222720K) Eden: 111616K(111616K)->111616K(111616K) From: 80992K(111104K)->80992K(111104K)
[363.119s][info][gc,heap        ] GC(1168) ParOldGen: 612587K(667648K)->667643K(667648K)
[363.119s][info][gc,metaspace   ] GC(1168) Metaspace: 18841K(19008K)->18841K(19008K) NonClass: 16178K(16256K)->16178K(16256K) Class: 2663K(2752K)->2663K(2752K)
[363.119s][info][gc             ] GC(1168) Pause Young (Allocation Failure) 786M->840M(869M) 119.927ms
[363.119s][info][gc,cpu         ] GC(1168) User=0.21s Sys=0.02s Real=0.12s
[363.119s][info][gc,start       ] GC(1169) Pause Full (Allocation Failure)
[363.119s][info][gc,phases,start] GC(1169) Marking Phase
[363.478s][info][gc,phases      ] GC(1169) Marking Phase 359.147ms
[363.478s][info][gc,phases,start] GC(1169) Summary Phase
[363.478s][info][gc,phases      ] GC(1169) Summary Phase 0.033ms
[363.478s][info][gc,phases,start] GC(1169) Forward
[363.623s][info][gc,phases      ] GC(1169) Forward 144.734ms
[363.623s][info][gc,phases,start] GC(1169) Adjust Pointers
[363.902s][info][gc,phases      ] GC(1169) Adjust Pointers 278.981ms
[363.902s][info][gc,phases,start] GC(1169) Compaction Phase
[364.072s][info][gc,phases      ] GC(1169) Compaction Phase 169.953ms
[364.085s][info][gc,phases,start] GC(1169) Post Compact
[364.087s][info][gc,phases      ] GC(1169) Post Compact 2.596ms
[364.087s][info][gc,heap        ] GC(1169) PSYoungGen: 192608K(222720K)->0K(222720K) Eden: 111616K(111616K)->0K(111616K) From: 80992K(111104K)->0K(111104K)
[364.087s][info][gc,heap        ] GC(1169) ParOldGen: 667643K(667648K)->502835K(667648K)
[364.087s][info][gc,metaspace   ] GC(1169) Metaspace: 18841K(19008K)->18841K(19008K) NonClass: 16178K(16256K)->16178K(16256K) Class: 2663K(2752K)->2663K(2752K)
[364.087s][info][gc             ] GC(1169) Pause Full (Allocation Failure) 840M->491M(869M) 968.110ms
[364.087s][info][gc,cpu         ] GC(1169) User=1.81s Sys=0.00s Real=0.97s
[364.230s][info][gc,start       ] GC(1170) Pause Young (Allocation Failure)
[364.251s][info][gc,heap        ] GC(1170) PSYoungGen: 111616K(222720K)->16864K(222720K) Eden: 111616K(111616K)->0K(111616K) From: 0K(111104K)->16864K(111104K)
[364.251s][info][gc,heap        ] GC(1170) ParOldGen: 502835K(667648K)->502835K(667648K)
[364.251s][info][gc,metaspace   ] GC(1170) Metaspace: 18841K(19008K)->18841K(19008K) NonClass: 16178K(16256K)->16178K(16256K) Class: 2663K(2752K)->2663K(2752K)
[364.252s][info][gc             ] GC(1170) Pause Young (Allocation Failure) 600M->507M(869M) 21.895ms
[364.252s][info][gc,cpu         ] GC(1170) User=0.04s Sys=0.00s Real=0.03s
[364.338s][info][gc,start       ] GC(1171) Pause Young (Allocation Failure)
[364.357s][info][gc,heap        ] GC(1171) PSYoungGen: 128480K(222720K)->224K(222720K) Eden: 111616K(111616K)->0K(111616K) From: 16864K(111104K)->224K(111104K)
[364.357s][info][gc,heap        ] GC(1171) ParOldGen: 502835K(667648K)->519747K(667648K)
[364.357s][info][gc,metaspace   ] GC(1171) Metaspace: 18841K(19008K)->18841K(19008K) NonClass: 16178K(16256K)->16178K(16256K) Class: 2663K(2752K)->2663K(2752K)
[364.357s][info][gc             ] GC(1171) Pause Young (Allocation Failure) 616M->507M(869M) 19.352ms
[364.357s][info][gc,cpu         ] GC(1171) User=0.04s Sys=0.00s Real=0.02s
[364.488s][info][gc,start       ] GC(1172) Pause Young (Allocation Failure)
[364.496s][info][gc,heap        ] GC(1172) PSYoungGen: 111840K(222720K)->640K(222720K) Eden: 111616K(111616K)->0K(111616K) From: 224K(111104K)->640K(111104K)
[364.496s][info][gc,heap        ] GC(1172) ParOldGen: 519747K(667648K)->519963K(667648K)
[364.496s][info][gc,metaspace   ] GC(1172) Metaspace: 18841K(19008K)->18841K(19008K) NonClass: 16178K(16256K)->16178K(16256K) Class: 2663K(2752K)->2663K(2752K)
[364.496s][info][gc             ] GC(1172) Pause Young (Allocation Failure) 616M->508M(869M) 7.768ms
[364.496s][info][gc,cpu         ] GC(1172) User=0.01s Sys=0.00s Real=0.01s
[364.628s][info][gc,start       ] GC(1173) Pause Young (Allocation Failure)
[364.638s][info][gc,heap        ] GC(1173) PSYoungGen: 112256K(222720K)->3872K(222720K) Eden: 111616K(111616K)->0K(111616K) From: 640K(111104K)->3872K(111104K)
[364.638s][info][gc,heap        ] GC(1173) ParOldGen: 519963K(667648K)->520587K(667648K)
[364.638s][info][gc,metaspace   ] GC(1173) Metaspace: 18841K(19008K)->18841K(19008K) NonClass: 16178K(16256K)->16178K(16256K) Class: 2663K(2752K)->2663K(2752K)
[364.638s][info][gc             ] GC(1173) Pause Young (Allocation Failure) 617M->512M(869M) 9.617ms
[364.638s][info][gc,cpu         ] GC(1173) User=0.01s Sys=0.00s Real=0.01s
[364.838s][info][gc,start       ] GC(1174) Pause Young (Allocation Failure)
[364.855s][info][gc,heap        ] GC(1174) PSYoungGen: 115488K(222720K)->9728K(222720K) Eden: 111616K(111616K)->0K(111616K) From: 3872K(111104K)->9728K(111104K)
[364.855s][info][gc,heap        ] GC(1174) ParOldGen: 520587K(667648K)->524459K(667648K)
[364.855s][info][gc,metaspace   ] GC(1174) Metaspace: 18841K(19008K)->18841K(19008K) NonClass: 16178K(16256K)->16178K(16256K) Class: 2663K(2752K)->2663K(2752K)
[364.855s][info][gc             ] GC(1174) Pause Young (Allocation Failure) 621M->521M(869M) 17.020ms
[364.855s][info][gc,cpu         ] GC(1174) User=0.03s Sys=0.00s Real=0.02s
[365.038s][info][gc,start       ] GC(1175) Pause Young (Allocation Failure)
[365.069s][info][gc,heap        ] GC(1175) PSYoungGen: 121344K(222720K)->17040K(221696K) Eden: 111616K(111616K)->0K(111616K) From: 9728K(111104K)->17040K(110080K)
[365.069s][info][gc,heap        ] GC(1175) ParOldGen: 524459K(667648K)->534155K(667648K)
[365.069s][info][gc,metaspace   ] GC(1175) Metaspace: 18841K(19008K)->18841K(19008K) NonClass: 16178K(16256K)->16178K(16256K) Class: 2663K(2752K)->2663K(2752K)
[365.069s][info][gc             ] GC(1175) Pause Young (Allocation Failure) 630M->538M(868M) 30.358ms
[365.069s][info][gc,cpu         ] GC(1175) User=0.06s Sys=0.00s Real=0.03s
[365.442s][info][gc,start       ] GC(1176) Pause Young (Allocation Failure)
[365.460s][info][gc,heap        ] GC(1176) PSYoungGen: 128656K(221696K)->17056K(129024K) Eden: 111616K(111616K)->0K(111616K) From: 17040K(110080K)->17056K(17408K)
[365.460s][info][gc,heap        ] GC(1176) ParOldGen: 534155K(667648K)->534155K(667648K)
[365.460s][info][gc,metaspace   ] GC(1176) Metaspace: 18841K(19008K)->18841K(19008K) NonClass: 16178K(16256K)->16178K(16256K) Class: 2663K(2752K)->2663K(2752K)
[365.460s][info][gc             ] GC(1176) Pause Young (Allocation Failure) 647M->538M(778M) 18.506ms
[365.460s][info][gc,cpu         ] GC(1176) User=0.04s Sys=0.00s Real=0.01s
[365.736s][info][gc,start       ] GC(1177) Pause Young (Allocation Failure)
[365.755s][info][gc,heap        ] GC(1177) PSYoungGen: 128672K(129024K)->17056K(212480K) Eden: 111616K(111616K)->0K(116736K) From: 17056K(17408K)->17056K(95744K)
[365.755s][info][gc,heap        ] GC(1177) ParOldGen: 534155K(667648K)->534155K(667648K)
[365.755s][info][gc,metaspace   ] GC(1177) Metaspace: 18841K(19008K)->18841K(19008K) NonClass: 16178K(16256K)->16178K(16256K) Class: 2663K(2752K)->2663K(2752K)
[365.755s][info][gc             ] GC(1177) Pause Young (Allocation Failure) 647M->538M(859M) 19.265ms
[365.755s][info][gc,cpu         ] GC(1177) User=0.03s Sys=0.00s Real=0.02s
[366.054s][info][gc,start       ] GC(1178) Pause Young (Allocation Failure)
[366.073s][info][gc,heap        ] GC(1178) PSYoungGen: 133792K(212480K)->17056K(134144K) Eden: 116736K(116736K)->0K(116736K) From: 17056K(95744K)->17056K(17408K)
[366.073s][info][gc,heap        ] GC(1178) ParOldGen: 534155K(667648K)->534155K(667648K)
[366.073s][info][gc,metaspace   ] GC(1178) Metaspace: 18841K(19008K)->18841K(19008K) NonClass: 16178K(16256K)->16178K(16256K) Class: 2663K(2752K)->2663K(2752K)
[366.073s][info][gc             ] GC(1178) Pause Young (Allocation Failure) 652M->538M(783M) 19.096ms
[366.073s][info][gc,cpu         ] GC(1178) User=0.03s Sys=0.00s Real=0.02s
[366.339s][info][gc,start       ] GC(1179) Pause Young (Allocation Failure)
[366.367s][info][gc,heap        ] GC(1179) PSYoungGen: 133792K(134144K)->17184K(203264K) Eden: 116736K(116736K)->0K(121856K) From: 17056K(17408K)->17184K(81408K)
[366.367s][info][gc,heap        ] GC(1179) ParOldGen: 534155K(667648K)->534155K(667648K)
[366.367s][info][gc,metaspace   ] GC(1179) Metaspace: 18841K(19008K)->18841K(19008K) NonClass: 16178K(16256K)->16178K(16256K) Class: 2663K(2752K)->2663K(2752K)
[366.367s][info][gc             ] GC(1179) Pause Young (Allocation Failure) 652M->538M(850M) 27.981ms
[366.367s][info][gc,cpu         ] GC(1179) User=0.06s Sys=0.00s Real=0.03s
[366.584s][info][gc,start       ] GC(1180) Pause Young (Allocation Failure)
[366.617s][info][gc,heap        ] GC(1180) PSYoungGen: 139040K(203264K)->35920K(208896K) Eden: 121856K(121856K)->0K(121856K) From: 17184K(81408K)->35920K(87040K)
[366.617s][info][gc,heap        ] GC(1180) ParOldGen: 534155K(667648K)->534155K(667648K)
[366.617s][info][gc,metaspace   ] GC(1180) Metaspace: 18841K(19008K)->18841K(19008K) NonClass: 16178K(16256K)->16178K(16256K) Class: 2663K(2752K)->2663K(2752K)
[366.617s][info][gc             ] GC(1180) Pause Young (Allocation Failure) 657M->556M(856M) 33.476ms
[366.617s][info][gc,cpu         ] GC(1180) User=0.07s Sys=0.00s Real=0.03s
[366.707s][info][gc,start       ] GC(1181) Pause Young (Allocation Failure)
[366.766s][info][gc,heap        ] GC(1181) PSYoungGen: 157776K(208896K)->78832K(199168K) Eden: 121856K(121856K)->0K(113664K) From: 35920K(87040K)->78832K(85504K)
[366.766s][info][gc,heap        ] GC(1181) ParOldGen: 534155K(667648K)->534155K(667648K)
[366.766s][info][gc,metaspace   ] GC(1181) Metaspace: 18841K(19008K)->18841K(19008K) NonClass: 16178K(16256K)->16178K(16256K) Class: 2663K(2752K)->2663K(2752K)
[366.766s][info][gc             ] GC(1181) Pause Young (Allocation Failure) 675M->598M(846M) 58.988ms
[366.766s][info][gc,cpu         ] GC(1181) User=0.12s Sys=0.00s Real=0.06s
[366.969s][info][gc,start       ] GC(1182) Pause Young (Allocation Failure)
[367.035s][info][gc,heap        ] GC(1182) PSYoungGen: 192496K(199168K)->91872K(212992K) Eden: 113664K(113664K)->0K(113664K) From: 78832K(85504K)->91872K(99328K)
[367.035s][info][gc,heap        ] GC(1182) ParOldGen: 534155K(667648K)->534155K(667648K)
[367.035s][info][gc,metaspace   ] GC(1182) Metaspace: 18841K(19008K)->18841K(19008K) NonClass: 16178K(16256K)->16178K(16256K) Class: 2663K(2752K)->2663K(2752K)
[367.035s][info][gc             ] GC(1182) Pause Young (Allocation Failure) 709M->611M(860M) 66.920ms
[367.035s][info][gc,cpu         ] GC(1182) User=0.13s Sys=0.00s Real=0.07s
[367.200s][info][gc,start       ] GC(1183) Pause Young (Allocation Failure)
[367.298s][info][gc,heap        ] GC(1183) PSYoungGen: 205536K(212992K)->88160K(222720K) Eden: 113664K(113664K)->0K(111616K) From: 91872K(99328K)->88160K(111104K)
[367.298s][info][gc,heap        ] GC(1183) ParOldGen: 534155K(667648K)->551203K(667648K)
[367.298s][info][gc,metaspace   ] GC(1183) Metaspace: 18841K(19008K)->18841K(19008K) NonClass: 16178K(16256K)->16178K(16256K) Class: 2663K(2752K)->2663K(2752K)
[367.298s][info][gc             ] GC(1183) Pause Young (Allocation Failure) 722M->624M(869M) 97.634ms
[367.298s][info][gc,cpu         ] GC(1183) User=0.18s Sys=0.01s Real=0.10s
[367.438s][info][gc,start       ] GC(1184) Pause Young (Allocation Failure)
[367.540s][info][gc,heap        ] GC(1184) PSYoungGen: 199776K(222720K)->111072K(222720K) Eden: 111616K(111616K)->0K(111616K) From: 88160K(111104K)->111072K(111104K)
[367.541s][info][gc,heap        ] GC(1184) ParOldGen: 551203K(667648K)->553387K(667648K)
[367.541s][info][gc,metaspace   ] GC(1184) Metaspace: 18841K(19008K)->18841K(19008K) NonClass: 16178K(16256K)->16178K(16256K) Class: 2663K(2752K)->2663K(2752K)
[367.541s][info][gc             ] GC(1184) Pause Young (Allocation Failure) 733M->648M(869M) 102.644ms
[367.541s][info][gc,cpu         ] GC(1184) User=0.20s Sys=0.00s Real=0.11s
[367.690s][info][gc,start       ] GC(1185) Pause Young (Allocation Failure)
[367.813s][info][gc,heap        ] GC(1185) PSYoungGen: 222688K(222720K)->108400K(222720K) Eden: 111616K(111616K)->0K(111616K) From: 111072K(111104K)->108400K(111104K)
[367.813s][info][gc,heap        ] GC(1185) ParOldGen: 553387K(667648K)->572500K(667648K)
[367.813s][info][gc,metaspace   ] GC(1185) Metaspace: 18841K(19008K)->18841K(19008K) NonClass: 16178K(16256K)->16178K(16256K) Class: 2663K(2752K)->2663K(2752K)
[367.813s][info][gc             ] GC(1185) Pause Young (Allocation Failure) 757M->664M(869M) 122.792ms
[367.813s][info][gc,cpu         ] GC(1185) User=0.23s Sys=0.02s Real=0.13s
[367.901s][info][gc,start       ] GC(1186) Pause Young (Allocation Failure)
[368.011s][info][gc,heap        ] GC(1186) PSYoungGen: 220016K(222720K)->56352K(222720K) Eden: 111616K(111616K)->0K(111616K) From: 108400K(111104K)->56352K(111104K)
[368.011s][info][gc,heap        ] GC(1186) ParOldGen: 572500K(667648K)->629088K(667648K)
[368.011s][info][gc,metaspace   ] GC(1186) Metaspace: 18841K(19008K)->18841K(19008K) NonClass: 16178K(16256K)->16178K(16256K) Class: 2663K(2752K)->2663K(2752K)
[368.011s][info][gc             ] GC(1186) Pause Young (Allocation Failure) 773M->669M(869M) 110.345ms
[368.011s][info][gc,cpu         ] GC(1186) User=0.21s Sys=0.00s Real=0.11s
[368.144s][info][gc,start       ] GC(1187) Pause Full (Allocation Failure)
[368.144s][info][gc,phases,start] GC(1187) Marking Phase
[368.623s][info][gc,phases      ] GC(1187) Marking Phase 478.794ms
[368.623s][info][gc,phases,start] GC(1187) Summary Phase
[368.623s][info][gc,phases      ] GC(1187) Summary Phase 0.026ms
[368.623s][info][gc,phases,start] GC(1187) Forward
[368.730s][info][gc,phases      ] GC(1187) Forward 106.887ms
[368.730s][info][gc,phases,start] GC(1187) Adjust Pointers
[369.093s][info][gc,phases      ] GC(1187) Adjust Pointers 362.946ms
[369.093s][info][gc,phases,start] GC(1187) Compaction Phase
[369.298s][info][gc,phases      ] GC(1187) Compaction Phase 204.506ms
[369.308s][info][gc,phases,start] GC(1187) Post Compact
[369.310s][info][gc,phases      ] GC(1187) Post Compact 2.329ms
[369.310s][info][gc,heap        ] GC(1187) PSYoungGen: 167968K(222720K)->0K(222720K) Eden: 111616K(111616K)->0K(111616K) From: 56352K(111104K)->0K(111104K)
[369.310s][info][gc,heap        ] GC(1187) ParOldGen: 629088K(667648K)->664891K(667648K)
[369.310s][info][gc,metaspace   ] GC(1187) Metaspace: 18841K(19008K)->18841K(19008K) NonClass: 16178K(16256K)->16178K(16256K) Class: 2663K(2752K)->2663K(2752K)
[369.310s][info][gc             ] GC(1187) Pause Full (Allocation Failure) 778M->649M(869M) 1165.686ms
[369.310s][info][gc,cpu         ] GC(1187) User=2.29s Sys=0.00s Real=1.16s
[369.428s][info][gc,start       ] GC(1188) Pause Full (Allocation Failure)
[369.428s][info][gc,phases,start] GC(1188) Marking Phase
[369.919s][info][gc,phases      ] GC(1188) Marking Phase 491.619ms
[369.919s][info][gc,phases,start] GC(1188) Summary Phase
[369.919s][info][gc,phases      ] GC(1188) Summary Phase 0.027ms
[369.919s][info][gc,phases,start] GC(1188) Forward
[369.923s][info][gc,phases      ] GC(1188) Forward 3.155ms
[369.923s][info][gc,phases,start] GC(1188) Adjust Pointers
[370.254s][info][gc,phases      ] GC(1188) Adjust Pointers 331.814ms
[370.255s][info][gc,phases,start] GC(1188) Compaction Phase
[370.396s][info][gc,phases      ] GC(1188) Compaction Phase 141.588ms
[370.396s][info][gc,phases,start] GC(1188) Post Compact
[370.399s][info][gc,phases      ] GC(1188) Post Compact 2.257ms
[370.399s][info][gc,heap        ] GC(1188) PSYoungGen: 111616K(222720K)->1221K(222720K) Eden: 111616K(111616K)->1221K(111616K) From: 0K(111104K)->0K(111104K)
[370.399s][info][gc,heap        ] GC(1188) ParOldGen: 664891K(667648K)->667546K(667648K)
[370.399s][info][gc,metaspace   ] GC(1188) Metaspace: 18841K(19008K)->18841K(19008K) NonClass: 16178K(16256K)->16178K(16256K) Class: 2663K(2752K)->2663K(2752K)
[370.399s][info][gc             ] GC(1188) Pause Full (Allocation Failure) 758M->653M(869M) 970.958ms
[370.399s][info][gc,cpu         ] GC(1188) User=1.90s Sys=0.00s Real=0.97s
[370.556s][info][gc,start       ] GC(1189) Pause Full (Allocation Failure)
[370.557s][info][gc,phases,start] GC(1189) Marking Phase
[370.937s][info][gc,phases      ] GC(1189) Marking Phase 380.575ms
[370.937s][info][gc,phases,start] GC(1189) Summary Phase
[370.937s][info][gc,phases      ] GC(1189) Summary Phase 0.028ms
[370.937s][info][gc,phases,start] GC(1189) Forward
[371.082s][info][gc,phases      ] GC(1189) Forward 145.086ms
[371.082s][info][gc,phases,start] GC(1189) Adjust Pointers
[371.376s][info][gc,phases      ] GC(1189) Adjust Pointers 294.017ms
[371.376s][info][gc,phases,start] GC(1189) Compaction Phase
[371.565s][info][gc,phases      ] GC(1189) Compaction Phase 189.015ms
[371.576s][info][gc,phases,start] GC(1189) Post Compact
[371.578s][info][gc,phases      ] GC(1189) Post Compact 2.295ms
[371.578s][info][gc,heap        ] GC(1189) PSYoungGen: 111616K(222720K)->0K(222720K) Eden: 111616K(111616K)->0K(111616K) From: 0K(111104K)->0K(111104K)
[371.578s][info][gc,heap        ] GC(1189) ParOldGen: 667546K(667648K)->523918K(667648K)
[371.578s][info][gc,metaspace   ] GC(1189) Metaspace: 18841K(19008K)->18841K(19008K) NonClass: 16178K(16256K)->16178K(16256K) Class: 2663K(2752K)->2663K(2752K)
[371.578s][info][gc             ] GC(1189) Pause Full (Allocation Failure) 760M->511M(869M) 1021.973ms
[371.578s][info][gc,cpu         ] GC(1189) User=1.93s Sys=0.00s Real=1.02s
[371.775s][info][gc,start       ] GC(1190) Pause Young (Allocation Failure)
[371.799s][info][gc,heap        ] GC(1190) PSYoungGen: 111616K(222720K)->17584K(222720K) Eden: 111616K(111616K)->0K(111616K) From: 0K(111104K)->17584K(111104K)
[371.799s][info][gc,heap        ] GC(1190) ParOldGen: 523918K(667648K)->523918K(667648K)
[371.799s][info][gc,metaspace   ] GC(1190) Metaspace: 18841K(19008K)->18841K(19008K) NonClass: 16178K(16256K)->16178K(16256K) Class: 2663K(2752K)->2663K(2752K)
[371.800s][info][gc             ] GC(1190) Pause Young (Allocation Failure) 620M->528M(869M) 24.509ms
[371.800s][info][gc,cpu         ] GC(1190) User=0.04s Sys=0.01s Real=0.02s
[372.068s][info][gc,start       ] GC(1191) Pause Young (Allocation Failure)
[372.092s][info][gc,heap        ] GC(1191) PSYoungGen: 129200K(222720K)->23195K(222720K) Eden: 111616K(111616K)->0K(111616K) From: 17584K(111104K)->23195K(111104K)
[372.092s][info][gc,heap        ] GC(1191) ParOldGen: 523918K(667648K)->523918K(667648K)
[372.092s][info][gc,metaspace   ] GC(1191) Metaspace: 18842K(19008K)->18842K(19008K) NonClass: 16179K(16256K)->16179K(16256K) Class: 2663K(2752K)->2663K(2752K)
[372.092s][info][gc             ] GC(1191) Pause Young (Allocation Failure) 637M->534M(869M) 23.968ms
[372.092s][info][gc,cpu         ] GC(1191) User=0.05s Sys=0.00s Real=0.03s
[372.251s][info][gc,start       ] GC(1192) Pause Young (Allocation Failure)
[372.288s][info][gc,heap        ] GC(1192) PSYoungGen: 134811K(222720K)->14320K(222720K) Eden: 111616K(111616K)->0K(111616K) From: 23195K(111104K)->14320K(111104K)
[372.288s][info][gc,heap        ] GC(1192) ParOldGen: 523918K(667648K)->547154K(667648K)
[372.288s][info][gc,metaspace   ] GC(1192) Metaspace: 18844K(19008K)->18844K(19008K) NonClass: 16181K(16256K)->16181K(16256K) Class: 2663K(2752K)->2663K(2752K)
[372.288s][info][gc             ] GC(1192) Pause Young (Allocation Failure) 643M->548M(869M) 37.359ms
[372.288s][info][gc,cpu         ] GC(1192) User=0.08s Sys=0.00s Real=0.03s
[372.407s][info][gc,start       ] GC(1193) Pause Young (Allocation Failure)
[372.435s][info][gc,heap        ] GC(1193) PSYoungGen: 125936K(222720K)->19936K(222720K) Eden: 111616K(111616K)->0K(111616K) From: 14320K(111104K)->19936K(111104K)
[372.435s][info][gc,heap        ] GC(1193) ParOldGen: 547154K(667648K)->556746K(667648K)
[372.435s][info][gc,metaspace   ] GC(1193) Metaspace: 18847K(19008K)->18847K(19008K) NonClass: 16184K(16256K)->16184K(16256K) Class: 2663K(2752K)->2663K(2752K)
[372.435s][info][gc             ] GC(1193) Pause Young (Allocation Failure) 657M->563M(869M) 27.873ms
[372.435s][info][gc,cpu         ] GC(1193) User=0.06s Sys=0.00s Real=0.03s
[372.599s][info][gc,start       ] GC(1194) Pause Young (Allocation Failure)
[372.622s][info][gc,heap        ] GC(1194) PSYoungGen: 131552K(222720K)->10176K(222720K) Eden: 111616K(111616K)->0K(111616K) From: 19936K(111104K)->10176K(111104K)
[372.622s][info][gc,heap        ] GC(1194) ParOldGen: 556746K(667648K)->570770K(667648K)
[372.622s][info][gc,metaspace   ] GC(1194) Metaspace: 18847K(19008K)->18847K(19008K) NonClass: 16184K(16256K)->16184K(16256K) Class: 2663K(2752K)->2663K(2752K)
[372.622s][info][gc             ] GC(1194) Pause Young (Allocation Failure) 672M->567M(869M) 23.354ms
[372.622s][info][gc,cpu         ] GC(1194) User=0.05s Sys=0.00s Real=0.03s
[372.755s][info][gc,start       ] GC(1195) Pause Young (Allocation Failure)
[372.779s][info][gc,heap        ] GC(1195) PSYoungGen: 121792K(222720K)->9792K(222720K) Eden: 111616K(111616K)->0K(111616K) From: 10176K(111104K)->9792K(111104K)
[372.779s][info][gc,heap        ] GC(1195) ParOldGen: 570770K(667648K)->580962K(667648K)
[372.779s][info][gc,metaspace   ] GC(1195) Metaspace: 18847K(19008K)->18847K(19008K) NonClass: 16184K(16256K)->16184K(16256K) Class: 2663K(2752K)->2663K(2752K)
[372.779s][info][gc             ] GC(1195) Pause Young (Allocation Failure) 676M->576M(869M) 23.495ms
[372.779s][info][gc,cpu         ] GC(1195) User=0.05s Sys=0.00s Real=0.02s
[372.948s][info][gc,start       ] GC(1196) Pause Young (Allocation Failure)
[372.963s][info][gc,heap        ] GC(1196) PSYoungGen: 121408K(222720K)->3136K(222720K) Eden: 111616K(111616K)->0K(111616K) From: 9792K(111104K)->3136K(111104K)
[372.963s][info][gc,heap        ] GC(1196) ParOldGen: 580962K(667648K)->590770K(667648K)
[372.963s][info][gc,metaspace   ] GC(1196) Metaspace: 18847K(19008K)->18847K(19008K) NonClass: 16184K(16256K)->16184K(16256K) Class: 2663K(2752K)->2663K(2752K)
[372.963s][info][gc             ] GC(1196) Pause Young (Allocation Failure) 685M->579M(869M) 15.009ms
[372.963s][info][gc,cpu         ] GC(1196) User=0.03s Sys=0.00s Real=0.02s
[373.203s][info][gc,start       ] GC(1197) Pause Young (Allocation Failure)
[373.210s][info][gc,heap        ] GC(1197) PSYoungGen: 114752K(222720K)->1280K(222720K) Eden: 111616K(111616K)->0K(111616K) From: 3136K(111104K)->1280K(111104K)
[373.210s][info][gc,heap        ] GC(1197) ParOldGen: 590770K(667648K)->593890K(667648K)
[373.210s][info][gc,metaspace   ] GC(1197) Metaspace: 18847K(19008K)->18847K(19008K) NonClass: 16184K(16256K)->16184K(16256K) Class: 2663K(2752K)->2663K(2752K)
[373.210s][info][gc             ] GC(1197) Pause Young (Allocation Failure) 688M->581M(869M) 6.508ms
[373.210s][info][gc,cpu         ] GC(1197) User=0.01s Sys=0.00s Real=0.00s
[373.337s][info][gc,start       ] GC(1198) Pause Young (Allocation Failure)
[373.351s][info][gc,heap        ] GC(1198) PSYoungGen: 112896K(222720K)->12656K(222720K) Eden: 111616K(111616K)->0K(111616K) From: 1280K(111104K)->12656K(111104K)
[373.351s][info][gc,heap        ] GC(1198) ParOldGen: 593890K(667648K)->595138K(667648K)
[373.351s][info][gc,metaspace   ] GC(1198) Metaspace: 18847K(19008K)->18847K(19008K) NonClass: 16184K(16256K)->16184K(16256K) Class: 2663K(2752K)->2663K(2752K)
[373.351s][info][gc             ] GC(1198) Pause Young (Allocation Failure) 690M->593M(869M) 14.391ms
[373.351s][info][gc,cpu         ] GC(1198) User=0.03s Sys=0.00s Real=0.02s
[373.515s][info][gc,start       ] GC(1199) Pause Young (Allocation Failure)
[373.533s][info][gc,heap        ] GC(1199) PSYoungGen: 124272K(222720K)->7936K(214528K) Eden: 111616K(111616K)->0K(111616K) From: 12656K(111104K)->7936K(102912K)
[373.533s][info][gc,heap        ] GC(1199) ParOldGen: 595138K(667648K)->607842K(667648K)
[373.533s][info][gc,metaspace   ] GC(1199) Metaspace: 18847K(19008K)->18847K(19008K) NonClass: 16184K(16256K)->16184K(16256K) Class: 2663K(2752K)->2663K(2752K)
[373.533s][info][gc             ] GC(1199) Pause Young (Allocation Failure) 702M->601M(861M) 18.843ms
[373.533s][info][gc,cpu         ] GC(1199) User=0.04s Sys=0.00s Real=0.02s
[373.596s][info][gc,start       ] GC(1200) Pause Young (Allocation Failure)
[373.630s][info][gc,heap        ] GC(1200) PSYoungGen: 119552K(214528K)->48736K(218624K) Eden: 111616K(111616K)->0K(111616K) From: 7936K(102912K)->48736K(107008K)
[373.630s][info][gc,heap        ] GC(1200) ParOldGen: 607842K(667648K)->607842K(667648K)
[373.630s][info][gc,metaspace   ] GC(1200) Metaspace: 18847K(19008K)->18847K(19008K) NonClass: 16184K(16256K)->16184K(16256K) Class: 2663K(2752K)->2663K(2752K)
[373.630s][info][gc             ] GC(1200) Pause Young (Allocation Failure) 710M->641M(865M) 34.663ms
[373.630s][info][gc,cpu         ] GC(1200) User=0.07s Sys=0.00s Real=0.03s
[373.807s][info][gc,start       ] GC(1201) Pause Young (Allocation Failure)
[373.857s][info][gc,heap        ] GC(1201) PSYoungGen: 160352K(218624K)->75360K(219136K) Eden: 111616K(111616K)->0K(111616K) From: 48736K(107008K)->75360K(107520K)
[373.857s][info][gc,heap        ] GC(1201) ParOldGen: 607842K(667648K)->607842K(667648K)
[373.857s][info][gc,metaspace   ] GC(1201) Metaspace: 18847K(19008K)->18847K(19008K) NonClass: 16184K(16256K)->16184K(16256K) Class: 2663K(2752K)->2663K(2752K)
[373.857s][info][gc             ] GC(1201) Pause Young (Allocation Failure) 750M->667M(866M) 49.509ms
[373.857s][info][gc,cpu         ] GC(1201) User=0.10s Sys=0.00s Real=0.05s
[373.970s][info][gc,start       ] GC(1202) Pause Young (Allocation Failure)
[374.021s][info][gc,heap        ] GC(1202) PSYoungGen: 186976K(219136K)->29440K(222720K) Eden: 111616K(111616K)->0K(111616K) From: 75360K(107520K)->29440K(111104K)
[374.021s][info][gc,heap        ] GC(1202) ParOldGen: 607842K(667648K)->657154K(667648K)
[374.021s][info][gc,metaspace   ] GC(1202) Metaspace: 18847K(19008K)->18847K(19008K) NonClass: 16184K(16256K)->16184K(16256K) Class: 2663K(2752K)->2663K(2752K)
[374.021s][info][gc             ] GC(1202) Pause Young (Allocation Failure) 776M->670M(869M) 51.315ms
[374.021s][info][gc,cpu         ] GC(1202) User=0.10s Sys=0.00s Real=0.06s
[374.193s][info][gc,start       ] GC(1203) Pause Full (Allocation Failure)
[374.193s][info][gc,phases,start] GC(1203) Marking Phase
[374.536s][info][gc,phases      ] GC(1203) Marking Phase 343.283ms
[374.536s][info][gc,phases,start] GC(1203) Summary Phase
[374.536s][info][gc,phases      ] GC(1203) Summary Phase 0.028ms
[374.536s][info][gc,phases,start] GC(1203) Forward
[374.621s][info][gc,phases      ] GC(1203) Forward 84.458ms
[374.621s][info][gc,phases,start] GC(1203) Adjust Pointers
[374.877s][info][gc,phases      ] GC(1203) Adjust Pointers 255.690ms
[374.877s][info][gc,phases,start] GC(1203) Compaction Phase
[375.017s][info][gc,phases      ] GC(1203) Compaction Phase 140.118ms
[375.024s][info][gc,phases,start] GC(1203) Post Compact
[375.026s][info][gc,phases      ] GC(1203) Post Compact 2.298ms
[375.027s][info][gc,heap        ] GC(1203) PSYoungGen: 141056K(222720K)->0K(221184K) Eden: 111616K(111616K)->0K(113664K) From: 29440K(111104K)->0K(107520K)
[375.027s][info][gc,heap        ] GC(1203) ParOldGen: 657154K(667648K)->484989K(667648K)
[375.027s][info][gc,metaspace   ] GC(1203) Metaspace: 18847K(19008K)->18847K(19008K) NonClass: 16184K(16256K)->16184K(16256K) Class: 2663K(2752K)->2663K(2752K)
[375.027s][info][gc             ] GC(1203) Pause Full (Allocation Failure) 779M->473M(868M) 833.725ms
[375.027s][info][gc,cpu         ] GC(1203) User=1.58s Sys=0.00s Real=0.83s
[375.160s][info][gc,start       ] GC(1204) Pause Young (Allocation Failure)
[375.184s][info][gc,heap        ] GC(1204) PSYoungGen: 113664K(221184K)->21824K(135680K) Eden: 113664K(113664K)->0K(113664K) From: 0K(107520K)->21824K(22016K)
[375.184s][info][gc,heap        ] GC(1204) ParOldGen: 484989K(667648K)->484989K(667648K)
[375.184s][info][gc,metaspace   ] GC(1204) Metaspace: 18847K(19008K)->18847K(19008K) NonClass: 16184K(16256K)->16184K(16256K) Class: 2663K(2752K)->2663K(2752K)
[375.184s][info][gc             ] GC(1204) Pause Young (Allocation Failure) 584M->494M(784M) 23.974ms
[375.184s][info][gc,cpu         ] GC(1204) User=0.05s Sys=0.00s Real=0.03s
[375.295s][info][gc,start       ] GC(1205) Pause Young (Allocation Failure)
[375.323s][info][gc,heap        ] GC(1205) PSYoungGen: 135488K(135680K)->25792K(213504K) Eden: 113664K(113664K)->0K(119808K) From: 21824K(22016K)->25792K(93696K)
[375.323s][info][gc,heap        ] GC(1205) ParOldGen: 484989K(667648K)->484989K(667648K)
[375.323s][info][gc,metaspace   ] GC(1205) Metaspace: 18847K(19008K)->18847K(19008K) NonClass: 16184K(16256K)->16184K(16256K) Class: 2663K(2752K)->2663K(2752K)
[375.323s][info][gc             ] GC(1205) Pause Young (Allocation Failure) 605M->498M(860M) 27.799ms
[375.323s][info][gc,cpu         ] GC(1205) User=0.05s Sys=0.00s Real=0.03s
[375.451s][info][gc,start       ] GC(1206) Pause Young (Allocation Failure)
[375.480s][info][gc,heap        ] GC(1206) PSYoungGen: 145600K(213504K)->26528K(217088K) Eden: 119808K(119808K)->0K(119808K) From: 25792K(93696K)->26528K(97280K)
[375.480s][info][gc,heap        ] GC(1206) ParOldGen: 484989K(667648K)->484989K(667648K)
[375.480s][info][gc,metaspace   ] GC(1206) Metaspace: 18847K(19008K)->18847K(19008K) NonClass: 16184K(16256K)->16184K(16256K) Class: 2663K(2752K)->2663K(2752K)
[375.480s][info][gc             ] GC(1206) Pause Young (Allocation Failure) 615M->499M(864M) 28.362ms
[375.480s][info][gc,cpu         ] GC(1206) User=0.05s Sys=0.00s Real=0.02s
[375.605s][info][gc,start       ] GC(1207) Pause Young (Allocation Failure)
[375.638s][info][gc,heap        ] GC(1207) PSYoungGen: 146336K(217088K)->30880K(205824K) Eden: 119808K(119808K)->0K(126464K) From: 26528K(97280K)->30880K(79360K)
[375.638s][info][gc,heap        ] GC(1207) ParOldGen: 484989K(667648K)->484989K(667648K)
[375.638s][info][gc,metaspace   ] GC(1207) Metaspace: 18847K(19008K)->18847K(19008K) NonClass: 16184K(16256K)->16184K(16256K) Class: 2663K(2752K)->2663K(2752K)
[375.638s][info][gc             ] GC(1207) Pause Young (Allocation Failure) 616M->503M(853M) 32.807ms
[375.638s][info][gc,cpu         ] GC(1207) User=0.06s Sys=0.00s Real=0.03s
[375.803s][info][gc,start       ] GC(1208) Pause Young (Allocation Failure)
[375.842s][info][gc,heap        ] GC(1208) PSYoungGen: 157344K(205824K)->39808K(211968K) Eden: 126464K(126464K)->0K(126464K) From: 30880K(79360K)->39808K(85504K)
[375.842s][info][gc,heap        ] GC(1208) ParOldGen: 484989K(667648K)->484989K(667648K)
[375.842s][info][gc,metaspace   ] GC(1208) Metaspace: 18847K(19008K)->18847K(19008K) NonClass: 16184K(16256K)->16184K(16256K) Class: 2663K(2752K)->2663K(2752K)
[375.842s][info][gc             ] GC(1208) Pause Young (Allocation Failure) 627M->512M(859M) 38.938ms
[375.842s][info][gc,cpu         ] GC(1208) User=0.08s Sys=0.00s Real=0.04s
[376.073s][info][gc,start       ] GC(1209) Pause Young (Allocation Failure)
[376.140s][info][gc,heap        ] GC(1209) PSYoungGen: 166272K(211968K)->57344K(212480K) Eden: 126464K(126464K)->0K(129024K) From: 39808K(85504K)->57344K(83456K)
[376.140s][info][gc,heap        ] GC(1209) ParOldGen: 484989K(667648K)->484989K(667648K)
[376.140s][info][gc,metaspace   ] GC(1209) Metaspace: 18847K(19008K)->18847K(19008K) NonClass: 16184K(16256K)->16184K(16256K) Class: 2663K(2752K)->2663K(2752K)
[376.140s][info][gc             ] GC(1209) Pause Young (Allocation Failure) 635M->529M(859M) 67.490ms
[376.140s][info][gc,cpu         ] GC(1209) User=0.13s Sys=0.00s Real=0.06s
[376.391s][info][gc,start       ] GC(1210) Pause Young (Allocation Failure)
[376.465s][info][gc,heap        ] GC(1210) PSYoungGen: 186368K(212480K)->80912K(217088K) Eden: 129024K(129024K)->0K(129024K) From: 57344K(83456K)->80912K(88064K)
[376.465s][info][gc,heap        ] GC(1210) ParOldGen: 484989K(667648K)->484989K(667648K)
[376.465s][info][gc,metaspace   ] GC(1210) Metaspace: 18847K(19008K)->18847K(19008K) NonClass: 16184K(16256K)->16184K(16256K) Class: 2663K(2752K)->2663K(2752K)
[376.465s][info][gc             ] GC(1210) Pause Young (Allocation Failure) 655M->552M(864M) 73.550ms
[376.465s][info][gc,cpu         ] GC(1210) User=0.15s Sys=0.00s Real=0.07s
[376.611s][info][gc,start       ] GC(1211) Pause Young (Allocation Failure)
[376.710s][info][gc,heap        ] GC(1211) PSYoungGen: 209936K(217088K)->98960K(211456K) Eden: 129024K(129024K)->0K(111616K) From: 80912K(88064K)->98960K(99840K)
[376.710s][info][gc,heap        ] GC(1211) ParOldGen: 484989K(667648K)->484989K(667648K)
[376.710s][info][gc,metaspace   ] GC(1211) Metaspace: 18847K(19008K)->18847K(19008K) NonClass: 16184K(16256K)->16184K(16256K) Class: 2663K(2752K)->2663K(2752K)
[376.710s][info][gc             ] GC(1211) Pause Young (Allocation Failure) 678M->570M(858M) 99.741ms
[376.710s][info][gc,cpu         ] GC(1211) User=0.17s Sys=0.03s Real=0.09s
[376.899s][info][gc,start       ] GC(1212) Pause Young (Allocation Failure)
[376.999s][info][gc,heap        ] GC(1212) PSYoungGen: 210576K(211456K)->108592K(222720K) Eden: 111616K(111616K)->0K(111616K) From: 98960K(99840K)->108592K(111104K)
[376.999s][info][gc,heap        ] GC(1212) ParOldGen: 484989K(667648K)->484989K(667648K)
[376.999s][info][gc,metaspace   ] GC(1212) Metaspace: 18847K(19008K)->18847K(19008K) NonClass: 16184K(16256K)->16184K(16256K) Class: 2663K(2752K)->2663K(2752K)
[376.999s][info][gc             ] GC(1212) Pause Young (Allocation Failure) 679M->579M(869M) 100.387ms
[376.999s][info][gc,cpu         ] GC(1212) User=0.20s Sys=0.00s Real=0.10s
[377.190s][info][gc,start       ] GC(1213) Pause Young (Allocation Failure)
[377.296s][info][gc,heap        ] GC(1213) PSYoungGen: 220208K(222720K)->88896K(222720K) Eden: 111616K(111616K)->0K(111616K) From: 108592K(111104K)->88896K(111104K)
[377.296s][info][gc,heap        ] GC(1213) ParOldGen: 484989K(667648K)->510813K(667648K)
[377.296s][info][gc,metaspace   ] GC(1213) Metaspace: 18847K(19008K)->18847K(19008K) NonClass: 16184K(16256K)->16184K(16256K) Class: 2663K(2752K)->2663K(2752K)
[377.296s][info][gc             ] GC(1213) Pause Young (Allocation Failure) 688M->585M(869M) 106.294ms
[377.296s][info][gc,cpu         ] GC(1213) User=0.21s Sys=0.00s Real=0.11s
[377.432s][info][gc,start       ] GC(1214) Pause Young (Allocation Failure)
[377.529s][info][gc,heap        ] GC(1214) PSYoungGen: 200512K(222720K)->98912K(222720K) Eden: 111616K(111616K)->0K(111616K) From: 88896K(111104K)->98912K(111104K)
[377.529s][info][gc,heap        ] GC(1214) ParOldGen: 510813K(667648K)->515533K(667648K)
[377.529s][info][gc,metaspace   ] GC(1214) Metaspace: 18847K(19008K)->18847K(19008K) NonClass: 16184K(16256K)->16184K(16256K) Class: 2663K(2752K)->2663K(2752K)
[377.529s][info][gc             ] GC(1214) Pause Young (Allocation Failure) 694M->600M(869M) 97.283ms
[377.529s][info][gc,cpu         ] GC(1214) User=0.19s Sys=0.00s Real=0.09s
[377.640s][info][gc,start       ] GC(1215) Pause Young (Allocation Failure)
[377.738s][info][gc,heap        ] GC(1215) PSYoungGen: 210528K(222720K)->73008K(222720K) Eden: 111616K(111616K)->0K(111616K) From: 98912K(111104K)->73008K(111104K)
[377.738s][info][gc,heap        ] GC(1215) ParOldGen: 515533K(667648K)->542422K(667648K)
[377.738s][info][gc,metaspace   ] GC(1215) Metaspace: 18847K(19008K)->18847K(19008K) NonClass: 16184K(16256K)->16184K(16256K) Class: 2663K(2752K)->2663K(2752K)
[377.738s][info][gc             ] GC(1215) Pause Young (Allocation Failure) 709M->601M(869M) 98.341ms
[377.738s][info][gc,cpu         ] GC(1215) User=0.20s Sys=0.00s Real=0.10s
[377.873s][info][gc,start       ] GC(1216) Pause Young (Allocation Failure)
[377.948s][info][gc,heap        ] GC(1216) PSYoungGen: 184624K(222720K)->38784K(222720K) Eden: 111616K(111616K)->0K(111616K) From: 73008K(111104K)->38784K(111104K)
[377.948s][info][gc,heap        ] GC(1216) ParOldGen: 542422K(667648K)->584219K(667648K)
[377.948s][info][gc,metaspace   ] GC(1216) Metaspace: 18847K(19008K)->18847K(19008K) NonClass: 16184K(16256K)->16184K(16256K) Class: 2663K(2752K)->2663K(2752K)
[377.948s][info][gc             ] GC(1216) Pause Young (Allocation Failure) 710M->608M(869M) 74.834ms
[377.948s][info][gc,cpu         ] GC(1216) User=0.15s Sys=0.00s Real=0.07s
[378.209s][info][gc,start       ] GC(1217) Pause Young (Allocation Failure)
[378.266s][info][gc,heap        ] GC(1217) PSYoungGen: 150400K(222720K)->32128K(222720K) Eden: 111616K(111616K)->0K(111616K) From: 38784K(111104K)->32128K(111104K)
[378.266s][info][gc,heap        ] GC(1217) ParOldGen: 584219K(667648K)->600155K(667648K)
[378.266s][info][gc,metaspace   ] GC(1217) Metaspace: 18847K(19008K)->18847K(19008K) NonClass: 16184K(16256K)->16184K(16256K) Class: 2663K(2752K)->2663K(2752K)
[378.266s][info][gc             ] GC(1217) Pause Young (Allocation Failure) 717M->617M(869M) 56.286ms
[378.266s][info][gc,cpu         ] GC(1217) User=0.11s Sys=0.00s Real=0.06s
[378.536s][info][gc,start       ] GC(1218) Pause Young (Allocation Failure)
[378.569s][info][gc,heap        ] GC(1218) PSYoungGen: 143744K(222720K)->16512K(222720K) Eden: 111616K(111616K)->0K(111616K) From: 32128K(111104K)->16512K(111104K)
[378.569s][info][gc,heap        ] GC(1218) ParOldGen: 600155K(667648K)->615843K(667648K)
[378.569s][info][gc,metaspace   ] GC(1218) Metaspace: 18847K(19008K)->18847K(19008K) NonClass: 16184K(16256K)->16184K(16256K) Class: 2663K(2752K)->2663K(2752K)
[378.569s][info][gc             ] GC(1218) Pause Young (Allocation Failure) 726M->617M(869M) 33.399ms
[378.569s][info][gc,cpu         ] GC(1218) User=0.07s Sys=0.00s Real=0.03s
[378.831s][info][gc,start       ] GC(1219) Pause Young (Allocation Failure)
[378.850s][info][gc,heap        ] GC(1219) PSYoungGen: 128128K(222720K)->64K(222720K) Eden: 111616K(111616K)->0K(111616K) From: 16512K(111104K)->64K(111104K)
[378.850s][info][gc,heap        ] GC(1219) ParOldGen: 615843K(667648K)->632318K(667648K)
[378.850s][info][gc,metaspace   ] GC(1219) Metaspace: 18847K(19008K)->18847K(19008K) NonClass: 16184K(16256K)->16184K(16256K) Class: 2663K(2752K)->2663K(2752K)
[378.850s][info][gc             ] GC(1219) Pause Young (Allocation Failure) 726M->617M(869M) 18.820ms
[378.850s][info][gc,cpu         ] GC(1219) User=0.03s Sys=0.00s Real=0.01s
[379.097s][info][gc,start       ] GC(1220) Pause Full (Allocation Failure)
[379.097s][info][gc,phases,start] GC(1220) Marking Phase
[379.436s][info][gc,phases      ] GC(1220) Marking Phase 339.444ms
[379.436s][info][gc,phases,start] GC(1220) Summary Phase
[379.436s][info][gc,phases      ] GC(1220) Summary Phase 0.025ms
[379.436s][info][gc,phases,start] GC(1220) Forward
[379.569s][info][gc,phases      ] GC(1220) Forward 133.152ms
[379.569s][info][gc,phases,start] GC(1220) Adjust Pointers
[379.822s][info][gc,phases      ] GC(1220) Adjust Pointers 252.465ms
[379.822s][info][gc,phases,start] GC(1220) Compaction Phase
[379.974s][info][gc,phases      ] GC(1220) Compaction Phase 152.109ms
[379.983s][info][gc,phases,start] GC(1220) Post Compact
[379.985s][info][gc,phases      ] GC(1220) Post Compact 2.208ms
[379.985s][info][gc,heap        ] GC(1220) PSYoungGen: 111680K(222720K)->0K(222720K) Eden: 111616K(111616K)->0K(111616K) From: 64K(111104K)->0K(111104K)
[379.985s][info][gc,heap        ] GC(1220) ParOldGen: 632318K(667648K)->468690K(667648K)
[379.985s][info][gc,metaspace   ] GC(1220) Metaspace: 18847K(19008K)->18847K(19008K) NonClass: 16184K(16256K)->16184K(16256K) Class: 2663K(2752K)->2663K(2752K)
[379.985s][info][gc             ] GC(1220) Pause Full (Allocation Failure) 726M->457M(869M) 888.898ms
[379.985s][info][gc,cpu         ] GC(1220) User=1.66s Sys=0.01s Real=0.89s
[380.214s][info][gc,start       ] GC(1221) Pause Young (Allocation Failure)
[380.221s][info][gc,heap        ] GC(1221) PSYoungGen: 111616K(222720K)->416K(222720K) Eden: 111616K(111616K)->0K(111616K) From: 0K(111104K)->416K(111104K)
[380.221s][info][gc,heap        ] GC(1221) ParOldGen: 468690K(667648K)->468690K(667648K)
[380.221s][info][gc,metaspace   ] GC(1221) Metaspace: 18847K(19008K)->18847K(19008K) NonClass: 16184K(16256K)->16184K(16256K) Class: 2663K(2752K)->2663K(2752K)
[380.221s][info][gc             ] GC(1221) Pause Young (Allocation Failure) 566M->458M(869M) 7.029ms
[380.221s][info][gc,cpu         ] GC(1221) User=0.02s Sys=0.00s Real=0.01s
[380.281s][info][gc,start       ] GC(1222) Pause Young (Allocation Failure)
[380.309s][info][gc,heap        ] GC(1222) PSYoungGen: 112032K(222720K)->38992K(222720K) Eden: 111616K(111616K)->0K(111616K) From: 416K(111104K)->38992K(111104K)
[380.309s][info][gc,heap        ] GC(1222) ParOldGen: 468690K(667648K)->469074K(667648K)
[380.309s][info][gc,metaspace   ] GC(1222) Metaspace: 18847K(19008K)->18847K(19008K) NonClass: 16184K(16256K)->16184K(16256K) Class: 2663K(2752K)->2663K(2752K)
[380.309s][info][gc             ] GC(1222) Pause Young (Allocation Failure) 567M->496M(869M) 28.457ms
[380.309s][info][gc,cpu         ] GC(1222) User=0.06s Sys=0.00s Real=0.02s
[380.464s][info][gc,start       ] GC(1223) Pause Young (Allocation Failure)
[380.518s][info][gc,heap        ] GC(1223) PSYoungGen: 150608K(222720K)->29824K(222720K) Eden: 111616K(111616K)->0K(111616K) From: 38992K(111104K)->29824K(111104K)
[380.518s][info][gc,heap        ] GC(1223) ParOldGen: 469074K(667648K)->508493K(667648K)
[380.518s][info][gc,metaspace   ] GC(1223) Metaspace: 18847K(19008K)->18847K(19008K) NonClass: 16184K(16256K)->16184K(16256K) Class: 2663K(2752K)->2663K(2752K)
[380.518s][info][gc             ] GC(1223) Pause Young (Allocation Failure) 605M->525M(869M) 54.027ms
[380.518s][info][gc,cpu         ] GC(1223) User=0.10s Sys=0.00s Real=0.05s
[380.615s][info][gc,start       ] GC(1224) Pause Young (Allocation Failure)
[380.640s][info][gc,heap        ] GC(1224) PSYoungGen: 141440K(222720K)->2432K(222720K) Eden: 111616K(111616K)->0K(111616K) From: 29824K(111104K)->2432K(111104K)
[380.640s][info][gc,heap        ] GC(1224) ParOldGen: 508493K(667648K)->538628K(667648K)
[380.640s][info][gc,metaspace   ] GC(1224) Metaspace: 18847K(19008K)->18847K(19008K) NonClass: 16184K(16256K)->16184K(16256K) Class: 2663K(2752K)->2663K(2752K)
[380.640s][info][gc             ] GC(1224) Pause Young (Allocation Failure) 634M->528M(869M) 25.566ms
[380.640s][info][gc,cpu         ] GC(1224) User=0.05s Sys=0.00s Real=0.02s
[380.795s][info][gc,start       ] GC(1225) Pause Young (Allocation Failure)
[380.831s][info][gc,heap        ] GC(1225) PSYoungGen: 114048K(222720K)->17497K(222720K) Eden: 111616K(111616K)->0K(111616K) From: 2432K(111104K)->17497K(111104K)
[380.831s][info][gc,heap        ] GC(1225) ParOldGen: 538628K(667648K)->541036K(667648K)
[380.831s][info][gc,metaspace   ] GC(1225) Metaspace: 18848K(19008K)->18848K(19008K) NonClass: 16185K(16256K)->16185K(16256K) Class: 2663K(2752K)->2663K(2752K)
[380.831s][info][gc             ] GC(1225) Pause Young (Allocation Failure) 637M->545M(869M) 35.842ms
[380.831s][info][gc,cpu         ] GC(1225) User=0.08s Sys=0.00s Real=0.04s
[380.938s][info][gc,start       ] GC(1226) Pause Young (Allocation Failure)
[380.983s][info][gc,heap        ] GC(1226) PSYoungGen: 129113K(222720K)->28336K(140288K) Eden: 111616K(111616K)->0K(111616K) From: 17497K(111104K)->28336K(28672K)
[380.983s][info][gc,heap        ] GC(1226) ParOldGen: 541036K(667648K)->558534K(667648K)
[380.983s][info][gc,metaspace   ] GC(1226) Metaspace: 18848K(19008K)->18848K(19008K) NonClass: 16185K(16256K)->16185K(16256K) Class: 2663K(2752K)->2663K(2752K)
[380.983s][info][gc             ] GC(1226) Pause Young (Allocation Failure) 654M->573M(789M) 45.381ms
[380.983s][info][gc,cpu         ] GC(1226) User=0.09s Sys=0.00s Real=0.05s
[381.042s][info][gc,start       ] GC(1227) Pause Young (Allocation Failure)
[381.085s][info][gc,heap        ] GC(1227) PSYoungGen: 139952K(140288K)->65360K(213504K) Eden: 111616K(111616K)->0K(107520K) From: 28336K(28672K)->65360K(105984K)
[381.085s][info][gc,heap        ] GC(1227) ParOldGen: 558534K(667648K)->558534K(667648K)
[381.085s][info][gc,metaspace   ] GC(1227) Metaspace: 18848K(19008K)->18848K(19008K) NonClass: 16185K(16256K)->16185K(16256K) Class: 2663K(2752K)->2663K(2752K)
[381.085s][info][gc             ] GC(1227) Pause Young (Allocation Failure) 682M->609M(860M) 43.457ms
[381.085s][info][gc,cpu         ] GC(1227) User=0.08s Sys=0.00s Real=0.04s
[381.247s][info][gc,start       ] GC(1228) Pause Young (Allocation Failure)
[381.289s][info][gc,heap        ] GC(1228) PSYoungGen: 172880K(213504K)->70112K(217600K) Eden: 107520K(107520K)->0K(107520K) From: 65360K(105984K)->70112K(110080K)
[381.289s][info][gc,heap        ] GC(1228) ParOldGen: 558534K(667648K)->558534K(667648K)
[381.289s][info][gc,metaspace   ] GC(1228) Metaspace: 18848K(19008K)->18848K(19008K) NonClass: 16185K(16256K)->16185K(16256K) Class: 2663K(2752K)->2663K(2752K)
[381.290s][info][gc             ] GC(1228) Pause Young (Allocation Failure) 714M->613M(864M) 42.984ms
[381.290s][info][gc,cpu         ] GC(1228) User=0.09s Sys=0.00s Real=0.04s
[381.389s][info][gc,start       ] GC(1229) Pause Young (Allocation Failure)
[381.437s][info][gc,heap        ] GC(1229) PSYoungGen: 177632K(217600K)->6496K(222720K) Eden: 107520K(107520K)->0K(111616K) From: 70112K(110080K)->6496K(111104K)
[381.437s][info][gc,heap        ] GC(1229) ParOldGen: 558534K(667648K)->624621K(667648K)
[381.437s][info][gc,metaspace   ] GC(1229) Metaspace: 18848K(19008K)->18848K(19008K) NonClass: 16185K(16256K)->16185K(16256K) Class: 2663K(2752K)->2663K(2752K)
[381.437s][info][gc             ] GC(1229) Pause Young (Allocation Failure) 718M->616M(869M) 48.090ms
[381.437s][info][gc,cpu         ] GC(1229) User=0.10s Sys=0.00s Real=0.05s
[381.589s][info][gc,start       ] GC(1230) Pause Full (Allocation Failure)
[381.589s][info][gc,phases,start] GC(1230) Marking Phase
[381.920s][info][gc,phases      ] GC(1230) Marking Phase 330.747ms
[381.920s][info][gc,phases,start] GC(1230) Summary Phase
[381.920s][info][gc,phases      ] GC(1230) Summary Phase 0.028ms
[381.920s][info][gc,phases,start] GC(1230) Forward
[382.044s][info][gc,phases      ] GC(1230) Forward 123.723ms
[382.044s][info][gc,phases,start] GC(1230) Adjust Pointers
[382.315s][info][gc,phases      ] GC(1230) Adjust Pointers 270.700ms
[382.315s][info][gc,phases,start] GC(1230) Compaction Phase
[382.466s][info][gc,phases      ] GC(1230) Compaction Phase 151.533ms
[382.480s][info][gc,phases,start] GC(1230) Post Compact
[382.483s][info][gc,phases      ] GC(1230) Post Compact 2.269ms
[382.483s][info][gc,heap        ] GC(1230) PSYoungGen: 118112K(222720K)->0K(222720K) Eden: 111616K(111616K)->0K(111616K) From: 6496K(111104K)->0K(111104K)
[382.483s][info][gc,heap        ] GC(1230) ParOldGen: 624621K(667648K)->482173K(667648K)
[382.483s][info][gc,metaspace   ] GC(1230) Metaspace: 18848K(19008K)->18848K(19008K) NonClass: 16185K(16256K)->16185K(16256K) Class: 2663K(2752K)->2663K(2752K)
[382.483s][info][gc             ] GC(1230) Pause Full (Allocation Failure) 725M->470M(869M) 893.537ms
[382.483s][info][gc,cpu         ] GC(1230) User=1.67s Sys=0.01s Real=0.90s
[382.632s][info][gc,start       ] GC(1231) Pause Young (Allocation Failure)
[382.633s][info][gc,heap        ] GC(1231) PSYoungGen: 111616K(222720K)->64K(222720K) Eden: 111616K(111616K)->0K(111616K) From: 0K(111104K)->64K(111104K)
[382.633s][info][gc,heap        ] GC(1231) ParOldGen: 482173K(667648K)->482173K(667648K)
[382.633s][info][gc,metaspace   ] GC(1231) Metaspace: 18848K(19008K)->18848K(19008K) NonClass: 16185K(16256K)->16185K(16256K) Class: 2663K(2752K)->2663K(2752K)
[382.633s][info][gc             ] GC(1231) Pause Young (Allocation Failure) 579M->470M(869M) 1.693ms
[382.633s][info][gc,cpu         ] GC(1231) User=0.01s Sys=0.00s Real=0.00s
[382.781s][info][gc,start       ] GC(1232) Pause Young (Allocation Failure)
[382.783s][info][gc,heap        ] GC(1232) PSYoungGen: 111680K(222720K)->64K(112128K) Eden: 111616K(111616K)->0K(111616K) From: 64K(111104K)->64K(512K)
[382.783s][info][gc,heap        ] GC(1232) ParOldGen: 482173K(667648K)->482181K(667648K)
[382.783s][info][gc,metaspace   ] GC(1232) Metaspace: 18848K(19008K)->18848K(19008K) NonClass: 16185K(16256K)->16185K(16256K) Class: 2663K(2752K)->2663K(2752K)
[382.783s][info][gc             ] GC(1232) Pause Young (Allocation Failure) 579M->470M(761M) 1.751ms
[382.783s][info][gc,cpu         ] GC(1232) User=0.00s Sys=0.00s Real=0.00s
[382.926s][info][gc,start       ] GC(1233) Pause Young (Allocation Failure)
[382.928s][info][gc,heap        ] GC(1233) PSYoungGen: 111680K(112128K)->64K(224256K) Eden: 111616K(111616K)->0K(114688K) From: 64K(512K)->64K(109568K)
[382.928s][info][gc,heap        ] GC(1233) ParOldGen: 482181K(667648K)->482181K(667648K)
[382.928s][info][gc,metaspace   ] GC(1233) Metaspace: 18848K(19008K)->18848K(19008K) NonClass: 16185K(16256K)->16185K(16256K) Class: 2663K(2752K)->2663K(2752K)
[382.928s][info][gc             ] GC(1233) Pause Young (Allocation Failure) 579M->470M(871M) 1.695ms
[382.928s][info][gc,cpu         ] GC(1233) User=0.00s Sys=0.00s Real=0.00s
[383.074s][info][gc,start       ] GC(1234) Pause Young (Allocation Failure)
[383.076s][info][gc,heap        ] GC(1234) PSYoungGen: 114752K(224256K)->64K(115200K) Eden: 114688K(114688K)->0K(114688K) From: 64K(109568K)->64K(512K)
[383.076s][info][gc,heap        ] GC(1234) ParOldGen: 482181K(667648K)->482181K(667648K)
[383.076s][info][gc,metaspace   ] GC(1234) Metaspace: 18848K(19008K)->18848K(19008K) NonClass: 16185K(16256K)->16185K(16256K) Class: 2663K(2752K)->2663K(2752K)
[383.076s][info][gc             ] GC(1234) Pause Young (Allocation Failure) 582M->470M(764M) 1.680ms
[383.076s][info][gc,cpu         ] GC(1234) User=0.01s Sys=0.00s Real=0.00s
[383.222s][info][gc,start       ] GC(1235) Pause Young (Allocation Failure)
[383.224s][info][gc,heap        ] GC(1235) PSYoungGen: 114752K(115200K)->64K(215040K) Eden: 114688K(114688K)->0K(118272K) From: 64K(512K)->64K(96768K)
[383.224s][info][gc,heap        ] GC(1235) ParOldGen: 482181K(667648K)->482181K(667648K)
[383.224s][info][gc,metaspace   ] GC(1235) Metaspace: 18848K(19008K)->18848K(19008K) NonClass: 16185K(16256K)->16185K(16256K) Class: 2663K(2752K)->2663K(2752K)
[383.224s][info][gc             ] GC(1235) Pause Young (Allocation Failure) 582M->470M(862M) 2.215ms
[383.225s][info][gc,cpu         ] GC(1235) User=0.00s Sys=0.00s Real=0.00s
[383.375s][info][gc,start       ] GC(1236) Pause Young (Allocation Failure)
[383.377s][info][gc,heap        ] GC(1236) PSYoungGen: 118336K(215040K)->64K(118784K) Eden: 118272K(118272K)->0K(118272K) From: 64K(96768K)->64K(512K)
[383.377s][info][gc,heap        ] GC(1236) ParOldGen: 482181K(667648K)->482181K(667648K)
[383.377s][info][gc,metaspace   ] GC(1236) Metaspace: 18848K(19008K)->18848K(19008K) NonClass: 16185K(16256K)->16185K(16256K) Class: 2663K(2752K)->2663K(2752K)
[383.377s][info][gc             ] GC(1236) Pause Young (Allocation Failure) 586M->470M(768M) 1.983ms
[383.377s][info][gc,cpu         ] GC(1236) User=0.00s Sys=0.00s Real=0.00s
[383.527s][info][gc,start       ] GC(1237) Pause Young (Allocation Failure)
[383.530s][info][gc,heap        ] GC(1237) PSYoungGen: 118336K(118784K)->64K(207360K) Eden: 118272K(118272K)->0K(120832K) From: 64K(512K)->64K(86528K)
[383.530s][info][gc,heap        ] GC(1237) ParOldGen: 482181K(667648K)->482181K(667648K)
[383.530s][info][gc,metaspace   ] GC(1237) Metaspace: 18848K(19008K)->18848K(19008K) NonClass: 16185K(16256K)->16185K(16256K) Class: 2663K(2752K)->2663K(2752K)
[383.530s][info][gc             ] GC(1237) Pause Young (Allocation Failure) 586M->470M(854M) 2.492ms
[383.530s][info][gc,cpu         ] GC(1237) User=0.00s Sys=0.00s Real=0.00s
[383.684s][info][gc,start       ] GC(1238) Pause Young (Allocation Failure)
[383.686s][info][gc,heap        ] GC(1238) PSYoungGen: 120896K(207360K)->64K(121344K) Eden: 120832K(120832K)->0K(120832K) From: 64K(86528K)->64K(512K)
[383.686s][info][gc,heap        ] GC(1238) ParOldGen: 482181K(667648K)->482181K(667648K)
[383.686s][info][gc,metaspace   ] GC(1238) Metaspace: 18848K(19008K)->18848K(19008K) NonClass: 16185K(16256K)->16185K(16256K) Class: 2663K(2752K)->2663K(2752K)
[383.686s][info][gc             ] GC(1238) Pause Young (Allocation Failure) 588M->470M(770M) 2.292ms
[383.686s][info][gc,cpu         ] GC(1238) User=0.00s Sys=0.00s Real=0.00s
[383.824s][info][gc,start       ] GC(1239) Pause Young (Allocation Failure)
[383.838s][info][gc,heap        ] GC(1239) PSYoungGen: 120896K(121344K)->10240K(199680K) Eden: 120832K(120832K)->0K(123904K) From: 64K(512K)->10240K(75776K)
[383.838s][info][gc,heap        ] GC(1239) ParOldGen: 482181K(667648K)->482181K(667648K)
[383.838s][info][gc,metaspace   ] GC(1239) Metaspace: 18848K(19008K)->18848K(19008K) NonClass: 16185K(16256K)->16185K(16256K) Class: 2663K(2752K)->2663K(2752K)
[383.838s][info][gc             ] GC(1239) Pause Young (Allocation Failure) 588M->480M(847M) 14.202ms
[383.838s][info][gc,cpu         ] GC(1239) User=0.02s Sys=0.00s Real=0.01s
[383.958s][info][gc,start       ] GC(1240) Pause Young (Allocation Failure)
[383.984s][info][gc,heap        ] GC(1240) PSYoungGen: 134144K(199680K)->23104K(205312K) Eden: 123904K(123904K)->0K(123904K) From: 10240K(75776K)->23104K(81408K)
[383.984s][info][gc,heap        ] GC(1240) ParOldGen: 482181K(667648K)->482181K(667648K)
[383.984s][info][gc,metaspace   ] GC(1240) Metaspace: 18848K(19008K)->18848K(19008K) NonClass: 16185K(16256K)->16185K(16256K) Class: 2663K(2752K)->2663K(2752K)
[383.984s][info][gc             ] GC(1240) Pause Young (Allocation Failure) 601M->493M(852M) 25.501ms
[383.984s][info][gc,cpu         ] GC(1240) User=0.05s Sys=0.00s Real=0.03s
[384.093s][info][gc,start       ] GC(1241) Pause Young (Allocation Failure)
[384.129s][info][gc,heap        ] GC(1241) PSYoungGen: 147008K(205312K)->35040K(205824K) Eden: 123904K(123904K)->0K(128000K) From: 23104K(81408K)->35040K(77824K)
[384.129s][info][gc,heap        ] GC(1241) ParOldGen: 482181K(667648K)->482181K(667648K)
[384.129s][info][gc,metaspace   ] GC(1241) Metaspace: 18848K(19008K)->18848K(19008K) NonClass: 16185K(16256K)->16185K(16256K) Class: 2663K(2752K)->2663K(2752K)
[384.129s][info][gc             ] GC(1241) Pause Young (Allocation Failure) 614M->505M(853M) 36.280ms
[384.129s][info][gc,cpu         ] GC(1241) User=0.07s Sys=0.00s Real=0.03s
[384.222s][info][gc,start       ] GC(1242) Pause Young (Allocation Failure)
[384.270s][info][gc,heap        ] GC(1242) PSYoungGen: 163040K(205824K)->46624K(206336K) Eden: 128000K(128000K)->0K(128000K) From: 35040K(77824K)->46624K(78336K)
[384.270s][info][gc,heap        ] GC(1242) ParOldGen: 482181K(667648K)->482181K(667648K)
[384.270s][info][gc,metaspace   ] GC(1242) Metaspace: 18848K(19008K)->18848K(19008K) NonClass: 16185K(16256K)->16185K(16256K) Class: 2663K(2752K)->2663K(2752K)
[384.270s][info][gc             ] GC(1242) Pause Young (Allocation Failure) 630M->516M(853M) 48.731ms
[384.270s][info][gc,cpu         ] GC(1242) User=0.10s Sys=0.00s Real=0.05s
[384.368s][info][gc,start       ] GC(1243) Pause Young (Allocation Failure)
[384.430s][info][gc,heap        ] GC(1243) PSYoungGen: 174624K(206336K)->58432K(211456K) Eden: 128000K(128000K)->0K(128512K) From: 46624K(78336K)->58432K(82944K)
[384.430s][info][gc,heap        ] GC(1243) ParOldGen: 482181K(667648K)->482181K(667648K)
[384.430s][info][gc,metaspace   ] GC(1243) Metaspace: 18848K(19008K)->18848K(19008K) NonClass: 16185K(16256K)->16185K(16256K) Class: 2663K(2752K)->2663K(2752K)
[384.430s][info][gc             ] GC(1243) Pause Young (Allocation Failure) 641M->527M(858M) 61.180ms
[384.430s][info][gc,cpu         ] GC(1243) User=0.12s Sys=0.00s Real=0.06s
[384.534s][info][gc,start       ] GC(1244) Pause Young (Allocation Failure)
[384.608s][info][gc,heap        ] GC(1244) PSYoungGen: 186944K(211456K)->73472K(219136K) Eden: 128512K(128512K)->0K(128512K) From: 58432K(82944K)->73472K(90624K)
[384.608s][info][gc,heap        ] GC(1244) ParOldGen: 482181K(667648K)->482181K(667648K)
[384.608s][info][gc,metaspace   ] GC(1244) Metaspace: 18848K(19008K)->18848K(19008K) NonClass: 16185K(16256K)->16185K(16256K) Class: 2663K(2752K)->2663K(2752K)
[384.608s][info][gc             ] GC(1244) Pause Young (Allocation Failure) 653M->542M(866M) 73.901ms
[384.608s][info][gc,cpu         ] GC(1244) User=0.15s Sys=0.00s Real=0.07s
[384.673s][info][gc,start       ] GC(1245) Pause Young (Allocation Failure)
[384.763s][info][gc,heap        ] GC(1245) PSYoungGen: 201984K(219136K)->75264K(213504K) Eden: 128512K(128512K)->0K(111616K) From: 73472K(90624K)->75264K(101888K)
[384.763s][info][gc,heap        ] GC(1245) ParOldGen: 482181K(667648K)->482181K(667648K)
[384.763s][info][gc,metaspace   ] GC(1245) Metaspace: 18848K(19008K)->18848K(19008K) NonClass: 16185K(16256K)->16185K(16256K) Class: 2663K(2752K)->2663K(2752K)
[384.763s][info][gc             ] GC(1245) Pause Young (Allocation Failure) 668M->544M(860M) 89.847ms
[384.763s][info][gc,cpu         ] GC(1245) User=0.16s Sys=0.03s Real=0.09s
[384.854s][info][gc,start       ] GC(1246) Pause Young (Allocation Failure)
[384.936s][info][gc,heap        ] GC(1246) PSYoungGen: 186880K(213504K)->84608K(222720K) Eden: 111616K(111616K)->0K(111616K) From: 75264K(101888K)->84608K(111104K)
[384.937s][info][gc,heap        ] GC(1246) ParOldGen: 482181K(667648K)->482181K(667648K)
[384.937s][info][gc,metaspace   ] GC(1246) Metaspace: 18848K(19008K)->18848K(19008K) NonClass: 16185K(16256K)->16185K(16256K) Class: 2663K(2752K)->2663K(2752K)
[384.937s][info][gc             ] GC(1246) Pause Young (Allocation Failure) 653M->553M(869M) 82.875ms
[384.937s][info][gc,cpu         ] GC(1246) User=0.17s Sys=0.00s Real=0.08s
[385.046s][info][gc,start       ] GC(1247) Pause Young (Allocation Failure)
[385.143s][info][gc,heap        ] GC(1247) PSYoungGen: 196224K(222720K)->94464K(222720K) Eden: 111616K(111616K)->0K(111616K) From: 84608K(111104K)->94464K(111104K)
[385.143s][info][gc,heap        ] GC(1247) ParOldGen: 482181K(667648K)->482181K(667648K)
[385.143s][info][gc,metaspace   ] GC(1247) Metaspace: 18848K(19008K)->18848K(19008K) NonClass: 16185K(16256K)->16185K(16256K) Class: 2663K(2752K)->2663K(2752K)
[385.143s][info][gc             ] GC(1247) Pause Young (Allocation Failure) 662M->563M(869M) 97.049ms
[385.143s][info][gc,cpu         ] GC(1247) User=0.18s Sys=0.01s Real=0.10s
[385.215s][info][gc,start       ] GC(1248) Pause Young (Allocation Failure)
[385.324s][info][gc,heap        ] GC(1248) PSYoungGen: 206080K(222720K)->103280K(222720K) Eden: 111616K(111616K)->0K(111616K) From: 94464K(111104K)->103280K(111104K)
[385.324s][info][gc,heap        ] GC(1248) ParOldGen: 482181K(667648K)->482181K(667648K)
[385.324s][info][gc,metaspace   ] GC(1248) Metaspace: 18848K(19008K)->18848K(19008K) NonClass: 16185K(16256K)->16185K(16256K) Class: 2663K(2752K)->2663K(2752K)
[385.324s][info][gc             ] GC(1248) Pause Young (Allocation Failure) 672M->571M(869M) 109.156ms
[385.324s][info][gc,cpu         ] GC(1248) User=0.21s Sys=0.00s Real=0.11s
[385.448s][info][gc,start       ] GC(1249) Pause Young (Allocation Failure)
[385.556s][info][gc,heap        ] GC(1249) PSYoungGen: 214896K(222720K)->99712K(222720K) Eden: 111616K(111616K)->0K(111616K) From: 103280K(111104K)->99712K(111104K)
[385.556s][info][gc,heap        ] GC(1249) ParOldGen: 482181K(667648K)->492389K(667648K)
[385.556s][info][gc,metaspace   ] GC(1249) Metaspace: 18848K(19008K)->18848K(19008K) NonClass: 16185K(16256K)->16185K(16256K) Class: 2663K(2752K)->2663K(2752K)
[385.556s][info][gc             ] GC(1249) Pause Young (Allocation Failure) 680M->578M(869M) 108.276ms
[385.556s][info][gc,cpu         ] GC(1249) User=0.21s Sys=0.00s Real=0.11s
[385.745s][info][gc,start       ] GC(1250) Pause Young (Allocation Failure)
[385.859s][info][gc,heap        ] GC(1250) PSYoungGen: 211328K(222720K)->91712K(222720K) Eden: 111616K(111616K)->0K(111616K) From: 99712K(111104K)->91712K(111104K)
[385.859s][info][gc,heap        ] GC(1250) ParOldGen: 492389K(667648K)->517269K(667648K)
[385.859s][info][gc,metaspace   ] GC(1250) Metaspace: 18848K(19008K)->18848K(19008K) NonClass: 16185K(16256K)->16185K(16256K) Class: 2663K(2752K)->2663K(2752K)
[385.859s][info][gc             ] GC(1250) Pause Young (Allocation Failure) 687M->594M(869M) 114.000ms
[385.859s][info][gc,cpu         ] GC(1250) User=0.22s Sys=0.00s Real=0.11s
[386.271s][info][gc,start       ] GC(1251) Pause Young (Allocation Failure)
[386.361s][info][gc,heap        ] GC(1251) PSYoungGen: 203328K(222720K)->68400K(222720K) Eden: 111616K(111616K)->0K(111616K) From: 91712K(111104K)->68400K(111104K)
[386.361s][info][gc,heap        ] GC(1251) ParOldGen: 517269K(667648K)->540709K(667648K)
[386.361s][info][gc,metaspace   ] GC(1251) Metaspace: 18848K(19008K)->18848K(19008K) NonClass: 16185K(16256K)->16185K(16256K) Class: 2663K(2752K)->2663K(2752K)
[386.361s][info][gc             ] GC(1251) Pause Young (Allocation Failure) 703M->594M(869M) 90.550ms
[386.361s][info][gc,cpu         ] GC(1251) User=0.18s Sys=0.00s Real=0.09s
[386.656s][info][gc,start       ] GC(1252) Pause Young (Allocation Failure)
[386.725s][info][gc,heap        ] GC(1252) PSYoungGen: 180016K(222720K)->51632K(222720K) Eden: 111616K(111616K)->0K(111616K) From: 68400K(111104K)->51632K(111104K)
[386.725s][info][gc,heap        ] GC(1252) ParOldGen: 540709K(667648K)->557597K(667648K)
[386.725s][info][gc,metaspace   ] GC(1252) Metaspace: 18848K(19008K)->18848K(19008K) NonClass: 16185K(16256K)->16185K(16256K) Class: 2663K(2752K)->2663K(2752K)
[386.725s][info][gc             ] GC(1252) Pause Young (Allocation Failure) 703M->594M(869M) 69.311ms
[386.725s][info][gc,cpu         ] GC(1252) User=0.14s Sys=0.00s Real=0.07s
[387.020s][info][gc,start       ] GC(1253) Pause Young (Allocation Failure)
[387.074s][info][gc,heap        ] GC(1253) PSYoungGen: 163248K(222720K)->32432K(222720K) Eden: 111616K(111616K)->0K(111616K) From: 51632K(111104K)->32432K(111104K)
[387.074s][info][gc,heap        ] GC(1253) ParOldGen: 557597K(667648K)->576846K(667648K)
[387.074s][info][gc,metaspace   ] GC(1253) Metaspace: 18848K(19008K)->18848K(19008K) NonClass: 16185K(16256K)->16185K(16256K) Class: 2663K(2752K)->2663K(2752K)
[387.074s][info][gc             ] GC(1253) Pause Young (Allocation Failure) 703M->594M(869M) 53.894ms
[387.074s][info][gc,cpu         ] GC(1253) User=0.10s Sys=0.00s Real=0.06s
[387.354s][info][gc,start       ] GC(1254) Pause Young (Allocation Failure)
[387.388s][info][gc,heap        ] GC(1254) PSYoungGen: 144048K(222720K)->16992K(222720K) Eden: 111616K(111616K)->0K(111616K) From: 32432K(111104K)->16992K(111104K)
[387.388s][info][gc,heap        ] GC(1254) ParOldGen: 576846K(667648K)->592318K(667648K)
[387.388s][info][gc,metaspace   ] GC(1254) Metaspace: 18848K(19008K)->18848K(19008K) NonClass: 16185K(16256K)->16185K(16256K) Class: 2663K(2752K)->2663K(2752K)
[387.388s][info][gc             ] GC(1254) Pause Young (Allocation Failure) 703M->595M(869M) 34.408ms
[387.388s][info][gc,cpu         ] GC(1254) User=0.07s Sys=0.00s Real=0.03s
[387.664s][info][gc,start       ] GC(1255) Pause Young (Allocation Failure)
[387.683s][info][gc,heap        ] GC(1255) PSYoungGen: 128608K(222720K)->96K(222720K) Eden: 111616K(111616K)->0K(111616K) From: 16992K(111104K)->96K(111104K)
[387.683s][info][gc,heap        ] GC(1255) ParOldGen: 592318K(667648K)->609246K(667648K)
[387.683s][info][gc,metaspace   ] GC(1255) Metaspace: 18848K(19008K)->18848K(19008K) NonClass: 16185K(16256K)->16185K(16256K) Class: 2663K(2752K)->2663K(2752K)
[387.683s][info][gc             ] GC(1255) Pause Young (Allocation Failure) 704M->595M(869M) 19.330ms
[387.683s][info][gc,cpu         ] GC(1255) User=0.04s Sys=0.00s Real=0.02s
[387.960s][info][gc,start       ] GC(1256) Pause Young (Allocation Failure)
[387.963s][info][gc,heap        ] GC(1256) PSYoungGen: 111712K(222720K)->64K(222720K) Eden: 111616K(111616K)->0K(111616K) From: 96K(111104K)->64K(111104K)
[387.963s][info][gc,heap        ] GC(1256) ParOldGen: 609246K(667648K)->609318K(667648K)
[387.963s][info][gc,metaspace   ] GC(1256) Metaspace: 18848K(19008K)->18848K(19008K) NonClass: 16185K(16256K)->16185K(16256K) Class: 2663K(2752K)->2663K(2752K)
[387.963s][info][gc             ] GC(1256) Pause Young (Allocation Failure) 704M->595M(869M) 2.329ms
[387.963s][info][gc,cpu         ] GC(1256) User=0.00s Sys=0.00s Real=0.01s
[388.230s][info][gc,start       ] GC(1257) Pause Young (Allocation Failure)
[388.233s][info][gc,heap        ] GC(1257) PSYoungGen: 111680K(222720K)->576K(222720K) Eden: 111616K(111616K)->0K(111616K) From: 64K(111104K)->576K(111104K)
[388.233s][info][gc,heap        ] GC(1257) ParOldGen: 609318K(667648K)->609326K(667648K)
[388.233s][info][gc,metaspace   ] GC(1257) Metaspace: 18848K(19008K)->18848K(19008K) NonClass: 16185K(16256K)->16185K(16256K) Class: 2663K(2752K)->2663K(2752K)
[388.233s][info][gc             ] GC(1257) Pause Young (Allocation Failure) 704M->595M(869M) 2.526ms
[388.233s][info][gc,cpu         ] GC(1257) User=0.01s Sys=0.00s Real=0.01s
[388.535s][info][gc,start       ] GC(1258) Pause Young (Allocation Failure)
[388.537s][info][gc,heap        ] GC(1258) PSYoungGen: 112192K(222720K)->64K(222720K) Eden: 111616K(111616K)->0K(111616K) From: 576K(111104K)->64K(111104K)
[388.537s][info][gc,heap        ] GC(1258) ParOldGen: 609326K(667648K)->609334K(667648K)
[388.537s][info][gc,metaspace   ] GC(1258) Metaspace: 18848K(19008K)->18848K(19008K) NonClass: 16185K(16256K)->16185K(16256K) Class: 2663K(2752K)->2663K(2752K)
[388.537s][info][gc             ] GC(1258) Pause Young (Allocation Failure) 704M->595M(869M) 2.334ms
[388.537s][info][gc,cpu         ] GC(1258) User=0.00s Sys=0.00s Real=0.00s
[388.756s][info][gc,start       ] GC(1259) Pause Young (Allocation Failure)
[388.760s][info][gc,heap        ] GC(1259) PSYoungGen: 111680K(222720K)->2208K(222720K) Eden: 111616K(111616K)->0K(111616K) From: 64K(111104K)->2208K(111104K)
[388.760s][info][gc,heap        ] GC(1259) ParOldGen: 609334K(667648K)->609350K(667648K)
[388.760s][info][gc,metaspace   ] GC(1259) Metaspace: 18848K(19008K)->18848K(19008K) NonClass: 16185K(16256K)->16185K(16256K) Class: 2663K(2752K)->2663K(2752K)
[388.760s][info][gc             ] GC(1259) Pause Young (Allocation Failure) 704M->597M(869M) 4.459ms
[388.760s][info][gc,cpu         ] GC(1259) User=0.01s Sys=0.00s Real=0.00s
[388.893s][info][gc,start       ] GC(1260) Pause Young (Allocation Failure)
[388.921s][info][gc,heap        ] GC(1260) PSYoungGen: 113824K(222720K)->33280K(222720K) Eden: 111616K(111616K)->0K(111616K) From: 2208K(111104K)->33280K(111104K)
[388.921s][info][gc,heap        ] GC(1260) ParOldGen: 609350K(667648K)->611526K(667648K)
[388.921s][info][gc,metaspace   ] GC(1260) Metaspace: 18848K(19008K)->18848K(19008K) NonClass: 16185K(16256K)->16185K(16256K) Class: 2663K(2752K)->2663K(2752K)
[388.921s][info][gc             ] GC(1260) Pause Young (Allocation Failure) 706M->629M(869M) 27.526ms
[388.921s][info][gc,cpu         ] GC(1260) User=0.06s Sys=0.00s Real=0.03s
[389.042s][info][gc,start       ] GC(1261) Pause Young (Allocation Failure)
[389.090s][info][gc,heap        ] GC(1261) PSYoungGen: 144896K(222720K)->35968K(222720K) Eden: 111616K(111616K)->0K(111616K) From: 33280K(111104K)->35968K(111104K)
[389.090s][info][gc,heap        ] GC(1261) ParOldGen: 611526K(667648K)->645159K(667648K)
[389.090s][info][gc,metaspace   ] GC(1261) Metaspace: 18848K(19008K)->18848K(19008K) NonClass: 16185K(16256K)->16185K(16256K) Class: 2663K(2752K)->2663K(2752K)
[389.090s][info][gc             ] GC(1261) Pause Young (Allocation Failure) 738M->665M(869M) 47.999ms
[389.090s][info][gc,cpu         ] GC(1261) User=0.09s Sys=0.00s Real=0.04s
[389.199s][info][gc,start       ] GC(1262) Pause Full (Allocation Failure)
[389.200s][info][gc,phases,start] GC(1262) Marking Phase
[389.506s][info][gc,phases      ] GC(1262) Marking Phase 306.512ms
[389.506s][info][gc,phases,start] GC(1262) Summary Phase
[389.506s][info][gc,phases      ] GC(1262) Summary Phase 0.029ms
[389.506s][info][gc,phases,start] GC(1262) Forward
[389.651s][info][gc,phases      ] GC(1262) Forward 144.923ms
[389.651s][info][gc,phases,start] GC(1262) Adjust Pointers
[389.882s][info][gc,phases      ] GC(1262) Adjust Pointers 230.604ms
[389.882s][info][gc,phases,start] GC(1262) Compaction Phase
[390.060s][info][gc,phases      ] GC(1262) Compaction Phase 178.375ms
[390.068s][info][gc,phases,start] GC(1262) Post Compact
[390.070s][info][gc,phases      ] GC(1262) Post Compact 2.348ms
[390.070s][info][gc,heap        ] GC(1262) PSYoungGen: 147584K(222720K)->0K(222720K) Eden: 111616K(111616K)->0K(111616K) From: 35968K(111104K)->0K(111104K)
[390.070s][info][gc,heap        ] GC(1262) ParOldGen: 645159K(667648K)->433218K(667648K)
[390.070s][info][gc,metaspace   ] GC(1262) Metaspace: 18848K(19008K)->18848K(19008K) NonClass: 16185K(16256K)->16185K(16256K) Class: 2663K(2752K)->2663K(2752K)
[390.070s][info][gc             ] GC(1262) Pause Full (Allocation Failure) 774M->423M(869M) 870.961ms
[390.070s][info][gc,cpu         ] GC(1262) User=1.57s Sys=0.00s Real=0.87s
[390.183s][info][gc,start       ] GC(1263) Pause Young (Allocation Failure)
[390.210s][info][gc,heap        ] GC(1263) PSYoungGen: 111616K(222720K)->20752K(213504K) Eden: 111616K(111616K)->0K(111616K) From: 0K(111104K)->20752K(101888K)
[390.210s][info][gc,heap        ] GC(1263) ParOldGen: 433218K(667648K)->433218K(667648K)
[390.210s][info][gc,metaspace   ] GC(1263) Metaspace: 18848K(19008K)->18848K(19008K) NonClass: 16185K(16256K)->16185K(16256K) Class: 2663K(2752K)->2663K(2752K)
[390.210s][info][gc             ] GC(1263) Pause Young (Allocation Failure) 532M->443M(860M) 27.140ms
[390.210s][info][gc,cpu         ] GC(1263) User=0.05s Sys=0.00s Real=0.02s
[390.273s][info][gc,start       ] GC(1264) Pause Young (Allocation Failure)
[390.340s][info][gc,heap        ] GC(1264) PSYoungGen: 132368K(213504K)->72086K(218112K) Eden: 111616K(111616K)->0K(111616K) From: 20752K(101888K)->72086K(106496K)
[390.340s][info][gc,heap        ] GC(1264) ParOldGen: 433218K(667648K)->433218K(667648K)
[390.340s][info][gc,metaspace   ] GC(1264) Metaspace: 18848K(19008K)->18848K(19008K) NonClass: 16185K(16256K)->16185K(16256K) Class: 2663K(2752K)->2663K(2752K)
[390.340s][info][gc             ] GC(1264) Pause Young (Allocation Failure) 552M->493M(865M) 66.339ms
[390.340s][info][gc,cpu         ] GC(1264) User=0.13s Sys=0.00s Real=0.06s
[390.465s][info][gc,start       ] GC(1265) Pause Young (Allocation Failure)
[390.547s][info][gc,heap        ] GC(1265) PSYoungGen: 183702K(218112K)->23328K(224256K) Eden: 111616K(111616K)->0K(114688K) From: 72086K(106496K)->23328K(109568K)
[390.547s][info][gc,heap        ] GC(1265) ParOldGen: 433218K(667648K)->505785K(667648K)
[390.547s][info][gc,metaspace   ] GC(1265) Metaspace: 18848K(19008K)->18848K(19008K) NonClass: 16185K(16256K)->16185K(16256K) Class: 2663K(2752K)->2663K(2752K)
[390.547s][info][gc             ] GC(1265) Pause Young (Allocation Failure) 602M->516M(871M) 82.060ms
[390.547s][info][gc,cpu         ] GC(1265) User=0.16s Sys=0.00s Real=0.08s
[390.680s][info][gc,start       ] GC(1266) Pause Young (Allocation Failure)
[390.698s][info][gc,heap        ] GC(1266) PSYoungGen: 138016K(224256K)->23392K(138240K) Eden: 114688K(114688K)->0K(114688K) From: 23328K(109568K)->23392K(23552K)
[390.698s][info][gc,heap        ] GC(1266) ParOldGen: 505785K(667648K)->505785K(667648K)
[390.698s][info][gc,metaspace   ] GC(1266) Metaspace: 18848K(19008K)->18848K(19008K) NonClass: 16185K(16256K)->16185K(16256K) Class: 2663K(2752K)->2663K(2752K)
[390.698s][info][gc             ] GC(1266) Pause Young (Allocation Failure) 628M->516M(787M) 17.559ms
[390.698s][info][gc,cpu         ] GC(1266) User=0.04s Sys=0.00s Real=0.02s
[390.828s][info][gc,start       ] GC(1267) Pause Young (Allocation Failure)
[390.847s][info][gc,heap        ] GC(1267) PSYoungGen: 138080K(138240K)->23456K(221184K) Eden: 114688K(114688K)->0K(121344K) From: 23392K(23552K)->23456K(99840K)
[390.847s][info][gc,heap        ] GC(1267) ParOldGen: 505785K(667648K)->505785K(667648K)
[390.847s][info][gc,metaspace   ] GC(1267) Metaspace: 18848K(19008K)->18848K(19008K) NonClass: 16185K(16256K)->16185K(16256K) Class: 2663K(2752K)->2663K(2752K)
[390.848s][info][gc             ] GC(1267) Pause Young (Allocation Failure) 628M->516M(868M) 19.522ms
[390.848s][info][gc,cpu         ] GC(1267) User=0.03s Sys=0.00s Real=0.02s
[390.983s][info][gc,start       ] GC(1268) Pause Young (Allocation Failure)
[391.004s][info][gc,heap        ] GC(1268) PSYoungGen: 144800K(221184K)->23584K(218624K) Eden: 121344K(121344K)->0K(121344K) From: 23456K(99840K)->23584K(97280K)
[391.004s][info][gc,heap        ] GC(1268) ParOldGen: 505785K(667648K)->505785K(667648K)
[391.004s][info][gc,metaspace   ] GC(1268) Metaspace: 18848K(19008K)->18848K(19008K) NonClass: 16185K(16256K)->16185K(16256K) Class: 2663K(2752K)->2663K(2752K)
[391.004s][info][gc             ] GC(1268) Pause Young (Allocation Failure) 635M->516M(865M) 20.243ms
[391.004s][info][gc,cpu         ] GC(1268) User=0.04s Sys=0.00s Real=0.02s
[391.140s][info][gc,start       ] GC(1269) Pause Young (Allocation Failure)
[391.161s][info][gc,heap        ] GC(1269) PSYoungGen: 144928K(218624K)->23680K(211456K) Eden: 121344K(121344K)->0K(130048K) From: 23584K(97280K)->23680K(81408K)
[391.161s][info][gc,heap        ] GC(1269) ParOldGen: 505785K(667648K)->505785K(667648K)
[391.161s][info][gc,metaspace   ] GC(1269) Metaspace: 18848K(19008K)->18848K(19008K) NonClass: 16185K(16256K)->16185K(16256K) Class: 2663K(2752K)->2663K(2752K)
[391.161s][info][gc             ] GC(1269) Pause Young (Allocation Failure) 635M->517M(858M) 20.523ms
[391.161s][info][gc,cpu         ] GC(1269) User=0.04s Sys=0.01s Real=0.03s
[391.304s][info][gc,start       ] GC(1270) Pause Young (Allocation Failure)
[391.325s][info][gc,heap        ] GC(1270) PSYoungGen: 153728K(211456K)->23776K(217088K) Eden: 130048K(130048K)->0K(130048K) From: 23680K(81408K)->23776K(87040K)
[391.325s][info][gc,heap        ] GC(1270) ParOldGen: 505785K(667648K)->505785K(667648K)
[391.325s][info][gc,metaspace   ] GC(1270) Metaspace: 18848K(19008K)->18848K(19008K) NonClass: 16185K(16256K)->16185K(16256K) Class: 2663K(2752K)->2663K(2752K)
[391.325s][info][gc             ] GC(1270) Pause Young (Allocation Failure) 644M->517M(864M) 20.126ms
[391.325s][info][gc,cpu         ] GC(1270) User=0.04s Sys=0.00s Real=0.02s
[391.464s][info][gc,start       ] GC(1271) Pause Young (Allocation Failure)
[391.485s][info][gc,heap        ] GC(1271) PSYoungGen: 153824K(217088K)->23872K(211968K) Eden: 130048K(130048K)->0K(138240K) From: 23776K(87040K)->23872K(73728K)
[391.485s][info][gc,heap        ] GC(1271) ParOldGen: 505785K(667648K)->505785K(667648K)
[391.485s][info][gc,metaspace   ] GC(1271) Metaspace: 18848K(19008K)->18848K(19008K) NonClass: 16185K(16256K)->16185K(16256K) Class: 2663K(2752K)->2663K(2752K)
[391.485s][info][gc             ] GC(1271) Pause Young (Allocation Failure) 644M->517M(859M) 20.961ms
[391.485s][info][gc,cpu         ] GC(1271) User=0.04s Sys=0.00s Real=0.02s
[391.634s][info][gc,start       ] GC(1272) Pause Young (Allocation Failure)
[391.655s][info][gc,heap        ] GC(1272) PSYoungGen: 162112K(211968K)->23968K(216576K) Eden: 138240K(138240K)->0K(138240K) From: 23872K(73728K)->23968K(78336K)
[391.655s][info][gc,heap        ] GC(1272) ParOldGen: 505785K(667648K)->505785K(667648K)
[391.655s][info][gc,metaspace   ] GC(1272) Metaspace: 18848K(19008K)->18848K(19008K) NonClass: 16185K(16256K)->16185K(16256K) Class: 2663K(2752K)->2663K(2752K)
[391.655s][info][gc             ] GC(1272) Pause Young (Allocation Failure) 652M->517M(863M) 20.819ms
[391.655s][info][gc,cpu         ] GC(1272) User=0.04s Sys=0.00s Real=0.02s
[391.802s][info][gc,start       ] GC(1273) Pause Young (Allocation Failure)
[391.824s][info][gc,heap        ] GC(1273) PSYoungGen: 162208K(216576K)->24032K(212992K) Eden: 138240K(138240K)->0K(146432K) From: 23968K(78336K)->24032K(66560K)
[391.824s][info][gc,heap        ] GC(1273) ParOldGen: 505785K(667648K)->505785K(667648K)
[391.824s][info][gc,metaspace   ] GC(1273) Metaspace: 18848K(19008K)->18848K(19008K) NonClass: 16185K(16256K)->16185K(16256K) Class: 2663K(2752K)->2663K(2752K)
[391.824s][info][gc             ] GC(1273) Pause Young (Allocation Failure) 652M->517M(860M) 21.686ms
[391.824s][info][gc,cpu         ] GC(1273) User=0.04s Sys=0.00s Real=0.02s
[391.995s][info][gc,start       ] GC(1274) Pause Young (Allocation Failure)
[392.026s][info][gc,heap        ] GC(1274) PSYoungGen: 170464K(212992K)->27424K(217088K) Eden: 146432K(146432K)->0K(146432K) From: 24032K(66560K)->27424K(70656K)
[392.026s][info][gc,heap        ] GC(1274) ParOldGen: 505785K(667648K)->505785K(667648K)
[392.026s][info][gc,metaspace   ] GC(1274) Metaspace: 18849K(19008K)->18849K(19008K) NonClass: 16186K(16256K)->16186K(16256K) Class: 2663K(2752K)->2663K(2752K)
[392.026s][info][gc             ] GC(1274) Pause Young (Allocation Failure) 660M->520M(864M) 31.263ms
[392.026s][info][gc,cpu         ] GC(1274) User=0.06s Sys=0.00s Real=0.03s
[392.215s][info][gc,start       ] GC(1275) Pause Young (Allocation Failure)
[392.265s][info][gc,heap        ] GC(1275) PSYoungGen: 173856K(217088K)->42955K(220672K) Eden: 146432K(146432K)->0K(154112K) From: 27424K(70656K)->42955K(66560K)
[392.265s][info][gc,heap        ] GC(1275) ParOldGen: 505785K(667648K)->505785K(667648K)
[392.265s][info][gc,metaspace   ] GC(1275) Metaspace: 18849K(19008K)->18849K(19008K) NonClass: 16186K(16256K)->16186K(16256K) Class: 2663K(2752K)->2663K(2752K)
[392.265s][info][gc             ] GC(1275) Pause Young (Allocation Failure) 663M->535M(867M) 49.949ms
[392.265s][info][gc,cpu         ] GC(1275) User=0.10s Sys=0.00s Real=0.05s
[392.487s][info][gc,start       ] GC(1276) Pause Young (Allocation Failure)
[392.538s][info][gc,heap        ] GC(1276) PSYoungGen: 197067K(220672K)->42955K(222208K) Eden: 154112K(154112K)->0K(154112K) From: 42955K(66560K)->42955K(68096K)
[392.538s][info][gc,heap        ] GC(1276) ParOldGen: 505785K(667648K)->505785K(667648K)
[392.538s][info][gc,metaspace   ] GC(1276) Metaspace: 18849K(19008K)->18849K(19008K) NonClass: 16186K(16256K)->16186K(16256K) Class: 2663K(2752K)->2663K(2752K)
[392.538s][info][gc             ] GC(1276) Pause Young (Allocation Failure) 686M->535M(869M) 50.995ms
[392.539s][info][gc,cpu         ] GC(1276) User=0.10s Sys=0.00s Real=0.05s
[392.732s][info][gc,start       ] GC(1277) Pause Young (Allocation Failure)
[392.786s][info][gc,heap        ] GC(1277) PSYoungGen: 197067K(222208K)->45963K(231936K) Eden: 154112K(154112K)->0K(162816K) From: 42955K(68096K)->45963K(69120K)
[392.786s][info][gc,heap        ] GC(1277) ParOldGen: 505785K(667648K)->505785K(667648K)
[392.786s][info][gc,metaspace   ] GC(1277) Metaspace: 18849K(19008K)->18849K(19008K) NonClass: 16186K(16256K)->16186K(16256K) Class: 2663K(2752K)->2663K(2752K)
[392.786s][info][gc             ] GC(1277) Pause Young (Allocation Failure) 686M->538M(878M) 54.099ms
[392.786s][info][gc,cpu         ] GC(1277) User=0.11s Sys=0.01s Real=0.05s
[392.940s][info][gc,start       ] GC(1278) Pause Young (Allocation Failure)
[393.025s][info][gc,heap        ] GC(1278) PSYoungGen: 208779K(231936K)->71147K(233984K) Eden: 162816K(162816K)->0K(162816K) From: 45963K(69120K)->71147K(71168K)
[393.026s][info][gc,heap        ] GC(1278) ParOldGen: 505785K(667648K)->507657K(667648K)
[393.026s][info][gc,metaspace   ] GC(1278) Metaspace: 18849K(19008K)->18849K(19008K) NonClass: 16186K(16256K)->16186K(16256K) Class: 2663K(2752K)->2663K(2752K)
[393.026s][info][gc             ] GC(1278) Pause Young (Allocation Failure) 697M->565M(880M) 85.351ms
[393.026s][info][gc,cpu         ] GC(1278) User=0.17s Sys=0.00s Real=0.09s
[393.161s][info][gc,start       ] GC(1279) Pause Young (Allocation Failure)
[393.253s][info][gc,heap        ] GC(1279) PSYoungGen: 233963K(233984K)->53611K(248320K) Eden: 162816K(162816K)->0K(165888K) From: 71147K(71168K)->53611K(82432K)
[393.254s][info][gc,heap        ] GC(1279) ParOldGen: 507657K(667648K)->530937K(667648K)
[393.254s][info][gc,metaspace   ] GC(1279) Metaspace: 18849K(19008K)->18849K(19008K) NonClass: 16186K(16256K)->16186K(16256K) Class: 2663K(2752K)->2663K(2752K)
[393.254s][info][gc             ] GC(1279) Pause Young (Allocation Failure) 724M->570M(894M) 92.627ms
[393.254s][info][gc,cpu         ] GC(1279) User=0.18s Sys=0.01s Real=0.09s
[393.406s][info][gc,start       ] GC(1280) Pause Young (Allocation Failure)
[393.477s][info][gc,heap        ] GC(1280) PSYoungGen: 219499K(248320K)->54891K(221184K) Eden: 165888K(165888K)->0K(165888K) From: 53611K(82432K)->54891K(55296K)
[393.477s][info][gc,heap        ] GC(1280) ParOldGen: 530937K(667648K)->530937K(667648K)
[393.477s][info][gc,metaspace   ] GC(1280) Metaspace: 18849K(19008K)->18849K(19008K) NonClass: 16186K(16256K)->16186K(16256K) Class: 2663K(2752K)->2663K(2752K)
[393.477s][info][gc             ] GC(1280) Pause Young (Allocation Failure) 732M->572M(868M) 70.660ms
[393.477s][info][gc,cpu         ] GC(1280) User=0.14s Sys=0.00s Real=0.07s
[393.624s][info][gc,start       ] GC(1281) Pause Young (Allocation Failure)
[393.697s][info][gc,heap        ] GC(1281) PSYoungGen: 220779K(221184K)->58283K(243200K) Eden: 165888K(165888K)->0K(157696K) From: 54891K(55296K)->58283K(85504K)
[393.697s][info][gc,heap        ] GC(1281) ParOldGen: 530937K(667648K)->530937K(667648K)
[393.697s][info][gc,metaspace   ] GC(1281) Metaspace: 18849K(19008K)->18849K(19008K) NonClass: 16186K(16256K)->16186K(16256K) Class: 2663K(2752K)->2663K(2752K)
[393.697s][info][gc             ] GC(1281) Pause Young (Allocation Failure) 734M->575M(889M) 72.669ms
[393.697s][info][gc,cpu         ] GC(1281) User=0.15s Sys=0.00s Real=0.07s
[393.862s][info][gc,start       ] GC(1282) Pause Young (Allocation Failure)
[393.941s][info][gc,heap        ] GC(1282) PSYoungGen: 215979K(243200K)->67051K(224768K) Eden: 157696K(157696K)->0K(157696K) From: 58283K(85504K)->67051K(67072K)
[393.942s][info][gc,heap        ] GC(1282) ParOldGen: 530937K(667648K)->531009K(667648K)
[393.942s][info][gc,metaspace   ] GC(1282) Metaspace: 18850K(19008K)->18850K(19008K) NonClass: 16187K(16256K)->16187K(16256K) Class: 2663K(2752K)->2663K(2752K)
[393.942s][info][gc             ] GC(1282) Pause Young (Allocation Failure) 729M->584M(871M) 79.166ms
[393.942s][info][gc,cpu         ] GC(1282) User=0.16s Sys=0.00s Real=0.08s
[394.095s][info][gc,start       ] GC(1283) Pause Young (Allocation Failure)
[394.211s][info][gc,heap        ] GC(1283) PSYoungGen: 224747K(224768K)->90620K(216576K) Eden: 157696K(157696K)->0K(123904K) From: 67051K(67072K)->90620K(92672K)
[394.211s][info][gc,heap        ] GC(1283) ParOldGen: 531009K(667648K)->531105K(667648K)
[394.211s][info][gc,metaspace   ] GC(1283) Metaspace: 18850K(19008K)->18850K(19008K) NonClass: 16187K(16256K)->16187K(16256K) Class: 2663K(2752K)->2663K(2752K)
[394.211s][info][gc             ] GC(1283) Pause Young (Allocation Failure) 738M->607M(863M) 115.569ms
[394.211s][info][gc,cpu         ] GC(1283) User=0.21s Sys=0.02s Real=0.12s
[394.376s][info][gc,start       ] GC(1284) Pause Young (Allocation Failure)
[394.499s][info][gc,heap        ] GC(1284) PSYoungGen: 214524K(216576K)->104956K(228864K) Eden: 123904K(123904K)->0K(123904K) From: 90620K(92672K)->104956K(104960K)
[394.499s][info][gc,heap        ] GC(1284) ParOldGen: 531105K(667648K)->538641K(667648K)
[394.499s][info][gc,metaspace   ] GC(1284) Metaspace: 18850K(19008K)->18850K(19008K) NonClass: 16187K(16256K)->16187K(16256K) Class: 2663K(2752K)->2663K(2752K)
[394.499s][info][gc             ] GC(1284) Pause Young (Allocation Failure) 728M->628M(875M) 123.023ms
[394.499s][info][gc,cpu         ] GC(1284) User=0.25s Sys=0.00s Real=0.12s
[394.641s][info][gc,start       ] GC(1285) Pause Young (Allocation Failure)
[394.766s][info][gc,heap        ] GC(1285) PSYoungGen: 228860K(228864K)->104956K(216576K) Eden: 123904K(123904K)->0K(111616K) From: 104956K(104960K)->104956K(104960K)
[394.766s][info][gc,heap        ] GC(1285) ParOldGen: 538641K(667648K)->548937K(667648K)
[394.766s][info][gc,metaspace   ] GC(1285) Metaspace: 18850K(19008K)->18850K(19008K) NonClass: 16187K(16256K)->16187K(16256K) Class: 2663K(2752K)->2663K(2752K)
[394.766s][info][gc             ] GC(1285) Pause Young (Allocation Failure) 749M->638M(863M) 125.597ms
[394.766s][info][gc,cpu         ] GC(1285) User=0.25s Sys=0.00s Real=0.12s
[394.890s][info][gc,start       ] GC(1286) Pause Young (Allocation Failure)
[395.027s][info][gc,heap        ] GC(1286) PSYoungGen: 216572K(216576K)->105532K(222720K) Eden: 111616K(111616K)->0K(111616K) From: 104956K(104960K)->105532K(111104K)
[395.027s][info][gc,heap        ] GC(1286) ParOldGen: 548937K(667648K)->549057K(667648K)
[395.027s][info][gc,metaspace   ] GC(1286) Metaspace: 18850K(19008K)->18850K(19008K) NonClass: 16187K(16256K)->16187K(16256K) Class: 2663K(2752K)->2663K(2752K)
[395.027s][info][gc             ] GC(1286) Pause Young (Allocation Failure) 747M->639M(869M) 137.140ms
[395.027s][info][gc,cpu         ] GC(1286) User=0.27s Sys=0.00s Real=0.14s
[395.168s][info][gc,start       ] GC(1287) Pause Young (Allocation Failure)
[395.295s][info][gc,heap        ] GC(1287) PSYoungGen: 217148K(222720K)->96208K(222720K) Eden: 111616K(111616K)->0K(111616K) From: 105532K(111104K)->96208K(111104K)
[395.295s][info][gc,heap        ] GC(1287) ParOldGen: 549057K(667648K)->564381K(667648K)
[395.295s][info][gc,metaspace   ] GC(1287) Metaspace: 18850K(19008K)->18850K(19008K) NonClass: 16187K(16256K)->16187K(16256K) Class: 2663K(2752K)->2663K(2752K)
[395.295s][info][gc             ] GC(1287) Pause Young (Allocation Failure) 748M->645M(869M) 127.769ms
[395.295s][info][gc,cpu         ] GC(1287) User=0.25s Sys=0.00s Real=0.13s
[395.411s][info][gc,start       ] GC(1288) Pause Young (Allocation Failure)
[395.502s][info][gc,heap        ] GC(1288) PSYoungGen: 207824K(222720K)->93920K(222720K) Eden: 111616K(111616K)->0K(111616K) From: 96208K(111104K)->93920K(111104K)
[395.502s][info][gc,heap        ] GC(1288) ParOldGen: 564381K(667648K)->566725K(667648K)
[395.502s][info][gc,metaspace   ] GC(1288) Metaspace: 18850K(19008K)->18850K(19008K) NonClass: 16187K(16256K)->16187K(16256K) Class: 2663K(2752K)->2663K(2752K)
[395.502s][info][gc             ] GC(1288) Pause Young (Allocation Failure) 754M->645M(869M) 91.069ms
[395.503s][info][gc,cpu         ] GC(1288) User=0.18s Sys=0.00s Real=0.09s
[395.573s][info][gc,start       ] GC(1289) Pause Young (Allocation Failure)
[395.662s][info][gc,heap        ] GC(1289) PSYoungGen: 205536K(222720K)->69360K(222720K) Eden: 111616K(111616K)->0K(111616K) From: 93920K(111104K)->69360K(111104K)
[395.662s][info][gc,heap        ] GC(1289) ParOldGen: 566725K(667648K)->591357K(667648K)
[395.662s][info][gc,metaspace   ] GC(1289) Metaspace: 18850K(19008K)->18850K(19008K) NonClass: 16187K(16256K)->16187K(16256K) Class: 2663K(2752K)->2663K(2752K)
[395.662s][info][gc             ] GC(1289) Pause Young (Allocation Failure) 754M->645M(869M) 89.700ms
[395.662s][info][gc,cpu         ] GC(1289) User=0.18s Sys=0.00s Real=0.09s
[395.835s][info][gc,start       ] GC(1290) Pause Young (Allocation Failure)
[395.910s][info][gc,heap        ] GC(1290) PSYoungGen: 180976K(222720K)->75072K(222720K) Eden: 111616K(111616K)->0K(111616K) From: 69360K(111104K)->75072K(111104K)
[395.910s][info][gc,heap        ] GC(1290) ParOldGen: 591357K(667648K)->594973K(667648K)
[395.910s][info][gc,metaspace   ] GC(1290) Metaspace: 18850K(19008K)->18850K(19008K) NonClass: 16187K(16256K)->16187K(16256K) Class: 2663K(2752K)->2663K(2752K)
[395.910s][info][gc             ] GC(1290) Pause Young (Allocation Failure) 754M->654M(869M) 75.234ms
[395.910s][info][gc,cpu         ] GC(1290) User=0.15s Sys=0.00s Real=0.07s
[396.076s][info][gc,start       ] GC(1291) Pause Young (Allocation Failure)
[396.153s][info][gc,heap        ] GC(1291) PSYoungGen: 186688K(222720K)->54208K(222720K) Eden: 111616K(111616K)->0K(111616K) From: 75072K(111104K)->54208K(111104K)
[396.153s][info][gc,heap        ] GC(1291) ParOldGen: 594973K(667648K)->621942K(667648K)
[396.153s][info][gc,metaspace   ] GC(1291) Metaspace: 18850K(19008K)->18850K(19008K) NonClass: 16187K(16256K)->16187K(16256K) Class: 2663K(2752K)->2663K(2752K)
[396.153s][info][gc             ] GC(1291) Pause Young (Allocation Failure) 763M->660M(869M) 77.326ms
[396.153s][info][gc,cpu         ] GC(1291) User=0.15s Sys=0.00s Real=0.08s
[396.485s][info][gc,start       ] GC(1292) Pause Young (Allocation Failure)
[396.538s][info][gc,heap        ] GC(1292) PSYoungGen: 165824K(222720K)->22112K(222720K) Eden: 111616K(111616K)->0K(111616K) From: 54208K(111104K)->22112K(111104K)
[396.538s][info][gc,heap        ] GC(1292) ParOldGen: 621942K(667648K)->654158K(667648K)
[396.538s][info][gc,metaspace   ] GC(1292) Metaspace: 18850K(19008K)->18850K(19008K) NonClass: 16187K(16256K)->16187K(16256K) Class: 2663K(2752K)->2663K(2752K)
[396.538s][info][gc             ] GC(1292) Pause Young (Allocation Failure) 769M->660M(869M) 53.001ms
[396.538s][info][gc,cpu         ] GC(1292) User=0.11s Sys=0.00s Real=0.05s
[396.787s][info][gc,start       ] GC(1293) Pause Full (Allocation Failure)
[396.787s][info][gc,phases,start] GC(1293) Marking Phase
[397.044s][info][gc,phases      ] GC(1293) Marking Phase 256.589ms
[397.044s][info][gc,phases,start] GC(1293) Summary Phase
[397.044s][info][gc,phases      ] GC(1293) Summary Phase 0.029ms
[397.044s][info][gc,phases,start] GC(1293) Forward
[397.176s][info][gc,phases      ] GC(1293) Forward 132.301ms
[397.176s][info][gc,phases,start] GC(1293) Adjust Pointers
[397.375s][info][gc,phases      ] GC(1293) Adjust Pointers 198.676ms
[397.375s][info][gc,phases,start] GC(1293) Compaction Phase
[397.497s][info][gc,phases      ] GC(1293) Compaction Phase 122.104ms
[397.509s][info][gc,phases,start] GC(1293) Post Compact
[397.511s][info][gc,phases      ] GC(1293) Post Compact 2.328ms
[397.511s][info][gc,heap        ] GC(1293) PSYoungGen: 133728K(222720K)->0K(222720K) Eden: 111616K(111616K)->0K(111616K) From: 22112K(111104K)->0K(111104K)
[397.511s][info][gc,heap        ] GC(1293) ParOldGen: 654158K(667648K)->369389K(667648K)
[397.511s][info][gc,metaspace   ] GC(1293) Metaspace: 18850K(19008K)->18850K(19008K) NonClass: 16187K(16256K)->16187K(16256K) Class: 2663K(2752K)->2663K(2752K)
[397.511s][info][gc             ] GC(1293) Pause Full (Allocation Failure) 769M->360M(869M) 724.118ms
[397.511s][info][gc,cpu         ] GC(1293) User=1.28s Sys=0.00s Real=0.73s
[397.765s][info][gc,start       ] GC(1294) Pause Young (Allocation Failure)
[397.766s][info][gc,heap        ] GC(1294) PSYoungGen: 111616K(222720K)->64K(222720K) Eden: 111616K(111616K)->0K(111616K) From: 0K(111104K)->64K(111104K)
[397.766s][info][gc,heap        ] GC(1294) ParOldGen: 369389K(667648K)->369389K(667648K)
[397.766s][info][gc,metaspace   ] GC(1294) Metaspace: 18850K(19008K)->18850K(19008K) NonClass: 16187K(16256K)->16187K(16256K) Class: 2663K(2752K)->2663K(2752K)
[397.766s][info][gc             ] GC(1294) Pause Young (Allocation Failure) 469M->360M(869M) 1.692ms
[397.766s][info][gc,cpu         ] GC(1294) User=0.00s Sys=0.01s Real=0.00s
[397.968s][info][gc,start       ] GC(1295) Pause Young (Allocation Failure)
[397.971s][info][gc,heap        ] GC(1295) PSYoungGen: 111680K(222720K)->64K(222720K) Eden: 111616K(111616K)->0K(111616K) From: 64K(111104K)->64K(111104K)
[397.971s][info][gc,heap        ] GC(1295) ParOldGen: 369389K(667648K)->369389K(667648K)
[397.971s][info][gc,metaspace   ] GC(1295) Metaspace: 18850K(19008K)->18850K(19008K) NonClass: 16187K(16256K)->16187K(16256K) Class: 2663K(2752K)->2663K(2752K)
[397.971s][info][gc             ] GC(1295) Pause Young (Allocation Failure) 469M->360M(869M) 2.300ms
[397.971s][info][gc,cpu         ] GC(1295) User=0.01s Sys=0.00s Real=0.01s
[398.254s][info][gc,start       ] GC(1296) Pause Young (Allocation Failure)
[398.257s][info][gc,heap        ] GC(1296) PSYoungGen: 111680K(222720K)->128K(222720K) Eden: 111616K(111616K)->0K(111616K) From: 64K(111104K)->128K(111104K)
[398.257s][info][gc,heap        ] GC(1296) ParOldGen: 369389K(667648K)->369389K(667648K)
[398.257s][info][gc,metaspace   ] GC(1296) Metaspace: 18850K(19008K)->18850K(19008K) NonClass: 16187K(16256K)->16187K(16256K) Class: 2663K(2752K)->2663K(2752K)
[398.257s][info][gc             ] GC(1296) Pause Young (Allocation Failure) 469M->360M(869M) 2.389ms
[398.257s][info][gc,cpu         ] GC(1296) User=0.01s Sys=0.00s Real=0.00s
[398.482s][info][gc,start       ] GC(1297) Pause Young (Allocation Failure)
[398.489s][info][gc,heap        ] GC(1297) PSYoungGen: 111744K(222720K)->5664K(222720K) Eden: 111616K(111616K)->0K(111616K) From: 128K(111104K)->5664K(111104K)
[398.489s][info][gc,heap        ] GC(1297) ParOldGen: 369389K(667648K)->369421K(667648K)
[398.489s][info][gc,metaspace   ] GC(1297) Metaspace: 18850K(19008K)->18850K(19008K) NonClass: 16187K(16256K)->16187K(16256K) Class: 2663K(2752K)->2663K(2752K)
[398.489s][info][gc             ] GC(1297) Pause Young (Allocation Failure) 469M->366M(869M) 7.452ms
[398.489s][info][gc,cpu         ] GC(1297) User=0.02s Sys=0.00s Real=0.00s
[398.555s][info][gc,start       ] GC(1298) Pause Young (Allocation Failure)
[398.589s][info][gc,heap        ] GC(1298) PSYoungGen: 117280K(222720K)->43408K(222720K) Eden: 111616K(111616K)->0K(111616K) From: 5664K(111104K)->43408K(111104K)
[398.589s][info][gc,heap        ] GC(1298) ParOldGen: 369421K(667648K)->369501K(667648K)
[398.590s][info][gc,metaspace   ] GC(1298) Metaspace: 18850K(19008K)->18850K(19008K) NonClass: 16187K(16256K)->16187K(16256K) Class: 2663K(2752K)->2663K(2752K)
[398.590s][info][gc             ] GC(1298) Pause Young (Allocation Failure) 475M->403M(869M) 34.166ms
[398.590s][info][gc,cpu         ] GC(1298) User=0.06s Sys=0.00s Real=0.03s
[398.656s][info][gc,start       ] GC(1299) Pause Young (Allocation Failure)
[398.715s][info][gc,heap        ] GC(1299) PSYoungGen: 155024K(222720K)->43872K(222720K) Eden: 111616K(111616K)->0K(111616K) From: 43408K(111104K)->43872K(111104K)
[398.715s][info][gc,heap        ] GC(1299) ParOldGen: 369501K(667648K)->413325K(667648K)
[398.715s][info][gc,metaspace   ] GC(1299) Metaspace: 18850K(19008K)->18850K(19008K) NonClass: 16187K(16256K)->16187K(16256K) Class: 2663K(2752K)->2663K(2752K)
[398.715s][info][gc             ] GC(1299) Pause Young (Allocation Failure) 512M->446M(869M) 59.155ms
[398.715s][info][gc,cpu         ] GC(1299) User=0.12s Sys=0.00s Real=0.06s
[398.759s][info][gc,start       ] GC(1300) Pause Young (Allocation Failure)
[398.819s][info][gc,heap        ] GC(1300) PSYoungGen: 155488K(222720K)->48310K(222720K) Eden: 111616K(111616K)->0K(111616K) From: 43872K(111104K)->48310K(111104K)
[398.819s][info][gc,heap        ] GC(1300) ParOldGen: 413325K(667648K)->457661K(667648K)
[398.819s][info][gc,metaspace   ] GC(1300) Metaspace: 18850K(19008K)->18850K(19008K) NonClass: 16187K(16256K)->16187K(16256K) Class: 2663K(2752K)->2663K(2752K)
[398.819s][info][gc             ] GC(1300) Pause Young (Allocation Failure) 555M->494M(869M) 59.870ms
[398.819s][info][gc,cpu         ] GC(1300) User=0.11s Sys=0.00s Real=0.06s
[398.855s][info][gc,start       ] GC(1301) Pause Young (Allocation Failure)
[398.919s][info][gc,heap        ] GC(1301) PSYoungGen: 159926K(222720K)->47008K(219648K) Eden: 111616K(111616K)->0K(111616K) From: 48310K(111104K)->47008K(108032K)
[398.919s][info][gc,heap        ] GC(1301) ParOldGen: 457661K(667648K)->506563K(667648K)
[398.919s][info][gc,metaspace   ] GC(1301) Metaspace: 18850K(19008K)->18850K(19008K) NonClass: 16187K(16256K)->16187K(16256K) Class: 2663K(2752K)->2663K(2752K)
[398.919s][info][gc             ] GC(1301) Pause Young (Allocation Failure) 603M->540M(866M) 63.937ms
[398.919s][info][gc,cpu         ] GC(1301) User=0.12s Sys=0.00s Real=0.06s
[399.134s][info][gc,start       ] GC(1302) Pause Young (Allocation Failure)
[399.193s][info][gc,heap        ] GC(1302) PSYoungGen: 158624K(219648K)->23680K(221184K) Eden: 111616K(111616K)->0K(111616K) From: 47008K(108032K)->23680K(109568K)
[399.193s][info][gc,heap        ] GC(1302) ParOldGen: 506563K(667648K)->554171K(667648K)
[399.193s][info][gc,metaspace   ] GC(1302) Metaspace: 18850K(19008K)->18850K(19008K) NonClass: 16187K(16256K)->16187K(16256K) Class: 2663K(2752K)->2663K(2752K)
[399.193s][info][gc             ] GC(1302) Pause Young (Allocation Failure) 649M->564M(868M) 59.172ms
[399.193s][info][gc,cpu         ] GC(1302) User=0.11s Sys=0.00s Real=0.06s
[399.406s][info][gc,start       ] GC(1303) Pause Young (Allocation Failure)
[399.449s][info][gc,heap        ] GC(1303) PSYoungGen: 135296K(221184K)->8384K(223232K) Eden: 111616K(111616K)->0K(116736K) From: 23680K(109568K)->8384K(106496K)
[399.449s][info][gc,heap        ] GC(1303) ParOldGen: 554171K(667648K)->577687K(667648K)
[399.449s][info][gc,metaspace   ] GC(1303) Metaspace: 18850K(19008K)->18850K(19008K) NonClass: 16187K(16256K)->16187K(16256K) Class: 2663K(2752K)->2663K(2752K)
[399.449s][info][gc             ] GC(1303) Pause Young (Allocation Failure) 673M->572M(870M) 42.312ms
[399.449s][info][gc,cpu         ] GC(1303) User=0.08s Sys=0.00s Real=0.04s
[399.554s][info][gc,start       ] GC(1304) Pause Young (Allocation Failure)
[399.578s][info][gc,heap        ] GC(1304) PSYoungGen: 125120K(223232K)->3680K(222720K) Eden: 116736K(116736K)->0K(116736K) From: 8384K(106496K)->3680K(105984K)
[399.578s][info][gc,heap        ] GC(1304) ParOldGen: 577687K(667648K)->586031K(667648K)
[399.578s][info][gc,metaspace   ] GC(1304) Metaspace: 18850K(19008K)->18850K(19008K) NonClass: 16187K(16256K)->16187K(16256K) Class: 2663K(2752K)->2663K(2752K)
[399.578s][info][gc             ] GC(1304) Pause Young (Allocation Failure) 686M->575M(869M) 23.595ms
[399.578s][info][gc,cpu         ] GC(1304) User=0.05s Sys=0.00s Real=0.02s
[399.709s][info][gc,start       ] GC(1305) Pause Young (Allocation Failure)
[399.736s][info][gc,heap        ] GC(1305) PSYoungGen: 120416K(222720K)->3085K(226304K) Eden: 116736K(116736K)->0K(122880K) From: 3680K(105984K)->3085K(103424K)
[399.736s][info][gc,heap        ] GC(1305) ParOldGen: 586031K(667648K)->589695K(667648K)
[399.736s][info][gc,metaspace   ] GC(1305) Metaspace: 18850K(19008K)->18850K(19008K) NonClass: 16187K(16256K)->16187K(16256K) Class: 2663K(2752K)->2663K(2752K)
[399.736s][info][gc             ] GC(1305) Pause Young (Allocation Failure) 689M->578M(873M) 26.651ms
[399.736s][info][gc,cpu         ] GC(1305) User=0.05s Sys=0.00s Real=0.03s
[399.909s][info][gc,start       ] GC(1306) Pause Young (Allocation Failure)
[399.961s][info][gc,heap        ] GC(1306) PSYoungGen: 125965K(226304K)->24864K(147968K) Eden: 122880K(122880K)->0K(122880K) From: 3085K(103424K)->24864K(25088K)
[399.961s][info][gc,heap        ] GC(1306) ParOldGen: 589695K(667648K)->592625K(667648K)
[399.961s][info][gc,metaspace   ] GC(1306) Metaspace: 18850K(19008K)->18850K(19008K) NonClass: 16187K(16256K)->16187K(16256K) Class: 2663K(2752K)->2663K(2752K)
[399.961s][info][gc             ] GC(1306) Pause Young (Allocation Failure) 698M->603M(796M) 51.132ms
[399.961s][info][gc,cpu         ] GC(1306) User=0.10s Sys=0.00s Real=0.06s
[400.134s][info][gc,start       ] GC(1307) Pause Young (Allocation Failure)
[400.171s][info][gc,heap        ] GC(1307) PSYoungGen: 147744K(147968K)->24832K(226304K) Eden: 122880K(122880K)->0K(132608K) From: 24864K(25088K)->24832K(93696K)
[400.171s][info][gc,heap        ] GC(1307) ParOldGen: 592625K(667648K)->592625K(667648K)
[400.171s][info][gc,metaspace   ] GC(1307) Metaspace: 18850K(19008K)->18850K(19008K) NonClass: 16187K(16256K)->16187K(16256K) Class: 2663K(2752K)->2663K(2752K)
[400.171s][info][gc             ] GC(1307) Pause Young (Allocation Failure) 723M->602M(873M) 36.845ms
[400.171s][info][gc,cpu         ] GC(1307) User=0.07s Sys=0.01s Real=0.04s
[400.351s][info][gc,start       ] GC(1308) Pause Young (Allocation Failure)
[400.390s][info][gc,heap        ] GC(1308) PSYoungGen: 157440K(226304K)->24864K(224768K) Eden: 132608K(132608K)->0K(132608K) From: 24832K(93696K)->24864K(92160K)
[400.390s][info][gc,heap        ] GC(1308) ParOldGen: 592625K(667648K)->592625K(667648K)
[400.390s][info][gc,metaspace   ] GC(1308) Metaspace: 18850K(19008K)->18850K(19008K) NonClass: 16187K(16256K)->16187K(16256K) Class: 2663K(2752K)->2663K(2752K)
[400.390s][info][gc             ] GC(1308) Pause Young (Allocation Failure) 732M->603M(871M) 38.716ms
[400.390s][info][gc,cpu         ] GC(1308) User=0.08s Sys=0.00s Real=0.03s
[400.571s][info][gc,start       ] GC(1309) Pause Young (Allocation Failure)
[400.609s][info][gc,heap        ] GC(1309) PSYoungGen: 157472K(224768K)->24864K(222208K) Eden: 132608K(132608K)->0K(144384K) From: 24864K(92160K)->24864K(77824K)
[400.609s][info][gc,heap        ] GC(1309) ParOldGen: 592625K(667648K)->592625K(667648K)
[400.609s][info][gc,metaspace   ] GC(1309) Metaspace: 18850K(19008K)->18850K(19008K) NonClass: 16187K(16256K)->16187K(16256K) Class: 2663K(2752K)->2663K(2752K)
[400.609s][info][gc             ] GC(1309) Pause Young (Allocation Failure) 732M->603M(869M) 38.480ms
[400.609s][info][gc,cpu         ] GC(1309) User=0.07s Sys=0.00s Real=0.03s
[400.807s][info][gc,start       ] GC(1310) Pause Young (Allocation Failure)
[400.849s][info][gc,heap        ] GC(1310) PSYoungGen: 169248K(222208K)->24864K(226816K) Eden: 144384K(144384K)->0K(144384K) From: 24864K(77824K)->24864K(82432K)
[400.849s][info][gc,heap        ] GC(1310) ParOldGen: 592625K(667648K)->592625K(667648K)
[400.849s][info][gc,metaspace   ] GC(1310) Metaspace: 18850K(19008K)->18850K(19008K) NonClass: 16187K(16256K)->16187K(16256K) Class: 2663K(2752K)->2663K(2752K)
[400.849s][info][gc             ] GC(1310) Pause Young (Allocation Failure) 744M->603M(873M) 42.188ms
[400.849s][info][gc,cpu         ] GC(1310) User=0.08s Sys=0.00s Real=0.04s
[401.049s][info][gc,start       ] GC(1311) Pause Young (Allocation Failure)
[401.086s][info][gc,heap        ] GC(1311) PSYoungGen: 169248K(226816K)->24864K(225792K) Eden: 144384K(144384K)->0K(156672K) From: 24864K(82432K)->24864K(69120K)
[401.086s][info][gc,heap        ] GC(1311) ParOldGen: 592625K(667648K)->592625K(667648K)
[401.086s][info][gc,metaspace   ] GC(1311) Metaspace: 18850K(19008K)->18850K(19008K) NonClass: 16187K(16256K)->16187K(16256K) Class: 2663K(2752K)->2663K(2752K)
[401.086s][info][gc             ] GC(1311) Pause Young (Allocation Failure) 744M->603M(872M) 37.880ms
[401.086s][info][gc,cpu         ] GC(1311) User=0.07s Sys=0.00s Real=0.04s
[401.256s][info][gc,start       ] GC(1312) Pause Young (Allocation Failure)
[401.312s][info][gc,heap        ] GC(1312) PSYoungGen: 181536K(225792K)->43360K(230400K) Eden: 156672K(156672K)->0K(156672K) From: 24864K(69120K)->43360K(73728K)
[401.312s][info][gc,heap        ] GC(1312) ParOldGen: 592625K(667648K)->592625K(667648K)
[401.312s][info][gc,metaspace   ] GC(1312) Metaspace: 18850K(19008K)->18850K(19008K) NonClass: 16187K(16256K)->16187K(16256K) Class: 2663K(2752K)->2663K(2752K)
[401.312s][info][gc             ] GC(1312) Pause Young (Allocation Failure) 756M->621M(877M) 55.955ms
[401.312s][info][gc,cpu         ] GC(1312) User=0.11s Sys=0.00s Real=0.06s
[401.444s][info][gc,start       ] GC(1313) Pause Young (Allocation Failure)
[401.510s][info][gc,heap        ] GC(1313) PSYoungGen: 200032K(230400K)->55872K(240128K) Eden: 156672K(156672K)->0K(165376K) From: 43360K(73728K)->55872K(74752K)
[401.511s][info][gc,heap        ] GC(1313) ParOldGen: 592625K(667648K)->592625K(667648K)
[401.511s][info][gc,metaspace   ] GC(1313) Metaspace: 18850K(19008K)->18850K(19008K) NonClass: 16187K(16256K)->16187K(16256K) Class: 2663K(2752K)->2663K(2752K)
[401.511s][info][gc             ] GC(1313) Pause Young (Allocation Failure) 774M->633M(886M) 66.261ms
[401.511s][info][gc,cpu         ] GC(1313) User=0.13s Sys=0.00s Real=0.07s
[401.665s][info][gc,start       ] GC(1314) Pause Young (Allocation Failure)
[401.730s][info][gc,heap        ] GC(1314) PSYoungGen: 221248K(240128K)->57632K(245248K) Eden: 165376K(165376K)->0K(165376K) From: 55872K(74752K)->57632K(79872K)
[401.730s][info][gc,heap        ] GC(1314) ParOldGen: 592625K(667648K)->592625K(667648K)
[401.730s][info][gc,metaspace   ] GC(1314) Metaspace: 18850K(19008K)->18850K(19008K) NonClass: 16187K(16256K)->16187K(16256K) Class: 2663K(2752K)->2663K(2752K)
[401.730s][info][gc             ] GC(1314) Pause Young (Allocation Failure) 794M->635M(891M) 65.285ms
[401.730s][info][gc,cpu         ] GC(1314) User=0.13s Sys=0.00s Real=0.06s
[401.903s][info][gc,start       ] GC(1315) Pause Young (Allocation Failure)
[401.978s][info][gc,heap        ] GC(1315) PSYoungGen: 223008K(245248K)->39264K(250368K) Eden: 165376K(165376K)->0K(168448K) From: 57632K(79872K)->39264K(81920K)
[401.978s][info][gc,heap        ] GC(1315) ParOldGen: 592625K(667648K)->617489K(667648K)
[401.978s][info][gc,metaspace   ] GC(1315) Metaspace: 18850K(19008K)->18850K(19008K) NonClass: 16187K(16256K)->16187K(16256K) Class: 2663K(2752K)->2663K(2752K)
[401.978s][info][gc             ] GC(1315) Pause Young (Allocation Failure) 796M->641M(896M) 74.424ms
[401.978s][info][gc,cpu         ] GC(1315) User=0.15s Sys=0.00s Real=0.07s
[402.282s][info][gc,start       ] GC(1316) Pause Full (Allocation Failure)
[402.282s][info][gc,phases,start] GC(1316) Marking Phase
[402.613s][info][gc,phases      ] GC(1316) Marking Phase 330.993ms
[402.613s][info][gc,phases,start] GC(1316) Summary Phase
[402.613s][info][gc,phases      ] GC(1316) Summary Phase 0.030ms
[402.613s][info][gc,phases,start] GC(1316) Forward
[402.734s][info][gc,phases      ] GC(1316) Forward 120.320ms
[402.734s][info][gc,phases,start] GC(1316) Adjust Pointers
[403.011s][info][gc,phases      ] GC(1316) Adjust Pointers 277.523ms
[403.011s][info][gc,phases,start] GC(1316) Compaction Phase
[403.162s][info][gc,phases      ] GC(1316) Compaction Phase 151.101ms
[403.178s][info][gc,phases,start] GC(1316) Post Compact
[403.180s][info][gc,phases      ] GC(1316) Post Compact 2.353ms
[403.180s][info][gc,heap        ] GC(1316) PSYoungGen: 207712K(250368K)->0K(249344K) Eden: 168448K(168448K)->0K(168448K) From: 39264K(81920K)->0K(80896K)
[403.180s][info][gc,heap        ] GC(1316) ParOldGen: 617489K(667648K)->499939K(667648K)
[403.180s][info][gc,metaspace   ] GC(1316) Metaspace: 18850K(19008K)->18850K(19008K) NonClass: 16187K(16256K)->16187K(16256K) Class: 2663K(2752K)->2663K(2752K)
[403.180s][info][gc             ] GC(1316) Pause Full (Allocation Failure) 805M->488M(895M) 898.259ms
[403.180s][info][gc,cpu         ] GC(1316) User=1.70s Sys=0.01s Real=0.89s
[403.478s][info][gc,start       ] GC(1317) Pause Young (Allocation Failure)
[403.480s][info][gc,heap        ] GC(1317) PSYoungGen: 168448K(249344K)->192K(249856K) Eden: 168448K(168448K)->0K(168960K) From: 0K(80896K)->192K(80896K)
[403.480s][info][gc,heap        ] GC(1317) ParOldGen: 499939K(667648K)->499939K(667648K)
[403.480s][info][gc,metaspace   ] GC(1317) Metaspace: 18850K(19008K)->18850K(19008K) NonClass: 16187K(16256K)->16187K(16256K) Class: 2663K(2752K)->2663K(2752K)
[403.480s][info][gc             ] GC(1317) Pause Young (Allocation Failure) 652M->488M(896M) 2.088ms
[403.480s][info][gc,cpu         ] GC(1317) User=0.00s Sys=0.00s Real=0.00s
[403.773s][info][gc,start       ] GC(1318) Pause Young (Allocation Failure)
[403.776s][info][gc,heap        ] GC(1318) PSYoungGen: 169152K(249856K)->160K(169472K) Eden: 168960K(168960K)->0K(168960K) From: 192K(80896K)->160K(512K)
[403.776s][info][gc,heap        ] GC(1318) ParOldGen: 499939K(667648K)->499939K(667648K)
[403.776s][info][gc,metaspace   ] GC(1318) Metaspace: 18850K(19008K)->18850K(19008K) NonClass: 16187K(16256K)->16187K(16256K) Class: 2663K(2752K)->2663K(2752K)
[403.776s][info][gc             ] GC(1318) Pause Young (Allocation Failure) 653M->488M(817M) 2.655ms
[403.776s][info][gc,cpu         ] GC(1318) User=0.01s Sys=0.00s Real=0.00s
[404.020s][info][gc,start       ] GC(1319) Pause Young (Allocation Failure)
[404.035s][info][gc,heap        ] GC(1319) PSYoungGen: 169120K(169472K)->13216K(253952K) Eden: 168960K(168960K)->0K(171008K) From: 160K(512K)->13216K(82944K)
[404.035s][info][gc,heap        ] GC(1319) ParOldGen: 499939K(667648K)->499939K(667648K)
[404.035s][info][gc,metaspace   ] GC(1319) Metaspace: 18850K(19008K)->18850K(19008K) NonClass: 16187K(16256K)->16187K(16256K) Class: 2663K(2752K)->2663K(2752K)
[404.035s][info][gc             ] GC(1319) Pause Young (Allocation Failure) 653M->501M(900M) 15.306ms
[404.035s][info][gc,cpu         ] GC(1319) User=0.03s Sys=0.00s Real=0.02s
[404.223s][info][gc,start       ] GC(1320) Pause Young (Allocation Failure)
[404.247s][info][gc,heap        ] GC(1320) PSYoungGen: 184224K(253952K)->26800K(198144K) Eden: 171008K(171008K)->0K(171008K) From: 13216K(82944K)->26800K(27136K)
[404.247s][info][gc,heap        ] GC(1320) ParOldGen: 499939K(667648K)->499939K(667648K)
[404.247s][info][gc,metaspace   ] GC(1320) Metaspace: 18850K(19008K)->18850K(19008K) NonClass: 16187K(16256K)->16187K(16256K) Class: 2663K(2752K)->2663K(2752K)
[404.247s][info][gc             ] GC(1320) Pause Young (Allocation Failure) 668M->514M(845M) 23.969ms
[404.247s][info][gc,cpu         ] GC(1320) User=0.04s Sys=0.00s Real=0.02s
[404.425s][info][gc,start       ] GC(1321) Pause Young (Allocation Failure)
[404.482s][info][gc,heap        ] GC(1321) PSYoungGen: 197808K(198144K)->67008K(235520K) Eden: 171008K(171008K)->0K(160768K) From: 26800K(27136K)->67008K(74752K)
[404.482s][info][gc,heap        ] GC(1321) ParOldGen: 499939K(667648K)->499939K(667648K)
[404.482s][info][gc,metaspace   ] GC(1321) Metaspace: 18850K(19008K)->18850K(19008K) NonClass: 16187K(16256K)->16187K(16256K) Class: 2663K(2752K)->2663K(2752K)
[404.482s][info][gc             ] GC(1321) Pause Young (Allocation Failure) 681M->553M(882M) 57.058ms
[404.482s][info][gc,cpu         ] GC(1321) User=0.11s Sys=0.00s Real=0.06s
[404.711s][info][gc,start       ] GC(1322) Pause Young (Allocation Failure)
[404.779s][info][gc,heap        ] GC(1322) PSYoungGen: 227776K(235520K)->80080K(241152K) Eden: 160768K(160768K)->0K(160768K) From: 67008K(74752K)->80080K(80384K)
[404.779s][info][gc,heap        ] GC(1322) ParOldGen: 499939K(667648K)->499939K(667648K)
[404.779s][info][gc,metaspace   ] GC(1322) Metaspace: 18850K(19008K)->18850K(19008K) NonClass: 16187K(16256K)->16187K(16256K) Class: 2663K(2752K)->2663K(2752K)
[404.779s][info][gc             ] GC(1322) Pause Young (Allocation Failure) 710M->566M(887M) 67.600ms
[404.779s][info][gc,cpu         ] GC(1322) User=0.13s Sys=0.00s Real=0.06s
[405.003s][info][gc,start       ] GC(1323) Pause Young (Allocation Failure)
[405.086s][info][gc,heap        ] GC(1323) PSYoungGen: 240848K(241152K)->80048K(210432K) Eden: 160768K(160768K)->0K(117760K) From: 80080K(80384K)->80048K(92672K)
[405.087s][info][gc,heap        ] GC(1323) ParOldGen: 499939K(667648K)->499939K(667648K)
[405.087s][info][gc,metaspace   ] GC(1323) Metaspace: 18850K(19008K)->18850K(19008K) NonClass: 16187K(16256K)->16187K(16256K) Class: 2663K(2752K)->2663K(2752K)
[405.087s][info][gc             ] GC(1323) Pause Young (Allocation Failure) 723M->566M(857M) 83.339ms
[405.087s][info][gc,cpu         ] GC(1323) User=0.16s Sys=0.01s Real=0.08s
[405.252s][info][gc,start       ] GC(1324) Pause Young (Allocation Failure)
[405.325s][info][gc,heap        ] GC(1324) PSYoungGen: 197808K(210432K)->80080K(198144K) Eden: 117760K(117760K)->0K(117760K) From: 80048K(92672K)->80080K(80384K)
[405.325s][info][gc,heap        ] GC(1324) ParOldGen: 499939K(667648K)->499939K(667648K)
[405.325s][info][gc,metaspace   ] GC(1324) Metaspace: 18850K(19008K)->18850K(19008K) NonClass: 16187K(16256K)->16187K(16256K) Class: 2663K(2752K)->2663K(2752K)
[405.325s][info][gc             ] GC(1324) Pause Young (Allocation Failure) 681M->566M(845M) 72.639ms
[405.325s][info][gc,cpu         ] GC(1324) User=0.15s Sys=0.00s Real=0.07s
[405.486s][info][gc,start       ] GC(1325) Pause Young (Allocation Failure)
[405.558s][info][gc,heap        ] GC(1325) PSYoungGen: 197840K(198144K)->80048K(222720K) Eden: 117760K(117760K)->0K(111616K) From: 80080K(80384K)->80048K(111104K)
[405.558s][info][gc,heap        ] GC(1325) ParOldGen: 499939K(667648K)->499939K(667648K)
[405.558s][info][gc,metaspace   ] GC(1325) Metaspace: 18850K(19008K)->18850K(19008K) NonClass: 16187K(16256K)->16187K(16256K) Class: 2663K(2752K)->2663K(2752K)
[405.558s][info][gc             ] GC(1325) Pause Young (Allocation Failure) 681M->566M(869M) 71.899ms
[405.558s][info][gc,cpu         ] GC(1325) User=0.14s Sys=0.00s Real=0.07s
[405.711s][info][gc,start       ] GC(1326) Pause Young (Allocation Failure)
[405.783s][info][gc,heap        ] GC(1326) PSYoungGen: 191664K(222720K)->80048K(222720K) Eden: 111616K(111616K)->0K(111616K) From: 80048K(111104K)->80048K(111104K)
[405.783s][info][gc,heap        ] GC(1326) ParOldGen: 499939K(667648K)->499939K(667648K)
[405.783s][info][gc,metaspace   ] GC(1326) Metaspace: 18850K(19008K)->18850K(19008K) NonClass: 16187K(16256K)->16187K(16256K) Class: 2663K(2752K)->2663K(2752K)
[405.783s][info][gc             ] GC(1326) Pause Young (Allocation Failure) 675M->566M(869M) 72.120ms
[405.783s][info][gc,cpu         ] GC(1326) User=0.15s Sys=0.00s Real=0.07s
[405.939s][info][gc,start       ] GC(1327) Pause Young (Allocation Failure)
[406.012s][info][gc,heap        ] GC(1327) PSYoungGen: 191664K(222720K)->80048K(222720K) Eden: 111616K(111616K)->0K(111616K) From: 80048K(111104K)->80048K(111104K)
[406.012s][info][gc,heap        ] GC(1327) ParOldGen: 499939K(667648K)->499939K(667648K)
[406.012s][info][gc,metaspace   ] GC(1327) Metaspace: 18850K(19008K)->18850K(19008K) NonClass: 16187K(16256K)->16187K(16256K) Class: 2663K(2752K)->2663K(2752K)
[406.012s][info][gc             ] GC(1327) Pause Young (Allocation Failure) 675M->566M(869M) 72.397ms
[406.012s][info][gc,cpu         ] GC(1327) User=0.14s Sys=0.00s Real=0.08s
[406.167s][info][gc,start       ] GC(1328) Pause Young (Allocation Failure)
[406.239s][info][gc,heap        ] GC(1328) PSYoungGen: 191664K(222720K)->79920K(222720K) Eden: 111616K(111616K)->0K(111616K) From: 80048K(111104K)->79920K(111104K)
[406.240s][info][gc,heap        ] GC(1328) ParOldGen: 499939K(667648K)->500080K(667648K)
[406.240s][info][gc,metaspace   ] GC(1328) Metaspace: 18850K(19008K)->18850K(19008K) NonClass: 16187K(16256K)->16187K(16256K) Class: 2663K(2752K)->2663K(2752K)
[406.240s][info][gc             ] GC(1328) Pause Young (Allocation Failure) 675M->566M(869M) 72.664ms
[406.240s][info][gc,cpu         ] GC(1328) User=0.14s Sys=0.00s Real=0.07s
[406.394s][info][gc,start       ] GC(1329) Pause Young (Allocation Failure)
[406.467s][info][gc,heap        ] GC(1329) PSYoungGen: 191536K(222720K)->66896K(222720K) Eden: 111616K(111616K)->0K(111616K) From: 79920K(111104K)->66896K(111104K)
[406.467s][info][gc,heap        ] GC(1329) ParOldGen: 500080K(667648K)->513192K(667648K)
[406.467s][info][gc,metaspace   ] GC(1329) Metaspace: 18850K(19008K)->18850K(19008K) NonClass: 16187K(16256K)->16187K(16256K) Class: 2663K(2752K)->2663K(2752K)
[406.467s][info][gc             ] GC(1329) Pause Young (Allocation Failure) 675M->566M(869M) 72.610ms
[406.467s][info][gc,cpu         ] GC(1329) User=0.14s Sys=0.00s Real=0.07s
[406.581s][info][gc,start       ] GC(1330) Pause Young (Allocation Failure)
[406.654s][info][gc,heap        ] GC(1330) PSYoungGen: 178512K(222720K)->28896K(222720K) Eden: 111616K(111616K)->0K(111616K) From: 66896K(111104K)->28896K(111104K)
[406.654s][info][gc,heap        ] GC(1330) ParOldGen: 513192K(667648K)->567555K(667648K)
[406.654s][info][gc,metaspace   ] GC(1330) Metaspace: 18850K(19008K)->18850K(19008K) NonClass: 16187K(16256K)->16187K(16256K) Class: 2663K(2752K)->2663K(2752K)
[406.654s][info][gc             ] GC(1330) Pause Young (Allocation Failure) 675M->582M(869M) 73.709ms
[406.654s][info][gc,cpu         ] GC(1330) User=0.14s Sys=0.00s Real=0.07s
[406.759s][info][gc,start       ] GC(1331) Pause Young (Allocation Failure)
[406.809s][info][gc,heap        ] GC(1331) PSYoungGen: 140512K(222720K)->25472K(222720K) Eden: 111616K(111616K)->0K(111616K) From: 28896K(111104K)->25472K(111104K)
[406.809s][info][gc,heap        ] GC(1331) ParOldGen: 567555K(667648K)->580667K(667648K)
[406.809s][info][gc,metaspace   ] GC(1331) Metaspace: 18850K(19008K)->18850K(19008K) NonClass: 16187K(16256K)->16187K(16256K) Class: 2663K(2752K)->2663K(2752K)
[406.809s][info][gc             ] GC(1331) Pause Young (Allocation Failure) 691M->591M(869M) 49.956ms
[406.809s][info][gc,cpu         ] GC(1331) User=0.10s Sys=0.00s Real=0.05s
[406.907s][info][gc,start       ] GC(1332) Pause Young (Allocation Failure)
[406.934s][info][gc,heap        ] GC(1332) PSYoungGen: 137088K(222720K)->26784K(222720K) Eden: 111616K(111616K)->0K(111616K) From: 25472K(111104K)->26784K(111104K)
[406.934s][info][gc,heap        ] GC(1332) ParOldGen: 580667K(667648K)->580667K(667648K)
[406.934s][info][gc,metaspace   ] GC(1332) Metaspace: 18850K(19008K)->18850K(19008K) NonClass: 16187K(16256K)->16187K(16256K) Class: 2663K(2752K)->2663K(2752K)
[406.934s][info][gc             ] GC(1332) Pause Young (Allocation Failure) 700M->593M(869M) 27.235ms
[406.935s][info][gc,cpu         ] GC(1332) User=0.06s Sys=0.00s Real=0.03s
[407.037s][info][gc,start       ] GC(1333) Pause Young (Allocation Failure)
[407.067s][info][gc,heap        ] GC(1333) PSYoungGen: 138400K(222720K)->29600K(222720K) Eden: 111616K(111616K)->0K(111616K) From: 26784K(111104K)->29600K(111104K)
[407.067s][info][gc,heap        ] GC(1333) ParOldGen: 580667K(667648K)->580675K(667648K)
[407.067s][info][gc,metaspace   ] GC(1333) Metaspace: 18850K(19008K)->18850K(19008K) NonClass: 16187K(16256K)->16187K(16256K) Class: 2663K(2752K)->2663K(2752K)
[407.067s][info][gc             ] GC(1333) Pause Young (Allocation Failure) 702M->595M(869M) 29.578ms
[407.067s][info][gc,cpu         ] GC(1333) User=0.06s Sys=0.00s Real=0.03s
[407.148s][info][gc,start       ] GC(1334) Pause Young (Allocation Failure)
[407.183s][info][gc,heap        ] GC(1334) PSYoungGen: 141216K(222720K)->33536K(222720K) Eden: 111616K(111616K)->0K(111616K) From: 29600K(111104K)->33536K(111104K)
[407.183s][info][gc,heap        ] GC(1334) ParOldGen: 580675K(667648K)->580675K(667648K)
[407.183s][info][gc,metaspace   ] GC(1334) Metaspace: 18850K(19008K)->18850K(19008K) NonClass: 16187K(16256K)->16187K(16256K) Class: 2663K(2752K)->2663K(2752K)
[407.183s][info][gc             ] GC(1334) Pause Young (Allocation Failure) 704M->599M(869M) 35.088ms
[407.183s][info][gc,cpu         ] GC(1334) User=0.07s Sys=0.00s Real=0.04s
[407.276s][info][gc,start       ] GC(1335) Pause Young (Allocation Failure)
[407.335s][info][gc,heap        ] GC(1335) PSYoungGen: 145152K(222720K)->33280K(216576K) Eden: 111616K(111616K)->0K(111616K) From: 33536K(111104K)->33280K(104960K)
[407.335s][info][gc,heap        ] GC(1335) ParOldGen: 580675K(667648K)->606179K(667648K)
[407.335s][info][gc,metaspace   ] GC(1335) Metaspace: 18850K(19008K)->18850K(19008K) NonClass: 16187K(16256K)->16187K(16256K) Class: 2663K(2752K)->2663K(2752K)
[407.335s][info][gc             ] GC(1335) Pause Young (Allocation Failure) 708M->624M(863M) 58.914ms
[407.335s][info][gc,cpu         ] GC(1335) User=0.11s Sys=0.00s Real=0.06s
[407.425s][info][gc,start       ] GC(1336) Pause Young (Allocation Failure)
[407.480s][info][gc,heap        ] GC(1336) PSYoungGen: 144896K(216576K)->48160K(219648K) Eden: 111616K(111616K)->0K(111616K) From: 33280K(104960K)->48160K(108032K)
[407.480s][info][gc,heap        ] GC(1336) ParOldGen: 606179K(667648K)->610299K(667648K)
[407.480s][info][gc,metaspace   ] GC(1336) Metaspace: 18850K(19008K)->18850K(19008K) NonClass: 16187K(16256K)->16187K(16256K) Class: 2663K(2752K)->2663K(2752K)
[407.480s][info][gc             ] GC(1336) Pause Young (Allocation Failure) 733M->643M(866M) 54.746ms
[407.480s][info][gc,cpu         ] GC(1336) User=0.11s Sys=0.00s Real=0.05s
[407.627s][info][gc,start       ] GC(1337) Pause Young (Allocation Failure)
[407.696s][info][gc,heap        ] GC(1337) PSYoungGen: 159776K(219648K)->41344K(217600K) Eden: 111616K(111616K)->0K(122880K) From: 48160K(108032K)->41344K(94720K)
[407.696s][info][gc,heap        ] GC(1337) ParOldGen: 610299K(667648K)->639495K(667648K)
[407.696s][info][gc,metaspace   ] GC(1337) Metaspace: 18850K(19008K)->18850K(19008K) NonClass: 16187K(16256K)->16187K(16256K) Class: 2663K(2752K)->2663K(2752K)
[407.696s][info][gc             ] GC(1337) Pause Young (Allocation Failure) 752M->664M(864M) 69.697ms
[407.696s][info][gc,cpu         ] GC(1337) User=0.14s Sys=0.00s Real=0.07s
[407.838s][info][gc,start       ] GC(1338) Pause Full (Allocation Failure)
[407.838s][info][gc,phases,start] GC(1338) Marking Phase
[408.234s][info][gc,phases      ] GC(1338) Marking Phase 395.862ms
[408.234s][info][gc,phases,start] GC(1338) Summary Phase
[408.234s][info][gc,phases      ] GC(1338) Summary Phase 0.028ms
[408.234s][info][gc,phases,start] GC(1338) Forward
[408.309s][info][gc,phases      ] GC(1338) Forward 74.890ms
[408.309s][info][gc,phases,start] GC(1338) Adjust Pointers
[408.612s][info][gc,phases      ] GC(1338) Adjust Pointers 302.918ms
[408.612s][info][gc,phases,start] GC(1338) Compaction Phase
[408.759s][info][gc,phases      ] GC(1338) Compaction Phase 147.132ms
[408.764s][info][gc,phases,start] GC(1338) Post Compact
[408.766s][info][gc,phases      ] GC(1338) Post Compact 2.318ms
[408.766s][info][gc,heap        ] GC(1338) PSYoungGen: 164224K(217600K)->0K(220672K) Eden: 122880K(122880K)->0K(122880K) From: 41344K(94720K)->0K(97792K)
[408.766s][info][gc,heap        ] GC(1338) ParOldGen: 639495K(667648K)->566483K(667648K)
[408.766s][info][gc,metaspace   ] GC(1338) Metaspace: 18850K(19008K)->18850K(19008K) NonClass: 16187K(16256K)->16187K(16256K) Class: 2663K(2752K)->2663K(2752K)
[408.766s][info][gc             ] GC(1338) Pause Full (Allocation Failure) 784M->553M(867M) 928.142ms
[408.766s][info][gc,cpu         ] GC(1338) User=1.79s Sys=0.01s Real=0.93s
[408.867s][info][gc,start       ] GC(1339) Pause Young (Allocation Failure)
[408.873s][info][gc,heap        ] GC(1339) PSYoungGen: 122880K(220672K)->3840K(232960K) Eden: 122880K(122880K)->0K(135168K) From: 0K(97792K)->3840K(97792K)
[408.873s][info][gc,heap        ] GC(1339) ParOldGen: 566483K(667648K)->566483K(667648K)
[408.873s][info][gc,metaspace   ] GC(1339) Metaspace: 18850K(19008K)->18850K(19008K) NonClass: 16187K(16256K)->16187K(16256K) Class: 2663K(2752K)->2663K(2752K)
[408.873s][info][gc             ] GC(1339) Pause Young (Allocation Failure) 673M->556M(879M) 6.017ms
[408.873s][info][gc,cpu         ] GC(1339) User=0.01s Sys=0.00s Real=0.01s
[409.024s][info][gc,start       ] GC(1340) Pause Young (Allocation Failure)
[409.037s][info][gc,heap        ] GC(1340) PSYoungGen: 139008K(232960K)->128K(135680K) Eden: 135168K(135168K)->0K(135168K) From: 3840K(97792K)->128K(512K)
[409.037s][info][gc,heap        ] GC(1340) ParOldGen: 566483K(667648K)->570288K(667648K)
[409.037s][info][gc,metaspace   ] GC(1340) Metaspace: 18850K(19008K)->18850K(19008K) NonClass: 16187K(16256K)->16187K(16256K) Class: 2663K(2752K)->2663K(2752K)
[409.037s][info][gc             ] GC(1340) Pause Young (Allocation Failure) 688M->557M(784M) 12.906ms
[409.037s][info][gc,cpu         ] GC(1340) User=0.03s Sys=0.00s Real=0.01s
[409.167s][info][gc,start       ] GC(1341) Pause Young (Allocation Failure)
[409.178s][info][gc,heap        ] GC(1341) PSYoungGen: 135296K(135680K)->1248K(233472K) Eden: 135168K(135168K)->0K(133120K) From: 128K(512K)->1248K(100352K)
[409.178s][info][gc,heap        ] GC(1341) ParOldGen: 570288K(667648K)->570400K(667648K)
[409.178s][info][gc,metaspace   ] GC(1341) Metaspace: 18850K(19008K)->18850K(19008K) NonClass: 16187K(16256K)->16187K(16256K) Class: 2663K(2752K)->2663K(2752K)
[409.178s][info][gc             ] GC(1341) Pause Young (Allocation Failure) 689M->558M(880M) 10.345ms
[409.178s][info][gc,cpu         ] GC(1341) User=0.02s Sys=0.00s Real=0.01s
[409.331s][info][gc,start       ] GC(1342) Pause Young (Allocation Failure)
[409.340s][info][gc,heap        ] GC(1342) PSYoungGen: 134368K(233472K)->4608K(137728K) Eden: 133120K(133120K)->0K(133120K) From: 1248K(100352K)->4608K(4608K)
[409.340s][info][gc,heap        ] GC(1342) ParOldGen: 570400K(667648K)->570400K(667648K)
[409.340s][info][gc,metaspace   ] GC(1342) Metaspace: 18850K(19008K)->18850K(19008K) NonClass: 16187K(16256K)->16187K(16256K) Class: 2663K(2752K)->2663K(2752K)
[409.340s][info][gc             ] GC(1342) Pause Young (Allocation Failure) 688M->561M(786M) 9.291ms
[409.340s][info][gc,cpu         ] GC(1342) User=0.02s Sys=0.00s Real=0.00s
[409.475s][info][gc,start       ] GC(1343) Pause Young (Allocation Failure)
[409.493s][info][gc,heap        ] GC(1343) PSYoungGen: 137728K(137728K)->15648K(235520K) Eden: 133120K(133120K)->0K(137216K) From: 4608K(4608K)->15648K(98304K)
[409.493s][info][gc,heap        ] GC(1343) ParOldGen: 570400K(667648K)->570400K(667648K)
[409.493s][info][gc,metaspace   ] GC(1343) Metaspace: 18850K(19008K)->18850K(19008K) NonClass: 16187K(16256K)->16187K(16256K) Class: 2663K(2752K)->2663K(2752K)
[409.493s][info][gc             ] GC(1343) Pause Young (Allocation Failure) 691M->572M(882M) 18.098ms
[409.493s][info][gc,cpu         ] GC(1343) User=0.04s Sys=0.00s Real=0.02s
[409.624s][info][gc,start       ] GC(1344) Pause Young (Allocation Failure)
[409.674s][info][gc,heap        ] GC(1344) PSYoungGen: 152864K(235520K)->55680K(231424K) Eden: 137216K(137216K)->0K(137216K) From: 15648K(98304K)->55680K(94208K)
[409.674s][info][gc,heap        ] GC(1344) ParOldGen: 570400K(667648K)->570400K(667648K)
[409.674s][info][gc,metaspace   ] GC(1344) Metaspace: 18850K(19008K)->18850K(19008K) NonClass: 16187K(16256K)->16187K(16256K) Class: 2663K(2752K)->2663K(2752K)
[409.674s][info][gc             ] GC(1344) Pause Young (Allocation Failure) 706M->611M(878M) 50.515ms
[409.674s][info][gc,cpu         ] GC(1344) User=0.10s Sys=0.00s Real=0.05s
[409.792s][info][gc,start       ] GC(1345) Pause Young (Allocation Failure)
[409.878s][info][gc,heap        ] GC(1345) PSYoungGen: 192896K(231424K)->97264K(208896K) Eden: 137216K(137216K)->0K(111616K) From: 55680K(94208K)->97264K(97280K)
[409.878s][info][gc,heap        ] GC(1345) ParOldGen: 570400K(667648K)->570640K(667648K)
[409.878s][info][gc,metaspace   ] GC(1345) Metaspace: 18850K(19008K)->18850K(19008K) NonClass: 16187K(16256K)->16187K(16256K) Class: 2663K(2752K)->2663K(2752K)
[409.878s][info][gc             ] GC(1345) Pause Young (Allocation Failure) 745M->652M(856M) 86.260ms
[409.878s][info][gc,cpu         ] GC(1345) User=0.15s Sys=0.02s Real=0.08s
[410.058s][info][gc,start       ] GC(1346) Pause Young (Allocation Failure)
[410.129s][info][gc,heap        ] GC(1346) PSYoungGen: 208880K(208896K)->93560K(222720K) Eden: 111616K(111616K)->0K(111616K) From: 97264K(97280K)->93560K(111104K)
[410.129s][info][gc,heap        ] GC(1346) ParOldGen: 570640K(667648K)->575224K(667648K)
[410.129s][info][gc,metaspace   ] GC(1346) Metaspace: 18850K(19008K)->18850K(19008K) NonClass: 16187K(16256K)->16187K(16256K) Class: 2663K(2752K)->2663K(2752K)
[410.129s][info][gc             ] GC(1346) Pause Young (Allocation Failure) 761M->653M(869M) 71.080ms
[410.129s][info][gc,cpu         ] GC(1346) User=0.14s Sys=0.00s Real=0.07s
[410.212s][info][gc,start       ] GC(1347) Pause Young (Allocation Failure)
[410.286s][info][gc,heap        ] GC(1347) PSYoungGen: 205176K(222720K)->49552K(222720K) Eden: 111616K(111616K)->0K(111616K) From: 93560K(111104K)->49552K(111104K)
[410.286s][info][gc,heap        ] GC(1347) ParOldGen: 575224K(667648K)->626395K(667648K)
[410.286s][info][gc,metaspace   ] GC(1347) Metaspace: 18850K(19008K)->18850K(19008K) NonClass: 16187K(16256K)->16187K(16256K) Class: 2663K(2752K)->2663K(2752K)
[410.286s][info][gc             ] GC(1347) Pause Young (Allocation Failure) 762M->660M(869M) 74.618ms
[410.286s][info][gc,cpu         ] GC(1347) User=0.15s Sys=0.00s Real=0.07s
[410.393s][info][gc,start       ] GC(1348) Pause Full (Allocation Failure)
[410.393s][info][gc,phases,start] GC(1348) Marking Phase
[410.866s][info][gc,phases      ] GC(1348) Marking Phase 473.115ms
[410.866s][info][gc,phases,start] GC(1348) Summary Phase
[410.866s][info][gc,phases      ] GC(1348) Summary Phase 0.025ms
[410.866s][info][gc,phases,start] GC(1348) Forward
[410.911s][info][gc,phases      ] GC(1348) Forward 44.186ms
[410.911s][info][gc,phases,start] GC(1348) Adjust Pointers
[411.234s][info][gc,phases      ] GC(1348) Adjust Pointers 323.679ms
[411.234s][info][gc,phases,start] GC(1348) Compaction Phase
[411.396s][info][gc,phases      ] GC(1348) Compaction Phase 161.814ms
[411.396s][info][gc,phases,start] GC(1348) Post Compact
[411.399s][info][gc,phases      ] GC(1348) Post Compact 2.248ms
[411.399s][info][gc,heap        ] GC(1348) PSYoungGen: 161168K(222720K)->10068K(222720K) Eden: 111616K(111616K)->0K(111616K) From: 49552K(111104K)->10068K(111104K)
[411.399s][info][gc,heap        ] GC(1348) ParOldGen: 626395K(667648K)->667145K(667648K)
[411.399s][info][gc,metaspace   ] GC(1348) Metaspace: 18850K(19008K)->18850K(19008K) NonClass: 16187K(16256K)->16187K(16256K) Class: 2663K(2752K)->2663K(2752K)
[411.399s][info][gc             ] GC(1348) Pause Full (Allocation Failure) 769M->661M(869M) 1005.522ms
[411.399s][info][gc,cpu         ] GC(1348) User=1.95s Sys=0.00s Real=1.00s
[411.547s][info][gc,start       ] GC(1349) Pause Full (Allocation Failure)
[411.547s][info][gc,phases,start] GC(1349) Marking Phase
[412.015s][info][gc,phases      ] GC(1349) Marking Phase 467.956ms
[412.015s][info][gc,phases,start] GC(1349) Summary Phase
[412.015s][info][gc,phases      ] GC(1349) Summary Phase 0.025ms
[412.015s][info][gc,phases,start] GC(1349) Forward
[412.062s][info][gc,phases      ] GC(1349) Forward 47.303ms
[412.062s][info][gc,phases,start] GC(1349) Adjust Pointers
[412.386s][info][gc,phases      ] GC(1349) Adjust Pointers 324.215ms
[412.387s][info][gc,phases,start] GC(1349) Compaction Phase
[412.534s][info][gc,phases      ] GC(1349) Compaction Phase 147.761ms
[412.534s][info][gc,phases,start] GC(1349) Post Compact
[412.537s][info][gc,phases      ] GC(1349) Post Compact 2.228ms
[412.537s][info][gc,heap        ] GC(1349) PSYoungGen: 121684K(222720K)->10067K(222720K) Eden: 111616K(111616K)->0K(111616K) From: 10068K(111104K)->10067K(111104K)
[412.537s][info][gc,heap        ] GC(1349) ParOldGen: 667145K(667648K)->667424K(667648K)
[412.537s][info][gc,metaspace   ] GC(1349) Metaspace: 18850K(19008K)->18850K(19008K) NonClass: 16187K(16256K)->16187K(16256K) Class: 2663K(2752K)->2663K(2752K)
[412.537s][info][gc             ] GC(1349) Pause Full (Allocation Failure) 770M->661M(869M) 989.963ms
[412.537s][info][gc,cpu         ] GC(1349) User=1.93s Sys=0.00s Real=0.99s
[412.704s][info][gc,start       ] GC(1350) Pause Full (Allocation Failure)
[412.704s][info][gc,phases,start] GC(1350) Marking Phase
[413.181s][info][gc,phases      ] GC(1350) Marking Phase 476.578ms
[413.181s][info][gc,phases,start] GC(1350) Summary Phase
[413.181s][info][gc,phases      ] GC(1350) Summary Phase 0.028ms
[413.181s][info][gc,phases,start] GC(1350) Forward
[413.183s][info][gc,phases      ] GC(1350) Forward 2.590ms
[413.183s][info][gc,phases,start] GC(1350) Adjust Pointers
[413.502s][info][gc,phases      ] GC(1350) Adjust Pointers 319.194ms
[413.503s][info][gc,phases,start] GC(1350) Compaction Phase
[413.646s][info][gc,phases      ] GC(1350) Compaction Phase 143.686ms
[413.646s][info][gc,phases,start] GC(1350) Post Compact
[413.649s][info][gc,phases      ] GC(1350) Post Compact 2.246ms
[413.649s][info][gc,heap        ] GC(1350) PSYoungGen: 121683K(222720K)->10162K(222720K) Eden: 111616K(111616K)->10162K(111616K) From: 10067K(111104K)->0K(111104K)
[413.649s][info][gc,heap        ] GC(1350) ParOldGen: 667424K(667648K)->667645K(667648K)
[413.649s][info][gc,metaspace   ] GC(1350) Metaspace: 18850K(19008K)->18850K(19008K) NonClass: 16187K(16256K)->16187K(16256K) Class: 2663K(2752K)->2663K(2752K)
[413.649s][info][gc             ] GC(1350) Pause Full (Allocation Failure) 770M->661M(869M) 944.750ms
[413.649s][info][gc,cpu         ] GC(1350) User=1.85s Sys=0.00s Real=0.94s
[413.755s][info][gc,start       ] GC(1351) Pause Full (Allocation Failure)
[413.755s][info][gc,phases,start] GC(1351) Marking Phase
[414.228s][info][gc,phases      ] GC(1351) Marking Phase 472.581ms
[414.228s][info][gc,phases,start] GC(1351) Summary Phase
[414.228s][info][gc,phases      ] GC(1351) Summary Phase 0.024ms
[414.228s][info][gc,phases,start] GC(1351) Forward
[414.232s][info][gc,phases      ] GC(1351) Forward 4.486ms
[414.232s][info][gc,phases,start] GC(1351) Adjust Pointers
[414.550s][info][gc,phases      ] GC(1351) Adjust Pointers 317.790ms
[414.550s][info][gc,phases,start] GC(1351) Compaction Phase
[414.694s][info][gc,phases      ] GC(1351) Compaction Phase 143.679ms
[414.694s][info][gc,phases,start] GC(1351) Post Compact
[414.696s][info][gc,phases      ] GC(1351) Post Compact 2.225ms
[414.696s][info][gc,heap        ] GC(1351) PSYoungGen: 111616K(222720K)->11406K(222720K) Eden: 111616K(111616K)->11406K(111616K) From: 0K(111104K)->0K(111104K)
[414.696s][info][gc,heap        ] GC(1351) ParOldGen: 667645K(667648K)->667644K(667648K)
[414.696s][info][gc,metaspace   ] GC(1351) Metaspace: 18851K(19008K)->18851K(19008K) NonClass: 16188K(16256K)->16188K(16256K) Class: 2663K(2752K)->2663K(2752K)
[414.696s][info][gc             ] GC(1351) Pause Full (Allocation Failure) 760M->663M(869M) 941.164ms
[414.696s][info][gc,cpu         ] GC(1351) User=1.85s Sys=0.00s Real=0.94s
[414.787s][info][gc,start       ] GC(1352) Pause Full (Allocation Failure)
[414.787s][info][gc,phases,start] GC(1352) Marking Phase
[415.262s][info][gc,phases      ] GC(1352) Marking Phase 475.102ms
[415.262s][info][gc,phases,start] GC(1352) Summary Phase
[415.262s][info][gc,phases      ] GC(1352) Summary Phase 0.027ms
[415.262s][info][gc,phases,start] GC(1352) Forward
[415.268s][info][gc,phases      ] GC(1352) Forward 5.556ms
[415.268s][info][gc,phases,start] GC(1352) Adjust Pointers
[415.586s][info][gc,phases      ] GC(1352) Adjust Pointers 318.024ms
[415.586s][info][gc,phases,start] GC(1352) Compaction Phase
[415.728s][info][gc,phases      ] GC(1352) Compaction Phase 142.736ms
[415.729s][info][gc,phases,start] GC(1352) Post Compact
[415.731s][info][gc,phases      ] GC(1352) Post Compact 2.216ms
[415.731s][info][gc,heap        ] GC(1352) PSYoungGen: 111616K(222720K)->12263K(222720K) Eden: 111616K(111616K)->12263K(111616K) From: 0K(111104K)->0K(111104K)
[415.731s][info][gc,heap        ] GC(1352) ParOldGen: 667644K(667648K)->667644K(667648K)
[415.731s][info][gc,metaspace   ] GC(1352) Metaspace: 18851K(19008K)->18851K(19008K) NonClass: 16188K(16256K)->16188K(16256K) Class: 2663K(2752K)->2663K(2752K)
[415.731s][info][gc             ] GC(1352) Pause Full (Allocation Failure) 760M->663M(869M) 944.081ms
[415.731s][info][gc,cpu         ] GC(1352) User=1.85s Sys=0.00s Real=0.95s
[415.938s][info][gc,start       ] GC(1353) Pause Full (Allocation Failure)
[415.938s][info][gc,phases,start] GC(1353) Marking Phase
[416.424s][info][gc,phases      ] GC(1353) Marking Phase 485.569ms
[416.424s][info][gc,phases,start] GC(1353) Summary Phase
[416.424s][info][gc,phases      ] GC(1353) Summary Phase 0.028ms
[416.424s][info][gc,phases,start] GC(1353) Forward
[416.589s][info][gc,phases      ] GC(1353) Forward 164.658ms
[416.589s][info][gc,phases,start] GC(1353) Adjust Pointers
[417.005s][info][gc,phases      ] GC(1353) Adjust Pointers 416.304ms
[417.005s][info][gc,phases,start] GC(1353) Compaction Phase
[417.230s][info][gc,phases      ] GC(1353) Compaction Phase 224.333ms
[417.246s][info][gc,phases,start] GC(1353) Post Compact
[417.248s][info][gc,phases      ] GC(1353) Post Compact 2.296ms
[417.248s][info][gc,heap        ] GC(1353) PSYoungGen: 111616K(222720K)->0K(222720K) Eden: 111616K(111616K)->0K(111616K) From: 0K(111104K)->0K(111104K)
[417.248s][info][gc,heap        ] GC(1353) ParOldGen: 667644K(667648K)->661556K(667648K)
[417.248s][info][gc,metaspace   ] GC(1353) Metaspace: 18854K(19008K)->18854K(19008K) NonClass: 16191K(16256K)->16191K(16256K) Class: 2663K(2752K)->2663K(2752K)
[417.248s][info][gc             ] GC(1353) Pause Full (Allocation Failure) 760M->646M(869M) 1309.838ms
[417.248s][info][gc,cpu         ] GC(1353) User=2.54s Sys=0.01s Real=1.31s
[417.425s][info][gc,start       ] GC(1354) Pause Full (Allocation Failure)
[417.425s][info][gc,phases,start] GC(1354) Marking Phase
[417.924s][info][gc,phases      ] GC(1354) Marking Phase 498.519ms
[417.924s][info][gc,phases,start] GC(1354) Summary Phase
[417.924s][info][gc,phases      ] GC(1354) Summary Phase 0.026ms
[417.924s][info][gc,phases,start] GC(1354) Forward
[417.935s][info][gc,phases      ] GC(1354) Forward 10.593ms
[417.935s][info][gc,phases,start] GC(1354) Adjust Pointers
[418.279s][info][gc,phases      ] GC(1354) Adjust Pointers 344.357ms
[418.279s][info][gc,phases,start] GC(1354) Compaction Phase
[418.427s][info][gc,phases      ] GC(1354) Compaction Phase 147.927ms
[418.427s][info][gc,phases,start] GC(1354) Post Compact
[418.429s][info][gc,phases      ] GC(1354) Post Compact 2.248ms
[418.430s][info][gc,heap        ] GC(1354) PSYoungGen: 111616K(222720K)->4907K(222720K) Eden: 111616K(111616K)->4907K(111616K) From: 0K(111104K)->0K(111104K)
[418.430s][info][gc,heap        ] GC(1354) ParOldGen: 661556K(667648K)->667469K(667648K)
[418.430s][info][gc,metaspace   ] GC(1354) Metaspace: 18854K(19008K)->18854K(19008K) NonClass: 16191K(16256K)->16191K(16256K) Class: 2663K(2752K)->2663K(2752K)
[418.430s][info][gc             ] GC(1354) Pause Full (Allocation Failure) 755M->656M(869M) 1004.199ms
[418.430s][info][gc,cpu         ] GC(1354) User=1.96s Sys=0.00s Real=1.00s
[418.570s][info][gc,start       ] GC(1355) Pause Full (Allocation Failure)
[418.570s][info][gc,phases,start] GC(1355) Marking Phase
[419.100s][info][gc,phases      ] GC(1355) Marking Phase 529.478ms
[419.100s][info][gc,phases,start] GC(1355) Summary Phase
[419.100s][info][gc,phases      ] GC(1355) Summary Phase 0.026ms
[419.100s][info][gc,phases,start] GC(1355) Forward
[419.141s][info][gc,phases      ] GC(1355) Forward 41.617ms
[419.141s][info][gc,phases,start] GC(1355) Adjust Pointers
[419.511s][info][gc,phases      ] GC(1355) Adjust Pointers 369.342ms
[419.511s][info][gc,phases,start] GC(1355) Compaction Phase
[419.675s][info][gc,phases      ] GC(1355) Compaction Phase 164.224ms
[419.678s][info][gc,phases,start] GC(1355) Post Compact
[419.681s][info][gc,phases      ] GC(1355) Post Compact 2.274ms
[419.681s][info][gc,heap        ] GC(1355) PSYoungGen: 111616K(222720K)->23157K(222720K) Eden: 111616K(111616K)->23157K(111616K) From: 0K(111104K)->0K(111104K)
[419.681s][info][gc,heap        ] GC(1355) ParOldGen: 667469K(667648K)->667334K(667648K)
[419.681s][info][gc,metaspace   ] GC(1355) Metaspace: 18854K(19008K)->18854K(19008K) NonClass: 16191K(16256K)->16191K(16256K) Class: 2663K(2752K)->2663K(2752K)
[419.681s][info][gc             ] GC(1355) Pause Full (Allocation Failure) 760M->674M(869M) 1110.617ms
[419.681s][info][gc,cpu         ] GC(1355) User=2.18s Sys=0.00s Real=1.12s
[419.782s][info][gc,start       ] GC(1356) Pause Full (Allocation Failure)
[419.783s][info][gc,phases,start] GC(1356) Marking Phase
[420.306s][info][gc,phases      ] GC(1356) Marking Phase 523.822ms
[420.306s][info][gc,phases,start] GC(1356) Summary Phase
[420.306s][info][gc,phases      ] GC(1356) Summary Phase 0.038ms
[420.307s][info][gc,phases,start] GC(1356) Forward
[420.321s][info][gc,phases      ] GC(1356) Forward 14.900ms
[420.321s][info][gc,phases,start] GC(1356) Adjust Pointers
[420.674s][info][gc,phases      ] GC(1356) Adjust Pointers 352.654ms
[420.674s][info][gc,phases,start] GC(1356) Compaction Phase
[420.824s][info][gc,phases      ] GC(1356) Compaction Phase 149.788ms
[420.824s][info][gc,phases,start] GC(1356) Post Compact
[420.826s][info][gc,phases      ] GC(1356) Post Compact 2.188ms
[420.826s][info][gc,heap        ] GC(1356) PSYoungGen: 111616K(222720K)->29524K(222720K) Eden: 111616K(111616K)->29524K(111616K) From: 0K(111104K)->0K(111104K)
[420.826s][info][gc,heap        ] GC(1356) ParOldGen: 667334K(667648K)->667334K(667648K)
[420.826s][info][gc,metaspace   ] GC(1356) Metaspace: 18854K(19008K)->18854K(19008K) NonClass: 16191K(16256K)->16191K(16256K) Class: 2663K(2752K)->2663K(2752K)
[420.826s][info][gc             ] GC(1356) Pause Full (Allocation Failure) 760M->680M(869M) 1043.917ms
[420.826s][info][gc,cpu         ] GC(1356) User=2.03s Sys=0.00s Real=1.04s
[420.916s][info][gc,start       ] GC(1357) Pause Full (Allocation Failure)
[420.916s][info][gc,phases,start] GC(1357) Marking Phase
[421.436s][info][gc,phases      ] GC(1357) Marking Phase 519.803ms
[421.436s][info][gc,phases,start] GC(1357) Summary Phase
[421.436s][info][gc,phases      ] GC(1357) Summary Phase 0.026ms
[421.436s][info][gc,phases,start] GC(1357) Forward
[421.561s][info][gc,phases      ] GC(1357) Forward 125.144ms
[421.561s][info][gc,phases,start] GC(1357) Adjust Pointers
[421.950s][info][gc,phases      ] GC(1357) Adjust Pointers 388.710ms
[421.950s][info][gc,phases,start] GC(1357) Compaction Phase
[422.124s][info][gc,phases      ] GC(1357) Compaction Phase 174.026ms
[422.139s][info][gc,phases,start] GC(1357) Post Compact
[422.141s][info][gc,phases      ] GC(1357) Post Compact 2.224ms
[422.141s][info][gc,heap        ] GC(1357) PSYoungGen: 111616K(222720K)->31853K(222720K) Eden: 111616K(111616K)->31853K(111616K) From: 0K(111104K)->0K(111104K)
[422.141s][info][gc,heap        ] GC(1357) ParOldGen: 667334K(667648K)->667334K(667648K)
[422.141s][info][gc,metaspace   ] GC(1357) Metaspace: 18854K(19008K)->18854K(19008K) NonClass: 16191K(16256K)->16191K(16256K) Class: 2663K(2752K)->2663K(2752K)
[422.141s][info][gc             ] GC(1357) Pause Full (Allocation Failure) 760M->682M(869M) 1225.104ms
[422.141s][info][gc,cpu         ] GC(1357) User=2.39s Sys=0.00s Real=1.23s
[422.233s][info][gc,start       ] GC(1358) Pause Full (Allocation Failure)
[422.233s][info][gc,phases,start] GC(1358) Marking Phase
[422.751s][info][gc,phases      ] GC(1358) Marking Phase 518.359ms
[422.751s][info][gc,phases,start] GC(1358) Summary Phase
[422.751s][info][gc,phases      ] GC(1358) Summary Phase 0.026ms
[422.751s][info][gc,phases,start] GC(1358) Forward
[422.768s][info][gc,phases      ] GC(1358) Forward 16.329ms
[422.768s][info][gc,phases,start] GC(1358) Adjust Pointers
[423.117s][info][gc,phases      ] GC(1358) Adjust Pointers 349.066ms
[423.117s][info][gc,phases,start] GC(1358) Compaction Phase
[423.266s][info][gc,phases      ] GC(1358) Compaction Phase 148.900ms
[423.266s][info][gc,phases,start] GC(1358) Post Compact
[423.268s][info][gc,phases      ] GC(1358) Post Compact 2.213ms
[423.268s][info][gc,heap        ] GC(1358) PSYoungGen: 111616K(222720K)->32179K(222720K) Eden: 111616K(111616K)->32179K(111616K) From: 0K(111104K)->0K(111104K)
[423.268s][info][gc,heap        ] GC(1358) ParOldGen: 667334K(667648K)->667334K(667648K)
[423.268s][info][gc,metaspace   ] GC(1358) Metaspace: 18854K(19008K)->18854K(19008K) NonClass: 16191K(16256K)->16191K(16256K) Class: 2663K(2752K)->2663K(2752K)
[423.268s][info][gc             ] GC(1358) Pause Full (Allocation Failure) 760M->683M(869M) 1035.331ms
[423.268s][info][gc,cpu         ] GC(1358) User=2.02s Sys=0.00s Real=1.03s
[423.381s][info][gc,start       ] GC(1359) Pause Full (Allocation Failure)
[423.381s][info][gc,phases,start] GC(1359) Marking Phase
[423.903s][info][gc,phases      ] GC(1359) Marking Phase 522.348ms
[423.903s][info][gc,phases,start] GC(1359) Summary Phase
[423.903s][info][gc,phases      ] GC(1359) Summary Phase 0.027ms
[423.903s][info][gc,phases,start] GC(1359) Forward
[423.921s][info][gc,phases      ] GC(1359) Forward 18.229ms
[423.921s][info][gc,phases,start] GC(1359) Adjust Pointers
[424.270s][info][gc,phases      ] GC(1359) Adjust Pointers 348.466ms
[424.270s][info][gc,phases,start] GC(1359) Compaction Phase
[424.420s][info][gc,phases      ] GC(1359) Compaction Phase 149.929ms
[424.420s][info][gc,phases,start] GC(1359) Post Compact
[424.422s][info][gc,phases      ] GC(1359) Post Compact 2.209ms
[424.422s][info][gc,heap        ] GC(1359) PSYoungGen: 111616K(222720K)->34909K(222720K) Eden: 111616K(111616K)->34909K(111616K) From: 0K(111104K)->0K(111104K)
[424.422s][info][gc,heap        ] GC(1359) ParOldGen: 667334K(667648K)->667334K(667648K)
[424.422s][info][gc,metaspace   ] GC(1359) Metaspace: 18857K(19008K)->18857K(19008K) NonClass: 16193K(16256K)->16193K(16256K) Class: 2663K(2752K)->2663K(2752K)
[424.422s][info][gc             ] GC(1359) Pause Full (Allocation Failure) 760M->685M(869M) 1041.728ms
[424.422s][info][gc,cpu         ] GC(1359) User=2.03s Sys=0.01s Real=1.04s
[424.477s][info][gc,start       ] GC(1360) Pause Full (Allocation Failure)
[424.477s][info][gc,phases,start] GC(1360) Marking Phase
[425.007s][info][gc,phases      ] GC(1360) Marking Phase 529.345ms
[425.007s][info][gc,phases,start] GC(1360) Summary Phase
[425.007s][info][gc,phases      ] GC(1360) Summary Phase 0.026ms
[425.007s][info][gc,phases,start] GC(1360) Forward
[425.157s][info][gc,phases      ] GC(1360) Forward 149.854ms
[425.157s][info][gc,phases,start] GC(1360) Adjust Pointers
[425.564s][info][gc,phases      ] GC(1360) Adjust Pointers 407.313ms
[425.564s][info][gc,phases,start] GC(1360) Compaction Phase
[425.745s][info][gc,phases      ] GC(1360) Compaction Phase 180.963ms
[425.762s][info][gc,phases,start] GC(1360) Post Compact
[425.764s][info][gc,phases      ] GC(1360) Post Compact 2.260ms
[425.764s][info][gc,heap        ] GC(1360) PSYoungGen: 111616K(222720K)->34874K(222720K) Eden: 111616K(111616K)->34874K(111616K) From: 0K(111104K)->0K(111104K)
[425.764s][info][gc,heap        ] GC(1360) ParOldGen: 667334K(667648K)->667333K(667648K)
[425.764s][info][gc,metaspace   ] GC(1360) Metaspace: 18857K(19008K)->18857K(19008K) NonClass: 16193K(16256K)->16193K(16256K) Class: 2663K(2752K)->2663K(2752K)
[425.764s][info][gc             ] GC(1360) Pause Full (Allocation Failure) 760M->685M(869M) 1286.631ms
[425.764s][info][gc,cpu         ] GC(1360) User=2.52s Sys=0.00s Real=1.29s
[425.810s][info][gc,start       ] GC(1361) Pause Full (Allocation Failure)
[425.810s][info][gc,phases,start] GC(1361) Marking Phase
[426.333s][info][gc,phases      ] GC(1361) Marking Phase 523.247ms
[426.333s][info][gc,phases,start] GC(1361) Summary Phase
[426.333s][info][gc,phases      ] GC(1361) Summary Phase 0.024ms
[426.333s][info][gc,phases,start] GC(1361) Forward
[426.351s][info][gc,phases      ] GC(1361) Forward 17.767ms
[426.351s][info][gc,phases,start] GC(1361) Adjust Pointers
[426.700s][info][gc,phases      ] GC(1361) Adjust Pointers 349.347ms
[426.700s][info][gc,phases,start] GC(1361) Compaction Phase
[426.849s][info][gc,phases      ] GC(1361) Compaction Phase 149.002ms
[426.849s][info][gc,phases,start] GC(1361) Post Compact
[426.852s][info][gc,phases      ] GC(1361) Post Compact 2.208ms
[426.852s][info][gc,heap        ] GC(1361) PSYoungGen: 111616K(222720K)->34858K(222720K) Eden: 111616K(111616K)->34858K(111616K) From: 0K(111104K)->0K(111104K)
[426.852s][info][gc,heap        ] GC(1361) ParOldGen: 667333K(667648K)->667333K(667648K)
[426.852s][info][gc,metaspace   ] GC(1361) Metaspace: 18857K(19008K)->18857K(19008K) NonClass: 16193K(16256K)->16193K(16256K) Class: 2663K(2752K)->2663K(2752K)
[426.852s][info][gc             ] GC(1361) Pause Full (Allocation Failure) 760M->685M(869M) 1042.012ms
[426.852s][info][gc,cpu         ] GC(1361) User=2.03s Sys=0.00s Real=1.05s
[426.900s][info][gc,start       ] GC(1362) Pause Full (Allocation Failure)
[426.900s][info][gc,phases,start] GC(1362) Marking Phase
[427.425s][info][gc,phases      ] GC(1362) Marking Phase 524.357ms
[427.425s][info][gc,phases,start] GC(1362) Summary Phase
[427.425s][info][gc,phases      ] GC(1362) Summary Phase 0.027ms
[427.425s][info][gc,phases,start] GC(1362) Forward
[427.443s][info][gc,phases      ] GC(1362) Forward 17.842ms
[427.443s][info][gc,phases,start] GC(1362) Adjust Pointers
[427.792s][info][gc,phases      ] GC(1362) Adjust Pointers 349.296ms
[427.792s][info][gc,phases,start] GC(1362) Compaction Phase
[427.941s][info][gc,phases      ] GC(1362) Compaction Phase 149.365ms
[427.942s][info][gc,phases,start] GC(1362) Post Compact
[427.944s][info][gc,phases      ] GC(1362) Post Compact 2.211ms
[427.944s][info][gc,heap        ] GC(1362) PSYoungGen: 111616K(222720K)->34921K(222720K) Eden: 111616K(111616K)->34921K(111616K) From: 0K(111104K)->0K(111104K)
[427.944s][info][gc,heap        ] GC(1362) ParOldGen: 667333K(667648K)->667333K(667648K)
[427.944s][info][gc,metaspace   ] GC(1362) Metaspace: 18857K(19008K)->18857K(19008K) NonClass: 16193K(16256K)->16193K(16256K) Class: 2663K(2752K)->2663K(2752K)
[427.944s][info][gc             ] GC(1362) Pause Full (Allocation Failure) 760M->685M(869M) 1043.576ms
[427.944s][info][gc,cpu         ] GC(1362) User=2.03s Sys=0.00s Real=1.05s
[428.106s][info][gc,start       ] GC(1363) Pause Full (Allocation Failure)
[428.106s][info][gc,phases,start] GC(1363) Marking Phase
[428.636s][info][gc,phases      ] GC(1363) Marking Phase 530.319ms
[428.636s][info][gc,phases,start] GC(1363) Summary Phase
[428.636s][info][gc,phases      ] GC(1363) Summary Phase 0.023ms
[428.636s][info][gc,phases,start] GC(1363) Forward
[428.656s][info][gc,phases      ] GC(1363) Forward 19.495ms
[428.656s][info][gc,phases,start] GC(1363) Adjust Pointers
[429.012s][info][gc,phases      ] GC(1363) Adjust Pointers 356.238ms
[429.012s][info][gc,phases,start] GC(1363) Compaction Phase
[429.166s][info][gc,phases      ] GC(1363) Compaction Phase 154.001ms
[429.166s][info][gc,phases,start] GC(1363) Post Compact
[429.168s][info][gc,phases      ] GC(1363) Post Compact 2.226ms
[429.169s][info][gc,heap        ] GC(1363) PSYoungGen: 111616K(222720K)->40333K(222720K) Eden: 111616K(111616K)->40333K(111616K) From: 0K(111104K)->0K(111104K)
[429.169s][info][gc,heap        ] GC(1363) ParOldGen: 667333K(667648K)->667333K(667648K)
[429.169s][info][gc,metaspace   ] GC(1363) Metaspace: 18857K(19008K)->18857K(19008K) NonClass: 16193K(16256K)->16193K(16256K) Class: 2663K(2752K)->2663K(2752K)
[429.169s][info][gc             ] GC(1363) Pause Full (Allocation Failure) 760M->691M(869M) 1062.774ms
[429.169s][info][gc,cpu         ] GC(1363) User=2.07s Sys=0.00s Real=1.06s
[429.233s][info][gc,start       ] GC(1364) Pause Full (Allocation Failure)
[429.234s][info][gc,phases,start] GC(1364) Marking Phase
[429.769s][info][gc,phases      ] GC(1364) Marking Phase 535.196ms
[429.769s][info][gc,phases,start] GC(1364) Summary Phase
[429.769s][info][gc,phases      ] GC(1364) Summary Phase 0.024ms
[429.769s][info][gc,phases,start] GC(1364) Forward
[429.790s][info][gc,phases      ] GC(1364) Forward 20.720ms
[429.790s][info][gc,phases,start] GC(1364) Adjust Pointers
[430.146s][info][gc,phases      ] GC(1364) Adjust Pointers 356.568ms
[430.146s][info][gc,phases,start] GC(1364) Compaction Phase
[430.300s][info][gc,phases      ] GC(1364) Compaction Phase 154.081ms
[430.300s][info][gc,phases,start] GC(1364) Post Compact
[430.303s][info][gc,phases      ] GC(1364) Post Compact 2.269ms
[430.303s][info][gc,heap        ] GC(1364) PSYoungGen: 111616K(222720K)->42300K(222720K) Eden: 111616K(111616K)->42300K(111616K) From: 0K(111104K)->0K(111104K)
[430.303s][info][gc,heap        ] GC(1364) ParOldGen: 667333K(667648K)->667333K(667648K)
[430.303s][info][gc,metaspace   ] GC(1364) Metaspace: 18857K(19008K)->18857K(19008K) NonClass: 16193K(16256K)->16193K(16256K) Class: 2663K(2752K)->2663K(2752K)
[430.303s][info][gc             ] GC(1364) Pause Full (Allocation Failure) 760M->693M(869M) 1069.317ms
[430.303s][info][gc,cpu         ] GC(1364) User=2.08s Sys=0.00s Real=1.07s
[430.369s][info][gc,start       ] GC(1365) Pause Full (Allocation Failure)
[430.369s][info][gc,phases,start] GC(1365) Marking Phase
[430.918s][info][gc,phases      ] GC(1365) Marking Phase 548.747ms
[430.918s][info][gc,phases,start] GC(1365) Summary Phase
[430.918s][info][gc,phases      ] GC(1365) Summary Phase 0.023ms
[430.918s][info][gc,phases,start] GC(1365) Forward
[430.940s][info][gc,phases      ] GC(1365) Forward 21.611ms
[430.940s][info][gc,phases,start] GC(1365) Adjust Pointers
[431.300s][info][gc,phases      ] GC(1365) Adjust Pointers 360.339ms
[431.300s][info][gc,phases,start] GC(1365) Compaction Phase
[431.455s][info][gc,phases      ] GC(1365) Compaction Phase 154.325ms
[431.455s][info][gc,phases,start] GC(1365) Post Compact
[431.457s][info][gc,phases      ] GC(1365) Post Compact 2.228ms
[431.457s][info][gc,heap        ] GC(1365) PSYoungGen: 111616K(222720K)->42544K(222720K) Eden: 111616K(111616K)->42544K(111616K) From: 0K(111104K)->0K(111104K)
[431.457s][info][gc,heap        ] GC(1365) ParOldGen: 667333K(667648K)->667333K(667648K)
[431.457s][info][gc,metaspace   ] GC(1365) Metaspace: 18857K(19008K)->18857K(19008K) NonClass: 16194K(16256K)->16194K(16256K) Class: 2663K(2752K)->2663K(2752K)
[431.457s][info][gc             ] GC(1365) Pause Full (Allocation Failure) 760M->693M(869M) 1087.704ms
[431.457s][info][gc,cpu         ] GC(1365) User=2.11s Sys=0.00s Real=1.09s
[431.586s][info][gc,start       ] GC(1366) Pause Full (Allocation Failure)
[431.586s][info][gc,phases,start] GC(1366) Marking Phase
[432.129s][info][gc,phases      ] GC(1366) Marking Phase 543.148ms
[432.129s][info][gc,phases,start] GC(1366) Summary Phase
[432.129s][info][gc,phases      ] GC(1366) Summary Phase 0.023ms
[432.129s][info][gc,phases,start] GC(1366) Forward
[432.150s][info][gc,phases      ] GC(1366) Forward 21.300ms
[432.151s][info][gc,phases,start] GC(1366) Adjust Pointers
[432.511s][info][gc,phases      ] GC(1366) Adjust Pointers 359.990ms
[432.511s][info][gc,phases,start] GC(1366) Compaction Phase
[432.664s][info][gc,phases      ] GC(1366) Compaction Phase 153.843ms
[432.665s][info][gc,phases,start] GC(1366) Post Compact
[432.667s][info][gc,phases      ] GC(1366) Post Compact 2.333ms
[432.667s][info][gc,heap        ] GC(1366) PSYoungGen: 111616K(222720K)->42397K(222720K) Eden: 111616K(111616K)->42397K(111616K) From: 0K(111104K)->0K(111104K)
[432.667s][info][gc,heap        ] GC(1366) ParOldGen: 667333K(667648K)->667333K(667648K)
[432.667s][info][gc,metaspace   ] GC(1366) Metaspace: 18857K(19008K)->18857K(19008K) NonClass: 16194K(16256K)->16194K(16256K) Class: 2663K(2752K)->2663K(2752K)
[432.667s][info][gc             ] GC(1366) Pause Full (Allocation Failure) 760M->693M(869M) 1081.085ms
[432.667s][info][gc,cpu         ] GC(1366) User=2.10s Sys=0.00s Real=1.08s
[432.950s][info][gc,start       ] GC(1367) Pause Full (Allocation Failure)
[432.950s][info][gc,phases,start] GC(1367) Marking Phase
[433.373s][info][gc,phases      ] GC(1367) Marking Phase 422.045ms
[433.373s][info][gc,phases,start] GC(1367) Summary Phase
[433.373s][info][gc,phases      ] GC(1367) Summary Phase 0.026ms
[433.373s][info][gc,phases,start] GC(1367) Forward
[433.517s][info][gc,phases      ] GC(1367) Forward 144.537ms
[433.517s][info][gc,phases,start] GC(1367) Adjust Pointers
[433.837s][info][gc,phases      ] GC(1367) Adjust Pointers 320.035ms
[433.837s][info][gc,phases,start] GC(1367) Compaction Phase
[434.050s][info][gc,phases      ] GC(1367) Compaction Phase 212.467ms
[434.061s][info][gc,phases,start] GC(1367) Post Compact
[434.063s][info][gc,phases      ] GC(1367) Post Compact 2.269ms
[434.063s][info][gc,heap        ] GC(1367) PSYoungGen: 111616K(222720K)->0K(222720K) Eden: 111616K(111616K)->0K(111616K) From: 0K(111104K)->0K(111104K)
[434.063s][info][gc,heap        ] GC(1367) ParOldGen: 667333K(667648K)->578939K(667648K)
[434.063s][info][gc,metaspace   ] GC(1367) Metaspace: 18857K(19008K)->18857K(19008K) NonClass: 16194K(16256K)->16194K(16256K) Class: 2663K(2752K)->2663K(2752K)
[434.063s][info][gc             ] GC(1367) Pause Full (Allocation Failure) 760M->565M(869M) 1112.967ms
[434.063s][info][gc,cpu         ] GC(1367) User=2.13s Sys=0.00s Real=1.12s
[434.367s][info][gc,start       ] GC(1368) Pause Young (Allocation Failure)
[434.369s][info][gc,heap        ] GC(1368) PSYoungGen: 111616K(222720K)->216K(222720K) Eden: 111616K(111616K)->0K(111616K) From: 0K(111104K)->216K(111104K)
[434.369s][info][gc,heap        ] GC(1368) ParOldGen: 578939K(667648K)->578939K(667648K)
[434.370s][info][gc,metaspace   ] GC(1368) Metaspace: 18857K(19008K)->18857K(19008K) NonClass: 16194K(16256K)->16194K(16256K) Class: 2663K(2752K)->2663K(2752K)
[434.370s][info][gc             ] GC(1368) Pause Young (Allocation Failure) 674M->565M(869M) 2.141ms
[434.370s][info][gc,cpu         ] GC(1368) User=0.01s Sys=0.00s Real=0.00s
[434.618s][info][gc,start       ] GC(1369) Pause Young (Allocation Failure)
[434.641s][info][gc,heap        ] GC(1369) PSYoungGen: 111832K(222720K)->21280K(222720K) Eden: 111616K(111616K)->0K(111616K) From: 216K(111104K)->21280K(111104K)
[434.641s][info][gc,heap        ] GC(1369) ParOldGen: 578939K(667648K)->579116K(667648K)
[434.641s][info][gc,metaspace   ] GC(1369) Metaspace: 18857K(19008K)->18857K(19008K) NonClass: 16194K(16256K)->16194K(16256K) Class: 2663K(2752K)->2663K(2752K)
[434.641s][info][gc             ] GC(1369) Pause Young (Allocation Failure) 674M->586M(869M) 22.558ms
[434.641s][info][gc,cpu         ] GC(1369) User=0.04s Sys=0.00s Real=0.03s
[434.852s][info][gc,start       ] GC(1370) Pause Young (Allocation Failure)
[434.875s][info][gc,heap        ] GC(1370) PSYoungGen: 132896K(222720K)->32K(222720K) Eden: 111616K(111616K)->0K(111616K) From: 21280K(111104K)->32K(111104K)
[434.875s][info][gc,heap        ] GC(1370) ParOldGen: 579116K(667648K)->600436K(667648K)
[434.875s][info][gc,metaspace   ] GC(1370) Metaspace: 18857K(19008K)->18857K(19008K) NonClass: 16194K(16256K)->16194K(16256K) Class: 2663K(2752K)->2663K(2752K)
[434.875s][info][gc             ] GC(1370) Pause Young (Allocation Failure) 695M->586M(869M) 22.688ms
[434.875s][info][gc,cpu         ] GC(1370) User=0.05s Sys=0.00s Real=0.02s
[435.089s][info][gc,start       ] GC(1371) Pause Young (Allocation Failure)
[435.091s][info][gc,heap        ] GC(1371) PSYoungGen: 111648K(222720K)->64K(222720K) Eden: 111616K(111616K)->0K(111616K) From: 32K(111104K)->64K(111104K)
[435.091s][info][gc,heap        ] GC(1371) ParOldGen: 600436K(667648K)->600436K(667648K)
[435.091s][info][gc,metaspace   ] GC(1371) Metaspace: 18857K(19008K)->18857K(19008K) NonClass: 16194K(16256K)->16194K(16256K) Class: 2663K(2752K)->2663K(2752K)
[435.091s][info][gc             ] GC(1371) Pause Young (Allocation Failure) 695M->586M(869M) 1.781ms
[435.091s][info][gc,cpu         ] GC(1371) User=0.01s Sys=0.00s Real=0.01s
[435.874s][info][gc,start       ] GC(1372) Pause Young (Allocation Failure)
[435.877s][info][gc,heap        ] GC(1372) PSYoungGen: 111680K(222720K)->452K(112128K) Eden: 111616K(111616K)->0K(111616K) From: 64K(111104K)->452K(512K)
[435.877s][info][gc,heap        ] GC(1372) ParOldGen: 600436K(667648K)->600460K(667648K)
[435.877s][info][gc,metaspace   ] GC(1372) Metaspace: 18858K(19008K)->18858K(19008K) NonClass: 16195K(16256K)->16195K(16256K) Class: 2663K(2752K)->2663K(2752K)
[435.877s][info][gc             ] GC(1372) Pause Young (Allocation Failure) 695M->586M(761M) 3.032ms
[435.877s][info][gc,cpu         ] GC(1372) User=0.00s Sys=0.00s Real=0.00s
[436.378s][info][gc,start       ] GC(1373) Pause Young (Allocation Failure)
[436.382s][info][gc,heap        ] GC(1373) PSYoungGen: 112068K(112128K)->900K(218624K) Eden: 111616K(111616K)->0K(113664K) From: 452K(512K)->900K(104960K)
[436.382s][info][gc,heap        ] GC(1373) ParOldGen: 600460K(667648K)->600460K(667648K)
[436.382s][info][gc,metaspace   ] GC(1373) Metaspace: 18858K(19008K)->18858K(19008K) NonClass: 16195K(16256K)->16195K(16256K) Class: 2663K(2752K)->2663K(2752K)
[436.382s][info][gc             ] GC(1373) Pause Young (Allocation Failure) 695M->587M(865M) 4.087ms
[436.382s][info][gc,cpu         ] GC(1373) User=0.01s Sys=0.00s Real=0.01s
[436.984s][info][gc,start       ] GC(1374) Pause Young (Allocation Failure)
[436.989s][info][gc,heap        ] GC(1374) PSYoungGen: 114509K(218624K)->2272K(116224K) Eden: 113608K(113664K)->0K(113664K) From: 900K(104960K)->2272K(2560K)
[436.989s][info][gc,heap        ] GC(1374) ParOldGen: 600460K(667648K)->600460K(667648K)
[436.989s][info][gc,metaspace   ] GC(1374) Metaspace: 18863K(19008K)->18863K(19008K) NonClass: 16200K(16256K)->16200K(16256K) Class: 2663K(2752K)->2663K(2752K)
[436.989s][info][gc             ] GC(1374) Pause Young (Allocation Failure) 698M->588M(765M) 5.431ms
[436.990s][info][gc,cpu         ] GC(1374) User=0.01s Sys=0.00s Real=0.00s
[437.251s][info][gc,start       ] GC(1375) Pause Young (Allocation Failure)
[437.256s][info][gc,heap        ] GC(1375) PSYoungGen: 115851K(116224K)->2398K(208896K) Eden: 113579K(113664K)->0K(115200K) From: 2272K(2560K)->2398K(93696K)
[437.256s][info][gc,heap        ] GC(1375) ParOldGen: 600460K(667648K)->600460K(667648K)
[437.256s][info][gc,metaspace   ] GC(1375) Metaspace: 18863K(19008K)->18863K(19008K) NonClass: 16200K(16256K)->16200K(16256K) Class: 2663K(2752K)->2663K(2752K)
[437.256s][info][gc             ] GC(1375) Pause Young (Allocation Failure) 699M->588M(856M) 5.209ms
[437.256s][info][gc,cpu         ] GC(1375) User=0.01s Sys=0.01s Real=0.00s
[437.532s][info][gc,start       ] GC(1376) Pause Young (Allocation Failure)
[437.537s][info][gc,heap        ] GC(1376) PSYoungGen: 117598K(208896K)->2292K(117760K) Eden: 115200K(115200K)->0K(115200K) From: 2398K(93696K)->2292K(2560K)
[437.537s][info][gc,heap        ] GC(1376) ParOldGen: 600460K(667648K)->600460K(667648K)
[437.537s][info][gc,metaspace   ] GC(1376) Metaspace: 18863K(19008K)->18863K(19008K) NonClass: 16200K(16256K)->16200K(16256K) Class: 2663K(2752K)->2663K(2752K)
[437.537s][info][gc             ] GC(1376) Pause Young (Allocation Failure) 701M->588M(767M) 5.224ms
[437.537s][info][gc,cpu         ] GC(1376) User=0.00s Sys=0.00s Real=0.00s
[437.799s][info][gc,start       ] GC(1377) Pause Young (Allocation Failure)
[437.806s][info][gc,heap        ] GC(1377) PSYoungGen: 117492K(117760K)->3284K(200192K) Eden: 115200K(115200K)->0K(116224K) From: 2292K(2560K)->3284K(83968K)
[437.806s][info][gc,heap        ] GC(1377) ParOldGen: 600460K(667648K)->600460K(667648K)
[437.806s][info][gc,metaspace   ] GC(1377) Metaspace: 18865K(19072K)->18865K(19072K) NonClass: 16202K(16320K)->16202K(16320K) Class: 2663K(2752K)->2663K(2752K)
[437.806s][info][gc             ] GC(1377) Pause Young (Allocation Failure) 701M->589M(847M) 6.624ms
[437.806s][info][gc,cpu         ] GC(1377) User=0.01s Sys=0.00s Real=0.01s
[437.884s][info][gc,start       ] GC(1378) Pause Young (Allocation Failure)
[437.933s][info][gc,heap        ] GC(1378) PSYoungGen: 119508K(200192K)->54132K(204800K) Eden: 116224K(116224K)->0K(116224K) From: 3284K(83968K)->54132K(88576K)
[437.933s][info][gc,heap        ] GC(1378) ParOldGen: 600460K(667648K)->600460K(667648K)
[437.933s][info][gc,metaspace   ] GC(1378) Metaspace: 18866K(19072K)->18866K(19072K) NonClass: 16203K(16320K)->16203K(16320K) Class: 2663K(2752K)->2663K(2752K)
[437.933s][info][gc             ] GC(1378) Pause Young (Allocation Failure) 703M->639M(852M) 49.066ms
[437.933s][info][gc,cpu         ] GC(1378) User=0.10s Sys=0.00s Real=0.05s
[438.028s][info][gc,start       ] GC(1379) Pause Young (Allocation Failure)
[438.104s][info][gc,heap        ] GC(1379) PSYoungGen: 170356K(204800K)->93620K(197632K) Eden: 116224K(116224K)->0K(102912K) From: 54132K(88576K)->93620K(94720K)
[438.104s][info][gc,heap        ] GC(1379) ParOldGen: 600460K(667648K)->600460K(667648K)
[438.104s][info][gc,metaspace   ] GC(1379) Metaspace: 18871K(19072K)->18871K(19072K) NonClass: 16208K(16320K)->16208K(16320K) Class: 2663K(2752K)->2663K(2752K)
[438.104s][info][gc             ] GC(1379) Pause Young (Allocation Failure) 752M->677M(845M) 75.425ms
[438.104s][info][gc,cpu         ] GC(1379) User=0.14s Sys=0.01s Real=0.08s
[438.208s][info][gc,start       ] GC(1380) Pause Young (Allocation Failure)
[438.297s][info][gc,heap        ] GC(1380) PSYoungGen: 196532K(197632K)->111088K(214016K) Eden: 102912K(102912K)->0K(102912K) From: 93620K(94720K)->111088K(111104K)
[438.297s][info][gc,heap        ] GC(1380) ParOldGen: 600460K(667648K)->615216K(667648K)
[438.297s][info][gc,metaspace   ] GC(1380) Metaspace: 18871K(19072K)->18871K(19072K) NonClass: 16208K(16320K)->16208K(16320K) Class: 2663K(2752K)->2663K(2752K)
[438.297s][info][gc             ] GC(1380) Pause Young (Allocation Failure) 778M->709M(861M) 88.592ms
[438.297s][info][gc,cpu         ] GC(1380) User=0.17s Sys=0.00s Real=0.09s
[438.441s][info][gc,start       ] GC(1381) Pause Young (Allocation Failure)
[438.559s][info][gc,heap        ] GC(1381) PSYoungGen: 214000K(214016K)->111088K(219648K) Eden: 102912K(102912K)->0K(108544K) From: 111088K(111104K)->111088K(111104K)
[438.559s][info][gc,heap        ] GC(1381) ParOldGen: 615216K(667648K)->651569K(667648K)
[438.559s][info][gc,metaspace   ] GC(1381) Metaspace: 18871K(19072K)->18871K(19072K) NonClass: 16208K(16320K)->16208K(16320K) Class: 2663K(2752K)->2663K(2752K)
[438.559s][info][gc             ] GC(1381) Pause Young (Allocation Failure) 809M->744M(866M) 118.064ms
[438.559s][info][gc,cpu         ] GC(1381) User=0.21s Sys=0.02s Real=0.11s
[438.699s][info][gc,start       ] GC(1382) Pause Full (Allocation Failure)
[438.699s][info][gc,phases,start] GC(1382) Marking Phase
[438.831s][info][gc,phases      ] GC(1382) Marking Phase 132.068ms
[438.831s][info][gc,phases,start] GC(1382) Summary Phase
[438.831s][info][gc,phases      ] GC(1382) Summary Phase 0.028ms
[438.831s][info][gc,phases,start] GC(1382) Forward
[438.875s][info][gc,phases      ] GC(1382) Forward 43.412ms
[438.875s][info][gc,phases,start] GC(1382) Adjust Pointers
[438.966s][info][gc,phases      ] GC(1382) Adjust Pointers 91.009ms
[438.966s][info][gc,phases,start] GC(1382) Compaction Phase
[439.032s][info][gc,phases      ] GC(1382) Compaction Phase 65.862ms
[439.034s][info][gc,phases,start] GC(1382) Post Compact
[439.037s][info][gc,phases      ] GC(1382) Post Compact 2.517ms
[439.047s][info][gc,heap        ] GC(1382) PSYoungGen: 219632K(219648K)->0K(219648K) Eden: 108544K(108544K)->0K(108544K) From: 111088K(111104K)->0K(111104K)
[439.047s][info][gc,heap        ] GC(1382) ParOldGen: 651569K(667648K)->219191K(540672K)
[439.047s][info][gc,metaspace   ] GC(1382) Metaspace: 18882K(19136K)->18882K(19136K) NonClass: 16219K(16384K)->16219K(16384K) Class: 2663K(2752K)->2663K(2752K)
[439.047s][info][gc             ] GC(1382) Pause Full (Allocation Failure) 850M->214M(742M) 348.195ms
[439.047s][info][gc,cpu         ] GC(1382) User=0.63s Sys=0.01s Real=0.35s
[439.167s][info][gc,start       ] GC(1383) Pause Young (Allocation Failure)
[439.192s][info][gc,heap        ] GC(1383) PSYoungGen: 108544K(219648K)->8050K(222720K) Eden: 108544K(108544K)->0K(111616K) From: 0K(111104K)->8050K(111104K)
[439.192s][info][gc,heap        ] GC(1383) ParOldGen: 219191K(540672K)->219191K(540672K)
[439.192s][info][gc,metaspace   ] GC(1383) Metaspace: 18882K(19136K)->18882K(19136K) NonClass: 16219K(16384K)->16219K(16384K) Class: 2663K(2752K)->2663K(2752K)
[439.192s][info][gc             ] GC(1383) Pause Young (Allocation Failure) 320M->221M(745M) 24.634ms
[439.192s][info][gc,cpu         ] GC(1383) User=0.03s Sys=0.00s Real=0.03s
[439.366s][info][gc,start       ] GC(1384) Pause Young (Allocation Failure)
[439.415s][info][gc,heap        ] GC(1384) PSYoungGen: 119666K(222720K)->33074K(222720K) Eden: 111616K(111616K)->0K(111616K) From: 8050K(111104K)->33074K(111104K)
[439.415s][info][gc,heap        ] GC(1384) ParOldGen: 219191K(540672K)->219191K(540672K)
[439.415s][info][gc,metaspace   ] GC(1384) Metaspace: 18882K(19136K)->18882K(19136K) NonClass: 16219K(16384K)->16219K(16384K) Class: 2663K(2752K)->2663K(2752K)
[439.416s][info][gc             ] GC(1384) Pause Young (Allocation Failure) 330M->246M(745M) 49.856ms
[439.416s][info][gc,cpu         ] GC(1384) User=0.09s Sys=0.01s Real=0.05s
[439.529s][info][gc,start       ] GC(1385) Pause Young (Allocation Failure)
[439.574s][info][gc,heap        ] GC(1385) PSYoungGen: 144690K(222720K)->35387K(222720K) Eden: 111616K(111616K)->0K(111616K) From: 33074K(111104K)->35387K(111104K)
[439.574s][info][gc,heap        ] GC(1385) ParOldGen: 219191K(540672K)->219191K(540672K)
[439.574s][info][gc,metaspace   ] GC(1385) Metaspace: 18882K(19136K)->18882K(19136K) NonClass: 16219K(16384K)->16219K(16384K) Class: 2663K(2752K)->2663K(2752K)
[439.574s][info][gc             ] GC(1385) Pause Young (Allocation Failure) 355M->248M(745M) 44.712ms
[439.574s][info][gc,cpu         ] GC(1385) User=0.08s Sys=0.00s Real=0.05s
[439.675s][info][gc,start       ] GC(1386) Pause Young (Allocation Failure)
[439.730s][info][gc,heap        ] GC(1386) PSYoungGen: 147003K(222720K)->10880K(222720K) Eden: 111616K(111616K)->0K(111616K) From: 35387K(111104K)->10880K(111104K)
[439.730s][info][gc,heap        ] GC(1386) ParOldGen: 219191K(540672K)->252236K(540672K)
[439.730s][info][gc,metaspace   ] GC(1386) Metaspace: 18882K(19136K)->18882K(19136K) NonClass: 16219K(16384K)->16219K(16384K) Class: 2663K(2752K)->2663K(2752K)
[439.730s][info][gc             ] GC(1386) Pause Young (Allocation Failure) 357M->256M(745M) 54.284ms
[439.730s][info][gc,cpu         ] GC(1386) User=0.11s Sys=0.00s Real=0.05s
[439.813s][info][gc,start       ] GC(1387) Pause Young (Allocation Failure)
[439.846s][info][gc,heap        ] GC(1387) PSYoungGen: 122496K(222720K)->20512K(222720K) Eden: 111616K(111616K)->0K(111616K) From: 10880K(111104K)->20512K(111104K)
[439.846s][info][gc,heap        ] GC(1387) ParOldGen: 252236K(540672K)->263108K(540672K)
[439.846s][info][gc,metaspace   ] GC(1387) Metaspace: 18882K(19136K)->18882K(19136K) NonClass: 16219K(16384K)->16219K(16384K) Class: 2663K(2752K)->2663K(2752K)
[439.846s][info][gc             ] GC(1387) Pause Young (Allocation Failure) 365M->276M(745M) 33.044ms
[439.846s][info][gc,cpu         ] GC(1387) User=0.06s Sys=0.00s Real=0.03s
[439.914s][info][gc,start       ] GC(1388) Pause Young (Allocation Failure)
[439.956s][info][gc,heap        ] GC(1388) PSYoungGen: 132128K(222720K)->26224K(222720K) Eden: 111616K(111616K)->0K(111616K) From: 20512K(111104K)->26224K(111104K)
[439.957s][info][gc,heap        ] GC(1388) ParOldGen: 263108K(540672K)->283660K(540672K)
[439.957s][info][gc,metaspace   ] GC(1388) Metaspace: 18889K(19136K)->18889K(19136K) NonClass: 16226K(16384K)->16226K(16384K) Class: 2663K(2752K)->2663K(2752K)
[439.957s][info][gc             ] GC(1388) Pause Young (Allocation Failure) 385M->302M(745M) 42.169ms
[439.957s][info][gc,cpu         ] GC(1388) User=0.09s Sys=0.00s Real=0.04s
[440.063s][info][gc,start       ] GC(1389) Pause Young (Allocation Failure)
[440.098s][info][gc,heap        ] GC(1389) PSYoungGen: 137840K(222720K)->15075K(222720K) Eden: 111616K(111616K)->0K(111616K) From: 26224K(111104K)->15075K(111104K)
[440.098s][info][gc,heap        ] GC(1389) ParOldGen: 283660K(540672K)->310026K(540672K)
[440.098s][info][gc,metaspace   ] GC(1389) Metaspace: 18889K(19136K)->18889K(19136K) NonClass: 16226K(16384K)->16226K(16384K) Class: 2663K(2752K)->2663K(2752K)
[440.098s][info][gc             ] GC(1389) Pause Young (Allocation Failure) 411M->317M(745M) 35.315ms
[440.098s][info][gc,cpu         ] GC(1389) User=0.07s Sys=0.00s Real=0.03s
[440.171s][info][gc,start       ] GC(1390) Pause Young (Allocation Failure)
[440.201s][info][gc,heap        ] GC(1390) PSYoungGen: 126691K(222720K)->9728K(222720K) Eden: 111616K(111616K)->0K(111616K) From: 15075K(111104K)->9728K(111104K)
[440.201s][info][gc,heap        ] GC(1390) ParOldGen: 310026K(540672K)->325090K(540672K)
[440.201s][info][gc,metaspace   ] GC(1390) Metaspace: 18889K(19136K)->18889K(19136K) NonClass: 16226K(16384K)->16226K(16384K) Class: 2663K(2752K)->2663K(2752K)
[440.201s][info][gc             ] GC(1390) Pause Young (Allocation Failure) 426M->326M(745M) 30.316ms
[440.201s][info][gc,cpu         ] GC(1390) User=0.06s Sys=0.00s Real=0.03s
[440.285s][info][gc,start       ] GC(1391) Pause Young (Allocation Failure)
[440.301s][info][gc,heap        ] GC(1391) PSYoungGen: 121344K(222720K)->3456K(222720K) Eden: 111616K(111616K)->0K(111616K) From: 9728K(111104K)->3456K(111104K)
[440.301s][info][gc,heap        ] GC(1391) ParOldGen: 325090K(540672K)->334802K(540672K)
[440.301s][info][gc,metaspace   ] GC(1391) Metaspace: 18889K(19136K)->18889K(19136K) NonClass: 16226K(16384K)->16226K(16384K) Class: 2663K(2752K)->2663K(2752K)
[440.302s][info][gc             ] GC(1391) Pause Young (Allocation Failure) 435M->330M(745M) 16.350ms
[440.302s][info][gc,cpu         ] GC(1391) User=0.04s Sys=0.00s Real=0.02s
[440.386s][info][gc,start       ] GC(1392) Pause Young (Allocation Failure)
[440.394s][info][gc,heap        ] GC(1392) PSYoungGen: 115072K(222720K)->896K(112640K) Eden: 111616K(111616K)->0K(111616K) From: 3456K(111104K)->896K(1024K)
[440.394s][info][gc,heap        ] GC(1392) ParOldGen: 334802K(540672K)->338226K(540672K)
[440.394s][info][gc,metaspace   ] GC(1392) Metaspace: 18889K(19136K)->18889K(19136K) NonClass: 16226K(16384K)->16226K(16384K) Class: 2663K(2752K)->2663K(2752K)
[440.394s][info][gc             ] GC(1392) Pause Young (Allocation Failure) 439M->331M(638M) 7.350ms
[440.394s][info][gc,cpu         ] GC(1392) User=0.02s Sys=0.00s Real=0.01s
[440.478s][info][gc,start       ] GC(1393) Pause Young (Allocation Failure)
[440.485s][info][gc,heap        ] GC(1393) PSYoungGen: 112512K(112640K)->4576K(222208K) Eden: 111616K(111616K)->0K(116224K) From: 896K(1024K)->4576K(105984K)
[440.485s][info][gc,heap        ] GC(1393) ParOldGen: 338226K(540672K)->338226K(540672K)
[440.485s][info][gc,metaspace   ] GC(1393) Metaspace: 18889K(19136K)->18889K(19136K) NonClass: 16226K(16384K)->16226K(16384K) Class: 2663K(2752K)->2663K(2752K)
[440.485s][info][gc             ] GC(1393) Pause Young (Allocation Failure) 440M->334M(745M) 6.741ms
[440.485s][info][gc,cpu         ] GC(1393) User=0.01s Sys=0.01s Real=0.01s
[440.675s][info][gc,start       ] GC(1394) Pause Young (Allocation Failure)
[440.685s][info][gc,heap        ] GC(1394) PSYoungGen: 120800K(222208K)->7136K(123392K) Eden: 116224K(116224K)->0K(116224K) From: 4576K(105984K)->7136K(7168K)
[440.685s][info][gc,heap        ] GC(1394) ParOldGen: 338226K(540672K)->338226K(540672K)
[440.685s][info][gc,metaspace   ] GC(1394) Metaspace: 18889K(19136K)->18889K(19136K) NonClass: 16226K(16384K)->16226K(16384K) Class: 2663K(2752K)->2663K(2752K)
[440.685s][info][gc             ] GC(1394) Pause Young (Allocation Failure) 448M->337M(648M) 9.756ms
[440.685s][info][gc,cpu         ] GC(1394) User=0.02s Sys=0.00s Real=0.01s
[441.018s][info][gc,start       ] GC(1395) Pause Young (Allocation Failure)
[441.029s][info][gc,heap        ] GC(1395) PSYoungGen: 123360K(123392K)->7360K(208384K) Eden: 116224K(116224K)->0K(119808K) From: 7136K(7168K)->7360K(88576K)
[441.029s][info][gc,heap        ] GC(1395) ParOldGen: 338226K(540672K)->338226K(540672K)
[441.029s][info][gc,metaspace   ] GC(1395) Metaspace: 18890K(19136K)->18890K(19136K) NonClass: 16227K(16384K)->16227K(16384K) Class: 2663K(2752K)->2663K(2752K)
[441.029s][info][gc             ] GC(1395) Pause Young (Allocation Failure) 450M->337M(731M) 11.385ms
[441.029s][info][gc,cpu         ] GC(1395) User=0.02s Sys=0.00s Real=0.01s
[441.151s][info][gc,start       ] GC(1396) Pause Young (Allocation Failure)
[441.204s][info][gc,heap        ] GC(1396) PSYoungGen: 127168K(208384K)->57168K(214528K) Eden: 119808K(119808K)->0K(119808K) From: 7360K(88576K)->57168K(94720K)
[441.204s][info][gc,heap        ] GC(1396) ParOldGen: 338226K(540672K)->338226K(540672K)
[441.204s][info][gc,metaspace   ] GC(1396) Metaspace: 18892K(19136K)->18892K(19136K) NonClass: 16229K(16384K)->16229K(16384K) Class: 2663K(2752K)->2663K(2752K)
[441.204s][info][gc             ] GC(1396) Pause Young (Allocation Failure) 454M->386M(737M) 53.122ms
[441.204s][info][gc,cpu         ] GC(1396) User=0.10s Sys=0.00s Real=0.05s
[441.397s][info][gc,start       ] GC(1397) Pause Young (Allocation Failure)
[441.479s][info][gc,heap        ] GC(1397) PSYoungGen: 176976K(214528K)->84896K(212480K) Eden: 119808K(119808K)->0K(111616K) From: 57168K(94720K)->84896K(100864K)
[441.479s][info][gc,heap        ] GC(1397) ParOldGen: 338226K(540672K)->338226K(540672K)
[441.479s][info][gc,metaspace   ] GC(1397) Metaspace: 18893K(19136K)->18893K(19136K) NonClass: 16230K(16384K)->16230K(16384K) Class: 2663K(2752K)->2663K(2752K)
[441.479s][info][gc             ] GC(1397) Pause Young (Allocation Failure) 503M->413M(735M) 82.067ms
[441.479s][info][gc,cpu         ] GC(1397) User=0.16s Sys=0.00s Real=0.08s
[441.590s][info][gc,start       ] GC(1398) Pause Young (Allocation Failure)
[441.674s][info][gc,heap        ] GC(1398) PSYoungGen: 196512K(212480K)->83712K(222720K) Eden: 111616K(111616K)->0K(111616K) From: 84896K(100864K)->83712K(111104K)
[441.674s][info][gc,heap        ] GC(1398) ParOldGen: 338226K(540672K)->342794K(540672K)
[441.674s][info][gc,metaspace   ] GC(1398) Metaspace: 18893K(19136K)->18893K(19136K) NonClass: 16230K(16384K)->16230K(16384K) Class: 2663K(2752K)->2663K(2752K)
[441.674s][info][gc             ] GC(1398) Pause Young (Allocation Failure) 522M->416M(745M) 83.906ms
[441.674s][info][gc,cpu         ] GC(1398) User=0.16s Sys=0.00s Real=0.09s
[441.799s][info][gc,start       ] GC(1399) Pause Young (Allocation Failure)
[441.877s][info][gc,heap        ] GC(1399) PSYoungGen: 195328K(222720K)->82192K(222720K) Eden: 111616K(111616K)->0K(111616K) From: 83712K(111104K)->82192K(111104K)
[441.877s][info][gc,heap        ] GC(1399) ParOldGen: 342794K(540672K)->345585K(540672K)
[441.877s][info][gc,metaspace   ] GC(1399) Metaspace: 18893K(19136K)->18893K(19136K) NonClass: 16230K(16384K)->16230K(16384K) Class: 2663K(2752K)->2663K(2752K)
[441.877s][info][gc             ] GC(1399) Pause Young (Allocation Failure) 525M->417M(745M) 77.622ms
[441.877s][info][gc,cpu         ] GC(1399) User=0.15s Sys=0.00s Real=0.08s
[442.074s][info][gc,start       ] GC(1400) Pause Young (Allocation Failure)
[442.151s][info][gc,heap        ] GC(1400) PSYoungGen: 193808K(222720K)->5472K(222720K) Eden: 111616K(111616K)->0K(111616K) From: 82192K(111104K)->5472K(111104K)
[442.151s][info][gc,heap        ] GC(1400) ParOldGen: 345585K(540672K)->423436K(540672K)
[442.151s][info][gc,metaspace   ] GC(1400) Metaspace: 18895K(19136K)->18895K(19136K) NonClass: 16231K(16384K)->16231K(16384K) Class: 2663K(2752K)->2663K(2752K)
[442.151s][info][gc             ] GC(1400) Pause Young (Allocation Failure) 526M->418M(745M) 77.528ms
[442.151s][info][gc,cpu         ] GC(1400) User=0.16s Sys=0.00s Real=0.08s
[442.368s][info][gc,start       ] GC(1401) Pause Young (Allocation Failure)
[442.377s][info][gc,heap        ] GC(1401) PSYoungGen: 117088K(222720K)->1088K(222720K) Eden: 111616K(111616K)->0K(111616K) From: 5472K(111104K)->1088K(111104K)
[442.377s][info][gc,heap        ] GC(1401) ParOldGen: 423436K(540672K)->427932K(540672K)
[442.377s][info][gc,metaspace   ] GC(1401) Metaspace: 18898K(19136K)->18898K(19136K) NonClass: 16235K(16384K)->16235K(16384K) Class: 2663K(2752K)->2663K(2752K)
[442.377s][info][gc             ] GC(1401) Pause Young (Allocation Failure) 527M->418M(745M) 9.336ms
[442.377s][info][gc,cpu         ] GC(1401) User=0.02s Sys=0.00s Real=0.01s
[442.600s][info][gc,start       ] GC(1402) Pause Young (Allocation Failure)
[442.634s][info][gc,heap        ] GC(1402) PSYoungGen: 112704K(222720K)->31680K(222720K) Eden: 111616K(111616K)->0K(111616K) From: 1088K(111104K)->31680K(111104K)
[442.634s][info][gc,heap        ] GC(1402) ParOldGen: 427932K(540672K)->428996K(540672K)
[442.634s][info][gc,metaspace   ] GC(1402) Metaspace: 18898K(19136K)->18898K(19136K) NonClass: 16235K(16384K)->16235K(16384K) Class: 2663K(2752K)->2663K(2752K)
[442.634s][info][gc             ] GC(1402) Pause Young (Allocation Failure) 527M->449M(745M) 33.908ms
[442.634s][info][gc,cpu         ] GC(1402) User=0.07s Sys=0.00s Real=0.04s
[442.800s][info][gc,start       ] GC(1403) Pause Young (Allocation Failure)
[442.865s][info][gc,heap        ] GC(1403) PSYoungGen: 143296K(222720K)->37347K(222720K) Eden: 111616K(111616K)->0K(111616K) From: 31680K(111104K)->37347K(111104K)
[442.865s][info][gc,heap        ] GC(1403) ParOldGen: 428996K(540672K)->460745K(540672K)
[442.865s][info][gc,metaspace   ] GC(1403) Metaspace: 18898K(19136K)->18898K(19136K) NonClass: 16235K(16384K)->16235K(16384K) Class: 2663K(2752K)->2663K(2752K)
[442.865s][info][gc             ] GC(1403) Pause Young (Allocation Failure) 558M->486M(745M) 64.274ms
[442.865s][info][gc,cpu         ] GC(1403) User=0.13s Sys=0.00s Real=0.07s
[442.960s][info][gc,start       ] GC(1404) Pause Young (Allocation Failure)
[443.024s][info][gc,heap        ] GC(1404) PSYoungGen: 148963K(222720K)->32052K(143872K) Eden: 111616K(111616K)->0K(111616K) From: 37347K(111104K)->32052K(32256K)
[443.024s][info][gc,heap        ] GC(1404) ParOldGen: 460745K(540672K)->498294K(540672K)
[443.024s][info][gc,metaspace   ] GC(1404) Metaspace: 18899K(19136K)->18899K(19136K) NonClass: 16235K(16384K)->16235K(16384K) Class: 2663K(2752K)->2663K(2752K)
[443.024s][info][gc             ] GC(1404) Pause Young (Allocation Failure) 595M->517M(668M) 64.382ms
[443.024s][info][gc,cpu         ] GC(1404) User=0.13s Sys=0.00s Real=0.07s
[443.079s][info][gc,start       ] GC(1405) Pause Young (Allocation Failure)
[443.158s][info][gc,heap        ] GC(1405) PSYoungGen: 143668K(143872K)->81268K(209408K) Eden: 111616K(111616K)->0K(104960K) From: 32052K(32256K)->81268K(104448K)
[443.158s][info][gc,heap        ] GC(1405) ParOldGen: 498294K(540672K)->498294K(540672K)
[443.158s][info][gc,metaspace   ] GC(1405) Metaspace: 18899K(19136K)->18899K(19136K) NonClass: 16235K(16384K)->16235K(16384K) Class: 2663K(2752K)->2663K(2752K)
[443.158s][info][gc             ] GC(1405) Pause Young (Allocation Failure) 626M->565M(732M) 78.929ms
[443.158s][info][gc,cpu         ] GC(1405) User=0.16s Sys=0.00s Real=0.08s
[443.246s][info][gc,start       ] GC(1406) Pause Young (Allocation Failure)
[443.361s][info][gc,heap        ] GC(1406) PSYoungGen: 186228K(209408K)->16384K(216064K) Eden: 104960K(104960K)->0K(104960K) From: 81268K(104448K)->16384K(111104K)
[443.361s][info][gc,heap        ] GC(1406) ParOldGen: 498294K(540672K)->579804K(580096K)
[443.361s][info][gc,metaspace   ] GC(1406) Metaspace: 18899K(19136K)->18899K(19136K) NonClass: 16235K(16384K)->16235K(16384K) Class: 2663K(2752K)->2663K(2752K)
[443.361s][info][gc             ] GC(1406) Pause Young (Allocation Failure) 668M->582M(777M) 115.145ms
[443.361s][info][gc,cpu         ] GC(1406) User=0.18s Sys=0.04s Real=0.12s
[443.494s][info][gc,start       ] GC(1407) Pause Young (Allocation Failure)
[443.514s][info][gc,heap        ] GC(1407) PSYoungGen: 121344K(216064K)->19940K(213504K) Eden: 104960K(104960K)->0K(111616K) From: 16384K(111104K)->19940K(101888K)
[443.514s][info][gc,heap        ] GC(1407) ParOldGen: 579804K(580096K)->579804K(580096K)
[443.514s][info][gc,metaspace   ] GC(1407) Metaspace: 18901K(19136K)->18901K(19136K) NonClass: 16238K(16384K)->16238K(16384K) Class: 2663K(2752K)->2663K(2752K)
[443.514s][info][gc             ] GC(1407) Pause Young (Allocation Failure) 684M->585M(775M) 20.101ms
[443.514s][info][gc,cpu         ] GC(1407) User=0.04s Sys=0.00s Real=0.02s
[443.649s][info][gc,start       ] GC(1408) Pause Young (Allocation Failure)
[443.681s][info][gc,heap        ] GC(1408) PSYoungGen: 131556K(213504K)->32820K(218112K) Eden: 111616K(111616K)->0K(111616K) From: 19940K(101888K)->32820K(106496K)
[443.682s][info][gc,heap        ] GC(1408) ParOldGen: 579804K(580096K)->579804K(580096K)
[443.682s][info][gc,metaspace   ] GC(1408) Metaspace: 18901K(19136K)->18901K(19136K) NonClass: 16238K(16384K)->16238K(16384K) Class: 2663K(2752K)->2663K(2752K)
[443.682s][info][gc             ] GC(1408) Pause Young (Allocation Failure) 694M->598M(779M) 32.137ms
[443.682s][info][gc,cpu         ] GC(1408) User=0.06s Sys=0.00s Real=0.04s
[443.791s][info][gc,start       ] GC(1409) Pause Young (Allocation Failure)
[443.836s][info][gc,heap        ] GC(1409) PSYoungGen: 144436K(218112K)->52180K(217600K) Eden: 111616K(111616K)->0K(118272K) From: 32820K(106496K)->52180K(99328K)
[443.836s][info][gc,heap        ] GC(1409) ParOldGen: 579804K(580096K)->579804K(580096K)
[443.836s][info][gc,metaspace   ] GC(1409) Metaspace: 18901K(19136K)->18901K(19136K) NonClass: 16238K(16384K)->16238K(16384K) Class: 2663K(2752K)->2663K(2752K)
[443.836s][info][gc             ] GC(1409) Pause Young (Allocation Failure) 707M->617M(779M) 45.123ms
[443.836s][info][gc,cpu         ] GC(1409) User=0.09s Sys=0.00s Real=0.04s
[443.898s][info][gc,start       ] GC(1410) Pause Young (Allocation Failure)
[443.972s][info][gc,heap        ] GC(1410) PSYoungGen: 170452K(217600K)->95300K(218112K) Eden: 118272K(118272K)->0K(118272K) From: 52180K(99328K)->95300K(99840K)
[443.972s][info][gc,heap        ] GC(1410) ParOldGen: 579804K(580096K)->579804K(580096K)
[443.972s][info][gc,metaspace   ] GC(1410) Metaspace: 18901K(19136K)->18901K(19136K) NonClass: 16238K(16384K)->16238K(16384K) Class: 2663K(2752K)->2663K(2752K)
[443.972s][info][gc             ] GC(1410) Pause Young (Allocation Failure) 732M->659M(779M) 73.983ms
[443.972s][info][gc,cpu         ] GC(1410) User=0.15s Sys=0.00s Real=0.08s
[444.130s][info][gc,start       ] GC(1411) Pause Young (Allocation Failure)
[444.244s][info][gc,heap        ] GC(1411) PSYoungGen: 213572K(218112K)->109056K(222720K) Eden: 118272K(118272K)->0K(111616K) From: 95300K(99840K)->109056K(111104K)
[444.244s][info][gc,heap        ] GC(1411) ParOldGen: 579804K(580096K)->598460K(598528K)
[444.244s][info][gc,metaspace   ] GC(1411) Metaspace: 18901K(19136K)->18901K(19136K) NonClass: 16238K(16384K)->16238K(16384K) Class: 2663K(2752K)->2663K(2752K)
[444.244s][info][gc             ] GC(1411) Pause Young (Allocation Failure) 774M->690M(802M) 113.827ms
[444.244s][info][gc,cpu         ] GC(1411) User=0.20s Sys=0.03s Real=0.12s
[444.313s][info][gc,start       ] GC(1412) Pause Young (Allocation Failure)
[444.432s][info][gc,heap        ] GC(1412) PSYoungGen: 220672K(222720K)->103520K(222720K) Eden: 111616K(111616K)->0K(111616K) From: 109056K(111104K)->103520K(111104K)
[444.432s][info][gc,heap        ] GC(1412) ParOldGen: 598460K(598528K)->632276K(632320K)
[444.432s][info][gc,metaspace   ] GC(1412) Metaspace: 18902K(19136K)->18902K(19136K) NonClass: 16238K(16384K)->16238K(16384K) Class: 2663K(2752K)->2663K(2752K)
[444.432s][info][gc             ] GC(1412) Pause Young (Allocation Failure) 799M->718M(835M) 118.857ms
[444.432s][info][gc,cpu         ] GC(1412) User=0.22s Sys=0.01s Real=0.12s
[444.494s][info][gc,start       ] GC(1413) Pause Full (Allocation Failure)
[444.494s][info][gc,phases,start] GC(1413) Marking Phase
[444.666s][info][gc,phases      ] GC(1413) Marking Phase 172.727ms
[444.666s][info][gc,phases,start] GC(1413) Summary Phase
[444.666s][info][gc,phases      ] GC(1413) Summary Phase 0.029ms
[444.666s][info][gc,phases,start] GC(1413) Forward
[444.725s][info][gc,phases      ] GC(1413) Forward 58.473ms
[444.725s][info][gc,phases,start] GC(1413) Adjust Pointers
[444.841s][info][gc,phases      ] GC(1413) Adjust Pointers 116.380ms
[444.841s][info][gc,phases,start] GC(1413) Compaction Phase
[444.920s][info][gc,phases      ] GC(1413) Compaction Phase 78.496ms
[444.923s][info][gc,phases,start] GC(1413) Post Compact
[444.926s][info][gc,phases      ] GC(1413) Post Compact 2.465ms
[444.928s][info][gc,heap        ] GC(1413) PSYoungGen: 215136K(222720K)->0K(222720K) Eden: 111616K(111616K)->0K(111616K) From: 103520K(111104K)->0K(111104K)
[444.928s][info][gc,heap        ] GC(1413) ParOldGen: 632276K(632320K)->261358K(603136K)
[444.928s][info][gc,metaspace   ] GC(1413) Metaspace: 18902K(19136K)->18902K(19136K) NonClass: 16238K(16384K)->16238K(16384K) Class: 2663K(2752K)->2663K(2752K)
[444.928s][info][gc             ] GC(1413) Pause Full (Allocation Failure) 827M->255M(806M) 434.301ms
[444.928s][info][gc,cpu         ] GC(1413) User=0.80s Sys=0.01s Real=0.43s
[445.036s][info][gc,start       ] GC(1414) Pause Young (Allocation Failure)
[445.078s][info][gc,heap        ] GC(1414) PSYoungGen: 111616K(222720K)->41760K(222720K) Eden: 111616K(111616K)->0K(111616K) From: 0K(111104K)->41760K(111104K)
[445.078s][info][gc,heap        ] GC(1414) ParOldGen: 261358K(603136K)->261358K(603136K)
[445.078s][info][gc,metaspace   ] GC(1414) Metaspace: 18902K(19136K)->18902K(19136K) NonClass: 16238K(16384K)->16238K(16384K) Class: 2663K(2752K)->2663K(2752K)
[445.078s][info][gc             ] GC(1414) Pause Young (Allocation Failure) 364M->296M(806M) 42.428ms
[445.078s][info][gc,cpu         ] GC(1414) User=0.08s Sys=0.00s Real=0.04s
[445.165s][info][gc,start       ] GC(1415) Pause Young (Allocation Failure)
[445.223s][info][gc,heap        ] GC(1415) PSYoungGen: 153376K(222720K)->16320K(222720K) Eden: 111616K(111616K)->0K(111616K) From: 41760K(111104K)->16320K(111104K)
[445.223s][info][gc,heap        ] GC(1415) ParOldGen: 261358K(603136K)->303419K(603136K)
[445.223s][info][gc,metaspace   ] GC(1415) Metaspace: 18902K(19136K)->18902K(19136K) NonClass: 16238K(16384K)->16238K(16384K) Class: 2663K(2752K)->2663K(2752K)
[445.223s][info][gc             ] GC(1415) Pause Young (Allocation Failure) 405M->312M(806M) 57.259ms
[445.223s][info][gc,cpu         ] GC(1415) User=0.11s Sys=0.00s Real=0.06s
[445.299s][info][gc,start       ] GC(1416) Pause Young (Allocation Failure)
[445.337s][info][gc,heap        ] GC(1416) PSYoungGen: 127936K(222720K)->15168K(222720K) Eden: 111616K(111616K)->0K(111616K) From: 16320K(111104K)->15168K(111104K)
[445.337s][info][gc,heap        ] GC(1416) ParOldGen: 303419K(603136K)->319763K(603136K)
[445.337s][info][gc,metaspace   ] GC(1416) Metaspace: 18902K(19136K)->18902K(19136K) NonClass: 16238K(16384K)->16238K(16384K) Class: 2663K(2752K)->2663K(2752K)
[445.337s][info][gc             ] GC(1416) Pause Young (Allocation Failure) 421M->327M(806M) 38.403ms
[445.337s][info][gc,cpu         ] GC(1416) User=0.07s Sys=0.00s Real=0.04s
[445.443s][info][gc,start       ] GC(1417) Pause Young (Allocation Failure)
[445.494s][info][gc,heap        ] GC(1417) PSYoungGen: 126784K(222720K)->20289K(222720K) Eden: 111616K(111616K)->0K(111616K) From: 15168K(111104K)->20289K(111104K)
[445.494s][info][gc,heap        ] GC(1417) ParOldGen: 319763K(603136K)->334931K(603136K)
[445.494s][info][gc,metaspace   ] GC(1417) Metaspace: 18902K(19136K)->18902K(19136K) NonClass: 16238K(16384K)->16238K(16384K) Class: 2663K(2752K)->2663K(2752K)
[445.494s][info][gc             ] GC(1417) Pause Young (Allocation Failure) 436M->346M(806M) 50.218ms
[445.494s][info][gc,cpu         ] GC(1417) User=0.09s Sys=0.00s Real=0.05s
[445.580s][info][gc,start       ] GC(1418) Pause Young (Allocation Failure)
[445.622s][info][gc,heap        ] GC(1418) PSYoungGen: 131905K(222720K)->9472K(222720K) Eden: 111616K(111616K)->0K(111616K) From: 20289K(111104K)->9472K(111104K)
[445.622s][info][gc,heap        ] GC(1418) ParOldGen: 334931K(603136K)->355216K(603136K)
[445.622s][info][gc,metaspace   ] GC(1418) Metaspace: 18902K(19136K)->18902K(19136K) NonClass: 16238K(16384K)->16238K(16384K) Class: 2663K(2752K)->2663K(2752K)
[445.622s][info][gc             ] GC(1418) Pause Young (Allocation Failure) 455M->356M(806M) 41.930ms
[445.622s][info][gc,cpu         ] GC(1418) User=0.08s Sys=0.00s Real=0.05s
[445.705s][info][gc,start       ] GC(1419) Pause Young (Allocation Failure)
[445.731s][info][gc,heap        ] GC(1419) PSYoungGen: 121088K(222720K)->10816K(222720K) Eden: 111616K(111616K)->0K(111616K) From: 9472K(111104K)->10816K(111104K)
[445.731s][info][gc,heap        ] GC(1419) ParOldGen: 355216K(603136K)->364696K(603136K)
[445.731s][info][gc,metaspace   ] GC(1419) Metaspace: 18902K(19136K)->18902K(19136K) NonClass: 16238K(16384K)->16238K(16384K) Class: 2663K(2752K)->2663K(2752K)
[445.731s][info][gc             ] GC(1419) Pause Young (Allocation Failure) 465M->366M(806M) 25.996ms
[445.731s][info][gc,cpu         ] GC(1419) User=0.05s Sys=0.00s Real=0.03s
[445.822s][info][gc,start       ] GC(1420) Pause Young (Allocation Failure)
[445.849s][info][gc,heap        ] GC(1420) PSYoungGen: 122432K(222720K)->12704K(222720K) Eden: 111616K(111616K)->0K(111616K) From: 10816K(111104K)->12704K(111104K)
[445.849s][info][gc,heap        ] GC(1420) ParOldGen: 364696K(603136K)->375520K(603136K)
[445.849s][info][gc,metaspace   ] GC(1420) Metaspace: 18902K(19136K)->18902K(19136K) NonClass: 16238K(16384K)->16238K(16384K) Class: 2663K(2752K)->2663K(2752K)
[445.849s][info][gc             ] GC(1420) Pause Young (Allocation Failure) 475M->379M(806M) 27.244ms
[445.849s][info][gc,cpu         ] GC(1420) User=0.06s Sys=0.00s Real=0.02s
[445.925s][info][gc,start       ] GC(1421) Pause Young (Allocation Failure)
[445.943s][info][gc,heap        ] GC(1421) PSYoungGen: 124320K(222720K)->3616K(222720K) Eden: 111616K(111616K)->0K(111616K) From: 12704K(111104K)->3616K(111104K)
[445.943s][info][gc,heap        ] GC(1421) ParOldGen: 375520K(603136K)->388240K(603136K)
[445.943s][info][gc,metaspace   ] GC(1421) Metaspace: 18902K(19136K)->18902K(19136K) NonClass: 16238K(16384K)->16238K(16384K) Class: 2663K(2752K)->2663K(2752K)
[445.943s][info][gc             ] GC(1421) Pause Young (Allocation Failure) 488M->382M(806M) 18.440ms
[445.943s][info][gc,cpu         ] GC(1421) User=0.03s Sys=0.00s Real=0.02s
[446.041s][info][gc,start       ] GC(1422) Pause Young (Allocation Failure)
[446.058s][info][gc,heap        ] GC(1422) PSYoungGen: 115232K(222720K)->8160K(119808K) Eden: 111616K(111616K)->0K(111616K) From: 3616K(111104K)->8160K(8192K)
[446.058s][info][gc,heap        ] GC(1422) ParOldGen: 388240K(603136K)->391864K(603136K)
[446.058s][info][gc,metaspace   ] GC(1422) Metaspace: 18902K(19136K)->18902K(19136K) NonClass: 16238K(16384K)->16238K(16384K) Class: 2663K(2752K)->2663K(2752K)
[446.058s][info][gc             ] GC(1422) Pause Young (Allocation Failure) 491M->390M(706M) 16.833ms
[446.058s][info][gc,cpu         ] GC(1422) User=0.03s Sys=0.00s Real=0.01s
[446.131s][info][gc,start       ] GC(1423) Pause Young (Allocation Failure)
[446.158s][info][gc,heap        ] GC(1423) PSYoungGen: 119776K(119808K)->22112K(222208K) Eden: 111616K(111616K)->0K(118784K) From: 8160K(8192K)->22112K(103424K)
[446.158s][info][gc,heap        ] GC(1423) ParOldGen: 391864K(603136K)->391864K(603136K)
[446.158s][info][gc,metaspace   ] GC(1423) Metaspace: 18902K(19136K)->18902K(19136K) NonClass: 16238K(16384K)->16238K(16384K) Class: 2663K(2752K)->2663K(2752K)
[446.158s][info][gc             ] GC(1423) Pause Young (Allocation Failure) 499M->404M(806M) 27.306ms
[446.158s][info][gc,cpu         ] GC(1423) User=0.06s Sys=0.00s Real=0.02s
[446.325s][info][gc,start       ] GC(1424) Pause Young (Allocation Failure)
[446.353s][info][gc,heap        ] GC(1424) PSYoungGen: 140896K(222208K)->25248K(222208K) Eden: 118784K(118784K)->0K(118784K) From: 22112K(103424K)->25248K(103424K)
[446.353s][info][gc,heap        ] GC(1424) ParOldGen: 391864K(603136K)->391864K(603136K)
[446.353s][info][gc,metaspace   ] GC(1424) Metaspace: 18902K(19136K)->18902K(19136K) NonClass: 16238K(16384K)->16238K(16384K) Class: 2663K(2752K)->2663K(2752K)
[446.353s][info][gc             ] GC(1424) Pause Young (Allocation Failure) 520M->407M(806M) 27.690ms
[446.353s][info][gc,cpu         ] GC(1424) User=0.05s Sys=0.00s Real=0.03s
[446.558s][info][gc,start       ] GC(1425) Pause Young (Allocation Failure)
[446.606s][info][gc,heap        ] GC(1425) PSYoungGen: 144032K(222208K)->46528K(222720K) Eden: 118784K(118784K)->0K(125952K) From: 25248K(103424K)->46528K(96768K)
[446.606s][info][gc,heap        ] GC(1425) ParOldGen: 391864K(603136K)->391864K(603136K)
[446.606s][info][gc,metaspace   ] GC(1425) Metaspace: 18902K(19136K)->18902K(19136K) NonClass: 16238K(16384K)->16238K(16384K) Class: 2663K(2752K)->2663K(2752K)
[446.606s][info][gc             ] GC(1425) Pause Young (Allocation Failure) 523M->428M(806M) 48.391ms
[446.606s][info][gc,cpu         ] GC(1425) User=0.09s Sys=0.00s Real=0.05s
[447.032s][info][gc,start       ] GC(1426) Pause Young (Allocation Failure)
[447.078s][info][gc,heap        ] GC(1426) PSYoungGen: 172480K(222720K)->46688K(222720K) Eden: 125952K(125952K)->0K(125952K) From: 46528K(96768K)->46688K(96768K)
[447.078s][info][gc,heap        ] GC(1426) ParOldGen: 391864K(603136K)->391864K(603136K)
[447.078s][info][gc,metaspace   ] GC(1426) Metaspace: 18902K(19136K)->18902K(19136K) NonClass: 16238K(16384K)->16238K(16384K) Class: 2663K(2752K)->2663K(2752K)
[447.078s][info][gc             ] GC(1426) Pause Young (Allocation Failure) 551M->428M(806M) 46.142ms
[447.078s][info][gc,cpu         ] GC(1426) User=0.09s Sys=0.00s Real=0.04s
[447.418s][info][gc,start       ] GC(1427) Pause Young (Allocation Failure)
[447.464s][info][gc,heap        ] GC(1427) PSYoungGen: 172640K(222720K)->46752K(225792K) Eden: 125952K(125952K)->0K(132096K) From: 46688K(96768K)->46752K(93696K)
[447.464s][info][gc,heap        ] GC(1427) ParOldGen: 391864K(603136K)->391864K(603136K)
[447.464s][info][gc,metaspace   ] GC(1427) Metaspace: 18902K(19136K)->18902K(19136K) NonClass: 16239K(16384K)->16239K(16384K) Class: 2663K(2752K)->2663K(2752K)
[447.464s][info][gc             ] GC(1427) Pause Young (Allocation Failure) 551M->428M(809M) 46.514ms
[447.464s][info][gc,cpu         ] GC(1427) User=0.10s Sys=0.00s Real=0.05s
[447.797s][info][gc,start       ] GC(1428) Pause Young (Allocation Failure)
[447.849s][info][gc,heap        ] GC(1428) PSYoungGen: 178848K(225792K)->46720K(227328K) Eden: 132096K(132096K)->0K(132096K) From: 46752K(93696K)->46720K(95232K)
[447.849s][info][gc,heap        ] GC(1428) ParOldGen: 391864K(603136K)->391864K(603136K)
[447.849s][info][gc,metaspace   ] GC(1428) Metaspace: 18902K(19136K)->18902K(19136K) NonClass: 16239K(16384K)->16239K(16384K) Class: 2663K(2752K)->2663K(2752K)
[447.849s][info][gc             ] GC(1428) Pause Young (Allocation Failure) 557M->428M(811M) 52.017ms
[447.849s][info][gc,cpu         ] GC(1428) User=0.10s Sys=0.00s Real=0.05s
[448.178s][info][gc,start       ] GC(1429) Pause Young (Allocation Failure)
[448.234s][info][gc,heap        ] GC(1429) PSYoungGen: 178816K(227328K)->46752K(229376K) Eden: 132096K(132096K)->0K(138240K) From: 46720K(95232K)->46752K(91136K)
[448.234s][info][gc,heap        ] GC(1429) ParOldGen: 391864K(603136K)->391864K(603136K)
[448.234s][info][gc,metaspace   ] GC(1429) Metaspace: 18902K(19136K)->18902K(19136K) NonClass: 16239K(16384K)->16239K(16384K) Class: 2663K(2752K)->2663K(2752K)
[448.234s][info][gc             ] GC(1429) Pause Young (Allocation Failure) 557M->428M(813M) 55.724ms
[448.234s][info][gc,cpu         ] GC(1429) User=0.11s Sys=0.00s Real=0.06s
[448.493s][info][gc,start       ] GC(1430) Pause Young (Allocation Failure)
[448.546s][info][gc,heap        ] GC(1430) PSYoungGen: 184992K(229376K)->55942K(230912K) Eden: 138240K(138240K)->0K(138240K) From: 46752K(91136K)->55942K(92672K)
[448.546s][info][gc,heap        ] GC(1430) ParOldGen: 391864K(603136K)->391864K(603136K)
[448.546s][info][gc,metaspace   ] GC(1430) Metaspace: 18902K(19136K)->18902K(19136K) NonClass: 16239K(16384K)->16239K(16384K) Class: 2663K(2752K)->2663K(2752K)
[448.546s][info][gc             ] GC(1430) Pause Young (Allocation Failure) 563M->437M(814M) 53.634ms
[448.546s][info][gc,cpu         ] GC(1430) User=0.11s Sys=0.00s Real=0.05s
[448.624s][info][gc,start       ] GC(1431) Pause Young (Allocation Failure)
[448.732s][info][gc,heap        ] GC(1431) PSYoungGen: 194182K(230912K)->94710K(206336K) Eden: 138240K(138240K)->0K(111616K) From: 55942K(92672K)->94710K(94720K)
[448.732s][info][gc,heap        ] GC(1431) ParOldGen: 391864K(603136K)->405944K(603136K)
[448.732s][info][gc,metaspace   ] GC(1431) Metaspace: 18902K(19136K)->18902K(19136K) NonClass: 16239K(16384K)->16239K(16384K) Class: 2663K(2752K)->2663K(2752K)
[448.732s][info][gc             ] GC(1431) Pause Young (Allocation Failure) 572M->488M(790M) 108.005ms
[448.732s][info][gc,cpu         ] GC(1431) User=0.21s Sys=0.01s Real=0.11s
[448.926s][info][gc,start       ] GC(1432) Pause Young (Allocation Failure)
[449.023s][info][gc,heap        ] GC(1432) PSYoungGen: 206326K(206336K)->86182K(222720K) Eden: 111616K(111616K)->0K(111616K) From: 94710K(94720K)->86182K(111104K)
[449.023s][info][gc,heap        ] GC(1432) ParOldGen: 405944K(603136K)->428062K(603136K)
[449.023s][info][gc,metaspace   ] GC(1432) Metaspace: 18902K(19136K)->18902K(19136K) NonClass: 16239K(16384K)->16239K(16384K) Class: 2663K(2752K)->2663K(2752K)
[449.023s][info][gc             ] GC(1432) Pause Young (Allocation Failure) 597M->502M(806M) 97.146ms
[449.023s][info][gc,cpu         ] GC(1432) User=0.19s Sys=0.00s Real=0.10s
[449.134s][info][gc,start       ] GC(1433) Pause Young (Allocation Failure)
[449.208s][info][gc,heap        ] GC(1433) PSYoungGen: 197798K(222720K)->68118K(222720K) Eden: 111616K(111616K)->0K(111616K) From: 86182K(111104K)->68118K(111104K)
[449.208s][info][gc,heap        ] GC(1433) ParOldGen: 428062K(603136K)->452540K(603136K)
[449.208s][info][gc,metaspace   ] GC(1433) Metaspace: 18902K(19136K)->18902K(19136K) NonClass: 16239K(16384K)->16239K(16384K) Class: 2663K(2752K)->2663K(2752K)
[449.208s][info][gc             ] GC(1433) Pause Young (Allocation Failure) 611M->508M(806M) 74.062ms
[449.208s][info][gc,cpu         ] GC(1433) User=0.15s Sys=0.00s Real=0.07s
[449.350s][info][gc,start       ] GC(1434) Pause Young (Allocation Failure)
[449.440s][info][gc,heap        ] GC(1434) PSYoungGen: 179734K(222720K)->94131K(222720K) Eden: 111616K(111616K)->0K(111616K) From: 68118K(111104K)->94131K(111104K)
[449.440s][info][gc,heap        ] GC(1434) ParOldGen: 452540K(603136K)->452740K(603136K)
[449.440s][info][gc,metaspace   ] GC(1434) Metaspace: 18902K(19136K)->18902K(19136K) NonClass: 16239K(16384K)->16239K(16384K) Class: 2663K(2752K)->2663K(2752K)
[449.440s][info][gc             ] GC(1434) Pause Young (Allocation Failure) 617M->534M(806M) 90.212ms
[449.440s][info][gc,cpu         ] GC(1434) User=0.18s Sys=0.00s Real=0.09s
[449.538s][info][gc,start       ] GC(1435) Pause Young (Allocation Failure)
[449.649s][info][gc,heap        ] GC(1435) PSYoungGen: 205747K(222720K)->111094K(222720K) Eden: 111616K(111616K)->0K(111616K) From: 94131K(111104K)->111094K(111104K)
[449.649s][info][gc,heap        ] GC(1435) ParOldGen: 452740K(603136K)->455020K(603136K)
[449.649s][info][gc,metaspace   ] GC(1435) Metaspace: 18902K(19136K)->18902K(19136K) NonClass: 16239K(16384K)->16239K(16384K) Class: 2663K(2752K)->2663K(2752K)
[449.649s][info][gc             ] GC(1435) Pause Young (Allocation Failure) 643M->552M(806M) 111.377ms
[449.649s][info][gc,cpu         ] GC(1435) User=0.22s Sys=0.00s Real=0.11s
[449.724s][info][gc,start       ] GC(1436) Pause Young (Allocation Failure)
[449.858s][info][gc,heap        ] GC(1436) PSYoungGen: 222710K(222720K)->99951K(222720K) Eden: 111616K(111616K)->0K(111616K) From: 111094K(111104K)->99951K(111104K)
[449.858s][info][gc,heap        ] GC(1436) ParOldGen: 455020K(603136K)->503534K(603136K)
[449.858s][info][gc,metaspace   ] GC(1436) Metaspace: 18902K(19136K)->18902K(19136K) NonClass: 16239K(16384K)->16239K(16384K) Class: 2663K(2752K)->2663K(2752K)
[449.858s][info][gc             ] GC(1436) Pause Young (Allocation Failure) 661M->589M(806M) 134.350ms
[449.858s][info][gc,cpu         ] GC(1436) User=0.27s Sys=0.00s Real=0.13s
[449.937s][info][gc,start       ] GC(1437) Pause Young (Allocation Failure)
[450.040s][info][gc,heap        ] GC(1437) PSYoungGen: 211567K(222720K)->89157K(222720K) Eden: 111616K(111616K)->0K(111616K) From: 99951K(111104K)->89157K(111104K)
[450.041s][info][gc,heap        ] GC(1437) ParOldGen: 503534K(603136K)->523530K(603136K)
[450.041s][info][gc,metaspace   ] GC(1437) Metaspace: 18902K(19136K)->18902K(19136K) NonClass: 16239K(16384K)->16239K(16384K) Class: 2663K(2752K)->2663K(2752K)
[450.041s][info][gc             ] GC(1437) Pause Young (Allocation Failure) 698M->598M(806M) 103.153ms
[450.041s][info][gc,cpu         ] GC(1437) User=0.20s Sys=0.00s Real=0.11s
[450.106s][info][gc,start       ] GC(1438) Pause Young (Allocation Failure)
[450.192s][info][gc,heap        ] GC(1438) PSYoungGen: 200773K(222720K)->49632K(222720K) Eden: 111616K(111616K)->0K(111616K) From: 89157K(111104K)->49632K(111104K)
[450.192s][info][gc,heap        ] GC(1438) ParOldGen: 523530K(603136K)->566968K(603136K)
[450.192s][info][gc,metaspace   ] GC(1438) Metaspace: 18902K(19136K)->18902K(19136K) NonClass: 16239K(16384K)->16239K(16384K) Class: 2663K(2752K)->2663K(2752K)
[450.192s][info][gc             ] GC(1438) Pause Young (Allocation Failure) 707M->602M(806M) 85.902ms
[450.192s][info][gc,cpu         ] GC(1438) User=0.17s Sys=0.00s Real=0.09s
[450.246s][info][gc,start       ] GC(1439) Pause Young (Allocation Failure)
[450.296s][info][gc,heap        ] GC(1439) PSYoungGen: 161248K(222720K)->5120K(222720K) Eden: 111616K(111616K)->0K(111616K) From: 49632K(111104K)->5120K(111104K)
[450.296s][info][gc,heap        ] GC(1439) ParOldGen: 566968K(603136K)->613176K(613376K)
[450.296s][info][gc,metaspace   ] GC(1439) Metaspace: 18902K(19136K)->18902K(19136K) NonClass: 16239K(16384K)->16239K(16384K) Class: 2663K(2752K)->2663K(2752K)
[450.296s][info][gc             ] GC(1439) Pause Young (Allocation Failure) 711M->603M(816M) 50.036ms
[450.296s][info][gc,cpu         ] GC(1439) User=0.09s Sys=0.01s Real=0.05s
[450.398s][info][gc,start       ] GC(1440) Pause Full (Allocation Failure)
[450.398s][info][gc,phases,start] GC(1440) Marking Phase
[450.654s][info][gc,phases      ] GC(1440) Marking Phase 255.889ms
[450.654s][info][gc,phases,start] GC(1440) Summary Phase
[450.654s][info][gc,phases      ] GC(1440) Summary Phase 0.029ms
[450.654s][info][gc,phases,start] GC(1440) Forward
[450.745s][info][gc,phases      ] GC(1440) Forward 90.722ms
[450.745s][info][gc,phases,start] GC(1440) Adjust Pointers
[450.945s][info][gc,phases      ] GC(1440) Adjust Pointers 200.725ms
[450.945s][info][gc,phases,start] GC(1440) Compaction Phase
[451.065s][info][gc,phases      ] GC(1440) Compaction Phase 119.521ms
[451.074s][info][gc,phases,start] GC(1440) Post Compact
[451.076s][info][gc,phases      ] GC(1440) Post Compact 2.188ms
[451.076s][info][gc,heap        ] GC(1440) PSYoungGen: 116736K(222720K)->0K(222720K) Eden: 111616K(111616K)->0K(111616K) From: 5120K(111104K)->0K(111104K)
[451.076s][info][gc,heap        ] GC(1440) ParOldGen: 613176K(613376K)->365053K(667648K)
[451.076s][info][gc,metaspace   ] GC(1440) Metaspace: 18902K(19136K)->18902K(19136K) NonClass: 16239K(16384K)->16239K(16384K) Class: 2663K(2752K)->2663K(2752K)
[451.076s][info][gc             ] GC(1440) Pause Full (Allocation Failure) 712M->356M(869M) 678.430ms
[451.076s][info][gc,cpu         ] GC(1440) User=1.28s Sys=0.00s Real=0.68s
[451.163s][info][gc,start       ] GC(1441) Pause Young (Allocation Failure)
[451.181s][info][gc,heap        ] GC(1441) PSYoungGen: 111616K(222720K)->12128K(222720K) Eden: 111616K(111616K)->0K(111616K) From: 0K(111104K)->12128K(111104K)
[451.181s][info][gc,heap        ] GC(1441) ParOldGen: 365053K(667648K)->365053K(667648K)
[451.181s][info][gc,metaspace   ] GC(1441) Metaspace: 18902K(19136K)->18902K(19136K) NonClass: 16239K(16384K)->16239K(16384K) Class: 2663K(2752K)->2663K(2752K)
[451.181s][info][gc             ] GC(1441) Pause Young (Allocation Failure) 465M->368M(869M) 18.597ms
[451.181s][info][gc,cpu         ] GC(1441) User=0.04s Sys=0.00s Real=0.02s
[451.251s][info][gc,start       ] GC(1442) Pause Young (Allocation Failure)
[451.267s][info][gc,heap        ] GC(1442) PSYoungGen: 123744K(222720K)->640K(222720K) Eden: 111616K(111616K)->0K(111616K) From: 12128K(111104K)->640K(111104K)
[451.267s][info][gc,heap        ] GC(1442) ParOldGen: 365053K(667648K)->377157K(667648K)
[451.267s][info][gc,metaspace   ] GC(1442) Metaspace: 18902K(19136K)->18902K(19136K) NonClass: 16239K(16384K)->16239K(16384K) Class: 2663K(2752K)->2663K(2752K)
[451.267s][info][gc             ] GC(1442) Pause Young (Allocation Failure) 477M->368M(869M) 16.284ms
[451.267s][info][gc,cpu         ] GC(1442) User=0.03s Sys=0.00s Real=0.01s
[451.373s][info][gc,start       ] GC(1443) Pause Young (Allocation Failure)
[451.384s][info][gc,heap        ] GC(1443) PSYoungGen: 112256K(222720K)->7648K(222720K) Eden: 111616K(111616K)->0K(111616K) From: 640K(111104K)->7648K(111104K)
[451.385s][info][gc,heap        ] GC(1443) ParOldGen: 377157K(667648K)->377789K(667648K)
[451.385s][info][gc,metaspace   ] GC(1443) Metaspace: 18902K(19136K)->18902K(19136K) NonClass: 16239K(16384K)->16239K(16384K) Class: 2663K(2752K)->2663K(2752K)
[451.385s][info][gc             ] GC(1443) Pause Young (Allocation Failure) 477M->376M(869M) 11.766ms
[451.385s][info][gc,cpu         ] GC(1443) User=0.02s Sys=0.00s Real=0.01s
[451.500s][info][gc,start       ] GC(1444) Pause Young (Allocation Failure)
[451.528s][info][gc,heap        ] GC(1444) PSYoungGen: 119264K(222720K)->18272K(222720K) Eden: 111616K(111616K)->0K(111616K) From: 7648K(111104K)->18272K(111104K)
[451.528s][info][gc,heap        ] GC(1444) ParOldGen: 377789K(667648K)->385421K(667648K)
[451.528s][info][gc,metaspace   ] GC(1444) Metaspace: 18902K(19136K)->18902K(19136K) NonClass: 16239K(16384K)->16239K(16384K) Class: 2663K(2752K)->2663K(2752K)
[451.528s][info][gc             ] GC(1444) Pause Young (Allocation Failure) 485M->394M(869M) 27.965ms
[451.528s][info][gc,cpu         ] GC(1444) User=0.05s Sys=0.00s Real=0.03s
[451.801s][info][gc,start       ] GC(1445) Pause Young (Allocation Failure)
[451.828s][info][gc,heap        ] GC(1445) PSYoungGen: 129888K(222720K)->5632K(222720K) Eden: 111616K(111616K)->0K(111616K) From: 18272K(111104K)->5632K(111104K)
[451.828s][info][gc,heap        ] GC(1445) ParOldGen: 385421K(667648K)->403707K(667648K)
[451.828s][info][gc,metaspace   ] GC(1445) Metaspace: 18903K(19136K)->18903K(19136K) NonClass: 16240K(16384K)->16240K(16384K) Class: 2663K(2752K)->2663K(2752K)
[451.828s][info][gc             ] GC(1445) Pause Young (Allocation Failure) 503M->399M(869M) 26.954ms
[451.828s][info][gc,cpu         ] GC(1445) User=0.05s Sys=0.00s Real=0.02s
[452.097s][info][gc,start       ] GC(1446) Pause Young (Allocation Failure)
[452.114s][info][gc,heap        ] GC(1446) PSYoungGen: 117248K(222720K)->7632K(222720K) Eden: 111616K(111616K)->0K(111616K) From: 5632K(111104K)->7632K(111104K)
[452.114s][info][gc,heap        ] GC(1446) ParOldGen: 403707K(667648K)->409288K(667648K)
[452.114s][info][gc,metaspace   ] GC(1446) Metaspace: 18903K(19136K)->18903K(19136K) NonClass: 16240K(16384K)->16240K(16384K) Class: 2663K(2752K)->2663K(2752K)
[452.114s][info][gc             ] GC(1446) Pause Young (Allocation Failure) 508M->407M(869M) 17.201ms
[452.114s][info][gc,cpu         ] GC(1446) User=0.04s Sys=0.00s Real=0.02s
[452.250s][info][gc,start       ] GC(1447) Pause Young (Allocation Failure)
[452.269s][info][gc,heap        ] GC(1447) PSYoungGen: 119248K(222720K)->11824K(222720K) Eden: 111616K(111616K)->0K(111616K) From: 7632K(111104K)->11824K(111104K)
[452.269s][info][gc,heap        ] GC(1447) ParOldGen: 409288K(667648K)->416893K(667648K)
[452.269s][info][gc,metaspace   ] GC(1447) Metaspace: 18903K(19136K)->18903K(19136K) NonClass: 16240K(16384K)->16240K(16384K) Class: 2663K(2752K)->2663K(2752K)
[452.269s][info][gc             ] GC(1447) Pause Young (Allocation Failure) 516M->418M(869M) 19.124ms
[452.270s][info][gc,cpu         ] GC(1447) User=0.03s Sys=0.01s Real=0.02s
[452.430s][info][gc,start       ] GC(1448) Pause Young (Allocation Failure)
[452.453s][info][gc,heap        ] GC(1448) PSYoungGen: 123440K(222720K)->11840K(222720K) Eden: 111616K(111616K)->0K(111616K) From: 11824K(111104K)->11840K(111104K)
[452.453s][info][gc,heap        ] GC(1448) ParOldGen: 416893K(667648K)->428749K(667648K)
[452.453s][info][gc,metaspace   ] GC(1448) Metaspace: 18903K(19136K)->18903K(19136K) NonClass: 16240K(16384K)->16240K(16384K) Class: 2663K(2752K)->2663K(2752K)
[452.453s][info][gc             ] GC(1448) Pause Young (Allocation Failure) 527M->430M(869M) 22.546ms
[452.453s][info][gc,cpu         ] GC(1448) User=0.05s Sys=0.00s Real=0.03s
[452.515s][info][gc,start       ] GC(1449) Pause Young (Allocation Failure)
[452.555s][info][gc,heap        ] GC(1449) PSYoungGen: 123456K(222720K)->43232K(222720K) Eden: 111616K(111616K)->0K(111616K) From: 11840K(111104K)->43232K(111104K)
[452.555s][info][gc,heap        ] GC(1449) ParOldGen: 428749K(667648K)->440661K(667648K)
[452.555s][info][gc,metaspace   ] GC(1449) Metaspace: 18903K(19136K)->18903K(19136K) NonClass: 16240K(16384K)->16240K(16384K) Class: 2663K(2752K)->2663K(2752K)
[452.555s][info][gc             ] GC(1449) Pause Young (Allocation Failure) 539M->472M(869M) 39.873ms
[452.555s][info][gc,cpu         ] GC(1449) User=0.08s Sys=0.00s Real=0.04s
[452.747s][info][gc,start       ] GC(1450) Pause Young (Allocation Failure)
[452.790s][info][gc,heap        ] GC(1450) PSYoungGen: 154848K(222720K)->22624K(134656K) Eden: 111616K(111616K)->0K(111616K) From: 43232K(111104K)->22624K(23040K)
[452.790s][info][gc,heap        ] GC(1450) ParOldGen: 440661K(667648K)->484405K(667648K)
[452.790s][info][gc,metaspace   ] GC(1450) Metaspace: 18903K(19136K)->18903K(19136K) NonClass: 16240K(16384K)->16240K(16384K) Class: 2663K(2752K)->2663K(2752K)
[452.790s][info][gc             ] GC(1450) Pause Young (Allocation Failure) 581M->495M(783M) 43.497ms
[452.790s][info][gc,cpu         ] GC(1450) User=0.09s Sys=0.00s Real=0.04s
[452.922s][info][gc,start       ] GC(1451) Pause Young (Allocation Failure)
[452.952s][info][gc,heap        ] GC(1451) PSYoungGen: 134240K(134656K)->24896K(221696K) Eden: 111616K(111616K)->0K(118272K) From: 22624K(23040K)->24896K(103424K)
[452.952s][info][gc,heap        ] GC(1451) ParOldGen: 484405K(667648K)->484405K(667648K)
[452.952s][info][gc,metaspace   ] GC(1451) Metaspace: 18903K(19136K)->18903K(19136K) NonClass: 16240K(16384K)->16240K(16384K) Class: 2663K(2752K)->2663K(2752K)
[452.952s][info][gc             ] GC(1451) Pause Young (Allocation Failure) 604M->497M(868M) 29.429ms
[452.952s][info][gc,cpu         ] GC(1451) User=0.06s Sys=0.00s Real=0.03s
[453.118s][info][gc,start       ] GC(1452) Pause Young (Allocation Failure)
[453.183s][info][gc,heap        ] GC(1452) PSYoungGen: 143168K(221696K)->58143K(221184K) Eden: 118272K(118272K)->0K(118272K) From: 24896K(103424K)->58143K(102912K)
[453.183s][info][gc,heap        ] GC(1452) ParOldGen: 484405K(667648K)->484405K(667648K)
[453.183s][info][gc,metaspace   ] GC(1452) Metaspace: 18903K(19136K)->18903K(19136K) NonClass: 16240K(16384K)->16240K(16384K) Class: 2663K(2752K)->2663K(2752K)
[453.183s][info][gc             ] GC(1452) Pause Young (Allocation Failure) 612M->529M(868M) 64.935ms
[453.183s][info][gc,cpu         ] GC(1452) User=0.13s Sys=0.00s Real=0.07s
[453.335s][info][gc,start       ] GC(1453) Pause Young (Allocation Failure)
[453.419s][info][gc,heap        ] GC(1453) PSYoungGen: 176415K(221184K)->77375K(217600K) Eden: 118272K(118272K)->0K(111616K) From: 58143K(102912K)->77375K(105984K)
[453.419s][info][gc,heap        ] GC(1453) ParOldGen: 484405K(667648K)->484405K(667648K)
[453.419s][info][gc,metaspace   ] GC(1453) Metaspace: 18903K(19136K)->18903K(19136K) NonClass: 16240K(16384K)->16240K(16384K) Class: 2663K(2752K)->2663K(2752K)
[453.419s][info][gc             ] GC(1453) Pause Young (Allocation Failure) 645M->548M(864M) 83.431ms
[453.419s][info][gc,cpu         ] GC(1453) User=0.17s Sys=0.00s Real=0.08s
[453.508s][info][gc,start       ] GC(1454) Pause Young (Allocation Failure)
[453.597s][info][gc,heap        ] GC(1454) PSYoungGen: 188991K(217600K)->56511K(222720K) Eden: 111616K(111616K)->0K(111616K) From: 77375K(105984K)->56511K(111104K)
[453.597s][info][gc,heap        ] GC(1454) ParOldGen: 484405K(667648K)->509453K(667648K)
[453.597s][info][gc,metaspace   ] GC(1454) Metaspace: 18903K(19136K)->18903K(19136K) NonClass: 16240K(16384K)->16240K(16384K) Class: 2663K(2752K)->2663K(2752K)
[453.597s][info][gc             ] GC(1454) Pause Young (Allocation Failure) 657M->552M(869M) 88.890ms
[453.597s][info][gc,cpu         ] GC(1454) User=0.18s Sys=0.00s Real=0.09s
[453.723s][info][gc,start       ] GC(1455) Pause Young (Allocation Failure)
[453.791s][info][gc,heap        ] GC(1455) PSYoungGen: 168127K(222720K)->4704K(222720K) Eden: 111616K(111616K)->0K(111616K) From: 56511K(111104K)->4704K(111104K)
[453.791s][info][gc,heap        ] GC(1455) ParOldGen: 509453K(667648K)->562068K(667648K)
[453.791s][info][gc,metaspace   ] GC(1455) Metaspace: 18903K(19136K)->18903K(19136K) NonClass: 16240K(16384K)->16240K(16384K) Class: 2663K(2752K)->2663K(2752K)
[453.791s][info][gc             ] GC(1455) Pause Young (Allocation Failure) 661M->553M(869M) 67.683ms
[453.791s][info][gc,cpu         ] GC(1455) User=0.13s Sys=0.00s Real=0.07s
[453.917s][info][gc,start       ] GC(1456) Pause Young (Allocation Failure)
[453.934s][info][gc,heap        ] GC(1456) PSYoungGen: 116320K(222720K)->3904K(115712K) Eden: 111616K(111616K)->0K(111616K) From: 4704K(111104K)->3904K(4096K)
[453.934s][info][gc,heap        ] GC(1456) ParOldGen: 562068K(667648K)->566748K(667648K)
[453.934s][info][gc,metaspace   ] GC(1456) Metaspace: 18903K(19136K)->18903K(19136K) NonClass: 16240K(16384K)->16240K(16384K) Class: 2663K(2752K)->2663K(2752K)
[453.934s][info][gc             ] GC(1456) Pause Young (Allocation Failure) 662M->557M(765M) 16.575ms
[453.934s][info][gc,cpu         ] GC(1456) User=0.04s Sys=0.00s Real=0.02s
[454.100s][info][gc,start       ] GC(1457) Pause Young (Allocation Failure)
[454.124s][info][gc,heap        ] GC(1457) PSYoungGen: 115520K(115712K)->13024K(225792K) Eden: 111616K(111616K)->0K(116224K) From: 3904K(4096K)->13024K(109568K)
[454.124s][info][gc,heap        ] GC(1457) ParOldGen: 566748K(667648K)->566748K(667648K)
[454.124s][info][gc,metaspace   ] GC(1457) Metaspace: 18903K(19136K)->18903K(19136K) NonClass: 16240K(16384K)->16240K(16384K) Class: 2663K(2752K)->2663K(2752K)
[454.124s][info][gc             ] GC(1457) Pause Young (Allocation Failure) 666M->566M(872M) 24.218ms
[454.124s][info][gc,cpu         ] GC(1457) User=0.04s Sys=0.00s Real=0.03s
[454.296s][info][gc,start       ] GC(1458) Pause Young (Allocation Failure)
[454.334s][info][gc,heap        ] GC(1458) PSYoungGen: 129248K(225792K)->34704K(151040K) Eden: 116224K(116224K)->0K(116224K) From: 13024K(109568K)->34704K(34816K)
[454.334s][info][gc,heap        ] GC(1458) ParOldGen: 566748K(667648K)->566748K(667648K)
[454.334s][info][gc,metaspace   ] GC(1458) Metaspace: 18903K(19136K)->18903K(19136K) NonClass: 16240K(16384K)->16240K(16384K) Class: 2663K(2752K)->2663K(2752K)
[454.334s][info][gc             ] GC(1458) Pause Young (Allocation Failure) 679M->587M(799M) 37.708ms
[454.334s][info][gc,cpu         ] GC(1458) User=0.07s Sys=0.00s Real=0.04s
[454.475s][info][gc,start       ] GC(1459) Pause Young (Allocation Failure)
[454.532s][info][gc,heap        ] GC(1459) PSYoungGen: 150928K(151040K)->62562K(212992K) Eden: 116224K(116224K)->0K(113152K) From: 34704K(34816K)->62562K(99840K)
[454.532s][info][gc,heap        ] GC(1459) ParOldGen: 566748K(667648K)->566748K(667648K)
[454.532s][info][gc,metaspace   ] GC(1459) Metaspace: 18903K(19136K)->18903K(19136K) NonClass: 16240K(16384K)->16240K(16384K) Class: 2663K(2752K)->2663K(2752K)
[454.533s][info][gc             ] GC(1459) Pause Young (Allocation Failure) 700M->614M(860M) 57.111ms
[454.533s][info][gc,cpu         ] GC(1459) User=0.11s Sys=0.01s Real=0.06s
[454.603s][info][gc,start       ] GC(1460) Pause Young (Allocation Failure)
[454.686s][info][gc,heap        ] GC(1460) PSYoungGen: 175714K(212992K)->104930K(218112K) Eden: 113152K(113152K)->0K(113152K) From: 62562K(99840K)->104930K(104960K)
[454.686s][info][gc,heap        ] GC(1460) ParOldGen: 566748K(667648K)->568340K(667648K)
[454.686s][info][gc,metaspace   ] GC(1460) Metaspace: 18903K(19136K)->18903K(19136K) NonClass: 16240K(16384K)->16240K(16384K) Class: 2663K(2752K)->2663K(2752K)
[454.686s][info][gc             ] GC(1460) Pause Young (Allocation Failure) 725M->657M(865M) 83.558ms
[454.686s][info][gc,cpu         ] GC(1460) User=0.17s Sys=0.00s Real=0.08s
[454.924s][info][gc,start       ] GC(1461) Pause Young (Allocation Failure)
[455.008s][info][gc,heap        ] GC(1461) PSYoungGen: 218082K(218112K)->96706K(222720K) Eden: 113152K(113152K)->0K(111616K) From: 104930K(104960K)->96706K(111104K)
[455.008s][info][gc,heap        ] GC(1461) ParOldGen: 568340K(667648K)->581388K(667648K)
[455.008s][info][gc,metaspace   ] GC(1461) Metaspace: 18903K(19136K)->18903K(19136K) NonClass: 16240K(16384K)->16240K(16384K) Class: 2663K(2752K)->2663K(2752K)
[455.008s][info][gc             ] GC(1461) Pause Young (Allocation Failure) 767M->662M(869M) 83.914ms
[455.008s][info][gc,cpu         ] GC(1461) User=0.16s Sys=0.00s Real=0.08s
[455.184s][info][gc,start       ] GC(1462) Pause Young (Allocation Failure)
[455.303s][info][gc,heap        ] GC(1462) PSYoungGen: 208322K(222720K)->75440K(222720K) Eden: 111616K(111616K)->0K(111616K) From: 96706K(111104K)->75440K(111104K)
[455.304s][info][gc,heap        ] GC(1462) ParOldGen: 581388K(667648K)->631282K(667648K)
[455.304s][info][gc,metaspace   ] GC(1462) Metaspace: 18903K(19136K)->18903K(19136K) NonClass: 16240K(16384K)->16240K(16384K) Class: 2663K(2752K)->2663K(2752K)
[455.304s][info][gc             ] GC(1462) Pause Young (Allocation Failure) 771M->690M(869M) 119.640ms
[455.304s][info][gc,cpu         ] GC(1462) User=0.22s Sys=0.01s Real=0.12s
[455.449s][info][gc,start       ] GC(1463) Pause Full (Allocation Failure)
[455.449s][info][gc,phases,start] GC(1463) Marking Phase
[455.815s][info][gc,phases      ] GC(1463) Marking Phase 365.900ms
[455.815s][info][gc,phases,start] GC(1463) Summary Phase
[455.815s][info][gc,phases      ] GC(1463) Summary Phase 0.030ms
[455.815s][info][gc,phases,start] GC(1463) Forward
[455.951s][info][gc,phases      ] GC(1463) Forward 136.193ms
[455.952s][info][gc,phases,start] GC(1463) Adjust Pointers
[456.238s][info][gc,phases      ] GC(1463) Adjust Pointers 286.462ms
[456.238s][info][gc,phases,start] GC(1463) Compaction Phase
[456.413s][info][gc,phases      ] GC(1463) Compaction Phase 175.046ms
[456.423s][info][gc,phases,start] GC(1463) Post Compact
[456.426s][info][gc,phases      ] GC(1463) Post Compact 2.433ms
[456.426s][info][gc,heap        ] GC(1463) PSYoungGen: 187056K(222720K)->0K(222720K) Eden: 111616K(111616K)->0K(111616K) From: 75440K(111104K)->0K(111104K)
[456.426s][info][gc,heap        ] GC(1463) ParOldGen: 631282K(667648K)->511510K(667648K)
[456.426s][info][gc,metaspace   ] GC(1463) Metaspace: 18903K(19136K)->18903K(19136K) NonClass: 16240K(16384K)->16240K(16384K) Class: 2663K(2752K)->2663K(2752K)
[456.426s][info][gc             ] GC(1463) Pause Full (Allocation Failure) 799M->499M(869M) 976.856ms
[456.426s][info][gc,cpu         ] GC(1463) User=1.86s Sys=0.01s Real=0.98s
[456.550s][info][gc,start       ] GC(1464) Pause Young (Allocation Failure)
[456.563s][info][gc,heap        ] GC(1464) PSYoungGen: 111616K(222720K)->8288K(222720K) Eden: 111616K(111616K)->0K(111616K) From: 0K(111104K)->8288K(111104K)
[456.563s][info][gc,heap        ] GC(1464) ParOldGen: 511510K(667648K)->511510K(667648K)
[456.563s][info][gc,metaspace   ] GC(1464) Metaspace: 18903K(19136K)->18903K(19136K) NonClass: 16240K(16384K)->16240K(16384K) Class: 2663K(2752K)->2663K(2752K)
[456.563s][info][gc             ] GC(1464) Pause Young (Allocation Failure) 608M->507M(869M) 13.634ms
[456.563s][info][gc,cpu         ] GC(1464) User=0.03s Sys=0.00s Real=0.02s
[456.678s][info][gc,start       ] GC(1465) Pause Young (Allocation Failure)
[456.692s][info][gc,heap        ] GC(1465) PSYoungGen: 119904K(222720K)->640K(222720K) Eden: 111616K(111616K)->0K(111616K) From: 8288K(111104K)->640K(111104K)
[456.692s][info][gc,heap        ] GC(1465) ParOldGen: 511510K(667648K)->519822K(667648K)
[456.692s][info][gc,metaspace   ] GC(1465) Metaspace: 18903K(19136K)->18903K(19136K) NonClass: 16240K(16384K)->16240K(16384K) Class: 2663K(2752K)->2663K(2752K)
[456.692s][info][gc             ] GC(1465) Pause Young (Allocation Failure) 616M->508M(869M) 14.693ms
[456.692s][info][gc,cpu         ] GC(1465) User=0.03s Sys=0.00s Real=0.02s
[456.824s][info][gc,start       ] GC(1466) Pause Young (Allocation Failure)
[456.835s][info][gc,heap        ] GC(1466) PSYoungGen: 112256K(222720K)->4032K(222720K) Eden: 111616K(111616K)->0K(111616K) From: 640K(111104K)->4032K(111104K)
[456.835s][info][gc,heap        ] GC(1466) ParOldGen: 519822K(667648K)->520430K(667648K)
[456.835s][info][gc,metaspace   ] GC(1466) Metaspace: 18903K(19136K)->18903K(19136K) NonClass: 16240K(16384K)->16240K(16384K) Class: 2663K(2752K)->2663K(2752K)
[456.835s][info][gc             ] GC(1466) Pause Young (Allocation Failure) 617M->512M(869M) 10.897ms
[456.835s][info][gc,cpu         ] GC(1466) User=0.02s Sys=0.00s Real=0.01s
[456.982s][info][gc,start       ] GC(1467) Pause Young (Allocation Failure)
[456.991s][info][gc,heap        ] GC(1467) PSYoungGen: 115648K(222720K)->2496K(222720K) Eden: 111616K(111616K)->0K(111616K) From: 4032K(111104K)->2496K(111104K)
[456.991s][info][gc,heap        ] GC(1467) ParOldGen: 520430K(667648K)->524454K(667648K)
[456.991s][info][gc,metaspace   ] GC(1467) Metaspace: 18903K(19136K)->18903K(19136K) NonClass: 16240K(16384K)->16240K(16384K) Class: 2663K(2752K)->2663K(2752K)
[456.991s][info][gc             ] GC(1467) Pause Young (Allocation Failure) 621M->514M(869M) 9.048ms
[456.991s][info][gc,cpu         ] GC(1467) User=0.01s Sys=0.00s Real=0.01s
[457.176s][info][gc,start       ] GC(1468) Pause Young (Allocation Failure)
[457.197s][info][gc,heap        ] GC(1468) PSYoungGen: 114112K(222720K)->16560K(222720K) Eden: 111616K(111616K)->0K(111616K) From: 2496K(111104K)->16560K(111104K)
[457.197s][info][gc,heap        ] GC(1468) ParOldGen: 524454K(667648K)->526918K(667648K)
[457.197s][info][gc,metaspace   ] GC(1468) Metaspace: 18903K(19136K)->18903K(19136K) NonClass: 16240K(16384K)->16240K(16384K) Class: 2663K(2752K)->2663K(2752K)
[457.197s][info][gc             ] GC(1468) Pause Young (Allocation Failure) 623M->530M(869M) 20.987ms
[457.197s][info][gc,cpu         ] GC(1468) User=0.04s Sys=0.00s Real=0.02s
[457.453s][info][gc,start       ] GC(1469) Pause Young (Allocation Failure)
[457.480s][info][gc,heap        ] GC(1469) PSYoungGen: 128176K(222720K)->7712K(222720K) Eden: 111616K(111616K)->0K(111616K) From: 16560K(111104K)->7712K(111104K)
[457.480s][info][gc,heap        ] GC(1469) ParOldGen: 526918K(667648K)->543494K(667648K)
[457.480s][info][gc,metaspace   ] GC(1469) Metaspace: 18903K(19136K)->18903K(19136K) NonClass: 16240K(16384K)->16240K(16384K) Class: 2663K(2752K)->2663K(2752K)
[457.480s][info][gc             ] GC(1469) Pause Young (Allocation Failure) 639M->538M(869M) 27.643ms
[457.480s][info][gc,cpu         ] GC(1469) User=0.05s Sys=0.00s Real=0.02s
[457.803s][info][gc,start       ] GC(1470) Pause Young (Allocation Failure)
[457.813s][info][gc,heap        ] GC(1470) PSYoungGen: 119328K(222720K)->64K(222720K) Eden: 111616K(111616K)->0K(111616K) From: 7712K(111104K)->64K(111104K)
[457.813s][info][gc,heap        ] GC(1470) ParOldGen: 543494K(667648K)->551190K(667648K)
[457.813s][info][gc,metaspace   ] GC(1470) Metaspace: 18903K(19136K)->18903K(19136K) NonClass: 16240K(16384K)->16240K(16384K) Class: 2663K(2752K)->2663K(2752K)
[457.813s][info][gc             ] GC(1470) Pause Young (Allocation Failure) 647M->538M(869M) 9.664ms
[457.813s][info][gc,cpu         ] GC(1470) User=0.02s Sys=0.00s Real=0.01s
[458.103s][info][gc,start       ] GC(1471) Pause Young (Allocation Failure)
[458.105s][info][gc,heap        ] GC(1471) PSYoungGen: 111680K(222720K)->64K(219648K) Eden: 111616K(111616K)->0K(111616K) From: 64K(111104K)->64K(108032K)
[458.105s][info][gc,heap        ] GC(1471) ParOldGen: 551190K(667648K)->551214K(667648K)
[458.105s][info][gc,metaspace   ] GC(1471) Metaspace: 18903K(19136K)->18903K(19136K) NonClass: 16240K(16384K)->16240K(16384K) Class: 2663K(2752K)->2663K(2752K)
[458.105s][info][gc             ] GC(1471) Pause Young (Allocation Failure) 647M->538M(866M) 2.114ms
[458.105s][info][gc,cpu         ] GC(1471) User=0.00s Sys=0.00s Real=0.00s
[458.350s][info][gc,start       ] GC(1472) Pause Young (Allocation Failure)
[458.352s][info][gc,heap        ] GC(1472) PSYoungGen: 111680K(219648K)->64K(112128K) Eden: 111616K(111616K)->0K(111616K) From: 64K(108032K)->64K(512K)
[458.352s][info][gc,heap        ] GC(1472) ParOldGen: 551214K(667648K)->551214K(667648K)
[458.352s][info][gc,metaspace   ] GC(1472) Metaspace: 18903K(19136K)->18903K(19136K) NonClass: 16240K(16384K)->16240K(16384K) Class: 2663K(2752K)->2663K(2752K)
[458.353s][info][gc             ] GC(1472) Pause Young (Allocation Failure) 647M->538M(761M) 2.438ms
[458.353s][info][gc,cpu         ] GC(1472) User=0.00s Sys=0.00s Real=0.01s
[458.641s][info][gc,start       ] GC(1473) Pause Young (Allocation Failure)
[458.652s][info][gc,heap        ] GC(1473) PSYoungGen: 111680K(112128K)->64K(209920K) Eden: 111616K(111616K)->0K(114688K) From: 64K(512K)->64K(95232K)
[458.652s][info][gc,heap        ] GC(1473) ParOldGen: 551214K(667648K)->551214K(667648K)
[458.652s][info][gc,metaspace   ] GC(1473) Metaspace: 18903K(19136K)->18903K(19136K) NonClass: 16240K(16384K)->16240K(16384K) Class: 2663K(2752K)->2663K(2752K)
[458.652s][info][gc             ] GC(1473) Pause Young (Allocation Failure) 647M->538M(857M) 11.306ms
[458.652s][info][gc,cpu         ] GC(1473) User=0.03s Sys=0.00s Real=0.01s
[458.899s][info][gc,start       ] GC(1474) Pause Young (Allocation Failure)
[458.904s][info][gc,heap        ] GC(1474) PSYoungGen: 114752K(209920K)->2784K(117760K) Eden: 114688K(114688K)->0K(114688K) From: 64K(95232K)->2784K(3072K)
[458.904s][info][gc,heap        ] GC(1474) ParOldGen: 551214K(667648K)->551214K(667648K)
[458.904s][info][gc,metaspace   ] GC(1474) Metaspace: 18903K(19136K)->18903K(19136K) NonClass: 16240K(16384K)->16240K(16384K) Class: 2663K(2752K)->2663K(2752K)
[458.904s][info][gc             ] GC(1474) Pause Young (Allocation Failure) 650M->541M(767M) 4.826ms
[458.904s][info][gc,cpu         ] GC(1474) User=0.01s Sys=0.00s Real=0.01s
[458.966s][info][gc,start       ] GC(1475) Pause Young (Allocation Failure)
[458.998s][info][gc,heap        ] GC(1475) PSYoungGen: 117472K(117760K)->44192K(210432K) Eden: 114688K(114688K)->0K(115200K) From: 2784K(3072K)->44192K(95232K)
[458.998s][info][gc,heap        ] GC(1475) ParOldGen: 551214K(667648K)->551214K(667648K)
[458.998s][info][gc,metaspace   ] GC(1475) Metaspace: 18903K(19136K)->18903K(19136K) NonClass: 16240K(16384K)->16240K(16384K) Class: 2663K(2752K)->2663K(2752K)
[458.998s][info][gc             ] GC(1475) Pause Young (Allocation Failure) 653M->581M(857M) 32.597ms
[458.998s][info][gc,cpu         ] GC(1475) User=0.07s Sys=0.00s Real=0.03s
[459.163s][info][gc,start       ] GC(1476) Pause Young (Allocation Failure)
[459.212s][info][gc,heap        ] GC(1476) PSYoungGen: 159392K(210432K)->73664K(212480K) Eden: 115200K(115200K)->0K(115200K) From: 44192K(95232K)->73664K(97280K)
[459.212s][info][gc,heap        ] GC(1476) ParOldGen: 551214K(667648K)->551214K(667648K)
[459.212s][info][gc,metaspace   ] GC(1476) Metaspace: 18903K(19136K)->18903K(19136K) NonClass: 16240K(16384K)->16240K(16384K) Class: 2663K(2752K)->2663K(2752K)
[459.212s][info][gc             ] GC(1476) Pause Young (Allocation Failure) 693M->610M(859M) 48.446ms
[459.212s][info][gc,cpu         ] GC(1476) User=0.10s Sys=0.00s Real=0.05s
[459.337s][info][gc,start       ] GC(1477) Pause Young (Allocation Failure)
[459.386s][info][gc,heap        ] GC(1477) PSYoungGen: 188864K(212480K)->76512K(221184K) Eden: 115200K(115200K)->0K(111616K) From: 73664K(97280K)->76512K(109568K)
[459.386s][info][gc,heap        ] GC(1477) ParOldGen: 551214K(667648K)->551214K(667648K)
[459.386s][info][gc,metaspace   ] GC(1477) Metaspace: 18904K(19136K)->18904K(19136K) NonClass: 16240K(16384K)->16240K(16384K) Class: 2663K(2752K)->2663K(2752K)
[459.386s][info][gc             ] GC(1477) Pause Young (Allocation Failure) 722M->613M(868M) 48.601ms
[459.386s][info][gc,cpu         ] GC(1477) User=0.09s Sys=0.00s Real=0.05s
[459.555s][info][gc,start       ] GC(1478) Pause Young (Allocation Failure)
[459.649s][info][gc,heap        ] GC(1478) PSYoungGen: 188128K(221184K)->107248K(222720K) Eden: 111616K(111616K)->0K(111616K) From: 76512K(109568K)->107248K(111104K)
[459.650s][info][gc,heap        ] GC(1478) ParOldGen: 551214K(667648K)->551238K(667648K)
[459.650s][info][gc,metaspace   ] GC(1478) Metaspace: 18904K(19136K)->18904K(19136K) NonClass: 16240K(16384K)->16240K(16384K) Class: 2663K(2752K)->2663K(2752K)
[459.650s][info][gc             ] GC(1478) Pause Young (Allocation Failure) 722M->643M(869M) 94.573ms
[459.650s][info][gc,cpu         ] GC(1478) User=0.18s Sys=0.00s Real=0.09s
[459.785s][info][gc,start       ] GC(1479) Pause Young (Allocation Failure)
[459.921s][info][gc,heap        ] GC(1479) PSYoungGen: 218864K(222720K)->111072K(222720K) Eden: 111616K(111616K)->0K(111616K) From: 107248K(111104K)->111072K(111104K)
[459.921s][info][gc,heap        ] GC(1479) ParOldGen: 551238K(667648K)->569439K(667648K)
[459.921s][info][gc,metaspace   ] GC(1479) Metaspace: 18904K(19136K)->18904K(19136K) NonClass: 16240K(16384K)->16240K(16384K) Class: 2663K(2752K)->2663K(2752K)
[459.921s][info][gc             ] GC(1479) Pause Young (Allocation Failure) 752M->664M(869M) 135.769ms
[459.921s][info][gc,cpu         ] GC(1479) User=0.26s Sys=0.01s Real=0.14s
[460.043s][info][gc,start       ] GC(1480) Pause Young (Allocation Failure)
[460.166s][info][gc,heap        ] GC(1480) PSYoungGen: 222688K(222720K)->44160K(222720K) Eden: 111616K(111616K)->0K(111616K) From: 111072K(111104K)->44160K(111104K)
[460.166s][info][gc,heap        ] GC(1480) ParOldGen: 569439K(667648K)->641187K(667648K)
[460.166s][info][gc,metaspace   ] GC(1480) Metaspace: 18904K(19136K)->18904K(19136K) NonClass: 16240K(16384K)->16240K(16384K) Class: 2663K(2752K)->2663K(2752K)
[460.166s][info][gc             ] GC(1480) Pause Young (Allocation Failure) 773M->669M(869M) 122.502ms
[460.166s][info][gc,cpu         ] GC(1480) User=0.23s Sys=0.01s Real=0.12s
[460.270s][info][gc,start       ] GC(1481) Pause Full (Allocation Failure)
[460.270s][info][gc,phases,start] GC(1481) Marking Phase
[460.751s][info][gc,phases      ] GC(1481) Marking Phase 481.823ms
[460.751s][info][gc,phases,start] GC(1481) Summary Phase
[460.752s][info][gc,phases      ] GC(1481) Summary Phase 0.028ms
[460.752s][info][gc,phases,start] GC(1481) Forward
[460.859s][info][gc,phases      ] GC(1481) Forward 107.223ms
[460.859s][info][gc,phases,start] GC(1481) Adjust Pointers
[461.217s][info][gc,phases      ] GC(1481) Adjust Pointers 357.959ms
[461.217s][info][gc,phases,start] GC(1481) Compaction Phase
[461.433s][info][gc,phases      ] GC(1481) Compaction Phase 216.329ms
[461.443s][info][gc,phases,start] GC(1481) Post Compact
[461.445s][info][gc,phases      ] GC(1481) Post Compact 2.323ms
[461.445s][info][gc,heap        ] GC(1481) PSYoungGen: 155776K(222720K)->0K(222720K) Eden: 111616K(111616K)->0K(111616K) From: 44160K(111104K)->0K(111104K)
[461.445s][info][gc,heap        ] GC(1481) ParOldGen: 641187K(667648K)->664771K(667648K)
[461.445s][info][gc,metaspace   ] GC(1481) Metaspace: 18904K(19136K)->18904K(19136K) NonClass: 16240K(16384K)->16240K(16384K) Class: 2663K(2752K)->2663K(2752K)
[461.445s][info][gc             ] GC(1481) Pause Full (Allocation Failure) 778M->649M(869M) 1175.947ms
[461.445s][info][gc,cpu         ] GC(1481) User=2.29s Sys=0.01s Real=1.18s
[461.588s][info][gc,start       ] GC(1482) Pause Full (Allocation Failure)
[461.588s][info][gc,phases,start] GC(1482) Marking Phase
[461.960s][info][gc,phases      ] GC(1482) Marking Phase 372.053ms
[461.960s][info][gc,phases,start] GC(1482) Summary Phase
[461.960s][info][gc,phases      ] GC(1482) Summary Phase 0.030ms
[461.960s][info][gc,phases,start] GC(1482) Forward
[462.099s][info][gc,phases      ] GC(1482) Forward 138.230ms
[462.099s][info][gc,phases,start] GC(1482) Adjust Pointers
[462.383s][info][gc,phases      ] GC(1482) Adjust Pointers 284.263ms
[462.383s][info][gc,phases,start] GC(1482) Compaction Phase
[462.574s][info][gc,phases      ] GC(1482) Compaction Phase 190.894ms
[462.585s][info][gc,phases,start] GC(1482) Post Compact
[462.587s][info][gc,phases      ] GC(1482) Post Compact 2.294ms
[462.587s][info][gc,heap        ] GC(1482) PSYoungGen: 111616K(222720K)->0K(222720K) Eden: 111616K(111616K)->0K(111616K) From: 0K(111104K)->0K(111104K)
[462.587s][info][gc,heap        ] GC(1482) ParOldGen: 664771K(667648K)->514764K(667648K)
[462.587s][info][gc,metaspace   ] GC(1482) Metaspace: 18904K(19136K)->18904K(19136K) NonClass: 16240K(16384K)->16240K(16384K) Class: 2663K(2752K)->2663K(2752K)
[462.587s][info][gc             ] GC(1482) Pause Full (Allocation Failure) 758M->502M(869M) 999.476ms
[462.587s][info][gc,cpu         ] GC(1482) User=1.89s Sys=0.00s Real=1.00s
[462.742s][info][gc,start       ] GC(1483) Pause Young (Allocation Failure)
[462.753s][info][gc,heap        ] GC(1483) PSYoungGen: 111616K(222720K)->2080K(222720K) Eden: 111616K(111616K)->0K(111616K) From: 0K(111104K)->2080K(111104K)
[462.753s][info][gc,heap        ] GC(1483) ParOldGen: 514764K(667648K)->514764K(667648K)
[462.753s][info][gc,metaspace   ] GC(1483) Metaspace: 18904K(19136K)->18904K(19136K) NonClass: 16240K(16384K)->16240K(16384K) Class: 2663K(2752K)->2663K(2752K)
[462.753s][info][gc             ] GC(1483) Pause Young (Allocation Failure) 611M->504M(869M) 10.879ms
[462.753s][info][gc,cpu         ] GC(1483) User=0.02s Sys=0.00s Real=0.01s
[462.919s][info][gc,start       ] GC(1484) Pause Young (Allocation Failure)
[462.936s][info][gc,heap        ] GC(1484) PSYoungGen: 113696K(222720K)->14384K(222720K) Eden: 111616K(111616K)->0K(111616K) From: 2080K(111104K)->14384K(111104K)
[462.936s][info][gc,heap        ] GC(1484) ParOldGen: 514764K(667648K)->514764K(667648K)
[462.936s][info][gc,metaspace   ] GC(1484) Metaspace: 18904K(19136K)->18904K(19136K) NonClass: 16240K(16384K)->16240K(16384K) Class: 2663K(2752K)->2663K(2752K)
[462.936s][info][gc             ] GC(1484) Pause Young (Allocation Failure) 613M->516M(869M) 16.395ms
[462.936s][info][gc,cpu         ] GC(1484) User=0.03s Sys=0.00s Real=0.02s
[463.097s][info][gc,start       ] GC(1485) Pause Young (Allocation Failure)
[463.133s][info][gc,heap        ] GC(1485) PSYoungGen: 126000K(222720K)->20171K(222720K) Eden: 111616K(111616K)->0K(111616K) From: 14384K(111104K)->20171K(111104K)
[463.133s][info][gc,heap        ] GC(1485) ParOldGen: 514764K(667648K)->529141K(667648K)
[463.133s][info][gc,metaspace   ] GC(1485) Metaspace: 18913K(19136K)->18913K(19136K) NonClass: 16250K(16384K)->16250K(16384K) Class: 2663K(2752K)->2663K(2752K)
[463.133s][info][gc             ] GC(1485) Pause Young (Allocation Failure) 625M->536M(869M) 36.045ms
[463.133s][info][gc,cpu         ] GC(1485) User=0.07s Sys=0.00s Real=0.04s
[463.293s][info][gc,start       ] GC(1486) Pause Young (Allocation Failure)
[463.325s][info][gc,heap        ] GC(1486) PSYoungGen: 131787K(222720K)->12640K(222720K) Eden: 111616K(111616K)->0K(111616K) From: 20171K(111104K)->12640K(111104K)
[463.325s][info][gc,heap        ] GC(1486) ParOldGen: 529141K(667648K)->549345K(667648K)
[463.325s][info][gc,metaspace   ] GC(1486) Metaspace: 18916K(19136K)->18916K(19136K) NonClass: 16253K(16384K)->16253K(16384K) Class: 2663K(2752K)->2663K(2752K)
[463.325s][info][gc             ] GC(1486) Pause Young (Allocation Failure) 645M->548M(869M) 32.408ms
[463.325s][info][gc,cpu         ] GC(1486) User=0.06s Sys=0.00s Real=0.03s
[463.486s][info][gc,start       ] GC(1487) Pause Young (Allocation Failure)
[463.513s][info][gc,heap        ] GC(1487) PSYoungGen: 124256K(222720K)->23904K(222720K) Eden: 111616K(111616K)->0K(111616K) From: 12640K(111104K)->23904K(111104K)
[463.513s][info][gc,heap        ] GC(1487) ParOldGen: 549345K(667648K)->556769K(667648K)
[463.513s][info][gc,metaspace   ] GC(1487) Metaspace: 18916K(19136K)->18916K(19136K) NonClass: 16253K(16384K)->16253K(16384K) Class: 2663K(2752K)->2663K(2752K)
[463.513s][info][gc             ] GC(1487) Pause Young (Allocation Failure) 657M->567M(869M) 27.363ms
[463.513s][info][gc,cpu         ] GC(1487) User=0.05s Sys=0.00s Real=0.03s
[463.637s][info][gc,start       ] GC(1488) Pause Young (Allocation Failure)
[463.665s][info][gc,heap        ] GC(1488) PSYoungGen: 135520K(222720K)->11520K(222720K) Eden: 111616K(111616K)->0K(111616K) From: 23904K(111104K)->11520K(111104K)
[463.665s][info][gc,heap        ] GC(1488) ParOldGen: 556769K(667648K)->575025K(667648K)
[463.665s][info][gc,metaspace   ] GC(1488) Metaspace: 18916K(19136K)->18916K(19136K) NonClass: 16253K(16384K)->16253K(16384K) Class: 2663K(2752K)->2663K(2752K)
[463.665s][info][gc             ] GC(1488) Pause Young (Allocation Failure) 676M->572M(869M) 27.840ms
[463.665s][info][gc,cpu         ] GC(1488) User=0.05s Sys=0.00s Real=0.03s
[463.784s][info][gc,start       ] GC(1489) Pause Young (Allocation Failure)
[463.805s][info][gc,heap        ] GC(1489) PSYoungGen: 123136K(222720K)->4544K(222720K) Eden: 111616K(111616K)->0K(111616K) From: 11520K(111104K)->4544K(111104K)
[463.805s][info][gc,heap        ] GC(1489) ParOldGen: 575025K(667648K)->586305K(667648K)
[463.805s][info][gc,metaspace   ] GC(1489) Metaspace: 18916K(19136K)->18916K(19136K) NonClass: 16253K(16384K)->16253K(16384K) Class: 2663K(2752K)->2663K(2752K)
[463.805s][info][gc             ] GC(1489) Pause Young (Allocation Failure) 681M->577M(869M) 20.888ms
[463.805s][info][gc,cpu         ] GC(1489) User=0.04s Sys=0.00s Real=0.02s
[464.056s][info][gc,start       ] GC(1490) Pause Young (Allocation Failure)
[464.066s][info][gc,heap        ] GC(1490) PSYoungGen: 116160K(222720K)->3104K(115200K) Eden: 111616K(111616K)->0K(111616K) From: 4544K(111104K)->3104K(3584K)
[464.066s][info][gc,heap        ] GC(1490) ParOldGen: 586305K(667648K)->590849K(667648K)
[464.066s][info][gc,metaspace   ] GC(1490) Metaspace: 18916K(19136K)->18916K(19136K) NonClass: 16253K(16384K)->16253K(16384K) Class: 2663K(2752K)->2663K(2752K)
[464.066s][info][gc             ] GC(1490) Pause Young (Allocation Failure) 686M->580M(764M) 10.354ms
[464.066s][info][gc,cpu         ] GC(1490) User=0.02s Sys=0.00s Real=0.01s
[464.284s][info][gc,start       ] GC(1491) Pause Young (Allocation Failure)
[464.292s][info][gc,heap        ] GC(1491) PSYoungGen: 114720K(115200K)->4416K(221696K) Eden: 111616K(111616K)->0K(116224K) From: 3104K(3584K)->4416K(105472K)
[464.292s][info][gc,heap        ] GC(1491) ParOldGen: 590849K(667648K)->590849K(667648K)
[464.292s][info][gc,metaspace   ] GC(1491) Metaspace: 18916K(19136K)->18916K(19136K) NonClass: 16253K(16384K)->16253K(16384K) Class: 2663K(2752K)->2663K(2752K)
[464.292s][info][gc             ] GC(1491) Pause Young (Allocation Failure) 689M->581M(868M) 7.846ms
[464.292s][info][gc,cpu         ] GC(1491) User=0.01s Sys=0.00s Real=0.01s
[464.426s][info][gc,start       ] GC(1492) Pause Young (Allocation Failure)
[464.447s][info][gc,heap        ] GC(1492) PSYoungGen: 120640K(221696K)->18768K(135168K) Eden: 116224K(116224K)->0K(116224K) From: 4416K(105472K)->18768K(18944K)
[464.447s][info][gc,heap        ] GC(1492) ParOldGen: 590849K(667648K)->590849K(667648K)
[464.447s][info][gc,metaspace   ] GC(1492) Metaspace: 18916K(19136K)->18916K(19136K) NonClass: 16253K(16384K)->16253K(16384K) Class: 2663K(2752K)->2663K(2752K)
[464.447s][info][gc             ] GC(1492) Pause Young (Allocation Failure) 694M->595M(784M) 20.739ms
[464.447s][info][gc,cpu         ] GC(1492) User=0.04s Sys=0.00s Real=0.02s
[464.590s][info][gc,start       ] GC(1493) Pause Young (Allocation Failure)
[464.623s][info][gc,heap        ] GC(1493) PSYoungGen: 134992K(135168K)->38960K(217088K) Eden: 116224K(116224K)->0K(121856K) From: 18768K(18944K)->38960K(95232K)
[464.623s][info][gc,heap        ] GC(1493) ParOldGen: 590849K(667648K)->590849K(667648K)
[464.623s][info][gc,metaspace   ] GC(1493) Metaspace: 18916K(19136K)->18916K(19136K) NonClass: 16253K(16384K)->16253K(16384K) Class: 2663K(2752K)->2663K(2752K)
[464.623s][info][gc             ] GC(1493) Pause Young (Allocation Failure) 708M->615M(864M) 33.222ms
[464.623s][info][gc,cpu         ] GC(1493) User=0.06s Sys=0.00s Real=0.04s
[464.693s][info][gc,start       ] GC(1494) Pause Young (Allocation Failure)
[464.755s][info][gc,heap        ] GC(1494) PSYoungGen: 160816K(217088K)->83424K(218624K) Eden: 121856K(121856K)->0K(121856K) From: 38960K(95232K)->83424K(96768K)
[464.755s][info][gc,heap        ] GC(1494) ParOldGen: 590849K(667648K)->590849K(667648K)
[464.755s][info][gc,metaspace   ] GC(1494) Metaspace: 18916K(19136K)->18916K(19136K) NonClass: 16253K(16384K)->16253K(16384K) Class: 2663K(2752K)->2663K(2752K)
[464.755s][info][gc             ] GC(1494) Pause Young (Allocation Failure) 734M->658M(865M) 61.972ms
[464.755s][info][gc,cpu         ] GC(1494) User=0.13s Sys=0.00s Real=0.06s
[464.967s][info][gc,start       ] GC(1495) Pause Young (Allocation Failure)
[465.031s][info][gc,heap        ] GC(1495) PSYoungGen: 205280K(218624K)->93792K(222720K) Eden: 121856K(121856K)->0K(111616K) From: 83424K(96768K)->93792K(111104K)
[465.031s][info][gc,heap        ] GC(1495) ParOldGen: 590849K(667648K)->590849K(667648K)
[465.031s][info][gc,metaspace   ] GC(1495) Metaspace: 18916K(19136K)->18916K(19136K) NonClass: 16253K(16384K)->16253K(16384K) Class: 2663K(2752K)->2663K(2752K)
[465.031s][info][gc             ] GC(1495) Pause Young (Allocation Failure) 777M->668M(869M) 64.433ms
[465.032s][info][gc,cpu         ] GC(1495) User=0.13s Sys=0.01s Real=0.07s
[465.203s][info][gc,start       ] GC(1496) Pause Young (Allocation Failure)
[465.286s][info][gc,heap        ] GC(1496) PSYoungGen: 205408K(222720K)->92864K(222720K) Eden: 111616K(111616K)->0K(111616K) From: 93792K(111104K)->92864K(111104K)
[465.286s][info][gc,heap        ] GC(1496) ParOldGen: 590849K(667648K)->595257K(667648K)
[465.286s][info][gc,metaspace   ] GC(1496) Metaspace: 18916K(19136K)->18916K(19136K) NonClass: 16253K(16384K)->16253K(16384K) Class: 2663K(2752K)->2663K(2752K)
[465.286s][info][gc             ] GC(1496) Pause Young (Allocation Failure) 777M->671M(869M) 83.252ms
[465.286s][info][gc,cpu         ] GC(1496) User=0.16s Sys=0.00s Real=0.08s
[465.420s][info][gc,start       ] GC(1497) Pause Young (Allocation Failure)
[465.525s][info][gc,heap        ] GC(1497) PSYoungGen: 204480K(222720K)->95728K(222720K) Eden: 111616K(111616K)->0K(111616K) From: 92864K(111104K)->95728K(111104K)
[465.525s][info][gc,heap        ] GC(1497) ParOldGen: 595257K(667648K)->615201K(667648K)
[465.525s][info][gc,metaspace   ] GC(1497) Metaspace: 18916K(19136K)->18916K(19136K) NonClass: 16253K(16384K)->16253K(16384K) Class: 2663K(2752K)->2663K(2752K)
[465.526s][info][gc             ] GC(1497) Pause Young (Allocation Failure) 780M->694M(869M) 105.012ms
[465.526s][info][gc,cpu         ] GC(1497) User=0.20s Sys=0.00s Real=0.10s
[465.670s][info][gc,start       ] GC(1498) Pause Young (Allocation Failure)
[465.782s][info][gc,promotion   ] GC(1498) Promotion failed
[465.782s][info][gc,heap        ] GC(1498) PSYoungGen: 207344K(222720K)->207344K(222720K) Eden: 111616K(111616K)->111616K(111616K) From: 95728K(111104K)->95728K(111104K)
[465.782s][info][gc,heap        ] GC(1498) ParOldGen: 615201K(667648K)->667641K(667648K)
[465.782s][info][gc,metaspace   ] GC(1498) Metaspace: 18916K(19136K)->18916K(19136K) NonClass: 16253K(16384K)->16253K(16384K) Class: 2663K(2752K)->2663K(2752K)
[465.782s][info][gc             ] GC(1498) Pause Young (Allocation Failure) 803M->854M(869M) 112.097ms
[465.782s][info][gc,cpu         ] GC(1498) User=0.22s Sys=0.00s Real=0.12s
[465.782s][info][gc,start       ] GC(1499) Pause Full (Allocation Failure)
[465.782s][info][gc,phases,start] GC(1499) Marking Phase
[466.150s][info][gc,phases      ] GC(1499) Marking Phase 367.847ms
[466.150s][info][gc,phases,start] GC(1499) Summary Phase
[466.150s][info][gc,phases      ] GC(1499) Summary Phase 0.028ms
[466.150s][info][gc,phases,start] GC(1499) Forward
[466.244s][info][gc,phases      ] GC(1499) Forward 93.683ms
[466.244s][info][gc,phases,start] GC(1499) Adjust Pointers
[466.514s][info][gc,phases      ] GC(1499) Adjust Pointers 270.643ms
[466.514s][info][gc,phases,start] GC(1499) Compaction Phase
[466.662s][info][gc,phases      ] GC(1499) Compaction Phase 147.366ms
[466.671s][info][gc,phases,start] GC(1499) Post Compact
[466.674s][info][gc,phases      ] GC(1499) Post Compact 2.739ms
[466.674s][info][gc,heap        ] GC(1499) PSYoungGen: 207344K(222720K)->0K(222720K) Eden: 111616K(111616K)->0K(111616K) From: 95728K(111104K)->0K(111104K)
[466.674s][info][gc,heap        ] GC(1499) ParOldGen: 667641K(667648K)->510659K(667648K)
[466.674s][info][gc,metaspace   ] GC(1499) Metaspace: 18916K(19136K)->18916K(19136K) NonClass: 16253K(16384K)->16253K(16384K) Class: 2663K(2752K)->2663K(2752K)
[466.674s][info][gc             ] GC(1499) Pause Full (Allocation Failure) 854M->498M(869M) 891.958ms
[466.674s][info][gc,cpu         ] GC(1499) User=1.70s Sys=0.00s Real=0.89s
[466.769s][info][gc,start       ] GC(1500) Pause Young (Allocation Failure)
[466.771s][info][gc,heap        ] GC(1500) PSYoungGen: 111616K(222720K)->672K(222720K) Eden: 111616K(111616K)->0K(111616K) From: 0K(111104K)->672K(111104K)
[466.771s][info][gc,heap        ] GC(1500) ParOldGen: 510659K(667648K)->510659K(667648K)
[466.771s][info][gc,metaspace   ] GC(1500) Metaspace: 18916K(19136K)->18916K(19136K) NonClass: 16253K(16384K)->16253K(16384K) Class: 2663K(2752K)->2663K(2752K)
[466.771s][info][gc             ] GC(1500) Pause Young (Allocation Failure) 607M->499M(869M) 2.742ms
[466.771s][info][gc,cpu         ] GC(1500) User=0.01s Sys=0.00s Real=0.01s
[466.899s][info][gc,start       ] GC(1501) Pause Young (Allocation Failure)
[466.906s][info][gc,heap        ] GC(1501) PSYoungGen: 112288K(222720K)->832K(222720K) Eden: 111616K(111616K)->0K(111616K) From: 672K(111104K)->832K(111104K)
[466.906s][info][gc,heap        ] GC(1501) ParOldGen: 510659K(667648K)->510659K(667648K)
[466.906s][info][gc,metaspace   ] GC(1501) Metaspace: 18916K(19136K)->18916K(19136K) NonClass: 16253K(16384K)->16253K(16384K) Class: 2663K(2752K)->2663K(2752K)
[466.906s][info][gc             ] GC(1501) Pause Young (Allocation Failure) 608M->499M(869M) 7.280ms
[466.906s][info][gc,cpu         ] GC(1501) User=0.01s Sys=0.00s Real=0.01s
[467.039s][info][gc,start       ] GC(1502) Pause Young (Allocation Failure)
[467.048s][info][gc,heap        ] GC(1502) PSYoungGen: 112448K(222720K)->3968K(222720K) Eden: 111616K(111616K)->0K(111616K) From: 832K(111104K)->3968K(111104K)
[467.048s][info][gc,heap        ] GC(1502) ParOldGen: 510659K(667648K)->511491K(667648K)
[467.048s][info][gc,metaspace   ] GC(1502) Metaspace: 18916K(19136K)->18916K(19136K) NonClass: 16253K(16384K)->16253K(16384K) Class: 2663K(2752K)->2663K(2752K)
[467.048s][info][gc             ] GC(1502) Pause Young (Allocation Failure) 608M->503M(869M) 9.042ms
[467.048s][info][gc,cpu         ] GC(1502) User=0.02s Sys=0.00s Real=0.01s
[467.245s][info][gc,start       ] GC(1503) Pause Young (Allocation Failure)
[467.263s][info][gc,heap        ] GC(1503) PSYoungGen: 115584K(222720K)->9968K(222720K) Eden: 111616K(111616K)->0K(111616K) From: 3968K(111104K)->9968K(111104K)
[467.263s][info][gc,heap        ] GC(1503) ParOldGen: 511491K(667648K)->515451K(667648K)
[467.263s][info][gc,metaspace   ] GC(1503) Metaspace: 18916K(19136K)->18916K(19136K) NonClass: 16253K(16384K)->16253K(16384K) Class: 2663K(2752K)->2663K(2752K)
[467.263s][info][gc             ] GC(1503) Pause Young (Allocation Failure) 612M->513M(869M) 18.518ms
[467.263s][info][gc,cpu         ] GC(1503) User=0.04s Sys=0.00s Real=0.02s
[467.452s][info][gc,start       ] GC(1504) Pause Young (Allocation Failure)
[467.489s][info][gc,heap        ] GC(1504) PSYoungGen: 121584K(222720K)->16960K(222720K) Eden: 111616K(111616K)->0K(111616K) From: 9968K(111104K)->16960K(111104K)
[467.490s][info][gc,heap        ] GC(1504) ParOldGen: 515451K(667648K)->525387K(667648K)
[467.490s][info][gc,metaspace   ] GC(1504) Metaspace: 18916K(19136K)->18916K(19136K) NonClass: 16253K(16384K)->16253K(16384K) Class: 2663K(2752K)->2663K(2752K)
[467.490s][info][gc             ] GC(1504) Pause Young (Allocation Failure) 622M->529M(869M) 37.216ms
[467.490s][info][gc,cpu         ] GC(1504) User=0.08s Sys=0.00s Real=0.03s
[467.819s][info][gc,start       ] GC(1505) Pause Young (Allocation Failure)
[467.842s][info][gc,heap        ] GC(1505) PSYoungGen: 128576K(222720K)->416K(222720K) Eden: 111616K(111616K)->0K(111616K) From: 16960K(111104K)->416K(111104K)
[467.842s][info][gc,heap        ] GC(1505) ParOldGen: 525387K(667648K)->542347K(667648K)
[467.842s][info][gc,metaspace   ] GC(1505) Metaspace: 18916K(19136K)->18916K(19136K) NonClass: 16253K(16384K)->16253K(16384K) Class: 2663K(2752K)->2663K(2752K)
[467.842s][info][gc             ] GC(1505) Pause Young (Allocation Failure) 638M->530M(869M) 22.631ms
[467.842s][info][gc,cpu         ] GC(1505) User=0.04s Sys=0.00s Real=0.03s
[467.952s][info][gc,start       ] GC(1506) Pause Young (Allocation Failure)
[467.977s][info][gc,heap        ] GC(1506) PSYoungGen: 112032K(222720K)->34896K(222720K) Eden: 111616K(111616K)->0K(111616K) From: 416K(111104K)->34896K(111104K)
[467.977s][info][gc,heap        ] GC(1506) ParOldGen: 542347K(667648K)->542739K(667648K)
[467.977s][info][gc,metaspace   ] GC(1506) Metaspace: 18916K(19136K)->18916K(19136K) NonClass: 16253K(16384K)->16253K(16384K) Class: 2663K(2752K)->2663K(2752K)
[467.977s][info][gc             ] GC(1506) Pause Young (Allocation Failure) 639M->564M(869M) 25.728ms
[467.978s][info][gc,cpu         ] GC(1506) User=0.05s Sys=0.00s Real=0.02s
[468.120s][info][gc,start       ] GC(1507) Pause Young (Allocation Failure)
[468.149s][info][gc,heap        ] GC(1507) PSYoungGen: 146512K(222720K)->6624K(118272K) Eden: 111616K(111616K)->0K(111616K) From: 34896K(111104K)->6624K(6656K)
[468.149s][info][gc,heap        ] GC(1507) ParOldGen: 542739K(667648K)->578009K(667648K)
[468.149s][info][gc,metaspace   ] GC(1507) Metaspace: 18916K(19136K)->18916K(19136K) NonClass: 16253K(16384K)->16253K(16384K) Class: 2663K(2752K)->2663K(2752K)
[468.149s][info][gc             ] GC(1507) Pause Young (Allocation Failure) 673M->570M(767M) 29.019ms
[468.149s][info][gc,cpu         ] GC(1507) User=0.06s Sys=0.00s Real=0.03s
[468.336s][info][gc,start       ] GC(1508) Pause Young (Allocation Failure)
[468.359s][info][gc,heap        ] GC(1508) PSYoungGen: 118240K(118272K)->16320K(220672K) Eden: 111616K(111616K)->0K(117760K) From: 6624K(6656K)->16320K(102912K)
[468.359s][info][gc,heap        ] GC(1508) ParOldGen: 578009K(667648K)->578009K(667648K)
[468.359s][info][gc,metaspace   ] GC(1508) Metaspace: 18916K(19136K)->18916K(19136K) NonClass: 16253K(16384K)->16253K(16384K) Class: 2663K(2752K)->2663K(2752K)
[468.359s][info][gc             ] GC(1508) Pause Young (Allocation Failure) 679M->580M(867M) 22.890ms
[468.359s][info][gc,cpu         ] GC(1508) User=0.04s Sys=0.00s Real=0.02s
[468.532s][info][gc,start       ] GC(1509) Pause Young (Allocation Failure)
[468.564s][info][gc,heap        ] GC(1509) PSYoungGen: 134080K(220672K)->25152K(143360K) Eden: 117760K(117760K)->0K(117760K) From: 16320K(102912K)->25152K(25600K)
[468.564s][info][gc,heap        ] GC(1509) ParOldGen: 578009K(667648K)->578009K(667648K)
[468.564s][info][gc,metaspace   ] GC(1509) Metaspace: 18916K(19136K)->18916K(19136K) NonClass: 16253K(16384K)->16253K(16384K) Class: 2663K(2752K)->2663K(2752K)
[468.564s][info][gc             ] GC(1509) Pause Young (Allocation Failure) 695M->589M(792M) 32.356ms
[468.564s][info][gc,cpu         ] GC(1509) User=0.06s Sys=0.00s Real=0.03s
[468.685s][info][gc,start       ] GC(1510) Pause Young (Allocation Failure)
[468.729s][info][gc,heap        ] GC(1510) PSYoungGen: 142912K(143360K)->37088K(216064K) Eden: 117760K(117760K)->0K(124928K) From: 25152K(25600K)->37088K(91136K)
[468.729s][info][gc,heap        ] GC(1510) ParOldGen: 578009K(667648K)->578009K(667648K)
[468.729s][info][gc,metaspace   ] GC(1510) Metaspace: 18916K(19136K)->18916K(19136K) NonClass: 16253K(16384K)->16253K(16384K) Class: 2663K(2752K)->2663K(2752K)
[468.730s][info][gc             ] GC(1510) Pause Young (Allocation Failure) 704M->600M(863M) 44.640ms
[468.730s][info][gc,cpu         ] GC(1510) User=0.09s Sys=0.00s Real=0.04s
[468.867s][info][gc,start       ] GC(1511) Pause Young (Allocation Failure)
[468.913s][info][gc,heap        ] GC(1511) PSYoungGen: 162016K(216064K)->39936K(218112K) Eden: 124928K(124928K)->0K(124928K) From: 37088K(91136K)->39936K(93184K)
[468.913s][info][gc,heap        ] GC(1511) ParOldGen: 578009K(667648K)->578009K(667648K)
[468.913s][info][gc,metaspace   ] GC(1511) Metaspace: 18916K(19136K)->18916K(19136K) NonClass: 16253K(16384K)->16253K(16384K) Class: 2663K(2752K)->2663K(2752K)
[468.913s][info][gc             ] GC(1511) Pause Young (Allocation Failure) 722M->603M(865M) 46.491ms
[468.913s][info][gc,cpu         ] GC(1511) User=0.09s Sys=0.00s Real=0.05s
[469.070s][info][gc,start       ] GC(1512) Pause Young (Allocation Failure)
[469.130s][info][gc,heap        ] GC(1512) PSYoungGen: 164864K(218112K)->54432K(220672K) Eden: 124928K(124928K)->0K(129536K) From: 39936K(93184K)->54432K(91136K)
[469.130s][info][gc,heap        ] GC(1512) ParOldGen: 578009K(667648K)->578009K(667648K)
[469.130s][info][gc,metaspace   ] GC(1512) Metaspace: 18916K(19136K)->18916K(19136K) NonClass: 16253K(16384K)->16253K(16384K) Class: 2663K(2752K)->2663K(2752K)
[469.130s][info][gc             ] GC(1512) Pause Young (Allocation Failure) 725M->617M(867M) 59.934ms
[469.130s][info][gc,cpu         ] GC(1512) User=0.12s Sys=0.00s Real=0.06s
[469.484s][info][gc,start       ] GC(1513) Pause Young (Allocation Failure)
[469.543s][info][gc,heap        ] GC(1513) PSYoungGen: 183968K(220672K)->54496K(224256K) Eden: 129536K(129536K)->0K(129536K) From: 54432K(91136K)->54496K(94720K)
[469.543s][info][gc,heap        ] GC(1513) ParOldGen: 578009K(667648K)->578009K(667648K)
[469.543s][info][gc,metaspace   ] GC(1513) Metaspace: 18920K(19136K)->18920K(19136K) NonClass: 16257K(16384K)->16257K(16384K) Class: 2663K(2752K)->2663K(2752K)
[469.543s][info][gc             ] GC(1513) Pause Young (Allocation Failure) 744M->617M(871M) 59.114ms
[469.543s][info][gc,cpu         ] GC(1513) User=0.12s Sys=0.00s Real=0.06s
[469.854s][info][gc,start       ] GC(1514) Pause Young (Allocation Failure)
[469.914s][info][gc,heap        ] GC(1514) PSYoungGen: 184032K(224256K)->54496K(233472K) Eden: 129536K(129536K)->0K(136192K) From: 54496K(94720K)->54496K(97280K)
[469.914s][info][gc,heap        ] GC(1514) ParOldGen: 578009K(667648K)->578009K(667648K)
[469.914s][info][gc,metaspace   ] GC(1514) Metaspace: 18920K(19136K)->18920K(19136K) NonClass: 16257K(16384K)->16257K(16384K) Class: 2663K(2752K)->2663K(2752K)
[469.914s][info][gc             ] GC(1514) Pause Young (Allocation Failure) 744M->617M(880M) 60.716ms
[469.914s][info][gc,cpu         ] GC(1514) User=0.11s Sys=0.00s Real=0.06s
[470.219s][info][gc,start       ] GC(1515) Pause Young (Allocation Failure)
[470.278s][info][gc,heap        ] GC(1515) PSYoungGen: 190688K(233472K)->54496K(190976K) Eden: 136192K(136192K)->0K(136192K) From: 54496K(97280K)->54496K(54784K)
[470.279s][info][gc,heap        ] GC(1515) ParOldGen: 578009K(667648K)->578009K(667648K)
[470.279s][info][gc,metaspace   ] GC(1515) Metaspace: 18920K(19136K)->18920K(19136K) NonClass: 16257K(16384K)->16257K(16384K) Class: 2663K(2752K)->2663K(2752K)
[470.279s][info][gc             ] GC(1515) Pause Young (Allocation Failure) 750M->617M(838M) 59.548ms
[470.279s][info][gc,cpu         ] GC(1515) User=0.12s Sys=0.00s Real=0.06s
[470.540s][info][gc,start       ] GC(1516) Pause Young (Allocation Failure)
[470.614s][info][gc,heap        ] GC(1516) PSYoungGen: 190688K(190976K)->63648K(227328K) Eden: 136192K(136192K)->0K(128000K) From: 54496K(54784K)->63648K(99328K)
[470.614s][info][gc,heap        ] GC(1516) ParOldGen: 578009K(667648K)->578009K(667648K)
[470.614s][info][gc,metaspace   ] GC(1516) Metaspace: 18920K(19136K)->18920K(19136K) NonClass: 16257K(16384K)->16257K(16384K) Class: 2663K(2752K)->2663K(2752K)
[470.614s][info][gc             ] GC(1516) Pause Young (Allocation Failure) 750M->626M(874M) 74.150ms
[470.614s][info][gc,cpu         ] GC(1516) User=0.15s Sys=0.00s Real=0.08s
[470.683s][info][gc,start       ] GC(1517) Pause Young (Allocation Failure)
[470.784s][info][gc,heap        ] GC(1517) PSYoungGen: 191648K(227328K)->102912K(230912K) Eden: 128000K(128000K)->0K(128000K) From: 63648K(99328K)->102912K(102912K)
[470.784s][info][gc,heap        ] GC(1517) ParOldGen: 578009K(667648K)->586280K(667648K)
[470.784s][info][gc,metaspace   ] GC(1517) Metaspace: 18920K(19136K)->18920K(19136K) NonClass: 16257K(16384K)->16257K(16384K) Class: 2663K(2752K)->2663K(2752K)
[470.784s][info][gc             ] GC(1517) Pause Young (Allocation Failure) 751M->673M(877M) 101.539ms
[470.784s][info][gc,cpu         ] GC(1517) User=0.20s Sys=0.00s Real=0.10s
[470.967s][info][gc,start       ] GC(1518) Pause Young (Allocation Failure)
[471.074s][info][gc,heap        ] GC(1518) PSYoungGen: 230912K(230912K)->102912K(214528K) Eden: 128000K(128000K)->0K(111616K) From: 102912K(102912K)->102912K(102912K)
[471.074s][info][gc,heap        ] GC(1518) ParOldGen: 586280K(667648K)->600344K(667648K)
[471.074s][info][gc,metaspace   ] GC(1518) Metaspace: 18920K(19136K)->18920K(19136K) NonClass: 16257K(16384K)->16257K(16384K) Class: 2663K(2752K)->2663K(2752K)
[471.074s][info][gc             ] GC(1518) Pause Young (Allocation Failure) 798M->686M(861M) 107.196ms
[471.074s][info][gc,cpu         ] GC(1518) User=0.21s Sys=0.00s Real=0.11s
[471.214s][info][gc,start       ] GC(1519) Pause Young (Allocation Failure)
[471.301s][info][gc,heap        ] GC(1519) PSYoungGen: 214528K(214528K)->92633K(222720K) Eden: 111616K(111616K)->0K(111616K) From: 102912K(102912K)->92633K(111104K)
[471.301s][info][gc,heap        ] GC(1519) ParOldGen: 600344K(667648K)->619864K(667648K)
[471.301s][info][gc,metaspace   ] GC(1519) Metaspace: 18920K(19136K)->18920K(19136K) NonClass: 16257K(16384K)->16257K(16384K) Class: 2663K(2752K)->2663K(2752K)
[471.301s][info][gc             ] GC(1519) Pause Young (Allocation Failure) 795M->695M(869M) 87.925ms
[471.301s][info][gc,cpu         ] GC(1519) User=0.18s Sys=0.00s Real=0.09s
[471.358s][info][gc,start       ] GC(1520) Pause Young (Allocation Failure)
[471.474s][info][gc,heap        ] GC(1520) PSYoungGen: 204249K(222720K)->111081K(222720K) Eden: 111616K(111616K)->0K(111616K) From: 92633K(111104K)->111081K(111104K)
[471.474s][info][gc,heap        ] GC(1520) ParOldGen: 619864K(667648K)->649624K(667648K)
[471.474s][info][gc,metaspace   ] GC(1520) Metaspace: 18920K(19136K)->18920K(19136K) NonClass: 16257K(16384K)->16257K(16384K) Class: 2663K(2752K)->2663K(2752K)
[471.474s][info][gc             ] GC(1520) Pause Young (Allocation Failure) 804M->742M(869M) 116.363ms
[471.474s][info][gc,cpu         ] GC(1520) User=0.23s Sys=0.00s Real=0.12s
[471.579s][info][gc,start       ] GC(1521) Pause Full (Allocation Failure)
[471.579s][info][gc,phases,start] GC(1521) Marking Phase
[471.884s][info][gc,phases      ] GC(1521) Marking Phase 304.681ms
[471.884s][info][gc,phases,start] GC(1521) Summary Phase
[471.884s][info][gc,phases      ] GC(1521) Summary Phase 0.029ms
[471.884s][info][gc,phases,start] GC(1521) Forward
[472.033s][info][gc,phases      ] GC(1521) Forward 148.536ms
[472.033s][info][gc,phases,start] GC(1521) Adjust Pointers
[472.265s][info][gc,phases      ] GC(1521) Adjust Pointers 232.146ms
[472.265s][info][gc,phases,start] GC(1521) Compaction Phase
[472.407s][info][gc,phases      ] GC(1521) Compaction Phase 142.242ms
[472.418s][info][gc,phases,start] GC(1521) Post Compact
[472.421s][info][gc,phases      ] GC(1521) Post Compact 2.521ms
[472.421s][info][gc,heap        ] GC(1521) PSYoungGen: 222697K(222720K)->0K(222720K) Eden: 111616K(111616K)->0K(111616K) From: 111081K(111104K)->0K(111104K)
[472.421s][info][gc,heap        ] GC(1521) ParOldGen: 649624K(667648K)->462227K(667648K)
[472.421s][info][gc,metaspace   ] GC(1521) Metaspace: 18920K(19136K)->18920K(19136K) NonClass: 16257K(16384K)->16257K(16384K) Class: 2663K(2752K)->2663K(2752K)
[472.421s][info][gc             ] GC(1521) Pause Full (Allocation Failure) 851M->451M(869M) 841.291ms
[472.421s][info][gc,cpu         ] GC(1521) User=1.51s Sys=0.00s Real=0.85s
[472.536s][info][gc,start       ] GC(1522) Pause Young (Allocation Failure)
[472.543s][info][gc,heap        ] GC(1522) PSYoungGen: 111616K(222720K)->2112K(222720K) Eden: 111616K(111616K)->0K(111616K) From: 0K(111104K)->2112K(111104K)
[472.543s][info][gc,heap        ] GC(1522) ParOldGen: 462227K(667648K)->462227K(667648K)
[472.543s][info][gc,metaspace   ] GC(1522) Metaspace: 18920K(19136K)->18920K(19136K) NonClass: 16257K(16384K)->16257K(16384K) Class: 2663K(2752K)->2663K(2752K)
[472.543s][info][gc             ] GC(1522) Pause Young (Allocation Failure) 560M->453M(869M) 7.077ms
[472.543s][info][gc,cpu         ] GC(1522) User=0.01s Sys=0.00s Real=0.01s
[472.677s][info][gc,start       ] GC(1523) Pause Young (Allocation Failure)
[472.700s][info][gc,heap        ] GC(1523) PSYoungGen: 113728K(222720K)->9984K(222720K) Eden: 111616K(111616K)->0K(111616K) From: 2112K(111104K)->9984K(111104K)
[472.700s][info][gc,heap        ] GC(1523) ParOldGen: 462227K(667648K)->462227K(667648K)
[472.700s][info][gc,metaspace   ] GC(1523) Metaspace: 18920K(19136K)->18920K(19136K) NonClass: 16257K(16384K)->16257K(16384K) Class: 2663K(2752K)->2663K(2752K)
[472.700s][info][gc             ] GC(1523) Pause Young (Allocation Failure) 562M->461M(869M) 23.273ms
[472.700s][info][gc,cpu         ] GC(1523) User=0.05s Sys=0.00s Real=0.02s
[472.847s][info][gc,start       ] GC(1524) Pause Young (Allocation Failure)
[472.882s][info][gc,heap        ] GC(1524) PSYoungGen: 121600K(222720K)->20000K(222720K) Eden: 111616K(111616K)->0K(111616K) From: 9984K(111104K)->20000K(111104K)
[472.882s][info][gc,heap        ] GC(1524) ParOldGen: 462227K(667648K)->462227K(667648K)
[472.882s][info][gc,metaspace   ] GC(1524) Metaspace: 18920K(19136K)->18920K(19136K) NonClass: 16257K(16384K)->16257K(16384K) Class: 2663K(2752K)->2663K(2752K)
[472.882s][info][gc             ] GC(1524) Pause Young (Allocation Failure) 570M->470M(869M) 34.902ms
[472.882s][info][gc,cpu         ] GC(1524) User=0.07s Sys=0.00s Real=0.04s
[473.039s][info][gc,start       ] GC(1525) Pause Young (Allocation Failure)
[473.071s][info][gc,heap        ] GC(1525) PSYoungGen: 131616K(222720K)->20000K(222720K) Eden: 111616K(111616K)->0K(111616K) From: 20000K(111104K)->20000K(111104K)
[473.071s][info][gc,heap        ] GC(1525) ParOldGen: 462227K(667648K)->462227K(667648K)
[473.071s][info][gc,metaspace   ] GC(1525) Metaspace: 18920K(19136K)->18920K(19136K) NonClass: 16257K(16384K)->16257K(16384K) Class: 2663K(2752K)->2663K(2752K)
[473.071s][info][gc             ] GC(1525) Pause Young (Allocation Failure) 579M->470M(869M) 32.223ms
[473.071s][info][gc,cpu         ] GC(1525) User=0.06s Sys=0.00s Real=0.04s
[473.224s][info][gc,start       ] GC(1526) Pause Young (Allocation Failure)
[473.255s][info][gc,heap        ] GC(1526) PSYoungGen: 131616K(222720K)->10560K(222720K) Eden: 111616K(111616K)->0K(111616K) From: 20000K(111104K)->10560K(111104K)
[473.256s][info][gc,heap        ] GC(1526) ParOldGen: 462227K(667648K)->471691K(667648K)
[473.256s][info][gc,metaspace   ] GC(1526) Metaspace: 18920K(19136K)->18920K(19136K) NonClass: 16257K(16384K)->16257K(16384K) Class: 2663K(2752K)->2663K(2752K)
[473.256s][info][gc             ] GC(1526) Pause Young (Allocation Failure) 579M->470M(869M) 31.898ms
[473.256s][info][gc,cpu         ] GC(1526) User=0.07s Sys=0.00s Real=0.03s
[473.405s][info][gc,start       ] GC(1527) Pause Young (Allocation Failure)
[473.419s][info][gc,heap        ] GC(1527) PSYoungGen: 122176K(222720K)->32K(222720K) Eden: 111616K(111616K)->0K(111616K) From: 10560K(111104K)->32K(111104K)
[473.419s][info][gc,heap        ] GC(1527) ParOldGen: 471691K(667648K)->482243K(667648K)
[473.419s][info][gc,metaspace   ] GC(1527) Metaspace: 18920K(19136K)->18920K(19136K) NonClass: 16257K(16384K)->16257K(16384K) Class: 2663K(2752K)->2663K(2752K)
[473.419s][info][gc             ] GC(1527) Pause Young (Allocation Failure) 579M->470M(869M) 14.334ms
[473.419s][info][gc,cpu         ] GC(1527) User=0.03s Sys=0.00s Real=0.01s
[473.569s][info][gc,start       ] GC(1528) Pause Young (Allocation Failure)
[473.570s][info][gc,heap        ] GC(1528) PSYoungGen: 111648K(222720K)->64K(222720K) Eden: 111616K(111616K)->0K(111616K) From: 32K(111104K)->64K(111104K)
[473.570s][info][gc,heap        ] GC(1528) ParOldGen: 482243K(667648K)->482243K(667648K)
[473.570s][info][gc,metaspace   ] GC(1528) Metaspace: 18920K(19136K)->18920K(19136K) NonClass: 16257K(16384K)->16257K(16384K) Class: 2663K(2752K)->2663K(2752K)
[473.570s][info][gc             ] GC(1528) Pause Young (Allocation Failure) 579M->471M(869M) 1.616ms
[473.570s][info][gc,cpu         ] GC(1528) User=0.00s Sys=0.00s Real=0.00s
[473.718s][info][gc,start       ] GC(1529) Pause Young (Allocation Failure)
[473.719s][info][gc,heap        ] GC(1529) PSYoungGen: 111680K(222720K)->64K(222720K) Eden: 111616K(111616K)->0K(111616K) From: 64K(111104K)->64K(111104K)
[473.719s][info][gc,heap        ] GC(1529) ParOldGen: 482243K(667648K)->482243K(667648K)
[473.719s][info][gc,metaspace   ] GC(1529) Metaspace: 18920K(19136K)->18920K(19136K) NonClass: 16257K(16384K)->16257K(16384K) Class: 2663K(2752K)->2663K(2752K)
[473.719s][info][gc             ] GC(1529) Pause Young (Allocation Failure) 580M->471M(869M) 1.590ms
[473.719s][info][gc,cpu         ] GC(1529) User=0.01s Sys=0.00s Real=0.00s
[473.866s][info][gc,start       ] GC(1530) Pause Young (Allocation Failure)
[473.868s][info][gc,heap        ] GC(1530) PSYoungGen: 111680K(222720K)->64K(222720K) Eden: 111616K(111616K)->0K(111616K) From: 64K(111104K)->64K(111104K)
[473.868s][info][gc,heap        ] GC(1530) ParOldGen: 482243K(667648K)->482243K(667648K)
[473.868s][info][gc,metaspace   ] GC(1530) Metaspace: 18920K(19136K)->18920K(19136K) NonClass: 16257K(16384K)->16257K(16384K) Class: 2663K(2752K)->2663K(2752K)
[473.868s][info][gc             ] GC(1530) Pause Young (Allocation Failure) 580M->471M(869M) 1.635ms
[473.868s][info][gc,cpu         ] GC(1530) User=0.00s Sys=0.00s Real=0.00s
[474.015s][info][gc,start       ] GC(1531) Pause Young (Allocation Failure)
[474.017s][info][gc,heap        ] GC(1531) PSYoungGen: 111680K(222720K)->64K(222720K) Eden: 111616K(111616K)->0K(111616K) From: 64K(111104K)->64K(111104K)
[474.017s][info][gc,heap        ] GC(1531) ParOldGen: 482243K(667648K)->482243K(667648K)
[474.017s][info][gc,metaspace   ] GC(1531) Metaspace: 18920K(19136K)->18920K(19136K) NonClass: 16257K(16384K)->16257K(16384K) Class: 2663K(2752K)->2663K(2752K)
[474.017s][info][gc             ] GC(1531) Pause Young (Allocation Failure) 580M->471M(869M) 1.648ms
[474.017s][info][gc,cpu         ] GC(1531) User=0.01s Sys=0.00s Real=0.00s
[474.164s][info][gc,start       ] GC(1532) Pause Young (Allocation Failure)
[474.165s][info][gc,heap        ] GC(1532) PSYoungGen: 111680K(222720K)->64K(222720K) Eden: 111616K(111616K)->0K(111616K) From: 64K(111104K)->64K(111104K)
[474.165s][info][gc,heap        ] GC(1532) ParOldGen: 482243K(667648K)->482243K(667648K)
[474.165s][info][gc,metaspace   ] GC(1532) Metaspace: 18920K(19136K)->18920K(19136K) NonClass: 16257K(16384K)->16257K(16384K) Class: 2663K(2752K)->2663K(2752K)
[474.165s][info][gc             ] GC(1532) Pause Young (Allocation Failure) 580M->471M(869M) 1.593ms
[474.165s][info][gc,cpu         ] GC(1532) User=0.00s Sys=0.00s Real=0.00s
[474.306s][info][gc,start       ] GC(1533) Pause Young (Allocation Failure)
[474.312s][info][gc,heap        ] GC(1533) PSYoungGen: 111680K(222720K)->4128K(222720K) Eden: 111616K(111616K)->0K(111616K) From: 64K(111104K)->4128K(111104K)
[474.312s][info][gc,heap        ] GC(1533) ParOldGen: 482243K(667648K)->482243K(667648K)
[474.312s][info][gc,metaspace   ] GC(1533) Metaspace: 18920K(19136K)->18920K(19136K) NonClass: 16257K(16384K)->16257K(16384K) Class: 2663K(2752K)->2663K(2752K)
[474.312s][info][gc             ] GC(1533) Pause Young (Allocation Failure) 580M->474M(869M) 6.066ms
[474.312s][info][gc,cpu         ] GC(1533) User=0.01s Sys=0.00s Real=0.01s
[474.415s][info][gc,start       ] GC(1534) Pause Young (Allocation Failure)
[474.440s][info][gc,heap        ] GC(1534) PSYoungGen: 115744K(222720K)->17568K(216576K) Eden: 111616K(111616K)->0K(111616K) From: 4128K(111104K)->17568K(104960K)
[474.440s][info][gc,heap        ] GC(1534) ParOldGen: 482243K(667648K)->486363K(667648K)
[474.440s][info][gc,metaspace   ] GC(1534) Metaspace: 18920K(19136K)->18920K(19136K) NonClass: 16257K(16384K)->16257K(16384K) Class: 2663K(2752K)->2663K(2752K)
[474.440s][info][gc             ] GC(1534) Pause Young (Allocation Failure) 583M->492M(863M) 24.586ms
[474.440s][info][gc,cpu         ] GC(1534) User=0.04s Sys=0.00s Real=0.02s
[474.558s][info][gc,start       ] GC(1535) Pause Young (Allocation Failure)
[474.590s][info][gc,heap        ] GC(1535) PSYoungGen: 129184K(216576K)->30816K(219648K) Eden: 111616K(111616K)->0K(111616K) From: 17568K(104960K)->30816K(108032K)
[474.590s][info][gc,heap        ] GC(1535) ParOldGen: 486363K(667648K)->486363K(667648K)
[474.590s][info][gc,metaspace   ] GC(1535) Metaspace: 18920K(19136K)->18920K(19136K) NonClass: 16257K(16384K)->16257K(16384K) Class: 2663K(2752K)->2663K(2752K)
[474.590s][info][gc             ] GC(1535) Pause Young (Allocation Failure) 601M->505M(866M) 32.016ms
[474.590s][info][gc,cpu         ] GC(1535) User=0.06s Sys=0.00s Real=0.03s
[474.667s][info][gc,start       ] GC(1536) Pause Young (Allocation Failure)
[474.699s][info][gc,heap        ] GC(1536) PSYoungGen: 142432K(219648K)->31296K(212480K) Eden: 111616K(111616K)->0K(118784K) From: 30816K(108032K)->31296K(93696K)
[474.699s][info][gc,heap        ] GC(1536) ParOldGen: 486363K(667648K)->486363K(667648K)
[474.699s][info][gc,metaspace   ] GC(1536) Metaspace: 18920K(19136K)->18920K(19136K) NonClass: 16257K(16384K)->16257K(16384K) Class: 2663K(2752K)->2663K(2752K)
[474.699s][info][gc             ] GC(1536) Pause Young (Allocation Failure) 614M->505M(859M) 31.931ms
[474.699s][info][gc,cpu         ] GC(1536) User=0.06s Sys=0.00s Real=0.03s
[474.815s][info][gc,start       ] GC(1537) Pause Young (Allocation Failure)
[474.847s][info][gc,heap        ] GC(1537) PSYoungGen: 150080K(212480K)->32384K(216576K) Eden: 118784K(118784K)->0K(118784K) From: 31296K(93696K)->32384K(97792K)
[474.848s][info][gc,heap        ] GC(1537) ParOldGen: 486363K(667648K)->486363K(667648K)
[474.848s][info][gc,metaspace   ] GC(1537) Metaspace: 18920K(19136K)->18920K(19136K) NonClass: 16257K(16384K)->16257K(16384K) Class: 2663K(2752K)->2663K(2752K)
[474.848s][info][gc             ] GC(1537) Pause Young (Allocation Failure) 621M->506M(863M) 32.944ms
[474.848s][info][gc,cpu         ] GC(1537) User=0.07s Sys=0.00s Real=0.03s
[474.940s][info][gc,start       ] GC(1538) Pause Young (Allocation Failure)
[474.993s][info][gc,heap        ] GC(1538) PSYoungGen: 151168K(216576K)->52000K(218112K) Eden: 118784K(118784K)->0K(123904K) From: 32384K(97792K)->52000K(94208K)
[474.993s][info][gc,heap        ] GC(1538) ParOldGen: 486363K(667648K)->486363K(667648K)
[474.993s][info][gc,metaspace   ] GC(1538) Metaspace: 18920K(19136K)->18920K(19136K) NonClass: 16257K(16384K)->16257K(16384K) Class: 2663K(2752K)->2663K(2752K)
[474.993s][info][gc             ] GC(1538) Pause Young (Allocation Failure) 622M->525M(865M) 52.807ms
[474.993s][info][gc,cpu         ] GC(1538) User=0.10s Sys=0.00s Real=0.06s
[475.076s][info][gc,start       ] GC(1539) Pause Young (Allocation Failure)
[475.143s][info][gc,heap        ] GC(1539) PSYoungGen: 175904K(218112K)->67232K(221184K) Eden: 123904K(123904K)->0K(123904K) From: 52000K(94208K)->67232K(97280K)
[475.143s][info][gc,heap        ] GC(1539) ParOldGen: 486363K(667648K)->486363K(667648K)
[475.143s][info][gc,metaspace   ] GC(1539) Metaspace: 18920K(19136K)->18920K(19136K) NonClass: 16257K(16384K)->16257K(16384K) Class: 2663K(2752K)->2663K(2752K)
[475.143s][info][gc             ] GC(1539) Pause Young (Allocation Failure) 646M->540M(868M) 67.267ms
[475.143s][info][gc,cpu         ] GC(1539) User=0.13s Sys=0.00s Real=0.07s
[475.236s][info][gc,start       ] GC(1540) Pause Young (Allocation Failure)
[475.311s][info][gc,heap        ] GC(1540) PSYoungGen: 191136K(221184K)->79104K(217088K) Eden: 123904K(123904K)->0K(111616K) From: 67232K(97280K)->79104K(105472K)
[475.311s][info][gc,heap        ] GC(1540) ParOldGen: 486363K(667648K)->486363K(667648K)
[475.311s][info][gc,metaspace   ] GC(1540) Metaspace: 18920K(19136K)->18920K(19136K) NonClass: 16257K(16384K)->16257K(16384K) Class: 2663K(2752K)->2663K(2752K)
[475.311s][info][gc             ] GC(1540) Pause Young (Allocation Failure) 661M->552M(864M) 75.494ms
[475.311s][info][gc,cpu         ] GC(1540) User=0.15s Sys=0.00s Real=0.08s
[475.404s][info][gc,start       ] GC(1541) Pause Young (Allocation Failure)
[475.484s][info][gc,heap        ] GC(1541) PSYoungGen: 190720K(217088K)->51792K(222720K) Eden: 111616K(111616K)->0K(111616K) From: 79104K(105472K)->51792K(111104K)
[475.485s][info][gc,heap        ] GC(1541) ParOldGen: 486363K(667648K)->517219K(667648K)
[475.485s][info][gc,metaspace   ] GC(1541) Metaspace: 18920K(19136K)->18920K(19136K) NonClass: 16257K(16384K)->16257K(16384K) Class: 2663K(2752K)->2663K(2752K)
[475.485s][info][gc             ] GC(1541) Pause Young (Allocation Failure) 661M->555M(869M) 80.203ms
[475.485s][info][gc,cpu         ] GC(1541) User=0.15s Sys=0.00s Real=0.08s
[475.556s][info][gc,start       ] GC(1542) Pause Young (Allocation Failure)
[475.621s][info][gc,heap        ] GC(1542) PSYoungGen: 163408K(222720K)->63376K(222720K) Eden: 111616K(111616K)->0K(111616K) From: 51792K(111104K)->63376K(111104K)
[475.621s][info][gc,heap        ] GC(1542) ParOldGen: 517219K(667648K)->518835K(667648K)
[475.621s][info][gc,metaspace   ] GC(1542) Metaspace: 18920K(19136K)->18920K(19136K) NonClass: 16257K(16384K)->16257K(16384K) Class: 2663K(2752K)->2663K(2752K)
[475.621s][info][gc             ] GC(1542) Pause Young (Allocation Failure) 664M->568M(869M) 64.700ms
[475.621s][info][gc,cpu         ] GC(1542) User=0.12s Sys=0.00s Real=0.07s
[475.744s][info][gc,start       ] GC(1543) Pause Young (Allocation Failure)
[475.811s][info][gc,heap        ] GC(1543) PSYoungGen: 174992K(222720K)->32016K(143872K) Eden: 111616K(111616K)->0K(111616K) From: 63376K(111104K)->32016K(32256K)
[475.811s][info][gc,heap        ] GC(1543) ParOldGen: 518835K(667648K)->553715K(667648K)
[475.811s][info][gc,metaspace   ] GC(1543) Metaspace: 18920K(19136K)->18920K(19136K) NonClass: 16257K(16384K)->16257K(16384K) Class: 2663K(2752K)->2663K(2752K)
[475.811s][info][gc             ] GC(1543) Pause Young (Allocation Failure) 677M->572M(792M) 66.388ms
[475.811s][info][gc,cpu         ] GC(1543) User=0.13s Sys=0.00s Real=0.07s
[475.953s][info][gc,start       ] GC(1544) Pause Young (Allocation Failure)
[475.995s][info][gc,heap        ] GC(1544) PSYoungGen: 143632K(143872K)->24864K(225792K) Eden: 111616K(111616K)->0K(116224K) From: 32016K(32256K)->24864K(109568K)
[475.995s][info][gc,heap        ] GC(1544) ParOldGen: 553715K(667648K)->569131K(667648K)
[475.995s][info][gc,metaspace   ] GC(1544) Metaspace: 18920K(19136K)->18920K(19136K) NonClass: 16257K(16384K)->16257K(16384K) Class: 2663K(2752K)->2663K(2752K)
[475.995s][info][gc             ] GC(1544) Pause Young (Allocation Failure) 681M->580M(872M) 41.702ms
[475.995s][info][gc,cpu         ] GC(1544) User=0.08s Sys=0.00s Real=0.04s
[476.163s][info][gc,start       ] GC(1545) Pause Young (Allocation Failure)
[476.207s][info][gc,heap        ] GC(1545) PSYoungGen: 141088K(225792K)->26944K(143360K) Eden: 116224K(116224K)->0K(116224K) From: 24864K(109568K)->26944K(27136K)
[476.207s][info][gc,heap        ] GC(1545) ParOldGen: 569131K(667648K)->582347K(667648K)
[476.207s][info][gc,metaspace   ] GC(1545) Metaspace: 18920K(19136K)->18920K(19136K) NonClass: 16257K(16384K)->16257K(16384K) Class: 2663K(2752K)->2663K(2752K)
[476.207s][info][gc             ] GC(1545) Pause Young (Allocation Failure) 693M->595M(792M) 43.539ms
[476.207s][info][gc,cpu         ] GC(1545) User=0.08s Sys=0.00s Real=0.04s
[476.601s][info][gc,start       ] GC(1546) Pause Young (Allocation Failure)
[476.629s][info][gc,heap        ] GC(1546) PSYoungGen: 143168K(143360K)->26960K(221696K) Eden: 116224K(116224K)->0K(123904K) From: 26944K(27136K)->26960K(97792K)
[476.630s][info][gc,heap        ] GC(1546) ParOldGen: 582347K(667648K)->582347K(667648K)
[476.630s][info][gc,metaspace   ] GC(1546) Metaspace: 18920K(19136K)->18920K(19136K) NonClass: 16257K(16384K)->16257K(16384K) Class: 2663K(2752K)->2663K(2752K)
[476.630s][info][gc             ] GC(1546) Pause Young (Allocation Failure) 708M->595M(868M) 28.788ms
[476.630s][info][gc,cpu         ] GC(1546) User=0.05s Sys=0.00s Real=0.02s
[476.936s][info][gc,start       ] GC(1547) Pause Young (Allocation Failure)
[476.967s][info][gc,heap        ] GC(1547) PSYoungGen: 150864K(221696K)->26976K(219136K) Eden: 123904K(123904K)->0K(123904K) From: 26960K(97792K)->26976K(95232K)
[476.967s][info][gc,heap        ] GC(1547) ParOldGen: 582347K(667648K)->582347K(667648K)
[476.967s][info][gc,metaspace   ] GC(1547) Metaspace: 18920K(19136K)->18920K(19136K) NonClass: 16257K(16384K)->16257K(16384K) Class: 2663K(2752K)->2663K(2752K)
[476.967s][info][gc             ] GC(1547) Pause Young (Allocation Failure) 716M->595M(866M) 30.862ms
[476.967s][info][gc,cpu         ] GC(1547) User=0.06s Sys=0.00s Real=0.03s
[477.286s][info][gc,start       ] GC(1548) Pause Young (Allocation Failure)
[477.315s][info][gc,heap        ] GC(1548) PSYoungGen: 150880K(219136K)->27008K(213504K) Eden: 123904K(123904K)->0K(132608K) From: 26976K(95232K)->27008K(80896K)
[477.315s][info][gc,heap        ] GC(1548) ParOldGen: 582347K(667648K)->582347K(667648K)
[477.315s][info][gc,metaspace   ] GC(1548) Metaspace: 18920K(19136K)->18920K(19136K) NonClass: 16257K(16384K)->16257K(16384K) Class: 2663K(2752K)->2663K(2752K)
[477.315s][info][gc             ] GC(1548) Pause Young (Allocation Failure) 716M->595M(860M) 28.361ms
[477.315s][info][gc,cpu         ] GC(1548) User=0.05s Sys=0.00s Real=0.03s
[477.635s][info][gc,start       ] GC(1549) Pause Young (Allocation Failure)
[477.666s][info][gc,heap        ] GC(1549) PSYoungGen: 159616K(213504K)->27008K(219136K) Eden: 132608K(132608K)->0K(132608K) From: 27008K(80896K)->27008K(86528K)
[477.666s][info][gc,heap        ] GC(1549) ParOldGen: 582347K(667648K)->582347K(667648K)
[477.666s][info][gc,metaspace   ] GC(1549) Metaspace: 18920K(19136K)->18920K(19136K) NonClass: 16257K(16384K)->16257K(16384K) Class: 2663K(2752K)->2663K(2752K)
[477.666s][info][gc             ] GC(1549) Pause Young (Allocation Failure) 724M->595M(866M) 30.396ms
[477.666s][info][gc,cpu         ] GC(1549) User=0.06s Sys=0.00s Real=0.03s
[477.989s][info][gc,start       ] GC(1550) Pause Young (Allocation Failure)
[478.020s][info][gc,heap        ] GC(1550) PSYoungGen: 159616K(219136K)->27008K(214528K) Eden: 132608K(132608K)->0K(140288K) From: 27008K(86528K)->27008K(74240K)
[478.020s][info][gc,heap        ] GC(1550) ParOldGen: 582347K(667648K)->582347K(667648K)
[478.020s][info][gc,metaspace   ] GC(1550) Metaspace: 18920K(19136K)->18920K(19136K) NonClass: 16257K(16384K)->16257K(16384K) Class: 2663K(2752K)->2663K(2752K)
[478.020s][info][gc             ] GC(1550) Pause Young (Allocation Failure) 724M->595M(861M) 31.114ms
[478.020s][info][gc,cpu         ] GC(1550) User=0.06s Sys=0.00s Real=0.03s
[478.329s][info][gc,start       ] GC(1551) Pause Young (Allocation Failure)
[478.359s][info][gc,heap        ] GC(1551) PSYoungGen: 167296K(214528K)->27008K(219136K) Eden: 140288K(140288K)->0K(140288K) From: 27008K(74240K)->27008K(78848K)
[478.359s][info][gc,heap        ] GC(1551) ParOldGen: 582347K(667648K)->582347K(667648K)
[478.359s][info][gc,metaspace   ] GC(1551) Metaspace: 18920K(19136K)->18920K(19136K) NonClass: 16257K(16384K)->16257K(16384K) Class: 2663K(2752K)->2663K(2752K)
[478.359s][info][gc             ] GC(1551) Pause Young (Allocation Failure) 732M->595M(866M) 30.517ms
[478.359s][info][gc,cpu         ] GC(1551) User=0.06s Sys=0.00s Real=0.03s
[478.718s][info][gc,start       ] GC(1552) Pause Young (Allocation Failure)
[478.747s][info][gc,heap        ] GC(1552) PSYoungGen: 167296K(219136K)->27168K(215040K) Eden: 140288K(140288K)->0K(147456K) From: 27008K(78848K)->27168K(67584K)
[478.747s][info][gc,heap        ] GC(1552) ParOldGen: 582347K(667648K)->582347K(667648K)
[478.747s][info][gc,metaspace   ] GC(1552) Metaspace: 18920K(19136K)->18920K(19136K) NonClass: 16257K(16384K)->16257K(16384K) Class: 2663K(2752K)->2663K(2752K)
[478.747s][info][gc             ] GC(1552) Pause Young (Allocation Failure) 732M->595M(862M) 28.657ms
[478.747s][info][gc,cpu         ] GC(1552) User=0.06s Sys=0.00s Real=0.03s
[478.932s][info][gc,start       ] GC(1553) Pause Young (Allocation Failure)
[478.979s][info][gc,heap        ] GC(1553) PSYoungGen: 174624K(215040K)->54288K(219136K) Eden: 147456K(147456K)->0K(147456K) From: 27168K(67584K)->54288K(71680K)
[478.979s][info][gc,heap        ] GC(1553) ParOldGen: 582347K(667648K)->582347K(667648K)
[478.979s][info][gc,metaspace   ] GC(1553) Metaspace: 18920K(19136K)->18920K(19136K) NonClass: 16257K(16384K)->16257K(16384K) Class: 2663K(2752K)->2663K(2752K)
[478.980s][info][gc             ] GC(1553) Pause Young (Allocation Failure) 739M->621M(866M) 47.113ms
[478.980s][info][gc,cpu         ] GC(1553) User=0.09s Sys=0.00s Real=0.04s
[479.167s][info][gc,start       ] GC(1554) Pause Young (Allocation Failure)
[479.254s][info][gc,heap        ] GC(1554) PSYoungGen: 201744K(219136K)->76272K(212480K) Eden: 147456K(147456K)->0K(136192K) From: 54288K(71680K)->76272K(76288K)
[479.254s][info][gc,heap        ] GC(1554) ParOldGen: 582347K(667648K)->605347K(667648K)
[479.254s][info][gc,metaspace   ] GC(1554) Metaspace: 18921K(19136K)->18921K(19136K) NonClass: 16258K(16384K)->16258K(16384K) Class: 2663K(2752K)->2663K(2752K)
[479.254s][info][gc             ] GC(1554) Pause Young (Allocation Failure) 765M->665M(859M) 87.430ms
[479.254s][info][gc,cpu         ] GC(1554) User=0.16s Sys=0.01s Real=0.09s
[479.389s][info][gc,start       ] GC(1555) Pause Young (Allocation Failure)
[479.457s][info][gc,heap        ] GC(1555) PSYoungGen: 212464K(212480K)->67232K(232448K) Eden: 136192K(136192K)->0K(136192K) From: 76272K(76288K)->67232K(96256K)
[479.457s][info][gc,heap        ] GC(1555) ParOldGen: 605347K(667648K)->617043K(667648K)
[479.457s][info][gc,metaspace   ] GC(1555) Metaspace: 18921K(19136K)->18921K(19136K) NonClass: 16258K(16384K)->16258K(16384K) Class: 2663K(2752K)->2663K(2752K)
[479.457s][info][gc             ] GC(1555) Pause Young (Allocation Failure) 798M->668M(879M) 67.358ms
[479.457s][info][gc,cpu         ] GC(1555) User=0.13s Sys=0.00s Real=0.07s
[479.624s][info][gc,start       ] GC(1556) Pause Young (Allocation Failure)
[479.734s][info][gc,heap        ] GC(1556) PSYoungGen: 203424K(232448K)->100326K(211968K) Eden: 136192K(136192K)->0K(111616K) From: 67232K(96256K)->100326K(100352K)
[479.734s][info][gc,heap        ] GC(1556) ParOldGen: 617043K(667648K)->617059K(667648K)
[479.734s][info][gc,metaspace   ] GC(1556) Metaspace: 18921K(19136K)->18921K(19136K) NonClass: 16258K(16384K)->16258K(16384K) Class: 2663K(2752K)->2663K(2752K)
[479.734s][info][gc             ] GC(1556) Pause Young (Allocation Failure) 801M->700M(859M) 109.893ms
[479.734s][info][gc,cpu         ] GC(1556) User=0.21s Sys=0.02s Real=0.11s
[479.796s][info][gc,start       ] GC(1557) Pause Young (Allocation Failure)
[479.916s][info][gc,heap        ] GC(1557) PSYoungGen: 211942K(211968K)->111078K(222720K) Eden: 111616K(111616K)->0K(111616K) From: 100326K(100352K)->111078K(111104K)
[479.916s][info][gc,heap        ] GC(1557) ParOldGen: 617059K(667648K)->642180K(667648K)
[479.916s][info][gc,metaspace   ] GC(1557) Metaspace: 18921K(19136K)->18921K(19136K) NonClass: 16258K(16384K)->16258K(16384K) Class: 2663K(2752K)->2663K(2752K)
[479.916s][info][gc             ] GC(1557) Pause Young (Allocation Failure) 809M->735M(869M) 120.049ms
[479.916s][info][gc,cpu         ] GC(1557) User=0.23s Sys=0.00s Real=0.12s
[480.047s][info][gc,start       ] GC(1558) Pause Full (Allocation Failure)
[480.047s][info][gc,phases,start] GC(1558) Marking Phase
[480.285s][info][gc,phases      ] GC(1558) Marking Phase 238.090ms
[480.285s][info][gc,phases,start] GC(1558) Summary Phase
[480.285s][info][gc,phases      ] GC(1558) Summary Phase 0.029ms
[480.285s][info][gc,phases,start] GC(1558) Forward
[480.374s][info][gc,phases      ] GC(1558) Forward 88.808ms
[480.374s][info][gc,phases,start] GC(1558) Adjust Pointers
[480.561s][info][gc,phases      ] GC(1558) Adjust Pointers 187.629ms
[480.561s][info][gc,phases,start] GC(1558) Compaction Phase
[480.664s][info][gc,phases      ] GC(1558) Compaction Phase 102.481ms
[480.671s][info][gc,phases,start] GC(1558) Post Compact
[480.674s][info][gc,phases      ] GC(1558) Post Compact 2.534ms
[480.674s][info][gc,heap        ] GC(1558) PSYoungGen: 222694K(222720K)->0K(222720K) Eden: 111616K(111616K)->0K(111616K) From: 111078K(111104K)->0K(111104K)
[480.674s][info][gc,heap        ] GC(1558) ParOldGen: 642180K(667648K)->375668K(667648K)
[480.674s][info][gc,metaspace   ] GC(1558) Metaspace: 18921K(19136K)->18921K(19136K) NonClass: 16258K(16384K)->16258K(16384K) Class: 2663K(2752K)->2663K(2752K)
[480.674s][info][gc             ] GC(1558) Pause Full (Allocation Failure) 844M->366M(869M) 627.071ms
[480.674s][info][gc,cpu         ] GC(1558) User=1.18s Sys=0.00s Real=0.63s
[480.795s][info][gc,start       ] GC(1559) Pause Young (Allocation Failure)
[480.796s][info][gc,heap        ] GC(1559) PSYoungGen: 111616K(222720K)->96K(222720K) Eden: 111616K(111616K)->0K(111616K) From: 0K(111104K)->96K(111104K)
[480.796s][info][gc,heap        ] GC(1559) ParOldGen: 375668K(667648K)->375668K(667648K)
[480.796s][info][gc,metaspace   ] GC(1559) Metaspace: 18921K(19136K)->18921K(19136K) NonClass: 16258K(16384K)->16258K(16384K) Class: 2663K(2752K)->2663K(2752K)
[480.796s][info][gc             ] GC(1559) Pause Young (Allocation Failure) 475M->366M(869M) 1.669ms
[480.796s][info][gc,cpu         ] GC(1559) User=0.00s Sys=0.00s Real=0.00s
[480.912s][info][gc,start       ] GC(1560) Pause Young (Allocation Failure)
[480.913s][info][gc,heap        ] GC(1560) PSYoungGen: 111712K(222720K)->160K(222720K) Eden: 111616K(111616K)->0K(111616K) From: 96K(111104K)->160K(111104K)
[480.914s][info][gc,heap        ] GC(1560) ParOldGen: 375668K(667648K)->375668K(667648K)
[480.914s][info][gc,metaspace   ] GC(1560) Metaspace: 18921K(19136K)->18921K(19136K) NonClass: 16258K(16384K)->16258K(16384K) Class: 2663K(2752K)->2663K(2752K)
[480.914s][info][gc             ] GC(1560) Pause Young (Allocation Failure) 475M->367M(869M) 1.712ms
[480.914s][info][gc,cpu         ] GC(1560) User=0.00s Sys=0.00s Real=0.00s
[481.026s][info][gc,start       ] GC(1561) Pause Young (Allocation Failure)
[481.028s][info][gc,heap        ] GC(1561) PSYoungGen: 111776K(222720K)->256K(222720K) Eden: 111616K(111616K)->0K(111616K) From: 160K(111104K)->256K(111104K)
[481.028s][info][gc,heap        ] GC(1561) ParOldGen: 375668K(667648K)->375668K(667648K)
[481.028s][info][gc,metaspace   ] GC(1561) Metaspace: 18921K(19136K)->18921K(19136K) NonClass: 16258K(16384K)->16258K(16384K) Class: 2663K(2752K)->2663K(2752K)
[481.028s][info][gc             ] GC(1561) Pause Young (Allocation Failure) 476M->367M(869M) 1.994ms
[481.028s][info][gc,cpu         ] GC(1561) User=0.01s Sys=0.00s Real=0.00s
[481.140s][info][gc,start       ] GC(1562) Pause Young (Allocation Failure)
[481.142s][info][gc,heap        ] GC(1562) PSYoungGen: 111872K(222720K)->384K(222720K) Eden: 111616K(111616K)->0K(111616K) From: 256K(111104K)->384K(111104K)
[481.142s][info][gc,heap        ] GC(1562) ParOldGen: 375668K(667648K)->375668K(667648K)
[481.142s][info][gc,metaspace   ] GC(1562) Metaspace: 18921K(19136K)->18921K(19136K) NonClass: 16258K(16384K)->16258K(16384K) Class: 2663K(2752K)->2663K(2752K)
[481.142s][info][gc             ] GC(1562) Pause Young (Allocation Failure) 476M->367M(869M) 2.032ms
[481.142s][info][gc,cpu         ] GC(1562) User=0.00s Sys=0.00s Real=0.01s
[481.256s][info][gc,start       ] GC(1563) Pause Young (Allocation Failure)
[481.258s][info][gc,heap        ] GC(1563) PSYoungGen: 112000K(222720K)->448K(222720K) Eden: 111616K(111616K)->0K(111616K) From: 384K(111104K)->448K(111104K)
[481.258s][info][gc,heap        ] GC(1563) ParOldGen: 375668K(667648K)->375668K(667648K)
[481.258s][info][gc,metaspace   ] GC(1563) Metaspace: 18921K(19136K)->18921K(19136K) NonClass: 16258K(16384K)->16258K(16384K) Class: 2663K(2752K)->2663K(2752K)
[481.258s][info][gc             ] GC(1563) Pause Young (Allocation Failure) 476M->367M(869M) 2.026ms
[481.258s][info][gc,cpu         ] GC(1563) User=0.00s Sys=0.00s Real=0.00s
[481.372s][info][gc,start       ] GC(1564) Pause Young (Allocation Failure)
[481.374s][info][gc,heap        ] GC(1564) PSYoungGen: 112064K(222720K)->448K(222720K) Eden: 111616K(111616K)->0K(111616K) From: 448K(111104K)->448K(111104K)
[481.374s][info][gc,heap        ] GC(1564) ParOldGen: 375668K(667648K)->375740K(667648K)
[481.374s][info][gc,metaspace   ] GC(1564) Metaspace: 18921K(19136K)->18921K(19136K) NonClass: 16258K(16384K)->16258K(16384K) Class: 2663K(2752K)->2663K(2752K)
[481.374s][info][gc             ] GC(1564) Pause Young (Allocation Failure) 476M->367M(869M) 2.174ms
[481.374s][info][gc,cpu         ] GC(1564) User=0.00s Sys=0.00s Real=0.00s
[481.484s][info][gc,start       ] GC(1565) Pause Young (Allocation Failure)
[481.486s][info][gc,heap        ] GC(1565) PSYoungGen: 112064K(222720K)->384K(222720K) Eden: 111616K(111616K)->0K(111616K) From: 448K(111104K)->384K(111104K)
[481.486s][info][gc,heap        ] GC(1565) ParOldGen: 375740K(667648K)->375932K(667648K)
[481.486s][info][gc,metaspace   ] GC(1565) Metaspace: 18921K(19136K)->18921K(19136K) NonClass: 16258K(16384K)->16258K(16384K) Class: 2663K(2752K)->2663K(2752K)
[481.486s][info][gc             ] GC(1565) Pause Young (Allocation Failure) 476M->367M(869M) 2.176ms
[481.486s][info][gc,cpu         ] GC(1565) User=0.00s Sys=0.00s Real=0.00s
[481.600s][info][gc,start       ] GC(1566) Pause Young (Allocation Failure)
[481.602s][info][gc,heap        ] GC(1566) PSYoungGen: 112000K(222720K)->288K(222720K) Eden: 111616K(111616K)->0K(111616K) From: 384K(111104K)->288K(111104K)
[481.602s][info][gc,heap        ] GC(1566) ParOldGen: 375932K(667648K)->376108K(667648K)
[481.602s][info][gc,metaspace   ] GC(1566) Metaspace: 18921K(19136K)->18921K(19136K) NonClass: 16258K(16384K)->16258K(16384K) Class: 2663K(2752K)->2663K(2752K)
[481.602s][info][gc             ] GC(1566) Pause Young (Allocation Failure) 476M->367M(869M) 2.087ms
[481.602s][info][gc,cpu         ] GC(1566) User=0.00s Sys=0.00s Real=0.01s
[481.712s][info][gc,start       ] GC(1567) Pause Young (Allocation Failure)
[481.714s][info][gc,heap        ] GC(1567) PSYoungGen: 111904K(222720K)->192K(222720K) Eden: 111616K(111616K)->0K(111616K) From: 288K(111104K)->192K(111104K)
[481.714s][info][gc,heap        ] GC(1567) ParOldGen: 376108K(667648K)->376284K(667648K)
[481.714s][info][gc,metaspace   ] GC(1567) Metaspace: 18921K(19136K)->18921K(19136K) NonClass: 16258K(16384K)->16258K(16384K) Class: 2663K(2752K)->2663K(2752K)
[481.714s][info][gc             ] GC(1567) Pause Young (Allocation Failure) 476M->367M(869M) 1.878ms
[481.714s][info][gc,cpu         ] GC(1567) User=0.01s Sys=0.00s Real=0.00s
[481.841s][info][gc,start       ] GC(1568) Pause Young (Allocation Failure)
[481.851s][info][gc,heap        ] GC(1568) PSYoungGen: 111808K(222720K)->3360K(218624K) Eden: 111616K(111616K)->0K(111616K) From: 192K(111104K)->3360K(107008K)
[481.851s][info][gc,heap        ] GC(1568) ParOldGen: 376284K(667648K)->376428K(667648K)
[481.851s][info][gc,metaspace   ] GC(1568) Metaspace: 18921K(19136K)->18921K(19136K) NonClass: 16258K(16384K)->16258K(16384K) Class: 2663K(2752K)->2663K(2752K)
[481.851s][info][gc             ] GC(1568) Pause Young (Allocation Failure) 476M->370M(865M) 9.658ms
[481.851s][info][gc,cpu         ] GC(1568) User=0.01s Sys=0.00s Real=0.01s
[481.981s][info][gc,start       ] GC(1569) Pause Young (Allocation Failure)
[482.017s][info][gc,heap        ] GC(1569) PSYoungGen: 114976K(218624K)->18891K(130560K) Eden: 111616K(111616K)->0K(111616K) From: 3360K(107008K)->18891K(18944K)
[482.017s][info][gc,heap        ] GC(1569) ParOldGen: 376428K(667648K)->376428K(667648K)
[482.017s][info][gc,metaspace   ] GC(1569) Metaspace: 18921K(19136K)->18921K(19136K) NonClass: 16258K(16384K)->16258K(16384K) Class: 2663K(2752K)->2663K(2752K)
[482.017s][info][gc             ] GC(1569) Pause Young (Allocation Failure) 479M->386M(779M) 36.270ms
[482.017s][info][gc,cpu         ] GC(1569) User=0.07s Sys=0.01s Real=0.03s
[482.160s][info][gc,start       ] GC(1570) Pause Young (Allocation Failure)
[482.193s][info][gc,heap        ] GC(1570) PSYoungGen: 130507K(130560K)->18923K(204288K) Eden: 111616K(111616K)->0K(118272K) From: 18891K(18944K)->18923K(86016K)
[482.193s][info][gc,heap        ] GC(1570) ParOldGen: 376428K(667648K)->376428K(667648K)
[482.193s][info][gc,metaspace   ] GC(1570) Metaspace: 18921K(19136K)->18921K(19136K) NonClass: 16258K(16384K)->16258K(16384K) Class: 2663K(2752K)->2663K(2752K)
[482.193s][info][gc             ] GC(1570) Pause Young (Allocation Failure) 495M->386M(851M) 32.450ms
[482.193s][info][gc,cpu         ] GC(1570) User=0.06s Sys=0.00s Real=0.04s
[482.343s][info][gc,start       ] GC(1571) Pause Young (Allocation Failure)
[482.375s][info][gc,heap        ] GC(1571) PSYoungGen: 137195K(204288K)->18923K(210944K) Eden: 118272K(118272K)->0K(118272K) From: 18923K(86016K)->18923K(92672K)
[482.375s][info][gc,heap        ] GC(1571) ParOldGen: 376428K(667648K)->376428K(667648K)
[482.375s][info][gc,metaspace   ] GC(1571) Metaspace: 18921K(19136K)->18921K(19136K) NonClass: 16258K(16384K)->16258K(16384K) Class: 2663K(2752K)->2663K(2752K)
[482.375s][info][gc             ] GC(1571) Pause Young (Allocation Failure) 501M->386M(858M) 31.822ms
[482.375s][info][gc,cpu         ] GC(1571) User=0.06s Sys=0.00s Real=0.03s
[482.503s][info][gc,start       ] GC(1572) Pause Young (Allocation Failure)
[482.549s][info][gc,heap        ] GC(1572) PSYoungGen: 137195K(210944K)->32651K(210944K) Eden: 118272K(118272K)->0K(127488K) From: 18923K(92672K)->32651K(83456K)
[482.549s][info][gc,heap        ] GC(1572) ParOldGen: 376428K(667648K)->376428K(667648K)
[482.549s][info][gc,metaspace   ] GC(1572) Metaspace: 18921K(19136K)->18921K(19136K) NonClass: 16258K(16384K)->16258K(16384K) Class: 2663K(2752K)->2663K(2752K)
[482.549s][info][gc             ] GC(1572) Pause Young (Allocation Failure) 501M->399M(858M) 46.106ms
[482.549s][info][gc,cpu         ] GC(1572) User=0.09s Sys=0.00s Real=0.04s
[482.671s][info][gc,start       ] GC(1573) Pause Young (Allocation Failure)
[482.733s][info][gc,heap        ] GC(1573) PSYoungGen: 160139K(210944K)->50539K(211456K) Eden: 127488K(127488K)->0K(127488K) From: 32651K(83456K)->50539K(83968K)
[482.733s][info][gc,heap        ] GC(1573) ParOldGen: 376428K(667648K)->376428K(667648K)
[482.733s][info][gc,metaspace   ] GC(1573) Metaspace: 18921K(19136K)->18921K(19136K) NonClass: 16258K(16384K)->16258K(16384K) Class: 2663K(2752K)->2663K(2752K)
[482.733s][info][gc             ] GC(1573) Pause Young (Allocation Failure) 523M->416M(858M) 61.864ms
[482.733s][info][gc,cpu         ] GC(1573) User=0.13s Sys=0.00s Real=0.06s
[482.826s][info][gc,start       ] GC(1574) Pause Young (Allocation Failure)
[482.891s][info][gc,heap        ] GC(1574) PSYoungGen: 178027K(211456K)->54475K(222720K) Eden: 127488K(127488K)->0K(134144K) From: 50539K(83968K)->54475K(88576K)
[482.891s][info][gc,heap        ] GC(1574) ParOldGen: 376428K(667648K)->376428K(667648K)
[482.891s][info][gc,metaspace   ] GC(1574) Metaspace: 18921K(19136K)->18921K(19136K) NonClass: 16258K(16384K)->16258K(16384K) Class: 2663K(2752K)->2663K(2752K)
[482.891s][info][gc             ] GC(1574) Pause Young (Allocation Failure) 541M->420M(869M) 64.861ms
[482.891s][info][gc,cpu         ] GC(1574) User=0.13s Sys=0.00s Real=0.07s
[483.013s][info][gc,start       ] GC(1575) Pause Young (Allocation Failure)
[483.079s][info][gc,heap        ] GC(1575) PSYoungGen: 188619K(222720K)->52395K(227328K) Eden: 134144K(134144K)->0K(134144K) From: 54475K(88576K)->52395K(93184K)
[483.079s][info][gc,heap        ] GC(1575) ParOldGen: 376428K(667648K)->379788K(667648K)
[483.079s][info][gc,metaspace   ] GC(1575) Metaspace: 18921K(19136K)->18921K(19136K) NonClass: 16258K(16384K)->16258K(16384K) Class: 2663K(2752K)->2663K(2752K)
[483.079s][info][gc             ] GC(1575) Pause Young (Allocation Failure) 551M->422M(874M) 65.999ms
[483.079s][info][gc,cpu         ] GC(1575) User=0.13s Sys=0.00s Real=0.06s
[483.199s][info][gc,start       ] GC(1576) Pause Young (Allocation Failure)
[483.263s][info][gc,heap        ] GC(1576) PSYoungGen: 186539K(227328K)->40288K(238080K) Eden: 134144K(134144K)->0K(144896K) From: 52395K(93184K)->40288K(93184K)
[483.263s][info][gc,heap        ] GC(1576) ParOldGen: 379788K(667648K)->395331K(667648K)
[483.263s][info][gc,metaspace   ] GC(1576) Metaspace: 18921K(19136K)->18921K(19136K) NonClass: 16258K(16384K)->16258K(16384K) Class: 2663K(2752K)->2663K(2752K)
[483.263s][info][gc             ] GC(1576) Pause Young (Allocation Failure) 553M->425M(884M) 64.317ms
[483.263s][info][gc,cpu         ] GC(1576) User=0.13s Sys=0.00s Real=0.07s
[483.389s][info][gc,start       ] GC(1577) Pause Young (Allocation Failure)
[483.428s][info][gc,heap        ] GC(1577) PSYoungGen: 185184K(238080K)->40288K(238080K) Eden: 144896K(144896K)->0K(144896K) From: 40288K(93184K)->40288K(93184K)
[483.428s][info][gc,heap        ] GC(1577) ParOldGen: 395331K(667648K)->395387K(667648K)
[483.428s][info][gc,metaspace   ] GC(1577) Metaspace: 18923K(19136K)->18923K(19136K) NonClass: 16260K(16384K)->16260K(16384K) Class: 2663K(2752K)->2663K(2752K)
[483.428s][info][gc             ] GC(1577) Pause Young (Allocation Failure) 566M->425M(884M) 38.716ms
[483.428s][info][gc,cpu         ] GC(1577) User=0.07s Sys=0.00s Real=0.04s
[483.581s][info][gc,start       ] GC(1578) Pause Young (Allocation Failure)
[483.638s][info][gc,heap        ] GC(1578) PSYoungGen: 185184K(238080K)->59104K(233984K) Eden: 144896K(144896K)->0K(143360K) From: 40288K(93184K)->59104K(90624K)
[483.638s][info][gc,heap        ] GC(1578) ParOldGen: 395387K(667648K)->395387K(667648K)
[483.638s][info][gc,metaspace   ] GC(1578) Metaspace: 18923K(19136K)->18923K(19136K) NonClass: 16260K(16384K)->16260K(16384K) Class: 2663K(2752K)->2663K(2752K)
[483.638s][info][gc             ] GC(1578) Pause Young (Allocation Failure) 566M->443M(880M) 56.662ms
[483.638s][info][gc,cpu         ] GC(1578) User=0.11s Sys=0.00s Real=0.05s
[483.817s][info][gc,start       ] GC(1579) Pause Young (Allocation Failure)
[483.878s][info][gc,heap        ] GC(1579) PSYoungGen: 202464K(233984K)->50064K(238080K) Eden: 143360K(143360K)->0K(143360K) From: 59104K(90624K)->50064K(94720K)
[483.878s][info][gc,heap        ] GC(1579) ParOldGen: 395387K(667648K)->409139K(667648K)
[483.878s][info][gc,metaspace   ] GC(1579) Metaspace: 18923K(19136K)->18923K(19136K) NonClass: 16260K(16384K)->16260K(16384K) Class: 2663K(2752K)->2663K(2752K)
[483.878s][info][gc             ] GC(1579) Pause Young (Allocation Failure) 583M->448M(884M) 60.644ms
[483.878s][info][gc,cpu         ] GC(1579) User=0.12s Sys=0.00s Real=0.06s
[484.079s][info][gc,start       ] GC(1580) Pause Young (Allocation Failure)
[484.166s][info][gc,heap        ] GC(1580) PSYoungGen: 193424K(238080K)->66064K(228864K) Eden: 143360K(143360K)->0K(134144K) From: 50064K(94720K)->66064K(94720K)
[484.166s][info][gc,heap        ] GC(1580) ParOldGen: 409139K(667648K)->427099K(667648K)
[484.166s][info][gc,metaspace   ] GC(1580) Metaspace: 18923K(19136K)->18923K(19136K) NonClass: 16260K(16384K)->16260K(16384K) Class: 2663K(2752K)->2663K(2752K)
[484.166s][info][gc             ] GC(1580) Pause Young (Allocation Failure) 588M->481M(875M) 87.562ms
[484.166s][info][gc,cpu         ] GC(1580) User=0.17s Sys=0.01s Real=0.09s
[484.299s][info][gc,start       ] GC(1581) Pause Young (Allocation Failure)
[484.370s][info][gc,heap        ] GC(1581) PSYoungGen: 200208K(228864K)->69392K(203776K) Eden: 134144K(134144K)->0K(134144K) From: 66064K(94720K)->69392K(69632K)
[484.370s][info][gc,heap        ] GC(1581) ParOldGen: 427099K(667648K)->431051K(667648K)
[484.370s][info][gc,metaspace   ] GC(1581) Metaspace: 18923K(19136K)->18923K(19136K) NonClass: 16260K(16384K)->16260K(16384K) Class: 2663K(2752K)->2663K(2752K)
[484.370s][info][gc             ] GC(1581) Pause Young (Allocation Failure) 612M->488M(851M) 70.757ms
[484.370s][info][gc,cpu         ] GC(1581) User=0.14s Sys=0.00s Real=0.07s
[484.519s][info][gc,start       ] GC(1582) Pause Young (Allocation Failure)
[484.588s][info][gc,heap        ] GC(1582) PSYoungGen: 203536K(203776K)->70480K(220672K) Eden: 134144K(134144K)->0K(115712K) From: 69392K(69632K)->70480K(104960K)
[484.588s][info][gc,heap        ] GC(1582) ParOldGen: 431051K(667648K)->432323K(667648K)
[484.588s][info][gc,metaspace   ] GC(1582) Metaspace: 18923K(19136K)->18923K(19136K) NonClass: 16260K(16384K)->16260K(16384K) Class: 2663K(2752K)->2663K(2752K)
[484.588s][info][gc             ] GC(1582) Pause Young (Allocation Failure) 619M->491M(867M) 69.027ms
[484.588s][info][gc,cpu         ] GC(1582) User=0.14s Sys=0.00s Real=0.07s
[484.721s][info][gc,start       ] GC(1583) Pause Young (Allocation Failure)
[484.792s][info][gc,heap        ] GC(1583) PSYoungGen: 186192K(220672K)->71360K(187392K) Eden: 115712K(115712K)->0K(115712K) From: 70480K(104960K)->71360K(71680K)
[484.792s][info][gc,heap        ] GC(1583) ParOldGen: 432323K(667648K)->435699K(667648K)
[484.792s][info][gc,metaspace   ] GC(1583) Metaspace: 18923K(19136K)->18923K(19136K) NonClass: 16260K(16384K)->16260K(16384K) Class: 2663K(2752K)->2663K(2752K)
[484.792s][info][gc             ] GC(1583) Pause Young (Allocation Failure) 604M->495M(835M) 71.774ms
[484.792s][info][gc,cpu         ] GC(1583) User=0.14s Sys=0.00s Real=0.07s
[484.901s][info][gc,start       ] GC(1584) Pause Young (Allocation Failure)
[484.971s][info][gc,heap        ] GC(1584) PSYoungGen: 187072K(187392K)->52512K(225792K) Eden: 115712K(115712K)->0K(114688K) From: 71360K(71680K)->52512K(111104K)
[484.971s][info][gc,heap        ] GC(1584) ParOldGen: 435699K(667648K)->454628K(667648K)
[484.971s][info][gc,metaspace   ] GC(1584) Metaspace: 18923K(19136K)->18923K(19136K) NonClass: 16260K(16384K)->16260K(16384K) Class: 2663K(2752K)->2663K(2752K)
[484.971s][info][gc             ] GC(1584) Pause Young (Allocation Failure) 608M->495M(872M) 70.044ms
[484.971s][info][gc,cpu         ] GC(1584) User=0.13s Sys=0.00s Real=0.07s
[485.074s][info][gc,start       ] GC(1585) Pause Young (Allocation Failure)
[485.125s][info][gc,heap        ] GC(1585) PSYoungGen: 167200K(225792K)->13920K(129024K) Eden: 114688K(114688K)->0K(114688K) From: 52512K(111104K)->13920K(14336K)
[485.125s][info][gc,heap        ] GC(1585) ParOldGen: 454628K(667648K)->493308K(667648K)
[485.125s][info][gc,metaspace   ] GC(1585) Metaspace: 18923K(19136K)->18923K(19136K) NonClass: 16260K(16384K)->16260K(16384K) Class: 2663K(2752K)->2663K(2752K)
[485.125s][info][gc             ] GC(1585) Pause Young (Allocation Failure) 607M->495M(778M) 51.271ms
[485.125s][info][gc,cpu         ] GC(1585) User=0.10s Sys=0.00s Real=0.05s
[485.274s][info][gc,start       ] GC(1586) Pause Young (Allocation Failure)
[485.304s][info][gc,heap        ] GC(1586) PSYoungGen: 128608K(129024K)->16992K(223744K) Eden: 114688K(114688K)->0K(116224K) From: 13920K(14336K)->16992K(107520K)
[485.304s][info][gc,heap        ] GC(1586) ParOldGen: 493308K(667648K)->502956K(667648K)
[485.304s][info][gc,metaspace   ] GC(1586) Metaspace: 18923K(19136K)->18923K(19136K) NonClass: 16260K(16384K)->16260K(16384K) Class: 2663K(2752K)->2663K(2752K)
[485.304s][info][gc             ] GC(1586) Pause Young (Allocation Failure) 607M->507M(870M) 29.541ms
[485.304s][info][gc,cpu         ] GC(1586) User=0.05s Sys=0.00s Real=0.03s
[485.560s][info][gc,start       ] GC(1587) Pause Young (Allocation Failure)
[485.584s][info][gc,heap        ] GC(1587) PSYoungGen: 133216K(223744K)->15424K(222208K) Eden: 116224K(116224K)->0K(116224K) From: 16992K(107520K)->15424K(105984K)
[485.584s][info][gc,heap        ] GC(1587) ParOldGen: 502956K(667648K)->507212K(667648K)
[485.584s][info][gc,metaspace   ] GC(1587) Metaspace: 18923K(19136K)->18923K(19136K) NonClass: 16260K(16384K)->16260K(16384K) Class: 2663K(2752K)->2663K(2752K)
[485.584s][info][gc             ] GC(1587) Pause Young (Allocation Failure) 621M->510M(869M) 24.006ms
[485.584s][info][gc,cpu         ] GC(1587) User=0.05s Sys=0.00s Real=0.03s
[485.923s][info][gc,start       ] GC(1588) Pause Young (Allocation Failure)
[485.940s][info][gc,heap        ] GC(1588) PSYoungGen: 131648K(222208K)->15584K(225280K) Eden: 116224K(116224K)->0K(122880K) From: 15424K(105984K)->15584K(102400K)
[485.940s][info][gc,heap        ] GC(1588) ParOldGen: 507212K(667648K)->507212K(667648K)
[485.940s][info][gc,metaspace   ] GC(1588) Metaspace: 18923K(19136K)->18923K(19136K) NonClass: 16260K(16384K)->16260K(16384K) Class: 2663K(2752K)->2663K(2752K)
[485.940s][info][gc             ] GC(1588) Pause Young (Allocation Failure) 623M->510M(872M) 17.048ms
[485.940s][info][gc,cpu         ] GC(1588) User=0.04s Sys=0.00s Real=0.01s
[486.223s][info][gc,start       ] GC(1589) Pause Young (Allocation Failure)
[486.242s][info][gc,heap        ] GC(1589) PSYoungGen: 138464K(225280K)->15744K(224768K) Eden: 122880K(122880K)->0K(122880K) From: 15584K(102400K)->15744K(101888K)
[486.242s][info][gc,heap        ] GC(1589) ParOldGen: 507212K(667648K)->507212K(667648K)
[486.242s][info][gc,metaspace   ] GC(1589) Metaspace: 18923K(19136K)->18923K(19136K) NonClass: 16260K(16384K)->16260K(16384K) Class: 2663K(2752K)->2663K(2752K)
[486.242s][info][gc             ] GC(1589) Pause Young (Allocation Failure) 630M->510M(871M) 18.268ms
[486.242s][info][gc,cpu         ] GC(1589) User=0.03s Sys=0.00s Real=0.02s
[486.497s][info][gc,start       ] GC(1590) Pause Young (Allocation Failure)
[486.514s][info][gc,heap        ] GC(1590) PSYoungGen: 138624K(224768K)->16032K(225280K) Eden: 122880K(122880K)->0K(131072K) From: 15744K(101888K)->16032K(94208K)
[486.514s][info][gc,heap        ] GC(1590) ParOldGen: 507212K(667648K)->507212K(667648K)
[486.514s][info][gc,metaspace   ] GC(1590) Metaspace: 18923K(19136K)->18923K(19136K) NonClass: 16260K(16384K)->16260K(16384K) Class: 2663K(2752K)->2663K(2752K)
[486.514s][info][gc             ] GC(1590) Pause Young (Allocation Failure) 630M->510M(872M) 17.468ms
[486.515s][info][gc,cpu         ] GC(1590) User=0.03s Sys=0.00s Real=0.02s
[486.862s][info][gc,start       ] GC(1591) Pause Young (Allocation Failure)
[486.881s][info][gc,heap        ] GC(1591) PSYoungGen: 147104K(225280K)->15696K(226816K) Eden: 131072K(131072K)->0K(131072K) From: 16032K(94208K)->15696K(95744K)
[486.881s][info][gc,heap        ] GC(1591) ParOldGen: 507212K(667648K)->507212K(667648K)
[486.881s][info][gc,metaspace   ] GC(1591) Metaspace: 18923K(19136K)->18923K(19136K) NonClass: 16260K(16384K)->16260K(16384K) Class: 2663K(2752K)->2663K(2752K)
[486.881s][info][gc             ] GC(1591) Pause Young (Allocation Failure) 638M->510M(873M) 19.024ms
[486.881s][info][gc,cpu         ] GC(1591) User=0.04s Sys=0.00s Real=0.02s
[487.116s][info][gc,start       ] GC(1592) Pause Young (Allocation Failure)
[487.141s][info][gc,heap        ] GC(1592) PSYoungGen: 146768K(226816K)->23168K(220672K) Eden: 131072K(131072K)->0K(138752K) From: 15696K(95744K)->23168K(81920K)
[487.141s][info][gc,heap        ] GC(1592) ParOldGen: 507212K(667648K)->507212K(667648K)
[487.141s][info][gc,metaspace   ] GC(1592) Metaspace: 18923K(19136K)->18923K(19136K) NonClass: 16260K(16384K)->16260K(16384K) Class: 2663K(2752K)->2663K(2752K)
[487.141s][info][gc             ] GC(1592) Pause Young (Allocation Failure) 638M->517M(867M) 24.870ms
[487.141s][info][gc,cpu         ] GC(1592) User=0.05s Sys=0.00s Real=0.03s
[487.294s][info][gc,start       ] GC(1593) Pause Young (Allocation Failure)
[487.357s][info][gc,heap        ] GC(1593) PSYoungGen: 161920K(220672K)->74726K(226304K) Eden: 138752K(138752K)->0K(138752K) From: 23168K(81920K)->74726K(87552K)
[487.357s][info][gc,heap        ] GC(1593) ParOldGen: 507212K(667648K)->507212K(667648K)
[487.357s][info][gc,metaspace   ] GC(1593) Metaspace: 18923K(19136K)->18923K(19136K) NonClass: 16260K(16384K)->16260K(16384K) Class: 2663K(2752K)->2663K(2752K)
[487.357s][info][gc             ] GC(1593) Pause Young (Allocation Failure) 653M->568M(873M) 62.552ms
[487.357s][info][gc,cpu         ] GC(1593) User=0.12s Sys=0.00s Real=0.06s
[487.405s][info][gc,start       ] GC(1594) Pause Young (Allocation Failure)
[487.524s][info][gc,heap        ] GC(1594) PSYoungGen: 213478K(226304K)->98294K(209920K) Eden: 138752K(138752K)->0K(111616K) From: 74726K(87552K)->98294K(98304K)
[487.524s][info][gc,heap        ] GC(1594) ParOldGen: 507212K(667648K)->544484K(667648K)
[487.524s][info][gc,metaspace   ] GC(1594) Metaspace: 18923K(19136K)->18923K(19136K) NonClass: 16260K(16384K)->16260K(16384K) Class: 2663K(2752K)->2663K(2752K)
[487.524s][info][gc             ] GC(1594) Pause Young (Allocation Failure) 703M->627M(857M) 119.774ms
[487.524s][info][gc,cpu         ] GC(1594) User=0.22s Sys=0.02s Real=0.12s
[487.563s][info][gc,start       ] GC(1595) Pause Young (Allocation Failure)
[487.677s][info][gc,heap        ] GC(1595) PSYoungGen: 209910K(209920K)->111088K(222720K) Eden: 111616K(111616K)->0K(111616K) From: 98294K(98304K)->111088K(111104K)
[487.677s][info][gc,heap        ] GC(1595) ParOldGen: 544484K(667648K)->578786K(667648K)
[487.677s][info][gc,metaspace   ] GC(1595) Metaspace: 18923K(19136K)->18923K(19136K) NonClass: 16260K(16384K)->16260K(16384K) Class: 2663K(2752K)->2663K(2752K)
[487.677s][info][gc             ] GC(1595) Pause Young (Allocation Failure) 736M->673M(869M) 113.879ms
[487.677s][info][gc,cpu         ] GC(1595) User=0.23s Sys=0.00s Real=0.11s
[487.799s][info][gc,start       ] GC(1596) Pause Young (Allocation Failure)
[487.934s][info][gc,heap        ] GC(1596) PSYoungGen: 222704K(222720K)->111088K(222720K) Eden: 111616K(111616K)->0K(111616K) From: 111088K(111104K)->111088K(111104K)
[487.934s][info][gc,heap        ] GC(1596) ParOldGen: 578786K(667648K)->613586K(667648K)
[487.934s][info][gc,metaspace   ] GC(1596) Metaspace: 18923K(19136K)->18923K(19136K) NonClass: 16260K(16384K)->16260K(16384K) Class: 2663K(2752K)->2663K(2752K)
[487.934s][info][gc             ] GC(1596) Pause Young (Allocation Failure) 782M->707M(869M) 135.146ms
[487.934s][info][gc,cpu         ] GC(1596) User=0.27s Sys=0.00s Real=0.14s
[488.179s][info][gc,start       ] GC(1597) Pause Young (Allocation Failure)
[488.315s][info][gc,heap        ] GC(1597) PSYoungGen: 222704K(222720K)->111072K(222720K) Eden: 111616K(111616K)->0K(111616K) From: 111088K(111104K)->111072K(111104K)
[488.315s][info][gc,heap        ] GC(1597) ParOldGen: 613586K(667648K)->626691K(667648K)
[488.315s][info][gc,metaspace   ] GC(1597) Metaspace: 18923K(19136K)->18923K(19136K) NonClass: 16260K(16384K)->16260K(16384K) Class: 2663K(2752K)->2663K(2752K)
[488.315s][info][gc             ] GC(1597) Pause Young (Allocation Failure) 816M->720M(869M) 135.505ms
[488.315s][info][gc,cpu         ] GC(1597) User=0.27s Sys=0.00s Real=0.14s
[488.480s][info][gc,start       ] GC(1598) Pause Full (Allocation Failure)
[488.480s][info][gc,phases,start] GC(1598) Marking Phase
[488.885s][info][gc,phases      ] GC(1598) Marking Phase 405.186ms
[488.886s][info][gc,phases,start] GC(1598) Summary Phase
[488.886s][info][gc,phases      ] GC(1598) Summary Phase 0.046ms
[488.886s][info][gc,phases,start] GC(1598) Forward
[489.038s][info][gc,phases      ] GC(1598) Forward 152.270ms
[489.038s][info][gc,phases,start] GC(1598) Adjust Pointers
[489.343s][info][gc,phases      ] GC(1598) Adjust Pointers 304.822ms
[489.343s][info][gc,phases,start] GC(1598) Compaction Phase
[489.525s][info][gc,phases      ] GC(1598) Compaction Phase 181.736ms
[489.535s][info][gc,phases,start] GC(1598) Post Compact
[489.537s][info][gc,phases      ] GC(1598) Post Compact 2.468ms
[489.537s][info][gc,heap        ] GC(1598) PSYoungGen: 222688K(222720K)->0K(222720K) Eden: 111616K(111616K)->0K(111616K) From: 111072K(111104K)->0K(111104K)
[489.537s][info][gc,heap        ] GC(1598) ParOldGen: 626691K(667648K)->584456K(667648K)
[489.537s][info][gc,metaspace   ] GC(1598) Metaspace: 18923K(19136K)->18923K(19136K) NonClass: 16260K(16384K)->16260K(16384K) Class: 2663K(2752K)->2663K(2752K)
[489.537s][info][gc             ] GC(1598) Pause Full (Allocation Failure) 829M->570M(869M) 1057.113ms
[489.537s][info][gc,cpu         ] GC(1598) User=2.00s Sys=0.00s Real=1.06s
[489.641s][info][gc,start       ] GC(1599) Pause Young (Allocation Failure)
[489.658s][info][gc,heap        ] GC(1599) PSYoungGen: 111616K(222720K)->2016K(222720K) Eden: 111616K(111616K)->0K(111616K) From: 0K(111104K)->2016K(111104K)
[489.658s][info][gc,heap        ] GC(1599) ParOldGen: 584456K(667648K)->584456K(667648K)
[489.658s][info][gc,metaspace   ] GC(1599) Metaspace: 18923K(19136K)->18923K(19136K) NonClass: 16260K(16384K)->16260K(16384K) Class: 2663K(2752K)->2663K(2752K)
[489.658s][info][gc             ] GC(1599) Pause Young (Allocation Failure) 679M->572M(869M) 16.400ms
[489.658s][info][gc,cpu         ] GC(1599) User=0.03s Sys=0.00s Real=0.01s
[489.800s][info][gc,start       ] GC(1600) Pause Young (Allocation Failure)
[489.846s][info][gc,heap        ] GC(1600) PSYoungGen: 113632K(222720K)->24374K(222720K) Eden: 111616K(111616K)->0K(111616K) From: 2016K(111104K)->24374K(111104K)
[489.846s][info][gc,heap        ] GC(1600) ParOldGen: 584456K(667648K)->584456K(667648K)
[489.846s][info][gc,metaspace   ] GC(1600) Metaspace: 18923K(19136K)->18923K(19136K) NonClass: 16260K(16384K)->16260K(16384K) Class: 2663K(2752K)->2663K(2752K)
[489.846s][info][gc             ] GC(1600) Pause Young (Allocation Failure) 681M->594M(869M) 46.500ms
[489.846s][info][gc,cpu         ] GC(1600) User=0.09s Sys=0.00s Real=0.05s
[490.008s][info][gc,start       ] GC(1601) Pause Young (Allocation Failure)
[490.064s][info][gc,heap        ] GC(1601) PSYoungGen: 135990K(222720K)->29507K(222720K) Eden: 111616K(111616K)->0K(111616K) From: 24374K(111104K)->29507K(111104K)
[490.064s][info][gc,heap        ] GC(1601) ParOldGen: 584456K(667648K)->584456K(667648K)
[490.064s][info][gc,metaspace   ] GC(1601) Metaspace: 18923K(19136K)->18923K(19136K) NonClass: 16260K(16384K)->16260K(16384K) Class: 2663K(2752K)->2663K(2752K)
[490.064s][info][gc             ] GC(1601) Pause Young (Allocation Failure) 703M->599M(869M) 56.167ms
[490.064s][info][gc,cpu         ] GC(1601) User=0.11s Sys=0.00s Real=0.06s
[490.223s][info][gc,start       ] GC(1602) Pause Young (Allocation Failure)
[490.278s][info][gc,heap        ] GC(1602) PSYoungGen: 141123K(222720K)->29507K(222720K) Eden: 111616K(111616K)->0K(111616K) From: 29507K(111104K)->29507K(111104K)
[490.278s][info][gc,heap        ] GC(1602) ParOldGen: 584456K(667648K)->584456K(667648K)
[490.278s][info][gc,metaspace   ] GC(1602) Metaspace: 18923K(19136K)->18923K(19136K) NonClass: 16260K(16384K)->16260K(16384K) Class: 2663K(2752K)->2663K(2752K)
[490.278s][info][gc             ] GC(1602) Pause Young (Allocation Failure) 708M->599M(869M) 55.158ms
[490.278s][info][gc,cpu         ] GC(1602) User=0.11s Sys=0.00s Real=0.05s
[490.434s][info][gc,start       ] GC(1603) Pause Young (Allocation Failure)
[490.489s][info][gc,heap        ] GC(1603) PSYoungGen: 141123K(222720K)->6208K(222720K) Eden: 111616K(111616K)->0K(111616K) From: 29507K(111104K)->6208K(111104K)
[490.489s][info][gc,heap        ] GC(1603) ParOldGen: 584456K(667648K)->607823K(667648K)
[490.489s][info][gc,metaspace   ] GC(1603) Metaspace: 18923K(19136K)->18923K(19136K) NonClass: 16260K(16384K)->16260K(16384K) Class: 2663K(2752K)->2663K(2752K)
[490.489s][info][gc             ] GC(1603) Pause Young (Allocation Failure) 708M->599M(869M) 54.950ms
[490.489s][info][gc,cpu         ] GC(1603) User=0.11s Sys=0.00s Real=0.05s
[490.647s][info][gc,start       ] GC(1604) Pause Young (Allocation Failure)
[490.659s][info][gc,heap        ] GC(1604) PSYoungGen: 117824K(222720K)->64K(222720K) Eden: 111616K(111616K)->0K(111616K) From: 6208K(111104K)->64K(111104K)
[490.659s][info][gc,heap        ] GC(1604) ParOldGen: 607823K(667648K)->614007K(667648K)
[490.659s][info][gc,metaspace   ] GC(1604) Metaspace: 18923K(19136K)->18923K(19136K) NonClass: 16260K(16384K)->16260K(16384K) Class: 2663K(2752K)->2663K(2752K)
[490.659s][info][gc             ] GC(1604) Pause Young (Allocation Failure) 708M->599M(869M) 12.037ms
[490.659s][info][gc,cpu         ] GC(1604) User=0.02s Sys=0.00s Real=0.01s
[490.816s][info][gc,start       ] GC(1605) Pause Young (Allocation Failure)
[490.818s][info][gc,heap        ] GC(1605) PSYoungGen: 111680K(222720K)->64K(222720K) Eden: 111616K(111616K)->0K(111616K) From: 64K(111104K)->64K(111104K)
[490.818s][info][gc,heap        ] GC(1605) ParOldGen: 614007K(667648K)->614007K(667648K)
[490.818s][info][gc,metaspace   ] GC(1605) Metaspace: 18923K(19136K)->18923K(19136K) NonClass: 16260K(16384K)->16260K(16384K) Class: 2663K(2752K)->2663K(2752K)
[490.818s][info][gc             ] GC(1605) Pause Young (Allocation Failure) 708M->599M(869M) 1.916ms
[490.818s][info][gc,cpu         ] GC(1605) User=0.00s Sys=0.00s Real=0.00s
[490.973s][info][gc,start       ] GC(1606) Pause Young (Allocation Failure)
[490.974s][info][gc,heap        ] GC(1606) PSYoungGen: 111680K(222720K)->64K(222720K) Eden: 111616K(111616K)->0K(111616K) From: 64K(111104K)->64K(111104K)
[490.974s][info][gc,heap        ] GC(1606) ParOldGen: 614007K(667648K)->614007K(667648K)
[490.975s][info][gc,metaspace   ] GC(1606) Metaspace: 18923K(19136K)->18923K(19136K) NonClass: 16260K(16384K)->16260K(16384K) Class: 2663K(2752K)->2663K(2752K)
[490.975s][info][gc             ] GC(1606) Pause Young (Allocation Failure) 708M->599M(869M) 1.905ms
[490.975s][info][gc,cpu         ] GC(1606) User=0.00s Sys=0.00s Real=0.00s
[491.114s][info][gc,start       ] GC(1607) Pause Young (Allocation Failure)
[491.125s][info][gc,heap        ] GC(1607) PSYoungGen: 111680K(222720K)->8128K(222720K) Eden: 111616K(111616K)->0K(111616K) From: 64K(111104K)->8128K(111104K)
[491.125s][info][gc,heap        ] GC(1607) ParOldGen: 614007K(667648K)->614007K(667648K)
[491.125s][info][gc,metaspace   ] GC(1607) Metaspace: 18923K(19136K)->18923K(19136K) NonClass: 16260K(16384K)->16260K(16384K) Class: 2663K(2752K)->2663K(2752K)
[491.125s][info][gc             ] GC(1607) Pause Young (Allocation Failure) 708M->607M(869M) 10.991ms
[491.125s][info][gc,cpu         ] GC(1607) User=0.02s Sys=0.00s Real=0.01s
[491.235s][info][gc,start       ] GC(1608) Pause Young (Allocation Failure)
[491.260s][info][gc,heap        ] GC(1608) PSYoungGen: 119744K(222720K)->14944K(222720K) Eden: 111616K(111616K)->0K(111616K) From: 8128K(111104K)->14944K(111104K)
[491.260s][info][gc,heap        ] GC(1608) ParOldGen: 614007K(667648K)->622103K(667648K)
[491.260s][info][gc,metaspace   ] GC(1608) Metaspace: 18923K(19136K)->18923K(19136K) NonClass: 16260K(16384K)->16260K(16384K) Class: 2663K(2752K)->2663K(2752K)
[491.261s][info][gc             ] GC(1608) Pause Young (Allocation Failure) 716M->622M(869M) 25.018ms
[491.261s][info][gc,cpu         ] GC(1608) User=0.05s Sys=0.00s Real=0.03s
[491.356s][info][gc,start       ] GC(1609) Pause Young (Allocation Failure)
[491.380s][info][gc,heap        ] GC(1609) PSYoungGen: 126560K(222720K)->7712K(222720K) Eden: 111616K(111616K)->0K(111616K) From: 14944K(111104K)->7712K(111104K)
[491.380s][info][gc,heap        ] GC(1609) ParOldGen: 622103K(667648K)->637031K(667648K)
[491.380s][info][gc,metaspace   ] GC(1609) Metaspace: 18923K(19136K)->18923K(19136K) NonClass: 16260K(16384K)->16260K(16384K) Class: 2663K(2752K)->2663K(2752K)
[491.380s][info][gc             ] GC(1609) Pause Young (Allocation Failure) 731M->629M(869M) 24.358ms
[491.380s][info][gc,cpu         ] GC(1609) User=0.05s Sys=0.00s Real=0.02s
[491.488s][info][gc,start       ] GC(1610) Pause Full (Allocation Failure)
[491.488s][info][gc,phases,start] GC(1610) Marking Phase
[491.812s][info][gc,phases      ] GC(1610) Marking Phase 323.965ms
[491.812s][info][gc,phases,start] GC(1610) Summary Phase
[491.812s][info][gc,phases      ] GC(1610) Summary Phase 0.025ms
[491.812s][info][gc,phases,start] GC(1610) Forward
[491.932s][info][gc,phases      ] GC(1610) Forward 120.272ms
[491.932s][info][gc,phases,start] GC(1610) Adjust Pointers
[492.206s][info][gc,phases      ] GC(1610) Adjust Pointers 273.273ms
[492.206s][info][gc,phases,start] GC(1610) Compaction Phase
[492.383s][info][gc,phases      ] GC(1610) Compaction Phase 177.046ms
[492.398s][info][gc,phases,start] GC(1610) Post Compact
[492.400s][info][gc,phases      ] GC(1610) Post Compact 2.268ms
[492.400s][info][gc,heap        ] GC(1610) PSYoungGen: 119328K(222720K)->0K(222720K) Eden: 111616K(111616K)->0K(111616K) From: 7712K(111104K)->0K(111104K)
[492.400s][info][gc,heap        ] GC(1610) ParOldGen: 637031K(667648K)->490475K(667648K)
[492.400s][info][gc,metaspace   ] GC(1610) Metaspace: 18923K(19136K)->18923K(19136K) NonClass: 16260K(16384K)->16260K(16384K) Class: 2663K(2752K)->2663K(2752K)
[492.400s][info][gc             ] GC(1610) Pause Full (Allocation Failure) 738M->478M(869M) 912.043ms
[492.400s][info][gc,cpu         ] GC(1610) User=1.72s Sys=0.01s Real=0.91s
[492.503s][info][gc,start       ] GC(1611) Pause Young (Allocation Failure)
[492.509s][info][gc,heap        ] GC(1611) PSYoungGen: 111616K(222720K)->1440K(222720K) Eden: 111616K(111616K)->0K(111616K) From: 0K(111104K)->1440K(111104K)
[492.509s][info][gc,heap        ] GC(1611) ParOldGen: 490475K(667648K)->490475K(667648K)
[492.509s][info][gc,metaspace   ] GC(1611) Metaspace: 18923K(19136K)->18923K(19136K) NonClass: 16260K(16384K)->16260K(16384K) Class: 2663K(2752K)->2663K(2752K)
[492.509s][info][gc             ] GC(1611) Pause Young (Allocation Failure) 587M->480M(869M) 5.721ms
[492.509s][info][gc,cpu         ] GC(1611) User=0.02s Sys=0.00s Real=0.00s
[492.637s][info][gc,start       ] GC(1612) Pause Young (Allocation Failure)
[492.645s][info][gc,heap        ] GC(1612) PSYoungGen: 113056K(222720K)->4864K(222720K) Eden: 111616K(111616K)->0K(111616K) From: 1440K(111104K)->4864K(111104K)
[492.645s][info][gc,heap        ] GC(1612) ParOldGen: 490475K(667648K)->491891K(667648K)
[492.645s][info][gc,metaspace   ] GC(1612) Metaspace: 18923K(19136K)->18923K(19136K) NonClass: 16260K(16384K)->16260K(16384K) Class: 2663K(2752K)->2663K(2752K)
[492.645s][info][gc             ] GC(1612) Pause Young (Allocation Failure) 589M->485M(869M) 8.268ms
[492.645s][info][gc,cpu         ] GC(1612) User=0.01s Sys=0.00s Real=0.01s
[492.788s][info][gc,start       ] GC(1613) Pause Young (Allocation Failure)
[492.798s][info][gc,heap        ] GC(1613) PSYoungGen: 116480K(222720K)->3328K(222720K) Eden: 111616K(111616K)->0K(111616K) From: 4864K(111104K)->3328K(111104K)
[492.798s][info][gc,heap        ] GC(1613) ParOldGen: 491891K(667648K)->496739K(667648K)
[492.798s][info][gc,metaspace   ] GC(1613) Metaspace: 18923K(19136K)->18923K(19136K) NonClass: 16260K(16384K)->16260K(16384K) Class: 2663K(2752K)->2663K(2752K)
[492.798s][info][gc             ] GC(1613) Pause Young (Allocation Failure) 594M->488M(869M) 10.293ms
[492.798s][info][gc,cpu         ] GC(1613) User=0.02s Sys=0.00s Real=0.01s
[493.046s][info][gc,start       ] GC(1614) Pause Young (Allocation Failure)
[493.051s][info][gc,heap        ] GC(1614) PSYoungGen: 114944K(222720K)->64K(216576K) Eden: 111616K(111616K)->0K(111616K) From: 3328K(111104K)->64K(104960K)
[493.051s][info][gc,heap        ] GC(1614) ParOldGen: 496739K(667648K)->500033K(667648K)
[493.051s][info][gc,metaspace   ] GC(1614) Metaspace: 18923K(19136K)->18923K(19136K) NonClass: 16260K(16384K)->16260K(16384K) Class: 2663K(2752K)->2663K(2752K)
[493.051s][info][gc             ] GC(1614) Pause Young (Allocation Failure) 597M->488M(863M) 5.649ms
[493.051s][info][gc,cpu         ] GC(1614) User=0.01s Sys=0.00s Real=0.01s
[493.257s][info][gc,start       ] GC(1615) Pause Young (Allocation Failure)
[493.259s][info][gc,heap        ] GC(1615) PSYoungGen: 111680K(216576K)->192K(112128K) Eden: 111616K(111616K)->0K(111616K) From: 64K(104960K)->192K(512K)
[493.259s][info][gc,heap        ] GC(1615) ParOldGen: 500033K(667648K)->500033K(667648K)
[493.259s][info][gc,metaspace   ] GC(1615) Metaspace: 18923K(19136K)->18923K(19136K) NonClass: 16260K(16384K)->16260K(16384K) Class: 2663K(2752K)->2663K(2752K)
[493.259s][info][gc             ] GC(1615) Pause Young (Allocation Failure) 597M->488M(761M) 2.590ms
[493.259s][info][gc,cpu         ] GC(1615) User=0.01s Sys=0.00s Real=0.00s
[493.466s][info][gc,start       ] GC(1616) Pause Young (Allocation Failure)
[493.470s][info][gc,heap        ] GC(1616) PSYoungGen: 111808K(112128K)->192K(206336K) Eden: 111616K(111616K)->0K(115200K) From: 192K(512K)->192K(91136K)
[493.470s][info][gc,heap        ] GC(1616) ParOldGen: 500033K(667648K)->500033K(667648K)
[493.470s][info][gc,metaspace   ] GC(1616) Metaspace: 18923K(19136K)->18923K(19136K) NonClass: 16260K(16384K)->16260K(16384K) Class: 2663K(2752K)->2663K(2752K)
[493.470s][info][gc             ] GC(1616) Pause Young (Allocation Failure) 597M->488M(853M) 3.964ms
[493.470s][info][gc,cpu         ] GC(1616) User=0.01s Sys=0.00s Real=0.00s
[493.677s][info][gc,start       ] GC(1617) Pause Young (Allocation Failure)
[493.680s][info][gc,heap        ] GC(1617) PSYoungGen: 115392K(206336K)->192K(115712K) Eden: 115200K(115200K)->0K(115200K) From: 192K(91136K)->192K(512K)
[493.680s][info][gc,heap        ] GC(1617) ParOldGen: 500033K(667648K)->500033K(667648K)
[493.680s][info][gc,metaspace   ] GC(1617) Metaspace: 18923K(19136K)->18923K(19136K) NonClass: 16260K(16384K)->16260K(16384K) Class: 2663K(2752K)->2663K(2752K)
[493.680s][info][gc             ] GC(1617) Pause Young (Allocation Failure) 601M->488M(765M) 2.995ms
[493.680s][info][gc,cpu         ] GC(1617) User=0.00s Sys=0.00s Real=0.00s
[493.865s][info][gc,start       ] GC(1618) Pause Young (Allocation Failure)
[493.881s][info][gc,heap        ] GC(1618) PSYoungGen: 115392K(115712K)->13248K(196608K) Eden: 115200K(115200K)->0K(118784K) From: 192K(512K)->13248K(77824K)
[493.881s][info][gc,heap        ] GC(1618) ParOldGen: 500033K(667648K)->500033K(667648K)
[493.881s][info][gc,metaspace   ] GC(1618) Metaspace: 18923K(19136K)->18923K(19136K) NonClass: 16260K(16384K)->16260K(16384K) Class: 2663K(2752K)->2663K(2752K)
[493.881s][info][gc             ] GC(1618) Pause Young (Allocation Failure) 601M->501M(844M) 16.568ms
[493.881s][info][gc,cpu         ] GC(1618) User=0.03s Sys=0.00s Real=0.02s
[494.019s][info][gc,start       ] GC(1619) Pause Young (Allocation Failure)
[494.037s][info][gc,heap        ] GC(1619) PSYoungGen: 132032K(196608K)->13248K(132096K) Eden: 118784K(118784K)->0K(118784K) From: 13248K(77824K)->13248K(13312K)
[494.037s][info][gc,heap        ] GC(1619) ParOldGen: 500033K(667648K)->500033K(667648K)
[494.037s][info][gc,metaspace   ] GC(1619) Metaspace: 18923K(19136K)->18923K(19136K) NonClass: 16260K(16384K)->16260K(16384K) Class: 2663K(2752K)->2663K(2752K)
[494.037s][info][gc             ] GC(1619) Pause Young (Allocation Failure) 617M->501M(781M) 18.726ms
[494.037s][info][gc,cpu         ] GC(1619) User=0.04s Sys=0.01s Real=0.02s
[494.164s][info][gc,start       ] GC(1620) Pause Young (Allocation Failure)
[494.192s][info][gc,heap        ] GC(1620) PSYoungGen: 132032K(132096K)->31296K(201216K) Eden: 118784K(118784K)->0K(123904K) From: 13248K(13312K)->31296K(77312K)
[494.192s][info][gc,heap        ] GC(1620) ParOldGen: 500033K(667648K)->500033K(667648K)
[494.192s][info][gc,metaspace   ] GC(1620) Metaspace: 18924K(19136K)->18924K(19136K) NonClass: 16261K(16384K)->16261K(16384K) Class: 2663K(2752K)->2663K(2752K)
[494.192s][info][gc             ] GC(1620) Pause Young (Allocation Failure) 617M->518M(848M) 27.165ms
[494.192s][info][gc,cpu         ] GC(1620) User=0.05s Sys=0.00s Real=0.03s
[494.296s][info][gc,start       ] GC(1621) Pause Young (Allocation Failure)
[494.349s][info][gc,heap        ] GC(1621) PSYoungGen: 155200K(201216K)->66880K(201216K) Eden: 123904K(123904K)->0K(123904K) From: 31296K(77312K)->66880K(77312K)
[494.349s][info][gc,heap        ] GC(1621) ParOldGen: 500033K(667648K)->500033K(667648K)
[494.349s][info][gc,metaspace   ] GC(1621) Metaspace: 18925K(19136K)->18925K(19136K) NonClass: 16262K(16384K)->16262K(16384K) Class: 2663K(2752K)->2663K(2752K)
[494.349s][info][gc             ] GC(1621) Pause Young (Allocation Failure) 639M->553M(848M) 52.118ms
[494.349s][info][gc,cpu         ] GC(1621) User=0.10s Sys=0.00s Real=0.05s
[494.557s][info][gc,start       ] GC(1622) Pause Young (Allocation Failure)
[494.637s][info][gc,heap        ] GC(1622) PSYoungGen: 190784K(201216K)->79984K(208896K) Eden: 123904K(123904K)->0K(118784K) From: 66880K(77312K)->79984K(90112K)
[494.637s][info][gc,heap        ] GC(1622) ParOldGen: 500033K(667648K)->500033K(667648K)
[494.637s][info][gc,metaspace   ] GC(1622) Metaspace: 18925K(19136K)->18925K(19136K) NonClass: 16262K(16384K)->16262K(16384K) Class: 2663K(2752K)->2663K(2752K)
[494.637s][info][gc             ] GC(1622) Pause Young (Allocation Failure) 674M->566M(856M) 80.002ms
[494.637s][info][gc,cpu         ] GC(1622) User=0.15s Sys=0.01s Real=0.08s
[494.804s][info][gc,start       ] GC(1623) Pause Young (Allocation Failure)
[494.876s][info][gc,heap        ] GC(1623) PSYoungGen: 198768K(208896K)->80112K(199168K) Eden: 118784K(118784K)->0K(118784K) From: 79984K(90112K)->80112K(80384K)
[494.876s][info][gc,heap        ] GC(1623) ParOldGen: 500033K(667648K)->500033K(667648K)
[494.876s][info][gc,metaspace   ] GC(1623) Metaspace: 18925K(19136K)->18925K(19136K) NonClass: 16262K(16384K)->16262K(16384K) Class: 2663K(2752K)->2663K(2752K)
[494.876s][info][gc             ] GC(1623) Pause Young (Allocation Failure) 682M->566M(846M) 71.708ms
[494.876s][info][gc,cpu         ] GC(1623) User=0.15s Sys=0.00s Real=0.07s
[495.048s][info][gc,start       ] GC(1624) Pause Young (Allocation Failure)
[495.122s][info][gc,heap        ] GC(1624) PSYoungGen: 198896K(199168K)->79920K(222720K) Eden: 118784K(118784K)->0K(111616K) From: 80112K(80384K)->79920K(111104K)
[495.122s][info][gc,heap        ] GC(1624) ParOldGen: 500033K(667648K)->500199K(667648K)
[495.122s][info][gc,metaspace   ] GC(1624) Metaspace: 18925K(19136K)->18925K(19136K) NonClass: 16262K(16384K)->16262K(16384K) Class: 2663K(2752K)->2663K(2752K)
[495.122s][info][gc             ] GC(1624) Pause Young (Allocation Failure) 682M->566M(869M) 73.761ms
[495.122s][info][gc,cpu         ] GC(1624) User=0.14s Sys=0.00s Real=0.08s
[495.282s][info][gc,start       ] GC(1625) Pause Young (Allocation Failure)
[495.355s][info][gc,heap        ] GC(1625) PSYoungGen: 191536K(222720K)->79920K(222720K) Eden: 111616K(111616K)->0K(111616K) From: 79920K(111104K)->79920K(111104K)
[495.355s][info][gc,heap        ] GC(1625) ParOldGen: 500199K(667648K)->500215K(667648K)
[495.355s][info][gc,metaspace   ] GC(1625) Metaspace: 18925K(19136K)->18925K(19136K) NonClass: 16262K(16384K)->16262K(16384K) Class: 2663K(2752K)->2663K(2752K)
[495.355s][info][gc             ] GC(1625) Pause Young (Allocation Failure) 675M->566M(869M) 73.116ms
[495.355s][info][gc,cpu         ] GC(1625) User=0.15s Sys=0.00s Real=0.07s
[495.516s][info][gc,start       ] GC(1626) Pause Young (Allocation Failure)
[495.590s][info][gc,heap        ] GC(1626) PSYoungGen: 191536K(222720K)->66864K(222720K) Eden: 111616K(111616K)->0K(111616K) From: 79920K(111104K)->66864K(111104K)
[495.590s][info][gc,heap        ] GC(1626) ParOldGen: 500215K(667648K)->513327K(667648K)
[495.590s][info][gc,metaspace   ] GC(1626) Metaspace: 18925K(19136K)->18925K(19136K) NonClass: 16262K(16384K)->16262K(16384K) Class: 2663K(2752K)->2663K(2752K)
[495.590s][info][gc             ] GC(1626) Pause Young (Allocation Failure) 675M->566M(869M) 73.919ms
[495.590s][info][gc,cpu         ] GC(1626) User=0.14s Sys=0.00s Real=0.07s
[495.749s][info][gc,start       ] GC(1627) Pause Young (Allocation Failure)
[495.806s][info][gc,heap        ] GC(1627) PSYoungGen: 178480K(222720K)->13248K(222720K) Eden: 111616K(111616K)->0K(111616K) From: 66864K(111104K)->13248K(111104K)
[495.806s][info][gc,heap        ] GC(1627) ParOldGen: 513327K(667648K)->567562K(667648K)
[495.806s][info][gc,metaspace   ] GC(1627) Metaspace: 18925K(19136K)->18925K(19136K) NonClass: 16262K(16384K)->16262K(16384K) Class: 2663K(2752K)->2663K(2752K)
[495.806s][info][gc             ] GC(1627) Pause Young (Allocation Failure) 675M->567M(869M) 57.137ms
[495.806s][info][gc,cpu         ] GC(1627) User=0.11s Sys=0.00s Real=0.06s
[495.965s][info][gc,start       ] GC(1628) Pause Young (Allocation Failure)
[495.989s][info][gc,heap        ] GC(1628) PSYoungGen: 124864K(222720K)->64K(222720K) Eden: 111616K(111616K)->0K(111616K) From: 13248K(111104K)->64K(111104K)
[495.989s][info][gc,heap        ] GC(1628) ParOldGen: 567562K(667648K)->580802K(667648K)
[495.989s][info][gc,metaspace   ] GC(1628) Metaspace: 18925K(19136K)->18925K(19136K) NonClass: 16262K(16384K)->16262K(16384K) Class: 2663K(2752K)->2663K(2752K)
[495.989s][info][gc             ] GC(1628) Pause Young (Allocation Failure) 676M->567M(869M) 24.186ms
[495.989s][info][gc,cpu         ] GC(1628) User=0.04s Sys=0.00s Real=0.02s
[496.143s][info][gc,start       ] GC(1629) Pause Young (Allocation Failure)
[496.145s][info][gc,heap        ] GC(1629) PSYoungGen: 111680K(222720K)->64K(222720K) Eden: 111616K(111616K)->0K(111616K) From: 64K(111104K)->64K(111104K)
[496.145s][info][gc,heap        ] GC(1629) ParOldGen: 580802K(667648K)->580802K(667648K)
[496.145s][info][gc,metaspace   ] GC(1629) Metaspace: 18925K(19136K)->18925K(19136K) NonClass: 16262K(16384K)->16262K(16384K) Class: 2663K(2752K)->2663K(2752K)
[496.145s][info][gc             ] GC(1629) Pause Young (Allocation Failure) 676M->567M(869M) 1.893ms
[496.145s][info][gc,cpu         ] GC(1629) User=0.00s Sys=0.00s Real=0.00s
[496.298s][info][gc,start       ] GC(1630) Pause Young (Allocation Failure)
[496.300s][info][gc,heap        ] GC(1630) PSYoungGen: 111680K(222720K)->64K(222720K) Eden: 111616K(111616K)->0K(111616K) From: 64K(111104K)->64K(111104K)
[496.300s][info][gc,heap        ] GC(1630) ParOldGen: 580802K(667648K)->580802K(667648K)
[496.300s][info][gc,metaspace   ] GC(1630) Metaspace: 18925K(19136K)->18925K(19136K) NonClass: 16262K(16384K)->16262K(16384K) Class: 2663K(2752K)->2663K(2752K)
[496.300s][info][gc             ] GC(1630) Pause Young (Allocation Failure) 676M->567M(869M) 1.872ms
[496.300s][info][gc,cpu         ] GC(1630) User=0.00s Sys=0.00s Real=0.00s
[496.419s][info][gc,start       ] GC(1631) Pause Young (Allocation Failure)
[496.436s][info][gc,heap        ] GC(1631) PSYoungGen: 111680K(222720K)->14432K(222720K) Eden: 111616K(111616K)->0K(111616K) From: 64K(111104K)->14432K(111104K)
[496.436s][info][gc,heap        ] GC(1631) ParOldGen: 580802K(667648K)->580802K(667648K)
[496.436s][info][gc,metaspace   ] GC(1631) Metaspace: 18925K(19136K)->18925K(19136K) NonClass: 16262K(16384K)->16262K(16384K) Class: 2663K(2752K)->2663K(2752K)
[496.437s][info][gc             ] GC(1631) Pause Young (Allocation Failure) 676M->581M(869M) 17.818ms
[496.437s][info][gc,cpu         ] GC(1631) User=0.03s Sys=0.01s Real=0.02s
[496.545s][info][gc,start       ] GC(1632) Pause Young (Allocation Failure)
[496.573s][info][gc,heap        ] GC(1632) PSYoungGen: 126048K(222720K)->10656K(218624K) Eden: 111616K(111616K)->0K(111616K) From: 14432K(111104K)->10656K(107008K)
[496.573s][info][gc,heap        ] GC(1632) ParOldGen: 580802K(667648K)->595250K(667648K)
[496.573s][info][gc,metaspace   ] GC(1632) Metaspace: 18925K(19136K)->18925K(19136K) NonClass: 16262K(16384K)->16262K(16384K) Class: 2663K(2752K)->2663K(2752K)
[496.573s][info][gc             ] GC(1632) Pause Young (Allocation Failure) 690M->591M(865M) 27.639ms
[496.573s][info][gc,cpu         ] GC(1632) User=0.05s Sys=0.00s Real=0.03s
[496.669s][info][gc,start       ] GC(1633) Pause Young (Allocation Failure)
[496.684s][info][gc,heap        ] GC(1633) PSYoungGen: 122272K(218624K)->11968K(220672K) Eden: 111616K(111616K)->0K(111616K) From: 10656K(107008K)->11968K(109056K)
[496.684s][info][gc,heap        ] GC(1633) ParOldGen: 595250K(667648K)->595250K(667648K)
[496.684s][info][gc,metaspace   ] GC(1633) Metaspace: 18925K(19136K)->18925K(19136K) NonClass: 16262K(16384K)->16262K(16384K) Class: 2663K(2752K)->2663K(2752K)
[496.684s][info][gc             ] GC(1633) Pause Young (Allocation Failure) 700M->592M(867M) 15.544ms
[496.684s][info][gc,cpu         ] GC(1633) User=0.03s Sys=0.00s Real=0.02s
[496.792s][info][gc,start       ] GC(1634) Pause Young (Allocation Failure)
[496.811s][info][gc,heap        ] GC(1634) PSYoungGen: 123584K(220672K)->15136K(214016K) Eden: 111616K(111616K)->0K(120320K) From: 11968K(109056K)->15136K(93696K)
[496.811s][info][gc,heap        ] GC(1634) ParOldGen: 595250K(667648K)->595250K(667648K)
[496.811s][info][gc,metaspace   ] GC(1634) Metaspace: 18925K(19136K)->18925K(19136K) NonClass: 16262K(16384K)->16262K(16384K) Class: 2663K(2752K)->2663K(2752K)
[496.811s][info][gc             ] GC(1634) Pause Young (Allocation Failure) 701M->596M(861M) 19.025ms
[496.811s][info][gc,cpu         ] GC(1634) User=0.03s Sys=0.00s Real=0.02s
[496.893s][info][gc,start       ] GC(1635) Pause Young (Allocation Failure)
[496.933s][info][gc,heap        ] GC(1635) PSYoungGen: 135456K(214016K)->33472K(217600K) Eden: 120320K(120320K)->0K(120320K) From: 15136K(93696K)->33472K(97280K)
[496.933s][info][gc,heap        ] GC(1635) ParOldGen: 595250K(667648K)->595250K(667648K)
[496.933s][info][gc,metaspace   ] GC(1635) Metaspace: 18925K(19136K)->18925K(19136K) NonClass: 16262K(16384K)->16262K(16384K) Class: 2663K(2752K)->2663K(2752K)
[496.933s][info][gc             ] GC(1635) Pause Young (Allocation Failure) 713M->613M(864M) 40.146ms
[496.933s][info][gc,cpu         ] GC(1635) User=0.08s Sys=0.00s Real=0.04s
[497.032s][info][gc,start       ] GC(1636) Pause Young (Allocation Failure)
[497.085s][info][gc,heap        ] GC(1636) PSYoungGen: 153792K(217600K)->50688K(222208K) Eden: 120320K(120320K)->0K(128512K) From: 33472K(97280K)->50688K(93696K)
[497.085s][info][gc,heap        ] GC(1636) ParOldGen: 595250K(667648K)->595250K(667648K)
[497.085s][info][gc,metaspace   ] GC(1636) Metaspace: 18925K(19136K)->18925K(19136K) NonClass: 16262K(16384K)->16262K(16384K) Class: 2663K(2752K)->2663K(2752K)
[497.085s][info][gc             ] GC(1636) Pause Young (Allocation Failure) 731M->630M(869M) 52.733ms
[497.085s][info][gc,cpu         ] GC(1636) User=0.11s Sys=0.00s Real=0.05s
[497.193s][info][gc,start       ] GC(1637) Pause Young (Allocation Failure)
[497.263s][info][gc,heap        ] GC(1637) PSYoungGen: 179200K(222208K)->68640K(224768K) Eden: 128512K(128512K)->0K(128512K) From: 50688K(93696K)->68640K(96256K)
[497.263s][info][gc,heap        ] GC(1637) ParOldGen: 595250K(667648K)->595250K(667648K)
[497.263s][info][gc,metaspace   ] GC(1637) Metaspace: 18925K(19136K)->18925K(19136K) NonClass: 16262K(16384K)->16262K(16384K) Class: 2663K(2752K)->2663K(2752K)
[497.263s][info][gc             ] GC(1637) Pause Young (Allocation Failure) 756M->648M(871M) 70.555ms
[497.263s][info][gc,cpu         ] GC(1637) User=0.14s Sys=0.00s Real=0.07s
[497.447s][info][gc,start       ] GC(1638) Pause Young (Allocation Failure)
[497.547s][info][gc,heap        ] GC(1638) PSYoungGen: 197152K(224768K)->84928K(216064K) Eden: 128512K(128512K)->0K(111616K) From: 68640K(96256K)->84928K(104448K)
[497.547s][info][gc,heap        ] GC(1638) ParOldGen: 595250K(667648K)->605890K(667648K)
[497.547s][info][gc,metaspace   ] GC(1638) Metaspace: 18925K(19136K)->18925K(19136K) NonClass: 16262K(16384K)->16262K(16384K) Class: 2663K(2752K)->2663K(2752K)
[497.547s][info][gc             ] GC(1638) Pause Young (Allocation Failure) 773M->674M(863M) 99.469ms
[497.547s][info][gc,cpu         ] GC(1638) User=0.19s Sys=0.00s Real=0.10s
[497.634s][info][gc,start       ] GC(1639) Pause Young (Allocation Failure)
[497.721s][info][gc,heap        ] GC(1639) PSYoungGen: 196544K(216064K)->85504K(222720K) Eden: 111616K(111616K)->0K(111616K) From: 84928K(104448K)->85504K(111104K)
[497.722s][info][gc,heap        ] GC(1639) ParOldGen: 605890K(667648K)->610394K(667648K)
[497.722s][info][gc,metaspace   ] GC(1639) Metaspace: 18925K(19136K)->18925K(19136K) NonClass: 16262K(16384K)->16262K(16384K) Class: 2663K(2752K)->2663K(2752K)
[497.722s][info][gc             ] GC(1639) Pause Young (Allocation Failure) 783M->679M(869M) 87.871ms
[497.722s][info][gc,cpu         ] GC(1639) User=0.18s Sys=0.00s Real=0.09s
[497.837s][info][gc,start       ] GC(1640) Pause Young (Allocation Failure)
[497.923s][info][gc,heap        ] GC(1640) PSYoungGen: 197120K(222720K)->51584K(222720K) Eden: 111616K(111616K)->0K(111616K) From: 85504K(111104K)->51584K(111104K)
[497.923s][info][gc,heap        ] GC(1640) ParOldGen: 610394K(667648K)->646010K(667648K)
[497.923s][info][gc,metaspace   ] GC(1640) Metaspace: 18925K(19136K)->18925K(19136K) NonClass: 16262K(16384K)->16262K(16384K) Class: 2663K(2752K)->2663K(2752K)
[497.923s][info][gc             ] GC(1640) Pause Young (Allocation Failure) 788M->681M(869M) 85.415ms
[497.923s][info][gc,cpu         ] GC(1640) User=0.17s Sys=0.00s Real=0.09s
[498.052s][info][gc,start       ] GC(1641) Pause Full (Allocation Failure)
[498.052s][info][gc,phases,start] GC(1641) Marking Phase
[498.337s][info][gc,phases      ] GC(1641) Marking Phase 284.418ms
[498.337s][info][gc,phases,start] GC(1641) Summary Phase
[498.337s][info][gc,phases      ] GC(1641) Summary Phase 0.027ms
[498.337s][info][gc,phases,start] GC(1641) Forward
[498.452s][info][gc,phases      ] GC(1641) Forward 115.516ms
[498.452s][info][gc,phases,start] GC(1641) Adjust Pointers
[498.675s][info][gc,phases      ] GC(1641) Adjust Pointers 222.879ms
[498.675s][info][gc,phases,start] GC(1641) Compaction Phase
[498.800s][info][gc,phases      ] GC(1641) Compaction Phase 124.766ms
[498.809s][info][gc,phases,start] GC(1641) Post Compact
[498.811s][info][gc,phases      ] GC(1641) Post Compact 2.407ms
[498.811s][info][gc,heap        ] GC(1641) PSYoungGen: 163200K(222720K)->0K(222720K) Eden: 111616K(111616K)->0K(111616K) From: 51584K(111104K)->0K(111104K)
[498.811s][info][gc,heap        ] GC(1641) ParOldGen: 646010K(667648K)->407270K(667648K)
[498.811s][info][gc,metaspace   ] GC(1641) Metaspace: 18925K(19136K)->18925K(19136K) NonClass: 16262K(16384K)->16262K(16384K) Class: 2663K(2752K)->2663K(2752K)
[498.811s][info][gc             ] GC(1641) Pause Full (Allocation Failure) 790M->397M(869M) 759.044ms
[498.811s][info][gc,cpu         ] GC(1641) User=1.41s Sys=0.00s Real=0.76s
[498.932s][info][gc,start       ] GC(1642) Pause Young (Allocation Failure)
[498.941s][info][gc,heap        ] GC(1642) PSYoungGen: 111616K(222720K)->928K(222720K) Eden: 111616K(111616K)->0K(111616K) From: 0K(111104K)->928K(111104K)
[498.941s][info][gc,heap        ] GC(1642) ParOldGen: 407270K(667648K)->407270K(667648K)
[498.941s][info][gc,metaspace   ] GC(1642) Metaspace: 18925K(19136K)->18925K(19136K) NonClass: 16262K(16384K)->16262K(16384K) Class: 2663K(2752K)->2663K(2752K)
[498.941s][info][gc             ] GC(1642) Pause Young (Allocation Failure) 506M->398M(869M) 9.246ms
[498.941s][info][gc,cpu         ] GC(1642) User=0.02s Sys=0.00s Real=0.01s
[499.058s][info][gc,start       ] GC(1643) Pause Young (Allocation Failure)
[499.064s][info][gc,heap        ] GC(1643) PSYoungGen: 112544K(222720K)->3296K(222720K) Eden: 111616K(111616K)->0K(111616K) From: 928K(111104K)->3296K(111104K)
[499.064s][info][gc,heap        ] GC(1643) ParOldGen: 407270K(667648K)->407270K(667648K)
[499.064s][info][gc,metaspace   ] GC(1643) Metaspace: 18925K(19136K)->18925K(19136K) NonClass: 16262K(16384K)->16262K(16384K) Class: 2663K(2752K)->2663K(2752K)
[499.064s][info][gc             ] GC(1643) Pause Young (Allocation Failure) 507M->400M(869M) 6.608ms
[499.064s][info][gc,cpu         ] GC(1643) User=0.01s Sys=0.00s Real=0.01s
[499.207s][info][gc,start       ] GC(1644) Pause Young (Allocation Failure)
[499.213s][info][gc,heap        ] GC(1644) PSYoungGen: 114912K(222720K)->64K(222720K) Eden: 111616K(111616K)->0K(111616K) From: 3296K(111104K)->64K(111104K)
[499.214s][info][gc,heap        ] GC(1644) ParOldGen: 407270K(667648K)->410550K(667648K)
[499.214s][info][gc,metaspace   ] GC(1644) Metaspace: 18925K(19136K)->18925K(19136K) NonClass: 16262K(16384K)->16262K(16384K) Class: 2663K(2752K)->2663K(2752K)
[499.214s][info][gc             ] GC(1644) Pause Young (Allocation Failure) 509M->400M(869M) 6.556ms
[499.214s][info][gc,cpu         ] GC(1644) User=0.02s Sys=0.00s Real=0.01s
[499.362s][info][gc,start       ] GC(1645) Pause Young (Allocation Failure)
[499.388s][info][gc,heap        ] GC(1645) PSYoungGen: 111680K(222720K)->26080K(137728K) Eden: 111616K(111616K)->0K(111616K) From: 64K(111104K)->26080K(26112K)
[499.389s][info][gc,heap        ] GC(1645) ParOldGen: 410550K(667648K)->410582K(667648K)
[499.389s][info][gc,metaspace   ] GC(1645) Metaspace: 18925K(19136K)->18925K(19136K) NonClass: 16262K(16384K)->16262K(16384K) Class: 2663K(2752K)->2663K(2752K)
[499.389s][info][gc             ] GC(1645) Pause Young (Allocation Failure) 509M->426M(786M) 26.814ms
[499.389s][info][gc,cpu         ] GC(1645) User=0.05s Sys=0.01s Real=0.02s
[499.551s][info][gc,start       ] GC(1646) Pause Young (Allocation Failure)
[499.594s][info][gc,heap        ] GC(1646) PSYoungGen: 137696K(137728K)->50416K(221184K) Eden: 111616K(111616K)->0K(112128K) From: 26080K(26112K)->50416K(109056K)
[499.594s][info][gc,heap        ] GC(1646) ParOldGen: 410582K(667648K)->410582K(667648K)
[499.594s][info][gc,metaspace   ] GC(1646) Metaspace: 18925K(19136K)->18925K(19136K) NonClass: 16262K(16384K)->16262K(16384K) Class: 2663K(2752K)->2663K(2752K)
[499.595s][info][gc             ] GC(1646) Pause Young (Allocation Failure) 535M->450M(868M) 43.770ms
[499.595s][info][gc,cpu         ] GC(1646) User=0.09s Sys=0.00s Real=0.04s
[499.730s][info][gc,start       ] GC(1647) Pause Young (Allocation Failure)
[499.803s][info][gc,heap        ] GC(1647) PSYoungGen: 162544K(221184K)->93728K(220672K) Eden: 112128K(112128K)->0K(112128K) From: 50416K(109056K)->93728K(108544K)
[499.803s][info][gc,heap        ] GC(1647) ParOldGen: 410582K(667648K)->410582K(667648K)
[499.803s][info][gc,metaspace   ] GC(1647) Metaspace: 18928K(19136K)->18928K(19136K) NonClass: 16264K(16384K)->16264K(16384K) Class: 2663K(2752K)->2663K(2752K)
[499.803s][info][gc             ] GC(1647) Pause Young (Allocation Failure) 559M->492M(867M) 73.414ms
[499.803s][info][gc,cpu         ] GC(1647) User=0.14s Sys=0.00s Real=0.08s
[499.888s][info][gc,start       ] GC(1648) Pause Young (Allocation Failure)
[499.964s][info][gc,heap        ] GC(1648) PSYoungGen: 205856K(220672K)->50160K(222720K) Eden: 112128K(112128K)->0K(111616K) From: 93728K(108544K)->50160K(111104K)
[499.964s][info][gc,heap        ] GC(1648) ParOldGen: 410582K(667648K)->461232K(667648K)
[499.964s][info][gc,metaspace   ] GC(1648) Metaspace: 18928K(19136K)->18928K(19136K) NonClass: 16264K(16384K)->16264K(16384K) Class: 2663K(2752K)->2663K(2752K)
[499.964s][info][gc             ] GC(1648) Pause Young (Allocation Failure) 601M->499M(869M) 76.449ms
[499.964s][info][gc,cpu         ] GC(1648) User=0.15s Sys=0.00s Real=0.08s
[500.072s][info][gc,start       ] GC(1649) Pause Young (Allocation Failure)
[500.111s][info][gc,heap        ] GC(1649) PSYoungGen: 161776K(222720K)->2080K(222720K) Eden: 111616K(111616K)->0K(111616K) From: 50160K(111104K)->2080K(111104K)
[500.112s][info][gc,heap        ] GC(1649) ParOldGen: 461232K(667648K)->511805K(667648K)
[500.112s][info][gc,metaspace   ] GC(1649) Metaspace: 18928K(19136K)->18928K(19136K) NonClass: 16264K(16384K)->16264K(16384K) Class: 2663K(2752K)->2663K(2752K)
[500.112s][info][gc             ] GC(1649) Pause Young (Allocation Failure) 608M->501M(869M) 39.659ms
[500.112s][info][gc,cpu         ] GC(1649) User=0.08s Sys=0.00s Real=0.04s
[500.267s][info][gc,start       ] GC(1650) Pause Young (Allocation Failure)
[500.272s][info][gc,heap        ] GC(1650) PSYoungGen: 113696K(222720K)->224K(222720K) Eden: 111616K(111616K)->0K(111616K) From: 2080K(111104K)->224K(111104K)
[500.272s][info][gc,heap        ] GC(1650) ParOldGen: 511805K(667648K)->513877K(667648K)
[500.272s][info][gc,metaspace   ] GC(1650) Metaspace: 18928K(19136K)->18928K(19136K) NonClass: 16264K(16384K)->16264K(16384K) Class: 2663K(2752K)->2663K(2752K)
[500.272s][info][gc             ] GC(1650) Pause Young (Allocation Failure) 610M->502M(869M) 4.707ms
[500.272s][info][gc,cpu         ] GC(1650) User=0.01s Sys=0.00s Real=0.01s
[500.441s][info][gc,start       ] GC(1651) Pause Young (Allocation Failure)
[500.445s][info][gc,heap        ] GC(1651) PSYoungGen: 111840K(222720K)->352K(222720K) Eden: 111616K(111616K)->0K(111616K) From: 224K(111104K)->352K(111104K)
[500.445s][info][gc,heap        ] GC(1651) ParOldGen: 513877K(667648K)->514069K(667648K)
[500.445s][info][gc,metaspace   ] GC(1651) Metaspace: 18928K(19136K)->18928K(19136K) NonClass: 16264K(16384K)->16264K(16384K) Class: 2663K(2752K)->2663K(2752K)
[500.445s][info][gc             ] GC(1651) Pause Young (Allocation Failure) 611M->502M(869M) 3.790ms
[500.445s][info][gc,cpu         ] GC(1651) User=0.01s Sys=0.00s Real=0.00s
[500.651s][info][gc,start       ] GC(1652) Pause Young (Allocation Failure)
[500.656s][info][gc,heap        ] GC(1652) PSYoungGen: 111968K(222720K)->416K(219648K) Eden: 111616K(111616K)->0K(111616K) From: 352K(111104K)->416K(108032K)
[500.656s][info][gc,heap        ] GC(1652) ParOldGen: 514069K(667648K)->514397K(667648K)
[500.656s][info][gc,metaspace   ] GC(1652) Metaspace: 18928K(19136K)->18928K(19136K) NonClass: 16264K(16384K)->16264K(16384K) Class: 2663K(2752K)->2663K(2752K)
[500.656s][info][gc             ] GC(1652) Pause Young (Allocation Failure) 611M->502M(866M) 4.481ms
[500.656s][info][gc,cpu         ] GC(1652) User=0.01s Sys=0.00s Real=0.00s
[500.770s][info][gc,start       ] GC(1653) Pause Young (Allocation Failure)
[500.775s][info][gc,heap        ] GC(1653) PSYoungGen: 112032K(219648K)->1696K(221184K) Eden: 111616K(111616K)->0K(111616K) From: 416K(108032K)->1696K(109568K)
[500.775s][info][gc,heap        ] GC(1653) ParOldGen: 514397K(667648K)->514397K(667648K)
[500.775s][info][gc,metaspace   ] GC(1653) Metaspace: 18928K(19136K)->18928K(19136K) NonClass: 16265K(16384K)->16265K(16384K) Class: 2663K(2752K)->2663K(2752K)
[500.775s][info][gc             ] GC(1653) Pause Young (Allocation Failure) 611M->503M(868M) 5.727ms
[500.775s][info][gc,cpu         ] GC(1653) User=0.01s Sys=0.00s Real=0.01s
[500.869s][info][gc,start       ] GC(1654) Pause Young (Allocation Failure)
[500.877s][info][gc,heap        ] GC(1654) PSYoungGen: 113312K(221184K)->2656K(217600K) Eden: 111616K(111616K)->0K(118784K) From: 1696K(109568K)->2656K(98816K)
[500.877s][info][gc,heap        ] GC(1654) ParOldGen: 514397K(667648K)->514397K(667648K)
[500.877s][info][gc,metaspace   ] GC(1654) Metaspace: 18930K(19136K)->18930K(19136K) NonClass: 16267K(16384K)->16267K(16384K) Class: 2663K(2752K)->2663K(2752K)
[500.877s][info][gc             ] GC(1654) Pause Young (Allocation Failure) 612M->504M(864M) 7.339ms
[500.877s][info][gc,cpu         ] GC(1654) User=0.01s Sys=0.00s Real=0.01s
[501.113s][info][gc,start       ] GC(1655) Pause Young (Allocation Failure)
[501.148s][info][gc,heap        ] GC(1655) PSYoungGen: 121440K(217600K)->17569K(219648K) Eden: 118784K(118784K)->0K(118784K) From: 2656K(98816K)->17569K(100864K)
[501.148s][info][gc,heap        ] GC(1655) ParOldGen: 514397K(667648K)->514397K(667648K)
[501.148s][info][gc,metaspace   ] GC(1655) Metaspace: 18930K(19136K)->18930K(19136K) NonClass: 16267K(16384K)->16267K(16384K) Class: 2663K(2752K)->2663K(2752K)
[501.148s][info][gc             ] GC(1655) Pause Young (Allocation Failure) 620M->519M(866M) 34.615ms
[501.148s][info][gc,cpu         ] GC(1655) User=0.07s Sys=0.00s Real=0.03s
[501.379s][info][gc,start       ] GC(1656) Pause Young (Allocation Failure)
[501.425s][info][gc,heap        ] GC(1656) PSYoungGen: 136353K(219648K)->32202K(215040K) Eden: 118784K(118784K)->0K(127488K) From: 17569K(100864K)->32202K(87552K)
[501.425s][info][gc,heap        ] GC(1656) ParOldGen: 514397K(667648K)->514397K(667648K)
[501.425s][info][gc,metaspace   ] GC(1656) Metaspace: 18930K(19136K)->18930K(19136K) NonClass: 16267K(16384K)->16267K(16384K) Class: 2663K(2752K)->2663K(2752K)
[501.425s][info][gc             ] GC(1656) Pause Young (Allocation Failure) 635M->533M(862M) 46.144ms
[501.425s][info][gc,cpu         ] GC(1656) User=0.09s Sys=0.01s Real=0.05s
[501.599s][info][gc,start       ] GC(1657) Pause Young (Allocation Failure)
[501.663s][info][gc,heap        ] GC(1657) PSYoungGen: 159690K(215040K)->51434K(218112K) Eden: 127488K(127488K)->0K(127488K) From: 32202K(87552K)->51434K(90624K)
[501.663s][info][gc,heap        ] GC(1657) ParOldGen: 514397K(667648K)->514397K(667648K)
[501.663s][info][gc,metaspace   ] GC(1657) Metaspace: 18930K(19136K)->18930K(19136K) NonClass: 16267K(16384K)->16267K(16384K) Class: 2663K(2752K)->2663K(2752K)
[501.663s][info][gc             ] GC(1657) Pause Young (Allocation Failure) 658M->552M(865M) 64.448ms
[501.663s][info][gc,cpu         ] GC(1657) User=0.13s Sys=0.00s Real=0.07s
[501.791s][info][gc,start       ] GC(1658) Pause Young (Allocation Failure)
[501.860s][info][gc,heap        ] GC(1658) PSYoungGen: 178922K(218112K)->55338K(228864K) Eden: 127488K(127488K)->0K(134144K) From: 51434K(90624K)->55338K(94720K)
[501.860s][info][gc,heap        ] GC(1658) ParOldGen: 514397K(667648K)->514397K(667648K)
[501.860s][info][gc,metaspace   ] GC(1658) Metaspace: 18931K(19136K)->18931K(19136K) NonClass: 16267K(16384K)->16267K(16384K) Class: 2663K(2752K)->2663K(2752K)
[501.860s][info][gc             ] GC(1658) Pause Young (Allocation Failure) 677M->556M(875M) 68.529ms
[501.860s][info][gc,cpu         ] GC(1658) User=0.13s Sys=0.00s Real=0.06s
[502.043s][info][gc,start       ] GC(1659) Pause Young (Allocation Failure)
[502.114s][info][gc,heap        ] GC(1659) PSYoungGen: 189482K(228864K)->57802K(192000K) Eden: 134144K(134144K)->0K(134144K) From: 55338K(94720K)->57802K(57856K)
[502.114s][info][gc,heap        ] GC(1659) ParOldGen: 514397K(667648K)->514789K(667648K)
[502.114s][info][gc,metaspace   ] GC(1659) Metaspace: 18933K(19136K)->18933K(19136K) NonClass: 16270K(16384K)->16270K(16384K) Class: 2663K(2752K)->2663K(2752K)
[502.114s][info][gc             ] GC(1659) Pause Young (Allocation Failure) 687M->559M(839M) 71.198ms
[502.114s][info][gc,cpu         ] GC(1659) User=0.15s Sys=0.00s Real=0.07s
[502.240s][info][gc,start       ] GC(1660) Pause Young (Allocation Failure)
[502.310s][info][gc,heap        ] GC(1660) PSYoungGen: 191946K(192000K)->56618K(226304K) Eden: 134144K(134144K)->0K(123904K) From: 57802K(57856K)->56618K(102400K)
[502.310s][info][gc,heap        ] GC(1660) ParOldGen: 514789K(667648K)->516053K(667648K)
[502.310s][info][gc,metaspace   ] GC(1660) Metaspace: 18933K(19136K)->18933K(19136K) NonClass: 16270K(16384K)->16270K(16384K) Class: 2663K(2752K)->2663K(2752K)
[502.310s][info][gc             ] GC(1660) Pause Young (Allocation Failure) 690M->559M(873M) 70.725ms
[502.310s][info][gc,cpu         ] GC(1660) User=0.14s Sys=0.00s Real=0.07s
[502.382s][info][gc,start       ] GC(1661) Pause Young (Allocation Failure)
[502.452s][info][gc,heap        ] GC(1661) PSYoungGen: 180522K(226304K)->40745K(164864K) Eden: 123904K(123904K)->0K(123904K) From: 56618K(102400K)->40745K(40960K)
[502.452s][info][gc,heap        ] GC(1661) ParOldGen: 516053K(667648K)->531982K(667648K)
[502.452s][info][gc,metaspace   ] GC(1661) Metaspace: 18933K(19136K)->18933K(19136K) NonClass: 16270K(16384K)->16270K(16384K) Class: 2663K(2752K)->2663K(2752K)
[502.452s][info][gc             ] GC(1661) Pause Young (Allocation Failure) 680M->559M(813M) 70.360ms
[502.452s][info][gc,cpu         ] GC(1661) User=0.14s Sys=0.00s Real=0.07s
[502.639s][info][gc,start       ] GC(1662) Pause Young (Allocation Failure)
[502.688s][info][gc,heap        ] GC(1662) PSYoungGen: 164649K(164864K)->12768K(229888K) Eden: 123904K(123904K)->0K(129536K) From: 40745K(40960K)->12768K(100352K)
[502.688s][info][gc,heap        ] GC(1662) ParOldGen: 531982K(667648K)->565919K(667648K)
[502.688s][info][gc,metaspace   ] GC(1662) Metaspace: 18933K(19136K)->18933K(19136K) NonClass: 16270K(16384K)->16270K(16384K) Class: 2663K(2752K)->2663K(2752K)
[502.688s][info][gc             ] GC(1662) Pause Young (Allocation Failure) 680M->565M(876M) 48.328ms
[502.688s][info][gc,cpu         ] GC(1662) User=0.09s Sys=0.00s Real=0.05s
[502.846s][info][gc,start       ] GC(1663) Pause Young (Allocation Failure)
[502.864s][info][gc,heap        ] GC(1663) PSYoungGen: 142304K(229888K)->7680K(226816K) Eden: 129536K(129536K)->0K(129536K) From: 12768K(100352K)->7680K(97280K)
[502.865s][info][gc,heap        ] GC(1663) ParOldGen: 565919K(667648K)->572687K(667648K)
[502.865s][info][gc,metaspace   ] GC(1663) Metaspace: 18933K(19136K)->18933K(19136K) NonClass: 16270K(16384K)->16270K(16384K) Class: 2663K(2752K)->2663K(2752K)
[502.865s][info][gc             ] GC(1663) Pause Young (Allocation Failure) 691M->566M(873M) 18.698ms
[502.865s][info][gc,cpu         ] GC(1663) User=0.03s Sys=0.00s Real=0.02s
[503.355s][info][gc,start       ] GC(1664) Pause Young (Allocation Failure)
[503.364s][info][gc,heap        ] GC(1664) PSYoungGen: 137216K(226816K)->7744K(233984K) Eden: 129536K(129536K)->0K(138752K) From: 7680K(97280K)->7744K(95232K)
[503.364s][info][gc,heap        ] GC(1664) ParOldGen: 572687K(667648K)->572767K(667648K)
[503.364s][info][gc,metaspace   ] GC(1664) Metaspace: 18934K(19136K)->18934K(19136K) NonClass: 16271K(16384K)->16271K(16384K) Class: 2663K(2752K)->2663K(2752K)
[503.364s][info][gc             ] GC(1664) Pause Young (Allocation Failure) 693M->566M(880M) 9.822ms
[503.364s][info][gc,cpu         ] GC(1664) User=0.02s Sys=0.00s Real=0.01s
[503.567s][info][gc,start       ] GC(1665) Pause Young (Allocation Failure)
[503.597s][info][gc,heap        ] GC(1665) PSYoungGen: 146496K(233984K)->29032K(231424K) Eden: 138752K(138752K)->0K(138752K) From: 7744K(95232K)->29032K(92672K)
[503.597s][info][gc,heap        ] GC(1665) ParOldGen: 572767K(667648K)->572767K(667648K)
[503.597s][info][gc,metaspace   ] GC(1665) Metaspace: 18934K(19136K)->18934K(19136K) NonClass: 16271K(16384K)->16271K(16384K) Class: 2663K(2752K)->2663K(2752K)
[503.598s][info][gc             ] GC(1665) Pause Young (Allocation Failure) 702M->587M(878M) 30.717ms
[503.598s][info][gc,cpu         ] GC(1665) User=0.06s Sys=0.00s Real=0.03s
[503.842s][info][gc,start       ] GC(1666) Pause Young (Allocation Failure)
[503.877s][info][gc,heap        ] GC(1666) PSYoungGen: 167784K(231424K)->29048K(231424K) Eden: 138752K(138752K)->0K(151040K) From: 29032K(92672K)->29048K(80384K)
[503.877s][info][gc,heap        ] GC(1666) ParOldGen: 572767K(667648K)->572767K(667648K)
[503.877s][info][gc,metaspace   ] GC(1666) Metaspace: 18934K(19136K)->18934K(19136K) NonClass: 16271K(16384K)->16271K(16384K) Class: 2663K(2752K)->2663K(2752K)
[503.877s][info][gc             ] GC(1666) Pause Young (Allocation Failure) 723M->587M(878M) 34.870ms
[503.877s][info][gc,cpu         ] GC(1666) User=0.07s Sys=0.00s Real=0.03s
[504.574s][info][gc,start       ] GC(1667) Pause Young (Allocation Failure)
[504.604s][info][gc,heap        ] GC(1667) PSYoungGen: 180088K(231424K)->29421K(231936K) Eden: 151040K(151040K)->0K(151040K) From: 29048K(80384K)->29421K(80896K)
[504.604s][info][gc,heap        ] GC(1667) ParOldGen: 572767K(667648K)->572767K(667648K)
[504.604s][info][gc,metaspace   ] GC(1667) Metaspace: 18934K(19136K)->18934K(19136K) NonClass: 16271K(16384K)->16271K(16384K) Class: 2663K(2752K)->2663K(2752K)
[504.605s][info][gc             ] GC(1667) Pause Young (Allocation Failure) 735M->588M(878M) 30.886ms
[504.605s][info][gc,cpu         ] GC(1667) User=0.06s Sys=0.00s Real=0.03s
[505.706s][info][gc,start       ] GC(1668) Pause Young (Allocation Failure)
[505.738s][info][gc,heap        ] GC(1668) PSYoungGen: 180461K(231936K)->29805K(227328K) Eden: 151040K(151040K)->0K(160768K) From: 29421K(80896K)->29805K(66560K)
[505.738s][info][gc,heap        ] GC(1668) ParOldGen: 572767K(667648K)->572767K(667648K)
[505.738s][info][gc,metaspace   ] GC(1668) Metaspace: 18937K(19136K)->18937K(19136K) NonClass: 16273K(16384K)->16273K(16384K) Class: 2663K(2752K)->2663K(2752K)
[505.738s][info][gc             ] GC(1668) Pause Young (Allocation Failure) 735M->588M(874M) 32.131ms
[505.738s][info][gc,cpu         ] GC(1668) User=0.07s Sys=0.00s Real=0.03s
[506.475s][info][gc,start       ] GC(1669) Pause Young (Allocation Failure)
[506.507s][info][gc,heap        ] GC(1669) PSYoungGen: 190475K(227328K)->31341K(232960K) Eden: 160670K(160768K)->0K(160768K) From: 29805K(66560K)->31341K(72192K)
[506.507s][info][gc,heap        ] GC(1669) ParOldGen: 572767K(667648K)->572767K(667648K)
[506.507s][info][gc,metaspace   ] GC(1669) Metaspace: 18942K(19136K)->18942K(19136K) NonClass: 16279K(16384K)->16279K(16384K) Class: 2663K(2752K)->2663K(2752K)
[506.507s][info][gc             ] GC(1669) Pause Young (Allocation Failure) 745M->589M(879M) 32.607ms
[506.507s][info][gc,cpu         ] GC(1669) User=0.06s Sys=0.00s Real=0.03s
[506.880s][info][gc,start       ] GC(1670) Pause Young (Allocation Failure)
[506.913s][info][gc,heap        ] GC(1670) PSYoungGen: 192009K(232960K)->31538K(232448K) Eden: 160667K(160768K)->0K(169984K) From: 31341K(72192K)->31538K(62464K)
[506.913s][info][gc,heap        ] GC(1670) ParOldGen: 572767K(667648K)->572767K(667648K)
[506.913s][info][gc,metaspace   ] GC(1670) Metaspace: 18943K(19136K)->18943K(19136K) NonClass: 16280K(16384K)->16280K(16384K) Class: 2663K(2752K)->2663K(2752K)
[506.913s][info][gc             ] GC(1670) Pause Young (Allocation Failure) 746M->590M(879M) 33.503ms
[506.913s][info][gc,cpu         ] GC(1670) User=0.07s Sys=0.00s Real=0.04s
[507.304s][info][gc,start       ] GC(1671) Pause Young (Allocation Failure)
[507.339s][info][gc,heap        ] GC(1671) PSYoungGen: 201522K(232448K)->34813K(236032K) Eden: 169984K(169984K)->0K(169984K) From: 31538K(62464K)->34813K(66048K)
[507.339s][info][gc,heap        ] GC(1671) ParOldGen: 572767K(667648K)->572767K(667648K)
[507.339s][info][gc,metaspace   ] GC(1671) Metaspace: 18946K(19136K)->18946K(19136K) NonClass: 16283K(16384K)->16283K(16384K) Class: 2663K(2752K)->2663K(2752K)
[507.340s][info][gc             ] GC(1671) Pause Young (Allocation Failure) 756M->593M(882M) 35.464ms
[507.340s][info][gc,cpu         ] GC(1671) User=0.07s Sys=0.00s Real=0.03s
[507.462s][info][gc,start       ] GC(1672) Pause Young (Allocation Failure)
[507.564s][info][gc,heap        ] GC(1672) PSYoungGen: 204797K(236032K)->64493K(217088K) Eden: 169984K(169984K)->0K(152576K) From: 34813K(66048K)->64493K(64512K)
[507.565s][info][gc,heap        ] GC(1672) ParOldGen: 572767K(667648K)->617159K(667648K)
[507.565s][info][gc,metaspace   ] GC(1672) Metaspace: 18946K(19136K)->18946K(19136K) NonClass: 16283K(16384K)->16283K(16384K) Class: 2663K(2752K)->2663K(2752K)
[507.565s][info][gc             ] GC(1672) Pause Young (Allocation Failure) 759M->665M(864M) 102.093ms
[507.565s][info][gc,cpu         ] GC(1672) User=0.20s Sys=0.01s Real=0.10s
[507.704s][info][gc,start       ] GC(1673) Pause Young (Allocation Failure)
[507.806s][info][gc,heap        ] GC(1673) PSYoungGen: 217069K(217088K)->90605K(243200K) Eden: 152576K(152576K)->0K(152576K) From: 64493K(64512K)->90605K(90624K)
[507.806s][info][gc,heap        ] GC(1673) ParOldGen: 617159K(667648K)->637411K(667648K)
[507.806s][info][gc,metaspace   ] GC(1673) Metaspace: 18946K(19136K)->18946K(19136K) NonClass: 16283K(16384K)->16283K(16384K) Class: 2663K(2752K)->2663K(2752K)
[507.806s][info][gc             ] GC(1673) Pause Young (Allocation Failure) 814M->710M(889M) 102.004ms
[507.806s][info][gc,cpu         ] GC(1673) User=0.21s Sys=0.00s Real=0.10s
[508.053s][info][gc,start       ] GC(1674) Pause Full (Allocation Failure)
[508.053s][info][gc,phases,start] GC(1674) Marking Phase
[508.185s][info][gc,phases      ] GC(1674) Marking Phase 131.570ms
[508.185s][info][gc,phases,start] GC(1674) Summary Phase
[508.185s][info][gc,phases      ] GC(1674) Summary Phase 0.027ms
[508.185s][info][gc,phases,start] GC(1674) Forward
[508.239s][info][gc,phases      ] GC(1674) Forward 53.628ms
[508.239s][info][gc,phases,start] GC(1674) Adjust Pointers
[508.328s][info][gc,phases      ] GC(1674) Adjust Pointers 89.849ms
[508.329s][info][gc,phases,start] GC(1674) Compaction Phase
[508.392s][info][gc,phases      ] GC(1674) Compaction Phase 63.401ms
[508.394s][info][gc,phases,start] GC(1674) Post Compact
[508.396s][info][gc,phases      ] GC(1674) Post Compact 2.512ms
[508.407s][info][gc,heap        ] GC(1674) PSYoungGen: 243181K(243200K)->0K(202240K) Eden: 152576K(152576K)->0K(111616K) From: 90605K(90624K)->0K(90624K)
[508.407s][info][gc,heap        ] GC(1674) ParOldGen: 637411K(667648K)->213530K(535040K)
[508.407s][info][gc,metaspace   ] GC(1674) Metaspace: 18947K(19136K)->18947K(19136K) NonClass: 16284K(16384K)->16284K(16384K) Class: 2663K(2752K)->2663K(2752K)
[508.407s][info][gc             ] GC(1674) Pause Full (Allocation Failure) 859M->208M(720M) 354.130ms
[508.407s][info][gc,cpu         ] GC(1674) User=0.62s Sys=0.01s Real=0.35s
[508.526s][info][gc,start       ] GC(1675) Pause Young (Allocation Failure)
[508.538s][info][gc,heap        ] GC(1675) PSYoungGen: 111616K(202240K)->10482K(222720K) Eden: 111616K(111616K)->0K(111616K) From: 0K(90624K)->10482K(111104K)
[508.538s][info][gc,heap        ] GC(1675) ParOldGen: 213530K(535040K)->213530K(535040K)
[508.538s][info][gc,metaspace   ] GC(1675) Metaspace: 18947K(19136K)->18947K(19136K) NonClass: 16284K(16384K)->16284K(16384K) Class: 2663K(2752K)->2663K(2752K)
[508.538s][info][gc             ] GC(1675) Pause Young (Allocation Failure) 317M->218M(740M) 12.575ms
[508.538s][info][gc,cpu         ] GC(1675) User=0.03s Sys=0.00s Real=0.01s
[508.698s][info][gc,start       ] GC(1676) Pause Young (Allocation Failure)
[508.738s][info][gc,heap        ] GC(1676) PSYoungGen: 122098K(222720K)->27730K(214528K) Eden: 111616K(111616K)->0K(111616K) From: 10482K(111104K)->27730K(102912K)
[508.738s][info][gc,heap        ] GC(1676) ParOldGen: 213530K(535040K)->213530K(535040K)
[508.738s][info][gc,metaspace   ] GC(1676) Metaspace: 18947K(19136K)->18947K(19136K) NonClass: 16284K(16384K)->16284K(16384K) Class: 2663K(2752K)->2663K(2752K)
[508.738s][info][gc             ] GC(1676) Pause Young (Allocation Failure) 327M->235M(732M) 39.871ms
[508.738s][info][gc,cpu         ] GC(1676) User=0.08s Sys=0.01s Real=0.04s
[508.950s][info][gc,start       ] GC(1677) Pause Young (Allocation Failure)
[508.999s][info][gc,heap        ] GC(1677) PSYoungGen: 139346K(214528K)->39410K(218624K) Eden: 111616K(111616K)->0K(111616K) From: 27730K(102912K)->39410K(107008K)
[508.999s][info][gc,heap        ] GC(1677) ParOldGen: 213530K(535040K)->213530K(535040K)
[508.999s][info][gc,metaspace   ] GC(1677) Metaspace: 18947K(19136K)->18947K(19136K) NonClass: 16284K(16384K)->16284K(16384K) Class: 2663K(2752K)->2663K(2752K)
[508.999s][info][gc             ] GC(1677) Pause Young (Allocation Failure) 344M->247M(736M) 48.708ms
[508.999s][info][gc,cpu         ] GC(1677) User=0.10s Sys=0.00s Real=0.05s
[509.112s][info][gc,start       ] GC(1678) Pause Young (Allocation Failure)
[509.169s][info][gc,heap        ] GC(1678) PSYoungGen: 151026K(218624K)->47794K(219648K) Eden: 111616K(111616K)->0K(124416K) From: 39410K(107008K)->47794K(95232K)
[509.170s][info][gc,heap        ] GC(1678) ParOldGen: 213530K(535040K)->213530K(535040K)
[509.170s][info][gc,metaspace   ] GC(1678) Metaspace: 18947K(19136K)->18947K(19136K) NonClass: 16284K(16384K)->16284K(16384K) Class: 2663K(2752K)->2663K(2752K)
[509.170s][info][gc             ] GC(1678) Pause Young (Allocation Failure) 356M->255M(737M) 57.042ms
[509.170s][info][gc,cpu         ] GC(1678) User=0.11s Sys=0.00s Real=0.05s
[509.291s][info][gc,start       ] GC(1679) Pause Young (Allocation Failure)
[509.354s][info][gc,heap        ] GC(1679) PSYoungGen: 172210K(219648K)->49778K(221696K) Eden: 124416K(124416K)->0K(124416K) From: 47794K(95232K)->49778K(97280K)
[509.354s][info][gc,heap        ] GC(1679) ParOldGen: 213530K(535040K)->213530K(535040K)
[509.354s][info][gc,metaspace   ] GC(1679) Metaspace: 18947K(19136K)->18947K(19136K) NonClass: 16284K(16384K)->16284K(16384K) Class: 2663K(2752K)->2663K(2752K)
[509.354s][info][gc             ] GC(1679) Pause Young (Allocation Failure) 376M->257M(739M) 62.740ms
[509.354s][info][gc,cpu         ] GC(1679) User=0.12s Sys=0.00s Real=0.06s
[509.476s][info][gc,start       ] GC(1680) Pause Young (Allocation Failure)
[509.536s][info][gc,heap        ] GC(1680) PSYoungGen: 174194K(221696K)->51762K(231936K) Eden: 124416K(124416K)->0K(139776K) From: 49778K(97280K)->51762K(92160K)
[509.536s][info][gc,heap        ] GC(1680) ParOldGen: 213530K(535040K)->213530K(535040K)
[509.536s][info][gc,metaspace   ] GC(1680) Metaspace: 18947K(19136K)->18947K(19136K) NonClass: 16284K(16384K)->16284K(16384K) Class: 2663K(2752K)->2663K(2752K)
[509.536s][info][gc             ] GC(1680) Pause Young (Allocation Failure) 378M->259M(749M) 60.009ms
[509.536s][info][gc,cpu         ] GC(1680) User=0.12s Sys=0.00s Real=0.06s
[509.631s][info][gc,start       ] GC(1681) Pause Young (Allocation Failure)
[509.723s][info][gc,heap        ] GC(1681) PSYoungGen: 191538K(231936K)->78224K(218112K) Eden: 139776K(139776K)->0K(139776K) From: 51762K(92160K)->78224K(78336K)
[509.723s][info][gc,heap        ] GC(1681) ParOldGen: 213530K(535040K)->223751K(535040K)
[509.723s][info][gc,metaspace   ] GC(1681) Metaspace: 18955K(19136K)->18955K(19136K) NonClass: 16292K(16384K)->16292K(16384K) Class: 2663K(2752K)->2663K(2752K)
[509.723s][info][gc             ] GC(1681) Pause Young (Allocation Failure) 395M->294M(735M) 91.983ms
[509.723s][info][gc,cpu         ] GC(1681) User=0.18s Sys=0.00s Real=0.09s
[509.852s][info][gc,start       ] GC(1682) Pause Young (Allocation Failure)
[509.956s][info][gc,heap        ] GC(1682) PSYoungGen: 218000K(218112K)->73683K(223232K) Eden: 139776K(139776K)->0K(121856K) From: 78224K(78336K)->73683K(101376K)
[509.956s][info][gc,heap        ] GC(1682) ParOldGen: 223751K(535040K)->252991K(535040K)
[509.956s][info][gc,metaspace   ] GC(1682) Metaspace: 18955K(19136K)->18955K(19136K) NonClass: 16292K(16384K)->16292K(16384K) Class: 2663K(2752K)->2663K(2752K)
[509.956s][info][gc             ] GC(1682) Pause Young (Allocation Failure) 431M->319M(740M) 103.678ms
[509.956s][info][gc,cpu         ] GC(1682) User=0.21s Sys=0.00s Real=0.10s
[510.064s][info][gc,start       ] GC(1683) Pause Young (Allocation Failure)
[510.143s][info][gc,heap        ] GC(1683) PSYoungGen: 195539K(223232K)->75107K(197120K) Eden: 121856K(121856K)->0K(121856K) From: 73683K(101376K)->75107K(75264K)
[510.143s][info][gc,heap        ] GC(1683) ParOldGen: 252991K(535040K)->263401K(535040K)
[510.143s][info][gc,metaspace   ] GC(1683) Metaspace: 18955K(19136K)->18955K(19136K) NonClass: 16292K(16384K)->16292K(16384K) Class: 2663K(2752K)->2663K(2752K)
[510.143s][info][gc             ] GC(1683) Pause Young (Allocation Failure) 438M->330M(715M) 79.430ms
[510.143s][info][gc,cpu         ] GC(1683) User=0.16s Sys=0.00s Real=0.08s
[510.212s][info][gc,start       ] GC(1684) Pause Young (Allocation Failure)
[510.283s][info][gc,heap        ] GC(1684) PSYoungGen: 196963K(197120K)->39843K(227328K) Eden: 121856K(121856K)->0K(117248K) From: 75107K(75264K)->39843K(110080K)
[510.283s][info][gc,heap        ] GC(1684) ParOldGen: 263401K(535040K)->302245K(535040K)
[510.283s][info][gc,metaspace   ] GC(1684) Metaspace: 18955K(19136K)->18955K(19136K) NonClass: 16292K(16384K)->16292K(16384K) Class: 2663K(2752K)->2663K(2752K)
[510.283s][info][gc             ] GC(1684) Pause Young (Allocation Failure) 449M->334M(744M) 71.137ms
[510.283s][info][gc,cpu         ] GC(1684) User=0.14s Sys=0.00s Real=0.07s
[510.397s][info][gc,start       ] GC(1685) Pause Young (Allocation Failure)
[510.439s][info][gc,heap        ] GC(1685) PSYoungGen: 157091K(227328K)->4960K(223744K) Eden: 117248K(117248K)->0K(117248K) From: 39843K(110080K)->4960K(106496K)
[510.439s][info][gc,heap        ] GC(1685) ParOldGen: 302245K(535040K)->338843K(535040K)
[510.439s][info][gc,metaspace   ] GC(1685) Metaspace: 18955K(19136K)->18955K(19136K) NonClass: 16292K(16384K)->16292K(16384K) Class: 2663K(2752K)->2663K(2752K)
[510.439s][info][gc             ] GC(1685) Pause Young (Allocation Failure) 448M->335M(741M) 41.753ms
[510.439s][info][gc,cpu         ] GC(1685) User=0.08s Sys=0.00s Real=0.04s
[510.739s][info][gc,start       ] GC(1686) Pause Young (Allocation Failure)
[510.749s][info][gc,heap        ] GC(1686) PSYoungGen: 122208K(223744K)->1792K(223232K) Eden: 117248K(117248K)->0K(114688K) From: 4960K(106496K)->1792K(108544K)
[510.749s][info][gc,heap        ] GC(1686) ParOldGen: 338843K(535040K)->343795K(535040K)
[510.749s][info][gc,metaspace   ] GC(1686) Metaspace: 18956K(19136K)->18956K(19136K) NonClass: 16293K(16384K)->16293K(16384K) Class: 2663K(2752K)->2663K(2752K)
[510.749s][info][gc             ] GC(1686) Pause Young (Allocation Failure) 450M->337M(740M) 9.453ms
[510.749s][info][gc,cpu         ] GC(1686) User=0.02s Sys=0.00s Real=0.01s
[510.991s][info][gc,start       ] GC(1687) Pause Young (Allocation Failure)
[511.001s][info][gc,heap        ] GC(1687) PSYoungGen: 116480K(223232K)->5760K(224256K) Eden: 114688K(114688K)->0K(114688K) From: 1792K(108544K)->5760K(109568K)
[511.001s][info][gc,heap        ] GC(1687) ParOldGen: 343795K(535040K)->345491K(535040K)
[511.001s][info][gc,metaspace   ] GC(1687) Metaspace: 18956K(19136K)->18956K(19136K) NonClass: 16293K(16384K)->16293K(16384K) Class: 2663K(2752K)->2663K(2752K)
[511.001s][info][gc             ] GC(1687) Pause Young (Allocation Failure) 449M->343M(741M) 9.583ms
[511.001s][info][gc,cpu         ] GC(1687) User=0.02s Sys=0.00s Real=0.01s
[511.120s][info][gc,start       ] GC(1688) Pause Young (Allocation Failure)
[511.167s][info][gc,heap        ] GC(1688) PSYoungGen: 120448K(224256K)->46512K(215552K) Eden: 114688K(114688K)->0K(115200K) From: 5760K(109568K)->46512K(100352K)
[511.168s][info][gc,heap        ] GC(1688) ParOldGen: 345491K(535040K)->351034K(535040K)
[511.168s][info][gc,metaspace   ] GC(1688) Metaspace: 18958K(19136K)->18958K(19136K) NonClass: 16295K(16384K)->16295K(16384K) Class: 2663K(2752K)->2663K(2752K)
[511.168s][info][gc             ] GC(1688) Pause Young (Allocation Failure) 455M->388M(733M) 47.088ms
[511.168s][info][gc,cpu         ] GC(1688) User=0.09s Sys=0.00s Real=0.04s
[511.345s][info][gc,start       ] GC(1689) Pause Young (Allocation Failure)
[511.412s][info][gc,heap        ] GC(1689) PSYoungGen: 161712K(215552K)->25888K(220160K) Eden: 115200K(115200K)->0K(115200K) From: 46512K(100352K)->25888K(104960K)
[511.412s][info][gc,heap        ] GC(1689) ParOldGen: 351034K(535040K)->397749K(535040K)
[511.412s][info][gc,metaspace   ] GC(1689) Metaspace: 18958K(19136K)->18958K(19136K) NonClass: 16295K(16384K)->16295K(16384K) Class: 2663K(2752K)->2663K(2752K)
[511.412s][info][gc             ] GC(1689) Pause Young (Allocation Failure) 500M->413M(737M) 67.234ms
[511.412s][info][gc,cpu         ] GC(1689) User=0.14s Sys=0.00s Real=0.07s
[511.503s][info][gc,start       ] GC(1690) Pause Young (Allocation Failure)
[511.535s][info][gc,heap        ] GC(1690) PSYoungGen: 141088K(220160K)->3392K(227328K) Eden: 115200K(115200K)->0K(128000K) From: 25888K(104960K)->3392K(99328K)
[511.535s][info][gc,heap        ] GC(1690) ParOldGen: 397749K(535040K)->423705K(535040K)
[511.535s][info][gc,metaspace   ] GC(1690) Metaspace: 18958K(19136K)->18958K(19136K) NonClass: 16295K(16384K)->16295K(16384K) Class: 2663K(2752K)->2663K(2752K)
[511.535s][info][gc             ] GC(1690) Pause Young (Allocation Failure) 526M->417M(744M) 32.311ms
[511.535s][info][gc,cpu         ] GC(1690) User=0.07s Sys=0.00s Real=0.03s
[511.671s][info][gc,start       ] GC(1691) Pause Young (Allocation Failure)
[511.678s][info][gc,heap        ] GC(1691) PSYoungGen: 131392K(227328K)->1152K(228352K) Eden: 128000K(128000K)->0K(128000K) From: 3392K(99328K)->1152K(100352K)
[511.678s][info][gc,heap        ] GC(1691) ParOldGen: 423705K(535040K)->426945K(535040K)
[511.678s][info][gc,metaspace   ] GC(1691) Metaspace: 18958K(19136K)->18958K(19136K) NonClass: 16295K(16384K)->16295K(16384K) Class: 2663K(2752K)->2663K(2752K)
[511.678s][info][gc             ] GC(1691) Pause Young (Allocation Failure) 542M->418M(745M) 7.363ms
[511.678s][info][gc,cpu         ] GC(1691) User=0.01s Sys=0.00s Real=0.00s
[511.919s][info][gc,start       ] GC(1692) Pause Young (Allocation Failure)
[511.924s][info][gc,heap        ] GC(1692) PSYoungGen: 129152K(228352K)->1056K(229376K) Eden: 128000K(128000K)->0K(134144K) From: 1152K(100352K)->1056K(95232K)
[511.924s][info][gc,heap        ] GC(1692) ParOldGen: 426945K(535040K)->428065K(535040K)
[511.925s][info][gc,metaspace   ] GC(1692) Metaspace: 18958K(19136K)->18958K(19136K) NonClass: 16295K(16384K)->16295K(16384K) Class: 2663K(2752K)->2663K(2752K)
[511.925s][info][gc             ] GC(1692) Pause Young (Allocation Failure) 543M->419M(746M) 5.716ms
[511.925s][info][gc,cpu         ] GC(1692) User=0.01s Sys=0.00s Real=0.01s
[512.214s][info][gc,start       ] GC(1693) Pause Young (Allocation Failure)
[512.236s][info][gc,heap        ] GC(1693) PSYoungGen: 135200K(229376K)->20736K(231424K) Eden: 134144K(134144K)->0K(134144K) From: 1056K(95232K)->20736K(97280K)
[512.236s][info][gc,heap        ] GC(1693) ParOldGen: 428065K(535040K)->428065K(535040K)
[512.236s][info][gc,metaspace   ] GC(1693) Metaspace: 18958K(19136K)->18958K(19136K) NonClass: 16295K(16384K)->16295K(16384K) Class: 2663K(2752K)->2663K(2752K)
[512.236s][info][gc             ] GC(1693) Pause Young (Allocation Failure) 550M->438M(748M) 21.914ms
[512.236s][info][gc,cpu         ] GC(1693) User=0.04s Sys=0.00s Real=0.02s
[512.403s][info][gc,start       ] GC(1694) Pause Young (Allocation Failure)
[512.465s][info][gc,heap        ] GC(1694) PSYoungGen: 154880K(231424K)->69331K(223744K) Eden: 134144K(134144K)->0K(132096K) From: 20736K(97280K)->69331K(91648K)
[512.466s][info][gc,heap        ] GC(1694) ParOldGen: 428065K(535040K)->428065K(535040K)
[512.466s][info][gc,metaspace   ] GC(1694) Metaspace: 18961K(19136K)->18961K(19136K) NonClass: 16297K(16384K)->16297K(16384K) Class: 2663K(2752K)->2663K(2752K)
[512.466s][info][gc             ] GC(1694) Pause Young (Allocation Failure) 569M->485M(741M) 62.217ms
[512.466s][info][gc,cpu         ] GC(1694) User=0.12s Sys=0.00s Real=0.06s
[512.571s][info][gc,start       ] GC(1695) Pause Young (Allocation Failure)
[512.709s][info][gc,heap        ] GC(1695) PSYoungGen: 201427K(223744K)->100854K(232960K) Eden: 132096K(132096K)->0K(132096K) From: 69331K(91648K)->100854K(100864K)
[512.709s][info][gc,heap        ] GC(1695) ParOldGen: 428065K(535040K)->478920K(535040K)
[512.709s][info][gc,metaspace   ] GC(1695) Metaspace: 18961K(19136K)->18961K(19136K) NonClass: 16297K(16384K)->16297K(16384K) Class: 2663K(2752K)->2663K(2752K)
[512.709s][info][gc             ] GC(1695) Pause Young (Allocation Failure) 614M->566M(750M) 138.337ms
[512.709s][info][gc,cpu         ] GC(1695) User=0.28s Sys=0.00s Real=0.13s
[512.807s][info][gc,start       ] GC(1696) Pause Young (Allocation Failure)
[512.915s][info][gc,heap        ] GC(1696) PSYoungGen: 232950K(232960K)->80066K(212480K) Eden: 132096K(132096K)->0K(111616K) From: 100854K(100864K)->80066K(100864K)
[512.916s][info][gc,heap        ] GC(1696) ParOldGen: 478920K(535040K)->515773K(535040K)
[512.916s][info][gc,metaspace   ] GC(1696) Metaspace: 18961K(19136K)->18961K(19136K) NonClass: 16297K(16384K)->16297K(16384K) Class: 2663K(2752K)->2663K(2752K)
[512.916s][info][gc             ] GC(1696) Pause Young (Allocation Failure) 695M->581M(730M) 108.830ms
[512.916s][info][gc,cpu         ] GC(1696) User=0.21s Sys=0.01s Real=0.11s
[513.029s][info][gc,start       ] GC(1697) Pause Young (Allocation Failure)
[513.144s][info][gc,heap        ] GC(1697) PSYoungGen: 191682K(212480K)->1716K(222720K) Eden: 111616K(111616K)->0K(111616K) From: 80066K(100864K)->1716K(111104K)
[513.144s][info][gc,heap        ] GC(1697) ParOldGen: 515773K(535040K)->596082K(596480K)
[513.144s][info][gc,metaspace   ] GC(1697) Metaspace: 18963K(19136K)->18963K(19136K) NonClass: 16299K(16384K)->16299K(16384K) Class: 2663K(2752K)->2663K(2752K)
[513.144s][info][gc             ] GC(1697) Pause Young (Allocation Failure) 690M->583M(800M) 115.218ms
[513.144s][info][gc,cpu         ] GC(1697) User=0.18s Sys=0.04s Real=0.12s
[513.248s][info][gc,start       ] GC(1698) Pause Full (Allocation Failure)
[513.248s][info][gc,phases,start] GC(1698) Marking Phase
[513.308s][info][gc,phases      ] GC(1698) Marking Phase 60.340ms
[513.309s][info][gc,phases,start] GC(1698) Summary Phase
[513.309s][info][gc,phases      ] GC(1698) Summary Phase 0.026ms
[513.309s][info][gc,phases,start] GC(1698) Forward
[513.329s][info][gc,phases      ] GC(1698) Forward 20.629ms
[513.329s][info][gc,phases,start] GC(1698) Adjust Pointers
[513.374s][info][gc,phases      ] GC(1698) Adjust Pointers 45.010ms
[513.374s][info][gc,phases,start] GC(1698) Compaction Phase
[513.397s][info][gc,phases      ] GC(1698) Compaction Phase 22.819ms
[513.400s][info][gc,phases,start] GC(1698) Post Compact
[513.402s][info][gc,phases      ] GC(1698) Post Compact 2.052ms
[513.414s][info][gc,heap        ] GC(1698) PSYoungGen: 113332K(222720K)->0K(222720K) Eden: 111616K(111616K)->0K(111616K) From: 1716K(111104K)->0K(111104K)
[513.414s][info][gc,heap        ] GC(1698) ParOldGen: 596082K(596480K)->99030K(455680K)
[513.414s][info][gc,metaspace   ] GC(1698) Metaspace: 18968K(19200K)->18968K(19200K) NonClass: 16305K(16448K)->16305K(16448K) Class: 2663K(2752K)->2663K(2752K)
[513.414s][info][gc             ] GC(1698) Pause Full (Allocation Failure) 692M->96M(662M) 165.629ms
[513.414s][info][gc,cpu         ] GC(1698) User=0.27s Sys=0.02s Real=0.17s
[513.556s][info][gc,start       ] GC(1699) Pause Young (Allocation Failure)
[513.569s][info][gc,heap        ] GC(1699) PSYoungGen: 111616K(222720K)->14576K(222720K) Eden: 111616K(111616K)->0K(111616K) From: 0K(111104K)->14576K(111104K)
[513.569s][info][gc,heap        ] GC(1699) ParOldGen: 99030K(455680K)->99030K(455680K)
[513.569s][info][gc,metaspace   ] GC(1699) Metaspace: 18968K(19200K)->18968K(19200K) NonClass: 16305K(16448K)->16305K(16448K) Class: 2663K(2752K)->2663K(2752K)
[513.569s][info][gc             ] GC(1699) Pause Young (Allocation Failure) 205M->110M(662M) 13.440ms
[513.569s][info][gc,cpu         ] GC(1699) User=0.02s Sys=0.00s Real=0.01s
[513.627s][info][gc,start       ] GC(1700) Pause Young (Allocation Failure)
[513.667s][info][gc,heap        ] GC(1700) PSYoungGen: 126192K(222720K)->40512K(222720K) Eden: 111616K(111616K)->0K(111616K) From: 14576K(111104K)->40512K(111104K)
[513.667s][info][gc,heap        ] GC(1700) ParOldGen: 99030K(455680K)->113670K(455680K)
[513.668s][info][gc,metaspace   ] GC(1700) Metaspace: 18968K(19200K)->18968K(19200K) NonClass: 16305K(16448K)->16305K(16448K) Class: 2663K(2752K)->2663K(2752K)
[513.668s][info][gc             ] GC(1700) Pause Young (Allocation Failure) 219M->150M(662M) 40.401ms
[513.668s][info][gc,cpu         ] GC(1700) User=0.08s Sys=0.00s Real=0.04s
[513.826s][info][gc,start       ] GC(1701) Pause Young (Allocation Failure)
[513.870s][info][gc,heap        ] GC(1701) PSYoungGen: 152128K(222720K)->19584K(222720K) Eden: 111616K(111616K)->0K(111616K) From: 40512K(111104K)->19584K(111104K)
[513.870s][info][gc,heap        ] GC(1701) ParOldGen: 113670K(455680K)->154670K(455680K)
[513.870s][info][gc,metaspace   ] GC(1701) Metaspace: 18970K(19200K)->18970K(19200K) NonClass: 16307K(16448K)->16307K(16448K) Class: 2663K(2752K)->2663K(2752K)
[513.870s][info][gc             ] GC(1701) Pause Young (Allocation Failure) 259M->170M(662M) 44.644ms
[513.870s][info][gc,cpu         ] GC(1701) User=0.08s Sys=0.00s Real=0.04s
[513.966s][info][gc,start       ] GC(1702) Pause Young (Allocation Failure)
[513.989s][info][gc,heap        ] GC(1702) PSYoungGen: 131200K(222720K)->6208K(222720K) Eden: 111616K(111616K)->0K(111616K) From: 19584K(111104K)->6208K(111104K)
[513.989s][info][gc,heap        ] GC(1702) ParOldGen: 154670K(455680K)->174438K(455680K)
[513.989s][info][gc,metaspace   ] GC(1702) Metaspace: 18970K(19200K)->18970K(19200K) NonClass: 16307K(16448K)->16307K(16448K) Class: 2663K(2752K)->2663K(2752K)
[513.989s][info][gc             ] GC(1702) Pause Young (Allocation Failure) 279M->176M(662M) 22.921ms
[513.989s][info][gc,cpu         ] GC(1702) User=0.04s Sys=0.00s Real=0.02s
[514.084s][info][gc,start       ] GC(1703) Pause Young (Allocation Failure)
[514.162s][info][gc,heap        ] GC(1703) PSYoungGen: 117824K(222720K)->66657K(222720K) Eden: 111616K(111616K)->0K(111616K) From: 6208K(111104K)->66657K(111104K)
[514.162s][info][gc,heap        ] GC(1703) ParOldGen: 174438K(455680K)->180646K(455680K)
[514.162s][info][gc,metaspace   ] GC(1703) Metaspace: 18970K(19200K)->18970K(19200K) NonClass: 16307K(16448K)->16307K(16448K) Class: 2663K(2752K)->2663K(2752K)
[514.162s][info][gc             ] GC(1703) Pause Young (Allocation Failure) 285M->241M(662M) 78.810ms
[514.162s][info][gc,cpu         ] GC(1703) User=0.15s Sys=0.00s Real=0.08s
[514.215s][info][gc,start       ] GC(1704) Pause Young (Allocation Failure)
[514.314s][info][gc,heap        ] GC(1704) PSYoungGen: 178273K(222720K)->40128K(222720K) Eden: 111616K(111616K)->0K(111616K) From: 66657K(111104K)->40128K(111104K)
[514.314s][info][gc,heap        ] GC(1704) ParOldGen: 180646K(455680K)->247547K(455680K)
[514.314s][info][gc,metaspace   ] GC(1704) Metaspace: 18970K(19200K)->18970K(19200K) NonClass: 16307K(16448K)->16307K(16448K) Class: 2663K(2752K)->2663K(2752K)
[514.314s][info][gc             ] GC(1704) Pause Young (Allocation Failure) 350M->280M(662M) 98.841ms
[514.314s][info][gc,cpu         ] GC(1704) User=0.20s Sys=0.00s Real=0.10s
[514.410s][info][gc,start       ] GC(1705) Pause Young (Allocation Failure)
[514.466s][info][gc,heap        ] GC(1705) PSYoungGen: 151744K(222720K)->34656K(146432K) Eden: 111616K(111616K)->0K(111616K) From: 40128K(111104K)->34656K(34816K)
[514.466s][info][gc,heap        ] GC(1705) ParOldGen: 247547K(455680K)->288123K(455680K)
[514.466s][info][gc,metaspace   ] GC(1705) Metaspace: 18970K(19200K)->18970K(19200K) NonClass: 16307K(16448K)->16307K(16448K) Class: 2663K(2752K)->2663K(2752K)
[514.466s][info][gc             ] GC(1705) Pause Young (Allocation Failure) 389M->315M(588M) 55.735ms
[514.466s][info][gc,cpu         ] GC(1705) User=0.11s Sys=0.00s Real=0.06s
[514.553s][info][gc,start       ] GC(1706) Pause Young (Allocation Failure)
[514.599s][info][gc,heap        ] GC(1706) PSYoungGen: 146272K(146432K)->15232K(221696K) Eden: 111616K(111616K)->0K(114688K) From: 34656K(34816K)->15232K(107008K)
[514.599s][info][gc,heap        ] GC(1706) ParOldGen: 288123K(455680K)->323051K(455680K)
[514.599s][info][gc,metaspace   ] GC(1706) Metaspace: 18970K(19200K)->18970K(19200K) NonClass: 16307K(16448K)->16307K(16448K) Class: 2663K(2752K)->2663K(2752K)
[514.599s][info][gc             ] GC(1706) Pause Young (Allocation Failure) 424M->330M(661M) 46.411ms
[514.599s][info][gc,cpu         ] GC(1706) User=0.09s Sys=0.00s Real=0.04s
[514.681s][info][gc,start       ] GC(1707) Pause Young (Allocation Failure)
[514.712s][info][gc,heap        ] GC(1707) PSYoungGen: 129920K(221696K)->7552K(218624K) Eden: 114688K(114688K)->0K(114688K) From: 15232K(107008K)->7552K(103936K)
[514.712s][info][gc,heap        ] GC(1707) ParOldGen: 323051K(455680K)->338283K(455680K)
[514.712s][info][gc,metaspace   ] GC(1707) Metaspace: 18970K(19200K)->18970K(19200K) NonClass: 16307K(16448K)->16307K(16448K) Class: 2663K(2752K)->2663K(2752K)
[514.712s][info][gc             ] GC(1707) Pause Young (Allocation Failure) 442M->337M(658M) 31.744ms
[514.712s][info][gc,cpu         ] GC(1707) User=0.07s Sys=0.00s Real=0.03s
[514.802s][info][gc,start       ] GC(1708) Pause Young (Allocation Failure)
[514.839s][info][gc,heap        ] GC(1708) PSYoungGen: 122240K(218624K)->15041K(226304K) Eden: 114688K(114688K)->0K(126464K) From: 7552K(103936K)->15041K(99840K)
[514.839s][info][gc,heap        ] GC(1708) ParOldGen: 338283K(455680K)->345851K(455680K)
[514.839s][info][gc,metaspace   ] GC(1708) Metaspace: 18970K(19200K)->18970K(19200K) NonClass: 16307K(16448K)->16307K(16448K) Class: 2663K(2752K)->2663K(2752K)
[514.839s][info][gc             ] GC(1708) Pause Young (Allocation Failure) 449M->352M(666M) 36.566ms
[514.839s][info][gc,cpu         ] GC(1708) User=0.08s Sys=0.00s Real=0.03s
[514.944s][info][gc,start       ] GC(1709) Pause Young (Allocation Failure)
[514.985s][info][gc,heap        ] GC(1709) PSYoungGen: 141505K(226304K)->12544K(224768K) Eden: 126464K(126464K)->0K(126464K) From: 15041K(99840K)->12544K(98304K)
[514.985s][info][gc,heap        ] GC(1709) ParOldGen: 345851K(455680K)->360896K(455680K)
[514.985s][info][gc,metaspace   ] GC(1709) Metaspace: 18970K(19200K)->18970K(19200K) NonClass: 16307K(16448K)->16307K(16448K) Class: 2663K(2752K)->2663K(2752K)
[514.985s][info][gc             ] GC(1709) Pause Young (Allocation Failure) 475M->364M(664M) 41.017ms
[514.985s][info][gc,cpu         ] GC(1709) User=0.07s Sys=0.00s Real=0.04s
[515.078s][info][gc,start       ] GC(1710) Pause Young (Allocation Failure)
[515.108s][info][gc,heap        ] GC(1710) PSYoungGen: 139008K(224768K)->13984K(231424K) Eden: 126464K(126464K)->0K(139776K) From: 12544K(98304K)->13984K(91648K)
[515.108s][info][gc,heap        ] GC(1710) ParOldGen: 360896K(455680K)->373440K(455680K)
[515.108s][info][gc,metaspace   ] GC(1710) Metaspace: 18970K(19200K)->18970K(19200K) NonClass: 16307K(16448K)->16307K(16448K) Class: 2663K(2752K)->2663K(2752K)
[515.108s][info][gc             ] GC(1710) Pause Young (Allocation Failure) 488M->378M(671M) 29.791ms
[515.108s][info][gc,cpu         ] GC(1710) User=0.05s Sys=0.00s Real=0.03s
[515.226s][info][gc,start       ] GC(1711) Pause Young (Allocation Failure)
[515.260s][info][gc,heap        ] GC(1711) PSYoungGen: 153760K(231424K)->18272K(230400K) Eden: 139776K(139776K)->0K(139776K) From: 13984K(91648K)->18272K(90624K)
[515.260s][info][gc,heap        ] GC(1711) ParOldGen: 373440K(455680K)->387432K(455680K)
[515.260s][info][gc,metaspace   ] GC(1711) Metaspace: 18970K(19200K)->18970K(19200K) NonClass: 16307K(16448K)->16307K(16448K) Class: 2663K(2752K)->2663K(2752K)
[515.260s][info][gc             ] GC(1711) Pause Young (Allocation Failure) 514M->396M(670M) 33.954ms
[515.260s][info][gc,cpu         ] GC(1711) User=0.07s Sys=0.00s Real=0.03s
[515.353s][info][gc,start       ] GC(1712) Pause Young (Allocation Failure)
[515.386s][info][gc,heap        ] GC(1712) PSYoungGen: 158048K(230400K)->12896K(239616K) Eden: 139776K(139776K)->0K(155136K) From: 18272K(90624K)->12896K(84480K)
[515.387s][info][gc,heap        ] GC(1712) ParOldGen: 387432K(455680K)->405712K(455680K)
[515.387s][info][gc,metaspace   ] GC(1712) Metaspace: 18970K(19200K)->18970K(19200K) NonClass: 16307K(16448K)->16307K(16448K) Class: 2663K(2752K)->2663K(2752K)
[515.387s][info][gc             ] GC(1712) Pause Young (Allocation Failure) 532M->408M(679M) 33.428ms
[515.387s][info][gc,cpu         ] GC(1712) User=0.07s Sys=0.00s Real=0.03s
[515.551s][info][gc,start       ] GC(1713) Pause Young (Allocation Failure)
[515.576s][info][gc,heap        ] GC(1713) PSYoungGen: 168032K(239616K)->5792K(237568K) Eden: 155136K(155136K)->0K(155136K) From: 12896K(84480K)->5792K(82432K)
[515.576s][info][gc,heap        ] GC(1713) ParOldGen: 405712K(455680K)->418606K(455680K)
[515.576s][info][gc,metaspace   ] GC(1713) Metaspace: 18970K(19200K)->18970K(19200K) NonClass: 16307K(16448K)->16307K(16448K) Class: 2663K(2752K)->2663K(2752K)
[515.576s][info][gc             ] GC(1713) Pause Young (Allocation Failure) 560M->414M(677M) 24.781ms
[515.576s][info][gc,cpu         ] GC(1713) User=0.05s Sys=0.00s Real=0.02s
[515.811s][info][gc,start       ] GC(1714) Pause Young (Allocation Failure)
[515.838s][info][gc,heap        ] GC(1714) PSYoungGen: 160928K(237568K)->19456K(245760K) Eden: 155136K(155136K)->0K(171520K) From: 5792K(82432K)->19456K(74240K)
[515.838s][info][gc,heap        ] GC(1714) ParOldGen: 418606K(455680K)->424406K(455680K)
[515.838s][info][gc,metaspace   ] GC(1714) Metaspace: 18970K(19200K)->18970K(19200K) NonClass: 16307K(16448K)->16307K(16448K) Class: 2663K(2752K)->2663K(2752K)
[515.838s][info][gc             ] GC(1714) Pause Young (Allocation Failure) 565M->433M(685M) 26.889ms
[515.838s][info][gc,cpu         ] GC(1714) User=0.05s Sys=0.00s Real=0.02s
[516.324s][info][gc,start       ] GC(1715) Pause Young (Allocation Failure)
[516.348s][info][gc,heap        ] GC(1715) PSYoungGen: 190976K(245760K)->2080K(246272K) Eden: 171520K(171520K)->0K(171520K) From: 19456K(74240K)->2080K(74752K)
[516.348s][info][gc,heap        ] GC(1715) ParOldGen: 424406K(455680K)->443852K(455680K)
[516.348s][info][gc,metaspace   ] GC(1715) Metaspace: 18970K(19200K)->18970K(19200K) NonClass: 16307K(16448K)->16307K(16448K) Class: 2663K(2752K)->2663K(2752K)
[516.348s][info][gc             ] GC(1715) Pause Young (Allocation Failure) 600M->435M(685M) 24.260ms
[516.348s][info][gc,cpu         ] GC(1715) User=0.05s Sys=0.00s Real=0.02s
[516.773s][info][gc,start       ] GC(1716) Pause Young (Allocation Failure)
[516.777s][info][gc,heap        ] GC(1716) PSYoungGen: 173600K(246272K)->128K(257024K) Eden: 171520K(171520K)->0K(185856K) From: 2080K(74752K)->128K(71168K)
[516.777s][info][gc,heap        ] GC(1716) ParOldGen: 443852K(455680K)->445860K(455680K)
[516.777s][info][gc,metaspace   ] GC(1716) Metaspace: 18970K(19200K)->18970K(19200K) NonClass: 16307K(16448K)->16307K(16448K) Class: 2663K(2752K)->2663K(2752K)
[516.777s][info][gc             ] GC(1716) Pause Young (Allocation Failure) 602M->435M(696M) 4.286ms
[516.777s][info][gc,cpu         ] GC(1716) User=0.01s Sys=0.00s Real=0.00s
[517.203s][info][gc,start       ] GC(1717) Pause Young (Allocation Failure)
[517.213s][info][gc,heap        ] GC(1717) PSYoungGen: 185984K(257024K)->64K(257536K) Eden: 185856K(185856K)->0K(185856K) From: 128K(71168K)->64K(71680K)
[517.213s][info][gc,heap        ] GC(1717) ParOldGen: 445860K(455680K)->445956K(455680K)
[517.213s][info][gc,metaspace   ] GC(1717) Metaspace: 18970K(19200K)->18970K(19200K) NonClass: 16307K(16448K)->16307K(16448K) Class: 2663K(2752K)->2663K(2752K)
[517.213s][info][gc             ] GC(1717) Pause Young (Allocation Failure) 617M->435M(696M) 10.029ms
[517.213s][info][gc,cpu         ] GC(1717) User=0.01s Sys=0.00s Real=0.01s
[517.512s][info][gc,start       ] GC(1718) Pause Young (Allocation Failure)
[517.532s][info][gc,heap        ] GC(1718) PSYoungGen: 185920K(257536K)->24470K(258560K) Eden: 185856K(185856K)->0K(192512K) From: 64K(71680K)->24470K(66048K)
[517.532s][info][gc,heap        ] GC(1718) ParOldGen: 445956K(455680K)->445956K(455680K)
[517.532s][info][gc,metaspace   ] GC(1718) Metaspace: 18970K(19200K)->18970K(19200K) NonClass: 16307K(16448K)->16307K(16448K) Class: 2663K(2752K)->2663K(2752K)
[517.532s][info][gc             ] GC(1718) Pause Young (Allocation Failure) 617M->459M(697M) 20.107ms
[517.532s][info][gc,cpu         ] GC(1718) User=0.04s Sys=0.00s Real=0.02s
[517.745s][info][gc,start       ] GC(1719) Pause Young (Allocation Failure)
[517.808s][info][gc,heap        ] GC(1719) PSYoungGen: 216982K(258560K)->67046K(259584K) Eden: 192512K(192512K)->0K(192512K) From: 24470K(66048K)->67046K(67072K)
[517.808s][info][gc,heap        ] GC(1719) ParOldGen: 445956K(455680K)->453932K(455680K)
[517.808s][info][gc,metaspace   ] GC(1719) Metaspace: 18970K(19200K)->18970K(19200K) NonClass: 16307K(16448K)->16307K(16448K) Class: 2663K(2752K)->2663K(2752K)
[517.808s][info][gc             ] GC(1719) Pause Young (Allocation Failure) 647M->508M(698M) 62.976ms
[517.808s][info][gc,cpu         ] GC(1719) User=0.12s Sys=0.00s Real=0.06s
[518.006s][info][gc,start       ] GC(1720) Pause Young (Allocation Failure)
[518.110s][info][gc,heap        ] GC(1720) PSYoungGen: 259558K(259584K)->70044K(218624K) Eden: 192512K(192512K)->0K(144384K) From: 67046K(67072K)->70044K(74240K)
[518.110s][info][gc,heap        ] GC(1720) ParOldGen: 453932K(455680K)->478614K(478720K)
[518.110s][info][gc,metaspace   ] GC(1720) Metaspace: 18970K(19200K)->18970K(19200K) NonClass: 16307K(16448K)->16307K(16448K) Class: 2663K(2752K)->2663K(2752K)
[518.110s][info][gc             ] GC(1720) Pause Young (Allocation Failure) 696M->535M(681M) 103.769ms
[518.110s][info][gc,cpu         ] GC(1720) User=0.18s Sys=0.02s Real=0.10s
[518.232s][info][gc,start       ] GC(1721) Pause Young (Allocation Failure)
[518.355s][info][gc,heap        ] GC(1721) PSYoungGen: 214428K(218624K)->25488K(239104K) Eden: 144384K(144384K)->0K(144384K) From: 70044K(74240K)->25488K(94720K)
[518.356s][info][gc,heap        ] GC(1721) ParOldGen: 478614K(478720K)->549008K(549376K)
[518.356s][info][gc,metaspace   ] GC(1721) Metaspace: 18970K(19200K)->18970K(19200K) NonClass: 16307K(16448K)->16307K(16448K) Class: 2663K(2752K)->2663K(2752K)
[518.356s][info][gc             ] GC(1721) Pause Young (Allocation Failure) 676M->561M(770M) 123.379ms
[518.356s][info][gc,cpu         ] GC(1721) User=0.19s Sys=0.05s Real=0.12s
[518.457s][info][gc,start       ] GC(1722) Pause Young (Allocation Failure)
[518.522s][info][gc,heap        ] GC(1722) PSYoungGen: 169872K(239104K)->33472K(224768K) Eden: 144384K(144384K)->0K(150528K) From: 25488K(94720K)->33472K(74240K)
[518.523s][info][gc,heap        ] GC(1722) ParOldGen: 549008K(549376K)->574672K(574976K)
[518.523s][info][gc,metaspace   ] GC(1722) Metaspace: 18970K(19200K)->18970K(19200K) NonClass: 16307K(16448K)->16307K(16448K) Class: 2663K(2752K)->2663K(2752K)
[518.523s][info][gc             ] GC(1722) Pause Young (Allocation Failure) 702M->593M(781M) 65.195ms
[518.523s][info][gc,cpu         ] GC(1722) User=0.10s Sys=0.02s Real=0.07s
[518.620s][info][gc,start       ] GC(1723) Pause Young (Allocation Failure)
[518.679s][info][gc,heap        ] GC(1723) PSYoungGen: 184000K(224768K)->12288K(235008K) Eden: 150528K(150528K)->0K(150528K) From: 33472K(74240K)->12288K(84480K)
[518.679s][info][gc,heap        ] GC(1723) ParOldGen: 574672K(574976K)->608304K(608768K)
[518.679s][info][gc,metaspace   ] GC(1723) Metaspace: 18970K(19200K)->18970K(19200K) NonClass: 16307K(16448K)->16307K(16448K) Class: 2663K(2752K)->2663K(2752K)
[518.679s][info][gc             ] GC(1723) Pause Young (Allocation Failure) 740M->606M(824M) 58.927ms
[518.679s][info][gc,cpu         ] GC(1723) User=0.09s Sys=0.02s Real=0.06s
[518.770s][info][gc,start       ] GC(1724) Pause Full (Allocation Failure)
[518.770s][info][gc,phases,start] GC(1724) Marking Phase
[519.013s][info][gc,phases      ] GC(1724) Marking Phase 242.750ms
[519.013s][info][gc,phases,start] GC(1724) Summary Phase
[519.013s][info][gc,phases      ] GC(1724) Summary Phase 0.028ms
[519.013s][info][gc,phases,start] GC(1724) Forward
[519.102s][info][gc,phases      ] GC(1724) Forward 89.232ms
[519.102s][info][gc,phases,start] GC(1724) Adjust Pointers
[519.295s][info][gc,phases      ] GC(1724) Adjust Pointers 192.829ms
[519.295s][info][gc,phases,start] GC(1724) Compaction Phase
[519.409s][info][gc,phases      ] GC(1724) Compaction Phase 114.225ms
[519.417s][info][gc,phases,start] GC(1724) Post Compact
[519.419s][info][gc,phases      ] GC(1724) Post Compact 2.208ms
[519.420s][info][gc,heap        ] GC(1724) PSYoungGen: 162816K(235008K)->0K(246784K) Eden: 150528K(150528K)->0K(167424K) From: 12288K(84480K)->0K(79360K)
[519.420s][info][gc,heap        ] GC(1724) ParOldGen: 608304K(608768K)->354136K(667648K)
[519.420s][info][gc,metaspace   ] GC(1724) Metaspace: 18970K(19200K)->18970K(19200K) NonClass: 16307K(16448K)->16307K(16448K) Class: 2663K(2752K)->2663K(2752K)
[519.420s][info][gc             ] GC(1724) Pause Full (Allocation Failure) 753M->345M(893M) 649.625ms
[519.420s][info][gc,cpu         ] GC(1724) User=1.22s Sys=0.01s Real=0.65s
[519.547s][info][gc,start       ] GC(1725) Pause Young (Allocation Failure)
[519.573s][info][gc,heap        ] GC(1725) PSYoungGen: 167424K(246784K)->18720K(249344K) Eden: 167424K(167424K)->0K(167424K) From: 0K(79360K)->18720K(81920K)
[519.573s][info][gc,heap        ] GC(1725) ParOldGen: 354136K(667648K)->354136K(667648K)
[519.573s][info][gc,metaspace   ] GC(1725) Metaspace: 18970K(19200K)->18970K(19200K) NonClass: 16307K(16448K)->16307K(16448K) Class: 2663K(2752K)->2663K(2752K)
[519.573s][info][gc             ] GC(1725) Pause Young (Allocation Failure) 509M->364M(895M) 25.767ms
[519.573s][info][gc,cpu         ] GC(1725) User=0.05s Sys=0.00s Real=0.03s
[519.684s][info][gc,start       ] GC(1726) Pause Young (Allocation Failure)
[519.714s][info][gc,heap        ] GC(1726) PSYoungGen: 186144K(249344K)->5024K(249344K) Eden: 167424K(167424K)->0K(174080K) From: 18720K(81920K)->5024K(75264K)
[519.714s][info][gc,heap        ] GC(1726) ParOldGen: 354136K(667648K)->372856K(667648K)
[519.714s][info][gc,metaspace   ] GC(1726) Metaspace: 18970K(19200K)->18970K(19200K) NonClass: 16307K(16448K)->16307K(16448K) Class: 2663K(2752K)->2663K(2752K)
[519.714s][info][gc             ] GC(1726) Pause Young (Allocation Failure) 527M->369M(895M) 30.159ms
[519.714s][info][gc,cpu         ] GC(1726) User=0.06s Sys=0.00s Real=0.03s
[519.863s][info][gc,start       ] GC(1727) Pause Young (Allocation Failure)
[519.888s][info][gc,heap        ] GC(1727) PSYoungGen: 179104K(249344K)->16416K(249856K) Eden: 174080K(174080K)->0K(174080K) From: 5024K(75264K)->16416K(75776K)
[519.888s][info][gc,heap        ] GC(1727) ParOldGen: 372856K(667648K)->377864K(667648K)
[519.888s][info][gc,metaspace   ] GC(1727) Metaspace: 18970K(19200K)->18970K(19200K) NonClass: 16307K(16448K)->16307K(16448K) Class: 2663K(2752K)->2663K(2752K)
[519.888s][info][gc             ] GC(1727) Pause Young (Allocation Failure) 539M->385M(896M) 25.336ms
[519.888s][info][gc,cpu         ] GC(1727) User=0.05s Sys=0.00s Real=0.02s
[520.240s][info][gc,start       ] GC(1728) Pause Young (Allocation Failure)
[520.275s][info][gc,heap        ] GC(1728) PSYoungGen: 190496K(249856K)->15104K(253952K) Eden: 174080K(174080K)->0K(185856K) From: 16416K(75776K)->15104K(68096K)
[520.275s][info][gc,heap        ] GC(1728) ParOldGen: 377864K(667648K)->394280K(667648K)
[520.275s][info][gc,metaspace   ] GC(1728) Metaspace: 18970K(19200K)->18970K(19200K) NonClass: 16307K(16448K)->16307K(16448K) Class: 2663K(2752K)->2663K(2752K)
[520.275s][info][gc             ] GC(1728) Pause Young (Allocation Failure) 555M->399M(900M) 34.653ms
[520.275s][info][gc,cpu         ] GC(1728) User=0.06s Sys=0.00s Real=0.04s
[520.619s][info][gc,start       ] GC(1729) Pause Young (Allocation Failure)
[520.657s][info][gc,heap        ] GC(1729) PSYoungGen: 200960K(253952K)->18544K(254464K) Eden: 185856K(185856K)->0K(185856K) From: 15104K(68096K)->18544K(68608K)
[520.657s][info][gc,heap        ] GC(1729) ParOldGen: 394280K(667648K)->409379K(667648K)
[520.657s][info][gc,metaspace   ] GC(1729) Metaspace: 18970K(19200K)->18970K(19200K) NonClass: 16307K(16448K)->16307K(16448K) Class: 2663K(2752K)->2663K(2752K)
[520.657s][info][gc             ] GC(1729) Pause Young (Allocation Failure) 581M->417M(900M) 38.391ms
[520.657s][info][gc,cpu         ] GC(1729) User=0.07s Sys=0.00s Real=0.04s
[520.862s][info][gc,start       ] GC(1730) Pause Young (Allocation Failure)
[520.904s][info][gc,heap        ] GC(1730) PSYoungGen: 204400K(254464K)->32096K(262144K) Eden: 185856K(185856K)->0K(197632K) From: 18544K(68608K)->32096K(64512K)
[520.904s][info][gc,heap        ] GC(1730) ParOldGen: 409379K(667648K)->427984K(667648K)
[520.904s][info][gc,metaspace   ] GC(1730) Metaspace: 18970K(19200K)->18970K(19200K) NonClass: 16307K(16448K)->16307K(16448K) Class: 2663K(2752K)->2663K(2752K)
[520.904s][info][gc             ] GC(1730) Pause Young (Allocation Failure) 599M->449M(908M) 42.344ms
[520.904s][info][gc,cpu         ] GC(1730) User=0.08s Sys=0.00s Real=0.04s
[521.141s][info][gc,start       ] GC(1731) Pause Young (Allocation Failure)
[521.198s][info][gc,heap        ] GC(1731) PSYoungGen: 229728K(262144K)->46784K(261632K) Eden: 197632K(197632K)->0K(197632K) From: 32096K(64512K)->46784K(64000K)
[521.198s][info][gc,heap        ] GC(1731) ParOldGen: 427984K(667648K)->460416K(667648K)
[521.198s][info][gc,metaspace   ] GC(1731) Metaspace: 18970K(19200K)->18970K(19200K) NonClass: 16307K(16448K)->16307K(16448K) Class: 2663K(2752K)->2663K(2752K)
[521.198s][info][gc             ] GC(1731) Pause Young (Allocation Failure) 642M->495M(907M) 56.674ms
[521.198s][info][gc,cpu         ] GC(1731) User=0.11s Sys=0.00s Real=0.05s
[521.454s][info][gc,start       ] GC(1732) Pause Young (Allocation Failure)
[521.536s][info][gc,heap        ] GC(1732) PSYoungGen: 244416K(261632K)->33864K(266240K) Eden: 197632K(197632K)->0K(197632K) From: 46784K(64000K)->33864K(68608K)
[521.536s][info][gc,heap        ] GC(1732) ParOldGen: 460416K(667648K)->507688K(667648K)
[521.536s][info][gc,metaspace   ] GC(1732) Metaspace: 18970K(19200K)->18970K(19200K) NonClass: 16307K(16448K)->16307K(16448K) Class: 2663K(2752K)->2663K(2752K)
[521.536s][info][gc             ] GC(1732) Pause Young (Allocation Failure) 688M->528M(912M) 81.806ms
[521.536s][info][gc,cpu         ] GC(1732) User=0.17s Sys=0.00s Real=0.08s
[521.762s][info][gc,start       ] GC(1733) Pause Young (Allocation Failure)
[521.834s][info][gc,heap        ] GC(1733) PSYoungGen: 231496K(266240K)->24448K(222208K) Eden: 197632K(197632K)->0K(197632K) From: 33864K(68608K)->24448K(24576K)
[521.834s][info][gc,heap        ] GC(1733) ParOldGen: 507688K(667648K)->541583K(667648K)
[521.834s][info][gc,metaspace   ] GC(1733) Metaspace: 18970K(19200K)->18970K(19200K) NonClass: 16307K(16448K)->16307K(16448K) Class: 2663K(2752K)->2663K(2752K)
[521.834s][info][gc             ] GC(1733) Pause Young (Allocation Failure) 721M->552M(869M) 72.220ms
[521.834s][info][gc,cpu         ] GC(1733) User=0.15s Sys=0.00s Real=0.07s
[522.030s][info][gc,start       ] GC(1734) Pause Young (Allocation Failure)
[522.059s][info][gc,heap        ] GC(1734) PSYoungGen: 222080K(222208K)->800K(261120K) Eden: 197632K(197632K)->0K(197120K) From: 24448K(24576K)->800K(64000K)
[522.059s][info][gc,heap        ] GC(1734) ParOldGen: 541583K(667648K)->566071K(667648K)
[522.059s][info][gc,metaspace   ] GC(1734) Metaspace: 18970K(19200K)->18970K(19200K) NonClass: 16307K(16448K)->16307K(16448K) Class: 2663K(2752K)->2663K(2752K)
[522.059s][info][gc             ] GC(1734) Pause Young (Allocation Failure) 745M->553M(907M) 29.030ms
[522.059s][info][gc,cpu         ] GC(1734) User=0.05s Sys=0.00s Real=0.03s
[522.323s][info][gc,start       ] GC(1735) Pause Young (Allocation Failure)
[522.350s][info][gc,heap        ] GC(1735) PSYoungGen: 197920K(261120K)->13280K(261632K) Eden: 197120K(197120K)->0K(197120K) From: 800K(64000K)->13280K(64512K)
[522.350s][info][gc,heap        ] GC(1735) ParOldGen: 566071K(667648K)->566847K(667648K)
[522.350s][info][gc,metaspace   ] GC(1735) Metaspace: 18970K(19200K)->18970K(19200K) NonClass: 16307K(16448K)->16307K(16448K) Class: 2663K(2752K)->2663K(2752K)
[522.350s][info][gc             ] GC(1735) Pause Young (Allocation Failure) 746M->566M(907M) 27.007ms
[522.350s][info][gc,cpu         ] GC(1735) User=0.05s Sys=0.00s Real=0.02s
[522.628s][info][gc,start       ] GC(1736) Pause Young (Allocation Failure)
[522.677s][info][gc,heap        ] GC(1736) PSYoungGen: 210400K(261632K)->36578K(265728K) Eden: 197120K(197120K)->0K(203776K) From: 13280K(64512K)->36578K(61952K)
[522.678s][info][gc,heap        ] GC(1736) ParOldGen: 566847K(667648K)->580135K(667648K)
[522.678s][info][gc,metaspace   ] GC(1736) Metaspace: 18970K(19200K)->18970K(19200K) NonClass: 16307K(16448K)->16307K(16448K) Class: 2663K(2752K)->2663K(2752K)
[522.678s][info][gc             ] GC(1736) Pause Young (Allocation Failure) 759M->602M(911M) 49.055ms
[522.678s][info][gc,cpu         ] GC(1736) User=0.10s Sys=0.00s Real=0.05s
[522.942s][info][gc,start       ] GC(1737) Pause Young (Allocation Failure)
[523.021s][info][gc,heap        ] GC(1737) PSYoungGen: 240354K(265728K)->60064K(264192K) Eden: 203776K(203776K)->0K(203776K) From: 36578K(61952K)->60064K(60416K)
[523.021s][info][gc,heap        ] GC(1737) ParOldGen: 580135K(667648K)->616933K(667648K)
[523.021s][info][gc,metaspace   ] GC(1737) Metaspace: 18970K(19200K)->18970K(19200K) NonClass: 16307K(16448K)->16307K(16448K) Class: 2663K(2752K)->2663K(2752K)
[523.022s][info][gc             ] GC(1737) Pause Young (Allocation Failure) 801M->661M(910M) 79.613ms
[523.022s][info][gc,cpu         ] GC(1737) User=0.15s Sys=0.01s Real=0.08s
[523.295s][info][gc,start       ] GC(1738) Pause Full (Allocation Failure)
[523.295s][info][gc,phases,start] GC(1738) Marking Phase
[523.649s][info][gc,phases      ] GC(1738) Marking Phase 354.305ms
[523.649s][info][gc,phases,start] GC(1738) Summary Phase
[523.649s][info][gc,phases      ] GC(1738) Summary Phase 0.030ms
[523.649s][info][gc,phases,start] GC(1738) Forward
[523.789s][info][gc,phases      ] GC(1738) Forward 139.585ms
[523.789s][info][gc,phases,start] GC(1738) Adjust Pointers
[524.065s][info][gc,phases      ] GC(1738) Adjust Pointers 276.227ms
[524.065s][info][gc,phases,start] GC(1738) Compaction Phase
[524.229s][info][gc,phases      ] GC(1738) Compaction Phase 163.458ms
[524.239s][info][gc,phases,start] GC(1738) Post Compact
[524.241s][info][gc,phases      ] GC(1738) Post Compact 2.556ms
[524.241s][info][gc,heap        ] GC(1738) PSYoungGen: 263840K(264192K)->0K(258048K) Eden: 203776K(203776K)->0K(188416K) From: 60064K(60416K)->0K(69632K)
[524.241s][info][gc,heap        ] GC(1738) ParOldGen: 616933K(667648K)->496121K(667648K)
[524.241s][info][gc,metaspace   ] GC(1738) Metaspace: 18970K(19200K)->18970K(19200K) NonClass: 16307K(16448K)->16307K(16448K) Class: 2663K(2752K)->2663K(2752K)
[524.241s][info][gc             ] GC(1738) Pause Full (Allocation Failure) 860M->484M(904M) 946.524ms
[524.241s][info][gc,cpu         ] GC(1738) User=1.78s Sys=0.00s Real=0.95s
[524.450s][info][gc,start       ] GC(1739) Pause Young (Allocation Failure)
[524.477s][info][gc,heap        ] GC(1739) PSYoungGen: 188416K(258048K)->23712K(212480K) Eden: 188416K(188416K)->0K(188416K) From: 0K(69632K)->23712K(24064K)
[524.477s][info][gc,heap        ] GC(1739) ParOldGen: 496121K(667648K)->496121K(667648K)
[524.477s][info][gc,metaspace   ] GC(1739) Metaspace: 18970K(19200K)->18970K(19200K) NonClass: 16307K(16448K)->16307K(16448K) Class: 2663K(2752K)->2663K(2752K)
[524.477s][info][gc             ] GC(1739) Pause Young (Allocation Failure) 668M->507M(859M) 27.145ms
[524.477s][info][gc,cpu         ] GC(1739) User=0.06s Sys=0.00s Real=0.03s
[524.668s][info][gc,start       ] GC(1740) Pause Young (Allocation Failure)
[524.697s][info][gc,heap        ] GC(1740) PSYoungGen: 212128K(212480K)->800K(260608K) Eden: 188416K(188416K)->0K(191488K) From: 23712K(24064K)->800K(69120K)
[524.697s][info][gc,heap        ] GC(1740) ParOldGen: 496121K(667648K)->519857K(667648K)
[524.697s][info][gc,metaspace   ] GC(1740) Metaspace: 18970K(19200K)->18970K(19200K) NonClass: 16307K(16448K)->16307K(16448K) Class: 2663K(2752K)->2663K(2752K)
[524.697s][info][gc             ] GC(1740) Pause Young (Allocation Failure) 691M->508M(906M) 28.842ms
[524.697s][info][gc,cpu         ] GC(1740) User=0.05s Sys=0.00s Real=0.03s
[524.937s][info][gc,start       ] GC(1741) Pause Young (Allocation Failure)
[524.954s][info][gc,heap        ] GC(1741) PSYoungGen: 192288K(260608K)->13120K(260608K) Eden: 191488K(191488K)->0K(191488K) From: 800K(69120K)->13120K(69120K)
[524.954s][info][gc,heap        ] GC(1741) ParOldGen: 519857K(667648K)->520625K(667648K)
[524.954s][info][gc,metaspace   ] GC(1741) Metaspace: 18970K(19200K)->18970K(19200K) NonClass: 16307K(16448K)->16307K(16448K) Class: 2663K(2752K)->2663K(2752K)
[524.954s][info][gc             ] GC(1741) Pause Young (Allocation Failure) 695M->521M(906M) 16.993ms
[524.954s][info][gc,cpu         ] GC(1741) User=0.03s Sys=0.00s Real=0.02s
[525.375s][info][gc,start       ] GC(1742) Pause Young (Allocation Failure)
[525.409s][info][gc,heap        ] GC(1742) PSYoungGen: 204608K(260608K)->30560K(263168K) Eden: 191488K(191488K)->0K(197120K) From: 13120K(69120K)->30560K(66048K)
[525.409s][info][gc,heap        ] GC(1742) ParOldGen: 520625K(667648K)->520625K(667648K)
[525.409s][info][gc,metaspace   ] GC(1742) Metaspace: 18970K(19200K)->18970K(19200K) NonClass: 16307K(16448K)->16307K(16448K) Class: 2663K(2752K)->2663K(2752K)
[525.409s][info][gc             ] GC(1742) Pause Young (Allocation Failure) 708M->538M(909M) 33.973ms
[525.409s][info][gc,cpu         ] GC(1742) User=0.06s Sys=0.00s Real=0.03s
[525.937s][info][gc,start       ] GC(1743) Pause Young (Allocation Failure)
[525.968s][info][gc,heap        ] GC(1743) PSYoungGen: 227680K(263168K)->30592K(262144K) Eden: 197120K(197120K)->0K(197120K) From: 30560K(66048K)->30592K(65024K)
[525.968s][info][gc,heap        ] GC(1743) ParOldGen: 520625K(667648K)->520625K(667648K)
[525.968s][info][gc,metaspace   ] GC(1743) Metaspace: 18970K(19200K)->18970K(19200K) NonClass: 16307K(16448K)->16307K(16448K) Class: 2663K(2752K)->2663K(2752K)
[525.968s][info][gc             ] GC(1743) Pause Young (Allocation Failure) 730M->538M(908M) 31.075ms
[525.968s][info][gc,cpu         ] GC(1743) User=0.06s Sys=0.00s Real=0.03s
[526.426s][info][gc,start       ] GC(1744) Pause Young (Allocation Failure)
[526.467s][info][gc,heap        ] GC(1744) PSYoungGen: 227712K(262144K)->30576K(267264K) Eden: 197120K(197120K)->0K(204288K) From: 30592K(65024K)->30576K(62976K)
[526.467s][info][gc,heap        ] GC(1744) ParOldGen: 520625K(667648K)->520625K(667648K)
[526.467s][info][gc,metaspace   ] GC(1744) Metaspace: 18970K(19200K)->18970K(19200K) NonClass: 16307K(16448K)->16307K(16448K) Class: 2663K(2752K)->2663K(2752K)
[526.467s][info][gc             ] GC(1744) Pause Young (Allocation Failure) 730M->538M(913M) 40.643ms
[526.467s][info][gc,cpu         ] GC(1744) User=0.07s Sys=0.00s Real=0.04s
[526.797s][info][gc,start       ] GC(1745) Pause Young (Allocation Failure)
[526.848s][info][gc,heap        ] GC(1745) PSYoungGen: 234864K(267264K)->58496K(263168K) Eden: 204288K(204288K)->0K(204288K) From: 30576K(62976K)->58496K(58880K)
[526.848s][info][gc,heap        ] GC(1745) ParOldGen: 520625K(667648K)->520625K(667648K)
[526.848s][info][gc,metaspace   ] GC(1745) Metaspace: 18971K(19200K)->18971K(19200K) NonClass: 16308K(16448K)->16308K(16448K) Class: 2663K(2752K)->2663K(2752K)
[526.848s][info][gc             ] GC(1745) Pause Young (Allocation Failure) 737M->565M(909M) 50.985ms
[526.848s][info][gc,cpu         ] GC(1745) User=0.10s Sys=0.00s Real=0.05s
[527.091s][info][gc,start       ] GC(1746) Pause Young (Allocation Failure)
[527.185s][info][gc,heap        ] GC(1746) PSYoungGen: 262784K(263168K)->70624K(215040K) Eden: 204288K(204288K)->0K(144384K) From: 58496K(58880K)->70624K(70656K)
[527.185s][info][gc,heap        ] GC(1746) ParOldGen: 520625K(667648K)->555745K(667648K)
[527.185s][info][gc,metaspace   ] GC(1746) Metaspace: 18971K(19200K)->18971K(19200K) NonClass: 16308K(16448K)->16308K(16448K) Class: 2663K(2752K)->2663K(2752K)
[527.185s][info][gc             ] GC(1746) Pause Young (Allocation Failure) 765M->611M(862M) 93.570ms
[527.185s][info][gc,cpu         ] GC(1746) User=0.18s Sys=0.01s Real=0.09s
[527.387s][info][gc,start       ] GC(1747) Pause Young (Allocation Failure)
[527.491s][info][gc,heap        ] GC(1747) PSYoungGen: 215008K(215040K)->59600K(204288K) Eden: 144384K(144384K)->0K(144384K) From: 70624K(70656K)->59600K(59904K)
[527.491s][info][gc,heap        ] GC(1747) ParOldGen: 555745K(667648K)->586322K(667648K)
[527.491s][info][gc,metaspace   ] GC(1747) Metaspace: 18971K(19200K)->18971K(19200K) NonClass: 16308K(16448K)->16308K(16448K) Class: 2663K(2752K)->2663K(2752K)
[527.491s][info][gc             ] GC(1747) Pause Young (Allocation Failure) 752M->630M(851M) 103.760ms
[527.491s][info][gc,cpu         ] GC(1747) User=0.21s Sys=0.00s Real=0.11s
[527.656s][info][gc,start       ] GC(1748) Pause Young (Allocation Failure)
[527.755s][info][gc,heap        ] GC(1748) PSYoungGen: 203984K(204288K)->90240K(210432K) Eden: 144384K(144384K)->0K(112640K) From: 59600K(59904K)->90240K(97792K)
[527.755s][info][gc,heap        ] GC(1748) ParOldGen: 586322K(667648K)->586378K(667648K)
[527.755s][info][gc,metaspace   ] GC(1748) Metaspace: 18971K(19200K)->18971K(19200K) NonClass: 16308K(16448K)->16308K(16448K) Class: 2663K(2752K)->2663K(2752K)
[527.755s][info][gc             ] GC(1748) Pause Young (Allocation Failure) 771M->660M(857M) 99.085ms
[527.755s][info][gc,cpu         ] GC(1748) User=0.19s Sys=0.00s Real=0.10s
[527.876s][info][gc,start       ] GC(1749) Pause Young (Allocation Failure)
[527.986s][info][gc,heap        ] GC(1749) PSYoungGen: 202880K(210432K)->58368K(223232K) Eden: 112640K(112640K)->0K(112640K) From: 90240K(97792K)->58368K(110592K)
[527.986s][info][gc,heap        ] GC(1749) ParOldGen: 586378K(667648K)->626818K(667648K)
[527.986s][info][gc,metaspace   ] GC(1749) Metaspace: 18971K(19200K)->18971K(19200K) NonClass: 16308K(16448K)->16308K(16448K) Class: 2663K(2752K)->2663K(2752K)
[527.986s][info][gc             ] GC(1749) Pause Young (Allocation Failure) 770M->669M(870M) 109.763ms
[527.986s][info][gc,cpu         ] GC(1749) User=0.21s Sys=0.01s Real=0.11s
[528.092s][info][gc,start       ] GC(1750) Pause Full (Allocation Failure)
[528.092s][info][gc,phases,start] GC(1750) Marking Phase
[528.572s][info][gc,phases      ] GC(1750) Marking Phase 479.610ms
[528.572s][info][gc,phases,start] GC(1750) Summary Phase
[528.572s][info][gc,phases      ] GC(1750) Summary Phase 0.027ms
[528.572s][info][gc,phases,start] GC(1750) Forward
[528.678s][info][gc,phases      ] GC(1750) Forward 105.700ms
[528.678s][info][gc,phases,start] GC(1750) Adjust Pointers
[529.034s][info][gc,phases      ] GC(1750) Adjust Pointers 356.201ms
[529.034s][info][gc,phases,start] GC(1750) Compaction Phase
[529.257s][info][gc,phases      ] GC(1750) Compaction Phase 223.004ms
[529.267s][info][gc,phases,start] GC(1750) Post Compact
[529.270s][info][gc,phases      ] GC(1750) Post Compact 2.398ms
[529.270s][info][gc,heap        ] GC(1750) PSYoungGen: 171008K(223232K)->0K(222208K) Eden: 112640K(112640K)->0K(113664K) From: 58368K(110592K)->0K(108544K)
[529.270s][info][gc,heap        ] GC(1750) ParOldGen: 626818K(667648K)->664771K(667648K)
[529.270s][info][gc,metaspace   ] GC(1750) Metaspace: 18971K(19200K)->18971K(19200K) NonClass: 16308K(16448K)->16308K(16448K) Class: 2663K(2752K)->2663K(2752K)
[529.270s][info][gc             ] GC(1750) Pause Full (Allocation Failure) 779M->649M(869M) 1177.938ms
[529.270s][info][gc,cpu         ] GC(1750) User=2.30s Sys=0.01s Real=1.17s
[529.402s][info][gc,start       ] GC(1751) Pause Full (Allocation Failure)
[529.402s][info][gc,phases,start] GC(1751) Marking Phase
[529.881s][info][gc,phases      ] GC(1751) Marking Phase 479.551ms
[529.881s][info][gc,phases,start] GC(1751) Summary Phase
[529.881s][info][gc,phases      ] GC(1751) Summary Phase 0.023ms
[529.881s][info][gc,phases,start] GC(1751) Forward
[529.885s][info][gc,phases      ] GC(1751) Forward 3.120ms
[529.885s][info][gc,phases,start] GC(1751) Adjust Pointers
[530.211s][info][gc,phases      ] GC(1751) Adjust Pointers 326.825ms
[530.212s][info][gc,phases,start] GC(1751) Compaction Phase
[530.355s][info][gc,phases      ] GC(1751) Compaction Phase 143.846ms
[530.355s][info][gc,phases,start] GC(1751) Post Compact
[530.358s][info][gc,phases      ] GC(1751) Post Compact 2.240ms
[530.358s][info][gc,heap        ] GC(1751) PSYoungGen: 113664K(222208K)->1152K(223232K) Eden: 113664K(113664K)->1152K(113664K) From: 0K(108544K)->0K(109568K)
[530.358s][info][gc,heap        ] GC(1751) ParOldGen: 664771K(667648K)->667639K(667648K)
[530.358s][info][gc,metaspace   ] GC(1751) Metaspace: 18971K(19200K)->18971K(19200K) NonClass: 16308K(16448K)->16308K(16448K) Class: 2663K(2752K)->2663K(2752K)
[530.358s][info][gc             ] GC(1751) Pause Full (Allocation Failure) 760M->653M(870M) 956.069ms
[530.358s][info][gc,cpu         ] GC(1751) User=1.87s Sys=0.00s Real=0.95s
[530.514s][info][gc,start       ] GC(1752) Pause Full (Allocation Failure)
[530.514s][info][gc,phases,start] GC(1752) Marking Phase
[530.880s][info][gc,phases      ] GC(1752) Marking Phase 366.193ms
[530.880s][info][gc,phases,start] GC(1752) Summary Phase
[530.880s][info][gc,phases      ] GC(1752) Summary Phase 0.025ms
[530.880s][info][gc,phases,start] GC(1752) Forward
[531.017s][info][gc,phases      ] GC(1752) Forward 137.458ms
[531.017s][info][gc,phases,start] GC(1752) Adjust Pointers
[531.297s][info][gc,phases      ] GC(1752) Adjust Pointers 279.903ms
[531.297s][info][gc,phases,start] GC(1752) Compaction Phase
[531.485s][info][gc,phases      ] GC(1752) Compaction Phase 187.439ms
[531.496s][info][gc,phases,start] GC(1752) Post Compact
[531.499s][info][gc,phases      ] GC(1752) Post Compact 2.276ms
[531.499s][info][gc,heap        ] GC(1752) PSYoungGen: 113664K(223232K)->0K(223232K) Eden: 113664K(113664K)->0K(114688K) From: 0K(109568K)->0K(108544K)
[531.499s][info][gc,heap        ] GC(1752) ParOldGen: 667639K(667648K)->515266K(667648K)
[531.499s][info][gc,metaspace   ] GC(1752) Metaspace: 18971K(19200K)->18971K(19200K) NonClass: 16308K(16448K)->16308K(16448K) Class: 2663K(2752K)->2663K(2752K)
[531.499s][info][gc             ] GC(1752) Pause Full (Allocation Failure) 762M->503M(870M) 985.334ms
[531.499s][info][gc,cpu         ] GC(1752) User=1.86s Sys=0.01s Real=0.98s
[531.682s][info][gc,start       ] GC(1753) Pause Young (Allocation Failure)
[531.699s][info][gc,heap        ] GC(1753) PSYoungGen: 114688K(223232K)->14112K(224256K) Eden: 114688K(114688K)->0K(114688K) From: 0K(108544K)->14112K(109568K)
[531.700s][info][gc,heap        ] GC(1753) ParOldGen: 515266K(667648K)->515266K(667648K)
[531.700s][info][gc,metaspace   ] GC(1753) Metaspace: 18971K(19200K)->18971K(19200K) NonClass: 16308K(16448K)->16308K(16448K) Class: 2663K(2752K)->2663K(2752K)
[531.700s][info][gc             ] GC(1753) Pause Young (Allocation Failure) 615M->516M(871M) 17.620ms
[531.700s][info][gc,cpu         ] GC(1753) User=0.04s Sys=0.00s Real=0.01s
[531.893s][info][gc,start       ] GC(1754) Pause Young (Allocation Failure)
[531.929s][info][gc,heap        ] GC(1754) PSYoungGen: 128800K(224256K)->33532K(214016K) Eden: 114688K(114688K)->0K(115712K) From: 14112K(109568K)->33532K(98304K)
[531.929s][info][gc,heap        ] GC(1754) ParOldGen: 515266K(667648K)->515266K(667648K)
[531.929s][info][gc,metaspace   ] GC(1754) Metaspace: 18972K(19200K)->18972K(19200K) NonClass: 16309K(16448K)->16309K(16448K) Class: 2663K(2752K)->2663K(2752K)
[531.929s][info][gc             ] GC(1754) Pause Young (Allocation Failure) 628M->535M(861M) 36.334ms
[531.929s][info][gc,cpu         ] GC(1754) User=0.07s Sys=0.00s Real=0.03s
[532.089s][info][gc,start       ] GC(1755) Pause Young (Allocation Failure)
[532.135s][info][gc,heap        ] GC(1755) PSYoungGen: 149244K(214016K)->46492K(219136K) Eden: 115712K(115712K)->0K(115712K) From: 33532K(98304K)->46492K(103424K)
[532.135s][info][gc,heap        ] GC(1755) ParOldGen: 515266K(667648K)->515266K(667648K)
[532.135s][info][gc,metaspace   ] GC(1755) Metaspace: 18976K(19200K)->18976K(19200K) NonClass: 16313K(16448K)->16313K(16448K) Class: 2663K(2752K)->2663K(2752K)
[532.135s][info][gc             ] GC(1755) Pause Young (Allocation Failure) 648M->548M(866M) 45.717ms
[532.135s][info][gc,cpu         ] GC(1755) User=0.09s Sys=0.00s Real=0.05s
[532.294s][info][gc,start       ] GC(1756) Pause Young (Allocation Failure)
[532.344s][info][gc,heap        ] GC(1756) PSYoungGen: 162204K(219136K)->54843K(221184K) Eden: 115712K(115712K)->0K(123392K) From: 46492K(103424K)->54843K(97792K)
[532.344s][info][gc,heap        ] GC(1756) ParOldGen: 515266K(667648K)->515266K(667648K)
[532.344s][info][gc,metaspace   ] GC(1756) Metaspace: 18978K(19200K)->18978K(19200K) NonClass: 16314K(16448K)->16314K(16448K) Class: 2663K(2752K)->2663K(2752K)
[532.344s][info][gc             ] GC(1756) Pause Young (Allocation Failure) 661M->556M(868M) 50.271ms
[532.344s][info][gc,cpu         ] GC(1756) User=0.10s Sys=0.00s Real=0.05s
[532.481s][info][gc,start       ] GC(1757) Pause Young (Allocation Failure)
[532.541s][info][gc,heap        ] GC(1757) PSYoungGen: 178235K(221184K)->62619K(221696K) Eden: 123392K(123392K)->0K(123392K) From: 54843K(97792K)->62619K(98304K)
[532.541s][info][gc,heap        ] GC(1757) ParOldGen: 515266K(667648K)->515266K(667648K)
[532.541s][info][gc,metaspace   ] GC(1757) Metaspace: 18978K(19200K)->18978K(19200K) NonClass: 16315K(16448K)->16315K(16448K) Class: 2663K(2752K)->2663K(2752K)
[532.541s][info][gc             ] GC(1757) Pause Young (Allocation Failure) 677M->564M(868M) 60.407ms
[532.541s][info][gc,cpu         ] GC(1757) User=0.12s Sys=0.00s Real=0.06s
[532.671s][info][gc,start       ] GC(1758) Pause Young (Allocation Failure)
[532.734s][info][gc,heap        ] GC(1758) PSYoungGen: 186011K(221696K)->66348K(228864K) Eden: 123392K(123392K)->0K(129024K) From: 62619K(98304K)->66348K(99840K)
[532.735s][info][gc,heap        ] GC(1758) ParOldGen: 515266K(667648K)->515266K(667648K)
[532.735s][info][gc,metaspace   ] GC(1758) Metaspace: 18978K(19200K)->18978K(19200K) NonClass: 16315K(16448K)->16315K(16448K) Class: 2663K(2752K)->2663K(2752K)
[532.735s][info][gc             ] GC(1758) Pause Young (Allocation Failure) 684M->567M(875M) 63.431ms
[532.735s][info][gc,cpu         ] GC(1758) User=0.12s Sys=0.00s Real=0.06s
[533.047s][info][gc,start       ] GC(1759) Pause Young (Allocation Failure)
[533.113s][info][gc,heap        ] GC(1759) PSYoungGen: 195372K(228864K)->67835K(197120K) Eden: 129024K(129024K)->0K(129024K) From: 66348K(99840K)->67835K(68096K)
[533.113s][info][gc,heap        ] GC(1759) ParOldGen: 515266K(667648K)->515266K(667648K)
[533.113s][info][gc,metaspace   ] GC(1759) Metaspace: 18978K(19200K)->18978K(19200K) NonClass: 16315K(16448K)->16315K(16448K) Class: 2663K(2752K)->2663K(2752K)
[533.113s][info][gc             ] GC(1759) Pause Young (Allocation Failure) 693M->569M(844M) 65.292ms
[533.113s][info][gc,cpu         ] GC(1759) User=0.13s Sys=0.00s Real=0.07s
[533.304s][info][gc,start       ] GC(1760) Pause Young (Allocation Failure)
[533.382s][info][gc,heap        ] GC(1760) PSYoungGen: 196859K(197120K)->81372K(217088K) Eden: 129024K(129024K)->0K(112640K) From: 67835K(68096K)->81372K(104448K)
[533.382s][info][gc,heap        ] GC(1760) ParOldGen: 515266K(667648K)->515266K(667648K)
[533.382s][info][gc,metaspace   ] GC(1760) Metaspace: 18978K(19200K)->18978K(19200K) NonClass: 16315K(16448K)->16315K(16448K) Class: 2663K(2752K)->2663K(2752K)
[533.382s][info][gc             ] GC(1760) Pause Young (Allocation Failure) 695M->582M(864M) 78.433ms
[533.382s][info][gc,cpu         ] GC(1760) User=0.16s Sys=0.00s Real=0.08s
[533.552s][info][gc,start       ] GC(1761) Pause Young (Allocation Failure)
[533.597s][info][gc,heap        ] GC(1761) PSYoungGen: 194012K(217088K)->46716K(223232K) Eden: 112640K(112640K)->0K(112640K) From: 81372K(104448K)->46716K(110592K)
[533.597s][info][gc,heap        ] GC(1761) ParOldGen: 515266K(667648K)->515266K(667648K)
[533.597s][info][gc,metaspace   ] GC(1761) Metaspace: 18978K(19200K)->18978K(19200K) NonClass: 16315K(16448K)->16315K(16448K) Class: 2663K(2752K)->2663K(2752K)
[533.597s][info][gc             ] GC(1761) Pause Young (Allocation Failure) 692M->548M(870M) 45.253ms
[533.598s][info][gc,cpu         ] GC(1761) User=0.09s Sys=0.00s Real=0.04s
[533.658s][info][gc,start       ] GC(1762) Pause Young (Allocation Failure)
[533.734s][info][gc,heap        ] GC(1762) PSYoungGen: 159356K(223232K)->88428K(217600K) Eden: 112640K(112640K)->0K(111616K) From: 46716K(110592K)->88428K(105984K)
[533.734s][info][gc,heap        ] GC(1762) ParOldGen: 515266K(667648K)->515266K(667648K)
[533.734s][info][gc,metaspace   ] GC(1762) Metaspace: 18978K(19200K)->18978K(19200K) NonClass: 16315K(16448K)->16315K(16448K) Class: 2663K(2752K)->2663K(2752K)
[533.734s][info][gc             ] GC(1762) Pause Young (Allocation Failure) 658M->589M(864M) 75.510ms
[533.734s][info][gc,cpu         ] GC(1762) User=0.15s Sys=0.00s Real=0.08s
[533.883s][info][gc,start       ] GC(1763) Pause Young (Allocation Failure)
[533.973s][info][gc,heap        ] GC(1763) PSYoungGen: 200044K(217600K)->104635K(222720K) Eden: 111616K(111616K)->0K(111616K) From: 88428K(105984K)->104635K(111104K)
[533.973s][info][gc,heap        ] GC(1763) ParOldGen: 515266K(667648K)->529394K(667648K)
[533.973s][info][gc,metaspace   ] GC(1763) Metaspace: 18978K(19200K)->18978K(19200K) NonClass: 16315K(16448K)->16315K(16448K) Class: 2663K(2752K)->2663K(2752K)
[533.973s][info][gc             ] GC(1763) Pause Young (Allocation Failure) 698M->619M(869M) 89.771ms
[533.973s][info][gc,cpu         ] GC(1763) User=0.18s Sys=0.00s Real=0.09s
[534.091s][info][gc,start       ] GC(1764) Pause Young (Allocation Failure)
[534.167s][info][gc,heap        ] GC(1764) PSYoungGen: 216251K(222720K)->90736K(222720K) Eden: 111616K(111616K)->0K(111616K) From: 104635K(111104K)->90736K(111104K)
[534.167s][info][gc,heap        ] GC(1764) ParOldGen: 529394K(667648K)->546254K(667648K)
[534.167s][info][gc,metaspace   ] GC(1764) Metaspace: 18978K(19200K)->18978K(19200K) NonClass: 16315K(16448K)->16315K(16448K) Class: 2663K(2752K)->2663K(2752K)
[534.167s][info][gc             ] GC(1764) Pause Young (Allocation Failure) 728M->622M(869M) 76.165ms
[534.168s][info][gc,cpu         ] GC(1764) User=0.15s Sys=0.01s Real=0.07s
[534.344s][info][gc,start       ] GC(1765) Pause Young (Allocation Failure)
[534.435s][info][gc,heap        ] GC(1765) PSYoungGen: 202352K(222720K)->106048K(222720K) Eden: 111616K(111616K)->0K(111616K) From: 90736K(111104K)->106048K(111104K)
[534.435s][info][gc,heap        ] GC(1765) ParOldGen: 546254K(667648K)->546334K(667648K)
[534.435s][info][gc,metaspace   ] GC(1765) Metaspace: 18978K(19200K)->18978K(19200K) NonClass: 16315K(16448K)->16315K(16448K) Class: 2663K(2752K)->2663K(2752K)
[534.435s][info][gc             ] GC(1765) Pause Young (Allocation Failure) 731M->637M(869M) 91.644ms
[534.435s][info][gc,cpu         ] GC(1765) User=0.19s Sys=0.00s Real=0.09s
[534.572s][info][gc,start       ] GC(1766) Pause Young (Allocation Failure)
[534.695s][info][gc,heap        ] GC(1766) PSYoungGen: 217664K(222720K)->111088K(222720K) Eden: 111616K(111616K)->0K(111616K) From: 106048K(111104K)->111088K(111104K)
[534.695s][info][gc,heap        ] GC(1766) ParOldGen: 546334K(667648K)->560062K(667648K)
[534.695s][info][gc,metaspace   ] GC(1766) Metaspace: 18978K(19200K)->18978K(19200K) NonClass: 16315K(16448K)->16315K(16448K) Class: 2663K(2752K)->2663K(2752K)
[534.695s][info][gc             ] GC(1766) Pause Young (Allocation Failure) 746M->655M(869M) 123.101ms
[534.695s][info][gc,cpu         ] GC(1766) User=0.23s Sys=0.01s Real=0.12s
[534.817s][info][gc,start       ] GC(1767) Pause Young (Allocation Failure)
[534.933s][info][gc,heap        ] GC(1767) PSYoungGen: 222704K(222720K)->111104K(222720K) Eden: 111616K(111616K)->0K(111616K) From: 111088K(111104K)->111104K(111104K)
[534.933s][info][gc,heap        ] GC(1767) ParOldGen: 560062K(667648K)->567043K(667648K)
[534.933s][info][gc,metaspace   ] GC(1767) Metaspace: 18978K(19200K)->18978K(19200K) NonClass: 16315K(16448K)->16315K(16448K) Class: 2663K(2752K)->2663K(2752K)
[534.933s][info][gc             ] GC(1767) Pause Young (Allocation Failure) 764M->662M(869M) 116.357ms
[534.933s][info][gc,cpu         ] GC(1767) User=0.23s Sys=0.00s Real=0.12s
[535.050s][info][gc,start       ] GC(1768) Pause Young (Allocation Failure)
[535.156s][info][gc,heap        ] GC(1768) PSYoungGen: 222720K(222720K)->39744K(222720K) Eden: 111616K(111616K)->0K(111616K) From: 111104K(111104K)->39744K(111104K)
[535.156s][info][gc,heap        ] GC(1768) ParOldGen: 567043K(667648K)->639932K(667648K)
[535.156s][info][gc,metaspace   ] GC(1768) Metaspace: 18978K(19200K)->18978K(19200K) NonClass: 16315K(16448K)->16315K(16448K) Class: 2663K(2752K)->2663K(2752K)
[535.156s][info][gc             ] GC(1768) Pause Young (Allocation Failure) 771M->663M(869M) 106.261ms
[535.156s][info][gc,cpu         ] GC(1768) User=0.21s Sys=0.00s Real=0.11s
[535.291s][info][gc,start       ] GC(1769) Pause Full (Allocation Failure)
[535.291s][info][gc,phases,start] GC(1769) Marking Phase
[535.663s][info][gc,phases      ] GC(1769) Marking Phase 371.723ms
[535.663s][info][gc,phases,start] GC(1769) Summary Phase
[535.663s][info][gc,phases      ] GC(1769) Summary Phase 0.025ms
[535.663s][info][gc,phases,start] GC(1769) Forward
[535.787s][info][gc,phases      ] GC(1769) Forward 123.790ms
[535.787s][info][gc,phases,start] GC(1769) Adjust Pointers
[536.077s][info][gc,phases      ] GC(1769) Adjust Pointers 290.420ms
[536.077s][info][gc,phases,start] GC(1769) Compaction Phase
[536.245s][info][gc,phases      ] GC(1769) Compaction Phase 167.673ms
[536.257s][info][gc,phases,start] GC(1769) Post Compact
[536.259s][info][gc,phases      ] GC(1769) Post Compact 2.302ms
[536.259s][info][gc,heap        ] GC(1769) PSYoungGen: 151360K(222720K)->0K(222720K) Eden: 111616K(111616K)->0K(111616K) From: 39744K(111104K)->0K(111104K)
[536.259s][info][gc,heap        ] GC(1769) ParOldGen: 639932K(667648K)->482133K(667648K)
[536.259s][info][gc,metaspace   ] GC(1769) Metaspace: 18978K(19200K)->18978K(19200K) NonClass: 16315K(16448K)->16315K(16448K) Class: 2663K(2752K)->2663K(2752K)
[536.259s][info][gc             ] GC(1769) Pause Full (Allocation Failure) 772M->470M(869M) 968.107ms
[536.259s][info][gc,cpu         ] GC(1769) User=1.86s Sys=0.00s Real=0.96s
[536.411s][info][gc,start       ] GC(1770) Pause Young (Allocation Failure)
[536.416s][info][gc,heap        ] GC(1770) PSYoungGen: 111616K(222720K)->2880K(222720K) Eden: 111616K(111616K)->0K(111616K) From: 0K(111104K)->2880K(111104K)
[536.416s][info][gc,heap        ] GC(1770) ParOldGen: 482133K(667648K)->482133K(667648K)
[536.416s][info][gc,metaspace   ] GC(1770) Metaspace: 18978K(19200K)->18978K(19200K) NonClass: 16315K(16448K)->16315K(16448K) Class: 2663K(2752K)->2663K(2752K)
[536.416s][info][gc             ] GC(1770) Pause Young (Allocation Failure) 579M->473M(869M) 4.700ms
[536.416s][info][gc,cpu         ] GC(1770) User=0.01s Sys=0.00s Real=0.00s
[536.595s][info][gc,start       ] GC(1771) Pause Young (Allocation Failure)
[536.615s][info][gc,heap        ] GC(1771) PSYoungGen: 114496K(222720K)->17504K(222720K) Eden: 111616K(111616K)->0K(111616K) From: 2880K(111104K)->17504K(111104K)
[536.615s][info][gc,heap        ] GC(1771) ParOldGen: 482133K(667648K)->482133K(667648K)
[536.615s][info][gc,metaspace   ] GC(1771) Metaspace: 18978K(19200K)->18978K(19200K) NonClass: 16315K(16448K)->16315K(16448K) Class: 2663K(2752K)->2663K(2752K)
[536.615s][info][gc             ] GC(1771) Pause Young (Allocation Failure) 582M->487M(869M) 19.913ms
[536.615s][info][gc,cpu         ] GC(1771) User=0.04s Sys=0.00s Real=0.02s
[536.869s][info][gc,start       ] GC(1772) Pause Young (Allocation Failure)
[536.908s][info][gc,heap        ] GC(1772) PSYoungGen: 129120K(222720K)->24064K(222720K) Eden: 111616K(111616K)->0K(111616K) From: 17504K(111104K)->24064K(111104K)
[536.908s][info][gc,heap        ] GC(1772) ParOldGen: 482133K(667648K)->484997K(667648K)
[536.908s][info][gc,metaspace   ] GC(1772) Metaspace: 18978K(19200K)->18978K(19200K) NonClass: 16315K(16448K)->16315K(16448K) Class: 2663K(2752K)->2663K(2752K)
[536.908s][info][gc             ] GC(1772) Pause Young (Allocation Failure) 596M->497M(869M) 39.238ms
[536.908s][info][gc,cpu         ] GC(1772) User=0.08s Sys=0.00s Real=0.04s
[537.184s][info][gc,start       ] GC(1773) Pause Young (Allocation Failure)
[537.216s][info][gc,heap        ] GC(1773) PSYoungGen: 135680K(222720K)->8416K(222720K) Eden: 111616K(111616K)->0K(111616K) From: 24064K(111104K)->8416K(111104K)
[537.216s][info][gc,heap        ] GC(1773) ParOldGen: 484997K(667648K)->509046K(667648K)
[537.216s][info][gc,metaspace   ] GC(1773) Metaspace: 18984K(19200K)->18984K(19200K) NonClass: 16321K(16448K)->16321K(16448K) Class: 2663K(2752K)->2663K(2752K)
[537.216s][info][gc             ] GC(1773) Pause Young (Allocation Failure) 606M->505M(869M) 32.309ms
[537.216s][info][gc,cpu         ] GC(1773) User=0.07s Sys=0.00s Real=0.03s
[537.325s][info][gc,start       ] GC(1774) Pause Young (Allocation Failure)
[537.354s][info][gc,heap        ] GC(1774) PSYoungGen: 120032K(222720K)->32000K(222720K) Eden: 111616K(111616K)->0K(111616K) From: 8416K(111104K)->32000K(111104K)
[537.355s][info][gc,heap        ] GC(1774) ParOldGen: 509046K(667648K)->517310K(667648K)
[537.355s][info][gc,metaspace   ] GC(1774) Metaspace: 18984K(19200K)->18984K(19200K) NonClass: 16321K(16448K)->16321K(16448K) Class: 2663K(2752K)->2663K(2752K)
[537.355s][info][gc             ] GC(1774) Pause Young (Allocation Failure) 614M->536M(869M) 29.783ms
[537.355s][info][gc,cpu         ] GC(1774) User=0.06s Sys=0.00s Real=0.03s
[537.502s][info][gc,start       ] GC(1775) Pause Young (Allocation Failure)
[537.543s][info][gc,heap        ] GC(1775) PSYoungGen: 143616K(222720K)->11136K(222720K) Eden: 111616K(111616K)->0K(111616K) From: 32000K(111104K)->11136K(111104K)
[537.543s][info][gc,heap        ] GC(1775) ParOldGen: 517310K(667648K)->549651K(667648K)
[537.543s][info][gc,metaspace   ] GC(1775) Metaspace: 18984K(19200K)->18984K(19200K) NonClass: 16321K(16448K)->16321K(16448K) Class: 2663K(2752K)->2663K(2752K)
[537.543s][info][gc             ] GC(1775) Pause Young (Allocation Failure) 645M->547M(869M) 40.849ms
[537.543s][info][gc,cpu         ] GC(1775) User=0.08s Sys=0.00s Real=0.04s
[537.741s][info][gc,start       ] GC(1776) Pause Young (Allocation Failure)
[537.759s][info][gc,heap        ] GC(1776) PSYoungGen: 122752K(222720K)->64K(222720K) Eden: 111616K(111616K)->0K(111616K) From: 11136K(111104K)->64K(111104K)
[537.759s][info][gc,heap        ] GC(1776) ParOldGen: 549651K(667648K)->560795K(667648K)
[537.759s][info][gc,metaspace   ] GC(1776) Metaspace: 18984K(19200K)->18984K(19200K) NonClass: 16321K(16448K)->16321K(16448K) Class: 2663K(2752K)->2663K(2752K)
[537.759s][info][gc             ] GC(1776) Pause Young (Allocation Failure) 656M->547M(869M) 17.832ms
[537.759s][info][gc,cpu         ] GC(1776) User=0.03s Sys=0.00s Real=0.01s
[537.903s][info][gc,start       ] GC(1777) Pause Young (Allocation Failure)
[537.919s][info][gc,heap        ] GC(1777) PSYoungGen: 111680K(222720K)->12800K(222720K) Eden: 111616K(111616K)->0K(111616K) From: 64K(111104K)->12800K(111104K)
[537.919s][info][gc,heap        ] GC(1777) ParOldGen: 560795K(667648K)->560811K(667648K)
[537.919s][info][gc,metaspace   ] GC(1777) Metaspace: 18984K(19200K)->18984K(19200K) NonClass: 16321K(16448K)->16321K(16448K) Class: 2663K(2752K)->2663K(2752K)
[537.919s][info][gc             ] GC(1777) Pause Young (Allocation Failure) 656M->560M(869M) 15.701ms
[537.919s][info][gc,cpu         ] GC(1777) User=0.03s Sys=0.00s Real=0.01s
[538.026s][info][gc,start       ] GC(1778) Pause Young (Allocation Failure)
[538.050s][info][gc,heap        ] GC(1778) PSYoungGen: 124416K(222720K)->8928K(222720K) Eden: 111616K(111616K)->0K(111616K) From: 12800K(111104K)->8928K(111104K)
[538.050s][info][gc,heap        ] GC(1778) ParOldGen: 560811K(667648K)->573619K(667648K)
[538.050s][info][gc,metaspace   ] GC(1778) Metaspace: 18984K(19200K)->18984K(19200K) NonClass: 16321K(16448K)->16321K(16448K) Class: 2663K(2752K)->2663K(2752K)
[538.050s][info][gc             ] GC(1778) Pause Young (Allocation Failure) 669M->568M(869M) 23.631ms
[538.050s][info][gc,cpu         ] GC(1778) User=0.05s Sys=0.00s Real=0.02s
[538.171s][info][gc,start       ] GC(1779) Pause Young (Allocation Failure)
[538.186s][info][gc,heap        ] GC(1779) PSYoungGen: 120544K(222720K)->2016K(222720K) Eden: 111616K(111616K)->0K(111616K) From: 8928K(111104K)->2016K(111104K)
[538.186s][info][gc,heap        ] GC(1779) ParOldGen: 573619K(667648K)->582531K(667648K)
[538.186s][info][gc,metaspace   ] GC(1779) Metaspace: 18984K(19200K)->18984K(19200K) NonClass: 16321K(16448K)->16321K(16448K) Class: 2663K(2752K)->2663K(2752K)
[538.186s][info][gc             ] GC(1779) Pause Young (Allocation Failure) 677M->570M(869M) 15.134ms
[538.186s][info][gc,cpu         ] GC(1779) User=0.03s Sys=0.00s Real=0.01s
[538.332s][info][gc,start       ] GC(1780) Pause Young (Allocation Failure)
[538.351s][info][gc,heap        ] GC(1780) PSYoungGen: 113632K(222720K)->14528K(222720K) Eden: 111616K(111616K)->0K(111616K) From: 2016K(111104K)->14528K(111104K)
[538.351s][info][gc,heap        ] GC(1780) ParOldGen: 582531K(667648K)->584531K(667648K)
[538.351s][info][gc,metaspace   ] GC(1780) Metaspace: 18984K(19200K)->18984K(19200K) NonClass: 16321K(16448K)->16321K(16448K) Class: 2663K(2752K)->2663K(2752K)
[538.351s][info][gc             ] GC(1780) Pause Young (Allocation Failure) 679M->585M(869M) 19.117ms
[538.351s][info][gc,cpu         ] GC(1780) User=0.04s Sys=0.00s Real=0.02s
[538.655s][info][gc,start       ] GC(1781) Pause Young (Allocation Failure)
[538.672s][info][gc,heap        ] GC(1781) PSYoungGen: 126144K(222720K)->96K(222720K) Eden: 111616K(111616K)->0K(111616K) From: 14528K(111104K)->96K(111104K)
[538.672s][info][gc,heap        ] GC(1781) ParOldGen: 584531K(667648K)->599043K(667648K)
[538.672s][info][gc,metaspace   ] GC(1781) Metaspace: 18984K(19200K)->18984K(19200K) NonClass: 16321K(16448K)->16321K(16448K) Class: 2663K(2752K)->2663K(2752K)
[538.672s][info][gc             ] GC(1781) Pause Young (Allocation Failure) 694M->585M(869M) 16.538ms
[538.672s][info][gc,cpu         ] GC(1781) User=0.03s Sys=0.00s Real=0.02s
[538.936s][info][gc,start       ] GC(1782) Pause Young (Allocation Failure)
[538.938s][info][gc,heap        ] GC(1782) PSYoungGen: 111712K(222720K)->64K(222720K) Eden: 111616K(111616K)->0K(111616K) From: 96K(111104K)->64K(111104K)
[538.938s][info][gc,heap        ] GC(1782) ParOldGen: 599043K(667648K)->599105K(667648K)
[538.938s][info][gc,metaspace   ] GC(1782) Metaspace: 18984K(19200K)->18984K(19200K) NonClass: 16321K(16448K)->16321K(16448K) Class: 2663K(2752K)->2663K(2752K)
[538.938s][info][gc             ] GC(1782) Pause Young (Allocation Failure) 694M->585M(869M) 2.345ms
[538.938s][info][gc,cpu         ] GC(1782) User=0.00s Sys=0.00s Real=0.00s
[539.212s][info][gc,start       ] GC(1783) Pause Young (Allocation Failure)
[539.214s][info][gc,heap        ] GC(1783) PSYoungGen: 111680K(222720K)->64K(222720K) Eden: 111616K(111616K)->0K(111616K) From: 64K(111104K)->64K(111104K)
[539.214s][info][gc,heap        ] GC(1783) ParOldGen: 599105K(667648K)->599121K(667648K)
[539.214s][info][gc,metaspace   ] GC(1783) Metaspace: 18984K(19200K)->18984K(19200K) NonClass: 16321K(16448K)->16321K(16448K) Class: 2663K(2752K)->2663K(2752K)
[539.214s][info][gc             ] GC(1783) Pause Young (Allocation Failure) 694M->585M(869M) 1.986ms
[539.214s][info][gc,cpu         ] GC(1783) User=0.01s Sys=0.00s Real=0.00s
[539.472s][info][gc,start       ] GC(1784) Pause Young (Allocation Failure)
[539.480s][info][gc,heap        ] GC(1784) PSYoungGen: 111680K(222720K)->96K(213504K) Eden: 111616K(111616K)->0K(111616K) From: 64K(111104K)->96K(101888K)
[539.480s][info][gc,heap        ] GC(1784) ParOldGen: 599121K(667648K)->599137K(667648K)
[539.480s][info][gc,metaspace   ] GC(1784) Metaspace: 18984K(19200K)->18984K(19200K) NonClass: 16321K(16448K)->16321K(16448K) Class: 2663K(2752K)->2663K(2752K)
[539.480s][info][gc             ] GC(1784) Pause Young (Allocation Failure) 694M->585M(860M) 7.789ms
[539.480s][info][gc,cpu         ] GC(1784) User=0.01s Sys=0.00s Real=0.00s
[539.612s][info][gc,start       ] GC(1785) Pause Young (Allocation Failure)
[539.633s][info][gc,heap        ] GC(1785) PSYoungGen: 111712K(213504K)->26128K(138240K) Eden: 111616K(111616K)->0K(111616K) From: 96K(101888K)->26128K(26624K)
[539.633s][info][gc,heap        ] GC(1785) ParOldGen: 599137K(667648K)->599137K(667648K)
[539.633s][info][gc,metaspace   ] GC(1785) Metaspace: 18985K(19200K)->18985K(19200K) NonClass: 16322K(16448K)->16322K(16448K) Class: 2663K(2752K)->2663K(2752K)
[539.633s][info][gc             ] GC(1785) Pause Young (Allocation Failure) 694M->610M(787M) 21.111ms
[539.633s][info][gc,cpu         ] GC(1785) User=0.04s Sys=0.00s Real=0.02s
[539.697s][info][gc,start       ] GC(1786) Pause Young (Allocation Failure)
[539.745s][info][gc,heap        ] GC(1786) PSYoungGen: 137744K(138240K)->67872K(205824K) Eden: 111616K(111616K)->0K(105984K) From: 26128K(26624K)->67872K(99840K)
[539.745s][info][gc,heap        ] GC(1786) ParOldGen: 599137K(667648K)->599137K(667648K)
[539.745s][info][gc,metaspace   ] GC(1786) Metaspace: 18985K(19200K)->18985K(19200K) NonClass: 16322K(16448K)->16322K(16448K) Class: 2663K(2752K)->2663K(2752K)
[539.745s][info][gc             ] GC(1786) Pause Young (Allocation Failure) 719M->651M(853M) 48.253ms
[539.745s][info][gc,cpu         ] GC(1786) User=0.10s Sys=0.00s Real=0.05s
[539.922s][info][gc,start       ] GC(1787) Pause Young (Allocation Failure)
[539.973s][info][gc,heap        ] GC(1787) PSYoungGen: 173856K(205824K)->70592K(215552K) Eden: 105984K(105984K)->0K(105984K) From: 67872K(99840K)->70592K(109568K)
[539.973s][info][gc,heap        ] GC(1787) ParOldGen: 599137K(667648K)->599137K(667648K)
[539.973s][info][gc,metaspace   ] GC(1787) Metaspace: 18985K(19200K)->18985K(19200K) NonClass: 16322K(16448K)->16322K(16448K) Class: 2663K(2752K)->2663K(2752K)
[539.973s][info][gc             ] GC(1787) Pause Young (Allocation Failure) 754M->654M(862M) 51.430ms
[539.973s][info][gc,cpu         ] GC(1787) User=0.10s Sys=0.00s Real=0.05s
[540.101s][info][gc,start       ] GC(1788) Pause Young (Allocation Failure)
[540.157s][info][gc,heap        ] GC(1788) PSYoungGen: 176576K(215552K)->50784K(222720K) Eden: 105984K(105984K)->0K(111616K) From: 70592K(109568K)->50784K(111104K)
[540.157s][info][gc,heap        ] GC(1788) ParOldGen: 599137K(667648K)->625540K(667648K)
[540.157s][info][gc,metaspace   ] GC(1788) Metaspace: 18985K(19200K)->18985K(19200K) NonClass: 16322K(16448K)->16322K(16448K) Class: 2663K(2752K)->2663K(2752K)
[540.157s][info][gc             ] GC(1788) Pause Young (Allocation Failure) 757M->660M(869M) 56.276ms
[540.157s][info][gc,cpu         ] GC(1788) User=0.11s Sys=0.00s Real=0.05s
[540.293s][info][gc,start       ] GC(1789) Pause Young (Allocation Failure)
[540.369s][info][gc,promotion   ] GC(1789) Promotion failed
[540.370s][info][gc,heap        ] GC(1789) PSYoungGen: 162400K(222720K)->162400K(222720K) Eden: 111616K(111616K)->111616K(111616K) From: 50784K(111104K)->50784K(111104K)
[540.370s][info][gc,heap        ] GC(1789) ParOldGen: 625540K(667648K)->667644K(667648K)
[540.370s][info][gc,metaspace   ] GC(1789) Metaspace: 18986K(19200K)->18986K(19200K) NonClass: 16323K(16448K)->16323K(16448K) Class: 2663K(2752K)->2663K(2752K)
[540.370s][info][gc             ] GC(1789) Pause Young (Allocation Failure) 769M->810M(869M) 76.553ms
[540.370s][info][gc,cpu         ] GC(1789) User=0.15s Sys=0.00s Real=0.07s
[540.370s][info][gc,start       ] GC(1790) Pause Full (Allocation Failure)
[540.370s][info][gc,phases,start] GC(1790) Marking Phase
[540.653s][info][gc,phases      ] GC(1790) Marking Phase 283.096ms
[540.653s][info][gc,phases,start] GC(1790) Summary Phase
[540.653s][info][gc,phases      ] GC(1790) Summary Phase 0.026ms
[540.653s][info][gc,phases,start] GC(1790) Forward
[540.788s][info][gc,phases      ] GC(1790) Forward 134.745ms
[540.788s][info][gc,phases,start] GC(1790) Adjust Pointers
[541.007s][info][gc,phases      ] GC(1790) Adjust Pointers 218.963ms
[541.007s][info][gc,phases,start] GC(1790) Compaction Phase
[541.126s][info][gc,phases      ] GC(1790) Compaction Phase 119.162ms
[541.141s][info][gc,phases,start] GC(1790) Post Compact
[541.143s][info][gc,phases      ] GC(1790) Post Compact 2.511ms
[541.143s][info][gc,heap        ] GC(1790) PSYoungGen: 162400K(222720K)->0K(222720K) Eden: 111616K(111616K)->0K(111616K) From: 50784K(111104K)->0K(111104K)
[541.143s][info][gc,heap        ] GC(1790) ParOldGen: 667644K(667648K)->412153K(667648K)
[541.143s][info][gc,metaspace   ] GC(1790) Metaspace: 18986K(19200K)->18986K(19200K) NonClass: 16323K(16448K)->16323K(16448K) Class: 2663K(2752K)->2663K(2752K)
[541.143s][info][gc             ] GC(1790) Pause Full (Allocation Failure) 810M->402M(869M) 773.664ms
[541.143s][info][gc,cpu         ] GC(1790) User=1.38s Sys=0.00s Real=0.78s
[541.200s][info][gc,start       ] GC(1791) Pause Young (Allocation Failure)
[541.226s][info][gc,heap        ] GC(1791) PSYoungGen: 111616K(222720K)->37184K(220672K) Eden: 111616K(111616K)->0K(111616K) From: 0K(111104K)->37184K(109056K)
[541.226s][info][gc,heap        ] GC(1791) ParOldGen: 412153K(667648K)->412153K(667648K)
[541.226s][info][gc,metaspace   ] GC(1791) Metaspace: 18986K(19200K)->18986K(19200K) NonClass: 16323K(16448K)->16323K(16448K) Class: 2663K(2752K)->2663K(2752K)
[541.226s][info][gc             ] GC(1791) Pause Young (Allocation Failure) 511M->438M(867M) 26.792ms
[541.226s][info][gc,cpu         ] GC(1791) User=0.05s Sys=0.00s Real=0.03s
[541.380s][info][gc,start       ] GC(1792) Pause Young (Allocation Failure)
[541.414s][info][gc,heap        ] GC(1792) PSYoungGen: 148800K(220672K)->50944K(221696K) Eden: 111616K(111616K)->0K(111616K) From: 37184K(109056K)->50944K(110080K)
[541.414s][info][gc,heap        ] GC(1792) ParOldGen: 412153K(667648K)->412153K(667648K)
[541.414s][info][gc,metaspace   ] GC(1792) Metaspace: 18986K(19200K)->18986K(19200K) NonClass: 16323K(16448K)->16323K(16448K) Class: 2663K(2752K)->2663K(2752K)
[541.414s][info][gc             ] GC(1792) Pause Young (Allocation Failure) 547M->452M(868M) 33.773ms
[541.414s][info][gc,cpu         ] GC(1792) User=0.07s Sys=0.00s Real=0.04s
[541.495s][info][gc,start       ] GC(1793) Pause Young (Allocation Failure)
[541.530s][info][gc,heap        ] GC(1793) PSYoungGen: 162560K(221696K)->52960K(222720K) Eden: 111616K(111616K)->0K(114688K) From: 50944K(110080K)->52960K(108032K)
[541.530s][info][gc,heap        ] GC(1793) ParOldGen: 412153K(667648K)->412153K(667648K)
[541.530s][info][gc,metaspace   ] GC(1793) Metaspace: 18986K(19200K)->18986K(19200K) NonClass: 16323K(16448K)->16323K(16448K) Class: 2663K(2752K)->2663K(2752K)
[541.530s][info][gc             ] GC(1793) Pause Young (Allocation Failure) 561M->454M(869M) 34.590ms
[541.530s][info][gc,cpu         ] GC(1793) User=0.07s Sys=0.00s Real=0.03s
[541.692s][info][gc,start       ] GC(1794) Pause Young (Allocation Failure)
[541.756s][info][gc,heap        ] GC(1794) PSYoungGen: 167648K(222720K)->69824K(184832K) Eden: 114688K(114688K)->0K(114688K) From: 52960K(108032K)->69824K(70144K)
[541.756s][info][gc,heap        ] GC(1794) ParOldGen: 412153K(667648K)->412153K(667648K)
[541.756s][info][gc,metaspace   ] GC(1794) Metaspace: 18986K(19200K)->18986K(19200K) NonClass: 16323K(16448K)->16323K(16448K) Class: 2663K(2752K)->2663K(2752K)
[541.756s][info][gc             ] GC(1794) Pause Young (Allocation Failure) 566M->470M(832M) 64.308ms
[541.756s][info][gc,cpu         ] GC(1794) User=0.13s Sys=0.00s Real=0.06s
[541.915s][info][gc,start       ] GC(1795) Pause Young (Allocation Failure)
[541.980s][info][gc,heap        ] GC(1795) PSYoungGen: 184512K(184832K)->32704K(226304K) Eden: 114688K(114688K)->0K(115200K) From: 69824K(70144K)->32704K(111104K)
[541.980s][info][gc,heap        ] GC(1795) ParOldGen: 412153K(667648K)->449753K(667648K)
[541.980s][info][gc,metaspace   ] GC(1795) Metaspace: 18986K(19200K)->18986K(19200K) NonClass: 16323K(16448K)->16323K(16448K) Class: 2663K(2752K)->2663K(2752K)
[541.981s][info][gc             ] GC(1795) Pause Young (Allocation Failure) 582M->471M(873M) 65.402ms
[541.981s][info][gc,cpu         ] GC(1795) User=0.12s Sys=0.00s Real=0.07s
[542.138s][info][gc,start       ] GC(1796) Pause Young (Allocation Failure)
[542.179s][info][gc,heap        ] GC(1796) PSYoungGen: 147904K(226304K)->32704K(147968K) Eden: 115200K(115200K)->0K(115200K) From: 32704K(111104K)->32704K(32768K)
[542.179s][info][gc,heap        ] GC(1796) ParOldGen: 449753K(667648K)->449753K(667648K)
[542.179s][info][gc,metaspace   ] GC(1796) Metaspace: 18986K(19200K)->18986K(19200K) NonClass: 16323K(16448K)->16323K(16448K) Class: 2663K(2752K)->2663K(2752K)
[542.179s][info][gc             ] GC(1796) Pause Young (Allocation Failure) 583M->471M(796M) 41.569ms
[542.179s][info][gc,cpu         ] GC(1796) User=0.08s Sys=0.00s Real=0.04s
[542.337s][info][gc,start       ] GC(1797) Pause Young (Allocation Failure)
[542.379s][info][gc,heap        ] GC(1797) PSYoungGen: 147904K(147968K)->32704K(220672K) Eden: 115200K(115200K)->0K(120832K) From: 32704K(32768K)->32704K(99840K)
[542.379s][info][gc,heap        ] GC(1797) ParOldGen: 449753K(667648K)->449753K(667648K)
[542.379s][info][gc,metaspace   ] GC(1797) Metaspace: 18986K(19200K)->18986K(19200K) NonClass: 16323K(16448K)->16323K(16448K) Class: 2663K(2752K)->2663K(2752K)
[542.379s][info][gc             ] GC(1797) Pause Young (Allocation Failure) 583M->471M(867M) 41.506ms
[542.379s][info][gc,cpu         ] GC(1797) User=0.09s Sys=0.00s Real=0.04s
[542.544s][info][gc,start       ] GC(1798) Pause Young (Allocation Failure)
[542.587s][info][gc,heap        ] GC(1798) PSYoungGen: 153536K(220672K)->32672K(217088K) Eden: 120832K(120832K)->0K(120832K) From: 32704K(99840K)->32672K(96256K)
[542.587s][info][gc,heap        ] GC(1798) ParOldGen: 449753K(667648K)->449753K(667648K)
[542.587s][info][gc,metaspace   ] GC(1798) Metaspace: 18986K(19200K)->18986K(19200K) NonClass: 16323K(16448K)->16323K(16448K) Class: 2663K(2752K)->2663K(2752K)
[542.587s][info][gc             ] GC(1798) Pause Young (Allocation Failure) 589M->471M(864M) 42.572ms
[542.587s][info][gc,cpu         ] GC(1798) User=0.09s Sys=0.00s Real=0.04s
[542.750s][info][gc,start       ] GC(1799) Pause Young (Allocation Failure)
[542.791s][info][gc,heap        ] GC(1799) PSYoungGen: 153504K(217088K)->32704K(212992K) Eden: 120832K(120832K)->0K(130560K) From: 32672K(96256K)->32704K(82432K)
[542.791s][info][gc,heap        ] GC(1799) ParOldGen: 449753K(667648K)->449753K(667648K)
[542.791s][info][gc,metaspace   ] GC(1799) Metaspace: 18986K(19200K)->18986K(19200K) NonClass: 16323K(16448K)->16323K(16448K) Class: 2663K(2752K)->2663K(2752K)
[542.791s][info][gc             ] GC(1799) Pause Young (Allocation Failure) 589M->471M(860M) 41.271ms
[542.791s][info][gc,cpu         ] GC(1799) User=0.08s Sys=0.01s Real=0.05s
[542.968s][info][gc,start       ] GC(1800) Pause Young (Allocation Failure)
[543.008s][info][gc,heap        ] GC(1800) PSYoungGen: 163264K(212992K)->32704K(217600K) Eden: 130560K(130560K)->0K(130560K) From: 32704K(82432K)->32704K(87040K)
[543.008s][info][gc,heap        ] GC(1800) ParOldGen: 449753K(667648K)->449753K(667648K)
[543.008s][info][gc,metaspace   ] GC(1800) Metaspace: 18986K(19200K)->18986K(19200K) NonClass: 16323K(16448K)->16323K(16448K) Class: 2663K(2752K)->2663K(2752K)
[543.008s][info][gc             ] GC(1800) Pause Young (Allocation Failure) 598M->471M(864M) 40.086ms
[543.008s][info][gc,cpu         ] GC(1800) User=0.08s Sys=0.00s Real=0.04s
[543.215s][info][gc,start       ] GC(1801) Pause Young (Allocation Failure)
[543.263s][info][gc,heap        ] GC(1801) PSYoungGen: 163264K(217600K)->32704K(215040K) Eden: 130560K(130560K)->0K(140288K) From: 32704K(87040K)->32704K(74752K)
[543.263s][info][gc,heap        ] GC(1801) ParOldGen: 449753K(667648K)->449753K(667648K)
[543.263s][info][gc,metaspace   ] GC(1801) Metaspace: 18986K(19200K)->18986K(19200K) NonClass: 16323K(16448K)->16323K(16448K) Class: 2663K(2752K)->2663K(2752K)
[543.263s][info][gc             ] GC(1801) Pause Young (Allocation Failure) 598M->471M(862M) 48.600ms
[543.263s][info][gc,cpu         ] GC(1801) User=0.10s Sys=0.00s Real=0.05s
[543.465s][info][gc,start       ] GC(1802) Pause Young (Allocation Failure)
[543.517s][info][gc,heap        ] GC(1802) PSYoungGen: 172992K(215040K)->42880K(219136K) Eden: 140288K(140288K)->0K(140288K) From: 32704K(74752K)->42880K(78848K)
[543.517s][info][gc,heap        ] GC(1802) ParOldGen: 449753K(667648K)->449753K(667648K)
[543.517s][info][gc,metaspace   ] GC(1802) Metaspace: 18986K(19200K)->18986K(19200K) NonClass: 16323K(16448K)->16323K(16448K) Class: 2663K(2752K)->2663K(2752K)
[543.517s][info][gc             ] GC(1802) Pause Young (Allocation Failure) 608M->481M(866M) 52.475ms
[543.517s][info][gc,cpu         ] GC(1802) User=0.10s Sys=0.00s Real=0.05s
[543.654s][info][gc,start       ] GC(1803) Pause Young (Allocation Failure)
[543.728s][info][gc,heap        ] GC(1803) PSYoungGen: 183168K(219136K)->64000K(221696K) Eden: 140288K(140288K)->0K(144896K) From: 42880K(78848K)->64000K(76800K)
[543.728s][info][gc,heap        ] GC(1803) ParOldGen: 449753K(667648K)->449753K(667648K)
[543.728s][info][gc,metaspace   ] GC(1803) Metaspace: 18986K(19200K)->18986K(19200K) NonClass: 16323K(16448K)->16323K(16448K) Class: 2663K(2752K)->2663K(2752K)
[543.728s][info][gc             ] GC(1803) Pause Young (Allocation Failure) 618M->501M(868M) 74.068ms
[543.728s][info][gc,cpu         ] GC(1803) User=0.15s Sys=0.00s Real=0.07s
[543.848s][info][gc,start       ] GC(1804) Pause Young (Allocation Failure)
[543.925s][info][gc,heap        ] GC(1804) PSYoungGen: 208896K(221696K)->67936K(227840K) Eden: 144896K(144896K)->0K(144896K) From: 64000K(76800K)->67936K(82944K)
[543.925s][info][gc,heap        ] GC(1804) ParOldGen: 449753K(667648K)->449753K(667648K)
[543.925s][info][gc,metaspace   ] GC(1804) Metaspace: 18986K(19200K)->18986K(19200K) NonClass: 16323K(16448K)->16323K(16448K) Class: 2663K(2752K)->2663K(2752K)
[543.925s][info][gc             ] GC(1804) Pause Young (Allocation Failure) 643M->505M(874M) 76.617ms
[543.925s][info][gc,cpu         ] GC(1804) User=0.15s Sys=0.00s Real=0.08s
[544.059s][info][gc,start       ] GC(1805) Pause Young (Allocation Failure)
[544.142s][info][gc,heap        ] GC(1805) PSYoungGen: 212832K(227840K)->69184K(233472K) Eden: 144896K(144896K)->0K(144384K) From: 67936K(82944K)->69184K(89088K)
[544.142s][info][gc,heap        ] GC(1805) ParOldGen: 449753K(667648K)->449753K(667648K)
[544.142s][info][gc,metaspace   ] GC(1805) Metaspace: 18986K(19200K)->18986K(19200K) NonClass: 16323K(16448K)->16323K(16448K) Class: 2663K(2752K)->2663K(2752K)
[544.142s][info][gc             ] GC(1805) Pause Young (Allocation Failure) 647M->506M(880M) 83.135ms
[544.142s][info][gc,cpu         ] GC(1805) User=0.15s Sys=0.01s Real=0.09s
[544.277s][info][gc,start       ] GC(1806) Pause Young (Allocation Failure)
[544.357s][info][gc,heap        ] GC(1806) PSYoungGen: 213568K(233472K)->72576K(217088K) Eden: 144384K(144384K)->0K(144384K) From: 69184K(89088K)->72576K(72704K)
[544.357s][info][gc,heap        ] GC(1806) ParOldGen: 449753K(667648K)->449753K(667648K)
[544.357s][info][gc,metaspace   ] GC(1806) Metaspace: 18986K(19200K)->18986K(19200K) NonClass: 16323K(16448K)->16323K(16448K) Class: 2663K(2752K)->2663K(2752K)
[544.357s][info][gc             ] GC(1806) Pause Young (Allocation Failure) 647M->510M(864M) 79.944ms
[544.357s][info][gc,cpu         ] GC(1806) User=0.16s Sys=0.00s Real=0.08s
[544.463s][info][gc,start       ] GC(1807) Pause Young (Allocation Failure)
[544.561s][info][gc,heap        ] GC(1807) PSYoungGen: 216960K(217088K)->76608K(222720K) Eden: 144384K(144384K)->0K(122880K) From: 72576K(72704K)->76608K(99840K)
[544.561s][info][gc,heap        ] GC(1807) ParOldGen: 449753K(667648K)->463665K(667648K)
[544.561s][info][gc,metaspace   ] GC(1807) Metaspace: 18986K(19200K)->18986K(19200K) NonClass: 16323K(16448K)->16323K(16448K) Class: 2663K(2752K)->2663K(2752K)
[544.561s][info][gc             ] GC(1807) Pause Young (Allocation Failure) 651M->527M(869M) 98.108ms
[544.561s][info][gc,cpu         ] GC(1807) User=0.20s Sys=0.00s Real=0.10s
[544.682s][info][gc,start       ] GC(1808) Pause Young (Allocation Failure)
[544.795s][info][gc,heap        ] GC(1808) PSYoungGen: 199488K(222720K)->101184K(224256K) Eden: 122880K(122880K)->0K(122880K) From: 76608K(99840K)->101184K(101376K)
[544.795s][info][gc,heap        ] GC(1808) ParOldGen: 463665K(667648K)->465705K(667648K)
[544.795s][info][gc,metaspace   ] GC(1808) Metaspace: 18986K(19200K)->18986K(19200K) NonClass: 16323K(16448K)->16323K(16448K) Class: 2663K(2752K)->2663K(2752K)
[544.795s][info][gc             ] GC(1808) Pause Young (Allocation Failure) 647M->553M(871M) 113.289ms
[544.795s][info][gc,cpu         ] GC(1808) User=0.23s Sys=0.00s Real=0.11s
[544.867s][info][gc,start       ] GC(1809) Pause Young (Allocation Failure)
[545.000s][info][gc,heap        ] GC(1809) PSYoungGen: 224064K(224256K)->98400K(221184K) Eden: 122880K(122880K)->0K(111616K) From: 101184K(101376K)->98400K(109568K)
[545.000s][info][gc,heap        ] GC(1809) ParOldGen: 465705K(667648K)->482617K(667648K)
[545.000s][info][gc,metaspace   ] GC(1809) Metaspace: 18986K(19200K)->18986K(19200K) NonClass: 16323K(16448K)->16323K(16448K) Class: 2663K(2752K)->2663K(2752K)
[545.000s][info][gc             ] GC(1809) Pause Young (Allocation Failure) 673M->567M(868M) 133.125ms
[545.000s][info][gc,cpu         ] GC(1809) User=0.26s Sys=0.01s Real=0.13s
[545.118s][info][gc,start       ] GC(1810) Pause Young (Allocation Failure)
[545.212s][info][gc,heap        ] GC(1810) PSYoungGen: 210016K(221184K)->99776K(222720K) Eden: 111616K(111616K)->0K(111616K) From: 98400K(109568K)->99776K(111104K)
[545.212s][info][gc,heap        ] GC(1810) ParOldGen: 482617K(667648K)->482617K(667648K)
[545.212s][info][gc,metaspace   ] GC(1810) Metaspace: 18986K(19200K)->18986K(19200K) NonClass: 16323K(16448K)->16323K(16448K) Class: 2663K(2752K)->2663K(2752K)
[545.212s][info][gc             ] GC(1810) Pause Young (Allocation Failure) 676M->568M(869M) 94.136ms
[545.212s][info][gc,cpu         ] GC(1810) User=0.19s Sys=0.00s Real=0.10s
[545.365s][info][gc,start       ] GC(1811) Pause Young (Allocation Failure)
[545.465s][info][gc,heap        ] GC(1811) PSYoungGen: 211392K(222720K)->103216K(222720K) Eden: 111616K(111616K)->0K(111616K) From: 99776K(111104K)->103216K(111104K)
[545.465s][info][gc,heap        ] GC(1811) ParOldGen: 482617K(667648K)->482617K(667648K)
[545.465s][info][gc,metaspace   ] GC(1811) Metaspace: 18986K(19200K)->18986K(19200K) NonClass: 16323K(16448K)->16323K(16448K) Class: 2663K(2752K)->2663K(2752K)
[545.465s][info][gc             ] GC(1811) Pause Young (Allocation Failure) 677M->572M(869M) 99.723ms
[545.465s][info][gc,cpu         ] GC(1811) User=0.19s Sys=0.00s Real=0.10s
[545.595s][info][gc,start       ] GC(1812) Pause Young (Allocation Failure)
[545.693s][info][gc,heap        ] GC(1812) PSYoungGen: 214832K(222720K)->103312K(222720K) Eden: 111616K(111616K)->0K(111616K) From: 103216K(111104K)->103312K(111104K)
[545.693s][info][gc,heap        ] GC(1812) ParOldGen: 482617K(667648K)->482617K(667648K)
[545.693s][info][gc,metaspace   ] GC(1812) Metaspace: 18986K(19200K)->18986K(19200K) NonClass: 16323K(16448K)->16323K(16448K) Class: 2663K(2752K)->2663K(2752K)
[545.693s][info][gc             ] GC(1812) Pause Young (Allocation Failure) 681M->572M(869M) 98.408ms
[545.693s][info][gc,cpu         ] GC(1812) User=0.20s Sys=0.00s Real=0.10s
[545.851s][info][gc,start       ] GC(1813) Pause Young (Allocation Failure)
[545.967s][info][gc,heap        ] GC(1813) PSYoungGen: 214928K(222720K)->89952K(222720K) Eden: 111616K(111616K)->0K(111616K) From: 103312K(111104K)->89952K(111104K)
[545.967s][info][gc,heap        ] GC(1813) ParOldGen: 482617K(667648K)->514025K(667648K)
[545.967s][info][gc,metaspace   ] GC(1813) Metaspace: 18986K(19200K)->18986K(19200K) NonClass: 16323K(16448K)->16323K(16448K) Class: 2663K(2752K)->2663K(2752K)
[545.967s][info][gc             ] GC(1813) Pause Young (Allocation Failure) 681M->589M(869M) 115.701ms
[545.967s][info][gc,cpu         ] GC(1813) User=0.23s Sys=0.00s Real=0.11s
[546.202s][info][gc,start       ] GC(1814) Pause Young (Allocation Failure)
[546.295s][info][gc,heap        ] GC(1814) PSYoungGen: 201568K(222720K)->90288K(222720K) Eden: 111616K(111616K)->0K(111616K) From: 89952K(111104K)->90288K(111104K)
[546.295s][info][gc,heap        ] GC(1814) ParOldGen: 514025K(667648K)->519209K(667648K)
[546.295s][info][gc,metaspace   ] GC(1814) Metaspace: 18986K(19200K)->18986K(19200K) NonClass: 16323K(16448K)->16323K(16448K) Class: 2663K(2752K)->2663K(2752K)
[546.295s][info][gc             ] GC(1814) Pause Young (Allocation Failure) 698M->595M(869M) 93.495ms
[546.295s][info][gc,cpu         ] GC(1814) User=0.18s Sys=0.00s Real=0.09s
[546.612s][info][gc,start       ] GC(1815) Pause Young (Allocation Failure)
[546.699s][info][gc,heap        ] GC(1815) PSYoungGen: 201904K(222720K)->69104K(222720K) Eden: 111616K(111616K)->0K(111616K) From: 90288K(111104K)->69104K(111104K)
[546.699s][info][gc,heap        ] GC(1815) ParOldGen: 519209K(667648K)->540457K(667648K)
[546.699s][info][gc,metaspace   ] GC(1815) Metaspace: 18986K(19200K)->18986K(19200K) NonClass: 16323K(16448K)->16323K(16448K) Class: 2663K(2752K)->2663K(2752K)
[546.699s][info][gc             ] GC(1815) Pause Young (Allocation Failure) 704M->595M(869M) 87.100ms
[546.699s][info][gc,cpu         ] GC(1815) User=0.18s Sys=0.00s Real=0.08s
[546.982s][info][gc,start       ] GC(1816) Pause Young (Allocation Failure)
[547.051s][info][gc,heap        ] GC(1816) PSYoungGen: 180720K(222720K)->28496K(222720K) Eden: 111616K(111616K)->0K(111616K) From: 69104K(111104K)->28496K(111104K)
[547.051s][info][gc,heap        ] GC(1816) ParOldGen: 540457K(667648K)->581241K(667648K)
[547.051s][info][gc,metaspace   ] GC(1816) Metaspace: 18986K(19200K)->18986K(19200K) NonClass: 16323K(16448K)->16323K(16448K) Class: 2663K(2752K)->2663K(2752K)
[547.051s][info][gc             ] GC(1816) Pause Young (Allocation Failure) 704M->595M(869M) 68.710ms
[547.051s][info][gc,cpu         ] GC(1816) User=0.13s Sys=0.00s Real=0.07s
[547.310s][info][gc,start       ] GC(1817) Pause Young (Allocation Failure)
[547.340s][info][gc,heap        ] GC(1817) PSYoungGen: 140112K(222720K)->23648K(222720K) Eden: 111616K(111616K)->0K(111616K) From: 28496K(111104K)->23648K(111104K)
[547.340s][info][gc,heap        ] GC(1817) ParOldGen: 581241K(667648K)->586097K(667648K)
[547.340s][info][gc,metaspace   ] GC(1817) Metaspace: 18986K(19200K)->18986K(19200K) NonClass: 16323K(16448K)->16323K(16448K) Class: 2663K(2752K)->2663K(2752K)
[547.340s][info][gc             ] GC(1817) Pause Young (Allocation Failure) 704M->595M(869M) 29.950ms
[547.340s][info][gc,cpu         ] GC(1817) User=0.06s Sys=0.00s Real=0.03s
[547.594s][info][gc,start       ] GC(1818) Pause Young (Allocation Failure)
[547.619s][info][gc,heap        ] GC(1818) PSYoungGen: 135264K(222720K)->5632K(222720K) Eden: 111616K(111616K)->0K(111616K) From: 23648K(111104K)->5632K(111104K)
[547.619s][info][gc,heap        ] GC(1818) ParOldGen: 586097K(667648K)->604154K(667648K)
[547.619s][info][gc,metaspace   ] GC(1818) Metaspace: 18986K(19200K)->18986K(19200K) NonClass: 16323K(16448K)->16323K(16448K) Class: 2663K(2752K)->2663K(2752K)
[547.619s][info][gc             ] GC(1818) Pause Young (Allocation Failure) 704M->595M(869M) 25.007ms
[547.619s][info][gc,cpu         ] GC(1818) User=0.05s Sys=0.00s Real=0.02s
[547.873s][info][gc,start       ] GC(1819) Pause Young (Allocation Failure)
[547.880s][info][gc,heap        ] GC(1819) PSYoungGen: 117248K(222720K)->96K(222720K) Eden: 111616K(111616K)->0K(111616K) From: 5632K(111104K)->96K(111104K)
[547.880s][info][gc,heap        ] GC(1819) ParOldGen: 604154K(667648K)->609714K(667648K)
[547.880s][info][gc,metaspace   ] GC(1819) Metaspace: 18986K(19200K)->18986K(19200K) NonClass: 16323K(16448K)->16323K(16448K) Class: 2663K(2752K)->2663K(2752K)
[547.880s][info][gc             ] GC(1819) Pause Young (Allocation Failure) 704M->595M(869M) 7.856ms
[547.880s][info][gc,cpu         ] GC(1819) User=0.02s Sys=0.00s Real=0.00s
[548.138s][info][gc,start       ] GC(1820) Pause Young (Allocation Failure)
[548.140s][info][gc,heap        ] GC(1820) PSYoungGen: 111712K(222720K)->64K(222720K) Eden: 111616K(111616K)->0K(111616K) From: 96K(111104K)->64K(111104K)
[548.140s][info][gc,heap        ] GC(1820) ParOldGen: 609714K(667648K)->609778K(667648K)
[548.140s][info][gc,metaspace   ] GC(1820) Metaspace: 18986K(19200K)->18986K(19200K) NonClass: 16323K(16448K)->16323K(16448K) Class: 2663K(2752K)->2663K(2752K)
[548.140s][info][gc             ] GC(1820) Pause Young (Allocation Failure) 704M->595M(869M) 2.387ms
[548.140s][info][gc,cpu         ] GC(1820) User=0.00s Sys=0.00s Real=0.01s
[548.405s][info][gc,start       ] GC(1821) Pause Young (Allocation Failure)
[548.410s][info][gc,heap        ] GC(1821) PSYoungGen: 111680K(222720K)->2208K(222720K) Eden: 111616K(111616K)->0K(111616K) From: 64K(111104K)->2208K(111104K)
[548.410s][info][gc,heap        ] GC(1821) ParOldGen: 609778K(667648K)->609786K(667648K)
[548.410s][info][gc,metaspace   ] GC(1821) Metaspace: 18986K(19200K)->18986K(19200K) NonClass: 16323K(16448K)->16323K(16448K) Class: 2663K(2752K)->2663K(2752K)
[548.410s][info][gc             ] GC(1821) Pause Young (Allocation Failure) 704M->597M(869M) 4.249ms
[548.410s][info][gc,cpu         ] GC(1821) User=0.01s Sys=0.00s Real=0.00s
[548.563s][info][gc,start       ] GC(1822) Pause Young (Allocation Failure)
[548.582s][info][gc,heap        ] GC(1822) PSYoungGen: 113824K(222720K)->22256K(222720K) Eden: 111616K(111616K)->0K(111616K) From: 2208K(111104K)->22256K(111104K)
[548.582s][info][gc,heap        ] GC(1822) ParOldGen: 609786K(667648K)->611970K(667648K)
[548.582s][info][gc,metaspace   ] GC(1822) Metaspace: 18986K(19200K)->18986K(19200K) NonClass: 16323K(16448K)->16323K(16448K) Class: 2663K(2752K)->2663K(2752K)
[548.582s][info][gc             ] GC(1822) Pause Young (Allocation Failure) 706M->619M(869M) 19.376ms
[548.582s][info][gc,cpu         ] GC(1822) User=0.04s Sys=0.00s Real=0.02s
[548.642s][info][gc,start       ] GC(1823) Pause Young (Allocation Failure)
[548.685s][info][gc,heap        ] GC(1823) PSYoungGen: 133872K(222720K)->40704K(222720K) Eden: 111616K(111616K)->0K(111616K) From: 22256K(111104K)->40704K(111104K)
[548.685s][info][gc,heap        ] GC(1823) ParOldGen: 611970K(667648K)->634466K(667648K)
[548.685s][info][gc,metaspace   ] GC(1823) Metaspace: 18986K(19200K)->18986K(19200K) NonClass: 16323K(16448K)->16323K(16448K) Class: 2663K(2752K)->2663K(2752K)
[548.685s][info][gc             ] GC(1823) Pause Young (Allocation Failure) 728M->659M(869M) 43.024ms
[548.685s][info][gc,cpu         ] GC(1823) User=0.08s Sys=0.00s Real=0.04s
[548.859s][info][gc,start       ] GC(1824) Pause Full (Allocation Failure)
[548.860s][info][gc,phases,start] GC(1824) Marking Phase
[549.278s][info][gc,phases      ] GC(1824) Marking Phase 418.617ms
[549.278s][info][gc,phases,start] GC(1824) Summary Phase
[549.278s][info][gc,phases      ] GC(1824) Summary Phase 0.026ms
[549.278s][info][gc,phases,start] GC(1824) Forward
[549.385s][info][gc,phases      ] GC(1824) Forward 107.115ms
[549.385s][info][gc,phases,start] GC(1824) Adjust Pointers
[549.690s][info][gc,phases      ] GC(1824) Adjust Pointers 304.777ms
[549.690s][info][gc,phases,start] GC(1824) Compaction Phase
[549.869s][info][gc,phases      ] GC(1824) Compaction Phase 178.644ms
[549.877s][info][gc,phases,start] GC(1824) Post Compact
[549.879s][info][gc,phases      ] GC(1824) Post Compact 2.295ms
[549.879s][info][gc,heap        ] GC(1824) PSYoungGen: 152320K(222720K)->0K(222720K) Eden: 111616K(111616K)->0K(111616K) From: 40704K(111104K)->0K(111104K)
[549.879s][info][gc,heap        ] GC(1824) ParOldGen: 634466K(667648K)->592580K(667648K)
[549.879s][info][gc,metaspace   ] GC(1824) Metaspace: 18986K(19200K)->18986K(19200K) NonClass: 16323K(16448K)->16323K(16448K) Class: 2663K(2752K)->2663K(2752K)
[549.879s][info][gc             ] GC(1824) Pause Full (Allocation Failure) 768M->578M(869M) 1019.941ms
[549.879s][info][gc,cpu         ] GC(1824) User=1.95s Sys=0.00s Real=1.02s
[550.049s][info][gc,start       ] GC(1825) Pause Young (Allocation Failure)
[550.081s][info][gc,heap        ] GC(1825) PSYoungGen: 111616K(222720K)->14902K(222720K) Eden: 111616K(111616K)->0K(111616K) From: 0K(111104K)->14902K(111104K)
[550.081s][info][gc,heap        ] GC(1825) ParOldGen: 592580K(667648K)->592580K(667648K)
[550.081s][info][gc,metaspace   ] GC(1825) Metaspace: 18986K(19200K)->18986K(19200K) NonClass: 16323K(16448K)->16323K(16448K) Class: 2663K(2752K)->2663K(2752K)
[550.081s][info][gc             ] GC(1825) Pause Young (Allocation Failure) 687M->593M(869M) 32.013ms
[550.081s][info][gc,cpu         ] GC(1825) User=0.06s Sys=0.00s Real=0.04s
[550.248s][info][gc,start       ] GC(1826) Pause Young (Allocation Failure)
[550.280s][info][gc,heap        ] GC(1826) PSYoungGen: 126518K(222720K)->5600K(222720K) Eden: 111616K(111616K)->0K(111616K) From: 14902K(111104K)->5600K(111104K)
[550.280s][info][gc,heap        ] GC(1826) ParOldGen: 592580K(667648K)->607491K(667648K)
[550.280s][info][gc,metaspace   ] GC(1826) Metaspace: 18986K(19200K)->18986K(19200K) NonClass: 16323K(16448K)->16323K(16448K) Class: 2663K(2752K)->2663K(2752K)
[550.280s][info][gc             ] GC(1826) Pause Young (Allocation Failure) 702M->598M(869M) 31.606ms
[550.280s][info][gc,cpu         ] GC(1826) User=0.07s Sys=0.00s Real=0.03s
[550.415s][info][gc,start       ] GC(1827) Pause Young (Allocation Failure)
[550.434s][info][gc,heap        ] GC(1827) PSYoungGen: 117216K(222720K)->15824K(222720K) Eden: 111616K(111616K)->0K(111616K) From: 5600K(111104K)->15824K(111104K)
[550.434s][info][gc,heap        ] GC(1827) ParOldGen: 607491K(667648K)->613067K(667648K)
[550.434s][info][gc,metaspace   ] GC(1827) Metaspace: 18986K(19200K)->18986K(19200K) NonClass: 16323K(16448K)->16323K(16448K) Class: 2663K(2752K)->2663K(2752K)
[550.434s][info][gc             ] GC(1827) Pause Young (Allocation Failure) 707M->614M(869M) 19.071ms
[550.434s][info][gc,cpu         ] GC(1827) User=0.03s Sys=0.00s Real=0.02s
[550.491s][info][gc,start       ] GC(1828) Pause Young (Allocation Failure)
[550.526s][info][gc,heap        ] GC(1828) PSYoungGen: 127440K(222720K)->36032K(147968K) Eden: 111616K(111616K)->0K(111616K) From: 15824K(111104K)->36032K(36352K)
[550.526s][info][gc,heap        ] GC(1828) ParOldGen: 613067K(667648K)->629027K(667648K)
[550.526s][info][gc,metaspace   ] GC(1828) Metaspace: 18986K(19200K)->18986K(19200K) NonClass: 16323K(16448K)->16323K(16448K) Class: 2663K(2752K)->2663K(2752K)
[550.526s][info][gc             ] GC(1828) Pause Young (Allocation Failure) 723M->649M(796M) 35.341ms
[550.526s][info][gc,cpu         ] GC(1828) User=0.07s Sys=0.00s Real=0.03s
[550.635s][info][gc,start       ] GC(1829) Pause Young (Allocation Failure)
[550.674s][info][gc,heap        ] GC(1829) PSYoungGen: 147648K(147968K)->61504K(217600K) Eden: 111616K(111616K)->0K(109056K) From: 36032K(36352K)->61504K(108544K)
[550.674s][info][gc,heap        ] GC(1829) ParOldGen: 629027K(667648K)->629027K(667648K)
[550.674s][info][gc,metaspace   ] GC(1829) Metaspace: 18986K(19200K)->18986K(19200K) NonClass: 16323K(16448K)->16323K(16448K) Class: 2663K(2752K)->2663K(2752K)
[550.674s][info][gc             ] GC(1829) Pause Young (Allocation Failure) 758M->674M(864M) 39.182ms
[550.674s][info][gc,cpu         ] GC(1829) User=0.08s Sys=0.00s Real=0.04s
[550.792s][info][gc,start       ] GC(1830) Pause Young (Allocation Failure)
[550.834s][info][gc,promotion   ] GC(1830) Promotion failed
[550.834s][info][gc,heap        ] GC(1830) PSYoungGen: 170560K(217600K)->170560K(217600K) Eden: 109056K(109056K)->109056K(109056K) From: 61504K(108544K)->61504K(108544K)
[550.834s][info][gc,heap        ] GC(1830) ParOldGen: 629027K(667648K)->667643K(667648K)
[550.834s][info][gc,metaspace   ] GC(1830) Metaspace: 18986K(19200K)->18986K(19200K) NonClass: 16323K(16448K)->16323K(16448K) Class: 2663K(2752K)->2663K(2752K)
[550.834s][info][gc             ] GC(1830) Pause Young (Allocation Failure) 780M->818M(864M) 42.176ms
[550.834s][info][gc,cpu         ] GC(1830) User=0.08s Sys=0.00s Real=0.04s
[550.834s][info][gc,start       ] GC(1831) Pause Full (Allocation Failure)
[550.834s][info][gc,phases,start] GC(1831) Marking Phase
[551.072s][info][gc,phases      ] GC(1831) Marking Phase 237.504ms
[551.072s][info][gc,phases,start] GC(1831) Summary Phase
[551.072s][info][gc,phases      ] GC(1831) Summary Phase 0.028ms
[551.072s][info][gc,phases,start] GC(1831) Forward
[551.179s][info][gc,phases      ] GC(1831) Forward 107.272ms
[551.179s][info][gc,phases,start] GC(1831) Adjust Pointers
[551.365s][info][gc,phases      ] GC(1831) Adjust Pointers 185.893ms
[551.365s][info][gc,phases,start] GC(1831) Compaction Phase
[551.472s][info][gc,phases      ] GC(1831) Compaction Phase 107.135ms
[551.479s][info][gc,phases,start] GC(1831) Post Compact
[551.482s][info][gc,phases      ] GC(1831) Post Compact 2.413ms
[551.482s][info][gc,heap        ] GC(1831) PSYoungGen: 170560K(217600K)->0K(220160K) Eden: 109056K(109056K)->0K(109056K) From: 61504K(108544K)->0K(111104K)
[551.482s][info][gc,heap        ] GC(1831) ParOldGen: 667643K(667648K)->375352K(667648K)
[551.482s][info][gc,metaspace   ] GC(1831) Metaspace: 18986K(19200K)->18986K(19200K) NonClass: 16323K(16448K)->16323K(16448K) Class: 2663K(2752K)->2663K(2752K)
[551.482s][info][gc             ] GC(1831) Pause Full (Allocation Failure) 818M->366M(867M) 647.618ms
[551.482s][info][gc,cpu         ] GC(1831) User=1.18s Sys=0.00s Real=0.65s
[551.599s][info][gc,start       ] GC(1832) Pause Young (Allocation Failure)
[551.601s][info][gc,heap        ] GC(1832) PSYoungGen: 109056K(220160K)->96K(220672K) Eden: 109056K(109056K)->0K(111616K) From: 0K(111104K)->96K(109056K)
[551.601s][info][gc,heap        ] GC(1832) ParOldGen: 375352K(667648K)->375352K(667648K)
[551.601s][info][gc,metaspace   ] GC(1832) Metaspace: 18986K(19200K)->18986K(19200K) NonClass: 16323K(16448K)->16323K(16448K) Class: 2663K(2752K)->2663K(2752K)
[551.601s][info][gc             ] GC(1832) Pause Young (Allocation Failure) 473M->366M(867M) 1.714ms
[551.601s][info][gc,cpu         ] GC(1832) User=0.01s Sys=0.00s Real=0.01s
[551.716s][info][gc,start       ] GC(1833) Pause Young (Allocation Failure)
[551.718s][info][gc,heap        ] GC(1833) PSYoungGen: 111712K(220672K)->224K(221696K) Eden: 111616K(111616K)->0K(111616K) From: 96K(109056K)->224K(110080K)
[551.718s][info][gc,heap        ] GC(1833) ParOldGen: 375352K(667648K)->375352K(667648K)
[551.718s][info][gc,metaspace   ] GC(1833) Metaspace: 18986K(19200K)->18986K(19200K) NonClass: 16323K(16448K)->16323K(16448K) Class: 2663K(2752K)->2663K(2752K)
[551.718s][info][gc             ] GC(1833) Pause Young (Allocation Failure) 475M->366M(868M) 1.945ms
[551.718s][info][gc,cpu         ] GC(1833) User=0.01s Sys=0.00s Real=0.00s
[551.832s][info][gc,start       ] GC(1834) Pause Young (Allocation Failure)
[551.834s][info][gc,heap        ] GC(1834) PSYoungGen: 111840K(221696K)->320K(218624K) Eden: 111616K(111616K)->0K(115712K) From: 224K(110080K)->320K(102912K)
[551.834s][info][gc,heap        ] GC(1834) ParOldGen: 375352K(667648K)->375352K(667648K)
[551.834s][info][gc,metaspace   ] GC(1834) Metaspace: 18986K(19200K)->18986K(19200K) NonClass: 16323K(16448K)->16323K(16448K) Class: 2663K(2752K)->2663K(2752K)
[551.834s][info][gc             ] GC(1834) Pause Young (Allocation Failure) 475M->366M(865M) 2.096ms
[551.834s][info][gc,cpu         ] GC(1834) User=0.00s Sys=0.00s Real=0.00s
[551.956s][info][gc,start       ] GC(1835) Pause Young (Allocation Failure)
[551.958s][info][gc,heap        ] GC(1835) PSYoungGen: 116032K(218624K)->384K(220672K) Eden: 115712K(115712K)->0K(115712K) From: 320K(102912K)->384K(104960K)
[551.958s][info][gc,heap        ] GC(1835) ParOldGen: 375352K(667648K)->375352K(667648K)
[551.958s][info][gc,metaspace   ] GC(1835) Metaspace: 18986K(19200K)->18986K(19200K) NonClass: 16323K(16448K)->16323K(16448K) Class: 2663K(2752K)->2663K(2752K)
[551.958s][info][gc             ] GC(1835) Pause Young (Allocation Failure) 479M->366M(867M) 2.175ms
[551.958s][info][gc,cpu         ] GC(1835) User=0.00s Sys=0.00s Real=0.00s
[552.081s][info][gc,start       ] GC(1836) Pause Young (Allocation Failure)
[552.084s][info][gc,heap        ] GC(1836) PSYoungGen: 116096K(220672K)->448K(212480K) Eden: 115712K(115712K)->0K(119808K) From: 384K(104960K)->448K(92672K)
[552.084s][info][gc,heap        ] GC(1836) ParOldGen: 375352K(667648K)->375352K(667648K)
[552.084s][info][gc,metaspace   ] GC(1836) Metaspace: 18986K(19200K)->18986K(19200K) NonClass: 16323K(16448K)->16323K(16448K) Class: 2663K(2752K)->2663K(2752K)
[552.084s][info][gc             ] GC(1836) Pause Young (Allocation Failure) 479M->366M(859M) 2.882ms
[552.084s][info][gc,cpu         ] GC(1836) User=0.00s Sys=0.00s Real=0.00s
[552.205s][info][gc,start       ] GC(1837) Pause Young (Allocation Failure)
[552.208s][info][gc,heap        ] GC(1837) PSYoungGen: 120256K(212480K)->544K(217600K) Eden: 119808K(119808K)->0K(119808K) From: 448K(92672K)->544K(97792K)
[552.208s][info][gc,heap        ] GC(1837) ParOldGen: 375352K(667648K)->375352K(667648K)
[552.208s][info][gc,metaspace   ] GC(1837) Metaspace: 18986K(19200K)->18986K(19200K) NonClass: 16323K(16448K)->16323K(16448K) Class: 2663K(2752K)->2663K(2752K)
[552.208s][info][gc             ] GC(1837) Pause Young (Allocation Failure) 483M->367M(864M) 2.690ms
[552.208s][info][gc,cpu         ] GC(1837) User=0.01s Sys=0.00s Real=0.00s
[552.334s][info][gc,start       ] GC(1838) Pause Young (Allocation Failure)
[552.337s][info][gc,heap        ] GC(1838) PSYoungGen: 120352K(217600K)->640K(207360K) Eden: 119808K(119808K)->0K(122880K) From: 544K(97792K)->640K(84480K)
[552.337s][info][gc,heap        ] GC(1838) ParOldGen: 375352K(667648K)->375352K(667648K)
[552.337s][info][gc,metaspace   ] GC(1838) Metaspace: 18986K(19200K)->18986K(19200K) NonClass: 16323K(16448K)->16323K(16448K) Class: 2663K(2752K)->2663K(2752K)
[552.337s][info][gc             ] GC(1838) Pause Young (Allocation Failure) 484M->367M(854M) 3.357ms
[552.337s][info][gc,cpu         ] GC(1838) User=0.00s Sys=0.00s Real=0.00s
[552.467s][info][gc,start       ] GC(1839) Pause Young (Allocation Failure)
[552.470s][info][gc,heap        ] GC(1839) PSYoungGen: 123520K(207360K)->736K(123904K) Eden: 122880K(122880K)->0K(122880K) From: 640K(84480K)->736K(1024K)
[552.470s][info][gc,heap        ] GC(1839) ParOldGen: 375352K(667648K)->375352K(667648K)
[552.470s][info][gc,metaspace   ] GC(1839) Metaspace: 18986K(19200K)->18986K(19200K) NonClass: 16323K(16448K)->16323K(16448K) Class: 2663K(2752K)->2663K(2752K)
[552.470s][info][gc             ] GC(1839) Pause Young (Allocation Failure) 487M->367M(773M) 2.965ms
[552.470s][info][gc,cpu         ] GC(1839) User=0.00s Sys=0.00s Real=0.00s
[552.591s][info][gc,start       ] GC(1840) Pause Young (Allocation Failure)
[552.604s][info][gc,heap        ] GC(1840) PSYoungGen: 123616K(123904K)->4064K(202240K) Eden: 122880K(122880K)->0K(126464K) From: 736K(1024K)->4064K(75776K)
[552.604s][info][gc,heap        ] GC(1840) ParOldGen: 375352K(667648K)->375352K(667648K)
[552.604s][info][gc,metaspace   ] GC(1840) Metaspace: 18986K(19200K)->18986K(19200K) NonClass: 16323K(16448K)->16323K(16448K) Class: 2663K(2752K)->2663K(2752K)
[552.604s][info][gc             ] GC(1840) Pause Young (Allocation Failure) 487M->370M(849M) 13.052ms
[552.604s][info][gc,cpu         ] GC(1840) User=0.03s Sys=0.00s Real=0.01s
[552.761s][info][gc,start       ] GC(1841) Pause Young (Allocation Failure)
[552.797s][info][gc,heap        ] GC(1841) PSYoungGen: 130528K(202240K)->19595K(206848K) Eden: 126464K(126464K)->0K(126464K) From: 4064K(75776K)->19595K(80384K)
[552.797s][info][gc,heap        ] GC(1841) ParOldGen: 375352K(667648K)->375352K(667648K)
[552.797s][info][gc,metaspace   ] GC(1841) Metaspace: 18986K(19200K)->18986K(19200K) NonClass: 16323K(16448K)->16323K(16448K) Class: 2663K(2752K)->2663K(2752K)
[552.797s][info][gc             ] GC(1841) Pause Young (Allocation Failure) 494M->385M(854M) 36.187ms
[552.797s][info][gc,cpu         ] GC(1841) User=0.07s Sys=0.00s Real=0.03s
[552.926s][info][gc,start       ] GC(1842) Pause Young (Allocation Failure)
[552.976s][info][gc,heap        ] GC(1842) PSYoungGen: 146059K(206848K)->35947K(206336K) Eden: 126464K(126464K)->0K(130560K) From: 19595K(80384K)->35947K(75776K)
[552.976s][info][gc,heap        ] GC(1842) ParOldGen: 375352K(667648K)->375352K(667648K)
[552.976s][info][gc,metaspace   ] GC(1842) Metaspace: 18986K(19200K)->18986K(19200K) NonClass: 16323K(16448K)->16323K(16448K) Class: 2663K(2752K)->2663K(2752K)
[552.976s][info][gc             ] GC(1842) Pause Young (Allocation Failure) 509M->401M(853M) 49.931ms
[552.976s][info][gc,cpu         ] GC(1842) User=0.09s Sys=0.00s Real=0.05s
[553.109s][info][gc,start       ] GC(1843) Pause Young (Allocation Failure)
[553.173s][info][gc,heap        ] GC(1843) PSYoungGen: 166507K(206336K)->51243K(207872K) Eden: 130560K(130560K)->0K(130560K) From: 35947K(75776K)->51243K(77312K)
[553.173s][info][gc,heap        ] GC(1843) ParOldGen: 375352K(667648K)->375352K(667648K)
[553.173s][info][gc,metaspace   ] GC(1843) Metaspace: 18986K(19200K)->18986K(19200K) NonClass: 16323K(16448K)->16323K(16448K) Class: 2663K(2752K)->2663K(2752K)
[553.173s][info][gc             ] GC(1843) Pause Young (Allocation Failure) 529M->416M(855M) 64.426ms
[553.173s][info][gc,cpu         ] GC(1843) User=0.13s Sys=0.00s Real=0.07s
[553.263s][info][gc,start       ] GC(1844) Pause Young (Allocation Failure)
[553.331s][info][gc,heap        ] GC(1844) PSYoungGen: 181803K(207872K)->55243K(217600K) Eden: 130560K(130560K)->0K(133632K) From: 51243K(77312K)->55243K(83968K)
[553.331s][info][gc,heap        ] GC(1844) ParOldGen: 375352K(667648K)->375352K(667648K)
[553.331s][info][gc,metaspace   ] GC(1844) Metaspace: 18987K(19200K)->18987K(19200K) NonClass: 16324K(16448K)->16324K(16448K) Class: 2663K(2752K)->2663K(2752K)
[553.331s][info][gc             ] GC(1844) Pause Young (Allocation Failure) 544M->420M(864M) 67.800ms
[553.331s][info][gc,cpu         ] GC(1844) User=0.14s Sys=0.00s Real=0.07s
[553.458s][info][gc,start       ] GC(1845) Pause Young (Allocation Failure)
[553.527s][info][gc,heap        ] GC(1845) PSYoungGen: 188875K(217600K)->56427K(224256K) Eden: 133632K(133632K)->0K(133632K) From: 55243K(83968K)->56427K(90624K)
[553.527s][info][gc,heap        ] GC(1845) ParOldGen: 375352K(667648K)->375352K(667648K)
[553.527s][info][gc,metaspace   ] GC(1845) Metaspace: 18987K(19200K)->18987K(19200K) NonClass: 16324K(16448K)->16324K(16448K) Class: 2663K(2752K)->2663K(2752K)
[553.527s][info][gc             ] GC(1845) Pause Young (Allocation Failure) 551M->421M(871M) 68.629ms
[553.527s][info][gc,cpu         ] GC(1845) User=0.14s Sys=0.00s Real=0.07s
[553.649s][info][gc,start       ] GC(1846) Pause Young (Allocation Failure)
[553.726s][info][gc,heap        ] GC(1846) PSYoungGen: 190059K(224256K)->59851K(227840K) Eden: 133632K(133632K)->0K(132096K) From: 56427K(90624K)->59851K(95744K)
[553.727s][info][gc,heap        ] GC(1846) ParOldGen: 375352K(667648K)->375352K(667648K)
[553.727s][info][gc,metaspace   ] GC(1846) Metaspace: 18987K(19200K)->18987K(19200K) NonClass: 16324K(16448K)->16324K(16448K) Class: 2663K(2752K)->2663K(2752K)
[553.727s][info][gc             ] GC(1846) Pause Young (Allocation Failure) 552M->425M(874M) 77.633ms
[553.727s][info][gc,cpu         ] GC(1846) User=0.15s Sys=0.01s Real=0.08s
[553.842s][info][gc,start       ] GC(1847) Pause Young (Allocation Failure)
[553.915s][info][gc,heap        ] GC(1847) PSYoungGen: 191947K(227840K)->62603K(195072K) Eden: 132096K(132096K)->0K(132096K) From: 59851K(95744K)->62603K(62976K)
[553.916s][info][gc,heap        ] GC(1847) ParOldGen: 375352K(667648K)->375424K(667648K)
[553.916s][info][gc,metaspace   ] GC(1847) Metaspace: 18987K(19200K)->18987K(19200K) NonClass: 16324K(16448K)->16324K(16448K) Class: 2663K(2752K)->2663K(2752K)
[553.916s][info][gc             ] GC(1847) Pause Young (Allocation Failure) 554M->427M(842M) 73.384ms
[553.916s][info][gc,cpu         ] GC(1847) User=0.15s Sys=0.00s Real=0.07s
[554.059s][info][gc,start       ] GC(1848) Pause Young (Allocation Failure)
[554.151s][info][gc,heap        ] GC(1848) PSYoungGen: 194699K(195072K)->79371K(217600K) Eden: 132096K(132096K)->0K(111616K) From: 62603K(62976K)->79371K(105984K)
[554.151s][info][gc,heap        ] GC(1848) ParOldGen: 375424K(667648K)->375544K(667648K)
[554.151s][info][gc,metaspace   ] GC(1848) Metaspace: 18987K(19200K)->18987K(19200K) NonClass: 16324K(16448K)->16324K(16448K) Class: 2663K(2752K)->2663K(2752K)
[554.151s][info][gc             ] GC(1848) Pause Young (Allocation Failure) 556M->444M(864M) 92.203ms
[554.151s][info][gc,cpu         ] GC(1848) User=0.18s Sys=0.00s Real=0.10s
[554.294s][info][gc,start       ] GC(1849) Pause Young (Allocation Failure)
[554.396s][info][gc,heap        ] GC(1849) PSYoungGen: 190987K(217600K)->83004K(222720K) Eden: 111616K(111616K)->0K(111616K) From: 79371K(105984K)->83004K(111104K)
[554.396s][info][gc,heap        ] GC(1849) ParOldGen: 375544K(667648K)->375728K(667648K)
[554.396s][info][gc,metaspace   ] GC(1849) Metaspace: 18987K(19200K)->18987K(19200K) NonClass: 16324K(16448K)->16324K(16448K) Class: 2663K(2752K)->2663K(2752K)
[554.396s][info][gc             ] GC(1849) Pause Young (Allocation Failure) 553M->447M(869M) 101.762ms
[554.396s][info][gc,cpu         ] GC(1849) User=0.20s Sys=0.00s Real=0.10s
[554.633s][info][gc,start       ] GC(1850) Pause Young (Allocation Failure)
[554.725s][info][gc,heap        ] GC(1850) PSYoungGen: 194620K(222720K)->82844K(222720K) Eden: 111616K(111616K)->0K(111616K) From: 83004K(111104K)->82844K(111104K)
[554.725s][info][gc,heap        ] GC(1850) ParOldGen: 375728K(667648K)->375904K(667648K)
[554.726s][info][gc,metaspace   ] GC(1850) Metaspace: 18987K(19200K)->18987K(19200K) NonClass: 16324K(16448K)->16324K(16448K) Class: 2663K(2752K)->2663K(2752K)
[554.726s][info][gc             ] GC(1850) Pause Young (Allocation Failure) 556M->447M(869M) 92.103ms
[554.726s][info][gc,cpu         ] GC(1850) User=0.18s Sys=0.01s Real=0.09s
[554.875s][info][gc,start       ] GC(1851) Pause Young (Allocation Failure)
[554.992s][info][gc,heap        ] GC(1851) PSYoungGen: 194460K(222720K)->91627K(222720K) Eden: 111616K(111616K)->0K(111616K) From: 82844K(111104K)->91627K(111104K)
[554.992s][info][gc,heap        ] GC(1851) ParOldGen: 375904K(667648K)->376088K(667648K)
[554.992s][info][gc,metaspace   ] GC(1851) Metaspace: 18987K(19200K)->18987K(19200K) NonClass: 16324K(16448K)->16324K(16448K) Class: 2663K(2752K)->2663K(2752K)
[554.992s][info][gc             ] GC(1851) Pause Young (Allocation Failure) 556M->456M(869M) 117.534ms
[554.992s][info][gc,cpu         ] GC(1851) User=0.23s Sys=0.00s Real=0.12s
[555.128s][info][gc,start       ] GC(1852) Pause Young (Allocation Failure)
[555.265s][info][gc,heap        ] GC(1852) PSYoungGen: 203243K(222720K)->92496K(222720K) Eden: 111616K(111616K)->0K(111616K) From: 91627K(111104K)->92496K(111104K)
[555.265s][info][gc,heap        ] GC(1852) ParOldGen: 376088K(667648K)->394992K(667648K)
[555.265s][info][gc,metaspace   ] GC(1852) Metaspace: 18987K(19200K)->18987K(19200K) NonClass: 16324K(16448K)->16324K(16448K) Class: 2663K(2752K)->2663K(2752K)
[555.265s][info][gc             ] GC(1852) Pause Young (Allocation Failure) 565M->476M(869M) 136.760ms
[555.265s][info][gc,cpu         ] GC(1852) User=0.27s Sys=0.00s Real=0.14s
[555.388s][info][gc,start       ] GC(1853) Pause Young (Allocation Failure)
[555.488s][info][gc,heap        ] GC(1853) PSYoungGen: 204112K(222720K)->73264K(222720K) Eden: 111616K(111616K)->0K(111616K) From: 92496K(111104K)->73264K(111104K)
[555.488s][info][gc,heap        ] GC(1853) ParOldGen: 394992K(667648K)->426728K(667648K)
[555.488s][info][gc,metaspace   ] GC(1853) Metaspace: 18987K(19200K)->18987K(19200K) NonClass: 16324K(16448K)->16324K(16448K) Class: 2663K(2752K)->2663K(2752K)
[555.488s][info][gc             ] GC(1853) Pause Young (Allocation Failure) 585M->488M(869M) 100.542ms
[555.488s][info][gc,cpu         ] GC(1853) User=0.20s Sys=0.00s Real=0.10s
[555.598s][info][gc,start       ] GC(1854) Pause Young (Allocation Failure)
[555.671s][info][gc,heap        ] GC(1854) PSYoungGen: 184880K(222720K)->68704K(222720K) Eden: 111616K(111616K)->0K(111616K) From: 73264K(111104K)->68704K(111104K)
[555.671s][info][gc,heap        ] GC(1854) ParOldGen: 426728K(667648K)->431912K(667648K)
[555.671s][info][gc,metaspace   ] GC(1854) Metaspace: 18987K(19200K)->18987K(19200K) NonClass: 16324K(16448K)->16324K(16448K) Class: 2663K(2752K)->2663K(2752K)
[555.671s][info][gc             ] GC(1854) Pause Young (Allocation Failure) 597M->488M(869M) 72.342ms
[555.671s][info][gc,cpu         ] GC(1854) User=0.14s Sys=0.00s Real=0.08s
[555.791s][info][gc,start       ] GC(1855) Pause Young (Allocation Failure)
[555.860s][info][gc,heap        ] GC(1855) PSYoungGen: 180320K(222720K)->64736K(222720K) Eden: 111616K(111616K)->0K(111616K) From: 68704K(111104K)->64736K(111104K)
[555.860s][info][gc,heap        ] GC(1855) ParOldGen: 431912K(667648K)->438168K(667648K)
[555.860s][info][gc,metaspace   ] GC(1855) Metaspace: 18987K(19200K)->18987K(19200K) NonClass: 16324K(16448K)->16324K(16448K) Class: 2663K(2752K)->2663K(2752K)
[555.860s][info][gc             ] GC(1855) Pause Young (Allocation Failure) 597M->491M(869M) 69.095ms
[555.860s][info][gc,cpu         ] GC(1855) User=0.14s Sys=0.00s Real=0.06s
[555.986s][info][gc,start       ] GC(1856) Pause Young (Allocation Failure)
[556.053s][info][gc,heap        ] GC(1856) PSYoungGen: 176352K(222720K)->47840K(222720K) Eden: 111616K(111616K)->0K(111616K) From: 64736K(111104K)->47840K(111104K)
[556.053s][info][gc,heap        ] GC(1856) ParOldGen: 438168K(667648K)->458921K(667648K)
[556.053s][info][gc,metaspace   ] GC(1856) Metaspace: 18987K(19200K)->18987K(19200K) NonClass: 16324K(16448K)->16324K(16448K) Class: 2663K(2752K)->2663K(2752K)
[556.053s][info][gc             ] GC(1856) Pause Young (Allocation Failure) 600M->494M(869M) 67.349ms
[556.053s][info][gc,cpu         ] GC(1856) User=0.13s Sys=0.00s Real=0.07s
[556.132s][info][gc,start       ] GC(1857) Pause Young (Allocation Failure)
[556.179s][info][gc,heap        ] GC(1857) PSYoungGen: 159456K(222720K)->38816K(222720K) Eden: 111616K(111616K)->0K(111616K) From: 47840K(111104K)->38816K(111104K)
[556.179s][info][gc,heap        ] GC(1857) ParOldGen: 458921K(667648K)->467937K(667648K)
[556.179s][info][gc,metaspace   ] GC(1857) Metaspace: 18987K(19200K)->18987K(19200K) NonClass: 16324K(16448K)->16324K(16448K) Class: 2663K(2752K)->2663K(2752K)
[556.179s][info][gc             ] GC(1857) Pause Young (Allocation Failure) 603M->494M(869M) 46.607ms
[556.179s][info][gc,cpu         ] GC(1857) User=0.09s Sys=0.00s Real=0.04s
[556.302s][info][gc,start       ] GC(1858) Pause Young (Allocation Failure)
[556.348s][info][gc,heap        ] GC(1858) PSYoungGen: 150432K(222720K)->13280K(222720K) Eden: 111616K(111616K)->0K(111616K) From: 38816K(111104K)->13280K(111104K)
[556.348s][info][gc,heap        ] GC(1858) ParOldGen: 467937K(667648K)->500129K(667648K)
[556.348s][info][gc,metaspace   ] GC(1858) Metaspace: 18987K(19200K)->18987K(19200K) NonClass: 16324K(16448K)->16324K(16448K) Class: 2663K(2752K)->2663K(2752K)
[556.348s][info][gc             ] GC(1858) Pause Young (Allocation Failure) 603M->501M(869M) 45.736ms
[556.348s][info][gc,cpu         ] GC(1858) User=0.09s Sys=0.00s Real=0.04s
[556.487s][info][gc,start       ] GC(1859) Pause Young (Allocation Failure)
[556.511s][info][gc,heap        ] GC(1859) PSYoungGen: 124896K(222720K)->19168K(222720K) Eden: 111616K(111616K)->0K(111616K) From: 13280K(111104K)->19168K(111104K)
[556.511s][info][gc,heap        ] GC(1859) ParOldGen: 500129K(667648K)->503041K(667648K)
[556.511s][info][gc,metaspace   ] GC(1859) Metaspace: 18987K(19200K)->18987K(19200K) NonClass: 16324K(16448K)->16324K(16448K) Class: 2663K(2752K)->2663K(2752K)
[556.511s][info][gc             ] GC(1859) Pause Young (Allocation Failure) 610M->509M(869M) 24.558ms
[556.511s][info][gc,cpu         ] GC(1859) User=0.05s Sys=0.00s Real=0.03s
[556.803s][info][gc,start       ] GC(1860) Pause Young (Allocation Failure)
[556.823s][info][gc,heap        ] GC(1860) PSYoungGen: 130784K(222720K)->15392K(222720K) Eden: 111616K(111616K)->0K(111616K) From: 19168K(111104K)->15392K(111104K)
[556.823s][info][gc,heap        ] GC(1860) ParOldGen: 503041K(667648K)->506857K(667648K)
[556.823s][info][gc,metaspace   ] GC(1860) Metaspace: 18987K(19200K)->18987K(19200K) NonClass: 16324K(16448K)->16324K(16448K) Class: 2663K(2752K)->2663K(2752K)
[556.823s][info][gc             ] GC(1860) Pause Young (Allocation Failure) 618M->510M(869M) 20.525ms
[556.823s][info][gc,cpu         ] GC(1860) User=0.04s Sys=0.00s Real=0.02s
[557.099s][info][gc,start       ] GC(1861) Pause Young (Allocation Failure)
[557.116s][info][gc,heap        ] GC(1861) PSYoungGen: 127008K(222720K)->160K(222720K) Eden: 111616K(111616K)->0K(111616K) From: 15392K(111104K)->160K(111104K)
[557.117s][info][gc,heap        ] GC(1861) ParOldGen: 506857K(667648K)->522217K(667648K)
[557.117s][info][gc,metaspace   ] GC(1861) Metaspace: 18987K(19200K)->18987K(19200K) NonClass: 16324K(16448K)->16324K(16448K) Class: 2663K(2752K)->2663K(2752K)
[557.117s][info][gc             ] GC(1861) Pause Young (Allocation Failure) 619M->510M(869M) 17.587ms
[557.117s][info][gc,cpu         ] GC(1861) User=0.03s Sys=0.00s Real=0.02s
[557.362s][info][gc,start       ] GC(1862) Pause Young (Allocation Failure)
[557.364s][info][gc,heap        ] GC(1862) PSYoungGen: 111776K(222720K)->256K(222720K) Eden: 111616K(111616K)->0K(111616K) From: 160K(111104K)->256K(111104K)
[557.364s][info][gc,heap        ] GC(1862) ParOldGen: 522217K(667648K)->522377K(667648K)
[557.364s][info][gc,metaspace   ] GC(1862) Metaspace: 18987K(19200K)->18987K(19200K) NonClass: 16324K(16448K)->16324K(16448K) Class: 2663K(2752K)->2663K(2752K)
[557.364s][info][gc             ] GC(1862) Pause Young (Allocation Failure) 619M->510M(869M) 2.731ms
[557.364s][info][gc,cpu         ] GC(1862) User=0.00s Sys=0.00s Real=0.00s
[557.616s][info][gc,start       ] GC(1863) Pause Young (Allocation Failure)
[557.619s][info][gc,heap        ] GC(1863) PSYoungGen: 111872K(222720K)->544K(222720K) Eden: 111616K(111616K)->0K(111616K) From: 256K(111104K)->544K(111104K)
[557.619s][info][gc,heap        ] GC(1863) ParOldGen: 522377K(667648K)->522473K(667648K)
[557.619s][info][gc,metaspace   ] GC(1863) Metaspace: 18987K(19200K)->18987K(19200K) NonClass: 16324K(16448K)->16324K(16448K) Class: 2663K(2752K)->2663K(2752K)
[557.619s][info][gc             ] GC(1863) Pause Young (Allocation Failure) 619M->510M(869M) 3.022ms
[557.619s][info][gc,cpu         ] GC(1863) User=0.01s Sys=0.00s Real=0.00s
[557.835s][info][gc,start       ] GC(1864) Pause Young (Allocation Failure)
[557.840s][info][gc,heap        ] GC(1864) PSYoungGen: 112160K(222720K)->2176K(222720K) Eden: 111616K(111616K)->0K(111616K) From: 544K(111104K)->2176K(111104K)
[557.840s][info][gc,heap        ] GC(1864) ParOldGen: 522473K(667648K)->522633K(667648K)
[557.840s][info][gc,metaspace   ] GC(1864) Metaspace: 18987K(19200K)->18987K(19200K) NonClass: 16324K(16448K)->16324K(16448K) Class: 2663K(2752K)->2663K(2752K)
[557.840s][info][gc             ] GC(1864) Pause Young (Allocation Failure) 619M->512M(869M) 4.953ms
[557.840s][info][gc,cpu         ] GC(1864) User=0.01s Sys=0.00s Real=0.00s
[557.958s][info][gc,start       ] GC(1865) Pause Young (Allocation Failure)
[557.990s][info][gc,heap        ] GC(1865) PSYoungGen: 113792K(222720K)->37968K(150016K) Eden: 111616K(111616K)->0K(111616K) From: 2176K(111104K)->37968K(38400K)
[557.990s][info][gc,heap        ] GC(1865) ParOldGen: 522633K(667648K)->524777K(667648K)
[557.990s][info][gc,metaspace   ] GC(1865) Metaspace: 19000K(19200K)->19000K(19200K) NonClass: 16336K(16448K)->16336K(16448K) Class: 2663K(2752K)->2663K(2752K)
[557.990s][info][gc             ] GC(1865) Pause Young (Allocation Failure) 621M->549M(798M) 32.470ms
[557.990s][info][gc,cpu         ] GC(1865) User=0.06s Sys=0.00s Real=0.03s
[558.053s][info][gc,start       ] GC(1866) Pause Young (Allocation Failure)
[558.107s][info][gc,heap        ] GC(1866) PSYoungGen: 149584K(150016K)->80896K(218624K) Eden: 111616K(111616K)->0K(109568K) From: 37968K(38400K)->80896K(109056K)
[558.107s][info][gc,heap        ] GC(1866) ParOldGen: 524777K(667648K)->524777K(667648K)
[558.107s][info][gc,metaspace   ] GC(1866) Metaspace: 19000K(19200K)->19000K(19200K) NonClass: 16336K(16448K)->16336K(16448K) Class: 2663K(2752K)->2663K(2752K)
[558.107s][info][gc             ] GC(1866) Pause Young (Allocation Failure) 658M->591M(865M) 53.995ms
[558.107s][info][gc,cpu         ] GC(1866) User=0.10s Sys=0.00s Real=0.05s
[558.167s][info][gc,start       ] GC(1867) Pause Young (Allocation Failure)
[558.245s][info][gc,heap        ] GC(1867) PSYoungGen: 190464K(218624K)->39360K(220672K) Eden: 109568K(109568K)->0K(109568K) From: 80896K(109056K)->39360K(111104K)
[558.245s][info][gc,heap        ] GC(1867) ParOldGen: 524777K(667648K)->606586K(667648K)
[558.245s][info][gc,metaspace   ] GC(1867) Metaspace: 19000K(19200K)->19000K(19200K) NonClass: 16336K(16448K)->16336K(16448K) Class: 2663K(2752K)->2663K(2752K)
[558.245s][info][gc             ] GC(1867) Pause Young (Allocation Failure) 698M->630M(867M) 78.576ms
[558.245s][info][gc,cpu         ] GC(1867) User=0.16s Sys=0.00s Real=0.08s
[558.430s][info][gc,start       ] GC(1868) Pause Young (Allocation Failure)
[558.481s][info][gc,heap        ] GC(1868) PSYoungGen: 148928K(220672K)->30741K(212480K) Eden: 109568K(109568K)->0K(111616K) From: 39360K(111104K)->30741K(100864K)
[558.481s][info][gc,heap        ] GC(1868) ParOldGen: 606586K(667648K)->646458K(667648K)
[558.481s][info][gc,metaspace   ] GC(1868) Metaspace: 19008K(19200K)->19008K(19200K) NonClass: 16345K(16448K)->16345K(16448K) Class: 2663K(2752K)->2663K(2752K)
[558.481s][info][gc             ] GC(1868) Pause Young (Allocation Failure) 737M->661M(859M) 51.426ms
[558.481s][info][gc,cpu         ] GC(1868) User=0.10s Sys=0.00s Real=0.06s
[558.564s][info][gc,start       ] GC(1869) Pause Full (Allocation Failure)
[558.564s][info][gc,phases,start] GC(1869) Marking Phase
[558.941s][info][gc,phases      ] GC(1869) Marking Phase 376.874ms
[558.941s][info][gc,phases,start] GC(1869) Summary Phase
[558.941s][info][gc,phases      ] GC(1869) Summary Phase 0.039ms
[558.941s][info][gc,phases,start] GC(1869) Forward
[559.084s][info][gc,phases      ] GC(1869) Forward 142.503ms
[559.084s][info][gc,phases,start] GC(1869) Adjust Pointers
[559.363s][info][gc,phases      ] GC(1869) Adjust Pointers 279.197ms
[559.363s][info][gc,phases,start] GC(1869) Compaction Phase
[559.545s][info][gc,phases      ] GC(1869) Compaction Phase 181.789ms
[559.554s][info][gc,phases,start] GC(1869) Post Compact
[559.557s][info][gc,phases      ] GC(1869) Post Compact 2.232ms
[559.557s][info][gc,heap        ] GC(1869) PSYoungGen: 142357K(212480K)->0K(217600K) Eden: 111616K(111616K)->0K(111616K) From: 30741K(100864K)->0K(105984K)
[559.557s][info][gc,heap        ] GC(1869) ParOldGen: 646458K(667648K)->567033K(667648K)
[559.557s][info][gc,metaspace   ] GC(1869) Metaspace: 19008K(19200K)->19008K(19200K) NonClass: 16345K(16448K)->16345K(16448K) Class: 2663K(2752K)->2663K(2752K)
[559.557s][info][gc             ] GC(1869) Pause Full (Allocation Failure) 770M->553M(864M) 992.396ms
[559.557s][info][gc,cpu         ] GC(1869) User=1.87s Sys=0.00s Real=0.99s
[559.758s][info][gc,start       ] GC(1870) Pause Young (Allocation Failure)
[559.792s][info][gc,heap        ] GC(1870) PSYoungGen: 111616K(217600K)->15680K(220672K) Eden: 111616K(111616K)->0K(121856K) From: 0K(105984K)->15680K(98816K)
[559.792s][info][gc,heap        ] GC(1870) ParOldGen: 567033K(667648K)->567033K(667648K)
[559.792s][info][gc,metaspace   ] GC(1870) Metaspace: 19013K(19200K)->19013K(19200K) NonClass: 16350K(16448K)->16350K(16448K) Class: 2663K(2752K)->2663K(2752K)
[559.792s][info][gc             ] GC(1870) Pause Young (Allocation Failure) 662M->569M(867M) 34.440ms
[559.792s][info][gc,cpu         ] GC(1870) User=0.07s Sys=0.00s Real=0.04s
[559.904s][info][gc,start       ] GC(1871) Pause Young (Allocation Failure)
[559.947s][info][gc,heap        ] GC(1871) PSYoungGen: 137536K(220672K)->19232K(224256K) Eden: 121856K(121856K)->0K(121856K) From: 15680K(98816K)->19232K(102400K)
[559.947s][info][gc,heap        ] GC(1871) ParOldGen: 567033K(667648K)->567033K(667648K)
[559.947s][info][gc,metaspace   ] GC(1871) Metaspace: 19013K(19200K)->19013K(19200K) NonClass: 16350K(16448K)->16350K(16448K) Class: 2663K(2752K)->2663K(2752K)
[559.947s][info][gc             ] GC(1871) Pause Young (Allocation Failure) 688M->572M(871M) 43.035ms
[559.947s][info][gc,cpu         ] GC(1871) User=0.09s Sys=0.00s Real=0.04s
[560.102s][info][gc,start       ] GC(1872) Pause Young (Allocation Failure)
[560.177s][info][gc,heap        ] GC(1872) PSYoungGen: 141088K(224256K)->38925K(225280K) Eden: 121856K(121856K)->0K(133632K) From: 19232K(102400K)->38925K(91648K)
[560.177s][info][gc,heap        ] GC(1872) ParOldGen: 567033K(667648K)->567033K(667648K)
[560.177s][info][gc,metaspace   ] GC(1872) Metaspace: 19013K(19200K)->19013K(19200K) NonClass: 16350K(16448K)->16350K(16448K) Class: 2663K(2752K)->2663K(2752K)
[560.177s][info][gc             ] GC(1872) Pause Young (Allocation Failure) 691M->591M(872M) 74.742ms
[560.177s][info][gc,cpu         ] GC(1872) User=0.15s Sys=0.00s Real=0.07s
[560.363s][info][gc,start       ] GC(1873) Pause Young (Allocation Failure)
[560.447s][info][gc,heap        ] GC(1873) PSYoungGen: 172557K(225280K)->46829K(227840K) Eden: 133632K(133632K)->0K(133632K) From: 38925K(91648K)->46829K(94208K)
[560.447s][info][gc,heap        ] GC(1873) ParOldGen: 567033K(667648K)->567033K(667648K)
[560.447s][info][gc,metaspace   ] GC(1873) Metaspace: 19013K(19200K)->19013K(19200K) NonClass: 16350K(16448K)->16350K(16448K) Class: 2663K(2752K)->2663K(2752K)
[560.447s][info][gc             ] GC(1873) Pause Young (Allocation Failure) 722M->599M(874M) 83.851ms
[560.447s][info][gc,cpu         ] GC(1873) User=0.17s Sys=0.00s Real=0.08s
[560.637s][info][gc,start       ] GC(1874) Pause Young (Allocation Failure)
[560.719s][info][gc,heap        ] GC(1874) PSYoungGen: 180461K(227840K)->31213K(227328K) Eden: 133632K(133632K)->0K(146432K) From: 46829K(94208K)->31213K(80896K)
[560.719s][info][gc,heap        ] GC(1874) ParOldGen: 567033K(667648K)->582721K(667648K)
[560.719s][info][gc,metaspace   ] GC(1874) Metaspace: 19013K(19200K)->19013K(19200K) NonClass: 16350K(16448K)->16350K(16448K) Class: 2663K(2752K)->2663K(2752K)
[560.719s][info][gc             ] GC(1874) Pause Young (Allocation Failure) 729M->599M(874M) 82.622ms
[560.719s][info][gc,cpu         ] GC(1874) User=0.17s Sys=0.00s Real=0.08s
[560.924s][info][gc,start       ] GC(1875) Pause Young (Allocation Failure)
[560.982s][info][gc,heap        ] GC(1875) PSYoungGen: 177645K(227328K)->27629K(233984K) Eden: 146432K(146432K)->0K(146432K) From: 31213K(80896K)->27629K(87552K)
[560.982s][info][gc,heap        ] GC(1875) ParOldGen: 582721K(667648K)->586297K(667648K)
[560.982s][info][gc,metaspace   ] GC(1875) Metaspace: 19013K(19200K)->19013K(19200K) NonClass: 16350K(16448K)->16350K(16448K) Class: 2663K(2752K)->2663K(2752K)
[560.982s][info][gc             ] GC(1875) Pause Young (Allocation Failure) 742M->599M(880M) 57.359ms
[560.982s][info][gc,cpu         ] GC(1875) User=0.11s Sys=0.00s Real=0.06s
[561.186s][info][gc,start       ] GC(1876) Pause Young (Allocation Failure)
[561.234s][info][gc,heap        ] GC(1876) PSYoungGen: 174061K(233984K)->8992K(241664K) Eden: 146432K(146432K)->0K(160768K) From: 27629K(87552K)->8992K(80896K)
[561.234s][info][gc,heap        ] GC(1876) ParOldGen: 586297K(667648K)->604988K(667648K)
[561.234s][info][gc,metaspace   ] GC(1876) Metaspace: 19013K(19200K)->19013K(19200K) NonClass: 16350K(16448K)->16350K(16448K) Class: 2663K(2752K)->2663K(2752K)
[561.234s][info][gc             ] GC(1876) Pause Young (Allocation Failure) 742M->599M(888M) 48.507ms
[561.234s][info][gc,cpu         ] GC(1876) User=0.10s Sys=0.00s Real=0.05s
[561.459s][info][gc,start       ] GC(1877) Pause Young (Allocation Failure)
[561.474s][info][gc,heap        ] GC(1877) PSYoungGen: 169760K(241664K)->8992K(243200K) Eden: 160768K(160768K)->0K(160768K) From: 8992K(80896K)->8992K(82432K)
[561.474s][info][gc,heap        ] GC(1877) ParOldGen: 604988K(667648K)->604988K(667648K)
[561.474s][info][gc,metaspace   ] GC(1877) Metaspace: 19013K(19200K)->19013K(19200K) NonClass: 16350K(16448K)->16350K(16448K) Class: 2663K(2752K)->2663K(2752K)
[561.474s][info][gc             ] GC(1877) Pause Young (Allocation Failure) 756M->599M(889M) 14.815ms
[561.474s][info][gc,cpu         ] GC(1877) User=0.03s Sys=0.00s Real=0.02s
[561.696s][info][gc,start       ] GC(1878) Pause Young (Allocation Failure)
[561.711s][info][gc,heap        ] GC(1878) PSYoungGen: 169760K(243200K)->8992K(248320K) Eden: 160768K(160768K)->0K(170496K) From: 8992K(82432K)->8992K(77824K)
[561.712s][info][gc,heap        ] GC(1878) ParOldGen: 604988K(667648K)->604988K(667648K)
[561.712s][info][gc,metaspace   ] GC(1878) Metaspace: 19013K(19200K)->19013K(19200K) NonClass: 16350K(16448K)->16350K(16448K) Class: 2663K(2752K)->2663K(2752K)
[561.712s][info][gc             ] GC(1878) Pause Young (Allocation Failure) 756M->599M(894M) 15.841ms
[561.712s][info][gc,cpu         ] GC(1878) User=0.03s Sys=0.00s Real=0.02s
[561.912s][info][gc,start       ] GC(1879) Pause Young (Allocation Failure)
[561.941s][info][gc,heap        ] GC(1879) PSYoungGen: 179488K(248320K)->23488K(249856K) Eden: 170496K(170496K)->0K(170496K) From: 8992K(77824K)->23488K(79360K)
[561.941s][info][gc,heap        ] GC(1879) ParOldGen: 604988K(667648K)->604988K(667648K)
[561.941s][info][gc,metaspace   ] GC(1879) Metaspace: 19014K(19200K)->19014K(19200K) NonClass: 16351K(16448K)->16351K(16448K) Class: 2663K(2752K)->2663K(2752K)
[561.941s][info][gc             ] GC(1879) Pause Young (Allocation Failure) 766M->613M(896M) 29.344ms
[561.941s][info][gc,cpu         ] GC(1879) User=0.05s Sys=0.00s Real=0.03s
[562.091s][info][gc,start       ] GC(1880) Pause Young (Allocation Failure)
[562.134s][info][gc,heap        ] GC(1880) PSYoungGen: 193984K(249856K)->39680K(251392K) Eden: 170496K(170496K)->0K(176640K) From: 23488K(79360K)->39680K(74752K)
[562.135s][info][gc,heap        ] GC(1880) ParOldGen: 604988K(667648K)->604988K(667648K)
[562.135s][info][gc,metaspace   ] GC(1880) Metaspace: 19014K(19200K)->19014K(19200K) NonClass: 16351K(16448K)->16351K(16448K) Class: 2663K(2752K)->2663K(2752K)
[562.135s][info][gc             ] GC(1880) Pause Young (Allocation Failure) 780M->629M(897M) 44.011ms
[562.135s][info][gc,cpu         ] GC(1880) User=0.09s Sys=0.00s Real=0.04s
[562.304s][info][gc,start       ] GC(1881) Pause Young (Allocation Failure)
[562.349s][info][gc,heap        ] GC(1881) PSYoungGen: 216320K(251392K)->41760K(251392K) Eden: 176640K(176640K)->0K(176640K) From: 39680K(74752K)->41760K(74752K)
[562.349s][info][gc,heap        ] GC(1881) ParOldGen: 604988K(667648K)->604988K(667648K)
[562.349s][info][gc,metaspace   ] GC(1881) Metaspace: 19014K(19200K)->19014K(19200K) NonClass: 16351K(16448K)->16351K(16448K) Class: 2663K(2752K)->2663K(2752K)
[562.349s][info][gc             ] GC(1881) Pause Young (Allocation Failure) 802M->631M(897M) 44.807ms
[562.349s][info][gc,cpu         ] GC(1881) User=0.09s Sys=0.00s Real=0.04s
[562.534s][info][gc,start       ] GC(1882) Pause Young (Allocation Failure)
[562.584s][info][gc,heap        ] GC(1882) PSYoungGen: 218400K(251392K)->47584K(254464K) Eden: 176640K(176640K)->0K(179200K) From: 41760K(74752K)->47584K(75264K)
[562.584s][info][gc,heap        ] GC(1882) ParOldGen: 604988K(667648K)->604988K(667648K)
[562.584s][info][gc,metaspace   ] GC(1882) Metaspace: 19015K(19200K)->19015K(19200K) NonClass: 16352K(16448K)->16352K(16448K) Class: 2663K(2752K)->2663K(2752K)
[562.584s][info][gc             ] GC(1882) Pause Young (Allocation Failure) 804M->637M(900M) 49.498ms
[562.584s][info][gc,cpu         ] GC(1882) User=0.10s Sys=0.00s Real=0.05s
[562.895s][info][gc,start       ] GC(1883) Pause Young (Allocation Failure)
[562.948s][info][gc,heap        ] GC(1883) PSYoungGen: 226784K(254464K)->49920K(229376K) Eden: 179200K(179200K)->0K(179200K) From: 47584K(75264K)->49920K(50176K)
[562.948s][info][gc,heap        ] GC(1883) ParOldGen: 604988K(667648K)->604988K(667648K)
[562.948s][info][gc,metaspace   ] GC(1883) Metaspace: 19020K(19200K)->19020K(19200K) NonClass: 16357K(16448K)->16357K(16448K) Class: 2663K(2752K)->2663K(2752K)
[562.948s][info][gc             ] GC(1883) Pause Young (Allocation Failure) 812M->639M(876M) 52.743ms
[562.948s][info][gc,cpu         ] GC(1883) User=0.10s Sys=0.00s Real=0.05s
[563.272s][info][gc,start       ] GC(1884) Pause Young (Allocation Failure)
[563.324s][info][gc,heap        ] GC(1884) PSYoungGen: 229120K(229376K)->50048K(250880K) Eden: 179200K(179200K)->0K(171008K) From: 49920K(50176K)->50048K(79872K)
[563.324s][info][gc,heap        ] GC(1884) ParOldGen: 604988K(667648K)->604988K(667648K)
[563.324s][info][gc,metaspace   ] GC(1884) Metaspace: 19021K(19200K)->19021K(19200K) NonClass: 16358K(16448K)->16358K(16448K) Class: 2663K(2752K)->2663K(2752K)
[563.324s][info][gc             ] GC(1884) Pause Young (Allocation Failure) 814M->639M(897M) 52.286ms
[563.324s][info][gc,cpu         ] GC(1884) User=0.10s Sys=0.00s Real=0.05s
[563.635s][info][gc,start       ] GC(1885) Pause Young (Allocation Failure)
[563.687s][info][gc,heap        ] GC(1885) PSYoungGen: 221056K(250880K)->50048K(221184K) Eden: 171008K(171008K)->0K(171008K) From: 50048K(79872K)->50048K(50176K)
[563.687s][info][gc,heap        ] GC(1885) ParOldGen: 604988K(667648K)->604988K(667648K)
[563.687s][info][gc,metaspace   ] GC(1885) Metaspace: 19024K(19200K)->19024K(19200K) NonClass: 16361K(16448K)->16361K(16448K) Class: 2663K(2752K)->2663K(2752K)
[563.687s][info][gc             ] GC(1885) Pause Young (Allocation Failure) 806M->639M(868M) 52.465ms
[563.687s][info][gc,cpu         ] GC(1885) User=0.11s Sys=0.00s Real=0.05s
[563.935s][info][gc,start       ] GC(1886) Pause Young (Allocation Failure)
[563.998s][info][gc,heap        ] GC(1886) PSYoungGen: 221056K(221184K)->63072K(240128K) Eden: 171008K(171008K)->0K(157696K) From: 50048K(50176K)->63072K(82432K)
[563.998s][info][gc,heap        ] GC(1886) ParOldGen: 604988K(667648K)->604988K(667648K)
[563.998s][info][gc,metaspace   ] GC(1886) Metaspace: 19030K(19200K)->19030K(19200K) NonClass: 16366K(16448K)->16366K(16448K) Class: 2663K(2752K)->2663K(2752K)
[563.998s][info][gc             ] GC(1886) Pause Young (Allocation Failure) 806M->652M(886M) 63.702ms
[563.998s][info][gc,cpu         ] GC(1886) User=0.13s Sys=0.00s Real=0.06s
[564.181s][info][gc,start       ] GC(1887) Pause Young (Allocation Failure)
[564.252s][info][gc,heap        ] GC(1887) PSYoungGen: 220768K(240128K)->74400K(232448K) Eden: 157696K(157696K)->0K(157696K) From: 63072K(82432K)->74400K(74752K)
[564.252s][info][gc,heap        ] GC(1887) ParOldGen: 604988K(667648K)->604996K(667648K)
[564.252s][info][gc,metaspace   ] GC(1887) Metaspace: 19038K(19200K)->19038K(19200K) NonClass: 16375K(16448K)->16375K(16448K) Class: 2663K(2752K)->2663K(2752K)
[564.252s][info][gc             ] GC(1887) Pause Young (Allocation Failure) 806M->663M(879M) 71.168ms
[564.252s][info][gc,cpu         ] GC(1887) User=0.14s Sys=0.00s Real=0.07s
[564.391s][info][gc,start       ] GC(1888) Pause Young (Allocation Failure)
[564.513s][info][gc,heap        ] GC(1888) PSYoungGen: 232096K(232448K)->96224K(207872K) Eden: 157696K(157696K)->0K(111616K) From: 74400K(74752K)->96224K(96256K)
[564.513s][info][gc,heap        ] GC(1888) ParOldGen: 604996K(667648K)->625664K(667648K)
[564.513s][info][gc,metaspace   ] GC(1888) Metaspace: 19038K(19200K)->19038K(19200K) NonClass: 16375K(16448K)->16375K(16448K) Class: 2663K(2752K)->2663K(2752K)
[564.513s][info][gc             ] GC(1888) Pause Young (Allocation Failure) 817M->704M(855M) 122.189ms
[564.513s][info][gc,cpu         ] GC(1888) User=0.22s Sys=0.02s Real=0.12s
[564.694s][info][gc,start       ] GC(1889) Pause Young (Allocation Failure)
[564.798s][info][gc,heap        ] GC(1889) PSYoungGen: 207840K(207872K)->109312K(222720K) Eden: 111616K(111616K)->0K(111616K) From: 96224K(96256K)->109312K(111104K)
[564.798s][info][gc,heap        ] GC(1889) ParOldGen: 625664K(667648K)->625664K(667648K)
[564.798s][info][gc,metaspace   ] GC(1889) Metaspace: 19038K(19200K)->19038K(19200K) NonClass: 16375K(16448K)->16375K(16448K) Class: 2663K(2752K)->2663K(2752K)
[564.798s][info][gc             ] GC(1889) Pause Young (Allocation Failure) 813M->717M(869M) 103.992ms
[564.798s][info][gc,cpu         ] GC(1889) User=0.21s Sys=0.00s Real=0.10s
[564.954s][info][gc,start       ] GC(1890) Pause Young (Allocation Failure)
[565.059s][info][gc,heap        ] GC(1890) PSYoungGen: 220928K(222720K)->109392K(222720K) Eden: 111616K(111616K)->0K(111616K) From: 109312K(111104K)->109392K(111104K)
[565.059s][info][gc,heap        ] GC(1890) ParOldGen: 625664K(667648K)->625664K(667648K)
[565.059s][info][gc,metaspace   ] GC(1890) Metaspace: 19038K(19200K)->19038K(19200K) NonClass: 16375K(16448K)->16375K(16448K) Class: 2663K(2752K)->2663K(2752K)
[565.059s][info][gc             ] GC(1890) Pause Young (Allocation Failure) 826M->717M(869M) 104.965ms
[565.059s][info][gc,cpu         ] GC(1890) User=0.20s Sys=0.00s Real=0.10s
[565.216s][info][gc,start       ] GC(1891) Pause Young (Allocation Failure)
[565.320s][info][gc,heap        ] GC(1891) PSYoungGen: 221008K(222720K)->94928K(222720K) Eden: 111616K(111616K)->0K(111616K) From: 109392K(111104K)->94928K(111104K)
[565.320s][info][gc,heap        ] GC(1891) ParOldGen: 625664K(667648K)->640192K(667648K)
[565.320s][info][gc,metaspace   ] GC(1891) Metaspace: 19038K(19200K)->19038K(19200K) NonClass: 16375K(16448K)->16375K(16448K) Class: 2663K(2752K)->2663K(2752K)
[565.320s][info][gc             ] GC(1891) Pause Young (Allocation Failure) 826M->717M(869M) 103.976ms
[565.320s][info][gc,cpu         ] GC(1891) User=0.20s Sys=0.00s Real=0.10s
[565.478s][info][gc,start       ] GC(1892) Pause Full (Allocation Failure)
[565.478s][info][gc,phases,start] GC(1892) Marking Phase
[565.653s][info][gc,phases      ] GC(1892) Marking Phase 174.967ms
[565.653s][info][gc,phases,start] GC(1892) Summary Phase
[565.653s][info][gc,phases      ] GC(1892) Summary Phase 0.027ms
[565.653s][info][gc,phases,start] GC(1892) Forward
[565.722s][info][gc,phases      ] GC(1892) Forward 68.690ms
[565.722s][info][gc,phases,start] GC(1892) Adjust Pointers
[565.880s][info][gc,phases      ] GC(1892) Adjust Pointers 158.061ms
[565.880s][info][gc,phases,start] GC(1892) Compaction Phase
[565.959s][info][gc,phases      ] GC(1892) Compaction Phase 79.196ms
[565.971s][info][gc,phases,start] GC(1892) Post Compact
[565.973s][info][gc,phases      ] GC(1892) Post Compact 2.457ms
[565.978s][info][gc,heap        ] GC(1892) PSYoungGen: 206544K(222720K)->0K(222720K) Eden: 111616K(111616K)->0K(111616K) From: 94928K(111104K)->0K(111104K)
[565.978s][info][gc,heap        ] GC(1892) ParOldGen: 640192K(667648K)->289261K(601088K)
[565.978s][info][gc,metaspace   ] GC(1892) Metaspace: 19038K(19200K)->19038K(19200K) NonClass: 16375K(16448K)->16375K(16448K) Class: 2663K(2752K)->2663K(2752K)
[565.979s][info][gc             ] GC(1892) Pause Full (Allocation Failure) 826M->282M(804M) 500.575ms
[565.979s][info][gc,cpu         ] GC(1892) User=0.91s Sys=0.01s Real=0.50s
[566.134s][info][gc,start       ] GC(1893) Pause Young (Allocation Failure)
[566.135s][info][gc,heap        ] GC(1893) PSYoungGen: 111616K(222720K)->64K(222720K) Eden: 111616K(111616K)->0K(111616K) From: 0K(111104K)->64K(111104K)
[566.135s][info][gc,heap        ] GC(1893) ParOldGen: 289261K(601088K)->289261K(601088K)
[566.135s][info][gc,metaspace   ] GC(1893) Metaspace: 19038K(19200K)->19038K(19200K) NonClass: 16375K(16448K)->16375K(16448K) Class: 2663K(2752K)->2663K(2752K)
[566.135s][info][gc             ] GC(1893) Pause Young (Allocation Failure) 391M->282M(804M) 1.139ms
[566.135s][info][gc,cpu         ] GC(1893) User=0.01s Sys=0.00s Real=0.00s
[566.284s][info][gc,start       ] GC(1894) Pause Young (Allocation Failure)
[566.285s][info][gc,heap        ] GC(1894) PSYoungGen: 111680K(222720K)->64K(222720K) Eden: 111616K(111616K)->0K(111616K) From: 64K(111104K)->64K(111104K)
[566.285s][info][gc,heap        ] GC(1894) ParOldGen: 289261K(601088K)->289261K(601088K)
[566.285s][info][gc,metaspace   ] GC(1894) Metaspace: 19038K(19200K)->19038K(19200K) NonClass: 16375K(16448K)->16375K(16448K) Class: 2663K(2752K)->2663K(2752K)
[566.285s][info][gc             ] GC(1894) Pause Young (Allocation Failure) 391M->282M(804M) 1.167ms
[566.285s][info][gc,cpu         ] GC(1894) User=0.00s Sys=0.00s Real=0.00s
[566.435s][info][gc,start       ] GC(1895) Pause Young (Allocation Failure)
[566.436s][info][gc,heap        ] GC(1895) PSYoungGen: 111680K(222720K)->64K(222720K) Eden: 111616K(111616K)->0K(111616K) From: 64K(111104K)->64K(111104K)
[566.436s][info][gc,heap        ] GC(1895) ParOldGen: 289261K(601088K)->289261K(601088K)
[566.436s][info][gc,metaspace   ] GC(1895) Metaspace: 19038K(19200K)->19038K(19200K) NonClass: 16375K(16448K)->16375K(16448K) Class: 2663K(2752K)->2663K(2752K)
[566.436s][info][gc             ] GC(1895) Pause Young (Allocation Failure) 391M->282M(804M) 1.191ms
[566.436s][info][gc,cpu         ] GC(1895) User=0.01s Sys=0.00s Real=0.00s
[566.584s][info][gc,start       ] GC(1896) Pause Young (Allocation Failure)
[566.586s][info][gc,heap        ] GC(1896) PSYoungGen: 111680K(222720K)->64K(222720K) Eden: 111616K(111616K)->0K(111616K) From: 64K(111104K)->64K(111104K)
[566.586s][info][gc,heap        ] GC(1896) ParOldGen: 289261K(601088K)->289261K(601088K)
[566.586s][info][gc,metaspace   ] GC(1896) Metaspace: 19038K(19200K)->19038K(19200K) NonClass: 16375K(16448K)->16375K(16448K) Class: 2663K(2752K)->2663K(2752K)
[566.586s][info][gc             ] GC(1896) Pause Young (Allocation Failure) 391M->282M(804M) 1.186ms
[566.586s][info][gc,cpu         ] GC(1896) User=0.00s Sys=0.00s Real=0.00s
[566.739s][info][gc,start       ] GC(1897) Pause Young (Allocation Failure)
[566.740s][info][gc,heap        ] GC(1897) PSYoungGen: 111680K(222720K)->64K(222720K) Eden: 111616K(111616K)->0K(111616K) From: 64K(111104K)->64K(111104K)
[566.740s][info][gc,heap        ] GC(1897) ParOldGen: 289261K(601088K)->289261K(601088K)
[566.740s][info][gc,metaspace   ] GC(1897) Metaspace: 19038K(19200K)->19038K(19200K) NonClass: 16375K(16448K)->16375K(16448K) Class: 2663K(2752K)->2663K(2752K)
[566.740s][info][gc             ] GC(1897) Pause Young (Allocation Failure) 391M->282M(804M) 1.119ms
[566.740s][info][gc,cpu         ] GC(1897) User=0.00s Sys=0.00s Real=0.00s
[566.861s][info][gc,start       ] GC(1898) Pause Young (Allocation Failure)
[566.877s][info][gc,heap        ] GC(1898) PSYoungGen: 111680K(222720K)->13568K(222720K) Eden: 111616K(111616K)->0K(111616K) From: 64K(111104K)->13568K(111104K)
[566.877s][info][gc,heap        ] GC(1898) ParOldGen: 289261K(601088K)->289261K(601088K)
[566.877s][info][gc,metaspace   ] GC(1898) Metaspace: 19038K(19200K)->19038K(19200K) NonClass: 16375K(16448K)->16375K(16448K) Class: 2663K(2752K)->2663K(2752K)
[566.877s][info][gc             ] GC(1898) Pause Young (Allocation Failure) 391M->295M(804M) 15.992ms
[566.877s][info][gc,cpu         ] GC(1898) User=0.03s Sys=0.00s Real=0.01s
[566.985s][info][gc,start       ] GC(1899) Pause Young (Allocation Failure)
[567.013s][info][gc,heap        ] GC(1899) PSYoungGen: 125184K(222720K)->25504K(222720K) Eden: 111616K(111616K)->0K(111616K) From: 13568K(111104K)->25504K(111104K)
[567.013s][info][gc,heap        ] GC(1899) ParOldGen: 289261K(601088K)->289277K(601088K)
[567.013s][info][gc,metaspace   ] GC(1899) Metaspace: 19038K(19200K)->19038K(19200K) NonClass: 16375K(16448K)->16375K(16448K) Class: 2663K(2752K)->2663K(2752K)
[567.013s][info][gc             ] GC(1899) Pause Young (Allocation Failure) 404M->307M(804M) 28.163ms
[567.013s][info][gc,cpu         ] GC(1899) User=0.06s Sys=0.00s Real=0.03s
[567.080s][info][gc,start       ] GC(1900) Pause Young (Allocation Failure)
[567.127s][info][gc,heap        ] GC(1900) PSYoungGen: 137120K(222720K)->44992K(222720K) Eden: 111616K(111616K)->0K(111616K) From: 25504K(111104K)->44992K(111104K)
[567.127s][info][gc,heap        ] GC(1900) ParOldGen: 289277K(601088K)->289277K(601088K)
[567.127s][info][gc,metaspace   ] GC(1900) Metaspace: 19038K(19200K)->19038K(19200K) NonClass: 16375K(16448K)->16375K(16448K) Class: 2663K(2752K)->2663K(2752K)
[567.127s][info][gc             ] GC(1900) Pause Young (Allocation Failure) 416M->326M(804M) 46.343ms
[567.127s][info][gc,cpu         ] GC(1900) User=0.09s Sys=0.00s Real=0.05s
[567.211s][info][gc,start       ] GC(1901) Pause Young (Allocation Failure)
[567.268s][info][gc,heap        ] GC(1901) PSYoungGen: 156608K(222720K)->43712K(222720K) Eden: 111616K(111616K)->0K(111616K) From: 44992K(111104K)->43712K(111104K)
[567.268s][info][gc,heap        ] GC(1901) ParOldGen: 289277K(601088K)->302861K(601088K)
[567.268s][info][gc,metaspace   ] GC(1901) Metaspace: 19038K(19200K)->19038K(19200K) NonClass: 16375K(16448K)->16375K(16448K) Class: 2663K(2752K)->2663K(2752K)
[567.268s][info][gc             ] GC(1901) Pause Young (Allocation Failure) 435M->338M(804M) 57.070ms
[567.268s][info][gc,cpu         ] GC(1901) User=0.11s Sys=0.00s Real=0.05s
[567.341s][info][gc,start       ] GC(1902) Pause Young (Allocation Failure)
[567.403s][info][gc,heap        ] GC(1902) PSYoungGen: 155328K(222720K)->27584K(222720K) Eden: 111616K(111616K)->0K(111616K) From: 43712K(111104K)->27584K(111104K)
[567.403s][info][gc,heap        ] GC(1902) ParOldGen: 302861K(601088K)->334349K(601088K)
[567.403s][info][gc,metaspace   ] GC(1902) Metaspace: 19038K(19200K)->19038K(19200K) NonClass: 16375K(16448K)->16375K(16448K) Class: 2663K(2752K)->2663K(2752K)
[567.403s][info][gc             ] GC(1902) Pause Young (Allocation Failure) 447M->353M(804M) 61.377ms
[567.403s][info][gc,cpu         ] GC(1902) User=0.12s Sys=0.00s Real=0.06s
[567.477s][info][gc,start       ] GC(1903) Pause Young (Allocation Failure)
[567.521s][info][gc,heap        ] GC(1903) PSYoungGen: 139200K(222720K)->14336K(125952K) Eden: 111616K(111616K)->0K(111616K) From: 27584K(111104K)->14336K(14336K)
[567.521s][info][gc,heap        ] GC(1903) ParOldGen: 334349K(601088K)->361973K(601088K)
[567.521s][info][gc,metaspace   ] GC(1903) Metaspace: 19038K(19200K)->19038K(19200K) NonClass: 16375K(16448K)->16375K(16448K) Class: 2663K(2752K)->2663K(2752K)
[567.521s][info][gc             ] GC(1903) Pause Young (Allocation Failure) 462M->367M(710M) 44.454ms
[567.521s][info][gc,cpu         ] GC(1903) User=0.08s Sys=0.00s Real=0.05s
[567.627s][info][gc,start       ] GC(1904) Pause Young (Allocation Failure)
[567.659s][info][gc,heap        ] GC(1904) PSYoungGen: 125952K(125952K)->12160K(223232K) Eden: 111616K(111616K)->0K(115200K) From: 14336K(14336K)->12160K(108032K)
[567.659s][info][gc,heap        ] GC(1904) ParOldGen: 361973K(601088K)->376301K(601088K)
[567.659s][info][gc,metaspace   ] GC(1904) Metaspace: 19038K(19200K)->19038K(19200K) NonClass: 16375K(16448K)->16375K(16448K) Class: 2663K(2752K)->2663K(2752K)
[567.659s][info][gc             ] GC(1904) Pause Young (Allocation Failure) 476M->379M(805M) 32.368ms
[567.659s][info][gc,cpu         ] GC(1904) User=0.07s Sys=0.00s Real=0.03s
[567.740s][info][gc,start       ] GC(1905) Pause Young (Allocation Failure)
[567.770s][info][gc,heap        ] GC(1905) PSYoungGen: 127360K(223232K)->14080K(219648K) Eden: 115200K(115200K)->0K(115200K) From: 12160K(108032K)->14080K(104448K)
[567.770s][info][gc,heap        ] GC(1905) ParOldGen: 376301K(601088K)->388449K(601088K)
[567.770s][info][gc,metaspace   ] GC(1905) Metaspace: 19038K(19200K)->19038K(19200K) NonClass: 16375K(16448K)->16375K(16448K) Class: 2663K(2752K)->2663K(2752K)
[567.770s][info][gc             ] GC(1905) Pause Young (Allocation Failure) 491M->393M(801M) 30.264ms
[567.770s][info][gc,cpu         ] GC(1905) User=0.06s Sys=0.01s Real=0.03s
[567.869s][info][gc,start       ] GC(1906) Pause Young (Allocation Failure)
[567.890s][info][gc,heap        ] GC(1906) PSYoungGen: 129280K(219648K)->3456K(223744K) Eden: 115200K(115200K)->0K(123904K) From: 14080K(104448K)->3456K(99840K)
[567.890s][info][gc,heap        ] GC(1906) ParOldGen: 388449K(601088K)->402529K(601088K)
[567.890s][info][gc,metaspace   ] GC(1906) Metaspace: 19038K(19200K)->19038K(19200K) NonClass: 16375K(16448K)->16375K(16448K) Class: 2663K(2752K)->2663K(2752K)
[567.890s][info][gc             ] GC(1906) Pause Young (Allocation Failure) 505M->396M(805M) 20.331ms
[567.890s][info][gc,cpu         ] GC(1906) User=0.04s Sys=0.00s Real=0.02s
[568.045s][info][gc,start       ] GC(1907) Pause Young (Allocation Failure)
[568.056s][info][gc,heap        ] GC(1907) PSYoungGen: 127360K(223744K)->192K(221184K) Eden: 123904K(123904K)->0K(123904K) From: 3456K(99840K)->192K(97280K)
[568.056s][info][gc,heap        ] GC(1907) ParOldGen: 402529K(601088K)->405929K(601088K)
[568.056s][info][gc,metaspace   ] GC(1907) Metaspace: 19038K(19200K)->19038K(19200K) NonClass: 16375K(16448K)->16375K(16448K) Class: 2663K(2752K)->2663K(2752K)
[568.056s][info][gc             ] GC(1907) Pause Young (Allocation Failure) 517M->396M(803M) 11.774ms
[568.057s][info][gc,cpu         ] GC(1907) User=0.02s Sys=0.00s Real=0.01s
[568.185s][info][gc,start       ] GC(1908) Pause Young (Allocation Failure)
[568.195s][info][gc,heap        ] GC(1908) PSYoungGen: 124096K(221184K)->1408K(222720K) Eden: 123904K(123904K)->0K(135168K) From: 192K(97280K)->1408K(87552K)
[568.195s][info][gc,heap        ] GC(1908) ParOldGen: 405929K(601088K)->406057K(601088K)
[568.195s][info][gc,metaspace   ] GC(1908) Metaspace: 19038K(19200K)->19038K(19200K) NonClass: 16375K(16448K)->16375K(16448K) Class: 2663K(2752K)->2663K(2752K)
[568.195s][info][gc             ] GC(1908) Pause Young (Allocation Failure) 517M->397M(804M) 9.900ms
[568.195s][info][gc,cpu         ] GC(1908) User=0.02s Sys=0.00s Real=0.01s
[568.342s][info][gc,start       ] GC(1909) Pause Young (Allocation Failure)
[568.350s][info][gc,heap        ] GC(1909) PSYoungGen: 136576K(222720K)->4672K(226816K) Eden: 135168K(135168K)->0K(135168K) From: 1408K(87552K)->4672K(91648K)
[568.350s][info][gc,heap        ] GC(1909) ParOldGen: 406057K(601088K)->406057K(601088K)
[568.350s][info][gc,metaspace   ] GC(1909) Metaspace: 19038K(19200K)->19038K(19200K) NonClass: 16375K(16448K)->16375K(16448K) Class: 2663K(2752K)->2663K(2752K)
[568.350s][info][gc             ] GC(1909) Pause Young (Allocation Failure) 529M->401M(808M) 8.529ms
[568.350s][info][gc,cpu         ] GC(1909) User=0.01s Sys=0.00s Real=0.00s
[568.512s][info][gc,start       ] GC(1910) Pause Young (Allocation Failure)
[568.520s][info][gc,heap        ] GC(1910) PSYoungGen: 139840K(226816K)->4704K(223744K) Eden: 135168K(135168K)->0K(144896K) From: 4672K(91648K)->4704K(78848K)
[568.520s][info][gc,heap        ] GC(1910) ParOldGen: 406057K(601088K)->406057K(601088K)
[568.520s][info][gc,metaspace   ] GC(1910) Metaspace: 19038K(19200K)->19038K(19200K) NonClass: 16375K(16448K)->16375K(16448K) Class: 2663K(2752K)->2663K(2752K)
[568.520s][info][gc             ] GC(1910) Pause Young (Allocation Failure) 533M->401M(805M) 8.230ms
[568.520s][info][gc,cpu         ] GC(1910) User=0.02s Sys=0.00s Real=0.00s
[568.761s][info][gc,start       ] GC(1911) Pause Young (Allocation Failure)
[568.789s][info][gc,heap        ] GC(1911) PSYoungGen: 149600K(223744K)->25952K(228864K) Eden: 144896K(144896K)->0K(144896K) From: 4704K(78848K)->25952K(83968K)
[568.789s][info][gc,heap        ] GC(1911) ParOldGen: 406057K(601088K)->406057K(601088K)
[568.789s][info][gc,metaspace   ] GC(1911) Metaspace: 19038K(19200K)->19038K(19200K) NonClass: 16375K(16448K)->16375K(16448K) Class: 2663K(2752K)->2663K(2752K)
[568.789s][info][gc             ] GC(1911) Pause Young (Allocation Failure) 542M->421M(810M) 28.027ms
[568.789s][info][gc,cpu         ] GC(1911) User=0.05s Sys=0.00s Real=0.02s
[568.977s][info][gc,start       ] GC(1912) Pause Young (Allocation Failure)
[569.044s][info][gc,heap        ] GC(1912) PSYoungGen: 170848K(228864K)->78208K(219136K) Eden: 144896K(144896K)->0K(139264K) From: 25952K(83968K)->78208K(79872K)
[569.044s][info][gc,heap        ] GC(1912) ParOldGen: 406057K(601088K)->406057K(601088K)
[569.044s][info][gc,metaspace   ] GC(1912) Metaspace: 19038K(19200K)->19038K(19200K) NonClass: 16375K(16448K)->16375K(16448K) Class: 2663K(2752K)->2663K(2752K)
[569.044s][info][gc             ] GC(1912) Pause Young (Allocation Failure) 563M->472M(801M) 67.087ms
[569.044s][info][gc,cpu         ] GC(1912) User=0.13s Sys=0.00s Real=0.07s
[569.148s][info][gc,start       ] GC(1913) Pause Young (Allocation Failure)
[569.233s][info][gc,heap        ] GC(1913) PSYoungGen: 217472K(219136K)->95736K(235008K) Eden: 139264K(139264K)->0K(139264K) From: 78208K(79872K)->95736K(95744K)
[569.233s][info][gc,heap        ] GC(1913) ParOldGen: 406057K(601088K)->416593K(601088K)
[569.233s][info][gc,metaspace   ] GC(1913) Metaspace: 19038K(19200K)->19038K(19200K) NonClass: 16375K(16448K)->16375K(16448K) Class: 2663K(2752K)->2663K(2752K)
[569.233s][info][gc             ] GC(1913) Pause Young (Allocation Failure) 608M->500M(816M) 85.122ms
[569.233s][info][gc,cpu         ] GC(1913) User=0.17s Sys=0.00s Real=0.09s
[569.405s][info][gc,start       ] GC(1914) Pause Young (Allocation Failure)
[569.490s][info][gc,heap        ] GC(1914) PSYoungGen: 235000K(235008K)->92112K(210432K) Eden: 139264K(139264K)->0K(111616K) From: 95736K(95744K)->92112K(98816K)
[569.491s][info][gc,heap        ] GC(1914) ParOldGen: 416593K(601088K)->421239K(601088K)
[569.491s][info][gc,metaspace   ] GC(1914) Metaspace: 19038K(19200K)->19038K(19200K) NonClass: 16375K(16448K)->16375K(16448K) Class: 2663K(2752K)->2663K(2752K)
[569.491s][info][gc             ] GC(1914) Pause Young (Allocation Failure) 636M->501M(792M) 85.495ms
[569.491s][info][gc,cpu         ] GC(1914) User=0.16s Sys=0.01s Real=0.09s
[569.628s][info][gc,start       ] GC(1915) Pause Young (Allocation Failure)
[569.703s][info][gc,heap        ] GC(1915) PSYoungGen: 203728K(210432K)->71040K(222720K) Eden: 111616K(111616K)->0K(111616K) From: 92112K(98816K)->71040K(111104K)
[569.703s][info][gc,heap        ] GC(1915) ParOldGen: 421239K(601088K)->442551K(601088K)
[569.703s][info][gc,metaspace   ] GC(1915) Metaspace: 19038K(19200K)->19038K(19200K) NonClass: 16375K(16448K)->16375K(16448K) Class: 2663K(2752K)->2663K(2752K)
[569.703s][info][gc             ] GC(1915) Pause Young (Allocation Failure) 610M->501M(804M) 74.510ms
[569.703s][info][gc,cpu         ] GC(1915) User=0.15s Sys=0.00s Real=0.08s
[569.898s][info][gc,start       ] GC(1916) Pause Young (Allocation Failure)
[569.957s][info][gc,heap        ] GC(1916) PSYoungGen: 182656K(222720K)->1536K(222720K) Eden: 111616K(111616K)->0K(111616K) From: 71040K(111104K)->1536K(111104K)
[569.957s][info][gc,heap        ] GC(1916) ParOldGen: 442551K(601088K)->512946K(601088K)
[569.957s][info][gc,metaspace   ] GC(1916) Metaspace: 19038K(19200K)->19038K(19200K) NonClass: 16375K(16448K)->16375K(16448K) Class: 2663K(2752K)->2663K(2752K)
[569.957s][info][gc             ] GC(1916) Pause Young (Allocation Failure) 610M->502M(804M) 58.296ms
[569.957s][info][gc,cpu         ] GC(1916) User=0.12s Sys=0.00s Real=0.06s
[570.168s][info][gc,start       ] GC(1917) Pause Young (Allocation Failure)
[570.174s][info][gc,heap        ] GC(1917) PSYoungGen: 113152K(222720K)->832K(222720K) Eden: 111616K(111616K)->0K(111616K) From: 1536K(111104K)->832K(111104K)
[570.174s][info][gc,heap        ] GC(1917) ParOldGen: 512946K(601088K)->514090K(601088K)
[570.174s][info][gc,metaspace   ] GC(1917) Metaspace: 19038K(19200K)->19038K(19200K) NonClass: 16375K(16448K)->16375K(16448K) Class: 2663K(2752K)->2663K(2752K)
[570.174s][info][gc             ] GC(1917) Pause Young (Allocation Failure) 611M->502M(804M) 6.006ms
[570.174s][info][gc,cpu         ] GC(1917) User=0.01s Sys=0.00s Real=0.01s
[570.277s][info][gc,start       ] GC(1918) Pause Young (Allocation Failure)
[570.283s][info][gc,heap        ] GC(1918) PSYoungGen: 112448K(222720K)->1184K(222720K) Eden: 111616K(111616K)->0K(111616K) From: 832K(111104K)->1184K(111104K)
[570.283s][info][gc,heap        ] GC(1918) ParOldGen: 514090K(601088K)->514874K(601088K)
[570.283s][info][gc,metaspace   ] GC(1918) Metaspace: 19039K(19200K)->19039K(19200K) NonClass: 16376K(16448K)->16376K(16448K) Class: 2663K(2752K)->2663K(2752K)
[570.283s][info][gc             ] GC(1918) Pause Young (Allocation Failure) 611M->503M(804M) 6.090ms
[570.283s][info][gc,cpu         ] GC(1918) User=0.01s Sys=0.00s Real=0.01s
[570.368s][info][gc,start       ] GC(1919) Pause Young (Allocation Failure)
[570.374s][info][gc,heap        ] GC(1919) PSYoungGen: 112800K(222720K)->896K(222720K) Eden: 111616K(111616K)->0K(111616K) From: 1184K(111104K)->896K(111104K)
[570.374s][info][gc,heap        ] GC(1919) ParOldGen: 514874K(601088K)->516042K(601088K)
[570.374s][info][gc,metaspace   ] GC(1919) Metaspace: 19039K(19200K)->19039K(19200K) NonClass: 16376K(16448K)->16376K(16448K) Class: 2663K(2752K)->2663K(2752K)
[570.374s][info][gc             ] GC(1919) Pause Young (Allocation Failure) 612M->504M(804M) 5.914ms
[570.374s][info][gc,cpu         ] GC(1919) User=0.01s Sys=0.00s Real=0.01s
[570.580s][info][gc,start       ] GC(1920) Pause Young (Allocation Failure)
[570.612s][info][gc,heap        ] GC(1920) PSYoungGen: 112512K(222720K)->14890K(222720K) Eden: 111616K(111616K)->0K(111616K) From: 896K(111104K)->14890K(111104K)
[570.612s][info][gc,heap        ] GC(1920) ParOldGen: 516042K(601088K)->516914K(601088K)
[570.612s][info][gc,metaspace   ] GC(1920) Metaspace: 19039K(19200K)->19039K(19200K) NonClass: 16376K(16448K)->16376K(16448K) Class: 2663K(2752K)->2663K(2752K)
[570.612s][info][gc             ] GC(1920) Pause Young (Allocation Failure) 613M->519M(804M) 32.517ms
[570.612s][info][gc,cpu         ] GC(1920) User=0.07s Sys=0.00s Real=0.04s
[570.841s][info][gc,start       ] GC(1921) Pause Young (Allocation Failure)
[570.880s][info][gc,heap        ] GC(1921) PSYoungGen: 126506K(222720K)->11808K(123904K) Eden: 111616K(111616K)->0K(111616K) From: 14890K(111104K)->11808K(12288K)
[570.880s][info][gc,heap        ] GC(1921) ParOldGen: 516914K(601088K)->531796K(601088K)
[570.880s][info][gc,metaspace   ] GC(1921) Metaspace: 19039K(19200K)->19039K(19200K) NonClass: 16376K(16448K)->16376K(16448K) Class: 2663K(2752K)->2663K(2752K)
[570.880s][info][gc             ] GC(1921) Pause Young (Allocation Failure) 628M->530M(708M) 39.186ms
[570.880s][info][gc,cpu         ] GC(1921) User=0.08s Sys=0.00s Real=0.03s
[571.017s][info][gc,start       ] GC(1922) Pause Young (Allocation Failure)
[571.050s][info][gc,heap        ] GC(1922) PSYoungGen: 123424K(123904K)->30912K(223232K) Eden: 111616K(111616K)->0K(117760K) From: 11808K(12288K)->30912K(105472K)
[571.050s][info][gc,heap        ] GC(1922) ParOldGen: 531796K(601088K)->531796K(601088K)
[571.050s][info][gc,metaspace   ] GC(1922) Metaspace: 19039K(19200K)->19039K(19200K) NonClass: 16376K(16448K)->16376K(16448K) Class: 2663K(2752K)->2663K(2752K)
[571.050s][info][gc             ] GC(1922) Pause Young (Allocation Failure) 639M->549M(805M) 32.933ms
[571.050s][info][gc,cpu         ] GC(1922) User=0.07s Sys=0.00s Real=0.03s
[571.169s][info][gc,start       ] GC(1923) Pause Young (Allocation Failure)
[571.206s][info][gc,heap        ] GC(1923) PSYoungGen: 148672K(223232K)->35904K(219648K) Eden: 117760K(117760K)->0K(117760K) From: 30912K(105472K)->35904K(101888K)
[571.206s][info][gc,heap        ] GC(1923) ParOldGen: 531796K(601088K)->531796K(601088K)
[571.206s][info][gc,metaspace   ] GC(1923) Metaspace: 19039K(19200K)->19039K(19200K) NonClass: 16376K(16448K)->16376K(16448K) Class: 2663K(2752K)->2663K(2752K)
[571.206s][info][gc             ] GC(1923) Pause Young (Allocation Failure) 664M->554M(801M) 36.692ms
[571.206s][info][gc,cpu         ] GC(1923) User=0.07s Sys=0.00s Real=0.04s
[571.349s][info][gc,start       ] GC(1924) Pause Young (Allocation Failure)
[571.388s][info][gc,heap        ] GC(1924) PSYoungGen: 153664K(219648K)->38400K(223232K) Eden: 117760K(117760K)->0K(128512K) From: 35904K(101888K)->38400K(94720K)
[571.388s][info][gc,heap        ] GC(1924) ParOldGen: 531796K(601088K)->531796K(601088K)
[571.388s][info][gc,metaspace   ] GC(1924) Metaspace: 19039K(19200K)->19039K(19200K) NonClass: 16376K(16448K)->16376K(16448K) Class: 2663K(2752K)->2663K(2752K)
[571.388s][info][gc             ] GC(1924) Pause Young (Allocation Failure) 669M->556M(805M) 39.224ms
[571.388s][info][gc,cpu         ] GC(1924) User=0.07s Sys=0.00s Real=0.04s
[571.561s][info][gc,start       ] GC(1925) Pause Young (Allocation Failure)
[571.602s][info][gc,heap        ] GC(1925) PSYoungGen: 166912K(223232K)->41088K(223744K) Eden: 128512K(128512K)->0K(128512K) From: 38400K(94720K)->41088K(95232K)
[571.602s][info][gc,heap        ] GC(1925) ParOldGen: 531796K(601088K)->531796K(601088K)
[571.602s][info][gc,metaspace   ] GC(1925) Metaspace: 19039K(19200K)->19039K(19200K) NonClass: 16376K(16448K)->16376K(16448K) Class: 2663K(2752K)->2663K(2752K)
[571.602s][info][gc             ] GC(1925) Pause Young (Allocation Failure) 682M->559M(805M) 41.249ms
[571.602s][info][gc,cpu         ] GC(1925) User=0.08s Sys=0.00s Real=0.04s
[571.682s][info][gc,start       ] GC(1926) Pause Young (Allocation Failure)
[571.735s][info][gc,heap        ] GC(1926) PSYoungGen: 169600K(223744K)->41056K(232960K) Eden: 128512K(128512K)->0K(142336K) From: 41088K(95232K)->41056K(90624K)
[571.735s][info][gc,heap        ] GC(1926) ParOldGen: 531796K(601088K)->531796K(601088K)
[571.735s][info][gc,metaspace   ] GC(1926) Metaspace: 19039K(19200K)->19039K(19200K) NonClass: 16376K(16448K)->16376K(16448K) Class: 2663K(2752K)->2663K(2752K)
[571.735s][info][gc             ] GC(1926) Pause Young (Allocation Failure) 684M->559M(814M) 53.402ms
[571.735s][info][gc,cpu         ] GC(1926) User=0.10s Sys=0.00s Real=0.05s
[571.869s][info][gc,start       ] GC(1927) Pause Young (Allocation Failure)
[571.915s][info][gc,heap        ] GC(1927) PSYoungGen: 183392K(232960K)->33952K(233472K) Eden: 142336K(142336K)->0K(142336K) From: 41056K(90624K)->33952K(91136K)
[571.915s][info][gc,heap        ] GC(1927) ParOldGen: 531796K(601088K)->543604K(601088K)
[571.915s][info][gc,metaspace   ] GC(1927) Metaspace: 19039K(19200K)->19039K(19200K) NonClass: 16376K(16448K)->16376K(16448K) Class: 2663K(2752K)->2663K(2752K)
[571.915s][info][gc             ] GC(1927) Pause Young (Allocation Failure) 698M->564M(815M) 45.838ms
[571.915s][info][gc,cpu         ] GC(1927) User=0.09s Sys=0.00s Real=0.05s
[572.114s][info][gc,start       ] GC(1928) Pause Young (Allocation Failure)
[572.153s][info][gc,heap        ] GC(1928) PSYoungGen: 176288K(233472K)->17696K(239104K) Eden: 142336K(142336K)->0K(155648K) From: 33952K(91136K)->17696K(83456K)
[572.153s][info][gc,heap        ] GC(1928) ParOldGen: 543604K(601088K)->562764K(601088K)
[572.153s][info][gc,metaspace   ] GC(1928) Metaspace: 19039K(19200K)->19039K(19200K) NonClass: 16376K(16448K)->16376K(16448K) Class: 2663K(2752K)->2663K(2752K)
[572.153s][info][gc             ] GC(1928) Pause Young (Allocation Failure) 703M->566M(820M) 38.324ms
[572.153s][info][gc,cpu         ] GC(1928) User=0.07s Sys=0.00s Real=0.04s
[572.631s][info][gc,start       ] GC(1929) Pause Young (Allocation Failure)
[572.652s][info][gc,heap        ] GC(1929) PSYoungGen: 173344K(239104K)->13024K(238592K) Eden: 155648K(155648K)->0K(155648K) From: 17696K(83456K)->13024K(82944K)
[572.652s][info][gc,heap        ] GC(1929) ParOldGen: 562764K(601088K)->567644K(601088K)
[572.652s][info][gc,metaspace   ] GC(1929) Metaspace: 19042K(19200K)->19042K(19200K) NonClass: 16379K(16448K)->16379K(16448K) Class: 2663K(2752K)->2663K(2752K)
[572.652s][info][gc             ] GC(1929) Pause Young (Allocation Failure) 718M->567M(820M) 21.352ms
[572.652s][info][gc,cpu         ] GC(1929) User=0.04s Sys=0.00s Real=0.02s
[572.866s][info][gc,start       ] GC(1930) Pause Young (Allocation Failure)
[572.903s][info][gc,heap        ] GC(1930) PSYoungGen: 168672K(238592K)->34296K(246784K) Eden: 155648K(155648K)->0K(169472K) From: 13024K(82944K)->34296K(77312K)
[572.903s][info][gc,heap        ] GC(1930) ParOldGen: 567644K(601088K)->567644K(601088K)
[572.903s][info][gc,metaspace   ] GC(1930) Metaspace: 19042K(19200K)->19042K(19200K) NonClass: 16379K(16448K)->16379K(16448K) Class: 2663K(2752K)->2663K(2752K)
[572.903s][info][gc             ] GC(1930) Pause Young (Allocation Failure) 719M->587M(828M) 36.553ms
[572.903s][info][gc,cpu         ] GC(1930) User=0.07s Sys=0.00s Real=0.04s
[573.217s][info][gc,start       ] GC(1931) Pause Young (Allocation Failure)
[573.258s][info][gc,heap        ] GC(1931) PSYoungGen: 203768K(246784K)->34312K(247296K) Eden: 169472K(169472K)->0K(169472K) From: 34296K(77312K)->34312K(77824K)
[573.258s][info][gc,heap        ] GC(1931) ParOldGen: 567644K(601088K)->567644K(601088K)
[573.258s][info][gc,metaspace   ] GC(1931) Metaspace: 19042K(19200K)->19042K(19200K) NonClass: 16379K(16448K)->16379K(16448K) Class: 2663K(2752K)->2663K(2752K)
[573.258s][info][gc             ] GC(1931) Pause Young (Allocation Failure) 753M->587M(828M) 40.976ms
[573.258s][info][gc,cpu         ] GC(1931) User=0.08s Sys=0.00s Real=0.04s
[574.428s][info][gc,start       ] GC(1932) Pause Young (Allocation Failure)
[574.465s][info][gc,heap        ] GC(1932) PSYoungGen: 203784K(247296K)->34749K(253952K) Eden: 169472K(169472K)->0K(180736K) From: 34312K(77824K)->34749K(73216K)
[574.465s][info][gc,heap        ] GC(1932) ParOldGen: 567644K(601088K)->567644K(601088K)
[574.465s][info][gc,metaspace   ] GC(1932) Metaspace: 19042K(19200K)->19042K(19200K) NonClass: 16379K(16448K)->16379K(16448K) Class: 2663K(2752K)->2663K(2752K)
[574.465s][info][gc             ] GC(1932) Pause Young (Allocation Failure) 753M->588M(835M) 36.771ms
[574.465s][info][gc,cpu         ] GC(1932) User=0.08s Sys=0.00s Real=0.04s
[575.229s][info][gc,start       ] GC(1933) Pause Young (Allocation Failure)
[575.272s][info][gc,heap        ] GC(1933) PSYoungGen: 215485K(253952K)->49939K(253440K) Eden: 180736K(180736K)->0K(180736K) From: 34749K(73216K)->49939K(72704K)
[575.272s][info][gc,heap        ] GC(1933) ParOldGen: 567644K(601088K)->567644K(601088K)
[575.272s][info][gc,metaspace   ] GC(1933) Metaspace: 19043K(19200K)->19043K(19200K) NonClass: 16380K(16448K)->16380K(16448K) Class: 2663K(2752K)->2663K(2752K)
[575.272s][info][gc             ] GC(1933) Pause Young (Allocation Failure) 764M->603M(834M) 43.126ms
[575.272s][info][gc,cpu         ] GC(1933) User=0.09s Sys=0.00s Real=0.05s
[575.930s][info][gc,start       ] GC(1934) Pause Young (Allocation Failure)
[575.972s][info][gc,heap        ] GC(1934) PSYoungGen: 230618K(253440K)->36720K(258560K) Eden: 180679K(180736K)->0K(184832K) From: 49939K(72704K)->36720K(73728K)
[575.972s][info][gc,heap        ] GC(1934) ParOldGen: 567644K(601088K)->567652K(601088K)
[575.972s][info][gc,metaspace   ] GC(1934) Metaspace: 19045K(19200K)->19045K(19200K) NonClass: 16382K(16448K)->16382K(16448K) Class: 2663K(2752K)->2663K(2752K)
[575.972s][info][gc             ] GC(1934) Pause Young (Allocation Failure) 779M->590M(839M) 41.969ms
[575.972s][info][gc,cpu         ] GC(1934) User=0.08s Sys=0.00s Real=0.05s
[576.378s][info][gc,start       ] GC(1935) Pause Young (Allocation Failure)
[576.417s][info][gc,heap        ] GC(1935) PSYoungGen: 221517K(258560K)->36918K(222208K) Eden: 184796K(184832K)->0K(184832K) From: 36720K(73728K)->36918K(37376K)
[576.417s][info][gc,heap        ] GC(1935) ParOldGen: 567652K(601088K)->567652K(601088K)
[576.417s][info][gc,metaspace   ] GC(1935) Metaspace: 19047K(19200K)->19047K(19200K) NonClass: 16384K(16448K)->16384K(16448K) Class: 2663K(2752K)->2663K(2752K)
[576.417s][info][gc             ] GC(1935) Pause Young (Allocation Failure) 770M->590M(804M) 38.577ms
[576.417s][info][gc,cpu         ] GC(1935) User=0.07s Sys=0.00s Real=0.04s
[576.592s][info][gc,start       ] GC(1936) Pause Young (Allocation Failure)
[576.682s][info][gc,heap        ] GC(1936) PSYoungGen: 221750K(222208K)->70637K(227328K) Eden: 184832K(184832K)->0K(156672K) From: 36918K(37376K)->70637K(70656K)
[576.682s][info][gc,heap        ] GC(1936) ParOldGen: 567652K(601088K)->588196K(601088K)
[576.682s][info][gc,metaspace   ] GC(1936) Metaspace: 19052K(19264K)->19052K(19264K) NonClass: 16389K(16512K)->16389K(16512K) Class: 2663K(2752K)->2663K(2752K)
[576.682s][info][gc             ] GC(1936) Pause Young (Allocation Failure) 770M->643M(809M) 90.267ms
[576.682s][info][gc,cpu         ] GC(1936) User=0.17s Sys=0.00s Real=0.09s
[576.787s][info][gc,start       ] GC(1937) Pause Young (Allocation Failure)
[576.918s][info][gc,heap        ] GC(1937) PSYoungGen: 227309K(227328K)->88557K(245248K) Eden: 156672K(156672K)->0K(156672K) From: 70637K(70656K)->88557K(88576K)
[576.918s][info][gc,heap        ] GC(1937) ParOldGen: 588196K(601088K)->628585K(628736K)
[576.918s][info][gc,metaspace   ] GC(1937) Metaspace: 19052K(19264K)->19052K(19264K) NonClass: 16389K(16512K)->16389K(16512K) Class: 2663K(2752K)->2663K(2752K)
[576.918s][info][gc             ] GC(1937) Pause Young (Allocation Failure) 796M->700M(853M) 130.999ms
[576.918s][info][gc,cpu         ] GC(1937) User=0.23s Sys=0.03s Real=0.13s
[577.127s][info][gc,start       ] GC(1938) Pause Full (Allocation Failure)
[577.127s][info][gc,phases,start] GC(1938) Marking Phase
[577.265s][info][gc,phases      ] GC(1938) Marking Phase 137.901ms
[577.265s][info][gc,phases,start] GC(1938) Summary Phase
[577.265s][info][gc,phases      ] GC(1938) Summary Phase 0.027ms
[577.265s][info][gc,phases,start] GC(1938) Forward
[577.315s][info][gc,phases      ] GC(1938) Forward 50.322ms
[577.315s][info][gc,phases,start] GC(1938) Adjust Pointers
[577.405s][info][gc,phases      ] GC(1938) Adjust Pointers 89.461ms
[577.405s][info][gc,phases,start] GC(1938) Compaction Phase
[577.460s][info][gc,phases      ] GC(1938) Compaction Phase 55.712ms
[577.462s][info][gc,phases,start] GC(1938) Post Compact
[577.465s][info][gc,phases      ] GC(1938) Post Compact 2.470ms
[577.473s][info][gc,heap        ] GC(1938) PSYoungGen: 245229K(245248K)->0K(200192K) Eden: 156672K(156672K)->0K(111616K) From: 88557K(88576K)->0K(88576K)
[577.473s][info][gc,heap        ] GC(1938) ParOldGen: 628585K(628736K)->209724K(527360K)
[577.473s][info][gc,metaspace   ] GC(1938) Metaspace: 19052K(19264K)->19052K(19264K) NonClass: 16389K(16512K)->16389K(16512K) Class: 2663K(2752K)->2663K(2752K)
[577.473s][info][gc             ] GC(1938) Pause Full (Allocation Failure) 853M->204M(710M) 346.048ms
[577.473s][info][gc,cpu         ] GC(1938) User=0.61s Sys=0.01s Real=0.35s
[577.584s][info][gc,start       ] GC(1939) Pause Young (Allocation Failure)
[577.604s][info][gc,heap        ] GC(1939) PSYoungGen: 111616K(200192K)->7936K(222720K) Eden: 111616K(111616K)->0K(111616K) From: 0K(88576K)->7936K(111104K)
[577.604s][info][gc,heap        ] GC(1939) ParOldGen: 209724K(527360K)->209724K(527360K)
[577.604s][info][gc,metaspace   ] GC(1939) Metaspace: 19052K(19264K)->19052K(19264K) NonClass: 16389K(16512K)->16389K(16512K) Class: 2663K(2752K)->2663K(2752K)
[577.604s][info][gc             ] GC(1939) Pause Young (Allocation Failure) 313M->212M(732M) 20.055ms
[577.604s][info][gc,cpu         ] GC(1939) User=0.04s Sys=0.00s Real=0.02s
[577.755s][info][gc,start       ] GC(1940) Pause Young (Allocation Failure)
[577.792s][info][gc,heap        ] GC(1940) PSYoungGen: 119552K(222720K)->20987K(222720K) Eden: 111616K(111616K)->0K(111616K) From: 7936K(111104K)->20987K(111104K)
[577.792s][info][gc,heap        ] GC(1940) ParOldGen: 209724K(527360K)->209732K(527360K)
[577.792s][info][gc,metaspace   ] GC(1940) Metaspace: 19061K(19264K)->19061K(19264K) NonClass: 16398K(16512K)->16398K(16512K) Class: 2663K(2752K)->2663K(2752K)
[577.792s][info][gc             ] GC(1940) Pause Young (Allocation Failure) 321M->225M(732M) 37.451ms
[577.792s][info][gc,cpu         ] GC(1940) User=0.07s Sys=0.00s Real=0.04s
[577.951s][info][gc,start       ] GC(1941) Pause Young (Allocation Failure)
[578.015s][info][gc,heap        ] GC(1941) PSYoungGen: 132603K(222720K)->41339K(153088K) Eden: 111616K(111616K)->0K(111616K) From: 20987K(111104K)->41339K(41472K)
[578.015s][info][gc,heap        ] GC(1941) ParOldGen: 209732K(527360K)->209732K(527360K)
[578.015s][info][gc,metaspace   ] GC(1941) Metaspace: 19061K(19264K)->19061K(19264K) NonClass: 16398K(16512K)->16398K(16512K) Class: 2663K(2752K)->2663K(2752K)
[578.015s][info][gc             ] GC(1941) Pause Young (Allocation Failure) 334M->245M(664M) 64.607ms
[578.015s][info][gc,cpu         ] GC(1941) User=0.13s Sys=0.00s Real=0.06s
[578.140s][info][gc,start       ] GC(1942) Pause Young (Allocation Failure)
[578.209s][info][gc,heap        ] GC(1942) PSYoungGen: 152955K(153088K)->46363K(222720K) Eden: 111616K(111616K)->0K(116224K) From: 41339K(41472K)->46363K(106496K)
[578.209s][info][gc,heap        ] GC(1942) ParOldGen: 209732K(527360K)->209732K(527360K)
[578.209s][info][gc,metaspace   ] GC(1942) Metaspace: 19061K(19264K)->19061K(19264K) NonClass: 16398K(16512K)->16398K(16512K) Class: 2663K(2752K)->2663K(2752K)
[578.209s][info][gc             ] GC(1942) Pause Young (Allocation Failure) 354M->250M(732M) 68.292ms
[578.209s][info][gc,cpu         ] GC(1942) User=0.13s Sys=0.00s Real=0.07s
[578.313s][info][gc,start       ] GC(1943) Pause Young (Allocation Failure)
[578.387s][info][gc,heap        ] GC(1943) PSYoungGen: 162587K(222720K)->52050K(218112K) Eden: 116224K(116224K)->0K(116224K) From: 46363K(106496K)->52050K(101888K)
[578.387s][info][gc,heap        ] GC(1943) ParOldGen: 209732K(527360K)->209732K(527360K)
[578.387s][info][gc,metaspace   ] GC(1943) Metaspace: 19061K(19264K)->19061K(19264K) NonClass: 16398K(16512K)->16398K(16512K) Class: 2663K(2752K)->2663K(2752K)
[578.387s][info][gc             ] GC(1943) Pause Young (Allocation Failure) 363M->255M(728M) 74.299ms
[578.387s][info][gc,cpu         ] GC(1943) User=0.15s Sys=0.00s Real=0.07s
[578.483s][info][gc,start       ] GC(1944) Pause Young (Allocation Failure)
[578.576s][info][gc,heap        ] GC(1944) PSYoungGen: 168274K(218112K)->72306K(219136K) Eden: 116224K(116224K)->0K(119808K) From: 52050K(101888K)->72306K(99328K)
[578.576s][info][gc,heap        ] GC(1944) ParOldGen: 209732K(527360K)->209732K(527360K)
[578.576s][info][gc,metaspace   ] GC(1944) Metaspace: 19061K(19264K)->19061K(19264K) NonClass: 16398K(16512K)->16398K(16512K) Class: 2663K(2752K)->2663K(2752K)
[578.576s][info][gc             ] GC(1944) Pause Young (Allocation Failure) 369M->275M(729M) 92.507ms
[578.576s][info][gc,cpu         ] GC(1944) User=0.18s Sys=0.00s Real=0.09s
[578.643s][info][gc,start       ] GC(1945) Pause Young (Allocation Failure)
[578.760s][info][gc,heap        ] GC(1945) PSYoungGen: 192114K(219136K)->79184K(199168K) Eden: 119808K(119808K)->0K(119808K) From: 72306K(99328K)->79184K(79360K)
[578.761s][info][gc,heap        ] GC(1945) ParOldGen: 209732K(527360K)->229698K(527360K)
[578.761s][info][gc,metaspace   ] GC(1945) Metaspace: 19061K(19264K)->19061K(19264K) NonClass: 16398K(16512K)->16398K(16512K) Class: 2663K(2752K)->2663K(2752K)
[578.761s][info][gc             ] GC(1945) Pause Young (Allocation Failure) 392M->301M(709M) 117.545ms
[578.761s][info][gc,cpu         ] GC(1945) User=0.24s Sys=0.00s Real=0.12s
[578.867s][info][gc,start       ] GC(1946) Pause Young (Allocation Failure)
[578.958s][info][gc,heap        ] GC(1946) PSYoungGen: 198992K(199168K)->69139K(222720K) Eden: 119808K(119808K)->0K(111616K) From: 79184K(79360K)->69139K(111104K)
[578.958s][info][gc,heap        ] GC(1946) ParOldGen: 229698K(527360K)->256167K(527360K)
[578.958s][info][gc,metaspace   ] GC(1946) Metaspace: 19061K(19264K)->19061K(19264K) NonClass: 16398K(16512K)->16398K(16512K) Class: 2663K(2752K)->2663K(2752K)
[578.958s][info][gc             ] GC(1946) Pause Young (Allocation Failure) 418M->317M(732M) 90.486ms
[578.958s][info][gc,cpu         ] GC(1946) User=0.18s Sys=0.00s Real=0.09s
[579.049s][info][gc,start       ] GC(1947) Pause Young (Allocation Failure)
[579.120s][info][gc,heap        ] GC(1947) PSYoungGen: 180755K(222720K)->51763K(163840K) Eden: 111616K(111616K)->0K(111616K) From: 69139K(111104K)->51763K(52224K)
[579.120s][info][gc,heap        ] GC(1947) ParOldGen: 256167K(527360K)->282215K(527360K)
[579.120s][info][gc,metaspace   ] GC(1947) Metaspace: 19061K(19264K)->19061K(19264K) NonClass: 16398K(16512K)->16398K(16512K) Class: 2663K(2752K)->2663K(2752K)
[579.120s][info][gc             ] GC(1947) Pause Young (Allocation Failure) 426M->326M(675M) 70.891ms
[579.120s][info][gc,cpu         ] GC(1947) User=0.14s Sys=0.00s Real=0.07s
[579.201s][info][gc,start       ] GC(1948) Pause Young (Allocation Failure)
[579.249s][info][gc,heap        ] GC(1948) PSYoungGen: 163379K(163840K)->11328K(216576K) Eden: 111616K(111616K)->0K(110080K) From: 51763K(52224K)->11328K(106496K)
[579.249s][info][gc,heap        ] GC(1948) ParOldGen: 282215K(527360K)->325342K(527360K)
[579.249s][info][gc,metaspace   ] GC(1948) Metaspace: 19061K(19264K)->19061K(19264K) NonClass: 16398K(16512K)->16398K(16512K) Class: 2663K(2752K)->2663K(2752K)
[579.249s][info][gc             ] GC(1948) Pause Young (Allocation Failure) 435M->328M(726M) 48.652ms
[579.249s][info][gc,cpu         ] GC(1948) User=0.10s Sys=0.00s Real=0.04s
[579.331s][info][gc,start       ] GC(1949) Pause Young (Allocation Failure)
[579.349s][info][gc,heap        ] GC(1949) PSYoungGen: 121408K(216576K)->3168K(218112K) Eden: 110080K(110080K)->0K(110080K) From: 11328K(106496K)->3168K(108032K)
[579.349s][info][gc,heap        ] GC(1949) ParOldGen: 325342K(527360K)->336694K(527360K)
[579.349s][info][gc,metaspace   ] GC(1949) Metaspace: 19061K(19264K)->19061K(19264K) NonClass: 16398K(16512K)->16398K(16512K) Class: 2663K(2752K)->2663K(2752K)
[579.349s][info][gc             ] GC(1949) Pause Young (Allocation Failure) 436M->331M(728M) 17.299ms
[579.349s][info][gc,cpu         ] GC(1949) User=0.04s Sys=0.00s Real=0.01s
[579.414s][info][gc,start       ] GC(1950) Pause Young (Allocation Failure)
[579.423s][info][gc,heap        ] GC(1950) PSYoungGen: 113248K(218112K)->3840K(224768K) Eden: 110080K(110080K)->0K(115712K) From: 3168K(108032K)->3840K(109056K)
[579.423s][info][gc,heap        ] GC(1950) ParOldGen: 336694K(527360K)->339870K(527360K)
[579.423s][info][gc,metaspace   ] GC(1950) Metaspace: 19061K(19264K)->19061K(19264K) NonClass: 16398K(16512K)->16398K(16512K) Class: 2663K(2752K)->2663K(2752K)
[579.423s][info][gc             ] GC(1950) Pause Young (Allocation Failure) 439M->335M(734M) 8.819ms
[579.423s][info][gc,cpu         ] GC(1950) User=0.01s Sys=0.00s Real=0.01s
[579.784s][info][gc,start       ] GC(1951) Pause Young (Allocation Failure)
[579.790s][info][gc,heap        ] GC(1951) PSYoungGen: 119552K(224768K)->256K(224768K) Eden: 115712K(115712K)->0K(115712K) From: 3840K(109056K)->256K(109056K)
[579.790s][info][gc,heap        ] GC(1951) ParOldGen: 339870K(527360K)->343694K(527360K)
[579.790s][info][gc,metaspace   ] GC(1951) Metaspace: 19061K(19264K)->19061K(19264K) NonClass: 16398K(16512K)->16398K(16512K) Class: 2663K(2752K)->2663K(2752K)
[579.790s][info][gc             ] GC(1951) Pause Young (Allocation Failure) 448M->335M(734M) 6.433ms
[579.790s][info][gc,cpu         ] GC(1951) User=0.01s Sys=0.00s Real=0.00s
[580.004s][info][gc,start       ] GC(1952) Pause Young (Allocation Failure)
[580.034s][info][gc,heap        ] GC(1952) PSYoungGen: 115968K(224768K)->29280K(211456K) Eden: 115712K(115712K)->0K(115712K) From: 256K(109056K)->29280K(95744K)
[580.034s][info][gc,heap        ] GC(1952) ParOldGen: 343694K(527360K)->343914K(527360K)
[580.034s][info][gc,metaspace   ] GC(1952) Metaspace: 19061K(19264K)->19061K(19264K) NonClass: 16398K(16512K)->16398K(16512K) Class: 2663K(2752K)->2663K(2752K)
[580.034s][info][gc             ] GC(1952) Pause Young (Allocation Failure) 448M->364M(721M) 29.685ms
[580.034s][info][gc,cpu         ] GC(1952) User=0.05s Sys=0.00s Real=0.03s
[580.165s][info][gc,start       ] GC(1953) Pause Young (Allocation Failure)
[580.224s][info][gc,heap        ] GC(1953) PSYoungGen: 144992K(211456K)->37136K(218112K) Eden: 115712K(115712K)->0K(115712K) From: 29280K(95744K)->37136K(102400K)
[580.224s][info][gc,heap        ] GC(1953) ParOldGen: 343914K(527360K)->373258K(527360K)
[580.224s][info][gc,metaspace   ] GC(1953) Metaspace: 19061K(19264K)->19061K(19264K) NonClass: 16398K(16512K)->16398K(16512K) Class: 2663K(2752K)->2663K(2752K)
[580.224s][info][gc             ] GC(1953) Pause Young (Allocation Failure) 477M->400M(728M) 59.672ms
[580.225s][info][gc,cpu         ] GC(1953) User=0.12s Sys=0.00s Real=0.06s
[580.373s][info][gc,start       ] GC(1954) Pause Young (Allocation Failure)
[580.419s][info][gc,heap        ] GC(1954) PSYoungGen: 152848K(218112K)->14720K(220160K) Eden: 115712K(115712K)->0K(129536K) From: 37136K(102400K)->14720K(90624K)
[580.419s][info][gc,heap        ] GC(1954) ParOldGen: 373258K(527360K)->410634K(527360K)
[580.419s][info][gc,metaspace   ] GC(1954) Metaspace: 19061K(19264K)->19061K(19264K) NonClass: 16398K(16512K)->16398K(16512K) Class: 2663K(2752K)->2663K(2752K)
[580.419s][info][gc             ] GC(1954) Pause Young (Allocation Failure) 513M->415M(730M) 46.145ms
[580.419s][info][gc,cpu         ] GC(1954) User=0.09s Sys=0.00s Real=0.04s
[580.551s][info][gc,start       ] GC(1955) Pause Young (Allocation Failure)
[580.575s][info][gc,heap        ] GC(1955) PSYoungGen: 144256K(220160K)->832K(223232K) Eden: 129536K(129536K)->0K(129536K) From: 14720K(90624K)->832K(93696K)
[580.575s][info][gc,heap        ] GC(1955) ParOldGen: 410634K(527360K)->425360K(527360K)
[580.576s][info][gc,metaspace   ] GC(1955) Metaspace: 19061K(19264K)->19061K(19264K) NonClass: 16398K(16512K)->16398K(16512K) Class: 2663K(2752K)->2663K(2752K)
[580.576s][info][gc             ] GC(1955) Pause Young (Allocation Failure) 541M->416M(733M) 24.241ms
[580.576s][info][gc,cpu         ] GC(1955) User=0.04s Sys=0.00s Real=0.02s
[580.739s][info][gc,start       ] GC(1956) Pause Young (Allocation Failure)
[580.744s][info][gc,heap        ] GC(1956) PSYoungGen: 130368K(223232K)->1312K(230912K) Eden: 129536K(129536K)->0K(142336K) From: 832K(93696K)->1312K(88576K)
[580.744s][info][gc,heap        ] GC(1956) ParOldGen: 425360K(527360K)->426152K(527360K)
[580.744s][info][gc,metaspace   ] GC(1956) Metaspace: 19061K(19264K)->19061K(19264K) NonClass: 16398K(16512K)->16398K(16512K) Class: 2663K(2752K)->2663K(2752K)
[580.744s][info][gc             ] GC(1956) Pause Young (Allocation Failure) 542M->417M(740M) 4.956ms
[580.744s][info][gc,cpu         ] GC(1956) User=0.01s Sys=0.00s Real=0.01s
[581.016s][info][gc,start       ] GC(1957) Pause Young (Allocation Failure)
[581.021s][info][gc,heap        ] GC(1957) PSYoungGen: 143648K(230912K)->192K(233984K) Eden: 142336K(142336K)->0K(142336K) From: 1312K(88576K)->192K(91648K)
[581.021s][info][gc,heap        ] GC(1957) ParOldGen: 426152K(527360K)->427432K(527360K)
[581.021s][info][gc,metaspace   ] GC(1957) Metaspace: 19061K(19264K)->19061K(19264K) NonClass: 16398K(16512K)->16398K(16512K) Class: 2663K(2752K)->2663K(2752K)
[581.021s][info][gc             ] GC(1957) Pause Young (Allocation Failure) 556M->417M(743M) 4.906ms
[581.021s][info][gc,cpu         ] GC(1957) User=0.01s Sys=0.00s Real=0.01s
[581.201s][info][gc,start       ] GC(1958) Pause Young (Allocation Failure)
[581.253s][info][gc,heap        ] GC(1958) PSYoungGen: 142528K(233984K)->56019K(232960K) Eden: 142336K(142336K)->0K(143360K) From: 192K(91648K)->56019K(89600K)
[581.253s][info][gc,heap        ] GC(1958) ParOldGen: 427432K(527360K)->427432K(527360K)
[581.253s][info][gc,metaspace   ] GC(1958) Metaspace: 19061K(19264K)->19061K(19264K) NonClass: 16398K(16512K)->16398K(16512K) Class: 2663K(2752K)->2663K(2752K)
[581.253s][info][gc             ] GC(1958) Pause Young (Allocation Failure) 556M->472M(742M) 51.769ms
[581.253s][info][gc,cpu         ] GC(1958) User=0.11s Sys=0.00s Real=0.05s
[581.443s][info][gc,start       ] GC(1959) Pause Young (Allocation Failure)
[581.513s][info][gc,heap        ] GC(1959) PSYoungGen: 199379K(232960K)->76488K(220160K) Eden: 143360K(143360K)->0K(143360K) From: 56019K(89600K)->76488K(76800K)
[581.513s][info][gc,heap        ] GC(1959) ParOldGen: 427432K(527360K)->427432K(527360K)
[581.513s][info][gc,metaspace   ] GC(1959) Metaspace: 19061K(19264K)->19061K(19264K) NonClass: 16398K(16512K)->16398K(16512K) Class: 2663K(2752K)->2663K(2752K)
[581.513s][info][gc             ] GC(1959) Pause Young (Allocation Failure) 612M->492M(730M) 69.701ms
[581.513s][info][gc,cpu         ] GC(1959) User=0.14s Sys=0.00s Real=0.07s
[581.657s][info][gc,start       ] GC(1960) Pause Young (Allocation Failure)
[581.735s][info][gc,heap        ] GC(1960) PSYoungGen: 219848K(220160K)->86792K(218112K) Eden: 143360K(143360K)->0K(111616K) From: 76488K(76800K)->86792K(106496K)
[581.735s][info][gc,heap        ] GC(1960) ParOldGen: 427432K(527360K)->427584K(527360K)
[581.735s][info][gc,metaspace   ] GC(1960) Metaspace: 19061K(19264K)->19061K(19264K) NonClass: 16398K(16512K)->16398K(16512K) Class: 2663K(2752K)->2663K(2752K)
[581.735s][info][gc             ] GC(1960) Pause Young (Allocation Failure) 632M->502M(728M) 78.579ms
[581.735s][info][gc,cpu         ] GC(1960) User=0.16s Sys=0.00s Real=0.08s
[581.797s][info][gc,start       ] GC(1961) Pause Young (Allocation Failure)
[581.928s][info][gc,heap        ] GC(1961) PSYoungGen: 198408K(218112K)->69088K(222720K) Eden: 111616K(111616K)->0K(111616K) From: 86792K(106496K)->69088K(111104K)
[581.928s][info][gc,heap        ] GC(1961) ParOldGen: 427584K(527360K)->504204K(527360K)
[581.928s][info][gc,metaspace   ] GC(1961) Metaspace: 19061K(19264K)->19061K(19264K) NonClass: 16398K(16512K)->16398K(16512K) Class: 2663K(2752K)->2663K(2752K)
[581.928s][info][gc             ] GC(1961) Pause Young (Allocation Failure) 611M->559M(732M) 130.442ms
[581.928s][info][gc,cpu         ] GC(1961) User=0.26s Sys=0.00s Real=0.13s
[582.103s][info][gc,start       ] GC(1962) Pause Young (Allocation Failure)
[582.212s][info][gc,heap        ] GC(1962) PSYoungGen: 180704K(222720K)->23808K(222720K) Eden: 111616K(111616K)->0K(111616K) From: 69088K(111104K)->23808K(111104K)
[582.212s][info][gc,heap        ] GC(1962) ParOldGen: 504204K(527360K)->573500K(573952K)
[582.212s][info][gc,metaspace   ] GC(1962) Metaspace: 19061K(19264K)->19061K(19264K) NonClass: 16398K(16512K)->16398K(16512K) Class: 2663K(2752K)->2663K(2752K)
[582.212s][info][gc             ] GC(1962) Pause Young (Allocation Failure) 668M->583M(778M) 108.973ms
[582.212s][info][gc,cpu         ] GC(1962) User=0.19s Sys=0.02s Real=0.11s
[582.338s][info][gc,start       ] GC(1963) Pause Young (Allocation Failure)
[582.376s][info][gc,heap        ] GC(1963) PSYoungGen: 135424K(222720K)->6788K(222720K) Eden: 111616K(111616K)->0K(111616K) From: 23808K(111104K)->6788K(111104K)
[582.376s][info][gc,heap        ] GC(1963) ParOldGen: 573500K(573952K)->595335K(595456K)
[582.376s][info][gc,metaspace   ] GC(1963) Metaspace: 19061K(19264K)->19061K(19264K) NonClass: 16398K(16512K)->16398K(16512K) Class: 2663K(2752K)->2663K(2752K)
[582.376s][info][gc             ] GC(1963) Pause Young (Allocation Failure) 692M->588M(799M) 38.193ms
[582.376s][info][gc,cpu         ] GC(1963) User=0.06s Sys=0.01s Real=0.04s
[582.495s][info][gc,start       ] GC(1964) Pause Full (Allocation Failure)
[582.495s][info][gc,phases,start] GC(1964) Marking Phase
[582.577s][info][gc,phases      ] GC(1964) Marking Phase 82.320ms
[582.578s][info][gc,phases,start] GC(1964) Summary Phase
[582.578s][info][gc,phases      ] GC(1964) Summary Phase 0.025ms
[582.578s][info][gc,phases,start] GC(1964) Forward
[582.607s][info][gc,phases      ] GC(1964) Forward 29.756ms
[582.607s][info][gc,phases,start] GC(1964) Adjust Pointers
[582.666s][info][gc,phases      ] GC(1964) Adjust Pointers 58.177ms
[582.666s][info][gc,phases,start] GC(1964) Compaction Phase
[582.698s][info][gc,phases      ] GC(1964) Compaction Phase 32.273ms
[582.701s][info][gc,phases,start] GC(1964) Post Compact
[582.703s][info][gc,phases      ] GC(1964) Post Compact 2.065ms
[582.713s][info][gc,heap        ] GC(1964) PSYoungGen: 118404K(222720K)->0K(222720K) Eden: 111616K(111616K)->0K(111616K) From: 6788K(111104K)->0K(111104K)
[582.713s][info][gc,heap        ] GC(1964) ParOldGen: 595335K(595456K)->122276K(468992K)
[582.713s][info][gc,metaspace   ] GC(1964) Metaspace: 19061K(19264K)->19061K(19264K) NonClass: 16398K(16512K)->16398K(16512K) Class: 2663K(2752K)->2663K(2752K)
[582.713s][info][gc             ] GC(1964) Pause Full (Allocation Failure) 697M->119M(675M) 218.117ms
[582.713s][info][gc,cpu         ] GC(1964) User=0.36s Sys=0.01s Real=0.22s
[582.775s][info][gc,start       ] GC(1965) Pause Young (Allocation Failure)
[582.820s][info][gc,heap        ] GC(1965) PSYoungGen: 111616K(222720K)->56688K(222720K) Eden: 111616K(111616K)->0K(111616K) From: 0K(111104K)->56688K(111104K)
[582.821s][info][gc,heap        ] GC(1965) ParOldGen: 122276K(468992K)->122276K(468992K)
[582.821s][info][gc,metaspace   ] GC(1965) Metaspace: 19061K(19264K)->19061K(19264K) NonClass: 16398K(16512K)->16398K(16512K) Class: 2663K(2752K)->2663K(2752K)
[582.821s][info][gc             ] GC(1965) Pause Young (Allocation Failure) 228M->174M(675M) 45.933ms
[582.821s][info][gc,cpu         ] GC(1965) User=0.09s Sys=0.00s Real=0.05s
[582.860s][info][gc,start       ] GC(1966) Pause Young (Allocation Failure)
[582.936s][info][gc,heap        ] GC(1966) PSYoungGen: 168304K(222720K)->45200K(220672K) Eden: 111616K(111616K)->0K(111616K) From: 56688K(111104K)->45200K(109056K)
[582.936s][info][gc,heap        ] GC(1966) ParOldGen: 122276K(468992K)->179340K(468992K)
[582.936s][info][gc,metaspace   ] GC(1966) Metaspace: 19061K(19264K)->19061K(19264K) NonClass: 16398K(16512K)->16398K(16512K) Class: 2663K(2752K)->2663K(2752K)
[582.936s][info][gc             ] GC(1966) Pause Young (Allocation Failure) 283M->219M(673M) 76.172ms
[582.936s][info][gc,cpu         ] GC(1966) User=0.15s Sys=0.00s Real=0.08s
[582.978s][info][gc,start       ] GC(1967) Pause Young (Allocation Failure)
[583.044s][info][gc,heap        ] GC(1967) PSYoungGen: 156816K(220672K)->46208K(158208K) Eden: 111616K(111616K)->0K(111616K) From: 45200K(109056K)->46208K(46592K)
[583.044s][info][gc,heap        ] GC(1967) ParOldGen: 179340K(468992K)->225068K(468992K)
[583.044s][info][gc,metaspace   ] GC(1967) Metaspace: 19061K(19264K)->19061K(19264K) NonClass: 16398K(16512K)->16398K(16512K) Class: 2663K(2752K)->2663K(2752K)
[583.044s][info][gc             ] GC(1967) Pause Young (Allocation Failure) 328M->264M(612M) 66.146ms
[583.044s][info][gc,cpu         ] GC(1967) User=0.12s Sys=0.00s Real=0.07s
[583.181s][info][gc,start       ] GC(1968) Pause Young (Allocation Failure)
[583.228s][info][gc,heap        ] GC(1968) PSYoungGen: 157824K(158208K)->21056K(223232K) Eden: 111616K(111616K)->0K(117760K) From: 46208K(46592K)->21056K(105472K)
[583.228s][info][gc,heap        ] GC(1968) ParOldGen: 225068K(468992K)->271844K(468992K)
[583.228s][info][gc,metaspace   ] GC(1968) Metaspace: 19061K(19264K)->19061K(19264K) NonClass: 16398K(16512K)->16398K(16512K) Class: 2663K(2752K)->2663K(2752K)
[583.228s][info][gc             ] GC(1968) Pause Young (Allocation Failure) 373M->286M(676M) 47.071ms
[583.228s][info][gc,cpu         ] GC(1968) User=0.10s Sys=0.00s Real=0.04s
[583.286s][info][gc,start       ] GC(1969) Pause Young (Allocation Failure)
[583.313s][info][gc,heap        ] GC(1969) PSYoungGen: 138816K(223232K)->2912K(220160K) Eden: 117760K(117760K)->0K(117760K) From: 21056K(105472K)->2912K(102400K)
[583.313s][info][gc,heap        ] GC(1969) ParOldGen: 271844K(468992K)->293076K(468992K)
[583.313s][info][gc,metaspace   ] GC(1969) Metaspace: 19061K(19264K)->19061K(19264K) NonClass: 16398K(16512K)->16398K(16512K) Class: 2663K(2752K)->2663K(2752K)
[583.313s][info][gc             ] GC(1969) Pause Young (Allocation Failure) 401M->289M(673M) 26.370ms
[583.313s][info][gc,cpu         ] GC(1969) User=0.05s Sys=0.00s Real=0.03s
[583.451s][info][gc,start       ] GC(1970) Pause Young (Allocation Failure)
[583.509s][info][gc,heap        ] GC(1970) PSYoungGen: 120672K(220160K)->27555K(223744K) Eden: 117760K(117760K)->0K(129536K) From: 2912K(102400K)->27555K(94208K)
[583.510s][info][gc,heap        ] GC(1970) ParOldGen: 293076K(468992K)->295948K(468992K)
[583.510s][info][gc,metaspace   ] GC(1970) Metaspace: 19061K(19264K)->19061K(19264K) NonClass: 16398K(16512K)->16398K(16512K) Class: 2663K(2752K)->2663K(2752K)
[583.510s][info][gc             ] GC(1970) Pause Young (Allocation Failure) 404M->315M(676M) 58.423ms
[583.510s][info][gc,cpu         ] GC(1970) User=0.11s Sys=0.00s Real=0.05s
[583.636s][info][gc,start       ] GC(1971) Pause Young (Allocation Failure)
[583.711s][info][gc,heap        ] GC(1971) PSYoungGen: 157091K(223744K)->28896K(225792K) Eden: 129536K(129536K)->0K(129536K) From: 27555K(94208K)->28896K(96256K)
[583.711s][info][gc,heap        ] GC(1971) ParOldGen: 295948K(468992K)->322998K(468992K)
[583.711s][info][gc,metaspace   ] GC(1971) Metaspace: 19061K(19264K)->19061K(19264K) NonClass: 16398K(16512K)->16398K(16512K) Class: 2663K(2752K)->2663K(2752K)
[583.711s][info][gc             ] GC(1971) Pause Young (Allocation Failure) 442M->343M(678M) 75.571ms
[583.711s][info][gc,cpu         ] GC(1971) User=0.15s Sys=0.00s Real=0.08s
[583.811s][info][gc,start       ] GC(1972) Pause Young (Allocation Failure)
[583.872s][info][gc,heap        ] GC(1972) PSYoungGen: 158432K(225792K)->28000K(230912K) Eden: 129536K(129536K)->0K(146944K) From: 28896K(96256K)->28000K(83968K)
[583.872s][info][gc,heap        ] GC(1972) ParOldGen: 322998K(468992K)->351926K(468992K)
[583.872s][info][gc,metaspace   ] GC(1972) Metaspace: 19061K(19264K)->19061K(19264K) NonClass: 16398K(16512K)->16398K(16512K) Class: 2663K(2752K)->2663K(2752K)
[583.872s][info][gc             ] GC(1972) Pause Young (Allocation Failure) 470M->371M(683M) 61.087ms
[583.872s][info][gc,cpu         ] GC(1972) User=0.12s Sys=0.00s Real=0.06s
[583.970s][info][gc,start       ] GC(1973) Pause Young (Allocation Failure)
[584.015s][info][gc,heap        ] GC(1973) PSYoungGen: 174944K(230912K)->14624K(232448K) Eden: 146944K(146944K)->0K(146944K) From: 28000K(83968K)->14624K(85504K)
[584.015s][info][gc,heap        ] GC(1973) ParOldGen: 351926K(468992K)->379958K(468992K)
[584.015s][info][gc,metaspace   ] GC(1973) Metaspace: 19061K(19264K)->19061K(19264K) NonClass: 16398K(16512K)->16398K(16512K) Class: 2663K(2752K)->2663K(2752K)
[584.015s][info][gc             ] GC(1973) Pause Young (Allocation Failure) 514M->385M(685M) 44.438ms
[584.015s][info][gc,cpu         ] GC(1973) User=0.08s Sys=0.00s Real=0.05s
[584.099s][info][gc,start       ] GC(1974) Pause Young (Allocation Failure)
[584.121s][info][gc,heap        ] GC(1974) PSYoungGen: 161568K(232448K)->1920K(247808K) Eden: 146944K(146944K)->0K(164864K) From: 14624K(85504K)->1920K(82944K)
[584.121s][info][gc,heap        ] GC(1974) ParOldGen: 379958K(468992K)->394598K(468992K)
[584.121s][info][gc,metaspace   ] GC(1974) Metaspace: 19061K(19264K)->19061K(19264K) NonClass: 16398K(16512K)->16398K(16512K) Class: 2663K(2752K)->2663K(2752K)
[584.121s][info][gc             ] GC(1974) Pause Young (Allocation Failure) 528M->387M(700M) 21.694ms
[584.121s][info][gc,cpu         ] GC(1974) User=0.04s Sys=0.00s Real=0.03s
[584.244s][info][gc,start       ] GC(1975) Pause Young (Allocation Failure)
[584.263s][info][gc,heap        ] GC(1975) PSYoungGen: 166784K(247808K)->6336K(247808K) Eden: 164864K(164864K)->0K(164864K) From: 1920K(82944K)->6336K(82944K)
[584.263s][info][gc,heap        ] GC(1975) ParOldGen: 394598K(468992K)->396510K(468992K)
[584.263s][info][gc,metaspace   ] GC(1975) Metaspace: 19061K(19264K)->19061K(19264K) NonClass: 16398K(16512K)->16398K(16512K) Class: 2663K(2752K)->2663K(2752K)
[584.263s][info][gc             ] GC(1975) Pause Young (Allocation Failure) 548M->393M(700M) 18.556ms
[584.263s][info][gc,cpu         ] GC(1975) User=0.03s Sys=0.00s Real=0.02s
[584.411s][info][gc,start       ] GC(1976) Pause Young (Allocation Failure)
[584.420s][info][gc,heap        ] GC(1976) PSYoungGen: 171200K(247808K)->128K(249344K) Eden: 164864K(164864K)->0K(169472K) From: 6336K(82944K)->128K(79872K)
[584.420s][info][gc,heap        ] GC(1976) ParOldGen: 396510K(468992K)->402846K(468992K)
[584.420s][info][gc,metaspace   ] GC(1976) Metaspace: 19061K(19264K)->19061K(19264K) NonClass: 16398K(16512K)->16398K(16512K) Class: 2663K(2752K)->2663K(2752K)
[584.420s][info][gc             ] GC(1976) Pause Young (Allocation Failure) 554M->393M(701M) 9.330ms
[584.420s][info][gc,cpu         ] GC(1976) User=0.02s Sys=0.00s Real=0.00s
[584.562s][info][gc,start       ] GC(1977) Pause Young (Allocation Failure)
[584.603s][info][gc,heap        ] GC(1977) PSYoungGen: 169600K(249344K)->39456K(249344K) Eden: 169472K(169472K)->0K(169472K) From: 128K(79872K)->39456K(79872K)
[584.603s][info][gc,heap        ] GC(1977) ParOldGen: 402846K(468992K)->402950K(468992K)
[584.603s][info][gc,metaspace   ] GC(1977) Metaspace: 19061K(19264K)->19061K(19264K) NonClass: 16398K(16512K)->16398K(16512K) Class: 2663K(2752K)->2663K(2752K)
[584.603s][info][gc             ] GC(1977) Pause Young (Allocation Failure) 559M->432M(701M) 41.328ms
[584.603s][info][gc,cpu         ] GC(1977) User=0.08s Sys=0.00s Real=0.04s
[585.097s][info][gc,start       ] GC(1978) Pause Young (Allocation Failure)
[585.143s][info][gc,heap        ] GC(1978) PSYoungGen: 208928K(249344K)->3360K(250368K) Eden: 169472K(169472K)->0K(173568K) From: 39456K(79872K)->3360K(76800K)
[585.143s][info][gc,heap        ] GC(1978) ParOldGen: 402950K(468992K)->442433K(468992K)
[585.143s][info][gc,metaspace   ] GC(1978) Metaspace: 19061K(19264K)->19061K(19264K) NonClass: 16398K(16512K)->16398K(16512K) Class: 2663K(2752K)->2663K(2752K)
[585.143s][info][gc             ] GC(1978) Pause Young (Allocation Failure) 597M->435M(702M) 46.568ms
[585.143s][info][gc,cpu         ] GC(1978) User=0.09s Sys=0.00s Real=0.05s
[585.592s][info][gc,start       ] GC(1979) Pause Young (Allocation Failure)
[585.598s][info][gc,heap        ] GC(1979) PSYoungGen: 176928K(250368K)->96K(251904K) Eden: 173568K(173568K)->0K(173568K) From: 3360K(76800K)->96K(78336K)
[585.598s][info][gc,heap        ] GC(1979) ParOldGen: 442433K(468992K)->445793K(468992K)
[585.598s][info][gc,metaspace   ] GC(1979) Metaspace: 19061K(19264K)->19061K(19264K) NonClass: 16398K(16512K)->16398K(16512K) Class: 2663K(2752K)->2663K(2752K)
[585.598s][info][gc             ] GC(1979) Pause Young (Allocation Failure) 604M->435M(704M) 5.602ms
[585.598s][info][gc,cpu         ] GC(1979) User=0.01s Sys=0.00s Real=0.00s
[585.980s][info][gc,start       ] GC(1980) Pause Young (Allocation Failure)
[585.982s][info][gc,heap        ] GC(1980) PSYoungGen: 173664K(251904K)->64K(251392K) Eden: 173568K(173568K)->0K(178688K) From: 96K(78336K)->64K(72704K)
[585.982s][info][gc,heap        ] GC(1980) ParOldGen: 445793K(468992K)->445865K(468992K)
[585.982s][info][gc,metaspace   ] GC(1980) Metaspace: 19061K(19264K)->19061K(19264K) NonClass: 16398K(16512K)->16398K(16512K) Class: 2663K(2752K)->2663K(2752K)
[585.982s][info][gc             ] GC(1980) Pause Young (Allocation Failure) 604M->435M(703M) 2.067ms
[585.982s][info][gc,cpu         ] GC(1980) User=0.00s Sys=0.00s Real=0.01s
[586.385s][info][gc,start       ] GC(1981) Pause Young (Allocation Failure)
[586.402s][info][gc,heap        ] GC(1981) PSYoungGen: 178752K(251392K)->128K(253440K) Eden: 178688K(178688K)->0K(178688K) From: 64K(72704K)->128K(74752K)
[586.402s][info][gc,heap        ] GC(1981) ParOldGen: 445865K(468992K)->445865K(468992K)
[586.402s][info][gc,metaspace   ] GC(1981) Metaspace: 19061K(19264K)->19061K(19264K) NonClass: 16398K(16512K)->16398K(16512K) Class: 2663K(2752K)->2663K(2752K)
[586.402s][info][gc             ] GC(1981) Pause Young (Allocation Failure) 609M->435M(705M) 17.319ms
[586.402s][info][gc,cpu         ] GC(1981) User=0.03s Sys=0.00s Real=0.02s
[586.631s][info][gc,start       ] GC(1982) Pause Young (Allocation Failure)
[586.660s][info][gc,heap        ] GC(1982) PSYoungGen: 178816K(253440K)->34790K(257536K) Eden: 178688K(178688K)->0K(185344K) From: 128K(74752K)->34790K(72192K)
[586.660s][info][gc,heap        ] GC(1982) ParOldGen: 445865K(468992K)->445865K(468992K)
[586.660s][info][gc,metaspace   ] GC(1982) Metaspace: 19061K(19264K)->19061K(19264K) NonClass: 16398K(16512K)->16398K(16512K) Class: 2663K(2752K)->2663K(2752K)
[586.660s][info][gc             ] GC(1982) Pause Young (Allocation Failure) 610M->469M(709M) 28.707ms
[586.660s][info][gc,cpu         ] GC(1982) User=0.06s Sys=0.00s Real=0.02s
[586.780s][info][gc,start       ] GC(1983) Pause Young (Allocation Failure)
[586.847s][info][gc,heap        ] GC(1983) PSYoungGen: 220134K(257536K)->73206K(258560K) Eden: 185344K(185344K)->0K(185344K) From: 34790K(72192K)->73206K(73216K)
[586.847s][info][gc,heap        ] GC(1983) ParOldGen: 445865K(468992K)->462161K(468992K)
[586.847s][info][gc,metaspace   ] GC(1983) Metaspace: 19061K(19264K)->19061K(19264K) NonClass: 16398K(16512K)->16398K(16512K) Class: 2663K(2752K)->2663K(2752K)
[586.847s][info][gc             ] GC(1983) Pause Young (Allocation Failure) 650M->522M(710M) 67.119ms
[586.847s][info][gc,cpu         ] GC(1983) User=0.13s Sys=0.00s Real=0.07s
[586.978s][info][gc,start       ] GC(1984) Pause Young (Allocation Failure)
[587.083s][info][gc,heap        ] GC(1984) PSYoungGen: 258550K(258560K)->75232K(186880K) Eden: 185344K(185344K)->0K(111616K) From: 73206K(73216K)->75232K(75264K)
[587.083s][info][gc,heap        ] GC(1984) ParOldGen: 462161K(468992K)->495744K(496128K)
[587.083s][info][gc,metaspace   ] GC(1984) Metaspace: 19061K(19264K)->19061K(19264K) NonClass: 16398K(16512K)->16398K(16512K) Class: 2663K(2752K)->2663K(2752K)
[587.083s][info][gc             ] GC(1984) Pause Young (Allocation Failure) 703M->557M(667M) 104.570ms
[587.083s][info][gc,cpu         ] GC(1984) User=0.17s Sys=0.04s Real=0.11s
[587.154s][info][gc,start       ] GC(1985) Pause Young (Allocation Failure)
[587.252s][info][gc,heap        ] GC(1985) PSYoungGen: 186848K(186880K)->3360K(222720K) Eden: 111616K(111616K)->0K(111616K) From: 75232K(75264K)->3360K(111104K)
[587.252s][info][gc,heap        ] GC(1985) ParOldGen: 495744K(496128K)->569398K(569856K)
[587.252s][info][gc,metaspace   ] GC(1985) Metaspace: 19061K(19264K)->19061K(19264K) NonClass: 16398K(16512K)->16398K(16512K) Class: 2663K(2752K)->2663K(2752K)
[587.252s][info][gc             ] GC(1985) Pause Young (Allocation Failure) 666M->559M(774M) 98.264ms
[587.252s][info][gc,cpu         ] GC(1985) User=0.15s Sys=0.05s Real=0.10s
[587.333s][info][gc,start       ] GC(1986) Pause Young (Allocation Failure)
[587.368s][info][gc,heap        ] GC(1986) PSYoungGen: 114976K(222720K)->14732K(218624K) Eden: 111616K(111616K)->0K(111616K) From: 3360K(111104K)->14732K(107008K)
[587.368s][info][gc,heap        ] GC(1986) ParOldGen: 569398K(569856K)->572734K(572928K)
[587.368s][info][gc,metaspace   ] GC(1986) Metaspace: 19061K(19264K)->19061K(19264K) NonClass: 16398K(16512K)->16398K(16512K) Class: 2663K(2752K)->2663K(2752K)
[587.368s][info][gc             ] GC(1986) Pause Young (Allocation Failure) 668M->573M(773M) 34.799ms
[587.368s][info][gc,cpu         ] GC(1986) User=0.06s Sys=0.00s Real=0.03s
[587.487s][info][gc,start       ] GC(1987) Pause Young (Allocation Failure)
[587.542s][info][gc,heap        ] GC(1987) PSYoungGen: 126348K(218624K)->18496K(220672K) Eden: 111616K(111616K)->0K(111616K) From: 14732K(107008K)->18496K(109056K)
[587.542s][info][gc,heap        ] GC(1987) ParOldGen: 572734K(572928K)->587473K(587776K)
[587.542s][info][gc,metaspace   ] GC(1987) Metaspace: 19061K(19264K)->19061K(19264K) NonClass: 16398K(16512K)->16398K(16512K) Class: 2663K(2752K)->2663K(2752K)
[587.542s][info][gc             ] GC(1987) Pause Young (Allocation Failure) 682M->591M(789M) 54.927ms
[587.542s][info][gc,cpu         ] GC(1987) User=0.10s Sys=0.01s Real=0.06s
[587.631s][info][gc,start       ] GC(1988) Pause Young (Allocation Failure)
[587.691s][info][gc,heap        ] GC(1988) PSYoungGen: 130112K(220672K)->24256K(215552K) Eden: 111616K(111616K)->0K(121856K) From: 18496K(109056K)->24256K(93696K)
[587.691s][info][gc,heap        ] GC(1988) ParOldGen: 587473K(587776K)->605969K(606208K)
[587.691s][info][gc,metaspace   ] GC(1988) Metaspace: 19061K(19264K)->19061K(19264K) NonClass: 16398K(16512K)->16398K(16512K) Class: 2663K(2752K)->2663K(2752K)
[587.691s][info][gc             ] GC(1988) Pause Young (Allocation Failure) 700M->615M(802M) 60.110ms
[587.691s][info][gc,cpu         ] GC(1988) User=0.11s Sys=0.01s Real=0.06s
[587.772s][info][gc,start       ] GC(1989) Pause Full (Allocation Failure)
[587.772s][info][gc,phases,start] GC(1989) Marking Phase
[588.034s][info][gc,phases      ] GC(1989) Marking Phase 261.721ms
[588.034s][info][gc,phases,start] GC(1989) Summary Phase
[588.034s][info][gc,phases      ] GC(1989) Summary Phase 0.030ms
[588.034s][info][gc,phases,start] GC(1989) Forward
[588.146s][info][gc,phases      ] GC(1989) Forward 111.769ms
[588.146s][info][gc,phases,start] GC(1989) Adjust Pointers
[588.367s][info][gc,phases      ] GC(1989) Adjust Pointers 220.830ms
[588.367s][info][gc,phases,start] GC(1989) Compaction Phase
[588.485s][info][gc,phases      ] GC(1989) Compaction Phase 117.631ms
[588.493s][info][gc,phases,start] GC(1989) Post Compact
[588.495s][info][gc,phases      ] GC(1989) Post Compact 2.186ms
[588.496s][info][gc,heap        ] GC(1989) PSYoungGen: 146112K(215552K)->0K(218112K) Eden: 121856K(121856K)->0K(121856K) From: 24256K(93696K)->0K(96256K)
[588.496s][info][gc,heap        ] GC(1989) ParOldGen: 605969K(606208K)->369127K(667648K)
[588.496s][info][gc,metaspace   ] GC(1989) Metaspace: 19061K(19264K)->19061K(19264K) NonClass: 16398K(16512K)->16398K(16512K) Class: 2663K(2752K)->2663K(2752K)
[588.496s][info][gc             ] GC(1989) Pause Full (Allocation Failure) 734M->360M(865M) 723.333ms
[588.496s][info][gc,cpu         ] GC(1989) User=1.34s Sys=0.00s Real=0.72s
[588.585s][info][gc,start       ] GC(1990) Pause Young (Allocation Failure)
[588.596s][info][gc,heap        ] GC(1990) PSYoungGen: 121856K(218112K)->5024K(226816K) Eden: 121856K(121856K)->0K(138240K) From: 0K(96256K)->5024K(88576K)
[588.596s][info][gc,heap        ] GC(1990) ParOldGen: 369127K(667648K)->369127K(667648K)
[588.596s][info][gc,metaspace   ] GC(1990) Metaspace: 19061K(19264K)->19061K(19264K) NonClass: 16398K(16512K)->16398K(16512K) Class: 2663K(2752K)->2663K(2752K)
[588.596s][info][gc             ] GC(1990) Pause Young (Allocation Failure) 479M->365M(873M) 11.180ms
[588.596s][info][gc,cpu         ] GC(1990) User=0.02s Sys=0.00s Real=0.01s
[588.696s][info][gc,start       ] GC(1991) Pause Young (Allocation Failure)
[588.715s][info][gc,heap        ] GC(1991) PSYoungGen: 143264K(226816K)->8544K(231424K) Eden: 138240K(138240K)->0K(138240K) From: 5024K(88576K)->8544K(93184K)
[588.715s][info][gc,heap        ] GC(1991) ParOldGen: 369127K(667648K)->374127K(667648K)
[588.715s][info][gc,metaspace   ] GC(1991) Metaspace: 19061K(19264K)->19061K(19264K) NonClass: 16398K(16512K)->16398K(16512K) Class: 2663K(2752K)->2663K(2752K)
[588.715s][info][gc             ] GC(1991) Pause Young (Allocation Failure) 500M->373M(878M) 18.589ms
[588.715s][info][gc,cpu         ] GC(1991) User=0.03s Sys=0.00s Real=0.02s
[588.873s][info][gc,start       ] GC(1992) Pause Young (Allocation Failure)
[588.890s][info][gc,heap        ] GC(1992) PSYoungGen: 146784K(231424K)->3392K(233472K) Eden: 138240K(138240K)->0K(151040K) From: 8544K(93184K)->3392K(82432K)
[588.890s][info][gc,heap        ] GC(1992) ParOldGen: 374127K(667648K)->382679K(667648K)
[588.890s][info][gc,metaspace   ] GC(1992) Metaspace: 19061K(19264K)->19061K(19264K) NonClass: 16398K(16512K)->16398K(16512K) Class: 2663K(2752K)->2663K(2752K)
[588.890s][info][gc             ] GC(1992) Pause Young (Allocation Failure) 508M->377M(880M) 17.437ms
[588.890s][info][gc,cpu         ] GC(1992) User=0.03s Sys=0.00s Real=0.01s
[589.073s][info][gc,start       ] GC(1993) Pause Young (Allocation Failure)
[589.087s][info][gc,heap        ] GC(1993) PSYoungGen: 154432K(233472K)->7680K(237568K) Eden: 151040K(151040K)->0K(151040K) From: 3392K(82432K)->7680K(86528K)
[589.087s][info][gc,heap        ] GC(1993) ParOldGen: 382679K(667648K)->386064K(667648K)
[589.087s][info][gc,metaspace   ] GC(1993) Metaspace: 19061K(19264K)->19061K(19264K) NonClass: 16398K(16512K)->16398K(16512K) Class: 2663K(2752K)->2663K(2752K)
[589.087s][info][gc             ] GC(1993) Pause Young (Allocation Failure) 524M->384M(884M) 13.092ms
[589.087s][info][gc,cpu         ] GC(1993) User=0.02s Sys=0.01s Real=0.01s
[589.266s][info][gc,start       ] GC(1994) Pause Young (Allocation Failure)
[589.304s][info][gc,heap        ] GC(1994) PSYoungGen: 158720K(237568K)->27328K(240128K) Eden: 151040K(151040K)->0K(164864K) From: 7680K(86528K)->27328K(75264K)
[589.304s][info][gc,heap        ] GC(1994) ParOldGen: 386064K(667648K)->393720K(667648K)
[589.304s][info][gc,metaspace   ] GC(1994) Metaspace: 19061K(19264K)->19061K(19264K) NonClass: 16398K(16512K)->16398K(16512K) Class: 2663K(2752K)->2663K(2752K)
[589.304s][info][gc             ] GC(1994) Pause Young (Allocation Failure) 532M->411M(886M) 38.116ms
[589.304s][info][gc,cpu         ] GC(1994) User=0.07s Sys=0.00s Real=0.04s
[589.565s][info][gc,start       ] GC(1995) Pause Young (Allocation Failure)
[589.606s][info][gc,heap        ] GC(1995) PSYoungGen: 192192K(240128K)->16032K(243712K) Eden: 164864K(164864K)->0K(164864K) From: 27328K(75264K)->16032K(78848K)
[589.606s][info][gc,heap        ] GC(1995) ParOldGen: 393720K(667648K)->421163K(667648K)
[589.606s][info][gc,metaspace   ] GC(1995) Metaspace: 19061K(19264K)->19061K(19264K) NonClass: 16398K(16512K)->16398K(16512K) Class: 2663K(2752K)->2663K(2752K)
[589.606s][info][gc             ] GC(1995) Pause Young (Allocation Failure) 572M->426M(890M) 41.146ms
[589.606s][info][gc,cpu         ] GC(1995) User=0.08s Sys=0.00s Real=0.04s
[589.694s][info][gc,start       ] GC(1996) Pause Young (Allocation Failure)
[589.754s][info][gc,heap        ] GC(1996) PSYoungGen: 180896K(243712K)->61312K(240640K) Eden: 164864K(164864K)->0K(166912K) From: 16032K(78848K)->61312K(73728K)
[589.754s][info][gc,heap        ] GC(1996) ParOldGen: 421163K(667648K)->437275K(667648K)
[589.754s][info][gc,metaspace   ] GC(1996) Metaspace: 19061K(19264K)->19061K(19264K) NonClass: 16398K(16512K)->16398K(16512K) Class: 2663K(2752K)->2663K(2752K)
[589.754s][info][gc             ] GC(1996) Pause Young (Allocation Failure) 587M->486M(887M) 59.680ms
[589.754s][info][gc,cpu         ] GC(1996) User=0.11s Sys=0.00s Real=0.06s
[590.028s][info][gc,start       ] GC(1997) Pause Young (Allocation Failure)
[590.075s][info][gc,heap        ] GC(1997) PSYoungGen: 228224K(240640K)->9264K(250368K) Eden: 166912K(166912K)->0K(166912K) From: 61312K(73728K)->9264K(83456K)
[590.075s][info][gc,heap        ] GC(1997) ParOldGen: 437275K(667648K)->499315K(667648K)
[590.075s][info][gc,metaspace   ] GC(1997) Metaspace: 19061K(19264K)->19061K(19264K) NonClass: 16398K(16512K)->16398K(16512K) Class: 2663K(2752K)->2663K(2752K)
[590.075s][info][gc             ] GC(1997) Pause Young (Allocation Failure) 649M->496M(896M) 47.230ms
[590.075s][info][gc,cpu         ] GC(1997) User=0.10s Sys=0.00s Real=0.05s
[590.314s][info][gc,start       ] GC(1998) Pause Young (Allocation Failure)
[590.379s][info][gc,heap        ] GC(1998) PSYoungGen: 176176K(250368K)->40095K(248320K) Eden: 166912K(166912K)->0K(169984K) From: 9264K(83456K)->40095K(78336K)
[590.379s][info][gc,heap        ] GC(1998) ParOldGen: 499315K(667648K)->508592K(667648K)
[590.379s][info][gc,metaspace   ] GC(1998) Metaspace: 19061K(19264K)->19061K(19264K) NonClass: 16398K(16512K)->16398K(16512K) Class: 2663K(2752K)->2663K(2752K)
[590.379s][info][gc             ] GC(1998) Pause Young (Allocation Failure) 659M->535M(894M) 64.643ms
[590.379s][info][gc,cpu         ] GC(1998) User=0.13s Sys=0.00s Real=0.06s
[590.561s][info][gc,start       ] GC(1999) Pause Young (Allocation Failure)
[590.629s][info][gc,heap        ] GC(1999) PSYoungGen: 210079K(248320K)->16576K(250880K) Eden: 169984K(169984K)->0K(169984K) From: 40095K(78336K)->16576K(80896K)
[590.629s][info][gc,heap        ] GC(1999) ParOldGen: 508592K(667648K)->548734K(667648K)
[590.629s][info][gc,metaspace   ] GC(1999) Metaspace: 19061K(19264K)->19061K(19264K) NonClass: 16398K(16512K)->16398K(16512K) Class: 2663K(2752K)->2663K(2752K)
[590.629s][info][gc             ] GC(1999) Pause Young (Allocation Failure) 701M->552M(897M) 68.488ms
[590.629s][info][gc,cpu         ] GC(1999) User=0.14s Sys=0.00s Real=0.06s
[590.807s][info][gc,start       ] GC(2000) Pause Young (Allocation Failure)
[590.830s][info][gc,heap        ] GC(2000) PSYoungGen: 186560K(250880K)->800K(251392K) Eden: 169984K(169984K)->0K(176128K) From: 16576K(80896K)->800K(75264K)
[590.830s][info][gc,heap        ] GC(2000) ParOldGen: 548734K(667648K)->565326K(667648K)
[590.830s][info][gc,metaspace   ] GC(2000) Metaspace: 19061K(19264K)->19061K(19264K) NonClass: 16398K(16512K)->16398K(16512K) Class: 2663K(2752K)->2663K(2752K)
[590.830s][info][gc             ] GC(2000) Pause Young (Allocation Failure) 718M->552M(897M) 22.820ms
[590.830s][info][gc,cpu         ] GC(2000) User=0.04s Sys=0.00s Real=0.02s
[591.053s][info][gc,start       ] GC(2001) Pause Young (Allocation Failure)
[591.071s][info][gc,heap        ] GC(2001) PSYoungGen: 176928K(251392K)->12672K(251392K) Eden: 176128K(176128K)->0K(176128K) From: 800K(75264K)->12672K(75264K)
[591.071s][info][gc,heap        ] GC(2001) ParOldGen: 565326K(667648K)->566094K(667648K)
[591.071s][info][gc,metaspace   ] GC(2001) Metaspace: 19061K(19264K)->19061K(19264K) NonClass: 16398K(16512K)->16398K(16512K) Class: 2663K(2752K)->2663K(2752K)
[591.071s][info][gc             ] GC(2001) Pause Young (Allocation Failure) 724M->565M(897M) 18.071ms
[591.071s][info][gc,cpu         ] GC(2001) User=0.03s Sys=0.00s Real=0.02s
[591.376s][info][gc,start       ] GC(2002) Pause Young (Allocation Failure)
[591.419s][info][gc,heap        ] GC(2002) PSYoungGen: 188800K(251392K)->17872K(252928K) Eden: 176128K(176128K)->0K(186880K) From: 12672K(75264K)->17872K(66048K)
[591.419s][info][gc,heap        ] GC(2002) ParOldGen: 566094K(667648K)->578782K(667648K)
[591.419s][info][gc,metaspace   ] GC(2002) Metaspace: 19061K(19264K)->19061K(19264K) NonClass: 16398K(16512K)->16398K(16512K) Class: 2663K(2752K)->2663K(2752K)
[591.419s][info][gc             ] GC(2002) Pause Young (Allocation Failure) 737M->582M(899M) 43.239ms
[591.419s][info][gc,cpu         ] GC(2002) User=0.08s Sys=0.00s Real=0.04s
[591.741s][info][gc,start       ] GC(2003) Pause Young (Allocation Failure)
[591.791s][info][gc,heap        ] GC(2003) PSYoungGen: 204752K(252928K)->41202K(253952K) Eden: 186880K(186880K)->0K(186880K) From: 17872K(66048K)->41202K(67072K)
[591.791s][info][gc,heap        ] GC(2003) ParOldGen: 578782K(667648K)->596679K(667648K)
[591.791s][info][gc,metaspace   ] GC(2003) Metaspace: 19061K(19264K)->19061K(19264K) NonClass: 16398K(16512K)->16398K(16512K) Class: 2663K(2752K)->2663K(2752K)
[591.792s][info][gc             ] GC(2003) Pause Young (Allocation Failure) 765M->622M(900M) 50.115ms
[591.792s][info][gc,cpu         ] GC(2003) User=0.10s Sys=0.00s Real=0.05s
[592.042s][info][gc,start       ] GC(2004) Pause Young (Allocation Failure)
[592.112s][info][gc,heap        ] GC(2004) PSYoungGen: 228082K(253952K)->38144K(261632K) Eden: 186880K(186880K)->0K(191488K) From: 41202K(67072K)->38144K(70144K)
[592.112s][info][gc,heap        ] GC(2004) ParOldGen: 596679K(667648K)->638324K(667648K)
[592.112s][info][gc,metaspace   ] GC(2004) Metaspace: 19061K(19264K)->19061K(19264K) NonClass: 16398K(16512K)->16398K(16512K) Class: 2663K(2752K)->2663K(2752K)
[592.112s][info][gc             ] GC(2004) Pause Young (Allocation Failure) 805M->660M(907M) 69.813ms
[592.112s][info][gc,cpu         ] GC(2004) User=0.12s Sys=0.02s Real=0.07s
[592.377s][info][gc,start       ] GC(2005) Pause Full (Allocation Failure)
[592.377s][info][gc,phases,start] GC(2005) Marking Phase
[592.735s][info][gc,phases      ] GC(2005) Marking Phase 358.024ms
[592.735s][info][gc,phases,start] GC(2005) Summary Phase
[592.735s][info][gc,phases      ] GC(2005) Summary Phase 0.030ms
[592.735s][info][gc,phases,start] GC(2005) Forward
[592.880s][info][gc,phases      ] GC(2005) Forward 145.322ms
[592.880s][info][gc,phases,start] GC(2005) Adjust Pointers
[593.152s][info][gc,phases      ] GC(2005) Adjust Pointers 271.568ms
[593.152s][info][gc,phases,start] GC(2005) Compaction Phase
[593.317s][info][gc,phases      ] GC(2005) Compaction Phase 164.649ms
[593.328s][info][gc,phases,start] GC(2005) Post Compact
[593.331s][info][gc,phases      ] GC(2005) Post Compact 2.467ms
[593.331s][info][gc,heap        ] GC(2005) PSYoungGen: 229632K(261632K)->0K(262656K) Eden: 191488K(191488K)->0K(191488K) From: 38144K(70144K)->0K(71168K)
[593.331s][info][gc,heap        ] GC(2005) ParOldGen: 638324K(667648K)->496296K(667648K)
[593.331s][info][gc,metaspace   ] GC(2005) Metaspace: 19061K(19264K)->19061K(19264K) NonClass: 16398K(16512K)->16398K(16512K) Class: 2663K(2752K)->2663K(2752K)
[593.331s][info][gc             ] GC(2005) Pause Full (Allocation Failure) 847M->484M(908M) 954.175ms
[593.331s][info][gc,cpu         ] GC(2005) User=1.78s Sys=0.00s Real=0.96s
[593.529s][info][gc,start       ] GC(2006) Pause Young (Allocation Failure)
[593.555s][info][gc,heap        ] GC(2006) PSYoungGen: 191488K(262656K)->23488K(253440K) Eden: 191488K(191488K)->0K(191488K) From: 0K(71168K)->23488K(61952K)
[593.555s][info][gc,heap        ] GC(2006) ParOldGen: 496296K(667648K)->496296K(667648K)
[593.555s][info][gc,metaspace   ] GC(2006) Metaspace: 19061K(19264K)->19061K(19264K) NonClass: 16398K(16512K)->16398K(16512K) Class: 2663K(2752K)->2663K(2752K)
[593.555s][info][gc             ] GC(2006) Pause Young (Allocation Failure) 671M->507M(899M) 26.840ms
[593.555s][info][gc,cpu         ] GC(2006) User=0.06s Sys=0.00s Real=0.03s
[593.744s][info][gc,start       ] GC(2007) Pause Young (Allocation Failure)
[593.771s][info][gc,heap        ] GC(2007) PSYoungGen: 214976K(253440K)->24256K(258048K) Eden: 191488K(191488K)->0K(191488K) From: 23488K(61952K)->24256K(66560K)
[593.771s][info][gc,heap        ] GC(2007) ParOldGen: 496296K(667648K)->496296K(667648K)
[593.771s][info][gc,metaspace   ] GC(2007) Metaspace: 19061K(19264K)->19061K(19264K) NonClass: 16398K(16512K)->16398K(16512K) Class: 2663K(2752K)->2663K(2752K)
[593.771s][info][gc             ] GC(2007) Pause Young (Allocation Failure) 694M->508M(904M) 27.062ms
[593.771s][info][gc,cpu         ] GC(2007) User=0.05s Sys=0.01s Real=0.03s
[594.007s][info][gc,start       ] GC(2008) Pause Young (Allocation Failure)
[594.045s][info][gc,heap        ] GC(2008) PSYoungGen: 215744K(258048K)->37344K(266752K) Eden: 191488K(191488K)->0K(204288K) From: 24256K(66560K)->37344K(62464K)
[594.045s][info][gc,heap        ] GC(2008) ParOldGen: 496296K(667648K)->496296K(667648K)
[594.045s][info][gc,metaspace   ] GC(2008) Metaspace: 19061K(19264K)->19061K(19264K) NonClass: 16398K(16512K)->16398K(16512K) Class: 2663K(2752K)->2663K(2752K)
[594.045s][info][gc             ] GC(2008) Pause Young (Allocation Failure) 695M->521M(912M) 37.914ms
[594.045s][info][gc,cpu         ] GC(2008) User=0.08s Sys=0.00s Real=0.04s
[594.533s][info][gc,start       ] GC(2009) Pause Young (Allocation Failure)
[594.588s][info][gc,heap        ] GC(2009) PSYoungGen: 241632K(266752K)->54784K(259072K) Eden: 204288K(204288K)->0K(204288K) From: 37344K(62464K)->54784K(54784K)
[594.588s][info][gc,heap        ] GC(2009) ParOldGen: 496296K(667648K)->496296K(667648K)
[594.588s][info][gc,metaspace   ] GC(2009) Metaspace: 19061K(19264K)->19061K(19264K) NonClass: 16398K(16512K)->16398K(16512K) Class: 2663K(2752K)->2663K(2752K)
[594.588s][info][gc             ] GC(2009) Pause Young (Allocation Failure) 720M->538M(905M) 55.783ms
[594.588s][info][gc,cpu         ] GC(2009) User=0.11s Sys=0.00s Real=0.05s
[595.061s][info][gc,start       ] GC(2010) Pause Young (Allocation Failure)
[595.116s][info][gc,heap        ] GC(2010) PSYoungGen: 259072K(259072K)->54816K(251904K) Eden: 204288K(204288K)->0K(181248K) From: 54784K(54784K)->54816K(70656K)
[595.116s][info][gc,heap        ] GC(2010) ParOldGen: 496296K(667648K)->496296K(667648K)
[595.116s][info][gc,metaspace   ] GC(2010) Metaspace: 19061K(19264K)->19061K(19264K) NonClass: 16398K(16512K)->16398K(16512K) Class: 2663K(2752K)->2663K(2752K)
[595.116s][info][gc             ] GC(2010) Pause Young (Allocation Failure) 737M->538M(898M) 54.978ms
[595.116s][info][gc,cpu         ] GC(2010) User=0.11s Sys=0.00s Real=0.05s
[595.530s][info][gc,start       ] GC(2011) Pause Young (Allocation Failure)
[595.592s][info][gc,heap        ] GC(2011) PSYoungGen: 236064K(251904K)->55120K(236544K) Eden: 181248K(181248K)->0K(181248K) From: 54816K(70656K)->55120K(55296K)
[595.592s][info][gc,heap        ] GC(2011) ParOldGen: 496296K(667648K)->496296K(667648K)
[595.592s][info][gc,metaspace   ] GC(2011) Metaspace: 19061K(19264K)->19061K(19264K) NonClass: 16398K(16512K)->16398K(16512K) Class: 2663K(2752K)->2663K(2752K)
[595.592s][info][gc             ] GC(2011) Pause Young (Allocation Failure) 715M->538M(883M) 62.449ms
[595.592s][info][gc,cpu         ] GC(2011) User=0.12s Sys=0.00s Real=0.07s
[595.800s][info][gc,start       ] GC(2012) Pause Young (Allocation Failure)
[595.893s][info][gc,heap        ] GC(2012) PSYoungGen: 236368K(236544K)->80368K(212480K) Eden: 181248K(181248K)->0K(132096K) From: 55120K(55296K)->80368K(80384K)
[595.893s][info][gc,heap        ] GC(2012) ParOldGen: 496296K(667648K)->516600K(667648K)
[595.893s][info][gc,metaspace   ] GC(2012) Metaspace: 19061K(19264K)->19061K(19264K) NonClass: 16398K(16512K)->16398K(16512K) Class: 2663K(2752K)->2663K(2752K)
[595.893s][info][gc             ] GC(2012) Pause Young (Allocation Failure) 715M->582M(859M) 93.469ms
[595.893s][info][gc,cpu         ] GC(2012) User=0.17s Sys=0.01s Real=0.10s
[596.087s][info][gc,start       ] GC(2013) Pause Young (Allocation Failure)
[596.182s][info][gc,heap        ] GC(2013) PSYoungGen: 212464K(212480K)->84816K(217088K) Eden: 132096K(132096K)->0K(132096K) From: 80368K(80384K)->84816K(84992K)
[596.182s][info][gc,heap        ] GC(2013) ParOldGen: 516600K(667648K)->540896K(667648K)
[596.182s][info][gc,metaspace   ] GC(2013) Metaspace: 19061K(19264K)->19061K(19264K) NonClass: 16398K(16512K)->16398K(16512K) Class: 2663K(2752K)->2663K(2752K)
[596.183s][info][gc             ] GC(2013) Pause Young (Allocation Failure) 711M->611M(864M) 95.139ms
[596.183s][info][gc,cpu         ] GC(2013) User=0.19s Sys=0.00s Real=0.10s
[596.349s][info][gc,start       ] GC(2014) Pause Young (Allocation Failure)
[596.437s][info][gc,heap        ] GC(2014) PSYoungGen: 216912K(217088K)->62544K(222720K) Eden: 132096K(132096K)->0K(111616K) From: 84816K(84992K)->62544K(111104K)
[596.437s][info][gc,heap        ] GC(2014) ParOldGen: 540896K(667648K)->571497K(667648K)
[596.437s][info][gc,metaspace   ] GC(2014) Metaspace: 19061K(19264K)->19061K(19264K) NonClass: 16398K(16512K)->16398K(16512K) Class: 2663K(2752K)->2663K(2752K)
[596.437s][info][gc             ] GC(2014) Pause Young (Allocation Failure) 740M->619M(869M) 87.821ms
[596.437s][info][gc,cpu         ] GC(2014) User=0.16s Sys=0.00s Real=0.09s
[596.581s][info][gc,start       ] GC(2015) Pause Young (Allocation Failure)
[596.669s][info][gc,heap        ] GC(2015) PSYoungGen: 174160K(222720K)->90816K(222720K) Eden: 111616K(111616K)->0K(111616K) From: 62544K(111104K)->90816K(111104K)
[596.669s][info][gc,heap        ] GC(2015) ParOldGen: 571497K(667648K)->571825K(667648K)
[596.669s][info][gc,metaspace   ] GC(2015) Metaspace: 19061K(19264K)->19061K(19264K) NonClass: 16398K(16512K)->16398K(16512K) Class: 2663K(2752K)->2663K(2752K)
[596.669s][info][gc             ] GC(2015) Pause Young (Allocation Failure) 728M->647M(869M) 88.484ms
[596.669s][info][gc,cpu         ] GC(2015) User=0.17s Sys=0.00s Real=0.08s
[596.814s][info][gc,start       ] GC(2016) Pause Young (Allocation Failure)
[596.923s][info][gc,heap        ] GC(2016) PSYoungGen: 202432K(222720K)->55008K(222720K) Eden: 111616K(111616K)->0K(111616K) From: 90816K(111104K)->55008K(111104K)
[596.923s][info][gc,heap        ] GC(2016) ParOldGen: 571825K(667648K)->626338K(667648K)
[596.923s][info][gc,metaspace   ] GC(2016) Metaspace: 19061K(19264K)->19061K(19264K) NonClass: 16398K(16512K)->16398K(16512K) Class: 2663K(2752K)->2663K(2752K)
[596.923s][info][gc             ] GC(2016) Pause Young (Allocation Failure) 756M->665M(869M) 108.822ms
[596.923s][info][gc,cpu         ] GC(2016) User=0.22s Sys=0.00s Real=0.11s
[597.013s][info][gc,start       ] GC(2017) Pause Full (Allocation Failure)
[597.013s][info][gc,phases,start] GC(2017) Marking Phase
[597.499s][info][gc,phases      ] GC(2017) Marking Phase 485.858ms
[597.499s][info][gc,phases,start] GC(2017) Summary Phase
[597.499s][info][gc,phases      ] GC(2017) Summary Phase 0.027ms
[597.499s][info][gc,phases,start] GC(2017) Forward
[597.607s][info][gc,phases      ] GC(2017) Forward 108.012ms
[597.607s][info][gc,phases,start] GC(2017) Adjust Pointers
[597.966s][info][gc,phases      ] GC(2017) Adjust Pointers 359.319ms
[597.966s][info][gc,phases,start] GC(2017) Compaction Phase
[598.182s][info][gc,phases      ] GC(2017) Compaction Phase 215.796ms
[598.193s][info][gc,phases,start] GC(2017) Post Compact
[598.195s][info][gc,phases      ] GC(2017) Post Compact 2.357ms
[598.195s][info][gc,heap        ] GC(2017) PSYoungGen: 166624K(222720K)->0K(222720K) Eden: 111616K(111616K)->0K(111616K) From: 55008K(111104K)->0K(111104K)
[598.195s][info][gc,heap        ] GC(2017) ParOldGen: 626338K(667648K)->664281K(667648K)
[598.195s][info][gc,metaspace   ] GC(2017) Metaspace: 19061K(19264K)->19061K(19264K) NonClass: 16398K(16512K)->16398K(16512K) Class: 2663K(2752K)->2663K(2752K)
[598.195s][info][gc             ] GC(2017) Pause Full (Allocation Failure) 774M->648M(869M) 1182.409ms
[598.195s][info][gc,cpu         ] GC(2017) User=2.30s Sys=0.02s Real=1.18s
[598.319s][info][gc,start       ] GC(2018) Pause Full (Allocation Failure)
[598.319s][info][gc,phases,start] GC(2018) Marking Phase
[598.801s][info][gc,phases      ] GC(2018) Marking Phase 481.372ms
[598.801s][info][gc,phases,start] GC(2018) Summary Phase
[598.801s][info][gc,phases      ] GC(2018) Summary Phase 0.024ms
[598.801s][info][gc,phases,start] GC(2018) Forward
[598.801s][info][gc,phases      ] GC(2018) Forward 0.721ms
[598.801s][info][gc,phases,start] GC(2018) Adjust Pointers
[599.117s][info][gc,phases      ] GC(2018) Adjust Pointers 315.251ms
[599.117s][info][gc,phases,start] GC(2018) Compaction Phase
[599.258s][info][gc,phases      ] GC(2018) Compaction Phase 141.309ms
[599.258s][info][gc,phases,start] GC(2018) Post Compact
[599.260s][info][gc,phases      ] GC(2018) Post Compact 2.213ms
[599.260s][info][gc,heap        ] GC(2018) PSYoungGen: 111616K(222720K)->0K(222720K) Eden: 111616K(111616K)->0K(111616K) From: 0K(111104K)->0K(111104K)
[599.260s][info][gc,heap        ] GC(2018) ParOldGen: 664281K(667648K)->665232K(667648K)
[599.260s][info][gc,metaspace   ] GC(2018) Metaspace: 19061K(19264K)->19061K(19264K) NonClass: 16398K(16512K)->16398K(16512K) Class: 2663K(2752K)->2663K(2752K)
[599.260s][info][gc             ] GC(2018) Pause Full (Allocation Failure) 757M->649M(869M) 941.314ms
[599.261s][info][gc,cpu         ] GC(2018) User=1.84s Sys=0.00s Real=0.95s
[599.382s][info][gc,start       ] GC(2019) Pause Full (Allocation Failure)
[599.382s][info][gc,phases,start] GC(2019) Marking Phase
[599.867s][info][gc,phases      ] GC(2019) Marking Phase 485.325ms
[599.867s][info][gc,phases,start] GC(2019) Summary Phase
[599.867s][info][gc,phases      ] GC(2019) Summary Phase 0.026ms
[599.867s][info][gc,phases,start] GC(2019) Forward
[599.870s][info][gc,phases      ] GC(2019) Forward 3.167ms
[599.870s][info][gc,phases,start] GC(2019) Adjust Pointers
[600.191s][info][gc,phases      ] GC(2019) Adjust Pointers 320.246ms
[600.191s][info][gc,phases,start] GC(2019) Compaction Phase
[600.332s][info][gc,phases      ] GC(2019) Compaction Phase 141.566ms
[600.332s][info][gc,phases,start] GC(2019) Post Compact
[600.335s][info][gc,phases      ] GC(2019) Post Compact 2.275ms
[600.335s][info][gc,heap        ] GC(2019) PSYoungGen: 111616K(222720K)->1257K(222720K) Eden: 111616K(111616K)->1257K(111616K) From: 0K(111104K)->0K(111104K)
[600.335s][info][gc,heap        ] GC(2019) ParOldGen: 665232K(667648K)->667592K(667648K)
[600.335s][info][gc,metaspace   ] GC(2019) Metaspace: 19061K(19264K)->19061K(19264K) NonClass: 16398K(16512K)->16398K(16512K) Class: 2663K(2752K)->2663K(2752K)
[600.335s][info][gc             ] GC(2019) Pause Full (Allocation Failure) 758M->653M(869M) 953.034ms
[600.335s][info][gc,cpu         ] GC(2019) User=1.87s Sys=0.00s Real=0.95s
[600.486s][info][gc,start       ] GC(2020) Pause Full (Allocation Failure)
[600.486s][info][gc,phases,start] GC(2020) Marking Phase
[600.867s][info][gc,phases      ] GC(2020) Marking Phase 380.820ms
[600.867s][info][gc,phases,start] GC(2020) Summary Phase
[600.867s][info][gc,phases      ] GC(2020) Summary Phase 0.025ms
[600.867s][info][gc,phases,start] GC(2020) Forward
[601.005s][info][gc,phases      ] GC(2020) Forward 138.614ms
[601.005s][info][gc,phases,start] GC(2020) Adjust Pointers
[601.291s][info][gc,phases      ] GC(2020) Adjust Pointers 285.685ms
[601.291s][info][gc,phases,start] GC(2020) Compaction Phase
[601.492s][info][gc,phases      ] GC(2020) Compaction Phase 201.164ms
[601.504s][info][gc,phases,start] GC(2020) Post Compact
[601.506s][info][gc,phases      ] GC(2020) Post Compact 2.301ms
[601.506s][info][gc,heap        ] GC(2020) PSYoungGen: 111616K(222720K)->0K(222720K) Eden: 111616K(111616K)->0K(111616K) From: 0K(111104K)->0K(111104K)
[601.506s][info][gc,heap        ] GC(2020) ParOldGen: 667592K(667648K)->523940K(667648K)
[601.506s][info][gc,metaspace   ] GC(2020) Metaspace: 19061K(19264K)->19061K(19264K) NonClass: 16398K(16512K)->16398K(16512K) Class: 2663K(2752K)->2663K(2752K)
[601.507s][info][gc             ] GC(2020) Pause Full (Allocation Failure) 760M->511M(869M) 1020.782ms
[601.507s][info][gc,cpu         ] GC(2020) User=1.93s Sys=0.00s Real=1.02s
[601.689s][info][gc,start       ] GC(2021) Pause Young (Allocation Failure)
[601.705s][info][gc,heap        ] GC(2021) PSYoungGen: 111616K(222720K)->13088K(222720K) Eden: 111616K(111616K)->0K(111616K) From: 0K(111104K)->13088K(111104K)
[601.705s][info][gc,heap        ] GC(2021) ParOldGen: 523940K(667648K)->523940K(667648K)
[601.705s][info][gc,metaspace   ] GC(2021) Metaspace: 19061K(19264K)->19061K(19264K) NonClass: 16398K(16512K)->16398K(16512K) Class: 2663K(2752K)->2663K(2752K)
[601.706s][info][gc             ] GC(2021) Pause Young (Allocation Failure) 620M->524M(869M) 16.214ms
[601.706s][info][gc,cpu         ] GC(2021) User=0.03s Sys=0.00s Real=0.02s
[601.902s][info][gc,start       ] GC(2022) Pause Young (Allocation Failure)
[601.928s][info][gc,heap        ] GC(2022) PSYoungGen: 124704K(222720K)->9099K(222720K) Eden: 111616K(111616K)->0K(111616K) From: 13088K(111104K)->9099K(111104K)
[601.928s][info][gc,heap        ] GC(2022) ParOldGen: 523940K(667648K)->537044K(667648K)
[601.928s][info][gc,metaspace   ] GC(2022) Metaspace: 19061K(19264K)->19061K(19264K) NonClass: 16398K(16512K)->16398K(16512K) Class: 2663K(2752K)->2663K(2752K)
[601.928s][info][gc             ] GC(2022) Pause Young (Allocation Failure) 633M->533M(869M) 25.818ms
[601.928s][info][gc,cpu         ] GC(2022) User=0.05s Sys=0.00s Real=0.02s
[602.098s][info][gc,start       ] GC(2023) Pause Young (Allocation Failure)
[602.123s][info][gc,heap        ] GC(2023) PSYoungGen: 120715K(222720K)->15728K(222720K) Eden: 111616K(111616K)->0K(111616K) From: 9099K(111104K)->15728K(111104K)
[602.123s][info][gc,heap        ] GC(2023) ParOldGen: 537044K(667648K)->546144K(667648K)
[602.123s][info][gc,metaspace   ] GC(2023) Metaspace: 19061K(19264K)->19061K(19264K) NonClass: 16398K(16512K)->16398K(16512K) Class: 2663K(2752K)->2663K(2752K)
[602.123s][info][gc             ] GC(2023) Pause Young (Allocation Failure) 642M->548M(869M) 24.848ms
[602.123s][info][gc,cpu         ] GC(2023) User=0.05s Sys=0.00s Real=0.03s
[602.245s][info][gc,start       ] GC(2024) Pause Young (Allocation Failure)
[602.268s][info][gc,heap        ] GC(2024) PSYoungGen: 127344K(222720K)->23584K(218624K) Eden: 111616K(111616K)->0K(111616K) From: 15728K(111104K)->23584K(107008K)
[602.268s][info][gc,heap        ] GC(2024) ParOldGen: 546144K(667648K)->546256K(667648K)
[602.268s][info][gc,metaspace   ] GC(2024) Metaspace: 19061K(19264K)->19061K(19264K) NonClass: 16398K(16512K)->16398K(16512K) Class: 2663K(2752K)->2663K(2752K)
[602.268s][info][gc             ] GC(2024) Pause Young (Allocation Failure) 657M->556M(865M) 22.534ms
[602.268s][info][gc,cpu         ] GC(2024) User=0.04s Sys=0.00s Real=0.02s
[602.397s][info][gc,start       ] GC(2025) Pause Young (Allocation Failure)
[602.421s][info][gc,heap        ] GC(2025) PSYoungGen: 135200K(218624K)->26288K(220672K) Eden: 111616K(111616K)->0K(111616K) From: 23584K(107008K)->26288K(109056K)
[602.421s][info][gc,heap        ] GC(2025) ParOldGen: 546256K(667648K)->546256K(667648K)
[602.421s][info][gc,metaspace   ] GC(2025) Metaspace: 19061K(19264K)->19061K(19264K) NonClass: 16398K(16512K)->16398K(16512K) Class: 2663K(2752K)->2663K(2752K)
[602.421s][info][gc             ] GC(2025) Pause Young (Allocation Failure) 665M->559M(867M) 24.182ms
[602.421s][info][gc,cpu         ] GC(2025) User=0.05s Sys=0.00s Real=0.03s
[602.545s][info][gc,start       ] GC(2026) Pause Young (Allocation Failure)
[602.576s][info][gc,heap        ] GC(2026) PSYoungGen: 137904K(220672K)->33840K(209920K) Eden: 111616K(111616K)->0K(117248K) From: 26288K(109056K)->33840K(92672K)
[602.576s][info][gc,heap        ] GC(2026) ParOldGen: 546256K(667648K)->546256K(667648K)
[602.576s][info][gc,metaspace   ] GC(2026) Metaspace: 19061K(19264K)->19061K(19264K) NonClass: 16398K(16512K)->16398K(16512K) Class: 2663K(2752K)->2663K(2752K)
[602.576s][info][gc             ] GC(2026) Pause Young (Allocation Failure) 668M->566M(857M) 31.444ms
[602.576s][info][gc,cpu         ] GC(2026) User=0.06s Sys=0.00s Real=0.03s
[602.802s][info][gc,start       ] GC(2027) Pause Young (Allocation Failure)
[602.837s][info][gc,heap        ] GC(2027) PSYoungGen: 151088K(209920K)->36880K(154624K) Eden: 117248K(117248K)->0K(117248K) From: 33840K(92672K)->36880K(37376K)
[602.837s][info][gc,heap        ] GC(2027) ParOldGen: 546256K(667648K)->546256K(667648K)
[602.837s][info][gc,metaspace   ] GC(2027) Metaspace: 19061K(19264K)->19061K(19264K) NonClass: 16398K(16512K)->16398K(16512K) Class: 2663K(2752K)->2663K(2752K)
[602.837s][info][gc             ] GC(2027) Pause Young (Allocation Failure) 681M->569M(803M) 35.674ms
[602.837s][info][gc,cpu         ] GC(2027) User=0.07s Sys=0.00s Real=0.03s
[603.053s][info][gc,start       ] GC(2028) Pause Young (Allocation Failure)
[603.090s][info][gc,heap        ] GC(2028) PSYoungGen: 154128K(154624K)->38192K(203776K) Eden: 117248K(117248K)->0K(122368K) From: 36880K(37376K)->38192K(81408K)
[603.090s][info][gc,heap        ] GC(2028) ParOldGen: 546256K(667648K)->546256K(667648K)
[603.090s][info][gc,metaspace   ] GC(2028) Metaspace: 19061K(19264K)->19061K(19264K) NonClass: 16398K(16512K)->16398K(16512K) Class: 2663K(2752K)->2663K(2752K)
[603.091s][info][gc             ] GC(2028) Pause Young (Allocation Failure) 683M->570M(851M) 37.239ms
[603.091s][info][gc,cpu         ] GC(2028) User=0.07s Sys=0.00s Real=0.04s
[603.227s][info][gc,start       ] GC(2029) Pause Young (Allocation Failure)
[603.276s][info][gc,heap        ] GC(2029) PSYoungGen: 160560K(203776K)->52576K(209408K) Eden: 122368K(122368K)->0K(122368K) From: 38192K(81408K)->52576K(87040K)
[603.276s][info][gc,heap        ] GC(2029) ParOldGen: 546256K(667648K)->546256K(667648K)
[603.276s][info][gc,metaspace   ] GC(2029) Metaspace: 19061K(19264K)->19061K(19264K) NonClass: 16398K(16512K)->16398K(16512K) Class: 2663K(2752K)->2663K(2752K)
[603.277s][info][gc             ] GC(2029) Pause Young (Allocation Failure) 690M->584M(856M) 49.440ms
[603.277s][info][gc,cpu         ] GC(2029) User=0.10s Sys=0.00s Real=0.05s
[603.411s][info][gc,start       ] GC(2030) Pause Young (Allocation Failure)
[603.478s][info][gc,heap        ] GC(2030) PSYoungGen: 174944K(209408K)->76720K(206848K) Eden: 122368K(122368K)->0K(119296K) From: 52576K(87040K)->76720K(87552K)
[603.478s][info][gc,heap        ] GC(2030) ParOldGen: 546256K(667648K)->546256K(667648K)
[603.478s][info][gc,metaspace   ] GC(2030) Metaspace: 19061K(19264K)->19061K(19264K) NonClass: 16398K(16512K)->16398K(16512K) Class: 2663K(2752K)->2663K(2752K)
[603.478s][info][gc             ] GC(2030) Pause Young (Allocation Failure) 704M->608M(854M) 67.120ms
[603.478s][info][gc,cpu         ] GC(2030) User=0.13s Sys=0.00s Real=0.06s
[603.541s][info][gc,start       ] GC(2031) Pause Young (Allocation Failure)
[603.643s][info][gc,heap        ] GC(2031) PSYoungGen: 196016K(206848K)->96736K(216064K) Eden: 119296K(119296K)->0K(119296K) From: 76720K(87552K)->96736K(96768K)
[603.643s][info][gc,heap        ] GC(2031) ParOldGen: 546256K(667648K)->570536K(667648K)
[603.643s][info][gc,metaspace   ] GC(2031) Metaspace: 19061K(19264K)->19061K(19264K) NonClass: 16398K(16512K)->16398K(16512K) Class: 2663K(2752K)->2663K(2752K)
[603.643s][info][gc             ] GC(2031) Pause Young (Allocation Failure) 724M->651M(863M) 101.859ms
[603.643s][info][gc,cpu         ] GC(2031) User=0.21s Sys=0.00s Real=0.10s
[603.851s][info][gc,start       ] GC(2032) Pause Young (Allocation Failure)
[603.945s][info][gc,heap        ] GC(2032) PSYoungGen: 216032K(216064K)->77600K(222720K) Eden: 119296K(119296K)->0K(111616K) From: 96736K(96768K)->77600K(111104K)
[603.945s][info][gc,heap        ] GC(2032) ParOldGen: 570536K(667648K)->596928K(667648K)
[603.945s][info][gc,metaspace   ] GC(2032) Metaspace: 19061K(19264K)->19061K(19264K) NonClass: 16398K(16512K)->16398K(16512K) Class: 2663K(2752K)->2663K(2752K)
[603.945s][info][gc             ] GC(2032) Pause Young (Allocation Failure) 768M->658M(869M) 94.419ms
[603.945s][info][gc,cpu         ] GC(2032) User=0.18s Sys=0.01s Real=0.09s
[604.113s][info][gc,start       ] GC(2033) Pause Young (Allocation Failure)
[604.191s][info][gc,heap        ] GC(2033) PSYoungGen: 189216K(222720K)->70288K(222720K) Eden: 111616K(111616K)->0K(111616K) From: 77600K(111104K)->70288K(111104K)
[604.192s][info][gc,heap        ] GC(2033) ParOldGen: 596928K(667648K)->607584K(667648K)
[604.192s][info][gc,metaspace   ] GC(2033) Metaspace: 19061K(19264K)->19061K(19264K) NonClass: 16398K(16512K)->16398K(16512K) Class: 2663K(2752K)->2663K(2752K)
[604.192s][info][gc             ] GC(2033) Pause Young (Allocation Failure) 767M->661M(869M) 78.723ms
[604.192s][info][gc,cpu         ] GC(2033) User=0.15s Sys=0.00s Real=0.08s
[604.319s][info][gc,start       ] GC(2034) Pause Young (Allocation Failure)
[604.420s][info][gc,heap        ] GC(2034) PSYoungGen: 181904K(222720K)->92304K(222720K) Eden: 111616K(111616K)->0K(111616K) From: 70288K(111104K)->92304K(111104K)
[604.420s][info][gc,heap        ] GC(2034) ParOldGen: 607584K(667648K)->609101K(667648K)
[604.420s][info][gc,metaspace   ] GC(2034) Metaspace: 19061K(19264K)->19061K(19264K) NonClass: 16398K(16512K)->16398K(16512K) Class: 2663K(2752K)->2663K(2752K)
[604.420s][info][gc             ] GC(2034) Pause Young (Allocation Failure) 770M->684M(869M) 100.913ms
[604.420s][info][gc,cpu         ] GC(2034) User=0.19s Sys=0.01s Real=0.10s
[604.557s][info][gc,start       ] GC(2035) Pause Young (Allocation Failure)
[604.666s][info][gc,heap        ] GC(2035) PSYoungGen: 203920K(222720K)->64032K(222720K) Eden: 111616K(111616K)->0K(111616K) From: 92304K(111104K)->64032K(111104K)
[604.666s][info][gc,heap        ] GC(2035) ParOldGen: 609101K(667648K)->653126K(667648K)
[604.666s][info][gc,metaspace   ] GC(2035) Metaspace: 19061K(19264K)->19061K(19264K) NonClass: 16398K(16512K)->16398K(16512K) Class: 2663K(2752K)->2663K(2752K)
[604.666s][info][gc             ] GC(2035) Pause Young (Allocation Failure) 793M->700M(869M) 109.523ms
[604.666s][info][gc,cpu         ] GC(2035) User=0.22s Sys=0.00s Real=0.11s
[604.761s][info][gc,start       ] GC(2036) Pause Full (Allocation Failure)
[604.761s][info][gc,phases,start] GC(2036) Marking Phase
[605.130s][info][gc,phases      ] GC(2036) Marking Phase 368.620ms
[605.130s][info][gc,phases,start] GC(2036) Summary Phase
[605.130s][info][gc,phases      ] GC(2036) Summary Phase 0.026ms
[605.130s][info][gc,phases,start] GC(2036) Forward
[605.223s][info][gc,phases      ] GC(2036) Forward 92.866ms
[605.223s][info][gc,phases,start] GC(2036) Adjust Pointers
[605.493s][info][gc,phases      ] GC(2036) Adjust Pointers 270.247ms
[605.493s][info][gc,phases,start] GC(2036) Compaction Phase
[605.642s][info][gc,phases      ] GC(2036) Compaction Phase 149.418ms
[605.650s][info][gc,phases,start] GC(2036) Post Compact
[605.652s][info][gc,phases      ] GC(2036) Post Compact 2.389ms
[605.652s][info][gc,heap        ] GC(2036) PSYoungGen: 175648K(222720K)->0K(222720K) Eden: 111616K(111616K)->0K(111616K) From: 64032K(111104K)->0K(111104K)
[605.652s][info][gc,heap        ] GC(2036) ParOldGen: 653126K(667648K)->511336K(667648K)
[605.652s][info][gc,metaspace   ] GC(2036) Metaspace: 19061K(19264K)->19061K(19264K) NonClass: 16398K(16512K)->16398K(16512K) Class: 2663K(2752K)->2663K(2752K)
[605.652s][info][gc             ] GC(2036) Pause Full (Allocation Failure) 809M->499M(869M) 891.156ms
[605.652s][info][gc,cpu         ] GC(2036) User=1.68s Sys=0.00s Real=0.89s
[605.779s][info][gc,start       ] GC(2037) Pause Young (Allocation Failure)
[605.786s][info][gc,heap        ] GC(2037) PSYoungGen: 111616K(222720K)->224K(222720K) Eden: 111616K(111616K)->0K(111616K) From: 0K(111104K)->224K(111104K)
[605.786s][info][gc,heap        ] GC(2037) ParOldGen: 511336K(667648K)->511336K(667648K)
[605.786s][info][gc,metaspace   ] GC(2037) Metaspace: 19061K(19264K)->19061K(19264K) NonClass: 16398K(16512K)->16398K(16512K) Class: 2663K(2752K)->2663K(2752K)
[605.786s][info][gc             ] GC(2037) Pause Young (Allocation Failure) 608M->499M(869M) 6.615ms
[605.786s][info][gc,cpu         ] GC(2037) User=0.01s Sys=0.00s Real=0.01s
[605.915s][info][gc,start       ] GC(2038) Pause Young (Allocation Failure)
[605.923s][info][gc,heap        ] GC(2038) PSYoungGen: 111840K(222720K)->4160K(222720K) Eden: 111616K(111616K)->0K(111616K) From: 224K(111104K)->4160K(111104K)
[605.923s][info][gc,heap        ] GC(2038) ParOldGen: 511336K(667648K)->511336K(667648K)
[605.923s][info][gc,metaspace   ] GC(2038) Metaspace: 19061K(19264K)->19061K(19264K) NonClass: 16398K(16512K)->16398K(16512K) Class: 2663K(2752K)->2663K(2752K)
[605.923s][info][gc             ] GC(2038) Pause Young (Allocation Failure) 608M->503M(869M) 7.994ms
[605.923s][info][gc,cpu         ] GC(2038) User=0.02s Sys=0.00s Real=0.01s
[606.147s][info][gc,start       ] GC(2039) Pause Young (Allocation Failure)
[606.164s][info][gc,heap        ] GC(2039) PSYoungGen: 115776K(222720K)->10016K(222720K) Eden: 111616K(111616K)->0K(111616K) From: 4160K(111104K)->10016K(111104K)
[606.164s][info][gc,heap        ] GC(2039) ParOldGen: 511336K(667648K)->515472K(667648K)
[606.164s][info][gc,metaspace   ] GC(2039) Metaspace: 19061K(19264K)->19061K(19264K) NonClass: 16398K(16512K)->16398K(16512K) Class: 2663K(2752K)->2663K(2752K)
[606.164s][info][gc             ] GC(2039) Pause Young (Allocation Failure) 612M->513M(869M) 17.336ms
[606.164s][info][gc,cpu         ] GC(2039) User=0.03s Sys=0.00s Real=0.02s
[606.335s][info][gc,start       ] GC(2040) Pause Young (Allocation Failure)
[606.375s][info][gc,heap        ] GC(2040) PSYoungGen: 121632K(222720K)->16896K(222720K) Eden: 111616K(111616K)->0K(111616K) From: 10016K(111104K)->16896K(111104K)
[606.375s][info][gc,heap        ] GC(2040) ParOldGen: 515472K(667648K)->525465K(667648K)
[606.375s][info][gc,metaspace   ] GC(2040) Metaspace: 19061K(19264K)->19061K(19264K) NonClass: 16398K(16512K)->16398K(16512K) Class: 2663K(2752K)->2663K(2752K)
[606.375s][info][gc             ] GC(2040) Pause Young (Allocation Failure) 622M->529M(869M) 39.655ms
[606.375s][info][gc,cpu         ] GC(2040) User=0.08s Sys=0.00s Real=0.04s
[606.656s][info][gc,start       ] GC(2041) Pause Young (Allocation Failure)
[606.683s][info][gc,heap        ] GC(2041) PSYoungGen: 128512K(222720K)->12224K(222720K) Eden: 111616K(111616K)->0K(111616K) From: 16896K(111104K)->12224K(111104K)
[606.683s][info][gc,heap        ] GC(2041) ParOldGen: 525465K(667648K)->542377K(667648K)
[606.683s][info][gc,metaspace   ] GC(2041) Metaspace: 19061K(19264K)->19061K(19264K) NonClass: 16398K(16512K)->16398K(16512K) Class: 2663K(2752K)->2663K(2752K)
[606.683s][info][gc             ] GC(2041) Pause Young (Allocation Failure) 638M->541M(869M) 27.158ms
[606.683s][info][gc,cpu         ] GC(2041) User=0.06s Sys=0.00s Real=0.03s
[606.796s][info][gc,start       ] GC(2042) Pause Young (Allocation Failure)
[606.825s][info][gc,heap        ] GC(2042) PSYoungGen: 123840K(222720K)->28480K(222720K) Eden: 111616K(111616K)->0K(111616K) From: 12224K(111104K)->28480K(111104K)
[606.825s][info][gc,heap        ] GC(2042) ParOldGen: 542377K(667648K)->554705K(667648K)
[606.825s][info][gc,metaspace   ] GC(2042) Metaspace: 19061K(19264K)->19061K(19264K) NonClass: 16398K(16512K)->16398K(16512K) Class: 2663K(2752K)->2663K(2752K)
[606.825s][info][gc             ] GC(2042) Pause Young (Allocation Failure) 650M->569M(869M) 29.739ms
[606.825s][info][gc,cpu         ] GC(2042) User=0.06s Sys=0.00s Real=0.03s
[606.966s][info][gc,start       ] GC(2043) Pause Young (Allocation Failure)
[607.005s][info][gc,heap        ] GC(2043) PSYoungGen: 140096K(222720K)->10848K(222720K) Eden: 111616K(111616K)->0K(111616K) From: 28480K(111104K)->10848K(111104K)
[607.005s][info][gc,heap        ] GC(2043) ParOldGen: 554705K(667648K)->583270K(667648K)
[607.005s][info][gc,metaspace   ] GC(2043) Metaspace: 19061K(19264K)->19061K(19264K) NonClass: 16398K(16512K)->16398K(16512K) Class: 2663K(2752K)->2663K(2752K)
[607.005s][info][gc             ] GC(2043) Pause Young (Allocation Failure) 678M->580M(869M) 38.424ms
[607.005s][info][gc,cpu         ] GC(2043) User=0.07s Sys=0.00s Real=0.04s
[607.202s][info][gc,start       ] GC(2044) Pause Young (Allocation Failure)
[607.219s][info][gc,heap        ] GC(2044) PSYoungGen: 122464K(222720K)->64K(219648K) Eden: 111616K(111616K)->0K(111616K) From: 10848K(111104K)->64K(108032K)
[607.219s][info][gc,heap        ] GC(2044) ParOldGen: 583270K(667648K)->594142K(667648K)
[607.219s][info][gc,metaspace   ] GC(2044) Metaspace: 19061K(19264K)->19061K(19264K) NonClass: 16398K(16512K)->16398K(16512K) Class: 2663K(2752K)->2663K(2752K)
[607.219s][info][gc             ] GC(2044) Pause Young (Allocation Failure) 689M->580M(866M) 17.132ms
[607.220s][info][gc,cpu         ] GC(2044) User=0.03s Sys=0.00s Real=0.01s
[607.369s][info][gc,start       ] GC(2045) Pause Young (Allocation Failure)
[607.384s][info][gc,heap        ] GC(2045) PSYoungGen: 111680K(219648K)->12832K(221184K) Eden: 111616K(111616K)->0K(111616K) From: 64K(108032K)->12832K(109568K)
[607.384s][info][gc,heap        ] GC(2045) ParOldGen: 594142K(667648K)->594142K(667648K)
[607.384s][info][gc,metaspace   ] GC(2045) Metaspace: 19061K(19264K)->19061K(19264K) NonClass: 16398K(16512K)->16398K(16512K) Class: 2663K(2752K)->2663K(2752K)
[607.384s][info][gc             ] GC(2045) Pause Young (Allocation Failure) 689M->592M(868M) 15.830ms
[607.384s][info][gc,cpu         ] GC(2045) User=0.03s Sys=0.00s Real=0.02s
[607.487s][info][gc,start       ] GC(2046) Pause Young (Allocation Failure)
[607.510s][info][gc,heap        ] GC(2046) PSYoungGen: 124448K(221184K)->21696K(210944K) Eden: 111616K(111616K)->0K(117248K) From: 12832K(109568K)->21696K(93696K)
[607.510s][info][gc,heap        ] GC(2046) ParOldGen: 594142K(667648K)->594142K(667648K)
[607.510s][info][gc,metaspace   ] GC(2046) Metaspace: 19061K(19264K)->19061K(19264K) NonClass: 16398K(16512K)->16398K(16512K) Class: 2663K(2752K)->2663K(2752K)
[607.510s][info][gc             ] GC(2046) Pause Young (Allocation Failure) 701M->601M(858M) 23.350ms
[607.510s][info][gc,cpu         ] GC(2046) User=0.05s Sys=0.00s Real=0.02s
[607.639s][info][gc,start       ] GC(2047) Pause Young (Allocation Failure)
[607.664s][info][gc,heap        ] GC(2047) PSYoungGen: 138944K(210944K)->23680K(141312K) Eden: 117248K(117248K)->0K(117248K) From: 21696K(93696K)->23680K(24064K)
[607.664s][info][gc,heap        ] GC(2047) ParOldGen: 594142K(667648K)->594142K(667648K)
[607.664s][info][gc,metaspace   ] GC(2047) Metaspace: 19061K(19264K)->19061K(19264K) NonClass: 16398K(16512K)->16398K(16512K) Class: 2663K(2752K)->2663K(2752K)
[607.665s][info][gc             ] GC(2047) Pause Young (Allocation Failure) 715M->603M(790M) 25.297ms
[607.665s][info][gc,cpu         ] GC(2047) User=0.05s Sys=0.00s Real=0.03s
[607.821s][info][gc,start       ] GC(2048) Pause Young (Allocation Failure)
[607.860s][info][gc,heap        ] GC(2048) PSYoungGen: 140928K(141312K)->38176K(211456K) Eden: 117248K(117248K)->0K(123392K) From: 23680K(24064K)->38176K(88064K)
[607.860s][info][gc,heap        ] GC(2048) ParOldGen: 594142K(667648K)->594142K(667648K)
[607.860s][info][gc,metaspace   ] GC(2048) Metaspace: 19061K(19264K)->19061K(19264K) NonClass: 16398K(16512K)->16398K(16512K) Class: 2663K(2752K)->2663K(2752K)
[607.860s][info][gc             ] GC(2048) Pause Young (Allocation Failure) 717M->617M(858M) 39.018ms
[607.860s][info][gc,cpu         ] GC(2048) User=0.08s Sys=0.00s Real=0.03s
[608.177s][info][gc,start       ] GC(2049) Pause Young (Allocation Failure)
[608.214s][info][gc,heap        ] GC(2049) PSYoungGen: 161568K(211456K)->38208K(213504K) Eden: 123392K(123392K)->0K(123392K) From: 38176K(88064K)->38208K(90112K)
[608.214s][info][gc,heap        ] GC(2049) ParOldGen: 594142K(667648K)->594142K(667648K)
[608.214s][info][gc,metaspace   ] GC(2049) Metaspace: 19061K(19264K)->19061K(19264K) NonClass: 16398K(16512K)->16398K(16512K) Class: 2663K(2752K)->2663K(2752K)
[608.214s][info][gc             ] GC(2049) Pause Young (Allocation Failure) 737M->617M(860M) 37.258ms
[608.214s][info][gc,cpu         ] GC(2049) User=0.07s Sys=0.00s Real=0.04s
[608.492s][info][gc,start       ] GC(2050) Pause Young (Allocation Failure)
[608.530s][info][gc,heap        ] GC(2050) PSYoungGen: 161600K(213504K)->38208K(209920K) Eden: 123392K(123392K)->0K(129024K) From: 38208K(90112K)->38208K(80896K)
[608.530s][info][gc,heap        ] GC(2050) ParOldGen: 594142K(667648K)->594142K(667648K)
[608.530s][info][gc,metaspace   ] GC(2050) Metaspace: 19061K(19264K)->19061K(19264K) NonClass: 16398K(16512K)->16398K(16512K) Class: 2663K(2752K)->2663K(2752K)
[608.530s][info][gc             ] GC(2050) Pause Young (Allocation Failure) 738M->617M(857M) 37.789ms
[608.530s][info][gc,cpu         ] GC(2050) User=0.08s Sys=0.00s Real=0.03s
[608.815s][info][gc,start       ] GC(2051) Pause Young (Allocation Failure)
[608.852s][info][gc,heap        ] GC(2051) PSYoungGen: 167232K(209920K)->38240K(213504K) Eden: 129024K(129024K)->0K(129024K) From: 38208K(80896K)->38240K(84480K)
[608.852s][info][gc,heap        ] GC(2051) ParOldGen: 594142K(667648K)->594142K(667648K)
[608.852s][info][gc,metaspace   ] GC(2051) Metaspace: 19061K(19264K)->19061K(19264K) NonClass: 16398K(16512K)->16398K(16512K) Class: 2663K(2752K)->2663K(2752K)
[608.852s][info][gc             ] GC(2051) Pause Young (Allocation Failure) 743M->617M(860M) 37.442ms
[608.852s][info][gc,cpu         ] GC(2051) User=0.08s Sys=0.00s Real=0.04s
[609.069s][info][gc,start       ] GC(2052) Pause Young (Allocation Failure)
[609.119s][info][gc,heap        ] GC(2052) PSYoungGen: 167264K(213504K)->48880K(215552K) Eden: 129024K(129024K)->0K(133632K) From: 38240K(84480K)->48880K(81920K)
[609.119s][info][gc,heap        ] GC(2052) ParOldGen: 594142K(667648K)->594142K(667648K)
[609.119s][info][gc,metaspace   ] GC(2052) Metaspace: 19061K(19264K)->19061K(19264K) NonClass: 16398K(16512K)->16398K(16512K) Class: 2663K(2752K)->2663K(2752K)
[609.119s][info][gc             ] GC(2052) Pause Young (Allocation Failure) 743M->627M(862M) 49.549ms
[609.119s][info][gc,cpu         ] GC(2052) User=0.10s Sys=0.00s Real=0.05s
[609.192s][info][gc,start       ] GC(2053) Pause Young (Allocation Failure)
[609.279s][info][gc,heap        ] GC(2053) PSYoungGen: 182512K(215552K)->83440K(217088K) Eden: 133632K(133632K)->0K(133632K) From: 48880K(81920K)->83440K(83456K)
[609.279s][info][gc,heap        ] GC(2053) ParOldGen: 594142K(667648K)->608350K(667648K)
[609.279s][info][gc,metaspace   ] GC(2053) Metaspace: 19061K(19264K)->19061K(19264K) NonClass: 16398K(16512K)->16398K(16512K) Class: 2663K(2752K)->2663K(2752K)
[609.279s][info][gc             ] GC(2053) Pause Young (Allocation Failure) 758M->675M(864M) 87.157ms
[609.279s][info][gc,cpu         ] GC(2053) User=0.17s Sys=0.00s Real=0.08s
[609.480s][info][gc,start       ] GC(2054) Pause Young (Allocation Failure)
[609.575s][info][gc,heap        ] GC(2054) PSYoungGen: 217072K(217088K)->82144K(213504K) Eden: 133632K(133632K)->0K(111616K) From: 83440K(83456K)->82144K(101888K)
[609.575s][info][gc,heap        ] GC(2054) ParOldGen: 608350K(667648K)->621182K(667648K)
[609.575s][info][gc,metaspace   ] GC(2054) Metaspace: 19061K(19264K)->19061K(19264K) NonClass: 16398K(16512K)->16398K(16512K) Class: 2663K(2752K)->2663K(2752K)
[609.575s][info][gc             ] GC(2054) Pause Young (Allocation Failure) 806M->686M(860M) 94.430ms
[609.575s][info][gc,cpu         ] GC(2054) User=0.18s Sys=0.01s Real=0.10s
[609.735s][info][gc,start       ] GC(2055) Pause Young (Allocation Failure)
[609.829s][info][gc,heap        ] GC(2055) PSYoungGen: 193760K(213504K)->86544K(222720K) Eden: 111616K(111616K)->0K(111616K) From: 82144K(101888K)->86544K(111104K)
[609.829s][info][gc,heap        ] GC(2055) ParOldGen: 621182K(667648K)->632054K(667648K)
[609.829s][info][gc,metaspace   ] GC(2055) Metaspace: 19061K(19264K)->19061K(19264K) NonClass: 16398K(16512K)->16398K(16512K) Class: 2663K(2752K)->2663K(2752K)
[609.829s][info][gc             ] GC(2055) Pause Young (Allocation Failure) 795M->701M(869M) 93.794ms
[609.829s][info][gc,cpu         ] GC(2055) User=0.19s Sys=0.00s Real=0.09s
[609.987s][info][gc,start       ] GC(2056) Pause Young (Allocation Failure)
[610.083s][info][gc,heap        ] GC(2056) PSYoungGen: 198160K(222720K)->85081K(222720K) Eden: 111616K(111616K)->0K(111616K) From: 86544K(111104K)->85081K(111104K)
[610.083s][info][gc,heap        ] GC(2056) ParOldGen: 632054K(667648K)->646620K(667648K)
[610.083s][info][gc,metaspace   ] GC(2056) Metaspace: 19061K(19264K)->19061K(19264K) NonClass: 16398K(16512K)->16398K(16512K) Class: 2663K(2752K)->2663K(2752K)
[610.083s][info][gc             ] GC(2056) Pause Young (Allocation Failure) 810M->714M(869M) 95.802ms
[610.083s][info][gc,cpu         ] GC(2056) User=0.18s Sys=0.00s Real=0.10s
[610.138s][info][gc,start       ] GC(2057) Pause Full (Allocation Failure)
[610.138s][info][gc,phases,start] GC(2057) Marking Phase
[610.441s][info][gc,phases      ] GC(2057) Marking Phase 303.379ms
[610.441s][info][gc,phases,start] GC(2057) Summary Phase
[610.441s][info][gc,phases      ] GC(2057) Summary Phase 0.027ms
[610.441s][info][gc,phases,start] GC(2057) Forward
[610.581s][info][gc,phases      ] GC(2057) Forward 139.970ms
[610.581s][info][gc,phases,start] GC(2057) Adjust Pointers
[610.812s][info][gc,phases      ] GC(2057) Adjust Pointers 230.390ms
[610.812s][info][gc,phases,start] GC(2057) Compaction Phase
[610.951s][info][gc,phases      ] GC(2057) Compaction Phase 139.231ms
[610.963s][info][gc,phases,start] GC(2057) Post Compact
[610.965s][info][gc,phases      ] GC(2057) Post Compact 2.422ms
[610.965s][info][gc,heap        ] GC(2057) PSYoungGen: 196697K(222720K)->0K(222720K) Eden: 111616K(111616K)->0K(111616K) From: 85081K(111104K)->0K(111104K)
[610.965s][info][gc,heap        ] GC(2057) ParOldGen: 646620K(667648K)->441389K(667648K)
[610.965s][info][gc,metaspace   ] GC(2057) Metaspace: 19061K(19264K)->19061K(19264K) NonClass: 16398K(16512K)->16398K(16512K) Class: 2663K(2752K)->2663K(2752K)
[610.965s][info][gc             ] GC(2057) Pause Full (Allocation Failure) 823M->431M(869M) 827.510ms
[610.965s][info][gc,cpu         ] GC(2057) User=1.49s Sys=0.00s Real=0.83s
[611.106s][info][gc,start       ] GC(2058) Pause Young (Allocation Failure)
[611.126s][info][gc,heap        ] GC(2058) PSYoungGen: 111616K(222720K)->21536K(222720K) Eden: 111616K(111616K)->0K(111616K) From: 0K(111104K)->21536K(111104K)
[611.126s][info][gc,heap        ] GC(2058) ParOldGen: 441389K(667648K)->441389K(667648K)
[611.126s][info][gc,metaspace   ] GC(2058) Metaspace: 19061K(19264K)->19061K(19264K) NonClass: 16398K(16512K)->16398K(16512K) Class: 2663K(2752K)->2663K(2752K)
[611.126s][info][gc             ] GC(2058) Pause Young (Allocation Failure) 540M->452M(869M) 20.018ms
[611.126s][info][gc,cpu         ] GC(2058) User=0.04s Sys=0.00s Real=0.02s
[611.210s][info][gc,start       ] GC(2059) Pause Young (Allocation Failure)
[611.230s][info][gc,heap        ] GC(2059) PSYoungGen: 133152K(222720K)->23616K(222720K) Eden: 111616K(111616K)->0K(111616K) From: 21536K(111104K)->23616K(111104K)
[611.230s][info][gc,heap        ] GC(2059) ParOldGen: 441389K(667648K)->441389K(667648K)
[611.230s][info][gc,metaspace   ] GC(2059) Metaspace: 19061K(19264K)->19061K(19264K) NonClass: 16398K(16512K)->16398K(16512K) Class: 2663K(2752K)->2663K(2752K)
[611.230s][info][gc             ] GC(2059) Pause Young (Allocation Failure) 561M->454M(869M) 19.725ms
[611.230s][info][gc,cpu         ] GC(2059) User=0.04s Sys=0.00s Real=0.02s
[611.377s][info][gc,start       ] GC(2060) Pause Young (Allocation Failure)
[611.425s][info][gc,heap        ] GC(2060) PSYoungGen: 135232K(222720K)->39904K(222720K) Eden: 111616K(111616K)->0K(111616K) From: 23616K(111104K)->39904K(111104K)
[611.425s][info][gc,heap        ] GC(2060) ParOldGen: 441389K(667648K)->441389K(667648K)
[611.425s][info][gc,metaspace   ] GC(2060) Metaspace: 19061K(19264K)->19061K(19264K) NonClass: 16398K(16512K)->16398K(16512K) Class: 2663K(2752K)->2663K(2752K)
[611.425s][info][gc             ] GC(2060) Pause Young (Allocation Failure) 563M->470M(869M) 47.716ms
[611.425s][info][gc,cpu         ] GC(2060) User=0.09s Sys=0.00s Real=0.05s
[611.576s][info][gc,start       ] GC(2061) Pause Young (Allocation Failure)
[611.624s][info][gc,heap        ] GC(2061) PSYoungGen: 151520K(222720K)->19392K(222720K) Eden: 111616K(111616K)->0K(111616K) From: 39904K(111104K)->19392K(111104K)
[611.624s][info][gc,heap        ] GC(2061) ParOldGen: 441389K(667648K)->463132K(667648K)
[611.624s][info][gc,metaspace   ] GC(2061) Metaspace: 19061K(19264K)->19061K(19264K) NonClass: 16398K(16512K)->16398K(16512K) Class: 2663K(2752K)->2663K(2752K)
[611.624s][info][gc             ] GC(2061) Pause Young (Allocation Failure) 579M->471M(869M) 47.291ms
[611.624s][info][gc,cpu         ] GC(2061) User=0.09s Sys=0.00s Real=0.05s
[611.777s][info][gc,start       ] GC(2062) Pause Young (Allocation Failure)
[611.808s][info][gc,heap        ] GC(2062) PSYoungGen: 131008K(222720K)->1088K(222720K) Eden: 111616K(111616K)->0K(111616K) From: 19392K(111104K)->1088K(111104K)
[611.808s][info][gc,heap        ] GC(2062) ParOldGen: 463132K(667648K)->481516K(667648K)
[611.808s][info][gc,metaspace   ] GC(2062) Metaspace: 19061K(19264K)->19061K(19264K) NonClass: 16398K(16512K)->16398K(16512K) Class: 2663K(2752K)->2663K(2752K)
[611.808s][info][gc             ] GC(2062) Pause Young (Allocation Failure) 580M->471M(869M) 31.286ms
[611.808s][info][gc,cpu         ] GC(2062) User=0.06s Sys=0.00s Real=0.03s
[611.962s][info][gc,start       ] GC(2063) Pause Young (Allocation Failure)
[611.965s][info][gc,heap        ] GC(2063) PSYoungGen: 112704K(222720K)->64K(222720K) Eden: 111616K(111616K)->0K(111616K) From: 1088K(111104K)->64K(111104K)
[611.965s][info][gc,heap        ] GC(2063) ParOldGen: 481516K(667648K)->482564K(667648K)
[611.965s][info][gc,metaspace   ] GC(2063) Metaspace: 19061K(19264K)->19061K(19264K) NonClass: 16398K(16512K)->16398K(16512K) Class: 2663K(2752K)->2663K(2752K)
[611.965s][info][gc             ] GC(2063) Pause Young (Allocation Failure) 580M->471M(869M) 2.784ms
[611.965s][info][gc,cpu         ] GC(2063) User=0.00s Sys=0.00s Real=0.00s
[612.111s][info][gc,start       ] GC(2064) Pause Young (Allocation Failure)
[612.113s][info][gc,heap        ] GC(2064) PSYoungGen: 111680K(222720K)->64K(221696K) Eden: 111616K(111616K)->0K(111616K) From: 64K(111104K)->64K(110080K)
[612.113s][info][gc,heap        ] GC(2064) ParOldGen: 482564K(667648K)->482564K(667648K)
[612.113s][info][gc,metaspace   ] GC(2064) Metaspace: 19061K(19264K)->19061K(19264K) NonClass: 16398K(16512K)->16398K(16512K) Class: 2663K(2752K)->2663K(2752K)
[612.113s][info][gc             ] GC(2064) Pause Young (Allocation Failure) 580M->471M(868M) 1.667ms
[612.113s][info][gc,cpu         ] GC(2064) User=0.01s Sys=0.00s Real=0.00s
[612.259s][info][gc,start       ] GC(2065) Pause Young (Allocation Failure)
[612.261s][info][gc,heap        ] GC(2065) PSYoungGen: 111680K(221696K)->64K(112128K) Eden: 111616K(111616K)->0K(111616K) From: 64K(110080K)->64K(512K)
[612.261s][info][gc,heap        ] GC(2065) ParOldGen: 482564K(667648K)->482564K(667648K)
[612.261s][info][gc,metaspace   ] GC(2065) Metaspace: 19061K(19264K)->19061K(19264K) NonClass: 16398K(16512K)->16398K(16512K) Class: 2663K(2752K)->2663K(2752K)
[612.261s][info][gc             ] GC(2065) Pause Young (Allocation Failure) 580M->471M(761M) 1.678ms
[612.261s][info][gc,cpu         ] GC(2065) User=0.00s Sys=0.00s Real=0.01s
[612.406s][info][gc,start       ] GC(2066) Pause Young (Allocation Failure)
[612.408s][info][gc,heap        ] GC(2066) PSYoungGen: 111680K(112128K)->64K(219136K) Eden: 111616K(111616K)->0K(115200K) From: 64K(512K)->64K(103936K)
[612.408s][info][gc,heap        ] GC(2066) ParOldGen: 482564K(667648K)->482564K(667648K)
[612.408s][info][gc,metaspace   ] GC(2066) Metaspace: 19061K(19264K)->19061K(19264K) NonClass: 16398K(16512K)->16398K(16512K) Class: 2663K(2752K)->2663K(2752K)
[612.408s][info][gc             ] GC(2066) Pause Young (Allocation Failure) 580M->471M(866M) 1.674ms
[612.408s][info][gc,cpu         ] GC(2066) User=0.00s Sys=0.00s Real=0.00s
[612.561s][info][gc,start       ] GC(2067) Pause Young (Allocation Failure)
[612.562s][info][gc,heap        ] GC(2067) PSYoungGen: 115264K(219136K)->64K(115712K) Eden: 115200K(115200K)->0K(115200K) From: 64K(103936K)->64K(512K)
[612.562s][info][gc,heap        ] GC(2067) ParOldGen: 482564K(667648K)->482564K(667648K)
[612.562s][info][gc,metaspace   ] GC(2067) Metaspace: 19061K(19264K)->19061K(19264K) NonClass: 16398K(16512K)->16398K(16512K) Class: 2663K(2752K)->2663K(2752K)
[612.562s][info][gc             ] GC(2067) Pause Young (Allocation Failure) 583M->471M(765M) 1.683ms
[612.562s][info][gc,cpu         ] GC(2067) User=0.01s Sys=0.00s Real=0.00s
[612.712s][info][gc,start       ] GC(2068) Pause Young (Allocation Failure)
[612.714s][info][gc,heap        ] GC(2068) PSYoungGen: 115264K(115712K)->64K(210432K) Eden: 115200K(115200K)->0K(117760K) From: 64K(512K)->64K(92672K)
[612.714s][info][gc,heap        ] GC(2068) ParOldGen: 482564K(667648K)->482564K(667648K)
[612.714s][info][gc,metaspace   ] GC(2068) Metaspace: 19061K(19264K)->19061K(19264K) NonClass: 16398K(16512K)->16398K(16512K) Class: 2663K(2752K)->2663K(2752K)
[612.714s][info][gc             ] GC(2068) Pause Young (Allocation Failure) 583M->471M(857M) 1.810ms
[612.714s][info][gc,cpu         ] GC(2068) User=0.01s Sys=0.00s Real=0.00s
[612.846s][info][gc,start       ] GC(2069) Pause Young (Allocation Failure)
[612.862s][info][gc,heap        ] GC(2069) PSYoungGen: 117824K(210432K)->11936K(130048K) Eden: 117760K(117760K)->0K(117760K) From: 64K(92672K)->11936K(12288K)
[612.862s][info][gc,heap        ] GC(2069) ParOldGen: 482564K(667648K)->482564K(667648K)
[612.862s][info][gc,metaspace   ] GC(2069) Metaspace: 19061K(19264K)->19061K(19264K) NonClass: 16398K(16512K)->16398K(16512K) Class: 2663K(2752K)->2663K(2752K)
[612.862s][info][gc             ] GC(2069) Pause Young (Allocation Failure) 586M->482M(779M) 15.507ms
[612.862s][info][gc,cpu         ] GC(2069) User=0.03s Sys=0.00s Real=0.02s
[612.973s][info][gc,start       ] GC(2070) Pause Young (Allocation Failure)
[613.006s][info][gc,heap        ] GC(2070) PSYoungGen: 129696K(130048K)->31360K(210944K) Eden: 117760K(117760K)->0K(122880K) From: 11936K(12288K)->31360K(88064K)
[613.006s][info][gc,heap        ] GC(2070) ParOldGen: 482564K(667648K)->482564K(667648K)
[613.006s][info][gc,metaspace   ] GC(2070) Metaspace: 19061K(19264K)->19061K(19264K) NonClass: 16398K(16512K)->16398K(16512K) Class: 2663K(2752K)->2663K(2752K)
[613.006s][info][gc             ] GC(2070) Pause Young (Allocation Failure) 597M->501M(858M) 32.776ms
[613.006s][info][gc,cpu         ] GC(2070) User=0.06s Sys=0.00s Real=0.03s
[613.110s][info][gc,start       ] GC(2071) Pause Young (Allocation Failure)
[613.146s][info][gc,heap        ] GC(2071) PSYoungGen: 154240K(210944K)->35104K(211456K) Eden: 122880K(122880K)->0K(122880K) From: 31360K(88064K)->35104K(88576K)
[613.146s][info][gc,heap        ] GC(2071) ParOldGen: 482564K(667648K)->482564K(667648K)
[613.146s][info][gc,metaspace   ] GC(2071) Metaspace: 19061K(19264K)->19061K(19264K) NonClass: 16398K(16512K)->16398K(16512K) Class: 2663K(2752K)->2663K(2752K)
[613.146s][info][gc             ] GC(2071) Pause Young (Allocation Failure) 621M->505M(858M) 36.017ms
[613.146s][info][gc,cpu         ] GC(2071) User=0.07s Sys=0.00s Real=0.04s
[613.257s][info][gc,start       ] GC(2072) Pause Young (Allocation Failure)
[613.293s][info][gc,heap        ] GC(2072) PSYoungGen: 157984K(211456K)->36416K(214528K) Eden: 122880K(122880K)->0K(130048K) From: 35104K(88576K)->36416K(84480K)
[613.293s][info][gc,heap        ] GC(2072) ParOldGen: 482564K(667648K)->482564K(667648K)
[613.293s][info][gc,metaspace   ] GC(2072) Metaspace: 19061K(19264K)->19061K(19264K) NonClass: 16398K(16512K)->16398K(16512K) Class: 2663K(2752K)->2663K(2752K)
[613.293s][info][gc             ] GC(2072) Pause Young (Allocation Failure) 625M->506M(861M) 36.748ms
[613.293s][info][gc,cpu         ] GC(2072) User=0.07s Sys=0.00s Real=0.04s
[613.420s][info][gc,start       ] GC(2073) Pause Young (Allocation Failure)
[613.460s][info][gc,heap        ] GC(2073) PSYoungGen: 166464K(214528K)->39872K(215552K) Eden: 130048K(130048K)->0K(130048K) From: 36416K(84480K)->39872K(85504K)
[613.460s][info][gc,heap        ] GC(2073) ParOldGen: 482564K(667648K)->482564K(667648K)
[613.460s][info][gc,metaspace   ] GC(2073) Metaspace: 19061K(19264K)->19061K(19264K) NonClass: 16398K(16512K)->16398K(16512K) Class: 2663K(2752K)->2663K(2752K)
[613.460s][info][gc             ] GC(2073) Pause Young (Allocation Failure) 633M->510M(862M) 40.030ms
[613.460s][info][gc,cpu         ] GC(2073) User=0.07s Sys=0.00s Real=0.04s
[613.555s][info][gc,start       ] GC(2074) Pause Young (Allocation Failure)
[613.608s][info][gc,heap        ] GC(2074) PSYoungGen: 169920K(215552K)->50112K(220672K) Eden: 130048K(130048K)->0K(135168K) From: 39872K(85504K)->50112K(85504K)
[613.608s][info][gc,heap        ] GC(2074) ParOldGen: 482564K(667648K)->482564K(667648K)
[613.608s][info][gc,metaspace   ] GC(2074) Metaspace: 19061K(19264K)->19061K(19264K) NonClass: 16398K(16512K)->16398K(16512K) Class: 2663K(2752K)->2663K(2752K)
[613.608s][info][gc             ] GC(2074) Pause Young (Allocation Failure) 637M->520M(867M) 52.539ms
[613.608s][info][gc,cpu         ] GC(2074) User=0.11s Sys=0.01s Real=0.05s
[613.719s][info][gc,start       ] GC(2075) Pause Young (Allocation Failure)
[613.789s][info][gc,heap        ] GC(2075) PSYoungGen: 185280K(220672K)->70176K(223744K) Eden: 135168K(135168K)->0K(135168K) From: 50112K(85504K)->70176K(88576K)
[613.789s][info][gc,heap        ] GC(2075) ParOldGen: 482564K(667648K)->482564K(667648K)
[613.789s][info][gc,metaspace   ] GC(2075) Metaspace: 19061K(19264K)->19061K(19264K) NonClass: 16398K(16512K)->16398K(16512K) Class: 2663K(2752K)->2663K(2752K)
[613.789s][info][gc             ] GC(2075) Pause Young (Allocation Failure) 652M->539M(870M) 69.416ms
[613.789s][info][gc,cpu         ] GC(2075) User=0.13s Sys=0.00s Real=0.07s
[613.905s][info][gc,start       ] GC(2076) Pause Young (Allocation Failure)
[614.012s][info][gc,heap        ] GC(2076) PSYoungGen: 205344K(223744K)->96800K(209920K) Eden: 135168K(135168K)->0K(111616K) From: 70176K(88576K)->96800K(98304K)
[614.012s][info][gc,heap        ] GC(2076) ParOldGen: 482564K(667648K)->482564K(667648K)
[614.012s][info][gc,metaspace   ] GC(2076) Metaspace: 19061K(19264K)->19061K(19264K) NonClass: 16398K(16512K)->16398K(16512K) Class: 2663K(2752K)->2663K(2752K)
[614.012s][info][gc             ] GC(2076) Pause Young (Allocation Failure) 671M->565M(857M) 106.939ms
[614.012s][info][gc,cpu         ] GC(2076) User=0.19s Sys=0.01s Real=0.11s
[614.091s][info][gc,start       ] GC(2077) Pause Young (Allocation Failure)
[614.197s][info][gc,heap        ] GC(2077) PSYoungGen: 208416K(209920K)->99776K(222720K) Eden: 111616K(111616K)->0K(111616K) From: 96800K(98304K)->99776K(111104K)
[614.197s][info][gc,heap        ] GC(2077) ParOldGen: 482564K(667648K)->482564K(667648K)
[614.197s][info][gc,metaspace   ] GC(2077) Metaspace: 19061K(19264K)->19061K(19264K) NonClass: 16398K(16512K)->16398K(16512K) Class: 2663K(2752K)->2663K(2752K)
[614.197s][info][gc             ] GC(2077) Pause Young (Allocation Failure) 674M->568M(869M) 106.402ms
[614.197s][info][gc,cpu         ] GC(2077) User=0.21s Sys=0.00s Real=0.10s
[614.335s][info][gc,start       ] GC(2078) Pause Young (Allocation Failure)
[614.434s][info][gc,heap        ] GC(2078) PSYoungGen: 211392K(222720K)->101200K(222720K) Eden: 111616K(111616K)->0K(111616K) From: 99776K(111104K)->101200K(111104K)
[614.434s][info][gc,heap        ] GC(2078) ParOldGen: 482564K(667648K)->482564K(667648K)
[614.434s][info][gc,metaspace   ] GC(2078) Metaspace: 19061K(19264K)->19061K(19264K) NonClass: 16398K(16512K)->16398K(16512K) Class: 2663K(2752K)->2663K(2752K)
[614.434s][info][gc             ] GC(2078) Pause Young (Allocation Failure) 677M->570M(869M) 99.518ms
[614.434s][info][gc,cpu         ] GC(2078) User=0.20s Sys=0.00s Real=0.10s
[614.576s][info][gc,start       ] GC(2079) Pause Young (Allocation Failure)
[614.681s][info][gc,heap        ] GC(2079) PSYoungGen: 212816K(222720K)->91392K(222720K) Eden: 111616K(111616K)->0K(111616K) From: 101200K(111104K)->91392K(111104K)
[614.681s][info][gc,heap        ] GC(2079) ParOldGen: 482564K(667648K)->494484K(667648K)
[614.681s][info][gc,metaspace   ] GC(2079) Metaspace: 19061K(19264K)->19061K(19264K) NonClass: 16398K(16512K)->16398K(16512K) Class: 2663K(2752K)->2663K(2752K)
[614.681s][info][gc             ] GC(2079) Pause Young (Allocation Failure) 679M->572M(869M) 104.740ms
[614.681s][info][gc,cpu         ] GC(2079) User=0.21s Sys=0.00s Real=0.11s
[614.863s][info][gc,start       ] GC(2080) Pause Young (Allocation Failure)
[614.959s][info][gc,heap        ] GC(2080) PSYoungGen: 203008K(222720K)->77232K(222720K) Eden: 111616K(111616K)->0K(111616K) From: 91392K(111104K)->77232K(111104K)
[614.959s][info][gc,heap        ] GC(2080) ParOldGen: 494484K(667648K)->517740K(667648K)
[614.959s][info][gc,metaspace   ] GC(2080) Metaspace: 19061K(19264K)->19061K(19264K) NonClass: 16398K(16512K)->16398K(16512K) Class: 2663K(2752K)->2663K(2752K)
[614.959s][info][gc             ] GC(2080) Pause Young (Allocation Failure) 681M->581M(869M) 96.458ms
[614.959s][info][gc,cpu         ] GC(2080) User=0.19s Sys=0.00s Real=0.09s
[615.105s][info][gc,start       ] GC(2081) Pause Young (Allocation Failure)
[615.195s][info][gc,heap        ] GC(2081) PSYoungGen: 188848K(222720K)->86960K(222720K) Eden: 111616K(111616K)->0K(111616K) From: 77232K(111104K)->86960K(111104K)
[615.195s][info][gc,heap        ] GC(2081) ParOldGen: 517740K(667648K)->522492K(667648K)
[615.195s][info][gc,metaspace   ] GC(2081) Metaspace: 19061K(19264K)->19061K(19264K) NonClass: 16398K(16512K)->16398K(16512K) Class: 2663K(2752K)->2663K(2752K)
[615.195s][info][gc             ] GC(2081) Pause Young (Allocation Failure) 690M->595M(869M) 89.972ms
[615.195s][info][gc,cpu         ] GC(2081) User=0.18s Sys=0.00s Real=0.09s
[615.564s][info][gc,start       ] GC(2082) Pause Young (Allocation Failure)
[615.648s][info][gc,heap        ] GC(2082) PSYoungGen: 198576K(222720K)->56720K(222720K) Eden: 111616K(111616K)->0K(111616K) From: 86960K(111104K)->56720K(111104K)
[615.648s][info][gc,heap        ] GC(2082) ParOldGen: 522492K(667648K)->552884K(667648K)
[615.648s][info][gc,metaspace   ] GC(2082) Metaspace: 19061K(19264K)->19061K(19264K) NonClass: 16398K(16512K)->16398K(16512K) Class: 2663K(2752K)->2663K(2752K)
[615.648s][info][gc             ] GC(2082) Pause Young (Allocation Failure) 704M->595M(869M) 83.868ms
[615.648s][info][gc,cpu         ] GC(2082) User=0.16s Sys=0.01s Real=0.08s
[615.931s][info][gc,start       ] GC(2083) Pause Young (Allocation Failure)
[615.988s][info][gc,heap        ] GC(2083) PSYoungGen: 168336K(222720K)->27104K(222720K) Eden: 111616K(111616K)->0K(111616K) From: 56720K(111104K)->27104K(111104K)
[615.988s][info][gc,heap        ] GC(2083) ParOldGen: 552884K(667648K)->582564K(667648K)
[615.988s][info][gc,metaspace   ] GC(2083) Metaspace: 19061K(19264K)->19061K(19264K) NonClass: 16398K(16512K)->16398K(16512K) Class: 2663K(2752K)->2663K(2752K)
[615.988s][info][gc             ] GC(2083) Pause Young (Allocation Failure) 704M->595M(869M) 56.441ms
[615.988s][info][gc,cpu         ] GC(2083) User=0.11s Sys=0.00s Real=0.05s
[616.264s][info][gc,start       ] GC(2084) Pause Young (Allocation Failure)
[616.293s][info][gc,heap        ] GC(2084) PSYoungGen: 138720K(222720K)->23600K(222720K) Eden: 111616K(111616K)->0K(111616K) From: 27104K(111104K)->23600K(111104K)
[616.293s][info][gc,heap        ] GC(2084) ParOldGen: 582564K(667648K)->586100K(667648K)
[616.293s][info][gc,metaspace   ] GC(2084) Metaspace: 19061K(19264K)->19061K(19264K) NonClass: 16398K(16512K)->16398K(16512K) Class: 2663K(2752K)->2663K(2752K)
[616.293s][info][gc             ] GC(2084) Pause Young (Allocation Failure) 704M->595M(869M) 28.689ms
[616.293s][info][gc,cpu         ] GC(2084) User=0.05s Sys=0.00s Real=0.03s
[616.561s][info][gc,start       ] GC(2085) Pause Young (Allocation Failure)
[616.586s][info][gc,heap        ] GC(2085) PSYoungGen: 135216K(222720K)->128K(222720K) Eden: 111616K(111616K)->0K(111616K) From: 23600K(111104K)->128K(111104K)
[616.586s][info][gc,heap        ] GC(2085) ParOldGen: 586100K(667648K)->609613K(667648K)
[616.586s][info][gc,metaspace   ] GC(2085) Metaspace: 19061K(19264K)->19061K(19264K) NonClass: 16398K(16512K)->16398K(16512K) Class: 2663K(2752K)->2663K(2752K)
[616.586s][info][gc             ] GC(2085) Pause Young (Allocation Failure) 704M->595M(869M) 25.495ms
[616.586s][info][gc,cpu         ] GC(2085) User=0.05s Sys=0.00s Real=0.02s
[616.859s][info][gc,start       ] GC(2086) Pause Young (Allocation Failure)
[616.862s][info][gc,heap        ] GC(2086) PSYoungGen: 111744K(222720K)->64K(222720K) Eden: 111616K(111616K)->0K(111616K) From: 128K(111104K)->64K(111104K)
[616.862s][info][gc,heap        ] GC(2086) ParOldGen: 609613K(667648K)->609701K(667648K)
[616.862s][info][gc,metaspace   ] GC(2086) Metaspace: 19061K(19264K)->19061K(19264K) NonClass: 16398K(16512K)->16398K(16512K) Class: 2663K(2752K)->2663K(2752K)
[616.862s][info][gc             ] GC(2086) Pause Young (Allocation Failure) 704M->595M(869M) 2.321ms
[616.862s][info][gc,cpu         ] GC(2086) User=0.00s Sys=0.00s Real=0.01s
[617.111s][info][gc,start       ] GC(2087) Pause Young (Allocation Failure)
[617.113s][info][gc,heap        ] GC(2087) PSYoungGen: 111680K(222720K)->64K(222720K) Eden: 111616K(111616K)->0K(111616K) From: 64K(111104K)->64K(111104K)
[617.113s][info][gc,heap        ] GC(2087) ParOldGen: 609701K(667648K)->609717K(667648K)
[617.113s][info][gc,metaspace   ] GC(2087) Metaspace: 19061K(19264K)->19061K(19264K) NonClass: 16398K(16512K)->16398K(16512K) Class: 2663K(2752K)->2663K(2752K)
[617.113s][info][gc             ] GC(2087) Pause Young (Allocation Failure) 704M->595M(869M) 2.286ms
[617.113s][info][gc,cpu         ] GC(2087) User=0.00s Sys=0.00s Real=0.00s
[617.429s][info][gc,start       ] GC(2088) Pause Young (Allocation Failure)
[617.431s][info][gc,heap        ] GC(2088) PSYoungGen: 111680K(222720K)->160K(222720K) Eden: 111616K(111616K)->0K(111616K) From: 64K(111104K)->160K(111104K)
[617.431s][info][gc,heap        ] GC(2088) ParOldGen: 609717K(667648K)->609733K(667648K)
[617.431s][info][gc,metaspace   ] GC(2088) Metaspace: 19061K(19264K)->19061K(19264K) NonClass: 16398K(16512K)->16398K(16512K) Class: 2663K(2752K)->2663K(2752K)
[617.431s][info][gc             ] GC(2088) Pause Young (Allocation Failure) 704M->595M(869M) 2.316ms
[617.431s][info][gc,cpu         ] GC(2088) User=0.00s Sys=0.00s Real=0.01s
[617.652s][info][gc,start       ] GC(2089) Pause Young (Allocation Failure)
[617.659s][info][gc,heap        ] GC(2089) PSYoungGen: 111776K(222720K)->6688K(222720K) Eden: 111616K(111616K)->0K(111616K) From: 160K(111104K)->6688K(111104K)
[617.659s][info][gc,heap        ] GC(2089) ParOldGen: 609733K(667648K)->609885K(667648K)
[617.659s][info][gc,metaspace   ] GC(2089) Metaspace: 19061K(19264K)->19061K(19264K) NonClass: 16398K(16512K)->16398K(16512K) Class: 2663K(2752K)->2663K(2752K)
[617.659s][info][gc             ] GC(2089) Pause Young (Allocation Failure) 704M->602M(869M) 7.285ms
[617.659s][info][gc,cpu         ] GC(2089) User=0.02s Sys=0.00s Real=0.00s
[617.719s][info][gc,start       ] GC(2090) Pause Young (Allocation Failure)
[617.754s][info][gc,heap        ] GC(2090) PSYoungGen: 118304K(222720K)->40864K(222720K) Eden: 111616K(111616K)->0K(111616K) From: 6688K(111104K)->40864K(111104K)
[617.754s][info][gc,heap        ] GC(2090) ParOldGen: 609885K(667648K)->616613K(667648K)
[617.754s][info][gc,metaspace   ] GC(2090) Metaspace: 19061K(19264K)->19061K(19264K) NonClass: 16398K(16512K)->16398K(16512K) Class: 2663K(2752K)->2663K(2752K)
[617.754s][info][gc             ] GC(2090) Pause Young (Allocation Failure) 711M->642M(869M) 35.194ms
[617.754s][info][gc,cpu         ] GC(2090) User=0.07s Sys=0.00s Real=0.04s
[617.913s][info][gc,start       ] GC(2091) Pause Young (Allocation Failure)
[617.956s][info][gc,heap        ] GC(2091) PSYoungGen: 152480K(222720K)->24320K(222720K) Eden: 111616K(111616K)->0K(111616K) From: 40864K(111104K)->24320K(111104K)
[617.956s][info][gc,heap        ] GC(2091) ParOldGen: 616613K(667648K)->657917K(667648K)
[617.956s][info][gc,metaspace   ] GC(2091) Metaspace: 19061K(19264K)->19061K(19264K) NonClass: 16398K(16512K)->16398K(16512K) Class: 2663K(2752K)->2663K(2752K)
[617.956s][info][gc             ] GC(2091) Pause Young (Allocation Failure) 751M->666M(869M) 43.437ms
[617.956s][info][gc,cpu         ] GC(2091) User=0.08s Sys=0.00s Real=0.04s
[618.066s][info][gc,start       ] GC(2092) Pause Full (Allocation Failure)
[618.067s][info][gc,phases,start] GC(2092) Marking Phase
[618.366s][info][gc,phases      ] GC(2092) Marking Phase 299.850ms
[618.367s][info][gc,phases,start] GC(2092) Summary Phase
[618.367s][info][gc,phases      ] GC(2092) Summary Phase 0.038ms
[618.367s][info][gc,phases,start] GC(2092) Forward
[618.508s][info][gc,phases      ] GC(2092) Forward 141.213ms
[618.508s][info][gc,phases,start] GC(2092) Adjust Pointers
[618.760s][info][gc,phases      ] GC(2092) Adjust Pointers 251.987ms
[618.760s][info][gc,phases,start] GC(2092) Compaction Phase
[618.902s][info][gc,phases      ] GC(2092) Compaction Phase 142.260ms
[618.909s][info][gc,phases,start] GC(2092) Post Compact
[618.911s][info][gc,phases      ] GC(2092) Post Compact 2.315ms
[618.911s][info][gc,heap        ] GC(2092) PSYoungGen: 135936K(222720K)->0K(222720K) Eden: 111616K(111616K)->0K(111616K) From: 24320K(111104K)->0K(111104K)
[618.911s][info][gc,heap        ] GC(2092) ParOldGen: 657917K(667648K)->432208K(667648K)
[618.911s][info][gc,metaspace   ] GC(2092) Metaspace: 19061K(19264K)->19061K(19264K) NonClass: 16398K(16512K)->16398K(16512K) Class: 2663K(2752K)->2663K(2752K)
[618.912s][info][gc             ] GC(2092) Pause Full (Allocation Failure) 775M->422M(869M) 845.029ms
[618.912s][info][gc,cpu         ] GC(2092) User=1.54s Sys=0.00s Real=0.85s
[619.122s][info][gc,start       ] GC(2093) Pause Young (Allocation Failure)
[619.155s][info][gc,heap        ] GC(2093) PSYoungGen: 111616K(222720K)->17120K(129024K) Eden: 111616K(111616K)->0K(111616K) From: 0K(111104K)->17120K(17408K)
[619.155s][info][gc,heap        ] GC(2093) ParOldGen: 432208K(667648K)->432216K(667648K)
[619.155s][info][gc,metaspace   ] GC(2093) Metaspace: 19072K(19264K)->19072K(19264K) NonClass: 16409K(16512K)->16409K(16512K) Class: 2663K(2752K)->2663K(2752K)
[619.155s][info][gc             ] GC(2093) Pause Young (Allocation Failure) 531M->438M(778M) 32.423ms
[619.155s][info][gc,cpu         ] GC(2093) User=0.06s Sys=0.00s Real=0.03s
[619.327s][info][gc,start       ] GC(2094) Pause Young (Allocation Failure)
[619.355s][info][gc,heap        ] GC(2094) PSYoungGen: 128736K(129024K)->19382K(219648K) Eden: 111616K(111616K)->0K(117760K) From: 17120K(17408K)->19382K(101888K)
[619.355s][info][gc,heap        ] GC(2094) ParOldGen: 432216K(667648K)->432216K(667648K)
[619.355s][info][gc,metaspace   ] GC(2094) Metaspace: 19072K(19264K)->19072K(19264K) NonClass: 16409K(16512K)->16409K(16512K) Class: 2663K(2752K)->2663K(2752K)
[619.355s][info][gc             ] GC(2094) Pause Young (Allocation Failure) 547M->441M(866M) 28.268ms
[619.355s][info][gc,cpu         ] GC(2094) User=0.06s Sys=0.00s Real=0.03s
[619.417s][info][gc,start       ] GC(2095) Pause Young (Allocation Failure)
[619.472s][info][gc,heap        ] GC(2095) PSYoungGen: 137142K(219648K)->57158K(219136K) Eden: 117760K(117760K)->0K(117760K) From: 19382K(101888K)->57158K(101376K)
[619.472s][info][gc,heap        ] GC(2095) ParOldGen: 432216K(667648K)->432216K(667648K)
[619.472s][info][gc,metaspace   ] GC(2095) Metaspace: 19072K(19264K)->19072K(19264K) NonClass: 16409K(16512K)->16409K(16512K) Class: 2663K(2752K)->2663K(2752K)
[619.472s][info][gc             ] GC(2095) Pause Young (Allocation Failure) 556M->477M(866M) 55.640ms
[619.472s][info][gc,cpu         ] GC(2095) User=0.11s Sys=0.00s Real=0.06s
[619.542s][info][gc,start       ] GC(2096) Pause Young (Allocation Failure)
[619.621s][info][gc,heap        ] GC(2096) PSYoungGen: 174918K(219136K)->95686K(216064K) Eden: 117760K(117760K)->0K(111616K) From: 57158K(101376K)->95686K(104448K)
[619.621s][info][gc,heap        ] GC(2096) ParOldGen: 432216K(667648K)->432216K(667648K)
[619.621s][info][gc,metaspace   ] GC(2096) Metaspace: 19072K(19264K)->19072K(19264K) NonClass: 16409K(16512K)->16409K(16512K) Class: 2663K(2752K)->2663K(2752K)
[619.621s][info][gc             ] GC(2096) Pause Young (Allocation Failure) 592M->515M(863M) 78.792ms
[619.621s][info][gc,cpu         ] GC(2096) User=0.15s Sys=0.01s Real=0.08s
[619.769s][info][gc,start       ] GC(2097) Pause Young (Allocation Failure)
[619.840s][info][gc,heap        ] GC(2097) PSYoungGen: 207302K(216064K)->77120K(222720K) Eden: 111616K(111616K)->0K(111616K) From: 95686K(104448K)->77120K(111104K)
[619.840s][info][gc,heap        ] GC(2097) ParOldGen: 432216K(667648K)->451607K(667648K)
[619.840s][info][gc,metaspace   ] GC(2097) Metaspace: 19072K(19264K)->19072K(19264K) NonClass: 16409K(16512K)->16409K(16512K) Class: 2663K(2752K)->2663K(2752K)
[619.840s][info][gc             ] GC(2097) Pause Young (Allocation Failure) 624M->516M(869M) 70.830ms
[619.840s][info][gc,cpu         ] GC(2097) User=0.14s Sys=0.00s Real=0.07s
[619.960s][info][gc,start       ] GC(2098) Pause Young (Allocation Failure)
[620.007s][info][gc,heap        ] GC(2098) PSYoungGen: 188736K(222720K)->832K(222720K) Eden: 111616K(111616K)->0K(111616K) From: 77120K(111104K)->832K(111104K)
[620.007s][info][gc,heap        ] GC(2098) ParOldGen: 451607K(667648K)->528603K(667648K)
[620.007s][info][gc,metaspace   ] GC(2098) Metaspace: 19072K(19264K)->19072K(19264K) NonClass: 16409K(16512K)->16409K(16512K) Class: 2663K(2752K)->2663K(2752K)
[620.007s][info][gc             ] GC(2098) Pause Young (Allocation Failure) 625M->517M(869M) 47.100ms
[620.007s][info][gc,cpu         ] GC(2098) User=0.09s Sys=0.00s Real=0.05s
[620.129s][info][gc,start       ] GC(2099) Pause Young (Allocation Failure)
[620.133s][info][gc,heap        ] GC(2099) PSYoungGen: 112448K(222720K)->128K(222720K) Eden: 111616K(111616K)->0K(111616K) From: 832K(111104K)->128K(111104K)
[620.133s][info][gc,heap        ] GC(2099) ParOldGen: 528603K(667648K)->529435K(667648K)
[620.133s][info][gc,metaspace   ] GC(2099) Metaspace: 19072K(19264K)->19072K(19264K) NonClass: 16409K(16512K)->16409K(16512K) Class: 2663K(2752K)->2663K(2752K)
[620.133s][info][gc             ] GC(2099) Pause Young (Allocation Failure) 626M->517M(869M) 4.549ms
[620.133s][info][gc,cpu         ] GC(2099) User=0.01s Sys=0.00s Real=0.01s
[620.251s][info][gc,start       ] GC(2100) Pause Young (Allocation Failure)
[620.253s][info][gc,heap        ] GC(2100) PSYoungGen: 111744K(222720K)->160K(222720K) Eden: 111616K(111616K)->0K(111616K) From: 128K(111104K)->160K(111104K)
[620.253s][info][gc,heap        ] GC(2100) ParOldGen: 529435K(667648K)->529547K(667648K)
[620.253s][info][gc,metaspace   ] GC(2100) Metaspace: 19072K(19264K)->19072K(19264K) NonClass: 16409K(16512K)->16409K(16512K) Class: 2663K(2752K)->2663K(2752K)
[620.253s][info][gc             ] GC(2100) Pause Young (Allocation Failure) 626M->517M(869M) 2.330ms
[620.253s][info][gc,cpu         ] GC(2100) User=0.00s Sys=0.00s Real=0.00s
[620.371s][info][gc,start       ] GC(2101) Pause Young (Allocation Failure)
[620.373s][info][gc,heap        ] GC(2101) PSYoungGen: 111776K(222720K)->128K(222720K) Eden: 111616K(111616K)->0K(111616K) From: 160K(111104K)->128K(111104K)
[620.373s][info][gc,heap        ] GC(2101) ParOldGen: 529547K(667648K)->529675K(667648K)
[620.373s][info][gc,metaspace   ] GC(2101) Metaspace: 19072K(19264K)->19072K(19264K) NonClass: 16409K(16512K)->16409K(16512K) Class: 2663K(2752K)->2663K(2752K)
[620.373s][info][gc             ] GC(2101) Pause Young (Allocation Failure) 626M->517M(869M) 2.179ms
[620.373s][info][gc,cpu         ] GC(2101) User=0.00s Sys=0.00s Real=0.00s
[620.492s][info][gc,start       ] GC(2102) Pause Young (Allocation Failure)
[620.494s][info][gc,heap        ] GC(2102) PSYoungGen: 111744K(222720K)->128K(222720K) Eden: 111616K(111616K)->0K(111616K) From: 128K(111104K)->128K(111104K)
[620.495s][info][gc,heap        ] GC(2102) ParOldGen: 529675K(667648K)->529755K(667648K)
[620.495s][info][gc,metaspace   ] GC(2102) Metaspace: 19072K(19264K)->19072K(19264K) NonClass: 16409K(16512K)->16409K(16512K) Class: 2663K(2752K)->2663K(2752K)
[620.495s][info][gc             ] GC(2102) Pause Young (Allocation Failure) 626M->517M(869M) 2.450ms
[620.495s][info][gc,cpu         ] GC(2102) User=0.00s Sys=0.00s Real=0.00s
[620.610s][info][gc,start       ] GC(2103) Pause Young (Allocation Failure)
[620.612s][info][gc,heap        ] GC(2103) PSYoungGen: 111744K(222720K)->128K(112128K) Eden: 111616K(111616K)->0K(111616K) From: 128K(111104K)->128K(512K)
[620.612s][info][gc,heap        ] GC(2103) ParOldGen: 529755K(667648K)->529827K(667648K)
[620.612s][info][gc,metaspace   ] GC(2103) Metaspace: 19072K(19264K)->19072K(19264K) NonClass: 16409K(16512K)->16409K(16512K) Class: 2663K(2752K)->2663K(2752K)
[620.612s][info][gc             ] GC(2103) Pause Young (Allocation Failure) 626M->517M(761M) 2.311ms
[620.612s][info][gc,cpu         ] GC(2103) User=0.00s Sys=0.00s Real=0.01s
[620.728s][info][gc,start       ] GC(2104) Pause Young (Allocation Failure)
[620.731s][info][gc,heap        ] GC(2104) PSYoungGen: 111744K(112128K)->224K(218624K) Eden: 111616K(111616K)->0K(115712K) From: 128K(512K)->224K(102912K)
[620.731s][info][gc,heap        ] GC(2104) ParOldGen: 529827K(667648K)->529827K(667648K)
[620.731s][info][gc,metaspace   ] GC(2104) Metaspace: 19072K(19264K)->19072K(19264K) NonClass: 16409K(16512K)->16409K(16512K) Class: 2663K(2752K)->2663K(2752K)
[620.731s][info][gc             ] GC(2104) Pause Young (Allocation Failure) 626M->517M(865M) 2.505ms
[620.731s][info][gc,cpu         ] GC(2104) User=0.01s Sys=0.00s Real=0.01s
[620.850s][info][gc,start       ] GC(2105) Pause Young (Allocation Failure)
[620.853s][info][gc,heap        ] GC(2105) PSYoungGen: 115936K(218624K)->256K(116224K) Eden: 115712K(115712K)->0K(115712K) From: 224K(102912K)->256K(512K)
[620.853s][info][gc,heap        ] GC(2105) ParOldGen: 529827K(667648K)->529827K(667648K)
[620.853s][info][gc,metaspace   ] GC(2105) Metaspace: 19072K(19264K)->19072K(19264K) NonClass: 16409K(16512K)->16409K(16512K) Class: 2663K(2752K)->2663K(2752K)
[620.853s][info][gc             ] GC(2105) Pause Young (Allocation Failure) 630M->517M(765M) 2.784ms
[620.853s][info][gc,cpu         ] GC(2105) User=0.01s Sys=0.00s Real=0.01s
[620.990s][info][gc,start       ] GC(2106) Pause Young (Allocation Failure)
[621.000s][info][gc,heap        ] GC(2106) PSYoungGen: 115968K(116224K)->3616K(207360K) Eden: 115712K(115712K)->0K(119296K) From: 256K(512K)->3616K(88064K)
[621.000s][info][gc,heap        ] GC(2106) ParOldGen: 529827K(667648K)->529827K(667648K)
[621.000s][info][gc,metaspace   ] GC(2106) Metaspace: 19072K(19264K)->19072K(19264K) NonClass: 16409K(16512K)->16409K(16512K) Class: 2663K(2752K)->2663K(2752K)
[621.000s][info][gc             ] GC(2106) Pause Young (Allocation Failure) 630M->520M(854M) 9.914ms
[621.000s][info][gc,cpu         ] GC(2106) User=0.02s Sys=0.00s Real=0.01s
[621.141s][info][gc,start       ] GC(2107) Pause Young (Allocation Failure)
[621.180s][info][gc,heap        ] GC(2107) PSYoungGen: 122912K(207360K)->18955K(138752K) Eden: 119296K(119296K)->0K(119296K) From: 3616K(88064K)->18955K(19456K)
[621.180s][info][gc,heap        ] GC(2107) ParOldGen: 529827K(667648K)->529827K(667648K)
[621.180s][info][gc,metaspace   ] GC(2107) Metaspace: 19074K(19264K)->19074K(19264K) NonClass: 16411K(16512K)->16411K(16512K) Class: 2663K(2752K)->2663K(2752K)
[621.180s][info][gc             ] GC(2107) Pause Young (Allocation Failure) 637M->535M(787M) 38.756ms
[621.180s][info][gc,cpu         ] GC(2107) User=0.07s Sys=0.00s Real=0.03s
[621.337s][info][gc,start       ] GC(2108) Pause Young (Allocation Failure)
[621.371s][info][gc,heap        ] GC(2108) PSYoungGen: 138251K(138752K)->19211K(200704K) Eden: 119296K(119296K)->0K(125952K) From: 18955K(19456K)->19211K(74752K)
[621.371s][info][gc,heap        ] GC(2108) ParOldGen: 529827K(667648K)->529827K(667648K)
[621.371s][info][gc,metaspace   ] GC(2108) Metaspace: 19074K(19264K)->19074K(19264K) NonClass: 16411K(16512K)->16411K(16512K) Class: 2663K(2752K)->2663K(2752K)
[621.372s][info][gc             ] GC(2108) Pause Young (Allocation Failure) 652M->536M(848M) 34.799ms
[621.372s][info][gc,cpu         ] GC(2108) User=0.07s Sys=0.00s Real=0.04s
[621.516s][info][gc,start       ] GC(2109) Pause Young (Allocation Failure)
[621.575s][info][gc,heap        ] GC(2109) PSYoungGen: 145163K(200704K)->36875K(205824K) Eden: 125952K(125952K)->0K(125952K) From: 19211K(74752K)->36875K(79872K)
[621.575s][info][gc,heap        ] GC(2109) ParOldGen: 529827K(667648K)->529827K(667648K)
[621.575s][info][gc,metaspace   ] GC(2109) Metaspace: 19074K(19264K)->19074K(19264K) NonClass: 16411K(16512K)->16411K(16512K) Class: 2663K(2752K)->2663K(2752K)
[621.575s][info][gc             ] GC(2109) Pause Young (Allocation Failure) 659M->553M(853M) 59.575ms
[621.575s][info][gc,cpu         ] GC(2109) User=0.11s Sys=0.00s Real=0.06s
[621.709s][info][gc,start       ] GC(2110) Pause Young (Allocation Failure)
[621.778s][info][gc,heap        ] GC(2110) PSYoungGen: 162827K(205824K)->50891K(209920K) Eden: 125952K(125952K)->0K(129024K) From: 36875K(79872K)->50891K(80896K)
[621.778s][info][gc,heap        ] GC(2110) ParOldGen: 529827K(667648K)->529827K(667648K)
[621.778s][info][gc,metaspace   ] GC(2110) Metaspace: 19074K(19264K)->19074K(19264K) NonClass: 16411K(16512K)->16411K(16512K) Class: 2663K(2752K)->2663K(2752K)
[621.778s][info][gc             ] GC(2110) Pause Young (Allocation Failure) 676M->567M(857M) 69.467ms
[621.778s][info][gc,cpu         ] GC(2110) User=0.14s Sys=0.00s Real=0.07s
[621.868s][info][gc,start       ] GC(2111) Pause Young (Allocation Failure)
[621.940s][info][gc,heap        ] GC(2111) PSYoungGen: 179915K(209920K)->54891K(215552K) Eden: 129024K(129024K)->0K(129024K) From: 50891K(80896K)->54891K(86528K)
[621.941s][info][gc,heap        ] GC(2111) ParOldGen: 529827K(667648K)->529827K(667648K)
[621.941s][info][gc,metaspace   ] GC(2111) Metaspace: 19074K(19264K)->19074K(19264K) NonClass: 16411K(16512K)->16411K(16512K) Class: 2663K(2752K)->2663K(2752K)
[621.941s][info][gc             ] GC(2111) Pause Young (Allocation Failure) 693M->571M(862M) 72.682ms
[621.941s][info][gc,cpu         ] GC(2111) User=0.15s Sys=0.01s Real=0.08s
[622.064s][info][gc,start       ] GC(2112) Pause Young (Allocation Failure)
[622.139s][info][gc,heap        ] GC(2112) PSYoungGen: 183915K(215552K)->56011K(228352K) Eden: 129024K(129024K)->0K(136192K) From: 54891K(86528K)->56011K(92160K)
[622.139s][info][gc,heap        ] GC(2112) ParOldGen: 529827K(667648K)->529827K(667648K)
[622.139s][info][gc,metaspace   ] GC(2112) Metaspace: 19074K(19264K)->19074K(19264K) NonClass: 16411K(16512K)->16411K(16512K) Class: 2663K(2752K)->2663K(2752K)
[622.139s][info][gc             ] GC(2112) Pause Young (Allocation Failure) 697M->572M(875M) 74.450ms
[622.139s][info][gc,cpu         ] GC(2112) User=0.15s Sys=0.00s Real=0.07s
[622.265s][info][gc,start       ] GC(2113) Pause Young (Allocation Failure)
[622.341s][info][gc,heap        ] GC(2113) PSYoungGen: 192203K(228352K)->59467K(196096K) Eden: 136192K(136192K)->0K(136192K) From: 56011K(92160K)->59467K(59904K)
[622.341s][info][gc,heap        ] GC(2113) ParOldGen: 529827K(667648K)->529827K(667648K)
[622.341s][info][gc,metaspace   ] GC(2113) Metaspace: 19074K(19264K)->19074K(19264K) NonClass: 16411K(16512K)->16411K(16512K) Class: 2663K(2752K)->2663K(2752K)
[622.341s][info][gc             ] GC(2113) Pause Young (Allocation Failure) 705M->575M(843M) 75.992ms
[622.341s][info][gc,cpu         ] GC(2113) User=0.15s Sys=0.00s Real=0.08s
[622.463s][info][gc,start       ] GC(2114) Pause Young (Allocation Failure)
[622.544s][info][gc,heap        ] GC(2114) PSYoungGen: 195659K(196096K)->62379K(223232K) Eden: 136192K(136192K)->0K(121856K) From: 59467K(59904K)->62379K(101376K)
[622.544s][info][gc,heap        ] GC(2114) ParOldGen: 529827K(667648K)->529931K(667648K)
[622.544s][info][gc,metaspace   ] GC(2114) Metaspace: 19074K(19264K)->19074K(19264K) NonClass: 16411K(16512K)->16411K(16512K) Class: 2663K(2752K)->2663K(2752K)
[622.545s][info][gc             ] GC(2114) Pause Young (Allocation Failure) 708M->578M(870M) 81.362ms
[622.545s][info][gc,cpu         ] GC(2114) User=0.16s Sys=0.00s Real=0.08s
[622.683s][info][gc,start       ] GC(2115) Pause Young (Allocation Failure)
[622.774s][info][gc,heap        ] GC(2115) PSYoungGen: 184235K(223232K)->77068K(199168K) Eden: 121856K(121856K)->0K(121856K) From: 62379K(101376K)->77068K(77312K)
[622.774s][info][gc,heap        ] GC(2115) ParOldGen: 529931K(667648K)->530027K(667648K)
[622.774s][info][gc,metaspace   ] GC(2115) Metaspace: 19074K(19264K)->19074K(19264K) NonClass: 16411K(16512K)->16411K(16512K) Class: 2663K(2752K)->2663K(2752K)
[622.774s][info][gc             ] GC(2115) Pause Young (Allocation Failure) 697M->592M(846M) 90.998ms
[622.774s][info][gc,cpu         ] GC(2115) User=0.18s Sys=0.00s Real=0.09s
[622.928s][info][gc,start       ] GC(2116) Pause Young (Allocation Failure)
[623.033s][info][gc,heap        ] GC(2116) PSYoungGen: 198924K(199168K)->79404K(222720K) Eden: 121856K(121856K)->0K(111616K) From: 77068K(77312K)->79404K(111104K)
[623.033s][info][gc,heap        ] GC(2116) ParOldGen: 530027K(667648K)->533435K(667648K)
[623.033s][info][gc,metaspace   ] GC(2116) Metaspace: 19074K(19264K)->19074K(19264K) NonClass: 16411K(16512K)->16411K(16512K) Class: 2663K(2752K)->2663K(2752K)
[623.033s][info][gc             ] GC(2116) Pause Young (Allocation Failure) 711M->598M(869M) 105.626ms
[623.033s][info][gc,cpu         ] GC(2116) User=0.20s Sys=0.01s Real=0.11s
[623.271s][info][gc,start       ] GC(2117) Pause Young (Allocation Failure)
[623.363s][info][gc,heap        ] GC(2117) PSYoungGen: 191020K(222720K)->63824K(222720K) Eden: 111616K(111616K)->0K(111616K) From: 79404K(111104K)->63824K(111104K)
[623.363s][info][gc,heap        ] GC(2117) ParOldGen: 533435K(667648K)->549078K(667648K)
[623.363s][info][gc,metaspace   ] GC(2117) Metaspace: 19074K(19264K)->19074K(19264K) NonClass: 16411K(16512K)->16411K(16512K) Class: 2663K(2752K)->2663K(2752K)
[623.363s][info][gc             ] GC(2117) Pause Young (Allocation Failure) 707M->598M(869M) 91.388ms
[623.363s][info][gc,cpu         ] GC(2117) User=0.18s Sys=0.00s Real=0.09s
[623.488s][info][gc,start       ] GC(2118) Pause Young (Allocation Failure)
[623.575s][info][gc,heap        ] GC(2118) PSYoungGen: 175440K(222720K)->53760K(222720K) Eden: 111616K(111616K)->0K(111616K) From: 63824K(111104K)->53760K(111104K)
[623.575s][info][gc,heap        ] GC(2118) ParOldGen: 549078K(667648K)->580854K(667648K)
[623.575s][info][gc,metaspace   ] GC(2118) Metaspace: 19074K(19264K)->19074K(19264K) NonClass: 16411K(16512K)->16411K(16512K) Class: 2663K(2752K)->2663K(2752K)
[623.575s][info][gc             ] GC(2118) Pause Young (Allocation Failure) 707M->619M(869M) 87.482ms
[623.575s][info][gc,cpu         ] GC(2118) User=0.17s Sys=0.00s Real=0.09s
[623.722s][info][gc,start       ] GC(2119) Pause Young (Allocation Failure)
[623.792s][info][gc,heap        ] GC(2119) PSYoungGen: 165376K(222720K)->64832K(222720K) Eden: 111616K(111616K)->0K(111616K) From: 53760K(111104K)->64832K(111104K)
[623.792s][info][gc,heap        ] GC(2119) ParOldGen: 580854K(667648K)->585998K(667648K)
[623.792s][info][gc,metaspace   ] GC(2119) Metaspace: 19074K(19264K)->19074K(19264K) NonClass: 16411K(16512K)->16411K(16512K) Class: 2663K(2752K)->2663K(2752K)
[623.792s][info][gc             ] GC(2119) Pause Young (Allocation Failure) 728M->635M(869M) 69.428ms
[623.792s][info][gc,cpu         ] GC(2119) User=0.14s Sys=0.00s Real=0.07s
[623.880s][info][gc,start       ] GC(2120) Pause Young (Allocation Failure)
[623.947s][info][gc,heap        ] GC(2120) PSYoungGen: 176448K(222720K)->62240K(222720K) Eden: 111616K(111616K)->0K(111616K) From: 64832K(111104K)->62240K(111104K)
[623.947s][info][gc,heap        ] GC(2120) ParOldGen: 585998K(667648K)->592454K(667648K)
[623.947s][info][gc,metaspace   ] GC(2120) Metaspace: 19074K(19264K)->19074K(19264K) NonClass: 16411K(16512K)->16411K(16512K) Class: 2663K(2752K)->2663K(2752K)
[623.947s][info][gc             ] GC(2120) Pause Young (Allocation Failure) 744M->639M(869M) 67.337ms
[623.947s][info][gc,cpu         ] GC(2120) User=0.14s Sys=0.00s Real=0.07s
[624.082s][info][gc,start       ] GC(2121) Pause Young (Allocation Failure)
[624.145s][info][gc,heap        ] GC(2121) PSYoungGen: 173856K(222720K)->43552K(155648K) Eden: 111616K(111616K)->0K(111616K) From: 62240K(111104K)->43552K(44032K)
[624.145s][info][gc,heap        ] GC(2121) ParOldGen: 592454K(667648K)->613007K(667648K)
[624.145s][info][gc,metaspace   ] GC(2121) Metaspace: 19074K(19264K)->19074K(19264K) NonClass: 16411K(16512K)->16411K(16512K) Class: 2663K(2752K)->2663K(2752K)
[624.145s][info][gc             ] GC(2121) Pause Young (Allocation Failure) 748M->641M(804M) 63.138ms
[624.145s][info][gc,cpu         ] GC(2121) User=0.13s Sys=0.00s Real=0.06s
[624.267s][info][gc,start       ] GC(2122) Pause Young (Allocation Failure)
[624.315s][info][gc,heap        ] GC(2122) PSYoungGen: 155168K(155648K)->47776K(227328K) Eden: 111616K(111616K)->0K(117760K) From: 43552K(44032K)->47776K(109568K)
[624.315s][info][gc,heap        ] GC(2122) ParOldGen: 613007K(667648K)->613031K(667648K)
[624.315s][info][gc,metaspace   ] GC(2122) Metaspace: 19074K(19264K)->19074K(19264K) NonClass: 16411K(16512K)->16411K(16512K) Class: 2663K(2752K)->2663K(2752K)
[624.315s][info][gc             ] GC(2122) Pause Young (Allocation Failure) 750M->645M(874M) 47.601ms
[624.315s][info][gc,cpu         ] GC(2122) User=0.10s Sys=0.00s Real=0.05s
[624.426s][info][gc,start       ] GC(2123) Pause Young (Allocation Failure)
[624.473s][info][gc,heap        ] GC(2123) PSYoungGen: 165536K(227328K)->26240K(221696K) Eden: 117760K(117760K)->0K(117760K) From: 47776K(109568K)->26240K(103936K)
[624.473s][info][gc,heap        ] GC(2123) ParOldGen: 613031K(667648K)->634623K(667648K)
[624.473s][info][gc,metaspace   ] GC(2123) Metaspace: 19074K(19264K)->19074K(19264K) NonClass: 16411K(16512K)->16411K(16512K) Class: 2663K(2752K)->2663K(2752K)
[624.473s][info][gc             ] GC(2123) Pause Young (Allocation Failure) 760M->645M(868M) 47.068ms
[624.473s][info][gc,cpu         ] GC(2123) User=0.09s Sys=0.00s Real=0.05s
[624.581s][info][gc,start       ] GC(2124) Pause Full (Allocation Failure)
[624.581s][info][gc,phases,start] GC(2124) Marking Phase
[624.859s][info][gc,phases      ] GC(2124) Marking Phase 278.152ms
[624.859s][info][gc,phases,start] GC(2124) Summary Phase
[624.859s][info][gc,phases      ] GC(2124) Summary Phase 0.026ms
[624.859s][info][gc,phases,start] GC(2124) Forward
[624.981s][info][gc,phases      ] GC(2124) Forward 121.724ms
[624.981s][info][gc,phases,start] GC(2124) Adjust Pointers
[625.178s][info][gc,phases      ] GC(2124) Adjust Pointers 197.272ms
[625.178s][info][gc,phases,start] GC(2124) Compaction Phase
[625.293s][info][gc,phases      ] GC(2124) Compaction Phase 114.252ms
[625.304s][info][gc,phases,start] GC(2124) Post Compact
[625.306s][info][gc,phases      ] GC(2124) Post Compact 2.223ms
[625.306s][info][gc,heap        ] GC(2124) PSYoungGen: 144000K(221696K)->0K(222720K) Eden: 117760K(117760K)->0K(120320K) From: 26240K(103936K)->0K(102400K)
[625.306s][info][gc,heap        ] GC(2124) ParOldGen: 634623K(667648K)->353779K(664576K)
[625.306s][info][gc,metaspace   ] GC(2124) Metaspace: 19074K(19264K)->19074K(19264K) NonClass: 16411K(16512K)->16411K(16512K) Class: 2663K(2752K)->2663K(2752K)
[625.307s][info][gc             ] GC(2124) Pause Full (Allocation Failure) 760M->345M(866M) 725.701ms
[625.307s][info][gc,cpu         ] GC(2124) User=1.30s Sys=0.00s Real=0.72s
[625.468s][info][gc,start       ] GC(2125) Pause Young (Allocation Failure)
[625.483s][info][gc,heap        ] GC(2125) PSYoungGen: 120320K(222720K)->14144K(222720K) Eden: 120320K(120320K)->0K(120320K) From: 0K(102400K)->14144K(102400K)
[625.483s][info][gc,heap        ] GC(2125) ParOldGen: 353779K(664576K)->353779K(664576K)
[625.483s][info][gc,metaspace   ] GC(2125) Metaspace: 19074K(19264K)->19074K(19264K) NonClass: 16411K(16512K)->16411K(16512K) Class: 2663K(2752K)->2663K(2752K)
[625.483s][info][gc             ] GC(2125) Pause Young (Allocation Failure) 462M->359M(866M) 15.321ms
[625.483s][info][gc,cpu         ] GC(2125) User=0.03s Sys=0.00s Real=0.02s
[625.764s][info][gc,start       ] GC(2126) Pause Young (Allocation Failure)
[625.781s][info][gc,heap        ] GC(2126) PSYoungGen: 134464K(222720K)->15424K(228352K) Eden: 120320K(120320K)->0K(129024K) From: 14144K(102400K)->15424K(99328K)
[625.781s][info][gc,heap        ] GC(2126) ParOldGen: 353779K(664576K)->353779K(664576K)
[625.781s][info][gc,metaspace   ] GC(2126) Metaspace: 19074K(19264K)->19074K(19264K) NonClass: 16411K(16512K)->16411K(16512K) Class: 2663K(2752K)->2663K(2752K)
[625.781s][info][gc             ] GC(2126) Pause Young (Allocation Failure) 476M->360M(872M) 16.634ms
[625.781s][info][gc,cpu         ] GC(2126) User=0.04s Sys=0.00s Real=0.02s
[626.115s][info][gc,start       ] GC(2127) Pause Young (Allocation Failure)
[626.132s][info][gc,heap        ] GC(2127) PSYoungGen: 144448K(228352K)->15536K(229888K) Eden: 129024K(129024K)->0K(129024K) From: 15424K(99328K)->15536K(100864K)
[626.132s][info][gc,heap        ] GC(2127) ParOldGen: 353779K(664576K)->353779K(664576K)
[626.132s][info][gc,metaspace   ] GC(2127) Metaspace: 19074K(19264K)->19074K(19264K) NonClass: 16411K(16512K)->16411K(16512K) Class: 2663K(2752K)->2663K(2752K)
[626.132s][info][gc             ] GC(2127) Pause Young (Allocation Failure) 486M->360M(873M) 16.342ms
[626.132s][info][gc,cpu         ] GC(2127) User=0.03s Sys=0.00s Real=0.02s
[626.435s][info][gc,start       ] GC(2128) Pause Young (Allocation Failure)
[626.452s][info][gc,heap        ] GC(2128) PSYoungGen: 144560K(229888K)->15600K(227840K) Eden: 129024K(129024K)->0K(133632K) From: 15536K(100864K)->15600K(94208K)
[626.452s][info][gc,heap        ] GC(2128) ParOldGen: 353779K(664576K)->353779K(664576K)
[626.452s][info][gc,metaspace   ] GC(2128) Metaspace: 19074K(19264K)->19074K(19264K) NonClass: 16411K(16512K)->16411K(16512K) Class: 2663K(2752K)->2663K(2752K)
[626.452s][info][gc             ] GC(2128) Pause Young (Allocation Failure) 486M->360M(871M) 16.527ms
[626.452s][info][gc,cpu         ] GC(2128) User=0.03s Sys=0.00s Real=0.02s
[626.719s][info][gc,start       ] GC(2129) Pause Young (Allocation Failure)
[626.738s][info][gc,heap        ] GC(2129) PSYoungGen: 149232K(227840K)->15632K(230400K) Eden: 133632K(133632K)->0K(133632K) From: 15600K(94208K)->15632K(96768K)
[626.738s][info][gc,heap        ] GC(2129) ParOldGen: 353779K(664576K)->353779K(664576K)
[626.738s][info][gc,metaspace   ] GC(2129) Metaspace: 19074K(19264K)->19074K(19264K) NonClass: 16411K(16512K)->16411K(16512K) Class: 2663K(2752K)->2663K(2752K)
[626.738s][info][gc             ] GC(2129) Pause Young (Allocation Failure) 491M->360M(874M) 18.718ms
[626.738s][info][gc,cpu         ] GC(2129) User=0.04s Sys=0.00s Real=0.02s
[627.048s][info][gc,start       ] GC(2130) Pause Young (Allocation Failure)
[627.066s][info][gc,heap        ] GC(2130) PSYoungGen: 149264K(230400K)->17904K(228864K) Eden: 133632K(133632K)->0K(141312K) From: 15632K(96768K)->17904K(87552K)
[627.066s][info][gc,heap        ] GC(2130) ParOldGen: 353779K(664576K)->353779K(664576K)
[627.066s][info][gc,metaspace   ] GC(2130) Metaspace: 19074K(19264K)->19074K(19264K) NonClass: 16411K(16512K)->16411K(16512K) Class: 2663K(2752K)->2663K(2752K)
[627.066s][info][gc             ] GC(2130) Pause Young (Allocation Failure) 491M->362M(872M) 18.882ms
[627.066s][info][gc,cpu         ] GC(2130) User=0.04s Sys=0.00s Real=0.02s
[627.190s][info][gc,start       ] GC(2131) Pause Young (Allocation Failure)
[627.243s][info][gc,heap        ] GC(2131) PSYoungGen: 159216K(228864K)->61968K(232448K) Eden: 141312K(141312K)->0K(141312K) From: 17904K(87552K)->61968K(91136K)
[627.243s][info][gc,heap        ] GC(2131) ParOldGen: 353779K(664576K)->353779K(664576K)
[627.243s][info][gc,metaspace   ] GC(2131) Metaspace: 19074K(19264K)->19074K(19264K) NonClass: 16411K(16512K)->16411K(16512K) Class: 2663K(2752K)->2663K(2752K)
[627.244s][info][gc             ] GC(2131) Pause Young (Allocation Failure) 500M->406M(876M) 53.125ms
[627.244s][info][gc,cpu         ] GC(2131) User=0.11s Sys=0.00s Real=0.06s
[627.328s][info][gc,start       ] GC(2132) Pause Young (Allocation Failure)
[627.430s][info][gc,heap        ] GC(2132) PSYoungGen: 203280K(232448K)->96224K(207872K) Eden: 141312K(141312K)->0K(111616K) From: 61968K(91136K)->96224K(96256K)
[627.430s][info][gc,heap        ] GC(2132) ParOldGen: 353779K(664576K)->375475K(664576K)
[627.430s][info][gc,metaspace   ] GC(2132) Metaspace: 19074K(19264K)->19074K(19264K) NonClass: 16411K(16512K)->16411K(16512K) Class: 2663K(2752K)->2663K(2752K)
[627.430s][info][gc             ] GC(2132) Pause Young (Allocation Failure) 544M->460M(852M) 102.039ms
[627.430s][info][gc,cpu         ] GC(2132) User=0.18s Sys=0.02s Real=0.10s
[627.473s][info][gc,start       ] GC(2133) Pause Young (Allocation Failure)
[627.581s][info][gc,heap        ] GC(2133) PSYoungGen: 207840K(207872K)->111094K(222720K) Eden: 111616K(111616K)->0K(111616K) From: 96224K(96256K)->111094K(111104K)
[627.581s][info][gc,heap        ] GC(2133) ParOldGen: 375475K(664576K)->408731K(664576K)
[627.581s][info][gc,metaspace   ] GC(2133) Metaspace: 19074K(19264K)->19074K(19264K) NonClass: 16411K(16512K)->16411K(16512K) Class: 2663K(2752K)->2663K(2752K)
[627.581s][info][gc             ] GC(2133) Pause Young (Allocation Failure) 569M->507M(866M) 108.333ms
[627.581s][info][gc,cpu         ] GC(2133) User=0.22s Sys=0.00s Real=0.11s
[627.639s][info][gc,start       ] GC(2134) Pause Young (Allocation Failure)
[627.768s][info][gc,heap        ] GC(2134) PSYoungGen: 222710K(222720K)->111104K(222720K) Eden: 111616K(111616K)->0K(111616K) From: 111094K(111104K)->111104K(111104K)
[627.769s][info][gc,heap        ] GC(2134) ParOldGen: 408731K(664576K)->456362K(664576K)
[627.769s][info][gc,metaspace   ] GC(2134) Metaspace: 19074K(19264K)->19074K(19264K) NonClass: 16411K(16512K)->16411K(16512K) Class: 2663K(2752K)->2663K(2752K)
[627.769s][info][gc             ] GC(2134) Pause Young (Allocation Failure) 616M->554M(866M) 129.183ms
[627.769s][info][gc,cpu         ] GC(2134) User=0.26s Sys=0.00s Real=0.13s
[628.031s][info][gc,start       ] GC(2135) Pause Young (Allocation Failure)
[628.181s][info][gc,heap        ] GC(2135) PSYoungGen: 222720K(222720K)->111072K(222720K) Eden: 111616K(111616K)->0K(111616K) From: 111104K(111104K)->111072K(111104K)
[628.181s][info][gc,heap        ] GC(2135) ParOldGen: 456362K(664576K)->473234K(664576K)
[628.181s][info][gc,metaspace   ] GC(2135) Metaspace: 19074K(19264K)->19074K(19264K) NonClass: 16411K(16512K)->16411K(16512K) Class: 2663K(2752K)->2663K(2752K)
[628.181s][info][gc             ] GC(2135) Pause Young (Allocation Failure) 663M->570M(866M) 150.501ms
[628.181s][info][gc,cpu         ] GC(2135) User=0.29s Sys=0.00s Real=0.15s
[628.364s][info][gc,start       ] GC(2136) Pause Young (Allocation Failure)
[628.474s][info][gc,heap        ] GC(2136) PSYoungGen: 222688K(222720K)->111072K(222720K) Eden: 111616K(111616K)->0K(111616K) From: 111072K(111104K)->111072K(111104K)
[628.474s][info][gc,heap        ] GC(2136) ParOldGen: 473234K(664576K)->475322K(664576K)
[628.474s][info][gc,metaspace   ] GC(2136) Metaspace: 19074K(19264K)->19074K(19264K) NonClass: 16411K(16512K)->16411K(16512K) Class: 2663K(2752K)->2663K(2752K)
[628.474s][info][gc             ] GC(2136) Pause Young (Allocation Failure) 679M->572M(866M) 109.668ms
[628.474s][info][gc,cpu         ] GC(2136) User=0.22s Sys=0.00s Real=0.11s
[628.577s][info][gc,start       ] GC(2137) Pause Young (Allocation Failure)
[628.691s][info][gc,heap        ] GC(2137) PSYoungGen: 222688K(222720K)->111072K(222720K) Eden: 111616K(111616K)->0K(111616K) From: 111072K(111104K)->111072K(111104K)
[628.691s][info][gc,heap        ] GC(2137) ParOldGen: 475322K(664576K)->477962K(664576K)
[628.691s][info][gc,metaspace   ] GC(2137) Metaspace: 19074K(19264K)->19074K(19264K) NonClass: 16411K(16512K)->16411K(16512K) Class: 2663K(2752K)->2663K(2752K)
[628.691s][info][gc             ] GC(2137) Pause Young (Allocation Failure) 681M->575M(866M) 114.448ms
[628.691s][info][gc,cpu         ] GC(2137) User=0.23s Sys=0.00s Real=0.12s
[628.833s][info][gc,start       ] GC(2138) Pause Young (Allocation Failure)
[628.973s][info][gc,heap        ] GC(2138) PSYoungGen: 222688K(222720K)->57102K(222720K) Eden: 111616K(111616K)->0K(111616K) From: 111072K(111104K)->57102K(111104K)
[628.973s][info][gc,heap        ] GC(2138) ParOldGen: 477962K(664576K)->545898K(664576K)
[628.973s][info][gc,metaspace   ] GC(2138) Metaspace: 19074K(19264K)->19074K(19264K) NonClass: 16411K(16512K)->16411K(16512K) Class: 2663K(2752K)->2663K(2752K)
[628.973s][info][gc             ] GC(2138) Pause Young (Allocation Failure) 684M->588M(866M) 139.995ms
[628.973s][info][gc,cpu         ] GC(2138) User=0.28s Sys=0.00s Real=0.14s
[629.134s][info][gc,start       ] GC(2139) Pause Young (Allocation Failure)
[629.244s][info][gc,heap        ] GC(2139) PSYoungGen: 168718K(222720K)->45623K(222720K) Eden: 111616K(111616K)->0K(111616K) From: 57102K(111104K)->45623K(111104K)
[629.244s][info][gc,heap        ] GC(2139) ParOldGen: 545898K(664576K)->571358K(664576K)
[629.244s][info][gc,metaspace   ] GC(2139) Metaspace: 19074K(19264K)->19074K(19264K) NonClass: 16411K(16512K)->16411K(16512K) Class: 2663K(2752K)->2663K(2752K)
[629.244s][info][gc             ] GC(2139) Pause Young (Allocation Failure) 697M->602M(866M) 110.098ms
[629.244s][info][gc,cpu         ] GC(2139) User=0.22s Sys=0.00s Real=0.11s
[629.409s][info][gc,start       ] GC(2140) Pause Young (Allocation Failure)
[629.487s][info][gc,heap        ] GC(2140) PSYoungGen: 157239K(222720K)->29614K(222720K) Eden: 111616K(111616K)->0K(111616K) From: 45623K(111104K)->29614K(111104K)
[629.487s][info][gc,heap        ] GC(2140) ParOldGen: 571358K(664576K)->587430K(664576K)
[629.487s][info][gc,metaspace   ] GC(2140) Metaspace: 19074K(19264K)->19074K(19264K) NonClass: 16411K(16512K)->16411K(16512K) Class: 2663K(2752K)->2663K(2752K)
[629.487s][info][gc             ] GC(2140) Pause Young (Allocation Failure) 711M->602M(866M) 77.993ms
[629.487s][info][gc,cpu         ] GC(2140) User=0.16s Sys=0.00s Real=0.08s
[629.646s][info][gc,start       ] GC(2141) Pause Young (Allocation Failure)
[629.703s][info][gc,heap        ] GC(2141) PSYoungGen: 141230K(222720K)->14912K(222720K) Eden: 111616K(111616K)->0K(111616K) From: 29614K(111104K)->14912K(111104K)
[629.703s][info][gc,heap        ] GC(2141) ParOldGen: 587430K(664576K)->602171K(664576K)
[629.703s][info][gc,metaspace   ] GC(2141) Metaspace: 19074K(19264K)->19074K(19264K) NonClass: 16411K(16512K)->16411K(16512K) Class: 2663K(2752K)->2663K(2752K)
[629.703s][info][gc             ] GC(2141) Pause Young (Allocation Failure) 711M->602M(866M) 57.383ms
[629.703s][info][gc,cpu         ] GC(2141) User=0.12s Sys=0.00s Real=0.06s
[629.863s][info][gc,start       ] GC(2142) Pause Young (Allocation Failure)
[629.886s][info][gc,heap        ] GC(2142) PSYoungGen: 126528K(222720K)->32K(222720K) Eden: 111616K(111616K)->0K(111616K) From: 14912K(111104K)->32K(111104K)
[629.886s][info][gc,heap        ] GC(2142) ParOldGen: 602171K(664576K)->617067K(664576K)
[629.886s][info][gc,metaspace   ] GC(2142) Metaspace: 19074K(19264K)->19074K(19264K) NonClass: 16411K(16512K)->16411K(16512K) Class: 2663K(2752K)->2663K(2752K)
[629.886s][info][gc             ] GC(2142) Pause Young (Allocation Failure) 711M->602M(866M) 23.474ms
[629.886s][info][gc,cpu         ] GC(2142) User=0.04s Sys=0.00s Real=0.02s
[630.068s][info][gc,start       ] GC(2143) Pause Full (Allocation Failure)
[630.068s][info][gc,phases,start] GC(2143) Marking Phase
[630.370s][info][gc,phases      ] GC(2143) Marking Phase 301.497ms
[630.370s][info][gc,phases,start] GC(2143) Summary Phase
[630.370s][info][gc,phases      ] GC(2143) Summary Phase 0.024ms
[630.370s][info][gc,phases,start] GC(2143) Forward
[630.481s][info][gc,phases      ] GC(2143) Forward 110.870ms
[630.481s][info][gc,phases,start] GC(2143) Adjust Pointers
[630.743s][info][gc,phases      ] GC(2143) Adjust Pointers 262.590ms
[630.743s][info][gc,phases,start] GC(2143) Compaction Phase
[630.878s][info][gc,phases      ] GC(2143) Compaction Phase 134.827ms
[630.893s][info][gc,phases,start] GC(2143) Post Compact
[630.895s][info][gc,phases      ] GC(2143) Post Compact 2.161ms
[630.895s][info][gc,heap        ] GC(2143) PSYoungGen: 111648K(222720K)->0K(222720K) Eden: 111616K(111616K)->0K(111616K) From: 32K(111104K)->0K(111104K)
[630.895s][info][gc,heap        ] GC(2143) ParOldGen: 617067K(664576K)->458581K(667648K)
[630.895s][info][gc,metaspace   ] GC(2143) Metaspace: 19074K(19264K)->19074K(19264K) NonClass: 16411K(16512K)->16411K(16512K) Class: 2663K(2752K)->2663K(2752K)
[630.895s][info][gc             ] GC(2143) Pause Full (Allocation Failure) 711M->447M(869M) 827.156ms
[630.895s][info][gc,cpu         ] GC(2143) User=1.55s Sys=0.00s Real=0.83s
[631.054s][info][gc,start       ] GC(2144) Pause Young (Allocation Failure)
[631.055s][info][gc,heap        ] GC(2144) PSYoungGen: 111616K(222720K)->64K(222720K) Eden: 111616K(111616K)->0K(111616K) From: 0K(111104K)->64K(111104K)
[631.055s][info][gc,heap        ] GC(2144) ParOldGen: 458581K(667648K)->458581K(667648K)
[631.055s][info][gc,metaspace   ] GC(2144) Metaspace: 19074K(19264K)->19074K(19264K) NonClass: 16411K(16512K)->16411K(16512K) Class: 2663K(2752K)->2663K(2752K)
[631.055s][info][gc             ] GC(2144) Pause Young (Allocation Failure) 556M->447M(869M) 1.654ms
[631.055s][info][gc,cpu         ] GC(2144) User=0.00s Sys=0.00s Real=0.00s
[631.211s][info][gc,start       ] GC(2145) Pause Young (Allocation Failure)
[631.212s][info][gc,heap        ] GC(2145) PSYoungGen: 111680K(222720K)->64K(222720K) Eden: 111616K(111616K)->0K(111616K) From: 64K(111104K)->64K(111104K)
[631.212s][info][gc,heap        ] GC(2145) ParOldGen: 458581K(667648K)->458589K(667648K)
[631.212s][info][gc,metaspace   ] GC(2145) Metaspace: 19074K(19264K)->19074K(19264K) NonClass: 16411K(16512K)->16411K(16512K) Class: 2663K(2752K)->2663K(2752K)
[631.212s][info][gc             ] GC(2145) Pause Young (Allocation Failure) 556M->447M(869M) 1.579ms
[631.212s][info][gc,cpu         ] GC(2145) User=0.00s Sys=0.00s Real=0.00s
[631.328s][info][gc,start       ] GC(2146) Pause Young (Allocation Failure)
[631.346s][info][gc,heap        ] GC(2146) PSYoungGen: 111680K(222720K)->15360K(222720K) Eden: 111616K(111616K)->0K(111616K) From: 64K(111104K)->15360K(111104K)
[631.346s][info][gc,heap        ] GC(2146) ParOldGen: 458589K(667648K)->458589K(667648K)
[631.346s][info][gc,metaspace   ] GC(2146) Metaspace: 19074K(19264K)->19074K(19264K) NonClass: 16411K(16512K)->16411K(16512K) Class: 2663K(2752K)->2663K(2752K)
[631.346s][info][gc             ] GC(2146) Pause Young (Allocation Failure) 556M->462M(869M) 18.112ms
[631.346s][info][gc,cpu         ] GC(2146) User=0.04s Sys=0.00s Real=0.02s
[631.456s][info][gc,start       ] GC(2147) Pause Young (Allocation Failure)
[631.485s][info][gc,heap        ] GC(2147) PSYoungGen: 126976K(222720K)->12384K(222720K) Eden: 111616K(111616K)->0K(111616K) From: 15360K(111104K)->12384K(111104K)
[631.485s][info][gc,heap        ] GC(2147) ParOldGen: 458589K(667648K)->473973K(667648K)
[631.485s][info][gc,metaspace   ] GC(2147) Metaspace: 19074K(19264K)->19074K(19264K) NonClass: 16411K(16512K)->16411K(16512K) Class: 2663K(2752K)->2663K(2752K)
[631.485s][info][gc             ] GC(2147) Pause Young (Allocation Failure) 571M->474M(869M) 29.475ms
[631.485s][info][gc,cpu         ] GC(2147) User=0.06s Sys=0.00s Real=0.03s
[631.575s][info][gc,start       ] GC(2148) Pause Young (Allocation Failure)
[631.594s][info][gc,heap        ] GC(2148) PSYoungGen: 124000K(222720K)->3360K(222720K) Eden: 111616K(111616K)->0K(111616K) From: 12384K(111104K)->3360K(111104K)
[631.594s][info][gc,heap        ] GC(2148) ParOldGen: 473973K(667648K)->486373K(667648K)
[631.594s][info][gc,metaspace   ] GC(2148) Metaspace: 19074K(19264K)->19074K(19264K) NonClass: 16411K(16512K)->16411K(16512K) Class: 2663K(2752K)->2663K(2752K)
[631.594s][info][gc             ] GC(2148) Pause Young (Allocation Failure) 583M->478M(869M) 19.423ms
[631.594s][info][gc,cpu         ] GC(2148) User=0.04s Sys=0.00s Real=0.02s
[631.700s][info][gc,start       ] GC(2149) Pause Young (Allocation Failure)
[631.710s][info][gc,heap        ] GC(2149) PSYoungGen: 114976K(222720K)->1792K(222720K) Eden: 111616K(111616K)->0K(111616K) From: 3360K(111104K)->1792K(111104K)
[631.710s][info][gc,heap        ] GC(2149) ParOldGen: 486373K(667648K)->489693K(667648K)
[631.711s][info][gc,metaspace   ] GC(2149) Metaspace: 19074K(19264K)->19074K(19264K) NonClass: 16411K(16512K)->16411K(16512K) Class: 2663K(2752K)->2663K(2752K)
[631.711s][info][gc             ] GC(2149) Pause Young (Allocation Failure) 587M->479M(869M) 10.422ms
[631.711s][info][gc,cpu         ] GC(2149) User=0.02s Sys=0.00s Real=0.02s
[631.819s][info][gc,start       ] GC(2150) Pause Young (Allocation Failure)
[631.823s][info][gc,heap        ] GC(2150) PSYoungGen: 113408K(222720K)->64K(222720K) Eden: 111616K(111616K)->0K(111616K) From: 1792K(111104K)->64K(111104K)
[631.823s][info][gc,heap        ] GC(2150) ParOldGen: 489693K(667648K)->491477K(667648K)
[631.823s][info][gc,metaspace   ] GC(2150) Metaspace: 19074K(19264K)->19074K(19264K) NonClass: 16411K(16512K)->16411K(16512K) Class: 2663K(2752K)->2663K(2752K)
[631.823s][info][gc             ] GC(2150) Pause Young (Allocation Failure) 588M->480M(869M) 3.990ms
[631.823s][info][gc,cpu         ] GC(2150) User=0.01s Sys=0.00s Real=0.01s
[631.935s][info][gc,start       ] GC(2151) Pause Young (Allocation Failure)
[631.945s][info][gc,heap        ] GC(2151) PSYoungGen: 111680K(222720K)->8064K(222720K) Eden: 111616K(111616K)->0K(111616K) From: 64K(111104K)->8064K(111104K)
[631.945s][info][gc,heap        ] GC(2151) ParOldGen: 491477K(667648K)->491493K(667648K)
[631.945s][info][gc,metaspace   ] GC(2151) Metaspace: 19074K(19264K)->19074K(19264K) NonClass: 16411K(16512K)->16411K(16512K) Class: 2663K(2752K)->2663K(2752K)
[631.945s][info][gc             ] GC(2151) Pause Young (Allocation Failure) 589M->487M(869M) 10.408ms
[631.945s][info][gc,cpu         ] GC(2151) User=0.02s Sys=0.00s Real=0.01s
[632.179s][info][gc,start       ] GC(2152) Pause Young (Allocation Failure)
[632.189s][info][gc,heap        ] GC(2152) PSYoungGen: 119680K(222720K)->128K(222720K) Eden: 111616K(111616K)->0K(111616K) From: 8064K(111104K)->128K(111104K)
[632.189s][info][gc,heap        ] GC(2152) ParOldGen: 491493K(667648K)->499531K(667648K)
[632.189s][info][gc,metaspace   ] GC(2152) Metaspace: 19074K(19264K)->19074K(19264K) NonClass: 16411K(16512K)->16411K(16512K) Class: 2663K(2752K)->2663K(2752K)
[632.189s][info][gc             ] GC(2152) Pause Young (Allocation Failure) 596M->487M(869M) 10.285ms
[632.189s][info][gc,cpu         ] GC(2152) User=0.02s Sys=0.00s Real=0.01s
[632.384s][info][gc,start       ] GC(2153) Pause Young (Allocation Failure)
[632.386s][info][gc,heap        ] GC(2153) PSYoungGen: 111744K(222720K)->160K(222720K) Eden: 111616K(111616K)->0K(111616K) From: 128K(111104K)->160K(111104K)
[632.386s][info][gc,heap        ] GC(2153) ParOldGen: 499531K(667648K)->499651K(667648K)
[632.386s][info][gc,metaspace   ] GC(2153) Metaspace: 19074K(19264K)->19074K(19264K) NonClass: 16411K(16512K)->16411K(16512K) Class: 2663K(2752K)->2663K(2752K)
[632.386s][info][gc             ] GC(2153) Pause Young (Allocation Failure) 596M->488M(869M) 2.145ms
[632.386s][info][gc,cpu         ] GC(2153) User=0.01s Sys=0.00s Real=0.00s
[632.587s][info][gc,start       ] GC(2154) Pause Young (Allocation Failure)
[632.589s][info][gc,heap        ] GC(2154) PSYoungGen: 111776K(222720K)->64K(222720K) Eden: 111616K(111616K)->0K(111616K) From: 160K(111104K)->64K(111104K)
[632.589s][info][gc,heap        ] GC(2154) ParOldGen: 499651K(667648K)->499793K(667648K)
[632.589s][info][gc,metaspace   ] GC(2154) Metaspace: 19074K(19264K)->19074K(19264K) NonClass: 16411K(16512K)->16411K(16512K) Class: 2663K(2752K)->2663K(2752K)
[632.589s][info][gc             ] GC(2154) Pause Young (Allocation Failure) 597M->488M(869M) 2.007ms
[632.589s][info][gc,cpu         ] GC(2154) User=0.00s Sys=0.00s Real=0.00s
[632.782s][info][gc,start       ] GC(2155) Pause Young (Allocation Failure)
[632.785s][info][gc,heap        ] GC(2155) PSYoungGen: 111680K(222720K)->64K(112128K) Eden: 111616K(111616K)->0K(111616K) From: 64K(111104K)->64K(512K)
[632.785s][info][gc,heap        ] GC(2155) ParOldGen: 499793K(667648K)->499809K(667648K)
[632.785s][info][gc,metaspace   ] GC(2155) Metaspace: 19074K(19264K)->19074K(19264K) NonClass: 16411K(16512K)->16411K(16512K) Class: 2663K(2752K)->2663K(2752K)
[632.785s][info][gc             ] GC(2155) Pause Young (Allocation Failure) 597M->488M(761M) 2.789ms
[632.785s][info][gc,cpu         ] GC(2155) User=0.00s Sys=0.00s Real=0.00s
[632.967s][info][gc,start       ] GC(2156) Pause Young (Allocation Failure)
[632.979s][info][gc,heap        ] GC(2156) PSYoungGen: 111680K(112128K)->10336K(213504K) Eden: 111616K(111616K)->0K(115712K) From: 64K(512K)->10336K(97792K)
[632.979s][info][gc,heap        ] GC(2156) ParOldGen: 499809K(667648K)->499809K(667648K)
[632.979s][info][gc,metaspace   ] GC(2156) Metaspace: 19074K(19264K)->19074K(19264K) NonClass: 16411K(16512K)->16411K(16512K) Class: 2663K(2752K)->2663K(2752K)
[632.979s][info][gc             ] GC(2156) Pause Young (Allocation Failure) 597M->498M(860M) 12.687ms
[632.979s][info][gc,cpu         ] GC(2156) User=0.03s Sys=0.00s Real=0.01s
[633.114s][info][gc,start       ] GC(2157) Pause Young (Allocation Failure)
[633.129s][info][gc,heap        ] GC(2157) PSYoungGen: 126048K(213504K)->13120K(129024K) Eden: 115712K(115712K)->0K(115712K) From: 10336K(97792K)->13120K(13312K)
[633.129s][info][gc,heap        ] GC(2157) ParOldGen: 499809K(667648K)->499809K(667648K)
[633.129s][info][gc,metaspace   ] GC(2157) Metaspace: 19074K(19264K)->19074K(19264K) NonClass: 16411K(16512K)->16411K(16512K) Class: 2663K(2752K)->2663K(2752K)
[633.129s][info][gc             ] GC(2157) Pause Young (Allocation Failure) 611M->500M(778M) 15.297ms
[633.129s][info][gc,cpu         ] GC(2157) User=0.03s Sys=0.00s Real=0.01s
[633.260s][info][gc,start       ] GC(2158) Pause Young (Allocation Failure)
[633.285s][info][gc,heap        ] GC(2158) PSYoungGen: 128832K(129024K)->26624K(208384K) Eden: 115712K(115712K)->0K(121856K) From: 13120K(13312K)->26624K(86528K)
[633.285s][info][gc,heap        ] GC(2158) ParOldGen: 499809K(667648K)->499809K(667648K)
[633.285s][info][gc,metaspace   ] GC(2158) Metaspace: 19074K(19264K)->19074K(19264K) NonClass: 16411K(16512K)->16411K(16512K) Class: 2663K(2752K)->2663K(2752K)
[633.285s][info][gc             ] GC(2158) Pause Young (Allocation Failure) 613M->514M(855M) 24.518ms
[633.285s][info][gc,cpu         ] GC(2158) User=0.05s Sys=0.00s Real=0.03s
[633.361s][info][gc,start       ] GC(2159) Pause Young (Allocation Failure)
[633.410s][info][gc,heap        ] GC(2159) PSYoungGen: 148480K(208384K)->66240K(211456K) Eden: 121856K(121856K)->0K(121856K) From: 26624K(86528K)->66240K(89600K)
[633.411s][info][gc,heap        ] GC(2159) ParOldGen: 499809K(667648K)->499809K(667648K)
[633.411s][info][gc,metaspace   ] GC(2159) Metaspace: 19074K(19264K)->19074K(19264K) NonClass: 16411K(16512K)->16411K(16512K) Class: 2663K(2752K)->2663K(2752K)
[633.411s][info][gc             ] GC(2159) Pause Young (Allocation Failure) 633M->552M(858M) 49.932ms
[633.411s][info][gc,cpu         ] GC(2159) User=0.09s Sys=0.00s Real=0.05s
[633.654s][info][gc,start       ] GC(2160) Pause Young (Allocation Failure)
[633.703s][info][gc,heap        ] GC(2160) PSYoungGen: 188096K(211456K)->68992K(214016K) Eden: 121856K(121856K)->0K(113664K) From: 66240K(89600K)->68992K(100352K)
[633.703s][info][gc,heap        ] GC(2160) ParOldGen: 499809K(667648K)->499809K(667648K)
[633.703s][info][gc,metaspace   ] GC(2160) Metaspace: 19074K(19264K)->19074K(19264K) NonClass: 16411K(16512K)->16411K(16512K) Class: 2663K(2752K)->2663K(2752K)
[633.704s][info][gc             ] GC(2160) Pause Young (Allocation Failure) 671M->555M(861M) 49.973ms
[633.704s][info][gc,cpu         ] GC(2160) User=0.09s Sys=0.00s Real=0.05s
[633.924s][info][gc,start       ] GC(2161) Pause Young (Allocation Failure)
[633.994s][info][gc,heap        ] GC(2161) PSYoungGen: 182656K(214016K)->79904K(194048K) Eden: 113664K(113664K)->0K(113664K) From: 68992K(100352K)->79904K(80384K)
[633.994s][info][gc,heap        ] GC(2161) ParOldGen: 499809K(667648K)->499809K(667648K)
[633.994s][info][gc,metaspace   ] GC(2161) Metaspace: 19074K(19264K)->19074K(19264K) NonClass: 16411K(16512K)->16411K(16512K) Class: 2663K(2752K)->2663K(2752K)
[633.994s][info][gc             ] GC(2161) Pause Young (Allocation Failure) 666M->566M(841M) 69.692ms
[633.994s][info][gc,cpu         ] GC(2161) User=0.14s Sys=0.00s Real=0.07s
[634.153s][info][gc,start       ] GC(2162) Pause Young (Allocation Failure)
[634.222s][info][gc,heap        ] GC(2162) PSYoungGen: 193568K(194048K)->69600K(222720K) Eden: 113664K(113664K)->0K(111616K) From: 79904K(80384K)->69600K(111104K)
[634.222s][info][gc,heap        ] GC(2162) ParOldGen: 499809K(667648K)->510161K(667648K)
[634.222s][info][gc,metaspace   ] GC(2162) Metaspace: 19074K(19264K)->19074K(19264K) NonClass: 16411K(16512K)->16411K(16512K) Class: 2663K(2752K)->2663K(2752K)
[634.222s][info][gc             ] GC(2162) Pause Young (Allocation Failure) 677M->566M(869M) 69.290ms
[634.222s][info][gc,cpu         ] GC(2162) User=0.14s Sys=0.00s Real=0.07s
[634.381s][info][gc,start       ] GC(2163) Pause Young (Allocation Failure)
[634.439s][info][gc,heap        ] GC(2163) PSYoungGen: 181216K(222720K)->53312K(222720K) Eden: 111616K(111616K)->0K(111616K) From: 69600K(111104K)->53312K(111104K)
[634.439s][info][gc,heap        ] GC(2163) ParOldGen: 510161K(667648K)->526644K(667648K)
[634.439s][info][gc,metaspace   ] GC(2163) Metaspace: 19074K(19264K)->19074K(19264K) NonClass: 16411K(16512K)->16411K(16512K) Class: 2663K(2752K)->2663K(2752K)
[634.439s][info][gc             ] GC(2163) Pause Young (Allocation Failure) 675M->566M(869M) 58.884ms
[634.440s][info][gc,cpu         ] GC(2163) User=0.12s Sys=0.00s Real=0.05s
[634.611s][info][gc,start       ] GC(2164) Pause Young (Allocation Failure)
[634.661s][info][gc,heap        ] GC(2164) PSYoungGen: 164928K(222720K)->10976K(222720K) Eden: 111616K(111616K)->0K(111616K) From: 53312K(111104K)->10976K(111104K)
[634.661s][info][gc,heap        ] GC(2164) ParOldGen: 526644K(667648K)->569264K(667648K)
[634.661s][info][gc,metaspace   ] GC(2164) Metaspace: 19074K(19264K)->19074K(19264K) NonClass: 16411K(16512K)->16411K(16512K) Class: 2663K(2752K)->2663K(2752K)
[634.661s][info][gc             ] GC(2164) Pause Young (Allocation Failure) 675M->566M(869M) 50.220ms
[634.661s][info][gc,cpu         ] GC(2164) User=0.10s Sys=0.00s Real=0.05s
[634.816s][info][gc,start       ] GC(2165) Pause Young (Allocation Failure)
[634.832s][info][gc,heap        ] GC(2165) PSYoungGen: 122592K(222720K)->64K(222720K) Eden: 111616K(111616K)->0K(111616K) From: 10976K(111104K)->64K(111104K)
[634.832s][info][gc,heap        ] GC(2165) ParOldGen: 569264K(667648K)->580224K(667648K)
[634.832s][info][gc,metaspace   ] GC(2165) Metaspace: 19074K(19264K)->19074K(19264K) NonClass: 16411K(16512K)->16411K(16512K) Class: 2663K(2752K)->2663K(2752K)
[634.832s][info][gc             ] GC(2165) Pause Young (Allocation Failure) 675M->566M(869M) 15.391ms
[634.832s][info][gc,cpu         ] GC(2165) User=0.03s Sys=0.00s Real=0.02s
[634.984s][info][gc,start       ] GC(2166) Pause Young (Allocation Failure)
[634.986s][info][gc,heap        ] GC(2166) PSYoungGen: 111680K(222720K)->64K(222720K) Eden: 111616K(111616K)->0K(111616K) From: 64K(111104K)->64K(111104K)
[634.986s][info][gc,heap        ] GC(2166) ParOldGen: 580224K(667648K)->580224K(667648K)
[634.986s][info][gc,metaspace   ] GC(2166) Metaspace: 19074K(19264K)->19074K(19264K) NonClass: 16411K(16512K)->16411K(16512K) Class: 2663K(2752K)->2663K(2752K)
[634.986s][info][gc             ] GC(2166) Pause Young (Allocation Failure) 675M->566M(869M) 1.879ms
[634.986s][info][gc,cpu         ] GC(2166) User=0.00s Sys=0.00s Real=0.00s
[635.137s][info][gc,start       ] GC(2167) Pause Young (Allocation Failure)
[635.139s][info][gc,heap        ] GC(2167) PSYoungGen: 111680K(222720K)->64K(112128K) Eden: 111616K(111616K)->0K(111616K) From: 64K(111104K)->64K(512K)
[635.139s][info][gc,heap        ] GC(2167) ParOldGen: 580224K(667648K)->580224K(667648K)
[635.139s][info][gc,metaspace   ] GC(2167) Metaspace: 19074K(19264K)->19074K(19264K) NonClass: 16411K(16512K)->16411K(16512K) Class: 2663K(2752K)->2663K(2752K)
[635.139s][info][gc             ] GC(2167) Pause Young (Allocation Failure) 675M->566M(761M) 1.943ms
[635.139s][info][gc,cpu         ] GC(2167) User=0.00s Sys=0.00s Real=0.00s
[635.287s][info][gc,start       ] GC(2168) Pause Young (Allocation Failure)
[635.289s][info][gc,heap        ] GC(2168) PSYoungGen: 111680K(112128K)->64K(223744K) Eden: 111616K(111616K)->0K(115712K) From: 64K(512K)->64K(108032K)
[635.289s][info][gc,heap        ] GC(2168) ParOldGen: 580224K(667648K)->580224K(667648K)
[635.289s][info][gc,metaspace   ] GC(2168) Metaspace: 19074K(19264K)->19074K(19264K) NonClass: 16411K(16512K)->16411K(16512K) Class: 2663K(2752K)->2663K(2752K)
[635.289s][info][gc             ] GC(2168) Pause Young (Allocation Failure) 675M->566M(870M) 1.949ms
[635.289s][info][gc,cpu         ] GC(2168) User=0.00s Sys=0.00s Real=0.00s
[635.420s][info][gc,start       ] GC(2169) Pause Young (Allocation Failure)
[635.435s][info][gc,heap        ] GC(2169) PSYoungGen: 115776K(223744K)->11648K(127488K) Eden: 115712K(115712K)->0K(115712K) From: 64K(108032K)->11648K(11776K)
[635.435s][info][gc,heap        ] GC(2169) ParOldGen: 580224K(667648K)->580224K(667648K)
[635.435s][info][gc,metaspace   ] GC(2169) Metaspace: 19074K(19264K)->19074K(19264K) NonClass: 16411K(16512K)->16411K(16512K) Class: 2663K(2752K)->2663K(2752K)
[635.435s][info][gc             ] GC(2169) Pause Young (Allocation Failure) 679M->578M(776M) 14.806ms
[635.435s][info][gc,cpu         ] GC(2169) User=0.03s Sys=0.00s Real=0.02s
[635.547s][info][gc,start       ] GC(2170) Pause Young (Allocation Failure)
[635.573s][info][gc,heap        ] GC(2170) PSYoungGen: 127360K(127488K)->24416K(213504K) Eden: 115712K(115712K)->0K(123392K) From: 11648K(11776K)->24416K(90112K)
[635.573s][info][gc,heap        ] GC(2170) ParOldGen: 580224K(667648K)->580224K(667648K)
[635.573s][info][gc,metaspace   ] GC(2170) Metaspace: 19074K(19264K)->19074K(19264K) NonClass: 16411K(16512K)->16411K(16512K) Class: 2663K(2752K)->2663K(2752K)
[635.573s][info][gc             ] GC(2170) Pause Young (Allocation Failure) 691M->590M(860M) 26.428ms
[635.573s][info][gc,cpu         ] GC(2170) User=0.06s Sys=0.00s Real=0.03s
[635.673s][info][gc,start       ] GC(2171) Pause Young (Allocation Failure)
[635.700s][info][gc,heap        ] GC(2171) PSYoungGen: 147808K(213504K)->26336K(216576K) Eden: 123392K(123392K)->0K(123392K) From: 24416K(90112K)->26336K(93184K)
[635.700s][info][gc,heap        ] GC(2171) ParOldGen: 580224K(667648K)->580224K(667648K)
[635.700s][info][gc,metaspace   ] GC(2171) Metaspace: 19074K(19264K)->19074K(19264K) NonClass: 16411K(16512K)->16411K(16512K) Class: 2663K(2752K)->2663K(2752K)
[635.700s][info][gc             ] GC(2171) Pause Young (Allocation Failure) 710M->592M(863M) 27.291ms
[635.700s][info][gc,cpu         ] GC(2171) User=0.06s Sys=0.00s Real=0.02s
[635.819s][info][gc,start       ] GC(2172) Pause Young (Allocation Failure)
[635.849s][info][gc,heap        ] GC(2172) PSYoungGen: 149728K(216576K)->29568K(214016K) Eden: 123392K(123392K)->0K(133632K) From: 26336K(93184K)->29568K(80384K)
[635.849s][info][gc,heap        ] GC(2172) ParOldGen: 580224K(667648K)->580224K(667648K)
[635.849s][info][gc,metaspace   ] GC(2172) Metaspace: 19074K(19264K)->19074K(19264K) NonClass: 16411K(16512K)->16411K(16512K) Class: 2663K(2752K)->2663K(2752K)
[635.849s][info][gc             ] GC(2172) Pause Young (Allocation Failure) 712M->595M(861M) 30.243ms
[635.849s][info][gc,cpu         ] GC(2172) User=0.06s Sys=0.00s Real=0.03s
[635.966s][info][gc,start       ] GC(2173) Pause Young (Allocation Failure)
[635.997s][info][gc,heap        ] GC(2173) PSYoungGen: 163200K(214016K)->29632K(217088K) Eden: 133632K(133632K)->0K(133632K) From: 29568K(80384K)->29632K(83456K)
[635.997s][info][gc,heap        ] GC(2173) ParOldGen: 580224K(667648K)->580224K(667648K)
[635.997s][info][gc,metaspace   ] GC(2173) Metaspace: 19074K(19264K)->19074K(19264K) NonClass: 16411K(16512K)->16411K(16512K) Class: 2663K(2752K)->2663K(2752K)
[635.997s][info][gc             ] GC(2173) Pause Young (Allocation Failure) 726M->595M(864M) 30.532ms
[635.997s][info][gc,cpu         ] GC(2173) User=0.06s Sys=0.00s Real=0.03s
[636.095s][info][gc,start       ] GC(2174) Pause Young (Allocation Failure)
[636.159s][info][gc,heap        ] GC(2174) PSYoungGen: 163264K(217088K)->61440K(216576K) Eden: 133632K(133632K)->0K(136704K) From: 29632K(83456K)->61440K(79872K)
[636.159s][info][gc,heap        ] GC(2174) ParOldGen: 580224K(667648K)->580224K(667648K)
[636.159s][info][gc,metaspace   ] GC(2174) Metaspace: 19074K(19264K)->19074K(19264K) NonClass: 16411K(16512K)->16411K(16512K) Class: 2663K(2752K)->2663K(2752K)
[636.159s][info][gc             ] GC(2174) Pause Young (Allocation Failure) 726M->626M(863M) 63.819ms
[636.159s][info][gc,cpu         ] GC(2174) User=0.12s Sys=0.00s Real=0.06s
[636.314s][info][gc,start       ] GC(2175) Pause Young (Allocation Failure)
[636.397s][info][gc,heap        ] GC(2175) PSYoungGen: 198144K(216576K)->82560K(224768K) Eden: 136704K(136704K)->0K(136704K) From: 61440K(79872K)->82560K(88064K)
[636.397s][info][gc,heap        ] GC(2175) ParOldGen: 580224K(667648K)->580224K(667648K)
[636.397s][info][gc,metaspace   ] GC(2175) Metaspace: 19074K(19264K)->19074K(19264K) NonClass: 16411K(16512K)->16411K(16512K) Class: 2663K(2752K)->2663K(2752K)
[636.397s][info][gc             ] GC(2175) Pause Young (Allocation Failure) 760M->647M(871M) 82.585ms
[636.397s][info][gc,cpu         ] GC(2175) User=0.16s Sys=0.00s Real=0.08s
[636.593s][info][gc,start       ] GC(2176) Pause Young (Allocation Failure)
[636.708s][info][gc,heap        ] GC(2176) PSYoungGen: 219264K(224768K)->102400K(214016K) Eden: 136704K(136704K)->0K(111616K) From: 82560K(88064K)->102400K(102400K)
[636.708s][info][gc,heap        ] GC(2176) ParOldGen: 580224K(667648K)->582120K(667648K)
[636.708s][info][gc,metaspace   ] GC(2176) Metaspace: 19074K(19264K)->19074K(19264K) NonClass: 16411K(16512K)->16411K(16512K) Class: 2663K(2752K)->2663K(2752K)
[636.708s][info][gc             ] GC(2176) Pause Young (Allocation Failure) 780M->668M(861M) 114.968ms
[636.708s][info][gc,cpu         ] GC(2176) User=0.22s Sys=0.02s Real=0.11s
[636.799s][info][gc,start       ] GC(2177) Pause Young (Allocation Failure)
[636.920s][info][gc,heap        ] GC(2177) PSYoungGen: 214016K(214016K)->88960K(222720K) Eden: 111616K(111616K)->0K(111616K) From: 102400K(102400K)->88960K(111104K)
[636.920s][info][gc,heap        ] GC(2177) ParOldGen: 582120K(667648K)->605456K(667648K)
[636.920s][info][gc,metaspace   ] GC(2177) Metaspace: 19074K(19264K)->19074K(19264K) NonClass: 16411K(16512K)->16411K(16512K) Class: 2663K(2752K)->2663K(2752K)
[636.920s][info][gc             ] GC(2177) Pause Young (Allocation Failure) 777M->678M(869M) 120.642ms
[636.920s][info][gc,cpu         ] GC(2177) User=0.24s Sys=0.00s Real=0.12s
[637.024s][info][gc,start       ] GC(2178) Pause Young (Allocation Failure)
[637.114s][info][gc,heap        ] GC(2178) PSYoungGen: 200576K(222720K)->86592K(222720K) Eden: 111616K(111616K)->0K(111616K) From: 88960K(111104K)->86592K(111104K)
[637.114s][info][gc,heap        ] GC(2178) ParOldGen: 605456K(667648K)->610416K(667648K)
[637.114s][info][gc,metaspace   ] GC(2178) Metaspace: 19074K(19264K)->19074K(19264K) NonClass: 16411K(16512K)->16411K(16512K) Class: 2663K(2752K)->2663K(2752K)
[637.114s][info][gc             ] GC(2178) Pause Young (Allocation Failure) 787M->680M(869M) 89.955ms
[637.114s][info][gc,cpu         ] GC(2178) User=0.18s Sys=0.00s Real=0.09s
[637.245s][info][gc,start       ] GC(2179) Pause Young (Allocation Failure)
[637.330s][info][gc,heap        ] GC(2179) PSYoungGen: 198208K(222720K)->55328K(222720K) Eden: 111616K(111616K)->0K(111616K) From: 86592K(111104K)->55328K(111104K)
[637.330s][info][gc,heap        ] GC(2179) ParOldGen: 610416K(667648K)->641872K(667648K)
[637.330s][info][gc,metaspace   ] GC(2179) Metaspace: 19074K(19264K)->19074K(19264K) NonClass: 16411K(16512K)->16411K(16512K) Class: 2663K(2752K)->2663K(2752K)
[637.330s][info][gc             ] GC(2179) Pause Young (Allocation Failure) 789M->680M(869M) 84.282ms
[637.330s][info][gc,cpu         ] GC(2179) User=0.17s Sys=0.00s Real=0.08s
[637.444s][info][gc,start       ] GC(2180) Pause Full (Allocation Failure)
[637.444s][info][gc,phases,start] GC(2180) Marking Phase
[637.728s][info][gc,phases      ] GC(2180) Marking Phase 283.967ms
[637.728s][info][gc,phases,start] GC(2180) Summary Phase
[637.728s][info][gc,phases      ] GC(2180) Summary Phase 0.025ms
[637.728s][info][gc,phases,start] GC(2180) Forward
[637.834s][info][gc,phases      ] GC(2180) Forward 105.593ms
[637.834s][info][gc,phases,start] GC(2180) Adjust Pointers
[638.061s][info][gc,phases      ] GC(2180) Adjust Pointers 226.773ms
[638.061s][info][gc,phases,start] GC(2180) Compaction Phase
[638.192s][info][gc,phases      ] GC(2180) Compaction Phase 131.670ms
[638.200s][info][gc,phases,start] GC(2180) Post Compact
[638.203s][info][gc,phases      ] GC(2180) Post Compact 2.344ms
[638.203s][info][gc,heap        ] GC(2180) PSYoungGen: 166944K(222720K)->0K(222720K) Eden: 111616K(111616K)->0K(111616K) From: 55328K(111104K)->0K(111104K)
[638.203s][info][gc,heap        ] GC(2180) ParOldGen: 641872K(667648K)->406779K(667648K)
[638.203s][info][gc,metaspace   ] GC(2180) Metaspace: 19074K(19264K)->19074K(19264K) NonClass: 16411K(16512K)->16411K(16512K) Class: 2663K(2752K)->2663K(2752K)
[638.203s][info][gc             ] GC(2180) Pause Full (Allocation Failure) 789M->397M(869M) 758.606ms
[638.203s][info][gc,cpu         ] GC(2180) User=1.42s Sys=0.00s Real=0.76s
[638.342s][info][gc,start       ] GC(2181) Pause Young (Allocation Failure)
[638.350s][info][gc,heap        ] GC(2181) PSYoungGen: 111616K(222720K)->3392K(222720K) Eden: 111616K(111616K)->0K(111616K) From: 0K(111104K)->3392K(111104K)
[638.350s][info][gc,heap        ] GC(2181) ParOldGen: 406779K(667648K)->406779K(667648K)
[638.350s][info][gc,metaspace   ] GC(2181) Metaspace: 19074K(19264K)->19074K(19264K) NonClass: 16411K(16512K)->16411K(16512K) Class: 2663K(2752K)->2663K(2752K)
[638.350s][info][gc             ] GC(2181) Pause Young (Allocation Failure) 506M->400M(869M) 7.910ms
[638.350s][info][gc,cpu         ] GC(2181) User=0.01s Sys=0.00s Real=0.00s
[638.448s][info][gc,start       ] GC(2182) Pause Young (Allocation Failure)
[638.464s][info][gc,heap        ] GC(2182) PSYoungGen: 115008K(222720K)->14112K(222720K) Eden: 111616K(111616K)->0K(111616K) From: 3392K(111104K)->14112K(111104K)
[638.464s][info][gc,heap        ] GC(2182) ParOldGen: 406779K(667648K)->406779K(667648K)
[638.464s][info][gc,metaspace   ] GC(2182) Metaspace: 19074K(19264K)->19074K(19264K) NonClass: 16411K(16512K)->16411K(16512K) Class: 2663K(2752K)->2663K(2752K)
[638.464s][info][gc             ] GC(2182) Pause Young (Allocation Failure) 509M->411M(869M) 15.869ms
[638.464s][info][gc,cpu         ] GC(2182) User=0.03s Sys=0.00s Real=0.02s
[638.585s][info][gc,start       ] GC(2183) Pause Young (Allocation Failure)
[638.613s][info][gc,heap        ] GC(2183) PSYoungGen: 125728K(222720K)->27408K(222720K) Eden: 111616K(111616K)->0K(111616K) From: 14112K(111104K)->27408K(111104K)
[638.613s][info][gc,heap        ] GC(2183) ParOldGen: 406779K(667648K)->410155K(667648K)
[638.613s][info][gc,metaspace   ] GC(2183) Metaspace: 19074K(19264K)->19074K(19264K) NonClass: 16411K(16512K)->16411K(16512K) Class: 2663K(2752K)->2663K(2752K)
[638.613s][info][gc             ] GC(2183) Pause Young (Allocation Failure) 520M->427M(869M) 28.072ms
[638.613s][info][gc,cpu         ] GC(2183) User=0.06s Sys=0.00s Real=0.03s
[638.678s][info][gc,start       ] GC(2184) Pause Young (Allocation Failure)
[638.734s][info][gc,heap        ] GC(2184) PSYoungGen: 139024K(222720K)->42400K(222720K) Eden: 111616K(111616K)->0K(111616K) From: 27408K(111104K)->42400K(111104K)
[638.734s][info][gc,heap        ] GC(2184) ParOldGen: 410155K(667648K)->437774K(667648K)
[638.734s][info][gc,metaspace   ] GC(2184) Metaspace: 19075K(19264K)->19075K(19264K) NonClass: 16412K(16512K)->16412K(16512K) Class: 2663K(2752K)->2663K(2752K)
[638.734s][info][gc             ] GC(2184) Pause Young (Allocation Failure) 536M->468M(869M) 55.981ms
[638.734s][info][gc,cpu         ] GC(2184) User=0.11s Sys=0.00s Real=0.06s
[638.848s][info][gc,start       ] GC(2185) Pause Young (Allocation Failure)
[638.896s][info][gc,heap        ] GC(2185) PSYoungGen: 154016K(222720K)->22624K(134656K) Eden: 111616K(111616K)->0K(111616K) From: 42400K(111104K)->22624K(23040K)
[638.897s][info][gc,heap        ] GC(2185) ParOldGen: 437774K(667648K)->480638K(667648K)
[638.897s][info][gc,metaspace   ] GC(2185) Metaspace: 19075K(19264K)->19075K(19264K) NonClass: 16412K(16512K)->16412K(16512K) Class: 2663K(2752K)->2663K(2752K)
[638.897s][info][gc             ] GC(2185) Pause Young (Allocation Failure) 577M->491M(783M) 48.669ms
[638.897s][info][gc,cpu         ] GC(2185) User=0.09s Sys=0.00s Real=0.05s
[639.078s][info][gc,start       ] GC(2186) Pause Young (Allocation Failure)
[639.103s][info][gc,heap        ] GC(2186) PSYoungGen: 134240K(134656K)->1232K(223232K) Eden: 111616K(111616K)->0K(112640K) From: 22624K(23040K)->1232K(110592K)
[639.103s][info][gc,heap        ] GC(2186) ParOldGen: 480638K(667648K)->503354K(667648K)
[639.103s][info][gc,metaspace   ] GC(2186) Metaspace: 19075K(19264K)->19075K(19264K) NonClass: 16412K(16512K)->16412K(16512K) Class: 2663K(2752K)->2663K(2752K)
[639.103s][info][gc             ] GC(2186) Pause Young (Allocation Failure) 600M->492M(870M) 24.822ms
[639.103s][info][gc,cpu         ] GC(2186) User=0.05s Sys=0.00s Real=0.03s
[639.240s][info][gc,start       ] GC(2187) Pause Young (Allocation Failure)
[639.247s][info][gc,heap        ] GC(2187) PSYoungGen: 113872K(223232K)->3296K(116224K) Eden: 112640K(112640K)->0K(112640K) From: 1232K(110592K)->3296K(3584K)
[639.247s][info][gc,heap        ] GC(2187) ParOldGen: 503354K(667648K)->504562K(667648K)
[639.247s][info][gc,metaspace   ] GC(2187) Metaspace: 19075K(19264K)->19075K(19264K) NonClass: 16412K(16512K)->16412K(16512K) Class: 2663K(2752K)->2663K(2752K)
[639.247s][info][gc             ] GC(2187) Pause Young (Allocation Failure) 602M->495M(765M) 7.066ms
[639.247s][info][gc,cpu         ] GC(2187) User=0.02s Sys=0.00s Real=0.01s
[639.326s][info][gc,start       ] GC(2188) Pause Young (Allocation Failure)
[639.337s][info][gc,heap        ] GC(2188) PSYoungGen: 115936K(116224K)->5920K(224256K) Eden: 112640K(112640K)->0K(116736K) From: 3296K(3584K)->5920K(107520K)
[639.337s][info][gc,heap        ] GC(2188) ParOldGen: 504562K(667648K)->507866K(667648K)
[639.337s][info][gc,metaspace   ] GC(2188) Metaspace: 19075K(19264K)->19075K(19264K) NonClass: 16412K(16512K)->16412K(16512K) Class: 2663K(2752K)->2663K(2752K)
[639.337s][info][gc             ] GC(2188) Pause Young (Allocation Failure) 605M->501M(871M) 11.279ms
[639.337s][info][gc,cpu         ] GC(2188) User=0.03s Sys=0.00s Real=0.01s
[639.497s][info][gc,start       ] GC(2189) Pause Young (Allocation Failure)
[639.507s][info][gc,heap        ] GC(2189) PSYoungGen: 122656K(224256K)->6208K(221184K) Eden: 116736K(116736K)->0K(116736K) From: 5920K(107520K)->6208K(104448K)
[639.507s][info][gc,heap        ] GC(2189) ParOldGen: 507866K(667648K)->507866K(667648K)
[639.507s][info][gc,metaspace   ] GC(2189) Metaspace: 19075K(19264K)->19075K(19264K) NonClass: 16412K(16512K)->16412K(16512K) Class: 2663K(2752K)->2663K(2752K)
[639.507s][info][gc             ] GC(2189) Pause Young (Allocation Failure) 615M->502M(868M) 9.785ms
[639.507s][info][gc,cpu         ] GC(2189) User=0.02s Sys=0.00s Real=0.01s
[639.648s][info][gc,start       ] GC(2190) Pause Young (Allocation Failure)
[639.659s][info][gc,heap        ] GC(2190) PSYoungGen: 122944K(221184K)->6816K(223232K) Eden: 116736K(116736K)->0K(125440K) From: 6208K(104448K)->6816K(97792K)
[639.659s][info][gc,heap        ] GC(2190) ParOldGen: 507866K(667648K)->507866K(667648K)
[639.659s][info][gc,metaspace   ] GC(2190) Metaspace: 19075K(19264K)->19075K(19264K) NonClass: 16412K(16512K)->16412K(16512K) Class: 2663K(2752K)->2663K(2752K)
[639.659s][info][gc             ] GC(2190) Pause Young (Allocation Failure) 616M->502M(870M) 11.079ms
[639.660s][info][gc,cpu         ] GC(2190) User=0.02s Sys=0.00s Real=0.01s
[639.778s][info][gc,start       ] GC(2191) Pause Young (Allocation Failure)
[639.790s][info][gc,heap        ] GC(2191) PSYoungGen: 132256K(223232K)->8160K(222720K) Eden: 125440K(125440K)->0K(125440K) From: 6816K(97792K)->8160K(97280K)
[639.790s][info][gc,heap        ] GC(2191) ParOldGen: 507866K(667648K)->507866K(667648K)
[639.790s][info][gc,metaspace   ] GC(2191) Metaspace: 19075K(19264K)->19075K(19264K) NonClass: 16412K(16512K)->16412K(16512K) Class: 2663K(2752K)->2663K(2752K)
[639.790s][info][gc             ] GC(2191) Pause Young (Allocation Failure) 625M->503M(869M) 12.126ms
[639.790s][info][gc,cpu         ] GC(2191) User=0.02s Sys=0.00s Real=0.01s
[640.121s][info][gc,start       ] GC(2192) Pause Young (Allocation Failure)
[640.161s][info][gc,heap        ] GC(2192) PSYoungGen: 133600K(222720K)->23617K(214016K) Eden: 125440K(125440K)->0K(134656K) From: 8160K(97280K)->23617K(79360K)
[640.161s][info][gc,heap        ] GC(2192) ParOldGen: 507866K(667648K)->507866K(667648K)
[640.161s][info][gc,metaspace   ] GC(2192) Metaspace: 19078K(19264K)->19078K(19264K) NonClass: 16414K(16512K)->16414K(16512K) Class: 2663K(2752K)->2663K(2752K)
[640.161s][info][gc             ] GC(2192) Pause Young (Allocation Failure) 626M->519M(861M) 40.693ms
[640.161s][info][gc,cpu         ] GC(2192) User=0.08s Sys=0.00s Real=0.04s
[640.387s][info][gc,start       ] GC(2193) Pause Young (Allocation Failure)
[640.438s][info][gc,heap        ] GC(2193) PSYoungGen: 158273K(214016K)->37057K(220672K) Eden: 134656K(134656K)->0K(134656K) From: 23617K(79360K)->37057K(86016K)
[640.438s][info][gc,heap        ] GC(2193) ParOldGen: 507866K(667648K)->507866K(667648K)
[640.438s][info][gc,metaspace   ] GC(2193) Metaspace: 19078K(19264K)->19078K(19264K) NonClass: 16414K(16512K)->16414K(16512K) Class: 2663K(2752K)->2663K(2752K)
[640.438s][info][gc             ] GC(2193) Pause Young (Allocation Failure) 650M->532M(867M) 51.450ms
[640.438s][info][gc,cpu         ] GC(2193) User=0.11s Sys=0.00s Real=0.05s
[640.612s][info][gc,start       ] GC(2194) Pause Young (Allocation Failure)
[640.682s][info][gc,heap        ] GC(2194) PSYoungGen: 171713K(220672K)->57866K(224256K) Eden: 134656K(134656K)->0K(139264K) From: 37057K(86016K)->57866K(84992K)
[640.682s][info][gc,heap        ] GC(2194) ParOldGen: 507866K(667648K)->507866K(667648K)
[640.682s][info][gc,metaspace   ] GC(2194) Metaspace: 19078K(19264K)->19078K(19264K) NonClass: 16414K(16512K)->16414K(16512K) Class: 2663K(2752K)->2663K(2752K)
[640.682s][info][gc             ] GC(2194) Pause Young (Allocation Failure) 663M->552M(871M) 69.950ms
[640.682s][info][gc,cpu         ] GC(2194) User=0.14s Sys=0.00s Real=0.07s
[640.842s][info][gc,start       ] GC(2195) Pause Young (Allocation Failure)
[640.919s][info][gc,heap        ] GC(2195) PSYoungGen: 197130K(224256K)->61322K(230400K) Eden: 139264K(139264K)->0K(139264K) From: 57866K(84992K)->61322K(91136K)
[640.919s][info][gc,heap        ] GC(2195) ParOldGen: 507866K(667648K)->507866K(667648K)
[640.919s][info][gc,metaspace   ] GC(2195) Metaspace: 19078K(19264K)->19078K(19264K) NonClass: 16414K(16512K)->16414K(16512K) Class: 2663K(2752K)->2663K(2752K)
[640.919s][info][gc             ] GC(2195) Pause Young (Allocation Failure) 688M->555M(877M) 76.833ms
[640.919s][info][gc,cpu         ] GC(2195) User=0.14s Sys=0.00s Real=0.07s
[641.122s][info][gc,start       ] GC(2196) Pause Young (Allocation Failure)
[641.199s][info][gc,heap        ] GC(2196) PSYoungGen: 200586K(230400K)->58410K(230400K) Eden: 139264K(139264K)->0K(133120K) From: 61322K(91136K)->58410K(97280K)
[641.199s][info][gc,heap        ] GC(2196) ParOldGen: 507866K(667648K)->513794K(667648K)
[641.199s][info][gc,metaspace   ] GC(2196) Metaspace: 19078K(19264K)->19078K(19264K) NonClass: 16415K(16512K)->16415K(16512K) Class: 2663K(2752K)->2663K(2752K)
[641.199s][info][gc             ] GC(2196) Pause Young (Allocation Failure) 691M->558M(877M) 77.047ms
[641.199s][info][gc,cpu         ] GC(2196) User=0.16s Sys=0.00s Real=0.07s
[641.297s][info][gc,start       ] GC(2197) Pause Young (Allocation Failure)
[641.368s][info][gc,heap        ] GC(2197) PSYoungGen: 191530K(230400K)->58122K(191488K) Eden: 133120K(133120K)->0K(133120K) From: 58410K(97280K)->58122K(58368K)
[641.368s][info][gc,heap        ] GC(2197) ParOldGen: 513794K(667648K)->514090K(667648K)
[641.368s][info][gc,metaspace   ] GC(2197) Metaspace: 19078K(19264K)->19078K(19264K) NonClass: 16415K(16512K)->16415K(16512K) Class: 2663K(2752K)->2663K(2752K)
[641.368s][info][gc             ] GC(2197) Pause Young (Allocation Failure) 688M->558M(839M) 70.925ms
[641.368s][info][gc,cpu         ] GC(2197) User=0.14s Sys=0.00s Real=0.07s
[641.493s][info][gc,start       ] GC(2198) Pause Young (Allocation Failure)
[641.568s][info][gc,heap        ] GC(2198) PSYoungGen: 191242K(191488K)->60842K(225792K) Eden: 133120K(133120K)->0K(122880K) From: 58122K(58368K)->60842K(102912K)
[641.568s][info][gc,heap        ] GC(2198) ParOldGen: 514090K(667648K)->516002K(667648K)
[641.568s][info][gc,metaspace   ] GC(2198) Metaspace: 19078K(19264K)->19078K(19264K) NonClass: 16415K(16512K)->16415K(16512K) Class: 2663K(2752K)->2663K(2752K)
[641.568s][info][gc             ] GC(2198) Pause Young (Allocation Failure) 688M->563M(872M) 74.930ms
[641.568s][info][gc,cpu         ] GC(2198) User=0.15s Sys=0.00s Real=0.07s
[641.759s][info][gc,start       ] GC(2199) Pause Young (Allocation Failure)
[641.836s][info][gc,heap        ] GC(2199) PSYoungGen: 183722K(225792K)->34841K(158208K) Eden: 122880K(122880K)->0K(122880K) From: 60842K(102912K)->34841K(35328K)
[641.836s][info][gc,heap        ] GC(2199) ParOldGen: 516002K(667648K)->544947K(667648K)
[641.836s][info][gc,metaspace   ] GC(2199) Metaspace: 19078K(19264K)->19078K(19264K) NonClass: 16415K(16512K)->16415K(16512K) Class: 2663K(2752K)->2663K(2752K)
[641.836s][info][gc             ] GC(2199) Pause Young (Allocation Failure) 683M->566M(806M) 76.656ms
[641.836s][info][gc,cpu         ] GC(2199) User=0.15s Sys=0.00s Real=0.08s
[642.067s][info][gc,start       ] GC(2200) Pause Young (Allocation Failure)
[642.107s][info][gc,heap        ] GC(2200) PSYoungGen: 157721K(158208K)->11040K(226304K) Eden: 122880K(122880K)->0K(126976K) From: 34841K(35328K)->11040K(99328K)
[642.107s][info][gc,heap        ] GC(2200) ParOldGen: 544947K(667648K)->569309K(667648K)
[642.107s][info][gc,metaspace   ] GC(2200) Metaspace: 19078K(19264K)->19078K(19264K) NonClass: 16415K(16512K)->16415K(16512K) Class: 2663K(2752K)->2663K(2752K)
[642.107s][info][gc             ] GC(2200) Pause Young (Allocation Failure) 686M->566M(873M) 39.560ms
[642.107s][info][gc,cpu         ] GC(2200) User=0.08s Sys=0.00s Real=0.04s
[642.476s][info][gc,start       ] GC(2201) Pause Young (Allocation Failure)
[642.490s][info][gc,heap        ] GC(2201) PSYoungGen: 138016K(226304K)->7760K(224768K) Eden: 126976K(126976K)->0K(126976K) From: 11040K(99328K)->7760K(97792K)
[642.490s][info][gc,heap        ] GC(2201) ParOldGen: 569309K(667648K)->572317K(667648K)
[642.490s][info][gc,metaspace   ] GC(2201) Metaspace: 19078K(19264K)->19078K(19264K) NonClass: 16415K(16512K)->16415K(16512K) Class: 2663K(2752K)->2663K(2752K)
[642.490s][info][gc             ] GC(2201) Pause Young (Allocation Failure) 690M->566M(871M) 13.841ms
[642.490s][info][gc,cpu         ] GC(2201) User=0.02s Sys=0.00s Real=0.01s
[642.975s][info][gc,start       ] GC(2202) Pause Young (Allocation Failure)
[642.987s][info][gc,heap        ] GC(2202) PSYoungGen: 134736K(224768K)->4344K(233472K) Eden: 126976K(126976K)->0K(138240K) From: 7760K(97792K)->4344K(95232K)
[642.987s][info][gc,heap        ] GC(2202) ParOldGen: 572317K(667648K)->576957K(667648K)
[642.987s][info][gc,metaspace   ] GC(2202) Metaspace: 19078K(19264K)->19078K(19264K) NonClass: 16415K(16512K)->16415K(16512K) Class: 2663K(2752K)->2663K(2752K)
[642.987s][info][gc             ] GC(2202) Pause Young (Allocation Failure) 690M->567M(880M) 11.419ms
[642.987s][info][gc,cpu         ] GC(2202) User=0.02s Sys=0.00s Real=0.01s
[643.251s][info][gc,start       ] GC(2203) Pause Young (Allocation Failure)
[643.277s][info][gc,heap        ] GC(2203) PSYoungGen: 142584K(233472K)->24440K(162816K) Eden: 138240K(138240K)->0K(138240K) From: 4344K(95232K)->24440K(24576K)
[643.277s][info][gc,heap        ] GC(2203) ParOldGen: 576957K(667648K)->576957K(667648K)
[643.277s][info][gc,metaspace   ] GC(2203) Metaspace: 19078K(19264K)->19078K(19264K) NonClass: 16415K(16512K)->16415K(16512K) Class: 2663K(2752K)->2663K(2752K)
[643.277s][info][gc             ] GC(2203) Pause Young (Allocation Failure) 702M->587M(811M) 26.372ms
[643.277s][info][gc,cpu         ] GC(2203) User=0.05s Sys=0.00s Real=0.02s
[643.537s][info][gc,start       ] GC(2204) Pause Young (Allocation Failure)
[643.568s][info][gc,heap        ] GC(2204) PSYoungGen: 162680K(162816K)->24472K(233472K) Eden: 138240K(138240K)->0K(148480K) From: 24440K(24576K)->24472K(84992K)
[643.568s][info][gc,heap        ] GC(2204) ParOldGen: 576957K(667648K)->576957K(667648K)
[643.568s][info][gc,metaspace   ] GC(2204) Metaspace: 19078K(19264K)->19078K(19264K) NonClass: 16415K(16512K)->16415K(16512K) Class: 2663K(2752K)->2663K(2752K)
[643.568s][info][gc             ] GC(2204) Pause Young (Allocation Failure) 722M->587M(880M) 30.913ms
[643.568s][info][gc,cpu         ] GC(2204) User=0.06s Sys=0.00s Real=0.03s
[644.311s][info][gc,start       ] GC(2205) Pause Young (Allocation Failure)
[644.340s][info][gc,heap        ] GC(2205) PSYoungGen: 172952K(233472K)->24893K(232960K) Eden: 148480K(148480K)->0K(148480K) From: 24472K(84992K)->24893K(84480K)
[644.340s][info][gc,heap        ] GC(2205) ParOldGen: 576957K(667648K)->576957K(667648K)
[644.340s][info][gc,metaspace   ] GC(2205) Metaspace: 19078K(19264K)->19078K(19264K) NonClass: 16415K(16512K)->16415K(16512K) Class: 2663K(2752K)->2663K(2752K)
[644.340s][info][gc             ] GC(2205) Pause Young (Allocation Failure) 732M->587M(879M) 28.671ms
[644.340s][info][gc,cpu         ] GC(2205) User=0.05s Sys=0.00s Real=0.02s
[645.031s][info][gc,start       ] GC(2206) Pause Young (Allocation Failure)
[645.063s][info][gc,heap        ] GC(2206) PSYoungGen: 173373K(232960K)->35094K(230400K) Eden: 148480K(148480K)->0K(157696K) From: 24893K(84480K)->35094K(72704K)
[645.063s][info][gc,heap        ] GC(2206) ParOldGen: 576957K(667648K)->576957K(667648K)
[645.063s][info][gc,metaspace   ] GC(2206) Metaspace: 19078K(19264K)->19078K(19264K) NonClass: 16415K(16512K)->16415K(16512K) Class: 2663K(2752K)->2663K(2752K)
[645.063s][info][gc             ] GC(2206) Pause Young (Allocation Failure) 732M->597M(877M) 32.403ms
[645.063s][info][gc,cpu         ] GC(2206) User=0.06s Sys=0.00s Real=0.03s
[645.656s][info][gc,start       ] GC(2207) Pause Young (Allocation Failure)
[645.684s][info][gc,heap        ] GC(2207) PSYoungGen: 192730K(230400K)->26809K(234496K) Eden: 157635K(157696K)->0K(157696K) From: 35094K(72704K)->26809K(76800K)
[645.684s][info][gc,heap        ] GC(2207) ParOldGen: 576957K(667648K)->576965K(667648K)
[645.684s][info][gc,metaspace   ] GC(2207) Metaspace: 19081K(19264K)->19081K(19264K) NonClass: 16417K(16512K)->16417K(16512K) Class: 2663K(2752K)->2663K(2752K)
[645.684s][info][gc             ] GC(2207) Pause Young (Allocation Failure) 751M->589M(881M) 28.396ms
[645.684s][info][gc,cpu         ] GC(2207) User=0.05s Sys=0.00s Real=0.03s
[646.038s][info][gc,start       ] GC(2208) Pause Young (Allocation Failure)
[646.066s][info][gc,heap        ] GC(2208) PSYoungGen: 184305K(234496K)->27026K(230400K) Eden: 157495K(157696K)->0K(166400K) From: 26809K(76800K)->27026K(64000K)
[646.066s][info][gc,heap        ] GC(2208) ParOldGen: 576965K(667648K)->576965K(667648K)
[646.066s][info][gc,metaspace   ] GC(2208) Metaspace: 19081K(19264K)->19081K(19264K) NonClass: 16417K(16512K)->16417K(16512K) Class: 2663K(2752K)->2663K(2752K)
[646.066s][info][gc             ] GC(2208) Pause Young (Allocation Failure) 743M->589M(877M) 28.661ms
[646.066s][info][gc,cpu         ] GC(2208) User=0.06s Sys=0.00s Real=0.03s
[646.302s][info][gc,start       ] GC(2209) Pause Young (Allocation Failure)
[646.360s][info][gc,heap        ] GC(2209) PSYoungGen: 193426K(230400K)->63668K(235008K) Eden: 166400K(166400K)->0K(166400K) From: 27026K(64000K)->63668K(68608K)
[646.360s][info][gc,heap        ] GC(2209) ParOldGen: 576965K(667648K)->576973K(667648K)
[646.360s][info][gc,metaspace   ] GC(2209) Metaspace: 19083K(19264K)->19083K(19264K) NonClass: 16420K(16512K)->16420K(16512K) Class: 2663K(2752K)->2663K(2752K)
[646.360s][info][gc             ] GC(2209) Pause Young (Allocation Failure) 752M->625M(881M) 58.085ms
[646.360s][info][gc,cpu         ] GC(2209) User=0.11s Sys=0.00s Real=0.05s
[646.488s][info][gc,start       ] GC(2210) Pause Young (Allocation Failure)
[646.610s][info][gc,heap        ] GC(2210) PSYoungGen: 230068K(235008K)->77805K(193536K) Eden: 166400K(166400K)->0K(115712K) From: 63668K(68608K)->77805K(77824K)
[646.610s][info][gc,heap        ] GC(2210) ParOldGen: 576973K(667648K)->628407K(667648K)
[646.610s][info][gc,metaspace   ] GC(2210) Metaspace: 19083K(19264K)->19083K(19264K) NonClass: 16420K(16512K)->16420K(16512K) Class: 2663K(2752K)->2663K(2752K)
[646.610s][info][gc             ] GC(2210) Pause Young (Allocation Failure) 788M->689M(841M) 121.440ms
[646.610s][info][gc,cpu         ] GC(2210) User=0.23s Sys=0.02s Real=0.12s
[646.784s][info][gc,start       ] GC(2211) Pause Full (Allocation Failure)
[646.784s][info][gc,phases,start] GC(2211) Marking Phase
[646.886s][info][gc,phases      ] GC(2211) Marking Phase 102.300ms
[646.886s][info][gc,phases,start] GC(2211) Summary Phase
[646.886s][info][gc,phases      ] GC(2211) Summary Phase 0.025ms
[646.886s][info][gc,phases,start] GC(2211) Forward
[646.923s][info][gc,phases      ] GC(2211) Forward 37.445ms
[646.924s][info][gc,phases,start] GC(2211) Adjust Pointers
[646.992s][info][gc,phases      ] GC(2211) Adjust Pointers 68.301ms
[646.992s][info][gc,phases,start] GC(2211) Compaction Phase
[647.034s][info][gc,phases      ] GC(2211) Compaction Phase 42.352ms
[647.035s][info][gc,phases,start] GC(2211) Post Compact
[647.037s][info][gc,phases      ] GC(2211) Post Compact 2.334ms
[647.052s][info][gc,heap        ] GC(2211) PSYoungGen: 193517K(193536K)->0K(224768K) Eden: 115712K(115712K)->0K(115712K) From: 77805K(77824K)->0K(109056K)
[647.052s][info][gc,heap        ] GC(2211) ParOldGen: 628407K(667648K)->172824K(489472K)
[647.052s][info][gc,metaspace   ] GC(2211) Metaspace: 19083K(19264K)->19083K(19264K) NonClass: 16420K(16512K)->16420K(16512K) Class: 2663K(2752K)->2663K(2752K)
[647.052s][info][gc             ] GC(2211) Pause Full (Allocation Failure) 802M->168M(697M) 268.160ms
[647.052s][info][gc,cpu         ] GC(2211) User=0.46s Sys=0.02s Real=0.27s
[647.276s][info][gc,start       ] GC(2212) Pause Young (Allocation Failure)
[647.332s][info][gc,heap        ] GC(2212) PSYoungGen: 115712K(224768K)->40020K(211456K) Eden: 115712K(115712K)->0K(115712K) From: 0K(109056K)->40020K(95744K)
[647.332s][info][gc,heap        ] GC(2212) ParOldGen: 172824K(489472K)->172824K(489472K)
[647.332s][info][gc,metaspace   ] GC(2212) Metaspace: 19084K(19264K)->19084K(19264K) NonClass: 16421K(16512K)->16421K(16512K) Class: 2663K(2752K)->2663K(2752K)
[647.332s][info][gc             ] GC(2212) Pause Young (Allocation Failure) 281M->207M(684M) 56.171ms
[647.332s][info][gc,cpu         ] GC(2212) User=0.11s Sys=0.00s Real=0.06s
[647.446s][info][gc,start       ] GC(2213) Pause Young (Allocation Failure)
[647.528s][info][gc,heap        ] GC(2213) PSYoungGen: 155732K(211456K)->66067K(218112K) Eden: 115712K(115712K)->0K(115712K) From: 40020K(95744K)->66067K(102400K)
[647.528s][info][gc,heap        ] GC(2213) ParOldGen: 172824K(489472K)->172824K(489472K)
[647.528s][info][gc,metaspace   ] GC(2213) Metaspace: 19084K(19264K)->19084K(19264K) NonClass: 16421K(16512K)->16421K(16512K) Class: 2663K(2752K)->2663K(2752K)
[647.528s][info][gc             ] GC(2213) Pause Young (Allocation Failure) 320M->233M(691M) 81.564ms
[647.528s][info][gc,cpu         ] GC(2213) User=0.16s Sys=0.01s Real=0.08s
[647.619s][info][gc,start       ] GC(2214) Pause Young (Allocation Failure)
[647.710s][info][gc,heap        ] GC(2214) PSYoungGen: 181779K(218112K)->77491K(217088K) Eden: 115712K(115712K)->0K(111616K) From: 66067K(102400K)->77491K(105472K)
[647.710s][info][gc,heap        ] GC(2214) ParOldGen: 172824K(489472K)->172824K(489472K)
[647.710s][info][gc,metaspace   ] GC(2214) Metaspace: 19084K(19264K)->19084K(19264K) NonClass: 16421K(16512K)->16421K(16512K) Class: 2663K(2752K)->2663K(2752K)
[647.710s][info][gc             ] GC(2214) Pause Young (Allocation Failure) 346M->244M(690M) 91.487ms
[647.710s][info][gc,cpu         ] GC(2214) User=0.18s Sys=0.00s Real=0.09s
[647.789s][info][gc,start       ] GC(2215) Pause Young (Allocation Failure)
[647.884s][info][gc,heap        ] GC(2215) PSYoungGen: 189107K(217088K)->81225K(222720K) Eden: 111616K(111616K)->0K(111616K) From: 77491K(105472K)->81225K(111104K)
[647.884s][info][gc,heap        ] GC(2215) ParOldGen: 172824K(489472K)->172824K(489472K)
[647.884s][info][gc,metaspace   ] GC(2215) Metaspace: 19084K(19264K)->19084K(19264K) NonClass: 16421K(16512K)->16421K(16512K) Class: 2663K(2752K)->2663K(2752K)
[647.884s][info][gc             ] GC(2215) Pause Young (Allocation Failure) 353M->248M(695M) 94.777ms
[647.884s][info][gc,cpu         ] GC(2215) User=0.18s Sys=0.00s Real=0.10s
[648.005s][info][gc,start       ] GC(2216) Pause Young (Allocation Failure)
[648.109s][info][gc,heap        ] GC(2216) PSYoungGen: 192841K(222720K)->90505K(222720K) Eden: 111616K(111616K)->0K(111616K) From: 81225K(111104K)->90505K(111104K)
[648.109s][info][gc,heap        ] GC(2216) ParOldGen: 172824K(489472K)->172824K(489472K)
[648.109s][info][gc,metaspace   ] GC(2216) Metaspace: 19084K(19264K)->19084K(19264K) NonClass: 16421K(16512K)->16421K(16512K) Class: 2663K(2752K)->2663K(2752K)
[648.109s][info][gc             ] GC(2216) Pause Young (Allocation Failure) 357M->257M(695M) 104.264ms
[648.109s][info][gc,cpu         ] GC(2216) User=0.21s Sys=0.00s Real=0.10s
[648.220s][info][gc,start       ] GC(2217) Pause Young (Allocation Failure)
[648.324s][info][gc,heap        ] GC(2217) PSYoungGen: 202121K(222720K)->90729K(222720K) Eden: 111616K(111616K)->0K(111616K) From: 90505K(111104K)->90729K(111104K)
[648.324s][info][gc,heap        ] GC(2217) ParOldGen: 172824K(489472K)->172824K(489472K)
[648.324s][info][gc,metaspace   ] GC(2217) Metaspace: 19084K(19264K)->19084K(19264K) NonClass: 16421K(16512K)->16421K(16512K) Class: 2663K(2752K)->2663K(2752K)
[648.324s][info][gc             ] GC(2217) Pause Young (Allocation Failure) 366M->257M(695M) 103.931ms
[648.324s][info][gc,cpu         ] GC(2217) User=0.20s Sys=0.00s Real=0.11s
[648.423s][info][gc,start       ] GC(2218) Pause Young (Allocation Failure)
[648.528s][info][gc,heap        ] GC(2218) PSYoungGen: 202345K(222720K)->51314K(222720K) Eden: 111616K(111616K)->0K(111616K) From: 90729K(111104K)->51314K(111104K)
[648.529s][info][gc,heap        ] GC(2218) ParOldGen: 172824K(489472K)->212475K(489472K)
[648.529s][info][gc,metaspace   ] GC(2218) Metaspace: 19084K(19264K)->19084K(19264K) NonClass: 16421K(16512K)->16421K(16512K) Class: 2663K(2752K)->2663K(2752K)
[648.529s][info][gc             ] GC(2218) Pause Young (Allocation Failure) 366M->257M(695M) 105.756ms
[648.529s][info][gc,cpu         ] GC(2218) User=0.21s Sys=0.00s Real=0.10s
[648.632s][info][gc,start       ] GC(2219) Pause Young (Allocation Failure)
[648.708s][info][gc,heap        ] GC(2219) PSYoungGen: 162930K(222720K)->30272K(222720K) Eden: 111616K(111616K)->0K(111616K) From: 51314K(111104K)->30272K(111104K)
[648.708s][info][gc,heap        ] GC(2219) ParOldGen: 212475K(489472K)->250547K(489472K)
[648.708s][info][gc,metaspace   ] GC(2219) Metaspace: 19084K(19264K)->19084K(19264K) NonClass: 16421K(16512K)->16421K(16512K) Class: 2663K(2752K)->2663K(2752K)
[648.708s][info][gc             ] GC(2219) Pause Young (Allocation Failure) 366M->274M(695M) 76.460ms
[648.708s][info][gc,cpu         ] GC(2219) User=0.15s Sys=0.00s Real=0.07s
[648.788s][info][gc,start       ] GC(2220) Pause Young (Allocation Failure)
[648.839s][info][gc,heap        ] GC(2220) PSYoungGen: 141888K(222720K)->41024K(222720K) Eden: 111616K(111616K)->0K(111616K) From: 30272K(111104K)->41024K(111104K)
[648.839s][info][gc,heap        ] GC(2220) ParOldGen: 250547K(489472K)->263603K(489472K)
[648.839s][info][gc,metaspace   ] GC(2220) Metaspace: 19084K(19264K)->19084K(19264K) NonClass: 16421K(16512K)->16421K(16512K) Class: 2663K(2752K)->2663K(2752K)
[648.839s][info][gc             ] GC(2220) Pause Young (Allocation Failure) 383M->297M(695M) 50.869ms
[648.839s][info][gc,cpu         ] GC(2220) User=0.10s Sys=0.00s Real=0.05s
[648.972s][info][gc,start       ] GC(2221) Pause Young (Allocation Failure)
[649.033s][info][gc,heap        ] GC(2221) PSYoungGen: 152640K(222720K)->65459K(222720K) Eden: 111616K(111616K)->0K(111616K) From: 41024K(111104K)->65459K(111104K)
[649.033s][info][gc,heap        ] GC(2221) ParOldGen: 263603K(489472K)->263845K(489472K)
[649.033s][info][gc,metaspace   ] GC(2221) Metaspace: 19084K(19264K)->19084K(19264K) NonClass: 16421K(16512K)->16421K(16512K) Class: 2663K(2752K)->2663K(2752K)
[649.033s][info][gc             ] GC(2221) Pause Young (Allocation Failure) 406M->321M(695M) 60.543ms
[649.033s][info][gc,cpu         ] GC(2221) User=0.12s Sys=0.00s Real=0.06s
[649.128s][info][gc,start       ] GC(2222) Pause Young (Allocation Failure)
[649.198s][info][gc,heap        ] GC(2222) PSYoungGen: 177075K(222720K)->34435K(222720K) Eden: 111616K(111616K)->0K(111616K) From: 65459K(111104K)->34435K(111104K)
[649.198s][info][gc,heap        ] GC(2222) ParOldGen: 263845K(489472K)->304793K(489472K)
[649.198s][info][gc,metaspace   ] GC(2222) Metaspace: 19084K(19264K)->19084K(19264K) NonClass: 16421K(16512K)->16421K(16512K) Class: 2663K(2752K)->2663K(2752K)
[649.198s][info][gc             ] GC(2222) Pause Young (Allocation Failure) 430M->331M(695M) 69.966ms
[649.198s][info][gc,cpu         ] GC(2222) User=0.14s Sys=0.00s Real=0.07s
[649.270s][info][gc,start       ] GC(2223) Pause Young (Allocation Failure)
[649.312s][info][gc,heap        ] GC(2223) PSYoungGen: 146051K(222720K)->3968K(222720K) Eden: 111616K(111616K)->0K(111616K) From: 34435K(111104K)->3968K(111104K)
[649.312s][info][gc,heap        ] GC(2223) ParOldGen: 304793K(489472K)->339352K(489472K)
[649.313s][info][gc,metaspace   ] GC(2223) Metaspace: 19084K(19264K)->19084K(19264K) NonClass: 16421K(16512K)->16421K(16512K) Class: 2663K(2752K)->2663K(2752K)
[649.313s][info][gc             ] GC(2223) Pause Young (Allocation Failure) 440M->335M(695M) 42.074ms
[649.313s][info][gc,cpu         ] GC(2223) User=0.08s Sys=0.00s Real=0.04s
[649.441s][info][gc,start       ] GC(2224) Pause Young (Allocation Failure)
[649.448s][info][gc,heap        ] GC(2224) PSYoungGen: 115584K(222720K)->1312K(222720K) Eden: 111616K(111616K)->0K(111616K) From: 3968K(111104K)->1312K(111104K)
[649.448s][info][gc,heap        ] GC(2224) ParOldGen: 339352K(489472K)->343312K(489472K)
[649.448s][info][gc,metaspace   ] GC(2224) Metaspace: 19084K(19264K)->19084K(19264K) NonClass: 16421K(16512K)->16421K(16512K) Class: 2663K(2752K)->2663K(2752K)
[649.448s][info][gc             ] GC(2224) Pause Young (Allocation Failure) 444M->336M(695M) 7.461ms
[649.448s][info][gc,cpu         ] GC(2224) User=0.02s Sys=0.00s Real=0.00s
[649.716s][info][gc,start       ] GC(2225) Pause Young (Allocation Failure)
[649.721s][info][gc,heap        ] GC(2225) PSYoungGen: 112928K(222720K)->1440K(222720K) Eden: 111616K(111616K)->0K(111616K) From: 1312K(111104K)->1440K(111104K)
[649.722s][info][gc,heap        ] GC(2225) ParOldGen: 343312K(489472K)->344576K(489472K)
[649.722s][info][gc,metaspace   ] GC(2225) Metaspace: 19084K(19264K)->19084K(19264K) NonClass: 16421K(16512K)->16421K(16512K) Class: 2663K(2752K)->2663K(2752K)
[649.722s][info][gc             ] GC(2225) Pause Young (Allocation Failure) 445M->337M(695M) 5.205ms
[649.722s][info][gc,cpu         ] GC(2225) User=0.01s Sys=0.00s Real=0.01s
[649.948s][info][gc,start       ] GC(2226) Pause Young (Allocation Failure)
[649.966s][info][gc,heap        ] GC(2226) PSYoungGen: 113056K(222720K)->15296K(222720K) Eden: 111616K(111616K)->0K(111616K) From: 1440K(111104K)->15296K(111104K)
[649.966s][info][gc,heap        ] GC(2226) ParOldGen: 344576K(489472K)->345860K(489472K)
[649.966s][info][gc,metaspace   ] GC(2226) Metaspace: 19084K(19264K)->19084K(19264K) NonClass: 16421K(16512K)->16421K(16512K) Class: 2663K(2752K)->2663K(2752K)
[649.966s][info][gc             ] GC(2226) Pause Young (Allocation Failure) 446M->352M(695M) 17.839ms
[649.966s][info][gc,cpu         ] GC(2226) User=0.04s Sys=0.00s Real=0.02s
[650.079s][info][gc,start       ] GC(2227) Pause Young (Allocation Failure)
[650.130s][info][gc,heap        ] GC(2227) PSYoungGen: 126912K(222720K)->42160K(154112K) Eden: 111616K(111616K)->0K(111616K) From: 15296K(111104K)->42160K(42496K)
[650.130s][info][gc,heap        ] GC(2227) ParOldGen: 345860K(489472K)->360988K(489472K)
[650.130s][info][gc,metaspace   ] GC(2227) Metaspace: 19084K(19264K)->19084K(19264K) NonClass: 16421K(16512K)->16421K(16512K) Class: 2663K(2752K)->2663K(2752K)
[650.130s][info][gc             ] GC(2227) Pause Young (Allocation Failure) 461M->393M(628M) 51.343ms
[650.130s][info][gc,cpu         ] GC(2227) User=0.10s Sys=0.00s Real=0.05s
[650.304s][info][gc,start       ] GC(2228) Pause Young (Allocation Failure)
[650.361s][info][gc,heap        ] GC(2228) PSYoungGen: 153776K(154112K)->20992K(224256K) Eden: 111616K(111616K)->0K(116224K) From: 42160K(42496K)->20992K(108032K)
[650.361s][info][gc,heap        ] GC(2228) ParOldGen: 360988K(489472K)->403412K(489472K)
[650.361s][info][gc,metaspace   ] GC(2228) Metaspace: 19084K(19264K)->19084K(19264K) NonClass: 16421K(16512K)->16421K(16512K) Class: 2663K(2752K)->2663K(2752K)
[650.361s][info][gc             ] GC(2228) Pause Young (Allocation Failure) 502M->414M(697M) 57.056ms
[650.361s][info][gc,cpu         ] GC(2228) User=0.11s Sys=0.00s Real=0.06s
[650.478s][info][gc,start       ] GC(2229) Pause Young (Allocation Failure)
[650.508s][info][gc,heap        ] GC(2229) PSYoungGen: 137216K(224256K)->3776K(219648K) Eden: 116224K(116224K)->0K(116224K) From: 20992K(108032K)->3776K(103424K)
[650.508s][info][gc,heap        ] GC(2229) ParOldGen: 403412K(489472K)->424454K(489472K)
[650.508s][info][gc,metaspace   ] GC(2229) Metaspace: 19084K(19264K)->19084K(19264K) NonClass: 16421K(16512K)->16421K(16512K) Class: 2663K(2752K)->2663K(2752K)
[650.508s][info][gc             ] GC(2229) Pause Young (Allocation Failure) 527M->418M(692M) 29.766ms
[650.508s][info][gc,cpu         ] GC(2229) User=0.06s Sys=0.00s Real=0.03s
[650.606s][info][gc,start       ] GC(2230) Pause Young (Allocation Failure)
[650.613s][info][gc,heap        ] GC(2230) PSYoungGen: 120000K(219648K)->416K(226304K) Eden: 116224K(116224K)->0K(123904K) From: 3776K(103424K)->416K(102400K)
[650.613s][info][gc,heap        ] GC(2230) ParOldGen: 424454K(489472K)->428062K(489472K)
[650.613s][info][gc,metaspace   ] GC(2230) Metaspace: 19084K(19264K)->19084K(19264K) NonClass: 16421K(16512K)->16421K(16512K) Class: 2663K(2752K)->2663K(2752K)
[650.613s][info][gc             ] GC(2230) Pause Young (Allocation Failure) 531M->418M(699M) 6.665ms
[650.613s][info][gc,cpu         ] GC(2230) User=0.02s Sys=0.00s Real=0.01s
[650.848s][info][gc,start       ] GC(2231) Pause Young (Allocation Failure)
[650.852s][info][gc,heap        ] GC(2231) PSYoungGen: 124320K(226304K)->1056K(224768K) Eden: 123904K(123904K)->0K(123904K) From: 416K(102400K)->1056K(100864K)
[650.852s][info][gc,heap        ] GC(2231) ParOldGen: 428062K(489472K)->428454K(489472K)
[650.852s][info][gc,metaspace   ] GC(2231) Metaspace: 19084K(19264K)->19084K(19264K) NonClass: 16421K(16512K)->16421K(16512K) Class: 2663K(2752K)->2663K(2752K)
[650.852s][info][gc             ] GC(2231) Pause Young (Allocation Failure) 539M->419M(697M) 3.955ms
[650.852s][info][gc,cpu         ] GC(2231) User=0.00s Sys=0.00s Real=0.01s
[651.097s][info][gc,start       ] GC(2232) Pause Young (Allocation Failure)
[651.114s][info][gc,heap        ] GC(2232) PSYoungGen: 124960K(224768K)->15104K(226816K) Eden: 123904K(123904K)->0K(134656K) From: 1056K(100864K)->15104K(92160K)
[651.114s][info][gc,heap        ] GC(2232) ParOldGen: 428454K(489472K)->428454K(489472K)
[651.114s][info][gc,metaspace   ] GC(2232) Metaspace: 19084K(19264K)->19084K(19264K) NonClass: 16421K(16512K)->16421K(16512K) Class: 2663K(2752K)->2663K(2752K)
[651.114s][info][gc             ] GC(2232) Pause Young (Allocation Failure) 540M->433M(699M) 16.765ms
[651.114s][info][gc,cpu         ] GC(2232) User=0.03s Sys=0.00s Real=0.02s
[651.283s][info][gc,start       ] GC(2233) Pause Young (Allocation Failure)
[651.346s][info][gc,heap        ] GC(2233) PSYoungGen: 149760K(226816K)->69299K(227840K) Eden: 134656K(134656K)->0K(134656K) From: 15104K(92160K)->69299K(93184K)
[651.346s][info][gc,heap        ] GC(2233) ParOldGen: 428454K(489472K)->428454K(489472K)
[651.346s][info][gc,metaspace   ] GC(2233) Metaspace: 19084K(19264K)->19084K(19264K) NonClass: 16421K(16512K)->16421K(16512K) Class: 2663K(2752K)->2663K(2752K)
[651.346s][info][gc             ] GC(2233) Pause Young (Allocation Failure) 564M->486M(700M) 63.153ms
[651.346s][info][gc,cpu         ] GC(2233) User=0.13s Sys=0.00s Real=0.06s
[651.501s][info][gc,start       ] GC(2234) Pause Young (Allocation Failure)
[651.571s][info][gc,heap        ] GC(2234) PSYoungGen: 203955K(227840K)->79064K(214528K) Eden: 134656K(134656K)->0K(111616K) From: 69299K(93184K)->79064K(102912K)
[651.571s][info][gc,heap        ] GC(2234) ParOldGen: 428454K(489472K)->429470K(489472K)
[651.571s][info][gc,metaspace   ] GC(2234) Metaspace: 19084K(19264K)->19084K(19264K) NonClass: 16421K(16512K)->16421K(16512K) Class: 2663K(2752K)->2663K(2752K)
[651.571s][info][gc             ] GC(2234) Pause Young (Allocation Failure) 617M->496M(687M) 70.281ms
[651.571s][info][gc,cpu         ] GC(2234) User=0.14s Sys=0.00s Real=0.07s
[651.625s][info][gc,start       ] GC(2235) Pause Young (Allocation Failure)
[651.749s][info][gc,heap        ] GC(2235) PSYoungGen: 190680K(214528K)->62068K(222720K) Eden: 111616K(111616K)->0K(111616K) From: 79064K(102912K)->62068K(111104K)
[651.749s][info][gc,heap        ] GC(2235) ParOldGen: 429470K(489472K)->498072K(498176K)
[651.749s][info][gc,metaspace   ] GC(2235) Metaspace: 19084K(19264K)->19084K(19264K) NonClass: 16421K(16512K)->16421K(16512K) Class: 2663K(2752K)->2663K(2752K)
[651.749s][info][gc             ] GC(2235) Pause Young (Allocation Failure) 605M->547M(704M) 123.564ms
[651.749s][info][gc,cpu         ] GC(2235) User=0.24s Sys=0.01s Real=0.12s
[651.836s][info][gc,start       ] GC(2236) Pause Young (Allocation Failure)
[651.965s][info][gc,heap        ] GC(2236) PSYoungGen: 173684K(222720K)->36448K(216576K) Eden: 111616K(111616K)->0K(111616K) From: 62068K(111104K)->36448K(104960K)
[651.965s][info][gc,heap        ] GC(2236) ParOldGen: 498072K(498176K)->560330K(560640K)
[651.965s][info][gc,metaspace   ] GC(2236) Metaspace: 19084K(19264K)->19084K(19264K) NonClass: 16421K(16512K)->16421K(16512K) Class: 2663K(2752K)->2663K(2752K)
[651.965s][info][gc             ] GC(2236) Pause Young (Allocation Failure) 656M->582M(759M) 129.535ms
[651.965s][info][gc,cpu         ] GC(2236) User=0.21s Sys=0.05s Real=0.13s
[652.120s][info][gc,start       ] GC(2237) Pause Young (Allocation Failure)
[652.177s][info][gc,heap        ] GC(2237) PSYoungGen: 148064K(216576K)->4836K(219648K) Eden: 111616K(111616K)->0K(111616K) From: 36448K(104960K)->4836K(108032K)
[652.177s][info][gc,heap        ] GC(2237) ParOldGen: 560330K(560640K)->596890K(596992K)
[652.177s][info][gc,metaspace   ] GC(2237) Metaspace: 19086K(19264K)->19086K(19264K) NonClass: 16423K(16512K)->16423K(16512K) Class: 2663K(2752K)->2663K(2752K)
[652.177s][info][gc             ] GC(2237) Pause Young (Allocation Failure) 691M->587M(797M) 56.803ms
[652.177s][info][gc,cpu         ] GC(2237) User=0.09s Sys=0.02s Real=0.06s
[652.298s][info][gc,start       ] GC(2238) Pause Full (Allocation Failure)
[652.298s][info][gc,phases,start] GC(2238) Marking Phase
[652.363s][info][gc,phases      ] GC(2238) Marking Phase 64.663ms
[652.363s][info][gc,phases,start] GC(2238) Summary Phase
[652.363s][info][gc,phases      ] GC(2238) Summary Phase 0.024ms
[652.363s][info][gc,phases,start] GC(2238) Forward
[652.386s][info][gc,phases      ] GC(2238) Forward 23.308ms
[652.386s][info][gc,phases,start] GC(2238) Adjust Pointers
[652.433s][info][gc,phases      ] GC(2238) Adjust Pointers 46.920ms
[652.433s][info][gc,phases,start] GC(2238) Compaction Phase
[652.458s][info][gc,phases      ] GC(2238) Compaction Phase 25.114ms
[652.462s][info][gc,phases,start] GC(2238) Post Compact
[652.464s][info][gc,phases      ] GC(2238) Post Compact 2.063ms
[652.478s][info][gc,heap        ] GC(2238) PSYoungGen: 116452K(219648K)->0K(224256K) Eden: 111616K(111616K)->0K(119296K) From: 4836K(108032K)->0K(104960K)
[652.478s][info][gc,heap        ] GC(2238) ParOldGen: 596890K(596992K)->74088K(424448K)
[652.478s][info][gc,metaspace   ] GC(2238) Metaspace: 19086K(19264K)->19086K(19264K) NonClass: 16423K(16512K)->16423K(16512K) Class: 2663K(2752K)->2663K(2752K)
[652.478s][info][gc             ] GC(2238) Pause Full (Allocation Failure) 696M->72M(633M) 179.961ms
[652.478s][info][gc,cpu         ] GC(2238) User=0.29s Sys=0.02s Real=0.18s
[652.597s][info][gc,start       ] GC(2239) Pause Young (Allocation Failure)
[652.613s][info][gc,heap        ] GC(2239) PSYoungGen: 119296K(224256K)->20704K(140288K) Eden: 119296K(119296K)->0K(119296K) From: 0K(104960K)->20704K(20992K)
[652.613s][info][gc,heap        ] GC(2239) ParOldGen: 74088K(424448K)->74088K(424448K)
[652.613s][info][gc,metaspace   ] GC(2239) Metaspace: 19086K(19264K)->19086K(19264K) NonClass: 16423K(16512K)->16423K(16512K) Class: 2663K(2752K)->2663K(2752K)
[652.613s][info][gc             ] GC(2239) Pause Young (Allocation Failure) 188M->92M(551M) 15.993ms
[652.613s][info][gc,cpu         ] GC(2239) User=0.03s Sys=0.00s Real=0.02s
[652.676s][info][gc,start       ] GC(2240) Pause Young (Allocation Failure)
[652.722s][info][gc,heap        ] GC(2240) PSYoungGen: 140000K(140288K)->44192K(226816K) Eden: 119296K(119296K)->0K(124928K) From: 20704K(20992K)->44192K(101888K)
[652.722s][info][gc,heap        ] GC(2240) ParOldGen: 74088K(424448K)->94952K(424448K)
[652.722s][info][gc,metaspace   ] GC(2240) Metaspace: 19086K(19264K)->19086K(19264K) NonClass: 16423K(16512K)->16423K(16512K) Class: 2663K(2752K)->2663K(2752K)
[652.722s][info][gc             ] GC(2240) Pause Young (Allocation Failure) 209M->135M(636M) 45.274ms
[652.722s][info][gc,cpu         ] GC(2240) User=0.09s Sys=0.00s Real=0.05s
[652.846s][info][gc,start       ] GC(2241) Pause Young (Allocation Failure)
[652.929s][info][gc,heap        ] GC(2241) PSYoungGen: 169120K(226816K)->64752K(224256K) Eden: 124928K(124928K)->0K(124928K) From: 44192K(101888K)->64752K(99328K)
[652.929s][info][gc,heap        ] GC(2241) ParOldGen: 94952K(424448K)->139672K(424448K)
[652.929s][info][gc,metaspace   ] GC(2241) Metaspace: 19086K(19264K)->19086K(19264K) NonClass: 16423K(16512K)->16423K(16512K) Class: 2663K(2752K)->2663K(2752K)
[652.929s][info][gc             ] GC(2241) Pause Young (Allocation Failure) 257M->199M(633M) 82.840ms
[652.929s][info][gc,cpu         ] GC(2241) User=0.17s Sys=0.00s Real=0.08s
[652.975s][info][gc,start       ] GC(2242) Pause Young (Allocation Failure)
[653.059s][info][gc,heap        ] GC(2242) PSYoungGen: 189680K(224256K)->33216K(226816K) Eden: 124928K(124928K)->0K(130560K) From: 64752K(99328K)->33216K(96256K)
[653.059s][info][gc,heap        ] GC(2242) ParOldGen: 139672K(424448K)->204720K(424448K)
[653.059s][info][gc,metaspace   ] GC(2242) Metaspace: 19086K(19264K)->19086K(19264K) NonClass: 16423K(16512K)->16423K(16512K) Class: 2663K(2752K)->2663K(2752K)
[653.059s][info][gc             ] GC(2242) Pause Young (Allocation Failure) 321M->232M(636M) 84.045ms
[653.059s][info][gc,cpu         ] GC(2242) User=0.17s Sys=0.00s Real=0.08s
[653.163s][info][gc,start       ] GC(2243) Pause Young (Allocation Failure)
[653.213s][info][gc,heap        ] GC(2243) PSYoungGen: 163776K(226816K)->26528K(228352K) Eden: 130560K(130560K)->0K(130560K) From: 33216K(96256K)->26528K(97792K)
[653.213s][info][gc,heap        ] GC(2243) ParOldGen: 204720K(424448K)->238296K(424448K)
[653.213s][info][gc,metaspace   ] GC(2243) Metaspace: 19088K(19264K)->19088K(19264K) NonClass: 16425K(16512K)->16425K(16512K) Class: 2663K(2752K)->2663K(2752K)
[653.213s][info][gc             ] GC(2243) Pause Young (Allocation Failure) 359M->258M(637M) 49.746ms
[653.213s][info][gc,cpu         ] GC(2243) User=0.10s Sys=0.00s Real=0.05s
[653.326s][info][gc,start       ] GC(2244) Pause Young (Allocation Failure)
[653.375s][info][gc,heap        ] GC(2244) PSYoungGen: 157088K(228352K)->18561K(232448K) Eden: 130560K(130560K)->0K(142336K) From: 26528K(97792K)->18561K(90112K)
[653.375s][info][gc,heap        ] GC(2244) ParOldGen: 238296K(424448K)->265080K(424448K)
[653.375s][info][gc,metaspace   ] GC(2244) Metaspace: 19088K(19264K)->19088K(19264K) NonClass: 16425K(16512K)->16425K(16512K) Class: 2663K(2752K)->2663K(2752K)
[653.375s][info][gc             ] GC(2244) Pause Young (Allocation Failure) 386M->276M(641M) 49.142ms
[653.375s][info][gc,cpu         ] GC(2244) User=0.09s Sys=0.00s Real=0.05s
[653.510s][info][gc,start       ] GC(2245) Pause Young (Allocation Failure)
[653.585s][info][gc,heap        ] GC(2245) PSYoungGen: 160897K(232448K)->33921K(232960K) Eden: 142336K(142336K)->0K(142336K) From: 18561K(90112K)->33921K(90624K)
[653.585s][info][gc,heap        ] GC(2245) ParOldGen: 265080K(424448K)->283621K(424448K)
[653.585s][info][gc,metaspace   ] GC(2245) Metaspace: 19088K(19264K)->19088K(19264K) NonClass: 16425K(16512K)->16425K(16512K) Class: 2663K(2752K)->2663K(2752K)
[653.585s][info][gc             ] GC(2245) Pause Young (Allocation Failure) 415M->310M(642M) 74.743ms
[653.585s][info][gc,cpu         ] GC(2245) User=0.15s Sys=0.00s Real=0.08s
[653.716s][info][gc,start       ] GC(2246) Pause Young (Allocation Failure)
[653.787s][info][gc,heap        ] GC(2246) PSYoungGen: 176257K(232960K)->25280K(239616K) Eden: 142336K(142336K)->0K(156672K) From: 33921K(90624K)->25280K(82944K)
[653.787s][info][gc,heap        ] GC(2246) ParOldGen: 283621K(424448K)->317556K(424448K)
[653.787s][info][gc,metaspace   ] GC(2246) Metaspace: 19088K(19264K)->19088K(19264K) NonClass: 16425K(16512K)->16425K(16512K) Class: 2663K(2752K)->2663K(2752K)
[653.787s][info][gc             ] GC(2246) Pause Young (Allocation Failure) 449M->334M(648M) 71.102ms
[653.787s][info][gc,cpu         ] GC(2246) User=0.14s Sys=0.00s Real=0.07s
[653.890s][info][gc,start       ] GC(2247) Pause Young (Allocation Failure)
[653.934s][info][gc,heap        ] GC(2247) PSYoungGen: 181952K(239616K)->13664K(238080K) Eden: 156672K(156672K)->0K(156672K) From: 25280K(82944K)->13664K(81408K)
[653.934s][info][gc,heap        ] GC(2247) ParOldGen: 317556K(424448K)->342892K(424448K)
[653.934s][info][gc,metaspace   ] GC(2247) Metaspace: 19088K(19264K)->19088K(19264K) NonClass: 16425K(16512K)->16425K(16512K) Class: 2663K(2752K)->2663K(2752K)
[653.934s][info][gc             ] GC(2247) Pause Young (Allocation Failure) 487M->348M(647M) 43.715ms
[653.934s][info][gc,cpu         ] GC(2247) User=0.09s Sys=0.00s Real=0.05s
[654.042s][info][gc,start       ] GC(2248) Pause Young (Allocation Failure)
[654.071s][info][gc,heap        ] GC(2248) PSYoungGen: 170336K(238080K)->10496K(250880K) Eden: 156672K(156672K)->0K(171008K) From: 13664K(81408K)->10496K(79872K)
[654.071s][info][gc,heap        ] GC(2248) ParOldGen: 342892K(424448K)->356556K(424448K)
[654.071s][info][gc,metaspace   ] GC(2248) Metaspace: 19088K(19264K)->19088K(19264K) NonClass: 16425K(16512K)->16425K(16512K) Class: 2663K(2752K)->2663K(2752K)
[654.071s][info][gc             ] GC(2248) Pause Young (Allocation Failure) 501M->358M(659M) 29.623ms
[654.071s][info][gc,cpu         ] GC(2248) User=0.06s Sys=0.00s Real=0.03s
[654.191s][info][gc,start       ] GC(2249) Pause Young (Allocation Failure)
[654.211s][info][gc,heap        ] GC(2249) PSYoungGen: 181504K(250880K)->3392K(249344K) Eden: 171008K(171008K)->0K(171008K) From: 10496K(79872K)->3392K(78336K)
[654.211s][info][gc,heap        ] GC(2249) ParOldGen: 356556K(424448K)->367052K(424448K)
[654.211s][info][gc,metaspace   ] GC(2249) Metaspace: 19088K(19264K)->19088K(19264K) NonClass: 16425K(16512K)->16425K(16512K) Class: 2663K(2752K)->2663K(2752K)
[654.211s][info][gc             ] GC(2249) Pause Young (Allocation Failure) 525M->361M(658M) 19.329ms
[654.211s][info][gc,cpu         ] GC(2249) User=0.04s Sys=0.00s Real=0.02s
[654.354s][info][gc,start       ] GC(2250) Pause Young (Allocation Failure)
[654.378s][info][gc,heap        ] GC(2250) PSYoungGen: 174400K(249344K)->15488K(251392K) Eden: 171008K(171008K)->0K(177664K) From: 3392K(78336K)->15488K(73728K)
[654.378s][info][gc,heap        ] GC(2250) ParOldGen: 367052K(424448K)->370420K(424448K)
[654.378s][info][gc,metaspace   ] GC(2250) Metaspace: 19088K(19264K)->19088K(19264K) NonClass: 16425K(16512K)->16425K(16512K) Class: 2663K(2752K)->2663K(2752K)
[654.378s][info][gc             ] GC(2250) Pause Young (Allocation Failure) 528M->376M(660M) 23.969ms
[654.378s][info][gc,cpu         ] GC(2250) User=0.05s Sys=0.00s Real=0.02s
[654.604s][info][gc,start       ] GC(2251) Pause Young (Allocation Failure)
[654.651s][info][gc,heap        ] GC(2251) PSYoungGen: 193152K(251392K)->25504K(252416K) Eden: 177664K(177664K)->0K(177664K) From: 15488K(73728K)->25504K(74752K)
[654.651s][info][gc,heap        ] GC(2251) ParOldGen: 370420K(424448K)->385914K(424448K)
[654.651s][info][gc,metaspace   ] GC(2251) Metaspace: 19088K(19264K)->19088K(19264K) NonClass: 16425K(16512K)->16425K(16512K) Class: 2663K(2752K)->2663K(2752K)
[654.651s][info][gc             ] GC(2251) Pause Young (Allocation Failure) 550M->401M(661M) 46.130ms
[654.651s][info][gc,cpu         ] GC(2251) User=0.09s Sys=0.00s Real=0.05s
[655.212s][info][gc,start       ] GC(2252) Pause Young (Allocation Failure)
[655.245s][info][gc,heap        ] GC(2252) PSYoungGen: 203168K(252416K)->5120K(255488K) Eden: 177664K(177664K)->0K(185856K) From: 25504K(74752K)->5120K(69632K)
[655.245s][info][gc,heap        ] GC(2252) ParOldGen: 385914K(424448K)->411415K(424448K)
[655.245s][info][gc,metaspace   ] GC(2252) Metaspace: 19088K(19264K)->19088K(19264K) NonClass: 16425K(16512K)->16425K(16512K) Class: 2663K(2752K)->2663K(2752K)
[655.245s][info][gc             ] GC(2252) Pause Young (Allocation Failure) 575M->406M(664M) 33.163ms
[655.245s][info][gc,cpu         ] GC(2252) User=0.07s Sys=0.00s Real=0.03s
[655.733s][info][gc,start       ] GC(2253) Pause Young (Allocation Failure)
[655.740s][info][gc,heap        ] GC(2253) PSYoungGen: 190976K(255488K)->64K(254976K) Eden: 185856K(185856K)->0K(185856K) From: 5120K(69632K)->64K(69120K)
[655.741s][info][gc,heap        ] GC(2253) ParOldGen: 411415K(424448K)->416511K(424448K)
[655.741s][info][gc,metaspace   ] GC(2253) Metaspace: 19088K(19264K)->19088K(19264K) NonClass: 16425K(16512K)->16425K(16512K) Class: 2663K(2752K)->2663K(2752K)
[655.741s][info][gc             ] GC(2253) Pause Young (Allocation Failure) 588M->406M(663M) 7.372ms
[655.741s][info][gc,cpu         ] GC(2253) User=0.01s Sys=0.00s Real=0.01s
[656.162s][info][gc,start       ] GC(2254) Pause Young (Allocation Failure)
[656.165s][info][gc,heap        ] GC(2254) PSYoungGen: 185920K(254976K)->64K(263680K) Eden: 185856K(185856K)->0K(196096K) From: 64K(69120K)->64K(67584K)
[656.165s][info][gc,heap        ] GC(2254) ParOldGen: 416511K(424448K)->416559K(424448K)
[656.165s][info][gc,metaspace   ] GC(2254) Metaspace: 19088K(19264K)->19088K(19264K) NonClass: 16425K(16512K)->16425K(16512K) Class: 2663K(2752K)->2663K(2752K)
[656.165s][info][gc             ] GC(2254) Pause Young (Allocation Failure) 588M->406M(672M) 2.172ms
[656.165s][info][gc,cpu         ] GC(2254) User=0.00s Sys=0.01s Real=0.00s
[656.618s][info][gc,start       ] GC(2255) Pause Young (Allocation Failure)
[656.642s][info][gc,heap        ] GC(2255) PSYoungGen: 196160K(263680K)->8086K(263168K) Eden: 196096K(196096K)->0K(196096K) From: 64K(67584K)->8086K(67072K)
[656.642s][info][gc,heap        ] GC(2255) ParOldGen: 416559K(424448K)->416559K(424448K)
[656.642s][info][gc,metaspace   ] GC(2255) Metaspace: 19090K(19264K)->19090K(19264K) NonClass: 16427K(16512K)->16427K(16512K) Class: 2663K(2752K)->2663K(2752K)
[656.642s][info][gc             ] GC(2255) Pause Young (Allocation Failure) 598M->414M(671M) 24.554ms
[656.642s][info][gc,cpu         ] GC(2255) User=0.05s Sys=0.00s Real=0.03s
[656.739s][info][gc,start       ] GC(2256) Pause Young (Allocation Failure)
[656.806s][info][gc,heap        ] GC(2256) PSYoungGen: 204182K(263168K)->63974K(233984K) Eden: 196096K(196096K)->0K(169984K) From: 8086K(67072K)->63974K(64000K)
[656.806s][info][gc,heap        ] GC(2256) ParOldGen: 416559K(424448K)->430543K(430592K)
[656.806s][info][gc,metaspace   ] GC(2256) Metaspace: 19090K(19264K)->19090K(19264K) NonClass: 16427K(16512K)->16427K(16512K) Class: 2663K(2752K)->2663K(2752K)
[656.806s][info][gc             ] GC(2256) Pause Young (Allocation Failure) 606M->482M(649M) 67.056ms
[656.806s][info][gc,cpu         ] GC(2256) User=0.13s Sys=0.00s Real=0.07s
[657.012s][info][gc,start       ] GC(2257) Pause Young (Allocation Failure)
[657.077s][info][gc,heap        ] GC(2257) PSYoungGen: 233958K(233984K)->71824K(242176K) Eden: 169984K(169984K)->0K(169984K) From: 63974K(64000K)->71824K(72192K)
[657.077s][info][gc,heap        ] GC(2257) ParOldGen: 430543K(430592K)->438657K(438784K)
[657.077s][info][gc,metaspace   ] GC(2257) Metaspace: 19090K(19264K)->19090K(19264K) NonClass: 16427K(16512K)->16427K(16512K) Class: 2663K(2752K)->2663K(2752K)
[657.077s][info][gc             ] GC(2257) Pause Young (Allocation Failure) 648M->498M(665M) 64.497ms
[657.077s][info][gc,cpu         ] GC(2257) User=0.12s Sys=0.00s Real=0.06s
[657.198s][info][gc,start       ] GC(2258) Pause Young (Allocation Failure)
[657.318s][info][gc,heap        ] GC(2258) PSYoungGen: 241808K(242176K)->33749K(244736K) Eden: 169984K(169984K)->0K(153088K) From: 71824K(72192K)->33749K(91648K)
[657.318s][info][gc,heap        ] GC(2258) ParOldGen: 438657K(438784K)->511032K(511488K)
[657.318s][info][gc,metaspace   ] GC(2258) Metaspace: 19090K(19264K)->19090K(19264K) NonClass: 16427K(16512K)->16427K(16512K) Class: 2663K(2752K)->2663K(2752K)
[657.318s][info][gc             ] GC(2258) Pause Young (Allocation Failure) 664M->532M(738M) 120.904ms
[657.318s][info][gc,cpu         ] GC(2258) User=0.18s Sys=0.05s Real=0.12s
[657.426s][info][gc,start       ] GC(2259) Pause Young (Allocation Failure)
[657.490s][info][gc,heap        ] GC(2259) PSYoungGen: 186837K(244736K)->15808K(168960K) Eden: 153088K(153088K)->0K(153088K) From: 33749K(91648K)->15808K(15872K)
[657.490s][info][gc,heap        ] GC(2259) ParOldGen: 511032K(511488K)->544915K(545280K)
[657.490s][info][gc,metaspace   ] GC(2259) Metaspace: 19090K(19264K)->19090K(19264K) NonClass: 16427K(16512K)->16427K(16512K) Class: 2663K(2752K)->2663K(2752K)
[657.490s][info][gc             ] GC(2259) Pause Young (Allocation Failure) 681M->547M(697M) 64.777ms
[657.490s][info][gc,cpu         ] GC(2259) User=0.10s Sys=0.03s Real=0.06s
[657.620s][info][gc,start       ] GC(2260) Pause Young (Allocation Failure)
[657.683s][info][gc,heap        ] GC(2260) PSYoungGen: 168896K(168960K)->24032K(243712K) Eden: 153088K(153088K)->0K(158208K) From: 15808K(15872K)->24032K(85504K)
[657.683s][info][gc,heap        ] GC(2260) ParOldGen: 544915K(545280K)->560747K(561152K)
[657.683s][info][gc,metaspace   ] GC(2260) Metaspace: 19090K(19264K)->19090K(19264K) NonClass: 16427K(16512K)->16427K(16512K) Class: 2663K(2752K)->2663K(2752K)
[657.683s][info][gc             ] GC(2260) Pause Young (Allocation Failure) 697M->571M(786M) 62.420ms
[657.683s][info][gc,cpu         ] GC(2260) User=0.11s Sys=0.01s Real=0.07s
[657.810s][info][gc,start       ] GC(2261) Pause Young (Allocation Failure)
[657.884s][info][gc,heap        ] GC(2261) PSYoungGen: 182240K(243712K)->30400K(238592K) Eden: 158208K(158208K)->0K(158208K) From: 24032K(85504K)->30400K(80384K)
[657.884s][info][gc,heap        ] GC(2261) ParOldGen: 560747K(561152K)->584803K(585216K)
[657.884s][info][gc,metaspace   ] GC(2261) Metaspace: 19090K(19264K)->19090K(19264K) NonClass: 16427K(16512K)->16427K(16512K) Class: 2663K(2752K)->2663K(2752K)
[657.884s][info][gc             ] GC(2261) Pause Young (Allocation Failure) 725M->600M(804M) 73.287ms
[657.884s][info][gc,cpu         ] GC(2261) User=0.12s Sys=0.03s Real=0.08s
[657.975s][info][gc,start       ] GC(2262) Pause Young (Allocation Failure)
[658.028s][info][gc,heap        ] GC(2262) PSYoungGen: 188608K(238592K)->5504K(245248K) Eden: 158208K(158208K)->0K(168960K) From: 30400K(80384K)->5504K(76288K)
[658.028s][info][gc,heap        ] GC(2262) ParOldGen: 584803K(585216K)->615235K(615424K)
[658.028s][info][gc,metaspace   ] GC(2262) Metaspace: 19090K(19264K)->19090K(19264K) NonClass: 16427K(16512K)->16427K(16512K) Class: 2663K(2752K)->2663K(2752K)
[658.028s][info][gc             ] GC(2262) Pause Young (Allocation Failure) 755M->606M(840M) 53.556ms
[658.028s][info][gc,cpu         ] GC(2262) User=0.08s Sys=0.02s Real=0.05s
[658.159s][info][gc,start       ] GC(2263) Pause Full (Allocation Failure)
[658.159s][info][gc,phases,start] GC(2263) Marking Phase
[658.432s][info][gc,phases      ] GC(2263) Marking Phase 273.582ms
[658.432s][info][gc,phases,start] GC(2263) Summary Phase
[658.432s][info][gc,phases      ] GC(2263) Summary Phase 0.028ms
[658.432s][info][gc,phases,start] GC(2263) Forward
[658.531s][info][gc,phases      ] GC(2263) Forward 98.992ms
[658.531s][info][gc,phases,start] GC(2263) Adjust Pointers
[658.747s][info][gc,phases      ] GC(2263) Adjust Pointers 215.923ms
[658.747s][info][gc,phases,start] GC(2263) Compaction Phase
[658.866s][info][gc,phases      ] GC(2263) Compaction Phase 118.860ms
[658.874s][info][gc,phases,start] GC(2263) Post Compact
[658.877s][info][gc,phases      ] GC(2263) Post Compact 2.283ms
[658.877s][info][gc,heap        ] GC(2263) PSYoungGen: 174464K(245248K)->0K(244224K) Eden: 168960K(168960K)->0K(168960K) From: 5504K(76288K)->0K(75264K)
[658.877s][info][gc,heap        ] GC(2263) ParOldGen: 615235K(615424K)->383364K(667648K)
[658.877s][info][gc,metaspace   ] GC(2263) Metaspace: 19090K(19264K)->19090K(19264K) NonClass: 16427K(16512K)->16427K(16512K) Class: 2663K(2752K)->2663K(2752K)
[658.877s][info][gc             ] GC(2263) Pause Full (Allocation Failure) 771M->374M(890M) 718.424ms
[658.877s][info][gc,cpu         ] GC(2263) User=1.35s Sys=0.00s Real=0.72s
[659.100s][info][gc,start       ] GC(2264) Pause Young (Allocation Failure)
[659.108s][info][gc,heap        ] GC(2264) PSYoungGen: 168960K(244224K)->3328K(257536K) Eden: 168960K(168960K)->0K(183296K) From: 0K(75264K)->3328K(74240K)
[659.108s][info][gc,heap        ] GC(2264) ParOldGen: 383364K(667648K)->383364K(667648K)
[659.108s][info][gc,metaspace   ] GC(2264) Metaspace: 19090K(19264K)->19090K(19264K) NonClass: 16427K(16512K)->16427K(16512K) Class: 2663K(2752K)->2663K(2752K)
[659.108s][info][gc             ] GC(2264) Pause Young (Allocation Failure) 539M->377M(903M) 8.570ms
[659.109s][info][gc,cpu         ] GC(2264) User=0.01s Sys=0.00s Real=0.01s
[659.379s][info][gc,start       ] GC(2265) Pause Young (Allocation Failure)
[659.412s][info][gc,heap        ] GC(2265) PSYoungGen: 186624K(257536K)->22464K(205824K) Eden: 183296K(183296K)->0K(183296K) From: 3328K(74240K)->22464K(22528K)
[659.412s][info][gc,heap        ] GC(2265) ParOldGen: 383364K(667648K)->386697K(667648K)
[659.412s][info][gc,metaspace   ] GC(2265) Metaspace: 19090K(19264K)->19090K(19264K) NonClass: 16427K(16512K)->16427K(16512K) Class: 2663K(2752K)->2663K(2752K)
[659.412s][info][gc             ] GC(2265) Pause Young (Allocation Failure) 556M->399M(853M) 33.297ms
[659.412s][info][gc,cpu         ] GC(2265) User=0.07s Sys=0.00s Real=0.04s
[659.712s][info][gc,start       ] GC(2266) Pause Young (Allocation Failure)
[659.757s][info][gc,heap        ] GC(2266) PSYoungGen: 205760K(205824K)->22576K(259072K) Eden: 183296K(183296K)->0K(189952K) From: 22464K(22528K)->22576K(69120K)
[659.757s][info][gc,heap        ] GC(2266) ParOldGen: 386697K(667648K)->409159K(667648K)
[659.757s][info][gc,metaspace   ] GC(2266) Metaspace: 19090K(19264K)->19090K(19264K) NonClass: 16427K(16512K)->16427K(16512K) Class: 2663K(2752K)->2663K(2752K)
[659.757s][info][gc             ] GC(2266) Pause Young (Allocation Failure) 578M->421M(905M) 45.015ms
[659.757s][info][gc,cpu         ] GC(2266) User=0.09s Sys=0.00s Real=0.04s
[659.937s][info][gc,start       ] GC(2267) Pause Young (Allocation Failure)
[659.993s][info][gc,heap        ] GC(2267) PSYoungGen: 212528K(259072K)->47584K(254464K) Eden: 189952K(189952K)->0K(189952K) From: 22576K(69120K)->47584K(64512K)
[659.993s][info][gc,heap        ] GC(2267) ParOldGen: 409159K(667648K)->431788K(667648K)
[659.993s][info][gc,metaspace   ] GC(2267) Metaspace: 19090K(19264K)->19090K(19264K) NonClass: 16427K(16512K)->16427K(16512K) Class: 2663K(2752K)->2663K(2752K)
[659.993s][info][gc             ] GC(2267) Pause Young (Allocation Failure) 607M->468M(900M) 55.772ms
[659.993s][info][gc,cpu         ] GC(2267) User=0.11s Sys=0.00s Real=0.06s
[660.252s][info][gc,start       ] GC(2268) Pause Young (Allocation Failure)
[660.305s][info][gc,heap        ] GC(2268) PSYoungGen: 237536K(254464K)->28560K(265728K) Eden: 189952K(189952K)->0K(198144K) From: 47584K(64512K)->28560K(67584K)
[660.305s][info][gc,heap        ] GC(2268) ParOldGen: 431788K(667648K)->479940K(667648K)
[660.305s][info][gc,metaspace   ] GC(2268) Metaspace: 19090K(19264K)->19090K(19264K) NonClass: 16427K(16512K)->16427K(16512K) Class: 2663K(2752K)->2663K(2752K)
[660.305s][info][gc             ] GC(2268) Pause Young (Allocation Failure) 653M->496M(911M) 52.892ms
[660.305s][info][gc,cpu         ] GC(2268) User=0.10s Sys=0.00s Real=0.05s
[660.582s][info][gc,start       ] GC(2269) Pause Young (Allocation Failure)
[660.663s][info][gc,heap        ] GC(2269) PSYoungGen: 226704K(265728K)->42655K(264192K) Eden: 198144K(198144K)->0K(198144K) From: 28560K(67584K)->42655K(66048K)
[660.663s][info][gc,heap        ] GC(2269) ParOldGen: 479940K(667648K)->508728K(667648K)
[660.663s][info][gc,metaspace   ] GC(2269) Metaspace: 19090K(19264K)->19090K(19264K) NonClass: 16427K(16512K)->16427K(16512K) Class: 2663K(2752K)->2663K(2752K)
[660.663s][info][gc             ] GC(2269) Pause Young (Allocation Failure) 690M->538M(910M) 80.985ms
[660.663s][info][gc,cpu         ] GC(2269) User=0.16s Sys=0.00s Real=0.08s
[660.870s][info][gc,start       ] GC(2270) Pause Young (Allocation Failure)
[660.942s][info][gc,heap        ] GC(2270) PSYoungGen: 240799K(264192K)->14560K(265728K) Eden: 198144K(198144K)->0K(198656K) From: 42655K(66048K)->14560K(67072K)
[660.942s][info][gc,heap        ] GC(2270) ParOldGen: 508728K(667648K)->551431K(667648K)
[660.942s][info][gc,metaspace   ] GC(2270) Metaspace: 19090K(19264K)->19090K(19264K) NonClass: 16427K(16512K)->16427K(16512K) Class: 2663K(2752K)->2663K(2752K)
[660.942s][info][gc             ] GC(2270) Pause Young (Allocation Failure) 731M->552M(911M) 71.712ms
[660.942s][info][gc,cpu         ] GC(2270) User=0.15s Sys=0.00s Real=0.08s
[661.173s][info][gc,start       ] GC(2271) Pause Young (Allocation Failure)
[661.198s][info][gc,heap        ] GC(2271) PSYoungGen: 213216K(265728K)->4512K(265216K) Eden: 198656K(198656K)->0K(198656K) From: 14560K(67072K)->4512K(66560K)
[661.198s][info][gc,heap        ] GC(2271) ParOldGen: 551431K(667648K)->565991K(667648K)
[661.198s][info][gc,metaspace   ] GC(2271) Metaspace: 19090K(19264K)->19090K(19264K) NonClass: 16427K(16512K)->16427K(16512K) Class: 2663K(2752K)->2663K(2752K)
[661.198s][info][gc             ] GC(2271) Pause Young (Allocation Failure) 746M->557M(911M) 25.527ms
[661.198s][info][gc,cpu         ] GC(2271) User=0.05s Sys=0.00s Real=0.02s
[661.515s][info][gc,start       ] GC(2272) Pause Young (Allocation Failure)
[661.542s][info][gc,heap        ] GC(2272) PSYoungGen: 203168K(265216K)->19056K(260608K) Eden: 198656K(198656K)->0K(200704K) From: 4512K(66560K)->19056K(59904K)
[661.543s][info][gc,heap        ] GC(2272) ParOldGen: 565991K(667648K)->570487K(667648K)
[661.543s][info][gc,metaspace   ] GC(2272) Metaspace: 19090K(19264K)->19090K(19264K) NonClass: 16427K(16512K)->16427K(16512K) Class: 2663K(2752K)->2663K(2752K)
[661.543s][info][gc             ] GC(2272) Pause Young (Allocation Failure) 751M->575M(906M) 27.946ms
[661.543s][info][gc,cpu         ] GC(2272) User=0.06s Sys=0.00s Real=0.03s
[661.951s][info][gc,start       ] GC(2273) Pause Young (Allocation Failure)
[662.009s][info][gc,heap        ] GC(2273) PSYoungGen: 219760K(260608K)->33314K(263680K) Eden: 200704K(200704K)->0K(200704K) From: 19056K(59904K)->33314K(62976K)
[662.009s][info][gc,heap        ] GC(2273) ParOldGen: 570487K(667648K)->589527K(667648K)
[662.009s][info][gc,metaspace   ] GC(2273) Metaspace: 19090K(19264K)->19090K(19264K) NonClass: 16427K(16512K)->16427K(16512K) Class: 2663K(2752K)->2663K(2752K)
[662.009s][info][gc             ] GC(2273) Pause Young (Allocation Failure) 771M->608M(909M) 58.239ms
[662.009s][info][gc,cpu         ] GC(2273) User=0.11s Sys=0.00s Real=0.05s
[662.238s][info][gc,start       ] GC(2274) Pause Young (Allocation Failure)
[662.308s][info][gc,heap        ] GC(2274) PSYoungGen: 234018K(263680K)->52992K(257024K) Eden: 200704K(200704K)->0K(194560K) From: 33314K(62976K)->52992K(62464K)
[662.308s][info][gc,heap        ] GC(2274) ParOldGen: 589527K(667648K)->623117K(667648K)
[662.308s][info][gc,metaspace   ] GC(2274) Metaspace: 19090K(19264K)->19090K(19264K) NonClass: 16427K(16512K)->16427K(16512K) Class: 2663K(2752K)->2663K(2752K)
[662.308s][info][gc             ] GC(2274) Pause Young (Allocation Failure) 804M->660M(903M) 69.900ms
[662.308s][info][gc,cpu         ] GC(2274) User=0.13s Sys=0.00s Real=0.07s
[662.571s][info][gc,start       ] GC(2275) Pause Full (Allocation Failure)
[662.571s][info][gc,phases,start] GC(2275) Marking Phase
[662.927s][info][gc,phases      ] GC(2275) Marking Phase 356.276ms
[662.927s][info][gc,phases,start] GC(2275) Summary Phase
[662.927s][info][gc,phases      ] GC(2275) Summary Phase 0.029ms
[662.927s][info][gc,phases,start] GC(2275) Forward
[663.070s][info][gc,phases      ] GC(2275) Forward 143.291ms
[663.071s][info][gc,phases,start] GC(2275) Adjust Pointers
[663.342s][info][gc,phases      ] GC(2275) Adjust Pointers 271.265ms
[663.342s][info][gc,phases,start] GC(2275) Compaction Phase
[663.512s][info][gc,phases      ] GC(2275) Compaction Phase 169.725ms
[663.523s][info][gc,phases,start] GC(2275) Post Compact
[663.525s][info][gc,phases      ] GC(2275) Post Compact 2.508ms
[663.525s][info][gc,heap        ] GC(2275) PSYoungGen: 247552K(257024K)->0K(264192K) Eden: 194560K(194560K)->0K(194560K) From: 52992K(62464K)->0K(69632K)
[663.525s][info][gc,heap        ] GC(2275) ParOldGen: 623117K(667648K)->493918K(667648K)
[663.525s][info][gc,metaspace   ] GC(2275) Metaspace: 19090K(19264K)->19090K(19264K) NonClass: 16427K(16512K)->16427K(16512K) Class: 2663K(2752K)->2663K(2752K)
[663.525s][info][gc             ] GC(2275) Pause Full (Allocation Failure) 850M->482M(910M) 954.584ms
[663.525s][info][gc,cpu         ] GC(2275) User=1.78s Sys=0.00s Real=0.95s
[663.750s][info][gc,start       ] GC(2276) Pause Young (Allocation Failure)
[663.779s][info][gc,heap        ] GC(2276) PSYoungGen: 194560K(264192K)->25856K(256000K) Eden: 194560K(194560K)->0K(194560K) From: 0K(69632K)->25856K(61440K)
[663.779s][info][gc,heap        ] GC(2276) ParOldGen: 493918K(667648K)->493918K(667648K)
[663.779s][info][gc,metaspace   ] GC(2276) Metaspace: 19090K(19264K)->19090K(19264K) NonClass: 16427K(16512K)->16427K(16512K) Class: 2663K(2752K)->2663K(2752K)
[663.779s][info][gc             ] GC(2276) Pause Young (Allocation Failure) 672M->507M(902M) 28.747ms
[663.779s][info][gc,cpu         ] GC(2276) User=0.06s Sys=0.00s Real=0.03s
[663.967s][info][gc,start       ] GC(2277) Pause Young (Allocation Failure)
[663.997s][info][gc,heap        ] GC(2277) PSYoungGen: 220416K(256000K)->832K(260096K) Eden: 194560K(194560K)->0K(194560K) From: 25856K(61440K)->832K(65536K)
[663.997s][info][gc,heap        ] GC(2277) ParOldGen: 493918K(667648K)->519814K(667648K)
[663.997s][info][gc,metaspace   ] GC(2277) Metaspace: 19090K(19264K)->19090K(19264K) NonClass: 16427K(16512K)->16427K(16512K) Class: 2663K(2752K)->2663K(2752K)
[663.997s][info][gc             ] GC(2277) Pause Young (Allocation Failure) 697M->508M(906M) 29.838ms
[663.997s][info][gc,cpu         ] GC(2277) User=0.06s Sys=0.00s Real=0.03s
[664.243s][info][gc,start       ] GC(2278) Pause Young (Allocation Failure)
[664.261s][info][gc,heap        ] GC(2278) PSYoungGen: 195392K(260096K)->13024K(264704K) Eden: 194560K(194560K)->0K(202240K) From: 832K(65536K)->13024K(62464K)
[664.261s][info][gc,heap        ] GC(2278) ParOldGen: 519814K(667648K)->520630K(667648K)
[664.261s][info][gc,metaspace   ] GC(2278) Metaspace: 19090K(19264K)->19090K(19264K) NonClass: 16427K(16512K)->16427K(16512K) Class: 2663K(2752K)->2663K(2752K)
[664.261s][info][gc             ] GC(2278) Pause Young (Allocation Failure) 698M->521M(910M) 18.039ms
[664.261s][info][gc,cpu         ] GC(2278) User=0.03s Sys=0.00s Real=0.02s
[664.712s][info][gc,start       ] GC(2279) Pause Young (Allocation Failure)
[664.745s][info][gc,heap        ] GC(2279) PSYoungGen: 215264K(264704K)->30544K(266240K) Eden: 202240K(202240K)->0K(202240K) From: 13024K(62464K)->30544K(64000K)
[664.745s][info][gc,heap        ] GC(2279) ParOldGen: 520630K(667648K)->520630K(667648K)
[664.745s][info][gc,metaspace   ] GC(2279) Metaspace: 19090K(19264K)->19090K(19264K) NonClass: 16427K(16512K)->16427K(16512K) Class: 2663K(2752K)->2663K(2752K)
[664.745s][info][gc             ] GC(2279) Pause Young (Allocation Failure) 718M->538M(912M) 33.773ms
[664.745s][info][gc,cpu         ] GC(2279) User=0.06s Sys=0.00s Real=0.03s
[665.277s][info][gc,start       ] GC(2280) Pause Young (Allocation Failure)
[665.309s][info][gc,heap        ] GC(2280) PSYoungGen: 232784K(266240K)->30560K(266752K) Eden: 202240K(202240K)->0K(207360K) From: 30544K(64000K)->30560K(59392K)
[665.309s][info][gc,heap        ] GC(2280) ParOldGen: 520630K(667648K)->520630K(667648K)
[665.309s][info][gc,metaspace   ] GC(2280) Metaspace: 19090K(19264K)->19090K(19264K) NonClass: 16427K(16512K)->16427K(16512K) Class: 2663K(2752K)->2663K(2752K)
[665.309s][info][gc             ] GC(2280) Pause Young (Allocation Failure) 735M->538M(912M) 31.535ms
[665.309s][info][gc,cpu         ] GC(2280) User=0.06s Sys=0.00s Real=0.03s
[665.787s][info][gc,start       ] GC(2281) Pause Young (Allocation Failure)
[665.828s][info][gc,heap        ] GC(2281) PSYoungGen: 237920K(266752K)->30896K(268288K) Eden: 207360K(207360K)->0K(207360K) From: 30560K(59392K)->30896K(60928K)
[665.828s][info][gc,heap        ] GC(2281) ParOldGen: 520630K(667648K)->520630K(667648K)
[665.828s][info][gc,metaspace   ] GC(2281) Metaspace: 19090K(19264K)->19090K(19264K) NonClass: 16427K(16512K)->16427K(16512K) Class: 2663K(2752K)->2663K(2752K)
[665.828s][info][gc             ] GC(2281) Pause Young (Allocation Failure) 740M->538M(914M) 40.998ms
[665.828s][info][gc,cpu         ] GC(2281) User=0.08s Sys=0.00s Real=0.04s
[666.038s][info][gc,start       ] GC(2282) Pause Young (Allocation Failure)
[666.116s][info][gc,heap        ] GC(2282) PSYoungGen: 238256K(268288K)->59872K(233984K) Eden: 207360K(207360K)->0K(174080K) From: 30896K(60928K)->59872K(59904K)
[666.117s][info][gc,heap        ] GC(2282) ParOldGen: 520630K(667648K)->550286K(667648K)
[666.117s][info][gc,metaspace   ] GC(2282) Metaspace: 19090K(19264K)->19090K(19264K) NonClass: 16427K(16512K)->16427K(16512K) Class: 2663K(2752K)->2663K(2752K)
[666.117s][info][gc             ] GC(2282) Pause Young (Allocation Failure) 741M->595M(880M) 78.453ms
[666.117s][info][gc,cpu         ] GC(2282) User=0.16s Sys=0.00s Real=0.08s
[666.364s][info][gc,start       ] GC(2283) Pause Young (Allocation Failure)
[666.436s][info][gc,heap        ] GC(2283) PSYoungGen: 233952K(233984K)->46912K(221184K) Eden: 174080K(174080K)->0K(174080K) From: 59872K(59904K)->46912K(47104K)
[666.436s][info][gc,heap        ] GC(2283) ParOldGen: 550286K(667648K)->580862K(667648K)
[666.436s][info][gc,metaspace   ] GC(2283) Metaspace: 19090K(19264K)->19090K(19264K) NonClass: 16427K(16512K)->16427K(16512K) Class: 2663K(2752K)->2663K(2752K)
[666.436s][info][gc             ] GC(2283) Pause Young (Allocation Failure) 765M->613M(868M) 72.197ms
[666.436s][info][gc,cpu         ] GC(2283) User=0.14s Sys=0.00s Real=0.07s
[666.686s][info][gc,start       ] GC(2284) Pause Young (Allocation Failure)
[666.775s][info][gc,heap        ] GC(2284) PSYoungGen: 220992K(221184K)->80864K(225280K) Eden: 174080K(174080K)->0K(144384K) From: 46912K(47104K)->80864K(80896K)
[666.775s][info][gc,heap        ] GC(2284) ParOldGen: 580862K(667648K)->583774K(667648K)
[666.775s][info][gc,metaspace   ] GC(2284) Metaspace: 19090K(19264K)->19090K(19264K) NonClass: 16427K(16512K)->16427K(16512K) Class: 2663K(2752K)->2663K(2752K)
[666.775s][info][gc             ] GC(2284) Pause Young (Allocation Failure) 783M->649M(872M) 89.557ms
[666.775s][info][gc,cpu         ] GC(2284) User=0.17s Sys=0.00s Real=0.09s
[666.949s][info][gc,start       ] GC(2285) Pause Young (Allocation Failure)
[667.064s][info][gc,heap        ] GC(2285) PSYoungGen: 225248K(225280K)->71744K(216576K) Eden: 144384K(144384K)->0K(144384K) From: 80864K(80896K)->71744K(72192K)
[667.064s][info][gc,heap        ] GC(2285) ParOldGen: 583774K(667648K)->613447K(667648K)
[667.064s][info][gc,metaspace   ] GC(2285) Metaspace: 19090K(19264K)->19090K(19264K) NonClass: 16427K(16512K)->16427K(16512K) Class: 2663K(2752K)->2663K(2752K)
[667.064s][info][gc             ] GC(2285) Pause Young (Allocation Failure) 790M->669M(863M) 115.117ms
[667.064s][info][gc,cpu         ] GC(2285) User=0.23s Sys=0.00s Real=0.12s
[667.200s][info][gc,start       ] GC(2286) Pause Young (Allocation Failure)
[667.299s][info][gc,heap        ] GC(2286) PSYoungGen: 216128K(216576K)->20832K(234496K) Eden: 144384K(144384K)->0K(133120K) From: 71744K(72192K)->20832K(101376K)
[667.299s][info][gc,heap        ] GC(2286) ParOldGen: 613447K(667648K)->665203K(667648K)
[667.299s][info][gc,metaspace   ] GC(2286) Metaspace: 19090K(19264K)->19090K(19264K) NonClass: 16427K(16512K)->16427K(16512K) Class: 2663K(2752K)->2663K(2752K)
[667.299s][info][gc             ] GC(2286) Pause Young (Allocation Failure) 810M->669M(881M) 98.863ms
[667.299s][info][gc,cpu         ] GC(2286) User=0.17s Sys=0.03s Real=0.10s
[667.449s][info][gc,start       ] GC(2287) Pause Full (Allocation Failure)
[667.449s][info][gc,phases,start] GC(2287) Marking Phase
[667.933s][info][gc,phases      ] GC(2287) Marking Phase 484.016ms
[667.933s][info][gc,phases,start] GC(2287) Summary Phase
[667.933s][info][gc,phases      ] GC(2287) Summary Phase 0.027ms
[667.933s][info][gc,phases,start] GC(2287) Forward
[668.043s][info][gc,phases      ] GC(2287) Forward 109.741ms
[668.043s][info][gc,phases,start] GC(2287) Adjust Pointers
[668.407s][info][gc,phases      ] GC(2287) Adjust Pointers 364.302ms
[668.407s][info][gc,phases,start] GC(2287) Compaction Phase
[668.620s][info][gc,phases      ] GC(2287) Compaction Phase 212.722ms
[668.630s][info][gc,phases,start] GC(2287) Post Compact
[668.632s][info][gc,phases      ] GC(2287) Post Compact 2.346ms
[668.632s][info][gc,heap        ] GC(2287) PSYoungGen: 153952K(234496K)->1345K(232448K) Eden: 133120K(133120K)->0K(133120K) From: 20832K(101376K)->1345K(99328K)
[668.632s][info][gc,heap        ] GC(2287) ParOldGen: 665203K(667648K)->667442K(667648K)
[668.632s][info][gc,metaspace   ] GC(2287) Metaspace: 19090K(19264K)->19090K(19264K) NonClass: 16427K(16512K)->16427K(16512K) Class: 2663K(2752K)->2663K(2752K)
[668.633s][info][gc             ] GC(2287) Pause Full (Allocation Failure) 799M->653M(879M) 1183.581ms
[668.633s][info][gc,cpu         ] GC(2287) User=2.32s Sys=0.00s Real=1.19s
[668.807s][info][gc,start       ] GC(2288) Pause Full (Allocation Failure)
[668.807s][info][gc,phases,start] GC(2288) Marking Phase
[669.184s][info][gc,phases      ] GC(2288) Marking Phase 376.497ms
[669.184s][info][gc,phases,start] GC(2288) Summary Phase
[669.184s][info][gc,phases      ] GC(2288) Summary Phase 0.024ms
[669.184s][info][gc,phases,start] GC(2288) Forward
[669.327s][info][gc,phases      ] GC(2288) Forward 142.998ms
[669.327s][info][gc,phases,start] GC(2288) Adjust Pointers
[669.611s][info][gc,phases      ] GC(2288) Adjust Pointers 283.943ms
[669.611s][info][gc,phases,start] GC(2288) Compaction Phase
[669.799s][info][gc,phases      ] GC(2288) Compaction Phase 187.690ms
[669.810s][info][gc,phases,start] GC(2288) Post Compact
[669.813s][info][gc,phases      ] GC(2288) Post Compact 2.343ms
[669.813s][info][gc,heap        ] GC(2288) PSYoungGen: 134465K(232448K)->0K(232448K) Eden: 133120K(133120K)->0K(133120K) From: 1345K(99328K)->0K(99328K)
[669.813s][info][gc,heap        ] GC(2288) ParOldGen: 667442K(667648K)->523941K(667648K)
[669.813s][info][gc,metaspace   ] GC(2288) Metaspace: 19090K(19264K)->19090K(19264K) NonClass: 16427K(16512K)->16427K(16512K) Class: 2663K(2752K)->2663K(2752K)
[669.813s][info][gc             ] GC(2288) Pause Full (Allocation Failure) 783M->511M(879M) 1005.532ms
[669.813s][info][gc,cpu         ] GC(2288) User=1.89s Sys=0.00s Real=1.01s
[670.049s][info][gc,start       ] GC(2289) Pause Young (Allocation Failure)
[670.081s][info][gc,heap        ] GC(2289) PSYoungGen: 133120K(232448K)->17536K(229376K) Eden: 133120K(133120K)->0K(135168K) From: 0K(99328K)->17536K(94208K)
[670.081s][info][gc,heap        ] GC(2289) ParOldGen: 523941K(667648K)->523941K(667648K)
[670.081s][info][gc,metaspace   ] GC(2289) Metaspace: 19090K(19264K)->19090K(19264K) NonClass: 16427K(16512K)->16427K(16512K) Class: 2663K(2752K)->2663K(2752K)
[670.081s][info][gc             ] GC(2289) Pause Young (Allocation Failure) 641M->528M(876M) 31.466ms
[670.081s][info][gc,cpu         ] GC(2289) User=0.06s Sys=0.00s Real=0.04s
[670.353s][info][gc,start       ] GC(2290) Pause Young (Allocation Failure)
[670.383s][info][gc,heap        ] GC(2290) PSYoungGen: 152704K(229376K)->29948K(231936K) Eden: 135168K(135168K)->0K(135168K) From: 17536K(94208K)->29948K(96768K)
[670.383s][info][gc,heap        ] GC(2290) ParOldGen: 523941K(667648K)->523941K(667648K)
[670.383s][info][gc,metaspace   ] GC(2290) Metaspace: 19090K(19264K)->19090K(19264K) NonClass: 16427K(16512K)->16427K(16512K) Class: 2663K(2752K)->2663K(2752K)
[670.383s][info][gc             ] GC(2290) Pause Young (Allocation Failure) 660M->540M(878M) 29.626ms
[670.383s][info][gc,cpu         ] GC(2290) User=0.05s Sys=0.00s Real=0.03s
[670.551s][info][gc,start       ] GC(2291) Pause Young (Allocation Failure)
[670.578s][info][gc,heap        ] GC(2291) PSYoungGen: 165116K(231936K)->26844K(230912K) Eden: 135168K(135168K)->0K(144384K) From: 29948K(96768K)->26844K(86528K)
[670.578s][info][gc,heap        ] GC(2291) ParOldGen: 523941K(667648K)->523941K(667648K)
[670.578s][info][gc,metaspace   ] GC(2291) Metaspace: 19090K(19264K)->19090K(19264K) NonClass: 16427K(16512K)->16427K(16512K) Class: 2663K(2752K)->2663K(2752K)
[670.579s][info][gc             ] GC(2291) Pause Young (Allocation Failure) 672M->537M(877M) 27.111ms
[670.579s][info][gc,cpu         ] GC(2291) User=0.05s Sys=0.00s Real=0.02s
[670.725s][info][gc,start       ] GC(2292) Pause Young (Allocation Failure)
[670.767s][info][gc,heap        ] GC(2292) PSYoungGen: 171228K(230912K)->46907K(232960K) Eden: 144384K(144384K)->0K(144384K) From: 26844K(86528K)->46907K(88576K)
[670.767s][info][gc,heap        ] GC(2292) ParOldGen: 523941K(667648K)->523941K(667648K)
[670.767s][info][gc,metaspace   ] GC(2292) Metaspace: 19090K(19264K)->19090K(19264K) NonClass: 16427K(16512K)->16427K(16512K) Class: 2663K(2752K)->2663K(2752K)
[670.767s][info][gc             ] GC(2292) Pause Young (Allocation Failure) 678M->557M(879M) 41.836ms
[670.767s][info][gc,cpu         ] GC(2292) User=0.08s Sys=0.00s Real=0.04s
[670.941s][info][gc,start       ] GC(2293) Pause Young (Allocation Failure)
[670.995s][info][gc,heap        ] GC(2293) PSYoungGen: 191291K(232960K)->56107K(240640K) Eden: 144384K(144384K)->0K(153088K) From: 46907K(88576K)->56107K(87552K)
[670.995s][info][gc,heap        ] GC(2293) ParOldGen: 523941K(667648K)->523941K(667648K)
[670.995s][info][gc,metaspace   ] GC(2293) Metaspace: 19090K(19264K)->19090K(19264K) NonClass: 16427K(16512K)->16427K(16512K) Class: 2663K(2752K)->2663K(2752K)
[670.995s][info][gc             ] GC(2293) Pause Young (Allocation Failure) 698M->566M(887M) 53.428ms
[670.995s][info][gc,cpu         ] GC(2293) User=0.10s Sys=0.00s Real=0.05s
[671.309s][info][gc,start       ] GC(2294) Pause Young (Allocation Failure)
[671.365s][info][gc,heap        ] GC(2294) PSYoungGen: 209195K(240640K)->59116K(212480K) Eden: 153088K(153088K)->0K(153088K) From: 56107K(87552K)->59116K(59392K)
[671.365s][info][gc,heap        ] GC(2294) ParOldGen: 523941K(667648K)->523941K(667648K)
[671.365s][info][gc,metaspace   ] GC(2294) Metaspace: 19091K(19264K)->19091K(19264K) NonClass: 16428K(16512K)->16428K(16512K) Class: 2663K(2752K)->2663K(2752K)
[671.365s][info][gc             ] GC(2294) Pause Young (Allocation Failure) 715M->569M(859M) 56.087ms
[671.365s][info][gc,cpu         ] GC(2294) User=0.11s Sys=0.00s Real=0.06s
[671.602s][info][gc,start       ] GC(2295) Pause Young (Allocation Failure)
[671.670s][info][gc,heap        ] GC(2295) PSYoungGen: 212204K(212480K)->72379K(229376K) Eden: 153088K(153088K)->0K(137216K) From: 59116K(59392K)->72379K(92160K)
[671.670s][info][gc,heap        ] GC(2295) ParOldGen: 523941K(667648K)->523941K(667648K)
[671.670s][info][gc,metaspace   ] GC(2295) Metaspace: 19091K(19264K)->19091K(19264K) NonClass: 16428K(16512K)->16428K(16512K) Class: 2663K(2752K)->2663K(2752K)
[671.670s][info][gc             ] GC(2295) Pause Young (Allocation Failure) 718M->582M(876M) 67.685ms
[671.670s][info][gc,cpu         ] GC(2295) User=0.13s Sys=0.00s Real=0.06s
[671.850s][info][gc,start       ] GC(2296) Pause Young (Allocation Failure)
[671.892s][info][gc,heap        ] GC(2296) PSYoungGen: 209595K(229376K)->46092K(235520K) Eden: 137216K(137216K)->0K(137216K) From: 72379K(92160K)->46092K(98304K)
[671.892s][info][gc,heap        ] GC(2296) ParOldGen: 523941K(667648K)->523941K(667648K)
[671.892s][info][gc,metaspace   ] GC(2296) Metaspace: 19091K(19264K)->19091K(19264K) NonClass: 16428K(16512K)->16428K(16512K) Class: 2663K(2752K)->2663K(2752K)
[671.892s][info][gc             ] GC(2296) Pause Young (Allocation Failure) 716M->556M(882M) 41.432ms
[671.892s][info][gc,cpu         ] GC(2296) User=0.08s Sys=0.00s Real=0.05s
[671.964s][info][gc,start       ] GC(2297) Pause Young (Allocation Failure)
[672.045s][info][gc,heap        ] GC(2297) PSYoungGen: 183308K(235520K)->93676K(210432K) Eden: 137216K(137216K)->0K(116736K) From: 46092K(98304K)->93676K(93696K)
[672.045s][info][gc,heap        ] GC(2297) ParOldGen: 523941K(667648K)->527013K(667648K)
[672.045s][info][gc,metaspace   ] GC(2297) Metaspace: 19091K(19264K)->19091K(19264K) NonClass: 16428K(16512K)->16428K(16512K) Class: 2663K(2752K)->2663K(2752K)
[672.045s][info][gc             ] GC(2297) Pause Young (Allocation Failure) 690M->606M(857M) 80.615ms
[672.045s][info][gc,cpu         ] GC(2297) User=0.15s Sys=0.01s Real=0.08s
[672.240s][info][gc,start       ] GC(2298) Pause Young (Allocation Failure)
[672.322s][info][gc,heap        ] GC(2298) PSYoungGen: 210412K(210432K)->86176K(203264K) Eden: 116736K(116736K)->0K(116736K) From: 93676K(93696K)->86176K(86528K)
[672.322s][info][gc,heap        ] GC(2298) ParOldGen: 527013K(667648K)->549234K(667648K)
[672.322s][info][gc,metaspace   ] GC(2298) Metaspace: 19091K(19264K)->19091K(19264K) NonClass: 16428K(16512K)->16428K(16512K) Class: 2663K(2752K)->2663K(2752K)
[672.322s][info][gc             ] GC(2298) Pause Young (Allocation Failure) 720M->620M(850M) 82.044ms
[672.322s][info][gc,cpu         ] GC(2298) User=0.17s Sys=0.00s Real=0.09s
[672.485s][info][gc,start       ] GC(2299) Pause Young (Allocation Failure)
[672.554s][info][gc,heap        ] GC(2299) PSYoungGen: 202912K(203264K)->84144K(222720K) Eden: 116736K(116736K)->0K(111616K) From: 86176K(86528K)->84144K(111104K)
[672.554s][info][gc,heap        ] GC(2299) ParOldGen: 549234K(667648K)->549370K(667648K)
[672.554s][info][gc,metaspace   ] GC(2299) Metaspace: 19091K(19264K)->19091K(19264K) NonClass: 16428K(16512K)->16428K(16512K) Class: 2663K(2752K)->2663K(2752K)
[672.554s][info][gc             ] GC(2299) Pause Young (Allocation Failure) 734M->618M(869M) 69.195ms
[672.555s][info][gc,cpu         ] GC(2299) User=0.14s Sys=0.00s Real=0.07s
[672.693s][info][gc,start       ] GC(2300) Pause Young (Allocation Failure)
[672.790s][info][gc,heap        ] GC(2300) PSYoungGen: 195760K(222720K)->108944K(222720K) Eden: 111616K(111616K)->0K(111616K) From: 84144K(111104K)->108944K(111104K)
[672.790s][info][gc,heap        ] GC(2300) ParOldGen: 549370K(667648K)->549570K(667648K)
[672.790s][info][gc,metaspace   ] GC(2300) Metaspace: 19091K(19264K)->19091K(19264K) NonClass: 16428K(16512K)->16428K(16512K) Class: 2663K(2752K)->2663K(2752K)
[672.790s][info][gc             ] GC(2300) Pause Young (Allocation Failure) 727M->643M(869M) 96.748ms
[672.790s][info][gc,cpu         ] GC(2300) User=0.20s Sys=0.00s Real=0.09s
[672.936s][info][gc,start       ] GC(2301) Pause Young (Allocation Failure)
[673.055s][info][gc,heap        ] GC(2301) PSYoungGen: 220560K(222720K)->111088K(222720K) Eden: 111616K(111616K)->0K(111616K) From: 108944K(111104K)->111088K(111104K)
[673.055s][info][gc,heap        ] GC(2301) ParOldGen: 549570K(667648K)->564039K(667648K)
[673.056s][info][gc,metaspace   ] GC(2301) Metaspace: 19091K(19264K)->19091K(19264K) NonClass: 16428K(16512K)->16428K(16512K) Class: 2663K(2752K)->2663K(2752K)
[673.056s][info][gc             ] GC(2301) Pause Young (Allocation Failure) 752M->659M(869M) 119.342ms
[673.056s][info][gc,cpu         ] GC(2301) User=0.23s Sys=0.00s Real=0.12s
[673.143s][info][gc,start       ] GC(2302) Pause Young (Allocation Failure)
[673.253s][info][gc,heap        ] GC(2302) PSYoungGen: 222704K(222720K)->52128K(222720K) Eden: 111616K(111616K)->0K(111616K) From: 111088K(111104K)->52128K(111104K)
[673.253s][info][gc,heap        ] GC(2302) ParOldGen: 564039K(667648K)->626967K(667648K)
[673.253s][info][gc,metaspace   ] GC(2302) Metaspace: 19091K(19264K)->19091K(19264K) NonClass: 16428K(16512K)->16428K(16512K) Class: 2663K(2752K)->2663K(2752K)
[673.253s][info][gc             ] GC(2302) Pause Young (Allocation Failure) 768M->663M(869M) 110.165ms
[673.253s][info][gc,cpu         ] GC(2302) User=0.21s Sys=0.00s Real=0.11s
[673.382s][info][gc,start       ] GC(2303) Pause Full (Allocation Failure)
[673.382s][info][gc,phases,start] GC(2303) Marking Phase
[673.751s][info][gc,phases      ] GC(2303) Marking Phase 368.859ms
[673.751s][info][gc,phases,start] GC(2303) Summary Phase
[673.751s][info][gc,phases      ] GC(2303) Summary Phase 0.024ms
[673.751s][info][gc,phases,start] GC(2303) Forward
[673.852s][info][gc,phases      ] GC(2303) Forward 100.478ms
[673.852s][info][gc,phases,start] GC(2303) Adjust Pointers
[674.119s][info][gc,phases      ] GC(2303) Adjust Pointers 266.803ms
[674.119s][info][gc,phases,start] GC(2303) Compaction Phase
[674.270s][info][gc,phases      ] GC(2303) Compaction Phase 151.049ms
[674.279s][info][gc,phases,start] GC(2303) Post Compact
[674.281s][info][gc,phases      ] GC(2303) Post Compact 2.270ms
[674.281s][info][gc,heap        ] GC(2303) PSYoungGen: 163744K(222720K)->0K(222720K) Eden: 111616K(111616K)->0K(111616K) From: 52128K(111104K)->0K(111104K)
[674.281s][info][gc,heap        ] GC(2303) ParOldGen: 626967K(667648K)->511507K(667648K)
[674.281s][info][gc,metaspace   ] GC(2303) Metaspace: 19091K(19264K)->19091K(19264K) NonClass: 16428K(16512K)->16428K(16512K) Class: 2663K(2752K)->2663K(2752K)
[674.281s][info][gc             ] GC(2303) Pause Full (Allocation Failure) 772M->499M(869M) 898.965ms
[674.281s][info][gc,cpu         ] GC(2303) User=1.69s Sys=0.00s Real=0.90s
[674.401s][info][gc,start       ] GC(2304) Pause Young (Allocation Failure)
[674.410s][info][gc,heap        ] GC(2304) PSYoungGen: 111616K(222720K)->4000K(222720K) Eden: 111616K(111616K)->0K(111616K) From: 0K(111104K)->4000K(111104K)
[674.410s][info][gc,heap        ] GC(2304) ParOldGen: 511507K(667648K)->511507K(667648K)
[674.411s][info][gc,metaspace   ] GC(2304) Metaspace: 19091K(19264K)->19091K(19264K) NonClass: 16428K(16512K)->16428K(16512K) Class: 2663K(2752K)->2663K(2752K)
[674.411s][info][gc             ] GC(2304) Pause Young (Allocation Failure) 608M->503M(869M) 9.616ms
[674.411s][info][gc,cpu         ] GC(2304) User=0.02s Sys=0.00s Real=0.01s
[674.569s][info][gc,start       ] GC(2305) Pause Young (Allocation Failure)
[674.591s][info][gc,heap        ] GC(2305) PSYoungGen: 115616K(222720K)->13184K(222720K) Eden: 111616K(111616K)->0K(111616K) From: 4000K(111104K)->13184K(111104K)
[674.591s][info][gc,heap        ] GC(2305) ParOldGen: 511507K(667648K)->511507K(667648K)
[674.591s][info][gc,metaspace   ] GC(2305) Metaspace: 19091K(19264K)->19091K(19264K) NonClass: 16428K(16512K)->16428K(16512K) Class: 2663K(2752K)->2663K(2752K)
[674.591s][info][gc             ] GC(2305) Pause Young (Allocation Failure) 612M->512M(869M) 21.954ms
[674.591s][info][gc,cpu         ] GC(2305) User=0.04s Sys=0.00s Real=0.03s
[674.779s][info][gc,start       ] GC(2306) Pause Young (Allocation Failure)
[674.817s][info][gc,heap        ] GC(2306) PSYoungGen: 124800K(222720K)->17680K(222720K) Eden: 111616K(111616K)->0K(111616K) From: 13184K(111104K)->17680K(111104K)
[674.817s][info][gc,heap        ] GC(2306) ParOldGen: 511507K(667648K)->524675K(667648K)
[674.817s][info][gc,metaspace   ] GC(2306) Metaspace: 19091K(19264K)->19091K(19264K) NonClass: 16428K(16512K)->16428K(16512K) Class: 2663K(2752K)->2663K(2752K)
[674.817s][info][gc             ] GC(2306) Pause Young (Allocation Failure) 621M->529M(869M) 38.081ms
[674.817s][info][gc,cpu         ] GC(2306) User=0.08s Sys=0.00s Real=0.04s
[675.033s][info][gc,start       ] GC(2307) Pause Young (Allocation Failure)
[675.065s][info][gc,heap        ] GC(2307) PSYoungGen: 129296K(222720K)->16800K(222720K) Eden: 111616K(111616K)->0K(111616K) From: 17680K(111104K)->16800K(111104K)
[675.065s][info][gc,heap        ] GC(2307) ParOldGen: 524675K(667648K)->542363K(667648K)
[675.065s][info][gc,metaspace   ] GC(2307) Metaspace: 19091K(19264K)->19091K(19264K) NonClass: 16428K(16512K)->16428K(16512K) Class: 2663K(2752K)->2663K(2752K)
[675.065s][info][gc             ] GC(2307) Pause Young (Allocation Failure) 638M->546M(869M) 32.102ms
[675.065s][info][gc,cpu         ] GC(2307) User=0.06s Sys=0.00s Real=0.03s
[675.201s][info][gc,start       ] GC(2308) Pause Young (Allocation Failure)
[675.231s][info][gc,heap        ] GC(2308) PSYoungGen: 128416K(222720K)->24544K(222720K) Eden: 111616K(111616K)->0K(111616K) From: 16800K(111104K)->24544K(111104K)
[675.231s][info][gc,heap        ] GC(2308) ParOldGen: 542363K(667648K)->559276K(667648K)
[675.231s][info][gc,metaspace   ] GC(2308) Metaspace: 19091K(19264K)->19091K(19264K) NonClass: 16428K(16512K)->16428K(16512K) Class: 2663K(2752K)->2663K(2752K)
[675.231s][info][gc             ] GC(2308) Pause Young (Allocation Failure) 655M->570M(869M) 30.387ms
[675.231s][info][gc,cpu         ] GC(2308) User=0.06s Sys=0.00s Real=0.03s
[675.393s][info][gc,start       ] GC(2309) Pause Young (Allocation Failure)
[675.428s][info][gc,heap        ] GC(2309) PSYoungGen: 136160K(222720K)->10272K(222720K) Eden: 111616K(111616K)->0K(111616K) From: 24544K(111104K)->10272K(111104K)
[675.428s][info][gc,heap        ] GC(2309) ParOldGen: 559276K(667648K)->584017K(667648K)
[675.429s][info][gc,metaspace   ] GC(2309) Metaspace: 19091K(19264K)->19091K(19264K) NonClass: 16428K(16512K)->16428K(16512K) Class: 2663K(2752K)->2663K(2752K)
[675.429s][info][gc             ] GC(2309) Pause Young (Allocation Failure) 679M->580M(869M) 35.239ms
[675.429s][info][gc,cpu         ] GC(2309) User=0.07s Sys=0.00s Real=0.03s
[675.616s][info][gc,start       ] GC(2310) Pause Young (Allocation Failure)
[675.632s][info][gc,heap        ] GC(2310) PSYoungGen: 121888K(222720K)->64K(222720K) Eden: 111616K(111616K)->0K(111616K) From: 10272K(111104K)->64K(111104K)
[675.632s][info][gc,heap        ] GC(2310) ParOldGen: 584017K(667648K)->594097K(667648K)
[675.632s][info][gc,metaspace   ] GC(2310) Metaspace: 19091K(19264K)->19091K(19264K) NonClass: 16428K(16512K)->16428K(16512K) Class: 2663K(2752K)->2663K(2752K)
[675.632s][info][gc             ] GC(2310) Pause Young (Allocation Failure) 689M->580M(869M) 15.945ms
[675.632s][info][gc,cpu         ] GC(2310) User=0.03s Sys=0.00s Real=0.02s
[675.768s][info][gc,start       ] GC(2311) Pause Young (Allocation Failure)
[675.791s][info][gc,heap        ] GC(2311) PSYoungGen: 111680K(222720K)->20768K(222720K) Eden: 111616K(111616K)->0K(111616K) From: 64K(111104K)->20768K(111104K)
[675.791s][info][gc,heap        ] GC(2311) ParOldGen: 594097K(667648K)->594113K(667648K)
[675.791s][info][gc,metaspace   ] GC(2311) Metaspace: 19091K(19264K)->19091K(19264K) NonClass: 16428K(16512K)->16428K(16512K) Class: 2663K(2752K)->2663K(2752K)
[675.791s][info][gc             ] GC(2311) Pause Young (Allocation Failure) 689M->600M(869M) 23.338ms
[675.791s][info][gc,cpu         ] GC(2311) User=0.05s Sys=0.00s Real=0.03s
[675.895s][info][gc,start       ] GC(2312) Pause Young (Allocation Failure)
[675.919s][info][gc,heap        ] GC(2312) PSYoungGen: 132384K(222720K)->992K(222720K) Eden: 111616K(111616K)->0K(111616K) From: 20768K(111104K)->992K(111104K)
[675.919s][info][gc,heap        ] GC(2312) ParOldGen: 594113K(667648K)->614897K(667648K)
[675.919s][info][gc,metaspace   ] GC(2312) Metaspace: 19091K(19264K)->19091K(19264K) NonClass: 16428K(16512K)->16428K(16512K) Class: 2663K(2752K)->2663K(2752K)
[675.919s][info][gc             ] GC(2312) Pause Young (Allocation Failure) 709M->601M(869M) 23.877ms
[675.919s][info][gc,cpu         ] GC(2312) User=0.05s Sys=0.00s Real=0.02s
[676.045s][info][gc,start       ] GC(2313) Pause Young (Allocation Failure)
[676.057s][info][gc,heap        ] GC(2313) PSYoungGen: 112608K(222720K)->7104K(222720K) Eden: 111616K(111616K)->0K(111616K) From: 992K(111104K)->7104K(111104K)
[676.057s][info][gc,heap        ] GC(2313) ParOldGen: 614897K(667648K)->615889K(667648K)
[676.057s][info][gc,metaspace   ] GC(2313) Metaspace: 19091K(19264K)->19091K(19264K) NonClass: 16428K(16512K)->16428K(16512K) Class: 2663K(2752K)->2663K(2752K)
[676.057s][info][gc             ] GC(2313) Pause Young (Allocation Failure) 710M->608M(869M) 11.843ms
[676.057s][info][gc,cpu         ] GC(2313) User=0.02s Sys=0.00s Real=0.01s
[676.279s][info][gc,start       ] GC(2314) Pause Young (Allocation Failure)
[676.299s][info][gc,heap        ] GC(2314) PSYoungGen: 118720K(222720K)->9408K(222720K) Eden: 111616K(111616K)->0K(111616K) From: 7104K(111104K)->9408K(111104K)
[676.299s][info][gc,heap        ] GC(2314) ParOldGen: 615889K(667648K)->622977K(667648K)
[676.299s][info][gc,metaspace   ] GC(2314) Metaspace: 19091K(19264K)->19091K(19264K) NonClass: 16428K(16512K)->16428K(16512K) Class: 2663K(2752K)->2663K(2752K)
[676.299s][info][gc             ] GC(2314) Pause Young (Allocation Failure) 717M->617M(869M) 19.146ms
[676.299s][info][gc,cpu         ] GC(2314) User=0.04s Sys=0.00s Real=0.02s
[676.550s][info][gc,start       ] GC(2315) Pause Young (Allocation Failure)
[676.562s][info][gc,heap        ] GC(2315) PSYoungGen: 121024K(222720K)->64K(217600K) Eden: 111616K(111616K)->0K(111616K) From: 9408K(111104K)->64K(105984K)
[676.562s][info][gc,heap        ] GC(2315) ParOldGen: 622977K(667648K)->632372K(667648K)
[676.562s][info][gc,metaspace   ] GC(2315) Metaspace: 19091K(19264K)->19091K(19264K) NonClass: 16428K(16512K)->16428K(16512K) Class: 2663K(2752K)->2663K(2752K)
[676.562s][info][gc             ] GC(2315) Pause Young (Allocation Failure) 726M->617M(864M) 11.954ms
[676.562s][info][gc,cpu         ] GC(2315) User=0.02s Sys=0.01s Real=0.02s
[676.794s][info][gc,start       ] GC(2316) Pause Full (Allocation Failure)
[676.794s][info][gc,phases,start] GC(2316) Marking Phase
[677.135s][info][gc,phases      ] GC(2316) Marking Phase 341.690ms
[677.135s][info][gc,phases,start] GC(2316) Summary Phase
[677.135s][info][gc,phases      ] GC(2316) Summary Phase 0.039ms
[677.135s][info][gc,phases,start] GC(2316) Forward
[677.267s][info][gc,phases      ] GC(2316) Forward 131.858ms
[677.267s][info][gc,phases,start] GC(2316) Adjust Pointers
[677.523s][info][gc,phases      ] GC(2316) Adjust Pointers 255.295ms
[677.523s][info][gc,phases,start] GC(2316) Compaction Phase
[677.666s][info][gc,phases      ] GC(2316) Compaction Phase 143.082ms
[677.675s][info][gc,phases,start] GC(2316) Post Compact
[677.677s][info][gc,phases      ] GC(2316) Post Compact 2.231ms
[677.678s][info][gc,heap        ] GC(2316) PSYoungGen: 111680K(217600K)->0K(220160K) Eden: 111616K(111616K)->0K(111616K) From: 64K(105984K)->0K(108544K)
[677.678s][info][gc,heap        ] GC(2316) ParOldGen: 632372K(667648K)->468706K(667648K)
[677.678s][info][gc,metaspace   ] GC(2316) Metaspace: 19091K(19264K)->19091K(19264K) NonClass: 16428K(16512K)->16428K(16512K) Class: 2663K(2752K)->2663K(2752K)
[677.678s][info][gc             ] GC(2316) Pause Full (Allocation Failure) 726M->457M(867M) 884.035ms
[677.678s][info][gc,cpu         ] GC(2316) User=1.65s Sys=0.00s Real=0.88s
[677.927s][info][gc,start       ] GC(2317) Pause Young (Allocation Failure)
[677.931s][info][gc,heap        ] GC(2317) PSYoungGen: 111616K(220160K)->64K(217088K) Eden: 111616K(111616K)->0K(116736K) From: 0K(108544K)->64K(100352K)
[677.931s][info][gc,heap        ] GC(2317) ParOldGen: 468706K(667648K)->468706K(667648K)
[677.931s][info][gc,metaspace   ] GC(2317) Metaspace: 19091K(19264K)->19091K(19264K) NonClass: 16428K(16512K)->16428K(16512K) Class: 2663K(2752K)->2663K(2752K)
[677.931s][info][gc             ] GC(2317) Pause Young (Allocation Failure) 566M->457M(864M) 4.597ms
[677.931s][info][gc,cpu         ] GC(2317) User=0.01s Sys=0.00s Real=0.01s
[678.122s][info][gc,start       ] GC(2318) Pause Young (Allocation Failure)
[678.136s][info][gc,heap        ] GC(2318) PSYoungGen: 116800K(217088K)->13648K(130560K) Eden: 116736K(116736K)->0K(116736K) From: 64K(100352K)->13648K(13824K)
[678.136s][info][gc,heap        ] GC(2318) ParOldGen: 468706K(667648K)->468706K(667648K)
[678.136s][info][gc,metaspace   ] GC(2318) Metaspace: 19091K(19264K)->19091K(19264K) NonClass: 16428K(16512K)->16428K(16512K) Class: 2663K(2752K)->2663K(2752K)
[678.136s][info][gc             ] GC(2318) Pause Young (Allocation Failure) 571M->471M(779M) 14.022ms
[678.136s][info][gc,cpu         ] GC(2318) User=0.02s Sys=0.00s Real=0.01s
[678.199s][info][gc,start       ] GC(2319) Pause Young (Allocation Failure)
[678.238s][info][gc,heap        ] GC(2319) PSYoungGen: 130384K(130560K)->56256K(214528K) Eden: 116736K(116736K)->0K(116736K) From: 13648K(13824K)->56256K(97792K)
[678.238s][info][gc,heap        ] GC(2319) ParOldGen: 468706K(667648K)->468706K(667648K)
[678.238s][info][gc,metaspace   ] GC(2319) Metaspace: 19091K(19264K)->19091K(19264K) NonClass: 16428K(16512K)->16428K(16512K) Class: 2663K(2752K)->2663K(2752K)
[678.238s][info][gc             ] GC(2319) Pause Young (Allocation Failure) 585M->512M(861M) 38.934ms
[678.238s][info][gc,cpu         ] GC(2319) User=0.08s Sys=0.00s Real=0.04s
[678.417s][info][gc,start       ] GC(2320) Pause Young (Allocation Failure)
[678.462s][info][gc,heap        ] GC(2320) PSYoungGen: 172992K(214528K)->70368K(219648K) Eden: 116736K(116736K)->0K(116736K) From: 56256K(97792K)->70368K(102912K)
[678.462s][info][gc,heap        ] GC(2320) ParOldGen: 468706K(667648K)->468706K(667648K)
[678.462s][info][gc,metaspace   ] GC(2320) Metaspace: 19091K(19264K)->19091K(19264K) NonClass: 16428K(16512K)->16428K(16512K) Class: 2663K(2752K)->2663K(2752K)
[678.462s][info][gc             ] GC(2320) Pause Young (Allocation Failure) 626M->526M(866M) 44.642ms
[678.462s][info][gc,cpu         ] GC(2320) User=0.08s Sys=0.00s Real=0.05s
[678.603s][info][gc,start       ] GC(2321) Pause Young (Allocation Failure)
[678.654s][info][gc,heap        ] GC(2321) PSYoungGen: 187104K(219648K)->74624K(222720K) Eden: 116736K(116736K)->0K(111616K) From: 70368K(102912K)->74624K(111104K)
[678.654s][info][gc,heap        ] GC(2321) ParOldGen: 468706K(667648K)->468722K(667648K)
[678.654s][info][gc,metaspace   ] GC(2321) Metaspace: 19091K(19264K)->19091K(19264K) NonClass: 16428K(16512K)->16428K(16512K) Class: 2663K(2752K)->2663K(2752K)
[678.654s][info][gc             ] GC(2321) Pause Young (Allocation Failure) 640M->530M(869M) 51.417ms
[678.654s][info][gc,cpu         ] GC(2321) User=0.11s Sys=0.00s Real=0.05s
[678.842s][info][gc,start       ] GC(2322) Pause Young (Allocation Failure)
[678.929s][info][gc,heap        ] GC(2322) PSYoungGen: 186240K(222720K)->32288K(222720K) Eden: 111616K(111616K)->0K(111616K) From: 74624K(111104K)->32288K(111104K)
[678.929s][info][gc,heap        ] GC(2322) ParOldGen: 468722K(667648K)->525596K(667648K)
[678.929s][info][gc,metaspace   ] GC(2322) Metaspace: 19091K(19264K)->19091K(19264K) NonClass: 16428K(16512K)->16428K(16512K) Class: 2663K(2752K)->2663K(2752K)
[678.929s][info][gc             ] GC(2322) Pause Young (Allocation Failure) 639M->544M(869M) 86.877ms
[678.929s][info][gc,cpu         ] GC(2322) User=0.17s Sys=0.00s Real=0.08s
[679.107s][info][gc,start       ] GC(2323) Pause Young (Allocation Failure)
[679.151s][info][gc,heap        ] GC(2323) PSYoungGen: 143904K(222720K)->14400K(215552K) Eden: 111616K(111616K)->0K(111616K) From: 32288K(111104K)->14400K(103936K)
[679.151s][info][gc,heap        ] GC(2323) ParOldGen: 525596K(667648K)->543900K(667648K)
[679.151s][info][gc,metaspace   ] GC(2323) Metaspace: 19091K(19264K)->19091K(19264K) NonClass: 16428K(16512K)->16428K(16512K) Class: 2663K(2752K)->2663K(2752K)
[679.151s][info][gc             ] GC(2323) Pause Young (Allocation Failure) 653M->545M(862M) 43.370ms
[679.151s][info][gc,cpu         ] GC(2323) User=0.09s Sys=0.00s Real=0.05s
[679.305s][info][gc,start       ] GC(2324) Pause Young (Allocation Failure)
[679.337s][info][gc,heap        ] GC(2324) PSYoungGen: 126016K(215552K)->31065K(219136K) Eden: 111616K(111616K)->0K(111616K) From: 14400K(103936K)->31065K(107520K)
[679.337s][info][gc,heap        ] GC(2324) ParOldGen: 543900K(667648K)->543900K(667648K)
[679.337s][info][gc,metaspace   ] GC(2324) Metaspace: 19091K(19264K)->19091K(19264K) NonClass: 16428K(16512K)->16428K(16512K) Class: 2663K(2752K)->2663K(2752K)
[679.337s][info][gc             ] GC(2324) Pause Young (Allocation Failure) 654M->561M(866M) 32.543ms
[679.337s][info][gc,cpu         ] GC(2324) User=0.07s Sys=0.00s Real=0.03s
[679.395s][info][gc,start       ] GC(2325) Pause Young (Allocation Failure)
[679.453s][info][gc,heap        ] GC(2325) PSYoungGen: 142681K(219136K)->68697K(215040K) Eden: 111616K(111616K)->0K(114688K) From: 31065K(107520K)->68697K(100352K)
[679.453s][info][gc,heap        ] GC(2325) ParOldGen: 543900K(667648K)->543900K(667648K)
[679.453s][info][gc,metaspace   ] GC(2325) Metaspace: 19091K(19264K)->19091K(19264K) NonClass: 16428K(16512K)->16428K(16512K) Class: 2663K(2752K)->2663K(2752K)
[679.453s][info][gc             ] GC(2325) Pause Young (Allocation Failure) 670M->598M(862M) 57.859ms
[679.453s][info][gc,cpu         ] GC(2325) User=0.12s Sys=0.00s Real=0.06s
[679.610s][info][gc,start       ] GC(2326) Pause Young (Allocation Failure)
[679.672s][info][gc,heap        ] GC(2326) PSYoungGen: 183385K(215040K)->70073K(221696K) Eden: 114688K(114688K)->0K(114688K) From: 68697K(100352K)->70073K(107008K)
[679.672s][info][gc,heap        ] GC(2326) ParOldGen: 543900K(667648K)->558012K(667648K)
[679.672s][info][gc,metaspace   ] GC(2326) Metaspace: 19091K(19264K)->19091K(19264K) NonClass: 16428K(16512K)->16428K(16512K) Class: 2663K(2752K)->2663K(2752K)
[679.672s][info][gc             ] GC(2326) Pause Young (Allocation Failure) 710M->613M(868M) 62.286ms
[679.672s][info][gc,cpu         ] GC(2326) User=0.12s Sys=0.00s Real=0.07s
[679.758s][info][gc,start       ] GC(2327) Pause Young (Allocation Failure)
[679.804s][info][gc,heap        ] GC(2327) PSYoungGen: 184761K(221696K)->55296K(222720K) Eden: 114688K(114688K)->0K(111616K) From: 70073K(107008K)->55296K(111104K)
[679.804s][info][gc,heap        ] GC(2327) ParOldGen: 558012K(667648K)->575109K(667648K)
[679.804s][info][gc,metaspace   ] GC(2327) Metaspace: 19091K(19264K)->19091K(19264K) NonClass: 16428K(16512K)->16428K(16512K) Class: 2663K(2752K)->2663K(2752K)
[679.804s][info][gc             ] GC(2327) Pause Young (Allocation Failure) 725M->615M(869M) 45.495ms
[679.804s][info][gc,cpu         ] GC(2327) User=0.09s Sys=0.00s Real=0.05s
[679.960s][info][gc,start       ] GC(2328) Pause Young (Allocation Failure)
[680.028s][info][gc,heap        ] GC(2328) PSYoungGen: 166912K(222720K)->18976K(131072K) Eden: 111616K(111616K)->0K(111616K) From: 55296K(111104K)->18976K(19456K)
[680.028s][info][gc,heap        ] GC(2328) ParOldGen: 575109K(667648K)->628845K(667648K)
[680.029s][info][gc,metaspace   ] GC(2328) Metaspace: 19091K(19264K)->19091K(19264K) NonClass: 16428K(16512K)->16428K(16512K) Class: 2663K(2752K)->2663K(2752K)
[680.029s][info][gc             ] GC(2328) Pause Young (Allocation Failure) 724M->632M(780M) 68.847ms
[680.029s][info][gc,cpu         ] GC(2328) User=0.14s Sys=0.00s Real=0.07s
[680.185s][info][gc,start       ] GC(2329) Pause Full (Allocation Failure)
[680.185s][info][gc,phases,start] GC(2329) Marking Phase
[680.510s][info][gc,phases      ] GC(2329) Marking Phase 325.537ms
[680.510s][info][gc,phases,start] GC(2329) Summary Phase
[680.510s][info][gc,phases      ] GC(2329) Summary Phase 0.025ms
[680.510s][info][gc,phases,start] GC(2329) Forward
[680.633s][info][gc,phases      ] GC(2329) Forward 122.385ms
[680.633s][info][gc,phases,start] GC(2329) Adjust Pointers
[680.916s][info][gc,phases      ] GC(2329) Adjust Pointers 283.589ms
[680.916s][info][gc,phases,start] GC(2329) Compaction Phase
[681.053s][info][gc,phases      ] GC(2329) Compaction Phase 136.925ms
[681.067s][info][gc,phases,start] GC(2329) Post Compact
[681.070s][info][gc,phases      ] GC(2329) Post Compact 2.258ms
[681.070s][info][gc,heap        ] GC(2329) PSYoungGen: 130592K(131072K)->0K(219648K) Eden: 111616K(111616K)->0K(111616K) From: 18976K(19456K)->0K(108032K)
[681.070s][info][gc,heap        ] GC(2329) ParOldGen: 628845K(667648K)->482196K(667648K)
[681.070s][info][gc,metaspace   ] GC(2329) Metaspace: 19091K(19264K)->19091K(19264K) NonClass: 16428K(16512K)->16428K(16512K) Class: 2663K(2752K)->2663K(2752K)
[681.070s][info][gc             ] GC(2329) Pause Full (Allocation Failure) 741M->470M(866M) 885.276ms
[681.070s][info][gc,cpu         ] GC(2329) User=1.66s Sys=0.00s Real=0.88s
[681.223s][info][gc,start       ] GC(2330) Pause Young (Allocation Failure)
[681.225s][info][gc,heap        ] GC(2330) PSYoungGen: 111616K(219648K)->64K(219648K) Eden: 111616K(111616K)->0K(111616K) From: 0K(108032K)->64K(108032K)
[681.225s][info][gc,heap        ] GC(2330) ParOldGen: 482196K(667648K)->482196K(667648K)
[681.225s][info][gc,metaspace   ] GC(2330) Metaspace: 19091K(19264K)->19091K(19264K) NonClass: 16428K(16512K)->16428K(16512K) Class: 2663K(2752K)->2663K(2752K)
[681.225s][info][gc             ] GC(2330) Pause Young (Allocation Failure) 579M->470M(866M) 1.694ms
[681.225s][info][gc,cpu         ] GC(2330) User=0.01s Sys=0.00s Real=0.00s
[681.371s][info][gc,start       ] GC(2331) Pause Young (Allocation Failure)
[681.373s][info][gc,heap        ] GC(2331) PSYoungGen: 111680K(219648K)->64K(224256K) Eden: 111616K(111616K)->0K(118272K) From: 64K(108032K)->64K(105984K)
[681.373s][info][gc,heap        ] GC(2331) ParOldGen: 482196K(667648K)->482196K(667648K)
[681.373s][info][gc,metaspace   ] GC(2331) Metaspace: 19091K(19264K)->19091K(19264K) NonClass: 16428K(16512K)->16428K(16512K) Class: 2663K(2752K)->2663K(2752K)
[681.373s][info][gc             ] GC(2331) Pause Young (Allocation Failure) 579M->470M(871M) 1.717ms
[681.373s][info][gc,cpu         ] GC(2331) User=0.00s Sys=0.00s Real=0.00s
[681.527s][info][gc,start       ] GC(2332) Pause Young (Allocation Failure)
[681.528s][info][gc,heap        ] GC(2332) PSYoungGen: 118336K(224256K)->64K(224768K) Eden: 118272K(118272K)->0K(118272K) From: 64K(105984K)->64K(106496K)
[681.528s][info][gc,heap        ] GC(2332) ParOldGen: 482196K(667648K)->482196K(667648K)
[681.528s][info][gc,metaspace   ] GC(2332) Metaspace: 19091K(19264K)->19091K(19264K) NonClass: 16428K(16512K)->16428K(16512K) Class: 2663K(2752K)->2663K(2752K)
[681.528s][info][gc             ] GC(2332) Pause Young (Allocation Failure) 586M->470M(871M) 1.704ms
[681.528s][info][gc,cpu         ] GC(2332) User=0.00s Sys=0.00s Real=0.00s
[681.685s][info][gc,start       ] GC(2333) Pause Young (Allocation Failure)
[681.687s][info][gc,heap        ] GC(2333) PSYoungGen: 118336K(224768K)->64K(224256K) Eden: 118272K(118272K)->0K(123392K) From: 64K(106496K)->64K(100864K)
[681.687s][info][gc,heap        ] GC(2333) ParOldGen: 482196K(667648K)->482196K(667648K)
[681.687s][info][gc,metaspace   ] GC(2333) Metaspace: 19091K(19264K)->19091K(19264K) NonClass: 16428K(16512K)->16428K(16512K) Class: 2663K(2752K)->2663K(2752K)
[681.687s][info][gc             ] GC(2333) Pause Young (Allocation Failure) 586M->470M(871M) 1.732ms
[681.687s][info][gc,cpu         ] GC(2333) User=0.00s Sys=0.00s Real=0.00s
[681.841s][info][gc,start       ] GC(2334) Pause Young (Allocation Failure)
[681.848s][info][gc,heap        ] GC(2334) PSYoungGen: 123456K(224256K)->5120K(224768K) Eden: 123392K(123392K)->0K(123392K) From: 64K(100864K)->5120K(101376K)
[681.848s][info][gc,heap        ] GC(2334) ParOldGen: 482196K(667648K)->482196K(667648K)
[681.848s][info][gc,metaspace   ] GC(2334) Metaspace: 19091K(19264K)->19091K(19264K) NonClass: 16428K(16512K)->16428K(16512K) Class: 2663K(2752K)->2663K(2752K)
[681.848s][info][gc             ] GC(2334) Pause Young (Allocation Failure) 591M->475M(871M) 7.279ms
[681.848s][info][gc,cpu         ] GC(2334) User=0.01s Sys=0.00s Real=0.00s
[681.974s][info][gc,start       ] GC(2335) Pause Young (Allocation Failure)
[681.999s][info][gc,heap        ] GC(2335) PSYoungGen: 128512K(224768K)->21888K(214528K) Eden: 123392K(123392K)->0K(130560K) From: 5120K(101376K)->21888K(83968K)
[681.999s][info][gc,heap        ] GC(2335) ParOldGen: 482196K(667648K)->482196K(667648K)
[681.999s][info][gc,metaspace   ] GC(2335) Metaspace: 19091K(19264K)->19091K(19264K) NonClass: 16428K(16512K)->16428K(16512K) Class: 2663K(2752K)->2663K(2752K)
[681.999s][info][gc             ] GC(2335) Pause Young (Allocation Failure) 596M->492M(861M) 24.944ms
[681.999s][info][gc,cpu         ] GC(2335) User=0.05s Sys=0.00s Real=0.02s
[682.122s][info][gc,start       ] GC(2336) Pause Young (Allocation Failure)
[682.158s][info][gc,heap        ] GC(2336) PSYoungGen: 152448K(214528K)->35040K(220672K) Eden: 130560K(130560K)->0K(130560K) From: 21888K(83968K)->35040K(90112K)
[682.158s][info][gc,heap        ] GC(2336) ParOldGen: 482196K(667648K)->482196K(667648K)
[682.158s][info][gc,metaspace   ] GC(2336) Metaspace: 19091K(19264K)->19091K(19264K) NonClass: 16428K(16512K)->16428K(16512K) Class: 2663K(2752K)->2663K(2752K)
[682.158s][info][gc             ] GC(2336) Pause Young (Allocation Failure) 619M->505M(867M) 35.695ms
[682.158s][info][gc,cpu         ] GC(2336) User=0.07s Sys=0.00s Real=0.03s
[682.260s][info][gc,start       ] GC(2337) Pause Young (Allocation Failure)
[682.296s][info][gc,heap        ] GC(2337) PSYoungGen: 165600K(220672K)->36416K(225792K) Eden: 130560K(130560K)->0K(140288K) From: 35040K(90112K)->36416K(85504K)
[682.296s][info][gc,heap        ] GC(2337) ParOldGen: 482196K(667648K)->482196K(667648K)
[682.296s][info][gc,metaspace   ] GC(2337) Metaspace: 19091K(19264K)->19091K(19264K) NonClass: 16428K(16512K)->16428K(16512K) Class: 2663K(2752K)->2663K(2752K)
[682.296s][info][gc             ] GC(2337) Pause Young (Allocation Failure) 632M->506M(872M) 36.313ms
[682.296s][info][gc,cpu         ] GC(2337) User=0.07s Sys=0.00s Real=0.04s
[682.434s][info][gc,start       ] GC(2338) Pause Young (Allocation Failure)
[682.473s][info][gc,heap        ] GC(2338) PSYoungGen: 176704K(225792K)->39840K(226304K) Eden: 140288K(140288K)->0K(140288K) From: 36416K(85504K)->39840K(86016K)
[682.473s][info][gc,heap        ] GC(2338) ParOldGen: 482196K(667648K)->482196K(667648K)
[682.473s][info][gc,metaspace   ] GC(2338) Metaspace: 19091K(19264K)->19091K(19264K) NonClass: 16428K(16512K)->16428K(16512K) Class: 2663K(2752K)->2663K(2752K)
[682.474s][info][gc             ] GC(2338) Pause Young (Allocation Failure) 643M->509M(873M) 39.854ms
[682.474s][info][gc,cpu         ] GC(2338) User=0.08s Sys=0.00s Real=0.04s
[682.583s][info][gc,start       ] GC(2339) Pause Young (Allocation Failure)
[682.623s][info][gc,heap        ] GC(2339) PSYoungGen: 180128K(226304K)->39904K(235520K) Eden: 140288K(140288K)->0K(152064K) From: 39840K(86016K)->39904K(83456K)
[682.623s][info][gc,heap        ] GC(2339) ParOldGen: 482196K(667648K)->482196K(667648K)
[682.623s][info][gc,metaspace   ] GC(2339) Metaspace: 19091K(19264K)->19091K(19264K) NonClass: 16428K(16512K)->16428K(16512K) Class: 2663K(2752K)->2663K(2752K)
[682.623s][info][gc             ] GC(2339) Pause Young (Allocation Failure) 646M->509M(882M) 40.344ms
[682.623s][info][gc,cpu         ] GC(2339) User=0.08s Sys=0.00s Real=0.04s
[682.803s][info][gc,start       ] GC(2340) Pause Young (Allocation Failure)
[682.852s][info][gc,heap        ] GC(2340) PSYoungGen: 191968K(235520K)->51344K(236032K) Eden: 152064K(152064K)->0K(152064K) From: 39904K(83456K)->51344K(83968K)
[682.852s][info][gc,heap        ] GC(2340) ParOldGen: 482196K(667648K)->482196K(667648K)
[682.852s][info][gc,metaspace   ] GC(2340) Metaspace: 19091K(19264K)->19091K(19264K) NonClass: 16428K(16512K)->16428K(16512K) Class: 2663K(2752K)->2663K(2752K)
[682.852s][info][gc             ] GC(2340) Pause Young (Allocation Failure) 658M->521M(882M) 49.784ms
[682.852s][info][gc,cpu         ] GC(2340) User=0.10s Sys=0.00s Real=0.05s
[683.010s][info][gc,start       ] GC(2341) Pause Young (Allocation Failure)
[683.087s][info][gc,heap        ] GC(2341) PSYoungGen: 203408K(236032K)->73424K(226304K) Eden: 152064K(152064K)->0K(139264K) From: 51344K(83968K)->73424K(87040K)
[683.087s][info][gc,heap        ] GC(2341) ParOldGen: 482196K(667648K)->482196K(667648K)
[683.087s][info][gc,metaspace   ] GC(2341) Metaspace: 19091K(19264K)->19091K(19264K) NonClass: 16428K(16512K)->16428K(16512K) Class: 2663K(2752K)->2663K(2752K)
[683.087s][info][gc             ] GC(2341) Pause Young (Allocation Failure) 669M->542M(873M) 77.617ms
[683.087s][info][gc,cpu         ] GC(2341) User=0.15s Sys=0.00s Real=0.08s
[683.296s][info][gc,start       ] GC(2342) Pause Young (Allocation Failure)
[683.390s][info][gc,heap        ] GC(2342) PSYoungGen: 212688K(226304K)->96752K(236032K) Eden: 139264K(139264K)->0K(139264K) From: 73424K(87040K)->96752K(96768K)
[683.390s][info][gc,heap        ] GC(2342) ParOldGen: 482196K(667648K)->482196K(667648K)
[683.390s][info][gc,metaspace   ] GC(2342) Metaspace: 19091K(19264K)->19091K(19264K) NonClass: 16428K(16512K)->16428K(16512K) Class: 2663K(2752K)->2663K(2752K)
[683.390s][info][gc             ] GC(2342) Pause Young (Allocation Failure) 678M->565M(882M) 93.869ms
[683.390s][info][gc,cpu         ] GC(2342) User=0.18s Sys=0.00s Real=0.09s
[683.516s][info][gc,start       ] GC(2343) Pause Young (Allocation Failure)
[683.617s][info][gc,heap        ] GC(2343) PSYoungGen: 236016K(236032K)->97776K(209408K) Eden: 139264K(139264K)->0K(111616K) From: 96752K(96768K)->97776K(97792K)
[683.617s][info][gc,heap        ] GC(2343) ParOldGen: 482196K(667648K)->484260K(667648K)
[683.617s][info][gc,metaspace   ] GC(2343) Metaspace: 19091K(19264K)->19091K(19264K) NonClass: 16428K(16512K)->16428K(16512K) Class: 2663K(2752K)->2663K(2752K)
[683.617s][info][gc             ] GC(2343) Pause Young (Allocation Failure) 701M->568M(856M) 101.440ms
[683.617s][info][gc,cpu         ] GC(2343) User=0.19s Sys=0.01s Real=0.10s
[683.742s][info][gc,start       ] GC(2344) Pause Young (Allocation Failure)
[683.839s][info][gc,heap        ] GC(2344) PSYoungGen: 209392K(209408K)->101280K(222720K) Eden: 111616K(111616K)->0K(111616K) From: 97776K(97792K)->101280K(111104K)
[683.839s][info][gc,heap        ] GC(2344) ParOldGen: 484260K(667648K)->484260K(667648K)
[683.839s][info][gc,metaspace   ] GC(2344) Metaspace: 19091K(19264K)->19091K(19264K) NonClass: 16428K(16512K)->16428K(16512K) Class: 2663K(2752K)->2663K(2752K)
[683.839s][info][gc             ] GC(2344) Pause Young (Allocation Failure) 677M->571M(869M) 96.545ms
[683.839s][info][gc,cpu         ] GC(2344) User=0.19s Sys=0.00s Real=0.09s
[683.966s][info][gc,start       ] GC(2345) Pause Young (Allocation Failure)
[684.062s][info][gc,heap        ] GC(2345) PSYoungGen: 212896K(222720K)->96288K(222720K) Eden: 111616K(111616K)->0K(111616K) From: 101280K(111104K)->96288K(111104K)
[684.062s][info][gc,heap        ] GC(2345) ParOldGen: 484260K(667648K)->489364K(667648K)
[684.062s][info][gc,metaspace   ] GC(2345) Metaspace: 19091K(19264K)->19091K(19264K) NonClass: 16428K(16512K)->16428K(16512K) Class: 2663K(2752K)->2663K(2752K)
[684.062s][info][gc             ] GC(2345) Pause Young (Allocation Failure) 680M->571M(869M) 95.951ms
[684.062s][info][gc,cpu         ] GC(2345) User=0.19s Sys=0.00s Real=0.10s
[684.228s][info][gc,start       ] GC(2346) Pause Young (Allocation Failure)
[684.329s][info][gc,heap        ] GC(2346) PSYoungGen: 207904K(222720K)->75184K(222720K) Eden: 111616K(111616K)->0K(111616K) From: 96288K(111104K)->75184K(111104K)
[684.329s][info][gc,heap        ] GC(2346) ParOldGen: 489364K(667648K)->519348K(667648K)
[684.329s][info][gc,metaspace   ] GC(2346) Metaspace: 19091K(19264K)->19091K(19264K) NonClass: 16428K(16512K)->16428K(16512K) Class: 2663K(2752K)->2663K(2752K)
[684.329s][info][gc             ] GC(2346) Pause Young (Allocation Failure) 680M->580M(869M) 100.992ms
[684.329s][info][gc,cpu         ] GC(2346) User=0.20s Sys=0.00s Real=0.10s
[684.460s][info][gc,start       ] GC(2347) Pause Young (Allocation Failure)
[684.549s][info][gc,heap        ] GC(2347) PSYoungGen: 186800K(222720K)->85008K(222720K) Eden: 111616K(111616K)->0K(111616K) From: 75184K(111104K)->85008K(111104K)
[684.549s][info][gc,heap        ] GC(2347) ParOldGen: 519348K(667648K)->524180K(667648K)
[684.549s][info][gc,metaspace   ] GC(2347) Metaspace: 19091K(19264K)->19091K(19264K) NonClass: 16428K(16512K)->16428K(16512K) Class: 2663K(2752K)->2663K(2752K)
[684.549s][info][gc             ] GC(2347) Pause Young (Allocation Failure) 689M->594M(869M) 88.708ms
[684.549s][info][gc,cpu         ] GC(2347) User=0.17s Sys=0.00s Real=0.09s
[684.899s][info][gc,start       ] GC(2348) Pause Young (Allocation Failure)
[684.981s][info][gc,heap        ] GC(2348) PSYoungGen: 196624K(222720K)->73504K(222720K) Eden: 111616K(111616K)->0K(111616K) From: 85008K(111104K)->73504K(111104K)
[684.981s][info][gc,heap        ] GC(2348) ParOldGen: 524180K(667648K)->535716K(667648K)
[684.981s][info][gc,metaspace   ] GC(2348) Metaspace: 19091K(19264K)->19091K(19264K) NonClass: 16428K(16512K)->16428K(16512K) Class: 2663K(2752K)->2663K(2752K)
[684.981s][info][gc             ] GC(2348) Pause Young (Allocation Failure) 703M->594M(869M) 81.555ms
[684.981s][info][gc,cpu         ] GC(2348) User=0.16s Sys=0.00s Real=0.09s
[685.243s][info][gc,start       ] GC(2349) Pause Young (Allocation Failure)
[685.315s][info][gc,heap        ] GC(2349) PSYoungGen: 185120K(222720K)->29872K(222720K) Eden: 111616K(111616K)->0K(111616K) From: 73504K(111104K)->29872K(111104K)
[685.315s][info][gc,heap        ] GC(2349) ParOldGen: 535716K(667648K)->579500K(667648K)
[685.315s][info][gc,metaspace   ] GC(2349) Metaspace: 19091K(19264K)->19091K(19264K) NonClass: 16428K(16512K)->16428K(16512K) Class: 2663K(2752K)->2663K(2752K)
[685.315s][info][gc             ] GC(2349) Pause Young (Allocation Failure) 703M->595M(869M) 71.638ms
[685.315s][info][gc,cpu         ] GC(2349) User=0.14s Sys=0.00s Real=0.07s
[685.588s][info][gc,start       ] GC(2350) Pause Young (Allocation Failure)
[685.619s][info][gc,heap        ] GC(2350) PSYoungGen: 141488K(222720K)->23648K(222720K) Eden: 111616K(111616K)->0K(111616K) From: 29872K(111104K)->23648K(111104K)
[685.619s][info][gc,heap        ] GC(2350) ParOldGen: 579500K(667648K)->585764K(667648K)
[685.619s][info][gc,metaspace   ] GC(2350) Metaspace: 19091K(19264K)->19091K(19264K) NonClass: 16428K(16512K)->16428K(16512K) Class: 2663K(2752K)->2663K(2752K)
[685.619s][info][gc             ] GC(2350) Pause Young (Allocation Failure) 704M->595M(869M) 31.312ms
[685.619s][info][gc,cpu         ] GC(2350) User=0.06s Sys=0.00s Real=0.03s
[685.901s][info][gc,start       ] GC(2351) Pause Young (Allocation Failure)
[685.929s][info][gc,heap        ] GC(2351) PSYoungGen: 135264K(222720K)->14752K(222720K) Eden: 111616K(111616K)->0K(111616K) From: 23648K(111104K)->14752K(111104K)
[685.929s][info][gc,heap        ] GC(2351) ParOldGen: 585764K(667648K)->594676K(667648K)
[685.929s][info][gc,metaspace   ] GC(2351) Metaspace: 19091K(19264K)->19091K(19264K) NonClass: 16428K(16512K)->16428K(16512K) Class: 2663K(2752K)->2663K(2752K)
[685.929s][info][gc             ] GC(2351) Pause Young (Allocation Failure) 704M->595M(869M) 28.577ms
[685.929s][info][gc,cpu         ] GC(2351) User=0.06s Sys=0.00s Real=0.02s
[686.187s][info][gc,start       ] GC(2352) Pause Young (Allocation Failure)
[686.203s][info][gc,heap        ] GC(2352) PSYoungGen: 126368K(222720K)->96K(222720K) Eden: 111616K(111616K)->0K(111616K) From: 14752K(111104K)->96K(111104K)
[686.203s][info][gc,heap        ] GC(2352) ParOldGen: 594676K(667648K)->609373K(667648K)
[686.203s][info][gc,metaspace   ] GC(2352) Metaspace: 19091K(19264K)->19091K(19264K) NonClass: 16428K(16512K)->16428K(16512K) Class: 2663K(2752K)->2663K(2752K)
[686.204s][info][gc             ] GC(2352) Pause Young (Allocation Failure) 704M->595M(869M) 17.001ms
[686.204s][info][gc,cpu         ] GC(2352) User=0.03s Sys=0.00s Real=0.02s
[686.508s][info][gc,start       ] GC(2353) Pause Young (Allocation Failure)
[686.510s][info][gc,heap        ] GC(2353) PSYoungGen: 111712K(222720K)->160K(222720K) Eden: 111616K(111616K)->0K(111616K) From: 96K(111104K)->160K(111104K)
[686.510s][info][gc,heap        ] GC(2353) ParOldGen: 609373K(667648K)->609437K(667648K)
[686.510s][info][gc,metaspace   ] GC(2353) Metaspace: 19091K(19264K)->19091K(19264K) NonClass: 16428K(16512K)->16428K(16512K) Class: 2663K(2752K)->2663K(2752K)
[686.510s][info][gc             ] GC(2353) Pause Young (Allocation Failure) 704M->595M(869M) 2.405ms
[686.510s][info][gc,cpu         ] GC(2353) User=0.00s Sys=0.00s Real=0.00s
[686.708s][info][gc,start       ] GC(2354) Pause Young (Allocation Failure)
[686.717s][info][gc,heap        ] GC(2354) PSYoungGen: 111776K(222720K)->9824K(222720K) Eden: 111616K(111616K)->0K(111616K) From: 160K(111104K)->9824K(111104K)
[686.717s][info][gc,heap        ] GC(2354) ParOldGen: 609437K(667648K)->609453K(667648K)
[686.717s][info][gc,metaspace   ] GC(2354) Metaspace: 19091K(19264K)->19091K(19264K) NonClass: 16428K(16512K)->16428K(16512K) Class: 2663K(2752K)->2663K(2752K)
[686.717s][info][gc             ] GC(2354) Pause Young (Allocation Failure) 704M->604M(869M) 9.380ms
[686.717s][info][gc,cpu         ] GC(2354) User=0.02s Sys=0.00s Real=0.01s
[686.776s][info][gc,start       ] GC(2355) Pause Young (Allocation Failure)
[686.813s][info][gc,heap        ] GC(2355) PSYoungGen: 121440K(222720K)->40352K(222720K) Eden: 111616K(111616K)->0K(111616K) From: 9824K(111104K)->40352K(111104K)
[686.813s][info][gc,heap        ] GC(2355) ParOldGen: 609453K(667648K)->619325K(667648K)
[686.813s][info][gc,metaspace   ] GC(2355) Metaspace: 19091K(19264K)->19091K(19264K) NonClass: 16428K(16512K)->16428K(16512K) Class: 2663K(2752K)->2663K(2752K)
[686.813s][info][gc             ] GC(2355) Pause Young (Allocation Failure) 713M->644M(869M) 36.505ms
[686.813s][info][gc,cpu         ] GC(2355) User=0.07s Sys=0.00s Real=0.04s
[686.978s][info][gc,start       ] GC(2356) Pause Young (Allocation Failure)
[687.020s][info][gc,heap        ] GC(2356) PSYoungGen: 151968K(222720K)->22208K(222720K) Eden: 111616K(111616K)->0K(111616K) From: 40352K(111104K)->22208K(111104K)
[687.021s][info][gc,heap        ] GC(2356) ParOldGen: 619325K(667648K)->660101K(667648K)
[687.021s][info][gc,metaspace   ] GC(2356) Metaspace: 19091K(19264K)->19091K(19264K) NonClass: 16428K(16512K)->16428K(16512K) Class: 2663K(2752K)->2663K(2752K)
[687.021s][info][gc             ] GC(2356) Pause Young (Allocation Failure) 753M->666M(869M) 42.236ms
[687.021s][info][gc,cpu         ] GC(2356) User=0.08s Sys=0.00s Real=0.05s
[687.129s][info][gc,start       ] GC(2357) Pause Full (Allocation Failure)
[687.129s][info][gc,phases,start] GC(2357) Marking Phase
[687.552s][info][gc,phases      ] GC(2357) Marking Phase 422.935ms
[687.552s][info][gc,phases,start] GC(2357) Summary Phase
[687.552s][info][gc,phases      ] GC(2357) Summary Phase 0.045ms
[687.552s][info][gc,phases,start] GC(2357) Forward
[687.664s][info][gc,phases      ] GC(2357) Forward 112.646ms
[687.665s][info][gc,phases,start] GC(2357) Adjust Pointers
[687.978s][info][gc,phases      ] GC(2357) Adjust Pointers 313.123ms
[687.978s][info][gc,phases,start] GC(2357) Compaction Phase
[688.160s][info][gc,phases      ] GC(2357) Compaction Phase 181.944ms
[688.169s][info][gc,phases,start] GC(2357) Post Compact
[688.171s][info][gc,phases      ] GC(2357) Post Compact 2.304ms
[688.171s][info][gc,heap        ] GC(2357) PSYoungGen: 133824K(222720K)->0K(222720K) Eden: 111616K(111616K)->0K(111616K) From: 22208K(111104K)->0K(111104K)
[688.171s][info][gc,heap        ] GC(2357) ParOldGen: 660101K(667648K)->594371K(667648K)
[688.171s][info][gc,metaspace   ] GC(2357) Metaspace: 19091K(19264K)->19091K(19264K) NonClass: 16428K(16512K)->16428K(16512K) Class: 2663K(2752K)->2663K(2752K)
[688.171s][info][gc             ] GC(2357) Pause Full (Allocation Failure) 775M->580M(869M) 1042.721ms
[688.171s][info][gc,cpu         ] GC(2357) User=1.98s Sys=0.00s Real=1.05s
[688.353s][info][gc,start       ] GC(2358) Pause Young (Allocation Failure)
[688.383s][info][gc,heap        ] GC(2358) PSYoungGen: 111616K(222720K)->16886K(222720K) Eden: 111616K(111616K)->0K(111616K) From: 0K(111104K)->16886K(111104K)
[688.384s][info][gc,heap        ] GC(2358) ParOldGen: 594371K(667648K)->594371K(667648K)
[688.384s][info][gc,metaspace   ] GC(2358) Metaspace: 19091K(19264K)->19091K(19264K) NonClass: 16428K(16512K)->16428K(16512K) Class: 2663K(2752K)->2663K(2752K)
[688.384s][info][gc             ] GC(2358) Pause Young (Allocation Failure) 689M->596M(869M) 30.391ms
[688.384s][info][gc,cpu         ] GC(2358) User=0.06s Sys=0.00s Real=0.03s
[688.602s][info][gc,start       ] GC(2359) Pause Young (Allocation Failure)
[688.630s][info][gc,heap        ] GC(2359) PSYoungGen: 128502K(222720K)->160K(222720K) Eden: 111616K(111616K)->0K(111616K) From: 16886K(111104K)->160K(111104K)
[688.630s][info][gc,heap        ] GC(2359) ParOldGen: 594371K(667648K)->611266K(667648K)
[688.630s][info][gc,metaspace   ] GC(2359) Metaspace: 19091K(19264K)->19091K(19264K) NonClass: 16428K(16512K)->16428K(16512K) Class: 2663K(2752K)->2663K(2752K)
[688.630s][info][gc             ] GC(2359) Pause Young (Allocation Failure) 705M->597M(869M) 28.190ms
[688.630s][info][gc,cpu         ] GC(2359) User=0.06s Sys=0.00s Real=0.02s
[688.791s][info][gc,start       ] GC(2360) Pause Young (Allocation Failure)
[688.796s][info][gc,heap        ] GC(2360) PSYoungGen: 111776K(222720K)->2240K(114176K) Eden: 111616K(111616K)->0K(111616K) From: 160K(111104K)->2240K(2560K)
[688.796s][info][gc,heap        ] GC(2360) ParOldGen: 611266K(667648K)->611266K(667648K)
[688.796s][info][gc,metaspace   ] GC(2360) Metaspace: 19091K(19264K)->19091K(19264K) NonClass: 16428K(16512K)->16428K(16512K) Class: 2663K(2752K)->2663K(2752K)
[688.796s][info][gc             ] GC(2360) Pause Young (Allocation Failure) 706M->599M(763M) 4.474ms
[688.796s][info][gc,cpu         ] GC(2360) User=0.00s Sys=0.00s Real=0.00s
[688.909s][info][gc,start       ] GC(2361) Pause Young (Allocation Failure)
[688.931s][info][gc,heap        ] GC(2361) PSYoungGen: 113856K(114176K)->28000K(219136K) Eden: 111616K(111616K)->0K(119296K) From: 2240K(2560K)->28000K(99840K)
[688.931s][info][gc,heap        ] GC(2361) ParOldGen: 611266K(667648K)->611266K(667648K)
[688.931s][info][gc,metaspace   ] GC(2361) Metaspace: 19091K(19264K)->19091K(19264K) NonClass: 16428K(16512K)->16428K(16512K) Class: 2663K(2752K)->2663K(2752K)
[688.931s][info][gc             ] GC(2361) Pause Young (Allocation Failure) 708M->624M(866M) 22.459ms
[688.931s][info][gc,cpu         ] GC(2361) User=0.04s Sys=0.01s Real=0.03s
[688.996s][info][gc,start       ] GC(2362) Pause Young (Allocation Failure)
[689.043s][info][gc,heap        ] GC(2362) PSYoungGen: 147296K(219136K)->67440K(219648K) Eden: 119296K(119296K)->0K(119296K) From: 28000K(99840K)->67440K(100352K)
[689.043s][info][gc,heap        ] GC(2362) ParOldGen: 611266K(667648K)->611266K(667648K)
[689.043s][info][gc,metaspace   ] GC(2362) Metaspace: 19091K(19264K)->19091K(19264K) NonClass: 16428K(16512K)->16428K(16512K) Class: 2663K(2752K)->2663K(2752K)
[689.043s][info][gc             ] GC(2362) Pause Young (Allocation Failure) 740M->662M(866M) 46.369ms
[689.043s][info][gc,cpu         ] GC(2362) User=0.09s Sys=0.00s Real=0.05s
[689.189s][info][gc,start       ] GC(2363) Pause Young (Allocation Failure)
[689.237s][info][gc,heap        ] GC(2363) PSYoungGen: 186736K(219648K)->79536K(219136K) Eden: 119296K(119296K)->0K(111616K) From: 67440K(100352K)->79536K(107520K)
[689.237s][info][gc,heap        ] GC(2363) ParOldGen: 611266K(667648K)->611266K(667648K)
[689.237s][info][gc,metaspace   ] GC(2363) Metaspace: 19091K(19264K)->19091K(19264K) NonClass: 16428K(16512K)->16428K(16512K) Class: 2663K(2752K)->2663K(2752K)
[689.237s][info][gc             ] GC(2363) Pause Young (Allocation Failure) 779M->674M(866M) 48.600ms
[689.237s][info][gc,cpu         ] GC(2363) User=0.10s Sys=0.00s Real=0.05s
[689.360s][info][gc,start       ] GC(2364) Pause Young (Allocation Failure)
[689.410s][info][gc,heap        ] GC(2364) PSYoungGen: 191152K(219136K)->77392K(222720K) Eden: 111616K(111616K)->0K(111616K) From: 79536K(107520K)->77392K(111104K)
[689.410s][info][gc,heap        ] GC(2364) ParOldGen: 611266K(667648K)->613466K(667648K)
[689.410s][info][gc,metaspace   ] GC(2364) Metaspace: 19091K(19264K)->19091K(19264K) NonClass: 16428K(16512K)->16428K(16512K) Class: 2663K(2752K)->2663K(2752K)
[689.410s][info][gc             ] GC(2364) Pause Young (Allocation Failure) 783M->674M(869M) 49.762ms
[689.410s][info][gc,cpu         ] GC(2364) User=0.10s Sys=0.00s Real=0.05s
[689.530s][info][gc,start       ] GC(2365) Pause Young (Allocation Failure)
[689.579s][info][gc,promotion   ] GC(2365) Promotion failed
[689.579s][info][gc,heap        ] GC(2365) PSYoungGen: 189008K(222720K)->189008K(222720K) Eden: 111616K(111616K)->111616K(111616K) From: 77392K(111104K)->77392K(111104K)
[689.579s][info][gc,heap        ] GC(2365) ParOldGen: 613466K(667648K)->667642K(667648K)
[689.579s][info][gc,metaspace   ] GC(2365) Metaspace: 19091K(19264K)->19091K(19264K) NonClass: 16428K(16512K)->16428K(16512K) Class: 2663K(2752K)->2663K(2752K)
[689.579s][info][gc             ] GC(2365) Pause Young (Allocation Failure) 783M->836M(869M) 49.117ms
[689.579s][info][gc,cpu         ] GC(2365) User=0.09s Sys=0.00s Real=0.05s
[689.579s][info][gc,start       ] GC(2366) Pause Full (Allocation Failure)
[689.579s][info][gc,phases,start] GC(2366) Marking Phase
[689.818s][info][gc,phases      ] GC(2366) Marking Phase 239.256ms
[689.818s][info][gc,phases,start] GC(2366) Summary Phase
[689.818s][info][gc,phases      ] GC(2366) Summary Phase 0.030ms
[689.818s][info][gc,phases,start] GC(2366) Forward
[689.928s][info][gc,phases      ] GC(2366) Forward 109.805ms
[689.928s][info][gc,phases,start] GC(2366) Adjust Pointers
[690.117s][info][gc,phases      ] GC(2366) Adjust Pointers 188.512ms
[690.117s][info][gc,phases,start] GC(2366) Compaction Phase
[690.224s][info][gc,phases      ] GC(2366) Compaction Phase 106.823ms
[690.230s][info][gc,phases,start] GC(2366) Post Compact
[690.233s][info][gc,phases      ] GC(2366) Post Compact 2.494ms
[690.233s][info][gc,heap        ] GC(2366) PSYoungGen: 189008K(222720K)->0K(222720K) Eden: 111616K(111616K)->0K(111616K) From: 77392K(111104K)->0K(111104K)
[690.233s][info][gc,heap        ] GC(2366) ParOldGen: 667642K(667648K)->375871K(667648K)
[690.233s][info][gc,metaspace   ] GC(2366) Metaspace: 19091K(19264K)->19091K(19264K) NonClass: 16428K(16512K)->16428K(16512K) Class: 2663K(2752K)->2663K(2752K)
[690.233s][info][gc             ] GC(2366) Pause Full (Allocation Failure) 836M->367M(869M) 654.161ms
[690.233s][info][gc,cpu         ] GC(2366) User=1.18s Sys=0.00s Real=0.66s
[690.353s][info][gc,start       ] GC(2367) Pause Young (Allocation Failure)
[690.355s][info][gc,heap        ] GC(2367) PSYoungGen: 111616K(222720K)->128K(222720K) Eden: 111616K(111616K)->0K(111616K) From: 0K(111104K)->128K(111104K)
[690.355s][info][gc,heap        ] GC(2367) ParOldGen: 375871K(667648K)->375871K(667648K)
[690.355s][info][gc,metaspace   ] GC(2367) Metaspace: 19091K(19264K)->19091K(19264K) NonClass: 16428K(16512K)->16428K(16512K) Class: 2663K(2752K)->2663K(2752K)
[690.355s][info][gc             ] GC(2367) Pause Young (Allocation Failure) 476M->367M(869M) 1.834ms
[690.355s][info][gc,cpu         ] GC(2367) User=0.00s Sys=0.00s Real=0.00s
[690.475s][info][gc,start       ] GC(2368) Pause Young (Allocation Failure)
[690.476s][info][gc,heap        ] GC(2368) PSYoungGen: 111744K(222720K)->224K(222720K) Eden: 111616K(111616K)->0K(111616K) From: 128K(111104K)->224K(111104K)
[690.477s][info][gc,heap        ] GC(2368) ParOldGen: 375871K(667648K)->375871K(667648K)
[690.477s][info][gc,metaspace   ] GC(2368) Metaspace: 19091K(19264K)->19091K(19264K) NonClass: 16428K(16512K)->16428K(16512K) Class: 2663K(2752K)->2663K(2752K)
[690.477s][info][gc             ] GC(2368) Pause Young (Allocation Failure) 476M->367M(869M) 1.867ms
[690.477s][info][gc,cpu         ] GC(2368) User=0.01s Sys=0.00s Real=0.00s
[690.596s][info][gc,start       ] GC(2369) Pause Young (Allocation Failure)
[690.598s][info][gc,heap        ] GC(2369) PSYoungGen: 111840K(222720K)->96K(222720K) Eden: 111616K(111616K)->0K(111616K) From: 224K(111104K)->96K(111104K)
[690.598s][info][gc,heap        ] GC(2369) ParOldGen: 375871K(667648K)->376071K(667648K)
[690.598s][info][gc,metaspace   ] GC(2369) Metaspace: 19091K(19264K)->19091K(19264K) NonClass: 16428K(16512K)->16428K(16512K) Class: 2663K(2752K)->2663K(2752K)
[690.598s][info][gc             ] GC(2369) Pause Young (Allocation Failure) 476M->367M(869M) 1.875ms
[690.598s][info][gc,cpu         ] GC(2369) User=0.01s Sys=0.00s Real=0.00s
[690.716s][info][gc,start       ] GC(2370) Pause Young (Allocation Failure)
[690.718s][info][gc,heap        ] GC(2370) PSYoungGen: 111712K(222720K)->128K(222720K) Eden: 111616K(111616K)->0K(111616K) From: 96K(111104K)->128K(111104K)
[690.718s][info][gc,heap        ] GC(2370) ParOldGen: 376071K(667648K)->376151K(667648K)
[690.718s][info][gc,metaspace   ] GC(2370) Metaspace: 19091K(19264K)->19091K(19264K) NonClass: 16428K(16512K)->16428K(16512K) Class: 2663K(2752K)->2663K(2752K)
[690.718s][info][gc             ] GC(2370) Pause Young (Allocation Failure) 476M->367M(869M) 1.815ms
[690.718s][info][gc,cpu         ] GC(2370) User=0.00s Sys=0.00s Real=0.00s
[690.835s][info][gc,start       ] GC(2371) Pause Young (Allocation Failure)
[690.836s][info][gc,heap        ] GC(2371) PSYoungGen: 111744K(222720K)->128K(112128K) Eden: 111616K(111616K)->0K(111616K) From: 128K(111104K)->128K(512K)
[690.836s][info][gc,heap        ] GC(2371) ParOldGen: 376151K(667648K)->376247K(667648K)
[690.836s][info][gc,metaspace   ] GC(2371) Metaspace: 19091K(19264K)->19091K(19264K) NonClass: 16428K(16512K)->16428K(16512K) Class: 2663K(2752K)->2663K(2752K)
[690.837s][info][gc             ] GC(2371) Pause Young (Allocation Failure) 476M->367M(761M) 1.894ms
[690.837s][info][gc,cpu         ] GC(2371) User=0.00s Sys=0.00s Real=0.00s
[690.953s][info][gc,start       ] GC(2372) Pause Young (Allocation Failure)
[690.955s][info][gc,heap        ] GC(2372) PSYoungGen: 111744K(112128K)->192K(220672K) Eden: 111616K(111616K)->0K(115712K) From: 128K(512K)->192K(104960K)
[690.955s][info][gc,heap        ] GC(2372) ParOldGen: 376247K(667648K)->376247K(667648K)
[690.955s][info][gc,metaspace   ] GC(2372) Metaspace: 19091K(19264K)->19091K(19264K) NonClass: 16428K(16512K)->16428K(16512K) Class: 2663K(2752K)->2663K(2752K)
[690.955s][info][gc             ] GC(2372) Pause Young (Allocation Failure) 476M->367M(867M) 1.787ms
[690.955s][info][gc,cpu         ] GC(2372) User=0.00s Sys=0.00s Real=0.00s
[691.097s][info][gc,start       ] GC(2373) Pause Young (Allocation Failure)
[691.101s][info][gc,heap        ] GC(2373) PSYoungGen: 115904K(220672K)->1152K(117248K) Eden: 115712K(115712K)->0K(115712K) From: 192K(104960K)->1152K(1536K)
[691.101s][info][gc,heap        ] GC(2373) ParOldGen: 376247K(667648K)->376247K(667648K)
[691.101s][info][gc,metaspace   ] GC(2373) Metaspace: 19091K(19264K)->19091K(19264K) NonClass: 16428K(16512K)->16428K(16512K) Class: 2663K(2752K)->2663K(2752K)
[691.101s][info][gc             ] GC(2373) Pause Young (Allocation Failure) 480M->368M(766M) 3.778ms
[691.101s][info][gc,cpu         ] GC(2373) User=0.01s Sys=0.00s Real=0.01s
[691.206s][info][gc,start       ] GC(2374) Pause Young (Allocation Failure)
[691.227s][info][gc,heap        ] GC(2374) PSYoungGen: 116864K(117248K)->7904K(211968K) Eden: 115712K(115712K)->0K(121344K) From: 1152K(1536K)->7904K(90624K)
[691.227s][info][gc,heap        ] GC(2374) ParOldGen: 376247K(667648K)->376247K(667648K)
[691.227s][info][gc,metaspace   ] GC(2374) Metaspace: 19091K(19264K)->19091K(19264K) NonClass: 16428K(16512K)->16428K(16512K) Class: 2663K(2752K)->2663K(2752K)
[691.227s][info][gc             ] GC(2374) Pause Young (Allocation Failure) 481M->375M(859M) 20.829ms
[691.227s][info][gc,cpu         ] GC(2374) User=0.04s Sys=0.00s Real=0.02s
[691.350s][info][gc,start       ] GC(2375) Pause Young (Allocation Failure)
[691.406s][info][gc,heap        ] GC(2375) PSYoungGen: 129248K(211968K)->41227K(216064K) Eden: 121344K(121344K)->0K(121344K) From: 7904K(90624K)->41227K(94720K)
[691.406s][info][gc,heap        ] GC(2375) ParOldGen: 376247K(667648K)->376247K(667648K)
[691.407s][info][gc,metaspace   ] GC(2375) Metaspace: 19091K(19264K)->19091K(19264K) NonClass: 16428K(16512K)->16428K(16512K) Class: 2663K(2752K)->2663K(2752K)
[691.407s][info][gc             ] GC(2375) Pause Young (Allocation Failure) 493M->407M(863M) 56.707ms
[691.407s][info][gc,cpu         ] GC(2375) User=0.12s Sys=0.00s Real=0.06s
[691.525s][info][gc,start       ] GC(2376) Pause Young (Allocation Failure)
[691.593s][info][gc,heap        ] GC(2376) PSYoungGen: 162571K(216064K)->54411K(221184K) Eden: 121344K(121344K)->0K(125440K) From: 41227K(94720K)->54411K(95744K)
[691.593s][info][gc,heap        ] GC(2376) ParOldGen: 376247K(667648K)->376247K(667648K)
[691.593s][info][gc,metaspace   ] GC(2376) Metaspace: 19091K(19264K)->19091K(19264K) NonClass: 16428K(16512K)->16428K(16512K) Class: 2663K(2752K)->2663K(2752K)
[691.593s][info][gc             ] GC(2376) Pause Young (Allocation Failure) 526M->420M(868M) 67.896ms
[691.593s][info][gc,cpu         ] GC(2376) User=0.14s Sys=0.00s Real=0.07s
[691.685s][info][gc,start       ] GC(2377) Pause Young (Allocation Failure)
[691.753s][info][gc,heap        ] GC(2377) PSYoungGen: 179851K(221184K)->55851K(225792K) Eden: 125440K(125440K)->0K(125440K) From: 54411K(95744K)->55851K(100352K)
[691.753s][info][gc,heap        ] GC(2377) ParOldGen: 376247K(667648K)->376247K(667648K)
[691.753s][info][gc,metaspace   ] GC(2377) Metaspace: 19091K(19264K)->19091K(19264K) NonClass: 16428K(16512K)->16428K(16512K) Class: 2663K(2752K)->2663K(2752K)
[691.753s][info][gc             ] GC(2377) Pause Young (Allocation Failure) 543M->421M(872M) 67.685ms
[691.753s][info][gc,cpu         ] GC(2377) User=0.13s Sys=0.00s Real=0.07s
[691.870s][info][gc,start       ] GC(2378) Pause Young (Allocation Failure)
[691.941s][info][gc,heap        ] GC(2378) PSYoungGen: 181291K(225792K)->55851K(223232K) Eden: 125440K(125440K)->0K(118784K) From: 55851K(100352K)->55851K(104448K)
[691.941s][info][gc,heap        ] GC(2378) ParOldGen: 376247K(667648K)->376343K(667648K)
[691.941s][info][gc,metaspace   ] GC(2378) Metaspace: 19091K(19264K)->19091K(19264K) NonClass: 16428K(16512K)->16428K(16512K) Class: 2663K(2752K)->2663K(2752K)
[691.941s][info][gc             ] GC(2378) Pause Young (Allocation Failure) 544M->422M(870M) 70.674ms
[691.941s][info][gc,cpu         ] GC(2378) User=0.13s Sys=0.00s Real=0.07s
[692.055s][info][gc,start       ] GC(2379) Pause Young (Allocation Failure)
[692.127s][info][gc,heap        ] GC(2379) PSYoungGen: 174635K(223232K)->59211K(178176K) Eden: 118784K(118784K)->0K(118784K) From: 55851K(104448K)->59211K(59392K)
[692.127s][info][gc,heap        ] GC(2379) ParOldGen: 376343K(667648K)->376415K(667648K)
[692.127s][info][gc,metaspace   ] GC(2379) Metaspace: 19091K(19264K)->19091K(19264K) NonClass: 16428K(16512K)->16428K(16512K) Class: 2663K(2752K)->2663K(2752K)
[692.127s][info][gc             ] GC(2379) Pause Young (Allocation Failure) 538M->425M(826M) 71.369ms
[692.127s][info][gc,cpu         ] GC(2379) User=0.14s Sys=0.01s Real=0.07s
[692.232s][info][gc,start       ] GC(2380) Pause Young (Allocation Failure)
[692.303s][info][gc,heap        ] GC(2380) PSYoungGen: 177995K(178176K)->51691K(224256K) Eden: 118784K(118784K)->0K(113664K) From: 59211K(59392K)->51691K(110592K)
[692.303s][info][gc,heap        ] GC(2380) ParOldGen: 376415K(667648K)->384167K(667648K)
[692.303s][info][gc,metaspace   ] GC(2380) Metaspace: 19091K(19264K)->19091K(19264K) NonClass: 16428K(16512K)->16428K(16512K) Class: 2663K(2752K)->2663K(2752K)
[692.303s][info][gc             ] GC(2380) Pause Young (Allocation Failure) 541M->425M(871M) 71.373ms
[692.303s][info][gc,cpu         ] GC(2380) User=0.14s Sys=0.00s Real=0.07s
[692.435s][info][gc,start       ] GC(2381) Pause Young (Allocation Failure)
[692.509s][info][gc,heap        ] GC(2381) PSYoungGen: 165355K(224256K)->19808K(133632K) Eden: 113664K(113664K)->0K(113664K) From: 51691K(110592K)->19808K(19968K)
[692.509s][info][gc,heap        ] GC(2381) ParOldGen: 384167K(667648K)->430767K(667648K)
[692.509s][info][gc,metaspace   ] GC(2381) Metaspace: 19091K(19264K)->19091K(19264K) NonClass: 16428K(16512K)->16428K(16512K) Class: 2663K(2752K)->2663K(2752K)
[692.509s][info][gc             ] GC(2381) Pause Young (Allocation Failure) 536M->440M(782M) 73.445ms
[692.509s][info][gc,cpu         ] GC(2381) User=0.15s Sys=0.00s Real=0.07s
[692.632s][info][gc,start       ] GC(2382) Pause Young (Allocation Failure)
[692.662s][info][gc,heap        ] GC(2382) PSYoungGen: 133472K(133632K)->26960K(224768K) Eden: 113664K(113664K)->0K(119808K) From: 19808K(19968K)->26960K(104960K)
[692.662s][info][gc,heap        ] GC(2382) ParOldGen: 430767K(667648K)->432319K(667648K)
[692.662s][info][gc,metaspace   ] GC(2382) Metaspace: 19091K(19264K)->19091K(19264K) NonClass: 16428K(16512K)->16428K(16512K) Class: 2663K(2752K)->2663K(2752K)
[692.662s][info][gc             ] GC(2382) Pause Young (Allocation Failure) 551M->448M(871M) 30.714ms
[692.663s][info][gc,cpu         ] GC(2382) User=0.06s Sys=0.00s Real=0.03s
[692.913s][info][gc,start       ] GC(2383) Pause Young (Allocation Failure)
[692.940s][info][gc,heap        ] GC(2383) PSYoungGen: 146768K(224768K)->23360K(218624K) Eden: 119808K(119808K)->0K(119808K) From: 26960K(104960K)->23360K(98816K)
[692.940s][info][gc,heap        ] GC(2383) ParOldGen: 432319K(667648K)->435967K(667648K)
[692.940s][info][gc,metaspace   ] GC(2383) Metaspace: 19091K(19264K)->19091K(19264K) NonClass: 16428K(16512K)->16428K(16512K) Class: 2663K(2752K)->2663K(2752K)
[692.940s][info][gc             ] GC(2383) Pause Young (Allocation Failure) 565M->448M(865M) 27.736ms
[692.940s][info][gc,cpu         ] GC(2383) User=0.05s Sys=0.00s Real=0.02s
[693.143s][info][gc,start       ] GC(2384) Pause Young (Allocation Failure)
[693.167s][info][gc,heap        ] GC(2384) PSYoungGen: 143168K(218624K)->8768K(220672K) Eden: 119808K(119808K)->0K(130560K) From: 23360K(98816K)->8768K(90112K)
[693.167s][info][gc,heap        ] GC(2384) ParOldGen: 435967K(667648K)->450615K(667648K)
[693.167s][info][gc,metaspace   ] GC(2384) Metaspace: 19091K(19264K)->19091K(19264K) NonClass: 16428K(16512K)->16428K(16512K) Class: 2663K(2752K)->2663K(2752K)
[693.167s][info][gc             ] GC(2384) Pause Young (Allocation Failure) 565M->448M(867M) 24.179ms
[693.167s][info][gc,cpu         ] GC(2384) User=0.04s Sys=0.00s Real=0.02s
[693.359s][info][gc,start       ] GC(2385) Pause Young (Allocation Failure)
[693.389s][info][gc,heap        ] GC(2385) PSYoungGen: 139328K(220672K)->23008K(222208K) Eden: 130560K(130560K)->0K(130560K) From: 8768K(90112K)->23008K(91648K)
[693.389s][info][gc,heap        ] GC(2385) ParOldGen: 450615K(667648K)->450615K(667648K)
[693.389s][info][gc,metaspace   ] GC(2385) Metaspace: 19091K(19264K)->19091K(19264K) NonClass: 16428K(16512K)->16428K(16512K) Class: 2663K(2752K)->2663K(2752K)
[693.389s][info][gc             ] GC(2385) Pause Young (Allocation Failure) 576M->462M(869M) 29.690ms
[693.389s][info][gc,cpu         ] GC(2385) User=0.05s Sys=0.00s Real=0.03s
[693.562s][info][gc,start       ] GC(2386) Pause Young (Allocation Failure)
[693.608s][info][gc,heap        ] GC(2386) PSYoungGen: 153568K(222208K)->44672K(228352K) Eden: 130560K(130560K)->0K(141824K) From: 23008K(91648K)->44672K(86528K)
[693.609s][info][gc,heap        ] GC(2386) ParOldGen: 450615K(667648K)->450615K(667648K)
[693.609s][info][gc,metaspace   ] GC(2386) Metaspace: 19091K(19264K)->19091K(19264K) NonClass: 16428K(16512K)->16428K(16512K) Class: 2663K(2752K)->2663K(2752K)
[693.609s][info][gc             ] GC(2386) Pause Young (Allocation Failure) 590M->483M(875M) 46.149ms
[693.609s][info][gc,cpu         ] GC(2386) User=0.09s Sys=0.00s Real=0.04s
[693.723s][info][gc,start       ] GC(2387) Pause Young (Allocation Failure)
[693.776s][info][gc,heap        ] GC(2387) PSYoungGen: 186496K(228352K)->50432K(228352K) Eden: 141824K(141824K)->0K(141824K) From: 44672K(86528K)->50432K(86528K)
[693.776s][info][gc,heap        ] GC(2387) ParOldGen: 450615K(667648K)->450615K(667648K)
[693.776s][info][gc,metaspace   ] GC(2387) Metaspace: 19091K(19264K)->19091K(19264K) NonClass: 16428K(16512K)->16428K(16512K) Class: 2663K(2752K)->2663K(2752K)
[693.776s][info][gc             ] GC(2387) Pause Young (Allocation Failure) 622M->489M(875M) 52.822ms
[693.776s][info][gc,cpu         ] GC(2387) User=0.10s Sys=0.00s Real=0.05s
[693.935s][info][gc,start       ] GC(2388) Pause Young (Allocation Failure)
[693.988s][info][gc,heap        ] GC(2388) PSYoungGen: 192256K(228352K)->52256K(242176K) Eden: 141824K(141824K)->0K(153600K) From: 50432K(86528K)->52256K(88576K)
[693.988s][info][gc,heap        ] GC(2388) ParOldGen: 450615K(667648K)->450615K(667648K)
[693.988s][info][gc,metaspace   ] GC(2388) Metaspace: 19091K(19264K)->19091K(19264K) NonClass: 16428K(16512K)->16428K(16512K) Class: 2663K(2752K)->2663K(2752K)
[693.988s][info][gc             ] GC(2388) Pause Young (Allocation Failure) 627M->491M(888M) 53.147ms
[693.988s][info][gc,cpu         ] GC(2388) User=0.10s Sys=0.00s Real=0.05s
[694.157s][info][gc,start       ] GC(2389) Pause Young (Allocation Failure)
[694.213s][info][gc,heap        ] GC(2389) PSYoungGen: 205856K(242176K)->56544K(210432K) Eden: 153600K(153600K)->0K(153600K) From: 52256K(88576K)->56544K(56832K)
[694.213s][info][gc,heap        ] GC(2389) ParOldGen: 450615K(667648K)->450615K(667648K)
[694.213s][info][gc,metaspace   ] GC(2389) Metaspace: 19091K(19264K)->19091K(19264K) NonClass: 16428K(16512K)->16428K(16512K) Class: 2663K(2752K)->2663K(2752K)
[694.213s][info][gc             ] GC(2389) Pause Young (Allocation Failure) 641M->495M(857M) 56.935ms
[694.213s][info][gc,cpu         ] GC(2389) User=0.11s Sys=0.00s Real=0.06s
[694.342s][info][gc,start       ] GC(2390) Pause Young (Allocation Failure)
[694.398s][info][gc,heap        ] GC(2390) PSYoungGen: 210144K(210432K)->56544K(237056K) Eden: 153600K(153600K)->0K(144384K) From: 56544K(56832K)->56544K(92672K)
[694.399s][info][gc,heap        ] GC(2390) ParOldGen: 450615K(667648K)->450615K(667648K)
[694.399s][info][gc,metaspace   ] GC(2390) Metaspace: 19091K(19264K)->19091K(19264K) NonClass: 16428K(16512K)->16428K(16512K) Class: 2663K(2752K)->2663K(2752K)
[694.399s][info][gc             ] GC(2390) Pause Young (Allocation Failure) 645M->495M(883M) 56.662ms
[694.399s][info][gc,cpu         ] GC(2390) User=0.11s Sys=0.00s Real=0.05s
[694.575s][info][gc,start       ] GC(2391) Pause Young (Allocation Failure)
[694.644s][info][gc,heap        ] GC(2391) PSYoungGen: 200928K(237056K)->63168K(207872K) Eden: 144384K(144384K)->0K(144384K) From: 56544K(92672K)->63168K(63488K)
[694.644s][info][gc,heap        ] GC(2391) ParOldGen: 450615K(667648K)->459343K(667648K)
[694.644s][info][gc,metaspace   ] GC(2391) Metaspace: 19091K(19264K)->19091K(19264K) NonClass: 16428K(16512K)->16428K(16512K) Class: 2663K(2752K)->2663K(2752K)
[694.644s][info][gc             ] GC(2391) Pause Young (Allocation Failure) 636M->510M(855M) 68.855ms
[694.644s][info][gc,cpu         ] GC(2391) User=0.13s Sys=0.00s Real=0.07s
[695.055s][info][gc,start       ] GC(2392) Pause Young (Allocation Failure)
[695.117s][info][gc,heap        ] GC(2392) PSYoungGen: 207552K(207872K)->63200K(230912K) Eden: 144384K(144384K)->0K(133120K) From: 63168K(63488K)->63200K(97792K)
[695.117s][info][gc,heap        ] GC(2392) ParOldGen: 459343K(667648K)->459367K(667648K)
[695.117s][info][gc,metaspace   ] GC(2392) Metaspace: 19091K(19264K)->19091K(19264K) NonClass: 16428K(16512K)->16428K(16512K) Class: 2663K(2752K)->2663K(2752K)
[695.117s][info][gc             ] GC(2392) Pause Young (Allocation Failure) 651M->510M(877M) 62.041ms
[695.117s][info][gc,cpu         ] GC(2392) User=0.12s Sys=0.00s Real=0.06s
[695.415s][info][gc,start       ] GC(2393) Pause Young (Allocation Failure)
[695.475s][info][gc,heap        ] GC(2393) PSYoungGen: 196320K(230912K)->63392K(196608K) Eden: 133120K(133120K)->0K(133120K) From: 63200K(97792K)->63392K(63488K)
[695.475s][info][gc,heap        ] GC(2393) ParOldGen: 459367K(667648K)->459367K(667648K)
[695.475s][info][gc,metaspace   ] GC(2393) Metaspace: 19091K(19264K)->19091K(19264K) NonClass: 16428K(16512K)->16428K(16512K) Class: 2663K(2752K)->2663K(2752K)
[695.475s][info][gc             ] GC(2393) Pause Young (Allocation Failure) 640M->510M(844M) 60.292ms
[695.475s][info][gc,cpu         ] GC(2393) User=0.12s Sys=0.00s Real=0.06s
[695.817s][info][gc,start       ] GC(2394) Pause Young (Allocation Failure)
[695.878s][info][gc,heap        ] GC(2394) PSYoungGen: 196512K(196608K)->63504K(229376K) Eden: 133120K(133120K)->0K(126976K) From: 63392K(63488K)->63504K(102400K)
[695.878s][info][gc,heap        ] GC(2394) ParOldGen: 459367K(667648K)->459367K(667648K)
[695.878s][info][gc,metaspace   ] GC(2394) Metaspace: 19091K(19264K)->19091K(19264K) NonClass: 16428K(16512K)->16428K(16512K) Class: 2663K(2752K)->2663K(2752K)
[695.878s][info][gc             ] GC(2394) Pause Young (Allocation Failure) 640M->510M(876M) 60.810ms
[695.878s][info][gc,cpu         ] GC(2394) User=0.12s Sys=0.00s Real=0.06s
[696.111s][info][gc,start       ] GC(2395) Pause Young (Allocation Failure)
[696.180s][info][gc,heap        ] GC(2395) PSYoungGen: 190480K(229376K)->70576K(197632K) Eden: 126976K(126976K)->0K(126976K) From: 63504K(102400K)->70576K(70656K)
[696.181s][info][gc,heap        ] GC(2395) ParOldGen: 459367K(667648K)->459367K(667648K)
[696.181s][info][gc,metaspace   ] GC(2395) Metaspace: 19091K(19264K)->19091K(19264K) NonClass: 16428K(16512K)->16428K(16512K) Class: 2663K(2752K)->2663K(2752K)
[696.181s][info][gc             ] GC(2395) Pause Young (Allocation Failure) 634M->517M(845M) 70.048ms
[696.181s][info][gc,cpu         ] GC(2395) User=0.13s Sys=0.00s Real=0.07s
[696.264s][info][gc,start       ] GC(2396) Pause Young (Allocation Failure)
[696.397s][info][gc,heap        ] GC(2396) PSYoungGen: 197552K(197632K)->106464K(218112K) Eden: 126976K(126976K)->0K(111616K) From: 70576K(70656K)->106464K(106496K)
[696.397s][info][gc,heap        ] GC(2396) ParOldGen: 459367K(667648K)->472183K(667648K)
[696.397s][info][gc,metaspace   ] GC(2396) Metaspace: 19091K(19264K)->19091K(19264K) NonClass: 16428K(16512K)->16428K(16512K) Class: 2663K(2752K)->2663K(2752K)
[696.397s][info][gc             ] GC(2396) Pause Young (Allocation Failure) 641M->565M(865M) 133.791ms
[696.397s][info][gc,cpu         ] GC(2396) User=0.24s Sys=0.02s Real=0.13s
[696.463s][info][gc,start       ] GC(2397) Pause Young (Allocation Failure)
[696.596s][info][gc,heap        ] GC(2397) PSYoungGen: 218080K(218112K)->111088K(222720K) Eden: 111616K(111616K)->0K(111616K) From: 106464K(106496K)->111088K(111104K)
[696.596s][info][gc,heap        ] GC(2397) ParOldGen: 472183K(667648K)->511007K(667648K)
[696.596s][info][gc,metaspace   ] GC(2397) Metaspace: 19091K(19264K)->19091K(19264K) NonClass: 16428K(16512K)->16428K(16512K) Class: 2663K(2752K)->2663K(2752K)
[696.596s][info][gc             ] GC(2397) Pause Young (Allocation Failure) 674M->607M(869M) 133.358ms
[696.596s][info][gc,cpu         ] GC(2397) User=0.27s Sys=0.00s Real=0.13s
[696.724s][info][gc,start       ] GC(2398) Pause Young (Allocation Failure)
[696.854s][info][gc,heap        ] GC(2398) PSYoungGen: 222704K(222720K)->111072K(222720K) Eden: 111616K(111616K)->0K(111616K) From: 111088K(111104K)->111072K(111104K)
[696.854s][info][gc,heap        ] GC(2398) ParOldGen: 511007K(667648K)->546279K(667648K)
[696.854s][info][gc,metaspace   ] GC(2398) Metaspace: 19091K(19264K)->19091K(19264K) NonClass: 16428K(16512K)->16428K(16512K) Class: 2663K(2752K)->2663K(2752K)
[696.854s][info][gc             ] GC(2398) Pause Young (Allocation Failure) 716M->641M(869M) 130.853ms
[696.854s][info][gc,cpu         ] GC(2398) User=0.26s Sys=0.00s Real=0.13s
[697.059s][info][gc,start       ] GC(2399) Pause Young (Allocation Failure)
[697.171s][info][gc,heap        ] GC(2399) PSYoungGen: 222688K(222720K)->111088K(222720K) Eden: 111616K(111616K)->0K(111616K) From: 111072K(111104K)->111088K(111104K)
[697.172s][info][gc,heap        ] GC(2399) ParOldGen: 546279K(667648K)->574854K(667648K)
[697.172s][info][gc,metaspace   ] GC(2399) Metaspace: 19091K(19264K)->19091K(19264K) NonClass: 16428K(16512K)->16428K(16512K) Class: 2663K(2752K)->2663K(2752K)
[697.172s][info][gc             ] GC(2399) Pause Young (Allocation Failure) 750M->669M(869M) 112.545ms
[697.172s][info][gc,cpu         ] GC(2399) User=0.23s Sys=0.00s Real=0.12s
[697.314s][info][gc,start       ] GC(2400) Pause Young (Allocation Failure)
[697.437s][info][gc,heap        ] GC(2400) PSYoungGen: 222704K(222720K)->111104K(222720K) Eden: 111616K(111616K)->0K(111616K) From: 111088K(111104K)->111104K(111104K)
[697.437s][info][gc,heap        ] GC(2400) ParOldGen: 574854K(667648K)->613318K(667648K)
[697.437s][info][gc,metaspace   ] GC(2400) Metaspace: 19091K(19264K)->19091K(19264K) NonClass: 16428K(16512K)->16428K(16512K) Class: 2663K(2752K)->2663K(2752K)
[697.437s][info][gc             ] GC(2400) Pause Young (Allocation Failure) 778M->707M(869M) 122.649ms
[697.437s][info][gc,cpu         ] GC(2400) User=0.24s Sys=0.00s Real=0.12s
[697.530s][info][gc,start       ] GC(2401) Pause Full (Allocation Failure)
[697.530s][info][gc,phases,start] GC(2401) Marking Phase
[697.931s][info][gc,phases      ] GC(2401) Marking Phase 401.121ms
[697.932s][info][gc,phases,start] GC(2401) Summary Phase
[697.932s][info][gc,phases      ] GC(2401) Summary Phase 0.029ms
[697.932s][info][gc,phases,start] GC(2401) Forward
[698.074s][info][gc,phases      ] GC(2401) Forward 142.636ms
[698.074s][info][gc,phases,start] GC(2401) Adjust Pointers
[698.353s][info][gc,phases      ] GC(2401) Adjust Pointers 279.002ms
[698.353s][info][gc,phases,start] GC(2401) Compaction Phase
[698.537s][info][gc,phases      ] GC(2401) Compaction Phase 184.018ms
[698.545s][info][gc,phases,start] GC(2401) Post Compact
[698.548s][info][gc,phases      ] GC(2401) Post Compact 2.484ms
[698.548s][info][gc,heap        ] GC(2401) PSYoungGen: 222720K(222720K)->0K(222720K) Eden: 111616K(111616K)->0K(111616K) From: 111104K(111104K)->0K(111104K)
[698.548s][info][gc,heap        ] GC(2401) ParOldGen: 613318K(667648K)->574835K(667648K)
[698.548s][info][gc,metaspace   ] GC(2401) Metaspace: 19091K(19264K)->19091K(19264K) NonClass: 16428K(16512K)->16428K(16512K) Class: 2663K(2752K)->2663K(2752K)
[698.548s][info][gc             ] GC(2401) Pause Full (Allocation Failure) 816M->561M(869M) 1017.704ms
[698.548s][info][gc,cpu         ] GC(2401) User=1.92s Sys=0.00s Real=1.02s
[698.653s][info][gc,start       ] GC(2402) Pause Young (Allocation Failure)
[698.688s][info][gc,heap        ] GC(2402) PSYoungGen: 111616K(222720K)->11968K(222720K) Eden: 111616K(111616K)->0K(111616K) From: 0K(111104K)->11968K(111104K)
[698.688s][info][gc,heap        ] GC(2402) ParOldGen: 574835K(667648K)->574835K(667648K)
[698.688s][info][gc,metaspace   ] GC(2402) Metaspace: 19091K(19264K)->19091K(19264K) NonClass: 16428K(16512K)->16428K(16512K) Class: 2663K(2752K)->2663K(2752K)
[698.688s][info][gc             ] GC(2402) Pause Young (Allocation Failure) 670M->573M(869M) 35.077ms
[698.688s][info][gc,cpu         ] GC(2402) User=0.07s Sys=0.00s Real=0.03s
[698.844s][info][gc,start       ] GC(2403) Pause Young (Allocation Failure)
[698.910s][info][gc,heap        ] GC(2403) PSYoungGen: 123584K(222720K)->39203K(222720K) Eden: 111616K(111616K)->0K(111616K) From: 11968K(111104K)->39203K(111104K)
[698.910s][info][gc,heap        ] GC(2403) ParOldGen: 574835K(667648K)->574835K(667648K)
[698.910s][info][gc,metaspace   ] GC(2403) Metaspace: 19091K(19264K)->19091K(19264K) NonClass: 16428K(16512K)->16428K(16512K) Class: 2663K(2752K)->2663K(2752K)
[698.910s][info][gc             ] GC(2403) Pause Young (Allocation Failure) 682M->599M(869M) 65.764ms
[698.910s][info][gc,cpu         ] GC(2403) User=0.13s Sys=0.00s Real=0.06s
[699.068s][info][gc,start       ] GC(2404) Pause Young (Allocation Failure)
[699.133s][info][gc,heap        ] GC(2404) PSYoungGen: 150819K(222720K)->39235K(222720K) Eden: 111616K(111616K)->0K(111616K) From: 39203K(111104K)->39235K(111104K)
[699.133s][info][gc,heap        ] GC(2404) ParOldGen: 574835K(667648K)->574835K(667648K)
[699.133s][info][gc,metaspace   ] GC(2404) Metaspace: 19091K(19264K)->19091K(19264K) NonClass: 16428K(16512K)->16428K(16512K) Class: 2663K(2752K)->2663K(2752K)
[699.133s][info][gc             ] GC(2404) Pause Young (Allocation Failure) 708M->599M(869M) 64.885ms
[699.133s][info][gc,cpu         ] GC(2404) User=0.13s Sys=0.00s Real=0.07s
[699.289s][info][gc,start       ] GC(2405) Pause Young (Allocation Failure)
[699.354s][info][gc,heap        ] GC(2405) PSYoungGen: 150851K(222720K)->39254K(222720K) Eden: 111616K(111616K)->0K(111616K) From: 39235K(111104K)->39254K(111104K)
[699.354s][info][gc,heap        ] GC(2405) ParOldGen: 574835K(667648K)->574835K(667648K)
[699.354s][info][gc,metaspace   ] GC(2405) Metaspace: 19091K(19264K)->19091K(19264K) NonClass: 16428K(16512K)->16428K(16512K) Class: 2663K(2752K)->2663K(2752K)
[699.354s][info][gc             ] GC(2405) Pause Young (Allocation Failure) 708M->599M(869M) 64.513ms
[699.354s][info][gc,cpu         ] GC(2405) User=0.13s Sys=0.00s Real=0.07s
[699.514s][info][gc,start       ] GC(2406) Pause Young (Allocation Failure)
[699.579s][info][gc,heap        ] GC(2406) PSYoungGen: 150870K(222720K)->27331K(222720K) Eden: 111616K(111616K)->0K(111616K) From: 39254K(111104K)->27331K(111104K)
[699.579s][info][gc,heap        ] GC(2406) ParOldGen: 574835K(667648K)->586771K(667648K)
[699.579s][info][gc,metaspace   ] GC(2406) Metaspace: 19091K(19264K)->19091K(19264K) NonClass: 16428K(16512K)->16428K(16512K) Class: 2663K(2752K)->2663K(2752K)
[699.579s][info][gc             ] GC(2406) Pause Young (Allocation Failure) 708M->599M(869M) 64.962ms
[699.579s][info][gc,cpu         ] GC(2406) User=0.13s Sys=0.00s Real=0.06s
[699.734s][info][gc,start       ] GC(2407) Pause Young (Allocation Failure)
[699.778s][info][gc,heap        ] GC(2407) PSYoungGen: 138947K(222720K)->64K(222720K) Eden: 111616K(111616K)->0K(111616K) From: 27331K(111104K)->64K(111104K)
[699.778s][info][gc,heap        ] GC(2407) ParOldGen: 586771K(667648K)->614119K(667648K)
[699.778s][info][gc,metaspace   ] GC(2407) Metaspace: 19091K(19264K)->19091K(19264K) NonClass: 16428K(16512K)->16428K(16512K) Class: 2663K(2752K)->2663K(2752K)
[699.778s][info][gc             ] GC(2407) Pause Young (Allocation Failure) 708M->599M(869M) 43.439ms
[699.778s][info][gc,cpu         ] GC(2407) User=0.08s Sys=0.00s Real=0.04s
[699.932s][info][gc,start       ] GC(2408) Pause Young (Allocation Failure)
[699.934s][info][gc,heap        ] GC(2408) PSYoungGen: 111680K(222720K)->64K(222720K) Eden: 111616K(111616K)->0K(111616K) From: 64K(111104K)->64K(111104K)
[699.934s][info][gc,heap        ] GC(2408) ParOldGen: 614119K(667648K)->614119K(667648K)
[699.934s][info][gc,metaspace   ] GC(2408) Metaspace: 19091K(19264K)->19091K(19264K) NonClass: 16428K(16512K)->16428K(16512K) Class: 2663K(2752K)->2663K(2752K)
[699.934s][info][gc             ] GC(2408) Pause Young (Allocation Failure) 708M->599M(869M) 1.944ms
[699.934s][info][gc,cpu         ] GC(2408) User=0.00s Sys=0.00s Real=0.00s
[700.088s][info][gc,start       ] GC(2409) Pause Young (Allocation Failure)
[700.090s][info][gc,heap        ] GC(2409) PSYoungGen: 111680K(222720K)->64K(222720K) Eden: 111616K(111616K)->0K(111616K) From: 64K(111104K)->64K(111104K)
[700.090s][info][gc,heap        ] GC(2409) ParOldGen: 614119K(667648K)->614119K(667648K)
[700.090s][info][gc,metaspace   ] GC(2409) Metaspace: 19091K(19264K)->19091K(19264K) NonClass: 16428K(16512K)->16428K(16512K) Class: 2663K(2752K)->2663K(2752K)
[700.090s][info][gc             ] GC(2409) Pause Young (Allocation Failure) 708M->599M(869M) 1.928ms
[700.090s][info][gc,cpu         ] GC(2409) User=0.00s Sys=0.00s Real=0.00s
[700.242s][info][gc,start       ] GC(2410) Pause Young (Allocation Failure)
[700.244s][info][gc,heap        ] GC(2410) PSYoungGen: 111680K(222720K)->64K(222720K) Eden: 111616K(111616K)->0K(111616K) From: 64K(111104K)->64K(111104K)
[700.244s][info][gc,heap        ] GC(2410) ParOldGen: 614119K(667648K)->614119K(667648K)
[700.244s][info][gc,metaspace   ] GC(2410) Metaspace: 19091K(19264K)->19091K(19264K) NonClass: 16428K(16512K)->16428K(16512K) Class: 2663K(2752K)->2663K(2752K)
[700.244s][info][gc             ] GC(2410) Pause Young (Allocation Failure) 708M->599M(869M) 1.981ms
[700.244s][info][gc,cpu         ] GC(2410) User=0.01s Sys=0.00s Real=0.00s
[700.393s][info][gc,start       ] GC(2411) Pause Young (Allocation Failure)
[700.395s][info][gc,heap        ] GC(2411) PSYoungGen: 111680K(222720K)->64K(222720K) Eden: 111616K(111616K)->0K(111616K) From: 64K(111104K)->64K(111104K)
[700.395s][info][gc,heap        ] GC(2411) ParOldGen: 614119K(667648K)->614119K(667648K)
[700.395s][info][gc,metaspace   ] GC(2411) Metaspace: 19091K(19264K)->19091K(19264K) NonClass: 16428K(16512K)->16428K(16512K) Class: 2663K(2752K)->2663K(2752K)
[700.395s][info][gc             ] GC(2411) Pause Young (Allocation Failure) 708M->599M(869M) 1.957ms
[700.395s][info][gc,cpu         ] GC(2411) User=0.01s Sys=0.00s Real=0.00s
[700.529s][info][gc,start       ] GC(2412) Pause Young (Allocation Failure)
[700.541s][info][gc,heap        ] GC(2412) PSYoungGen: 111680K(222720K)->8256K(222720K) Eden: 111616K(111616K)->0K(111616K) From: 64K(111104K)->8256K(111104K)
[700.541s][info][gc,heap        ] GC(2412) ParOldGen: 614119K(667648K)->614119K(667648K)
[700.541s][info][gc,metaspace   ] GC(2412) Metaspace: 19091K(19264K)->19091K(19264K) NonClass: 16428K(16512K)->16428K(16512K) Class: 2663K(2752K)->2663K(2752K)
[700.541s][info][gc             ] GC(2412) Pause Young (Allocation Failure) 708M->607M(869M) 11.195ms
[700.541s][info][gc,cpu         ] GC(2412) User=0.03s Sys=0.00s Real=0.02s
[700.648s][info][gc,start       ] GC(2413) Pause Young (Allocation Failure)
[700.673s][info][gc,heap        ] GC(2413) PSYoungGen: 119872K(222720K)->15616K(222720K) Eden: 111616K(111616K)->0K(111616K) From: 8256K(111104K)->15616K(111104K)
[700.673s][info][gc,heap        ] GC(2413) ParOldGen: 614119K(667648K)->622351K(667648K)
[700.673s][info][gc,metaspace   ] GC(2413) Metaspace: 19091K(19264K)->19091K(19264K) NonClass: 16428K(16512K)->16428K(16512K) Class: 2663K(2752K)->2663K(2752K)
[700.673s][info][gc             ] GC(2413) Pause Young (Allocation Failure) 716M->623M(869M) 25.574ms
[700.673s][info][gc,cpu         ] GC(2413) User=0.05s Sys=0.00s Real=0.03s
[700.763s][info][gc,start       ] GC(2414) Pause Young (Allocation Failure)
[700.787s][info][gc,heap        ] GC(2414) PSYoungGen: 127232K(222720K)->6976K(222720K) Eden: 111616K(111616K)->0K(111616K) From: 15616K(111104K)->6976K(111104K)
[700.787s][info][gc,heap        ] GC(2414) ParOldGen: 622351K(667648K)->637967K(667648K)
[700.787s][info][gc,metaspace   ] GC(2414) Metaspace: 19091K(19264K)->19091K(19264K) NonClass: 16428K(16512K)->16428K(16512K) Class: 2663K(2752K)->2663K(2752K)
[700.787s][info][gc             ] GC(2414) Pause Young (Allocation Failure) 732M->629M(869M) 24.191ms
[700.787s][info][gc,cpu         ] GC(2414) User=0.04s Sys=0.00s Real=0.02s
[700.890s][info][gc,start       ] GC(2415) Pause Full (Allocation Failure)
[700.890s][info][gc,phases,start] GC(2415) Marking Phase
[701.216s][info][gc,phases      ] GC(2415) Marking Phase 325.306ms
[701.216s][info][gc,phases,start] GC(2415) Summary Phase
[701.216s][info][gc,phases      ] GC(2415) Summary Phase 0.026ms
[701.216s][info][gc,phases,start] GC(2415) Forward
[701.342s][info][gc,phases      ] GC(2415) Forward 126.046ms
[701.342s][info][gc,phases,start] GC(2415) Adjust Pointers
[701.612s][info][gc,phases      ] GC(2415) Adjust Pointers 270.589ms
[701.613s][info][gc,phases,start] GC(2415) Compaction Phase
[701.768s][info][gc,phases      ] GC(2415) Compaction Phase 155.359ms
[701.781s][info][gc,phases,start] GC(2415) Post Compact
[701.784s][info][gc,phases      ] GC(2415) Post Compact 2.242ms
[701.784s][info][gc,heap        ] GC(2415) PSYoungGen: 118592K(222720K)->0K(222720K) Eden: 111616K(111616K)->0K(111616K) From: 6976K(111104K)->0K(111104K)
[701.784s][info][gc,heap        ] GC(2415) ParOldGen: 637967K(667648K)->490475K(667648K)
[701.784s][info][gc,metaspace   ] GC(2415) Metaspace: 19091K(19264K)->19091K(19264K) NonClass: 16428K(16512K)->16428K(16512K) Class: 2663K(2752K)->2663K(2752K)
[701.784s][info][gc             ] GC(2415) Pause Full (Allocation Failure) 738M->478M(869M) 893.515ms
[701.784s][info][gc,cpu         ] GC(2415) User=1.68s Sys=0.01s Real=0.90s
[701.885s][info][gc,start       ] GC(2416) Pause Young (Allocation Failure)
[701.891s][info][gc,heap        ] GC(2416) PSYoungGen: 111616K(222720K)->1440K(222720K) Eden: 111616K(111616K)->0K(111616K) From: 0K(111104K)->1440K(111104K)
[701.891s][info][gc,heap        ] GC(2416) ParOldGen: 490475K(667648K)->490475K(667648K)
[701.891s][info][gc,metaspace   ] GC(2416) Metaspace: 19091K(19264K)->19091K(19264K) NonClass: 16428K(16512K)->16428K(16512K) Class: 2663K(2752K)->2663K(2752K)
[701.891s][info][gc             ] GC(2416) Pause Young (Allocation Failure) 587M->480M(869M) 5.498ms
[701.891s][info][gc,cpu         ] GC(2416) User=0.01s Sys=0.00s Real=0.01s
[702.021s][info][gc,start       ] GC(2417) Pause Young (Allocation Failure)
[702.029s][info][gc,heap        ] GC(2417) PSYoungGen: 113056K(222720K)->5600K(222720K) Eden: 111616K(111616K)->0K(111616K) From: 1440K(111104K)->5600K(111104K)
[702.029s][info][gc,heap        ] GC(2417) ParOldGen: 490475K(667648K)->491891K(667648K)
[702.030s][info][gc,metaspace   ] GC(2417) Metaspace: 19091K(19264K)->19091K(19264K) NonClass: 16428K(16512K)->16428K(16512K) Class: 2663K(2752K)->2663K(2752K)
[702.030s][info][gc             ] GC(2417) Pause Young (Allocation Failure) 589M->485M(869M) 8.868ms
[702.030s][info][gc,cpu         ] GC(2417) User=0.01s Sys=0.00s Real=0.00s
[702.170s][info][gc,start       ] GC(2418) Pause Young (Allocation Failure)
[702.180s][info][gc,heap        ] GC(2418) PSYoungGen: 117216K(222720K)->2592K(222720K) Eden: 111616K(111616K)->0K(111616K) From: 5600K(111104K)->2592K(111104K)
[702.180s][info][gc,heap        ] GC(2418) ParOldGen: 491891K(667648K)->497450K(667648K)
[702.180s][info][gc,metaspace   ] GC(2418) Metaspace: 19091K(19264K)->19091K(19264K) NonClass: 16428K(16512K)->16428K(16512K) Class: 2663K(2752K)->2663K(2752K)
[702.180s][info][gc             ] GC(2418) Pause Young (Allocation Failure) 594M->488M(869M) 9.996ms
[702.180s][info][gc,cpu         ] GC(2418) User=0.02s Sys=0.00s Real=0.01s
[702.409s][info][gc,start       ] GC(2419) Pause Young (Allocation Failure)
[702.414s][info][gc,heap        ] GC(2419) PSYoungGen: 114208K(222720K)->96K(222720K) Eden: 111616K(111616K)->0K(111616K) From: 2592K(111104K)->96K(111104K)
[702.414s][info][gc,heap        ] GC(2419) ParOldGen: 497450K(667648K)->500026K(667648K)
[702.414s][info][gc,metaspace   ] GC(2419) Metaspace: 19091K(19264K)->19091K(19264K) NonClass: 16428K(16512K)->16428K(16512K) Class: 2663K(2752K)->2663K(2752K)
[702.414s][info][gc             ] GC(2419) Pause Young (Allocation Failure) 597M->488M(869M) 4.576ms
[702.414s][info][gc,cpu         ] GC(2419) User=0.01s Sys=0.00s Real=0.01s
[702.609s][info][gc,start       ] GC(2420) Pause Young (Allocation Failure)
[702.611s][info][gc,heap        ] GC(2420) PSYoungGen: 111712K(222720K)->160K(220672K) Eden: 111616K(111616K)->0K(111616K) From: 96K(111104K)->160K(109056K)
[702.611s][info][gc,heap        ] GC(2420) ParOldGen: 500026K(667648K)->500058K(667648K)
[702.611s][info][gc,metaspace   ] GC(2420) Metaspace: 19091K(19264K)->19091K(19264K) NonClass: 16428K(16512K)->16428K(16512K) Class: 2663K(2752K)->2663K(2752K)
[702.611s][info][gc             ] GC(2420) Pause Young (Allocation Failure) 597M->488M(867M) 2.289ms
[702.611s][info][gc,cpu         ] GC(2420) User=0.00s Sys=0.00s Real=0.01s
[702.791s][info][gc,start       ] GC(2421) Pause Young (Allocation Failure)
[702.794s][info][gc,heap        ] GC(2421) PSYoungGen: 111776K(220672K)->192K(112128K) Eden: 111616K(111616K)->0K(111616K) From: 160K(109056K)->192K(512K)
[702.794s][info][gc,heap        ] GC(2421) ParOldGen: 500058K(667648K)->500058K(667648K)
[702.794s][info][gc,metaspace   ] GC(2421) Metaspace: 19091K(19264K)->19091K(19264K) NonClass: 16428K(16512K)->16428K(16512K) Class: 2663K(2752K)->2663K(2752K)
[702.794s][info][gc             ] GC(2421) Pause Young (Allocation Failure) 597M->488M(761M) 3.201ms
[702.794s][info][gc,cpu         ] GC(2421) User=0.00s Sys=0.00s Real=0.00s
[703.004s][info][gc,start       ] GC(2422) Pause Young (Allocation Failure)
[703.007s][info][gc,heap        ] GC(2422) PSYoungGen: 111808K(112128K)->192K(206848K) Eden: 111616K(111616K)->0K(114688K) From: 192K(512K)->192K(92160K)
[703.007s][info][gc,heap        ] GC(2422) ParOldGen: 500058K(667648K)->500058K(667648K)
[703.007s][info][gc,metaspace   ] GC(2422) Metaspace: 19091K(19264K)->19091K(19264K) NonClass: 16428K(16512K)->16428K(16512K) Class: 2663K(2752K)->2663K(2752K)
[703.007s][info][gc             ] GC(2422) Pause Young (Allocation Failure) 597M->488M(854M) 3.013ms
[703.007s][info][gc,cpu         ] GC(2422) User=0.00s Sys=0.00s Real=0.00s
[703.139s][info][gc,start       ] GC(2423) Pause Young (Allocation Failure)
[703.155s][info][gc,heap        ] GC(2423) PSYoungGen: 114880K(206848K)->13248K(128000K) Eden: 114688K(114688K)->0K(114688K) From: 192K(92160K)->13248K(13312K)
[703.155s][info][gc,heap        ] GC(2423) ParOldGen: 500058K(667648K)->500058K(667648K)
[703.155s][info][gc,metaspace   ] GC(2423) Metaspace: 19091K(19264K)->19091K(19264K) NonClass: 16428K(16512K)->16428K(16512K) Class: 2663K(2752K)->2663K(2752K)
[703.155s][info][gc             ] GC(2423) Pause Young (Allocation Failure) 600M->501M(777M) 15.848ms
[703.155s][info][gc,cpu         ] GC(2423) User=0.03s Sys=0.00s Real=0.02s
[703.302s][info][gc,start       ] GC(2424) Pause Young (Allocation Failure)
[703.318s][info][gc,heap        ] GC(2424) PSYoungGen: 127936K(128000K)->13344K(197120K) Eden: 114688K(114688K)->0K(119808K) From: 13248K(13312K)->13344K(77312K)
[703.318s][info][gc,heap        ] GC(2424) ParOldGen: 500058K(667648K)->500058K(667648K)
[703.318s][info][gc,metaspace   ] GC(2424) Metaspace: 19091K(19264K)->19091K(19264K) NonClass: 16428K(16512K)->16428K(16512K) Class: 2663K(2752K)->2663K(2752K)
[703.318s][info][gc             ] GC(2424) Pause Young (Allocation Failure) 613M->501M(844M) 15.844ms
[703.318s][info][gc,cpu         ] GC(2424) User=0.02s Sys=0.00s Real=0.01s
[703.387s][info][gc,start       ] GC(2425) Pause Young (Allocation Failure)
[703.429s][info][gc,heap        ] GC(2425) PSYoungGen: 133152K(197120K)->53104K(203264K) Eden: 119808K(119808K)->0K(119808K) From: 13344K(77312K)->53104K(83456K)
[703.429s][info][gc,heap        ] GC(2425) ParOldGen: 500058K(667648K)->500058K(667648K)
[703.429s][info][gc,metaspace   ] GC(2425) Metaspace: 19091K(19264K)->19091K(19264K) NonClass: 16428K(16512K)->16428K(16512K) Class: 2663K(2752K)->2663K(2752K)
[703.429s][info][gc             ] GC(2425) Pause Young (Allocation Failure) 618M->540M(850M) 42.119ms
[703.429s][info][gc,cpu         ] GC(2425) User=0.09s Sys=0.00s Real=0.04s
[703.605s][info][gc,start       ] GC(2426) Pause Young (Allocation Failure)
[703.657s][info][gc,heap        ] GC(2426) PSYoungGen: 172912K(203264K)->68208K(208384K) Eden: 119808K(119808K)->0K(117760K) From: 53104K(83456K)->68208K(90624K)
[703.657s][info][gc,heap        ] GC(2426) ParOldGen: 500058K(667648K)->500058K(667648K)
[703.657s][info][gc,metaspace   ] GC(2426) Metaspace: 19091K(19264K)->19091K(19264K) NonClass: 16428K(16512K)->16428K(16512K) Class: 2663K(2752K)->2663K(2752K)
[703.657s][info][gc             ] GC(2426) Pause Young (Allocation Failure) 657M->554M(855M) 51.742ms
[703.657s][info][gc,cpu         ] GC(2426) User=0.10s Sys=0.00s Real=0.05s
[703.823s][info][gc,start       ] GC(2427) Pause Young (Allocation Failure)
[703.890s][info][gc,heap        ] GC(2427) PSYoungGen: 185968K(208384K)->80064K(219648K) Eden: 117760K(117760K)->0K(117760K) From: 68208K(90624K)->80064K(101888K)
[703.890s][info][gc,heap        ] GC(2427) ParOldGen: 500058K(667648K)->500058K(667648K)
[703.890s][info][gc,metaspace   ] GC(2427) Metaspace: 19091K(19264K)->19091K(19264K) NonClass: 16428K(16512K)->16428K(16512K) Class: 2663K(2752K)->2663K(2752K)
[703.890s][info][gc             ] GC(2427) Pause Young (Allocation Failure) 669M->566M(866M) 67.436ms
[703.890s][info][gc,cpu         ] GC(2427) User=0.13s Sys=0.00s Real=0.06s
[704.056s][info][gc,start       ] GC(2428) Pause Young (Allocation Failure)
[704.135s][info][gc,heap        ] GC(2428) PSYoungGen: 197824K(219648K)->79936K(222720K) Eden: 117760K(117760K)->0K(111616K) From: 80064K(101888K)->79936K(111104K)
[704.135s][info][gc,heap        ] GC(2428) ParOldGen: 500058K(667648K)->500208K(667648K)
[704.135s][info][gc,metaspace   ] GC(2428) Metaspace: 19091K(19264K)->19091K(19264K) NonClass: 16428K(16512K)->16428K(16512K) Class: 2663K(2752K)->2663K(2752K)
[704.135s][info][gc             ] GC(2428) Pause Young (Allocation Failure) 681M->566M(869M) 78.699ms
[704.135s][info][gc,cpu         ] GC(2428) User=0.14s Sys=0.01s Real=0.08s
[704.291s][info][gc,start       ] GC(2429) Pause Young (Allocation Failure)
[704.363s][info][gc,heap        ] GC(2429) PSYoungGen: 191552K(222720K)->66880K(222720K) Eden: 111616K(111616K)->0K(111616K) From: 79936K(111104K)->66880K(111104K)
[704.363s][info][gc,heap        ] GC(2429) ParOldGen: 500208K(667648K)->513320K(667648K)
[704.363s][info][gc,metaspace   ] GC(2429) Metaspace: 19091K(19264K)->19091K(19264K) NonClass: 16428K(16512K)->16428K(16512K) Class: 2663K(2752K)->2663K(2752K)
[704.363s][info][gc             ] GC(2429) Pause Young (Allocation Failure) 675M->566M(869M) 71.588ms
[704.363s][info][gc,cpu         ] GC(2429) User=0.15s Sys=0.00s Real=0.07s
[704.522s][info][gc,start       ] GC(2430) Pause Young (Allocation Failure)
[704.578s][info][gc,heap        ] GC(2430) PSYoungGen: 178496K(222720K)->26976K(222720K) Eden: 111616K(111616K)->0K(111616K) From: 66880K(111104K)->26976K(111104K)
[704.578s][info][gc,heap        ] GC(2430) ParOldGen: 513320K(667648K)->553723K(667648K)
[704.578s][info][gc,metaspace   ] GC(2430) Metaspace: 19091K(19264K)->19091K(19264K) NonClass: 16428K(16512K)->16428K(16512K) Class: 2663K(2752K)->2663K(2752K)
[704.578s][info][gc             ] GC(2430) Pause Young (Allocation Failure) 675M->567M(869M) 56.125ms
[704.578s][info][gc,cpu         ] GC(2430) User=0.11s Sys=0.00s Real=0.05s
[704.735s][info][gc,start       ] GC(2431) Pause Young (Allocation Failure)
[704.767s][info][gc,heap        ] GC(2431) PSYoungGen: 138592K(222720K)->32K(222720K) Eden: 111616K(111616K)->0K(111616K) From: 26976K(111104K)->32K(111104K)
[704.767s][info][gc,heap        ] GC(2431) ParOldGen: 553723K(667648K)->580807K(667648K)
[704.767s][info][gc,metaspace   ] GC(2431) Metaspace: 19091K(19264K)->19091K(19264K) NonClass: 16428K(16512K)->16428K(16512K) Class: 2663K(2752K)->2663K(2752K)
[704.767s][info][gc             ] GC(2431) Pause Young (Allocation Failure) 676M->567M(869M) 32.226ms
[704.767s][info][gc,cpu         ] GC(2431) User=0.07s Sys=0.00s Real=0.03s
[704.924s][info][gc,start       ] GC(2432) Pause Young (Allocation Failure)
[704.926s][info][gc,heap        ] GC(2432) PSYoungGen: 111648K(222720K)->64K(222720K) Eden: 111616K(111616K)->0K(111616K) From: 32K(111104K)->64K(111104K)
[704.926s][info][gc,heap        ] GC(2432) ParOldGen: 580807K(667648K)->580807K(667648K)
[704.926s][info][gc,metaspace   ] GC(2432) Metaspace: 19091K(19264K)->19091K(19264K) NonClass: 16428K(16512K)->16428K(16512K) Class: 2663K(2752K)->2663K(2752K)
[704.926s][info][gc             ] GC(2432) Pause Young (Allocation Failure) 676M->567M(869M) 1.835ms
[704.926s][info][gc,cpu         ] GC(2432) User=0.00s Sys=0.00s Real=0.00s
[705.078s][info][gc,start       ] GC(2433) Pause Young (Allocation Failure)
[705.080s][info][gc,heap        ] GC(2433) PSYoungGen: 111680K(222720K)->64K(222720K) Eden: 111616K(111616K)->0K(111616K) From: 64K(111104K)->64K(111104K)
[705.080s][info][gc,heap        ] GC(2433) ParOldGen: 580807K(667648K)->580807K(667648K)
[705.080s][info][gc,metaspace   ] GC(2433) Metaspace: 19091K(19264K)->19091K(19264K) NonClass: 16428K(16512K)->16428K(16512K) Class: 2663K(2752K)->2663K(2752K)
[705.080s][info][gc             ] GC(2433) Pause Young (Allocation Failure) 676M->567M(869M) 1.886ms
[705.080s][info][gc,cpu         ] GC(2433) User=0.00s Sys=0.00s Real=0.00s
[705.235s][info][gc,start       ] GC(2434) Pause Young (Allocation Failure)
[705.237s][info][gc,heap        ] GC(2434) PSYoungGen: 111680K(222720K)->64K(216576K) Eden: 111616K(111616K)->0K(111616K) From: 64K(111104K)->64K(104960K)
[705.237s][info][gc,heap        ] GC(2434) ParOldGen: 580807K(667648K)->580807K(667648K)
[705.237s][info][gc,metaspace   ] GC(2434) Metaspace: 19091K(19264K)->19091K(19264K) NonClass: 16428K(16512K)->16428K(16512K) Class: 2663K(2752K)->2663K(2752K)
[705.237s][info][gc             ] GC(2434) Pause Young (Allocation Failure) 676M->567M(863M) 1.980ms
[705.237s][info][gc,cpu         ] GC(2434) User=0.01s Sys=0.00s Real=0.00s
[705.373s][info][gc,start       ] GC(2435) Pause Young (Allocation Failure)
[705.385s][info][gc,heap        ] GC(2435) PSYoungGen: 111680K(216576K)->8736K(219648K) Eden: 111616K(111616K)->0K(111616K) From: 64K(104960K)->8736K(108032K)
[705.385s][info][gc,heap        ] GC(2435) ParOldGen: 580807K(667648K)->580807K(667648K)
[705.385s][info][gc,metaspace   ] GC(2435) Metaspace: 19091K(19264K)->19091K(19264K) NonClass: 16428K(16512K)->16428K(16512K) Class: 2663K(2752K)->2663K(2752K)
[705.385s][info][gc             ] GC(2435) Pause Young (Allocation Failure) 676M->575M(866M) 12.027ms
[705.385s][info][gc,cpu         ] GC(2435) User=0.02s Sys=0.00s Real=0.01s
[705.496s][info][gc,start       ] GC(2436) Pause Young (Allocation Failure)
[705.519s][info][gc,heap        ] GC(2436) PSYoungGen: 120352K(219648K)->21600K(207360K) Eden: 111616K(111616K)->0K(119296K) From: 8736K(108032K)->21600K(88064K)
[705.519s][info][gc,heap        ] GC(2436) ParOldGen: 580807K(667648K)->580807K(667648K)
[705.519s][info][gc,metaspace   ] GC(2436) Metaspace: 19091K(19264K)->19091K(19264K) NonClass: 16428K(16512K)->16428K(16512K) Class: 2663K(2752K)->2663K(2752K)
[705.519s][info][gc             ] GC(2436) Pause Young (Allocation Failure) 684M->588M(854M) 23.225ms
[705.519s][info][gc,cpu         ] GC(2436) User=0.05s Sys=0.00s Real=0.02s
[705.616s][info][gc,start       ] GC(2437) Pause Young (Allocation Failure)
[705.643s][info][gc,heap        ] GC(2437) PSYoungGen: 140896K(207360K)->26368K(214016K) Eden: 119296K(119296K)->0K(119296K) From: 21600K(88064K)->26368K(94720K)
[705.643s][info][gc,heap        ] GC(2437) ParOldGen: 580807K(667648K)->580807K(667648K)
[705.643s][info][gc,metaspace   ] GC(2437) Metaspace: 19091K(19264K)->19091K(19264K) NonClass: 16428K(16512K)->16428K(16512K) Class: 2663K(2752K)->2663K(2752K)
[705.643s][info][gc             ] GC(2437) Pause Young (Allocation Failure) 704M->592M(861M) 27.397ms
[705.643s][info][gc,cpu         ] GC(2437) User=0.05s Sys=0.00s Real=0.03s
[705.745s][info][gc,start       ] GC(2438) Pause Young (Allocation Failure)
[705.785s][info][gc,heap        ] GC(2438) PSYoungGen: 145664K(214016K)->37376K(217088K) Eden: 119296K(119296K)->0K(129536K) From: 26368K(94720K)->37376K(87552K)
[705.785s][info][gc,heap        ] GC(2438) ParOldGen: 580807K(667648K)->580807K(667648K)
[705.785s][info][gc,metaspace   ] GC(2438) Metaspace: 19091K(19264K)->19091K(19264K) NonClass: 16428K(16512K)->16428K(16512K) Class: 2663K(2752K)->2663K(2752K)
[705.785s][info][gc             ] GC(2438) Pause Young (Allocation Failure) 709M->603M(864M) 40.379ms
[705.785s][info][gc,cpu         ] GC(2438) User=0.08s Sys=0.00s Real=0.04s
[705.886s][info][gc,start       ] GC(2439) Pause Young (Allocation Failure)
[705.941s][info][gc,heap        ] GC(2439) PSYoungGen: 166912K(217088K)->54048K(217088K) Eden: 129536K(129536K)->0K(129536K) From: 37376K(87552K)->54048K(87552K)
[705.941s][info][gc,heap        ] GC(2439) ParOldGen: 580807K(667648K)->580807K(667648K)
[705.941s][info][gc,metaspace   ] GC(2439) Metaspace: 19091K(19264K)->19091K(19264K) NonClass: 16428K(16512K)->16428K(16512K) Class: 2663K(2752K)->2663K(2752K)
[705.941s][info][gc             ] GC(2439) Pause Young (Allocation Failure) 730M->619M(864M) 55.231ms
[705.941s][info][gc,cpu         ] GC(2439) User=0.11s Sys=0.00s Real=0.06s
[706.020s][info][gc,start       ] GC(2440) Pause Young (Allocation Failure)
[706.091s][info][gc,heap        ] GC(2440) PSYoungGen: 183584K(217088K)->69760K(223232K) Eden: 129536K(129536K)->0K(131072K) From: 54048K(87552K)->69760K(92160K)
[706.091s][info][gc,heap        ] GC(2440) ParOldGen: 580807K(667648K)->580807K(667648K)
[706.091s][info][gc,metaspace   ] GC(2440) Metaspace: 19091K(19264K)->19091K(19264K) NonClass: 16428K(16512K)->16428K(16512K) Class: 2663K(2752K)->2663K(2752K)
[706.091s][info][gc             ] GC(2440) Pause Young (Allocation Failure) 746M->635M(870M) 70.558ms
[706.091s][info][gc,cpu         ] GC(2440) User=0.14s Sys=0.00s Real=0.08s
[706.186s][info][gc,start       ] GC(2441) Pause Young (Allocation Failure)
[706.279s][info][gc,heap        ] GC(2441) PSYoungGen: 200832K(223232K)->72992K(204288K) Eden: 131072K(131072K)->0K(131072K) From: 69760K(92160K)->72992K(73216K)
[706.279s][info][gc,heap        ] GC(2441) ParOldGen: 580807K(667648K)->602455K(667648K)
[706.279s][info][gc,metaspace   ] GC(2441) Metaspace: 19091K(19264K)->19091K(19264K) NonClass: 16428K(16512K)->16428K(16512K) Class: 2663K(2752K)->2663K(2752K)
[706.279s][info][gc             ] GC(2441) Pause Young (Allocation Failure) 763M->659M(851M) 92.891ms
[706.279s][info][gc,cpu         ] GC(2441) User=0.18s Sys=0.00s Real=0.09s
[706.445s][info][gc,start       ] GC(2442) Pause Young (Allocation Failure)
[706.534s][info][gc,heap        ] GC(2442) PSYoungGen: 204064K(204288K)->74720K(221696K) Eden: 131072K(131072K)->0K(111616K) From: 72992K(73216K)->74720K(110080K)
[706.534s][info][gc,heap        ] GC(2442) ParOldGen: 602455K(667648K)->618231K(667648K)
[706.534s][info][gc,metaspace   ] GC(2442) Metaspace: 19091K(19264K)->19091K(19264K) NonClass: 16428K(16512K)->16428K(16512K) Class: 2663K(2752K)->2663K(2752K)
[706.534s][info][gc             ] GC(2442) Pause Young (Allocation Failure) 787M->676M(868M) 88.982ms
[706.534s][info][gc,cpu         ] GC(2442) User=0.18s Sys=0.00s Real=0.09s
[706.622s][info][gc,start       ] GC(2443) Pause Young (Allocation Failure)
[706.700s][info][gc,heap        ] GC(2443) PSYoungGen: 186336K(221696K)->46688K(222720K) Eden: 111616K(111616K)->0K(111616K) From: 74720K(110080K)->46688K(111104K)
[706.700s][info][gc,heap        ] GC(2443) ParOldGen: 618231K(667648K)->650711K(667648K)
[706.700s][info][gc,metaspace   ] GC(2443) Metaspace: 19091K(19264K)->19091K(19264K) NonClass: 16428K(16512K)->16428K(16512K) Class: 2663K(2752K)->2663K(2752K)
[706.700s][info][gc             ] GC(2443) Pause Young (Allocation Failure) 785M->681M(869M) 77.883ms
[706.700s][info][gc,cpu         ] GC(2443) User=0.16s Sys=0.00s Real=0.07s
[706.822s][info][gc,start       ] GC(2444) Pause Full (Allocation Failure)
[706.822s][info][gc,phases,start] GC(2444) Marking Phase
[707.106s][info][gc,phases      ] GC(2444) Marking Phase 283.668ms
[707.106s][info][gc,phases,start] GC(2444) Summary Phase
[707.106s][info][gc,phases      ] GC(2444) Summary Phase 0.027ms
[707.106s][info][gc,phases,start] GC(2444) Forward
[707.209s][info][gc,phases      ] GC(2444) Forward 103.179ms
[707.209s][info][gc,phases,start] GC(2444) Adjust Pointers
[707.432s][info][gc,phases      ] GC(2444) Adjust Pointers 222.716ms
[707.432s][info][gc,phases,start] GC(2444) Compaction Phase
[707.551s][info][gc,phases      ] GC(2444) Compaction Phase 119.013ms
[707.559s][info][gc,phases,start] GC(2444) Post Compact
[707.561s][info][gc,phases      ] GC(2444) Post Compact 2.307ms
[707.562s][info][gc,heap        ] GC(2444) PSYoungGen: 158304K(222720K)->0K(222720K) Eden: 111616K(111616K)->0K(111616K) From: 46688K(111104K)->0K(111104K)
[707.562s][info][gc,heap        ] GC(2444) ParOldGen: 650711K(667648K)->406041K(667648K)
[707.562s][info][gc,metaspace   ] GC(2444) Metaspace: 19091K(19264K)->19091K(19264K) NonClass: 16428K(16512K)->16428K(16512K) Class: 2663K(2752K)->2663K(2752K)
[707.562s][info][gc             ] GC(2444) Pause Full (Allocation Failure) 790M->396M(869M) 739.542ms
[707.562s][info][gc,cpu         ] GC(2444) User=1.39s Sys=0.00s Real=0.74s
[707.690s][info][gc,start       ] GC(2445) Pause Young (Allocation Failure)
[707.698s][info][gc,heap        ] GC(2445) PSYoungGen: 111616K(222720K)->1280K(222720K) Eden: 111616K(111616K)->0K(111616K) From: 0K(111104K)->1280K(111104K)
[707.698s][info][gc,heap        ] GC(2445) ParOldGen: 406041K(667648K)->406041K(667648K)
[707.698s][info][gc,metaspace   ] GC(2445) Metaspace: 19091K(19264K)->19091K(19264K) NonClass: 16428K(16512K)->16428K(16512K) Class: 2663K(2752K)->2663K(2752K)
[707.699s][info][gc             ] GC(2445) Pause Young (Allocation Failure) 505M->397M(869M) 8.014ms
[707.699s][info][gc,cpu         ] GC(2445) User=0.01s Sys=0.00s Real=0.00s
[707.832s][info][gc,start       ] GC(2446) Pause Young (Allocation Failure)
[707.844s][info][gc,heap        ] GC(2446) PSYoungGen: 112896K(222720K)->3296K(219648K) Eden: 111616K(111616K)->0K(111616K) From: 1280K(111104K)->3296K(108032K)
[707.844s][info][gc,heap        ] GC(2446) ParOldGen: 406041K(667648K)->407281K(667648K)
[707.844s][info][gc,metaspace   ] GC(2446) Metaspace: 19091K(19264K)->19091K(19264K) NonClass: 16428K(16512K)->16428K(16512K) Class: 2663K(2752K)->2663K(2752K)
[707.844s][info][gc             ] GC(2446) Pause Young (Allocation Failure) 506M->400M(866M) 11.803ms
[707.844s][info][gc,cpu         ] GC(2446) User=0.02s Sys=0.00s Real=0.01s
[707.933s][info][gc,start       ] GC(2447) Pause Young (Allocation Failure)
[707.939s][info][gc,heap        ] GC(2447) PSYoungGen: 114912K(219648K)->64K(221184K) Eden: 111616K(111616K)->0K(111616K) From: 3296K(108032K)->64K(109568K)
[707.939s][info][gc,heap        ] GC(2447) ParOldGen: 407281K(667648K)->410545K(667648K)
[707.939s][info][gc,metaspace   ] GC(2447) Metaspace: 19091K(19264K)->19091K(19264K) NonClass: 16428K(16512K)->16428K(16512K) Class: 2663K(2752K)->2663K(2752K)
[707.939s][info][gc             ] GC(2447) Pause Young (Allocation Failure) 509M->400M(868M) 6.157ms
[707.939s][info][gc,cpu         ] GC(2447) User=0.01s Sys=0.00s Real=0.00s
[708.101s][info][gc,start       ] GC(2448) Pause Young (Allocation Failure)
[708.103s][info][gc,heap        ] GC(2448) PSYoungGen: 111680K(221184K)->192K(219648K) Eden: 111616K(111616K)->0K(116736K) From: 64K(109568K)->192K(102912K)
[708.104s][info][gc,heap        ] GC(2448) ParOldGen: 410545K(667648K)->410545K(667648K)
[708.104s][info][gc,metaspace   ] GC(2448) Metaspace: 19091K(19264K)->19091K(19264K) NonClass: 16428K(16512K)->16428K(16512K) Class: 2663K(2752K)->2663K(2752K)
[708.104s][info][gc             ] GC(2448) Pause Young (Allocation Failure) 509M->401M(866M) 2.360ms
[708.104s][info][gc,cpu         ] GC(2448) User=0.00s Sys=0.00s Real=0.00s
[708.234s][info][gc,start       ] GC(2449) Pause Young (Allocation Failure)
[708.260s][info][gc,heap        ] GC(2449) PSYoungGen: 116928K(219648K)->26176K(221696K) Eden: 116736K(116736K)->0K(116736K) From: 192K(102912K)->26176K(104960K)
[708.260s][info][gc,heap        ] GC(2449) ParOldGen: 410545K(667648K)->410545K(667648K)
[708.260s][info][gc,metaspace   ] GC(2449) Metaspace: 19091K(19264K)->19091K(19264K) NonClass: 16428K(16512K)->16428K(16512K) Class: 2663K(2752K)->2663K(2752K)
[708.260s][info][gc             ] GC(2449) Pause Young (Allocation Failure) 515M->426M(868M) 26.668ms
[708.260s][info][gc,cpu         ] GC(2449) User=0.06s Sys=0.00s Real=0.02s
[708.396s][info][gc,start       ] GC(2450) Pause Young (Allocation Failure)
[708.449s][info][gc,heap        ] GC(2450) PSYoungGen: 142912K(221696K)->62576K(217088K) Eden: 116736K(116736K)->0K(119808K) From: 26176K(104960K)->62576K(97280K)
[708.449s][info][gc,heap        ] GC(2450) ParOldGen: 410545K(667648K)->410545K(667648K)
[708.449s][info][gc,metaspace   ] GC(2450) Metaspace: 19096K(19264K)->19096K(19264K) NonClass: 16433K(16512K)->16433K(16512K) Class: 2663K(2752K)->2663K(2752K)
[708.449s][info][gc             ] GC(2450) Pause Young (Allocation Failure) 540M->462M(864M) 52.889ms
[708.449s][info][gc,cpu         ] GC(2450) User=0.11s Sys=0.00s Real=0.05s
[708.604s][info][gc,start       ] GC(2451) Pause Young (Allocation Failure)
[708.675s][info][gc,heap        ] GC(2451) PSYoungGen: 182384K(217088K)->94104K(214016K) Eden: 119808K(119808K)->0K(119808K) From: 62576K(97280K)->94104K(94208K)
[708.675s][info][gc,heap        ] GC(2451) ParOldGen: 410545K(667648K)->410545K(667648K)
[708.675s][info][gc,metaspace   ] GC(2451) Metaspace: 19096K(19264K)->19096K(19264K) NonClass: 16433K(16512K)->16433K(16512K) Class: 2663K(2752K)->2663K(2752K)
[708.675s][info][gc             ] GC(2451) Pause Young (Allocation Failure) 579M->492M(861M) 71.371ms
[708.675s][info][gc,cpu         ] GC(2451) User=0.14s Sys=0.00s Real=0.07s
[708.755s][info][gc,start       ] GC(2452) Pause Young (Allocation Failure)
[708.837s][info][gc,heap        ] GC(2452) PSYoungGen: 213912K(214016K)->101408K(222720K) Eden: 119808K(119808K)->0K(111616K) From: 94104K(94208K)->101408K(111104K)
[708.837s][info][gc,heap        ] GC(2452) ParOldGen: 410545K(667648K)->410705K(667648K)
[708.837s][info][gc,metaspace   ] GC(2452) Metaspace: 19096K(19264K)->19096K(19264K) NonClass: 16433K(16512K)->16433K(16512K) Class: 2663K(2752K)->2663K(2752K)
[708.837s][info][gc             ] GC(2452) Pause Young (Allocation Failure) 609M->500M(869M) 82.636ms
[708.837s][info][gc,cpu         ] GC(2452) User=0.14s Sys=0.02s Real=0.08s
[708.963s][info][gc,start       ] GC(2453) Pause Young (Allocation Failure)
[709.039s][info][gc,heap        ] GC(2453) PSYoungGen: 213024K(222720K)->40112K(222720K) Eden: 111616K(111616K)->0K(111616K) From: 101408K(111104K)->40112K(111104K)
[709.039s][info][gc,heap        ] GC(2453) ParOldGen: 410705K(667648K)->473492K(667648K)
[709.039s][info][gc,metaspace   ] GC(2453) Metaspace: 19096K(19264K)->19096K(19264K) NonClass: 16433K(16512K)->16433K(16512K) Class: 2663K(2752K)->2663K(2752K)
[709.039s][info][gc             ] GC(2453) Pause Young (Allocation Failure) 609M->501M(869M) 76.808ms
[709.039s][info][gc,cpu         ] GC(2453) User=0.15s Sys=0.00s Real=0.07s
[709.192s][info][gc,start       ] GC(2454) Pause Young (Allocation Failure)
[709.225s][info][gc,heap        ] GC(2454) PSYoungGen: 151728K(222720K)->1376K(222720K) Eden: 111616K(111616K)->0K(111616K) From: 40112K(111104K)->1376K(111104K)
[709.225s][info][gc,heap        ] GC(2454) ParOldGen: 473492K(667648K)->512853K(667648K)
[709.225s][info][gc,metaspace   ] GC(2454) Metaspace: 19099K(19264K)->19099K(19264K) NonClass: 16436K(16512K)->16436K(16512K) Class: 2663K(2752K)->2663K(2752K)
[709.225s][info][gc             ] GC(2454) Pause Young (Allocation Failure) 610M->502M(869M) 32.792ms
[709.225s][info][gc,cpu         ] GC(2454) User=0.06s Sys=0.00s Real=0.03s
[709.406s][info][gc,start       ] GC(2455) Pause Young (Allocation Failure)
[709.411s][info][gc,heap        ] GC(2455) PSYoungGen: 112992K(222720K)->416K(222720K) Eden: 111616K(111616K)->0K(111616K) From: 1376K(111104K)->416K(111104K)
[709.411s][info][gc,heap        ] GC(2455) ParOldGen: 512853K(667648K)->514189K(667648K)
[709.411s][info][gc,metaspace   ] GC(2455) Metaspace: 19099K(19264K)->19099K(19264K) NonClass: 16436K(16512K)->16436K(16512K) Class: 2663K(2752K)->2663K(2752K)
[709.411s][info][gc             ] GC(2455) Pause Young (Allocation Failure) 611M->502M(869M) 4.853ms
[709.411s][info][gc,cpu         ] GC(2455) User=0.01s Sys=0.00s Real=0.01s
[709.584s][info][gc,start       ] GC(2456) Pause Young (Allocation Failure)
[709.589s][info][gc,heap        ] GC(2456) PSYoungGen: 112032K(222720K)->1024K(222720K) Eden: 111616K(111616K)->0K(111616K) From: 416K(111104K)->1024K(111104K)
[709.589s][info][gc,heap        ] GC(2456) ParOldGen: 514189K(667648K)->514501K(667648K)
[709.589s][info][gc,metaspace   ] GC(2456) Metaspace: 19099K(19264K)->19099K(19264K) NonClass: 16436K(16512K)->16436K(16512K) Class: 2663K(2752K)->2663K(2752K)
[709.589s][info][gc             ] GC(2456) Pause Young (Allocation Failure) 611M->503M(869M) 5.454ms
[709.589s][info][gc,cpu         ] GC(2456) User=0.01s Sys=0.00s Real=0.00s
[709.689s][info][gc,start       ] GC(2457) Pause Young (Allocation Failure)
[709.695s][info][gc,heap        ] GC(2457) PSYoungGen: 112640K(222720K)->1024K(222720K) Eden: 111616K(111616K)->0K(111616K) From: 1024K(111104K)->1024K(111104K)
[709.695s][info][gc,heap        ] GC(2457) ParOldGen: 514501K(667648K)->515453K(667648K)
[709.695s][info][gc,metaspace   ] GC(2457) Metaspace: 19099K(19264K)->19099K(19264K) NonClass: 16436K(16512K)->16436K(16512K) Class: 2663K(2752K)->2663K(2752K)
[709.695s][info][gc             ] GC(2457) Pause Young (Allocation Failure) 612M->504M(869M) 6.125ms
[709.695s][info][gc,cpu         ] GC(2457) User=0.01s Sys=0.00s Real=0.01s
[709.842s][info][gc,start       ] GC(2458) Pause Young (Allocation Failure)
[709.854s][info][gc,heap        ] GC(2458) PSYoungGen: 112640K(222720K)->1120K(222720K) Eden: 111616K(111616K)->0K(111616K) From: 1024K(111104K)->1120K(111104K)
[709.854s][info][gc,heap        ] GC(2458) ParOldGen: 515453K(667648K)->516445K(667648K)
[709.854s][info][gc,metaspace   ] GC(2458) Metaspace: 19099K(19264K)->19099K(19264K) NonClass: 16436K(16512K)->16436K(16512K) Class: 2663K(2752K)->2663K(2752K)
[709.854s][info][gc             ] GC(2458) Pause Young (Allocation Failure) 613M->505M(869M) 12.398ms
[709.854s][info][gc,cpu         ] GC(2458) User=0.03s Sys=0.00s Real=0.01s
[710.091s][info][gc,start       ] GC(2459) Pause Young (Allocation Failure)
[710.120s][info][gc,heap        ] GC(2459) PSYoungGen: 112736K(222720K)->14634K(126464K) Eden: 111616K(111616K)->0K(111616K) From: 1120K(111104K)->14634K(14848K)
[710.120s][info][gc,heap        ] GC(2459) ParOldGen: 516445K(667648K)->517509K(667648K)
[710.120s][info][gc,metaspace   ] GC(2459) Metaspace: 19099K(19264K)->19099K(19264K) NonClass: 16436K(16512K)->16436K(16512K) Class: 2663K(2752K)->2663K(2752K)
[710.120s][info][gc             ] GC(2459) Pause Young (Allocation Failure) 614M->519M(775M) 28.940ms
[710.120s][info][gc,cpu         ] GC(2459) User=0.06s Sys=0.00s Real=0.03s
[710.265s][info][gc,start       ] GC(2460) Pause Young (Allocation Failure)
[710.311s][info][gc,heap        ] GC(2460) PSYoungGen: 126250K(126464K)->38250K(220160K) Eden: 111616K(111616K)->0K(114688K) From: 14634K(14848K)->38250K(105472K)
[710.311s][info][gc,heap        ] GC(2460) ParOldGen: 517509K(667648K)->517509K(667648K)
[710.311s][info][gc,metaspace   ] GC(2460) Metaspace: 19099K(19264K)->19099K(19264K) NonClass: 16436K(16512K)->16436K(16512K) Class: 2663K(2752K)->2663K(2752K)
[710.312s][info][gc             ] GC(2460) Pause Young (Allocation Failure) 628M->542M(867M) 46.717ms
[710.312s][info][gc,cpu         ] GC(2460) User=0.09s Sys=0.00s Real=0.05s
[710.460s][info][gc,start       ] GC(2461) Pause Young (Allocation Failure)
[710.517s][info][gc,heap        ] GC(2461) PSYoungGen: 152938K(220160K)->49770K(217088K) Eden: 114688K(114688K)->0K(114688K) From: 38250K(105472K)->49770K(102400K)
[710.517s][info][gc,heap        ] GC(2461) ParOldGen: 517509K(667648K)->517509K(667648K)
[710.517s][info][gc,metaspace   ] GC(2461) Metaspace: 19099K(19264K)->19099K(19264K) NonClass: 16436K(16512K)->16436K(16512K) Class: 2663K(2752K)->2663K(2752K)
[710.517s][info][gc             ] GC(2461) Pause Young (Allocation Failure) 654M->553M(864M) 57.058ms
[710.517s][info][gc,cpu         ] GC(2461) User=0.11s Sys=0.00s Real=0.06s
[710.646s][info][gc,start       ] GC(2462) Pause Young (Allocation Failure)
[710.705s][info][gc,heap        ] GC(2462) PSYoungGen: 164458K(217088K)->52202K(227840K) Eden: 114688K(114688K)->0K(123904K) From: 49770K(102400K)->52202K(103936K)
[710.705s][info][gc,heap        ] GC(2462) ParOldGen: 517509K(667648K)->517509K(667648K)
[710.705s][info][gc,metaspace   ] GC(2462) Metaspace: 19099K(19264K)->19099K(19264K) NonClass: 16436K(16512K)->16436K(16512K) Class: 2663K(2752K)->2663K(2752K)
[710.705s][info][gc             ] GC(2462) Pause Young (Allocation Failure) 665M->556M(874M) 59.339ms
[710.705s][info][gc,cpu         ] GC(2462) User=0.11s Sys=0.00s Real=0.06s
[710.873s][info][gc,start       ] GC(2463) Pause Young (Allocation Failure)
[710.938s][info][gc,heap        ] GC(2463) PSYoungGen: 176106K(227840K)->40480K(164864K) Eden: 123904K(123904K)->0K(123904K) From: 52202K(103936K)->40480K(40960K)
[710.938s][info][gc,heap        ] GC(2463) ParOldGen: 517509K(667648K)->532139K(667648K)
[710.938s][info][gc,metaspace   ] GC(2463) Metaspace: 19100K(19264K)->19100K(19264K) NonClass: 16437K(16512K)->16437K(16512K) Class: 2663K(2752K)->2663K(2752K)
[710.938s][info][gc             ] GC(2463) Pause Young (Allocation Failure) 677M->559M(813M) 64.810ms
[710.938s][info][gc,cpu         ] GC(2463) User=0.13s Sys=0.00s Real=0.06s
[711.054s][info][gc,start       ] GC(2464) Pause Young (Allocation Failure)
[711.094s][info][gc,heap        ] GC(2464) PSYoungGen: 164384K(164864K)->16928K(230912K) Eden: 123904K(123904K)->0K(129536K) From: 40480K(40960K)->16928K(101376K)
[711.094s][info][gc,heap        ] GC(2464) ParOldGen: 532139K(667648K)->555811K(667648K)
[711.094s][info][gc,metaspace   ] GC(2464) Metaspace: 19100K(19264K)->19100K(19264K) NonClass: 16437K(16512K)->16437K(16512K) Class: 2663K(2752K)->2663K(2752K)
[711.094s][info][gc             ] GC(2464) Pause Young (Allocation Failure) 680M->559M(877M) 40.535ms
[711.094s][info][gc,cpu         ] GC(2464) User=0.08s Sys=0.00s Real=0.04s
[711.171s][info][gc,start       ] GC(2465) Pause Young (Allocation Failure)
[711.190s][info][gc,heap        ] GC(2465) PSYoungGen: 146464K(230912K)->3040K(226304K) Eden: 129536K(129536K)->0K(129536K) From: 16928K(101376K)->3040K(96768K)
[711.190s][info][gc,heap        ] GC(2465) ParOldGen: 555811K(667648K)->569739K(667648K)
[711.190s][info][gc,metaspace   ] GC(2465) Metaspace: 19100K(19264K)->19100K(19264K) NonClass: 16437K(16512K)->16437K(16512K) Class: 2663K(2752K)->2663K(2752K)
[711.190s][info][gc             ] GC(2465) Pause Young (Allocation Failure) 685M->559M(873M) 19.156ms
[711.190s][info][gc,cpu         ] GC(2465) User=0.03s Sys=0.00s Real=0.01s
[711.379s][info][gc,start       ] GC(2466) Pause Young (Allocation Failure)
[711.393s][info][gc,heap        ] GC(2466) PSYoungGen: 132576K(226304K)->6640K(233472K) Eden: 129536K(129536K)->0K(138752K) From: 3040K(96768K)->6640K(94720K)
[711.393s][info][gc,heap        ] GC(2466) ParOldGen: 569739K(667648K)->572683K(667648K)
[711.393s][info][gc,metaspace   ] GC(2466) Metaspace: 19100K(19264K)->19100K(19264K) NonClass: 16437K(16512K)->16437K(16512K) Class: 2663K(2752K)->2663K(2752K)
[711.393s][info][gc             ] GC(2466) Pause Young (Allocation Failure) 685M->565M(880M) 13.978ms
[711.393s][info][gc,cpu         ] GC(2466) User=0.03s Sys=0.00s Real=0.02s
[711.579s][info][gc,start       ] GC(2467) Pause Young (Allocation Failure)
[711.589s][info][gc,heap        ] GC(2467) PSYoungGen: 145392K(233472K)->7648K(230400K) Eden: 138752K(138752K)->0K(138752K) From: 6640K(94720K)->7648K(91648K)
[711.590s][info][gc,heap        ] GC(2467) ParOldGen: 572683K(667648K)->572683K(667648K)
[711.590s][info][gc,metaspace   ] GC(2467) Metaspace: 19100K(19264K)->19100K(19264K) NonClass: 16437K(16512K)->16437K(16512K) Class: 2663K(2752K)->2663K(2752K)
[711.590s][info][gc             ] GC(2467) Pause Young (Allocation Failure) 701M->566M(877M) 10.420ms
[711.590s][info][gc,cpu         ] GC(2467) User=0.01s Sys=0.00s Real=0.01s
[712.052s][info][gc,start       ] GC(2468) Pause Young (Allocation Failure)
[712.062s][info][gc,heap        ] GC(2468) PSYoungGen: 146400K(230400K)->7840K(231424K) Eden: 138752K(138752K)->0K(148992K) From: 7648K(91648K)->7840K(82432K)
[712.062s][info][gc,heap        ] GC(2468) ParOldGen: 572683K(667648K)->572683K(667648K)
[712.062s][info][gc,metaspace   ] GC(2468) Metaspace: 19100K(19264K)->19100K(19264K) NonClass: 16437K(16512K)->16437K(16512K) Class: 2663K(2752K)->2663K(2752K)
[712.062s][info][gc             ] GC(2468) Pause Young (Allocation Failure) 702M->566M(878M) 10.073ms
[712.062s][info][gc,cpu         ] GC(2468) User=0.02s Sys=0.00s Real=0.01s
[712.325s][info][gc,start       ] GC(2469) Pause Young (Allocation Failure)
[712.356s][info][gc,heap        ] GC(2469) PSYoungGen: 156832K(231424K)->29120K(233472K) Eden: 148992K(148992K)->0K(148992K) From: 7840K(82432K)->29120K(84480K)
[712.356s][info][gc,heap        ] GC(2469) ParOldGen: 572683K(667648K)->572683K(667648K)
[712.356s][info][gc,metaspace   ] GC(2469) Metaspace: 19100K(19264K)->19100K(19264K) NonClass: 16437K(16512K)->16437K(16512K) Class: 2663K(2752K)->2663K(2752K)
[712.356s][info][gc             ] GC(2469) Pause Young (Allocation Failure) 712M->587M(880M) 30.442ms
[712.356s][info][gc,cpu         ] GC(2469) User=0.06s Sys=0.00s Real=0.03s
[712.647s][info][gc,start       ] GC(2470) Pause Young (Allocation Failure)
[712.683s][info][gc,heap        ] GC(2470) PSYoungGen: 178112K(233472K)->29120K(233472K) Eden: 148992K(148992K)->0K(159744K) From: 29120K(84480K)->29120K(73728K)
[712.684s][info][gc,heap        ] GC(2470) ParOldGen: 572683K(667648K)->572683K(667648K)
[712.684s][info][gc,metaspace   ] GC(2470) Metaspace: 19100K(19264K)->19100K(19264K) NonClass: 16437K(16512K)->16437K(16512K) Class: 2663K(2752K)->2663K(2752K)
[712.684s][info][gc             ] GC(2470) Pause Young (Allocation Failure) 733M->587M(880M) 36.705ms
[712.684s][info][gc,cpu         ] GC(2470) User=0.07s Sys=0.00s Real=0.04s
[713.631s][info][gc,start       ] GC(2471) Pause Young (Allocation Failure)
[713.662s][info][gc,heap        ] GC(2471) PSYoungGen: 188864K(233472K)->29549K(237056K) Eden: 159744K(159744K)->0K(159744K) From: 29120K(73728K)->29549K(77312K)
[713.662s][info][gc,heap        ] GC(2471) ParOldGen: 572683K(667648K)->572683K(667648K)
[713.662s][info][gc,metaspace   ] GC(2471) Metaspace: 19100K(19264K)->19100K(19264K) NonClass: 16437K(16512K)->16437K(16512K) Class: 2663K(2752K)->2663K(2752K)
[713.662s][info][gc             ] GC(2471) Pause Young (Allocation Failure) 743M->588M(883M) 30.618ms
[713.662s][info][gc,cpu         ] GC(2471) User=0.06s Sys=0.00s Real=0.03s
[714.425s][info][gc,start       ] GC(2472) Pause Young (Allocation Failure)
[714.462s][info][gc,heap        ] GC(2472) PSYoungGen: 189293K(237056K)->30196K(237056K) Eden: 159744K(159744K)->0K(168960K) From: 29549K(77312K)->30196K(68096K)
[714.462s][info][gc,heap        ] GC(2472) ParOldGen: 572683K(667648K)->572683K(667648K)
[714.462s][info][gc,metaspace   ] GC(2472) Metaspace: 19101K(19264K)->19101K(19264K) NonClass: 16438K(16512K)->16438K(16512K) Class: 2663K(2752K)->2663K(2752K)
[714.462s][info][gc             ] GC(2472) Pause Young (Allocation Failure) 744M->588M(883M) 36.973ms
[714.462s][info][gc,cpu         ] GC(2472) User=0.07s Sys=0.00s Real=0.04s
[715.179s][info][gc,start       ] GC(2473) Pause Young (Allocation Failure)
[715.212s][info][gc,heap        ] GC(2473) PSYoungGen: 199153K(237056K)->31421K(240640K) Eden: 168956K(168960K)->0K(168960K) From: 30196K(68096K)->31421K(71680K)
[715.212s][info][gc,heap        ] GC(2473) ParOldGen: 572683K(667648K)->572683K(667648K)
[715.212s][info][gc,metaspace   ] GC(2473) Metaspace: 19105K(19264K)->19105K(19264K) NonClass: 16441K(16512K)->16441K(16512K) Class: 2663K(2752K)->2663K(2752K)
[715.212s][info][gc             ] GC(2473) Pause Young (Allocation Failure) 753M->589M(887M) 33.188ms
[715.212s][info][gc,cpu         ] GC(2473) User=0.07s Sys=0.00s Real=0.04s
[715.593s][info][gc,start       ] GC(2474) Pause Young (Allocation Failure)
[715.625s][info][gc,heap        ] GC(2474) PSYoungGen: 200157K(240640K)->31807K(243200K) Eden: 168735K(168960K)->0K(177664K) From: 31421K(71680K)->31807K(65536K)
[715.625s][info][gc,heap        ] GC(2474) ParOldGen: 572683K(667648K)->572683K(667648K)
[715.625s][info][gc,metaspace   ] GC(2474) Metaspace: 19105K(19264K)->19105K(19264K) NonClass: 16441K(16512K)->16441K(16512K) Class: 2663K(2752K)->2663K(2752K)
[715.625s][info][gc             ] GC(2474) Pause Young (Allocation Failure) 754M->590M(889M) 32.844ms
[715.625s][info][gc,cpu         ] GC(2474) User=0.07s Sys=0.00s Real=0.03s
[715.898s][info][gc,start       ] GC(2475) Pause Young (Allocation Failure)
[715.963s][info][gc,heap        ] GC(2475) PSYoungGen: 209471K(243200K)->67565K(245248K) Eden: 177664K(177664K)->0K(177664K) From: 31807K(65536K)->67565K(67584K)
[715.963s][info][gc,heap        ] GC(2475) ParOldGen: 572683K(667648K)->575915K(667648K)
[715.963s][info][gc,metaspace   ] GC(2475) Metaspace: 19109K(19328K)->19109K(19328K) NonClass: 16446K(16576K)->16446K(16576K) Class: 2663K(2752K)->2663K(2752K)
[715.963s][info][gc             ] GC(2475) Pause Young (Allocation Failure) 763M->628M(891M) 64.478ms
[715.963s][info][gc,cpu         ] GC(2475) User=0.13s Sys=0.00s Real=0.07s
[716.119s][info][gc,start       ] GC(2476) Pause Young (Allocation Failure)
[716.248s][info][gc,heap        ] GC(2476) PSYoungGen: 245229K(245248K)->79869K(191488K) Eden: 177664K(177664K)->0K(111616K) From: 67565K(67584K)->79869K(79872K)
[716.248s][info][gc,heap        ] GC(2476) ParOldGen: 575915K(667648K)->633955K(667648K)
[716.248s][info][gc,metaspace   ] GC(2476) Metaspace: 19116K(19328K)->19116K(19328K) NonClass: 16452K(16576K)->16452K(16576K) Class: 2663K(2752K)->2663K(2752K)
[716.248s][info][gc             ] GC(2476) Pause Young (Allocation Failure) 801M->697M(839M) 129.098ms
[716.248s][info][gc,cpu         ] GC(2476) User=0.23s Sys=0.02s Real=0.13s
[716.471s][info][gc,start       ] GC(2477) Pause Full (Allocation Failure)
[716.471s][info][gc,phases,start] GC(2477) Marking Phase
[716.575s][info][gc,phases      ] GC(2477) Marking Phase 103.040ms
[716.575s][info][gc,phases,start] GC(2477) Summary Phase
[716.575s][info][gc,phases      ] GC(2477) Summary Phase 0.026ms
[716.575s][info][gc,phases,start] GC(2477) Forward
[716.617s][info][gc,phases      ] GC(2477) Forward 42.702ms
[716.617s][info][gc,phases,start] GC(2477) Adjust Pointers
[716.685s][info][gc,phases      ] GC(2477) Adjust Pointers 67.736ms
[716.685s][info][gc,phases,start] GC(2477) Compaction Phase
[716.734s][info][gc,phases      ] GC(2477) Compaction Phase 48.592ms
[716.734s][info][gc,phases,start] GC(2477) Post Compact
[716.737s][info][gc,phases      ] GC(2477) Post Compact 2.355ms
[716.750s][info][gc,heap        ] GC(2477) PSYoungGen: 191485K(191488K)->0K(222720K) Eden: 111616K(111616K)->0K(111616K) From: 79869K(79872K)->0K(111104K)
[716.750s][info][gc,heap        ] GC(2477) ParOldGen: 633955K(667648K)->174567K(499200K)
[716.751s][info][gc,metaspace   ] GC(2477) Metaspace: 19116K(19328K)->19116K(19328K) NonClass: 16452K(16576K)->16452K(16576K) Class: 2663K(2752K)->2663K(2752K)
[716.751s][info][gc             ] GC(2477) Pause Full (Allocation Failure) 806M->170M(705M) 279.139ms
[716.751s][info][gc,cpu         ] GC(2477) User=0.47s Sys=0.02s Real=0.28s
[716.934s][info][gc,start       ] GC(2478) Pause Young (Allocation Failure)
[716.990s][info][gc,heap        ] GC(2478) PSYoungGen: 111616K(222720K)->39010K(215552K) Eden: 111616K(111616K)->0K(111616K) From: 0K(111104K)->39010K(103936K)
[716.990s][info][gc,heap        ] GC(2478) ParOldGen: 174567K(499200K)->174567K(499200K)
[716.990s][info][gc,metaspace   ] GC(2478) Metaspace: 19117K(19328K)->19117K(19328K) NonClass: 16454K(16576K)->16454K(16576K) Class: 2663K(2752K)->2663K(2752K)
[716.990s][info][gc             ] GC(2478) Pause Young (Allocation Failure) 279M->208M(698M) 55.820ms
[716.990s][info][gc,cpu         ] GC(2478) User=0.11s Sys=0.00s Real=0.05s
[717.107s][info][gc,start       ] GC(2479) Pause Young (Allocation Failure)
[717.186s][info][gc,heap        ] GC(2479) PSYoungGen: 150626K(215552K)->64659K(219136K) Eden: 111616K(111616K)->0K(111616K) From: 39010K(103936K)->64659K(107520K)
[717.186s][info][gc,heap        ] GC(2479) ParOldGen: 174567K(499200K)->174567K(499200K)
[717.186s][info][gc,metaspace   ] GC(2479) Metaspace: 19117K(19328K)->19117K(19328K) NonClass: 16454K(16576K)->16454K(16576K) Class: 2663K(2752K)->2663K(2752K)
[717.186s][info][gc             ] GC(2479) Pause Young (Allocation Failure) 317M->233M(701M) 79.008ms
[717.186s][info][gc,cpu         ] GC(2479) User=0.15s Sys=0.00s Real=0.08s
[717.263s][info][gc,start       ] GC(2480) Pause Young (Allocation Failure)
[717.350s][info][gc,heap        ] GC(2480) PSYoungGen: 176275K(219136K)->75689K(221696K) Eden: 111616K(111616K)->0K(111616K) From: 64659K(107520K)->75689K(110080K)
[717.351s][info][gc,heap        ] GC(2480) ParOldGen: 174567K(499200K)->174567K(499200K)
[717.351s][info][gc,metaspace   ] GC(2480) Metaspace: 19117K(19328K)->19117K(19328K) NonClass: 16454K(16576K)->16454K(16576K) Class: 2663K(2752K)->2663K(2752K)
[717.351s][info][gc             ] GC(2480) Pause Young (Allocation Failure) 342M->244M(704M) 87.456ms
[717.351s][info][gc,cpu         ] GC(2480) User=0.18s Sys=0.00s Real=0.09s
[717.427s][info][gc,start       ] GC(2481) Pause Young (Allocation Failure)
[717.518s][info][gc,heap        ] GC(2481) PSYoungGen: 187305K(221696K)->79411K(222720K) Eden: 111616K(111616K)->0K(111616K) From: 75689K(110080K)->79411K(111104K)
[717.518s][info][gc,heap        ] GC(2481) ParOldGen: 174567K(499200K)->174567K(499200K)
[717.518s][info][gc,metaspace   ] GC(2481) Metaspace: 19117K(19328K)->19117K(19328K) NonClass: 16454K(16576K)->16454K(16576K) Class: 2663K(2752K)->2663K(2752K)
[717.518s][info][gc             ] GC(2481) Pause Young (Allocation Failure) 353M->248M(705M) 91.428ms
[717.518s][info][gc,cpu         ] GC(2481) User=0.18s Sys=0.00s Real=0.09s
[717.634s][info][gc,start       ] GC(2482) Pause Young (Allocation Failure)
[717.734s][info][gc,heap        ] GC(2482) PSYoungGen: 191027K(222720K)->88745K(222720K) Eden: 111616K(111616K)->0K(111616K) From: 79411K(111104K)->88745K(111104K)
[717.734s][info][gc,heap        ] GC(2482) ParOldGen: 174567K(499200K)->174567K(499200K)
[717.734s][info][gc,metaspace   ] GC(2482) Metaspace: 19117K(19328K)->19117K(19328K) NonClass: 16454K(16576K)->16454K(16576K) Class: 2663K(2752K)->2663K(2752K)
[717.734s][info][gc             ] GC(2482) Pause Young (Allocation Failure) 357M->257M(705M) 100.051ms
[717.734s][info][gc,cpu         ] GC(2482) User=0.20s Sys=0.00s Real=0.10s
[717.842s][info][gc,start       ] GC(2483) Pause Young (Allocation Failure)
[717.942s][info][gc,heap        ] GC(2483) PSYoungGen: 200361K(222720K)->89011K(222720K) Eden: 111616K(111616K)->0K(111616K) From: 88745K(111104K)->89011K(111104K)
[717.942s][info][gc,heap        ] GC(2483) ParOldGen: 174567K(499200K)->174567K(499200K)
[717.942s][info][gc,metaspace   ] GC(2483) Metaspace: 19117K(19328K)->19117K(19328K) NonClass: 16454K(16576K)->16454K(16576K) Class: 2663K(2752K)->2663K(2752K)
[717.942s][info][gc             ] GC(2483) Pause Young (Allocation Failure) 366M->257M(705M) 99.986ms
[717.942s][info][gc,cpu         ] GC(2483) User=0.20s Sys=0.00s Real=0.10s
[718.037s][info][gc,start       ] GC(2484) Pause Young (Allocation Failure)
[718.140s][info][gc,heap        ] GC(2484) PSYoungGen: 200627K(222720K)->24352K(222720K) Eden: 111616K(111616K)->0K(111616K) From: 89011K(111104K)->24352K(111104K)
[718.140s][info][gc,heap        ] GC(2484) ParOldGen: 174567K(499200K)->239448K(499200K)
[718.140s][info][gc,metaspace   ] GC(2484) Metaspace: 19117K(19328K)->19117K(19328K) NonClass: 16454K(16576K)->16454K(16576K) Class: 2663K(2752K)->2663K(2752K)
[718.140s][info][gc             ] GC(2484) Pause Young (Allocation Failure) 366M->257M(705M) 103.033ms
[718.140s][info][gc,cpu         ] GC(2484) User=0.21s Sys=0.00s Real=0.10s
[718.246s][info][gc,start       ] GC(2485) Pause Young (Allocation Failure)
[718.276s][info][gc,heap        ] GC(2485) PSYoungGen: 135968K(222720K)->15872K(222720K) Eden: 111616K(111616K)->0K(111616K) From: 24352K(111104K)->15872K(111104K)
[718.276s][info][gc,heap        ] GC(2485) ParOldGen: 239448K(499200K)->254248K(499200K)
[718.276s][info][gc,metaspace   ] GC(2485) Metaspace: 19117K(19328K)->19117K(19328K) NonClass: 16454K(16576K)->16454K(16576K) Class: 2663K(2752K)->2663K(2752K)
[718.277s][info][gc             ] GC(2485) Pause Young (Allocation Failure) 366M->263M(705M) 30.930ms
[718.277s][info][gc,cpu         ] GC(2485) User=0.06s Sys=0.00s Real=0.03s
[718.358s][info][gc,start       ] GC(2486) Pause Young (Allocation Failure)
[718.399s][info][gc,heap        ] GC(2486) PSYoungGen: 127488K(222720K)->35152K(222720K) Eden: 111616K(111616K)->0K(111616K) From: 15872K(111104K)->35152K(111104K)
[718.400s][info][gc,heap        ] GC(2486) ParOldGen: 254248K(499200K)->263810K(499200K)
[718.400s][info][gc,metaspace   ] GC(2486) Metaspace: 19117K(19328K)->19117K(19328K) NonClass: 16454K(16576K)->16454K(16576K) Class: 2663K(2752K)->2663K(2752K)
[718.400s][info][gc             ] GC(2486) Pause Young (Allocation Failure) 372M->291M(705M) 41.852ms
[718.400s][info][gc,cpu         ] GC(2486) User=0.08s Sys=0.00s Real=0.04s
[718.517s][info][gc,start       ] GC(2487) Pause Young (Allocation Failure)
[718.568s][info][gc,heap        ] GC(2487) PSYoungGen: 146768K(222720K)->53776K(222720K) Eden: 111616K(111616K)->0K(111616K) From: 35152K(111104K)->53776K(111104K)
[718.568s][info][gc,heap        ] GC(2487) ParOldGen: 263810K(499200K)->270138K(499200K)
[718.569s][info][gc,metaspace   ] GC(2487) Metaspace: 19117K(19328K)->19117K(19328K) NonClass: 16454K(16576K)->16454K(16576K) Class: 2663K(2752K)->2663K(2752K)
[718.569s][info][gc             ] GC(2487) Pause Young (Allocation Failure) 400M->316M(705M) 51.303ms
[718.569s][info][gc,cpu         ] GC(2487) User=0.10s Sys=0.00s Real=0.05s
[718.652s][info][gc,start       ] GC(2488) Pause Young (Allocation Failure)
[718.713s][info][gc,heap        ] GC(2488) PSYoungGen: 165392K(222720K)->14371K(222720K) Eden: 111616K(111616K)->0K(111616K) From: 53776K(111104K)->14371K(111104K)
[718.713s][info][gc,heap        ] GC(2488) ParOldGen: 270138K(499200K)->324157K(499200K)
[718.713s][info][gc,metaspace   ] GC(2488) Metaspace: 19117K(19328K)->19117K(19328K) NonClass: 16454K(16576K)->16454K(16576K) Class: 2663K(2752K)->2663K(2752K)
[718.713s][info][gc             ] GC(2488) Pause Young (Allocation Failure) 425M->330M(705M) 60.597ms
[718.713s][info][gc,cpu         ] GC(2488) User=0.12s Sys=0.00s Real=0.06s
[718.791s][info][gc,start       ] GC(2489) Pause Young (Allocation Failure)
[718.813s][info][gc,heap        ] GC(2489) PSYoungGen: 125987K(222720K)->4704K(222720K) Eden: 111616K(111616K)->0K(111616K) From: 14371K(111104K)->4704K(111104K)
[718.813s][info][gc,heap        ] GC(2489) ParOldGen: 324157K(499200K)->338544K(499200K)
[718.813s][info][gc,metaspace   ] GC(2489) Metaspace: 19117K(19328K)->19117K(19328K) NonClass: 16454K(16576K)->16454K(16576K) Class: 2663K(2752K)->2663K(2752K)
[718.813s][info][gc             ] GC(2489) Pause Young (Allocation Failure) 439M->335M(705M) 21.891ms
[718.813s][info][gc,cpu         ] GC(2489) User=0.04s Sys=0.00s Real=0.02s
[718.930s][info][gc,start       ] GC(2490) Pause Young (Allocation Failure)
[718.937s][info][gc,heap        ] GC(2490) PSYoungGen: 116320K(222720K)->896K(222720K) Eden: 111616K(111616K)->0K(111616K) From: 4704K(111104K)->896K(111104K)
[718.938s][info][gc,heap        ] GC(2490) ParOldGen: 338544K(499200K)->343216K(499200K)
[718.938s][info][gc,metaspace   ] GC(2490) Metaspace: 19117K(19328K)->19117K(19328K) NonClass: 16454K(16576K)->16454K(16576K) Class: 2663K(2752K)->2663K(2752K)
[718.938s][info][gc             ] GC(2490) Pause Young (Allocation Failure) 444M->336M(705M) 7.823ms
[718.938s][info][gc,cpu         ] GC(2490) User=0.02s Sys=0.00s Real=0.01s
[719.210s][info][gc,start       ] GC(2491) Pause Young (Allocation Failure)
[719.216s][info][gc,heap        ] GC(2491) PSYoungGen: 112512K(222720K)->1760K(222720K) Eden: 111616K(111616K)->0K(111616K) From: 896K(111104K)->1760K(111104K)
[719.216s][info][gc,heap        ] GC(2491) ParOldGen: 343216K(499200K)->344080K(499200K)
[719.216s][info][gc,metaspace   ] GC(2491) Metaspace: 19117K(19328K)->19117K(19328K) NonClass: 16454K(16576K)->16454K(16576K) Class: 2663K(2752K)->2663K(2752K)
[719.216s][info][gc             ] GC(2491) Pause Young (Allocation Failure) 445M->337M(705M) 5.252ms
[719.216s][info][gc,cpu         ] GC(2491) User=0.01s Sys=0.00s Real=0.00s
[719.434s][info][gc,start       ] GC(2492) Pause Young (Allocation Failure)
[719.443s][info][gc,heap        ] GC(2492) PSYoungGen: 113376K(222720K)->4704K(222720K) Eden: 111616K(111616K)->0K(111616K) From: 1760K(111104K)->4704K(111104K)
[719.443s][info][gc,heap        ] GC(2492) ParOldGen: 344080K(499200K)->345797K(499200K)
[719.443s][info][gc,metaspace   ] GC(2492) Metaspace: 19117K(19328K)->19117K(19328K) NonClass: 16454K(16576K)->16454K(16576K) Class: 2663K(2752K)->2663K(2752K)
[719.443s][info][gc             ] GC(2492) Pause Young (Allocation Failure) 446M->342M(705M) 8.567ms
[719.443s][info][gc,cpu         ] GC(2492) User=0.02s Sys=0.00s Real=0.01s
[719.552s][info][gc,start       ] GC(2493) Pause Young (Allocation Failure)
[719.598s][info][gc,heap        ] GC(2493) PSYoungGen: 116320K(222720K)->46128K(158208K) Eden: 111616K(111616K)->0K(111616K) From: 4704K(111104K)->46128K(46592K)
[719.598s][info][gc,heap        ] GC(2493) ParOldGen: 345797K(499200K)->350284K(499200K)
[719.598s][info][gc,metaspace   ] GC(2493) Metaspace: 19117K(19328K)->19117K(19328K) NonClass: 16454K(16576K)->16454K(16576K) Class: 2663K(2752K)->2663K(2752K)
[719.598s][info][gc             ] GC(2493) Pause Young (Allocation Failure) 451M->387M(642M) 45.299ms
[719.598s][info][gc,cpu         ] GC(2493) User=0.08s Sys=0.00s Real=0.04s
[719.772s][info][gc,start       ] GC(2494) Pause Young (Allocation Failure)
[719.842s][info][gc,heap        ] GC(2494) PSYoungGen: 157744K(158208K)->27104K(227328K) Eden: 111616K(111616K)->0K(118272K) From: 46128K(46592K)->27104K(109056K)
[719.842s][info][gc,heap        ] GC(2494) ParOldGen: 350284K(499200K)->396615K(499200K)
[719.842s][info][gc,metaspace   ] GC(2494) Metaspace: 19117K(19328K)->19117K(19328K) NonClass: 16454K(16576K)->16454K(16576K) Class: 2663K(2752K)->2663K(2752K)
[719.842s][info][gc             ] GC(2494) Pause Young (Allocation Failure) 496M->413M(709M) 69.743ms
[719.842s][info][gc,cpu         ] GC(2494) User=0.14s Sys=0.00s Real=0.07s
[719.945s][info][gc,start       ] GC(2495) Pause Young (Allocation Failure)
[719.978s][info][gc,heap        ] GC(2495) PSYoungGen: 145376K(227328K)->3616K(221184K) Eden: 118271K(118272K)->0K(118272K) From: 27104K(109056K)->3616K(102912K)
[719.978s][info][gc,heap        ] GC(2495) ParOldGen: 396615K(499200K)->423803K(499200K)
[719.978s][info][gc,metaspace   ] GC(2495) Metaspace: 19117K(19328K)->19117K(19328K) NonClass: 16454K(16576K)->16454K(16576K) Class: 2663K(2752K)->2663K(2752K)
[719.978s][info][gc             ] GC(2495) Pause Young (Allocation Failure) 529M->417M(703M) 33.403ms
[719.978s][info][gc,cpu         ] GC(2495) User=0.07s Sys=0.00s Real=0.03s
[720.089s][info][gc,start       ] GC(2496) Pause Young (Allocation Failure)
[720.097s][info][gc,heap        ] GC(2496) PSYoungGen: 121888K(221184K)->800K(225280K) Eden: 118272K(118272K)->0K(124416K) From: 3616K(102912K)->800K(100864K)
[720.098s][info][gc,heap        ] GC(2496) ParOldGen: 423803K(499200K)->427243K(499200K)
[720.098s][info][gc,metaspace   ] GC(2496) Metaspace: 19117K(19328K)->19117K(19328K) NonClass: 16454K(16576K)->16454K(16576K) Class: 2663K(2752K)->2663K(2752K)
[720.098s][info][gc             ] GC(2496) Pause Young (Allocation Failure) 532M->418M(707M) 8.784ms
[720.098s][info][gc,cpu         ] GC(2496) User=0.01s Sys=0.00s Real=0.01s
[720.321s][info][gc,start       ] GC(2497) Pause Young (Allocation Failure)
[720.326s][info][gc,heap        ] GC(2497) PSYoungGen: 125216K(225280K)->1376K(222720K) Eden: 124416K(124416K)->0K(124416K) From: 800K(100864K)->1376K(98304K)
[720.326s][info][gc,heap        ] GC(2497) ParOldGen: 427243K(499200K)->428019K(499200K)
[720.326s][info][gc,metaspace   ] GC(2497) Metaspace: 19117K(19328K)->19117K(19328K) NonClass: 16454K(16576K)->16454K(16576K) Class: 2663K(2752K)->2663K(2752K)
[720.326s][info][gc             ] GC(2497) Pause Young (Allocation Failure) 539M->419M(705M) 4.965ms
[720.326s][info][gc,cpu         ] GC(2497) User=0.01s Sys=0.00s Real=0.00s
[720.564s][info][gc,start       ] GC(2498) Pause Young (Allocation Failure)
[720.578s][info][gc,heap        ] GC(2498) PSYoungGen: 125792K(222720K)->11360K(221696K) Eden: 124416K(124416K)->0K(135168K) From: 1376K(98304K)->11360K(86528K)
[720.578s][info][gc,heap        ] GC(2498) ParOldGen: 428019K(499200K)->428019K(499200K)
[720.578s][info][gc,metaspace   ] GC(2498) Metaspace: 19117K(19328K)->19117K(19328K) NonClass: 16454K(16576K)->16454K(16576K) Class: 2663K(2752K)->2663K(2752K)
[720.578s][info][gc             ] GC(2498) Pause Young (Allocation Failure) 540M->429M(704M) 14.042ms
[720.578s][info][gc,cpu         ] GC(2498) User=0.03s Sys=0.00s Real=0.01s
[720.726s][info][gc,start       ] GC(2499) Pause Young (Allocation Failure)
[720.789s][info][gc,heap        ] GC(2499) PSYoungGen: 146528K(221696K)->69667K(225792K) Eden: 135168K(135168K)->0K(135168K) From: 11360K(86528K)->69667K(90624K)
[720.789s][info][gc,heap        ] GC(2499) ParOldGen: 428019K(499200K)->428019K(499200K)
[720.789s][info][gc,metaspace   ] GC(2499) Metaspace: 19118K(19328K)->19118K(19328K) NonClass: 16455K(16576K)->16455K(16576K) Class: 2663K(2752K)->2663K(2752K)
[720.789s][info][gc             ] GC(2499) Pause Young (Allocation Failure) 561M->486M(708M) 63.798ms
[720.789s][info][gc,cpu         ] GC(2499) User=0.13s Sys=0.00s Real=0.06s
[720.953s][info][gc,start       ] GC(2500) Pause Young (Allocation Failure)
[721.028s][info][gc,heap        ] GC(2500) PSYoungGen: 204835K(225792K)->84328K(212480K) Eden: 135168K(135168K)->0K(111616K) From: 69667K(90624K)->84328K(100864K)
[721.028s][info][gc,heap        ] GC(2500) ParOldGen: 428019K(499200K)->429387K(499200K)
[721.028s][info][gc,metaspace   ] GC(2500) Metaspace: 19118K(19328K)->19118K(19328K) NonClass: 16455K(16576K)->16455K(16576K) Class: 2663K(2752K)->2663K(2752K)
[721.028s][info][gc             ] GC(2500) Pause Young (Allocation Failure) 618M->501M(695M) 75.016ms
[721.028s][info][gc,cpu         ] GC(2500) User=0.15s Sys=0.00s Real=0.07s
[721.082s][info][gc,start       ] GC(2501) Pause Young (Allocation Failure)
[721.205s][info][gc,heap        ] GC(2501) PSYoungGen: 195944K(212480K)->67444K(222720K) Eden: 111616K(111616K)->0K(111616K) From: 84328K(100864K)->67444K(111104K)
[721.205s][info][gc,heap        ] GC(2501) ParOldGen: 429387K(499200K)->497962K(499200K)
[721.205s][info][gc,metaspace   ] GC(2501) Metaspace: 19118K(19328K)->19118K(19328K) NonClass: 16455K(16576K)->16455K(16576K) Class: 2663K(2752K)->2663K(2752K)
[721.205s][info][gc             ] GC(2501) Pause Young (Allocation Failure) 610M->552M(705M) 123.344ms
[721.205s][info][gc,cpu         ] GC(2501) User=0.24s Sys=0.00s Real=0.12s
[721.294s][info][gc,start       ] GC(2502) Pause Young (Allocation Failure)
[721.429s][info][gc,heap        ] GC(2502) PSYoungGen: 179060K(222720K)->31040K(222720K) Eden: 111616K(111616K)->0K(111616K) From: 67444K(111104K)->31040K(111104K)
[721.429s][info][gc,heap        ] GC(2502) ParOldGen: 497962K(499200K)->565607K(565760K)
[721.429s][info][gc,metaspace   ] GC(2502) Metaspace: 19118K(19328K)->19118K(19328K) NonClass: 16455K(16576K)->16455K(16576K) Class: 2663K(2752K)->2663K(2752K)
[721.429s][info][gc             ] GC(2502) Pause Young (Allocation Failure) 661M->582M(770M) 134.713ms
[721.429s][info][gc,cpu         ] GC(2502) User=0.20s Sys=0.06s Real=0.13s
[721.581s][info][gc,start       ] GC(2503) Pause Young (Allocation Failure)
[721.632s][info][gc,heap        ] GC(2503) PSYoungGen: 142656K(222720K)->5364K(117248K) Eden: 111616K(111616K)->0K(111616K) From: 31040K(111104K)->5364K(5632K)
[721.632s][info][gc,heap        ] GC(2503) ParOldGen: 565607K(565760K)->596751K(596992K)
[721.632s][info][gc,metaspace   ] GC(2503) Metaspace: 19118K(19328K)->19118K(19328K) NonClass: 16455K(16576K)->16455K(16576K) Class: 2663K(2752K)->2663K(2752K)
[721.632s][info][gc             ] GC(2503) Pause Young (Allocation Failure) 691M->588M(697M) 51.618ms
[721.632s][info][gc,cpu         ] GC(2503) User=0.07s Sys=0.03s Real=0.05s
[721.752s][info][gc,start       ] GC(2504) Pause Full (Allocation Failure)
[721.752s][info][gc,phases,start] GC(2504) Marking Phase
[721.817s][info][gc,phases      ] GC(2504) Marking Phase 64.674ms
[721.817s][info][gc,phases,start] GC(2504) Summary Phase
[721.817s][info][gc,phases      ] GC(2504) Summary Phase 0.024ms
[721.817s][info][gc,phases,start] GC(2504) Forward
[721.840s][info][gc,phases      ] GC(2504) Forward 23.378ms
[721.840s][info][gc,phases,start] GC(2504) Adjust Pointers
[721.888s][info][gc,phases      ] GC(2504) Adjust Pointers 47.240ms
[721.888s][info][gc,phases,start] GC(2504) Compaction Phase
[721.912s][info][gc,phases      ] GC(2504) Compaction Phase 24.057ms
[721.915s][info][gc,phases,start] GC(2504) Post Compact
[721.917s][info][gc,phases      ] GC(2504) Post Compact 2.060ms
[721.929s][info][gc,heap        ] GC(2504) PSYoungGen: 116980K(117248K)->0K(221184K) Eden: 111616K(111616K)->0K(111616K) From: 5364K(5632K)->0K(109568K)
[721.929s][info][gc,heap        ] GC(2504) ParOldGen: 596751K(596992K)->104376K(456704K)
[721.929s][info][gc,metaspace   ] GC(2504) Metaspace: 19118K(19328K)->19118K(19328K) NonClass: 16455K(16576K)->16455K(16576K) Class: 2663K(2752K)->2663K(2752K)
[721.929s][info][gc             ] GC(2504) Pause Full (Allocation Failure) 697M->101M(662M) 176.407ms
[721.929s][info][gc,cpu         ] GC(2504) User=0.28s Sys=0.01s Real=0.17s
[722.039s][info][gc,start       ] GC(2505) Pause Young (Allocation Failure)
[722.052s][info][gc,heap        ] GC(2505) PSYoungGen: 111616K(221184K)->17696K(129536K) Eden: 111616K(111616K)->0K(111616K) From: 0K(109568K)->17696K(17920K)
[722.052s][info][gc,heap        ] GC(2505) ParOldGen: 104376K(456704K)->104376K(456704K)
[722.052s][info][gc,metaspace   ] GC(2505) Metaspace: 19119K(19328K)->19119K(19328K) NonClass: 16456K(16576K)->16456K(16576K) Class: 2663K(2752K)->2663K(2752K)
[722.052s][info][gc             ] GC(2505) Pause Young (Allocation Failure) 210M->119M(572M) 13.532ms
[722.052s][info][gc,cpu         ] GC(2505) User=0.03s Sys=0.00s Real=0.02s
[722.112s][info][gc,start       ] GC(2506) Pause Young (Allocation Failure)
[722.152s][info][gc,heap        ] GC(2506) PSYoungGen: 129312K(129536K)->41024K(222720K) Eden: 111616K(111616K)->0K(118272K) From: 17696K(17920K)->41024K(104448K)
[722.152s][info][gc,heap        ] GC(2506) ParOldGen: 104376K(456704K)->122216K(456704K)
[722.152s][info][gc,metaspace   ] GC(2506) Metaspace: 19119K(19328K)->19119K(19328K) NonClass: 16456K(16576K)->16456K(16576K) Class: 2663K(2752K)->2663K(2752K)
[722.153s][info][gc             ] GC(2506) Pause Young (Allocation Failure) 228M->159M(663M) 40.470ms
[722.153s][info][gc,cpu         ] GC(2506) User=0.08s Sys=0.00s Real=0.04s
[722.285s][info][gc,start       ] GC(2507) Pause Young (Allocation Failure)
[722.365s][info][gc,heap        ] GC(2507) PSYoungGen: 159296K(222720K)->64576K(219136K) Eden: 118272K(118272K)->0K(118272K) From: 41024K(104448K)->64576K(100864K)
[722.365s][info][gc,heap        ] GC(2507) ParOldGen: 122216K(456704K)->163696K(456704K)
[722.365s][info][gc,metaspace   ] GC(2507) Metaspace: 19119K(19328K)->19119K(19328K) NonClass: 16456K(16576K)->16456K(16576K) Class: 2663K(2752K)->2663K(2752K)
[722.365s][info][gc             ] GC(2507) Pause Young (Allocation Failure) 274M->222M(660M) 79.197ms
[722.365s][info][gc,cpu         ] GC(2507) User=0.16s Sys=0.00s Real=0.08s
[722.417s][info][gc,start       ] GC(2508) Pause Young (Allocation Failure)
[722.505s][info][gc,heap        ] GC(2508) PSYoungGen: 182848K(219136K)->37024K(224768K) Eden: 118272K(118272K)->0K(126976K) From: 64576K(100864K)->37024K(97792K)
[722.505s][info][gc,heap        ] GC(2508) ParOldGen: 163696K(456704K)->228584K(456704K)
[722.505s][info][gc,metaspace   ] GC(2508) Metaspace: 19119K(19328K)->19119K(19328K) NonClass: 16456K(16576K)->16456K(16576K) Class: 2663K(2752K)->2663K(2752K)
[722.505s][info][gc             ] GC(2508) Pause Young (Allocation Failure) 338M->259M(665M) 88.609ms
[722.505s][info][gc,cpu         ] GC(2508) User=0.18s Sys=0.01s Real=0.09s
[722.568s][info][gc,start       ] GC(2509) Pause Young (Allocation Failure)
[722.611s][info][gc,heap        ] GC(2509) PSYoungGen: 164000K(224768K)->26816K(226304K) Eden: 126976K(126976K)->0K(126976K) From: 37024K(97792K)->26816K(99328K)
[722.611s][info][gc,heap        ] GC(2509) ParOldGen: 228584K(456704K)->266032K(456704K)
[722.611s][info][gc,metaspace   ] GC(2509) Metaspace: 19119K(19328K)->19119K(19328K) NonClass: 16456K(16576K)->16456K(16576K) Class: 2663K(2752K)->2663K(2752K)
[722.612s][info][gc             ] GC(2509) Pause Young (Allocation Failure) 383M->285M(667M) 43.352ms
[722.612s][info][gc,cpu         ] GC(2509) User=0.09s Sys=0.00s Real=0.05s
[722.751s][info][gc,start       ] GC(2510) Pause Young (Allocation Failure)
[722.805s][info][gc,heap        ] GC(2510) PSYoungGen: 153792K(226304K)->19457K(230400K) Eden: 126976K(126976K)->0K(139776K) From: 26816K(99328K)->19457K(90624K)
[722.805s][info][gc,heap        ] GC(2510) ParOldGen: 266032K(456704K)->293152K(456704K)
[722.805s][info][gc,metaspace   ] GC(2510) Metaspace: 19119K(19328K)->19119K(19328K) NonClass: 16456K(16576K)->16456K(16576K) Class: 2663K(2752K)->2663K(2752K)
[722.805s][info][gc             ] GC(2510) Pause Young (Allocation Failure) 409M->305M(671M) 54.631ms
[722.805s][info][gc,cpu         ] GC(2510) User=0.11s Sys=0.00s Real=0.05s
[722.937s][info][gc,start       ] GC(2511) Pause Young (Allocation Failure)
[723.002s][info][gc,heap        ] GC(2511) PSYoungGen: 159233K(230400K)->22145K(230912K) Eden: 139776K(139776K)->0K(139776K) From: 19457K(90624K)->22145K(91136K)
[723.002s][info][gc,heap        ] GC(2511) ParOldGen: 293152K(456704K)->312597K(456704K)
[723.002s][info][gc,metaspace   ] GC(2511) Metaspace: 19119K(19328K)->19119K(19328K) NonClass: 16456K(16576K)->16456K(16576K) Class: 2663K(2752K)->2663K(2752K)
[723.002s][info][gc             ] GC(2511) Pause Young (Allocation Failure) 441M->326M(671M) 64.976ms
[723.002s][info][gc,cpu         ] GC(2511) User=0.13s Sys=0.00s Real=0.07s
[723.131s][info][gc,start       ] GC(2512) Pause Young (Allocation Failure)
[723.198s][info][gc,heap        ] GC(2512) PSYoungGen: 161921K(230912K)->34752K(236544K) Eden: 139776K(139776K)->0K(155136K) From: 22145K(91136K)->34752K(81408K)
[723.198s][info][gc,heap        ] GC(2512) ParOldGen: 312597K(456704K)->334218K(456704K)
[723.198s][info][gc,metaspace   ] GC(2512) Metaspace: 19119K(19328K)->19119K(19328K) NonClass: 16456K(16576K)->16456K(16576K) Class: 2663K(2752K)->2663K(2752K)
[723.198s][info][gc             ] GC(2512) Pause Young (Allocation Failure) 463M->360M(677M) 67.646ms
[723.198s][info][gc,cpu         ] GC(2512) User=0.14s Sys=0.00s Real=0.06s
[723.292s][info][gc,start       ] GC(2513) Pause Young (Allocation Failure)
[723.346s][info][gc,heap        ] GC(2513) PSYoungGen: 189888K(236544K)->14784K(238080K) Eden: 155136K(155136K)->0K(155136K) From: 34752K(81408K)->14784K(82944K)
[723.346s][info][gc,heap        ] GC(2513) ParOldGen: 334218K(456704K)->369035K(456704K)
[723.346s][info][gc,metaspace   ] GC(2513) Metaspace: 19119K(19328K)->19119K(19328K) NonClass: 16456K(16576K)->16456K(16576K) Class: 2663K(2752K)->2663K(2752K)
[723.346s][info][gc             ] GC(2513) Pause Young (Allocation Failure) 511M->374M(678M) 54.187ms
[723.346s][info][gc,cpu         ] GC(2513) User=0.11s Sys=0.00s Real=0.05s
[723.460s][info][gc,start       ] GC(2514) Pause Young (Allocation Failure)
[723.492s][info][gc,heap        ] GC(2514) PSYoungGen: 169920K(238080K)->11744K(247296K) Eden: 155136K(155136K)->0K(169984K) From: 14784K(82944K)->11744K(77312K)
[723.492s][info][gc,heap        ] GC(2514) ParOldGen: 369035K(456704K)->383803K(456704K)
[723.492s][info][gc,metaspace   ] GC(2514) Metaspace: 19119K(19328K)->19119K(19328K) NonClass: 16456K(16576K)->16456K(16576K) Class: 2663K(2752K)->2663K(2752K)
[723.492s][info][gc             ] GC(2514) Pause Young (Allocation Failure) 526M->386M(687M) 32.233ms
[723.492s][info][gc,cpu         ] GC(2514) User=0.06s Sys=0.00s Real=0.04s
[723.600s][info][gc,start       ] GC(2515) Pause Young (Allocation Failure)
[723.623s][info][gc,heap        ] GC(2515) PSYoungGen: 181728K(247296K)->4224K(248832K) Eden: 169984K(169984K)->0K(169984K) From: 11744K(77312K)->4224K(78848K)
[723.623s][info][gc,heap        ] GC(2515) ParOldGen: 383803K(456704K)->395555K(456704K)
[723.623s][info][gc,metaspace   ] GC(2515) Metaspace: 19119K(19328K)->19119K(19328K) NonClass: 16456K(16576K)->16456K(16576K) Class: 2663K(2752K)->2663K(2752K)
[723.623s][info][gc             ] GC(2515) Pause Young (Allocation Failure) 552M->390M(689M) 22.929ms
[723.623s][info][gc,cpu         ] GC(2515) User=0.05s Sys=0.00s Real=0.03s
[723.764s][info][gc,start       ] GC(2516) Pause Young (Allocation Failure)
[723.784s][info][gc,heap        ] GC(2516) PSYoungGen: 174208K(248832K)->10176K(249344K) Eden: 169984K(169984K)->0K(176640K) From: 4224K(78848K)->10176K(72704K)
[723.784s][info][gc,heap        ] GC(2516) ParOldGen: 395555K(456704K)->399763K(456704K)
[723.784s][info][gc,metaspace   ] GC(2516) Metaspace: 19119K(19328K)->19119K(19328K) NonClass: 16456K(16576K)->16456K(16576K) Class: 2663K(2752K)->2663K(2752K)
[723.784s][info][gc             ] GC(2516) Pause Young (Allocation Failure) 556M->400M(689M) 20.013ms
[723.784s][info][gc,cpu         ] GC(2516) User=0.04s Sys=0.00s Real=0.02s
[723.967s][info][gc,start       ] GC(2517) Pause Young (Allocation Failure)
[724.002s][info][gc,heap        ] GC(2517) PSYoungGen: 186816K(249344K)->21792K(252416K) Eden: 176640K(176640K)->0K(176640K) From: 10176K(72704K)->21792K(75776K)
[724.002s][info][gc,heap        ] GC(2517) ParOldGen: 399763K(456704K)->409963K(456704K)
[724.002s][info][gc,metaspace   ] GC(2517) Metaspace: 19119K(19328K)->19119K(19328K) NonClass: 16456K(16576K)->16456K(16576K) Class: 2663K(2752K)->2663K(2752K)
[724.002s][info][gc             ] GC(2517) Pause Young (Allocation Failure) 572M->421M(692M) 34.638ms
[724.002s][info][gc,cpu         ] GC(2517) User=0.07s Sys=0.00s Real=0.04s
[724.461s][info][gc,start       ] GC(2518) Pause Young (Allocation Failure)
[724.500s][info][gc,heap        ] GC(2518) PSYoungGen: 198432K(252416K)->14016K(253440K) Eden: 176640K(176640K)->0K(186880K) From: 21792K(75776K)->14016K(66560K)
[724.500s][info][gc,heap        ] GC(2518) ParOldGen: 409963K(456704K)->431790K(456704K)
[724.500s][info][gc,metaspace   ] GC(2518) Metaspace: 19119K(19328K)->19119K(19328K) NonClass: 16456K(16576K)->16456K(16576K) Class: 2663K(2752K)->2663K(2752K)
[724.500s][info][gc             ] GC(2518) Pause Young (Allocation Failure) 594M->435M(693M) 38.954ms
[724.500s][info][gc,cpu         ] GC(2518) User=0.08s Sys=0.00s Real=0.03s
[724.983s][info][gc,start       ] GC(2519) Pause Young (Allocation Failure)
[725.000s][info][gc,heap        ] GC(2519) PSYoungGen: 200896K(253440K)->128K(254976K) Eden: 186880K(186880K)->0K(186880K) From: 14016K(66560K)->128K(68096K)
[725.000s][info][gc,heap        ] GC(2519) ParOldGen: 431790K(456704K)->445814K(456704K)
[725.000s][info][gc,metaspace   ] GC(2519) Metaspace: 19119K(19328K)->19119K(19328K) NonClass: 16456K(16576K)->16456K(16576K) Class: 2663K(2752K)->2663K(2752K)
[725.000s][info][gc             ] GC(2519) Pause Young (Allocation Failure) 617M->435M(695M) 16.295ms
[725.000s][info][gc,cpu         ] GC(2519) User=0.03s Sys=0.00s Real=0.01s
[725.423s][info][gc,start       ] GC(2520) Pause Young (Allocation Failure)
[725.425s][info][gc,heap        ] GC(2520) PSYoungGen: 187008K(254976K)->64K(263168K) Eden: 186880K(186880K)->0K(198144K) From: 128K(68096K)->64K(65024K)
[725.425s][info][gc,heap        ] GC(2520) ParOldGen: 445814K(456704K)->445910K(456704K)
[725.425s][info][gc,metaspace   ] GC(2520) Metaspace: 19119K(19328K)->19119K(19328K) NonClass: 16456K(16576K)->16456K(16576K) Class: 2663K(2752K)->2663K(2752K)
[725.425s][info][gc             ] GC(2520) Pause Young (Allocation Failure) 617M->435M(703M) 2.117ms
[725.425s][info][gc,cpu         ] GC(2520) User=0.00s Sys=0.00s Real=0.00s
[725.863s][info][gc,start       ] GC(2521) Pause Young (Allocation Failure)
[725.885s][info][gc,heap        ] GC(2521) PSYoungGen: 198208K(263168K)->4576K(264704K) Eden: 198144K(198144K)->0K(198144K) From: 64K(65024K)->4576K(66560K)
[725.885s][info][gc,heap        ] GC(2521) ParOldGen: 445910K(456704K)->445910K(456704K)
[725.885s][info][gc,metaspace   ] GC(2521) Metaspace: 19119K(19328K)->19119K(19328K) NonClass: 16456K(16576K)->16456K(16576K) Class: 2663K(2752K)->2663K(2752K)
[725.885s][info][gc             ] GC(2521) Pause Young (Allocation Failure) 629M->439M(704M) 21.913ms
[725.885s][info][gc,cpu         ] GC(2521) User=0.05s Sys=0.00s Real=0.02s
[726.045s][info][gc,start       ] GC(2522) Pause Young (Allocation Failure)
[726.102s][info][gc,heap        ] GC(2522) PSYoungGen: 202720K(264704K)->64486K(241664K) Eden: 198144K(198144K)->0K(177152K) From: 4576K(66560K)->64486K(64512K)
[726.102s][info][gc,heap        ] GC(2522) ParOldGen: 445910K(456704K)->448766K(456704K)
[726.102s][info][gc,metaspace   ] GC(2522) Metaspace: 19119K(19328K)->19119K(19328K) NonClass: 16456K(16576K)->16456K(16576K) Class: 2663K(2752K)->2663K(2752K)
[726.102s][info][gc             ] GC(2522) Pause Young (Allocation Failure) 633M->501M(682M) 57.661ms
[726.102s][info][gc,cpu         ] GC(2522) User=0.10s Sys=0.01s Real=0.06s
[726.292s][info][gc,start       ] GC(2523) Pause Young (Allocation Failure)
[726.355s][info][gc,heap        ] GC(2523) PSYoungGen: 241638K(241664K)->78320K(255488K) Eden: 177152K(177152K)->0K(177152K) From: 64486K(64512K)->78320K(78336K)
[726.355s][info][gc,heap        ] GC(2523) ParOldGen: 448766K(456704K)->458205K(458240K)
[726.355s][info][gc,metaspace   ] GC(2523) Metaspace: 19119K(19328K)->19119K(19328K) NonClass: 16456K(16576K)->16456K(16576K) Class: 2663K(2752K)->2663K(2752K)
[726.355s][info][gc             ] GC(2523) Pause Young (Allocation Failure) 674M->523M(697M) 63.219ms
[726.355s][info][gc,cpu         ] GC(2523) User=0.12s Sys=0.01s Real=0.06s
[726.497s][info][gc,start       ] GC(2524) Pause Young (Allocation Failure)
[726.636s][info][gc,heap        ] GC(2524) PSYoungGen: 255472K(255488K)->40837K(223744K) Eden: 177152K(177152K)->0K(145408K) From: 78320K(78336K)->40837K(78336K)
[726.636s][info][gc,heap        ] GC(2524) ParOldGen: 458205K(458240K)->537219K(537600K)
[726.636s][info][gc,metaspace   ] GC(2524) Metaspace: 19119K(19328K)->19119K(19328K) NonClass: 16456K(16576K)->16456K(16576K) Class: 2663K(2752K)->2663K(2752K)
[726.636s][info][gc             ] GC(2524) Pause Young (Allocation Failure) 696M->564M(743M) 139.095ms
[726.636s][info][gc,cpu         ] GC(2524) User=0.21s Sys=0.07s Real=0.14s
[726.747s][info][gc,start       ] GC(2525) Pause Young (Allocation Failure)
[726.818s][info][gc,heap        ] GC(2525) PSYoungGen: 186245K(223744K)->11904K(239616K) Eden: 145408K(145408K)->0K(145408K) From: 40837K(78336K)->11904K(94208K)
[726.818s][info][gc,heap        ] GC(2525) ParOldGen: 537219K(537600K)->577886K(578048K)
[726.818s][info][gc,metaspace   ] GC(2525) Metaspace: 19119K(19328K)->19119K(19328K) NonClass: 16456K(16576K)->16456K(16576K) Class: 2663K(2752K)->2663K(2752K)
[726.818s][info][gc             ] GC(2525) Pause Young (Allocation Failure) 706M->575M(798M) 71.977ms
[726.818s][info][gc,cpu         ] GC(2525) User=0.11s Sys=0.03s Real=0.07s
[726.914s][info][gc,start       ] GC(2526) Pause Young (Allocation Failure)
[726.956s][info][gc,heap        ] GC(2526) PSYoungGen: 157312K(239616K)->13120K(229376K) Eden: 145408K(145408K)->0K(148480K) From: 11904K(94208K)->13120K(80896K)
[726.956s][info][gc,heap        ] GC(2526) ParOldGen: 577886K(578048K)->589774K(589824K)
[726.956s][info][gc,metaspace   ] GC(2526) Metaspace: 19119K(19328K)->19119K(19328K) NonClass: 16456K(16576K)->16456K(16576K) Class: 2663K(2752K)->2663K(2752K)
[726.956s][info][gc             ] GC(2526) Pause Young (Allocation Failure) 717M->588M(800M) 42.259ms
[726.956s][info][gc,cpu         ] GC(2526) User=0.06s Sys=0.02s Real=0.04s
[727.087s][info][gc,start       ] GC(2527) Pause Young (Allocation Failure)
[727.151s][info][gc,heap        ] GC(2527) PSYoungGen: 161600K(229376K)->37024K(236032K) Eden: 148480K(148480K)->0K(148480K) From: 13120K(80896K)->37024K(87552K)
[727.151s][info][gc,heap        ] GC(2527) ParOldGen: 589774K(589824K)->602886K(603136K)
[727.151s][info][gc,metaspace   ] GC(2527) Metaspace: 19119K(19328K)->19119K(19328K) NonClass: 16456K(16576K)->16456K(16576K) Class: 2663K(2752K)->2663K(2752K)
[727.151s][info][gc             ] GC(2527) Pause Young (Allocation Failure) 733M->624M(819M) 64.781ms
[727.151s][info][gc,cpu         ] GC(2527) User=0.13s Sys=0.00s Real=0.07s
[727.247s][info][gc,start       ] GC(2528) Pause Full (Allocation Failure)
[727.247s][info][gc,phases,start] GC(2528) Marking Phase
[727.512s][info][gc,phases      ] GC(2528) Marking Phase 264.708ms
[727.512s][info][gc,phases,start] GC(2528) Summary Phase
[727.512s][info][gc,phases      ] GC(2528) Summary Phase 0.028ms
[727.512s][info][gc,phases,start] GC(2528) Forward
[727.604s][info][gc,phases      ] GC(2528) Forward 92.716ms
[727.604s][info][gc,phases,start] GC(2528) Adjust Pointers
[727.817s][info][gc,phases      ] GC(2528) Adjust Pointers 212.248ms
[727.817s][info][gc,phases,start] GC(2528) Compaction Phase
[727.938s][info][gc,phases      ] GC(2528) Compaction Phase 120.983ms
[727.946s][info][gc,phases,start] GC(2528) Post Compact
[727.948s][info][gc,phases      ] GC(2528) Post Compact 2.264ms
[727.949s][info][gc,heap        ] GC(2528) PSYoungGen: 185504K(236032K)->0K(243712K) Eden: 148480K(148480K)->0K(161280K) From: 37024K(87552K)->0K(82432K)
[727.949s][info][gc,heap        ] GC(2528) ParOldGen: 602886K(603136K)->373031K(667648K)
[727.949s][info][gc,metaspace   ] GC(2528) Metaspace: 19119K(19328K)->19119K(19328K) NonClass: 16456K(16576K)->16456K(16576K) Class: 2663K(2752K)->2663K(2752K)
[727.949s][info][gc             ] GC(2528) Pause Full (Allocation Failure) 769M->364M(890M) 701.925ms
[727.949s][info][gc,cpu         ] GC(2528) User=1.33s Sys=0.00s Real=0.70s
[728.062s][info][gc,start       ] GC(2529) Pause Young (Allocation Failure)
[728.071s][info][gc,heap        ] GC(2529) PSYoungGen: 161280K(243712K)->2272K(246272K) Eden: 161280K(161280K)->0K(161280K) From: 0K(82432K)->2272K(84992K)
[728.072s][info][gc,heap        ] GC(2529) ParOldGen: 373031K(667648K)->373031K(667648K)
[728.072s][info][gc,metaspace   ] GC(2529) Metaspace: 19119K(19328K)->19119K(19328K) NonClass: 16456K(16576K)->16456K(16576K) Class: 2663K(2752K)->2663K(2752K)
[728.072s][info][gc             ] GC(2529) Pause Young (Allocation Failure) 521M->366M(892M) 9.499ms
[728.072s][info][gc,cpu         ] GC(2529) User=0.01s Sys=0.01s Real=0.01s
[728.218s][info][gc,start       ] GC(2530) Pause Young (Allocation Failure)
[728.238s][info][gc,heap        ] GC(2530) PSYoungGen: 163552K(246272K)->10848K(240640K) Eden: 161280K(161280K)->0K(164864K) From: 2272K(84992K)->10848K(75776K)
[728.238s][info][gc,heap        ] GC(2530) ParOldGen: 373031K(667648K)->375311K(667648K)
[728.238s][info][gc,metaspace   ] GC(2530) Metaspace: 19119K(19328K)->19119K(19328K) NonClass: 16456K(16576K)->16456K(16576K) Class: 2663K(2752K)->2663K(2752K)
[728.238s][info][gc             ] GC(2530) Pause Young (Allocation Failure) 524M->377M(887M) 19.823ms
[728.238s][info][gc,cpu         ] GC(2530) User=0.03s Sys=0.00s Real=0.02s
[728.471s][info][gc,start       ] GC(2531) Pause Young (Allocation Failure)
[728.498s][info][gc,heap        ] GC(2531) PSYoungGen: 175712K(240640K)->14080K(245248K) Eden: 164864K(164864K)->0K(164864K) From: 10848K(75776K)->14080K(80384K)
[728.498s][info][gc,heap        ] GC(2531) ParOldGen: 375311K(667648K)->386159K(667648K)
[728.498s][info][gc,metaspace   ] GC(2531) Metaspace: 19119K(19328K)->19119K(19328K) NonClass: 16456K(16576K)->16456K(16576K) Class: 2663K(2752K)->2663K(2752K)
[728.498s][info][gc             ] GC(2531) Pause Young (Allocation Failure) 538M->390M(891M) 26.992ms
[728.498s][info][gc,cpu         ] GC(2531) User=0.05s Sys=0.00s Real=0.02s
[728.793s][info][gc,start       ] GC(2532) Pause Young (Allocation Failure)
[728.831s][info][gc,heap        ] GC(2532) PSYoungGen: 178944K(245248K)->20880K(243712K) Eden: 164864K(164864K)->0K(177152K) From: 14080K(80384K)->20880K(66560K)
[728.831s][info][gc,heap        ] GC(2532) ParOldGen: 386159K(667648K)->400217K(667648K)
[728.831s][info][gc,metaspace   ] GC(2532) Metaspace: 19119K(19328K)->19119K(19328K) NonClass: 16456K(16576K)->16456K(16576K) Class: 2663K(2752K)->2663K(2752K)
[728.831s][info][gc             ] GC(2532) Pause Young (Allocation Failure) 551M->411M(890M) 38.341ms
[728.831s][info][gc,cpu         ] GC(2532) User=0.07s Sys=0.00s Real=0.04s
[729.089s][info][gc,start       ] GC(2533) Pause Young (Allocation Failure)
[729.120s][info][gc,heap        ] GC(2533) PSYoungGen: 198032K(243712K)->10960K(248832K) Eden: 177152K(177152K)->0K(177152K) From: 20880K(66560K)->10960K(71680K)
[729.120s][info][gc,heap        ] GC(2533) ParOldGen: 400217K(667648K)->421193K(667648K)
[729.120s][info][gc,metaspace   ] GC(2533) Metaspace: 19119K(19328K)->19119K(19328K) NonClass: 16456K(16576K)->16456K(16576K) Class: 2663K(2752K)->2663K(2752K)
[729.120s][info][gc             ] GC(2533) Pause Young (Allocation Failure) 584M->422M(895M) 30.854ms
[729.120s][info][gc,cpu         ] GC(2533) User=0.06s Sys=0.00s Real=0.03s
[729.214s][info][gc,start       ] GC(2534) Pause Young (Allocation Failure)
[729.278s][info][gc,heap        ] GC(2534) PSYoungGen: 188112K(248832K)->65472K(241664K) Eden: 177152K(177152K)->0K(173056K) From: 10960K(71680K)->65472K(68608K)
[729.278s][info][gc,heap        ] GC(2534) ParOldGen: 421193K(667648K)->432097K(667648K)
[729.278s][info][gc,metaspace   ] GC(2534) Metaspace: 19119K(19328K)->19119K(19328K) NonClass: 16456K(16576K)->16456K(16576K) Class: 2663K(2752K)->2663K(2752K)
[729.278s][info][gc             ] GC(2534) Pause Young (Allocation Failure) 595M->485M(888M) 63.874ms
[729.278s][info][gc,cpu         ] GC(2534) User=0.12s Sys=0.00s Real=0.06s
[729.577s][info][gc,start       ] GC(2535) Pause Young (Allocation Failure)
[729.628s][info][gc,heap        ] GC(2535) PSYoungGen: 238528K(241664K)->10464K(253440K) Eden: 173056K(173056K)->0K(173056K) From: 65472K(68608K)->10464K(80384K)
[729.628s][info][gc,heap        ] GC(2535) ParOldGen: 432097K(667648K)->498378K(667648K)
[729.628s][info][gc,metaspace   ] GC(2535) Metaspace: 19119K(19328K)->19119K(19328K) NonClass: 16456K(16576K)->16456K(16576K) Class: 2663K(2752K)->2663K(2752K)
[729.628s][info][gc             ] GC(2535) Pause Young (Allocation Failure) 654M->496M(899M) 51.111ms
[729.628s][info][gc,cpu         ] GC(2535) User=0.10s Sys=0.00s Real=0.05s
[729.854s][info][gc,start       ] GC(2536) Pause Young (Allocation Failure)
[729.919s][info][gc,heap        ] GC(2536) PSYoungGen: 183520K(253440K)->42088K(253440K) Eden: 173056K(173056K)->0K(176128K) From: 10464K(80384K)->42088K(77312K)
[729.919s][info][gc,heap        ] GC(2536) ParOldGen: 498378K(667648K)->508906K(667648K)
[729.919s][info][gc,metaspace   ] GC(2536) Metaspace: 19119K(19328K)->19119K(19328K) NonClass: 16456K(16576K)->16456K(16576K) Class: 2663K(2752K)->2663K(2752K)
[729.919s][info][gc             ] GC(2536) Pause Young (Allocation Failure) 665M->538M(899M) 64.929ms
[729.919s][info][gc,cpu         ] GC(2536) User=0.13s Sys=0.00s Real=0.06s
[730.106s][info][gc,start       ] GC(2537) Pause Young (Allocation Failure)
[730.172s][info][gc,heap        ] GC(2537) PSYoungGen: 218216K(253440K)->14432K(190976K) Eden: 176128K(176128K)->0K(176128K) From: 42088K(77312K)->14432K(14848K)
[730.172s][info][gc,heap        ] GC(2537) ParOldGen: 508906K(667648K)->551056K(667648K)
[730.172s][info][gc,metaspace   ] GC(2537) Metaspace: 19119K(19328K)->19119K(19328K) NonClass: 16456K(16576K)->16456K(16576K) Class: 2663K(2752K)->2663K(2752K)
[730.172s][info][gc             ] GC(2537) Pause Young (Allocation Failure) 710M->552M(838M) 65.988ms
[730.172s][info][gc,cpu         ] GC(2537) User=0.14s Sys=0.00s Real=0.07s
[730.370s][info][gc,start       ] GC(2538) Pause Young (Allocation Failure)
[730.395s][info][gc,heap        ] GC(2538) PSYoungGen: 190560K(190976K)->4256K(254464K) Eden: 176128K(176128K)->0K(179200K) From: 14432K(14848K)->4256K(75264K)
[730.395s][info][gc,heap        ] GC(2538) ParOldGen: 551056K(667648K)->565520K(667648K)
[730.395s][info][gc,metaspace   ] GC(2538) Metaspace: 19119K(19328K)->19119K(19328K) NonClass: 16456K(16576K)->16456K(16576K) Class: 2663K(2752K)->2663K(2752K)
[730.395s][info][gc             ] GC(2538) Pause Young (Allocation Failure) 724M->556M(900M) 25.253ms
[730.395s][info][gc,cpu         ] GC(2538) User=0.05s Sys=0.00s Real=0.03s
[730.626s][info][gc,start       ] GC(2539) Pause Young (Allocation Failure)
[730.643s][info][gc,heap        ] GC(2539) PSYoungGen: 183456K(254464K)->9504K(252928K) Eden: 179200K(179200K)->0K(179200K) From: 4256K(75264K)->9504K(73728K)
[730.643s][info][gc,heap        ] GC(2539) ParOldGen: 565520K(667648K)->569752K(667648K)
[730.643s][info][gc,metaspace   ] GC(2539) Metaspace: 19119K(19328K)->19119K(19328K) NonClass: 16456K(16576K)->16456K(16576K) Class: 2663K(2752K)->2663K(2752K)
[730.643s][info][gc             ] GC(2539) Pause Young (Allocation Failure) 731M->565M(899M) 16.776ms
[730.643s][info][gc,cpu         ] GC(2539) User=0.03s Sys=0.00s Real=0.02s
[731.004s][info][gc,start       ] GC(2540) Pause Young (Allocation Failure)
[731.049s][info][gc,heap        ] GC(2540) PSYoungGen: 188704K(252928K)->22368K(254976K) Eden: 179200K(179200K)->0K(188928K) From: 9504K(73728K)->22368K(66048K)
[731.049s][info][gc,heap        ] GC(2540) ParOldGen: 569752K(667648K)->579248K(667648K)
[731.049s][info][gc,metaspace   ] GC(2540) Metaspace: 19119K(19328K)->19119K(19328K) NonClass: 16456K(16576K)->16456K(16576K) Class: 2663K(2752K)->2663K(2752K)
[731.049s][info][gc             ] GC(2540) Pause Young (Allocation Failure) 740M->587M(901M) 45.132ms
[731.049s][info][gc,cpu         ] GC(2540) User=0.09s Sys=0.00s Real=0.04s
[731.242s][info][gc,start       ] GC(2541) Pause Young (Allocation Failure)
[731.313s][info][gc,heap        ] GC(2541) PSYoungGen: 211296K(254976K)->66242K(255488K) Eden: 188928K(188928K)->0K(188928K) From: 22368K(66048K)->66242K(66560K)
[731.313s][info][gc,heap        ] GC(2541) ParOldGen: 579248K(667648K)->601657K(667648K)
[731.313s][info][gc,metaspace   ] GC(2541) Metaspace: 19119K(19328K)->19119K(19328K) NonClass: 16456K(16576K)->16456K(16576K) Class: 2663K(2752K)->2663K(2752K)
[731.313s][info][gc             ] GC(2541) Pause Young (Allocation Failure) 772M->652M(901M) 70.909ms
[731.313s][info][gc,cpu         ] GC(2541) User=0.14s Sys=0.00s Real=0.07s
[731.612s][info][gc,start       ] GC(2542) Pause Young (Allocation Failure)
[731.697s][info][gc,promotion   ] GC(2542) Promotion failed
[731.697s][info][gc,heap        ] GC(2542) PSYoungGen: 255170K(255488K)->255170K(255488K) Eden: 188928K(188928K)->188928K(188928K) From: 66242K(66560K)->66242K(66560K)
[731.697s][info][gc,heap        ] GC(2542) ParOldGen: 601657K(667648K)->667646K(667648K)
[731.697s][info][gc,metaspace   ] GC(2542) Metaspace: 19119K(19328K)->19119K(19328K) NonClass: 16456K(16576K)->16456K(16576K) Class: 2663K(2752K)->2663K(2752K)
[731.697s][info][gc             ] GC(2542) Pause Young (Allocation Failure) 836M->901M(901M) 84.823ms
[731.697s][info][gc,cpu         ] GC(2542) User=0.12s Sys=0.05s Real=0.08s
[731.697s][info][gc,start       ] GC(2543) Pause Full (Allocation Failure)
[731.697s][info][gc,phases,start] GC(2543) Marking Phase
[732.020s][info][gc,phases      ] GC(2543) Marking Phase 322.625ms
[732.020s][info][gc,phases,start] GC(2543) Summary Phase
[732.020s][info][gc,phases      ] GC(2543) Summary Phase 0.027ms
[732.020s][info][gc,phases,start] GC(2543) Forward
[732.148s][info][gc,phases      ] GC(2543) Forward 128.515ms
[732.148s][info][gc,phases,start] GC(2543) Adjust Pointers
[732.395s][info][gc,phases      ] GC(2543) Adjust Pointers 246.808ms
[732.395s][info][gc,phases,start] GC(2543) Compaction Phase
[732.548s][info][gc,phases      ] GC(2543) Compaction Phase 152.920ms
[732.555s][info][gc,phases,start] GC(2543) Post Compact
[732.557s][info][gc,phases      ] GC(2543) Post Compact 2.652ms
[732.557s][info][gc,heap        ] GC(2543) PSYoungGen: 255170K(255488K)->0K(255488K) Eden: 188928K(188928K)->0K(177152K) From: 66242K(66560K)->0K(78336K)
[732.557s][info][gc,heap        ] GC(2543) ParOldGen: 667646K(667648K)->463515K(667648K)
[732.557s][info][gc,metaspace   ] GC(2543) Metaspace: 19119K(19328K)->19119K(19328K) NonClass: 16456K(16576K)->16456K(16576K) Class: 2663K(2752K)->2663K(2752K)
[732.558s][info][gc             ] GC(2543) Pause Full (Allocation Failure) 901M->452M(901M) 860.572ms
[732.558s][info][gc,cpu         ] GC(2543) User=1.61s Sys=0.00s Real=0.86s
[732.812s][info][gc,start       ] GC(2544) Pause Young (Allocation Failure)
[732.863s][info][gc,heap        ] GC(2544) PSYoungGen: 177152K(255488K)->42624K(220160K) Eden: 177152K(177152K)->0K(177152K) From: 0K(78336K)->42624K(43008K)
[732.863s][info][gc,heap        ] GC(2544) ParOldGen: 463515K(667648K)->463515K(667648K)
[732.863s][info][gc,metaspace   ] GC(2544) Metaspace: 19119K(19328K)->19119K(19328K) NonClass: 16456K(16576K)->16456K(16576K) Class: 2663K(2752K)->2663K(2752K)
[732.863s][info][gc             ] GC(2544) Pause Young (Allocation Failure) 625M->494M(867M) 51.202ms
[732.863s][info][gc,cpu         ] GC(2544) User=0.10s Sys=0.00s Real=0.05s
[733.033s][info][gc,start       ] GC(2545) Pause Young (Allocation Failure)
[733.101s][info][gc,heap        ] GC(2545) PSYoungGen: 219776K(220160K)->13856K(257024K) Eden: 177152K(177152K)->0K(177664K) From: 42624K(43008K)->13856K(79360K)
[733.101s][info][gc,heap        ] GC(2545) ParOldGen: 463515K(667648K)->506203K(667648K)
[733.101s][info][gc,metaspace   ] GC(2545) Metaspace: 19119K(19328K)->19119K(19328K) NonClass: 16456K(16576K)->16456K(16576K) Class: 2663K(2752K)->2663K(2752K)
[733.101s][info][gc             ] GC(2545) Pause Young (Allocation Failure) 667M->507M(903M) 67.305ms
[733.101s][info][gc,cpu         ] GC(2545) User=0.13s Sys=0.00s Real=0.07s
[733.336s][info][gc,start       ] GC(2546) Pause Young (Allocation Failure)
[733.362s][info][gc,heap        ] GC(2546) PSYoungGen: 191520K(257024K)->4512K(182272K) Eden: 177664K(177664K)->0K(177664K) From: 13856K(79360K)->4512K(4608K)
[733.362s][info][gc,heap        ] GC(2546) ParOldGen: 506203K(667648K)->520091K(667648K)
[733.362s][info][gc,metaspace   ] GC(2546) Metaspace: 19119K(19328K)->19119K(19328K) NonClass: 16456K(16576K)->16456K(16576K) Class: 2663K(2752K)->2663K(2752K)
[733.362s][info][gc             ] GC(2546) Pause Young (Allocation Failure) 681M->512M(830M) 26.724ms
[733.362s][info][gc,cpu         ] GC(2546) User=0.06s Sys=0.00s Real=0.03s
[733.643s][info][gc,start       ] GC(2547) Pause Young (Allocation Failure)
[733.663s][info][gc,heap        ] GC(2547) PSYoungGen: 182176K(182272K)->9728K(255488K) Eden: 177664K(177664K)->0K(180224K) From: 4512K(4608K)->9728K(75264K)
[733.663s][info][gc,heap        ] GC(2547) ParOldGen: 520091K(667648K)->524571K(667648K)
[733.663s][info][gc,metaspace   ] GC(2547) Metaspace: 19119K(19328K)->19119K(19328K) NonClass: 16456K(16576K)->16456K(16576K) Class: 2663K(2752K)->2663K(2752K)
[733.663s][info][gc             ] GC(2547) Pause Young (Allocation Failure) 685M->521M(901M) 19.571ms
[733.663s][info][gc,cpu         ] GC(2547) User=0.03s Sys=0.00s Real=0.02s
[734.055s][info][gc,start       ] GC(2548) Pause Young (Allocation Failure)
[734.085s][info][gc,heap        ] GC(2548) PSYoungGen: 189952K(255488K)->17008K(252928K) Eden: 180224K(180224K)->0K(180224K) From: 9728K(75264K)->17008K(72704K)
[734.085s][info][gc,heap        ] GC(2548) ParOldGen: 524571K(667648K)->534291K(667648K)
[734.085s][info][gc,metaspace   ] GC(2548) Metaspace: 19119K(19328K)->19119K(19328K) NonClass: 16456K(16576K)->16456K(16576K) Class: 2663K(2752K)->2663K(2752K)
[734.085s][info][gc             ] GC(2548) Pause Young (Allocation Failure) 697M->538M(899M) 30.239ms
[734.085s][info][gc,cpu         ] GC(2548) User=0.06s Sys=0.00s Real=0.03s
[734.534s][info][gc,start       ] GC(2549) Pause Young (Allocation Failure)
[734.552s][info][gc,heap        ] GC(2549) PSYoungGen: 197232K(252928K)->17136K(257536K) Eden: 180224K(180224K)->0K(189440K) From: 17008K(72704K)->17136K(68096K)
[734.552s][info][gc,heap        ] GC(2549) ParOldGen: 534291K(667648K)->534291K(667648K)
[734.552s][info][gc,metaspace   ] GC(2549) Metaspace: 19119K(19328K)->19119K(19328K) NonClass: 16456K(16576K)->16456K(16576K) Class: 2663K(2752K)->2663K(2752K)
[734.552s][info][gc             ] GC(2549) Pause Young (Allocation Failure) 714M->538M(903M) 18.271ms
[734.552s][info][gc,cpu         ] GC(2549) User=0.03s Sys=0.00s Real=0.02s
[735.014s][info][gc,start       ] GC(2550) Pause Young (Allocation Failure)
[735.046s][info][gc,heap        ] GC(2550) PSYoungGen: 206576K(257536K)->17072K(254464K) Eden: 189440K(189440K)->0K(189440K) From: 17136K(68096K)->17072K(65024K)
[735.046s][info][gc,heap        ] GC(2550) ParOldGen: 534291K(667648K)->534291K(667648K)
[735.046s][info][gc,metaspace   ] GC(2550) Metaspace: 19121K(19328K)->19121K(19328K) NonClass: 16458K(16576K)->16458K(16576K) Class: 2663K(2752K)->2663K(2752K)
[735.046s][info][gc             ] GC(2550) Pause Young (Allocation Failure) 723M->538M(900M) 32.694ms
[735.046s][info][gc,cpu         ] GC(2550) User=0.06s Sys=0.00s Real=0.03s
[735.280s][info][gc,start       ] GC(2551) Pause Young (Allocation Failure)
[735.329s][info][gc,heap        ] GC(2551) PSYoungGen: 206512K(254464K)->60480K(250880K) Eden: 189440K(189440K)->0K(189440K) From: 17072K(65024K)->60480K(61440K)
[735.329s][info][gc,heap        ] GC(2551) ParOldGen: 534291K(667648K)->534291K(667648K)
[735.329s][info][gc,metaspace   ] GC(2551) Metaspace: 19121K(19328K)->19121K(19328K) NonClass: 16458K(16576K)->16458K(16576K) Class: 2663K(2752K)->2663K(2752K)
[735.329s][info][gc             ] GC(2551) Pause Young (Allocation Failure) 723M->580M(897M) 49.137ms
[735.329s][info][gc,cpu         ] GC(2551) User=0.10s Sys=0.00s Real=0.05s
[735.562s][info][gc,start       ] GC(2552) Pause Young (Allocation Failure)
[735.631s][info][gc,heap        ] GC(2552) PSYoungGen: 249920K(250880K)->72160K(261632K) Eden: 189440K(189440K)->0K(189440K) From: 60480K(61440K)->72160K(72192K)
[735.631s][info][gc,heap        ] GC(2552) ParOldGen: 534291K(667648K)->554843K(667648K)
[735.631s][info][gc,metaspace   ] GC(2552) Metaspace: 19121K(19328K)->19121K(19328K) NonClass: 16458K(16576K)->16458K(16576K) Class: 2663K(2752K)->2663K(2752K)
[735.631s][info][gc             ] GC(2552) Pause Young (Allocation Failure) 765M->612M(907M) 69.258ms
[735.631s][info][gc,cpu         ] GC(2552) User=0.14s Sys=0.00s Real=0.07s
[735.890s][info][gc,start       ] GC(2553) Pause Young (Allocation Failure)
[736.004s][info][gc,heap        ] GC(2553) PSYoungGen: 261600K(261632K)->72160K(183808K) Eden: 189440K(189440K)->0K(111616K) From: 72160K(72192K)->72160K(72192K)
[736.004s][info][gc,heap        ] GC(2553) ParOldGen: 554843K(667648K)->590572K(667648K)
[736.004s][info][gc,metaspace   ] GC(2553) Metaspace: 19121K(19328K)->19121K(19328K) NonClass: 16458K(16576K)->16458K(16576K) Class: 2663K(2752K)->2663K(2752K)
[736.004s][info][gc             ] GC(2553) Pause Young (Allocation Failure) 797M->647M(831M) 114.203ms
[736.004s][info][gc,cpu         ] GC(2553) User=0.22s Sys=0.01s Real=0.12s
[736.145s][info][gc,start       ] GC(2554) Pause Young (Allocation Failure)
[736.245s][info][gc,heap        ] GC(2554) PSYoungGen: 183776K(183808K)->63680K(222720K) Eden: 111616K(111616K)->0K(111616K) From: 72160K(72192K)->63680K(111104K)
[736.245s][info][gc,heap        ] GC(2554) ParOldGen: 590572K(667648K)->617508K(667648K)
[736.245s][info][gc,metaspace   ] GC(2554) Metaspace: 19121K(19328K)->19121K(19328K) NonClass: 16458K(16576K)->16458K(16576K) Class: 2663K(2752K)->2663K(2752K)
[736.245s][info][gc             ] GC(2554) Pause Young (Allocation Failure) 756M->665M(869M) 100.100ms
[736.245s][info][gc,cpu         ] GC(2554) User=0.20s Sys=0.00s Real=0.10s
[736.332s][info][gc,start       ] GC(2555) Pause Full (Allocation Failure)
[736.332s][info][gc,phases,start] GC(2555) Marking Phase
[736.814s][info][gc,phases      ] GC(2555) Marking Phase 481.360ms
[736.814s][info][gc,phases,start] GC(2555) Summary Phase
[736.814s][info][gc,phases      ] GC(2555) Summary Phase 0.026ms
[736.814s][info][gc,phases,start] GC(2555) Forward
[736.923s][info][gc,phases      ] GC(2555) Forward 109.582ms
[736.923s][info][gc,phases,start] GC(2555) Adjust Pointers
[737.282s][info][gc,phases      ] GC(2555) Adjust Pointers 358.695ms
[737.282s][info][gc,phases,start] GC(2555) Compaction Phase
[737.493s][info][gc,phases      ] GC(2555) Compaction Phase 210.975ms
[737.502s][info][gc,phases,start] GC(2555) Post Compact
[737.504s][info][gc,phases      ] GC(2555) Post Compact 2.314ms
[737.504s][info][gc,heap        ] GC(2555) PSYoungGen: 175296K(222720K)->0K(222720K) Eden: 111616K(111616K)->0K(111616K) From: 63680K(111104K)->0K(111104K)
[737.504s][info][gc,heap        ] GC(2555) ParOldGen: 617508K(667648K)->664227K(667648K)
[737.504s][info][gc,metaspace   ] GC(2555) Metaspace: 19121K(19328K)->19121K(19328K) NonClass: 16458K(16576K)->16458K(16576K) Class: 2663K(2752K)->2663K(2752K)
[737.504s][info][gc             ] GC(2555) Pause Full (Allocation Failure) 774M->648M(869M) 1172.175ms
[737.504s][info][gc,cpu         ] GC(2555) User=2.30s Sys=0.00s Real=1.17s
[737.632s][info][gc,start       ] GC(2556) Pause Full (Allocation Failure)
[737.632s][info][gc,phases,start] GC(2556) Marking Phase
[738.109s][info][gc,phases      ] GC(2556) Marking Phase 476.982ms
[738.109s][info][gc,phases,start] GC(2556) Summary Phase
[738.109s][info][gc,phases      ] GC(2556) Summary Phase 0.024ms
[738.109s][info][gc,phases,start] GC(2556) Forward
[738.109s][info][gc,phases      ] GC(2556) Forward 0.639ms
[738.109s][info][gc,phases,start] GC(2556) Adjust Pointers
[738.426s][info][gc,phases      ] GC(2556) Adjust Pointers 317.164ms
[738.427s][info][gc,phases,start] GC(2556) Compaction Phase
[738.566s][info][gc,phases      ] GC(2556) Compaction Phase 139.586ms
[738.566s][info][gc,phases,start] GC(2556) Post Compact
[738.568s][info][gc,phases      ] GC(2556) Post Compact 2.258ms
[738.569s][info][gc,heap        ] GC(2556) PSYoungGen: 111616K(222720K)->0K(222720K) Eden: 111616K(111616K)->0K(111616K) From: 0K(111104K)->0K(111104K)
[738.569s][info][gc,heap        ] GC(2556) ParOldGen: 664227K(667648K)->664921K(667648K)
[738.569s][info][gc,metaspace   ] GC(2556) Metaspace: 19121K(19328K)->19121K(19328K) NonClass: 16458K(16576K)->16458K(16576K) Class: 2663K(2752K)->2663K(2752K)
[738.569s][info][gc             ] GC(2556) Pause Full (Allocation Failure) 757M->649M(869M) 937.062ms
[738.569s][info][gc,cpu         ] GC(2556) User=1.84s Sys=0.00s Real=0.93s
[738.691s][info][gc,start       ] GC(2557) Pause Full (Allocation Failure)
[738.691s][info][gc,phases,start] GC(2557) Marking Phase
[739.172s][info][gc,phases      ] GC(2557) Marking Phase 481.498ms
[739.172s][info][gc,phases,start] GC(2557) Summary Phase
[739.172s][info][gc,phases      ] GC(2557) Summary Phase 0.024ms
[739.172s][info][gc,phases,start] GC(2557) Forward
[739.176s][info][gc,phases      ] GC(2557) Forward 3.396ms
[739.176s][info][gc,phases,start] GC(2557) Adjust Pointers
[739.497s][info][gc,phases      ] GC(2557) Adjust Pointers 321.031ms
[739.497s][info][gc,phases,start] GC(2557) Compaction Phase
[739.637s][info][gc,phases      ] GC(2557) Compaction Phase 139.866ms
[739.637s][info][gc,phases,start] GC(2557) Post Compact
[739.639s][info][gc,phases      ] GC(2557) Post Compact 2.206ms
[739.639s][info][gc,heap        ] GC(2557) PSYoungGen: 111616K(222720K)->1391K(222720K) Eden: 111616K(111616K)->1391K(111616K) From: 0K(111104K)->0K(111104K)
[739.639s][info][gc,heap        ] GC(2557) ParOldGen: 664921K(667648K)->667593K(667648K)
[739.639s][info][gc,metaspace   ] GC(2557) Metaspace: 19121K(19328K)->19121K(19328K) NonClass: 16458K(16576K)->16458K(16576K) Class: 2663K(2752K)->2663K(2752K)
[739.639s][info][gc             ] GC(2557) Pause Full (Allocation Failure) 758M->653M(869M) 948.404ms
[739.639s][info][gc,cpu         ] GC(2557) User=1.86s Sys=0.00s Real=0.94s
[739.785s][info][gc,start       ] GC(2558) Pause Full (Allocation Failure)
[739.785s][info][gc,phases,start] GC(2558) Marking Phase
[740.276s][info][gc,phases      ] GC(2558) Marking Phase 491.304ms
[740.276s][info][gc,phases,start] GC(2558) Summary Phase
[740.276s][info][gc,phases      ] GC(2558) Summary Phase 0.024ms
[740.276s][info][gc,phases,start] GC(2558) Forward
[740.282s][info][gc,phases      ] GC(2558) Forward 6.284ms
[740.282s][info][gc,phases,start] GC(2558) Adjust Pointers
[740.610s][info][gc,phases      ] GC(2558) Adjust Pointers 327.598ms
[740.610s][info][gc,phases,start] GC(2558) Compaction Phase
[740.751s][info][gc,phases      ] GC(2558) Compaction Phase 141.117ms
[740.751s][info][gc,phases,start] GC(2558) Post Compact
[740.753s][info][gc,phases      ] GC(2558) Post Compact 2.263ms
[740.754s][info][gc,heap        ] GC(2558) PSYoungGen: 111616K(222720K)->10343K(222720K) Eden: 111616K(111616K)->10343K(111616K) From: 0K(111104K)->0K(111104K)
[740.754s][info][gc,heap        ] GC(2558) ParOldGen: 667593K(667648K)->667593K(667648K)
[740.754s][info][gc,metaspace   ] GC(2558) Metaspace: 19121K(19328K)->19121K(19328K) NonClass: 16458K(16576K)->16458K(16576K) Class: 2663K(2752K)->2663K(2752K)
[740.754s][info][gc             ] GC(2558) Pause Full (Allocation Failure) 760M->662M(869M) 969.006ms
[740.754s][info][gc,cpu         ] GC(2558) User=1.89s Sys=0.00s Real=0.97s
[740.927s][info][gc,start       ] GC(2559) Pause Full (Allocation Failure)
[740.927s][info][gc,phases,start] GC(2559) Marking Phase
[741.320s][info][gc,phases      ] GC(2559) Marking Phase 393.220ms
[741.320s][info][gc,phases,start] GC(2559) Summary Phase
[741.320s][info][gc,phases      ] GC(2559) Summary Phase 0.027ms
[741.320s][info][gc,phases,start] GC(2559) Forward
[741.479s][info][gc,phases      ] GC(2559) Forward 158.883ms
[741.479s][info][gc,phases,start] GC(2559) Adjust Pointers
[741.782s][info][gc,phases      ] GC(2559) Adjust Pointers 303.452ms
[741.783s][info][gc,phases,start] GC(2559) Compaction Phase
[741.984s][info][gc,phases      ] GC(2559) Compaction Phase 201.392ms
[741.996s][info][gc,phases,start] GC(2559) Post Compact
[741.998s][info][gc,phases      ] GC(2559) Post Compact 2.299ms
[741.998s][info][gc,heap        ] GC(2559) PSYoungGen: 111616K(222720K)->0K(222720K) Eden: 111616K(111616K)->0K(111616K) From: 0K(111104K)->0K(111104K)
[741.999s][info][gc,heap        ] GC(2559) ParOldGen: 667593K(667648K)->506293K(667648K)
[741.999s][info][gc,metaspace   ] GC(2559) Metaspace: 19121K(19328K)->19121K(19328K) NonClass: 16458K(16576K)->16458K(16576K) Class: 2663K(2752K)->2663K(2752K)
[741.999s][info][gc             ] GC(2559) Pause Full (Allocation Failure) 760M->494M(869M) 1071.867ms
[741.999s][info][gc,cpu         ] GC(2559) User=2.01s Sys=0.00s Real=1.07s
[742.296s][info][gc,start       ] GC(2560) Pause Young (Allocation Failure)
[742.302s][info][gc,heap        ] GC(2560) PSYoungGen: 111616K(222720K)->2491K(222720K) Eden: 111616K(111616K)->0K(111616K) From: 0K(111104K)->2491K(111104K)
[742.302s][info][gc,heap        ] GC(2560) ParOldGen: 506293K(667648K)->506293K(667648K)
[742.302s][info][gc,metaspace   ] GC(2560) Metaspace: 19121K(19328K)->19121K(19328K) NonClass: 16458K(16576K)->16458K(16576K) Class: 2663K(2752K)->2663K(2752K)
[742.302s][info][gc             ] GC(2560) Pause Young (Allocation Failure) 603M->496M(869M) 5.911ms
[742.302s][info][gc,cpu         ] GC(2560) User=0.01s Sys=0.00s Real=0.01s
[742.448s][info][gc,start       ] GC(2561) Pause Young (Allocation Failure)
[742.464s][info][gc,heap        ] GC(2561) PSYoungGen: 114107K(222720K)->13088K(222720K) Eden: 111616K(111616K)->0K(111616K) From: 2491K(111104K)->13088K(111104K)
[742.464s][info][gc,heap        ] GC(2561) ParOldGen: 506293K(667648K)->508760K(667648K)
[742.464s][info][gc,metaspace   ] GC(2561) Metaspace: 19121K(19328K)->19121K(19328K) NonClass: 16458K(16576K)->16458K(16576K) Class: 2663K(2752K)->2663K(2752K)
[742.464s][info][gc             ] GC(2561) Pause Young (Allocation Failure) 605M->509M(869M) 16.011ms
[742.465s][info][gc,cpu         ] GC(2561) User=0.03s Sys=0.00s Real=0.02s
[742.603s][info][gc,start       ] GC(2562) Pause Young (Allocation Failure)
[742.612s][info][gc,heap        ] GC(2562) PSYoungGen: 124704K(222720K)->4128K(116224K) Eden: 111616K(111616K)->0K(111616K) From: 13088K(111104K)->4128K(4608K)
[742.612s][info][gc,heap        ] GC(2562) ParOldGen: 508760K(667648K)->512865K(667648K)
[742.612s][info][gc,metaspace   ] GC(2562) Metaspace: 19122K(19328K)->19122K(19328K) NonClass: 16458K(16576K)->16458K(16576K) Class: 2663K(2752K)->2663K(2752K)
[742.612s][info][gc             ] GC(2562) Pause Young (Allocation Failure) 618M->504M(765M) 9.270ms
[742.612s][info][gc,cpu         ] GC(2562) User=0.02s Sys=0.00s Real=0.01s
[742.750s][info][gc,start       ] GC(2563) Pause Young (Allocation Failure)
[742.772s][info][gc,heap        ] GC(2563) PSYoungGen: 115744K(116224K)->24272K(217088K) Eden: 111616K(111616K)->0K(115712K) From: 4128K(4608K)->24272K(101376K)
[742.772s][info][gc,heap        ] GC(2563) ParOldGen: 512865K(667648K)->512865K(667648K)
[742.772s][info][gc,metaspace   ] GC(2563) Metaspace: 19122K(19328K)->19122K(19328K) NonClass: 16459K(16576K)->16459K(16576K) Class: 2663K(2752K)->2663K(2752K)
[742.772s][info][gc             ] GC(2563) Pause Young (Allocation Failure) 613M->524M(864M) 21.943ms
[742.772s][info][gc,cpu         ] GC(2563) User=0.04s Sys=0.00s Real=0.03s
[742.924s][info][gc,start       ] GC(2564) Pause Young (Allocation Failure)
[742.961s][info][gc,heap        ] GC(2564) PSYoungGen: 139984K(217088K)->33168K(148992K) Eden: 115712K(115712K)->0K(115712K) From: 24272K(101376K)->33168K(33280K)
[742.961s][info][gc,heap        ] GC(2564) ParOldGen: 512865K(667648K)->512865K(667648K)
[742.961s][info][gc,metaspace   ] GC(2564) Metaspace: 19122K(19328K)->19122K(19328K) NonClass: 16459K(16576K)->16459K(16576K) Class: 2663K(2752K)->2663K(2752K)
[742.961s][info][gc             ] GC(2564) Pause Young (Allocation Failure) 637M->533M(797M) 37.135ms
[742.961s][info][gc,cpu         ] GC(2564) User=0.07s Sys=0.00s Real=0.04s
[743.115s][info][gc,start       ] GC(2565) Pause Young (Allocation Failure)
[743.150s][info][gc,heap        ] GC(2565) PSYoungGen: 148880K(148992K)->36880K(207872K) Eden: 115712K(115712K)->0K(120320K) From: 33168K(33280K)->36880K(87552K)
[743.150s][info][gc,heap        ] GC(2565) ParOldGen: 512865K(667648K)->512865K(667648K)
[743.150s][info][gc,metaspace   ] GC(2565) Metaspace: 19122K(19328K)->19122K(19328K) NonClass: 16459K(16576K)->16459K(16576K) Class: 2663K(2752K)->2663K(2752K)
[743.150s][info][gc             ] GC(2565) Pause Young (Allocation Failure) 646M->536M(855M) 34.802ms
[743.150s][info][gc,cpu         ] GC(2565) User=0.07s Sys=0.01s Real=0.03s
[743.423s][info][gc,start       ] GC(2566) Pause Young (Allocation Failure)
[743.458s][info][gc,heap        ] GC(2566) PSYoungGen: 157200K(207872K)->37040K(212480K) Eden: 120320K(120320K)->0K(120320K) From: 36880K(87552K)->37040K(92160K)
[743.458s][info][gc,heap        ] GC(2566) ParOldGen: 512865K(667648K)->512865K(667648K)
[743.458s][info][gc,metaspace   ] GC(2566) Metaspace: 19122K(19328K)->19122K(19328K) NonClass: 16459K(16576K)->16459K(16576K) Class: 2663K(2752K)->2663K(2752K)
[743.458s][info][gc             ] GC(2566) Pause Young (Allocation Failure) 654M->537M(859M) 34.490ms
[743.458s][info][gc,cpu         ] GC(2566) User=0.07s Sys=0.00s Real=0.03s
[743.615s][info][gc,start       ] GC(2567) Pause Young (Allocation Failure)
[743.662s][info][gc,heap        ] GC(2567) PSYoungGen: 157360K(212480K)->50464K(211968K) Eden: 120320K(120320K)->0K(123904K) From: 37040K(92160K)->50464K(88064K)
[743.662s][info][gc,heap        ] GC(2567) ParOldGen: 512865K(667648K)->512865K(667648K)
[743.662s][info][gc,metaspace   ] GC(2567) Metaspace: 19122K(19328K)->19122K(19328K) NonClass: 16459K(16576K)->16459K(16576K) Class: 2663K(2752K)->2663K(2752K)
[743.662s][info][gc             ] GC(2567) Pause Young (Allocation Failure) 654M->550M(859M) 46.602ms
[743.662s][info][gc,cpu         ] GC(2567) User=0.09s Sys=0.00s Real=0.05s
[743.830s][info][gc,start       ] GC(2568) Pause Young (Allocation Failure)
[743.848s][info][gc,heap        ] GC(2568) PSYoungGen: 174368K(211968K)->21072K(212992K) Eden: 123904K(123904K)->0K(123904K) From: 50464K(88064K)->21072K(89088K)
[743.848s][info][gc,heap        ] GC(2568) ParOldGen: 512865K(667648K)->512865K(667648K)
[743.849s][info][gc,metaspace   ] GC(2568) Metaspace: 19122K(19328K)->19122K(19328K) NonClass: 16459K(16576K)->16459K(16576K) Class: 2663K(2752K)->2663K(2752K)
[743.849s][info][gc             ] GC(2568) Pause Young (Allocation Failure) 671M->521M(860M) 18.653ms
[743.849s][info][gc,cpu         ] GC(2568) User=0.03s Sys=0.00s Real=0.02s
[743.914s][info][gc,start       ] GC(2569) Pause Young (Allocation Failure)
[743.964s][info][gc,heap        ] GC(2569) PSYoungGen: 144976K(212992K)->66800K(207872K) Eden: 123904K(123904K)->0K(121856K) From: 21072K(89088K)->66800K(86016K)
[743.964s][info][gc,heap        ] GC(2569) ParOldGen: 512865K(667648K)->512865K(667648K)
[743.964s][info][gc,metaspace   ] GC(2569) Metaspace: 19122K(19328K)->19122K(19328K) NonClass: 16459K(16576K)->16459K(16576K) Class: 2663K(2752K)->2663K(2752K)
[743.964s][info][gc             ] GC(2569) Pause Young (Allocation Failure) 642M->566M(855M) 49.903ms
[743.964s][info][gc,cpu         ] GC(2569) User=0.10s Sys=0.00s Real=0.05s
[744.156s][info][gc,start       ] GC(2570) Pause Young (Allocation Failure)
[744.216s][info][gc,heap        ] GC(2570) PSYoungGen: 188656K(207872K)->88928K(215040K) Eden: 121856K(121856K)->0K(121856K) From: 66800K(86016K)->88928K(93184K)
[744.216s][info][gc,heap        ] GC(2570) ParOldGen: 512865K(667648K)->512865K(667648K)
[744.216s][info][gc,metaspace   ] GC(2570) Metaspace: 19122K(19328K)->19122K(19328K) NonClass: 16459K(16576K)->16459K(16576K) Class: 2663K(2752K)->2663K(2752K)
[744.216s][info][gc             ] GC(2570) Pause Young (Allocation Failure) 685M->587M(862M) 60.194ms
[744.216s][info][gc,cpu         ] GC(2570) User=0.12s Sys=0.00s Real=0.06s
[744.369s][info][gc,start       ] GC(2571) Pause Young (Allocation Failure)
[744.434s][info][gc,heap        ] GC(2571) PSYoungGen: 210784K(215040K)->82384K(218624K) Eden: 121856K(121856K)->0K(111616K) From: 88928K(93184K)->82384K(107008K)
[744.434s][info][gc,heap        ] GC(2571) ParOldGen: 512865K(667648K)->512865K(667648K)
[744.434s][info][gc,metaspace   ] GC(2571) Metaspace: 19122K(19328K)->19122K(19328K) NonClass: 16459K(16576K)->16459K(16576K) Class: 2663K(2752K)->2663K(2752K)
[744.434s][info][gc             ] GC(2571) Pause Young (Allocation Failure) 706M->581M(865M) 64.829ms
[744.434s][info][gc,cpu         ] GC(2571) User=0.12s Sys=0.01s Real=0.07s
[744.576s][info][gc,start       ] GC(2572) Pause Young (Allocation Failure)
[744.675s][info][gc,heap        ] GC(2572) PSYoungGen: 194000K(218624K)->110768K(222720K) Eden: 111616K(111616K)->0K(111616K) From: 82384K(107008K)->110768K(111104K)
[744.675s][info][gc,heap        ] GC(2572) ParOldGen: 512865K(667648K)->512961K(667648K)
[744.675s][info][gc,metaspace   ] GC(2572) Metaspace: 19122K(19328K)->19122K(19328K) NonClass: 16459K(16576K)->16459K(16576K) Class: 2663K(2752K)->2663K(2752K)
[744.675s][info][gc             ] GC(2572) Pause Young (Allocation Failure) 690M->609M(869M) 98.295ms
[744.675s][info][gc,cpu         ] GC(2572) User=0.20s Sys=0.00s Real=0.10s
[744.818s][info][gc,start       ] GC(2573) Pause Young (Allocation Failure)
[744.956s][info][gc,heap        ] GC(2573) PSYoungGen: 222384K(222720K)->111088K(222720K) Eden: 111616K(111616K)->0K(111616K) From: 110768K(111104K)->111088K(111104K)
[744.956s][info][gc,heap        ] GC(2573) ParOldGen: 512961K(667648K)->529753K(667648K)
[744.956s][info][gc,metaspace   ] GC(2573) Metaspace: 19122K(19328K)->19122K(19328K) NonClass: 16459K(16576K)->16459K(16576K) Class: 2663K(2752K)->2663K(2752K)
[744.956s][info][gc             ] GC(2573) Pause Young (Allocation Failure) 718M->625M(869M) 137.429ms
[744.956s][info][gc,cpu         ] GC(2573) User=0.25s Sys=0.02s Real=0.14s
[745.042s][info][gc,start       ] GC(2574) Pause Young (Allocation Failure)
[745.163s][info][gc,heap        ] GC(2574) PSYoungGen: 222704K(222720K)->111088K(222720K) Eden: 111616K(111616K)->0K(111616K) From: 111088K(111104K)->111088K(111104K)
[745.163s][info][gc,heap        ] GC(2574) ParOldGen: 529753K(667648K)->533825K(667648K)
[745.163s][info][gc,metaspace   ] GC(2574) Metaspace: 19122K(19328K)->19122K(19328K) NonClass: 16459K(16576K)->16459K(16576K) Class: 2663K(2752K)->2663K(2752K)
[745.163s][info][gc             ] GC(2574) Pause Young (Allocation Failure) 734M->629M(869M) 121.123ms
[745.163s][info][gc,cpu         ] GC(2574) User=0.23s Sys=0.00s Real=0.12s
[745.292s][info][gc,start       ] GC(2575) Pause Young (Allocation Failure)
[745.404s][info][gc,heap        ] GC(2575) PSYoungGen: 222704K(222720K)->60256K(222720K) Eden: 111616K(111616K)->0K(111616K) From: 111088K(111104K)->60256K(111104K)
[745.405s][info][gc,heap        ] GC(2575) ParOldGen: 533825K(667648K)->586041K(667648K)
[745.405s][info][gc,metaspace   ] GC(2575) Metaspace: 19122K(19328K)->19122K(19328K) NonClass: 16459K(16576K)->16459K(16576K) Class: 2663K(2752K)->2663K(2752K)
[745.405s][info][gc             ] GC(2575) Pause Young (Allocation Failure) 738M->631M(869M) 112.295ms
[745.405s][info][gc,cpu         ] GC(2575) User=0.22s Sys=0.00s Real=0.11s
[745.524s][info][gc,start       ] GC(2576) Pause Young (Allocation Failure)
[745.598s][info][gc,heap        ] GC(2576) PSYoungGen: 171872K(222720K)->35712K(222720K) Eden: 111616K(111616K)->0K(111616K) From: 60256K(111104K)->35712K(111104K)
[745.598s][info][gc,heap        ] GC(2576) ParOldGen: 586041K(667648K)->614745K(667648K)
[745.598s][info][gc,metaspace   ] GC(2576) Metaspace: 19122K(19328K)->19122K(19328K) NonClass: 16459K(16576K)->16459K(16576K) Class: 2663K(2752K)->2663K(2752K)
[745.598s][info][gc             ] GC(2576) Pause Young (Allocation Failure) 740M->635M(869M) 74.301ms
[745.598s][info][gc,cpu         ] GC(2576) User=0.15s Sys=0.00s Real=0.07s
[745.753s][info][gc,start       ] GC(2577) Pause Full (Allocation Failure)
[745.753s][info][gc,phases,start] GC(2577) Marking Phase
[746.134s][info][gc,phases      ] GC(2577) Marking Phase 380.482ms
[746.134s][info][gc,phases,start] GC(2577) Summary Phase
[746.134s][info][gc,phases      ] GC(2577) Summary Phase 0.054ms
[746.134s][info][gc,phases,start] GC(2577) Forward
[746.235s][info][gc,phases      ] GC(2577) Forward 101.321ms
[746.235s][info][gc,phases,start] GC(2577) Adjust Pointers
[746.511s][info][gc,phases      ] GC(2577) Adjust Pointers 275.866ms
[746.511s][info][gc,phases,start] GC(2577) Compaction Phase
[746.662s][info][gc,phases      ] GC(2577) Compaction Phase 150.493ms
[746.670s][info][gc,phases,start] GC(2577) Post Compact
[746.672s][info][gc,phases      ] GC(2577) Post Compact 2.237ms
[746.672s][info][gc,heap        ] GC(2577) PSYoungGen: 147328K(222720K)->0K(222720K) Eden: 111616K(111616K)->0K(111616K) From: 35712K(111104K)->0K(111104K)
[746.672s][info][gc,heap        ] GC(2577) ParOldGen: 614745K(667648K)->524232K(667648K)
[746.672s][info][gc,metaspace   ] GC(2577) Metaspace: 19122K(19328K)->19122K(19328K) NonClass: 16459K(16576K)->16459K(16576K) Class: 2663K(2752K)->2663K(2752K)
[746.672s][info][gc             ] GC(2577) Pause Full (Allocation Failure) 744M->511M(869M) 919.238ms
[746.672s][info][gc,cpu         ] GC(2577) User=1.74s Sys=0.00s Real=0.92s
[746.863s][info][gc,start       ] GC(2578) Pause Young (Allocation Failure)
[746.893s][info][gc,heap        ] GC(2578) PSYoungGen: 111616K(222720K)->17696K(222720K) Eden: 111616K(111616K)->0K(111616K) From: 0K(111104K)->17696K(111104K)
[746.893s][info][gc,heap        ] GC(2578) ParOldGen: 524232K(667648K)->524232K(667648K)
[746.893s][info][gc,metaspace   ] GC(2578) Metaspace: 19122K(19328K)->19122K(19328K) NonClass: 16459K(16576K)->16459K(16576K) Class: 2663K(2752K)->2663K(2752K)
[746.893s][info][gc             ] GC(2578) Pause Young (Allocation Failure) 620M->529M(869M) 30.308ms
[746.893s][info][gc,cpu         ] GC(2578) User=0.06s Sys=0.00s Real=0.03s
[747.149s][info][gc,start       ] GC(2579) Pause Young (Allocation Failure)
[747.176s][info][gc,heap        ] GC(2579) PSYoungGen: 129312K(222720K)->29216K(222720K) Eden: 111616K(111616K)->0K(111616K) From: 17696K(111104K)->29216K(111104K)
[747.176s][info][gc,heap        ] GC(2579) ParOldGen: 524232K(667648K)->524232K(667648K)
[747.176s][info][gc,metaspace   ] GC(2579) Metaspace: 19122K(19328K)->19122K(19328K) NonClass: 16459K(16576K)->16459K(16576K) Class: 2663K(2752K)->2663K(2752K)
[747.176s][info][gc             ] GC(2579) Pause Young (Allocation Failure) 638M->540M(869M) 26.751ms
[747.176s][info][gc,cpu         ] GC(2579) User=0.05s Sys=0.00s Real=0.03s
[747.305s][info][gc,start       ] GC(2580) Pause Young (Allocation Failure)
[747.353s][info][gc,heap        ] GC(2580) PSYoungGen: 140832K(222720K)->40832K(222720K) Eden: 111616K(111616K)->0K(111616K) From: 29216K(111104K)->40832K(111104K)
[747.353s][info][gc,heap        ] GC(2580) ParOldGen: 524232K(667648K)->541921K(667648K)
[747.353s][info][gc,metaspace   ] GC(2580) Metaspace: 19122K(19328K)->19122K(19328K) NonClass: 16459K(16576K)->16459K(16576K) Class: 2663K(2752K)->2663K(2752K)
[747.353s][info][gc             ] GC(2580) Pause Young (Allocation Failure) 649M->569M(869M) 47.520ms
[747.353s][info][gc,cpu         ] GC(2580) User=0.09s Sys=0.00s Real=0.05s
[747.504s][info][gc,start       ] GC(2581) Pause Young (Allocation Failure)
[747.551s][info][gc,heap        ] GC(2581) PSYoungGen: 152448K(222720K)->10528K(222720K) Eden: 111616K(111616K)->0K(111616K) From: 40832K(111104K)->10528K(111104K)
[747.551s][info][gc,heap        ] GC(2581) ParOldGen: 541921K(667648K)->583105K(667648K)
[747.551s][info][gc,metaspace   ] GC(2581) Metaspace: 19122K(19328K)->19122K(19328K) NonClass: 16459K(16576K)->16459K(16576K) Class: 2663K(2752K)->2663K(2752K)
[747.551s][info][gc             ] GC(2581) Pause Young (Allocation Failure) 678M->579M(869M) 46.404ms
[747.551s][info][gc,cpu         ] GC(2581) User=0.09s Sys=0.00s Real=0.05s
[747.745s][info][gc,start       ] GC(2582) Pause Young (Allocation Failure)
[747.762s][info][gc,heap        ] GC(2582) PSYoungGen: 122144K(222720K)->64K(222720K) Eden: 111616K(111616K)->0K(111616K) From: 10528K(111104K)->64K(111104K)
[747.762s][info][gc,heap        ] GC(2582) ParOldGen: 583105K(667648K)->593625K(667648K)
[747.762s][info][gc,metaspace   ] GC(2582) Metaspace: 19122K(19328K)->19122K(19328K) NonClass: 16459K(16576K)->16459K(16576K) Class: 2663K(2752K)->2663K(2752K)
[747.762s][info][gc             ] GC(2582) Pause Young (Allocation Failure) 688M->579M(869M) 17.166ms
[747.762s][info][gc,cpu         ] GC(2582) User=0.03s Sys=0.00s Real=0.02s
[747.912s][info][gc,start       ] GC(2583) Pause Young (Allocation Failure)
[747.933s][info][gc,heap        ] GC(2583) PSYoungGen: 111680K(222720K)->18560K(222720K) Eden: 111616K(111616K)->0K(111616K) From: 64K(111104K)->18560K(111104K)
[747.933s][info][gc,heap        ] GC(2583) ParOldGen: 593625K(667648K)->593633K(667648K)
[747.933s][info][gc,metaspace   ] GC(2583) Metaspace: 19122K(19328K)->19122K(19328K) NonClass: 16459K(16576K)->16459K(16576K) Class: 2663K(2752K)->2663K(2752K)
[747.933s][info][gc             ] GC(2583) Pause Young (Allocation Failure) 688M->597M(869M) 20.773ms
[747.933s][info][gc,cpu         ] GC(2583) User=0.04s Sys=0.00s Real=0.02s
[748.039s][info][gc,start       ] GC(2584) Pause Young (Allocation Failure)
[748.063s][info][gc,heap        ] GC(2584) PSYoungGen: 130176K(222720K)->3168K(222720K) Eden: 111616K(111616K)->0K(111616K) From: 18560K(111104K)->3168K(111104K)
[748.063s][info][gc,heap        ] GC(2584) ParOldGen: 593633K(667648K)->612209K(667648K)
[748.063s][info][gc,metaspace   ] GC(2584) Metaspace: 19122K(19328K)->19122K(19328K) NonClass: 16459K(16576K)->16459K(16576K) Class: 2663K(2752K)->2663K(2752K)
[748.063s][info][gc             ] GC(2584) Pause Young (Allocation Failure) 706M->600M(869M) 23.937ms
[748.063s][info][gc,cpu         ] GC(2584) User=0.05s Sys=0.00s Real=0.03s
[748.190s][info][gc,start       ] GC(2585) Pause Young (Allocation Failure)
[748.200s][info][gc,heap        ] GC(2585) PSYoungGen: 114784K(222720K)->2016K(222720K) Eden: 111616K(111616K)->0K(111616K) From: 3168K(111104K)->2016K(111104K)
[748.200s][info][gc,heap        ] GC(2585) ParOldGen: 612209K(667648K)->615369K(667648K)
[748.200s][info][gc,metaspace   ] GC(2585) Metaspace: 19122K(19328K)->19122K(19328K) NonClass: 16459K(16576K)->16459K(16576K) Class: 2663K(2752K)->2663K(2752K)
[748.200s][info][gc             ] GC(2585) Pause Young (Allocation Failure) 709M->602M(869M) 10.073ms
[748.200s][info][gc,cpu         ] GC(2585) User=0.02s Sys=0.00s Real=0.01s
[748.367s][info][gc,start       ] GC(2586) Pause Young (Allocation Failure)
[748.386s][info][gc,heap        ] GC(2586) PSYoungGen: 113632K(222720K)->14528K(222720K) Eden: 111616K(111616K)->0K(111616K) From: 2016K(111104K)->14528K(111104K)
[748.386s][info][gc,heap        ] GC(2586) ParOldGen: 615369K(667648K)->617369K(667648K)
[748.386s][info][gc,metaspace   ] GC(2586) Metaspace: 19122K(19328K)->19122K(19328K) NonClass: 16459K(16576K)->16459K(16576K) Class: 2663K(2752K)->2663K(2752K)
[748.386s][info][gc             ] GC(2586) Pause Young (Allocation Failure) 711M->617M(869M) 19.262ms
[748.386s][info][gc,cpu         ] GC(2586) User=0.04s Sys=0.00s Real=0.02s
[748.690s][info][gc,start       ] GC(2587) Pause Young (Allocation Failure)
[748.706s][info][gc,heap        ] GC(2587) PSYoungGen: 126144K(222720K)->96K(222720K) Eden: 111616K(111616K)->0K(111616K) From: 14528K(111104K)->96K(111104K)
[748.706s][info][gc,heap        ] GC(2587) ParOldGen: 617369K(667648K)->631881K(667648K)
[748.706s][info][gc,metaspace   ] GC(2587) Metaspace: 19122K(19328K)->19122K(19328K) NonClass: 16459K(16576K)->16459K(16576K) Class: 2663K(2752K)->2663K(2752K)
[748.706s][info][gc             ] GC(2587) Pause Young (Allocation Failure) 726M->617M(869M) 16.213ms
[748.706s][info][gc,cpu         ] GC(2587) User=0.03s Sys=0.00s Real=0.02s
[748.968s][info][gc,start       ] GC(2588) Pause Full (Allocation Failure)
[748.968s][info][gc,phases,start] GC(2588) Marking Phase
[749.308s][info][gc,phases      ] GC(2588) Marking Phase 339.845ms
[749.308s][info][gc,phases,start] GC(2588) Summary Phase
[749.308s][info][gc,phases      ] GC(2588) Summary Phase 0.027ms
[749.308s][info][gc,phases,start] GC(2588) Forward
[749.443s][info][gc,phases      ] GC(2588) Forward 134.517ms
[749.443s][info][gc,phases,start] GC(2588) Adjust Pointers
[749.698s][info][gc,phases      ] GC(2588) Adjust Pointers 255.262ms
[749.698s][info][gc,phases,start] GC(2588) Compaction Phase
[749.839s][info][gc,phases      ] GC(2588) Compaction Phase 140.498ms
[749.848s][info][gc,phases,start] GC(2588) Post Compact
[749.850s][info][gc,phases      ] GC(2588) Post Compact 2.212ms
[749.850s][info][gc,heap        ] GC(2588) PSYoungGen: 111712K(222720K)->0K(222720K) Eden: 111616K(111616K)->0K(111616K) From: 96K(111104K)->0K(111104K)
[749.850s][info][gc,heap        ] GC(2588) ParOldGen: 631881K(667648K)->468308K(667648K)
[749.850s][info][gc,metaspace   ] GC(2588) Metaspace: 19122K(19328K)->19122K(19328K) NonClass: 16459K(16576K)->16459K(16576K) Class: 2663K(2752K)->2663K(2752K)
[749.850s][info][gc             ] GC(2588) Pause Full (Allocation Failure) 726M->457M(869M) 881.710ms
[749.850s][info][gc,cpu         ] GC(2588) User=1.64s Sys=0.00s Real=0.88s
[750.109s][info][gc,start       ] GC(2589) Pause Young (Allocation Failure)
[750.110s][info][gc,heap        ] GC(2589) PSYoungGen: 111616K(222720K)->64K(222720K) Eden: 111616K(111616K)->0K(111616K) From: 0K(111104K)->64K(111104K)
[750.110s][info][gc,heap        ] GC(2589) ParOldGen: 468308K(667648K)->468308K(667648K)
[750.110s][info][gc,metaspace   ] GC(2589) Metaspace: 19122K(19328K)->19122K(19328K) NonClass: 16459K(16576K)->16459K(16576K) Class: 2663K(2752K)->2663K(2752K)
[750.110s][info][gc             ] GC(2589) Pause Young (Allocation Failure) 566M->457M(869M) 1.587ms
[750.110s][info][gc,cpu         ] GC(2589) User=0.01s Sys=0.00s Real=0.01s
[750.357s][info][gc,start       ] GC(2590) Pause Young (Allocation Failure)
[750.365s][info][gc,heap        ] GC(2590) PSYoungGen: 111680K(222720K)->352K(112128K) Eden: 111616K(111616K)->0K(111616K) From: 64K(111104K)->352K(512K)
[750.365s][info][gc,heap        ] GC(2590) ParOldGen: 468308K(667648K)->468324K(667648K)
[750.365s][info][gc,metaspace   ] GC(2590) Metaspace: 19122K(19328K)->19122K(19328K) NonClass: 16459K(16576K)->16459K(16576K) Class: 2663K(2752K)->2663K(2752K)
[750.365s][info][gc             ] GC(2590) Pause Young (Allocation Failure) 566M->457M(761M) 7.407ms
[750.365s][info][gc,cpu         ] GC(2590) User=0.02s Sys=0.00s Real=0.01s
[750.465s][info][gc,start       ] GC(2591) Pause Young (Allocation Failure)
[750.489s][info][gc,heap        ] GC(2591) PSYoungGen: 111968K(112128K)->30432K(216576K) Eden: 111616K(111616K)->0K(115712K) From: 352K(512K)->30432K(100864K)
[750.489s][info][gc,heap        ] GC(2591) ParOldGen: 468324K(667648K)->468324K(667648K)
[750.489s][info][gc,metaspace   ] GC(2591) Metaspace: 19122K(19328K)->19122K(19328K) NonClass: 16459K(16576K)->16459K(16576K) Class: 2663K(2752K)->2663K(2752K)
[750.489s][info][gc             ] GC(2591) Pause Young (Allocation Failure) 566M->487M(863M) 23.370ms
[750.489s][info][gc,cpu         ] GC(2591) User=0.04s Sys=0.00s Real=0.02s
[750.571s][info][gc,start       ] GC(2592) Pause Young (Allocation Failure)
[750.616s][info][gc,heap        ] GC(2592) PSYoungGen: 146144K(216576K)->68016K(218624K) Eden: 115712K(115712K)->0K(115712K) From: 30432K(100864K)->68016K(102912K)
[750.616s][info][gc,heap        ] GC(2592) ParOldGen: 468324K(667648K)->468324K(667648K)
[750.616s][info][gc,metaspace   ] GC(2592) Metaspace: 19122K(19328K)->19122K(19328K) NonClass: 16459K(16576K)->16459K(16576K) Class: 2663K(2752K)->2663K(2752K)
[750.616s][info][gc             ] GC(2592) Pause Young (Allocation Failure) 600M->523M(865M) 44.670ms
[750.616s][info][gc,cpu         ] GC(2592) User=0.09s Sys=0.00s Real=0.04s
[750.779s][info][gc,start       ] GC(2593) Pause Young (Allocation Failure)
[750.831s][info][gc,heap        ] GC(2593) PSYoungGen: 183728K(218624K)->71040K(222720K) Eden: 115712K(115712K)->0K(111616K) From: 68016K(102912K)->71040K(111104K)
[750.831s][info][gc,heap        ] GC(2593) ParOldGen: 468324K(667648K)->468324K(667648K)
[750.831s][info][gc,metaspace   ] GC(2593) Metaspace: 19122K(19328K)->19122K(19328K) NonClass: 16459K(16576K)->16459K(16576K) Class: 2663K(2752K)->2663K(2752K)
[750.831s][info][gc             ] GC(2593) Pause Young (Allocation Failure) 636M->526M(869M) 52.478ms
[750.831s][info][gc,cpu         ] GC(2593) User=0.11s Sys=0.00s Real=0.06s
[751.014s][info][gc,start       ] GC(2594) Pause Young (Allocation Failure)
[751.089s][info][gc,heap        ] GC(2594) PSYoungGen: 182656K(222720K)->58624K(222720K) Eden: 111616K(111616K)->0K(111616K) From: 71040K(111104K)->58624K(111104K)
[751.089s][info][gc,heap        ] GC(2594) ParOldGen: 468324K(667648K)->498534K(667648K)
[751.089s][info][gc,metaspace   ] GC(2594) Metaspace: 19122K(19328K)->19122K(19328K) NonClass: 16459K(16576K)->16459K(16576K) Class: 2663K(2752K)->2663K(2752K)
[751.089s][info][gc             ] GC(2594) Pause Young (Allocation Failure) 635M->544M(869M) 75.832ms
[751.089s][info][gc,cpu         ] GC(2594) User=0.15s Sys=0.00s Real=0.07s
[751.271s][info][gc,start       ] GC(2595) Pause Young (Allocation Failure)
[751.331s][info][gc,heap        ] GC(2595) PSYoungGen: 170240K(222720K)->19241K(222720K) Eden: 111616K(111616K)->0K(111616K) From: 58624K(111104K)->19241K(111104K)
[751.331s][info][gc,heap        ] GC(2595) ParOldGen: 498534K(667648K)->540062K(667648K)
[751.331s][info][gc,metaspace   ] GC(2595) Metaspace: 19122K(19328K)->19122K(19328K) NonClass: 16459K(16576K)->16459K(16576K) Class: 2663K(2752K)->2663K(2752K)
[751.331s][info][gc             ] GC(2595) Pause Young (Allocation Failure) 653M->546M(869M) 60.154ms
[751.331s][info][gc,cpu         ] GC(2595) User=0.12s Sys=0.00s Real=0.06s
[751.387s][info][gc,start       ] GC(2596) Pause Young (Allocation Failure)
[751.442s][info][gc,heap        ] GC(2596) PSYoungGen: 130857K(222720K)->36448K(148480K) Eden: 111616K(111616K)->0K(111616K) From: 19241K(111104K)->36448K(36864K)
[751.442s][info][gc,heap        ] GC(2596) ParOldGen: 540062K(667648K)->559311K(667648K)
[751.442s][info][gc,metaspace   ] GC(2596) Metaspace: 19122K(19328K)->19122K(19328K) NonClass: 16459K(16576K)->16459K(16576K) Class: 2663K(2752K)->2663K(2752K)
[751.442s][info][gc             ] GC(2596) Pause Young (Allocation Failure) 655M->581M(797M) 55.107ms
[751.442s][info][gc,cpu         ] GC(2596) User=0.11s Sys=0.00s Real=0.06s
[751.540s][info][gc,start       ] GC(2597) Pause Young (Allocation Failure)
[751.582s][info][gc,heap        ] GC(2597) PSYoungGen: 148064K(148480K)->67264K(214528K) Eden: 111616K(111616K)->0K(107520K) From: 36448K(36864K)->67264K(107008K)
[751.582s][info][gc,heap        ] GC(2597) ParOldGen: 559311K(667648K)->559311K(667648K)
[751.582s][info][gc,metaspace   ] GC(2597) Metaspace: 19122K(19328K)->19122K(19328K) NonClass: 16459K(16576K)->16459K(16576K) Class: 2663K(2752K)->2663K(2752K)
[751.582s][info][gc             ] GC(2597) Pause Young (Allocation Failure) 690M->611M(861M) 42.163ms
[751.582s][info][gc,cpu         ] GC(2597) User=0.08s Sys=0.00s Real=0.05s
[751.697s][info][gc,start       ] GC(2598) Pause Young (Allocation Failure)
[751.741s][info][gc,heap        ] GC(2598) PSYoungGen: 174784K(214528K)->2016K(218624K) Eden: 107520K(107520K)->0K(107520K) From: 67264K(107008K)->2016K(111104K)
[751.741s][info][gc,heap        ] GC(2598) ParOldGen: 559311K(667648K)->627311K(667648K)
[751.741s][info][gc,metaspace   ] GC(2598) Metaspace: 19122K(19328K)->19122K(19328K) NonClass: 16459K(16576K)->16459K(16576K) Class: 2663K(2752K)->2663K(2752K)
[751.741s][info][gc             ] GC(2598) Pause Young (Allocation Failure) 716M->614M(865M) 44.078ms
[751.741s][info][gc,cpu         ] GC(2598) User=0.09s Sys=0.00s Real=0.05s
[751.864s][info][gc,start       ] GC(2599) Pause Full (Allocation Failure)
[751.864s][info][gc,phases,start] GC(2599) Marking Phase
[752.178s][info][gc,phases      ] GC(2599) Marking Phase 314.138ms
[752.178s][info][gc,phases,start] GC(2599) Summary Phase
[752.178s][info][gc,phases      ] GC(2599) Summary Phase 0.027ms
[752.178s][info][gc,phases,start] GC(2599) Forward
[752.299s][info][gc,phases      ] GC(2599) Forward 120.794ms
[752.299s][info][gc,phases,start] GC(2599) Adjust Pointers
[752.545s][info][gc,phases      ] GC(2599) Adjust Pointers 245.717ms
[752.545s][info][gc,phases,start] GC(2599) Compaction Phase
[752.676s][info][gc,phases      ] GC(2599) Compaction Phase 131.411ms
[752.686s][info][gc,phases,start] GC(2599) Post Compact
[752.688s][info][gc,phases      ] GC(2599) Post Compact 2.216ms
[752.688s][info][gc,heap        ] GC(2599) PSYoungGen: 109536K(218624K)->0K(222208K) Eden: 107520K(107520K)->0K(112128K) From: 2016K(111104K)->0K(110080K)
[752.688s][info][gc,heap        ] GC(2599) ParOldGen: 627311K(667648K)->468574K(667648K)
[752.688s][info][gc,metaspace   ] GC(2599) Metaspace: 19122K(19328K)->19122K(19328K) NonClass: 16459K(16576K)->16459K(16576K) Class: 2663K(2752K)->2663K(2752K)
[752.689s][info][gc             ] GC(2599) Pause Full (Allocation Failure) 719M->457M(869M) 824.889ms
[752.689s][info][gc,cpu         ] GC(2599) User=1.55s Sys=0.00s Real=0.82s
[752.833s][info][gc,start       ] GC(2600) Pause Young (Allocation Failure)
[752.852s][info][gc,heap        ] GC(2600) PSYoungGen: 112128K(222208K)->13568K(125952K) Eden: 112128K(112128K)->0K(112128K) From: 0K(110080K)->13568K(13824K)
[752.852s][info][gc,heap        ] GC(2600) ParOldGen: 468574K(667648K)->468574K(667648K)
[752.852s][info][gc,metaspace   ] GC(2600) Metaspace: 19122K(19328K)->19122K(19328K) NonClass: 16459K(16576K)->16459K(16576K) Class: 2663K(2752K)->2663K(2752K)
[752.852s][info][gc             ] GC(2600) Pause Young (Allocation Failure) 567M->470M(775M) 19.769ms
[752.852s][info][gc,cpu         ] GC(2600) User=0.04s Sys=0.00s Real=0.02s
[753.006s][info][gc,start       ] GC(2601) Pause Young (Allocation Failure)
[753.025s][info][gc,heap        ] GC(2601) PSYoungGen: 125696K(125952K)->13568K(221184K) Eden: 112128K(112128K)->0K(117760K) From: 13568K(13824K)->13568K(103424K)
[753.025s][info][gc,heap        ] GC(2601) ParOldGen: 468574K(667648K)->468574K(667648K)
[753.025s][info][gc,metaspace   ] GC(2601) Metaspace: 19122K(19328K)->19122K(19328K) NonClass: 16459K(16576K)->16459K(16576K) Class: 2663K(2752K)->2663K(2752K)
[753.025s][info][gc             ] GC(2601) Pause Young (Allocation Failure) 580M->470M(868M) 19.022ms
[753.025s][info][gc,cpu         ] GC(2601) User=0.04s Sys=0.00s Real=0.02s
[753.184s][info][gc,start       ] GC(2602) Pause Young (Allocation Failure)
[753.204s][info][gc,heap        ] GC(2602) PSYoungGen: 131328K(221184K)->13568K(219648K) Eden: 117760K(117760K)->0K(117760K) From: 13568K(103424K)->13568K(101888K)
[753.204s][info][gc,heap        ] GC(2602) ParOldGen: 468574K(667648K)->468574K(667648K)
[753.204s][info][gc,metaspace   ] GC(2602) Metaspace: 19122K(19328K)->19122K(19328K) NonClass: 16459K(16576K)->16459K(16576K) Class: 2663K(2752K)->2663K(2752K)
[753.204s][info][gc             ] GC(2602) Pause Young (Allocation Failure) 585M->470M(866M) 20.005ms
[753.204s][info][gc,cpu         ] GC(2602) User=0.04s Sys=0.00s Real=0.02s
[753.363s][info][gc,start       ] GC(2603) Pause Young (Allocation Failure)
[753.384s][info][gc,heap        ] GC(2603) PSYoungGen: 131328K(219648K)->13568K(212480K) Eden: 117760K(117760K)->0K(124416K) From: 13568K(101888K)->13568K(88064K)
[753.384s][info][gc,heap        ] GC(2603) ParOldGen: 468574K(667648K)->468574K(667648K)
[753.384s][info][gc,metaspace   ] GC(2603) Metaspace: 19122K(19328K)->19122K(19328K) NonClass: 16459K(16576K)->16459K(16576K) Class: 2663K(2752K)->2663K(2752K)
[753.384s][info][gc             ] GC(2603) Pause Young (Allocation Failure) 585M->470M(859M) 20.836ms
[753.384s][info][gc,cpu         ] GC(2603) User=0.04s Sys=0.00s Real=0.02s
[753.553s][info][gc,start       ] GC(2604) Pause Young (Allocation Failure)
[753.573s][info][gc,heap        ] GC(2604) PSYoungGen: 137984K(212480K)->13568K(217600K) Eden: 124416K(124416K)->0K(124416K) From: 13568K(88064K)->13568K(93184K)
[753.573s][info][gc,heap        ] GC(2604) ParOldGen: 468574K(667648K)->468574K(667648K)
[753.573s][info][gc,metaspace   ] GC(2604) Metaspace: 19122K(19328K)->19122K(19328K) NonClass: 16459K(16576K)->16459K(16576K) Class: 2663K(2752K)->2663K(2752K)
[753.573s][info][gc             ] GC(2604) Pause Young (Allocation Failure) 592M->470M(864M) 20.361ms
[753.573s][info][gc,cpu         ] GC(2604) User=0.04s Sys=0.00s Real=0.02s
[753.743s][info][gc,start       ] GC(2605) Pause Young (Allocation Failure)
[753.763s][info][gc,heap        ] GC(2605) PSYoungGen: 137984K(217600K)->13568K(209920K) Eden: 124416K(124416K)->0K(130560K) From: 13568K(93184K)->13568K(79360K)
[753.763s][info][gc,heap        ] GC(2605) ParOldGen: 468574K(667648K)->468574K(667648K)
[753.764s][info][gc,metaspace   ] GC(2605) Metaspace: 19122K(19328K)->19122K(19328K) NonClass: 16459K(16576K)->16459K(16576K) Class: 2663K(2752K)->2663K(2752K)
[753.764s][info][gc             ] GC(2605) Pause Young (Allocation Failure) 592M->470M(857M) 20.926ms
[753.764s][info][gc,cpu         ] GC(2605) User=0.04s Sys=0.00s Real=0.02s
[753.941s][info][gc,start       ] GC(2606) Pause Young (Allocation Failure)
[753.962s][info][gc,heap        ] GC(2606) PSYoungGen: 144128K(209920K)->13568K(215040K) Eden: 130560K(130560K)->0K(130560K) From: 13568K(79360K)->13568K(84480K)
[753.962s][info][gc,heap        ] GC(2606) ParOldGen: 468574K(667648K)->468574K(667648K)
[753.962s][info][gc,metaspace   ] GC(2606) Metaspace: 19122K(19328K)->19122K(19328K) NonClass: 16459K(16576K)->16459K(16576K) Class: 2663K(2752K)->2663K(2752K)
[753.962s][info][gc             ] GC(2606) Pause Young (Allocation Failure) 598M->470M(862M) 20.795ms
[753.962s][info][gc,cpu         ] GC(2606) User=0.04s Sys=0.00s Real=0.02s
[754.137s][info][gc,start       ] GC(2607) Pause Young (Allocation Failure)
[754.164s][info][gc,heap        ] GC(2607) PSYoungGen: 144128K(215040K)->19168K(206848K) Eden: 130560K(130560K)->0K(136704K) From: 13568K(84480K)->19168K(70144K)
[754.164s][info][gc,heap        ] GC(2607) ParOldGen: 468574K(667648K)->468574K(667648K)
[754.164s][info][gc,metaspace   ] GC(2607) Metaspace: 19122K(19328K)->19122K(19328K) NonClass: 16459K(16576K)->16459K(16576K) Class: 2663K(2752K)->2663K(2752K)
[754.164s][info][gc             ] GC(2607) Pause Young (Allocation Failure) 598M->476M(854M) 26.481ms
[754.164s][info][gc,cpu         ] GC(2607) User=0.05s Sys=0.01s Real=0.03s
[754.300s][info][gc,start       ] GC(2608) Pause Young (Allocation Failure)
[754.342s][info][gc,heap        ] GC(2608) PSYoungGen: 155872K(206848K)->35808K(211968K) Eden: 136704K(136704K)->0K(136704K) From: 19168K(70144K)->35808K(75264K)
[754.342s][info][gc,heap        ] GC(2608) ParOldGen: 468574K(667648K)->468574K(667648K)
[754.342s][info][gc,metaspace   ] GC(2608) Metaspace: 19122K(19328K)->19122K(19328K) NonClass: 16459K(16576K)->16459K(16576K) Class: 2663K(2752K)->2663K(2752K)
[754.342s][info][gc             ] GC(2608) Pause Young (Allocation Failure) 609M->492M(859M) 42.171ms
[754.342s][info][gc,cpu         ] GC(2608) User=0.08s Sys=0.00s Real=0.05s
[754.462s][info][gc,start       ] GC(2609) Pause Young (Allocation Failure)
[754.516s][info][gc,heap        ] GC(2609) PSYoungGen: 172512K(211968K)->48608K(216064K) Eden: 136704K(136704K)->0K(140800K) From: 35808K(75264K)->48608K(75264K)
[754.516s][info][gc,heap        ] GC(2609) ParOldGen: 468574K(667648K)->468574K(667648K)
[754.516s][info][gc,metaspace   ] GC(2609) Metaspace: 19122K(19328K)->19122K(19328K) NonClass: 16459K(16576K)->16459K(16576K) Class: 2663K(2752K)->2663K(2752K)
[754.516s][info][gc             ] GC(2609) Pause Young (Allocation Failure) 626M->505M(863M) 54.730ms
[754.517s][info][gc,cpu         ] GC(2609) User=0.11s Sys=0.00s Real=0.05s
[754.644s][info][gc,start       ] GC(2610) Pause Young (Allocation Failure)
[754.700s][info][gc,heap        ] GC(2610) PSYoungGen: 189408K(216064K)->49952K(219648K) Eden: 140800K(140800K)->0K(140800K) From: 48608K(75264K)->49952K(78848K)
[754.700s][info][gc,heap        ] GC(2610) ParOldGen: 468574K(667648K)->468574K(667648K)
[754.700s][info][gc,metaspace   ] GC(2610) Metaspace: 19122K(19328K)->19122K(19328K) NonClass: 16459K(16576K)->16459K(16576K) Class: 2663K(2752K)->2663K(2752K)
[754.700s][info][gc             ] GC(2610) Pause Young (Allocation Failure) 642M->506M(866M) 55.693ms
[754.700s][info][gc,cpu         ] GC(2610) User=0.11s Sys=0.00s Real=0.05s
[754.838s][info][gc,start       ] GC(2611) Pause Young (Allocation Failure)
[754.896s][info][gc,heap        ] GC(2611) PSYoungGen: 190752K(219648K)->53376K(229376K) Eden: 140800K(140800K)->0K(146944K) From: 49952K(78848K)->53376K(82432K)
[754.896s][info][gc,heap        ] GC(2611) ParOldGen: 468574K(667648K)->468574K(667648K)
[754.896s][info][gc,metaspace   ] GC(2611) Metaspace: 19122K(19328K)->19122K(19328K) NonClass: 16459K(16576K)->16459K(16576K) Class: 2663K(2752K)->2663K(2752K)
[754.896s][info][gc             ] GC(2611) Pause Young (Allocation Failure) 643M->509M(876M) 58.034ms
[754.896s][info][gc,cpu         ] GC(2611) User=0.12s Sys=0.00s Real=0.06s
[755.006s][info][gc,start       ] GC(2612) Pause Young (Allocation Failure)
[755.074s][info][gc,heap        ] GC(2612) PSYoungGen: 200320K(229376K)->63232K(232960K) Eden: 146944K(146944K)->0K(146944K) From: 53376K(82432K)->63232K(86016K)
[755.074s][info][gc,heap        ] GC(2612) ParOldGen: 468574K(667648K)->468574K(667648K)
[755.074s][info][gc,metaspace   ] GC(2612) Metaspace: 19122K(19328K)->19122K(19328K) NonClass: 16459K(16576K)->16459K(16576K) Class: 2663K(2752K)->2663K(2752K)
[755.074s][info][gc             ] GC(2612) Pause Young (Allocation Failure) 653M->519M(879M) 67.433ms
[755.074s][info][gc,cpu         ] GC(2612) User=0.13s Sys=0.00s Real=0.07s
[755.230s][info][gc,start       ] GC(2613) Pause Young (Allocation Failure)
[755.351s][info][gc,heap        ] GC(2613) PSYoungGen: 210176K(232960K)->92640K(209408K) Eden: 146944K(146944K)->0K(116736K) From: 63232K(86016K)->92640K(92672K)
[755.351s][info][gc,heap        ] GC(2613) ParOldGen: 468574K(667648K)->469614K(667648K)
[755.351s][info][gc,metaspace   ] GC(2613) Metaspace: 19122K(19328K)->19122K(19328K) NonClass: 16459K(16576K)->16459K(16576K) Class: 2663K(2752K)->2663K(2752K)
[755.351s][info][gc             ] GC(2613) Pause Young (Allocation Failure) 662M->549M(856M) 121.211ms
[755.351s][info][gc,cpu         ] GC(2613) User=0.20s Sys=0.03s Real=0.13s
[755.442s][info][gc,start       ] GC(2614) Pause Young (Allocation Failure)
[755.556s][info][gc,heap        ] GC(2614) PSYoungGen: 209376K(209408K)->97424K(214528K) Eden: 116736K(116736K)->0K(116736K) From: 92640K(92672K)->97424K(97792K)
[755.556s][info][gc,heap        ] GC(2614) ParOldGen: 469614K(667648K)->483062K(667648K)
[755.556s][info][gc,metaspace   ] GC(2614) Metaspace: 19122K(19328K)->19122K(19328K) NonClass: 16459K(16576K)->16459K(16576K) Class: 2663K(2752K)->2663K(2752K)
[755.556s][info][gc             ] GC(2614) Pause Young (Allocation Failure) 663M->566M(861M) 113.998ms
[755.556s][info][gc,cpu         ] GC(2614) User=0.23s Sys=0.00s Real=0.11s
[755.663s][info][gc,start       ] GC(2615) Pause Young (Allocation Failure)
[755.769s][info][gc,heap        ] GC(2615) PSYoungGen: 214160K(214528K)->98832K(222720K) Eden: 116736K(116736K)->0K(111616K) From: 97424K(97792K)->98832K(111104K)
[755.769s][info][gc,heap        ] GC(2615) ParOldGen: 483062K(667648K)->483062K(667648K)
[755.769s][info][gc,metaspace   ] GC(2615) Metaspace: 19122K(19328K)->19122K(19328K) NonClass: 16459K(16576K)->16459K(16576K) Class: 2663K(2752K)->2663K(2752K)
[755.769s][info][gc             ] GC(2615) Pause Young (Allocation Failure) 680M->568M(869M) 105.787ms
[755.769s][info][gc,cpu         ] GC(2615) User=0.21s Sys=0.01s Real=0.10s
[755.930s][info][gc,start       ] GC(2616) Pause Young (Allocation Failure)
[756.029s][info][gc,heap        ] GC(2616) PSYoungGen: 210448K(222720K)->102320K(222720K) Eden: 111616K(111616K)->0K(111616K) From: 98832K(111104K)->102320K(111104K)
[756.029s][info][gc,heap        ] GC(2616) ParOldGen: 483062K(667648K)->483062K(667648K)
[756.029s][info][gc,metaspace   ] GC(2616) Metaspace: 19122K(19328K)->19122K(19328K) NonClass: 16459K(16576K)->16459K(16576K) Class: 2663K(2752K)->2663K(2752K)
[756.029s][info][gc             ] GC(2616) Pause Young (Allocation Failure) 677M->571M(869M) 98.691ms
[756.029s][info][gc,cpu         ] GC(2616) User=0.19s Sys=0.00s Real=0.10s
[756.150s][info][gc,start       ] GC(2617) Pause Young (Allocation Failure)
[756.250s][info][gc,heap        ] GC(2617) PSYoungGen: 213936K(222720K)->102384K(222720K) Eden: 111616K(111616K)->0K(111616K) From: 102320K(111104K)->102384K(111104K)
[756.250s][info][gc,heap        ] GC(2617) ParOldGen: 483062K(667648K)->483062K(667648K)
[756.250s][info][gc,metaspace   ] GC(2617) Metaspace: 19122K(19328K)->19122K(19328K) NonClass: 16459K(16576K)->16459K(16576K) Class: 2663K(2752K)->2663K(2752K)
[756.250s][info][gc             ] GC(2617) Pause Young (Allocation Failure) 680M->571M(869M) 100.351ms
[756.250s][info][gc,cpu         ] GC(2617) User=0.20s Sys=0.00s Real=0.10s
[756.431s][info][gc,start       ] GC(2618) Pause Young (Allocation Failure)
[756.544s][info][gc,heap        ] GC(2618) PSYoungGen: 214000K(222720K)->91664K(222720K) Eden: 111616K(111616K)->0K(111616K) From: 102384K(111104K)->91664K(111104K)
[756.544s][info][gc,heap        ] GC(2618) ParOldGen: 483062K(667648K)->505350K(667648K)
[756.544s][info][gc,metaspace   ] GC(2618) Metaspace: 19122K(19328K)->19122K(19328K) NonClass: 16459K(16576K)->16459K(16576K) Class: 2663K(2752K)->2663K(2752K)
[756.544s][info][gc             ] GC(2618) Pause Young (Allocation Failure) 680M->583M(869M) 113.458ms
[756.544s][info][gc,cpu         ] GC(2618) User=0.23s Sys=0.00s Real=0.11s
[756.742s][info][gc,start       ] GC(2619) Pause Young (Allocation Failure)
[756.842s][info][gc,heap        ] GC(2619) PSYoungGen: 203280K(222720K)->89440K(222720K) Eden: 111616K(111616K)->0K(111616K) From: 91664K(111104K)->89440K(111104K)
[756.842s][info][gc,heap        ] GC(2619) ParOldGen: 505350K(667648K)->519542K(667648K)
[756.842s][info][gc,metaspace   ] GC(2619) Metaspace: 19122K(19328K)->19122K(19328K) NonClass: 16459K(16576K)->16459K(16576K) Class: 2663K(2752K)->2663K(2752K)
[756.842s][info][gc             ] GC(2619) Pause Young (Allocation Failure) 692M->594M(869M) 100.516ms
[756.842s][info][gc,cpu         ] GC(2619) User=0.20s Sys=0.00s Real=0.10s
[757.213s][info][gc,start       ] GC(2620) Pause Young (Allocation Failure)
[757.299s][info][gc,heap        ] GC(2620) PSYoungGen: 201056K(222720K)->76576K(222720K) Eden: 111616K(111616K)->0K(111616K) From: 89440K(111104K)->76576K(111104K)
[757.299s][info][gc,heap        ] GC(2620) ParOldGen: 519542K(667648K)->532558K(667648K)
[757.299s][info][gc,metaspace   ] GC(2620) Metaspace: 19122K(19328K)->19122K(19328K) NonClass: 16459K(16576K)->16459K(16576K) Class: 2663K(2752K)->2663K(2752K)
[757.299s][info][gc             ] GC(2620) Pause Young (Allocation Failure) 703M->594M(869M) 86.003ms
[757.299s][info][gc,cpu         ] GC(2620) User=0.17s Sys=0.00s Real=0.08s
[757.594s][info][gc,start       ] GC(2621) Pause Young (Allocation Failure)
[757.669s][info][gc,heap        ] GC(2621) PSYoungGen: 188192K(222720K)->28544K(222720K) Eden: 111616K(111616K)->0K(111616K) From: 76576K(111104K)->28544K(111104K)
[757.669s][info][gc,heap        ] GC(2621) ParOldGen: 532558K(667648K)->580695K(667648K)
[757.669s][info][gc,metaspace   ] GC(2621) Metaspace: 19122K(19328K)->19122K(19328K) NonClass: 16459K(16576K)->16459K(16576K) Class: 2663K(2752K)->2663K(2752K)
[757.669s][info][gc             ] GC(2621) Pause Young (Allocation Failure) 703M->594M(869M) 75.063ms
[757.669s][info][gc,cpu         ] GC(2621) User=0.15s Sys=0.00s Real=0.07s
[757.952s][info][gc,start       ] GC(2622) Pause Young (Allocation Failure)
[757.982s][info][gc,heap        ] GC(2622) PSYoungGen: 140160K(222720K)->23664K(222720K) Eden: 111616K(111616K)->0K(111616K) From: 28544K(111104K)->23664K(111104K)
[757.982s][info][gc,heap        ] GC(2622) ParOldGen: 580695K(667648K)->585583K(667648K)
[757.982s][info][gc,metaspace   ] GC(2622) Metaspace: 19122K(19328K)->19122K(19328K) NonClass: 16459K(16576K)->16459K(16576K) Class: 2663K(2752K)->2663K(2752K)
[757.982s][info][gc             ] GC(2622) Pause Young (Allocation Failure) 703M->594M(869M) 29.808ms
[757.982s][info][gc,cpu         ] GC(2622) User=0.06s Sys=0.00s Real=0.03s
[758.256s][info][gc,start       ] GC(2623) Pause Young (Allocation Failure)
[758.281s][info][gc,heap        ] GC(2623) PSYoungGen: 135280K(222720K)->12064K(222720K) Eden: 111616K(111616K)->0K(111616K) From: 23664K(111104K)->12064K(111104K)
[758.281s][info][gc,heap        ] GC(2623) ParOldGen: 585583K(667648K)->597207K(667648K)
[758.281s][info][gc,metaspace   ] GC(2623) Metaspace: 19122K(19328K)->19122K(19328K) NonClass: 16459K(16576K)->16459K(16576K) Class: 2663K(2752K)->2663K(2752K)
[758.281s][info][gc             ] GC(2623) Pause Young (Allocation Failure) 703M->594M(869M) 24.782ms
[758.281s][info][gc,cpu         ] GC(2623) User=0.05s Sys=0.00s Real=0.03s
[758.557s][info][gc,start       ] GC(2624) Pause Young (Allocation Failure)
[758.572s][info][gc,heap        ] GC(2624) PSYoungGen: 123680K(222720K)->96K(222720K) Eden: 111616K(111616K)->0K(111616K) From: 12064K(111104K)->96K(111104K)
[758.572s][info][gc,heap        ] GC(2624) ParOldGen: 597207K(667648K)->609223K(667648K)
[758.572s][info][gc,metaspace   ] GC(2624) Metaspace: 19122K(19328K)->19122K(19328K) NonClass: 16459K(16576K)->16459K(16576K) Class: 2663K(2752K)->2663K(2752K)
[758.572s][info][gc             ] GC(2624) Pause Young (Allocation Failure) 703M->595M(869M) 14.180ms
[758.572s][info][gc,cpu         ] GC(2624) User=0.02s Sys=0.00s Real=0.02s
[758.822s][info][gc,start       ] GC(2625) Pause Young (Allocation Failure)
[758.824s][info][gc,heap        ] GC(2625) PSYoungGen: 111712K(222720K)->64K(222720K) Eden: 111616K(111616K)->0K(111616K) From: 96K(111104K)->64K(111104K)
[758.824s][info][gc,heap        ] GC(2625) ParOldGen: 609223K(667648K)->609287K(667648K)
[758.824s][info][gc,metaspace   ] GC(2625) Metaspace: 19122K(19328K)->19122K(19328K) NonClass: 16459K(16576K)->16459K(16576K) Class: 2663K(2752K)->2663K(2752K)
[758.824s][info][gc             ] GC(2625) Pause Young (Allocation Failure) 704M->595M(869M) 2.343ms
[758.824s][info][gc,cpu         ] GC(2625) User=0.01s Sys=0.00s Real=0.00s
[759.135s][info][gc,start       ] GC(2626) Pause Young (Allocation Failure)
[759.137s][info][gc,heap        ] GC(2626) PSYoungGen: 111680K(222720K)->192K(222720K) Eden: 111616K(111616K)->0K(111616K) From: 64K(111104K)->192K(111104K)
[759.137s][info][gc,heap        ] GC(2626) ParOldGen: 609287K(667648K)->609303K(667648K)
[759.137s][info][gc,metaspace   ] GC(2626) Metaspace: 19122K(19328K)->19122K(19328K) NonClass: 16459K(16576K)->16459K(16576K) Class: 2663K(2752K)->2663K(2752K)
[759.137s][info][gc             ] GC(2626) Pause Young (Allocation Failure) 704M->595M(869M) 2.253ms
[759.137s][info][gc,cpu         ] GC(2626) User=0.01s Sys=0.00s Real=0.00s
[759.334s][info][gc,start       ] GC(2627) Pause Young (Allocation Failure)
[759.345s][info][gc,heap        ] GC(2627) PSYoungGen: 111808K(222720K)->11696K(222720K) Eden: 111616K(111616K)->0K(111616K) From: 192K(111104K)->11696K(111104K)
[759.345s][info][gc,heap        ] GC(2627) ParOldGen: 609303K(667648K)->609463K(667648K)
[759.345s][info][gc,metaspace   ] GC(2627) Metaspace: 19122K(19328K)->19122K(19328K) NonClass: 16459K(16576K)->16459K(16576K) Class: 2663K(2752K)->2663K(2752K)
[759.345s][info][gc             ] GC(2627) Pause Young (Allocation Failure) 704M->606M(869M) 11.351ms
[759.345s][info][gc,cpu         ] GC(2627) User=0.02s Sys=0.00s Real=0.01s
[759.407s][info][gc,start       ] GC(2628) Pause Young (Allocation Failure)
[759.444s][info][gc,heap        ] GC(2628) PSYoungGen: 123312K(222720K)->40736K(222720K) Eden: 111616K(111616K)->0K(111616K) From: 11696K(111104K)->40736K(111104K)
[759.444s][info][gc,heap        ] GC(2628) ParOldGen: 609463K(667648K)->621232K(667648K)
[759.444s][info][gc,metaspace   ] GC(2628) Metaspace: 19122K(19328K)->19122K(19328K) NonClass: 16459K(16576K)->16459K(16576K) Class: 2663K(2752K)->2663K(2752K)
[759.444s][info][gc             ] GC(2628) Pause Young (Allocation Failure) 715M->646M(869M) 37.222ms
[759.444s][info][gc,cpu         ] GC(2628) User=0.08s Sys=0.00s Real=0.04s
[759.608s][info][gc,start       ] GC(2629) Pause Young (Allocation Failure)
[759.648s][info][gc,heap        ] GC(2629) PSYoungGen: 152352K(222720K)->19840K(222720K) Eden: 111616K(111616K)->0K(111616K) From: 40736K(111104K)->19840K(111104K)
[759.648s][info][gc,heap        ] GC(2629) ParOldGen: 621232K(667648K)->662392K(667648K)
[759.648s][info][gc,metaspace   ] GC(2629) Metaspace: 19122K(19328K)->19122K(19328K) NonClass: 16459K(16576K)->16459K(16576K) Class: 2663K(2752K)->2663K(2752K)
[759.648s][info][gc             ] GC(2629) Pause Young (Allocation Failure) 755M->666M(869M) 40.200ms
[759.648s][info][gc,cpu         ] GC(2629) User=0.08s Sys=0.00s Real=0.04s
[759.775s][info][gc,start       ] GC(2630) Pause Full (Allocation Failure)
[759.775s][info][gc,phases,start] GC(2630) Marking Phase
[760.073s][info][gc,phases      ] GC(2630) Marking Phase 297.824ms
[760.073s][info][gc,phases,start] GC(2630) Summary Phase
[760.073s][info][gc,phases      ] GC(2630) Summary Phase 0.027ms
[760.073s][info][gc,phases,start] GC(2630) Forward
[760.212s][info][gc,phases      ] GC(2630) Forward 138.937ms
[760.212s][info][gc,phases,start] GC(2630) Adjust Pointers
[760.440s][info][gc,phases      ] GC(2630) Adjust Pointers 228.165ms
[760.440s][info][gc,phases,start] GC(2630) Compaction Phase
[760.583s][info][gc,phases      ] GC(2630) Compaction Phase 142.778ms
[760.590s][info][gc,phases,start] GC(2630) Post Compact
[760.592s][info][gc,phases      ] GC(2630) Post Compact 2.314ms
[760.592s][info][gc,heap        ] GC(2630) PSYoungGen: 131456K(222720K)->0K(222720K) Eden: 111616K(111616K)->0K(111616K) From: 19840K(111104K)->0K(111104K)
[760.592s][info][gc,heap        ] GC(2630) ParOldGen: 662392K(667648K)->432028K(667648K)
[760.592s][info][gc,metaspace   ] GC(2630) Metaspace: 19122K(19328K)->19122K(19328K) NonClass: 16459K(16576K)->16459K(16576K) Class: 2663K(2752K)->2663K(2752K)
[760.592s][info][gc             ] GC(2630) Pause Full (Allocation Failure) 775M->421M(869M) 817.510ms
[760.592s][info][gc,cpu         ] GC(2630) User=1.49s Sys=0.00s Real=0.82s
[760.774s][info][gc,start       ] GC(2631) Pause Young (Allocation Failure)
[760.799s][info][gc,heap        ] GC(2631) PSYoungGen: 111616K(222720K)->16950K(222720K) Eden: 111616K(111616K)->0K(111616K) From: 0K(111104K)->16950K(111104K)
[760.799s][info][gc,heap        ] GC(2631) ParOldGen: 432028K(667648K)->432028K(667648K)
[760.799s][info][gc,metaspace   ] GC(2631) Metaspace: 19122K(19328K)->19122K(19328K) NonClass: 16459K(16576K)->16459K(16576K) Class: 2663K(2752K)->2663K(2752K)
[760.799s][info][gc             ] GC(2631) Pause Young (Allocation Failure) 530M->438M(869M) 25.307ms
[760.799s][info][gc,cpu         ] GC(2631) User=0.05s Sys=0.00s Real=0.02s
[760.953s][info][gc,start       ] GC(2632) Pause Young (Allocation Failure)
[760.986s][info][gc,heap        ] GC(2632) PSYoungGen: 128566K(222720K)->10240K(222720K) Eden: 111616K(111616K)->0K(111616K) From: 16950K(111104K)->10240K(111104K)
[760.986s][info][gc,heap        ] GC(2632) ParOldGen: 432028K(667648K)->448994K(667648K)
[760.986s][info][gc,metaspace   ] GC(2632) Metaspace: 19122K(19328K)->19122K(19328K) NonClass: 16459K(16576K)->16459K(16576K) Class: 2663K(2752K)->2663K(2752K)
[760.986s][info][gc             ] GC(2632) Pause Young (Allocation Failure) 547M->448M(869M) 32.508ms
[760.986s][info][gc,cpu         ] GC(2632) User=0.06s Sys=0.01s Real=0.03s
[761.042s][info][gc,start       ] GC(2633) Pause Young (Allocation Failure)
[761.076s][info][gc,heap        ] GC(2633) PSYoungGen: 121856K(222720K)->36512K(213504K) Eden: 111616K(111616K)->0K(111616K) From: 10240K(111104K)->36512K(101888K)
[761.076s][info][gc,heap        ] GC(2633) ParOldGen: 448994K(667648K)->459299K(667648K)
[761.076s][info][gc,metaspace   ] GC(2633) Metaspace: 19122K(19328K)->19122K(19328K) NonClass: 16459K(16576K)->16459K(16576K) Class: 2663K(2752K)->2663K(2752K)
[761.076s][info][gc             ] GC(2633) Pause Young (Allocation Failure) 557M->484M(860M) 33.601ms
[761.076s][info][gc,cpu         ] GC(2633) User=0.06s Sys=0.00s Real=0.03s
[761.170s][info][gc,start       ] GC(2634) Pause Young (Allocation Failure)
[761.213s][info][gc,heap        ] GC(2634) PSYoungGen: 148128K(213504K)->69088K(218112K) Eden: 111616K(111616K)->0K(111616K) From: 36512K(101888K)->69088K(106496K)
[761.213s][info][gc,heap        ] GC(2634) ParOldGen: 459299K(667648K)->459299K(667648K)
[761.213s][info][gc,metaspace   ] GC(2634) Metaspace: 19122K(19328K)->19122K(19328K) NonClass: 16459K(16576K)->16459K(16576K) Class: 2663K(2752K)->2663K(2752K)
[761.213s][info][gc             ] GC(2634) Pause Young (Allocation Failure) 593M->516M(865M) 43.303ms
[761.213s][info][gc,cpu         ] GC(2634) User=0.09s Sys=0.00s Real=0.05s
[761.338s][info][gc,start       ] GC(2635) Pause Young (Allocation Failure)
[761.380s][info][gc,heap        ] GC(2635) PSYoungGen: 180704K(218112K)->128K(222720K) Eden: 111616K(111616K)->0K(111616K) From: 69088K(106496K)->128K(111104K)
[761.380s][info][gc,heap        ] GC(2635) ParOldGen: 459299K(667648K)->528847K(667648K)
[761.380s][info][gc,metaspace   ] GC(2635) Metaspace: 19122K(19328K)->19122K(19328K) NonClass: 16459K(16576K)->16459K(16576K) Class: 2663K(2752K)->2663K(2752K)
[761.380s][info][gc             ] GC(2635) Pause Young (Allocation Failure) 625M->516M(869M) 41.671ms
[761.380s][info][gc,cpu         ] GC(2635) User=0.08s Sys=0.00s Real=0.04s
[761.499s][info][gc,start       ] GC(2636) Pause Young (Allocation Failure)
[761.501s][info][gc,heap        ] GC(2636) PSYoungGen: 111744K(222720K)->192K(112128K) Eden: 111616K(111616K)->0K(111616K) From: 128K(111104K)->192K(512K)
[761.501s][info][gc,heap        ] GC(2636) ParOldGen: 528847K(667648K)->528847K(667648K)
[761.501s][info][gc,metaspace   ] GC(2636) Metaspace: 19122K(19328K)->19122K(19328K) NonClass: 16459K(16576K)->16459K(16576K) Class: 2663K(2752K)->2663K(2752K)
[761.501s][info][gc             ] GC(2636) Pause Young (Allocation Failure) 625M->516M(761M) 2.239ms
[761.501s][info][gc,cpu         ] GC(2636) User=0.00s Sys=0.00s Real=0.01s
[761.617s][info][gc,start       ] GC(2637) Pause Young (Allocation Failure)
[761.620s][info][gc,heap        ] GC(2637) PSYoungGen: 111808K(112128K)->288K(223744K) Eden: 111616K(111616K)->0K(114688K) From: 192K(512K)->288K(109056K)
[761.620s][info][gc,heap        ] GC(2637) ParOldGen: 528847K(667648K)->528847K(667648K)
[761.620s][info][gc,metaspace   ] GC(2637) Metaspace: 19122K(19328K)->19122K(19328K) NonClass: 16459K(16576K)->16459K(16576K) Class: 2663K(2752K)->2663K(2752K)
[761.620s][info][gc             ] GC(2637) Pause Young (Allocation Failure) 625M->516M(870M) 2.461ms
[761.620s][info][gc,cpu         ] GC(2637) User=0.01s Sys=0.00s Real=0.00s
[761.736s][info][gc,start       ] GC(2638) Pause Young (Allocation Failure)
[761.738s][info][gc,heap        ] GC(2638) PSYoungGen: 114976K(223744K)->416K(220672K) Eden: 114688K(114688K)->0K(114688K) From: 288K(109056K)->416K(105984K)
[761.738s][info][gc,heap        ] GC(2638) ParOldGen: 528847K(667648K)->528847K(667648K)
[761.738s][info][gc,metaspace   ] GC(2638) Metaspace: 19122K(19328K)->19122K(19328K) NonClass: 16459K(16576K)->16459K(16576K) Class: 2663K(2752K)->2663K(2752K)
[761.738s][info][gc             ] GC(2638) Pause Young (Allocation Failure) 628M->516M(867M) 2.687ms
[761.738s][info][gc,cpu         ] GC(2638) User=0.00s Sys=0.00s Real=0.00s
[761.858s][info][gc,start       ] GC(2639) Pause Young (Allocation Failure)
[761.861s][info][gc,heap        ] GC(2639) PSYoungGen: 115104K(220672K)->480K(215040K) Eden: 114688K(114688K)->0K(119808K) From: 416K(105984K)->480K(95232K)
[761.861s][info][gc,heap        ] GC(2639) ParOldGen: 528847K(667648K)->528847K(667648K)
[761.861s][info][gc,metaspace   ] GC(2639) Metaspace: 19122K(19328K)->19122K(19328K) NonClass: 16459K(16576K)->16459K(16576K) Class: 2663K(2752K)->2663K(2752K)
[761.861s][info][gc             ] GC(2639) Pause Young (Allocation Failure) 628M->516M(862M) 3.162ms
[761.861s][info][gc,cpu         ] GC(2639) User=0.00s Sys=0.00s Real=0.01s
[761.990s][info][gc,start       ] GC(2640) Pause Young (Allocation Failure)
[761.993s][info][gc,heap        ] GC(2640) PSYoungGen: 120288K(215040K)->544K(218112K) Eden: 119808K(119808K)->0K(119808K) From: 480K(95232K)->544K(98304K)
[761.993s][info][gc,heap        ] GC(2640) ParOldGen: 528847K(667648K)->528847K(667648K)
[761.993s][info][gc,metaspace   ] GC(2640) Metaspace: 19122K(19328K)->19122K(19328K) NonClass: 16459K(16576K)->16459K(16576K) Class: 2663K(2752K)->2663K(2752K)
[761.993s][info][gc             ] GC(2640) Pause Young (Allocation Failure) 633M->516M(865M) 3.183ms
[761.993s][info][gc,cpu         ] GC(2640) User=0.00s Sys=0.00s Real=0.01s
[762.113s][info][gc,start       ] GC(2641) Pause Young (Allocation Failure)
[762.117s][info][gc,heap        ] GC(2641) PSYoungGen: 120352K(218112K)->672K(207872K) Eden: 119808K(119808K)->0K(123392K) From: 544K(98304K)->672K(84480K)
[762.117s][info][gc,heap        ] GC(2641) ParOldGen: 528847K(667648K)->528847K(667648K)
[762.117s][info][gc,metaspace   ] GC(2641) Metaspace: 19122K(19328K)->19122K(19328K) NonClass: 16459K(16576K)->16459K(16576K) Class: 2663K(2752K)->2663K(2752K)
[762.117s][info][gc             ] GC(2641) Pause Young (Allocation Failure) 633M->517M(855M) 3.829ms
[762.117s][info][gc,cpu         ] GC(2641) User=0.01s Sys=0.00s Real=0.00s
[762.243s][info][gc,start       ] GC(2642) Pause Young (Allocation Failure)
[762.247s][info][gc,heap        ] GC(2642) PSYoungGen: 124064K(207872K)->736K(124416K) Eden: 123392K(123392K)->0K(123392K) From: 672K(84480K)->736K(1024K)
[762.247s][info][gc,heap        ] GC(2642) ParOldGen: 528847K(667648K)->528847K(667648K)
[762.247s][info][gc,metaspace   ] GC(2642) Metaspace: 19122K(19328K)->19122K(19328K) NonClass: 16459K(16576K)->16459K(16576K) Class: 2663K(2752K)->2663K(2752K)
[762.247s][info][gc             ] GC(2642) Pause Young (Allocation Failure) 637M->517M(773M) 3.364ms
[762.247s][info][gc,cpu         ] GC(2642) User=0.00s Sys=0.00s Real=0.00s
[762.385s][info][gc,start       ] GC(2643) Pause Young (Allocation Failure)
[762.389s][info][gc,heap        ] GC(2643) PSYoungGen: 124128K(124416K)->864K(202240K) Eden: 123392K(123392K)->0K(126464K) From: 736K(1024K)->864K(75776K)
[762.389s][info][gc,heap        ] GC(2643) ParOldGen: 528847K(667648K)->528847K(667648K)
[762.389s][info][gc,metaspace   ] GC(2643) Metaspace: 19122K(19328K)->19122K(19328K) NonClass: 16459K(16576K)->16459K(16576K) Class: 2663K(2752K)->2663K(2752K)
[762.389s][info][gc             ] GC(2643) Pause Young (Allocation Failure) 637M->517M(849M) 4.248ms
[762.389s][info][gc,cpu         ] GC(2643) User=0.00s Sys=0.00s Real=0.00s
[762.513s][info][gc,start       ] GC(2644) Pause Young (Allocation Failure)
[762.528s][info][gc,heap        ] GC(2644) PSYoungGen: 127328K(202240K)->4224K(131072K) Eden: 126464K(126464K)->0K(126464K) From: 864K(75776K)->4224K(4608K)
[762.528s][info][gc,heap        ] GC(2644) ParOldGen: 528847K(667648K)->528847K(667648K)
[762.528s][info][gc,metaspace   ] GC(2644) Metaspace: 19122K(19328K)->19122K(19328K) NonClass: 16459K(16576K)->16459K(16576K) Class: 2663K(2752K)->2663K(2752K)
[762.528s][info][gc             ] GC(2644) Pause Young (Allocation Failure) 640M->520M(780M) 15.590ms
[762.528s][info][gc,cpu         ] GC(2644) User=0.03s Sys=0.00s Real=0.01s
[762.690s][info][gc,start       ] GC(2645) Pause Young (Allocation Failure)
[762.725s][info][gc,heap        ] GC(2645) PSYoungGen: 130688K(131072K)->19691K(201728K) Eden: 126464K(126464K)->0K(132096K) From: 4224K(4608K)->19691K(69632K)
[762.725s][info][gc,heap        ] GC(2645) ParOldGen: 528847K(667648K)->528847K(667648K)
[762.725s][info][gc,metaspace   ] GC(2645) Metaspace: 19122K(19328K)->19122K(19328K) NonClass: 16459K(16576K)->16459K(16576K) Class: 2663K(2752K)->2663K(2752K)
[762.725s][info][gc             ] GC(2645) Pause Young (Allocation Failure) 644M->535M(849M) 34.844ms
[762.725s][info][gc,cpu         ] GC(2645) User=0.07s Sys=0.00s Real=0.04s
[762.873s][info][gc,start       ] GC(2646) Pause Young (Allocation Failure)
[762.917s][info][gc,heap        ] GC(2646) PSYoungGen: 151787K(201728K)->30123K(204288K) Eden: 132096K(132096K)->0K(132096K) From: 19691K(69632K)->30123K(72192K)
[762.917s][info][gc,heap        ] GC(2646) ParOldGen: 528847K(667648K)->528847K(667648K)
[762.917s][info][gc,metaspace   ] GC(2646) Metaspace: 19122K(19328K)->19122K(19328K) NonClass: 16459K(16576K)->16459K(16576K) Class: 2663K(2752K)->2663K(2752K)
[762.917s][info][gc             ] GC(2646) Pause Young (Allocation Failure) 664M->545M(851M) 43.759ms
[762.917s][info][gc,cpu         ] GC(2646) User=0.09s Sys=0.00s Real=0.04s
[763.039s][info][gc,start       ] GC(2647) Pause Young (Allocation Failure)
[763.102s][info][gc,heap        ] GC(2647) PSYoungGen: 162219K(204288K)->51307K(203776K) Eden: 132096K(132096K)->0K(131584K) From: 30123K(72192K)->51307K(72192K)
[763.102s][info][gc,heap        ] GC(2647) ParOldGen: 528847K(667648K)->528847K(667648K)
[763.102s][info][gc,metaspace   ] GC(2647) Metaspace: 19122K(19328K)->19122K(19328K) NonClass: 16459K(16576K)->16459K(16576K) Class: 2663K(2752K)->2663K(2752K)
[763.102s][info][gc             ] GC(2647) Pause Young (Allocation Failure) 674M->566M(851M) 63.068ms
[763.102s][info][gc,cpu         ] GC(2647) User=0.12s Sys=0.00s Real=0.07s
[763.215s][info][gc,start       ] GC(2648) Pause Young (Allocation Failure)
[763.281s][info][gc,heap        ] GC(2648) PSYoungGen: 182891K(203776K)->55083K(211456K) Eden: 131584K(131584K)->0K(131584K) From: 51307K(72192K)->55083K(79872K)
[763.281s][info][gc,heap        ] GC(2648) ParOldGen: 528847K(667648K)->528847K(667648K)
[763.281s][info][gc,metaspace   ] GC(2648) Metaspace: 19122K(19328K)->19122K(19328K) NonClass: 16459K(16576K)->16459K(16576K) Class: 2663K(2752K)->2663K(2752K)
[763.281s][info][gc             ] GC(2648) Pause Young (Allocation Failure) 695M->570M(858M) 66.419ms
[763.281s][info][gc,cpu         ] GC(2648) User=0.13s Sys=0.00s Real=0.07s
[763.395s][info][gc,start       ] GC(2649) Pause Young (Allocation Failure)
[763.468s][info][gc,heap        ] GC(2649) PSYoungGen: 186667K(211456K)->56395K(223232K) Eden: 131584K(131584K)->0K(136192K) From: 55083K(79872K)->56395K(87040K)
[763.468s][info][gc,heap        ] GC(2649) ParOldGen: 528847K(667648K)->528847K(667648K)
[763.468s][info][gc,metaspace   ] GC(2649) Metaspace: 19122K(19328K)->19122K(19328K) NonClass: 16459K(16576K)->16459K(16576K) Class: 2663K(2752K)->2663K(2752K)
[763.468s][info][gc             ] GC(2649) Pause Young (Allocation Failure) 698M->571M(870M) 72.699ms
[763.468s][info][gc,cpu         ] GC(2649) User=0.13s Sys=0.00s Real=0.07s
[763.596s][info][gc,start       ] GC(2650) Pause Young (Allocation Failure)
[763.667s][info][gc,heap        ] GC(2650) PSYoungGen: 192587K(223232K)->59787K(229376K) Eden: 136192K(136192K)->0K(136192K) From: 56395K(87040K)->59787K(93184K)
[763.667s][info][gc,heap        ] GC(2650) ParOldGen: 528847K(667648K)->528943K(667648K)
[763.667s][info][gc,metaspace   ] GC(2650) Metaspace: 19122K(19328K)->19122K(19328K) NonClass: 16459K(16576K)->16459K(16576K) Class: 2663K(2752K)->2663K(2752K)
[763.667s][info][gc             ] GC(2650) Pause Young (Allocation Failure) 704M->574M(876M) 70.407ms
[763.667s][info][gc,cpu         ] GC(2650) User=0.14s Sys=0.00s Real=0.07s
[763.768s][info][gc,start       ] GC(2651) Pause Young (Allocation Failure)
[763.847s][info][gc,heap        ] GC(2651) PSYoungGen: 195979K(229376K)->59787K(226304K) Eden: 136192K(136192K)->0K(126976K) From: 59787K(93184K)->59787K(99328K)
[763.847s][info][gc,heap        ] GC(2651) ParOldGen: 528943K(667648K)->529007K(667648K)
[763.847s][info][gc,metaspace   ] GC(2651) Metaspace: 19122K(19328K)->19122K(19328K) NonClass: 16459K(16576K)->16459K(16576K) Class: 2663K(2752K)->2663K(2752K)
[763.847s][info][gc             ] GC(2651) Pause Young (Allocation Failure) 707M->574M(873M) 78.965ms
[763.847s][info][gc,cpu         ] GC(2651) User=0.15s Sys=0.01s Real=0.08s
[764.005s][info][gc,start       ] GC(2652) Pause Young (Allocation Failure)
[764.082s][info][gc,heap        ] GC(2652) PSYoungGen: 186763K(226304K)->69116K(196096K) Eden: 126976K(126976K)->0K(126976K) From: 59787K(99328K)->69116K(69120K)
[764.082s][info][gc,heap        ] GC(2652) ParOldGen: 529007K(667648K)->529127K(667648K)
[764.082s][info][gc,metaspace   ] GC(2652) Metaspace: 19122K(19328K)->19122K(19328K) NonClass: 16459K(16576K)->16459K(16576K) Class: 2663K(2752K)->2663K(2752K)
[764.082s][info][gc             ] GC(2652) Pause Young (Allocation Failure) 698M->584M(843M) 77.289ms
[764.082s][info][gc,cpu         ] GC(2652) User=0.15s Sys=0.00s Real=0.08s
[764.200s][info][gc,start       ] GC(2653) Pause Young (Allocation Failure)
[764.299s][info][gc,heap        ] GC(2653) PSYoungGen: 196092K(196096K)->83083K(221696K) Eden: 126976K(126976K)->0K(111616K) From: 69116K(69120K)->83083K(110080K)
[764.300s][info][gc,heap        ] GC(2653) ParOldGen: 529127K(667648K)->529247K(667648K)
[764.300s][info][gc,metaspace   ] GC(2653) Metaspace: 19122K(19328K)->19122K(19328K) NonClass: 16459K(16576K)->16459K(16576K) Class: 2663K(2752K)->2663K(2752K)
[764.300s][info][gc             ] GC(2653) Pause Young (Allocation Failure) 708M->597M(868M) 99.828ms
[764.300s][info][gc,cpu         ] GC(2653) User=0.19s Sys=0.01s Real=0.10s
[764.522s][info][gc,start       ] GC(2654) Pause Young (Allocation Failure)
[764.613s][info][gc,heap        ] GC(2654) PSYoungGen: 194699K(221696K)->82940K(222720K) Eden: 111616K(111616K)->0K(111616K) From: 83083K(110080K)->82940K(111104K)
[764.613s][info][gc,heap        ] GC(2654) ParOldGen: 529247K(667648K)->529399K(667648K)
[764.613s][info][gc,metaspace   ] GC(2654) Metaspace: 19122K(19328K)->19122K(19328K) NonClass: 16459K(16576K)->16459K(16576K) Class: 2663K(2752K)->2663K(2752K)
[764.613s][info][gc             ] GC(2654) Pause Young (Allocation Failure) 706M->597M(869M) 90.892ms
[764.613s][info][gc,cpu         ] GC(2654) User=0.18s Sys=0.00s Real=0.09s
[764.776s][info][gc,start       ] GC(2655) Pause Young (Allocation Failure)
[764.894s][info][gc,heap        ] GC(2655) PSYoungGen: 194556K(222720K)->101771K(222720K) Eden: 111616K(111616K)->0K(111616K) From: 82940K(111104K)->101771K(111104K)
[764.894s][info][gc,heap        ] GC(2655) ParOldGen: 529399K(667648K)->529599K(667648K)
[764.894s][info][gc,metaspace   ] GC(2655) Metaspace: 19122K(19328K)->19122K(19328K) NonClass: 16459K(16576K)->16459K(16576K) Class: 2663K(2752K)->2663K(2752K)
[764.894s][info][gc             ] GC(2655) Pause Young (Allocation Failure) 706M->616M(869M) 118.296ms
[764.894s][info][gc,cpu         ] GC(2655) User=0.22s Sys=0.02s Real=0.12s
[765.030s][info][gc,start       ] GC(2656) Pause Young (Allocation Failure)
[765.171s][info][gc,heap        ] GC(2656) PSYoungGen: 213387K(222720K)->111083K(222720K) Eden: 111616K(111616K)->0K(111616K) From: 101771K(111104K)->111083K(111104K)
[765.171s][info][gc,heap        ] GC(2656) ParOldGen: 529599K(667648K)->535207K(667648K)
[765.171s][info][gc,metaspace   ] GC(2656) Metaspace: 19122K(19328K)->19122K(19328K) NonClass: 16459K(16576K)->16459K(16576K) Class: 2663K(2752K)->2663K(2752K)
[765.171s][info][gc             ] GC(2656) Pause Young (Allocation Failure) 725M->631M(869M) 141.001ms
[765.171s][info][gc,cpu         ] GC(2656) User=0.28s Sys=0.00s Real=0.15s
[765.270s][info][gc,start       ] GC(2657) Pause Young (Allocation Failure)
[765.391s][info][gc,heap        ] GC(2657) PSYoungGen: 222699K(222720K)->94960K(222720K) Eden: 111616K(111616K)->0K(111616K) From: 111083K(111104K)->94960K(111104K)
[765.391s][info][gc,heap        ] GC(2657) ParOldGen: 535207K(667648K)->559035K(667648K)
[765.391s][info][gc,metaspace   ] GC(2657) Metaspace: 19122K(19328K)->19122K(19328K) NonClass: 16459K(16576K)->16459K(16576K) Class: 2663K(2752K)->2663K(2752K)
[765.391s][info][gc             ] GC(2657) Pause Young (Allocation Failure) 740M->638M(869M) 120.671ms
[765.391s][info][gc,cpu         ] GC(2657) User=0.24s Sys=0.00s Real=0.13s
[765.525s][info][gc,start       ] GC(2658) Pause Young (Allocation Failure)
[765.616s][info][gc,heap        ] GC(2658) PSYoungGen: 206576K(222720K)->71920K(222720K) Eden: 111616K(111616K)->0K(111616K) From: 94960K(111104K)->71920K(111104K)
[765.616s][info][gc,heap        ] GC(2658) ParOldGen: 559035K(667648K)->584083K(667648K)
[765.616s][info][gc,metaspace   ] GC(2658) Metaspace: 19122K(19328K)->19122K(19328K) NonClass: 16459K(16576K)->16459K(16576K) Class: 2663K(2752K)->2663K(2752K)
[765.616s][info][gc             ] GC(2658) Pause Young (Allocation Failure) 747M->640M(869M) 91.144ms
[765.616s][info][gc,cpu         ] GC(2658) User=0.19s Sys=0.00s Real=0.09s
[765.745s][info][gc,start       ] GC(2659) Pause Young (Allocation Failure)
[765.819s][info][gc,heap        ] GC(2659) PSYoungGen: 183536K(222720K)->71376K(222720K) Eden: 111616K(111616K)->0K(111616K) From: 71920K(111104K)->71376K(111104K)
[765.819s][info][gc,heap        ] GC(2659) ParOldGen: 584083K(667648K)->588891K(667648K)
[765.819s][info][gc,metaspace   ] GC(2659) Metaspace: 19122K(19328K)->19122K(19328K) NonClass: 16459K(16576K)->16459K(16576K) Class: 2663K(2752K)->2663K(2752K)
[765.819s][info][gc             ] GC(2659) Pause Young (Allocation Failure) 749M->644M(869M) 74.006ms
[765.819s][info][gc,cpu         ] GC(2659) User=0.15s Sys=0.00s Real=0.07s
[765.928s][info][gc,start       ] GC(2660) Pause Young (Allocation Failure)
[765.997s][info][gc,heap        ] GC(2660) PSYoungGen: 182992K(222720K)->61888K(222720K) Eden: 111616K(111616K)->0K(111616K) From: 71376K(111104K)->61888K(111104K)
[765.997s][info][gc,heap        ] GC(2660) ParOldGen: 588891K(667648K)->598419K(667648K)
[765.997s][info][gc,metaspace   ] GC(2660) Metaspace: 19122K(19328K)->19122K(19328K) NonClass: 16459K(16576K)->16459K(16576K) Class: 2663K(2752K)->2663K(2752K)
[765.997s][info][gc             ] GC(2660) Pause Young (Allocation Failure) 753M->644M(869M) 69.029ms
[765.997s][info][gc,cpu         ] GC(2660) User=0.14s Sys=0.00s Real=0.07s
[766.078s][info][gc,start       ] GC(2661) Pause Young (Allocation Failure)
[766.138s][info][gc,heap        ] GC(2661) PSYoungGen: 173504K(222720K)->47808K(222720K) Eden: 111616K(111616K)->0K(111616K) From: 61888K(111104K)->47808K(111104K)
[766.138s][info][gc,heap        ] GC(2661) ParOldGen: 598419K(667648K)->612547K(667648K)
[766.138s][info][gc,metaspace   ] GC(2661) Metaspace: 19122K(19328K)->19122K(19328K) NonClass: 16459K(16576K)->16459K(16576K) Class: 2663K(2752K)->2663K(2752K)
[766.138s][info][gc             ] GC(2661) Pause Young (Allocation Failure) 753M->644M(869M) 60.532ms
[766.138s][info][gc,cpu         ] GC(2661) User=0.12s Sys=0.00s Real=0.06s
[766.307s][info][gc,start       ] GC(2662) Pause Young (Allocation Failure)
[766.364s][info][gc,heap        ] GC(2662) PSYoungGen: 159424K(222720K)->24704K(222720K) Eden: 111616K(111616K)->0K(111616K) From: 47808K(111104K)->24704K(111104K)
[766.364s][info][gc,heap        ] GC(2662) ParOldGen: 612547K(667648K)->646587K(667648K)
[766.364s][info][gc,metaspace   ] GC(2662) Metaspace: 19122K(19328K)->19122K(19328K) NonClass: 16459K(16576K)->16459K(16576K) Class: 2663K(2752K)->2663K(2752K)
[766.365s][info][gc             ] GC(2662) Pause Young (Allocation Failure) 753M->655M(869M) 57.758ms
[766.365s][info][gc,cpu         ] GC(2662) User=0.11s Sys=0.00s Real=0.06s
[766.550s][info][gc,start       ] GC(2663) Pause Full (Allocation Failure)
[766.550s][info][gc,phases,start] GC(2663) Marking Phase
[766.812s][info][gc,phases      ] GC(2663) Marking Phase 261.847ms
[766.812s][info][gc,phases,start] GC(2663) Summary Phase
[766.812s][info][gc,phases      ] GC(2663) Summary Phase 0.027ms
[766.812s][info][gc,phases,start] GC(2663) Forward
[766.940s][info][gc,phases      ] GC(2663) Forward 128.062ms
[766.940s][info][gc,phases,start] GC(2663) Adjust Pointers
[767.145s][info][gc,phases      ] GC(2663) Adjust Pointers 204.730ms
[767.145s][info][gc,phases,start] GC(2663) Compaction Phase
[767.265s][info][gc,phases      ] GC(2663) Compaction Phase 119.799ms
[767.277s][info][gc,phases,start] GC(2663) Post Compact
[767.279s][info][gc,phases      ] GC(2663) Post Compact 2.310ms
[767.279s][info][gc,heap        ] GC(2663) PSYoungGen: 136320K(222720K)->0K(222720K) Eden: 111616K(111616K)->0K(111616K) From: 24704K(111104K)->0K(111104K)
[767.279s][info][gc,heap        ] GC(2663) ParOldGen: 646587K(667648K)->368861K(667648K)
[767.279s][info][gc,metaspace   ] GC(2663) Metaspace: 19122K(19328K)->19122K(19328K) NonClass: 16459K(16576K)->16459K(16576K) Class: 2663K(2752K)->2663K(2752K)
[767.279s][info][gc             ] GC(2663) Pause Full (Allocation Failure) 764M->360M(869M) 729.132ms
[767.279s][info][gc,cpu         ] GC(2663) User=1.30s Sys=0.00s Real=0.73s
[767.629s][info][gc,start       ] GC(2664) Pause Young (Allocation Failure)
[767.631s][info][gc,heap        ] GC(2664) PSYoungGen: 111616K(222720K)->160K(222720K) Eden: 111616K(111616K)->0K(111616K) From: 0K(111104K)->160K(111104K)
[767.631s][info][gc,heap        ] GC(2664) ParOldGen: 368861K(667648K)->368861K(667648K)
[767.631s][info][gc,metaspace   ] GC(2664) Metaspace: 19122K(19328K)->19122K(19328K) NonClass: 16459K(16576K)->16459K(16576K) Class: 2663K(2752K)->2663K(2752K)
[767.631s][info][gc             ] GC(2664) Pause Young (Allocation Failure) 469M->360M(869M) 1.970ms
[767.631s][info][gc,cpu         ] GC(2664) User=0.01s Sys=0.00s Real=0.01s
[767.912s][info][gc,start       ] GC(2665) Pause Young (Allocation Failure)
[767.914s][info][gc,heap        ] GC(2665) PSYoungGen: 111776K(222720K)->288K(222720K) Eden: 111616K(111616K)->0K(111616K) From: 160K(111104K)->288K(111104K)
[767.914s][info][gc,heap        ] GC(2665) ParOldGen: 368861K(667648K)->368861K(667648K)
[767.914s][info][gc,metaspace   ] GC(2665) Metaspace: 19122K(19328K)->19122K(19328K) NonClass: 16459K(16576K)->16459K(16576K) Class: 2663K(2752K)->2663K(2752K)
[767.914s][info][gc             ] GC(2665) Pause Young (Allocation Failure) 469M->360M(869M) 2.174ms
[767.914s][info][gc,cpu         ] GC(2665) User=0.01s Sys=0.00s Real=0.00s
[768.175s][info][gc,start       ] GC(2666) Pause Young (Allocation Failure)
[768.176s][info][gc,heap        ] GC(2666) PSYoungGen: 111904K(222720K)->288K(222720K) Eden: 111616K(111616K)->0K(111616K) From: 288K(111104K)->288K(111104K)
[768.176s][info][gc,heap        ] GC(2666) ParOldGen: 368861K(667648K)->368861K(667648K)
[768.176s][info][gc,metaspace   ] GC(2666) Metaspace: 19122K(19328K)->19122K(19328K) NonClass: 16459K(16576K)->16459K(16576K) Class: 2663K(2752K)->2663K(2752K)
[768.177s][info][gc             ] GC(2666) Pause Young (Allocation Failure) 469M->360M(869M) 1.952ms
[768.177s][info][gc,cpu         ] GC(2666) User=0.00s Sys=0.00s Real=0.00s
[768.393s][info][gc,start       ] GC(2667) Pause Young (Allocation Failure)
[768.396s][info][gc,heap        ] GC(2667) PSYoungGen: 111904K(222720K)->64K(222720K) Eden: 111616K(111616K)->0K(111616K) From: 288K(111104K)->64K(111104K)
[768.396s][info][gc,heap        ] GC(2667) ParOldGen: 368861K(667648K)->369101K(667648K)
[768.396s][info][gc,metaspace   ] GC(2667) Metaspace: 19122K(19328K)->19122K(19328K) NonClass: 16459K(16576K)->16459K(16576K) Class: 2663K(2752K)->2663K(2752K)
[768.396s][info][gc             ] GC(2667) Pause Young (Allocation Failure) 469M->360M(869M) 2.667ms
[768.396s][info][gc,cpu         ] GC(2667) User=0.00s Sys=0.00s Real=0.00s
[768.683s][info][gc,start       ] GC(2668) Pause Young (Allocation Failure)
[768.687s][info][gc,heap        ] GC(2668) PSYoungGen: 111680K(222720K)->1824K(222720K) Eden: 111616K(111616K)->0K(111616K) From: 64K(111104K)->1824K(111104K)
[768.687s][info][gc,heap        ] GC(2668) ParOldGen: 369101K(667648K)->369149K(667648K)
[768.687s][info][gc,metaspace   ] GC(2668) Metaspace: 19122K(19328K)->19122K(19328K) NonClass: 16459K(16576K)->16459K(16576K) Class: 2663K(2752K)->2663K(2752K)
[768.687s][info][gc             ] GC(2668) Pause Young (Allocation Failure) 469M->362M(869M) 4.069ms
[768.687s][info][gc,cpu         ] GC(2668) User=0.01s Sys=0.00s Real=0.00s
[768.844s][info][gc,start       ] GC(2669) Pause Young (Allocation Failure)
[768.862s][info][gc,heap        ] GC(2669) PSYoungGen: 113440K(222720K)->19248K(222720K) Eden: 111616K(111616K)->0K(111616K) From: 1824K(111104K)->19248K(111104K)
[768.862s][info][gc,heap        ] GC(2669) ParOldGen: 369149K(667648K)->370965K(667648K)
[768.862s][info][gc,metaspace   ] GC(2669) Metaspace: 19122K(19328K)->19122K(19328K) NonClass: 16459K(16576K)->16459K(16576K) Class: 2663K(2752K)->2663K(2752K)
[768.863s][info][gc             ] GC(2669) Pause Young (Allocation Failure) 471M->381M(869M) 18.229ms
[768.863s][info][gc,cpu         ] GC(2669) User=0.04s Sys=0.00s Real=0.02s
[768.919s][info][gc,start       ] GC(2670) Pause Young (Allocation Failure)
[768.969s][info][gc,heap        ] GC(2670) PSYoungGen: 130864K(222720K)->47478K(222720K) Eden: 111616K(111616K)->0K(111616K) From: 19248K(111104K)->47478K(111104K)
[768.969s][info][gc,heap        ] GC(2670) ParOldGen: 370965K(667648K)->390382K(667648K)
[768.969s][info][gc,metaspace   ] GC(2670) Metaspace: 19122K(19328K)->19122K(19328K) NonClass: 16459K(16576K)->16459K(16576K) Class: 2663K(2752K)->2663K(2752K)
[768.969s][info][gc             ] GC(2670) Pause Young (Allocation Failure) 490M->427M(869M) 49.899ms
[768.969s][info][gc,cpu         ] GC(2670) User=0.10s Sys=0.00s Real=0.05s
[769.006s][info][gc,start       ] GC(2671) Pause Young (Allocation Failure)
[769.070s][info][gc,heap        ] GC(2671) PSYoungGen: 159094K(222720K)->48896K(222720K) Eden: 111616K(111616K)->0K(111616K) From: 47478K(111104K)->48896K(111104K)
[769.070s][info][gc,heap        ] GC(2671) ParOldGen: 390382K(667648K)->438388K(667648K)
[769.070s][info][gc,metaspace   ] GC(2671) Metaspace: 19122K(19328K)->19122K(19328K) NonClass: 16459K(16576K)->16459K(16576K) Class: 2663K(2752K)->2663K(2752K)
[769.070s][info][gc             ] GC(2671) Pause Young (Allocation Failure) 536M->475M(869M) 64.622ms
[769.070s][info][gc,cpu         ] GC(2671) User=0.13s Sys=0.00s Real=0.06s
[769.107s][info][gc,start       ] GC(2672) Pause Young (Allocation Failure)
[769.170s][info][gc,heap        ] GC(2672) PSYoungGen: 160512K(222720K)->46752K(222720K) Eden: 111616K(111616K)->0K(111616K) From: 48896K(111104K)->46752K(111104K)
[769.170s][info][gc,heap        ] GC(2672) ParOldGen: 438388K(667648K)->487828K(667648K)
[769.170s][info][gc,metaspace   ] GC(2672) Metaspace: 19122K(19328K)->19122K(19328K) NonClass: 16459K(16576K)->16459K(16576K) Class: 2663K(2752K)->2663K(2752K)
[769.171s][info][gc             ] GC(2672) Pause Young (Allocation Failure) 584M->522M(869M) 63.799ms
[769.171s][info][gc,cpu         ] GC(2672) User=0.12s Sys=0.00s Real=0.07s
[769.290s][info][gc,start       ] GC(2673) Pause Young (Allocation Failure)
[769.350s][info][gc,heap        ] GC(2673) PSYoungGen: 158368K(222720K)->36352K(210432K) Eden: 111616K(111616K)->0K(111616K) From: 46752K(111104K)->36352K(98816K)
[769.350s][info][gc,heap        ] GC(2673) ParOldGen: 487828K(667648K)->535169K(667648K)
[769.350s][info][gc,metaspace   ] GC(2673) Metaspace: 19122K(19328K)->19122K(19328K) NonClass: 16459K(16576K)->16459K(16576K) Class: 2663K(2752K)->2663K(2752K)
[769.350s][info][gc             ] GC(2673) Pause Young (Allocation Failure) 631M->558M(857M) 59.973ms
[769.350s][info][gc,cpu         ] GC(2673) User=0.12s Sys=0.00s Real=0.06s
[769.580s][info][gc,start       ] GC(2674) Pause Young (Allocation Failure)
[769.636s][info][gc,heap        ] GC(2674) PSYoungGen: 147968K(210432K)->13120K(216576K) Eden: 111616K(111616K)->0K(111616K) From: 36352K(98816K)->13120K(104960K)
[769.636s][info][gc,heap        ] GC(2674) ParOldGen: 535169K(667648K)->571877K(667648K)
[769.636s][info][gc,metaspace   ] GC(2674) Metaspace: 19122K(19328K)->19122K(19328K) NonClass: 16459K(16576K)->16459K(16576K) Class: 2663K(2752K)->2663K(2752K)
[769.636s][info][gc             ] GC(2674) Pause Young (Allocation Failure) 667M->571M(863M) 56.115ms
[769.636s][info][gc,cpu         ] GC(2674) User=0.11s Sys=0.00s Real=0.06s
[769.802s][info][gc,start       ] GC(2675) Pause Young (Allocation Failure)
[769.833s][info][gc,heap        ] GC(2675) PSYoungGen: 124736K(216576K)->2816K(221184K) Eden: 111616K(111616K)->0K(122880K) From: 13120K(104960K)->2816K(98304K)
[769.833s][info][gc,heap        ] GC(2675) ParOldGen: 571877K(667648K)->584989K(667648K)
[769.833s][info][gc,metaspace   ] GC(2675) Metaspace: 19122K(19328K)->19122K(19328K) NonClass: 16459K(16576K)->16459K(16576K) Class: 2663K(2752K)->2663K(2752K)
[769.833s][info][gc             ] GC(2675) Pause Young (Allocation Failure) 680M->574M(868M) 31.496ms
[769.834s][info][gc,cpu         ] GC(2675) User=0.06s Sys=0.00s Real=0.03s
[769.951s][info][gc,start       ] GC(2676) Pause Young (Allocation Failure)
[769.972s][info][gc,heap        ] GC(2676) PSYoungGen: 125696K(221184K)->2048K(223744K) Eden: 122880K(122880K)->0K(122880K) From: 2816K(98304K)->2048K(100864K)
[769.972s][info][gc,heap        ] GC(2676) ParOldGen: 584989K(667648K)->587789K(667648K)
[769.972s][info][gc,metaspace   ] GC(2676) Metaspace: 19122K(19328K)->19122K(19328K) NonClass: 16459K(16576K)->16459K(16576K) Class: 2663K(2752K)->2663K(2752K)
[769.972s][info][gc             ] GC(2676) Pause Young (Allocation Failure) 694M->576M(870M) 21.724ms
[769.972s][info][gc,cpu         ] GC(2676) User=0.04s Sys=0.00s Real=0.02s
[770.141s][info][gc,start       ] GC(2677) Pause Young (Allocation Failure)
[770.197s][info][gc,heap        ] GC(2677) PSYoungGen: 124928K(223744K)->29453K(219136K) Eden: 122880K(122880K)->0K(134144K) From: 2048K(100864K)->29453K(84992K)
[770.197s][info][gc,heap        ] GC(2677) ParOldGen: 587789K(667648K)->587789K(667648K)
[770.197s][info][gc,metaspace   ] GC(2677) Metaspace: 19122K(19328K)->19122K(19328K) NonClass: 16459K(16576K)->16459K(16576K) Class: 2663K(2752K)->2663K(2752K)
[770.197s][info][gc             ] GC(2677) Pause Young (Allocation Failure) 696M->602M(866M) 55.549ms
[770.197s][info][gc,cpu         ] GC(2677) User=0.11s Sys=0.00s Real=0.05s
[770.381s][info][gc,start       ] GC(2678) Pause Young (Allocation Failure)
[770.435s][info][gc,heap        ] GC(2678) PSYoungGen: 163597K(219136K)->29475K(226304K) Eden: 134144K(134144K)->0K(134144K) From: 29453K(84992K)->29475K(92160K)
[770.435s][info][gc,heap        ] GC(2678) ParOldGen: 587789K(667648K)->587789K(667648K)
[770.435s][info][gc,metaspace   ] GC(2678) Metaspace: 19122K(19328K)->19122K(19328K) NonClass: 16459K(16576K)->16459K(16576K) Class: 2663K(2752K)->2663K(2752K)
[770.435s][info][gc             ] GC(2678) Pause Young (Allocation Failure) 733M->602M(873M) 54.507ms
[770.435s][info][gc,cpu         ] GC(2678) User=0.10s Sys=0.00s Real=0.05s
[770.617s][info][gc,start       ] GC(2679) Pause Young (Allocation Failure)
[770.672s][info][gc,heap        ] GC(2679) PSYoungGen: 163619K(226304K)->29475K(222720K) Eden: 134144K(134144K)->0K(146944K) From: 29475K(92160K)->29475K(75776K)
[770.672s][info][gc,heap        ] GC(2679) ParOldGen: 587789K(667648K)->587789K(667648K)
[770.672s][info][gc,metaspace   ] GC(2679) Metaspace: 19122K(19328K)->19122K(19328K) NonClass: 16459K(16576K)->16459K(16576K) Class: 2663K(2752K)->2663K(2752K)
[770.672s][info][gc             ] GC(2679) Pause Young (Allocation Failure) 733M->602M(869M) 55.100ms
[770.672s][info][gc,cpu         ] GC(2679) User=0.10s Sys=0.00s Real=0.06s
[770.871s][info][gc,start       ] GC(2680) Pause Young (Allocation Failure)
[770.926s][info][gc,heap        ] GC(2680) PSYoungGen: 176419K(222720K)->29485K(227840K) Eden: 146944K(146944K)->0K(146944K) From: 29475K(75776K)->29485K(80896K)
[770.926s][info][gc,heap        ] GC(2680) ParOldGen: 587789K(667648K)->587789K(667648K)
[770.926s][info][gc,metaspace   ] GC(2680) Metaspace: 19122K(19328K)->19122K(19328K) NonClass: 16459K(16576K)->16459K(16576K) Class: 2663K(2752K)->2663K(2752K)
[770.926s][info][gc             ] GC(2680) Pause Young (Allocation Failure) 746M->602M(874M) 54.119ms
[770.926s][info][gc,cpu         ] GC(2680) User=0.11s Sys=0.00s Real=0.05s
[771.127s][info][gc,start       ] GC(2681) Pause Young (Allocation Failure)
[771.182s][info][gc,heap        ] GC(2681) PSYoungGen: 176429K(227840K)->29453K(227328K) Eden: 146944K(146944K)->0K(160256K) From: 29485K(80896K)->29453K(67072K)
[771.182s][info][gc,heap        ] GC(2681) ParOldGen: 587789K(667648K)->587789K(667648K)
[771.182s][info][gc,metaspace   ] GC(2681) Metaspace: 19122K(19328K)->19122K(19328K) NonClass: 16459K(16576K)->16459K(16576K) Class: 2663K(2752K)->2663K(2752K)
[771.182s][info][gc             ] GC(2681) Pause Young (Allocation Failure) 746M->602M(874M) 54.374ms
[771.182s][info][gc,cpu         ] GC(2681) User=0.10s Sys=0.01s Real=0.06s
[771.399s][info][gc,start       ] GC(2682) Pause Young (Allocation Failure)
[771.453s][info][gc,heap        ] GC(2682) PSYoungGen: 189709K(227328K)->29475K(231936K) Eden: 160256K(160256K)->0K(160256K) From: 29453K(67072K)->29475K(71680K)
[771.453s][info][gc,heap        ] GC(2682) ParOldGen: 587789K(667648K)->587789K(667648K)
[771.453s][info][gc,metaspace   ] GC(2682) Metaspace: 19122K(19328K)->19122K(19328K) NonClass: 16459K(16576K)->16459K(16576K) Class: 2663K(2752K)->2663K(2752K)
[771.453s][info][gc             ] GC(2682) Pause Young (Allocation Failure) 759M->602M(878M) 53.603ms
[771.453s][info][gc,cpu         ] GC(2682) User=0.10s Sys=0.00s Real=0.06s
[771.607s][info][gc,start       ] GC(2683) Pause Young (Allocation Failure)
[771.685s][info][gc,heap        ] GC(2683) PSYoungGen: 189731K(231936K)->53251K(237056K) Eden: 160256K(160256K)->0K(169472K) From: 29475K(71680K)->53251K(67584K)
[771.685s][info][gc,heap        ] GC(2683) ParOldGen: 587789K(667648K)->587789K(667648K)
[771.685s][info][gc,metaspace   ] GC(2683) Metaspace: 19122K(19328K)->19122K(19328K) NonClass: 16459K(16576K)->16459K(16576K) Class: 2663K(2752K)->2663K(2752K)
[771.685s][info][gc             ] GC(2683) Pause Young (Allocation Failure) 759M->626M(883M) 78.027ms
[771.685s][info][gc,cpu         ] GC(2683) User=0.16s Sys=0.00s Real=0.08s
[771.824s][info][gc,start       ] GC(2684) Pause Young (Allocation Failure)
[771.907s][info][gc,heap        ] GC(2684) PSYoungGen: 222723K(237056K)->60483K(242176K) Eden: 169472K(169472K)->0K(169472K) From: 53251K(67584K)->60483K(72704K)
[771.907s][info][gc,heap        ] GC(2684) ParOldGen: 587789K(667648K)->587789K(667648K)
[771.907s][info][gc,metaspace   ] GC(2684) Metaspace: 19122K(19328K)->19122K(19328K) NonClass: 16459K(16576K)->16459K(16576K) Class: 2663K(2752K)->2663K(2752K)
[771.907s][info][gc             ] GC(2684) Pause Young (Allocation Failure) 791M->633M(888M) 82.684ms
[771.907s][info][gc,cpu         ] GC(2684) User=0.16s Sys=0.00s Real=0.08s
[772.056s][info][gc,start       ] GC(2685) Pause Young (Allocation Failure)
[772.146s][info][gc,heap        ] GC(2685) PSYoungGen: 229955K(242176K)->60227K(244224K) Eden: 169472K(169472K)->0K(164864K) From: 60483K(72704K)->60227K(79360K)
[772.146s][info][gc,heap        ] GC(2685) ParOldGen: 587789K(667648K)->589821K(667648K)
[772.146s][info][gc,metaspace   ] GC(2685) Metaspace: 19122K(19328K)->19122K(19328K) NonClass: 16459K(16576K)->16459K(16576K) Class: 2663K(2752K)->2663K(2752K)
[772.146s][info][gc             ] GC(2685) Pause Young (Allocation Failure) 798M->634M(890M) 89.962ms
[772.146s][info][gc,cpu         ] GC(2685) User=0.17s Sys=0.00s Real=0.09s
[772.320s][info][gc,start       ] GC(2686) Pause Young (Allocation Failure)
[772.403s][info][gc,heap        ] GC(2686) PSYoungGen: 225091K(244224K)->40928K(249344K) Eden: 164864K(164864K)->0K(164864K) From: 60227K(79360K)->40928K(84480K)
[772.403s][info][gc,heap        ] GC(2686) ParOldGen: 589821K(667648K)->617284K(667648K)
[772.403s][info][gc,metaspace   ] GC(2686) Metaspace: 19122K(19328K)->19122K(19328K) NonClass: 16459K(16576K)->16459K(16576K) Class: 2663K(2752K)->2663K(2752K)
[772.403s][info][gc             ] GC(2686) Pause Young (Allocation Failure) 795M->642M(895M) 82.589ms
[772.403s][info][gc,cpu         ] GC(2686) User=0.16s Sys=0.00s Real=0.09s
[772.727s][info][gc,start       ] GC(2687) Pause Full (Allocation Failure)
[772.727s][info][gc,phases,start] GC(2687) Marking Phase
[773.059s][info][gc,phases      ] GC(2687) Marking Phase 332.467ms
[773.059s][info][gc,phases,start] GC(2687) Summary Phase
[773.059s][info][gc,phases      ] GC(2687) Summary Phase 0.025ms
[773.059s][info][gc,phases,start] GC(2687) Forward
[773.180s][info][gc,phases      ] GC(2687) Forward 121.007ms
[773.180s][info][gc,phases,start] GC(2687) Adjust Pointers
[773.453s][info][gc,phases      ] GC(2687) Adjust Pointers 272.404ms
[773.453s][info][gc,phases,start] GC(2687) Compaction Phase
[773.611s][info][gc,phases      ] GC(2687) Compaction Phase 157.995ms
[773.626s][info][gc,phases,start] GC(2687) Post Compact
[773.628s][info][gc,phases      ] GC(2687) Post Compact 2.388ms
[773.629s][info][gc,heap        ] GC(2687) PSYoungGen: 205792K(249344K)->0K(247296K) Eden: 164864K(164864K)->0K(167936K) From: 40928K(84480K)->0K(79360K)
[773.629s][info][gc,heap        ] GC(2687) ParOldGen: 617284K(667648K)->499969K(667648K)
[773.629s][info][gc,metaspace   ] GC(2687) Metaspace: 19122K(19328K)->19122K(19328K) NonClass: 16459K(16576K)->16459K(16576K) Class: 2663K(2752K)->2663K(2752K)
[773.629s][info][gc             ] GC(2687) Pause Full (Allocation Failure) 803M->488M(893M) 902.139ms
[773.629s][info][gc,cpu         ] GC(2687) User=1.69s Sys=0.00s Real=0.90s
[773.930s][info][gc,start       ] GC(2688) Pause Young (Allocation Failure)
[773.933s][info][gc,heap        ] GC(2688) PSYoungGen: 167936K(247296K)->160K(249344K) Eden: 167936K(167936K)->0K(167936K) From: 0K(79360K)->160K(81408K)
[773.933s][info][gc,heap        ] GC(2688) ParOldGen: 499969K(667648K)->499969K(667648K)
[773.933s][info][gc,metaspace   ] GC(2688) Metaspace: 19122K(19328K)->19122K(19328K) NonClass: 16459K(16576K)->16459K(16576K) Class: 2663K(2752K)->2663K(2752K)
[773.933s][info][gc             ] GC(2688) Pause Young (Allocation Failure) 652M->488M(895M) 2.295ms
[773.933s][info][gc,cpu         ] GC(2688) User=0.01s Sys=0.00s Real=0.00s
[774.225s][info][gc,start       ] GC(2689) Pause Young (Allocation Failure)
[774.228s][info][gc,heap        ] GC(2689) PSYoungGen: 168096K(249344K)->192K(249344K) Eden: 167936K(167936K)->0K(165888K) From: 160K(81408K)->192K(83456K)
[774.228s][info][gc,heap        ] GC(2689) ParOldGen: 499969K(667648K)->499969K(667648K)
[774.228s][info][gc,metaspace   ] GC(2689) Metaspace: 19122K(19328K)->19122K(19328K) NonClass: 16459K(16576K)->16459K(16576K) Class: 2663K(2752K)->2663K(2752K)
[774.228s][info][gc             ] GC(2689) Pause Young (Allocation Failure) 652M->488M(895M) 2.447ms
[774.228s][info][gc,cpu         ] GC(2689) User=0.01s Sys=0.00s Real=0.00s
[774.419s][info][gc,start       ] GC(2690) Pause Young (Allocation Failure)
[774.434s][info][gc,heap        ] GC(2690) PSYoungGen: 166080K(249344K)->13248K(179200K) Eden: 165888K(165888K)->0K(165888K) From: 192K(83456K)->13248K(13312K)
[774.434s][info][gc,heap        ] GC(2690) ParOldGen: 499969K(667648K)->499969K(667648K)
[774.434s][info][gc,metaspace   ] GC(2690) Metaspace: 19122K(19328K)->19122K(19328K) NonClass: 16459K(16576K)->16459K(16576K) Class: 2663K(2752K)->2663K(2752K)
[774.434s][info][gc             ] GC(2690) Pause Young (Allocation Failure) 650M->501M(827M) 15.067ms
[774.434s][info][gc,cpu         ] GC(2690) User=0.03s Sys=0.00s Real=0.02s
[774.587s][info][gc,start       ] GC(2691) Pause Young (Allocation Failure)
[774.622s][info][gc,heap        ] GC(2691) PSYoungGen: 179136K(179200K)->42960K(247808K) Eden: 165888K(165888K)->0K(166400K) From: 13248K(13312K)->42960K(81408K)
[774.622s][info][gc,heap        ] GC(2691) ParOldGen: 499969K(667648K)->499969K(667648K)
[774.622s][info][gc,metaspace   ] GC(2691) Metaspace: 19122K(19328K)->19122K(19328K) NonClass: 16459K(16576K)->16459K(16576K) Class: 2663K(2752K)->2663K(2752K)
[774.622s][info][gc             ] GC(2691) Pause Young (Allocation Failure) 663M->530M(894M) 35.252ms
[774.622s][info][gc,cpu         ] GC(2691) User=0.07s Sys=0.00s Real=0.04s
[774.834s][info][gc,start       ] GC(2692) Pause Young (Allocation Failure)
[774.887s][info][gc,heap        ] GC(2692) PSYoungGen: 209360K(247808K)->68880K(235520K) Eden: 166400K(166400K)->0K(166400K) From: 42960K(81408K)->68880K(69120K)
[774.887s][info][gc,heap        ] GC(2692) ParOldGen: 499969K(667648K)->499969K(667648K)
[774.887s][info][gc,metaspace   ] GC(2692) Metaspace: 19122K(19328K)->19122K(19328K) NonClass: 16459K(16576K)->16459K(16576K) Class: 2663K(2752K)->2663K(2752K)
[774.887s][info][gc             ] GC(2692) Pause Young (Allocation Failure) 692M->555M(882M) 53.087ms
[774.887s][info][gc,cpu         ] GC(2692) User=0.10s Sys=0.00s Real=0.05s
[775.114s][info][gc,start       ] GC(2693) Pause Young (Allocation Failure)
[775.186s][info][gc,heap        ] GC(2693) PSYoungGen: 235280K(235520K)->80064K(219648K) Eden: 166400K(166400K)->0K(129024K) From: 68880K(69120K)->80064K(90624K)
[775.186s][info][gc,heap        ] GC(2693) ParOldGen: 499969K(667648K)->499969K(667648K)
[775.186s][info][gc,metaspace   ] GC(2693) Metaspace: 19122K(19328K)->19122K(19328K) NonClass: 16459K(16576K)->16459K(16576K) Class: 2663K(2752K)->2663K(2752K)
[775.186s][info][gc             ] GC(2693) Pause Young (Allocation Failure) 718M->566M(866M) 72.260ms
[775.186s][info][gc,cpu         ] GC(2693) User=0.14s Sys=0.00s Real=0.07s
[775.362s][info][gc,start       ] GC(2694) Pause Young (Allocation Failure)
[775.433s][info][gc,heap        ] GC(2694) PSYoungGen: 209088K(219648K)->80064K(209408K) Eden: 129024K(129024K)->0K(129024K) From: 80064K(90624K)->80064K(80384K)
[775.433s][info][gc,heap        ] GC(2694) ParOldGen: 499969K(667648K)->499969K(667648K)
[775.433s][info][gc,metaspace   ] GC(2694) Metaspace: 19122K(19328K)->19122K(19328K) NonClass: 16459K(16576K)->16459K(16576K) Class: 2663K(2752K)->2663K(2752K)
[775.433s][info][gc             ] GC(2694) Pause Young (Allocation Failure) 692M->566M(856M) 71.157ms
[775.433s][info][gc,cpu         ] GC(2694) User=0.14s Sys=0.00s Real=0.07s
[775.608s][info][gc,start       ] GC(2695) Pause Young (Allocation Failure)
[775.680s][info][gc,heap        ] GC(2695) PSYoungGen: 209088K(209408K)->80064K(222720K) Eden: 129024K(129024K)->0K(111616K) From: 80064K(80384K)->80064K(111104K)
[775.680s][info][gc,heap        ] GC(2695) ParOldGen: 499969K(667648K)->499969K(667648K)
[775.680s][info][gc,metaspace   ] GC(2695) Metaspace: 19122K(19328K)->19122K(19328K) NonClass: 16459K(16576K)->16459K(16576K) Class: 2663K(2752K)->2663K(2752K)
[775.680s][info][gc             ] GC(2695) Pause Young (Allocation Failure) 692M->566M(869M) 71.786ms
[775.680s][info][gc,cpu         ] GC(2695) User=0.14s Sys=0.00s Real=0.07s
[775.834s][info][gc,start       ] GC(2696) Pause Young (Allocation Failure)
[775.906s][info][gc,heap        ] GC(2696) PSYoungGen: 191680K(222720K)->80064K(222720K) Eden: 111616K(111616K)->0K(111616K) From: 80064K(111104K)->80064K(111104K)
[775.906s][info][gc,heap        ] GC(2696) ParOldGen: 499969K(667648K)->499969K(667648K)
[775.906s][info][gc,metaspace   ] GC(2696) Metaspace: 19122K(19328K)->19122K(19328K) NonClass: 16459K(16576K)->16459K(16576K) Class: 2663K(2752K)->2663K(2752K)
[775.906s][info][gc             ] GC(2696) Pause Young (Allocation Failure) 675M->566M(869M) 72.044ms
[775.906s][info][gc,cpu         ] GC(2696) User=0.14s Sys=0.00s Real=0.07s
[776.060s][info][gc,start       ] GC(2697) Pause Young (Allocation Failure)
[776.132s][info][gc,heap        ] GC(2697) PSYoungGen: 191680K(222720K)->80064K(222720K) Eden: 111616K(111616K)->0K(111616K) From: 80064K(111104K)->80064K(111104K)
[776.132s][info][gc,heap        ] GC(2697) ParOldGen: 499969K(667648K)->499969K(667648K)
[776.132s][info][gc,metaspace   ] GC(2697) Metaspace: 19122K(19328K)->19122K(19328K) NonClass: 16459K(16576K)->16459K(16576K) Class: 2663K(2752K)->2663K(2752K)
[776.132s][info][gc             ] GC(2697) Pause Young (Allocation Failure) 675M->566M(869M) 71.790ms
[776.132s][info][gc,cpu         ] GC(2697) User=0.14s Sys=0.00s Real=0.07s
[776.285s][info][gc,start       ] GC(2698) Pause Young (Allocation Failure)
[776.356s][info][gc,heap        ] GC(2698) PSYoungGen: 191680K(222720K)->80064K(222720K) Eden: 111616K(111616K)->0K(111616K) From: 80064K(111104K)->80064K(111104K)
[776.356s][info][gc,heap        ] GC(2698) ParOldGen: 499969K(667648K)->499969K(667648K)
[776.356s][info][gc,metaspace   ] GC(2698) Metaspace: 19122K(19328K)->19122K(19328K) NonClass: 16459K(16576K)->16459K(16576K) Class: 2663K(2752K)->2663K(2752K)
[776.356s][info][gc             ] GC(2698) Pause Young (Allocation Failure) 675M->566M(869M) 71.600ms
[776.356s][info][gc,cpu         ] GC(2698) User=0.14s Sys=0.00s Real=0.07s
[776.510s][info][gc,start       ] GC(2699) Pause Young (Allocation Failure)
[776.582s][info][gc,heap        ] GC(2699) PSYoungGen: 191680K(222720K)->79936K(222720K) Eden: 111616K(111616K)->0K(111616K) From: 80064K(111104K)->79936K(111104K)
[776.582s][info][gc,heap        ] GC(2699) ParOldGen: 499969K(667648K)->500119K(667648K)
[776.582s][info][gc,metaspace   ] GC(2699) Metaspace: 19122K(19328K)->19122K(19328K) NonClass: 16459K(16576K)->16459K(16576K) Class: 2663K(2752K)->2663K(2752K)
[776.582s][info][gc             ] GC(2699) Pause Young (Allocation Failure) 675M->566M(869M) 71.855ms
[776.582s][info][gc,cpu         ] GC(2699) User=0.14s Sys=0.00s Real=0.08s
[776.729s][info][gc,start       ] GC(2700) Pause Young (Allocation Failure)
[776.801s][info][gc,heap        ] GC(2700) PSYoungGen: 191552K(222720K)->68864K(222720K) Eden: 111616K(111616K)->0K(111616K) From: 79936K(111104K)->68864K(111104K)
[776.801s][info][gc,heap        ] GC(2700) ParOldGen: 500119K(667648K)->513231K(667648K)
[776.801s][info][gc,metaspace   ] GC(2700) Metaspace: 19122K(19328K)->19122K(19328K) NonClass: 16459K(16576K)->16459K(16576K) Class: 2663K(2752K)->2663K(2752K)
[776.801s][info][gc             ] GC(2700) Pause Young (Allocation Failure) 675M->568M(869M) 71.554ms
[776.801s][info][gc,cpu         ] GC(2700) User=0.15s Sys=0.00s Real=0.08s
[776.907s][info][gc,start       ] GC(2701) Pause Young (Allocation Failure)
[776.981s][info][gc,heap        ] GC(2701) PSYoungGen: 180480K(222720K)->29184K(222720K) Eden: 111616K(111616K)->0K(111616K) From: 68864K(111104K)->29184K(111104K)
[776.981s][info][gc,heap        ] GC(2701) ParOldGen: 513231K(667648K)->569274K(667648K)
[776.981s][info][gc,metaspace   ] GC(2701) Metaspace: 19122K(19328K)->19122K(19328K) NonClass: 16459K(16576K)->16459K(16576K) Class: 2663K(2752K)->2663K(2752K)
[776.981s][info][gc             ] GC(2701) Pause Young (Allocation Failure) 677M->584M(869M) 74.328ms
[776.981s][info][gc,cpu         ] GC(2701) User=0.14s Sys=0.00s Real=0.08s
[777.072s][info][gc,start       ] GC(2702) Pause Young (Allocation Failure)
[777.118s][info][gc,heap        ] GC(2702) PSYoungGen: 140800K(222720K)->26176K(222720K) Eden: 111616K(111616K)->0K(111616K) From: 29184K(111104K)->26176K(111104K)
[777.118s][info][gc,heap        ] GC(2702) ParOldGen: 569274K(667648K)->580498K(667648K)
[777.118s][info][gc,metaspace   ] GC(2702) Metaspace: 19122K(19328K)->19122K(19328K) NonClass: 16459K(16576K)->16459K(16576K) Class: 2663K(2752K)->2663K(2752K)
[777.118s][info][gc             ] GC(2702) Pause Young (Allocation Failure) 693M->592M(869M) 45.629ms
[777.118s][info][gc,cpu         ] GC(2702) User=0.09s Sys=0.00s Real=0.04s
[777.219s][info][gc,start       ] GC(2703) Pause Young (Allocation Failure)
[777.245s][info][gc,heap        ] GC(2703) PSYoungGen: 137792K(222720K)->26944K(222720K) Eden: 111616K(111616K)->0K(111616K) From: 26176K(111104K)->26944K(111104K)
[777.245s][info][gc,heap        ] GC(2703) ParOldGen: 580498K(667648K)->580498K(667648K)
[777.245s][info][gc,metaspace   ] GC(2703) Metaspace: 19122K(19328K)->19122K(19328K) NonClass: 16459K(16576K)->16459K(16576K) Class: 2663K(2752K)->2663K(2752K)
[777.246s][info][gc             ] GC(2703) Pause Young (Allocation Failure) 701M->593M(869M) 26.394ms
[777.246s][info][gc,cpu         ] GC(2703) User=0.05s Sys=0.01s Real=0.03s
[777.344s][info][gc,start       ] GC(2704) Pause Young (Allocation Failure)
[777.373s][info][gc,heap        ] GC(2704) PSYoungGen: 138560K(222720K)->29632K(222720K) Eden: 111616K(111616K)->0K(111616K) From: 26944K(111104K)->29632K(111104K)
[777.373s][info][gc,heap        ] GC(2704) ParOldGen: 580498K(667648K)->580498K(667648K)
[777.373s][info][gc,metaspace   ] GC(2704) Metaspace: 19122K(19328K)->19122K(19328K) NonClass: 16459K(16576K)->16459K(16576K) Class: 2663K(2752K)->2663K(2752K)
[777.373s][info][gc             ] GC(2704) Pause Young (Allocation Failure) 702M->595M(869M) 29.334ms
[777.373s][info][gc,cpu         ] GC(2704) User=0.06s Sys=0.00s Real=0.03s
[777.472s][info][gc,start       ] GC(2705) Pause Young (Allocation Failure)
[777.503s][info][gc,heap        ] GC(2705) PSYoungGen: 141248K(222720K)->29824K(222720K) Eden: 111616K(111616K)->0K(111616K) From: 29632K(111104K)->29824K(111104K)
[777.503s][info][gc,heap        ] GC(2705) ParOldGen: 580498K(667648K)->582498K(667648K)
[777.503s][info][gc,metaspace   ] GC(2705) Metaspace: 19122K(19328K)->19122K(19328K) NonClass: 16459K(16576K)->16459K(16576K) Class: 2663K(2752K)->2663K(2752K)
[777.503s][info][gc             ] GC(2705) Pause Young (Allocation Failure) 704M->597M(869M) 31.159ms
[777.503s][info][gc,cpu         ] GC(2705) User=0.07s Sys=0.00s Real=0.03s
[777.596s][info][gc,start       ] GC(2706) Pause Young (Allocation Failure)
[777.643s][info][gc,heap        ] GC(2706) PSYoungGen: 141440K(222720K)->20160K(222720K) Eden: 111616K(111616K)->0K(111616K) From: 29824K(111104K)->20160K(111104K)
[777.643s][info][gc,heap        ] GC(2706) ParOldGen: 582498K(667648K)->606690K(667648K)
[777.643s][info][gc,metaspace   ] GC(2706) Metaspace: 19122K(19328K)->19122K(19328K) NonClass: 16459K(16576K)->16459K(16576K) Class: 2663K(2752K)->2663K(2752K)
[777.643s][info][gc             ] GC(2706) Pause Young (Allocation Failure) 706M->612M(869M) 46.653ms
[777.643s][info][gc,cpu         ] GC(2706) User=0.09s Sys=0.00s Real=0.05s
[777.776s][info][gc,start       ] GC(2707) Pause Young (Allocation Failure)
[777.821s][info][gc,heap        ] GC(2707) PSYoungGen: 131776K(222720K)->39552K(212480K) Eden: 111616K(111616K)->0K(111616K) From: 20160K(111104K)->39552K(100864K)
[777.821s][info][gc,heap        ] GC(2707) ParOldGen: 606690K(667648K)->610170K(667648K)
[777.821s][info][gc,metaspace   ] GC(2707) Metaspace: 19122K(19328K)->19122K(19328K) NonClass: 16459K(16576K)->16459K(16576K) Class: 2663K(2752K)->2663K(2752K)
[777.821s][info][gc             ] GC(2707) Pause Young (Allocation Failure) 721M->634M(859M) 45.006ms
[777.821s][info][gc,cpu         ] GC(2707) User=0.09s Sys=0.00s Real=0.05s
[777.960s][info][gc,start       ] GC(2708) Pause Young (Allocation Failure)
[778.015s][info][gc,heap        ] GC(2708) PSYoungGen: 151168K(212480K)->37312K(217600K) Eden: 111616K(111616K)->0K(111616K) From: 39552K(100864K)->37312K(105984K)
[778.015s][info][gc,heap        ] GC(2708) ParOldGen: 610170K(667648K)->626895K(667648K)
[778.015s][info][gc,metaspace   ] GC(2708) Metaspace: 19122K(19328K)->19122K(19328K) NonClass: 16459K(16576K)->16459K(16576K) Class: 2663K(2752K)->2663K(2752K)
[778.015s][info][gc             ] GC(2708) Pause Young (Allocation Failure) 743M->648M(864M) 55.239ms
[778.015s][info][gc,cpu         ] GC(2708) User=0.11s Sys=0.00s Real=0.06s
[778.154s][info][gc,start       ] GC(2709) Pause Full (Allocation Failure)
[778.155s][info][gc,phases,start] GC(2709) Marking Phase
[778.421s][info][gc,phases      ] GC(2709) Marking Phase 266.942ms
[778.422s][info][gc,phases,start] GC(2709) Summary Phase
[778.422s][info][gc,phases      ] GC(2709) Summary Phase 0.026ms
[778.422s][info][gc,phases,start] GC(2709) Forward
[778.516s][info][gc,phases      ] GC(2709) Forward 94.902ms
[778.517s][info][gc,phases,start] GC(2709) Adjust Pointers
[778.728s][info][gc,phases      ] GC(2709) Adjust Pointers 211.094ms
[778.728s][info][gc,phases,start] GC(2709) Compaction Phase
[778.851s][info][gc,phases      ] GC(2709) Compaction Phase 123.145ms
[778.859s][info][gc,phases,start] GC(2709) Post Compact
[778.862s][info][gc,phases      ] GC(2709) Post Compact 2.230ms
[778.862s][info][gc,heap        ] GC(2709) PSYoungGen: 148928K(217600K)->0K(224768K) Eden: 111616K(111616K)->0K(123904K) From: 37312K(105984K)->0K(100864K)
[778.862s][info][gc,heap        ] GC(2709) ParOldGen: 626895K(667648K)->393886K(667648K)
[778.862s][info][gc,metaspace   ] GC(2709) Metaspace: 19122K(19328K)->19122K(19328K) NonClass: 16459K(16576K)->16459K(16576K) Class: 2663K(2752K)->2663K(2752K)
[778.862s][info][gc             ] GC(2709) Pause Full (Allocation Failure) 757M->384M(871M) 707.422ms
[778.862s][info][gc,cpu         ] GC(2709) User=1.33s Sys=0.00s Real=0.71s
[778.958s][info][gc,start       ] GC(2710) Pause Young (Allocation Failure)
[778.971s][info][gc,heap        ] GC(2710) PSYoungGen: 123904K(224768K)->10048K(224768K) Eden: 123904K(123904K)->0K(123904K) From: 0K(100864K)->10048K(100864K)
[778.971s][info][gc,heap        ] GC(2710) ParOldGen: 393886K(667648K)->393886K(667648K)
[778.971s][info][gc,metaspace   ] GC(2710) Metaspace: 19122K(19328K)->19122K(19328K) NonClass: 16459K(16576K)->16459K(16576K) Class: 2663K(2752K)->2663K(2752K)
[778.971s][info][gc             ] GC(2710) Pause Young (Allocation Failure) 505M->394M(871M) 13.232ms
[778.971s][info][gc,cpu         ] GC(2710) User=0.03s Sys=0.00s Real=0.02s
[779.087s][info][gc,start       ] GC(2711) Pause Young (Allocation Failure)
[779.104s][info][gc,heap        ] GC(2711) PSYoungGen: 133952K(224768K)->2752K(232960K) Eden: 123904K(123904K)->0K(132096K) From: 10048K(100864K)->2752K(100864K)
[779.104s][info][gc,heap        ] GC(2711) ParOldGen: 393886K(667648K)->403918K(667648K)
[779.104s][info][gc,metaspace   ] GC(2711) Metaspace: 19122K(19328K)->19122K(19328K) NonClass: 16459K(16576K)->16459K(16576K) Class: 2663K(2752K)->2663K(2752K)
[779.104s][info][gc             ] GC(2711) Pause Young (Allocation Failure) 515M->397M(879M) 17.761ms
[779.104s][info][gc,cpu         ] GC(2711) User=0.03s Sys=0.00s Real=0.02s
[779.251s][info][gc,start       ] GC(2712) Pause Young (Allocation Failure)
[779.262s][info][gc,heap        ] GC(2712) PSYoungGen: 134848K(232960K)->3488K(135680K) Eden: 132096K(132096K)->0K(132096K) From: 2752K(100864K)->3488K(3584K)
[779.262s][info][gc,heap        ] GC(2712) ParOldGen: 403918K(667648K)->403918K(667648K)
[779.262s][info][gc,metaspace   ] GC(2712) Metaspace: 19122K(19328K)->19122K(19328K) NonClass: 16459K(16576K)->16459K(16576K) Class: 2663K(2752K)->2663K(2752K)
[779.263s][info][gc             ] GC(2712) Pause Young (Allocation Failure) 526M->397M(784M) 11.711ms
[779.263s][info][gc,cpu         ] GC(2712) User=0.02s Sys=0.00s Real=0.01s
[779.406s][info][gc,start       ] GC(2713) Pause Young (Allocation Failure)
[779.422s][info][gc,heap        ] GC(2713) PSYoungGen: 135584K(135680K)->8736K(234496K) Eden: 132096K(132096K)->0K(134656K) From: 3488K(3584K)->8736K(99840K)
[779.422s][info][gc,heap        ] GC(2713) ParOldGen: 403918K(667648K)->403918K(667648K)
[779.423s][info][gc,metaspace   ] GC(2713) Metaspace: 19122K(19328K)->19122K(19328K) NonClass: 16459K(16576K)->16459K(16576K) Class: 2663K(2752K)->2663K(2752K)
[779.423s][info][gc             ] GC(2713) Pause Young (Allocation Failure) 526M->402M(881M) 16.921ms
[779.423s][info][gc,cpu         ] GC(2713) User=0.03s Sys=0.00s Real=0.02s
[779.533s][info][gc,start       ] GC(2714) Pause Young (Allocation Failure)
[779.554s][info][gc,heap        ] GC(2714) PSYoungGen: 143392K(234496K)->19328K(154112K) Eden: 134656K(134656K)->0K(134656K) From: 8736K(99840K)->19328K(19456K)
[779.554s][info][gc,heap        ] GC(2714) ParOldGen: 403918K(667648K)->403918K(667648K)
[779.554s][info][gc,metaspace   ] GC(2714) Metaspace: 19122K(19328K)->19122K(19328K) NonClass: 16459K(16576K)->16459K(16576K) Class: 2663K(2752K)->2663K(2752K)
[779.554s][info][gc             ] GC(2714) Pause Young (Allocation Failure) 534M->413M(802M) 20.382ms
[779.554s][info][gc,cpu         ] GC(2714) User=0.04s Sys=0.00s Real=0.02s
[779.623s][info][gc,start       ] GC(2715) Pause Young (Allocation Failure)
[779.672s][info][gc,heap        ] GC(2715) PSYoungGen: 153984K(154112K)->61152K(224256K) Eden: 134656K(134656K)->0K(131584K) From: 19328K(19456K)->61152K(92672K)
[779.672s][info][gc,heap        ] GC(2715) ParOldGen: 403918K(667648K)->403918K(667648K)
[779.672s][info][gc,metaspace   ] GC(2715) Metaspace: 19122K(19328K)->19122K(19328K) NonClass: 16459K(16576K)->16459K(16576K) Class: 2663K(2752K)->2663K(2752K)
[779.672s][info][gc             ] GC(2715) Pause Young (Allocation Failure) 544M->454M(871M) 49.712ms
[779.672s][info][gc,cpu         ] GC(2715) User=0.10s Sys=0.00s Real=0.05s
[779.792s][info][gc,start       ] GC(2716) Pause Young (Allocation Failure)
[779.852s][info][gc,heap        ] GC(2716) PSYoungGen: 192736K(224256K)->81952K(214016K) Eden: 131584K(131584K)->0K(131584K) From: 61152K(92672K)->81952K(82432K)
[779.852s][info][gc,heap        ] GC(2716) ParOldGen: 403918K(667648K)->406190K(667648K)
[779.852s][info][gc,metaspace   ] GC(2716) Metaspace: 19122K(19328K)->19122K(19328K) NonClass: 16459K(16576K)->16459K(16576K) Class: 2663K(2752K)->2663K(2752K)
[779.852s][info][gc             ] GC(2716) Pause Young (Allocation Failure) 582M->476M(861M) 59.712ms
[779.852s][info][gc,cpu         ] GC(2716) User=0.12s Sys=0.00s Real=0.06s
[779.958s][info][gc,start       ] GC(2717) Pause Young (Allocation Failure)
[780.027s][info][gc,heap        ] GC(2717) PSYoungGen: 213536K(214016K)->90608K(221184K) Eden: 131584K(131584K)->0K(111616K) From: 81952K(82432K)->90608K(109568K)
[780.027s][info][gc,heap        ] GC(2717) ParOldGen: 406190K(667648K)->412654K(667648K)
[780.027s][info][gc,metaspace   ] GC(2717) Metaspace: 19122K(19328K)->19122K(19328K) NonClass: 16459K(16576K)->16459K(16576K) Class: 2663K(2752K)->2663K(2752K)
[780.027s][info][gc             ] GC(2717) Pause Young (Allocation Failure) 605M->491M(868M) 68.470ms
[780.027s][info][gc,cpu         ] GC(2717) User=0.14s Sys=0.00s Real=0.07s
[780.201s][info][gc,start       ] GC(2718) Pause Young (Allocation Failure)
[780.265s][info][gc,heap        ] GC(2718) PSYoungGen: 202224K(221184K)->39408K(222720K) Eden: 111616K(111616K)->0K(111616K) From: 90608K(109568K)->39408K(111104K)
[780.265s][info][gc,heap        ] GC(2718) ParOldGen: 412654K(667648K)->465577K(667648K)
[780.265s][info][gc,metaspace   ] GC(2718) Metaspace: 19122K(19328K)->19122K(19328K) NonClass: 16459K(16576K)->16459K(16576K) Class: 2663K(2752K)->2663K(2752K)
[780.265s][info][gc             ] GC(2718) Pause Young (Allocation Failure) 600M->493M(869M) 64.416ms
[780.265s][info][gc,cpu         ] GC(2718) User=0.12s Sys=0.00s Real=0.06s
[780.401s][info][gc,start       ] GC(2719) Pause Young (Allocation Failure)
[780.437s][info][gc,heap        ] GC(2719) PSYoungGen: 151024K(222720K)->3728K(222720K) Eden: 111616K(111616K)->0K(111616K) From: 39408K(111104K)->3728K(111104K)
[780.437s][info][gc,heap        ] GC(2719) ParOldGen: 465577K(667648K)->503973K(667648K)
[780.437s][info][gc,metaspace   ] GC(2719) Metaspace: 19122K(19328K)->19122K(19328K) NonClass: 16459K(16576K)->16459K(16576K) Class: 2663K(2752K)->2663K(2752K)
[780.437s][info][gc             ] GC(2719) Pause Young (Allocation Failure) 602M->495M(869M) 36.328ms
[780.437s][info][gc,cpu         ] GC(2719) User=0.08s Sys=0.00s Real=0.03s
[780.516s][info][gc,start       ] GC(2720) Pause Young (Allocation Failure)
[780.528s][info][gc,heap        ] GC(2720) PSYoungGen: 115344K(222720K)->6880K(222720K) Eden: 111616K(111616K)->0K(111616K) From: 3728K(111104K)->6880K(111104K)
[780.528s][info][gc,heap        ] GC(2720) ParOldGen: 503973K(667648K)->507662K(667648K)
[780.528s][info][gc,metaspace   ] GC(2720) Metaspace: 19122K(19328K)->19122K(19328K) NonClass: 16459K(16576K)->16459K(16576K) Class: 2663K(2752K)->2663K(2752K)
[780.528s][info][gc             ] GC(2720) Pause Young (Allocation Failure) 604M->502M(869M) 12.239ms
[780.528s][info][gc,cpu         ] GC(2720) User=0.03s Sys=0.00s Real=0.01s
[780.681s][info][gc,start       ] GC(2721) Pause Young (Allocation Failure)
[780.692s][info][gc,heap        ] GC(2721) PSYoungGen: 118496K(222720K)->352K(221696K) Eden: 111616K(111616K)->0K(111616K) From: 6880K(111104K)->352K(110080K)
[780.692s][info][gc,heap        ] GC(2721) ParOldGen: 507662K(667648K)->514550K(667648K)
[780.692s][info][gc,metaspace   ] GC(2721) Metaspace: 19122K(19328K)->19122K(19328K) NonClass: 16459K(16576K)->16459K(16576K) Class: 2663K(2752K)->2663K(2752K)
[780.692s][info][gc             ] GC(2721) Pause Young (Allocation Failure) 611M->502M(868M) 10.881ms
[780.692s][info][gc,cpu         ] GC(2721) User=0.02s Sys=0.00s Real=0.01s
[780.821s][info][gc,start       ] GC(2722) Pause Young (Allocation Failure)
[780.829s][info][gc,heap        ] GC(2722) PSYoungGen: 111968K(221696K)->1376K(113152K) Eden: 111616K(111616K)->0K(111616K) From: 352K(110080K)->1376K(1536K)
[780.829s][info][gc,heap        ] GC(2722) ParOldGen: 514550K(667648K)->514550K(667648K)
[780.829s][info][gc,metaspace   ] GC(2722) Metaspace: 19122K(19328K)->19122K(19328K) NonClass: 16459K(16576K)->16459K(16576K) Class: 2663K(2752K)->2663K(2752K)
[780.829s][info][gc             ] GC(2722) Pause Young (Allocation Failure) 611M->503M(762M) 7.648ms
[780.829s][info][gc,cpu         ] GC(2722) User=0.01s Sys=0.00s Real=0.00s
[780.932s][info][gc,start       ] GC(2723) Pause Young (Allocation Failure)
[780.940s][info][gc,heap        ] GC(2723) PSYoungGen: 112992K(113152K)->2400K(223744K) Eden: 111616K(111616K)->0K(116224K) From: 1376K(1536K)->2400K(107520K)
[780.940s][info][gc,heap        ] GC(2723) ParOldGen: 514550K(667648K)->514550K(667648K)
[780.940s][info][gc,metaspace   ] GC(2723) Metaspace: 19122K(19328K)->19122K(19328K) NonClass: 16459K(16576K)->16459K(16576K) Class: 2663K(2752K)->2663K(2752K)
[780.940s][info][gc             ] GC(2723) Pause Young (Allocation Failure) 612M->504M(870M) 7.485ms
[780.940s][info][gc,cpu         ] GC(2723) User=0.01s Sys=0.00s Real=0.00s
[781.242s][info][gc,start       ] GC(2724) Pause Young (Allocation Failure)
[781.275s][info][gc,heap        ] GC(2724) PSYoungGen: 118624K(223744K)->17473K(134144K) Eden: 116224K(116224K)->0K(116224K) From: 2400K(107520K)->17473K(17920K)
[781.275s][info][gc,heap        ] GC(2724) ParOldGen: 514550K(667648K)->514550K(667648K)
[781.275s][info][gc,metaspace   ] GC(2724) Metaspace: 19122K(19328K)->19122K(19328K) NonClass: 16459K(16576K)->16459K(16576K) Class: 2663K(2752K)->2663K(2752K)
[781.275s][info][gc             ] GC(2724) Pause Young (Allocation Failure) 618M->519M(783M) 33.088ms
[781.275s][info][gc,cpu         ] GC(2724) User=0.07s Sys=0.00s Real=0.03s
[781.426s][info][gc,start       ] GC(2725) Pause Young (Allocation Failure)
[781.474s][info][gc,heap        ] GC(2725) PSYoungGen: 133697K(134144K)->35361K(220672K) Eden: 116224K(116224K)->0K(124928K) From: 17473K(17920K)->35361K(95744K)
[781.474s][info][gc,heap        ] GC(2725) ParOldGen: 514550K(667648K)->514550K(667648K)
[781.474s][info][gc,metaspace   ] GC(2725) Metaspace: 19122K(19328K)->19122K(19328K) NonClass: 16459K(16576K)->16459K(16576K) Class: 2663K(2752K)->2663K(2752K)
[781.474s][info][gc             ] GC(2725) Pause Young (Allocation Failure) 633M->537M(867M) 47.905ms
[781.474s][info][gc,cpu         ] GC(2725) User=0.09s Sys=0.00s Real=0.05s
[781.633s][info][gc,start       ] GC(2726) Pause Young (Allocation Failure)
[781.697s][info][gc,heap        ] GC(2726) PSYoungGen: 160289K(220672K)->52321K(219648K) Eden: 124928K(124928K)->0K(124928K) From: 35361K(95744K)->52321K(94720K)
[781.697s][info][gc,heap        ] GC(2726) ParOldGen: 514550K(667648K)->514550K(667648K)
[781.697s][info][gc,metaspace   ] GC(2726) Metaspace: 19122K(19328K)->19122K(19328K) NonClass: 16459K(16576K)->16459K(16576K) Class: 2663K(2752K)->2663K(2752K)
[781.697s][info][gc             ] GC(2726) Pause Young (Allocation Failure) 659M->553M(866M) 64.085ms
[781.697s][info][gc,cpu         ] GC(2726) User=0.12s Sys=0.00s Real=0.06s
[781.836s][info][gc,start       ] GC(2727) Pause Young (Allocation Failure)
[781.902s][info][gc,heap        ] GC(2727) PSYoungGen: 177249K(219648K)->55178K(230400K) Eden: 124928K(124928K)->0K(133120K) From: 52321K(94720K)->55178K(97280K)
[781.902s][info][gc,heap        ] GC(2727) ParOldGen: 514550K(667648K)->514550K(667648K)
[781.902s][info][gc,metaspace   ] GC(2727) Metaspace: 19122K(19328K)->19122K(19328K) NonClass: 16459K(16576K)->16459K(16576K) Class: 2663K(2752K)->2663K(2752K)
[781.902s][info][gc             ] GC(2727) Pause Young (Allocation Failure) 675M->556M(877M) 66.428ms
[781.902s][info][gc,cpu         ] GC(2727) User=0.13s Sys=0.00s Real=0.07s
[782.083s][info][gc,start       ] GC(2728) Pause Young (Allocation Failure)
[782.152s][info][gc,heap        ] GC(2728) PSYoungGen: 188298K(230400K)->57802K(190976K) Eden: 133120K(133120K)->0K(133120K) From: 55178K(97280K)->57802K(57856K)
[782.152s][info][gc,heap        ] GC(2728) ParOldGen: 514550K(667648K)->514878K(667648K)
[782.152s][info][gc,metaspace   ] GC(2728) Metaspace: 19124K(19328K)->19124K(19328K) NonClass: 16461K(16576K)->16461K(16576K) Class: 2663K(2752K)->2663K(2752K)
[782.152s][info][gc             ] GC(2728) Pause Young (Allocation Failure) 686M->559M(838M) 69.024ms
[782.152s][info][gc,cpu         ] GC(2728) User=0.14s Sys=0.00s Real=0.07s
[782.256s][info][gc,start       ] GC(2729) Pause Young (Allocation Failure)
[782.324s][info][gc,heap        ] GC(2729) PSYoungGen: 190922K(190976K)->56810K(227840K) Eden: 133120K(133120K)->0K(124928K) From: 57802K(57856K)->56810K(102912K)
[782.324s][info][gc,heap        ] GC(2729) ParOldGen: 514878K(667648K)->515918K(667648K)
[782.324s][info][gc,metaspace   ] GC(2729) Metaspace: 19124K(19328K)->19124K(19328K) NonClass: 16461K(16576K)->16461K(16576K) Class: 2663K(2752K)->2663K(2752K)
[782.325s][info][gc             ] GC(2729) Pause Young (Allocation Failure) 689M->559M(874M) 68.457ms
[782.325s][info][gc,cpu         ] GC(2729) User=0.14s Sys=0.00s Real=0.07s
[782.424s][info][gc,start       ] GC(2730) Pause Young (Allocation Failure)
[782.492s][info][gc,heap        ] GC(2730) PSYoungGen: 181738K(227840K)->40905K(165888K) Eden: 124928K(124928K)->0K(124928K) From: 56810K(102912K)->40905K(40960K)
[782.492s][info][gc,heap        ] GC(2730) ParOldGen: 515918K(667648K)->532059K(667648K)
[782.492s][info][gc,metaspace   ] GC(2730) Metaspace: 19124K(19328K)->19124K(19328K) NonClass: 16461K(16576K)->16461K(16576K) Class: 2663K(2752K)->2663K(2752K)
[782.492s][info][gc             ] GC(2730) Pause Young (Allocation Failure) 681M->559M(814M) 68.123ms
[782.492s][info][gc,cpu         ] GC(2730) User=0.13s Sys=0.00s Real=0.07s
[782.676s][info][gc,start       ] GC(2731) Pause Young (Allocation Failure)
[782.724s][info][gc,heap        ] GC(2731) PSYoungGen: 165833K(165888K)->13353K(227840K) Eden: 124928K(124928K)->0K(128512K) From: 40905K(40960K)->13353K(99328K)
[782.724s][info][gc,heap        ] GC(2731) ParOldGen: 532059K(667648K)->566979K(667648K)
[782.724s][info][gc,metaspace   ] GC(2731) Metaspace: 19124K(19328K)->19124K(19328K) NonClass: 16461K(16576K)->16461K(16576K) Class: 2663K(2752K)->2663K(2752K)
[782.724s][info][gc             ] GC(2731) Pause Young (Allocation Failure) 681M->566M(874M) 48.124ms
[782.724s][info][gc,cpu         ] GC(2731) User=0.09s Sys=0.00s Real=0.05s
[782.941s][info][gc,start       ] GC(2732) Pause Young (Allocation Failure)
[782.959s][info][gc,heap        ] GC(2732) PSYoungGen: 141865K(227840K)->7712K(225792K) Eden: 128512K(128512K)->0K(128512K) From: 13353K(99328K)->7712K(97280K)
[782.959s][info][gc,heap        ] GC(2732) ParOldGen: 566979K(667648K)->572772K(667648K)
[782.959s][info][gc,metaspace   ] GC(2732) Metaspace: 19124K(19328K)->19124K(19328K) NonClass: 16461K(16576K)->16461K(16576K) Class: 2663K(2752K)->2663K(2752K)
[782.959s][info][gc             ] GC(2732) Pause Young (Allocation Failure) 692M->566M(872M) 17.881ms
[782.959s][info][gc,cpu         ] GC(2732) User=0.04s Sys=0.00s Real=0.01s
[783.332s][info][gc,start       ] GC(2733) Pause Young (Allocation Failure)
[783.342s][info][gc,heap        ] GC(2733) PSYoungGen: 136224K(225792K)->7760K(233472K) Eden: 128512K(128512K)->0K(139776K) From: 7712K(97280K)->7760K(93696K)
[783.342s][info][gc,heap        ] GC(2733) ParOldGen: 572772K(667648K)->572852K(667648K)
[783.342s][info][gc,metaspace   ] GC(2733) Metaspace: 19124K(19328K)->19124K(19328K) NonClass: 16461K(16576K)->16461K(16576K) Class: 2663K(2752K)->2663K(2752K)
[783.342s][info][gc             ] GC(2733) Pause Young (Allocation Failure) 692M->567M(880M) 10.105ms
[783.342s][info][gc,cpu         ] GC(2733) User=0.02s Sys=0.00s Real=0.01s
[783.801s][info][gc,start       ] GC(2734) Pause Young (Allocation Failure)
[783.811s][info][gc,heap        ] GC(2734) PSYoungGen: 147536K(233472K)->7848K(232960K) Eden: 139776K(139776K)->0K(139776K) From: 7760K(93696K)->7848K(93184K)
[783.811s][info][gc,heap        ] GC(2734) ParOldGen: 572852K(667648K)->572852K(667648K)
[783.811s][info][gc,metaspace   ] GC(2734) Metaspace: 19124K(19328K)->19124K(19328K) NonClass: 16461K(16576K)->16461K(16576K) Class: 2663K(2752K)->2663K(2752K)
[783.811s][info][gc             ] GC(2734) Pause Young (Allocation Failure) 703M->567M(879M) 10.006ms
[783.811s][info][gc,cpu         ] GC(2734) User=0.02s Sys=0.00s Real=0.01s
[784.070s][info][gc,start       ] GC(2735) Pause Young (Allocation Failure)
[784.100s][info][gc,heap        ] GC(2735) PSYoungGen: 147624K(232960K)->29080K(232448K) Eden: 139776K(139776K)->0K(150016K) From: 7848K(93184K)->29080K(82432K)
[784.100s][info][gc,heap        ] GC(2735) ParOldGen: 572852K(667648K)->572852K(667648K)
[784.100s][info][gc,metaspace   ] GC(2735) Metaspace: 19124K(19328K)->19124K(19328K) NonClass: 16461K(16576K)->16461K(16576K) Class: 2663K(2752K)->2663K(2752K)
[784.101s][info][gc             ] GC(2735) Pause Young (Allocation Failure) 703M->587M(879M) 30.573ms
[784.101s][info][gc,cpu         ] GC(2735) User=0.06s Sys=0.00s Real=0.04s
[784.378s][info][gc,start       ] GC(2736) Pause Young (Allocation Failure)
[784.411s][info][gc,heap        ] GC(2736) PSYoungGen: 179096K(232448K)->29080K(235008K) Eden: 150016K(150016K)->0K(150016K) From: 29080K(82432K)->29080K(84992K)
[784.411s][info][gc,heap        ] GC(2736) ParOldGen: 572852K(667648K)->572852K(667648K)
[784.411s][info][gc,metaspace   ] GC(2736) Metaspace: 19124K(19328K)->19124K(19328K) NonClass: 16461K(16576K)->16461K(16576K) Class: 2663K(2752K)->2663K(2752K)
[784.411s][info][gc             ] GC(2736) Pause Young (Allocation Failure) 734M->587M(881M) 33.879ms
[784.411s][info][gc,cpu         ] GC(2736) User=0.06s Sys=0.00s Real=0.04s
[785.176s][info][gc,start       ] GC(2737) Pause Young (Allocation Failure)
[785.207s][info][gc,heap        ] GC(2737) PSYoungGen: 179096K(235008K)->29485K(228864K) Eden: 150016K(150016K)->0K(159744K) From: 29080K(84992K)->29485K(69120K)
[785.207s][info][gc,heap        ] GC(2737) ParOldGen: 572852K(667648K)->572852K(667648K)
[785.207s][info][gc,metaspace   ] GC(2737) Metaspace: 19124K(19328K)->19124K(19328K) NonClass: 16461K(16576K)->16461K(16576K) Class: 2663K(2752K)->2663K(2752K)
[785.207s][info][gc             ] GC(2737) Pause Young (Allocation Failure) 734M->588M(875M) 31.518ms
[785.207s][info][gc,cpu         ] GC(2737) User=0.06s Sys=0.00s Real=0.03s
[785.967s][info][gc,start       ] GC(2738) Pause Young (Allocation Failure)
[785.999s][info][gc,heap        ] GC(2738) PSYoungGen: 189229K(228864K)->30925K(235008K) Eden: 159744K(159744K)->0K(159744K) From: 29485K(69120K)->30925K(75264K)
[785.999s][info][gc,heap        ] GC(2738) ParOldGen: 572852K(667648K)->572852K(667648K)
[785.999s][info][gc,metaspace   ] GC(2738) Metaspace: 19125K(19328K)->19125K(19328K) NonClass: 16462K(16576K)->16462K(16576K) Class: 2663K(2752K)->2663K(2752K)
[785.999s][info][gc             ] GC(2738) Pause Young (Allocation Failure) 744M->589M(881M) 32.013ms
[785.999s][info][gc,cpu         ] GC(2738) User=0.07s Sys=0.00s Real=0.03s
[786.492s][info][gc,start       ] GC(2739) Pause Young (Allocation Failure)
[786.525s][info][gc,heap        ] GC(2739) PSYoungGen: 190567K(235008K)->31507K(233472K) Eden: 159642K(159744K)->0K(168448K) From: 30925K(75264K)->31507K(65024K)
[786.525s][info][gc,heap        ] GC(2739) ParOldGen: 572852K(667648K)->572852K(667648K)
[786.525s][info][gc,metaspace   ] GC(2739) Metaspace: 19130K(19328K)->19130K(19328K) NonClass: 16467K(16576K)->16467K(16576K) Class: 2663K(2752K)->2663K(2752K)
[786.525s][info][gc             ] GC(2739) Pause Young (Allocation Failure) 745M->590M(880M) 33.102ms
[786.525s][info][gc,cpu         ] GC(2739) User=0.07s Sys=0.00s Real=0.03s
[786.884s][info][gc,start       ] GC(2740) Pause Young (Allocation Failure)
[786.916s][info][gc,heap        ] GC(2740) PSYoungGen: 199846K(233472K)->31637K(237056K) Eden: 168339K(168448K)->0K(168448K) From: 31507K(65024K)->31637K(68608K)
[786.916s][info][gc,heap        ] GC(2740) ParOldGen: 572852K(667648K)->572852K(667648K)
[786.916s][info][gc,metaspace   ] GC(2740) Metaspace: 19130K(19328K)->19130K(19328K) NonClass: 16467K(16576K)->16467K(16576K) Class: 2663K(2752K)->2663K(2752K)
[786.916s][info][gc             ] GC(2740) Pause Young (Allocation Failure) 754M->590M(883M) 32.097ms
[786.916s][info][gc,cpu         ] GC(2740) User=0.06s Sys=0.00s Real=0.03s
[787.153s][info][gc,start       ] GC(2741) Pause Young (Allocation Failure)
[787.278s][info][gc,heap        ] GC(2741) PSYoungGen: 200085K(237056K)->66045K(229376K) Eden: 168448K(168448K)->0K(163328K) From: 31637K(68608K)->66045K(66048K)
[787.278s][info][gc,heap        ] GC(2741) ParOldGen: 572852K(667648K)->584476K(667648K)
[787.278s][info][gc,metaspace   ] GC(2741) Metaspace: 19141K(19328K)->19141K(19328K) NonClass: 16478K(16576K)->16478K(16576K) Class: 2663K(2752K)->2663K(2752K)
[787.278s][info][gc             ] GC(2741) Pause Young (Allocation Failure) 754M->635M(876M) 125.001ms
[787.278s][info][gc,cpu         ] GC(2741) User=0.25s Sys=0.00s Real=0.12s
[787.387s][info][gc,start       ] GC(2742) Pause Young (Allocation Failure)
[787.490s][info][gc,heap        ] GC(2742) PSYoungGen: 229373K(229376K)->80356K(243712K) Eden: 163328K(163328K)->0K(163328K) From: 66045K(66048K)->80356K(80384K)
[787.490s][info][gc,heap        ] GC(2742) ParOldGen: 584476K(667648K)->623829K(667648K)
[787.490s][info][gc,metaspace   ] GC(2742) Metaspace: 19141K(19328K)->19141K(19328K) NonClass: 16478K(16576K)->16478K(16576K) Class: 2663K(2752K)->2663K(2752K)
[787.490s][info][gc             ] GC(2742) Pause Young (Allocation Failure) 794M->687M(890M) 102.573ms
[787.490s][info][gc,cpu         ] GC(2742) User=0.20s Sys=0.00s Real=0.10s
[787.664s][info][gc,start       ] GC(2743) Pause Full (Allocation Failure)
[787.664s][info][gc,phases,start] GC(2743) Marking Phase
[787.787s][info][gc,phases      ] GC(2743) Marking Phase 123.112ms
[787.787s][info][gc,phases,start] GC(2743) Summary Phase
[787.787s][info][gc,phases      ] GC(2743) Summary Phase 0.029ms
[787.787s][info][gc,phases,start] GC(2743) Forward
[787.833s][info][gc,phases      ] GC(2743) Forward 46.170ms
[787.833s][info][gc,phases,start] GC(2743) Adjust Pointers
[787.915s][info][gc,phases      ] GC(2743) Adjust Pointers 81.786ms
[787.915s][info][gc,phases,start] GC(2743) Compaction Phase
[787.967s][info][gc,phases      ] GC(2743) Compaction Phase 52.332ms
[787.968s][info][gc,phases,start] GC(2743) Post Compact
[787.971s][info][gc,phases      ] GC(2743) Post Compact 2.436ms
[787.982s][info][gc,heap        ] GC(2743) PSYoungGen: 243684K(243712K)->0K(208896K) Eden: 163328K(163328K)->0K(118784K) From: 80356K(80384K)->0K(90112K)
[787.982s][info][gc,heap        ] GC(2743) ParOldGen: 623829K(667648K)->203525K(523264K)
[787.982s][info][gc,metaspace   ] GC(2743) Metaspace: 19141K(19328K)->19141K(19328K) NonClass: 16478K(16576K)->16478K(16576K) Class: 2663K(2752K)->2663K(2752K)
[787.982s][info][gc             ] GC(2743) Pause Full (Allocation Failure) 847M->198M(715M) 318.637ms
[787.982s][info][gc,cpu         ] GC(2743) User=0.56s Sys=0.02s Real=0.32s
[788.115s][info][gc,start       ] GC(2744) Pause Young (Allocation Failure)
[788.140s][info][gc,heap        ] GC(2744) PSYoungGen: 118784K(208896K)->14656K(226304K) Eden: 118784K(118784K)->0K(118784K) From: 0K(90112K)->14656K(107520K)
[788.140s][info][gc,heap        ] GC(2744) ParOldGen: 203525K(523264K)->203525K(523264K)
[788.140s][info][gc,metaspace   ] GC(2744) Metaspace: 19141K(19328K)->19141K(19328K) NonClass: 16478K(16576K)->16478K(16576K) Class: 2663K(2752K)->2663K(2752K)
[788.140s][info][gc             ] GC(2744) Pause Young (Allocation Failure) 314M->213M(732M) 25.576ms
[788.140s][info][gc,cpu         ] GC(2744) User=0.05s Sys=0.00s Real=0.02s
[788.298s][info][gc,start       ] GC(2745) Pause Young (Allocation Failure)
[788.336s][info][gc,heap        ] GC(2745) PSYoungGen: 133440K(226304K)->22546K(217088K) Eden: 118784K(118784K)->0K(120832K) From: 14656K(107520K)->22546K(96256K)
[788.336s][info][gc,heap        ] GC(2745) ParOldGen: 203525K(523264K)->203525K(523264K)
[788.336s][info][gc,metaspace   ] GC(2745) Metaspace: 19146K(19392K)->19146K(19392K) NonClass: 16483K(16640K)->16483K(16640K) Class: 2663K(2752K)->2663K(2752K)
[788.337s][info][gc             ] GC(2745) Pause Young (Allocation Failure) 329M->220M(723M) 38.678ms
[788.337s][info][gc,cpu         ] GC(2745) User=0.07s Sys=0.00s Real=0.04s
[788.532s][info][gc,start       ] GC(2746) Pause Young (Allocation Failure)
[788.603s][info][gc,heap        ] GC(2746) PSYoungGen: 143378K(217088K)->49106K(222720K) Eden: 120832K(120832K)->0K(120832K) From: 22546K(96256K)->49106K(101888K)
[788.603s][info][gc,heap        ] GC(2746) ParOldGen: 203525K(523264K)->203525K(523264K)
[788.603s][info][gc,metaspace   ] GC(2746) Metaspace: 19146K(19392K)->19146K(19392K) NonClass: 16483K(16640K)->16483K(16640K) Class: 2663K(2752K)->2663K(2752K)
[788.603s][info][gc             ] GC(2746) Pause Young (Allocation Failure) 338M->246M(728M) 71.091ms
[788.603s][info][gc,cpu         ] GC(2746) User=0.14s Sys=0.00s Real=0.07s
[788.731s][info][gc,start       ] GC(2747) Pause Young (Allocation Failure)
[788.808s][info][gc,heap        ] GC(2747) PSYoungGen: 169938K(222720K)->54459K(228864K) Eden: 120832K(120832K)->0K(132096K) From: 49106K(101888K)->54459K(96768K)
[788.808s][info][gc,heap        ] GC(2747) ParOldGen: 203525K(523264K)->203525K(523264K)
[788.808s][info][gc,metaspace   ] GC(2747) Metaspace: 19146K(19392K)->19146K(19392K) NonClass: 16483K(16640K)->16483K(16640K) Class: 2663K(2752K)->2663K(2752K)
[788.808s][info][gc             ] GC(2747) Pause Young (Allocation Failure) 364M->251M(734M) 76.340ms
[788.808s][info][gc,cpu         ] GC(2747) User=0.15s Sys=0.00s Real=0.07s
[788.923s][info][gc,start       ] GC(2748) Pause Young (Allocation Failure)
[789.005s][info][gc,heap        ] GC(2748) PSYoungGen: 186555K(228864K)->59963K(231424K) Eden: 132096K(132096K)->0K(132096K) From: 54459K(96768K)->59963K(99328K)
[789.005s][info][gc,heap        ] GC(2748) ParOldGen: 203525K(523264K)->203525K(523264K)
[789.005s][info][gc,metaspace   ] GC(2748) Metaspace: 19146K(19392K)->19146K(19392K) NonClass: 16483K(16640K)->16483K(16640K) Class: 2663K(2752K)->2663K(2752K)
[789.005s][info][gc             ] GC(2748) Pause Young (Allocation Failure) 380M->257M(737M) 81.547ms
[789.005s][info][gc,cpu         ] GC(2748) User=0.16s Sys=0.00s Real=0.08s
[789.092s][info][gc,start       ] GC(2749) Pause Young (Allocation Failure)
[789.208s][info][gc,heap        ] GC(2749) PSYoungGen: 192059K(231424K)->90578K(212480K) Eden: 132096K(132096K)->0K(111616K) From: 59963K(99328K)->90578K(100864K)
[789.208s][info][gc,heap        ] GC(2749) ParOldGen: 203525K(523264K)->203525K(523264K)
[789.208s][info][gc,metaspace   ] GC(2749) Metaspace: 19146K(19392K)->19146K(19392K) NonClass: 16483K(16640K)->16483K(16640K) Class: 2663K(2752K)->2663K(2752K)
[789.208s][info][gc             ] GC(2749) Pause Young (Allocation Failure) 386M->287M(718M) 115.838ms
[789.208s][info][gc,cpu         ] GC(2749) User=0.22s Sys=0.01s Real=0.11s
[789.273s][info][gc,start       ] GC(2750) Pause Young (Allocation Failure)
[789.398s][info][gc,heap        ] GC(2750) PSYoungGen: 202194K(212480K)->103042K(222720K) Eden: 111616K(111616K)->0K(111616K) From: 90578K(100864K)->103042K(111104K)
[789.398s][info][gc,heap        ] GC(2750) ParOldGen: 203525K(523264K)->218181K(523264K)
[789.398s][info][gc,metaspace   ] GC(2750) Metaspace: 19146K(19392K)->19146K(19392K) NonClass: 16483K(16640K)->16483K(16640K) Class: 2663K(2752K)->2663K(2752K)
[789.398s][info][gc             ] GC(2750) Pause Young (Allocation Failure) 396M->313M(728M) 125.555ms
[789.398s][info][gc,cpu         ] GC(2750) User=0.25s Sys=0.00s Real=0.12s
[789.499s][info][gc,start       ] GC(2751) Pause Young (Allocation Failure)
[789.620s][info][gc,heap        ] GC(2751) PSYoungGen: 214658K(222720K)->79283K(222720K) Eden: 111616K(111616K)->0K(111616K) From: 103042K(111104K)->79283K(111104K)
[789.620s][info][gc,heap        ] GC(2751) ParOldGen: 218181K(523264K)->252702K(523264K)
[789.620s][info][gc,metaspace   ] GC(2751) Metaspace: 19146K(19392K)->19146K(19392K) NonClass: 16483K(16640K)->16483K(16640K) Class: 2663K(2752K)->2663K(2752K)
[789.620s][info][gc             ] GC(2751) Pause Young (Allocation Failure) 422M->324M(728M) 120.498ms
[789.620s][info][gc,cpu         ] GC(2751) User=0.24s Sys=0.00s Real=0.12s
[789.699s][info][gc,start       ] GC(2752) Pause Young (Allocation Failure)
[789.775s][info][gc,heap        ] GC(2752) PSYoungGen: 190899K(222720K)->74467K(222720K) Eden: 111616K(111616K)->0K(111616K) From: 79283K(111104K)->74467K(111104K)
[789.775s][info][gc,heap        ] GC(2752) ParOldGen: 252702K(523264K)->263574K(523264K)
[789.775s][info][gc,metaspace   ] GC(2752) Metaspace: 19146K(19392K)->19146K(19392K) NonClass: 16483K(16640K)->16483K(16640K) Class: 2663K(2752K)->2663K(2752K)
[789.775s][info][gc             ] GC(2752) Pause Young (Allocation Failure) 433M->330M(728M) 75.280ms
[789.775s][info][gc,cpu         ] GC(2752) User=0.15s Sys=0.00s Real=0.08s
[789.861s][info][gc,start       ] GC(2753) Pause Young (Allocation Failure)
[789.927s][info][gc,heap        ] GC(2753) PSYoungGen: 186083K(222720K)->17603K(222720K) Eden: 111616K(111616K)->0K(111616K) From: 74467K(111104K)->17603K(111104K)
[789.927s][info][gc,heap        ] GC(2753) ParOldGen: 263574K(523264K)->321641K(523264K)
[789.927s][info][gc,metaspace   ] GC(2753) Metaspace: 19146K(19392K)->19146K(19392K) NonClass: 16483K(16640K)->16483K(16640K) Class: 2663K(2752K)->2663K(2752K)
[789.928s][info][gc             ] GC(2753) Pause Young (Allocation Failure) 439M->331M(728M) 66.461ms
[789.928s][info][gc,cpu         ] GC(2753) User=0.13s Sys=0.00s Real=0.06s
[790.012s][info][gc,start       ] GC(2754) Pause Young (Allocation Failure)
[790.040s][info][gc,heap        ] GC(2754) PSYoungGen: 129219K(222720K)->3456K(222720K) Eden: 111616K(111616K)->0K(111616K) From: 17603K(111104K)->3456K(111104K)
[790.040s][info][gc,heap        ] GC(2754) ParOldGen: 321641K(523264K)->338396K(523264K)
[790.040s][info][gc,metaspace   ] GC(2754) Metaspace: 19146K(19392K)->19146K(19392K) NonClass: 16483K(16640K)->16483K(16640K) Class: 2663K(2752K)->2663K(2752K)
[790.040s][info][gc             ] GC(2754) Pause Young (Allocation Failure) 440M->333M(728M) 27.806ms
[790.040s][info][gc,cpu         ] GC(2754) User=0.05s Sys=0.00s Real=0.02s
[790.147s][info][gc,start       ] GC(2755) Pause Young (Allocation Failure)
[790.156s][info][gc,heap        ] GC(2755) PSYoungGen: 115072K(222720K)->3616K(222720K) Eden: 111616K(111616K)->0K(111616K) From: 3456K(111104K)->3616K(111104K)
[790.156s][info][gc,heap        ] GC(2755) ParOldGen: 338396K(523264K)->341812K(523264K)
[790.156s][info][gc,metaspace   ] GC(2755) Metaspace: 19146K(19392K)->19146K(19392K) NonClass: 16483K(16640K)->16483K(16640K) Class: 2663K(2752K)->2663K(2752K)
[790.156s][info][gc             ] GC(2755) Pause Young (Allocation Failure) 442M->337M(728M) 8.810ms
[790.156s][info][gc,cpu         ] GC(2755) User=0.02s Sys=0.00s Real=0.01s
[790.426s][info][gc,start       ] GC(2756) Pause Young (Allocation Failure)
[790.432s][info][gc,heap        ] GC(2756) PSYoungGen: 115232K(222720K)->320K(222720K) Eden: 111616K(111616K)->0K(111616K) From: 3616K(111104K)->320K(111104K)
[790.432s][info][gc,heap        ] GC(2756) ParOldGen: 341812K(523264K)->345412K(523264K)
[790.432s][info][gc,metaspace   ] GC(2756) Metaspace: 19146K(19392K)->19146K(19392K) NonClass: 16483K(16640K)->16483K(16640K) Class: 2663K(2752K)->2663K(2752K)
[790.432s][info][gc             ] GC(2756) Pause Young (Allocation Failure) 446M->337M(728M) 6.327ms
[790.432s][info][gc,cpu         ] GC(2756) User=0.02s Sys=0.00s Real=0.01s
[790.606s][info][gc,start       ] GC(2757) Pause Young (Allocation Failure)
[790.643s][info][gc,heap        ] GC(2757) PSYoungGen: 111936K(222720K)->40240K(222720K) Eden: 111616K(111616K)->0K(111616K) From: 320K(111104K)->40240K(111104K)
[790.643s][info][gc,heap        ] GC(2757) ParOldGen: 345412K(523264K)->345633K(523264K)
[790.643s][info][gc,metaspace   ] GC(2757) Metaspace: 19146K(19392K)->19146K(19392K) NonClass: 16483K(16640K)->16483K(16640K) Class: 2663K(2752K)->2663K(2752K)
[790.643s][info][gc             ] GC(2757) Pause Young (Allocation Failure) 446M->376M(728M) 36.896ms
[790.643s][info][gc,cpu         ] GC(2757) User=0.08s Sys=0.00s Real=0.04s
[790.798s][info][gc,start       ] GC(2758) Pause Young (Allocation Failure)
[790.869s][info][gc,heap        ] GC(2758) PSYoungGen: 151856K(222720K)->33664K(222720K) Eden: 111616K(111616K)->0K(111616K) From: 40240K(111104K)->33664K(111104K)
[790.869s][info][gc,heap        ] GC(2758) ParOldGen: 345633K(523264K)->385981K(523264K)
[790.869s][info][gc,metaspace   ] GC(2758) Metaspace: 19146K(19392K)->19146K(19392K) NonClass: 16483K(16640K)->16483K(16640K) Class: 2663K(2752K)->2663K(2752K)
[790.869s][info][gc             ] GC(2758) Pause Young (Allocation Failure) 485M->409M(728M) 71.680ms
[790.869s][info][gc,cpu         ] GC(2758) User=0.14s Sys=0.00s Real=0.07s
[790.982s][info][gc,start       ] GC(2759) Pause Young (Allocation Failure)
[791.021s][info][gc,heap        ] GC(2759) PSYoungGen: 145280K(222720K)->7424K(221696K) Eden: 111616K(111616K)->0K(111616K) From: 33664K(111104K)->7424K(110080K)
[791.021s][info][gc,heap        ] GC(2759) ParOldGen: 385981K(523264K)->419577K(523264K)
[791.021s][info][gc,metaspace   ] GC(2759) Metaspace: 19146K(19392K)->19146K(19392K) NonClass: 16483K(16640K)->16483K(16640K) Class: 2663K(2752K)->2663K(2752K)
[791.021s][info][gc             ] GC(2759) Pause Young (Allocation Failure) 518M->416M(727M) 39.183ms
[791.021s][info][gc,cpu         ] GC(2759) User=0.07s Sys=0.00s Real=0.04s
[791.131s][info][gc,start       ] GC(2760) Pause Young (Allocation Failure)
[791.141s][info][gc,heap        ] GC(2760) PSYoungGen: 119040K(221696K)->832K(222208K) Eden: 111616K(111616K)->0K(111616K) From: 7424K(110080K)->832K(110592K)
[791.141s][info][gc,heap        ] GC(2760) ParOldGen: 419577K(523264K)->426991K(523264K)
[791.141s][info][gc,metaspace   ] GC(2760) Metaspace: 19146K(19392K)->19146K(19392K) NonClass: 16483K(16640K)->16483K(16640K) Class: 2663K(2752K)->2663K(2752K)
[791.141s][info][gc             ] GC(2760) Pause Young (Allocation Failure) 525M->417M(728M) 9.627ms
[791.141s][info][gc,cpu         ] GC(2760) User=0.02s Sys=0.00s Real=0.01s
[791.279s][info][gc,start       ] GC(2761) Pause Young (Allocation Failure)
[791.283s][info][gc,heap        ] GC(2761) PSYoungGen: 112448K(222208K)->1440K(219136K) Eden: 111616K(111616K)->0K(114176K) From: 832K(110592K)->1440K(104960K)
[791.284s][info][gc,heap        ] GC(2761) ParOldGen: 426991K(523264K)->427791K(523264K)
[791.284s][info][gc,metaspace   ] GC(2761) Metaspace: 19146K(19392K)->19146K(19392K) NonClass: 16483K(16640K)->16483K(16640K) Class: 2663K(2752K)->2663K(2752K)
[791.284s][info][gc             ] GC(2761) Pause Young (Allocation Failure) 526M->419M(725M) 4.359ms
[791.284s][info][gc,cpu         ] GC(2761) User=0.00s Sys=0.00s Real=0.01s
[791.507s][info][gc,start       ] GC(2762) Pause Young (Allocation Failure)
[791.511s][info][gc,heap        ] GC(2762) PSYoungGen: 115616K(219136K)->192K(220672K) Eden: 114176K(114176K)->0K(114176K) From: 1440K(104960K)->192K(106496K)
[791.511s][info][gc,heap        ] GC(2762) ParOldGen: 427791K(523264K)->429039K(523264K)
[791.511s][info][gc,metaspace   ] GC(2762) Metaspace: 19146K(19392K)->19146K(19392K) NonClass: 16483K(16640K)->16483K(16640K) Class: 2663K(2752K)->2663K(2752K)
[791.511s][info][gc             ] GC(2762) Pause Young (Allocation Failure) 530M->419M(726M) 3.916ms
[791.511s][info][gc,cpu         ] GC(2762) User=0.00s Sys=0.00s Real=0.01s
[791.665s][info][gc,start       ] GC(2763) Pause Young (Allocation Failure)
[791.696s][info][gc,heap        ] GC(2763) PSYoungGen: 114368K(220672K)->31808K(217088K) Eden: 114176K(114176K)->0K(123392K) From: 192K(106496K)->31808K(93696K)
[791.696s][info][gc,heap        ] GC(2763) ParOldGen: 429039K(523264K)->429039K(523264K)
[791.696s][info][gc,metaspace   ] GC(2763) Metaspace: 19146K(19392K)->19146K(19392K) NonClass: 16483K(16640K)->16483K(16640K) Class: 2663K(2752K)->2663K(2752K)
[791.696s][info][gc             ] GC(2763) Pause Young (Allocation Failure) 530M->450M(723M) 31.466ms
[791.696s][info][gc,cpu         ] GC(2763) User=0.06s Sys=0.00s Real=0.03s
[791.885s][info][gc,start       ] GC(2764) Pause Young (Allocation Failure)
[791.946s][info][gc,heap        ] GC(2764) PSYoungGen: 155200K(217088K)->68979K(221696K) Eden: 123392K(123392K)->0K(123392K) From: 31808K(93696K)->68979K(98304K)
[791.946s][info][gc,heap        ] GC(2764) ParOldGen: 429039K(523264K)->429039K(523264K)
[791.946s][info][gc,metaspace   ] GC(2764) Metaspace: 19148K(19392K)->19148K(19392K) NonClass: 16485K(16640K)->16485K(16640K) Class: 2663K(2752K)->2663K(2752K)
[791.946s][info][gc             ] GC(2764) Pause Young (Allocation Failure) 570M->486M(727M) 60.822ms
[791.946s][info][gc,cpu         ] GC(2764) User=0.12s Sys=0.00s Real=0.06s
[792.079s][info][gc,start       ] GC(2765) Pause Young (Allocation Failure)
[792.145s][info][gc,heap        ] GC(2765) PSYoungGen: 192371K(221696K)->76376K(218112K) Eden: 123392K(123392K)->0K(111616K) From: 68979K(98304K)->76376K(106496K)
[792.145s][info][gc,heap        ] GC(2765) ParOldGen: 429039K(523264K)->429191K(523264K)
[792.145s][info][gc,metaspace   ] GC(2765) Metaspace: 19148K(19392K)->19148K(19392K) NonClass: 16485K(16640K)->16485K(16640K) Class: 2663K(2752K)->2663K(2752K)
[792.145s][info][gc             ] GC(2765) Pause Young (Allocation Failure) 606M->493M(724M) 66.074ms
[792.145s][info][gc,cpu         ] GC(2765) User=0.13s Sys=0.00s Real=0.07s
[792.269s][info][gc,start       ] GC(2766) Pause Young (Allocation Failure)
[792.335s][info][gc,heap        ] GC(2766) PSYoungGen: 187992K(218112K)->7956K(222720K) Eden: 111616K(111616K)->0K(111616K) From: 76376K(106496K)->7956K(111104K)
[792.335s][info][gc,heap        ] GC(2766) ParOldGen: 429191K(523264K)->498290K(523264K)
[792.335s][info][gc,metaspace   ] GC(2766) Metaspace: 19148K(19392K)->19148K(19392K) NonClass: 16485K(16640K)->16485K(16640K) Class: 2663K(2752K)->2663K(2752K)
[792.335s][info][gc             ] GC(2766) Pause Young (Allocation Failure) 602M->494M(728M) 66.146ms
[792.335s][info][gc,cpu         ] GC(2766) User=0.13s Sys=0.00s Real=0.07s
[792.415s][info][gc,start       ] GC(2767) Pause Young (Allocation Failure)
[792.476s][info][gc,heap        ] GC(2767) PSYoungGen: 119572K(222720K)->54368K(222720K) Eden: 111616K(111616K)->0K(111616K) From: 7956K(111104K)->54368K(111104K)
[792.476s][info][gc,heap        ] GC(2767) ParOldGen: 498290K(523264K)->506207K(523264K)
[792.476s][info][gc,metaspace   ] GC(2767) Metaspace: 19148K(19392K)->19148K(19392K) NonClass: 16485K(16640K)->16485K(16640K) Class: 2663K(2752K)->2663K(2752K)
[792.477s][info][gc             ] GC(2767) Pause Young (Allocation Failure) 603M->547M(728M) 61.072ms
[792.477s][info][gc,cpu         ] GC(2767) User=0.12s Sys=0.00s Real=0.06s
[792.613s][info][gc,start       ] GC(2768) Pause Young (Allocation Failure)
[792.716s][info][gc,heap        ] GC(2768) PSYoungGen: 165984K(222720K)->36032K(147968K) Eden: 111616K(111616K)->0K(111616K) From: 54368K(111104K)->36032K(36352K)
[792.716s][info][gc,heap        ] GC(2768) ParOldGen: 506207K(523264K)->560759K(561152K)
[792.716s][info][gc,metaspace   ] GC(2768) Metaspace: 19148K(19392K)->19148K(19392K) NonClass: 16485K(16640K)->16485K(16640K) Class: 2663K(2752K)->2663K(2752K)
[792.716s][info][gc             ] GC(2768) Pause Young (Allocation Failure) 656M->582M(692M) 102.561ms
[792.716s][info][gc,cpu         ] GC(2768) User=0.17s Sys=0.04s Real=0.10s
[792.854s][info][gc,start       ] GC(2769) Pause Young (Allocation Failure)
[792.914s][info][gc,heap        ] GC(2769) PSYoungGen: 147648K(147968K)->8020K(219648K) Eden: 111616K(111616K)->0K(114176K) From: 36032K(36352K)->8020K(105472K)
[792.914s][info][gc,heap        ] GC(2769) ParOldGen: 560759K(561152K)->596903K(596992K)
[792.914s][info][gc,metaspace   ] GC(2769) Metaspace: 19148K(19392K)->19148K(19392K) NonClass: 16485K(16640K)->16485K(16640K) Class: 2663K(2752K)->2663K(2752K)
[792.914s][info][gc             ] GC(2769) Pause Young (Allocation Failure) 691M->590M(797M) 60.053ms
[792.914s][info][gc,cpu         ] GC(2769) User=0.09s Sys=0.03s Real=0.06s
[793.034s][info][gc,start       ] GC(2770) Pause Full (Allocation Failure)
[793.034s][info][gc,phases,start] GC(2770) Marking Phase
[793.112s][info][gc,phases      ] GC(2770) Marking Phase 77.750ms
[793.112s][info][gc,phases,start] GC(2770) Summary Phase
[793.112s][info][gc,phases      ] GC(2770) Summary Phase 0.024ms
[793.112s][info][gc,phases,start] GC(2770) Forward
[793.140s][info][gc,phases      ] GC(2770) Forward 27.804ms
[793.140s][info][gc,phases,start] GC(2770) Adjust Pointers
[793.194s][info][gc,phases      ] GC(2770) Adjust Pointers 54.151ms
[793.194s][info][gc,phases,start] GC(2770) Compaction Phase
[793.224s][info][gc,phases      ] GC(2770) Compaction Phase 30.164ms
[793.227s][info][gc,phases,start] GC(2770) Post Compact
[793.229s][info][gc,phases      ] GC(2770) Post Compact 2.047ms
[793.240s][info][gc,heap        ] GC(2770) PSYoungGen: 122196K(219648K)->0K(217088K) Eden: 114176K(114176K)->0K(114176K) From: 8020K(105472K)->0K(102912K)
[793.240s][info][gc,heap        ] GC(2770) ParOldGen: 596903K(596992K)->118909K(465920K)
[793.240s][info][gc,metaspace   ] GC(2770) Metaspace: 19148K(19392K)->19148K(19392K) NonClass: 16485K(16640K)->16485K(16640K) Class: 2663K(2752K)->2663K(2752K)
[793.240s][info][gc             ] GC(2770) Pause Full (Allocation Failure) 702M->116M(667M) 205.737ms
[793.240s][info][gc,cpu         ] GC(2770) User=0.34s Sys=0.01s Real=0.20s
[793.315s][info][gc,start       ] GC(2771) Pause Young (Allocation Failure)
[793.360s][info][gc,heap        ] GC(2771) PSYoungGen: 114176K(217088K)->55264K(226816K) Eden: 114176K(114176K)->0K(123904K) From: 0K(102912K)->55264K(102912K)
[793.360s][info][gc,heap        ] GC(2771) ParOldGen: 118909K(465920K)->118909K(465920K)
[793.360s][info][gc,metaspace   ] GC(2771) Metaspace: 19149K(19392K)->19149K(19392K) NonClass: 16486K(16640K)->16486K(16640K) Class: 2663K(2752K)->2663K(2752K)
[793.360s][info][gc             ] GC(2771) Pause Young (Allocation Failure) 227M->170M(676M) 45.292ms
[793.360s][info][gc,cpu         ] GC(2771) User=0.09s Sys=0.00s Real=0.04s
[793.398s][info][gc,start       ] GC(2772) Pause Young (Allocation Failure)
[793.485s][info][gc,heap        ] GC(2772) PSYoungGen: 179168K(226816K)->51200K(228352K) Eden: 123904K(123904K)->0K(123904K) From: 55264K(102912K)->51200K(104448K)
[793.485s][info][gc,heap        ] GC(2772) ParOldGen: 118909K(465920K)->174493K(465920K)
[793.485s][info][gc,metaspace   ] GC(2772) Metaspace: 19149K(19392K)->19149K(19392K) NonClass: 16486K(16640K)->16486K(16640K) Class: 2663K(2752K)->2663K(2752K)
[793.485s][info][gc             ] GC(2772) Pause Young (Allocation Failure) 291M->220M(678M) 86.889ms
[793.485s][info][gc,cpu         ] GC(2772) User=0.15s Sys=0.00s Real=0.09s
[793.526s][info][gc,start       ] GC(2773) Pause Young (Allocation Failure)
[793.590s][info][gc,heap        ] GC(2773) PSYoungGen: 175104K(228352K)->50976K(226816K) Eden: 123904K(123904K)->0K(125952K) From: 51200K(104448K)->50976K(100864K)
[793.590s][info][gc,heap        ] GC(2773) ParOldGen: 174493K(465920K)->226309K(465920K)
[793.590s][info][gc,metaspace   ] GC(2773) Metaspace: 19149K(19392K)->19149K(19392K) NonClass: 16486K(16640K)->16486K(16640K) Class: 2663K(2752K)->2663K(2752K)
[793.590s][info][gc             ] GC(2773) Pause Young (Allocation Failure) 341M->270M(676M) 63.997ms
[793.590s][info][gc,cpu         ] GC(2773) User=0.13s Sys=0.00s Real=0.06s
[793.737s][info][gc,start       ] GC(2774) Pause Young (Allocation Failure)
[793.785s][info][gc,heap        ] GC(2774) PSYoungGen: 176928K(226816K)->15616K(228352K) Eden: 125952K(125952K)->0K(125952K) From: 50976K(100864K)->15616K(102400K)
[793.785s][info][gc,heap        ] GC(2774) ParOldGen: 226309K(465920K)->277869K(465920K)
[793.785s][info][gc,metaspace   ] GC(2774) Metaspace: 19149K(19392K)->19149K(19392K) NonClass: 16486K(16640K)->16486K(16640K) Class: 2663K(2752K)->2663K(2752K)
[793.785s][info][gc             ] GC(2774) Pause Young (Allocation Failure) 393M->286M(678M) 47.432ms
[793.785s][info][gc,cpu         ] GC(2774) User=0.09s Sys=0.00s Real=0.05s
[793.847s][info][gc,start       ] GC(2775) Pause Young (Allocation Failure)
[793.870s][info][gc,heap        ] GC(2775) PSYoungGen: 141568K(228352K)->2912K(230400K) Eden: 125952K(125952K)->0K(131072K) From: 15616K(102400K)->2912K(99328K)
[793.870s][info][gc,heap        ] GC(2775) ParOldGen: 277869K(465920K)->293613K(465920K)
[793.870s][info][gc,metaspace   ] GC(2775) Metaspace: 19149K(19392K)->19149K(19392K) NonClass: 16486K(16640K)->16486K(16640K) Class: 2663K(2752K)->2663K(2752K)
[793.870s][info][gc             ] GC(2775) Pause Young (Allocation Failure) 409M->289M(680M) 22.958ms
[793.870s][info][gc,cpu         ] GC(2775) User=0.05s Sys=0.00s Real=0.02s
[794.049s][info][gc,start       ] GC(2776) Pause Young (Allocation Failure)
[794.111s][info][gc,heap        ] GC(2776) PSYoungGen: 133984K(230400K)->33443K(164864K) Eden: 131072K(131072K)->0K(131072K) From: 2912K(99328K)->33443K(33792K)
[794.112s][info][gc,heap        ] GC(2776) ParOldGen: 293613K(465920K)->296477K(465920K)
[794.112s][info][gc,metaspace   ] GC(2776) Metaspace: 19149K(19392K)->19149K(19392K) NonClass: 16486K(16640K)->16486K(16640K) Class: 2663K(2752K)->2663K(2752K)
[794.112s][info][gc             ] GC(2776) Pause Young (Allocation Failure) 417M->322M(616M) 63.041ms
[794.112s][info][gc,cpu         ] GC(2776) User=0.12s Sys=0.00s Real=0.07s
[794.215s][info][gc,start       ] GC(2777) Pause Young (Allocation Failure)
[794.301s][info][gc,heap        ] GC(2777) PSYoungGen: 164515K(164864K)->33568K(233984K) Eden: 131072K(131072K)->0K(141312K) From: 33443K(33792K)->33568K(92672K)
[794.301s][info][gc,heap        ] GC(2777) ParOldGen: 296477K(465920K)->329927K(465920K)
[794.301s][info][gc,metaspace   ] GC(2777) Metaspace: 19149K(19392K)->19149K(19392K) NonClass: 16486K(16640K)->16486K(16640K) Class: 2663K(2752K)->2663K(2752K)
[794.301s][info][gc             ] GC(2777) Pause Young (Allocation Failure) 450M->354M(683M) 86.665ms
[794.301s][info][gc,cpu         ] GC(2777) User=0.18s Sys=0.00s Real=0.09s
[794.421s][info][gc,start       ] GC(2778) Pause Young (Allocation Failure)
[794.482s][info][gc,heap        ] GC(2778) PSYoungGen: 174880K(233984K)->27424K(228352K) Eden: 141312K(141312K)->0K(141312K) From: 33568K(92672K)->27424K(87040K)
[794.482s][info][gc,heap        ] GC(2778) ParOldGen: 329927K(465920K)->363535K(465920K)
[794.482s][info][gc,metaspace   ] GC(2778) Metaspace: 19149K(19392K)->19149K(19392K) NonClass: 16486K(16640K)->16486K(16640K) Class: 2663K(2752K)->2663K(2752K)
[794.482s][info][gc             ] GC(2778) Pause Young (Allocation Failure) 492M->381M(678M) 60.844ms
[794.482s][info][gc,cpu         ] GC(2778) User=0.12s Sys=0.00s Real=0.06s
[794.546s][info][gc,start       ] GC(2779) Pause Young (Allocation Failure)
[794.578s][info][gc,heap        ] GC(2779) PSYoungGen: 168736K(228352K)->4352K(237056K) Eden: 141312K(141312K)->0K(154624K) From: 27424K(87040K)->4352K(82432K)
[794.578s][info][gc,heap        ] GC(2779) ParOldGen: 363535K(465920K)->390999K(465920K)
[794.578s][info][gc,metaspace   ] GC(2779) Metaspace: 19149K(19392K)->19149K(19392K) NonClass: 16486K(16640K)->16486K(16640K) Class: 2663K(2752K)->2663K(2752K)
[794.578s][info][gc             ] GC(2779) Pause Young (Allocation Failure) 519M->386M(686M) 31.834ms
[794.578s][info][gc,cpu         ] GC(2779) User=0.06s Sys=0.00s Real=0.03s
[794.684s][info][gc,start       ] GC(2780) Pause Young (Allocation Failure)
[794.698s][info][gc,heap        ] GC(2780) PSYoungGen: 158976K(237056K)->1248K(236544K) Eden: 154624K(154624K)->0K(154624K) From: 4352K(82432K)->1248K(81920K)
[794.699s][info][gc,heap        ] GC(2780) ParOldGen: 390999K(465920K)->395359K(465920K)
[794.699s][info][gc,metaspace   ] GC(2780) Metaspace: 19149K(19392K)->19149K(19392K) NonClass: 16486K(16640K)->16486K(16640K) Class: 2663K(2752K)->2663K(2752K)
[794.699s][info][gc             ] GC(2780) Pause Young (Allocation Failure) 537M->387M(686M) 14.288ms
[794.699s][info][gc,cpu         ] GC(2780) User=0.02s Sys=0.00s Real=0.01s
[794.806s][info][gc,start       ] GC(2781) Pause Young (Allocation Failure)
[794.822s][info][gc,heap        ] GC(2781) PSYoungGen: 155872K(236544K)->6368K(248832K) Eden: 154624K(154624K)->0K(170496K) From: 1248K(81920K)->6368K(78336K)
[794.822s][info][gc,heap        ] GC(2781) ParOldGen: 395359K(465920K)->396567K(465920K)
[794.822s][info][gc,metaspace   ] GC(2781) Metaspace: 19149K(19392K)->19149K(19392K) NonClass: 16486K(16640K)->16486K(16640K) Class: 2663K(2752K)->2663K(2752K)
[794.822s][info][gc             ] GC(2781) Pause Young (Allocation Failure) 538M->393M(698M) 15.871ms
[794.822s][info][gc,cpu         ] GC(2781) User=0.03s Sys=0.00s Real=0.02s
[794.975s][info][gc,start       ] GC(2782) Pause Young (Allocation Failure)
[794.997s][info][gc,heap        ] GC(2782) PSYoungGen: 176864K(248832K)->14368K(249856K) Eden: 170496K(170496K)->0K(170496K) From: 6368K(78336K)->14368K(79360K)
[794.997s][info][gc,heap        ] GC(2782) ParOldGen: 396567K(465920K)->402911K(465920K)
[794.997s][info][gc,metaspace   ] GC(2782) Metaspace: 19149K(19392K)->19149K(19392K) NonClass: 16486K(16640K)->16486K(16640K) Class: 2663K(2752K)->2663K(2752K)
[794.997s][info][gc             ] GC(2782) Pause Young (Allocation Failure) 559M->407M(699M) 22.237ms
[794.997s][info][gc,cpu         ] GC(2782) User=0.04s Sys=0.00s Real=0.02s
[795.187s][info][gc,start       ] GC(2783) Pause Young (Allocation Failure)
[795.232s][info][gc,heap        ] GC(2783) PSYoungGen: 184864K(249856K)->28352K(249856K) Eden: 170496K(170496K)->0K(178688K) From: 14368K(79360K)->28352K(71168K)
[795.232s][info][gc,heap        ] GC(2783) ParOldGen: 402911K(465920K)->417255K(465920K)
[795.232s][info][gc,metaspace   ] GC(2783) Metaspace: 19149K(19392K)->19149K(19392K) NonClass: 16486K(16640K)->16486K(16640K) Class: 2663K(2752K)->2663K(2752K)
[795.232s][info][gc             ] GC(2783) Pause Young (Allocation Failure) 573M->435M(699M) 44.886ms
[795.232s][info][gc,cpu         ] GC(2783) User=0.09s Sys=0.00s Real=0.05s
[795.821s][info][gc,start       ] GC(2784) Pause Young (Allocation Failure)
[795.850s][info][gc,heap        ] GC(2784) PSYoungGen: 207040K(249856K)->288K(250880K) Eden: 178688K(178688K)->0K(178688K) From: 28352K(71168K)->288K(72192K)
[795.851s][info][gc,heap        ] GC(2784) ParOldGen: 417255K(465920K)->445634K(465920K)
[795.851s][info][gc,metaspace   ] GC(2784) Metaspace: 19159K(19392K)->19159K(19392K) NonClass: 16495K(16640K)->16495K(16640K) Class: 2663K(2752K)->2663K(2752K)
[795.851s][info][gc             ] GC(2784) Pause Young (Allocation Failure) 609M->435M(700M) 29.313ms
[795.851s][info][gc,cpu         ] GC(2784) User=0.06s Sys=0.00s Real=0.03s
[796.253s][info][gc,start       ] GC(2785) Pause Young (Allocation Failure)
[796.256s][info][gc,heap        ] GC(2785) PSYoungGen: 178976K(250880K)->64K(258048K) Eden: 178688K(178688K)->0K(189952K) From: 288K(72192K)->64K(68096K)
[796.256s][info][gc,heap        ] GC(2785) ParOldGen: 445634K(465920K)->445850K(465920K)
[796.256s][info][gc,metaspace   ] GC(2785) Metaspace: 19159K(19392K)->19159K(19392K) NonClass: 16495K(16640K)->16495K(16640K) Class: 2663K(2752K)->2663K(2752K)
[796.256s][info][gc             ] GC(2785) Pause Young (Allocation Failure) 609M->435M(707M) 2.405ms
[796.256s][info][gc,cpu         ] GC(2785) User=0.00s Sys=0.00s Real=0.00s
[796.647s][info][gc,start       ] GC(2786) Pause Young (Allocation Failure)
[796.649s][info][gc,heap        ] GC(2786) PSYoungGen: 190016K(258048K)->64K(260096K) Eden: 189952K(189952K)->0K(189952K) From: 64K(68096K)->64K(70144K)
[796.649s][info][gc,heap        ] GC(2786) ParOldGen: 445850K(465920K)->445866K(465920K)
[796.649s][info][gc,metaspace   ] GC(2786) Metaspace: 19159K(19392K)->19159K(19392K) NonClass: 16495K(16640K)->16495K(16640K) Class: 2663K(2752K)->2663K(2752K)
[796.649s][info][gc             ] GC(2786) Pause Young (Allocation Failure) 620M->435M(709M) 2.171ms
[796.649s][info][gc,cpu         ] GC(2786) User=0.00s Sys=0.00s Real=0.00s
[797.044s][info][gc,start       ] GC(2787) Pause Young (Allocation Failure)
[797.071s][info][gc,heap        ] GC(2787) PSYoungGen: 190016K(260096K)->10118K(254976K) Eden: 189952K(189952K)->0K(195072K) From: 64K(70144K)->10118K(59904K)
[797.071s][info][gc,heap        ] GC(2787) ParOldGen: 445866K(465920K)->445866K(465920K)
[797.071s][info][gc,metaspace   ] GC(2787) Metaspace: 19159K(19392K)->19159K(19392K) NonClass: 16495K(16640K)->16495K(16640K) Class: 2663K(2752K)->2663K(2752K)
[797.071s][info][gc             ] GC(2787) Pause Young (Allocation Failure) 620M->445M(704M) 26.841ms
[797.071s][info][gc,cpu         ] GC(2787) User=0.05s Sys=0.00s Real=0.03s
[797.169s][info][gc,start       ] GC(2788) Pause Young (Allocation Failure)
[797.232s][info][gc,heap        ] GC(2788) PSYoungGen: 205190K(254976K)->64502K(259584K) Eden: 195072K(195072K)->0K(195072K) From: 10118K(59904K)->64502K(64512K)
[797.232s][info][gc,heap        ] GC(2788) ParOldGen: 445866K(465920K)->465114K(465920K)
[797.232s][info][gc,metaspace   ] GC(2788) Metaspace: 19173K(19392K)->19173K(19392K) NonClass: 16510K(16640K)->16510K(16640K) Class: 2663K(2752K)->2663K(2752K)
[797.232s][info][gc             ] GC(2788) Pause Young (Allocation Failure) 635M->517M(708M) 63.293ms
[797.232s][info][gc,cpu         ] GC(2788) User=0.12s Sys=0.00s Real=0.07s
[797.396s][info][gc,start       ] GC(2789) Pause Young (Allocation Failure)
[797.495s][info][gc,heap        ] GC(2789) PSYoungGen: 259574K(259584K)->74208K(190976K) Eden: 195072K(195072K)->0K(116736K) From: 64502K(64512K)->74208K(74240K)
[797.495s][info][gc,heap        ] GC(2789) ParOldGen: 465114K(465920K)->495287K(495616K)
[797.495s][info][gc,metaspace   ] GC(2789) Metaspace: 19178K(19392K)->19178K(19392K) NonClass: 16514K(16640K)->16514K(16640K) Class: 2663K(2752K)->2663K(2752K)
[797.495s][info][gc             ] GC(2789) Pause Young (Allocation Failure) 707M->556M(670M) 99.446ms
[797.495s][info][gc,cpu         ] GC(2789) User=0.17s Sys=0.03s Real=0.10s
[797.570s][info][gc,start       ] GC(2790) Pause Young (Allocation Failure)
[797.677s][info][gc,heap        ] GC(2790) PSYoungGen: 190944K(190976K)->2464K(225280K) Eden: 116736K(116736K)->0K(116736K) From: 74208K(74240K)->2464K(108544K)
[797.677s][info][gc,heap        ] GC(2790) ParOldGen: 495287K(495616K)->570151K(570368K)
[797.677s][info][gc,metaspace   ] GC(2790) Metaspace: 19178K(19392K)->19178K(19392K) NonClass: 16514K(16640K)->16514K(16640K) Class: 2663K(2752K)->2663K(2752K)
[797.677s][info][gc             ] GC(2790) Pause Young (Allocation Failure) 670M->559M(777M) 107.819ms
[797.677s][info][gc,cpu         ] GC(2790) User=0.16s Sys=0.06s Real=0.11s
[797.767s][info][gc,start       ] GC(2791) Pause Young (Allocation Failure)
[797.798s][info][gc,heap        ] GC(2791) PSYoungGen: 119200K(225280K)->10988K(213504K) Eden: 116736K(116736K)->0K(119296K) From: 2464K(108544K)->10988K(94208K)
[797.798s][info][gc,heap        ] GC(2791) ParOldGen: 570151K(570368K)->572583K(572928K)
[797.798s][info][gc,metaspace   ] GC(2791) Metaspace: 19178K(19392K)->19178K(19392K) NonClass: 16514K(16640K)->16514K(16640K) Class: 2663K(2752K)->2663K(2752K)
[797.798s][info][gc             ] GC(2791) Pause Young (Allocation Failure) 673M->569M(768M) 30.906ms
[797.798s][info][gc,cpu         ] GC(2791) User=0.06s Sys=0.00s Real=0.03s
[797.904s][info][gc,start       ] GC(2792) Pause Young (Allocation Failure)
[797.953s][info][gc,heap        ] GC(2792) PSYoungGen: 130284K(213504K)->15680K(220672K) Eden: 119296K(119296K)->0K(119296K) From: 10988K(94208K)->15680K(101376K)
[797.953s][info][gc,heap        ] GC(2792) ParOldGen: 572583K(572928K)->583562K(583680K)
[797.953s][info][gc,metaspace   ] GC(2792) Metaspace: 19178K(19392K)->19178K(19392K) NonClass: 16514K(16640K)->16514K(16640K) Class: 2663K(2752K)->2663K(2752K)
[797.953s][info][gc             ] GC(2792) Pause Young (Allocation Failure) 686M->585M(785M) 48.617ms
[797.953s][info][gc,cpu         ] GC(2792) User=0.09s Sys=0.01s Real=0.05s
[798.053s][info][gc,start       ] GC(2793) Pause Young (Allocation Failure)
[798.112s][info][gc,heap        ] GC(2793) PSYoungGen: 134976K(220672K)->25568K(217600K) Eden: 119296K(119296K)->0K(136192K) From: 15680K(101376K)->25568K(81408K)
[798.112s][info][gc,heap        ] GC(2793) ParOldGen: 583562K(583680K)->599242K(599552K)
[798.112s][info][gc,metaspace   ] GC(2793) Metaspace: 19178K(19392K)->19178K(19392K) NonClass: 16514K(16640K)->16514K(16640K) Class: 2663K(2752K)->2663K(2752K)
[798.112s][info][gc             ] GC(2793) Pause Young (Allocation Failure) 701M->610M(798M) 58.754ms
[798.112s][info][gc,cpu         ] GC(2793) User=0.11s Sys=0.01s Real=0.06s
[798.204s][info][gc,start       ] GC(2794) Pause Young (Allocation Failure)
[798.264s][info][gc,heap        ] GC(2794) PSYoungGen: 161760K(217600K)->20256K(224768K) Eden: 136192K(136192K)->0K(136192K) From: 25568K(81408K)->20256K(88576K)
[798.264s][info][gc,heap        ] GC(2794) ParOldGen: 599242K(599552K)->624826K(625152K)
[798.264s][info][gc,metaspace   ] GC(2794) Metaspace: 19178K(19392K)->19178K(19392K) NonClass: 16514K(16640K)->16514K(16640K) Class: 2663K(2752K)->2663K(2752K)
[798.264s][info][gc             ] GC(2794) Pause Young (Allocation Failure) 743M->629M(830M) 60.029ms
[798.264s][info][gc,cpu         ] GC(2794) User=0.09s Sys=0.03s Real=0.06s
[798.355s][info][gc,start       ] GC(2795) Pause Full (Allocation Failure)
[798.355s][info][gc,phases,start] GC(2795) Marking Phase
[798.616s][info][gc,phases      ] GC(2795) Marking Phase 260.765ms
[798.616s][info][gc,phases,start] GC(2795) Summary Phase
[798.616s][info][gc,phases      ] GC(2795) Summary Phase 0.038ms
[798.616s][info][gc,phases,start] GC(2795) Forward
[798.719s][info][gc,phases      ] GC(2795) Forward 102.293ms
[798.719s][info][gc,phases,start] GC(2795) Adjust Pointers
[798.926s][info][gc,phases      ] GC(2795) Adjust Pointers 207.054ms
[798.926s][info][gc,phases,start] GC(2795) Compaction Phase
[799.043s][info][gc,phases      ] GC(2795) Compaction Phase 117.491ms
[799.052s][info][gc,phases,start] GC(2795) Post Compact
[799.054s][info][gc,phases      ] GC(2795) Post Compact 2.267ms
[799.054s][info][gc,heap        ] GC(2795) PSYoungGen: 156448K(224768K)->0K(239616K) Eden: 136192K(136192K)->0K(156160K) From: 20256K(88576K)->0K(83456K)
[799.054s][info][gc,heap        ] GC(2795) ParOldGen: 624826K(625152K)->375339K(667648K)
[799.054s][info][gc,metaspace   ] GC(2795) Metaspace: 19178K(19392K)->19178K(19392K) NonClass: 16514K(16640K)->16514K(16640K) Class: 2663K(2752K)->2663K(2752K)
[799.054s][info][gc             ] GC(2795) Pause Full (Allocation Failure) 762M->366M(886M) 698.851ms
[799.054s][info][gc,cpu         ] GC(2795) User=1.30s Sys=0.00s Real=0.70s
[799.177s][info][gc,start       ] GC(2796) Pause Young (Allocation Failure)
[799.191s][info][gc,heap        ] GC(2796) PSYoungGen: 156160K(239616K)->8480K(239616K) Eden: 156160K(156160K)->0K(156160K) From: 0K(83456K)->8480K(83456K)
[799.191s][info][gc,heap        ] GC(2796) ParOldGen: 375339K(667648K)->375339K(667648K)
[799.191s][info][gc,metaspace   ] GC(2796) Metaspace: 19178K(19392K)->19178K(19392K) NonClass: 16514K(16640K)->16514K(16640K) Class: 2663K(2752K)->2663K(2752K)
[799.191s][info][gc             ] GC(2796) Pause Young (Allocation Failure) 519M->374M(886M) 13.676ms
[799.191s][info][gc,cpu         ] GC(2796) User=0.02s Sys=0.00s Real=0.02s
[799.358s][info][gc,start       ] GC(2797) Pause Young (Allocation Failure)
[799.375s][info][gc,heap        ] GC(2797) PSYoungGen: 164640K(239616K)->3424K(248320K) Eden: 156160K(156160K)->0K(168960K) From: 8480K(83456K)->3424K(79360K)
[799.375s][info][gc,heap        ] GC(2797) ParOldGen: 375339K(667648K)->383827K(667648K)
[799.375s][info][gc,metaspace   ] GC(2797) Metaspace: 19178K(19392K)->19178K(19392K) NonClass: 16514K(16640K)->16514K(16640K) Class: 2663K(2752K)->2663K(2752K)
[799.375s][info][gc             ] GC(2797) Pause Young (Allocation Failure) 527M->378M(894M) 17.326ms
[799.375s][info][gc,cpu         ] GC(2797) User=0.03s Sys=0.00s Real=0.02s
[799.584s][info][gc,start       ] GC(2798) Pause Young (Allocation Failure)
[799.609s][info][gc,heap        ] GC(2798) PSYoungGen: 172384K(248320K)->16480K(247296K) Eden: 168960K(168960K)->0K(168960K) From: 3424K(79360K)->16480K(78336K)
[799.609s][info][gc,heap        ] GC(2798) ParOldGen: 383827K(667648K)->387235K(667648K)
[799.609s][info][gc,metaspace   ] GC(2798) Metaspace: 19178K(19392K)->19178K(19392K) NonClass: 16514K(16640K)->16514K(16640K) Class: 2663K(2752K)->2663K(2752K)
[799.609s][info][gc             ] GC(2798) Pause Young (Allocation Failure) 543M->394M(893M) 24.935ms
[799.609s][info][gc,cpu         ] GC(2798) User=0.05s Sys=0.00s Real=0.02s
[799.797s][info][gc,start       ] GC(2799) Pause Young (Allocation Failure)
[799.837s][info][gc,heap        ] GC(2799) PSYoungGen: 185440K(247296K)->25072K(251904K) Eden: 168960K(168960K)->0K(179712K) From: 16480K(78336K)->25072K(72192K)
[799.837s][info][gc,heap        ] GC(2799) ParOldGen: 387235K(667648K)->403681K(667648K)
[799.837s][info][gc,metaspace   ] GC(2799) Metaspace: 19178K(19392K)->19178K(19392K) NonClass: 16514K(16640K)->16514K(16640K) Class: 2663K(2752K)->2663K(2752K)
[799.837s][info][gc             ] GC(2799) Pause Young (Allocation Failure) 559M->418M(898M) 40.522ms
[799.837s][info][gc,cpu         ] GC(2799) User=0.08s Sys=0.00s Real=0.04s
[800.042s][info][gc,start       ] GC(2800) Pause Young (Allocation Failure)
[800.096s][info][gc,heap        ] GC(2800) PSYoungGen: 204784K(251904K)->43152K(249344K) Eden: 179712K(179712K)->0K(179712K) From: 25072K(72192K)->43152K(69632K)
[800.096s][info][gc,heap        ] GC(2800) ParOldGen: 403681K(667648K)->428841K(667648K)
[800.096s][info][gc,metaspace   ] GC(2800) Metaspace: 19178K(19392K)->19178K(19392K) NonClass: 16514K(16640K)->16514K(16640K) Class: 2663K(2752K)->2663K(2752K)
[800.096s][info][gc             ] GC(2800) Pause Young (Allocation Failure) 594M->460M(895M) 54.318ms
[800.096s][info][gc,cpu         ] GC(2800) User=0.11s Sys=0.00s Real=0.05s
[800.327s][info][gc,start       ] GC(2801) Pause Young (Allocation Failure)
[800.380s][info][gc,heap        ] GC(2801) PSYoungGen: 222864K(249344K)->35328K(261632K) Eden: 179712K(179712K)->0K(188928K) From: 43152K(69632K)->35328K(72704K)
[800.380s][info][gc,heap        ] GC(2801) ParOldGen: 428841K(667648K)->472489K(667648K)
[800.380s][info][gc,metaspace   ] GC(2801) Metaspace: 19178K(19392K)->19178K(19392K) NonClass: 16514K(16640K)->16514K(16640K) Class: 2663K(2752K)->2663K(2752K)
[800.380s][info][gc             ] GC(2801) Pause Young (Allocation Failure) 636M->495M(907M) 53.737ms
[800.380s][info][gc,cpu         ] GC(2801) User=0.11s Sys=0.00s Real=0.05s
[800.638s][info][gc,start       ] GC(2802) Pause Young (Allocation Failure)
[800.711s][info][gc,heap        ] GC(2802) PSYoungGen: 224256K(261632K)->33727K(222720K) Eden: 188928K(188928K)->0K(188928K) From: 35328K(72704K)->33727K(33792K)
[800.711s][info][gc,heap        ] GC(2802) ParOldGen: 472489K(667648K)->508165K(667648K)
[800.711s][info][gc,metaspace   ] GC(2802) Metaspace: 19178K(19392K)->19178K(19392K) NonClass: 16514K(16640K)->16514K(16640K) Class: 2663K(2752K)->2663K(2752K)
