[0.002s][info][metaspace]  - commit_granule_bytes: 65536.
[0.002s][info][metaspace]  - commit_granule_words: 8192.
[0.002s][info][metaspace]  - virtual_space_node_default_size: 8388608.
[0.002s][info][metaspace]  - enlarge_chunks_in_place: 1.
[0.005s][info][gc,init  ] CardTable entry size: 512
[0.008s][info][gc       ] Using G1
[0.012s][info][gc,init  ] Version: 24-internal-adhoc.root.jdk (release)
[0.012s][info][gc,init  ] CPUs: 2 total, 2 available
[0.012s][info][gc,init  ] Memory: 3908M
[0.012s][info][gc,init  ] Large Page Support: Disabled
[0.012s][info][gc,init  ] NUMA Support: Disabled
[0.012s][info][gc,init  ] Compressed Oops: Enabled (32-bit)
[0.012s][info][gc,init  ] Heap Region Size: 1M
[0.012s][info][gc,init  ] Heap Min Capacity: 256M
[0.012s][info][gc,init  ] Heap Initial Capacity: 256M
[0.012s][info][gc,init  ] Heap Max Capacity: 978M
[0.012s][info][gc,init  ] Pre-touch: Disabled
[0.012s][info][gc,init  ] Parallel Workers: 2
[0.012s][info][gc,init  ] Concurrent Workers: 1
[0.012s][info][gc,init  ] Concurrent Refinement Workers: 2
[0.012s][info][gc,init  ] Periodic GC: Disabled
[0.029s][info][gc,metaspace] CDS archive(s) mapped at: [0x00007fae52000000-0x00007fae52e7b000-0x00007fae52e7b000), size 15183872, SharedBaseAddress: 0x00007fae52000000, ArchiveRelocationMode: 1.
[0.029s][info][gc,metaspace] Compressed class space mapped at: 0x00007fae53000000-0x00007fae93000000, reserved size: 1073741824
[0.029s][info][gc,metaspace] UseCompressedClassPointers 1, UseCompactObjectHeaders 1
[0.029s][info][gc,metaspace] Narrow klass pointer bits 22, Max shift 10
[0.029s][info][gc,metaspace] Narrow klass base: 0x00007fae52000000, Narrow klass shift: 10
[0.029s][info][gc,metaspace] Encoding Range: [0x00007fae52000000 - 0x00007faf52000000), (4294967296 bytes)
[0.029s][info][gc,metaspace] Klass Range:    [0x00007fae52000000 - 0x00007fae93000000), (1090519040 bytes)
[0.029s][info][gc,metaspace] Klass ID Range:  [1 - 1064960) (1064959)
[0.264s][info][gc,start    ] GC(0) Pause Young (Normal) (G1 Evacuation Pause)
[0.265s][info][gc,task     ] GC(0) Using 2 workers of 2 for evacuation
[0.271s][info][gc,phases   ] GC(0)   Pre Evacuate Collection Set: 0.23ms
[0.271s][info][gc,phases   ] GC(0)   Merge Heap Roots: 0.10ms
[0.271s][info][gc,phases   ] GC(0)   Evacuate Collection Set: 5.16ms
[0.271s][info][gc,phases   ] GC(0)   Post Evacuate Collection Set: 0.39ms
[0.271s][info][gc,phases   ] GC(0)   Other: 0.26ms
[0.271s][info][gc,heap     ] GC(0) Eden regions: 12->0(10)
[0.271s][info][gc,heap     ] GC(0) Survivor regions: 0->2(2)
[0.271s][info][gc,heap     ] GC(0) Old regions: 2->2
[0.271s][info][gc,heap     ] GC(0) Humongous regions: 0->0
[0.271s][info][gc,metaspace] GC(0) Metaspace: 2293K(2432K)->2293K(2432K) NonClass: 1967K(2048K)->1967K(2048K) Class: 325K(384K)->325K(384K)
[0.271s][info][gc          ] GC(0) Pause Young (Normal) (G1 Evacuation Pause) 13M->2M(258M) 6.356ms
[0.271s][info][gc,cpu      ] GC(0) User=0.01s Sys=0.00s Real=0.01s
[0.295s][info][gc,start    ] GC(1) Pause Young (Normal) (G1 Evacuation Pause)
[0.295s][info][gc,task     ] GC(1) Using 2 workers of 2 for evacuation
[0.299s][info][gc,phases   ] GC(1)   Pre Evacuate Collection Set: 0.19ms
[0.299s][info][gc,phases   ] GC(1)   Merge Heap Roots: 0.03ms
[0.299s][info][gc,phases   ] GC(1)   Evacuate Collection Set: 3.95ms
[0.299s][info][gc,phases   ] GC(1)   Post Evacuate Collection Set: 0.16ms
[0.299s][info][gc,phases   ] GC(1)   Other: 0.06ms
[0.299s][info][gc,heap     ] GC(1) Eden regions: 10->0(20)
[0.299s][info][gc,heap     ] GC(1) Survivor regions: 2->1(2)
[0.299s][info][gc,heap     ] GC(1) Old regions: 2->4
[0.299s][info][gc,heap     ] GC(1) Humongous regions: 0->0
[0.299s][info][gc,metaspace] GC(1) Metaspace: 2398K(2560K)->2398K(2560K) NonClass: 2071K(2176K)->2071K(2176K) Class: 327K(384K)->327K(384K)
[0.299s][info][gc          ] GC(1) Pause Young (Normal) (G1 Evacuation Pause) 12M->2M(258M) 4.552ms
[0.299s][info][gc,cpu      ] GC(1) User=0.01s Sys=0.01s Real=0.00s
[0.349s][info][gc,start    ] GC(2) Pause Young (Normal) (G1 Evacuation Pause)
[0.349s][info][gc,task     ] GC(2) Using 2 workers of 2 for evacuation
[0.350s][info][gc,phases   ] GC(2)   Pre Evacuate Collection Set: 0.14ms
[0.350s][info][gc,phases   ] GC(2)   Merge Heap Roots: 0.05ms
[0.350s][info][gc,phases   ] GC(2)   Evacuate Collection Set: 0.50ms
[0.350s][info][gc,phases   ] GC(2)   Post Evacuate Collection Set: 0.13ms
[0.350s][info][gc,phases   ] GC(2)   Other: 0.09ms
[0.350s][info][gc,heap     ] GC(2) Eden regions: 20->0(25)
[0.350s][info][gc,heap     ] GC(2) Survivor regions: 1->1(3)
[0.350s][info][gc,heap     ] GC(2) Old regions: 4->4
[0.350s][info][gc,heap     ] GC(2) Humongous regions: 0->0
[0.350s][info][gc,metaspace] GC(2) Metaspace: 2562K(2688K)->2562K(2688K) NonClass: 2235K(2304K)->2235K(2304K) Class: 327K(384K)->327K(384K)
[0.350s][info][gc          ] GC(2) Pause Young (Normal) (G1 Evacuation Pause) 22M->2M(258M) 1.087ms
[0.350s][info][gc,cpu      ] GC(2) User=0.00s Sys=0.00s Real=0.00s
[0.759s][info][gc,start    ] GC(3) Pause Young (Normal) (G1 Evacuation Pause)
[0.759s][info][gc,task     ] GC(3) Using 2 workers of 2 for evacuation
[0.782s][info][gc,phases   ] GC(3)   Pre Evacuate Collection Set: 0.18ms
[0.782s][info][gc,phases   ] GC(3)   Merge Heap Roots: 0.03ms
[0.782s][info][gc,phases   ] GC(3)   Evacuate Collection Set: 21.97ms
[0.782s][info][gc,phases   ] GC(3)   Post Evacuate Collection Set: 0.39ms
[0.782s][info][gc,phases   ] GC(3)   Other: 0.09ms
[0.782s][info][gc,heap     ] GC(3) Eden regions: 25->0(21)
[0.782s][info][gc,heap     ] GC(3) Survivor regions: 1->4(4)
[0.782s][info][gc,heap     ] GC(3) Old regions: 4->11
[0.782s][info][gc,heap     ] GC(3) Humongous regions: 0->0
[0.782s][info][gc,metaspace] GC(3) Metaspace: 4989K(5120K)->4989K(5120K) NonClass: 4183K(4224K)->4183K(4224K) Class: 806K(896K)->806K(896K)
[0.782s][info][gc          ] GC(3) Pause Young (Normal) (G1 Evacuation Pause) 27M->13M(258M) 22.874ms
[0.782s][info][gc,cpu      ] GC(3) User=0.04s Sys=0.01s Real=0.03s
[7.420s][info][gc,start    ] GC(4) Pause Young (Normal) (G1 Evacuation Pause)
[7.420s][info][gc,task     ] GC(4) Using 2 workers of 2 for evacuation
[7.435s][info][gc,phases   ] GC(4)   Pre Evacuate Collection Set: 0.19ms
[7.435s][info][gc,phases   ] GC(4)   Merge Heap Roots: 0.12ms
[7.435s][info][gc,phases   ] GC(4)   Evacuate Collection Set: 14.88ms
[7.435s][info][gc,phases   ] GC(4)   Post Evacuate Collection Set: 0.37ms
[7.435s][info][gc,phases   ] GC(4)   Other: 0.08ms
[7.435s][info][gc,heap     ] GC(4) Eden regions: 21->0(21)
[7.435s][info][gc,heap     ] GC(4) Survivor regions: 4->1(4)
[7.435s][info][gc,heap     ] GC(4) Old regions: 11->15
[7.435s][info][gc,heap     ] GC(4) Humongous regions: 0->0
[7.435s][info][gc,metaspace] GC(4) Metaspace: 5227K(5376K)->5227K(5376K) NonClass: 4420K(4480K)->4420K(4480K) Class: 807K(896K)->807K(896K)
[7.435s][info][gc          ] GC(4) Pause Young (Normal) (G1 Evacuation Pause) 34M->14M(258M) 15.816ms
[7.436s][info][gc,cpu      ] GC(4) User=0.03s Sys=0.00s Real=0.02s
[15.156s][info][gc,start    ] GC(5) Pause Young (Normal) (G1 Evacuation Pause)
[15.156s][info][gc,task     ] GC(5) Using 2 workers of 2 for evacuation
[15.159s][info][gc,phases   ] GC(5)   Pre Evacuate Collection Set: 0.16ms
[15.159s][info][gc,phases   ] GC(5)   Merge Heap Roots: 0.05ms
[15.159s][info][gc,phases   ] GC(5)   Evacuate Collection Set: 2.36ms
[15.159s][info][gc,phases   ] GC(5)   Post Evacuate Collection Set: 0.19ms
[15.159s][info][gc,phases   ] GC(5)   Other: 0.07ms
[15.159s][info][gc,heap     ] GC(5) Eden regions: 45->0(33)
[15.159s][info][gc,heap     ] GC(5) Survivor regions: 1->1(6)
[15.159s][info][gc,heap     ] GC(5) Old regions: 15->15
[15.159s][info][gc,heap     ] GC(5) Humongous regions: 0->0
[15.159s][info][gc,metaspace] GC(5) Metaspace: 5248K(5376K)->5248K(5376K) NonClass: 4441K(4480K)->4441K(4480K) Class: 807K(896K)->807K(896K)
[15.159s][info][gc          ] GC(5) Pause Young (Normal) (G1 Evacuation Pause) 59M->14M(258M) 3.001ms
[15.159s][info][gc,cpu      ] GC(5) User=0.00s Sys=0.00s Real=0.00s
[22.246s][info][gc,start    ] GC(6) Pause Young (Normal) (G1 Evacuation Pause)
[22.246s][info][gc,task     ] GC(6) Using 2 workers of 2 for evacuation
[22.249s][info][gc,phases   ] GC(6)   Pre Evacuate Collection Set: 0.17ms
[22.249s][info][gc,phases   ] GC(6)   Merge Heap Roots: 0.05ms
[22.249s][info][gc,phases   ] GC(6)   Evacuate Collection Set: 2.52ms
[22.249s][info][gc,phases   ] GC(6)   Post Evacuate Collection Set: 0.19ms
[22.249s][info][gc,phases   ] GC(6)   Other: 0.08ms
[22.249s][info][gc,heap     ] GC(6) Eden regions: 48->0(52)
[22.249s][info][gc,heap     ] GC(6) Survivor regions: 1->2(7)
[22.249s][info][gc,heap     ] GC(6) Old regions: 15->15
[22.249s][info][gc,heap     ] GC(6) Humongous regions: 0->0
[22.249s][info][gc,metaspace] GC(6) Metaspace: 5254K(5376K)->5254K(5376K) NonClass: 4447K(4480K)->4447K(4480K) Class: 807K(896K)->807K(896K)
[22.249s][info][gc          ] GC(6) Pause Young (Normal) (G1 Evacuation Pause) 62M->15M(258M) 3.179ms
[22.249s][info][gc,cpu      ] GC(6) User=0.01s Sys=0.00s Real=0.00s
[30.855s][info][gc,start    ] GC(7) Pause Young (Normal) (G1 Evacuation Pause)
[30.855s][info][gc,task     ] GC(7) Using 2 workers of 2 for evacuation
[30.858s][info][gc,phases   ] GC(7)   Pre Evacuate Collection Set: 0.16ms
[30.858s][info][gc,phases   ] GC(7)   Merge Heap Roots: 0.05ms
[30.858s][info][gc,phases   ] GC(7)   Evacuate Collection Set: 3.04ms
[30.858s][info][gc,phases   ] GC(7)   Post Evacuate Collection Set: 0.21ms
[30.859s][info][gc,phases   ] GC(7)   Other: 0.10ms
[30.859s][info][gc,heap     ] GC(7) Eden regions: 66->0(67)
[30.859s][info][gc,heap     ] GC(7) Survivor regions: 2->2(9)
[30.859s][info][gc,heap     ] GC(7) Old regions: 15->15
[30.859s][info][gc,heap     ] GC(7) Humongous regions: 0->0
[30.859s][info][gc,metaspace] GC(7) Metaspace: 5256K(5376K)->5256K(5376K) NonClass: 4449K(4480K)->4449K(4480K) Class: 807K(896K)->807K(896K)
[30.859s][info][gc          ] GC(7) Pause Young (Normal) (G1 Evacuation Pause) 81M->15M(258M) 3.726ms
[30.859s][info][gc,cpu      ] GC(7) User=0.01s Sys=0.00s Real=0.00s
[41.558s][info][gc,start    ] GC(8) Pause Young (Normal) (G1 Evacuation Pause)
[41.558s][info][gc,task     ] GC(8) Using 2 workers of 2 for evacuation
[41.562s][info][gc,phases   ] GC(8)   Pre Evacuate Collection Set: 0.17ms
[41.562s][info][gc,phases   ] GC(8)   Merge Heap Roots: 0.06ms
[41.562s][info][gc,phases   ] GC(8)   Evacuate Collection Set: 3.36ms
[41.562s][info][gc,phases   ] GC(8)   Post Evacuate Collection Set: 0.21ms
[41.562s][info][gc,phases   ] GC(8)   Other: 0.07ms
[41.562s][info][gc,heap     ] GC(8) Eden regions: 80->0(89)
[41.562s][info][gc,heap     ] GC(8) Survivor regions: 2->2(11)
[41.562s][info][gc,heap     ] GC(8) Old regions: 15->15
[41.562s][info][gc,heap     ] GC(8) Humongous regions: 0->0
[41.562s][info][gc,metaspace] GC(8) Metaspace: 5257K(5376K)->5257K(5376K) NonClass: 4450K(4480K)->4450K(4480K) Class: 807K(896K)->807K(896K)
[41.562s][info][gc          ] GC(8) Pause Young (Normal) (G1 Evacuation Pause) 95M->15M(258M) 4.040ms
[41.562s][info][gc,cpu      ] GC(8) User=0.01s Sys=0.00s Real=0.01s
[55.457s][info][gc,start    ] GC(9) Pause Young (Normal) (G1 Evacuation Pause)
[55.457s][info][gc,task     ] GC(9) Using 2 workers of 2 for evacuation
[55.462s][info][gc,phases   ] GC(9)   Pre Evacuate Collection Set: 0.17ms
[55.462s][info][gc,phases   ] GC(9)   Merge Heap Roots: 0.06ms
[55.462s][info][gc,phases   ] GC(9)   Evacuate Collection Set: 4.30ms
[55.462s][info][gc,phases   ] GC(9)   Post Evacuate Collection Set: 0.25ms
[55.462s][info][gc,phases   ] GC(9)   Other: 0.09ms
[55.462s][info][gc,heap     ] GC(9) Eden regions: 102->0(111)
[55.462s][info][gc,heap     ] GC(9) Survivor regions: 2->3(13)
[55.462s][info][gc,heap     ] GC(9) Old regions: 15->15
[55.462s][info][gc,heap     ] GC(9) Humongous regions: 0->0
[55.462s][info][gc,metaspace] GC(9) Metaspace: 5257K(5376K)->5257K(5376K) NonClass: 4450K(4480K)->4450K(4480K) Class: 807K(896K)->807K(896K)
[55.462s][info][gc          ] GC(9) Pause Young (Normal) (G1 Evacuation Pause) 117M->16M(258M) 5.038ms
[55.462s][info][gc,cpu      ] GC(9) User=0.01s Sys=0.00s Real=0.01s
[72.187s][info][gc,start    ] GC(10) Pause Young (Normal) (G1 Evacuation Pause)
[72.187s][info][gc,task     ] GC(10) Using 2 workers of 2 for evacuation
[72.194s][info][gc,phases   ] GC(10)   Pre Evacuate Collection Set: 0.15ms
[72.194s][info][gc,phases   ] GC(10)   Merge Heap Roots: 0.07ms
[72.194s][info][gc,phases   ] GC(10)   Evacuate Collection Set: 6.21ms
[72.194s][info][gc,phases   ] GC(10)   Post Evacuate Collection Set: 0.39ms
[72.194s][info][gc,phases   ] GC(10)   Other: 0.10ms
[72.194s][info][gc,heap     ] GC(10) Eden regions: 122->0(137)
[72.194s][info][gc,heap     ] GC(10) Survivor regions: 3->3(16)
[72.194s][info][gc,heap     ] GC(10) Old regions: 15->15
[72.194s][info][gc,heap     ] GC(10) Humongous regions: 0->0
[72.194s][info][gc,metaspace] GC(10) Metaspace: 5257K(5376K)->5257K(5376K) NonClass: 4450K(4480K)->4450K(4480K) Class: 807K(896K)->807K(896K)
[72.194s][info][gc          ] GC(10) Pause Young (Normal) (G1 Evacuation Pause) 138M->16M(258M) 7.111ms
[72.194s][info][gc,cpu      ] GC(10) User=0.02s Sys=0.00s Real=0.01s
[92.141s][info][gc,start    ] GC(11) Pause Young (Normal) (G1 Evacuation Pause)
[92.141s][info][gc,task     ] GC(11) Using 2 workers of 2 for evacuation
[92.149s][info][gc,phases   ] GC(11)   Pre Evacuate Collection Set: 0.19ms
[92.149s][info][gc,phases   ] GC(11)   Merge Heap Roots: 0.08ms
[92.149s][info][gc,phases   ] GC(11)   Evacuate Collection Set: 7.27ms
[92.149s][info][gc,phases   ] GC(11)   Post Evacuate Collection Set: 0.29ms
[92.149s][info][gc,phases   ] GC(11)   Other: 0.10ms
[92.149s][info][gc,heap     ] GC(11) Eden regions: 147->0(149)
[92.149s][info][gc,heap     ] GC(11) Survivor regions: 3->4(19)
[92.149s][info][gc,heap     ] GC(11) Old regions: 15->15
[92.149s][info][gc,heap     ] GC(11) Humongous regions: 0->0
[92.149s][info][gc,metaspace] GC(11) Metaspace: 5258K(5376K)->5258K(5376K) NonClass: 4451K(4480K)->4451K(4480K) Class: 807K(896K)->807K(896K)
[92.149s][info][gc          ] GC(11) Pause Young (Normal) (G1 Evacuation Pause) 163M->17M(258M) 8.085ms
[92.149s][info][gc,cpu      ] GC(11) User=0.01s Sys=0.00s Real=0.00s
[114.302s][info][gc,start    ] GC(12) Pause Young (Normal) (G1 Evacuation Pause)
[114.302s][info][gc,task     ] GC(12) Using 2 workers of 2 for evacuation
[114.328s][info][gc,phases   ] GC(12)   Pre Evacuate Collection Set: 0.15ms
[114.328s][info][gc,phases   ] GC(12)   Merge Heap Roots: 0.08ms
[114.328s][info][gc,phases   ] GC(12)   Evacuate Collection Set: 25.50ms
[114.328s][info][gc,phases   ] GC(12)   Post Evacuate Collection Set: 0.37ms
[114.328s][info][gc,phases   ] GC(12)   Other: 0.08ms
[114.328s][info][gc,heap     ] GC(12) Eden regions: 149->0(139)
[114.328s][info][gc,heap     ] GC(12) Survivor regions: 4->14(20)
[114.328s][info][gc,heap     ] GC(12) Old regions: 15->15
[114.328s][info][gc,heap     ] GC(12) Humongous regions: 0->0
[114.328s][info][gc,metaspace] GC(12) Metaspace: 5436K(5632K)->5436K(5632K) NonClass: 4611K(4736K)->4611K(4736K) Class: 825K(896K)->825K(896K)
[114.328s][info][gc          ] GC(12) Pause Young (Normal) (G1 Evacuation Pause) 166M->27M(258M) 26.362ms
[114.328s][info][gc,cpu      ] GC(12) User=0.04s Sys=0.00s Real=0.02s
[134.335s][info][gc,start    ] GC(13) Pause Young (Normal) (G1 Evacuation Pause)
[134.335s][info][gc,task     ] GC(13) Using 2 workers of 2 for evacuation
[134.361s][info][gc,phases   ] GC(13)   Pre Evacuate Collection Set: 0.17ms
[134.361s][info][gc,phases   ] GC(13)   Merge Heap Roots: 0.07ms
[134.361s][info][gc,phases   ] GC(13)   Evacuate Collection Set: 25.16ms
[134.361s][info][gc,phases   ] GC(13)   Post Evacuate Collection Set: 0.30ms
[134.361s][info][gc,phases   ] GC(13)   Other: 0.11ms
[134.361s][info][gc,heap     ] GC(13) Eden regions: 139->0(152)
[134.361s][info][gc,heap     ] GC(13) Survivor regions: 14->1(20)
[134.361s][info][gc,heap     ] GC(13) Old regions: 15->29
[134.361s][info][gc,heap     ] GC(13) Humongous regions: 0->0
[134.361s][info][gc,metaspace] GC(13) Metaspace: 5437K(5632K)->5437K(5632K) NonClass: 4612K(4736K)->4612K(4736K) Class: 825K(896K)->825K(896K)
[134.361s][info][gc          ] GC(13) Pause Young (Normal) (G1 Evacuation Pause) 166M->29M(258M) 26.005ms
[134.361s][info][gc,cpu      ] GC(13) User=0.04s Sys=0.02s Real=0.03s
[156.461s][info][gc,start    ] GC(14) Pause Young (Normal) (G1 Evacuation Pause)
[156.461s][info][gc,task     ] GC(14) Using 2 workers of 2 for evacuation
[156.464s][info][gc,phases   ] GC(14)   Pre Evacuate Collection Set: 0.15ms
[156.464s][info][gc,phases   ] GC(14)   Merge Heap Roots: 0.08ms
[156.464s][info][gc,phases   ] GC(14)   Evacuate Collection Set: 2.25ms
[156.464s][info][gc,phases   ] GC(14)   Post Evacuate Collection Set: 0.27ms
[156.464s][info][gc,phases   ] GC(14)   Other: 0.10ms
[156.464s][info][gc,heap     ] GC(14) Eden regions: 152->0(152)
[156.464s][info][gc,heap     ] GC(14) Survivor regions: 1->1(20)
[156.464s][info][gc,heap     ] GC(14) Old regions: 29->29
[156.464s][info][gc,heap     ] GC(14) Humongous regions: 0->0
[156.464s][info][gc,metaspace] GC(14) Metaspace: 5437K(5632K)->5437K(5632K) NonClass: 4612K(4736K)->4612K(4736K) Class: 825K(896K)->825K(896K)
[156.464s][info][gc          ] GC(14) Pause Young (Normal) (G1 Evacuation Pause) 181M->29M(258M) 3.029ms
[156.464s][info][gc,cpu      ] GC(14) User=0.01s Sys=0.00s Real=0.00s
[177.840s][info][gc,start    ] GC(15) Pause Young (Normal) (G1 Evacuation Pause)
[177.840s][info][gc,task     ] GC(15) Using 2 workers of 2 for evacuation
[177.844s][info][gc,phases   ] GC(15)   Pre Evacuate Collection Set: 0.19ms
[177.844s][info][gc,phases   ] GC(15)   Merge Heap Roots: 0.07ms
[177.844s][info][gc,phases   ] GC(15)   Evacuate Collection Set: 2.64ms
[177.844s][info][gc,phases   ] GC(15)   Post Evacuate Collection Set: 0.26ms
[177.844s][info][gc,phases   ] GC(15)   Other: 0.08ms
[177.844s][info][gc,heap     ] GC(15) Eden regions: 152->0(151)
[177.844s][info][gc,heap     ] GC(15) Survivor regions: 1->2(20)
[177.844s][info][gc,heap     ] GC(15) Old regions: 29->29
[177.844s][info][gc,heap     ] GC(15) Humongous regions: 0->0
[177.844s][info][gc,metaspace] GC(15) Metaspace: 5437K(5632K)->5437K(5632K) NonClass: 4612K(4736K)->4612K(4736K) Class: 825K(896K)->825K(896K)
[177.844s][info][gc          ] GC(15) Pause Young (Normal) (G1 Evacuation Pause) 181M->29M(258M) 3.422ms
[177.844s][info][gc,cpu      ] GC(15) User=0.01s Sys=0.00s Real=0.01s
[198.919s][info][gc,start    ] GC(16) Pause Young (Normal) (G1 Evacuation Pause)
[198.920s][info][gc,task     ] GC(16) Using 2 workers of 2 for evacuation
[198.923s][info][gc,phases   ] GC(16)   Pre Evacuate Collection Set: 0.18ms
[198.923s][info][gc,phases   ] GC(16)   Merge Heap Roots: 0.07ms
[198.923s][info][gc,phases   ] GC(16)   Evacuate Collection Set: 3.29ms
[198.923s][info][gc,phases   ] GC(16)   Post Evacuate Collection Set: 0.28ms
[198.923s][info][gc,phases   ] GC(16)   Other: 0.09ms
[198.923s][info][gc,heap     ] GC(16) Eden regions: 151->0(151)
[198.923s][info][gc,heap     ] GC(16) Survivor regions: 2->2(20)
[198.924s][info][gc,heap     ] GC(16) Old regions: 29->29
[198.924s][info][gc,heap     ] GC(16) Humongous regions: 0->0
[198.924s][info][gc,metaspace] GC(16) Metaspace: 5437K(5632K)->5437K(5632K) NonClass: 4612K(4736K)->4612K(4736K) Class: 825K(896K)->825K(896K)
[198.924s][info][gc          ] GC(16) Pause Young (Normal) (G1 Evacuation Pause) 180M->29M(258M) 4.115ms
[198.924s][info][gc,cpu      ] GC(16) User=0.00s Sys=0.00s Real=0.01s
[222.716s][info][gc,start    ] GC(17) Pause Young (Normal) (G1 Evacuation Pause)
[222.716s][info][gc,task     ] GC(17) Using 2 workers of 2 for evacuation
[222.733s][info][gc,phases   ] GC(17)   Pre Evacuate Collection Set: 0.17ms
[222.733s][info][gc,phases   ] GC(17)   Merge Heap Roots: 0.08ms
[222.733s][info][gc,phases   ] GC(17)   Evacuate Collection Set: 15.72ms
[222.733s][info][gc,phases   ] GC(17)   Post Evacuate Collection Set: 0.32ms
[222.733s][info][gc,phases   ] GC(17)   Other: 0.08ms
[222.733s][info][gc,heap     ] GC(17) Eden regions: 151->0(140)
[222.733s][info][gc,heap     ] GC(17) Survivor regions: 2->13(20)
[222.733s][info][gc,heap     ] GC(17) Old regions: 29->29
[222.733s][info][gc,heap     ] GC(17) Humongous regions: 0->0
[222.733s][info][gc,metaspace] GC(17) Metaspace: 5452K(5632K)->5452K(5632K) NonClass: 4626K(4736K)->4626K(4736K) Class: 825K(896K)->825K(896K)
[222.733s][info][gc          ] GC(17) Pause Young (Normal) (G1 Evacuation Pause) 180M->40M(258M) 16.558ms
[222.733s][info][gc,cpu      ] GC(17) User=0.03s Sys=0.00s Real=0.02s
[241.835s][info][gc,start    ] GC(18) Pause Young (Normal) (G1 Evacuation Pause)
[241.835s][info][gc,task     ] GC(18) Using 2 workers of 2 for evacuation
[241.858s][info][gc,phases   ] GC(18)   Pre Evacuate Collection Set: 0.18ms
[241.858s][info][gc,phases   ] GC(18)   Merge Heap Roots: 0.06ms
[241.858s][info][gc,phases   ] GC(18)   Evacuate Collection Set: 22.05ms
[241.858s][info][gc,phases   ] GC(18)   Post Evacuate Collection Set: 0.30ms
[241.858s][info][gc,phases   ] GC(18)   Other: 0.08ms
[241.858s][info][gc,heap     ] GC(18) Eden regions: 140->0(152)
[241.858s][info][gc,heap     ] GC(18) Survivor regions: 13->1(20)
[241.858s][info][gc,heap     ] GC(18) Old regions: 29->41
[241.858s][info][gc,heap     ] GC(18) Humongous regions: 0->0
[241.858s][info][gc,metaspace] GC(18) Metaspace: 5452K(5632K)->5452K(5632K) NonClass: 4626K(4736K)->4626K(4736K) Class: 825K(896K)->825K(896K)
[241.858s][info][gc          ] GC(18) Pause Young (Normal) (G1 Evacuation Pause) 180M->40M(258M) 22.873ms
[241.858s][info][gc,cpu      ] GC(18) User=0.03s Sys=0.01s Real=0.02s
[262.556s][info][gc,start    ] GC(19) Pause Young (Normal) (G1 Evacuation Pause)
[262.556s][info][gc,task     ] GC(19) Using 2 workers of 2 for evacuation
[262.558s][info][gc,phases   ] GC(19)   Pre Evacuate Collection Set: 0.17ms
[262.558s][info][gc,phases   ] GC(19)   Merge Heap Roots: 0.07ms
[262.558s][info][gc,phases   ] GC(19)   Evacuate Collection Set: 1.99ms
[262.558s][info][gc,phases   ] GC(19)   Post Evacuate Collection Set: 0.26ms
[262.558s][info][gc,phases   ] GC(19)   Other: 0.07ms
[262.558s][info][gc,heap     ] GC(19) Eden regions: 152->0(152)
[262.558s][info][gc,heap     ] GC(19) Survivor regions: 1->1(20)
[262.558s][info][gc,heap     ] GC(19) Old regions: 41->41
[262.558s][info][gc,heap     ] GC(19) Humongous regions: 0->0
[262.558s][info][gc,metaspace] GC(19) Metaspace: 5452K(5632K)->5452K(5632K) NonClass: 4626K(4736K)->4626K(4736K) Class: 825K(896K)->825K(896K)
[262.558s][info][gc          ] GC(19) Pause Young (Normal) (G1 Evacuation Pause) 192M->40M(258M) 2.717ms
[262.558s][info][gc,cpu      ] GC(19) User=0.00s Sys=0.00s Real=0.00s
[282.740s][info][gc,start    ] GC(20) Pause Young (Normal) (G1 Evacuation Pause)
[282.740s][info][gc,task     ] GC(20) Using 2 workers of 2 for evacuation
[282.743s][info][gc,phases   ] GC(20)   Pre Evacuate Collection Set: 0.15ms
[282.743s][info][gc,phases   ] GC(20)   Merge Heap Roots: 0.07ms
[282.743s][info][gc,phases   ] GC(20)   Evacuate Collection Set: 2.64ms
[282.743s][info][gc,phases   ] GC(20)   Post Evacuate Collection Set: 0.25ms
[282.743s][info][gc,phases   ] GC(20)   Other: 0.07ms
[282.743s][info][gc,heap     ] GC(20) Eden regions: 152->0(151)
[282.743s][info][gc,heap     ] GC(20) Survivor regions: 1->2(20)
[282.744s][info][gc,heap     ] GC(20) Old regions: 41->41
[282.744s][info][gc,heap     ] GC(20) Humongous regions: 0->0
[282.744s][info][gc,metaspace] GC(20) Metaspace: 5452K(5632K)->5452K(5632K) NonClass: 4626K(4736K)->4626K(4736K) Class: 825K(896K)->825K(896K)
[282.744s][info][gc          ] GC(20) Pause Young (Normal) (G1 Evacuation Pause) 192M->41M(258M) 3.361ms
[282.744s][info][gc,cpu      ] GC(20) User=0.01s Sys=0.00s Real=0.01s
[303.101s][info][gc,start    ] GC(21) Pause Young (Normal) (G1 Evacuation Pause)
[303.101s][info][gc,task     ] GC(21) Using 2 workers of 2 for evacuation
[303.105s][info][gc,phases   ] GC(21)   Pre Evacuate Collection Set: 0.18ms
[303.105s][info][gc,phases   ] GC(21)   Merge Heap Roots: 0.07ms
[303.105s][info][gc,phases   ] GC(21)   Evacuate Collection Set: 3.09ms
[303.105s][info][gc,phases   ] GC(21)   Post Evacuate Collection Set: 0.26ms
[303.105s][info][gc,phases   ] GC(21)   Other: 0.08ms
[303.105s][info][gc,heap     ] GC(21) Eden regions: 151->0(151)
[303.105s][info][gc,heap     ] GC(21) Survivor regions: 2->2(20)
[303.105s][info][gc,heap     ] GC(21) Old regions: 41->41
[303.105s][info][gc,heap     ] GC(21) Humongous regions: 0->0
[303.105s][info][gc,metaspace] GC(21) Metaspace: 5452K(5632K)->5452K(5632K) NonClass: 4626K(4736K)->4626K(4736K) Class: 825K(896K)->825K(896K)
[303.105s][info][gc          ] GC(21) Pause Young (Normal) (G1 Evacuation Pause) 192M->41M(258M) 3.862ms
[303.105s][info][gc,cpu      ] GC(21) User=0.01s Sys=0.00s Real=0.00s
[327.296s][info][gc,start    ] GC(22) Pause Young (Normal) (G1 Evacuation Pause)
[327.296s][info][gc,task     ] GC(22) Using 2 workers of 2 for evacuation
[327.316s][info][gc,phases   ] GC(22)   Pre Evacuate Collection Set: 0.19ms
[327.316s][info][gc,phases   ] GC(22)   Merge Heap Roots: 0.07ms
[327.316s][info][gc,phases   ] GC(22)   Evacuate Collection Set: 18.92ms
[327.316s][info][gc,phases   ] GC(22)   Post Evacuate Collection Set: 0.41ms
[327.316s][info][gc,phases   ] GC(22)   Other: 0.12ms
[327.316s][info][gc,heap     ] GC(22) Eden regions: 151->0(140)
[327.316s][info][gc,heap     ] GC(22) Survivor regions: 2->13(20)
[327.316s][info][gc,heap     ] GC(22) Old regions: 41->41
[327.316s][info][gc,heap     ] GC(22) Humongous regions: 0->0
[327.316s][info][gc,metaspace] GC(22) Metaspace: 5519K(5696K)->5519K(5696K) NonClass: 4692K(4800K)->4692K(4800K) Class: 827K(896K)->827K(896K)
[327.316s][info][gc          ] GC(22) Pause Young (Normal) (G1 Evacuation Pause) 192M->52M(258M) 19.904ms
[327.316s][info][gc,cpu      ] GC(22) User=0.03s Sys=0.00s Real=0.02s
[346.649s][info][gc,start    ] GC(23) Pause Young (Normal) (G1 Evacuation Pause)
[346.649s][info][gc,task     ] GC(23) Using 2 workers of 2 for evacuation
[346.673s][info][gc,phases   ] GC(23)   Pre Evacuate Collection Set: 0.18ms
[346.673s][info][gc,phases   ] GC(23)   Merge Heap Roots: 0.05ms
[346.673s][info][gc,phases   ] GC(23)   Evacuate Collection Set: 22.94ms
[346.673s][info][gc,phases   ] GC(23)   Post Evacuate Collection Set: 0.30ms
[346.673s][info][gc,phases   ] GC(23)   Other: 0.11ms
[346.673s][info][gc,heap     ] GC(23) Eden regions: 140->0(152)
[346.673s][info][gc,heap     ] GC(23) Survivor regions: 13->1(20)
[346.673s][info][gc,heap     ] GC(23) Old regions: 41->53
[346.673s][info][gc,heap     ] GC(23) Humongous regions: 0->0
[346.673s][info][gc,metaspace] GC(23) Metaspace: 5519K(5696K)->5519K(5696K) NonClass: 4692K(4800K)->4692K(4800K) Class: 827K(896K)->827K(896K)
[346.673s][info][gc          ] GC(23) Pause Young (Normal) (G1 Evacuation Pause) 192M->52M(258M) 23.795ms
[346.673s][info][gc,cpu      ] GC(23) User=0.03s Sys=0.01s Real=0.03s
[367.181s][info][gc,start    ] GC(24) Pause Young (Normal) (G1 Evacuation Pause)
[367.181s][info][gc,task     ] GC(24) Using 2 workers of 2 for evacuation
[367.184s][info][gc,phases   ] GC(24)   Pre Evacuate Collection Set: 0.18ms
[367.184s][info][gc,phases   ] GC(24)   Merge Heap Roots: 0.06ms
[367.184s][info][gc,phases   ] GC(24)   Evacuate Collection Set: 2.40ms
[367.184s][info][gc,phases   ] GC(24)   Post Evacuate Collection Set: 0.28ms
[367.184s][info][gc,phases   ] GC(24)   Other: 0.09ms
[367.184s][info][gc,heap     ] GC(24) Eden regions: 152->0(152)
[367.184s][info][gc,heap     ] GC(24) Survivor regions: 1->1(20)
[367.184s][info][gc,heap     ] GC(24) Old regions: 53->53
[367.184s][info][gc,heap     ] GC(24) Humongous regions: 0->0
[367.184s][info][gc,metaspace] GC(24) Metaspace: 5519K(5696K)->5519K(5696K) NonClass: 4692K(4800K)->4692K(4800K) Class: 827K(896K)->827K(896K)
[367.184s][info][gc          ] GC(24) Pause Young (Normal) (G1 Evacuation Pause) 204M->52M(258M) 3.207ms
[367.184s][info][gc,cpu      ] GC(24) User=0.00s Sys=0.00s Real=0.01s
[387.654s][info][gc,start    ] GC(25) Pause Young (Normal) (G1 Evacuation Pause)
[387.654s][info][gc,task     ] GC(25) Using 2 workers of 2 for evacuation
[387.657s][info][gc,phases   ] GC(25)   Pre Evacuate Collection Set: 0.17ms
[387.657s][info][gc,phases   ] GC(25)   Merge Heap Roots: 0.06ms
[387.657s][info][gc,phases   ] GC(25)   Evacuate Collection Set: 2.57ms
[387.657s][info][gc,phases   ] GC(25)   Post Evacuate Collection Set: 0.27ms
[387.657s][info][gc,phases   ] GC(25)   Other: 0.07ms
[387.657s][info][gc,heap     ] GC(25) Eden regions: 152->0(151)
[387.657s][info][gc,heap     ] GC(25) Survivor regions: 1->2(20)
[387.657s][info][gc,heap     ] GC(25) Old regions: 53->53
[387.657s][info][gc,heap     ] GC(25) Humongous regions: 0->0
[387.657s][info][gc,metaspace] GC(25) Metaspace: 5519K(5696K)->5519K(5696K) NonClass: 4692K(4800K)->4692K(4800K) Class: 827K(896K)->827K(896K)
[387.657s][info][gc          ] GC(25) Pause Young (Normal) (G1 Evacuation Pause) 204M->53M(258M) 3.318ms
[387.657s][info][gc,cpu      ] GC(25) User=0.01s Sys=0.00s Real=0.00s
[408.103s][info][gc,start    ] GC(26) Pause Young (Normal) (G1 Evacuation Pause)
[408.103s][info][gc,task     ] GC(26) Using 2 workers of 2 for evacuation
[408.107s][info][gc,phases   ] GC(26)   Pre Evacuate Collection Set: 0.17ms
[408.107s][info][gc,phases   ] GC(26)   Merge Heap Roots: 0.08ms
[408.107s][info][gc,phases   ] GC(26)   Evacuate Collection Set: 2.96ms
[408.107s][info][gc,phases   ] GC(26)   Post Evacuate Collection Set: 0.28ms
[408.107s][info][gc,phases   ] GC(26)   Other: 0.08ms
[408.107s][info][gc,heap     ] GC(26) Eden regions: 151->0(151)
[408.107s][info][gc,heap     ] GC(26) Survivor regions: 2->2(20)
[408.107s][info][gc,heap     ] GC(26) Old regions: 53->53
[408.107s][info][gc,heap     ] GC(26) Humongous regions: 0->0
[408.107s][info][gc,metaspace] GC(26) Metaspace: 5519K(5696K)->5519K(5696K) NonClass: 4692K(4800K)->4692K(4800K) Class: 827K(896K)->827K(896K)
[408.107s][info][gc          ] GC(26) Pause Young (Normal) (G1 Evacuation Pause) 204M->53M(258M) 3.733ms
[408.107s][info][gc,cpu      ] GC(26) User=0.01s Sys=0.00s Real=0.00s
[432.372s][info][gc,start    ] GC(27) Pause Young (Normal) (G1 Evacuation Pause)
[432.372s][info][gc,task     ] GC(27) Using 2 workers of 2 for evacuation
[432.390s][info][gc,phases   ] GC(27)   Pre Evacuate Collection Set: 0.18ms
[432.390s][info][gc,phases   ] GC(27)   Merge Heap Roots: 0.08ms
[432.390s][info][gc,phases   ] GC(27)   Evacuate Collection Set: 17.46ms
[432.390s][info][gc,phases   ] GC(27)   Post Evacuate Collection Set: 0.29ms
[432.390s][info][gc,phases   ] GC(27)   Other: 0.09ms
[432.390s][info][gc,heap     ] GC(27) Eden regions: 151->0(141)
[432.390s][info][gc,heap     ] GC(27) Survivor regions: 2->12(20)
[432.390s][info][gc,heap     ] GC(27) Old regions: 53->53
[432.390s][info][gc,heap     ] GC(27) Humongous regions: 0->0
[432.390s][info][gc,metaspace] GC(27) Metaspace: 5531K(5696K)->5531K(5696K) NonClass: 4704K(4800K)->4704K(4800K) Class: 827K(896K)->827K(896K)
[432.391s][info][gc          ] GC(27) Pause Young (Normal) (G1 Evacuation Pause) 204M->63M(258M) 18.297ms
[432.391s][info][gc,cpu      ] GC(27) User=0.03s Sys=0.00s Real=0.01s
[451.039s][info][gc,start    ] GC(28) Pause Young (Normal) (G1 Evacuation Pause)
[451.039s][info][gc,task     ] GC(28) Using 2 workers of 2 for evacuation
[451.056s][info][gc,phases   ] GC(28)   Pre Evacuate Collection Set: 0.16ms
[451.056s][info][gc,phases   ] GC(28)   Merge Heap Roots: 0.06ms
[451.056s][info][gc,phases   ] GC(28)   Evacuate Collection Set: 16.53ms
[451.056s][info][gc,phases   ] GC(28)   Post Evacuate Collection Set: 0.28ms
[451.056s][info][gc,phases   ] GC(28)   Other: 0.07ms
[451.056s][info][gc,heap     ] GC(28) Eden regions: 141->0(142)
[451.056s][info][gc,heap     ] GC(28) Survivor regions: 12->11(20)
[451.056s][info][gc,heap     ] GC(28) Old regions: 53->55
[451.056s][info][gc,heap     ] GC(28) Humongous regions: 0->0
[451.056s][info][gc,metaspace] GC(28) Metaspace: 5531K(5696K)->5531K(5696K) NonClass: 4704K(4800K)->4704K(4800K) Class: 827K(896K)->827K(896K)
[451.056s][info][gc          ] GC(28) Pause Young (Normal) (G1 Evacuation Pause) 204M->64M(258M) 17.273ms
[451.056s][info][gc,cpu      ] GC(28) User=0.03s Sys=0.00s Real=0.02s
[469.938s][info][gc,start    ] GC(29) Pause Young (Normal) (G1 Evacuation Pause)
[469.938s][info][gc,task     ] GC(29) Using 2 workers of 2 for evacuation
[469.953s][info][gc,phases   ] GC(29)   Pre Evacuate Collection Set: 0.15ms
[469.953s][info][gc,phases   ] GC(29)   Merge Heap Roots: 0.05ms
[469.953s][info][gc,phases   ] GC(29)   Evacuate Collection Set: 14.42ms
[469.953s][info][gc,phases   ] GC(29)   Post Evacuate Collection Set: 0.28ms
[469.953s][info][gc,phases   ] GC(29)   Other: 0.07ms
[469.953s][info][gc,heap     ] GC(29) Eden regions: 142->0(142)
[469.953s][info][gc,heap     ] GC(29) Survivor regions: 11->11(20)
[469.953s][info][gc,heap     ] GC(29) Old regions: 55->55
[469.953s][info][gc,heap     ] GC(29) Humongous regions: 0->0
[469.953s][info][gc,metaspace] GC(29) Metaspace: 5531K(5696K)->5531K(5696K) NonClass: 4704K(4800K)->4704K(4800K) Class: 827K(896K)->827K(896K)
[469.953s][info][gc          ] GC(29) Pause Young (Normal) (G1 Evacuation Pause) 206M->64M(258M) 15.178ms
[469.953s][info][gc,cpu      ] GC(29) User=0.03s Sys=0.00s Real=0.02s
[489.809s][info][gc,start    ] GC(30) Pause Young (Normal) (G1 Evacuation Pause)
[489.809s][info][gc,task     ] GC(30) Using 2 workers of 2 for evacuation
[489.824s][info][gc,phases   ] GC(30)   Pre Evacuate Collection Set: 0.15ms
[489.824s][info][gc,phases   ] GC(30)   Merge Heap Roots: 0.06ms
[489.824s][info][gc,phases   ] GC(30)   Evacuate Collection Set: 14.90ms
[489.825s][info][gc,phases   ] GC(30)   Post Evacuate Collection Set: 0.32ms
[489.825s][info][gc,phases   ] GC(30)   Other: 0.09ms
[489.825s][info][gc,heap     ] GC(30) Eden regions: 142->0(142)
[489.825s][info][gc,heap     ] GC(30) Survivor regions: 11->11(20)
[489.825s][info][gc,heap     ] GC(30) Old regions: 55->55
[489.825s][info][gc,heap     ] GC(30) Humongous regions: 0->0
[489.825s][info][gc,metaspace] GC(30) Metaspace: 5531K(5696K)->5531K(5696K) NonClass: 4704K(4800K)->4704K(4800K) Class: 827K(896K)->827K(896K)
[489.825s][info][gc          ] GC(30) Pause Young (Normal) (G1 Evacuation Pause) 206M->64M(258M) 15.730ms
[489.825s][info][gc,cpu      ] GC(30) User=0.02s Sys=0.00s Real=0.02s
[508.656s][info][gc,start    ] GC(31) Pause Young (Normal) (G1 Evacuation Pause)
[508.656s][info][gc,task     ] GC(31) Using 2 workers of 2 for evacuation
[508.671s][info][gc,phases   ] GC(31)   Pre Evacuate Collection Set: 0.16ms
[508.671s][info][gc,phases   ] GC(31)   Merge Heap Roots: 0.06ms
[508.671s][info][gc,phases   ] GC(31)   Evacuate Collection Set: 14.46ms
[508.671s][info][gc,phases   ] GC(31)   Post Evacuate Collection Set: 0.29ms
[508.671s][info][gc,phases   ] GC(31)   Other: 0.08ms
[508.671s][info][gc,heap     ] GC(31) Eden regions: 142->0(142)
[508.671s][info][gc,heap     ] GC(31) Survivor regions: 11->11(20)
[508.671s][info][gc,heap     ] GC(31) Old regions: 55->55
[508.671s][info][gc,heap     ] GC(31) Humongous regions: 0->0
[508.671s][info][gc,metaspace] GC(31) Metaspace: 5531K(5696K)->5531K(5696K) NonClass: 4704K(4800K)->4704K(4800K) Class: 827K(896K)->827K(896K)
[508.671s][info][gc          ] GC(31) Pause Young (Normal) (G1 Evacuation Pause) 206M->64M(258M) 15.230ms
[508.671s][info][gc,cpu      ] GC(31) User=0.03s Sys=0.00s Real=0.02s
[533.056s][info][gc,start    ] GC(32) Pause Young (Normal) (G1 Evacuation Pause)
[533.056s][info][gc,task     ] GC(32) Using 2 workers of 2 for evacuation
[533.071s][info][gc,phases   ] GC(32)   Pre Evacuate Collection Set: 0.17ms
[533.071s][info][gc,phases   ] GC(32)   Merge Heap Roots: 0.06ms
[533.071s][info][gc,phases   ] GC(32)   Evacuate Collection Set: 15.01ms
[533.071s][info][gc,phases   ] GC(32)   Post Evacuate Collection Set: 0.32ms
[533.071s][info][gc,phases   ] GC(32)   Other: 0.09ms
[533.071s][info][gc,heap     ] GC(32) Eden regions: 142->0(142)
[533.071s][info][gc,heap     ] GC(32) Survivor regions: 11->11(20)
[533.071s][info][gc,heap     ] GC(32) Old regions: 55->55
[533.071s][info][gc,heap     ] GC(32) Humongous regions: 0->0
[533.071s][info][gc,metaspace] GC(32) Metaspace: 5544K(5696K)->5544K(5696K) NonClass: 4717K(4800K)->4717K(4800K) Class: 827K(896K)->827K(896K)
[533.072s][info][gc          ] GC(32) Pause Young (Normal) (G1 Evacuation Pause) 206M->64M(258M) 15.893ms
[533.072s][info][gc,cpu      ] GC(32) User=0.03s Sys=0.00s Real=0.02s
[552.986s][info][gc,start    ] GC(33) Pause Young (Normal) (G1 Evacuation Pause)
[552.986s][info][gc,task     ] GC(33) Using 2 workers of 2 for evacuation
[553.002s][info][gc,phases   ] GC(33)   Pre Evacuate Collection Set: 0.17ms
[553.002s][info][gc,phases   ] GC(33)   Merge Heap Roots: 0.06ms
[553.002s][info][gc,phases   ] GC(33)   Evacuate Collection Set: 14.92ms
[553.002s][info][gc,phases   ] GC(33)   Post Evacuate Collection Set: 0.33ms
[553.002s][info][gc,phases   ] GC(33)   Other: 0.10ms
[553.002s][info][gc,heap     ] GC(33) Eden regions: 142->0(142)
[553.002s][info][gc,heap     ] GC(33) Survivor regions: 11->11(20)
[553.002s][info][gc,heap     ] GC(33) Old regions: 55->55
[553.002s][info][gc,heap     ] GC(33) Humongous regions: 0->0
[553.002s][info][gc,metaspace] GC(33) Metaspace: 5544K(5696K)->5544K(5696K) NonClass: 4717K(4800K)->4717K(4800K) Class: 827K(896K)->827K(896K)
[553.002s][info][gc          ] GC(33) Pause Young (Normal) (G1 Evacuation Pause) 206M->64M(258M) 15.783ms
[553.002s][info][gc,cpu      ] GC(33) User=0.03s Sys=0.00s Real=0.02s
[572.628s][info][gc,start    ] GC(34) Pause Young (Normal) (G1 Evacuation Pause)
[572.628s][info][gc,task     ] GC(34) Using 2 workers of 2 for evacuation
[572.643s][info][gc,phases   ] GC(34)   Pre Evacuate Collection Set: 0.16ms
[572.643s][info][gc,phases   ] GC(34)   Merge Heap Roots: 0.06ms
[572.643s][info][gc,phases   ] GC(34)   Evacuate Collection Set: 14.10ms
[572.643s][info][gc,phases   ] GC(34)   Post Evacuate Collection Set: 0.32ms
[572.643s][info][gc,phases   ] GC(34)   Other: 0.07ms
[572.643s][info][gc,heap     ] GC(34) Eden regions: 142->0(142)
[572.643s][info][gc,heap     ] GC(34) Survivor regions: 11->11(20)
[572.643s][info][gc,heap     ] GC(34) Old regions: 55->55
[572.643s][info][gc,heap     ] GC(34) Humongous regions: 0->0
[572.643s][info][gc,metaspace] GC(34) Metaspace: 5544K(5696K)->5544K(5696K) NonClass: 4717K(4800K)->4717K(4800K) Class: 827K(896K)->827K(896K)
[572.643s][info][gc          ] GC(34) Pause Young (Normal) (G1 Evacuation Pause) 206M->64M(258M) 14.887ms
[572.643s][info][gc,cpu      ] GC(34) User=0.03s Sys=0.00s Real=0.02s
[592.132s][info][gc,start    ] GC(35) Pause Young (Normal) (G1 Evacuation Pause)
[592.132s][info][gc,task     ] GC(35) Using 2 workers of 2 for evacuation
[592.148s][info][gc,phases   ] GC(35)   Pre Evacuate Collection Set: 0.16ms
[592.148s][info][gc,phases   ] GC(35)   Merge Heap Roots: 0.07ms
[592.148s][info][gc,phases   ] GC(35)   Evacuate Collection Set: 14.64ms
[592.148s][info][gc,phases   ] GC(35)   Post Evacuate Collection Set: 0.30ms
[592.148s][info][gc,phases   ] GC(35)   Other: 0.10ms
[592.148s][info][gc,heap     ] GC(35) Eden regions: 142->0(143)
[592.148s][info][gc,heap     ] GC(35) Survivor regions: 11->10(20)
[592.148s][info][gc,heap     ] GC(35) Old regions: 55->55
[592.148s][info][gc,heap     ] GC(35) Humongous regions: 0->0
[592.148s][info][gc,metaspace] GC(35) Metaspace: 5544K(5696K)->5544K(5696K) NonClass: 4717K(4800K)->4717K(4800K) Class: 827K(896K)->827K(896K)
[592.148s][info][gc          ] GC(35) Pause Young (Normal) (G1 Evacuation Pause) 206M->63M(258M) 15.467ms
[592.148s][info][gc,cpu      ] GC(35) User=0.03s Sys=0.00s Real=0.01s
[611.808s][info][gc,start    ] GC(36) Pause Young (Normal) (G1 Evacuation Pause)
[611.808s][info][gc,task     ] GC(36) Using 2 workers of 2 for evacuation
[611.823s][info][gc,phases   ] GC(36)   Pre Evacuate Collection Set: 0.15ms
[611.823s][info][gc,phases   ] GC(36)   Merge Heap Roots: 0.06ms
[611.823s][info][gc,phases   ] GC(36)   Evacuate Collection Set: 14.57ms
[611.823s][info][gc,phases   ] GC(36)   Post Evacuate Collection Set: 0.37ms
[611.823s][info][gc,phases   ] GC(36)   Other: 0.08ms
[611.823s][info][gc,heap     ] GC(36) Eden regions: 143->0(142)
[611.823s][info][gc,heap     ] GC(36) Survivor regions: 10->11(20)
[611.823s][info][gc,heap     ] GC(36) Old regions: 55->55
[611.823s][info][gc,heap     ] GC(36) Humongous regions: 0->0
[611.823s][info][gc,metaspace] GC(36) Metaspace: 5544K(5696K)->5544K(5696K) NonClass: 4717K(4800K)->4717K(4800K) Class: 827K(896K)->827K(896K)
[611.823s][info][gc          ] GC(36) Pause Young (Normal) (G1 Evacuation Pause) 206M->64M(258M) 15.460ms
[611.823s][info][gc,cpu      ] GC(36) User=0.03s Sys=0.00s Real=0.02s
[636.112s][info][gc,start    ] GC(37) Pause Young (Normal) (G1 Evacuation Pause)
[636.112s][info][gc,task     ] GC(37) Using 2 workers of 2 for evacuation
[636.129s][info][gc,phases   ] GC(37)   Pre Evacuate Collection Set: 0.18ms
[636.129s][info][gc,phases   ] GC(37)   Merge Heap Roots: 0.05ms
[636.129s][info][gc,phases   ] GC(37)   Evacuate Collection Set: 16.43ms
[636.129s][info][gc,phases   ] GC(37)   Post Evacuate Collection Set: 0.32ms
[636.129s][info][gc,phases   ] GC(37)   Other: 0.07ms
[636.129s][info][gc,heap     ] GC(37) Eden regions: 142->0(142)
[636.129s][info][gc,heap     ] GC(37) Survivor regions: 11->11(20)
[636.129s][info][gc,heap     ] GC(37) Old regions: 55->55
[636.129s][info][gc,heap     ] GC(37) Humongous regions: 0->0
[636.129s][info][gc,metaspace] GC(37) Metaspace: 5556K(5696K)->5556K(5696K) NonClass: 4729K(4800K)->4729K(4800K) Class: 827K(896K)->827K(896K)
[636.129s][info][gc          ] GC(37) Pause Young (Normal) (G1 Evacuation Pause) 206M->64M(258M) 17.231ms
[636.129s][info][gc,cpu      ] GC(37) User=0.03s Sys=0.00s Real=0.01s
[655.703s][info][gc,start    ] GC(38) Pause Young (Normal) (G1 Evacuation Pause)
[655.703s][info][gc,task     ] GC(38) Using 2 workers of 2 for evacuation
[655.719s][info][gc,phases   ] GC(38)   Pre Evacuate Collection Set: 0.15ms
[655.719s][info][gc,phases   ] GC(38)   Merge Heap Roots: 0.06ms
[655.719s][info][gc,phases   ] GC(38)   Evacuate Collection Set: 15.22ms
[655.719s][info][gc,phases   ] GC(38)   Post Evacuate Collection Set: 0.30ms
[655.719s][info][gc,phases   ] GC(38)   Other: 0.07ms
[655.719s][info][gc,heap     ] GC(38) Eden regions: 142->0(142)
[655.719s][info][gc,heap     ] GC(38) Survivor regions: 11->11(20)
[655.719s][info][gc,heap     ] GC(38) Old regions: 55->55
[655.719s][info][gc,heap     ] GC(38) Humongous regions: 0->0
[655.719s][info][gc,metaspace] GC(38) Metaspace: 5556K(5696K)->5556K(5696K) NonClass: 4729K(4800K)->4729K(4800K) Class: 827K(896K)->827K(896K)
[655.719s][info][gc          ] GC(38) Pause Young (Normal) (G1 Evacuation Pause) 206M->64M(258M) 15.985ms
[655.719s][info][gc,cpu      ] GC(38) User=0.03s Sys=0.00s Real=0.01s
[676.939s][info][gc,start    ] GC(39) Pause Young (Normal) (G1 Evacuation Pause)
[676.939s][info][gc,task     ] GC(39) Using 2 workers of 2 for evacuation
[676.957s][info][gc,phases   ] GC(39)   Pre Evacuate Collection Set: 0.17ms
[676.957s][info][gc,phases   ] GC(39)   Merge Heap Roots: 0.06ms
[676.957s][info][gc,phases   ] GC(39)   Evacuate Collection Set: 17.99ms
[676.957s][info][gc,phases   ] GC(39)   Post Evacuate Collection Set: 0.36ms
[676.957s][info][gc,phases   ] GC(39)   Other: 0.09ms
[676.957s][info][gc,heap     ] GC(39) Eden regions: 142->0(142)
[676.957s][info][gc,heap     ] GC(39) Survivor regions: 11->11(20)
[676.957s][info][gc,heap     ] GC(39) Old regions: 55->55
[676.957s][info][gc,heap     ] GC(39) Humongous regions: 0->0
[676.957s][info][gc,metaspace] GC(39) Metaspace: 5556K(5696K)->5556K(5696K) NonClass: 4729K(4800K)->4729K(4800K) Class: 827K(896K)->827K(896K)
[676.957s][info][gc          ] GC(39) Pause Young (Normal) (G1 Evacuation Pause) 206M->64M(258M) 18.947ms
[676.957s][info][gc,cpu      ] GC(39) User=0.04s Sys=0.00s Real=0.02s
[696.924s][info][gc,start    ] GC(40) Pause Young (Normal) (G1 Evacuation Pause)
[696.924s][info][gc,task     ] GC(40) Using 2 workers of 2 for evacuation
[696.940s][info][gc,phases   ] GC(40)   Pre Evacuate Collection Set: 0.16ms
[696.940s][info][gc,phases   ] GC(40)   Merge Heap Roots: 0.06ms
[696.940s][info][gc,phases   ] GC(40)   Evacuate Collection Set: 15.16ms
[696.940s][info][gc,phases   ] GC(40)   Post Evacuate Collection Set: 0.33ms
[696.940s][info][gc,phases   ] GC(40)   Other: 0.11ms
[696.940s][info][gc,heap     ] GC(40) Eden regions: 142->0(142)
[696.940s][info][gc,heap     ] GC(40) Survivor regions: 11->11(20)
[696.940s][info][gc,heap     ] GC(40) Old regions: 55->55
[696.940s][info][gc,heap     ] GC(40) Humongous regions: 0->0
[696.940s][info][gc,metaspace] GC(40) Metaspace: 5556K(5696K)->5556K(5696K) NonClass: 4729K(4800K)->4729K(4800K) Class: 827K(896K)->827K(896K)
[696.940s][info][gc          ] GC(40) Pause Young (Normal) (G1 Evacuation Pause) 206M->64M(258M) 16.053ms
[696.940s][info][gc,cpu      ] GC(40) User=0.03s Sys=0.00s Real=0.01s
[718.567s][info][gc,start    ] GC(41) Pause Young (Normal) (G1 Evacuation Pause)
[718.567s][info][gc,task     ] GC(41) Using 2 workers of 2 for evacuation
[718.582s][info][gc,phases   ] GC(41)   Pre Evacuate Collection Set: 0.15ms
[718.582s][info][gc,phases   ] GC(41)   Merge Heap Roots: 0.06ms
[718.582s][info][gc,phases   ] GC(41)   Evacuate Collection Set: 14.67ms
[718.582s][info][gc,phases   ] GC(41)   Post Evacuate Collection Set: 0.29ms
[718.582s][info][gc,phases   ] GC(41)   Other: 0.07ms
[718.582s][info][gc,heap     ] GC(41) Eden regions: 142->0(142)
[718.582s][info][gc,heap     ] GC(41) Survivor regions: 11->11(20)
[718.582s][info][gc,heap     ] GC(41) Old regions: 55->55
[718.582s][info][gc,heap     ] GC(41) Humongous regions: 0->0
[718.582s][info][gc,metaspace] GC(41) Metaspace: 5556K(5696K)->5556K(5696K) NonClass: 4729K(4800K)->4729K(4800K) Class: 827K(896K)->827K(896K)
[718.582s][info][gc          ] GC(41) Pause Young (Normal) (G1 Evacuation Pause) 206M->64M(258M) 15.421ms
[718.582s][info][gc,cpu      ] GC(41) User=0.03s Sys=0.00s Real=0.02s
[743.074s][info][gc,start    ] GC(42) Pause Young (Normal) (G1 Evacuation Pause)
[743.074s][info][gc,task     ] GC(42) Using 2 workers of 2 for evacuation
[743.090s][info][gc,phases   ] GC(42)   Pre Evacuate Collection Set: 0.16ms
[743.090s][info][gc,phases   ] GC(42)   Merge Heap Roots: 0.06ms
[743.090s][info][gc,phases   ] GC(42)   Evacuate Collection Set: 15.32ms
[743.090s][info][gc,phases   ] GC(42)   Post Evacuate Collection Set: 0.33ms
[743.090s][info][gc,phases   ] GC(42)   Other: 0.07ms
[743.090s][info][gc,heap     ] GC(42) Eden regions: 142->0(142)
[743.090s][info][gc,heap     ] GC(42) Survivor regions: 11->11(20)
[743.090s][info][gc,heap     ] GC(42) Old regions: 55->55
[743.090s][info][gc,heap     ] GC(42) Humongous regions: 0->0
[743.090s][info][gc,metaspace] GC(42) Metaspace: 5606K(5760K)->5606K(5760K) NonClass: 4779K(4864K)->4779K(4864K) Class: 827K(896K)->827K(896K)
[743.090s][info][gc          ] GC(42) Pause Young (Normal) (G1 Evacuation Pause) 206M->64M(258M) 16.175ms
[743.090s][info][gc,cpu      ] GC(42) User=0.04s Sys=0.00s Real=0.01s
[763.908s][info][gc,start    ] GC(43) Pause Young (Normal) (G1 Evacuation Pause)
[763.908s][info][gc,task     ] GC(43) Using 2 workers of 2 for evacuation
[763.924s][info][gc,phases   ] GC(43)   Pre Evacuate Collection Set: 0.18ms
[763.924s][info][gc,phases   ] GC(43)   Merge Heap Roots: 0.05ms
[763.924s][info][gc,phases   ] GC(43)   Evacuate Collection Set: 15.01ms
[763.924s][info][gc,phases   ] GC(43)   Post Evacuate Collection Set: 0.32ms
[763.924s][info][gc,phases   ] GC(43)   Other: 0.07ms
[763.924s][info][gc,heap     ] GC(43) Eden regions: 142->0(142)
[763.924s][info][gc,heap     ] GC(43) Survivor regions: 11->11(20)
[763.924s][info][gc,heap     ] GC(43) Old regions: 55->55
[763.924s][info][gc,heap     ] GC(43) Humongous regions: 0->0
[763.924s][info][gc,metaspace] GC(43) Metaspace: 5607K(5760K)->5607K(5760K) NonClass: 4779K(4864K)->4779K(4864K) Class: 827K(896K)->827K(896K)
[763.924s][info][gc          ] GC(43) Pause Young (Normal) (G1 Evacuation Pause) 206M->64M(258M) 15.838ms
[763.924s][info][gc,cpu      ] GC(43) User=0.03s Sys=0.00s Real=0.02s
[784.506s][info][gc,start    ] GC(44) Pause Young (Normal) (G1 Evacuation Pause)
[784.506s][info][gc,task     ] GC(44) Using 2 workers of 2 for evacuation
[784.521s][info][gc,phases   ] GC(44)   Pre Evacuate Collection Set: 0.19ms
[784.521s][info][gc,phases   ] GC(44)   Merge Heap Roots: 0.04ms
[784.521s][info][gc,phases   ] GC(44)   Evacuate Collection Set: 14.63ms
[784.521s][info][gc,phases   ] GC(44)   Post Evacuate Collection Set: 0.31ms
[784.521s][info][gc,phases   ] GC(44)   Other: 0.08ms
[784.521s][info][gc,heap     ] GC(44) Eden regions: 142->0(142)
[784.521s][info][gc,heap     ] GC(44) Survivor regions: 11->11(20)
[784.521s][info][gc,heap     ] GC(44) Old regions: 55->55
[784.521s][info][gc,heap     ] GC(44) Humongous regions: 0->0
[784.521s][info][gc,metaspace] GC(44) Metaspace: 5607K(5760K)->5607K(5760K) NonClass: 4779K(4864K)->4779K(4864K) Class: 827K(896K)->827K(896K)
[784.521s][info][gc          ] GC(44) Pause Young (Normal) (G1 Evacuation Pause) 206M->64M(258M) 15.460ms
[784.521s][info][gc,cpu      ] GC(44) User=0.03s Sys=0.00s Real=0.02s
[805.170s][info][gc,start    ] GC(45) Pause Young (Normal) (G1 Evacuation Pause)
[805.170s][info][gc,task     ] GC(45) Using 2 workers of 2 for evacuation
[805.187s][info][gc,phases   ] GC(45)   Pre Evacuate Collection Set: 0.20ms
[805.187s][info][gc,phases   ] GC(45)   Merge Heap Roots: 0.05ms
[805.187s][info][gc,phases   ] GC(45)   Evacuate Collection Set: 17.01ms
[805.187s][info][gc,phases   ] GC(45)   Post Evacuate Collection Set: 0.35ms
[805.187s][info][gc,phases   ] GC(45)   Other: 0.11ms
[805.187s][info][gc,heap     ] GC(45) Eden regions: 142->0(143)
[805.187s][info][gc,heap     ] GC(45) Survivor regions: 11->10(20)
[805.187s][info][gc,heap     ] GC(45) Old regions: 55->55
[805.187s][info][gc,heap     ] GC(45) Humongous regions: 0->0
[805.187s][info][gc,metaspace] GC(45) Metaspace: 5607K(5760K)->5607K(5760K) NonClass: 4779K(4864K)->4779K(4864K) Class: 827K(896K)->827K(896K)
[805.187s][info][gc          ] GC(45) Pause Young (Normal) (G1 Evacuation Pause) 206M->63M(258M) 17.957ms
[805.187s][info][gc,cpu      ] GC(45) User=0.03s Sys=0.00s Real=0.02s
[826.375s][info][gc,start    ] GC(46) Pause Young (Normal) (G1 Evacuation Pause)
[826.375s][info][gc,task     ] GC(46) Using 2 workers of 2 for evacuation
[826.390s][info][gc,phases   ] GC(46)   Pre Evacuate Collection Set: 0.16ms
[826.390s][info][gc,phases   ] GC(46)   Merge Heap Roots: 0.05ms
[826.390s][info][gc,phases   ] GC(46)   Evacuate Collection Set: 14.27ms
[826.390s][info][gc,phases   ] GC(46)   Post Evacuate Collection Set: 0.29ms
[826.390s][info][gc,phases   ] GC(46)   Other: 0.07ms
[826.390s][info][gc,heap     ] GC(46) Eden regions: 143->0(142)
[826.390s][info][gc,heap     ] GC(46) Survivor regions: 10->11(20)
[826.390s][info][gc,heap     ] GC(46) Old regions: 55->55
[826.390s][info][gc,heap     ] GC(46) Humongous regions: 0->0
[826.390s][info][gc,metaspace] GC(46) Metaspace: 5607K(5760K)->5607K(5760K) NonClass: 4779K(4864K)->4779K(4864K) Class: 827K(896K)->827K(896K)
[826.390s][info][gc          ] GC(46) Pause Young (Normal) (G1 Evacuation Pause) 206M->64M(258M) 15.008ms
[826.390s][info][gc,cpu      ] GC(46) User=0.03s Sys=0.00s Real=0.01s
[851.495s][info][gc,start    ] GC(47) Pause Young (Normal) (G1 Evacuation Pause)
[851.495s][info][gc,task     ] GC(47) Using 2 workers of 2 for evacuation
[851.512s][info][gc,phases   ] GC(47)   Pre Evacuate Collection Set: 0.23ms
[851.512s][info][gc,phases   ] GC(47)   Merge Heap Roots: 0.08ms
[851.512s][info][gc,phases   ] GC(47)   Evacuate Collection Set: 15.69ms
[851.512s][info][gc,phases   ] GC(47)   Post Evacuate Collection Set: 0.39ms
[851.512s][info][gc,phases   ] GC(47)   Other: 0.10ms
[851.512s][info][gc,heap     ] GC(47) Eden regions: 142->0(142)
[851.512s][info][gc,heap     ] GC(47) Survivor regions: 11->11(20)
[851.512s][info][gc,heap     ] GC(47) Old regions: 55->55
[851.512s][info][gc,heap     ] GC(47) Humongous regions: 0->0
[851.512s][info][gc,metaspace] GC(47) Metaspace: 5610K(5760K)->5610K(5760K) NonClass: 4783K(4864K)->4783K(4864K) Class: 827K(896K)->827K(896K)
[851.512s][info][gc          ] GC(47) Pause Young (Normal) (G1 Evacuation Pause) 206M->64M(258M) 16.695ms
[851.512s][info][gc,cpu      ] GC(47) User=0.03s Sys=0.00s Real=0.02s
[871.839s][info][gc,start    ] GC(48) Pause Young (Normal) (G1 Evacuation Pause)
[871.839s][info][gc,task     ] GC(48) Using 2 workers of 2 for evacuation
[871.856s][info][gc,phases   ] GC(48)   Pre Evacuate Collection Set: 0.19ms
[871.856s][info][gc,phases   ] GC(48)   Merge Heap Roots: 0.04ms
[871.856s][info][gc,phases   ] GC(48)   Evacuate Collection Set: 16.48ms
[871.856s][info][gc,phases   ] GC(48)   Post Evacuate Collection Set: 0.46ms
[871.856s][info][gc,phases   ] GC(48)   Other: 0.08ms
[871.856s][info][gc,heap     ] GC(48) Eden regions: 142->0(142)
[871.856s][info][gc,heap     ] GC(48) Survivor regions: 11->11(20)
[871.856s][info][gc,heap     ] GC(48) Old regions: 55->55
[871.856s][info][gc,heap     ] GC(48) Humongous regions: 0->0
[871.856s][info][gc,metaspace] GC(48) Metaspace: 5610K(5760K)->5610K(5760K) NonClass: 4783K(4864K)->4783K(4864K) Class: 827K(896K)->827K(896K)
[871.856s][info][gc          ] GC(48) Pause Young (Normal) (G1 Evacuation Pause) 206M->64M(258M) 17.540ms
[871.856s][info][gc,cpu      ] GC(48) User=0.03s Sys=0.00s Real=0.02s
[892.892s][info][gc,start    ] GC(49) Pause Young (Normal) (G1 Evacuation Pause)
[892.892s][info][gc,task     ] GC(49) Using 2 workers of 2 for evacuation
[892.909s][info][gc,phases   ] GC(49)   Pre Evacuate Collection Set: 0.18ms
[892.909s][info][gc,phases   ] GC(49)   Merge Heap Roots: 0.05ms
[892.909s][info][gc,phases   ] GC(49)   Evacuate Collection Set: 15.46ms
[892.909s][info][gc,phases   ] GC(49)   Post Evacuate Collection Set: 0.32ms
[892.909s][info][gc,phases   ] GC(49)   Other: 0.08ms
[892.909s][info][gc,heap     ] GC(49) Eden regions: 142->0(142)
[892.909s][info][gc,heap     ] GC(49) Survivor regions: 11->11(20)
[892.909s][info][gc,heap     ] GC(49) Old regions: 55->55
[892.909s][info][gc,heap     ] GC(49) Humongous regions: 0->0
[892.909s][info][gc,metaspace] GC(49) Metaspace: 5610K(5760K)->5610K(5760K) NonClass: 4783K(4864K)->4783K(4864K) Class: 827K(896K)->827K(896K)
[892.909s][info][gc          ] GC(49) Pause Young (Normal) (G1 Evacuation Pause) 206M->64M(258M) 16.318ms
[892.909s][info][gc,cpu      ] GC(49) User=0.03s Sys=0.00s Real=0.01s
[913.511s][info][gc,start    ] GC(50) Pause Young (Normal) (G1 Evacuation Pause)
[913.511s][info][gc,task     ] GC(50) Using 2 workers of 2 for evacuation
[913.527s][info][gc,phases   ] GC(50)   Pre Evacuate Collection Set: 0.18ms
[913.527s][info][gc,phases   ] GC(50)   Merge Heap Roots: 0.05ms
[913.527s][info][gc,phases   ] GC(50)   Evacuate Collection Set: 15.15ms
[913.527s][info][gc,phases   ] GC(50)   Post Evacuate Collection Set: 0.42ms
[913.527s][info][gc,phases   ] GC(50)   Other: 0.08ms
[913.527s][info][gc,heap     ] GC(50) Eden regions: 142->0(143)
[913.527s][info][gc,heap     ] GC(50) Survivor regions: 11->10(20)
[913.527s][info][gc,heap     ] GC(50) Old regions: 55->55
[913.527s][info][gc,heap     ] GC(50) Humongous regions: 0->0
[913.527s][info][gc,metaspace] GC(50) Metaspace: 5610K(5760K)->5610K(5760K) NonClass: 4783K(4864K)->4783K(4864K) Class: 827K(896K)->827K(896K)
[913.527s][info][gc          ] GC(50) Pause Young (Normal) (G1 Evacuation Pause) 206M->63M(258M) 16.114ms
[913.527s][info][gc,cpu      ] GC(50) User=0.03s Sys=0.00s Real=0.02s
[934.330s][info][gc,start    ] GC(51) Pause Young (Normal) (G1 Evacuation Pause)
[934.330s][info][gc,task     ] GC(51) Using 2 workers of 2 for evacuation
[934.346s][info][gc,phases   ] GC(51)   Pre Evacuate Collection Set: 0.17ms
[934.346s][info][gc,phases   ] GC(51)   Merge Heap Roots: 0.05ms
[934.346s][info][gc,phases   ] GC(51)   Evacuate Collection Set: 15.88ms
[934.346s][info][gc,phases   ] GC(51)   Post Evacuate Collection Set: 0.30ms
[934.346s][info][gc,phases   ] GC(51)   Other: 0.09ms
[934.346s][info][gc,heap     ] GC(51) Eden regions: 143->0(143)
[934.346s][info][gc,heap     ] GC(51) Survivor regions: 10->10(20)
[934.346s][info][gc,heap     ] GC(51) Old regions: 55->55
[934.346s][info][gc,heap     ] GC(51) Humongous regions: 0->0
[934.346s][info][gc,metaspace] GC(51) Metaspace: 5610K(5760K)->5610K(5760K) NonClass: 4783K(4864K)->4783K(4864K) Class: 827K(896K)->827K(896K)
[934.346s][info][gc          ] GC(51) Pause Young (Normal) (G1 Evacuation Pause) 206M->63M(258M) 16.705ms
[934.346s][info][gc,cpu      ] GC(51) User=0.04s Sys=0.00s Real=0.02s
[959.051s][info][gc,start    ] GC(52) Pause Young (Normal) (G1 Evacuation Pause)
[959.051s][info][gc,task     ] GC(52) Using 2 workers of 2 for evacuation
[959.067s][info][gc,phases   ] GC(52)   Pre Evacuate Collection Set: 0.18ms
[959.067s][info][gc,phases   ] GC(52)   Merge Heap Roots: 0.05ms
[959.067s][info][gc,phases   ] GC(52)   Evacuate Collection Set: 15.51ms
[959.067s][info][gc,phases   ] GC(52)   Post Evacuate Collection Set: 0.34ms
[959.067s][info][gc,phases   ] GC(52)   Other: 0.07ms
[959.067s][info][gc,heap     ] GC(52) Eden regions: 143->0(142)
[959.067s][info][gc,heap     ] GC(52) Survivor regions: 10->11(20)
[959.067s][info][gc,heap     ] GC(52) Old regions: 55->55
[959.067s][info][gc,heap     ] GC(52) Humongous regions: 0->0
[959.067s][info][gc,metaspace] GC(52) Metaspace: 5616K(5760K)->5616K(5760K) NonClass: 4789K(4864K)->4789K(4864K) Class: 827K(896K)->827K(896K)
[959.067s][info][gc          ] GC(52) Pause Young (Normal) (G1 Evacuation Pause) 206M->64M(258M) 16.395ms
[959.067s][info][gc,cpu      ] GC(52) User=0.03s Sys=0.00s Real=0.01s
[980.497s][info][gc,start    ] GC(53) Pause Young (Normal) (G1 Evacuation Pause)
[980.497s][info][gc,task     ] GC(53) Using 2 workers of 2 for evacuation
[980.514s][info][gc,phases   ] GC(53)   Pre Evacuate Collection Set: 0.20ms
[980.514s][info][gc,phases   ] GC(53)   Merge Heap Roots: 0.05ms
[980.514s][info][gc,phases   ] GC(53)   Evacuate Collection Set: 16.31ms
[980.514s][info][gc,phases   ] GC(53)   Post Evacuate Collection Set: 0.32ms
[980.514s][info][gc,phases   ] GC(53)   Other: 0.08ms
[980.514s][info][gc,heap     ] GC(53) Eden regions: 142->0(143)
[980.514s][info][gc,heap     ] GC(53) Survivor regions: 11->10(20)
[980.514s][info][gc,heap     ] GC(53) Old regions: 55->55
[980.514s][info][gc,heap     ] GC(53) Humongous regions: 0->0
[980.514s][info][gc,metaspace] GC(53) Metaspace: 5616K(5760K)->5616K(5760K) NonClass: 4789K(4864K)->4789K(4864K) Class: 827K(896K)->827K(896K)
[980.514s][info][gc          ] GC(53) Pause Young (Normal) (G1 Evacuation Pause) 206M->63M(258M) 17.197ms
[980.514s][info][gc,cpu      ] GC(53) User=0.03s Sys=0.00s Real=0.02s
[1000.859s][info][gc,start    ] GC(54) Pause Young (Normal) (G1 Evacuation Pause)
[1000.859s][info][gc,task     ] GC(54) Using 2 workers of 2 for evacuation
[1000.874s][info][gc,phases   ] GC(54)   Pre Evacuate Collection Set: 0.18ms
[1000.874s][info][gc,phases   ] GC(54)   Merge Heap Roots: 0.05ms
[1000.874s][info][gc,phases   ] GC(54)   Evacuate Collection Set: 14.61ms
[1000.874s][info][gc,phases   ] GC(54)   Post Evacuate Collection Set: 0.31ms
[1000.874s][info][gc,phases   ] GC(54)   Other: 0.10ms
[1000.874s][info][gc,heap     ] GC(54) Eden regions: 143->0(142)
[1000.874s][info][gc,heap     ] GC(54) Survivor regions: 10->11(20)
[1000.874s][info][gc,heap     ] GC(54) Old regions: 55->55
[1000.874s][info][gc,heap     ] GC(54) Humongous regions: 0->0
[1000.874s][info][gc,metaspace] GC(54) Metaspace: 5616K(5760K)->5616K(5760K) NonClass: 4789K(4864K)->4789K(4864K) Class: 827K(896K)->827K(896K)
[1000.874s][info][gc          ] GC(54) Pause Young (Normal) (G1 Evacuation Pause) 206M->64M(258M) 15.455ms
[1000.874s][info][gc,cpu      ] GC(54) User=0.03s Sys=0.00s Real=0.02s
[1021.377s][info][gc,start    ] GC(55) Pause Young (Normal) (G1 Evacuation Pause)
[1021.377s][info][gc,task     ] GC(55) Using 2 workers of 2 for evacuation
[1021.393s][info][gc,phases   ] GC(55)   Pre Evacuate Collection Set: 0.18ms
[1021.393s][info][gc,phases   ] GC(55)   Merge Heap Roots: 0.05ms
[1021.393s][info][gc,phases   ] GC(55)   Evacuate Collection Set: 14.95ms
[1021.393s][info][gc,phases   ] GC(55)   Post Evacuate Collection Set: 0.31ms
[1021.393s][info][gc,phases   ] GC(55)   Other: 0.08ms
[1021.393s][info][gc,heap     ] GC(55) Eden regions: 142->0(143)
[1021.393s][info][gc,heap     ] GC(55) Survivor regions: 11->10(20)
[1021.393s][info][gc,heap     ] GC(55) Old regions: 55->55
[1021.393s][info][gc,heap     ] GC(55) Humongous regions: 0->0
[1021.393s][info][gc,metaspace] GC(55) Metaspace: 5616K(5760K)->5616K(5760K) NonClass: 4789K(4864K)->4789K(4864K) Class: 827K(896K)->827K(896K)
[1021.393s][info][gc          ] GC(55) Pause Young (Normal) (G1 Evacuation Pause) 206M->63M(258M) 15.779ms
[1021.393s][info][gc,cpu      ] GC(55) User=0.03s Sys=0.00s Real=0.02s
[1043.259s][info][gc,start    ] GC(56) Pause Young (Normal) (G1 Evacuation Pause)
[1043.260s][info][gc,task     ] GC(56) Using 2 workers of 2 for evacuation
[1043.275s][info][gc,phases   ] GC(56)   Pre Evacuate Collection Set: 0.18ms
[1043.275s][info][gc,phases   ] GC(56)   Merge Heap Roots: 0.05ms
[1043.275s][info][gc,phases   ] GC(56)   Evacuate Collection Set: 14.61ms
[1043.275s][info][gc,phases   ] GC(56)   Post Evacuate Collection Set: 0.32ms
[1043.275s][info][gc,phases   ] GC(56)   Other: 0.07ms
[1043.275s][info][gc,heap     ] GC(56) Eden regions: 143->0(142)
[1043.275s][info][gc,heap     ] GC(56) Survivor regions: 10->11(20)
[1043.275s][info][gc,heap     ] GC(56) Old regions: 55->55
[1043.275s][info][gc,heap     ] GC(56) Humongous regions: 0->0
[1043.275s][info][gc,metaspace] GC(56) Metaspace: 5616K(5760K)->5616K(5760K) NonClass: 4789K(4864K)->4789K(4864K) Class: 827K(896K)->827K(896K)
[1043.275s][info][gc          ] GC(56) Pause Young (Normal) (G1 Evacuation Pause) 206M->64M(258M) 15.463ms
[1043.275s][info][gc,cpu      ] GC(56) User=0.03s Sys=0.00s Real=0.02s
[1066.655s][info][gc,start    ] GC(57) Pause Young (Normal) (G1 Evacuation Pause)
[1066.655s][info][gc,task     ] GC(57) Using 2 workers of 2 for evacuation
[1066.671s][info][gc,phases   ] GC(57)   Pre Evacuate Collection Set: 0.21ms
[1066.671s][info][gc,phases   ] GC(57)   Merge Heap Roots: 0.04ms
[1066.671s][info][gc,phases   ] GC(57)   Evacuate Collection Set: 15.85ms
[1066.671s][info][gc,phases   ] GC(57)   Post Evacuate Collection Set: 0.32ms
[1066.671s][info][gc,phases   ] GC(57)   Other: 0.08ms
[1066.671s][info][gc,heap     ] GC(57) Eden regions: 142->0(142)
[1066.671s][info][gc,heap     ] GC(57) Survivor regions: 11->11(20)
[1066.671s][info][gc,heap     ] GC(57) Old regions: 55->55
[1066.671s][info][gc,heap     ] GC(57) Humongous regions: 0->0
[1066.671s][info][gc,metaspace] GC(57) Metaspace: 5619K(5760K)->5619K(5760K) NonClass: 4792K(4864K)->4792K(4864K) Class: 827K(896K)->827K(896K)
[1066.671s][info][gc          ] GC(57) Pause Young (Normal) (G1 Evacuation Pause) 206M->64M(258M) 16.752ms
[1066.672s][info][gc,cpu      ] GC(57) User=0.03s Sys=0.00s Real=0.02s
[1087.410s][info][gc,start    ] GC(58) Pause Young (Normal) (G1 Evacuation Pause)
[1087.410s][info][gc,task     ] GC(58) Using 2 workers of 2 for evacuation
[1087.425s][info][gc,phases   ] GC(58)   Pre Evacuate Collection Set: 0.16ms
[1087.425s][info][gc,phases   ] GC(58)   Merge Heap Roots: 0.06ms
[1087.425s][info][gc,phases   ] GC(58)   Evacuate Collection Set: 14.60ms
[1087.425s][info][gc,phases   ] GC(58)   Post Evacuate Collection Set: 0.31ms
[1087.425s][info][gc,phases   ] GC(58)   Other: 0.08ms
[1087.425s][info][gc,heap     ] GC(58) Eden regions: 142->0(142)
[1087.425s][info][gc,heap     ] GC(58) Survivor regions: 11->11(20)
[1087.425s][info][gc,heap     ] GC(58) Old regions: 55->55
[1087.425s][info][gc,heap     ] GC(58) Humongous regions: 0->0
[1087.425s][info][gc,metaspace] GC(58) Metaspace: 5619K(5760K)->5619K(5760K) NonClass: 4792K(4864K)->4792K(4864K) Class: 827K(896K)->827K(896K)
[1087.425s][info][gc          ] GC(58) Pause Young (Normal) (G1 Evacuation Pause) 206M->64M(258M) 15.410ms
[1087.425s][info][gc,cpu      ] GC(58) User=0.03s Sys=0.00s Real=0.02s
[1108.989s][info][gc,start    ] GC(59) Pause Young (Normal) (G1 Evacuation Pause)
[1108.989s][info][gc,task     ] GC(59) Using 2 workers of 2 for evacuation
[1109.004s][info][gc,phases   ] GC(59)   Pre Evacuate Collection Set: 0.16ms
[1109.004s][info][gc,phases   ] GC(59)   Merge Heap Roots: 0.06ms
[1109.004s][info][gc,phases   ] GC(59)   Evacuate Collection Set: 14.64ms
[1109.004s][info][gc,phases   ] GC(59)   Post Evacuate Collection Set: 0.39ms
[1109.004s][info][gc,phases   ] GC(59)   Other: 0.07ms
[1109.004s][info][gc,heap     ] GC(59) Eden regions: 142->0(143)
[1109.004s][info][gc,heap     ] GC(59) Survivor regions: 11->10(20)
[1109.004s][info][gc,heap     ] GC(59) Old regions: 55->55
[1109.004s][info][gc,heap     ] GC(59) Humongous regions: 0->0
[1109.004s][info][gc,metaspace] GC(59) Metaspace: 5619K(5760K)->5619K(5760K) NonClass: 4792K(4864K)->4792K(4864K) Class: 827K(896K)->827K(896K)
[1109.004s][info][gc          ] GC(59) Pause Young (Normal) (G1 Evacuation Pause) 206M->63M(258M) 15.523ms
[1109.004s][info][gc,cpu      ] GC(59) User=0.03s Sys=0.00s Real=0.02s
[1130.859s][info][gc,start    ] GC(60) Pause Young (Normal) (G1 Evacuation Pause)
[1130.859s][info][gc,task     ] GC(60) Using 2 workers of 2 for evacuation
[1130.874s][info][gc,phases   ] GC(60)   Pre Evacuate Collection Set: 0.17ms
[1130.874s][info][gc,phases   ] GC(60)   Merge Heap Roots: 0.05ms
[1130.874s][info][gc,phases   ] GC(60)   Evacuate Collection Set: 14.46ms
[1130.874s][info][gc,phases   ] GC(60)   Post Evacuate Collection Set: 0.32ms
[1130.874s][info][gc,phases   ] GC(60)   Other: 0.07ms
[1130.874s][info][gc,heap     ] GC(60) Eden regions: 143->0(142)
[1130.874s][info][gc,heap     ] GC(60) Survivor regions: 10->11(20)
[1130.874s][info][gc,heap     ] GC(60) Old regions: 55->55
[1130.874s][info][gc,heap     ] GC(60) Humongous regions: 0->0
[1130.874s][info][gc,metaspace] GC(60) Metaspace: 5619K(5760K)->5619K(5760K) NonClass: 4792K(4864K)->4792K(4864K) Class: 827K(896K)->827K(896K)
[1130.874s][info][gc          ] GC(60) Pause Young (Normal) (G1 Evacuation Pause) 206M->64M(258M) 15.267ms
[1130.874s][info][gc,cpu      ] GC(60) User=0.03s Sys=0.00s Real=0.02s
[1149.983s][info][gc,start    ] GC(61) Pause Young (Normal) (G1 Evacuation Pause)
[1149.983s][info][gc,task     ] GC(61) Using 2 workers of 2 for evacuation
[1150.000s][info][gc,phases   ] GC(61)   Pre Evacuate Collection Set: 0.20ms
[1150.000s][info][gc,phases   ] GC(61)   Merge Heap Roots: 0.05ms
[1150.000s][info][gc,phases   ] GC(61)   Evacuate Collection Set: 16.21ms
[1150.000s][info][gc,phases   ] GC(61)   Post Evacuate Collection Set: 0.31ms
[1150.000s][info][gc,phases   ] GC(61)   Other: 0.09ms
[1150.000s][info][gc,heap     ] GC(61) Eden regions: 142->0(142)
[1150.000s][info][gc,heap     ] GC(61) Survivor regions: 11->11(20)
[1150.000s][info][gc,heap     ] GC(61) Old regions: 55->55
[1150.000s][info][gc,heap     ] GC(61) Humongous regions: 0->0
[1150.000s][info][gc,metaspace] GC(61) Metaspace: 5619K(5760K)->5619K(5760K) NonClass: 4792K(4864K)->4792K(4864K) Class: 827K(896K)->827K(896K)
[1150.000s][info][gc          ] GC(61) Pause Young (Normal) (G1 Evacuation Pause) 206M->64M(258M) 17.034ms
[1150.000s][info][gc,cpu      ] GC(61) User=0.03s Sys=0.00s Real=0.01s
[1161.440s][info][gc,heap,exit] Heap
[1161.440s][info][gc,heap,exit]  garbage-first heap   total reserved 1001472K, committed 264192K, used 144895K [0x00000000c2e00000, 0x0000000100000000)
[1161.440s][info][gc,heap,exit]   region size 1024K, 89 young (91136K), 11 survivors (11264K)
[1161.440s][info][gc,heap,exit]  Metaspace       used 5703K, committed 5824K, reserved 1114112K
[1161.440s][info][gc,heap,exit]   class space    used 840K, committed 896K, reserved 1048576K
