[0.003s][info][metaspace]  - commit_granule_bytes: 65536.
[0.003s][info][metaspace]  - commit_granule_words: 8192.
[0.003s][info][metaspace]  - virtual_space_node_default_size: 8388608.
[0.003s][info][metaspace]  - enlarge_chunks_in_place: 1.
[0.006s][info][gc,init  ] CardTable entry size: 512
[0.009s][info][gc       ] Using G1
[0.014s][info][gc,init  ] Version: 24-internal-adhoc.root.jdk (release)
[0.014s][info][gc,init  ] CPUs: 2 total, 2 available
[0.014s][info][gc,init  ] Memory: 3908M
[0.014s][info][gc,init  ] Large Page Support: Disabled
[0.014s][info][gc,init  ] NUMA Support: Disabled
[0.014s][info][gc,init  ] Compressed Oops: Enabled (32-bit)
[0.014s][info][gc,init  ] Heap Region Size: 1M
[0.014s][info][gc,init  ] Heap Min Capacity: 256M
[0.014s][info][gc,init  ] Heap Initial Capacity: 256M
[0.014s][info][gc,init  ] Heap Max Capacity: 978M
[0.014s][info][gc,init  ] Pre-touch: Disabled
[0.014s][info][gc,init  ] Parallel Workers: 2
[0.014s][info][gc,init  ] Concurrent Workers: 1
[0.014s][info][gc,init  ] Concurrent Refinement Workers: 2
[0.014s][info][gc,init  ] Periodic GC: Disabled
[0.167s][info][gc,metaspace] CDS archive(s) mapped at: [0x00007f2df2000000-0x00007f2df2e7b000-0x00007f2df2e7b000), size 15183872, SharedBaseAddress: 0x00007f2df2000000, ArchiveRelocationMode: 1.
[0.167s][info][gc,metaspace] Compressed class space mapped at: 0x00007f2df3000000-0x00007f2e33000000, reserved size: 1073741824
[0.167s][info][gc,metaspace] UseCompressedClassPointers 1, UseCompactObjectHeaders 1
[0.167s][info][gc,metaspace] Narrow klass pointer bits 22, Max shift 10
[0.167s][info][gc,metaspace] Narrow klass base: 0x00007f2df2000000, Narrow klass shift: 10
[0.167s][info][gc,metaspace] Encoding Range: [0x00007f2df2000000 - 0x00007f2ef2000000), (4294967296 bytes)
[0.168s][info][gc,metaspace] Klass Range:    [0x00007f2df2000000 - 0x00007f2e33000000), (1090519040 bytes)
[0.168s][info][gc,metaspace] Klass ID Range:  [1 - 1064960) (1064959)
[0.661s][info][gc,start    ] GC(0) Pause Young (Normal) (G1 Evacuation Pause)
[0.662s][info][gc,task     ] GC(0) Using 2 workers of 2 for evacuation
[0.669s][info][gc,phases   ] GC(0)   Pre Evacuate Collection Set: 0.20ms
[0.669s][info][gc,phases   ] GC(0)   Merge Heap Roots: 0.08ms
[0.669s][info][gc,phases   ] GC(0)   Evacuate Collection Set: 5.33ms
[0.669s][info][gc,phases   ] GC(0)   Post Evacuate Collection Set: 1.28ms
[0.669s][info][gc,phases   ] GC(0)   Other: 0.28ms
[0.669s][info][gc,heap     ] GC(0) Eden regions: 12->0(10)
[0.669s][info][gc,heap     ] GC(0) Survivor regions: 0->2(2)
[0.669s][info][gc,heap     ] GC(0) Old regions: 2->2
[0.669s][info][gc,heap     ] GC(0) Humongous regions: 0->0
[0.669s][info][gc,metaspace] GC(0) Metaspace: 2379K(2496K)->2379K(2496K) NonClass: 2053K(2112K)->2053K(2112K) Class: 325K(384K)->325K(384K)
[0.669s][info][gc          ] GC(0) Pause Young (Normal) (G1 Evacuation Pause) 13M->2M(258M) 7.480ms
[0.669s][info][gc,cpu      ] GC(0) User=0.01s Sys=0.00s Real=0.01s
[0.718s][info][gc,start    ] GC(1) Pause Young (Normal) (G1 Evacuation Pause)
[0.718s][info][gc,task     ] GC(1) Using 2 workers of 2 for evacuation
[0.721s][info][gc,phases   ] GC(1)   Pre Evacuate Collection Set: 0.17ms
[0.721s][info][gc,phases   ] GC(1)   Merge Heap Roots: 0.04ms
[0.721s][info][gc,phases   ] GC(1)   Evacuate Collection Set: 3.20ms
[0.721s][info][gc,phases   ] GC(1)   Post Evacuate Collection Set: 0.20ms
[0.721s][info][gc,phases   ] GC(1)   Other: 0.09ms
[0.721s][info][gc,heap     ] GC(1) Eden regions: 10->0(20)
[0.721s][info][gc,heap     ] GC(1) Survivor regions: 2->1(2)
[0.721s][info][gc,heap     ] GC(1) Old regions: 2->4
[0.721s][info][gc,heap     ] GC(1) Humongous regions: 0->0
[0.721s][info][gc,metaspace] GC(1) Metaspace: 2464K(2624K)->2464K(2624K) NonClass: 2137K(2240K)->2137K(2240K) Class: 327K(384K)->327K(384K)
[0.721s][info][gc          ] GC(1) Pause Young (Normal) (G1 Evacuation Pause) 12M->2M(258M) 3.918ms
[0.721s][info][gc,cpu      ] GC(1) User=0.00s Sys=0.00s Real=0.00s
[0.827s][info][gc,start    ] GC(2) Pause Young (Normal) (G1 Evacuation Pause)
[0.827s][info][gc,task     ] GC(2) Using 2 workers of 2 for evacuation
[0.829s][info][gc,phases   ] GC(2)   Pre Evacuate Collection Set: 0.17ms
[0.829s][info][gc,phases   ] GC(2)   Merge Heap Roots: 0.03ms
[0.829s][info][gc,phases   ] GC(2)   Evacuate Collection Set: 1.55ms
[0.829s][info][gc,phases   ] GC(2)   Post Evacuate Collection Set: 0.14ms
[0.829s][info][gc,phases   ] GC(2)   Other: 0.10ms
[0.829s][info][gc,heap     ] GC(2) Eden regions: 20->0(25)
[0.829s][info][gc,heap     ] GC(2) Survivor regions: 1->1(3)
[0.829s][info][gc,heap     ] GC(2) Old regions: 4->4
[0.829s][info][gc,heap     ] GC(2) Humongous regions: 0->0
[0.829s][info][gc,metaspace] GC(2) Metaspace: 2620K(2752K)->2620K(2752K) NonClass: 2293K(2368K)->2293K(2368K) Class: 327K(384K)->327K(384K)
[0.829s][info][gc          ] GC(2) Pause Young (Normal) (G1 Evacuation Pause) 22M->2M(258M) 2.170ms
[0.829s][info][gc,cpu      ] GC(2) User=0.01s Sys=0.00s Real=0.00s
[1.338s][info][gc,start    ] GC(3) Pause Young (Normal) (G1 Evacuation Pause)
[1.338s][info][gc,task     ] GC(3) Using 2 workers of 2 for evacuation
[1.362s][info][gc,phases   ] GC(3)   Pre Evacuate Collection Set: 0.21ms
[1.362s][info][gc,phases   ] GC(3)   Merge Heap Roots: 0.07ms
[1.362s][info][gc,phases   ] GC(3)   Evacuate Collection Set: 23.63ms
[1.362s][info][gc,phases   ] GC(3)   Post Evacuate Collection Set: 0.35ms
[1.363s][info][gc,phases   ] GC(3)   Other: 0.06ms
[1.363s][info][gc,heap     ] GC(3) Eden regions: 25->0(21)
[1.363s][info][gc,heap     ] GC(3) Survivor regions: 1->4(4)
[1.363s][info][gc,heap     ] GC(3) Old regions: 4->11
[1.363s][info][gc,heap     ] GC(3) Humongous regions: 0->0
[1.363s][info][gc,metaspace] GC(3) Metaspace: 4987K(5184K)->4987K(5184K) NonClass: 4181K(4288K)->4181K(4288K) Class: 806K(896K)->806K(896K)
[1.363s][info][gc          ] GC(3) Pause Young (Normal) (G1 Evacuation Pause) 27M->13M(258M) 24.493ms
[1.363s][info][gc,cpu      ] GC(3) User=0.03s Sys=0.01s Real=0.02s
[8.420s][info][gc,start    ] GC(4) Pause Young (Normal) (G1 Evacuation Pause)
[8.420s][info][gc,task     ] GC(4) Using 2 workers of 2 for evacuation
[8.436s][info][gc,phases   ] GC(4)   Pre Evacuate Collection Set: 0.22ms
[8.436s][info][gc,phases   ] GC(4)   Merge Heap Roots: 0.19ms
[8.436s][info][gc,phases   ] GC(4)   Evacuate Collection Set: 15.43ms
[8.436s][info][gc,phases   ] GC(4)   Post Evacuate Collection Set: 0.41ms
[8.436s][info][gc,phases   ] GC(4)   Other: 0.07ms
[8.436s][info][gc,heap     ] GC(4) Eden regions: 21->0(22)
[8.436s][info][gc,heap     ] GC(4) Survivor regions: 4->1(4)
[8.436s][info][gc,heap     ] GC(4) Old regions: 11->15
[8.436s][info][gc,heap     ] GC(4) Humongous regions: 0->0
[8.436s][info][gc,metaspace] GC(4) Metaspace: 5247K(5376K)->5247K(5376K) NonClass: 4440K(4480K)->4440K(4480K) Class: 807K(896K)->807K(896K)
[8.437s][info][gc          ] GC(4) Pause Young (Normal) (G1 Evacuation Pause) 34M->14M(258M) 16.525ms
[8.437s][info][gc,cpu      ] GC(4) User=0.02s Sys=0.00s Real=0.01s
[16.218s][info][gc,start    ] GC(5) Pause Young (Normal) (G1 Evacuation Pause)
[16.218s][info][gc,task     ] GC(5) Using 2 workers of 2 for evacuation
[16.221s][info][gc,phases   ] GC(5)   Pre Evacuate Collection Set: 0.19ms
[16.221s][info][gc,phases   ] GC(5)   Merge Heap Roots: 0.06ms
[16.221s][info][gc,phases   ] GC(5)   Evacuate Collection Set: 2.58ms
[16.221s][info][gc,phases   ] GC(5)   Post Evacuate Collection Set: 0.21ms
[16.221s][info][gc,phases   ] GC(5)   Other: 0.11ms
[16.221s][info][gc,heap     ] GC(5) Eden regions: 46->0(33)
[16.221s][info][gc,heap     ] GC(5) Survivor regions: 1->1(6)
[16.221s][info][gc,heap     ] GC(5) Old regions: 15->15
[16.221s][info][gc,heap     ] GC(5) Humongous regions: 0->0
[16.221s][info][gc,metaspace] GC(5) Metaspace: 5268K(5440K)->5268K(5440K) NonClass: 4461K(4544K)->4461K(4544K) Class: 807K(896K)->807K(896K)
[16.221s][info][gc          ] GC(5) Pause Young (Normal) (G1 Evacuation Pause) 60M->14M(258M) 3.330ms
[16.221s][info][gc,cpu      ] GC(5) User=0.00s Sys=0.01s Real=0.00s
[23.063s][info][gc,start    ] GC(6) Pause Young (Normal) (G1 Evacuation Pause)
[23.063s][info][gc,task     ] GC(6) Using 2 workers of 2 for evacuation
[23.066s][info][gc,phases   ] GC(6)   Pre Evacuate Collection Set: 0.17ms
[23.066s][info][gc,phases   ] GC(6)   Merge Heap Roots: 0.06ms
[23.066s][info][gc,phases   ] GC(6)   Evacuate Collection Set: 2.81ms
[23.066s][info][gc,phases   ] GC(6)   Post Evacuate Collection Set: 0.19ms
[23.066s][info][gc,phases   ] GC(6)   Other: 0.07ms
[23.066s][info][gc,heap     ] GC(6) Eden regions: 47->0(52)
[23.066s][info][gc,heap     ] GC(6) Survivor regions: 1->2(6)
[23.066s][info][gc,heap     ] GC(6) Old regions: 15->15
[23.066s][info][gc,heap     ] GC(6) Humongous regions: 0->0
[23.066s][info][gc,metaspace] GC(6) Metaspace: 5274K(5440K)->5274K(5440K) NonClass: 4466K(4544K)->4466K(4544K) Class: 807K(896K)->807K(896K)
[23.066s][info][gc          ] GC(6) Pause Young (Normal) (G1 Evacuation Pause) 61M->15M(258M) 3.484ms
[23.066s][info][gc,cpu      ] GC(6) User=0.00s Sys=0.00s Real=0.00s
[31.903s][info][gc,start    ] GC(7) Pause Young (Normal) (G1 Evacuation Pause)
[31.903s][info][gc,task     ] GC(7) Using 2 workers of 2 for evacuation
[31.909s][info][gc,phases   ] GC(7)   Pre Evacuate Collection Set: 0.22ms
[31.909s][info][gc,phases   ] GC(7)   Merge Heap Roots: 0.06ms
[31.909s][info][gc,phases   ] GC(7)   Evacuate Collection Set: 5.20ms
[31.909s][info][gc,phases   ] GC(7)   Post Evacuate Collection Set: 0.22ms
[31.909s][info][gc,phases   ] GC(7)   Other: 0.07ms
[31.909s][info][gc,heap     ] GC(7) Eden regions: 66->0(65)
[31.909s][info][gc,heap     ] GC(7) Survivor regions: 2->2(9)
[31.909s][info][gc,heap     ] GC(7) Old regions: 15->15
[31.909s][info][gc,heap     ] GC(7) Humongous regions: 0->0
[31.909s][info][gc,metaspace] GC(7) Metaspace: 5276K(5440K)->5276K(5440K) NonClass: 4469K(4544K)->4469K(4544K) Class: 807K(896K)->807K(896K)
[31.909s][info][gc          ] GC(7) Pause Young (Normal) (G1 Evacuation Pause) 81M->15M(258M) 5.962ms
[31.909s][info][gc,cpu      ] GC(7) User=0.00s Sys=0.00s Real=0.01s
[42.408s][info][gc,start    ] GC(8) Pause Young (Normal) (G1 Evacuation Pause)
[42.408s][info][gc,task     ] GC(8) Using 2 workers of 2 for evacuation
[42.413s][info][gc,phases   ] GC(8)   Pre Evacuate Collection Set: 0.16ms
[42.413s][info][gc,phases   ] GC(8)   Merge Heap Roots: 0.07ms
[42.413s][info][gc,phases   ] GC(8)   Evacuate Collection Set: 4.04ms
[42.413s][info][gc,phases   ] GC(8)   Post Evacuate Collection Set: 0.25ms
[42.413s][info][gc,phases   ] GC(8)   Other: 0.08ms
[42.413s][info][gc,heap     ] GC(8) Eden regions: 78->0(87)
[42.413s][info][gc,heap     ] GC(8) Survivor regions: 2->2(10)
[42.413s][info][gc,heap     ] GC(8) Old regions: 15->15
[42.413s][info][gc,heap     ] GC(8) Humongous regions: 0->0
[42.413s][info][gc,metaspace] GC(8) Metaspace: 5277K(5440K)->5277K(5440K) NonClass: 4470K(4544K)->4470K(4544K) Class: 807K(896K)->807K(896K)
[42.413s][info][gc          ] GC(8) Pause Young (Normal) (G1 Evacuation Pause) 93M->15M(258M) 4.803ms
[42.413s][info][gc,cpu      ] GC(8) User=0.00s Sys=0.01s Real=0.00s
[56.505s][info][gc,start    ] GC(9) Pause Young (Normal) (G1 Evacuation Pause)
[56.505s][info][gc,task     ] GC(9) Using 2 workers of 2 for evacuation
[56.510s][info][gc,phases   ] GC(9)   Pre Evacuate Collection Set: 0.17ms
[56.510s][info][gc,phases   ] GC(9)   Merge Heap Roots: 0.07ms
[56.510s][info][gc,phases   ] GC(9)   Evacuate Collection Set: 4.18ms
[56.510s][info][gc,phases   ] GC(9)   Post Evacuate Collection Set: 0.24ms
[56.510s][info][gc,phases   ] GC(9)   Other: 0.07ms
[56.510s][info][gc,heap     ] GC(9) Eden regions: 98->0(107)
[56.510s][info][gc,heap     ] GC(9) Survivor regions: 2->3(13)
[56.510s][info][gc,heap     ] GC(9) Old regions: 15->15
[56.510s][info][gc,heap     ] GC(9) Humongous regions: 0->0
[56.510s][info][gc,metaspace] GC(9) Metaspace: 5277K(5440K)->5277K(5440K) NonClass: 4470K(4544K)->4470K(4544K) Class: 807K(896K)->807K(896K)
[56.510s][info][gc          ] GC(9) Pause Young (Normal) (G1 Evacuation Pause) 113M->16M(258M) 4.893ms
[56.510s][info][gc,cpu      ] GC(9) User=0.01s Sys=0.00s Real=0.01s
[72.786s][info][gc,start    ] GC(10) Pause Young (Normal) (G1 Evacuation Pause)
[72.786s][info][gc,task     ] GC(10) Using 2 workers of 2 for evacuation
[72.794s][info][gc,phases   ] GC(10)   Pre Evacuate Collection Set: 0.20ms
[72.794s][info][gc,phases   ] GC(10)   Merge Heap Roots: 0.06ms
[72.794s][info][gc,phases   ] GC(10)   Evacuate Collection Set: 6.42ms
[72.794s][info][gc,phases   ] GC(10)   Post Evacuate Collection Set: 0.29ms
[72.794s][info][gc,phases   ] GC(10)   Other: 0.10ms
[72.794s][info][gc,heap     ] GC(10) Eden regions: 118->0(131)
[72.794s][info][gc,heap     ] GC(10) Survivor regions: 3->3(16)
[72.794s][info][gc,heap     ] GC(10) Old regions: 15->15
[72.794s][info][gc,heap     ] GC(10) Humongous regions: 0->0
[72.794s][info][gc,metaspace] GC(10) Metaspace: 5277K(5440K)->5277K(5440K) NonClass: 4470K(4544K)->4470K(4544K) Class: 807K(896K)->807K(896K)
[72.794s][info][gc          ] GC(10) Pause Young (Normal) (G1 Evacuation Pause) 134M->16M(258M) 7.328ms
[72.794s][info][gc,cpu      ] GC(10) User=0.01s Sys=0.00s Real=0.01s
[92.317s][info][gc,start    ] GC(11) Pause Young (Normal) (G1 Evacuation Pause)
[92.317s][info][gc,task     ] GC(11) Using 2 workers of 2 for evacuation
[92.324s][info][gc,phases   ] GC(11)   Pre Evacuate Collection Set: 0.17ms
[92.324s][info][gc,phases   ] GC(11)   Merge Heap Roots: 0.06ms
[92.324s][info][gc,phases   ] GC(11)   Evacuate Collection Set: 7.00ms
[92.324s][info][gc,phases   ] GC(11)   Post Evacuate Collection Set: 0.30ms
[92.324s][info][gc,phases   ] GC(11)   Other: 0.09ms
[92.324s][info][gc,heap     ] GC(11) Eden regions: 141->0(150)
[92.324s][info][gc,heap     ] GC(11) Survivor regions: 3->3(18)
[92.324s][info][gc,heap     ] GC(11) Old regions: 15->15
[92.324s][info][gc,heap     ] GC(11) Humongous regions: 0->0
[92.325s][info][gc,metaspace] GC(11) Metaspace: 5278K(5440K)->5278K(5440K) NonClass: 4471K(4544K)->4471K(4544K) Class: 807K(896K)->807K(896K)
[92.325s][info][gc          ] GC(11) Pause Young (Normal) (G1 Evacuation Pause) 157M->16M(258M) 7.796ms
[92.325s][info][gc,cpu      ] GC(11) User=0.02s Sys=0.00s Real=0.00s
[112.147s][info][gc,start    ] GC(12) Pause Young (Normal) (G1 Evacuation Pause)
[112.148s][info][gc,task     ] GC(12) Using 2 workers of 2 for evacuation
[112.157s][info][gc,phases   ] GC(12)   Pre Evacuate Collection Set: 0.16ms
[112.157s][info][gc,phases   ] GC(12)   Merge Heap Roots: 0.06ms
[112.157s][info][gc,phases   ] GC(12)   Evacuate Collection Set: 8.71ms
[112.157s][info][gc,phases   ] GC(12)   Post Evacuate Collection Set: 0.30ms
[112.157s][info][gc,phases   ] GC(12)   Other: 0.07ms
[112.157s][info][gc,heap     ] GC(12) Eden regions: 150->0(149)
[112.157s][info][gc,heap     ] GC(12) Survivor regions: 3->4(20)
[112.157s][info][gc,heap     ] GC(12) Old regions: 15->15
[112.157s][info][gc,heap     ] GC(12) Humongous regions: 0->0
[112.157s][info][gc,metaspace] GC(12) Metaspace: 5278K(5440K)->5278K(5440K) NonClass: 4471K(4544K)->4471K(4544K) Class: 807K(896K)->807K(896K)
[112.157s][info][gc          ] GC(12) Pause Young (Normal) (G1 Evacuation Pause) 166M->17M(258M) 9.484ms
[112.157s][info][gc,cpu      ] GC(12) User=0.02s Sys=0.00s Real=0.01s
[135.458s][info][gc,start    ] GC(13) Pause Young (Normal) (G1 Evacuation Pause)
[135.458s][info][gc,task     ] GC(13) Using 2 workers of 2 for evacuation
[135.488s][info][gc,phases   ] GC(13)   Pre Evacuate Collection Set: 0.25ms
[135.488s][info][gc,phases   ] GC(13)   Merge Heap Roots: 0.08ms
[135.488s][info][gc,phases   ] GC(13)   Evacuate Collection Set: 28.92ms
[135.488s][info][gc,phases   ] GC(13)   Post Evacuate Collection Set: 0.36ms
[135.488s][info][gc,phases   ] GC(13)   Other: 0.09ms
[135.488s][info][gc,heap     ] GC(13) Eden regions: 149->0(139)
[135.488s][info][gc,heap     ] GC(13) Survivor regions: 4->14(20)
[135.488s][info][gc,heap     ] GC(13) Old regions: 15->15
[135.488s][info][gc,heap     ] GC(13) Humongous regions: 0->0
[135.488s][info][gc,metaspace] GC(13) Metaspace: 5473K(5632K)->5473K(5632K) NonClass: 4648K(4736K)->4648K(4736K) Class: 825K(896K)->825K(896K)
[135.488s][info][gc          ] GC(13) Pause Young (Normal) (G1 Evacuation Pause) 166M->27M(258M) 29.901ms
[135.488s][info][gc,cpu      ] GC(13) User=0.05s Sys=0.01s Real=0.03s
[153.278s][info][gc,start    ] GC(14) Pause Young (Normal) (G1 Evacuation Pause)
[153.278s][info][gc,task     ] GC(14) Using 2 workers of 2 for evacuation
[153.304s][info][gc,phases   ] GC(14)   Pre Evacuate Collection Set: 0.18ms
[153.304s][info][gc,phases   ] GC(14)   Merge Heap Roots: 0.06ms
[153.304s][info][gc,phases   ] GC(14)   Evacuate Collection Set: 25.07ms
[153.304s][info][gc,phases   ] GC(14)   Post Evacuate Collection Set: 0.31ms
[153.304s][info][gc,phases   ] GC(14)   Other: 0.09ms
[153.304s][info][gc,heap     ] GC(14) Eden regions: 139->0(152)
[153.304s][info][gc,heap     ] GC(14) Survivor regions: 14->1(20)
[153.304s][info][gc,heap     ] GC(14) Old regions: 15->29
[153.304s][info][gc,heap     ] GC(14) Humongous regions: 0->0
[153.304s][info][gc,metaspace] GC(14) Metaspace: 5474K(5632K)->5474K(5632K) NonClass: 4648K(4736K)->4648K(4736K) Class: 825K(896K)->825K(896K)
[153.304s][info][gc          ] GC(14) Pause Young (Normal) (G1 Evacuation Pause) 166M->29M(258M) 25.887ms
[153.304s][info][gc,cpu      ] GC(14) User=0.04s Sys=0.01s Real=0.02s
[173.175s][info][gc,start    ] GC(15) Pause Young (Normal) (G1 Evacuation Pause)
[173.175s][info][gc,task     ] GC(15) Using 2 workers of 2 for evacuation
[173.178s][info][gc,phases   ] GC(15)   Pre Evacuate Collection Set: 0.19ms
[173.178s][info][gc,phases   ] GC(15)   Merge Heap Roots: 0.06ms
[173.178s][info][gc,phases   ] GC(15)   Evacuate Collection Set: 2.30ms
[173.178s][info][gc,phases   ] GC(15)   Post Evacuate Collection Set: 0.29ms
[173.178s][info][gc,phases   ] GC(15)   Other: 0.07ms
[173.178s][info][gc,heap     ] GC(15) Eden regions: 152->0(152)
[173.178s][info][gc,heap     ] GC(15) Survivor regions: 1->1(20)
[173.178s][info][gc,heap     ] GC(15) Old regions: 29->29
[173.178s][info][gc,heap     ] GC(15) Humongous regions: 0->0
[173.178s][info][gc,metaspace] GC(15) Metaspace: 5474K(5632K)->5474K(5632K) NonClass: 4648K(4736K)->4648K(4736K) Class: 825K(896K)->825K(896K)
[173.178s][info][gc          ] GC(15) Pause Young (Normal) (G1 Evacuation Pause) 181M->28M(258M) 3.101ms
[173.178s][info][gc,cpu      ] GC(15) User=0.01s Sys=0.00s Real=0.01s
[193.337s][info][gc,start    ] GC(16) Pause Young (Normal) (G1 Evacuation Pause)
[193.337s][info][gc,task     ] GC(16) Using 2 workers of 2 for evacuation
[193.340s][info][gc,phases   ] GC(16)   Pre Evacuate Collection Set: 0.16ms
[193.340s][info][gc,phases   ] GC(16)   Merge Heap Roots: 0.06ms
[193.340s][info][gc,phases   ] GC(16)   Evacuate Collection Set: 2.35ms
[193.340s][info][gc,phases   ] GC(16)   Post Evacuate Collection Set: 0.27ms
[193.340s][info][gc,phases   ] GC(16)   Other: 0.07ms
[193.340s][info][gc,heap     ] GC(16) Eden regions: 152->0(151)
[193.340s][info][gc,heap     ] GC(16) Survivor regions: 1->2(20)
[193.340s][info][gc,heap     ] GC(16) Old regions: 29->29
[193.340s][info][gc,heap     ] GC(16) Humongous regions: 0->0
[193.340s][info][gc,metaspace] GC(16) Metaspace: 5474K(5632K)->5474K(5632K) NonClass: 4648K(4736K)->4648K(4736K) Class: 825K(896K)->825K(896K)
[193.340s][info][gc          ] GC(16) Pause Young (Normal) (G1 Evacuation Pause) 180M->29M(258M) 3.074ms
[193.340s][info][gc,cpu      ] GC(16) User=0.00s Sys=0.00s Real=0.00s
[213.115s][info][gc,start    ] GC(17) Pause Young (Normal) (G1 Evacuation Pause)
[213.115s][info][gc,task     ] GC(17) Using 2 workers of 2 for evacuation
[213.119s][info][gc,phases   ] GC(17)   Pre Evacuate Collection Set: 0.16ms
[213.119s][info][gc,phases   ] GC(17)   Merge Heap Roots: 0.06ms
[213.119s][info][gc,phases   ] GC(17)   Evacuate Collection Set: 2.87ms
[213.119s][info][gc,phases   ] GC(17)   Post Evacuate Collection Set: 0.27ms
[213.119s][info][gc,phases   ] GC(17)   Other: 0.08ms
[213.119s][info][gc,heap     ] GC(17) Eden regions: 151->0(151)
[213.119s][info][gc,heap     ] GC(17) Survivor regions: 2->2(20)
[213.119s][info][gc,heap     ] GC(17) Old regions: 29->29
[213.119s][info][gc,heap     ] GC(17) Humongous regions: 0->0
[213.119s][info][gc,metaspace] GC(17) Metaspace: 5474K(5632K)->5474K(5632K) NonClass: 4648K(4736K)->4648K(4736K) Class: 825K(896K)->825K(896K)
[213.119s][info][gc          ] GC(17) Pause Young (Normal) (G1 Evacuation Pause) 180M->29M(258M) 3.639ms
[213.119s][info][gc,cpu      ] GC(17) User=0.01s Sys=0.00s Real=0.01s
[235.798s][info][gc,start    ] GC(18) Pause Young (Normal) (G1 Evacuation Pause)
[235.798s][info][gc,task     ] GC(18) Using 2 workers of 2 for evacuation
[235.817s][info][gc,phases   ] GC(18)   Pre Evacuate Collection Set: 0.17ms
[235.817s][info][gc,phases   ] GC(18)   Merge Heap Roots: 0.09ms
[235.817s][info][gc,phases   ] GC(18)   Evacuate Collection Set: 18.56ms
[235.817s][info][gc,phases   ] GC(18)   Post Evacuate Collection Set: 0.34ms
[235.817s][info][gc,phases   ] GC(18)   Other: 0.08ms
[235.817s][info][gc,heap     ] GC(18) Eden regions: 151->0(141)
[235.817s][info][gc,heap     ] GC(18) Survivor regions: 2->12(20)
[235.817s][info][gc,heap     ] GC(18) Old regions: 29->29
[235.817s][info][gc,heap     ] GC(18) Humongous regions: 0->0
[235.817s][info][gc,metaspace] GC(18) Metaspace: 5497K(5632K)->5497K(5632K) NonClass: 4672K(4736K)->4672K(4736K) Class: 825K(896K)->825K(896K)
[235.817s][info][gc          ] GC(18) Pause Young (Normal) (G1 Evacuation Pause) 180M->40M(258M) 19.462ms
[235.817s][info][gc,cpu      ] GC(18) User=0.03s Sys=0.00s Real=0.02s
[255.067s][info][gc,start    ] GC(19) Pause Young (Normal) (G1 Evacuation Pause)
[255.067s][info][gc,task     ] GC(19) Using 2 workers of 2 for evacuation
[255.090s][info][gc,phases   ] GC(19)   Pre Evacuate Collection Set: 0.17ms
[255.090s][info][gc,phases   ] GC(19)   Merge Heap Roots: 0.05ms
[255.090s][info][gc,phases   ] GC(19)   Evacuate Collection Set: 22.59ms
[255.090s][info][gc,phases   ] GC(19)   Post Evacuate Collection Set: 0.38ms
[255.090s][info][gc,phases   ] GC(19)   Other: 0.07ms
[255.090s][info][gc,heap     ] GC(19) Eden regions: 141->0(152)
[255.090s][info][gc,heap     ] GC(19) Survivor regions: 12->1(20)
[255.090s][info][gc,heap     ] GC(19) Old regions: 29->41
[255.090s][info][gc,heap     ] GC(19) Humongous regions: 0->0
[255.090s][info][gc,metaspace] GC(19) Metaspace: 5497K(5632K)->5497K(5632K) NonClass: 4672K(4736K)->4672K(4736K) Class: 825K(896K)->825K(896K)
[255.090s][info][gc          ] GC(19) Pause Young (Normal) (G1 Evacuation Pause) 181M->41M(258M) 23.459ms
[255.090s][info][gc,cpu      ] GC(19) User=0.03s Sys=0.01s Real=0.03s
[275.074s][info][gc,start    ] GC(20) Pause Young (Normal) (G1 Evacuation Pause)
[275.074s][info][gc,task     ] GC(20) Using 2 workers of 2 for evacuation
[275.078s][info][gc,phases   ] GC(20)   Pre Evacuate Collection Set: 0.19ms
[275.078s][info][gc,phases   ] GC(20)   Merge Heap Roots: 0.06ms
[275.078s][info][gc,phases   ] GC(20)   Evacuate Collection Set: 3.70ms
[275.078s][info][gc,phases   ] GC(20)   Post Evacuate Collection Set: 0.32ms
[275.078s][info][gc,phases   ] GC(20)   Other: 0.08ms
[275.078s][info][gc,heap     ] GC(20) Eden regions: 152->0(152)
[275.078s][info][gc,heap     ] GC(20) Survivor regions: 1->1(20)
[275.078s][info][gc,heap     ] GC(20) Old regions: 41->41
[275.078s][info][gc,heap     ] GC(20) Humongous regions: 0->0
[275.078s][info][gc,metaspace] GC(20) Metaspace: 5497K(5632K)->5497K(5632K) NonClass: 4672K(4736K)->4672K(4736K) Class: 825K(896K)->825K(896K)
[275.078s][info][gc          ] GC(20) Pause Young (Normal) (G1 Evacuation Pause) 193M->40M(258M) 4.533ms
[275.078s][info][gc,cpu      ] GC(20) User=0.00s Sys=0.00s Real=0.01s
[294.780s][info][gc,start    ] GC(21) Pause Young (Normal) (G1 Evacuation Pause)
[294.780s][info][gc,task     ] GC(21) Using 2 workers of 2 for evacuation
[294.786s][info][gc,phases   ] GC(21)   Pre Evacuate Collection Set: 0.20ms
[294.786s][info][gc,phases   ] GC(21)   Merge Heap Roots: 0.08ms
[294.786s][info][gc,phases   ] GC(21)   Evacuate Collection Set: 5.20ms
[294.786s][info][gc,phases   ] GC(21)   Post Evacuate Collection Set: 0.39ms
[294.786s][info][gc,phases   ] GC(21)   Other: 0.08ms
[294.786s][info][gc,heap     ] GC(21) Eden regions: 152->0(151)
[294.786s][info][gc,heap     ] GC(21) Survivor regions: 1->2(20)
[294.786s][info][gc,heap     ] GC(21) Old regions: 41->41
[294.786s][info][gc,heap     ] GC(21) Humongous regions: 0->0
[294.786s][info][gc,metaspace] GC(21) Metaspace: 5497K(5632K)->5497K(5632K) NonClass: 4672K(4736K)->4672K(4736K) Class: 825K(896K)->825K(896K)
[294.786s][info][gc          ] GC(21) Pause Young (Normal) (G1 Evacuation Pause) 192M->41M(258M) 6.149ms
[294.786s][info][gc,cpu      ] GC(21) User=0.00s Sys=0.00s Real=0.00s
[315.253s][info][gc,start    ] GC(22) Pause Young (Normal) (G1 Evacuation Pause)
[315.253s][info][gc,task     ] GC(22) Using 2 workers of 2 for evacuation
[315.257s][info][gc,phases   ] GC(22)   Pre Evacuate Collection Set: 0.16ms
[315.257s][info][gc,phases   ] GC(22)   Merge Heap Roots: 0.06ms
[315.257s][info][gc,phases   ] GC(22)   Evacuate Collection Set: 3.37ms
[315.257s][info][gc,phases   ] GC(22)   Post Evacuate Collection Set: 0.31ms
[315.257s][info][gc,phases   ] GC(22)   Other: 0.07ms
[315.257s][info][gc,heap     ] GC(22) Eden regions: 151->0(151)
[315.257s][info][gc,heap     ] GC(22) Survivor regions: 2->2(20)
[315.257s][info][gc,heap     ] GC(22) Old regions: 41->41
[315.257s][info][gc,heap     ] GC(22) Humongous regions: 0->0
[315.257s][info][gc,metaspace] GC(22) Metaspace: 5497K(5632K)->5497K(5632K) NonClass: 4672K(4736K)->4672K(4736K) Class: 825K(896K)->825K(896K)
[315.257s][info][gc          ] GC(22) Pause Young (Normal) (G1 Evacuation Pause) 192M->41M(258M) 4.152ms
[315.257s][info][gc,cpu      ] GC(22) User=0.00s Sys=0.00s Real=0.01s
[337.731s][info][gc,start    ] GC(23) Pause Young (Normal) (G1 Evacuation Pause)
[337.731s][info][gc,task     ] GC(23) Using 2 workers of 2 for evacuation
[337.749s][info][gc,phases   ] GC(23)   Pre Evacuate Collection Set: 0.17ms
[337.750s][info][gc,phases   ] GC(23)   Merge Heap Roots: 0.08ms
[337.750s][info][gc,phases   ] GC(23)   Evacuate Collection Set: 17.62ms
[337.750s][info][gc,phases   ] GC(23)   Post Evacuate Collection Set: 0.33ms
[337.750s][info][gc,phases   ] GC(23)   Other: 0.07ms
[337.750s][info][gc,heap     ] GC(23) Eden regions: 151->0(141)
[337.750s][info][gc,heap     ] GC(23) Survivor regions: 2->12(20)
[337.750s][info][gc,heap     ] GC(23) Old regions: 41->41
[337.750s][info][gc,heap     ] GC(23) Humongous regions: 0->0
[337.750s][info][gc,metaspace] GC(23) Metaspace: 5535K(5696K)->5535K(5696K) NonClass: 4709K(4800K)->4709K(4800K) Class: 825K(896K)->825K(896K)
[337.750s][info][gc          ] GC(23) Pause Young (Normal) (G1 Evacuation Pause) 192M->52M(258M) 18.486ms
[337.750s][info][gc,cpu      ] GC(23) User=0.03s Sys=0.00s Real=0.02s
[358.036s][info][gc,start    ] GC(24) Pause Young (Normal) (G1 Evacuation Pause)
[358.037s][info][gc,task     ] GC(24) Using 2 workers of 2 for evacuation
[358.060s][info][gc,phases   ] GC(24)   Pre Evacuate Collection Set: 0.17ms
[358.060s][info][gc,phases   ] GC(24)   Merge Heap Roots: 0.06ms
[358.060s][info][gc,phases   ] GC(24)   Evacuate Collection Set: 22.53ms
[358.060s][info][gc,phases   ] GC(24)   Post Evacuate Collection Set: 0.30ms
[358.060s][info][gc,phases   ] GC(24)   Other: 0.07ms
[358.060s][info][gc,heap     ] GC(24) Eden regions: 141->0(152)
[358.060s][info][gc,heap     ] GC(24) Survivor regions: 12->1(20)
[358.060s][info][gc,heap     ] GC(24) Old regions: 41->53
[358.060s][info][gc,heap     ] GC(24) Humongous regions: 0->0
[358.060s][info][gc,metaspace] GC(24) Metaspace: 5536K(5696K)->5536K(5696K) NonClass: 4711K(4800K)->4711K(4800K) Class: 825K(896K)->825K(896K)
[358.060s][info][gc          ] GC(24) Pause Young (Normal) (G1 Evacuation Pause) 193M->52M(258M) 23.321ms
[358.060s][info][gc,cpu      ] GC(24) User=0.04s Sys=0.01s Real=0.03s
[378.301s][info][gc,start    ] GC(25) Pause Young (Normal) (G1 Evacuation Pause)
[378.301s][info][gc,task     ] GC(25) Using 2 workers of 2 for evacuation
[378.304s][info][gc,phases   ] GC(25)   Pre Evacuate Collection Set: 0.19ms
[378.304s][info][gc,phases   ] GC(25)   Merge Heap Roots: 0.08ms
[378.304s][info][gc,phases   ] GC(25)   Evacuate Collection Set: 2.02ms
[378.304s][info][gc,phases   ] GC(25)   Post Evacuate Collection Set: 0.26ms
[378.304s][info][gc,phases   ] GC(25)   Other: 0.07ms
[378.304s][info][gc,heap     ] GC(25) Eden regions: 152->0(152)
[378.304s][info][gc,heap     ] GC(25) Survivor regions: 1->1(20)
[378.304s][info][gc,heap     ] GC(25) Old regions: 53->53
[378.304s][info][gc,heap     ] GC(25) Humongous regions: 0->0
[378.304s][info][gc,metaspace] GC(25) Metaspace: 5536K(5696K)->5536K(5696K) NonClass: 4711K(4800K)->4711K(4800K) Class: 825K(896K)->825K(896K)
[378.304s][info][gc          ] GC(25) Pause Young (Normal) (G1 Evacuation Pause) 204M->52M(258M) 2.812ms
[378.304s][info][gc,cpu      ] GC(25) User=0.00s Sys=0.00s Real=0.00s
[398.834s][info][gc,start    ] GC(26) Pause Young (Normal) (G1 Evacuation Pause)
[398.834s][info][gc,task     ] GC(26) Using 2 workers of 2 for evacuation
[398.838s][info][gc,phases   ] GC(26)   Pre Evacuate Collection Set: 0.17ms
[398.838s][info][gc,phases   ] GC(26)   Merge Heap Roots: 0.08ms
[398.838s][info][gc,phases   ] GC(26)   Evacuate Collection Set: 2.57ms
[398.838s][info][gc,phases   ] GC(26)   Post Evacuate Collection Set: 0.28ms
[398.838s][info][gc,phases   ] GC(26)   Other: 0.09ms
[398.838s][info][gc,heap     ] GC(26) Eden regions: 152->0(151)
[398.838s][info][gc,heap     ] GC(26) Survivor regions: 1->2(20)
[398.838s][info][gc,heap     ] GC(26) Old regions: 53->53
[398.838s][info][gc,heap     ] GC(26) Humongous regions: 0->0
[398.838s][info][gc,metaspace] GC(26) Metaspace: 5536K(5696K)->5536K(5696K) NonClass: 4711K(4800K)->4711K(4800K) Class: 825K(896K)->825K(896K)
[398.838s][info][gc          ] GC(26) Pause Young (Normal) (G1 Evacuation Pause) 204M->53M(258M) 3.377ms
[398.838s][info][gc,cpu      ] GC(26) User=0.00s Sys=0.00s Real=0.01s
[418.688s][info][gc,start    ] GC(27) Pause Young (Normal) (G1 Evacuation Pause)
[418.688s][info][gc,task     ] GC(27) Using 2 workers of 2 for evacuation
[418.691s][info][gc,phases   ] GC(27)   Pre Evacuate Collection Set: 0.16ms
[418.691s][info][gc,phases   ] GC(27)   Merge Heap Roots: 0.06ms
[418.691s][info][gc,phases   ] GC(27)   Evacuate Collection Set: 2.94ms
[418.691s][info][gc,phases   ] GC(27)   Post Evacuate Collection Set: 0.29ms
[418.691s][info][gc,phases   ] GC(27)   Other: 0.07ms
[418.691s][info][gc,heap     ] GC(27) Eden regions: 151->0(151)
[418.691s][info][gc,heap     ] GC(27) Survivor regions: 2->2(20)
[418.691s][info][gc,heap     ] GC(27) Old regions: 53->53
[418.691s][info][gc,heap     ] GC(27) Humongous regions: 0->0
[418.691s][info][gc,metaspace] GC(27) Metaspace: 5536K(5696K)->5536K(5696K) NonClass: 4711K(4800K)->4711K(4800K) Class: 825K(896K)->825K(896K)
[418.691s][info][gc          ] GC(27) Pause Young (Normal) (G1 Evacuation Pause) 204M->53M(258M) 3.690ms
[418.691s][info][gc,cpu      ] GC(27) User=0.01s Sys=0.00s Real=0.00s
[437.662s][info][gc,start    ] GC(28) Pause Young (Normal) (G1 Evacuation Pause)
[437.662s][info][gc,task     ] GC(28) Using 2 workers of 2 for evacuation
[437.674s][info][gc,phases   ] GC(28)   Pre Evacuate Collection Set: 0.16ms
[437.674s][info][gc,phases   ] GC(28)   Merge Heap Roots: 0.08ms
[437.674s][info][gc,phases   ] GC(28)   Evacuate Collection Set: 10.57ms
[437.674s][info][gc,phases   ] GC(28)   Post Evacuate Collection Set: 0.39ms
[437.674s][info][gc,phases   ] GC(28)   Other: 0.07ms
[437.674s][info][gc,heap     ] GC(28) Eden regions: 151->0(145)
[437.674s][info][gc,heap     ] GC(28) Survivor regions: 2->8(20)
[437.674s][info][gc,heap     ] GC(28) Old regions: 53->53
[437.674s][info][gc,heap     ] GC(28) Humongous regions: 0->0
[437.674s][info][gc,metaspace] GC(28) Metaspace: 5546K(5696K)->5546K(5696K) NonClass: 4721K(4800K)->4721K(4800K) Class: 825K(896K)->825K(896K)
[437.674s][info][gc          ] GC(28) Pause Young (Normal) (G1 Evacuation Pause) 204M->59M(258M) 11.455ms
[437.674s][info][gc,cpu      ] GC(28) User=0.02s Sys=0.00s Real=0.01s
[462.010s][info][gc,start    ] GC(29) Pause Young (Normal) (G1 Evacuation Pause)
[462.010s][info][gc,task     ] GC(29) Using 2 workers of 2 for evacuation
[462.027s][info][gc,phases   ] GC(29)   Pre Evacuate Collection Set: 0.18ms
[462.027s][info][gc,phases   ] GC(29)   Merge Heap Roots: 0.06ms
[462.027s][info][gc,phases   ] GC(29)   Evacuate Collection Set: 16.80ms
[462.027s][info][gc,phases   ] GC(29)   Post Evacuate Collection Set: 0.33ms
[462.027s][info][gc,phases   ] GC(29)   Other: 0.08ms
[462.027s][info][gc,heap     ] GC(29) Eden regions: 145->0(140)
[462.027s][info][gc,heap     ] GC(29) Survivor regions: 8->13(20)
[462.027s][info][gc,heap     ] GC(29) Old regions: 53->53
[462.027s][info][gc,heap     ] GC(29) Humongous regions: 0->0
[462.027s][info][gc,metaspace] GC(29) Metaspace: 5546K(5696K)->5546K(5696K) NonClass: 4721K(4800K)->4721K(4800K) Class: 825K(896K)->825K(896K)
[462.027s][info][gc          ] GC(29) Pause Young (Normal) (G1 Evacuation Pause) 204M->64M(258M) 17.683ms
[462.027s][info][gc,cpu      ] GC(29) User=0.04s Sys=0.00s Real=0.02s
[480.186s][info][gc,start    ] GC(30) Pause Young (Normal) (G1 Evacuation Pause)
[480.186s][info][gc,task     ] GC(30) Using 2 workers of 2 for evacuation
[480.207s][info][gc,phases   ] GC(30)   Pre Evacuate Collection Set: 0.17ms
[480.207s][info][gc,phases   ] GC(30)   Merge Heap Roots: 0.05ms
[480.207s][info][gc,phases   ] GC(30)   Evacuate Collection Set: 20.12ms
[480.207s][info][gc,phases   ] GC(30)   Post Evacuate Collection Set: 0.30ms
[480.207s][info][gc,phases   ] GC(30)   Other: 0.07ms
[480.207s][info][gc,heap     ] GC(30) Eden regions: 140->0(148)
[480.207s][info][gc,heap     ] GC(30) Survivor regions: 13->5(20)
[480.207s][info][gc,heap     ] GC(30) Old regions: 53->61
[480.207s][info][gc,heap     ] GC(30) Humongous regions: 0->0
[480.207s][info][gc,metaspace] GC(30) Metaspace: 5546K(5696K)->5546K(5696K) NonClass: 4721K(4800K)->4721K(4800K) Class: 825K(896K)->825K(896K)
[480.207s][info][gc          ] GC(30) Pause Young (Normal) (G1 Evacuation Pause) 204M->65M(258M) 20.926ms
[480.207s][info][gc,cpu      ] GC(30) User=0.03s Sys=0.00s Real=0.03s
[499.235s][info][gc,start    ] GC(31) Pause Young (Normal) (G1 Evacuation Pause)
[499.235s][info][gc,task     ] GC(31) Using 2 workers of 2 for evacuation
[499.242s][info][gc,phases   ] GC(31)   Pre Evacuate Collection Set: 0.18ms
[499.242s][info][gc,phases   ] GC(31)   Merge Heap Roots: 0.08ms
[499.242s][info][gc,phases   ] GC(31)   Evacuate Collection Set: 6.25ms
[499.242s][info][gc,phases   ] GC(31)   Post Evacuate Collection Set: 0.35ms
[499.242s][info][gc,phases   ] GC(31)   Other: 0.07ms
[499.242s][info][gc,heap     ] GC(31) Eden regions: 148->0(148)
[499.242s][info][gc,heap     ] GC(31) Survivor regions: 5->5(20)
[499.242s][info][gc,heap     ] GC(31) Old regions: 61->61
[499.242s][info][gc,heap     ] GC(31) Humongous regions: 0->0
[499.242s][info][gc,metaspace] GC(31) Metaspace: 5546K(5696K)->5546K(5696K) NonClass: 4721K(4800K)->4721K(4800K) Class: 825K(896K)->825K(896K)
[499.242s][info][gc          ] GC(31) Pause Young (Normal) (G1 Evacuation Pause) 213M->65M(258M) 7.133ms
[499.242s][info][gc,cpu      ] GC(31) User=0.02s Sys=0.00s Real=0.01s
[518.425s][info][gc,start    ] GC(32) Pause Young (Normal) (G1 Evacuation Pause)
[518.425s][info][gc,task     ] GC(32) Using 2 workers of 2 for evacuation
[518.432s][info][gc,phases   ] GC(32)   Pre Evacuate Collection Set: 0.18ms
[518.432s][info][gc,phases   ] GC(32)   Merge Heap Roots: 0.06ms
[518.432s][info][gc,phases   ] GC(32)   Evacuate Collection Set: 6.18ms
[518.432s][info][gc,phases   ] GC(32)   Post Evacuate Collection Set: 0.28ms
[518.432s][info][gc,phases   ] GC(32)   Other: 0.10ms
[518.432s][info][gc,heap     ] GC(32) Eden regions: 148->0(148)
[518.432s][info][gc,heap     ] GC(32) Survivor regions: 5->5(20)
[518.432s][info][gc,heap     ] GC(32) Old regions: 61->61
[518.432s][info][gc,heap     ] GC(32) Humongous regions: 0->0
[518.432s][info][gc,metaspace] GC(32) Metaspace: 5546K(5696K)->5546K(5696K) NonClass: 4721K(4800K)->4721K(4800K) Class: 825K(896K)->825K(896K)
[518.432s][info][gc          ] GC(32) Pause Young (Normal) (G1 Evacuation Pause) 213M->65M(258M) 7.016ms
[518.432s][info][gc,cpu      ] GC(32) User=0.01s Sys=0.00s Real=0.01s
[538.513s][info][gc,start    ] GC(33) Pause Young (Normal) (G1 Evacuation Pause)
[538.513s][info][gc,task     ] GC(33) Using 2 workers of 2 for evacuation
[538.521s][info][gc,phases   ] GC(33)   Pre Evacuate Collection Set: 0.17ms
[538.521s][info][gc,phases   ] GC(33)   Merge Heap Roots: 0.05ms
[538.521s][info][gc,phases   ] GC(33)   Evacuate Collection Set: 6.63ms
[538.521s][info][gc,phases   ] GC(33)   Post Evacuate Collection Set: 0.30ms
[538.521s][info][gc,phases   ] GC(33)   Other: 0.12ms
[538.521s][info][gc,heap     ] GC(33) Eden regions: 148->0(148)
[538.521s][info][gc,heap     ] GC(33) Survivor regions: 5->5(20)
[538.521s][info][gc,heap     ] GC(33) Old regions: 61->61
[538.521s][info][gc,heap     ] GC(33) Humongous regions: 0->0
[538.521s][info][gc,metaspace] GC(33) Metaspace: 5546K(5696K)->5546K(5696K) NonClass: 4721K(4800K)->4721K(4800K) Class: 825K(896K)->825K(896K)
[538.521s][info][gc          ] GC(33) Pause Young (Normal) (G1 Evacuation Pause) 213M->65M(258M) 7.501ms
[538.521s][info][gc,cpu      ] GC(33) User=0.01s Sys=0.00s Real=0.01s
[563.388s][info][gc,start    ] GC(34) Pause Young (Normal) (G1 Evacuation Pause)
[563.388s][info][gc,task     ] GC(34) Using 2 workers of 2 for evacuation
[563.411s][info][gc,phases   ] GC(34)   Pre Evacuate Collection Set: 0.18ms
[563.411s][info][gc,phases   ] GC(34)   Merge Heap Roots: 0.09ms
[563.411s][info][gc,phases   ] GC(34)   Evacuate Collection Set: 21.52ms
[563.411s][info][gc,phases   ] GC(34)   Post Evacuate Collection Set: 0.33ms
[563.411s][info][gc,phases   ] GC(34)   Other: 0.10ms
[563.411s][info][gc,heap     ] GC(34) Eden regions: 148->0(138)
[563.411s][info][gc,heap     ] GC(34) Survivor regions: 5->15(20)
[563.411s][info][gc,heap     ] GC(34) Old regions: 61->61
[563.411s][info][gc,heap     ] GC(34) Humongous regions: 0->0
[563.411s][info][gc,metaspace] GC(34) Metaspace: 5556K(5696K)->5556K(5696K) NonClass: 4731K(4800K)->4731K(4800K) Class: 825K(896K)->825K(896K)
[563.411s][info][gc          ] GC(34) Pause Young (Normal) (G1 Evacuation Pause) 213M->75M(258M) 22.471ms
[563.411s][info][gc,cpu      ] GC(34) User=0.04s Sys=0.00s Real=0.02s
[582.636s][info][gc,start    ] GC(35) Pause Young (Normal) (G1 Evacuation Pause)
[582.636s][info][gc,task     ] GC(35) Using 2 workers of 2 for evacuation
[582.659s][info][gc,phases   ] GC(35)   Pre Evacuate Collection Set: 0.17ms
[582.659s][info][gc,phases   ] GC(35)   Merge Heap Roots: 0.06ms
[582.659s][info][gc,phases   ] GC(35)   Evacuate Collection Set: 22.48ms
[582.659s][info][gc,phases   ] GC(35)   Post Evacuate Collection Set: 0.30ms
[582.659s][info][gc,phases   ] GC(35)   Other: 0.07ms
[582.659s][info][gc,heap     ] GC(35) Eden regions: 138->0(142)
[582.659s][info][gc,heap     ] GC(35) Survivor regions: 15->11(20)
[582.659s][info][gc,heap     ] GC(35) Old regions: 61->66
[582.659s][info][gc,heap     ] GC(35) Humongous regions: 0->0
[582.659s][info][gc,metaspace] GC(35) Metaspace: 5556K(5696K)->5556K(5696K) NonClass: 4731K(4800K)->4731K(4800K) Class: 825K(896K)->825K(896K)
[582.659s][info][gc          ] GC(35) Pause Young (Normal) (G1 Evacuation Pause) 213M->74M(258M) 23.294ms
[582.659s][info][gc,cpu      ] GC(35) User=0.04s Sys=0.01s Real=0.03s
[602.645s][info][gc,start    ] GC(36) Pause Young (Normal) (G1 Evacuation Pause)
[602.645s][info][gc,task     ] GC(36) Using 2 workers of 2 for evacuation
[602.660s][info][gc,phases   ] GC(36)   Pre Evacuate Collection Set: 0.18ms
[602.661s][info][gc,phases   ] GC(36)   Merge Heap Roots: 0.06ms
[602.661s][info][gc,phases   ] GC(36)   Evacuate Collection Set: 14.45ms
[602.661s][info][gc,phases   ] GC(36)   Post Evacuate Collection Set: 0.29ms
[602.661s][info][gc,phases   ] GC(36)   Other: 0.07ms
[602.661s][info][gc,heap     ] GC(36) Eden regions: 142->0(142)
[602.661s][info][gc,heap     ] GC(36) Survivor regions: 11->11(20)
[602.661s][info][gc,heap     ] GC(36) Old regions: 66->66
[602.661s][info][gc,heap     ] GC(36) Humongous regions: 0->0
[602.661s][info][gc,metaspace] GC(36) Metaspace: 5556K(5696K)->5556K(5696K) NonClass: 4731K(4800K)->4731K(4800K) Class: 825K(896K)->825K(896K)
[602.661s][info][gc          ] GC(36) Pause Young (Normal) (G1 Evacuation Pause) 216M->74M(258M) 15.241ms
[602.661s][info][gc,cpu      ] GC(36) User=0.03s Sys=0.00s Real=0.02s
[621.285s][info][gc,start    ] GC(37) Pause Young (Normal) (G1 Evacuation Pause)
[621.285s][info][gc,task     ] GC(37) Using 2 workers of 2 for evacuation
[621.300s][info][gc,phases   ] GC(37)   Pre Evacuate Collection Set: 0.15ms
[621.301s][info][gc,phases   ] GC(37)   Merge Heap Roots: 0.06ms
[621.301s][info][gc,phases   ] GC(37)   Evacuate Collection Set: 14.44ms
[621.301s][info][gc,phases   ] GC(37)   Post Evacuate Collection Set: 0.39ms
[621.301s][info][gc,phases   ] GC(37)   Other: 0.07ms
[621.301s][info][gc,heap     ] GC(37) Eden regions: 142->0(142)
[621.301s][info][gc,heap     ] GC(37) Survivor regions: 11->11(20)
[621.301s][info][gc,heap     ] GC(37) Old regions: 66->66
[621.301s][info][gc,heap     ] GC(37) Humongous regions: 0->0
[621.301s][info][gc,metaspace] GC(37) Metaspace: 5556K(5696K)->5556K(5696K) NonClass: 4731K(4800K)->4731K(4800K) Class: 825K(896K)->825K(896K)
[621.301s][info][gc          ] GC(37) Pause Young (Normal) (G1 Evacuation Pause) 216M->74M(258M) 15.320ms
[621.301s][info][gc,cpu      ] GC(37) User=0.03s Sys=0.00s Real=0.02s
[639.884s][info][gc,start    ] GC(38) Pause Young (Normal) (G1 Evacuation Pause)
[639.884s][info][gc,task     ] GC(38) Using 2 workers of 2 for evacuation
[639.900s][info][gc,phases   ] GC(38)   Pre Evacuate Collection Set: 0.17ms
[639.901s][info][gc,phases   ] GC(38)   Merge Heap Roots: 0.08ms
[639.901s][info][gc,phases   ] GC(38)   Evacuate Collection Set: 15.66ms
[639.901s][info][gc,phases   ] GC(38)   Post Evacuate Collection Set: 0.30ms
[639.901s][info][gc,phases   ] GC(38)   Other: 0.09ms
[639.901s][info][gc,heap     ] GC(38) Eden regions: 142->0(143)
[639.901s][info][gc,heap     ] GC(38) Survivor regions: 11->10(20)
[639.901s][info][gc,heap     ] GC(38) Old regions: 66->66
[639.901s][info][gc,heap     ] GC(38) Humongous regions: 0->0
[639.901s][info][gc,metaspace] GC(38) Metaspace: 5556K(5696K)->5556K(5696K) NonClass: 4731K(4800K)->4731K(4800K) Class: 825K(896K)->825K(896K)
[639.901s][info][gc          ] GC(38) Pause Young (Normal) (G1 Evacuation Pause) 216M->74M(258M) 16.521ms
[639.901s][info][gc,cpu      ] GC(38) User=0.03s Sys=0.00s Real=0.02s
[660.047s][info][gc,start    ] GC(39) Pause Young (Normal) (G1 Evacuation Pause)
[660.047s][info][gc,task     ] GC(39) Using 2 workers of 2 for evacuation
[660.063s][info][gc,phases   ] GC(39)   Pre Evacuate Collection Set: 0.16ms
[660.063s][info][gc,phases   ] GC(39)   Merge Heap Roots: 0.07ms
[660.063s][info][gc,phases   ] GC(39)   Evacuate Collection Set: 15.16ms
[660.063s][info][gc,phases   ] GC(39)   Post Evacuate Collection Set: 0.29ms
[660.063s][info][gc,phases   ] GC(39)   Other: 0.09ms
[660.063s][info][gc,heap     ] GC(39) Eden regions: 143->0(142)
[660.063s][info][gc,heap     ] GC(39) Survivor regions: 10->11(20)
[660.063s][info][gc,heap     ] GC(39) Old regions: 66->66
[660.063s][info][gc,heap     ] GC(39) Humongous regions: 0->0
[660.063s][info][gc,metaspace] GC(39) Metaspace: 5573K(5760K)->5573K(5760K) NonClass: 4747K(4864K)->4747K(4864K) Class: 825K(896K)->825K(896K)
[660.063s][info][gc          ] GC(39) Pause Young (Normal) (G1 Evacuation Pause) 217M->74M(258M) 15.946ms
[660.063s][info][gc,cpu      ] GC(39) User=0.03s Sys=0.00s Real=0.01s
[680.912s][info][gc,start    ] GC(40) Pause Young (Normal) (G1 Evacuation Pause)
[680.912s][info][gc,task     ] GC(40) Using 2 workers of 2 for evacuation
[680.927s][info][gc,phases   ] GC(40)   Pre Evacuate Collection Set: 0.17ms
[680.927s][info][gc,phases   ] GC(40)   Merge Heap Roots: 0.05ms
[680.927s][info][gc,phases   ] GC(40)   Evacuate Collection Set: 14.51ms
[680.927s][info][gc,phases   ] GC(40)   Post Evacuate Collection Set: 0.30ms
[680.927s][info][gc,phases   ] GC(40)   Other: 0.07ms
[680.927s][info][gc,heap     ] GC(40) Eden regions: 142->0(143)
[680.927s][info][gc,heap     ] GC(40) Survivor regions: 11->10(20)
[680.927s][info][gc,heap     ] GC(40) Old regions: 66->66
[680.927s][info][gc,heap     ] GC(40) Humongous regions: 0->0
[680.927s][info][gc,metaspace] GC(40) Metaspace: 5573K(5760K)->5573K(5760K) NonClass: 4747K(4864K)->4747K(4864K) Class: 825K(896K)->825K(896K)
[680.928s][info][gc          ] GC(40) Pause Young (Normal) (G1 Evacuation Pause) 216M->74M(258M) 15.327ms
[680.928s][info][gc,cpu      ] GC(40) User=0.03s Sys=0.00s Real=0.02s
[699.368s][info][gc,start    ] GC(41) Pause Young (Normal) (G1 Evacuation Pause)
[699.368s][info][gc,task     ] GC(41) Using 2 workers of 2 for evacuation
[699.383s][info][gc,phases   ] GC(41)   Pre Evacuate Collection Set: 0.16ms
[699.383s][info][gc,phases   ] GC(41)   Merge Heap Roots: 0.05ms
[699.383s][info][gc,phases   ] GC(41)   Evacuate Collection Set: 14.47ms
[699.383s][info][gc,phases   ] GC(41)   Post Evacuate Collection Set: 0.33ms
[699.383s][info][gc,phases   ] GC(41)   Other: 0.09ms
[699.383s][info][gc,heap     ] GC(41) Eden regions: 143->0(143)
[699.383s][info][gc,heap     ] GC(41) Survivor regions: 10->10(20)
[699.383s][info][gc,heap     ] GC(41) Old regions: 66->66
[699.383s][info][gc,heap     ] GC(41) Humongous regions: 0->0
[699.383s][info][gc,metaspace] GC(41) Metaspace: 5573K(5760K)->5573K(5760K) NonClass: 4747K(4864K)->4747K(4864K) Class: 825K(896K)->825K(896K)
[699.383s][info][gc          ] GC(41) Pause Young (Normal) (G1 Evacuation Pause) 217M->74M(258M) 15.310ms
[699.383s][info][gc,cpu      ] GC(41) User=0.03s Sys=0.00s Real=0.01s
[717.114s][info][gc,start    ] GC(42) Pause Young (Normal) (G1 Evacuation Pause)
[717.114s][info][gc,task     ] GC(42) Using 2 workers of 2 for evacuation
[717.128s][info][gc,phases   ] GC(42)   Pre Evacuate Collection Set: 0.13ms
[717.128s][info][gc,phases   ] GC(42)   Merge Heap Roots: 0.06ms
[717.128s][info][gc,phases   ] GC(42)   Evacuate Collection Set: 13.26ms
[717.128s][info][gc,phases   ] GC(42)   Post Evacuate Collection Set: 0.33ms
[717.128s][info][gc,phases   ] GC(42)   Other: 0.06ms
[717.128s][info][gc,heap     ] GC(42) Eden regions: 143->0(142)
[717.128s][info][gc,heap     ] GC(42) Survivor regions: 10->11(20)
[717.128s][info][gc,heap     ] GC(42) Old regions: 66->66
[717.128s][info][gc,heap     ] GC(42) Humongous regions: 0->0
[717.128s][info][gc,metaspace] GC(42) Metaspace: 5573K(5760K)->5573K(5760K) NonClass: 4747K(4864K)->4747K(4864K) Class: 825K(896K)->825K(896K)
[717.128s][info][gc          ] GC(42) Pause Young (Normal) (G1 Evacuation Pause) 217M->74M(258M) 14.008ms
[717.128s][info][gc,cpu      ] GC(42) User=0.02s Sys=0.00s Real=0.02s
[733.341s][info][gc,start    ] GC(43) Pause Young (Normal) (G1 Evacuation Pause)
[733.341s][info][gc,task     ] GC(43) Using 2 workers of 2 for evacuation
[733.355s][info][gc,phases   ] GC(43)   Pre Evacuate Collection Set: 0.14ms
[733.355s][info][gc,phases   ] GC(43)   Merge Heap Roots: 0.05ms
[733.355s][info][gc,phases   ] GC(43)   Evacuate Collection Set: 13.14ms
[733.355s][info][gc,phases   ] GC(43)   Post Evacuate Collection Set: 0.30ms
[733.355s][info][gc,phases   ] GC(43)   Other: 0.06ms
[733.355s][info][gc,heap     ] GC(43) Eden regions: 142->0(142)
[733.355s][info][gc,heap     ] GC(43) Survivor regions: 11->11(20)
[733.355s][info][gc,heap     ] GC(43) Old regions: 66->66
[733.355s][info][gc,heap     ] GC(43) Humongous regions: 0->0
[733.355s][info][gc,metaspace] GC(43) Metaspace: 5573K(5760K)->5573K(5760K) NonClass: 4747K(4864K)->4747K(4864K) Class: 825K(896K)->825K(896K)
[733.355s][info][gc          ] GC(43) Pause Young (Normal) (G1 Evacuation Pause) 216M->74M(258M) 13.883ms
[733.355s][info][gc,cpu      ] GC(43) User=0.03s Sys=0.00s Real=0.01s
[750.220s][info][gc,start    ] GC(44) Pause Young (Normal) (G1 Evacuation Pause)
[750.220s][info][gc,task     ] GC(44) Using 2 workers of 2 for evacuation
[750.234s][info][gc,phases   ] GC(44)   Pre Evacuate Collection Set: 0.14ms
[750.234s][info][gc,phases   ] GC(44)   Merge Heap Roots: 0.05ms
[750.234s][info][gc,phases   ] GC(44)   Evacuate Collection Set: 13.56ms
[750.234s][info][gc,phases   ] GC(44)   Post Evacuate Collection Set: 0.26ms
[750.234s][info][gc,phases   ] GC(44)   Other: 0.06ms
[750.234s][info][gc,heap     ] GC(44) Eden regions: 142->0(143)
[750.234s][info][gc,heap     ] GC(44) Survivor regions: 11->10(20)
[750.234s][info][gc,heap     ] GC(44) Old regions: 66->66
[750.234s][info][gc,heap     ] GC(44) Humongous regions: 0->0
[750.234s][info][gc,metaspace] GC(44) Metaspace: 5573K(5760K)->5573K(5760K) NonClass: 4747K(4864K)->4747K(4864K) Class: 825K(896K)->825K(896K)
[750.234s][info][gc          ] GC(44) Pause Young (Normal) (G1 Evacuation Pause) 216M->74M(258M) 14.243ms
[750.234s][info][gc,cpu      ] GC(44) User=0.03s Sys=0.00s Real=0.01s
[770.988s][info][gc,start    ] GC(45) Pause Young (Normal) (G1 Evacuation Pause)
[770.988s][info][gc,task     ] GC(45) Using 2 workers of 2 for evacuation
[771.002s][info][gc,phases   ] GC(45)   Pre Evacuate Collection Set: 0.14ms
[771.002s][info][gc,phases   ] GC(45)   Merge Heap Roots: 0.05ms
[771.002s][info][gc,phases   ] GC(45)   Evacuate Collection Set: 13.38ms
[771.002s][info][gc,phases   ] GC(45)   Post Evacuate Collection Set: 0.29ms
[771.002s][info][gc,phases   ] GC(45)   Other: 0.07ms
[771.002s][info][gc,heap     ] GC(45) Eden regions: 143->0(143)
[771.002s][info][gc,heap     ] GC(45) Survivor regions: 10->10(20)
[771.002s][info][gc,heap     ] GC(45) Old regions: 66->66
[771.002s][info][gc,heap     ] GC(45) Humongous regions: 0->0
[771.002s][info][gc,metaspace] GC(45) Metaspace: 5635K(5824K)->5635K(5824K) NonClass: 4808K(4928K)->4808K(4928K) Class: 827K(896K)->827K(896K)
[771.002s][info][gc          ] GC(45) Pause Young (Normal) (G1 Evacuation Pause) 217M->74M(258M) 14.078ms
[771.002s][info][gc,cpu      ] GC(45) User=0.02s Sys=0.00s Real=0.01s
[787.810s][info][gc,start    ] GC(46) Pause Young (Normal) (G1 Evacuation Pause)
[787.810s][info][gc,task     ] GC(46) Using 2 workers of 2 for evacuation
[787.823s][info][gc,phases   ] GC(46)   Pre Evacuate Collection Set: 0.13ms
[787.823s][info][gc,phases   ] GC(46)   Merge Heap Roots: 0.05ms
[787.823s][info][gc,phases   ] GC(46)   Evacuate Collection Set: 13.25ms
[787.823s][info][gc,phases   ] GC(46)   Post Evacuate Collection Set: 0.29ms
[787.823s][info][gc,phases   ] GC(46)   Other: 0.06ms
[787.823s][info][gc,heap     ] GC(46) Eden regions: 143->0(142)
[787.823s][info][gc,heap     ] GC(46) Survivor regions: 10->11(20)
[787.823s][info][gc,heap     ] GC(46) Old regions: 66->66
[787.824s][info][gc,heap     ] GC(46) Humongous regions: 0->0
[787.824s][info][gc,metaspace] GC(46) Metaspace: 5636K(5824K)->5636K(5824K) NonClass: 4809K(4928K)->4809K(4928K) Class: 827K(896K)->827K(896K)
[787.824s][info][gc          ] GC(46) Pause Young (Normal) (G1 Evacuation Pause) 217M->74M(258M) 13.953ms
[787.824s][info][gc,cpu      ] GC(46) User=0.03s Sys=0.00s Real=0.01s
[804.853s][info][gc,start    ] GC(47) Pause Young (Normal) (G1 Evacuation Pause)
[804.853s][info][gc,task     ] GC(47) Using 2 workers of 2 for evacuation
[804.868s][info][gc,phases   ] GC(47)   Pre Evacuate Collection Set: 0.14ms
[804.868s][info][gc,phases   ] GC(47)   Merge Heap Roots: 0.06ms
[804.868s][info][gc,phases   ] GC(47)   Evacuate Collection Set: 13.65ms
[804.868s][info][gc,phases   ] GC(47)   Post Evacuate Collection Set: 0.35ms
[804.868s][info][gc,phases   ] GC(47)   Other: 0.06ms
[804.868s][info][gc,heap     ] GC(47) Eden regions: 142->0(142)
[804.868s][info][gc,heap     ] GC(47) Survivor regions: 11->11(20)
[804.868s][info][gc,heap     ] GC(47) Old regions: 66->66
[804.868s][info][gc,heap     ] GC(47) Humongous regions: 0->0
[804.868s][info][gc,metaspace] GC(47) Metaspace: 5636K(5824K)->5636K(5824K) NonClass: 4809K(4928K)->4809K(4928K) Class: 827K(896K)->827K(896K)
[804.868s][info][gc          ] GC(47) Pause Young (Normal) (G1 Evacuation Pause) 216M->74M(258M) 14.424ms
[804.868s][info][gc,cpu      ] GC(47) User=0.03s Sys=0.00s Real=0.02s
[821.275s][info][gc,start    ] GC(48) Pause Young (Normal) (G1 Evacuation Pause)
[821.275s][info][gc,task     ] GC(48) Using 2 workers of 2 for evacuation
[821.289s][info][gc,phases   ] GC(48)   Pre Evacuate Collection Set: 0.13ms
[821.289s][info][gc,phases   ] GC(48)   Merge Heap Roots: 0.05ms
[821.289s][info][gc,phases   ] GC(48)   Evacuate Collection Set: 13.52ms
[821.289s][info][gc,phases   ] GC(48)   Post Evacuate Collection Set: 0.27ms
[821.289s][info][gc,phases   ] GC(48)   Other: 0.06ms
[821.289s][info][gc,heap     ] GC(48) Eden regions: 142->0(142)
[821.289s][info][gc,heap     ] GC(48) Survivor regions: 11->11(20)
[821.289s][info][gc,heap     ] GC(48) Old regions: 66->66
[821.289s][info][gc,heap     ] GC(48) Humongous regions: 0->0
[821.289s][info][gc,metaspace] GC(48) Metaspace: 5636K(5824K)->5636K(5824K) NonClass: 4809K(4928K)->4809K(4928K) Class: 827K(896K)->827K(896K)
[821.289s][info][gc          ] GC(48) Pause Young (Normal) (G1 Evacuation Pause) 216M->74M(258M) 14.219ms
[821.290s][info][gc,cpu      ] GC(48) User=0.03s Sys=0.00s Real=0.02s
[838.120s][info][gc,start    ] GC(49) Pause Young (Normal) (G1 Evacuation Pause)
[838.120s][info][gc,task     ] GC(49) Using 2 workers of 2 for evacuation
[838.134s][info][gc,phases   ] GC(49)   Pre Evacuate Collection Set: 0.15ms
[838.134s][info][gc,phases   ] GC(49)   Merge Heap Roots: 0.05ms
[838.134s][info][gc,phases   ] GC(49)   Evacuate Collection Set: 13.31ms
[838.134s][info][gc,phases   ] GC(49)   Post Evacuate Collection Set: 0.27ms
[838.134s][info][gc,phases   ] GC(49)   Other: 0.06ms
[838.134s][info][gc,heap     ] GC(49) Eden regions: 142->0(142)
[838.134s][info][gc,heap     ] GC(49) Survivor regions: 11->11(20)
[838.134s][info][gc,heap     ] GC(49) Old regions: 66->66
[838.134s][info][gc,heap     ] GC(49) Humongous regions: 0->0
[838.134s][info][gc,metaspace] GC(49) Metaspace: 5636K(5824K)->5636K(5824K) NonClass: 4809K(4928K)->4809K(4928K) Class: 827K(896K)->827K(896K)
[838.134s][info][gc          ] GC(49) Pause Young (Normal) (G1 Evacuation Pause) 216M->75M(258M) 14.000ms
[838.134s][info][gc,cpu      ] GC(49) User=0.02s Sys=0.00s Real=0.01s
[855.759s][info][gc,start    ] GC(50) Pause Young (Normal) (G1 Evacuation Pause)
[855.759s][info][gc,task     ] GC(50) Using 2 workers of 2 for evacuation
[855.773s][info][gc,phases   ] GC(50)   Pre Evacuate Collection Set: 0.16ms
[855.773s][info][gc,phases   ] GC(50)   Merge Heap Roots: 0.05ms
[855.773s][info][gc,phases   ] GC(50)   Evacuate Collection Set: 13.64ms
[855.773s][info][gc,phases   ] GC(50)   Post Evacuate Collection Set: 0.27ms
[855.773s][info][gc,phases   ] GC(50)   Other: 0.06ms
[855.773s][info][gc,heap     ] GC(50) Eden regions: 142->0(142)
[855.773s][info][gc,heap     ] GC(50) Survivor regions: 11->11(20)
[855.773s][info][gc,heap     ] GC(50) Old regions: 66->66
[855.773s][info][gc,heap     ] GC(50) Humongous regions: 0->0
[855.773s][info][gc,metaspace] GC(50) Metaspace: 5639K(5824K)->5639K(5824K) NonClass: 4812K(4928K)->4812K(4928K) Class: 827K(896K)->827K(896K)
[855.773s][info][gc          ] GC(50) Pause Young (Normal) (G1 Evacuation Pause) 217M->75M(258M) 14.349ms
[855.773s][info][gc,cpu      ] GC(50) User=0.03s Sys=0.00s Real=0.01s
[874.942s][info][gc,start    ] GC(51) Pause Young (Normal) (G1 Evacuation Pause)
[874.942s][info][gc,task     ] GC(51) Using 2 workers of 2 for evacuation
[874.956s][info][gc,phases   ] GC(51)   Pre Evacuate Collection Set: 0.13ms
[874.956s][info][gc,phases   ] GC(51)   Merge Heap Roots: 0.06ms
[874.956s][info][gc,phases   ] GC(51)   Evacuate Collection Set: 13.18ms
[874.956s][info][gc,phases   ] GC(51)   Post Evacuate Collection Set: 0.28ms
[874.956s][info][gc,phases   ] GC(51)   Other: 0.07ms
[874.956s][info][gc,heap     ] GC(51) Eden regions: 142->0(143)
[874.956s][info][gc,heap     ] GC(51) Survivor regions: 11->10(20)
[874.956s][info][gc,heap     ] GC(51) Old regions: 66->66
[874.956s][info][gc,heap     ] GC(51) Humongous regions: 0->0
[874.956s][info][gc,metaspace] GC(51) Metaspace: 5639K(5824K)->5639K(5824K) NonClass: 4812K(4928K)->4812K(4928K) Class: 827K(896K)->827K(896K)
[874.956s][info][gc          ] GC(51) Pause Young (Normal) (G1 Evacuation Pause) 217M->74M(258M) 13.889ms
[874.956s][info][gc,cpu      ] GC(51) User=0.03s Sys=0.00s Real=0.01s
[891.718s][info][gc,start    ] GC(52) Pause Young (Normal) (G1 Evacuation Pause)
[891.718s][info][gc,task     ] GC(52) Using 2 workers of 2 for evacuation
[891.732s][info][gc,phases   ] GC(52)   Pre Evacuate Collection Set: 0.14ms
[891.732s][info][gc,phases   ] GC(52)   Merge Heap Roots: 0.06ms
[891.732s][info][gc,phases   ] GC(52)   Evacuate Collection Set: 13.09ms
[891.732s][info][gc,phases   ] GC(52)   Post Evacuate Collection Set: 0.27ms
[891.732s][info][gc,phases   ] GC(52)   Other: 0.06ms
[891.732s][info][gc,heap     ] GC(52) Eden regions: 143->0(142)
[891.732s][info][gc,heap     ] GC(52) Survivor regions: 10->11(20)
[891.732s][info][gc,heap     ] GC(52) Old regions: 66->66
[891.732s][info][gc,heap     ] GC(52) Humongous regions: 0->0
[891.732s][info][gc,metaspace] GC(52) Metaspace: 5639K(5824K)->5639K(5824K) NonClass: 4812K(4928K)->4812K(4928K) Class: 827K(896K)->827K(896K)
[891.732s][info][gc          ] GC(52) Pause Young (Normal) (G1 Evacuation Pause) 217M->75M(258M) 13.799ms
[891.732s][info][gc,cpu      ] GC(52) User=0.02s Sys=0.00s Real=0.01s
[908.274s][info][gc,start    ] GC(53) Pause Young (Normal) (G1 Evacuation Pause)
[908.274s][info][gc,task     ] GC(53) Using 2 workers of 2 for evacuation
[908.288s][info][gc,phases   ] GC(53)   Pre Evacuate Collection Set: 0.15ms
[908.288s][info][gc,phases   ] GC(53)   Merge Heap Roots: 0.04ms
[908.288s][info][gc,phases   ] GC(53)   Evacuate Collection Set: 13.63ms
[908.288s][info][gc,phases   ] GC(53)   Post Evacuate Collection Set: 0.28ms
[908.288s][info][gc,phases   ] GC(53)   Other: 0.09ms
[908.288s][info][gc,heap     ] GC(53) Eden regions: 142->0(143)
[908.288s][info][gc,heap     ] GC(53) Survivor regions: 11->10(20)
[908.288s][info][gc,heap     ] GC(53) Old regions: 66->66
[908.288s][info][gc,heap     ] GC(53) Humongous regions: 0->0
[908.288s][info][gc,metaspace] GC(53) Metaspace: 5639K(5824K)->5639K(5824K) NonClass: 4812K(4928K)->4812K(4928K) Class: 827K(896K)->827K(896K)
[908.288s][info][gc          ] GC(53) Pause Young (Normal) (G1 Evacuation Pause) 217M->74M(258M) 14.373ms
[908.288s][info][gc,cpu      ] GC(53) User=0.03s Sys=0.00s Real=0.02s
[924.902s][info][gc,start    ] GC(54) Pause Young (Normal) (G1 Evacuation Pause)
[924.902s][info][gc,task     ] GC(54) Using 2 workers of 2 for evacuation
[924.916s][info][gc,phases   ] GC(54)   Pre Evacuate Collection Set: 0.13ms
[924.916s][info][gc,phases   ] GC(54)   Merge Heap Roots: 0.05ms
[924.916s][info][gc,phases   ] GC(54)   Evacuate Collection Set: 13.25ms
[924.916s][info][gc,phases   ] GC(54)   Post Evacuate Collection Set: 0.27ms
[924.916s][info][gc,phases   ] GC(54)   Other: 0.07ms
[924.916s][info][gc,heap     ] GC(54) Eden regions: 143->0(142)
[924.916s][info][gc,heap     ] GC(54) Survivor regions: 10->11(20)
[924.916s][info][gc,heap     ] GC(54) Old regions: 66->66
[924.916s][info][gc,heap     ] GC(54) Humongous regions: 0->0
[924.916s][info][gc,metaspace] GC(54) Metaspace: 5639K(5824K)->5639K(5824K) NonClass: 4812K(4928K)->4812K(4928K) Class: 827K(896K)->827K(896K)
[924.916s][info][gc          ] GC(54) Pause Young (Normal) (G1 Evacuation Pause) 217M->75M(258M) 13.950ms
[924.916s][info][gc,cpu      ] GC(54) User=0.03s Sys=0.00s Real=0.01s
[941.319s][info][gc,start    ] GC(55) Pause Young (Normal) (G1 Evacuation Pause)
[941.319s][info][gc,task     ] GC(55) Using 2 workers of 2 for evacuation
[941.333s][info][gc,phases   ] GC(55)   Pre Evacuate Collection Set: 0.14ms
[941.333s][info][gc,phases   ] GC(55)   Merge Heap Roots: 0.05ms
[941.333s][info][gc,phases   ] GC(55)   Evacuate Collection Set: 13.17ms
[941.333s][info][gc,phases   ] GC(55)   Post Evacuate Collection Set: 0.41ms
[941.333s][info][gc,phases   ] GC(55)   Other: 0.07ms
[941.333s][info][gc,heap     ] GC(55) Eden regions: 142->0(143)
[941.333s][info][gc,heap     ] GC(55) Survivor regions: 11->10(20)
[941.333s][info][gc,heap     ] GC(55) Old regions: 66->66
[941.333s][info][gc,heap     ] GC(55) Humongous regions: 0->0
[941.333s][info][gc,metaspace] GC(55) Metaspace: 5639K(5824K)->5639K(5824K) NonClass: 4812K(4928K)->4812K(4928K) Class: 827K(896K)->827K(896K)
[941.333s][info][gc          ] GC(55) Pause Young (Normal) (G1 Evacuation Pause) 217M->74M(258M) 14.064ms
[941.333s][info][gc,cpu      ] GC(55) User=0.02s Sys=0.00s Real=0.01s
[962.873s][info][gc,start    ] GC(56) Pause Young (Normal) (G1 Evacuation Pause)
[962.873s][info][gc,task     ] GC(56) Using 2 workers of 2 for evacuation
[962.887s][info][gc,phases   ] GC(56)   Pre Evacuate Collection Set: 0.16ms
[962.887s][info][gc,phases   ] GC(56)   Merge Heap Roots: 0.05ms
[962.887s][info][gc,phases   ] GC(56)   Evacuate Collection Set: 13.36ms
[962.887s][info][gc,phases   ] GC(56)   Post Evacuate Collection Set: 0.28ms
[962.887s][info][gc,phases   ] GC(56)   Other: 0.12ms
[962.887s][info][gc,heap     ] GC(56) Eden regions: 143->0(142)
[962.887s][info][gc,heap     ] GC(56) Survivor regions: 10->11(20)
[962.887s][info][gc,heap     ] GC(56) Old regions: 66->66
[962.887s][info][gc,heap     ] GC(56) Humongous regions: 0->0
[962.887s][info][gc,metaspace] GC(56) Metaspace: 5650K(5824K)->5650K(5824K) NonClass: 4822K(4928K)->4822K(4928K) Class: 827K(896K)->827K(896K)
[962.887s][info][gc          ] GC(56) Pause Young (Normal) (G1 Evacuation Pause) 217M->75M(258M) 14.178ms
[962.887s][info][gc,cpu      ] GC(56) User=0.03s Sys=0.00s Real=0.02s
[980.875s][info][gc,start    ] GC(57) Pause Young (Normal) (G1 Evacuation Pause)
[980.875s][info][gc,task     ] GC(57) Using 2 workers of 2 for evacuation
[980.889s][info][gc,phases   ] GC(57)   Pre Evacuate Collection Set: 0.15ms
[980.889s][info][gc,phases   ] GC(57)   Merge Heap Roots: 0.06ms
[980.889s][info][gc,phases   ] GC(57)   Evacuate Collection Set: 13.38ms
[980.889s][info][gc,phases   ] GC(57)   Post Evacuate Collection Set: 0.29ms
[980.889s][info][gc,phases   ] GC(57)   Other: 0.07ms
[980.889s][info][gc,heap     ] GC(57) Eden regions: 142->0(142)
[980.889s][info][gc,heap     ] GC(57) Survivor regions: 11->11(20)
[980.889s][info][gc,heap     ] GC(57) Old regions: 66->66
[980.889s][info][gc,heap     ] GC(57) Humongous regions: 0->0
[980.889s][info][gc,metaspace] GC(57) Metaspace: 5650K(5824K)->5650K(5824K) NonClass: 4822K(4928K)->4822K(4928K) Class: 827K(896K)->827K(896K)
[980.889s][info][gc          ] GC(57) Pause Young (Normal) (G1 Evacuation Pause) 217M->75M(258M) 14.143ms
[980.889s][info][gc,cpu      ] GC(57) User=0.03s Sys=0.00s Real=0.02s
[998.333s][info][gc,start    ] GC(58) Pause Young (Normal) (G1 Evacuation Pause)
[998.333s][info][gc,task     ] GC(58) Using 2 workers of 2 for evacuation
[998.348s][info][gc,phases   ] GC(58)   Pre Evacuate Collection Set: 0.16ms
[998.348s][info][gc,phases   ] GC(58)   Merge Heap Roots: 0.05ms
[998.348s][info][gc,phases   ] GC(58)   Evacuate Collection Set: 13.82ms
[998.348s][info][gc,phases   ] GC(58)   Post Evacuate Collection Set: 0.31ms
[998.348s][info][gc,phases   ] GC(58)   Other: 0.10ms
[998.348s][info][gc,heap     ] GC(58) Eden regions: 142->0(142)
[998.348s][info][gc,heap     ] GC(58) Survivor regions: 11->11(20)
[998.348s][info][gc,heap     ] GC(58) Old regions: 66->66
[998.348s][info][gc,heap     ] GC(58) Humongous regions: 0->0
[998.348s][info][gc,metaspace] GC(58) Metaspace: 5650K(5824K)->5650K(5824K) NonClass: 4822K(4928K)->4822K(4928K) Class: 827K(896K)->827K(896K)
[998.348s][info][gc          ] GC(58) Pause Young (Normal) (G1 Evacuation Pause) 217M->75M(258M) 14.633ms
[998.348s][info][gc,cpu      ] GC(58) User=0.03s Sys=0.00s Real=0.02s
[1016.148s][info][gc,start    ] GC(59) Pause Young (Normal) (G1 Evacuation Pause)
[1016.148s][info][gc,task     ] GC(59) Using 2 workers of 2 for evacuation
[1016.162s][info][gc,phases   ] GC(59)   Pre Evacuate Collection Set: 0.14ms
[1016.162s][info][gc,phases   ] GC(59)   Merge Heap Roots: 0.06ms
[1016.162s][info][gc,phases   ] GC(59)   Evacuate Collection Set: 13.16ms
[1016.162s][info][gc,phases   ] GC(59)   Post Evacuate Collection Set: 0.31ms
[1016.162s][info][gc,phases   ] GC(59)   Other: 0.07ms
[1016.162s][info][gc,heap     ] GC(59) Eden regions: 142->0(143)
[1016.162s][info][gc,heap     ] GC(59) Survivor regions: 11->10(20)
[1016.162s][info][gc,heap     ] GC(59) Old regions: 66->66
[1016.162s][info][gc,heap     ] GC(59) Humongous regions: 0->0
[1016.162s][info][gc,metaspace] GC(59) Metaspace: 5650K(5824K)->5650K(5824K) NonClass: 4822K(4928K)->4822K(4928K) Class: 827K(896K)->827K(896K)
[1016.162s][info][gc          ] GC(59) Pause Young (Normal) (G1 Evacuation Pause) 217M->74M(258M) 13.911ms
[1016.162s][info][gc,cpu      ] GC(59) User=0.03s Sys=0.01s Real=0.01s
[1034.074s][info][gc,start    ] GC(60) Pause Young (Normal) (G1 Evacuation Pause)
[1034.074s][info][gc,task     ] GC(60) Using 2 workers of 2 for evacuation
[1034.088s][info][gc,phases   ] GC(60)   Pre Evacuate Collection Set: 0.16ms
[1034.088s][info][gc,phases   ] GC(60)   Merge Heap Roots: 0.05ms
[1034.088s][info][gc,phases   ] GC(60)   Evacuate Collection Set: 12.91ms
[1034.088s][info][gc,phases   ] GC(60)   Post Evacuate Collection Set: 0.35ms
[1034.088s][info][gc,phases   ] GC(60)   Other: 0.09ms
[1034.088s][info][gc,heap     ] GC(60) Eden regions: 143->0(143)
[1034.088s][info][gc,heap     ] GC(60) Survivor regions: 10->10(20)
[1034.088s][info][gc,heap     ] GC(60) Old regions: 66->66
[1034.088s][info][gc,heap     ] GC(60) Humongous regions: 0->0
[1034.088s][info][gc,metaspace] GC(60) Metaspace: 5650K(5824K)->5650K(5824K) NonClass: 4822K(4928K)->4822K(4928K) Class: 827K(896K)->827K(896K)
[1034.088s][info][gc          ] GC(60) Pause Young (Normal) (G1 Evacuation Pause) 217M->74M(258M) 13.726ms
[1034.088s][info][gc,cpu      ] GC(60) User=0.03s Sys=0.00s Real=0.02s
[1054.825s][info][gc,start    ] GC(61) Pause Young (Normal) (G1 Evacuation Pause)
[1054.826s][info][gc,task     ] GC(61) Using 2 workers of 2 for evacuation
[1054.840s][info][gc,phases   ] GC(61)   Pre Evacuate Collection Set: 0.15ms
[1054.840s][info][gc,phases   ] GC(61)   Merge Heap Roots: 0.06ms
[1054.840s][info][gc,phases   ] GC(61)   Evacuate Collection Set: 14.16ms
[1054.840s][info][gc,phases   ] GC(61)   Post Evacuate Collection Set: 0.29ms
[1054.840s][info][gc,phases   ] GC(61)   Other: 0.07ms
[1054.840s][info][gc,heap     ] GC(61) Eden regions: 143->0(142)
[1054.840s][info][gc,heap     ] GC(61) Survivor regions: 10->11(20)
[1054.840s][info][gc,heap     ] GC(61) Old regions: 66->66
[1054.840s][info][gc,heap     ] GC(61) Humongous regions: 0->0
[1054.840s][info][gc,metaspace] GC(61) Metaspace: 5653K(5824K)->5653K(5824K) NonClass: 4826K(4928K)->4826K(4928K) Class: 827K(896K)->827K(896K)
[1054.840s][info][gc          ] GC(61) Pause Young (Normal) (G1 Evacuation Pause) 217M->75M(258M) 14.903ms
[1054.840s][info][gc,cpu      ] GC(61) User=0.03s Sys=0.00s Real=0.02s
[1077.087s][info][gc,start    ] GC(62) Pause Young (Normal) (G1 Evacuation Pause)
[1077.087s][info][gc,task     ] GC(62) Using 2 workers of 2 for evacuation
[1077.103s][info][gc,phases   ] GC(62)   Pre Evacuate Collection Set: 0.16ms
[1077.103s][info][gc,phases   ] GC(62)   Merge Heap Roots: 0.06ms
[1077.103s][info][gc,phases   ] GC(62)   Evacuate Collection Set: 15.12ms
[1077.103s][info][gc,phases   ] GC(62)   Post Evacuate Collection Set: 0.29ms
[1077.103s][info][gc,phases   ] GC(62)   Other: 0.07ms
[1077.103s][info][gc,heap     ] GC(62) Eden regions: 142->0(142)
[1077.103s][info][gc,heap     ] GC(62) Survivor regions: 11->11(20)
[1077.103s][info][gc,heap     ] GC(62) Old regions: 66->66
[1077.103s][info][gc,heap     ] GC(62) Humongous regions: 0->0
[1077.103s][info][gc,metaspace] GC(62) Metaspace: 5653K(5824K)->5653K(5824K) NonClass: 4826K(4928K)->4826K(4928K) Class: 827K(896K)->827K(896K)
[1077.103s][info][gc          ] GC(62) Pause Young (Normal) (G1 Evacuation Pause) 217M->75M(258M) 15.881ms
[1077.103s][info][gc,cpu      ] GC(62) User=0.03s Sys=0.00s Real=0.01s
[1096.521s][info][gc,start    ] GC(63) Pause Young (Normal) (G1 Evacuation Pause)
[1096.521s][info][gc,task     ] GC(63) Using 2 workers of 2 for evacuation
[1096.536s][info][gc,phases   ] GC(63)   Pre Evacuate Collection Set: 0.18ms
[1096.536s][info][gc,phases   ] GC(63)   Merge Heap Roots: 0.06ms
[1096.536s][info][gc,phases   ] GC(63)   Evacuate Collection Set: 14.86ms
[1096.536s][info][gc,phases   ] GC(63)   Post Evacuate Collection Set: 0.38ms
[1096.536s][info][gc,phases   ] GC(63)   Other: 0.07ms
[1096.536s][info][gc,heap     ] GC(63) Eden regions: 142->0(142)
[1096.536s][info][gc,heap     ] GC(63) Survivor regions: 11->11(20)
[1096.536s][info][gc,heap     ] GC(63) Old regions: 66->66
[1096.536s][info][gc,heap     ] GC(63) Humongous regions: 0->0
[1096.536s][info][gc,metaspace] GC(63) Metaspace: 5653K(5824K)->5653K(5824K) NonClass: 4826K(4928K)->4826K(4928K) Class: 827K(896K)->827K(896K)
[1096.536s][info][gc          ] GC(63) Pause Young (Normal) (G1 Evacuation Pause) 217M->75M(258M) 15.740ms
[1096.536s][info][gc,cpu      ] GC(63) User=0.03s Sys=0.00s Real=0.01s
[1116.193s][info][gc,start    ] GC(64) Pause Young (Normal) (G1 Evacuation Pause)
[1116.193s][info][gc,task     ] GC(64) Using 2 workers of 2 for evacuation
[1116.209s][info][gc,phases   ] GC(64)   Pre Evacuate Collection Set: 0.16ms
[1116.209s][info][gc,phases   ] GC(64)   Merge Heap Roots: 0.04ms
[1116.209s][info][gc,phases   ] GC(64)   Evacuate Collection Set: 15.27ms
[1116.209s][info][gc,phases   ] GC(64)   Post Evacuate Collection Set: 0.29ms
[1116.209s][info][gc,phases   ] GC(64)   Other: 0.07ms
[1116.209s][info][gc,heap     ] GC(64) Eden regions: 142->0(142)
[1116.209s][info][gc,heap     ] GC(64) Survivor regions: 11->11(20)
[1116.209s][info][gc,heap     ] GC(64) Old regions: 66->66
[1116.209s][info][gc,heap     ] GC(64) Humongous regions: 0->0
[1116.209s][info][gc,metaspace] GC(64) Metaspace: 5653K(5824K)->5653K(5824K) NonClass: 4826K(4928K)->4826K(4928K) Class: 827K(896K)->827K(896K)
[1116.209s][info][gc          ] GC(64) Pause Young (Normal) (G1 Evacuation Pause) 217M->75M(258M) 16.018ms
[1116.209s][info][gc,cpu      ] GC(64) User=0.03s Sys=0.00s Real=0.02s
[1135.186s][info][gc,start    ] GC(65) Pause Young (Normal) (G1 Evacuation Pause)
[1135.186s][info][gc,task     ] GC(65) Using 2 workers of 2 for evacuation
[1135.201s][info][gc,phases   ] GC(65)   Pre Evacuate Collection Set: 0.15ms
[1135.201s][info][gc,phases   ] GC(65)   Merge Heap Roots: 0.05ms
[1135.201s][info][gc,phases   ] GC(65)   Evacuate Collection Set: 14.56ms
[1135.201s][info][gc,phases   ] GC(65)   Post Evacuate Collection Set: 0.31ms
[1135.201s][info][gc,phases   ] GC(65)   Other: 0.07ms
[1135.201s][info][gc,heap     ] GC(65) Eden regions: 142->0(143)
[1135.201s][info][gc,heap     ] GC(65) Survivor regions: 11->10(20)
[1135.201s][info][gc,heap     ] GC(65) Old regions: 66->66
[1135.201s][info][gc,heap     ] GC(65) Humongous regions: 0->0
[1135.201s][info][gc,metaspace] GC(65) Metaspace: 5653K(5824K)->5653K(5824K) NonClass: 4826K(4928K)->4826K(4928K) Class: 827K(896K)->827K(896K)
[1135.201s][info][gc          ] GC(65) Pause Young (Normal) (G1 Evacuation Pause) 217M->74M(258M) 15.357ms
[1135.201s][info][gc,cpu      ] GC(65) User=0.02s Sys=0.00s Real=0.02s
[1152.890s][info][gc,start    ] GC(66) Pause Young (Normal) (G1 Evacuation Pause)
[1152.890s][info][gc,task     ] GC(66) Using 2 workers of 2 for evacuation
[1152.904s][info][gc,phases   ] GC(66)   Pre Evacuate Collection Set: 0.16ms
[1152.904s][info][gc,phases   ] GC(66)   Merge Heap Roots: 0.04ms
[1152.904s][info][gc,phases   ] GC(66)   Evacuate Collection Set: 14.30ms
[1152.904s][info][gc,phases   ] GC(66)   Post Evacuate Collection Set: 0.29ms
[1152.904s][info][gc,phases   ] GC(66)   Other: 0.07ms
[1152.904s][info][gc,heap     ] GC(66) Eden regions: 143->0(142)
[1152.904s][info][gc,heap     ] GC(66) Survivor regions: 10->11(20)
[1152.904s][info][gc,heap     ] GC(66) Old regions: 66->66
[1152.904s][info][gc,heap     ] GC(66) Humongous regions: 0->0
[1152.904s][info][gc,metaspace] GC(66) Metaspace: 5653K(5824K)->5653K(5824K) NonClass: 4826K(4928K)->4826K(4928K) Class: 827K(896K)->827K(896K)
[1152.905s][info][gc          ] GC(66) Pause Young (Normal) (G1 Evacuation Pause) 217M->75M(258M) 15.025ms
[1152.905s][info][gc,cpu      ] GC(66) User=0.03s Sys=0.00s Real=0.01s
[1159.458s][info][gc,heap,exit] Heap
[1159.458s][info][gc,heap,exit]  garbage-first heap   total reserved 1001472K, committed 264192K, used 131407K [0x00000000c2e00000, 0x0000000100000000)
[1159.458s][info][gc,heap,exit]   region size 1024K, 65 young (66560K), 11 survivors (11264K)
[1159.458s][info][gc,heap,exit]  Metaspace       used 5729K, committed 5888K, reserved 1114112K
[1159.458s][info][gc,heap,exit]   class space    used 840K, committed 896K, reserved 1048576K
