[0.002s][info][metaspace]  - commit_granule_bytes: 65536.
[0.002s][info][metaspace]  - commit_granule_words: 8192.
[0.002s][info][metaspace]  - virtual_space_node_default_size: 8388608.
[0.002s][info][metaspace]  - enlarge_chunks_in_place: 1.
[0.004s][info][gc,init  ] CardTable entry size: 512
[0.008s][info][gc       ] Using G1
[0.012s][info][gc,init  ] Version: 24-internal-adhoc.root.jdk (release)
[0.012s][info][gc,init  ] CPUs: 2 total, 2 available
[0.012s][info][gc,init  ] Memory: 3908M
[0.012s][info][gc,init  ] Large Page Support: Disabled
[0.012s][info][gc,init  ] NUMA Support: Disabled
[0.012s][info][gc,init  ] Compressed Oops: Enabled (32-bit)
[0.012s][info][gc,init  ] Heap Region Size: 1M
[0.012s][info][gc,init  ] Heap Min Capacity: 256M
[0.012s][info][gc,init  ] Heap Initial Capacity: 256M
[0.012s][info][gc,init  ] Heap Max Capacity: 978M
[0.012s][info][gc,init  ] Pre-touch: Disabled
[0.012s][info][gc,init  ] Parallel Workers: 2
[0.012s][info][gc,init  ] Concurrent Workers: 1
[0.012s][info][gc,init  ] Concurrent Refinement Workers: 2
[0.012s][info][gc,init  ] Periodic GC: Disabled
[0.026s][info][gc,metaspace] CDS archive(s) mapped at: [0x00007fa25a000000-0x00007fa25ae7b000-0x00007fa25ae7b000), size 15183872, SharedBaseAddress: 0x00007fa25a000000, ArchiveRelocationMode: 1.
[0.026s][info][gc,metaspace] Compressed class space mapped at: 0x00007fa25b000000-0x00007fa29b000000, reserved size: 1073741824
[0.026s][info][gc,metaspace] UseCompressedClassPointers 1, UseCompactObjectHeaders 1
[0.026s][info][gc,metaspace] Narrow klass pointer bits 22, Max shift 10
[0.026s][info][gc,metaspace] Narrow klass base: 0x00007fa25a000000, Narrow klass shift: 10
[0.026s][info][gc,metaspace] Encoding Range: [0x00007fa25a000000 - 0x00007fa35a000000), (4294967296 bytes)
[0.026s][info][gc,metaspace] Klass Range:    [0x00007fa25a000000 - 0x00007fa29b000000), (1090519040 bytes)
[0.026s][info][gc,metaspace] Klass ID Range:  [1 - 1064960) (1064959)
[0.261s][info][gc,start    ] GC(0) Pause Young (Normal) (G1 Evacuation Pause)
[0.261s][info][gc,task     ] GC(0) Using 2 workers of 2 for evacuation
[0.265s][info][gc,phases   ] GC(0)   Pre Evacuate Collection Set: 0.16ms
[0.265s][info][gc,phases   ] GC(0)   Merge Heap Roots: 0.10ms
[0.265s][info][gc,phases   ] GC(0)   Evacuate Collection Set: 2.94ms
[0.265s][info][gc,phases   ] GC(0)   Post Evacuate Collection Set: 0.27ms
[0.265s][info][gc,phases   ] GC(0)   Other: 0.21ms
[0.265s][info][gc,heap     ] GC(0) Eden regions: 12->0(10)
[0.265s][info][gc,heap     ] GC(0) Survivor regions: 0->2(2)
[0.265s][info][gc,heap     ] GC(0) Old regions: 2->2
[0.265s][info][gc,heap     ] GC(0) Humongous regions: 0->0
[0.265s][info][gc,metaspace] GC(0) Metaspace: 2289K(2432K)->2289K(2432K) NonClass: 1963K(2048K)->1963K(2048K) Class: 325K(384K)->325K(384K)
[0.265s][info][gc          ] GC(0) Pause Young (Normal) (G1 Evacuation Pause) 13M->2M(258M) 3.892ms
[0.265s][info][gc,cpu      ] GC(0) User=0.01s Sys=0.00s Real=0.01s
[0.291s][info][gc,start    ] GC(1) Pause Young (Normal) (G1 Evacuation Pause)
[0.291s][info][gc,task     ] GC(1) Using 2 workers of 2 for evacuation
[0.294s][info][gc,phases   ] GC(1)   Pre Evacuate Collection Set: 0.15ms
[0.294s][info][gc,phases   ] GC(1)   Merge Heap Roots: 0.03ms
[0.294s][info][gc,phases   ] GC(1)   Evacuate Collection Set: 3.01ms
[0.294s][info][gc,phases   ] GC(1)   Post Evacuate Collection Set: 0.17ms
[0.294s][info][gc,phases   ] GC(1)   Other: 0.05ms
[0.294s][info][gc,heap     ] GC(1) Eden regions: 10->0(20)
[0.294s][info][gc,heap     ] GC(1) Survivor regions: 2->1(2)
[0.294s][info][gc,heap     ] GC(1) Old regions: 2->4
[0.294s][info][gc,heap     ] GC(1) Humongous regions: 0->0
[0.294s][info][gc,metaspace] GC(1) Metaspace: 2371K(2496K)->2371K(2496K) NonClass: 2044K(2112K)->2044K(2112K) Class: 327K(384K)->327K(384K)
[0.294s][info][gc          ] GC(1) Pause Young (Normal) (G1 Evacuation Pause) 12M->2M(258M) 3.561ms
[0.294s][info][gc,cpu      ] GC(1) User=0.01s Sys=0.00s Real=0.01s
[0.351s][info][gc,start    ] GC(2) Pause Young (Normal) (G1 Evacuation Pause)
[0.351s][info][gc,task     ] GC(2) Using 2 workers of 2 for evacuation
[0.353s][info][gc,phases   ] GC(2)   Pre Evacuate Collection Set: 0.15ms
[0.353s][info][gc,phases   ] GC(2)   Merge Heap Roots: 0.03ms
[0.353s][info][gc,phases   ] GC(2)   Evacuate Collection Set: 1.13ms
[0.353s][info][gc,phases   ] GC(2)   Post Evacuate Collection Set: 0.13ms
[0.353s][info][gc,phases   ] GC(2)   Other: 0.08ms
[0.353s][info][gc,heap     ] GC(2) Eden regions: 20->0(25)
[0.353s][info][gc,heap     ] GC(2) Survivor regions: 1->1(3)
[0.353s][info][gc,heap     ] GC(2) Old regions: 4->4
[0.353s][info][gc,heap     ] GC(2) Humongous regions: 0->0
[0.353s][info][gc,metaspace] GC(2) Metaspace: 2549K(2688K)->2549K(2688K) NonClass: 2221K(2304K)->2221K(2304K) Class: 327K(384K)->327K(384K)
[0.353s][info][gc          ] GC(2) Pause Young (Normal) (G1 Evacuation Pause) 22M->2M(258M) 1.687ms
[0.353s][info][gc,cpu      ] GC(2) User=0.00s Sys=0.00s Real=0.00s
[0.704s][info][gc,start    ] GC(3) Pause Young (Normal) (G1 Evacuation Pause)
[0.704s][info][gc,task     ] GC(3) Using 2 workers of 2 for evacuation
[0.726s][info][gc,phases   ] GC(3)   Pre Evacuate Collection Set: 0.15ms
[0.727s][info][gc,phases   ] GC(3)   Merge Heap Roots: 0.04ms
[0.727s][info][gc,phases   ] GC(3)   Evacuate Collection Set: 22.02ms
[0.727s][info][gc,phases   ] GC(3)   Post Evacuate Collection Set: 0.29ms
[0.727s][info][gc,phases   ] GC(3)   Other: 0.08ms
[0.727s][info][gc,heap     ] GC(3) Eden regions: 25->0(22)
[0.727s][info][gc,heap     ] GC(3) Survivor regions: 1->4(4)
[0.727s][info][gc,heap     ] GC(3) Old regions: 4->11
[0.727s][info][gc,heap     ] GC(3) Humongous regions: 0->0
[0.727s][info][gc,metaspace] GC(3) Metaspace: 4941K(5120K)->4941K(5120K) NonClass: 4135K(4224K)->4135K(4224K) Class: 806K(896K)->806K(896K)
[0.727s][info][gc          ] GC(3) Pause Young (Normal) (G1 Evacuation Pause) 27M->13M(258M) 22.757ms
[0.727s][info][gc,cpu      ] GC(3) User=0.03s Sys=0.02s Real=0.02s
[8.058s][info][gc,start    ] GC(4) Pause Young (Normal) (G1 Evacuation Pause)
[8.058s][info][gc,task     ] GC(4) Using 2 workers of 2 for evacuation
[8.073s][info][gc,phases   ] GC(4)   Pre Evacuate Collection Set: 0.18ms
[8.073s][info][gc,phases   ] GC(4)   Merge Heap Roots: 0.11ms
[8.073s][info][gc,phases   ] GC(4)   Evacuate Collection Set: 14.59ms
[8.073s][info][gc,phases   ] GC(4)   Post Evacuate Collection Set: 0.39ms
[8.073s][info][gc,phases   ] GC(4)   Other: 0.08ms
[8.073s][info][gc,heap     ] GC(4) Eden regions: 22->0(24)
[8.073s][info][gc,heap     ] GC(4) Survivor regions: 4->1(4)
[8.073s][info][gc,heap     ] GC(4) Old regions: 11->15
[8.073s][info][gc,heap     ] GC(4) Humongous regions: 0->0
[8.073s][info][gc,metaspace] GC(4) Metaspace: 5193K(5376K)->5193K(5376K) NonClass: 4386K(4480K)->4386K(4480K) Class: 807K(896K)->807K(896K)
[8.073s][info][gc          ] GC(4) Pause Young (Normal) (G1 Evacuation Pause) 35M->14M(258M) 15.495ms
[8.073s][info][gc,cpu      ] GC(4) User=0.02s Sys=0.00s Real=0.01s
[15.212s][info][gc,start    ] GC(5) Pause Young (Normal) (G1 Evacuation Pause)
[15.212s][info][gc,task     ] GC(5) Using 2 workers of 2 for evacuation
[15.215s][info][gc,phases   ] GC(5)   Pre Evacuate Collection Set: 0.16ms
[15.215s][info][gc,phases   ] GC(5)   Merge Heap Roots: 0.05ms
[15.215s][info][gc,phases   ] GC(5)   Evacuate Collection Set: 2.32ms
[15.215s][info][gc,phases   ] GC(5)   Post Evacuate Collection Set: 0.19ms
[15.215s][info][gc,phases   ] GC(5)   Other: 0.09ms
[15.215s][info][gc,heap     ] GC(5) Eden regions: 45->0(35)
[15.215s][info][gc,heap     ] GC(5) Survivor regions: 1->1(6)
[15.215s][info][gc,heap     ] GC(5) Old regions: 15->15
[15.215s][info][gc,heap     ] GC(5) Humongous regions: 0->0
[15.215s][info][gc,metaspace] GC(5) Metaspace: 5214K(5376K)->5214K(5376K) NonClass: 4407K(4480K)->4407K(4480K) Class: 807K(896K)->807K(896K)
[15.215s][info][gc          ] GC(5) Pause Young (Normal) (G1 Evacuation Pause) 59M->14M(258M) 2.963ms
[15.215s][info][gc,cpu      ] GC(5) User=0.01s Sys=0.00s Real=0.01s
[21.988s][info][gc,start    ] GC(6) Pause Young (Normal) (G1 Evacuation Pause)
[21.988s][info][gc,task     ] GC(6) Using 2 workers of 2 for evacuation
[21.992s][info][gc,phases   ] GC(6)   Pre Evacuate Collection Set: 0.20ms
[21.992s][info][gc,phases   ] GC(6)   Merge Heap Roots: 0.05ms
[21.992s][info][gc,phases   ] GC(6)   Evacuate Collection Set: 3.61ms
[21.992s][info][gc,phases   ] GC(6)   Post Evacuate Collection Set: 0.19ms
[21.992s][info][gc,phases   ] GC(6)   Other: 0.13ms
[21.992s][info][gc,heap     ] GC(6) Eden regions: 48->0(53)
[21.992s][info][gc,heap     ] GC(6) Survivor regions: 1->2(7)
[21.992s][info][gc,heap     ] GC(6) Old regions: 15->15
[21.992s][info][gc,heap     ] GC(6) Humongous regions: 0->0
[21.992s][info][gc,metaspace] GC(6) Metaspace: 5218K(5376K)->5218K(5376K) NonClass: 4410K(4480K)->4410K(4480K) Class: 807K(896K)->807K(896K)
[21.992s][info][gc          ] GC(6) Pause Young (Normal) (G1 Evacuation Pause) 62M->15M(258M) 4.356ms
[21.992s][info][gc,cpu      ] GC(6) User=0.00s Sys=0.00s Real=0.00s
[30.287s][info][gc,start    ] GC(7) Pause Young (Normal) (G1 Evacuation Pause)
[30.287s][info][gc,task     ] GC(7) Using 2 workers of 2 for evacuation
[30.291s][info][gc,phases   ] GC(7)   Pre Evacuate Collection Set: 0.17ms
[30.291s][info][gc,phases   ] GC(7)   Merge Heap Roots: 0.06ms
[30.291s][info][gc,phases   ] GC(7)   Evacuate Collection Set: 3.26ms
[30.291s][info][gc,phases   ] GC(7)   Post Evacuate Collection Set: 0.20ms
[30.291s][info][gc,phases   ] GC(7)   Other: 0.11ms
[30.291s][info][gc,heap     ] GC(7) Eden regions: 66->0(69)
[30.291s][info][gc,heap     ] GC(7) Survivor regions: 2->2(9)
[30.291s][info][gc,heap     ] GC(7) Old regions: 15->15
[30.291s][info][gc,heap     ] GC(7) Humongous regions: 0->0
[30.291s][info][gc,metaspace] GC(7) Metaspace: 5220K(5376K)->5220K(5376K) NonClass: 4413K(4480K)->4413K(4480K) Class: 807K(896K)->807K(896K)
[30.291s][info][gc          ] GC(7) Pause Young (Normal) (G1 Evacuation Pause) 81M->15M(258M) 4.005ms
[30.291s][info][gc,cpu      ] GC(7) User=0.01s Sys=0.00s Real=0.00s
[40.482s][info][gc,start    ] GC(8) Pause Young (Normal) (G1 Evacuation Pause)
[40.482s][info][gc,task     ] GC(8) Using 2 workers of 2 for evacuation
[40.486s][info][gc,phases   ] GC(8)   Pre Evacuate Collection Set: 0.15ms
[40.486s][info][gc,phases   ] GC(8)   Merge Heap Roots: 0.05ms
[40.486s][info][gc,phases   ] GC(8)   Evacuate Collection Set: 3.94ms
[40.486s][info][gc,phases   ] GC(8)   Post Evacuate Collection Set: 0.22ms
[40.486s][info][gc,phases   ] GC(8)   Other: 0.09ms
[40.486s][info][gc,heap     ] GC(8) Eden regions: 80->0(91)
[40.486s][info][gc,heap     ] GC(8) Survivor regions: 2->2(11)
[40.486s][info][gc,heap     ] GC(8) Old regions: 15->15
[40.486s][info][gc,heap     ] GC(8) Humongous regions: 0->0
[40.486s][info][gc,metaspace] GC(8) Metaspace: 5222K(5376K)->5222K(5376K) NonClass: 4414K(4480K)->4414K(4480K) Class: 807K(896K)->807K(896K)
[40.486s][info][gc          ] GC(8) Pause Young (Normal) (G1 Evacuation Pause) 95M->15M(258M) 4.657ms
[40.486s][info][gc,cpu      ] GC(8) User=0.01s Sys=0.00s Real=0.01s
[53.493s][info][gc,start    ] GC(9) Pause Young (Normal) (G1 Evacuation Pause)
[53.493s][info][gc,task     ] GC(9) Using 2 workers of 2 for evacuation
[53.499s][info][gc,phases   ] GC(9)   Pre Evacuate Collection Set: 0.16ms
[53.499s][info][gc,phases   ] GC(9)   Merge Heap Roots: 0.07ms
[53.499s][info][gc,phases   ] GC(9)   Evacuate Collection Set: 5.00ms
[53.499s][info][gc,phases   ] GC(9)   Post Evacuate Collection Set: 0.23ms
[53.499s][info][gc,phases   ] GC(9)   Other: 0.08ms
[53.499s][info][gc,heap     ] GC(9) Eden regions: 101->0(112)
[53.499s][info][gc,heap     ] GC(9) Survivor regions: 2->3(13)
[53.499s][info][gc,heap     ] GC(9) Old regions: 15->15
[53.499s][info][gc,heap     ] GC(9) Humongous regions: 0->0
[53.499s][info][gc,metaspace] GC(9) Metaspace: 5222K(5376K)->5222K(5376K) NonClass: 4414K(4480K)->4414K(4480K) Class: 807K(896K)->807K(896K)
[53.499s][info][gc          ] GC(9) Pause Young (Normal) (G1 Evacuation Pause) 116M->16M(258M) 5.714ms
[53.499s][info][gc,cpu      ] GC(9) User=0.01s Sys=0.00s Real=0.01s
[68.512s][info][gc,start    ] GC(10) Pause Young (Normal) (G1 Evacuation Pause)
[68.512s][info][gc,task     ] GC(10) Using 2 workers of 2 for evacuation
[68.519s][info][gc,phases   ] GC(10)   Pre Evacuate Collection Set: 0.15ms
[68.519s][info][gc,phases   ] GC(10)   Merge Heap Roots: 0.06ms
[68.519s][info][gc,phases   ] GC(10)   Evacuate Collection Set: 6.80ms
[68.519s][info][gc,phases   ] GC(10)   Post Evacuate Collection Set: 0.25ms
[68.519s][info][gc,phases   ] GC(10)   Other: 0.07ms
[68.519s][info][gc,heap     ] GC(10) Eden regions: 122->0(138)
[68.519s][info][gc,heap     ] GC(10) Survivor regions: 3->3(16)
[68.519s][info][gc,heap     ] GC(10) Old regions: 15->15
[68.519s][info][gc,heap     ] GC(10) Humongous regions: 0->0
[68.519s][info][gc,metaspace] GC(10) Metaspace: 5222K(5376K)->5222K(5376K) NonClass: 4414K(4480K)->4414K(4480K) Class: 807K(896K)->807K(896K)
[68.519s][info][gc          ] GC(10) Pause Young (Normal) (G1 Evacuation Pause) 138M->16M(258M) 7.508ms
[68.519s][info][gc,cpu      ] GC(10) User=0.01s Sys=0.01s Real=0.01s
[85.462s][info][gc,start    ] GC(11) Pause Young (Normal) (G1 Evacuation Pause)
[85.462s][info][gc,task     ] GC(11) Using 2 workers of 2 for evacuation
[85.474s][info][gc,phases   ] GC(11)   Pre Evacuate Collection Set: 0.17ms
[85.474s][info][gc,phases   ] GC(11)   Merge Heap Roots: 0.05ms
[85.474s][info][gc,phases   ] GC(11)   Evacuate Collection Set: 10.66ms
[85.474s][info][gc,phases   ] GC(11)   Post Evacuate Collection Set: 0.35ms
[85.474s][info][gc,phases   ] GC(11)   Other: 0.09ms
[85.474s][info][gc,heap     ] GC(11) Eden regions: 148->0(150)
[85.474s][info][gc,heap     ] GC(11) Survivor regions: 3->3(19)
[85.474s][info][gc,heap     ] GC(11) Old regions: 15->15
[85.474s][info][gc,heap     ] GC(11) Humongous regions: 0->0
[85.474s][info][gc,metaspace] GC(11) Metaspace: 5222K(5376K)->5222K(5376K) NonClass: 4415K(4480K)->4415K(4480K) Class: 807K(896K)->807K(896K)
[85.474s][info][gc          ] GC(11) Pause Young (Normal) (G1 Evacuation Pause) 164M->16M(258M) 11.458ms
[85.474s][info][gc,cpu      ] GC(11) User=0.02s Sys=0.01s Real=0.01s
[103.810s][info][gc,start    ] GC(12) Pause Young (Normal) (G1 Evacuation Pause)
[103.810s][info][gc,task     ] GC(12) Using 2 workers of 2 for evacuation
[103.822s][info][gc,phases   ] GC(12)   Pre Evacuate Collection Set: 0.18ms
[103.822s][info][gc,phases   ] GC(12)   Merge Heap Roots: 0.06ms
[103.822s][info][gc,phases   ] GC(12)   Evacuate Collection Set: 11.82ms
[103.822s][info][gc,phases   ] GC(12)   Post Evacuate Collection Set: 0.31ms
[103.822s][info][gc,phases   ] GC(12)   Other: 0.12ms
[103.822s][info][gc,heap     ] GC(12) Eden regions: 150->0(149)
[103.822s][info][gc,heap     ] GC(12) Survivor regions: 3->4(20)
[103.822s][info][gc,heap     ] GC(12) Old regions: 15->15
[103.822s][info][gc,heap     ] GC(12) Humongous regions: 0->0
[103.822s][info][gc,metaspace] GC(12) Metaspace: 5222K(5376K)->5222K(5376K) NonClass: 4415K(4480K)->4415K(4480K) Class: 807K(896K)->807K(896K)
[103.822s][info][gc          ] GC(12) Pause Young (Normal) (G1 Evacuation Pause) 166M->17M(258M) 12.675ms
[103.822s][info][gc,cpu      ] GC(12) User=0.02s Sys=0.00s Real=0.01s
[126.078s][info][gc,start    ] GC(13) Pause Young (Normal) (G1 Evacuation Pause)
[126.078s][info][gc,task     ] GC(13) Using 2 workers of 2 for evacuation
[126.102s][info][gc,phases   ] GC(13)   Pre Evacuate Collection Set: 0.17ms
[126.102s][info][gc,phases   ] GC(13)   Merge Heap Roots: 0.07ms
[126.102s][info][gc,phases   ] GC(13)   Evacuate Collection Set: 23.14ms
[126.102s][info][gc,phases   ] GC(13)   Post Evacuate Collection Set: 0.33ms
[126.102s][info][gc,phases   ] GC(13)   Other: 0.08ms
[126.102s][info][gc,heap     ] GC(13) Eden regions: 149->0(139)
[126.102s][info][gc,heap     ] GC(13) Survivor regions: 4->14(20)
[126.102s][info][gc,heap     ] GC(13) Old regions: 15->15
[126.102s][info][gc,heap     ] GC(13) Humongous regions: 0->0
[126.102s][info][gc,metaspace] GC(13) Metaspace: 5418K(5568K)->5418K(5568K) NonClass: 4593K(4672K)->4593K(4672K) Class: 825K(896K)->825K(896K)
[126.102s][info][gc          ] GC(13) Pause Young (Normal) (G1 Evacuation Pause) 166M->27M(258M) 23.964ms
[126.102s][info][gc,cpu      ] GC(13) User=0.04s Sys=0.01s Real=0.02s
[142.282s][info][gc,start    ] GC(14) Pause Young (Normal) (G1 Evacuation Pause)
[142.282s][info][gc,task     ] GC(14) Using 2 workers of 2 for evacuation
[142.309s][info][gc,phases   ] GC(14)   Pre Evacuate Collection Set: 0.16ms
[142.309s][info][gc,phases   ] GC(14)   Merge Heap Roots: 0.08ms
[142.309s][info][gc,phases   ] GC(14)   Evacuate Collection Set: 26.41ms
[142.309s][info][gc,phases   ] GC(14)   Post Evacuate Collection Set: 0.33ms
[142.309s][info][gc,phases   ] GC(14)   Other: 0.07ms
[142.309s][info][gc,heap     ] GC(14) Eden regions: 139->0(152)
[142.309s][info][gc,heap     ] GC(14) Survivor regions: 14->1(20)
[142.309s][info][gc,heap     ] GC(14) Old regions: 15->29
[142.309s][info][gc,heap     ] GC(14) Humongous regions: 0->0
[142.309s][info][gc,metaspace] GC(14) Metaspace: 5419K(5568K)->5419K(5568K) NonClass: 4594K(4672K)->4594K(4672K) Class: 825K(896K)->825K(896K)
[142.309s][info][gc          ] GC(14) Pause Young (Normal) (G1 Evacuation Pause) 166M->28M(258M) 27.234ms
[142.309s][info][gc,cpu      ] GC(14) User=0.04s Sys=0.01s Real=0.03s
[161.449s][info][gc,start    ] GC(15) Pause Young (Normal) (G1 Evacuation Pause)
[161.449s][info][gc,task     ] GC(15) Using 2 workers of 2 for evacuation
[161.452s][info][gc,phases   ] GC(15)   Pre Evacuate Collection Set: 0.17ms
[161.452s][info][gc,phases   ] GC(15)   Merge Heap Roots: 0.08ms
[161.452s][info][gc,phases   ] GC(15)   Evacuate Collection Set: 1.83ms
[161.452s][info][gc,phases   ] GC(15)   Post Evacuate Collection Set: 0.29ms
[161.452s][info][gc,phases   ] GC(15)   Other: 0.07ms
[161.452s][info][gc,heap     ] GC(15) Eden regions: 152->0(152)
[161.452s][info][gc,heap     ] GC(15) Survivor regions: 1->1(20)
[161.452s][info][gc,heap     ] GC(15) Old regions: 29->29
[161.452s][info][gc,heap     ] GC(15) Humongous regions: 0->0
[161.452s][info][gc,metaspace] GC(15) Metaspace: 5419K(5568K)->5419K(5568K) NonClass: 4594K(4672K)->4594K(4672K) Class: 825K(896K)->825K(896K)
[161.452s][info][gc          ] GC(15) Pause Young (Normal) (G1 Evacuation Pause) 180M->28M(258M) 2.626ms
[161.452s][info][gc,cpu      ] GC(15) User=0.01s Sys=0.00s Real=0.00s
[180.449s][info][gc,start    ] GC(16) Pause Young (Normal) (G1 Evacuation Pause)
[180.449s][info][gc,task     ] GC(16) Using 2 workers of 2 for evacuation
[180.452s][info][gc,phases   ] GC(16)   Pre Evacuate Collection Set: 0.19ms
[180.452s][info][gc,phases   ] GC(16)   Merge Heap Roots: 0.05ms
[180.452s][info][gc,phases   ] GC(16)   Evacuate Collection Set: 2.64ms
[180.452s][info][gc,phases   ] GC(16)   Post Evacuate Collection Set: 0.30ms
[180.452s][info][gc,phases   ] GC(16)   Other: 0.07ms
[180.452s][info][gc,heap     ] GC(16) Eden regions: 152->0(151)
[180.452s][info][gc,heap     ] GC(16) Survivor regions: 1->2(20)
[180.452s][info][gc,heap     ] GC(16) Old regions: 29->29
[180.452s][info][gc,heap     ] GC(16) Humongous regions: 0->0
[180.452s][info][gc,metaspace] GC(16) Metaspace: 5419K(5568K)->5419K(5568K) NonClass: 4594K(4672K)->4594K(4672K) Class: 825K(896K)->825K(896K)
[180.452s][info][gc          ] GC(16) Pause Young (Normal) (G1 Evacuation Pause) 180M->28M(258M) 3.405ms
[180.453s][info][gc,cpu      ] GC(16) User=0.00s Sys=0.00s Real=0.00s
[199.415s][info][gc,start    ] GC(17) Pause Young (Normal) (G1 Evacuation Pause)
[199.415s][info][gc,task     ] GC(17) Using 2 workers of 2 for evacuation
[199.418s][info][gc,phases   ] GC(17)   Pre Evacuate Collection Set: 0.17ms
[199.418s][info][gc,phases   ] GC(17)   Merge Heap Roots: 0.07ms
[199.418s][info][gc,phases   ] GC(17)   Evacuate Collection Set: 2.78ms
[199.418s][info][gc,phases   ] GC(17)   Post Evacuate Collection Set: 0.27ms
[199.418s][info][gc,phases   ] GC(17)   Other: 0.09ms
[199.418s][info][gc,heap     ] GC(17) Eden regions: 151->0(151)
[199.418s][info][gc,heap     ] GC(17) Survivor regions: 2->2(20)
[199.418s][info][gc,heap     ] GC(17) Old regions: 29->29
[199.418s][info][gc,heap     ] GC(17) Humongous regions: 0->0
[199.418s][info][gc,metaspace] GC(17) Metaspace: 5419K(5568K)->5419K(5568K) NonClass: 4594K(4672K)->4594K(4672K) Class: 825K(896K)->825K(896K)
[199.418s][info][gc          ] GC(17) Pause Young (Normal) (G1 Evacuation Pause) 179M->29M(258M) 3.617ms
[199.418s][info][gc,cpu      ] GC(17) User=0.01s Sys=0.00s Real=0.00s
[223.213s][info][gc,start    ] GC(18) Pause Young (Normal) (G1 Evacuation Pause)
[223.213s][info][gc,task     ] GC(18) Using 2 workers of 2 for evacuation
[223.231s][info][gc,phases   ] GC(18)   Pre Evacuate Collection Set: 0.22ms
[223.231s][info][gc,phases   ] GC(18)   Merge Heap Roots: 0.08ms
[223.232s][info][gc,phases   ] GC(18)   Evacuate Collection Set: 17.22ms
[223.232s][info][gc,phases   ] GC(18)   Post Evacuate Collection Set: 0.38ms
[223.232s][info][gc,phases   ] GC(18)   Other: 0.08ms
[223.232s][info][gc,heap     ] GC(18) Eden regions: 151->0(140)
[223.232s][info][gc,heap     ] GC(18) Survivor regions: 2->13(20)
[223.232s][info][gc,heap     ] GC(18) Old regions: 29->29
[223.232s][info][gc,heap     ] GC(18) Humongous regions: 0->0
[223.232s][info][gc,metaspace] GC(18) Metaspace: 5439K(5568K)->5439K(5568K) NonClass: 4614K(4672K)->4614K(4672K) Class: 825K(896K)->825K(896K)
[223.232s][info][gc          ] GC(18) Pause Young (Normal) (G1 Evacuation Pause) 180M->40M(258M) 18.159ms
[223.232s][info][gc,cpu      ] GC(18) User=0.03s Sys=0.00s Real=0.02s
[242.013s][info][gc,start    ] GC(19) Pause Young (Normal) (G1 Evacuation Pause)
[242.013s][info][gc,task     ] GC(19) Using 2 workers of 2 for evacuation
[242.031s][info][gc,phases   ] GC(19)   Pre Evacuate Collection Set: 0.16ms
[242.031s][info][gc,phases   ] GC(19)   Merge Heap Roots: 0.05ms
[242.031s][info][gc,phases   ] GC(19)   Evacuate Collection Set: 16.96ms
[242.031s][info][gc,phases   ] GC(19)   Post Evacuate Collection Set: 0.30ms
[242.031s][info][gc,phases   ] GC(19)   Other: 0.08ms
[242.031s][info][gc,heap     ] GC(19) Eden regions: 140->0(142)
[242.031s][info][gc,heap     ] GC(19) Survivor regions: 13->11(20)
[242.031s][info][gc,heap     ] GC(19) Old regions: 29->30
[242.031s][info][gc,heap     ] GC(19) Humongous regions: 0->0
[242.031s][info][gc,metaspace] GC(19) Metaspace: 5439K(5568K)->5439K(5568K) NonClass: 4614K(4672K)->4614K(4672K) Class: 825K(896K)->825K(896K)
[242.031s][info][gc          ] GC(19) Pause Young (Normal) (G1 Evacuation Pause) 180M->39M(258M) 17.747ms
[242.031s][info][gc,cpu      ] GC(19) User=0.03s Sys=0.00s Real=0.02s
[261.561s][info][gc,start    ] GC(20) Pause Young (Normal) (G1 Evacuation Pause)
[261.562s][info][gc,task     ] GC(20) Using 2 workers of 2 for evacuation
[261.576s][info][gc,phases   ] GC(20)   Pre Evacuate Collection Set: 0.16ms
[261.576s][info][gc,phases   ] GC(20)   Merge Heap Roots: 0.05ms
[261.576s][info][gc,phases   ] GC(20)   Evacuate Collection Set: 14.17ms
[261.576s][info][gc,phases   ] GC(20)   Post Evacuate Collection Set: 0.30ms
[261.576s][info][gc,phases   ] GC(20)   Other: 0.07ms
[261.576s][info][gc,heap     ] GC(20) Eden regions: 142->0(142)
[261.576s][info][gc,heap     ] GC(20) Survivor regions: 11->11(20)
[261.576s][info][gc,heap     ] GC(20) Old regions: 30->30
[261.576s][info][gc,heap     ] GC(20) Humongous regions: 0->0
[261.576s][info][gc,metaspace] GC(20) Metaspace: 5439K(5568K)->5439K(5568K) NonClass: 4614K(4672K)->4614K(4672K) Class: 825K(896K)->825K(896K)
[261.576s][info][gc          ] GC(20) Pause Young (Normal) (G1 Evacuation Pause) 181M->39M(258M) 14.923ms
[261.576s][info][gc,cpu      ] GC(20) User=0.03s Sys=0.00s Real=0.02s
[280.488s][info][gc,start    ] GC(21) Pause Young (Normal) (G1 Evacuation Pause)
[280.488s][info][gc,task     ] GC(21) Using 2 workers of 2 for evacuation
[280.503s][info][gc,phases   ] GC(21)   Pre Evacuate Collection Set: 0.17ms
[280.503s][info][gc,phases   ] GC(21)   Merge Heap Roots: 0.05ms
[280.503s][info][gc,phases   ] GC(21)   Evacuate Collection Set: 14.33ms
[280.503s][info][gc,phases   ] GC(21)   Post Evacuate Collection Set: 0.31ms
[280.503s][info][gc,phases   ] GC(21)   Other: 0.10ms
[280.503s][info][gc,heap     ] GC(21) Eden regions: 142->0(142)
[280.503s][info][gc,heap     ] GC(21) Survivor regions: 11->11(20)
[280.503s][info][gc,heap     ] GC(21) Old regions: 30->30
[280.503s][info][gc,heap     ] GC(21) Humongous regions: 0->0
[280.503s][info][gc,metaspace] GC(21) Metaspace: 5439K(5568K)->5439K(5568K) NonClass: 4614K(4672K)->4614K(4672K) Class: 825K(896K)->825K(896K)
[280.503s][info][gc          ] GC(21) Pause Young (Normal) (G1 Evacuation Pause) 181M->39M(258M) 15.192ms
[280.503s][info][gc,cpu      ] GC(21) User=0.03s Sys=0.00s Real=0.01s
[297.885s][info][gc,start    ] GC(22) Pause Young (Normal) (G1 Evacuation Pause)
[297.885s][info][gc,task     ] GC(22) Using 2 workers of 2 for evacuation
[297.900s][info][gc,phases   ] GC(22)   Pre Evacuate Collection Set: 0.15ms
[297.900s][info][gc,phases   ] GC(22)   Merge Heap Roots: 0.05ms
[297.900s][info][gc,phases   ] GC(22)   Evacuate Collection Set: 14.28ms
[297.900s][info][gc,phases   ] GC(22)   Post Evacuate Collection Set: 0.31ms
[297.900s][info][gc,phases   ] GC(22)   Other: 0.09ms
[297.900s][info][gc,heap     ] GC(22) Eden regions: 142->0(142)
[297.900s][info][gc,heap     ] GC(22) Survivor regions: 11->11(20)
[297.900s][info][gc,heap     ] GC(22) Old regions: 30->30
[297.900s][info][gc,heap     ] GC(22) Humongous regions: 0->0
[297.900s][info][gc,metaspace] GC(22) Metaspace: 5439K(5568K)->5439K(5568K) NonClass: 4614K(4672K)->4614K(4672K) Class: 825K(896K)->825K(896K)
[297.900s][info][gc          ] GC(22) Pause Young (Normal) (G1 Evacuation Pause) 181M->39M(258M) 15.044ms
[297.900s][info][gc,cpu      ] GC(22) User=0.03s Sys=0.00s Real=0.01s
[316.724s][info][gc,start    ] GC(23) Pause Young (Normal) (G1 Evacuation Pause)
[316.725s][info][gc,task     ] GC(23) Using 2 workers of 2 for evacuation
[316.740s][info][gc,phases   ] GC(23)   Pre Evacuate Collection Set: 0.16ms
[316.740s][info][gc,phases   ] GC(23)   Merge Heap Roots: 0.05ms
[316.740s][info][gc,phases   ] GC(23)   Evacuate Collection Set: 15.05ms
[316.740s][info][gc,phases   ] GC(23)   Post Evacuate Collection Set: 0.30ms
[316.740s][info][gc,phases   ] GC(23)   Other: 0.09ms
[316.740s][info][gc,heap     ] GC(23) Eden regions: 142->0(142)
[316.740s][info][gc,heap     ] GC(23) Survivor regions: 11->11(20)
[316.740s][info][gc,heap     ] GC(23) Old regions: 30->30
[316.740s][info][gc,heap     ] GC(23) Humongous regions: 0->0
[316.740s][info][gc,metaspace] GC(23) Metaspace: 5491K(5696K)->5491K(5696K) NonClass: 4663K(4800K)->4663K(4800K) Class: 827K(896K)->827K(896K)
[316.740s][info][gc          ] GC(23) Pause Young (Normal) (G1 Evacuation Pause) 181M->39M(258M) 15.820ms
[316.740s][info][gc,cpu      ] GC(23) User=0.04s Sys=0.00s Real=0.01s
[337.976s][info][gc,start    ] GC(24) Pause Young (Normal) (G1 Evacuation Pause)
[337.976s][info][gc,task     ] GC(24) Using 2 workers of 2 for evacuation
[337.992s][info][gc,phases   ] GC(24)   Pre Evacuate Collection Set: 0.21ms
[337.992s][info][gc,phases   ] GC(24)   Merge Heap Roots: 0.05ms
[337.992s][info][gc,phases   ] GC(24)   Evacuate Collection Set: 15.05ms
[337.992s][info][gc,phases   ] GC(24)   Post Evacuate Collection Set: 0.36ms
[337.992s][info][gc,phases   ] GC(24)   Other: 0.09ms
[337.992s][info][gc,heap     ] GC(24) Eden regions: 142->0(142)
[337.992s][info][gc,heap     ] GC(24) Survivor regions: 11->11(20)
[337.992s][info][gc,heap     ] GC(24) Old regions: 30->30
[337.992s][info][gc,heap     ] GC(24) Humongous regions: 0->0
[337.992s][info][gc,metaspace] GC(24) Metaspace: 5493K(5696K)->5493K(5696K) NonClass: 4666K(4800K)->4666K(4800K) Class: 827K(896K)->827K(896K)
[337.992s][info][gc          ] GC(24) Pause Young (Normal) (G1 Evacuation Pause) 181M->39M(258M) 15.939ms
[337.992s][info][gc,cpu      ] GC(24) User=0.02s Sys=0.00s Real=0.01s
[356.742s][info][gc,start    ] GC(25) Pause Young (Normal) (G1 Evacuation Pause)
[356.742s][info][gc,task     ] GC(25) Using 2 workers of 2 for evacuation
[356.756s][info][gc,phases   ] GC(25)   Pre Evacuate Collection Set: 0.16ms
[356.756s][info][gc,phases   ] GC(25)   Merge Heap Roots: 0.05ms
[356.756s][info][gc,phases   ] GC(25)   Evacuate Collection Set: 14.20ms
[356.756s][info][gc,phases   ] GC(25)   Post Evacuate Collection Set: 0.28ms
[356.756s][info][gc,phases   ] GC(25)   Other: 0.07ms
[356.756s][info][gc,heap     ] GC(25) Eden regions: 142->0(142)
[356.756s][info][gc,heap     ] GC(25) Survivor regions: 11->11(20)
[356.756s][info][gc,heap     ] GC(25) Old regions: 30->30
[356.756s][info][gc,heap     ] GC(25) Humongous regions: 0->0
[356.756s][info][gc,metaspace] GC(25) Metaspace: 5493K(5696K)->5493K(5696K) NonClass: 4666K(4800K)->4666K(4800K) Class: 827K(896K)->827K(896K)
[356.757s][info][gc          ] GC(25) Pause Young (Normal) (G1 Evacuation Pause) 181M->39M(258M) 14.960ms
[356.757s][info][gc,cpu      ] GC(25) User=0.03s Sys=0.00s Real=0.02s
[374.419s][info][gc,start    ] GC(26) Pause Young (Normal) (G1 Evacuation Pause)
[374.419s][info][gc,task     ] GC(26) Using 2 workers of 2 for evacuation
[374.434s][info][gc,phases   ] GC(26)   Pre Evacuate Collection Set: 0.19ms
[374.434s][info][gc,phases   ] GC(26)   Merge Heap Roots: 0.06ms
[374.434s][info][gc,phases   ] GC(26)   Evacuate Collection Set: 14.37ms
[374.434s][info][gc,phases   ] GC(26)   Post Evacuate Collection Set: 0.31ms
[374.434s][info][gc,phases   ] GC(26)   Other: 0.08ms
[374.434s][info][gc,heap     ] GC(26) Eden regions: 142->0(142)
[374.434s][info][gc,heap     ] GC(26) Survivor regions: 11->11(20)
[374.434s][info][gc,heap     ] GC(26) Old regions: 30->30
[374.434s][info][gc,heap     ] GC(26) Humongous regions: 0->0
[374.434s][info][gc,metaspace] GC(26) Metaspace: 5493K(5696K)->5493K(5696K) NonClass: 4666K(4800K)->4666K(4800K) Class: 827K(896K)->827K(896K)
[374.434s][info][gc          ] GC(26) Pause Young (Normal) (G1 Evacuation Pause) 181M->39M(258M) 15.215ms
[374.434s][info][gc,cpu      ] GC(26) User=0.03s Sys=0.01s Real=0.02s
[392.175s][info][gc,start    ] GC(27) Pause Young (Normal) (G1 Evacuation Pause)
[392.175s][info][gc,task     ] GC(27) Using 2 workers of 2 for evacuation
[392.191s][info][gc,phases   ] GC(27)   Pre Evacuate Collection Set: 0.19ms
[392.191s][info][gc,phases   ] GC(27)   Merge Heap Roots: 0.06ms
[392.191s][info][gc,phases   ] GC(27)   Evacuate Collection Set: 14.73ms
[392.191s][info][gc,phases   ] GC(27)   Post Evacuate Collection Set: 0.30ms
[392.191s][info][gc,phases   ] GC(27)   Other: 0.10ms
[392.191s][info][gc,heap     ] GC(27) Eden regions: 142->0(142)
[392.191s][info][gc,heap     ] GC(27) Survivor regions: 11->11(20)
[392.191s][info][gc,heap     ] GC(27) Old regions: 30->30
[392.191s][info][gc,heap     ] GC(27) Humongous regions: 0->0
[392.191s][info][gc,metaspace] GC(27) Metaspace: 5493K(5696K)->5493K(5696K) NonClass: 4666K(4800K)->4666K(4800K) Class: 827K(896K)->827K(896K)
[392.191s][info][gc          ] GC(27) Pause Young (Normal) (G1 Evacuation Pause) 181M->39M(258M) 15.590ms
[392.191s][info][gc,cpu      ] GC(27) User=0.03s Sys=0.00s Real=0.01s
[409.463s][info][gc,start    ] GC(28) Pause Young (Normal) (G1 Evacuation Pause)
[409.463s][info][gc,task     ] GC(28) Using 2 workers of 2 for evacuation
[409.478s][info][gc,phases   ] GC(28)   Pre Evacuate Collection Set: 0.15ms
[409.478s][info][gc,phases   ] GC(28)   Merge Heap Roots: 0.05ms
[409.478s][info][gc,phases   ] GC(28)   Evacuate Collection Set: 14.17ms
[409.478s][info][gc,phases   ] GC(28)   Post Evacuate Collection Set: 0.32ms
[409.478s][info][gc,phases   ] GC(28)   Other: 0.09ms
[409.478s][info][gc,heap     ] GC(28) Eden regions: 142->0(142)
[409.478s][info][gc,heap     ] GC(28) Survivor regions: 11->11(20)
[409.478s][info][gc,heap     ] GC(28) Old regions: 30->30
[409.478s][info][gc,heap     ] GC(28) Humongous regions: 0->0
[409.478s][info][gc,metaspace] GC(28) Metaspace: 5493K(5696K)->5493K(5696K) NonClass: 4666K(4800K)->4666K(4800K) Class: 827K(896K)->827K(896K)
[409.478s][info][gc          ] GC(28) Pause Young (Normal) (G1 Evacuation Pause) 181M->39M(258M) 14.972ms
[409.478s][info][gc,cpu      ] GC(28) User=0.03s Sys=0.00s Real=0.02s
[430.581s][info][gc,start    ] GC(29) Pause Young (Normal) (G1 Evacuation Pause)
[430.581s][info][gc,task     ] GC(29) Using 2 workers of 2 for evacuation
[430.596s][info][gc,phases   ] GC(29)   Pre Evacuate Collection Set: 0.18ms
[430.596s][info][gc,phases   ] GC(29)   Merge Heap Roots: 0.05ms
[430.596s][info][gc,phases   ] GC(29)   Evacuate Collection Set: 14.69ms
[430.596s][info][gc,phases   ] GC(29)   Post Evacuate Collection Set: 0.31ms
[430.596s][info][gc,phases   ] GC(29)   Other: 0.07ms
[430.596s][info][gc,heap     ] GC(29) Eden regions: 142->0(142)
[430.596s][info][gc,heap     ] GC(29) Survivor regions: 11->11(20)
[430.596s][info][gc,heap     ] GC(29) Old regions: 30->30
[430.596s][info][gc,heap     ] GC(29) Humongous regions: 0->0
[430.596s][info][gc,metaspace] GC(29) Metaspace: 5507K(5696K)->5507K(5696K) NonClass: 4679K(4800K)->4679K(4800K) Class: 827K(896K)->827K(896K)
[430.596s][info][gc          ] GC(29) Pause Young (Normal) (G1 Evacuation Pause) 181M->39M(258M) 15.502ms
[430.596s][info][gc,cpu      ] GC(29) User=0.03s Sys=0.00s Real=0.02s
[448.529s][info][gc,start    ] GC(30) Pause Young (Normal) (G1 Evacuation Pause)
[448.529s][info][gc,task     ] GC(30) Using 2 workers of 2 for evacuation
[448.544s][info][gc,phases   ] GC(30)   Pre Evacuate Collection Set: 0.16ms
[448.544s][info][gc,phases   ] GC(30)   Merge Heap Roots: 0.05ms
[448.544s][info][gc,phases   ] GC(30)   Evacuate Collection Set: 14.22ms
[448.544s][info][gc,phases   ] GC(30)   Post Evacuate Collection Set: 0.32ms
[448.544s][info][gc,phases   ] GC(30)   Other: 0.09ms
[448.544s][info][gc,heap     ] GC(30) Eden regions: 142->0(142)
[448.544s][info][gc,heap     ] GC(30) Survivor regions: 11->11(20)
[448.544s][info][gc,heap     ] GC(30) Old regions: 30->30
[448.544s][info][gc,heap     ] GC(30) Humongous regions: 0->0
[448.544s][info][gc,metaspace] GC(30) Metaspace: 5507K(5696K)->5507K(5696K) NonClass: 4679K(4800K)->4679K(4800K) Class: 827K(896K)->827K(896K)
[448.544s][info][gc          ] GC(30) Pause Young (Normal) (G1 Evacuation Pause) 181M->39M(258M) 15.019ms
[448.544s][info][gc,cpu      ] GC(30) User=0.03s Sys=0.00s Real=0.02s
[466.415s][info][gc,start    ] GC(31) Pause Young (Normal) (G1 Evacuation Pause)
[466.415s][info][gc,task     ] GC(31) Using 2 workers of 2 for evacuation
[466.430s][info][gc,phases   ] GC(31)   Pre Evacuate Collection Set: 0.19ms
[466.430s][info][gc,phases   ] GC(31)   Merge Heap Roots: 0.07ms
[466.430s][info][gc,phases   ] GC(31)   Evacuate Collection Set: 14.29ms
[466.430s][info][gc,phases   ] GC(31)   Post Evacuate Collection Set: 0.29ms
[466.430s][info][gc,phases   ] GC(31)   Other: 0.07ms
[466.430s][info][gc,heap     ] GC(31) Eden regions: 142->0(142)
[466.430s][info][gc,heap     ] GC(31) Survivor regions: 11->11(20)
[466.430s][info][gc,heap     ] GC(31) Old regions: 30->30
[466.430s][info][gc,heap     ] GC(31) Humongous regions: 0->0
[466.430s][info][gc,metaspace] GC(31) Metaspace: 5507K(5696K)->5507K(5696K) NonClass: 4679K(4800K)->4679K(4800K) Class: 827K(896K)->827K(896K)
[466.430s][info][gc          ] GC(31) Pause Young (Normal) (G1 Evacuation Pause) 181M->39M(258M) 15.113ms
[466.430s][info][gc,cpu      ] GC(31) User=0.03s Sys=0.00s Real=0.01s
[484.348s][info][gc,start    ] GC(32) Pause Young (Normal) (G1 Evacuation Pause)
[484.348s][info][gc,task     ] GC(32) Using 2 workers of 2 for evacuation
[484.362s][info][gc,phases   ] GC(32)   Pre Evacuate Collection Set: 0.16ms
[484.362s][info][gc,phases   ] GC(32)   Merge Heap Roots: 0.05ms
[484.362s][info][gc,phases   ] GC(32)   Evacuate Collection Set: 14.18ms
[484.362s][info][gc,phases   ] GC(32)   Post Evacuate Collection Set: 0.36ms
[484.362s][info][gc,phases   ] GC(32)   Other: 0.07ms
[484.362s][info][gc,heap     ] GC(32) Eden regions: 142->0(142)
[484.362s][info][gc,heap     ] GC(32) Survivor regions: 11->11(20)
[484.362s][info][gc,heap     ] GC(32) Old regions: 30->30
[484.363s][info][gc,heap     ] GC(32) Humongous regions: 0->0
[484.363s][info][gc,metaspace] GC(32) Metaspace: 5507K(5696K)->5507K(5696K) NonClass: 4679K(4800K)->4679K(4800K) Class: 827K(896K)->827K(896K)
[484.363s][info][gc          ] GC(32) Pause Young (Normal) (G1 Evacuation Pause) 181M->39M(258M) 15.011ms
[484.363s][info][gc,cpu      ] GC(32) User=0.03s Sys=0.00s Real=0.01s
[502.826s][info][gc,start    ] GC(33) Pause Young (Normal) (G1 Evacuation Pause)
[502.826s][info][gc,task     ] GC(33) Using 2 workers of 2 for evacuation
[502.841s][info][gc,phases   ] GC(33)   Pre Evacuate Collection Set: 0.17ms
[502.841s][info][gc,phases   ] GC(33)   Merge Heap Roots: 0.05ms
[502.841s][info][gc,phases   ] GC(33)   Evacuate Collection Set: 14.42ms
[502.841s][info][gc,phases   ] GC(33)   Post Evacuate Collection Set: 0.31ms
[502.841s][info][gc,phases   ] GC(33)   Other: 0.08ms
[502.841s][info][gc,heap     ] GC(33) Eden regions: 142->0(142)
[502.841s][info][gc,heap     ] GC(33) Survivor regions: 11->11(20)
[502.841s][info][gc,heap     ] GC(33) Old regions: 30->31
[502.841s][info][gc,heap     ] GC(33) Humongous regions: 0->0
[502.841s][info][gc,metaspace] GC(33) Metaspace: 5507K(5696K)->5507K(5696K) NonClass: 4679K(4800K)->4679K(4800K) Class: 827K(896K)->827K(896K)
[502.841s][info][gc          ] GC(33) Pause Young (Normal) (G1 Evacuation Pause) 181M->39M(258M) 15.275ms
[502.841s][info][gc,cpu      ] GC(33) User=0.03s Sys=0.01s Real=0.01s
[520.117s][info][gc,start    ] GC(34) Pause Young (Normal) (G1 Evacuation Pause)
[520.117s][info][gc,task     ] GC(34) Using 2 workers of 2 for evacuation
[520.127s][info][gc,phases   ] GC(34)   Pre Evacuate Collection Set: 0.17ms
[520.127s][info][gc,phases   ] GC(34)   Merge Heap Roots: 0.05ms
[520.127s][info][gc,phases   ] GC(34)   Evacuate Collection Set: 9.48ms
[520.127s][info][gc,phases   ] GC(34)   Post Evacuate Collection Set: 0.32ms
[520.127s][info][gc,phases   ] GC(34)   Other: 0.09ms
[520.127s][info][gc,heap     ] GC(34) Eden regions: 142->0(145)
[520.127s][info][gc,heap     ] GC(34) Survivor regions: 11->8(20)
[520.127s][info][gc,heap     ] GC(34) Old regions: 31->31
[520.127s][info][gc,heap     ] GC(34) Humongous regions: 0->0
[520.127s][info][gc,metaspace] GC(34) Metaspace: 5512K(5696K)->5512K(5696K) NonClass: 4685K(4800K)->4685K(4800K) Class: 827K(896K)->827K(896K)
[520.127s][info][gc          ] GC(34) Pause Young (Normal) (G1 Evacuation Pause) 181M->36M(258M) 10.284ms
[520.127s][info][gc,cpu      ] GC(34) User=0.02s Sys=0.00s Real=0.01s
[543.675s][info][gc,start    ] GC(35) Pause Young (Normal) (G1 Evacuation Pause)
[543.675s][info][gc,task     ] GC(35) Using 2 workers of 2 for evacuation
[543.690s][info][gc,phases   ] GC(35)   Pre Evacuate Collection Set: 0.17ms
[543.690s][info][gc,phases   ] GC(35)   Merge Heap Roots: 0.04ms
[543.690s][info][gc,phases   ] GC(35)   Evacuate Collection Set: 14.20ms
[543.690s][info][gc,phases   ] GC(35)   Post Evacuate Collection Set: 0.30ms
[543.690s][info][gc,phases   ] GC(35)   Other: 0.09ms
[543.690s][info][gc,heap     ] GC(35) Eden regions: 145->0(142)
[543.690s][info][gc,heap     ] GC(35) Survivor regions: 8->11(20)
[543.690s][info][gc,heap     ] GC(35) Old regions: 31->31
[543.690s][info][gc,heap     ] GC(35) Humongous regions: 0->0
[543.690s][info][gc,metaspace] GC(35) Metaspace: 5516K(5696K)->5516K(5696K) NonClass: 4689K(4800K)->4689K(4800K) Class: 827K(896K)->827K(896K)
[543.690s][info][gc          ] GC(35) Pause Young (Normal) (G1 Evacuation Pause) 181M->39M(258M) 14.983ms
[543.690s][info][gc,cpu      ] GC(35) User=0.03s Sys=0.00s Real=0.01s
[561.535s][info][gc,start    ] GC(36) Pause Young (Normal) (G1 Evacuation Pause)
[561.535s][info][gc,task     ] GC(36) Using 2 workers of 2 for evacuation
[561.550s][info][gc,phases   ] GC(36)   Pre Evacuate Collection Set: 0.18ms
[561.550s][info][gc,phases   ] GC(36)   Merge Heap Roots: 0.04ms
[561.550s][info][gc,phases   ] GC(36)   Evacuate Collection Set: 14.14ms
[561.550s][info][gc,phases   ] GC(36)   Post Evacuate Collection Set: 0.29ms
[561.550s][info][gc,phases   ] GC(36)   Other: 0.07ms
[561.550s][info][gc,heap     ] GC(36) Eden regions: 142->0(142)
[561.550s][info][gc,heap     ] GC(36) Survivor regions: 11->11(20)
[561.550s][info][gc,heap     ] GC(36) Old regions: 31->31
[561.550s][info][gc,heap     ] GC(36) Humongous regions: 0->0
[561.550s][info][gc,metaspace] GC(36) Metaspace: 5516K(5696K)->5516K(5696K) NonClass: 4689K(4800K)->4689K(4800K) Class: 827K(896K)->827K(896K)
[561.550s][info][gc          ] GC(36) Pause Young (Normal) (G1 Evacuation Pause) 181M->39M(258M) 14.902ms
[561.550s][info][gc,cpu      ] GC(36) User=0.02s Sys=0.00s Real=0.01s
[579.046s][info][gc,start    ] GC(37) Pause Young (Normal) (G1 Evacuation Pause)
[579.046s][info][gc,task     ] GC(37) Using 2 workers of 2 for evacuation
[579.061s][info][gc,phases   ] GC(37)   Pre Evacuate Collection Set: 0.15ms
[579.061s][info][gc,phases   ] GC(37)   Merge Heap Roots: 0.04ms
[579.061s][info][gc,phases   ] GC(37)   Evacuate Collection Set: 14.16ms
[579.061s][info][gc,phases   ] GC(37)   Post Evacuate Collection Set: 0.37ms
[579.061s][info][gc,phases   ] GC(37)   Other: 0.07ms
[579.061s][info][gc,heap     ] GC(37) Eden regions: 142->0(142)
[579.061s][info][gc,heap     ] GC(37) Survivor regions: 11->11(20)
[579.061s][info][gc,heap     ] GC(37) Old regions: 31->31
[579.061s][info][gc,heap     ] GC(37) Humongous regions: 0->0
[579.061s][info][gc,metaspace] GC(37) Metaspace: 5516K(5696K)->5516K(5696K) NonClass: 4689K(4800K)->4689K(4800K) Class: 827K(896K)->827K(896K)
[579.061s][info][gc          ] GC(37) Pause Young (Normal) (G1 Evacuation Pause) 181M->39M(258M) 14.987ms
[579.061s][info][gc,cpu      ] GC(37) User=0.03s Sys=0.00s Real=0.01s
[596.857s][info][gc,start    ] GC(38) Pause Young (Normal) (G1 Evacuation Pause)
[596.857s][info][gc,task     ] GC(38) Using 2 workers of 2 for evacuation
[596.872s][info][gc,phases   ] GC(38)   Pre Evacuate Collection Set: 0.16ms
[596.872s][info][gc,phases   ] GC(38)   Merge Heap Roots: 0.05ms
[596.872s][info][gc,phases   ] GC(38)   Evacuate Collection Set: 13.95ms
[596.872s][info][gc,phases   ] GC(38)   Post Evacuate Collection Set: 0.41ms
[596.872s][info][gc,phases   ] GC(38)   Other: 0.07ms
[596.872s][info][gc,heap     ] GC(38) Eden regions: 142->0(142)
[596.872s][info][gc,heap     ] GC(38) Survivor regions: 11->11(20)
[596.872s][info][gc,heap     ] GC(38) Old regions: 31->31
[596.872s][info][gc,heap     ] GC(38) Humongous regions: 0->0
[596.872s][info][gc,metaspace] GC(38) Metaspace: 5516K(5696K)->5516K(5696K) NonClass: 4689K(4800K)->4689K(4800K) Class: 827K(896K)->827K(896K)
[596.872s][info][gc          ] GC(38) Pause Young (Normal) (G1 Evacuation Pause) 181M->39M(258M) 14.846ms
[596.872s][info][gc,cpu      ] GC(38) User=0.03s Sys=0.00s Real=0.01s
[614.042s][info][gc,start    ] GC(39) Pause Young (Normal) (G1 Evacuation Pause)
[614.042s][info][gc,task     ] GC(39) Using 2 workers of 2 for evacuation
[614.057s][info][gc,phases   ] GC(39)   Pre Evacuate Collection Set: 0.15ms
[614.057s][info][gc,phases   ] GC(39)   Merge Heap Roots: 0.06ms
[614.057s][info][gc,phases   ] GC(39)   Evacuate Collection Set: 13.93ms
[614.057s][info][gc,phases   ] GC(39)   Post Evacuate Collection Set: 0.38ms
[614.057s][info][gc,phases   ] GC(39)   Other: 0.07ms
[614.057s][info][gc,heap     ] GC(39) Eden regions: 142->0(142)
[614.057s][info][gc,heap     ] GC(39) Survivor regions: 11->11(20)
[614.057s][info][gc,heap     ] GC(39) Old regions: 31->31
[614.057s][info][gc,heap     ] GC(39) Humongous regions: 0->0
[614.057s][info][gc,metaspace] GC(39) Metaspace: 5516K(5696K)->5516K(5696K) NonClass: 4689K(4800K)->4689K(4800K) Class: 827K(896K)->827K(896K)
[614.057s][info][gc          ] GC(39) Pause Young (Normal) (G1 Evacuation Pause) 181M->39M(258M) 14.764ms
[614.057s][info][gc,cpu      ] GC(39) User=0.03s Sys=0.00s Real=0.02s
[634.725s][info][gc,start    ] GC(40) Pause Young (Normal) (G1 Evacuation Pause)
[634.725s][info][gc,task     ] GC(40) Using 2 workers of 2 for evacuation
[634.740s][info][gc,phases   ] GC(40)   Pre Evacuate Collection Set: 0.17ms
[634.740s][info][gc,phases   ] GC(40)   Merge Heap Roots: 0.05ms
[634.740s][info][gc,phases   ] GC(40)   Evacuate Collection Set: 14.33ms
[634.740s][info][gc,phases   ] GC(40)   Post Evacuate Collection Set: 0.33ms
[634.740s][info][gc,phases   ] GC(40)   Other: 0.08ms
[634.740s][info][gc,heap     ] GC(40) Eden regions: 142->0(142)
[634.740s][info][gc,heap     ] GC(40) Survivor regions: 11->11(20)
[634.740s][info][gc,heap     ] GC(40) Old regions: 31->31
[634.740s][info][gc,heap     ] GC(40) Humongous regions: 0->0
[634.740s][info][gc,metaspace] GC(40) Metaspace: 5530K(5696K)->5530K(5696K) NonClass: 4702K(4800K)->4702K(4800K) Class: 827K(896K)->827K(896K)
[634.741s][info][gc          ] GC(40) Pause Young (Normal) (G1 Evacuation Pause) 181M->39M(258M) 15.187ms
[634.741s][info][gc,cpu      ] GC(40) User=0.03s Sys=0.00s Real=0.01s
[652.713s][info][gc,start    ] GC(41) Pause Young (Normal) (G1 Evacuation Pause)
[652.714s][info][gc,task     ] GC(41) Using 2 workers of 2 for evacuation
[652.728s][info][gc,phases   ] GC(41)   Pre Evacuate Collection Set: 0.16ms
[652.728s][info][gc,phases   ] GC(41)   Merge Heap Roots: 0.05ms
[652.728s][info][gc,phases   ] GC(41)   Evacuate Collection Set: 13.85ms
[652.728s][info][gc,phases   ] GC(41)   Post Evacuate Collection Set: 0.30ms
[652.728s][info][gc,phases   ] GC(41)   Other: 0.07ms
[652.728s][info][gc,heap     ] GC(41) Eden regions: 142->0(143)
[652.728s][info][gc,heap     ] GC(41) Survivor regions: 11->10(20)
[652.728s][info][gc,heap     ] GC(41) Old regions: 31->31
[652.728s][info][gc,heap     ] GC(41) Humongous regions: 0->0
[652.728s][info][gc,metaspace] GC(41) Metaspace: 5530K(5696K)->5530K(5696K) NonClass: 4702K(4800K)->4702K(4800K) Class: 827K(896K)->827K(896K)
[652.728s][info][gc          ] GC(41) Pause Young (Normal) (G1 Evacuation Pause) 181M->39M(258M) 14.609ms
[652.728s][info][gc,cpu      ] GC(41) User=0.03s Sys=0.00s Real=0.02s
[670.885s][info][gc,start    ] GC(42) Pause Young (Normal) (G1 Evacuation Pause)
[670.885s][info][gc,task     ] GC(42) Using 2 workers of 2 for evacuation
[670.900s][info][gc,phases   ] GC(42)   Pre Evacuate Collection Set: 0.17ms
[670.900s][info][gc,phases   ] GC(42)   Merge Heap Roots: 0.05ms
[670.900s][info][gc,phases   ] GC(42)   Evacuate Collection Set: 14.70ms
[670.900s][info][gc,phases   ] GC(42)   Post Evacuate Collection Set: 0.32ms
[670.900s][info][gc,phases   ] GC(42)   Other: 0.07ms
[670.900s][info][gc,heap     ] GC(42) Eden regions: 143->0(142)
[670.900s][info][gc,heap     ] GC(42) Survivor regions: 10->11(20)
[670.900s][info][gc,heap     ] GC(42) Old regions: 31->31
[670.900s][info][gc,heap     ] GC(42) Humongous regions: 0->0
[670.900s][info][gc,metaspace] GC(42) Metaspace: 5530K(5696K)->5530K(5696K) NonClass: 4702K(4800K)->4702K(4800K) Class: 827K(896K)->827K(896K)
[670.900s][info][gc          ] GC(42) Pause Young (Normal) (G1 Evacuation Pause) 182M->39M(258M) 15.514ms
[670.901s][info][gc,cpu      ] GC(42) User=0.03s Sys=0.00s Real=0.01s
[688.557s][info][gc,start    ] GC(43) Pause Young (Normal) (G1 Evacuation Pause)
[688.557s][info][gc,task     ] GC(43) Using 2 workers of 2 for evacuation
[688.572s][info][gc,phases   ] GC(43)   Pre Evacuate Collection Set: 0.14ms
[688.572s][info][gc,phases   ] GC(43)   Merge Heap Roots: 0.06ms
[688.572s][info][gc,phases   ] GC(43)   Evacuate Collection Set: 13.89ms
[688.572s][info][gc,phases   ] GC(43)   Post Evacuate Collection Set: 0.30ms
[688.572s][info][gc,phases   ] GC(43)   Other: 0.07ms
[688.572s][info][gc,heap     ] GC(43) Eden regions: 142->0(143)
[688.572s][info][gc,heap     ] GC(43) Survivor regions: 11->10(20)
[688.572s][info][gc,heap     ] GC(43) Old regions: 31->31
[688.572s][info][gc,heap     ] GC(43) Humongous regions: 0->0
[688.572s][info][gc,metaspace] GC(43) Metaspace: 5530K(5696K)->5530K(5696K) NonClass: 4702K(4800K)->4702K(4800K) Class: 827K(896K)->827K(896K)
[688.572s][info][gc          ] GC(43) Pause Young (Normal) (G1 Evacuation Pause) 181M->39M(258M) 14.663ms
[688.572s][info][gc,cpu      ] GC(43) User=0.03s Sys=0.00s Real=0.01s
[706.040s][info][gc,start    ] GC(44) Pause Young (Normal) (G1 Evacuation Pause)
[706.040s][info][gc,task     ] GC(44) Using 2 workers of 2 for evacuation
[706.055s][info][gc,phases   ] GC(44)   Pre Evacuate Collection Set: 0.15ms
[706.055s][info][gc,phases   ] GC(44)   Merge Heap Roots: 0.04ms
[706.055s][info][gc,phases   ] GC(44)   Evacuate Collection Set: 14.49ms
[706.055s][info][gc,phases   ] GC(44)   Post Evacuate Collection Set: 0.34ms
[706.055s][info][gc,phases   ] GC(44)   Other: 0.07ms
[706.055s][info][gc,heap     ] GC(44) Eden regions: 143->0(142)
[706.055s][info][gc,heap     ] GC(44) Survivor regions: 10->11(20)
[706.055s][info][gc,heap     ] GC(44) Old regions: 31->31
[706.055s][info][gc,heap     ] GC(44) Humongous regions: 0->0
[706.055s][info][gc,metaspace] GC(44) Metaspace: 5530K(5696K)->5530K(5696K) NonClass: 4702K(4800K)->4702K(4800K) Class: 827K(896K)->827K(896K)
[706.055s][info][gc          ] GC(44) Pause Young (Normal) (G1 Evacuation Pause) 182M->39M(258M) 15.300ms
[706.055s][info][gc,cpu      ] GC(44) User=0.03s Sys=0.00s Real=0.02s
[723.182s][info][gc,start    ] GC(45) Pause Young (Normal) (G1 Evacuation Pause)
[723.182s][info][gc,task     ] GC(45) Using 2 workers of 2 for evacuation
[723.194s][info][gc,phases   ] GC(45)   Pre Evacuate Collection Set: 0.18ms
[723.194s][info][gc,phases   ] GC(45)   Merge Heap Roots: 0.06ms
[723.194s][info][gc,phases   ] GC(45)   Evacuate Collection Set: 11.19ms
[723.194s][info][gc,phases   ] GC(45)   Post Evacuate Collection Set: 0.32ms
[723.194s][info][gc,phases   ] GC(45)   Other: 0.07ms
[723.194s][info][gc,heap     ] GC(45) Eden regions: 142->0(144)
[723.194s][info][gc,heap     ] GC(45) Survivor regions: 11->9(20)
[723.194s][info][gc,heap     ] GC(45) Old regions: 31->31
[723.194s][info][gc,heap     ] GC(45) Humongous regions: 0->0
[723.194s][info][gc,metaspace] GC(45) Metaspace: 5535K(5696K)->5535K(5696K) NonClass: 4707K(4800K)->4707K(4800K) Class: 827K(896K)->827K(896K)
[723.194s][info][gc          ] GC(45) Pause Young (Normal) (G1 Evacuation Pause) 181M->37M(258M) 12.001ms
[723.194s][info][gc,cpu      ] GC(45) User=0.02s Sys=0.00s Real=0.02s
[746.637s][info][gc,start    ] GC(46) Pause Young (Normal) (G1 Evacuation Pause)
[746.637s][info][gc,task     ] GC(46) Using 2 workers of 2 for evacuation
[746.652s][info][gc,phases   ] GC(46)   Pre Evacuate Collection Set: 0.16ms
[746.652s][info][gc,phases   ] GC(46)   Merge Heap Roots: 0.04ms
[746.652s][info][gc,phases   ] GC(46)   Evacuate Collection Set: 14.59ms
[746.652s][info][gc,phases   ] GC(46)   Post Evacuate Collection Set: 0.30ms
[746.652s][info][gc,phases   ] GC(46)   Other: 0.10ms
[746.652s][info][gc,heap     ] GC(46) Eden regions: 144->0(142)
[746.652s][info][gc,heap     ] GC(46) Survivor regions: 9->11(20)
[746.652s][info][gc,heap     ] GC(46) Old regions: 31->31
[746.652s][info][gc,heap     ] GC(46) Humongous regions: 0->0
[746.652s][info][gc,metaspace] GC(46) Metaspace: 5589K(5760K)->5589K(5760K) NonClass: 4761K(4864K)->4761K(4864K) Class: 827K(896K)->827K(896K)
[746.652s][info][gc          ] GC(46) Pause Young (Normal) (G1 Evacuation Pause) 181M->39M(258M) 15.372ms
[746.652s][info][gc,cpu      ] GC(46) User=0.03s Sys=0.00s Real=0.01s
[764.515s][info][gc,start    ] GC(47) Pause Young (Normal) (G1 Evacuation Pause)
[764.515s][info][gc,task     ] GC(47) Using 2 workers of 2 for evacuation
[764.530s][info][gc,phases   ] GC(47)   Pre Evacuate Collection Set: 0.17ms
[764.530s][info][gc,phases   ] GC(47)   Merge Heap Roots: 0.05ms
[764.530s][info][gc,phases   ] GC(47)   Evacuate Collection Set: 13.91ms
[764.530s][info][gc,phases   ] GC(47)   Post Evacuate Collection Set: 0.29ms
[764.530s][info][gc,phases   ] GC(47)   Other: 0.07ms
[764.530s][info][gc,heap     ] GC(47) Eden regions: 142->0(142)
[764.530s][info][gc,heap     ] GC(47) Survivor regions: 11->11(20)
[764.530s][info][gc,heap     ] GC(47) Old regions: 31->31
[764.530s][info][gc,heap     ] GC(47) Humongous regions: 0->0
[764.530s][info][gc,metaspace] GC(47) Metaspace: 5589K(5760K)->5589K(5760K) NonClass: 4761K(4864K)->4761K(4864K) Class: 827K(896K)->827K(896K)
[764.530s][info][gc          ] GC(47) Pause Young (Normal) (G1 Evacuation Pause) 181M->39M(258M) 14.677ms
[764.530s][info][gc,cpu      ] GC(47) User=0.03s Sys=0.00s Real=0.01s
[782.150s][info][gc,start    ] GC(48) Pause Young (Normal) (G1 Evacuation Pause)
[782.150s][info][gc,task     ] GC(48) Using 2 workers of 2 for evacuation
[782.164s][info][gc,phases   ] GC(48)   Pre Evacuate Collection Set: 0.15ms
[782.164s][info][gc,phases   ] GC(48)   Merge Heap Roots: 0.05ms
[782.164s][info][gc,phases   ] GC(48)   Evacuate Collection Set: 13.87ms
[782.164s][info][gc,phases   ] GC(48)   Post Evacuate Collection Set: 0.28ms
[782.164s][info][gc,phases   ] GC(48)   Other: 0.07ms
[782.164s][info][gc,heap     ] GC(48) Eden regions: 142->0(142)
[782.164s][info][gc,heap     ] GC(48) Survivor regions: 11->11(20)
[782.164s][info][gc,heap     ] GC(48) Old regions: 31->31
[782.164s][info][gc,heap     ] GC(48) Humongous regions: 0->0
[782.164s][info][gc,metaspace] GC(48) Metaspace: 5589K(5760K)->5589K(5760K) NonClass: 4761K(4864K)->4761K(4864K) Class: 827K(896K)->827K(896K)
[782.164s][info][gc          ] GC(48) Pause Young (Normal) (G1 Evacuation Pause) 181M->39M(258M) 14.623ms
[782.164s][info][gc,cpu      ] GC(48) User=0.03s Sys=0.00s Real=0.02s
[799.564s][info][gc,start    ] GC(49) Pause Young (Normal) (G1 Evacuation Pause)
[799.564s][info][gc,task     ] GC(49) Using 2 workers of 2 for evacuation
[799.580s][info][gc,phases   ] GC(49)   Pre Evacuate Collection Set: 0.18ms
[799.580s][info][gc,phases   ] GC(49)   Merge Heap Roots: 0.05ms
[799.580s][info][gc,phases   ] GC(49)   Evacuate Collection Set: 15.14ms
[799.580s][info][gc,phases   ] GC(49)   Post Evacuate Collection Set: 0.31ms
[799.580s][info][gc,phases   ] GC(49)   Other: 0.07ms
[799.580s][info][gc,heap     ] GC(49) Eden regions: 142->0(142)
[799.580s][info][gc,heap     ] GC(49) Survivor regions: 11->11(20)
[799.580s][info][gc,heap     ] GC(49) Old regions: 31->31
[799.580s][info][gc,heap     ] GC(49) Humongous regions: 0->0
[799.580s][info][gc,metaspace] GC(49) Metaspace: 5589K(5760K)->5589K(5760K) NonClass: 4761K(4864K)->4761K(4864K) Class: 827K(896K)->827K(896K)
[799.580s][info][gc          ] GC(49) Pause Young (Normal) (G1 Evacuation Pause) 181M->39M(258M) 15.933ms
[799.580s][info][gc,cpu      ] GC(49) User=0.03s Sys=0.00s Real=0.01s
[817.006s][info][gc,start    ] GC(50) Pause Young (Normal) (G1 Evacuation Pause)
[817.006s][info][gc,task     ] GC(50) Using 2 workers of 2 for evacuation
[817.021s][info][gc,phases   ] GC(50)   Pre Evacuate Collection Set: 0.15ms
[817.021s][info][gc,phases   ] GC(50)   Merge Heap Roots: 0.06ms
[817.021s][info][gc,phases   ] GC(50)   Evacuate Collection Set: 13.88ms
[817.021s][info][gc,phases   ] GC(50)   Post Evacuate Collection Set: 0.31ms
[817.021s][info][gc,phases   ] GC(50)   Other: 0.07ms
[817.021s][info][gc,heap     ] GC(50) Eden regions: 142->0(142)
[817.021s][info][gc,heap     ] GC(50) Survivor regions: 11->11(20)
[817.021s][info][gc,heap     ] GC(50) Old regions: 31->31
[817.021s][info][gc,heap     ] GC(50) Humongous regions: 0->0
[817.021s][info][gc,metaspace] GC(50) Metaspace: 5589K(5760K)->5589K(5760K) NonClass: 4761K(4864K)->4761K(4864K) Class: 827K(896K)->827K(896K)
[817.021s][info][gc          ] GC(50) Pause Young (Normal) (G1 Evacuation Pause) 181M->39M(258M) 14.656ms
[817.021s][info][gc,cpu      ] GC(50) User=0.03s Sys=0.00s Real=0.01s
[837.838s][info][gc,start    ] GC(51) Pause Young (Normal) (G1 Evacuation Pause)
[837.838s][info][gc,task     ] GC(51) Using 2 workers of 2 for evacuation
[837.853s][info][gc,phases   ] GC(51)   Pre Evacuate Collection Set: 0.16ms
[837.853s][info][gc,phases   ] GC(51)   Merge Heap Roots: 0.06ms
[837.853s][info][gc,phases   ] GC(51)   Evacuate Collection Set: 14.20ms
[837.853s][info][gc,phases   ] GC(51)   Post Evacuate Collection Set: 0.34ms
[837.853s][info][gc,phases   ] GC(51)   Other: 0.09ms
[837.853s][info][gc,heap     ] GC(51) Eden regions: 142->0(142)
[837.853s][info][gc,heap     ] GC(51) Survivor regions: 11->11(20)
[837.853s][info][gc,heap     ] GC(51) Old regions: 31->31
[837.853s][info][gc,heap     ] GC(51) Humongous regions: 0->0
[837.853s][info][gc,metaspace] GC(51) Metaspace: 5592K(5760K)->5592K(5760K) NonClass: 4764K(4864K)->4764K(4864K) Class: 827K(896K)->827K(896K)
[837.853s][info][gc          ] GC(51) Pause Young (Normal) (G1 Evacuation Pause) 181M->39M(258M) 15.026ms
[837.853s][info][gc,cpu      ] GC(51) User=0.03s Sys=0.00s Real=0.01s
[855.833s][info][gc,start    ] GC(52) Pause Young (Normal) (G1 Evacuation Pause)
[855.833s][info][gc,task     ] GC(52) Using 2 workers of 2 for evacuation
[855.847s][info][gc,phases   ] GC(52)   Pre Evacuate Collection Set: 0.15ms
[855.847s][info][gc,phases   ] GC(52)   Merge Heap Roots: 0.05ms
[855.847s][info][gc,phases   ] GC(52)   Evacuate Collection Set: 13.95ms
[855.847s][info][gc,phases   ] GC(52)   Post Evacuate Collection Set: 0.29ms
[855.847s][info][gc,phases   ] GC(52)   Other: 0.07ms
[855.847s][info][gc,heap     ] GC(52) Eden regions: 142->0(142)
[855.847s][info][gc,heap     ] GC(52) Survivor regions: 11->11(20)
[855.847s][info][gc,heap     ] GC(52) Old regions: 31->31
[855.847s][info][gc,heap     ] GC(52) Humongous regions: 0->0
[855.847s][info][gc,metaspace] GC(52) Metaspace: 5592K(5760K)->5592K(5760K) NonClass: 4764K(4864K)->4764K(4864K) Class: 827K(896K)->827K(896K)
[855.847s][info][gc          ] GC(52) Pause Young (Normal) (G1 Evacuation Pause) 181M->39M(258M) 14.731ms
[855.847s][info][gc,cpu      ] GC(52) User=0.03s Sys=0.00s Real=0.02s
[874.766s][info][gc,start    ] GC(53) Pause Young (Normal) (G1 Evacuation Pause)
[874.766s][info][gc,task     ] GC(53) Using 2 workers of 2 for evacuation
[874.780s][info][gc,phases   ] GC(53)   Pre Evacuate Collection Set: 0.16ms
[874.780s][info][gc,phases   ] GC(53)   Merge Heap Roots: 0.05ms
[874.780s][info][gc,phases   ] GC(53)   Evacuate Collection Set: 14.06ms
[874.780s][info][gc,phases   ] GC(53)   Post Evacuate Collection Set: 0.29ms
[874.780s][info][gc,phases   ] GC(53)   Other: 0.07ms
[874.780s][info][gc,heap     ] GC(53) Eden regions: 142->0(142)
[874.780s][info][gc,heap     ] GC(53) Survivor regions: 11->11(20)
[874.780s][info][gc,heap     ] GC(53) Old regions: 31->31
[874.780s][info][gc,heap     ] GC(53) Humongous regions: 0->0
[874.780s][info][gc,metaspace] GC(53) Metaspace: 5592K(5760K)->5592K(5760K) NonClass: 4764K(4864K)->4764K(4864K) Class: 827K(896K)->827K(896K)
[874.780s][info][gc          ] GC(53) Pause Young (Normal) (G1 Evacuation Pause) 181M->39M(258M) 14.808ms
[874.780s][info][gc,cpu      ] GC(53) User=0.03s Sys=0.00s Real=0.01s
[892.161s][info][gc,start    ] GC(54) Pause Young (Normal) (G1 Evacuation Pause)
[892.161s][info][gc,task     ] GC(54) Using 2 workers of 2 for evacuation
[892.175s][info][gc,phases   ] GC(54)   Pre Evacuate Collection Set: 0.15ms
[892.175s][info][gc,phases   ] GC(54)   Merge Heap Roots: 0.05ms
[892.175s][info][gc,phases   ] GC(54)   Evacuate Collection Set: 13.99ms
[892.175s][info][gc,phases   ] GC(54)   Post Evacuate Collection Set: 0.30ms
[892.175s][info][gc,phases   ] GC(54)   Other: 0.07ms
[892.175s][info][gc,heap     ] GC(54) Eden regions: 142->0(142)
[892.175s][info][gc,heap     ] GC(54) Survivor regions: 11->11(20)
[892.175s][info][gc,heap     ] GC(54) Old regions: 31->31
[892.175s][info][gc,heap     ] GC(54) Humongous regions: 0->0
[892.175s][info][gc,metaspace] GC(54) Metaspace: 5592K(5760K)->5592K(5760K) NonClass: 4764K(4864K)->4764K(4864K) Class: 827K(896K)->827K(896K)
[892.175s][info][gc          ] GC(54) Pause Young (Normal) (G1 Evacuation Pause) 181M->39M(258M) 14.747ms
[892.175s][info][gc,cpu      ] GC(54) User=0.03s Sys=0.00s Real=0.02s
[909.412s][info][gc,start    ] GC(55) Pause Young (Normal) (G1 Evacuation Pause)
[909.412s][info][gc,task     ] GC(55) Using 2 workers of 2 for evacuation
[909.427s][info][gc,phases   ] GC(55)   Pre Evacuate Collection Set: 0.15ms
[909.427s][info][gc,phases   ] GC(55)   Merge Heap Roots: 0.05ms
[909.427s][info][gc,phases   ] GC(55)   Evacuate Collection Set: 13.99ms
[909.427s][info][gc,phases   ] GC(55)   Post Evacuate Collection Set: 0.31ms
[909.427s][info][gc,phases   ] GC(55)   Other: 0.07ms
[909.427s][info][gc,heap     ] GC(55) Eden regions: 142->0(142)
[909.427s][info][gc,heap     ] GC(55) Survivor regions: 11->11(20)
[909.427s][info][gc,heap     ] GC(55) Old regions: 31->31
[909.427s][info][gc,heap     ] GC(55) Humongous regions: 0->0
[909.427s][info][gc,metaspace] GC(55) Metaspace: 5592K(5760K)->5592K(5760K) NonClass: 4764K(4864K)->4764K(4864K) Class: 827K(896K)->827K(896K)
[909.427s][info][gc          ] GC(55) Pause Young (Normal) (G1 Evacuation Pause) 181M->39M(258M) 14.752ms
[909.427s][info][gc,cpu      ] GC(55) User=0.03s Sys=0.00s Real=0.02s
[926.234s][info][gc,start    ] GC(56) Pause Young (Normal) (G1 Evacuation Pause)
[926.234s][info][gc,task     ] GC(56) Using 2 workers of 2 for evacuation
[926.256s][info][gc,phases   ] GC(56)   Pre Evacuate Collection Set: 0.22ms
[926.256s][info][gc,phases   ] GC(56)   Merge Heap Roots: 0.06ms
[926.256s][info][gc,phases   ] GC(56)   Evacuate Collection Set: 21.45ms
[926.256s][info][gc,phases   ] GC(56)   Post Evacuate Collection Set: 0.37ms
[926.256s][info][gc,phases   ] GC(56)   Other: 0.08ms
[926.256s][info][gc,heap     ] GC(56) Eden regions: 142->0(144)
[926.256s][info][gc,heap     ] GC(56) Survivor regions: 11->9(20)
[926.256s][info][gc,heap     ] GC(56) Old regions: 31->31
[926.256s][info][gc,heap     ] GC(56) Humongous regions: 0->0
[926.256s][info][gc,metaspace] GC(56) Metaspace: 5597K(5760K)->5597K(5760K) NonClass: 4769K(4864K)->4769K(4864K) Class: 827K(896K)->827K(896K)
[926.256s][info][gc          ] GC(56) Pause Young (Normal) (G1 Evacuation Pause) 181M->37M(258M) 22.386ms
[926.256s][info][gc,cpu      ] GC(56) User=0.02s Sys=0.00s Real=0.02s
[949.745s][info][gc,start    ] GC(57) Pause Young (Normal) (G1 Evacuation Pause)
[949.745s][info][gc,task     ] GC(57) Using 2 workers of 2 for evacuation
[949.774s][info][gc,phases   ] GC(57)   Pre Evacuate Collection Set: 0.19ms
[949.774s][info][gc,phases   ] GC(57)   Merge Heap Roots: 0.04ms
[949.774s][info][gc,phases   ] GC(57)   Evacuate Collection Set: 28.10ms
[949.774s][info][gc,phases   ] GC(57)   Post Evacuate Collection Set: 0.36ms
[949.774s][info][gc,phases   ] GC(57)   Other: 0.07ms
[949.774s][info][gc,heap     ] GC(57) Eden regions: 144->0(142)
[949.774s][info][gc,heap     ] GC(57) Survivor regions: 9->11(20)
[949.774s][info][gc,heap     ] GC(57) Old regions: 31->31
[949.774s][info][gc,heap     ] GC(57) Humongous regions: 0->0
[949.774s][info][gc,metaspace] GC(57) Metaspace: 5598K(5760K)->5598K(5760K) NonClass: 4771K(4864K)->4771K(4864K) Class: 827K(896K)->827K(896K)
[949.774s][info][gc          ] GC(57) Pause Young (Normal) (G1 Evacuation Pause) 181M->39M(258M) 28.966ms
[949.774s][info][gc,cpu      ] GC(57) User=0.03s Sys=0.00s Real=0.03s
[967.728s][info][gc,start    ] GC(58) Pause Young (Normal) (G1 Evacuation Pause)
[967.728s][info][gc,task     ] GC(58) Using 2 workers of 2 for evacuation
[967.757s][info][gc,phases   ] GC(58)   Pre Evacuate Collection Set: 0.17ms
[967.757s][info][gc,phases   ] GC(58)   Merge Heap Roots: 0.04ms
[967.757s][info][gc,phases   ] GC(58)   Evacuate Collection Set: 28.14ms
[967.757s][info][gc,phases   ] GC(58)   Post Evacuate Collection Set: 0.38ms
[967.757s][info][gc,phases   ] GC(58)   Other: 0.08ms
[967.757s][info][gc,heap     ] GC(58) Eden regions: 142->0(142)
[967.757s][info][gc,heap     ] GC(58) Survivor regions: 11->11(20)
[967.757s][info][gc,heap     ] GC(58) Old regions: 31->31
[967.757s][info][gc,heap     ] GC(58) Humongous regions: 0->0
[967.757s][info][gc,metaspace] GC(58) Metaspace: 5598K(5760K)->5598K(5760K) NonClass: 4771K(4864K)->4771K(4864K) Class: 827K(896K)->827K(896K)
[967.757s][info][gc          ] GC(58) Pause Young (Normal) (G1 Evacuation Pause) 181M->39M(258M) 29.003ms
[967.757s][info][gc,cpu      ] GC(58) User=0.02s Sys=0.00s Real=0.03s
[985.278s][info][gc,start    ] GC(59) Pause Young (Normal) (G1 Evacuation Pause)
[985.278s][info][gc,task     ] GC(59) Using 2 workers of 2 for evacuation
[985.295s][info][gc,phases   ] GC(59)   Pre Evacuate Collection Set: 0.17ms
[985.295s][info][gc,phases   ] GC(59)   Merge Heap Roots: 0.04ms
[985.295s][info][gc,phases   ] GC(59)   Evacuate Collection Set: 16.11ms
[985.295s][info][gc,phases   ] GC(59)   Post Evacuate Collection Set: 0.30ms
[985.295s][info][gc,phases   ] GC(59)   Other: 0.07ms
[985.295s][info][gc,heap     ] GC(59) Eden regions: 142->0(142)
[985.295s][info][gc,heap     ] GC(59) Survivor regions: 11->11(20)
[985.295s][info][gc,heap     ] GC(59) Old regions: 31->31
[985.295s][info][gc,heap     ] GC(59) Humongous regions: 0->0
[985.295s][info][gc,metaspace] GC(59) Metaspace: 5598K(5760K)->5598K(5760K) NonClass: 4771K(4864K)->4771K(4864K) Class: 827K(896K)->827K(896K)
[985.295s][info][gc          ] GC(59) Pause Young (Normal) (G1 Evacuation Pause) 181M->39M(258M) 16.874ms
[985.295s][info][gc,cpu      ] GC(59) User=0.03s Sys=0.00s Real=0.02s
[1003.200s][info][gc,start    ] GC(60) Pause Young (Normal) (G1 Evacuation Pause)
[1003.200s][info][gc,task     ] GC(60) Using 2 workers of 2 for evacuation
[1003.215s][info][gc,phases   ] GC(60)   Pre Evacuate Collection Set: 0.16ms
[1003.215s][info][gc,phases   ] GC(60)   Merge Heap Roots: 0.05ms
[1003.215s][info][gc,phases   ] GC(60)   Evacuate Collection Set: 14.04ms
[1003.215s][info][gc,phases   ] GC(60)   Post Evacuate Collection Set: 0.31ms
[1003.215s][info][gc,phases   ] GC(60)   Other: 0.06ms
[1003.215s][info][gc,heap     ] GC(60) Eden regions: 142->0(142)
[1003.215s][info][gc,heap     ] GC(60) Survivor regions: 11->11(20)
[1003.215s][info][gc,heap     ] GC(60) Old regions: 31->31
[1003.215s][info][gc,heap     ] GC(60) Humongous regions: 0->0
[1003.215s][info][gc,metaspace] GC(60) Metaspace: 5598K(5760K)->5598K(5760K) NonClass: 4771K(4864K)->4771K(4864K) Class: 827K(896K)->827K(896K)
[1003.215s][info][gc          ] GC(60) Pause Young (Normal) (G1 Evacuation Pause) 181M->39M(258M) 14.844ms
[1003.215s][info][gc,cpu      ] GC(60) User=0.03s Sys=0.00s Real=0.02s
[1020.408s][info][gc,start    ] GC(61) Pause Young (Normal) (G1 Evacuation Pause)
[1020.408s][info][gc,task     ] GC(61) Using 2 workers of 2 for evacuation
[1020.423s][info][gc,phases   ] GC(61)   Pre Evacuate Collection Set: 0.15ms
[1020.423s][info][gc,phases   ] GC(61)   Merge Heap Roots: 0.06ms
[1020.423s][info][gc,phases   ] GC(61)   Evacuate Collection Set: 14.21ms
[1020.423s][info][gc,phases   ] GC(61)   Post Evacuate Collection Set: 0.30ms
[1020.423s][info][gc,phases   ] GC(61)   Other: 0.08ms
[1020.423s][info][gc,heap     ] GC(61) Eden regions: 142->0(142)
[1020.423s][info][gc,heap     ] GC(61) Survivor regions: 11->11(20)
[1020.423s][info][gc,heap     ] GC(61) Old regions: 31->31
[1020.423s][info][gc,heap     ] GC(61) Humongous regions: 0->0
[1020.423s][info][gc,metaspace] GC(61) Metaspace: 5598K(5760K)->5598K(5760K) NonClass: 4771K(4864K)->4771K(4864K) Class: 827K(896K)->827K(896K)
[1020.423s][info][gc          ] GC(61) Pause Young (Normal) (G1 Evacuation Pause) 181M->39M(258M) 14.979ms
[1020.423s][info][gc,cpu      ] GC(61) User=0.03s Sys=0.00s Real=0.01s
[1041.235s][info][gc,start    ] GC(62) Pause Young (Normal) (G1 Evacuation Pause)
[1041.236s][info][gc,task     ] GC(62) Using 2 workers of 2 for evacuation
[1041.250s][info][gc,phases   ] GC(62)   Pre Evacuate Collection Set: 0.19ms
[1041.251s][info][gc,phases   ] GC(62)   Merge Heap Roots: 0.05ms
[1041.251s][info][gc,phases   ] GC(62)   Evacuate Collection Set: 14.26ms
[1041.251s][info][gc,phases   ] GC(62)   Post Evacuate Collection Set: 0.39ms
[1041.251s][info][gc,phases   ] GC(62)   Other: 0.10ms
[1041.251s][info][gc,heap     ] GC(62) Eden regions: 142->0(142)
[1041.251s][info][gc,heap     ] GC(62) Survivor regions: 11->11(20)
[1041.251s][info][gc,heap     ] GC(62) Old regions: 31->31
[1041.251s][info][gc,heap     ] GC(62) Humongous regions: 0->0
[1041.251s][info][gc,metaspace] GC(62) Metaspace: 5601K(5760K)->5601K(5760K) NonClass: 4774K(4864K)->4774K(4864K) Class: 827K(896K)->827K(896K)
[1041.251s][info][gc          ] GC(62) Pause Young (Normal) (G1 Evacuation Pause) 181M->39M(258M) 15.187ms
[1041.251s][info][gc,cpu      ] GC(62) User=0.03s Sys=0.00s Real=0.01s
[1059.011s][info][gc,start    ] GC(63) Pause Young (Normal) (G1 Evacuation Pause)
[1059.011s][info][gc,task     ] GC(63) Using 2 workers of 2 for evacuation
[1059.027s][info][gc,phases   ] GC(63)   Pre Evacuate Collection Set: 0.17ms
[1059.027s][info][gc,phases   ] GC(63)   Merge Heap Roots: 0.04ms
[1059.027s][info][gc,phases   ] GC(63)   Evacuate Collection Set: 15.20ms
[1059.027s][info][gc,phases   ] GC(63)   Post Evacuate Collection Set: 0.34ms
[1059.027s][info][gc,phases   ] GC(63)   Other: 0.07ms
[1059.027s][info][gc,heap     ] GC(63) Eden regions: 142->0(142)
[1059.027s][info][gc,heap     ] GC(63) Survivor regions: 11->11(20)
[1059.027s][info][gc,heap     ] GC(63) Old regions: 31->31
[1059.027s][info][gc,heap     ] GC(63) Humongous regions: 0->0
[1059.027s][info][gc,metaspace] GC(63) Metaspace: 5601K(5760K)->5601K(5760K) NonClass: 4774K(4864K)->4774K(4864K) Class: 827K(896K)->827K(896K)
[1059.027s][info][gc          ] GC(63) Pause Young (Normal) (G1 Evacuation Pause) 181M->39M(258M) 16.060ms
[1059.027s][info][gc,cpu      ] GC(63) User=0.03s Sys=0.00s Real=0.02s
[1077.225s][info][gc,start    ] GC(64) Pause Young (Normal) (G1 Evacuation Pause)
[1077.225s][info][gc,task     ] GC(64) Using 2 workers of 2 for evacuation
[1077.240s][info][gc,phases   ] GC(64)   Pre Evacuate Collection Set: 0.17ms
[1077.240s][info][gc,phases   ] GC(64)   Merge Heap Roots: 0.04ms
[1077.240s][info][gc,phases   ] GC(64)   Evacuate Collection Set: 13.93ms
[1077.240s][info][gc,phases   ] GC(64)   Post Evacuate Collection Set: 0.30ms
[1077.240s][info][gc,phases   ] GC(64)   Other: 0.07ms
[1077.240s][info][gc,heap     ] GC(64) Eden regions: 142->0(143)
[1077.240s][info][gc,heap     ] GC(64) Survivor regions: 11->10(20)
[1077.240s][info][gc,heap     ] GC(64) Old regions: 31->31
[1077.240s][info][gc,heap     ] GC(64) Humongous regions: 0->0
[1077.240s][info][gc,metaspace] GC(64) Metaspace: 5601K(5760K)->5601K(5760K) NonClass: 4774K(4864K)->4774K(4864K) Class: 827K(896K)->827K(896K)
[1077.240s][info][gc          ] GC(64) Pause Young (Normal) (G1 Evacuation Pause) 181M->39M(258M) 14.744ms
[1077.240s][info][gc,cpu      ] GC(64) User=0.03s Sys=0.00s Real=0.01s
[1094.681s][info][gc,start    ] GC(65) Pause Young (Normal) (G1 Evacuation Pause)
[1094.681s][info][gc,task     ] GC(65) Using 2 workers of 2 for evacuation
[1094.695s][info][gc,phases   ] GC(65)   Pre Evacuate Collection Set: 0.16ms
[1094.695s][info][gc,phases   ] GC(65)   Merge Heap Roots: 0.04ms
[1094.695s][info][gc,phases   ] GC(65)   Evacuate Collection Set: 13.84ms
[1094.695s][info][gc,phases   ] GC(65)   Post Evacuate Collection Set: 0.30ms
[1094.695s][info][gc,phases   ] GC(65)   Other: 0.07ms
[1094.695s][info][gc,heap     ] GC(65) Eden regions: 143->0(142)
[1094.695s][info][gc,heap     ] GC(65) Survivor regions: 10->11(20)
[1094.695s][info][gc,heap     ] GC(65) Old regions: 31->31
[1094.695s][info][gc,heap     ] GC(65) Humongous regions: 0->0
[1094.695s][info][gc,metaspace] GC(65) Metaspace: 5601K(5760K)->5601K(5760K) NonClass: 4774K(4864K)->4774K(4864K) Class: 827K(896K)->827K(896K)
[1094.695s][info][gc          ] GC(65) Pause Young (Normal) (G1 Evacuation Pause) 182M->39M(258M) 14.599ms
[1094.695s][info][gc,cpu      ] GC(65) User=0.03s Sys=0.00s Real=0.02s
[1112.094s][info][gc,start    ] GC(66) Pause Young (Normal) (G1 Evacuation Pause)
[1112.094s][info][gc,task     ] GC(66) Using 2 workers of 2 for evacuation
[1112.109s][info][gc,phases   ] GC(66)   Pre Evacuate Collection Set: 0.14ms
[1112.109s][info][gc,phases   ] GC(66)   Merge Heap Roots: 0.06ms
[1112.109s][info][gc,phases   ] GC(66)   Evacuate Collection Set: 14.05ms
[1112.109s][info][gc,phases   ] GC(66)   Post Evacuate Collection Set: 0.33ms
[1112.109s][info][gc,phases   ] GC(66)   Other: 0.07ms
[1112.109s][info][gc,heap     ] GC(66) Eden regions: 142->0(142)
[1112.109s][info][gc,heap     ] GC(66) Survivor regions: 11->11(20)
[1112.109s][info][gc,heap     ] GC(66) Old regions: 31->31
[1112.109s][info][gc,heap     ] GC(66) Humongous regions: 0->0
[1112.109s][info][gc,metaspace] GC(66) Metaspace: 5601K(5760K)->5601K(5760K) NonClass: 4774K(4864K)->4774K(4864K) Class: 827K(896K)->827K(896K)
[1112.109s][info][gc          ] GC(66) Pause Young (Normal) (G1 Evacuation Pause) 181M->39M(258M) 14.844ms
[1112.109s][info][gc,cpu      ] GC(66) User=0.03s Sys=0.00s Real=0.01s
[1128.619s][info][gc,heap,exit] Heap
[1128.619s][info][gc,heap,exit]  garbage-first heap   total reserved 1001472K, committed 264192K, used 179196K [0x00000000c2e00000, 0x0000000100000000)
[1128.619s][info][gc,heap,exit]   region size 1024K, 147 young (150528K), 11 survivors (11264K)
[1128.619s][info][gc,heap,exit]  Metaspace       used 5682K, committed 5824K, reserved 1114112K
[1128.619s][info][gc,heap,exit]   class space    used 840K, committed 896K, reserved 1048576K
