[0.002s][info][metaspace]  - commit_granule_bytes: 65536.
[0.002s][info][metaspace]  - commit_granule_words: 8192.
[0.002s][info][metaspace]  - virtual_space_node_default_size: 8388608.
[0.002s][info][metaspace]  - enlarge_chunks_in_place: 1.
[0.005s][info][gc,init  ] CardTable entry size: 512
[0.008s][info][gc       ] Using G1
[0.012s][info][gc,init  ] Version: 24-internal-adhoc.root.jdk (release)
[0.012s][info][gc,init  ] CPUs: 2 total, 2 available
[0.012s][info][gc,init  ] Memory: 3908M
[0.012s][info][gc,init  ] Large Page Support: Disabled
[0.012s][info][gc,init  ] NUMA Support: Disabled
[0.012s][info][gc,init  ] Compressed Oops: Enabled (32-bit)
[0.012s][info][gc,init  ] Heap Region Size: 1M
[0.012s][info][gc,init  ] Heap Min Capacity: 256M
[0.012s][info][gc,init  ] Heap Initial Capacity: 256M
[0.012s][info][gc,init  ] Heap Max Capacity: 978M
[0.012s][info][gc,init  ] Pre-touch: Disabled
[0.012s][info][gc,init  ] Parallel Workers: 2
[0.012s][info][gc,init  ] Concurrent Workers: 1
[0.012s][info][gc,init  ] Concurrent Refinement Workers: 2
[0.012s][info][gc,init  ] Periodic GC: Disabled
[0.029s][info][gc,metaspace] CDS archive(s) mapped at: [0x00007f331a000000-0x00007f331ae7b000-0x00007f331ae7b000), size 15183872, SharedBaseAddress: 0x00007f331a000000, ArchiveRelocationMode: 1.
[0.029s][info][gc,metaspace] Compressed class space mapped at: 0x00007f331b000000-0x00007f335b000000, reserved size: 1073741824
[0.029s][info][gc,metaspace] UseCompressedClassPointers 1, UseCompactObjectHeaders 1
[0.029s][info][gc,metaspace] Narrow klass pointer bits 22, Max shift 10
[0.029s][info][gc,metaspace] Narrow klass base: 0x00007f331a000000, Narrow klass shift: 10
[0.029s][info][gc,metaspace] Encoding Range: [0x00007f331a000000 - 0x00007f341a000000), (4294967296 bytes)
[0.029s][info][gc,metaspace] Klass Range:    [0x00007f331a000000 - 0x00007f335b000000), (1090519040 bytes)
[0.029s][info][gc,metaspace] Klass ID Range:  [1 - 1064960) (1064959)
[0.278s][info][gc,start    ] GC(0) Pause Young (Normal) (G1 Evacuation Pause)
[0.278s][info][gc,task     ] GC(0) Using 2 workers of 2 for evacuation
[0.281s][info][gc,phases   ] GC(0)   Pre Evacuate Collection Set: 0.18ms
[0.281s][info][gc,phases   ] GC(0)   Merge Heap Roots: 0.08ms
[0.281s][info][gc,phases   ] GC(0)   Evacuate Collection Set: 3.06ms
[0.281s][info][gc,phases   ] GC(0)   Post Evacuate Collection Set: 0.24ms
[0.282s][info][gc,phases   ] GC(0)   Other: 0.22ms
[0.282s][info][gc,heap     ] GC(0) Eden regions: 12->0(10)
[0.282s][info][gc,heap     ] GC(0) Survivor regions: 0->2(2)
[0.282s][info][gc,heap     ] GC(0) Old regions: 2->2
[0.282s][info][gc,heap     ] GC(0) Humongous regions: 0->0
[0.282s][info][gc,metaspace] GC(0) Metaspace: 2351K(2496K)->2351K(2496K) NonClass: 2025K(2112K)->2025K(2112K) Class: 325K(384K)->325K(384K)
[0.282s][info][gc          ] GC(0) Pause Young (Normal) (G1 Evacuation Pause) 13M->2M(258M) 4.028ms
[0.282s][info][gc,cpu      ] GC(0) User=0.01s Sys=0.00s Real=0.00s
[0.307s][info][gc,start    ] GC(1) Pause Young (Normal) (G1 Evacuation Pause)
[0.307s][info][gc,task     ] GC(1) Using 2 workers of 2 for evacuation
[0.310s][info][gc,phases   ] GC(1)   Pre Evacuate Collection Set: 0.17ms
[0.310s][info][gc,phases   ] GC(1)   Merge Heap Roots: 0.03ms
[0.310s][info][gc,phases   ] GC(1)   Evacuate Collection Set: 2.77ms
[0.310s][info][gc,phases   ] GC(1)   Post Evacuate Collection Set: 0.16ms
[0.310s][info][gc,phases   ] GC(1)   Other: 0.07ms
[0.310s][info][gc,heap     ] GC(1) Eden regions: 10->0(20)
[0.310s][info][gc,heap     ] GC(1) Survivor regions: 2->1(2)
[0.310s][info][gc,heap     ] GC(1) Old regions: 2->4
[0.310s][info][gc,heap     ] GC(1) Humongous regions: 0->0
[0.310s][info][gc,metaspace] GC(1) Metaspace: 2417K(2560K)->2417K(2560K) NonClass: 2090K(2176K)->2090K(2176K) Class: 327K(384K)->327K(384K)
[0.310s][info][gc          ] GC(1) Pause Young (Normal) (G1 Evacuation Pause) 12M->2M(258M) 3.360ms
[0.310s][info][gc,cpu      ] GC(1) User=0.01s Sys=0.00s Real=0.00s
[0.354s][info][gc,start    ] GC(2) Pause Young (Normal) (G1 Evacuation Pause)
[0.354s][info][gc,task     ] GC(2) Using 2 workers of 2 for evacuation
[0.355s][info][gc,phases   ] GC(2)   Pre Evacuate Collection Set: 0.15ms
[0.355s][info][gc,phases   ] GC(2)   Merge Heap Roots: 0.03ms
[0.355s][info][gc,phases   ] GC(2)   Evacuate Collection Set: 0.28ms
[0.355s][info][gc,phases   ] GC(2)   Post Evacuate Collection Set: 0.22ms
[0.355s][info][gc,phases   ] GC(2)   Other: 0.11ms
[0.355s][info][gc,heap     ] GC(2) Eden regions: 20->0(25)
[0.355s][info][gc,heap     ] GC(2) Survivor regions: 1->1(3)
[0.355s][info][gc,heap     ] GC(2) Old regions: 4->4
[0.355s][info][gc,heap     ] GC(2) Humongous regions: 0->0
[0.355s][info][gc,metaspace] GC(2) Metaspace: 2581K(2752K)->2581K(2752K) NonClass: 2254K(2368K)->2254K(2368K) Class: 327K(384K)->327K(384K)
[0.355s][info][gc          ] GC(2) Pause Young (Normal) (G1 Evacuation Pause) 22M->2M(258M) 0.937ms
[0.355s][info][gc,cpu      ] GC(2) User=0.00s Sys=0.00s Real=0.00s
[0.731s][info][gc,start    ] GC(3) Pause Young (Normal) (G1 Evacuation Pause)
[0.731s][info][gc,task     ] GC(3) Using 2 workers of 2 for evacuation
[0.756s][info][gc,phases   ] GC(3)   Pre Evacuate Collection Set: 0.98ms
[0.756s][info][gc,phases   ] GC(3)   Merge Heap Roots: 0.04ms
[0.756s][info][gc,phases   ] GC(3)   Evacuate Collection Set: 23.89ms
[0.756s][info][gc,phases   ] GC(3)   Post Evacuate Collection Set: 0.35ms
[0.756s][info][gc,phases   ] GC(3)   Other: 0.06ms
[0.756s][info][gc,heap     ] GC(3) Eden regions: 25->0(22)
[0.756s][info][gc,heap     ] GC(3) Survivor regions: 1->4(4)
[0.756s][info][gc,heap     ] GC(3) Old regions: 4->11
[0.756s][info][gc,heap     ] GC(3) Humongous regions: 0->0
[0.756s][info][gc,metaspace] GC(3) Metaspace: 4977K(5120K)->4977K(5120K) NonClass: 4171K(4224K)->4171K(4224K) Class: 806K(896K)->806K(896K)
[0.756s][info][gc          ] GC(3) Pause Young (Normal) (G1 Evacuation Pause) 27M->13M(258M) 25.517ms
[0.756s][info][gc,cpu      ] GC(3) User=0.04s Sys=0.01s Real=0.03s
[7.665s][info][gc,start    ] GC(4) Pause Young (Normal) (G1 Evacuation Pause)
[7.665s][info][gc,task     ] GC(4) Using 2 workers of 2 for evacuation
[7.686s][info][gc,phases   ] GC(4)   Pre Evacuate Collection Set: 0.18ms
[7.686s][info][gc,phases   ] GC(4)   Merge Heap Roots: 0.12ms
[7.686s][info][gc,phases   ] GC(4)   Evacuate Collection Set: 20.24ms
[7.686s][info][gc,phases   ] GC(4)   Post Evacuate Collection Set: 0.46ms
[7.686s][info][gc,phases   ] GC(4)   Other: 0.07ms
[7.686s][info][gc,heap     ] GC(4) Eden regions: 22->0(21)
[7.686s][info][gc,heap     ] GC(4) Survivor regions: 4->1(4)
[7.686s][info][gc,heap     ] GC(4) Old regions: 11->15
[7.686s][info][gc,heap     ] GC(4) Humongous regions: 0->0
[7.686s][info][gc,metaspace] GC(4) Metaspace: 5234K(5376K)->5234K(5376K) NonClass: 4427K(4480K)->4427K(4480K) Class: 807K(896K)->807K(896K)
[7.686s][info][gc          ] GC(4) Pause Young (Normal) (G1 Evacuation Pause) 35M->14M(258M) 21.260ms
[7.686s][info][gc,cpu      ] GC(4) User=0.04s Sys=0.00s Real=0.03s
[15.233s][info][gc,start    ] GC(5) Pause Young (Normal) (G1 Evacuation Pause)
[15.233s][info][gc,task     ] GC(5) Using 2 workers of 2 for evacuation
[15.236s][info][gc,phases   ] GC(5)   Pre Evacuate Collection Set: 0.18ms
[15.236s][info][gc,phases   ] GC(5)   Merge Heap Roots: 0.05ms
[15.236s][info][gc,phases   ] GC(5)   Evacuate Collection Set: 2.68ms
[15.236s][info][gc,phases   ] GC(5)   Post Evacuate Collection Set: 0.21ms
[15.236s][info][gc,phases   ] GC(5)   Other: 0.07ms
[15.236s][info][gc,heap     ] GC(5) Eden regions: 43->0(33)
[15.236s][info][gc,heap     ] GC(5) Survivor regions: 1->1(6)
[15.236s][info][gc,heap     ] GC(5) Old regions: 15->15
[15.236s][info][gc,heap     ] GC(5) Humongous regions: 0->0
[15.236s][info][gc,metaspace] GC(5) Metaspace: 5255K(5376K)->5255K(5376K) NonClass: 4448K(4480K)->4448K(4480K) Class: 807K(896K)->807K(896K)
[15.236s][info][gc          ] GC(5) Pause Young (Normal) (G1 Evacuation Pause) 57M->14M(258M) 3.357ms
[15.236s][info][gc,cpu      ] GC(5) User=0.00s Sys=0.00s Real=0.01s
[22.260s][info][gc,start    ] GC(6) Pause Young (Normal) (G1 Evacuation Pause)
[22.261s][info][gc,task     ] GC(6) Using 2 workers of 2 for evacuation
[22.264s][info][gc,phases   ] GC(6)   Pre Evacuate Collection Set: 0.17ms
[22.264s][info][gc,phases   ] GC(6)   Merge Heap Roots: 0.05ms
[22.264s][info][gc,phases   ] GC(6)   Evacuate Collection Set: 3.18ms
[22.264s][info][gc,phases   ] GC(6)   Post Evacuate Collection Set: 0.20ms
[22.264s][info][gc,phases   ] GC(6)   Other: 0.08ms
[22.264s][info][gc,heap     ] GC(6) Eden regions: 47->0(51)
[22.264s][info][gc,heap     ] GC(6) Survivor regions: 1->2(6)
[22.264s][info][gc,heap     ] GC(6) Old regions: 15->15
[22.264s][info][gc,heap     ] GC(6) Humongous regions: 0->0
[22.264s][info][gc,metaspace] GC(6) Metaspace: 5259K(5376K)->5259K(5376K) NonClass: 4452K(4480K)->4452K(4480K) Class: 807K(896K)->807K(896K)
[22.264s][info][gc          ] GC(6) Pause Young (Normal) (G1 Evacuation Pause) 61M->15M(258M) 3.854ms
[22.264s][info][gc,cpu      ] GC(6) User=0.01s Sys=0.00s Real=0.00s
[30.643s][info][gc,start    ] GC(7) Pause Young (Normal) (G1 Evacuation Pause)
[30.643s][info][gc,task     ] GC(7) Using 2 workers of 2 for evacuation
[30.646s][info][gc,phases   ] GC(7)   Pre Evacuate Collection Set: 0.16ms
[30.646s][info][gc,phases   ] GC(7)   Merge Heap Roots: 0.05ms
[30.646s][info][gc,phases   ] GC(7)   Evacuate Collection Set: 2.94ms
[30.646s][info][gc,phases   ] GC(7)   Post Evacuate Collection Set: 0.20ms
[30.646s][info][gc,phases   ] GC(7)   Other: 0.09ms
[30.646s][info][gc,heap     ] GC(7) Eden regions: 64->0(67)
[30.646s][info][gc,heap     ] GC(7) Survivor regions: 2->2(9)
[30.647s][info][gc,heap     ] GC(7) Old regions: 15->15
[30.647s][info][gc,heap     ] GC(7) Humongous regions: 0->0
[30.647s][info][gc,metaspace] GC(7) Metaspace: 5262K(5376K)->5262K(5376K) NonClass: 4455K(4480K)->4455K(4480K) Class: 807K(896K)->807K(896K)
[30.647s][info][gc          ] GC(7) Pause Young (Normal) (G1 Evacuation Pause) 79M->15M(258M) 3.640ms
[30.647s][info][gc,cpu      ] GC(7) User=0.01s Sys=0.00s Real=0.01s
[41.006s][info][gc,start    ] GC(8) Pause Young (Normal) (G1 Evacuation Pause)
[41.006s][info][gc,task     ] GC(8) Using 2 workers of 2 for evacuation
[41.011s][info][gc,phases   ] GC(8)   Pre Evacuate Collection Set: 0.17ms
[41.011s][info][gc,phases   ] GC(8)   Merge Heap Roots: 0.05ms
[41.011s][info][gc,phases   ] GC(8)   Evacuate Collection Set: 4.30ms
[41.011s][info][gc,phases   ] GC(8)   Post Evacuate Collection Set: 0.22ms
[41.011s][info][gc,phases   ] GC(8)   Other: 0.11ms
[41.011s][info][gc,heap     ] GC(8) Eden regions: 79->0(88)
[41.011s][info][gc,heap     ] GC(8) Survivor regions: 2->2(11)
[41.011s][info][gc,heap     ] GC(8) Old regions: 15->15
[41.011s][info][gc,heap     ] GC(8) Humongous regions: 0->0
[41.011s][info][gc,metaspace] GC(8) Metaspace: 5263K(5376K)->5263K(5376K) NonClass: 4456K(4480K)->4456K(4480K) Class: 807K(896K)->807K(896K)
[41.011s][info][gc          ] GC(8) Pause Young (Normal) (G1 Evacuation Pause) 94M->15M(258M) 5.036ms
[41.011s][info][gc,cpu      ] GC(8) User=0.01s Sys=0.00s Real=0.00s
[55.056s][info][gc,start    ] GC(9) Pause Young (Normal) (G1 Evacuation Pause)
[55.056s][info][gc,task     ] GC(9) Using 2 workers of 2 for evacuation
[55.060s][info][gc,phases   ] GC(9)   Pre Evacuate Collection Set: 0.16ms
[55.060s][info][gc,phases   ] GC(9)   Merge Heap Roots: 0.07ms
[55.060s][info][gc,phases   ] GC(9)   Evacuate Collection Set: 4.01ms
[55.060s][info][gc,phases   ] GC(9)   Post Evacuate Collection Set: 0.21ms
[55.060s][info][gc,phases   ] GC(9)   Other: 0.09ms
[55.060s][info][gc,heap     ] GC(9) Eden regions: 100->0(110)
[55.060s][info][gc,heap     ] GC(9) Survivor regions: 2->3(13)
[55.060s][info][gc,heap     ] GC(9) Old regions: 15->15
[55.060s][info][gc,heap     ] GC(9) Humongous regions: 0->0
[55.060s][info][gc,metaspace] GC(9) Metaspace: 5263K(5376K)->5263K(5376K) NonClass: 4456K(4480K)->4456K(4480K) Class: 807K(896K)->807K(896K)
[55.060s][info][gc          ] GC(9) Pause Young (Normal) (G1 Evacuation Pause) 115M->16M(258M) 4.691ms
[55.060s][info][gc,cpu      ] GC(9) User=0.01s Sys=0.00s Real=0.01s
[71.419s][info][gc,start    ] GC(10) Pause Young (Normal) (G1 Evacuation Pause)
[71.419s][info][gc,task     ] GC(10) Using 2 workers of 2 for evacuation
[71.425s][info][gc,phases   ] GC(10)   Pre Evacuate Collection Set: 0.17ms
[71.425s][info][gc,phases   ] GC(10)   Merge Heap Roots: 0.09ms
[71.425s][info][gc,phases   ] GC(10)   Evacuate Collection Set: 5.59ms
[71.425s][info][gc,phases   ] GC(10)   Post Evacuate Collection Set: 0.26ms
[71.425s][info][gc,phases   ] GC(10)   Other: 0.12ms
[71.425s][info][gc,heap     ] GC(10) Eden regions: 121->0(136)
[71.425s][info][gc,heap     ] GC(10) Survivor regions: 3->3(16)
[71.425s][info][gc,heap     ] GC(10) Old regions: 15->15
[71.425s][info][gc,heap     ] GC(10) Humongous regions: 0->0
[71.425s][info][gc,metaspace] GC(10) Metaspace: 5263K(5376K)->5263K(5376K) NonClass: 4456K(4480K)->4456K(4480K) Class: 807K(896K)->807K(896K)
[71.425s][info][gc          ] GC(10) Pause Young (Normal) (G1 Evacuation Pause) 137M->16M(258M) 6.424ms
[71.425s][info][gc,cpu      ] GC(10) User=0.01s Sys=0.00s Real=0.00s
[92.019s][info][gc,start    ] GC(11) Pause Young (Normal) (G1 Evacuation Pause)
[92.019s][info][gc,task     ] GC(11) Using 2 workers of 2 for evacuation
[92.027s][info][gc,phases   ] GC(11)   Pre Evacuate Collection Set: 0.18ms
[92.027s][info][gc,phases   ] GC(11)   Merge Heap Roots: 0.06ms
[92.027s][info][gc,phases   ] GC(11)   Evacuate Collection Set: 7.57ms
[92.027s][info][gc,phases   ] GC(11)   Post Evacuate Collection Set: 0.28ms
[92.027s][info][gc,phases   ] GC(11)   Other: 0.10ms
[92.027s][info][gc,heap     ] GC(11) Eden regions: 146->0(149)
[92.027s][info][gc,heap     ] GC(11) Survivor regions: 3->4(19)
[92.027s][info][gc,heap     ] GC(11) Old regions: 15->15
[92.027s][info][gc,heap     ] GC(11) Humongous regions: 0->0
[92.027s][info][gc,metaspace] GC(11) Metaspace: 5264K(5376K)->5264K(5376K) NonClass: 4456K(4480K)->4456K(4480K) Class: 807K(896K)->807K(896K)
[92.027s][info][gc          ] GC(11) Pause Young (Normal) (G1 Evacuation Pause) 162M->17M(258M) 8.349ms
[92.027s][info][gc,cpu      ] GC(11) User=0.01s Sys=0.00s Real=0.01s
[115.160s][info][gc,start    ] GC(12) Pause Young (Normal) (G1 Evacuation Pause)
[115.160s][info][gc,task     ] GC(12) Using 2 workers of 2 for evacuation
[115.189s][info][gc,phases   ] GC(12)   Pre Evacuate Collection Set: 0.17ms
[115.190s][info][gc,phases   ] GC(12)   Merge Heap Roots: 0.08ms
[115.190s][info][gc,phases   ] GC(12)   Evacuate Collection Set: 28.45ms
[115.190s][info][gc,phases   ] GC(12)   Post Evacuate Collection Set: 0.45ms
[115.190s][info][gc,phases   ] GC(12)   Other: 0.09ms
[115.190s][info][gc,heap     ] GC(12) Eden regions: 149->0(139)
[115.190s][info][gc,heap     ] GC(12) Survivor regions: 4->14(20)
[115.190s][info][gc,heap     ] GC(12) Old regions: 15->15
[115.190s][info][gc,heap     ] GC(12) Humongous regions: 0->0
[115.190s][info][gc,metaspace] GC(12) Metaspace: 5448K(5632K)->5448K(5632K) NonClass: 4623K(4736K)->4623K(4736K) Class: 825K(896K)->825K(896K)
[115.190s][info][gc          ] GC(12) Pause Young (Normal) (G1 Evacuation Pause) 166M->27M(258M) 29.444ms
[115.190s][info][gc,cpu      ] GC(12) User=0.04s Sys=0.01s Real=0.03s
[136.881s][info][gc,start    ] GC(13) Pause Young (Normal) (G1 Evacuation Pause)
[136.881s][info][gc,task     ] GC(13) Using 2 workers of 2 for evacuation
[136.906s][info][gc,phases   ] GC(13)   Pre Evacuate Collection Set: 0.16ms
[136.906s][info][gc,phases   ] GC(13)   Merge Heap Roots: 0.06ms
[136.906s][info][gc,phases   ] GC(13)   Evacuate Collection Set: 23.77ms
[136.906s][info][gc,phases   ] GC(13)   Post Evacuate Collection Set: 0.31ms
[136.906s][info][gc,phases   ] GC(13)   Other: 0.10ms
[136.906s][info][gc,heap     ] GC(13) Eden regions: 139->0(152)
[136.906s][info][gc,heap     ] GC(13) Survivor regions: 14->1(20)
[136.906s][info][gc,heap     ] GC(13) Old regions: 15->29
[136.906s][info][gc,heap     ] GC(13) Humongous regions: 0->0
[136.906s][info][gc,metaspace] GC(13) Metaspace: 5449K(5632K)->5449K(5632K) NonClass: 4624K(4736K)->4624K(4736K) Class: 825K(896K)->825K(896K)
[136.906s][info][gc          ] GC(13) Pause Young (Normal) (G1 Evacuation Pause) 166M->29M(258M) 24.580ms
[136.906s][info][gc,cpu      ] GC(13) User=0.04s Sys=0.01s Real=0.03s
[158.178s][info][gc,start    ] GC(14) Pause Young (Normal) (G1 Evacuation Pause)
[158.178s][info][gc,task     ] GC(14) Using 2 workers of 2 for evacuation
[158.181s][info][gc,phases   ] GC(14)   Pre Evacuate Collection Set: 0.15ms
[158.181s][info][gc,phases   ] GC(14)   Merge Heap Roots: 0.07ms
[158.181s][info][gc,phases   ] GC(14)   Evacuate Collection Set: 1.95ms
[158.181s][info][gc,phases   ] GC(14)   Post Evacuate Collection Set: 0.28ms
[158.181s][info][gc,phases   ] GC(14)   Other: 0.09ms
[158.181s][info][gc,heap     ] GC(14) Eden regions: 152->0(152)
[158.181s][info][gc,heap     ] GC(14) Survivor regions: 1->1(20)
[158.181s][info][gc,heap     ] GC(14) Old regions: 29->29
[158.181s][info][gc,heap     ] GC(14) Humongous regions: 0->0
[158.181s][info][gc,metaspace] GC(14) Metaspace: 5449K(5632K)->5449K(5632K) NonClass: 4624K(4736K)->4624K(4736K) Class: 825K(896K)->825K(896K)
[158.181s][info][gc          ] GC(14) Pause Young (Normal) (G1 Evacuation Pause) 181M->29M(258M) 2.708ms
[158.181s][info][gc,cpu      ] GC(14) User=0.00s Sys=0.00s Real=0.00s
[179.325s][info][gc,start    ] GC(15) Pause Young (Normal) (G1 Evacuation Pause)
[179.325s][info][gc,task     ] GC(15) Using 2 workers of 2 for evacuation
[179.329s][info][gc,phases   ] GC(15)   Pre Evacuate Collection Set: 0.19ms
[179.329s][info][gc,phases   ] GC(15)   Merge Heap Roots: 0.07ms
[179.329s][info][gc,phases   ] GC(15)   Evacuate Collection Set: 3.57ms
[179.329s][info][gc,phases   ] GC(15)   Post Evacuate Collection Set: 0.27ms
[179.329s][info][gc,phases   ] GC(15)   Other: 0.09ms
[179.329s][info][gc,heap     ] GC(15) Eden regions: 152->0(151)
[179.330s][info][gc,heap     ] GC(15) Survivor regions: 1->2(20)
[179.330s][info][gc,heap     ] GC(15) Old regions: 29->29
[179.330s][info][gc,heap     ] GC(15) Humongous regions: 0->0
[179.330s][info][gc,metaspace] GC(15) Metaspace: 5449K(5632K)->5449K(5632K) NonClass: 4624K(4736K)->4624K(4736K) Class: 825K(896K)->825K(896K)
[179.330s][info][gc          ] GC(15) Pause Young (Normal) (G1 Evacuation Pause) 181M->29M(258M) 4.412ms
[179.330s][info][gc,cpu      ] GC(15) User=0.01s Sys=0.00s Real=0.01s
[199.958s][info][gc,start    ] GC(16) Pause Young (Normal) (G1 Evacuation Pause)
[199.958s][info][gc,task     ] GC(16) Using 2 workers of 2 for evacuation
[199.962s][info][gc,phases   ] GC(16)   Pre Evacuate Collection Set: 0.16ms
[199.962s][info][gc,phases   ] GC(16)   Merge Heap Roots: 0.06ms
[199.962s][info][gc,phases   ] GC(16)   Evacuate Collection Set: 3.06ms
[199.962s][info][gc,phases   ] GC(16)   Post Evacuate Collection Set: 0.26ms
[199.962s][info][gc,phases   ] GC(16)   Other: 0.11ms
[199.962s][info][gc,heap     ] GC(16) Eden regions: 151->0(151)
[199.962s][info][gc,heap     ] GC(16) Survivor regions: 2->2(20)
[199.962s][info][gc,heap     ] GC(16) Old regions: 29->29
[199.962s][info][gc,heap     ] GC(16) Humongous regions: 0->0
[199.962s][info][gc,metaspace] GC(16) Metaspace: 5449K(5632K)->5449K(5632K) NonClass: 4624K(4736K)->4624K(4736K) Class: 825K(896K)->825K(896K)
[199.962s][info][gc          ] GC(16) Pause Young (Normal) (G1 Evacuation Pause) 180M->29M(258M) 3.833ms
[199.962s][info][gc,cpu      ] GC(16) User=0.00s Sys=0.00s Real=0.00s
[224.506s][info][gc,start    ] GC(17) Pause Young (Normal) (G1 Evacuation Pause)
[224.506s][info][gc,task     ] GC(17) Using 2 workers of 2 for evacuation
[224.524s][info][gc,phases   ] GC(17)   Pre Evacuate Collection Set: 0.15ms
[224.524s][info][gc,phases   ] GC(17)   Merge Heap Roots: 0.08ms
[224.524s][info][gc,phases   ] GC(17)   Evacuate Collection Set: 17.52ms
[224.525s][info][gc,phases   ] GC(17)   Post Evacuate Collection Set: 0.30ms
[224.525s][info][gc,phases   ] GC(17)   Other: 0.08ms
[224.525s][info][gc,heap     ] GC(17) Eden regions: 151->0(140)
[224.525s][info][gc,heap     ] GC(17) Survivor regions: 2->13(20)
[224.525s][info][gc,heap     ] GC(17) Old regions: 29->29
[224.525s][info][gc,heap     ] GC(17) Humongous regions: 0->0
[224.525s][info][gc,metaspace] GC(17) Metaspace: 5476K(5632K)->5476K(5632K) NonClass: 4651K(4736K)->4651K(4736K) Class: 825K(896K)->825K(896K)
[224.525s][info][gc          ] GC(17) Pause Young (Normal) (G1 Evacuation Pause) 180M->40M(258M) 18.344ms
[224.525s][info][gc,cpu      ] GC(17) User=0.04s Sys=0.00s Real=0.01s
[244.430s][info][gc,start    ] GC(18) Pause Young (Normal) (G1 Evacuation Pause)
[244.430s][info][gc,task     ] GC(18) Using 2 workers of 2 for evacuation
[244.452s][info][gc,phases   ] GC(18)   Pre Evacuate Collection Set: 0.19ms
[244.452s][info][gc,phases   ] GC(18)   Merge Heap Roots: 0.05ms
[244.452s][info][gc,phases   ] GC(18)   Evacuate Collection Set: 21.69ms
[244.452s][info][gc,phases   ] GC(18)   Post Evacuate Collection Set: 0.29ms
[244.452s][info][gc,phases   ] GC(18)   Other: 0.09ms
[244.452s][info][gc,heap     ] GC(18) Eden regions: 140->0(152)
[244.452s][info][gc,heap     ] GC(18) Survivor regions: 13->1(20)
[244.452s][info][gc,heap     ] GC(18) Old regions: 29->41
[244.452s][info][gc,heap     ] GC(18) Humongous regions: 0->0
[244.452s][info][gc,metaspace] GC(18) Metaspace: 5476K(5632K)->5476K(5632K) NonClass: 4651K(4736K)->4651K(4736K) Class: 825K(896K)->825K(896K)
[244.452s][info][gc          ] GC(18) Pause Young (Normal) (G1 Evacuation Pause) 180M->41M(258M) 22.526ms
[244.453s][info][gc,cpu      ] GC(18) User=0.04s Sys=0.01s Real=0.02s
[265.923s][info][gc,start    ] GC(19) Pause Young (Normal) (G1 Evacuation Pause)
[265.923s][info][gc,task     ] GC(19) Using 2 workers of 2 for evacuation
[265.926s][info][gc,phases   ] GC(19)   Pre Evacuate Collection Set: 0.16ms
[265.926s][info][gc,phases   ] GC(19)   Merge Heap Roots: 0.06ms
[265.926s][info][gc,phases   ] GC(19)   Evacuate Collection Set: 1.97ms
[265.926s][info][gc,phases   ] GC(19)   Post Evacuate Collection Set: 0.31ms
[265.926s][info][gc,phases   ] GC(19)   Other: 0.07ms
[265.926s][info][gc,heap     ] GC(19) Eden regions: 152->0(152)
[265.926s][info][gc,heap     ] GC(19) Survivor regions: 1->1(20)
[265.926s][info][gc,heap     ] GC(19) Old regions: 41->41
[265.926s][info][gc,heap     ] GC(19) Humongous regions: 0->0
[265.926s][info][gc,metaspace] GC(19) Metaspace: 5476K(5632K)->5476K(5632K) NonClass: 4651K(4736K)->4651K(4736K) Class: 825K(896K)->825K(896K)
[265.926s][info][gc          ] GC(19) Pause Young (Normal) (G1 Evacuation Pause) 193M->40M(258M) 2.762ms
[265.926s][info][gc,cpu      ] GC(19) User=0.00s Sys=0.00s Real=0.01s
[286.577s][info][gc,start    ] GC(20) Pause Young (Normal) (G1 Evacuation Pause)
[286.578s][info][gc,task     ] GC(20) Using 2 workers of 2 for evacuation
[286.581s][info][gc,phases   ] GC(20)   Pre Evacuate Collection Set: 0.16ms
[286.581s][info][gc,phases   ] GC(20)   Merge Heap Roots: 0.08ms
[286.581s][info][gc,phases   ] GC(20)   Evacuate Collection Set: 2.56ms
[286.581s][info][gc,phases   ] GC(20)   Post Evacuate Collection Set: 0.28ms
[286.581s][info][gc,phases   ] GC(20)   Other: 0.07ms
[286.581s][info][gc,heap     ] GC(20) Eden regions: 152->0(151)
[286.581s][info][gc,heap     ] GC(20) Survivor regions: 1->2(20)
[286.581s][info][gc,heap     ] GC(20) Old regions: 41->41
[286.581s][info][gc,heap     ] GC(20) Humongous regions: 0->0
[286.581s][info][gc,metaspace] GC(20) Metaspace: 5476K(5632K)->5476K(5632K) NonClass: 4651K(4736K)->4651K(4736K) Class: 825K(896K)->825K(896K)
[286.581s][info][gc          ] GC(20) Pause Young (Normal) (G1 Evacuation Pause) 192M->41M(258M) 3.357ms
[286.581s][info][gc,cpu      ] GC(20) User=0.01s Sys=0.00s Real=0.00s
[307.767s][info][gc,start    ] GC(21) Pause Young (Normal) (G1 Evacuation Pause)
[307.767s][info][gc,task     ] GC(21) Using 2 workers of 2 for evacuation
[307.770s][info][gc,phases   ] GC(21)   Pre Evacuate Collection Set: 0.18ms
[307.771s][info][gc,phases   ] GC(21)   Merge Heap Roots: 0.07ms
[307.771s][info][gc,phases   ] GC(21)   Evacuate Collection Set: 3.15ms
[307.771s][info][gc,phases   ] GC(21)   Post Evacuate Collection Set: 0.29ms
[307.771s][info][gc,phases   ] GC(21)   Other: 0.11ms
[307.771s][info][gc,heap     ] GC(21) Eden regions: 151->0(151)
[307.771s][info][gc,heap     ] GC(21) Survivor regions: 2->2(20)
[307.771s][info][gc,heap     ] GC(21) Old regions: 41->41
[307.771s][info][gc,heap     ] GC(21) Humongous regions: 0->0
[307.771s][info][gc,metaspace] GC(21) Metaspace: 5476K(5632K)->5476K(5632K) NonClass: 4651K(4736K)->4651K(4736K) Class: 825K(896K)->825K(896K)
[307.771s][info][gc          ] GC(21) Pause Young (Normal) (G1 Evacuation Pause) 192M->41M(258M) 4.033ms
[307.771s][info][gc,cpu      ] GC(21) User=0.00s Sys=0.00s Real=0.00s
[333.903s][info][gc,start    ] GC(22) Pause Young (Normal) (G1 Evacuation Pause)
[333.904s][info][gc,task     ] GC(22) Using 2 workers of 2 for evacuation
[333.921s][info][gc,phases   ] GC(22)   Pre Evacuate Collection Set: 0.18ms
[333.921s][info][gc,phases   ] GC(22)   Merge Heap Roots: 0.09ms
[333.921s][info][gc,phases   ] GC(22)   Evacuate Collection Set: 17.20ms
[333.921s][info][gc,phases   ] GC(22)   Post Evacuate Collection Set: 0.30ms
[333.921s][info][gc,phases   ] GC(22)   Other: 0.10ms
[333.921s][info][gc,heap     ] GC(22) Eden regions: 151->0(140)
[333.921s][info][gc,heap     ] GC(22) Survivor regions: 2->13(20)
[333.921s][info][gc,heap     ] GC(22) Old regions: 41->41
[333.921s][info][gc,heap     ] GC(22) Humongous regions: 0->0
[333.921s][info][gc,metaspace] GC(22) Metaspace: 5526K(5696K)->5526K(5696K) NonClass: 4701K(4800K)->4701K(4800K) Class: 825K(896K)->825K(896K)
[333.922s][info][gc          ] GC(22) Pause Young (Normal) (G1 Evacuation Pause) 192M->52M(258M) 18.073ms
[333.922s][info][gc,cpu      ] GC(22) User=0.03s Sys=0.00s Real=0.02s
[352.937s][info][gc,start    ] GC(23) Pause Young (Normal) (G1 Evacuation Pause)
[352.937s][info][gc,task     ] GC(23) Using 2 workers of 2 for evacuation
[352.955s][info][gc,phases   ] GC(23)   Pre Evacuate Collection Set: 0.21ms
[352.955s][info][gc,phases   ] GC(23)   Merge Heap Roots: 0.09ms
[352.955s][info][gc,phases   ] GC(23)   Evacuate Collection Set: 17.58ms
[352.955s][info][gc,phases   ] GC(23)   Post Evacuate Collection Set: 0.31ms
[352.955s][info][gc,phases   ] GC(23)   Other: 0.09ms
[352.955s][info][gc,heap     ] GC(23) Eden regions: 140->0(142)
[352.955s][info][gc,heap     ] GC(23) Survivor regions: 13->11(20)
[352.955s][info][gc,heap     ] GC(23) Old regions: 41->43
[352.955s][info][gc,heap     ] GC(23) Humongous regions: 0->0
[352.955s][info][gc,metaspace] GC(23) Metaspace: 5526K(5696K)->5526K(5696K) NonClass: 4701K(4800K)->4701K(4800K) Class: 825K(896K)->825K(896K)
[352.956s][info][gc          ] GC(23) Pause Young (Normal) (G1 Evacuation Pause) 192M->52M(258M) 18.509ms
[352.956s][info][gc,cpu      ] GC(23) User=0.03s Sys=0.01s Real=0.01s
[372.604s][info][gc,start    ] GC(24) Pause Young (Normal) (G1 Evacuation Pause)
[372.605s][info][gc,task     ] GC(24) Using 2 workers of 2 for evacuation
[372.620s][info][gc,phases   ] GC(24)   Pre Evacuate Collection Set: 0.16ms
[372.620s][info][gc,phases   ] GC(24)   Merge Heap Roots: 0.07ms
[372.620s][info][gc,phases   ] GC(24)   Evacuate Collection Set: 14.52ms
[372.620s][info][gc,phases   ] GC(24)   Post Evacuate Collection Set: 0.30ms
[372.620s][info][gc,phases   ] GC(24)   Other: 0.11ms
[372.620s][info][gc,heap     ] GC(24) Eden regions: 142->0(142)
[372.620s][info][gc,heap     ] GC(24) Survivor regions: 11->11(20)
[372.620s][info][gc,heap     ] GC(24) Old regions: 43->43
[372.620s][info][gc,heap     ] GC(24) Humongous regions: 0->0
[372.620s][info][gc,metaspace] GC(24) Metaspace: 5526K(5696K)->5526K(5696K) NonClass: 4701K(4800K)->4701K(4800K) Class: 825K(896K)->825K(896K)
[372.620s][info][gc          ] GC(24) Pause Young (Normal) (G1 Evacuation Pause) 194M->52M(258M) 15.344ms
[372.620s][info][gc,cpu      ] GC(24) User=0.03s Sys=0.00s Real=0.02s
[392.830s][info][gc,start    ] GC(25) Pause Young (Normal) (G1 Evacuation Pause)
[392.830s][info][gc,task     ] GC(25) Using 2 workers of 2 for evacuation
[392.845s][info][gc,phases   ] GC(25)   Pre Evacuate Collection Set: 0.15ms
[392.845s][info][gc,phases   ] GC(25)   Merge Heap Roots: 0.05ms
[392.845s][info][gc,phases   ] GC(25)   Evacuate Collection Set: 14.41ms
[392.845s][info][gc,phases   ] GC(25)   Post Evacuate Collection Set: 0.29ms
[392.845s][info][gc,phases   ] GC(25)   Other: 0.07ms
[392.845s][info][gc,heap     ] GC(25) Eden regions: 142->0(142)
[392.845s][info][gc,heap     ] GC(25) Survivor regions: 11->11(20)
[392.845s][info][gc,heap     ] GC(25) Old regions: 43->43
[392.845s][info][gc,heap     ] GC(25) Humongous regions: 0->0
[392.845s][info][gc,metaspace] GC(25) Metaspace: 5526K(5696K)->5526K(5696K) NonClass: 4701K(4800K)->4701K(4800K) Class: 825K(896K)->825K(896K)
[392.845s][info][gc          ] GC(25) Pause Young (Normal) (G1 Evacuation Pause) 194M->52M(258M) 15.189ms
[392.845s][info][gc,cpu      ] GC(25) User=0.02s Sys=0.01s Real=0.01s
[412.991s][info][gc,start    ] GC(26) Pause Young (Normal) (G1 Evacuation Pause)
[412.991s][info][gc,task     ] GC(26) Using 2 workers of 2 for evacuation
[413.006s][info][gc,phases   ] GC(26)   Pre Evacuate Collection Set: 0.17ms
[413.006s][info][gc,phases   ] GC(26)   Merge Heap Roots: 0.07ms
[413.006s][info][gc,phases   ] GC(26)   Evacuate Collection Set: 14.42ms
[413.006s][info][gc,phases   ] GC(26)   Post Evacuate Collection Set: 0.29ms
[413.006s][info][gc,phases   ] GC(26)   Other: 0.07ms
[413.006s][info][gc,heap     ] GC(26) Eden regions: 142->0(142)
[413.006s][info][gc,heap     ] GC(26) Survivor regions: 11->11(20)
[413.006s][info][gc,heap     ] GC(26) Old regions: 43->43
[413.006s][info][gc,heap     ] GC(26) Humongous regions: 0->0
[413.006s][info][gc,metaspace] GC(26) Metaspace: 5526K(5696K)->5526K(5696K) NonClass: 4701K(4800K)->4701K(4800K) Class: 825K(896K)->825K(896K)
[413.006s][info][gc          ] GC(26) Pause Young (Normal) (G1 Evacuation Pause) 194M->52M(258M) 15.194ms
[413.007s][info][gc,cpu      ] GC(26) User=0.03s Sys=0.00s Real=0.02s
[436.007s][info][gc,start    ] GC(27) Pause Young (Normal) (G1 Evacuation Pause)
[436.007s][info][gc,task     ] GC(27) Using 2 workers of 2 for evacuation
[436.023s][info][gc,phases   ] GC(27)   Pre Evacuate Collection Set: 0.21ms
[436.023s][info][gc,phases   ] GC(27)   Merge Heap Roots: 0.08ms
[436.023s][info][gc,phases   ] GC(27)   Evacuate Collection Set: 15.16ms
[436.023s][info][gc,phases   ] GC(27)   Post Evacuate Collection Set: 0.30ms
[436.023s][info][gc,phases   ] GC(27)   Other: 0.09ms
[436.023s][info][gc,heap     ] GC(27) Eden regions: 142->0(142)
[436.023s][info][gc,heap     ] GC(27) Survivor regions: 11->11(20)
[436.023s][info][gc,heap     ] GC(27) Old regions: 43->43
[436.023s][info][gc,heap     ] GC(27) Humongous regions: 0->0
[436.023s][info][gc,metaspace] GC(27) Metaspace: 5542K(5696K)->5542K(5696K) NonClass: 4717K(4800K)->4717K(4800K) Class: 825K(896K)->825K(896K)
[436.023s][info][gc          ] GC(27) Pause Young (Normal) (G1 Evacuation Pause) 194M->52M(258M) 16.017ms
[436.023s][info][gc,cpu      ] GC(27) User=0.03s Sys=0.00s Real=0.01s
[454.885s][info][gc,start    ] GC(28) Pause Young (Normal) (G1 Evacuation Pause)
[454.885s][info][gc,task     ] GC(28) Using 2 workers of 2 for evacuation
[454.900s][info][gc,phases   ] GC(28)   Pre Evacuate Collection Set: 0.15ms
[454.900s][info][gc,phases   ] GC(28)   Merge Heap Roots: 0.05ms
[454.900s][info][gc,phases   ] GC(28)   Evacuate Collection Set: 14.69ms
[454.900s][info][gc,phases   ] GC(28)   Post Evacuate Collection Set: 0.31ms
[454.900s][info][gc,phases   ] GC(28)   Other: 0.07ms
[454.900s][info][gc,heap     ] GC(28) Eden regions: 142->0(142)
[454.900s][info][gc,heap     ] GC(28) Survivor regions: 11->11(20)
[454.900s][info][gc,heap     ] GC(28) Old regions: 43->43
[454.900s][info][gc,heap     ] GC(28) Humongous regions: 0->0
[454.900s][info][gc,metaspace] GC(28) Metaspace: 5542K(5696K)->5542K(5696K) NonClass: 4717K(4800K)->4717K(4800K) Class: 825K(896K)->825K(896K)
[454.900s][info][gc          ] GC(28) Pause Young (Normal) (G1 Evacuation Pause) 194M->52M(258M) 15.456ms
[454.900s][info][gc,cpu      ] GC(28) User=0.02s Sys=0.00s Real=0.02s
[473.982s][info][gc,start    ] GC(29) Pause Young (Normal) (G1 Evacuation Pause)
[473.982s][info][gc,task     ] GC(29) Using 2 workers of 2 for evacuation
[473.997s][info][gc,phases   ] GC(29)   Pre Evacuate Collection Set: 0.22ms
[473.998s][info][gc,phases   ] GC(29)   Merge Heap Roots: 0.08ms
[473.998s][info][gc,phases   ] GC(29)   Evacuate Collection Set: 15.10ms
[473.998s][info][gc,phases   ] GC(29)   Post Evacuate Collection Set: 0.31ms
[473.998s][info][gc,phases   ] GC(29)   Other: 0.09ms
[473.998s][info][gc,heap     ] GC(29) Eden regions: 142->0(142)
[473.998s][info][gc,heap     ] GC(29) Survivor regions: 11->11(20)
[473.998s][info][gc,heap     ] GC(29) Old regions: 43->43
[473.998s][info][gc,heap     ] GC(29) Humongous regions: 0->0
[473.998s][info][gc,metaspace] GC(29) Metaspace: 5542K(5696K)->5542K(5696K) NonClass: 4717K(4800K)->4717K(4800K) Class: 825K(896K)->825K(896K)
[473.998s][info][gc          ] GC(29) Pause Young (Normal) (G1 Evacuation Pause) 194M->52M(258M) 16.032ms
[473.998s][info][gc,cpu      ] GC(29) User=0.03s Sys=0.00s Real=0.02s
[493.413s][info][gc,start    ] GC(30) Pause Young (Normal) (G1 Evacuation Pause)
[493.413s][info][gc,task     ] GC(30) Using 2 workers of 2 for evacuation
[493.428s][info][gc,phases   ] GC(30)   Pre Evacuate Collection Set: 0.16ms
[493.428s][info][gc,phases   ] GC(30)   Merge Heap Roots: 0.06ms
[493.428s][info][gc,phases   ] GC(30)   Evacuate Collection Set: 14.27ms
[493.428s][info][gc,phases   ] GC(30)   Post Evacuate Collection Set: 0.31ms
[493.428s][info][gc,phases   ] GC(30)   Other: 0.09ms
[493.428s][info][gc,heap     ] GC(30) Eden regions: 142->0(142)
[493.428s][info][gc,heap     ] GC(30) Survivor regions: 11->11(20)
[493.428s][info][gc,heap     ] GC(30) Old regions: 43->43
[493.428s][info][gc,heap     ] GC(30) Humongous regions: 0->0
[493.428s][info][gc,metaspace] GC(30) Metaspace: 5542K(5696K)->5542K(5696K) NonClass: 4717K(4800K)->4717K(4800K) Class: 825K(896K)->825K(896K)
[493.428s][info][gc          ] GC(30) Pause Young (Normal) (G1 Evacuation Pause) 194M->52M(258M) 15.067ms
[493.428s][info][gc,cpu      ] GC(30) User=0.03s Sys=0.00s Real=0.02s
[512.369s][info][gc,start    ] GC(31) Pause Young (Normal) (G1 Evacuation Pause)
[512.369s][info][gc,task     ] GC(31) Using 2 workers of 2 for evacuation
[512.384s][info][gc,phases   ] GC(31)   Pre Evacuate Collection Set: 0.16ms
[512.384s][info][gc,phases   ] GC(31)   Merge Heap Roots: 0.05ms
[512.384s][info][gc,phases   ] GC(31)   Evacuate Collection Set: 14.55ms
[512.384s][info][gc,phases   ] GC(31)   Post Evacuate Collection Set: 0.27ms
[512.384s][info][gc,phases   ] GC(31)   Other: 0.07ms
[512.384s][info][gc,heap     ] GC(31) Eden regions: 142->0(142)
[512.384s][info][gc,heap     ] GC(31) Survivor regions: 11->11(20)
[512.384s][info][gc,heap     ] GC(31) Old regions: 43->43
[512.384s][info][gc,heap     ] GC(31) Humongous regions: 0->0
[512.384s][info][gc,metaspace] GC(31) Metaspace: 5542K(5696K)->5542K(5696K) NonClass: 4717K(4800K)->4717K(4800K) Class: 825K(896K)->825K(896K)
[512.385s][info][gc          ] GC(31) Pause Young (Normal) (G1 Evacuation Pause) 194M->52M(258M) 15.289ms
[512.385s][info][gc,cpu      ] GC(31) User=0.03s Sys=0.00s Real=0.01s
[534.845s][info][gc,start    ] GC(32) Pause Young (Normal) (G1 Evacuation Pause)
[534.845s][info][gc,task     ] GC(32) Using 2 workers of 2 for evacuation
[534.861s][info][gc,phases   ] GC(32)   Pre Evacuate Collection Set: 0.15ms
[534.861s][info][gc,phases   ] GC(32)   Merge Heap Roots: 0.07ms
[534.861s][info][gc,phases   ] GC(32)   Evacuate Collection Set: 15.16ms
[534.861s][info][gc,phases   ] GC(32)   Post Evacuate Collection Set: 0.37ms
[534.861s][info][gc,phases   ] GC(32)   Other: 0.09ms
[534.861s][info][gc,heap     ] GC(32) Eden regions: 142->0(142)
[534.861s][info][gc,heap     ] GC(32) Survivor regions: 11->11(20)
[534.861s][info][gc,heap     ] GC(32) Old regions: 43->43
[534.861s][info][gc,heap     ] GC(32) Humongous regions: 0->0
[534.861s][info][gc,metaspace] GC(32) Metaspace: 5563K(5696K)->5563K(5696K) NonClass: 4738K(4800K)->4738K(4800K) Class: 825K(896K)->825K(896K)
[534.861s][info][gc          ] GC(32) Pause Young (Normal) (G1 Evacuation Pause) 194M->52M(258M) 16.051ms
[534.861s][info][gc,cpu      ] GC(32) User=0.03s Sys=0.00s Real=0.02s
[553.948s][info][gc,start    ] GC(33) Pause Young (Normal) (G1 Evacuation Pause)
[553.948s][info][gc,task     ] GC(33) Using 2 workers of 2 for evacuation
[553.966s][info][gc,phases   ] GC(33)   Pre Evacuate Collection Set: 0.17ms
[553.966s][info][gc,phases   ] GC(33)   Merge Heap Roots: 0.07ms
[553.966s][info][gc,phases   ] GC(33)   Evacuate Collection Set: 16.59ms
[553.966s][info][gc,phases   ] GC(33)   Post Evacuate Collection Set: 0.31ms
[553.966s][info][gc,phases   ] GC(33)   Other: 0.10ms
[553.966s][info][gc,heap     ] GC(33) Eden regions: 142->0(142)
[553.966s][info][gc,heap     ] GC(33) Survivor regions: 11->11(20)
[553.966s][info][gc,heap     ] GC(33) Old regions: 43->43
[553.966s][info][gc,heap     ] GC(33) Humongous regions: 0->0
[553.966s][info][gc,metaspace] GC(33) Metaspace: 5563K(5696K)->5563K(5696K) NonClass: 4738K(4800K)->4738K(4800K) Class: 825K(896K)->825K(896K)
[553.966s][info][gc          ] GC(33) Pause Young (Normal) (G1 Evacuation Pause) 194M->52M(258M) 17.415ms
[553.966s][info][gc,cpu      ] GC(33) User=0.03s Sys=0.00s Real=0.01s
[573.075s][info][gc,start    ] GC(34) Pause Young (Normal) (G1 Evacuation Pause)
[573.075s][info][gc,task     ] GC(34) Using 2 workers of 2 for evacuation
[573.090s][info][gc,phases   ] GC(34)   Pre Evacuate Collection Set: 0.15ms
[573.090s][info][gc,phases   ] GC(34)   Merge Heap Roots: 0.06ms
[573.090s][info][gc,phases   ] GC(34)   Evacuate Collection Set: 14.16ms
[573.090s][info][gc,phases   ] GC(34)   Post Evacuate Collection Set: 0.30ms
[573.090s][info][gc,phases   ] GC(34)   Other: 0.06ms
[573.090s][info][gc,heap     ] GC(34) Eden regions: 142->0(142)
[573.090s][info][gc,heap     ] GC(34) Survivor regions: 11->11(20)
[573.090s][info][gc,heap     ] GC(34) Old regions: 43->43
[573.090s][info][gc,heap     ] GC(34) Humongous regions: 0->0
[573.090s][info][gc,metaspace] GC(34) Metaspace: 5563K(5696K)->5563K(5696K) NonClass: 4738K(4800K)->4738K(4800K) Class: 825K(896K)->825K(896K)
[573.090s][info][gc          ] GC(34) Pause Young (Normal) (G1 Evacuation Pause) 194M->52M(258M) 14.916ms
[573.090s][info][gc,cpu      ] GC(34) User=0.03s Sys=0.00s Real=0.02s
[592.299s][info][gc,start    ] GC(35) Pause Young (Normal) (G1 Evacuation Pause)
[592.299s][info][gc,task     ] GC(35) Using 2 workers of 2 for evacuation
[592.314s][info][gc,phases   ] GC(35)   Pre Evacuate Collection Set: 0.16ms
[592.314s][info][gc,phases   ] GC(35)   Merge Heap Roots: 0.06ms
[592.314s][info][gc,phases   ] GC(35)   Evacuate Collection Set: 14.50ms
[592.314s][info][gc,phases   ] GC(35)   Post Evacuate Collection Set: 0.29ms
[592.314s][info][gc,phases   ] GC(35)   Other: 0.07ms
[592.314s][info][gc,heap     ] GC(35) Eden regions: 142->0(142)
[592.314s][info][gc,heap     ] GC(35) Survivor regions: 11->11(20)
[592.314s][info][gc,heap     ] GC(35) Old regions: 43->43
[592.314s][info][gc,heap     ] GC(35) Humongous regions: 0->0
[592.314s][info][gc,metaspace] GC(35) Metaspace: 5563K(5696K)->5563K(5696K) NonClass: 4738K(4800K)->4738K(4800K) Class: 825K(896K)->825K(896K)
[592.314s][info][gc          ] GC(35) Pause Young (Normal) (G1 Evacuation Pause) 194M->52M(258M) 15.303ms
[592.314s][info][gc,cpu      ] GC(35) User=0.03s Sys=0.00s Real=0.01s
[610.549s][info][gc,start    ] GC(36) Pause Young (Normal) (G1 Evacuation Pause)
[610.549s][info][gc,task     ] GC(36) Using 2 workers of 2 for evacuation
[610.564s][info][gc,phases   ] GC(36)   Pre Evacuate Collection Set: 0.16ms
[610.565s][info][gc,phases   ] GC(36)   Merge Heap Roots: 0.07ms
[610.565s][info][gc,phases   ] GC(36)   Evacuate Collection Set: 14.54ms
[610.565s][info][gc,phases   ] GC(36)   Post Evacuate Collection Set: 0.30ms
[610.565s][info][gc,phases   ] GC(36)   Other: 0.08ms
[610.565s][info][gc,heap     ] GC(36) Eden regions: 142->0(142)
[610.565s][info][gc,heap     ] GC(36) Survivor regions: 11->11(20)
[610.565s][info][gc,heap     ] GC(36) Old regions: 43->43
[610.565s][info][gc,heap     ] GC(36) Humongous regions: 0->0
[610.565s][info][gc,metaspace] GC(36) Metaspace: 5563K(5696K)->5563K(5696K) NonClass: 4738K(4800K)->4738K(4800K) Class: 825K(896K)->825K(896K)
[610.565s][info][gc          ] GC(36) Pause Young (Normal) (G1 Evacuation Pause) 194M->52M(258M) 15.347ms
[610.565s][info][gc,cpu      ] GC(36) User=0.03s Sys=0.00s Real=0.01s
[632.426s][info][gc,start    ] GC(37) Pause Young (Normal) (G1 Evacuation Pause)
[632.426s][info][gc,task     ] GC(37) Using 2 workers of 2 for evacuation
[632.441s][info][gc,phases   ] GC(37)   Pre Evacuate Collection Set: 0.16ms
[632.441s][info][gc,phases   ] GC(37)   Merge Heap Roots: 0.06ms
[632.441s][info][gc,phases   ] GC(37)   Evacuate Collection Set: 15.06ms
[632.441s][info][gc,phases   ] GC(37)   Post Evacuate Collection Set: 0.29ms
[632.441s][info][gc,phases   ] GC(37)   Other: 0.07ms
[632.441s][info][gc,heap     ] GC(37) Eden regions: 142->0(143)
[632.441s][info][gc,heap     ] GC(37) Survivor regions: 11->10(20)
[632.441s][info][gc,heap     ] GC(37) Old regions: 43->43
[632.441s][info][gc,heap     ] GC(37) Humongous regions: 0->0
[632.441s][info][gc,metaspace] GC(37) Metaspace: 5575K(5696K)->5575K(5696K) NonClass: 4750K(4800K)->4750K(4800K) Class: 825K(896K)->825K(896K)
[632.441s][info][gc          ] GC(37) Pause Young (Normal) (G1 Evacuation Pause) 194M->52M(258M) 15.826ms
[632.441s][info][gc,cpu      ] GC(37) User=0.03s Sys=0.00s Real=0.02s
[651.575s][info][gc,start    ] GC(38) Pause Young (Normal) (G1 Evacuation Pause)
[651.575s][info][gc,task     ] GC(38) Using 2 workers of 2 for evacuation
[651.589s][info][gc,phases   ] GC(38)   Pre Evacuate Collection Set: 0.14ms
[651.589s][info][gc,phases   ] GC(38)   Merge Heap Roots: 0.06ms
[651.589s][info][gc,phases   ] GC(38)   Evacuate Collection Set: 13.89ms
[651.589s][info][gc,phases   ] GC(38)   Post Evacuate Collection Set: 0.28ms
[651.589s][info][gc,phases   ] GC(38)   Other: 0.08ms
[651.589s][info][gc,heap     ] GC(38) Eden regions: 143->0(142)
[651.589s][info][gc,heap     ] GC(38) Survivor regions: 10->11(20)
[651.589s][info][gc,heap     ] GC(38) Old regions: 43->43
[651.589s][info][gc,heap     ] GC(38) Humongous regions: 0->0
[651.589s][info][gc,metaspace] GC(38) Metaspace: 5575K(5696K)->5575K(5696K) NonClass: 4750K(4800K)->4750K(4800K) Class: 825K(896K)->825K(896K)
[651.590s][info][gc          ] GC(38) Pause Young (Normal) (G1 Evacuation Pause) 195M->52M(258M) 14.626ms
[651.590s][info][gc,cpu      ] GC(38) User=0.03s Sys=0.00s Real=0.02s
[670.615s][info][gc,start    ] GC(39) Pause Young (Normal) (G1 Evacuation Pause)
[670.615s][info][gc,task     ] GC(39) Using 2 workers of 2 for evacuation
[670.629s][info][gc,phases   ] GC(39)   Pre Evacuate Collection Set: 0.14ms
[670.629s][info][gc,phases   ] GC(39)   Merge Heap Roots: 0.06ms
[670.629s][info][gc,phases   ] GC(39)   Evacuate Collection Set: 13.43ms
[670.630s][info][gc,phases   ] GC(39)   Post Evacuate Collection Set: 0.35ms
[670.630s][info][gc,phases   ] GC(39)   Other: 0.08ms
[670.630s][info][gc,heap     ] GC(39) Eden regions: 142->0(142)
[670.630s][info][gc,heap     ] GC(39) Survivor regions: 11->11(20)
[670.630s][info][gc,heap     ] GC(39) Old regions: 43->43
[670.630s][info][gc,heap     ] GC(39) Humongous regions: 0->0
[670.630s][info][gc,metaspace] GC(39) Metaspace: 5575K(5696K)->5575K(5696K) NonClass: 4750K(4800K)->4750K(4800K) Class: 825K(896K)->825K(896K)
[670.630s][info][gc          ] GC(39) Pause Young (Normal) (G1 Evacuation Pause) 194M->52M(258M) 14.261ms
[670.630s][info][gc,cpu      ] GC(39) User=0.02s Sys=0.00s Real=0.02s
[690.179s][info][gc,start    ] GC(40) Pause Young (Normal) (G1 Evacuation Pause)
[690.179s][info][gc,task     ] GC(40) Using 2 workers of 2 for evacuation
[690.197s][info][gc,phases   ] GC(40)   Pre Evacuate Collection Set: 0.16ms
[690.197s][info][gc,phases   ] GC(40)   Merge Heap Roots: 0.04ms
[690.197s][info][gc,phases   ] GC(40)   Evacuate Collection Set: 16.69ms
[690.197s][info][gc,phases   ] GC(40)   Post Evacuate Collection Set: 0.30ms
[690.197s][info][gc,phases   ] GC(40)   Other: 0.06ms
[690.197s][info][gc,heap     ] GC(40) Eden regions: 142->0(143)
[690.197s][info][gc,heap     ] GC(40) Survivor regions: 11->10(20)
[690.197s][info][gc,heap     ] GC(40) Old regions: 43->43
[690.197s][info][gc,heap     ] GC(40) Humongous regions: 0->0
[690.197s][info][gc,metaspace] GC(40) Metaspace: 5575K(5696K)->5575K(5696K) NonClass: 4750K(4800K)->4750K(4800K) Class: 825K(896K)->825K(896K)
[690.197s][info][gc          ] GC(40) Pause Young (Normal) (G1 Evacuation Pause) 194M->52M(258M) 17.448ms
[690.197s][info][gc,cpu      ] GC(40) User=0.03s Sys=0.00s Real=0.02s
[710.231s][info][gc,start    ] GC(41) Pause Young (Normal) (G1 Evacuation Pause)
[710.231s][info][gc,task     ] GC(41) Using 2 workers of 2 for evacuation
[710.246s][info][gc,phases   ] GC(41)   Pre Evacuate Collection Set: 0.15ms
[710.246s][info][gc,phases   ] GC(41)   Merge Heap Roots: 0.05ms
[710.246s][info][gc,phases   ] GC(41)   Evacuate Collection Set: 14.48ms
[710.246s][info][gc,phases   ] GC(41)   Post Evacuate Collection Set: 0.30ms
[710.246s][info][gc,phases   ] GC(41)   Other: 0.07ms
[710.247s][info][gc,heap     ] GC(41) Eden regions: 143->0(142)
[710.247s][info][gc,heap     ] GC(41) Survivor regions: 10->11(20)
[710.247s][info][gc,heap     ] GC(41) Old regions: 43->43
[710.247s][info][gc,heap     ] GC(41) Humongous regions: 0->0
[710.247s][info][gc,metaspace] GC(41) Metaspace: 5575K(5696K)->5575K(5696K) NonClass: 4750K(4800K)->4750K(4800K) Class: 825K(896K)->825K(896K)
[710.247s][info][gc          ] GC(41) Pause Young (Normal) (G1 Evacuation Pause) 195M->52M(258M) 15.237ms
[710.247s][info][gc,cpu      ] GC(41) User=0.03s Sys=0.00s Real=0.02s
[734.157s][info][gc,start    ] GC(42) Pause Young (Normal) (G1 Evacuation Pause)
[734.157s][info][gc,task     ] GC(42) Using 2 workers of 2 for evacuation
[734.173s][info][gc,phases   ] GC(42)   Pre Evacuate Collection Set: 0.15ms
[734.173s][info][gc,phases   ] GC(42)   Merge Heap Roots: 0.06ms
[734.173s][info][gc,phases   ] GC(42)   Evacuate Collection Set: 15.60ms
[734.173s][info][gc,phases   ] GC(42)   Post Evacuate Collection Set: 0.31ms
[734.173s][info][gc,phases   ] GC(42)   Other: 0.09ms
[734.173s][info][gc,heap     ] GC(42) Eden regions: 142->0(142)
[734.173s][info][gc,heap     ] GC(42) Survivor regions: 11->11(20)
[734.173s][info][gc,heap     ] GC(42) Old regions: 43->43
[734.173s][info][gc,heap     ] GC(42) Humongous regions: 0->0
[734.173s][info][gc,metaspace] GC(42) Metaspace: 5622K(5760K)->5622K(5760K) NonClass: 4795K(4864K)->4795K(4864K) Class: 827K(896K)->827K(896K)
[734.173s][info][gc          ] GC(42) Pause Young (Normal) (G1 Evacuation Pause) 194M->52M(258M) 16.390ms
[734.173s][info][gc,cpu      ] GC(42) User=0.03s Sys=0.00s Real=0.01s
[755.290s][info][gc,start    ] GC(43) Pause Young (Normal) (G1 Evacuation Pause)
[755.290s][info][gc,task     ] GC(43) Using 2 workers of 2 for evacuation
[755.305s][info][gc,phases   ] GC(43)   Pre Evacuate Collection Set: 0.14ms
[755.305s][info][gc,phases   ] GC(43)   Merge Heap Roots: 0.06ms
[755.305s][info][gc,phases   ] GC(43)   Evacuate Collection Set: 13.92ms
[755.305s][info][gc,phases   ] GC(43)   Post Evacuate Collection Set: 0.32ms
[755.305s][info][gc,phases   ] GC(43)   Other: 0.08ms
[755.305s][info][gc,heap     ] GC(43) Eden regions: 142->0(142)
[755.305s][info][gc,heap     ] GC(43) Survivor regions: 11->11(20)
[755.305s][info][gc,heap     ] GC(43) Old regions: 43->43
[755.305s][info][gc,heap     ] GC(43) Humongous regions: 0->0
[755.305s][info][gc,metaspace] GC(43) Metaspace: 5622K(5760K)->5622K(5760K) NonClass: 4795K(4864K)->4795K(4864K) Class: 827K(896K)->827K(896K)
[755.305s][info][gc          ] GC(43) Pause Young (Normal) (G1 Evacuation Pause) 194M->52M(258M) 14.685ms
[755.305s][info][gc,cpu      ] GC(43) User=0.03s Sys=0.00s Real=0.01s
[776.443s][info][gc,start    ] GC(44) Pause Young (Normal) (G1 Evacuation Pause)
[776.443s][info][gc,task     ] GC(44) Using 2 workers of 2 for evacuation
[776.458s][info][gc,phases   ] GC(44)   Pre Evacuate Collection Set: 0.17ms
[776.458s][info][gc,phases   ] GC(44)   Merge Heap Roots: 0.05ms
[776.458s][info][gc,phases   ] GC(44)   Evacuate Collection Set: 14.63ms
[776.458s][info][gc,phases   ] GC(44)   Post Evacuate Collection Set: 0.32ms
[776.458s][info][gc,phases   ] GC(44)   Other: 0.08ms
[776.458s][info][gc,heap     ] GC(44) Eden regions: 142->0(142)
[776.458s][info][gc,heap     ] GC(44) Survivor regions: 11->11(20)
[776.458s][info][gc,heap     ] GC(44) Old regions: 43->43
[776.458s][info][gc,heap     ] GC(44) Humongous regions: 0->0
[776.458s][info][gc,metaspace] GC(44) Metaspace: 5622K(5760K)->5622K(5760K) NonClass: 4795K(4864K)->4795K(4864K) Class: 827K(896K)->827K(896K)
[776.458s][info][gc          ] GC(44) Pause Young (Normal) (G1 Evacuation Pause) 194M->52M(258M) 15.451ms
[776.458s][info][gc,cpu      ] GC(44) User=0.02s Sys=0.00s Real=0.02s
[797.458s][info][gc,start    ] GC(45) Pause Young (Normal) (G1 Evacuation Pause)
[797.458s][info][gc,task     ] GC(45) Using 2 workers of 2 for evacuation
[797.473s][info][gc,phases   ] GC(45)   Pre Evacuate Collection Set: 0.16ms
[797.473s][info][gc,phases   ] GC(45)   Merge Heap Roots: 0.07ms
[797.473s][info][gc,phases   ] GC(45)   Evacuate Collection Set: 14.00ms
[797.473s][info][gc,phases   ] GC(45)   Post Evacuate Collection Set: 0.36ms
[797.473s][info][gc,phases   ] GC(45)   Other: 0.09ms
[797.473s][info][gc,heap     ] GC(45) Eden regions: 142->0(142)
[797.473s][info][gc,heap     ] GC(45) Survivor regions: 11->11(20)
[797.473s][info][gc,heap     ] GC(45) Old regions: 43->43
[797.473s][info][gc,heap     ] GC(45) Humongous regions: 0->0
[797.473s][info][gc,metaspace] GC(45) Metaspace: 5622K(5760K)->5622K(5760K) NonClass: 4795K(4864K)->4795K(4864K) Class: 827K(896K)->827K(896K)
[797.473s][info][gc          ] GC(45) Pause Young (Normal) (G1 Evacuation Pause) 194M->52M(258M) 14.858ms
[797.473s][info][gc,cpu      ] GC(45) User=0.03s Sys=0.00s Real=0.01s
[816.358s][info][gc,start    ] GC(46) Pause Young (Normal) (G1 Evacuation Pause)
[816.358s][info][gc,task     ] GC(46) Using 2 workers of 2 for evacuation
[816.373s][info][gc,phases   ] GC(46)   Pre Evacuate Collection Set: 0.16ms
[816.373s][info][gc,phases   ] GC(46)   Merge Heap Roots: 0.04ms
[816.373s][info][gc,phases   ] GC(46)   Evacuate Collection Set: 14.24ms
[816.373s][info][gc,phases   ] GC(46)   Post Evacuate Collection Set: 0.29ms
[816.373s][info][gc,phases   ] GC(46)   Other: 0.07ms
[816.373s][info][gc,heap     ] GC(46) Eden regions: 142->0(142)
[816.373s][info][gc,heap     ] GC(46) Survivor regions: 11->11(20)
[816.373s][info][gc,heap     ] GC(46) Old regions: 43->43
[816.373s][info][gc,heap     ] GC(46) Humongous regions: 0->0
[816.373s][info][gc,metaspace] GC(46) Metaspace: 5622K(5760K)->5622K(5760K) NonClass: 4795K(4864K)->4795K(4864K) Class: 827K(896K)->827K(896K)
[816.373s][info][gc          ] GC(46) Pause Young (Normal) (G1 Evacuation Pause) 194M->52M(258M) 14.973ms
[816.373s][info][gc,cpu      ] GC(46) User=0.03s Sys=0.00s Real=0.01s
[838.525s][info][gc,start    ] GC(47) Pause Young (Normal) (G1 Evacuation Pause)
[838.525s][info][gc,task     ] GC(47) Using 2 workers of 2 for evacuation
[838.540s][info][gc,phases   ] GC(47)   Pre Evacuate Collection Set: 0.14ms
[838.540s][info][gc,phases   ] GC(47)   Merge Heap Roots: 0.05ms
[838.540s][info][gc,phases   ] GC(47)   Evacuate Collection Set: 14.13ms
[838.540s][info][gc,phases   ] GC(47)   Post Evacuate Collection Set: 0.36ms
[838.540s][info][gc,phases   ] GC(47)   Other: 0.06ms
[838.540s][info][gc,heap     ] GC(47) Eden regions: 142->0(143)
[838.540s][info][gc,heap     ] GC(47) Survivor regions: 11->10(20)
[838.540s][info][gc,heap     ] GC(47) Old regions: 43->43
[838.540s][info][gc,heap     ] GC(47) Humongous regions: 0->0
[838.540s][info][gc,metaspace] GC(47) Metaspace: 5625K(5760K)->5625K(5760K) NonClass: 4798K(4864K)->4798K(4864K) Class: 827K(896K)->827K(896K)
[838.540s][info][gc          ] GC(47) Pause Young (Normal) (G1 Evacuation Pause) 194M->52M(258M) 14.925ms
[838.540s][info][gc,cpu      ] GC(47) User=0.02s Sys=0.00s Real=0.02s
[859.211s][info][gc,start    ] GC(48) Pause Young (Normal) (G1 Evacuation Pause)
[859.211s][info][gc,task     ] GC(48) Using 2 workers of 2 for evacuation
[859.226s][info][gc,phases   ] GC(48)   Pre Evacuate Collection Set: 0.16ms
[859.226s][info][gc,phases   ] GC(48)   Merge Heap Roots: 0.06ms
[859.226s][info][gc,phases   ] GC(48)   Evacuate Collection Set: 14.17ms
[859.226s][info][gc,phases   ] GC(48)   Post Evacuate Collection Set: 0.31ms
[859.226s][info][gc,phases   ] GC(48)   Other: 0.08ms
[859.226s][info][gc,heap     ] GC(48) Eden regions: 143->0(142)
[859.226s][info][gc,heap     ] GC(48) Survivor regions: 10->11(20)
[859.226s][info][gc,heap     ] GC(48) Old regions: 43->43
[859.226s][info][gc,heap     ] GC(48) Humongous regions: 0->0
[859.226s][info][gc,metaspace] GC(48) Metaspace: 5625K(5760K)->5625K(5760K) NonClass: 4798K(4864K)->4798K(4864K) Class: 827K(896K)->827K(896K)
[859.226s][info][gc          ] GC(48) Pause Young (Normal) (G1 Evacuation Pause) 195M->52M(258M) 15.036ms
[859.226s][info][gc,cpu      ] GC(48) User=0.02s Sys=0.00s Real=0.02s
[881.369s][info][gc,start    ] GC(49) Pause Young (Normal) (G1 Evacuation Pause)
[881.369s][info][gc,task     ] GC(49) Using 2 workers of 2 for evacuation
[881.386s][info][gc,phases   ] GC(49)   Pre Evacuate Collection Set: 0.16ms
[881.386s][info][gc,phases   ] GC(49)   Merge Heap Roots: 0.05ms
[881.386s][info][gc,phases   ] GC(49)   Evacuate Collection Set: 15.74ms
[881.386s][info][gc,phases   ] GC(49)   Post Evacuate Collection Set: 0.40ms
[881.386s][info][gc,phases   ] GC(49)   Other: 0.08ms
[881.386s][info][gc,heap     ] GC(49) Eden regions: 142->0(142)
[881.386s][info][gc,heap     ] GC(49) Survivor regions: 11->11(20)
[881.386s][info][gc,heap     ] GC(49) Old regions: 43->43
[881.386s][info][gc,heap     ] GC(49) Humongous regions: 0->0
[881.386s][info][gc,metaspace] GC(49) Metaspace: 5625K(5760K)->5625K(5760K) NonClass: 4798K(4864K)->4798K(4864K) Class: 827K(896K)->827K(896K)
[881.386s][info][gc          ] GC(49) Pause Young (Normal) (G1 Evacuation Pause) 194M->52M(258M) 16.652ms
[881.386s][info][gc,cpu      ] GC(49) User=0.03s Sys=0.00s Real=0.01s
[902.548s][info][gc,start    ] GC(50) Pause Young (Normal) (G1 Evacuation Pause)
[902.548s][info][gc,task     ] GC(50) Using 2 workers of 2 for evacuation
[902.563s][info][gc,phases   ] GC(50)   Pre Evacuate Collection Set: 0.22ms
[902.563s][info][gc,phases   ] GC(50)   Merge Heap Roots: 0.08ms
[902.563s][info][gc,phases   ] GC(50)   Evacuate Collection Set: 14.66ms
[902.563s][info][gc,phases   ] GC(50)   Post Evacuate Collection Set: 0.30ms
[902.563s][info][gc,phases   ] GC(50)   Other: 0.10ms
[902.563s][info][gc,heap     ] GC(50) Eden regions: 142->0(143)
[902.563s][info][gc,heap     ] GC(50) Survivor regions: 11->10(20)
[902.563s][info][gc,heap     ] GC(50) Old regions: 43->43
[902.563s][info][gc,heap     ] GC(50) Humongous regions: 0->0
[902.563s][info][gc,metaspace] GC(50) Metaspace: 5625K(5760K)->5625K(5760K) NonClass: 4798K(4864K)->4798K(4864K) Class: 827K(896K)->827K(896K)
[902.563s][info][gc          ] GC(50) Pause Young (Normal) (G1 Evacuation Pause) 194M->52M(258M) 15.548ms
[902.563s][info][gc,cpu      ] GC(50) User=0.03s Sys=0.00s Real=0.01s
[923.243s][info][gc,start    ] GC(51) Pause Young (Normal) (G1 Evacuation Pause)
[923.243s][info][gc,task     ] GC(51) Using 2 workers of 2 for evacuation
[923.258s][info][gc,phases   ] GC(51)   Pre Evacuate Collection Set: 0.17ms
[923.258s][info][gc,phases   ] GC(51)   Merge Heap Roots: 0.05ms
[923.258s][info][gc,phases   ] GC(51)   Evacuate Collection Set: 14.44ms
[923.258s][info][gc,phases   ] GC(51)   Post Evacuate Collection Set: 0.30ms
[923.258s][info][gc,phases   ] GC(51)   Other: 0.10ms
[923.258s][info][gc,heap     ] GC(51) Eden regions: 143->0(143)
[923.258s][info][gc,heap     ] GC(51) Survivor regions: 10->10(20)
[923.258s][info][gc,heap     ] GC(51) Old regions: 43->43
[923.258s][info][gc,heap     ] GC(51) Humongous regions: 0->0
[923.259s][info][gc,metaspace] GC(51) Metaspace: 5625K(5760K)->5625K(5760K) NonClass: 4798K(4864K)->4798K(4864K) Class: 827K(896K)->827K(896K)
[923.259s][info][gc          ] GC(51) Pause Young (Normal) (G1 Evacuation Pause) 195M->52M(258M) 15.310ms
[923.259s][info][gc,cpu      ] GC(51) User=0.03s Sys=0.00s Real=0.02s
[947.290s][info][gc,start    ] GC(52) Pause Young (Normal) (G1 Evacuation Pause)
[947.290s][info][gc,task     ] GC(52) Using 2 workers of 2 for evacuation
[947.305s][info][gc,phases   ] GC(52)   Pre Evacuate Collection Set: 0.15ms
[947.305s][info][gc,phases   ] GC(52)   Merge Heap Roots: 0.05ms
[947.305s][info][gc,phases   ] GC(52)   Evacuate Collection Set: 14.80ms
[947.305s][info][gc,phases   ] GC(52)   Post Evacuate Collection Set: 0.30ms
[947.305s][info][gc,phases   ] GC(52)   Other: 0.07ms
[947.305s][info][gc,heap     ] GC(52) Eden regions: 143->0(142)
[947.305s][info][gc,heap     ] GC(52) Survivor regions: 10->11(20)
[947.305s][info][gc,heap     ] GC(52) Old regions: 43->43
[947.305s][info][gc,heap     ] GC(52) Humongous regions: 0->0
[947.305s][info][gc,metaspace] GC(52) Metaspace: 5632K(5824K)->5632K(5824K) NonClass: 4805K(4928K)->4805K(4928K) Class: 827K(896K)->827K(896K)
[947.306s][info][gc          ] GC(52) Pause Young (Normal) (G1 Evacuation Pause) 195M->52M(258M) 15.575ms
[947.306s][info][gc,cpu      ] GC(52) User=0.03s Sys=0.00s Real=0.01s
[968.103s][info][gc,start    ] GC(53) Pause Young (Normal) (G1 Evacuation Pause)
[968.103s][info][gc,task     ] GC(53) Using 2 workers of 2 for evacuation
[968.118s][info][gc,phases   ] GC(53)   Pre Evacuate Collection Set: 0.17ms
[968.118s][info][gc,phases   ] GC(53)   Merge Heap Roots: 0.06ms
[968.118s][info][gc,phases   ] GC(53)   Evacuate Collection Set: 14.43ms
[968.118s][info][gc,phases   ] GC(53)   Post Evacuate Collection Set: 0.28ms
[968.118s][info][gc,phases   ] GC(53)   Other: 0.08ms
[968.118s][info][gc,heap     ] GC(53) Eden regions: 142->0(142)
[968.118s][info][gc,heap     ] GC(53) Survivor regions: 11->11(20)
[968.118s][info][gc,heap     ] GC(53) Old regions: 43->43
[968.118s][info][gc,heap     ] GC(53) Humongous regions: 0->0
[968.118s][info][gc,metaspace] GC(53) Metaspace: 5632K(5824K)->5632K(5824K) NonClass: 4805K(4928K)->4805K(4928K) Class: 827K(896K)->827K(896K)
[968.118s][info][gc          ] GC(53) Pause Young (Normal) (G1 Evacuation Pause) 194M->52M(258M) 15.197ms
[968.118s][info][gc,cpu      ] GC(53) User=0.03s Sys=0.00s Real=0.02s
[987.987s][info][gc,start    ] GC(54) Pause Young (Normal) (G1 Evacuation Pause)
[987.988s][info][gc,task     ] GC(54) Using 2 workers of 2 for evacuation
[988.002s][info][gc,phases   ] GC(54)   Pre Evacuate Collection Set: 0.15ms
[988.002s][info][gc,phases   ] GC(54)   Merge Heap Roots: 0.06ms
[988.002s][info][gc,phases   ] GC(54)   Evacuate Collection Set: 14.34ms
[988.002s][info][gc,phases   ] GC(54)   Post Evacuate Collection Set: 0.28ms
[988.002s][info][gc,phases   ] GC(54)   Other: 0.07ms
[988.003s][info][gc,heap     ] GC(54) Eden regions: 142->0(142)
[988.003s][info][gc,heap     ] GC(54) Survivor regions: 11->11(20)
[988.003s][info][gc,heap     ] GC(54) Old regions: 43->43
[988.003s][info][gc,heap     ] GC(54) Humongous regions: 0->0
[988.003s][info][gc,metaspace] GC(54) Metaspace: 5632K(5824K)->5632K(5824K) NonClass: 4805K(4928K)->4805K(4928K) Class: 827K(896K)->827K(896K)
[988.003s][info][gc          ] GC(54) Pause Young (Normal) (G1 Evacuation Pause) 194M->52M(258M) 15.074ms
[988.003s][info][gc,cpu      ] GC(54) User=0.03s Sys=0.00s Real=0.01s
[1007.675s][info][gc,start    ] GC(55) Pause Young (Normal) (G1 Evacuation Pause)
[1007.675s][info][gc,task     ] GC(55) Using 2 workers of 2 for evacuation
[1007.690s][info][gc,phases   ] GC(55)   Pre Evacuate Collection Set: 0.15ms
[1007.690s][info][gc,phases   ] GC(55)   Merge Heap Roots: 0.05ms
[1007.690s][info][gc,phases   ] GC(55)   Evacuate Collection Set: 14.62ms
[1007.690s][info][gc,phases   ] GC(55)   Post Evacuate Collection Set: 0.29ms
[1007.690s][info][gc,phases   ] GC(55)   Other: 0.11ms
[1007.690s][info][gc,heap     ] GC(55) Eden regions: 142->0(142)
[1007.690s][info][gc,heap     ] GC(55) Survivor regions: 11->11(20)
[1007.690s][info][gc,heap     ] GC(55) Old regions: 43->43
[1007.690s][info][gc,heap     ] GC(55) Humongous regions: 0->0
[1007.690s][info][gc,metaspace] GC(55) Metaspace: 5632K(5824K)->5632K(5824K) NonClass: 4805K(4928K)->4805K(4928K) Class: 827K(896K)->827K(896K)
[1007.691s][info][gc          ] GC(55) Pause Young (Normal) (G1 Evacuation Pause) 194M->52M(258M) 15.429ms
[1007.691s][info][gc,cpu      ] GC(55) User=0.03s Sys=0.00s Real=0.02s
[1028.932s][info][gc,start    ] GC(56) Pause Young (Normal) (G1 Evacuation Pause)
[1028.932s][info][gc,task     ] GC(56) Using 2 workers of 2 for evacuation
[1028.947s][info][gc,phases   ] GC(56)   Pre Evacuate Collection Set: 0.14ms
[1028.947s][info][gc,phases   ] GC(56)   Merge Heap Roots: 0.05ms
[1028.947s][info][gc,phases   ] GC(56)   Evacuate Collection Set: 14.44ms
[1028.947s][info][gc,phases   ] GC(56)   Post Evacuate Collection Set: 0.28ms
[1028.947s][info][gc,phases   ] GC(56)   Other: 0.08ms
[1028.947s][info][gc,heap     ] GC(56) Eden regions: 142->0(143)
[1028.947s][info][gc,heap     ] GC(56) Survivor regions: 11->10(20)
[1028.947s][info][gc,heap     ] GC(56) Old regions: 43->43
[1028.947s][info][gc,heap     ] GC(56) Humongous regions: 0->0
[1028.947s][info][gc,metaspace] GC(56) Metaspace: 5632K(5824K)->5632K(5824K) NonClass: 4805K(4928K)->4805K(4928K) Class: 827K(896K)->827K(896K)
[1028.947s][info][gc          ] GC(56) Pause Young (Normal) (G1 Evacuation Pause) 194M->52M(258M) 15.209ms
[1028.947s][info][gc,cpu      ] GC(56) User=0.03s Sys=0.00s Real=0.02s
[1053.000s][info][gc,start    ] GC(57) Pause Young (Normal) (G1 Evacuation Pause)
[1053.000s][info][gc,task     ] GC(57) Using 2 workers of 2 for evacuation
[1053.016s][info][gc,phases   ] GC(57)   Pre Evacuate Collection Set: 0.17ms
[1053.016s][info][gc,phases   ] GC(57)   Merge Heap Roots: 0.06ms
[1053.016s][info][gc,phases   ] GC(57)   Evacuate Collection Set: 14.89ms
[1053.016s][info][gc,phases   ] GC(57)   Post Evacuate Collection Set: 0.31ms
[1053.016s][info][gc,phases   ] GC(57)   Other: 0.07ms
[1053.016s][info][gc,heap     ] GC(57) Eden regions: 143->0(143)
[1053.016s][info][gc,heap     ] GC(57) Survivor regions: 10->10(20)
[1053.016s][info][gc,heap     ] GC(57) Old regions: 43->43
[1053.016s][info][gc,heap     ] GC(57) Humongous regions: 0->0
[1053.016s][info][gc,metaspace] GC(57) Metaspace: 5636K(5824K)->5636K(5824K) NonClass: 4809K(4928K)->4809K(4928K) Class: 827K(896K)->827K(896K)
[1053.016s][info][gc          ] GC(57) Pause Young (Normal) (G1 Evacuation Pause) 195M->52M(258M) 15.691ms
[1053.016s][info][gc,cpu      ] GC(57) User=0.03s Sys=0.00s Real=0.02s
[1074.074s][info][gc,start    ] GC(58) Pause Young (Normal) (G1 Evacuation Pause)
[1074.074s][info][gc,task     ] GC(58) Using 2 workers of 2 for evacuation
[1074.090s][info][gc,phases   ] GC(58)   Pre Evacuate Collection Set: 0.15ms
[1074.090s][info][gc,phases   ] GC(58)   Merge Heap Roots: 0.05ms
[1074.090s][info][gc,phases   ] GC(58)   Evacuate Collection Set: 15.18ms
[1074.090s][info][gc,phases   ] GC(58)   Post Evacuate Collection Set: 0.30ms
[1074.090s][info][gc,phases   ] GC(58)   Other: 0.08ms
[1074.090s][info][gc,heap     ] GC(58) Eden regions: 143->0(142)
[1074.090s][info][gc,heap     ] GC(58) Survivor regions: 10->11(20)
[1074.090s][info][gc,heap     ] GC(58) Old regions: 43->43
[1074.090s][info][gc,heap     ] GC(58) Humongous regions: 0->0
[1074.090s][info][gc,metaspace] GC(58) Metaspace: 5636K(5824K)->5636K(5824K) NonClass: 4809K(4928K)->4809K(4928K) Class: 827K(896K)->827K(896K)
[1074.090s][info][gc          ] GC(58) Pause Young (Normal) (G1 Evacuation Pause) 195M->52M(258M) 15.958ms
[1074.090s][info][gc,cpu      ] GC(58) User=0.03s Sys=0.00s Real=0.02s
[1093.911s][info][gc,start    ] GC(59) Pause Young (Normal) (G1 Evacuation Pause)
[1093.911s][info][gc,task     ] GC(59) Using 2 workers of 2 for evacuation
[1093.927s][info][gc,phases   ] GC(59)   Pre Evacuate Collection Set: 0.15ms
[1093.927s][info][gc,phases   ] GC(59)   Merge Heap Roots: 0.06ms
[1093.927s][info][gc,phases   ] GC(59)   Evacuate Collection Set: 14.60ms
[1093.927s][info][gc,phases   ] GC(59)   Post Evacuate Collection Set: 0.31ms
[1093.927s][info][gc,phases   ] GC(59)   Other: 0.08ms
[1093.927s][info][gc,heap     ] GC(59) Eden regions: 142->0(142)
[1093.927s][info][gc,heap     ] GC(59) Survivor regions: 11->11(20)
[1093.927s][info][gc,heap     ] GC(59) Old regions: 43->43
[1093.927s][info][gc,heap     ] GC(59) Humongous regions: 0->0
[1093.927s][info][gc,metaspace] GC(59) Metaspace: 5636K(5824K)->5636K(5824K) NonClass: 4809K(4928K)->4809K(4928K) Class: 827K(896K)->827K(896K)
[1093.927s][info][gc          ] GC(59) Pause Young (Normal) (G1 Evacuation Pause) 194M->52M(258M) 15.400ms
[1093.927s][info][gc,cpu      ] GC(59) User=0.03s Sys=0.00s Real=0.02s
[1113.254s][info][gc,start    ] GC(60) Pause Young (Normal) (G1 Evacuation Pause)
[1113.254s][info][gc,task     ] GC(60) Using 2 workers of 2 for evacuation
[1113.269s][info][gc,phases   ] GC(60)   Pre Evacuate Collection Set: 0.16ms
[1113.269s][info][gc,phases   ] GC(60)   Merge Heap Roots: 0.05ms
[1113.269s][info][gc,phases   ] GC(60)   Evacuate Collection Set: 14.49ms
[1113.269s][info][gc,phases   ] GC(60)   Post Evacuate Collection Set: 0.28ms
[1113.269s][info][gc,phases   ] GC(60)   Other: 0.07ms
[1113.269s][info][gc,heap     ] GC(60) Eden regions: 142->0(143)
[1113.269s][info][gc,heap     ] GC(60) Survivor regions: 11->10(20)
[1113.269s][info][gc,heap     ] GC(60) Old regions: 43->43
[1113.269s][info][gc,heap     ] GC(60) Humongous regions: 0->0
[1113.269s][info][gc,metaspace] GC(60) Metaspace: 5636K(5824K)->5636K(5824K) NonClass: 4809K(4928K)->4809K(4928K) Class: 827K(896K)->827K(896K)
[1113.269s][info][gc          ] GC(60) Pause Young (Normal) (G1 Evacuation Pause) 194M->52M(258M) 15.241ms
[1113.269s][info][gc,cpu      ] GC(60) User=0.03s Sys=0.00s Real=0.02s
[1132.777s][info][gc,start    ] GC(61) Pause Young (Normal) (G1 Evacuation Pause)
[1132.778s][info][gc,task     ] GC(61) Using 2 workers of 2 for evacuation
[1132.792s][info][gc,phases   ] GC(61)   Pre Evacuate Collection Set: 0.15ms
[1132.792s][info][gc,phases   ] GC(61)   Merge Heap Roots: 0.06ms
[1132.792s][info][gc,phases   ] GC(61)   Evacuate Collection Set: 14.25ms
[1132.792s][info][gc,phases   ] GC(61)   Post Evacuate Collection Set: 0.27ms
[1132.792s][info][gc,phases   ] GC(61)   Other: 0.07ms
[1132.792s][info][gc,heap     ] GC(61) Eden regions: 143->0(143)
[1132.792s][info][gc,heap     ] GC(61) Survivor regions: 10->10(20)
[1132.792s][info][gc,heap     ] GC(61) Old regions: 43->43
[1132.792s][info][gc,heap     ] GC(61) Humongous regions: 0->0
[1132.792s][info][gc,metaspace] GC(61) Metaspace: 5636K(5824K)->5636K(5824K) NonClass: 4809K(4928K)->4809K(4928K) Class: 827K(896K)->827K(896K)
[1132.792s][info][gc          ] GC(61) Pause Young (Normal) (G1 Evacuation Pause) 195M->52M(258M) 14.977ms
[1132.792s][info][gc,cpu      ] GC(61) User=0.03s Sys=0.00s Real=0.01s
[1145.818s][info][gc,heap,exit] Heap
[1145.818s][info][gc,heap,exit]  garbage-first heap   total reserved 1001472K, committed 264192K, used 146050K [0x00000000c2e00000, 0x0000000100000000)
[1145.818s][info][gc,heap,exit]   region size 1024K, 101 young (103424K), 10 survivors (10240K)
[1145.818s][info][gc,heap,exit]  Metaspace       used 5719K, committed 5888K, reserved 1114112K
[1145.818s][info][gc,heap,exit]   class space    used 840K, committed 896K, reserved 1048576K
