[0.002s][info][metaspace]  - commit_granule_bytes: 65536.
[0.002s][info][metaspace]  - commit_granule_words: 8192.
[0.002s][info][metaspace]  - virtual_space_node_default_size: 8388608.
[0.002s][info][metaspace]  - enlarge_chunks_in_place: 1.
[0.004s][info][gc,init  ] CardTable entry size: 512
[0.008s][info][gc       ] Using G1
[0.012s][info][gc,init  ] Version: 24-internal-adhoc.root.jdk (release)
[0.012s][info][gc,init  ] CPUs: 2 total, 2 available
[0.012s][info][gc,init  ] Memory: 3908M
[0.012s][info][gc,init  ] Large Page Support: Disabled
[0.012s][info][gc,init  ] NUMA Support: Disabled
[0.012s][info][gc,init  ] Compressed Oops: Enabled (32-bit)
[0.012s][info][gc,init  ] Heap Region Size: 1M
[0.012s][info][gc,init  ] Heap Min Capacity: 256M
[0.012s][info][gc,init  ] Heap Initial Capacity: 256M
[0.012s][info][gc,init  ] Heap Max Capacity: 978M
[0.012s][info][gc,init  ] Pre-touch: Disabled
[0.012s][info][gc,init  ] Parallel Workers: 2
[0.012s][info][gc,init  ] Concurrent Workers: 1
[0.012s][info][gc,init  ] Concurrent Refinement Workers: 2
[0.012s][info][gc,init  ] Periodic GC: Disabled
[0.028s][info][gc,metaspace] CDS archive(s) mapped at: [0x00007fb00e000000-0x00007fb00ee7b000-0x00007fb00ee7b000), size 15183872, SharedBaseAddress: 0x00007fb00e000000, ArchiveRelocationMode: 1.
[0.028s][info][gc,metaspace] Compressed class space mapped at: 0x00007fb00f000000-0x00007fb04f000000, reserved size: 1073741824
[0.028s][info][gc,metaspace] UseCompressedClassPointers 1, UseCompactObjectHeaders 1
[0.028s][info][gc,metaspace] Narrow klass pointer bits 22, Max shift 10
[0.028s][info][gc,metaspace] Narrow klass base: 0x00007fb00e000000, Narrow klass shift: 10
[0.028s][info][gc,metaspace] Encoding Range: [0x00007fb00e000000 - 0x00007fb10e000000), (4294967296 bytes)
[0.028s][info][gc,metaspace] Klass Range:    [0x00007fb00e000000 - 0x00007fb04f000000), (1090519040 bytes)
[0.028s][info][gc,metaspace] Klass ID Range:  [1 - 1064960) (1064959)
[0.302s][info][gc,start    ] GC(0) Pause Young (Normal) (G1 Evacuation Pause)
[0.302s][info][gc,task     ] GC(0) Using 2 workers of 2 for evacuation
[0.305s][info][gc,phases   ] GC(0)   Pre Evacuate Collection Set: 0.19ms
[0.306s][info][gc,phases   ] GC(0)   Merge Heap Roots: 0.08ms
[0.306s][info][gc,phases   ] GC(0)   Evacuate Collection Set: 2.78ms
[0.306s][info][gc,phases   ] GC(0)   Post Evacuate Collection Set: 0.25ms
[0.306s][info][gc,phases   ] GC(0)   Other: 0.21ms
[0.306s][info][gc,heap     ] GC(0) Eden regions: 12->0(10)
[0.306s][info][gc,heap     ] GC(0) Survivor regions: 0->2(2)
[0.306s][info][gc,heap     ] GC(0) Old regions: 2->2
[0.306s][info][gc,heap     ] GC(0) Humongous regions: 0->0
[0.306s][info][gc,metaspace] GC(0) Metaspace: 2370K(2496K)->2370K(2496K) NonClass: 2044K(2112K)->2044K(2112K) Class: 325K(384K)->325K(384K)
[0.306s][info][gc          ] GC(0) Pause Young (Normal) (G1 Evacuation Pause) 13M->2M(258M) 3.745ms
[0.306s][info][gc,cpu      ] GC(0) User=0.00s Sys=0.01s Real=0.01s
[0.334s][info][gc,start    ] GC(1) Pause Young (Normal) (G1 Evacuation Pause)
[0.334s][info][gc,task     ] GC(1) Using 2 workers of 2 for evacuation
[0.338s][info][gc,phases   ] GC(1)   Pre Evacuate Collection Set: 0.16ms
[0.338s][info][gc,phases   ] GC(1)   Merge Heap Roots: 0.03ms
[0.338s][info][gc,phases   ] GC(1)   Evacuate Collection Set: 3.18ms
[0.338s][info][gc,phases   ] GC(1)   Post Evacuate Collection Set: 0.18ms
[0.338s][info][gc,phases   ] GC(1)   Other: 0.06ms
[0.338s][info][gc,heap     ] GC(1) Eden regions: 10->0(20)
[0.338s][info][gc,heap     ] GC(1) Survivor regions: 2->1(2)
[0.338s][info][gc,heap     ] GC(1) Old regions: 2->4
[0.338s][info][gc,heap     ] GC(1) Humongous regions: 0->0
[0.338s][info][gc,metaspace] GC(1) Metaspace: 2430K(2560K)->2430K(2560K) NonClass: 2103K(2176K)->2103K(2176K) Class: 327K(384K)->327K(384K)
[0.338s][info][gc          ] GC(1) Pause Young (Normal) (G1 Evacuation Pause) 12M->2M(258M) 3.778ms
[0.338s][info][gc,cpu      ] GC(1) User=0.00s Sys=0.00s Real=0.00s
[0.840s][info][gc,start    ] GC(2) Pause Young (Normal) (G1 Evacuation Pause)
[0.840s][info][gc,task     ] GC(2) Using 2 workers of 2 for evacuation
[0.846s][info][gc,phases   ] GC(2)   Pre Evacuate Collection Set: 0.16ms
[0.846s][info][gc,phases   ] GC(2)   Merge Heap Roots: 0.04ms
[0.846s][info][gc,phases   ] GC(2)   Evacuate Collection Set: 5.09ms
[0.846s][info][gc,phases   ] GC(2)   Post Evacuate Collection Set: 0.30ms
[0.846s][info][gc,phases   ] GC(2)   Other: 0.08ms
[0.846s][info][gc,heap     ] GC(2) Eden regions: 20->0(23)
[0.846s][info][gc,heap     ] GC(2) Survivor regions: 1->2(3)
[0.846s][info][gc,heap     ] GC(2) Old regions: 4->4
[0.846s][info][gc,heap     ] GC(2) Humongous regions: 0->0
[0.846s][info][gc,metaspace] GC(2) Metaspace: 4755K(4928K)->4755K(4928K) NonClass: 4108K(4224K)->4108K(4224K) Class: 646K(704K)->646K(704K)
[0.846s][info][gc          ] GC(2) Pause Young (Normal) (G1 Evacuation Pause) 22M->4M(258M) 5.846ms
[0.846s][info][gc,cpu      ] GC(2) User=0.01s Sys=0.00s Real=0.01s
[1.319s][info][gc,start    ] GC(3) Pause Young (Normal) (G1 Evacuation Pause)
[1.319s][info][gc,task     ] GC(3) Using 2 workers of 2 for evacuation
[1.327s][info][gc,phases   ] GC(3)   Pre Evacuate Collection Set: 0.18ms
[1.327s][info][gc,phases   ] GC(3)   Merge Heap Roots: 0.05ms
[1.327s][info][gc,phases   ] GC(3)   Evacuate Collection Set: 7.00ms
[1.327s][info][gc,phases   ] GC(3)   Post Evacuate Collection Set: 0.31ms
[1.327s][info][gc,phases   ] GC(3)   Other: 0.06ms
[1.327s][info][gc,heap     ] GC(3) Eden regions: 23->0(26)
[1.327s][info][gc,heap     ] GC(3) Survivor regions: 2->4(4)
[1.327s][info][gc,heap     ] GC(3) Old regions: 4->4
[1.327s][info][gc,heap     ] GC(3) Humongous regions: 0->0
[1.327s][info][gc,metaspace] GC(3) Metaspace: 8789K(9024K)->8789K(9024K) NonClass: 7578K(7680K)->7578K(7680K) Class: 1211K(1344K)->1211K(1344K)
[1.327s][info][gc          ] GC(3) Pause Young (Normal) (G1 Evacuation Pause) 27M->6M(258M) 7.784ms
[1.327s][info][gc,cpu      ] GC(3) User=0.01s Sys=0.01s Real=0.01s
[1.944s][info][gc,start    ] GC(4) Pause Young (Normal) (G1 Evacuation Pause)
[1.944s][info][gc,task     ] GC(4) Using 2 workers of 2 for evacuation
[1.954s][info][gc,phases   ] GC(4)   Pre Evacuate Collection Set: 0.15ms
[1.954s][info][gc,phases   ] GC(4)   Merge Heap Roots: 0.04ms
[1.954s][info][gc,phases   ] GC(4)   Evacuate Collection Set: 9.00ms
[1.954s][info][gc,phases   ] GC(4)   Post Evacuate Collection Set: 0.46ms
[1.954s][info][gc,phases   ] GC(4)   Other: 0.07ms
[1.954s][info][gc,heap     ] GC(4) Eden regions: 26->0(35)
[1.954s][info][gc,heap     ] GC(4) Survivor regions: 4->3(4)
[1.954s][info][gc,heap     ] GC(4) Old regions: 4->8
[1.954s][info][gc,heap     ] GC(4) Humongous regions: 0->0
[1.954s][info][gc,metaspace] GC(4) Metaspace: 16296K(16768K)->16296K(16768K) NonClass: 14179K(14464K)->14179K(14464K) Class: 2117K(2304K)->2117K(2304K)
[1.954s][info][gc          ] GC(4) Pause Young (Normal) (G1 Evacuation Pause) 32M->8M(258M) 9.900ms
[1.954s][info][gc,cpu      ] GC(4) User=0.01s Sys=0.01s Real=0.01s
[5.332s][info][metaspace   ] Arena @0x00007fb08817b7a0 (non-class arena): commit failure (requested size: 2495)
[5.332s][info][metaspace   ] ChkMgr @0x00007fb088162700 (non-class-space): failed to commit 2495 words on chunk @0x00007fb088794a68, f, base 0x00007fb005280000, level lv05.
[5.332s][info][metaspace   ] Arena @0x00007fb08817b7a0 (non-class arena): failed to allocate new chunk for requested word size 2495.
[5.332s][info][metaspace   ] Arena @0x00007fb08817b7a0 (non-class arena): allocation failed, returned null.
[5.332s][info][metaspace   ] Arena @0x00007fb08817b7a0 (non-class arena): commit failure (requested size: 2495)
[5.332s][info][metaspace   ] ChkMgr @0x00007fb088162700 (non-class-space): failed to commit 2495 words on chunk @0x00007fb088794a68, f, base 0x00007fb005280000, level lv05.
[5.332s][info][metaspace   ] Arena @0x00007fb08817b7a0 (non-class arena): failed to allocate new chunk for requested word size 2495.
[5.332s][info][metaspace   ] Arena @0x00007fb08817b7a0 (non-class arena): allocation failed, returned null.
[5.332s][info][metaspace   ] Arena @0x00007fb08817b7a0 (non-class arena): commit failure (requested size: 2495)
[5.332s][info][metaspace   ] ChkMgr @0x00007fb088162700 (non-class-space): failed to commit 2495 words on chunk @0x00007fb088794a68, f, base 0x00007fb005280000, level lv05.
[5.332s][info][metaspace   ] Arena @0x00007fb08817b7a0 (non-class arena): failed to allocate new chunk for requested word size 2495.
[5.332s][info][metaspace   ] Arena @0x00007fb08817b7a0 (non-class arena): allocation failed, returned null.
[5.332s][info][gc,start    ] GC(5) Pause Young (Concurrent Start) (Metadata GC Threshold)
[5.332s][info][gc,task     ] GC(5) Using 2 workers of 2 for evacuation
[5.339s][info][gc,phases   ] GC(5)   Pre Evacuate Collection Set: 0.16ms
[5.339s][info][gc,phases   ] GC(5)   Merge Heap Roots: 0.05ms
[5.339s][info][gc,phases   ] GC(5)   Evacuate Collection Set: 5.51ms
[5.339s][info][gc,phases   ] GC(5)   Post Evacuate Collection Set: 0.36ms
[5.339s][info][gc,phases   ] GC(5)   Other: 0.12ms
[5.339s][info][gc,heap     ] GC(5) Eden regions: 34->0(46)
[5.339s][info][gc,heap     ] GC(5) Survivor regions: 3->3(5)
[5.339s][info][gc,heap     ] GC(5) Old regions: 8->8
[5.339s][info][gc,heap     ] GC(5) Humongous regions: 0->0
[5.339s][info][gc,metaspace] GC(5) Metaspace: 21063K(21504K)->21063K(21504K) NonClass: 18577K(18816K)->18577K(18816K) Class: 2486K(2688K)->2486K(2688K)
[5.339s][info][gc          ] GC(5) Pause Young (Concurrent Start) (Metadata GC Threshold) 42M->9M(258M) 6.336ms
[5.339s][info][gc,cpu      ] GC(5) User=0.01s Sys=0.00s Real=0.00s
[5.339s][info][metaspace   ] CLMS @0x00007fb08817b770 : GC threshold increased: 22020096->22347776.
[5.339s][info][gc          ] GC(6) Concurrent Mark Cycle
[5.339s][info][gc,marking  ] GC(6) Concurrent Scan Root Regions
[5.344s][info][gc,marking  ] GC(6) Concurrent Scan Root Regions 5.132ms
[5.344s][info][gc,marking  ] GC(6) Concurrent Mark
[5.344s][info][gc,marking  ] GC(6) Concurrent Mark From Roots
[5.344s][info][gc,task     ] GC(6) Using 1 workers of 1 for marking
[5.361s][info][gc,marking  ] GC(6) Concurrent Mark From Roots 16.668ms
[5.361s][info][gc,marking  ] GC(6) Concurrent Preclean
[5.361s][info][gc,marking  ] GC(6) Concurrent Preclean 0.034ms
[5.361s][info][gc,start    ] GC(6) Pause Remark
[5.364s][info][gc          ] GC(6) Pause Remark 10M->10M(256M) 3.417ms
[5.364s][info][gc,cpu      ] GC(6) User=0.01s Sys=0.00s Real=0.01s
[5.365s][info][gc,marking  ] GC(6) Concurrent Mark 21.287ms
[5.365s][info][gc,marking  ] GC(6) Concurrent Rebuild Remembered Sets and Scrub Regions
[5.370s][info][gc,marking  ] GC(6) Concurrent Rebuild Remembered Sets and Scrub Regions 4.507ms
[5.370s][info][gc,start    ] GC(6) Pause Cleanup
[5.370s][info][gc          ] GC(6) Pause Cleanup 10M->10M(256M) 0.048ms
[5.370s][info][gc,cpu      ] GC(6) User=0.00s Sys=0.00s Real=0.00s
[5.370s][info][gc,marking  ] GC(6) Concurrent Clear Claimed Marks
[5.370s][info][gc,marking  ] GC(6) Concurrent Clear Claimed Marks 0.024ms
[5.370s][info][gc,marking  ] GC(6) Concurrent Cleanup for Next Mark
[5.374s][info][gc,marking  ] GC(6) Concurrent Cleanup for Next Mark 3.865ms
[5.374s][info][gc          ] GC(6) Concurrent Mark Cycle 35.172ms
[6.002s][info][gc,start    ] GC(7) Pause Young (Prepare Mixed) (G1 Evacuation Pause)
[6.002s][info][gc,task     ] GC(7) Using 2 workers of 2 for evacuation
[6.014s][info][gc,phases   ] GC(7)   Pre Evacuate Collection Set: 0.16ms
[6.014s][info][gc,phases   ] GC(7)   Merge Heap Roots: 0.06ms
[6.014s][info][gc,phases   ] GC(7)   Evacuate Collection Set: 10.92ms
[6.014s][info][gc,phases   ] GC(7)   Post Evacuate Collection Set: 0.66ms
[6.014s][info][gc,phases   ] GC(7)   Other: 0.09ms
[6.014s][info][gc,heap     ] GC(7) Eden regions: 44->0(53)
[6.014s][info][gc,heap     ] GC(7) Survivor regions: 3->5(6)
[6.014s][info][gc,heap     ] GC(7) Old regions: 8->8
[6.014s][info][gc,heap     ] GC(7) Humongous regions: 0->0
[6.014s][info][gc,metaspace] GC(7) Metaspace: 23453K(23872K)->23453K(23872K) NonClass: 20722K(20992K)->20722K(20992K) Class: 2731K(2880K)->2731K(2880K)
[6.014s][info][gc          ] GC(7) Pause Young (Prepare Mixed) (G1 Evacuation Pause) 53M->11M(256M) 12.047ms
[6.014s][info][gc,cpu      ] GC(7) User=0.02s Sys=0.00s Real=0.02s
[6.480s][info][gc,start    ] GC(8) Pause Young (Mixed) (G1 Evacuation Pause)
[6.481s][info][gc,task     ] GC(8) Using 2 workers of 2 for evacuation
[6.492s][info][gc,phases   ] GC(8)   Pre Evacuate Collection Set: 0.15ms
[6.492s][info][gc,phases   ] GC(8)   Merge Heap Roots: 0.05ms
[6.492s][info][gc,phases   ] GC(8)   Evacuate Collection Set: 10.71ms
[6.492s][info][gc,phases   ] GC(8)   Post Evacuate Collection Set: 0.58ms
[6.492s][info][gc,phases   ] GC(8)   Other: 0.08ms
[6.492s][info][gc,heap     ] GC(8) Eden regions: 52->0(65)
[6.492s][info][gc,heap     ] GC(8) Survivor regions: 5->3(8)
[6.492s][info][gc,heap     ] GC(8) Old regions: 8->10
[6.492s][info][gc,heap     ] GC(8) Humongous regions: 0->0
[6.492s][info][gc,metaspace] GC(8) Metaspace: 24274K(24640K)->24274K(24640K) NonClass: 21478K(21696K)->21478K(21696K) Class: 2796K(2944K)->2796K(2944K)
[6.492s][info][gc          ] GC(8) Pause Young (Mixed) (G1 Evacuation Pause) 63M->11M(256M) 11.778ms
[6.492s][info][gc,cpu      ] GC(8) User=0.02s Sys=0.01s Real=0.02s
[7.055s][info][gc,start    ] GC(9) Pause Young (Normal) (G1 Evacuation Pause)
[7.055s][info][gc,task     ] GC(9) Using 2 workers of 2 for evacuation
[7.062s][info][gc,phases   ] GC(9)   Pre Evacuate Collection Set: 0.15ms
[7.062s][info][gc,phases   ] GC(9)   Merge Heap Roots: 0.04ms
[7.062s][info][gc,phases   ] GC(9)   Evacuate Collection Set: 6.74ms
[7.062s][info][gc,phases   ] GC(9)   Post Evacuate Collection Set: 0.35ms
[7.062s][info][gc,phases   ] GC(9)   Other: 0.09ms
[7.062s][info][gc,heap     ] GC(9) Eden regions: 66->0(79)
[7.062s][info][gc,heap     ] GC(9) Survivor regions: 3->4(9)
[7.062s][info][gc,heap     ] GC(9) Old regions: 10->10
[7.062s][info][gc,heap     ] GC(9) Humongous regions: 0->0
[7.062s][info][gc,metaspace] GC(9) Metaspace: 25543K(26048K)->25543K(26048K) NonClass: 22595K(22848K)->22595K(22848K) Class: 2947K(3200K)->2947K(3200K)
[7.062s][info][gc          ] GC(9) Pause Young (Normal) (G1 Evacuation Pause) 77M->12M(256M) 7.537ms
[7.062s][info][gc,cpu      ] GC(9) User=0.02s Sys=0.00s Real=0.00s
[7.716s][info][gc,start    ] GC(10) Pause Young (Normal) (G1 Evacuation Pause)
[7.716s][info][gc,task     ] GC(10) Using 2 workers of 2 for evacuation
[7.726s][info][gc,phases   ] GC(10)   Pre Evacuate Collection Set: 0.18ms
[7.726s][info][gc,phases   ] GC(10)   Merge Heap Roots: 0.05ms
[7.727s][info][gc,phases   ] GC(10)   Evacuate Collection Set: 9.58ms
[7.727s][info][gc,phases   ] GC(10)   Post Evacuate Collection Set: 0.49ms
[7.727s][info][gc,phases   ] GC(10)   Other: 0.09ms
[7.727s][info][gc,heap     ] GC(10) Eden regions: 81->0(95)
[7.727s][info][gc,heap     ] GC(10) Survivor regions: 4->6(11)
[7.727s][info][gc,heap     ] GC(10) Old regions: 10->10
[7.727s][info][gc,heap     ] GC(10) Humongous regions: 60->2
[7.727s][info][gc,metaspace] GC(10) Metaspace: 26010K(26432K)->26010K(26432K) NonClass: 23011K(23232K)->23011K(23232K) Class: 2999K(3200K)->2999K(3200K)
[7.727s][info][gc          ] GC(10) Pause Young (Normal) (G1 Evacuation Pause) 153M->16M(256M) 10.573ms
[7.727s][info][gc,cpu      ] GC(10) User=0.02s Sys=0.01s Real=0.01s
[8.401s][info][gc,start    ] GC(11) Pause Young (Normal) (G1 Evacuation Pause)
[8.401s][info][gc,task     ] GC(11) Using 2 workers of 2 for evacuation
[8.414s][info][gc,phases   ] GC(11)   Pre Evacuate Collection Set: 0.17ms
[8.414s][info][gc,phases   ] GC(11)   Merge Heap Roots: 0.05ms
[8.414s][info][gc,phases   ] GC(11)   Evacuate Collection Set: 11.98ms
[8.414s][info][gc,phases   ] GC(11)   Post Evacuate Collection Set: 0.51ms
[8.414s][info][gc,phases   ] GC(11)   Other: 0.09ms
[8.414s][info][gc,heap     ] GC(11) Eden regions: 96->0(112)
[8.414s][info][gc,heap     ] GC(11) Survivor regions: 6->9(13)
[8.414s][info][gc,heap     ] GC(11) Old regions: 10->10
[8.414s][info][gc,heap     ] GC(11) Humongous regions: 70->0
[8.414s][info][gc,metaspace] GC(11) Metaspace: 26370K(26816K)->26370K(26816K) NonClass: 23350K(23616K)->23350K(23616K) Class: 3020K(3200K)->3020K(3200K)
[8.414s][info][gc          ] GC(11) Pause Young (Normal) (G1 Evacuation Pause) 180M->17M(256M) 13.008ms
[8.414s][info][gc,cpu      ] GC(11) User=0.02s Sys=0.00s Real=0.02s
[10.040s][info][gc,start    ] GC(12) Pause Young (Normal) (G1 Evacuation Pause)
[10.040s][info][gc,task     ] GC(12) Using 2 workers of 2 for evacuation
[10.056s][info][gc,phases   ] GC(12)   Pre Evacuate Collection Set: 0.22ms
[10.056s][info][gc,phases   ] GC(12)   Merge Heap Roots: 0.09ms
[10.056s][info][gc,phases   ] GC(12)   Evacuate Collection Set: 15.62ms
[10.056s][info][gc,phases   ] GC(12)   Post Evacuate Collection Set: 0.53ms
[10.056s][info][gc,phases   ] GC(12)   Other: 0.10ms
[10.056s][info][gc,heap     ] GC(12) Eden regions: 112->0(134)
[10.056s][info][gc,heap     ] GC(12) Survivor regions: 9->11(16)
[10.056s][info][gc,heap     ] GC(12) Old regions: 10->10
[10.056s][info][gc,heap     ] GC(12) Humongous regions: 0->0
[10.056s][info][gc,metaspace] GC(12) Metaspace: 28394K(28864K)->28394K(28864K) NonClass: 25184K(25408K)->25184K(25408K) Class: 3209K(3456K)->3209K(3456K)
[10.056s][info][gc          ] GC(12) Pause Young (Normal) (G1 Evacuation Pause) 129M->19M(256M) 16.786ms
[10.056s][info][gc,cpu      ] GC(12) User=0.02s Sys=0.01s Real=0.02s
[11.372s][info][gc,start    ] GC(13) Pause Young (Normal) (G1 Evacuation Pause)
[11.372s][info][gc,task     ] GC(13) Using 2 workers of 2 for evacuation
[11.386s][info][gc,phases   ] GC(13)   Pre Evacuate Collection Set: 0.16ms
[11.387s][info][gc,phases   ] GC(13)   Merge Heap Roots: 0.05ms
[11.387s][info][gc,phases   ] GC(13)   Evacuate Collection Set: 13.58ms
[11.387s][info][gc,phases   ] GC(13)   Post Evacuate Collection Set: 0.72ms
[11.387s][info][gc,phases   ] GC(13)   Other: 0.09ms
[11.387s][info][gc,heap     ] GC(13) Eden regions: 135->0(144)
[11.387s][info][gc,heap     ] GC(13) Survivor regions: 11->9(19)
[11.387s][info][gc,heap     ] GC(13) Old regions: 10->10
[11.387s][info][gc,heap     ] GC(13) Humongous regions: 0->0
[11.387s][info][gc,metaspace] GC(13) Metaspace: 28557K(28992K)->28557K(28992K) NonClass: 25325K(25536K)->25325K(25536K) Class: 3231K(3456K)->3231K(3456K)
[11.387s][info][gc          ] GC(13) Pause Young (Normal) (G1 Evacuation Pause) 154M->17M(256M) 14.812ms
[11.387s][info][gc,cpu      ] GC(13) User=0.03s Sys=0.00s Real=0.02s
[12.720s][info][gc,start    ] GC(14) Pause Young (Normal) (G1 Evacuation Pause)
[12.720s][info][gc,task     ] GC(14) Using 2 workers of 2 for evacuation
[12.734s][info][gc,phases   ] GC(14)   Pre Evacuate Collection Set: 0.18ms
[12.734s][info][gc,phases   ] GC(14)   Merge Heap Roots: 0.07ms
[12.734s][info][gc,phases   ] GC(14)   Evacuate Collection Set: 13.16ms
[12.734s][info][gc,phases   ] GC(14)   Post Evacuate Collection Set: 0.65ms
[12.734s][info][gc,phases   ] GC(14)   Other: 0.11ms
[12.734s][info][gc,heap     ] GC(14) Eden regions: 144->0(145)
[12.734s][info][gc,heap     ] GC(14) Survivor regions: 9->8(20)
[12.734s][info][gc,heap     ] GC(14) Old regions: 10->10
[12.734s][info][gc,heap     ] GC(14) Humongous regions: 0->0
[12.734s][info][gc,metaspace] GC(14) Metaspace: 28571K(28992K)->28571K(28992K) NonClass: 25337K(25536K)->25337K(25536K) Class: 3233K(3456K)->3233K(3456K)
[12.734s][info][gc          ] GC(14) Pause Young (Normal) (G1 Evacuation Pause) 161M->17M(256M) 14.351ms
[12.734s][info][gc,cpu      ] GC(14) User=0.02s Sys=0.01s Real=0.02s
[13.847s][info][gc,start    ] GC(15) Pause Young (Normal) (G1 Evacuation Pause)
[13.847s][info][gc,task     ] GC(15) Using 2 workers of 2 for evacuation
[13.858s][info][gc,phases   ] GC(15)   Pre Evacuate Collection Set: 0.15ms
[13.858s][info][gc,phases   ] GC(15)   Merge Heap Roots: 0.10ms
[13.858s][info][gc,phases   ] GC(15)   Evacuate Collection Set: 10.41ms
[13.858s][info][gc,phases   ] GC(15)   Post Evacuate Collection Set: 0.64ms
[13.858s][info][gc,phases   ] GC(15)   Other: 0.09ms
[13.858s][info][gc,heap     ] GC(15) Eden regions: 145->0(145)
[13.858s][info][gc,heap     ] GC(15) Survivor regions: 8->8(20)
[13.858s][info][gc,heap     ] GC(15) Old regions: 10->10
[13.858s][info][gc,heap     ] GC(15) Humongous regions: 0->0
[13.858s][info][gc,metaspace] GC(15) Metaspace: 28588K(28992K)->28588K(28992K) NonClass: 25352K(25536K)->25352K(25536K) Class: 3235K(3456K)->3235K(3456K)
[13.858s][info][gc          ] GC(15) Pause Young (Normal) (G1 Evacuation Pause) 162M->16M(256M) 11.630ms
[13.858s][info][gc,cpu      ] GC(15) User=0.02s Sys=0.00s Real=0.01s
[14.861s][info][gc,start    ] GC(16) Pause Young (Normal) (G1 Evacuation Pause)
[14.861s][info][gc,task     ] GC(16) Using 2 workers of 2 for evacuation
[14.888s][info][gc,phases   ] GC(16)   Pre Evacuate Collection Set: 0.18ms
[14.888s][info][gc,phases   ] GC(16)   Merge Heap Roots: 0.06ms
[14.888s][info][gc,phases   ] GC(16)   Evacuate Collection Set: 26.18ms
[14.888s][info][gc,phases   ] GC(16)   Post Evacuate Collection Set: 0.75ms
[14.888s][info][gc,phases   ] GC(16)   Other: 0.08ms
[14.888s][info][gc,heap     ] GC(16) Eden regions: 145->0(143)
[14.888s][info][gc,heap     ] GC(16) Survivor regions: 8->10(20)
[14.888s][info][gc,heap     ] GC(16) Old regions: 10->10
[14.888s][info][gc,heap     ] GC(16) Humongous regions: 3->2
[14.888s][info][gc,metaspace] GC(16) Metaspace: 28639K(29056K)->28639K(29056K) NonClass: 25401K(25600K)->25401K(25600K) Class: 3237K(3456K)->3237K(3456K)
[14.888s][info][gc          ] GC(16) Pause Young (Normal) (G1 Evacuation Pause) 164M->20M(256M) 27.467ms
[14.888s][info][gc,cpu      ] GC(16) User=0.03s Sys=0.01s Real=0.03s
[15.368s][info][gc,start    ] GC(17) Pause Young (Normal) (G1 Evacuation Pause)
[15.368s][info][gc,task     ] GC(17) Using 2 workers of 2 for evacuation
[15.407s][info][gc,phases   ] GC(17)   Pre Evacuate Collection Set: 0.20ms
[15.407s][info][gc,phases   ] GC(17)   Merge Heap Roots: 0.07ms
[15.407s][info][gc,phases   ] GC(17)   Evacuate Collection Set: 37.62ms
[15.407s][info][gc,phases   ] GC(17)   Post Evacuate Collection Set: 0.65ms
[15.407s][info][gc,phases   ] GC(17)   Other: 0.07ms
[15.407s][info][gc,heap     ] GC(17) Eden regions: 143->0(133)
[15.407s][info][gc,heap     ] GC(17) Survivor regions: 10->20(20)
[15.407s][info][gc,heap     ] GC(17) Old regions: 10->17
[15.407s][info][gc,heap     ] GC(17) Humongous regions: 3->3
[15.407s][info][gc,metaspace] GC(17) Metaspace: 28676K(29056K)->28676K(29056K) NonClass: 25424K(25600K)->25424K(25600K) Class: 3251K(3456K)->3251K(3456K)
[15.407s][info][gc          ] GC(17) Pause Young (Normal) (G1 Evacuation Pause) 164M->39M(256M) 38.818ms
[15.407s][info][gc,cpu      ] GC(17) User=0.06s Sys=0.01s Real=0.04s
[15.413s][info][gc,start    ] GC(18) Pause Young (Normal) (G1 Evacuation Pause)
[15.413s][info][gc,task     ] GC(18) Using 2 workers of 2 for evacuation
[15.437s][info][gc,phases   ] GC(18)   Pre Evacuate Collection Set: 0.14ms
[15.437s][info][gc,phases   ] GC(18)   Merge Heap Roots: 0.23ms
[15.437s][info][gc,phases   ] GC(18)   Evacuate Collection Set: 23.13ms
[15.437s][info][gc,phases   ] GC(18)   Post Evacuate Collection Set: 0.41ms
[15.437s][info][gc,phases   ] GC(18)   Other: 0.08ms
[15.437s][info][gc,heap     ] GC(18) Eden regions: 1->0(152)
[15.437s][info][gc,heap     ] GC(18) Survivor regions: 20->1(3)
[15.437s][info][gc,heap     ] GC(18) Old regions: 17->38
[15.437s][info][gc,heap     ] GC(18) Humongous regions: 3->3
[15.437s][info][gc,metaspace] GC(18) Metaspace: 28676K(29056K)->28676K(29056K) NonClass: 25424K(25600K)->25424K(25600K) Class: 3251K(3456K)->3251K(3456K)
[15.437s][info][gc          ] GC(18) Pause Young (Normal) (G1 Evacuation Pause) 40M->40M(256M) 24.191ms
[15.437s][info][gc,cpu      ] GC(18) User=0.05s Sys=0.00s Real=0.02s
[15.957s][info][gc,start    ] GC(19) Pause Young (Normal) (G1 Evacuation Pause)
[15.957s][info][gc,task     ] GC(19) Using 2 workers of 2 for evacuation
[15.992s][info][gc,phases   ] GC(19)   Pre Evacuate Collection Set: 0.17ms
[15.992s][info][gc,phases   ] GC(19)   Merge Heap Roots: 0.09ms
[15.992s][info][gc,phases   ] GC(19)   Evacuate Collection Set: 33.73ms
[15.992s][info][gc,phases   ] GC(19)   Post Evacuate Collection Set: 0.37ms
[15.992s][info][gc,phases   ] GC(19)   Other: 0.07ms
[15.992s][info][gc,heap     ] GC(19) Eden regions: 152->0(135)
[15.992s][info][gc,heap     ] GC(19) Survivor regions: 1->18(20)
[15.992s][info][gc,heap     ] GC(19) Old regions: 38->38
[15.992s][info][gc,heap     ] GC(19) Humongous regions: 5->5
[15.992s][info][gc,metaspace] GC(19) Metaspace: 28731K(29120K)->28731K(29120K) NonClass: 25474K(25664K)->25474K(25664K) Class: 3257K(3456K)->3257K(3456K)
[15.992s][info][gc          ] GC(19) Pause Young (Normal) (G1 Evacuation Pause) 194M->59M(256M) 34.677ms
[15.992s][info][gc,cpu      ] GC(19) User=0.07s Sys=0.00s Real=0.03s
[16.387s][info][gc,start    ] GC(20) Pause Young (Normal) (G1 Evacuation Pause)
[16.387s][info][gc,task     ] GC(20) Using 2 workers of 2 for evacuation
[16.427s][info][gc,phases   ] GC(20)   Pre Evacuate Collection Set: 0.18ms
[16.427s][info][gc,phases   ] GC(20)   Merge Heap Roots: 0.12ms
[16.427s][info][gc,phases   ] GC(20)   Evacuate Collection Set: 39.21ms
[16.427s][info][gc,phases   ] GC(20)   Post Evacuate Collection Set: 0.39ms
[16.427s][info][gc,phases   ] GC(20)   Other: 0.09ms
[16.427s][info][gc,heap     ] GC(20) Eden regions: 135->0(137)
[16.427s][info][gc,heap     ] GC(20) Survivor regions: 18->16(20)
[16.427s][info][gc,heap     ] GC(20) Old regions: 38->56
[16.427s][info][gc,heap     ] GC(20) Humongous regions: 5->5
[16.427s][info][gc,metaspace] GC(20) Metaspace: 28732K(29120K)->28732K(29120K) NonClass: 25475K(25664K)->25475K(25664K) Class: 3257K(3456K)->3257K(3456K)
[16.427s][info][gc          ] GC(20) Pause Young (Normal) (G1 Evacuation Pause) 194M->75M(256M) 40.222ms
[16.427s][info][gc,cpu      ] GC(20) User=0.08s Sys=0.00s Real=0.04s
[16.881s][info][gc,start    ] GC(21) Pause Young (Normal) (G1 Evacuation Pause)
[16.881s][info][gc,task     ] GC(21) Using 2 workers of 2 for evacuation
[16.926s][info][gc,phases   ] GC(21)   Pre Evacuate Collection Set: 0.16ms
[16.926s][info][gc,phases   ] GC(21)   Merge Heap Roots: 0.15ms
[16.926s][info][gc,phases   ] GC(21)   Evacuate Collection Set: 41.21ms
[16.926s][info][gc,phases   ] GC(21)   Post Evacuate Collection Set: 3.36ms
[16.926s][info][gc,phases   ] GC(21)   Other: 0.08ms
[16.926s][info][gc,heap     ] GC(21) Eden regions: 137->0(276)
[16.926s][info][gc,heap     ] GC(21) Survivor regions: 16->16(20)
[16.926s][info][gc,heap     ] GC(21) Old regions: 56->72
[16.926s][info][gc,heap     ] GC(21) Humongous regions: 9->9
[16.926s][info][gc,metaspace] GC(21) Metaspace: 28732K(29120K)->28732K(29120K) NonClass: 25475K(25664K)->25475K(25664K) Class: 3257K(3456K)->3257K(3456K)
[16.926s][info][gc          ] GC(21) Pause Young (Normal) (G1 Evacuation Pause) 216M->95M(497M) 45.184ms
[16.926s][info][gc,cpu      ] GC(21) User=0.08s Sys=0.00s Real=0.05s
[19.234s][info][gc,start    ] GC(22) Pause Young (Normal) (G1 Evacuation Pause)
[19.234s][info][gc,task     ] GC(22) Using 2 workers of 2 for evacuation
[19.295s][info][gc,phases   ] GC(22)   Pre Evacuate Collection Set: 0.24ms
[19.295s][info][gc,phases   ] GC(22)   Merge Heap Roots: 0.18ms
[19.295s][info][gc,phases   ] GC(22)   Evacuate Collection Set: 59.55ms
[19.295s][info][gc,phases   ] GC(22)   Post Evacuate Collection Set: 0.55ms
[19.295s][info][gc,phases   ] GC(22)   Other: 0.13ms
[19.295s][info][gc,heap     ] GC(22) Eden regions: 244->0(223)
[19.295s][info][gc,heap     ] GC(22) Survivor regions: 16->33(33)
[19.295s][info][gc,heap     ] GC(22) Old regions: 72->83
[19.295s][info][gc,heap     ] GC(22) Humongous regions: 17->15
[19.295s][info][gc,metaspace] GC(22) Metaspace: 28750K(29120K)->28750K(29120K) NonClass: 25493K(25664K)->25493K(25664K) Class: 3257K(3456K)->3257K(3456K)
[19.295s][info][gc          ] GC(22) Pause Young (Normal) (G1 Evacuation Pause) 347M->129M(497M) 60.877ms
[19.295s][info][gc,cpu      ] GC(22) User=0.12s Sys=0.00s Real=0.06s
[20.333s][info][gc,start    ] GC(23) Pause Young (Normal) (G1 Evacuation Pause)
[20.333s][info][gc,task     ] GC(23) Using 2 workers of 2 for evacuation
[20.402s][info][gc,phases   ] GC(23)   Pre Evacuate Collection Set: 0.25ms
[20.402s][info][gc,phases   ] GC(23)   Merge Heap Roots: 0.24ms
[20.402s][info][gc,phases   ] GC(23)   Evacuate Collection Set: 68.39ms
[20.402s][info][gc,phases   ] GC(23)   Post Evacuate Collection Set: 0.46ms
[20.402s][info][gc,phases   ] GC(23)   Other: 0.08ms
[20.402s][info][gc,heap     ] GC(23) Eden regions: 179->0(227)
[20.402s][info][gc,heap     ] GC(23) Survivor regions: 33->23(27)
[20.402s][info][gc,heap     ] GC(23) Old regions: 83->114
[20.402s][info][gc,heap     ] GC(23) Humongous regions: 17->17
[20.402s][info][gc,metaspace] GC(23) Metaspace: 28817K(29248K)->28817K(29248K) NonClass: 25554K(25792K)->25554K(25792K) Class: 3263K(3456K)->3263K(3456K)
[20.402s][info][gc          ] GC(23) Pause Young (Normal) (G1 Evacuation Pause) 310M->152M(497M) 69.677ms
[20.402s][info][gc,cpu      ] GC(23) User=0.14s Sys=0.00s Real=0.07s
[21.056s][info][gc,start    ] GC(24) Pause Young (Normal) (G1 Evacuation Pause)
[21.056s][info][gc,task     ] GC(24) Using 2 workers of 2 for evacuation
[21.111s][info][gc,phases   ] GC(24)   Pre Evacuate Collection Set: 0.21ms
[21.111s][info][gc,phases   ] GC(24)   Merge Heap Roots: 0.11ms
[21.111s][info][gc,phases   ] GC(24)   Evacuate Collection Set: 53.76ms
[21.111s][info][gc,phases   ] GC(24)   Post Evacuate Collection Set: 0.49ms
[21.111s][info][gc,phases   ] GC(24)   Other: 0.07ms
[21.111s][info][gc,heap     ] GC(24) Eden regions: 227->0(219)
[21.111s][info][gc,heap     ] GC(24) Survivor regions: 23->28(32)
[21.111s][info][gc,heap     ] GC(24) Old regions: 114->136
[21.111s][info][gc,heap     ] GC(24) Humongous regions: 20->20
[21.111s][info][gc,metaspace] GC(24) Metaspace: 28817K(29248K)->28817K(29248K) NonClass: 25554K(25792K)->25554K(25792K) Class: 3263K(3456K)->3263K(3456K)
[21.111s][info][gc          ] GC(24) Pause Young (Normal) (G1 Evacuation Pause) 382M->182M(497M) 54.865ms
[21.111s][info][gc,cpu      ] GC(24) User=0.11s Sys=0.01s Real=0.05s
[21.668s][info][gc,start    ] GC(25) Pause Young (Normal) (G1 Evacuation Pause)
[21.668s][info][gc,task     ] GC(25) Using 2 workers of 2 for evacuation
[21.730s][info][gc,phases   ] GC(25)   Pre Evacuate Collection Set: 0.23ms
[21.730s][info][gc,phases   ] GC(25)   Merge Heap Roots: 0.11ms
[21.730s][info][gc,phases   ] GC(25)   Evacuate Collection Set: 60.80ms
[21.730s][info][gc,phases   ] GC(25)   Post Evacuate Collection Set: 0.45ms
[21.730s][info][gc,phases   ] GC(25)   Other: 0.08ms
[21.730s][info][gc,heap     ] GC(25) Eden regions: 219->0(208)
[21.730s][info][gc,heap     ] GC(25) Survivor regions: 28->26(31)
[21.730s][info][gc,heap     ] GC(25) Old regions: 136->163
[21.730s][info][gc,heap     ] GC(25) Humongous regions: 20->20
[21.730s][info][gc,metaspace] GC(25) Metaspace: 28819K(29248K)->28819K(29248K) NonClass: 25556K(25792K)->25556K(25792K) Class: 3263K(3456K)->3263K(3456K)
[21.730s][info][gc          ] GC(25) Pause Young (Normal) (G1 Evacuation Pause) 401M->207M(497M) 61.933ms
[21.730s][info][gc,cpu      ] GC(25) User=0.12s Sys=0.00s Real=0.06s
[23.252s][info][gc,start    ] GC(26) Pause Young (Normal) (G1 Evacuation Pause)
[23.253s][info][gc,task     ] GC(26) Using 2 workers of 2 for evacuation
[23.322s][info][gc,phases   ] GC(26)   Pre Evacuate Collection Set: 0.23ms
[23.322s][info][gc,phases   ] GC(26)   Merge Heap Roots: 0.16ms
[23.322s][info][gc,phases   ] GC(26)   Evacuate Collection Set: 68.11ms
[23.322s][info][gc,phases   ] GC(26)   Post Evacuate Collection Set: 0.52ms
[23.322s][info][gc,phases   ] GC(26)   Other: 0.07ms
[23.322s][info][gc,heap     ] GC(26) Eden regions: 208->0(190)
[23.322s][info][gc,heap     ] GC(26) Survivor regions: 26->23(30)
[23.322s][info][gc,heap     ] GC(26) Old regions: 163->188
[23.322s][info][gc,heap     ] GC(26) Humongous regions: 32->30
[23.322s][info][gc,metaspace] GC(26) Metaspace: 28819K(29248K)->28819K(29248K) NonClass: 25556K(25792K)->25556K(25792K) Class: 3263K(3456K)->3263K(3456K)
[23.322s][info][gc          ] GC(26) Pause Young (Normal) (G1 Evacuation Pause) 427M->239M(497M) 69.302ms
[23.322s][info][gc,cpu      ] GC(26) User=0.14s Sys=0.00s Real=0.06s
[24.285s][info][gc,start    ] GC(27) Pause Young (Normal) (G1 Evacuation Pause)
[24.285s][info][gc,task     ] GC(27) Using 2 workers of 2 for evacuation
[24.321s][info][gc,phases   ] GC(27)   Pre Evacuate Collection Set: 0.26ms
[24.321s][info][gc,phases   ] GC(27)   Merge Heap Roots: 0.17ms
[24.321s][info][gc,phases   ] GC(27)   Evacuate Collection Set: 35.08ms
[24.321s][info][gc,phases   ] GC(27)   Post Evacuate Collection Set: 0.44ms
[24.321s][info][gc,phases   ] GC(27)   Other: 0.07ms
[24.321s][info][gc,heap     ] GC(27) Eden regions: 190->0(192)
[24.321s][info][gc,heap     ] GC(27) Survivor regions: 23->7(27)
[24.321s][info][gc,heap     ] GC(27) Old regions: 188->209
[24.321s][info][gc,heap     ] GC(27) Humongous regions: 30->30
[24.321s][info][gc,metaspace] GC(27) Metaspace: 28878K(29248K)->28878K(29248K) NonClass: 25614K(25792K)->25614K(25792K) Class: 3263K(3456K)->3263K(3456K)
[24.321s][info][gc          ] GC(27) Pause Young (Normal) (G1 Evacuation Pause) 429M->244M(497M) 36.235ms
[24.321s][info][gc,cpu      ] GC(27) User=0.08s Sys=0.00s Real=0.03s
[25.516s][info][gc,start    ] GC(28) Pause Young (Concurrent Start) (G1 Evacuation Pause)
[25.516s][info][gc,task     ] GC(28) Using 2 workers of 2 for evacuation
[25.522s][info][gc,phases   ] GC(28)   Pre Evacuate Collection Set: 0.26ms
[25.522s][info][gc,phases   ] GC(28)   Merge Heap Roots: 0.06ms
[25.522s][info][gc,phases   ] GC(28)   Evacuate Collection Set: 5.18ms
[25.522s][info][gc,phases   ] GC(28)   Post Evacuate Collection Set: 0.55ms
[25.522s][info][gc,phases   ] GC(28)   Other: 0.09ms
[25.522s][info][gc,heap     ] GC(28) Eden regions: 192->0(201)
[25.522s][info][gc,heap     ] GC(28) Survivor regions: 7->7(25)
[25.522s][info][gc,heap     ] GC(28) Old regions: 209->209
[25.522s][info][gc,heap     ] GC(28) Humongous regions: 30->30
[25.522s][info][gc,metaspace] GC(28) Metaspace: 28891K(29248K)->28891K(29248K) NonClass: 25628K(25792K)->25628K(25792K) Class: 3263K(3456K)->3263K(3456K)
[25.522s][info][gc          ] GC(28) Pause Young (Concurrent Start) (G1 Evacuation Pause) 436M->244M(497M) 6.319ms
[25.522s][info][gc,cpu      ] GC(28) User=0.01s Sys=0.00s Real=0.00s
[25.522s][info][gc          ] GC(29) Concurrent Mark Cycle
[25.522s][info][gc,marking  ] GC(29) Concurrent Scan Root Regions
[25.534s][info][gc,marking  ] GC(29) Concurrent Scan Root Regions 12.107ms
[25.534s][info][gc,marking  ] GC(29) Concurrent Mark
[25.534s][info][gc,marking  ] GC(29) Concurrent Mark From Roots
[25.534s][info][gc,task     ] GC(29) Using 1 workers of 1 for marking
[25.592s][info][gc,marking  ] GC(29) Concurrent Mark From Roots 57.235ms
[25.592s][info][gc,marking  ] GC(29) Concurrent Preclean
[25.592s][info][gc,marking  ] GC(29) Concurrent Preclean 0.038ms
[25.592s][info][gc,start    ] GC(29) Pause Remark
[25.606s][info][gc          ] GC(29) Pause Remark 255M->69M(256M) 14.359ms
[25.606s][info][gc,cpu      ] GC(29) User=0.03s Sys=0.00s Real=0.02s
[25.608s][info][gc,marking  ] GC(29) Concurrent Mark 73.971ms
[25.608s][info][gc,marking  ] GC(29) Concurrent Rebuild Remembered Sets and Scrub Regions
[25.631s][info][gc,marking  ] GC(29) Concurrent Rebuild Remembered Sets and Scrub Regions 22.430ms
[25.631s][info][gc,start    ] GC(29) Pause Cleanup
[25.631s][info][gc          ] GC(29) Pause Cleanup 71M->71M(256M) 0.050ms
[25.631s][info][gc,cpu      ] GC(29) User=0.00s Sys=0.00s Real=0.00s
[25.631s][info][gc,marking  ] GC(29) Concurrent Clear Claimed Marks
[25.631s][info][gc,marking  ] GC(29) Concurrent Clear Claimed Marks 0.034ms
[25.631s][info][gc,marking  ] GC(29) Concurrent Cleanup for Next Mark
[25.632s][info][gc,marking  ] GC(29) Concurrent Cleanup for Next Mark 0.993ms
[25.632s][info][gc          ] GC(29) Concurrent Mark Cycle 109.923ms
[26.454s][info][gc,start    ] GC(30) Pause Young (Prepare Mixed) (G1 Evacuation Pause)
[26.454s][info][gc,task     ] GC(30) Using 2 workers of 2 for evacuation
[26.463s][info][gc,phases   ] GC(30)   Pre Evacuate Collection Set: 0.16ms
[26.463s][info][gc,phases   ] GC(30)   Merge Heap Roots: 0.05ms
[26.463s][info][gc,phases   ] GC(30)   Evacuate Collection Set: 8.33ms
[26.463s][info][gc,phases   ] GC(30)   Post Evacuate Collection Set: 0.38ms
[26.463s][info][gc,phases   ] GC(30)   Other: 0.09ms
[26.463s][info][gc,heap     ] GC(30) Eden regions: 146->0(143)
[26.463s][info][gc,heap     ] GC(30) Survivor regions: 7->10(20)
[26.463s][info][gc,heap     ] GC(30) Old regions: 52->52
[26.463s][info][gc,heap     ] GC(30) Humongous regions: 0->0
[26.463s][info][gc,metaspace] GC(30) Metaspace: 28898K(29312K)->28898K(29312K) NonClass: 25634K(25856K)->25634K(25856K) Class: 3263K(3456K)->3263K(3456K)
[26.463s][info][gc          ] GC(30) Pause Young (Prepare Mixed) (G1 Evacuation Pause) 203M->61M(256M) 9.253ms
[26.463s][info][gc,cpu      ] GC(30) User=0.02s Sys=0.00s Real=0.01s
[27.355s][info][gc,start    ] GC(31) Pause Young (Mixed) (G1 Evacuation Pause)
[27.355s][info][gc,task     ] GC(31) Using 2 workers of 2 for evacuation
[27.359s][info][gc,phases   ] GC(31)   Pre Evacuate Collection Set: 0.16ms
[27.359s][info][gc,phases   ] GC(31)   Merge Heap Roots: 0.07ms
[27.359s][info][gc,phases   ] GC(31)   Evacuate Collection Set: 3.26ms
[27.359s][info][gc,phases   ] GC(31)   Post Evacuate Collection Set: 0.36ms
[27.359s][info][gc,phases   ] GC(31)   Other: 0.09ms
[27.359s][info][gc,heap     ] GC(31) Eden regions: 143->0(147)
[27.359s][info][gc,heap     ] GC(31) Survivor regions: 10->6(20)
[27.359s][info][gc,heap     ] GC(31) Old regions: 52->44
[27.359s][info][gc,heap     ] GC(31) Humongous regions: 0->0
[27.359s][info][gc,metaspace] GC(31) Metaspace: 28898K(29312K)->28898K(29312K) NonClass: 25634K(25856K)->25634K(25856K) Class: 3263K(3456K)->3263K(3456K)
[27.359s][info][gc          ] GC(31) Pause Young (Mixed) (G1 Evacuation Pause) 204M->48M(256M) 4.098ms
[27.359s][info][gc,cpu      ] GC(31) User=0.01s Sys=0.00s Real=0.00s
[28.222s][info][gc,start    ] GC(32) Pause Young (Normal) (G1 Evacuation Pause)
[28.222s][info][gc,task     ] GC(32) Using 2 workers of 2 for evacuation
[28.229s][info][gc,phases   ] GC(32)   Pre Evacuate Collection Set: 0.14ms
[28.229s][info][gc,phases   ] GC(32)   Merge Heap Roots: 0.07ms
[28.229s][info][gc,phases   ] GC(32)   Evacuate Collection Set: 6.18ms
[28.229s][info][gc,phases   ] GC(32)   Post Evacuate Collection Set: 0.38ms
[28.229s][info][gc,phases   ] GC(32)   Other: 0.10ms
[28.229s][info][gc,heap     ] GC(32) Eden regions: 147->0(145)
[28.229s][info][gc,heap     ] GC(32) Survivor regions: 6->8(20)
[28.229s][info][gc,heap     ] GC(32) Old regions: 44->44
[28.229s][info][gc,heap     ] GC(32) Humongous regions: 1->0
[28.229s][info][gc,metaspace] GC(32) Metaspace: 28901K(29312K)->28901K(29312K) NonClass: 25637K(25856K)->25637K(25856K) Class: 3263K(3456K)->3263K(3456K)
[28.229s][info][gc          ] GC(32) Pause Young (Normal) (G1 Evacuation Pause) 196M->50M(256M) 7.080ms
[28.229s][info][gc,cpu      ] GC(32) User=0.01s Sys=0.00s Real=0.01s
[29.534s][info][gc,start    ] GC(33) Pause Young (Normal) (G1 Evacuation Pause)
[29.534s][info][gc,task     ] GC(33) Using 2 workers of 2 for evacuation
[29.541s][info][gc,phases   ] GC(33)   Pre Evacuate Collection Set: 0.16ms
[29.541s][info][gc,phases   ] GC(33)   Merge Heap Roots: 0.06ms
[29.541s][info][gc,phases   ] GC(33)   Evacuate Collection Set: 6.14ms
[29.541s][info][gc,phases   ] GC(33)   Post Evacuate Collection Set: 0.44ms
[29.541s][info][gc,phases   ] GC(33)   Other: 0.09ms
[29.541s][info][gc,heap     ] GC(33) Eden regions: 145->0(145)
[29.541s][info][gc,heap     ] GC(33) Survivor regions: 8->8(20)
[29.541s][info][gc,heap     ] GC(33) Old regions: 44->44
[29.541s][info][gc,heap     ] GC(33) Humongous regions: 4->2
[29.541s][info][gc,metaspace] GC(33) Metaspace: 31212K(31680K)->31212K(31680K) NonClass: 27672K(27904K)->27672K(27904K) Class: 3539K(3776K)->3539K(3776K)
[29.541s][info][gc          ] GC(33) Pause Young (Normal) (G1 Evacuation Pause) 199M->52M(256M) 7.090ms
[29.541s][info][gc,cpu      ] GC(33) User=0.01s Sys=0.00s Real=0.00s
[32.284s][info][gc,start    ] GC(34) Pause Young (Normal) (G1 Evacuation Pause)
[32.284s][info][gc,task     ] GC(34) Using 2 workers of 2 for evacuation
[32.292s][info][gc,phases   ] GC(34)   Pre Evacuate Collection Set: 0.16ms
[32.292s][info][gc,phases   ] GC(34)   Merge Heap Roots: 0.07ms
[32.292s][info][gc,phases   ] GC(34)   Evacuate Collection Set: 7.06ms
[32.292s][info][gc,phases   ] GC(34)   Post Evacuate Collection Set: 0.47ms
[32.292s][info][gc,phases   ] GC(34)   Other: 0.13ms
[32.293s][info][gc,heap     ] GC(34) Eden regions: 145->0(145)
[32.293s][info][gc,heap     ] GC(34) Survivor regions: 8->8(20)
[32.293s][info][gc,heap     ] GC(34) Old regions: 44->44
[32.293s][info][gc,heap     ] GC(34) Humongous regions: 14->2
[32.293s][info][gc,metaspace] GC(34) Metaspace: 33520K(33920K)->33520K(33920K) NonClass: 29943K(30144K)->29943K(30144K) Class: 3577K(3776K)->3577K(3776K)
[32.293s][info][gc          ] GC(34) Pause Young (Normal) (G1 Evacuation Pause) 209M->52M(256M) 9.069ms
[32.293s][info][gc,cpu      ] GC(34) User=0.01s Sys=0.01s Real=0.01s
[33.880s][info][gc,start    ] GC(35) Pause Young (Normal) (G1 Evacuation Pause)
[33.880s][info][gc,task     ] GC(35) Using 2 workers of 2 for evacuation
[33.891s][info][gc,phases   ] GC(35)   Pre Evacuate Collection Set: 0.15ms
[33.891s][info][gc,phases   ] GC(35)   Merge Heap Roots: 0.08ms
[33.891s][info][gc,phases   ] GC(35)   Evacuate Collection Set: 10.00ms
[33.891s][info][gc,phases   ] GC(35)   Post Evacuate Collection Set: 0.43ms
[33.891s][info][gc,phases   ] GC(35)   Other: 0.10ms
[33.891s][info][gc,heap     ] GC(35) Eden regions: 145->0(142)
[33.891s][info][gc,heap     ] GC(35) Survivor regions: 8->11(20)
[33.891s][info][gc,heap     ] GC(35) Old regions: 44->44
[33.891s][info][gc,heap     ] GC(35) Humongous regions: 10->2
[33.891s][info][gc,metaspace] GC(35) Metaspace: 33894K(34368K)->33894K(34368K) NonClass: 30314K(30592K)->30314K(30592K) Class: 3579K(3776K)->3579K(3776K)
[33.891s][info][gc          ] GC(35) Pause Young (Normal) (G1 Evacuation Pause) 205M->55M(256M) 10.992ms
[33.891s][info][gc,cpu      ] GC(35) User=0.02s Sys=0.00s Real=0.01s
[35.487s][info][gc,start    ] GC(36) Pause Young (Normal) (G1 Evacuation Pause)
[35.487s][info][gc,task     ] GC(36) Using 2 workers of 2 for evacuation
[35.501s][info][gc,phases   ] GC(36)   Pre Evacuate Collection Set: 0.15ms
[35.501s][info][gc,phases   ] GC(36)   Merge Heap Roots: 0.07ms
[35.501s][info][gc,phases   ] GC(36)   Evacuate Collection Set: 13.18ms
[35.501s][info][gc,phases   ] GC(36)   Post Evacuate Collection Set: 0.52ms
[35.501s][info][gc,phases   ] GC(36)   Other: 0.07ms
[35.501s][info][gc,heap     ] GC(36) Eden regions: 142->0(139)
[35.501s][info][gc,heap     ] GC(36) Survivor regions: 11->14(20)
[35.501s][info][gc,heap     ] GC(36) Old regions: 44->44
[35.501s][info][gc,heap     ] GC(36) Humongous regions: 10->2
[35.501s][info][gc,metaspace] GC(36) Metaspace: 34077K(34560K)->34077K(34560K) NonClass: 30497K(30784K)->30497K(30784K) Class: 3580K(3776K)->3580K(3776K)
[35.501s][info][gc          ] GC(36) Pause Young (Normal) (G1 Evacuation Pause) 205M->59M(256M) 14.190ms
[35.501s][info][gc,cpu      ] GC(36) User=0.03s Sys=0.00s Real=0.01s
[37.043s][info][gc,start    ] GC(37) Pause Young (Normal) (G1 Evacuation Pause)
[37.043s][info][gc,task     ] GC(37) Using 2 workers of 2 for evacuation
[37.089s][info][gc,phases   ] GC(37)   Pre Evacuate Collection Set: 0.16ms
[37.089s][info][gc,phases   ] GC(37)   Merge Heap Roots: 0.06ms
[37.089s][info][gc,phases   ] GC(37)   Evacuate Collection Set: 44.46ms
[37.089s][info][gc,phases   ] GC(37)   Post Evacuate Collection Set: 0.57ms
[37.089s][info][gc,phases   ] GC(37)   Other: 0.11ms
[37.089s][info][gc,heap     ] GC(37) Eden regions: 139->0(133)
[37.089s][info][gc,heap     ] GC(37) Survivor regions: 14->20(20)
[37.089s][info][gc,heap     ] GC(37) Old regions: 44->53
[37.089s][info][gc,heap     ] GC(37) Humongous regions: 2->2
[37.089s][info][gc,metaspace] GC(37) Metaspace: 34139K(34624K)->34139K(34624K) NonClass: 30557K(30848K)->30557K(30848K) Class: 3582K(3776K)->3582K(3776K)
[37.089s][info][gc          ] GC(37) Pause Young (Normal) (G1 Evacuation Pause) 198M->73M(256M) 45.561ms
[37.089s][info][gc,cpu      ] GC(37) User=0.07s Sys=0.00s Real=0.04s
[38.344s][info][gc,start    ] GC(38) Pause Young (Normal) (G1 Evacuation Pause)
[38.344s][info][gc,task     ] GC(38) Using 2 workers of 2 for evacuation
[38.374s][info][gc,phases   ] GC(38)   Pre Evacuate Collection Set: 0.71ms
[38.374s][info][gc,phases   ] GC(38)   Merge Heap Roots: 0.14ms
[38.374s][info][gc,phases   ] GC(38)   Evacuate Collection Set: 28.40ms
[38.374s][info][gc,phases   ] GC(38)   Post Evacuate Collection Set: 0.42ms
[38.374s][info][gc,phases   ] GC(38)   Other: 0.11ms
[38.374s][info][gc,heap     ] GC(38) Eden regions: 133->0(146)
[38.374s][info][gc,heap     ] GC(38) Survivor regions: 20->7(20)
[38.374s][info][gc,heap     ] GC(38) Old regions: 53->68
[38.374s][info][gc,heap     ] GC(38) Humongous regions: 16->2
[38.374s][info][gc,metaspace] GC(38) Metaspace: 34185K(34624K)->34185K(34624K) NonClass: 30603K(30848K)->30603K(30848K) Class: 3582K(3776K)->3582K(3776K)
[38.374s][info][gc          ] GC(38) Pause Young (Normal) (G1 Evacuation Pause) 220M->75M(256M) 30.018ms
[38.374s][info][gc,cpu      ] GC(38) User=0.05s Sys=0.00s Real=0.03s
[39.645s][info][gc,start    ] GC(39) Pause Young (Normal) (G1 Evacuation Pause)
[39.646s][info][gc,task     ] GC(39) Using 2 workers of 2 for evacuation
[39.658s][info][gc,phases   ] GC(39)   Pre Evacuate Collection Set: 0.15ms
[39.658s][info][gc,phases   ] GC(39)   Merge Heap Roots: 0.09ms
[39.658s][info][gc,phases   ] GC(39)   Evacuate Collection Set: 11.67ms
[39.658s][info][gc,phases   ] GC(39)   Post Evacuate Collection Set: 0.40ms
[39.658s][info][gc,phases   ] GC(39)   Other: 0.11ms
[39.658s][info][gc,heap     ] GC(39) Eden regions: 146->0(143)
[39.658s][info][gc,heap     ] GC(39) Survivor regions: 7->10(20)
[39.658s][info][gc,heap     ] GC(39) Old regions: 68->68
[39.658s][info][gc,heap     ] GC(39) Humongous regions: 12->2
[39.658s][info][gc,metaspace] GC(39) Metaspace: 34214K(34624K)->34214K(34624K) NonClass: 30631K(30848K)->30631K(30848K) Class: 3582K(3776K)->3582K(3776K)
[39.658s][info][gc          ] GC(39) Pause Young (Normal) (G1 Evacuation Pause) 231M->78M(256M) 12.596ms
[39.658s][info][gc,cpu      ] GC(39) User=0.03s Sys=0.00s Real=0.01s
[41.054s][info][gc,start    ] GC(40) Pause Young (Normal) (G1 Evacuation Pause)
[41.054s][info][gc,task     ] GC(40) Using 2 workers of 2 for evacuation
[41.067s][info][gc,phases   ] GC(40)   Pre Evacuate Collection Set: 0.19ms
[41.067s][info][gc,phases   ] GC(40)   Merge Heap Roots: 0.08ms
[41.067s][info][gc,phases   ] GC(40)   Evacuate Collection Set: 12.01ms
[41.067s][info][gc,phases   ] GC(40)   Post Evacuate Collection Set: 0.54ms
[41.067s][info][gc,phases   ] GC(40)   Other: 0.09ms
[41.067s][info][gc,heap     ] GC(40) Eden regions: 143->0(144)
[41.067s][info][gc,heap     ] GC(40) Survivor regions: 10->9(20)
[41.067s][info][gc,heap     ] GC(40) Old regions: 68->68
[41.067s][info][gc,heap     ] GC(40) Humongous regions: 16->2
[41.067s][info][gc,metaspace] GC(40) Metaspace: 34244K(34688K)->34244K(34688K) NonClass: 30662K(30912K)->30662K(30912K) Class: 3582K(3776K)->3582K(3776K)
[41.067s][info][gc          ] GC(40) Pause Young (Normal) (G1 Evacuation Pause) 235M->77M(256M) 13.101ms
[41.067s][info][gc,cpu      ] GC(40) User=0.03s Sys=0.00s Real=0.01s
[42.107s][info][gc,start    ] GC(41) Pause Young (Normal) (G1 Evacuation Pause)
[42.108s][info][gc,task     ] GC(41) Using 2 workers of 2 for evacuation
[42.137s][info][gc,phases   ] GC(41)   Pre Evacuate Collection Set: 0.19ms
[42.138s][info][gc,phases   ] GC(41)   Merge Heap Roots: 0.10ms
[42.138s][info][gc,phases   ] GC(41)   Evacuate Collection Set: 28.99ms
[42.138s][info][gc,phases   ] GC(41)   Post Evacuate Collection Set: 0.54ms
[42.138s][info][gc,phases   ] GC(41)   Other: 0.12ms
[42.138s][info][gc,heap     ] GC(41) Eden regions: 144->0(126)
[42.138s][info][gc,heap     ] GC(41) Survivor regions: 9->20(20)
[42.138s][info][gc,heap     ] GC(41) Old regions: 68->74
[42.138s][info][gc,heap     ] GC(41) Humongous regions: 2->2
[42.138s][info][gc,metaspace] GC(41) Metaspace: 34254K(34688K)->34254K(34688K) NonClass: 30672K(30912K)->30672K(30912K) Class: 3582K(3776K)->3582K(3776K)
[42.138s][info][gc          ] GC(41) Pause Young (Normal) (G1 Evacuation Pause) 221M->95M(256M) 30.147ms
[42.138s][info][gc,cpu      ] GC(41) User=0.05s Sys=0.00s Real=0.03s
[43.381s][info][gc,start    ] GC(42) Pause Young (Normal) (G1 Evacuation Pause)
[43.381s][info][gc,task     ] GC(42) Using 2 workers of 2 for evacuation
[43.412s][info][gc,phases   ] GC(42)   Pre Evacuate Collection Set: 0.17ms
[43.412s][info][gc,phases   ] GC(42)   Merge Heap Roots: 0.19ms
[43.412s][info][gc,phases   ] GC(42)   Evacuate Collection Set: 30.10ms
[43.412s][info][gc,phases   ] GC(42)   Post Evacuate Collection Set: 0.46ms
[43.412s][info][gc,phases   ] GC(42)   Other: 0.09ms
[43.412s][info][gc,heap     ] GC(42) Eden regions: 126->0(123)
[43.412s][info][gc,heap     ] GC(42) Survivor regions: 20->11(19)
[43.412s][info][gc,heap     ] GC(42) Old regions: 74->86
[43.412s][info][gc,heap     ] GC(42) Humongous regions: 2->2
[43.412s][info][gc,metaspace] GC(42) Metaspace: 34285K(34688K)->34285K(34688K) NonClass: 30703K(30912K)->30703K(30912K) Class: 3582K(3776K)->3582K(3776K)
[43.413s][info][gc          ] GC(42) Pause Young (Normal) (G1 Evacuation Pause) 221M->97M(256M) 31.249ms
[43.413s][info][gc,cpu      ] GC(42) User=0.06s Sys=0.00s Real=0.04s
[44.584s][info][gc,start    ] GC(43) Pause Young (Normal) (G1 Evacuation Pause)
[44.584s][info][gc,task     ] GC(43) Using 2 workers of 2 for evacuation
[44.611s][info][gc,phases   ] GC(43)   Pre Evacuate Collection Set: 0.18ms
[44.611s][info][gc,phases   ] GC(43)   Merge Heap Roots: 0.14ms
[44.611s][info][gc,phases   ] GC(43)   Evacuate Collection Set: 26.34ms
[44.611s][info][gc,phases   ] GC(43)   Post Evacuate Collection Set: 0.42ms
[44.611s][info][gc,phases   ] GC(43)   Other: 0.12ms
[44.611s][info][gc,heap     ] GC(43) Eden regions: 123->0(111)
[44.611s][info][gc,heap     ] GC(43) Survivor regions: 11->14(17)
[44.611s][info][gc,heap     ] GC(43) Old regions: 86->97
[44.611s][info][gc,heap     ] GC(43) Humongous regions: 6->2
[44.611s][info][gc,metaspace] GC(43) Metaspace: 34303K(34752K)->34303K(34752K) NonClass: 30721K(30976K)->30721K(30976K) Class: 3582K(3776K)->3582K(3776K)
[44.611s][info][gc          ] GC(43) Pause Young (Normal) (G1 Evacuation Pause) 224M->111M(256M) 27.395ms
[44.611s][info][gc,cpu      ] GC(43) User=0.05s Sys=0.00s Real=0.02s
[45.617s][info][gc,start    ] GC(44) Pause Young (Normal) (G1 Evacuation Pause)
[45.617s][info][gc,task     ] GC(44) Using 2 workers of 2 for evacuation
[45.628s][info][gc,phases   ] GC(44)   Pre Evacuate Collection Set: 0.17ms
[45.628s][info][gc,phases   ] GC(44)   Merge Heap Roots: 0.08ms
[45.628s][info][gc,phases   ] GC(44)   Evacuate Collection Set: 10.84ms
[45.628s][info][gc,phases   ] GC(44)   Post Evacuate Collection Set: 0.40ms
[45.628s][info][gc,phases   ] GC(44)   Other: 0.09ms
[45.628s][info][gc,heap     ] GC(44) Eden regions: 111->0(116)
[45.628s][info][gc,heap     ] GC(44) Survivor regions: 14->5(16)
[45.628s][info][gc,heap     ] GC(44) Old regions: 97->102
[45.628s][info][gc,heap     ] GC(44) Humongous regions: 10->2
[45.628s][info][gc,metaspace] GC(44) Metaspace: 34318K(34752K)->34318K(34752K) NonClass: 30736K(30976K)->30736K(30976K) Class: 3582K(3776K)->3582K(3776K)
[45.628s][info][gc          ] GC(44) Pause Young (Normal) (G1 Evacuation Pause) 230M->108M(256M) 11.745ms
[45.628s][info][gc,cpu      ] GC(44) User=0.03s Sys=0.00s Real=0.01s
[46.414s][info][gc,start    ] GC(45) Pause Young (Normal) (G1 Evacuation Pause)
[46.414s][info][gc,task     ] GC(45) Using 2 workers of 2 for evacuation
[46.432s][info][gc,phases   ] GC(45)   Pre Evacuate Collection Set: 0.74ms
[46.432s][info][gc,phases   ] GC(45)   Merge Heap Roots: 0.06ms
[46.432s][info][gc,phases   ] GC(45)   Evacuate Collection Set: 16.80ms
[46.432s][info][gc,phases   ] GC(45)   Post Evacuate Collection Set: 0.41ms
[46.432s][info][gc,phases   ] GC(45)   Other: 0.10ms
[46.432s][info][gc,heap     ] GC(45) Eden regions: 116->0(111)
[46.432s][info][gc,heap     ] GC(45) Survivor regions: 5->11(16)
[46.432s][info][gc,heap     ] GC(45) Old regions: 102->102
[46.432s][info][gc,heap     ] GC(45) Humongous regions: 6->2
[46.432s][info][gc,metaspace] GC(45) Metaspace: 34322K(34752K)->34322K(34752K) NonClass: 30740K(30976K)->30740K(30976K) Class: 3582K(3776K)->3582K(3776K)
[46.432s][info][gc          ] GC(45) Pause Young (Normal) (G1 Evacuation Pause) 228M->114M(256M) 18.313ms
[46.432s][info][gc,cpu      ] GC(45) User=0.03s Sys=0.00s Real=0.01s
[47.345s][info][gc,start    ] GC(46) Pause Young (Normal) (G1 Evacuation Pause)
[47.345s][info][gc,task     ] GC(46) Using 2 workers of 2 for evacuation
[47.358s][info][gc,phases   ] GC(46)   Pre Evacuate Collection Set: 0.17ms
[47.358s][info][gc,phases   ] GC(46)   Merge Heap Roots: 0.06ms
[47.358s][info][gc,phases   ] GC(46)   Evacuate Collection Set: 12.09ms
[47.358s][info][gc,phases   ] GC(46)   Post Evacuate Collection Set: 0.45ms
[47.358s][info][gc,phases   ] GC(46)   Other: 0.09ms
[47.358s][info][gc,heap     ] GC(46) Eden regions: 111->0(113)
[47.358s][info][gc,heap     ] GC(46) Survivor regions: 11->8(16)
[47.358s][info][gc,heap     ] GC(46) Old regions: 102->104
[47.358s][info][gc,heap     ] GC(46) Humongous regions: 4->2
[47.358s][info][gc,metaspace] GC(46) Metaspace: 34327K(34752K)->34327K(34752K) NonClass: 30745K(30976K)->30745K(30976K) Class: 3582K(3776K)->3582K(3776K)
[47.358s][info][gc          ] GC(46) Pause Young (Normal) (G1 Evacuation Pause) 227M->112M(256M) 13.040ms
[47.358s][info][gc,cpu      ] GC(46) User=0.03s Sys=0.00s Real=0.01s
[48.134s][info][gc,start    ] GC(47) Pause Young (Normal) (G1 Evacuation Pause)
[48.134s][info][gc,task     ] GC(47) Using 2 workers of 2 for evacuation
[48.148s][info][gc,phases   ] GC(47)   Pre Evacuate Collection Set: 0.14ms
[48.148s][info][gc,phases   ] GC(47)   Merge Heap Roots: 0.06ms
[48.148s][info][gc,phases   ] GC(47)   Evacuate Collection Set: 12.79ms
[48.148s][info][gc,phases   ] GC(47)   Post Evacuate Collection Set: 0.36ms
[48.148s][info][gc,phases   ] GC(47)   Other: 0.10ms
[48.148s][info][gc,heap     ] GC(47) Eden regions: 113->0(115)
[48.148s][info][gc,heap     ] GC(47) Survivor regions: 8->8(16)
[48.148s][info][gc,heap     ] GC(47) Old regions: 104->104
[48.148s][info][gc,heap     ] GC(47) Humongous regions: 8->2
[48.148s][info][gc,metaspace] GC(47) Metaspace: 34362K(34816K)->34362K(34816K) NonClass: 30780K(31040K)->30780K(31040K) Class: 3582K(3776K)->3582K(3776K)
[48.148s][info][gc          ] GC(47) Pause Young (Normal) (G1 Evacuation Pause) 231M->112M(256M) 13.627ms
[48.148s][info][gc,cpu      ] GC(47) User=0.03s Sys=0.00s Real=0.01s
[49.074s][info][gc,start    ] GC(48) Pause Young (Normal) (G1 Evacuation Pause)
[49.074s][info][gc,task     ] GC(48) Using 2 workers of 2 for evacuation
[49.088s][info][gc,phases   ] GC(48)   Pre Evacuate Collection Set: 0.16ms
[49.088s][info][gc,phases   ] GC(48)   Merge Heap Roots: 0.06ms
[49.088s][info][gc,phases   ] GC(48)   Evacuate Collection Set: 13.91ms
[49.088s][info][gc,phases   ] GC(48)   Post Evacuate Collection Set: 0.40ms
[49.088s][info][gc,phases   ] GC(48)   Other: 0.09ms
[49.088s][info][gc,heap     ] GC(48) Eden regions: 115->0(109)
[49.088s][info][gc,heap     ] GC(48) Survivor regions: 8->12(16)
[49.088s][info][gc,heap     ] GC(48) Old regions: 104->104
[49.088s][info][gc,heap     ] GC(48) Humongous regions: 4->2
[49.088s][info][gc,metaspace] GC(48) Metaspace: 34363K(34816K)->34363K(34816K) NonClass: 30781K(31040K)->30781K(31040K) Class: 3582K(3776K)->3582K(3776K)
[49.088s][info][gc          ] GC(48) Pause Young (Normal) (G1 Evacuation Pause) 229M->116M(256M) 14.798ms
[49.088s][info][gc,cpu      ] GC(48) User=0.03s Sys=0.00s Real=0.01s
[49.866s][info][gc,start    ] GC(49) Pause Young (Normal) (G1 Evacuation Pause)
[49.866s][info][gc,task     ] GC(49) Using 2 workers of 2 for evacuation
[49.876s][info][gc,phases   ] GC(49)   Pre Evacuate Collection Set: 0.17ms
[49.876s][info][gc,phases   ] GC(49)   Merge Heap Roots: 0.06ms
[49.876s][info][gc,phases   ] GC(49)   Evacuate Collection Set: 9.74ms
[49.876s][info][gc,phases   ] GC(49)   Post Evacuate Collection Set: 0.35ms
[49.876s][info][gc,phases   ] GC(49)   Other: 0.11ms
[49.876s][info][gc,heap     ] GC(49) Eden regions: 109->0(116)
[49.876s][info][gc,heap     ] GC(49) Survivor regions: 12->5(16)
[49.876s][info][gc,heap     ] GC(49) Old regions: 104->106
[49.876s][info][gc,heap     ] GC(49) Humongous regions: 6->2
[49.876s][info][gc,metaspace] GC(49) Metaspace: 34391K(34816K)->34391K(34816K) NonClass: 30809K(31040K)->30809K(31040K) Class: 3582K(3776K)->3582K(3776K)
[49.876s][info][gc          ] GC(49) Pause Young (Normal) (G1 Evacuation Pause) 229M->111M(256M) 10.652ms
[49.876s][info][gc,cpu      ] GC(49) User=0.02s Sys=0.00s Real=0.01s
[50.512s][info][gc,start    ] GC(50) Pause Young (Normal) (G1 Evacuation Pause)
[50.512s][info][gc,task     ] GC(50) Using 2 workers of 2 for evacuation
[50.536s][info][gc,phases   ] GC(50)   Pre Evacuate Collection Set: 1.23ms
[50.536s][info][gc,phases   ] GC(50)   Merge Heap Roots: 0.08ms
[50.537s][info][gc,phases   ] GC(50)   Evacuate Collection Set: 22.59ms
[50.537s][info][gc,phases   ] GC(50)   Post Evacuate Collection Set: 0.44ms
[50.537s][info][gc,phases   ] GC(50)   Other: 0.10ms
[50.537s][info][gc,heap     ] GC(50) Eden regions: 116->0(85)
[50.537s][info][gc,heap     ] GC(50) Survivor regions: 5->16(16)
[50.537s][info][gc,heap     ] GC(50) Old regions: 106->114
[50.537s][info][gc,heap     ] GC(50) Humongous regions: 6->2
[50.537s][info][gc,metaspace] GC(50) Metaspace: 34398K(34816K)->34398K(34816K) NonClass: 30815K(31040K)->30815K(31040K) Class: 3583K(3776K)->3583K(3776K)
[50.537s][info][gc          ] GC(50) Pause Young (Normal) (G1 Evacuation Pause) 231M->131M(257M) 24.660ms
[50.537s][info][gc,cpu      ] GC(50) User=0.05s Sys=0.00s Real=0.03s
[50.859s][info][gc,start    ] GC(51) Pause Young (Concurrent Start) (G1 Evacuation Pause)
[50.859s][info][gc,task     ] GC(51) Using 2 workers of 2 for evacuation
[50.895s][info][gc,phases   ] GC(51)   Pre Evacuate Collection Set: 0.40ms
[50.895s][info][gc,phases   ] GC(51)   Merge Heap Roots: 0.12ms
[50.895s][info][gc,phases   ] GC(51)   Evacuate Collection Set: 35.13ms
[50.895s][info][gc,phases   ] GC(51)   Post Evacuate Collection Set: 0.40ms
[50.895s][info][gc,phases   ] GC(51)   Other: 0.13ms
[50.895s][info][gc,heap     ] GC(51) Eden regions: 85->0(69)
[50.895s][info][gc,heap     ] GC(51) Survivor regions: 16->13(13)
[50.895s][info][gc,heap     ] GC(51) Old regions: 114->133
[50.895s][info][gc,heap     ] GC(51) Humongous regions: 2->2
[50.895s][info][gc,metaspace] GC(51) Metaspace: 34400K(34816K)->34400K(34816K) NonClass: 30817K(31040K)->30817K(31040K) Class: 3583K(3776K)->3583K(3776K)
[50.895s][info][gc          ] GC(51) Pause Young (Concurrent Start) (G1 Evacuation Pause) 216M->146M(257M) 36.429ms
[50.895s][info][gc,cpu      ] GC(51) User=0.07s Sys=0.00s Real=0.04s
[50.895s][info][gc          ] GC(52) Concurrent Mark Cycle
[50.895s][info][gc,marking  ] GC(52) Concurrent Scan Root Regions
[50.925s][info][gc,marking  ] GC(52) Concurrent Scan Root Regions 29.701ms
[50.925s][info][gc,marking  ] GC(52) Concurrent Mark
[50.925s][info][gc,marking  ] GC(52) Concurrent Mark From Roots
[50.925s][info][gc,task     ] GC(52) Using 1 workers of 1 for marking
[51.017s][info][gc,marking  ] GC(52) Concurrent Mark From Roots 92.079ms
[51.017s][info][gc,marking  ] GC(52) Concurrent Preclean
[51.017s][info][gc,marking  ] GC(52) Concurrent Preclean 0.037ms
[51.017s][info][gc,start    ] GC(52) Pause Remark
[51.042s][info][gc          ] GC(52) Pause Remark 154M->142M(257M) 24.175ms
[51.042s][info][gc,cpu      ] GC(52) User=0.04s Sys=0.01s Real=0.02s
[51.042s][info][gc,marking  ] GC(52) Concurrent Mark 116.564ms
[51.042s][info][gc,marking  ] GC(52) Concurrent Rebuild Remembered Sets and Scrub Regions
[51.089s][info][gc,marking  ] GC(52) Concurrent Rebuild Remembered Sets and Scrub Regions 47.071ms
[51.089s][info][gc,start    ] GC(52) Pause Cleanup
[51.089s][info][gc          ] GC(52) Pause Cleanup 144M->144M(257M) 0.113ms
[51.089s][info][gc,cpu      ] GC(52) User=0.00s Sys=0.00s Real=0.00s
[51.089s][info][gc,marking  ] GC(52) Concurrent Clear Claimed Marks
[51.089s][info][gc,marking  ] GC(52) Concurrent Clear Claimed Marks 0.037ms
[51.089s][info][gc,marking  ] GC(52) Concurrent Cleanup for Next Mark
[51.092s][info][gc,marking  ] GC(52) Concurrent Cleanup for Next Mark 2.875ms
[51.092s][info][gc          ] GC(52) Concurrent Mark Cycle 196.891ms
[51.597s][info][gc,start    ] GC(53) Pause Young (Prepare Mixed) (G1 Evacuation Pause)
[51.597s][info][gc,task     ] GC(53) Using 2 workers of 2 for evacuation
[51.642s][info][gc,phases   ] GC(53)   Pre Evacuate Collection Set: 0.63ms
[51.642s][info][gc,phases   ] GC(53)   Merge Heap Roots: 0.28ms
[51.642s][info][gc,phases   ] GC(53)   Evacuate Collection Set: 43.93ms
[51.642s][info][gc,phases   ] GC(53)   Post Evacuate Collection Set: 0.35ms
[51.642s][info][gc,phases   ] GC(53)   Other: 0.07ms
[51.642s][info][gc,heap     ] GC(53) Eden regions: 69->0(62)
[51.642s][info][gc,heap     ] GC(53) Survivor regions: 13->11(11)
[51.642s][info][gc,heap     ] GC(53) Old regions: 121->141
[51.642s][info][gc,heap     ] GC(53) Humongous regions: 2->2
[51.642s][info][gc,metaspace] GC(53) Metaspace: 34402K(34816K)->34402K(34816K) NonClass: 30819K(31040K)->30819K(31040K) Class: 3583K(3776K)->3583K(3776K)
[51.642s][info][gc          ] GC(53) Pause Young (Prepare Mixed) (G1 Evacuation Pause) 203M->153M(257M) 45.470ms
[51.642s][info][gc,cpu      ] GC(53) User=0.09s Sys=0.00s Real=0.04s
[52.135s][info][gc,start    ] GC(54) Pause Young (Mixed) (G1 Evacuation Pause)
[52.135s][info][gc,task     ] GC(54) Using 2 workers of 2 for evacuation
[52.176s][info][gc,phases   ] GC(54)   Pre Evacuate Collection Set: 0.17ms
[52.176s][info][gc,phases   ] GC(54)   Merge Heap Roots: 0.25ms
[52.176s][info][gc,phases   ] GC(54)   Evacuate Collection Set: 39.31ms
[52.176s][info][gc,phases   ] GC(54)   Post Evacuate Collection Set: 0.41ms
[52.176s][info][gc,phases   ] GC(54)   Other: 0.10ms
[52.176s][info][gc,heap     ] GC(54) Eden regions: 62->0(66)
[52.176s][info][gc,heap     ] GC(54) Survivor regions: 11->10(10)
[52.176s][info][gc,heap     ] GC(54) Old regions: 141->134
[52.176s][info][gc,heap     ] GC(54) Humongous regions: 2->2
[52.176s][info][gc,metaspace] GC(54) Metaspace: 34402K(34816K)->34402K(34816K) NonClass: 30819K(31040K)->30819K(31040K) Class: 3583K(3776K)->3583K(3776K)
[52.176s][info][gc          ] GC(54) Pause Young (Mixed) (G1 Evacuation Pause) 215M->144M(257M) 40.471ms
[52.176s][info][gc,cpu      ] GC(54) User=0.08s Sys=0.00s Real=0.04s
[52.696s][info][gc,start    ] GC(55) Pause Young (Mixed) (G1 Evacuation Pause)
[52.696s][info][gc,task     ] GC(55) Using 2 workers of 2 for evacuation
[52.743s][info][gc,phases   ] GC(55)   Pre Evacuate Collection Set: 0.16ms
[52.743s][info][gc,phases   ] GC(55)   Merge Heap Roots: 0.33ms
[52.743s][info][gc,phases   ] GC(55)   Evacuate Collection Set: 46.18ms
[52.744s][info][gc,phases   ] GC(55)   Post Evacuate Collection Set: 0.46ms
[52.744s][info][gc,phases   ] GC(55)   Other: 0.11ms
[52.744s][info][gc,heap     ] GC(55) Eden regions: 66->0(68)
[52.744s][info][gc,heap     ] GC(55) Survivor regions: 10->10(10)
[52.744s][info][gc,heap     ] GC(55) Old regions: 134->131
[52.744s][info][gc,heap     ] GC(55) Humongous regions: 2->2
[52.744s][info][gc,metaspace] GC(55) Metaspace: 34402K(34816K)->34402K(34816K) NonClass: 30819K(31040K)->30819K(31040K) Class: 3583K(3776K)->3583K(3776K)
[52.744s][info][gc          ] GC(55) Pause Young (Mixed) (G1 Evacuation Pause) 210M->143M(257M) 47.449ms
[52.744s][info][gc,cpu      ] GC(55) User=0.09s Sys=0.00s Real=0.05s
[53.398s][info][gc,start    ] GC(56) Pause Young (Concurrent Start) (G1 Evacuation Pause)
[53.399s][info][gc,task     ] GC(56) Using 2 workers of 2 for evacuation
[53.441s][info][gc,phases   ] GC(56)   Pre Evacuate Collection Set: 0.16ms
[53.441s][info][gc,phases   ] GC(56)   Merge Heap Roots: 0.32ms
[53.441s][info][gc,phases   ] GC(56)   Evacuate Collection Set: 41.04ms
[53.441s][info][gc,phases   ] GC(56)   Post Evacuate Collection Set: 0.40ms
[53.441s][info][gc,phases   ] GC(56)   Other: 0.12ms
[53.441s][info][gc,heap     ] GC(56) Eden regions: 68->0(54)
[53.441s][info][gc,heap     ] GC(56) Survivor regions: 10->10(10)
[53.441s][info][gc,heap     ] GC(56) Old regions: 131->151
[53.441s][info][gc,heap     ] GC(56) Humongous regions: 2->2
[53.441s][info][gc,metaspace] GC(56) Metaspace: 34402K(34816K)->34402K(34816K) NonClass: 30819K(31040K)->30819K(31040K) Class: 3583K(3776K)->3583K(3776K)
[53.441s][info][gc          ] GC(56) Pause Young (Concurrent Start) (G1 Evacuation Pause) 211M->163M(257M) 42.255ms
[53.441s][info][gc          ] GC(57) Concurrent Mark Cycle
[53.441s][info][gc,marking  ] GC(57) Concurrent Scan Root Regions
[53.443s][info][gc,cpu      ] GC(56) User=0.08s Sys=0.00s Real=0.05s
[53.512s][info][gc,marking  ] GC(57) Concurrent Scan Root Regions 71.345ms
[53.512s][info][gc,marking  ] GC(57) Concurrent Mark
[53.512s][info][gc,marking  ] GC(57) Concurrent Mark From Roots
[53.512s][info][gc,task     ] GC(57) Using 1 workers of 1 for marking
[53.820s][info][gc,marking  ] GC(57) Concurrent Mark From Roots 308.267ms
[53.820s][info][gc,marking  ] GC(57) Concurrent Preclean
[53.821s][info][gc,marking  ] GC(57) Concurrent Preclean 0.043ms
[53.821s][info][gc,start    ] GC(57) Pause Remark
[53.845s][info][gc          ] GC(57) Pause Remark 215M->215M(275M) 24.161ms
[53.845s][info][gc,cpu      ] GC(57) User=0.05s Sys=0.00s Real=0.03s
[53.847s][info][gc,marking  ] GC(57) Concurrent Mark 335.062ms
[53.847s][info][gc,marking  ] GC(57) Concurrent Rebuild Remembered Sets and Scrub Regions
[53.870s][info][gc,start    ] GC(58) Pause Young (Normal) (G1 Evacuation Pause)
[53.871s][info][gc,task     ] GC(58) Using 2 workers of 2 for evacuation
[53.906s][info][gc,phases   ] GC(58)   Pre Evacuate Collection Set: 0.14ms
[53.906s][info][gc,phases   ] GC(58)   Merge Heap Roots: 0.20ms
[53.906s][info][gc,phases   ] GC(58)   Evacuate Collection Set: 34.07ms
[53.906s][info][gc,phases   ] GC(58)   Post Evacuate Collection Set: 0.89ms
[53.906s][info][gc,phases   ] GC(58)   Other: 0.11ms
[53.906s][info][gc,heap     ] GC(58) Eden regions: 54->0(99)
[53.906s][info][gc,heap     ] GC(58) Survivor regions: 10->8(8)
[53.906s][info][gc,heap     ] GC(58) Old regions: 151->165
[53.906s][info][gc,heap     ] GC(58) Humongous regions: 4->2
[53.906s][info][gc,metaspace] GC(58) Metaspace: 34404K(34816K)->34404K(34816K) NonClass: 30821K(31040K)->30821K(31040K) Class: 3583K(3776K)->3583K(3776K)
[53.906s][info][gc          ] GC(58) Pause Young (Normal) (G1 Evacuation Pause) 219M->175M(333M) 35.609ms
[53.906s][info][gc,cpu      ] GC(58) User=0.06s Sys=0.01s Real=0.04s
[54.112s][info][gc,marking  ] GC(57) Concurrent Rebuild Remembered Sets and Scrub Regions 264.316ms
[54.112s][info][gc,start    ] GC(57) Pause Cleanup
[54.112s][info][gc          ] GC(57) Pause Cleanup 198M->198M(333M) 0.076ms
[54.112s][info][gc,cpu      ] GC(57) User=0.00s Sys=0.00s Real=0.00s
[54.112s][info][gc,marking  ] GC(57) Concurrent Clear Claimed Marks
[54.112s][info][gc,marking  ] GC(57) Concurrent Clear Claimed Marks 0.037ms
[54.112s][info][gc,marking  ] GC(57) Concurrent Cleanup for Next Mark
[54.114s][info][gc,marking  ] GC(57) Concurrent Cleanup for Next Mark 1.842ms
[54.114s][info][gc          ] GC(57) Concurrent Mark Cycle 673.209ms
[54.646s][info][gc,start    ] GC(59) Pause Young (Prepare Mixed) (G1 Evacuation Pause)
[54.646s][info][gc,task     ] GC(59) Using 2 workers of 2 for evacuation
[54.678s][info][gc,phases   ] GC(59)   Pre Evacuate Collection Set: 0.19ms
[54.678s][info][gc,phases   ] GC(59)   Merge Heap Roots: 0.48ms
[54.678s][info][gc,phases   ] GC(59)   Evacuate Collection Set: 30.21ms
[54.678s][info][gc,phases   ] GC(59)   Post Evacuate Collection Set: 0.51ms
[54.678s][info][gc,phases   ] GC(59)   Other: 0.09ms
[54.678s][info][gc,heap     ] GC(59) Eden regions: 99->0(96)
[54.678s][info][gc,heap     ] GC(59) Survivor regions: 8->12(14)
[54.678s][info][gc,heap     ] GC(59) Old regions: 165->171
[54.678s][info][gc,heap     ] GC(59) Humongous regions: 6->2
[54.678s][info][gc,metaspace] GC(59) Metaspace: 34408K(34816K)->34408K(34816K) NonClass: 30825K(31040K)->30825K(31040K) Class: 3583K(3776K)->3583K(3776K)
[54.678s][info][gc          ] GC(59) Pause Young (Prepare Mixed) (G1 Evacuation Pause) 278M->184M(333M) 31.709ms
[54.678s][info][gc,cpu      ] GC(59) User=0.06s Sys=0.00s Real=0.03s
[55.378s][info][gc,start    ] GC(60) Pause Young (Mixed) (G1 Evacuation Pause)
[55.378s][info][gc,task     ] GC(60) Using 2 workers of 2 for evacuation
[55.433s][info][gc,phases   ] GC(60)   Pre Evacuate Collection Set: 0.21ms
[55.433s][info][gc,phases   ] GC(60)   Merge Heap Roots: 0.62ms
[55.433s][info][gc,phases   ] GC(60)   Evacuate Collection Set: 53.58ms
[55.433s][info][gc,phases   ] GC(60)   Post Evacuate Collection Set: 0.60ms
[55.433s][info][gc,phases   ] GC(60)   Other: 0.10ms
[55.433s][info][gc,heap     ] GC(60) Eden regions: 96->0(121)
[55.433s][info][gc,heap     ] GC(60) Survivor regions: 12->4(14)
[55.433s][info][gc,heap     ] GC(60) Old regions: 171->151
[55.433s][info][gc,heap     ] GC(60) Humongous regions: 8->2
[55.433s][info][gc,metaspace] GC(60) Metaspace: 34414K(34816K)->34414K(34816K) NonClass: 30831K(31040K)->30831K(31040K) Class: 3583K(3776K)->3583K(3776K)
[55.433s][info][gc          ] GC(60) Pause Young (Mixed) (G1 Evacuation Pause) 286M->157M(333M) 55.358ms
[55.433s][info][gc,cpu      ] GC(60) User=0.10s Sys=0.00s Real=0.06s
[56.393s][info][gc,start    ] GC(61) Pause Young (Mixed) (G1 Evacuation Pause)
[56.393s][info][gc,task     ] GC(61) Using 2 workers of 2 for evacuation
[56.479s][info][gc,phases   ] GC(61)   Pre Evacuate Collection Set: 0.24ms
[56.479s][info][gc,phases   ] GC(61)   Merge Heap Roots: 2.00ms
[56.479s][info][gc,phases   ] GC(61)   Evacuate Collection Set: 83.16ms
[56.479s][info][gc,phases   ] GC(61)   Post Evacuate Collection Set: 0.61ms
[56.479s][info][gc,phases   ] GC(61)   Other: 0.07ms
[56.479s][info][gc,heap     ] GC(61) Eden regions: 121->0(108)
[56.479s][info][gc,heap     ] GC(61) Survivor regions: 4->16(16)
[56.479s][info][gc,heap     ] GC(61) Old regions: 151->149
[56.479s][info][gc,heap     ] GC(61) Humongous regions: 4->2
[56.479s][info][gc,metaspace] GC(61) Metaspace: 35114K(35584K)->35114K(35584K) NonClass: 31445K(31680K)->31445K(31680K) Class: 3669K(3904K)->3669K(3904K)
[56.479s][info][gc          ] GC(61) Pause Young (Mixed) (G1 Evacuation Pause) 280M->166M(333M) 86.316ms
[56.479s][info][gc,cpu      ] GC(61) User=0.17s Sys=0.00s Real=0.08s
[56.523s][info][gc,start    ] GC(62) Pause Young (Concurrent Start) (G1 Humongous Allocation)
[56.524s][info][gc,task     ] GC(62) Using 2 workers of 2 for evacuation
[56.540s][info][gc,phases   ] GC(62)   Pre Evacuate Collection Set: 0.18ms
[56.540s][info][gc,phases   ] GC(62)   Merge Heap Roots: 0.08ms
[56.540s][info][gc,phases   ] GC(62)   Evacuate Collection Set: 15.44ms
[56.540s][info][gc,phases   ] GC(62)   Post Evacuate Collection Set: 0.32ms
[56.540s][info][gc,phases   ] GC(62)   Other: 0.12ms
[56.540s][info][gc,heap     ] GC(62) Eden regions: 9->0(78)
[56.540s][info][gc,heap     ] GC(62) Survivor regions: 16->6(16)
[56.540s][info][gc,heap     ] GC(62) Old regions: 149->165
[56.540s][info][gc,heap     ] GC(62) Humongous regions: 2->2
[56.540s][info][gc,metaspace] GC(62) Metaspace: 35116K(35584K)->35116K(35584K) NonClass: 31447K(31680K)->31447K(31680K) Class: 3669K(3904K)->3669K(3904K)
[56.540s][info][gc          ] GC(62) Pause Young (Concurrent Start) (G1 Humongous Allocation) 175M->173M(333M) 16.356ms
[56.540s][info][gc,cpu      ] GC(62) User=0.03s Sys=0.00s Real=0.01s
[56.540s][info][gc          ] GC(63) Concurrent Mark Cycle
[56.540s][info][gc,marking  ] GC(63) Concurrent Scan Root Regions
[56.560s][info][gc,marking  ] GC(63) Concurrent Scan Root Regions 20.473ms
[56.560s][info][gc,marking  ] GC(63) Concurrent Mark
[56.560s][info][gc,marking  ] GC(63) Concurrent Mark From Roots
[56.560s][info][gc,task     ] GC(63) Using 1 workers of 1 for marking
[56.673s][info][gc,marking  ] GC(63) Concurrent Mark From Roots 112.864ms
[56.673s][info][gc,marking  ] GC(63) Concurrent Preclean
[56.673s][info][gc,marking  ] GC(63) Concurrent Preclean 0.052ms
[56.674s][info][gc,start    ] GC(63) Pause Remark
[56.691s][info][gc          ] GC(63) Pause Remark 186M->169M(333M) 17.243ms
[56.691s][info][gc,cpu      ] GC(63) User=0.03s Sys=0.00s Real=0.01s
[56.691s][info][gc,marking  ] GC(63) Concurrent Mark 130.459ms
[56.691s][info][gc,marking  ] GC(63) Concurrent Rebuild Remembered Sets and Scrub Regions
[56.791s][info][gc,marking  ] GC(63) Concurrent Rebuild Remembered Sets and Scrub Regions 100.291ms
[56.792s][info][gc,start    ] GC(63) Pause Cleanup
[56.792s][info][gc          ] GC(63) Pause Cleanup 176M->176M(333M) 0.133ms
[56.792s][info][gc,cpu      ] GC(63) User=0.00s Sys=0.00s Real=0.00s
[56.793s][info][gc,marking  ] GC(63) Concurrent Clear Claimed Marks
[56.793s][info][gc,marking  ] GC(63) Concurrent Clear Claimed Marks 0.056ms
[56.793s][info][gc,marking  ] GC(63) Concurrent Cleanup for Next Mark
[56.796s][info][gc,marking  ] GC(63) Concurrent Cleanup for Next Mark 3.623ms
[56.796s][info][gc          ] GC(63) Concurrent Mark Cycle 256.373ms
[57.172s][info][gc,start    ] GC(64) Pause Young (Prepare Mixed) (G1 Evacuation Pause)
[57.172s][info][gc,task     ] GC(64) Using 2 workers of 2 for evacuation
[57.205s][info][gc,phases   ] GC(64)   Pre Evacuate Collection Set: 0.23ms
[57.205s][info][gc,phases   ] GC(64)   Merge Heap Roots: 0.15ms
[57.205s][info][gc,phases   ] GC(64)   Evacuate Collection Set: 32.41ms
[57.205s][info][gc,phases   ] GC(64)   Post Evacuate Collection Set: 0.42ms
[57.205s][info][gc,phases   ] GC(64)   Other: 0.09ms
[57.205s][info][gc,heap     ] GC(64) Eden regions: 78->0(64)
[57.205s][info][gc,heap     ] GC(64) Survivor regions: 6->11(11)
[57.205s][info][gc,heap     ] GC(64) Old regions: 148->182
[57.205s][info][gc,heap     ] GC(64) Humongous regions: 4->4
[57.205s][info][gc,metaspace] GC(64) Metaspace: 35288K(35776K)->35288K(35776K) NonClass: 31617K(31872K)->31617K(31872K) Class: 3671K(3904K)->3671K(3904K)
[57.205s][info][gc          ] GC(64) Pause Young (Prepare Mixed) (G1 Evacuation Pause) 236M->196M(333M) 33.512ms
[57.205s][info][gc,cpu      ] GC(64) User=0.06s Sys=0.00s Real=0.04s
[57.520s][info][gc,start    ] GC(65) Pause Young (Mixed) (G1 Evacuation Pause)
[57.520s][info][gc,task     ] GC(65) Using 2 workers of 2 for evacuation
[57.557s][info][gc,phases   ] GC(65)   Pre Evacuate Collection Set: 0.24ms
[57.557s][info][gc,phases   ] GC(65)   Merge Heap Roots: 0.32ms
[57.557s][info][gc,phases   ] GC(65)   Evacuate Collection Set: 35.83ms
[57.557s][info][gc,phases   ] GC(65)   Post Evacuate Collection Set: 0.70ms
[57.557s][info][gc,phases   ] GC(65)   Other: 0.15ms
[57.557s][info][gc,heap     ] GC(65) Eden regions: 64->0(89)
[57.557s][info][gc,heap     ] GC(65) Survivor regions: 11->10(10)
[57.557s][info][gc,heap     ] GC(65) Old regions: 182->167
[57.557s][info][gc,heap     ] GC(65) Humongous regions: 4->4
[57.557s][info][gc,metaspace] GC(65) Metaspace: 35364K(35840K)->35364K(35840K) NonClass: 31692K(31936K)->31692K(31936K) Class: 3671K(3904K)->3671K(3904K)
[57.557s][info][gc          ] GC(65) Pause Young (Mixed) (G1 Evacuation Pause) 260M->181M(368M) 37.475ms
[57.557s][info][gc,cpu      ] GC(65) User=0.07s Sys=0.00s Real=0.04s
[57.999s][info][gc,start    ] GC(66) Pause Young (Mixed) (G1 Evacuation Pause)
[57.999s][info][gc,task     ] GC(66) Using 2 workers of 2 for evacuation
[58.023s][info][gc,phases   ] GC(66)   Pre Evacuate Collection Set: 0.22ms
[58.023s][info][gc,phases   ] GC(66)   Merge Heap Roots: 0.30ms
[58.023s][info][gc,phases   ] GC(66)   Evacuate Collection Set: 22.94ms
[58.023s][info][gc,phases   ] GC(66)   Post Evacuate Collection Set: 0.42ms
[58.023s][info][gc,phases   ] GC(66)   Other: 0.09ms
[58.023s][info][gc,heap     ] GC(66) Eden regions: 89->0(107)
[58.023s][info][gc,heap     ] GC(66) Survivor regions: 10->13(13)
[58.023s][info][gc,heap     ] GC(66) Old regions: 167->137
[58.023s][info][gc,heap     ] GC(66) Humongous regions: 4->4
[58.023s][info][gc,metaspace] GC(66) Metaspace: 35385K(35840K)->35385K(35840K) NonClass: 31714K(31936K)->31714K(31936K) Class: 3671K(3904K)->3671K(3904K)
[58.023s][info][gc          ] GC(66) Pause Young (Mixed) (G1 Evacuation Pause) 270M->153M(368M) 24.167ms
[58.023s][info][gc,cpu      ] GC(66) User=0.04s Sys=0.00s Real=0.03s
[58.493s][info][gc,start    ] GC(67) Pause Young (Mixed) (G1 Evacuation Pause)
[58.493s][info][gc,task     ] GC(67) Using 2 workers of 2 for evacuation
[58.517s][info][gc,phases   ] GC(67)   Pre Evacuate Collection Set: 0.21ms
[58.517s][info][gc,phases   ] GC(67)   Merge Heap Roots: 0.16ms
[58.517s][info][gc,phases   ] GC(67)   Evacuate Collection Set: 23.46ms
[58.517s][info][gc,phases   ] GC(67)   Post Evacuate Collection Set: 0.38ms
[58.517s][info][gc,phases   ] GC(67)   Other: 0.07ms
[58.517s][info][gc,heap     ] GC(67) Eden regions: 107->0(99)
[58.517s][info][gc,heap     ] GC(67) Survivor regions: 13->15(15)
[58.517s][info][gc,heap     ] GC(67) Old regions: 137->154
[58.517s][info][gc,heap     ] GC(67) Humongous regions: 6->6
[58.517s][info][gc,metaspace] GC(67) Metaspace: 35405K(35840K)->35405K(35840K) NonClass: 31734K(31936K)->31734K(31936K) Class: 3671K(3904K)->3671K(3904K)
[58.517s][info][gc          ] GC(67) Pause Young (Mixed) (G1 Evacuation Pause) 262M->175M(368M) 24.561ms
[58.517s][info][gc,cpu      ] GC(67) User=0.05s Sys=0.00s Real=0.02s
[58.922s][info][gc,start    ] GC(68) Pause Young (Concurrent Start) (G1 Evacuation Pause)
[58.922s][info][gc,task     ] GC(68) Using 2 workers of 2 for evacuation
[58.946s][info][gc,phases   ] GC(68)   Pre Evacuate Collection Set: 0.19ms
[58.946s][info][gc,phases   ] GC(68)   Merge Heap Roots: 0.12ms
[58.946s][info][gc,phases   ] GC(68)   Evacuate Collection Set: 22.97ms
[58.946s][info][gc,phases   ] GC(68)   Post Evacuate Collection Set: 0.40ms
[58.946s][info][gc,phases   ] GC(68)   Other: 0.12ms
[58.946s][info][gc,heap     ] GC(68) Eden regions: 99->0(99)
[58.946s][info][gc,heap     ] GC(68) Survivor regions: 15->13(15)
[58.946s][info][gc,heap     ] GC(68) Old regions: 154->169
[58.946s][info][gc,heap     ] GC(68) Humongous regions: 6->6
[58.946s][info][gc,metaspace] GC(68) Metaspace: 35416K(35904K)->35416K(35904K) NonClass: 31745K(32000K)->31745K(32000K) Class: 3671K(3904K)->3671K(3904K)
[58.946s][info][gc          ] GC(68) Pause Young (Concurrent Start) (G1 Evacuation Pause) 274M->187M(368M) 24.004ms
[58.946s][info][gc          ] GC(69) Concurrent Mark Cycle
[58.946s][info][gc,marking  ] GC(69) Concurrent Scan Root Regions
[58.948s][info][gc,cpu      ] GC(68) User=0.05s Sys=0.00s Real=0.03s
[58.966s][info][gc,marking  ] GC(69) Concurrent Scan Root Regions 19.965ms
[58.966s][info][gc,marking  ] GC(69) Concurrent Mark
[58.966s][info][gc,marking  ] GC(69) Concurrent Mark From Roots
[58.966s][info][gc,task     ] GC(69) Using 1 workers of 1 for marking
[59.077s][info][gc,marking  ] GC(69) Concurrent Mark From Roots 111.617ms
[59.077s][info][gc,marking  ] GC(69) Concurrent Preclean
[59.077s][info][gc,marking  ] GC(69) Concurrent Preclean 0.042ms
[59.078s][info][gc,start    ] GC(69) Pause Remark
[59.101s][info][gc          ] GC(69) Pause Remark 205M->186M(368M) 23.294ms
[59.101s][info][gc,cpu      ] GC(69) User=0.04s Sys=0.00s Real=0.02s
[59.101s][info][gc,marking  ] GC(69) Concurrent Mark 135.291ms
[59.101s][info][gc,marking  ] GC(69) Concurrent Rebuild Remembered Sets and Scrub Regions
[59.149s][info][gc,marking  ] GC(69) Concurrent Rebuild Remembered Sets and Scrub Regions 47.890ms
[59.149s][info][gc,start    ] GC(69) Pause Cleanup
[59.149s][info][gc          ] GC(69) Pause Cleanup 193M->193M(368M) 0.107ms
[59.149s][info][gc,cpu      ] GC(69) User=0.00s Sys=0.00s Real=0.00s
[59.149s][info][gc,marking  ] GC(69) Concurrent Clear Claimed Marks
[59.149s][info][gc,marking  ] GC(69) Concurrent Clear Claimed Marks 0.036ms
[59.149s][info][gc,marking  ] GC(69) Concurrent Cleanup for Next Mark
[59.151s][info][gc,marking  ] GC(69) Concurrent Cleanup for Next Mark 1.441ms
[59.151s][info][gc          ] GC(69) Concurrent Mark Cycle 205.028ms
[59.516s][info][gc,start    ] GC(70) Pause Young (Prepare Mixed) (G1 Evacuation Pause)
[59.516s][info][gc,task     ] GC(70) Using 2 workers of 2 for evacuation
[59.546s][info][gc,phases   ] GC(70)   Pre Evacuate Collection Set: 0.19ms
[59.546s][info][gc,phases   ] GC(70)   Merge Heap Roots: 0.06ms
[59.546s][info][gc,phases   ] GC(70)   Evacuate Collection Set: 28.42ms
[59.546s][info][gc,phases   ] GC(70)   Post Evacuate Collection Set: 0.59ms
[59.546s][info][gc,phases   ] GC(70)   Other: 0.10ms
[59.546s][info][gc,heap     ] GC(70) Eden regions: 99->0(95)
[59.546s][info][gc,heap     ] GC(70) Survivor regions: 13->14(14)
[59.546s][info][gc,heap     ] GC(70) Old regions: 152->172
[59.546s][info][gc,heap     ] GC(70) Humongous regions: 4->4
[59.546s][info][gc,metaspace] GC(70) Metaspace: 35432K(35904K)->35432K(35904K) NonClass: 31760K(32000K)->31760K(32000K) Class: 3671K(3904K)->3671K(3904K)
[59.546s][info][gc          ] GC(70) Pause Young (Prepare Mixed) (G1 Evacuation Pause) 267M->190M(368M) 29.629ms
[59.546s][info][gc,cpu      ] GC(70) User=0.06s Sys=0.00s Real=0.03s
[60.013s][info][gc,start    ] GC(71) Pause Young (Mixed) (G1 Evacuation Pause)
[60.013s][info][gc,task     ] GC(71) Using 2 workers of 2 for evacuation
[60.053s][info][gc,phases   ] GC(71)   Pre Evacuate Collection Set: 0.30ms
[60.053s][info][gc,phases   ] GC(71)   Merge Heap Roots: 0.25ms
[60.053s][info][gc,phases   ] GC(71)   Evacuate Collection Set: 39.00ms
[60.053s][info][gc,phases   ] GC(71)   Post Evacuate Collection Set: 0.47ms
[60.053s][info][gc,phases   ] GC(71)   Other: 0.09ms
[60.053s][info][gc,heap     ] GC(71) Eden regions: 95->0(86)
[60.053s][info][gc,heap     ] GC(71) Survivor regions: 14->14(14)
[60.053s][info][gc,heap     ] GC(71) Old regions: 172->177
[60.053s][info][gc,heap     ] GC(71) Humongous regions: 5->5
[60.053s][info][gc,metaspace] GC(71) Metaspace: 35435K(35904K)->35435K(35904K) NonClass: 31764K(32000K)->31764K(32000K) Class: 3671K(3904K)->3671K(3904K)
[60.053s][info][gc          ] GC(71) Pause Young (Mixed) (G1 Evacuation Pause) 286M->195M(368M) 40.322ms
[60.053s][info][gc,cpu      ] GC(71) User=0.08s Sys=0.01s Real=0.04s
[60.417s][info][gc,start    ] GC(72) Pause Young (Mixed) (G1 Evacuation Pause)
[60.417s][info][gc,task     ] GC(72) Using 2 workers of 2 for evacuation
[60.453s][info][gc,phases   ] GC(72)   Pre Evacuate Collection Set: 0.20ms
[60.453s][info][gc,phases   ] GC(72)   Merge Heap Roots: 0.32ms
[60.453s][info][gc,phases   ] GC(72)   Evacuate Collection Set: 34.40ms
[60.453s][info][gc,phases   ] GC(72)   Post Evacuate Collection Set: 0.40ms
[60.453s][info][gc,phases   ] GC(72)   Other: 0.10ms
[60.453s][info][gc,heap     ] GC(72) Eden regions: 86->0(95)
[60.453s][info][gc,heap     ] GC(72) Survivor regions: 14->13(13)
[60.453s][info][gc,heap     ] GC(72) Old regions: 177->170
[60.453s][info][gc,heap     ] GC(72) Humongous regions: 5->5
[60.453s][info][gc,metaspace] GC(72) Metaspace: 35436K(35904K)->35436K(35904K) NonClass: 31765K(32000K)->31765K(32000K) Class: 3671K(3904K)->3671K(3904K)
[60.453s][info][gc          ] GC(72) Pause Young (Mixed) (G1 Evacuation Pause) 281M->188M(368M) 35.616ms
[60.453s][info][gc,cpu      ] GC(72) User=0.07s Sys=0.00s Real=0.04s
[60.830s][info][gc,start    ] GC(73) Pause Young (Concurrent Start) (G1 Evacuation Pause)
[60.830s][info][gc,task     ] GC(73) Using 2 workers of 2 for evacuation
[60.869s][info][gc,phases   ] GC(73)   Pre Evacuate Collection Set: 0.20ms
[60.869s][info][gc,phases   ] GC(73)   Merge Heap Roots: 0.09ms
[60.869s][info][gc,phases   ] GC(73)   Evacuate Collection Set: 37.48ms
[60.869s][info][gc,phases   ] GC(73)   Post Evacuate Collection Set: 0.83ms
[60.869s][info][gc,phases   ] GC(73)   Other: 0.15ms
[60.869s][info][gc,heap     ] GC(73) Eden regions: 95->0(86)
[60.869s][info][gc,heap     ] GC(73) Survivor regions: 13->14(14)
[60.869s][info][gc,heap     ] GC(73) Old regions: 170->215
[60.869s][info][gc,heap     ] GC(73) Humongous regions: 5->5
[60.869s][info][gc,metaspace] GC(73) Metaspace: 35441K(35904K)->35441K(35904K) NonClass: 31770K(32000K)->31770K(32000K) Class: 3671K(3904K)->3671K(3904K)
[60.869s][info][gc          ] GC(73) Pause Young (Concurrent Start) (G1 Evacuation Pause) 283M->234M(414M) 38.981ms
[60.869s][info][gc,cpu      ] GC(73) User=0.08s Sys=0.00s Real=0.04s
[60.869s][info][gc          ] GC(74) Concurrent Mark Cycle
[60.869s][info][gc,marking  ] GC(74) Concurrent Scan Root Regions
[60.918s][info][gc,marking  ] GC(74) Concurrent Scan Root Regions 48.669ms
[60.918s][info][gc,marking  ] GC(74) Concurrent Mark
[60.918s][info][gc,marking  ] GC(74) Concurrent Mark From Roots
[60.918s][info][gc,task     ] GC(74) Using 1 workers of 1 for marking
[61.073s][info][gc,marking  ] GC(74) Concurrent Mark From Roots 155.765ms
[61.073s][info][gc,marking  ] GC(74) Concurrent Preclean
[61.073s][info][gc,marking  ] GC(74) Concurrent Preclean 0.071ms
[61.074s][info][gc,start    ] GC(74) Pause Remark
[61.088s][info][gc          ] GC(74) Pause Remark 265M->228M(414M) 14.096ms
[61.088s][info][gc,cpu      ] GC(74) User=0.03s Sys=0.00s Real=0.01s
[61.090s][info][gc,marking  ] GC(74) Concurrent Mark 172.717ms
[61.090s][info][gc,marking  ] GC(74) Concurrent Rebuild Remembered Sets and Scrub Regions
[61.192s][info][gc,marking  ] GC(74) Concurrent Rebuild Remembered Sets and Scrub Regions 101.500ms
[61.195s][info][gc,start    ] GC(74) Pause Cleanup
[61.195s][info][gc          ] GC(74) Pause Cleanup 238M->238M(414M) 0.102ms
[61.195s][info][gc,cpu      ] GC(74) User=0.00s Sys=0.00s Real=0.00s
[61.195s][info][gc,marking  ] GC(74) Concurrent Clear Claimed Marks
[61.196s][info][gc,marking  ] GC(74) Concurrent Clear Claimed Marks 0.041ms
[61.196s][info][gc,marking  ] GC(74) Concurrent Cleanup for Next Mark
[61.197s][info][gc,marking  ] GC(74) Concurrent Cleanup for Next Mark 1.883ms
[61.197s][info][gc          ] GC(74) Concurrent Mark Cycle 328.646ms
[61.437s][info][gc,start    ] GC(75) Pause Young (Prepare Mixed) (G1 Evacuation Pause)
[61.437s][info][gc,task     ] GC(75) Using 2 workers of 2 for evacuation
[61.482s][info][gc,phases   ] GC(75)   Pre Evacuate Collection Set: 0.24ms
[61.482s][info][gc,phases   ] GC(75)   Merge Heap Roots: 0.30ms
[61.482s][info][gc,phases   ] GC(75)   Evacuate Collection Set: 43.23ms
[61.482s][info][gc,phases   ] GC(75)   Post Evacuate Collection Set: 0.41ms
[61.482s][info][gc,phases   ] GC(75)   Other: 0.07ms
[61.482s][info][gc,heap     ] GC(75) Eden regions: 86->0(77)
[61.482s][info][gc,heap     ] GC(75) Survivor regions: 14->13(13)
[61.482s][info][gc,heap     ] GC(75) Old regions: 180->226
[61.482s][info][gc,heap     ] GC(75) Humongous regions: 4->4
[61.482s][info][gc,metaspace] GC(75) Metaspace: 35442K(35904K)->35442K(35904K) NonClass: 31771K(32000K)->31771K(32000K) Class: 3671K(3904K)->3671K(3904K)
[61.482s][info][gc          ] GC(75) Pause Young (Prepare Mixed) (G1 Evacuation Pause) 284M->242M(414M) 44.463ms
[61.482s][info][gc,cpu      ] GC(75) User=0.09s Sys=0.00s Real=0.04s
[61.803s][info][gc,start    ] GC(76) Pause Young (Mixed) (G1 Evacuation Pause)
[61.803s][info][gc,task     ] GC(76) Using 2 workers of 2 for evacuation
[61.861s][info][gc,phases   ] GC(76)   Pre Evacuate Collection Set: 0.23ms
[61.861s][info][gc,phases   ] GC(76)   Merge Heap Roots: 0.43ms
[61.861s][info][gc,phases   ] GC(76)   Evacuate Collection Set: 56.13ms
[61.861s][info][gc,phases   ] GC(76)   Post Evacuate Collection Set: 0.43ms
[61.861s][info][gc,phases   ] GC(76)   Other: 0.07ms
[61.861s][info][gc,heap     ] GC(76) Eden regions: 77->0(62)
[61.861s][info][gc,heap     ] GC(76) Survivor regions: 13->12(12)
[61.861s][info][gc,heap     ] GC(76) Old regions: 226->246
[61.861s][info][gc,heap     ] GC(76) Humongous regions: 4->4
[61.861s][info][gc,metaspace] GC(76) Metaspace: 35445K(35904K)->35445K(35904K) NonClass: 31774K(32000K)->31774K(32000K) Class: 3671K(3904K)->3671K(3904K)
[61.861s][info][gc          ] GC(76) Pause Young (Mixed) (G1 Evacuation Pause) 319M->261M(414M) 57.520ms
[61.861s][info][gc,cpu      ] GC(76) User=0.12s Sys=0.00s Real=0.05s
[61.883s][info][gc,start    ] GC(77) Pause Young (Concurrent Start) (G1 Humongous Allocation)
[61.883s][info][gc,task     ] GC(77) Using 2 workers of 2 for evacuation
[61.898s][info][gc,phases   ] GC(77)   Pre Evacuate Collection Set: 0.24ms
[61.898s][info][gc,phases   ] GC(77)   Merge Heap Roots: 0.17ms
[61.898s][info][gc,phases   ] GC(77)   Evacuate Collection Set: 14.04ms
[61.898s][info][gc,phases   ] GC(77)   Post Evacuate Collection Set: 0.30ms
[61.898s][info][gc,phases   ] GC(77)   Other: 0.08ms
[61.898s][info][gc,heap     ] GC(77) Eden regions: 6->0(58)
[61.898s][info][gc,heap     ] GC(77) Survivor regions: 12->4(10)
[61.898s][info][gc,heap     ] GC(77) Old regions: 246->258
[61.898s][info][gc,heap     ] GC(77) Humongous regions: 4->4
[61.898s][info][gc,metaspace] GC(77) Metaspace: 35445K(35904K)->35445K(35904K) NonClass: 31774K(32000K)->31774K(32000K) Class: 3671K(3904K)->3671K(3904K)
[61.898s][info][gc          ] GC(77) Pause Young (Concurrent Start) (G1 Humongous Allocation) 267M->266M(414M) 15.069ms
[61.898s][info][gc,cpu      ] GC(77) User=0.03s Sys=0.00s Real=0.01s
[61.898s][info][gc          ] GC(78) Concurrent Mark Cycle
[61.898s][info][gc,marking  ] GC(78) Concurrent Scan Root Regions
[61.904s][info][gc,marking  ] GC(78) Concurrent Scan Root Regions 6.115ms
[61.904s][info][gc,marking  ] GC(78) Concurrent Mark
[61.904s][info][gc,marking  ] GC(78) Concurrent Mark From Roots
[61.904s][info][gc,task     ] GC(78) Using 1 workers of 1 for marking
[62.173s][info][gc,marking  ] GC(78) Concurrent Mark From Roots 268.871ms
[62.173s][info][gc,marking  ] GC(78) Concurrent Preclean
[62.173s][info][gc,marking  ] GC(78) Concurrent Preclean 0.050ms
[62.174s][info][gc,start    ] GC(78) Pause Remark
[62.193s][info][gc          ] GC(78) Pause Remark 312M->260M(414M) 18.315ms
[62.193s][info][gc,cpu      ] GC(78) User=0.03s Sys=0.00s Real=0.02s
[62.193s][info][gc,marking  ] GC(78) Concurrent Mark 288.461ms
[62.193s][info][gc,marking  ] GC(78) Concurrent Rebuild Remembered Sets and Scrub Regions
[62.291s][info][gc,start    ] GC(79) Pause Young (Normal) (G1 Evacuation Pause)
[62.291s][info][gc,task     ] GC(79) Using 2 workers of 2 for evacuation
[62.321s][info][gc,phases   ] GC(79)   Pre Evacuate Collection Set: 0.20ms
[62.321s][info][gc,phases   ] GC(79)   Merge Heap Roots: 0.19ms
[62.321s][info][gc,phases   ] GC(79)   Evacuate Collection Set: 29.33ms
[62.321s][info][gc,phases   ] GC(79)   Post Evacuate Collection Set: 0.38ms
[62.321s][info][gc,phases   ] GC(79)   Other: 0.08ms
[62.321s][info][gc,heap     ] GC(79) Eden regions: 58->0(68)
[62.321s][info][gc,heap     ] GC(79) Survivor regions: 4->8(8)
[62.321s][info][gc,heap     ] GC(79) Old regions: 207->235
[62.321s][info][gc,heap     ] GC(79) Humongous regions: 4->4
[62.321s][info][gc,metaspace] GC(79) Metaspace: 35445K(35904K)->35445K(35904K) NonClass: 31774K(32000K)->31774K(32000K) Class: 3671K(3904K)->3671K(3904K)
[62.321s][info][gc          ] GC(79) Pause Young (Normal) (G1 Evacuation Pause) 273M->246M(414M) 30.404ms
[62.321s][info][gc,cpu      ] GC(79) User=0.06s Sys=0.00s Real=0.03s
[62.396s][info][gc,marking  ] GC(78) Concurrent Rebuild Remembered Sets and Scrub Regions 203.636ms
[62.397s][info][gc,start    ] GC(78) Pause Cleanup
[62.397s][info][gc          ] GC(78) Pause Cleanup 265M->265M(414M) 0.101ms
[62.397s][info][gc,cpu      ] GC(78) User=0.00s Sys=0.00s Real=0.00s
[62.397s][info][gc,marking  ] GC(78) Concurrent Clear Claimed Marks
[62.398s][info][gc,marking  ] GC(78) Concurrent Clear Claimed Marks 0.059ms
[62.398s][info][gc,marking  ] GC(78) Concurrent Cleanup for Next Mark
[62.400s][info][gc,marking  ] GC(78) Concurrent Cleanup for Next Mark 2.259ms
[62.400s][info][gc          ] GC(78) Concurrent Mark Cycle 501.786ms
[62.569s][info][gc,start    ] GC(80) Pause Young (Prepare Mixed) (G1 Evacuation Pause)
[62.569s][info][gc,task     ] GC(80) Using 2 workers of 2 for evacuation
[62.613s][info][gc,phases   ] GC(80)   Pre Evacuate Collection Set: 0.22ms
[62.613s][info][gc,phases   ] GC(80)   Merge Heap Roots: 0.25ms
[62.613s][info][gc,phases   ] GC(80)   Evacuate Collection Set: 42.32ms
[62.613s][info][gc,phases   ] GC(80)   Post Evacuate Collection Set: 0.41ms
[62.613s][info][gc,phases   ] GC(80)   Other: 0.09ms
[62.613s][info][gc,heap     ] GC(80) Eden regions: 68->0(45)
[62.613s][info][gc,heap     ] GC(80) Survivor regions: 8->10(10)
[62.613s][info][gc,heap     ] GC(80) Old regions: 235->284
[62.613s][info][gc,heap     ] GC(80) Humongous regions: 4->4
[62.613s][info][gc,metaspace] GC(80) Metaspace: 35445K(35904K)->35445K(35904K) NonClass: 31774K(32000K)->31774K(32000K) Class: 3671K(3904K)->3671K(3904K)
[62.613s][info][gc          ] GC(80) Pause Young (Prepare Mixed) (G1 Evacuation Pause) 314M->297M(414M) 43.499ms
[62.613s][info][gc,cpu      ] GC(80) User=0.08s Sys=0.00s Real=0.05s
[62.819s][info][gc,start    ] GC(81) Pause Young (Mixed) (G1 Evacuation Pause)
[62.819s][info][gc,task     ] GC(81) Using 2 workers of 2 for evacuation
[62.856s][info][gc,phases   ] GC(81)   Pre Evacuate Collection Set: 0.28ms
[62.856s][info][gc,phases   ] GC(81)   Merge Heap Roots: 0.38ms
[62.856s][info][gc,phases   ] GC(81)   Evacuate Collection Set: 35.89ms
[62.856s][info][gc,phases   ] GC(81)   Post Evacuate Collection Set: 0.41ms
[62.856s][info][gc,phases   ] GC(81)   Other: 0.12ms
[62.856s][info][gc,heap     ] GC(81) Eden regions: 45->0(52)
[62.856s][info][gc,heap     ] GC(81) Survivor regions: 10->7(7)
[62.856s][info][gc,heap     ] GC(81) Old regions: 284->271
[62.856s][info][gc,heap     ] GC(81) Humongous regions: 5->5
[62.856s][info][gc,metaspace] GC(81) Metaspace: 35445K(35904K)->35445K(35904K) NonClass: 31774K(32000K)->31774K(32000K) Class: 3671K(3904K)->3671K(3904K)
[62.856s][info][gc          ] GC(81) Pause Young (Mixed) (G1 Evacuation Pause) 343M->282M(414M) 37.309ms
[62.856s][info][gc,cpu      ] GC(81) User=0.07s Sys=0.00s Real=0.04s
[63.066s][info][gc,start    ] GC(82) Pause Young (Mixed) (G1 Evacuation Pause)
[63.067s][info][gc,task     ] GC(82) Using 2 workers of 2 for evacuation
[63.103s][info][gc,phases   ] GC(82)   Pre Evacuate Collection Set: 0.23ms
[63.103s][info][gc,phases   ] GC(82)   Merge Heap Roots: 0.65ms
[63.103s][info][gc,phases   ] GC(82)   Evacuate Collection Set: 34.52ms
[63.103s][info][gc,phases   ] GC(82)   Post Evacuate Collection Set: 1.28ms
[63.103s][info][gc,phases   ] GC(82)   Other: 0.09ms
[63.103s][info][gc,heap     ] GC(82) Eden regions: 52->0(88)
[63.103s][info][gc,heap     ] GC(82) Survivor regions: 7->8(8)
[63.103s][info][gc,heap     ] GC(82) Old regions: 271->292
[63.103s][info][gc,heap     ] GC(82) Humongous regions: 5->5
[63.103s][info][gc,metaspace] GC(82) Metaspace: 35446K(35904K)->35446K(35904K) NonClass: 31775K(32000K)->31775K(32000K) Class: 3671K(3904K)->3671K(3904K)
[63.103s][info][gc          ] GC(82) Pause Young (Mixed) (G1 Evacuation Pause) 334M->305M(527M) 36.976ms
[63.103s][info][gc,cpu      ] GC(82) User=0.07s Sys=0.00s Real=0.04s
[63.259s][info][gc,start    ] GC(83) Pause Young (Concurrent Start) (G1 Humongous Allocation)
[63.259s][info][gc,task     ] GC(83) Using 2 workers of 2 for evacuation
[63.294s][info][gc,phases   ] GC(83)   Pre Evacuate Collection Set: 0.25ms
[63.294s][info][gc,phases   ] GC(83)   Merge Heap Roots: 0.17ms
[63.294s][info][gc,phases   ] GC(83)   Evacuate Collection Set: 33.46ms
[63.294s][info][gc,phases   ] GC(83)   Post Evacuate Collection Set: 0.29ms
[63.294s][info][gc,phases   ] GC(83)   Other: 0.18ms
[63.294s][info][gc,heap     ] GC(83) Eden regions: 36->0(80)
[63.294s][info][gc,heap     ] GC(83) Survivor regions: 8->12(12)
[63.294s][info][gc,heap     ] GC(83) Old regions: 292->312
[63.294s][info][gc,heap     ] GC(83) Humongous regions: 5->5
[63.294s][info][gc,metaspace] GC(83) Metaspace: 35446K(35904K)->35446K(35904K) NonClass: 31775K(32000K)->31775K(32000K) Class: 3671K(3904K)->3671K(3904K)
[63.294s][info][gc          ] GC(83) Pause Young (Concurrent Start) (G1 Humongous Allocation) 340M->328M(527M) 34.601ms
[63.294s][info][gc,cpu      ] GC(83) User=0.06s Sys=0.00s Real=0.04s
[63.294s][info][gc          ] GC(84) Concurrent Mark Cycle
[63.294s][info][gc,marking  ] GC(84) Concurrent Scan Root Regions
[63.319s][info][gc,marking  ] GC(84) Concurrent Scan Root Regions 25.350ms
[63.319s][info][gc,marking  ] GC(84) Concurrent Mark
[63.319s][info][gc,marking  ] GC(84) Concurrent Mark From Roots
[63.319s][info][gc,task     ] GC(84) Using 1 workers of 1 for marking
[63.489s][info][gc,marking  ] GC(84) Concurrent Mark From Roots 170.063ms
[63.489s][info][gc,marking  ] GC(84) Concurrent Preclean
[63.489s][info][gc,marking  ] GC(84) Concurrent Preclean 0.050ms
[63.490s][info][gc,start    ] GC(84) Pause Remark
[63.505s][info][gc          ] GC(84) Pause Remark 351M->293M(527M) 15.398ms
[63.505s][info][gc,cpu      ] GC(84) User=0.03s Sys=0.00s Real=0.02s
[63.505s][info][gc,marking  ] GC(84) Concurrent Mark 185.805ms
[63.505s][info][gc,marking  ] GC(84) Concurrent Rebuild Remembered Sets and Scrub Regions
[63.634s][info][gc,marking  ] GC(84) Concurrent Rebuild Remembered Sets and Scrub Regions 128.900ms
[63.635s][info][gc,start    ] GC(84) Pause Cleanup
[63.635s][info][gc          ] GC(84) Pause Cleanup 312M->312M(527M) 0.122ms
[63.635s][info][gc,cpu      ] GC(84) User=0.00s Sys=0.00s Real=0.00s
[63.635s][info][gc,marking  ] GC(84) Concurrent Clear Claimed Marks
[63.635s][info][gc,marking  ] GC(84) Concurrent Clear Claimed Marks 0.039ms
[63.635s][info][gc,marking  ] GC(84) Concurrent Cleanup for Next Mark
[63.638s][info][gc,marking  ] GC(84) Concurrent Cleanup for Next Mark 2.752ms
[63.638s][info][gc          ] GC(84) Concurrent Mark Cycle 343.926ms
[63.847s][info][gc,start    ] GC(85) Pause Young (Prepare Mixed) (G1 Evacuation Pause)
[63.847s][info][gc,task     ] GC(85) Using 2 workers of 2 for evacuation
[63.879s][info][gc,phases   ] GC(85)   Pre Evacuate Collection Set: 0.23ms
[63.879s][info][gc,phases   ] GC(85)   Merge Heap Roots: 2.42ms
[63.879s][info][gc,phases   ] GC(85)   Evacuate Collection Set: 28.97ms
[63.879s][info][gc,phases   ] GC(85)   Post Evacuate Collection Set: 0.50ms
[63.879s][info][gc,phases   ] GC(85)   Other: 0.09ms
[63.879s][info][gc,heap     ] GC(85) Eden regions: 80->0(103)
[63.879s][info][gc,heap     ] GC(85) Survivor regions: 12->12(12)
[63.879s][info][gc,heap     ] GC(85) Old regions: 256->269
[63.879s][info][gc,heap     ] GC(85) Humongous regions: 4->4
[63.879s][info][gc,metaspace] GC(85) Metaspace: 35446K(35904K)->35446K(35904K) NonClass: 31775K(32000K)->31775K(32000K) Class: 3671K(3904K)->3671K(3904K)
[63.879s][info][gc          ] GC(85) Pause Young (Prepare Mixed) (G1 Evacuation Pause) 351M->284M(527M) 32.426ms
[63.879s][info][gc,cpu      ] GC(85) User=0.06s Sys=0.00s Real=0.03s
[64.302s][info][gc,start    ] GC(86) Pause Young (Mixed) (G1 Evacuation Pause)
[64.302s][info][gc,task     ] GC(86) Using 2 workers of 2 for evacuation
[64.320s][info][gc,phases   ] GC(86)   Pre Evacuate Collection Set: 0.25ms
[64.320s][info][gc,phases   ] GC(86)   Merge Heap Roots: 0.21ms
[64.320s][info][gc,phases   ] GC(86)   Evacuate Collection Set: 17.47ms
[64.320s][info][gc,phases   ] GC(86)   Post Evacuate Collection Set: 0.44ms
[64.320s][info][gc,phases   ] GC(86)   Other: 0.09ms
[64.320s][info][gc,heap     ] GC(86) Eden regions: 103->0(130)
[64.320s][info][gc,heap     ] GC(86) Survivor regions: 12->9(15)
[64.320s][info][gc,heap     ] GC(86) Old regions: 269->227
[64.320s][info][gc,heap     ] GC(86) Humongous regions: 4->4
[64.320s][info][gc,metaspace] GC(86) Metaspace: 35455K(35904K)->35455K(35904K) NonClass: 31782K(32000K)->31782K(32000K) Class: 3673K(3904K)->3673K(3904K)
[64.320s][info][gc          ] GC(86) Pause Young (Mixed) (G1 Evacuation Pause) 387M->239M(527M) 18.701ms
[64.320s][info][gc,cpu      ] GC(86) User=0.03s Sys=0.00s Real=0.02s
[64.882s][info][gc,start    ] GC(87) Pause Young (Mixed) (G1 Evacuation Pause)
[64.882s][info][gc,task     ] GC(87) Using 2 workers of 2 for evacuation
[64.898s][info][gc,phases   ] GC(87)   Pre Evacuate Collection Set: 0.26ms
[64.898s][info][gc,phases   ] GC(87)   Merge Heap Roots: 0.24ms
[64.898s][info][gc,phases   ] GC(87)   Evacuate Collection Set: 14.81ms
[64.898s][info][gc,phases   ] GC(87)   Post Evacuate Collection Set: 0.45ms
[64.898s][info][gc,phases   ] GC(87)   Other: 0.10ms
[64.898s][info][gc,heap     ] GC(87) Eden regions: 130->0(158)
[64.898s][info][gc,heap     ] GC(87) Survivor regions: 9->13(18)
[64.898s][info][gc,heap     ] GC(87) Old regions: 227->177
[64.898s][info][gc,heap     ] GC(87) Humongous regions: 5->4
[64.898s][info][gc,metaspace] GC(87) Metaspace: 35458K(35904K)->35458K(35904K) NonClass: 31785K(32000K)->31785K(32000K) Class: 3673K(3904K)->3673K(3904K)
[64.899s][info][gc          ] GC(87) Pause Young (Mixed) (G1 Evacuation Pause) 370M->193M(527M) 16.072ms
[64.899s][info][gc,cpu      ] GC(87) User=0.04s Sys=0.00s Real=0.01s
[65.591s][info][gc,start    ] GC(88) Pause Young (Mixed) (G1 Evacuation Pause)
[65.591s][info][gc,task     ] GC(88) Using 2 workers of 2 for evacuation
[65.624s][info][gc,phases   ] GC(88)   Pre Evacuate Collection Set: 0.25ms
[65.624s][info][gc,phases   ] GC(88)   Merge Heap Roots: 0.61ms
[65.624s][info][gc,phases   ] GC(88)   Evacuate Collection Set: 31.80ms
[65.624s][info][gc,phases   ] GC(88)   Post Evacuate Collection Set: 0.46ms
[65.624s][info][gc,phases   ] GC(88)   Other: 0.10ms
[65.624s][info][gc,heap     ] GC(88) Eden regions: 158->0(164)
[65.624s][info][gc,heap     ] GC(88) Survivor regions: 13->21(22)
[65.624s][info][gc,heap     ] GC(88) Old regions: 177->176
[65.624s][info][gc,heap     ] GC(88) Humongous regions: 5->4
[65.624s][info][gc,metaspace] GC(88) Metaspace: 35460K(35904K)->35460K(35904K) NonClass: 31787K(32000K)->31787K(32000K) Class: 3673K(3904K)->3673K(3904K)
[65.624s][info][gc          ] GC(88) Pause Young (Mixed) (G1 Evacuation Pause) 352M->199M(527M) 33.515ms
[65.624s][info][gc,cpu      ] GC(88) User=0.07s Sys=0.00s Real=0.04s
[65.848s][info][gc,start    ] GC(89) Pause Young (Concurrent Start) (G1 Humongous Allocation)
[65.848s][info][gc,task     ] GC(89) Using 2 workers of 2 for evacuation
[65.856s][info][gc,phases   ] GC(89)   Pre Evacuate Collection Set: 0.25ms
[65.856s][info][gc,phases   ] GC(89)   Merge Heap Roots: 0.06ms
[65.856s][info][gc,phases   ] GC(89)   Evacuate Collection Set: 7.02ms
[65.856s][info][gc,phases   ] GC(89)   Post Evacuate Collection Set: 0.37ms
[65.856s][info][gc,phases   ] GC(89)   Other: 0.12ms
[65.856s][info][gc,heap     ] GC(89) Eden regions: 60->0(182)
[65.856s][info][gc,heap     ] GC(89) Survivor regions: 21->8(24)
[65.856s][info][gc,heap     ] GC(89) Old regions: 176->177
[65.856s][info][gc,heap     ] GC(89) Humongous regions: 4->4
[65.856s][info][gc,metaspace] GC(89) Metaspace: 35470K(35968K)->35470K(35968K) NonClass: 31797K(32064K)->31797K(32064K) Class: 3673K(3904K)->3673K(3904K)
[65.856s][info][gc          ] GC(89) Pause Young (Concurrent Start) (G1 Humongous Allocation) 259M->189M(527M) 8.086ms
[65.856s][info][gc          ] GC(90) Concurrent Mark Cycle
[65.856s][info][gc,marking  ] GC(90) Concurrent Scan Root Regions
[65.857s][info][gc,cpu      ] GC(89) User=0.01s Sys=0.00s Real=0.01s
[65.863s][info][gc,marking  ] GC(90) Concurrent Scan Root Regions 6.222ms
[65.863s][info][gc,marking  ] GC(90) Concurrent Mark
[65.863s][info][gc,marking  ] GC(90) Concurrent Mark From Roots
[65.863s][info][gc,task     ] GC(90) Using 1 workers of 1 for marking
[66.001s][info][gc,marking  ] GC(90) Concurrent Mark From Roots 138.350ms
[66.001s][info][gc,marking  ] GC(90) Concurrent Preclean
[66.001s][info][gc,marking  ] GC(90) Concurrent Preclean 0.047ms
[66.004s][info][gc,start    ] GC(90) Pause Remark
[66.020s][info][gc          ] GC(90) Pause Remark 224M->135M(337M) 16.189ms
[66.020s][info][gc,cpu      ] GC(90) User=0.03s Sys=0.00s Real=0.01s
[66.021s][info][gc,marking  ] GC(90) Concurrent Mark 157.962ms
[66.021s][info][gc,marking  ] GC(90) Concurrent Rebuild Remembered Sets and Scrub Regions
[66.073s][info][gc,marking  ] GC(90) Concurrent Rebuild Remembered Sets and Scrub Regions 52.707ms
[66.073s][info][gc,start    ] GC(90) Pause Cleanup
[66.073s][info][gc          ] GC(90) Pause Cleanup 146M->146M(337M) 0.062ms
[66.073s][info][gc,cpu      ] GC(90) User=0.00s Sys=0.00s Real=0.00s
[66.074s][info][gc,marking  ] GC(90) Concurrent Clear Claimed Marks
[66.074s][info][gc,marking  ] GC(90) Concurrent Clear Claimed Marks 0.037ms
[66.074s][info][gc,marking  ] GC(90) Concurrent Cleanup for Next Mark
[66.075s][info][gc,marking  ] GC(90) Concurrent Cleanup for Next Mark 0.995ms
[66.075s][info][gc          ] GC(90) Concurrent Mark Cycle 218.277ms
[66.603s][info][gc,start    ] GC(91) Pause Young (Prepare Mixed) (G1 Evacuation Pause)
[66.603s][info][gc,task     ] GC(91) Using 2 workers of 2 for evacuation
[66.632s][info][gc,phases   ] GC(91)   Pre Evacuate Collection Set: 0.80ms
[66.632s][info][gc,phases   ] GC(91)   Merge Heap Roots: 0.10ms
[66.632s][info][gc,phases   ] GC(91)   Evacuate Collection Set: 26.36ms
[66.632s][info][gc,phases   ] GC(91)   Post Evacuate Collection Set: 0.51ms
[66.632s][info][gc,phases   ] GC(91)   Other: 1.11ms
[66.632s][info][gc,heap     ] GC(91) Eden regions: 182->0(121)
[66.632s][info][gc,heap     ] GC(91) Survivor regions: 8->24(24)
[66.632s][info][gc,heap     ] GC(91) Old regions: 90->97
[66.632s][info][gc,heap     ] GC(91) Humongous regions: 5->3
[66.632s][info][gc,metaspace] GC(91) Metaspace: 35471K(35968K)->35471K(35968K) NonClass: 31798K(32064K)->31798K(32064K) Class: 3673K(3904K)->3673K(3904K)
[66.632s][info][gc          ] GC(91) Pause Young (Prepare Mixed) (G1 Evacuation Pause) 285M->123M(337M) 29.118ms
[66.632s][info][gc,cpu      ] GC(91) User=0.05s Sys=0.00s Real=0.03s
[67.100s][info][gc,start    ] GC(92) Pause Young (Mixed) (G1 Evacuation Pause)
[67.100s][info][gc,task     ] GC(92) Using 2 workers of 2 for evacuation
[67.135s][info][gc,phases   ] GC(92)   Pre Evacuate Collection Set: 0.18ms
[67.135s][info][gc,phases   ] GC(92)   Merge Heap Roots: 0.14ms
[67.135s][info][gc,phases   ] GC(92)   Evacuate Collection Set: 34.03ms
[67.135s][info][gc,phases   ] GC(92)   Post Evacuate Collection Set: 0.45ms
[67.135s][info][gc,phases   ] GC(92)   Other: 0.07ms
[67.135s][info][gc,heap     ] GC(92) Eden regions: 121->0(115)
[67.135s][info][gc,heap     ] GC(92) Survivor regions: 24->19(19)
[67.135s][info][gc,heap     ] GC(92) Old regions: 97->110
[67.135s][info][gc,heap     ] GC(92) Humongous regions: 4->3
[67.135s][info][gc,metaspace] GC(92) Metaspace: 35471K(35968K)->35471K(35968K) NonClass: 31798K(32064K)->31798K(32064K) Class: 3673K(3904K)->3673K(3904K)
[67.135s][info][gc          ] GC(92) Pause Young (Mixed) (G1 Evacuation Pause) 245M->131M(337M) 35.084ms
[67.135s][info][gc,cpu      ] GC(92) User=0.07s Sys=0.00s Real=0.04s
[67.348s][info][gc,start    ] GC(93) Pause Young (Concurrent Start) (G1 Humongous Allocation)
[67.348s][info][gc,task     ] GC(93) Using 2 workers of 2 for evacuation
[67.381s][info][gc,phases   ] GC(93)   Pre Evacuate Collection Set: 0.22ms
[67.381s][info][gc,phases   ] GC(93)   Merge Heap Roots: 0.14ms
[67.381s][info][gc,phases   ] GC(93)   Evacuate Collection Set: 32.16ms
[67.381s][info][gc,phases   ] GC(93)   Post Evacuate Collection Set: 0.39ms
[67.381s][info][gc,phases   ] GC(93)   Other: 0.12ms
[67.381s][info][gc,heap     ] GC(93) Eden regions: 57->0(97)
[67.381s][info][gc,heap     ] GC(93) Survivor regions: 19->17(17)
[67.381s][info][gc,heap     ] GC(93) Old regions: 110->123
[67.381s][info][gc,heap     ] GC(93) Humongous regions: 3->3
[67.381s][info][gc,metaspace] GC(93) Metaspace: 35471K(35968K)->35471K(35968K) NonClass: 31798K(32064K)->31798K(32064K) Class: 3673K(3904K)->3673K(3904K)
[67.381s][info][gc          ] GC(93) Pause Young (Concurrent Start) (G1 Humongous Allocation) 188M->142M(337M) 33.269ms
[67.381s][info][gc,cpu      ] GC(93) User=0.07s Sys=0.00s Real=0.03s
[67.381s][info][gc          ] GC(94) Concurrent Mark Cycle
[67.381s][info][gc,marking  ] GC(94) Concurrent Scan Root Regions
[67.413s][info][gc,marking  ] GC(94) Concurrent Scan Root Regions 31.344ms
[67.413s][info][gc,marking  ] GC(94) Concurrent Mark
[67.413s][info][gc,marking  ] GC(94) Concurrent Mark From Roots
[67.413s][info][gc,task     ] GC(94) Using 1 workers of 1 for marking
[67.543s][info][gc,marking  ] GC(94) Concurrent Mark From Roots 129.667ms
[67.543s][info][gc,marking  ] GC(94) Concurrent Preclean
[67.543s][info][gc,marking  ] GC(94) Concurrent Preclean 0.049ms
[67.543s][info][gc,start    ] GC(94) Pause Remark
[67.555s][info][gc          ] GC(94) Pause Remark 164M->164M(337M) 12.409ms
[67.555s][info][gc,cpu      ] GC(94) User=0.02s Sys=0.00s Real=0.01s
[67.555s][info][gc,marking  ] GC(94) Concurrent Mark 142.449ms
[67.555s][info][gc,marking  ] GC(94) Concurrent Rebuild Remembered Sets and Scrub Regions
[67.641s][info][gc,marking  ] GC(94) Concurrent Rebuild Remembered Sets and Scrub Regions 85.932ms
[67.641s][info][gc,start    ] GC(94) Pause Cleanup
[67.641s][info][gc          ] GC(94) Pause Cleanup 186M->186M(337M) 0.064ms
[67.641s][info][gc,cpu      ] GC(94) User=0.00s Sys=0.00s Real=0.00s
[67.641s][info][gc,marking  ] GC(94) Concurrent Clear Claimed Marks
[67.641s][info][gc,marking  ] GC(94) Concurrent Clear Claimed Marks 0.038ms
[67.641s][info][gc,marking  ] GC(94) Concurrent Cleanup for Next Mark
[67.643s][info][gc,marking  ] GC(94) Concurrent Cleanup for Next Mark 1.750ms
[67.643s][info][gc          ] GC(94) Concurrent Mark Cycle 261.961ms
[67.850s][info][gc,start    ] GC(95) Pause Young (Prepare Mixed) (G1 Evacuation Pause)
[67.850s][info][gc,task     ] GC(95) Using 2 workers of 2 for evacuation
[67.898s][info][gc,phases   ] GC(95)   Pre Evacuate Collection Set: 0.40ms
[67.898s][info][gc,phases   ] GC(95)   Merge Heap Roots: 0.50ms
[67.898s][info][gc,phases   ] GC(95)   Evacuate Collection Set: 46.38ms
[67.898s][info][gc,phases   ] GC(95)   Post Evacuate Collection Set: 0.50ms
[67.898s][info][gc,phases   ] GC(95)   Other: 0.07ms
[67.898s][info][gc,heap     ] GC(95) Eden regions: 97->0(75)
[67.898s][info][gc,heap     ] GC(95) Survivor regions: 17->15(15)
[67.898s][info][gc,heap     ] GC(95) Old regions: 123->162
[67.898s][info][gc,heap     ] GC(95) Humongous regions: 5->5
[67.898s][info][gc,metaspace] GC(95) Metaspace: 35471K(35968K)->35471K(35968K) NonClass: 31798K(32064K)->31798K(32064K) Class: 3673K(3904K)->3673K(3904K)
[67.898s][info][gc          ] GC(95) Pause Young (Prepare Mixed) (G1 Evacuation Pause) 241M->182M(337M) 48.076ms
[67.898s][info][gc,cpu      ] GC(95) User=0.08s Sys=0.00s Real=0.05s
[68.217s][info][gc,start    ] GC(96) Pause Young (Mixed) (G1 Evacuation Pause)
[68.217s][info][gc,task     ] GC(96) Using 2 workers of 2 for evacuation
[68.283s][info][gc,phases   ] GC(96)   Pre Evacuate Collection Set: 0.25ms
[68.283s][info][gc,phases   ] GC(96)   Merge Heap Roots: 0.99ms
[68.283s][info][gc,phases   ] GC(96)   Evacuate Collection Set: 63.40ms
[68.283s][info][gc,phases   ] GC(96)   Post Evacuate Collection Set: 0.82ms
[68.283s][info][gc,phases   ] GC(96)   Other: 0.09ms
[68.283s][info][gc,heap     ] GC(96) Eden regions: 75->0(89)
[68.283s][info][gc,heap     ] GC(96) Survivor regions: 15->12(12)
[68.283s][info][gc,heap     ] GC(96) Old regions: 162->172
[68.283s][info][gc,heap     ] GC(96) Humongous regions: 7->5
[68.283s][info][gc,metaspace] GC(96) Metaspace: 35555K(36032K)->35555K(36032K) NonClass: 31877K(32128K)->31877K(32128K) Class: 3677K(3904K)->3677K(3904K)
[68.283s][info][gc          ] GC(96) Pause Young (Mixed) (G1 Evacuation Pause) 259M->189M(368M) 65.761ms
[68.283s][info][gc,cpu      ] GC(96) User=0.13s Sys=0.00s Real=0.07s
[68.642s][info][gc,start    ] GC(97) Pause Young (Concurrent Start) (G1 Evacuation Pause)
[68.642s][info][gc,task     ] GC(97) Using 2 workers of 2 for evacuation
[68.657s][info][gc,phases   ] GC(97)   Pre Evacuate Collection Set: 0.21ms
[68.657s][info][gc,phases   ] GC(97)   Merge Heap Roots: 0.15ms
[68.657s][info][gc,phases   ] GC(97)   Evacuate Collection Set: 13.30ms
[68.657s][info][gc,phases   ] GC(97)   Post Evacuate Collection Set: 0.40ms
[68.657s][info][gc,phases   ] GC(97)   Other: 0.09ms
[68.657s][info][gc,heap     ] GC(97) Eden regions: 89->0(98)
[68.657s][info][gc,heap     ] GC(97) Survivor regions: 12->2(13)
[68.657s][info][gc,heap     ] GC(97) Old regions: 172->185
[68.657s][info][gc,heap     ] GC(97) Humongous regions: 5->5
[68.657s][info][gc,metaspace] GC(97) Metaspace: 35568K(36032K)->35568K(36032K) NonClass: 31890K(32128K)->31890K(32128K) Class: 3677K(3904K)->3677K(3904K)
[68.657s][info][gc          ] GC(97) Pause Young (Concurrent Start) (G1 Evacuation Pause) 278M->191M(368M) 14.372ms
[68.657s][info][gc,cpu      ] GC(97) User=0.03s Sys=0.00s Real=0.01s
[68.657s][info][gc          ] GC(98) Concurrent Mark Cycle
[68.657s][info][gc,marking  ] GC(98) Concurrent Scan Root Regions
[68.673s][info][gc,marking  ] GC(98) Concurrent Scan Root Regions 16.347ms
[68.673s][info][gc,marking  ] GC(98) Concurrent Mark
[68.673s][info][gc,marking  ] GC(98) Concurrent Mark From Roots
[68.673s][info][gc,task     ] GC(98) Using 1 workers of 1 for marking
[68.852s][info][gc,marking  ] GC(98) Concurrent Mark From Roots 179.164ms
[68.853s][info][gc,marking  ] GC(98) Concurrent Preclean
[68.853s][info][gc,marking  ] GC(98) Concurrent Preclean 0.046ms
[68.853s][info][gc,start    ] GC(98) Pause Remark
[68.866s][info][gc          ] GC(98) Pause Remark 235M->182M(368M) 13.241ms
[68.866s][info][gc,cpu      ] GC(98) User=0.03s Sys=0.00s Real=0.01s
[68.866s][info][gc,marking  ] GC(98) Concurrent Mark 192.795ms
[68.866s][info][gc,marking  ] GC(98) Concurrent Rebuild Remembered Sets and Scrub Regions
[68.963s][info][gc,marking  ] GC(98) Concurrent Rebuild Remembered Sets and Scrub Regions 96.845ms
[68.965s][info][gc,start    ] GC(98) Pause Cleanup
[68.965s][info][gc          ] GC(98) Pause Cleanup 209M->209M(368M) 0.102ms
[68.965s][info][gc,cpu      ] GC(98) User=0.00s Sys=0.00s Real=0.00s
[68.966s][info][gc,marking  ] GC(98) Concurrent Clear Claimed Marks
[68.966s][info][gc,marking  ] GC(98) Concurrent Clear Claimed Marks 0.060ms
[68.966s][info][gc,marking  ] GC(98) Concurrent Cleanup for Next Mark
[68.967s][info][gc,marking  ] GC(98) Concurrent Cleanup for Next Mark 1.509ms
[68.967s][info][gc          ] GC(98) Concurrent Mark Cycle 310.289ms
[69.061s][info][gc,start    ] GC(99) Pause Young (Prepare Mixed) (G1 Evacuation Pause)
[69.061s][info][gc,task     ] GC(99) Using 2 workers of 2 for evacuation
[69.064s][info][gc,phases   ] GC(99)   Pre Evacuate Collection Set: 0.22ms
[69.065s][info][gc,phases   ] GC(99)   Merge Heap Roots: 0.07ms
[69.065s][info][gc,phases   ] GC(99)   Evacuate Collection Set: 3.07ms
[69.065s][info][gc,phases   ] GC(99)   Post Evacuate Collection Set: 0.37ms
[69.065s][info][gc,phases   ] GC(99)   Other: 0.07ms
[69.065s][info][gc,heap     ] GC(99) Eden regions: 98->0(138)
[69.065s][info][gc,heap     ] GC(99) Survivor regions: 2->2(13)
[69.065s][info][gc,heap     ] GC(99) Old regions: 135->135
[69.065s][info][gc,heap     ] GC(99) Humongous regions: 2->2
[69.065s][info][gc,metaspace] GC(99) Metaspace: 35568K(36032K)->35568K(36032K) NonClass: 31890K(32128K)->31890K(32128K) Class: 3677K(3904K)->3677K(3904K)
[69.065s][info][gc          ] GC(99) Pause Young (Prepare Mixed) (G1 Evacuation Pause) 236M->138M(368M) 4.001ms
[69.065s][info][gc,cpu      ] GC(99) User=0.01s Sys=0.00s Real=0.01s
[69.572s][info][gc,start    ] GC(100) Pause Young (Mixed) (G1 Evacuation Pause)
[69.572s][info][gc,task     ] GC(100) Using 2 workers of 2 for evacuation
[69.576s][info][gc,phases   ] GC(100)   Pre Evacuate Collection Set: 0.20ms
[69.577s][info][gc,phases   ] GC(100)   Merge Heap Roots: 0.11ms
[69.577s][info][gc,phases   ] GC(100)   Evacuate Collection Set: 3.20ms
[69.577s][info][gc,phases   ] GC(100)   Post Evacuate Collection Set: 0.42ms
[69.577s][info][gc,phases   ] GC(100)   Other: 0.08ms
[69.577s][info][gc,heap     ] GC(100) Eden regions: 138->0(169)
[69.577s][info][gc,heap     ] GC(100) Survivor regions: 2->2(18)
[69.577s][info][gc,heap     ] GC(100) Old regions: 135->98
[69.577s][info][gc,heap     ] GC(100) Humongous regions: 3->2
[69.577s][info][gc,metaspace] GC(100) Metaspace: 35568K(36032K)->35568K(36032K) NonClass: 31890K(32128K)->31890K(32128K) Class: 3677K(3904K)->3677K(3904K)
[69.577s][info][gc          ] GC(100) Pause Young (Mixed) (G1 Evacuation Pause) 277M->101M(368M) 4.204ms
[69.577s][info][gc,cpu      ] GC(100) User=0.01s Sys=0.00s Real=0.00s
[70.209s][info][gc,start    ] GC(101) Pause Young (Mixed) (G1 Evacuation Pause)
[70.209s][info][gc,task     ] GC(101) Using 2 workers of 2 for evacuation
[70.220s][info][gc,phases   ] GC(101)   Pre Evacuate Collection Set: 0.23ms
[70.220s][info][gc,phases   ] GC(101)   Merge Heap Roots: 0.15ms
[70.220s][info][gc,phases   ] GC(101)   Evacuate Collection Set: 9.46ms
[70.220s][info][gc,phases   ] GC(101)   Post Evacuate Collection Set: 0.47ms
[70.220s][info][gc,phases   ] GC(101)   Other: 0.09ms
[70.220s][info][gc,heap     ] GC(101) Eden regions: 169->0(186)
[70.220s][info][gc,heap     ] GC(101) Survivor regions: 2->6(22)
[70.220s][info][gc,heap     ] GC(101) Old regions: 98->83
[70.220s][info][gc,heap     ] GC(101) Humongous regions: 3->1
[70.220s][info][gc,metaspace] GC(101) Metaspace: 35955K(36416K)->35955K(36416K) NonClass: 32178K(32448K)->32178K(32448K) Class: 3777K(3968K)->3777K(3968K)
[70.220s][info][gc          ] GC(101) Pause Young (Mixed) (G1 Evacuation Pause) 271M->89M(368M) 10.638ms
[70.220s][info][gc,cpu      ] GC(101) User=0.02s Sys=0.00s Real=0.01s
[70.629s][info][gc,start    ] GC(102) Pause Young (Concurrent Start) (G1 Evacuation Pause)
[70.629s][info][gc,task     ] GC(102) Using 2 workers of 2 for evacuation
[70.635s][info][gc,phases   ] GC(102)   Pre Evacuate Collection Set: 0.22ms
[70.635s][info][gc,phases   ] GC(102)   Merge Heap Roots: 0.06ms
[70.635s][info][gc,phases   ] GC(102)   Evacuate Collection Set: 5.12ms
[70.635s][info][gc,phases   ] GC(102)   Post Evacuate Collection Set: 0.57ms
[70.635s][info][gc,phases   ] GC(102)   Other: 0.11ms
[70.635s][info][gc,heap     ] GC(102) Eden regions: 186->0(197)
[70.635s][info][gc,heap     ] GC(102) Survivor regions: 6->5(24)
[70.635s][info][gc,heap     ] GC(102) Old regions: 83->83
[70.635s][info][gc,heap     ] GC(102) Humongous regions: 1->1
[70.635s][info][gc,metaspace] GC(102) Metaspace: 35979K(36416K)->35979K(36416K) NonClass: 32202K(32448K)->32202K(32448K) Class: 3777K(3968K)->3777K(3968K)
[70.635s][info][gc          ] GC(102) Pause Young (Concurrent Start) (G1 Evacuation Pause) 275M->88M(368M) 6.289ms
[70.635s][info][gc          ] GC(103) Concurrent Mark Cycle
[70.635s][info][gc,marking  ] GC(103) Concurrent Scan Root Regions
[70.635s][info][gc,cpu      ] GC(102) User=0.02s Sys=0.00s Real=0.01s
[70.644s][info][gc,marking  ] GC(103) Concurrent Scan Root Regions 8.982ms
[70.644s][info][gc,marking  ] GC(103) Concurrent Mark
[70.644s][info][gc,marking  ] GC(103) Concurrent Mark From Roots
[70.644s][info][gc,task     ] GC(103) Using 1 workers of 1 for marking
[70.789s][info][gc,marking  ] GC(103) Concurrent Mark From Roots 144.705ms
[70.789s][info][gc,marking  ] GC(103) Concurrent Preclean
[70.789s][info][gc,marking  ] GC(103) Concurrent Preclean 0.056ms
[70.789s][info][gc,start    ] GC(103) Pause Remark
[70.807s][info][gc          ] GC(103) Pause Remark 124M->105M(256M) 17.742ms
[70.807s][info][gc,cpu      ] GC(103) User=0.03s Sys=0.00s Real=0.02s
[70.807s][info][gc,marking  ] GC(103) Concurrent Mark 162.730ms
[70.807s][info][gc,marking  ] GC(103) Concurrent Rebuild Remembered Sets and Scrub Regions
[70.841s][info][gc,marking  ] GC(103) Concurrent Rebuild Remembered Sets and Scrub Regions 33.701ms
[70.841s][info][gc,start    ] GC(103) Pause Cleanup
[70.841s][info][gc          ] GC(103) Pause Cleanup 116M->116M(256M) 0.055ms
[70.841s][info][gc,cpu      ] GC(103) User=0.00s Sys=0.00s Real=0.00s
[70.841s][info][gc,marking  ] GC(103) Concurrent Clear Claimed Marks
[70.841s][info][gc,marking  ] GC(103) Concurrent Clear Claimed Marks 0.039ms
[70.841s][info][gc,marking  ] GC(103) Concurrent Cleanup for Next Mark
[70.842s][info][gc,marking  ] GC(103) Concurrent Cleanup for Next Mark 0.781ms
[70.842s][info][gc          ] GC(103) Concurrent Mark Cycle 206.627ms
[71.055s][info][gc,start    ] GC(104) Pause Young (Prepare Mixed) (G1 Evacuation Pause)
[71.055s][info][gc,task     ] GC(104) Using 2 workers of 2 for evacuation
[71.060s][info][gc,phases   ] GC(104)   Pre Evacuate Collection Set: 0.16ms
[71.060s][info][gc,phases   ] GC(104)   Merge Heap Roots: 0.07ms
[71.060s][info][gc,phases   ] GC(104)   Evacuate Collection Set: 3.54ms
[71.060s][info][gc,phases   ] GC(104)   Post Evacuate Collection Set: 0.41ms
[71.060s][info][gc,phases   ] GC(104)   Other: 0.07ms
[71.060s][info][gc,heap     ] GC(104) Eden regions: 148->0(144)
[71.060s][info][gc,heap     ] GC(104) Survivor regions: 5->5(20)
[71.060s][info][gc,heap     ] GC(104) Old regions: 64->64
[71.060s][info][gc,heap     ] GC(104) Humongous regions: 1->1
[71.060s][info][gc,metaspace] GC(104) Metaspace: 35999K(36416K)->35999K(36416K) NonClass: 32222K(32448K)->32222K(32448K) Class: 3777K(3968K)->3777K(3968K)
[71.060s][info][gc          ] GC(104) Pause Young (Prepare Mixed) (G1 Evacuation Pause) 217M->69M(256M) 4.441ms
[71.060s][info][gc,cpu      ] GC(104) User=0.01s Sys=0.00s Real=0.00s
[71.977s][info][gc,start    ] GC(105) Pause Young (Mixed) (G1 Evacuation Pause)
[71.977s][info][gc,task     ] GC(105) Using 2 workers of 2 for evacuation
[71.993s][info][gc,phases   ] GC(105)   Pre Evacuate Collection Set: 0.20ms
[71.993s][info][gc,phases   ] GC(105)   Merge Heap Roots: 0.10ms
[71.993s][info][gc,phases   ] GC(105)   Evacuate Collection Set: 14.48ms
[71.993s][info][gc,phases   ] GC(105)   Post Evacuate Collection Set: 0.96ms
[71.993s][info][gc,phases   ] GC(105)   Other: 0.08ms
[71.993s][info][gc,heap     ] GC(105) Eden regions: 98->0(208)
[71.993s][info][gc,heap     ] GC(105) Survivor regions: 5->8(19)
[71.993s][info][gc,heap     ] GC(105) Old regions: 64->59
[71.993s][info][gc,heap     ] GC(105) Humongous regions: 185->3
[71.993s][info][gc,metaspace] GC(105) Metaspace: 36584K(36992K)->36584K(36992K) NonClass: 32743K(32960K)->32743K(32960K) Class: 3841K(4032K)->3841K(4032K)
[71.993s][info][gc          ] GC(105) Pause Young (Mixed) (G1 Evacuation Pause) 351M->68M(361M) 16.087ms
[71.993s][info][gc,cpu      ] GC(105) User=0.02s Sys=0.01s Real=0.02s
[71.998s][info][gc,start    ] GC(106) Pause Young (Concurrent Start) (G1 Humongous Allocation)
[71.998s][info][gc,task     ] GC(106) Using 2 workers of 2 for evacuation
[72.007s][info][gc,phases   ] GC(106)   Pre Evacuate Collection Set: 0.19ms
[72.007s][info][gc,phases   ] GC(106)   Merge Heap Roots: 0.04ms
[72.007s][info][gc,phases   ] GC(106)   Evacuate Collection Set: 8.02ms
[72.007s][info][gc,phases   ] GC(106)   Post Evacuate Collection Set: 0.48ms
[72.007s][info][gc,phases   ] GC(106)   Other: 0.10ms
[72.007s][info][gc,heap     ] GC(106) Eden regions: 1->0(208)
[72.007s][info][gc,heap     ] GC(106) Survivor regions: 8->8(27)
[72.007s][info][gc,heap     ] GC(106) Old regions: 59->59
[72.007s][info][gc,heap     ] GC(106) Humongous regions: 3->1
[72.007s][info][gc,metaspace] GC(106) Metaspace: 36584K(36992K)->36584K(36992K) NonClass: 32743K(32960K)->32743K(32960K) Class: 3841K(4032K)->3841K(4032K)
[72.007s][info][gc          ] GC(106) Pause Young (Concurrent Start) (G1 Humongous Allocation) 69M->66M(361M) 9.030ms
[72.007s][info][gc,cpu      ] GC(106) User=0.02s Sys=0.00s Real=0.01s
[72.007s][info][gc          ] GC(107) Concurrent Mark Cycle
[72.007s][info][gc,marking  ] GC(107) Concurrent Scan Root Regions
[72.016s][info][gc,marking  ] GC(107) Concurrent Scan Root Regions 8.691ms
[72.016s][info][gc,marking  ] GC(107) Concurrent Mark
[72.016s][info][gc,marking  ] GC(107) Concurrent Mark From Roots
[72.016s][info][gc,task     ] GC(107) Using 1 workers of 1 for marking
[72.173s][info][gc,marking  ] GC(107) Concurrent Mark From Roots 156.929ms
[72.173s][info][gc,marking  ] GC(107) Concurrent Preclean
[72.173s][info][gc,marking  ] GC(107) Concurrent Preclean 0.054ms
[72.173s][info][gc,start    ] GC(107) Pause Remark
[72.187s][info][gc          ] GC(107) Pause Remark 115M->115M(361M) 13.814ms
[72.187s][info][gc,cpu      ] GC(107) User=0.03s Sys=0.00s Real=0.01s
[72.187s][info][gc,marking  ] GC(107) Concurrent Mark 171.115ms
[72.187s][info][gc,marking  ] GC(107) Concurrent Rebuild Remembered Sets and Scrub Regions
[72.219s][info][gc,marking  ] GC(107) Concurrent Rebuild Remembered Sets and Scrub Regions 32.157ms
[72.219s][info][gc,start    ] GC(107) Pause Cleanup
[72.219s][info][gc          ] GC(107) Pause Cleanup 126M->126M(361M) 0.056ms
[72.219s][info][gc,cpu      ] GC(107) User=0.00s Sys=0.00s Real=0.00s
[72.219s][info][gc,marking  ] GC(107) Concurrent Clear Claimed Marks
[72.219s][info][gc,marking  ] GC(107) Concurrent Clear Claimed Marks 0.058ms
[72.219s][info][gc,marking  ] GC(107) Concurrent Cleanup for Next Mark
[72.221s][info][gc,marking  ] GC(107) Concurrent Cleanup for Next Mark 2.196ms
[72.221s][info][gc          ] GC(107) Concurrent Mark Cycle 214.543ms
[72.887s][info][gc,start    ] GC(108) Pause Young (Prepare Mixed) (G1 Evacuation Pause)
[72.888s][info][gc,task     ] GC(108) Using 2 workers of 2 for evacuation
[72.904s][info][gc,phases   ] GC(108)   Pre Evacuate Collection Set: 0.23ms
[72.904s][info][gc,phases   ] GC(108)   Merge Heap Roots: 0.07ms
[72.904s][info][gc,phases   ] GC(108)   Evacuate Collection Set: 15.19ms
[72.904s][info][gc,phases   ] GC(108)   Post Evacuate Collection Set: 1.15ms
[72.904s][info][gc,phases   ] GC(108)   Other: 0.13ms
[72.904s][info][gc,heap     ] GC(108) Eden regions: 55->0(269)
[72.904s][info][gc,heap     ] GC(108) Survivor regions: 8->11(30)
[72.904s][info][gc,heap     ] GC(108) Old regions: 59->59
[72.904s][info][gc,heap     ] GC(108) Humongous regions: 335->3
[72.904s][info][gc,metaspace] GC(108) Metaspace: 38171K(38656K)->38171K(38656K) NonClass: 34173K(34432K)->34173K(34432K) Class: 3998K(4224K)->3998K(4224K)
[72.904s][info][gc          ] GC(108) Pause Young (Prepare Mixed) (G1 Evacuation Pause) 455M->71M(468M) 17.007ms
[72.904s][info][gc,cpu      ] GC(108) User=0.03s Sys=0.01s Real=0.02s
[73.824s][info][gc,start    ] GC(109) Pause Young (Mixed) (G1 Evacuation Pause)
[73.824s][info][gc,task     ] GC(109) Using 2 workers of 2 for evacuation
[73.857s][info][gc,phases   ] GC(109)   Pre Evacuate Collection Set: 0.29ms
[73.857s][info][gc,phases   ] GC(109)   Merge Heap Roots: 0.08ms
[73.857s][info][gc,phases   ] GC(109)   Evacuate Collection Set: 31.57ms
[73.857s][info][gc,phases   ] GC(109)   Post Evacuate Collection Set: 0.87ms
[73.857s][info][gc,phases   ] GC(109)   Other: 0.07ms
[73.857s][info][gc,heap     ] GC(109) Eden regions: 73->0(316)
[73.857s][info][gc,heap     ] GC(109) Survivor regions: 11->21(38)
[73.857s][info][gc,heap     ] GC(109) Old regions: 59->54
[73.857s][info][gc,heap     ] GC(109) Humongous regions: 399->1
[73.857s][info][gc,metaspace] GC(109) Metaspace: 38350K(38784K)->38350K(38784K) NonClass: 34351K(34560K)->34351K(34560K) Class: 3998K(4224K)->3998K(4224K)
[73.857s][info][gc          ] GC(109) Pause Young (Mixed) (G1 Evacuation Pause) 540M->75M(563M) 33.094ms
[73.857s][info][gc,cpu      ] GC(109) User=0.04s Sys=0.02s Real=0.03s
[73.864s][info][gc,start    ] GC(110) Pause Young (Concurrent Start) (G1 Humongous Allocation)
[73.864s][info][gc,task     ] GC(110) Using 2 workers of 2 for evacuation
[73.886s][info][gc,phases   ] GC(110)   Pre Evacuate Collection Set: 0.29ms
[73.886s][info][gc,phases   ] GC(110)   Merge Heap Roots: 0.05ms
[73.886s][info][gc,phases   ] GC(110)   Evacuate Collection Set: 21.34ms
[73.886s][info][gc,phases   ] GC(110)   Post Evacuate Collection Set: 0.44ms
[73.886s][info][gc,phases   ] GC(110)   Other: 0.15ms
[73.886s][info][gc,heap     ] GC(110) Eden regions: 1->0(316)
[73.886s][info][gc,heap     ] GC(110) Survivor regions: 21->21(43)
[73.886s][info][gc,heap     ] GC(110) Old regions: 54->54
[73.886s][info][gc,heap     ] GC(110) Humongous regions: 1->1
[73.886s][info][gc,metaspace] GC(110) Metaspace: 38351K(38784K)->38351K(38784K) NonClass: 34353K(34560K)->34353K(34560K) Class: 3998K(4224K)->3998K(4224K)
[73.886s][info][gc          ] GC(110) Pause Young (Concurrent Start) (G1 Humongous Allocation) 76M->75M(563M) 22.473ms
[73.887s][info][gc          ] GC(111) Concurrent Mark Cycle
[73.887s][info][gc,marking  ] GC(111) Concurrent Scan Root Regions
[73.887s][info][gc,cpu      ] GC(110) User=0.05s Sys=0.00s Real=0.02s
[73.917s][info][gc,marking  ] GC(111) Concurrent Scan Root Regions 30.090ms
[73.917s][info][gc,marking  ] GC(111) Concurrent Mark
[73.917s][info][gc,marking  ] GC(111) Concurrent Mark From Roots
[73.917s][info][gc,task     ] GC(111) Using 1 workers of 1 for marking
[74.037s][info][gc,marking  ] GC(111) Concurrent Mark From Roots 119.826ms
[74.037s][info][gc,marking  ] GC(111) Concurrent Preclean
[74.037s][info][gc,marking  ] GC(111) Concurrent Preclean 0.055ms
[74.037s][info][gc,start    ] GC(111) Pause Remark
[74.051s][info][gc          ] GC(111) Pause Remark 136M->136M(427M) 14.302ms
[74.051s][info][gc,cpu      ] GC(111) User=0.02s Sys=0.00s Real=0.01s
[74.051s][info][gc,marking  ] GC(111) Concurrent Mark 134.533ms
[74.051s][info][gc,marking  ] GC(111) Concurrent Rebuild Remembered Sets and Scrub Regions
[74.090s][info][gc,marking  ] GC(111) Concurrent Rebuild Remembered Sets and Scrub Regions 38.744ms
[74.090s][info][gc,start    ] GC(111) Pause Cleanup
[74.090s][info][gc          ] GC(111) Pause Cleanup 146M->146M(427M) 0.073ms
[74.090s][info][gc,cpu      ] GC(111) User=0.00s Sys=0.00s Real=0.00s
[74.090s][info][gc,marking  ] GC(111) Concurrent Clear Claimed Marks
[74.090s][info][gc,marking  ] GC(111) Concurrent Clear Claimed Marks 0.039ms
[74.090s][info][gc,marking  ] GC(111) Concurrent Cleanup for Next Mark
[74.093s][info][gc,marking  ] GC(111) Concurrent Cleanup for Next Mark 2.192ms
[74.093s][info][gc          ] GC(111) Concurrent Mark Cycle 206.069ms
[74.797s][info][gc,start    ] GC(112) Pause Young (Prepare Mixed) (G1 Evacuation Pause)
[74.797s][info][gc,task     ] GC(112) Using 2 workers of 2 for evacuation
[74.844s][info][gc,phases   ] GC(112)   Pre Evacuate Collection Set: 0.27ms
[74.844s][info][gc,phases   ] GC(112)   Merge Heap Roots: 0.08ms
[74.844s][info][gc,phases   ] GC(112)   Evacuate Collection Set: 45.55ms
[74.844s][info][gc,phases   ] GC(112)   Post Evacuate Collection Set: 0.97ms
[74.844s][info][gc,phases   ] GC(112)   Other: 0.08ms
[74.844s][info][gc,heap     ] GC(112) Eden regions: 69->0(302)
[74.844s][info][gc,heap     ] GC(112) Survivor regions: 21->23(35)
[74.844s][info][gc,heap     ] GC(112) Old regions: 54->60
[74.844s][info][gc,heap     ] GC(112) Humongous regions: 369->3
[74.844s][info][gc,metaspace] GC(112) Metaspace: 38403K(38848K)->38403K(38848K) NonClass: 34405K(34624K)->34405K(34624K) Class: 3998K(4224K)->3998K(4224K)
[74.844s][info][gc          ] GC(112) Pause Young (Prepare Mixed) (G1 Evacuation Pause) 512M->85M(542M) 47.180ms
[74.844s][info][gc,cpu      ] GC(112) User=0.08s Sys=0.02s Real=0.05s
[77.114s][info][gc,start    ] GC(113) Pause Young (Mixed) (G1 Evacuation Pause)
[77.114s][info][gc,task     ] GC(113) Using 2 workers of 2 for evacuation
[77.168s][info][gc,phases   ] GC(113)   Pre Evacuate Collection Set: 0.35ms
[77.168s][info][gc,phases   ] GC(113)   Merge Heap Roots: 0.28ms
[77.168s][info][gc,phases   ] GC(113)   Evacuate Collection Set: 52.55ms
[77.168s][info][gc,phases   ] GC(113)   Post Evacuate Collection Set: 0.90ms
[77.168s][info][gc,phases   ] GC(113)   Other: 0.11ms
[77.168s][info][gc,heap     ] GC(113) Eden regions: 302->0(290)
[77.168s][info][gc,heap     ] GC(113) Survivor regions: 23->35(41)
[77.168s][info][gc,heap     ] GC(113) Old regions: 60->60
[77.168s][info][gc,heap     ] GC(113) Humongous regions: 105->1
[77.168s][info][gc,metaspace] GC(113) Metaspace: 39420K(39936K)->39420K(39936K) NonClass: 35299K(35584K)->35299K(35584K) Class: 4121K(4352K)->4121K(4352K)
[77.168s][info][gc          ] GC(113) Pause Young (Mixed) (G1 Evacuation Pause) 489M->95M(542M) 54.443ms
[77.169s][info][gc,cpu      ] GC(113) User=0.11s Sys=0.00s Real=0.05s
[78.081s][info][gc,start    ] GC(114) Pause Young (Concurrent Start) (G1 Evacuation Pause)
[78.081s][info][gc,task     ] GC(114) Using 2 workers of 2 for evacuation
[78.115s][info][gc,phases   ] GC(114)   Pre Evacuate Collection Set: 0.27ms
[78.115s][info][gc,phases   ] GC(114)   Merge Heap Roots: 0.13ms
[78.115s][info][gc,phases   ] GC(114)   Evacuate Collection Set: 32.83ms
[78.115s][info][gc,phases   ] GC(114)   Post Evacuate Collection Set: 0.80ms
[78.115s][info][gc,phases   ] GC(114)   Other: 0.13ms
[78.115s][info][gc,heap     ] GC(114) Eden regions: 290->0(309)
[78.115s][info][gc,heap     ] GC(114) Survivor regions: 35->16(41)
[78.115s][info][gc,heap     ] GC(114) Old regions: 60->79
[78.115s][info][gc,heap     ] GC(114) Humongous regions: 1->1
[78.115s][info][gc,metaspace] GC(114) Metaspace: 39438K(39936K)->39438K(39936K) NonClass: 35317K(35584K)->35317K(35584K) Class: 4121K(4352K)->4121K(4352K)
[78.115s][info][gc          ] GC(114) Pause Young (Concurrent Start) (G1 Evacuation Pause) 385M->94M(542M) 34.375ms
[78.116s][info][gc,cpu      ] GC(114) User=0.07s Sys=0.00s Real=0.04s
[78.119s][info][gc          ] GC(115) Concurrent Mark Cycle
[78.119s][info][gc,marking  ] GC(115) Concurrent Scan Root Regions
[78.172s][info][gc,marking  ] GC(115) Concurrent Scan Root Regions 52.453ms
[78.172s][info][gc,marking  ] GC(115) Concurrent Mark
[78.172s][info][gc,marking  ] GC(115) Concurrent Mark From Roots
[78.172s][info][gc,task     ] GC(115) Using 1 workers of 1 for marking
[78.329s][info][gc,marking  ] GC(115) Concurrent Mark From Roots 157.561ms
[78.329s][info][gc,marking  ] GC(115) Concurrent Preclean
[78.329s][info][gc,marking  ] GC(115) Concurrent Preclean 0.047ms
[78.332s][info][gc,start    ] GC(115) Pause Remark
[78.358s][info][gc          ] GC(115) Pause Remark 127M->127M(320M) 25.612ms
[78.358s][info][gc,cpu      ] GC(115) User=0.03s Sys=0.00s Real=0.02s
[78.360s][info][gc,marking  ] GC(115) Concurrent Mark 188.528ms
[78.360s][info][gc,marking  ] GC(115) Concurrent Rebuild Remembered Sets and Scrub Regions
[78.424s][info][gc,marking  ] GC(115) Concurrent Rebuild Remembered Sets and Scrub Regions 63.705ms
[78.424s][info][gc,start    ] GC(115) Pause Cleanup
[78.424s][info][gc          ] GC(115) Pause Cleanup 142M->142M(320M) 0.058ms
[78.424s][info][gc,cpu      ] GC(115) User=0.00s Sys=0.00s Real=0.00s
[78.424s][info][gc,marking  ] GC(115) Concurrent Clear Claimed Marks
[78.424s][info][gc,marking  ] GC(115) Concurrent Clear Claimed Marks 0.040ms
[78.424s][info][gc,marking  ] GC(115) Concurrent Cleanup for Next Mark
[78.425s][info][gc,marking  ] GC(115) Concurrent Cleanup for Next Mark 1.042ms
[78.425s][info][gc          ] GC(115) Concurrent Mark Cycle 306.208ms
[78.877s][info][gc,start    ] GC(116) Pause Young (Prepare Mixed) (G1 Evacuation Pause)
[78.877s][info][gc,task     ] GC(116) Using 2 workers of 2 for evacuation
[78.893s][info][gc,phases   ] GC(116)   Pre Evacuate Collection Set: 0.27ms
[78.893s][info][gc,phases   ] GC(116)   Merge Heap Roots: 0.13ms
[78.893s][info][gc,phases   ] GC(116)   Evacuate Collection Set: 14.07ms
[78.893s][info][gc,phases   ] GC(116)   Post Evacuate Collection Set: 0.52ms
[78.893s][info][gc,phases   ] GC(116)   Other: 0.10ms
[78.893s][info][gc,heap     ] GC(116) Eden regions: 176->0(179)
[78.893s][info][gc,heap     ] GC(116) Survivor regions: 16->4(24)
[78.893s][info][gc,heap     ] GC(116) Old regions: 79->92
[78.893s][info][gc,heap     ] GC(116) Humongous regions: 1->1
[78.893s][info][gc,metaspace] GC(116) Metaspace: 39453K(39936K)->39453K(39936K) NonClass: 35331K(35584K)->35331K(35584K) Class: 4122K(4352K)->4122K(4352K)
[78.893s][info][gc          ] GC(116) Pause Young (Prepare Mixed) (G1 Evacuation Pause) 270M->95M(320M) 15.333ms
[78.893s][info][gc,cpu      ] GC(116) User=0.03s Sys=0.00s Real=0.02s
[79.430s][info][gc,start    ] GC(117) Pause Young (Mixed) (G1 Evacuation Pause)
[79.430s][info][gc,task     ] GC(117) Using 2 workers of 2 for evacuation
[79.438s][info][gc,phases   ] GC(117)   Pre Evacuate Collection Set: 0.18ms
[79.438s][info][gc,phases   ] GC(117)   Merge Heap Roots: 0.17ms
[79.438s][info][gc,phases   ] GC(117)   Evacuate Collection Set: 7.22ms
[79.438s][info][gc,phases   ] GC(117)   Post Evacuate Collection Set: 0.46ms
[79.438s][info][gc,phases   ] GC(117)   Other: 0.07ms
[79.438s][info][gc,heap     ] GC(117) Eden regions: 179->0(191)
[79.438s][info][gc,heap     ] GC(117) Survivor regions: 4->1(23)
[79.438s][info][gc,heap     ] GC(117) Old regions: 92->88
[79.438s][info][gc,heap     ] GC(117) Humongous regions: 1->1
[79.438s][info][gc,metaspace] GC(117) Metaspace: 39626K(40064K)->39626K(40064K) NonClass: 35419K(35648K)->35419K(35648K) Class: 4207K(4416K)->4207K(4416K)
[79.438s][info][gc          ] GC(117) Pause Young (Mixed) (G1 Evacuation Pause) 274M->88M(320M) 8.293ms
[79.438s][info][gc,cpu      ] GC(117) User=0.01s Sys=0.00s Real=0.01s
[81.336s][info][gc,start    ] GC(118) Pause Young (Concurrent Start) (G1 Evacuation Pause)
[81.336s][info][gc,task     ] GC(118) Using 2 workers of 2 for evacuation
[81.343s][info][gc,phases   ] GC(118)   Pre Evacuate Collection Set: 0.20ms
[81.343s][info][gc,phases   ] GC(118)   Merge Heap Roots: 0.08ms
[81.343s][info][gc,phases   ] GC(118)   Evacuate Collection Set: 5.80ms
[81.343s][info][gc,phases   ] GC(118)   Post Evacuate Collection Set: 0.63ms
[81.343s][info][gc,phases   ] GC(118)   Other: 0.16ms
[81.343s][info][gc,heap     ] GC(118) Eden regions: 191->0(184)
[81.343s][info][gc,heap     ] GC(118) Survivor regions: 1->8(24)
[81.343s][info][gc,heap     ] GC(118) Old regions: 88->88
[81.343s][info][gc,heap     ] GC(118) Humongous regions: 1->1
[81.343s][info][gc,metaspace] GC(118) Metaspace: 40329K(40768K)->40329K(40768K) NonClass: 36043K(36288K)->36043K(36288K) Class: 4286K(4480K)->4286K(4480K)
[81.343s][info][gc          ] GC(118) Pause Young (Concurrent Start) (G1 Evacuation Pause) 279M->95M(320M) 7.117ms
[81.344s][info][gc,cpu      ] GC(118) User=0.02s Sys=0.00s Real=0.01s
[81.345s][info][gc          ] GC(119) Concurrent Mark Cycle
[81.345s][info][gc,marking  ] GC(119) Concurrent Scan Root Regions
[81.351s][info][gc,marking  ] GC(119) Concurrent Scan Root Regions 5.301ms
[81.351s][info][gc,marking  ] GC(119) Concurrent Mark
[81.351s][info][gc,marking  ] GC(119) Concurrent Mark From Roots
[81.351s][info][gc,task     ] GC(119) Using 1 workers of 1 for marking
[81.534s][info][gc,marking  ] GC(119) Concurrent Mark From Roots 183.751ms
[81.535s][info][gc,marking  ] GC(119) Concurrent Preclean
[81.535s][info][gc,marking  ] GC(119) Concurrent Preclean 0.044ms
[81.535s][info][gc,start    ] GC(119) Pause Remark
[81.553s][info][gc          ] GC(119) Pause Remark 120M->110M(290M) 18.239ms
[81.553s][info][gc,cpu      ] GC(119) User=0.03s Sys=0.00s Real=0.02s
[81.555s][info][gc,marking  ] GC(119) Concurrent Mark 204.522ms
[81.555s][info][gc,marking  ] GC(119) Concurrent Rebuild Remembered Sets and Scrub Regions
[81.617s][info][gc,marking  ] GC(119) Concurrent Rebuild Remembered Sets and Scrub Regions 61.658ms
[81.617s][info][gc,start    ] GC(119) Pause Cleanup
[81.617s][info][gc          ] GC(119) Pause Cleanup 116M->116M(290M) 0.071ms
[81.617s][info][gc,cpu      ] GC(119) User=0.00s Sys=0.00s Real=0.00s
[81.617s][info][gc,marking  ] GC(119) Concurrent Clear Claimed Marks
[81.617s][info][gc,marking  ] GC(119) Concurrent Clear Claimed Marks 0.040ms
[81.617s][info][gc,marking  ] GC(119) Concurrent Cleanup for Next Mark
[81.618s][info][gc,marking  ] GC(119) Concurrent Cleanup for Next Mark 0.889ms
[81.618s][info][gc          ] GC(119) Concurrent Mark Cycle 273.028ms
[82.391s][info][gc,start    ] GC(120) Pause Young (Prepare Mixed) (G1 Evacuation Pause)
[82.391s][info][gc,task     ] GC(120) Using 2 workers of 2 for evacuation
[82.400s][info][gc,phases   ] GC(120)   Pre Evacuate Collection Set: 0.35ms
[82.400s][info][gc,phases   ] GC(120)   Merge Heap Roots: 0.15ms
[82.400s][info][gc,phases   ] GC(120)   Evacuate Collection Set: 8.23ms
[82.400s][info][gc,phases   ] GC(120)   Post Evacuate Collection Set: 0.60ms
[82.400s][info][gc,phases   ] GC(120)   Other: 0.11ms
[82.400s][info][gc,heap     ] GC(120) Eden regions: 166->0(163)
[82.400s][info][gc,heap     ] GC(120) Survivor regions: 8->11(22)
[82.400s][info][gc,heap     ] GC(120) Old regions: 78->78
[82.400s][info][gc,heap     ] GC(120) Humongous regions: 1->1
[82.400s][info][gc,metaspace] GC(120) Metaspace: 40360K(40832K)->40360K(40832K) NonClass: 36074K(36352K)->36074K(36352K) Class: 4286K(4480K)->4286K(4480K)
[82.400s][info][gc          ] GC(120) Pause Young (Prepare Mixed) (G1 Evacuation Pause) 251M->88M(290M) 9.690ms
[82.400s][info][gc,cpu      ] GC(120) User=0.02s Sys=0.00s Real=0.01s
[84.292s][info][gc,start    ] GC(121) Pause Young (Mixed) (G1 Evacuation Pause)
[84.293s][info][gc,task     ] GC(121) Using 2 workers of 2 for evacuation
[84.304s][info][gc,phases   ] GC(121)   Pre Evacuate Collection Set: 0.20ms
[84.304s][info][gc,phases   ] GC(121)   Merge Heap Roots: 1.45ms
[84.304s][info][gc,phases   ] GC(121)   Evacuate Collection Set: 9.46ms
[84.304s][info][gc,phases   ] GC(121)   Post Evacuate Collection Set: 0.62ms
[84.304s][info][gc,phases   ] GC(121)   Other: 0.10ms
[84.304s][info][gc,heap     ] GC(121) Eden regions: 163->0(170)
[84.304s][info][gc,heap     ] GC(121) Survivor regions: 11->4(22)
[84.304s][info][gc,heap     ] GC(121) Old regions: 78->59
[84.304s][info][gc,heap     ] GC(121) Humongous regions: 11->1
[84.304s][info][gc,metaspace] GC(121) Metaspace: 40797K(41280K)->40797K(41280K) NonClass: 36473K(36736K)->36473K(36736K) Class: 4324K(4544K)->4324K(4544K)
[84.305s][info][gc          ] GC(121) Pause Young (Mixed) (G1 Evacuation Pause) 261M->62M(290M) 12.032ms
[84.305s][info][gc,cpu      ] GC(121) User=0.02s Sys=0.00s Real=0.01s
[84.590s][info][gc,start    ] GC(122) Pause Young (Concurrent Start) (G1 Humongous Allocation)
[84.590s][info][gc,task     ] GC(122) Using 2 workers of 2 for evacuation
[84.609s][info][gc,phases   ] GC(122)   Pre Evacuate Collection Set: 0.23ms
[84.609s][info][gc,phases   ] GC(122)   Merge Heap Roots: 0.07ms
[84.609s][info][gc,phases   ] GC(122)   Evacuate Collection Set: 18.52ms
[84.609s][info][gc,phases   ] GC(122)   Post Evacuate Collection Set: 0.46ms
[84.609s][info][gc,phases   ] GC(122)   Other: 0.14ms
[84.610s][info][gc,heap     ] GC(122) Eden regions: 45->0(162)
[84.610s][info][gc,heap     ] GC(122) Survivor regions: 4->12(22)
[84.610s][info][gc,heap     ] GC(122) Old regions: 59->59
[84.610s][info][gc,heap     ] GC(122) Humongous regions: 1->1
[84.610s][info][gc,metaspace] GC(122) Metaspace: 40841K(41280K)->40841K(41280K) NonClass: 36517K(36736K)->36517K(36736K) Class: 4324K(4544K)->4324K(4544K)
[84.610s][info][gc          ] GC(122) Pause Young (Concurrent Start) (G1 Humongous Allocation) 106M->70M(290M) 19.628ms
[84.610s][info][gc,cpu      ] GC(122) User=0.03s Sys=0.00s Real=0.02s
[84.610s][info][gc          ] GC(123) Concurrent Mark Cycle
[84.610s][info][gc,marking  ] GC(123) Concurrent Scan Root Regions
[84.631s][info][gc,marking  ] GC(123) Concurrent Scan Root Regions 21.211ms
[84.631s][info][gc,marking  ] GC(123) Concurrent Mark
[84.631s][info][gc,marking  ] GC(123) Concurrent Mark From Roots
[84.631s][info][gc,task     ] GC(123) Using 1 workers of 1 for marking
[84.767s][info][gc,marking  ] GC(123) Concurrent Mark From Roots 136.221ms
[84.767s][info][gc,marking  ] GC(123) Concurrent Preclean
[84.768s][info][gc,marking  ] GC(123) Concurrent Preclean 0.277ms
[84.769s][info][gc,start    ] GC(123) Pause Remark
[84.796s][info][gc          ] GC(123) Pause Remark 109M->106M(256M) 27.019ms
[84.796s][info][gc,cpu      ] GC(123) User=0.05s Sys=0.00s Real=0.03s
[84.796s][info][gc,marking  ] GC(123) Concurrent Mark 165.502ms
[84.796s][info][gc,marking  ] GC(123) Concurrent Rebuild Remembered Sets and Scrub Regions
[84.859s][info][gc,marking  ] GC(123) Concurrent Rebuild Remembered Sets and Scrub Regions 62.777ms
[84.859s][info][gc,start    ] GC(123) Pause Cleanup
[84.859s][info][gc          ] GC(123) Pause Cleanup 119M->119M(256M) 0.065ms
[84.859s][info][gc,cpu      ] GC(123) User=0.00s Sys=0.00s Real=0.00s
[84.861s][info][gc,marking  ] GC(123) Concurrent Clear Claimed Marks
[84.861s][info][gc,marking  ] GC(123) Concurrent Clear Claimed Marks 0.052ms
[84.861s][info][gc,marking  ] GC(123) Concurrent Cleanup for Next Mark
[84.862s][info][gc,marking  ] GC(123) Concurrent Cleanup for Next Mark 0.784ms
[84.862s][info][gc          ] GC(123) Concurrent Mark Cycle 252.423ms
[85.289s][info][gc,start    ] GC(124) Pause Young (Prepare Mixed) (G1 Evacuation Pause)
[85.289s][info][gc,task     ] GC(124) Using 2 workers of 2 for evacuation
[85.318s][info][gc,phases   ] GC(124)   Pre Evacuate Collection Set: 0.19ms
[85.318s][info][gc,phases   ] GC(124)   Merge Heap Roots: 0.13ms
[85.318s][info][gc,phases   ] GC(124)   Evacuate Collection Set: 28.58ms
[85.318s][info][gc,phases   ] GC(124)   Post Evacuate Collection Set: 0.47ms
[85.318s][info][gc,phases   ] GC(124)   Other: 0.10ms
[85.318s][info][gc,heap     ] GC(124) Eden regions: 141->0(133)
[85.318s][info][gc,heap     ] GC(124) Survivor regions: 12->20(20)
[85.318s][info][gc,heap     ] GC(124) Old regions: 56->58
[85.318s][info][gc,heap     ] GC(124) Humongous regions: 4->4
[85.318s][info][gc,metaspace] GC(124) Metaspace: 40885K(41408K)->40885K(41408K) NonClass: 36555K(36864K)->36555K(36864K) Class: 4329K(4544K)->4329K(4544K)
[85.318s][info][gc          ] GC(124) Pause Young (Prepare Mixed) (G1 Evacuation Pause) 211M->80M(256M) 29.710ms
[85.318s][info][gc,cpu      ] GC(124) User=0.06s Sys=0.00s Real=0.03s
[85.962s][info][gc,start    ] GC(125) Pause Young (Mixed) (G1 Evacuation Pause)
[85.962s][info][gc,task     ] GC(125) Using 2 workers of 2 for evacuation
[86.003s][info][gc,phases   ] GC(125)   Pre Evacuate Collection Set: 0.21ms
[86.003s][info][gc,phases   ] GC(125)   Merge Heap Roots: 0.12ms
[86.003s][info][gc,phases   ] GC(125)   Evacuate Collection Set: 40.43ms
[86.003s][info][gc,phases   ] GC(125)   Post Evacuate Collection Set: 0.54ms
[86.004s][info][gc,phases   ] GC(125)   Other: 0.10ms
[86.004s][info][gc,heap     ] GC(125) Eden regions: 133->0(136)
[86.004s][info][gc,heap     ] GC(125) Survivor regions: 20->15(20)
[86.004s][info][gc,heap     ] GC(125) Old regions: 58->65
[86.004s][info][gc,heap     ] GC(125) Humongous regions: 4->4
[86.004s][info][gc,metaspace] GC(125) Metaspace: 40900K(41408K)->40900K(41408K) NonClass: 36571K(36864K)->36571K(36864K) Class: 4329K(4544K)->4329K(4544K)
[86.004s][info][gc          ] GC(125) Pause Young (Mixed) (G1 Evacuation Pause) 213M->82M(256M) 41.639ms
[86.004s][info][gc,cpu      ] GC(125) User=0.08s Sys=0.00s Real=0.05s
[86.200s][info][gc,start    ] GC(126) Pause Young (Concurrent Start) (G1 Humongous Allocation)
[86.200s][info][gc,task     ] GC(126) Using 2 workers of 2 for evacuation
[86.224s][info][gc,phases   ] GC(126)   Pre Evacuate Collection Set: 1.55ms
[86.224s][info][gc,phases   ] GC(126)   Merge Heap Roots: 0.06ms
[86.224s][info][gc,phases   ] GC(126)   Evacuate Collection Set: 22.34ms
[86.224s][info][gc,phases   ] GC(126)   Post Evacuate Collection Set: 0.47ms
[86.224s][info][gc,phases   ] GC(126)   Other: 0.12ms
[86.224s][info][gc,heap     ] GC(126) Eden regions: 35->0(136)
[86.224s][info][gc,heap     ] GC(126) Survivor regions: 15->4(19)
[86.224s][info][gc,heap     ] GC(126) Old regions: 65->79
[86.224s][info][gc,heap     ] GC(126) Humongous regions: 4->4
[86.224s][info][gc,metaspace] GC(126) Metaspace: 40906K(41408K)->40906K(41408K) NonClass: 36577K(36864K)->36577K(36864K) Class: 4329K(4544K)->4329K(4544K)
[86.225s][info][gc          ] GC(126) Pause Young (Concurrent Start) (G1 Humongous Allocation) 117M->86M(256M) 24.744ms
[86.225s][info][gc,cpu      ] GC(126) User=0.05s Sys=0.00s Real=0.03s
[86.225s][info][gc          ] GC(127) Concurrent Mark Cycle
[86.225s][info][gc,marking  ] GC(127) Concurrent Scan Root Regions
[86.252s][info][gc,marking  ] GC(127) Concurrent Scan Root Regions 27.003ms
[86.252s][info][gc,marking  ] GC(127) Concurrent Mark
[86.252s][info][gc,marking  ] GC(127) Concurrent Mark From Roots
[86.252s][info][gc,task     ] GC(127) Using 1 workers of 1 for marking
[86.439s][info][gc,marking  ] GC(127) Concurrent Mark From Roots 187.578ms
[86.439s][info][gc,marking  ] GC(127) Concurrent Preclean
[86.439s][info][gc,marking  ] GC(127) Concurrent Preclean 0.060ms
[86.439s][info][gc,start    ] GC(127) Pause Remark
[86.461s][info][gc          ] GC(127) Pause Remark 112M->112M(256M) 21.786ms
[86.461s][info][gc,cpu      ] GC(127) User=0.04s Sys=0.00s Real=0.02s
[86.462s][info][gc,marking  ] GC(127) Concurrent Mark 210.217ms
[86.462s][info][gc,marking  ] GC(127) Concurrent Rebuild Remembered Sets and Scrub Regions
[86.593s][info][gc,marking  ] GC(127) Concurrent Rebuild Remembered Sets and Scrub Regions 131.464ms
[86.595s][info][gc,start    ] GC(127) Pause Cleanup
[86.595s][info][gc          ] GC(127) Pause Cleanup 130M->130M(256M) 0.081ms
[86.595s][info][gc,cpu      ] GC(127) User=0.00s Sys=0.00s Real=0.00s
[86.597s][info][gc,marking  ] GC(127) Concurrent Clear Claimed Marks
[86.597s][info][gc,marking  ] GC(127) Concurrent Clear Claimed Marks 0.064ms
[86.597s][info][gc,marking  ] GC(127) Concurrent Cleanup for Next Mark
[86.598s][info][gc,marking  ] GC(127) Concurrent Cleanup for Next Mark 0.828ms
[86.598s][info][gc          ] GC(127) Concurrent Mark Cycle 373.652ms
[86.939s][info][gc,start    ] GC(128) Pause Young (Prepare Mixed) (G1 Evacuation Pause)
[86.939s][info][gc,task     ] GC(128) Using 2 workers of 2 for evacuation
[86.972s][info][gc,phases   ] GC(128)   Pre Evacuate Collection Set: 0.19ms
[86.972s][info][gc,phases   ] GC(128)   Merge Heap Roots: 0.12ms
[86.972s][info][gc,phases   ] GC(128)   Evacuate Collection Set: 31.21ms
[86.972s][info][gc,phases   ] GC(128)   Post Evacuate Collection Set: 0.61ms
[86.972s][info][gc,phases   ] GC(128)   Other: 0.09ms
[86.972s][info][gc,heap     ] GC(128) Eden regions: 136->0(120)
[86.972s][info][gc,heap     ] GC(128) Survivor regions: 4->18(18)
[86.972s][info][gc,heap     ] GC(128) Old regions: 79->80
[86.972s][info][gc,heap     ] GC(128) Humongous regions: 6->6
[86.972s][info][gc,metaspace] GC(128) Metaspace: 40913K(41408K)->40913K(41408K) NonClass: 36584K(36864K)->36584K(36864K) Class: 4329K(4544K)->4329K(4544K)
[86.972s][info][gc          ] GC(128) Pause Young (Prepare Mixed) (G1 Evacuation Pause) 224M->102M(256M) 32.477ms
[86.972s][info][gc,cpu      ] GC(128) User=0.07s Sys=0.00s Real=0.03s
[87.371s][info][gc,start    ] GC(129) Pause Young (Mixed) (G1 Evacuation Pause)
[87.371s][info][gc,task     ] GC(129) Using 2 workers of 2 for evacuation
[87.415s][info][gc,phases   ] GC(129)   Pre Evacuate Collection Set: 0.21ms
[87.415s][info][gc,phases   ] GC(129)   Merge Heap Roots: 0.32ms
[87.415s][info][gc,phases   ] GC(129)   Evacuate Collection Set: 43.34ms
[87.415s][info][gc,phases   ] GC(129)   Post Evacuate Collection Set: 0.47ms
[87.415s][info][gc,phases   ] GC(129)   Other: 0.08ms
[87.415s][info][gc,heap     ] GC(129) Eden regions: 120->0(117)
[87.415s][info][gc,heap     ] GC(129) Survivor regions: 18->13(18)
[87.415s][info][gc,heap     ] GC(129) Old regions: 80->88
[87.415s][info][gc,heap     ] GC(129) Humongous regions: 6->6
[87.415s][info][gc,metaspace] GC(129) Metaspace: 40913K(41408K)->40913K(41408K) NonClass: 36584K(36864K)->36584K(36864K) Class: 4329K(4544K)->4329K(4544K)
[87.415s][info][gc          ] GC(129) Pause Young (Mixed) (G1 Evacuation Pause) 222M->106M(256M) 44.649ms
[87.415s][info][gc,cpu      ] GC(129) User=0.09s Sys=0.00s Real=0.05s
[87.590s][info][gc,start    ] GC(130) Pause Young (Concurrent Start) (G1 Humongous Allocation)
[87.590s][info][gc,task     ] GC(130) Using 2 workers of 2 for evacuation
[87.610s][info][gc,phases   ] GC(130)   Pre Evacuate Collection Set: 0.17ms
[87.610s][info][gc,phases   ] GC(130)   Merge Heap Roots: 0.07ms
[87.610s][info][gc,phases   ] GC(130)   Evacuate Collection Set: 18.92ms
[87.610s][info][gc,phases   ] GC(130)   Post Evacuate Collection Set: 0.98ms
[87.610s][info][gc,phases   ] GC(130)   Other: 0.12ms
[87.610s][info][gc,heap     ] GC(130) Eden regions: 35->0(172)
[87.610s][info][gc,heap     ] GC(130) Survivor regions: 13->4(17)
[87.610s][info][gc,heap     ] GC(130) Old regions: 88->101
[87.610s][info][gc,heap     ] GC(130) Humongous regions: 6->6
[87.610s][info][gc,metaspace] GC(130) Metaspace: 40923K(41408K)->40923K(41408K) NonClass: 36594K(36864K)->36594K(36864K) Class: 4329K(4544K)->4329K(4544K)
[87.610s][info][gc          ] GC(130) Pause Young (Concurrent Start) (G1 Humongous Allocation) 141M->110M(326M) 20.505ms
[87.610s][info][gc,cpu      ] GC(130) User=0.04s Sys=0.00s Real=0.02s
[87.610s][info][gc          ] GC(131) Concurrent Mark Cycle
[87.610s][info][gc,marking  ] GC(131) Concurrent Scan Root Regions
[87.645s][info][gc,marking  ] GC(131) Concurrent Scan Root Regions 35.143ms
[87.645s][info][gc,marking  ] GC(131) Concurrent Mark
[87.645s][info][gc,marking  ] GC(131) Concurrent Mark From Roots
[87.645s][info][gc,task     ] GC(131) Using 1 workers of 1 for marking
[87.917s][info][gc,marking  ] GC(131) Concurrent Mark From Roots 271.471ms
[87.917s][info][gc,marking  ] GC(131) Concurrent Preclean
[87.917s][info][gc,marking  ] GC(131) Concurrent Preclean 0.044ms
[87.917s][info][gc,start    ] GC(131) Pause Remark
[87.933s][info][gc          ] GC(131) Pause Remark 149M->148M(326M) 16.242ms
[87.933s][info][gc,cpu      ] GC(131) User=0.03s Sys=0.00s Real=0.02s
[87.937s][info][gc,marking  ] GC(131) Concurrent Mark 291.765ms
[87.937s][info][gc,marking  ] GC(131) Concurrent Rebuild Remembered Sets and Scrub Regions
[88.097s][info][gc,marking  ] GC(131) Concurrent Rebuild Remembered Sets and Scrub Regions 159.772ms
[88.097s][info][gc,start    ] GC(131) Pause Cleanup
[88.097s][info][gc          ] GC(131) Pause Cleanup 190M->190M(326M) 0.104ms
[88.097s][info][gc,cpu      ] GC(131) User=0.00s Sys=0.00s Real=0.00s
[88.097s][info][gc,marking  ] GC(131) Concurrent Clear Claimed Marks
[88.097s][info][gc,marking  ] GC(131) Concurrent Clear Claimed Marks 0.047ms
[88.097s][info][gc,marking  ] GC(131) Concurrent Cleanup for Next Mark
[88.101s][info][gc,marking  ] GC(131) Concurrent Cleanup for Next Mark 3.634ms
[88.101s][info][gc          ] GC(131) Concurrent Mark Cycle 490.869ms
[88.445s][info][gc,start    ] GC(132) Pause Young (Prepare Mixed) (G1 Evacuation Pause)
[88.445s][info][gc,task     ] GC(132) Using 2 workers of 2 for evacuation
[88.479s][info][gc,phases   ] GC(132)   Pre Evacuate Collection Set: 0.18ms
[88.479s][info][gc,phases   ] GC(132)   Merge Heap Roots: 0.14ms
[88.479s][info][gc,phases   ] GC(132)   Evacuate Collection Set: 33.45ms
[88.479s][info][gc,phases   ] GC(132)   Post Evacuate Collection Set: 0.48ms
[88.479s][info][gc,phases   ] GC(132)   Other: 0.07ms
[88.479s][info][gc,heap     ] GC(132) Eden regions: 172->0(151)
[88.479s][info][gc,heap     ] GC(132) Survivor regions: 4->22(22)
[88.479s][info][gc,heap     ] GC(132) Old regions: 101->103
[88.479s][info][gc,heap     ] GC(132) Humongous regions: 10->9
[88.479s][info][gc,metaspace] GC(132) Metaspace: 40926K(41408K)->40926K(41408K) NonClass: 36596K(36864K)->36596K(36864K) Class: 4329K(4544K)->4329K(4544K)
[88.479s][info][gc          ] GC(132) Pause Young (Prepare Mixed) (G1 Evacuation Pause) 286M->133M(326M) 34.565ms
[88.479s][info][gc,cpu      ] GC(132) User=0.07s Sys=0.00s Real=0.03s
[92.437s][info][gc,start    ] GC(133) Pause Young (Mixed) (G1 Evacuation Pause)
[92.437s][info][gc,task     ] GC(133) Using 2 workers of 2 for evacuation
[92.502s][info][gc,phases   ] GC(133)   Pre Evacuate Collection Set: 0.20ms
[92.502s][info][gc,phases   ] GC(133)   Merge Heap Roots: 0.21ms
[92.502s][info][gc,phases   ] GC(133)   Evacuate Collection Set: 63.56ms
[92.502s][info][gc,phases   ] GC(133)   Post Evacuate Collection Set: 0.50ms
[92.502s][info][gc,phases   ] GC(133)   Other: 0.08ms
[92.502s][info][gc,heap     ] GC(133) Eden regions: 151->0(136)
[92.502s][info][gc,heap     ] GC(133) Survivor regions: 22->20(22)
[92.502s][info][gc,heap     ] GC(133) Old regions: 103->119
[92.502s][info][gc,heap     ] GC(133) Humongous regions: 20->15
[92.502s][info][gc,metaspace] GC(133) Metaspace: 41052K(41536K)->41052K(41536K) NonClass: 36722K(36992K)->36722K(36992K) Class: 4329K(4544K)->4329K(4544K)
[92.502s][info][gc          ] GC(133) Pause Young (Mixed) (G1 Evacuation Pause) 295M->153M(336M) 64.773ms
[92.502s][info][gc,cpu      ] GC(133) User=0.12s Sys=0.00s Real=0.06s
[93.172s][info][gc,start    ] GC(134) Pause Young (Concurrent Start) (G1 Evacuation Pause)
[93.172s][info][gc,task     ] GC(134) Using 2 workers of 2 for evacuation
[93.195s][info][gc,phases   ] GC(134)   Pre Evacuate Collection Set: 0.21ms
[93.195s][info][gc,phases   ] GC(134)   Merge Heap Roots: 0.10ms
[93.195s][info][gc,phases   ] GC(134)   Evacuate Collection Set: 22.17ms
[93.195s][info][gc,phases   ] GC(134)   Post Evacuate Collection Set: 0.42ms
[93.195s][info][gc,phases   ] GC(134)   Other: 0.11ms
[93.195s][info][gc,heap     ] GC(134) Eden regions: 136->0(141)
[93.196s][info][gc,heap     ] GC(134) Survivor regions: 20->3(20)
[93.196s][info][gc,heap     ] GC(134) Old regions: 119->138
[93.196s][info][gc,heap     ] GC(134) Humongous regions: 15->15
[93.196s][info][gc,metaspace] GC(134) Metaspace: 41130K(41600K)->41130K(41600K) NonClass: 36801K(37056K)->36801K(37056K) Class: 4329K(4544K)->4329K(4544K)
[93.196s][info][gc          ] GC(134) Pause Young (Concurrent Start) (G1 Evacuation Pause) 289M->155M(336M) 23.204ms
[93.196s][info][gc,cpu      ] GC(134) User=0.05s Sys=0.00s Real=0.02s
[93.196s][info][gc          ] GC(135) Concurrent Mark Cycle
[93.198s][info][gc,marking  ] GC(135) Concurrent Scan Root Regions
[93.285s][info][gc,marking  ] GC(135) Concurrent Scan Root Regions 86.789ms
[93.285s][info][gc,marking  ] GC(135) Concurrent Mark
[93.285s][info][gc,marking  ] GC(135) Concurrent Mark From Roots
[93.285s][info][gc,task     ] GC(135) Using 1 workers of 1 for marking
[93.376s][info][gc,marking  ] GC(135) Concurrent Mark From Roots 90.838ms
[93.376s][info][gc,marking  ] GC(135) Concurrent Preclean
[93.376s][info][gc,marking  ] GC(135) Concurrent Preclean 0.067ms
[93.377s][info][gc,start    ] GC(135) Pause Remark
[93.393s][info][gc          ] GC(135) Pause Remark 192M->153M(336M) 15.525ms
[93.393s][info][gc,cpu      ] GC(135) User=0.03s Sys=0.00s Real=0.02s
[93.393s][info][gc,marking  ] GC(135) Concurrent Mark 107.863ms
[93.393s][info][gc,marking  ] GC(135) Concurrent Rebuild Remembered Sets and Scrub Regions
[93.504s][info][gc,marking  ] GC(135) Concurrent Rebuild Remembered Sets and Scrub Regions 111.516ms
[93.505s][info][gc,start    ] GC(135) Pause Cleanup
[93.505s][info][gc          ] GC(135) Pause Cleanup 172M->172M(336M) 0.076ms
[93.505s][info][gc,cpu      ] GC(135) User=0.00s Sys=0.00s Real=0.00s
[93.505s][info][gc,marking  ] GC(135) Concurrent Clear Claimed Marks
[93.505s][info][gc,marking  ] GC(135) Concurrent Clear Claimed Marks 0.036ms
[93.505s][info][gc,marking  ] GC(135) Concurrent Cleanup for Next Mark
[93.508s][info][gc,marking  ] GC(135) Concurrent Cleanup for Next Mark 2.831ms
[93.508s][info][gc          ] GC(135) Concurrent Mark Cycle 311.984ms
[93.923s][info][gc,start    ] GC(136) Pause Young (Prepare Mixed) (G1 Evacuation Pause)
[93.923s][info][gc,task     ] GC(136) Using 2 workers of 2 for evacuation
[93.930s][info][gc,phases   ] GC(136)   Pre Evacuate Collection Set: 0.21ms
[93.930s][info][gc,phases   ] GC(136)   Merge Heap Roots: 0.06ms
[93.930s][info][gc,phases   ] GC(136)   Evacuate Collection Set: 5.55ms
[93.930s][info][gc,phases   ] GC(136)   Post Evacuate Collection Set: 0.40ms
[93.930s][info][gc,phases   ] GC(136)   Other: 0.09ms
[93.930s][info][gc,heap     ] GC(136) Eden regions: 141->0(176)
[93.930s][info][gc,heap     ] GC(136) Survivor regions: 3->7(18)
[93.930s][info][gc,heap     ] GC(136) Old regions: 113->113
[93.930s][info][gc,heap     ] GC(136) Humongous regions: 1->1
[93.930s][info][gc,metaspace] GC(136) Metaspace: 41180K(41664K)->41180K(41664K) NonClass: 36851K(37120K)->36851K(37120K) Class: 4329K(4544K)->4329K(4544K)
[93.930s][info][gc          ] GC(136) Pause Young (Prepare Mixed) (G1 Evacuation Pause) 257M->120M(336M) 6.502ms
[93.930s][info][gc,cpu      ] GC(136) User=0.01s Sys=0.00s Real=0.00s
[95.271s][info][gc,start    ] GC(137) Pause Young (Mixed) (G1 Evacuation Pause)
[95.271s][info][gc,task     ] GC(137) Using 2 workers of 2 for evacuation
[95.287s][info][gc,phases   ] GC(137)   Pre Evacuate Collection Set: 0.21ms
[95.287s][info][gc,phases   ] GC(137)   Merge Heap Roots: 0.64ms
[95.287s][info][gc,phases   ] GC(137)   Evacuate Collection Set: 14.61ms
[95.287s][info][gc,phases   ] GC(137)   Post Evacuate Collection Set: 0.61ms
[95.287s][info][gc,phases   ] GC(137)   Other: 0.10ms
[95.287s][info][gc,heap     ] GC(137) Eden regions: 176->0(194)
[95.287s][info][gc,heap     ] GC(137) Survivor regions: 7->7(23)
[95.287s][info][gc,heap     ] GC(137) Old regions: 113->83
[95.287s][info][gc,heap     ] GC(137) Humongous regions: 1->1
[95.287s][info][gc,metaspace] GC(137) Metaspace: 41181K(41664K)->41181K(41664K) NonClass: 36852K(37120K)->36852K(37120K) Class: 4329K(4544K)->4329K(4544K)
[95.287s][info][gc          ] GC(137) Pause Young (Mixed) (G1 Evacuation Pause) 296M->90M(336M) 16.395ms
[95.287s][info][gc,cpu      ] GC(137) User=0.03s Sys=0.00s Real=0.02s
[96.645s][info][gc,start    ] GC(138) Pause Young (Mixed) (G1 Evacuation Pause)
[96.645s][info][gc,task     ] GC(138) Using 2 workers of 2 for evacuation
[96.662s][info][gc,phases   ] GC(138)   Pre Evacuate Collection Set: 0.18ms
[96.662s][info][gc,phases   ] GC(138)   Merge Heap Roots: 0.54ms
[96.662s][info][gc,phases   ] GC(138)   Evacuate Collection Set: 15.85ms
[96.662s][info][gc,phases   ] GC(138)   Post Evacuate Collection Set: 0.51ms
[96.662s][info][gc,phases   ] GC(138)   Other: 0.07ms
[96.662s][info][gc,heap     ] GC(138) Eden regions: 194->0(193)
[96.662s][info][gc,heap     ] GC(138) Survivor regions: 7->8(26)
[96.662s][info][gc,heap     ] GC(138) Old regions: 83->63
[96.662s][info][gc,heap     ] GC(138) Humongous regions: 1->1
[96.662s][info][gc,metaspace] GC(138) Metaspace: 41186K(41664K)->41186K(41664K) NonClass: 36856K(37120K)->36856K(37120K) Class: 4330K(4544K)->4330K(4544K)
[96.662s][info][gc          ] GC(138) Pause Young (Mixed) (G1 Evacuation Pause) 284M->71M(336M) 17.353ms
[96.662s][info][gc,cpu      ] GC(138) User=0.03s Sys=0.00s Real=0.01s
[97.829s][info][gc,start    ] GC(139) Pause Young (Concurrent Start) (G1 Humongous Allocation)
[97.829s][info][gc,task     ] GC(139) Using 2 workers of 2 for evacuation
[97.834s][info][gc,phases   ] GC(139)   Pre Evacuate Collection Set: 0.19ms
[97.834s][info][gc,phases   ] GC(139)   Merge Heap Roots: 0.07ms
[97.834s][info][gc,phases   ] GC(139)   Evacuate Collection Set: 4.14ms
[97.834s][info][gc,phases   ] GC(139)   Post Evacuate Collection Set: 0.43ms
[97.834s][info][gc,phases   ] GC(139)   Other: 0.11ms
[97.834s][info][gc,heap     ] GC(139) Eden regions: 174->0(196)
[97.834s][info][gc,heap     ] GC(139) Survivor regions: 8->5(26)
[97.834s][info][gc,heap     ] GC(139) Old regions: 63->63
[97.834s][info][gc,heap     ] GC(139) Humongous regions: 1->1
[97.834s][info][gc,metaspace] GC(139) Metaspace: 41188K(41664K)->41188K(41664K) NonClass: 36857K(37120K)->36857K(37120K) Class: 4330K(4544K)->4330K(4544K)
[97.834s][info][gc          ] GC(139) Pause Young (Concurrent Start) (G1 Humongous Allocation) 245M->68M(336M) 5.124ms
[97.834s][info][gc          ] GC(140) Concurrent Mark Cycle
[97.834s][info][gc,marking  ] GC(140) Concurrent Scan Root Regions
[97.834s][info][gc,cpu      ] GC(139) User=0.01s Sys=0.01s Real=0.01s
[97.838s][info][gc,marking  ] GC(140) Concurrent Scan Root Regions 3.531ms
[97.838s][info][gc,marking  ] GC(140) Concurrent Mark
[97.838s][info][gc,marking  ] GC(140) Concurrent Mark From Roots
[97.838s][info][gc,task     ] GC(140) Using 1 workers of 1 for marking
[97.878s][info][gc,marking  ] GC(140) Concurrent Mark From Roots 39.798ms
[97.878s][info][gc,marking  ] GC(140) Concurrent Preclean
[97.878s][info][gc,marking  ] GC(140) Concurrent Preclean 0.036ms
[97.878s][info][gc,start    ] GC(140) Pause Remark
[97.894s][info][gc          ] GC(140) Pause Remark 76M->51M(256M) 15.866ms
[97.894s][info][gc,cpu      ] GC(140) User=0.03s Sys=0.00s Real=0.02s
[97.894s][info][gc,marking  ] GC(140) Concurrent Mark 55.995ms
[97.894s][info][gc,marking  ] GC(140) Concurrent Rebuild Remembered Sets and Scrub Regions
[97.906s][info][gc,marking  ] GC(140) Concurrent Rebuild Remembered Sets and Scrub Regions 12.093ms
[97.906s][info][gc,start    ] GC(140) Pause Cleanup
[97.906s][info][gc          ] GC(140) Pause Cleanup 53M->53M(256M) 0.042ms
[97.906s][info][gc,cpu      ] GC(140) User=0.00s Sys=0.00s Real=0.00s
[97.906s][info][gc,marking  ] GC(140) Concurrent Clear Claimed Marks
[97.906s][info][gc,marking  ] GC(140) Concurrent Clear Claimed Marks 0.036ms
[97.906s][info][gc,marking  ] GC(140) Concurrent Cleanup for Next Mark
[97.907s][info][gc,marking  ] GC(140) Concurrent Cleanup for Next Mark 0.751ms
[97.907s][info][gc          ] GC(140) Concurrent Mark Cycle 72.739ms
[98.752s][info][gc,start    ] GC(141) Pause Young (Prepare Mixed) (G1 Evacuation Pause)
[98.752s][info][gc,task     ] GC(141) Using 2 workers of 2 for evacuation
[98.760s][info][gc,phases   ] GC(141)   Pre Evacuate Collection Set: 0.18ms
[98.760s][info][gc,phases   ] GC(141)   Merge Heap Roots: 0.07ms
[98.760s][info][gc,phases   ] GC(141)   Evacuate Collection Set: 7.23ms
[98.760s][info][gc,phases   ] GC(141)   Post Evacuate Collection Set: 0.39ms
[98.760s][info][gc,phases   ] GC(141)   Other: 0.07ms
[98.760s][info][gc,heap     ] GC(141) Eden regions: 148->0(145)
[98.760s][info][gc,heap     ] GC(141) Survivor regions: 5->8(20)
[98.760s][info][gc,heap     ] GC(141) Old regions: 38->38
[98.760s][info][gc,heap     ] GC(141) Humongous regions: 2->1
[98.760s][info][gc,metaspace] GC(141) Metaspace: 41188K(41664K)->41188K(41664K) NonClass: 36857K(37120K)->36857K(37120K) Class: 4330K(4544K)->4330K(4544K)
[98.760s][info][gc          ] GC(141) Pause Young (Prepare Mixed) (G1 Evacuation Pause) 192M->46M(256M) 8.129ms
[98.760s][info][gc,cpu      ] GC(141) User=0.01s Sys=0.00s Real=0.01s
[99.622s][info][gc,start    ] GC(142) Pause Young (Mixed) (G1 Evacuation Pause)
[99.622s][info][gc,task     ] GC(142) Using 2 workers of 2 for evacuation
[99.633s][info][gc,phases   ] GC(142)   Pre Evacuate Collection Set: 0.18ms
[99.633s][info][gc,phases   ] GC(142)   Merge Heap Roots: 0.08ms
[99.633s][info][gc,phases   ] GC(142)   Evacuate Collection Set: 9.60ms
[99.633s][info][gc,phases   ] GC(142)   Post Evacuate Collection Set: 0.58ms
[99.633s][info][gc,phases   ] GC(142)   Other: 0.07ms
[99.633s][info][gc,heap     ] GC(142) Eden regions: 145->0(143)
[99.633s][info][gc,heap     ] GC(142) Survivor regions: 8->10(20)
[99.633s][info][gc,heap     ] GC(142) Old regions: 38->35
[99.633s][info][gc,heap     ] GC(142) Humongous regions: 3->3
[99.633s][info][gc,metaspace] GC(142) Metaspace: 41193K(41664K)->41193K(41664K) NonClass: 36862K(37120K)->36862K(37120K) Class: 4330K(4544K)->4330K(4544K)
[99.633s][info][gc          ] GC(142) Pause Young (Mixed) (G1 Evacuation Pause) 193M->46M(256M) 10.730ms
[99.633s][info][gc,cpu      ] GC(142) User=0.02s Sys=0.00s Real=0.01s
[99.897s][info][gc,start    ] GC(143) Pause Young (Concurrent Start) (G1 Humongous Allocation)
[99.897s][info][gc,task     ] GC(143) Using 2 workers of 2 for evacuation
[99.918s][info][gc,phases   ] GC(143)   Pre Evacuate Collection Set: 0.31ms
[99.918s][info][gc,phases   ] GC(143)   Merge Heap Roots: 0.07ms
[99.918s][info][gc,phases   ] GC(143)   Evacuate Collection Set: 20.48ms
[99.918s][info][gc,phases   ] GC(143)   Post Evacuate Collection Set: 0.42ms
[99.918s][info][gc,phases   ] GC(143)   Other: 0.14ms
[99.918s][info][gc,heap     ] GC(143) Eden regions: 100->0(133)
[99.918s][info][gc,heap     ] GC(143) Survivor regions: 10->20(20)
[99.918s][info][gc,heap     ] GC(143) Old regions: 35->36
[99.918s][info][gc,heap     ] GC(143) Humongous regions: 3->3
[99.918s][info][gc,metaspace] GC(143) Metaspace: 41193K(41664K)->41193K(41664K) NonClass: 36862K(37120K)->36862K(37120K) Class: 4330K(4544K)->4330K(4544K)
[99.918s][info][gc          ] GC(143) Pause Young (Concurrent Start) (G1 Humongous Allocation) 146M->58M(256M) 21.638ms
[99.918s][info][gc,cpu      ] GC(143) User=0.05s Sys=0.00s Real=0.02s
[99.918s][info][gc          ] GC(144) Concurrent Mark Cycle
[99.918s][info][gc,marking  ] GC(144) Concurrent Scan Root Regions
[99.933s][info][gc,marking  ] GC(144) Concurrent Scan Root Regions 14.556ms
[99.933s][info][gc,marking  ] GC(144) Concurrent Mark
[99.933s][info][gc,marking  ] GC(144) Concurrent Mark From Roots
[99.933s][info][gc,task     ] GC(144) Using 1 workers of 1 for marking
[99.964s][info][gc,marking  ] GC(144) Concurrent Mark From Roots 31.402ms
[99.964s][info][gc,marking  ] GC(144) Concurrent Preclean
[99.964s][info][gc,marking  ] GC(144) Concurrent Preclean 0.037ms
[99.965s][info][gc,start    ] GC(144) Pause Remark
[99.981s][info][gc          ] GC(144) Pause Remark 74M->68M(256M) 16.194ms
[99.981s][info][gc,cpu      ] GC(144) User=0.03s Sys=0.00s Real=0.01s
[99.981s][info][gc,marking  ] GC(144) Concurrent Mark 47.955ms
[99.981s][info][gc,marking  ] GC(144) Concurrent Rebuild Remembered Sets and Scrub Regions
[100.001s][info][gc,marking  ] GC(144) Concurrent Rebuild Remembered Sets and Scrub Regions 19.624ms
[100.001s][info][gc,start    ] GC(144) Pause Cleanup
[100.001s][info][gc          ] GC(144) Pause Cleanup 75M->75M(256M) 0.048ms
[100.001s][info][gc,cpu      ] GC(144) User=0.00s Sys=0.00s Real=0.00s
[100.001s][info][gc,marking  ] GC(144) Concurrent Clear Claimed Marks
[100.001s][info][gc,marking  ] GC(144) Concurrent Clear Claimed Marks 0.038ms
[100.001s][info][gc,marking  ] GC(144) Concurrent Cleanup for Next Mark
[100.002s][info][gc,marking  ] GC(144) Concurrent Cleanup for Next Mark 0.764ms
[100.002s][info][gc          ] GC(144) Concurrent Mark Cycle 83.416ms
[100.299s][info][gc,start    ] GC(145) Pause Young (Prepare Mixed) (G1 Evacuation Pause)
[100.299s][info][gc,task     ] GC(145) Using 2 workers of 2 for evacuation
[100.335s][info][gc,phases   ] GC(145)   Pre Evacuate Collection Set: 0.21ms
[100.335s][info][gc,phases   ] GC(145)   Merge Heap Roots: 0.12ms
[100.335s][info][gc,phases   ] GC(145)   Evacuate Collection Set: 34.83ms
[100.335s][info][gc,phases   ] GC(145)   Post Evacuate Collection Set: 0.43ms
[100.335s][info][gc,phases   ] GC(145)   Other: 0.07ms
[100.335s][info][gc,heap     ] GC(145) Eden regions: 133->0(136)
[100.335s][info][gc,heap     ] GC(145) Survivor regions: 20->17(20)
[100.335s][info][gc,heap     ] GC(145) Old regions: 30->48
[100.335s][info][gc,heap     ] GC(145) Humongous regions: 4->4
[100.335s][info][gc,metaspace] GC(145) Metaspace: 41193K(41664K)->41193K(41664K) NonClass: 36862K(37120K)->36862K(37120K) Class: 4330K(4544K)->4330K(4544K)
[100.335s][info][gc          ] GC(145) Pause Young (Prepare Mixed) (G1 Evacuation Pause) 186M->67M(256M) 35.914ms
[100.335s][info][gc,cpu      ] GC(145) User=0.07s Sys=0.00s Real=0.04s
[100.700s][info][gc,start    ] GC(146) Pause Young (Mixed) (G1 Evacuation Pause)
[100.700s][info][gc,task     ] GC(146) Using 2 workers of 2 for evacuation
[100.736s][info][gc,phases   ] GC(146)   Pre Evacuate Collection Set: 0.22ms
[100.736s][info][gc,phases   ] GC(146)   Merge Heap Roots: 0.14ms
[100.736s][info][gc,phases   ] GC(146)   Evacuate Collection Set: 34.95ms
[100.736s][info][gc,phases   ] GC(146)   Post Evacuate Collection Set: 0.45ms
[100.736s][info][gc,phases   ] GC(146)   Other: 0.07ms
[100.736s][info][gc,heap     ] GC(146) Eden regions: 136->0(136)
[100.736s][info][gc,heap     ] GC(146) Survivor regions: 17->16(20)
[100.736s][info][gc,heap     ] GC(146) Old regions: 48->61
[100.736s][info][gc,heap     ] GC(146) Humongous regions: 6->6
[100.736s][info][gc,metaspace] GC(146) Metaspace: 41193K(41664K)->41193K(41664K) NonClass: 36863K(37120K)->36863K(37120K) Class: 4330K(4544K)->4330K(4544K)
[100.736s][info][gc          ] GC(146) Pause Young (Mixed) (G1 Evacuation Pause) 205M->83M(256M) 36.073ms
[100.736s][info][gc,cpu      ] GC(146) User=0.07s Sys=0.00s Real=0.04s
[101.090s][info][gc,start    ] GC(147) Pause Young (Concurrent Start) (G1 Evacuation Pause)
[101.090s][info][gc,task     ] GC(147) Using 2 workers of 2 for evacuation
[101.131s][info][gc,phases   ] GC(147)   Pre Evacuate Collection Set: 0.18ms
[101.131s][info][gc,phases   ] GC(147)   Merge Heap Roots: 0.09ms
[101.131s][info][gc,phases   ] GC(147)   Evacuate Collection Set: 39.63ms
[101.131s][info][gc,phases   ] GC(147)   Post Evacuate Collection Set: 0.47ms
[101.131s][info][gc,phases   ] GC(147)   Other: 0.12ms
[101.131s][info][gc,heap     ] GC(147) Eden regions: 136->0(123)
[101.131s][info][gc,heap     ] GC(147) Survivor regions: 16->16(19)
[101.131s][info][gc,heap     ] GC(147) Old regions: 61->77
[101.131s][info][gc,heap     ] GC(147) Humongous regions: 6->6
[101.131s][info][gc,metaspace] GC(147) Metaspace: 41193K(41664K)->41193K(41664K) NonClass: 36863K(37120K)->36863K(37120K) Class: 4330K(4544K)->4330K(4544K)
[101.131s][info][gc          ] GC(147) Pause Young (Concurrent Start) (G1 Evacuation Pause) 219M->99M(256M) 40.715ms
[101.131s][info][gc,cpu      ] GC(147) User=0.08s Sys=0.00s Real=0.04s
[101.131s][info][gc          ] GC(148) Concurrent Mark Cycle
[101.131s][info][gc,marking  ] GC(148) Concurrent Scan Root Regions
[101.161s][info][gc,marking  ] GC(148) Concurrent Scan Root Regions 29.994ms
[101.161s][info][gc,marking  ] GC(148) Concurrent Mark
[101.161s][info][gc,marking  ] GC(148) Concurrent Mark From Roots
[101.161s][info][gc,task     ] GC(148) Using 1 workers of 1 for marking
[101.245s][info][gc,marking  ] GC(148) Concurrent Mark From Roots 83.624ms
[101.245s][info][gc,marking  ] GC(148) Concurrent Preclean
[101.245s][info][gc,marking  ] GC(148) Concurrent Preclean 0.039ms
[101.245s][info][gc,start    ] GC(148) Pause Remark
[101.261s][info][gc          ] GC(148) Pause Remark 125M->124M(256M) 15.682ms
[101.261s][info][gc,cpu      ] GC(148) User=0.03s Sys=0.00s Real=0.01s
[101.261s][info][gc,marking  ] GC(148) Concurrent Mark 99.665ms
[101.261s][info][gc,marking  ] GC(148) Concurrent Rebuild Remembered Sets and Scrub Regions
[101.319s][info][gc,marking  ] GC(148) Concurrent Rebuild Remembered Sets and Scrub Regions 58.548ms
[101.319s][info][gc,start    ] GC(148) Pause Cleanup
[101.319s][info][gc          ] GC(148) Pause Cleanup 145M->145M(256M) 0.049ms
[101.319s][info][gc,cpu      ] GC(148) User=0.00s Sys=0.00s Real=0.00s
[101.320s][info][gc,marking  ] GC(148) Concurrent Clear Claimed Marks
[101.320s][info][gc,marking  ] GC(148) Concurrent Clear Claimed Marks 0.064ms
[101.320s][info][gc,marking  ] GC(148) Concurrent Cleanup for Next Mark
[101.320s][info][gc,marking  ] GC(148) Concurrent Cleanup for Next Mark 0.774ms
[101.320s][info][gc          ] GC(148) Concurrent Mark Cycle 189.530ms
[101.532s][info][gc,start    ] GC(149) Pause Young (Prepare Mixed) (G1 Evacuation Pause)
[101.532s][info][gc,task     ] GC(149) Using 2 workers of 2 for evacuation
[101.573s][info][gc,phases   ] GC(149)   Pre Evacuate Collection Set: 0.21ms
[101.574s][info][gc,phases   ] GC(149)   Merge Heap Roots: 0.12ms
[101.574s][info][gc,phases   ] GC(149)   Evacuate Collection Set: 40.44ms
[101.574s][info][gc,phases   ] GC(149)   Post Evacuate Collection Set: 0.43ms
[101.574s][info][gc,phases   ] GC(149)   Other: 0.10ms
[101.574s][info][gc,heap     ] GC(149) Eden regions: 123->0(108)
[101.574s][info][gc,heap     ] GC(149) Survivor regions: 16->15(18)
[101.574s][info][gc,heap     ] GC(149) Old regions: 77->93
[101.574s][info][gc,heap     ] GC(149) Humongous regions: 9->9
[101.574s][info][gc,metaspace] GC(149) Metaspace: 41193K(41664K)->41193K(41664K) NonClass: 36863K(37120K)->36863K(37120K) Class: 4330K(4544K)->4330K(4544K)
[101.574s][info][gc          ] GC(149) Pause Young (Prepare Mixed) (G1 Evacuation Pause) 225M->116M(256M) 41.536ms
[101.574s][info][gc,cpu      ] GC(149) User=0.08s Sys=0.00s Real=0.05s
[102.927s][info][gc,start    ] GC(150) Pause Young (Mixed) (G1 Evacuation Pause)
[102.927s][info][gc,task     ] GC(150) Using 2 workers of 2 for evacuation
[102.971s][info][gc,phases   ] GC(150)   Pre Evacuate Collection Set: 0.22ms
[102.971s][info][gc,phases   ] GC(150)   Merge Heap Roots: 0.42ms
[102.971s][info][gc,phases   ] GC(150)   Evacuate Collection Set: 42.52ms
[102.971s][info][gc,phases   ] GC(150)   Post Evacuate Collection Set: 0.42ms
[102.971s][info][gc,phases   ] GC(150)   Other: 0.10ms
[102.971s][info][gc,heap     ] GC(150) Eden regions: 108->0(103)
[102.971s][info][gc,heap     ] GC(150) Survivor regions: 15->7(16)
[102.971s][info][gc,heap     ] GC(150) Old regions: 93->105
[102.971s][info][gc,heap     ] GC(150) Humongous regions: 17->15
[102.971s][info][gc,metaspace] GC(150) Metaspace: 41195K(41664K)->41195K(41664K) NonClass: 36865K(37120K)->36865K(37120K) Class: 4330K(4544K)->4330K(4544K)
[102.971s][info][gc          ] GC(150) Pause Young (Mixed) (G1 Evacuation Pause) 232M->126M(256M) 43.999ms
[102.971s][info][gc,cpu      ] GC(150) User=0.07s Sys=0.00s Real=0.04s
[103.373s][info][gc,start    ] GC(151) Pause Young (Concurrent Start) (G1 Evacuation Pause)
[103.373s][info][gc,task     ] GC(151) Using 2 workers of 2 for evacuation
[103.396s][info][gc,phases   ] GC(151)   Pre Evacuate Collection Set: 0.18ms
[103.396s][info][gc,phases   ] GC(151)   Merge Heap Roots: 0.17ms
[103.396s][info][gc,phases   ] GC(151)   Evacuate Collection Set: 21.84ms
[103.396s][info][gc,phases   ] GC(151)   Post Evacuate Collection Set: 0.43ms
[103.396s][info][gc,phases   ] GC(151)   Other: 0.11ms
[103.396s][info][gc,heap     ] GC(151) Eden regions: 103->0(100)
[103.396s][info][gc,heap     ] GC(151) Survivor regions: 7->11(14)
[103.396s][info][gc,heap     ] GC(151) Old regions: 105->105
[103.396s][info][gc,heap     ] GC(151) Humongous regions: 15->15
[103.396s][info][gc,metaspace] GC(151) Metaspace: 41201K(41664K)->41201K(41664K) NonClass: 36871K(37120K)->36871K(37120K) Class: 4330K(4544K)->4330K(4544K)
[103.396s][info][gc          ] GC(151) Pause Young (Concurrent Start) (G1 Evacuation Pause) 229M->130M(256M) 22.932ms
[103.396s][info][gc,cpu      ] GC(151) User=0.04s Sys=0.00s Real=0.02s
[103.396s][info][gc          ] GC(152) Concurrent Mark Cycle
[103.396s][info][gc,marking  ] GC(152) Concurrent Scan Root Regions
[103.412s][info][gc,marking  ] GC(152) Concurrent Scan Root Regions 16.124ms
[103.412s][info][gc,marking  ] GC(152) Concurrent Mark
[103.412s][info][gc,marking  ] GC(152) Concurrent Mark From Roots
[103.412s][info][gc,task     ] GC(152) Using 1 workers of 1 for marking
[103.474s][info][gc,marking  ] GC(152) Concurrent Mark From Roots 61.920ms
[103.474s][info][gc,marking  ] GC(152) Concurrent Preclean
[103.474s][info][gc,marking  ] GC(152) Concurrent Preclean 0.042ms
[103.475s][info][gc,start    ] GC(152) Pause Remark
[103.495s][info][gc          ] GC(152) Pause Remark 150M->123M(256M) 20.083ms
[103.495s][info][gc,cpu      ] GC(152) User=0.04s Sys=0.00s Real=0.02s
[103.495s][info][gc,marking  ] GC(152) Concurrent Mark 82.291ms
[103.495s][info][gc,marking  ] GC(152) Concurrent Rebuild Remembered Sets and Scrub Regions
[103.513s][info][gc,marking  ] GC(152) Concurrent Rebuild Remembered Sets and Scrub Regions 18.178ms
[103.513s][info][gc,start    ] GC(152) Pause Cleanup
[103.513s][info][gc          ] GC(152) Pause Cleanup 125M->125M(256M) 0.088ms
[103.513s][info][gc,cpu      ] GC(152) User=0.00s Sys=0.00s Real=0.00s
[103.513s][info][gc,marking  ] GC(152) Concurrent Clear Claimed Marks
[103.513s][info][gc,marking  ] GC(152) Concurrent Clear Claimed Marks 0.043ms
[103.513s][info][gc,marking  ] GC(152) Concurrent Cleanup for Next Mark
[103.514s][info][gc,marking  ] GC(152) Concurrent Cleanup for Next Mark 0.754ms
[103.514s][info][gc          ] GC(152) Concurrent Mark Cycle 117.892ms
[103.965s][info][gc,start    ] GC(153) Pause Young (Prepare Mixed) (G1 Evacuation Pause)
[103.965s][info][gc,task     ] GC(153) Using 2 workers of 2 for evacuation
[103.976s][info][gc,phases   ] GC(153)   Pre Evacuate Collection Set: 0.17ms
[103.976s][info][gc,phases   ] GC(153)   Merge Heap Roots: 0.15ms
[103.976s][info][gc,phases   ] GC(153)   Evacuate Collection Set: 10.26ms
[103.976s][info][gc,phases   ] GC(153)   Post Evacuate Collection Set: 0.37ms
[103.976s][info][gc,phases   ] GC(153)   Other: 0.10ms
[103.976s][info][gc,heap     ] GC(153) Eden regions: 100->0(121)
[103.976s][info][gc,heap     ] GC(153) Survivor regions: 11->12(14)
[103.976s][info][gc,heap     ] GC(153) Old regions: 92->92
[103.976s][info][gc,heap     ] GC(153) Humongous regions: 1->1
[103.976s][info][gc,metaspace] GC(153) Metaspace: 41202K(41664K)->41202K(41664K) NonClass: 36871K(37120K)->36871K(37120K) Class: 4330K(4544K)->4330K(4544K)
[103.976s][info][gc          ] GC(153) Pause Young (Prepare Mixed) (G1 Evacuation Pause) 203M->104M(256M) 11.255ms
[103.976s][info][gc,cpu      ] GC(153) User=0.02s Sys=0.00s Real=0.01s
[104.701s][info][gc,start    ] GC(154) Pause Young (Mixed) (G1 Evacuation Pause)
[104.701s][info][gc,task     ] GC(154) Using 2 workers of 2 for evacuation
[104.709s][info][gc,phases   ] GC(154)   Pre Evacuate Collection Set: 0.18ms
[104.709s][info][gc,phases   ] GC(154)   Merge Heap Roots: 0.06ms
[104.709s][info][gc,phases   ] GC(154)   Evacuate Collection Set: 7.09ms
[104.709s][info][gc,phases   ] GC(154)   Post Evacuate Collection Set: 0.39ms
[104.709s][info][gc,phases   ] GC(154)   Other: 0.08ms
[104.709s][info][gc,heap     ] GC(154) Eden regions: 121->0(149)
[104.709s][info][gc,heap     ] GC(154) Survivor regions: 12->2(17)
[104.709s][info][gc,heap     ] GC(154) Old regions: 92->75
[104.709s][info][gc,heap     ] GC(154) Humongous regions: 1->1
[104.709s][info][gc,metaspace] GC(154) Metaspace: 41202K(41664K)->41202K(41664K) NonClass: 36872K(37120K)->36872K(37120K) Class: 4330K(4544K)->4330K(4544K)
[104.709s][info][gc          ] GC(154) Pause Young (Mixed) (G1 Evacuation Pause) 225M->77M(256M) 8.003ms
[104.709s][info][gc,cpu      ] GC(154) User=0.02s Sys=0.00s Real=0.01s
[105.662s][info][gc,start    ] GC(155) Pause Young (Mixed) (G1 Evacuation Pause)
[105.662s][info][gc,task     ] GC(155) Using 2 workers of 2 for evacuation
[105.681s][info][gc,phases   ] GC(155)   Pre Evacuate Collection Set: 0.22ms
[105.681s][info][gc,phases   ] GC(155)   Merge Heap Roots: 0.12ms
[105.681s][info][gc,phases   ] GC(155)   Evacuate Collection Set: 18.61ms
[105.681s][info][gc,phases   ] GC(155)   Post Evacuate Collection Set: 0.42ms
[105.681s][info][gc,phases   ] GC(155)   Other: 0.08ms
[105.681s][info][gc,heap     ] GC(155) Eden regions: 149->0(134)
[105.681s][info][gc,heap     ] GC(155) Survivor regions: 2->19(19)
[105.681s][info][gc,heap     ] GC(155) Old regions: 75->49
[105.681s][info][gc,heap     ] GC(155) Humongous regions: 1->1
[105.681s][info][gc,metaspace] GC(155) Metaspace: 41202K(41664K)->41202K(41664K) NonClass: 36872K(37120K)->36872K(37120K) Class: 4330K(4544K)->4330K(4544K)
[105.681s][info][gc          ] GC(155) Pause Young (Mixed) (G1 Evacuation Pause) 226M->68M(256M) 19.689ms
[105.682s][info][gc,cpu      ] GC(155) User=0.04s Sys=0.00s Real=0.02s
[106.571s][info][gc,start    ] GC(156) Pause Young (Mixed) (G1 Evacuation Pause)
[106.571s][info][gc,task     ] GC(156) Using 2 workers of 2 for evacuation
[106.601s][info][gc,phases   ] GC(156)   Pre Evacuate Collection Set: 0.18ms
[106.601s][info][gc,phases   ] GC(156)   Merge Heap Roots: 0.09ms
[106.601s][info][gc,phases   ] GC(156)   Evacuate Collection Set: 29.50ms
[106.601s][info][gc,phases   ] GC(156)   Post Evacuate Collection Set: 0.44ms
[106.601s][info][gc,phases   ] GC(156)   Other: 0.07ms
[106.601s][info][gc,heap     ] GC(156) Eden regions: 134->0(141)
[106.601s][info][gc,heap     ] GC(156) Survivor regions: 19->12(20)
[106.601s][info][gc,heap     ] GC(156) Old regions: 49->60
[106.601s][info][gc,heap     ] GC(156) Humongous regions: 1->1
[106.601s][info][gc,metaspace] GC(156) Metaspace: 41202K(41664K)->41202K(41664K) NonClass: 36872K(37120K)->36872K(37120K) Class: 4330K(4544K)->4330K(4544K)
[106.602s][info][gc          ] GC(156) Pause Young (Mixed) (G1 Evacuation Pause) 202M->72M(256M) 30.485ms
[106.602s][info][gc,cpu      ] GC(156) User=0.06s Sys=0.01s Real=0.03s
[106.896s][info][gc,start    ] GC(157) Pause Young (Concurrent Start) (G1 Humongous Allocation)
[106.896s][info][gc,task     ] GC(157) Using 2 workers of 2 for evacuation
[106.912s][info][gc,phases   ] GC(157)   Pre Evacuate Collection Set: 0.18ms
[106.912s][info][gc,phases   ] GC(157)   Merge Heap Roots: 0.06ms
[106.912s][info][gc,phases   ] GC(157)   Evacuate Collection Set: 15.25ms
[106.912s][info][gc,phases   ] GC(157)   Post Evacuate Collection Set: 0.32ms
[106.912s][info][gc,phases   ] GC(157)   Other: 0.11ms
[106.912s][info][gc,heap     ] GC(157) Eden regions: 44->0(142)
[106.912s][info][gc,heap     ] GC(157) Survivor regions: 12->6(20)
[106.912s][info][gc,heap     ] GC(157) Old regions: 60->71
[106.912s][info][gc,heap     ] GC(157) Humongous regions: 1->1
[106.912s][info][gc,metaspace] GC(157) Metaspace: 41202K(41664K)->41202K(41664K) NonClass: 36872K(37120K)->36872K(37120K) Class: 4330K(4544K)->4330K(4544K)
[106.912s][info][gc          ] GC(157) Pause Young (Concurrent Start) (G1 Humongous Allocation) 116M->78M(256M) 16.126ms
[106.912s][info][gc,cpu      ] GC(157) User=0.03s Sys=0.00s Real=0.01s
[106.912s][info][gc          ] GC(158) Concurrent Mark Cycle
[106.912s][info][gc,marking  ] GC(158) Concurrent Scan Root Regions
[106.925s][info][gc,marking  ] GC(158) Concurrent Scan Root Regions 13.466ms
[106.925s][info][gc,marking  ] GC(158) Concurrent Mark
[106.925s][info][gc,marking  ] GC(158) Concurrent Mark From Roots
[106.925s][info][gc,task     ] GC(158) Using 1 workers of 1 for marking
[106.970s][info][gc,marking  ] GC(158) Concurrent Mark From Roots 44.488ms
[106.970s][info][gc,marking  ] GC(158) Concurrent Preclean
[106.970s][info][gc,marking  ] GC(158) Concurrent Preclean 0.039ms
[106.970s][info][gc,start    ] GC(158) Pause Remark
[106.986s][info][gc          ] GC(158) Pause Remark 89M->86M(256M) 15.550ms
[106.986s][info][gc,cpu      ] GC(158) User=0.03s Sys=0.00s Real=0.02s
[106.986s][info][gc,marking  ] GC(158) Concurrent Mark 60.415ms
[106.986s][info][gc,marking  ] GC(158) Concurrent Rebuild Remembered Sets and Scrub Regions
[107.019s][info][gc,marking  ] GC(158) Concurrent Rebuild Remembered Sets and Scrub Regions 33.615ms
[107.020s][info][gc,start    ] GC(158) Pause Cleanup
[107.020s][info][gc          ] GC(158) Pause Cleanup 91M->91M(256M) 0.058ms
[107.020s][info][gc,cpu      ] GC(158) User=0.00s Sys=0.00s Real=0.00s
[107.020s][info][gc,marking  ] GC(158) Concurrent Clear Claimed Marks
[107.020s][info][gc,marking  ] GC(158) Concurrent Clear Claimed Marks 0.040ms
[107.020s][info][gc,marking  ] GC(158) Concurrent Cleanup for Next Mark
[107.021s][info][gc,marking  ] GC(158) Concurrent Cleanup for Next Mark 0.786ms
[107.021s][info][gc          ] GC(158) Concurrent Mark Cycle 108.793ms
[107.865s][info][gc,start    ] GC(159) Pause Young (Prepare Mixed) (G1 Evacuation Pause)
[107.865s][info][gc,task     ] GC(159) Using 2 workers of 2 for evacuation
[107.881s][info][gc,phases   ] GC(159)   Pre Evacuate Collection Set: 0.18ms
[107.881s][info][gc,phases   ] GC(159)   Merge Heap Roots: 0.08ms
[107.881s][info][gc,phases   ] GC(159)   Evacuate Collection Set: 15.43ms
[107.881s][info][gc,phases   ] GC(159)   Post Evacuate Collection Set: 0.42ms
[107.881s][info][gc,phases   ] GC(159)   Other: 0.10ms
[107.881s][info][gc,heap     ] GC(159) Eden regions: 142->0(136)
[107.881s][info][gc,heap     ] GC(159) Survivor regions: 6->15(19)
[107.881s][info][gc,heap     ] GC(159) Old regions: 68->68
[107.881s][info][gc,heap     ] GC(159) Humongous regions: 2->2
[107.881s][info][gc,metaspace] GC(159) Metaspace: 41203K(41664K)->41203K(41664K) NonClass: 36872K(37120K)->36872K(37120K) Class: 4330K(4544K)->4330K(4544K)
[107.881s][info][gc          ] GC(159) Pause Young (Prepare Mixed) (G1 Evacuation Pause) 218M->85M(256M) 16.421ms
[107.881s][info][gc,cpu      ] GC(159) User=0.04s Sys=0.00s Real=0.01s
[108.743s][info][gc,start    ] GC(160) Pause Young (Mixed) (G1 Evacuation Pause)
[108.743s][info][gc,task     ] GC(160) Using 2 workers of 2 for evacuation
[108.777s][info][gc,phases   ] GC(160)   Pre Evacuate Collection Set: 0.20ms
[108.778s][info][gc,phases   ] GC(160)   Merge Heap Roots: 0.33ms
[108.778s][info][gc,phases   ] GC(160)   Evacuate Collection Set: 33.56ms
[108.778s][info][gc,phases   ] GC(160)   Post Evacuate Collection Set: 0.52ms
[108.778s][info][gc,phases   ] GC(160)   Other: 0.07ms
[108.778s][info][gc,heap     ] GC(160) Eden regions: 136->0(133)
[108.778s][info][gc,heap     ] GC(160) Survivor regions: 15->16(19)
[108.778s][info][gc,heap     ] GC(160) Old regions: 68->66
[108.778s][info][gc,heap     ] GC(160) Humongous regions: 6->4
[108.778s][info][gc,metaspace] GC(160) Metaspace: 41225K(41728K)->41225K(41728K) NonClass: 36894K(37184K)->36894K(37184K) Class: 4330K(4544K)->4330K(4544K)
[108.778s][info][gc          ] GC(160) Pause Young (Mixed) (G1 Evacuation Pause) 225M->86M(257M) 34.901ms
[108.778s][info][gc,cpu      ] GC(160) User=0.07s Sys=0.00s Real=0.03s
[109.223s][info][gc,start    ] GC(161) Pause Young (Concurrent Start) (G1 Humongous Allocation)
[109.223s][info][gc,task     ] GC(161) Using 2 workers of 2 for evacuation
[109.241s][info][gc,phases   ] GC(161)   Pre Evacuate Collection Set: 0.21ms
[109.241s][info][gc,phases   ] GC(161)   Merge Heap Roots: 0.06ms
[109.241s][info][gc,phases   ] GC(161)   Evacuate Collection Set: 16.42ms
[109.241s][info][gc,phases   ] GC(161)   Post Evacuate Collection Set: 0.37ms
[109.241s][info][gc,phases   ] GC(161)   Other: 1.10ms
[109.241s][info][gc,heap     ] GC(161) Eden regions: 56->0(140)
[109.241s][info][gc,heap     ] GC(161) Survivor regions: 16->2(19)
[109.241s][info][gc,heap     ] GC(161) Old regions: 66->81
[109.241s][info][gc,heap     ] GC(161) Humongous regions: 4->2
[109.241s][info][gc,metaspace] GC(161) Metaspace: 41226K(41728K)->41226K(41728K) NonClass: 36895K(37184K)->36895K(37184K) Class: 4330K(4544K)->4330K(4544K)
[109.241s][info][gc          ] GC(161) Pause Young (Concurrent Start) (G1 Humongous Allocation) 142M->84M(257M) 18.370ms
[109.241s][info][gc,cpu      ] GC(161) User=0.04s Sys=0.00s Real=0.01s
[109.242s][info][gc          ] GC(162) Concurrent Mark Cycle
[109.242s][info][gc,marking  ] GC(162) Concurrent Scan Root Regions
[109.268s][info][gc,marking  ] GC(162) Concurrent Scan Root Regions 26.607ms
[109.268s][info][gc,marking  ] GC(162) Concurrent Mark
[109.268s][info][gc,marking  ] GC(162) Concurrent Mark From Roots
[109.268s][info][gc,task     ] GC(162) Using 1 workers of 1 for marking
[109.354s][info][gc,marking  ] GC(162) Concurrent Mark From Roots 85.914ms
[109.354s][info][gc,marking  ] GC(162) Concurrent Preclean
[109.354s][info][gc,marking  ] GC(162) Concurrent Preclean 0.049ms
[109.356s][info][gc,start    ] GC(162) Pause Remark
[109.377s][info][gc          ] GC(162) Pause Remark 101M->88M(256M) 21.830ms
[109.378s][info][gc,cpu      ] GC(162) User=0.04s Sys=0.00s Real=0.02s
[109.381s][info][gc,marking  ] GC(162) Concurrent Mark 112.961ms
[109.381s][info][gc,marking  ] GC(162) Concurrent Rebuild Remembered Sets and Scrub Regions
[109.442s][info][gc,marking  ] GC(162) Concurrent Rebuild Remembered Sets and Scrub Regions 60.337ms
[109.442s][info][gc,start    ] GC(162) Pause Cleanup
[109.442s][info][gc          ] GC(162) Pause Cleanup 93M->93M(256M) 0.089ms
[109.442s][info][gc,cpu      ] GC(162) User=0.00s Sys=0.00s Real=0.00s
[109.442s][info][gc,marking  ] GC(162) Concurrent Clear Claimed Marks
[109.442s][info][gc,marking  ] GC(162) Concurrent Clear Claimed Marks 0.049ms
[109.442s][info][gc,marking  ] GC(162) Concurrent Cleanup for Next Mark
[109.443s][info][gc,marking  ] GC(162) Concurrent Cleanup for Next Mark 0.846ms
[109.443s][info][gc          ] GC(162) Concurrent Mark Cycle 201.319ms
[110.373s][info][gc,start    ] GC(163) Pause Young (Prepare Mixed) (G1 Evacuation Pause)
[110.373s][info][gc,task     ] GC(163) Using 2 workers of 2 for evacuation
[110.386s][info][gc,phases   ] GC(163)   Pre Evacuate Collection Set: 0.16ms
[110.386s][info][gc,phases   ] GC(163)   Merge Heap Roots: 0.07ms
[110.386s][info][gc,phases   ] GC(163)   Evacuate Collection Set: 11.98ms
[110.386s][info][gc,phases   ] GC(163)   Post Evacuate Collection Set: 0.40ms
[110.386s][info][gc,phases   ] GC(163)   Other: 0.10ms
[110.386s][info][gc,heap     ] GC(163) Eden regions: 140->0(140)
[110.386s][info][gc,heap     ] GC(163) Survivor regions: 2->11(18)
[110.386s][info][gc,heap     ] GC(163) Old regions: 69->69
[110.386s][info][gc,heap     ] GC(163) Humongous regions: 18->3
[110.386s][info][gc,metaspace] GC(163) Metaspace: 41229K(41728K)->41229K(41728K) NonClass: 36898K(37184K)->36898K(37184K) Class: 4330K(4544K)->4330K(4544K)
[110.386s][info][gc          ] GC(163) Pause Young (Prepare Mixed) (G1 Evacuation Pause) 228M->82M(256M) 12.915ms
[110.386s][info][gc,cpu      ] GC(163) User=0.02s Sys=0.00s Real=0.01s
[111.366s][info][gc,start    ] GC(164) Pause Young (Mixed) (G1 Evacuation Pause)
[111.366s][info][gc,task     ] GC(164) Using 2 workers of 2 for evacuation
[111.375s][info][gc,phases   ] GC(164)   Pre Evacuate Collection Set: 0.18ms
[111.375s][info][gc,phases   ] GC(164)   Merge Heap Roots: 0.22ms
[111.375s][info][gc,phases   ] GC(164)   Evacuate Collection Set: 8.14ms
[111.375s][info][gc,phases   ] GC(164)   Post Evacuate Collection Set: 0.51ms
[111.375s][info][gc,phases   ] GC(164)   Other: 0.12ms
[111.375s][info][gc,heap     ] GC(164) Eden regions: 140->0(150)
[111.375s][info][gc,heap     ] GC(164) Survivor regions: 11->3(19)
[111.375s][info][gc,heap     ] GC(164) Old regions: 69->51
[111.375s][info][gc,heap     ] GC(164) Humongous regions: 8->3
[111.375s][info][gc,metaspace] GC(164) Metaspace: 41236K(41728K)->41236K(41728K) NonClass: 36906K(37184K)->36906K(37184K) Class: 4330K(4544K)->4330K(4544K)
[111.375s][info][gc          ] GC(164) Pause Young (Mixed) (G1 Evacuation Pause) 227M->56M(256M) 9.375ms
[111.375s][info][gc,cpu      ] GC(164) User=0.02s Sys=0.00s Real=0.01s
[111.468s][info][gc,start    ] GC(165) Pause Young (Concurrent Start) (G1 Humongous Allocation)
[111.468s][info][gc,task     ] GC(165) Using 2 workers of 2 for evacuation
[111.471s][info][gc,phases   ] GC(165)   Pre Evacuate Collection Set: 0.18ms
[111.471s][info][gc,phases   ] GC(165)   Merge Heap Roots: 0.08ms
[111.471s][info][gc,phases   ] GC(165)   Evacuate Collection Set: 2.53ms
[111.471s][info][gc,phases   ] GC(165)   Post Evacuate Collection Set: 0.27ms
[111.471s][info][gc,phases   ] GC(165)   Other: 0.14ms
[111.471s][info][gc,heap     ] GC(165) Eden regions: 13->0(151)
[111.471s][info][gc,heap     ] GC(165) Survivor regions: 3->2(20)
[111.471s][info][gc,heap     ] GC(165) Old regions: 51->51
[111.471s][info][gc,heap     ] GC(165) Humongous regions: 3->1
[111.471s][info][gc,metaspace] GC(165) Metaspace: 41236K(41728K)->41236K(41728K) NonClass: 36906K(37184K)->36906K(37184K) Class: 4330K(4544K)->4330K(4544K)
[111.471s][info][gc          ] GC(165) Pause Young (Concurrent Start) (G1 Humongous Allocation) 69M->52M(256M) 3.427ms
[111.471s][info][gc,cpu      ] GC(165) User=0.01s Sys=0.00s Real=0.00s
[111.471s][info][gc          ] GC(166) Concurrent Mark Cycle
[111.472s][info][gc,marking  ] GC(166) Concurrent Scan Root Regions
[111.475s][info][gc,marking  ] GC(166) Concurrent Scan Root Regions 3.576ms
[111.475s][info][gc,marking  ] GC(166) Concurrent Mark
[111.475s][info][gc,marking  ] GC(166) Concurrent Mark From Roots
[111.475s][info][gc,task     ] GC(166) Using 1 workers of 1 for marking
[111.575s][info][gc,marking  ] GC(166) Concurrent Mark From Roots 100.023ms
[111.575s][info][gc,marking  ] GC(166) Concurrent Preclean
[111.575s][info][gc,marking  ] GC(166) Concurrent Preclean 0.063ms
[111.576s][info][gc,start    ] GC(166) Pause Remark
[111.593s][info][gc          ] GC(166) Pause Remark 74M->72M(256M) 17.537ms
[111.593s][info][gc,cpu      ] GC(166) User=0.03s Sys=0.00s Real=0.02s
[111.593s][info][gc,marking  ] GC(166) Concurrent Mark 117.961ms
[111.593s][info][gc,marking  ] GC(166) Concurrent Rebuild Remembered Sets and Scrub Regions
[111.634s][info][gc,marking  ] GC(166) Concurrent Rebuild Remembered Sets and Scrub Regions 41.066ms
[111.635s][info][gc,start    ] GC(166) Pause Cleanup
[111.635s][info][gc          ] GC(166) Pause Cleanup 76M->76M(256M) 0.064ms
[111.635s][info][gc,cpu      ] GC(166) User=0.00s Sys=0.00s Real=0.00s
[111.635s][info][gc,marking  ] GC(166) Concurrent Clear Claimed Marks
[111.635s][info][gc,marking  ] GC(166) Concurrent Clear Claimed Marks 0.049ms
[111.635s][info][gc,marking  ] GC(166) Concurrent Cleanup for Next Mark
[111.636s][info][gc,marking  ] GC(166) Concurrent Cleanup for Next Mark 0.833ms
[111.636s][info][gc          ] GC(166) Concurrent Mark Cycle 164.241ms
[112.452s][info][gc,start    ] GC(167) Pause Young (Prepare Mixed) (G1 Evacuation Pause)
[112.452s][info][gc,task     ] GC(167) Using 2 workers of 2 for evacuation
[112.474s][info][gc,phases   ] GC(167)   Pre Evacuate Collection Set: 0.22ms
[112.474s][info][gc,phases   ] GC(167)   Merge Heap Roots: 0.06ms
[112.474s][info][gc,phases   ] GC(167)   Evacuate Collection Set: 21.38ms
[112.474s][info][gc,phases   ] GC(167)   Post Evacuate Collection Set: 0.54ms
[112.475s][info][gc,phases   ] GC(167)   Other: 0.08ms
[112.475s][info][gc,heap     ] GC(167) Eden regions: 151->0(133)
[112.475s][info][gc,heap     ] GC(167) Survivor regions: 2->20(20)
[112.475s][info][gc,heap     ] GC(167) Old regions: 49->49
[112.475s][info][gc,heap     ] GC(167) Humongous regions: 7->3
[112.475s][info][gc,metaspace] GC(167) Metaspace: 41251K(41728K)->41251K(41728K) NonClass: 36921K(37184K)->36921K(37184K) Class: 4330K(4544K)->4330K(4544K)
[112.475s][info][gc          ] GC(167) Pause Young (Prepare Mixed) (G1 Evacuation Pause) 207M->71M(256M) 22.536ms
[112.475s][info][gc,cpu      ] GC(167) User=0.04s Sys=0.00s Real=0.03s
[113.456s][info][gc,start    ] GC(168) Pause Young (Mixed) (G1 Evacuation Pause)
[113.456s][info][gc,task     ] GC(168) Using 2 workers of 2 for evacuation
[113.468s][info][gc,phases   ] GC(168)   Pre Evacuate Collection Set: 0.19ms
[113.468s][info][gc,phases   ] GC(168)   Merge Heap Roots: 0.13ms
[113.468s][info][gc,phases   ] GC(168)   Evacuate Collection Set: 10.80ms
[113.468s][info][gc,phases   ] GC(168)   Post Evacuate Collection Set: 0.44ms
[113.468s][info][gc,phases   ] GC(168)   Other: 0.07ms
[113.468s][info][gc,heap     ] GC(168) Eden regions: 133->0(148)
[113.468s][info][gc,heap     ] GC(168) Survivor regions: 20->5(20)
[113.468s][info][gc,heap     ] GC(168) Old regions: 49->42
[113.468s][info][gc,heap     ] GC(168) Humongous regions: 9->3
[113.468s][info][gc,metaspace] GC(168) Metaspace: 41258K(41728K)->41258K(41728K) NonClass: 36927K(37184K)->36927K(37184K) Class: 4330K(4544K)->4330K(4544K)
[113.468s][info][gc          ] GC(168) Pause Young (Mixed) (G1 Evacuation Pause) 210M->49M(256M) 11.864ms
[113.468s][info][gc,cpu      ] GC(168) User=0.02s Sys=0.00s Real=0.01s
[113.481s][info][gc,start    ] GC(169) Pause Young (Concurrent Start) (G1 Humongous Allocation)
[113.481s][info][gc,task     ] GC(169) Using 2 workers of 2 for evacuation
[113.483s][info][gc,phases   ] GC(169)   Pre Evacuate Collection Set: 0.16ms
[113.483s][info][gc,phases   ] GC(169)   Merge Heap Roots: 0.03ms
[113.483s][info][gc,phases   ] GC(169)   Evacuate Collection Set: 1.87ms
[113.483s][info][gc,phases   ] GC(169)   Post Evacuate Collection Set: 0.27ms
[113.483s][info][gc,phases   ] GC(169)   Other: 0.09ms
[113.483s][info][gc,heap     ] GC(169) Eden regions: 1->0(151)
[113.483s][info][gc,heap     ] GC(169) Survivor regions: 5->2(20)
[113.483s][info][gc,heap     ] GC(169) Old regions: 42->42
[113.483s][info][gc,heap     ] GC(169) Humongous regions: 3->1
[113.483s][info][gc,metaspace] GC(169) Metaspace: 41265K(41728K)->41265K(41728K) NonClass: 36935K(37184K)->36935K(37184K) Class: 4330K(4544K)->4330K(4544K)
[113.483s][info][gc          ] GC(169) Pause Young (Concurrent Start) (G1 Humongous Allocation) 50M->44M(256M) 2.616ms
[113.483s][info][gc          ] GC(170) Concurrent Mark Cycle
[113.483s][info][gc,marking  ] GC(170) Concurrent Scan Root Regions
[113.485s][info][gc,cpu      ] GC(169) User=0.01s Sys=0.00s Real=0.01s
[113.485s][info][gc,marking  ] GC(170) Concurrent Scan Root Regions 1.765ms
[113.485s][info][gc,marking  ] GC(170) Concurrent Mark
[113.485s][info][gc,marking  ] GC(170) Concurrent Mark From Roots
[113.485s][info][gc,task     ] GC(170) Using 1 workers of 1 for marking
[113.559s][info][gc,marking  ] GC(170) Concurrent Mark From Roots 74.150ms
[113.559s][info][gc,marking  ] GC(170) Concurrent Preclean
[113.559s][info][gc,marking  ] GC(170) Concurrent Preclean 0.042ms
[113.560s][info][gc,start    ] GC(170) Pause Remark
[113.576s][info][gc          ] GC(170) Pause Remark 56M->56M(256M) 16.199ms
[113.576s][info][gc,cpu      ] GC(170) User=0.03s Sys=0.00s Real=0.02s
[113.577s][info][gc,marking  ] GC(170) Concurrent Mark 92.075ms
[113.577s][info][gc,marking  ] GC(170) Concurrent Rebuild Remembered Sets and Scrub Regions
[113.601s][info][gc,marking  ] GC(170) Concurrent Rebuild Remembered Sets and Scrub Regions 23.658ms
[113.602s][info][gc,start    ] GC(170) Pause Cleanup
[113.602s][info][gc          ] GC(170) Pause Cleanup 60M->60M(256M) 0.069ms
[113.602s][info][gc,cpu      ] GC(170) User=0.00s Sys=0.00s Real=0.00s
[113.602s][info][gc,marking  ] GC(170) Concurrent Clear Claimed Marks
[113.602s][info][gc,marking  ] GC(170) Concurrent Clear Claimed Marks 0.041ms
[113.602s][info][gc,marking  ] GC(170) Concurrent Cleanup for Next Mark
[113.606s][info][gc,marking  ] GC(170) Concurrent Cleanup for Next Mark 3.965ms
[113.606s][info][gc          ] GC(170) Concurrent Mark Cycle 122.654ms
[114.549s][info][gc,start    ] GC(171) Pause Young (Prepare Mixed) (G1 Evacuation Pause)
[114.549s][info][gc,task     ] GC(171) Using 2 workers of 2 for evacuation
[114.554s][info][gc,phases   ] GC(171)   Pre Evacuate Collection Set: 0.18ms
[114.554s][info][gc,phases   ] GC(171)   Merge Heap Roots: 0.06ms
[114.554s][info][gc,phases   ] GC(171)   Evacuate Collection Set: 4.46ms
[114.554s][info][gc,phases   ] GC(171)   Post Evacuate Collection Set: 0.41ms
[114.554s][info][gc,phases   ] GC(171)   Other: 0.07ms
[114.554s][info][gc,heap     ] GC(171) Eden regions: 151->0(150)
[114.554s][info][gc,heap     ] GC(171) Survivor regions: 2->3(20)
[114.554s][info][gc,heap     ] GC(171) Old regions: 42->42
[114.554s][info][gc,heap     ] GC(171) Humongous regions: 17->3
[114.554s][info][gc,metaspace] GC(171) Metaspace: 41270K(41728K)->41270K(41728K) NonClass: 36940K(37184K)->36940K(37184K) Class: 4330K(4544K)->4330K(4544K)
[114.554s][info][gc          ] GC(171) Pause Young (Prepare Mixed) (G1 Evacuation Pause) 211M->47M(256M) 5.357ms
[114.554s][info][gc,cpu      ] GC(171) User=0.01s Sys=0.00s Real=0.01s
[115.519s][info][gc,start    ] GC(172) Pause Young (Mixed) (G1 Evacuation Pause)
[115.519s][info][gc,task     ] GC(172) Using 2 workers of 2 for evacuation
[115.532s][info][gc,phases   ] GC(172)   Pre Evacuate Collection Set: 0.20ms
[115.532s][info][gc,phases   ] GC(172)   Merge Heap Roots: 0.14ms
[115.532s][info][gc,phases   ] GC(172)   Evacuate Collection Set: 11.83ms
[115.532s][info][gc,phases   ] GC(172)   Post Evacuate Collection Set: 0.56ms
[115.532s][info][gc,phases   ] GC(172)   Other: 0.09ms
[115.532s][info][gc,heap     ] GC(172) Eden regions: 150->0(150)
[115.532s][info][gc,heap     ] GC(172) Survivor regions: 3->3(20)
[115.532s][info][gc,heap     ] GC(172) Old regions: 42->40
[115.532s][info][gc,heap     ] GC(172) Humongous regions: 13->1
[115.532s][info][gc,metaspace] GC(172) Metaspace: 41282K(41792K)->41282K(41792K) NonClass: 36951K(37248K)->36951K(37248K) Class: 4330K(4544K)->4330K(4544K)
[115.532s][info][gc          ] GC(172) Pause Young (Mixed) (G1 Evacuation Pause) 207M->42M(256M) 13.022ms
[115.532s][info][gc,cpu      ] GC(172) User=0.02s Sys=0.00s Real=0.01s
[115.540s][info][gc,start    ] GC(173) Pause Young (Concurrent Start) (G1 Humongous Allocation)
[115.540s][info][gc,task     ] GC(173) Using 2 workers of 2 for evacuation
[115.546s][info][gc,phases   ] GC(173)   Pre Evacuate Collection Set: 1.56ms
[115.546s][info][gc,phases   ] GC(173)   Merge Heap Roots: 0.05ms
[115.546s][info][gc,phases   ] GC(173)   Evacuate Collection Set: 3.71ms
[115.546s][info][gc,phases   ] GC(173)   Post Evacuate Collection Set: 0.33ms
[115.546s][info][gc,phases   ] GC(173)   Other: 0.10ms
[115.546s][info][gc,heap     ] GC(173) Eden regions: 1->0(150)
[115.546s][info][gc,heap     ] GC(173) Survivor regions: 3->3(20)
[115.546s][info][gc,heap     ] GC(173) Old regions: 40->40
[115.546s][info][gc,heap     ] GC(173) Humongous regions: 1->1
[115.546s][info][gc,metaspace] GC(173) Metaspace: 41282K(41792K)->41282K(41792K) NonClass: 36951K(37248K)->36951K(37248K) Class: 4330K(4544K)->4330K(4544K)
[115.546s][info][gc          ] GC(173) Pause Young (Concurrent Start) (G1 Humongous Allocation) 43M->43M(256M) 5.903ms
[115.546s][info][gc,cpu      ] GC(173) User=0.01s Sys=0.00s Real=0.01s
[115.546s][info][gc          ] GC(174) Concurrent Mark Cycle
[115.546s][info][gc,marking  ] GC(174) Concurrent Scan Root Regions
[115.553s][info][gc,marking  ] GC(174) Concurrent Scan Root Regions 7.161ms
[115.553s][info][gc,marking  ] GC(174) Concurrent Mark
[115.553s][info][gc,marking  ] GC(174) Concurrent Mark From Roots
[115.553s][info][gc,task     ] GC(174) Using 1 workers of 1 for marking
[115.633s][info][gc,marking  ] GC(174) Concurrent Mark From Roots 80.120ms
[115.633s][info][gc,marking  ] GC(174) Concurrent Preclean
[115.633s][info][gc,marking  ] GC(174) Concurrent Preclean 0.037ms
[115.635s][info][gc,start    ] GC(174) Pause Remark
[115.654s][info][gc          ] GC(174) Pause Remark 57M->57M(256M) 18.308ms
[115.654s][info][gc,cpu      ] GC(174) User=0.03s Sys=0.00s Real=0.02s
[115.654s][info][gc,marking  ] GC(174) Concurrent Mark 100.818ms
[115.654s][info][gc,marking  ] GC(174) Concurrent Rebuild Remembered Sets and Scrub Regions
[115.677s][info][gc,marking  ] GC(174) Concurrent Rebuild Remembered Sets and Scrub Regions 22.907ms
[115.677s][info][gc,start    ] GC(174) Pause Cleanup
[115.677s][info][gc          ] GC(174) Pause Cleanup 59M->59M(256M) 0.049ms
[115.677s][info][gc,cpu      ] GC(174) User=0.00s Sys=0.00s Real=0.00s
[115.679s][info][gc,marking  ] GC(174) Concurrent Clear Claimed Marks
[115.679s][info][gc,marking  ] GC(174) Concurrent Clear Claimed Marks 0.052ms
[115.679s][info][gc,marking  ] GC(174) Concurrent Cleanup for Next Mark
[115.680s][info][gc,marking  ] GC(174) Concurrent Cleanup for Next Mark 0.794ms
[115.680s][info][gc          ] GC(174) Concurrent Mark Cycle 134.559ms
[116.556s][info][gc,start    ] GC(175) Pause Young (Prepare Mixed) (G1 Evacuation Pause)
[116.556s][info][gc,task     ] GC(175) Using 2 workers of 2 for evacuation
[116.582s][info][gc,phases   ] GC(175)   Pre Evacuate Collection Set: 0.16ms
[116.582s][info][gc,phases   ] GC(175)   Merge Heap Roots: 0.07ms
[116.582s][info][gc,phases   ] GC(175)   Evacuate Collection Set: 24.74ms
[116.582s][info][gc,phases   ] GC(175)   Post Evacuate Collection Set: 0.51ms
[116.582s][info][gc,phases   ] GC(175)   Other: 0.07ms
[116.582s][info][gc,heap     ] GC(175) Eden regions: 150->0(130)
[116.582s][info][gc,heap     ] GC(175) Survivor regions: 3->20(20)
[116.582s][info][gc,heap     ] GC(175) Old regions: 40->47
[116.582s][info][gc,heap     ] GC(175) Humongous regions: 7->3
[116.582s][info][gc,metaspace] GC(175) Metaspace: 41287K(41792K)->41287K(41792K) NonClass: 36957K(37248K)->36957K(37248K) Class: 4330K(4544K)->4330K(4544K)
[116.582s][info][gc          ] GC(175) Pause Young (Prepare Mixed) (G1 Evacuation Pause) 199M->69M(256M) 25.800ms
[116.582s][info][gc,cpu      ] GC(175) User=0.05s Sys=0.00s Real=0.02s
[117.365s][info][gc,start    ] GC(176) Pause Young (Mixed) (G1 Evacuation Pause)
[117.365s][info][gc,task     ] GC(176) Using 2 workers of 2 for evacuation
[117.406s][info][gc,phases   ] GC(176)   Pre Evacuate Collection Set: 0.18ms
[117.406s][info][gc,phases   ] GC(176)   Merge Heap Roots: 0.32ms
[117.406s][info][gc,phases   ] GC(176)   Evacuate Collection Set: 39.56ms
[117.406s][info][gc,phases   ] GC(176)   Post Evacuate Collection Set: 0.64ms
[117.406s][info][gc,phases   ] GC(176)   Other: 0.08ms
[117.406s][info][gc,heap     ] GC(176) Eden regions: 130->0(129)
[117.406s][info][gc,heap     ] GC(176) Survivor regions: 20->15(19)
[117.406s][info][gc,heap     ] GC(176) Old regions: 47->57
[117.406s][info][gc,heap     ] GC(176) Humongous regions: 3->3
[117.406s][info][gc,metaspace] GC(176) Metaspace: 41294K(41792K)->41294K(41792K) NonClass: 36964K(37248K)->36964K(37248K) Class: 4330K(4544K)->4330K(4544K)
[117.406s][info][gc          ] GC(176) Pause Young (Mixed) (G1 Evacuation Pause) 199M->74M(256M) 41.019ms
[117.406s][info][gc,cpu      ] GC(176) User=0.08s Sys=0.00s Real=0.04s
[117.894s][info][gc,start    ] GC(177) Pause Young (Concurrent Start) (G1 Humongous Allocation)
[117.894s][info][gc,task     ] GC(177) Using 2 workers of 2 for evacuation
[117.948s][info][gc,phases   ] GC(177)   Pre Evacuate Collection Set: 0.16ms
[117.948s][info][gc,phases   ] GC(177)   Merge Heap Roots: 0.22ms
[117.948s][info][gc,phases   ] GC(177)   Evacuate Collection Set: 53.43ms
[117.948s][info][gc,phases   ] GC(177)   Post Evacuate Collection Set: 0.40ms
[117.948s][info][gc,phases   ] GC(177)   Other: 0.12ms
[117.948s][info][gc,heap     ] GC(177) Eden regions: 71->0(108)
[117.948s][info][gc,heap     ] GC(177) Survivor regions: 15->18(18)
[117.948s][info][gc,heap     ] GC(177) Old regions: 57->73
[117.948s][info][gc,heap     ] GC(177) Humongous regions: 3->1
[117.948s][info][gc,metaspace] GC(177) Metaspace: 41296K(41792K)->41296K(41792K) NonClass: 36965K(37248K)->36965K(37248K) Class: 4330K(4544K)->4330K(4544K)
[117.948s][info][gc          ] GC(177) Pause Young (Concurrent Start) (G1 Humongous Allocation) 145M->92M(256M) 54.540ms
[117.948s][info][gc          ] GC(178) Concurrent Mark Cycle
[117.948s][info][gc,marking  ] GC(178) Concurrent Scan Root Regions
[117.950s][info][gc,cpu      ] GC(177) User=0.11s Sys=0.00s Real=0.05s
[118.029s][info][gc,marking  ] GC(178) Concurrent Scan Root Regions 80.339ms
[118.029s][info][gc,marking  ] GC(178) Concurrent Mark
[118.029s][info][gc,marking  ] GC(178) Concurrent Mark From Roots
[118.029s][info][gc,task     ] GC(178) Using 1 workers of 1 for marking
[118.171s][info][gc,marking  ] GC(178) Concurrent Mark From Roots 141.800ms
[118.171s][info][gc,marking  ] GC(178) Concurrent Preclean
[118.171s][info][gc,marking  ] GC(178) Concurrent Preclean 0.041ms
[118.171s][info][gc,start    ] GC(178) Pause Remark
[118.188s][info][gc          ] GC(178) Pause Remark 138M->137M(256M) 17.296ms
[118.188s][info][gc,cpu      ] GC(178) User=0.04s Sys=0.00s Real=0.02s
[118.190s][info][gc,marking  ] GC(178) Concurrent Mark 161.455ms
[118.190s][info][gc,marking  ] GC(178) Concurrent Rebuild Remembered Sets and Scrub Regions
[118.294s][info][gc,marking  ] GC(178) Concurrent Rebuild Remembered Sets and Scrub Regions 103.344ms
[118.294s][info][gc,start    ] GC(178) Pause Cleanup
[118.294s][info][gc          ] GC(178) Pause Cleanup 149M->149M(256M) 0.076ms
[118.294s][info][gc,cpu      ] GC(178) User=0.00s Sys=0.00s Real=0.00s
[118.294s][info][gc,marking  ] GC(178) Concurrent Clear Claimed Marks
[118.294s][info][gc,marking  ] GC(178) Concurrent Clear Claimed Marks 0.064ms
[118.294s][info][gc,marking  ] GC(178) Concurrent Cleanup for Next Mark
[118.297s][info][gc,marking  ] GC(178) Concurrent Cleanup for Next Mark 2.976ms
[118.297s][info][gc          ] GC(178) Concurrent Mark Cycle 348.638ms
[118.625s][info][gc,start    ] GC(179) Pause Young (Prepare Mixed) (G1 Evacuation Pause)
[118.625s][info][gc,task     ] GC(179) Using 2 workers of 2 for evacuation
[118.679s][info][gc,phases   ] GC(179)   Pre Evacuate Collection Set: 0.18ms
[118.679s][info][gc,phases   ] GC(179)   Merge Heap Roots: 0.25ms
[118.679s][info][gc,phases   ] GC(179)   Evacuate Collection Set: 53.22ms
[118.679s][info][gc,phases   ] GC(179)   Post Evacuate Collection Set: 0.47ms
[118.679s][info][gc,phases   ] GC(179)   Other: 0.10ms
[118.679s][info][gc,heap     ] GC(179) Eden regions: 108->0(98)
[118.679s][info][gc,heap     ] GC(179) Survivor regions: 18->15(16)
[118.679s][info][gc,heap     ] GC(179) Old regions: 72->90
[118.679s][info][gc,heap     ] GC(179) Humongous regions: 5->3
[118.679s][info][gc,metaspace] GC(179) Metaspace: 41296K(41792K)->41296K(41792K) NonClass: 36965K(37248K)->36965K(37248K) Class: 4330K(4544K)->4330K(4544K)
[118.679s][info][gc          ] GC(179) Pause Young (Prepare Mixed) (G1 Evacuation Pause) 203M->108M(256M) 54.427ms
[118.679s][info][gc,cpu      ] GC(179) User=0.11s Sys=0.00s Real=0.05s
[119.298s][info][gc,start    ] GC(180) Pause Young (Mixed) (G1 Evacuation Pause)
[119.298s][info][gc,task     ] GC(180) Using 2 workers of 2 for evacuation
[119.314s][info][gc,phases   ] GC(180)   Pre Evacuate Collection Set: 0.25ms
[119.314s][info][gc,phases   ] GC(180)   Merge Heap Roots: 0.36ms
[119.314s][info][gc,phases   ] GC(180)   Evacuate Collection Set: 15.52ms
[119.314s][info][gc,phases   ] GC(180)   Post Evacuate Collection Set: 0.48ms
[119.314s][info][gc,phases   ] GC(180)   Other: 0.11ms
[119.314s][info][gc,heap     ] GC(180) Eden regions: 98->0(113)
[119.314s][info][gc,heap     ] GC(180) Survivor regions: 15->3(15)
[119.314s][info][gc,heap     ] GC(180) Old regions: 90->92
[119.314s][info][gc,heap     ] GC(180) Humongous regions: 11->3
[119.314s][info][gc,metaspace] GC(180) Metaspace: 41299K(41792K)->41299K(41792K) NonClass: 36968K(37248K)->36968K(37248K) Class: 4330K(4544K)->4330K(4544K)
[119.314s][info][gc          ] GC(180) Pause Young (Mixed) (G1 Evacuation Pause) 214M->97M(256M) 16.943ms
[119.314s][info][gc,cpu      ] GC(180) User=0.03s Sys=0.00s Real=0.02s
[119.594s][info][gc,start    ] GC(181) Pause Young (Concurrent Start) (G1 Humongous Allocation)
[119.594s][info][gc,task     ] GC(181) Using 2 workers of 2 for evacuation
[119.597s][info][gc,phases   ] GC(181)   Pre Evacuate Collection Set: 0.17ms
[119.597s][info][gc,phases   ] GC(181)   Merge Heap Roots: 0.04ms
[119.597s][info][gc,phases   ] GC(181)   Evacuate Collection Set: 1.87ms
[119.597s][info][gc,phases   ] GC(181)   Post Evacuate Collection Set: 0.41ms
[119.597s][info][gc,phases   ] GC(181)   Other: 0.14ms
[119.597s][info][gc,heap     ] GC(181) Eden regions: 47->0(125)
[119.597s][info][gc,heap     ] GC(181) Survivor regions: 3->1(15)
[119.597s][info][gc,heap     ] GC(181) Old regions: 92->92
[119.597s][info][gc,heap     ] GC(181) Humongous regions: 3->1
[119.597s][info][gc,metaspace] GC(181) Metaspace: 41299K(41792K)->41299K(41792K) NonClass: 36969K(37248K)->36969K(37248K) Class: 4330K(4544K)->4330K(4544K)
[119.597s][info][gc          ] GC(181) Pause Young (Concurrent Start) (G1 Humongous Allocation) 144M->94M(256M) 2.857ms
[119.597s][info][gc,cpu      ] GC(181) User=0.00s Sys=0.00s Real=0.00s
[119.597s][info][gc          ] GC(182) Concurrent Mark Cycle
[119.597s][info][gc,marking  ] GC(182) Concurrent Scan Root Regions
[119.601s][info][gc,marking  ] GC(182) Concurrent Scan Root Regions 3.509ms
[119.602s][info][gc,marking  ] GC(182) Concurrent Mark
[119.602s][info][gc,marking  ] GC(182) Concurrent Mark From Roots
[119.602s][info][gc,task     ] GC(182) Using 1 workers of 1 for marking
[119.674s][info][gc,marking  ] GC(182) Concurrent Mark From Roots 72.606ms
[119.674s][info][gc,marking  ] GC(182) Concurrent Preclean
[119.674s][info][gc,marking  ] GC(182) Concurrent Preclean 0.069ms
[119.674s][info][gc,start    ] GC(182) Pause Remark
[119.698s][info][gc          ] GC(182) Pause Remark 107M->97M(256M) 23.197ms
[119.698s][info][gc,cpu      ] GC(182) User=0.05s Sys=0.00s Real=0.02s
[119.700s][info][gc,marking  ] GC(182) Concurrent Mark 98.642ms
[119.700s][info][gc,marking  ] GC(182) Concurrent Rebuild Remembered Sets and Scrub Regions
[119.750s][info][gc,marking  ] GC(182) Concurrent Rebuild Remembered Sets and Scrub Regions 49.831ms
[119.750s][info][gc,start    ] GC(182) Pause Cleanup
[119.750s][info][gc          ] GC(182) Pause Cleanup 103M->103M(256M) 0.073ms
[119.750s][info][gc,cpu      ] GC(182) User=0.00s Sys=0.00s Real=0.00s
[119.751s][info][gc,marking  ] GC(182) Concurrent Clear Claimed Marks
[119.751s][info][gc,marking  ] GC(182) Concurrent Clear Claimed Marks 0.049ms
[119.751s][info][gc,marking  ] GC(182) Concurrent Cleanup for Next Mark
[119.754s][info][gc,marking  ] GC(182) Concurrent Cleanup for Next Mark 3.331ms
[119.754s][info][gc          ] GC(182) Concurrent Mark Cycle 156.815ms
[120.324s][info][gc,start    ] GC(183) Pause Young (Prepare Mixed) (G1 Evacuation Pause)
[120.324s][info][gc,task     ] GC(183) Using 2 workers of 2 for evacuation
[120.340s][info][gc,phases   ] GC(183)   Pre Evacuate Collection Set: 0.21ms
[120.340s][info][gc,phases   ] GC(183)   Merge Heap Roots: 0.11ms
[120.340s][info][gc,phases   ] GC(183)   Evacuate Collection Set: 15.70ms
[120.340s][info][gc,phases   ] GC(183)   Post Evacuate Collection Set: 0.42ms
[120.340s][info][gc,phases   ] GC(183)   Other: 0.08ms
[120.340s][info][gc,heap     ] GC(183) Eden regions: 125->0(121)
[120.340s][info][gc,heap     ] GC(183) Survivor regions: 1->13(16)
[120.340s][info][gc,heap     ] GC(183) Old regions: 82->82
[120.340s][info][gc,heap     ] GC(183) Humongous regions: 5->3
[120.340s][info][gc,metaspace] GC(183) Metaspace: 41301K(41792K)->41301K(41792K) NonClass: 36970K(37248K)->36970K(37248K) Class: 4330K(4544K)->4330K(4544K)
[120.340s][info][gc          ] GC(183) Pause Young (Prepare Mixed) (G1 Evacuation Pause) 213M->97M(256M) 16.762ms
[120.340s][info][gc,cpu      ] GC(183) User=0.02s Sys=0.00s Real=0.01s
[120.999s][info][gc,start    ] GC(184) Pause Young (Mixed) (G1 Evacuation Pause)
[120.999s][info][gc,task     ] GC(184) Using 2 workers of 2 for evacuation
[121.006s][info][gc,phases   ] GC(184)   Pre Evacuate Collection Set: 0.19ms
[121.006s][info][gc,phases   ] GC(184)   Merge Heap Roots: 0.08ms
[121.006s][info][gc,phases   ] GC(184)   Evacuate Collection Set: 6.06ms
[121.006s][info][gc,phases   ] GC(184)   Post Evacuate Collection Set: 0.46ms
[121.006s][info][gc,phases   ] GC(184)   Other: 0.10ms
[121.006s][info][gc,heap     ] GC(184) Eden regions: 121->0(148)
[121.006s][info][gc,heap     ] GC(184) Survivor regions: 13->5(17)
[121.006s][info][gc,heap     ] GC(184) Old regions: 82->58
[121.006s][info][gc,heap     ] GC(184) Humongous regions: 9->3
[121.006s][info][gc,metaspace] GC(184) Metaspace: 41308K(41792K)->41308K(41792K) NonClass: 36977K(37248K)->36977K(37248K) Class: 4330K(4544K)->4330K(4544K)
[121.006s][info][gc          ] GC(184) Pause Young (Mixed) (G1 Evacuation Pause) 224M->64M(256M) 7.096ms
[121.006s][info][gc,cpu      ] GC(184) User=0.01s Sys=0.00s Real=0.01s
[121.679s][info][gc,start    ] GC(185) Pause Young (Mixed) (G1 Evacuation Pause)
[121.679s][info][gc,task     ] GC(185) Using 2 workers of 2 for evacuation
[121.717s][info][gc,phases   ] GC(185)   Pre Evacuate Collection Set: 3.07ms
[121.717s][info][gc,phases   ] GC(185)   Merge Heap Roots: 1.61ms
[121.717s][info][gc,phases   ] GC(185)   Evacuate Collection Set: 32.93ms
[121.717s][info][gc,phases   ] GC(185)   Post Evacuate Collection Set: 0.49ms
[121.717s][info][gc,phases   ] GC(185)   Other: 0.11ms
[121.717s][info][gc,heap     ] GC(185) Eden regions: 148->0(142)
[121.717s][info][gc,heap     ] GC(185) Survivor regions: 5->11(20)
[121.717s][info][gc,heap     ] GC(185) Old regions: 58->47
[121.717s][info][gc,heap     ] GC(185) Humongous regions: 7->3
[121.717s][info][gc,metaspace] GC(185) Metaspace: 41308K(41792K)->41308K(41792K) NonClass: 36977K(37248K)->36977K(37248K) Class: 4330K(4544K)->4330K(4544K)
[121.717s][info][gc          ] GC(185) Pause Young (Mixed) (G1 Evacuation Pause) 216M->60M(256M) 38.436ms
[121.717s][info][gc,cpu      ] GC(185) User=0.05s Sys=0.00s Real=0.04s
[121.912s][info][gc,start    ] GC(186) Pause Young (Concurrent Start) (G1 Humongous Allocation)
[121.912s][info][gc,task     ] GC(186) Using 2 workers of 2 for evacuation
[121.916s][info][gc,phases   ] GC(186)   Pre Evacuate Collection Set: 0.17ms
[121.916s][info][gc,phases   ] GC(186)   Merge Heap Roots: 0.04ms
[121.916s][info][gc,phases   ] GC(186)   Evacuate Collection Set: 3.30ms
[121.916s][info][gc,phases   ] GC(186)   Post Evacuate Collection Set: 0.34ms
[121.916s][info][gc,phases   ] GC(186)   Other: 0.13ms
[121.916s][info][gc,heap     ] GC(186) Eden regions: 34->0(152)
[121.916s][info][gc,heap     ] GC(186) Survivor regions: 11->1(20)
[121.916s][info][gc,heap     ] GC(186) Old regions: 47->48
[121.916s][info][gc,heap     ] GC(186) Humongous regions: 3->1
[121.916s][info][gc,metaspace] GC(186) Metaspace: 41313K(41792K)->41313K(41792K) NonClass: 36982K(37248K)->36982K(37248K) Class: 4330K(4544K)->4330K(4544K)
[121.916s][info][gc          ] GC(186) Pause Young (Concurrent Start) (G1 Humongous Allocation) 94M->49M(256M) 4.178ms
[121.916s][info][gc,cpu      ] GC(186) User=0.01s Sys=0.00s Real=0.00s
[121.916s][info][gc          ] GC(187) Concurrent Mark Cycle
[121.917s][info][gc,marking  ] GC(187) Concurrent Scan Root Regions
[121.921s][info][gc,marking  ] GC(187) Concurrent Scan Root Regions 4.877ms
[121.921s][info][gc,marking  ] GC(187) Concurrent Mark
[121.921s][info][gc,marking  ] GC(187) Concurrent Mark From Roots
[121.921s][info][gc,task     ] GC(187) Using 1 workers of 1 for marking
[121.990s][info][gc,marking  ] GC(187) Concurrent Mark From Roots 69.026ms
[121.991s][info][gc,marking  ] GC(187) Concurrent Preclean
[121.991s][info][gc,marking  ] GC(187) Concurrent Preclean 0.042ms
[121.991s][info][gc,start    ] GC(187) Pause Remark
[122.007s][info][gc          ] GC(187) Pause Remark 64M->64M(256M) 16.122ms
[122.007s][info][gc,cpu      ] GC(187) User=0.03s Sys=0.00s Real=0.02s
[122.007s][info][gc,marking  ] GC(187) Concurrent Mark 85.567ms
[122.007s][info][gc,marking  ] GC(187) Concurrent Rebuild Remembered Sets and Scrub Regions
[122.038s][info][gc,marking  ] GC(187) Concurrent Rebuild Remembered Sets and Scrub Regions 30.561ms
[122.038s][info][gc,start    ] GC(187) Pause Cleanup
[122.038s][info][gc          ] GC(187) Pause Cleanup 75M->75M(256M) 0.048ms
[122.038s][info][gc,cpu      ] GC(187) User=0.00s Sys=0.00s Real=0.00s
[122.038s][info][gc,marking  ] GC(187) Concurrent Clear Claimed Marks
[122.038s][info][gc,marking  ] GC(187) Concurrent Clear Claimed Marks 0.041ms
[122.038s][info][gc,marking  ] GC(187) Concurrent Cleanup for Next Mark
[122.039s][info][gc,marking  ] GC(187) Concurrent Cleanup for Next Mark 0.765ms
[122.039s][info][gc          ] GC(187) Concurrent Mark Cycle 122.224ms
[122.872s][info][gc,start    ] GC(188) Pause Young (Prepare Mixed) (G1 Evacuation Pause)
[122.872s][info][gc,task     ] GC(188) Using 2 workers of 2 for evacuation
[122.877s][info][gc,phases   ] GC(188)   Pre Evacuate Collection Set: 0.16ms
[122.877s][info][gc,phases   ] GC(188)   Merge Heap Roots: 0.06ms
[122.877s][info][gc,phases   ] GC(188)   Evacuate Collection Set: 4.02ms
[122.877s][info][gc,phases   ] GC(188)   Post Evacuate Collection Set: 0.44ms
[122.877s][info][gc,phases   ] GC(188)   Other: 0.11ms
[122.877s][info][gc,heap     ] GC(188) Eden regions: 152->0(149)
[122.877s][info][gc,heap     ] GC(188) Survivor regions: 1->4(20)
[122.877s][info][gc,heap     ] GC(188) Old regions: 48->48
[122.877s][info][gc,heap     ] GC(188) Humongous regions: 9->3
[122.877s][info][gc,metaspace] GC(188) Metaspace: 41329K(41792K)->41329K(41792K) NonClass: 36999K(37248K)->36999K(37248K) Class: 4330K(4544K)->4330K(4544K)
[122.877s][info][gc          ] GC(188) Pause Young (Prepare Mixed) (G1 Evacuation Pause) 209M->54M(256M) 4.992ms
[122.877s][info][gc,cpu      ] GC(188) User=0.01s Sys=0.00s Real=0.01s
[123.343s][info][gc,start    ] GC(189) Pause Young (Mixed) (G1 Evacuation Pause)
[123.343s][info][gc,task     ] GC(189) Using 2 workers of 2 for evacuation
[123.385s][info][gc,phases   ] GC(189)   Pre Evacuate Collection Set: 0.20ms
[123.385s][info][gc,phases   ] GC(189)   Merge Heap Roots: 0.06ms
[123.385s][info][gc,phases   ] GC(189)   Evacuate Collection Set: 40.66ms
[123.385s][info][gc,phases   ] GC(189)   Post Evacuate Collection Set: 0.57ms
[123.385s][info][gc,phases   ] GC(189)   Other: 0.07ms
[123.385s][info][gc,heap     ] GC(189) Eden regions: 149->0(125)
[123.385s][info][gc,heap     ] GC(189) Survivor regions: 4->20(20)
[123.385s][info][gc,heap     ] GC(189) Old regions: 48->64
[123.385s][info][gc,heap     ] GC(189) Humongous regions: 3->3
[123.385s][info][gc,metaspace] GC(189) Metaspace: 41329K(41792K)->41329K(41792K) NonClass: 36999K(37248K)->36999K(37248K) Class: 4330K(4544K)->4330K(4544K)
[123.385s][info][gc          ] GC(189) Pause Young (Mixed) (G1 Evacuation Pause) 203M->86M(256M) 41.763ms
[123.385s][info][gc,cpu      ] GC(189) User=0.08s Sys=0.00s Real=0.04s
[124.132s][info][gc,start    ] GC(190) Pause Young (Concurrent Start) (G1 Evacuation Pause)
[124.132s][info][gc,task     ] GC(190) Using 2 workers of 2 for evacuation
[124.190s][info][gc,phases   ] GC(190)   Pre Evacuate Collection Set: 0.22ms
[124.190s][info][gc,phases   ] GC(190)   Merge Heap Roots: 0.24ms
[124.190s][info][gc,phases   ] GC(190)   Evacuate Collection Set: 56.96ms
[124.190s][info][gc,phases   ] GC(190)   Post Evacuate Collection Set: 0.75ms
[124.190s][info][gc,phases   ] GC(190)   Other: 0.10ms
[124.190s][info][gc,heap     ] GC(190) Eden regions: 125->0(126)
[124.190s][info][gc,heap     ] GC(190) Survivor regions: 20->19(19)
[124.190s][info][gc,heap     ] GC(190) Old regions: 64->84
[124.190s][info][gc,heap     ] GC(190) Humongous regions: 3->3
[124.190s][info][gc,metaspace] GC(190) Metaspace: 41329K(41792K)->41329K(41792K) NonClass: 36999K(37248K)->36999K(37248K) Class: 4330K(4544K)->4330K(4544K)
[124.190s][info][gc          ] GC(190) Pause Young (Concurrent Start) (G1 Evacuation Pause) 211M->105M(285M) 58.471ms
[124.190s][info][gc          ] GC(191) Concurrent Mark Cycle
[124.190s][info][gc,marking  ] GC(191) Concurrent Scan Root Regions
[124.191s][info][gc,cpu      ] GC(190) User=0.12s Sys=0.00s Real=0.06s
[124.243s][info][gc,marking  ] GC(191) Concurrent Scan Root Regions 52.584ms
[124.243s][info][gc,marking  ] GC(191) Concurrent Mark
[124.243s][info][gc,marking  ] GC(191) Concurrent Mark From Roots
[124.243s][info][gc,task     ] GC(191) Using 1 workers of 1 for marking
[124.339s][info][gc,marking  ] GC(191) Concurrent Mark From Roots 96.189ms
[124.339s][info][gc,marking  ] GC(191) Concurrent Preclean
[124.339s][info][gc,marking  ] GC(191) Concurrent Preclean 0.044ms
[124.340s][info][gc,start    ] GC(191) Pause Remark
[124.356s][info][gc          ] GC(191) Pause Remark 119M->119M(285M) 16.276ms
[124.356s][info][gc,cpu      ] GC(191) User=0.04s Sys=0.00s Real=0.02s
[124.356s][info][gc,marking  ] GC(191) Concurrent Mark 112.807ms
[124.356s][info][gc,marking  ] GC(191) Concurrent Rebuild Remembered Sets and Scrub Regions
[124.408s][info][gc,marking  ] GC(191) Concurrent Rebuild Remembered Sets and Scrub Regions 52.209ms
[124.408s][info][gc,start    ] GC(191) Pause Cleanup
[124.408s][info][gc          ] GC(191) Pause Cleanup 124M->124M(285M) 0.051ms
[124.408s][info][gc,cpu      ] GC(191) User=0.00s Sys=0.00s Real=0.00s
[124.408s][info][gc,marking  ] GC(191) Concurrent Clear Claimed Marks
[124.408s][info][gc,marking  ] GC(191) Concurrent Clear Claimed Marks 0.038ms
[124.408s][info][gc,marking  ] GC(191) Concurrent Cleanup for Next Mark
[124.410s][info][gc,marking  ] GC(191) Concurrent Cleanup for Next Mark 1.187ms
[124.410s][info][gc          ] GC(191) Concurrent Mark Cycle 219.175ms
[125.194s][info][gc,start    ] GC(192) Pause Young (Prepare Mixed) (G1 Evacuation Pause)
[125.194s][info][gc,task     ] GC(192) Using 2 workers of 2 for evacuation
[125.266s][info][gc,phases   ] GC(192)   Pre Evacuate Collection Set: 0.20ms
[125.266s][info][gc,phases   ] GC(192)   Merge Heap Roots: 0.35ms
[125.266s][info][gc,phases   ] GC(192)   Evacuate Collection Set: 70.59ms
[125.266s][info][gc,phases   ] GC(192)   Post Evacuate Collection Set: 0.48ms
[125.266s][info][gc,phases   ] GC(192)   Other: 0.09ms
[125.266s][info][gc,heap     ] GC(192) Eden regions: 126->0(94)
[125.266s][info][gc,heap     ] GC(192) Survivor regions: 19->19(19)
[125.266s][info][gc,heap     ] GC(192) Old regions: 84->119
[125.266s][info][gc,heap     ] GC(192) Humongous regions: 3->3
[125.266s][info][gc,metaspace] GC(192) Metaspace: 41329K(41792K)->41329K(41792K) NonClass: 36999K(37248K)->36999K(37248K) Class: 4330K(4544K)->4330K(4544K)
[125.266s][info][gc          ] GC(192) Pause Young (Prepare Mixed) (G1 Evacuation Pause) 231M->140M(286M) 71.952ms
[125.266s][info][gc,cpu      ] GC(192) User=0.14s Sys=0.00s Real=0.07s
[125.765s][info][gc,start    ] GC(193) Pause Young (Mixed) (G1 Evacuation Pause)
[125.765s][info][gc,task     ] GC(193) Using 2 workers of 2 for evacuation
[125.825s][info][gc,phases   ] GC(193)   Pre Evacuate Collection Set: 0.22ms
[125.825s][info][gc,phases   ] GC(193)   Merge Heap Roots: 0.26ms
[125.825s][info][gc,phases   ] GC(193)   Evacuate Collection Set: 58.51ms
[125.825s][info][gc,phases   ] GC(193)   Post Evacuate Collection Set: 0.51ms
[125.825s][info][gc,phases   ] GC(193)   Other: 0.09ms
[125.825s][info][gc,heap     ] GC(193) Eden regions: 94->0(82)
[125.825s][info][gc,heap     ] GC(193) Survivor regions: 19->15(15)
[125.825s][info][gc,heap     ] GC(193) Old regions: 119->140
[125.825s][info][gc,heap     ] GC(193) Humongous regions: 5->3
[125.825s][info][gc,metaspace] GC(193) Metaspace: 41347K(41792K)->41347K(41792K) NonClass: 37017K(37248K)->37017K(37248K) Class: 4330K(4544K)->4330K(4544K)
[125.825s][info][gc          ] GC(193) Pause Young (Mixed) (G1 Evacuation Pause) 236M->157M(286M) 59.852ms
[125.825s][info][gc,cpu      ] GC(193) User=0.12s Sys=0.00s Real=0.06s
[126.118s][info][gc,start    ] GC(194) Pause Young (Concurrent Start) (G1 Humongous Allocation)
[126.118s][info][gc,task     ] GC(194) Using 2 workers of 2 for evacuation
[126.141s][info][gc,phases   ] GC(194)   Pre Evacuate Collection Set: 0.20ms
[126.141s][info][gc,phases   ] GC(194)   Merge Heap Roots: 0.10ms
[126.141s][info][gc,phases   ] GC(194)   Evacuate Collection Set: 21.59ms
[126.141s][info][gc,phases   ] GC(194)   Post Evacuate Collection Set: 0.38ms
[126.141s][info][gc,phases   ] GC(194)   Other: 0.11ms
[126.141s][info][gc,heap     ] GC(194) Eden regions: 42->0(85)
[126.141s][info][gc,heap     ] GC(194) Survivor regions: 15->6(13)
[126.141s][info][gc,heap     ] GC(194) Old regions: 140->150
[126.141s][info][gc,heap     ] GC(194) Humongous regions: 3->1
[126.141s][info][gc,metaspace] GC(194) Metaspace: 41348K(41792K)->41348K(41792K) NonClass: 37017K(37248K)->37017K(37248K) Class: 4330K(4544K)->4330K(4544K)
[126.141s][info][gc          ] GC(194) Pause Young (Concurrent Start) (G1 Humongous Allocation) 199M->156M(286M) 22.633ms
[126.141s][info][gc,cpu      ] GC(194) User=0.05s Sys=0.00s Real=0.02s
[126.141s][info][gc          ] GC(195) Concurrent Mark Cycle
[126.141s][info][gc,marking  ] GC(195) Concurrent Scan Root Regions
[126.160s][info][gc,marking  ] GC(195) Concurrent Scan Root Regions 19.168ms
[126.160s][info][gc,marking  ] GC(195) Concurrent Mark
[126.160s][info][gc,marking  ] GC(195) Concurrent Mark From Roots
[126.160s][info][gc,task     ] GC(195) Using 1 workers of 1 for marking
[126.284s][info][gc,marking  ] GC(195) Concurrent Mark From Roots 124.045ms
[126.284s][info][gc,marking  ] GC(195) Concurrent Preclean
[126.284s][info][gc,marking  ] GC(195) Concurrent Preclean 0.040ms
[126.285s][info][gc,start    ] GC(195) Pause Remark
[126.302s][info][gc          ] GC(195) Pause Remark 174M->174M(286M) 17.558ms
[126.302s][info][gc,cpu      ] GC(195) User=0.03s Sys=0.00s Real=0.01s
[126.302s][info][gc,marking  ] GC(195) Concurrent Mark 141.889ms
[126.302s][info][gc,marking  ] GC(195) Concurrent Rebuild Remembered Sets and Scrub Regions
[126.386s][info][gc,marking  ] GC(195) Concurrent Rebuild Remembered Sets and Scrub Regions 84.256ms
[126.387s][info][gc,start    ] GC(195) Pause Cleanup
[126.387s][info][gc          ] GC(195) Pause Cleanup 180M->180M(286M) 0.094ms
[126.387s][info][gc,cpu      ] GC(195) User=0.00s Sys=0.00s Real=0.00s
[126.387s][info][gc,marking  ] GC(195) Concurrent Clear Claimed Marks
[126.387s][info][gc,marking  ] GC(195) Concurrent Clear Claimed Marks 0.042ms
[126.387s][info][gc,marking  ] GC(195) Concurrent Cleanup for Next Mark
[126.388s][info][gc,marking  ] GC(195) Concurrent Cleanup for Next Mark 0.905ms
[126.388s][info][gc          ] GC(195) Concurrent Mark Cycle 246.747ms
[126.655s][info][gc,start    ] GC(196) Pause Young (Prepare Mixed) (G1 Evacuation Pause)
[126.655s][info][gc,task     ] GC(196) Using 2 workers of 2 for evacuation
[126.681s][info][gc,phases   ] GC(196)   Pre Evacuate Collection Set: 0.21ms
[126.681s][info][gc,phases   ] GC(196)   Merge Heap Roots: 0.11ms
[126.682s][info][gc,phases   ] GC(196)   Evacuate Collection Set: 25.24ms
[126.682s][info][gc,phases   ] GC(196)   Post Evacuate Collection Set: 0.47ms
[126.682s][info][gc,phases   ] GC(196)   Other: 0.08ms
[126.682s][info][gc,heap     ] GC(196) Eden regions: 85->0(80)
[126.682s][info][gc,heap     ] GC(196) Survivor regions: 6->12(12)
[126.682s][info][gc,heap     ] GC(196) Old regions: 150->152
[126.682s][info][gc,heap     ] GC(196) Humongous regions: 5->3
[126.682s][info][gc,metaspace] GC(196) Metaspace: 41349K(41792K)->41349K(41792K) NonClass: 37019K(37248K)->37019K(37248K) Class: 4330K(4544K)->4330K(4544K)
[126.682s][info][gc          ] GC(196) Pause Young (Prepare Mixed) (G1 Evacuation Pause) 245M->167M(286M) 26.315ms
[126.682s][info][gc,cpu      ] GC(196) User=0.03s Sys=0.00s Real=0.02s
[127.019s][info][gc,start    ] GC(197) Pause Young (Mixed) (G1 Evacuation Pause)
[127.019s][info][gc,task     ] GC(197) Using 2 workers of 2 for evacuation
[127.039s][info][gc,phases   ] GC(197)   Pre Evacuate Collection Set: 0.18ms
[127.039s][info][gc,phases   ] GC(197)   Merge Heap Roots: 0.17ms
[127.039s][info][gc,phases   ] GC(197)   Evacuate Collection Set: 19.31ms
[127.039s][info][gc,phases   ] GC(197)   Post Evacuate Collection Set: 0.45ms
[127.039s][info][gc,phases   ] GC(197)   Other: 0.09ms
[127.039s][info][gc,heap     ] GC(197) Eden regions: 80->0(102)
[127.039s][info][gc,heap     ] GC(197) Survivor regions: 12->5(12)
[127.039s][info][gc,heap     ] GC(197) Old regions: 152->136
[127.039s][info][gc,heap     ] GC(197) Humongous regions: 9->1
[127.039s][info][gc,metaspace] GC(197) Metaspace: 41349K(41792K)->41349K(41792K) NonClass: 37019K(37248K)->37019K(37248K) Class: 4330K(4544K)->4330K(4544K)
[127.039s][info][gc          ] GC(197) Pause Young (Mixed) (G1 Evacuation Pause) 253M->141M(286M) 20.394ms
[127.039s][info][gc,cpu      ] GC(197) User=0.04s Sys=0.00s Real=0.02s
[127.400s][info][gc,start    ] GC(198) Pause Young (Mixed) (G1 Evacuation Pause)
[127.400s][info][gc,task     ] GC(198) Using 2 workers of 2 for evacuation
[127.446s][info][gc,phases   ] GC(198)   Pre Evacuate Collection Set: 0.23ms
[127.446s][info][gc,phases   ] GC(198)   Merge Heap Roots: 0.36ms
[127.446s][info][gc,phases   ] GC(198)   Evacuate Collection Set: 44.04ms
[127.446s][info][gc,phases   ] GC(198)   Post Evacuate Collection Set: 0.96ms
[127.446s][info][gc,phases   ] GC(198)   Other: 0.11ms
[127.446s][info][gc,heap     ] GC(198) Eden regions: 102->0(131)
[127.446s][info][gc,heap     ] GC(198) Survivor regions: 5->14(14)
[127.446s][info][gc,heap     ] GC(198) Old regions: 136->138
[127.446s][info][gc,heap     ] GC(198) Humongous regions: 4->4
[127.446s][info][gc,metaspace] GC(198) Metaspace: 41367K(41856K)->41367K(41856K) NonClass: 37037K(37312K)->37037K(37312K) Class: 4330K(4544K)->4330K(4544K)
[127.446s][info][gc          ] GC(198) Pause Young (Mixed) (G1 Evacuation Pause) 246M->155M(360M) 45.901ms
[127.446s][info][gc,cpu      ] GC(198) User=0.08s Sys=0.00s Real=0.05s
[128.173s][info][gc,start    ] GC(199) Pause Young (Mixed) (G1 Evacuation Pause)
[128.173s][info][gc,task     ] GC(199) Using 2 workers of 2 for evacuation
[128.230s][info][gc,phases   ] GC(199)   Pre Evacuate Collection Set: 0.30ms
[128.230s][info][gc,phases   ] GC(199)   Merge Heap Roots: 1.16ms
[128.230s][info][gc,phases   ] GC(199)   Evacuate Collection Set: 51.02ms
[128.230s][info][gc,phases   ] GC(199)   Merge Optional Heap Roots: 0.13ms
[128.230s][info][gc,phases   ] GC(199)   Evacuate Optional Collection Set: 4.19ms
[128.230s][info][gc,phases   ] GC(199)   Post Evacuate Collection Set: 0.64ms
[128.230s][info][gc,phases   ] GC(199)   Other: 0.13ms
[128.230s][info][gc,heap     ] GC(199) Eden regions: 131->0(124)
[128.230s][info][gc,heap     ] GC(199) Survivor regions: 14->19(19)
[128.230s][info][gc,heap     ] GC(199) Old regions: 138->144
[128.230s][info][gc,heap     ] GC(199) Humongous regions: 5->4
[128.230s][info][gc,metaspace] GC(199) Metaspace: 41373K(41856K)->41373K(41856K) NonClass: 37042K(37312K)->37042K(37312K) Class: 4330K(4544K)->4330K(4544K)
[128.231s][info][gc          ] GC(199) Pause Young (Mixed) (G1 Evacuation Pause) 287M->167M(360M) 57.845ms
[128.231s][info][gc,cpu      ] GC(199) User=0.12s Sys=0.00s Real=0.05s
[128.732s][info][gc,start    ] GC(200) Pause Young (Mixed) (G1 Evacuation Pause)
[128.733s][info][gc,task     ] GC(200) Using 2 workers of 2 for evacuation
[128.781s][info][gc,phases   ] GC(200)   Pre Evacuate Collection Set: 0.27ms
[128.781s][info][gc,phases   ] GC(200)   Merge Heap Roots: 0.88ms
[128.781s][info][gc,phases   ] GC(200)   Evacuate Collection Set: 46.75ms
[128.781s][info][gc,phases   ] GC(200)   Post Evacuate Collection Set: 0.41ms
[128.781s][info][gc,phases   ] GC(200)   Other: 0.09ms
[128.781s][info][gc,heap     ] GC(200) Eden regions: 124->0(101)
[128.781s][info][gc,heap     ] GC(200) Survivor regions: 19->18(18)
[128.781s][info][gc,heap     ] GC(200) Old regions: 144->172
[128.781s][info][gc,heap     ] GC(200) Humongous regions: 5->5
[128.781s][info][gc,metaspace] GC(200) Metaspace: 41373K(41856K)->41373K(41856K) NonClass: 37043K(37312K)->37043K(37312K) Class: 4330K(4544K)->4330K(4544K)
[128.781s][info][gc          ] GC(200) Pause Young (Mixed) (G1 Evacuation Pause) 292M->194M(360M) 48.611ms
[128.781s][info][gc,cpu      ] GC(200) User=0.09s Sys=0.00s Real=0.04s
[128.977s][info][gc,start    ] GC(201) Pause Young (Concurrent Start) (G1 Humongous Allocation)
[128.977s][info][gc,task     ] GC(201) Using 2 workers of 2 for evacuation
[129.002s][info][gc,phases   ] GC(201)   Pre Evacuate Collection Set: 0.23ms
[129.002s][info][gc,phases   ] GC(201)   Merge Heap Roots: 0.19ms
[129.002s][info][gc,phases   ] GC(201)   Evacuate Collection Set: 24.34ms
[129.002s][info][gc,phases   ] GC(201)   Post Evacuate Collection Set: 0.36ms
[129.002s][info][gc,phases   ] GC(201)   Other: 0.14ms
[129.002s][info][gc,heap     ] GC(201) Eden regions: 51->0(95)
[129.002s][info][gc,heap     ] GC(201) Survivor regions: 18->7(15)
[129.002s][info][gc,heap     ] GC(201) Old regions: 172->190
[129.002s][info][gc,heap     ] GC(201) Humongous regions: 5->5
[129.002s][info][gc,metaspace] GC(201) Metaspace: 41374K(41856K)->41374K(41856K) NonClass: 37043K(37312K)->37043K(37312K) Class: 4330K(4544K)->4330K(4544K)
[129.002s][info][gc          ] GC(201) Pause Young (Concurrent Start) (G1 Humongous Allocation) 245M->200M(360M) 25.463ms
[129.002s][info][gc,cpu      ] GC(201) User=0.05s Sys=0.00s Real=0.02s
[129.002s][info][gc          ] GC(202) Concurrent Mark Cycle
[129.002s][info][gc,marking  ] GC(202) Concurrent Scan Root Regions
[129.027s][info][gc,marking  ] GC(202) Concurrent Scan Root Regions 24.496ms
[129.027s][info][gc,marking  ] GC(202) Concurrent Mark
[129.027s][info][gc,marking  ] GC(202) Concurrent Mark From Roots
[129.027s][info][gc,task     ] GC(202) Using 1 workers of 1 for marking
[129.167s][info][gc,marking  ] GC(202) Concurrent Mark From Roots 139.852ms
[129.167s][info][gc,marking  ] GC(202) Concurrent Preclean
[129.167s][info][gc,marking  ] GC(202) Concurrent Preclean 0.064ms
[129.167s][info][gc,start    ] GC(202) Pause Remark
[129.190s][info][gc          ] GC(202) Pause Remark 218M->199M(360M) 22.711ms
[129.190s][info][gc,cpu      ] GC(202) User=0.04s Sys=0.00s Real=0.02s
[129.190s][info][gc,marking  ] GC(202) Concurrent Mark 163.013ms
[129.190s][info][gc,marking  ] GC(202) Concurrent Rebuild Remembered Sets and Scrub Regions
[129.268s][info][gc,marking  ] GC(202) Concurrent Rebuild Remembered Sets and Scrub Regions 77.701ms
[129.268s][info][gc,start    ] GC(202) Pause Cleanup
[129.268s][info][gc          ] GC(202) Pause Cleanup 217M->217M(360M) 0.114ms
[129.268s][info][gc,cpu      ] GC(202) User=0.00s Sys=0.00s Real=0.00s
[129.268s][info][gc,marking  ] GC(202) Concurrent Clear Claimed Marks
[129.268s][info][gc,marking  ] GC(202) Concurrent Clear Claimed Marks 0.043ms
[129.268s][info][gc,marking  ] GC(202) Concurrent Cleanup for Next Mark
[129.272s][info][gc,marking  ] GC(202) Concurrent Cleanup for Next Mark 4.453ms
[129.272s][info][gc          ] GC(202) Concurrent Mark Cycle 270.201ms
[129.491s][info][gc,start    ] GC(203) Pause Young (Prepare Mixed) (G1 Evacuation Pause)
[129.491s][info][gc,task     ] GC(203) Using 2 workers of 2 for evacuation
[129.525s][info][gc,phases   ] GC(203)   Pre Evacuate Collection Set: 0.21ms
[129.525s][info][gc,phases   ] GC(203)   Merge Heap Roots: 0.14ms
[129.525s][info][gc,phases   ] GC(203)   Evacuate Collection Set: 32.18ms
[129.525s][info][gc,phases   ] GC(203)   Post Evacuate Collection Set: 0.57ms
[129.525s][info][gc,phases   ] GC(203)   Other: 0.10ms
[129.525s][info][gc,heap     ] GC(203) Eden regions: 95->0(69)
[129.525s][info][gc,heap     ] GC(203) Survivor regions: 7->13(13)
[129.525s][info][gc,heap     ] GC(203) Old regions: 172->203
[129.525s][info][gc,heap     ] GC(203) Humongous regions: 5->4
[129.525s][info][gc,metaspace] GC(203) Metaspace: 41375K(41856K)->41375K(41856K) NonClass: 37045K(37312K)->37045K(37312K) Class: 4330K(4544K)->4330K(4544K)
[129.525s][info][gc          ] GC(203) Pause Young (Prepare Mixed) (G1 Evacuation Pause) 277M->219M(360M) 33.417ms
[129.525s][info][gc,cpu      ] GC(203) User=0.06s Sys=0.00s Real=0.04s
[129.866s][info][gc,start    ] GC(204) Pause Young (Mixed) (G1 Evacuation Pause)
[129.866s][info][gc,task     ] GC(204) Using 2 workers of 2 for evacuation
[129.918s][info][gc,phases   ] GC(204)   Pre Evacuate Collection Set: 0.21ms
[129.918s][info][gc,phases   ] GC(204)   Merge Heap Roots: 0.29ms
[129.918s][info][gc,phases   ] GC(204)   Evacuate Collection Set: 50.48ms
[129.918s][info][gc,phases   ] GC(204)   Post Evacuate Collection Set: 1.00ms
[129.918s][info][gc,phases   ] GC(204)   Other: 0.10ms
[129.918s][info][gc,heap     ] GC(204) Eden regions: 69->0(102)
[129.918s][info][gc,heap     ] GC(204) Survivor regions: 13->11(11)
[129.918s][info][gc,heap     ] GC(204) Old regions: 203->212
[129.918s][info][gc,heap     ] GC(204) Humongous regions: 4->4
[129.918s][info][gc,metaspace] GC(204) Metaspace: 41375K(41856K)->41375K(41856K) NonClass: 37045K(37312K)->37045K(37312K) Class: 4330K(4544K)->4330K(4544K)
[129.919s][info][gc          ] GC(204) Pause Young (Mixed) (G1 Evacuation Pause) 288M->227M(431M) 52.319ms
[129.919s][info][gc,cpu      ] GC(204) User=0.11s Sys=0.00s Real=0.05s
[130.415s][info][gc,start    ] GC(205) Pause Young (Mixed) (G1 Evacuation Pause)
[130.415s][info][gc,task     ] GC(205) Using 2 workers of 2 for evacuation
[130.478s][info][gc,phases   ] GC(205)   Pre Evacuate Collection Set: 0.27ms
[130.478s][info][gc,phases   ] GC(205)   Merge Heap Roots: 0.37ms
[130.478s][info][gc,phases   ] GC(205)   Evacuate Collection Set: 61.32ms
[130.478s][info][gc,phases   ] GC(205)   Post Evacuate Collection Set: 0.65ms
[130.478s][info][gc,phases   ] GC(205)   Other: 0.08ms
[130.478s][info][gc,heap     ] GC(205) Eden regions: 102->0(85)
[130.478s][info][gc,heap     ] GC(205) Survivor regions: 11->15(15)
[130.478s][info][gc,heap     ] GC(205) Old regions: 212->223
[130.478s][info][gc,heap     ] GC(205) Humongous regions: 4->4
[130.478s][info][gc,metaspace] GC(205) Metaspace: 41375K(41856K)->41375K(41856K) NonClass: 37045K(37312K)->37045K(37312K) Class: 4330K(4544K)->4330K(4544K)
[130.478s][info][gc          ] GC(205) Pause Young (Mixed) (G1 Evacuation Pause) 329M->242M(431M) 62.932ms
[130.478s][info][gc,cpu      ] GC(205) User=0.12s Sys=0.00s Real=0.06s
[130.831s][info][gc,start    ] GC(206) Pause Young (Mixed) (G1 Evacuation Pause)
[130.831s][info][gc,task     ] GC(206) Using 2 workers of 2 for evacuation
[130.890s][info][gc,phases   ] GC(206)   Pre Evacuate Collection Set: 0.24ms
[130.890s][info][gc,phases   ] GC(206)   Merge Heap Roots: 0.62ms
[130.890s][info][gc,phases   ] GC(206)   Evacuate Collection Set: 57.74ms
[130.890s][info][gc,phases   ] GC(206)   Post Evacuate Collection Set: 0.43ms
[130.890s][info][gc,phases   ] GC(206)   Other: 0.08ms
[130.890s][info][gc,heap     ] GC(206) Eden regions: 85->0(71)
[130.890s][info][gc,heap     ] GC(206) Survivor regions: 15->13(13)
[130.890s][info][gc,heap     ] GC(206) Old regions: 223->253
[130.890s][info][gc,heap     ] GC(206) Humongous regions: 5->5
[130.890s][info][gc,metaspace] GC(206) Metaspace: 41376K(41856K)->41376K(41856K) NonClass: 37046K(37312K)->37046K(37312K) Class: 4330K(4544K)->4330K(4544K)
[130.890s][info][gc          ] GC(206) Pause Young (Mixed) (G1 Evacuation Pause) 328M->271M(431M) 59.365ms
[130.890s][info][gc,cpu      ] GC(206) User=0.11s Sys=0.00s Real=0.06s
[131.152s][info][gc,start    ] GC(207) Pause Young (Concurrent Start) (G1 Evacuation Pause)
[131.152s][info][gc,task     ] GC(207) Using 2 workers of 2 for evacuation
[131.171s][info][gc,phases   ] GC(207)   Pre Evacuate Collection Set: 0.25ms
[131.171s][info][gc,phases   ] GC(207)   Merge Heap Roots: 0.17ms
[131.171s][info][gc,phases   ] GC(207)   Evacuate Collection Set: 18.11ms
[131.171s][info][gc,phases   ] GC(207)   Post Evacuate Collection Set: 0.38ms
[131.171s][info][gc,phases   ] GC(207)   Other: 0.18ms
[131.171s][info][gc,heap     ] GC(207) Eden regions: 71->0(70)
[131.171s][info][gc,heap     ] GC(207) Survivor regions: 13->11(11)
[131.171s][info][gc,heap     ] GC(207) Old regions: 253->266
[131.171s][info][gc,heap     ] GC(207) Humongous regions: 5->5
[131.171s][info][gc,metaspace] GC(207) Metaspace: 41376K(41856K)->41376K(41856K) NonClass: 37046K(37312K)->37046K(37312K) Class: 4330K(4544K)->4330K(4544K)
[131.171s][info][gc          ] GC(207) Pause Young (Concurrent Start) (G1 Evacuation Pause) 342M->281M(431M) 19.332ms
[131.171s][info][gc          ] GC(208) Concurrent Mark Cycle
[131.171s][info][gc,marking  ] GC(208) Concurrent Scan Root Regions
[131.172s][info][gc,cpu      ] GC(207) User=0.03s Sys=0.00s Real=0.03s
[131.186s][info][gc,marking  ] GC(208) Concurrent Scan Root Regions 14.283ms
[131.186s][info][gc,marking  ] GC(208) Concurrent Mark
[131.186s][info][gc,marking  ] GC(208) Concurrent Mark From Roots
[131.186s][info][gc,task     ] GC(208) Using 1 workers of 1 for marking
[131.302s][info][gc,marking  ] GC(208) Concurrent Mark From Roots 116.666ms
[131.302s][info][gc,marking  ] GC(208) Concurrent Preclean
[131.302s][info][gc,marking  ] GC(208) Concurrent Preclean 0.061ms
[131.303s][info][gc,start    ] GC(208) Pause Remark
[131.319s][info][gc          ] GC(208) Pause Remark 311M->244M(431M) 16.185ms
[131.319s][info][gc,cpu      ] GC(208) User=0.03s Sys=0.00s Real=0.01s
[131.319s][info][gc,marking  ] GC(208) Concurrent Mark 133.290ms
[131.319s][info][gc,marking  ] GC(208) Concurrent Rebuild Remembered Sets and Scrub Regions
[131.387s][info][gc,marking  ] GC(208) Concurrent Rebuild Remembered Sets and Scrub Regions 67.967ms
[131.388s][info][gc,start    ] GC(208) Pause Cleanup
[131.388s][info][gc          ] GC(208) Pause Cleanup 260M->260M(431M) 0.116ms
[131.388s][info][gc,cpu      ] GC(208) User=0.00s Sys=0.00s Real=0.00s
[131.389s][info][gc,marking  ] GC(208) Concurrent Clear Claimed Marks
[131.389s][info][gc,marking  ] GC(208) Concurrent Clear Claimed Marks 0.045ms
[131.389s][info][gc,marking  ] GC(208) Concurrent Cleanup for Next Mark
[131.391s][info][gc,marking  ] GC(208) Concurrent Cleanup for Next Mark 2.040ms
[131.391s][info][gc          ] GC(208) Concurrent Mark Cycle 219.289ms
[131.480s][info][gc,start    ] GC(209) Pause Young (Prepare Mixed) (G1 Evacuation Pause)
[131.480s][info][gc,task     ] GC(209) Using 2 workers of 2 for evacuation
[131.513s][info][gc,phases   ] GC(209)   Pre Evacuate Collection Set: 0.24ms
[131.513s][info][gc,phases   ] GC(209)   Merge Heap Roots: 0.11ms
[131.513s][info][gc,phases   ] GC(209)   Evacuate Collection Set: 32.76ms
[131.513s][info][gc,phases   ] GC(209)   Post Evacuate Collection Set: 0.46ms
[131.513s][info][gc,phases   ] GC(209)   Other: 0.11ms
[131.513s][info][gc,heap     ] GC(209) Eden regions: 70->0(82)
[131.513s][info][gc,heap     ] GC(209) Survivor regions: 11->11(11)
[131.513s][info][gc,heap     ] GC(209) Old regions: 200->235
[131.513s][info][gc,heap     ] GC(209) Humongous regions: 4->4
[131.513s][info][gc,metaspace] GC(209) Metaspace: 41376K(41856K)->41376K(41856K) NonClass: 37046K(37312K)->37046K(37312K) Class: 4330K(4544K)->4330K(4544K)
[131.514s][info][gc          ] GC(209) Pause Young (Prepare Mixed) (G1 Evacuation Pause) 284M->250M(431M) 33.934ms
[131.514s][info][gc,cpu      ] GC(209) User=0.07s Sys=0.00s Real=0.04s
[131.849s][info][gc,start    ] GC(210) Pause Young (Mixed) (G1 Evacuation Pause)
[131.849s][info][gc,task     ] GC(210) Using 2 workers of 2 for evacuation
[131.895s][info][gc,phases   ] GC(210)   Pre Evacuate Collection Set: 0.24ms
[131.895s][info][gc,phases   ] GC(210)   Merge Heap Roots: 0.31ms
[131.895s][info][gc,phases   ] GC(210)   Evacuate Collection Set: 44.14ms
[131.895s][info][gc,phases   ] GC(210)   Post Evacuate Collection Set: 1.33ms
[131.895s][info][gc,phases   ] GC(210)   Other: 0.10ms
[131.895s][info][gc,heap     ] GC(210) Eden regions: 82->0(146)
[131.895s][info][gc,heap     ] GC(210) Survivor regions: 11->12(12)
[131.895s][info][gc,heap     ] GC(210) Old regions: 235->234
[131.895s][info][gc,heap     ] GC(210) Humongous regions: 5->5
[131.895s][info][gc,metaspace] GC(210) Metaspace: 41376K(41856K)->41376K(41856K) NonClass: 37046K(37312K)->37046K(37312K) Class: 4330K(4544K)->4330K(4544K)
[131.895s][info][gc          ] GC(210) Pause Young (Mixed) (G1 Evacuation Pause) 333M->251M(541M) 46.329ms
[131.895s][info][gc,cpu      ] GC(210) User=0.09s Sys=0.00s Real=0.05s
[132.584s][info][gc,start    ] GC(211) Pause Young (Mixed) (G1 Evacuation Pause)
[132.584s][info][gc,task     ] GC(211) Using 2 workers of 2 for evacuation
[132.683s][info][gc,phases   ] GC(211)   Pre Evacuate Collection Set: 0.31ms
[132.683s][info][gc,phases   ] GC(211)   Merge Heap Roots: 0.68ms
[132.683s][info][gc,phases   ] GC(211)   Evacuate Collection Set: 96.94ms
[132.683s][info][gc,phases   ] GC(211)   Post Evacuate Collection Set: 0.75ms
[132.683s][info][gc,phases   ] GC(211)   Other: 0.08ms
[132.683s][info][gc,heap     ] GC(211) Eden regions: 146->0(110)
[132.683s][info][gc,heap     ] GC(211) Survivor regions: 12->20(20)
[132.683s][info][gc,heap     ] GC(211) Old regions: 234->265
[132.683s][info][gc,heap     ] GC(211) Humongous regions: 6->6
[132.683s][info][gc,metaspace] GC(211) Metaspace: 41377K(41856K)->41377K(41856K) NonClass: 37046K(37312K)->37046K(37312K) Class: 4330K(4544K)->4330K(4544K)
[132.683s][info][gc          ] GC(211) Pause Young (Mixed) (G1 Evacuation Pause) 398M->290M(541M) 98.962ms
[132.683s][info][gc,cpu      ] GC(211) User=0.20s Sys=0.00s Real=0.10s
[133.130s][info][gc,start    ] GC(212) Pause Young (Normal) (G1 Evacuation Pause)
[133.130s][info][gc,task     ] GC(212) Using 2 workers of 2 for evacuation
[133.197s][info][gc,phases   ] GC(212)   Pre Evacuate Collection Set: 0.29ms
[133.197s][info][gc,phases   ] GC(212)   Merge Heap Roots: 0.30ms
[133.197s][info][gc,phases   ] GC(212)   Evacuate Collection Set: 65.24ms
[133.197s][info][gc,phases   ] GC(212)   Post Evacuate Collection Set: 0.57ms
[133.197s][info][gc,phases   ] GC(212)   Other: 0.10ms
[133.197s][info][gc,heap     ] GC(212) Eden regions: 110->0(83)
[133.197s][info][gc,heap     ] GC(212) Survivor regions: 20->17(17)
[133.197s][info][gc,heap     ] GC(212) Old regions: 265->320
[133.197s][info][gc,heap     ] GC(212) Humongous regions: 7->7
[133.197s][info][gc,metaspace] GC(212) Metaspace: 41377K(41856K)->41377K(41856K) NonClass: 37046K(37312K)->37046K(37312K) Class: 4330K(4544K)->4330K(4544K)
[133.197s][info][gc          ] GC(212) Pause Young (Normal) (G1 Evacuation Pause) 401M->343M(541M) 66.765ms
[133.197s][info][gc,cpu      ] GC(212) User=0.13s Sys=0.00s Real=0.07s
[133.486s][info][gc,start    ] GC(213) Pause Young (Concurrent Start) (G1 Humongous Allocation)
[133.486s][info][gc,task     ] GC(213) Using 2 workers of 2 for evacuation
[133.539s][info][gc,phases   ] GC(213)   Pre Evacuate Collection Set: 0.32ms
[133.539s][info][gc,phases   ] GC(213)   Merge Heap Roots: 0.31ms
[133.539s][info][gc,phases   ] GC(213)   Evacuate Collection Set: 51.56ms
[133.539s][info][gc,phases   ] GC(213)   Post Evacuate Collection Set: 0.44ms
[133.539s][info][gc,phases   ] GC(213)   Other: 0.13ms
[133.539s][info][gc,heap     ] GC(213) Eden regions: 77->0(64)
[133.539s][info][gc,heap     ] GC(213) Survivor regions: 17->13(13)
[133.539s][info][gc,heap     ] GC(213) Old regions: 320->366
[133.539s][info][gc,heap     ] GC(213) Humongous regions: 7->7
[133.539s][info][gc,metaspace] GC(213) Metaspace: 41377K(41856K)->41377K(41856K) NonClass: 37046K(37312K)->37046K(37312K) Class: 4330K(4544K)->4330K(4544K)
[133.539s][info][gc          ] GC(213) Pause Young (Concurrent Start) (G1 Humongous Allocation) 420M->386M(541M) 52.988ms
[133.539s][info][gc,cpu      ] GC(213) User=0.11s Sys=0.00s Real=0.05s
[133.539s][info][gc          ] GC(214) Concurrent Mark Cycle
[133.539s][info][gc,marking  ] GC(214) Concurrent Scan Root Regions
[133.564s][info][gc,marking  ] GC(214) Concurrent Scan Root Regions 24.757ms
[133.564s][info][gc,marking  ] GC(214) Concurrent Mark
[133.564s][info][gc,marking  ] GC(214) Concurrent Mark From Roots
[133.564s][info][gc,task     ] GC(214) Using 1 workers of 1 for marking
[133.681s][info][gc,marking  ] GC(214) Concurrent Mark From Roots 116.756ms
[133.681s][info][gc,marking  ] GC(214) Concurrent Preclean
[133.681s][info][gc,marking  ] GC(214) Concurrent Preclean 0.052ms
[133.681s][info][gc,start    ] GC(214) Pause Remark
[133.698s][info][gc          ] GC(214) Pause Remark 415M->266M(541M) 16.543ms
[133.698s][info][gc,cpu      ] GC(214) User=0.03s Sys=0.00s Real=0.02s
[133.698s][info][gc,marking  ] GC(214) Concurrent Mark 134.052ms
[133.698s][info][gc,marking  ] GC(214) Concurrent Rebuild Remembered Sets and Scrub Regions
[133.767s][info][gc,marking  ] GC(214) Concurrent Rebuild Remembered Sets and Scrub Regions 68.738ms
[133.767s][info][gc,start    ] GC(214) Pause Cleanup
[133.767s][info][gc          ] GC(214) Pause Cleanup 274M->274M(541M) 0.102ms
[133.767s][info][gc,cpu      ] GC(214) User=0.00s Sys=0.00s Real=0.00s
[133.767s][info][gc,marking  ] GC(214) Concurrent Clear Claimed Marks
[133.767s][info][gc,marking  ] GC(214) Concurrent Clear Claimed Marks 0.040ms
[133.767s][info][gc,marking  ] GC(214) Concurrent Cleanup for Next Mark
[133.770s][info][gc,marking  ] GC(214) Concurrent Cleanup for Next Mark 2.891ms
[133.770s][info][gc          ] GC(214) Concurrent Mark Cycle 231.164ms
[133.888s][info][gc,start    ] GC(215) Pause Young (Prepare Mixed) (G1 Evacuation Pause)
[133.888s][info][gc,task     ] GC(215) Using 2 workers of 2 for evacuation
[133.903s][info][gc,phases   ] GC(215)   Pre Evacuate Collection Set: 0.25ms
[133.903s][info][gc,phases   ] GC(215)   Merge Heap Roots: 0.21ms
[133.903s][info][gc,phases   ] GC(215)   Evacuate Collection Set: 14.14ms
[133.903s][info][gc,phases   ] GC(215)   Post Evacuate Collection Set: 0.39ms
[133.904s][info][gc,phases   ] GC(215)   Other: 0.10ms
[133.904s][info][gc,heap     ] GC(215) Eden regions: 64->0(139)
[133.904s][info][gc,heap     ] GC(215) Survivor regions: 13->7(10)
[133.904s][info][gc,heap     ] GC(215) Old regions: 220->228
[133.904s][info][gc,heap     ] GC(215) Humongous regions: 5->5
[133.904s][info][gc,metaspace] GC(215) Metaspace: 41377K(41856K)->41377K(41856K) NonClass: 37046K(37312K)->37046K(37312K) Class: 4330K(4544K)->4330K(4544K)
[133.904s][info][gc          ] GC(215) Pause Young (Prepare Mixed) (G1 Evacuation Pause) 302M->240M(541M) 15.331ms
[133.904s][info][gc,cpu      ] GC(215) User=0.03s Sys=0.00s Real=0.02s
[134.445s][info][gc,start    ] GC(216) Pause Young (Mixed) (G1 Evacuation Pause)
[134.445s][info][gc,task     ] GC(216) Using 2 workers of 2 for evacuation
[134.462s][info][gc,phases   ] GC(216)   Pre Evacuate Collection Set: 0.38ms
[134.462s][info][gc,phases   ] GC(216)   Merge Heap Roots: 0.17ms
[134.462s][info][gc,phases   ] GC(216)   Evacuate Collection Set: 15.12ms
[134.462s][info][gc,phases   ] GC(216)   Post Evacuate Collection Set: 1.06ms
[134.462s][info][gc,phases   ] GC(216)   Other: 0.10ms
[134.462s][info][gc,heap     ] GC(216) Eden regions: 139->0(200)
[134.462s][info][gc,heap     ] GC(216) Survivor regions: 7->17(19)
[134.462s][info][gc,heap     ] GC(216) Old regions: 228->174
[134.462s][info][gc,heap     ] GC(216) Humongous regions: 5->5
[134.462s][info][gc,metaspace] GC(216) Metaspace: 41377K(41856K)->41377K(41856K) NonClass: 37046K(37312K)->37046K(37312K) Class: 4330K(4544K)->4330K(4544K)
[134.462s][info][gc          ] GC(216) Pause Young (Mixed) (G1 Evacuation Pause) 379M->195M(592M) 17.153ms
[134.462s][info][gc,cpu      ] GC(216) User=0.03s Sys=0.00s Real=0.02s
[135.357s][info][gc,start    ] GC(217) Pause Young (Mixed) (G1 Evacuation Pause)
[135.357s][info][gc,task     ] GC(217) Using 2 workers of 2 for evacuation
[135.390s][info][gc,phases   ] GC(217)   Pre Evacuate Collection Set: 0.28ms
[135.391s][info][gc,phases   ] GC(217)   Merge Heap Roots: 0.29ms
[135.391s][info][gc,phases   ] GC(217)   Evacuate Collection Set: 32.64ms
[135.391s][info][gc,phases   ] GC(217)   Post Evacuate Collection Set: 0.52ms
[135.391s][info][gc,phases   ] GC(217)   Other: 0.09ms
[135.391s][info][gc,heap     ] GC(217) Eden regions: 200->0(209)
[135.391s][info][gc,heap     ] GC(217) Survivor regions: 17->28(28)
[135.391s][info][gc,heap     ] GC(217) Old regions: 174->166
[135.391s][info][gc,heap     ] GC(217) Humongous regions: 6->5
[135.391s][info][gc,metaspace] GC(217) Metaspace: 41381K(41856K)->41381K(41856K) NonClass: 37051K(37312K)->37051K(37312K) Class: 4330K(4544K)->4330K(4544K)
[135.391s][info][gc          ] GC(217) Pause Young (Mixed) (G1 Evacuation Pause) 396M->198M(592M) 34.068ms
[135.391s][info][gc,cpu      ] GC(217) User=0.07s Sys=0.00s Real=0.03s
[136.247s][info][gc,start    ] GC(218) Pause Young (Normal) (G1 Evacuation Pause)
[136.247s][info][gc,task     ] GC(218) Using 2 workers of 2 for evacuation
[136.271s][info][gc,phases   ] GC(218)   Pre Evacuate Collection Set: 0.25ms
[136.271s][info][gc,phases   ] GC(218)   Merge Heap Roots: 0.12ms
[136.271s][info][gc,phases   ] GC(218)   Evacuate Collection Set: 22.96ms
[136.271s][info][gc,phases   ] GC(218)   Post Evacuate Collection Set: 0.54ms
[136.271s][info][gc,phases   ] GC(218)   Other: 0.09ms
[136.271s][info][gc,heap     ] GC(218) Eden regions: 209->0(221)
[136.271s][info][gc,heap     ] GC(218) Survivor regions: 28->16(30)
[136.271s][info][gc,heap     ] GC(218) Old regions: 166->183
[136.271s][info][gc,heap     ] GC(218) Humongous regions: 8->6
[136.271s][info][gc,metaspace] GC(218) Metaspace: 41386K(41856K)->41386K(41856K) NonClass: 37055K(37312K)->37055K(37312K) Class: 4330K(4544K)->4330K(4544K)
[136.271s][info][gc          ] GC(218) Pause Young (Normal) (G1 Evacuation Pause) 410M->204M(592M) 24.189ms
[136.271s][info][gc,cpu      ] GC(218) User=0.04s Sys=0.00s Real=0.02s
[137.147s][info][gc,start    ] GC(219) Pause Young (Normal) (G1 Evacuation Pause)
[137.147s][info][gc,task     ] GC(219) Using 2 workers of 2 for evacuation
[137.178s][info][gc,phases   ] GC(219)   Pre Evacuate Collection Set: 0.24ms
[137.178s][info][gc,phases   ] GC(219)   Merge Heap Roots: 0.11ms
[137.178s][info][gc,phases   ] GC(219)   Evacuate Collection Set: 29.29ms
[137.178s][info][gc,phases   ] GC(219)   Post Evacuate Collection Set: 0.53ms
[137.178s][info][gc,phases   ] GC(219)   Other: 0.08ms
[137.178s][info][gc,heap     ] GC(219) Eden regions: 221->0(214)
[137.178s][info][gc,heap     ] GC(219) Survivor regions: 16->30(30)
[137.178s][info][gc,heap     ] GC(219) Old regions: 183->194
[137.178s][info][gc,heap     ] GC(219) Humongous regions: 8->6
[137.178s][info][gc,metaspace] GC(219) Metaspace: 41386K(41856K)->41386K(41856K) NonClass: 37055K(37312K)->37055K(37312K) Class: 4330K(4544K)->4330K(4544K)
[137.178s][info][gc          ] GC(219) Pause Young (Normal) (G1 Evacuation Pause) 427M->229M(592M) 30.509ms
[137.178s][info][gc,cpu      ] GC(219) User=0.06s Sys=0.00s Real=0.03s
[137.366s][info][gc,start    ] GC(220) Pause Young (Concurrent Start) (G1 Humongous Allocation)
[137.367s][info][gc,task     ] GC(220) Using 2 workers of 2 for evacuation
[137.390s][info][gc,phases   ] GC(220)   Pre Evacuate Collection Set: 0.28ms
[137.390s][info][gc,phases   ] GC(220)   Merge Heap Roots: 0.12ms
[137.390s][info][gc,phases   ] GC(220)   Evacuate Collection Set: 22.08ms
[137.390s][info][gc,phases   ] GC(220)   Post Evacuate Collection Set: 0.46ms
[137.390s][info][gc,phases   ] GC(220)   Other: 0.10ms
[137.390s][info][gc,heap     ] GC(220) Eden regions: 51->0(193)
[137.390s][info][gc,heap     ] GC(220) Survivor regions: 30->15(31)
[137.390s][info][gc,heap     ] GC(220) Old regions: 194->207
[137.390s][info][gc,heap     ] GC(220) Humongous regions: 6->6
[137.390s][info][gc,metaspace] GC(220) Metaspace: 41391K(41856K)->41391K(41856K) NonClass: 37060K(37312K)->37060K(37312K) Class: 4330K(4544K)->4330K(4544K)
[137.390s][info][gc          ] GC(220) Pause Young (Concurrent Start) (G1 Humongous Allocation) 280M->228M(592M) 23.270ms
[137.390s][info][gc,cpu      ] GC(220) User=0.05s Sys=0.00s Real=0.02s
[137.390s][info][gc          ] GC(221) Concurrent Mark Cycle
[137.390s][info][gc,marking  ] GC(221) Concurrent Scan Root Regions
[137.404s][info][gc,marking  ] GC(221) Concurrent Scan Root Regions 13.898ms
[137.404s][info][gc,marking  ] GC(221) Concurrent Mark
[137.404s][info][gc,marking  ] GC(221) Concurrent Mark From Roots
[137.404s][info][gc,task     ] GC(221) Using 1 workers of 1 for marking
[137.523s][info][gc,marking  ] GC(221) Concurrent Mark From Roots 119.110ms
[137.523s][info][gc,marking  ] GC(221) Concurrent Preclean
[137.523s][info][gc,marking  ] GC(221) Concurrent Preclean 0.054ms
[137.523s][info][gc,start    ] GC(221) Pause Remark
[137.540s][info][gc          ] GC(221) Pause Remark 255M->177M(504M) 17.056ms
[137.540s][info][gc,cpu      ] GC(221) User=0.03s Sys=0.00s Real=0.01s
[137.540s][info][gc,marking  ] GC(221) Concurrent Mark 136.671ms
[137.541s][info][gc,marking  ] GC(221) Concurrent Rebuild Remembered Sets and Scrub Regions
[137.598s][info][gc,marking  ] GC(221) Concurrent Rebuild Remembered Sets and Scrub Regions 57.413ms
[137.598s][info][gc,start    ] GC(221) Pause Cleanup
[137.598s][info][gc          ] GC(221) Pause Cleanup 192M->192M(504M) 0.109ms
[137.598s][info][gc,cpu      ] GC(221) User=0.00s Sys=0.00s Real=0.00s
[137.598s][info][gc,marking  ] GC(221) Concurrent Clear Claimed Marks
[137.598s][info][gc,marking  ] GC(221) Concurrent Clear Claimed Marks 0.042ms
[137.598s][info][gc,marking  ] GC(221) Concurrent Cleanup for Next Mark
[137.600s][info][gc,marking  ] GC(221) Concurrent Cleanup for Next Mark 1.857ms
[137.600s][info][gc          ] GC(221) Concurrent Mark Cycle 210.440ms
[138.170s][info][gc,start    ] GC(222) Pause Young (Prepare Mixed) (G1 Evacuation Pause)
[138.170s][info][gc,task     ] GC(222) Using 2 workers of 2 for evacuation
[138.216s][info][gc,phases   ] GC(222)   Pre Evacuate Collection Set: 0.25ms
[138.217s][info][gc,phases   ] GC(222)   Merge Heap Roots: 0.21ms
[138.217s][info][gc,phases   ] GC(222)   Evacuate Collection Set: 45.54ms
[138.217s][info][gc,phases   ] GC(222)   Post Evacuate Collection Set: 0.58ms
[138.217s][info][gc,phases   ] GC(222)   Other: 0.08ms
[138.217s][info][gc,heap     ] GC(222) Eden regions: 193->0(163)
[138.217s][info][gc,heap     ] GC(222) Survivor regions: 15->26(26)
[138.217s][info][gc,heap     ] GC(222) Old regions: 131->169
[138.217s][info][gc,heap     ] GC(222) Humongous regions: 8->6
[138.217s][info][gc,metaspace] GC(222) Metaspace: 41391K(41856K)->41391K(41856K) NonClass: 37060K(37312K)->37060K(37312K) Class: 4330K(4544K)->4330K(4544K)
[138.217s][info][gc          ] GC(222) Pause Young (Prepare Mixed) (G1 Evacuation Pause) 347M->200M(504M) 46.878ms
[138.217s][info][gc,cpu      ] GC(222) User=0.09s Sys=0.00s Real=0.05s
[138.749s][info][gc,start    ] GC(223) Pause Young (Mixed) (G1 Evacuation Pause)
[138.749s][info][gc,task     ] GC(223) Using 2 workers of 2 for evacuation
[138.771s][info][gc,phases   ] GC(223)   Pre Evacuate Collection Set: 0.26ms
[138.771s][info][gc,phases   ] GC(223)   Merge Heap Roots: 0.24ms
[138.771s][info][gc,phases   ] GC(223)   Evacuate Collection Set: 21.12ms
[138.771s][info][gc,phases   ] GC(223)   Post Evacuate Collection Set: 0.47ms
[138.771s][info][gc,phases   ] GC(223)   Other: 0.10ms
[138.771s][info][gc,heap     ] GC(223) Eden regions: 163->0(187)
[138.771s][info][gc,heap     ] GC(223) Survivor regions: 26->2(24)
[138.771s][info][gc,heap     ] GC(223) Old regions: 169->178
[138.771s][info][gc,heap     ] GC(223) Humongous regions: 6->6
[138.771s][info][gc,metaspace] GC(223) Metaspace: 41391K(41856K)->41391K(41856K) NonClass: 37060K(37312K)->37060K(37312K) Class: 4330K(4544K)->4330K(4544K)
[138.771s][info][gc          ] GC(223) Pause Young (Mixed) (G1 Evacuation Pause) 363M->185M(504M) 22.409ms
[138.771s][info][gc,cpu      ] GC(223) User=0.04s Sys=0.00s Real=0.02s
[139.175s][info][gc,start    ] GC(224) Pause Young (Concurrent Start) (G1 Humongous Allocation)
[139.175s][info][gc,task     ] GC(224) Using 2 workers of 2 for evacuation
[139.178s][info][gc,phases   ] GC(224)   Pre Evacuate Collection Set: 0.25ms
[139.178s][info][gc,phases   ] GC(224)   Merge Heap Roots: 0.06ms
[139.178s][info][gc,phases   ] GC(224)   Evacuate Collection Set: 1.49ms
[139.178s][info][gc,phases   ] GC(224)   Post Evacuate Collection Set: 0.35ms
[139.178s][info][gc,phases   ] GC(224)   Other: 0.09ms
[139.178s][info][gc,heap     ] GC(224) Eden regions: 115->0(202)
[139.178s][info][gc,heap     ] GC(224) Survivor regions: 2->2(24)
[139.178s][info][gc,heap     ] GC(224) Old regions: 178->178
[139.178s][info][gc,heap     ] GC(224) Humongous regions: 6->6
[139.178s][info][gc,metaspace] GC(224) Metaspace: 41391K(41856K)->41391K(41856K) NonClass: 37060K(37312K)->37060K(37312K) Class: 4330K(4544K)->4330K(4544K)
[139.178s][info][gc          ] GC(224) Pause Young (Concurrent Start) (G1 Humongous Allocation) 300M->185M(504M) 2.422ms
[139.178s][info][gc,cpu      ] GC(224) User=0.00s Sys=0.00s Real=0.00s
[139.178s][info][gc          ] GC(225) Concurrent Mark Cycle
[139.178s][info][gc,marking  ] GC(225) Concurrent Scan Root Regions
[139.179s][info][gc,marking  ] GC(225) Concurrent Scan Root Regions 0.823ms
[139.179s][info][gc,marking  ] GC(225) Concurrent Mark
[139.179s][info][gc,marking  ] GC(225) Concurrent Mark From Roots
[139.179s][info][gc,task     ] GC(225) Using 1 workers of 1 for marking
[139.264s][info][gc,marking  ] GC(225) Concurrent Mark From Roots 84.726ms
[139.264s][info][gc,marking  ] GC(225) Concurrent Preclean
[139.264s][info][gc,marking  ] GC(225) Concurrent Preclean 0.045ms
[139.264s][info][gc,start    ] GC(225) Pause Remark
[139.279s][info][gc          ] GC(225) Pause Remark 209M->129M(357M) 15.584ms
[139.279s][info][gc,cpu      ] GC(225) User=0.03s Sys=0.00s Real=0.01s
[139.279s][info][gc,marking  ] GC(225) Concurrent Mark 100.692ms
[139.280s][info][gc,marking  ] GC(225) Concurrent Rebuild Remembered Sets and Scrub Regions
[139.313s][info][gc,marking  ] GC(225) Concurrent Rebuild Remembered Sets and Scrub Regions 33.142ms
[139.313s][info][gc,start    ] GC(225) Pause Cleanup
[139.313s][info][gc          ] GC(225) Pause Cleanup 139M->139M(357M) 0.063ms
[139.313s][info][gc,cpu      ] GC(225) User=0.00s Sys=0.00s Real=0.00s
[139.313s][info][gc,marking  ] GC(225) Concurrent Clear Claimed Marks
[139.313s][info][gc,marking  ] GC(225) Concurrent Clear Claimed Marks 0.039ms
[139.313s][info][gc,marking  ] GC(225) Concurrent Cleanup for Next Mark
[139.314s][info][gc,marking  ] GC(225) Concurrent Cleanup for Next Mark 1.050ms
[139.314s][info][gc          ] GC(225) Concurrent Mark Cycle 136.113ms
[139.893s][info][gc,start    ] GC(226) Pause Young (Prepare Mixed) (G1 Evacuation Pause)
[139.893s][info][gc,task     ] GC(226) Using 2 workers of 2 for evacuation
[139.899s][info][gc,phases   ] GC(226)   Pre Evacuate Collection Set: 0.32ms
[139.899s][info][gc,phases   ] GC(226)   Merge Heap Roots: 0.16ms
[139.899s][info][gc,phases   ] GC(226)   Evacuate Collection Set: 4.91ms
[139.899s][info][gc,phases   ] GC(226)   Post Evacuate Collection Set: 0.69ms
[139.899s][info][gc,phases   ] GC(226)   Other: 0.08ms
[139.899s][info][gc,heap     ] GC(226) Eden regions: 202->0(173)
[139.899s][info][gc,heap     ] GC(226) Survivor regions: 2->5(26)
[139.899s][info][gc,heap     ] GC(226) Old regions: 101->101
[139.899s][info][gc,heap     ] GC(226) Humongous regions: 4->1
[139.899s][info][gc,metaspace] GC(226) Metaspace: 41403K(41856K)->41403K(41856K) NonClass: 37073K(37312K)->37073K(37312K) Class: 4330K(4544K)->4330K(4544K)
[139.899s][info][gc          ] GC(226) Pause Young (Prepare Mixed) (G1 Evacuation Pause) 308M->106M(357M) 6.424ms
[139.899s][info][gc,cpu      ] GC(226) User=0.01s Sys=0.00s Real=0.00s
[140.240s][info][gc,start    ] GC(227) Pause Young (Mixed) (G1 Evacuation Pause)
[140.240s][info][gc,task     ] GC(227) Using 2 workers of 2 for evacuation
[140.248s][info][gc,phases   ] GC(227)   Pre Evacuate Collection Set: 0.30ms
[140.248s][info][gc,phases   ] GC(227)   Merge Heap Roots: 0.10ms
[140.248s][info][gc,phases   ] GC(227)   Evacuate Collection Set: 6.39ms
[140.248s][info][gc,phases   ] GC(227)   Post Evacuate Collection Set: 0.50ms
[140.248s][info][gc,phases   ] GC(227)   Other: 0.08ms
[140.248s][info][gc,heap     ] GC(227) Eden regions: 173->0(201)
[140.248s][info][gc,heap     ] GC(227) Survivor regions: 5->4(23)
[140.248s][info][gc,heap     ] GC(227) Old regions: 101->73
[140.248s][info][gc,heap     ] GC(227) Humongous regions: 1->1
[140.248s][info][gc,metaspace] GC(227) Metaspace: 41421K(41856K)->41421K(41856K) NonClass: 37091K(37312K)->37091K(37312K) Class: 4330K(4544K)->4330K(4544K)
[140.248s][info][gc          ] GC(227) Pause Young (Mixed) (G1 Evacuation Pause) 279M->77M(357M) 7.582ms
[140.248s][info][gc,cpu      ] GC(227) User=0.00s Sys=0.00s Real=0.01s
[140.618s][info][gc,start    ] GC(228) Pause Young (Concurrent Start) (G1 Humongous Allocation)
[140.618s][info][gc,task     ] GC(228) Using 2 workers of 2 for evacuation
[140.622s][info][gc,phases   ] GC(228)   Pre Evacuate Collection Set: 0.20ms
[140.622s][info][gc,phases   ] GC(228)   Merge Heap Roots: 0.08ms
[140.622s][info][gc,phases   ] GC(228)   Evacuate Collection Set: 3.49ms
[140.622s][info][gc,phases   ] GC(228)   Post Evacuate Collection Set: 0.46ms
[140.622s][info][gc,phases   ] GC(228)   Other: 0.11ms
[140.622s][info][gc,heap     ] GC(228) Eden regions: 187->0(210)
[140.622s][info][gc,heap     ] GC(228) Survivor regions: 4->4(26)
[140.622s][info][gc,heap     ] GC(228) Old regions: 73->73
[140.622s][info][gc,heap     ] GC(228) Humongous regions: 1->1
[140.622s][info][gc,metaspace] GC(228) Metaspace: 41421K(41856K)->41421K(41856K) NonClass: 37091K(37312K)->37091K(37312K) Class: 4330K(4544K)->4330K(4544K)
[140.622s][info][gc          ] GC(228) Pause Young (Concurrent Start) (G1 Humongous Allocation) 263M->76M(357M) 4.563ms
[140.622s][info][gc,cpu      ] GC(228) User=0.00s Sys=0.00s Real=0.01s
[140.623s][info][gc          ] GC(229) Concurrent Mark Cycle
[140.623s][info][gc,marking  ] GC(229) Concurrent Scan Root Regions
[140.629s][info][gc,marking  ] GC(229) Concurrent Scan Root Regions 5.873ms
[140.629s][info][gc,marking  ] GC(229) Concurrent Mark
[140.629s][info][gc,marking  ] GC(229) Concurrent Mark From Roots
[140.629s][info][gc,task     ] GC(229) Using 1 workers of 1 for marking
[140.750s][info][gc,marking  ] GC(229) Concurrent Mark From Roots 121.304ms
[140.751s][info][gc,marking  ] GC(229) Concurrent Preclean
[140.751s][info][gc,marking  ] GC(229) Concurrent Preclean 0.044ms
[140.752s][info][gc,start    ] GC(229) Pause Remark
[140.768s][info][gc          ] GC(229) Pause Remark 97M->94M(257M) 15.667ms
[140.768s][info][gc,cpu      ] GC(229) User=0.03s Sys=0.00s Real=0.01s
[140.769s][info][gc,marking  ] GC(229) Concurrent Mark 140.188ms
[140.769s][info][gc,marking  ] GC(229) Concurrent Rebuild Remembered Sets and Scrub Regions
[140.834s][info][gc,marking  ] GC(229) Concurrent Rebuild Remembered Sets and Scrub Regions 64.932ms
[140.834s][info][gc,start    ] GC(229) Pause Cleanup
[140.835s][info][gc          ] GC(229) Pause Cleanup 107M->107M(257M) 0.060ms
[140.835s][info][gc,cpu      ] GC(229) User=0.00s Sys=0.00s Real=0.00s
[140.836s][info][gc,marking  ] GC(229) Concurrent Clear Claimed Marks
[140.836s][info][gc,marking  ] GC(229) Concurrent Clear Claimed Marks 0.062ms
[140.836s][info][gc,marking  ] GC(229) Concurrent Cleanup for Next Mark
[140.838s][info][gc,marking  ] GC(229) Concurrent Cleanup for Next Mark 1.887ms
[140.838s][info][gc          ] GC(229) Concurrent Mark Cycle 215.040ms
[141.301s][info][gc,start    ] GC(230) Pause Young (Prepare Mixed) (G1 Evacuation Pause)
[141.301s][info][gc,task     ] GC(230) Using 2 workers of 2 for evacuation
[141.314s][info][gc,phases   ] GC(230)   Pre Evacuate Collection Set: 0.23ms
[141.314s][info][gc,phases   ] GC(230)   Merge Heap Roots: 0.11ms
[141.314s][info][gc,phases   ] GC(230)   Evacuate Collection Set: 11.63ms
[141.314s][info][gc,phases   ] GC(230)   Post Evacuate Collection Set: 0.94ms
[141.314s][info][gc,phases   ] GC(230)   Other: 0.11ms
[141.314s][info][gc,heap     ] GC(230) Eden regions: 74->0(213)
[141.314s][info][gc,heap     ] GC(230) Survivor regions: 4->8(27)
[141.314s][info][gc,heap     ] GC(230) Old regions: 70->70
[141.314s][info][gc,heap     ] GC(230) Humongous regions: 213->3
[141.314s][info][gc,metaspace] GC(230) Metaspace: 41465K(41920K)->41465K(41920K) NonClass: 37135K(37376K)->37135K(37376K) Class: 4330K(4544K)->4330K(4544K)
[141.314s][info][gc          ] GC(230) Pause Young (Prepare Mixed) (G1 Evacuation Pause) 359M->80M(369M) 13.228ms
[141.314s][info][gc,cpu      ] GC(230) User=0.02s Sys=0.01s Real=0.02s
[141.943s][info][gc,start    ] GC(231) Pause Young (Mixed) (G1 Evacuation Pause)
[141.944s][info][gc,task     ] GC(231) Using 2 workers of 2 for evacuation
[141.966s][info][gc,phases   ] GC(231)   Pre Evacuate Collection Set: 0.34ms
[141.966s][info][gc,phases   ] GC(231)   Merge Heap Roots: 0.13ms
[141.966s][info][gc,phases   ] GC(231)   Evacuate Collection Set: 20.31ms
[141.966s][info][gc,phases   ] GC(231)   Post Evacuate Collection Set: 1.09ms
[141.966s][info][gc,phases   ] GC(231)   Other: 0.08ms
[141.966s][info][gc,heap     ] GC(231) Eden regions: 54->0(280)
[141.966s][info][gc,heap     ] GC(231) Survivor regions: 8->12(29)
[141.966s][info][gc,heap     ] GC(231) Old regions: 70->57
[141.966s][info][gc,heap     ] GC(231) Humongous regions: 341->3
[141.966s][info][gc,metaspace] GC(231) Metaspace: 41477K(41920K)->41477K(41920K) NonClass: 37147K(37376K)->37147K(37376K) Class: 4330K(4544K)->4330K(4544K)
[141.966s][info][gc          ] GC(231) Pause Young (Mixed) (G1 Evacuation Pause) 472M->70M(488M) 22.169ms
[141.966s][info][gc,cpu      ] GC(231) User=0.04s Sys=0.00s Real=0.02s
[142.099s][info][gc,start    ] GC(232) Pause Young (Concurrent Start) (G1 Humongous Allocation)
[142.099s][info][gc,task     ] GC(232) Using 2 workers of 2 for evacuation
[142.117s][info][gc,phases   ] GC(232)   Pre Evacuate Collection Set: 0.28ms
[142.117s][info][gc,phases   ] GC(232)   Merge Heap Roots: 0.05ms
[142.117s][info][gc,phases   ] GC(232)   Evacuate Collection Set: 17.16ms
[142.117s][info][gc,phases   ] GC(232)   Post Evacuate Collection Set: 0.83ms
[142.117s][info][gc,phases   ] GC(232)   Other: 0.11ms
[142.117s][info][gc,heap     ] GC(232) Eden regions: 15->0(277)
[142.117s][info][gc,heap     ] GC(232) Survivor regions: 12->15(37)
[142.117s][info][gc,heap     ] GC(232) Old regions: 57->57
[142.117s][info][gc,heap     ] GC(232) Humongous regions: 75->1
[142.117s][info][gc,metaspace] GC(232) Metaspace: 41478K(41920K)->41478K(41920K) NonClass: 37147K(37376K)->37147K(37376K) Class: 4330K(4544K)->4330K(4544K)
[142.117s][info][gc          ] GC(232) Pause Young (Concurrent Start) (G1 Humongous Allocation) 157M->71M(488M) 18.650ms
[142.117s][info][gc          ] GC(233) Concurrent Undo Cycle
[142.118s][info][gc,marking  ] GC(233) Concurrent Clear Claimed Marks
[142.118s][info][gc,marking  ] GC(233) Concurrent Clear Claimed Marks 0.039ms
[142.118s][info][gc,marking  ] GC(233) Concurrent Cleanup for Next Mark
[142.118s][info][gc,cpu      ] GC(232) User=0.04s Sys=0.00s Real=0.02s
[142.119s][info][gc,marking  ] GC(233) Concurrent Cleanup for Next Mark 1.788ms
[142.119s][info][gc          ] GC(233) Concurrent Undo Cycle 1.915ms
[142.128s][info][gc,start    ] GC(234) Pause Young (Concurrent Start) (G1 Humongous Allocation)
[142.128s][info][gc,task     ] GC(234) Using 2 workers of 2 for evacuation
[142.146s][info][gc,phases   ] GC(234)   Pre Evacuate Collection Set: 0.25ms
[142.146s][info][gc,phases   ] GC(234)   Merge Heap Roots: 0.05ms
[142.146s][info][gc,phases   ] GC(234)   Evacuate Collection Set: 17.18ms
[142.146s][info][gc,phases   ] GC(234)   Post Evacuate Collection Set: 0.30ms
[142.146s][info][gc,phases   ] GC(234)   Other: 0.08ms
[142.146s][info][gc,heap     ] GC(234) Eden regions: 1->0(277)
[142.146s][info][gc,heap     ] GC(234) Survivor regions: 15->15(37)
[142.146s][info][gc,heap     ] GC(234) Old regions: 57->57
[142.146s][info][gc,heap     ] GC(234) Humongous regions: 7->1
[142.146s][info][gc,metaspace] GC(234) Metaspace: 41478K(41920K)->41478K(41920K) NonClass: 37147K(37376K)->37147K(37376K) Class: 4330K(4544K)->4330K(4544K)
[142.146s][info][gc          ] GC(234) Pause Young (Concurrent Start) (G1 Humongous Allocation) 78M->71M(488M) 18.067ms
[142.146s][info][gc          ] GC(235) Concurrent Undo Cycle
[142.146s][info][gc,marking  ] GC(235) Concurrent Clear Claimed Marks
[142.146s][info][gc,marking  ] GC(235) Concurrent Clear Claimed Marks 0.038ms
[142.146s][info][gc,marking  ] GC(235) Concurrent Cleanup for Next Mark
[142.146s][info][gc,cpu      ] GC(234) User=0.04s Sys=0.00s Real=0.02s
[142.146s][info][gc,marking  ] GC(235) Concurrent Cleanup for Next Mark 0.227ms
[142.146s][info][gc          ] GC(235) Concurrent Undo Cycle 0.304ms
[142.174s][info][gc,start    ] GC(236) Pause Young (Concurrent Start) (G1 Humongous Allocation)
[142.174s][info][gc,task     ] GC(236) Using 2 workers of 2 for evacuation
[142.204s][info][gc,phases   ] GC(236)   Pre Evacuate Collection Set: 1.02ms
[142.204s][info][gc,phases   ] GC(236)   Merge Heap Roots: 0.05ms
[142.204s][info][gc,phases   ] GC(236)   Evacuate Collection Set: 27.16ms
[142.204s][info][gc,phases   ] GC(236)   Post Evacuate Collection Set: 0.98ms
[142.204s][info][gc,phases   ] GC(236)   Other: 0.16ms
[142.204s][info][gc,heap     ] GC(236) Eden regions: 3->0(277)
[142.204s][info][gc,heap     ] GC(236) Survivor regions: 15->15(37)
[142.204s][info][gc,heap     ] GC(236) Old regions: 57->57
[142.204s][info][gc,heap     ] GC(236) Humongous regions: 11->1
[142.204s][info][gc,metaspace] GC(236) Metaspace: 41489K(41920K)->41489K(41920K) NonClass: 37159K(37376K)->37159K(37376K) Class: 4330K(4544K)->4330K(4544K)
[142.204s][info][gc          ] GC(236) Pause Young (Concurrent Start) (G1 Humongous Allocation) 84M->71M(488M) 29.598ms
[142.204s][info][gc,cpu      ] GC(236) User=0.06s Sys=0.00s Real=0.03s
[142.204s][info][gc          ] GC(237) Concurrent Undo Cycle
[142.204s][info][gc,marking  ] GC(237) Concurrent Clear Claimed Marks
[142.204s][info][gc,marking  ] GC(237) Concurrent Clear Claimed Marks 0.043ms
[142.204s][info][gc,marking  ] GC(237) Concurrent Cleanup for Next Mark
[142.206s][info][gc,marking  ] GC(237) Concurrent Cleanup for Next Mark 2.229ms
[142.206s][info][gc          ] GC(237) Concurrent Undo Cycle 2.379ms
[142.230s][info][gc,start    ] GC(238) Pause Young (Concurrent Start) (G1 Humongous Allocation)
[142.230s][info][gc,task     ] GC(238) Using 2 workers of 2 for evacuation
[142.260s][info][gc,phases   ] GC(238)   Pre Evacuate Collection Set: 0.24ms
[142.260s][info][gc,phases   ] GC(238)   Merge Heap Roots: 0.06ms
[142.260s][info][gc,phases   ] GC(238)   Evacuate Collection Set: 28.19ms
[142.260s][info][gc,phases   ] GC(238)   Post Evacuate Collection Set: 0.44ms
[142.260s][info][gc,phases   ] GC(238)   Other: 0.14ms
[142.260s][info][gc,heap     ] GC(238) Eden regions: 2->0(277)
[142.260s][info][gc,heap     ] GC(238) Survivor regions: 15->15(37)
[142.260s][info][gc,heap     ] GC(238) Old regions: 57->57
[142.260s][info][gc,heap     ] GC(238) Humongous regions: 15->1
[142.260s][info][gc,metaspace] GC(238) Metaspace: 41489K(41920K)->41489K(41920K) NonClass: 37159K(37376K)->37159K(37376K) Class: 4330K(4544K)->4330K(4544K)
[142.260s][info][gc          ] GC(238) Pause Young (Concurrent Start) (G1 Humongous Allocation) 87M->71M(488M) 29.331ms
[142.260s][info][gc,cpu      ] GC(238) User=0.06s Sys=0.00s Real=0.03s
[142.260s][info][gc          ] GC(239) Concurrent Undo Cycle
[142.260s][info][gc,marking  ] GC(239) Concurrent Clear Claimed Marks
[142.260s][info][gc,marking  ] GC(239) Concurrent Clear Claimed Marks 0.040ms
[142.260s][info][gc,marking  ] GC(239) Concurrent Cleanup for Next Mark
[142.262s][info][gc,marking  ] GC(239) Concurrent Cleanup for Next Mark 2.453ms
[142.262s][info][gc          ] GC(239) Concurrent Undo Cycle 2.596ms
[142.288s][info][gc,start    ] GC(240) Pause Young (Concurrent Start) (G1 Humongous Allocation)
[142.288s][info][gc,task     ] GC(240) Using 2 workers of 2 for evacuation
[142.306s][info][gc,phases   ] GC(240)   Pre Evacuate Collection Set: 0.24ms
[142.306s][info][gc,phases   ] GC(240)   Merge Heap Roots: 0.05ms
[142.307s][info][gc,phases   ] GC(240)   Evacuate Collection Set: 15.80ms
[142.307s][info][gc,phases   ] GC(240)   Post Evacuate Collection Set: 2.51ms
[142.307s][info][gc,phases   ] GC(240)   Other: 0.16ms
[142.307s][info][gc,heap     ] GC(240) Eden regions: 3->0(395)
[142.307s][info][gc,heap     ] GC(240) Survivor regions: 15->15(37)
[142.307s][info][gc,heap     ] GC(240) Old regions: 57->57
[142.307s][info][gc,heap     ] GC(240) Humongous regions: 17->1
[142.307s][info][gc,metaspace] GC(240) Metaspace: 41489K(41920K)->41489K(41920K) NonClass: 37159K(37376K)->37159K(37376K) Class: 4330K(4544K)->4330K(4544K)
[142.307s][info][gc          ] GC(240) Pause Young (Concurrent Start) (G1 Humongous Allocation) 90M->71M(684M) 18.972ms
[142.307s][info][gc,cpu      ] GC(240) User=0.03s Sys=0.00s Real=0.02s
[142.307s][info][gc          ] GC(241) Concurrent Undo Cycle
[142.307s][info][gc,marking  ] GC(241) Concurrent Clear Claimed Marks
[142.307s][info][gc,marking  ] GC(241) Concurrent Clear Claimed Marks 0.041ms
[142.307s][info][gc,marking  ] GC(241) Concurrent Cleanup for Next Mark
[142.309s][info][gc,marking  ] GC(241) Concurrent Cleanup for Next Mark 2.412ms
[142.309s][info][gc          ] GC(241) Concurrent Undo Cycle 2.554ms
[142.459s][info][gc,start    ] GC(242) Pause Young (Concurrent Start) (G1 Humongous Allocation)
[142.459s][info][gc,task     ] GC(242) Using 2 workers of 2 for evacuation
[142.488s][info][gc,phases   ] GC(242)   Pre Evacuate Collection Set: 0.38ms
[142.488s][info][gc,phases   ] GC(242)   Merge Heap Roots: 0.06ms
[142.488s][info][gc,phases   ] GC(242)   Evacuate Collection Set: 28.00ms
[142.488s][info][gc,phases   ] GC(242)   Post Evacuate Collection Set: 0.43ms
[142.488s][info][gc,phases   ] GC(242)   Other: 0.17ms
[142.488s][info][gc,heap     ] GC(242) Eden regions: 15->0(394)
[142.488s][info][gc,heap     ] GC(242) Survivor regions: 15->16(52)
[142.488s][info][gc,heap     ] GC(242) Old regions: 57->57
[142.488s][info][gc,heap     ] GC(242) Humongous regions: 89->1
[142.488s][info][gc,metaspace] GC(242) Metaspace: 41489K(41920K)->41489K(41920K) NonClass: 37159K(37376K)->37159K(37376K) Class: 4330K(4544K)->4330K(4544K)
[142.488s][info][gc          ] GC(242) Pause Young (Concurrent Start) (G1 Humongous Allocation) 174M->72M(684M) 29.286ms
[142.488s][info][gc,cpu      ] GC(242) User=0.04s Sys=0.02s Real=0.03s
[142.488s][info][gc          ] GC(243) Concurrent Undo Cycle
[142.490s][info][gc,marking  ] GC(243) Concurrent Clear Claimed Marks
[142.490s][info][gc,marking  ] GC(243) Concurrent Clear Claimed Marks 0.052ms
[142.490s][info][gc,marking  ] GC(243) Concurrent Cleanup for Next Mark
[142.491s][info][gc,marking  ] GC(243) Concurrent Cleanup for Next Mark 0.203ms
[142.491s][info][gc          ] GC(243) Concurrent Undo Cycle 2.166ms
[142.661s][info][gc,start    ] GC(244) Pause Young (Concurrent Start) (G1 Humongous Allocation)
[142.661s][info][gc,task     ] GC(244) Using 2 workers of 2 for evacuation
[142.695s][info][gc,phases   ] GC(244)   Pre Evacuate Collection Set: 0.35ms
[142.695s][info][gc,phases   ] GC(244)   Merge Heap Roots: 0.06ms
[142.695s][info][gc,phases   ] GC(244)   Evacuate Collection Set: 32.70ms
[142.695s][info][gc,phases   ] GC(244)   Post Evacuate Collection Set: 0.66ms
[142.695s][info][gc,phases   ] GC(244)   Other: 0.16ms
[142.695s][info][gc,heap     ] GC(244) Eden regions: 16->0(392)
[142.695s][info][gc,heap     ] GC(244) Survivor regions: 16->18(52)
[142.695s][info][gc,heap     ] GC(244) Old regions: 57->57
[142.695s][info][gc,heap     ] GC(244) Humongous regions: 93->1
[142.695s][info][gc,metaspace] GC(244) Metaspace: 41491K(41920K)->41491K(41920K) NonClass: 37161K(37376K)->37161K(37376K) Class: 4330K(4544K)->4330K(4544K)
[142.695s][info][gc          ] GC(244) Pause Young (Concurrent Start) (G1 Humongous Allocation) 180M->74M(684M) 34.197ms
[142.695s][info][gc,cpu      ] GC(244) User=0.06s Sys=0.01s Real=0.04s
[142.695s][info][gc          ] GC(245) Concurrent Undo Cycle
[142.695s][info][gc,marking  ] GC(245) Concurrent Clear Claimed Marks
[142.695s][info][gc,marking  ] GC(245) Concurrent Clear Claimed Marks 0.044ms
[142.695s][info][gc,marking  ] GC(245) Concurrent Cleanup for Next Mark
[142.696s][info][gc,marking  ] GC(245) Concurrent Cleanup for Next Mark 0.132ms
[142.696s][info][gc          ] GC(245) Concurrent Undo Cycle 0.269ms
[142.889s][info][gc,start    ] GC(246) Pause Young (Concurrent Start) (G1 Humongous Allocation)
[142.889s][info][gc,task     ] GC(246) Using 2 workers of 2 for evacuation
[142.915s][info][gc,phases   ] GC(246)   Pre Evacuate Collection Set: 0.38ms
[142.915s][info][gc,phases   ] GC(246)   Merge Heap Roots: 0.06ms
[142.915s][info][gc,phases   ] GC(246)   Evacuate Collection Set: 24.73ms
[142.915s][info][gc,phases   ] GC(246)   Post Evacuate Collection Set: 0.42ms
[142.915s][info][gc,phases   ] GC(246)   Other: 0.11ms
[142.915s][info][gc,heap     ] GC(246) Eden regions: 20->0(389)
[142.915s][info][gc,heap     ] GC(246) Survivor regions: 18->21(52)
[142.915s][info][gc,heap     ] GC(246) Old regions: 57->57
[142.915s][info][gc,heap     ] GC(246) Humongous regions: 95->1
[142.915s][info][gc,metaspace] GC(246) Metaspace: 41503K(41920K)->41503K(41920K) NonClass: 37172K(37376K)->37172K(37376K) Class: 4330K(4544K)->4330K(4544K)
[142.915s][info][gc          ] GC(246) Pause Young (Concurrent Start) (G1 Humongous Allocation) 188M->77M(684M) 25.941ms
[142.915s][info][gc,cpu      ] GC(246) User=0.05s Sys=0.01s Real=0.03s
[142.915s][info][gc          ] GC(247) Concurrent Undo Cycle
[142.917s][info][gc,marking  ] GC(247) Concurrent Clear Claimed Marks
[142.917s][info][gc,marking  ] GC(247) Concurrent Clear Claimed Marks 0.048ms
[142.917s][info][gc,marking  ] GC(247) Concurrent Cleanup for Next Mark
[142.918s][info][gc,marking  ] GC(247) Concurrent Cleanup for Next Mark 0.195ms
[142.918s][info][gc          ] GC(247) Concurrent Undo Cycle 2.307ms
[143.098s][info][gc,start    ] GC(248) Pause Young (Concurrent Start) (G1 Humongous Allocation)
[143.098s][info][gc,task     ] GC(248) Using 2 workers of 2 for evacuation
[143.126s][info][gc,phases   ] GC(248)   Pre Evacuate Collection Set: 0.33ms
[143.126s][info][gc,phases   ] GC(248)   Merge Heap Roots: 0.06ms
[143.126s][info][gc,phases   ] GC(248)   Evacuate Collection Set: 26.17ms
[143.126s][info][gc,phases   ] GC(248)   Post Evacuate Collection Set: 1.84ms
[143.126s][info][gc,phases   ] GC(248)   Other: 0.15ms
[143.126s][info][gc,heap     ] GC(248) Eden regions: 19->0(426)
[143.126s][info][gc,heap     ] GC(248) Survivor regions: 21->24(52)
[143.126s][info][gc,heap     ] GC(248) Old regions: 57->57
[143.126s][info][gc,heap     ] GC(248) Humongous regions: 99->1
[143.126s][info][gc,metaspace] GC(248) Metaspace: 41503K(41920K)->41503K(41920K) NonClass: 37172K(37376K)->37172K(37376K) Class: 4330K(4544K)->4330K(4544K)
[143.126s][info][gc          ] GC(248) Pause Young (Concurrent Start) (G1 Humongous Allocation) 194M->80M(750M) 28.789ms
[143.126s][info][gc,cpu      ] GC(248) User=0.04s Sys=0.01s Real=0.03s
[143.126s][info][gc          ] GC(249) Concurrent Undo Cycle
[143.126s][info][gc,marking  ] GC(249) Concurrent Clear Claimed Marks
[143.126s][info][gc,marking  ] GC(249) Concurrent Clear Claimed Marks 0.042ms
[143.126s][info][gc,marking  ] GC(249) Concurrent Cleanup for Next Mark
[143.127s][info][gc,marking  ] GC(249) Concurrent Cleanup for Next Mark 0.142ms
[143.127s][info][gc          ] GC(249) Concurrent Undo Cycle 0.294ms
[143.394s][info][gc,start    ] GC(250) Pause Young (Concurrent Start) (G1 Humongous Allocation)
[143.394s][info][gc,task     ] GC(250) Using 2 workers of 2 for evacuation
[143.447s][info][gc,phases   ] GC(250)   Pre Evacuate Collection Set: 0.40ms
[143.447s][info][gc,phases   ] GC(250)   Merge Heap Roots: 0.09ms
[143.447s][info][gc,phases   ] GC(250)   Evacuate Collection Set: 51.98ms
[143.447s][info][gc,phases   ] GC(250)   Post Evacuate Collection Set: 0.48ms
[143.447s][info][gc,phases   ] GC(250)   Other: 0.18ms
[143.447s][info][gc,heap     ] GC(250) Eden regions: 29->0(421)
[143.447s][info][gc,heap     ] GC(250) Survivor regions: 24->29(57)
[143.447s][info][gc,heap     ] GC(250) Old regions: 57->57
[143.447s][info][gc,heap     ] GC(250) Humongous regions: 123->1
[143.447s][info][gc,metaspace] GC(250) Metaspace: 41509K(41984K)->41509K(41984K) NonClass: 37178K(37440K)->37178K(37440K) Class: 4330K(4544K)->4330K(4544K)
[143.447s][info][gc          ] GC(250) Pause Young (Concurrent Start) (G1 Humongous Allocation) 230M->85M(750M) 53.345ms
[143.447s][info][gc,cpu      ] GC(250) User=0.09s Sys=0.02s Real=0.05s
[143.447s][info][gc          ] GC(251) Concurrent Undo Cycle
[143.447s][info][gc,marking  ] GC(251) Concurrent Clear Claimed Marks
[143.447s][info][gc,marking  ] GC(251) Concurrent Clear Claimed Marks 0.043ms
[143.447s][info][gc,marking  ] GC(251) Concurrent Cleanup for Next Mark
[143.447s][info][gc,marking  ] GC(251) Concurrent Cleanup for Next Mark 0.180ms
[143.447s][info][gc          ] GC(251) Concurrent Undo Cycle 0.319ms
[143.629s][info][gc,start    ] GC(252) Pause Young (Concurrent Start) (G1 Humongous Allocation)
[143.629s][info][gc,task     ] GC(252) Using 2 workers of 2 for evacuation
[143.664s][info][gc,phases   ] GC(252)   Pre Evacuate Collection Set: 0.42ms
[143.664s][info][gc,phases   ] GC(252)   Merge Heap Roots: 0.06ms
[143.664s][info][gc,phases   ] GC(252)   Evacuate Collection Set: 34.15ms
[143.664s][info][gc,phases   ] GC(252)   Post Evacuate Collection Set: 0.48ms
[143.664s][info][gc,phases   ] GC(252)   Other: 0.21ms
[143.664s][info][gc,heap     ] GC(252) Eden regions: 18->0(422)
[143.665s][info][gc,heap     ] GC(252) Survivor regions: 29->28(57)
[143.665s][info][gc,heap     ] GC(252) Old regions: 57->58
[143.665s][info][gc,heap     ] GC(252) Humongous regions: 127->1
[143.665s][info][gc,metaspace] GC(252) Metaspace: 41509K(41984K)->41509K(41984K) NonClass: 37178K(37440K)->37178K(37440K) Class: 4330K(4544K)->4330K(4544K)
[143.665s][info][gc          ] GC(252) Pause Young (Concurrent Start) (G1 Humongous Allocation) 229M->85M(750M) 35.551ms
[143.665s][info][gc,cpu      ] GC(252) User=0.06s Sys=0.01s Real=0.04s
[143.665s][info][gc          ] GC(253) Concurrent Undo Cycle
[143.665s][info][gc,marking  ] GC(253) Concurrent Clear Claimed Marks
[143.665s][info][gc,marking  ] GC(253) Concurrent Clear Claimed Marks 0.041ms
[143.665s][info][gc,marking  ] GC(253) Concurrent Cleanup for Next Mark
[143.665s][info][gc,marking  ] GC(253) Concurrent Cleanup for Next Mark 0.148ms
[143.665s][info][gc          ] GC(253) Concurrent Undo Cycle 0.270ms
[145.376s][info][gc,start    ] GC(254) Pause Young (Normal) (G1 Evacuation Pause)
[145.376s][info][gc,task     ] GC(254) Using 2 workers of 2 for evacuation
[145.390s][info][gc,phases   ] GC(254)   Pre Evacuate Collection Set: 0.44ms
[145.390s][info][gc,phases   ] GC(254)   Merge Heap Roots: 0.22ms
[145.390s][info][gc,phases   ] GC(254)   Evacuate Collection Set: 13.16ms
[145.390s][info][gc,phases   ] GC(254)   Post Evacuate Collection Set: 0.81ms
[145.390s][info][gc,phases   ] GC(254)   Other: 0.18ms
[145.390s][info][gc,heap     ] GC(254) Eden regions: 422->0(439)
[145.391s][info][gc,heap     ] GC(254) Survivor regions: 28->11(57)
[145.391s][info][gc,heap     ] GC(254) Old regions: 58->58
[145.391s][info][gc,heap     ] GC(254) Humongous regions: 97->1
[145.391s][info][gc,metaspace] GC(254) Metaspace: 41569K(42048K)->41569K(42048K) NonClass: 37238K(37504K)->37238K(37504K) Class: 4330K(4544K)->4330K(4544K)
[145.391s][info][gc          ] GC(254) Pause Young (Normal) (G1 Evacuation Pause) 603M->69M(750M) 15.081ms
[145.391s][info][gc,cpu      ] GC(254) User=0.03s Sys=0.00s Real=0.01s
[146.670s][info][gc,start    ] GC(255) Pause Young (Normal) (G1 Evacuation Pause)
[146.670s][info][gc,task     ] GC(255) Using 2 workers of 2 for evacuation
[146.679s][info][gc,phases   ] GC(255)   Pre Evacuate Collection Set: 0.26ms
[146.679s][info][gc,phases   ] GC(255)   Merge Heap Roots: 0.12ms
[146.679s][info][gc,phases   ] GC(255)   Evacuate Collection Set: 7.12ms
[146.679s][info][gc,phases   ] GC(255)   Post Evacuate Collection Set: 1.11ms
[146.679s][info][gc,phases   ] GC(255)   Other: 0.14ms
[146.679s][info][gc,heap     ] GC(255) Eden regions: 439->0(442)
[146.679s][info][gc,heap     ] GC(255) Survivor regions: 11->8(57)
[146.679s][info][gc,heap     ] GC(255) Old regions: 58->59
[146.679s][info][gc,heap     ] GC(255) Humongous regions: 1->1
[146.679s][info][gc,metaspace] GC(255) Metaspace: 41573K(42048K)->41573K(42048K) NonClass: 37242K(37504K)->37242K(37504K) Class: 4330K(4544K)->4330K(4544K)
[146.679s][info][gc          ] GC(255) Pause Young (Normal) (G1 Evacuation Pause) 508M->67M(750M) 9.023ms
[146.679s][info][gc,cpu      ] GC(255) User=0.01s Sys=0.00s Real=0.01s
[148.461s][info][gc,start    ] GC(256) Pause Young (Normal) (G1 Evacuation Pause)
[148.461s][info][gc,task     ] GC(256) Using 2 workers of 2 for evacuation
[148.469s][info][gc,phases   ] GC(256)   Pre Evacuate Collection Set: 0.26ms
[148.469s][info][gc,phases   ] GC(256)   Merge Heap Roots: 0.16ms
[148.469s][info][gc,phases   ] GC(256)   Evacuate Collection Set: 6.25ms
[148.469s][info][gc,phases   ] GC(256)   Post Evacuate Collection Set: 0.99ms
[148.469s][info][gc,phases   ] GC(256)   Other: 0.09ms
[148.469s][info][gc,heap     ] GC(256) Eden regions: 442->0(444)
[148.469s][info][gc,heap     ] GC(256) Survivor regions: 8->6(57)
[148.469s][info][gc,heap     ] GC(256) Old regions: 59->60
[148.469s][info][gc,heap     ] GC(256) Humongous regions: 1->1
[148.469s][info][gc,metaspace] GC(256) Metaspace: 41598K(42112K)->41598K(42112K) NonClass: 37268K(37568K)->37268K(37568K) Class: 4330K(4544K)->4330K(4544K)
[148.469s][info][gc          ] GC(256) Pause Young (Normal) (G1 Evacuation Pause) 509M->65M(750M) 7.977ms
[148.469s][info][gc,cpu      ] GC(256) User=0.01s Sys=0.00s Real=0.01s
[150.710s][info][gc,start    ] GC(257) Pause Young (Normal) (G1 Evacuation Pause)
[150.710s][info][gc,task     ] GC(257) Using 2 workers of 2 for evacuation
[150.760s][info][gc,phases   ] GC(257)   Pre Evacuate Collection Set: 0.26ms
[150.760s][info][gc,phases   ] GC(257)   Merge Heap Roots: 0.15ms
[150.760s][info][gc,phases   ] GC(257)   Evacuate Collection Set: 48.73ms
[150.760s][info][gc,phases   ] GC(257)   Post Evacuate Collection Set: 0.80ms
[150.760s][info][gc,phases   ] GC(257)   Other: 0.09ms
[150.760s][info][gc,heap     ] GC(257) Eden regions: 444->0(408)
[150.760s][info][gc,heap     ] GC(257) Survivor regions: 6->42(57)
[150.760s][info][gc,heap     ] GC(257) Old regions: 60->60
[150.760s][info][gc,heap     ] GC(257) Humongous regions: 14->4
[150.760s][info][gc,metaspace] GC(257) Metaspace: 41716K(42176K)->41716K(42176K) NonClass: 37386K(37632K)->37386K(37632K) Class: 4330K(4544K)->4330K(4544K)
[150.761s][info][gc          ] GC(257) Pause Young (Normal) (G1 Evacuation Pause) 522M->104M(750M) 50.233ms
[150.761s][info][gc,cpu      ] GC(257) User=0.09s Sys=0.00s Real=0.05s
[152.231s][info][gc,start    ] GC(258) Pause Young (Normal) (G1 Evacuation Pause)
[152.231s][info][gc,task     ] GC(258) Using 2 workers of 2 for evacuation
[152.343s][info][gc,phases   ] GC(258)   Pre Evacuate Collection Set: 0.24ms
[152.343s][info][gc,phases   ] GC(258)   Merge Heap Roots: 0.21ms
[152.343s][info][gc,phases   ] GC(258)   Evacuate Collection Set: 110.08ms
[152.343s][info][gc,phases   ] GC(258)   Post Evacuate Collection Set: 0.79ms
[152.343s][info][gc,phases   ] GC(258)   Other: 0.10ms
[152.343s][info][gc,heap     ] GC(258) Eden regions: 408->0(408)
[152.343s][info][gc,heap     ] GC(258) Survivor regions: 42->42(57)
[152.343s][info][gc,heap     ] GC(258) Old regions: 60->102
[152.343s][info][gc,heap     ] GC(258) Humongous regions: 10->10
[152.343s][info][gc,metaspace] GC(258) Metaspace: 41718K(42176K)->41718K(42176K) NonClass: 37387K(37632K)->37387K(37632K) Class: 4330K(4544K)->4330K(4544K)
[152.343s][info][gc          ] GC(258) Pause Young (Normal) (G1 Evacuation Pause) 518M->152M(750M) 111.678ms
[152.343s][info][gc,cpu      ] GC(258) User=0.22s Sys=0.00s Real=0.12s
[157.143s][info][gc,start    ] GC(259) Pause Young (Normal) (G1 Evacuation Pause)
[157.143s][info][gc,task     ] GC(259) Using 2 workers of 2 for evacuation
[157.218s][info][gc,phases   ] GC(259)   Pre Evacuate Collection Set: 0.27ms
[157.218s][info][gc,phases   ] GC(259)   Merge Heap Roots: 0.19ms
[157.218s][info][gc,phases   ] GC(259)   Evacuate Collection Set: 73.82ms
[157.218s][info][gc,phases   ] GC(259)   Post Evacuate Collection Set: 0.77ms
[157.218s][info][gc,phases   ] GC(259)   Other: 0.08ms
[157.218s][info][gc,heap     ] GC(259) Eden regions: 408->0(426)
[157.218s][info][gc,heap     ] GC(259) Survivor regions: 42->24(57)
[157.218s][info][gc,heap     ] GC(259) Old regions: 102->144
[157.218s][info][gc,heap     ] GC(259) Humongous regions: 15->10
[157.218s][info][gc,metaspace] GC(259) Metaspace: 41781K(42240K)->41781K(42240K) NonClass: 37450K(37696K)->37450K(37696K) Class: 4330K(4544K)->4330K(4544K)
[157.218s][info][gc          ] GC(259) Pause Young (Normal) (G1 Evacuation Pause) 565M->176M(750M) 75.345ms
[157.218s][info][gc,cpu      ] GC(259) User=0.15s Sys=0.00s Real=0.07s
[158.411s][info][gc,start    ] GC(260) Pause Young (Normal) (G1 Evacuation Pause)
[158.411s][info][gc,task     ] GC(260) Using 2 workers of 2 for evacuation
[158.526s][info][gc,phases   ] GC(260)   Pre Evacuate Collection Set: 0.27ms
[158.526s][info][gc,phases   ] GC(260)   Merge Heap Roots: 0.20ms
[158.526s][info][gc,phases   ] GC(260)   Evacuate Collection Set: 112.61ms
[158.526s][info][gc,phases   ] GC(260)   Post Evacuate Collection Set: 0.98ms
[158.526s][info][gc,phases   ] GC(260)   Other: 0.09ms
[158.526s][info][gc,heap     ] GC(260) Eden regions: 426->0(393)
[158.526s][info][gc,heap     ] GC(260) Survivor regions: 24->57(57)
[158.526s][info][gc,heap     ] GC(260) Old regions: 144->160
[158.526s][info][gc,heap     ] GC(260) Humongous regions: 13->13
[158.526s][info][gc,metaspace] GC(260) Metaspace: 41781K(42240K)->41781K(42240K) NonClass: 37450K(37696K)->37450K(37696K) Class: 4330K(4544K)->4330K(4544K)
[158.526s][info][gc          ] GC(260) Pause Young (Normal) (G1 Evacuation Pause) 605M->229M(750M) 114.384ms
[158.526s][info][gc,cpu      ] GC(260) User=0.22s Sys=0.00s Real=0.12s
[161.315s][info][gc,start    ] GC(261) Pause Young (Normal) (G1 Evacuation Pause)
[161.315s][info][gc,task     ] GC(261) Using 2 workers of 2 for evacuation
[161.425s][info][gc,phases   ] GC(261)   Pre Evacuate Collection Set: 0.47ms
[161.425s][info][gc,phases   ] GC(261)   Merge Heap Roots: 0.29ms
[161.425s][info][gc,phases   ] GC(261)   Evacuate Collection Set: 107.29ms
[161.425s][info][gc,phases   ] GC(261)   Post Evacuate Collection Set: 1.67ms
[161.425s][info][gc,phases   ] GC(261)   Other: 0.14ms
[161.425s][info][gc,heap     ] GC(261) Eden regions: 393->0(421)
[161.425s][info][gc,heap     ] GC(261) Survivor regions: 57->26(57)
[161.425s][info][gc,heap     ] GC(261) Old regions: 160->211
[161.425s][info][gc,heap     ] GC(261) Humongous regions: 25->23
[161.425s][info][gc,metaspace] GC(261) Metaspace: 41785K(42240K)->41785K(42240K) NonClass: 37454K(37696K)->37454K(37696K) Class: 4330K(4544K)->4330K(4544K)
[161.425s][info][gc          ] GC(261) Pause Young (Normal) (G1 Evacuation Pause) 634M->258M(786M) 110.139ms
[161.425s][info][gc,cpu      ] GC(261) User=0.21s Sys=0.00s Real=0.11s
[164.462s][info][gc,start    ] GC(262) Pause Young (Concurrent Start) (G1 Evacuation Pause)
[164.462s][info][gc,task     ] GC(262) Using 2 workers of 2 for evacuation
[164.491s][info][gc,phases   ] GC(262)   Pre Evacuate Collection Set: 0.35ms
[164.492s][info][gc,phases   ] GC(262)   Merge Heap Roots: 0.21ms
[164.492s][info][gc,phases   ] GC(262)   Evacuate Collection Set: 28.00ms
[164.492s][info][gc,phases   ] GC(262)   Post Evacuate Collection Set: 0.78ms
[164.492s][info][gc,phases   ] GC(262)   Other: 0.15ms
[164.492s][info][gc,heap     ] GC(262) Eden regions: 421->0(442)
[164.492s][info][gc,heap     ] GC(262) Survivor regions: 26->21(56)
[164.492s][info][gc,heap     ] GC(262) Old regions: 211->211
[164.492s][info][gc,heap     ] GC(262) Humongous regions: 23->23
[164.492s][info][gc,metaspace] GC(262) Metaspace: 41786K(42240K)->41786K(42240K) NonClass: 37456K(37696K)->37456K(37696K) Class: 4330K(4544K)->4330K(4544K)
[164.492s][info][gc          ] GC(262) Pause Young (Concurrent Start) (G1 Evacuation Pause) 679M->254M(786M) 29.744ms
[164.492s][info][gc,cpu      ] GC(262) User=0.06s Sys=0.00s Real=0.03s
[164.492s][info][gc          ] GC(263) Concurrent Mark Cycle
[164.492s][info][gc,marking  ] GC(263) Concurrent Scan Root Regions
[164.500s][info][gc,marking  ] GC(263) Concurrent Scan Root Regions 8.081ms
[164.500s][info][gc,marking  ] GC(263) Concurrent Mark
[164.500s][info][gc,marking  ] GC(263) Concurrent Mark From Roots
[164.500s][info][gc,task     ] GC(263) Using 1 workers of 1 for marking
[164.536s][info][gc,marking  ] GC(263) Concurrent Mark From Roots 35.617ms
[164.536s][info][gc,marking  ] GC(263) Concurrent Preclean
[164.536s][info][gc,marking  ] GC(263) Concurrent Preclean 0.388ms
[164.536s][info][gc,start    ] GC(263) Pause Remark
[164.556s][info][gc          ] GC(263) Pause Remark 261M->98M(307M) 19.707ms
[164.556s][info][gc,cpu      ] GC(263) User=0.04s Sys=0.00s Real=0.02s
[164.556s][info][gc,marking  ] GC(263) Concurrent Mark 56.133ms
[164.556s][info][gc,marking  ] GC(263) Concurrent Rebuild Remembered Sets and Scrub Regions
[164.580s][info][gc,marking  ] GC(263) Concurrent Rebuild Remembered Sets and Scrub Regions 23.528ms
[164.580s][info][gc,start    ] GC(263) Pause Cleanup
[164.580s][info][gc          ] GC(263) Pause Cleanup 101M->101M(307M) 0.063ms
[164.580s][info][gc,cpu      ] GC(263) User=0.00s Sys=0.00s Real=0.00s
[164.580s][info][gc,marking  ] GC(263) Concurrent Clear Claimed Marks
[164.580s][info][gc,marking  ] GC(263) Concurrent Clear Claimed Marks 0.041ms
[164.580s][info][gc,marking  ] GC(263) Concurrent Cleanup for Next Mark
[164.582s][info][gc,marking  ] GC(263) Concurrent Cleanup for Next Mark 1.672ms
[164.582s][info][gc          ] GC(263) Concurrent Mark Cycle 89.903ms
[165.544s][info][gc,start    ] GC(264) Pause Young (Prepare Mixed) (G1 Evacuation Pause)
[165.544s][info][gc,task     ] GC(264) Using 2 workers of 2 for evacuation
[165.553s][info][gc,phases   ] GC(264)   Pre Evacuate Collection Set: 0.19ms
[165.553s][info][gc,phases   ] GC(264)   Merge Heap Roots: 0.14ms
[165.553s][info][gc,phases   ] GC(264)   Evacuate Collection Set: 8.16ms
[165.553s][info][gc,phases   ] GC(264)   Post Evacuate Collection Set: 0.45ms
[165.553s][info][gc,phases   ] GC(264)   Other: 0.08ms
[165.553s][info][gc,heap     ] GC(264) Eden regions: 163->0(180)
[165.553s][info][gc,heap     ] GC(264) Survivor regions: 21->4(23)
[165.553s][info][gc,heap     ] GC(264) Old regions: 70->77
[165.553s][info][gc,heap     ] GC(264) Humongous regions: 2->1
[165.553s][info][gc,metaspace] GC(264) Metaspace: 41786K(42240K)->41786K(42240K) NonClass: 37456K(37696K)->37456K(37696K) Class: 4330K(4544K)->4330K(4544K)
[165.554s][info][gc          ] GC(264) Pause Young (Prepare Mixed) (G1 Evacuation Pause) 255M->80M(307M) 9.218ms
[165.554s][info][gc,cpu      ] GC(264) User=0.02s Sys=0.00s Real=0.01s
[166.639s][info][gc,start    ] GC(265) Pause Young (Mixed) (G1 Evacuation Pause)
[166.639s][info][gc,task     ] GC(265) Using 2 workers of 2 for evacuation
[166.663s][info][gc,phases   ] GC(265)   Pre Evacuate Collection Set: 0.19ms
[166.663s][info][gc,phases   ] GC(265)   Merge Heap Roots: 0.09ms
[166.663s][info][gc,phases   ] GC(265)   Evacuate Collection Set: 22.88ms
[166.663s][info][gc,phases   ] GC(265)   Post Evacuate Collection Set: 0.58ms
[166.663s][info][gc,phases   ] GC(265)   Other: 0.08ms
[166.663s][info][gc,heap     ] GC(265) Eden regions: 180->0(161)
[166.663s][info][gc,heap     ] GC(265) Survivor regions: 4->23(23)
[166.663s][info][gc,heap     ] GC(265) Old regions: 77->63
[166.663s][info][gc,heap     ] GC(265) Humongous regions: 3->3
[166.663s][info][gc,metaspace] GC(265) Metaspace: 41786K(42240K)->41786K(42240K) NonClass: 37456K(37696K)->37456K(37696K) Class: 4330K(4544K)->4330K(4544K)
[166.663s][info][gc          ] GC(265) Pause Young (Mixed) (G1 Evacuation Pause) 262M->88M(307M) 24.067ms
[166.663s][info][gc,cpu      ] GC(265) User=0.05s Sys=0.00s Real=0.03s
[166.942s][info][gc,start    ] GC(266) Pause Young (Concurrent Start) (G1 Humongous Allocation)
[166.942s][info][gc,task     ] GC(266) Using 2 workers of 2 for evacuation
[166.980s][info][gc,phases   ] GC(266)   Pre Evacuate Collection Set: 0.24ms
[166.980s][info][gc,phases   ] GC(266)   Merge Heap Roots: 0.08ms
[166.980s][info][gc,phases   ] GC(266)   Evacuate Collection Set: 37.22ms
[166.980s][info][gc,phases   ] GC(266)   Post Evacuate Collection Set: 0.40ms
[166.980s][info][gc,phases   ] GC(266)   Other: 0.11ms
[166.980s][info][gc,heap     ] GC(266) Eden regions: 97->0(163)
[166.980s][info][gc,heap     ] GC(266) Survivor regions: 23->13(23)
[166.980s][info][gc,heap     ] GC(266) Old regions: 63->86
[166.980s][info][gc,heap     ] GC(266) Humongous regions: 3->3
[166.980s][info][gc,metaspace] GC(266) Metaspace: 41786K(42240K)->41786K(42240K) NonClass: 37456K(37696K)->37456K(37696K) Class: 4330K(4544K)->4330K(4544K)
[166.980s][info][gc          ] GC(266) Pause Young (Concurrent Start) (G1 Humongous Allocation) 185M->101M(307M) 38.298ms
[166.980s][info][gc          ] GC(267) Concurrent Mark Cycle
[166.980s][info][gc,marking  ] GC(267) Concurrent Scan Root Regions
[166.981s][info][gc,cpu      ] GC(266) User=0.08s Sys=0.00s Real=0.04s
[167.022s][info][gc,marking  ] GC(267) Concurrent Scan Root Regions 41.767ms
[167.022s][info][gc,marking  ] GC(267) Concurrent Mark
[167.022s][info][gc,marking  ] GC(267) Concurrent Mark From Roots
[167.022s][info][gc,task     ] GC(267) Using 1 workers of 1 for marking
[167.055s][info][gc,marking  ] GC(267) Concurrent Mark From Roots 32.868ms
[167.055s][info][gc,marking  ] GC(267) Concurrent Preclean
[167.055s][info][gc,marking  ] GC(267) Concurrent Preclean 0.038ms
[167.055s][info][gc,start    ] GC(267) Pause Remark
[167.073s][info][gc          ] GC(267) Pause Remark 118M->117M(307M) 17.748ms
[167.073s][info][gc,cpu      ] GC(267) User=0.03s Sys=0.00s Real=0.02s
[167.073s][info][gc,marking  ] GC(267) Concurrent Mark 50.994ms
[167.073s][info][gc,marking  ] GC(267) Concurrent Rebuild Remembered Sets and Scrub Regions
[167.105s][info][gc,marking  ] GC(267) Concurrent Rebuild Remembered Sets and Scrub Regions 31.953ms
[167.105s][info][gc,start    ] GC(267) Pause Cleanup
[167.105s][info][gc          ] GC(267) Pause Cleanup 128M->128M(307M) 0.065ms
[167.105s][info][gc,cpu      ] GC(267) User=0.00s Sys=0.00s Real=0.00s
[167.105s][info][gc,marking  ] GC(267) Concurrent Clear Claimed Marks
[167.105s][info][gc,marking  ] GC(267) Concurrent Clear Claimed Marks 0.041ms
[167.105s][info][gc,marking  ] GC(267) Concurrent Cleanup for Next Mark
[167.106s][info][gc,marking  ] GC(267) Concurrent Cleanup for Next Mark 0.917ms
[167.106s][info][gc          ] GC(267) Concurrent Mark Cycle 126.087ms
[167.507s][info][gc,start    ] GC(268) Pause Young (Prepare Mixed) (G1 Evacuation Pause)
[167.507s][info][gc,task     ] GC(268) Using 2 workers of 2 for evacuation
[167.548s][info][gc,phases   ] GC(268)   Pre Evacuate Collection Set: 0.20ms
[167.548s][info][gc,phases   ] GC(268)   Merge Heap Roots: 0.11ms
[167.548s][info][gc,phases   ] GC(268)   Evacuate Collection Set: 39.74ms
[167.548s][info][gc,phases   ] GC(268)   Post Evacuate Collection Set: 0.44ms
[167.548s][info][gc,phases   ] GC(268)   Other: 0.08ms
[167.548s][info][gc,heap     ] GC(268) Eden regions: 163->0(144)
[167.548s][info][gc,heap     ] GC(268) Survivor regions: 13->20(22)
[167.548s][info][gc,heap     ] GC(268) Old regions: 85->97
[167.548s][info][gc,heap     ] GC(268) Humongous regions: 6->6
[167.548s][info][gc,metaspace] GC(268) Metaspace: 41786K(42240K)->41786K(42240K) NonClass: 37456K(37696K)->37456K(37696K) Class: 4330K(4544K)->4330K(4544K)
[167.548s][info][gc          ] GC(268) Pause Young (Prepare Mixed) (G1 Evacuation Pause) 266M->123M(307M) 40.813ms
[167.548s][info][gc,cpu      ] GC(268) User=0.08s Sys=0.00s Real=0.04s
[167.948s][info][gc,start    ] GC(269) Pause Young (Mixed) (G1 Evacuation Pause)
[167.948s][info][gc,task     ] GC(269) Using 2 workers of 2 for evacuation
[167.995s][info][gc,phases   ] GC(269)   Pre Evacuate Collection Set: 0.24ms
[167.995s][info][gc,phases   ] GC(269)   Merge Heap Roots: 0.17ms
[167.995s][info][gc,phases   ] GC(269)   Evacuate Collection Set: 45.16ms
[167.995s][info][gc,phases   ] GC(269)   Post Evacuate Collection Set: 0.61ms
[167.995s][info][gc,phases   ] GC(269)   Other: 0.09ms
[167.995s][info][gc,heap     ] GC(269) Eden regions: 144->0(152)
[167.995s][info][gc,heap     ] GC(269) Survivor regions: 20->17(21)
[167.995s][info][gc,heap     ] GC(269) Old regions: 97->89
[167.995s][info][gc,heap     ] GC(269) Humongous regions: 6->6
[167.995s][info][gc,metaspace] GC(269) Metaspace: 41786K(42240K)->41786K(42240K) NonClass: 37456K(37696K)->37456K(37696K) Class: 4330K(4544K)->4330K(4544K)
[167.995s][info][gc          ] GC(269) Pause Young (Mixed) (G1 Evacuation Pause) 267M->112M(307M) 46.511ms
[167.995s][info][gc,cpu      ] GC(269) User=0.09s Sys=0.00s Real=0.05s
[168.281s][info][gc,start    ] GC(270) Pause Young (Concurrent Start) (G1 Humongous Allocation)
[168.281s][info][gc,task     ] GC(270) Using 2 workers of 2 for evacuation
[168.317s][info][gc,phases   ] GC(270)   Pre Evacuate Collection Set: 0.22ms
[168.317s][info][gc,phases   ] GC(270)   Merge Heap Roots: 0.09ms
[168.317s][info][gc,phases   ] GC(270)   Evacuate Collection Set: 34.26ms
[168.317s][info][gc,phases   ] GC(270)   Post Evacuate Collection Set: 0.46ms
[168.317s][info][gc,phases   ] GC(270)   Other: 0.12ms
[168.317s][info][gc,heap     ] GC(270) Eden regions: 103->0(141)
[168.317s][info][gc,heap     ] GC(270) Survivor regions: 17->13(22)
[168.317s][info][gc,heap     ] GC(270) Old regions: 89->107
[168.317s][info][gc,heap     ] GC(270) Humongous regions: 6->6
[168.317s][info][gc,metaspace] GC(270) Metaspace: 41786K(42240K)->41786K(42240K) NonClass: 37456K(37696K)->37456K(37696K) Class: 4330K(4544K)->4330K(4544K)
[168.317s][info][gc          ] GC(270) Pause Young (Concurrent Start) (G1 Humongous Allocation) 215M->125M(307M) 35.411ms
[168.317s][info][gc,cpu      ] GC(270) User=0.07s Sys=0.00s Real=0.04s
[168.317s][info][gc          ] GC(271) Concurrent Mark Cycle
[168.317s][info][gc,marking  ] GC(271) Concurrent Scan Root Regions
[168.350s][info][gc,marking  ] GC(271) Concurrent Scan Root Regions 32.693ms
[168.350s][info][gc,marking  ] GC(271) Concurrent Mark
[168.350s][info][gc,marking  ] GC(271) Concurrent Mark From Roots
[168.350s][info][gc,task     ] GC(271) Using 1 workers of 1 for marking
[168.444s][info][gc,marking  ] GC(271) Concurrent Mark From Roots 94.683ms
[168.444s][info][gc,marking  ] GC(271) Concurrent Preclean
[168.444s][info][gc,marking  ] GC(271) Concurrent Preclean 0.046ms
[168.445s][info][gc,start    ] GC(271) Pause Remark
[168.465s][info][gc          ] GC(271) Pause Remark 150M->147M(307M) 20.352ms
[168.465s][info][gc,cpu      ] GC(271) User=0.03s Sys=0.00s Real=0.02s
[168.467s][info][gc,marking  ] GC(271) Concurrent Mark 117.665ms
[168.467s][info][gc,marking  ] GC(271) Concurrent Rebuild Remembered Sets and Scrub Regions
[168.542s][info][gc,marking  ] GC(271) Concurrent Rebuild Remembered Sets and Scrub Regions 74.238ms
[168.542s][info][gc,start    ] GC(271) Pause Cleanup
[168.542s][info][gc          ] GC(271) Pause Cleanup 176M->176M(307M) 0.075ms
[168.542s][info][gc,cpu      ] GC(271) User=0.00s Sys=0.00s Real=0.00s
[168.542s][info][gc,marking  ] GC(271) Concurrent Clear Claimed Marks
[168.542s][info][gc,marking  ] GC(271) Concurrent Clear Claimed Marks 0.057ms
[168.542s][info][gc,marking  ] GC(271) Concurrent Cleanup for Next Mark
[168.543s][info][gc,marking  ] GC(271) Concurrent Cleanup for Next Mark 0.999ms
[168.543s][info][gc          ] GC(271) Concurrent Mark Cycle 226.605ms
[168.843s][info][gc,start    ] GC(272) Pause Young (Prepare Mixed) (G1 Evacuation Pause)
[168.843s][info][gc,task     ] GC(272) Using 2 workers of 2 for evacuation
[168.886s][info][gc,phases   ] GC(272)   Pre Evacuate Collection Set: 0.21ms
[168.886s][info][gc,phases   ] GC(272)   Merge Heap Roots: 0.13ms
[168.886s][info][gc,phases   ] GC(272)   Evacuate Collection Set: 42.49ms
[168.886s][info][gc,phases   ] GC(272)   Post Evacuate Collection Set: 0.52ms
[168.886s][info][gc,phases   ] GC(272)   Other: 0.09ms
[168.886s][info][gc,heap     ] GC(272) Eden regions: 141->0(127)
[168.886s][info][gc,heap     ] GC(272) Survivor regions: 13->17(20)
[168.886s][info][gc,heap     ] GC(272) Old regions: 105->117
[168.886s][info][gc,heap     ] GC(272) Humongous regions: 9->9
[168.886s][info][gc,metaspace] GC(272) Metaspace: 41786K(42240K)->41786K(42240K) NonClass: 37456K(37696K)->37456K(37696K) Class: 4330K(4544K)->4330K(4544K)
[168.886s][info][gc          ] GC(272) Pause Young (Prepare Mixed) (G1 Evacuation Pause) 267M->142M(307M) 43.706ms
[168.886s][info][gc,cpu      ] GC(272) User=0.09s Sys=0.00s Real=0.04s
[170.336s][info][gc,start    ] GC(273) Pause Young (Mixed) (G1 Evacuation Pause)
[170.336s][info][gc,task     ] GC(273) Using 2 workers of 2 for evacuation
[170.386s][info][gc,phases   ] GC(273)   Pre Evacuate Collection Set: 0.20ms
[170.386s][info][gc,phases   ] GC(273)   Merge Heap Roots: 0.35ms
[170.386s][info][gc,phases   ] GC(273)   Evacuate Collection Set: 48.41ms
[170.386s][info][gc,phases   ] GC(273)   Post Evacuate Collection Set: 0.52ms
[170.386s][info][gc,phases   ] GC(273)   Other: 0.08ms
[170.386s][info][gc,heap     ] GC(273) Eden regions: 127->0(133)
[170.386s][info][gc,heap     ] GC(273) Survivor regions: 17->7(18)
[170.386s][info][gc,heap     ] GC(273) Old regions: 117->116
[170.386s][info][gc,heap     ] GC(273) Humongous regions: 17->15
[170.386s][info][gc,metaspace] GC(273) Metaspace: 41786K(42240K)->41786K(42240K) NonClass: 37456K(37696K)->37456K(37696K) Class: 4330K(4544K)->4330K(4544K)
[170.386s][info][gc          ] GC(273) Pause Young (Mixed) (G1 Evacuation Pause) 277M->137M(307M) 49.812ms
[170.386s][info][gc,cpu      ] GC(273) User=0.10s Sys=0.00s Real=0.05s
[171.026s][info][gc,start    ] GC(274) Pause Young (Concurrent Start) (G1 Evacuation Pause)
[171.026s][info][gc,task     ] GC(274) Using 2 workers of 2 for evacuation
[171.043s][info][gc,phases   ] GC(274)   Pre Evacuate Collection Set: 0.20ms
[171.044s][info][gc,phases   ] GC(274)   Merge Heap Roots: 0.09ms
[171.044s][info][gc,phases   ] GC(274)   Evacuate Collection Set: 16.20ms
[171.044s][info][gc,phases   ] GC(274)   Post Evacuate Collection Set: 0.49ms
[171.044s][info][gc,phases   ] GC(274)   Other: 0.12ms
[171.044s][info][gc,heap     ] GC(274) Eden regions: 133->0(133)
[171.044s][info][gc,heap     ] GC(274) Survivor regions: 7->11(18)
[171.044s][info][gc,heap     ] GC(274) Old regions: 116->116
[171.044s][info][gc,heap     ] GC(274) Humongous regions: 15->15
[171.044s][info][gc,metaspace] GC(274) Metaspace: 41786K(42240K)->41786K(42240K) NonClass: 37456K(37696K)->37456K(37696K) Class: 4330K(4544K)->4330K(4544K)
[171.044s][info][gc          ] GC(274) Pause Young (Concurrent Start) (G1 Evacuation Pause) 270M->141M(307M) 17.312ms
[171.044s][info][gc          ] GC(275) Concurrent Mark Cycle
[171.044s][info][gc,marking  ] GC(275) Concurrent Scan Root Regions
[171.044s][info][gc,cpu      ] GC(274) User=0.03s Sys=0.00s Real=0.02s
[171.062s][info][gc,marking  ] GC(275) Concurrent Scan Root Regions 17.875ms
[171.062s][info][gc,marking  ] GC(275) Concurrent Mark
[171.062s][info][gc,marking  ] GC(275) Concurrent Mark From Roots
[171.062s][info][gc,task     ] GC(275) Using 1 workers of 1 for marking
[171.135s][info][gc,marking  ] GC(275) Concurrent Mark From Roots 73.369ms
[171.135s][info][gc,marking  ] GC(275) Concurrent Preclean
[171.135s][info][gc,marking  ] GC(275) Concurrent Preclean 0.044ms
[171.135s][info][gc,start    ] GC(275) Pause Remark
[171.152s][info][gc          ] GC(275) Pause Remark 158M->67M(256M) 17.190ms
[171.152s][info][gc,cpu      ] GC(275) User=0.03s Sys=0.00s Real=0.02s
[171.154s][info][gc,marking  ] GC(275) Concurrent Mark 92.680ms
[171.154s][info][gc,marking  ] GC(275) Concurrent Rebuild Remembered Sets and Scrub Regions
[171.185s][info][gc,marking  ] GC(275) Concurrent Rebuild Remembered Sets and Scrub Regions 30.252ms
[171.185s][info][gc,start    ] GC(275) Pause Cleanup
[171.185s][info][gc          ] GC(275) Pause Cleanup 73M->73M(256M) 0.053ms
[171.185s][info][gc,cpu      ] GC(275) User=0.00s Sys=0.00s Real=0.00s
[171.185s][info][gc,marking  ] GC(275) Concurrent Clear Claimed Marks
[171.185s][info][gc,marking  ] GC(275) Concurrent Clear Claimed Marks 0.060ms
[171.186s][info][gc,marking  ] GC(275) Concurrent Cleanup for Next Mark
[171.186s][info][gc,marking  ] GC(275) Concurrent Cleanup for Next Mark 0.813ms
[171.186s][info][gc          ] GC(275) Concurrent Mark Cycle 142.711ms
[171.861s][info][gc,start    ] GC(276) Pause Young (Prepare Mixed) (G1 Evacuation Pause)
[171.861s][info][gc,task     ] GC(276) Using 2 workers of 2 for evacuation
[171.866s][info][gc,phases   ] GC(276)   Pre Evacuate Collection Set: 0.17ms
[171.866s][info][gc,phases   ] GC(276)   Merge Heap Roots: 0.11ms
[171.866s][info][gc,phases   ] GC(276)   Evacuate Collection Set: 4.52ms
[171.866s][info][gc,phases   ] GC(276)   Post Evacuate Collection Set: 0.40ms
[171.866s][info][gc,phases   ] GC(276)   Other: 0.10ms
[171.866s][info][gc,heap     ] GC(276) Eden regions: 133->0(148)
[171.866s][info][gc,heap     ] GC(276) Survivor regions: 11->5(18)
[171.866s][info][gc,heap     ] GC(276) Old regions: 39->41
[171.866s][info][gc,heap     ] GC(276) Humongous regions: 1->1
[171.866s][info][gc,metaspace] GC(276) Metaspace: 41787K(42240K)->41787K(42240K) NonClass: 37457K(37696K)->37457K(37696K) Class: 4330K(4544K)->4330K(4544K)
[171.866s][info][gc          ] GC(276) Pause Young (Prepare Mixed) (G1 Evacuation Pause) 183M->46M(256M) 5.502ms
[171.866s][info][gc,cpu      ] GC(276) User=0.01s Sys=0.00s Real=0.01s
[172.896s][info][gc,start    ] GC(277) Pause Young (Mixed) (G1 Evacuation Pause)
[172.897s][info][gc,task     ] GC(277) Using 2 workers of 2 for evacuation
[172.919s][info][gc,phases   ] GC(277)   Pre Evacuate Collection Set: 0.20ms
[172.919s][info][gc,phases   ] GC(277)   Merge Heap Roots: 0.09ms
[172.919s][info][gc,phases   ] GC(277)   Evacuate Collection Set: 21.42ms
[172.919s][info][gc,phases   ] GC(277)   Post Evacuate Collection Set: 0.43ms
[172.919s][info][gc,phases   ] GC(277)   Other: 0.09ms
[172.919s][info][gc,heap     ] GC(277) Eden regions: 148->0(133)
[172.919s][info][gc,heap     ] GC(277) Survivor regions: 5->20(20)
[172.919s][info][gc,heap     ] GC(277) Old regions: 41->40
[172.919s][info][gc,heap     ] GC(277) Humongous regions: 1->1
[172.919s][info][gc,metaspace] GC(277) Metaspace: 41787K(42240K)->41787K(42240K) NonClass: 37457K(37696K)->37457K(37696K) Class: 4330K(4544K)->4330K(4544K)
[172.919s][info][gc          ] GC(277) Pause Young (Mixed) (G1 Evacuation Pause) 194M->59M(256M) 22.512ms
[172.919s][info][gc,cpu      ] GC(277) User=0.04s Sys=0.00s Real=0.02s
[173.816s][info][gc,start    ] GC(278) Pause Young (Concurrent Start) (G1 Evacuation Pause)
[173.816s][info][gc,task     ] GC(278) Using 2 workers of 2 for evacuation
[173.845s][info][gc,phases   ] GC(278)   Pre Evacuate Collection Set: 0.21ms
[173.846s][info][gc,phases   ] GC(278)   Merge Heap Roots: 0.10ms
[173.846s][info][gc,phases   ] GC(278)   Evacuate Collection Set: 28.88ms
[173.846s][info][gc,phases   ] GC(278)   Post Evacuate Collection Set: 0.45ms
[173.846s][info][gc,phases   ] GC(278)   Other: 0.10ms
[173.846s][info][gc,heap     ] GC(278) Eden regions: 133->0(141)
[173.846s][info][gc,heap     ] GC(278) Survivor regions: 20->12(20)
[173.846s][info][gc,heap     ] GC(278) Old regions: 40->60
[173.846s][info][gc,heap     ] GC(278) Humongous regions: 1->1
[173.846s][info][gc,metaspace] GC(278) Metaspace: 41788K(42240K)->41788K(42240K) NonClass: 37457K(37696K)->37457K(37696K) Class: 4330K(4544K)->4330K(4544K)
[173.846s][info][gc          ] GC(278) Pause Young (Concurrent Start) (G1 Evacuation Pause) 192M->72M(256M) 30.023ms
[173.846s][info][gc          ] GC(279) Concurrent Mark Cycle
[173.846s][info][gc,marking  ] GC(279) Concurrent Scan Root Regions
[173.846s][info][gc,cpu      ] GC(278) User=0.06s Sys=0.00s Real=0.03s
[173.871s][info][gc,marking  ] GC(279) Concurrent Scan Root Regions 25.570ms
[173.871s][info][gc,marking  ] GC(279) Concurrent Mark
[173.871s][info][gc,marking  ] GC(279) Concurrent Mark From Roots
[173.871s][info][gc,task     ] GC(279) Using 1 workers of 1 for marking
[173.908s][info][gc,marking  ] GC(279) Concurrent Mark From Roots 36.745ms
[173.908s][info][gc,marking  ] GC(279) Concurrent Preclean
[173.908s][info][gc,marking  ] GC(279) Concurrent Preclean 0.040ms
[173.908s][info][gc,start    ] GC(279) Pause Remark
[173.925s][info][gc          ] GC(279) Pause Remark 81M->81M(256M) 16.641ms
[173.925s][info][gc,cpu      ] GC(279) User=0.03s Sys=0.00s Real=0.02s
[173.925s][info][gc,marking  ] GC(279) Concurrent Mark 53.761ms
[173.925s][info][gc,marking  ] GC(279) Concurrent Rebuild Remembered Sets and Scrub Regions
[173.953s][info][gc,marking  ] GC(279) Concurrent Rebuild Remembered Sets and Scrub Regions 27.566ms
[173.953s][info][gc,start    ] GC(279) Pause Cleanup
[173.953s][info][gc          ] GC(279) Pause Cleanup 85M->85M(256M) 0.052ms
[173.953s][info][gc,cpu      ] GC(279) User=0.01s Sys=0.00s Real=0.00s
[173.953s][info][gc,marking  ] GC(279) Concurrent Clear Claimed Marks
[173.953s][info][gc,marking  ] GC(279) Concurrent Clear Claimed Marks 0.041ms
[173.953s][info][gc,marking  ] GC(279) Concurrent Cleanup for Next Mark
[173.954s][info][gc,marking  ] GC(279) Concurrent Cleanup for Next Mark 0.825ms
[173.954s][info][gc          ] GC(279) Concurrent Mark Cycle 108.066ms
[174.768s][info][gc,start    ] GC(280) Pause Young (Prepare Mixed) (G1 Evacuation Pause)
[174.768s][info][gc,task     ] GC(280) Using 2 workers of 2 for evacuation
[174.785s][info][gc,phases   ] GC(280)   Pre Evacuate Collection Set: 0.23ms
[174.785s][info][gc,phases   ] GC(280)   Merge Heap Roots: 0.16ms
[174.785s][info][gc,phases   ] GC(280)   Evacuate Collection Set: 16.28ms
[174.785s][info][gc,phases   ] GC(280)   Post Evacuate Collection Set: 0.43ms
[174.785s][info][gc,phases   ] GC(280)   Other: 0.08ms
[174.785s][info][gc,heap     ] GC(280) Eden regions: 141->0(138)
[174.785s][info][gc,heap     ] GC(280) Survivor regions: 12->15(20)
[174.785s][info][gc,heap     ] GC(280) Old regions: 60->61
[174.785s][info][gc,heap     ] GC(280) Humongous regions: 2->2
[174.785s][info][gc,metaspace] GC(280) Metaspace: 41788K(42240K)->41788K(42240K) NonClass: 37457K(37696K)->37457K(37696K) Class: 4330K(4544K)->4330K(4544K)
[174.785s][info][gc          ] GC(280) Pause Young (Prepare Mixed) (G1 Evacuation Pause) 214M->77M(256M) 17.374ms
[174.785s][info][gc,cpu      ] GC(280) User=0.03s Sys=0.00s Real=0.02s
[175.676s][info][gc,start    ] GC(281) Pause Young (Mixed) (G1 Evacuation Pause)
[175.676s][info][gc,task     ] GC(281) Using 2 workers of 2 for evacuation
[175.706s][info][gc,phases   ] GC(281)   Pre Evacuate Collection Set: 0.18ms
[175.706s][info][gc,phases   ] GC(281)   Merge Heap Roots: 0.11ms
[175.706s][info][gc,phases   ] GC(281)   Evacuate Collection Set: 28.93ms
[175.706s][info][gc,phases   ] GC(281)   Post Evacuate Collection Set: 0.43ms
[175.706s][info][gc,phases   ] GC(281)   Other: 0.08ms
[175.706s][info][gc,heap     ] GC(281) Eden regions: 138->0(134)
[175.706s][info][gc,heap     ] GC(281) Survivor regions: 15->14(20)
[175.706s][info][gc,heap     ] GC(281) Old regions: 61->71
[175.706s][info][gc,heap     ] GC(281) Humongous regions: 2->2
[175.706s][info][gc,metaspace] GC(281) Metaspace: 41788K(42240K)->41788K(42240K) NonClass: 37457K(37696K)->37457K(37696K) Class: 4330K(4544K)->4330K(4544K)
[175.706s][info][gc          ] GC(281) Pause Young (Mixed) (G1 Evacuation Pause) 215M->86M(256M) 30.033ms
[175.706s][info][gc,cpu      ] GC(281) User=0.06s Sys=0.00s Real=0.03s
[175.971s][info][gc,start    ] GC(282) Pause Young (Concurrent Start) (G1 Humongous Allocation)
[175.971s][info][gc,task     ] GC(282) Using 2 workers of 2 for evacuation
[175.991s][info][gc,phases   ] GC(282)   Pre Evacuate Collection Set: 0.24ms
[175.991s][info][gc,phases   ] GC(282)   Merge Heap Roots: 0.12ms
[175.991s][info][gc,phases   ] GC(282)   Evacuate Collection Set: 19.29ms
[175.991s][info][gc,phases   ] GC(282)   Post Evacuate Collection Set: 0.40ms
[175.991s][info][gc,phases   ] GC(282)   Other: 0.10ms
[175.991s][info][gc,heap     ] GC(282) Eden regions: 50->0(122)
[175.991s][info][gc,heap     ] GC(282) Survivor regions: 14->8(19)
[175.991s][info][gc,heap     ] GC(282) Old regions: 71->84
[175.991s][info][gc,heap     ] GC(282) Humongous regions: 2->2
[175.991s][info][gc,metaspace] GC(282) Metaspace: 41794K(42240K)->41794K(42240K) NonClass: 37463K(37696K)->37463K(37696K) Class: 4330K(4544K)->4330K(4544K)
[175.991s][info][gc          ] GC(282) Pause Young (Concurrent Start) (G1 Humongous Allocation) 135M->93M(256M) 20.347ms
[175.991s][info][gc,cpu      ] GC(282) User=0.03s Sys=0.00s Real=0.02s
[175.991s][info][gc          ] GC(283) Concurrent Mark Cycle
[175.991s][info][gc,marking  ] GC(283) Concurrent Scan Root Regions
[176.011s][info][gc,marking  ] GC(283) Concurrent Scan Root Regions 20.020ms
[176.011s][info][gc,marking  ] GC(283) Concurrent Mark
[176.011s][info][gc,marking  ] GC(283) Concurrent Mark From Roots
[176.011s][info][gc,task     ] GC(283) Using 1 workers of 1 for marking
[176.091s][info][gc,marking  ] GC(283) Concurrent Mark From Roots 80.015ms
[176.091s][info][gc,marking  ] GC(283) Concurrent Preclean
[176.091s][info][gc,marking  ] GC(283) Concurrent Preclean 0.045ms
[176.095s][info][gc,start    ] GC(283) Pause Remark
[176.115s][info][gc          ] GC(283) Pause Remark 112M->97M(256M) 19.587ms
[176.115s][info][gc,cpu      ] GC(283) User=0.04s Sys=0.00s Real=0.02s
[176.115s][info][gc,marking  ] GC(283) Concurrent Mark 104.013ms
[176.115s][info][gc,marking  ] GC(283) Concurrent Rebuild Remembered Sets and Scrub Regions
[176.155s][info][gc,marking  ] GC(283) Concurrent Rebuild Remembered Sets and Scrub Regions 39.277ms
[176.155s][info][gc,start    ] GC(283) Pause Cleanup
[176.155s][info][gc          ] GC(283) Pause Cleanup 106M->106M(256M) 0.069ms
[176.155s][info][gc,cpu      ] GC(283) User=0.00s Sys=0.00s Real=0.00s
[176.155s][info][gc,marking  ] GC(283) Concurrent Clear Claimed Marks
[176.155s][info][gc,marking  ] GC(283) Concurrent Clear Claimed Marks 0.041ms
[176.155s][info][gc,marking  ] GC(283) Concurrent Cleanup for Next Mark
[176.156s][info][gc,marking  ] GC(283) Concurrent Cleanup for Next Mark 0.806ms
[176.156s][info][gc          ] GC(283) Concurrent Mark Cycle 164.576ms
[176.658s][info][gc,start    ] GC(284) Pause Young (Prepare Mixed) (G1 Evacuation Pause)
[176.658s][info][gc,task     ] GC(284) Using 2 workers of 2 for evacuation
[176.665s][info][gc,phases   ] GC(284)   Pre Evacuate Collection Set: 0.19ms
[176.665s][info][gc,phases   ] GC(284)   Merge Heap Roots: 0.08ms
[176.665s][info][gc,phases   ] GC(284)   Evacuate Collection Set: 5.79ms
[176.665s][info][gc,phases   ] GC(284)   Post Evacuate Collection Set: 0.41ms
[176.665s][info][gc,phases   ] GC(284)   Other: 0.08ms
[176.665s][info][gc,heap     ] GC(284) Eden regions: 122->0(138)
[176.665s][info][gc,heap     ] GC(284) Survivor regions: 8->8(17)
[176.665s][info][gc,heap     ] GC(284) Old regions: 70->70
[176.665s][info][gc,heap     ] GC(284) Humongous regions: 13->3
[176.665s][info][gc,metaspace] GC(284) Metaspace: 41801K(42240K)->41801K(42240K) NonClass: 37470K(37696K)->37470K(37696K) Class: 4330K(4544K)->4330K(4544K)
[176.665s][info][gc          ] GC(284) Pause Young (Prepare Mixed) (G1 Evacuation Pause) 212M->80M(256M) 6.744ms
[176.665s][info][gc,cpu      ] GC(284) User=0.01s Sys=0.00s Real=0.01s
[177.315s][info][gc,start    ] GC(285) Pause Young (Mixed) (G1 Evacuation Pause)
[177.315s][info][gc,task     ] GC(285) Using 2 workers of 2 for evacuation
[177.335s][info][gc,phases   ] GC(285)   Pre Evacuate Collection Set: 0.19ms
[177.335s][info][gc,phases   ] GC(285)   Merge Heap Roots: 0.14ms
[177.335s][info][gc,phases   ] GC(285)   Evacuate Collection Set: 19.11ms
[177.335s][info][gc,phases   ] GC(285)   Post Evacuate Collection Set: 0.57ms
[177.335s][info][gc,phases   ] GC(285)   Other: 0.12ms
[177.335s][info][gc,heap     ] GC(285) Eden regions: 138->0(137)
[177.335s][info][gc,heap     ] GC(285) Survivor regions: 8->16(19)
[177.335s][info][gc,heap     ] GC(285) Old regions: 70->48
[177.335s][info][gc,heap     ] GC(285) Humongous regions: 12->3
[177.335s][info][gc,metaspace] GC(285) Metaspace: 41804K(42240K)->41804K(42240K) NonClass: 37474K(37696K)->37474K(37696K) Class: 4330K(4544K)->4330K(4544K)
[177.335s][info][gc          ] GC(285) Pause Young (Mixed) (G1 Evacuation Pause) 227M->65M(256M) 20.355ms
[177.335s][info][gc,cpu      ] GC(285) User=0.04s Sys=0.00s Real=0.02s
[177.443s][info][gc,start    ] GC(286) Pause Young (Concurrent Start) (G1 Humongous Allocation)
[177.443s][info][gc,task     ] GC(286) Using 2 workers of 2 for evacuation
[177.459s][info][gc,phases   ] GC(286)   Pre Evacuate Collection Set: 0.18ms
[177.459s][info][gc,phases   ] GC(286)   Merge Heap Roots: 0.06ms
[177.459s][info][gc,phases   ] GC(286)   Evacuate Collection Set: 15.16ms
[177.459s][info][gc,phases   ] GC(286)   Post Evacuate Collection Set: 0.37ms
[177.459s][info][gc,phases   ] GC(286)   Other: 0.14ms
[177.459s][info][gc,heap     ] GC(286) Eden regions: 19->0(135)
[177.459s][info][gc,heap     ] GC(286) Survivor regions: 16->12(20)
[177.459s][info][gc,heap     ] GC(286) Old regions: 48->54
[177.459s][info][gc,heap     ] GC(286) Humongous regions: 3->3
[177.459s][info][gc,metaspace] GC(286) Metaspace: 41804K(42240K)->41804K(42240K) NonClass: 37474K(37696K)->37474K(37696K) Class: 4330K(4544K)->4330K(4544K)
[177.459s][info][gc          ] GC(286) Pause Young (Concurrent Start) (G1 Humongous Allocation) 84M->67M(256M) 16.202ms
[177.459s][info][gc,cpu      ] GC(286) User=0.03s Sys=0.00s Real=0.01s
[177.459s][info][gc          ] GC(287) Concurrent Mark Cycle
[177.459s][info][gc,marking  ] GC(287) Concurrent Scan Root Regions
[177.473s][info][gc,marking  ] GC(287) Concurrent Scan Root Regions 13.890ms
[177.473s][info][gc,marking  ] GC(287) Concurrent Mark
[177.473s][info][gc,marking  ] GC(287) Concurrent Mark From Roots
[177.473s][info][gc,task     ] GC(287) Using 1 workers of 1 for marking
[177.532s][info][gc,marking  ] GC(287) Concurrent Mark From Roots 58.483ms
[177.532s][info][gc,marking  ] GC(287) Concurrent Preclean
[177.532s][info][gc,marking  ] GC(287) Concurrent Preclean 0.049ms
[177.532s][info][gc,start    ] GC(287) Pause Remark
[177.550s][info][gc          ] GC(287) Pause Remark 79M->77M(256M) 17.525ms
[177.550s][info][gc,cpu      ] GC(287) User=0.03s Sys=0.00s Real=0.02s
[177.550s][info][gc,marking  ] GC(287) Concurrent Mark 76.301ms
[177.550s][info][gc,marking  ] GC(287) Concurrent Rebuild Remembered Sets and Scrub Regions
[177.569s][info][gc,marking  ] GC(287) Concurrent Rebuild Remembered Sets and Scrub Regions 19.646ms
[177.569s][info][gc,start    ] GC(287) Pause Cleanup
[177.570s][info][gc          ] GC(287) Pause Cleanup 82M->82M(256M) 0.077ms
[177.570s][info][gc,cpu      ] GC(287) User=0.00s Sys=0.00s Real=0.00s
[177.570s][info][gc,marking  ] GC(287) Concurrent Clear Claimed Marks
[177.570s][info][gc,marking  ] GC(287) Concurrent Clear Claimed Marks 0.046ms
[177.570s][info][gc,marking  ] GC(287) Concurrent Cleanup for Next Mark
[177.571s][info][gc,marking  ] GC(287) Concurrent Cleanup for Next Mark 0.852ms
[177.571s][info][gc          ] GC(287) Concurrent Mark Cycle 111.185ms
[178.256s][info][gc,start    ] GC(288) Pause Young (Prepare Mixed) (G1 Evacuation Pause)
[178.256s][info][gc,task     ] GC(288) Using 2 workers of 2 for evacuation
[178.259s][info][gc,phases   ] GC(288)   Pre Evacuate Collection Set: 0.18ms
[178.259s][info][gc,phases   ] GC(288)   Merge Heap Roots: 0.06ms
[178.259s][info][gc,phases   ] GC(288)   Evacuate Collection Set: 2.61ms
[178.259s][info][gc,phases   ] GC(288)   Post Evacuate Collection Set: 0.43ms
[178.259s][info][gc,phases   ] GC(288)   Other: 0.10ms
[178.259s][info][gc,heap     ] GC(288) Eden regions: 135->0(152)
[178.259s][info][gc,heap     ] GC(288) Survivor regions: 12->1(19)
[178.259s][info][gc,heap     ] GC(288) Old regions: 52->53
[178.259s][info][gc,heap     ] GC(288) Humongous regions: 10->1
[178.259s][info][gc,metaspace] GC(288) Metaspace: 41810K(42240K)->41810K(42240K) NonClass: 37479K(37696K)->37479K(37696K) Class: 4330K(4544K)->4330K(4544K)
[178.259s][info][gc          ] GC(288) Pause Young (Prepare Mixed) (G1 Evacuation Pause) 207M->54M(256M) 3.627ms
[178.259s][info][gc,cpu      ] GC(288) User=0.01s Sys=0.00s Real=0.00s
[179.008s][info][gc,start    ] GC(289) Pause Young (Mixed) (G1 Evacuation Pause)
[179.008s][info][gc,task     ] GC(289) Using 2 workers of 2 for evacuation
[179.033s][info][gc,phases   ] GC(289)   Pre Evacuate Collection Set: 0.18ms
[179.033s][info][gc,phases   ] GC(289)   Merge Heap Roots: 0.11ms
[179.033s][info][gc,phases   ] GC(289)   Evacuate Collection Set: 24.01ms
[179.033s][info][gc,phases   ] GC(289)   Post Evacuate Collection Set: 0.53ms
[179.033s][info][gc,phases   ] GC(289)   Other: 0.11ms
[179.033s][info][gc,heap     ] GC(289) Eden regions: 152->0(133)
[179.033s][info][gc,heap     ] GC(289) Survivor regions: 1->20(20)
[179.033s][info][gc,heap     ] GC(289) Old regions: 53->43
[179.033s][info][gc,heap     ] GC(289) Humongous regions: 5->3
[179.033s][info][gc,metaspace] GC(289) Metaspace: 41814K(42240K)->41814K(42240K) NonClass: 37483K(37696K)->37483K(37696K) Class: 4330K(4544K)->4330K(4544K)
[179.033s][info][gc          ] GC(289) Pause Young (Mixed) (G1 Evacuation Pause) 210M->64M(256M) 25.271ms
[179.033s][info][gc,cpu      ] GC(289) User=0.04s Sys=0.00s Real=0.03s
[179.295s][info][gc,start    ] GC(290) Pause Young (Concurrent Start) (G1 Humongous Allocation)
[179.295s][info][gc,task     ] GC(290) Using 2 workers of 2 for evacuation
[179.319s][info][gc,phases   ] GC(290)   Pre Evacuate Collection Set: 0.18ms
[179.319s][info][gc,phases   ] GC(290)   Merge Heap Roots: 0.05ms
[179.319s][info][gc,phases   ] GC(290)   Evacuate Collection Set: 22.48ms
[179.319s][info][gc,phases   ] GC(290)   Post Evacuate Collection Set: 0.41ms
[179.319s][info][gc,phases   ] GC(290)   Other: 0.12ms
[179.319s][info][gc,heap     ] GC(290) Eden regions: 38->0(148)
[179.319s][info][gc,heap     ] GC(290) Survivor regions: 20->5(20)
[179.319s][info][gc,heap     ] GC(290) Old regions: 43->56
[179.319s][info][gc,heap     ] GC(290) Humongous regions: 3->1
[179.319s][info][gc,metaspace] GC(290) Metaspace: 41814K(42240K)->41814K(42240K) NonClass: 37484K(37696K)->37484K(37696K) Class: 4330K(4544K)->4330K(4544K)
[179.319s][info][gc          ] GC(290) Pause Young (Concurrent Start) (G1 Humongous Allocation) 102M->61M(256M) 23.424ms
[179.319s][info][gc,cpu      ] GC(290) User=0.04s Sys=0.00s Real=0.02s
[179.319s][info][gc          ] GC(291) Concurrent Mark Cycle
[179.319s][info][gc,marking  ] GC(291) Concurrent Scan Root Regions
[179.341s][info][gc,marking  ] GC(291) Concurrent Scan Root Regions 22.131ms
[179.341s][info][gc,marking  ] GC(291) Concurrent Mark
[179.341s][info][gc,marking  ] GC(291) Concurrent Mark From Roots
[179.341s][info][gc,task     ] GC(291) Using 1 workers of 1 for marking
[179.389s][info][gc,marking  ] GC(291) Concurrent Mark From Roots 47.681ms
[179.389s][info][gc,marking  ] GC(291) Concurrent Preclean
[179.389s][info][gc,marking  ] GC(291) Concurrent Preclean 0.042ms
[179.389s][info][gc,start    ] GC(291) Pause Remark
[179.407s][info][gc          ] GC(291) Pause Remark 78M->78M(256M) 17.488ms
[179.407s][info][gc,cpu      ] GC(291) User=0.03s Sys=0.00s Real=0.02s
[179.407s][info][gc,marking  ] GC(291) Concurrent Mark 65.522ms
[179.407s][info][gc,marking  ] GC(291) Concurrent Rebuild Remembered Sets and Scrub Regions
[179.444s][info][gc,marking  ] GC(291) Concurrent Rebuild Remembered Sets and Scrub Regions 37.246ms
[179.444s][info][gc,start    ] GC(291) Pause Cleanup
[179.444s][info][gc          ] GC(291) Pause Cleanup 85M->85M(256M) 0.050ms
[179.444s][info][gc,cpu      ] GC(291) User=0.00s Sys=0.00s Real=0.00s
[179.444s][info][gc,marking  ] GC(291) Concurrent Clear Claimed Marks
[179.444s][info][gc,marking  ] GC(291) Concurrent Clear Claimed Marks 0.040ms
[179.444s][info][gc,marking  ] GC(291) Concurrent Cleanup for Next Mark
[179.445s][info][gc,marking  ] GC(291) Concurrent Cleanup for Next Mark 0.785ms
[179.445s][info][gc          ] GC(291) Concurrent Mark Cycle 126.061ms
[180.028s][info][gc,start    ] GC(292) Pause Young (Prepare Mixed) (G1 Evacuation Pause)
[180.028s][info][gc,task     ] GC(292) Using 2 workers of 2 for evacuation
[180.036s][info][gc,phases   ] GC(292)   Pre Evacuate Collection Set: 0.16ms
[180.036s][info][gc,phases   ] GC(292)   Merge Heap Roots: 0.11ms
[180.036s][info][gc,phases   ] GC(292)   Evacuate Collection Set: 7.51ms
[180.036s][info][gc,phases   ] GC(292)   Post Evacuate Collection Set: 0.46ms
[180.036s][info][gc,phases   ] GC(292)   Other: 0.10ms
[180.036s][info][gc,heap     ] GC(292) Eden regions: 148->0(146)
[180.036s][info][gc,heap     ] GC(292) Survivor regions: 5->7(20)
[180.036s][info][gc,heap     ] GC(292) Old regions: 56->56
[180.036s][info][gc,heap     ] GC(292) Humongous regions: 17->3
[180.036s][info][gc,metaspace] GC(292) Metaspace: 41814K(42240K)->41814K(42240K) NonClass: 37484K(37696K)->37484K(37696K) Class: 4330K(4544K)->4330K(4544K)
[180.036s][info][gc          ] GC(292) Pause Young (Prepare Mixed) (G1 Evacuation Pause) 225M->65M(256M) 8.555ms
[180.036s][info][gc,cpu      ] GC(292) User=0.02s Sys=0.00s Real=0.01s
[180.805s][info][gc,start    ] GC(293) Pause Young (Mixed) (G1 Evacuation Pause)
[180.805s][info][gc,task     ] GC(293) Using 2 workers of 2 for evacuation
[180.820s][info][gc,phases   ] GC(293)   Pre Evacuate Collection Set: 0.17ms
[180.820s][info][gc,phases   ] GC(293)   Merge Heap Roots: 0.12ms
[180.820s][info][gc,phases   ] GC(293)   Evacuate Collection Set: 13.31ms
[180.820s][info][gc,phases   ] GC(293)   Post Evacuate Collection Set: 0.52ms
[180.820s][info][gc,phases   ] GC(293)   Other: 0.08ms
[180.820s][info][gc,heap     ] GC(293) Eden regions: 146->0(144)
[180.820s][info][gc,heap     ] GC(293) Survivor regions: 7->9(20)
[180.820s][info][gc,heap     ] GC(293) Old regions: 56->53
[180.820s][info][gc,heap     ] GC(293) Humongous regions: 15->3
[180.820s][info][gc,metaspace] GC(293) Metaspace: 41814K(42240K)->41814K(42240K) NonClass: 37484K(37696K)->37484K(37696K) Class: 4330K(4544K)->4330K(4544K)
[180.820s][info][gc          ] GC(293) Pause Young (Mixed) (G1 Evacuation Pause) 223M->64M(256M) 14.378ms
[180.820s][info][gc,cpu      ] GC(293) User=0.02s Sys=0.00s Real=0.01s
[180.885s][info][gc,start    ] GC(294) Pause Young (Concurrent Start) (G1 Humongous Allocation)
[180.885s][info][gc,task     ] GC(294) Using 2 workers of 2 for evacuation
[180.893s][info][gc,phases   ] GC(294)   Pre Evacuate Collection Set: 0.18ms
[180.893s][info][gc,phases   ] GC(294)   Merge Heap Roots: 0.07ms
[180.893s][info][gc,phases   ] GC(294)   Evacuate Collection Set: 7.00ms
[180.893s][info][gc,phases   ] GC(294)   Post Evacuate Collection Set: 0.31ms
[180.893s][info][gc,phases   ] GC(294)   Other: 0.10ms
[180.893s][info][gc,heap     ] GC(294) Eden regions: 16->0(146)
[180.893s][info][gc,heap     ] GC(294) Survivor regions: 9->7(20)
[180.893s][info][gc,heap     ] GC(294) Old regions: 53->53
[180.893s][info][gc,heap     ] GC(294) Humongous regions: 3->1
[180.893s][info][gc,metaspace] GC(294) Metaspace: 41814K(42240K)->41814K(42240K) NonClass: 37484K(37696K)->37484K(37696K) Class: 4330K(4544K)->4330K(4544K)
[180.893s][info][gc          ] GC(294) Pause Young (Concurrent Start) (G1 Humongous Allocation) 80M->60M(256M) 7.850ms
[180.893s][info][gc,cpu      ] GC(294) User=0.01s Sys=0.00s Real=0.01s
[180.893s][info][gc          ] GC(295) Concurrent Mark Cycle
[180.893s][info][gc,marking  ] GC(295) Concurrent Scan Root Regions
[180.901s][info][gc,marking  ] GC(295) Concurrent Scan Root Regions 8.034ms
[180.901s][info][gc,marking  ] GC(295) Concurrent Mark
[180.901s][info][gc,marking  ] GC(295) Concurrent Mark From Roots
[180.901s][info][gc,task     ] GC(295) Using 1 workers of 1 for marking
[180.971s][info][gc,marking  ] GC(295) Concurrent Mark From Roots 69.593ms
[180.971s][info][gc,marking  ] GC(295) Concurrent Preclean
[180.971s][info][gc,marking  ] GC(295) Concurrent Preclean 0.038ms
[180.971s][info][gc,start    ] GC(295) Pause Remark
[180.988s][info][gc          ] GC(295) Pause Remark 74M->74M(256M) 17.022ms
[180.988s][info][gc,cpu      ] GC(295) User=0.03s Sys=0.00s Real=0.02s
[180.988s][info][gc,marking  ] GC(295) Concurrent Mark 86.950ms
[180.988s][info][gc,marking  ] GC(295) Concurrent Rebuild Remembered Sets and Scrub Regions
[181.018s][info][gc,marking  ] GC(295) Concurrent Rebuild Remembered Sets and Scrub Regions 29.801ms
[181.018s][info][gc,start    ] GC(295) Pause Cleanup
[181.018s][info][gc          ] GC(295) Pause Cleanup 81M->81M(256M) 0.049ms
[181.018s][info][gc,cpu      ] GC(295) User=0.00s Sys=0.00s Real=0.00s
[181.018s][info][gc,marking  ] GC(295) Concurrent Clear Claimed Marks
[181.018s][info][gc,marking  ] GC(295) Concurrent Clear Claimed Marks 0.043ms
[181.018s][info][gc,marking  ] GC(295) Concurrent Cleanup for Next Mark
[181.019s][info][gc,marking  ] GC(295) Concurrent Cleanup for Next Mark 0.773ms
[181.019s][info][gc          ] GC(295) Concurrent Mark Cycle 125.955ms
[181.545s][info][gc,start    ] GC(296) Pause Young (Prepare Mixed) (G1 Evacuation Pause)
[181.545s][info][gc,task     ] GC(296) Using 2 workers of 2 for evacuation
[181.566s][info][gc,phases   ] GC(296)   Pre Evacuate Collection Set: 0.19ms
[181.566s][info][gc,phases   ] GC(296)   Merge Heap Roots: 0.11ms
[181.566s][info][gc,phases   ] GC(296)   Evacuate Collection Set: 19.86ms
[181.566s][info][gc,phases   ] GC(296)   Post Evacuate Collection Set: 0.50ms
[181.566s][info][gc,phases   ] GC(296)   Other: 0.08ms
[181.566s][info][gc,heap     ] GC(296) Eden regions: 146->0(133)
[181.566s][info][gc,heap     ] GC(296) Survivor regions: 7->20(20)
[181.566s][info][gc,heap     ] GC(296) Old regions: 53->54
[181.566s][info][gc,heap     ] GC(296) Humongous regions: 11->3
[181.566s][info][gc,metaspace] GC(296) Metaspace: 41814K(42240K)->41814K(42240K) NonClass: 37484K(37696K)->37484K(37696K) Class: 4330K(4544K)->4330K(4544K)
[181.566s][info][gc          ] GC(296) Pause Young (Prepare Mixed) (G1 Evacuation Pause) 216M->76M(256M) 20.971ms
[181.566s][info][gc,cpu      ] GC(296) User=0.04s Sys=0.00s Real=0.02s
[182.245s][info][gc,start    ] GC(297) Pause Young (Mixed) (G1 Evacuation Pause)
[182.245s][info][gc,task     ] GC(297) Using 2 workers of 2 for evacuation
[182.279s][info][gc,phases   ] GC(297)   Pre Evacuate Collection Set: 0.18ms
[182.279s][info][gc,phases   ] GC(297)   Merge Heap Roots: 0.11ms
[182.279s][info][gc,phases   ] GC(297)   Evacuate Collection Set: 32.95ms
[182.279s][info][gc,phases   ] GC(297)   Post Evacuate Collection Set: 0.57ms
[182.279s][info][gc,phases   ] GC(297)   Other: 0.08ms
[182.279s][info][gc,heap     ] GC(297) Eden regions: 133->0(137)
[182.279s][info][gc,heap     ] GC(297) Survivor regions: 20->13(20)
[182.279s][info][gc,heap     ] GC(297) Old regions: 54->66
[182.279s][info][gc,heap     ] GC(297) Humongous regions: 3->3
[182.279s][info][gc,metaspace] GC(297) Metaspace: 41816K(42240K)->41816K(42240K) NonClass: 37485K(37696K)->37485K(37696K) Class: 4330K(4544K)->4330K(4544K)
[182.279s][info][gc          ] GC(297) Pause Young (Mixed) (G1 Evacuation Pause) 209M->81M(256M) 34.096ms
[182.279s][info][gc,cpu      ] GC(297) User=0.07s Sys=0.00s Real=0.03s
[182.830s][info][gc,start    ] GC(298) Pause Young (Concurrent Start) (G1 Humongous Allocation)
[182.831s][info][gc,task     ] GC(298) Using 2 workers of 2 for evacuation
[182.881s][info][gc,phases   ] GC(298)   Pre Evacuate Collection Set: 0.21ms
[182.881s][info][gc,phases   ] GC(298)   Merge Heap Roots: 0.13ms
[182.881s][info][gc,phases   ] GC(298)   Evacuate Collection Set: 49.38ms
[182.881s][info][gc,phases   ] GC(298)   Post Evacuate Collection Set: 0.50ms
[182.881s][info][gc,phases   ] GC(298)   Other: 0.09ms
[182.881s][info][gc,heap     ] GC(298) Eden regions: 105->0(102)
[182.881s][info][gc,heap     ] GC(298) Survivor regions: 13->19(19)
[182.881s][info][gc,heap     ] GC(298) Old regions: 66->88
[182.881s][info][gc,heap     ] GC(298) Humongous regions: 3->1
[182.881s][info][gc,metaspace] GC(298) Metaspace: 41816K(42240K)->41816K(42240K) NonClass: 37485K(37696K)->37485K(37696K) Class: 4330K(4544K)->4330K(4544K)
[182.881s][info][gc          ] GC(298) Pause Young (Concurrent Start) (G1 Humongous Allocation) 186M->108M(256M) 50.552ms
[182.881s][info][gc,cpu      ] GC(298) User=0.10s Sys=0.00s Real=0.05s
[182.881s][info][gc          ] GC(299) Concurrent Mark Cycle
[182.883s][info][gc,marking  ] GC(299) Concurrent Scan Root Regions
[182.936s][info][gc,marking  ] GC(299) Concurrent Scan Root Regions 52.579ms
[182.936s][info][gc,marking  ] GC(299) Concurrent Mark
[182.936s][info][gc,marking  ] GC(299) Concurrent Mark From Roots
[182.936s][info][gc,task     ] GC(299) Using 1 workers of 1 for marking
[183.001s][info][gc,marking  ] GC(299) Concurrent Mark From Roots 65.089ms
[183.001s][info][gc,marking  ] GC(299) Concurrent Preclean
[183.001s][info][gc,marking  ] GC(299) Concurrent Preclean 0.041ms
[183.001s][info][gc,start    ] GC(299) Pause Remark
[183.019s][info][gc          ] GC(299) Pause Remark 134M->131M(256M) 17.264ms
[183.019s][info][gc,cpu      ] GC(299) User=0.04s Sys=0.00s Real=0.02s
[183.019s][info][gc,marking  ] GC(299) Concurrent Mark 82.749ms
[183.019s][info][gc,marking  ] GC(299) Concurrent Rebuild Remembered Sets and Scrub Regions
[183.068s][info][gc,marking  ] GC(299) Concurrent Rebuild Remembered Sets and Scrub Regions 49.502ms
[183.068s][info][gc,start    ] GC(299) Pause Cleanup
[183.069s][info][gc          ] GC(299) Pause Cleanup 139M->139M(256M) 0.060ms
[183.069s][info][gc,cpu      ] GC(299) User=0.00s Sys=0.00s Real=0.00s
[183.069s][info][gc,marking  ] GC(299) Concurrent Clear Claimed Marks
[183.069s][info][gc,marking  ] GC(299) Concurrent Clear Claimed Marks 0.042ms
[183.069s][info][gc,marking  ] GC(299) Concurrent Cleanup for Next Mark
[183.069s][info][gc,marking  ] GC(299) Concurrent Cleanup for Next Mark 0.802ms
[183.069s][info][gc          ] GC(299) Concurrent Mark Cycle 188.375ms
[183.368s][info][gc,start    ] GC(300) Pause Young (Prepare Mixed) (G1 Evacuation Pause)
[183.369s][info][gc,task     ] GC(300) Using 2 workers of 2 for evacuation
[183.408s][info][gc,phases   ] GC(300)   Pre Evacuate Collection Set: 0.19ms
[183.408s][info][gc,phases   ] GC(300)   Merge Heap Roots: 0.31ms
[183.408s][info][gc,phases   ] GC(300)   Evacuate Collection Set: 37.97ms
[183.408s][info][gc,phases   ] GC(300)   Post Evacuate Collection Set: 0.47ms
[183.408s][info][gc,phases   ] GC(300)   Other: 0.10ms
[183.408s][info][gc,heap     ] GC(300) Eden regions: 102->0(94)
[183.408s][info][gc,heap     ] GC(300) Survivor regions: 19->13(16)
[183.408s][info][gc,heap     ] GC(300) Old regions: 85->104
[183.408s][info][gc,heap     ] GC(300) Humongous regions: 5->3
[183.408s][info][gc,metaspace] GC(300) Metaspace: 41816K(42240K)->41816K(42240K) NonClass: 37485K(37696K)->37485K(37696K) Class: 4330K(4544K)->4330K(4544K)
[183.408s][info][gc          ] GC(300) Pause Young (Prepare Mixed) (G1 Evacuation Pause) 211M->120M(256M) 39.233ms
[183.408s][info][gc,cpu      ] GC(300) User=0.08s Sys=0.00s Real=0.04s
[183.992s][info][gc,start    ] GC(301) Pause Young (Mixed) (G1 Evacuation Pause)
[183.992s][info][gc,task     ] GC(301) Using 2 workers of 2 for evacuation
[184.002s][info][gc,phases   ] GC(301)   Pre Evacuate Collection Set: 0.22ms
[184.002s][info][gc,phases   ] GC(301)   Merge Heap Roots: 0.17ms
[184.002s][info][gc,phases   ] GC(301)   Evacuate Collection Set: 9.04ms
[184.002s][info][gc,phases   ] GC(301)   Post Evacuate Collection Set: 0.41ms
[184.002s][info][gc,phases   ] GC(301)   Other: 0.11ms
[184.002s][info][gc,heap     ] GC(301) Eden regions: 94->0(110)
[184.002s][info][gc,heap     ] GC(301) Survivor regions: 13->4(14)
[184.002s][info][gc,heap     ] GC(301) Old regions: 104->99
[184.002s][info][gc,heap     ] GC(301) Humongous regions: 9->3
[184.002s][info][gc,metaspace] GC(301) Metaspace: 41816K(42240K)->41816K(42240K) NonClass: 37485K(37696K)->37485K(37696K) Class: 4330K(4544K)->4330K(4544K)
[184.002s][info][gc          ] GC(301) Pause Young (Mixed) (G1 Evacuation Pause) 219M->105M(256M) 10.152ms
[184.002s][info][gc,cpu      ] GC(301) User=0.02s Sys=0.00s Real=0.01s
[184.024s][info][gc,start    ] GC(302) Pause Young (Concurrent Start) (G1 Humongous Allocation)
[184.024s][info][gc,task     ] GC(302) Using 2 workers of 2 for evacuation
[184.025s][info][gc,phases   ] GC(302)   Pre Evacuate Collection Set: 0.17ms
[184.025s][info][gc,phases   ] GC(302)   Merge Heap Roots: 0.04ms
[184.025s][info][gc,phases   ] GC(302)   Evacuate Collection Set: 1.21ms
[184.025s][info][gc,phases   ] GC(302)   Post Evacuate Collection Set: 0.27ms
[184.025s][info][gc,phases   ] GC(302)   Other: 0.11ms
[184.025s][info][gc,heap     ] GC(302) Eden regions: 6->0(116)
[184.025s][info][gc,heap     ] GC(302) Survivor regions: 4->2(15)
[184.025s][info][gc,heap     ] GC(302) Old regions: 99->99
[184.025s][info][gc,heap     ] GC(302) Humongous regions: 3->1
[184.025s][info][gc,metaspace] GC(302) Metaspace: 41816K(42240K)->41816K(42240K) NonClass: 37485K(37696K)->37485K(37696K) Class: 4330K(4544K)->4330K(4544K)
[184.025s][info][gc          ] GC(302) Pause Young (Concurrent Start) (G1 Humongous Allocation) 110M->101M(256M) 1.962ms
[184.025s][info][gc,cpu      ] GC(302) User=0.00s Sys=0.00s Real=0.00s
[184.026s][info][gc          ] GC(303) Concurrent Mark Cycle
[184.026s][info][gc,marking  ] GC(303) Concurrent Scan Root Regions
[184.028s][info][gc,marking  ] GC(303) Concurrent Scan Root Regions 1.476ms
[184.028s][info][gc,marking  ] GC(303) Concurrent Mark
[184.028s][info][gc,marking  ] GC(303) Concurrent Mark From Roots
[184.028s][info][gc,task     ] GC(303) Using 1 workers of 1 for marking
[184.093s][info][gc,marking  ] GC(303) Concurrent Mark From Roots 65.217ms
[184.093s][info][gc,marking  ] GC(303) Concurrent Preclean
[184.093s][info][gc,marking  ] GC(303) Concurrent Preclean 0.045ms
[184.093s][info][gc,start    ] GC(303) Pause Remark
[184.110s][info][gc          ] GC(303) Pause Remark 118M->99M(256M) 16.617ms
[184.110s][info][gc,cpu      ] GC(303) User=0.03s Sys=0.00s Real=0.01s
[184.110s][info][gc,marking  ] GC(303) Concurrent Mark 82.104ms
[184.110s][info][gc,marking  ] GC(303) Concurrent Rebuild Remembered Sets and Scrub Regions
[184.134s][info][gc,marking  ] GC(303) Concurrent Rebuild Remembered Sets and Scrub Regions 23.953ms
[184.134s][info][gc,start    ] GC(303) Pause Cleanup
[184.134s][info][gc          ] GC(303) Pause Cleanup 103M->103M(256M) 0.064ms
[184.134s][info][gc,cpu      ] GC(303) User=0.00s Sys=0.00s Real=0.00s
[184.134s][info][gc,marking  ] GC(303) Concurrent Clear Claimed Marks
[184.134s][info][gc,marking  ] GC(303) Concurrent Clear Claimed Marks 0.041ms
[184.134s][info][gc,marking  ] GC(303) Concurrent Cleanup for Next Mark
[184.135s][info][gc,marking  ] GC(303) Concurrent Cleanup for Next Mark 0.765ms
[184.135s][info][gc          ] GC(303) Concurrent Mark Cycle 108.658ms
[184.558s][info][gc,start    ] GC(304) Pause Young (Prepare Mixed) (G1 Evacuation Pause)
[184.558s][info][gc,task     ] GC(304) Using 2 workers of 2 for evacuation
[184.568s][info][gc,phases   ] GC(304)   Pre Evacuate Collection Set: 0.24ms
[184.568s][info][gc,phases   ] GC(304)   Merge Heap Roots: 0.10ms
[184.568s][info][gc,phases   ] GC(304)   Evacuate Collection Set: 8.35ms
[184.568s][info][gc,phases   ] GC(304)   Post Evacuate Collection Set: 0.40ms
[184.568s][info][gc,phases   ] GC(304)   Other: 0.09ms
[184.568s][info][gc,heap     ] GC(304) Eden regions: 116->0(128)
[184.568s][info][gc,heap     ] GC(304) Survivor regions: 2->7(15)
[184.568s][info][gc,heap     ] GC(304) Old regions: 80->80
[184.568s][info][gc,heap     ] GC(304) Humongous regions: 7->3
[184.568s][info][gc,metaspace] GC(304) Metaspace: 41816K(42240K)->41816K(42240K) NonClass: 37485K(37696K)->37485K(37696K) Class: 4330K(4544K)->4330K(4544K)
[184.568s][info][gc          ] GC(304) Pause Young (Prepare Mixed) (G1 Evacuation Pause) 204M->90M(256M) 9.379ms
[184.568s][info][gc,cpu      ] GC(304) User=0.02s Sys=0.00s Real=0.01s
[185.167s][info][gc,start    ] GC(305) Pause Young (Mixed) (G1 Evacuation Pause)
[185.167s][info][gc,task     ] GC(305) Using 2 workers of 2 for evacuation
[185.178s][info][gc,phases   ] GC(305)   Pre Evacuate Collection Set: 0.17ms
[185.178s][info][gc,phases   ] GC(305)   Merge Heap Roots: 0.07ms
[185.178s][info][gc,phases   ] GC(305)   Evacuate Collection Set: 10.29ms
[185.178s][info][gc,phases   ] GC(305)   Post Evacuate Collection Set: 0.53ms
[185.178s][info][gc,phases   ] GC(305)   Other: 0.10ms
[185.178s][info][gc,heap     ] GC(305) Eden regions: 128->0(143)
[185.178s][info][gc,heap     ] GC(305) Survivor regions: 7->10(17)
[185.178s][info][gc,heap     ] GC(305) Old regions: 80->55
[185.178s][info][gc,heap     ] GC(305) Humongous regions: 5->3
[185.178s][info][gc,metaspace] GC(305) Metaspace: 41816K(42240K)->41816K(42240K) NonClass: 37485K(37696K)->37485K(37696K) Class: 4330K(4544K)->4330K(4544K)
[185.179s][info][gc          ] GC(305) Pause Young (Mixed) (G1 Evacuation Pause) 220M->66M(256M) 11.383ms
[185.179s][info][gc,cpu      ] GC(305) User=0.02s Sys=0.00s Real=0.01s
[185.830s][info][gc,start    ] GC(306) Pause Young (Mixed) (G1 Evacuation Pause)
[185.830s][info][gc,task     ] GC(306) Using 2 workers of 2 for evacuation
[185.842s][info][gc,phases   ] GC(306)   Pre Evacuate Collection Set: 0.19ms
[185.842s][info][gc,phases   ] GC(306)   Merge Heap Roots: 0.10ms
[185.842s][info][gc,phases   ] GC(306)   Evacuate Collection Set: 10.69ms
[185.842s][info][gc,phases   ] GC(306)   Post Evacuate Collection Set: 0.61ms
[185.842s][info][gc,phases   ] GC(306)   Other: 0.09ms
[185.842s][info][gc,heap     ] GC(306) Eden regions: 143->0(147)
[185.842s][info][gc,heap     ] GC(306) Survivor regions: 10->6(20)
[185.842s][info][gc,heap     ] GC(306) Old regions: 55->46
[185.842s][info][gc,heap     ] GC(306) Humongous regions: 11->3
[185.842s][info][gc,metaspace] GC(306) Metaspace: 41816K(42240K)->41816K(42240K) NonClass: 37485K(37696K)->37485K(37696K) Class: 4330K(4544K)->4330K(4544K)
[185.842s][info][gc          ] GC(306) Pause Young (Mixed) (G1 Evacuation Pause) 217M->54M(256M) 11.918ms
[185.842s][info][gc,cpu      ] GC(306) User=0.02s Sys=0.00s Real=0.02s
[186.410s][info][gc,start    ] GC(307) Pause Young (Concurrent Start) (G1 Humongous Allocation)
[186.410s][info][gc,task     ] GC(307) Using 2 workers of 2 for evacuation
[186.415s][info][gc,phases   ] GC(307)   Pre Evacuate Collection Set: 0.19ms
[186.415s][info][gc,phases   ] GC(307)   Merge Heap Roots: 0.05ms
[186.415s][info][gc,phases   ] GC(307)   Evacuate Collection Set: 3.59ms
[186.415s][info][gc,phases   ] GC(307)   Post Evacuate Collection Set: 0.39ms
[186.415s][info][gc,phases   ] GC(307)   Other: 0.11ms
[186.415s][info][gc,heap     ] GC(307) Eden regions: 88->0(149)
[186.415s][info][gc,heap     ] GC(307) Survivor regions: 6->4(20)
[186.415s][info][gc,heap     ] GC(307) Old regions: 46->46
[186.415s][info][gc,heap     ] GC(307) Humongous regions: 3->1
[186.415s][info][gc,metaspace] GC(307) Metaspace: 41816K(42240K)->41816K(42240K) NonClass: 37485K(37696K)->37485K(37696K) Class: 4330K(4544K)->4330K(4544K)
[186.415s][info][gc          ] GC(307) Pause Young (Concurrent Start) (G1 Humongous Allocation) 142M->50M(256M) 4.551ms
[186.415s][info][gc,cpu      ] GC(307) User=0.01s Sys=0.00s Real=0.01s
[186.415s][info][gc          ] GC(308) Concurrent Undo Cycle
[186.417s][info][gc,marking  ] GC(308) Concurrent Clear Claimed Marks
[186.417s][info][gc,marking  ] GC(308) Concurrent Clear Claimed Marks 0.050ms
[186.417s][info][gc,marking  ] GC(308) Concurrent Cleanup for Next Mark
[186.418s][info][gc,marking  ] GC(308) Concurrent Cleanup for Next Mark 0.699ms
[186.418s][info][gc          ] GC(308) Concurrent Undo Cycle 3.273ms
[186.863s][info][gc,start    ] GC(309) Pause Young (Concurrent Start) (G1 Humongous Allocation)
[186.863s][info][gc,task     ] GC(309) Using 2 workers of 2 for evacuation
[186.868s][info][gc,phases   ] GC(309)   Pre Evacuate Collection Set: 0.18ms
[186.868s][info][gc,phases   ] GC(309)   Merge Heap Roots: 0.05ms
[186.868s][info][gc,phases   ] GC(309)   Evacuate Collection Set: 3.96ms
[186.868s][info][gc,phases   ] GC(309)   Post Evacuate Collection Set: 0.40ms
[186.868s][info][gc,phases   ] GC(309)   Other: 0.09ms
[186.868s][info][gc,heap     ] GC(309) Eden regions: 88->0(149)
[186.868s][info][gc,heap     ] GC(309) Survivor regions: 4->4(20)
[186.868s][info][gc,heap     ] GC(309) Old regions: 46->46
[186.868s][info][gc,heap     ] GC(309) Humongous regions: 3->1
[186.868s][info][gc,metaspace] GC(309) Metaspace: 41816K(42240K)->41816K(42240K) NonClass: 37485K(37696K)->37485K(37696K) Class: 4330K(4544K)->4330K(4544K)
[186.868s][info][gc          ] GC(309) Pause Young (Concurrent Start) (G1 Humongous Allocation) 139M->50M(256M) 4.881ms
[186.868s][info][gc          ] GC(310) Concurrent Mark Cycle
[186.868s][info][gc,marking  ] GC(310) Concurrent Scan Root Regions
[186.868s][info][gc,cpu      ] GC(309) User=0.01s Sys=0.00s Real=0.00s
[186.873s][info][gc,marking  ] GC(310) Concurrent Scan Root Regions 5.085ms
[186.873s][info][gc,marking  ] GC(310) Concurrent Mark
[186.873s][info][gc,marking  ] GC(310) Concurrent Mark From Roots
[186.873s][info][gc,task     ] GC(310) Using 1 workers of 1 for marking
[186.938s][info][gc,marking  ] GC(310) Concurrent Mark From Roots 65.258ms
[186.938s][info][gc,marking  ] GC(310) Concurrent Preclean
[186.938s][info][gc,marking  ] GC(310) Concurrent Preclean 0.043ms
[186.938s][info][gc,start    ] GC(310) Pause Remark
[186.955s][info][gc          ] GC(310) Pause Remark 67M->67M(256M) 17.010ms
[186.955s][info][gc,cpu      ] GC(310) User=0.04s Sys=0.00s Real=0.02s
[186.956s][info][gc,marking  ] GC(310) Concurrent Mark 83.508ms
[186.956s][info][gc,marking  ] GC(310) Concurrent Rebuild Remembered Sets and Scrub Regions
[186.981s][info][gc,marking  ] GC(310) Concurrent Rebuild Remembered Sets and Scrub Regions 24.410ms
[186.981s][info][gc,start    ] GC(310) Pause Cleanup
[186.981s][info][gc          ] GC(310) Pause Cleanup 71M->71M(256M) 0.054ms
[186.981s][info][gc,cpu      ] GC(310) User=0.00s Sys=0.00s Real=0.00s
[186.981s][info][gc,marking  ] GC(310) Concurrent Clear Claimed Marks
[186.981s][info][gc,marking  ] GC(310) Concurrent Clear Claimed Marks 0.041ms
[186.981s][info][gc,marking  ] GC(310) Concurrent Cleanup for Next Mark
[186.982s][info][gc,marking  ] GC(310) Concurrent Cleanup for Next Mark 0.789ms
[186.982s][info][gc          ] GC(310) Concurrent Mark Cycle 114.223ms
[187.480s][info][gc,start    ] GC(311) Pause Young (Prepare Mixed) (G1 Evacuation Pause)
[187.480s][info][gc,task     ] GC(311) Using 2 workers of 2 for evacuation
[187.507s][info][gc,phases   ] GC(311)   Pre Evacuate Collection Set: 0.18ms
[187.507s][info][gc,phases   ] GC(311)   Merge Heap Roots: 0.08ms
[187.507s][info][gc,phases   ] GC(311)   Evacuate Collection Set: 25.84ms
[187.507s][info][gc,phases   ] GC(311)   Post Evacuate Collection Set: 0.55ms
[187.507s][info][gc,phases   ] GC(311)   Other: 0.09ms
[187.507s][info][gc,heap     ] GC(311) Eden regions: 149->0(133)
[187.507s][info][gc,heap     ] GC(311) Survivor regions: 4->20(20)
[187.507s][info][gc,heap     ] GC(311) Old regions: 46->54
[187.507s][info][gc,heap     ] GC(311) Humongous regions: 7->3
[187.507s][info][gc,metaspace] GC(311) Metaspace: 41817K(42240K)->41817K(42240K) NonClass: 37487K(37696K)->37487K(37696K) Class: 4330K(4544K)->4330K(4544K)
[187.507s][info][gc          ] GC(311) Pause Young (Prepare Mixed) (G1 Evacuation Pause) 205M->76M(256M) 26.996ms
[187.507s][info][gc,cpu      ] GC(311) User=0.05s Sys=0.00s Real=0.03s
[188.109s][info][gc,start    ] GC(312) Pause Young (Mixed) (G1 Evacuation Pause)
[188.109s][info][gc,task     ] GC(312) Using 2 workers of 2 for evacuation
[188.171s][info][gc,phases   ] GC(312)   Pre Evacuate Collection Set: 0.17ms
[188.171s][info][gc,phases   ] GC(312)   Merge Heap Roots: 0.15ms
[188.171s][info][gc,phases   ] GC(312)   Evacuate Collection Set: 60.92ms
[188.171s][info][gc,phases   ] GC(312)   Post Evacuate Collection Set: 0.57ms
[188.171s][info][gc,phases   ] GC(312)   Other: 0.08ms
[188.171s][info][gc,heap     ] GC(312) Eden regions: 133->0(106)
[188.171s][info][gc,heap     ] GC(312) Survivor regions: 20->20(20)
[188.171s][info][gc,heap     ] GC(312) Old regions: 54->78
[188.171s][info][gc,heap     ] GC(312) Humongous regions: 3->3
[188.171s][info][gc,metaspace] GC(312) Metaspace: 41817K(42240K)->41817K(42240K) NonClass: 37487K(37696K)->37487K(37696K) Class: 4330K(4544K)->4330K(4544K)
[188.171s][info][gc          ] GC(312) Pause Young (Mixed) (G1 Evacuation Pause) 209M->100M(258M) 62.150ms
[188.171s][info][gc,cpu      ] GC(312) User=0.13s Sys=0.00s Real=0.06s
[188.770s][info][gc,start    ] GC(313) Pause Young (Concurrent Start) (G1 Evacuation Pause)
[188.770s][info][gc,task     ] GC(313) Using 2 workers of 2 for evacuation
[188.867s][info][gc,phases   ] GC(313)   Pre Evacuate Collection Set: 0.19ms
[188.867s][info][gc,phases   ] GC(313)   Merge Heap Roots: 0.44ms
[188.867s][info][gc,phases   ] GC(313)   Evacuate Collection Set: 94.90ms
[188.867s][info][gc,phases   ] GC(313)   Post Evacuate Collection Set: 0.48ms
[188.867s][info][gc,phases   ] GC(313)   Other: 0.12ms
[188.867s][info][gc,heap     ] GC(313) Eden regions: 106->0(80)
[188.867s][info][gc,heap     ] GC(313) Survivor regions: 20->16(16)
[188.867s][info][gc,heap     ] GC(313) Old regions: 78->111
[188.867s][info][gc,heap     ] GC(313) Humongous regions: 3->3
[188.867s][info][gc,metaspace] GC(313) Metaspace: 41817K(42240K)->41817K(42240K) NonClass: 37487K(37696K)->37487K(37696K) Class: 4330K(4544K)->4330K(4544K)
[188.867s][info][gc          ] GC(313) Pause Young (Concurrent Start) (G1 Evacuation Pause) 206M->130M(258M) 96.337ms
[188.867s][info][gc,cpu      ] GC(313) User=0.14s Sys=0.00s Real=0.10s
[188.867s][info][gc          ] GC(314) Concurrent Mark Cycle
[188.867s][info][gc,marking  ] GC(314) Concurrent Scan Root Regions
[188.920s][info][gc,marking  ] GC(314) Concurrent Scan Root Regions 53.455ms
[188.920s][info][gc,marking  ] GC(314) Concurrent Mark
[188.920s][info][gc,marking  ] GC(314) Concurrent Mark From Roots
[188.920s][info][gc,task     ] GC(314) Using 1 workers of 1 for marking
[189.023s][info][gc,marking  ] GC(314) Concurrent Mark From Roots 102.241ms
[189.023s][info][gc,marking  ] GC(314) Concurrent Preclean
[189.023s][info][gc,marking  ] GC(314) Concurrent Preclean 0.050ms
[189.023s][info][gc,start    ] GC(314) Pause Remark
[189.039s][info][gc          ] GC(314) Pause Remark 148M->148M(258M) 16.082ms
[189.039s][info][gc,cpu      ] GC(314) User=0.03s Sys=0.00s Real=0.01s
[189.039s][info][gc,marking  ] GC(314) Concurrent Mark 118.678ms
[189.039s][info][gc,marking  ] GC(314) Concurrent Rebuild Remembered Sets and Scrub Regions
[189.159s][info][gc,marking  ] GC(314) Concurrent Rebuild Remembered Sets and Scrub Regions 119.774ms
[189.159s][info][gc,start    ] GC(314) Pause Cleanup
[189.159s][info][gc          ] GC(314) Pause Cleanup 169M->169M(258M) 0.056ms
[189.159s][info][gc,cpu      ] GC(314) User=0.00s Sys=0.00s Real=0.00s
[189.159s][info][gc,marking  ] GC(314) Concurrent Clear Claimed Marks
[189.159s][info][gc,marking  ] GC(314) Concurrent Clear Claimed Marks 0.041ms
[189.159s][info][gc,marking  ] GC(314) Concurrent Cleanup for Next Mark
[189.160s][info][gc,marking  ] GC(314) Concurrent Cleanup for Next Mark 0.832ms
[189.160s][info][gc          ] GC(314) Concurrent Mark Cycle 293.253ms
[189.411s][info][gc,start    ] GC(315) Pause Young (Prepare Mixed) (G1 Evacuation Pause)
[189.411s][info][gc,task     ] GC(315) Using 2 workers of 2 for evacuation
[189.488s][info][gc,phases   ] GC(315)   Pre Evacuate Collection Set: 0.17ms
[189.488s][info][gc,phases   ] GC(315)   Merge Heap Roots: 0.43ms
[189.488s][info][gc,phases   ] GC(315)   Evacuate Collection Set: 76.12ms
[189.488s][info][gc,phases   ] GC(315)   Post Evacuate Collection Set: 0.46ms
[189.488s][info][gc,phases   ] GC(315)   Other: 0.07ms
[189.488s][info][gc,heap     ] GC(315) Eden regions: 80->0(63)
[189.488s][info][gc,heap     ] GC(315) Survivor regions: 16->12(12)
[189.488s][info][gc,heap     ] GC(315) Old regions: 111->138
[189.488s][info][gc,heap     ] GC(315) Humongous regions: 3->3
[189.488s][info][gc,metaspace] GC(315) Metaspace: 41817K(42240K)->41817K(42240K) NonClass: 37487K(37696K)->37487K(37696K) Class: 4330K(4544K)->4330K(4544K)
[189.488s][info][gc          ] GC(315) Pause Young (Prepare Mixed) (G1 Evacuation Pause) 210M->152M(258M) 77.465ms
[189.488s][info][gc,cpu      ] GC(315) User=0.11s Sys=0.00s Real=0.08s
[189.789s][info][gc,start    ] GC(316) Pause Young (Mixed) (G1 Evacuation Pause)
[189.789s][info][gc,task     ] GC(316) Using 2 workers of 2 for evacuation
[189.841s][info][gc,phases   ] GC(316)   Pre Evacuate Collection Set: 0.18ms
[189.841s][info][gc,phases   ] GC(316)   Merge Heap Roots: 0.44ms
[189.841s][info][gc,phases   ] GC(316)   Evacuate Collection Set: 51.25ms
[189.841s][info][gc,phases   ] GC(316)   Post Evacuate Collection Set: 0.44ms
[189.841s][info][gc,phases   ] GC(316)   Other: 0.07ms
[189.841s][info][gc,heap     ] GC(316) Eden regions: 63->0(57)
[189.841s][info][gc,heap     ] GC(316) Survivor regions: 12->10(10)
[189.841s][info][gc,heap     ] GC(316) Old regions: 138->151
[189.841s][info][gc,heap     ] GC(316) Humongous regions: 5->3
[189.841s][info][gc,metaspace] GC(316) Metaspace: 41818K(42240K)->41818K(42240K) NonClass: 37487K(37696K)->37487K(37696K) Class: 4330K(4544K)->4330K(4544K)
[189.841s][info][gc          ] GC(316) Pause Young (Mixed) (G1 Evacuation Pause) 217M->164M(258M) 52.573ms
[189.841s][info][gc,cpu      ] GC(316) User=0.11s Sys=0.00s Real=0.05s
[190.251s][info][gc,start    ] GC(317) Pause Young (Concurrent Start) (G1 Evacuation Pause)
[190.252s][info][gc,task     ] GC(317) Using 2 workers of 2 for evacuation
[190.270s][info][gc,phases   ] GC(317)   Pre Evacuate Collection Set: 0.20ms
[190.270s][info][gc,phases   ] GC(317)   Merge Heap Roots: 0.14ms
[190.270s][info][gc,phases   ] GC(317)   Evacuate Collection Set: 17.26ms
[190.270s][info][gc,phases   ] GC(317)   Post Evacuate Collection Set: 0.37ms
[190.270s][info][gc,phases   ] GC(317)   Other: 0.13ms
[190.270s][info][gc,heap     ] GC(317) Eden regions: 57->0(56)
[190.270s][info][gc,heap     ] GC(317) Survivor regions: 10->7(9)
[190.270s][info][gc,heap     ] GC(317) Old regions: 151->159
[190.270s][info][gc,heap     ] GC(317) Humongous regions: 3->3
[190.270s][info][gc,metaspace] GC(317) Metaspace: 41818K(42240K)->41818K(42240K) NonClass: 37487K(37696K)->37487K(37696K) Class: 4330K(4544K)->4330K(4544K)
[190.270s][info][gc          ] GC(317) Pause Young (Concurrent Start) (G1 Evacuation Pause) 221M->168M(258M) 18.303ms
[190.270s][info][gc,cpu      ] GC(317) User=0.04s Sys=0.00s Real=0.02s
[190.270s][info][gc          ] GC(318) Concurrent Mark Cycle
[190.270s][info][gc,marking  ] GC(318) Concurrent Scan Root Regions
[190.286s][info][gc,marking  ] GC(318) Concurrent Scan Root Regions 16.340ms
[190.286s][info][gc,marking  ] GC(318) Concurrent Mark
[190.286s][info][gc,marking  ] GC(318) Concurrent Mark From Roots
[190.286s][info][gc,task     ] GC(318) Using 1 workers of 1 for marking
[190.469s][info][gc,marking  ] GC(318) Concurrent Mark From Roots 182.486ms
[190.469s][info][gc,marking  ] GC(318) Concurrent Preclean
[190.469s][info][gc,marking  ] GC(318) Concurrent Preclean 0.051ms
[190.469s][info][gc,start    ] GC(318) Pause Remark
[190.487s][info][gc          ] GC(318) Pause Remark 193M->192M(284M) 17.914ms
[190.487s][info][gc,cpu      ] GC(318) User=0.04s Sys=0.00s Real=0.02s
[190.487s][info][gc,marking  ] GC(318) Concurrent Mark 200.816ms
[190.487s][info][gc,marking  ] GC(318) Concurrent Rebuild Remembered Sets and Scrub Regions
[190.637s][info][gc,marking  ] GC(318) Concurrent Rebuild Remembered Sets and Scrub Regions 149.389ms
[190.637s][info][gc,start    ] GC(318) Pause Cleanup
[190.637s][info][gc          ] GC(318) Pause Cleanup 204M->204M(284M) 0.130ms
[190.637s][info][gc,cpu      ] GC(318) User=0.00s Sys=0.00s Real=0.00s
[190.637s][info][gc,marking  ] GC(318) Concurrent Clear Claimed Marks
[190.637s][info][gc,marking  ] GC(318) Concurrent Clear Claimed Marks 0.047ms
[190.637s][info][gc,marking  ] GC(318) Concurrent Cleanup for Next Mark
[190.639s][info][gc,marking  ] GC(318) Concurrent Cleanup for Next Mark 1.651ms
[190.639s][info][gc          ] GC(318) Concurrent Mark Cycle 368.836ms
[190.728s][info][gc,start    ] GC(319) Pause Young (Prepare Mixed) (G1 Evacuation Pause)
[190.728s][info][gc,task     ] GC(319) Using 2 workers of 2 for evacuation
[190.746s][info][gc,phases   ] GC(319)   Pre Evacuate Collection Set: 0.20ms
[190.746s][info][gc,phases   ] GC(319)   Merge Heap Roots: 0.14ms
[190.746s][info][gc,phases   ] GC(319)   Evacuate Collection Set: 16.95ms
[190.746s][info][gc,phases   ] GC(319)   Post Evacuate Collection Set: 0.48ms
[190.746s][info][gc,phases   ] GC(319)   Other: 0.12ms
[190.746s][info][gc,heap     ] GC(319) Eden regions: 56->0(71)
[190.746s][info][gc,heap     ] GC(319) Survivor regions: 7->8(8)
[190.746s][info][gc,heap     ] GC(319) Old regions: 158->164
[190.746s][info][gc,heap     ] GC(319) Humongous regions: 7->3
[190.746s][info][gc,metaspace] GC(319) Metaspace: 41818K(42240K)->41818K(42240K) NonClass: 37487K(37696K)->37487K(37696K) Class: 4330K(4544K)->4330K(4544K)
[190.746s][info][gc          ] GC(319) Pause Young (Prepare Mixed) (G1 Evacuation Pause) 227M->175M(284M) 18.097ms
[190.746s][info][gc,cpu      ] GC(319) User=0.04s Sys=0.01s Real=0.02s
[191.342s][info][gc,start    ] GC(320) Pause Young (Mixed) (G1 Evacuation Pause)
[191.342s][info][gc,task     ] GC(320) Using 2 workers of 2 for evacuation
[191.356s][info][gc,phases   ] GC(320)   Pre Evacuate Collection Set: 0.23ms
[191.356s][info][gc,phases   ] GC(320)   Merge Heap Roots: 0.17ms
[191.356s][info][gc,phases   ] GC(320)   Evacuate Collection Set: 11.61ms
[191.356s][info][gc,phases   ] GC(320)   Post Evacuate Collection Set: 1.53ms
[191.356s][info][gc,phases   ] GC(320)   Other: 0.11ms
[191.356s][info][gc,heap     ] GC(320) Eden regions: 71->0(193)
[191.356s][info][gc,heap     ] GC(320) Survivor regions: 8->2(10)
[191.356s][info][gc,heap     ] GC(320) Old regions: 164->141
[191.356s][info][gc,heap     ] GC(320) Humongous regions: 7->3
[191.356s][info][gc,metaspace] GC(320) Metaspace: 41818K(42240K)->41818K(42240K) NonClass: 37488K(37696K)->37488K(37696K) Class: 4330K(4544K)->4330K(4544K)
[191.356s][info][gc          ] GC(320) Pause Young (Mixed) (G1 Evacuation Pause) 250M->146M(423M) 13.878ms
[191.356s][info][gc,cpu      ] GC(320) User=0.02s Sys=0.00s Real=0.02s
[192.207s][info][gc,start    ] GC(321) Pause Young (Mixed) (G1 Evacuation Pause)
[192.207s][info][gc,task     ] GC(321) Using 2 workers of 2 for evacuation
[192.254s][info][gc,phases   ] GC(321)   Pre Evacuate Collection Set: 0.26ms
[192.254s][info][gc,phases   ] GC(321)   Merge Heap Roots: 0.59ms
[192.254s][info][gc,phases   ] GC(321)   Evacuate Collection Set: 45.09ms
[192.254s][info][gc,phases   ] GC(321)   Post Evacuate Collection Set: 0.68ms
[192.254s][info][gc,phases   ] GC(321)   Other: 0.10ms
[192.254s][info][gc,heap     ] GC(321) Eden regions: 193->0(210)
[192.254s][info][gc,heap     ] GC(321) Survivor regions: 2->15(25)
[192.254s][info][gc,heap     ] GC(321) Old regions: 141->111
[192.254s][info][gc,heap     ] GC(321) Humongous regions: 8->3
[192.254s][info][gc,metaspace] GC(321) Metaspace: 41824K(42240K)->41824K(42240K) NonClass: 37494K(37696K)->37494K(37696K) Class: 4330K(4544K)->4330K(4544K)
[192.254s][info][gc          ] GC(321) Pause Young (Mixed) (G1 Evacuation Pause) 344M->128M(423M) 46.964ms
[192.254s][info][gc,cpu      ] GC(321) User=0.10s Sys=0.00s Real=0.05s
[193.005s][info][gc,start    ] GC(322) Pause Young (Mixed) (G1 Evacuation Pause)
[193.006s][info][gc,task     ] GC(322) Using 2 workers of 2 for evacuation
[193.069s][info][gc,phases   ] GC(322)   Pre Evacuate Collection Set: 0.21ms
[193.069s][info][gc,phases   ] GC(322)   Merge Heap Roots: 0.86ms
[193.069s][info][gc,phases   ] GC(322)   Evacuate Collection Set: 61.25ms
[193.069s][info][gc,phases   ] GC(322)   Post Evacuate Collection Set: 1.08ms
[193.069s][info][gc,phases   ] GC(322)   Other: 0.10ms
[193.069s][info][gc,heap     ] GC(322) Eden regions: 210->0(195)
[193.069s][info][gc,heap     ] GC(322) Survivor regions: 15->29(29)
[193.069s][info][gc,heap     ] GC(322) Old regions: 111->108
[193.069s][info][gc,heap     ] GC(322) Humongous regions: 5->4
[193.069s][info][gc,metaspace] GC(322) Metaspace: 41824K(42240K)->41824K(42240K) NonClass: 37494K(37696K)->37494K(37696K) Class: 4330K(4544K)->4330K(4544K)
[193.069s][info][gc          ] GC(322) Pause Young (Mixed) (G1 Evacuation Pause) 340M->141M(423M) 63.740ms
[193.069s][info][gc,cpu      ] GC(322) User=0.12s Sys=0.00s Real=0.06s
[193.770s][info][gc,start    ] GC(323) Pause Young (Normal) (G1 Evacuation Pause)
[193.770s][info][gc,task     ] GC(323) Using 2 workers of 2 for evacuation
[193.812s][info][gc,phases   ] GC(323)   Pre Evacuate Collection Set: 0.29ms
[193.812s][info][gc,phases   ] GC(323)   Merge Heap Roots: 0.15ms
[193.812s][info][gc,phases   ] GC(323)   Evacuate Collection Set: 40.31ms
[193.812s][info][gc,phases   ] GC(323)   Post Evacuate Collection Set: 0.57ms
[193.812s][info][gc,phases   ] GC(323)   Other: 0.09ms
[193.812s][info][gc,heap     ] GC(323) Eden regions: 195->0(166)
[193.812s][info][gc,heap     ] GC(323) Survivor regions: 29->28(28)
[193.812s][info][gc,heap     ] GC(323) Old regions: 108->140
[193.812s][info][gc,heap     ] GC(323) Humongous regions: 5->4
[193.812s][info][gc,metaspace] GC(323) Metaspace: 41830K(42240K)->41830K(42240K) NonClass: 37500K(37696K)->37500K(37696K) Class: 4330K(4544K)->4330K(4544K)
[193.812s][info][gc          ] GC(323) Pause Young (Normal) (G1 Evacuation Pause) 337M->171M(423M) 41.627ms
[193.812s][info][gc,cpu      ] GC(323) User=0.08s Sys=0.00s Real=0.04s
[194.485s][info][gc,start    ] GC(324) Pause Young (Normal) (G1 Evacuation Pause)
[194.485s][info][gc,task     ] GC(324) Using 2 workers of 2 for evacuation
[194.516s][info][gc,phases   ] GC(324)   Pre Evacuate Collection Set: 0.25ms
[194.516s][info][gc,phases   ] GC(324)   Merge Heap Roots: 0.14ms
[194.516s][info][gc,phases   ] GC(324)   Evacuate Collection Set: 29.78ms
[194.516s][info][gc,phases   ] GC(324)   Post Evacuate Collection Set: 0.51ms
[194.516s][info][gc,phases   ] GC(324)   Other: 0.08ms
[194.516s][info][gc,heap     ] GC(324) Eden regions: 166->0(153)
[194.516s][info][gc,heap     ] GC(324) Survivor regions: 28->25(25)
[194.516s][info][gc,heap     ] GC(324) Old regions: 140->152
[194.516s][info][gc,heap     ] GC(324) Humongous regions: 5->4
[194.516s][info][gc,metaspace] GC(324) Metaspace: 41830K(42240K)->41830K(42240K) NonClass: 37500K(37696K)->37500K(37696K) Class: 4330K(4544K)->4330K(4544K)
[194.516s][info][gc          ] GC(324) Pause Young (Normal) (G1 Evacuation Pause) 338M->180M(423M) 30.973ms
[194.516s][info][gc,cpu      ] GC(324) User=0.06s Sys=0.00s Real=0.03s
[195.059s][info][gc,start    ] GC(325) Pause Young (Concurrent Start) (G1 Evacuation Pause)
[195.059s][info][gc,task     ] GC(325) Using 2 workers of 2 for evacuation
[195.098s][info][gc,phases   ] GC(325)   Pre Evacuate Collection Set: 0.24ms
[195.098s][info][gc,phases   ] GC(325)   Merge Heap Roots: 0.17ms
[195.098s][info][gc,phases   ] GC(325)   Evacuate Collection Set: 37.92ms
[195.098s][info][gc,phases   ] GC(325)   Post Evacuate Collection Set: 0.46ms
[195.098s][info][gc,phases   ] GC(325)   Other: 0.12ms
[195.098s][info][gc,heap     ] GC(325) Eden regions: 153->0(132)
[195.098s][info][gc,heap     ] GC(325) Survivor regions: 25->23(23)
[195.098s][info][gc,heap     ] GC(325) Old regions: 152->185
[195.098s][info][gc,heap     ] GC(325) Humongous regions: 4->4
[195.098s][info][gc,metaspace] GC(325) Metaspace: 41831K(42240K)->41831K(42240K) NonClass: 37500K(37696K)->37500K(37696K) Class: 4330K(4544K)->4330K(4544K)
[195.098s][info][gc          ] GC(325) Pause Young (Concurrent Start) (G1 Evacuation Pause) 333M->211M(423M) 39.179ms
[195.098s][info][gc,cpu      ] GC(325) User=0.08s Sys=0.00s Real=0.04s
[195.098s][info][gc          ] GC(326) Concurrent Mark Cycle
[195.098s][info][gc,marking  ] GC(326) Concurrent Scan Root Regions
[195.125s][info][gc,marking  ] GC(326) Concurrent Scan Root Regions 26.810ms
[195.125s][info][gc,marking  ] GC(326) Concurrent Mark
[195.125s][info][gc,marking  ] GC(326) Concurrent Mark From Roots
[195.125s][info][gc,task     ] GC(326) Using 1 workers of 1 for marking
[195.204s][info][gc,marking  ] GC(326) Concurrent Mark From Roots 78.962ms
[195.204s][info][gc,marking  ] GC(326) Concurrent Preclean
[195.204s][info][gc,marking  ] GC(326) Concurrent Preclean 0.050ms
[195.204s][info][gc,start    ] GC(326) Pause Remark
[195.221s][info][gc          ] GC(326) Pause Remark 235M->202M(423M) 16.320ms
[195.221s][info][gc,cpu      ] GC(326) User=0.03s Sys=0.00s Real=0.01s
[195.221s][info][gc,marking  ] GC(326) Concurrent Mark 95.555ms
[195.221s][info][gc,marking  ] GC(326) Concurrent Rebuild Remembered Sets and Scrub Regions
[195.267s][info][gc,marking  ] GC(326) Concurrent Rebuild Remembered Sets and Scrub Regions 46.283ms
[195.267s][info][gc,start    ] GC(326) Pause Cleanup
[195.267s][info][gc          ] GC(326) Pause Cleanup 214M->214M(423M) 0.094ms
[195.268s][info][gc,cpu      ] GC(326) User=0.00s Sys=0.00s Real=0.00s
[195.268s][info][gc,marking  ] GC(326) Concurrent Clear Claimed Marks
[195.268s][info][gc,marking  ] GC(326) Concurrent Clear Claimed Marks 0.041ms
[195.268s][info][gc,marking  ] GC(326) Concurrent Cleanup for Next Mark
[195.270s][info][gc,marking  ] GC(326) Concurrent Cleanup for Next Mark 2.731ms
[195.270s][info][gc          ] GC(326) Concurrent Mark Cycle 172.012ms
[195.706s][info][gc,start    ] GC(327) Pause Young (Prepare Mixed) (G1 Evacuation Pause)
[195.706s][info][gc,task     ] GC(327) Using 2 workers of 2 for evacuation
[195.761s][info][gc,phases   ] GC(327)   Pre Evacuate Collection Set: 0.22ms
[195.761s][info][gc,phases   ] GC(327)   Merge Heap Roots: 0.14ms
[195.761s][info][gc,phases   ] GC(327)   Evacuate Collection Set: 53.98ms
[195.761s][info][gc,phases   ] GC(327)   Post Evacuate Collection Set: 0.61ms
[195.761s][info][gc,phases   ] GC(327)   Other: 0.08ms
[195.761s][info][gc,heap     ] GC(327) Eden regions: 132->0(103)
[195.761s][info][gc,heap     ] GC(327) Survivor regions: 23->20(20)
[195.761s][info][gc,heap     ] GC(327) Old regions: 153->205
[195.761s][info][gc,heap     ] GC(327) Humongous regions: 4->4
[195.761s][info][gc,metaspace] GC(327) Metaspace: 41831K(42240K)->41831K(42240K) NonClass: 37500K(37696K)->37500K(37696K) Class: 4330K(4544K)->4330K(4544K)
[195.761s][info][gc          ] GC(327) Pause Young (Prepare Mixed) (G1 Evacuation Pause) 311M->228M(423M) 55.303ms
[195.761s][info][gc,cpu      ] GC(327) User=0.11s Sys=0.00s Real=0.05s
[196.167s][info][gc,start    ] GC(328) Pause Young (Mixed) (G1 Evacuation Pause)
[196.167s][info][gc,task     ] GC(328) Using 2 workers of 2 for evacuation
[196.223s][info][gc,phases   ] GC(328)   Pre Evacuate Collection Set: 0.35ms
[196.223s][info][gc,phases   ] GC(328)   Merge Heap Roots: 0.28ms
[196.223s][info][gc,phases   ] GC(328)   Evacuate Collection Set: 55.51ms
[196.223s][info][gc,phases   ] GC(328)   Post Evacuate Collection Set: 0.56ms
[196.223s][info][gc,phases   ] GC(328)   Other: 0.08ms
[196.223s][info][gc,heap     ] GC(328) Eden regions: 103->0(87)
[196.223s][info][gc,heap     ] GC(328) Survivor regions: 20->16(16)
[196.223s][info][gc,heap     ] GC(328) Old regions: 205->217
[196.223s][info][gc,heap     ] GC(328) Humongous regions: 5->5
[196.223s][info][gc,metaspace] GC(328) Metaspace: 41831K(42240K)->41831K(42240K) NonClass: 37500K(37696K)->37500K(37696K) Class: 4330K(4544K)->4330K(4544K)
[196.224s][info][gc          ] GC(328) Pause Young (Mixed) (G1 Evacuation Pause) 332M->238M(423M) 57.007ms
[196.224s][info][gc,cpu      ] GC(328) User=0.12s Sys=0.00s Real=0.06s
[196.549s][info][gc,start    ] GC(329) Pause Young (Mixed) (G1 Evacuation Pause)
[196.549s][info][gc,task     ] GC(329) Using 2 workers of 2 for evacuation
[196.612s][info][gc,phases   ] GC(329)   Pre Evacuate Collection Set: 0.25ms
[196.612s][info][gc,phases   ] GC(329)   Merge Heap Roots: 0.35ms
[196.612s][info][gc,phases   ] GC(329)   Evacuate Collection Set: 61.38ms
[196.612s][info][gc,phases   ] GC(329)   Post Evacuate Collection Set: 0.45ms
[196.612s][info][gc,phases   ] GC(329)   Other: 0.07ms
[196.612s][info][gc,heap     ] GC(329) Eden regions: 87->0(56)
[196.612s][info][gc,heap     ] GC(329) Survivor regions: 16->13(13)
[196.612s][info][gc,heap     ] GC(329) Old regions: 217->271
[196.612s][info][gc,heap     ] GC(329) Humongous regions: 5->5
[196.612s][info][gc,metaspace] GC(329) Metaspace: 41831K(42240K)->41831K(42240K) NonClass: 37500K(37696K)->37500K(37696K) Class: 4330K(4544K)->4330K(4544K)
[196.612s][info][gc          ] GC(329) Pause Young (Mixed) (G1 Evacuation Pause) 325M->289M(423M) 62.737ms
[196.612s][info][gc,cpu      ] GC(329) User=0.13s Sys=0.00s Real=0.06s
[196.640s][info][gc,start    ] GC(330) Pause Young (Concurrent Start) (G1 Humongous Allocation)
[196.640s][info][gc,task     ] GC(330) Using 2 workers of 2 for evacuation
[196.657s][info][gc,phases   ] GC(330)   Pre Evacuate Collection Set: 0.26ms
[196.657s][info][gc,phases   ] GC(330)   Merge Heap Roots: 0.17ms
[196.657s][info][gc,phases   ] GC(330)   Evacuate Collection Set: 15.25ms
[196.657s][info][gc,phases   ] GC(330)   Post Evacuate Collection Set: 0.87ms
[196.657s][info][gc,phases   ] GC(330)   Other: 0.16ms
[196.657s][info][gc,heap     ] GC(330) Eden regions: 8->0(84)
[196.657s][info][gc,heap     ] GC(330) Survivor regions: 13->6(9)
[196.657s][info][gc,heap     ] GC(330) Old regions: 271->285
[196.657s][info][gc,heap     ] GC(330) Humongous regions: 5->5
[196.657s][info][gc,metaspace] GC(330) Metaspace: 41831K(42240K)->41831K(42240K) NonClass: 37500K(37696K)->37500K(37696K) Class: 4330K(4544K)->4330K(4544K)
[196.657s][info][gc          ] GC(330) Pause Young (Concurrent Start) (G1 Humongous Allocation) 296M->294M(498M) 16.948ms
[196.657s][info][gc,cpu      ] GC(330) User=0.03s Sys=0.00s Real=0.02s
[196.657s][info][gc          ] GC(331) Concurrent Mark Cycle
[196.657s][info][gc,marking  ] GC(331) Concurrent Scan Root Regions
[196.664s][info][gc,marking  ] GC(331) Concurrent Scan Root Regions 6.487ms
[196.664s][info][gc,marking  ] GC(331) Concurrent Mark
[196.664s][info][gc,marking  ] GC(331) Concurrent Mark From Roots
[196.664s][info][gc,task     ] GC(331) Using 1 workers of 1 for marking
[196.852s][info][gc,marking  ] GC(331) Concurrent Mark From Roots 188.276ms
[196.852s][info][gc,marking  ] GC(331) Concurrent Preclean
[196.852s][info][gc,marking  ] GC(331) Concurrent Preclean 0.059ms
[196.852s][info][gc,start    ] GC(331) Pause Remark
[196.869s][info][gc          ] GC(331) Pause Remark 328M->256M(498M) 16.543ms
[196.869s][info][gc,cpu      ] GC(331) User=0.03s Sys=0.00s Real=0.01s
[196.869s][info][gc,marking  ] GC(331) Concurrent Mark 205.206ms
[196.869s][info][gc,marking  ] GC(331) Concurrent Rebuild Remembered Sets and Scrub Regions
[196.958s][info][gc,marking  ] GC(331) Concurrent Rebuild Remembered Sets and Scrub Regions 89.148ms
[196.958s][info][gc,start    ] GC(331) Pause Cleanup
[196.959s][info][gc          ] GC(331) Pause Cleanup 271M->271M(498M) 0.079ms
[196.959s][info][gc,cpu      ] GC(331) User=0.00s Sys=0.00s Real=0.00s
[196.959s][info][gc,marking  ] GC(331) Concurrent Clear Claimed Marks
[196.959s][info][gc,marking  ] GC(331) Concurrent Clear Claimed Marks 0.041ms
[196.959s][info][gc,marking  ] GC(331) Concurrent Cleanup for Next Mark
[196.961s][info][gc,marking  ] GC(331) Concurrent Cleanup for Next Mark 2.277ms
[196.961s][info][gc          ] GC(331) Concurrent Mark Cycle 303.634ms
[197.123s][info][gc,start    ] GC(332) Pause Young (Prepare Mixed) (G1 Evacuation Pause)
[197.123s][info][gc,task     ] GC(332) Using 2 workers of 2 for evacuation
[197.162s][info][gc,phases   ] GC(332)   Pre Evacuate Collection Set: 0.25ms
[197.162s][info][gc,phases   ] GC(332)   Merge Heap Roots: 0.36ms
[197.162s][info][gc,phases   ] GC(332)   Evacuate Collection Set: 37.71ms
[197.162s][info][gc,phases   ] GC(332)   Post Evacuate Collection Set: 0.50ms
[197.162s][info][gc,phases   ] GC(332)   Other: 0.08ms
[197.162s][info][gc,heap     ] GC(332) Eden regions: 84->0(102)
[197.162s][info][gc,heap     ] GC(332) Survivor regions: 6->12(12)
[197.162s][info][gc,heap     ] GC(332) Old regions: 214->245
[197.162s][info][gc,heap     ] GC(332) Humongous regions: 5->5
[197.162s][info][gc,metaspace] GC(332) Metaspace: 41831K(42240K)->41831K(42240K) NonClass: 37500K(37696K)->37500K(37696K) Class: 4330K(4544K)->4330K(4544K)
[197.162s][info][gc          ] GC(332) Pause Young (Prepare Mixed) (G1 Evacuation Pause) 307M->262M(498M) 39.170ms
[197.162s][info][gc,cpu      ] GC(332) User=0.07s Sys=0.00s Real=0.03s
[197.555s][info][gc,start    ] GC(333) Pause Young (Mixed) (G1 Evacuation Pause)
[197.555s][info][gc,task     ] GC(333) Using 2 workers of 2 for evacuation
[197.584s][info][gc,phases   ] GC(333)   Pre Evacuate Collection Set: 0.28ms
[197.584s][info][gc,phases   ] GC(333)   Merge Heap Roots: 0.52ms
[197.584s][info][gc,phases   ] GC(333)   Evacuate Collection Set: 27.84ms
[197.584s][info][gc,phases   ] GC(333)   Post Evacuate Collection Set: 0.48ms
[197.584s][info][gc,phases   ] GC(333)   Other: 0.07ms
[197.584s][info][gc,heap     ] GC(333) Eden regions: 102->0(125)
[197.584s][info][gc,heap     ] GC(333) Survivor regions: 12->9(15)
[197.584s][info][gc,heap     ] GC(333) Old regions: 245->218
[197.584s][info][gc,heap     ] GC(333) Humongous regions: 6->5
[197.584s][info][gc,metaspace] GC(333) Metaspace: 41831K(42240K)->41831K(42240K) NonClass: 37500K(37696K)->37500K(37696K) Class: 4330K(4544K)->4330K(4544K)
[197.585s][info][gc          ] GC(333) Pause Young (Mixed) (G1 Evacuation Pause) 365M->231M(498M) 29.402ms
[197.585s][info][gc,cpu      ] GC(333) User=0.06s Sys=0.00s Real=0.03s
[198.067s][info][gc,start    ] GC(334) Pause Young (Concurrent Start) (G1 Evacuation Pause)
[198.067s][info][gc,task     ] GC(334) Using 2 workers of 2 for evacuation
[198.075s][info][gc,phases   ] GC(334)   Pre Evacuate Collection Set: 0.30ms
[198.075s][info][gc,phases   ] GC(334)   Merge Heap Roots: 0.11ms
[198.075s][info][gc,phases   ] GC(334)   Evacuate Collection Set: 7.06ms
[198.075s][info][gc,phases   ] GC(334)   Post Evacuate Collection Set: 0.46ms
[198.075s][info][gc,phases   ] GC(334)   Other: 0.10ms
[198.075s][info][gc,heap     ] GC(334) Eden regions: 125->0(139)
[198.075s][info][gc,heap     ] GC(334) Survivor regions: 9->9(17)
[198.075s][info][gc,heap     ] GC(334) Old regions: 218->218
[198.075s][info][gc,heap     ] GC(334) Humongous regions: 5->5
[198.075s][info][gc,metaspace] GC(334) Metaspace: 41833K(42240K)->41833K(42240K) NonClass: 37503K(37696K)->37503K(37696K) Class: 4330K(4544K)->4330K(4544K)
[198.075s][info][gc          ] GC(334) Pause Young (Concurrent Start) (G1 Evacuation Pause) 356M->231M(498M) 8.236ms
[198.075s][info][gc,cpu      ] GC(334) User=0.02s Sys=0.00s Real=0.01s
[198.075s][info][gc          ] GC(335) Concurrent Mark Cycle
[198.075s][info][gc,marking  ] GC(335) Concurrent Scan Root Regions
[198.081s][info][gc,marking  ] GC(335) Concurrent Scan Root Regions 6.385ms
[198.082s][info][gc,marking  ] GC(335) Concurrent Mark
[198.082s][info][gc,marking  ] GC(335) Concurrent Mark From Roots
[198.082s][info][gc,task     ] GC(335) Using 1 workers of 1 for marking
[198.184s][info][gc,marking  ] GC(335) Concurrent Mark From Roots 102.278ms
[198.184s][info][gc,marking  ] GC(335) Concurrent Preclean
[198.184s][info][gc,marking  ] GC(335) Concurrent Preclean 0.063ms
[198.184s][info][gc,start    ] GC(335) Pause Remark
[198.209s][info][gc          ] GC(335) Pause Remark 245M->186M(498M) 25.332ms
[198.209s][info][gc,cpu      ] GC(335) User=0.05s Sys=0.00s Real=0.02s
[198.210s][info][gc,marking  ] GC(335) Concurrent Mark 128.003ms
[198.210s][info][gc,marking  ] GC(335) Concurrent Rebuild Remembered Sets and Scrub Regions
[198.295s][info][gc,marking  ] GC(335) Concurrent Rebuild Remembered Sets and Scrub Regions 85.293ms
[198.295s][info][gc,start    ] GC(335) Pause Cleanup
[198.295s][info][gc          ] GC(335) Pause Cleanup 203M->203M(498M) 0.129ms
[198.295s][info][gc,cpu      ] GC(335) User=0.00s Sys=0.00s Real=0.00s
[198.295s][info][gc,marking  ] GC(335) Concurrent Clear Claimed Marks
[198.295s][info][gc,marking  ] GC(335) Concurrent Clear Claimed Marks 0.049ms
[198.295s][info][gc,marking  ] GC(335) Concurrent Cleanup for Next Mark
[198.297s][info][gc,marking  ] GC(335) Concurrent Cleanup for Next Mark 1.499ms
[198.297s][info][gc          ] GC(335) Concurrent Mark Cycle 221.817ms
[198.735s][info][gc,start    ] GC(336) Pause Young (Prepare Mixed) (G1 Evacuation Pause)
[198.735s][info][gc,task     ] GC(336) Using 2 workers of 2 for evacuation
[198.749s][info][gc,phases   ] GC(336)   Pre Evacuate Collection Set: 0.27ms
[198.749s][info][gc,phases   ] GC(336)   Merge Heap Roots: 0.10ms
[198.749s][info][gc,phases   ] GC(336)   Evacuate Collection Set: 12.35ms
[198.749s][info][gc,phases   ] GC(336)   Post Evacuate Collection Set: 0.42ms
[198.749s][info][gc,phases   ] GC(336)   Other: 0.10ms
[198.749s][info][gc,heap     ] GC(336) Eden regions: 139->0(181)
[198.749s][info][gc,heap     ] GC(336) Survivor regions: 9->16(19)
[198.749s][info][gc,heap     ] GC(336) Old regions: 161->161
[198.749s][info][gc,heap     ] GC(336) Humongous regions: 4->3
[198.749s][info][gc,metaspace] GC(336) Metaspace: 41833K(42240K)->41833K(42240K) NonClass: 37503K(37696K)->37503K(37696K) Class: 4330K(4544K)->4330K(4544K)
[198.749s][info][gc          ] GC(336) Pause Young (Prepare Mixed) (G1 Evacuation Pause) 312M->179M(498M) 13.461ms
[198.749s][info][gc,cpu      ] GC(336) User=0.02s Sys=0.00s Real=0.01s
[199.443s][info][gc,start    ] GC(337) Pause Young (Mixed) (G1 Evacuation Pause)
[199.443s][info][gc,task     ] GC(337) Using 2 workers of 2 for evacuation
[199.455s][info][gc,phases   ] GC(337)   Pre Evacuate Collection Set: 0.29ms
[199.455s][info][gc,phases   ] GC(337)   Merge Heap Roots: 0.12ms
[199.455s][info][gc,phases   ] GC(337)   Evacuate Collection Set: 10.90ms
[199.455s][info][gc,phases   ] GC(337)   Post Evacuate Collection Set: 0.51ms
[199.455s][info][gc,phases   ] GC(337)   Other: 0.09ms
[199.455s][info][gc,heap     ] GC(337) Eden regions: 181->0(226)
[199.455s][info][gc,heap     ] GC(337) Survivor regions: 16->11(25)
[199.455s][info][gc,heap     ] GC(337) Old regions: 161->115
[199.455s][info][gc,heap     ] GC(337) Humongous regions: 4->3
[199.455s][info][gc,metaspace] GC(337) Metaspace: 41833K(42240K)->41833K(42240K) NonClass: 37503K(37696K)->37503K(37696K) Class: 4330K(4544K)->4330K(4544K)
[199.455s][info][gc          ] GC(337) Pause Young (Mixed) (G1 Evacuation Pause) 361M->129M(498M) 12.157ms
[199.455s][info][gc,cpu      ] GC(337) User=0.02s Sys=0.00s Real=0.01s
[200.287s][info][gc,start    ] GC(338) Pause Young (Mixed) (G1 Evacuation Pause)
[200.287s][info][gc,task     ] GC(338) Using 2 workers of 2 for evacuation
[200.301s][info][gc,phases   ] GC(338)   Pre Evacuate Collection Set: 0.35ms
[200.302s][info][gc,phases   ] GC(338)   Merge Heap Roots: 0.26ms
[200.302s][info][gc,phases   ] GC(338)   Evacuate Collection Set: 13.00ms
[200.302s][info][gc,phases   ] GC(338)   Post Evacuate Collection Set: 0.66ms
[200.302s][info][gc,phases   ] GC(338)   Other: 0.11ms
[200.302s][info][gc,heap     ] GC(338) Eden regions: 226->0(260)
[200.302s][info][gc,heap     ] GC(338) Survivor regions: 11->6(30)
[200.302s][info][gc,heap     ] GC(338) Old regions: 115->90
[200.302s][info][gc,heap     ] GC(338) Humongous regions: 6->3
[200.302s][info][gc,metaspace] GC(338) Metaspace: 41833K(42240K)->41833K(42240K) NonClass: 37503K(37696K)->37503K(37696K) Class: 4330K(4544K)->4330K(4544K)
[200.302s][info][gc          ] GC(338) Pause Young (Mixed) (G1 Evacuation Pause) 358M->98M(498M) 14.689ms
[200.302s][info][gc,cpu      ] GC(338) User=0.03s Sys=0.00s Real=0.01s
[201.272s][info][gc,start    ] GC(339) Pause Young (Normal) (G1 Evacuation Pause)
[201.272s][info][gc,task     ] GC(339) Using 2 workers of 2 for evacuation
[201.283s][info][gc,phases   ] GC(339)   Pre Evacuate Collection Set: 0.29ms
[201.283s][info][gc,phases   ] GC(339)   Merge Heap Roots: 0.11ms
[201.283s][info][gc,phases   ] GC(339)   Evacuate Collection Set: 10.37ms
[201.283s][info][gc,phases   ] GC(339)   Post Evacuate Collection Set: 0.69ms
[201.283s][info][gc,phases   ] GC(339)   Other: 0.12ms
[201.283s][info][gc,heap     ] GC(339) Eden regions: 260->0(275)
[201.283s][info][gc,heap     ] GC(339) Survivor regions: 6->9(34)
[201.283s][info][gc,heap     ] GC(339) Old regions: 90->90
[201.283s][info][gc,heap     ] GC(339) Humongous regions: 6->3
[201.284s][info][gc,metaspace] GC(339) Metaspace: 41833K(42240K)->41833K(42240K) NonClass: 37503K(37696K)->37503K(37696K) Class: 4330K(4544K)->4330K(4544K)
[201.284s][info][gc          ] GC(339) Pause Young (Normal) (G1 Evacuation Pause) 361M->101M(498M) 11.992ms
[201.284s][info][gc,cpu      ] GC(339) User=0.02s Sys=0.00s Real=0.02s
[201.444s][info][gc,start    ] GC(340) Pause Young (Concurrent Start) (G1 Humongous Allocation)
[201.444s][info][gc,task     ] GC(340) Using 2 workers of 2 for evacuation
[201.465s][info][gc,phases   ] GC(340)   Pre Evacuate Collection Set: 0.24ms
[201.465s][info][gc,phases   ] GC(340)   Merge Heap Roots: 0.05ms
[201.465s][info][gc,phases   ] GC(340)   Evacuate Collection Set: 19.47ms
[201.465s][info][gc,phases   ] GC(340)   Post Evacuate Collection Set: 0.42ms
[201.465s][info][gc,phases   ] GC(340)   Other: 0.13ms
[201.465s][info][gc,heap     ] GC(340) Eden regions: 44->0(276)
[201.465s][info][gc,heap     ] GC(340) Survivor regions: 9->21(36)
[201.465s][info][gc,heap     ] GC(340) Old regions: 90->90
[201.465s][info][gc,heap     ] GC(340) Humongous regions: 3->1
[201.465s][info][gc,metaspace] GC(340) Metaspace: 41834K(42240K)->41834K(42240K) NonClass: 37504K(37696K)->37504K(37696K) Class: 4330K(4544K)->4330K(4544K)
[201.465s][info][gc          ] GC(340) Pause Young (Concurrent Start) (G1 Humongous Allocation) 144M->111M(498M) 20.532ms
[201.465s][info][gc,cpu      ] GC(340) User=0.03s Sys=0.00s Real=0.02s
[201.465s][info][gc          ] GC(341) Concurrent Mark Cycle
[201.465s][info][gc,marking  ] GC(341) Concurrent Scan Root Regions
[201.488s][info][gc,marking  ] GC(341) Concurrent Scan Root Regions 22.907ms
[201.488s][info][gc,marking  ] GC(341) Concurrent Mark
[201.488s][info][gc,marking  ] GC(341) Concurrent Mark From Roots
[201.488s][info][gc,task     ] GC(341) Using 1 workers of 1 for marking
[201.568s][info][gc,marking  ] GC(341) Concurrent Mark From Roots 80.067ms
[201.568s][info][gc,marking  ] GC(341) Concurrent Preclean
[201.568s][info][gc,marking  ] GC(341) Concurrent Preclean 0.047ms
[201.568s][info][gc,start    ] GC(341) Pause Remark
[201.585s][info][gc          ] GC(341) Pause Remark 142M->119M(304M) 16.419ms
[201.585s][info][gc,cpu      ] GC(341) User=0.03s Sys=0.00s Real=0.02s
[201.585s][info][gc,marking  ] GC(341) Concurrent Mark 96.893ms
[201.585s][info][gc,marking  ] GC(341) Concurrent Rebuild Remembered Sets and Scrub Regions
[201.613s][info][gc,marking  ] GC(341) Concurrent Rebuild Remembered Sets and Scrub Regions 28.501ms
[201.614s][info][gc,start    ] GC(341) Pause Cleanup
[201.614s][info][gc          ] GC(341) Pause Cleanup 127M->127M(304M) 0.054ms
[201.614s][info][gc,cpu      ] GC(341) User=0.00s Sys=0.00s Real=0.00s
[201.614s][info][gc,marking  ] GC(341) Concurrent Clear Claimed Marks
[201.614s][info][gc,marking  ] GC(341) Concurrent Clear Claimed Marks 0.041ms
[201.614s][info][gc,marking  ] GC(341) Concurrent Cleanup for Next Mark
[201.615s][info][gc,marking  ] GC(341) Concurrent Cleanup for Next Mark 0.926ms
[201.615s][info][gc          ] GC(341) Concurrent Mark Cycle 149.753ms
[202.024s][info][gc,start    ] GC(342) Pause Young (Prepare Mixed) (G1 Evacuation Pause)
[202.024s][info][gc,task     ] GC(342) Using 2 workers of 2 for evacuation
[202.037s][info][gc,phases   ] GC(342)   Pre Evacuate Collection Set: 0.20ms
[202.037s][info][gc,phases   ] GC(342)   Merge Heap Roots: 0.08ms
[202.038s][info][gc,phases   ] GC(342)   Evacuate Collection Set: 12.67ms
[202.038s][info][gc,phases   ] GC(342)   Post Evacuate Collection Set: 0.55ms
[202.038s][info][gc,phases   ] GC(342)   Other: 0.08ms
[202.038s][info][gc,heap     ] GC(342) Eden regions: 161->0(159)
[202.038s][info][gc,heap     ] GC(342) Survivor regions: 21->2(23)
[202.038s][info][gc,heap     ] GC(342) Old regions: 67->87
[202.038s][info][gc,heap     ] GC(342) Humongous regions: 3->3
[202.038s][info][gc,metaspace] GC(342) Metaspace: 41834K(42240K)->41834K(42240K) NonClass: 37504K(37696K)->37504K(37696K) Class: 4330K(4544K)->4330K(4544K)
[202.038s][info][gc          ] GC(342) Pause Young (Prepare Mixed) (G1 Evacuation Pause) 251M->91M(304M) 13.800ms
[202.038s][info][gc,cpu      ] GC(342) User=0.02s Sys=0.00s Real=0.01s
[202.588s][info][gc,start    ] GC(343) Pause Young (Mixed) (G1 Evacuation Pause)
[202.588s][info][gc,task     ] GC(343) Using 2 workers of 2 for evacuation
[202.591s][info][gc,phases   ] GC(343)   Pre Evacuate Collection Set: 0.28ms
[202.591s][info][gc,phases   ] GC(343)   Merge Heap Roots: 0.09ms
[202.591s][info][gc,phases   ] GC(343)   Evacuate Collection Set: 1.75ms
[202.591s][info][gc,phases   ] GC(343)   Post Evacuate Collection Set: 0.41ms
[202.591s][info][gc,phases   ] GC(343)   Other: 0.09ms
[202.591s][info][gc,heap     ] GC(343) Eden regions: 159->0(170)
[202.591s][info][gc,heap     ] GC(343) Survivor regions: 2->2(21)
[202.591s][info][gc,heap     ] GC(343) Old regions: 87->81
[202.591s][info][gc,heap     ] GC(343) Humongous regions: 4->3
[202.591s][info][gc,metaspace] GC(343) Metaspace: 41834K(42240K)->41834K(42240K) NonClass: 37504K(37696K)->37504K(37696K) Class: 4330K(4544K)->4330K(4544K)
[202.591s][info][gc          ] GC(343) Pause Young (Mixed) (G1 Evacuation Pause) 251M->85M(304M) 2.806ms
[202.591s][info][gc,cpu      ] GC(343) User=0.00s Sys=0.00s Real=0.00s
[203.147s][info][gc,start    ] GC(344) Pause Young (Concurrent Start) (G1 Evacuation Pause)
[203.147s][info][gc,task     ] GC(344) Using 2 workers of 2 for evacuation
[203.152s][info][gc,phases   ] GC(344)   Pre Evacuate Collection Set: 0.18ms
[203.152s][info][gc,phases   ] GC(344)   Merge Heap Roots: 0.07ms
[203.152s][info][gc,phases   ] GC(344)   Evacuate Collection Set: 4.52ms
[203.152s][info][gc,phases   ] GC(344)   Post Evacuate Collection Set: 0.46ms
[203.152s][info][gc,phases   ] GC(344)   Other: 0.12ms
[203.152s][info][gc,heap     ] GC(344) Eden regions: 170->0(175)
[203.152s][info][gc,heap     ] GC(344) Survivor regions: 2->5(22)
[203.152s][info][gc,heap     ] GC(344) Old regions: 81->81
[203.152s][info][gc,heap     ] GC(344) Humongous regions: 3->1
[203.152s][info][gc,metaspace] GC(344) Metaspace: 41836K(42304K)->41836K(42304K) NonClass: 37506K(37760K)->37506K(37760K) Class: 4330K(4544K)->4330K(4544K)
[203.152s][info][gc          ] GC(344) Pause Young (Concurrent Start) (G1 Evacuation Pause) 255M->86M(304M) 5.604ms
[203.152s][info][gc,cpu      ] GC(344) User=0.01s Sys=0.01s Real=0.01s
[203.152s][info][gc          ] GC(345) Concurrent Mark Cycle
[203.152s][info][gc,marking  ] GC(345) Concurrent Scan Root Regions
[203.155s][info][gc,marking  ] GC(345) Concurrent Scan Root Regions 2.774ms
[203.155s][info][gc,marking  ] GC(345) Concurrent Mark
[203.155s][info][gc,marking  ] GC(345) Concurrent Mark From Roots
[203.155s][info][gc,task     ] GC(345) Using 1 workers of 1 for marking
[203.229s][info][gc,marking  ] GC(345) Concurrent Mark From Roots 74.016ms
[203.229s][info][gc,marking  ] GC(345) Concurrent Preclean
[203.229s][info][gc,marking  ] GC(345) Concurrent Preclean 0.052ms
[203.229s][info][gc,start    ] GC(345) Pause Remark
[203.246s][info][gc          ] GC(345) Pause Remark 127M->119M(264M) 16.340ms
[203.246s][info][gc,cpu      ] GC(345) User=0.03s Sys=0.00s Real=0.02s
[203.246s][info][gc,marking  ] GC(345) Concurrent Mark 90.713ms
[203.246s][info][gc,marking  ] GC(345) Concurrent Rebuild Remembered Sets and Scrub Regions
[203.282s][info][gc,marking  ] GC(345) Concurrent Rebuild Remembered Sets and Scrub Regions 35.910ms
[203.282s][info][gc,start    ] GC(345) Pause Cleanup
[203.282s][info][gc          ] GC(345) Pause Cleanup 137M->137M(264M) 0.057ms
[203.282s][info][gc,cpu      ] GC(345) User=0.00s Sys=0.00s Real=0.00s
[203.282s][info][gc,marking  ] GC(345) Concurrent Clear Claimed Marks
[203.282s][info][gc,marking  ] GC(345) Concurrent Clear Claimed Marks 0.041ms
[203.282s][info][gc,marking  ] GC(345) Concurrent Cleanup for Next Mark
[203.283s][info][gc,marking  ] GC(345) Concurrent Cleanup for Next Mark 0.798ms
[203.283s][info][gc          ] GC(345) Concurrent Mark Cycle 130.551ms
[203.460s][info][gc,start    ] GC(346) Pause Young (Prepare Mixed) (G1 Evacuation Pause)
[203.460s][info][gc,task     ] GC(346) Using 2 workers of 2 for evacuation
[203.463s][info][gc,phases   ] GC(346)   Pre Evacuate Collection Set: 0.18ms
[203.463s][info][gc,phases   ] GC(346)   Merge Heap Roots: 0.12ms
[203.463s][info][gc,phases   ] GC(346)   Evacuate Collection Set: 2.41ms
[203.463s][info][gc,phases   ] GC(346)   Post Evacuate Collection Set: 0.41ms
[203.463s][info][gc,phases   ] GC(346)   Other: 0.10ms
[203.463s][info][gc,heap     ] GC(346) Eden regions: 153->0(155)
[203.463s][info][gc,heap     ] GC(346) Survivor regions: 5->3(20)
[203.463s][info][gc,heap     ] GC(346) Old regions: 73->73
[203.463s][info][gc,heap     ] GC(346) Humongous regions: 1->1
[203.463s][info][gc,metaspace] GC(346) Metaspace: 41836K(42304K)->41836K(42304K) NonClass: 37506K(37760K)->37506K(37760K) Class: 4330K(4544K)->4330K(4544K)
[203.463s][info][gc          ] GC(346) Pause Young (Prepare Mixed) (G1 Evacuation Pause) 231M->76M(264M) 3.455ms
[203.463s][info][gc,cpu      ] GC(346) User=0.00s Sys=0.00s Real=0.01s
[203.761s][info][gc,start    ] GC(347) Pause Young (Mixed) (G1 Evacuation Pause)
[203.762s][info][gc,task     ] GC(347) Using 2 workers of 2 for evacuation
[203.779s][info][gc,phases   ] GC(347)   Pre Evacuate Collection Set: 0.18ms
[203.779s][info][gc,phases   ] GC(347)   Merge Heap Roots: 0.31ms
[203.779s][info][gc,phases   ] GC(347)   Evacuate Collection Set: 15.97ms
[203.779s][info][gc,phases   ] GC(347)   Post Evacuate Collection Set: 0.60ms
[203.779s][info][gc,phases   ] GC(347)   Other: 0.08ms
[203.779s][info][gc,heap     ] GC(347) Eden regions: 155->0(153)
[203.779s][info][gc,heap     ] GC(347) Survivor regions: 3->5(20)
[203.779s][info][gc,heap     ] GC(347) Old regions: 73->56
[203.779s][info][gc,heap     ] GC(347) Humongous regions: 1->1
[203.779s][info][gc,metaspace] GC(347) Metaspace: 41836K(42304K)->41836K(42304K) NonClass: 37506K(37760K)->37506K(37760K) Class: 4330K(4544K)->4330K(4544K)
[203.779s][info][gc          ] GC(347) Pause Young (Mixed) (G1 Evacuation Pause) 231M->61M(264M) 17.346ms
[203.779s][info][gc,cpu      ] GC(347) User=0.04s Sys=0.00s Real=0.02s
[203.931s][info][gc,start    ] GC(348) Pause Young (Concurrent Start) (G1 Humongous Allocation)
[203.931s][info][gc,task     ] GC(348) Using 2 workers of 2 for evacuation
[203.934s][info][gc,phases   ] GC(348)   Pre Evacuate Collection Set: 0.18ms
[203.934s][info][gc,phases   ] GC(348)   Merge Heap Roots: 0.05ms
[203.934s][info][gc,phases   ] GC(348)   Evacuate Collection Set: 2.31ms
[203.934s][info][gc,phases   ] GC(348)   Post Evacuate Collection Set: 0.37ms
[203.934s][info][gc,phases   ] GC(348)   Other: 0.09ms
[203.934s][info][gc,heap     ] GC(348) Eden regions: 71->0(155)
[203.934s][info][gc,heap     ] GC(348) Survivor regions: 5->3(20)
[203.934s][info][gc,heap     ] GC(348) Old regions: 56->56
[203.934s][info][gc,heap     ] GC(348) Humongous regions: 1->1
[203.934s][info][gc,metaspace] GC(348) Metaspace: 41836K(42304K)->41836K(42304K) NonClass: 37506K(37760K)->37506K(37760K) Class: 4330K(4544K)->4330K(4544K)
[203.934s][info][gc          ] GC(348) Pause Young (Concurrent Start) (G1 Humongous Allocation) 132M->59M(264M) 3.204ms
[203.934s][info][gc,cpu      ] GC(348) User=0.01s Sys=0.00s Real=0.01s
[203.934s][info][gc          ] GC(349) Concurrent Mark Cycle
[203.934s][info][gc,marking  ] GC(349) Concurrent Scan Root Regions
[203.936s][info][gc,marking  ] GC(349) Concurrent Scan Root Regions 2.536ms
[203.936s][info][gc,marking  ] GC(349) Concurrent Mark
[203.936s][info][gc,marking  ] GC(349) Concurrent Mark From Roots
[203.936s][info][gc,task     ] GC(349) Using 1 workers of 1 for marking
[204.016s][info][gc,marking  ] GC(349) Concurrent Mark From Roots 79.859ms
[204.016s][info][gc,marking  ] GC(349) Concurrent Preclean
[204.016s][info][gc,marking  ] GC(349) Concurrent Preclean 0.051ms
[204.016s][info][gc,start    ] GC(349) Pause Remark
[204.033s][info][gc          ] GC(349) Pause Remark 79M->78M(256M) 16.702ms
[204.033s][info][gc,cpu      ] GC(349) User=0.03s Sys=0.00s Real=0.02s
[204.033s][info][gc,marking  ] GC(349) Concurrent Mark 96.951ms
[204.033s][info][gc,marking  ] GC(349) Concurrent Rebuild Remembered Sets and Scrub Regions
[204.080s][info][gc,marking  ] GC(349) Concurrent Rebuild Remembered Sets and Scrub Regions 46.505ms
[204.080s][info][gc,start    ] GC(349) Pause Cleanup
[204.080s][info][gc          ] GC(349) Pause Cleanup 90M->90M(256M) 0.054ms
[204.080s][info][gc,cpu      ] GC(349) User=0.00s Sys=0.00s Real=0.00s
[204.080s][info][gc,marking  ] GC(349) Concurrent Clear Claimed Marks
[204.080s][info][gc,marking  ] GC(349) Concurrent Clear Claimed Marks 0.062ms
[204.080s][info][gc,marking  ] GC(349) Concurrent Cleanup for Next Mark
[204.081s][info][gc,marking  ] GC(349) Concurrent Cleanup for Next Mark 0.765ms
[204.081s][info][gc          ] GC(349) Concurrent Mark Cycle 147.283ms
[204.494s][info][gc,start    ] GC(350) Pause Young (Prepare Mixed) (G1 Evacuation Pause)
[204.495s][info][gc,task     ] GC(350) Using 2 workers of 2 for evacuation
[204.506s][info][gc,phases   ] GC(350)   Pre Evacuate Collection Set: 0.22ms
[204.506s][info][gc,phases   ] GC(350)   Merge Heap Roots: 0.07ms
[204.506s][info][gc,phases   ] GC(350)   Evacuate Collection Set: 10.21ms
[204.506s][info][gc,phases   ] GC(350)   Post Evacuate Collection Set: 1.04ms
[204.506s][info][gc,phases   ] GC(350)   Other: 0.08ms
[204.506s][info][gc,heap     ] GC(350) Eden regions: 71->0(192)
[204.506s][info][gc,heap     ] GC(350) Survivor regions: 3->8(23)
[204.506s][info][gc,heap     ] GC(350) Old regions: 55->55
[204.506s][info][gc,heap     ] GC(350) Humongous regions: 197->3
[204.506s][info][gc,metaspace] GC(350) Metaspace: 41854K(42368K)->41854K(42368K) NonClass: 37523K(37824K)->37523K(37824K) Class: 4330K(4544K)->4330K(4544K)
[204.506s][info][gc          ] GC(350) Pause Young (Prepare Mixed) (G1 Evacuation Pause) 325M->65M(334M) 11.886ms
[204.506s][info][gc,cpu      ] GC(350) User=0.02s Sys=0.01s Real=0.01s
[205.038s][info][gc,start    ] GC(351) Pause Young (Mixed) (G1 Evacuation Pause)
[205.038s][info][gc,task     ] GC(351) Using 2 workers of 2 for evacuation
[205.054s][info][gc,phases   ] GC(351)   Pre Evacuate Collection Set: 0.25ms
[205.054s][info][gc,phases   ] GC(351)   Merge Heap Roots: 0.07ms
[205.054s][info][gc,phases   ] GC(351)   Evacuate Collection Set: 14.21ms
[205.054s][info][gc,phases   ] GC(351)   Post Evacuate Collection Set: 0.93ms
[205.054s][info][gc,phases   ] GC(351)   Other: 0.08ms
[205.054s][info][gc,heap     ] GC(351) Eden regions: 48->0(247)
[205.054s][info][gc,heap     ] GC(351) Survivor regions: 8->10(30)
[205.054s][info][gc,heap     ] GC(351) Old regions: 55->52
[205.054s][info][gc,heap     ] GC(351) Humongous regions: 307->3
[205.054s][info][gc,metaspace] GC(351) Metaspace: 41854K(42368K)->41854K(42368K) NonClass: 37523K(37824K)->37523K(37824K) Class: 4330K(4544K)->4330K(4544K)
[205.054s][info][gc          ] GC(351) Pause Young (Mixed) (G1 Evacuation Pause) 417M->64M(429M) 15.768ms
[205.054s][info][gc,cpu      ] GC(351) User=0.02s Sys=0.01s Real=0.02s
[205.137s][info][gc,start    ] GC(352) Pause Young (Concurrent Start) (G1 Humongous Allocation)
[205.138s][info][gc,task     ] GC(352) Using 2 workers of 2 for evacuation
[205.148s][info][gc,phases   ] GC(352)   Pre Evacuate Collection Set: 0.25ms
[205.148s][info][gc,phases   ] GC(352)   Merge Heap Roots: 0.06ms
[205.148s][info][gc,phases   ] GC(352)   Evacuate Collection Set: 10.03ms
[205.149s][info][gc,phases   ] GC(352)   Post Evacuate Collection Set: 0.42ms
[205.149s][info][gc,phases   ] GC(352)   Other: 0.12ms
[205.149s][info][gc,heap     ] GC(352) Eden regions: 9->0(245)
[205.149s][info][gc,heap     ] GC(352) Survivor regions: 10->12(33)
[205.149s][info][gc,heap     ] GC(352) Old regions: 52->52
[205.149s][info][gc,heap     ] GC(352) Humongous regions: 51->1
[205.149s][info][gc,metaspace] GC(352) Metaspace: 41854K(42368K)->41854K(42368K) NonClass: 37523K(37824K)->37523K(37824K) Class: 4330K(4544K)->4330K(4544K)
[205.149s][info][gc          ] GC(352) Pause Young (Concurrent Start) (G1 Humongous Allocation) 121M->64M(429M) 11.092ms
[205.149s][info][gc          ] GC(353) Concurrent Undo Cycle
[205.149s][info][gc,marking  ] GC(353) Concurrent Clear Claimed Marks
[205.149s][info][gc,marking  ] GC(353) Concurrent Clear Claimed Marks 0.059ms
[205.149s][info][gc,marking  ] GC(353) Concurrent Cleanup for Next Mark
[205.149s][info][gc,cpu      ] GC(352) User=0.02s Sys=0.00s Real=0.01s
[205.149s][info][gc,marking  ] GC(353) Concurrent Cleanup for Next Mark 0.149ms
[205.149s][info][gc          ] GC(353) Concurrent Undo Cycle 0.248ms
[205.156s][info][gc,start    ] GC(354) Pause Young (Concurrent Start) (G1 Humongous Allocation)
[205.156s][info][gc,task     ] GC(354) Using 2 workers of 2 for evacuation
[205.167s][info][gc,phases   ] GC(354)   Pre Evacuate Collection Set: 0.23ms
[205.167s][info][gc,phases   ] GC(354)   Merge Heap Roots: 0.07ms
[205.167s][info][gc,phases   ] GC(354)   Evacuate Collection Set: 9.78ms
[205.167s][info][gc,phases   ] GC(354)   Post Evacuate Collection Set: 0.66ms
[205.167s][info][gc,phases   ] GC(354)   Other: 0.11ms
[205.167s][info][gc,heap     ] GC(354) Eden regions: 1->0(245)
[205.167s][info][gc,heap     ] GC(354) Survivor regions: 12->12(33)
[205.167s][info][gc,heap     ] GC(354) Old regions: 52->52
[205.167s][info][gc,heap     ] GC(354) Humongous regions: 3->1
[205.167s][info][gc,metaspace] GC(354) Metaspace: 41854K(42368K)->41854K(42368K) NonClass: 37523K(37824K)->37523K(37824K) Class: 4330K(4544K)->4330K(4544K)
[205.167s][info][gc          ] GC(354) Pause Young (Concurrent Start) (G1 Humongous Allocation) 66M->64M(429M) 11.042ms
[205.167s][info][gc          ] GC(355) Concurrent Mark Cycle
[205.167s][info][gc,marking  ] GC(355) Concurrent Scan Root Regions
[205.169s][info][gc,cpu      ] GC(354) User=0.02s Sys=0.00s Real=0.01s
[205.174s][info][gc,marking  ] GC(355) Concurrent Scan Root Regions 7.265ms
[205.174s][info][gc,marking  ] GC(355) Concurrent Mark
[205.174s][info][gc,marking  ] GC(355) Concurrent Mark From Roots
[205.174s][info][gc,task     ] GC(355) Using 1 workers of 1 for marking
[205.282s][info][gc,marking  ] GC(355) Concurrent Mark From Roots 107.433ms
[205.282s][info][gc,marking  ] GC(355) Concurrent Preclean
[205.282s][info][gc,marking  ] GC(355) Concurrent Preclean 0.070ms
[205.282s][info][gc,start    ] GC(355) Pause Remark
[205.303s][info][gc          ] GC(355) Pause Remark 138M->138M(429M) 20.348ms
[205.303s][info][gc,cpu      ] GC(355) User=0.04s Sys=0.00s Real=0.03s
[205.303s][info][gc,marking  ] GC(355) Concurrent Mark 128.365ms
[205.303s][info][gc,marking  ] GC(355) Concurrent Rebuild Remembered Sets and Scrub Regions
[205.379s][info][gc,marking  ] GC(355) Concurrent Rebuild Remembered Sets and Scrub Regions 76.558ms
[205.381s][info][gc,start    ] GC(355) Pause Cleanup
[205.381s][info][gc          ] GC(355) Pause Cleanup 175M->175M(429M) 0.097ms
[205.381s][info][gc,cpu      ] GC(355) User=0.00s Sys=0.00s Real=0.00s
[205.382s][info][gc,marking  ] GC(355) Concurrent Clear Claimed Marks
[205.382s][info][gc,marking  ] GC(355) Concurrent Clear Claimed Marks 0.064ms
[205.382s][info][gc,marking  ] GC(355) Concurrent Cleanup for Next Mark
[205.387s][info][gc,marking  ] GC(355) Concurrent Cleanup for Next Mark 4.948ms
[205.387s][info][gc          ] GC(355) Concurrent Mark Cycle 219.654ms
[205.885s][info][gc,start    ] GC(356) Pause Young (Prepare Mixed) (G1 Evacuation Pause)
[205.885s][info][gc,task     ] GC(356) Using 2 workers of 2 for evacuation
[205.915s][info][gc,phases   ] GC(356)   Pre Evacuate Collection Set: 0.31ms
[205.915s][info][gc,phases   ] GC(356)   Merge Heap Roots: 0.07ms
[205.915s][info][gc,phases   ] GC(356)   Evacuate Collection Set: 28.23ms
[205.915s][info][gc,phases   ] GC(356)   Post Evacuate Collection Set: 1.27ms
[205.915s][info][gc,phases   ] GC(356)   Other: 0.08ms
[205.915s][info][gc,heap     ] GC(356) Eden regions: 66->0(288)
[205.915s][info][gc,heap     ] GC(356) Survivor regions: 12->21(37)
[205.915s][info][gc,heap     ] GC(356) Old regions: 52->52
[205.915s][info][gc,heap     ] GC(356) Humongous regions: 365->1
[205.915s][info][gc,metaspace] GC(356) Metaspace: 41856K(42368K)->41856K(42368K) NonClass: 37526K(37824K)->37526K(37824K) Class: 4330K(4544K)->4330K(4544K)
[205.915s][info][gc          ] GC(356) Pause Young (Prepare Mixed) (G1 Evacuation Pause) 494M->73M(516M) 30.221ms
[205.915s][info][gc,cpu      ] GC(356) User=0.05s Sys=0.01s Real=0.03s
[206.681s][info][gc,start    ] GC(357) Pause Young (Mixed) (G1 Evacuation Pause)
[206.681s][info][gc,task     ] GC(357) Using 2 workers of 2 for evacuation
[206.736s][info][gc,phases   ] GC(357)   Pre Evacuate Collection Set: 0.35ms
[206.737s][info][gc,phases   ] GC(357)   Merge Heap Roots: 0.09ms
[206.737s][info][gc,phases   ] GC(357)   Evacuate Collection Set: 53.67ms
[206.737s][info][gc,phases   ] GC(357)   Post Evacuate Collection Set: 0.94ms
[206.737s][info][gc,phases   ] GC(357)   Other: 0.08ms
[206.737s][info][gc,heap     ] GC(357) Eden regions: 82->0(320)
[206.737s][info][gc,heap     ] GC(357) Survivor regions: 21->33(40)
[206.737s][info][gc,heap     ] GC(357) Old regions: 52->50
[206.737s][info][gc,heap     ] GC(357) Humongous regions: 399->3
[206.737s][info][gc,metaspace] GC(357) Metaspace: 41859K(42368K)->41859K(42368K) NonClass: 37529K(37824K)->37529K(37824K) Class: 4330K(4544K)->4330K(4544K)
[206.737s][info][gc          ] GC(357) Pause Young (Mixed) (G1 Evacuation Pause) 553M->84M(589M) 55.348ms
[206.737s][info][gc,cpu      ] GC(357) User=0.08s Sys=0.03s Real=0.06s
[207.862s][info][gc,start    ] GC(358) Pause Young (Normal) (G1 Evacuation Pause)
[207.862s][info][gc,task     ] GC(358) Using 2 workers of 2 for evacuation
[207.873s][info][gc,phases   ] GC(358)   Pre Evacuate Collection Set: 0.26ms
[207.873s][info][gc,phases   ] GC(358)   Merge Heap Roots: 0.12ms
[207.873s][info][gc,phases   ] GC(358)   Evacuate Collection Set: 10.03ms
[207.873s][info][gc,phases   ] GC(358)   Post Evacuate Collection Set: 1.03ms
[207.873s][info][gc,phases   ] GC(358)   Other: 0.08ms
[207.873s][info][gc,heap     ] GC(358) Eden regions: 320->0(345)
[207.873s][info][gc,heap     ] GC(358) Survivor regions: 33->8(45)
[207.873s][info][gc,heap     ] GC(358) Old regions: 50->53
[207.873s][info][gc,heap     ] GC(358) Humongous regions: 75->1
[207.873s][info][gc,metaspace] GC(358) Metaspace: 41949K(42432K)->41949K(42432K) NonClass: 37618K(37888K)->37618K(37888K) Class: 4330K(4544K)->4330K(4544K)
[207.873s][info][gc          ] GC(358) Pause Young (Normal) (G1 Evacuation Pause) 476M->61M(589M) 11.776ms
[207.873s][info][gc,cpu      ] GC(358) User=0.02s Sys=0.01s Real=0.02s
[208.815s][info][gc,start    ] GC(359) Pause Young (Normal) (G1 Evacuation Pause)
[208.815s][info][gc,task     ] GC(359) Using 2 workers of 2 for evacuation
[208.826s][info][gc,phases   ] GC(359)   Pre Evacuate Collection Set: 0.45ms
[208.827s][info][gc,phases   ] GC(359)   Merge Heap Roots: 0.13ms
[208.827s][info][gc,phases   ] GC(359)   Evacuate Collection Set: 10.09ms
[208.827s][info][gc,phases   ] GC(359)   Post Evacuate Collection Set: 0.76ms
[208.827s][info][gc,phases   ] GC(359)   Other: 0.09ms
[208.827s][info][gc,heap     ] GC(359) Eden regions: 345->0(343)
[208.827s][info][gc,heap     ] GC(359) Survivor regions: 8->10(45)
[208.827s][info][gc,heap     ] GC(359) Old regions: 53->53
[208.827s][info][gc,heap     ] GC(359) Humongous regions: 1->1
[208.827s][info][gc,metaspace] GC(359) Metaspace: 41956K(42432K)->41956K(42432K) NonClass: 37626K(37888K)->37626K(37888K) Class: 4330K(4544K)->4330K(4544K)
[208.827s][info][gc          ] GC(359) Pause Young (Normal) (G1 Evacuation Pause) 406M->63M(589M) 11.747ms
[208.827s][info][gc,cpu      ] GC(359) User=0.02s Sys=0.00s Real=0.01s
[209.833s][info][gc,start    ] GC(360) Pause Young (Normal) (G1 Evacuation Pause)
[209.833s][info][gc,task     ] GC(360) Using 2 workers of 2 for evacuation
[209.839s][info][gc,phases   ] GC(360)   Pre Evacuate Collection Set: 0.25ms
[209.839s][info][gc,phases   ] GC(360)   Merge Heap Roots: 0.10ms
[209.839s][info][gc,phases   ] GC(360)   Evacuate Collection Set: 4.85ms
[209.839s][info][gc,phases   ] GC(360)   Post Evacuate Collection Set: 0.69ms
[209.839s][info][gc,phases   ] GC(360)   Other: 0.09ms
[209.839s][info][gc,heap     ] GC(360) Eden regions: 343->0(344)
[209.839s][info][gc,heap     ] GC(360) Survivor regions: 10->9(45)
[209.839s][info][gc,heap     ] GC(360) Old regions: 53->53
[209.839s][info][gc,heap     ] GC(360) Humongous regions: 1->1
[209.839s][info][gc,metaspace] GC(360) Metaspace: 41964K(42432K)->41964K(42432K) NonClass: 37634K(37888K)->37634K(37888K) Class: 4330K(4544K)->4330K(4544K)
[209.839s][info][gc          ] GC(360) Pause Young (Normal) (G1 Evacuation Pause) 406M->62M(589M) 6.273ms
[209.839s][info][gc,cpu      ] GC(360) User=0.01s Sys=0.00s Real=0.00s
[211.568s][info][gc,start    ] GC(361) Pause Young (Normal) (G1 Evacuation Pause)
[211.568s][info][gc,task     ] GC(361) Using 2 workers of 2 for evacuation
[211.576s][info][gc,phases   ] GC(361)   Pre Evacuate Collection Set: 0.24ms
[211.576s][info][gc,phases   ] GC(361)   Merge Heap Roots: 0.11ms
[211.576s][info][gc,phases   ] GC(361)   Evacuate Collection Set: 5.96ms
[211.576s][info][gc,phases   ] GC(361)   Post Evacuate Collection Set: 0.89ms
[211.576s][info][gc,phases   ] GC(361)   Other: 0.13ms
[211.576s][info][gc,heap     ] GC(361) Eden regions: 344->0(347)
[211.576s][info][gc,heap     ] GC(361) Survivor regions: 9->6(45)
[211.576s][info][gc,heap     ] GC(361) Old regions: 53->53
[211.576s][info][gc,heap     ] GC(361) Humongous regions: 3->1
[211.576s][info][gc,metaspace] GC(361) Metaspace: 42013K(42496K)->42013K(42496K) NonClass: 37681K(37952K)->37681K(37952K) Class: 4331K(4544K)->4331K(4544K)
[211.576s][info][gc          ] GC(361) Pause Young (Normal) (G1 Evacuation Pause) 408M->59M(589M) 7.541ms
[211.576s][info][gc,cpu      ] GC(361) User=0.01s Sys=0.00s Real=0.01s
[213.018s][info][gc,start    ] GC(362) Pause Young (Normal) (G1 Evacuation Pause)
[213.019s][info][gc,task     ] GC(362) Using 2 workers of 2 for evacuation
[213.066s][info][gc,phases   ] GC(362)   Pre Evacuate Collection Set: 0.28ms
[213.066s][info][gc,phases   ] GC(362)   Merge Heap Roots: 0.14ms
[213.066s][info][gc,phases   ] GC(362)   Evacuate Collection Set: 46.02ms
[213.066s][info][gc,phases   ] GC(362)   Post Evacuate Collection Set: 0.88ms
[213.066s][info][gc,phases   ] GC(362)   Other: 0.11ms
[213.066s][info][gc,heap     ] GC(362) Eden regions: 347->0(313)
[213.066s][info][gc,heap     ] GC(362) Survivor regions: 6->40(45)
[213.066s][info][gc,heap     ] GC(362) Old regions: 53->53
[213.066s][info][gc,heap     ] GC(362) Humongous regions: 12->4
[213.066s][info][gc,metaspace] GC(362) Metaspace: 42054K(42496K)->42054K(42496K) NonClass: 37722K(37952K)->37722K(37952K) Class: 4332K(4544K)->4332K(4544K)
[213.066s][info][gc          ] GC(362) Pause Young (Normal) (G1 Evacuation Pause) 417M->95M(589M) 47.645ms
[213.066s][info][gc,cpu      ] GC(362) User=0.09s Sys=0.00s Real=0.05s
[214.030s][info][gc,start    ] GC(363) Pause Young (Normal) (G1 Evacuation Pause)
[214.030s][info][gc,task     ] GC(363) Using 2 workers of 2 for evacuation
[214.114s][info][gc,phases   ] GC(363)   Pre Evacuate Collection Set: 0.27ms
[214.114s][info][gc,phases   ] GC(363)   Merge Heap Roots: 0.17ms
[214.114s][info][gc,phases   ] GC(363)   Evacuate Collection Set: 82.90ms
[214.114s][info][gc,phases   ] GC(363)   Post Evacuate Collection Set: 0.69ms
[214.114s][info][gc,phases   ] GC(363)   Other: 0.11ms
[214.114s][info][gc,heap     ] GC(363) Eden regions: 313->0(320)
[214.114s][info][gc,heap     ] GC(363) Survivor regions: 40->33(45)
[214.114s][info][gc,heap     ] GC(363) Old regions: 53->91
[214.114s][info][gc,heap     ] GC(363) Humongous regions: 6->6
[214.114s][info][gc,metaspace] GC(363) Metaspace: 42056K(42496K)->42056K(42496K) NonClass: 37723K(37952K)->37723K(37952K) Class: 4332K(4544K)->4332K(4544K)
[214.114s][info][gc          ] GC(363) Pause Young (Normal) (G1 Evacuation Pause) 410M->130M(589M) 84.343ms
[214.114s][info][gc,cpu      ] GC(363) User=0.17s Sys=0.00s Real=0.09s
[218.362s][info][gc,start    ] GC(364) Pause Young (Normal) (G1 Evacuation Pause)
[218.362s][info][gc,task     ] GC(364) Using 2 workers of 2 for evacuation
[218.437s][info][gc,phases   ] GC(364)   Pre Evacuate Collection Set: 0.28ms
[218.437s][info][gc,phases   ] GC(364)   Merge Heap Roots: 0.17ms
[218.437s][info][gc,phases   ] GC(364)   Evacuate Collection Set: 73.75ms
[218.437s][info][gc,phases   ] GC(364)   Post Evacuate Collection Set: 0.64ms
[218.437s][info][gc,phases   ] GC(364)   Other: 0.11ms
[218.437s][info][gc,heap     ] GC(364) Eden regions: 320->0(331)
[218.437s][info][gc,heap     ] GC(364) Survivor regions: 33->22(45)
[218.437s][info][gc,heap     ] GC(364) Old regions: 91->125
[218.437s][info][gc,heap     ] GC(364) Humongous regions: 12->8
[218.437s][info][gc,metaspace] GC(364) Metaspace: 42109K(42560K)->42109K(42560K) NonClass: 37777K(38016K)->37777K(38016K) Class: 4332K(4544K)->4332K(4544K)
[218.437s][info][gc          ] GC(364) Pause Young (Normal) (G1 Evacuation Pause) (Evacuation Failure: Pinned) 456M->155M(589M) 75.204ms
[218.437s][info][gc,cpu      ] GC(364) User=0.15s Sys=0.01s Real=0.08s
[218.826s][info][gc,start    ] GC(365) Pause Young (Concurrent Start) (G1 Humongous Allocation)
[218.826s][info][gc,task     ] GC(365) Using 2 workers of 2 for evacuation
[218.856s][info][gc,phases   ] GC(365)   Pre Evacuate Collection Set: 0.28ms
[218.856s][info][gc,phases   ] GC(365)   Merge Heap Roots: 0.13ms
[218.856s][info][gc,phases   ] GC(365)   Evacuate Collection Set: 28.81ms
[218.856s][info][gc,phases   ] GC(365)   Post Evacuate Collection Set: 0.51ms
[218.856s][info][gc,phases   ] GC(365)   Other: 0.62ms
[218.856s][info][gc,heap     ] GC(365) Eden regions: 75->0(330)
[218.856s][info][gc,heap     ] GC(365) Survivor regions: 22->23(45)
[218.856s][info][gc,heap     ] GC(365) Old regions: 125->125
[218.856s][info][gc,heap     ] GC(365) Humongous regions: 8->8
[218.856s][info][gc,metaspace] GC(365) Metaspace: 42128K(42560K)->42128K(42560K) NonClass: 37796K(38016K)->37796K(38016K) Class: 4332K(4544K)->4332K(4544K)
[218.856s][info][gc          ] GC(365) Pause Young (Concurrent Start) (G1 Humongous Allocation) 229M->155M(589M) 30.563ms
[218.856s][info][gc,cpu      ] GC(365) User=0.06s Sys=0.00s Real=0.03s
[218.856s][info][gc          ] GC(366) Concurrent Mark Cycle
[218.858s][info][gc,marking  ] GC(366) Concurrent Scan Root Regions
[218.940s][info][gc,marking  ] GC(366) Concurrent Scan Root Regions 81.768ms
[218.940s][info][gc,marking  ] GC(366) Concurrent Mark
[218.940s][info][gc,marking  ] GC(366) Concurrent Mark From Roots
[218.940s][info][gc,task     ] GC(366) Using 1 workers of 1 for marking
[219.232s][info][gc,marking  ] GC(366) Concurrent Mark From Roots 291.977ms
[219.232s][info][gc,marking  ] GC(366) Concurrent Preclean
[219.232s][info][gc,marking  ] GC(366) Concurrent Preclean 0.276ms
[219.232s][info][gc,start    ] GC(366) Pause Remark
[219.252s][info][gc          ] GC(366) Pause Remark 235M->213M(454M) 19.552ms
[219.252s][info][gc,cpu      ] GC(366) User=0.03s Sys=0.00s Real=0.01s
[219.252s][info][gc,marking  ] GC(366) Concurrent Mark 312.132ms
[219.252s][info][gc,marking  ] GC(366) Concurrent Rebuild Remembered Sets and Scrub Regions
[219.362s][info][gc,marking  ] GC(366) Concurrent Rebuild Remembered Sets and Scrub Regions 109.905ms
[219.372s][info][gc,start    ] GC(366) Pause Cleanup
[219.372s][info][gc          ] GC(366) Pause Cleanup 243M->243M(454M) 0.138ms
[219.372s][info][gc,cpu      ] GC(366) User=0.00s Sys=0.00s Real=0.01s
[219.372s][info][gc,marking  ] GC(366) Concurrent Clear Claimed Marks
[219.372s][info][gc,marking  ] GC(366) Concurrent Clear Claimed Marks 0.073ms
[219.372s][info][gc,marking  ] GC(366) Concurrent Cleanup for Next Mark
[219.375s][info][gc,marking  ] GC(366) Concurrent Cleanup for Next Mark 2.382ms
[219.375s][info][gc          ] GC(366) Concurrent Mark Cycle 518.703ms
[219.854s][info][gc,start    ] GC(367) Pause Young (Prepare Mixed) (G1 Evacuation Pause)
[219.854s][info][gc,task     ] GC(367) Using 2 workers of 2 for evacuation
[219.890s][info][gc,phases   ] GC(367)   Pre Evacuate Collection Set: 0.22ms
[219.890s][info][gc,phases   ] GC(367)   Merge Heap Roots: 0.14ms
[219.891s][info][gc,phases   ] GC(367)   Evacuate Collection Set: 35.64ms
[219.891s][info][gc,phases   ] GC(367)   Post Evacuate Collection Set: 0.62ms
[219.891s][info][gc,phases   ] GC(367)   Other: 0.11ms
[219.891s][info][gc,heap     ] GC(367) Eden regions: 249->0(243)
[219.891s][info][gc,heap     ] GC(367) Survivor regions: 23->29(34)
[219.891s][info][gc,heap     ] GC(367) Old regions: 110->113
[219.891s][info][gc,heap     ] GC(367) Humongous regions: 4->4
[219.891s][info][gc,metaspace] GC(367) Metaspace: 42133K(42560K)->42133K(42560K) NonClass: 37800K(38016K)->37800K(38016K) Class: 4332K(4544K)->4332K(4544K)
[219.891s][info][gc          ] GC(367) Pause Young (Prepare Mixed) (G1 Evacuation Pause) 385M->145M(454M) 36.992ms
[219.891s][info][gc,cpu      ] GC(367) User=0.07s Sys=0.00s Real=0.03s
[220.592s][info][gc,start    ] GC(368) Pause Young (Mixed) (G1 Evacuation Pause)
[220.592s][info][gc,task     ] GC(368) Using 2 workers of 2 for evacuation
[220.668s][info][gc,phases   ] GC(368)   Pre Evacuate Collection Set: 0.22ms
[220.668s][info][gc,phases   ] GC(368)   Merge Heap Roots: 0.12ms
[220.668s][info][gc,phases   ] GC(368)   Evacuate Collection Set: 74.84ms
[220.668s][info][gc,phases   ] GC(368)   Post Evacuate Collection Set: 0.64ms
[220.668s][info][gc,phases   ] GC(368)   Other: 0.09ms
[220.668s][info][gc,heap     ] GC(368) Eden regions: 243->0(228)
[220.668s][info][gc,heap     ] GC(368) Survivor regions: 29->29(34)
[220.668s][info][gc,heap     ] GC(368) Old regions: 113->135
[220.668s][info][gc,heap     ] GC(368) Humongous regions: 6->6
[220.668s][info][gc,metaspace] GC(368) Metaspace: 42133K(42560K)->42133K(42560K) NonClass: 37800K(38016K)->37800K(38016K) Class: 4332K(4544K)->4332K(4544K)
[220.668s][info][gc          ] GC(368) Pause Young (Mixed) (G1 Evacuation Pause) 390M->169M(454M) 76.135ms
[220.671s][info][gc,cpu      ] GC(368) User=0.15s Sys=0.00s Real=0.08s
[220.861s][info][gc,start    ] GC(369) Pause Young (Concurrent Start) (G1 Humongous Allocation)
[220.861s][info][gc,task     ] GC(369) Using 2 workers of 2 for evacuation
[220.902s][info][gc,phases   ] GC(369)   Pre Evacuate Collection Set: 0.23ms
[220.902s][info][gc,phases   ] GC(369)   Merge Heap Roots: 0.12ms
[220.902s][info][gc,phases   ] GC(369)   Evacuate Collection Set: 39.37ms
[220.902s][info][gc,phases   ] GC(369)   Post Evacuate Collection Set: 0.48ms
[220.902s][info][gc,phases   ] GC(369)   Other: 0.21ms
[220.902s][info][gc,heap     ] GC(369) Eden regions: 61->0(225)
[220.902s][info][gc,heap     ] GC(369) Survivor regions: 29->8(33)
[220.902s][info][gc,heap     ] GC(369) Old regions: 135->164
[220.902s][info][gc,heap     ] GC(369) Humongous regions: 6->6
[220.902s][info][gc,metaspace] GC(369) Metaspace: 42133K(42560K)->42133K(42560K) NonClass: 37800K(38016K)->37800K(38016K) Class: 4332K(4544K)->4332K(4544K)
[220.902s][info][gc          ] GC(369) Pause Young (Concurrent Start) (G1 Humongous Allocation) 230M->177M(454M) 40.676ms
[220.902s][info][gc          ] GC(370) Concurrent Mark Cycle
[220.902s][info][gc,marking  ] GC(370) Concurrent Scan Root Regions
[220.902s][info][gc,cpu      ] GC(369) User=0.08s Sys=0.00s Real=0.04s
[220.934s][info][gc,marking  ] GC(370) Concurrent Scan Root Regions 32.325ms
[220.934s][info][gc,marking  ] GC(370) Concurrent Mark
[220.934s][info][gc,marking  ] GC(370) Concurrent Mark From Roots
[220.934s][info][gc,task     ] GC(370) Using 1 workers of 1 for marking
[221.008s][info][gc,marking  ] GC(370) Concurrent Mark From Roots 73.681ms
[221.008s][info][gc,marking  ] GC(370) Concurrent Preclean
[221.008s][info][gc,marking  ] GC(370) Concurrent Preclean 0.043ms
[221.008s][info][gc,start    ] GC(370) Pause Remark
[221.032s][info][gc          ] GC(370) Pause Remark 203M->141M(400M) 23.665ms
[221.032s][info][gc,cpu      ] GC(370) User=0.05s Sys=0.00s Real=0.02s
[221.034s][info][gc,marking  ] GC(370) Concurrent Mark 99.923ms
[221.034s][info][gc,marking  ] GC(370) Concurrent Rebuild Remembered Sets and Scrub Regions
[221.095s][info][gc,marking  ] GC(370) Concurrent Rebuild Remembered Sets and Scrub Regions 60.674ms
[221.095s][info][gc,start    ] GC(370) Pause Cleanup
[221.095s][info][gc          ] GC(370) Pause Cleanup 165M->165M(400M) 0.069ms
[221.095s][info][gc,cpu      ] GC(370) User=0.00s Sys=0.00s Real=0.00s
[221.095s][info][gc,marking  ] GC(370) Concurrent Clear Claimed Marks
[221.095s][info][gc,marking  ] GC(370) Concurrent Clear Claimed Marks 0.044ms
[221.095s][info][gc,marking  ] GC(370) Concurrent Cleanup for Next Mark
[221.097s][info][gc,marking  ] GC(370) Concurrent Cleanup for Next Mark 1.257ms
[221.097s][info][gc          ] GC(370) Concurrent Mark Cycle 194.718ms
[222.740s][info][gc,start    ] GC(371) Pause Young (Prepare Mixed) (G1 Evacuation Pause)
[222.740s][info][gc,task     ] GC(371) Using 2 workers of 2 for evacuation
[222.791s][info][gc,phases   ] GC(371)   Pre Evacuate Collection Set: 0.21ms
[222.791s][info][gc,phases   ] GC(371)   Merge Heap Roots: 0.18ms
[222.791s][info][gc,phases   ] GC(371)   Evacuate Collection Set: 50.46ms
[222.791s][info][gc,phases   ] GC(371)   Post Evacuate Collection Set: 0.57ms
[222.791s][info][gc,phases   ] GC(371)   Other: 0.08ms
[222.791s][info][gc,heap     ] GC(371) Eden regions: 225->0(201)
[222.791s][info][gc,heap     ] GC(371) Survivor regions: 8->30(30)
[222.791s][info][gc,heap     ] GC(371) Old regions: 103->104
[222.791s][info][gc,heap     ] GC(371) Humongous regions: 17->15
[222.791s][info][gc,metaspace] GC(371) Metaspace: 42133K(42560K)->42133K(42560K) NonClass: 37800K(38016K)->37800K(38016K) Class: 4332K(4544K)->4332K(4544K)
[222.791s][info][gc          ] GC(371) Pause Young (Prepare Mixed) (G1 Evacuation Pause) 352M->148M(400M) 51.725ms
[222.791s][info][gc,cpu      ] GC(371) User=0.11s Sys=0.00s Real=0.05s
[223.852s][info][gc,start    ] GC(372) Pause Young (Mixed) (G1 Evacuation Pause)
[223.852s][info][gc,task     ] GC(372) Using 2 workers of 2 for evacuation
[223.911s][info][gc,phases   ] GC(372)   Pre Evacuate Collection Set: 0.34ms
[223.911s][info][gc,phases   ] GC(372)   Merge Heap Roots: 0.21ms
[223.911s][info][gc,phases   ] GC(372)   Evacuate Collection Set: 57.92ms
[223.911s][info][gc,phases   ] GC(372)   Post Evacuate Collection Set: 0.52ms
[223.911s][info][gc,phases   ] GC(372)   Other: 0.09ms
[223.911s][info][gc,heap     ] GC(372) Eden regions: 201->0(201)
[223.911s][info][gc,heap     ] GC(372) Survivor regions: 30->12(29)
[223.911s][info][gc,heap     ] GC(372) Old regions: 104->124
[223.911s][info][gc,heap     ] GC(372) Humongous regions: 15->15
[223.911s][info][gc,metaspace] GC(372) Metaspace: 42133K(42560K)->42133K(42560K) NonClass: 37800K(38016K)->37800K(38016K) Class: 4332K(4544K)->4332K(4544K)
[223.911s][info][gc          ] GC(372) Pause Young (Mixed) (G1 Evacuation Pause) 349M->149M(400M) 59.349ms
[223.911s][info][gc,cpu      ] GC(372) User=0.12s Sys=0.00s Real=0.06s
[225.334s][info][gc,start    ] GC(373) Pause Young (Concurrent Start) (G1 Evacuation Pause)
[225.334s][info][gc,task     ] GC(373) Using 2 workers of 2 for evacuation
[225.364s][info][gc,phases   ] GC(373)   Pre Evacuate Collection Set: 0.24ms
[225.364s][info][gc,phases   ] GC(373)   Merge Heap Roots: 0.09ms
[225.364s][info][gc,phases   ] GC(373)   Evacuate Collection Set: 28.86ms
[225.364s][info][gc,phases   ] GC(373)   Post Evacuate Collection Set: 0.54ms
[225.364s][info][gc,phases   ] GC(373)   Other: 0.11ms
[225.364s][info][gc,heap     ] GC(373) Eden regions: 201->0(184)
[225.364s][info][gc,heap     ] GC(373) Survivor regions: 12->27(27)
[225.364s][info][gc,heap     ] GC(373) Old regions: 124->127
[225.364s][info][gc,heap     ] GC(373) Humongous regions: 15->15
[225.364s][info][gc,metaspace] GC(373) Metaspace: 42141K(42560K)->42141K(42560K) NonClass: 37808K(38016K)->37808K(38016K) Class: 4332K(4544K)->4332K(4544K)
[225.364s][info][gc          ] GC(373) Pause Young (Concurrent Start) (G1 Evacuation Pause) 350M->168M(400M) 30.073ms
[225.364s][info][gc          ] GC(374) Concurrent Mark Cycle
[225.364s][info][gc,marking  ] GC(374) Concurrent Scan Root Regions
[225.364s][info][gc,cpu      ] GC(373) User=0.06s Sys=0.00s Real=0.03s
[225.383s][info][gc,marking  ] GC(374) Concurrent Scan Root Regions 19.178ms
[225.383s][info][gc,marking  ] GC(374) Concurrent Mark
[225.383s][info][gc,marking  ] GC(374) Concurrent Mark From Roots
[225.383s][info][gc,task     ] GC(374) Using 1 workers of 1 for marking
[225.418s][info][gc,marking  ] GC(374) Concurrent Mark From Roots 34.714ms
[225.418s][info][gc,marking  ] GC(374) Concurrent Preclean
[225.418s][info][gc,marking  ] GC(374) Concurrent Preclean 0.062ms
[225.418s][info][gc,start    ] GC(374) Pause Remark
[225.436s][info][gc          ] GC(374) Pause Remark 176M->87M(267M) 18.547ms
[225.437s][info][gc,cpu      ] GC(374) User=0.03s Sys=0.00s Real=0.02s
[225.437s][info][gc,marking  ] GC(374) Concurrent Mark 53.749ms
[225.437s][info][gc,marking  ] GC(374) Concurrent Rebuild Remembered Sets and Scrub Regions
[225.454s][info][gc,marking  ] GC(374) Concurrent Rebuild Remembered Sets and Scrub Regions 17.186ms
[225.454s][info][gc,start    ] GC(374) Pause Cleanup
[225.454s][info][gc          ] GC(374) Pause Cleanup 87M->87M(267M) 0.058ms
[225.454s][info][gc,cpu      ] GC(374) User=0.00s Sys=0.00s Real=0.00s
[225.454s][info][gc,marking  ] GC(374) Concurrent Clear Claimed Marks
[225.454s][info][gc,marking  ] GC(374) Concurrent Clear Claimed Marks 0.060ms
[225.454s][info][gc,marking  ] GC(374) Concurrent Cleanup for Next Mark
[225.455s][info][gc,marking  ] GC(374) Concurrent Cleanup for Next Mark 0.802ms
[225.455s][info][gc          ] GC(374) Concurrent Mark Cycle 91.368ms
[226.258s][info][gc,start    ] GC(375) Pause Young (Prepare Mixed) (G1 Evacuation Pause)
[226.258s][info][gc,task     ] GC(375) Using 2 workers of 2 for evacuation
[226.279s][info][gc,phases   ] GC(375)   Pre Evacuate Collection Set: 0.18ms
[226.279s][info][gc,phases   ] GC(375)   Merge Heap Roots: 0.10ms
[226.279s][info][gc,phases   ] GC(375)   Evacuate Collection Set: 20.44ms
[226.279s][info][gc,phases   ] GC(375)   Post Evacuate Collection Set: 0.48ms
[226.279s][info][gc,phases   ] GC(375)   Other: 0.09ms
[226.279s][info][gc,heap     ] GC(375) Eden regions: 133->0(147)
[226.279s][info][gc,heap     ] GC(375) Survivor regions: 27->13(20)
[226.279s][info][gc,heap     ] GC(375) Old regions: 52->60
[226.279s][info][gc,heap     ] GC(375) Humongous regions: 1->1
[226.279s][info][gc,metaspace] GC(375) Metaspace: 42141K(42560K)->42141K(42560K) NonClass: 37808K(38016K)->37808K(38016K) Class: 4332K(4544K)->4332K(4544K)
[226.279s][info][gc          ] GC(375) Pause Young (Prepare Mixed) (G1 Evacuation Pause) 212M->73M(267M) 21.569ms
[226.279s][info][gc,cpu      ] GC(375) User=0.04s Sys=0.00s Real=0.02s
[227.389s][info][gc,start    ] GC(376) Pause Young (Mixed) (G1 Evacuation Pause)
[227.389s][info][gc,task     ] GC(376) Using 2 workers of 2 for evacuation
[227.417s][info][gc,phases   ] GC(376)   Pre Evacuate Collection Set: 0.21ms
[227.417s][info][gc,phases   ] GC(376)   Merge Heap Roots: 0.12ms
[227.417s][info][gc,phases   ] GC(376)   Evacuate Collection Set: 27.01ms
[227.417s][info][gc,phases   ] GC(376)   Post Evacuate Collection Set: 0.55ms
[227.417s][info][gc,phases   ] GC(376)   Other: 0.08ms
[227.417s][info][gc,heap     ] GC(376) Eden regions: 147->0(146)
[227.417s][info][gc,heap     ] GC(376) Survivor regions: 13->14(20)
[227.417s][info][gc,heap     ] GC(376) Old regions: 60->62
[227.417s][info][gc,heap     ] GC(376) Humongous regions: 2->2
[227.417s][info][gc,metaspace] GC(376) Metaspace: 42141K(42560K)->42141K(42560K) NonClass: 37808K(38016K)->37808K(38016K) Class: 4332K(4544K)->4332K(4544K)
[227.417s][info][gc          ] GC(376) Pause Young (Mixed) (G1 Evacuation Pause) 221M->78M(267M) 28.228ms
[227.417s][info][gc,cpu      ] GC(376) User=0.06s Sys=0.00s Real=0.03s
[228.409s][info][gc,start    ] GC(377) Pause Young (Concurrent Start) (G1 Evacuation Pause)
[228.409s][info][gc,task     ] GC(377) Using 2 workers of 2 for evacuation
[228.440s][info][gc,phases   ] GC(377)   Pre Evacuate Collection Set: 0.26ms
[228.440s][info][gc,phases   ] GC(377)   Merge Heap Roots: 0.15ms
[228.440s][info][gc,phases   ] GC(377)   Evacuate Collection Set: 29.49ms
[228.440s][info][gc,phases   ] GC(377)   Post Evacuate Collection Set: 0.49ms
[228.440s][info][gc,phases   ] GC(377)   Other: 0.13ms
[228.440s][info][gc,heap     ] GC(377) Eden regions: 146->0(137)
[228.440s][info][gc,heap     ] GC(377) Survivor regions: 14->16(20)
[228.440s][info][gc,heap     ] GC(377) Old regions: 62->76
[228.440s][info][gc,heap     ] GC(377) Humongous regions: 2->2
[228.440s][info][gc,metaspace] GC(377) Metaspace: 42141K(42560K)->42141K(42560K) NonClass: 37808K(38016K)->37808K(38016K) Class: 4332K(4544K)->4332K(4544K)
[228.440s][info][gc          ] GC(377) Pause Young (Concurrent Start) (G1 Evacuation Pause) 224M->93M(267M) 30.755ms
[228.440s][info][gc          ] GC(378) Concurrent Mark Cycle
[228.440s][info][gc,marking  ] GC(378) Concurrent Scan Root Regions
[228.440s][info][gc,cpu      ] GC(377) User=0.06s Sys=0.00s Real=0.03s
[228.466s][info][gc,marking  ] GC(378) Concurrent Scan Root Regions 26.450ms
[228.466s][info][gc,marking  ] GC(378) Concurrent Mark
[228.466s][info][gc,marking  ] GC(378) Concurrent Mark From Roots
[228.466s][info][gc,task     ] GC(378) Using 1 workers of 1 for marking
[228.504s][info][gc,marking  ] GC(378) Concurrent Mark From Roots 37.310ms
[228.504s][info][gc,marking  ] GC(378) Concurrent Preclean
[228.504s][info][gc,marking  ] GC(378) Concurrent Preclean 0.054ms
[228.504s][info][gc,start    ] GC(378) Pause Remark
[228.523s][info][gc          ] GC(378) Pause Remark 101M->98M(267M) 19.100ms
[228.523s][info][gc,cpu      ] GC(378) User=0.04s Sys=0.00s Real=0.02s
[228.523s][info][gc,marking  ] GC(378) Concurrent Mark 56.823ms
[228.523s][info][gc,marking  ] GC(378) Concurrent Rebuild Remembered Sets and Scrub Regions
[228.552s][info][gc,marking  ] GC(378) Concurrent Rebuild Remembered Sets and Scrub Regions 28.987ms
[228.552s][info][gc,start    ] GC(378) Pause Cleanup
[228.552s][info][gc          ] GC(378) Pause Cleanup 102M->102M(267M) 0.086ms
[228.552s][info][gc,cpu      ] GC(378) User=0.00s Sys=0.00s Real=0.00s
[228.552s][info][gc,marking  ] GC(378) Concurrent Clear Claimed Marks
[228.552s][info][gc,marking  ] GC(378) Concurrent Clear Claimed Marks 0.051ms
[228.553s][info][gc,marking  ] GC(378) Concurrent Cleanup for Next Mark
[228.553s][info][gc,marking  ] GC(378) Concurrent Cleanup for Next Mark 0.839ms
[228.553s][info][gc          ] GC(378) Concurrent Mark Cycle 113.675ms
[229.205s][info][gc,start    ] GC(379) Pause Young (Prepare Mixed) (G1 Evacuation Pause)
[229.205s][info][gc,task     ] GC(379) Using 2 workers of 2 for evacuation
[229.228s][info][gc,phases   ] GC(379)   Pre Evacuate Collection Set: 0.17ms
[229.228s][info][gc,phases   ] GC(379)   Merge Heap Roots: 0.08ms
[229.228s][info][gc,phases   ] GC(379)   Evacuate Collection Set: 21.85ms
[229.228s][info][gc,phases   ] GC(379)   Post Evacuate Collection Set: 0.45ms
[229.228s][info][gc,phases   ] GC(379)   Other: 0.10ms
[229.228s][info][gc,heap     ] GC(379) Eden regions: 137->0(127)
[229.228s][info][gc,heap     ] GC(379) Survivor regions: 16->19(20)
[229.228s][info][gc,heap     ] GC(379) Old regions: 73->78
[229.228s][info][gc,heap     ] GC(379) Humongous regions: 4->4
[229.228s][info][gc,metaspace] GC(379) Metaspace: 42141K(42560K)->42141K(42560K) NonClass: 37808K(38016K)->37808K(38016K) Class: 4332K(4544K)->4332K(4544K)
[229.228s][info][gc          ] GC(379) Pause Young (Prepare Mixed) (G1 Evacuation Pause) 229M->100M(267M) 22.888ms
[229.228s][info][gc,cpu      ] GC(379) User=0.05s Sys=0.00s Real=0.02s
[229.583s][info][gc,start    ] GC(380) Pause Young (Mixed) (G1 Evacuation Pause)
[229.583s][info][gc,task     ] GC(380) Using 2 workers of 2 for evacuation
[229.624s][info][gc,phases   ] GC(380)   Pre Evacuate Collection Set: 0.26ms
[229.624s][info][gc,phases   ] GC(380)   Merge Heap Roots: 0.46ms
[229.624s][info][gc,phases   ] GC(380)   Evacuate Collection Set: 38.96ms
[229.624s][info][gc,phases   ] GC(380)   Post Evacuate Collection Set: 0.62ms
[229.624s][info][gc,phases   ] GC(380)   Other: 0.10ms
[229.624s][info][gc,heap     ] GC(380) Eden regions: 127->0(132)
[229.624s][info][gc,heap     ] GC(380) Survivor regions: 19->16(19)
[229.624s][info][gc,heap     ] GC(380) Old regions: 78->73
[229.624s][info][gc,heap     ] GC(380) Humongous regions: 5->5
[229.624s][info][gc,metaspace] GC(380) Metaspace: 42141K(42560K)->42141K(42560K) NonClass: 37808K(38016K)->37808K(38016K) Class: 4332K(4544K)->4332K(4544K)
[229.624s][info][gc          ] GC(380) Pause Young (Mixed) (G1 Evacuation Pause) 228M->93M(267M) 40.611ms
[229.624s][info][gc,cpu      ] GC(380) User=0.08s Sys=0.00s Real=0.04s
[229.851s][info][gc,start    ] GC(381) Pause Young (Concurrent Start) (G1 Humongous Allocation)
[229.852s][info][gc,task     ] GC(381) Using 2 workers of 2 for evacuation
[229.879s][info][gc,phases   ] GC(381)   Pre Evacuate Collection Set: 0.20ms
[229.879s][info][gc,phases   ] GC(381)   Merge Heap Roots: 0.06ms
[229.879s][info][gc,phases   ] GC(381)   Evacuate Collection Set: 26.53ms
[229.879s][info][gc,phases   ] GC(381)   Post Evacuate Collection Set: 0.41ms
[229.879s][info][gc,phases   ] GC(381)   Other: 0.12ms
[229.879s][info][gc,heap     ] GC(381) Eden regions: 81->0(124)
[229.879s][info][gc,heap     ] GC(381) Survivor regions: 16->10(19)
[229.879s][info][gc,heap     ] GC(381) Old regions: 73->89
[229.879s][info][gc,heap     ] GC(381) Humongous regions: 5->5
[229.879s][info][gc,metaspace] GC(381) Metaspace: 42141K(42560K)->42141K(42560K) NonClass: 37808K(38016K)->37808K(38016K) Class: 4332K(4544K)->4332K(4544K)
[229.879s][info][gc          ] GC(381) Pause Young (Concurrent Start) (G1 Humongous Allocation) 174M->103M(267M) 27.548ms
[229.879s][info][gc,cpu      ] GC(381) User=0.05s Sys=0.00s Real=0.03s
[229.879s][info][gc          ] GC(382) Concurrent Mark Cycle
[229.879s][info][gc,marking  ] GC(382) Concurrent Scan Root Regions
[229.900s][info][gc,marking  ] GC(382) Concurrent Scan Root Regions 20.918ms
[229.900s][info][gc,marking  ] GC(382) Concurrent Mark
[229.900s][info][gc,marking  ] GC(382) Concurrent Mark From Roots
[229.900s][info][gc,task     ] GC(382) Using 1 workers of 1 for marking
[229.947s][info][gc,marking  ] GC(382) Concurrent Mark From Roots 46.737ms
[229.947s][info][gc,marking  ] GC(382) Concurrent Preclean
[229.947s][info][gc,marking  ] GC(382) Concurrent Preclean 0.047ms
[229.947s][info][gc,start    ] GC(382) Pause Remark
[229.967s][info][gc          ] GC(382) Pause Remark 122M->111M(267M) 19.465ms
[229.967s][info][gc,cpu      ] GC(382) User=0.04s Sys=0.00s Real=0.02s
[229.967s][info][gc,marking  ] GC(382) Concurrent Mark 66.589ms
[229.967s][info][gc,marking  ] GC(382) Concurrent Rebuild Remembered Sets and Scrub Regions
[230.002s][info][gc,marking  ] GC(382) Concurrent Rebuild Remembered Sets and Scrub Regions 35.649ms
[230.003s][info][gc,start    ] GC(382) Pause Cleanup
[230.003s][info][gc          ] GC(382) Pause Cleanup 124M->124M(267M) 0.065ms
[230.003s][info][gc,cpu      ] GC(382) User=0.00s Sys=0.00s Real=0.00s
[230.003s][info][gc,marking  ] GC(382) Concurrent Clear Claimed Marks
[230.003s][info][gc,marking  ] GC(382) Concurrent Clear Claimed Marks 0.043ms
[230.003s][info][gc,marking  ] GC(382) Concurrent Cleanup for Next Mark
[230.004s][info][gc,marking  ] GC(382) Concurrent Cleanup for Next Mark 0.845ms
[230.004s][info][gc          ] GC(382) Concurrent Mark Cycle 124.456ms
[230.269s][info][gc,start    ] GC(383) Pause Young (Prepare Mixed) (G1 Evacuation Pause)
[230.269s][info][gc,task     ] GC(383) Using 2 workers of 2 for evacuation
[230.304s][info][gc,phases   ] GC(383)   Pre Evacuate Collection Set: 0.20ms
[230.305s][info][gc,phases   ] GC(383)   Merge Heap Roots: 0.13ms
[230.305s][info][gc,phases   ] GC(383)   Evacuate Collection Set: 34.77ms
[230.305s][info][gc,phases   ] GC(383)   Post Evacuate Collection Set: 0.46ms
[230.305s][info][gc,phases   ] GC(383)   Other: 0.09ms
[230.305s][info][gc,heap     ] GC(383) Eden regions: 124->0(120)
[230.305s][info][gc,heap     ] GC(383) Survivor regions: 10->15(17)
[230.305s][info][gc,heap     ] GC(383) Old regions: 79->89
[230.305s][info][gc,heap     ] GC(383) Humongous regions: 6->6
[230.305s][info][gc,metaspace] GC(383) Metaspace: 42141K(42560K)->42141K(42560K) NonClass: 37808K(38016K)->37808K(38016K) Class: 4332K(4544K)->4332K(4544K)
[230.305s][info][gc          ] GC(383) Pause Young (Prepare Mixed) (G1 Evacuation Pause) 218M->109M(267M) 35.895ms
[230.305s][info][gc,cpu      ] GC(383) User=0.07s Sys=0.00s Real=0.04s
[230.630s][info][gc,start    ] GC(384) Pause Young (Mixed) (G1 Evacuation Pause)
[230.630s][info][gc,task     ] GC(384) Using 2 workers of 2 for evacuation
[230.669s][info][gc,phases   ] GC(384)   Pre Evacuate Collection Set: 0.18ms
[230.669s][info][gc,phases   ] GC(384)   Merge Heap Roots: 0.10ms
[230.669s][info][gc,phases   ] GC(384)   Evacuate Collection Set: 37.56ms
[230.669s][info][gc,phases   ] GC(384)   Post Evacuate Collection Set: 0.56ms
[230.669s][info][gc,phases   ] GC(384)   Other: 0.11ms
[230.669s][info][gc,heap     ] GC(384) Eden regions: 120->0(126)
[230.669s][info][gc,heap     ] GC(384) Survivor regions: 15->15(17)
[230.669s][info][gc,heap     ] GC(384) Old regions: 89->83
[230.669s][info][gc,heap     ] GC(384) Humongous regions: 6->6
[230.669s][info][gc,metaspace] GC(384) Metaspace: 42141K(42560K)->42141K(42560K) NonClass: 37808K(38016K)->37808K(38016K) Class: 4332K(4544K)->4332K(4544K)
[230.669s][info][gc          ] GC(384) Pause Young (Mixed) (G1 Evacuation Pause) 229M->103M(267M) 38.787ms
[230.669s][info][gc,cpu      ] GC(384) User=0.08s Sys=0.00s Real=0.04s
[230.724s][info][gc,start    ] GC(385) Pause Young (Concurrent Start) (G1 Humongous Allocation)
[230.724s][info][gc,task     ] GC(385) Using 2 workers of 2 for evacuation
[230.747s][info][gc,phases   ] GC(385)   Pre Evacuate Collection Set: 0.26ms
[230.747s][info][gc,phases   ] GC(385)   Merge Heap Roots: 0.09ms
[230.747s][info][gc,phases   ] GC(385)   Evacuate Collection Set: 21.89ms
[230.747s][info][gc,phases   ] GC(385)   Post Evacuate Collection Set: 0.35ms
[230.747s][info][gc,phases   ] GC(385)   Other: 0.15ms
[230.747s][info][gc,heap     ] GC(385) Eden regions: 19->0(125)
[230.747s][info][gc,heap     ] GC(385) Survivor regions: 15->3(18)
[230.747s][info][gc,heap     ] GC(385) Old regions: 83->97
[230.747s][info][gc,heap     ] GC(385) Humongous regions: 6->6
[230.747s][info][gc,metaspace] GC(385) Metaspace: 42141K(42560K)->42141K(42560K) NonClass: 37808K(38016K)->37808K(38016K) Class: 4332K(4544K)->4332K(4544K)
[230.747s][info][gc          ] GC(385) Pause Young (Concurrent Start) (G1 Humongous Allocation) 122M->106M(267M) 23.038ms
[230.747s][info][gc,cpu      ] GC(385) User=0.04s Sys=0.00s Real=0.02s
[230.747s][info][gc          ] GC(386) Concurrent Mark Cycle
[230.747s][info][gc,marking  ] GC(386) Concurrent Scan Root Regions
[230.772s][info][gc,marking  ] GC(386) Concurrent Scan Root Regions 24.640ms
[230.772s][info][gc,marking  ] GC(386) Concurrent Mark
[230.772s][info][gc,marking  ] GC(386) Concurrent Mark From Roots
[230.772s][info][gc,task     ] GC(386) Using 1 workers of 1 for marking
[230.899s][info][gc,marking  ] GC(386) Concurrent Mark From Roots 126.673ms
[230.899s][info][gc,marking  ] GC(386) Concurrent Preclean
[230.899s][info][gc,marking  ] GC(386) Concurrent Preclean 0.042ms
[230.899s][info][gc,start    ] GC(386) Pause Remark
[230.920s][info][gc          ] GC(386) Pause Remark 145M->144M(267M) 20.755ms
[230.920s][info][gc,cpu      ] GC(386) User=0.04s Sys=0.00s Real=0.02s
[230.920s][info][gc,marking  ] GC(386) Concurrent Mark 147.806ms
[230.920s][info][gc,marking  ] GC(386) Concurrent Rebuild Remembered Sets and Scrub Regions
[230.985s][info][gc,marking  ] GC(386) Concurrent Rebuild Remembered Sets and Scrub Regions 65.025ms
[230.985s][info][gc,start    ] GC(386) Pause Cleanup
[230.985s][info][gc          ] GC(386) Pause Cleanup 170M->170M(267M) 0.058ms
[230.985s][info][gc,cpu      ] GC(386) User=0.00s Sys=0.00s Real=0.00s
[230.985s][info][gc,marking  ] GC(386) Concurrent Clear Claimed Marks
[230.985s][info][gc,marking  ] GC(386) Concurrent Clear Claimed Marks 0.042ms
[230.985s][info][gc,marking  ] GC(386) Concurrent Cleanup for Next Mark
[230.986s][info][gc,marking  ] GC(386) Concurrent Cleanup for Next Mark 0.824ms
[230.986s][info][gc          ] GC(386) Concurrent Mark Cycle 238.775ms
[231.173s][info][gc,start    ] GC(387) Pause Young (Prepare Mixed) (G1 Evacuation Pause)
[231.173s][info][gc,task     ] GC(387) Using 2 workers of 2 for evacuation
[231.200s][info][gc,phases   ] GC(387)   Pre Evacuate Collection Set: 0.18ms
[231.200s][info][gc,phases   ] GC(387)   Merge Heap Roots: 0.12ms
[231.200s][info][gc,phases   ] GC(387)   Evacuate Collection Set: 26.65ms
[231.200s][info][gc,phases   ] GC(387)   Post Evacuate Collection Set: 0.49ms
[231.200s][info][gc,phases   ] GC(387)   Other: 0.08ms
[231.200s][info][gc,heap     ] GC(387) Eden regions: 125->0(112)
[231.200s][info][gc,heap     ] GC(387) Survivor regions: 3->16(16)
[231.201s][info][gc,heap     ] GC(387) Old regions: 97->98
[231.201s][info][gc,heap     ] GC(387) Humongous regions: 9->9
[231.201s][info][gc,metaspace] GC(387) Metaspace: 42141K(42560K)->42141K(42560K) NonClass: 37808K(38016K)->37808K(38016K) Class: 4332K(4544K)->4332K(4544K)
[231.201s][info][gc          ] GC(387) Pause Young (Prepare Mixed) (G1 Evacuation Pause) 234M->122M(267M) 27.805ms
[231.201s][info][gc,cpu      ] GC(387) User=0.06s Sys=0.00s Real=0.02s
[232.668s][info][gc,start    ] GC(388) Pause Young (Mixed) (G1 Evacuation Pause)
[232.668s][info][gc,task     ] GC(388) Using 2 workers of 2 for evacuation
[232.713s][info][gc,phases   ] GC(388)   Pre Evacuate Collection Set: 0.20ms
[232.713s][info][gc,phases   ] GC(388)   Merge Heap Roots: 0.19ms
[232.713s][info][gc,phases   ] GC(388)   Evacuate Collection Set: 42.14ms
[232.713s][info][gc,phases   ] GC(388)   Post Evacuate Collection Set: 1.72ms
[232.713s][info][gc,phases   ] GC(388)   Other: 0.15ms
[232.713s][info][gc,heap     ] GC(388) Eden regions: 112->0(212)
[232.713s][info][gc,heap     ] GC(388) Survivor regions: 16->6(16)
[232.713s][info][gc,heap     ] GC(388) Old regions: 98->111
[232.713s][info][gc,heap     ] GC(388) Humongous regions: 17->15
[232.713s][info][gc,metaspace] GC(388) Metaspace: 42141K(42560K)->42141K(42560K) NonClass: 37808K(38016K)->37808K(38016K) Class: 4332K(4544K)->4332K(4544K)
[232.713s][info][gc          ] GC(388) Pause Young (Mixed) (G1 Evacuation Pause) 242M->132M(399M) 44.694ms
[232.713s][info][gc,cpu      ] GC(388) User=0.08s Sys=0.00s Real=0.05s
[233.944s][info][gc,start    ] GC(389) Pause Young (Normal) (G1 Evacuation Pause)
[233.944s][info][gc,task     ] GC(389) Using 2 workers of 2 for evacuation
[233.971s][info][gc,phases   ] GC(389)   Pre Evacuate Collection Set: 0.29ms
[233.971s][info][gc,phases   ] GC(389)   Merge Heap Roots: 0.23ms
[233.971s][info][gc,phases   ] GC(389)   Evacuate Collection Set: 25.58ms
[233.971s][info][gc,phases   ] GC(389)   Post Evacuate Collection Set: 0.64ms
[233.971s][info][gc,phases   ] GC(389)   Other: 0.10ms
[233.971s][info][gc,heap     ] GC(389) Eden regions: 212->0(206)
[233.971s][info][gc,heap     ] GC(389) Survivor regions: 6->16(28)
[233.971s][info][gc,heap     ] GC(389) Old regions: 111->111
[233.971s][info][gc,heap     ] GC(389) Humongous regions: 15->15
[233.971s][info][gc,metaspace] GC(389) Metaspace: 42141K(42560K)->42141K(42560K) NonClass: 37808K(38016K)->37808K(38016K) Class: 4332K(4544K)->4332K(4544K)
[233.971s][info][gc          ] GC(389) Pause Young (Normal) (G1 Evacuation Pause) 344M->141M(399M) 27.106ms
[233.971s][info][gc,cpu      ] GC(389) User=0.05s Sys=0.00s Real=0.02s
[235.388s][info][gc,start    ] GC(390) Pause Young (Normal) (G1 Evacuation Pause)
[235.389s][info][gc,task     ] GC(390) Using 2 workers of 2 for evacuation
[235.419s][info][gc,phases   ] GC(390)   Pre Evacuate Collection Set: 0.27ms
[235.419s][info][gc,phases   ] GC(390)   Merge Heap Roots: 0.18ms
[235.419s][info][gc,phases   ] GC(390)   Evacuate Collection Set: 29.08ms
[235.419s][info][gc,phases   ] GC(390)   Post Evacuate Collection Set: 0.60ms
[235.419s][info][gc,phases   ] GC(390)   Other: 0.09ms
[235.419s][info][gc,heap     ] GC(390) Eden regions: 206->0(217)
[235.419s][info][gc,heap     ] GC(390) Survivor regions: 16->7(28)
[235.419s][info][gc,heap     ] GC(390) Old regions: 111->117
[235.419s][info][gc,heap     ] GC(390) Humongous regions: 15->15
[235.419s][info][gc,metaspace] GC(390) Metaspace: 42141K(42560K)->42141K(42560K) NonClass: 37808K(38016K)->37808K(38016K) Class: 4332K(4544K)->4332K(4544K)
[235.419s][info][gc          ] GC(390) Pause Young (Normal) (G1 Evacuation Pause) 347M->138M(399M) 30.464ms
[235.419s][info][gc,cpu      ] GC(390) User=0.06s Sys=0.00s Real=0.03s
[236.882s][info][gc,start    ] GC(391) Pause Young (Concurrent Start) (G1 Evacuation Pause)
[236.882s][info][gc,task     ] GC(391) Using 2 workers of 2 for evacuation
[236.888s][info][gc,phases   ] GC(391)   Pre Evacuate Collection Set: 0.26ms
[236.888s][info][gc,phases   ] GC(391)   Merge Heap Roots: 0.06ms
[236.888s][info][gc,phases   ] GC(391)   Evacuate Collection Set: 5.62ms
[236.888s][info][gc,phases   ] GC(391)   Post Evacuate Collection Set: 0.60ms
[236.888s][info][gc,phases   ] GC(391)   Other: 0.14ms
[236.889s][info][gc,heap     ] GC(391) Eden regions: 217->0(226)
[236.889s][info][gc,heap     ] GC(391) Survivor regions: 7->6(28)
[236.889s][info][gc,heap     ] GC(391) Old regions: 117->117
[236.889s][info][gc,heap     ] GC(391) Humongous regions: 15->15
[236.889s][info][gc,metaspace] GC(391) Metaspace: 42142K(42560K)->42142K(42560K) NonClass: 37809K(38016K)->37809K(38016K) Class: 4332K(4544K)->4332K(4544K)
[236.889s][info][gc          ] GC(391) Pause Young (Concurrent Start) (G1 Evacuation Pause) 355M->137M(399M) 6.984ms
[236.889s][info][gc,cpu      ] GC(391) User=0.01s Sys=0.00s Real=0.01s
[236.889s][info][gc          ] GC(392) Concurrent Mark Cycle
[236.889s][info][gc,marking  ] GC(392) Concurrent Scan Root Regions
[236.898s][info][gc,marking  ] GC(392) Concurrent Scan Root Regions 8.914ms
[236.898s][info][gc,marking  ] GC(392) Concurrent Mark
[236.898s][info][gc,marking  ] GC(392) Concurrent Mark From Roots
[236.898s][info][gc,task     ] GC(392) Using 1 workers of 1 for marking
[236.957s][info][gc,marking  ] GC(392) Concurrent Mark From Roots 59.764ms
[236.957s][info][gc,marking  ] GC(392) Concurrent Preclean
[236.958s][info][gc,marking  ] GC(392) Concurrent Preclean 0.043ms
[236.958s][info][gc,start    ] GC(392) Pause Remark
[236.976s][info][gc          ] GC(392) Pause Remark 144M->55M(256M) 18.134ms
[236.976s][info][gc,cpu      ] GC(392) User=0.04s Sys=0.00s Real=0.02s
[236.976s][info][gc,marking  ] GC(392) Concurrent Mark 78.344ms
[236.976s][info][gc,marking  ] GC(392) Concurrent Rebuild Remembered Sets and Scrub Regions
[236.990s][info][gc,marking  ] GC(392) Concurrent Rebuild Remembered Sets and Scrub Regions 14.178ms
[236.990s][info][gc,start    ] GC(392) Pause Cleanup
[236.990s][info][gc          ] GC(392) Pause Cleanup 58M->58M(256M) 0.057ms
[236.990s][info][gc,cpu      ] GC(392) User=0.00s Sys=0.00s Real=0.00s
[236.990s][info][gc,marking  ] GC(392) Concurrent Clear Claimed Marks
[236.991s][info][gc,marking  ] GC(392) Concurrent Clear Claimed Marks 0.045ms
[236.991s][info][gc,marking  ] GC(392) Concurrent Cleanup for Next Mark
[236.991s][info][gc,marking  ] GC(392) Concurrent Cleanup for Next Mark 0.830ms
[236.991s][info][gc          ] GC(392) Concurrent Mark Cycle 102.760ms
[237.923s][info][gc,start    ] GC(393) Pause Young (Prepare Mixed) (G1 Evacuation Pause)
[237.923s][info][gc,task     ] GC(393) Using 2 workers of 2 for evacuation
[237.930s][info][gc,phases   ] GC(393)   Pre Evacuate Collection Set: 0.26ms
[237.930s][info][gc,phases   ] GC(393)   Merge Heap Roots: 0.08ms
[237.930s][info][gc,phases   ] GC(393)   Evacuate Collection Set: 6.00ms
[237.930s][info][gc,phases   ] GC(393)   Post Evacuate Collection Set: 0.50ms
[237.930s][info][gc,phases   ] GC(393)   Other: 0.08ms
[237.930s][info][gc,heap     ] GC(393) Eden regions: 147->0(146)
[237.930s][info][gc,heap     ] GC(393) Survivor regions: 6->7(20)
[237.930s][info][gc,heap     ] GC(393) Old regions: 42->42
[237.930s][info][gc,heap     ] GC(393) Humongous regions: 2->1
[237.930s][info][gc,metaspace] GC(393) Metaspace: 42142K(42560K)->42142K(42560K) NonClass: 37809K(38016K)->37809K(38016K) Class: 4332K(4544K)->4332K(4544K)
[237.930s][info][gc          ] GC(393) Pause Young (Prepare Mixed) (G1 Evacuation Pause) 196M->50M(256M) 7.135ms
[237.930s][info][gc,cpu      ] GC(393) User=0.02s Sys=0.00s Real=0.00s
[238.824s][info][gc,start    ] GC(394) Pause Young (Mixed) (G1 Evacuation Pause)
[238.824s][info][gc,task     ] GC(394) Using 2 workers of 2 for evacuation
[238.838s][info][gc,phases   ] GC(394)   Pre Evacuate Collection Set: 0.19ms
[238.838s][info][gc,phases   ] GC(394)   Merge Heap Roots: 0.07ms
[238.838s][info][gc,phases   ] GC(394)   Evacuate Collection Set: 12.47ms
[238.838s][info][gc,phases   ] GC(394)   Post Evacuate Collection Set: 0.49ms
[238.838s][info][gc,phases   ] GC(394)   Other: 0.08ms
[238.838s][info][gc,heap     ] GC(394) Eden regions: 146->0(143)
[238.838s][info][gc,heap     ] GC(394) Survivor regions: 7->10(20)
[238.838s][info][gc,heap     ] GC(394) Old regions: 42->39
[238.838s][info][gc,heap     ] GC(394) Humongous regions: 5->3
[238.838s][info][gc,metaspace] GC(394) Metaspace: 42150K(42560K)->42150K(42560K) NonClass: 37818K(38016K)->37818K(38016K) Class: 4332K(4544K)->4332K(4544K)
[238.838s][info][gc          ] GC(394) Pause Young (Mixed) (G1 Evacuation Pause) 200M->51M(256M) 13.565ms
[238.838s][info][gc,cpu      ] GC(394) User=0.03s Sys=0.00s Real=0.01s
[239.085s][info][gc,start    ] GC(395) Pause Young (Concurrent Start) (G1 Humongous Allocation)
[239.085s][info][gc,task     ] GC(395) Using 2 workers of 2 for evacuation
[239.091s][info][gc,phases   ] GC(395)   Pre Evacuate Collection Set: 0.20ms
[239.091s][info][gc,phases   ] GC(395)   Merge Heap Roots: 0.05ms
[239.091s][info][gc,phases   ] GC(395)   Evacuate Collection Set: 4.98ms
[239.091s][info][gc,phases   ] GC(395)   Post Evacuate Collection Set: 0.36ms
[239.091s][info][gc,phases   ] GC(395)   Other: 0.12ms
[239.091s][info][gc,heap     ] GC(395) Eden regions: 45->0(146)
[239.091s][info][gc,heap     ] GC(395) Survivor regions: 10->7(20)
[239.091s][info][gc,heap     ] GC(395) Old regions: 39->39
[239.091s][info][gc,heap     ] GC(395) Humongous regions: 3->1
[239.091s][info][gc,metaspace] GC(395) Metaspace: 42152K(42560K)->42152K(42560K) NonClass: 37820K(38016K)->37820K(38016K) Class: 4332K(4544K)->4332K(4544K)
[239.091s][info][gc          ] GC(395) Pause Young (Concurrent Start) (G1 Humongous Allocation) 95M->46M(256M) 5.899ms
[239.091s][info][gc,cpu      ] GC(395) User=0.01s Sys=0.00s Real=0.00s
[239.091s][info][gc          ] GC(396) Concurrent Mark Cycle
[239.091s][info][gc,marking  ] GC(396) Concurrent Scan Root Regions
[239.102s][info][gc,marking  ] GC(396) Concurrent Scan Root Regions 11.190ms
[239.102s][info][gc,marking  ] GC(396) Concurrent Mark
[239.102s][info][gc,marking  ] GC(396) Concurrent Mark From Roots
[239.102s][info][gc,task     ] GC(396) Using 1 workers of 1 for marking
[239.145s][info][gc,marking  ] GC(396) Concurrent Mark From Roots 43.076ms
[239.145s][info][gc,marking  ] GC(396) Concurrent Preclean
[239.145s][info][gc,marking  ] GC(396) Concurrent Preclean 0.061ms
[239.145s][info][gc,start    ] GC(396) Pause Remark
[239.163s][info][gc          ] GC(396) Pause Remark 57M->57M(256M) 17.483ms
[239.163s][info][gc,cpu      ] GC(396) User=0.03s Sys=0.00s Real=0.02s
[239.163s][info][gc,marking  ] GC(396) Concurrent Mark 61.014ms
[239.163s][info][gc,marking  ] GC(396) Concurrent Rebuild Remembered Sets and Scrub Regions
[239.178s][info][gc,marking  ] GC(396) Concurrent Rebuild Remembered Sets and Scrub Regions 15.317ms
[239.179s][info][gc,start    ] GC(396) Pause Cleanup
[239.179s][info][gc          ] GC(396) Pause Cleanup 59M->59M(256M) 0.071ms
[239.179s][info][gc,cpu      ] GC(396) User=0.00s Sys=0.00s Real=0.00s
[239.179s][info][gc,marking  ] GC(396) Concurrent Clear Claimed Marks
[239.180s][info][gc,marking  ] GC(396) Concurrent Clear Claimed Marks 0.576ms
[239.180s][info][gc,marking  ] GC(396) Concurrent Cleanup for Next Mark
[239.187s][info][gc,marking  ] GC(396) Concurrent Cleanup for Next Mark 7.169ms
[239.187s][info][gc          ] GC(396) Concurrent Mark Cycle 96.216ms
[239.875s][info][gc,start    ] GC(397) Pause Young (Prepare Mixed) (G1 Evacuation Pause)
[239.875s][info][gc,task     ] GC(397) Using 2 workers of 2 for evacuation
[239.896s][info][gc,phases   ] GC(397)   Pre Evacuate Collection Set: 0.21ms
[239.896s][info][gc,phases   ] GC(397)   Merge Heap Roots: 0.07ms
[239.896s][info][gc,phases   ] GC(397)   Evacuate Collection Set: 20.23ms
[239.896s][info][gc,phases   ] GC(397)   Post Evacuate Collection Set: 0.61ms
[239.896s][info][gc,phases   ] GC(397)   Other: 0.08ms
[239.896s][info][gc,heap     ] GC(397) Eden regions: 146->0(134)
[239.896s][info][gc,heap     ] GC(397) Survivor regions: 7->19(20)
[239.896s][info][gc,heap     ] GC(397) Old regions: 39->39
[239.896s][info][gc,heap     ] GC(397) Humongous regions: 18->3
[239.896s][info][gc,metaspace] GC(397) Metaspace: 42162K(42560K)->42162K(42560K) NonClass: 37829K(38016K)->37829K(38016K) Class: 4332K(4544K)->4332K(4544K)
[239.896s][info][gc          ] GC(397) Pause Young (Prepare Mixed) (G1 Evacuation Pause) 209M->59M(256M) 21.490ms
[239.896s][info][gc,cpu      ] GC(397) User=0.04s Sys=0.00s Real=0.02s
[240.650s][info][gc,start    ] GC(398) Pause Young (Mixed) (G1 Evacuation Pause)
[240.650s][info][gc,task     ] GC(398) Using 2 workers of 2 for evacuation
[240.659s][info][gc,phases   ] GC(398)   Pre Evacuate Collection Set: 0.23ms
[240.659s][info][gc,phases   ] GC(398)   Merge Heap Roots: 0.15ms
[240.659s][info][gc,phases   ] GC(398)   Evacuate Collection Set: 8.55ms
[240.659s][info][gc,phases   ] GC(398)   Post Evacuate Collection Set: 0.47ms
[240.659s][info][gc,phases   ] GC(398)   Other: 0.10ms
[240.659s][info][gc,heap     ] GC(398) Eden regions: 134->0(149)
[240.659s][info][gc,heap     ] GC(398) Survivor regions: 19->4(20)
[240.659s][info][gc,heap     ] GC(398) Old regions: 39->42
[240.659s][info][gc,heap     ] GC(398) Humongous regions: 8->3
[240.659s][info][gc,metaspace] GC(398) Metaspace: 42162K(42560K)->42162K(42560K) NonClass: 37829K(38016K)->37829K(38016K) Class: 4332K(4544K)->4332K(4544K)
[240.659s][info][gc          ] GC(398) Pause Young (Mixed) (G1 Evacuation Pause) 198M->48M(256M) 9.715ms
[240.659s][info][gc,cpu      ] GC(398) User=0.02s Sys=0.00s Real=0.01s
[240.720s][info][gc,start    ] GC(399) Pause Young (Concurrent Start) (G1 Humongous Allocation)
[240.720s][info][gc,task     ] GC(399) Using 2 workers of 2 for evacuation
[240.722s][info][gc,phases   ] GC(399)   Pre Evacuate Collection Set: 0.17ms
[240.722s][info][gc,phases   ] GC(399)   Merge Heap Roots: 0.04ms
[240.722s][info][gc,phases   ] GC(399)   Evacuate Collection Set: 1.69ms
[240.722s][info][gc,phases   ] GC(399)   Post Evacuate Collection Set: 0.29ms
[240.722s][info][gc,phases   ] GC(399)   Other: 0.07ms
[240.722s][info][gc,heap     ] GC(399) Eden regions: 14->0(151)
[240.722s][info][gc,heap     ] GC(399) Survivor regions: 4->2(20)
[240.722s][info][gc,heap     ] GC(399) Old regions: 42->42
[240.722s][info][gc,heap     ] GC(399) Humongous regions: 3->1
[240.722s][info][gc,metaspace] GC(399) Metaspace: 42162K(42560K)->42162K(42560K) NonClass: 37829K(38016K)->37829K(38016K) Class: 4332K(4544K)->4332K(4544K)
[240.722s][info][gc          ] GC(399) Pause Young (Concurrent Start) (G1 Humongous Allocation) 61M->43M(256M) 2.451ms
[240.722s][info][gc,cpu      ] GC(399) User=0.00s Sys=0.00s Real=0.00s
[240.722s][info][gc          ] GC(400) Concurrent Mark Cycle
[240.722s][info][gc,marking  ] GC(400) Concurrent Scan Root Regions
[240.724s][info][gc,marking  ] GC(400) Concurrent Scan Root Regions 2.032ms
[240.724s][info][gc,marking  ] GC(400) Concurrent Mark
[240.724s][info][gc,marking  ] GC(400) Concurrent Mark From Roots
[240.724s][info][gc,task     ] GC(400) Using 1 workers of 1 for marking
[240.782s][info][gc,marking  ] GC(400) Concurrent Mark From Roots 57.466ms
[240.782s][info][gc,marking  ] GC(400) Concurrent Preclean
[240.782s][info][gc,marking  ] GC(400) Concurrent Preclean 0.041ms
[240.782s][info][gc,start    ] GC(400) Pause Remark
[240.800s][info][gc          ] GC(400) Pause Remark 56M->56M(256M) 17.910ms
[240.800s][info][gc,cpu      ] GC(400) User=0.04s Sys=0.00s Real=0.02s
[240.800s][info][gc,marking  ] GC(400) Concurrent Mark 75.739ms
[240.800s][info][gc,marking  ] GC(400) Concurrent Rebuild Remembered Sets and Scrub Regions
[240.819s][info][gc,marking  ] GC(400) Concurrent Rebuild Remembered Sets and Scrub Regions 19.456ms
[240.820s][info][gc,start    ] GC(400) Pause Cleanup
[240.820s][info][gc          ] GC(400) Pause Cleanup 61M->61M(256M) 0.054ms
[240.820s][info][gc,cpu      ] GC(400) User=0.00s Sys=0.00s Real=0.00s
[240.820s][info][gc,marking  ] GC(400) Concurrent Clear Claimed Marks
[240.820s][info][gc,marking  ] GC(400) Concurrent Clear Claimed Marks 0.042ms
[240.820s][info][gc,marking  ] GC(400) Concurrent Cleanup for Next Mark
[240.821s][info][gc,marking  ] GC(400) Concurrent Cleanup for Next Mark 0.801ms
[240.821s][info][gc          ] GC(400) Concurrent Mark Cycle 98.485ms
[241.398s][info][gc,start    ] GC(401) Pause Young (Prepare Mixed) (G1 Evacuation Pause)
[241.398s][info][gc,task     ] GC(401) Using 2 workers of 2 for evacuation
[241.420s][info][gc,phases   ] GC(401)   Pre Evacuate Collection Set: 0.17ms
[241.420s][info][gc,phases   ] GC(401)   Merge Heap Roots: 0.07ms
[241.420s][info][gc,phases   ] GC(401)   Evacuate Collection Set: 20.43ms
[241.420s][info][gc,phases   ] GC(401)   Post Evacuate Collection Set: 0.52ms
[241.420s][info][gc,phases   ] GC(401)   Other: 0.08ms
[241.420s][info][gc,heap     ] GC(401) Eden regions: 151->0(133)
[241.420s][info][gc,heap     ] GC(401) Survivor regions: 2->20(20)
[241.420s][info][gc,heap     ] GC(401) Old regions: 42->42
[241.420s][info][gc,heap     ] GC(401) Humongous regions: 7->3
[241.420s][info][gc,metaspace] GC(401) Metaspace: 42162K(42560K)->42162K(42560K) NonClass: 37829K(38016K)->37829K(38016K) Class: 4332K(4544K)->4332K(4544K)
[241.420s][info][gc          ] GC(401) Pause Young (Prepare Mixed) (G1 Evacuation Pause) 200M->64M(256M) 21.485ms
[241.420s][info][gc,cpu      ] GC(401) User=0.04s Sys=0.00s Real=0.02s
[242.194s][info][gc,start    ] GC(402) Pause Young (Mixed) (G1 Evacuation Pause)
[242.194s][info][gc,task     ] GC(402) Using 2 workers of 2 for evacuation
[242.209s][info][gc,phases   ] GC(402)   Pre Evacuate Collection Set: 0.19ms
[242.209s][info][gc,phases   ] GC(402)   Merge Heap Roots: 0.14ms
[242.209s][info][gc,phases   ] GC(402)   Evacuate Collection Set: 13.69ms
[242.209s][info][gc,phases   ] GC(402)   Post Evacuate Collection Set: 0.62ms
[242.209s][info][gc,phases   ] GC(402)   Other: 0.08ms
[242.209s][info][gc,heap     ] GC(402) Eden regions: 133->0(148)
[242.209s][info][gc,heap     ] GC(402) Survivor regions: 20->5(20)
[242.209s][info][gc,heap     ] GC(402) Old regions: 42->41
[242.209s][info][gc,heap     ] GC(402) Humongous regions: 9->3
[242.209s][info][gc,metaspace] GC(402) Metaspace: 42172K(42624K)->42172K(42624K) NonClass: 37840K(38080K)->37840K(38080K) Class: 4332K(4544K)->4332K(4544K)
[242.209s][info][gc          ] GC(402) Pause Young (Mixed) (G1 Evacuation Pause) 203M->48M(256M) 14.924ms
[242.209s][info][gc,cpu      ] GC(402) User=0.03s Sys=0.00s Real=0.01s
[242.321s][info][gc,start    ] GC(403) Pause Young (Concurrent Start) (G1 Humongous Allocation)
[242.321s][info][gc,task     ] GC(403) Using 2 workers of 2 for evacuation
[242.325s][info][gc,phases   ] GC(403)   Pre Evacuate Collection Set: 0.22ms
[242.325s][info][gc,phases   ] GC(403)   Merge Heap Roots: 0.05ms
[242.325s][info][gc,phases   ] GC(403)   Evacuate Collection Set: 3.05ms
[242.325s][info][gc,phases   ] GC(403)   Post Evacuate Collection Set: 0.38ms
[242.325s][info][gc,phases   ] GC(403)   Other: 0.12ms
[242.325s][info][gc,heap     ] GC(403) Eden regions: 2->0(151)
[242.325s][info][gc,heap     ] GC(403) Survivor regions: 5->2(20)
[242.325s][info][gc,heap     ] GC(403) Old regions: 41->41
[242.325s][info][gc,heap     ] GC(403) Humongous regions: 3->1
[242.325s][info][gc,metaspace] GC(403) Metaspace: 42172K(42624K)->42172K(42624K) NonClass: 37840K(38080K)->37840K(38080K) Class: 4332K(4544K)->4332K(4544K)
[242.325s][info][gc          ] GC(403) Pause Young (Concurrent Start) (G1 Humongous Allocation) 50M->43M(256M) 3.999ms
[242.325s][info][gc,cpu      ] GC(403) User=0.01s Sys=0.00s Real=0.01s
[242.325s][info][gc          ] GC(404) Concurrent Mark Cycle
[242.325s][info][gc,marking  ] GC(404) Concurrent Scan Root Regions
[242.330s][info][gc,marking  ] GC(404) Concurrent Scan Root Regions 4.397ms
[242.330s][info][gc,marking  ] GC(404) Concurrent Mark
[242.330s][info][gc,marking  ] GC(404) Concurrent Mark From Roots
[242.330s][info][gc,task     ] GC(404) Using 1 workers of 1 for marking
[242.399s][info][gc,marking  ] GC(404) Concurrent Mark From Roots 68.955ms
[242.399s][info][gc,marking  ] GC(404) Concurrent Preclean
[242.399s][info][gc,marking  ] GC(404) Concurrent Preclean 0.068ms
[242.399s][info][gc,start    ] GC(404) Pause Remark
[242.419s][info][gc          ] GC(404) Pause Remark 53M->53M(256M) 19.672ms
[242.419s][info][gc,cpu      ] GC(404) User=0.03s Sys=0.00s Real=0.02s
[242.419s][info][gc,marking  ] GC(404) Concurrent Mark 89.073ms
[242.419s][info][gc,marking  ] GC(404) Concurrent Rebuild Remembered Sets and Scrub Regions
[242.443s][info][gc,marking  ] GC(404) Concurrent Rebuild Remembered Sets and Scrub Regions 23.735ms
[242.443s][info][gc,start    ] GC(404) Pause Cleanup
[242.443s][info][gc          ] GC(404) Pause Cleanup 56M->56M(256M) 0.050ms
[242.443s][info][gc,cpu      ] GC(404) User=0.00s Sys=0.00s Real=0.00s
[242.443s][info][gc,marking  ] GC(404) Concurrent Clear Claimed Marks
[242.443s][info][gc,marking  ] GC(404) Concurrent Clear Claimed Marks 0.040ms
[242.443s][info][gc,marking  ] GC(404) Concurrent Cleanup for Next Mark
[242.444s][info][gc,marking  ] GC(404) Concurrent Cleanup for Next Mark 0.776ms
[242.444s][info][gc          ] GC(404) Concurrent Mark Cycle 118.372ms
[243.010s][info][gc,start    ] GC(405) Pause Young (Prepare Mixed) (G1 Evacuation Pause)
[243.010s][info][gc,task     ] GC(405) Using 2 workers of 2 for evacuation
[243.015s][info][gc,phases   ] GC(405)   Pre Evacuate Collection Set: 0.16ms
[243.015s][info][gc,phases   ] GC(405)   Merge Heap Roots: 0.09ms
[243.015s][info][gc,phases   ] GC(405)   Evacuate Collection Set: 3.61ms
[243.015s][info][gc,phases   ] GC(405)   Post Evacuate Collection Set: 0.45ms
[243.015s][info][gc,phases   ] GC(405)   Other: 0.08ms
[243.015s][info][gc,heap     ] GC(405) Eden regions: 151->0(149)
[243.015s][info][gc,heap     ] GC(405) Survivor regions: 2->4(20)
[243.015s][info][gc,heap     ] GC(405) Old regions: 41->41
[243.015s][info][gc,heap     ] GC(405) Humongous regions: 17->3
[243.015s][info][gc,metaspace] GC(405) Metaspace: 42173K(42624K)->42173K(42624K) NonClass: 37840K(38080K)->37840K(38080K) Class: 4332K(4544K)->4332K(4544K)
[243.015s][info][gc          ] GC(405) Pause Young (Prepare Mixed) (G1 Evacuation Pause) 210M->46M(256M) 4.598ms
[243.015s][info][gc,cpu      ] GC(405) User=0.00s Sys=0.00s Real=0.01s
[243.801s][info][gc,start    ] GC(406) Pause Young (Mixed) (G1 Evacuation Pause)
[243.801s][info][gc,task     ] GC(406) Using 2 workers of 2 for evacuation
[243.811s][info][gc,phases   ] GC(406)   Pre Evacuate Collection Set: 0.18ms
[243.811s][info][gc,phases   ] GC(406)   Merge Heap Roots: 0.09ms
[243.811s][info][gc,phases   ] GC(406)   Evacuate Collection Set: 8.42ms
[243.811s][info][gc,phases   ] GC(406)   Post Evacuate Collection Set: 0.48ms
[243.811s][info][gc,phases   ] GC(406)   Other: 0.10ms
[243.811s][info][gc,heap     ] GC(406) Eden regions: 149->0(147)
[243.811s][info][gc,heap     ] GC(406) Survivor regions: 4->6(20)
[243.811s][info][gc,heap     ] GC(406) Old regions: 41->39
[243.811s][info][gc,heap     ] GC(406) Humongous regions: 13->3
[243.811s][info][gc,metaspace] GC(406) Metaspace: 42174K(42624K)->42174K(42624K) NonClass: 37841K(38080K)->37841K(38080K) Class: 4332K(4544K)->4332K(4544K)
[243.811s][info][gc          ] GC(406) Pause Young (Mixed) (G1 Evacuation Pause) 205M->46M(256M) 9.489ms
[243.811s][info][gc,cpu      ] GC(406) User=0.02s Sys=0.00s Real=0.01s
[243.827s][info][gc,start    ] GC(407) Pause Young (Concurrent Start) (G1 Humongous Allocation)
[243.827s][info][gc,task     ] GC(407) Using 2 workers of 2 for evacuation
[243.831s][info][gc,phases   ] GC(407)   Pre Evacuate Collection Set: 0.17ms
[243.831s][info][gc,phases   ] GC(407)   Merge Heap Roots: 0.04ms
[243.831s][info][gc,phases   ] GC(407)   Evacuate Collection Set: 2.97ms
[243.831s][info][gc,phases   ] GC(407)   Post Evacuate Collection Set: 0.31ms
[243.831s][info][gc,phases   ] GC(407)   Other: 0.10ms
[243.831s][info][gc,heap     ] GC(407) Eden regions: 4->0(150)
[243.831s][info][gc,heap     ] GC(407) Survivor regions: 6->3(20)
[243.831s][info][gc,heap     ] GC(407) Old regions: 39->39
[243.831s][info][gc,heap     ] GC(407) Humongous regions: 3->1
[243.831s][info][gc,metaspace] GC(407) Metaspace: 42174K(42624K)->42174K(42624K) NonClass: 37841K(38080K)->37841K(38080K) Class: 4332K(4544K)->4332K(4544K)
[243.831s][info][gc          ] GC(407) Pause Young (Concurrent Start) (G1 Humongous Allocation) 50M->42M(256M) 3.785ms
[243.831s][info][gc,cpu      ] GC(407) User=0.00s Sys=0.00s Real=0.00s
[243.831s][info][gc          ] GC(408) Concurrent Mark Cycle
[243.831s][info][gc,marking  ] GC(408) Concurrent Scan Root Regions
[243.835s][info][gc,marking  ] GC(408) Concurrent Scan Root Regions 3.718ms
[243.835s][info][gc,marking  ] GC(408) Concurrent Mark
[243.835s][info][gc,marking  ] GC(408) Concurrent Mark From Roots
[243.835s][info][gc,task     ] GC(408) Using 1 workers of 1 for marking
[243.888s][info][gc,marking  ] GC(408) Concurrent Mark From Roots 52.830ms
[243.888s][info][gc,marking  ] GC(408) Concurrent Preclean
[243.888s][info][gc,marking  ] GC(408) Concurrent Preclean 0.040ms
[243.888s][info][gc,start    ] GC(408) Pause Remark
[243.906s][info][gc          ] GC(408) Pause Remark 55M->55M(256M) 17.982ms
[243.906s][info][gc,cpu      ] GC(408) User=0.04s Sys=0.00s Real=0.02s
[243.906s][info][gc,marking  ] GC(408) Concurrent Mark 71.185ms
[243.906s][info][gc,marking  ] GC(408) Concurrent Rebuild Remembered Sets and Scrub Regions
[243.927s][info][gc,marking  ] GC(408) Concurrent Rebuild Remembered Sets and Scrub Regions 20.845ms
[243.927s][info][gc,start    ] GC(408) Pause Cleanup
[243.927s][info][gc          ] GC(408) Pause Cleanup 58M->58M(256M) 0.069ms
[243.927s][info][gc,cpu      ] GC(408) User=0.00s Sys=0.00s Real=0.00s
[243.927s][info][gc,marking  ] GC(408) Concurrent Clear Claimed Marks
[243.927s][info][gc,marking  ] GC(408) Concurrent Clear Claimed Marks 0.042ms
[243.927s][info][gc,marking  ] GC(408) Concurrent Cleanup for Next Mark
[243.928s][info][gc,marking  ] GC(408) Concurrent Cleanup for Next Mark 0.757ms
[243.928s][info][gc          ] GC(408) Concurrent Mark Cycle 96.962ms
[244.504s][info][gc,start    ] GC(409) Pause Young (Prepare Mixed) (G1 Evacuation Pause)
[244.504s][info][gc,task     ] GC(409) Using 2 workers of 2 for evacuation
[244.531s][info][gc,phases   ] GC(409)   Pre Evacuate Collection Set: 0.19ms
[244.531s][info][gc,phases   ] GC(409)   Merge Heap Roots: 0.07ms
[244.531s][info][gc,phases   ] GC(409)   Evacuate Collection Set: 25.82ms
[244.531s][info][gc,phases   ] GC(409)   Post Evacuate Collection Set: 0.56ms
[244.531s][info][gc,phases   ] GC(409)   Other: 0.08ms
[244.531s][info][gc,heap     ] GC(409) Eden regions: 150->0(133)
[244.531s][info][gc,heap     ] GC(409) Survivor regions: 3->20(20)
[244.531s][info][gc,heap     ] GC(409) Old regions: 39->45
[244.531s][info][gc,heap     ] GC(409) Humongous regions: 7->3
[244.531s][info][gc,metaspace] GC(409) Metaspace: 42174K(42624K)->42174K(42624K) NonClass: 37841K(38080K)->37841K(38080K) Class: 4332K(4544K)->4332K(4544K)
[244.531s][info][gc          ] GC(409) Pause Young (Prepare Mixed) (G1 Evacuation Pause) 198M->67M(256M) 26.953ms
[244.531s][info][gc,cpu      ] GC(409) User=0.05s Sys=0.00s Real=0.02s
[245.307s][info][gc,start    ] GC(410) Pause Young (Mixed) (G1 Evacuation Pause)
[245.307s][info][gc,task     ] GC(410) Using 2 workers of 2 for evacuation
[245.343s][info][gc,phases   ] GC(410)   Pre Evacuate Collection Set: 0.18ms
[245.343s][info][gc,phases   ] GC(410)   Merge Heap Roots: 0.18ms
[245.343s][info][gc,phases   ] GC(410)   Evacuate Collection Set: 34.13ms
[245.343s][info][gc,phases   ] GC(410)   Post Evacuate Collection Set: 0.51ms
[245.343s][info][gc,phases   ] GC(410)   Other: 0.08ms
[245.343s][info][gc,heap     ] GC(410) Eden regions: 133->0(139)
[245.343s][info][gc,heap     ] GC(410) Survivor regions: 20->14(20)
[245.343s][info][gc,heap     ] GC(410) Old regions: 45->55
[245.343s][info][gc,heap     ] GC(410) Humongous regions: 3->3
[245.343s][info][gc,metaspace] GC(410) Metaspace: 42176K(42624K)->42176K(42624K) NonClass: 37843K(38080K)->37843K(38080K) Class: 4332K(4544K)->4332K(4544K)
[245.343s][info][gc          ] GC(410) Pause Young (Mixed) (G1 Evacuation Pause) 200M->71M(256M) 35.293ms
[245.343s][info][gc,cpu      ] GC(410) User=0.07s Sys=0.00s Real=0.04s
[245.702s][info][gc,start    ] GC(411) Pause Young (Concurrent Start) (G1 Humongous Allocation)
[245.702s][info][gc,task     ] GC(411) Using 2 workers of 2 for evacuation
[245.739s][info][gc,phases   ] GC(411)   Pre Evacuate Collection Set: 0.18ms
[245.739s][info][gc,phases   ] GC(411)   Merge Heap Roots: 0.14ms
[245.739s][info][gc,phases   ] GC(411)   Evacuate Collection Set: 36.57ms
[245.739s][info][gc,phases   ] GC(411)   Post Evacuate Collection Set: 0.50ms
[245.739s][info][gc,phases   ] GC(411)   Other: 0.09ms
[245.739s][info][gc,heap     ] GC(411) Eden regions: 68->0(114)
[245.739s][info][gc,heap     ] GC(411) Survivor regions: 14->20(20)
[245.739s][info][gc,heap     ] GC(411) Old regions: 55->69
[245.739s][info][gc,heap     ] GC(411) Humongous regions: 3->1
[245.739s][info][gc,metaspace] GC(411) Metaspace: 42176K(42624K)->42176K(42624K) NonClass: 37844K(38080K)->37844K(38080K) Class: 4332K(4544K)->4332K(4544K)
[245.739s][info][gc          ] GC(411) Pause Young (Concurrent Start) (G1 Humongous Allocation) 139M->89M(256M) 37.727ms
[245.739s][info][gc,cpu      ] GC(411) User=0.07s Sys=0.00s Real=0.04s
[245.739s][info][gc          ] GC(412) Concurrent Mark Cycle
[245.739s][info][gc,marking  ] GC(412) Concurrent Scan Root Regions
[245.772s][info][gc,marking  ] GC(412) Concurrent Scan Root Regions 32.139ms
[245.772s][info][gc,marking  ] GC(412) Concurrent Mark
[245.772s][info][gc,marking  ] GC(412) Concurrent Mark From Roots
[245.772s][info][gc,task     ] GC(412) Using 1 workers of 1 for marking
[245.863s][info][gc,marking  ] GC(412) Concurrent Mark From Roots 91.080ms
[245.863s][info][gc,marking  ] GC(412) Concurrent Preclean
[245.863s][info][gc,marking  ] GC(412) Concurrent Preclean 0.043ms
[245.863s][info][gc,start    ] GC(412) Pause Remark
[245.882s][info][gc          ] GC(412) Pause Remark 121M->121M(256M) 18.750ms
[245.882s][info][gc,cpu      ] GC(412) User=0.04s Sys=0.00s Real=0.01s
[245.882s][info][gc,marking  ] GC(412) Concurrent Mark 110.583ms
[245.882s][info][gc,marking  ] GC(412) Concurrent Rebuild Remembered Sets and Scrub Regions
[245.936s][info][gc,marking  ] GC(412) Concurrent Rebuild Remembered Sets and Scrub Regions 53.858ms
[245.936s][info][gc,start    ] GC(412) Pause Cleanup
[245.936s][info][gc          ] GC(412) Pause Cleanup 132M->132M(256M) 0.062ms
[245.936s][info][gc,cpu      ] GC(412) User=0.00s Sys=0.00s Real=0.00s
[245.937s][info][gc,marking  ] GC(412) Concurrent Clear Claimed Marks
[245.937s][info][gc,marking  ] GC(412) Concurrent Clear Claimed Marks 0.051ms
[245.937s][info][gc,marking  ] GC(412) Concurrent Cleanup for Next Mark
[245.938s][info][gc,marking  ] GC(412) Concurrent Cleanup for Next Mark 0.827ms
[245.938s][info][gc          ] GC(412) Concurrent Mark Cycle 198.379ms
[246.309s][info][gc,start    ] GC(413) Pause Young (Prepare Mixed) (G1 Evacuation Pause)
[246.309s][info][gc,task     ] GC(413) Using 2 workers of 2 for evacuation
[246.342s][info][gc,phases   ] GC(413)   Pre Evacuate Collection Set: 0.24ms
[246.342s][info][gc,phases   ] GC(413)   Merge Heap Roots: 0.17ms
[246.342s][info][gc,phases   ] GC(413)   Evacuate Collection Set: 32.11ms
[246.342s][info][gc,phases   ] GC(413)   Post Evacuate Collection Set: 0.50ms
[246.342s][info][gc,phases   ] GC(413)   Other: 0.10ms
[246.342s][info][gc,heap     ] GC(413) Eden regions: 114->0(107)
[246.342s][info][gc,heap     ] GC(413) Survivor regions: 20->11(17)
[246.342s][info][gc,heap     ] GC(413) Old regions: 69->88
[246.342s][info][gc,heap     ] GC(413) Humongous regions: 5->3
[246.342s][info][gc,metaspace] GC(413) Metaspace: 42176K(42624K)->42176K(42624K) NonClass: 37844K(38080K)->37844K(38080K) Class: 4332K(4544K)->4332K(4544K)
[246.342s][info][gc          ] GC(413) Pause Young (Prepare Mixed) (G1 Evacuation Pause) 207M->101M(256M) 33.333ms
[246.342s][info][gc,cpu      ] GC(413) User=0.06s Sys=0.00s Real=0.03s
[246.797s][info][gc,start    ] GC(414) Pause Young (Mixed) (G1 Evacuation Pause)
[246.797s][info][gc,task     ] GC(414) Using 2 workers of 2 for evacuation
[246.805s][info][gc,phases   ] GC(414)   Pre Evacuate Collection Set: 0.21ms
[246.805s][info][gc,phases   ] GC(414)   Merge Heap Roots: 0.09ms
[246.805s][info][gc,phases   ] GC(414)   Evacuate Collection Set: 6.72ms
[246.805s][info][gc,phases   ] GC(414)   Post Evacuate Collection Set: 0.45ms
[246.805s][info][gc,phases   ] GC(414)   Other: 0.12ms
[246.805s][info][gc,heap     ] GC(414) Eden regions: 107->0(119)
[246.805s][info][gc,heap     ] GC(414) Survivor regions: 11->6(15)
[246.805s][info][gc,heap     ] GC(414) Old regions: 88->86
[246.805s][info][gc,heap     ] GC(414) Humongous regions: 11->3
[246.805s][info][gc,metaspace] GC(414) Metaspace: 42177K(42624K)->42177K(42624K) NonClass: 37844K(38080K)->37844K(38080K) Class: 4332K(4544K)->4332K(4544K)
[246.805s][info][gc          ] GC(414) Pause Young (Mixed) (G1 Evacuation Pause) 216M->94M(256M) 7.808ms
[246.805s][info][gc,cpu      ] GC(414) User=0.02s Sys=0.00s Real=0.01s
[246.965s][info][gc,start    ] GC(415) Pause Young (Concurrent Start) (G1 Humongous Allocation)
[246.966s][info][gc,task     ] GC(415) Using 2 workers of 2 for evacuation
[246.968s][info][gc,phases   ] GC(415)   Pre Evacuate Collection Set: 0.17ms
[246.968s][info][gc,phases   ] GC(415)   Merge Heap Roots: 0.05ms
[246.968s][info][gc,phases   ] GC(415)   Evacuate Collection Set: 1.61ms
[246.968s][info][gc,phases   ] GC(415)   Post Evacuate Collection Set: 0.34ms
[246.968s][info][gc,phases   ] GC(415)   Other: 0.11ms
[246.968s][info][gc,heap     ] GC(415) Eden regions: 31->0(132)
[246.968s][info][gc,heap     ] GC(415) Survivor regions: 6->1(16)
[246.968s][info][gc,heap     ] GC(415) Old regions: 86->86
[246.968s][info][gc,heap     ] GC(415) Humongous regions: 3->1
[246.968s][info][gc,metaspace] GC(415) Metaspace: 42177K(42624K)->42177K(42624K) NonClass: 37844K(38080K)->37844K(38080K) Class: 4332K(4544K)->4332K(4544K)
[246.968s][info][gc          ] GC(415) Pause Young (Concurrent Start) (G1 Humongous Allocation) 125M->88M(256M) 2.482ms
[246.968s][info][gc,cpu      ] GC(415) User=0.01s Sys=0.00s Real=0.00s
[246.968s][info][gc          ] GC(416) Concurrent Mark Cycle
[246.968s][info][gc,marking  ] GC(416) Concurrent Scan Root Regions
[246.970s][info][gc,marking  ] GC(416) Concurrent Scan Root Regions 1.680ms
[246.970s][info][gc,marking  ] GC(416) Concurrent Mark
[246.970s][info][gc,marking  ] GC(416) Concurrent Mark From Roots
[246.970s][info][gc,task     ] GC(416) Using 1 workers of 1 for marking
[247.033s][info][gc,marking  ] GC(416) Concurrent Mark From Roots 62.943ms
[247.033s][info][gc,marking  ] GC(416) Concurrent Preclean
[247.033s][info][gc,marking  ] GC(416) Concurrent Preclean 0.041ms
[247.033s][info][gc,start    ] GC(416) Pause Remark
[247.052s][info][gc          ] GC(416) Pause Remark 107M->88M(256M) 19.351ms
[247.052s][info][gc,cpu      ] GC(416) User=0.04s Sys=0.00s Real=0.02s
[247.052s][info][gc,marking  ] GC(416) Concurrent Mark 82.637ms
[247.052s][info][gc,marking  ] GC(416) Concurrent Rebuild Remembered Sets and Scrub Regions
[247.076s][info][gc,marking  ] GC(416) Concurrent Rebuild Remembered Sets and Scrub Regions 23.189ms
[247.076s][info][gc,start    ] GC(416) Pause Cleanup
[247.076s][info][gc          ] GC(416) Pause Cleanup 91M->91M(256M) 0.061ms
[247.076s][info][gc,cpu      ] GC(416) User=0.00s Sys=0.00s Real=0.00s
[247.076s][info][gc,marking  ] GC(416) Concurrent Clear Claimed Marks
[247.076s][info][gc,marking  ] GC(416) Concurrent Clear Claimed Marks 0.042ms
[247.076s][info][gc,marking  ] GC(416) Concurrent Cleanup for Next Mark
[247.077s][info][gc,marking  ] GC(416) Concurrent Cleanup for Next Mark 0.792ms
[247.077s][info][gc          ] GC(416) Concurrent Mark Cycle 108.711ms
[247.619s][info][gc,start    ] GC(417) Pause Young (Prepare Mixed) (G1 Evacuation Pause)
[247.619s][info][gc,task     ] GC(417) Using 2 workers of 2 for evacuation
[247.634s][info][gc,phases   ] GC(417)   Pre Evacuate Collection Set: 0.16ms
[247.634s][info][gc,phases   ] GC(417)   Merge Heap Roots: 0.06ms
[247.634s][info][gc,phases   ] GC(417)   Evacuate Collection Set: 13.87ms
[247.634s][info][gc,phases   ] GC(417)   Post Evacuate Collection Set: 0.48ms
[247.634s][info][gc,phases   ] GC(417)   Other: 0.08ms
[247.634s][info][gc,heap     ] GC(417) Eden regions: 132->0(137)
[247.634s][info][gc,heap     ] GC(417) Survivor regions: 1->12(17)
[247.634s][info][gc,heap     ] GC(417) Old regions: 67->67
[247.634s][info][gc,heap     ] GC(417) Humongous regions: 5->3
[247.634s][info][gc,metaspace] GC(417) Metaspace: 42177K(42624K)->42177K(42624K) NonClass: 37844K(38080K)->37844K(38080K) Class: 4332K(4544K)->4332K(4544K)
[247.634s][info][gc          ] GC(417) Pause Young (Prepare Mixed) (G1 Evacuation Pause) 205M->82M(256M) 14.913ms
[247.634s][info][gc,cpu      ] GC(417) User=0.03s Sys=0.00s Real=0.02s
[248.299s][info][gc,start    ] GC(418) Pause Young (Mixed) (G1 Evacuation Pause)
[248.299s][info][gc,task     ] GC(418) Using 2 workers of 2 for evacuation
[248.304s][info][gc,phases   ] GC(418)   Pre Evacuate Collection Set: 0.22ms
[248.304s][info][gc,phases   ] GC(418)   Merge Heap Roots: 0.08ms
[248.304s][info][gc,phases   ] GC(418)   Evacuate Collection Set: 3.40ms
[248.304s][info][gc,phases   ] GC(418)   Post Evacuate Collection Set: 0.55ms
[248.304s][info][gc,phases   ] GC(418)   Other: 0.08ms
[248.304s][info][gc,heap     ] GC(418) Eden regions: 137->0(151)
[248.304s][info][gc,heap     ] GC(418) Survivor regions: 12->2(19)
[248.304s][info][gc,heap     ] GC(418) Old regions: 67->48
[248.304s][info][gc,heap     ] GC(418) Humongous regions: 11->3
[248.304s][info][gc,metaspace] GC(418) Metaspace: 42177K(42624K)->42177K(42624K) NonClass: 37844K(38080K)->37844K(38080K) Class: 4332K(4544K)->4332K(4544K)
[248.304s][info][gc          ] GC(418) Pause Young (Mixed) (G1 Evacuation Pause) 227M->52M(256M) 4.555ms
[248.304s][info][gc,cpu      ] GC(418) User=0.01s Sys=0.00s Real=0.01s
[248.543s][info][gc,start    ] GC(419) Pause Young (Concurrent Start) (G1 Humongous Allocation)
[248.543s][info][gc,task     ] GC(419) Using 2 workers of 2 for evacuation
[248.545s][info][gc,phases   ] GC(419)   Pre Evacuate Collection Set: 0.18ms
[248.545s][info][gc,phases   ] GC(419)   Merge Heap Roots: 0.05ms
[248.545s][info][gc,phases   ] GC(419)   Evacuate Collection Set: 1.95ms
[248.545s][info][gc,phases   ] GC(419)   Post Evacuate Collection Set: 0.38ms
[248.545s][info][gc,phases   ] GC(419)   Other: 0.12ms
[248.545s][info][gc,heap     ] GC(419) Eden regions: 59->0(151)
[248.545s][info][gc,heap     ] GC(419) Survivor regions: 2->2(20)
[248.545s][info][gc,heap     ] GC(419) Old regions: 48->48
[248.545s][info][gc,heap     ] GC(419) Humongous regions: 3->1
[248.545s][info][gc,metaspace] GC(419) Metaspace: 42177K(42624K)->42177K(42624K) NonClass: 37844K(38080K)->37844K(38080K) Class: 4332K(4544K)->4332K(4544K)
[248.545s][info][gc          ] GC(419) Pause Young (Concurrent Start) (G1 Humongous Allocation) 110M->50M(256M) 2.882ms
[248.545s][info][gc,cpu      ] GC(419) User=0.01s Sys=0.00s Real=0.00s
[248.545s][info][gc          ] GC(420) Concurrent Mark Cycle
[248.545s][info][gc,marking  ] GC(420) Concurrent Scan Root Regions
[248.548s][info][gc,marking  ] GC(420) Concurrent Scan Root Regions 2.215ms
[248.548s][info][gc,marking  ] GC(420) Concurrent Mark
[248.548s][info][gc,marking  ] GC(420) Concurrent Mark From Roots
[248.548s][info][gc,task     ] GC(420) Using 1 workers of 1 for marking
[248.616s][info][gc,marking  ] GC(420) Concurrent Mark From Roots 68.204ms
[248.616s][info][gc,marking  ] GC(420) Concurrent Preclean
[248.616s][info][gc,marking  ] GC(420) Concurrent Preclean 0.038ms
[248.616s][info][gc,start    ] GC(420) Pause Remark
[248.634s][info][gc          ] GC(420) Pause Remark 70M->70M(256M) 17.773ms
[248.634s][info][gc,cpu      ] GC(420) User=0.03s Sys=0.01s Real=0.02s
[248.634s][info][gc,marking  ] GC(420) Concurrent Mark 86.264ms
[248.634s][info][gc,marking  ] GC(420) Concurrent Rebuild Remembered Sets and Scrub Regions
[248.662s][info][gc,marking  ] GC(420) Concurrent Rebuild Remembered Sets and Scrub Regions 27.675ms
[248.662s][info][gc,start    ] GC(420) Pause Cleanup
[248.662s][info][gc          ] GC(420) Pause Cleanup 77M->77M(256M) 0.053ms
[248.662s][info][gc,cpu      ] GC(420) User=0.00s Sys=0.00s Real=0.00s
[248.662s][info][gc,marking  ] GC(420) Concurrent Clear Claimed Marks
[248.662s][info][gc,marking  ] GC(420) Concurrent Clear Claimed Marks 0.044ms
[248.662s][info][gc,marking  ] GC(420) Concurrent Cleanup for Next Mark
[248.663s][info][gc,marking  ] GC(420) Concurrent Cleanup for Next Mark 0.790ms
[248.663s][info][gc          ] GC(420) Concurrent Mark Cycle 117.421ms
[249.332s][info][gc,start    ] GC(421) Pause Young (Prepare Mixed) (G1 Evacuation Pause)
[249.332s][info][gc,task     ] GC(421) Using 2 workers of 2 for evacuation
[249.346s][info][gc,phases   ] GC(421)   Pre Evacuate Collection Set: 0.33ms
[249.346s][info][gc,phases   ] GC(421)   Merge Heap Roots: 0.09ms
[249.346s][info][gc,phases   ] GC(421)   Evacuate Collection Set: 12.63ms
[249.346s][info][gc,phases   ] GC(421)   Post Evacuate Collection Set: 0.50ms
[249.346s][info][gc,phases   ] GC(421)   Other: 0.08ms
[249.346s][info][gc,heap     ] GC(421) Eden regions: 151->0(141)
[249.346s][info][gc,heap     ] GC(421) Survivor regions: 2->12(20)
[249.346s][info][gc,heap     ] GC(421) Old regions: 48->48
[249.346s][info][gc,heap     ] GC(421) Humongous regions: 5->3
[249.346s][info][gc,metaspace] GC(421) Metaspace: 42177K(42624K)->42177K(42624K) NonClass: 37844K(38080K)->37844K(38080K) Class: 4332K(4544K)->4332K(4544K)
[249.346s][info][gc          ] GC(421) Pause Young (Prepare Mixed) (G1 Evacuation Pause) 205M->62M(256M) 13.834ms
[249.346s][info][gc,cpu      ] GC(421) User=0.02s Sys=0.00s Real=0.02s
[249.991s][info][gc,start    ] GC(422) Pause Young (Mixed) (G1 Evacuation Pause)
[249.991s][info][gc,task     ] GC(422) Using 2 workers of 2 for evacuation
[250.008s][info][gc,phases   ] GC(422)   Pre Evacuate Collection Set: 0.16ms
[250.008s][info][gc,phases   ] GC(422)   Merge Heap Roots: 0.07ms
[250.008s][info][gc,phases   ] GC(422)   Evacuate Collection Set: 16.58ms
[250.008s][info][gc,phases   ] GC(422)   Post Evacuate Collection Set: 0.54ms
[250.008s][info][gc,phases   ] GC(422)   Other: 0.09ms
[250.008s][info][gc,heap     ] GC(422) Eden regions: 141->0(136)
[250.008s][info][gc,heap     ] GC(422) Survivor regions: 12->17(20)
[250.008s][info][gc,heap     ] GC(422) Old regions: 48->47
[250.008s][info][gc,heap     ] GC(422) Humongous regions: 9->3
[250.008s][info][gc,metaspace] GC(422) Metaspace: 42177K(42624K)->42177K(42624K) NonClass: 37844K(38080K)->37844K(38080K) Class: 4332K(4544K)->4332K(4544K)
[250.009s][info][gc          ] GC(422) Pause Young (Mixed) (G1 Evacuation Pause) 209M->66M(256M) 17.678ms
[250.009s][info][gc,cpu      ] GC(422) User=0.03s Sys=0.00s Real=0.02s
[250.478s][info][gc,start    ] GC(423) Pause Young (Concurrent Start) (G1 Evacuation Pause)
[250.478s][info][gc,task     ] GC(423) Using 2 workers of 2 for evacuation
[250.519s][info][gc,phases   ] GC(423)   Pre Evacuate Collection Set: 0.18ms
[250.519s][info][gc,phases   ] GC(423)   Merge Heap Roots: 0.08ms
[250.519s][info][gc,phases   ] GC(423)   Evacuate Collection Set: 40.39ms
[250.519s][info][gc,phases   ] GC(423)   Post Evacuate Collection Set: 0.52ms
[250.519s][info][gc,phases   ] GC(423)   Other: 0.15ms
[250.519s][info][gc,heap     ] GC(423) Eden regions: 136->0(125)
[250.519s][info][gc,heap     ] GC(423) Survivor regions: 17->20(20)
[250.519s][info][gc,heap     ] GC(423) Old regions: 47->64
[250.519s][info][gc,heap     ] GC(423) Humongous regions: 3->3
[250.519s][info][gc,metaspace] GC(423) Metaspace: 42177K(42624K)->42177K(42624K) NonClass: 37844K(38080K)->37844K(38080K) Class: 4332K(4544K)->4332K(4544K)
[250.519s][info][gc          ] GC(423) Pause Young (Concurrent Start) (G1 Evacuation Pause) 202M->87M(256M) 41.552ms
[250.519s][info][gc,cpu      ] GC(423) User=0.08s Sys=0.00s Real=0.04s
[250.519s][info][gc          ] GC(424) Concurrent Mark Cycle
[250.520s][info][gc,marking  ] GC(424) Concurrent Scan Root Regions
[250.554s][info][gc,marking  ] GC(424) Concurrent Scan Root Regions 34.297ms
[250.554s][info][gc,marking  ] GC(424) Concurrent Mark
[250.554s][info][gc,marking  ] GC(424) Concurrent Mark From Roots
[250.554s][info][gc,task     ] GC(424) Using 1 workers of 1 for marking
[250.674s][info][gc,marking  ] GC(424) Concurrent Mark From Roots 120.277ms
[250.674s][info][gc,marking  ] GC(424) Concurrent Preclean
[250.674s][info][gc,marking  ] GC(424) Concurrent Preclean 0.044ms
[250.674s][info][gc,start    ] GC(424) Pause Remark
[250.693s][info][gc          ] GC(424) Pause Remark 110M->110M(256M) 18.070ms
[250.693s][info][gc,cpu      ] GC(424) User=0.03s Sys=0.00s Real=0.02s
[250.693s][info][gc,marking  ] GC(424) Concurrent Mark 139.372ms
[250.693s][info][gc,marking  ] GC(424) Concurrent Rebuild Remembered Sets and Scrub Regions
[250.737s][info][gc,marking  ] GC(424) Concurrent Rebuild Remembered Sets and Scrub Regions 43.585ms
[250.737s][info][gc,start    ] GC(424) Pause Cleanup
[250.737s][info][gc          ] GC(424) Pause Cleanup 114M->114M(256M) 0.050ms
[250.737s][info][gc,cpu      ] GC(424) User=0.00s Sys=0.00s Real=0.00s
[250.737s][info][gc,marking  ] GC(424) Concurrent Clear Claimed Marks
[250.737s][info][gc,marking  ] GC(424) Concurrent Clear Claimed Marks 0.050ms
[250.737s][info][gc,marking  ] GC(424) Concurrent Cleanup for Next Mark
[250.738s][info][gc,marking  ] GC(424) Concurrent Cleanup for Next Mark 0.764ms
[250.738s][info][gc          ] GC(424) Concurrent Mark Cycle 218.619ms
[251.357s][info][gc,start    ] GC(425) Pause Young (Prepare Mixed) (G1 Evacuation Pause)
[251.357s][info][gc,task     ] GC(425) Using 2 workers of 2 for evacuation
[251.430s][info][gc,phases   ] GC(425)   Pre Evacuate Collection Set: 0.19ms
[251.430s][info][gc,phases   ] GC(425)   Merge Heap Roots: 0.24ms
[251.430s][info][gc,phases   ] GC(425)   Evacuate Collection Set: 72.10ms
[251.431s][info][gc,phases   ] GC(425)   Post Evacuate Collection Set: 0.54ms
[251.431s][info][gc,phases   ] GC(425)   Other: 0.08ms
[251.431s][info][gc,heap     ] GC(425) Eden regions: 125->0(94)
[251.431s][info][gc,heap     ] GC(425) Survivor regions: 20->19(19)
[251.431s][info][gc,heap     ] GC(425) Old regions: 64->99
[251.431s][info][gc,heap     ] GC(425) Humongous regions: 3->3
[251.431s][info][gc,metaspace] GC(425) Metaspace: 42177K(42624K)->42177K(42624K) NonClass: 37844K(38080K)->37844K(38080K) Class: 4332K(4544K)->4332K(4544K)
[251.431s][info][gc          ] GC(425) Pause Young (Prepare Mixed) (G1 Evacuation Pause) 212M->121M(266M) 73.330ms
[251.431s][info][gc,cpu      ] GC(425) User=0.14s Sys=0.01s Real=0.07s
[252.044s][info][gc,start    ] GC(426) Pause Young (Mixed) (G1 Evacuation Pause)
[252.044s][info][gc,task     ] GC(426) Using 2 workers of 2 for evacuation
[252.111s][info][gc,phases   ] GC(426)   Pre Evacuate Collection Set: 0.19ms
[252.111s][info][gc,phases   ] GC(426)   Merge Heap Roots: 0.45ms
[252.111s][info][gc,phases   ] GC(426)   Evacuate Collection Set: 66.29ms
[252.111s][info][gc,phases   ] GC(426)   Post Evacuate Collection Set: 0.43ms
[252.111s][info][gc,phases   ] GC(426)   Other: 0.08ms
[252.111s][info][gc,heap     ] GC(426) Eden regions: 94->0(73)
[252.111s][info][gc,heap     ] GC(426) Survivor regions: 19->15(15)
[252.111s][info][gc,heap     ] GC(426) Old regions: 99->128
[252.111s][info][gc,heap     ] GC(426) Humongous regions: 3->3
[252.111s][info][gc,metaspace] GC(426) Metaspace: 42177K(42624K)->42177K(42624K) NonClass: 37844K(38080K)->37844K(38080K) Class: 4332K(4544K)->4332K(4544K)
[252.111s][info][gc          ] GC(426) Pause Young (Mixed) (G1 Evacuation Pause) 215M->145M(266M) 67.707ms
[252.111s][info][gc,cpu      ] GC(426) User=0.13s Sys=0.00s Real=0.06s
[252.347s][info][gc,start    ] GC(427) Pause Young (Concurrent Start) (G1 Humongous Allocation)
[252.347s][info][gc,task     ] GC(427) Using 2 workers of 2 for evacuation
[252.382s][info][gc,phases   ] GC(427)   Pre Evacuate Collection Set: 0.19ms
[252.382s][info][gc,phases   ] GC(427)   Merge Heap Roots: 0.21ms
[252.382s][info][gc,phases   ] GC(427)   Evacuate Collection Set: 34.06ms
[252.382s][info][gc,phases   ] GC(427)   Post Evacuate Collection Set: 0.43ms
[252.382s][info][gc,phases   ] GC(427)   Other: 0.08ms
[252.382s][info][gc,heap     ] GC(427) Eden regions: 40->0(66)
[252.382s][info][gc,heap     ] GC(427) Survivor regions: 15->11(11)
[252.382s][info][gc,heap     ] GC(427) Old regions: 128->143
[252.382s][info][gc,heap     ] GC(427) Humongous regions: 3->1
[252.382s][info][gc,metaspace] GC(427) Metaspace: 42177K(42624K)->42177K(42624K) NonClass: 37844K(38080K)->37844K(38080K) Class: 4332K(4544K)->4332K(4544K)
[252.382s][info][gc          ] GC(427) Pause Young (Concurrent Start) (G1 Humongous Allocation) 185M->155M(266M) 35.194ms
[252.382s][info][gc,cpu      ] GC(427) User=0.07s Sys=0.00s Real=0.04s
[252.382s][info][gc          ] GC(428) Concurrent Mark Cycle
[252.383s][info][gc,marking  ] GC(428) Concurrent Scan Root Regions
[252.432s][info][gc,marking  ] GC(428) Concurrent Scan Root Regions 48.736ms
[252.432s][info][gc,marking  ] GC(428) Concurrent Mark
[252.432s][info][gc,marking  ] GC(428) Concurrent Mark From Roots
[252.432s][info][gc,task     ] GC(428) Using 1 workers of 1 for marking
[252.564s][info][gc,marking  ] GC(428) Concurrent Mark From Roots 131.986ms
[252.564s][info][gc,marking  ] GC(428) Concurrent Preclean
[252.564s][info][gc,marking  ] GC(428) Concurrent Preclean 0.036ms
[252.564s][info][gc,start    ] GC(428) Pause Remark
[252.581s][info][gc          ] GC(428) Pause Remark 197M->197M(266M) 16.845ms
[252.581s][info][gc,cpu      ] GC(428) User=0.03s Sys=0.00s Real=0.01s
[252.583s][info][gc,marking  ] GC(428) Concurrent Mark 151.177ms
[252.583s][info][gc,marking  ] GC(428) Concurrent Rebuild Remembered Sets and Scrub Regions
[252.672s][info][gc,marking  ] GC(428) Concurrent Rebuild Remembered Sets and Scrub Regions 89.159ms
[252.673s][info][gc,start    ] GC(428) Pause Cleanup
[252.673s][info][gc          ] GC(428) Pause Cleanup 210M->210M(266M) 0.086ms
[252.673s][info][gc,cpu      ] GC(428) User=0.00s Sys=0.00s Real=0.00s
[252.673s][info][gc,marking  ] GC(428) Concurrent Clear Claimed Marks
[252.673s][info][gc,marking  ] GC(428) Concurrent Clear Claimed Marks 0.042ms
[252.673s][info][gc,marking  ] GC(428) Concurrent Cleanup for Next Mark
[252.674s][info][gc,marking  ] GC(428) Concurrent Cleanup for Next Mark 0.860ms
[252.674s][info][gc          ] GC(428) Concurrent Mark Cycle 291.184ms
[252.728s][info][gc,start    ] GC(429) Pause Young (Prepare Mixed) (G1 Evacuation Pause)
[252.728s][info][gc,task     ] GC(429) Using 2 workers of 2 for evacuation
[252.776s][info][gc,phases   ] GC(429)   Pre Evacuate Collection Set: 0.20ms
[252.776s][info][gc,phases   ] GC(429)   Merge Heap Roots: 0.22ms
[252.776s][info][gc,phases   ] GC(429)   Evacuate Collection Set: 46.26ms
[252.776s][info][gc,phases   ] GC(429)   Post Evacuate Collection Set: 0.62ms
[252.776s][info][gc,phases   ] GC(429)   Other: 0.08ms
[252.776s][info][gc,heap     ] GC(429) Eden regions: 66->0(61)
[252.776s][info][gc,heap     ] GC(429) Survivor regions: 11->10(10)
[252.776s][info][gc,heap     ] GC(429) Old regions: 143->154
[252.776s][info][gc,heap     ] GC(429) Humongous regions: 3->3
[252.776s][info][gc,metaspace] GC(429) Metaspace: 42177K(42624K)->42177K(42624K) NonClass: 37844K(38080K)->37844K(38080K) Class: 4332K(4544K)->4332K(4544K)
[252.776s][info][gc          ] GC(429) Pause Young (Prepare Mixed) (G1 Evacuation Pause) 223M->167M(266M) 47.594ms
[252.776s][info][gc,cpu      ] GC(429) User=0.05s Sys=0.00s Real=0.05s
[253.088s][info][gc,start    ] GC(430) Pause Young (Mixed) (G1 Evacuation Pause)
[253.089s][info][gc,task     ] GC(430) Using 2 workers of 2 for evacuation
[253.112s][info][gc,phases   ] GC(430)   Pre Evacuate Collection Set: 0.20ms
[253.112s][info][gc,phases   ] GC(430)   Merge Heap Roots: 0.20ms
[253.112s][info][gc,phases   ] GC(430)   Evacuate Collection Set: 22.13ms
[253.112s][info][gc,phases   ] GC(430)   Post Evacuate Collection Set: 0.49ms
[253.112s][info][gc,phases   ] GC(430)   Other: 0.08ms
[253.112s][info][gc,heap     ] GC(430) Eden regions: 61->0(74)
[253.112s][info][gc,heap     ] GC(430) Survivor regions: 10->8(9)
[253.112s][info][gc,heap     ] GC(430) Old regions: 154->137
[253.112s][info][gc,heap     ] GC(430) Humongous regions: 7->3
[253.112s][info][gc,metaspace] GC(430) Metaspace: 42179K(42624K)->42179K(42624K) NonClass: 37846K(38080K)->37846K(38080K) Class: 4332K(4544K)->4332K(4544K)
[253.112s][info][gc          ] GC(430) Pause Young (Mixed) (G1 Evacuation Pause) 232M->147M(266M) 23.354ms
[253.112s][info][gc,cpu      ] GC(430) User=0.05s Sys=0.00s Real=0.02s
[253.408s][info][gc,start    ] GC(431) Pause Young (Mixed) (G1 Evacuation Pause)
[253.408s][info][gc,task     ] GC(431) Using 2 workers of 2 for evacuation
[253.450s][info][gc,phases   ] GC(431)   Pre Evacuate Collection Set: 0.18ms
[253.450s][info][gc,phases   ] GC(431)   Merge Heap Roots: 0.61ms
[253.450s][info][gc,phases   ] GC(431)   Evacuate Collection Set: 39.47ms
[253.450s][info][gc,phases   ] GC(431)   Post Evacuate Collection Set: 1.78ms
[253.450s][info][gc,phases   ] GC(431)   Other: 0.08ms
[253.450s][info][gc,heap     ] GC(431) Eden regions: 74->0(176)
[253.450s][info][gc,heap     ] GC(431) Survivor regions: 8->10(11)
[253.450s][info][gc,heap     ] GC(431) Old regions: 137->124
[253.450s][info][gc,heap     ] GC(431) Humongous regions: 3->3
[253.450s][info][gc,metaspace] GC(431) Metaspace: 42179K(42624K)->42179K(42624K) NonClass: 37846K(38080K)->37846K(38080K) Class: 4332K(4544K)->4332K(4544K)
[253.450s][info][gc          ] GC(431) Pause Young (Mixed) (G1 Evacuation Pause) 221M->136M(433M) 42.337ms
[253.450s][info][gc,cpu      ] GC(431) User=0.08s Sys=0.00s Real=0.04s
[254.195s][info][gc,start    ] GC(432) Pause Young (Mixed) (G1 Evacuation Pause)
[254.195s][info][gc,task     ] GC(432) Using 2 workers of 2 for evacuation
[254.252s][info][gc,phases   ] GC(432)   Pre Evacuate Collection Set: 0.23ms
[254.252s][info][gc,phases   ] GC(432)   Merge Heap Roots: 0.36ms
[254.252s][info][gc,phases   ] GC(432)   Evacuate Collection Set: 55.43ms
[254.252s][info][gc,phases   ] GC(432)   Post Evacuate Collection Set: 0.82ms
[254.252s][info][gc,phases   ] GC(432)   Other: 0.10ms
[254.252s][info][gc,heap     ] GC(432) Eden regions: 176->0(149)
[254.252s][info][gc,heap     ] GC(432) Survivor regions: 10->24(24)
[254.252s][info][gc,heap     ] GC(432) Old regions: 124->147
[254.252s][info][gc,heap     ] GC(432) Humongous regions: 12->4
[254.252s][info][gc,metaspace] GC(432) Metaspace: 42192K(42688K)->42192K(42688K) NonClass: 37860K(38144K)->37860K(38144K) Class: 4332K(4544K)->4332K(4544K)
[254.252s][info][gc          ] GC(432) Pause Young (Mixed) (G1 Evacuation Pause) 321M->174M(433M) 57.148ms
[254.252s][info][gc,cpu      ] GC(432) User=0.11s Sys=0.00s Real=0.05s
[254.799s][info][gc,start    ] GC(433) Pause Young (Normal) (G1 Evacuation Pause)
[254.799s][info][gc,task     ] GC(433) Using 2 workers of 2 for evacuation
[254.837s][info][gc,phases   ] GC(433)   Pre Evacuate Collection Set: 0.30ms
[254.837s][info][gc,phases   ] GC(433)   Merge Heap Roots: 0.18ms
[254.837s][info][gc,phases   ] GC(433)   Evacuate Collection Set: 36.65ms
[254.837s][info][gc,phases   ] GC(433)   Post Evacuate Collection Set: 0.47ms
[254.837s][info][gc,phases   ] GC(433)   Other: 0.13ms
[254.837s][info][gc,heap     ] GC(433) Eden regions: 149->0(143)
[254.837s][info][gc,heap     ] GC(433) Survivor regions: 24->20(22)
[254.837s][info][gc,heap     ] GC(433) Old regions: 147->171
[254.837s][info][gc,heap     ] GC(433) Humongous regions: 5->4
[254.837s][info][gc,metaspace] GC(433) Metaspace: 42192K(42688K)->42192K(42688K) NonClass: 37860K(38144K)->37860K(38144K) Class: 4332K(4544K)->4332K(4544K)
[254.837s][info][gc          ] GC(433) Pause Young (Normal) (G1 Evacuation Pause) 324M->194M(433M) 38.022ms
[254.837s][info][gc,cpu      ] GC(433) User=0.08s Sys=0.00s Real=0.04s
[255.139s][info][gc,start    ] GC(434) Pause Young (Concurrent Start) (G1 Humongous Allocation)
[255.139s][info][gc,task     ] GC(434) Using 2 workers of 2 for evacuation
[255.169s][info][gc,phases   ] GC(434)   Pre Evacuate Collection Set: 0.27ms
[255.169s][info][gc,phases   ] GC(434)   Merge Heap Roots: 0.12ms
[255.169s][info][gc,phases   ] GC(434)   Evacuate Collection Set: 29.03ms
[255.169s][info][gc,phases   ] GC(434)   Post Evacuate Collection Set: 0.46ms
[255.169s][info][gc,phases   ] GC(434)   Other: 0.18ms
[255.169s][info][gc,heap     ] GC(434) Eden regions: 85->0(130)
[255.169s][info][gc,heap     ] GC(434) Survivor regions: 20->21(21)
[255.169s][info][gc,heap     ] GC(434) Old regions: 171->190
[255.169s][info][gc,heap     ] GC(434) Humongous regions: 4->4
[255.169s][info][gc,metaspace] GC(434) Metaspace: 42193K(42688K)->42193K(42688K) NonClass: 37861K(38144K)->37861K(38144K) Class: 4332K(4544K)->4332K(4544K)
[255.169s][info][gc          ] GC(434) Pause Young (Concurrent Start) (G1 Humongous Allocation) 278M->215M(433M) 30.344ms
[255.169s][info][gc,cpu      ] GC(434) User=0.05s Sys=0.00s Real=0.03s
[255.169s][info][gc          ] GC(435) Concurrent Mark Cycle
[255.169s][info][gc,marking  ] GC(435) Concurrent Scan Root Regions
[255.191s][info][gc,marking  ] GC(435) Concurrent Scan Root Regions 21.508ms
[255.191s][info][gc,marking  ] GC(435) Concurrent Mark
[255.191s][info][gc,marking  ] GC(435) Concurrent Mark From Roots
[255.191s][info][gc,task     ] GC(435) Using 1 workers of 1 for marking
[255.299s][info][gc,marking  ] GC(435) Concurrent Mark From Roots 108.222ms
[255.299s][info][gc,marking  ] GC(435) Concurrent Preclean
[255.299s][info][gc,marking  ] GC(435) Concurrent Preclean 0.055ms
[255.299s][info][gc,start    ] GC(435) Pause Remark
[255.317s][info][gc          ] GC(435) Pause Remark 244M->216M(433M) 17.258ms
[255.317s][info][gc,cpu      ] GC(435) User=0.04s Sys=0.00s Real=0.02s
[255.317s][info][gc,marking  ] GC(435) Concurrent Mark 125.918ms
[255.317s][info][gc,marking  ] GC(435) Concurrent Rebuild Remembered Sets and Scrub Regions
[255.379s][info][gc,marking  ] GC(435) Concurrent Rebuild Remembered Sets and Scrub Regions 62.343ms
[255.379s][info][gc,start    ] GC(435) Pause Cleanup
[255.380s][info][gc          ] GC(435) Pause Cleanup 231M->231M(433M) 0.086ms
[255.380s][info][gc,cpu      ] GC(435) User=0.00s Sys=0.00s Real=0.00s
[255.380s][info][gc,marking  ] GC(435) Concurrent Clear Claimed Marks
[255.380s][info][gc,marking  ] GC(435) Concurrent Clear Claimed Marks 0.042ms
[255.380s][info][gc,marking  ] GC(435) Concurrent Cleanup for Next Mark
[255.383s][info][gc,marking  ] GC(435) Concurrent Cleanup for Next Mark 3.219ms
[255.383s][info][gc          ] GC(435) Concurrent Mark Cycle 213.466ms
[255.717s][info][gc,start    ] GC(436) Pause Young (Prepare Mixed) (G1 Evacuation Pause)
[255.717s][info][gc,task     ] GC(436) Using 2 workers of 2 for evacuation
[255.754s][info][gc,phases   ] GC(436)   Pre Evacuate Collection Set: 0.25ms
[255.754s][info][gc,phases   ] GC(436)   Merge Heap Roots: 0.16ms
[255.754s][info][gc,phases   ] GC(436)   Evacuate Collection Set: 36.46ms
[255.754s][info][gc,phases   ] GC(436)   Post Evacuate Collection Set: 0.46ms
[255.754s][info][gc,phases   ] GC(436)   Other: 0.08ms
[255.754s][info][gc,heap     ] GC(436) Eden regions: 130->0(121)
[255.754s][info][gc,heap     ] GC(436) Survivor regions: 21->19(19)
[255.754s][info][gc,heap     ] GC(436) Old regions: 162->197
[255.754s][info][gc,heap     ] GC(436) Humongous regions: 6->5
[255.754s][info][gc,metaspace] GC(436) Metaspace: 42193K(42688K)->42193K(42688K) NonClass: 37861K(38144K)->37861K(38144K) Class: 4332K(4544K)->4332K(4544K)
[255.755s][info][gc          ] GC(436) Pause Young (Prepare Mixed) (G1 Evacuation Pause) 319M->221M(433M) 37.634ms
[255.755s][info][gc,cpu      ] GC(436) User=0.08s Sys=0.00s Real=0.04s
[256.212s][info][gc,start    ] GC(437) Pause Young (Mixed) (G1 Evacuation Pause)
[256.212s][info][gc,task     ] GC(437) Using 2 workers of 2 for evacuation
[256.275s][info][gc,phases   ] GC(437)   Pre Evacuate Collection Set: 0.34ms
[256.275s][info][gc,phases   ] GC(437)   Merge Heap Roots: 0.24ms
[256.275s][info][gc,phases   ] GC(437)   Evacuate Collection Set: 61.71ms
[256.275s][info][gc,phases   ] GC(437)   Post Evacuate Collection Set: 0.64ms
[256.275s][info][gc,phases   ] GC(437)   Other: 0.09ms
[256.275s][info][gc,heap     ] GC(437) Eden regions: 121->0(95)
[256.275s][info][gc,heap     ] GC(437) Survivor regions: 19->18(18)
[256.275s][info][gc,heap     ] GC(437) Old regions: 197->209
[256.275s][info][gc,heap     ] GC(437) Humongous regions: 5->5
[256.275s][info][gc,metaspace] GC(437) Metaspace: 42194K(42688K)->42194K(42688K) NonClass: 37862K(38144K)->37862K(38144K) Class: 4332K(4544K)->4332K(4544K)
[256.275s][info][gc          ] GC(437) Pause Young (Mixed) (G1 Evacuation Pause) 342M->231M(433M) 63.265ms
[256.275s][info][gc,cpu      ] GC(437) User=0.12s Sys=0.00s Real=0.07s
[256.674s][info][gc,start    ] GC(438) Pause Young (Mixed) (G1 Evacuation Pause)
[256.675s][info][gc,task     ] GC(438) Using 2 workers of 2 for evacuation
[256.751s][info][gc,phases   ] GC(438)   Pre Evacuate Collection Set: 0.24ms
[256.751s][info][gc,phases   ] GC(438)   Merge Heap Roots: 0.63ms
[256.751s][info][gc,phases   ] GC(438)   Evacuate Collection Set: 74.66ms
[256.751s][info][gc,phases   ] GC(438)   Post Evacuate Collection Set: 1.17ms
[256.751s][info][gc,phases   ] GC(438)   Other: 0.10ms
[256.751s][info][gc,heap     ] GC(438) Eden regions: 95->0(98)
[256.751s][info][gc,heap     ] GC(438) Survivor regions: 18->15(15)
[256.751s][info][gc,heap     ] GC(438) Old regions: 209->250
[256.751s][info][gc,heap     ] GC(438) Humongous regions: 6->6
[256.751s][info][gc,metaspace] GC(438) Metaspace: 42194K(42688K)->42194K(42688K) NonClass: 37862K(38144K)->37862K(38144K) Class: 4332K(4544K)->4332K(4544K)
[256.752s][info][gc          ] GC(438) Pause Young (Mixed) (G1 Evacuation Pause) 327M->270M(484M) 77.056ms
[256.752s][info][gc,cpu      ] GC(438) User=0.15s Sys=0.00s Real=0.07s
[257.189s][info][gc,start    ] GC(439) Pause Young (Concurrent Start) (G1 Evacuation Pause)
[257.189s][info][gc,task     ] GC(439) Using 2 workers of 2 for evacuation
[257.221s][info][gc,phases   ] GC(439)   Pre Evacuate Collection Set: 0.25ms
[257.221s][info][gc,phases   ] GC(439)   Merge Heap Roots: 0.24ms
[257.221s][info][gc,phases   ] GC(439)   Evacuate Collection Set: 31.40ms
[257.221s][info][gc,phases   ] GC(439)   Post Evacuate Collection Set: 0.43ms
[257.221s][info][gc,phases   ] GC(439)   Other: 0.17ms
[257.221s][info][gc,heap     ] GC(439) Eden regions: 98->0(94)
[257.221s][info][gc,heap     ] GC(439) Survivor regions: 15->15(15)
[257.221s][info][gc,heap     ] GC(439) Old regions: 250->269
[257.221s][info][gc,heap     ] GC(439) Humongous regions: 6->6
[257.221s][info][gc,metaspace] GC(439) Metaspace: 42195K(42688K)->42195K(42688K) NonClass: 37863K(38144K)->37863K(38144K) Class: 4332K(4544K)->4332K(4544K)
[257.221s][info][gc          ] GC(439) Pause Young (Concurrent Start) (G1 Evacuation Pause) 368M->289M(484M) 32.739ms
[257.221s][info][gc,cpu      ] GC(439) User=0.06s Sys=0.00s Real=0.03s
[257.221s][info][gc          ] GC(440) Concurrent Mark Cycle
[257.221s][info][gc,marking  ] GC(440) Concurrent Scan Root Regions
[257.242s][info][gc,marking  ] GC(440) Concurrent Scan Root Regions 20.955ms
[257.242s][info][gc,marking  ] GC(440) Concurrent Mark
[257.242s][info][gc,marking  ] GC(440) Concurrent Mark From Roots
[257.242s][info][gc,task     ] GC(440) Using 1 workers of 1 for marking
[257.382s][info][gc,marking  ] GC(440) Concurrent Mark From Roots 139.445ms
[257.382s][info][gc,marking  ] GC(440) Concurrent Preclean
[257.382s][info][gc,marking  ] GC(440) Concurrent Preclean 0.047ms
[257.382s][info][gc,start    ] GC(440) Pause Remark
[257.400s][info][gc          ] GC(440) Pause Remark 327M->288M(484M) 17.633ms
[257.400s][info][gc,cpu      ] GC(440) User=0.03s Sys=0.00s Real=0.02s
[257.400s][info][gc,marking  ] GC(440) Concurrent Mark 157.523ms
[257.400s][info][gc,marking  ] GC(440) Concurrent Rebuild Remembered Sets and Scrub Regions
[257.474s][info][gc,marking  ] GC(440) Concurrent Rebuild Remembered Sets and Scrub Regions 73.948ms
[257.474s][info][gc,start    ] GC(440) Pause Cleanup
[257.474s][info][gc          ] GC(440) Pause Cleanup 309M->309M(484M) 0.146ms
[257.474s][info][gc,cpu      ] GC(440) User=0.00s Sys=0.00s Real=0.00s
[257.474s][info][gc,marking  ] GC(440) Concurrent Clear Claimed Marks
[257.474s][info][gc,marking  ] GC(440) Concurrent Clear Claimed Marks 0.042ms
[257.474s][info][gc,marking  ] GC(440) Concurrent Cleanup for Next Mark
[257.476s][info][gc,marking  ] GC(440) Concurrent Cleanup for Next Mark 1.997ms
[257.476s][info][gc          ] GC(440) Concurrent Mark Cycle 255.076ms
[257.614s][info][gc,start    ] GC(441) Pause Young (Prepare Mixed) (G1 Evacuation Pause)
[257.614s][info][gc,task     ] GC(441) Using 2 workers of 2 for evacuation
[257.655s][info][gc,phases   ] GC(441)   Pre Evacuate Collection Set: 0.26ms
[257.655s][info][gc,phases   ] GC(441)   Merge Heap Roots: 0.14ms
[257.655s][info][gc,phases   ] GC(441)   Evacuate Collection Set: 39.36ms
[257.655s][info][gc,phases   ] GC(441)   Post Evacuate Collection Set: 0.51ms
[257.655s][info][gc,phases   ] GC(441)   Other: 0.11ms
[257.655s][info][gc,heap     ] GC(441) Eden regions: 94->0(85)
[257.655s][info][gc,heap     ] GC(441) Survivor regions: 15->14(14)
[257.655s][info][gc,heap     ] GC(441) Old regions: 232->278
[257.655s][info][gc,heap     ] GC(441) Humongous regions: 4->4
[257.655s][info][gc,metaspace] GC(441) Metaspace: 42197K(42688K)->42197K(42688K) NonClass: 37863K(38144K)->37863K(38144K) Class: 4333K(4544K)->4333K(4544K)
[257.655s][info][gc          ] GC(441) Pause Young (Prepare Mixed) (G1 Evacuation Pause) 344M->296M(484M) 40.604ms
[257.655s][info][gc,cpu      ] GC(441) User=0.08s Sys=0.00s Real=0.04s
[257.985s][info][gc,start    ] GC(442) Pause Young (Mixed) (G1 Evacuation Pause)
[257.985s][info][gc,task     ] GC(442) Using 2 workers of 2 for evacuation
[258.032s][info][gc,phases   ] GC(442)   Pre Evacuate Collection Set: 0.27ms
[258.032s][info][gc,phases   ] GC(442)   Merge Heap Roots: 0.22ms
[258.032s][info][gc,phases   ] GC(442)   Evacuate Collection Set: 45.02ms
[258.032s][info][gc,phases   ] GC(442)   Post Evacuate Collection Set: 0.55ms
[258.032s][info][gc,phases   ] GC(442)   Other: 0.11ms
[258.032s][info][gc,heap     ] GC(442) Eden regions: 85->0(83)
[258.032s][info][gc,heap     ] GC(442) Survivor regions: 14->13(13)
[258.032s][info][gc,heap     ] GC(442) Old regions: 278->274
[258.032s][info][gc,heap     ] GC(442) Humongous regions: 5->5
[258.032s][info][gc,metaspace] GC(442) Metaspace: 42197K(42688K)->42197K(42688K) NonClass: 37863K(38144K)->37863K(38144K) Class: 4333K(4544K)->4333K(4544K)
[258.032s][info][gc          ] GC(442) Pause Young (Mixed) (G1 Evacuation Pause) 382M->291M(484M) 46.383ms
[258.032s][info][gc,cpu      ] GC(442) User=0.09s Sys=0.00s Real=0.04s
[258.365s][info][gc,start    ] GC(443) Pause Young (Mixed) (G1 Evacuation Pause)
[258.365s][info][gc,task     ] GC(443) Using 2 workers of 2 for evacuation
[258.431s][info][gc,phases   ] GC(443)   Pre Evacuate Collection Set: 0.34ms
[258.431s][info][gc,phases   ] GC(443)   Merge Heap Roots: 0.50ms
[258.431s][info][gc,phases   ] GC(443)   Evacuate Collection Set: 64.38ms
[258.431s][info][gc,phases   ] GC(443)   Post Evacuate Collection Set: 0.58ms
[258.431s][info][gc,phases   ] GC(443)   Other: 0.08ms
[258.431s][info][gc,heap     ] GC(443) Eden regions: 83->0(74)
[258.431s][info][gc,heap     ] GC(443) Survivor regions: 13->12(12)
[258.431s][info][gc,heap     ] GC(443) Old regions: 274->286
[258.431s][info][gc,heap     ] GC(443) Humongous regions: 5->5
[258.431s][info][gc,metaspace] GC(443) Metaspace: 42198K(42688K)->42198K(42688K) NonClass: 37865K(38144K)->37865K(38144K) Class: 4333K(4544K)->4333K(4544K)
[258.431s][info][gc          ] GC(443) Pause Young (Mixed) (G1 Evacuation Pause) 374M->302M(484M) 66.135ms
[258.431s][info][gc,cpu      ] GC(443) User=0.13s Sys=0.00s Real=0.06s
[258.745s][info][gc,start    ] GC(444) Pause Young (Mixed) (G1 Evacuation Pause)
[258.745s][info][gc,task     ] GC(444) Using 2 workers of 2 for evacuation
[258.809s][info][gc,phases   ] GC(444)   Pre Evacuate Collection Set: 0.34ms
[258.809s][info][gc,phases   ] GC(444)   Merge Heap Roots: 0.63ms
[258.809s][info][gc,phases   ] GC(444)   Evacuate Collection Set: 61.82ms
[258.809s][info][gc,phases   ] GC(444)   Post Evacuate Collection Set: 1.23ms
[258.809s][info][gc,phases   ] GC(444)   Other: 0.08ms
[258.809s][info][gc,heap     ] GC(444) Eden regions: 74->0(102)
[258.809s][info][gc,heap     ] GC(444) Survivor regions: 12->11(11)
[258.809s][info][gc,heap     ] GC(444) Old regions: 286->324
[258.809s][info][gc,heap     ] GC(444) Humongous regions: 6->6
[258.809s][info][gc,metaspace] GC(444) Metaspace: 42198K(42688K)->42198K(42688K) NonClass: 37865K(38144K)->37865K(38144K) Class: 4333K(4544K)->4333K(4544K)
[258.809s][info][gc          ] GC(444) Pause Young (Mixed) (G1 Evacuation Pause) 377M->341M(583M) 64.334ms
[258.809s][info][gc,cpu      ] GC(444) User=0.13s Sys=0.01s Real=0.06s
[259.295s][info][gc,start    ] GC(445) Pause Young (Normal) (G1 Evacuation Pause)
[259.295s][info][gc,task     ] GC(445) Using 2 workers of 2 for evacuation
[259.356s][info][gc,phases   ] GC(445)   Pre Evacuate Collection Set: 0.37ms
[259.356s][info][gc,phases   ] GC(445)   Merge Heap Roots: 0.27ms
[259.356s][info][gc,phases   ] GC(445)   Evacuate Collection Set: 60.12ms
[259.356s][info][gc,phases   ] GC(445)   Post Evacuate Collection Set: 0.50ms
[259.356s][info][gc,phases   ] GC(445)   Other: 0.09ms
[259.356s][info][gc,heap     ] GC(445) Eden regions: 102->0(72)
[259.356s][info][gc,heap     ] GC(445) Survivor regions: 11->15(15)
[259.356s][info][gc,heap     ] GC(445) Old regions: 324->383
[259.356s][info][gc,heap     ] GC(445) Humongous regions: 7->7
[259.356s][info][gc,metaspace] GC(445) Metaspace: 42198K(42688K)->42198K(42688K) NonClass: 37865K(38144K)->37865K(38144K) Class: 4333K(4544K)->4333K(4544K)
[259.356s][info][gc          ] GC(445) Pause Young (Normal) (G1 Evacuation Pause) 444M->405M(583M) 61.610ms
[259.356s][info][gc,cpu      ] GC(445) User=0.12s Sys=0.01s Real=0.06s
[259.640s][info][gc,start    ] GC(446) Pause Young (Concurrent Start) (G1 Evacuation Pause)
[259.640s][info][gc,task     ] GC(446) Using 2 workers of 2 for evacuation
[259.690s][info][gc,phases   ] GC(446)   Pre Evacuate Collection Set: 0.27ms
[259.690s][info][gc,phases   ] GC(446)   Merge Heap Roots: 0.32ms
[259.690s][info][gc,phases   ] GC(446)   Evacuate Collection Set: 48.33ms
[259.690s][info][gc,phases   ] GC(446)   Post Evacuate Collection Set: 0.44ms
[259.690s][info][gc,phases   ] GC(446)   Other: 0.10ms
[259.690s][info][gc,heap     ] GC(446) Eden regions: 72->0(58)
[259.690s][info][gc,heap     ] GC(446) Survivor regions: 15->11(11)
[259.690s][info][gc,heap     ] GC(446) Old regions: 383->423
[259.690s][info][gc,heap     ] GC(446) Humongous regions: 7->7
[259.690s][info][gc,metaspace] GC(446) Metaspace: 42198K(42688K)->42198K(42688K) NonClass: 37865K(38144K)->37865K(38144K) Class: 4333K(4544K)->4333K(4544K)
[259.690s][info][gc          ] GC(446) Pause Young (Concurrent Start) (G1 Evacuation Pause) 477M->441M(583M) 49.685ms
[259.690s][info][gc,cpu      ] GC(446) User=0.10s Sys=0.00s Real=0.05s
[259.690s][info][gc          ] GC(447) Concurrent Mark Cycle
[259.690s][info][gc,marking  ] GC(447) Concurrent Scan Root Regions
[259.715s][info][gc,marking  ] GC(447) Concurrent Scan Root Regions 24.623ms
[259.715s][info][gc,marking  ] GC(447) Concurrent Mark
[259.715s][info][gc,marking  ] GC(447) Concurrent Mark From Roots
[259.715s][info][gc,task     ] GC(447) Using 1 workers of 1 for marking
[259.851s][info][gc,marking  ] GC(447) Concurrent Mark From Roots 136.179ms
[259.851s][info][gc,marking  ] GC(447) Concurrent Preclean
[259.851s][info][gc,marking  ] GC(447) Concurrent Preclean 0.051ms
[259.851s][info][gc,start    ] GC(447) Pause Remark
[259.869s][info][gc          ] GC(447) Pause Remark 478M->334M(583M) 17.493ms
[259.869s][info][gc,cpu      ] GC(447) User=0.03s Sys=0.00s Real=0.02s
[259.871s][info][gc,marking  ] GC(447) Concurrent Mark 156.564ms
[259.871s][info][gc,marking  ] GC(447) Concurrent Rebuild Remembered Sets and Scrub Regions
[259.951s][info][gc,marking  ] GC(447) Concurrent Rebuild Remembered Sets and Scrub Regions 80.153ms
[259.952s][info][gc,start    ] GC(447) Pause Cleanup
[259.952s][info][gc          ] GC(447) Pause Cleanup 354M->354M(583M) 0.149ms
[259.952s][info][gc,cpu      ] GC(447) User=0.00s Sys=0.00s Real=0.00s
[259.952s][info][gc,marking  ] GC(447) Concurrent Clear Claimed Marks
[259.952s][info][gc,marking  ] GC(447) Concurrent Clear Claimed Marks 0.042ms
[259.952s][info][gc,marking  ] GC(447) Concurrent Cleanup for Next Mark
[259.955s][info][gc,marking  ] GC(447) Concurrent Cleanup for Next Mark 2.963ms
[259.955s][info][gc          ] GC(447) Concurrent Mark Cycle 264.938ms
[259.961s][info][gc,start    ] GC(448) Pause Young (Prepare Mixed) (G1 Evacuation Pause)
[259.961s][info][gc,task     ] GC(448) Using 2 workers of 2 for evacuation
[259.986s][info][gc,phases   ] GC(448)   Pre Evacuate Collection Set: 0.39ms
[259.986s][info][gc,phases   ] GC(448)   Merge Heap Roots: 0.24ms
[259.986s][info][gc,phases   ] GC(448)   Evacuate Collection Set: 23.93ms
[259.986s][info][gc,phases   ] GC(448)   Post Evacuate Collection Set: 0.44ms
[259.986s][info][gc,phases   ] GC(448)   Other: 0.08ms
[259.986s][info][gc,heap     ] GC(448) Eden regions: 58->0(122)
[259.986s][info][gc,heap     ] GC(448) Survivor regions: 11->9(9)
[259.986s][info][gc,heap     ] GC(448) Old regions: 282->302
[259.986s][info][gc,heap     ] GC(448) Humongous regions: 5->5
[259.986s][info][gc,metaspace] GC(448) Metaspace: 42199K(42688K)->42199K(42688K) NonClass: 37866K(38144K)->37866K(38144K) Class: 4333K(4544K)->4333K(4544K)
[259.986s][info][gc          ] GC(448) Pause Young (Prepare Mixed) (G1 Evacuation Pause) 356M->316M(583M) 25.297ms
[259.986s][info][gc,cpu      ] GC(448) User=0.05s Sys=0.00s Real=0.03s
[260.452s][info][gc,start    ] GC(449) Pause Young (Mixed) (G1 Evacuation Pause)
[260.452s][info][gc,task     ] GC(449) Using 2 workers of 2 for evacuation
[260.469s][info][gc,phases   ] GC(449)   Pre Evacuate Collection Set: 0.36ms
[260.469s][info][gc,phases   ] GC(449)   Merge Heap Roots: 0.19ms
[260.469s][info][gc,phases   ] GC(449)   Evacuate Collection Set: 15.96ms
[260.469s][info][gc,phases   ] GC(449)   Post Evacuate Collection Set: 0.51ms
[260.469s][info][gc,phases   ] GC(449)   Other: 0.10ms
[260.469s][info][gc,heap     ] GC(449) Eden regions: 122->0(159)
[260.469s][info][gc,heap     ] GC(449) Survivor regions: 9->10(17)
[260.469s][info][gc,heap     ] GC(449) Old regions: 302->251
[260.469s][info][gc,heap     ] GC(449) Humongous regions: 5->5
[260.469s][info][gc,metaspace] GC(449) Metaspace: 42199K(42688K)->42199K(42688K) NonClass: 37866K(38144K)->37866K(38144K) Class: 4333K(4544K)->4333K(4544K)
[260.469s][info][gc          ] GC(449) Pause Young (Mixed) (G1 Evacuation Pause) 438M->265M(583M) 17.353ms
[260.469s][info][gc,cpu      ] GC(449) User=0.03s Sys=0.00s Real=0.02s
[261.096s][info][gc,start    ] GC(450) Pause Young (Mixed) (G1 Evacuation Pause)
[261.096s][info][gc,task     ] GC(450) Using 2 workers of 2 for evacuation
[261.113s][info][gc,phases   ] GC(450)   Pre Evacuate Collection Set: 0.27ms
[261.113s][info][gc,phases   ] GC(450)   Merge Heap Roots: 0.29ms
[261.113s][info][gc,phases   ] GC(450)   Evacuate Collection Set: 15.66ms
[261.113s][info][gc,phases   ] GC(450)   Post Evacuate Collection Set: 0.54ms
[261.113s][info][gc,phases   ] GC(450)   Other: 0.10ms
[261.113s][info][gc,heap     ] GC(450) Eden regions: 159->0(203)
[261.113s][info][gc,heap     ] GC(450) Survivor regions: 10->11(22)
[261.113s][info][gc,heap     ] GC(450) Old regions: 251->193
[261.113s][info][gc,heap     ] GC(450) Humongous regions: 6->5
[261.113s][info][gc,metaspace] GC(450) Metaspace: 42199K(42688K)->42199K(42688K) NonClass: 37866K(38144K)->37866K(38144K) Class: 4333K(4544K)->4333K(4544K)
[261.113s][info][gc          ] GC(450) Pause Young (Mixed) (G1 Evacuation Pause) 425M->208M(583M) 17.072ms
[261.113s][info][gc,cpu      ] GC(450) User=0.03s Sys=0.00s Real=0.02s
[261.971s][info][gc,start    ] GC(451) Pause Young (Mixed) (G1 Evacuation Pause)
[261.971s][info][gc,task     ] GC(451) Using 2 workers of 2 for evacuation
[261.999s][info][gc,phases   ] GC(451)   Pre Evacuate Collection Set: 0.36ms
[261.999s][info][gc,phases   ] GC(451)   Merge Heap Roots: 0.67ms
[261.999s][info][gc,phases   ] GC(451)   Evacuate Collection Set: 26.01ms
[261.999s][info][gc,phases   ] GC(451)   Post Evacuate Collection Set: 0.66ms
[261.999s][info][gc,phases   ] GC(451)   Other: 0.14ms
[261.999s][info][gc,heap     ] GC(451) Eden regions: 203->0(228)
[261.999s][info][gc,heap     ] GC(451) Survivor regions: 11->10(27)
[261.999s][info][gc,heap     ] GC(451) Old regions: 193->179
[261.999s][info][gc,heap     ] GC(451) Humongous regions: 6->5
[261.999s][info][gc,metaspace] GC(451) Metaspace: 42199K(42688K)->42199K(42688K) NonClass: 37866K(38144K)->37866K(38144K) Class: 4333K(4544K)->4333K(4544K)
[261.999s][info][gc          ] GC(451) Pause Young (Mixed) (G1 Evacuation Pause) 412M->193M(583M) 28.198ms
[261.999s][info][gc,cpu      ] GC(451) User=0.05s Sys=0.00s Real=0.03s
[262.834s][info][gc,start    ] GC(452) Pause Young (Normal) (G1 Evacuation Pause)
[262.834s][info][gc,task     ] GC(452) Using 2 workers of 2 for evacuation
[262.844s][info][gc,phases   ] GC(452)   Pre Evacuate Collection Set: 0.27ms
[262.844s][info][gc,phases   ] GC(452)   Merge Heap Roots: 0.11ms
[262.844s][info][gc,phases   ] GC(452)   Evacuate Collection Set: 8.84ms
[262.844s][info][gc,phases   ] GC(452)   Post Evacuate Collection Set: 0.54ms
[262.844s][info][gc,phases   ] GC(452)   Other: 0.08ms
[262.844s][info][gc,heap     ] GC(452) Eden regions: 228->0(245)
[262.844s][info][gc,heap     ] GC(452) Survivor regions: 10->11(30)
[262.844s][info][gc,heap     ] GC(452) Old regions: 179->179
[262.844s][info][gc,heap     ] GC(452) Humongous regions: 8->5
[262.844s][info][gc,metaspace] GC(452) Metaspace: 42199K(42688K)->42199K(42688K) NonClass: 37866K(38144K)->37866K(38144K) Class: 4333K(4544K)->4333K(4544K)
[262.844s][info][gc          ] GC(452) Pause Young (Normal) (G1 Evacuation Pause) 424M->193M(583M) 10.057ms
[262.844s][info][gc,cpu      ] GC(452) User=0.02s Sys=0.00s Real=0.01s
[263.863s][info][gc,start    ] GC(453) Pause Young (Normal) (G1 Evacuation Pause)
[263.863s][info][gc,task     ] GC(453) Using 2 workers of 2 for evacuation
[263.874s][info][gc,phases   ] GC(453)   Pre Evacuate Collection Set: 0.26ms
[263.874s][info][gc,phases   ] GC(453)   Merge Heap Roots: 0.12ms
[263.874s][info][gc,phases   ] GC(453)   Evacuate Collection Set: 10.51ms
[263.874s][info][gc,phases   ] GC(453)   Post Evacuate Collection Set: 0.71ms
[263.874s][info][gc,phases   ] GC(453)   Other: 0.09ms
[263.874s][info][gc,heap     ] GC(453) Eden regions: 245->0(262)
[263.874s][info][gc,heap     ] GC(453) Survivor regions: 11->11(32)
[263.874s][info][gc,heap     ] GC(453) Old regions: 179->179
[263.874s][info][gc,heap     ] GC(453) Humongous regions: 8->5
[263.875s][info][gc,metaspace] GC(453) Metaspace: 42199K(42688K)->42199K(42688K) NonClass: 37866K(38144K)->37866K(38144K) Class: 4333K(4544K)->4333K(4544K)
[263.875s][info][gc          ] GC(453) Pause Young (Normal) (G1 Evacuation Pause) 441M->194M(583M) 11.907ms
[263.875s][info][gc,cpu      ] GC(453) User=0.02s Sys=0.00s Real=0.01s
[264.026s][info][gc,start    ] GC(454) Pause Young (Concurrent Start) (G1 Humongous Allocation)
[264.026s][info][gc,task     ] GC(454) Using 2 workers of 2 for evacuation
[264.045s][info][gc,phases   ] GC(454)   Pre Evacuate Collection Set: 0.34ms
[264.045s][info][gc,phases   ] GC(454)   Merge Heap Roots: 0.10ms
[264.045s][info][gc,phases   ] GC(454)   Evacuate Collection Set: 18.03ms
[264.045s][info][gc,phases   ] GC(454)   Post Evacuate Collection Set: 0.39ms
[264.045s][info][gc,phases   ] GC(454)   Other: 0.13ms
[264.045s][info][gc,heap     ] GC(454) Eden regions: 43->0(255)
[264.045s][info][gc,heap     ] GC(454) Survivor regions: 11->25(35)
[264.045s][info][gc,heap     ] GC(454) Old regions: 179->179
[264.045s][info][gc,heap     ] GC(454) Humongous regions: 5->3
[264.045s][info][gc,metaspace] GC(454) Metaspace: 42200K(42688K)->42200K(42688K) NonClass: 37867K(38144K)->37867K(38144K) Class: 4333K(4544K)->4333K(4544K)
[264.045s][info][gc          ] GC(454) Pause Young (Concurrent Start) (G1 Humongous Allocation) 236M->205M(583M) 19.220ms
[264.045s][info][gc,cpu      ] GC(454) User=0.03s Sys=0.00s Real=0.02s
[264.045s][info][gc          ] GC(455) Concurrent Undo Cycle
[264.045s][info][gc,marking  ] GC(455) Concurrent Clear Claimed Marks
[264.045s][info][gc,marking  ] GC(455) Concurrent Clear Claimed Marks 0.041ms
[264.045s][info][gc,marking  ] GC(455) Concurrent Cleanup for Next Mark
[264.046s][info][gc,marking  ] GC(455) Concurrent Cleanup for Next Mark 0.188ms
[264.046s][info][gc          ] GC(455) Concurrent Undo Cycle 0.343ms
[264.929s][info][gc,start    ] GC(456) Pause Young (Normal) (G1 Evacuation Pause)
[264.930s][info][gc,task     ] GC(456) Using 2 workers of 2 for evacuation
[264.950s][info][gc,phases   ] GC(456)   Pre Evacuate Collection Set: 0.28ms
[264.950s][info][gc,phases   ] GC(456)   Merge Heap Roots: 0.15ms
[264.950s][info][gc,phases   ] GC(456)   Evacuate Collection Set: 18.59ms
[264.950s][info][gc,phases   ] GC(456)   Post Evacuate Collection Set: 1.66ms
[264.950s][info][gc,phases   ] GC(456)   Other: 0.09ms
[264.950s][info][gc,heap     ] GC(456) Eden regions: 255->0(347)
[264.950s][info][gc,heap     ] GC(456) Survivor regions: 25->2(35)
[264.950s][info][gc,heap     ] GC(456) Old regions: 179->203
[264.950s][info][gc,heap     ] GC(456) Humongous regions: 5->5
[264.950s][info][gc,metaspace] GC(456) Metaspace: 42201K(42688K)->42201K(42688K) NonClass: 37867K(38144K)->37867K(38144K) Class: 4333K(4544K)->4333K(4544K)
[264.950s][info][gc          ] GC(456) Pause Young (Normal) (G1 Evacuation Pause) 462M->209M(708M) 21.008ms
[264.950s][info][gc,cpu      ] GC(456) User=0.04s Sys=0.00s Real=0.02s
[266.092s][info][gc,start    ] GC(457) Pause Young (Normal) (G1 Evacuation Pause)
[266.092s][info][gc,task     ] GC(457) Using 2 workers of 2 for evacuation
[266.098s][info][gc,phases   ] GC(457)   Pre Evacuate Collection Set: 0.30ms
[266.098s][info][gc,phases   ] GC(457)   Merge Heap Roots: 0.12ms
[266.098s][info][gc,phases   ] GC(457)   Evacuate Collection Set: 4.78ms
[266.098s][info][gc,phases   ] GC(457)   Post Evacuate Collection Set: 0.81ms
[266.098s][info][gc,phases   ] GC(457)   Other: 0.09ms
[266.098s][info][gc,heap     ] GC(457) Eden regions: 347->0(365)
[266.098s][info][gc,heap     ] GC(457) Survivor regions: 2->6(44)
[266.098s][info][gc,heap     ] GC(457) Old regions: 203->203
[266.098s][info][gc,heap     ] GC(457) Humongous regions: 6->3
[266.098s][info][gc,metaspace] GC(457) Metaspace: 42203K(42688K)->42203K(42688K) NonClass: 37870K(38144K)->37870K(38144K) Class: 4333K(4544K)->4333K(4544K)
[266.098s][info][gc          ] GC(457) Pause Young (Normal) (G1 Evacuation Pause) 557M->211M(708M) 6.349ms
[266.098s][info][gc,cpu      ] GC(457) User=0.01s Sys=0.00s Real=0.01s
[266.840s][info][gc,start    ] GC(458) Pause Young (Concurrent Start) (G1 Humongous Allocation)
[266.840s][info][gc,task     ] GC(458) Using 2 workers of 2 for evacuation
[266.852s][info][gc,phases   ] GC(458)   Pre Evacuate Collection Set: 0.35ms
[266.852s][info][gc,phases   ] GC(458)   Merge Heap Roots: 0.10ms
[266.852s][info][gc,phases   ] GC(458)   Evacuate Collection Set: 9.95ms
[266.852s][info][gc,phases   ] GC(458)   Post Evacuate Collection Set: 0.98ms
[266.852s][info][gc,phases   ] GC(458)   Other: 0.18ms
[266.852s][info][gc,heap     ] GC(458) Eden regions: 310->0(382)
[266.852s][info][gc,heap     ] GC(458) Survivor regions: 6->8(47)
[266.852s][info][gc,heap     ] GC(458) Old regions: 203->203
[266.852s][info][gc,heap     ] GC(458) Humongous regions: 7->3
[266.852s][info][gc,metaspace] GC(458) Metaspace: 42206K(42688K)->42206K(42688K) NonClass: 37873K(38144K)->37873K(38144K) Class: 4333K(4544K)->4333K(4544K)
[266.852s][info][gc          ] GC(458) Pause Young (Concurrent Start) (G1 Humongous Allocation) 524M->213M(708M) 11.795ms
[266.852s][info][gc,cpu      ] GC(458) User=0.02s Sys=0.00s Real=0.01s
[266.852s][info][gc          ] GC(459) Concurrent Undo Cycle
[266.852s][info][gc,marking  ] GC(459) Concurrent Clear Claimed Marks
[266.852s][info][gc,marking  ] GC(459) Concurrent Clear Claimed Marks 0.065ms
[266.852s][info][gc,marking  ] GC(459) Concurrent Cleanup for Next Mark
[266.852s][info][gc,marking  ] GC(459) Concurrent Cleanup for Next Mark 0.166ms
[266.852s][info][gc          ] GC(459) Concurrent Undo Cycle 0.319ms
[266.860s][info][gc,start    ] GC(460) Pause Young (Concurrent Start) (G1 Humongous Allocation)
[266.860s][info][gc,task     ] GC(460) Using 2 workers of 2 for evacuation
[266.867s][info][gc,phases   ] GC(460)   Pre Evacuate Collection Set: 0.31ms
[266.868s][info][gc,phases   ] GC(460)   Merge Heap Roots: 0.06ms
[266.868s][info][gc,phases   ] GC(460)   Evacuate Collection Set: 6.34ms
[266.868s][info][gc,phases   ] GC(460)   Post Evacuate Collection Set: 0.36ms
[266.868s][info][gc,phases   ] GC(460)   Other: 0.13ms
[266.868s][info][gc,heap     ] GC(460) Eden regions: 1->0(397)
[266.868s][info][gc,heap     ] GC(460) Survivor regions: 8->8(49)
[266.868s][info][gc,heap     ] GC(460) Old regions: 203->203
[266.868s][info][gc,heap     ] GC(460) Humongous regions: 5->3
[266.868s][info][gc,metaspace] GC(460) Metaspace: 42206K(42688K)->42206K(42688K) NonClass: 37873K(38144K)->37873K(38144K) Class: 4333K(4544K)->4333K(4544K)
[266.868s][info][gc          ] GC(460) Pause Young (Concurrent Start) (G1 Humongous Allocation) 215M->213M(708M) 7.472ms
[266.868s][info][gc,cpu      ] GC(460) User=0.02s Sys=0.00s Real=0.01s
[266.868s][info][gc          ] GC(461) Concurrent Mark Cycle
[266.868s][info][gc,marking  ] GC(461) Concurrent Scan Root Regions
[266.874s][info][gc,marking  ] GC(461) Concurrent Scan Root Regions 6.555ms
[266.874s][info][gc,marking  ] GC(461) Concurrent Mark
[266.874s][info][gc,marking  ] GC(461) Concurrent Mark From Roots
[266.874s][info][gc,task     ] GC(461) Using 1 workers of 1 for marking
[266.957s][info][gc,marking  ] GC(461) Concurrent Mark From Roots 82.211ms
[266.957s][info][gc,marking  ] GC(461) Concurrent Preclean
[266.957s][info][gc,marking  ] GC(461) Concurrent Preclean 0.042ms
[266.957s][info][gc,start    ] GC(461) Pause Remark
[266.975s][info][gc          ] GC(461) Pause Remark 275M->146M(464M) 18.581ms
[266.975s][info][gc,cpu      ] GC(461) User=0.04s Sys=0.00s Real=0.02s
[266.975s][info][gc,marking  ] GC(461) Concurrent Mark 101.163ms
[266.976s][info][gc,marking  ] GC(461) Concurrent Rebuild Remembered Sets and Scrub Regions
[267.008s][info][gc,marking  ] GC(461) Concurrent Rebuild Remembered Sets and Scrub Regions 32.098ms
[267.008s][info][gc,start    ] GC(461) Pause Cleanup
[267.008s][info][gc          ] GC(461) Pause Cleanup 169M->169M(464M) 0.069ms
[267.008s][info][gc,cpu      ] GC(461) User=0.00s Sys=0.00s Real=0.00s
[267.008s][info][gc,marking  ] GC(461) Concurrent Clear Claimed Marks
[267.008s][info][gc,marking  ] GC(461) Concurrent Clear Claimed Marks 0.044ms
[267.008s][info][gc,marking  ] GC(461) Concurrent Cleanup for Next Mark
[267.009s][info][gc,marking  ] GC(461) Concurrent Cleanup for Next Mark 1.416ms
[267.009s][info][gc          ] GC(461) Concurrent Mark Cycle 141.663ms
[267.789s][info][gc,start    ] GC(462) Pause Young (Prepare Mixed) (G1 Evacuation Pause)
[267.789s][info][gc,task     ] GC(462) Using 2 workers of 2 for evacuation
[267.806s][info][gc,phases   ] GC(462)   Pre Evacuate Collection Set: 0.35ms
[267.806s][info][gc,phases   ] GC(462)   Merge Heap Roots: 0.08ms
[267.806s][info][gc,phases   ] GC(462)   Evacuate Collection Set: 15.16ms
[267.806s][info][gc,phases   ] GC(462)   Post Evacuate Collection Set: 1.15ms
[267.806s][info][gc,phases   ] GC(462)   Other: 0.08ms
[267.806s][info][gc,heap     ] GC(462) Eden regions: 73->0(376)
[267.806s][info][gc,heap     ] GC(462) Survivor regions: 8->11(45)
[267.806s][info][gc,heap     ] GC(462) Old regions: 76->76
[267.806s][info][gc,heap     ] GC(462) Humongous regions: 477->3
[267.806s][info][gc,metaspace] GC(462) Metaspace: 42206K(42688K)->42206K(42688K) NonClass: 37873K(38144K)->37873K(38144K) Class: 4333K(4544K)->4333K(4544K)
[267.806s][info][gc          ] GC(462) Pause Young (Prepare Mixed) (G1 Evacuation Pause) 633M->90M(645M) 17.051ms
[267.806s][info][gc,cpu      ] GC(462) User=0.02s Sys=0.01s Real=0.02s
[268.933s][info][gc,start    ] GC(463) Pause Young (Mixed) (G1 Evacuation Pause)
[268.933s][info][gc,task     ] GC(463) Using 2 workers of 2 for evacuation
[268.978s][info][gc,phases   ] GC(463)   Pre Evacuate Collection Set: 0.32ms
[268.978s][info][gc,phases   ] GC(463)   Merge Heap Roots: 0.09ms
[268.978s][info][gc,phases   ] GC(463)   Evacuate Collection Set: 42.02ms
[268.978s][info][gc,phases   ] GC(463)   Post Evacuate Collection Set: 2.10ms
[268.978s][info][gc,phases   ] GC(463)   Other: 0.08ms
[268.978s][info][gc,heap     ] GC(463) Eden regions: 107->0(458)
[268.978s][info][gc,heap     ] GC(463) Survivor regions: 11->25(55)
[268.978s][info][gc,heap     ] GC(463) Old regions: 76->69
[268.978s][info][gc,heap     ] GC(463) Humongous regions: 585->3
[268.978s][info][gc,metaspace] GC(463) Metaspace: 42226K(42688K)->42226K(42688K) NonClass: 37890K(38144K)->37890K(38144K) Class: 4335K(4544K)->4335K(4544K)
[268.978s][info][gc          ] GC(463) Pause Young (Mixed) (G1 Evacuation Pause) 778M->96M(805M) 44.860ms
[268.978s][info][gc,cpu      ] GC(463) User=0.06s Sys=0.02s Real=0.04s
[269.379s][info][gc,start    ] GC(464) Pause Young (Concurrent Start) (G1 Humongous Allocation)
[269.379s][info][gc,task     ] GC(464) Using 2 workers of 2 for evacuation
[269.418s][info][gc,phases   ] GC(464)   Pre Evacuate Collection Set: 0.43ms
[269.418s][info][gc,phases   ] GC(464)   Merge Heap Roots: 0.07ms
[269.418s][info][gc,phases   ] GC(464)   Evacuate Collection Set: 37.08ms
[269.418s][info][gc,phases   ] GC(464)   Post Evacuate Collection Set: 1.14ms
[269.418s][info][gc,phases   ] GC(464)   Other: 0.14ms
[269.418s][info][gc,heap     ] GC(464) Eden regions: 42->0(454)
[269.418s][info][gc,heap     ] GC(464) Survivor regions: 25->29(61)
[269.418s][info][gc,heap     ] GC(464) Old regions: 69->69
[269.418s][info][gc,heap     ] GC(464) Humongous regions: 225->1
[269.418s][info][gc,metaspace] GC(464) Metaspace: 42226K(42688K)->42226K(42688K) NonClass: 37890K(38144K)->37890K(38144K) Class: 4335K(4544K)->4335K(4544K)
[269.418s][info][gc          ] GC(464) Pause Young (Concurrent Start) (G1 Humongous Allocation) 359M->97M(805M) 39.156ms
[269.418s][info][gc,cpu      ] GC(464) User=0.06s Sys=0.00s Real=0.04s
[269.419s][info][gc          ] GC(465) Concurrent Undo Cycle
[269.419s][info][gc,marking  ] GC(465) Concurrent Clear Claimed Marks
[269.419s][info][gc,marking  ] GC(465) Concurrent Clear Claimed Marks 0.043ms
[269.419s][info][gc,marking  ] GC(465) Concurrent Cleanup for Next Mark
[269.421s][info][gc,marking  ] GC(465) Concurrent Cleanup for Next Mark 1.895ms
[269.421s][info][gc          ] GC(465) Concurrent Undo Cycle 2.065ms
[270.907s][info][gc,start    ] GC(466) Pause Young (Normal) (G1 Evacuation Pause)
[270.907s][info][gc,task     ] GC(466) Using 2 workers of 2 for evacuation
[270.919s][info][gc,phases   ] GC(466)   Pre Evacuate Collection Set: 0.30ms
[270.919s][info][gc,phases   ] GC(466)   Merge Heap Roots: 0.14ms
[270.919s][info][gc,phases   ] GC(466)   Evacuate Collection Set: 10.04ms
[270.919s][info][gc,phases   ] GC(466)   Post Evacuate Collection Set: 0.86ms
[270.919s][info][gc,phases   ] GC(466)   Other: 0.14ms
[270.919s][info][gc,heap     ] GC(466) Eden regions: 454->0(471)
[270.919s][info][gc,heap     ] GC(466) Survivor regions: 29->12(61)
[270.919s][info][gc,heap     ] GC(466) Old regions: 69->69
[270.919s][info][gc,heap     ] GC(466) Humongous regions: 99->1
[270.919s][info][gc,metaspace] GC(466) Metaspace: 42255K(42752K)->42255K(42752K) NonClass: 37920K(38208K)->37920K(38208K) Class: 4335K(4544K)->4335K(4544K)
[270.919s][info][gc          ] GC(466) Pause Young (Normal) (G1 Evacuation Pause) 649M->81M(805M) 11.729ms
[270.919s][info][gc,cpu      ] GC(466) User=0.03s Sys=0.00s Real=0.01s
[272.176s][info][gc,start    ] GC(467) Pause Young (Normal) (G1 Evacuation Pause)
[272.176s][info][gc,task     ] GC(467) Using 2 workers of 2 for evacuation
[272.187s][info][gc,phases   ] GC(467)   Pre Evacuate Collection Set: 0.41ms
[272.187s][info][gc,phases   ] GC(467)   Merge Heap Roots: 0.11ms
[272.187s][info][gc,phases   ] GC(467)   Evacuate Collection Set: 8.84ms
[272.187s][info][gc,phases   ] GC(467)   Post Evacuate Collection Set: 1.48ms
[272.187s][info][gc,phases   ] GC(467)   Other: 0.13ms
[272.187s][info][gc,heap     ] GC(467) Eden regions: 471->0(471)
[272.187s][info][gc,heap     ] GC(467) Survivor regions: 12->12(61)
[272.187s][info][gc,heap     ] GC(467) Old regions: 69->69
[272.187s][info][gc,heap     ] GC(467) Humongous regions: 1->1
[272.187s][info][gc,metaspace] GC(467) Metaspace: 42270K(42752K)->42270K(42752K) NonClass: 37935K(38208K)->37935K(38208K) Class: 4335K(4544K)->4335K(4544K)
[272.187s][info][gc          ] GC(467) Pause Young (Normal) (G1 Evacuation Pause) 552M->80M(805M) 11.256ms
[272.187s][info][gc,cpu      ] GC(467) User=0.02s Sys=0.00s Real=0.01s
[274.356s][info][gc,start    ] GC(468) Pause Young (Normal) (G1 Evacuation Pause)
[274.356s][info][gc,task     ] GC(468) Using 2 workers of 2 for evacuation
[274.368s][info][gc,phases   ] GC(468)   Pre Evacuate Collection Set: 1.81ms
[274.368s][info][gc,phases   ] GC(468)   Merge Heap Roots: 0.23ms
[274.368s][info][gc,phases   ] GC(468)   Evacuate Collection Set: 8.17ms
[274.368s][info][gc,phases   ] GC(468)   Post Evacuate Collection Set: 1.27ms
[274.368s][info][gc,phases   ] GC(468)   Other: 0.13ms
[274.368s][info][gc,heap     ] GC(468) Eden regions: 471->0(475)
[274.368s][info][gc,heap     ] GC(468) Survivor regions: 12->8(61)
[274.368s][info][gc,heap     ] GC(468) Old regions: 69->69
[274.368s][info][gc,heap     ] GC(468) Humongous regions: 11->1
[274.368s][info][gc,metaspace] GC(468) Metaspace: 42487K(42944K)->42487K(42944K) NonClass: 38151K(38400K)->38151K(38400K) Class: 4335K(4544K)->4335K(4544K)
[274.368s][info][gc          ] GC(468) Pause Young (Normal) (G1 Evacuation Pause) 561M->76M(805M) 11.857ms
[274.368s][info][gc,cpu      ] GC(468) User=0.02s Sys=0.00s Real=0.01s
[276.299s][info][gc,start    ] GC(469) Pause Young (Normal) (G1 Evacuation Pause)
[276.299s][info][gc,task     ] GC(469) Using 2 workers of 2 for evacuation
[276.377s][info][gc,phases   ] GC(469)   Pre Evacuate Collection Set: 0.50ms
[276.377s][info][gc,phases   ] GC(469)   Merge Heap Roots: 0.23ms
[276.377s][info][gc,phases   ] GC(469)   Evacuate Collection Set: 76.20ms
[276.377s][info][gc,phases   ] GC(469)   Post Evacuate Collection Set: 0.85ms
[276.377s][info][gc,phases   ] GC(469)   Other: 0.09ms
[276.377s][info][gc,heap     ] GC(469) Eden regions: 475->0(426)
[276.377s][info][gc,heap     ] GC(469) Survivor regions: 8->57(61)
[276.377s][info][gc,heap     ] GC(469) Old regions: 69->69
[276.377s][info][gc,heap     ] GC(469) Humongous regions: 8->6
[276.377s][info][gc,metaspace] GC(469) Metaspace: 42500K(42944K)->42500K(42944K) NonClass: 38165K(38400K)->38165K(38400K) Class: 4335K(4544K)->4335K(4544K)
[276.377s][info][gc          ] GC(469) Pause Young (Normal) (G1 Evacuation Pause) 558M->131M(805M) 78.100ms
[276.377s][info][gc,cpu      ] GC(469) User=0.15s Sys=0.00s Real=0.08s
[280.829s][info][gc,start    ] GC(470) Pause Young (Normal) (G1 Evacuation Pause)
[280.829s][info][gc,task     ] GC(470) Using 2 workers of 2 for evacuation
[280.895s][info][gc,phases   ] GC(470)   Pre Evacuate Collection Set: 0.30ms
[280.895s][info][gc,phases   ] GC(470)   Merge Heap Roots: 0.25ms
[280.895s][info][gc,phases   ] GC(470)   Evacuate Collection Set: 65.06ms
[280.895s][info][gc,phases   ] GC(470)   Post Evacuate Collection Set: 0.87ms
[280.895s][info][gc,phases   ] GC(470)   Other: 0.09ms
[280.895s][info][gc,heap     ] GC(470) Eden regions: 426->0(460)
[280.895s][info][gc,heap     ] GC(470) Survivor regions: 57->23(61)
[280.895s][info][gc,heap     ] GC(470) Old regions: 69->108
[280.895s][info][gc,heap     ] GC(470) Humongous regions: 13->8
[280.895s][info][gc,metaspace] GC(470) Metaspace: 42516K(43008K)->42516K(43008K) NonClass: 38180K(38464K)->38180K(38464K) Class: 4335K(4544K)->4335K(4544K)
[280.896s][info][gc          ] GC(470) Pause Young (Normal) (G1 Evacuation Pause) 564M->138M(805M) 66.799ms
[280.896s][info][gc,cpu      ] GC(470) User=0.14s Sys=0.00s Real=0.07s
[282.359s][info][gc,start    ] GC(471) Pause Young (Normal) (G1 Evacuation Pause)
[282.359s][info][gc,task     ] GC(471) Using 2 workers of 2 for evacuation
[282.428s][info][gc,phases   ] GC(471)   Pre Evacuate Collection Set: 0.28ms
[282.428s][info][gc,phases   ] GC(471)   Merge Heap Roots: 0.25ms
[282.428s][info][gc,phases   ] GC(471)   Evacuate Collection Set: 67.34ms
[282.428s][info][gc,phases   ] GC(471)   Post Evacuate Collection Set: 0.81ms
[282.428s][info][gc,phases   ] GC(471)   Other: 0.09ms
[282.428s][info][gc,heap     ] GC(471) Eden regions: 460->0(422)
[282.428s][info][gc,heap     ] GC(471) Survivor regions: 23->61(61)
[282.428s][info][gc,heap     ] GC(471) Old regions: 108->108
[282.428s][info][gc,heap     ] GC(471) Humongous regions: 13->13
[282.428s][info][gc,metaspace] GC(471) Metaspace: 42530K(43008K)->42530K(43008K) NonClass: 38195K(38464K)->38195K(38464K) Class: 4335K(4544K)->4335K(4544K)
[282.428s][info][gc          ] GC(471) Pause Young (Normal) (G1 Evacuation Pause) 603M->182M(805M) 69.046ms
[282.428s][info][gc,cpu      ] GC(471) User=0.14s Sys=0.00s Real=0.07s
[284.850s][info][gc,start    ] GC(472) Pause Young (Normal) (G1 Evacuation Pause)
[284.850s][info][gc,task     ] GC(472) Using 2 workers of 2 for evacuation
[284.938s][info][gc,phases   ] GC(472)   Pre Evacuate Collection Set: 0.24ms
[284.938s][info][gc,phases   ] GC(472)   Merge Heap Roots: 0.34ms
[284.938s][info][gc,phases   ] GC(472)   Evacuate Collection Set: 86.40ms
[284.938s][info][gc,phases   ] GC(472)   Post Evacuate Collection Set: 0.76ms
[284.938s][info][gc,phases   ] GC(472)   Other: 0.09ms
[284.938s][info][gc,heap     ] GC(472) Eden regions: 422->0(453)
[284.938s][info][gc,heap     ] GC(472) Survivor regions: 61->30(61)
[284.938s][info][gc,heap     ] GC(472) Old regions: 108->156
[284.938s][info][gc,heap     ] GC(472) Humongous regions: 25->23
[284.938s][info][gc,metaspace] GC(472) Metaspace: 42530K(43008K)->42530K(43008K) NonClass: 38195K(38464K)->38195K(38464K) Class: 4335K(4544K)->4335K(4544K)
[284.938s][info][gc          ] GC(472) Pause Young (Normal) (G1 Evacuation Pause) 616M->208M(805M) 88.053ms
[284.938s][info][gc,cpu      ] GC(472) User=0.18s Sys=0.00s Real=0.09s
[287.701s][info][gc,start    ] GC(473) Pause Young (Normal) (G1 Evacuation Pause)
[287.701s][info][gc,task     ] GC(473) Using 2 workers of 2 for evacuation
[287.746s][info][gc,phases   ] GC(473)   Pre Evacuate Collection Set: 0.48ms
[287.746s][info][gc,phases   ] GC(473)   Merge Heap Roots: 0.25ms
[287.746s][info][gc,phases   ] GC(473)   Evacuate Collection Set: 43.15ms
[287.746s][info][gc,phases   ] GC(473)   Post Evacuate Collection Set: 0.84ms
[287.746s][info][gc,phases   ] GC(473)   Other: 0.13ms
[287.746s][info][gc,heap     ] GC(473) Eden regions: 453->0(446)
[287.746s][info][gc,heap     ] GC(473) Survivor regions: 30->37(61)
[287.746s][info][gc,heap     ] GC(473) Old regions: 156->156
[287.746s][info][gc,heap     ] GC(473) Humongous regions: 23->23
[287.746s][info][gc,metaspace] GC(473) Metaspace: 42531K(43008K)->42531K(43008K) NonClass: 38196K(38464K)->38196K(38464K) Class: 4335K(4544K)->4335K(4544K)
[287.746s][info][gc          ] GC(473) Pause Young (Normal) (G1 Evacuation Pause) 661M->216M(805M) 45.194ms
[287.746s][info][gc,cpu      ] GC(473) User=0.09s Sys=0.00s Real=0.05s
[290.841s][info][gc,start    ] GC(474) Pause Young (Normal) (G1 Evacuation Pause)
[290.841s][info][gc,task     ] GC(474) Using 2 workers of 2 for evacuation
[290.888s][info][gc,phases   ] GC(474)   Pre Evacuate Collection Set: 0.46ms
[290.888s][info][gc,phases   ] GC(474)   Merge Heap Roots: 0.27ms
[290.888s][info][gc,phases   ] GC(474)   Evacuate Collection Set: 45.59ms
[290.888s][info][gc,phases   ] GC(474)   Post Evacuate Collection Set: 0.74ms
[290.888s][info][gc,phases   ] GC(474)   Other: 0.11ms
[290.888s][info][gc,heap     ] GC(474) Eden regions: 446->0(473)
[290.889s][info][gc,heap     ] GC(474) Survivor regions: 37->10(61)
[290.889s][info][gc,heap     ] GC(474) Old regions: 156->184
[290.889s][info][gc,heap     ] GC(474) Humongous regions: 24->23
[290.889s][info][gc,metaspace] GC(474) Metaspace: 42531K(43008K)->42531K(43008K) NonClass: 38196K(38464K)->38196K(38464K) Class: 4335K(4544K)->4335K(4544K)
[290.889s][info][gc          ] GC(474) Pause Young (Normal) (G1 Evacuation Pause) 663M->216M(805M) 48.493ms
[290.889s][info][gc,cpu      ] GC(474) User=0.09s Sys=0.00s Real=0.05s
[292.382s][info][gc,start    ] GC(475) Pause Young (Normal) (G1 Evacuation Pause)
[292.382s][info][gc,task     ] GC(475) Using 2 workers of 2 for evacuation
[292.470s][info][gc,phases   ] GC(475)   Pre Evacuate Collection Set: 0.28ms
[292.470s][info][gc,phases   ] GC(475)   Merge Heap Roots: 0.16ms
[292.470s][info][gc,phases   ] GC(475)   Evacuate Collection Set: 85.78ms
[292.470s][info][gc,phases   ] GC(475)   Post Evacuate Collection Set: 0.81ms
[292.470s][info][gc,phases   ] GC(475)   Other: 0.09ms
[292.470s][info][gc,heap     ] GC(475) Eden regions: 473->0(422)
[292.470s][info][gc,heap     ] GC(475) Survivor regions: 10->61(61)
[292.470s][info][gc,heap     ] GC(475) Old regions: 184->186
[292.470s][info][gc,heap     ] GC(475) Humongous regions: 28->28
[292.470s][info][gc,metaspace] GC(475) Metaspace: 42531K(43008K)->42531K(43008K) NonClass: 38196K(38464K)->38196K(38464K) Class: 4335K(4544K)->4335K(4544K)
[292.470s][info][gc          ] GC(475) Pause Young (Normal) (G1 Evacuation Pause) 694M->275M(805M) 87.392ms
[292.470s][info][gc,cpu      ] GC(475) User=0.17s Sys=0.00s Real=0.08s
[293.624s][info][gc,start    ] GC(476) Pause Young (Concurrent Start) (G1 Humongous Allocation)
[293.624s][info][gc,task     ] GC(476) Using 2 workers of 2 for evacuation
[293.756s][info][gc,phases   ] GC(476)   Pre Evacuate Collection Set: 0.42ms
[293.756s][info][gc,phases   ] GC(476)   Merge Heap Roots: 0.22ms
[293.756s][info][gc,phases   ] GC(476)   Evacuate Collection Set: 131.00ms
[293.756s][info][gc,phases   ] GC(476)   Post Evacuate Collection Set: 0.71ms
[293.757s][info][gc,phases   ] GC(476)   Other: 0.12ms
[293.757s][info][gc,heap     ] GC(476) Eden regions: 242->0(375)
[293.757s][info][gc,heap     ] GC(476) Survivor regions: 61->42(61)
[293.757s][info][gc,heap     ] GC(476) Old regions: 186->247
[293.757s][info][gc,heap     ] GC(476) Humongous regions: 36->36
[293.757s][info][gc,metaspace] GC(476) Metaspace: 42531K(43008K)->42531K(43008K) NonClass: 38196K(38464K)->38196K(38464K) Class: 4335K(4544K)->4335K(4544K)
[293.757s][info][gc          ] GC(476) Pause Young (Concurrent Start) (G1 Humongous Allocation) 524M->325M(805M) 132.709ms
[293.757s][info][gc,cpu      ] GC(476) User=0.26s Sys=0.00s Real=0.13s
[293.757s][info][gc          ] GC(477) Concurrent Mark Cycle
[293.757s][info][gc,marking  ] GC(477) Concurrent Scan Root Regions
[293.826s][info][gc,marking  ] GC(477) Concurrent Scan Root Regions 69.192ms
[293.826s][info][gc,marking  ] GC(477) Concurrent Mark
[293.826s][info][gc,marking  ] GC(477) Concurrent Mark From Roots
[293.826s][info][gc,task     ] GC(477) Using 1 workers of 1 for marking
[293.877s][info][gc,marking  ] GC(477) Concurrent Mark From Roots 51.362ms
[293.877s][info][gc,marking  ] GC(477) Concurrent Preclean
[293.877s][info][gc,marking  ] GC(477) Concurrent Preclean 0.101ms
[293.878s][info][gc,start    ] GC(477) Pause Remark
[293.898s][info][gc          ] GC(477) Pause Remark 333M->195M(637M) 19.896ms
[293.898s][info][gc,cpu      ] GC(477) User=0.04s Sys=0.00s Real=0.02s
[293.898s][info][gc,marking  ] GC(477) Concurrent Mark 71.839ms
[293.898s][info][gc,marking  ] GC(477) Concurrent Rebuild Remembered Sets and Scrub Regions
[293.976s][info][gc,marking  ] GC(477) Concurrent Rebuild Remembered Sets and Scrub Regions 78.401ms
[293.976s][info][gc,start    ] GC(477) Pause Cleanup
[293.977s][info][gc          ] GC(477) Pause Cleanup 197M->197M(637M) 0.090ms
[293.977s][info][gc,cpu      ] GC(477) User=0.00s Sys=0.00s Real=0.00s
[293.977s][info][gc,marking  ] GC(477) Concurrent Clear Claimed Marks
[293.977s][info][gc,marking  ] GC(477) Concurrent Clear Claimed Marks 0.044ms
[293.977s][info][gc,marking  ] GC(477) Concurrent Cleanup for Next Mark
[293.980s][info][gc,marking  ] GC(477) Concurrent Cleanup for Next Mark 3.807ms
[293.980s][info][gc          ] GC(477) Concurrent Mark Cycle 223.849ms
[296.264s][info][gc,start    ] GC(478) Pause Young (Prepare Mixed) (G1 Evacuation Pause)
[296.264s][info][gc,task     ] GC(478) Using 2 workers of 2 for evacuation
[296.313s][info][gc,phases   ] GC(478)   Pre Evacuate Collection Set: 0.32ms
[296.313s][info][gc,phases   ] GC(478)   Merge Heap Roots: 0.24ms
[296.313s][info][gc,phases   ] GC(478)   Evacuate Collection Set: 47.34ms
[296.313s][info][gc,phases   ] GC(478)   Post Evacuate Collection Set: 0.75ms
[296.313s][info][gc,phases   ] GC(478)   Other: 0.09ms
[296.313s][info][gc,heap     ] GC(478) Eden regions: 340->0(368)
[296.313s][info][gc,heap     ] GC(478) Survivor regions: 42->8(48)
[296.313s][info][gc,heap     ] GC(478) Old regions: 134->160
[296.313s][info][gc,heap     ] GC(478) Humongous regions: 15->13
[296.313s][info][gc,metaspace] GC(478) Metaspace: 42531K(43008K)->42531K(43008K) NonClass: 38196K(38464K)->38196K(38464K) Class: 4335K(4544K)->4335K(4544K)
[296.313s][info][gc          ] GC(478) Pause Young (Prepare Mixed) (G1 Evacuation Pause) 531M->181M(637M) 49.021ms
[296.313s][info][gc,cpu      ] GC(478) User=0.09s Sys=0.00s Real=0.05s
[298.807s][info][gc,start    ] GC(479) Pause Young (Mixed) (G1 Evacuation Pause)
[298.808s][info][gc,task     ] GC(479) Using 2 workers of 2 for evacuation
[298.816s][info][gc,phases   ] GC(479)   Pre Evacuate Collection Set: 0.26ms
[298.817s][info][gc,phases   ] GC(479)   Merge Heap Roots: 0.15ms
[298.817s][info][gc,phases   ] GC(479)   Evacuate Collection Set: 7.75ms
[298.817s][info][gc,phases   ] GC(479)   Post Evacuate Collection Set: 0.71ms
[298.817s][info][gc,phases   ] GC(479)   Other: 0.08ms
[298.817s][info][gc,heap     ] GC(479) Eden regions: 368->0(375)
[298.817s][info][gc,heap     ] GC(479) Survivor regions: 8->7(47)
[298.817s][info][gc,heap     ] GC(479) Old regions: 160->146
[298.817s][info][gc,heap     ] GC(479) Humongous regions: 13->13
[298.817s][info][gc,metaspace] GC(479) Metaspace: 42531K(43008K)->42531K(43008K) NonClass: 38196K(38464K)->38196K(38464K) Class: 4335K(4544K)->4335K(4544K)
[298.817s][info][gc          ] GC(479) Pause Young (Mixed) (G1 Evacuation Pause) 549M->166M(637M) 9.159ms
[298.817s][info][gc,cpu      ] GC(479) User=0.02s Sys=0.00s Real=0.01s
[300.491s][info][gc,start    ] GC(480) Pause Young (Concurrent Start) (G1 Humongous Allocation)
[300.491s][info][gc,task     ] GC(480) Using 2 workers of 2 for evacuation
[300.501s][info][gc,phases   ] GC(480)   Pre Evacuate Collection Set: 0.29ms
[300.501s][info][gc,phases   ] GC(480)   Merge Heap Roots: 0.11ms
[300.501s][info][gc,phases   ] GC(480)   Evacuate Collection Set: 9.43ms
[300.501s][info][gc,phases   ] GC(480)   Post Evacuate Collection Set: 0.54ms
[300.501s][info][gc,phases   ] GC(480)   Other: 0.09ms
[300.501s][info][gc,heap     ] GC(480) Eden regions: 267->0(374)
[300.501s][info][gc,heap     ] GC(480) Survivor regions: 7->8(48)
[300.501s][info][gc,heap     ] GC(480) Old regions: 146->146
[300.501s][info][gc,heap     ] GC(480) Humongous regions: 14->13
[300.501s][info][gc,metaspace] GC(480) Metaspace: 42532K(43008K)->42532K(43008K) NonClass: 38197K(38464K)->38197K(38464K) Class: 4335K(4544K)->4335K(4544K)
[300.501s][info][gc          ] GC(480) Pause Young (Concurrent Start) (G1 Humongous Allocation) 433M->167M(637M) 10.641ms
[300.501s][info][gc,cpu      ] GC(480) User=0.02s Sys=0.00s Real=0.01s
[300.501s][info][gc          ] GC(481) Concurrent Mark Cycle
[300.501s][info][gc,marking  ] GC(481) Concurrent Scan Root Regions
[300.513s][info][gc,marking  ] GC(481) Concurrent Scan Root Regions 11.227ms
[300.513s][info][gc,marking  ] GC(481) Concurrent Mark
[300.513s][info][gc,marking  ] GC(481) Concurrent Mark From Roots
[300.513s][info][gc,task     ] GC(481) Using 1 workers of 1 for marking
[300.561s][info][gc,marking  ] GC(481) Concurrent Mark From Roots 48.120ms
[300.561s][info][gc,marking  ] GC(481) Concurrent Preclean
[300.562s][info][gc,marking  ] GC(481) Concurrent Preclean 0.042ms
[300.562s][info][gc,start    ] GC(481) Pause Remark
[300.582s][info][gc          ] GC(481) Pause Remark 176M->86M(264M) 20.509ms
[300.582s][info][gc,cpu      ] GC(481) User=0.04s Sys=0.00s Real=0.03s
[300.582s][info][gc,marking  ] GC(481) Concurrent Mark 69.196ms
[300.583s][info][gc,marking  ] GC(481) Concurrent Rebuild Remembered Sets and Scrub Regions
[300.599s][info][gc,marking  ] GC(481) Concurrent Rebuild Remembered Sets and Scrub Regions 16.838ms
[300.600s][info][gc,start    ] GC(481) Pause Cleanup
[300.600s][info][gc          ] GC(481) Pause Cleanup 92M->92M(264M) 0.066ms
[300.600s][info][gc,cpu      ] GC(481) User=0.00s Sys=0.00s Real=0.00s
[300.600s][info][gc,marking  ] GC(481) Concurrent Clear Claimed Marks
[300.600s][info][gc,marking  ] GC(481) Concurrent Clear Claimed Marks 0.044ms
[300.600s][info][gc,marking  ] GC(481) Concurrent Cleanup for Next Mark
[300.601s][info][gc,marking  ] GC(481) Concurrent Cleanup for Next Mark 0.813ms
[300.601s][info][gc          ] GC(481) Concurrent Mark Cycle 99.360ms
[301.373s][info][gc,start    ] GC(482) Pause Young (Prepare Mixed) (G1 Evacuation Pause)
[301.373s][info][gc,task     ] GC(482) Using 2 workers of 2 for evacuation
[301.382s][info][gc,phases   ] GC(482)   Pre Evacuate Collection Set: 0.19ms
[301.382s][info][gc,phases   ] GC(482)   Merge Heap Roots: 0.10ms
[301.382s][info][gc,phases   ] GC(482)   Evacuate Collection Set: 8.50ms
[301.382s][info][gc,phases   ] GC(482)   Post Evacuate Collection Set: 0.50ms
[301.382s][info][gc,phases   ] GC(482)   Other: 0.11ms
[301.382s][info][gc,heap     ] GC(482) Eden regions: 150->0(148)
[301.382s][info][gc,heap     ] GC(482) Survivor regions: 8->10(20)
[301.382s][info][gc,heap     ] GC(482) Old regions: 68->68
[301.382s][info][gc,heap     ] GC(482) Humongous regions: 15->3
[301.382s][info][gc,metaspace] GC(482) Metaspace: 42553K(43008K)->42553K(43008K) NonClass: 38218K(38464K)->38218K(38464K) Class: 4335K(4544K)->4335K(4544K)
[301.382s][info][gc          ] GC(482) Pause Young (Prepare Mixed) (G1 Evacuation Pause) 241M->80M(264M) 9.648ms
[301.382s][info][gc,cpu      ] GC(482) User=0.02s Sys=0.00s Real=0.01s
[302.149s][info][gc,start    ] GC(483) Pause Young (Mixed) (G1 Evacuation Pause)
[302.149s][info][gc,task     ] GC(483) Using 2 workers of 2 for evacuation
[302.158s][info][gc,phases   ] GC(483)   Pre Evacuate Collection Set: 0.26ms
[302.158s][info][gc,phases   ] GC(483)   Merge Heap Roots: 0.17ms
[302.158s][info][gc,phases   ] GC(483)   Evacuate Collection Set: 7.54ms
[302.158s][info][gc,phases   ] GC(483)   Post Evacuate Collection Set: 0.54ms
[302.158s][info][gc,phases   ] GC(483)   Other: 0.09ms
[302.158s][info][gc,heap     ] GC(483) Eden regions: 148->0(149)
[302.158s][info][gc,heap     ] GC(483) Survivor regions: 10->9(20)
[302.158s][info][gc,heap     ] GC(483) Old regions: 68->54
[302.158s][info][gc,heap     ] GC(483) Humongous regions: 13->3
[302.158s][info][gc,metaspace] GC(483) Metaspace: 42553K(43008K)->42553K(43008K) NonClass: 38218K(38464K)->38218K(38464K) Class: 4335K(4544K)->4335K(4544K)
[302.158s][info][gc          ] GC(483) Pause Young (Mixed) (G1 Evacuation Pause) 238M->65M(264M) 8.822ms
[302.158s][info][gc,cpu      ] GC(483) User=0.01s Sys=0.01s Real=0.01s
[302.357s][info][gc,start    ] GC(484) Pause Young (Concurrent Start) (G1 Humongous Allocation)
[302.357s][info][gc,task     ] GC(484) Using 2 workers of 2 for evacuation
[302.364s][info][gc,phases   ] GC(484)   Pre Evacuate Collection Set: 0.23ms
[302.364s][info][gc,phases   ] GC(484)   Merge Heap Roots: 0.08ms
[302.364s][info][gc,phases   ] GC(484)   Evacuate Collection Set: 6.17ms
[302.364s][info][gc,phases   ] GC(484)   Post Evacuate Collection Set: 0.36ms
[302.364s][info][gc,phases   ] GC(484)   Other: 0.09ms
[302.364s][info][gc,heap     ] GC(484) Eden regions: 42->0(150)
[302.364s][info][gc,heap     ] GC(484) Survivor regions: 9->8(20)
[302.364s][info][gc,heap     ] GC(484) Old regions: 54->54
[302.364s][info][gc,heap     ] GC(484) Humongous regions: 3->1
[302.364s][info][gc,metaspace] GC(484) Metaspace: 42553K(43008K)->42553K(43008K) NonClass: 38218K(38464K)->38218K(38464K) Class: 4335K(4544K)->4335K(4544K)
[302.364s][info][gc          ] GC(484) Pause Young (Concurrent Start) (G1 Humongous Allocation) 107M->62M(264M) 7.141ms
[302.364s][info][gc,cpu      ] GC(484) User=0.02s Sys=0.00s Real=0.01s
[302.364s][info][gc          ] GC(485) Concurrent Mark Cycle
[302.364s][info][gc,marking  ] GC(485) Concurrent Scan Root Regions
[302.376s][info][gc,marking  ] GC(485) Concurrent Scan Root Regions 12.073ms
[302.376s][info][gc,marking  ] GC(485) Concurrent Mark
[302.376s][info][gc,marking  ] GC(485) Concurrent Mark From Roots
[302.376s][info][gc,task     ] GC(485) Using 1 workers of 1 for marking
[302.416s][info][gc,marking  ] GC(485) Concurrent Mark From Roots 40.038ms
[302.416s][info][gc,marking  ] GC(485) Concurrent Preclean
[302.416s][info][gc,marking  ] GC(485) Concurrent Preclean 0.042ms
[302.417s][info][gc,start    ] GC(485) Pause Remark
[302.437s][info][gc          ] GC(485) Pause Remark 73M->73M(256M) 20.491ms
[302.437s][info][gc,cpu      ] GC(485) User=0.04s Sys=0.00s Real=0.02s
[302.437s][info][gc,marking  ] GC(485) Concurrent Mark 60.973ms
[302.437s][info][gc,marking  ] GC(485) Concurrent Rebuild Remembered Sets and Scrub Regions
[302.455s][info][gc,marking  ] GC(485) Concurrent Rebuild Remembered Sets and Scrub Regions 17.819ms
[302.455s][info][gc,start    ] GC(485) Pause Cleanup
[302.455s][info][gc          ] GC(485) Pause Cleanup 74M->74M(256M) 0.068ms
[302.455s][info][gc,cpu      ] GC(485) User=0.00s Sys=0.00s Real=0.00s
[302.455s][info][gc,marking  ] GC(485) Concurrent Clear Claimed Marks
[302.456s][info][gc,marking  ] GC(485) Concurrent Clear Claimed Marks 0.042ms
[302.456s][info][gc,marking  ] GC(485) Concurrent Cleanup for Next Mark
[302.456s][info][gc,marking  ] GC(485) Concurrent Cleanup for Next Mark 0.794ms
[302.456s][info][gc          ] GC(485) Concurrent Mark Cycle 92.152ms
[303.043s][info][gc,start    ] GC(486) Pause Young (Prepare Mixed) (G1 Evacuation Pause)
[303.043s][info][gc,task     ] GC(486) Using 2 workers of 2 for evacuation
[303.072s][info][gc,phases   ] GC(486)   Pre Evacuate Collection Set: 0.19ms
[303.072s][info][gc,phases   ] GC(486)   Merge Heap Roots: 0.08ms
[303.072s][info][gc,phases   ] GC(486)   Evacuate Collection Set: 27.32ms
[303.072s][info][gc,phases   ] GC(486)   Post Evacuate Collection Set: 0.57ms
[303.072s][info][gc,phases   ] GC(486)   Other: 0.08ms
[303.072s][info][gc,heap     ] GC(486) Eden regions: 145->0(133)
[303.072s][info][gc,heap     ] GC(486) Survivor regions: 8->20(20)
[303.072s][info][gc,heap     ] GC(486) Old regions: 54->59
[303.072s][info][gc,heap     ] GC(486) Humongous regions: 9->3
[303.072s][info][gc,metaspace] GC(486) Metaspace: 42553K(43008K)->42553K(43008K) NonClass: 38218K(38464K)->38218K(38464K) Class: 4335K(4544K)->4335K(4544K)
[303.072s][info][gc          ] GC(486) Pause Young (Prepare Mixed) (G1 Evacuation Pause) 215M->81M(256M) 28.473ms
[303.072s][info][gc,cpu      ] GC(486) User=0.05s Sys=0.00s Real=0.02s
[303.841s][info][gc,start    ] GC(487) Pause Young (Mixed) (G1 Evacuation Pause)
[303.842s][info][gc,task     ] GC(487) Using 2 workers of 2 for evacuation
[303.881s][info][gc,phases   ] GC(487)   Pre Evacuate Collection Set: 0.19ms
[303.881s][info][gc,phases   ] GC(487)   Merge Heap Roots: 0.18ms
[303.881s][info][gc,phases   ] GC(487)   Evacuate Collection Set: 38.03ms
[303.881s][info][gc,phases   ] GC(487)   Post Evacuate Collection Set: 0.64ms
[303.881s][info][gc,phases   ] GC(487)   Other: 0.10ms
[303.881s][info][gc,heap     ] GC(487) Eden regions: 133->0(136)
[303.881s][info][gc,heap     ] GC(487) Survivor regions: 20->17(20)
[303.881s][info][gc,heap     ] GC(487) Old regions: 59->53
[303.881s][info][gc,heap     ] GC(487) Humongous regions: 7->3
[303.881s][info][gc,metaspace] GC(487) Metaspace: 42554K(43008K)->42554K(43008K) NonClass: 38218K(38464K)->38218K(38464K) Class: 4335K(4544K)->4335K(4544K)
[303.881s][info][gc          ] GC(487) Pause Young (Mixed) (G1 Evacuation Pause) 218M->71M(256M) 39.335ms
[303.881s][info][gc,cpu      ] GC(487) User=0.08s Sys=0.00s Real=0.04s
[303.901s][info][gc,start    ] GC(488) Pause Young (Concurrent Start) (G1 Humongous Allocation)
[303.901s][info][gc,task     ] GC(488) Using 2 workers of 2 for evacuation
[303.920s][info][gc,phases   ] GC(488)   Pre Evacuate Collection Set: 0.23ms
[303.920s][info][gc,phases   ] GC(488)   Merge Heap Roots: 0.11ms
[303.920s][info][gc,phases   ] GC(488)   Evacuate Collection Set: 18.08ms
[303.920s][info][gc,phases   ] GC(488)   Post Evacuate Collection Set: 0.36ms
[303.920s][info][gc,phases   ] GC(488)   Other: 0.09ms
[303.920s][info][gc,heap     ] GC(488) Eden regions: 6->0(152)
[303.920s][info][gc,heap     ] GC(488) Survivor regions: 17->1(20)
[303.920s][info][gc,heap     ] GC(488) Old regions: 53->67
[303.920s][info][gc,heap     ] GC(488) Humongous regions: 3->1
[303.920s][info][gc,metaspace] GC(488) Metaspace: 42554K(43008K)->42554K(43008K) NonClass: 38218K(38464K)->38218K(38464K) Class: 4335K(4544K)->4335K(4544K)
[303.920s][info][gc          ] GC(488) Pause Young (Concurrent Start) (G1 Humongous Allocation) 77M->68M(256M) 19.090ms
[303.920s][info][gc          ] GC(489) Concurrent Mark Cycle
[303.920s][info][gc,marking  ] GC(489) Concurrent Scan Root Regions
[303.922s][info][gc,cpu      ] GC(488) User=0.04s Sys=0.00s Real=0.03s
[303.941s][info][gc,marking  ] GC(489) Concurrent Scan Root Regions 20.684ms
[303.941s][info][gc,marking  ] GC(489) Concurrent Mark
[303.941s][info][gc,marking  ] GC(489) Concurrent Mark From Roots
[303.941s][info][gc,task     ] GC(489) Using 1 workers of 1 for marking
[304.002s][info][gc,marking  ] GC(489) Concurrent Mark From Roots 60.726ms
[304.002s][info][gc,marking  ] GC(489) Concurrent Preclean
[304.002s][info][gc,marking  ] GC(489) Concurrent Preclean 0.042ms
[304.002s][info][gc,start    ] GC(489) Pause Remark
[304.021s][info][gc          ] GC(489) Pause Remark 84M->84M(256M) 18.903ms
[304.021s][info][gc,cpu      ] GC(489) User=0.04s Sys=0.00s Real=0.02s
[304.023s][info][gc,marking  ] GC(489) Concurrent Mark 82.508ms
[304.023s][info][gc,marking  ] GC(489) Concurrent Rebuild Remembered Sets and Scrub Regions
[304.061s][info][gc,marking  ] GC(489) Concurrent Rebuild Remembered Sets and Scrub Regions 37.358ms
[304.061s][info][gc,start    ] GC(489) Pause Cleanup
[304.061s][info][gc          ] GC(489) Pause Cleanup 88M->88M(256M) 0.080ms
[304.061s][info][gc,cpu      ] GC(489) User=0.00s Sys=0.00s Real=0.00s
[304.063s][info][gc,marking  ] GC(489) Concurrent Clear Claimed Marks
[304.063s][info][gc,marking  ] GC(489) Concurrent Clear Claimed Marks 0.070ms
[304.063s][info][gc,marking  ] GC(489) Concurrent Cleanup for Next Mark
[304.064s][info][gc,marking  ] GC(489) Concurrent Cleanup for Next Mark 0.852ms
[304.064s][info][gc          ] GC(489) Concurrent Mark Cycle 143.657ms
[304.680s][info][gc,start    ] GC(490) Pause Young (Prepare Mixed) (G1 Evacuation Pause)
[304.680s][info][gc,task     ] GC(490) Using 2 workers of 2 for evacuation
[304.682s][info][gc,phases   ] GC(490)   Pre Evacuate Collection Set: 0.15ms
[304.682s][info][gc,phases   ] GC(490)   Merge Heap Roots: 0.07ms
[304.682s][info][gc,phases   ] GC(490)   Evacuate Collection Set: 1.30ms
[304.682s][info][gc,phases   ] GC(490)   Post Evacuate Collection Set: 0.45ms
[304.682s][info][gc,phases   ] GC(490)   Other: 0.10ms
[304.682s][info][gc,heap     ] GC(490) Eden regions: 152->0(152)
[304.682s][info][gc,heap     ] GC(490) Survivor regions: 1->1(20)
[304.682s][info][gc,heap     ] GC(490) Old regions: 67->67
[304.682s][info][gc,heap     ] GC(490) Humongous regions: 17->3
[304.682s][info][gc,metaspace] GC(490) Metaspace: 42554K(43008K)->42554K(43008K) NonClass: 38218K(38464K)->38218K(38464K) Class: 4335K(4544K)->4335K(4544K)
[304.682s][info][gc          ] GC(490) Pause Young (Prepare Mixed) (G1 Evacuation Pause) 236M->70M(256M) 2.286ms
[304.682s][info][gc,cpu      ] GC(490) User=0.00s Sys=0.00s Real=0.01s
[305.377s][info][gc,start    ] GC(491) Pause Young (Mixed) (G1 Evacuation Pause)
[305.377s][info][gc,task     ] GC(491) Using 2 workers of 2 for evacuation
[305.383s][info][gc,phases   ] GC(491)   Pre Evacuate Collection Set: 0.22ms
[305.383s][info][gc,phases   ] GC(491)   Merge Heap Roots: 0.10ms
[305.383s][info][gc,phases   ] GC(491)   Evacuate Collection Set: 4.77ms
[305.383s][info][gc,phases   ] GC(491)   Post Evacuate Collection Set: 0.47ms
[305.383s][info][gc,phases   ] GC(491)   Other: 0.09ms
[305.383s][info][gc,heap     ] GC(491) Eden regions: 152->0(150)
[305.383s][info][gc,heap     ] GC(491) Survivor regions: 1->3(20)
[305.383s][info][gc,heap     ] GC(491) Old regions: 67->63
[305.383s][info][gc,heap     ] GC(491) Humongous regions: 15->3
[305.383s][info][gc,metaspace] GC(491) Metaspace: 42562K(43008K)->42562K(43008K) NonClass: 38225K(38464K)->38225K(38464K) Class: 4337K(4544K)->4337K(4544K)
[305.383s][info][gc          ] GC(491) Pause Young (Mixed) (G1 Evacuation Pause) 234M->68M(256M) 5.875ms
[305.383s][info][gc,cpu      ] GC(491) User=0.01s Sys=0.00s Real=0.01s
[305.471s][info][gc,start    ] GC(492) Pause Young (Concurrent Start) (G1 Humongous Allocation)
[305.471s][info][gc,task     ] GC(492) Using 2 workers of 2 for evacuation
[305.474s][info][gc,phases   ] GC(492)   Pre Evacuate Collection Set: 0.20ms
[305.474s][info][gc,phases   ] GC(492)   Merge Heap Roots: 0.05ms
[305.474s][info][gc,phases   ] GC(492)   Evacuate Collection Set: 2.56ms
[305.474s][info][gc,phases   ] GC(492)   Post Evacuate Collection Set: 0.33ms
[305.474s][info][gc,phases   ] GC(492)   Other: 0.11ms
[305.474s][info][gc,heap     ] GC(492) Eden regions: 20->0(151)
[305.474s][info][gc,heap     ] GC(492) Survivor regions: 3->2(20)
[305.474s][info][gc,heap     ] GC(492) Old regions: 63->63
[305.474s][info][gc,heap     ] GC(492) Humongous regions: 3->1
[305.474s][info][gc,metaspace] GC(492) Metaspace: 42562K(43008K)->42562K(43008K) NonClass: 38225K(38464K)->38225K(38464K) Class: 4337K(4544K)->4337K(4544K)
[305.474s][info][gc          ] GC(492) Pause Young (Concurrent Start) (G1 Humongous Allocation) 88M->65M(256M) 3.421ms
[305.474s][info][gc,cpu      ] GC(492) User=0.01s Sys=0.00s Real=0.01s
[305.474s][info][gc          ] GC(493) Concurrent Mark Cycle
[305.474s][info][gc,marking  ] GC(493) Concurrent Scan Root Regions
[305.482s][info][gc,marking  ] GC(493) Concurrent Scan Root Regions 8.175ms
[305.482s][info][gc,marking  ] GC(493) Concurrent Mark
[305.482s][info][gc,marking  ] GC(493) Concurrent Mark From Roots
[305.482s][info][gc,task     ] GC(493) Using 1 workers of 1 for marking
[305.544s][info][gc,marking  ] GC(493) Concurrent Mark From Roots 61.437ms
[305.544s][info][gc,marking  ] GC(493) Concurrent Preclean
[305.544s][info][gc,marking  ] GC(493) Concurrent Preclean 0.041ms
[305.544s][info][gc,start    ] GC(493) Pause Remark
[305.562s][info][gc          ] GC(493) Pause Remark 80M->63M(256M) 17.978ms
[305.562s][info][gc,cpu      ] GC(493) User=0.04s Sys=0.00s Real=0.01s
[305.562s][info][gc,marking  ] GC(493) Concurrent Mark 79.773ms
[305.562s][info][gc,marking  ] GC(493) Concurrent Rebuild Remembered Sets and Scrub Regions
[305.589s][info][gc,marking  ] GC(493) Concurrent Rebuild Remembered Sets and Scrub Regions 26.863ms
[305.589s][info][gc,start    ] GC(493) Pause Cleanup
[305.589s][info][gc          ] GC(493) Pause Cleanup 67M->67M(256M) 0.057ms
[305.589s][info][gc,cpu      ] GC(493) User=0.00s Sys=0.00s Real=0.00s
[305.589s][info][gc,marking  ] GC(493) Concurrent Clear Claimed Marks
[305.589s][info][gc,marking  ] GC(493) Concurrent Clear Claimed Marks 0.040ms
[305.589s][info][gc,marking  ] GC(493) Concurrent Cleanup for Next Mark
[305.590s][info][gc,marking  ] GC(493) Concurrent Cleanup for Next Mark 0.776ms
[305.590s][info][gc          ] GC(493) Concurrent Mark Cycle 116.095ms
[306.194s][info][gc,start    ] GC(494) Pause Young (Prepare Mixed) (G1 Evacuation Pause)
[306.195s][info][gc,task     ] GC(494) Using 2 workers of 2 for evacuation
[306.224s][info][gc,phases   ] GC(494)   Pre Evacuate Collection Set: 0.66ms
[306.225s][info][gc,phases   ] GC(494)   Merge Heap Roots: 0.08ms
[306.225s][info][gc,phases   ] GC(494)   Evacuate Collection Set: 28.50ms
[306.225s][info][gc,phases   ] GC(494)   Post Evacuate Collection Set: 0.59ms
[306.225s][info][gc,phases   ] GC(494)   Other: 0.10ms
[306.225s][info][gc,heap     ] GC(494) Eden regions: 151->0(133)
[306.225s][info][gc,heap     ] GC(494) Survivor regions: 2->20(20)
[306.225s][info][gc,heap     ] GC(494) Old regions: 46->52
[306.225s][info][gc,heap     ] GC(494) Humongous regions: 7->3
[306.225s][info][gc,metaspace] GC(494) Metaspace: 42562K(43008K)->42562K(43008K) NonClass: 38225K(38464K)->38225K(38464K) Class: 4337K(4544K)->4337K(4544K)
[306.225s][info][gc          ] GC(494) Pause Young (Prepare Mixed) (G1 Evacuation Pause) 205M->74M(256M) 30.167ms
[306.225s][info][gc,cpu      ] GC(494) User=0.05s Sys=0.00s Real=0.03s
[306.959s][info][gc,start    ] GC(495) Pause Young (Mixed) (G1 Evacuation Pause)
[306.959s][info][gc,task     ] GC(495) Using 2 workers of 2 for evacuation
[306.992s][info][gc,phases   ] GC(495)   Pre Evacuate Collection Set: 0.24ms
[306.992s][info][gc,phases   ] GC(495)   Merge Heap Roots: 0.22ms
[306.992s][info][gc,phases   ] GC(495)   Evacuate Collection Set: 31.87ms
[306.992s][info][gc,phases   ] GC(495)   Post Evacuate Collection Set: 0.43ms
[306.992s][info][gc,phases   ] GC(495)   Other: 0.08ms
[306.992s][info][gc,heap     ] GC(495) Eden regions: 133->0(141)
[306.992s][info][gc,heap     ] GC(495) Survivor regions: 20->12(20)
[306.992s][info][gc,heap     ] GC(495) Old regions: 52->61
[306.992s][info][gc,heap     ] GC(495) Humongous regions: 3->3
[306.992s][info][gc,metaspace] GC(495) Metaspace: 42562K(43008K)->42562K(43008K) NonClass: 38225K(38464K)->38225K(38464K) Class: 4337K(4544K)->4337K(4544K)
[306.992s][info][gc          ] GC(495) Pause Young (Mixed) (G1 Evacuation Pause) 207M->76M(256M) 33.061ms
[306.992s][info][gc,cpu      ] GC(495) User=0.07s Sys=0.00s Real=0.03s
[307.329s][info][gc,start    ] GC(496) Pause Young (Concurrent Start) (G1 Humongous Allocation)
[307.329s][info][gc,task     ] GC(496) Using 2 workers of 2 for evacuation
[307.366s][info][gc,phases   ] GC(496)   Pre Evacuate Collection Set: 0.18ms
[307.366s][info][gc,phases   ] GC(496)   Merge Heap Roots: 0.14ms
[307.366s][info][gc,phases   ] GC(496)   Evacuate Collection Set: 35.77ms
[307.366s][info][gc,phases   ] GC(496)   Post Evacuate Collection Set: 0.76ms
[307.366s][info][gc,phases   ] GC(496)   Other: 0.11ms
[307.366s][info][gc,heap     ] GC(496) Eden regions: 66->0(135)
[307.366s][info][gc,heap     ] GC(496) Survivor regions: 12->19(20)
[307.366s][info][gc,heap     ] GC(496) Old regions: 61->73
[307.366s][info][gc,heap     ] GC(496) Humongous regions: 3->1
[307.366s][info][gc,metaspace] GC(496) Metaspace: 42562K(43008K)->42562K(43008K) NonClass: 38225K(38464K)->38225K(38464K) Class: 4337K(4544K)->4337K(4544K)
[307.366s][info][gc          ] GC(496) Pause Young (Concurrent Start) (G1 Humongous Allocation) 142M->93M(285M) 37.148ms
[307.366s][info][gc          ] GC(497) Concurrent Mark Cycle
[307.366s][info][gc,marking  ] GC(497) Concurrent Scan Root Regions
[307.368s][info][gc,cpu      ] GC(496) User=0.07s Sys=0.00s Real=0.04s
[307.407s][info][gc,marking  ] GC(497) Concurrent Scan Root Regions 41.271ms
[307.407s][info][gc,marking  ] GC(497) Concurrent Mark
[307.407s][info][gc,marking  ] GC(497) Concurrent Mark From Roots
[307.407s][info][gc,task     ] GC(497) Using 1 workers of 1 for marking
[307.483s][info][gc,marking  ] GC(497) Concurrent Mark From Roots 75.769ms
[307.483s][info][gc,marking  ] GC(497) Concurrent Preclean
[307.483s][info][gc,marking  ] GC(497) Concurrent Preclean 0.039ms
[307.483s][info][gc,start    ] GC(497) Pause Remark
[307.501s][info][gc          ] GC(497) Pause Remark 120M->120M(285M) 17.555ms
[307.501s][info][gc,cpu      ] GC(497) User=0.04s Sys=0.00s Real=0.01s
[307.501s][info][gc,marking  ] GC(497) Concurrent Mark 93.709ms
[307.501s][info][gc,marking  ] GC(497) Concurrent Rebuild Remembered Sets and Scrub Regions
[307.543s][info][gc,marking  ] GC(497) Concurrent Rebuild Remembered Sets and Scrub Regions 42.052ms
[307.543s][info][gc,start    ] GC(497) Pause Cleanup
[307.543s][info][gc          ] GC(497) Pause Cleanup 126M->126M(285M) 0.058ms
[307.543s][info][gc,cpu      ] GC(497) User=0.00s Sys=0.00s Real=0.00s
[307.543s][info][gc,marking  ] GC(497) Concurrent Clear Claimed Marks
[307.543s][info][gc,marking  ] GC(497) Concurrent Clear Claimed Marks 0.066ms
[307.543s][info][gc,marking  ] GC(497) Concurrent Cleanup for Next Mark
[307.544s][info][gc,marking  ] GC(497) Concurrent Cleanup for Next Mark 1.240ms
[307.545s][info][gc          ] GC(497) Concurrent Mark Cycle 178.726ms
[308.027s][info][gc,start    ] GC(498) Pause Young (Prepare Mixed) (G1 Evacuation Pause)
[308.027s][info][gc,task     ] GC(498) Using 2 workers of 2 for evacuation
[308.062s][info][gc,phases   ] GC(498)   Pre Evacuate Collection Set: 0.23ms
[308.062s][info][gc,phases   ] GC(498)   Merge Heap Roots: 0.29ms
[308.062s][info][gc,phases   ] GC(498)   Evacuate Collection Set: 33.82ms
[308.062s][info][gc,phases   ] GC(498)   Post Evacuate Collection Set: 0.52ms
[308.062s][info][gc,phases   ] GC(498)   Other: 0.10ms
[308.062s][info][gc,heap     ] GC(498) Eden regions: 135->0(129)
[308.062s][info][gc,heap     ] GC(498) Survivor regions: 19->11(20)
[308.062s][info][gc,heap     ] GC(498) Old regions: 73->92
[308.062s][info][gc,heap     ] GC(498) Humongous regions: 5->3
[308.062s][info][gc,metaspace] GC(498) Metaspace: 42562K(43008K)->42562K(43008K) NonClass: 38225K(38464K)->38225K(38464K) Class: 4337K(4544K)->4337K(4544K)
[308.062s][info][gc          ] GC(498) Pause Young (Prepare Mixed) (G1 Evacuation Pause) 232M->105M(285M) 35.176ms
[308.062s][info][gc,cpu      ] GC(498) User=0.06s Sys=0.00s Real=0.03s
[308.601s][info][gc,start    ] GC(499) Pause Young (Mixed) (G1 Evacuation Pause)
[308.601s][info][gc,task     ] GC(499) Using 2 workers of 2 for evacuation
[308.607s][info][gc,phases   ] GC(499)   Pre Evacuate Collection Set: 0.17ms
[308.607s][info][gc,phases   ] GC(499)   Merge Heap Roots: 0.06ms
[308.607s][info][gc,phases   ] GC(499)   Evacuate Collection Set: 4.56ms
[308.607s][info][gc,phases   ] GC(499)   Post Evacuate Collection Set: 0.47ms
[308.607s][info][gc,phases   ] GC(499)   Other: 0.08ms
[308.607s][info][gc,heap     ] GC(499) Eden regions: 129->0(144)
[308.607s][info][gc,heap     ] GC(499) Survivor regions: 11->4(18)
[308.607s][info][gc,heap     ] GC(499) Old regions: 92->90
[308.607s][info][gc,heap     ] GC(499) Humongous regions: 13->3
[308.607s][info][gc,metaspace] GC(499) Metaspace: 42563K(43008K)->42563K(43008K) NonClass: 38226K(38464K)->38226K(38464K) Class: 4337K(4544K)->4337K(4544K)
[308.607s][info][gc          ] GC(499) Pause Young (Mixed) (G1 Evacuation Pause) 244M->96M(285M) 5.564ms
[308.607s][info][gc,cpu      ] GC(499) User=0.01s Sys=0.00s Real=0.01s
[308.754s][info][gc,start    ] GC(500) Pause Young (Concurrent Start) (G1 Humongous Allocation)
[308.754s][info][gc,task     ] GC(500) Using 2 workers of 2 for evacuation
[308.758s][info][gc,phases   ] GC(500)   Pre Evacuate Collection Set: 0.59ms
[308.758s][info][gc,phases   ] GC(500)   Merge Heap Roots: 0.05ms
[308.758s][info][gc,phases   ] GC(500)   Evacuate Collection Set: 2.36ms
[308.758s][info][gc,phases   ] GC(500)   Post Evacuate Collection Set: 0.54ms
[308.758s][info][gc,phases   ] GC(500)   Other: 0.83ms
[308.758s][info][gc,heap     ] GC(500) Eden regions: 34->0(155)
[308.758s][info][gc,heap     ] GC(500) Survivor regions: 4->2(19)
[308.758s][info][gc,heap     ] GC(500) Old regions: 90->90
[308.759s][info][gc,heap     ] GC(500) Humongous regions: 3->1
[308.759s][info][gc,metaspace] GC(500) Metaspace: 42563K(43008K)->42563K(43008K) NonClass: 38226K(38464K)->38226K(38464K) Class: 4337K(4544K)->4337K(4544K)
[308.759s][info][gc          ] GC(500) Pause Young (Concurrent Start) (G1 Humongous Allocation) 129M->92M(285M) 4.599ms
[308.759s][info][gc,cpu      ] GC(500) User=0.01s Sys=0.00s Real=0.00s
[308.761s][info][gc          ] GC(501) Concurrent Mark Cycle
[308.761s][info][gc,marking  ] GC(501) Concurrent Scan Root Regions
[308.763s][info][gc,marking  ] GC(501) Concurrent Scan Root Regions 1.843ms
[308.763s][info][gc,marking  ] GC(501) Concurrent Mark
[308.763s][info][gc,marking  ] GC(501) Concurrent Mark From Roots
[308.763s][info][gc,task     ] GC(501) Using 1 workers of 1 for marking
[308.821s][info][gc,marking  ] GC(501) Concurrent Mark From Roots 58.497ms
[308.821s][info][gc,marking  ] GC(501) Concurrent Preclean
[308.821s][info][gc,marking  ] GC(501) Concurrent Preclean 0.040ms
[308.822s][info][gc,start    ] GC(501) Pause Remark
[308.840s][info][gc          ] GC(501) Pause Remark 105M->93M(277M) 18.330ms
[308.840s][info][gc,cpu      ] GC(501) User=0.03s Sys=0.00s Real=0.02s
[308.840s][info][gc,marking  ] GC(501) Concurrent Mark 77.270ms
[308.840s][info][gc,marking  ] GC(501) Concurrent Rebuild Remembered Sets and Scrub Regions
[308.864s][info][gc,marking  ] GC(501) Concurrent Rebuild Remembered Sets and Scrub Regions 24.191ms
[308.864s][info][gc,start    ] GC(501) Pause Cleanup
[308.865s][info][gc          ] GC(501) Pause Cleanup 96M->96M(277M) 0.065ms
[308.865s][info][gc,cpu      ] GC(501) User=0.00s Sys=0.00s Real=0.00s
[308.865s][info][gc,marking  ] GC(501) Concurrent Clear Claimed Marks
[308.865s][info][gc,marking  ] GC(501) Concurrent Clear Claimed Marks 0.042ms
[308.865s][info][gc,marking  ] GC(501) Concurrent Cleanup for Next Mark
[308.865s][info][gc,marking  ] GC(501) Concurrent Cleanup for Next Mark 0.846ms
[308.866s][info][gc          ] GC(501) Concurrent Mark Cycle 104.655ms
[309.531s][info][gc,start    ] GC(502) Pause Young (Prepare Mixed) (G1 Evacuation Pause)
[309.531s][info][gc,task     ] GC(502) Using 2 workers of 2 for evacuation
[309.542s][info][gc,phases   ] GC(502)   Pre Evacuate Collection Set: 0.17ms
[309.542s][info][gc,phases   ] GC(502)   Merge Heap Roots: 0.06ms
[309.542s][info][gc,phases   ] GC(502)   Evacuate Collection Set: 10.49ms
[309.542s][info][gc,phases   ] GC(502)   Post Evacuate Collection Set: 0.46ms
[309.542s][info][gc,phases   ] GC(502)   Other: 0.08ms
[309.542s][info][gc,heap     ] GC(502) Eden regions: 155->0(153)
[309.542s][info][gc,heap     ] GC(502) Survivor regions: 2->9(20)
[309.542s][info][gc,heap     ] GC(502) Old regions: 78->78
[309.542s][info][gc,heap     ] GC(502) Humongous regions: 5->3
[309.542s][info][gc,metaspace] GC(502) Metaspace: 42563K(43008K)->42563K(43008K) NonClass: 38226K(38464K)->38226K(38464K) Class: 4337K(4544K)->4337K(4544K)
[309.542s][info][gc          ] GC(502) Pause Young (Prepare Mixed) (G1 Evacuation Pause) 239M->89M(277M) 11.497ms
[309.542s][info][gc,cpu      ] GC(502) User=0.02s Sys=0.00s Real=0.02s
[310.150s][info][gc,start    ] GC(503) Pause Young (Mixed) (G1 Evacuation Pause)
[310.150s][info][gc,task     ] GC(503) Using 2 workers of 2 for evacuation
[310.160s][info][gc,phases   ] GC(503)   Pre Evacuate Collection Set: 0.18ms
[310.160s][info][gc,phases   ] GC(503)   Merge Heap Roots: 0.09ms
[310.160s][info][gc,phases   ] GC(503)   Evacuate Collection Set: 9.60ms
[310.160s][info][gc,phases   ] GC(503)   Post Evacuate Collection Set: 0.54ms
[310.160s][info][gc,phases   ] GC(503)   Other: 0.09ms
[310.160s][info][gc,heap     ] GC(503) Eden regions: 153->0(157)
[310.160s][info][gc,heap     ] GC(503) Survivor regions: 9->9(21)
[310.160s][info][gc,heap     ] GC(503) Old regions: 78->51
[310.160s][info][gc,heap     ] GC(503) Humongous regions: 11->3
[310.160s][info][gc,metaspace] GC(503) Metaspace: 42563K(43008K)->42563K(43008K) NonClass: 38226K(38464K)->38226K(38464K) Class: 4337K(4544K)->4337K(4544K)
[310.160s][info][gc          ] GC(503) Pause Young (Mixed) (G1 Evacuation Pause) 250M->61M(277M) 10.698ms
[310.160s][info][gc,cpu      ] GC(503) User=0.02s Sys=0.00s Real=0.01s
[310.906s][info][gc,start    ] GC(504) Pause Young (Mixed) (G1 Evacuation Pause)
[310.906s][info][gc,task     ] GC(504) Using 2 workers of 2 for evacuation
[310.919s][info][gc,phases   ] GC(504)   Pre Evacuate Collection Set: 0.23ms
[310.919s][info][gc,phases   ] GC(504)   Merge Heap Roots: 0.09ms
[310.919s][info][gc,phases   ] GC(504)   Evacuate Collection Set: 11.55ms
[310.919s][info][gc,phases   ] GC(504)   Post Evacuate Collection Set: 0.65ms
[310.919s][info][gc,phases   ] GC(504)   Other: 0.08ms
[310.919s][info][gc,heap     ] GC(504) Eden regions: 157->0(163)
[310.919s][info][gc,heap     ] GC(504) Survivor regions: 9->3(21)
[310.919s][info][gc,heap     ] GC(504) Old regions: 51->49
[310.919s][info][gc,heap     ] GC(504) Humongous regions: 5->1
[310.919s][info][gc,metaspace] GC(504) Metaspace: 42563K(43008K)->42563K(43008K) NonClass: 38226K(38464K)->38226K(38464K) Class: 4337K(4544K)->4337K(4544K)
[310.919s][info][gc          ] GC(504) Pause Young (Mixed) (G1 Evacuation Pause) 220M->51M(277M) 12.799ms
[310.919s][info][gc,cpu      ] GC(504) User=0.02s Sys=0.00s Real=0.01s
[310.924s][info][gc,start    ] GC(505) Pause Young (Concurrent Start) (G1 Humongous Allocation)
[310.925s][info][gc,task     ] GC(505) Using 2 workers of 2 for evacuation
[310.930s][info][gc,phases   ] GC(505)   Pre Evacuate Collection Set: 0.19ms
[310.930s][info][gc,phases   ] GC(505)   Merge Heap Roots: 0.04ms
[310.930s][info][gc,phases   ] GC(505)   Evacuate Collection Set: 4.95ms
[310.930s][info][gc,phases   ] GC(505)   Post Evacuate Collection Set: 0.30ms
[310.930s][info][gc,phases   ] GC(505)   Other: 0.10ms
[310.930s][info][gc,heap     ] GC(505) Eden regions: 1->0(162)
[310.930s][info][gc,heap     ] GC(505) Survivor regions: 3->4(21)
[310.930s][info][gc,heap     ] GC(505) Old regions: 49->49
[310.930s][info][gc,heap     ] GC(505) Humongous regions: 1->1
[310.930s][info][gc,metaspace] GC(505) Metaspace: 42563K(43008K)->42563K(43008K) NonClass: 38226K(38464K)->38226K(38464K) Class: 4337K(4544K)->4337K(4544K)
[310.930s][info][gc          ] GC(505) Pause Young (Concurrent Start) (G1 Humongous Allocation) 52M->52M(277M) 5.805ms
[310.930s][info][gc,cpu      ] GC(505) User=0.01s Sys=0.00s Real=0.00s
[310.930s][info][gc          ] GC(506) Concurrent Mark Cycle
[310.930s][info][gc,marking  ] GC(506) Concurrent Scan Root Regions
[310.935s][info][gc,marking  ] GC(506) Concurrent Scan Root Regions 4.449ms
[310.935s][info][gc,marking  ] GC(506) Concurrent Mark
[310.935s][info][gc,marking  ] GC(506) Concurrent Mark From Roots
[310.935s][info][gc,task     ] GC(506) Using 1 workers of 1 for marking
[310.994s][info][gc,marking  ] GC(506) Concurrent Mark From Roots 58.844ms
[310.994s][info][gc,marking  ] GC(506) Concurrent Preclean
[310.994s][info][gc,marking  ] GC(506) Concurrent Preclean 0.041ms
[310.994s][info][gc,start    ] GC(506) Pause Remark
[311.011s][info][gc          ] GC(506) Pause Remark 68M->68M(256M) 17.452ms
[311.011s][info][gc,cpu      ] GC(506) User=0.03s Sys=0.00s Real=0.01s
[311.012s][info][gc,marking  ] GC(506) Concurrent Mark 76.654ms
[311.012s][info][gc,marking  ] GC(506) Concurrent Rebuild Remembered Sets and Scrub Regions
[311.034s][info][gc,marking  ] GC(506) Concurrent Rebuild Remembered Sets and Scrub Regions 22.500ms
[311.034s][info][gc,start    ] GC(506) Pause Cleanup
[311.034s][info][gc          ] GC(506) Pause Cleanup 71M->71M(256M) 0.052ms
[311.034s][info][gc,cpu      ] GC(506) User=0.00s Sys=0.00s Real=0.00s
[311.034s][info][gc,marking  ] GC(506) Concurrent Clear Claimed Marks
[311.034s][info][gc,marking  ] GC(506) Concurrent Clear Claimed Marks 0.039ms
[311.034s][info][gc,marking  ] GC(506) Concurrent Cleanup for Next Mark
[311.035s][info][gc,marking  ] GC(506) Concurrent Cleanup for Next Mark 0.744ms
[311.035s][info][gc          ] GC(506) Concurrent Mark Cycle 104.812ms
[311.515s][info][gc,start    ] GC(507) Pause Young (Prepare Mixed) (G1 Evacuation Pause)
[311.515s][info][gc,task     ] GC(507) Using 2 workers of 2 for evacuation
[311.541s][info][gc,phases   ] GC(507)   Pre Evacuate Collection Set: 0.28ms
[311.541s][info][gc,phases   ] GC(507)   Merge Heap Roots: 0.09ms
[311.541s][info][gc,phases   ] GC(507)   Evacuate Collection Set: 25.22ms
[311.541s][info][gc,phases   ] GC(507)   Post Evacuate Collection Set: 0.56ms
[311.541s][info][gc,phases   ] GC(507)   Other: 0.08ms
[311.541s][info][gc,heap     ] GC(507) Eden regions: 149->0(125)
[311.541s][info][gc,heap     ] GC(507) Survivor regions: 4->20(20)
[311.541s][info][gc,heap     ] GC(507) Old regions: 49->57
[311.541s][info][gc,heap     ] GC(507) Humongous regions: 7->3
[311.541s][info][gc,metaspace] GC(507) Metaspace: 42563K(43008K)->42563K(43008K) NonClass: 38226K(38464K)->38226K(38464K) Class: 4337K(4544K)->4337K(4544K)
[311.541s][info][gc          ] GC(507) Pause Young (Prepare Mixed) (G1 Evacuation Pause) 207M->78M(256M) 26.456ms
[311.541s][info][gc,cpu      ] GC(507) User=0.05s Sys=0.00s Real=0.02s
[312.082s][info][gc,start    ] GC(508) Pause Young (Mixed) (G1 Evacuation Pause)
[312.082s][info][gc,task     ] GC(508) Using 2 workers of 2 for evacuation
[312.136s][info][gc,phases   ] GC(508)   Pre Evacuate Collection Set: 0.21ms
[312.136s][info][gc,phases   ] GC(508)   Merge Heap Roots: 0.14ms
[312.136s][info][gc,phases   ] GC(508)   Evacuate Collection Set: 53.06ms
[312.136s][info][gc,phases   ] GC(508)   Post Evacuate Collection Set: 0.54ms
[312.136s][info][gc,phases   ] GC(508)   Other: 0.08ms
[312.136s][info][gc,heap     ] GC(508) Eden regions: 125->0(101)
[312.136s][info][gc,heap     ] GC(508) Survivor regions: 20->19(19)
[312.136s][info][gc,heap     ] GC(508) Old regions: 57->78
[312.136s][info][gc,heap     ] GC(508) Humongous regions: 3->3
[312.136s][info][gc,metaspace] GC(508) Metaspace: 42564K(43008K)->42564K(43008K) NonClass: 38227K(38464K)->38227K(38464K) Class: 4337K(4544K)->4337K(4544K)
[312.136s][info][gc          ] GC(508) Pause Young (Mixed) (G1 Evacuation Pause) 203M->99M(256M) 54.295ms
[312.136s][info][gc,cpu      ] GC(508) User=0.11s Sys=0.00s Real=0.06s
[312.760s][info][gc,start    ] GC(509) Pause Young (Concurrent Start) (G1 Evacuation Pause)
[312.760s][info][gc,task     ] GC(509) Using 2 workers of 2 for evacuation
[312.845s][info][gc,phases   ] GC(509)   Pre Evacuate Collection Set: 0.21ms
[312.845s][info][gc,phases   ] GC(509)   Merge Heap Roots: 0.42ms
[312.845s][info][gc,phases   ] GC(509)   Evacuate Collection Set: 83.81ms
[312.845s][info][gc,phases   ] GC(509)   Post Evacuate Collection Set: 0.50ms
[312.845s][info][gc,phases   ] GC(509)   Other: 0.11ms
[312.845s][info][gc,heap     ] GC(509) Eden regions: 101->0(79)
[312.845s][info][gc,heap     ] GC(509) Survivor regions: 19->15(15)
[312.845s][info][gc,heap     ] GC(509) Old regions: 78->111
[312.845s][info][gc,heap     ] GC(509) Humongous regions: 3->3
[312.845s][info][gc,metaspace] GC(509) Metaspace: 42565K(43008K)->42565K(43008K) NonClass: 38227K(38464K)->38227K(38464K) Class: 4337K(4544K)->4337K(4544K)
[312.845s][info][gc          ] GC(509) Pause Young (Concurrent Start) (G1 Evacuation Pause) 200M->127M(256M) 85.325ms
[312.845s][info][gc,cpu      ] GC(509) User=0.17s Sys=0.00s Real=0.09s
[312.846s][info][gc          ] GC(510) Concurrent Mark Cycle
[312.846s][info][gc,marking  ] GC(510) Concurrent Scan Root Regions
[312.927s][info][gc,marking  ] GC(510) Concurrent Scan Root Regions 81.101ms
[312.927s][info][gc,marking  ] GC(510) Concurrent Mark
[312.927s][info][gc,marking  ] GC(510) Concurrent Mark From Roots
[312.927s][info][gc,task     ] GC(510) Using 1 workers of 1 for marking
[313.131s][info][gc,marking  ] GC(510) Concurrent Mark From Roots 203.410ms
[313.131s][info][gc,marking  ] GC(510) Concurrent Preclean
[313.131s][info][gc,marking  ] GC(510) Concurrent Preclean 0.051ms
[313.131s][info][gc,start    ] GC(510) Pause Remark
[313.150s][info][gc          ] GC(510) Pause Remark 164M->164M(256M) 18.831ms
[313.150s][info][gc,cpu      ] GC(510) User=0.04s Sys=0.00s Real=0.02s
[313.150s][info][gc,marking  ] GC(510) Concurrent Mark 222.613ms
[313.150s][info][gc,marking  ] GC(510) Concurrent Rebuild Remembered Sets and Scrub Regions
[313.264s][info][gc,marking  ] GC(510) Concurrent Rebuild Remembered Sets and Scrub Regions 114.156ms
[313.264s][info][gc,start    ] GC(510) Pause Cleanup
[313.264s][info][gc          ] GC(510) Pause Cleanup 180M->180M(256M) 0.058ms
[313.264s][info][gc,cpu      ] GC(510) User=0.00s Sys=0.00s Real=0.00s
[313.264s][info][gc,marking  ] GC(510) Concurrent Clear Claimed Marks
[313.264s][info][gc,marking  ] GC(510) Concurrent Clear Claimed Marks 0.041ms
[313.264s][info][gc,marking  ] GC(510) Concurrent Cleanup for Next Mark
[313.266s][info][gc,marking  ] GC(510) Concurrent Cleanup for Next Mark 1.605ms
[313.266s][info][gc          ] GC(510) Concurrent Mark Cycle 419.849ms
[313.443s][info][gc,start    ] GC(511) Pause Young (Prepare Mixed) (G1 Evacuation Pause)
[313.443s][info][gc,task     ] GC(511) Using 2 workers of 2 for evacuation
[313.513s][info][gc,phases   ] GC(511)   Pre Evacuate Collection Set: 0.20ms
[313.513s][info][gc,phases   ] GC(511)   Merge Heap Roots: 0.75ms
[313.513s][info][gc,phases   ] GC(511)   Evacuate Collection Set: 68.50ms
[313.513s][info][gc,phases   ] GC(511)   Post Evacuate Collection Set: 0.51ms
[313.513s][info][gc,phases   ] GC(511)   Other: 0.07ms
[313.513s][info][gc,heap     ] GC(511) Eden regions: 79->0(65)
[313.513s][info][gc,heap     ] GC(511) Survivor regions: 15->12(12)
[313.513s][info][gc,heap     ] GC(511) Old regions: 111->135
[313.513s][info][gc,heap     ] GC(511) Humongous regions: 3->3
[313.513s][info][gc,metaspace] GC(511) Metaspace: 42565K(43008K)->42565K(43008K) NonClass: 38227K(38464K)->38227K(38464K) Class: 4337K(4544K)->4337K(4544K)
[313.513s][info][gc          ] GC(511) Pause Young (Prepare Mixed) (G1 Evacuation Pause) 206M->149M(256M) 70.294ms
[313.513s][info][gc,cpu      ] GC(511) User=0.11s Sys=0.00s Real=0.07s
[313.868s][info][gc,start    ] GC(512) Pause Young (Mixed) (G1 Evacuation Pause)
[313.868s][info][gc,task     ] GC(512) Using 2 workers of 2 for evacuation
[313.921s][info][gc,phases   ] GC(512)   Pre Evacuate Collection Set: 0.22ms
[313.921s][info][gc,phases   ] GC(512)   Merge Heap Roots: 0.48ms
[313.921s][info][gc,phases   ] GC(512)   Evacuate Collection Set: 51.32ms
[313.921s][info][gc,phases   ] GC(512)   Post Evacuate Collection Set: 1.19ms
[313.921s][info][gc,phases   ] GC(512)   Other: 0.08ms
[313.921s][info][gc,heap     ] GC(512) Eden regions: 65->0(108)
[313.921s][info][gc,heap     ] GC(512) Survivor regions: 12->10(10)
[313.921s][info][gc,heap     ] GC(512) Old regions: 135->151
[313.921s][info][gc,heap     ] GC(512) Humongous regions: 5->3
[313.921s][info][gc,metaspace] GC(512) Metaspace: 42565K(43008K)->42565K(43008K) NonClass: 38227K(38464K)->38227K(38464K) Class: 4337K(4544K)->4337K(4544K)
[313.921s][info][gc          ] GC(512) Pause Young (Mixed) (G1 Evacuation Pause) 216M->162M(343M) 53.507ms
[313.921s][info][gc,cpu      ] GC(512) User=0.11s Sys=0.00s Real=0.05s
[314.393s][info][gc,start    ] GC(513) Pause Young (Concurrent Start) (G1 Humongous Allocation)
[314.393s][info][gc,task     ] GC(513) Using 2 workers of 2 for evacuation
[314.417s][info][gc,phases   ] GC(513)   Pre Evacuate Collection Set: 1.79ms
[314.417s][info][gc,phases   ] GC(513)   Merge Heap Roots: 0.62ms
[314.417s][info][gc,phases   ] GC(513)   Evacuate Collection Set: 20.89ms
[314.417s][info][gc,phases   ] GC(513)   Post Evacuate Collection Set: 0.45ms
[314.417s][info][gc,phases   ] GC(513)   Other: 0.17ms
[314.417s][info][gc,heap     ] GC(513) Eden regions: 82->0(116)
[314.417s][info][gc,heap     ] GC(513) Survivor regions: 10->7(15)
[314.417s][info][gc,heap     ] GC(513) Old regions: 151->157
[314.417s][info][gc,heap     ] GC(513) Humongous regions: 3->1
[314.417s][info][gc,metaspace] GC(513) Metaspace: 42565K(43008K)->42565K(43008K) NonClass: 38227K(38464K)->38227K(38464K) Class: 4337K(4544K)->4337K(4544K)
[314.417s][info][gc          ] GC(513) Pause Young (Concurrent Start) (G1 Humongous Allocation) 244M->163M(343M) 24.143ms
[314.417s][info][gc,cpu      ] GC(513) User=0.04s Sys=0.00s Real=0.02s
[314.417s][info][gc          ] GC(514) Concurrent Mark Cycle
[314.417s][info][gc,marking  ] GC(514) Concurrent Scan Root Regions
[314.432s][info][gc,marking  ] GC(514) Concurrent Scan Root Regions 14.795ms
[314.432s][info][gc,marking  ] GC(514) Concurrent Mark
[314.432s][info][gc,marking  ] GC(514) Concurrent Mark From Roots
[314.432s][info][gc,task     ] GC(514) Using 1 workers of 1 for marking
[314.572s][info][gc,marking  ] GC(514) Concurrent Mark From Roots 140.630ms
[314.573s][info][gc,marking  ] GC(514) Concurrent Preclean
[314.573s][info][gc,marking  ] GC(514) Concurrent Preclean 0.040ms
[314.573s][info][gc,start    ] GC(514) Pause Remark
[314.592s][info][gc          ] GC(514) Pause Remark 193M->193M(343M) 18.999ms
[314.592s][info][gc,cpu      ] GC(514) User=0.04s Sys=0.00s Real=0.01s
[314.592s][info][gc,marking  ] GC(514) Concurrent Mark 160.000ms
[314.592s][info][gc,marking  ] GC(514) Concurrent Rebuild Remembered Sets and Scrub Regions
[314.681s][info][gc,marking  ] GC(514) Concurrent Rebuild Remembered Sets and Scrub Regions 89.064ms
[314.681s][info][gc,start    ] GC(514) Pause Cleanup
[314.681s][info][gc          ] GC(514) Pause Cleanup 219M->219M(343M) 0.134ms
[314.681s][info][gc,cpu      ] GC(514) User=0.00s Sys=0.00s Real=0.00s
[314.681s][info][gc,marking  ] GC(514) Concurrent Clear Claimed Marks
[314.681s][info][gc,marking  ] GC(514) Concurrent Clear Claimed Marks 0.043ms
[314.681s][info][gc,marking  ] GC(514) Concurrent Cleanup for Next Mark
[314.683s][info][gc,marking  ] GC(514) Concurrent Cleanup for Next Mark 2.124ms
[314.684s][info][gc          ] GC(514) Concurrent Mark Cycle 266.703ms
[315.018s][info][gc,start    ] GC(515) Pause Young (Prepare Mixed) (G1 Evacuation Pause)
[315.018s][info][gc,task     ] GC(515) Using 2 workers of 2 for evacuation
[315.026s][info][gc,phases   ] GC(515)   Pre Evacuate Collection Set: 0.21ms
[315.026s][info][gc,phases   ] GC(515)   Merge Heap Roots: 0.06ms
[315.026s][info][gc,phases   ] GC(515)   Evacuate Collection Set: 7.19ms
[315.026s][info][gc,phases   ] GC(515)   Post Evacuate Collection Set: 0.41ms
[315.026s][info][gc,phases   ] GC(515)   Other: 0.08ms
[315.026s][info][gc,heap     ] GC(515) Eden regions: 116->0(126)
[315.026s][info][gc,heap     ] GC(515) Survivor regions: 7->7(16)
[315.026s][info][gc,heap     ] GC(515) Old regions: 157->157
[315.026s][info][gc,heap     ] GC(515) Humongous regions: 9->1
[315.026s][info][gc,metaspace] GC(515) Metaspace: 42565K(43008K)->42565K(43008K) NonClass: 38227K(38464K)->38227K(38464K) Class: 4337K(4544K)->4337K(4544K)
[315.026s][info][gc          ] GC(515) Pause Young (Prepare Mixed) (G1 Evacuation Pause) 287M->163M(343M) 8.153ms
[315.026s][info][gc,cpu      ] GC(515) User=0.02s Sys=0.00s Real=0.01s
[315.439s][info][gc,start    ] GC(516) Pause Young (Mixed) (G1 Evacuation Pause)
[315.439s][info][gc,task     ] GC(516) Using 2 workers of 2 for evacuation
[315.470s][info][gc,phases   ] GC(516)   Pre Evacuate Collection Set: 0.23ms
[315.470s][info][gc,phases   ] GC(516)   Merge Heap Roots: 0.24ms
[315.470s][info][gc,phases   ] GC(516)   Evacuate Collection Set: 30.17ms
[315.470s][info][gc,phases   ] GC(516)   Post Evacuate Collection Set: 0.56ms
[315.470s][info][gc,phases   ] GC(516)   Other: 0.08ms
[315.470s][info][gc,heap     ] GC(516) Eden regions: 126->0(131)
[315.470s][info][gc,heap     ] GC(516) Survivor regions: 7->17(17)
[315.470s][info][gc,heap     ] GC(516) Old regions: 157->134
[315.470s][info][gc,heap     ] GC(516) Humongous regions: 5->3
[315.470s][info][gc,metaspace] GC(516) Metaspace: 42579K(43008K)->42579K(43008K) NonClass: 38239K(38464K)->38239K(38464K) Class: 4339K(4544K)->4339K(4544K)
[315.470s][info][gc          ] GC(516) Pause Young (Mixed) (G1 Evacuation Pause) 293M->152M(343M) 31.536ms
[315.470s][info][gc,cpu      ] GC(516) User=0.06s Sys=0.00s Real=0.03s
[315.975s][info][gc,start    ] GC(517) Pause Young (Mixed) (G1 Evacuation Pause)
[315.975s][info][gc,task     ] GC(517) Using 2 workers of 2 for evacuation
[316.045s][info][gc,phases   ] GC(517)   Pre Evacuate Collection Set: 0.30ms
[316.045s][info][gc,phases   ] GC(517)   Merge Heap Roots: 0.53ms
[316.045s][info][gc,phases   ] GC(517)   Evacuate Collection Set: 68.00ms
[316.045s][info][gc,phases   ] GC(517)   Post Evacuate Collection Set: 0.67ms
[316.045s][info][gc,phases   ] GC(517)   Other: 0.08ms
[316.045s][info][gc,heap     ] GC(517) Eden regions: 131->0(114)
[316.045s][info][gc,heap     ] GC(517) Survivor regions: 17->19(19)
[316.045s][info][gc,heap     ] GC(517) Old regions: 134->141
[316.045s][info][gc,heap     ] GC(517) Humongous regions: 5->4
[316.045s][info][gc,metaspace] GC(517) Metaspace: 42579K(43008K)->42579K(43008K) NonClass: 38239K(38464K)->38239K(38464K) Class: 4339K(4544K)->4339K(4544K)
[316.045s][info][gc          ] GC(517) Pause Young (Mixed) (G1 Evacuation Pause) 285M->163M(348M) 69.778ms
[316.045s][info][gc,cpu      ] GC(517) User=0.13s Sys=0.00s Real=0.07s
[316.460s][info][gc,start    ] GC(518) Pause Young (Mixed) (G1 Evacuation Pause)
[316.460s][info][gc,task     ] GC(518) Using 2 workers of 2 for evacuation
[316.523s][info][gc,phases   ] GC(518)   Pre Evacuate Collection Set: 0.30ms
[316.523s][info][gc,phases   ] GC(518)   Merge Heap Roots: 1.10ms
[316.523s][info][gc,phases   ] GC(518)   Evacuate Collection Set: 60.30ms
[316.523s][info][gc,phases   ] GC(518)   Post Evacuate Collection Set: 0.52ms
[316.523s][info][gc,phases   ] GC(518)   Other: 0.10ms
[316.523s][info][gc,heap     ] GC(518) Eden regions: 114->0(107)
[316.523s][info][gc,heap     ] GC(518) Survivor regions: 19->17(17)
[316.523s][info][gc,heap     ] GC(518) Old regions: 141->152
[316.523s][info][gc,heap     ] GC(518) Humongous regions: 4->4
[316.523s][info][gc,metaspace] GC(518) Metaspace: 42579K(43008K)->42579K(43008K) NonClass: 38239K(38464K)->38239K(38464K) Class: 4339K(4544K)->4339K(4544K)
[316.523s][info][gc          ] GC(518) Pause Young (Mixed) (G1 Evacuation Pause) 277M->171M(348M) 62.578ms
[316.523s][info][gc,cpu      ] GC(518) User=0.12s Sys=0.00s Real=0.07s
[316.614s][info][gc,start    ] GC(519) Pause Young (Concurrent Start) (G1 Humongous Allocation)
[316.614s][info][gc,task     ] GC(519) Using 2 workers of 2 for evacuation
[316.641s][info][gc,phases   ] GC(519)   Pre Evacuate Collection Set: 0.25ms
[316.641s][info][gc,phases   ] GC(519)   Merge Heap Roots: 0.11ms
[316.641s][info][gc,phases   ] GC(519)   Evacuate Collection Set: 25.36ms
[316.641s][info][gc,phases   ] GC(519)   Post Evacuate Collection Set: 1.58ms
[316.641s][info][gc,phases   ] GC(519)   Other: 0.13ms
[316.641s][info][gc,heap     ] GC(519) Eden regions: 26->0(124)
[316.641s][info][gc,heap     ] GC(519) Survivor regions: 17->14(16)
[316.641s][info][gc,heap     ] GC(519) Old regions: 152->168
[316.641s][info][gc,heap     ] GC(519) Humongous regions: 4->4
[316.641s][info][gc,metaspace] GC(519) Metaspace: 42579K(43008K)->42579K(43008K) NonClass: 38239K(38464K)->38239K(38464K) Class: 4339K(4544K)->4339K(4544K)
[316.642s][info][gc          ] GC(519) Pause Young (Concurrent Start) (G1 Humongous Allocation) 197M->185M(444M) 27.725ms
[316.642s][info][gc,cpu      ] GC(519) User=0.05s Sys=0.00s Real=0.02s
[316.642s][info][gc          ] GC(520) Concurrent Mark Cycle
[316.642s][info][gc,marking  ] GC(520) Concurrent Scan Root Regions
[316.659s][info][gc,marking  ] GC(520) Concurrent Scan Root Regions 17.775ms
[316.659s][info][gc,marking  ] GC(520) Concurrent Mark
[316.659s][info][gc,marking  ] GC(520) Concurrent Mark From Roots
[316.659s][info][gc,task     ] GC(520) Using 1 workers of 1 for marking
[316.750s][info][gc,marking  ] GC(520) Concurrent Mark From Roots 90.335ms
[316.750s][info][gc,marking  ] GC(520) Concurrent Preclean
[316.750s][info][gc,marking  ] GC(520) Concurrent Preclean 0.051ms
[316.750s][info][gc,start    ] GC(520) Pause Remark
[316.771s][info][gc          ] GC(520) Pause Remark 205M->160M(444M) 20.714ms
[316.771s][info][gc,cpu      ] GC(520) User=0.04s Sys=0.00s Real=0.02s
[316.771s][info][gc,marking  ] GC(520) Concurrent Mark 111.435ms
[316.771s][info][gc,marking  ] GC(520) Concurrent Rebuild Remembered Sets and Scrub Regions
[316.825s][info][gc,marking  ] GC(520) Concurrent Rebuild Remembered Sets and Scrub Regions 53.769ms
[316.825s][info][gc,start    ] GC(520) Pause Cleanup
[316.825s][info][gc          ] GC(520) Pause Cleanup 170M->170M(444M) 0.084ms
[316.825s][info][gc,cpu      ] GC(520) User=0.00s Sys=0.00s Real=0.00s
[316.825s][info][gc,marking  ] GC(520) Concurrent Clear Claimed Marks
[316.825s][info][gc,marking  ] GC(520) Concurrent Clear Claimed Marks 0.043ms
[316.825s][info][gc,marking  ] GC(520) Concurrent Cleanup for Next Mark
[316.828s][info][gc,marking  ] GC(520) Concurrent Cleanup for Next Mark 2.697ms
[316.828s][info][gc          ] GC(520) Concurrent Mark Cycle 186.224ms
[317.278s][info][gc,start    ] GC(521) Pause Young (Prepare Mixed) (G1 Evacuation Pause)
[317.278s][info][gc,task     ] GC(521) Using 2 workers of 2 for evacuation
[317.317s][info][gc,phases   ] GC(521)   Pre Evacuate Collection Set: 0.29ms
[317.317s][info][gc,phases   ] GC(521)   Merge Heap Roots: 0.22ms
[317.317s][info][gc,phases   ] GC(521)   Evacuate Collection Set: 38.20ms
[317.317s][info][gc,phases   ] GC(521)   Post Evacuate Collection Set: 0.50ms
[317.317s][info][gc,phases   ] GC(521)   Other: 0.12ms
[317.317s][info][gc,heap     ] GC(521) Eden regions: 124->0(134)
[317.317s][info][gc,heap     ] GC(521) Survivor regions: 14->18(18)
[317.317s][info][gc,heap     ] GC(521) Old regions: 124->152
[317.317s][info][gc,heap     ] GC(521) Humongous regions: 5->4
[317.317s][info][gc,metaspace] GC(521) Metaspace: 42579K(43008K)->42579K(43008K) NonClass: 38239K(38464K)->38239K(38464K) Class: 4339K(4544K)->4339K(4544K)
[317.317s][info][gc          ] GC(521) Pause Young (Prepare Mixed) (G1 Evacuation Pause) 266M->173M(444M) 39.585ms
[317.317s][info][gc,cpu      ] GC(521) User=0.08s Sys=0.00s Real=0.04s
[317.877s][info][gc,start    ] GC(522) Pause Young (Mixed) (G1 Evacuation Pause)
[317.877s][info][gc,task     ] GC(522) Using 2 workers of 2 for evacuation
[317.952s][info][gc,phases   ] GC(522)   Pre Evacuate Collection Set: 0.30ms
[317.952s][info][gc,phases   ] GC(522)   Merge Heap Roots: 0.38ms
[317.952s][info][gc,phases   ] GC(522)   Evacuate Collection Set: 73.99ms
[317.952s][info][gc,phases   ] GC(522)   Post Evacuate Collection Set: 0.65ms
[317.952s][info][gc,phases   ] GC(522)   Other: 0.09ms
[317.952s][info][gc,heap     ] GC(522) Eden regions: 134->0(116)
[317.952s][info][gc,heap     ] GC(522) Survivor regions: 18->19(19)
[317.952s][info][gc,heap     ] GC(522) Old regions: 152->169
[317.952s][info][gc,heap     ] GC(522) Humongous regions: 4->4
[317.952s][info][gc,metaspace] GC(522) Metaspace: 42579K(43008K)->42579K(43008K) NonClass: 38239K(38464K)->38239K(38464K) Class: 4339K(4544K)->4339K(4544K)
[317.952s][info][gc          ] GC(522) Pause Young (Mixed) (G1 Evacuation Pause) 307M->191M(444M) 75.668ms
[317.952s][info][gc,cpu      ] GC(522) User=0.15s Sys=0.00s Real=0.08s
[318.284s][info][gc,start    ] GC(523) Pause Young (Concurrent Start) (G1 Humongous Allocation)
[318.284s][info][gc,task     ] GC(523) Using 2 workers of 2 for evacuation
[318.338s][info][gc,phases   ] GC(523)   Pre Evacuate Collection Set: 0.28ms
[318.339s][info][gc,phases   ] GC(523)   Merge Heap Roots: 0.36ms
[318.339s][info][gc,phases   ] GC(523)   Evacuate Collection Set: 53.25ms
[318.339s][info][gc,phases   ] GC(523)   Post Evacuate Collection Set: 0.51ms
[318.339s][info][gc,phases   ] GC(523)   Other: 0.18ms
[318.339s][info][gc,heap     ] GC(523) Eden regions: 76->0(95)
[318.339s][info][gc,heap     ] GC(523) Survivor regions: 19->17(17)
[318.339s][info][gc,heap     ] GC(523) Old regions: 169->212
[318.339s][info][gc,heap     ] GC(523) Humongous regions: 4->4
[318.339s][info][gc,metaspace] GC(523) Metaspace: 42579K(43008K)->42579K(43008K) NonClass: 38239K(38464K)->38239K(38464K) Class: 4339K(4544K)->4339K(4544K)
[318.339s][info][gc          ] GC(523) Pause Young (Concurrent Start) (G1 Humongous Allocation) 266M->231M(444M) 54.805ms
[318.339s][info][gc,cpu      ] GC(523) User=0.11s Sys=0.00s Real=0.05s
[318.339s][info][gc          ] GC(524) Concurrent Mark Cycle
[318.339s][info][gc,marking  ] GC(524) Concurrent Scan Root Regions
[318.366s][info][gc,marking  ] GC(524) Concurrent Scan Root Regions 27.689ms
[318.366s][info][gc,marking  ] GC(524) Concurrent Mark
[318.366s][info][gc,marking  ] GC(524) Concurrent Mark From Roots
[318.366s][info][gc,task     ] GC(524) Using 1 workers of 1 for marking
[318.477s][info][gc,marking  ] GC(524) Concurrent Mark From Roots 110.963ms
[318.478s][info][gc,marking  ] GC(524) Concurrent Preclean
[318.478s][info][gc,marking  ] GC(524) Concurrent Preclean 0.045ms
[318.478s][info][gc,start    ] GC(524) Pause Remark
[318.496s][info][gc          ] GC(524) Pause Remark 255M->227M(444M) 18.287ms
[318.496s][info][gc,cpu      ] GC(524) User=0.04s Sys=0.00s Real=0.02s
[318.498s][info][gc,marking  ] GC(524) Concurrent Mark 131.779ms
[318.498s][info][gc,marking  ] GC(524) Concurrent Rebuild Remembered Sets and Scrub Regions
[318.577s][info][gc,marking  ] GC(524) Concurrent Rebuild Remembered Sets and Scrub Regions 78.872ms
[318.577s][info][gc,start    ] GC(524) Pause Cleanup
[318.577s][info][gc          ] GC(524) Pause Cleanup 244M->244M(444M) 0.107ms
[318.577s][info][gc,cpu      ] GC(524) User=0.00s Sys=0.00s Real=0.00s
[318.578s][info][gc,marking  ] GC(524) Concurrent Clear Claimed Marks
[318.578s][info][gc,marking  ] GC(524) Concurrent Clear Claimed Marks 0.043ms
[318.578s][info][gc,marking  ] GC(524) Concurrent Cleanup for Next Mark
[318.579s][info][gc,marking  ] GC(524) Concurrent Cleanup for Next Mark 1.371ms
[318.579s][info][gc          ] GC(524) Concurrent Mark Cycle 240.312ms
[318.783s][info][gc,start    ] GC(525) Pause Young (Prepare Mixed) (G1 Evacuation Pause)
[318.783s][info][gc,task     ] GC(525) Using 2 workers of 2 for evacuation
[318.818s][info][gc,phases   ] GC(525)   Pre Evacuate Collection Set: 0.24ms
[318.818s][info][gc,phases   ] GC(525)   Merge Heap Roots: 0.39ms
[318.818s][info][gc,phases   ] GC(525)   Evacuate Collection Set: 33.33ms
[318.818s][info][gc,phases   ] GC(525)   Post Evacuate Collection Set: 0.47ms
[318.818s][info][gc,phases   ] GC(525)   Other: 0.09ms
[318.818s][info][gc,heap     ] GC(525) Eden regions: 95->0(106)
[318.818s][info][gc,heap     ] GC(525) Survivor regions: 17->14(14)
[318.818s][info][gc,heap     ] GC(525) Old regions: 185->204
[318.818s][info][gc,heap     ] GC(525) Humongous regions: 4->4
[318.818s][info][gc,metaspace] GC(525) Metaspace: 42579K(43008K)->42579K(43008K) NonClass: 38240K(38464K)->38240K(38464K) Class: 4339K(4544K)->4339K(4544K)
[318.818s][info][gc          ] GC(525) Pause Young (Prepare Mixed) (G1 Evacuation Pause) 299M->221M(444M) 34.780ms
[318.818s][info][gc,cpu      ] GC(525) User=0.06s Sys=0.00s Real=0.03s
[319.244s][info][gc,start    ] GC(526) Pause Young (Mixed) (G1 Evacuation Pause)
[319.244s][info][gc,task     ] GC(526) Using 2 workers of 2 for evacuation
[319.298s][info][gc,phases   ] GC(526)   Pre Evacuate Collection Set: 0.27ms
[319.298s][info][gc,phases   ] GC(526)   Merge Heap Roots: 0.20ms
[319.298s][info][gc,phases   ] GC(526)   Evacuate Collection Set: 52.31ms
[319.298s][info][gc,phases   ] GC(526)   Post Evacuate Collection Set: 0.57ms
[319.298s][info][gc,phases   ] GC(526)   Other: 0.11ms
[319.298s][info][gc,heap     ] GC(526) Eden regions: 106->0(95)
[319.298s][info][gc,heap     ] GC(526) Survivor regions: 14->15(15)
[319.298s][info][gc,heap     ] GC(526) Old regions: 204->214
[319.298s][info][gc,heap     ] GC(526) Humongous regions: 4->4
[319.298s][info][gc,metaspace] GC(526) Metaspace: 42579K(43008K)->42579K(43008K) NonClass: 38240K(38464K)->38240K(38464K) Class: 4339K(4544K)->4339K(4544K)
[319.298s][info][gc          ] GC(526) Pause Young (Mixed) (G1 Evacuation Pause) 327M->232M(444M) 53.696ms
[319.298s][info][gc,cpu      ] GC(526) User=0.11s Sys=0.00s Real=0.05s
[319.703s][info][gc,start    ] GC(527) Pause Young (Mixed) (G1 Evacuation Pause)
[319.703s][info][gc,task     ] GC(527) Using 2 workers of 2 for evacuation
[319.783s][info][gc,phases   ] GC(527)   Pre Evacuate Collection Set: 0.36ms
[319.783s][info][gc,phases   ] GC(527)   Merge Heap Roots: 0.52ms
[319.783s][info][gc,phases   ] GC(527)   Evacuate Collection Set: 77.84ms
[319.783s][info][gc,phases   ] GC(527)   Post Evacuate Collection Set: 1.09ms
[319.783s][info][gc,phases   ] GC(527)   Other: 0.12ms
[319.783s][info][gc,heap     ] GC(527) Eden regions: 95->0(104)
[319.783s][info][gc,heap     ] GC(527) Survivor regions: 15->14(14)
[319.783s][info][gc,heap     ] GC(527) Old regions: 214->248
[319.783s][info][gc,heap     ] GC(527) Humongous regions: 5->5
[319.783s][info][gc,metaspace] GC(527) Metaspace: 42579K(43008K)->42579K(43008K) NonClass: 38240K(38464K)->38240K(38464K) Class: 4339K(4544K)->4339K(4544K)
[319.783s][info][gc          ] GC(527) Pause Young (Mixed) (G1 Evacuation Pause) 328M->266M(505M) 80.185ms
[319.783s][info][gc,cpu      ] GC(527) User=0.15s Sys=0.00s Real=0.08s
[320.202s][info][gc,start    ] GC(528) Pause Young (Concurrent Start) (G1 Humongous Allocation)
[320.202s][info][gc,task     ] GC(528) Using 2 workers of 2 for evacuation
[320.261s][info][gc,phases   ] GC(528)   Pre Evacuate Collection Set: 0.28ms
[320.261s][info][gc,phases   ] GC(528)   Merge Heap Roots: 0.36ms
[320.261s][info][gc,phases   ] GC(528)   Evacuate Collection Set: 58.38ms
[320.261s][info][gc,phases   ] GC(528)   Post Evacuate Collection Set: 0.48ms
[320.261s][info][gc,phases   ] GC(528)   Other: 0.13ms
[320.261s][info][gc,heap     ] GC(528) Eden regions: 83->0(76)
[320.261s][info][gc,heap     ] GC(528) Survivor regions: 14->15(15)
[320.261s][info][gc,heap     ] GC(528) Old regions: 248->300
[320.261s][info][gc,heap     ] GC(528) Humongous regions: 5->5
[320.261s][info][gc,metaspace] GC(528) Metaspace: 42579K(43008K)->42579K(43008K) NonClass: 38240K(38464K)->38240K(38464K) Class: 4339K(4544K)->4339K(4544K)
[320.261s][info][gc          ] GC(528) Pause Young (Concurrent Start) (G1 Humongous Allocation) 348M->319M(505M) 59.892ms
[320.261s][info][gc          ] GC(529) Concurrent Mark Cycle
[320.261s][info][gc,marking  ] GC(529) Concurrent Scan Root Regions
[320.263s][info][gc,cpu      ] GC(528) User=0.12s Sys=0.00s Real=0.07s
[320.297s][info][gc,marking  ] GC(529) Concurrent Scan Root Regions 35.417ms
[320.297s][info][gc,marking  ] GC(529) Concurrent Mark
[320.297s][info][gc,marking  ] GC(529) Concurrent Mark From Roots
[320.297s][info][gc,task     ] GC(529) Using 1 workers of 1 for marking
[320.437s][info][gc,marking  ] GC(529) Concurrent Mark From Roots 140.475ms
[320.437s][info][gc,marking  ] GC(529) Concurrent Preclean
[320.438s][info][gc,marking  ] GC(529) Concurrent Preclean 0.044ms
[320.438s][info][gc,start    ] GC(529) Pause Remark
[320.457s][info][gc          ] GC(529) Pause Remark 354M->281M(505M) 19.387ms
[320.457s][info][gc,cpu      ] GC(529) User=0.04s Sys=0.00s Real=0.02s
[320.459s][info][gc,marking  ] GC(529) Concurrent Mark 162.283ms
[320.459s][info][gc,marking  ] GC(529) Concurrent Rebuild Remembered Sets and Scrub Regions
[320.563s][info][gc,marking  ] GC(529) Concurrent Rebuild Remembered Sets and Scrub Regions 104.179ms
[320.564s][info][gc,start    ] GC(529) Pause Cleanup
[320.564s][info][gc          ] GC(529) Pause Cleanup 302M->302M(505M) 0.103ms
[320.564s][info][gc,cpu      ] GC(529) User=0.00s Sys=0.00s Real=0.00s
[320.564s][info][gc,marking  ] GC(529) Concurrent Clear Claimed Marks
[320.564s][info][gc,marking  ] GC(529) Concurrent Clear Claimed Marks 0.046ms
[320.564s][info][gc,marking  ] GC(529) Concurrent Cleanup for Next Mark
[320.567s][info][gc,marking  ] GC(529) Concurrent Cleanup for Next Mark 2.298ms
[320.567s][info][gc          ] GC(529) Concurrent Mark Cycle 305.283ms
[320.659s][info][gc,start    ] GC(530) Pause Young (Prepare Mixed) (G1 Evacuation Pause)
[320.659s][info][gc,task     ] GC(530) Using 2 workers of 2 for evacuation
[320.713s][info][gc,phases   ] GC(530)   Pre Evacuate Collection Set: 0.35ms
[320.713s][info][gc,phases   ] GC(530)   Merge Heap Roots: 0.50ms
[320.713s][info][gc,phases   ] GC(530)   Evacuate Collection Set: 53.07ms
[320.713s][info][gc,phases   ] GC(530)   Post Evacuate Collection Set: 0.49ms
[320.713s][info][gc,phases   ] GC(530)   Other: 0.11ms
[320.713s][info][gc,heap     ] GC(530) Eden regions: 76->0(86)
[320.713s][info][gc,heap     ] GC(530) Survivor regions: 15->12(12)
[320.713s][info][gc,heap     ] GC(530) Old regions: 228->278
[320.713s][info][gc,heap     ] GC(530) Humongous regions: 5->5
[320.713s][info][gc,metaspace] GC(530) Metaspace: 42579K(43008K)->42579K(43008K) NonClass: 38240K(38464K)->38240K(38464K) Class: 4339K(4544K)->4339K(4544K)
[320.713s][info][gc          ] GC(530) Pause Young (Prepare Mixed) (G1 Evacuation Pause) 323M->294M(505M) 54.770ms
[320.714s][info][gc,cpu      ] GC(530) User=0.11s Sys=0.00s Real=0.06s
[321.087s][info][gc,start    ] GC(531) Pause Young (Mixed) (G1 Evacuation Pause)
[321.087s][info][gc,task     ] GC(531) Using 2 workers of 2 for evacuation
[321.148s][info][gc,phases   ] GC(531)   Pre Evacuate Collection Set: 0.28ms
[321.149s][info][gc,phases   ] GC(531)   Merge Heap Roots: 0.33ms
[321.149s][info][gc,phases   ] GC(531)   Evacuate Collection Set: 59.77ms
[321.149s][info][gc,phases   ] GC(531)   Post Evacuate Collection Set: 0.63ms
[321.149s][info][gc,phases   ] GC(531)   Other: 0.08ms
[321.149s][info][gc,heap     ] GC(531) Eden regions: 86->0(82)
[321.149s][info][gc,heap     ] GC(531) Survivor regions: 12->13(13)
[321.149s][info][gc,heap     ] GC(531) Old regions: 278->281
[321.149s][info][gc,heap     ] GC(531) Humongous regions: 6->6
[321.149s][info][gc,metaspace] GC(531) Metaspace: 42579K(43008K)->42579K(43008K) NonClass: 38240K(38464K)->38240K(38464K) Class: 4339K(4544K)->4339K(4544K)
[321.149s][info][gc          ] GC(531) Pause Young (Mixed) (G1 Evacuation Pause) 381M->298M(505M) 61.347ms
[321.149s][info][gc,cpu      ] GC(531) User=0.12s Sys=0.00s Real=0.06s
[321.511s][info][gc,start    ] GC(532) Pause Young (Mixed) (G1 Evacuation Pause)
[321.511s][info][gc,task     ] GC(532) Using 2 workers of 2 for evacuation
[321.580s][info][gc,phases   ] GC(532)   Pre Evacuate Collection Set: 0.30ms
[321.580s][info][gc,phases   ] GC(532)   Merge Heap Roots: 0.85ms
[321.580s][info][gc,phases   ] GC(532)   Evacuate Collection Set: 67.05ms
[321.580s][info][gc,phases   ] GC(532)   Post Evacuate Collection Set: 0.50ms
[321.580s][info][gc,phases   ] GC(532)   Other: 0.08ms
[321.580s][info][gc,heap     ] GC(532) Eden regions: 82->0(73)
[321.580s][info][gc,heap     ] GC(532) Survivor regions: 13->12(12)
[321.580s][info][gc,heap     ] GC(532) Old regions: 281->309
[321.580s][info][gc,heap     ] GC(532) Humongous regions: 6->6
[321.580s][info][gc,metaspace] GC(532) Metaspace: 42579K(43008K)->42579K(43008K) NonClass: 38240K(38464K)->38240K(38464K) Class: 4339K(4544K)->4339K(4544K)
[321.580s][info][gc          ] GC(532) Pause Young (Mixed) (G1 Evacuation Pause) 380M->326M(505M) 69.031ms
[321.580s][info][gc,cpu      ] GC(532) User=0.13s Sys=0.00s Real=0.07s
[321.635s][info][gc,start    ] GC(533) Pause Young (Concurrent Start) (G1 Humongous Allocation)
[321.635s][info][gc,task     ] GC(533) Using 2 workers of 2 for evacuation
[321.655s][info][gc,phases   ] GC(533)   Pre Evacuate Collection Set: 0.28ms
[321.655s][info][gc,phases   ] GC(533)   Merge Heap Roots: 0.18ms
[321.656s][info][gc,phases   ] GC(533)   Evacuate Collection Set: 18.85ms
[321.656s][info][gc,phases   ] GC(533)   Post Evacuate Collection Set: 1.29ms
[321.656s][info][gc,phases   ] GC(533)   Other: 0.20ms
[321.656s][info][gc,heap     ] GC(533) Eden regions: 15->0(107)
[321.656s][info][gc,heap     ] GC(533) Survivor regions: 12->10(11)
[321.656s][info][gc,heap     ] GC(533) Old regions: 309->321
[321.656s][info][gc,heap     ] GC(533) Humongous regions: 6->6
[321.656s][info][gc,metaspace] GC(533) Metaspace: 42579K(43008K)->42579K(43008K) NonClass: 38240K(38464K)->38240K(38464K) Class: 4339K(4544K)->4339K(4544K)
[321.656s][info][gc          ] GC(533) Pause Young (Concurrent Start) (G1 Humongous Allocation) 340M->335M(609M) 21.019ms
[321.656s][info][gc,cpu      ] GC(533) User=0.04s Sys=0.00s Real=0.02s
[321.656s][info][gc          ] GC(534) Concurrent Mark Cycle
[321.656s][info][gc,marking  ] GC(534) Concurrent Scan Root Regions
[321.666s][info][gc,marking  ] GC(534) Concurrent Scan Root Regions 10.077ms
[321.666s][info][gc,marking  ] GC(534) Concurrent Mark
[321.666s][info][gc,marking  ] GC(534) Concurrent Mark From Roots
[321.666s][info][gc,task     ] GC(534) Using 1 workers of 1 for marking
[321.770s][info][gc,marking  ] GC(534) Concurrent Mark From Roots 104.512ms
[321.770s][info][gc,marking  ] GC(534) Concurrent Preclean
[321.771s][info][gc,marking  ] GC(534) Concurrent Preclean 0.054ms
[321.771s][info][gc,start    ] GC(534) Pause Remark
[321.791s][info][gc          ] GC(534) Pause Remark 357M->225M(609M) 20.478ms
[321.791s][info][gc,cpu      ] GC(534) User=0.04s Sys=0.00s Real=0.02s
[321.791s][info][gc,marking  ] GC(534) Concurrent Mark 125.419ms
[321.791s][info][gc,marking  ] GC(534) Concurrent Rebuild Remembered Sets and Scrub Regions
[321.844s][info][gc,marking  ] GC(534) Concurrent Rebuild Remembered Sets and Scrub Regions 52.287ms
[321.844s][info][gc,start    ] GC(534) Pause Cleanup
[321.844s][info][gc          ] GC(534) Pause Cleanup 234M->234M(609M) 0.124ms
[321.844s][info][gc,cpu      ] GC(534) User=0.00s Sys=0.00s Real=0.00s
[321.844s][info][gc,marking  ] GC(534) Concurrent Clear Claimed Marks
[321.844s][info][gc,marking  ] GC(534) Concurrent Clear Claimed Marks 0.044ms
[321.844s][info][gc,marking  ] GC(534) Concurrent Cleanup for Next Mark
[321.847s][info][gc,marking  ] GC(534) Concurrent Cleanup for Next Mark 3.135ms
[321.847s][info][gc          ] GC(534) Concurrent Mark Cycle 191.587ms
[322.253s][info][gc,start    ] GC(535) Pause Young (Prepare Mixed) (G1 Evacuation Pause)
[322.253s][info][gc,task     ] GC(535) Using 2 workers of 2 for evacuation
[322.283s][info][gc,phases   ] GC(535)   Pre Evacuate Collection Set: 0.41ms
[322.283s][info][gc,phases   ] GC(535)   Merge Heap Roots: 0.23ms
[322.283s][info][gc,phases   ] GC(535)   Evacuate Collection Set: 28.54ms
[322.283s][info][gc,phases   ] GC(535)   Post Evacuate Collection Set: 0.46ms
[322.283s][info][gc,phases   ] GC(535)   Other: 0.11ms
[322.283s][info][gc,heap     ] GC(535) Eden regions: 107->0(162)
[322.283s][info][gc,heap     ] GC(535) Survivor regions: 10->15(15)
[322.283s][info][gc,heap     ] GC(535) Old regions: 192->204
[322.283s][info][gc,heap     ] GC(535) Humongous regions: 4->4
[322.283s][info][gc,metaspace] GC(535) Metaspace: 42579K(43008K)->42579K(43008K) NonClass: 38240K(38464K)->38240K(38464K) Class: 4339K(4544K)->4339K(4544K)
[322.283s][info][gc          ] GC(535) Pause Young (Prepare Mixed) (G1 Evacuation Pause) 311M->222M(609M) 30.012ms
[322.283s][info][gc,cpu      ] GC(535) User=0.05s Sys=0.01s Real=0.03s
[322.962s][info][gc,start    ] GC(536) Pause Young (Mixed) (G1 Evacuation Pause)
[322.962s][info][gc,task     ] GC(536) Using 2 workers of 2 for evacuation
[323.001s][info][gc,phases   ] GC(536)   Pre Evacuate Collection Set: 0.42ms
[323.001s][info][gc,phases   ] GC(536)   Merge Heap Roots: 0.20ms
[323.001s][info][gc,phases   ] GC(536)   Evacuate Collection Set: 36.70ms
[323.001s][info][gc,phases   ] GC(536)   Post Evacuate Collection Set: 0.65ms
[323.001s][info][gc,phases   ] GC(536)   Other: 0.09ms
[323.001s][info][gc,heap     ] GC(536) Eden regions: 162->0(183)
[323.001s][info][gc,heap     ] GC(536) Survivor regions: 15->23(23)
[323.001s][info][gc,heap     ] GC(536) Old regions: 204->164
[323.001s][info][gc,heap     ] GC(536) Humongous regions: 5->5
[323.001s][info][gc,metaspace] GC(536) Metaspace: 42579K(43008K)->42579K(43008K) NonClass: 38240K(38464K)->38240K(38464K) Class: 4339K(4544K)->4339K(4544K)
[323.001s][info][gc          ] GC(536) Pause Young (Mixed) (G1 Evacuation Pause) 385M->190M(609M) 38.286ms
[323.001s][info][gc,cpu      ] GC(536) User=0.08s Sys=0.00s Real=0.03s
[323.800s][info][gc,start    ] GC(537) Pause Young (Mixed) (G1 Evacuation Pause)
[323.800s][info][gc,task     ] GC(537) Using 2 workers of 2 for evacuation
[323.834s][info][gc,phases   ] GC(537)   Pre Evacuate Collection Set: 0.31ms
[323.834s][info][gc,phases   ] GC(537)   Merge Heap Roots: 0.31ms
[323.834s][info][gc,phases   ] GC(537)   Evacuate Collection Set: 33.01ms
[323.834s][info][gc,phases   ] GC(537)   Post Evacuate Collection Set: 0.57ms
[323.834s][info][gc,phases   ] GC(537)   Other: 0.10ms
[323.834s][info][gc,heap     ] GC(537) Eden regions: 183->0(207)
[323.834s][info][gc,heap     ] GC(537) Survivor regions: 23->25(26)
[323.834s][info][gc,heap     ] GC(537) Old regions: 164->140
[323.834s][info][gc,heap     ] GC(537) Humongous regions: 6->4
[323.834s][info][gc,metaspace] GC(537) Metaspace: 42581K(43072K)->42581K(43072K) NonClass: 38241K(38528K)->38241K(38528K) Class: 4339K(4544K)->4339K(4544K)
[323.834s][info][gc          ] GC(537) Pause Young (Mixed) (G1 Evacuation Pause) 374M->167M(609M) 34.515ms
[323.834s][info][gc,cpu      ] GC(537) User=0.06s Sys=0.00s Real=0.04s
[324.576s][info][gc,start    ] GC(538) Pause Young (Normal) (G1 Evacuation Pause)
[324.576s][info][gc,task     ] GC(538) Using 2 workers of 2 for evacuation
[324.609s][info][gc,phases   ] GC(538)   Pre Evacuate Collection Set: 0.31ms
[324.609s][info][gc,phases   ] GC(538)   Merge Heap Roots: 0.19ms
[324.609s][info][gc,phases   ] GC(538)   Evacuate Collection Set: 31.77ms
[324.609s][info][gc,phases   ] GC(538)   Post Evacuate Collection Set: 0.57ms
[324.609s][info][gc,phases   ] GC(538)   Other: 0.08ms
[324.609s][info][gc,heap     ] GC(538) Eden regions: 207->0(214)
[324.609s][info][gc,heap     ] GC(538) Survivor regions: 25->29(29)
[324.609s][info][gc,heap     ] GC(538) Old regions: 140->151
[324.609s][info][gc,heap     ] GC(538) Humongous regions: 6->4
[324.609s][info][gc,metaspace] GC(538) Metaspace: 42581K(43072K)->42581K(43072K) NonClass: 38241K(38528K)->38241K(38528K) Class: 4339K(4544K)->4339K(4544K)
[324.609s][info][gc          ] GC(538) Pause Young (Normal) (G1 Evacuation Pause) 376M->182M(609M) 33.139ms
[324.609s][info][gc,cpu      ] GC(538) User=0.07s Sys=0.00s Real=0.03s
[324.679s][info][gc,start    ] GC(539) Pause Young (Concurrent Start) (G1 Humongous Allocation)
[324.679s][info][gc,task     ] GC(539) Using 2 workers of 2 for evacuation
[324.706s][info][gc,phases   ] GC(539)   Pre Evacuate Collection Set: 0.26ms
[324.706s][info][gc,phases   ] GC(539)   Merge Heap Roots: 0.06ms
[324.706s][info][gc,phases   ] GC(539)   Evacuate Collection Set: 25.42ms
[324.706s][info][gc,phases   ] GC(539)   Post Evacuate Collection Set: 0.37ms
[324.706s][info][gc,phases   ] GC(539)   Other: 0.19ms
[324.706s][info][gc,heap     ] GC(539) Eden regions: 18->0(209)
[324.706s][info][gc,heap     ] GC(539) Survivor regions: 29->10(31)
[324.706s][info][gc,heap     ] GC(539) Old regions: 151->179
[324.706s][info][gc,heap     ] GC(539) Humongous regions: 4->4
[324.706s][info][gc,metaspace] GC(539) Metaspace: 42581K(43072K)->42581K(43072K) NonClass: 38241K(38528K)->38241K(38528K) Class: 4339K(4544K)->4339K(4544K)
[324.706s][info][gc          ] GC(539) Pause Young (Concurrent Start) (G1 Humongous Allocation) 200M->191M(609M) 26.541ms
[324.706s][info][gc,cpu      ] GC(539) User=0.05s Sys=0.00s Real=0.03s
[324.706s][info][gc          ] GC(540) Concurrent Mark Cycle
[324.706s][info][gc,marking  ] GC(540) Concurrent Scan Root Regions
[324.723s][info][gc,marking  ] GC(540) Concurrent Scan Root Regions 17.023ms
[324.723s][info][gc,marking  ] GC(540) Concurrent Mark
[324.723s][info][gc,marking  ] GC(540) Concurrent Mark From Roots
[324.723s][info][gc,task     ] GC(540) Using 1 workers of 1 for marking
[324.814s][info][gc,marking  ] GC(540) Concurrent Mark From Roots 91.274ms
[324.814s][info][gc,marking  ] GC(540) Concurrent Preclean
[324.814s][info][gc,marking  ] GC(540) Concurrent Preclean 0.050ms
[324.815s][info][gc,start    ] GC(540) Pause Remark
[324.833s][info][gc          ] GC(540) Pause Remark 215M->157M(454M) 18.323ms
[324.833s][info][gc,cpu      ] GC(540) User=0.04s Sys=0.00s Real=0.02s
[324.835s][info][gc,marking  ] GC(540) Concurrent Mark 112.140ms
[324.835s][info][gc,marking  ] GC(540) Concurrent Rebuild Remembered Sets and Scrub Regions
[324.892s][info][gc,marking  ] GC(540) Concurrent Rebuild Remembered Sets and Scrub Regions 56.654ms
[324.892s][info][gc,start    ] GC(540) Pause Cleanup
[324.892s][info][gc          ] GC(540) Pause Cleanup 169M->169M(454M) 0.078ms
[324.892s][info][gc,cpu      ] GC(540) User=0.00s Sys=0.00s Real=0.00s
[324.892s][info][gc,marking  ] GC(540) Concurrent Clear Claimed Marks
[324.892s][info][gc,marking  ] GC(540) Concurrent Clear Claimed Marks 0.045ms
[324.892s][info][gc,marking  ] GC(540) Concurrent Cleanup for Next Mark
[324.894s][info][gc,marking  ] GC(540) Concurrent Cleanup for Next Mark 1.413ms
[324.894s][info][gc          ] GC(540) Concurrent Mark Cycle 187.796ms
[325.559s][info][gc,start    ] GC(541) Pause Young (Prepare Mixed) (G1 Evacuation Pause)
[325.559s][info][gc,task     ] GC(541) Using 2 workers of 2 for evacuation
[325.597s][info][gc,phases   ] GC(541)   Pre Evacuate Collection Set: 0.23ms
[325.597s][info][gc,phases   ] GC(541)   Merge Heap Roots: 0.26ms
[325.597s][info][gc,phases   ] GC(541)   Evacuate Collection Set: 37.51ms
[325.597s][info][gc,phases   ] GC(541)   Post Evacuate Collection Set: 0.59ms
[325.597s][info][gc,phases   ] GC(541)   Other: 0.08ms
[325.597s][info][gc,heap     ] GC(541) Eden regions: 209->0(151)
[325.597s][info][gc,heap     ] GC(541) Survivor regions: 10->28(28)
[325.597s][info][gc,heap     ] GC(541) Old regions: 122->139
[325.597s][info][gc,heap     ] GC(541) Humongous regions: 6->5
[325.597s][info][gc,metaspace] GC(541) Metaspace: 42581K(43072K)->42581K(43072K) NonClass: 38241K(38528K)->38241K(38528K) Class: 4339K(4544K)->4339K(4544K)
[325.597s][info][gc          ] GC(541) Pause Young (Prepare Mixed) (G1 Evacuation Pause) 345M->170M(454M) 38.942ms
[325.597s][info][gc,cpu      ] GC(541) User=0.08s Sys=0.00s Real=0.04s
[326.163s][info][gc,start    ] GC(542) Pause Young (Mixed) (G1 Evacuation Pause)
[326.163s][info][gc,task     ] GC(542) Using 2 workers of 2 for evacuation
[326.224s][info][gc,phases   ] GC(542)   Pre Evacuate Collection Set: 0.26ms
[326.224s][info][gc,phases   ] GC(542)   Merge Heap Roots: 0.28ms
[326.224s][info][gc,phases   ] GC(542)   Evacuate Collection Set: 59.62ms
[326.224s][info][gc,phases   ] GC(542)   Post Evacuate Collection Set: 0.62ms
[326.224s][info][gc,phases   ] GC(542)   Other: 0.10ms
[326.224s][info][gc,heap     ] GC(542) Eden regions: 151->0(135)
[326.224s][info][gc,heap     ] GC(542) Survivor regions: 28->23(23)
[326.224s][info][gc,heap     ] GC(542) Old regions: 139->171
[326.224s][info][gc,heap     ] GC(542) Humongous regions: 6->4
[326.224s][info][gc,metaspace] GC(542) Metaspace: 42582K(43072K)->42582K(43072K) NonClass: 38243K(38528K)->38243K(38528K) Class: 4339K(4544K)->4339K(4544K)
[326.225s][info][gc          ] GC(542) Pause Young (Mixed) (G1 Evacuation Pause) 322M->196M(454M) 61.097ms
[326.225s][info][gc,cpu      ] GC(542) User=0.12s Sys=0.00s Real=0.06s
[326.237s][info][gc,start    ] GC(543) Pause Young (Concurrent Start) (G1 Humongous Allocation)
[326.237s][info][gc,task     ] GC(543) Using 2 workers of 2 for evacuation
[326.260s][info][gc,phases   ] GC(543)   Pre Evacuate Collection Set: 0.24ms
[326.261s][info][gc,phases   ] GC(543)   Merge Heap Roots: 0.20ms
[326.261s][info][gc,phases   ] GC(543)   Evacuate Collection Set: 22.88ms
[326.261s][info][gc,phases   ] GC(543)   Post Evacuate Collection Set: 0.38ms
[326.261s][info][gc,phases   ] GC(543)   Other: 0.10ms
[326.261s][info][gc,heap     ] GC(543) Eden regions: 6->0(131)
[326.261s][info][gc,heap     ] GC(543) Survivor regions: 23->3(20)
[326.261s][info][gc,heap     ] GC(543) Old regions: 171->194
[326.261s][info][gc,heap     ] GC(543) Humongous regions: 4->4
[326.261s][info][gc,metaspace] GC(543) Metaspace: 42582K(43072K)->42582K(43072K) NonClass: 38243K(38528K)->38243K(38528K) Class: 4339K(4544K)->4339K(4544K)
[326.261s][info][gc          ] GC(543) Pause Young (Concurrent Start) (G1 Humongous Allocation) 201M->199M(454M) 24.012ms
[326.261s][info][gc,cpu      ] GC(543) User=0.05s Sys=0.00s Real=0.02s
[326.261s][info][gc          ] GC(544) Concurrent Mark Cycle
[326.261s][info][gc,marking  ] GC(544) Concurrent Scan Root Regions
[326.273s][info][gc,marking  ] GC(544) Concurrent Scan Root Regions 12.108ms
[326.273s][info][gc,marking  ] GC(544) Concurrent Mark
[326.273s][info][gc,marking  ] GC(544) Concurrent Mark From Roots
[326.273s][info][gc,task     ] GC(544) Using 1 workers of 1 for marking
[326.398s][info][gc,marking  ] GC(544) Concurrent Mark From Roots 125.493ms
[326.398s][info][gc,marking  ] GC(544) Concurrent Preclean
[326.398s][info][gc,marking  ] GC(544) Concurrent Preclean 0.048ms
[326.399s][info][gc,start    ] GC(544) Pause Remark
[326.417s][info][gc          ] GC(544) Pause Remark 236M->207M(454M) 18.454ms
[326.417s][info][gc,cpu      ] GC(544) User=0.03s Sys=0.00s Real=0.02s
[326.417s][info][gc,marking  ] GC(544) Concurrent Mark 144.383ms
[326.417s][info][gc,marking  ] GC(544) Concurrent Rebuild Remembered Sets and Scrub Regions
[326.490s][info][gc,marking  ] GC(544) Concurrent Rebuild Remembered Sets and Scrub Regions 72.556ms
[326.490s][info][gc,start    ] GC(544) Pause Cleanup
[326.490s][info][gc          ] GC(544) Pause Cleanup 228M->228M(454M) 0.087ms
[326.490s][info][gc,cpu      ] GC(544) User=0.00s Sys=0.00s Real=0.00s
[326.490s][info][gc,marking  ] GC(544) Concurrent Clear Claimed Marks
[326.490s][info][gc,marking  ] GC(544) Concurrent Clear Claimed Marks 0.046ms
[326.490s][info][gc,marking  ] GC(544) Concurrent Cleanup for Next Mark
[326.492s][info][gc,marking  ] GC(544) Concurrent Cleanup for Next Mark 1.400ms
[326.492s][info][gc          ] GC(544) Concurrent Mark Cycle 230.889ms
[326.737s][info][gc,start    ] GC(545) Pause Young (Prepare Mixed) (G1 Evacuation Pause)
[326.737s][info][gc,task     ] GC(545) Using 2 workers of 2 for evacuation
[326.741s][info][gc,phases   ] GC(545)   Pre Evacuate Collection Set: 0.24ms
[326.741s][info][gc,phases   ] GC(545)   Merge Heap Roots: 0.08ms
[326.741s][info][gc,phases   ] GC(545)   Evacuate Collection Set: 3.51ms
[326.741s][info][gc,phases   ] GC(545)   Post Evacuate Collection Set: 0.44ms
[326.741s][info][gc,phases   ] GC(545)   Other: 0.10ms
[326.741s][info][gc,heap     ] GC(545) Eden regions: 131->0(158)
[326.741s][info][gc,heap     ] GC(545) Survivor regions: 3->5(17)
[326.741s][info][gc,heap     ] GC(545) Old regions: 166->166
[326.741s][info][gc,heap     ] GC(545) Humongous regions: 5->5
[326.741s][info][gc,metaspace] GC(545) Metaspace: 42582K(43072K)->42582K(43072K) NonClass: 38243K(38528K)->38243K(38528K) Class: 4339K(4544K)->4339K(4544K)
[326.741s][info][gc          ] GC(545) Pause Young (Prepare Mixed) (G1 Evacuation Pause) 303M->173M(454M) 4.646ms
[326.741s][info][gc,cpu      ] GC(545) User=0.01s Sys=0.00s Real=0.00s
[327.284s][info][gc,start    ] GC(546) Pause Young (Mixed) (G1 Evacuation Pause)
[327.284s][info][gc,task     ] GC(546) Using 2 workers of 2 for evacuation
[327.303s][info][gc,phases   ] GC(546)   Pre Evacuate Collection Set: 0.35ms
[327.303s][info][gc,phases   ] GC(546)   Merge Heap Roots: 0.34ms
[327.303s][info][gc,phases   ] GC(546)   Evacuate Collection Set: 17.54ms
[327.303s][info][gc,phases   ] GC(546)   Post Evacuate Collection Set: 0.58ms
[327.303s][info][gc,phases   ] GC(546)   Other: 0.10ms
[327.303s][info][gc,heap     ] GC(546) Eden regions: 158->0(192)
[327.303s][info][gc,heap     ] GC(546) Survivor regions: 5->4(21)
[327.303s][info][gc,heap     ] GC(546) Old regions: 166->128
[327.303s][info][gc,heap     ] GC(546) Humongous regions: 5->5
[327.303s][info][gc,metaspace] GC(546) Metaspace: 42582K(43072K)->42582K(43072K) NonClass: 38243K(38528K)->38243K(38528K) Class: 4339K(4544K)->4339K(4544K)
[327.303s][info][gc          ] GC(546) Pause Young (Mixed) (G1 Evacuation Pause) 331M->136M(454M) 19.119ms
[327.303s][info][gc,cpu      ] GC(546) User=0.03s Sys=0.00s Real=0.02s
[327.950s][info][gc,start    ] GC(547) Pause Young (Mixed) (G1 Evacuation Pause)
[327.950s][info][gc,task     ] GC(547) Using 2 workers of 2 for evacuation
[327.970s][info][gc,phases   ] GC(547)   Pre Evacuate Collection Set: 0.27ms
[327.970s][info][gc,phases   ] GC(547)   Merge Heap Roots: 0.40ms
[327.970s][info][gc,phases   ] GC(547)   Evacuate Collection Set: 18.45ms
[327.970s][info][gc,phases   ] GC(547)   Post Evacuate Collection Set: 0.56ms
[327.970s][info][gc,phases   ] GC(547)   Other: 0.11ms
[327.970s][info][gc,heap     ] GC(547) Eden regions: 192->0(206)
[327.970s][info][gc,heap     ] GC(547) Survivor regions: 4->7(25)
[327.970s][info][gc,heap     ] GC(547) Old regions: 128->124
[327.970s][info][gc,heap     ] GC(547) Humongous regions: 6->3
[327.970s][info][gc,metaspace] GC(547) Metaspace: 42583K(43072K)->42583K(43072K) NonClass: 38244K(38528K)->38244K(38528K) Class: 4339K(4544K)->4339K(4544K)
[327.970s][info][gc          ] GC(547) Pause Young (Mixed) (G1 Evacuation Pause) 329M->134M(454M) 20.036ms
[327.970s][info][gc,cpu      ] GC(547) User=0.04s Sys=0.00s Real=0.02s
[328.366s][info][gc,start    ] GC(548) Pause Young (Concurrent Start) (G1 Evacuation Pause)
[328.366s][info][gc,task     ] GC(548) Using 2 workers of 2 for evacuation
[328.373s][info][gc,phases   ] GC(548)   Pre Evacuate Collection Set: 0.24ms
[328.373s][info][gc,phases   ] GC(548)   Merge Heap Roots: 0.07ms
[328.373s][info][gc,phases   ] GC(548)   Evacuate Collection Set: 5.37ms
[328.373s][info][gc,phases   ] GC(548)   Post Evacuate Collection Set: 0.51ms
[328.373s][info][gc,phases   ] GC(548)   Other: 0.10ms
[328.373s][info][gc,heap     ] GC(548) Eden regions: 206->0(218)
[328.373s][info][gc,heap     ] GC(548) Survivor regions: 7->7(27)
[328.373s][info][gc,heap     ] GC(548) Old regions: 124->124
[328.373s][info][gc,heap     ] GC(548) Humongous regions: 3->3
[328.373s][info][gc,metaspace] GC(548) Metaspace: 42583K(43072K)->42583K(43072K) NonClass: 38244K(38528K)->38244K(38528K) Class: 4339K(4544K)->4339K(4544K)
[328.373s][info][gc          ] GC(548) Pause Young (Concurrent Start) (G1 Evacuation Pause) 340M->134M(454M) 6.511ms
[328.373s][info][gc,cpu      ] GC(548) User=0.01s Sys=0.00s Real=0.01s
[328.373s][info][gc          ] GC(549) Concurrent Mark Cycle
[328.373s][info][gc,marking  ] GC(549) Concurrent Scan Root Regions
[328.377s][info][gc,marking  ] GC(549) Concurrent Scan Root Regions 3.996ms
[328.377s][info][gc,marking  ] GC(549) Concurrent Mark
[328.377s][info][gc,marking  ] GC(549) Concurrent Mark From Roots
[328.377s][info][gc,task     ] GC(549) Using 1 workers of 1 for marking
[328.455s][info][gc,marking  ] GC(549) Concurrent Mark From Roots 77.991ms
[328.455s][info][gc,marking  ] GC(549) Concurrent Preclean
[328.455s][info][gc,marking  ] GC(549) Concurrent Preclean 0.041ms
[328.455s][info][gc,start    ] GC(549) Pause Remark
[328.473s][info][gc          ] GC(549) Pause Remark 176M->108M(256M) 17.722ms
[328.473s][info][gc,cpu      ] GC(549) User=0.03s Sys=0.00s Real=0.02s
[328.475s][info][gc,marking  ] GC(549) Concurrent Mark 98.437ms
[328.475s][info][gc,marking  ] GC(549) Concurrent Rebuild Remembered Sets and Scrub Regions
[328.504s][info][gc,marking  ] GC(549) Concurrent Rebuild Remembered Sets and Scrub Regions 28.992ms
[328.504s][info][gc,start    ] GC(549) Pause Cleanup
[328.504s][info][gc          ] GC(549) Pause Cleanup 122M->122M(256M) 0.058ms
[328.504s][info][gc,cpu      ] GC(549) User=0.00s Sys=0.00s Real=0.00s
[328.505s][info][gc,marking  ] GC(549) Concurrent Clear Claimed Marks
[328.505s][info][gc,marking  ] GC(549) Concurrent Clear Claimed Marks 0.043ms
[328.505s][info][gc,marking  ] GC(549) Concurrent Cleanup for Next Mark
[328.505s][info][gc,marking  ] GC(549) Concurrent Cleanup for Next Mark 0.785ms
[328.505s][info][gc          ] GC(549) Concurrent Mark Cycle 132.708ms
[328.679s][info][gc,start    ] GC(550) Pause Young (Prepare Mixed) (G1 Evacuation Pause)
[328.679s][info][gc,task     ] GC(550) Using 2 workers of 2 for evacuation
[328.684s][info][gc,phases   ] GC(550)   Pre Evacuate Collection Set: 0.18ms
[328.684s][info][gc,phases   ] GC(550)   Merge Heap Roots: 0.10ms
[328.684s][info][gc,phases   ] GC(550)   Evacuate Collection Set: 4.05ms
[328.684s][info][gc,phases   ] GC(550)   Post Evacuate Collection Set: 0.45ms
[328.684s][info][gc,phases   ] GC(550)   Other: 0.08ms
[328.684s][info][gc,heap     ] GC(550) Eden regions: 146->0(145)
[328.684s][info][gc,heap     ] GC(550) Survivor regions: 7->6(20)
[328.684s][info][gc,heap     ] GC(550) Old regions: 58->58
[328.684s][info][gc,heap     ] GC(550) Humongous regions: 1->1
[328.684s][info][gc,metaspace] GC(550) Metaspace: 42583K(43072K)->42583K(43072K) NonClass: 38244K(38528K)->38244K(38528K) Class: 4339K(4544K)->4339K(4544K)
[328.684s][info][gc          ] GC(550) Pause Young (Prepare Mixed) (G1 Evacuation Pause) 212M->64M(256M) 5.084ms
[328.684s][info][gc,cpu      ] GC(550) User=0.01s Sys=0.00s Real=0.01s
[329.266s][info][gc,start    ] GC(551) Pause Young (Mixed) (G1 Evacuation Pause)
[329.266s][info][gc,task     ] GC(551) Using 2 workers of 2 for evacuation
[329.281s][info][gc,phases   ] GC(551)   Pre Evacuate Collection Set: 0.23ms
[329.281s][info][gc,phases   ] GC(551)   Merge Heap Roots: 0.08ms
[329.281s][info][gc,phases   ] GC(551)   Evacuate Collection Set: 13.37ms
[329.281s][info][gc,phases   ] GC(551)   Post Evacuate Collection Set: 0.73ms
[329.281s][info][gc,phases   ] GC(551)   Other: 0.10ms
[329.281s][info][gc,heap     ] GC(551) Eden regions: 103->0(202)
[329.281s][info][gc,heap     ] GC(551) Survivor regions: 6->9(19)
[329.281s][info][gc,heap     ] GC(551) Old regions: 58->54
[329.281s][info][gc,heap     ] GC(551) Humongous regions: 175->3
[329.281s][info][gc,metaspace] GC(551) Metaspace: 42585K(43072K)->42585K(43072K) NonClass: 38246K(38528K)->38246K(38528K) Class: 4339K(4544K)->4339K(4544K)
[329.281s][info][gc          ] GC(551) Pause Young (Mixed) (G1 Evacuation Pause) 341M->65M(352M) 14.807ms
[329.281s][info][gc,cpu      ] GC(551) User=0.03s Sys=0.01s Real=0.01s
[329.286s][info][gc,start    ] GC(552) Pause Young (Concurrent Start) (G1 Humongous Allocation)
[329.286s][info][gc,task     ] GC(552) Using 2 workers of 2 for evacuation
[329.294s][info][gc,phases   ] GC(552)   Pre Evacuate Collection Set: 0.22ms
[329.294s][info][gc,phases   ] GC(552)   Merge Heap Roots: 0.07ms
[329.294s][info][gc,phases   ] GC(552)   Evacuate Collection Set: 7.53ms
[329.294s][info][gc,phases   ] GC(552)   Post Evacuate Collection Set: 0.77ms
[329.294s][info][gc,phases   ] GC(552)   Other: 0.09ms
[329.294s][info][gc,heap     ] GC(552) Eden regions: 1->0(201)
[329.294s][info][gc,heap     ] GC(552) Survivor regions: 9->10(27)
[329.294s][info][gc,heap     ] GC(552) Old regions: 54->54
[329.294s][info][gc,heap     ] GC(552) Humongous regions: 3->1
[329.294s][info][gc,metaspace] GC(552) Metaspace: 42585K(43072K)->42585K(43072K) NonClass: 38246K(38528K)->38246K(38528K) Class: 4339K(4544K)->4339K(4544K)
[329.294s][info][gc          ] GC(552) Pause Young (Concurrent Start) (G1 Humongous Allocation) 65M->63M(352M) 8.900ms
[329.295s][info][gc,cpu      ] GC(552) User=0.02s Sys=0.00s Real=0.01s
[329.295s][info][gc          ] GC(553) Concurrent Mark Cycle
[329.295s][info][gc,marking  ] GC(553) Concurrent Scan Root Regions
[329.300s][info][gc,marking  ] GC(553) Concurrent Scan Root Regions 5.513ms
[329.300s][info][gc,marking  ] GC(553) Concurrent Mark
[329.300s][info][gc,marking  ] GC(553) Concurrent Mark From Roots
[329.300s][info][gc,task     ] GC(553) Using 1 workers of 1 for marking
[329.399s][info][gc,marking  ] GC(553) Concurrent Mark From Roots 99.101ms
[329.399s][info][gc,marking  ] GC(553) Concurrent Preclean
[329.399s][info][gc,marking  ] GC(553) Concurrent Preclean 0.044ms
[329.400s][info][gc,start    ] GC(553) Pause Remark
[329.417s][info][gc          ] GC(553) Pause Remark 140M->139M(352M) 17.936ms
[329.418s][info][gc,cpu      ] GC(553) User=0.03s Sys=0.00s Real=0.02s
[329.418s][info][gc,marking  ] GC(553) Concurrent Mark 117.411ms
[329.418s][info][gc,marking  ] GC(553) Concurrent Rebuild Remembered Sets and Scrub Regions
[329.447s][info][gc,marking  ] GC(553) Concurrent Rebuild Remembered Sets and Scrub Regions 29.186ms
[329.447s][info][gc,start    ] GC(553) Pause Cleanup
[329.447s][info][gc          ] GC(553) Pause Cleanup 157M->157M(352M) 0.086ms
[329.447s][info][gc,cpu      ] GC(553) User=0.00s Sys=0.00s Real=0.00s
[329.447s][info][gc,marking  ] GC(553) Concurrent Clear Claimed Marks
[329.447s][info][gc,marking  ] GC(553) Concurrent Clear Claimed Marks 0.046ms
[329.447s][info][gc,marking  ] GC(553) Concurrent Cleanup for Next Mark
[329.449s][info][gc,marking  ] GC(553) Concurrent Cleanup for Next Mark 2.163ms
[329.449s][info][gc          ] GC(553) Concurrent Mark Cycle 154.814ms
[329.911s][info][gc,start    ] GC(554) Pause Young (Prepare Mixed) (G1 Evacuation Pause)
[329.911s][info][gc,task     ] GC(554) Using 2 workers of 2 for evacuation
[329.932s][info][gc,phases   ] GC(554)   Pre Evacuate Collection Set: 0.26ms
[329.932s][info][gc,phases   ] GC(554)   Merge Heap Roots: 0.08ms
[329.932s][info][gc,phases   ] GC(554)   Evacuate Collection Set: 19.17ms
[329.932s][info][gc,phases   ] GC(554)   Post Evacuate Collection Set: 1.40ms
[329.932s][info][gc,phases   ] GC(554)   Other: 0.11ms
[329.933s][info][gc,heap     ] GC(554) Eden regions: 52->0(262)
[329.933s][info][gc,heap     ] GC(554) Survivor regions: 10->13(29)
[329.933s][info][gc,heap     ] GC(554) Old regions: 53->53
[329.933s][info][gc,heap     ] GC(554) Humongous regions: 331->3
[329.933s][info][gc,metaspace] GC(554) Metaspace: 42585K(43072K)->42585K(43072K) NonClass: 38246K(38528K)->38246K(38528K) Class: 4339K(4544K)->4339K(4544K)
[329.933s][info][gc          ] GC(554) Pause Young (Prepare Mixed) (G1 Evacuation Pause) 444M->67M(459M) 21.309ms
[329.933s][info][gc,cpu      ] GC(554) User=0.03s Sys=0.02s Real=0.03s
[330.694s][info][gc,start    ] GC(555) Pause Young (Mixed) (G1 Evacuation Pause)
[330.694s][info][gc,task     ] GC(555) Using 2 workers of 2 for evacuation
[330.728s][info][gc,phases   ] GC(555)   Pre Evacuate Collection Set: 0.29ms
[330.728s][info][gc,phases   ] GC(555)   Merge Heap Roots: 0.08ms
[330.728s][info][gc,phases   ] GC(555)   Evacuate Collection Set: 31.41ms
[330.728s][info][gc,phases   ] GC(555)   Post Evacuate Collection Set: 1.46ms
[330.728s][info][gc,phases   ] GC(555)   Other: 0.13ms
[330.728s][info][gc,heap     ] GC(555) Eden regions: 72->0(315)
[330.728s][info][gc,heap     ] GC(555) Survivor regions: 13->22(38)
[330.728s][info][gc,heap     ] GC(555) Old regions: 53->49
[330.728s][info][gc,heap     ] GC(555) Humongous regions: 403->3
[330.728s][info][gc,metaspace] GC(555) Metaspace: 42585K(43072K)->42585K(43072K) NonClass: 38246K(38528K)->38246K(38528K) Class: 4339K(4544K)->4339K(4544K)
[330.728s][info][gc          ] GC(555) Pause Young (Mixed) (G1 Evacuation Pause) 539M->73M(563M) 33.616ms
[330.728s][info][gc,cpu      ] GC(555) User=0.05s Sys=0.02s Real=0.03s
[330.730s][info][gc,start    ] GC(556) Pause Young (Concurrent Start) (G1 Humongous Allocation)
[330.730s][info][gc,task     ] GC(556) Using 2 workers of 2 for evacuation
[330.751s][info][gc,phases   ] GC(556)   Pre Evacuate Collection Set: 0.21ms
[330.751s][info][gc,phases   ] GC(556)   Merge Heap Roots: 0.05ms
[330.751s][info][gc,phases   ] GC(556)   Evacuate Collection Set: 19.73ms
[330.751s][info][gc,phases   ] GC(556)   Post Evacuate Collection Set: 0.94ms
[330.751s][info][gc,phases   ] GC(556)   Other: 0.15ms
[330.751s][info][gc,heap     ] GC(556) Eden regions: 1->0(315)
[330.751s][info][gc,heap     ] GC(556) Survivor regions: 22->22(43)
[330.751s][info][gc,heap     ] GC(556) Old regions: 49->49
[330.751s][info][gc,heap     ] GC(556) Humongous regions: 3->1
[330.751s][info][gc,metaspace] GC(556) Metaspace: 42585K(43072K)->42585K(43072K) NonClass: 38246K(38528K)->38246K(38528K) Class: 4339K(4544K)->4339K(4544K)
[330.751s][info][gc          ] GC(556) Pause Young (Concurrent Start) (G1 Humongous Allocation) 74M->71M(563M) 21.254ms
[330.751s][info][gc          ] GC(557) Concurrent Mark Cycle
[330.751s][info][gc,marking  ] GC(557) Concurrent Scan Root Regions
[330.753s][info][gc,cpu      ] GC(556) User=0.04s Sys=0.00s Real=0.03s
[330.766s][info][gc,marking  ] GC(557) Concurrent Scan Root Regions 14.534ms
[330.766s][info][gc,marking  ] GC(557) Concurrent Mark
[330.766s][info][gc,marking  ] GC(557) Concurrent Mark From Roots
[330.766s][info][gc,task     ] GC(557) Using 1 workers of 1 for marking
[330.841s][info][gc,marking  ] GC(557) Concurrent Mark From Roots 75.639ms
[330.841s][info][gc,marking  ] GC(557) Concurrent Preclean
[330.841s][info][gc,marking  ] GC(557) Concurrent Preclean 0.045ms
[330.841s][info][gc,start    ] GC(557) Pause Remark
[330.860s][info][gc          ] GC(557) Pause Remark 120M->120M(374M) 18.865ms
[330.860s][info][gc,cpu      ] GC(557) User=0.04s Sys=0.00s Real=0.02s
[330.860s][info][gc,marking  ] GC(557) Concurrent Mark 94.873ms
[330.860s][info][gc,marking  ] GC(557) Concurrent Rebuild Remembered Sets and Scrub Regions
[330.891s][info][gc,marking  ] GC(557) Concurrent Rebuild Remembered Sets and Scrub Regions 30.217ms
[330.891s][info][gc,start    ] GC(557) Pause Cleanup
[330.891s][info][gc          ] GC(557) Pause Cleanup 141M->141M(374M) 0.067ms
[330.891s][info][gc,cpu      ] GC(557) User=0.00s Sys=0.00s Real=0.00s
[330.891s][info][gc,marking  ] GC(557) Concurrent Clear Claimed Marks
[330.891s][info][gc,marking  ] GC(557) Concurrent Clear Claimed Marks 0.041ms
[330.891s][info][gc,marking  ] GC(557) Concurrent Cleanup for Next Mark
[330.893s][info][gc,marking  ] GC(557) Concurrent Cleanup for Next Mark 1.561ms
[330.893s][info][gc          ] GC(557) Concurrent Mark Cycle 141.649ms
[331.515s][info][gc,start    ] GC(558) Pause Young (Prepare Mixed) (G1 Evacuation Pause)
[331.515s][info][gc,task     ] GC(558) Using 2 workers of 2 for evacuation
[331.567s][info][gc,phases   ] GC(558)   Pre Evacuate Collection Set: 0.40ms
[331.567s][info][gc,phases   ] GC(558)   Merge Heap Roots: 0.09ms
[331.567s][info][gc,phases   ] GC(558)   Evacuate Collection Set: 50.05ms
[331.567s][info][gc,phases   ] GC(558)   Post Evacuate Collection Set: 0.96ms
[331.567s][info][gc,phases   ] GC(558)   Other: 0.10ms
[331.567s][info][gc,heap     ] GC(558) Eden regions: 66->0(280)
[331.567s][info][gc,heap     ] GC(558) Survivor regions: 22->23(35)
[331.567s][info][gc,heap     ] GC(558) Old regions: 49->57
[331.567s][info][gc,heap     ] GC(558) Humongous regions: 337->3
[331.567s][info][gc,metaspace] GC(558) Metaspace: 42585K(43072K)->42585K(43072K) NonClass: 38246K(38528K)->38246K(38528K) Class: 4339K(4544K)->4339K(4544K)
[331.567s][info][gc          ] GC(558) Pause Young (Prepare Mixed) (G1 Evacuation Pause) 473M->82M(505M) 51.865ms
[331.567s][info][gc,cpu      ] GC(558) User=0.09s Sys=0.02s Real=0.05s
[332.720s][info][gc,start    ] GC(559) Pause Young (Mixed) (G1 Evacuation Pause)
[332.721s][info][gc,task     ] GC(559) Using 2 workers of 2 for evacuation
[332.791s][info][gc,phases   ] GC(559)   Pre Evacuate Collection Set: 0.34ms
[332.791s][info][gc,phases   ] GC(559)   Merge Heap Roots: 0.18ms
[332.791s][info][gc,phases   ] GC(559)   Evacuate Collection Set: 69.26ms
[332.791s][info][gc,phases   ] GC(559)   Post Evacuate Collection Set: 1.03ms
[332.791s][info][gc,phases   ] GC(559)   Other: 0.09ms
[332.791s][info][gc,heap     ] GC(559) Eden regions: 278->0(292)
[332.792s][info][gc,heap     ] GC(559) Survivor regions: 23->35(38)
[332.792s][info][gc,heap     ] GC(559) Old regions: 57->58
[332.792s][info][gc,heap     ] GC(559) Humongous regions: 147->1
[332.792s][info][gc,metaspace] GC(559) Metaspace: 42680K(43136K)->42680K(43136K) NonClass: 38341K(38592K)->38341K(38592K) Class: 4339K(4544K)->4339K(4544K)
[332.792s][info][gc          ] GC(559) Pause Young (Mixed) (G1 Evacuation Pause) 504M->92M(545M) 71.142ms
[332.792s][info][gc,cpu      ] GC(559) User=0.11s Sys=0.03s Real=0.07s
[333.581s][info][gc,start    ] GC(560) Pause Young (Concurrent Start) (G1 Evacuation Pause)
[333.581s][info][gc,task     ] GC(560) Using 2 workers of 2 for evacuation
[333.615s][info][gc,phases   ] GC(560)   Pre Evacuate Collection Set: 0.29ms
[333.615s][info][gc,phases   ] GC(560)   Merge Heap Roots: 0.12ms
[333.615s][info][gc,phases   ] GC(560)   Evacuate Collection Set: 33.08ms
[333.615s][info][gc,phases   ] GC(560)   Post Evacuate Collection Set: 0.76ms
[333.615s][info][gc,phases   ] GC(560)   Other: 0.11ms
[333.615s][info][gc,heap     ] GC(560) Eden regions: 292->0(312)
[333.616s][info][gc,heap     ] GC(560) Survivor regions: 35->15(41)
[333.616s][info][gc,heap     ] GC(560) Old regions: 58->77
[333.616s][info][gc,heap     ] GC(560) Humongous regions: 1->1
[333.616s][info][gc,metaspace] GC(560) Metaspace: 42684K(43136K)->42684K(43136K) NonClass: 38345K(38592K)->38345K(38592K) Class: 4339K(4544K)->4339K(4544K)
[333.616s][info][gc          ] GC(560) Pause Young (Concurrent Start) (G1 Evacuation Pause) 384M->91M(545M) 34.617ms
[333.616s][info][gc,cpu      ] GC(560) User=0.07s Sys=0.00s Real=0.04s
[333.616s][info][gc          ] GC(561) Concurrent Mark Cycle
[333.616s][info][gc,marking  ] GC(561) Concurrent Scan Root Regions
[333.642s][info][gc,marking  ] GC(561) Concurrent Scan Root Regions 26.596ms
[333.642s][info][gc,marking  ] GC(561) Concurrent Mark
[333.642s][info][gc,marking  ] GC(561) Concurrent Mark From Roots
[333.642s][info][gc,task     ] GC(561) Using 1 workers of 1 for marking
[333.734s][info][gc,marking  ] GC(561) Concurrent Mark From Roots 91.370ms
[333.734s][info][gc,marking  ] GC(561) Concurrent Preclean
[333.734s][info][gc,marking  ] GC(561) Concurrent Preclean 0.053ms
[333.734s][info][gc,start    ] GC(561) Pause Remark
[333.754s][info][gc          ] GC(561) Pause Remark 126M->125M(307M) 20.059ms
[333.754s][info][gc,cpu      ] GC(561) User=0.04s Sys=0.00s Real=0.02s
[333.754s][info][gc,marking  ] GC(561) Concurrent Mark 111.830ms
[333.754s][info][gc,marking  ] GC(561) Concurrent Rebuild Remembered Sets and Scrub Regions
[333.807s][info][gc,marking  ] GC(561) Concurrent Rebuild Remembered Sets and Scrub Regions 52.924ms
[333.807s][info][gc,start    ] GC(561) Pause Cleanup
[333.807s][info][gc          ] GC(561) Pause Cleanup 142M->142M(307M) 0.081ms
[333.807s][info][gc,cpu      ] GC(561) User=0.00s Sys=0.00s Real=0.00s
[333.807s][info][gc,marking  ] GC(561) Concurrent Clear Claimed Marks
[333.807s][info][gc,marking  ] GC(561) Concurrent Clear Claimed Marks 0.044ms
[333.807s][info][gc,marking  ] GC(561) Concurrent Cleanup for Next Mark
[333.808s][info][gc,marking  ] GC(561) Concurrent Cleanup for Next Mark 1.078ms
[333.809s][info][gc          ] GC(561) Concurrent Mark Cycle 192.904ms
[334.146s][info][gc,start    ] GC(562) Pause Young (Prepare Mixed) (G1 Evacuation Pause)
[334.146s][info][gc,task     ] GC(562) Using 2 workers of 2 for evacuation
[334.162s][info][gc,phases   ] GC(562)   Pre Evacuate Collection Set: 0.19ms
[334.162s][info][gc,phases   ] GC(562)   Merge Heap Roots: 0.11ms
[334.162s][info][gc,phases   ] GC(562)   Evacuate Collection Set: 15.03ms
[334.162s][info][gc,phases   ] GC(562)   Post Evacuate Collection Set: 0.54ms
[334.162s][info][gc,phases   ] GC(562)   Other: 0.08ms
[334.162s][info][gc,heap     ] GC(562) Eden regions: 169->0(178)
[334.162s][info][gc,heap     ] GC(562) Survivor regions: 15->6(23)
[334.162s][info][gc,heap     ] GC(562) Old regions: 76->89
[334.162s][info][gc,heap     ] GC(562) Humongous regions: 1->1
[334.162s][info][gc,metaspace] GC(562) Metaspace: 42684K(43136K)->42684K(43136K) NonClass: 38345K(38592K)->38345K(38592K) Class: 4339K(4544K)->4339K(4544K)
[334.162s][info][gc          ] GC(562) Pause Young (Prepare Mixed) (G1 Evacuation Pause) 259M->93M(307M) 16.169ms
[334.162s][info][gc,cpu      ] GC(562) User=0.03s Sys=0.00s Real=0.01s
[334.646s][info][gc,start    ] GC(563) Pause Young (Mixed) (G1 Evacuation Pause)
[334.646s][info][gc,task     ] GC(563) Using 2 workers of 2 for evacuation
[334.656s][info][gc,phases   ] GC(563)   Pre Evacuate Collection Set: 0.21ms
[334.656s][info][gc,phases   ] GC(563)   Merge Heap Roots: 0.20ms
[334.656s][info][gc,phases   ] GC(563)   Evacuate Collection Set: 8.85ms
[334.656s][info][gc,phases   ] GC(563)   Post Evacuate Collection Set: 0.54ms
[334.656s][info][gc,phases   ] GC(563)   Other: 0.08ms
[334.656s][info][gc,heap     ] GC(563) Eden regions: 178->0(179)
[334.656s][info][gc,heap     ] GC(563) Survivor regions: 6->5(23)
[334.656s][info][gc,heap     ] GC(563) Old regions: 89->86
[334.656s][info][gc,heap     ] GC(563) Humongous regions: 1->1
[334.656s][info][gc,metaspace] GC(563) Metaspace: 42684K(43136K)->42684K(43136K) NonClass: 38345K(38592K)->38345K(38592K) Class: 4339K(4544K)->4339K(4544K)
[334.656s][info][gc          ] GC(563) Pause Young (Mixed) (G1 Evacuation Pause) 271M->90M(307M) 10.099ms
[334.656s][info][gc,cpu      ] GC(563) User=0.02s Sys=0.00s Real=0.01s
[335.216s][info][gc,start    ] GC(564) Pause Young (Concurrent Start) (G1 Evacuation Pause)
[335.216s][info][gc,task     ] GC(564) Using 2 workers of 2 for evacuation
[335.220s][info][gc,phases   ] GC(564)   Pre Evacuate Collection Set: 0.22ms
[335.220s][info][gc,phases   ] GC(564)   Merge Heap Roots: 0.07ms
[335.220s][info][gc,phases   ] GC(564)   Evacuate Collection Set: 2.88ms
[335.220s][info][gc,phases   ] GC(564)   Post Evacuate Collection Set: 0.44ms
[335.220s][info][gc,phases   ] GC(564)   Other: 0.12ms
[335.220s][info][gc,heap     ] GC(564) Eden regions: 179->0(180)
[335.220s][info][gc,heap     ] GC(564) Survivor regions: 5->4(23)
[335.220s][info][gc,heap     ] GC(564) Old regions: 86->86
[335.220s][info][gc,heap     ] GC(564) Humongous regions: 1->1
[335.220s][info][gc,metaspace] GC(564) Metaspace: 42739K(43200K)->42739K(43200K) NonClass: 38400K(38656K)->38400K(38656K) Class: 4339K(4544K)->4339K(4544K)
[335.220s][info][gc          ] GC(564) Pause Young (Concurrent Start) (G1 Evacuation Pause) 269M->90M(307M) 3.989ms
[335.220s][info][gc,cpu      ] GC(564) User=0.01s Sys=0.00s Real=0.00s
[335.220s][info][gc          ] GC(565) Concurrent Mark Cycle
[335.220s][info][gc,marking  ] GC(565) Concurrent Scan Root Regions
[335.223s][info][gc,marking  ] GC(565) Concurrent Scan Root Regions 2.770ms
[335.223s][info][gc,marking  ] GC(565) Concurrent Mark
[335.223s][info][gc,marking  ] GC(565) Concurrent Mark From Roots
[335.223s][info][gc,task     ] GC(565) Using 1 workers of 1 for marking
[335.312s][info][gc,marking  ] GC(565) Concurrent Mark From Roots 89.278ms
[335.313s][info][gc,marking  ] GC(565) Concurrent Preclean
[335.313s][info][gc,marking  ] GC(565) Concurrent Preclean 0.060ms
[335.313s][info][gc,start    ] GC(565) Pause Remark
[335.332s][info][gc          ] GC(565) Pause Remark 117M->106M(267M) 19.011ms
[335.332s][info][gc,cpu      ] GC(565) User=0.04s Sys=0.00s Real=0.01s
[335.334s][info][gc,marking  ] GC(565) Concurrent Mark 110.574ms
[335.334s][info][gc,marking  ] GC(565) Concurrent Rebuild Remembered Sets and Scrub Regions
[335.372s][info][gc,marking  ] GC(565) Concurrent Rebuild Remembered Sets and Scrub Regions 38.549ms
[335.373s][info][gc,start    ] GC(565) Pause Cleanup
[335.373s][info][gc          ] GC(565) Pause Cleanup 116M->116M(267M) 0.067ms
[335.373s][info][gc,cpu      ] GC(565) User=0.00s Sys=0.00s Real=0.00s
[335.373s][info][gc,marking  ] GC(565) Concurrent Clear Claimed Marks
[335.373s][info][gc,marking  ] GC(565) Concurrent Clear Claimed Marks 0.098ms
[335.373s][info][gc,marking  ] GC(565) Concurrent Cleanup for Next Mark
[335.374s][info][gc,marking  ] GC(565) Concurrent Cleanup for Next Mark 0.866ms
[335.374s][info][gc          ] GC(565) Concurrent Mark Cycle 153.825ms
[335.726s][info][gc,start    ] GC(566) Pause Young (Prepare Mixed) (G1 Evacuation Pause)
[335.726s][info][gc,task     ] GC(566) Using 2 workers of 2 for evacuation
[335.730s][info][gc,phases   ] GC(566)   Pre Evacuate Collection Set: 0.20ms
[335.730s][info][gc,phases   ] GC(566)   Merge Heap Roots: 0.10ms
[335.730s][info][gc,phases   ] GC(566)   Evacuate Collection Set: 3.13ms
[335.730s][info][gc,phases   ] GC(566)   Post Evacuate Collection Set: 0.54ms
[335.730s][info][gc,phases   ] GC(566)   Other: 0.08ms
[335.730s][info][gc,heap     ] GC(566) Eden regions: 156->0(152)
[335.730s][info][gc,heap     ] GC(566) Survivor regions: 4->8(20)
[335.730s][info][gc,heap     ] GC(566) Old regions: 75->75
[335.730s][info][gc,heap     ] GC(566) Humongous regions: 1->1
[335.730s][info][gc,metaspace] GC(566) Metaspace: 42739K(43200K)->42739K(43200K) NonClass: 38400K(38656K)->38400K(38656K) Class: 4339K(4544K)->4339K(4544K)
[335.730s][info][gc          ] GC(566) Pause Young (Prepare Mixed) (G1 Evacuation Pause) 235M->82M(267M) 4.299ms
[335.730s][info][gc,cpu      ] GC(566) User=0.01s Sys=0.01s Real=0.00s
[336.986s][info][gc,start    ] GC(567) Pause Young (Mixed) (G1 Evacuation Pause)
[336.986s][info][gc,task     ] GC(567) Using 2 workers of 2 for evacuation
[336.993s][info][gc,phases   ] GC(567)   Pre Evacuate Collection Set: 0.18ms
[336.993s][info][gc,phases   ] GC(567)   Merge Heap Roots: 0.12ms
[336.993s][info][gc,phases   ] GC(567)   Evacuate Collection Set: 6.42ms
[336.993s][info][gc,phases   ] GC(567)   Post Evacuate Collection Set: 0.57ms
[336.993s][info][gc,phases   ] GC(567)   Other: 0.09ms
[336.993s][info][gc,heap     ] GC(567) Eden regions: 152->0(156)
[336.993s][info][gc,heap     ] GC(567) Survivor regions: 8->4(20)
[336.993s][info][gc,heap     ] GC(567) Old regions: 75->58
[336.993s][info][gc,heap     ] GC(567) Humongous regions: 9->1
[336.993s][info][gc,metaspace] GC(567) Metaspace: 42771K(43264K)->42771K(43264K) NonClass: 38432K(38720K)->38432K(38720K) Class: 4339K(4544K)->4339K(4544K)
[336.993s][info][gc          ] GC(567) Pause Young (Mixed) (G1 Evacuation Pause) 242M->61M(267M) 7.592ms
[336.993s][info][gc,cpu      ] GC(567) User=0.01s Sys=0.00s Real=0.01s
[337.008s][info][gc,start    ] GC(568) Pause Young (Concurrent Start) (G1 Humongous Allocation)
[337.008s][info][gc,task     ] GC(568) Using 2 workers of 2 for evacuation
[337.012s][info][gc,phases   ] GC(568)   Pre Evacuate Collection Set: 0.18ms
[337.012s][info][gc,phases   ] GC(568)   Merge Heap Roots: 0.05ms
[337.012s][info][gc,phases   ] GC(568)   Evacuate Collection Set: 3.18ms
[337.012s][info][gc,phases   ] GC(568)   Post Evacuate Collection Set: 0.34ms
[337.012s][info][gc,phases   ] GC(568)   Other: 0.11ms
[337.012s][info][gc,heap     ] GC(568) Eden regions: 2->0(156)
[337.012s][info][gc,heap     ] GC(568) Survivor regions: 4->4(20)
[337.012s][info][gc,heap     ] GC(568) Old regions: 58->58
[337.012s][info][gc,heap     ] GC(568) Humongous regions: 1->1
[337.012s][info][gc,metaspace] GC(568) Metaspace: 42772K(43264K)->42772K(43264K) NonClass: 38433K(38720K)->38433K(38720K) Class: 4339K(4544K)->4339K(4544K)
[337.012s][info][gc          ] GC(568) Pause Young (Concurrent Start) (G1 Humongous Allocation) 63M->61M(267M) 4.124ms
[337.012s][info][gc,cpu      ] GC(568) User=0.00s Sys=0.00s Real=0.01s
[337.012s][info][gc          ] GC(569) Concurrent Mark Cycle
[337.013s][info][gc,marking  ] GC(569) Concurrent Scan Root Regions
[337.017s][info][gc,marking  ] GC(569) Concurrent Scan Root Regions 4.485ms
[337.017s][info][gc,marking  ] GC(569) Concurrent Mark
[337.017s][info][gc,marking  ] GC(569) Concurrent Mark From Roots
[337.017s][info][gc,task     ] GC(569) Using 1 workers of 1 for marking
[337.087s][info][gc,marking  ] GC(569) Concurrent Mark From Roots 69.762ms
[337.087s][info][gc,marking  ] GC(569) Concurrent Preclean
[337.087s][info][gc,marking  ] GC(569) Concurrent Preclean 0.326ms
[337.087s][info][gc,start    ] GC(569) Pause Remark
[337.107s][info][gc          ] GC(569) Pause Remark 71M->65M(256M) 19.412ms
[337.107s][info][gc,cpu      ] GC(569) User=0.03s Sys=0.00s Real=0.02s
[337.107s][info][gc,marking  ] GC(569) Concurrent Mark 89.841ms
[337.107s][info][gc,marking  ] GC(569) Concurrent Rebuild Remembered Sets and Scrub Regions
[337.131s][info][gc,marking  ] GC(569) Concurrent Rebuild Remembered Sets and Scrub Regions 24.055ms
[337.131s][info][gc,start    ] GC(569) Pause Cleanup
[337.131s][info][gc          ] GC(569) Pause Cleanup 66M->66M(256M) 0.080ms
[337.131s][info][gc,cpu      ] GC(569) User=0.00s Sys=0.00s Real=0.00s
[337.133s][info][gc,marking  ] GC(569) Concurrent Clear Claimed Marks
[337.133s][info][gc,marking  ] GC(569) Concurrent Clear Claimed Marks 0.072ms
[337.133s][info][gc,marking  ] GC(569) Concurrent Cleanup for Next Mark
[337.134s][info][gc,marking  ] GC(569) Concurrent Cleanup for Next Mark 0.819ms
[337.134s][info][gc          ] GC(569) Concurrent Mark Cycle 121.513ms
[337.704s][info][gc,start    ] GC(570) Pause Young (Prepare Mixed) (G1 Evacuation Pause)
[337.704s][info][gc,task     ] GC(570) Using 2 workers of 2 for evacuation
[337.726s][info][gc,phases   ] GC(570)   Pre Evacuate Collection Set: 0.18ms
[337.726s][info][gc,phases   ] GC(570)   Merge Heap Roots: 0.09ms
[337.726s][info][gc,phases   ] GC(570)   Evacuate Collection Set: 20.99ms
[337.726s][info][gc,phases   ] GC(570)   Post Evacuate Collection Set: 0.49ms
[337.726s][info][gc,phases   ] GC(570)   Other: 0.09ms
[337.726s][info][gc,heap     ] GC(570) Eden regions: 149->0(134)
[337.726s][info][gc,heap     ] GC(570) Survivor regions: 4->19(20)
[337.726s][info][gc,heap     ] GC(570) Old regions: 52->52
[337.726s][info][gc,heap     ] GC(570) Humongous regions: 5->3
[337.726s][info][gc,metaspace] GC(570) Metaspace: 42782K(43264K)->42782K(43264K) NonClass: 38443K(38720K)->38443K(38720K) Class: 4339K(4544K)->4339K(4544K)
[337.726s][info][gc          ] GC(570) Pause Young (Prepare Mixed) (G1 Evacuation Pause) 208M->72M(256M) 22.141ms
[337.726s][info][gc,cpu      ] GC(570) User=0.04s Sys=0.00s Real=0.02s
[338.107s][info][gc,start    ] GC(571) Pause Young (Mixed) (G1 Evacuation Pause)
[338.108s][info][gc,task     ] GC(571) Using 2 workers of 2 for evacuation
[338.149s][info][gc,phases   ] GC(571)   Pre Evacuate Collection Set: 0.18ms
[338.149s][info][gc,phases   ] GC(571)   Merge Heap Roots: 0.13ms
[338.149s][info][gc,phases   ] GC(571)   Evacuate Collection Set: 40.51ms
[338.149s][info][gc,phases   ] GC(571)   Post Evacuate Collection Set: 0.57ms
[338.149s][info][gc,phases   ] GC(571)   Other: 0.10ms
[338.149s][info][gc,heap     ] GC(571) Eden regions: 134->0(137)
[338.149s][info][gc,heap     ] GC(571) Survivor regions: 19->16(20)
[338.149s][info][gc,heap     ] GC(571) Old regions: 52->58
[338.149s][info][gc,heap     ] GC(571) Humongous regions: 4->4
[338.149s][info][gc,metaspace] GC(571) Metaspace: 42782K(43264K)->42782K(43264K) NonClass: 38443K(38720K)->38443K(38720K) Class: 4339K(4544K)->4339K(4544K)
[338.149s][info][gc          ] GC(571) Pause Young (Mixed) (G1 Evacuation Pause) 207M->77M(256M) 41.719ms
[338.149s][info][gc,cpu      ] GC(571) User=0.08s Sys=0.01s Real=0.04s
[338.324s][info][gc,start    ] GC(572) Pause Young (Concurrent Start) (G1 Humongous Allocation)
[338.324s][info][gc,task     ] GC(572) Using 2 workers of 2 for evacuation
[338.349s][info][gc,phases   ] GC(572)   Pre Evacuate Collection Set: 0.20ms
[338.349s][info][gc,phases   ] GC(572)   Merge Heap Roots: 0.07ms
[338.349s][info][gc,phases   ] GC(572)   Evacuate Collection Set: 23.41ms
[338.349s][info][gc,phases   ] GC(572)   Post Evacuate Collection Set: 0.46ms
[338.349s][info][gc,phases   ] GC(572)   Other: 0.18ms
[338.349s][info][gc,heap     ] GC(572) Eden regions: 65->0(138)
[338.349s][info][gc,heap     ] GC(572) Survivor regions: 16->7(20)
[338.349s][info][gc,heap     ] GC(572) Old regions: 58->74
[338.349s][info][gc,heap     ] GC(572) Humongous regions: 4->4
[338.349s][info][gc,metaspace] GC(572) Metaspace: 42782K(43264K)->42782K(43264K) NonClass: 38443K(38720K)->38443K(38720K) Class: 4339K(4544K)->4339K(4544K)
[338.349s][info][gc          ] GC(572) Pause Young (Concurrent Start) (G1 Humongous Allocation) 142M->84M(256M) 24.582ms
[338.349s][info][gc,cpu      ] GC(572) User=0.05s Sys=0.00s Real=0.02s
[338.349s][info][gc          ] GC(573) Concurrent Mark Cycle
[338.349s][info][gc,marking  ] GC(573) Concurrent Scan Root Regions
[338.393s][info][gc,marking  ] GC(573) Concurrent Scan Root Regions 44.164ms
[338.393s][info][gc,marking  ] GC(573) Concurrent Mark
[338.393s][info][gc,marking  ] GC(573) Concurrent Mark From Roots
[338.393s][info][gc,task     ] GC(573) Using 1 workers of 1 for marking
[338.543s][info][gc,marking  ] GC(573) Concurrent Mark From Roots 149.468ms
[338.543s][info][gc,marking  ] GC(573) Concurrent Preclean
[338.543s][info][gc,marking  ] GC(573) Concurrent Preclean 0.066ms
[338.543s][info][gc,start    ] GC(573) Pause Remark
[338.564s][info][gc          ] GC(573) Pause Remark 115M->114M(256M) 20.917ms
[338.564s][info][gc,cpu      ] GC(573) User=0.04s Sys=0.00s Real=0.02s
[338.564s][info][gc,marking  ] GC(573) Concurrent Mark 170.791ms
[338.564s][info][gc,marking  ] GC(573) Concurrent Rebuild Remembered Sets and Scrub Regions
[338.631s][info][gc,marking  ] GC(573) Concurrent Rebuild Remembered Sets and Scrub Regions 67.472ms
[338.632s][info][gc,start    ] GC(573) Pause Cleanup
[338.632s][info][gc          ] GC(573) Pause Cleanup 131M->131M(256M) 0.066ms
[338.632s][info][gc,cpu      ] GC(573) User=0.00s Sys=0.00s Real=0.00s
[338.632s][info][gc,marking  ] GC(573) Concurrent Clear Claimed Marks
[338.632s][info][gc,marking  ] GC(573) Concurrent Clear Claimed Marks 0.045ms
[338.632s][info][gc,marking  ] GC(573) Concurrent Cleanup for Next Mark
[338.633s][info][gc,marking  ] GC(573) Concurrent Cleanup for Next Mark 0.815ms
[338.633s][info][gc          ] GC(573) Concurrent Mark Cycle 283.767ms
[338.882s][info][gc,start    ] GC(574) Pause Young (Prepare Mixed) (G1 Evacuation Pause)
[338.882s][info][gc,task     ] GC(574) Using 2 workers of 2 for evacuation
[338.914s][info][gc,phases   ] GC(574)   Pre Evacuate Collection Set: 0.18ms
[338.914s][info][gc,phases   ] GC(574)   Merge Heap Roots: 0.12ms
[338.914s][info][gc,phases   ] GC(574)   Evacuate Collection Set: 30.33ms
[338.914s][info][gc,phases   ] GC(574)   Post Evacuate Collection Set: 0.53ms
[338.914s][info][gc,phases   ] GC(574)   Other: 0.12ms
[338.914s][info][gc,heap     ] GC(574) Eden regions: 138->0(122)
[338.914s][info][gc,heap     ] GC(574) Survivor regions: 7->19(19)
[338.914s][info][gc,heap     ] GC(574) Old regions: 73->76
[338.914s][info][gc,heap     ] GC(574) Humongous regions: 6->6
[338.914s][info][gc,metaspace] GC(574) Metaspace: 42782K(43264K)->42782K(43264K) NonClass: 38443K(38720K)->38443K(38720K) Class: 4339K(4544K)->4339K(4544K)
[338.914s][info][gc          ] GC(574) Pause Young (Prepare Mixed) (G1 Evacuation Pause) 223M->100M(256M) 31.573ms
[338.914s][info][gc,cpu      ] GC(574) User=0.06s Sys=0.00s Real=0.04s
[339.232s][info][gc,start    ] GC(575) Pause Young (Mixed) (G1 Evacuation Pause)
[339.232s][info][gc,task     ] GC(575) Using 2 workers of 2 for evacuation
[339.280s][info][gc,phases   ] GC(575)   Pre Evacuate Collection Set: 0.17ms
[339.280s][info][gc,phases   ] GC(575)   Merge Heap Roots: 0.16ms
[339.280s][info][gc,phases   ] GC(575)   Evacuate Collection Set: 47.42ms
[339.280s][info][gc,phases   ] GC(575)   Post Evacuate Collection Set: 0.47ms
[339.280s][info][gc,phases   ] GC(575)   Other: 0.10ms
[339.280s][info][gc,heap     ] GC(575) Eden regions: 122->0(116)
[339.280s][info][gc,heap     ] GC(575) Survivor regions: 19->16(18)
[339.280s][info][gc,heap     ] GC(575) Old regions: 76->88
[339.280s][info][gc,heap     ] GC(575) Humongous regions: 6->6
[339.280s][info][gc,metaspace] GC(575) Metaspace: 42783K(43264K)->42783K(43264K) NonClass: 38444K(38720K)->38444K(38720K) Class: 4339K(4544K)->4339K(4544K)
[339.280s][info][gc          ] GC(575) Pause Young (Mixed) (G1 Evacuation Pause) 222M->110M(258M) 48.553ms
[339.280s][info][gc,cpu      ] GC(575) User=0.10s Sys=0.00s Real=0.05s
[339.374s][info][gc,start    ] GC(576) Pause Young (Concurrent Start) (G1 Humongous Allocation)
[339.374s][info][gc,task     ] GC(576) Using 2 workers of 2 for evacuation
[339.395s][info][gc,phases   ] GC(576)   Pre Evacuate Collection Set: 0.20ms
[339.395s][info][gc,phases   ] GC(576)   Merge Heap Roots: 0.09ms
[339.395s][info][gc,phases   ] GC(576)   Evacuate Collection Set: 20.14ms
[339.395s][info][gc,phases   ] GC(576)   Post Evacuate Collection Set: 0.44ms
[339.395s][info][gc,phases   ] GC(576)   Other: 0.14ms
[339.395s][info][gc,heap     ] GC(576) Eden regions: 31->0(117)
[339.395s][info][gc,heap     ] GC(576) Survivor regions: 16->4(17)
[339.395s][info][gc,heap     ] GC(576) Old regions: 88->101
[339.395s][info][gc,heap     ] GC(576) Humongous regions: 6->6
[339.395s][info][gc,metaspace] GC(576) Metaspace: 42783K(43264K)->42783K(43264K) NonClass: 38444K(38720K)->38444K(38720K) Class: 4339K(4544K)->4339K(4544K)
[339.395s][info][gc          ] GC(576) Pause Young (Concurrent Start) (G1 Humongous Allocation) 141M->110M(258M) 21.277ms
[339.395s][info][gc,cpu      ] GC(576) User=0.05s Sys=0.00s Real=0.02s
[339.396s][info][gc          ] GC(577) Concurrent Mark Cycle
[339.396s][info][gc,marking  ] GC(577) Concurrent Scan Root Regions
[339.426s][info][gc,marking  ] GC(577) Concurrent Scan Root Regions 30.684ms
[339.426s][info][gc,marking  ] GC(577) Concurrent Mark
[339.426s][info][gc,marking  ] GC(577) Concurrent Mark From Roots
[339.426s][info][gc,task     ] GC(577) Using 1 workers of 1 for marking
[339.682s][info][gc,marking  ] GC(577) Concurrent Mark From Roots 255.588ms
[339.682s][info][gc,marking  ] GC(577) Concurrent Preclean
[339.682s][info][gc,marking  ] GC(577) Concurrent Preclean 0.051ms
[339.682s][info][gc,start    ] GC(577) Pause Remark
[339.701s][info][gc          ] GC(577) Pause Remark 151M->150M(258M) 18.961ms
[339.701s][info][gc,cpu      ] GC(577) User=0.04s Sys=0.00s Real=0.02s
[339.701s][info][gc,marking  ] GC(577) Concurrent Mark 274.958ms
[339.701s][info][gc,marking  ] GC(577) Concurrent Rebuild Remembered Sets and Scrub Regions
[339.825s][info][gc,marking  ] GC(577) Concurrent Rebuild Remembered Sets and Scrub Regions 124.152ms
[339.826s][info][gc,start    ] GC(577) Pause Cleanup
[339.826s][info][gc          ] GC(577) Pause Cleanup 189M->189M(258M) 0.065ms
[339.826s][info][gc,cpu      ] GC(577) User=0.00s Sys=0.00s Real=0.00s
[339.828s][info][gc,marking  ] GC(577) Concurrent Clear Claimed Marks
[339.828s][info][gc,marking  ] GC(577) Concurrent Clear Claimed Marks 0.066ms
[339.828s][info][gc,marking  ] GC(577) Concurrent Cleanup for Next Mark
[339.829s][info][gc,marking  ] GC(577) Concurrent Cleanup for Next Mark 1.620ms
[339.829s][info][gc          ] GC(577) Concurrent Mark Cycle 433.748ms
[339.946s][info][gc,start    ] GC(578) Pause Young (Prepare Mixed) (G1 Evacuation Pause)
[339.946s][info][gc,task     ] GC(578) Using 2 workers of 2 for evacuation
[339.972s][info][gc,phases   ] GC(578)   Pre Evacuate Collection Set: 0.19ms
[339.972s][info][gc,phases   ] GC(578)   Merge Heap Roots: 0.14ms
[339.972s][info][gc,phases   ] GC(578)   Evacuate Collection Set: 25.33ms
[339.972s][info][gc,phases   ] GC(578)   Post Evacuate Collection Set: 0.47ms
[339.972s][info][gc,phases   ] GC(578)   Other: 0.10ms
[339.972s][info][gc,heap     ] GC(578) Eden regions: 117->0(102)
[339.972s][info][gc,heap     ] GC(578) Survivor regions: 4->16(16)
[339.972s][info][gc,heap     ] GC(578) Old regions: 101->101
[339.972s][info][gc,heap     ] GC(578) Humongous regions: 9->9
[339.972s][info][gc,metaspace] GC(578) Metaspace: 42783K(43264K)->42783K(43264K) NonClass: 38444K(38720K)->38444K(38720K) Class: 4339K(4544K)->4339K(4544K)
[339.972s][info][gc          ] GC(578) Pause Young (Prepare Mixed) (G1 Evacuation Pause) 230M->125M(258M) 26.498ms
[339.972s][info][gc,cpu      ] GC(578) User=0.05s Sys=0.00s Real=0.02s
[342.905s][info][gc,start    ] GC(579) Pause Young (Mixed) (G1 Evacuation Pause)
[342.905s][info][gc,task     ] GC(579) Using 2 workers of 2 for evacuation
[342.962s][info][gc,phases   ] GC(579)   Pre Evacuate Collection Set: 0.18ms
[342.962s][info][gc,phases   ] GC(579)   Merge Heap Roots: 0.34ms
[342.962s][info][gc,phases   ] GC(579)   Evacuate Collection Set: 54.99ms
[342.962s][info][gc,phases   ] GC(579)   Post Evacuate Collection Set: 1.54ms
[342.962s][info][gc,phases   ] GC(579)   Other: 0.09ms
[342.962s][info][gc,heap     ] GC(579) Eden regions: 102->0(224)
[342.962s][info][gc,heap     ] GC(579) Survivor regions: 16->10(15)
[342.962s][info][gc,heap     ] GC(579) Old regions: 101->113
[342.962s][info][gc,heap     ] GC(579) Humongous regions: 17->15
[342.962s][info][gc,metaspace] GC(579) Metaspace: 42784K(43264K)->42784K(43264K) NonClass: 38445K(38720K)->38445K(38720K) Class: 4339K(4544K)->4339K(4544K)
[342.963s][info][gc          ] GC(579) Pause Young (Mixed) (G1 Evacuation Pause) 235M->137M(406M) 57.384ms
[342.963s][info][gc,cpu      ] GC(579) User=0.11s Sys=0.00s Real=0.06s
[343.617s][info][gc,start    ] GC(580) Pause Young (Concurrent Start) (G1 Humongous Allocation)
[343.617s][info][gc,task     ] GC(580) Using 2 workers of 2 for evacuation
[343.642s][info][gc,phases   ] GC(580)   Pre Evacuate Collection Set: 0.25ms
[343.642s][info][gc,phases   ] GC(580)   Merge Heap Roots: 0.16ms
[343.642s][info][gc,phases   ] GC(580)   Evacuate Collection Set: 23.57ms
[343.642s][info][gc,phases   ] GC(580)   Post Evacuate Collection Set: 0.40ms
[343.642s][info][gc,phases   ] GC(580)   Other: 0.20ms
[343.642s][info][gc,heap     ] GC(580) Eden regions: 4->0(232)
[343.642s][info][gc,heap     ] GC(580) Survivor regions: 10->10(30)
[343.642s][info][gc,heap     ] GC(580) Old regions: 113->113
[343.642s][info][gc,heap     ] GC(580) Humongous regions: 15->15
[343.642s][info][gc,metaspace] GC(580) Metaspace: 42791K(43264K)->42791K(43264K) NonClass: 38452K(38720K)->38452K(38720K) Class: 4339K(4544K)->4339K(4544K)
[343.642s][info][gc          ] GC(580) Pause Young (Concurrent Start) (G1 Humongous Allocation) 140M->137M(406M) 24.795ms
[343.642s][info][gc,cpu      ] GC(580) User=0.05s Sys=0.00s Real=0.02s
[343.642s][info][gc          ] GC(581) Concurrent Mark Cycle
[343.642s][info][gc,marking  ] GC(581) Concurrent Scan Root Regions
[343.659s][info][gc,marking  ] GC(581) Concurrent Scan Root Regions 17.386ms
[343.659s][info][gc,marking  ] GC(581) Concurrent Mark
[343.659s][info][gc,marking  ] GC(581) Concurrent Mark From Roots
[343.659s][info][gc,task     ] GC(581) Using 1 workers of 1 for marking
[343.701s][info][gc,marking  ] GC(581) Concurrent Mark From Roots 41.398ms
[343.701s][info][gc,marking  ] GC(581) Concurrent Preclean
[343.701s][info][gc,marking  ] GC(581) Concurrent Preclean 0.056ms
[343.701s][info][gc,start    ] GC(581) Pause Remark
[343.731s][info][gc          ] GC(581) Pause Remark 145M->125M(400M) 29.711ms
[343.731s][info][gc,cpu      ] GC(581) User=0.06s Sys=0.00s Real=0.03s
[343.731s][info][gc,marking  ] GC(581) Concurrent Mark 71.506ms
[343.731s][info][gc,marking  ] GC(581) Concurrent Rebuild Remembered Sets and Scrub Regions
[343.756s][info][gc,marking  ] GC(581) Concurrent Rebuild Remembered Sets and Scrub Regions 25.041ms
[343.756s][info][gc,start    ] GC(581) Pause Cleanup
[343.756s][info][gc          ] GC(581) Pause Cleanup 128M->128M(400M) 0.130ms
[343.756s][info][gc,cpu      ] GC(581) User=0.00s Sys=0.00s Real=0.00s
[343.756s][info][gc,marking  ] GC(581) Concurrent Clear Claimed Marks
[343.756s][info][gc,marking  ] GC(581) Concurrent Clear Claimed Marks 0.040ms
[343.756s][info][gc,marking  ] GC(581) Concurrent Cleanup for Next Mark
[343.760s][info][gc,marking  ] GC(581) Concurrent Cleanup for Next Mark 3.182ms
[343.760s][info][gc          ] GC(581) Concurrent Mark Cycle 117.761ms
[344.859s][info][gc,start    ] GC(582) Pause Young (Prepare Mixed) (G1 Evacuation Pause)
[344.859s][info][gc,task     ] GC(582) Using 2 workers of 2 for evacuation
[344.866s][info][gc,phases   ] GC(582)   Pre Evacuate Collection Set: 0.23ms
[344.866s][info][gc,phases   ] GC(582)   Merge Heap Roots: 0.19ms
[344.866s][info][gc,phases   ] GC(582)   Evacuate Collection Set: 5.70ms
[344.866s][info][gc,phases   ] GC(582)   Post Evacuate Collection Set: 0.50ms
[344.866s][info][gc,phases   ] GC(582)   Other: 0.08ms
[344.866s][info][gc,heap     ] GC(582) Eden regions: 230->0(236)
[344.866s][info][gc,heap     ] GC(582) Survivor regions: 10->4(30)
[344.866s][info][gc,heap     ] GC(582) Old regions: 107->107
[344.866s][info][gc,heap     ] GC(582) Humongous regions: 3->1
[344.866s][info][gc,metaspace] GC(582) Metaspace: 42801K(43264K)->42801K(43264K) NonClass: 38462K(38720K)->38462K(38720K) Class: 4339K(4544K)->4339K(4544K)
[344.866s][info][gc          ] GC(582) Pause Young (Prepare Mixed) (G1 Evacuation Pause) 349M->111M(400M) 6.903ms
[344.866s][info][gc,cpu      ] GC(582) User=0.01s Sys=0.00s Real=0.01s
[346.162s][info][gc,start    ] GC(583) Pause Young (Mixed) (G1 Evacuation Pause)
[346.162s][info][gc,task     ] GC(583) Using 2 workers of 2 for evacuation
[346.176s][info][gc,phases   ] GC(583)   Pre Evacuate Collection Set: 0.27ms
[346.176s][info][gc,phases   ] GC(583)   Merge Heap Roots: 0.10ms
[346.176s][info][gc,phases   ] GC(583)   Evacuate Collection Set: 12.38ms
[346.176s][info][gc,phases   ] GC(583)   Post Evacuate Collection Set: 0.56ms
[346.176s][info][gc,phases   ] GC(583)   Other: 0.09ms
[346.176s][info][gc,heap     ] GC(583) Eden regions: 236->0(227)
[346.176s][info][gc,heap     ] GC(583) Survivor regions: 4->13(30)
[346.176s][info][gc,heap     ] GC(583) Old regions: 107->67
[346.176s][info][gc,heap     ] GC(583) Humongous regions: 1->1
[346.176s][info][gc,metaspace] GC(583) Metaspace: 42801K(43264K)->42801K(43264K) NonClass: 38462K(38720K)->38462K(38720K) Class: 4339K(4544K)->4339K(4544K)
[346.176s][info][gc          ] GC(583) Pause Young (Mixed) (G1 Evacuation Pause) 347M->80M(400M) 13.615ms
[346.176s][info][gc,cpu      ] GC(583) User=0.03s Sys=0.00s Real=0.01s
[347.746s][info][gc,start    ] GC(584) Pause Young (Mixed) (G1 Evacuation Pause)
[347.746s][info][gc,task     ] GC(584) Using 2 workers of 2 for evacuation
[347.754s][info][gc,phases   ] GC(584)   Pre Evacuate Collection Set: 0.25ms
[347.754s][info][gc,phases   ] GC(584)   Merge Heap Roots: 0.07ms
[347.754s][info][gc,phases   ] GC(584)   Evacuate Collection Set: 6.92ms
[347.754s][info][gc,phases   ] GC(584)   Post Evacuate Collection Set: 0.49ms
[347.754s][info][gc,phases   ] GC(584)   Other: 0.08ms
[347.754s][info][gc,heap     ] GC(584) Eden regions: 227->0(232)
[347.754s][info][gc,heap     ] GC(584) Survivor regions: 13->8(30)
[347.754s][info][gc,heap     ] GC(584) Old regions: 67->49
[347.754s][info][gc,heap     ] GC(584) Humongous regions: 1->1
[347.754s][info][gc,metaspace] GC(584) Metaspace: 42802K(43264K)->42802K(43264K) NonClass: 38463K(38720K)->38463K(38720K) Class: 4339K(4544K)->4339K(4544K)
[347.754s][info][gc          ] GC(584) Pause Young (Mixed) (G1 Evacuation Pause) 307M->56M(400M) 8.011ms
[347.754s][info][gc,cpu      ] GC(584) User=0.01s Sys=0.00s Real=0.01s
[349.017s][info][gc,start    ] GC(585) Pause Young (Concurrent Start) (G1 Humongous Allocation)
[349.018s][info][gc,task     ] GC(585) Using 2 workers of 2 for evacuation
[349.024s][info][gc,phases   ] GC(585)   Pre Evacuate Collection Set: 0.24ms
[349.024s][info][gc,phases   ] GC(585)   Merge Heap Roots: 0.06ms
[349.024s][info][gc,phases   ] GC(585)   Evacuate Collection Set: 5.12ms
[349.024s][info][gc,phases   ] GC(585)   Post Evacuate Collection Set: 0.51ms
[349.024s][info][gc,phases   ] GC(585)   Other: 0.11ms
[349.024s][info][gc,heap     ] GC(585) Eden regions: 188->0(234)
[349.024s][info][gc,heap     ] GC(585) Survivor regions: 8->6(30)
[349.024s][info][gc,heap     ] GC(585) Old regions: 49->49
[349.024s][info][gc,heap     ] GC(585) Humongous regions: 1->1
[349.024s][info][gc,metaspace] GC(585) Metaspace: 42802K(43264K)->42802K(43264K) NonClass: 38463K(38720K)->38463K(38720K) Class: 4339K(4544K)->4339K(4544K)
[349.024s][info][gc          ] GC(585) Pause Young (Concurrent Start) (G1 Humongous Allocation) 244M->54M(400M) 6.287ms
[349.024s][info][gc,cpu      ] GC(585) User=0.01s Sys=0.00s Real=0.01s
[349.024s][info][gc          ] GC(586) Concurrent Mark Cycle
[349.025s][info][gc,marking  ] GC(586) Concurrent Scan Root Regions
[349.034s][info][gc,marking  ] GC(586) Concurrent Scan Root Regions 8.608ms
[349.034s][info][gc,marking  ] GC(586) Concurrent Mark
[349.034s][info][gc,marking  ] GC(586) Concurrent Mark From Roots
[349.034s][info][gc,task     ] GC(586) Using 1 workers of 1 for marking
[349.079s][info][gc,marking  ] GC(586) Concurrent Mark From Roots 45.571ms
[349.080s][info][gc,marking  ] GC(586) Concurrent Preclean
[349.080s][info][gc,marking  ] GC(586) Concurrent Preclean 0.053ms
[349.080s][info][gc,start    ] GC(586) Pause Remark
[349.099s][info][gc          ] GC(586) Pause Remark 62M->58M(256M) 18.758ms
[349.099s][info][gc,cpu      ] GC(586) User=0.03s Sys=0.00s Real=0.02s
[349.099s][info][gc,marking  ] GC(586) Concurrent Mark 64.761ms
[349.099s][info][gc,marking  ] GC(586) Concurrent Rebuild Remembered Sets and Scrub Regions
[349.112s][info][gc,marking  ] GC(586) Concurrent Rebuild Remembered Sets and Scrub Regions 12.854ms
[349.112s][info][gc,start    ] GC(586) Pause Cleanup
[349.112s][info][gc          ] GC(586) Pause Cleanup 60M->60M(256M) 0.056ms
[349.112s][info][gc,cpu      ] GC(586) User=0.00s Sys=0.00s Real=0.00s
[349.112s][info][gc,marking  ] GC(586) Concurrent Clear Claimed Marks
[349.112s][info][gc,marking  ] GC(586) Concurrent Clear Claimed Marks 0.043ms
[349.112s][info][gc,marking  ] GC(586) Concurrent Cleanup for Next Mark
[349.113s][info][gc,marking  ] GC(586) Concurrent Cleanup for Next Mark 0.792ms
[349.113s][info][gc          ] GC(586) Concurrent Mark Cycle 88.872ms
[349.991s][info][gc,start    ] GC(587) Pause Young (Prepare Mixed) (G1 Evacuation Pause)
[349.991s][info][gc,task     ] GC(587) Using 2 workers of 2 for evacuation
[350.000s][info][gc,phases   ] GC(587)   Pre Evacuate Collection Set: 0.19ms
[350.001s][info][gc,phases   ] GC(587)   Merge Heap Roots: 0.12ms
[350.001s][info][gc,phases   ] GC(587)   Evacuate Collection Set: 8.62ms
[350.001s][info][gc,phases   ] GC(587)   Post Evacuate Collection Set: 0.50ms
[350.001s][info][gc,phases   ] GC(587)   Other: 0.08ms
[350.001s][info][gc,heap     ] GC(587) Eden regions: 147->0(144)
[350.001s][info][gc,heap     ] GC(587) Survivor regions: 6->9(20)
[350.001s][info][gc,heap     ] GC(587) Old regions: 45->45
[350.001s][info][gc,heap     ] GC(587) Humongous regions: 2->1
[350.001s][info][gc,metaspace] GC(587) Metaspace: 42802K(43264K)->42802K(43264K) NonClass: 38463K(38720K)->38463K(38720K) Class: 4339K(4544K)->4339K(4544K)
[350.001s][info][gc          ] GC(587) Pause Young (Prepare Mixed) (G1 Evacuation Pause) 198M->53M(256M) 9.768ms
[350.001s][info][gc,cpu      ] GC(587) User=0.02s Sys=0.00s Real=0.01s
[350.958s][info][gc,start    ] GC(588) Pause Young (Mixed) (G1 Evacuation Pause)
[350.958s][info][gc,task     ] GC(588) Using 2 workers of 2 for evacuation
[350.966s][info][gc,phases   ] GC(588)   Pre Evacuate Collection Set: 0.18ms
[350.967s][info][gc,phases   ] GC(588)   Merge Heap Roots: 0.08ms
[350.967s][info][gc,phases   ] GC(588)   Evacuate Collection Set: 7.15ms
[350.967s][info][gc,phases   ] GC(588)   Post Evacuate Collection Set: 0.48ms
[350.967s][info][gc,phases   ] GC(588)   Other: 0.09ms
[350.967s][info][gc,heap     ] GC(588) Eden regions: 144->0(145)
[350.967s][info][gc,heap     ] GC(588) Survivor regions: 9->8(20)
[350.967s][info][gc,heap     ] GC(588) Old regions: 45->38
[350.967s][info][gc,heap     ] GC(588) Humongous regions: 3->3
[350.967s][info][gc,metaspace] GC(588) Metaspace: 42802K(43264K)->42802K(43264K) NonClass: 38463K(38720K)->38463K(38720K) Class: 4339K(4544K)->4339K(4544K)
[350.967s][info][gc          ] GC(588) Pause Young (Mixed) (G1 Evacuation Pause) 199M->47M(256M) 8.216ms
[350.967s][info][gc,cpu      ] GC(588) User=0.02s Sys=0.00s Real=0.01s
[351.248s][info][gc,start    ] GC(589) Pause Young (Concurrent Start) (G1 Humongous Allocation)
[351.248s][info][gc,task     ] GC(589) Using 2 workers of 2 for evacuation
[351.270s][info][gc,phases   ] GC(589)   Pre Evacuate Collection Set: 0.17ms
[351.270s][info][gc,phases   ] GC(589)   Merge Heap Roots: 0.07ms
[351.270s][info][gc,phases   ] GC(589)   Evacuate Collection Set: 21.61ms
[351.270s][info][gc,phases   ] GC(589)   Post Evacuate Collection Set: 0.42ms
[351.270s][info][gc,phases   ] GC(589)   Other: 0.13ms
[351.270s][info][gc,heap     ] GC(589) Eden regions: 104->0(133)
[351.270s][info][gc,heap     ] GC(589) Survivor regions: 8->20(20)
[351.270s][info][gc,heap     ] GC(589) Old regions: 38->38
[351.270s][info][gc,heap     ] GC(589) Humongous regions: 3->3
[351.270s][info][gc,metaspace] GC(589) Metaspace: 42802K(43264K)->42802K(43264K) NonClass: 38463K(38720K)->38463K(38720K) Class: 4339K(4544K)->4339K(4544K)
[351.270s][info][gc          ] GC(589) Pause Young (Concurrent Start) (G1 Humongous Allocation) 150M->59M(256M) 22.608ms
[351.270s][info][gc,cpu      ] GC(589) User=0.04s Sys=0.00s Real=0.02s
[351.270s][info][gc          ] GC(590) Concurrent Mark Cycle
[351.270s][info][gc,marking  ] GC(590) Concurrent Scan Root Regions
[351.287s][info][gc,marking  ] GC(590) Concurrent Scan Root Regions 16.560ms
[351.287s][info][gc,marking  ] GC(590) Concurrent Mark
[351.287s][info][gc,marking  ] GC(590) Concurrent Mark From Roots
[351.287s][info][gc,task     ] GC(590) Using 1 workers of 1 for marking
[351.320s][info][gc,marking  ] GC(590) Concurrent Mark From Roots 32.915ms
[351.320s][info][gc,marking  ] GC(590) Concurrent Preclean
[351.320s][info][gc,marking  ] GC(590) Concurrent Preclean 0.049ms
[351.320s][info][gc,start    ] GC(590) Pause Remark
[351.340s][info][gc          ] GC(590) Pause Remark 73M->73M(256M) 19.518ms
[351.340s][info][gc,cpu      ] GC(590) User=0.04s Sys=0.00s Real=0.02s
[351.340s][info][gc,marking  ] GC(590) Concurrent Mark 52.899ms
[351.340s][info][gc,marking  ] GC(590) Concurrent Rebuild Remembered Sets and Scrub Regions
[351.359s][info][gc,marking  ] GC(590) Concurrent Rebuild Remembered Sets and Scrub Regions 18.803ms
[351.359s][info][gc,start    ] GC(590) Pause Cleanup
[351.359s][info][gc          ] GC(590) Pause Cleanup 79M->79M(256M) 0.078ms
[351.359s][info][gc,cpu      ] GC(590) User=0.00s Sys=0.00s Real=0.00s
[351.359s][info][gc,marking  ] GC(590) Concurrent Clear Claimed Marks
[351.359s][info][gc,marking  ] GC(590) Concurrent Clear Claimed Marks 0.070ms
[351.359s][info][gc,marking  ] GC(590) Concurrent Cleanup for Next Mark
[351.360s][info][gc,marking  ] GC(590) Concurrent Cleanup for Next Mark 0.832ms
[351.360s][info][gc          ] GC(590) Concurrent Mark Cycle 89.726ms
[351.673s][info][gc,start    ] GC(591) Pause Young (Prepare Mixed) (G1 Evacuation Pause)
[351.673s][info][gc,task     ] GC(591) Using 2 workers of 2 for evacuation
[351.715s][info][gc,phases   ] GC(591)   Pre Evacuate Collection Set: 0.16ms
[351.715s][info][gc,phases   ] GC(591)   Merge Heap Roots: 0.09ms
[351.715s][info][gc,phases   ] GC(591)   Evacuate Collection Set: 40.28ms
[351.715s][info][gc,phases   ] GC(591)   Post Evacuate Collection Set: 0.49ms
[351.715s][info][gc,phases   ] GC(591)   Other: 0.10ms
[351.715s][info][gc,heap     ] GC(591) Eden regions: 133->0(136)
[351.715s][info][gc,heap     ] GC(591) Survivor regions: 20->17(20)
[351.715s][info][gc,heap     ] GC(591) Old regions: 38->58
[351.715s][info][gc,heap     ] GC(591) Humongous regions: 4->4
[351.715s][info][gc,metaspace] GC(591) Metaspace: 42802K(43264K)->42802K(43264K) NonClass: 38463K(38720K)->38463K(38720K) Class: 4339K(4544K)->4339K(4544K)
[351.715s][info][gc          ] GC(591) Pause Young (Prepare Mixed) (G1 Evacuation Pause) 193M->77M(256M) 41.376ms
[351.715s][info][gc,cpu      ] GC(591) User=0.08s Sys=0.00s Real=0.04s
[352.104s][info][gc,start    ] GC(592) Pause Young (Mixed) (G1 Evacuation Pause)
[352.104s][info][gc,task     ] GC(592) Using 2 workers of 2 for evacuation
[352.157s][info][gc,phases   ] GC(592)   Pre Evacuate Collection Set: 0.23ms
[352.157s][info][gc,phases   ] GC(592)   Merge Heap Roots: 0.17ms
[352.157s][info][gc,phases   ] GC(592)   Evacuate Collection Set: 51.46ms
[352.157s][info][gc,phases   ] GC(592)   Post Evacuate Collection Set: 0.62ms
[352.157s][info][gc,phases   ] GC(592)   Other: 0.14ms
[352.157s][info][gc,heap     ] GC(592) Eden regions: 136->0(133)
[352.157s][info][gc,heap     ] GC(592) Survivor regions: 17->17(20)
[352.157s][info][gc,heap     ] GC(592) Old regions: 58->66
[352.157s][info][gc,heap     ] GC(592) Humongous regions: 6->6
[352.157s][info][gc,metaspace] GC(592) Metaspace: 42802K(43264K)->42802K(43264K) NonClass: 38463K(38720K)->38463K(38720K) Class: 4339K(4544K)->4339K(4544K)
[352.157s][info][gc          ] GC(592) Pause Young (Mixed) (G1 Evacuation Pause) 215M->88M(256M) 52.958ms
[352.157s][info][gc,cpu      ] GC(592) User=0.10s Sys=0.00s Real=0.05s
[352.528s][info][gc,start    ] GC(593) Pause Young (Concurrent Start) (G1 Evacuation Pause)
[352.528s][info][gc,task     ] GC(593) Using 2 workers of 2 for evacuation
[352.575s][info][gc,phases   ] GC(593)   Pre Evacuate Collection Set: 0.19ms
[352.575s][info][gc,phases   ] GC(593)   Merge Heap Roots: 0.10ms
[352.575s][info][gc,phases   ] GC(593)   Evacuate Collection Set: 45.68ms
[352.575s][info][gc,phases   ] GC(593)   Post Evacuate Collection Set: 0.49ms
[352.575s][info][gc,phases   ] GC(593)   Other: 0.18ms
[352.575s][info][gc,heap     ] GC(593) Eden regions: 133->0(120)
[352.575s][info][gc,heap     ] GC(593) Survivor regions: 17->16(19)
[352.575s][info][gc,heap     ] GC(593) Old regions: 66->82
[352.575s][info][gc,heap     ] GC(593) Humongous regions: 6->6
[352.575s][info][gc,metaspace] GC(593) Metaspace: 42802K(43264K)->42802K(43264K) NonClass: 38463K(38720K)->38463K(38720K) Class: 4339K(4544K)->4339K(4544K)
[352.575s][info][gc          ] GC(593) Pause Young (Concurrent Start) (G1 Evacuation Pause) 221M->103M(256M) 46.903ms
[352.575s][info][gc          ] GC(594) Concurrent Mark Cycle
[352.575s][info][gc,marking  ] GC(594) Concurrent Scan Root Regions
[352.575s][info][gc,cpu      ] GC(593) User=0.09s Sys=0.00s Real=0.05s
[352.617s][info][gc,marking  ] GC(594) Concurrent Scan Root Regions 42.015ms
[352.617s][info][gc,marking  ] GC(594) Concurrent Mark
[352.617s][info][gc,marking  ] GC(594) Concurrent Mark From Roots
[352.617s][info][gc,task     ] GC(594) Using 1 workers of 1 for marking
[352.732s][info][gc,marking  ] GC(594) Concurrent Mark From Roots 114.228ms
[352.732s][info][gc,marking  ] GC(594) Concurrent Preclean
[352.732s][info][gc,marking  ] GC(594) Concurrent Preclean 0.041ms
[352.733s][info][gc,start    ] GC(594) Pause Remark
[352.751s][info][gc          ] GC(594) Pause Remark 142M->135M(256M) 18.032ms
[352.751s][info][gc,cpu      ] GC(594) User=0.03s Sys=0.00s Real=0.01s
[352.751s][info][gc,marking  ] GC(594) Concurrent Mark 134.053ms
[352.752s][info][gc,marking  ] GC(594) Concurrent Rebuild Remembered Sets and Scrub Regions
[352.814s][info][gc,marking  ] GC(594) Concurrent Rebuild Remembered Sets and Scrub Regions 62.283ms
[352.814s][info][gc,start    ] GC(594) Pause Cleanup
[352.814s][info][gc          ] GC(594) Pause Cleanup 160M->160M(256M) 0.056ms
[352.814s][info][gc,cpu      ] GC(594) User=0.00s Sys=0.00s Real=0.00s
[352.814s][info][gc,marking  ] GC(594) Concurrent Clear Claimed Marks
[352.815s][info][gc,marking  ] GC(594) Concurrent Clear Claimed Marks 0.044ms
[352.815s][info][gc,marking  ] GC(594) Concurrent Cleanup for Next Mark
[352.815s][info][gc,marking  ] GC(594) Concurrent Cleanup for Next Mark 0.810ms
[352.815s][info][gc          ] GC(594) Concurrent Mark Cycle 240.033ms
[352.988s][info][gc,start    ] GC(595) Pause Young (Prepare Mixed) (G1 Evacuation Pause)
[352.988s][info][gc,task     ] GC(595) Using 2 workers of 2 for evacuation
[353.031s][info][gc,phases   ] GC(595)   Pre Evacuate Collection Set: 0.18ms
[353.031s][info][gc,phases   ] GC(595)   Merge Heap Roots: 0.13ms
[353.031s][info][gc,phases   ] GC(595)   Evacuate Collection Set: 42.03ms
[353.031s][info][gc,phases   ] GC(595)   Post Evacuate Collection Set: 0.52ms
[353.031s][info][gc,phases   ] GC(595)   Other: 0.08ms
[353.031s][info][gc,heap     ] GC(595) Eden regions: 120->0(111)
[353.031s][info][gc,heap     ] GC(595) Survivor regions: 16->14(17)
[353.031s][info][gc,heap     ] GC(595) Old regions: 76->92
[353.031s][info][gc,heap     ] GC(595) Humongous regions: 9->9
[353.031s][info][gc,metaspace] GC(595) Metaspace: 42802K(43264K)->42802K(43264K) NonClass: 38463K(38720K)->38463K(38720K) Class: 4339K(4544K)->4339K(4544K)
[353.032s][info][gc          ] GC(595) Pause Young (Prepare Mixed) (G1 Evacuation Pause) 220M->114M(256M) 43.208ms
[353.032s][info][gc,cpu      ] GC(595) User=0.08s Sys=0.00s Real=0.04s
[354.442s][info][gc,start    ] GC(596) Pause Young (Mixed) (G1 Evacuation Pause)
[354.443s][info][gc,task     ] GC(596) Using 2 workers of 2 for evacuation
[354.482s][info][gc,phases   ] GC(596)   Pre Evacuate Collection Set: 0.18ms
[354.482s][info][gc,phases   ] GC(596)   Merge Heap Roots: 0.17ms
[354.482s][info][gc,phases   ] GC(596)   Evacuate Collection Set: 38.52ms
[354.482s][info][gc,phases   ] GC(596)   Post Evacuate Collection Set: 0.49ms
[354.482s][info][gc,phases   ] GC(596)   Other: 0.08ms
[354.482s][info][gc,heap     ] GC(596) Eden regions: 111->0(104)
[354.482s][info][gc,heap     ] GC(596) Survivor regions: 14->7(16)
[354.482s][info][gc,heap     ] GC(596) Old regions: 92->104
[354.482s][info][gc,heap     ] GC(596) Humongous regions: 17->15
[354.482s][info][gc,metaspace] GC(596) Metaspace: 42802K(43264K)->42802K(43264K) NonClass: 38463K(38720K)->38463K(38720K) Class: 4339K(4544K)->4339K(4544K)
[354.482s][info][gc          ] GC(596) Pause Young (Mixed) (G1 Evacuation Pause) 233M->125M(256M) 39.666ms
[354.482s][info][gc,cpu      ] GC(596) User=0.08s Sys=0.00s Real=0.03s
[354.910s][info][gc,start    ] GC(597) Pause Young (Concurrent Start) (G1 Evacuation Pause)
[354.910s][info][gc,task     ] GC(597) Using 2 workers of 2 for evacuation
[354.934s][info][gc,phases   ] GC(597)   Pre Evacuate Collection Set: 0.26ms
[354.934s][info][gc,phases   ] GC(597)   Merge Heap Roots: 0.15ms
[354.934s][info][gc,phases   ] GC(597)   Evacuate Collection Set: 22.85ms
[354.934s][info][gc,phases   ] GC(597)   Post Evacuate Collection Set: 0.46ms
[354.934s][info][gc,phases   ] GC(597)   Other: 0.15ms
[354.934s][info][gc,heap     ] GC(597) Eden regions: 104->0(101)
[354.934s][info][gc,heap     ] GC(597) Survivor regions: 7->11(14)
[354.934s][info][gc,heap     ] GC(597) Old regions: 104->104
[354.934s][info][gc,heap     ] GC(597) Humongous regions: 15->15
[354.934s][info][gc,metaspace] GC(597) Metaspace: 42802K(43264K)->42802K(43264K) NonClass: 38463K(38720K)->38463K(38720K) Class: 4339K(4544K)->4339K(4544K)
[354.934s][info][gc          ] GC(597) Pause Young (Concurrent Start) (G1 Evacuation Pause) 229M->129M(256M) 24.093ms
[354.934s][info][gc,cpu      ] GC(597) User=0.05s Sys=0.00s Real=0.03s
[354.934s][info][gc          ] GC(598) Concurrent Mark Cycle
[354.934s][info][gc,marking  ] GC(598) Concurrent Scan Root Regions
[354.943s][info][gc,marking  ] GC(598) Concurrent Scan Root Regions 8.700ms
[354.943s][info][gc,marking  ] GC(598) Concurrent Mark
[354.943s][info][gc,marking  ] GC(598) Concurrent Mark From Roots
[354.943s][info][gc,task     ] GC(598) Using 1 workers of 1 for marking
[354.980s][info][gc,marking  ] GC(598) Concurrent Mark From Roots 36.668ms
[354.980s][info][gc,marking  ] GC(598) Concurrent Preclean
[354.980s][info][gc,marking  ] GC(598) Concurrent Preclean 0.041ms
[354.980s][info][gc,start    ] GC(598) Pause Remark
[354.999s][info][gc          ] GC(598) Pause Remark 145M->117M(256M) 18.849ms
[354.999s][info][gc,cpu      ] GC(598) User=0.03s Sys=0.00s Real=0.02s
[354.999s][info][gc,marking  ] GC(598) Concurrent Mark 55.900ms
[354.999s][info][gc,marking  ] GC(598) Concurrent Rebuild Remembered Sets and Scrub Regions
[355.016s][info][gc,marking  ] GC(598) Concurrent Rebuild Remembered Sets and Scrub Regions 17.011ms
[355.016s][info][gc,start    ] GC(598) Pause Cleanup
[355.016s][info][gc          ] GC(598) Pause Cleanup 122M->122M(256M) 0.082ms
[355.016s][info][gc,cpu      ] GC(598) User=0.00s Sys=0.00s Real=0.00s
[355.016s][info][gc,marking  ] GC(598) Concurrent Clear Claimed Marks
[355.016s][info][gc,marking  ] GC(598) Concurrent Clear Claimed Marks 0.044ms
[355.016s][info][gc,marking  ] GC(598) Concurrent Cleanup for Next Mark
[355.017s][info][gc,marking  ] GC(598) Concurrent Cleanup for Next Mark 0.774ms
[355.017s][info][gc          ] GC(598) Concurrent Mark Cycle 82.900ms
[355.491s][info][gc,start    ] GC(599) Pause Young (Prepare Mixed) (G1 Evacuation Pause)
[355.491s][info][gc,task     ] GC(599) Using 2 workers of 2 for evacuation
[355.502s][info][gc,phases   ] GC(599)   Pre Evacuate Collection Set: 0.25ms
[355.502s][info][gc,phases   ] GC(599)   Merge Heap Roots: 0.14ms
[355.502s][info][gc,phases   ] GC(599)   Evacuate Collection Set: 10.11ms
[355.502s][info][gc,phases   ] GC(599)   Post Evacuate Collection Set: 0.39ms
[355.502s][info][gc,phases   ] GC(599)   Other: 0.09ms
[355.502s][info][gc,heap     ] GC(599) Eden regions: 101->0(124)
[355.502s][info][gc,heap     ] GC(599) Survivor regions: 11->12(14)
[355.502s][info][gc,heap     ] GC(599) Old regions: 90->90
[355.502s][info][gc,heap     ] GC(599) Humongous regions: 1->1
[355.502s][info][gc,metaspace] GC(599) Metaspace: 42802K(43264K)->42802K(43264K) NonClass: 38463K(38720K)->38463K(38720K) Class: 4339K(4544K)->4339K(4544K)
[355.502s][info][gc          ] GC(599) Pause Young (Prepare Mixed) (G1 Evacuation Pause) 202M->102M(256M) 11.221ms
[355.502s][info][gc,cpu      ] GC(599) User=0.02s Sys=0.00s Real=0.02s
[356.268s][info][gc,start    ] GC(600) Pause Young (Mixed) (G1 Evacuation Pause)
[356.268s][info][gc,task     ] GC(600) Using 2 workers of 2 for evacuation
[356.276s][info][gc,phases   ] GC(600)   Pre Evacuate Collection Set: 0.22ms
[356.276s][info][gc,phases   ] GC(600)   Merge Heap Roots: 0.07ms
[356.276s][info][gc,phases   ] GC(600)   Evacuate Collection Set: 7.02ms
[356.276s][info][gc,phases   ] GC(600)   Post Evacuate Collection Set: 0.42ms
[356.276s][info][gc,phases   ] GC(600)   Other: 0.08ms
[356.276s][info][gc,heap     ] GC(600) Eden regions: 124->0(146)
[356.276s][info][gc,heap     ] GC(600) Survivor regions: 12->7(17)
[356.276s][info][gc,heap     ] GC(600) Old regions: 90->67
[356.276s][info][gc,heap     ] GC(600) Humongous regions: 1->1
[356.276s][info][gc,metaspace] GC(600) Metaspace: 42802K(43264K)->42802K(43264K) NonClass: 38463K(38720K)->38463K(38720K) Class: 4339K(4544K)->4339K(4544K)
[356.276s][info][gc          ] GC(600) Pause Young (Mixed) (G1 Evacuation Pause) 226M->74M(256M) 8.021ms
[356.276s][info][gc,cpu      ] GC(600) User=0.02s Sys=0.00s Real=0.01s
[357.225s][info][gc,start    ] GC(601) Pause Young (Mixed) (G1 Evacuation Pause)
[357.225s][info][gc,task     ] GC(601) Using 2 workers of 2 for evacuation
[357.250s][info][gc,phases   ] GC(601)   Pre Evacuate Collection Set: 0.24ms
[357.250s][info][gc,phases   ] GC(601)   Merge Heap Roots: 0.09ms
[357.250s][info][gc,phases   ] GC(601)   Evacuate Collection Set: 23.93ms
[357.250s][info][gc,phases   ] GC(601)   Post Evacuate Collection Set: 0.44ms
[357.250s][info][gc,phases   ] GC(601)   Other: 0.11ms
[357.250s][info][gc,heap     ] GC(601) Eden regions: 146->0(133)
[357.250s][info][gc,heap     ] GC(601) Survivor regions: 7->20(20)
[357.250s][info][gc,heap     ] GC(601) Old regions: 67->46
[357.250s][info][gc,heap     ] GC(601) Humongous regions: 1->1
[357.250s][info][gc,metaspace] GC(601) Metaspace: 42802K(43264K)->42802K(43264K) NonClass: 38463K(38720K)->38463K(38720K) Class: 4339K(4544K)->4339K(4544K)
[357.250s][info][gc          ] GC(601) Pause Young (Mixed) (G1 Evacuation Pause) 220M->66M(256M) 25.049ms
[357.250s][info][gc,cpu      ] GC(601) User=0.05s Sys=0.00s Real=0.02s
[358.152s][info][gc,start    ] GC(602) Pause Young (Mixed) (G1 Evacuation Pause)
[358.152s][info][gc,task     ] GC(602) Using 2 workers of 2 for evacuation
[358.186s][info][gc,phases   ] GC(602)   Pre Evacuate Collection Set: 0.20ms
[358.186s][info][gc,phases   ] GC(602)   Merge Heap Roots: 0.12ms
[358.186s][info][gc,phases   ] GC(602)   Evacuate Collection Set: 33.58ms
[358.186s][info][gc,phases   ] GC(602)   Post Evacuate Collection Set: 0.47ms
[358.186s][info][gc,phases   ] GC(602)   Other: 0.11ms
[358.186s][info][gc,heap     ] GC(602) Eden regions: 133->0(141)
[358.186s][info][gc,heap     ] GC(602) Survivor regions: 20->12(20)
[358.186s][info][gc,heap     ] GC(602) Old regions: 46->60
[358.186s][info][gc,heap     ] GC(602) Humongous regions: 1->1
[358.186s][info][gc,metaspace] GC(602) Metaspace: 42802K(43264K)->42802K(43264K) NonClass: 38463K(38720K)->38463K(38720K) Class: 4339K(4544K)->4339K(4544K)
[358.186s][info][gc          ] GC(602) Pause Young (Mixed) (G1 Evacuation Pause) 199M->72M(256M) 34.751ms
[358.186s][info][gc,cpu      ] GC(602) User=0.07s Sys=0.00s Real=0.04s
[358.500s][info][gc,start    ] GC(603) Pause Young (Concurrent Start) (G1 Humongous Allocation)
[358.500s][info][gc,task     ] GC(603) Using 2 workers of 2 for evacuation
[358.516s][info][gc,phases   ] GC(603)   Pre Evacuate Collection Set: 0.21ms
[358.516s][info][gc,phases   ] GC(603)   Merge Heap Roots: 0.07ms
[358.516s][info][gc,phases   ] GC(603)   Evacuate Collection Set: 14.84ms
[358.516s][info][gc,phases   ] GC(603)   Post Evacuate Collection Set: 0.36ms
[358.516s][info][gc,phases   ] GC(603)   Other: 0.10ms
[358.516s][info][gc,heap     ] GC(603) Eden regions: 47->0(141)
[358.516s][info][gc,heap     ] GC(603) Survivor regions: 12->6(20)
[358.516s][info][gc,heap     ] GC(603) Old regions: 60->72
[358.516s][info][gc,heap     ] GC(603) Humongous regions: 1->1
[358.516s][info][gc,metaspace] GC(603) Metaspace: 42802K(43264K)->42802K(43264K) NonClass: 38463K(38720K)->38463K(38720K) Class: 4339K(4544K)->4339K(4544K)
[358.516s][info][gc          ] GC(603) Pause Young (Concurrent Start) (G1 Humongous Allocation) 118M->78M(256M) 15.789ms
[358.516s][info][gc,cpu      ] GC(603) User=0.03s Sys=0.00s Real=0.02s
[358.516s][info][gc          ] GC(604) Concurrent Mark Cycle
[358.516s][info][gc,marking  ] GC(604) Concurrent Scan Root Regions
[358.530s][info][gc,marking  ] GC(604) Concurrent Scan Root Regions 13.732ms
[358.530s][info][gc,marking  ] GC(604) Concurrent Mark
[358.530s][info][gc,marking  ] GC(604) Concurrent Mark From Roots
[358.530s][info][gc,task     ] GC(604) Using 1 workers of 1 for marking
[358.575s][info][gc,marking  ] GC(604) Concurrent Mark From Roots 44.883ms
[358.575s][info][gc,marking  ] GC(604) Concurrent Preclean
[358.575s][info][gc,marking  ] GC(604) Concurrent Preclean 0.038ms
[358.575s][info][gc,start    ] GC(604) Pause Remark
[358.593s][info][gc          ] GC(604) Pause Remark 89M->86M(256M) 18.048ms
[358.593s][info][gc,cpu      ] GC(604) User=0.04s Sys=0.00s Real=0.02s
[358.593s][info][gc,marking  ] GC(604) Concurrent Mark 63.305ms
[358.593s][info][gc,marking  ] GC(604) Concurrent Rebuild Remembered Sets and Scrub Regions
[358.622s][info][gc,marking  ] GC(604) Concurrent Rebuild Remembered Sets and Scrub Regions 29.187ms
[358.622s][info][gc,start    ] GC(604) Pause Cleanup
[358.622s][info][gc          ] GC(604) Pause Cleanup 91M->91M(256M) 0.056ms
[358.622s][info][gc,cpu      ] GC(604) User=0.00s Sys=0.00s Real=0.00s
[358.623s][info][gc,marking  ] GC(604) Concurrent Clear Claimed Marks
[358.623s][info][gc,marking  ] GC(604) Concurrent Clear Claimed Marks 0.041ms
[358.623s][info][gc,marking  ] GC(604) Concurrent Cleanup for Next Mark
[358.623s][info][gc,marking  ] GC(604) Concurrent Cleanup for Next Mark 0.818ms
[358.623s][info][gc          ] GC(604) Concurrent Mark Cycle 107.502ms
[359.418s][info][gc,start    ] GC(605) Pause Young (Prepare Mixed) (G1 Evacuation Pause)
[359.418s][info][gc,task     ] GC(605) Using 2 workers of 2 for evacuation
[359.435s][info][gc,phases   ] GC(605)   Pre Evacuate Collection Set: 0.18ms
[359.435s][info][gc,phases   ] GC(605)   Merge Heap Roots: 0.08ms
[359.435s][info][gc,phases   ] GC(605)   Evacuate Collection Set: 15.49ms
[359.435s][info][gc,phases   ] GC(605)   Post Evacuate Collection Set: 0.45ms
[359.435s][info][gc,phases   ] GC(605)   Other: 0.09ms
[359.435s][info][gc,heap     ] GC(605) Eden regions: 141->0(136)
[359.435s][info][gc,heap     ] GC(605) Survivor regions: 6->15(19)
[359.435s][info][gc,heap     ] GC(605) Old regions: 69->69
[359.435s][info][gc,heap     ] GC(605) Humongous regions: 2->2
[359.435s][info][gc,metaspace] GC(605) Metaspace: 42802K(43264K)->42802K(43264K) NonClass: 38463K(38720K)->38463K(38720K) Class: 4339K(4544K)->4339K(4544K)
[359.435s][info][gc          ] GC(605) Pause Young (Prepare Mixed) (G1 Evacuation Pause) 217M->85M(256M) 16.523ms
[359.435s][info][gc,cpu      ] GC(605) User=0.04s Sys=0.00s Real=0.02s
[360.323s][info][gc,start    ] GC(606) Pause Young (Mixed) (G1 Evacuation Pause)
[360.323s][info][gc,task     ] GC(606) Using 2 workers of 2 for evacuation
[360.357s][info][gc,phases   ] GC(606)   Pre Evacuate Collection Set: 0.21ms
[360.357s][info][gc,phases   ] GC(606)   Merge Heap Roots: 0.26ms
[360.357s][info][gc,phases   ] GC(606)   Evacuate Collection Set: 32.73ms
[360.357s][info][gc,phases   ] GC(606)   Post Evacuate Collection Set: 0.61ms
[360.357s][info][gc,phases   ] GC(606)   Other: 0.10ms
[360.357s][info][gc,heap     ] GC(606) Eden regions: 136->0(133)
[360.357s][info][gc,heap     ] GC(606) Survivor regions: 15->15(19)
[360.357s][info][gc,heap     ] GC(606) Old regions: 69->67
[360.357s][info][gc,heap     ] GC(606) Humongous regions: 6->4
[360.357s][info][gc,metaspace] GC(606) Metaspace: 42804K(43264K)->42804K(43264K) NonClass: 38465K(38720K)->38465K(38720K) Class: 4339K(4544K)->4339K(4544K)
[360.357s][info][gc          ] GC(606) Pause Young (Mixed) (G1 Evacuation Pause) 224M->85M(256M) 34.185ms
[360.357s][info][gc,cpu      ] GC(606) User=0.06s Sys=0.00s Real=0.03s
[360.626s][info][gc,start    ] GC(607) Pause Young (Concurrent Start) (G1 Humongous Allocation)
[360.626s][info][gc,task     ] GC(607) Using 2 workers of 2 for evacuation
[360.638s][info][gc,phases   ] GC(607)   Pre Evacuate Collection Set: 0.19ms
[360.638s][info][gc,phases   ] GC(607)   Merge Heap Roots: 0.06ms
[360.638s][info][gc,phases   ] GC(607)   Evacuate Collection Set: 11.37ms
[360.638s][info][gc,phases   ] GC(607)   Post Evacuate Collection Set: 0.40ms
[360.638s][info][gc,phases   ] GC(607)   Other: 0.09ms
[360.638s][info][gc,heap     ] GC(607) Eden regions: 57->0(139)
[360.638s][info][gc,heap     ] GC(607) Survivor regions: 15->2(19)
[360.638s][info][gc,heap     ] GC(607) Old regions: 67->81
[360.638s][info][gc,heap     ] GC(607) Humongous regions: 4->2
[360.639s][info][gc,metaspace] GC(607) Metaspace: 42804K(43264K)->42804K(43264K) NonClass: 38465K(38720K)->38465K(38720K) Class: 4339K(4544K)->4339K(4544K)
[360.639s][info][gc          ] GC(607) Pause Young (Concurrent Start) (G1 Humongous Allocation) 142M->84M(256M) 12.344ms
[360.639s][info][gc,cpu      ] GC(607) User=0.02s Sys=0.00s Real=0.01s
[360.639s][info][gc          ] GC(608) Concurrent Mark Cycle
[360.639s][info][gc,marking  ] GC(608) Concurrent Scan Root Regions
[360.653s][info][gc,marking  ] GC(608) Concurrent Scan Root Regions 13.853ms
[360.653s][info][gc,marking  ] GC(608) Concurrent Mark
[360.653s][info][gc,marking  ] GC(608) Concurrent Mark From Roots
[360.653s][info][gc,task     ] GC(608) Using 1 workers of 1 for marking
[360.699s][info][gc,marking  ] GC(608) Concurrent Mark From Roots 46.005ms
[360.699s][info][gc,marking  ] GC(608) Concurrent Preclean
[360.699s][info][gc,marking  ] GC(608) Concurrent Preclean 0.042ms
[360.699s][info][gc,start    ] GC(608) Pause Remark
[360.717s][info][gc          ] GC(608) Pause Remark 97M->82M(256M) 17.943ms
[360.717s][info][gc,cpu      ] GC(608) User=0.03s Sys=0.00s Real=0.02s
[360.717s][info][gc,marking  ] GC(608) Concurrent Mark 64.316ms
[360.717s][info][gc,marking  ] GC(608) Concurrent Rebuild Remembered Sets and Scrub Regions
[360.743s][info][gc,marking  ] GC(608) Concurrent Rebuild Remembered Sets and Scrub Regions 25.656ms
[360.743s][info][gc,start    ] GC(608) Pause Cleanup
[360.743s][info][gc          ] GC(608) Pause Cleanup 86M->86M(256M) 0.057ms
[360.743s][info][gc,cpu      ] GC(608) User=0.00s Sys=0.00s Real=0.00s
[360.743s][info][gc,marking  ] GC(608) Concurrent Clear Claimed Marks
[360.743s][info][gc,marking  ] GC(608) Concurrent Clear Claimed Marks 0.041ms
[360.743s][info][gc,marking  ] GC(608) Concurrent Cleanup for Next Mark
[360.744s][info][gc,marking  ] GC(608) Concurrent Cleanup for Next Mark 0.793ms
[360.744s][info][gc          ] GC(608) Concurrent Mark Cycle 105.122ms
[361.353s][info][gc,start    ] GC(609) Pause Young (Prepare Mixed) (G1 Evacuation Pause)
[361.353s][info][gc,task     ] GC(609) Using 2 workers of 2 for evacuation
[361.365s][info][gc,phases   ] GC(609)   Pre Evacuate Collection Set: 0.25ms
[361.365s][info][gc,phases   ] GC(609)   Merge Heap Roots: 0.09ms
[361.365s][info][gc,phases   ] GC(609)   Evacuate Collection Set: 10.63ms
[361.365s][info][gc,phases   ] GC(609)   Post Evacuate Collection Set: 0.45ms
[361.365s][info][gc,phases   ] GC(609)   Other: 0.10ms
[361.365s][info][gc,heap     ] GC(609) Eden regions: 139->0(141)
[361.365s][info][gc,heap     ] GC(609) Survivor regions: 2->11(18)
[361.365s][info][gc,heap     ] GC(609) Old regions: 67->67
[361.365s][info][gc,heap     ] GC(609) Humongous regions: 18->3
[361.365s][info][gc,metaspace] GC(609) Metaspace: 42804K(43264K)->42804K(43264K) NonClass: 38465K(38720K)->38465K(38720K) Class: 4339K(4544K)->4339K(4544K)
[361.365s][info][gc          ] GC(609) Pause Young (Prepare Mixed) (G1 Evacuation Pause) 225M->80M(256M) 11.764ms
[361.365s][info][gc,cpu      ] GC(609) User=0.03s Sys=0.01s Real=0.01s
[362.120s][info][gc,start    ] GC(610) Pause Young (Mixed) (G1 Evacuation Pause)
[362.120s][info][gc,task     ] GC(610) Using 2 workers of 2 for evacuation
[362.126s][info][gc,phases   ] GC(610)   Pre Evacuate Collection Set: 0.17ms
[362.126s][info][gc,phases   ] GC(610)   Merge Heap Roots: 0.10ms
[362.126s][info][gc,phases   ] GC(610)   Evacuate Collection Set: 5.19ms
[362.126s][info][gc,phases   ] GC(610)   Post Evacuate Collection Set: 0.44ms
[362.126s][info][gc,phases   ] GC(610)   Other: 0.15ms
[362.126s][info][gc,heap     ] GC(610) Eden regions: 141->0(149)
[362.126s][info][gc,heap     ] GC(610) Survivor regions: 11->4(19)
[362.126s][info][gc,heap     ] GC(610) Old regions: 67->50
[362.126s][info][gc,heap     ] GC(610) Humongous regions: 8->3
[362.126s][info][gc,metaspace] GC(610) Metaspace: 42804K(43264K)->42804K(43264K) NonClass: 38465K(38720K)->38465K(38720K) Class: 4339K(4544K)->4339K(4544K)
[362.126s][info][gc          ] GC(610) Pause Young (Mixed) (G1 Evacuation Pause) 226M->56M(256M) 6.242ms
[362.126s][info][gc,cpu      ] GC(610) User=0.01s Sys=0.00s Real=0.01s
[362.183s][info][gc,start    ] GC(611) Pause Young (Concurrent Start) (G1 Humongous Allocation)
[362.183s][info][gc,task     ] GC(611) Using 2 workers of 2 for evacuation
[362.186s][info][gc,phases   ] GC(611)   Pre Evacuate Collection Set: 0.20ms
[362.186s][info][gc,phases   ] GC(611)   Merge Heap Roots: 0.06ms
[362.186s][info][gc,phases   ] GC(611)   Evacuate Collection Set: 2.12ms
[362.186s][info][gc,phases   ] GC(611)   Post Evacuate Collection Set: 0.30ms
[362.186s][info][gc,phases   ] GC(611)   Other: 0.12ms
[362.186s][info][gc,heap     ] GC(611) Eden regions: 14->0(151)
[362.186s][info][gc,heap     ] GC(611) Survivor regions: 4->2(20)
[362.186s][info][gc,heap     ] GC(611) Old regions: 50->50
[362.186s][info][gc,heap     ] GC(611) Humongous regions: 3->1
[362.186s][info][gc,metaspace] GC(611) Metaspace: 42804K(43264K)->42804K(43264K) NonClass: 38465K(38720K)->38465K(38720K) Class: 4339K(4544K)->4339K(4544K)
[362.186s][info][gc          ] GC(611) Pause Young (Concurrent Start) (G1 Humongous Allocation) 70M->52M(256M) 2.968ms
[362.186s][info][gc,cpu      ] GC(611) User=0.00s Sys=0.00s Real=0.00s
[362.186s][info][gc          ] GC(612) Concurrent Mark Cycle
[362.186s][info][gc,marking  ] GC(612) Concurrent Scan Root Regions
[362.188s][info][gc,marking  ] GC(612) Concurrent Scan Root Regions 1.925ms
[362.188s][info][gc,marking  ] GC(612) Concurrent Mark
[362.188s][info][gc,marking  ] GC(612) Concurrent Mark From Roots
[362.188s][info][gc,task     ] GC(612) Using 1 workers of 1 for marking
[362.239s][info][gc,marking  ] GC(612) Concurrent Mark From Roots 51.213ms
[362.239s][info][gc,marking  ] GC(612) Concurrent Preclean
[362.239s][info][gc,marking  ] GC(612) Concurrent Preclean 0.039ms
[362.240s][info][gc,start    ] GC(612) Pause Remark
[362.257s][info][gc          ] GC(612) Pause Remark 65M->63M(256M) 17.125ms
[362.257s][info][gc,cpu      ] GC(612) User=0.03s Sys=0.00s Real=0.02s
[362.257s][info][gc,marking  ] GC(612) Concurrent Mark 68.695ms
[362.257s][info][gc,marking  ] GC(612) Concurrent Rebuild Remembered Sets and Scrub Regions
[362.279s][info][gc,marking  ] GC(612) Concurrent Rebuild Remembered Sets and Scrub Regions 22.450ms
[362.279s][info][gc,start    ] GC(612) Pause Cleanup
[362.279s][info][gc          ] GC(612) Pause Cleanup 69M->69M(256M) 0.046ms
[362.280s][info][gc,cpu      ] GC(612) User=0.00s Sys=0.00s Real=0.00s
[362.280s][info][gc,marking  ] GC(612) Concurrent Clear Claimed Marks
[362.280s][info][gc,marking  ] GC(612) Concurrent Clear Claimed Marks 0.039ms
[362.280s][info][gc,marking  ] GC(612) Concurrent Cleanup for Next Mark
[362.280s][info][gc,marking  ] GC(612) Concurrent Cleanup for Next Mark 0.765ms
[362.280s][info][gc          ] GC(612) Concurrent Mark Cycle 94.240ms
[362.855s][info][gc,start    ] GC(613) Pause Young (Prepare Mixed) (G1 Evacuation Pause)
[362.855s][info][gc,task     ] GC(613) Using 2 workers of 2 for evacuation
[362.875s][info][gc,phases   ] GC(613)   Pre Evacuate Collection Set: 0.20ms
[362.875s][info][gc,phases   ] GC(613)   Merge Heap Roots: 0.06ms
[362.875s][info][gc,phases   ] GC(613)   Evacuate Collection Set: 19.32ms
[362.875s][info][gc,phases   ] GC(613)   Post Evacuate Collection Set: 0.44ms
[362.875s][info][gc,phases   ] GC(613)   Other: 0.09ms
[362.875s][info][gc,heap     ] GC(613) Eden regions: 151->0(133)
[362.875s][info][gc,heap     ] GC(613) Survivor regions: 2->20(20)
[362.875s][info][gc,heap     ] GC(613) Old regions: 48->48
[362.875s][info][gc,heap     ] GC(613) Humongous regions: 7->3
[362.875s][info][gc,metaspace] GC(613) Metaspace: 42804K(43264K)->42804K(43264K) NonClass: 38465K(38720K)->38465K(38720K) Class: 4339K(4544K)->4339K(4544K)
[362.875s][info][gc          ] GC(613) Pause Young (Prepare Mixed) (G1 Evacuation Pause) 207M->70M(256M) 20.299ms
[362.875s][info][gc,cpu      ] GC(613) User=0.04s Sys=0.00s Real=0.02s
[363.500s][info][gc,start    ] GC(614) Pause Young (Mixed) (G1 Evacuation Pause)
[363.500s][info][gc,task     ] GC(614) Using 2 workers of 2 for evacuation
[363.510s][info][gc,phases   ] GC(614)   Pre Evacuate Collection Set: 0.18ms
[363.510s][info][gc,phases   ] GC(614)   Merge Heap Roots: 0.09ms
[363.511s][info][gc,phases   ] GC(614)   Evacuate Collection Set: 10.00ms
[363.511s][info][gc,phases   ] GC(614)   Post Evacuate Collection Set: 0.49ms
[363.511s][info][gc,phases   ] GC(614)   Other: 0.07ms
[363.511s][info][gc,heap     ] GC(614) Eden regions: 133->0(148)
[363.511s][info][gc,heap     ] GC(614) Survivor regions: 20->5(20)
[363.511s][info][gc,heap     ] GC(614) Old regions: 48->42
[363.511s][info][gc,heap     ] GC(614) Humongous regions: 9->3
[363.511s][info][gc,metaspace] GC(614) Metaspace: 42804K(43264K)->42804K(43264K) NonClass: 38465K(38720K)->38465K(38720K) Class: 4339K(4544K)->4339K(4544K)
[363.511s][info][gc          ] GC(614) Pause Young (Mixed) (G1 Evacuation Pause) 209M->50M(256M) 11.016ms
[363.511s][info][gc,cpu      ] GC(614) User=0.02s Sys=0.00s Real=0.01s
[363.522s][info][gc,start    ] GC(615) Pause Young (Concurrent Start) (G1 Humongous Allocation)
[363.522s][info][gc,task     ] GC(615) Using 2 workers of 2 for evacuation
[363.525s][info][gc,phases   ] GC(615)   Pre Evacuate Collection Set: 0.21ms
[363.525s][info][gc,phases   ] GC(615)   Merge Heap Roots: 0.05ms
[363.525s][info][gc,phases   ] GC(615)   Evacuate Collection Set: 2.15ms
[363.525s][info][gc,phases   ] GC(615)   Post Evacuate Collection Set: 0.26ms
[363.525s][info][gc,phases   ] GC(615)   Other: 0.10ms
[363.525s][info][gc,heap     ] GC(615) Eden regions: 2->0(151)
[363.525s][info][gc,heap     ] GC(615) Survivor regions: 5->2(20)
[363.525s][info][gc,heap     ] GC(615) Old regions: 42->42
[363.525s][info][gc,heap     ] GC(615) Humongous regions: 3->1
[363.525s][info][gc,metaspace] GC(615) Metaspace: 42804K(43264K)->42804K(43264K) NonClass: 38465K(38720K)->38465K(38720K) Class: 4339K(4544K)->4339K(4544K)
[363.525s][info][gc          ] GC(615) Pause Young (Concurrent Start) (G1 Humongous Allocation) 52M->44M(256M) 2.947ms
[363.525s][info][gc,cpu      ] GC(615) User=0.00s Sys=0.00s Real=0.01s
[363.525s][info][gc          ] GC(616) Concurrent Mark Cycle
[363.525s][info][gc,marking  ] GC(616) Concurrent Scan Root Regions
[363.529s][info][gc,marking  ] GC(616) Concurrent Scan Root Regions 3.984ms
[363.529s][info][gc,marking  ] GC(616) Concurrent Mark
[363.529s][info][gc,marking  ] GC(616) Concurrent Mark From Roots
[363.529s][info][gc,task     ] GC(616) Using 1 workers of 1 for marking
[363.579s][info][gc,marking  ] GC(616) Concurrent Mark From Roots 50.353ms
[363.579s][info][gc,marking  ] GC(616) Concurrent Preclean
[363.579s][info][gc,marking  ] GC(616) Concurrent Preclean 0.040ms
[363.579s][info][gc,start    ] GC(616) Pause Remark
[363.597s][info][gc          ] GC(616) Pause Remark 57M->57M(256M) 17.630ms
[363.597s][info][gc,cpu      ] GC(616) User=0.04s Sys=0.00s Real=0.02s
[363.597s][info][gc,marking  ] GC(616) Concurrent Mark 68.341ms
[363.597s][info][gc,marking  ] GC(616) Concurrent Rebuild Remembered Sets and Scrub Regions
[363.619s][info][gc,marking  ] GC(616) Concurrent Rebuild Remembered Sets and Scrub Regions 22.316ms
[363.620s][info][gc,start    ] GC(616) Pause Cleanup
[363.620s][info][gc          ] GC(616) Pause Cleanup 60M->60M(256M) 0.049ms
[363.620s][info][gc,cpu      ] GC(616) User=0.00s Sys=0.00s Real=0.00s
[363.620s][info][gc,marking  ] GC(616) Concurrent Clear Claimed Marks
[363.620s][info][gc,marking  ] GC(616) Concurrent Clear Claimed Marks 0.039ms
[363.620s][info][gc,marking  ] GC(616) Concurrent Cleanup for Next Mark
[363.621s][info][gc,marking  ] GC(616) Concurrent Cleanup for Next Mark 0.787ms
[363.621s][info][gc          ] GC(616) Concurrent Mark Cycle 95.814ms
[364.175s][info][gc,start    ] GC(617) Pause Young (Prepare Mixed) (G1 Evacuation Pause)
[364.175s][info][gc,task     ] GC(617) Using 2 workers of 2 for evacuation
[364.179s][info][gc,phases   ] GC(617)   Pre Evacuate Collection Set: 0.17ms
[364.179s][info][gc,phases   ] GC(617)   Merge Heap Roots: 0.06ms
[364.179s][info][gc,phases   ] GC(617)   Evacuate Collection Set: 3.36ms
[364.179s][info][gc,phases   ] GC(617)   Post Evacuate Collection Set: 0.42ms
[364.180s][info][gc,phases   ] GC(617)   Other: 0.09ms
[364.180s][info][gc,heap     ] GC(617) Eden regions: 151->0(150)
[364.180s][info][gc,heap     ] GC(617) Survivor regions: 2->3(20)
[364.180s][info][gc,heap     ] GC(617) Old regions: 42->42
[364.180s][info][gc,heap     ] GC(617) Humongous regions: 17->3
[364.180s][info][gc,metaspace] GC(617) Metaspace: 42804K(43264K)->42804K(43264K) NonClass: 38465K(38720K)->38465K(38720K) Class: 4339K(4544K)->4339K(4544K)
[364.180s][info][gc          ] GC(617) Pause Young (Prepare Mixed) (G1 Evacuation Pause) 211M->48M(256M) 4.284ms
[364.180s][info][gc,cpu      ] GC(617) User=0.01s Sys=0.00s Real=0.00s
[364.860s][info][gc,start    ] GC(618) Pause Young (Mixed) (G1 Evacuation Pause)
[364.861s][info][gc,task     ] GC(618) Using 2 workers of 2 for evacuation
[364.870s][info][gc,phases   ] GC(618)   Pre Evacuate Collection Set: 0.17ms
[364.870s][info][gc,phases   ] GC(618)   Merge Heap Roots: 0.13ms
[364.871s][info][gc,phases   ] GC(618)   Evacuate Collection Set: 9.03ms
[364.871s][info][gc,phases   ] GC(618)   Post Evacuate Collection Set: 0.53ms
[364.871s][info][gc,phases   ] GC(618)   Other: 0.08ms
[364.871s][info][gc,heap     ] GC(618) Eden regions: 150->0(150)
[364.871s][info][gc,heap     ] GC(618) Survivor regions: 3->3(20)
[364.871s][info][gc,heap     ] GC(618) Old regions: 42->40
[364.871s][info][gc,heap     ] GC(618) Humongous regions: 15->3
[364.871s][info][gc,metaspace] GC(618) Metaspace: 42804K(43264K)->42804K(43264K) NonClass: 38465K(38720K)->38465K(38720K) Class: 4339K(4544K)->4339K(4544K)
[364.871s][info][gc          ] GC(618) Pause Young (Mixed) (G1 Evacuation Pause) 210M->45M(256M) 10.156ms
[364.871s][info][gc,cpu      ] GC(618) User=0.02s Sys=0.01s Real=0.01s
[365.105s][info][gc,start    ] GC(619) Pause Young (Concurrent Start) (G1 Humongous Allocation)
[365.105s][info][gc,task     ] GC(619) Using 2 workers of 2 for evacuation
[365.109s][info][gc,phases   ] GC(619)   Pre Evacuate Collection Set: 0.23ms
[365.109s][info][gc,phases   ] GC(619)   Merge Heap Roots: 0.05ms
[365.109s][info][gc,phases   ] GC(619)   Evacuate Collection Set: 3.51ms
[365.109s][info][gc,phases   ] GC(619)   Post Evacuate Collection Set: 0.34ms
[365.109s][info][gc,phases   ] GC(619)   Other: 0.10ms
[365.109s][info][gc,heap     ] GC(619) Eden regions: 43->0(150)
[365.109s][info][gc,heap     ] GC(619) Survivor regions: 3->3(20)
[365.109s][info][gc,heap     ] GC(619) Old regions: 40->40
[365.109s][info][gc,heap     ] GC(619) Humongous regions: 3->1
[365.109s][info][gc,metaspace] GC(619) Metaspace: 42804K(43264K)->42804K(43264K) NonClass: 38465K(38720K)->38465K(38720K) Class: 4339K(4544K)->4339K(4544K)
[365.109s][info][gc          ] GC(619) Pause Young (Concurrent Start) (G1 Humongous Allocation) 88M->43M(256M) 4.416ms
[365.109s][info][gc,cpu      ] GC(619) User=0.01s Sys=0.00s Real=0.00s
[365.109s][info][gc          ] GC(620) Concurrent Mark Cycle
[365.109s][info][gc,marking  ] GC(620) Concurrent Scan Root Regions
[365.115s][info][gc,marking  ] GC(620) Concurrent Scan Root Regions 5.347ms
[365.115s][info][gc,marking  ] GC(620) Concurrent Mark
[365.115s][info][gc,marking  ] GC(620) Concurrent Mark From Roots
[365.115s][info][gc,task     ] GC(620) Using 1 workers of 1 for marking
[365.163s][info][gc,marking  ] GC(620) Concurrent Mark From Roots 47.658ms
[365.163s][info][gc,marking  ] GC(620) Concurrent Preclean
[365.163s][info][gc,marking  ] GC(620) Concurrent Preclean 0.041ms
[365.163s][info][gc,start    ] GC(620) Pause Remark
[365.179s][info][gc          ] GC(620) Pause Remark 51M->51M(256M) 16.674ms
[365.179s][info][gc,cpu      ] GC(620) User=0.03s Sys=0.01s Real=0.01s
[365.179s][info][gc,marking  ] GC(620) Concurrent Mark 64.634ms
[365.180s][info][gc,marking  ] GC(620) Concurrent Rebuild Remembered Sets and Scrub Regions
[365.198s][info][gc,marking  ] GC(620) Concurrent Rebuild Remembered Sets and Scrub Regions 18.945ms
[365.199s][info][gc,start    ] GC(620) Pause Cleanup
[365.199s][info][gc          ] GC(620) Pause Cleanup 51M->51M(256M) 0.071ms
[365.199s][info][gc,cpu      ] GC(620) User=0.00s Sys=0.00s Real=0.00s
[365.199s][info][gc,marking  ] GC(620) Concurrent Clear Claimed Marks
[365.199s][info][gc,marking  ] GC(620) Concurrent Clear Claimed Marks 0.054ms
[365.199s][info][gc,marking  ] GC(620) Concurrent Cleanup for Next Mark
[365.200s][info][gc,marking  ] GC(620) Concurrent Cleanup for Next Mark 0.820ms
[365.200s][info][gc          ] GC(620) Concurrent Mark Cycle 90.242ms
[365.919s][info][gc,start    ] GC(621) Pause Young (Prepare Mixed) (G1 Evacuation Pause)
[365.920s][info][gc,task     ] GC(621) Using 2 workers of 2 for evacuation
[365.947s][info][gc,phases   ] GC(621)   Pre Evacuate Collection Set: 0.17ms
[365.947s][info][gc,phases   ] GC(621)   Merge Heap Roots: 0.07ms
[365.947s][info][gc,phases   ] GC(621)   Evacuate Collection Set: 26.93ms
[365.947s][info][gc,phases   ] GC(621)   Post Evacuate Collection Set: 0.59ms
[365.947s][info][gc,phases   ] GC(621)   Other: 0.11ms
[365.947s][info][gc,heap     ] GC(621) Eden regions: 150->0(133)
[365.947s][info][gc,heap     ] GC(621) Survivor regions: 3->20(20)
[365.947s][info][gc,heap     ] GC(621) Old regions: 40->46
[365.947s][info][gc,heap     ] GC(621) Humongous regions: 5->3
[365.948s][info][gc,metaspace] GC(621) Metaspace: 42804K(43264K)->42804K(43264K) NonClass: 38465K(38720K)->38465K(38720K) Class: 4339K(4544K)->4339K(4544K)
[365.948s][info][gc          ] GC(621) Pause Young (Prepare Mixed) (G1 Evacuation Pause) 197M->68M(256M) 28.085ms
[365.948s][info][gc,cpu      ] GC(621) User=0.06s Sys=0.00s Real=0.03s
[366.678s][info][gc,start    ] GC(622) Pause Young (Mixed) (G1 Evacuation Pause)
[366.678s][info][gc,task     ] GC(622) Using 2 workers of 2 for evacuation
[366.723s][info][gc,phases   ] GC(622)   Pre Evacuate Collection Set: 0.21ms
[366.723s][info][gc,phases   ] GC(622)   Merge Heap Roots: 0.17ms
[366.723s][info][gc,phases   ] GC(622)   Evacuate Collection Set: 43.92ms
[366.723s][info][gc,phases   ] GC(622)   Post Evacuate Collection Set: 0.49ms
[366.723s][info][gc,phases   ] GC(622)   Other: 0.08ms
[366.723s][info][gc,heap     ] GC(622) Eden regions: 133->0(133)
[366.723s][info][gc,heap     ] GC(622) Survivor regions: 20->20(20)
[366.723s][info][gc,heap     ] GC(622) Old regions: 46->54
[366.723s][info][gc,heap     ] GC(622) Humongous regions: 3->3
[366.723s][info][gc,metaspace] GC(622) Metaspace: 42804K(43264K)->42804K(43264K) NonClass: 38465K(38720K)->38465K(38720K) Class: 4339K(4544K)->4339K(4544K)
[366.723s][info][gc          ] GC(622) Pause Young (Mixed) (G1 Evacuation Pause) 201M->76M(256M) 45.094ms
[366.723s][info][gc,cpu      ] GC(622) User=0.08s Sys=0.01s Real=0.05s
[366.841s][info][gc,start    ] GC(623) Pause Young (Concurrent Start) (G1 Humongous Allocation)
[366.841s][info][gc,task     ] GC(623) Using 2 workers of 2 for evacuation
[366.870s][info][gc,phases   ] GC(623)   Pre Evacuate Collection Set: 0.19ms
[366.870s][info][gc,phases   ] GC(623)   Merge Heap Roots: 0.13ms
[366.870s][info][gc,phases   ] GC(623)   Evacuate Collection Set: 28.87ms
[366.870s][info][gc,phases   ] GC(623)   Post Evacuate Collection Set: 0.45ms
[366.870s][info][gc,phases   ] GC(623)   Other: 0.13ms
[366.870s][info][gc,heap     ] GC(623) Eden regions: 25->0(129)
[366.870s][info][gc,heap     ] GC(623) Survivor regions: 20->6(20)
[366.870s][info][gc,heap     ] GC(623) Old regions: 54->75
[366.870s][info][gc,heap     ] GC(623) Humongous regions: 3->1
[366.870s][info][gc,metaspace] GC(623) Metaspace: 42804K(43264K)->42804K(43264K) NonClass: 38465K(38720K)->38465K(38720K) Class: 4339K(4544K)->4339K(4544K)
[366.870s][info][gc          ] GC(623) Pause Young (Concurrent Start) (G1 Humongous Allocation) (Evacuation Failure: Pinned) 101M->81M(256M) 29.980ms
[366.871s][info][gc,cpu      ] GC(623) User=0.06s Sys=0.00s Real=0.03s
[366.871s][info][gc          ] GC(624) Concurrent Mark Cycle
[366.871s][info][gc,marking  ] GC(624) Concurrent Scan Root Regions
[366.908s][info][gc,marking  ] GC(624) Concurrent Scan Root Regions 37.081ms
[366.908s][info][gc,marking  ] GC(624) Concurrent Mark
[366.908s][info][gc,marking  ] GC(624) Concurrent Mark From Roots
[366.908s][info][gc,task     ] GC(624) Using 1 workers of 1 for marking
[366.983s][info][gc,marking  ] GC(624) Concurrent Mark From Roots 75.606ms
[366.983s][info][gc,marking  ] GC(624) Concurrent Preclean
[366.983s][info][gc,marking  ] GC(624) Concurrent Preclean 0.038ms
[366.984s][info][gc,start    ] GC(624) Pause Remark
[367.002s][info][gc          ] GC(624) Pause Remark 109M->109M(256M) 18.110ms
[367.002s][info][gc,cpu      ] GC(624) User=0.03s Sys=0.00s Real=0.01s
[367.002s][info][gc,marking  ] GC(624) Concurrent Mark 94.072ms
[367.002s][info][gc,marking  ] GC(624) Concurrent Rebuild Remembered Sets and Scrub Regions
[367.056s][info][gc,marking  ] GC(624) Concurrent Rebuild Remembered Sets and Scrub Regions 54.471ms
[367.057s][info][gc,start    ] GC(624) Pause Cleanup
[367.057s][info][gc          ] GC(624) Pause Cleanup 118M->118M(256M) 0.051ms
[367.057s][info][gc,cpu      ] GC(624) User=0.00s Sys=0.00s Real=0.00s
[367.057s][info][gc,marking  ] GC(624) Concurrent Clear Claimed Marks
[367.057s][info][gc,marking  ] GC(624) Concurrent Clear Claimed Marks 0.043ms
[367.057s][info][gc,marking  ] GC(624) Concurrent Cleanup for Next Mark
[367.058s][info][gc,marking  ] GC(624) Concurrent Cleanup for Next Mark 0.811ms
[367.058s][info][gc          ] GC(624) Concurrent Mark Cycle 186.945ms
[367.504s][info][gc,start    ] GC(625) Pause Young (Prepare Mixed) (G1 Evacuation Pause)
[367.504s][info][gc,task     ] GC(625) Using 2 workers of 2 for evacuation
[367.540s][info][gc,phases   ] GC(625)   Pre Evacuate Collection Set: 0.21ms
[367.540s][info][gc,phases   ] GC(625)   Merge Heap Roots: 0.14ms
[367.540s][info][gc,phases   ] GC(625)   Evacuate Collection Set: 34.89ms
[367.540s][info][gc,phases   ] GC(625)   Post Evacuate Collection Set: 0.67ms
[367.540s][info][gc,phases   ] GC(625)   Other: 0.11ms
[367.540s][info][gc,heap     ] GC(625) Eden regions: 129->0(120)
[367.540s][info][gc,heap     ] GC(625) Survivor regions: 6->17(17)
[367.540s][info][gc,heap     ] GC(625) Old regions: 75->74
[367.541s][info][gc,heap     ] GC(625) Humongous regions: 5->3
[367.541s][info][gc,metaspace] GC(625) Metaspace: 42804K(43264K)->42804K(43264K) NonClass: 38465K(38720K)->38465K(38720K) Class: 4339K(4544K)->4339K(4544K)
[367.541s][info][gc          ] GC(625) Pause Young (Prepare Mixed) (G1 Evacuation Pause) 214M->94M(256M) 36.270ms
[367.541s][info][gc,cpu      ] GC(625) User=0.04s Sys=0.01s Real=0.03s
[368.054s][info][gc,start    ] GC(626) Pause Young (Mixed) (G1 Evacuation Pause)
[368.054s][info][gc,task     ] GC(626) Using 2 workers of 2 for evacuation
[368.081s][info][gc,phases   ] GC(626)   Pre Evacuate Collection Set: 0.23ms
[368.081s][info][gc,phases   ] GC(626)   Merge Heap Roots: 0.40ms
[368.081s][info][gc,phases   ] GC(626)   Evacuate Collection Set: 25.44ms
[368.081s][info][gc,phases   ] GC(626)   Post Evacuate Collection Set: 0.55ms
[368.081s][info][gc,phases   ] GC(626)   Other: 0.10ms
[368.081s][info][gc,heap     ] GC(626) Eden regions: 120->0(132)
[368.081s][info][gc,heap     ] GC(626) Survivor regions: 17->5(18)
[368.081s][info][gc,heap     ] GC(626) Old regions: 74->78
[368.081s][info][gc,heap     ] GC(626) Humongous regions: 11->3
[368.081s][info][gc,metaspace] GC(626) Metaspace: 42804K(43264K)->42804K(43264K) NonClass: 38465K(38720K)->38465K(38720K) Class: 4339K(4544K)->4339K(4544K)
[368.081s][info][gc          ] GC(626) Pause Young (Mixed) (G1 Evacuation Pause) 222M->86M(256M) 26.918ms
[368.081s][info][gc,cpu      ] GC(626) User=0.05s Sys=0.01s Real=0.02s
[368.091s][info][gc,start    ] GC(627) Pause Young (Concurrent Start) (G1 Humongous Allocation)
[368.091s][info][gc,task     ] GC(627) Using 2 workers of 2 for evacuation
[368.094s][info][gc,phases   ] GC(627)   Pre Evacuate Collection Set: 0.17ms
[368.094s][info][gc,phases   ] GC(627)   Merge Heap Roots: 0.05ms
[368.094s][info][gc,phases   ] GC(627)   Evacuate Collection Set: 1.59ms
[368.094s][info][gc,phases   ] GC(627)   Post Evacuate Collection Set: 0.34ms
[368.094s][info][gc,phases   ] GC(627)   Other: 0.11ms
[368.094s][info][gc,heap     ] GC(627) Eden regions: 3->0(137)
[368.094s][info][gc,heap     ] GC(627) Survivor regions: 5->2(18)
[368.094s][info][gc,heap     ] GC(627) Old regions: 78->78
[368.094s][info][gc,heap     ] GC(627) Humongous regions: 3->1
[368.094s][info][gc,metaspace] GC(627) Metaspace: 42804K(43264K)->42804K(43264K) NonClass: 38465K(38720K)->38465K(38720K) Class: 4339K(4544K)->4339K(4544K)
[368.094s][info][gc          ] GC(627) Pause Young (Concurrent Start) (G1 Humongous Allocation) 88M->80M(256M) 2.480ms
[368.094s][info][gc,cpu      ] GC(627) User=0.01s Sys=0.00s Real=0.01s
[368.094s][info][gc          ] GC(628) Concurrent Mark Cycle
[368.094s][info][gc,marking  ] GC(628) Concurrent Scan Root Regions
[368.101s][info][gc,marking  ] GC(628) Concurrent Scan Root Regions 6.476ms
[368.101s][info][gc,marking  ] GC(628) Concurrent Mark
[368.101s][info][gc,marking  ] GC(628) Concurrent Mark From Roots
[368.101s][info][gc,task     ] GC(628) Using 1 workers of 1 for marking
[368.169s][info][gc,marking  ] GC(628) Concurrent Mark From Roots 68.300ms
[368.169s][info][gc,marking  ] GC(628) Concurrent Preclean
[368.169s][info][gc,marking  ] GC(628) Concurrent Preclean 0.041ms
[368.169s][info][gc,start    ] GC(628) Pause Remark
[368.186s][info][gc          ] GC(628) Pause Remark 100M->87M(256M) 16.837ms
[368.186s][info][gc,cpu      ] GC(628) User=0.03s Sys=0.00s Real=0.02s
[368.188s][info][gc,marking  ] GC(628) Concurrent Mark 87.624ms
[368.188s][info][gc,marking  ] GC(628) Concurrent Rebuild Remembered Sets and Scrub Regions
[368.210s][info][gc,marking  ] GC(628) Concurrent Rebuild Remembered Sets and Scrub Regions 21.610ms
[368.210s][info][gc,start    ] GC(628) Pause Cleanup
[368.210s][info][gc          ] GC(628) Pause Cleanup 90M->90M(256M) 0.074ms
[368.210s][info][gc,cpu      ] GC(628) User=0.00s Sys=0.00s Real=0.00s
[368.210s][info][gc,marking  ] GC(628) Concurrent Clear Claimed Marks
[368.210s][info][gc,marking  ] GC(628) Concurrent Clear Claimed Marks 0.046ms
[368.210s][info][gc,marking  ] GC(628) Concurrent Cleanup for Next Mark
[368.211s][info][gc,marking  ] GC(628) Concurrent Cleanup for Next Mark 0.768ms
[368.211s][info][gc          ] GC(628) Concurrent Mark Cycle 116.991ms
[368.737s][info][gc,start    ] GC(629) Pause Young (Prepare Mixed) (G1 Evacuation Pause)
[368.737s][info][gc,task     ] GC(629) Using 2 workers of 2 for evacuation
[368.755s][info][gc,phases   ] GC(629)   Pre Evacuate Collection Set: 0.20ms
[368.756s][info][gc,phases   ] GC(629)   Merge Heap Roots: 0.07ms
[368.756s][info][gc,phases   ] GC(629)   Evacuate Collection Set: 17.47ms
[368.756s][info][gc,phases   ] GC(629)   Post Evacuate Collection Set: 0.46ms
[368.756s][info][gc,phases   ] GC(629)   Other: 0.14ms
[368.756s][info][gc,heap     ] GC(629) Eden regions: 137->0(135)
[368.756s][info][gc,heap     ] GC(629) Survivor regions: 2->14(18)
[368.756s][info][gc,heap     ] GC(629) Old regions: 65->65
[368.756s][info][gc,heap     ] GC(629) Humongous regions: 5->3
[368.756s][info][gc,metaspace] GC(629) Metaspace: 42804K(43264K)->42804K(43264K) NonClass: 38465K(38720K)->38465K(38720K) Class: 4339K(4544K)->4339K(4544K)
[368.756s][info][gc          ] GC(629) Pause Young (Prepare Mixed) (G1 Evacuation Pause) 208M->81M(256M) 18.543ms
[368.756s][info][gc,cpu      ] GC(629) User=0.03s Sys=0.00s Real=0.02s
[369.413s][info][gc,start    ] GC(630) Pause Young (Mixed) (G1 Evacuation Pause)
[369.413s][info][gc,task     ] GC(630) Using 2 workers of 2 for evacuation
[369.417s][info][gc,phases   ] GC(630)   Pre Evacuate Collection Set: 0.19ms
[369.417s][info][gc,phases   ] GC(630)   Merge Heap Roots: 0.07ms
[369.417s][info][gc,phases   ] GC(630)   Evacuate Collection Set: 3.54ms
[369.418s][info][gc,phases   ] GC(630)   Post Evacuate Collection Set: 0.44ms
[369.418s][info][gc,phases   ] GC(630)   Other: 0.12ms
[369.418s][info][gc,heap     ] GC(630) Eden regions: 135->0(150)
[369.418s][info][gc,heap     ] GC(630) Survivor regions: 14->3(19)
[369.418s][info][gc,heap     ] GC(630) Old regions: 65->48
[369.418s][info][gc,heap     ] GC(630) Humongous regions: 11->3
[369.418s][info][gc,metaspace] GC(630) Metaspace: 42804K(43264K)->42804K(43264K) NonClass: 38465K(38720K)->38465K(38720K) Class: 4339K(4544K)->4339K(4544K)
[369.418s][info][gc          ] GC(630) Pause Young (Mixed) (G1 Evacuation Pause) 224M->52M(256M) 4.559ms
[369.418s][info][gc,cpu      ] GC(630) User=0.01s Sys=0.00s Real=0.00s
[369.622s][info][gc,start    ] GC(631) Pause Young (Concurrent Start) (G1 Humongous Allocation)
[369.622s][info][gc,task     ] GC(631) Using 2 workers of 2 for evacuation
[369.624s][info][gc,phases   ] GC(631)   Pre Evacuate Collection Set: 0.18ms
[369.624s][info][gc,phases   ] GC(631)   Merge Heap Roots: 0.05ms
[369.624s][info][gc,phases   ] GC(631)   Evacuate Collection Set: 1.80ms
[369.624s][info][gc,phases   ] GC(631)   Post Evacuate Collection Set: 0.31ms
[369.624s][info][gc,phases   ] GC(631)   Other: 0.10ms
[369.624s][info][gc,heap     ] GC(631) Eden regions: 56->0(151)
[369.624s][info][gc,heap     ] GC(631) Survivor regions: 3->2(20)
[369.624s][info][gc,heap     ] GC(631) Old regions: 48->48
[369.624s][info][gc,heap     ] GC(631) Humongous regions: 3->1
[369.624s][info][gc,metaspace] GC(631) Metaspace: 42804K(43264K)->42804K(43264K) NonClass: 38465K(38720K)->38465K(38720K) Class: 4339K(4544K)->4339K(4544K)
[369.624s][info][gc          ] GC(631) Pause Young (Concurrent Start) (G1 Humongous Allocation) 108M->50M(256M) 2.594ms
[369.624s][info][gc,cpu      ] GC(631) User=0.00s Sys=0.00s Real=0.01s
[369.624s][info][gc          ] GC(632) Concurrent Mark Cycle
[369.624s][info][gc,marking  ] GC(632) Concurrent Scan Root Regions
[369.626s][info][gc,marking  ] GC(632) Concurrent Scan Root Regions 1.889ms
[369.626s][info][gc,marking  ] GC(632) Concurrent Mark
[369.626s][info][gc,marking  ] GC(632) Concurrent Mark From Roots
[369.626s][info][gc,task     ] GC(632) Using 1 workers of 1 for marking
[369.691s][info][gc,marking  ] GC(632) Concurrent Mark From Roots 64.317ms
[369.691s][info][gc,marking  ] GC(632) Concurrent Preclean
[369.691s][info][gc,marking  ] GC(632) Concurrent Preclean 0.039ms
[369.691s][info][gc,start    ] GC(632) Pause Remark
[369.707s][info][gc          ] GC(632) Pause Remark 71M->71M(256M) 16.479ms
[369.707s][info][gc,cpu      ] GC(632) User=0.03s Sys=0.00s Real=0.02s
[369.707s][info][gc,marking  ] GC(632) Concurrent Mark 81.141ms
[369.707s][info][gc,marking  ] GC(632) Concurrent Rebuild Remembered Sets and Scrub Regions
[369.730s][info][gc,marking  ] GC(632) Concurrent Rebuild Remembered Sets and Scrub Regions 22.498ms
[369.730s][info][gc,start    ] GC(632) Pause Cleanup
[369.730s][info][gc          ] GC(632) Pause Cleanup 77M->77M(256M) 0.046ms
[369.730s][info][gc,cpu      ] GC(632) User=0.00s Sys=0.00s Real=0.00s
[369.730s][info][gc,marking  ] GC(632) Concurrent Clear Claimed Marks
[369.730s][info][gc,marking  ] GC(632) Concurrent Clear Claimed Marks 0.040ms
[369.730s][info][gc,marking  ] GC(632) Concurrent Cleanup for Next Mark
[369.731s][info][gc,marking  ] GC(632) Concurrent Cleanup for Next Mark 0.781ms
[369.731s][info][gc          ] GC(632) Concurrent Mark Cycle 106.696ms
[370.302s][info][gc,start    ] GC(633) Pause Young (Prepare Mixed) (G1 Evacuation Pause)
[370.302s][info][gc,task     ] GC(633) Using 2 workers of 2 for evacuation
[370.314s][info][gc,phases   ] GC(633)   Pre Evacuate Collection Set: 0.18ms
[370.314s][info][gc,phases   ] GC(633)   Merge Heap Roots: 0.07ms
[370.314s][info][gc,phases   ] GC(633)   Evacuate Collection Set: 11.24ms
[370.314s][info][gc,phases   ] GC(633)   Post Evacuate Collection Set: 0.46ms
[370.314s][info][gc,phases   ] GC(633)   Other: 0.09ms
[370.314s][info][gc,heap     ] GC(633) Eden regions: 151->0(142)
[370.314s][info][gc,heap     ] GC(633) Survivor regions: 2->11(20)
[370.314s][info][gc,heap     ] GC(633) Old regions: 48->48
[370.314s][info][gc,heap     ] GC(633) Humongous regions: 5->3
[370.314s][info][gc,metaspace] GC(633) Metaspace: 42805K(43264K)->42805K(43264K) NonClass: 38465K(38720K)->38465K(38720K) Class: 4339K(4544K)->4339K(4544K)
[370.314s][info][gc          ] GC(633) Pause Young (Prepare Mixed) (G1 Evacuation Pause) 205M->60M(256M) 12.262ms
[370.314s][info][gc,cpu      ] GC(633) User=0.03s Sys=0.00s Real=0.02s
[370.913s][info][gc,start    ] GC(634) Pause Young (Mixed) (G1 Evacuation Pause)
[370.913s][info][gc,task     ] GC(634) Using 2 workers of 2 for evacuation
[370.930s][info][gc,phases   ] GC(634)   Pre Evacuate Collection Set: 0.17ms
[370.930s][info][gc,phases   ] GC(634)   Merge Heap Roots: 0.06ms
[370.930s][info][gc,phases   ] GC(634)   Evacuate Collection Set: 15.88ms
[370.930s][info][gc,phases   ] GC(634)   Post Evacuate Collection Set: 0.50ms
[370.930s][info][gc,phases   ] GC(634)   Other: 0.08ms
[370.930s][info][gc,heap     ] GC(634) Eden regions: 142->0(134)
[370.930s][info][gc,heap     ] GC(634) Survivor regions: 11->19(20)
[370.930s][info][gc,heap     ] GC(634) Old regions: 48->45
[370.930s][info][gc,heap     ] GC(634) Humongous regions: 9->3
[370.930s][info][gc,metaspace] GC(634) Metaspace: 42805K(43264K)->42805K(43264K) NonClass: 38465K(38720K)->38465K(38720K) Class: 4339K(4544K)->4339K(4544K)
[370.930s][info][gc          ] GC(634) Pause Young (Mixed) (G1 Evacuation Pause) 208M->66M(256M) 16.932ms
[370.930s][info][gc,cpu      ] GC(634) User=0.03s Sys=0.00s Real=0.01s
[371.391s][info][gc,start    ] GC(635) Pause Young (Concurrent Start) (G1 Evacuation Pause)
[371.391s][info][gc,task     ] GC(635) Using 2 workers of 2 for evacuation
[371.432s][info][gc,phases   ] GC(635)   Pre Evacuate Collection Set: 0.20ms
[371.432s][info][gc,phases   ] GC(635)   Merge Heap Roots: 0.06ms
[371.432s][info][gc,phases   ] GC(635)   Evacuate Collection Set: 39.70ms
[371.432s][info][gc,phases   ] GC(635)   Post Evacuate Collection Set: 0.62ms
[371.432s][info][gc,phases   ] GC(635)   Other: 0.13ms
[371.432s][info][gc,heap     ] GC(635) Eden regions: 134->0(123)
[371.432s][info][gc,heap     ] GC(635) Survivor regions: 19->20(20)
[371.432s][info][gc,heap     ] GC(635) Old regions: 45->65
[371.432s][info][gc,heap     ] GC(635) Humongous regions: 3->3
[371.432s][info][gc,metaspace] GC(635) Metaspace: 42805K(43264K)->42805K(43264K) NonClass: 38465K(38720K)->38465K(38720K) Class: 4339K(4544K)->4339K(4544K)
[371.432s][info][gc          ] GC(635) Pause Young (Concurrent Start) (G1 Evacuation Pause) 200M->88M(256M) 40.960ms
[371.432s][info][gc,cpu      ] GC(635) User=0.08s Sys=0.00s Real=0.04s
[371.432s][info][gc          ] GC(636) Concurrent Mark Cycle
[371.432s][info][gc,marking  ] GC(636) Concurrent Scan Root Regions
[371.465s][info][gc,marking  ] GC(636) Concurrent Scan Root Regions 33.308ms
[371.465s][info][gc,marking  ] GC(636) Concurrent Mark
[371.465s][info][gc,marking  ] GC(636) Concurrent Mark From Roots
[371.465s][info][gc,task     ] GC(636) Using 1 workers of 1 for marking
[371.542s][info][gc,marking  ] GC(636) Concurrent Mark From Roots 77.069ms
[371.542s][info][gc,marking  ] GC(636) Concurrent Preclean
[371.542s][info][gc,marking  ] GC(636) Concurrent Preclean 0.046ms
[371.543s][info][gc,start    ] GC(636) Pause Remark
[371.560s][info][gc          ] GC(636) Pause Remark 105M->105M(256M) 16.971ms
[371.560s][info][gc,cpu      ] GC(636) User=0.03s Sys=0.00s Real=0.01s
[371.560s][info][gc,marking  ] GC(636) Concurrent Mark 94.388ms
[371.560s][info][gc,marking  ] GC(636) Concurrent Rebuild Remembered Sets and Scrub Regions
[371.614s][info][gc,marking  ] GC(636) Concurrent Rebuild Remembered Sets and Scrub Regions 54.298ms
[371.614s][info][gc,start    ] GC(636) Pause Cleanup
[371.614s][info][gc          ] GC(636) Pause Cleanup 115M->115M(256M) 0.052ms
[371.614s][info][gc,cpu      ] GC(636) User=0.00s Sys=0.00s Real=0.00s
[371.614s][info][gc,marking  ] GC(636) Concurrent Clear Claimed Marks
[371.614s][info][gc,marking  ] GC(636) Concurrent Clear Claimed Marks 0.040ms
[371.614s][info][gc,marking  ] GC(636) Concurrent Cleanup for Next Mark
[371.617s][info][gc,marking  ] GC(636) Concurrent Cleanup for Next Mark 2.527ms
[371.617s][info][gc          ] GC(636) Concurrent Mark Cycle 185.116ms
[372.154s][info][gc,start    ] GC(637) Pause Young (Prepare Mixed) (G1 Evacuation Pause)
[372.154s][info][gc,task     ] GC(637) Using 2 workers of 2 for evacuation
[372.225s][info][gc,phases   ] GC(637)   Pre Evacuate Collection Set: 0.19ms
[372.225s][info][gc,phases   ] GC(637)   Merge Heap Roots: 0.23ms
[372.225s][info][gc,phases   ] GC(637)   Evacuate Collection Set: 70.66ms
[372.225s][info][gc,phases   ] GC(637)   Post Evacuate Collection Set: 0.50ms
[372.225s][info][gc,phases   ] GC(637)   Other: 0.09ms
[372.225s][info][gc,heap     ] GC(637) Eden regions: 123->0(90)
[372.225s][info][gc,heap     ] GC(637) Survivor regions: 20->18(18)
[372.225s][info][gc,heap     ] GC(637) Old regions: 65->102
[372.225s][info][gc,heap     ] GC(637) Humongous regions: 3->3
[372.225s][info][gc,metaspace] GC(637) Metaspace: 42805K(43264K)->42805K(43264K) NonClass: 38465K(38720K)->38465K(38720K) Class: 4339K(4544K)->4339K(4544K)
[372.225s][info][gc          ] GC(637) Pause Young (Prepare Mixed) (G1 Evacuation Pause) 211M->123M(266M) 71.877ms
[372.225s][info][gc,cpu      ] GC(637) User=0.14s Sys=0.00s Real=0.07s
[372.739s][info][gc,start    ] GC(638) Pause Young (Mixed) (G1 Evacuation Pause)
[372.739s][info][gc,task     ] GC(638) Using 2 workers of 2 for evacuation
[372.800s][info][gc,phases   ] GC(638)   Pre Evacuate Collection Set: 0.20ms
[372.800s][info][gc,phases   ] GC(638)   Merge Heap Roots: 0.31ms
[372.800s][info][gc,phases   ] GC(638)   Evacuate Collection Set: 59.58ms
[372.800s][info][gc,phases   ] GC(638)   Post Evacuate Collection Set: 0.45ms
[372.800s][info][gc,phases   ] GC(638)   Other: 0.09ms
[372.800s][info][gc,heap     ] GC(638) Eden regions: 90->0(74)
[372.800s][info][gc,heap     ] GC(638) Survivor regions: 18->14(14)
[372.800s][info][gc,heap     ] GC(638) Old regions: 102->128
[372.800s][info][gc,heap     ] GC(638) Humongous regions: 3->3
[372.800s][info][gc,metaspace] GC(638) Metaspace: 42805K(43264K)->42805K(43264K) NonClass: 38465K(38720K)->38465K(38720K) Class: 4339K(4544K)->4339K(4544K)
[372.800s][info][gc          ] GC(638) Pause Young (Mixed) (G1 Evacuation Pause) 213M->145M(266M) 60.886ms
[372.800s][info][gc,cpu      ] GC(638) User=0.12s Sys=0.00s Real=0.06s
[373.099s][info][gc,start    ] GC(639) Pause Young (Concurrent Start) (G1 Humongous Allocation)
[373.100s][info][gc,task     ] GC(639) Using 2 workers of 2 for evacuation
[373.138s][info][gc,phases   ] GC(639)   Pre Evacuate Collection Set: 0.17ms
[373.138s][info][gc,phases   ] GC(639)   Merge Heap Roots: 0.20ms
[373.138s][info][gc,phases   ] GC(639)   Evacuate Collection Set: 37.42ms
[373.138s][info][gc,phases   ] GC(639)   Post Evacuate Collection Set: 0.43ms
[373.138s][info][gc,phases   ] GC(639)   Other: 0.10ms
[373.138s][info][gc,heap     ] GC(639) Eden regions: 52->0(65)
[373.138s][info][gc,heap     ] GC(639) Survivor regions: 14->11(11)
[373.138s][info][gc,heap     ] GC(639) Old regions: 128->146
[373.138s][info][gc,heap     ] GC(639) Humongous regions: 3->1
[373.138s][info][gc,metaspace] GC(639) Metaspace: 42805K(43264K)->42805K(43264K) NonClass: 38465K(38720K)->38465K(38720K) Class: 4339K(4544K)->4339K(4544K)
[373.138s][info][gc          ] GC(639) Pause Young (Concurrent Start) (G1 Humongous Allocation) 196M->158M(266M) 38.518ms
[373.138s][info][gc,cpu      ] GC(639) User=0.07s Sys=0.00s Real=0.04s
[373.138s][info][gc          ] GC(640) Concurrent Mark Cycle
[373.138s][info][gc,marking  ] GC(640) Concurrent Scan Root Regions
[373.189s][info][gc,marking  ] GC(640) Concurrent Scan Root Regions 50.711ms
[373.189s][info][gc,marking  ] GC(640) Concurrent Mark
[373.189s][info][gc,marking  ] GC(640) Concurrent Mark From Roots
[373.189s][info][gc,task     ] GC(640) Using 1 workers of 1 for marking
[373.306s][info][gc,marking  ] GC(640) Concurrent Mark From Roots 117.094ms
[373.306s][info][gc,marking  ] GC(640) Concurrent Preclean
[373.306s][info][gc,marking  ] GC(640) Concurrent Preclean 0.038ms
[373.306s][info][gc,start    ] GC(640) Pause Remark
[373.323s][info][gc          ] GC(640) Pause Remark 200M->200M(267M) 16.967ms
[373.323s][info][gc,cpu      ] GC(640) User=0.04s Sys=0.00s Real=0.02s
[373.325s][info][gc,marking  ] GC(640) Concurrent Mark 136.377ms
[373.325s][info][gc,marking  ] GC(640) Concurrent Rebuild Remembered Sets and Scrub Regions
[373.401s][info][gc,marking  ] GC(640) Concurrent Rebuild Remembered Sets and Scrub Regions 75.578ms
[373.401s][info][gc,start    ] GC(640) Pause Cleanup
[373.401s][info][gc          ] GC(640) Pause Cleanup 212M->212M(267M) 0.080ms
[373.401s][info][gc,cpu      ] GC(640) User=0.00s Sys=0.00s Real=0.00s
[373.401s][info][gc,marking  ] GC(640) Concurrent Clear Claimed Marks
[373.401s][info][gc,marking  ] GC(640) Concurrent Clear Claimed Marks 0.053ms
[373.401s][info][gc,marking  ] GC(640) Concurrent Cleanup for Next Mark
[373.402s][info][gc,marking  ] GC(640) Concurrent Cleanup for Next Mark 0.873ms
[373.402s][info][gc          ] GC(640) Concurrent Mark Cycle 264.041ms
[373.465s][info][gc,start    ] GC(641) Pause Young (Prepare Mixed) (G1 Evacuation Pause)
[373.465s][info][gc,task     ] GC(641) Using 2 workers of 2 for evacuation
[373.506s][info][gc,phases   ] GC(641)   Pre Evacuate Collection Set: 0.21ms
[373.506s][info][gc,phases   ] GC(641)   Merge Heap Roots: 0.28ms
[373.506s][info][gc,phases   ] GC(641)   Evacuate Collection Set: 39.65ms
[373.506s][info][gc,phases   ] GC(641)   Post Evacuate Collection Set: 0.44ms
[373.506s][info][gc,phases   ] GC(641)   Other: 0.07ms
[373.506s][info][gc,heap     ] GC(641) Eden regions: 65->0(59)
[373.506s][info][gc,heap     ] GC(641) Survivor regions: 11->10(10)
[373.506s][info][gc,heap     ] GC(641) Old regions: 146->159
[373.506s][info][gc,heap     ] GC(641) Humongous regions: 3->3
[373.506s][info][gc,metaspace] GC(641) Metaspace: 42805K(43264K)->42805K(43264K) NonClass: 38465K(38720K)->38465K(38720K) Class: 4339K(4544K)->4339K(4544K)
[373.506s][info][gc          ] GC(641) Pause Young (Prepare Mixed) (G1 Evacuation Pause) 225M->172M(267M) 40.873ms
[373.506s][info][gc,cpu      ] GC(641) User=0.05s Sys=0.00s Real=0.04s
[373.792s][info][gc,start    ] GC(642) Pause Young (Mixed) (G1 Evacuation Pause)
[373.792s][info][gc,task     ] GC(642) Using 2 workers of 2 for evacuation
[373.812s][info][gc,phases   ] GC(642)   Pre Evacuate Collection Set: 0.20ms
[373.812s][info][gc,phases   ] GC(642)   Merge Heap Roots: 0.21ms
[373.812s][info][gc,phases   ] GC(642)   Evacuate Collection Set: 18.85ms
[373.812s][info][gc,phases   ] GC(642)   Post Evacuate Collection Set: 0.43ms
[373.812s][info][gc,phases   ] GC(642)   Other: 0.12ms
[373.812s][info][gc,heap     ] GC(642) Eden regions: 59->0(73)
[373.812s][info][gc,heap     ] GC(642) Survivor regions: 10->7(9)
[373.812s][info][gc,heap     ] GC(642) Old regions: 159->141
[373.812s][info][gc,heap     ] GC(642) Humongous regions: 7->3
[373.812s][info][gc,metaspace] GC(642) Metaspace: 42805K(43264K)->42805K(43264K) NonClass: 38465K(38720K)->38465K(38720K) Class: 4339K(4544K)->4339K(4544K)
[373.812s][info][gc          ] GC(642) Pause Young (Mixed) (G1 Evacuation Pause) 235M->150M(267M) 20.030ms
[373.812s][info][gc,cpu      ] GC(642) User=0.04s Sys=0.00s Real=0.02s
[374.130s][info][gc,start    ] GC(643) Pause Young (Mixed) (G1 Evacuation Pause)
[374.130s][info][gc,task     ] GC(643) Using 2 workers of 2 for evacuation
[374.169s][info][gc,phases   ] GC(643)   Pre Evacuate Collection Set: 0.21ms
[374.170s][info][gc,phases   ] GC(643)   Merge Heap Roots: 1.12ms
[374.170s][info][gc,phases   ] GC(643)   Evacuate Collection Set: 36.53ms
[374.170s][info][gc,phases   ] GC(643)   Post Evacuate Collection Set: 1.58ms
[374.170s][info][gc,phases   ] GC(643)   Other: 0.10ms
[374.170s][info][gc,heap     ] GC(643) Eden regions: 73->0(170)
[374.170s][info][gc,heap     ] GC(643) Survivor regions: 7->9(10)
[374.170s][info][gc,heap     ] GC(643) Old regions: 141->125
[374.170s][info][gc,heap     ] GC(643) Humongous regions: 3->3
[374.170s][info][gc,metaspace] GC(643) Metaspace: 42805K(43264K)->42805K(43264K) NonClass: 38465K(38720K)->38465K(38720K) Class: 4339K(4544K)->4339K(4544K)
[374.170s][info][gc          ] GC(643) Pause Young (Mixed) (G1 Evacuation Pause) 223M->137M(420M) 39.751ms
[374.170s][info][gc,cpu      ] GC(643) User=0.06s Sys=0.00s Real=0.04s
[374.845s][info][gc,start    ] GC(644) Pause Young (Mixed) (G1 Evacuation Pause)
[374.845s][info][gc,task     ] GC(644) Using 2 workers of 2 for evacuation
[374.888s][info][gc,phases   ] GC(644)   Pre Evacuate Collection Set: 0.24ms
[374.888s][info][gc,phases   ] GC(644)   Merge Heap Roots: 0.25ms
[374.888s][info][gc,phases   ] GC(644)   Evacuate Collection Set: 41.56ms
[374.888s][info][gc,phases   ] GC(644)   Post Evacuate Collection Set: 0.53ms
[374.888s][info][gc,phases   ] GC(644)   Other: 0.10ms
[374.888s][info][gc,heap     ] GC(644) Eden regions: 170->0(145)
[374.888s][info][gc,heap     ] GC(644) Survivor regions: 9->23(23)
[374.888s][info][gc,heap     ] GC(644) Old regions: 125->145
[374.888s][info][gc,heap     ] GC(644) Humongous regions: 12->4
[374.888s][info][gc,metaspace] GC(644) Metaspace: 42805K(43264K)->42805K(43264K) NonClass: 38465K(38720K)->38465K(38720K) Class: 4339K(4544K)->4339K(4544K)
[374.888s][info][gc          ] GC(644) Pause Young (Mixed) (G1 Evacuation Pause) 316M->171M(420M) 42.899ms
[374.888s][info][gc,cpu      ] GC(644) User=0.08s Sys=0.00s Real=0.04s
[375.438s][info][gc,start    ] GC(645) Pause Young (Normal) (G1 Evacuation Pause)
[375.438s][info][gc,task     ] GC(645) Using 2 workers of 2 for evacuation
[375.472s][info][gc,phases   ] GC(645)   Pre Evacuate Collection Set: 0.26ms
[375.472s][info][gc,phases   ] GC(645)   Merge Heap Roots: 0.18ms
[375.472s][info][gc,phases   ] GC(645)   Evacuate Collection Set: 32.44ms
[375.472s][info][gc,phases   ] GC(645)   Post Evacuate Collection Set: 0.51ms
[375.472s][info][gc,phases   ] GC(645)   Other: 0.08ms
[375.472s][info][gc,heap     ] GC(645) Eden regions: 145->0(140)
[375.472s][info][gc,heap     ] GC(645) Survivor regions: 23->18(21)
[375.472s][info][gc,heap     ] GC(645) Old regions: 145->168
[375.472s][info][gc,heap     ] GC(645) Humongous regions: 5->4
[375.472s][info][gc,metaspace] GC(645) Metaspace: 42805K(43264K)->42805K(43264K) NonClass: 38465K(38720K)->38465K(38720K) Class: 4339K(4544K)->4339K(4544K)
[375.472s][info][gc          ] GC(645) Pause Young (Normal) (G1 Evacuation Pause) 317M->189M(420M) 33.713ms
[375.472s][info][gc,cpu      ] GC(645) User=0.07s Sys=0.00s Real=0.03s
[375.807s][info][gc,start    ] GC(646) Pause Young (Concurrent Start) (G1 Humongous Allocation)
[375.807s][info][gc,task     ] GC(646) Using 2 workers of 2 for evacuation
[375.838s][info][gc,phases   ] GC(646)   Pre Evacuate Collection Set: 0.26ms
[375.838s][info][gc,phases   ] GC(646)   Merge Heap Roots: 0.14ms
[375.838s][info][gc,phases   ] GC(646)   Evacuate Collection Set: 30.63ms
[375.838s][info][gc,phases   ] GC(646)   Post Evacuate Collection Set: 0.42ms
[375.838s][info][gc,phases   ] GC(646)   Other: 0.16ms
[375.838s][info][gc,heap     ] GC(646) Eden regions: 96->0(122)
[375.838s][info][gc,heap     ] GC(646) Survivor regions: 18->20(20)
[375.838s][info][gc,heap     ] GC(646) Old regions: 168->193
[375.838s][info][gc,heap     ] GC(646) Humongous regions: 4->4
[375.838s][info][gc,metaspace] GC(646) Metaspace: 42805K(43264K)->42805K(43264K) NonClass: 38466K(38720K)->38466K(38720K) Class: 4339K(4544K)->4339K(4544K)
[375.838s][info][gc          ] GC(646) Pause Young (Concurrent Start) (G1 Humongous Allocation) 285M->216M(420M) 31.822ms
[375.838s][info][gc,cpu      ] GC(646) User=0.07s Sys=0.00s Real=0.03s
[375.839s][info][gc          ] GC(647) Concurrent Mark Cycle
[375.839s][info][gc,marking  ] GC(647) Concurrent Scan Root Regions
[375.859s][info][gc,marking  ] GC(647) Concurrent Scan Root Regions 20.275ms
[375.859s][info][gc,marking  ] GC(647) Concurrent Mark
[375.859s][info][gc,marking  ] GC(647) Concurrent Mark From Roots
[375.859s][info][gc,task     ] GC(647) Using 1 workers of 1 for marking
[375.961s][info][gc,marking  ] GC(647) Concurrent Mark From Roots 102.210ms
[375.961s][info][gc,marking  ] GC(647) Concurrent Preclean
[375.961s][info][gc,marking  ] GC(647) Concurrent Preclean 0.059ms
[375.961s][info][gc,start    ] GC(647) Pause Remark
[375.978s][info][gc          ] GC(647) Pause Remark 245M->217M(420M) 17.051ms
[375.978s][info][gc,cpu      ] GC(647) User=0.03s Sys=0.00s Real=0.02s
[375.979s][info][gc,marking  ] GC(647) Concurrent Mark 119.711ms
[375.979s][info][gc,marking  ] GC(647) Concurrent Rebuild Remembered Sets and Scrub Regions
[376.042s][info][gc,marking  ] GC(647) Concurrent Rebuild Remembered Sets and Scrub Regions 63.211ms
[376.042s][info][gc,start    ] GC(647) Pause Cleanup
[376.042s][info][gc          ] GC(647) Pause Cleanup 234M->234M(420M) 0.118ms
[376.042s][info][gc,cpu      ] GC(647) User=0.00s Sys=0.00s Real=0.00s
[376.042s][info][gc,marking  ] GC(647) Concurrent Clear Claimed Marks
[376.042s][info][gc,marking  ] GC(647) Concurrent Clear Claimed Marks 0.072ms
[376.042s][info][gc,marking  ] GC(647) Concurrent Cleanup for Next Mark
[376.045s][info][gc,marking  ] GC(647) Concurrent Cleanup for Next Mark 3.146ms
[376.045s][info][gc          ] GC(647) Concurrent Mark Cycle 206.934ms
[376.319s][info][gc,start    ] GC(648) Pause Young (Prepare Mixed) (G1 Evacuation Pause)
[376.319s][info][gc,task     ] GC(648) Using 2 workers of 2 for evacuation
[376.352s][info][gc,phases   ] GC(648)   Pre Evacuate Collection Set: 0.30ms
[376.352s][info][gc,phases   ] GC(648)   Merge Heap Roots: 0.18ms
[376.352s][info][gc,phases   ] GC(648)   Evacuate Collection Set: 31.58ms
[376.352s][info][gc,phases   ] GC(648)   Post Evacuate Collection Set: 0.47ms
[376.352s][info][gc,phases   ] GC(648)   Other: 0.08ms
[376.352s][info][gc,heap     ] GC(648) Eden regions: 122->0(119)
[376.352s][info][gc,heap     ] GC(648) Survivor regions: 20->18(18)
[376.352s][info][gc,heap     ] GC(648) Old regions: 165->193
[376.352s][info][gc,heap     ] GC(648) Humongous regions: 6->5
[376.352s][info][gc,metaspace] GC(648) Metaspace: 42805K(43264K)->42805K(43264K) NonClass: 38466K(38720K)->38466K(38720K) Class: 4339K(4544K)->4339K(4544K)
[376.352s][info][gc          ] GC(648) Pause Young (Prepare Mixed) (G1 Evacuation Pause) 312M->216M(420M) 32.847ms
[376.352s][info][gc,cpu      ] GC(648) User=0.07s Sys=0.00s Real=0.03s
[376.784s][info][gc,start    ] GC(649) Pause Young (Mixed) (G1 Evacuation Pause)
[376.784s][info][gc,task     ] GC(649) Using 2 workers of 2 for evacuation
[376.846s][info][gc,phases   ] GC(649)   Pre Evacuate Collection Set: 0.30ms
[376.846s][info][gc,phases   ] GC(649)   Merge Heap Roots: 0.23ms
[376.846s][info][gc,phases   ] GC(649)   Evacuate Collection Set: 60.16ms
[376.846s][info][gc,phases   ] GC(649)   Post Evacuate Collection Set: 0.60ms
[376.846s][info][gc,phases   ] GC(649)   Other: 0.08ms
[376.846s][info][gc,heap     ] GC(649) Eden regions: 119->0(87)
[376.846s][info][gc,heap     ] GC(649) Survivor regions: 18->18(18)
[376.846s][info][gc,heap     ] GC(649) Old regions: 193->210
[376.846s][info][gc,heap     ] GC(649) Humongous regions: 5->5
[376.846s][info][gc,metaspace] GC(649) Metaspace: 42805K(43264K)->42805K(43264K) NonClass: 38466K(38720K)->38466K(38720K) Class: 4339K(4544K)->4339K(4544K)
[376.846s][info][gc          ] GC(649) Pause Young (Mixed) (G1 Evacuation Pause) 335M->232M(420M) 61.618ms
[376.846s][info][gc,cpu      ] GC(649) User=0.12s Sys=0.00s Real=0.06s
[377.206s][info][gc,start    ] GC(650) Pause Young (Mixed) (G1 Evacuation Pause)
[377.206s][info][gc,task     ] GC(650) Using 2 workers of 2 for evacuation
[377.282s][info][gc,phases   ] GC(650)   Pre Evacuate Collection Set: 0.31ms
[377.282s][info][gc,phases   ] GC(650)   Merge Heap Roots: 1.05ms
[377.282s][info][gc,phases   ] GC(650)   Evacuate Collection Set: 74.52ms
[377.282s][info][gc,phases   ] GC(650)   Post Evacuate Collection Set: 0.51ms
[377.282s][info][gc,phases   ] GC(650)   Other: 0.07ms
[377.282s][info][gc,heap     ] GC(650) Eden regions: 87->0(64)
[377.282s][info][gc,heap     ] GC(650) Survivor regions: 18->14(14)
[377.282s][info][gc,heap     ] GC(650) Old regions: 210->247
[377.282s][info][gc,heap     ] GC(650) Humongous regions: 5->5
[377.282s][info][gc,metaspace] GC(650) Metaspace: 42805K(43264K)->42805K(43264K) NonClass: 38466K(38720K)->38466K(38720K) Class: 4339K(4544K)->4339K(4544K)
[377.282s][info][gc          ] GC(650) Pause Young (Mixed) (G1 Evacuation Pause) 319M->266M(420M) 76.738ms
[377.282s][info][gc,cpu      ] GC(650) User=0.15s Sys=0.00s Real=0.08s
[377.305s][info][gc,start    ] GC(651) Pause Young (Concurrent Start) (G1 Humongous Allocation)
[377.305s][info][gc,task     ] GC(651) Using 2 workers of 2 for evacuation
[377.325s][info][gc,phases   ] GC(651)   Pre Evacuate Collection Set: 0.26ms
[377.325s][info][gc,phases   ] GC(651)   Merge Heap Roots: 0.23ms
[377.325s][info][gc,phases   ] GC(651)   Evacuate Collection Set: 18.39ms
[377.325s][info][gc,phases   ] GC(651)   Post Evacuate Collection Set: 0.99ms
[377.325s][info][gc,phases   ] GC(651)   Other: 0.12ms
[377.325s][info][gc,heap     ] GC(651) Eden regions: 6->0(108)
[377.325s][info][gc,heap     ] GC(651) Survivor regions: 14->4(10)
[377.325s][info][gc,heap     ] GC(651) Old regions: 247->262
[377.325s][info][gc,heap     ] GC(651) Humongous regions: 5->5
[377.325s][info][gc,metaspace] GC(651) Metaspace: 42805K(43264K)->42805K(43264K) NonClass: 38466K(38720K)->38466K(38720K) Class: 4339K(4544K)->4339K(4544K)
[377.325s][info][gc          ] GC(651) Pause Young (Concurrent Start) (G1 Humongous Allocation) 271M->270M(511M) 20.234ms
[377.325s][info][gc,cpu      ] GC(651) User=0.03s Sys=0.00s Real=0.02s
[377.325s][info][gc          ] GC(652) Concurrent Mark Cycle
[377.325s][info][gc,marking  ] GC(652) Concurrent Scan Root Regions
[377.333s][info][gc,marking  ] GC(652) Concurrent Scan Root Regions 7.366ms
[377.333s][info][gc,marking  ] GC(652) Concurrent Mark
[377.333s][info][gc,marking  ] GC(652) Concurrent Mark From Roots
[377.333s][info][gc,task     ] GC(652) Using 1 workers of 1 for marking
[377.484s][info][gc,marking  ] GC(652) Concurrent Mark From Roots 151.659ms
[377.484s][info][gc,marking  ] GC(652) Concurrent Preclean
[377.485s][info][gc,marking  ] GC(652) Concurrent Preclean 0.053ms
[377.485s][info][gc,start    ] GC(652) Pause Remark
[377.502s][info][gc          ] GC(652) Pause Remark 297M->257M(511M) 16.981ms
[377.502s][info][gc,cpu      ] GC(652) User=0.03s Sys=0.00s Real=0.01s
[377.502s][info][gc,marking  ] GC(652) Concurrent Mark 169.018ms
[377.502s][info][gc,marking  ] GC(652) Concurrent Rebuild Remembered Sets and Scrub Regions
[377.580s][info][gc,marking  ] GC(652) Concurrent Rebuild Remembered Sets and Scrub Regions 78.558ms
[377.581s][info][gc,start    ] GC(652) Pause Cleanup
[377.581s][info][gc          ] GC(652) Pause Cleanup 272M->272M(511M) 0.109ms
[377.581s][info][gc,cpu      ] GC(652) User=0.00s Sys=0.00s Real=0.00s
[377.581s][info][gc,marking  ] GC(652) Concurrent Clear Claimed Marks
[377.581s][info][gc,marking  ] GC(652) Concurrent Clear Claimed Marks 0.041ms
[377.581s][info][gc,marking  ] GC(652) Concurrent Cleanup for Next Mark
[377.584s][info][gc,marking  ] GC(652) Concurrent Cleanup for Next Mark 2.955ms
[377.584s][info][gc          ] GC(652) Concurrent Mark Cycle 258.413ms
[377.877s][info][gc,start    ] GC(653) Pause Young (Prepare Mixed) (G1 Evacuation Pause)
[377.877s][info][gc,task     ] GC(653) Using 2 workers of 2 for evacuation
[377.902s][info][gc,phases   ] GC(653)   Pre Evacuate Collection Set: 0.29ms
[377.902s][info][gc,phases   ] GC(653)   Merge Heap Roots: 0.21ms
[377.902s][info][gc,phases   ] GC(653)   Evacuate Collection Set: 23.73ms
[377.902s][info][gc,phases   ] GC(653)   Post Evacuate Collection Set: 0.50ms
[377.902s][info][gc,phases   ] GC(653)   Other: 0.11ms
[377.902s][info][gc,heap     ] GC(653) Eden regions: 108->0(121)
[377.902s][info][gc,heap     ] GC(653) Survivor regions: 4->14(14)
[377.902s][info][gc,heap     ] GC(653) Old regions: 224->238
[377.902s][info][gc,heap     ] GC(653) Humongous regions: 4->4
[377.902s][info][gc,metaspace] GC(653) Metaspace: 42805K(43264K)->42805K(43264K) NonClass: 38466K(38720K)->38466K(38720K) Class: 4339K(4544K)->4339K(4544K)
[377.902s][info][gc          ] GC(653) Pause Young (Prepare Mixed) (G1 Evacuation Pause) 339M->255M(511M) 25.224ms
[377.902s][info][gc,cpu      ] GC(653) User=0.05s Sys=0.00s Real=0.03s
[378.350s][info][gc,start    ] GC(654) Pause Young (Mixed) (G1 Evacuation Pause)
[378.350s][info][gc,task     ] GC(654) Using 2 workers of 2 for evacuation
[378.416s][info][gc,phases   ] GC(654)   Pre Evacuate Collection Set: 0.34ms
[378.416s][info][gc,phases   ] GC(654)   Merge Heap Roots: 0.24ms
[378.416s][info][gc,phases   ] GC(654)   Evacuate Collection Set: 64.50ms
[378.416s][info][gc,phases   ] GC(654)   Post Evacuate Collection Set: 0.73ms
[378.416s][info][gc,phases   ] GC(654)   Other: 0.11ms
[378.416s][info][gc,heap     ] GC(654) Eden regions: 121->0(109)
[378.416s][info][gc,heap     ] GC(654) Survivor regions: 14->17(17)
[378.416s][info][gc,heap     ] GC(654) Old regions: 238->247
[378.416s][info][gc,heap     ] GC(654) Humongous regions: 4->4
[378.416s][info][gc,metaspace] GC(654) Metaspace: 42805K(43264K)->42805K(43264K) NonClass: 38466K(38720K)->38466K(38720K) Class: 4339K(4544K)->4339K(4544K)
[378.416s][info][gc          ] GC(654) Pause Young (Mixed) (G1 Evacuation Pause) 376M->268M(511M) 66.280ms
[378.416s][info][gc,cpu      ] GC(654) User=0.13s Sys=0.00s Real=0.07s
[378.871s][info][gc,start    ] GC(655) Pause Young (Mixed) (G1 Evacuation Pause)
[378.871s][info][gc,task     ] GC(655) Using 2 workers of 2 for evacuation
[378.959s][info][gc,phases   ] GC(655)   Pre Evacuate Collection Set: 0.36ms
[378.959s][info][gc,phases   ] GC(655)   Merge Heap Roots: 0.63ms
[378.959s][info][gc,phases   ] GC(655)   Evacuate Collection Set: 85.74ms
[378.959s][info][gc,phases   ] GC(655)   Post Evacuate Collection Set: 0.66ms
[378.959s][info][gc,phases   ] GC(655)   Other: 0.08ms
[378.959s][info][gc,heap     ] GC(655) Eden regions: 109->0(95)
[378.959s][info][gc,heap     ] GC(655) Survivor regions: 17->16(16)
[378.959s][info][gc,heap     ] GC(655) Old regions: 247->269
[378.959s][info][gc,heap     ] GC(655) Humongous regions: 5->5
[378.959s][info][gc,metaspace] GC(655) Metaspace: 42805K(43264K)->42805K(43264K) NonClass: 38466K(38720K)->38466K(38720K) Class: 4339K(4544K)->4339K(4544K)
[378.959s][info][gc          ] GC(655) Pause Young (Mixed) (G1 Evacuation Pause) 378M->289M(511M) 87.728ms
[378.959s][info][gc,cpu      ] GC(655) User=0.18s Sys=0.00s Real=0.09s
[379.097s][info][gc,start    ] GC(656) Pause Young (Concurrent Start) (G1 Humongous Allocation)
[379.097s][info][gc,task     ] GC(656) Using 2 workers of 2 for evacuation
[379.136s][info][gc,phases   ] GC(656)   Pre Evacuate Collection Set: 0.28ms
[379.136s][info][gc,phases   ] GC(656)   Merge Heap Roots: 0.38ms
[379.136s][info][gc,phases   ] GC(656)   Evacuate Collection Set: 37.89ms
[379.136s][info][gc,phases   ] GC(656)   Post Evacuate Collection Set: 0.40ms
[379.136s][info][gc,phases   ] GC(656)   Other: 0.09ms
[379.136s][info][gc,heap     ] GC(656) Eden regions: 40->0(76)
[379.136s][info][gc,heap     ] GC(656) Survivor regions: 16->14(14)
[379.136s][info][gc,heap     ] GC(656) Old regions: 269->296
[379.137s][info][gc,heap     ] GC(656) Humongous regions: 5->5
[379.137s][info][gc,metaspace] GC(656) Metaspace: 42805K(43264K)->42805K(43264K) NonClass: 38466K(38720K)->38466K(38720K) Class: 4339K(4544K)->4339K(4544K)
[379.137s][info][gc          ] GC(656) Pause Young (Concurrent Start) (G1 Humongous Allocation) 329M->314M(511M) 39.275ms
[379.137s][info][gc,cpu      ] GC(656) User=0.07s Sys=0.00s Real=0.04s
[379.137s][info][gc          ] GC(657) Concurrent Mark Cycle
[379.137s][info][gc,marking  ] GC(657) Concurrent Scan Root Regions
[379.159s][info][gc,marking  ] GC(657) Concurrent Scan Root Regions 22.775ms
[379.160s][info][gc,marking  ] GC(657) Concurrent Mark
[379.160s][info][gc,marking  ] GC(657) Concurrent Mark From Roots
[379.160s][info][gc,task     ] GC(657) Using 1 workers of 1 for marking
[379.345s][info][gc,marking  ] GC(657) Concurrent Mark From Roots 185.022ms
[379.345s][info][gc,marking  ] GC(657) Concurrent Preclean
[379.345s][info][gc,marking  ] GC(657) Concurrent Preclean 0.072ms
[379.345s][info][gc,start    ] GC(657) Pause Remark
[379.362s][info][gc          ] GC(657) Pause Remark 357M->287M(511M) 17.184ms
[379.362s][info][gc,cpu      ] GC(657) User=0.03s Sys=0.00s Real=0.01s
[379.362s][info][gc,marking  ] GC(657) Concurrent Mark 202.704ms
[379.362s][info][gc,marking  ] GC(657) Concurrent Rebuild Remembered Sets and Scrub Regions
[379.448s][info][gc,marking  ] GC(657) Concurrent Rebuild Remembered Sets and Scrub Regions 85.710ms
[379.448s][info][gc,start    ] GC(657) Pause Cleanup
[379.448s][info][gc          ] GC(657) Pause Cleanup 307M->307M(511M) 0.157ms
[379.448s][info][gc,cpu      ] GC(657) User=0.00s Sys=0.00s Real=0.00s
[379.448s][info][gc,marking  ] GC(657) Concurrent Clear Claimed Marks
[379.448s][info][gc,marking  ] GC(657) Concurrent Clear Claimed Marks 0.050ms
[379.448s][info][gc,marking  ] GC(657) Concurrent Cleanup for Next Mark
[379.450s][info][gc,marking  ] GC(657) Concurrent Cleanup for Next Mark 1.585ms
[379.450s][info][gc          ] GC(657) Concurrent Mark Cycle 313.521ms
[379.510s][info][gc,start    ] GC(658) Pause Young (Prepare Mixed) (G1 Evacuation Pause)
[379.510s][info][gc,task     ] GC(658) Using 2 workers of 2 for evacuation
[379.558s][info][gc,phases   ] GC(658)   Pre Evacuate Collection Set: 0.37ms
[379.558s][info][gc,phases   ] GC(658)   Merge Heap Roots: 0.56ms
[379.558s][info][gc,phases   ] GC(658)   Evacuate Collection Set: 46.85ms
[379.558s][info][gc,phases   ] GC(658)   Post Evacuate Collection Set: 0.45ms
[379.558s][info][gc,phases   ] GC(658)   Other: 0.09ms
[379.558s][info][gc,heap     ] GC(658) Eden regions: 76->0(86)
[379.558s][info][gc,heap     ] GC(658) Survivor regions: 14->12(12)
[379.558s][info][gc,heap     ] GC(658) Old regions: 227->276
[379.558s][info][gc,heap     ] GC(658) Humongous regions: 5->5
[379.558s][info][gc,metaspace] GC(658) Metaspace: 42805K(43264K)->42805K(43264K) NonClass: 38466K(38720K)->38466K(38720K) Class: 4339K(4544K)->4339K(4544K)
[379.558s][info][gc          ] GC(658) Pause Young (Prepare Mixed) (G1 Evacuation Pause) 321M->293M(511M) 48.561ms
[379.559s][info][gc,cpu      ] GC(658) User=0.09s Sys=0.00s Real=0.05s
[379.906s][info][gc,start    ] GC(659) Pause Young (Mixed) (G1 Evacuation Pause)
[379.906s][info][gc,task     ] GC(659) Using 2 workers of 2 for evacuation
[379.961s][info][gc,phases   ] GC(659)   Pre Evacuate Collection Set: 0.27ms
[379.961s][info][gc,phases   ] GC(659)   Merge Heap Roots: 0.29ms
[379.961s][info][gc,phases   ] GC(659)   Evacuate Collection Set: 52.71ms
[379.961s][info][gc,phases   ] GC(659)   Post Evacuate Collection Set: 1.27ms
[379.961s][info][gc,phases   ] GC(659)   Other: 0.10ms
[379.961s][info][gc,heap     ] GC(659) Eden regions: 86->0(123)
[379.961s][info][gc,heap     ] GC(659) Survivor regions: 12->13(13)
[379.961s][info][gc,heap     ] GC(659) Old regions: 276->279
[379.961s][info][gc,heap     ] GC(659) Humongous regions: 6->6
[379.961s][info][gc,metaspace] GC(659) Metaspace: 42805K(43264K)->42805K(43264K) NonClass: 38466K(38720K)->38466K(38720K) Class: 4339K(4544K)->4339K(4544K)
[379.961s][info][gc          ] GC(659) Pause Young (Mixed) (G1 Evacuation Pause) 380M->297M(610M) 54.896ms
[379.961s][info][gc,cpu      ] GC(659) User=0.11s Sys=0.00s Real=0.05s
[380.547s][info][gc,start    ] GC(660) Pause Young (Mixed) (G1 Evacuation Pause)
[380.547s][info][gc,task     ] GC(660) Using 2 workers of 2 for evacuation
[380.605s][info][gc,phases   ] GC(660)   Pre Evacuate Collection Set: 0.48ms
[380.605s][info][gc,phases   ] GC(660)   Merge Heap Roots: 1.17ms
[380.605s][info][gc,phases   ] GC(660)   Evacuate Collection Set: 55.18ms
[380.605s][info][gc,phases   ] GC(660)   Post Evacuate Collection Set: 0.51ms
[380.605s][info][gc,phases   ] GC(660)   Other: 0.09ms
[380.605s][info][gc,heap     ] GC(660) Eden regions: 123->0(120)
[380.605s][info][gc,heap     ] GC(660) Survivor regions: 13->17(17)
[380.605s][info][gc,heap     ] GC(660) Old regions: 279->299
[380.605s][info][gc,heap     ] GC(660) Humongous regions: 7->6
[380.605s][info][gc,metaspace] GC(660) Metaspace: 42805K(43264K)->42805K(43264K) NonClass: 38466K(38720K)->38466K(38720K) Class: 4339K(4544K)->4339K(4544K)
[380.605s][info][gc          ] GC(660) Pause Young (Mixed) (G1 Evacuation Pause) 421M->322M(610M) 57.685ms
[380.605s][info][gc,cpu      ] GC(660) User=0.11s Sys=0.00s Real=0.06s
[381.064s][info][gc,start    ] GC(661) Pause Young (Concurrent Start) (G1 Evacuation Pause)
[381.065s][info][gc,task     ] GC(661) Using 2 workers of 2 for evacuation
[381.090s][info][gc,phases   ] GC(661)   Pre Evacuate Collection Set: 0.31ms
[381.090s][info][gc,phases   ] GC(661)   Merge Heap Roots: 0.22ms
[381.090s][info][gc,phases   ] GC(661)   Evacuate Collection Set: 24.55ms
[381.090s][info][gc,phases   ] GC(661)   Post Evacuate Collection Set: 0.50ms
[381.090s][info][gc,phases   ] GC(661)   Other: 0.20ms
[381.090s][info][gc,heap     ] GC(661) Eden regions: 120->0(126)
[381.090s][info][gc,heap     ] GC(661) Survivor regions: 17->18(18)
[381.090s][info][gc,heap     ] GC(661) Old regions: 299->309
[381.090s][info][gc,heap     ] GC(661) Humongous regions: 6->6
[381.090s][info][gc,metaspace] GC(661) Metaspace: 42805K(43264K)->42805K(43264K) NonClass: 38466K(38720K)->38466K(38720K) Class: 4339K(4544K)->4339K(4544K)
[381.090s][info][gc          ] GC(661) Pause Young (Concurrent Start) (G1 Evacuation Pause) 442M->332M(610M) 26.011ms
[381.091s][info][gc,cpu      ] GC(661) User=0.05s Sys=0.00s Real=0.02s
[381.091s][info][gc          ] GC(662) Concurrent Mark Cycle
[381.091s][info][gc,marking  ] GC(662) Concurrent Scan Root Regions
[381.104s][info][gc,marking  ] GC(662) Concurrent Scan Root Regions 12.817ms
[381.104s][info][gc,marking  ] GC(662) Concurrent Mark
[381.104s][info][gc,marking  ] GC(662) Concurrent Mark From Roots
[381.104s][info][gc,task     ] GC(662) Using 1 workers of 1 for marking
[381.254s][info][gc,marking  ] GC(662) Concurrent Mark From Roots 150.042ms
[381.254s][info][gc,marking  ] GC(662) Concurrent Preclean
[381.254s][info][gc,marking  ] GC(662) Concurrent Preclean 0.063ms
[381.254s][info][gc,start    ] GC(662) Pause Remark
[381.275s][info][gc          ] GC(662) Pause Remark 368M->293M(610M) 21.151ms
[381.275s][info][gc,cpu      ] GC(662) User=0.04s Sys=0.00s Real=0.02s
[381.277s][info][gc,marking  ] GC(662) Concurrent Mark 173.682ms
[381.277s][info][gc,marking  ] GC(662) Concurrent Rebuild Remembered Sets and Scrub Regions
[381.356s][info][gc,marking  ] GC(662) Concurrent Rebuild Remembered Sets and Scrub Regions 79.210ms
[381.357s][info][gc,start    ] GC(662) Pause Cleanup
[381.357s][info][gc          ] GC(662) Pause Cleanup 311M->311M(610M) 0.123ms
[381.357s][info][gc,cpu      ] GC(662) User=0.00s Sys=0.00s Real=0.00s
[381.357s][info][gc,marking  ] GC(662) Concurrent Clear Claimed Marks
[381.357s][info][gc,marking  ] GC(662) Concurrent Clear Claimed Marks 0.046ms
[381.357s][info][gc,marking  ] GC(662) Concurrent Cleanup for Next Mark
[381.360s][info][gc,marking  ] GC(662) Concurrent Cleanup for Next Mark 2.942ms
[381.360s][info][gc          ] GC(662) Concurrent Mark Cycle 269.326ms
[381.655s][info][gc,start    ] GC(663) Pause Young (Prepare Mixed) (G1 Evacuation Pause)
[381.655s][info][gc,task     ] GC(663) Using 2 workers of 2 for evacuation
[381.694s][info][gc,phases   ] GC(663)   Pre Evacuate Collection Set: 0.31ms
[381.694s][info][gc,phases   ] GC(663)   Merge Heap Roots: 0.10ms
[381.694s][info][gc,phases   ] GC(663)   Evacuate Collection Set: 37.39ms
[381.694s][info][gc,phases   ] GC(663)   Post Evacuate Collection Set: 0.52ms
[381.694s][info][gc,phases   ] GC(663)   Other: 0.11ms
[381.694s][info][gc,heap     ] GC(663) Eden regions: 126->0(148)
[381.694s][info][gc,heap     ] GC(663) Survivor regions: 18->18(18)
[381.694s][info][gc,heap     ] GC(663) Old regions: 236->270
[381.694s][info][gc,heap     ] GC(663) Humongous regions: 5->5
[381.694s][info][gc,metaspace] GC(663) Metaspace: 42805K(43264K)->42805K(43264K) NonClass: 38466K(38720K)->38466K(38720K) Class: 4339K(4544K)->4339K(4544K)
[381.694s][info][gc          ] GC(663) Pause Young (Prepare Mixed) (G1 Evacuation Pause) 384M->293M(610M) 38.655ms
[381.694s][info][gc,cpu      ] GC(663) User=0.08s Sys=0.00s Real=0.04s
[382.330s][info][gc,start    ] GC(664) Pause Young (Mixed) (G1 Evacuation Pause)
[382.330s][info][gc,task     ] GC(664) Using 2 workers of 2 for evacuation
[382.370s][info][gc,phases   ] GC(664)   Pre Evacuate Collection Set: 0.30ms
[382.370s][info][gc,phases   ] GC(664)   Merge Heap Roots: 0.32ms
[382.370s][info][gc,phases   ] GC(664)   Evacuate Collection Set: 38.27ms
[382.370s][info][gc,phases   ] GC(664)   Post Evacuate Collection Set: 0.60ms
[382.370s][info][gc,phases   ] GC(664)   Other: 0.10ms
[382.370s][info][gc,heap     ] GC(664) Eden regions: 148->0(174)
[382.370s][info][gc,heap     ] GC(664) Survivor regions: 18->21(21)
[382.370s][info][gc,heap     ] GC(664) Old regions: 270->227
[382.370s][info][gc,heap     ] GC(664) Humongous regions: 6->5
[382.370s][info][gc,metaspace] GC(664) Metaspace: 42805K(43264K)->42805K(43264K) NonClass: 38466K(38720K)->38466K(38720K) Class: 4339K(4544K)->4339K(4544K)
[382.370s][info][gc          ] GC(664) Pause Young (Mixed) (G1 Evacuation Pause) 442M->253M(610M) 39.840ms
[382.370s][info][gc,cpu      ] GC(664) User=0.07s Sys=0.00s Real=0.04s
[383.024s][info][gc,start    ] GC(665) Pause Young (Mixed) (G1 Evacuation Pause)
[383.024s][info][gc,task     ] GC(665) Using 2 workers of 2 for evacuation
[383.066s][info][gc,phases   ] GC(665)   Pre Evacuate Collection Set: 0.34ms
[383.066s][info][gc,phases   ] GC(665)   Merge Heap Roots: 0.73ms
[383.066s][info][gc,phases   ] GC(665)   Evacuate Collection Set: 40.22ms
[383.066s][info][gc,phases   ] GC(665)   Post Evacuate Collection Set: 0.59ms
[383.066s][info][gc,phases   ] GC(665)   Other: 0.11ms
[383.066s][info][gc,heap     ] GC(665) Eden regions: 174->0(198)
[383.066s][info][gc,heap     ] GC(665) Survivor regions: 21->14(25)
[383.066s][info][gc,heap     ] GC(665) Old regions: 227->216
[383.066s][info][gc,heap     ] GC(665) Humongous regions: 7->5
[383.066s][info][gc,metaspace] GC(665) Metaspace: 42805K(43264K)->42805K(43264K) NonClass: 38466K(38720K)->38466K(38720K) Class: 4339K(4544K)->4339K(4544K)
[383.066s][info][gc          ] GC(665) Pause Young (Mixed) (G1 Evacuation Pause) 429M->234M(610M) 42.255ms
[383.066s][info][gc,cpu      ] GC(665) User=0.08s Sys=0.00s Real=0.04s
[383.384s][info][gc,start    ] GC(666) Pause Young (Concurrent Start) (G1 Humongous Allocation)
[383.384s][info][gc,task     ] GC(666) Using 2 workers of 2 for evacuation
[383.414s][info][gc,phases   ] GC(666)   Pre Evacuate Collection Set: 0.29ms
[383.414s][info][gc,phases   ] GC(666)   Merge Heap Roots: 0.10ms
[383.414s][info][gc,phases   ] GC(666)   Evacuate Collection Set: 29.00ms
[383.414s][info][gc,phases   ] GC(666)   Post Evacuate Collection Set: 0.50ms
[383.414s][info][gc,phases   ] GC(666)   Other: 0.11ms
[383.414s][info][gc,heap     ] GC(666) Eden regions: 83->0(190)
[383.414s][info][gc,heap     ] GC(666) Survivor regions: 14->27(27)
[383.414s][info][gc,heap     ] GC(666) Old regions: 216->230
[383.414s][info][gc,heap     ] GC(666) Humongous regions: 5->5
[383.414s][info][gc,metaspace] GC(666) Metaspace: 42805K(43264K)->42805K(43264K) NonClass: 38466K(38720K)->38466K(38720K) Class: 4339K(4544K)->4339K(4544K)
[383.414s][info][gc          ] GC(666) Pause Young (Concurrent Start) (G1 Humongous Allocation) 316M->261M(610M) 30.228ms
[383.414s][info][gc          ] GC(667) Concurrent Mark Cycle
[383.414s][info][gc,marking  ] GC(667) Concurrent Scan Root Regions
[383.416s][info][gc,cpu      ] GC(666) User=0.06s Sys=0.00s Real=0.03s
[383.434s][info][gc,marking  ] GC(667) Concurrent Scan Root Regions 19.983ms
[383.434s][info][gc,marking  ] GC(667) Concurrent Mark
[383.434s][info][gc,marking  ] GC(667) Concurrent Mark From Roots
[383.434s][info][gc,task     ] GC(667) Using 1 workers of 1 for marking
[383.543s][info][gc,marking  ] GC(667) Concurrent Mark From Roots 109.493ms
[383.544s][info][gc,marking  ] GC(667) Concurrent Preclean
[383.544s][info][gc,marking  ] GC(667) Concurrent Preclean 0.068ms
[383.544s][info][gc,start    ] GC(667) Pause Remark
[383.563s][info][gc          ] GC(667) Pause Remark 289M->196M(567M) 18.774ms
[383.563s][info][gc,cpu      ] GC(667) User=0.03s Sys=0.00s Real=0.02s
[383.563s][info][gc,marking  ] GC(667) Concurrent Mark 128.706ms
[383.563s][info][gc,marking  ] GC(667) Concurrent Rebuild Remembered Sets and Scrub Regions
[383.621s][info][gc,marking  ] GC(667) Concurrent Rebuild Remembered Sets and Scrub Regions 58.073ms
[383.621s][info][gc,start    ] GC(667) Pause Cleanup
[383.621s][info][gc          ] GC(667) Pause Cleanup 209M->209M(567M) 0.084ms
[383.621s][info][gc,cpu      ] GC(667) User=0.00s Sys=0.00s Real=0.00s
[383.621s][info][gc,marking  ] GC(667) Concurrent Clear Claimed Marks
[383.621s][info][gc,marking  ] GC(667) Concurrent Clear Claimed Marks 0.043ms
[383.621s][info][gc,marking  ] GC(667) Concurrent Cleanup for Next Mark
[383.623s][info][gc,marking  ] GC(667) Concurrent Cleanup for Next Mark 1.705ms
[383.623s][info][gc          ] GC(667) Concurrent Mark Cycle 208.957ms
[384.194s][info][gc,start    ] GC(668) Pause Young (Prepare Mixed) (G1 Evacuation Pause)
[384.194s][info][gc,task     ] GC(668) Using 2 workers of 2 for evacuation
[384.240s][info][gc,phases   ] GC(668)   Pre Evacuate Collection Set: 0.26ms
[384.240s][info][gc,phases   ] GC(668)   Merge Heap Roots: 0.24ms
[384.240s][info][gc,phases   ] GC(668)   Evacuate Collection Set: 44.38ms
[384.240s][info][gc,phases   ] GC(668)   Post Evacuate Collection Set: 0.60ms
[384.240s][info][gc,phases   ] GC(668)   Other: 0.08ms
[384.240s][info][gc,heap     ] GC(668) Eden regions: 190->0(203)
[384.240s][info][gc,heap     ] GC(668) Survivor regions: 27->28(28)
[384.240s][info][gc,heap     ] GC(668) Old regions: 138->168
[384.240s][info][gc,heap     ] GC(668) Humongous regions: 6->5
[384.240s][info][gc,metaspace] GC(668) Metaspace: 42805K(43264K)->42805K(43264K) NonClass: 38466K(38720K)->38466K(38720K) Class: 4339K(4544K)->4339K(4544K)
[384.240s][info][gc          ] GC(668) Pause Young (Prepare Mixed) (G1 Evacuation Pause) 360M->200M(567M) 45.863ms
[384.240s][info][gc,cpu      ] GC(668) User=0.09s Sys=0.00s Real=0.04s
[384.995s][info][gc,start    ] GC(669) Pause Young (Mixed) (G1 Evacuation Pause)
[384.995s][info][gc,task     ] GC(669) Using 2 workers of 2 for evacuation
[385.059s][info][gc,phases   ] GC(669)   Pre Evacuate Collection Set: 0.36ms
[385.059s][info][gc,phases   ] GC(669)   Merge Heap Roots: 0.44ms
[385.059s][info][gc,phases   ] GC(669)   Evacuate Collection Set: 62.67ms
[385.059s][info][gc,phases   ] GC(669)   Post Evacuate Collection Set: 0.68ms
[385.059s][info][gc,phases   ] GC(669)   Other: 0.08ms
[385.059s][info][gc,heap     ] GC(669) Eden regions: 203->0(190)
[385.059s][info][gc,heap     ] GC(669) Survivor regions: 28->29(29)
[385.059s][info][gc,heap     ] GC(669) Old regions: 168->192
[385.059s][info][gc,heap     ] GC(669) Humongous regions: 9->7
[385.059s][info][gc,metaspace] GC(669) Metaspace: 42805K(43264K)->42805K(43264K) NonClass: 38466K(38720K)->38466K(38720K) Class: 4339K(4544K)->4339K(4544K)
[385.059s][info][gc          ] GC(669) Pause Young (Mixed) (G1 Evacuation Pause) 407M->227M(567M) 64.455ms
[385.059s][info][gc,cpu      ] GC(669) User=0.13s Sys=0.00s Real=0.06s
[385.707s][info][gc,start    ] GC(670) Pause Young (Concurrent Start) (G1 Evacuation Pause)
[385.707s][info][gc,task     ] GC(670) Using 2 workers of 2 for evacuation
[385.735s][info][gc,phases   ] GC(670)   Pre Evacuate Collection Set: 0.33ms
[385.735s][info][gc,phases   ] GC(670)   Merge Heap Roots: 0.25ms
[385.735s][info][gc,phases   ] GC(670)   Evacuate Collection Set: 26.28ms
[385.735s][info][gc,phases   ] GC(670)   Post Evacuate Collection Set: 0.86ms
[385.735s][info][gc,phases   ] GC(670)   Other: 0.12ms
[385.735s][info][gc,heap     ] GC(670) Eden regions: 190->0(221)
[385.735s][info][gc,heap     ] GC(670) Survivor regions: 29->3(28)
[385.735s][info][gc,heap     ] GC(670) Old regions: 192->221
[385.735s][info][gc,heap     ] GC(670) Humongous regions: 7->7
[385.735s][info][gc,metaspace] GC(670) Metaspace: 42805K(43264K)->42805K(43264K) NonClass: 38466K(38720K)->38466K(38720K) Class: 4339K(4544K)->4339K(4544K)
[385.735s][info][gc          ] GC(670) Pause Young (Concurrent Start) (G1 Evacuation Pause) 417M->229M(597M) 28.066ms
[385.735s][info][gc,cpu      ] GC(670) User=0.05s Sys=0.00s Real=0.03s
[385.735s][info][gc          ] GC(671) Concurrent Mark Cycle
[385.735s][info][gc,marking  ] GC(671) Concurrent Scan Root Regions
[385.751s][info][gc,marking  ] GC(671) Concurrent Scan Root Regions 15.818ms
[385.751s][info][gc,marking  ] GC(671) Concurrent Mark
[385.751s][info][gc,marking  ] GC(671) Concurrent Mark From Roots
[385.751s][info][gc,task     ] GC(671) Using 1 workers of 1 for marking
[385.867s][info][gc,marking  ] GC(671) Concurrent Mark From Roots 115.861ms
[385.867s][info][gc,marking  ] GC(671) Concurrent Preclean
[385.867s][info][gc,marking  ] GC(671) Concurrent Preclean 0.065ms
[385.867s][info][gc,start    ] GC(671) Pause Remark
[385.888s][info][gc          ] GC(671) Pause Remark 260M->223M(597M) 20.397ms
[385.888s][info][gc,cpu      ] GC(671) User=0.04s Sys=0.00s Real=0.02s
[385.888s][info][gc,marking  ] GC(671) Concurrent Mark 136.726ms
[385.888s][info][gc,marking  ] GC(671) Concurrent Rebuild Remembered Sets and Scrub Regions
[385.952s][info][gc,marking  ] GC(671) Concurrent Rebuild Remembered Sets and Scrub Regions 63.799ms
[385.952s][info][gc,start    ] GC(671) Pause Cleanup
[385.952s][info][gc          ] GC(671) Pause Cleanup 236M->236M(597M) 0.124ms
[385.953s][info][gc,cpu      ] GC(671) User=0.00s Sys=0.00s Real=0.00s
[385.953s][info][gc,marking  ] GC(671) Concurrent Clear Claimed Marks
[385.953s][info][gc,marking  ] GC(671) Concurrent Clear Claimed Marks 0.047ms
[385.953s][info][gc,marking  ] GC(671) Concurrent Cleanup for Next Mark
[385.955s][info][gc,marking  ] GC(671) Concurrent Cleanup for Next Mark 2.255ms
[385.955s][info][gc          ] GC(671) Concurrent Mark Cycle 219.880ms
[386.578s][info][gc,start    ] GC(672) Pause Young (Prepare Mixed) (G1 Evacuation Pause)
[386.578s][info][gc,task     ] GC(672) Using 2 workers of 2 for evacuation
[386.581s][info][gc,phases   ] GC(672)   Pre Evacuate Collection Set: 0.28ms
[386.581s][info][gc,phases   ] GC(672)   Merge Heap Roots: 0.11ms
[386.581s][info][gc,phases   ] GC(672)   Evacuate Collection Set: 2.29ms
[386.581s][info][gc,phases   ] GC(672)   Post Evacuate Collection Set: 0.51ms
[386.581s][info][gc,phases   ] GC(672)   Other: 0.09ms
[386.581s][info][gc,heap     ] GC(672) Eden regions: 221->0(261)
[386.581s][info][gc,heap     ] GC(672) Survivor regions: 3->2(28)
[386.581s][info][gc,heap     ] GC(672) Old regions: 186->186
[386.581s][info][gc,heap     ] GC(672) Humongous regions: 6->5
[386.581s][info][gc,metaspace] GC(672) Metaspace: 42805K(43264K)->42805K(43264K) NonClass: 38466K(38720K)->38466K(38720K) Class: 4339K(4544K)->4339K(4544K)
[386.581s][info][gc          ] GC(672) Pause Young (Prepare Mixed) (G1 Evacuation Pause) 415M->192M(597M) 3.538ms
[386.581s][info][gc,cpu      ] GC(672) User=0.01s Sys=0.00s Real=0.00s
[387.242s][info][gc,start    ] GC(673) Pause Young (Mixed) (G1 Evacuation Pause)
[387.242s][info][gc,task     ] GC(673) Using 2 workers of 2 for evacuation
[387.255s][info][gc,phases   ] GC(673)   Pre Evacuate Collection Set: 0.30ms
[387.255s][info][gc,phases   ] GC(673)   Merge Heap Roots: 0.22ms
[387.255s][info][gc,phases   ] GC(673)   Evacuate Collection Set: 11.39ms
[387.255s][info][gc,phases   ] GC(673)   Post Evacuate Collection Set: 0.78ms
[387.255s][info][gc,phases   ] GC(673)   Other: 0.09ms
[387.255s][info][gc,heap     ] GC(673) Eden regions: 261->0(307)
[387.255s][info][gc,heap     ] GC(673) Survivor regions: 2->6(33)
[387.255s][info][gc,heap     ] GC(673) Old regions: 186->135
[387.255s][info][gc,heap     ] GC(673) Humongous regions: 5->3
[387.255s][info][gc,metaspace] GC(673) Metaspace: 42805K(43264K)->42805K(43264K) NonClass: 38466K(38720K)->38466K(38720K) Class: 4339K(4544K)->4339K(4544K)
[387.255s][info][gc          ] GC(673) Pause Young (Mixed) (G1 Evacuation Pause) 453M->143M(597M) 13.018ms
[387.255s][info][gc,cpu      ] GC(673) User=0.02s Sys=0.00s Real=0.02s
[387.608s][info][gc,start    ] GC(674) Pause Young (Concurrent Start) (G1 Humongous Allocation)
[387.608s][info][gc,task     ] GC(674) Using 2 workers of 2 for evacuation
[387.613s][info][gc,phases   ] GC(674)   Pre Evacuate Collection Set: 0.28ms
[387.613s][info][gc,phases   ] GC(674)   Merge Heap Roots: 0.07ms
[387.613s][info][gc,phases   ] GC(674)   Evacuate Collection Set: 3.58ms
[387.613s][info][gc,phases   ] GC(674)   Post Evacuate Collection Set: 0.48ms
[387.613s][info][gc,phases   ] GC(674)   Other: 0.10ms
[387.613s][info][gc,heap     ] GC(674) Eden regions: 169->0(328)
[387.613s][info][gc,heap     ] GC(674) Survivor regions: 6->4(40)
[387.613s][info][gc,heap     ] GC(674) Old regions: 135->135
[387.613s][info][gc,heap     ] GC(674) Humongous regions: 3->3
[387.613s][info][gc,metaspace] GC(674) Metaspace: 42805K(43264K)->42805K(43264K) NonClass: 38466K(38720K)->38466K(38720K) Class: 4339K(4544K)->4339K(4544K)
[387.613s][info][gc          ] GC(674) Pause Young (Concurrent Start) (G1 Humongous Allocation) 311M->141M(597M) 4.718ms
[387.613s][info][gc          ] GC(675) Concurrent Mark Cycle
[387.613s][info][gc,marking  ] GC(675) Concurrent Scan Root Regions
[387.615s][info][gc,cpu      ] GC(674) User=0.01s Sys=0.00s Real=0.01s
[387.616s][info][gc,marking  ] GC(675) Concurrent Scan Root Regions 2.581ms
[387.616s][info][gc,marking  ] GC(675) Concurrent Mark
[387.616s][info][gc,marking  ] GC(675) Concurrent Mark From Roots
[387.616s][info][gc,task     ] GC(675) Using 1 workers of 1 for marking
[387.695s][info][gc,marking  ] GC(675) Concurrent Mark From Roots 78.952ms
[387.695s][info][gc,marking  ] GC(675) Concurrent Preclean
[387.695s][info][gc,marking  ] GC(675) Concurrent Preclean 0.062ms
[387.695s][info][gc,start    ] GC(675) Pause Remark
[387.712s][info][gc          ] GC(675) Pause Remark 161M->100M(277M) 17.601ms
[387.713s][info][gc,cpu      ] GC(675) User=0.04s Sys=0.00s Real=0.02s
[387.713s][info][gc,marking  ] GC(675) Concurrent Mark 96.950ms
[387.713s][info][gc,marking  ] GC(675) Concurrent Rebuild Remembered Sets and Scrub Regions
[387.743s][info][gc,marking  ] GC(675) Concurrent Rebuild Remembered Sets and Scrub Regions 30.892ms
[387.744s][info][gc,start    ] GC(675) Pause Cleanup
[387.744s][info][gc          ] GC(675) Pause Cleanup 107M->107M(277M) 0.056ms
[387.744s][info][gc,cpu      ] GC(675) User=0.00s Sys=0.00s Real=0.00s
[387.744s][info][gc,marking  ] GC(675) Concurrent Clear Claimed Marks
[387.744s][info][gc,marking  ] GC(675) Concurrent Clear Claimed Marks 0.041ms
[387.744s][info][gc,marking  ] GC(675) Concurrent Cleanup for Next Mark
[387.745s][info][gc,marking  ] GC(675) Concurrent Cleanup for Next Mark 0.873ms
[387.745s][info][gc          ] GC(675) Concurrent Mark Cycle 131.632ms
[388.250s][info][gc,start    ] GC(676) Pause Young (Prepare Mixed) (G1 Evacuation Pause)
[388.250s][info][gc,task     ] GC(676) Using 2 workers of 2 for evacuation
[388.264s][info][gc,phases   ] GC(676)   Pre Evacuate Collection Set: 0.27ms
[388.264s][info][gc,phases   ] GC(676)   Merge Heap Roots: 0.08ms
[388.264s][info][gc,phases   ] GC(676)   Evacuate Collection Set: 12.05ms
[388.264s][info][gc,phases   ] GC(676)   Post Evacuate Collection Set: 1.19ms
[388.264s][info][gc,phases   ] GC(676)   Other: 0.08ms
[388.264s][info][gc,heap     ] GC(676) Eden regions: 76->0(227)
[388.264s][info][gc,heap     ] GC(676) Survivor regions: 4->8(28)
[388.264s][info][gc,heap     ] GC(676) Old regions: 76->76
[388.264s][info][gc,heap     ] GC(676) Humongous regions: 229->3
[388.264s][info][gc,metaspace] GC(676) Metaspace: 42805K(43264K)->42805K(43264K) NonClass: 38466K(38720K)->38466K(38720K) Class: 4339K(4544K)->4339K(4544K)
[388.264s][info][gc          ] GC(676) Pause Young (Prepare Mixed) (G1 Evacuation Pause) 384M->86M(393M) 13.933ms
[388.264s][info][gc,cpu      ] GC(676) User=0.02s Sys=0.01s Real=0.02s
[388.953s][info][gc,start    ] GC(677) Pause Young (Mixed) (G1 Evacuation Pause)
[388.953s][info][gc,task     ] GC(677) Using 2 workers of 2 for evacuation
[388.973s][info][gc,phases   ] GC(677)   Pre Evacuate Collection Set: 0.29ms
[388.973s][info][gc,phases   ] GC(677)   Merge Heap Roots: 0.08ms
[388.973s][info][gc,phases   ] GC(677)   Evacuate Collection Set: 18.15ms
[388.973s][info][gc,phases   ] GC(677)   Post Evacuate Collection Set: 1.44ms
[388.973s][info][gc,phases   ] GC(677)   Other: 0.11ms
[388.973s][info][gc,heap     ] GC(677) Eden regions: 58->0(297)
[388.973s][info][gc,heap     ] GC(677) Survivor regions: 8->13(31)
[388.973s][info][gc,heap     ] GC(677) Old regions: 76->69
[388.973s][info][gc,heap     ] GC(677) Humongous regions: 361->3
[388.973s][info][gc,metaspace] GC(677) Metaspace: 42805K(43264K)->42805K(43264K) NonClass: 38466K(38720K)->38466K(38720K) Class: 4339K(4544K)->4339K(4544K)
[388.973s][info][gc          ] GC(677) Pause Young (Mixed) (G1 Evacuation Pause) 502M->83M(517M) 20.320ms
[388.973s][info][gc,cpu      ] GC(677) User=0.03s Sys=0.01s Real=0.02s
[388.975s][info][gc,start    ] GC(678) Pause Young (Concurrent Start) (G1 Humongous Allocation)
[388.975s][info][gc,task     ] GC(678) Using 2 workers of 2 for evacuation
[388.987s][info][gc,phases   ] GC(678)   Pre Evacuate Collection Set: 0.27ms
[388.987s][info][gc,phases   ] GC(678)   Merge Heap Roots: 0.05ms
[388.987s][info][gc,phases   ] GC(678)   Evacuate Collection Set: 11.31ms
[388.987s][info][gc,phases   ] GC(678)   Post Evacuate Collection Set: 0.39ms
[388.987s][info][gc,phases   ] GC(678)   Other: 0.16ms
[388.987s][info][gc,heap     ] GC(678) Eden regions: 1->0(298)
[388.987s][info][gc,heap     ] GC(678) Survivor regions: 13->12(39)
[388.987s][info][gc,heap     ] GC(678) Old regions: 69->69
[388.987s][info][gc,heap     ] GC(678) Humongous regions: 3->1
[388.987s][info][gc,metaspace] GC(678) Metaspace: 42805K(43264K)->42805K(43264K) NonClass: 38466K(38720K)->38466K(38720K) Class: 4339K(4544K)->4339K(4544K)
[388.987s][info][gc          ] GC(678) Pause Young (Concurrent Start) (G1 Humongous Allocation) 83M->80M(517M) 12.388ms
[388.987s][info][gc,cpu      ] GC(678) User=0.03s Sys=0.00s Real=0.01s
[388.987s][info][gc          ] GC(679) Concurrent Mark Cycle
[388.987s][info][gc,marking  ] GC(679) Concurrent Scan Root Regions
[388.996s][info][gc,marking  ] GC(679) Concurrent Scan Root Regions 8.330ms
[388.996s][info][gc,marking  ] GC(679) Concurrent Mark
[388.996s][info][gc,marking  ] GC(679) Concurrent Mark From Roots
[388.996s][info][gc,task     ] GC(679) Using 1 workers of 1 for marking
[389.075s][info][gc,marking  ] GC(679) Concurrent Mark From Roots 78.704ms
[389.075s][info][gc,marking  ] GC(679) Concurrent Preclean
[389.075s][info][gc,marking  ] GC(679) Concurrent Preclean 0.069ms
[389.075s][info][gc,start    ] GC(679) Pause Remark
[389.094s][info][gc          ] GC(679) Pause Remark 126M->126M(400M) 19.297ms
[389.094s][info][gc,cpu      ] GC(679) User=0.03s Sys=0.01s Real=0.02s
[389.095s][info][gc,marking  ] GC(679) Concurrent Mark 99.362ms
[389.095s][info][gc,marking  ] GC(679) Concurrent Rebuild Remembered Sets and Scrub Regions
[389.128s][info][gc,marking  ] GC(679) Concurrent Rebuild Remembered Sets and Scrub Regions 32.845ms
[389.128s][info][gc,start    ] GC(679) Pause Cleanup
[389.128s][info][gc          ] GC(679) Pause Cleanup 142M->142M(400M) 0.068ms
[389.128s][info][gc,cpu      ] GC(679) User=0.00s Sys=0.00s Real=0.00s
[389.128s][info][gc,marking  ] GC(679) Concurrent Clear Claimed Marks
[389.129s][info][gc,marking  ] GC(679) Concurrent Clear Claimed Marks 0.041ms
[389.129s][info][gc,marking  ] GC(679) Concurrent Cleanup for Next Mark
[389.131s][info][gc,marking  ] GC(679) Concurrent Cleanup for Next Mark 2.410ms
[389.131s][info][gc          ] GC(679) Concurrent Mark Cycle 143.521ms
[389.739s][info][gc,start    ] GC(680) Pause Young (Prepare Mixed) (G1 Evacuation Pause)
[389.740s][info][gc,task     ] GC(680) Using 2 workers of 2 for evacuation
[389.775s][info][gc,phases   ] GC(680)   Pre Evacuate Collection Set: 0.29ms
[389.775s][info][gc,phases   ] GC(680)   Merge Heap Roots: 0.09ms
[389.775s][info][gc,phases   ] GC(680)   Evacuate Collection Set: 33.30ms
[389.775s][info][gc,phases   ] GC(680)   Post Evacuate Collection Set: 1.36ms
[389.775s][info][gc,phases   ] GC(680)   Other: 0.08ms
[389.775s][info][gc,heap     ] GC(680) Eden regions: 66->0(292)
[389.775s][info][gc,heap     ] GC(680) Survivor regions: 12->21(36)
[389.775s][info][gc,heap     ] GC(680) Old regions: 69->69
[389.775s][info][gc,heap     ] GC(680) Humongous regions: 355->3
[389.775s][info][gc,metaspace] GC(680) Metaspace: 42805K(43264K)->42805K(43264K) NonClass: 38466K(38720K)->38466K(38720K) Class: 4339K(4544K)->4339K(4544K)
[389.775s][info][gc          ] GC(680) Pause Young (Prepare Mixed) (G1 Evacuation Pause) 500M->91M(523M) 35.360ms
[389.775s][info][gc,cpu      ] GC(680) User=0.05s Sys=0.01s Real=0.04s
[390.583s][info][gc,start    ] GC(681) Pause Young (Mixed) (G1 Evacuation Pause)
[390.583s][info][gc,task     ] GC(681) Using 2 workers of 2 for evacuation
[390.645s][info][gc,phases   ] GC(681)   Pre Evacuate Collection Set: 0.35ms
[390.645s][info][gc,phases   ] GC(681)   Merge Heap Roots: 0.18ms
[390.645s][info][gc,phases   ] GC(681)   Evacuate Collection Set: 60.84ms
[390.645s][info][gc,phases   ] GC(681)   Post Evacuate Collection Set: 1.02ms
[390.645s][info][gc,phases   ] GC(681)   Other: 0.08ms
[390.645s][info][gc,heap     ] GC(681) Eden regions: 86->0(333)
[390.645s][info][gc,heap     ] GC(681) Survivor regions: 21->36(42)
[390.645s][info][gc,heap     ] GC(681) Old regions: 69->63
[390.645s][info][gc,heap     ] GC(681) Humongous regions: 403->1
[390.645s][info][gc,metaspace] GC(681) Metaspace: 42805K(43264K)->42805K(43264K) NonClass: 38466K(38720K)->38466K(38720K) Class: 4339K(4544K)->4339K(4544K)
[390.645s][info][gc          ] GC(681) Pause Young (Mixed) (G1 Evacuation Pause) 577M->98M(616M) 62.700ms
[390.645s][info][gc,cpu      ] GC(681) User=0.09s Sys=0.03s Real=0.06s
[390.865s][info][gc,start    ] GC(682) Pause Young (Concurrent Start) (G1 Humongous Allocation)
[390.866s][info][gc,task     ] GC(682) Using 2 workers of 2 for evacuation
[390.877s][info][gc,phases   ] GC(682)   Pre Evacuate Collection Set: 0.32ms
[390.877s][info][gc,phases   ] GC(682)   Merge Heap Roots: 0.08ms
[390.877s][info][gc,phases   ] GC(682)   Evacuate Collection Set: 9.74ms
[390.877s][info][gc,phases   ] GC(682)   Post Evacuate Collection Set: 0.69ms
[390.877s][info][gc,phases   ] GC(682)   Other: 0.12ms
[390.877s][info][gc,heap     ] GC(682) Eden regions: 44->0(364)
[390.877s][info][gc,heap     ] GC(682) Survivor regions: 36->5(47)
[390.877s][info][gc,heap     ] GC(682) Old regions: 63->66
[390.877s][info][gc,heap     ] GC(682) Humongous regions: 27->1
[390.877s][info][gc,metaspace] GC(682) Metaspace: 42805K(43264K)->42805K(43264K) NonClass: 38466K(38720K)->38466K(38720K) Class: 4339K(4544K)->4339K(4544K)
[390.877s][info][gc          ] GC(682) Pause Young (Concurrent Start) (G1 Humongous Allocation) 167M->70M(616M) 11.202ms
[390.877s][info][gc,cpu      ] GC(682) User=0.02s Sys=0.00s Real=0.01s
[390.877s][info][gc          ] GC(683) Concurrent Undo Cycle
[390.877s][info][gc,marking  ] GC(683) Concurrent Clear Claimed Marks
[390.877s][info][gc,marking  ] GC(683) Concurrent Clear Claimed Marks 0.070ms
[390.877s][info][gc,marking  ] GC(683) Concurrent Cleanup for Next Mark
[390.877s][info][gc,marking  ] GC(683) Concurrent Cleanup for Next Mark 0.261ms
[390.877s][info][gc          ] GC(683) Concurrent Undo Cycle 0.608ms
[390.884s][info][gc,start    ] GC(684) Pause Young (Concurrent Start) (G1 Humongous Allocation)
[390.884s][info][gc,task     ] GC(684) Using 2 workers of 2 for evacuation
[390.890s][info][gc,phases   ] GC(684)   Pre Evacuate Collection Set: 0.40ms
[390.890s][info][gc,phases   ] GC(684)   Merge Heap Roots: 0.06ms
[390.890s][info][gc,phases   ] GC(684)   Evacuate Collection Set: 4.84ms
[390.890s][info][gc,phases   ] GC(684)   Post Evacuate Collection Set: 0.35ms
[390.890s][info][gc,phases   ] GC(684)   Other: 0.08ms
[390.890s][info][gc,heap     ] GC(684) Eden regions: 1->0(363)
[390.890s][info][gc,heap     ] GC(684) Survivor regions: 5->6(47)
[390.890s][info][gc,heap     ] GC(684) Old regions: 66->66
[390.890s][info][gc,heap     ] GC(684) Humongous regions: 3->1
[390.890s][info][gc,metaspace] GC(684) Metaspace: 42805K(43264K)->42805K(43264K) NonClass: 38466K(38720K)->38466K(38720K) Class: 4339K(4544K)->4339K(4544K)
[390.890s][info][gc          ] GC(684) Pause Young (Concurrent Start) (G1 Humongous Allocation) 73M->71M(616M) 5.909ms
[390.890s][info][gc,cpu      ] GC(684) User=0.01s Sys=0.00s Real=0.00s
[390.890s][info][gc          ] GC(685) Concurrent Mark Cycle
[390.890s][info][gc,marking  ] GC(685) Concurrent Scan Root Regions
[390.894s][info][gc,marking  ] GC(685) Concurrent Scan Root Regions 4.045ms
[390.894s][info][gc,marking  ] GC(685) Concurrent Mark
[390.894s][info][gc,marking  ] GC(685) Concurrent Mark From Roots
[390.894s][info][gc,task     ] GC(685) Using 1 workers of 1 for marking
[391.014s][info][gc,marking  ] GC(685) Concurrent Mark From Roots 119.706ms
[391.014s][info][gc,marking  ] GC(685) Concurrent Preclean
[391.014s][info][gc,marking  ] GC(685) Concurrent Preclean 0.113ms
[391.014s][info][gc,start    ] GC(685) Pause Remark
[391.036s][info][gc          ] GC(685) Pause Remark 104M->99M(256M) 21.849ms
[391.036s][info][gc,cpu      ] GC(685) User=0.04s Sys=0.01s Real=0.02s
[391.036s][info][gc,marking  ] GC(685) Concurrent Mark 142.032ms
[391.036s][info][gc,marking  ] GC(685) Concurrent Rebuild Remembered Sets and Scrub Regions
[391.069s][info][gc,marking  ] GC(685) Concurrent Rebuild Remembered Sets and Scrub Regions 33.347ms
[391.070s][info][gc,start    ] GC(685) Pause Cleanup
[391.070s][info][gc          ] GC(685) Pause Cleanup 104M->104M(256M) 0.057ms
[391.070s][info][gc,cpu      ] GC(685) User=0.00s Sys=0.00s Real=0.00s
[391.070s][info][gc,marking  ] GC(685) Concurrent Clear Claimed Marks
[391.070s][info][gc,marking  ] GC(685) Concurrent Clear Claimed Marks 0.043ms
[391.070s][info][gc,marking  ] GC(685) Concurrent Cleanup for Next Mark
[391.071s][info][gc,marking  ] GC(685) Concurrent Cleanup for Next Mark 1.002ms
[391.071s][info][gc          ] GC(685) Concurrent Mark Cycle 180.906ms
[391.491s][info][gc,start    ] GC(686) Pause Young (Prepare Mixed) (G1 Evacuation Pause)
[391.491s][info][gc,task     ] GC(686) Using 2 workers of 2 for evacuation
[391.502s][info][gc,phases   ] GC(686)   Pre Evacuate Collection Set: 0.22ms
[391.502s][info][gc,phases   ] GC(686)   Merge Heap Roots: 0.09ms
[391.502s][info][gc,phases   ] GC(686)   Evacuate Collection Set: 9.67ms
[391.502s][info][gc,phases   ] GC(686)   Post Evacuate Collection Set: 0.61ms
[391.502s][info][gc,phases   ] GC(686)   Other: 0.10ms
[391.502s][info][gc,heap     ] GC(686) Eden regions: 147->0(142)
[391.502s][info][gc,heap     ] GC(686) Survivor regions: 6->7(20)
[391.502s][info][gc,heap     ] GC(686) Old regions: 61->61
[391.502s][info][gc,heap     ] GC(686) Humongous regions: 17->1
[391.502s][info][gc,metaspace] GC(686) Metaspace: 42850K(43264K)->42850K(43264K) NonClass: 38511K(38720K)->38511K(38720K) Class: 4339K(4544K)->4339K(4544K)
[391.502s][info][gc          ] GC(686) Pause Young (Prepare Mixed) (G1 Evacuation Pause) 229M->67M(256M) 10.965ms
[391.502s][info][gc,cpu      ] GC(686) User=0.02s Sys=0.00s Real=0.01s
[391.903s][info][gc,start    ] GC(687) Pause Young (Mixed) (G1 Evacuation Pause)
[391.903s][info][gc,task     ] GC(687) Using 2 workers of 2 for evacuation
[391.913s][info][gc,phases   ] GC(687)   Pre Evacuate Collection Set: 0.20ms
[391.913s][info][gc,phases   ] GC(687)   Merge Heap Roots: 0.09ms
[391.913s][info][gc,phases   ] GC(687)   Evacuate Collection Set: 8.89ms
[391.913s][info][gc,phases   ] GC(687)   Post Evacuate Collection Set: 0.70ms
[391.913s][info][gc,phases   ] GC(687)   Other: 0.11ms
[391.913s][info][gc,heap     ] GC(687) Eden regions: 142->0(144)
[391.913s][info][gc,heap     ] GC(687) Survivor regions: 7->9(19)
[391.913s][info][gc,heap     ] GC(687) Old regions: 61->56
[391.913s][info][gc,heap     ] GC(687) Humongous regions: 1->1
[391.913s][info][gc,metaspace] GC(687) Metaspace: 42850K(43264K)->42850K(43264K) NonClass: 38511K(38720K)->38511K(38720K) Class: 4339K(4544K)->4339K(4544K)
[391.913s][info][gc          ] GC(687) Pause Young (Mixed) (G1 Evacuation Pause) 209M->64M(256M) 10.220ms
[391.913s][info][gc,cpu      ] GC(687) User=0.02s Sys=0.00s Real=0.01s
[392.296s][info][gc,start    ] GC(688) Pause Young (Concurrent Start) (G1 Evacuation Pause)
[392.296s][info][gc,task     ] GC(688) Using 2 workers of 2 for evacuation
[392.304s][info][gc,phases   ] GC(688)   Pre Evacuate Collection Set: 0.18ms
[392.304s][info][gc,phases   ] GC(688)   Merge Heap Roots: 0.09ms
[392.304s][info][gc,phases   ] GC(688)   Evacuate Collection Set: 7.28ms
[392.304s][info][gc,phases   ] GC(688)   Post Evacuate Collection Set: 0.58ms
[392.304s][info][gc,phases   ] GC(688)   Other: 0.12ms
[392.304s][info][gc,heap     ] GC(688) Eden regions: 144->0(143)
[392.304s][info][gc,heap     ] GC(688) Survivor regions: 9->10(20)
[392.304s][info][gc,heap     ] GC(688) Old regions: 56->56
[392.304s][info][gc,heap     ] GC(688) Humongous regions: 1->1
[392.304s][info][gc,metaspace] GC(688) Metaspace: 42852K(43264K)->42852K(43264K) NonClass: 38512K(38720K)->38512K(38720K) Class: 4339K(4544K)->4339K(4544K)
[392.304s][info][gc          ] GC(688) Pause Young (Concurrent Start) (G1 Evacuation Pause) 208M->65M(256M) 8.514ms
[392.304s][info][gc,cpu      ] GC(688) User=0.01s Sys=0.00s Real=0.01s
[392.305s][info][gc          ] GC(689) Concurrent Mark Cycle
[392.305s][info][gc,marking  ] GC(689) Concurrent Scan Root Regions
[392.312s][info][gc,marking  ] GC(689) Concurrent Scan Root Regions 6.532ms
[392.312s][info][gc,marking  ] GC(689) Concurrent Mark
[392.312s][info][gc,marking  ] GC(689) Concurrent Mark From Roots
[392.312s][info][gc,task     ] GC(689) Using 1 workers of 1 for marking
[392.401s][info][gc,marking  ] GC(689) Concurrent Mark From Roots 88.927ms
[392.401s][info][gc,marking  ] GC(689) Concurrent Preclean
[392.401s][info][gc,marking  ] GC(689) Concurrent Preclean 0.096ms
[392.401s][info][gc,start    ] GC(689) Pause Remark
[392.419s][info][gc          ] GC(689) Pause Remark 94M->94M(256M) 18.103ms
[392.419s][info][gc,cpu      ] GC(689) User=0.03s Sys=0.00s Real=0.02s
[392.420s][info][gc,marking  ] GC(689) Concurrent Mark 107.495ms
[392.420s][info][gc,marking  ] GC(689) Concurrent Rebuild Remembered Sets and Scrub Regions
[392.455s][info][gc,marking  ] GC(689) Concurrent Rebuild Remembered Sets and Scrub Regions 35.562ms
[392.455s][info][gc,start    ] GC(689) Pause Cleanup
[392.455s][info][gc          ] GC(689) Pause Cleanup 104M->104M(256M) 0.062ms
[392.455s][info][gc,cpu      ] GC(689) User=0.00s Sys=0.00s Real=0.00s
[392.455s][info][gc,marking  ] GC(689) Concurrent Clear Claimed Marks
[392.456s][info][gc,marking  ] GC(689) Concurrent Clear Claimed Marks 0.042ms
[392.456s][info][gc,marking  ] GC(689) Concurrent Cleanup for Next Mark
[392.456s][info][gc,marking  ] GC(689) Concurrent Cleanup for Next Mark 0.802ms
[392.456s][info][gc          ] GC(689) Concurrent Mark Cycle 150.956ms
[392.761s][info][gc,start    ] GC(690) Pause Young (Prepare Mixed) (G1 Evacuation Pause)
[392.761s][info][gc,task     ] GC(690) Using 2 workers of 2 for evacuation
[392.767s][info][gc,phases   ] GC(690)   Pre Evacuate Collection Set: 0.18ms
[392.767s][info][gc,phases   ] GC(690)   Merge Heap Roots: 0.10ms
[392.767s][info][gc,phases   ] GC(690)   Evacuate Collection Set: 5.17ms
[392.767s][info][gc,phases   ] GC(690)   Post Evacuate Collection Set: 0.59ms
[392.767s][info][gc,phases   ] GC(690)   Other: 0.10ms
[392.767s][info][gc,heap     ] GC(690) Eden regions: 143->0(146)
[392.767s][info][gc,heap     ] GC(690) Survivor regions: 10->7(20)
[392.767s][info][gc,heap     ] GC(690) Old regions: 56->56
[392.767s][info][gc,heap     ] GC(690) Humongous regions: 1->1
[392.767s][info][gc,metaspace] GC(690) Metaspace: 42852K(43264K)->42852K(43264K) NonClass: 38512K(38720K)->38512K(38720K) Class: 4339K(4544K)->4339K(4544K)
[392.767s][info][gc          ] GC(690) Pause Young (Prepare Mixed) (G1 Evacuation Pause) 208M->62M(256M) 6.378ms
[392.767s][info][gc,cpu      ] GC(690) User=0.01s Sys=0.00s Real=0.01s
[393.159s][info][gc,start    ] GC(691) Pause Young (Mixed) (G1 Evacuation Pause)
[393.159s][info][gc,task     ] GC(691) Using 2 workers of 2 for evacuation
[393.173s][info][gc,phases   ] GC(691)   Pre Evacuate Collection Set: 0.22ms
[393.173s][info][gc,phases   ] GC(691)   Merge Heap Roots: 0.12ms
[393.173s][info][gc,phases   ] GC(691)   Evacuate Collection Set: 13.02ms
[393.173s][info][gc,phases   ] GC(691)   Post Evacuate Collection Set: 0.53ms
[393.173s][info][gc,phases   ] GC(691)   Other: 0.09ms
[393.173s][info][gc,heap     ] GC(691) Eden regions: 146->0(143)
[393.173s][info][gc,heap     ] GC(691) Survivor regions: 7->10(20)
[393.173s][info][gc,heap     ] GC(691) Old regions: 56->52
[393.173s][info][gc,heap     ] GC(691) Humongous regions: 1->1
[393.173s][info][gc,metaspace] GC(691) Metaspace: 42866K(43264K)->42866K(43264K) NonClass: 38527K(38720K)->38527K(38720K) Class: 4339K(4544K)->4339K(4544K)
[393.173s][info][gc          ] GC(691) Pause Young (Mixed) (G1 Evacuation Pause) 208M->62M(256M) 14.217ms
[393.173s][info][gc,cpu      ] GC(691) User=0.02s Sys=0.01s Real=0.02s
[393.578s][info][gc,start    ] GC(692) Pause Young (Concurrent Start) (G1 Evacuation Pause)
[393.578s][info][gc,task     ] GC(692) Using 2 workers of 2 for evacuation
[393.585s][info][gc,phases   ] GC(692)   Pre Evacuate Collection Set: 0.17ms
[393.585s][info][gc,phases   ] GC(692)   Merge Heap Roots: 0.08ms
[393.585s][info][gc,phases   ] GC(692)   Evacuate Collection Set: 5.63ms
[393.585s][info][gc,phases   ] GC(692)   Post Evacuate Collection Set: 0.45ms
[393.585s][info][gc,phases   ] GC(692)   Other: 0.18ms
[393.585s][info][gc,heap     ] GC(692) Eden regions: 143->0(145)
[393.585s][info][gc,heap     ] GC(692) Survivor regions: 10->8(20)
[393.585s][info][gc,heap     ] GC(692) Old regions: 52->52
[393.585s][info][gc,heap     ] GC(692) Humongous regions: 1->1
[393.585s][info][gc,metaspace] GC(692) Metaspace: 42866K(43264K)->42866K(43264K) NonClass: 38527K(38720K)->38527K(38720K) Class: 4339K(4544K)->4339K(4544K)
[393.585s][info][gc          ] GC(692) Pause Young (Concurrent Start) (G1 Evacuation Pause) 205M->60M(256M) 6.765ms
[393.585s][info][gc,cpu      ] GC(692) User=0.01s Sys=0.00s Real=0.01s
[393.585s][info][gc          ] GC(693) Concurrent Mark Cycle
[393.585s][info][gc,marking  ] GC(693) Concurrent Scan Root Regions
[393.593s][info][gc,marking  ] GC(693) Concurrent Scan Root Regions 7.845ms
[393.593s][info][gc,marking  ] GC(693) Concurrent Mark
[393.593s][info][gc,marking  ] GC(693) Concurrent Mark From Roots
[393.593s][info][gc,task     ] GC(693) Using 1 workers of 1 for marking
[393.701s][info][gc,marking  ] GC(693) Concurrent Mark From Roots 108.312ms
[393.701s][info][gc,marking  ] GC(693) Concurrent Preclean
[393.702s][info][gc,marking  ] GC(693) Concurrent Preclean 0.110ms
[393.702s][info][gc,start    ] GC(693) Pause Remark
[393.720s][info][gc          ] GC(693) Pause Remark 89M->89M(256M) 18.129ms
[393.720s][info][gc,cpu      ] GC(693) User=0.03s Sys=0.00s Real=0.02s
[393.720s][info][gc,marking  ] GC(693) Concurrent Mark 126.911ms
[393.720s][info][gc,marking  ] GC(693) Concurrent Rebuild Remembered Sets and Scrub Regions
[393.770s][info][gc,marking  ] GC(693) Concurrent Rebuild Remembered Sets and Scrub Regions 50.265ms
[393.770s][info][gc,start    ] GC(693) Pause Cleanup
[393.770s][info][gc          ] GC(693) Pause Cleanup 102M->102M(256M) 0.083ms
[393.770s][info][gc,cpu      ] GC(693) User=0.00s Sys=0.00s Real=0.00s
[393.771s][info][gc,marking  ] GC(693) Concurrent Clear Claimed Marks
[393.771s][info][gc,marking  ] GC(693) Concurrent Clear Claimed Marks 0.053ms
[393.771s][info][gc,marking  ] GC(693) Concurrent Cleanup for Next Mark
[393.771s][info][gc,marking  ] GC(693) Concurrent Cleanup for Next Mark 0.821ms
[393.771s][info][gc          ] GC(693) Concurrent Mark Cycle 186.441ms
[394.087s][info][gc,start    ] GC(694) Pause Young (Prepare Mixed) (G1 Evacuation Pause)
[394.087s][info][gc,task     ] GC(694) Using 2 workers of 2 for evacuation
[394.096s][info][gc,phases   ] GC(694)   Pre Evacuate Collection Set: 0.21ms
[394.096s][info][gc,phases   ] GC(694)   Merge Heap Roots: 0.09ms
[394.096s][info][gc,phases   ] GC(694)   Evacuate Collection Set: 7.77ms
[394.096s][info][gc,phases   ] GC(694)   Post Evacuate Collection Set: 0.51ms
[394.096s][info][gc,phases   ] GC(694)   Other: 0.08ms
[394.096s][info][gc,heap     ] GC(694) Eden regions: 145->0(142)
[394.096s][info][gc,heap     ] GC(694) Survivor regions: 8->11(20)
[394.096s][info][gc,heap     ] GC(694) Old regions: 52->52
[394.096s][info][gc,heap     ] GC(694) Humongous regions: 1->1
[394.096s][info][gc,metaspace] GC(694) Metaspace: 42870K(43264K)->42870K(43264K) NonClass: 38531K(38720K)->38531K(38720K) Class: 4339K(4544K)->4339K(4544K)
[394.096s][info][gc          ] GC(694) Pause Young (Prepare Mixed) (G1 Evacuation Pause) 205M->63M(256M) 8.893ms
[394.096s][info][gc,cpu      ] GC(694) User=0.01s Sys=0.00s Real=0.01s
[394.512s][info][gc,start    ] GC(695) Pause Young (Mixed) (G1 Evacuation Pause)
[394.512s][info][gc,task     ] GC(695) Using 2 workers of 2 for evacuation
[394.532s][info][gc,phases   ] GC(695)   Pre Evacuate Collection Set: 0.20ms
[394.532s][info][gc,phases   ] GC(695)   Merge Heap Roots: 0.20ms
[394.532s][info][gc,phases   ] GC(695)   Evacuate Collection Set: 18.64ms
[394.532s][info][gc,phases   ] GC(695)   Post Evacuate Collection Set: 1.07ms
[394.532s][info][gc,phases   ] GC(695)   Other: 0.08ms
[394.532s][info][gc,heap     ] GC(695) Eden regions: 142->0(142)
[394.532s][info][gc,heap     ] GC(695) Survivor regions: 11->11(20)
[394.532s][info][gc,heap     ] GC(695) Old regions: 52->50
[394.532s][info][gc,heap     ] GC(695) Humongous regions: 1->1
[394.532s][info][gc,metaspace] GC(695) Metaspace: 42873K(43264K)->42873K(43264K) NonClass: 38534K(38720K)->38534K(38720K) Class: 4339K(4544K)->4339K(4544K)
[394.532s][info][gc          ] GC(695) Pause Young (Mixed) (G1 Evacuation Pause) 205M->60M(256M) 20.424ms
[394.532s][info][gc,cpu      ] GC(695) User=0.04s Sys=0.00s Real=0.02s
[395.552s][info][gc,start    ] GC(696) Pause Young (Concurrent Start) (G1 Humongous Allocation)
[395.552s][info][gc,task     ] GC(696) Using 2 workers of 2 for evacuation
[395.560s][info][gc,phases   ] GC(696)   Pre Evacuate Collection Set: 0.18ms
[395.560s][info][gc,phases   ] GC(696)   Merge Heap Roots: 0.09ms
[395.560s][info][gc,phases   ] GC(696)   Evacuate Collection Set: 6.53ms
[395.560s][info][gc,phases   ] GC(696)   Post Evacuate Collection Set: 0.69ms
[395.560s][info][gc,phases   ] GC(696)   Other: 0.12ms
[395.560s][info][gc,heap     ] GC(696) Eden regions: 139->0(148)
[395.560s][info][gc,heap     ] GC(696) Survivor regions: 11->5(20)
[395.560s][info][gc,heap     ] GC(696) Old regions: 50->50
[395.560s][info][gc,heap     ] GC(696) Humongous regions: 1->1
[395.560s][info][gc,metaspace] GC(696) Metaspace: 42874K(43264K)->42874K(43264K) NonClass: 38535K(38720K)->38535K(38720K) Class: 4339K(4544K)->4339K(4544K)
[395.560s][info][gc          ] GC(696) Pause Young (Concurrent Start) (G1 Humongous Allocation) 199M->54M(256M) 7.829ms
[395.560s][info][gc,cpu      ] GC(696) User=0.01s Sys=0.00s Real=0.00s
[395.560s][info][gc          ] GC(697) Concurrent Mark Cycle
[395.560s][info][gc,marking  ] GC(697) Concurrent Scan Root Regions
[395.564s][info][gc,marking  ] GC(697) Concurrent Scan Root Regions 3.651ms
[395.564s][info][gc,marking  ] GC(697) Concurrent Mark
[395.564s][info][gc,marking  ] GC(697) Concurrent Mark From Roots
[395.564s][info][gc,task     ] GC(697) Using 1 workers of 1 for marking
[395.633s][info][gc,marking  ] GC(697) Concurrent Mark From Roots 69.334ms
[395.633s][info][gc,marking  ] GC(697) Concurrent Preclean
[395.633s][info][gc,marking  ] GC(697) Concurrent Preclean 0.192ms
[395.634s][info][gc,start    ] GC(697) Pause Remark
[395.653s][info][gc          ] GC(697) Pause Remark 63M->62M(256M) 19.818ms
[395.653s][info][gc,cpu      ] GC(697) User=0.04s Sys=0.00s Real=0.02s
[395.654s][info][gc,marking  ] GC(697) Concurrent Mark 90.430ms
[395.654s][info][gc,marking  ] GC(697) Concurrent Rebuild Remembered Sets and Scrub Regions
[395.684s][info][gc,marking  ] GC(697) Concurrent Rebuild Remembered Sets and Scrub Regions 29.666ms
[395.684s][info][gc,start    ] GC(697) Pause Cleanup
[395.684s][info][gc          ] GC(697) Pause Cleanup 66M->66M(256M) 0.050ms
[395.684s][info][gc,cpu      ] GC(697) User=0.00s Sys=0.00s Real=0.00s
[395.684s][info][gc,marking  ] GC(697) Concurrent Clear Claimed Marks
[395.684s][info][gc,marking  ] GC(697) Concurrent Clear Claimed Marks 0.038ms
[395.684s][info][gc,marking  ] GC(697) Concurrent Cleanup for Next Mark
[395.685s][info][gc,marking  ] GC(697) Concurrent Cleanup for Next Mark 0.789ms
[395.685s][info][gc          ] GC(697) Concurrent Mark Cycle 124.937ms
[396.547s][info][gc,start    ] GC(698) Pause Young (Prepare Mixed) (G1 Evacuation Pause)
[396.547s][info][gc,task     ] GC(698) Using 2 workers of 2 for evacuation
[396.562s][info][gc,phases   ] GC(698)   Pre Evacuate Collection Set: 0.20ms
[396.562s][info][gc,phases   ] GC(698)   Merge Heap Roots: 0.10ms
[396.562s][info][gc,phases   ] GC(698)   Evacuate Collection Set: 14.02ms
[396.562s][info][gc,phases   ] GC(698)   Post Evacuate Collection Set: 0.63ms
[396.562s][info][gc,phases   ] GC(698)   Other: 0.14ms
[396.562s][info][gc,heap     ] GC(698) Eden regions: 148->0(140)
[396.562s][info][gc,heap     ] GC(698) Survivor regions: 5->13(20)
[396.562s][info][gc,heap     ] GC(698) Old regions: 49->49
[396.562s][info][gc,heap     ] GC(698) Humongous regions: 13->3
[396.562s][info][gc,metaspace] GC(698) Metaspace: 42903K(43392K)->42903K(43392K) NonClass: 38564K(38848K)->38564K(38848K) Class: 4339K(4544K)->4339K(4544K)
[396.562s][info][gc          ] GC(698) Pause Young (Prepare Mixed) (G1 Evacuation Pause) 214M->63M(256M) 15.345ms
[396.562s][info][gc,cpu      ] GC(698) User=0.03s Sys=0.00s Real=0.02s
[396.986s][info][gc,start    ] GC(699) Pause Young (Mixed) (G1 Evacuation Pause)
[396.986s][info][gc,task     ] GC(699) Using 2 workers of 2 for evacuation
[397.025s][info][gc,phases   ] GC(699)   Pre Evacuate Collection Set: 0.20ms
[397.025s][info][gc,phases   ] GC(699)   Merge Heap Roots: 0.24ms
[397.025s][info][gc,phases   ] GC(699)   Evacuate Collection Set: 37.79ms
[397.025s][info][gc,phases   ] GC(699)   Post Evacuate Collection Set: 0.60ms
[397.025s][info][gc,phases   ] GC(699)   Other: 0.08ms
[397.025s][info][gc,heap     ] GC(699) Eden regions: 140->0(137)
[397.025s][info][gc,heap     ] GC(699) Survivor regions: 13->16(20)
[397.025s][info][gc,heap     ] GC(699) Old regions: 49->55
[397.025s][info][gc,heap     ] GC(699) Humongous regions: 4->4
[397.025s][info][gc,metaspace] GC(699) Metaspace: 42903K(43392K)->42903K(43392K) NonClass: 38564K(38848K)->38564K(38848K) Class: 4339K(4544K)->4339K(4544K)
[397.026s][info][gc          ] GC(699) Pause Young (Mixed) (G1 Evacuation Pause) 204M->74M(256M) 39.158ms
[397.026s][info][gc,cpu      ] GC(699) User=0.08s Sys=0.00s Real=0.04s
[397.338s][info][gc,start    ] GC(700) Pause Young (Concurrent Start) (G1 Humongous Allocation)
[397.338s][info][gc,task     ] GC(700) Using 2 workers of 2 for evacuation
[397.371s][info][gc,phases   ] GC(700)   Pre Evacuate Collection Set: 0.18ms
[397.371s][info][gc,phases   ] GC(700)   Merge Heap Roots: 0.07ms
[397.371s][info][gc,phases   ] GC(700)   Evacuate Collection Set: 32.10ms
[397.371s][info][gc,phases   ] GC(700)   Post Evacuate Collection Set: 0.50ms
[397.371s][info][gc,phases   ] GC(700)   Other: 0.09ms
[397.371s][info][gc,heap     ] GC(700) Eden regions: 114->0(134)
[397.371s][info][gc,heap     ] GC(700) Survivor regions: 16->13(20)
[397.371s][info][gc,heap     ] GC(700) Old regions: 55->71
[397.371s][info][gc,heap     ] GC(700) Humongous regions: 4->4
[397.371s][info][gc,metaspace] GC(700) Metaspace: 42903K(43392K)->42903K(43392K) NonClass: 38564K(38848K)->38564K(38848K) Class: 4339K(4544K)->4339K(4544K)
[397.371s][info][gc          ] GC(700) Pause Young (Concurrent Start) (G1 Humongous Allocation) 188M->87M(256M) 33.161ms
[397.371s][info][gc,cpu      ] GC(700) User=0.06s Sys=0.00s Real=0.03s
[397.371s][info][gc          ] GC(701) Concurrent Mark Cycle
[397.371s][info][gc,marking  ] GC(701) Concurrent Scan Root Regions
[397.418s][info][gc,marking  ] GC(701) Concurrent Scan Root Regions 47.092ms
[397.418s][info][gc,marking  ] GC(701) Concurrent Mark
[397.418s][info][gc,marking  ] GC(701) Concurrent Mark From Roots
[397.418s][info][gc,task     ] GC(701) Using 1 workers of 1 for marking
[397.555s][info][gc,marking  ] GC(701) Concurrent Mark From Roots 136.912ms
[397.555s][info][gc,marking  ] GC(701) Concurrent Preclean
[397.555s][info][gc,marking  ] GC(701) Concurrent Preclean 0.118ms
[397.555s][info][gc,start    ] GC(701) Pause Remark
[397.576s][info][gc          ] GC(701) Pause Remark 130M->130M(256M) 20.129ms
[397.576s][info][gc,cpu      ] GC(701) User=0.04s Sys=0.00s Real=0.02s
[397.576s][info][gc,marking  ] GC(701) Concurrent Mark 157.472ms
[397.576s][info][gc,marking  ] GC(701) Concurrent Rebuild Remembered Sets and Scrub Regions
[397.675s][info][gc,marking  ] GC(701) Concurrent Rebuild Remembered Sets and Scrub Regions 99.110ms
[397.675s][info][gc,start    ] GC(701) Pause Cleanup
[397.676s][info][gc          ] GC(701) Pause Cleanup 150M->150M(256M) 0.085ms
[397.676s][info][gc,cpu      ] GC(701) User=0.00s Sys=0.00s Real=0.00s
[397.676s][info][gc,marking  ] GC(701) Concurrent Clear Claimed Marks
[397.676s][info][gc,marking  ] GC(701) Concurrent Clear Claimed Marks 0.055ms
[397.676s][info][gc,marking  ] GC(701) Concurrent Cleanup for Next Mark
[397.681s][info][gc,marking  ] GC(701) Concurrent Cleanup for Next Mark 5.574ms
[397.681s][info][gc          ] GC(701) Concurrent Mark Cycle 310.373ms
[397.869s][info][gc,start    ] GC(702) Pause Young (Prepare Mixed) (G1 Evacuation Pause)
[397.869s][info][gc,task     ] GC(702) Using 2 workers of 2 for evacuation
[397.903s][info][gc,phases   ] GC(702)   Pre Evacuate Collection Set: 0.17ms
[397.903s][info][gc,phases   ] GC(702)   Merge Heap Roots: 0.10ms
[397.903s][info][gc,phases   ] GC(702)   Evacuate Collection Set: 33.18ms
[397.903s][info][gc,phases   ] GC(702)   Post Evacuate Collection Set: 0.49ms
[397.903s][info][gc,phases   ] GC(702)   Other: 0.10ms
[397.903s][info][gc,heap     ] GC(702) Eden regions: 134->0(121)
[397.903s][info][gc,heap     ] GC(702) Survivor regions: 13->14(19)
[397.903s][info][gc,heap     ] GC(702) Old regions: 71->83
[397.903s][info][gc,heap     ] GC(702) Humongous regions: 6->6
[397.903s][info][gc,metaspace] GC(702) Metaspace: 42903K(43392K)->42903K(43392K) NonClass: 38564K(38848K)->38564K(38848K) Class: 4339K(4544K)->4339K(4544K)
[397.903s][info][gc          ] GC(702) Pause Young (Prepare Mixed) (G1 Evacuation Pause) 223M->103M(256M) 34.291ms
[397.903s][info][gc,cpu      ] GC(702) User=0.07s Sys=0.00s Real=0.04s
[398.227s][info][gc,start    ] GC(703) Pause Young (Mixed) (G1 Evacuation Pause)
[398.228s][info][gc,task     ] GC(703) Using 2 workers of 2 for evacuation
[398.270s][info][gc,phases   ] GC(703)   Pre Evacuate Collection Set: 0.19ms
[398.270s][info][gc,phases   ] GC(703)   Merge Heap Roots: 0.19ms
[398.270s][info][gc,phases   ] GC(703)   Evacuate Collection Set: 41.59ms
[398.270s][info][gc,phases   ] GC(703)   Post Evacuate Collection Set: 0.60ms
[398.270s][info][gc,phases   ] GC(703)   Other: 0.12ms
[398.270s][info][gc,heap     ] GC(703) Eden regions: 121->0(118)
[398.270s][info][gc,heap     ] GC(703) Survivor regions: 14->13(17)
[398.270s][info][gc,heap     ] GC(703) Old regions: 83->87
[398.270s][info][gc,heap     ] GC(703) Humongous regions: 6->6
[398.270s][info][gc,metaspace] GC(703) Metaspace: 42903K(43392K)->42903K(43392K) NonClass: 38564K(38848K)->38564K(38848K) Class: 4339K(4544K)->4339K(4544K)
[398.270s][info][gc          ] GC(703) Pause Young (Mixed) (G1 Evacuation Pause) 224M->106M(256M) 42.929ms
[398.270s][info][gc,cpu      ] GC(703) User=0.09s Sys=0.00s Real=0.04s
[398.394s][info][gc,start    ] GC(704) Pause Young (Concurrent Start) (G1 Humongous Allocation)
[398.394s][info][gc,task     ] GC(704) Using 2 workers of 2 for evacuation
[398.416s][info][gc,phases   ] GC(704)   Pre Evacuate Collection Set: 0.19ms
[398.416s][info][gc,phases   ] GC(704)   Merge Heap Roots: 0.21ms
[398.416s][info][gc,phases   ] GC(704)   Evacuate Collection Set: 20.63ms
[398.416s][info][gc,phases   ] GC(704)   Post Evacuate Collection Set: 1.34ms
[398.416s][info][gc,phases   ] GC(704)   Other: 0.09ms
[398.416s][info][gc,heap     ] GC(704) Eden regions: 44->0(211)
[398.416s][info][gc,heap     ] GC(704) Survivor regions: 13->6(17)
[398.416s][info][gc,heap     ] GC(704) Old regions: 87->100
[398.416s][info][gc,heap     ] GC(704) Humongous regions: 6->6
[398.416s][info][gc,metaspace] GC(704) Metaspace: 42903K(43392K)->42903K(43392K) NonClass: 38564K(38848K)->38564K(38848K) Class: 4339K(4544K)->4339K(4544K)
[398.416s][info][gc          ] GC(704) Pause Young (Concurrent Start) (G1 Humongous Allocation) 149M->111M(367M) 22.682ms
[398.416s][info][gc,cpu      ] GC(704) User=0.04s Sys=0.00s Real=0.02s
[398.417s][info][gc          ] GC(705) Concurrent Mark Cycle
[398.417s][info][gc,marking  ] GC(705) Concurrent Scan Root Regions
[398.454s][info][gc,marking  ] GC(705) Concurrent Scan Root Regions 37.677ms
[398.454s][info][gc,marking  ] GC(705) Concurrent Mark
[398.454s][info][gc,marking  ] GC(705) Concurrent Mark From Roots
[398.454s][info][gc,task     ] GC(705) Using 1 workers of 1 for marking
[398.719s][info][gc,marking  ] GC(705) Concurrent Mark From Roots 264.315ms
[398.719s][info][gc,marking  ] GC(705) Concurrent Preclean
[398.719s][info][gc,marking  ] GC(705) Concurrent Preclean 0.059ms
[398.719s][info][gc,start    ] GC(705) Pause Remark
[398.741s][info][gc          ] GC(705) Pause Remark 167M->166M(367M) 22.044ms
[398.741s][info][gc,cpu      ] GC(705) User=0.05s Sys=0.00s Real=0.02s
[398.741s][info][gc,marking  ] GC(705) Concurrent Mark 286.748ms
[398.741s][info][gc,marking  ] GC(705) Concurrent Rebuild Remembered Sets and Scrub Regions
[398.819s][info][gc,marking  ] GC(705) Concurrent Rebuild Remembered Sets and Scrub Regions 77.600ms
[398.819s][info][gc,start    ] GC(705) Pause Cleanup
[398.819s][info][gc          ] GC(705) Pause Cleanup 178M->178M(367M) 0.067ms
[398.819s][info][gc,cpu      ] GC(705) User=0.00s Sys=0.00s Real=0.00s
[398.819s][info][gc,marking  ] GC(705) Concurrent Clear Claimed Marks
[398.819s][info][gc,marking  ] GC(705) Concurrent Clear Claimed Marks 0.043ms
[398.819s][info][gc,marking  ] GC(705) Concurrent Cleanup for Next Mark
[398.822s][info][gc,marking  ] GC(705) Concurrent Cleanup for Next Mark 2.590ms
[398.822s][info][gc          ] GC(705) Concurrent Mark Cycle 405.139ms
[402.320s][info][gc,start    ] GC(706) Pause Young (Prepare Mixed) (G1 Evacuation Pause)
[402.320s][info][gc,task     ] GC(706) Using 2 workers of 2 for evacuation
[402.376s][info][gc,phases   ] GC(706)   Pre Evacuate Collection Set: 2.27ms
[402.376s][info][gc,phases   ] GC(706)   Merge Heap Roots: 0.26ms
[402.376s][info][gc,phases   ] GC(706)   Evacuate Collection Set: 52.11ms
[402.376s][info][gc,phases   ] GC(706)   Post Evacuate Collection Set: 0.82ms
[402.376s][info][gc,phases   ] GC(706)   Other: 0.10ms
[402.376s][info][gc,heap     ] GC(706) Eden regions: 211->0(192)
[402.376s][info][gc,heap     ] GC(706) Survivor regions: 6->24(28)
[402.376s][info][gc,heap     ] GC(706) Old regions: 100->100
[402.376s][info][gc,heap     ] GC(706) Humongous regions: 12->7
[402.376s][info][gc,metaspace] GC(706) Metaspace: 42917K(43392K)->42917K(43392K) NonClass: 38578K(38848K)->38578K(38848K) Class: 4339K(4544K)->4339K(4544K)
[402.376s][info][gc          ] GC(706) Pause Young (Prepare Mixed) (G1 Evacuation Pause) 328M->130M(367M) 55.828ms
[402.376s][info][gc,cpu      ] GC(706) User=0.10s Sys=0.00s Real=0.06s
[403.188s][info][gc,start    ] GC(707) Pause Young (Mixed) (G1 Evacuation Pause)
[403.188s][info][gc,task     ] GC(707) Using 2 workers of 2 for evacuation
[403.227s][info][gc,phases   ] GC(707)   Pre Evacuate Collection Set: 0.31ms
[403.227s][info][gc,phases   ] GC(707)   Merge Heap Roots: 0.35ms
[403.227s][info][gc,phases   ] GC(707)   Evacuate Collection Set: 37.41ms
[403.227s][info][gc,phases   ] GC(707)   Post Evacuate Collection Set: 0.57ms
[403.227s][info][gc,phases   ] GC(707)   Other: 0.10ms
[403.227s][info][gc,heap     ] GC(707) Eden regions: 192->0(194)
[403.227s][info][gc,heap     ] GC(707) Survivor regions: 24->6(27)
[403.227s][info][gc,heap     ] GC(707) Old regions: 100->120
[403.227s][info][gc,heap     ] GC(707) Humongous regions: 9->9
[403.227s][info][gc,metaspace] GC(707) Metaspace: 42925K(43392K)->42925K(43392K) NonClass: 38585K(38848K)->38585K(38848K) Class: 4340K(4544K)->4340K(4544K)
[403.227s][info][gc          ] GC(707) Pause Young (Mixed) (G1 Evacuation Pause) 324M->134M(367M) 38.953ms
[403.227s][info][gc,cpu      ] GC(707) User=0.08s Sys=0.00s Real=0.04s
[403.558s][info][gc,start    ] GC(708) Pause Young (Concurrent Start) (G1 Humongous Allocation)
[403.558s][info][gc,task     ] GC(708) Using 2 workers of 2 for evacuation
[403.579s][info][gc,phases   ] GC(708)   Pre Evacuate Collection Set: 0.25ms
[403.579s][info][gc,phases   ] GC(708)   Merge Heap Roots: 0.07ms
[403.579s][info][gc,phases   ] GC(708)   Evacuate Collection Set: 19.97ms
[403.579s][info][gc,phases   ] GC(708)   Post Evacuate Collection Set: 0.50ms
[403.579s][info][gc,phases   ] GC(708)   Other: 0.14ms
[403.579s][info][gc,heap     ] GC(708) Eden regions: 108->0(181)
[403.579s][info][gc,heap     ] GC(708) Survivor regions: 6->18(25)
[403.579s][info][gc,heap     ] GC(708) Old regions: 120->120
[403.579s][info][gc,heap     ] GC(708) Humongous regions: 9->9
[403.579s][info][gc,metaspace] GC(708) Metaspace: 42926K(43392K)->42926K(43392K) NonClass: 38585K(38848K)->38585K(38848K) Class: 4340K(4544K)->4340K(4544K)
[403.579s][info][gc          ] GC(708) Pause Young (Concurrent Start) (G1 Humongous Allocation) 242M->146M(367M) 21.151ms
[403.579s][info][gc,cpu      ] GC(708) User=0.04s Sys=0.00s Real=0.02s
[403.579s][info][gc          ] GC(709) Concurrent Mark Cycle
[403.579s][info][gc,marking  ] GC(709) Concurrent Scan Root Regions
[403.594s][info][gc,marking  ] GC(709) Concurrent Scan Root Regions 14.931ms
[403.594s][info][gc,marking  ] GC(709) Concurrent Mark
[403.594s][info][gc,marking  ] GC(709) Concurrent Mark From Roots
[403.594s][info][gc,task     ] GC(709) Using 1 workers of 1 for marking
[403.624s][info][gc,marking  ] GC(709) Concurrent Mark From Roots 29.984ms
[403.624s][info][gc,marking  ] GC(709) Concurrent Preclean
[403.624s][info][gc,marking  ] GC(709) Concurrent Preclean 0.079ms
[403.624s][info][gc,start    ] GC(709) Pause Remark
[403.643s][info][gc          ] GC(709) Pause Remark 159M->77M(256M) 18.470ms
[403.643s][info][gc,cpu      ] GC(709) User=0.04s Sys=0.00s Real=0.02s
[403.643s][info][gc,marking  ] GC(709) Concurrent Mark 48.931ms
[403.643s][info][gc,marking  ] GC(709) Concurrent Rebuild Remembered Sets and Scrub Regions
[403.658s][info][gc,marking  ] GC(709) Concurrent Rebuild Remembered Sets and Scrub Regions 14.987ms
[403.658s][info][gc,start    ] GC(709) Pause Cleanup
[403.658s][info][gc          ] GC(709) Pause Cleanup 82M->82M(256M) 0.056ms
[403.658s][info][gc,cpu      ] GC(709) User=0.00s Sys=0.00s Real=0.00s
[403.658s][info][gc,marking  ] GC(709) Concurrent Clear Claimed Marks
[403.658s][info][gc,marking  ] GC(709) Concurrent Clear Claimed Marks 0.044ms
[403.658s][info][gc,marking  ] GC(709) Concurrent Cleanup for Next Mark
[403.659s][info][gc,marking  ] GC(709) Concurrent Cleanup for Next Mark 0.783ms
[403.659s][info][gc          ] GC(709) Concurrent Mark Cycle 80.154ms
[404.012s][info][gc,start    ] GC(710) Pause Young (Prepare Mixed) (G1 Evacuation Pause)
[404.012s][info][gc,task     ] GC(710) Using 2 workers of 2 for evacuation
[404.051s][info][gc,phases   ] GC(710)   Pre Evacuate Collection Set: 0.21ms
[404.051s][info][gc,phases   ] GC(710)   Merge Heap Roots: 0.09ms
[404.051s][info][gc,phases   ] GC(710)   Evacuate Collection Set: 38.04ms
[404.051s][info][gc,phases   ] GC(710)   Post Evacuate Collection Set: 0.51ms
[404.051s][info][gc,phases   ] GC(710)   Other: 0.09ms
[404.051s][info][gc,heap     ] GC(710) Eden regions: 135->0(136)
[404.051s][info][gc,heap     ] GC(710) Survivor regions: 18->17(20)
[404.051s][info][gc,heap     ] GC(710) Old regions: 44->61
[404.051s][info][gc,heap     ] GC(710) Humongous regions: 4->4
[404.051s][info][gc,metaspace] GC(710) Metaspace: 42926K(43392K)->42926K(43392K) NonClass: 38585K(38848K)->38585K(38848K) Class: 4340K(4544K)->4340K(4544K)
[404.051s][info][gc          ] GC(710) Pause Young (Prepare Mixed) (G1 Evacuation Pause) 200M->81M(256M) 39.179ms
[404.051s][info][gc,cpu      ] GC(710) User=0.08s Sys=0.00s Real=0.04s
[404.458s][info][gc,start    ] GC(711) Pause Young (Mixed) (G1 Evacuation Pause)
[404.458s][info][gc,task     ] GC(711) Using 2 workers of 2 for evacuation
[404.525s][info][gc,phases   ] GC(711)   Pre Evacuate Collection Set: 0.17ms
[404.525s][info][gc,phases   ] GC(711)   Merge Heap Roots: 0.11ms
[404.525s][info][gc,phases   ] GC(711)   Evacuate Collection Set: 65.85ms
[404.525s][info][gc,phases   ] GC(711)   Post Evacuate Collection Set: 0.55ms
[404.525s][info][gc,phases   ] GC(711)   Other: 0.10ms
[404.525s][info][gc,heap     ] GC(711) Eden regions: 136->0(132)
[404.525s][info][gc,heap     ] GC(711) Survivor regions: 17->16(20)
[404.525s][info][gc,heap     ] GC(711) Old regions: 61->66
[404.525s][info][gc,heap     ] GC(711) Humongous regions: 6->6
[404.525s][info][gc,metaspace] GC(711) Metaspace: 42926K(43392K)->42926K(43392K) NonClass: 38585K(38848K)->38585K(38848K) Class: 4340K(4544K)->4340K(4544K)
[404.525s][info][gc          ] GC(711) Pause Young (Mixed) (G1 Evacuation Pause) 219M->87M(256M) 67.009ms
[404.525s][info][gc,cpu      ] GC(711) User=0.09s Sys=0.00s Real=0.07s
[404.902s][info][gc,start    ] GC(712) Pause Young (Concurrent Start) (G1 Evacuation Pause)
[404.902s][info][gc,task     ] GC(712) Using 2 workers of 2 for evacuation
[404.941s][info][gc,phases   ] GC(712)   Pre Evacuate Collection Set: 0.18ms
[404.941s][info][gc,phases   ] GC(712)   Merge Heap Roots: 0.10ms
[404.941s][info][gc,phases   ] GC(712)   Evacuate Collection Set: 38.06ms
[404.941s][info][gc,phases   ] GC(712)   Post Evacuate Collection Set: 0.48ms
[404.941s][info][gc,phases   ] GC(712)   Other: 0.15ms
[404.941s][info][gc,heap     ] GC(712) Eden regions: 132->0(119)
[404.941s][info][gc,heap     ] GC(712) Survivor regions: 16->16(19)
[404.941s][info][gc,heap     ] GC(712) Old regions: 66->82
[404.941s][info][gc,heap     ] GC(712) Humongous regions: 6->6
[404.941s][info][gc,metaspace] GC(712) Metaspace: 42926K(43392K)->42926K(43392K) NonClass: 38585K(38848K)->38585K(38848K) Class: 4340K(4544K)->4340K(4544K)
[404.941s][info][gc          ] GC(712) Pause Young (Concurrent Start) (G1 Evacuation Pause) 219M->103M(256M) 39.214ms
[404.941s][info][gc,cpu      ] GC(712) User=0.08s Sys=0.00s Real=0.03s
[404.941s][info][gc          ] GC(713) Concurrent Mark Cycle
[404.942s][info][gc,marking  ] GC(713) Concurrent Scan Root Regions
[404.971s][info][gc,marking  ] GC(713) Concurrent Scan Root Regions 29.751ms
[404.972s][info][gc,marking  ] GC(713) Concurrent Mark
[404.972s][info][gc,marking  ] GC(713) Concurrent Mark From Roots
[404.972s][info][gc,task     ] GC(713) Using 1 workers of 1 for marking
[405.053s][info][gc,marking  ] GC(713) Concurrent Mark From Roots 81.782ms
[405.053s][info][gc,marking  ] GC(713) Concurrent Preclean
[405.053s][info][gc,marking  ] GC(713) Concurrent Preclean 0.045ms
[405.054s][info][gc,start    ] GC(713) Pause Remark
[405.072s][info][gc          ] GC(713) Pause Remark 131M->130M(256M) 18.703ms
[405.072s][info][gc,cpu      ] GC(713) User=0.03s Sys=0.00s Real=0.02s
[405.072s][info][gc,marking  ] GC(713) Concurrent Mark 100.877ms
[405.072s][info][gc,marking  ] GC(713) Concurrent Rebuild Remembered Sets and Scrub Regions
[405.133s][info][gc,marking  ] GC(713) Concurrent Rebuild Remembered Sets and Scrub Regions 60.167ms
[405.133s][info][gc,start    ] GC(713) Pause Cleanup
[405.133s][info][gc          ] GC(713) Pause Cleanup 150M->150M(256M) 0.060ms
[405.133s][info][gc,cpu      ] GC(713) User=0.00s Sys=0.00s Real=0.00s
[405.133s][info][gc,marking  ] GC(713) Concurrent Clear Claimed Marks
[405.133s][info][gc,marking  ] GC(713) Concurrent Clear Claimed Marks 0.045ms
[405.133s][info][gc,marking  ] GC(713) Concurrent Cleanup for Next Mark
[405.134s][info][gc,marking  ] GC(713) Concurrent Cleanup for Next Mark 0.808ms
[405.134s][info][gc          ] GC(713) Concurrent Mark Cycle 192.274ms
[405.355s][info][gc,start    ] GC(714) Pause Young (Prepare Mixed) (G1 Evacuation Pause)
[405.355s][info][gc,task     ] GC(714) Using 2 workers of 2 for evacuation
[405.398s][info][gc,phases   ] GC(714)   Pre Evacuate Collection Set: 0.20ms
[405.398s][info][gc,phases   ] GC(714)   Merge Heap Roots: 0.13ms
[405.398s][info][gc,phases   ] GC(714)   Evacuate Collection Set: 42.22ms
[405.398s][info][gc,phases   ] GC(714)   Post Evacuate Collection Set: 0.47ms
[405.398s][info][gc,phases   ] GC(714)   Other: 0.09ms
[405.398s][info][gc,heap     ] GC(714) Eden regions: 119->0(106)
[405.398s][info][gc,heap     ] GC(714) Survivor regions: 16->14(17)
[405.398s][info][gc,heap     ] GC(714) Old regions: 82->98
[405.398s][info][gc,heap     ] GC(714) Humongous regions: 9->9
[405.398s][info][gc,metaspace] GC(714) Metaspace: 42926K(43392K)->42926K(43392K) NonClass: 38585K(38848K)->38585K(38848K) Class: 4340K(4544K)->4340K(4544K)
[405.398s][info][gc          ] GC(714) Pause Young (Prepare Mixed) (G1 Evacuation Pause) 225M->120M(256M) 43.372ms
[405.398s][info][gc,cpu      ] GC(714) User=0.09s Sys=0.00s Real=0.04s
[406.750s][info][gc,start    ] GC(715) Pause Young (Mixed) (G1 Evacuation Pause)
[406.750s][info][gc,task     ] GC(715) Using 2 workers of 2 for evacuation
[406.794s][info][gc,phases   ] GC(715)   Pre Evacuate Collection Set: 0.18ms
[406.794s][info][gc,phases   ] GC(715)   Merge Heap Roots: 0.18ms
[406.794s][info][gc,phases   ] GC(715)   Evacuate Collection Set: 42.55ms
[406.794s][info][gc,phases   ] GC(715)   Post Evacuate Collection Set: 0.50ms
[406.794s][info][gc,phases   ] GC(715)   Other: 0.08ms
[406.794s][info][gc,heap     ] GC(715) Eden regions: 106->0(102)
[406.794s][info][gc,heap     ] GC(715) Survivor regions: 14->9(15)
[406.794s][info][gc,heap     ] GC(715) Old regions: 98->105
[406.794s][info][gc,heap     ] GC(715) Humongous regions: 17->15
[406.794s][info][gc,metaspace] GC(715) Metaspace: 42926K(43392K)->42926K(43392K) NonClass: 38585K(38848K)->38585K(38848K) Class: 4340K(4544K)->4340K(4544K)
[406.794s][info][gc          ] GC(715) Pause Young (Mixed) (G1 Evacuation Pause) 234M->128M(258M) 43.737ms
[406.794s][info][gc,cpu      ] GC(715) User=0.08s Sys=0.00s Real=0.05s
[407.245s][info][gc,start    ] GC(716) Pause Young (Concurrent Start) (G1 Evacuation Pause)
[407.245s][info][gc,task     ] GC(716) Using 2 workers of 2 for evacuation
[407.272s][info][gc,phases   ] GC(716)   Pre Evacuate Collection Set: 0.22ms
[407.272s][info][gc,phases   ] GC(716)   Merge Heap Roots: 0.16ms
[407.272s][info][gc,phases   ] GC(716)   Evacuate Collection Set: 26.54ms
[407.272s][info][gc,phases   ] GC(716)   Post Evacuate Collection Set: 0.45ms
[407.272s][info][gc,phases   ] GC(716)   Other: 0.13ms
[407.272s][info][gc,heap     ] GC(716) Eden regions: 102->0(94)
[407.272s][info][gc,heap     ] GC(716) Survivor regions: 9->8(14)
[407.272s][info][gc,heap     ] GC(716) Old regions: 105->114
[407.272s][info][gc,heap     ] GC(716) Humongous regions: 15->15
[407.272s][info][gc,metaspace] GC(716) Metaspace: 42926K(43392K)->42926K(43392K) NonClass: 38585K(38848K)->38585K(38848K) Class: 4340K(4544K)->4340K(4544K)
[407.272s][info][gc          ] GC(716) Pause Young (Concurrent Start) (G1 Evacuation Pause) 230M->136M(258M) 27.820ms
[407.272s][info][gc,cpu      ] GC(716) User=0.05s Sys=0.00s Real=0.03s
[407.272s][info][gc          ] GC(717) Concurrent Mark Cycle
[407.273s][info][gc,marking  ] GC(717) Concurrent Scan Root Regions
[407.284s][info][gc,marking  ] GC(717) Concurrent Scan Root Regions 11.827ms
[407.284s][info][gc,marking  ] GC(717) Concurrent Mark
[407.284s][info][gc,marking  ] GC(717) Concurrent Mark From Roots
[407.284s][info][gc,task     ] GC(717) Using 1 workers of 1 for marking
[407.320s][info][gc,marking  ] GC(717) Concurrent Mark From Roots 35.819ms
[407.320s][info][gc,marking  ] GC(717) Concurrent Preclean
[407.320s][info][gc,marking  ] GC(717) Concurrent Preclean 0.040ms
[407.320s][info][gc,start    ] GC(717) Pause Remark
[407.338s][info][gc          ] GC(717) Pause Remark 143M->113M(258M) 17.706ms
[407.338s][info][gc,cpu      ] GC(717) User=0.04s Sys=0.00s Real=0.02s
[407.338s][info][gc,marking  ] GC(717) Concurrent Mark 54.039ms
[407.338s][info][gc,marking  ] GC(717) Concurrent Rebuild Remembered Sets and Scrub Regions
[407.366s][info][gc,marking  ] GC(717) Concurrent Rebuild Remembered Sets and Scrub Regions 27.469ms
[407.366s][info][gc,start    ] GC(717) Pause Cleanup
[407.366s][info][gc          ] GC(717) Pause Cleanup 117M->117M(258M) 0.077ms
[407.367s][info][gc,cpu      ] GC(717) User=0.00s Sys=0.00s Real=0.00s
[407.368s][info][gc,marking  ] GC(717) Concurrent Clear Claimed Marks
[407.368s][info][gc,marking  ] GC(717) Concurrent Clear Claimed Marks 0.059ms
[407.368s][info][gc,marking  ] GC(717) Concurrent Cleanup for Next Mark
[407.371s][info][gc,marking  ] GC(717) Concurrent Cleanup for Next Mark 2.530ms
[407.371s][info][gc          ] GC(717) Concurrent Mark Cycle 98.385ms
[407.905s][info][gc,start    ] GC(718) Pause Young (Prepare Mixed) (G1 Evacuation Pause)
[407.905s][info][gc,task     ] GC(718) Using 2 workers of 2 for evacuation
[407.920s][info][gc,phases   ] GC(718)   Pre Evacuate Collection Set: 0.18ms
[407.920s][info][gc,phases   ] GC(718)   Merge Heap Roots: 0.06ms
[407.920s][info][gc,phases   ] GC(718)   Evacuate Collection Set: 13.99ms
[407.920s][info][gc,phases   ] GC(718)   Post Evacuate Collection Set: 0.40ms
[407.920s][info][gc,phases   ] GC(718)   Other: 0.14ms
[407.920s][info][gc,heap     ] GC(718) Eden regions: 94->0(111)
[407.920s][info][gc,heap     ] GC(718) Survivor regions: 8->9(13)
[407.920s][info][gc,heap     ] GC(718) Old regions: 98->106
[407.920s][info][gc,heap     ] GC(718) Humongous regions: 1->1
[407.920s][info][gc,metaspace] GC(718) Metaspace: 42926K(43392K)->42926K(43392K) NonClass: 38585K(38848K)->38585K(38848K) Class: 4340K(4544K)->4340K(4544K)
[407.920s][info][gc          ] GC(718) Pause Young (Prepare Mixed) (G1 Evacuation Pause) 200M->115M(258M) 15.023ms
[407.920s][info][gc,cpu      ] GC(718) User=0.02s Sys=0.00s Real=0.01s
[408.706s][info][gc,start    ] GC(719) Pause Young (Mixed) (G1 Evacuation Pause)
[408.706s][info][gc,task     ] GC(719) Using 2 workers of 2 for evacuation
[408.725s][info][gc,phases   ] GC(719)   Pre Evacuate Collection Set: 0.23ms
[408.725s][info][gc,phases   ] GC(719)   Merge Heap Roots: 0.14ms
[408.725s][info][gc,phases   ] GC(719)   Evacuate Collection Set: 18.23ms
[408.725s][info][gc,phases   ] GC(719)   Post Evacuate Collection Set: 0.44ms
[408.725s][info][gc,phases   ] GC(719)   Other: 0.12ms
[408.725s][info][gc,heap     ] GC(719) Eden regions: 111->0(127)
[408.725s][info][gc,heap     ] GC(719) Survivor regions: 9->9(15)
[408.725s][info][gc,heap     ] GC(719) Old regions: 106->88
[408.726s][info][gc,heap     ] GC(719) Humongous regions: 1->1
[408.726s][info][gc,metaspace] GC(719) Metaspace: 42926K(43392K)->42926K(43392K) NonClass: 38585K(38848K)->38585K(38848K) Class: 4340K(4544K)->4340K(4544K)
[408.726s][info][gc          ] GC(719) Pause Young (Mixed) (G1 Evacuation Pause) 226M->98M(258M) 20.369ms
[408.726s][info][gc,cpu      ] GC(719) User=0.04s Sys=0.00s Real=0.02s
[409.667s][info][gc,start    ] GC(720) Pause Young (Mixed) (G1 Evacuation Pause)
[409.667s][info][gc,task     ] GC(720) Using 2 workers of 2 for evacuation
[409.695s][info][gc,phases   ] GC(720)   Pre Evacuate Collection Set: 0.27ms
[409.695s][info][gc,phases   ] GC(720)   Merge Heap Roots: 0.45ms
[409.695s][info][gc,phases   ] GC(720)   Evacuate Collection Set: 26.22ms
[409.695s][info][gc,phases   ] GC(720)   Post Evacuate Collection Set: 0.52ms
[409.695s][info][gc,phases   ] GC(720)   Other: 0.12ms
[409.695s][info][gc,heap     ] GC(720) Eden regions: 127->0(133)
[409.695s][info][gc,heap     ] GC(720) Survivor regions: 9->15(17)
[409.695s][info][gc,heap     ] GC(720) Old regions: 88->72
[409.695s][info][gc,heap     ] GC(720) Humongous regions: 1->1
[409.695s][info][gc,metaspace] GC(720) Metaspace: 42926K(43392K)->42926K(43392K) NonClass: 38585K(38848K)->38585K(38848K) Class: 4340K(4544K)->4340K(4544K)
[409.695s][info][gc          ] GC(720) Pause Young (Mixed) (G1 Evacuation Pause) 225M->87M(258M) 27.822ms
[409.695s][info][gc,cpu      ] GC(720) User=0.05s Sys=0.00s Real=0.03s
[410.620s][info][gc,start    ] GC(721) Pause Young (Mixed) (G1 Evacuation Pause)
[410.620s][info][gc,task     ] GC(721) Using 2 workers of 2 for evacuation
[410.655s][info][gc,phases   ] GC(721)   Pre Evacuate Collection Set: 0.20ms
[410.655s][info][gc,phases   ] GC(721)   Merge Heap Roots: 0.29ms
[410.655s][info][gc,phases   ] GC(721)   Evacuate Collection Set: 34.43ms
[410.655s][info][gc,phases   ] GC(721)   Post Evacuate Collection Set: 0.48ms
[410.655s][info][gc,phases   ] GC(721)   Other: 0.14ms
[410.655s][info][gc,heap     ] GC(721) Eden regions: 133->0(128)
[410.655s][info][gc,heap     ] GC(721) Survivor regions: 15->14(19)
[410.655s][info][gc,heap     ] GC(721) Old regions: 72->79
[410.655s][info][gc,heap     ] GC(721) Humongous regions: 1->1
[410.655s][info][gc,metaspace] GC(721) Metaspace: 42926K(43392K)->42926K(43392K) NonClass: 38585K(38848K)->38585K(38848K) Class: 4340K(4544K)->4340K(4544K)
[410.655s][info][gc          ] GC(721) Pause Young (Mixed) (G1 Evacuation Pause) 220M->93M(258M) 35.840ms
[410.655s][info][gc,cpu      ] GC(721) User=0.07s Sys=0.00s Real=0.04s
[411.262s][info][gc,start    ] GC(722) Pause Young (Concurrent Start) (G1 Humongous Allocation)
[411.262s][info][gc,task     ] GC(722) Using 2 workers of 2 for evacuation
[411.290s][info][gc,phases   ] GC(722)   Pre Evacuate Collection Set: 0.19ms
[411.290s][info][gc,phases   ] GC(722)   Merge Heap Roots: 0.06ms
[411.290s][info][gc,phases   ] GC(722)   Evacuate Collection Set: 26.32ms
[411.290s][info][gc,phases   ] GC(722)   Post Evacuate Collection Set: 0.45ms
[411.290s][info][gc,phases   ] GC(722)   Other: 0.14ms
[411.290s][info][gc,heap     ] GC(722) Eden regions: 72->0(126)
[411.290s][info][gc,heap     ] GC(722) Survivor regions: 14->8(18)
[411.290s][info][gc,heap     ] GC(722) Old regions: 79->90
[411.290s][info][gc,heap     ] GC(722) Humongous regions: 1->1
[411.290s][info][gc,metaspace] GC(722) Metaspace: 42926K(43392K)->42926K(43392K) NonClass: 38585K(38848K)->38585K(38848K) Class: 4340K(4544K)->4340K(4544K)
[411.290s][info][gc          ] GC(722) Pause Young (Concurrent Start) (G1 Humongous Allocation) 164M->98M(258M) 27.389ms
[411.290s][info][gc,cpu      ] GC(722) User=0.04s Sys=0.00s Real=0.02s
[411.290s][info][gc          ] GC(723) Concurrent Mark Cycle
[411.290s][info][gc,marking  ] GC(723) Concurrent Scan Root Regions
[411.317s][info][gc,marking  ] GC(723) Concurrent Scan Root Regions 27.486ms
[411.317s][info][gc,marking  ] GC(723) Concurrent Mark
[411.317s][info][gc,marking  ] GC(723) Concurrent Mark From Roots
[411.317s][info][gc,task     ] GC(723) Using 1 workers of 1 for marking
[411.359s][info][gc,marking  ] GC(723) Concurrent Mark From Roots 41.670ms
[411.359s][info][gc,marking  ] GC(723) Concurrent Preclean
[411.359s][info][gc,marking  ] GC(723) Concurrent Preclean 0.044ms
[411.359s][info][gc,start    ] GC(723) Pause Remark
[411.382s][info][gc          ] GC(723) Pause Remark 105M->93M(258M) 22.395ms
[411.382s][info][gc,cpu      ] GC(723) User=0.04s Sys=0.00s Real=0.02s
[411.382s][info][gc,marking  ] GC(723) Concurrent Mark 64.562ms
[411.382s][info][gc,marking  ] GC(723) Concurrent Rebuild Remembered Sets and Scrub Regions
[411.410s][info][gc,marking  ] GC(723) Concurrent Rebuild Remembered Sets and Scrub Regions 28.548ms
[411.411s][info][gc,start    ] GC(723) Pause Cleanup
[411.411s][info][gc          ] GC(723) Pause Cleanup 95M->95M(258M) 0.066ms
[411.411s][info][gc,cpu      ] GC(723) User=0.00s Sys=0.00s Real=0.00s
[411.411s][info][gc,marking  ] GC(723) Concurrent Clear Claimed Marks
[411.411s][info][gc,marking  ] GC(723) Concurrent Clear Claimed Marks 0.044ms
[411.411s][info][gc,marking  ] GC(723) Concurrent Cleanup for Next Mark
[411.412s][info][gc,marking  ] GC(723) Concurrent Cleanup for Next Mark 0.800ms
[411.412s][info][gc          ] GC(723) Concurrent Mark Cycle 121.893ms
[412.192s][info][gc,start    ] GC(724) Pause Young (Prepare Mixed) (G1 Evacuation Pause)
[412.192s][info][gc,task     ] GC(724) Using 2 workers of 2 for evacuation
[412.208s][info][gc,phases   ] GC(724)   Pre Evacuate Collection Set: 0.17ms
[412.208s][info][gc,phases   ] GC(724)   Merge Heap Roots: 0.09ms
[412.208s][info][gc,phases   ] GC(724)   Evacuate Collection Set: 15.28ms
[412.208s][info][gc,phases   ] GC(724)   Post Evacuate Collection Set: 0.70ms
[412.208s][info][gc,phases   ] GC(724)   Other: 0.09ms
[412.208s][info][gc,heap     ] GC(724) Eden regions: 126->0(145)
[412.208s][info][gc,heap     ] GC(724) Survivor regions: 8->14(17)
[412.208s][info][gc,heap     ] GC(724) Old regions: 78->78
[412.208s][info][gc,heap     ] GC(724) Humongous regions: 2->2
[412.208s][info][gc,metaspace] GC(724) Metaspace: 42926K(43392K)->42926K(43392K) NonClass: 38585K(38848K)->38585K(38848K) Class: 4340K(4544K)->4340K(4544K)
[412.208s][info][gc          ] GC(724) Pause Young (Prepare Mixed) (G1 Evacuation Pause) 213M->93M(287M) 16.616ms
[412.208s][info][gc,cpu      ] GC(724) User=0.03s Sys=0.00s Real=0.02s
[413.218s][info][gc,start    ] GC(725) Pause Young (Mixed) (G1 Evacuation Pause)
[413.218s][info][gc,task     ] GC(725) Using 2 workers of 2 for evacuation
[413.249s][info][gc,phases   ] GC(725)   Pre Evacuate Collection Set: 0.24ms
[413.249s][info][gc,phases   ] GC(725)   Merge Heap Roots: 0.40ms
[413.249s][info][gc,phases   ] GC(725)   Evacuate Collection Set: 30.26ms
[413.249s][info][gc,phases   ] GC(725)   Post Evacuate Collection Set: 0.72ms
[413.249s][info][gc,phases   ] GC(725)   Other: 0.08ms
[413.249s][info][gc,heap     ] GC(725) Eden regions: 145->0(156)
[413.249s][info][gc,heap     ] GC(725) Survivor regions: 14->13(20)
[413.250s][info][gc,heap     ] GC(725) Old regions: 78->63
[413.250s][info][gc,heap     ] GC(725) Humongous regions: 2->2
[413.250s][info][gc,metaspace] GC(725) Metaspace: 42926K(43392K)->42926K(43392K) NonClass: 38585K(38848K)->38585K(38848K) Class: 4340K(4544K)->4340K(4544K)
[413.250s][info][gc          ] GC(725) Pause Young (Mixed) (G1 Evacuation Pause) 238M->77M(287M) 31.911ms
[413.250s][info][gc,cpu      ] GC(725) User=0.06s Sys=0.00s Real=0.03s
[413.724s][info][gc,start    ] GC(726) Pause Young (Mixed) (G1 Evacuation Pause)
[413.724s][info][gc,task     ] GC(726) Using 2 workers of 2 for evacuation
[413.768s][info][gc,phases   ] GC(726)   Pre Evacuate Collection Set: 0.31ms
[413.768s][info][gc,phases   ] GC(726)   Merge Heap Roots: 0.40ms
[413.768s][info][gc,phases   ] GC(726)   Evacuate Collection Set: 43.16ms
[413.768s][info][gc,phases   ] GC(726)   Post Evacuate Collection Set: 0.53ms
[413.768s][info][gc,phases   ] GC(726)   Other: 0.12ms
[413.768s][info][gc,heap     ] GC(726) Eden regions: 156->0(142)
[413.768s][info][gc,heap     ] GC(726) Survivor regions: 13->22(22)
[413.768s][info][gc,heap     ] GC(726) Old regions: 63->74
[413.768s][info][gc,heap     ] GC(726) Humongous regions: 5->5
[413.768s][info][gc,metaspace] GC(726) Metaspace: 42926K(43392K)->42926K(43392K) NonClass: 38585K(38848K)->38585K(38848K) Class: 4340K(4544K)->4340K(4544K)
[413.768s][info][gc          ] GC(726) Pause Young (Mixed) (G1 Evacuation Pause) 236M->101M(287M) 44.778ms
[413.768s][info][gc,cpu      ] GC(726) User=0.09s Sys=0.00s Real=0.04s
[414.103s][info][gc,start    ] GC(727) Pause Young (Concurrent Start) (G1 Humongous Allocation)
[414.103s][info][gc,task     ] GC(727) Using 2 workers of 2 for evacuation
[414.141s][info][gc,phases   ] GC(727)   Pre Evacuate Collection Set: 0.22ms
[414.141s][info][gc,phases   ] GC(727)   Merge Heap Roots: 0.09ms
[414.141s][info][gc,phases   ] GC(727)   Evacuate Collection Set: 37.34ms
[414.141s][info][gc,phases   ] GC(727)   Post Evacuate Collection Set: 0.48ms
[414.141s][info][gc,phases   ] GC(727)   Other: 0.12ms
[414.141s][info][gc,heap     ] GC(727) Eden regions: 114->0(132)
[414.141s][info][gc,heap     ] GC(727) Survivor regions: 22->14(21)
[414.141s][info][gc,heap     ] GC(727) Old regions: 74->97
[414.141s][info][gc,heap     ] GC(727) Humongous regions: 5->5
[414.141s][info][gc,metaspace] GC(727) Metaspace: 42926K(43392K)->42926K(43392K) NonClass: 38585K(38848K)->38585K(38848K) Class: 4340K(4544K)->4340K(4544K)
[414.141s][info][gc          ] GC(727) Pause Young (Concurrent Start) (G1 Humongous Allocation) 214M->115M(287M) 38.485ms
[414.141s][info][gc          ] GC(728) Concurrent Mark Cycle
[414.141s][info][gc,marking  ] GC(728) Concurrent Scan Root Regions
[414.143s][info][gc,cpu      ] GC(727) User=0.07s Sys=0.00s Real=0.04s
[414.185s][info][gc,marking  ] GC(728) Concurrent Scan Root Regions 43.189ms
[414.185s][info][gc,marking  ] GC(728) Concurrent Mark
[414.185s][info][gc,marking  ] GC(728) Concurrent Mark From Roots
[414.185s][info][gc,task     ] GC(728) Using 1 workers of 1 for marking
[414.240s][info][gc,marking  ] GC(728) Concurrent Mark From Roots 55.666ms
[414.240s][info][gc,marking  ] GC(728) Concurrent Preclean
[414.240s][info][gc,marking  ] GC(728) Concurrent Preclean 0.040ms
[414.241s][info][gc,start    ] GC(728) Pause Remark
[414.260s][info][gc          ] GC(728) Pause Remark 136M->113M(287M) 19.412ms
[414.260s][info][gc,cpu      ] GC(728) User=0.03s Sys=0.00s Real=0.02s
[414.260s][info][gc,marking  ] GC(728) Concurrent Mark 75.534ms
[414.260s][info][gc,marking  ] GC(728) Concurrent Rebuild Remembered Sets and Scrub Regions
[414.307s][info][gc,marking  ] GC(728) Concurrent Rebuild Remembered Sets and Scrub Regions 46.612ms
[414.307s][info][gc,start    ] GC(728) Pause Cleanup
[414.307s][info][gc          ] GC(728) Pause Cleanup 129M->129M(287M) 0.061ms
[414.307s][info][gc,cpu      ] GC(728) User=0.00s Sys=0.00s Real=0.00s
[414.307s][info][gc,marking  ] GC(728) Concurrent Clear Claimed Marks
[414.307s][info][gc,marking  ] GC(728) Concurrent Clear Claimed Marks 0.064ms
[414.307s][info][gc,marking  ] GC(728) Concurrent Cleanup for Next Mark
[414.308s][info][gc,marking  ] GC(728) Concurrent Cleanup for Next Mark 1.243ms
[414.309s][info][gc          ] GC(728) Concurrent Mark Cycle 167.059ms
[414.567s][info][gc,start    ] GC(729) Pause Young (Prepare Mixed) (G1 Evacuation Pause)
[414.567s][info][gc,task     ] GC(729) Using 2 workers of 2 for evacuation
[414.607s][info][gc,phases   ] GC(729)   Pre Evacuate Collection Set: 0.22ms
[414.607s][info][gc,phases   ] GC(729)   Merge Heap Roots: 0.13ms
[414.607s][info][gc,phases   ] GC(729)   Evacuate Collection Set: 38.89ms
[414.607s][info][gc,phases   ] GC(729)   Post Evacuate Collection Set: 0.56ms
[414.607s][info][gc,phases   ] GC(729)   Other: 0.09ms
[414.607s][info][gc,heap     ] GC(729) Eden regions: 132->0(135)
[414.607s][info][gc,heap     ] GC(729) Survivor regions: 14->16(19)
[414.607s][info][gc,heap     ] GC(729) Old regions: 75->89
[414.607s][info][gc,heap     ] GC(729) Humongous regions: 6->6
[414.607s][info][gc,metaspace] GC(729) Metaspace: 42926K(43392K)->42926K(43392K) NonClass: 38585K(38848K)->38585K(38848K) Class: 4340K(4544K)->4340K(4544K)
[414.607s][info][gc          ] GC(729) Pause Young (Prepare Mixed) (G1 Evacuation Pause) 226M->110M(287M) 40.125ms
[414.607s][info][gc,cpu      ] GC(729) User=0.08s Sys=0.00s Real=0.04s
[415.011s][info][gc,start    ] GC(730) Pause Young (Mixed) (G1 Evacuation Pause)
[415.011s][info][gc,task     ] GC(730) Using 2 workers of 2 for evacuation
[415.065s][info][gc,phases   ] GC(730)   Pre Evacuate Collection Set: 0.23ms
[415.065s][info][gc,phases   ] GC(730)   Merge Heap Roots: 0.20ms
[415.065s][info][gc,phases   ] GC(730)   Evacuate Collection Set: 53.25ms
[415.065s][info][gc,phases   ] GC(730)   Post Evacuate Collection Set: 0.63ms
[415.065s][info][gc,phases   ] GC(730)   Other: 0.10ms
[415.065s][info][gc,heap     ] GC(730) Eden regions: 135->0(133)
[415.065s][info][gc,heap     ] GC(730) Survivor regions: 16->16(19)
[415.065s][info][gc,heap     ] GC(730) Old regions: 89->89
[415.065s][info][gc,heap     ] GC(730) Humongous regions: 10->10
[415.065s][info][gc,metaspace] GC(730) Metaspace: 42926K(43392K)->42926K(43392K) NonClass: 38585K(38848K)->38585K(38848K) Class: 4340K(4544K)->4340K(4544K)
[415.065s][info][gc          ] GC(730) Pause Young (Mixed) (G1 Evacuation Pause) 249M->114M(287M) 54.796ms
[415.065s][info][gc,cpu      ] GC(730) User=0.11s Sys=0.00s Real=0.06s
[415.416s][info][gc,start    ] GC(731) Pause Young (Concurrent Start) (G1 Evacuation Pause)
[415.416s][info][gc,task     ] GC(731) Using 2 workers of 2 for evacuation
[415.466s][info][gc,phases   ] GC(731)   Pre Evacuate Collection Set: 0.27ms
[415.466s][info][gc,phases   ] GC(731)   Merge Heap Roots: 0.15ms
[415.466s][info][gc,phases   ] GC(731)   Evacuate Collection Set: 49.06ms
[415.466s][info][gc,phases   ] GC(731)   Post Evacuate Collection Set: 0.50ms
[415.466s][info][gc,phases   ] GC(731)   Other: 0.11ms
[415.466s][info][gc,heap     ] GC(731) Eden regions: 133->0(122)
[415.466s][info][gc,heap     ] GC(731) Survivor regions: 16->16(19)
[415.466s][info][gc,heap     ] GC(731) Old regions: 89->105
[415.466s][info][gc,heap     ] GC(731) Humongous regions: 10->10
[415.466s][info][gc,metaspace] GC(731) Metaspace: 42926K(43392K)->42926K(43392K) NonClass: 38585K(38848K)->38585K(38848K) Class: 4340K(4544K)->4340K(4544K)
[415.466s][info][gc          ] GC(731) Pause Young (Concurrent Start) (G1 Evacuation Pause) 247M->130M(287M) 50.428ms
[415.466s][info][gc,cpu      ] GC(731) User=0.10s Sys=0.00s Real=0.05s
[415.467s][info][gc          ] GC(732) Concurrent Mark Cycle
[415.467s][info][gc,marking  ] GC(732) Concurrent Scan Root Regions
[415.502s][info][gc,marking  ] GC(732) Concurrent Scan Root Regions 35.889ms
[415.502s][info][gc,marking  ] GC(732) Concurrent Mark
[415.502s][info][gc,marking  ] GC(732) Concurrent Mark From Roots
[415.502s][info][gc,task     ] GC(732) Using 1 workers of 1 for marking
[415.609s][info][gc,marking  ] GC(732) Concurrent Mark From Roots 106.541ms
[415.609s][info][gc,marking  ] GC(732) Concurrent Preclean
[415.609s][info][gc,marking  ] GC(732) Concurrent Preclean 0.046ms
[415.609s][info][gc,start    ] GC(732) Pause Remark
[415.626s][info][gc          ] GC(732) Pause Remark 146M->141M(287M) 17.075ms
[415.626s][info][gc,cpu      ] GC(732) User=0.04s Sys=0.00s Real=0.02s
[415.628s][info][gc,marking  ] GC(732) Concurrent Mark 125.766ms
[415.628s][info][gc,marking  ] GC(732) Concurrent Rebuild Remembered Sets and Scrub Regions
[415.697s][info][gc,marking  ] GC(732) Concurrent Rebuild Remembered Sets and Scrub Regions 68.534ms
[415.697s][info][gc,start    ] GC(732) Pause Cleanup
[415.697s][info][gc          ] GC(732) Pause Cleanup 146M->146M(287M) 0.061ms
[415.697s][info][gc,cpu      ] GC(732) User=0.00s Sys=0.00s Real=0.00s
[415.697s][info][gc,marking  ] GC(732) Concurrent Clear Claimed Marks
[415.697s][info][gc,marking  ] GC(732) Concurrent Clear Claimed Marks 0.043ms
[415.697s][info][gc,marking  ] GC(732) Concurrent Cleanup for Next Mark
[415.698s][info][gc,marking  ] GC(732) Concurrent Cleanup for Next Mark 0.920ms
[415.698s][info][gc          ] GC(732) Concurrent Mark Cycle 231.597ms
[416.863s][info][gc,start    ] GC(733) Pause Young (Prepare Mixed) (G1 Evacuation Pause)
[416.864s][info][gc,task     ] GC(733) Using 2 workers of 2 for evacuation
[416.897s][info][gc,phases   ] GC(733)   Pre Evacuate Collection Set: 0.17ms
[416.897s][info][gc,phases   ] GC(733)   Merge Heap Roots: 0.14ms
[416.897s][info][gc,phases   ] GC(733)   Evacuate Collection Set: 32.47ms
[416.897s][info][gc,phases   ] GC(733)   Post Evacuate Collection Set: 0.46ms
[416.897s][info][gc,phases   ] GC(733)   Other: 0.07ms
[416.897s][info][gc,heap     ] GC(733) Eden regions: 122->0(119)
[416.897s][info][gc,heap     ] GC(733) Survivor regions: 16->6(18)
[416.897s][info][gc,heap     ] GC(733) Old regions: 103->118
[416.897s][info][gc,heap     ] GC(733) Humongous regions: 15->13
[416.897s][info][gc,metaspace] GC(733) Metaspace: 42926K(43392K)->42926K(43392K) NonClass: 38585K(38848K)->38585K(38848K) Class: 4340K(4544K)->4340K(4544K)
[416.897s][info][gc          ] GC(733) Pause Young (Prepare Mixed) (G1 Evacuation Pause) 255M->136M(287M) 33.529ms
[416.897s][info][gc,cpu      ] GC(733) User=0.06s Sys=0.00s Real=0.03s
[417.408s][info][gc,start    ] GC(734) Pause Young (Mixed) (G1 Evacuation Pause)
[417.408s][info][gc,task     ] GC(734) Using 2 workers of 2 for evacuation
[417.438s][info][gc,phases   ] GC(734)   Pre Evacuate Collection Set: 0.28ms
[417.438s][info][gc,phases   ] GC(734)   Merge Heap Roots: 0.28ms
[417.438s][info][gc,phases   ] GC(734)   Evacuate Collection Set: 28.51ms
[417.438s][info][gc,phases   ] GC(734)   Post Evacuate Collection Set: 0.65ms
[417.438s][info][gc,phases   ] GC(734)   Other: 0.07ms
[417.438s][info][gc,heap     ] GC(734) Eden regions: 119->0(119)
[417.438s][info][gc,heap     ] GC(734) Survivor regions: 6->11(16)
[417.438s][info][gc,heap     ] GC(734) Old regions: 118->115
[417.438s][info][gc,heap     ] GC(734) Humongous regions: 13->13
[417.438s][info][gc,metaspace] GC(734) Metaspace: 42926K(43392K)->42926K(43392K) NonClass: 38585K(38848K)->38585K(38848K) Class: 4340K(4544K)->4340K(4544K)
[417.438s][info][gc          ] GC(734) Pause Young (Mixed) (G1 Evacuation Pause) 255M->138M(287M) 29.988ms
[417.438s][info][gc,cpu      ] GC(734) User=0.05s Sys=0.00s Real=0.03s
[418.104s][info][gc,start    ] GC(735) Pause Young (Concurrent Start) (G1 Evacuation Pause)
[418.104s][info][gc,task     ] GC(735) Using 2 workers of 2 for evacuation
[418.127s][info][gc,phases   ] GC(735)   Pre Evacuate Collection Set: 0.24ms
[418.127s][info][gc,phases   ] GC(735)   Merge Heap Roots: 0.11ms
[418.127s][info][gc,phases   ] GC(735)   Evacuate Collection Set: 21.51ms
[418.127s][info][gc,phases   ] GC(735)   Post Evacuate Collection Set: 1.30ms
[418.127s][info][gc,phases   ] GC(735)   Other: 0.17ms
[418.127s][info][gc,heap     ] GC(735) Eden regions: 119->0(188)
[418.127s][info][gc,heap     ] GC(735) Survivor regions: 11->12(17)
[418.127s][info][gc,heap     ] GC(735) Old regions: 115->120
[418.127s][info][gc,heap     ] GC(735) Humongous regions: 13->13
[418.127s][info][gc,metaspace] GC(735) Metaspace: 42926K(43392K)->42926K(43392K) NonClass: 38585K(38848K)->38585K(38848K) Class: 4340K(4544K)->4340K(4544K)
[418.128s][info][gc          ] GC(735) Pause Young (Concurrent Start) (G1 Evacuation Pause) 257M->144M(383M) 23.576ms
[418.128s][info][gc,cpu      ] GC(735) User=0.05s Sys=0.00s Real=0.02s
[418.128s][info][gc          ] GC(736) Concurrent Mark Cycle
[418.128s][info][gc,marking  ] GC(736) Concurrent Scan Root Regions
[418.140s][info][gc,marking  ] GC(736) Concurrent Scan Root Regions 12.884ms
[418.141s][info][gc,marking  ] GC(736) Concurrent Mark
[418.141s][info][gc,marking  ] GC(736) Concurrent Mark From Roots
[418.141s][info][gc,task     ] GC(736) Using 1 workers of 1 for marking
[418.179s][info][gc,marking  ] GC(736) Concurrent Mark From Roots 38.742ms
[418.179s][info][gc,marking  ] GC(736) Concurrent Preclean
[418.179s][info][gc,marking  ] GC(736) Concurrent Preclean 0.062ms
[418.180s][info][gc,start    ] GC(736) Pause Remark
[418.198s][info][gc          ] GC(736) Pause Remark 152M->118M(370M) 18.376ms
[418.198s][info][gc,cpu      ] GC(736) User=0.04s Sys=0.00s Real=0.02s
[418.198s][info][gc,marking  ] GC(736) Concurrent Mark 57.579ms
[418.198s][info][gc,marking  ] GC(736) Concurrent Rebuild Remembered Sets and Scrub Regions
[418.217s][info][gc,marking  ] GC(736) Concurrent Rebuild Remembered Sets and Scrub Regions 19.283ms
[418.218s][info][gc,start    ] GC(736) Pause Cleanup
[418.218s][info][gc          ] GC(736) Pause Cleanup 119M->119M(370M) 0.094ms
[418.218s][info][gc,cpu      ] GC(736) User=0.00s Sys=0.00s Real=0.00s
[418.218s][info][gc,marking  ] GC(736) Concurrent Clear Claimed Marks
[418.218s][info][gc,marking  ] GC(736) Concurrent Clear Claimed Marks 0.045ms
[418.218s][info][gc,marking  ] GC(736) Concurrent Cleanup for Next Mark
[418.220s][info][gc,marking  ] GC(736) Concurrent Cleanup for Next Mark 2.390ms
[418.220s][info][gc          ] GC(736) Concurrent Mark Cycle 92.773ms
[419.539s][info][gc,start    ] GC(737) Pause Young (Prepare Mixed) (G1 Evacuation Pause)
[419.539s][info][gc,task     ] GC(737) Using 2 workers of 2 for evacuation
[419.572s][info][gc,phases   ] GC(737)   Pre Evacuate Collection Set: 0.25ms
[419.572s][info][gc,phases   ] GC(737)   Merge Heap Roots: 0.12ms
[419.572s][info][gc,phases   ] GC(737)   Evacuate Collection Set: 32.09ms
[419.572s][info][gc,phases   ] GC(737)   Post Evacuate Collection Set: 0.51ms
[419.572s][info][gc,phases   ] GC(737)   Other: 0.09ms
[419.572s][info][gc,heap     ] GC(737) Eden regions: 188->0(186)
[419.572s][info][gc,heap     ] GC(737) Survivor regions: 12->25(25)
[419.572s][info][gc,heap     ] GC(737) Old regions: 98->106
[419.572s][info][gc,heap     ] GC(737) Humongous regions: 1->1
[419.572s][info][gc,metaspace] GC(737) Metaspace: 42926K(43392K)->42926K(43392K) NonClass: 38585K(38848K)->38585K(38848K) Class: 4340K(4544K)->4340K(4544K)
[419.572s][info][gc          ] GC(737) Pause Young (Prepare Mixed) (G1 Evacuation Pause) 298M->131M(370M) 33.329ms
[419.572s][info][gc,cpu      ] GC(737) User=0.06s Sys=0.00s Real=0.04s
[420.801s][info][gc,start    ] GC(738) Pause Young (Mixed) (G1 Evacuation Pause)
[420.801s][info][gc,task     ] GC(738) Using 2 workers of 2 for evacuation
[420.824s][info][gc,phases   ] GC(738)   Pre Evacuate Collection Set: 0.23ms
[420.824s][info][gc,phases   ] GC(738)   Merge Heap Roots: 0.13ms
[420.824s][info][gc,phases   ] GC(738)   Evacuate Collection Set: 21.23ms
[420.824s][info][gc,phases   ] GC(738)   Post Evacuate Collection Set: 0.49ms
[420.824s][info][gc,phases   ] GC(738)   Other: 0.12ms
[420.824s][info][gc,heap     ] GC(738) Eden regions: 186->0(220)
[420.824s][info][gc,heap     ] GC(738) Survivor regions: 25->2(27)
[420.824s][info][gc,heap     ] GC(738) Old regions: 106->92
[420.824s][info][gc,heap     ] GC(738) Humongous regions: 1->1
[420.824s][info][gc,metaspace] GC(738) Metaspace: 42926K(43392K)->42926K(43392K) NonClass: 38585K(38848K)->38585K(38848K) Class: 4340K(4544K)->4340K(4544K)
[420.824s][info][gc          ] GC(738) Pause Young (Mixed) (G1 Evacuation Pause) 317M->94M(370M) 22.426ms
[420.824s][info][gc,cpu      ] GC(738) User=0.04s Sys=0.00s Real=0.03s
[422.299s][info][gc,start    ] GC(739) Pause Young (Mixed) (G1 Evacuation Pause)
[422.299s][info][gc,task     ] GC(739) Using 2 workers of 2 for evacuation
[422.323s][info][gc,phases   ] GC(739)   Pre Evacuate Collection Set: 0.22ms
[422.323s][info][gc,phases   ] GC(739)   Merge Heap Roots: 0.10ms
[422.323s][info][gc,phases   ] GC(739)   Evacuate Collection Set: 23.11ms
[422.323s][info][gc,phases   ] GC(739)   Post Evacuate Collection Set: 0.51ms
[422.323s][info][gc,phases   ] GC(739)   Other: 0.08ms
[422.323s][info][gc,heap     ] GC(739) Eden regions: 220->0(201)
[422.323s][info][gc,heap     ] GC(739) Survivor regions: 2->21(28)
[422.323s][info][gc,heap     ] GC(739) Old regions: 92->78
[422.323s][info][gc,heap     ] GC(739) Humongous regions: 2->2
[422.323s][info][gc,metaspace] GC(739) Metaspace: 42926K(43392K)->42926K(43392K) NonClass: 38585K(38848K)->38585K(38848K) Class: 4340K(4544K)->4340K(4544K)
[422.324s][info][gc          ] GC(739) Pause Young (Mixed) (G1 Evacuation Pause) 315M->100M(370M) 24.257ms
[422.324s][info][gc,cpu      ] GC(739) User=0.05s Sys=0.00s Real=0.03s
[422.571s][info][gc,start    ] GC(740) Pause Young (Concurrent Start) (G1 Humongous Allocation)
[422.571s][info][gc,task     ] GC(740) Using 2 workers of 2 for evacuation
[422.595s][info][gc,phases   ] GC(740)   Pre Evacuate Collection Set: 0.21ms
[422.595s][info][gc,phases   ] GC(740)   Merge Heap Roots: 0.06ms
[422.595s][info][gc,phases   ] GC(740)   Evacuate Collection Set: 23.91ms
[422.595s][info][gc,phases   ] GC(740)   Post Evacuate Collection Set: 0.39ms
[422.595s][info][gc,phases   ] GC(740)   Other: 0.09ms
[422.595s][info][gc,heap     ] GC(740) Eden regions: 52->0(208)
[422.595s][info][gc,heap     ] GC(740) Survivor regions: 21->9(28)
[422.595s][info][gc,heap     ] GC(740) Old regions: 78->99
[422.595s][info][gc,heap     ] GC(740) Humongous regions: 2->2
[422.595s][info][gc,metaspace] GC(740) Metaspace: 42933K(43456K)->42933K(43456K) NonClass: 38592K(38912K)->38592K(38912K) Class: 4340K(4544K)->4340K(4544K)
[422.596s][info][gc          ] GC(740) Pause Young (Concurrent Start) (G1 Humongous Allocation) 152M->109M(370M) 24.882ms
[422.596s][info][gc,cpu      ] GC(740) User=0.05s Sys=0.00s Real=0.03s
[422.596s][info][gc          ] GC(741) Concurrent Mark Cycle
[422.596s][info][gc,marking  ] GC(741) Concurrent Scan Root Regions
[422.618s][info][gc,marking  ] GC(741) Concurrent Scan Root Regions 22.495ms
[422.618s][info][gc,marking  ] GC(741) Concurrent Mark
[422.618s][info][gc,marking  ] GC(741) Concurrent Mark From Roots
[422.618s][info][gc,task     ] GC(741) Using 1 workers of 1 for marking
[422.656s][info][gc,marking  ] GC(741) Concurrent Mark From Roots 37.638ms
[422.656s][info][gc,marking  ] GC(741) Concurrent Preclean
[422.656s][info][gc,marking  ] GC(741) Concurrent Preclean 0.037ms
[422.656s][info][gc,start    ] GC(741) Pause Remark
[422.673s][info][gc          ] GC(741) Pause Remark 123M->107M(327M) 17.283ms
[422.673s][info][gc,cpu      ] GC(741) User=0.03s Sys=0.00s Real=0.02s
[422.673s][info][gc,marking  ] GC(741) Concurrent Mark 55.283ms
[422.673s][info][gc,marking  ] GC(741) Concurrent Rebuild Remembered Sets and Scrub Regions
[422.702s][info][gc,marking  ] GC(741) Concurrent Rebuild Remembered Sets and Scrub Regions 28.337ms
[422.702s][info][gc,start    ] GC(741) Pause Cleanup
[422.702s][info][gc          ] GC(741) Pause Cleanup 112M->112M(327M) 0.063ms
[422.702s][info][gc,cpu      ] GC(741) User=0.00s Sys=0.00s Real=0.00s
[422.702s][info][gc,marking  ] GC(741) Concurrent Clear Claimed Marks
[422.702s][info][gc,marking  ] GC(741) Concurrent Clear Claimed Marks 0.041ms
[422.702s][info][gc,marking  ] GC(741) Concurrent Cleanup for Next Mark
[422.703s][info][gc,marking  ] GC(741) Concurrent Cleanup for Next Mark 1.024ms
[422.703s][info][gc          ] GC(741) Concurrent Mark Cycle 107.622ms
[423.429s][info][gc,start    ] GC(742) Pause Young (Prepare Mixed) (G1 Evacuation Pause)
[423.429s][info][gc,task     ] GC(742) Using 2 workers of 2 for evacuation
[423.436s][info][gc,phases   ] GC(742)   Pre Evacuate Collection Set: 0.20ms
[423.436s][info][gc,phases   ] GC(742)   Merge Heap Roots: 0.09ms
[423.436s][info][gc,phases   ] GC(742)   Evacuate Collection Set: 5.85ms
[423.436s][info][gc,phases   ] GC(742)   Post Evacuate Collection Set: 0.51ms
[423.436s][info][gc,phases   ] GC(742)   Other: 0.10ms
[423.436s][info][gc,heap     ] GC(742) Eden regions: 187->0(187)
[423.436s][info][gc,heap     ] GC(742) Survivor regions: 9->9(25)
[423.436s][info][gc,heap     ] GC(742) Old regions: 83->83
[423.436s][info][gc,heap     ] GC(742) Humongous regions: 22->4
[423.436s][info][gc,metaspace] GC(742) Metaspace: 42947K(43456K)->42947K(43456K) NonClass: 38607K(38912K)->38607K(38912K) Class: 4340K(4544K)->4340K(4544K)
[423.436s][info][gc          ] GC(742) Pause Young (Prepare Mixed) (G1 Evacuation Pause) 300M->95M(327M) 6.961ms
[423.436s][info][gc,cpu      ] GC(742) User=0.02s Sys=0.00s Real=0.01s
[424.312s][info][gc,start    ] GC(743) Pause Young (Mixed) (G1 Evacuation Pause)
[424.312s][info][gc,task     ] GC(743) Using 2 workers of 2 for evacuation
[424.322s][info][gc,phases   ] GC(743)   Pre Evacuate Collection Set: 0.19ms
[424.322s][info][gc,phases   ] GC(743)   Merge Heap Roots: 0.10ms
[424.322s][info][gc,phases   ] GC(743)   Evacuate Collection Set: 9.36ms
[424.322s][info][gc,phases   ] GC(743)   Post Evacuate Collection Set: 0.50ms
[424.322s][info][gc,phases   ] GC(743)   Other: 0.10ms
[424.322s][info][gc,heap     ] GC(743) Eden regions: 187->0(186)
[424.322s][info][gc,heap     ] GC(743) Survivor regions: 9->10(25)
[424.322s][info][gc,heap     ] GC(743) Old regions: 83->62
[424.322s][info][gc,heap     ] GC(743) Humongous regions: 12->4
[424.322s][info][gc,metaspace] GC(743) Metaspace: 42947K(43456K)->42947K(43456K) NonClass: 38607K(38912K)->38607K(38912K) Class: 4340K(4544K)->4340K(4544K)
[424.322s][info][gc          ] GC(743) Pause Young (Mixed) (G1 Evacuation Pause) 290M->75M(327M) 10.456ms
[424.322s][info][gc,cpu      ] GC(743) User=0.01s Sys=0.00s Real=0.02s
[424.525s][info][gc,start    ] GC(744) Pause Young (Concurrent Start) (G1 Humongous Allocation)
[424.525s][info][gc,task     ] GC(744) Using 2 workers of 2 for evacuation
[424.531s][info][gc,phases   ] GC(744)   Pre Evacuate Collection Set: 0.21ms
[424.531s][info][gc,phases   ] GC(744)   Merge Heap Roots: 0.06ms
[424.531s][info][gc,phases   ] GC(744)   Evacuate Collection Set: 5.48ms
[424.531s][info][gc,phases   ] GC(744)   Post Evacuate Collection Set: 0.36ms
[424.531s][info][gc,phases   ] GC(744)   Other: 0.10ms
[424.531s][info][gc,heap     ] GC(744) Eden regions: 47->0(188)
[424.531s][info][gc,heap     ] GC(744) Survivor regions: 10->8(25)
[424.531s][info][gc,heap     ] GC(744) Old regions: 62->62
[424.531s][info][gc,heap     ] GC(744) Humongous regions: 4->2
[424.531s][info][gc,metaspace] GC(744) Metaspace: 42947K(43456K)->42947K(43456K) NonClass: 38607K(38912K)->38607K(38912K) Class: 4340K(4544K)->4340K(4544K)
[424.531s][info][gc          ] GC(744) Pause Young (Concurrent Start) (G1 Humongous Allocation) 122M->71M(327M) 6.399ms
[424.531s][info][gc,cpu      ] GC(744) User=0.01s Sys=0.00s Real=0.00s
[424.531s][info][gc          ] GC(745) Concurrent Mark Cycle
[424.531s][info][gc,marking  ] GC(745) Concurrent Scan Root Regions
[424.538s][info][gc,marking  ] GC(745) Concurrent Scan Root Regions 7.130ms
[424.538s][info][gc,marking  ] GC(745) Concurrent Mark
[424.538s][info][gc,marking  ] GC(745) Concurrent Mark From Roots
[424.538s][info][gc,task     ] GC(745) Using 1 workers of 1 for marking
[424.576s][info][gc,marking  ] GC(745) Concurrent Mark From Roots 37.531ms
[424.576s][info][gc,marking  ] GC(745) Concurrent Preclean
[424.576s][info][gc,marking  ] GC(745) Concurrent Preclean 0.041ms
[424.576s][info][gc,start    ] GC(745) Pause Remark
[424.593s][info][gc          ] GC(745) Pause Remark 85M->81M(256M) 17.473ms
[424.594s][info][gc,cpu      ] GC(745) User=0.03s Sys=0.00s Real=0.02s
[424.594s][info][gc,marking  ] GC(745) Concurrent Mark 55.303ms
[424.594s][info][gc,marking  ] GC(745) Concurrent Rebuild Remembered Sets and Scrub Regions
[424.609s][info][gc,marking  ] GC(745) Concurrent Rebuild Remembered Sets and Scrub Regions 14.875ms
[424.609s][info][gc,start    ] GC(745) Pause Cleanup
[424.609s][info][gc          ] GC(745) Pause Cleanup 81M->81M(256M) 0.088ms
[424.609s][info][gc,cpu      ] GC(745) User=0.00s Sys=0.00s Real=0.00s
[424.609s][info][gc,marking  ] GC(745) Concurrent Clear Claimed Marks
[424.609s][info][gc,marking  ] GC(745) Concurrent Clear Claimed Marks 0.046ms
[424.609s][info][gc,marking  ] GC(745) Concurrent Cleanup for Next Mark
[424.610s][info][gc,marking  ] GC(745) Concurrent Cleanup for Next Mark 0.776ms
[424.610s][info][gc          ] GC(745) Concurrent Mark Cycle 78.571ms
[425.338s][info][gc,start    ] GC(746) Pause Young (Prepare Mixed) (G1 Evacuation Pause)
[425.338s][info][gc,task     ] GC(746) Using 2 workers of 2 for evacuation
[425.366s][info][gc,phases   ] GC(746)   Pre Evacuate Collection Set: 0.19ms
[425.366s][info][gc,phases   ] GC(746)   Merge Heap Roots: 0.07ms
[425.366s][info][gc,phases   ] GC(746)   Evacuate Collection Set: 26.46ms
[425.366s][info][gc,phases   ] GC(746)   Post Evacuate Collection Set: 0.55ms
[425.366s][info][gc,phases   ] GC(746)   Other: 0.09ms
[425.366s][info][gc,heap     ] GC(746) Eden regions: 145->0(133)
[425.366s][info][gc,heap     ] GC(746) Survivor regions: 8->20(20)
[425.366s][info][gc,heap     ] GC(746) Old regions: 59->66
[425.366s][info][gc,heap     ] GC(746) Humongous regions: 5->3
[425.366s][info][gc,metaspace] GC(746) Metaspace: 42948K(43456K)->42948K(43456K) NonClass: 38608K(38912K)->38608K(38912K) Class: 4340K(4544K)->4340K(4544K)
[425.366s][info][gc          ] GC(746) Pause Young (Prepare Mixed) (G1 Evacuation Pause) 216M->88M(256M) 27.599ms
[425.366s][info][gc,cpu      ] GC(746) User=0.06s Sys=0.00s Real=0.03s
[425.919s][info][gc,start    ] GC(747) Pause Young (Mixed) (G1 Evacuation Pause)
[425.920s][info][gc,task     ] GC(747) Using 2 workers of 2 for evacuation
[425.949s][info][gc,phases   ] GC(747)   Pre Evacuate Collection Set: 0.17ms
[425.949s][info][gc,phases   ] GC(747)   Merge Heap Roots: 0.18ms
[425.949s][info][gc,phases   ] GC(747)   Evacuate Collection Set: 28.39ms
[425.949s][info][gc,phases   ] GC(747)   Post Evacuate Collection Set: 0.50ms
[425.949s][info][gc,phases   ] GC(747)   Other: 0.10ms
[425.949s][info][gc,heap     ] GC(747) Eden regions: 133->0(145)
[425.949s][info][gc,heap     ] GC(747) Survivor regions: 20->9(20)
[425.949s][info][gc,heap     ] GC(747) Old regions: 66->63
[425.949s][info][gc,heap     ] GC(747) Humongous regions: 13->3
[425.949s][info][gc,metaspace] GC(747) Metaspace: 42948K(43456K)->42948K(43456K) NonClass: 38608K(38912K)->38608K(38912K) Class: 4340K(4544K)->4340K(4544K)
[425.949s][info][gc          ] GC(747) Pause Young (Mixed) (G1 Evacuation Pause) 231M->74M(258M) 29.549ms
[425.949s][info][gc,cpu      ] GC(747) User=0.06s Sys=0.00s Real=0.03s
[425.963s][info][gc,start    ] GC(748) Pause Young (Concurrent Start) (G1 Humongous Allocation)
[425.963s][info][gc,task     ] GC(748) Using 2 workers of 2 for evacuation
[425.971s][info][gc,phases   ] GC(748)   Pre Evacuate Collection Set: 0.18ms
[425.971s][info][gc,phases   ] GC(748)   Merge Heap Roots: 0.07ms
[425.971s][info][gc,phases   ] GC(748)   Evacuate Collection Set: 7.55ms
[425.971s][info][gc,phases   ] GC(748)   Post Evacuate Collection Set: 0.34ms
[425.971s][info][gc,phases   ] GC(748)   Other: 0.11ms
[425.971s][info][gc,heap     ] GC(748) Eden regions: 4->0(148)
[425.971s][info][gc,heap     ] GC(748) Survivor regions: 9->6(20)
[425.971s][info][gc,heap     ] GC(748) Old regions: 63->63
[425.971s][info][gc,heap     ] GC(748) Humongous regions: 3->1
[425.971s][info][gc,metaspace] GC(748) Metaspace: 42948K(43456K)->42948K(43456K) NonClass: 38608K(38912K)->38608K(38912K) Class: 4340K(4544K)->4340K(4544K)
[425.971s][info][gc          ] GC(748) Pause Young (Concurrent Start) (G1 Humongous Allocation) 77M->69M(258M) 8.433ms
[425.971s][info][gc,cpu      ] GC(748) User=0.02s Sys=0.00s Real=0.00s
[425.971s][info][gc          ] GC(749) Concurrent Mark Cycle
[425.971s][info][gc,marking  ] GC(749) Concurrent Scan Root Regions
[425.978s][info][gc,marking  ] GC(749) Concurrent Scan Root Regions 7.416ms
[425.979s][info][gc,marking  ] GC(749) Concurrent Mark
[425.979s][info][gc,marking  ] GC(749) Concurrent Mark From Roots
[425.979s][info][gc,task     ] GC(749) Using 1 workers of 1 for marking
[426.055s][info][gc,marking  ] GC(749) Concurrent Mark From Roots 76.942ms
[426.056s][info][gc,marking  ] GC(749) Concurrent Preclean
[426.056s][info][gc,marking  ] GC(749) Concurrent Preclean 0.037ms
[426.056s][info][gc,start    ] GC(749) Pause Remark
[426.074s][info][gc          ] GC(749) Pause Remark 88M->88M(256M) 18.158ms
[426.074s][info][gc,cpu      ] GC(749) User=0.03s Sys=0.00s Real=0.02s
[426.074s][info][gc,marking  ] GC(749) Concurrent Mark 95.792ms
[426.074s][info][gc,marking  ] GC(749) Concurrent Rebuild Remembered Sets and Scrub Regions
[426.107s][info][gc,marking  ] GC(749) Concurrent Rebuild Remembered Sets and Scrub Regions 32.681ms
[426.107s][info][gc,start    ] GC(749) Pause Cleanup
[426.107s][info][gc          ] GC(749) Pause Cleanup 96M->96M(256M) 0.069ms
[426.107s][info][gc,cpu      ] GC(749) User=0.00s Sys=0.00s Real=0.00s
[426.107s][info][gc,marking  ] GC(749) Concurrent Clear Claimed Marks
[426.107s][info][gc,marking  ] GC(749) Concurrent Clear Claimed Marks 0.039ms
[426.107s][info][gc,marking  ] GC(749) Concurrent Cleanup for Next Mark
[426.108s][info][gc,marking  ] GC(749) Concurrent Cleanup for Next Mark 0.758ms
[426.108s][info][gc          ] GC(749) Concurrent Mark Cycle 137.073ms
[426.599s][info][gc,start    ] GC(750) Pause Young (Prepare Mixed) (G1 Evacuation Pause)
[426.599s][info][gc,task     ] GC(750) Using 2 workers of 2 for evacuation
[426.613s][info][gc,phases   ] GC(750)   Pre Evacuate Collection Set: 0.16ms
[426.613s][info][gc,phases   ] GC(750)   Merge Heap Roots: 0.12ms
[426.613s][info][gc,phases   ] GC(750)   Evacuate Collection Set: 12.78ms
[426.613s][info][gc,phases   ] GC(750)   Post Evacuate Collection Set: 0.47ms
[426.613s][info][gc,phases   ] GC(750)   Other: 0.08ms
[426.613s][info][gc,heap     ] GC(750) Eden regions: 147->0(140)
[426.613s][info][gc,heap     ] GC(750) Survivor regions: 6->13(20)
[426.613s][info][gc,heap     ] GC(750) Old regions: 63->63
[426.613s][info][gc,heap     ] GC(750) Humongous regions: 15->3
[426.613s][info][gc,metaspace] GC(750) Metaspace: 42949K(43456K)->42949K(43456K) NonClass: 38608K(38912K)->38608K(38912K) Class: 4340K(4544K)->4340K(4544K)
[426.613s][info][gc          ] GC(750) Pause Young (Prepare Mixed) (G1 Evacuation Pause) 230M->78M(256M) 13.792ms
[426.613s][info][gc,cpu      ] GC(750) User=0.02s Sys=0.00s Real=0.02s
[427.195s][info][gc,start    ] GC(751) Pause Young (Mixed) (G1 Evacuation Pause)
[427.195s][info][gc,task     ] GC(751) Using 2 workers of 2 for evacuation
[427.214s][info][gc,phases   ] GC(751)   Pre Evacuate Collection Set: 0.16ms
[427.214s][info][gc,phases   ] GC(751)   Merge Heap Roots: 0.17ms
[427.214s][info][gc,phases   ] GC(751)   Evacuate Collection Set: 17.93ms
[427.214s][info][gc,phases   ] GC(751)   Post Evacuate Collection Set: 0.44ms
[427.214s][info][gc,phases   ] GC(751)   Other: 0.07ms
[427.214s][info][gc,heap     ] GC(751) Eden regions: 140->0(146)
[427.214s][info][gc,heap     ] GC(751) Survivor regions: 13->7(20)
[427.214s][info][gc,heap     ] GC(751) Old regions: 63->60
[427.214s][info][gc,heap     ] GC(751) Humongous regions: 13->3
[427.214s][info][gc,metaspace] GC(751) Metaspace: 42949K(43456K)->42949K(43456K) NonClass: 38609K(38912K)->38609K(38912K) Class: 4340K(4544K)->4340K(4544K)
[427.214s][info][gc          ] GC(751) Pause Young (Mixed) (G1 Evacuation Pause) 228M->69M(256M) 19.011ms
[427.214s][info][gc,cpu      ] GC(751) User=0.04s Sys=0.00s Real=0.02s
[427.261s][info][gc,start    ] GC(752) Pause Young (Concurrent Start) (G1 Humongous Allocation)
[427.261s][info][gc,task     ] GC(752) Using 2 workers of 2 for evacuation
[427.264s][info][gc,phases   ] GC(752)   Pre Evacuate Collection Set: 0.17ms
[427.264s][info][gc,phases   ] GC(752)   Merge Heap Roots: 0.04ms
[427.264s][info][gc,phases   ] GC(752)   Evacuate Collection Set: 2.07ms
[427.264s][info][gc,phases   ] GC(752)   Post Evacuate Collection Set: 0.27ms
[427.264s][info][gc,phases   ] GC(752)   Other: 0.10ms
[427.264s][info][gc,heap     ] GC(752) Eden regions: 10->0(150)
[427.264s][info][gc,heap     ] GC(752) Survivor regions: 7->3(20)
[427.264s][info][gc,heap     ] GC(752) Old regions: 60->60
[427.264s][info][gc,heap     ] GC(752) Humongous regions: 3->1
[427.264s][info][gc,metaspace] GC(752) Metaspace: 42949K(43456K)->42949K(43456K) NonClass: 38609K(38912K)->38609K(38912K) Class: 4340K(4544K)->4340K(4544K)
[427.264s][info][gc          ] GC(752) Pause Young (Concurrent Start) (G1 Humongous Allocation) 79M->63M(256M) 2.816ms
[427.264s][info][gc          ] GC(753) Concurrent Mark Cycle
[427.264s][info][gc,marking  ] GC(753) Concurrent Scan Root Regions
[427.266s][info][gc,marking  ] GC(753) Concurrent Scan Root Regions 2.261ms
[427.266s][info][gc,marking  ] GC(753) Concurrent Mark
[427.266s][info][gc,marking  ] GC(753) Concurrent Mark From Roots
[427.266s][info][gc,task     ] GC(753) Using 1 workers of 1 for marking
[427.266s][info][gc,cpu      ] GC(752) User=0.00s Sys=0.00s Real=0.01s
[427.315s][info][gc,marking  ] GC(753) Concurrent Mark From Roots 48.455ms
[427.315s][info][gc,marking  ] GC(753) Concurrent Preclean
[427.315s][info][gc,marking  ] GC(753) Concurrent Preclean 0.037ms
[427.315s][info][gc,start    ] GC(753) Pause Remark
[427.331s][info][gc          ] GC(753) Pause Remark 71M->66M(256M) 16.422ms
[427.331s][info][gc,cpu      ] GC(753) User=0.03s Sys=0.00s Real=0.01s
[427.331s][info][gc,marking  ] GC(753) Concurrent Mark 65.139ms
[427.331s][info][gc,marking  ] GC(753) Concurrent Rebuild Remembered Sets and Scrub Regions
[427.353s][info][gc,marking  ] GC(753) Concurrent Rebuild Remembered Sets and Scrub Regions 21.276ms
[427.353s][info][gc,start    ] GC(753) Pause Cleanup
[427.353s][info][gc          ] GC(753) Pause Cleanup 66M->66M(256M) 0.067ms
[427.353s][info][gc,cpu      ] GC(753) User=0.00s Sys=0.00s Real=0.00s
[427.353s][info][gc,marking  ] GC(753) Concurrent Clear Claimed Marks
[427.353s][info][gc,marking  ] GC(753) Concurrent Clear Claimed Marks 0.042ms
[427.353s][info][gc,marking  ] GC(753) Concurrent Cleanup for Next Mark
[427.354s][info][gc,marking  ] GC(753) Concurrent Cleanup for Next Mark 0.762ms
[427.354s][info][gc          ] GC(753) Concurrent Mark Cycle 89.878ms
[427.973s][info][gc,start    ] GC(754) Pause Young (Prepare Mixed) (G1 Evacuation Pause)
[427.973s][info][gc,task     ] GC(754) Using 2 workers of 2 for evacuation
[427.996s][info][gc,phases   ] GC(754)   Pre Evacuate Collection Set: 0.18ms
[427.996s][info][gc,phases   ] GC(754)   Merge Heap Roots: 0.06ms
[427.996s][info][gc,phases   ] GC(754)   Evacuate Collection Set: 22.65ms
[427.996s][info][gc,phases   ] GC(754)   Post Evacuate Collection Set: 0.47ms
[427.996s][info][gc,phases   ] GC(754)   Other: 0.08ms
[427.996s][info][gc,heap     ] GC(754) Eden regions: 150->0(133)
[427.996s][info][gc,heap     ] GC(754) Survivor regions: 3->20(20)
[427.996s][info][gc,heap     ] GC(754) Old regions: 55->60
[427.996s][info][gc,heap     ] GC(754) Humongous regions: 5->3
[427.996s][info][gc,metaspace] GC(754) Metaspace: 42950K(43456K)->42950K(43456K) NonClass: 38609K(38912K)->38609K(38912K) Class: 4340K(4544K)->4340K(4544K)
[427.996s][info][gc          ] GC(754) Pause Young (Prepare Mixed) (G1 Evacuation Pause) 212M->82M(256M) 23.683ms
[427.996s][info][gc,cpu      ] GC(754) User=0.05s Sys=0.00s Real=0.02s
[428.661s][info][gc,start    ] GC(755) Pause Young (Mixed) (G1 Evacuation Pause)
[428.661s][info][gc,task     ] GC(755) Using 2 workers of 2 for evacuation
[428.697s][info][gc,phases   ] GC(755)   Pre Evacuate Collection Set: 0.19ms
[428.697s][info][gc,phases   ] GC(755)   Merge Heap Roots: 0.18ms
[428.698s][info][gc,phases   ] GC(755)   Evacuate Collection Set: 35.50ms
[428.698s][info][gc,phases   ] GC(755)   Post Evacuate Collection Set: 0.51ms
[428.698s][info][gc,phases   ] GC(755)   Other: 0.07ms
[428.698s][info][gc,heap     ] GC(755) Eden regions: 133->0(132)
[428.698s][info][gc,heap     ] GC(755) Survivor regions: 20->19(20)
[428.698s][info][gc,heap     ] GC(755) Old regions: 60->57
[428.698s][info][gc,heap     ] GC(755) Humongous regions: 3->3
[428.698s][info][gc,metaspace] GC(755) Metaspace: 42950K(43456K)->42950K(43456K) NonClass: 38609K(38912K)->38609K(38912K) Class: 4340K(4544K)->4340K(4544K)
[428.698s][info][gc          ] GC(755) Pause Young (Mixed) (G1 Evacuation Pause) 215M->78M(256M) 36.633ms
[428.698s][info][gc,cpu      ] GC(755) User=0.07s Sys=0.00s Real=0.04s
[428.795s][info][gc,start    ] GC(756) Pause Young (Concurrent Start) (G1 Humongous Allocation)
[428.795s][info][gc,task     ] GC(756) Using 2 workers of 2 for evacuation
[428.846s][info][gc,phases   ] GC(756)   Pre Evacuate Collection Set: 0.16ms
[428.846s][info][gc,phases   ] GC(756)   Merge Heap Roots: 0.18ms
[428.846s][info][gc,phases   ] GC(756)   Evacuate Collection Set: 50.50ms
[428.846s][info][gc,phases   ] GC(756)   Post Evacuate Collection Set: 0.46ms
[428.846s][info][gc,phases   ] GC(756)   Other: 0.11ms
[428.846s][info][gc,heap     ] GC(756) Eden regions: 23->0(134)
[428.846s][info][gc,heap     ] GC(756) Survivor regions: 19->6(19)
[428.846s][info][gc,heap     ] GC(756) Old regions: 57->75
[428.846s][info][gc,heap     ] GC(756) Humongous regions: 3->1
[428.846s][info][gc,metaspace] GC(756) Metaspace: 42950K(43456K)->42950K(43456K) NonClass: 38609K(38912K)->38609K(38912K) Class: 4340K(4544K)->4340K(4544K)
[428.847s][info][gc          ] GC(756) Pause Young (Concurrent Start) (G1 Humongous Allocation) 101M->81M(256M) 51.612ms
[428.847s][info][gc,cpu      ] GC(756) User=0.06s Sys=0.00s Real=0.05s
[428.847s][info][gc          ] GC(757) Concurrent Mark Cycle
[428.847s][info][gc,marking  ] GC(757) Concurrent Scan Root Regions
[428.895s][info][gc,marking  ] GC(757) Concurrent Scan Root Regions 48.582ms
[428.895s][info][gc,marking  ] GC(757) Concurrent Mark
[428.895s][info][gc,marking  ] GC(757) Concurrent Mark From Roots
[428.895s][info][gc,task     ] GC(757) Using 1 workers of 1 for marking
[428.971s][info][gc,marking  ] GC(757) Concurrent Mark From Roots 75.506ms
[428.971s][info][gc,marking  ] GC(757) Concurrent Preclean
[428.971s][info][gc,marking  ] GC(757) Concurrent Preclean 0.038ms
[428.971s][info][gc,start    ] GC(757) Pause Remark
[428.988s][info][gc          ] GC(757) Pause Remark 111M->111M(256M) 16.571ms
[428.988s][info][gc,cpu      ] GC(757) User=0.03s Sys=0.00s Real=0.02s
[428.988s][info][gc,marking  ] GC(757) Concurrent Mark 92.401ms
[428.988s][info][gc,marking  ] GC(757) Concurrent Rebuild Remembered Sets and Scrub Regions
[429.032s][info][gc,marking  ] GC(757) Concurrent Rebuild Remembered Sets and Scrub Regions 43.731ms
[429.032s][info][gc,start    ] GC(757) Pause Cleanup
[429.032s][info][gc          ] GC(757) Pause Cleanup 120M->120M(256M) 0.050ms
[429.032s][info][gc,cpu      ] GC(757) User=0.00s Sys=0.00s Real=0.00s
[429.032s][info][gc,marking  ] GC(757) Concurrent Clear Claimed Marks
[429.032s][info][gc,marking  ] GC(757) Concurrent Clear Claimed Marks 0.039ms
[429.032s][info][gc,marking  ] GC(757) Concurrent Cleanup for Next Mark
[429.033s][info][gc,marking  ] GC(757) Concurrent Cleanup for Next Mark 0.775ms
[429.033s][info][gc          ] GC(757) Concurrent Mark Cycle 185.898ms
[429.448s][info][gc,start    ] GC(758) Pause Young (Prepare Mixed) (G1 Evacuation Pause)
[429.448s][info][gc,task     ] GC(758) Using 2 workers of 2 for evacuation
[429.466s][info][gc,phases   ] GC(758)   Pre Evacuate Collection Set: 0.26ms
[429.466s][info][gc,phases   ] GC(758)   Merge Heap Roots: 0.12ms
[429.466s][info][gc,phases   ] GC(758)   Evacuate Collection Set: 17.06ms
[429.466s][info][gc,phases   ] GC(758)   Post Evacuate Collection Set: 0.46ms
[429.466s][info][gc,phases   ] GC(758)   Other: 0.09ms
[429.466s][info][gc,heap     ] GC(758) Eden regions: 134->0(124)
[429.466s][info][gc,heap     ] GC(758) Survivor regions: 6->16(18)
[429.466s][info][gc,heap     ] GC(758) Old regions: 75->75
[429.466s][info][gc,heap     ] GC(758) Humongous regions: 5->3
[429.466s][info][gc,metaspace] GC(758) Metaspace: 42950K(43456K)->42950K(43456K) NonClass: 38609K(38912K)->38609K(38912K) Class: 4340K(4544K)->4340K(4544K)
[429.466s][info][gc          ] GC(758) Pause Young (Prepare Mixed) (G1 Evacuation Pause) 219M->93M(256M) 18.206ms
[429.466s][info][gc,cpu      ] GC(758) User=0.04s Sys=0.00s Real=0.02s
[429.988s][info][gc,start    ] GC(759) Pause Young (Mixed) (G1 Evacuation Pause)
[429.988s][info][gc,task     ] GC(759) Using 2 workers of 2 for evacuation
[430.004s][info][gc,phases   ] GC(759)   Pre Evacuate Collection Set: 0.18ms
[430.004s][info][gc,phases   ] GC(759)   Merge Heap Roots: 0.12ms
[430.004s][info][gc,phases   ] GC(759)   Evacuate Collection Set: 14.92ms
[430.004s][info][gc,phases   ] GC(759)   Post Evacuate Collection Set: 0.53ms
[430.004s][info][gc,phases   ] GC(759)   Other: 0.08ms
[430.004s][info][gc,heap     ] GC(759) Eden regions: 124->0(137)
[430.004s][info][gc,heap     ] GC(759) Survivor regions: 16->4(18)
[430.004s][info][gc,heap     ] GC(759) Old regions: 75->79
[430.004s][info][gc,heap     ] GC(759) Humongous regions: 13->3
[430.004s][info][gc,metaspace] GC(759) Metaspace: 42950K(43456K)->42950K(43456K) NonClass: 38610K(38912K)->38610K(38912K) Class: 4340K(4544K)->4340K(4544K)
[430.004s][info][gc          ] GC(759) Pause Young (Mixed) (G1 Evacuation Pause) 227M->84M(256M) 16.061ms
[430.004s][info][gc,cpu      ] GC(759) User=0.03s Sys=0.00s Real=0.02s
[430.146s][info][gc,start    ] GC(760) Pause Young (Concurrent Start) (G1 Humongous Allocation)
[430.146s][info][gc,task     ] GC(760) Using 2 workers of 2 for evacuation
[430.149s][info][gc,phases   ] GC(760)   Pre Evacuate Collection Set: 0.18ms
[430.149s][info][gc,phases   ] GC(760)   Merge Heap Roots: 0.04ms
[430.149s][info][gc,phases   ] GC(760)   Evacuate Collection Set: 1.70ms
[430.149s][info][gc,phases   ] GC(760)   Post Evacuate Collection Set: 0.31ms
[430.149s][info][gc,phases   ] GC(760)   Other: 0.08ms
[430.149s][info][gc,heap     ] GC(760) Eden regions: 38->0(145)
[430.149s][info][gc,heap     ] GC(760) Survivor regions: 4->2(18)
[430.149s][info][gc,heap     ] GC(760) Old regions: 79->79
[430.149s][info][gc,heap     ] GC(760) Humongous regions: 3->1
[430.149s][info][gc,metaspace] GC(760) Metaspace: 42950K(43456K)->42950K(43456K) NonClass: 38610K(38912K)->38610K(38912K) Class: 4340K(4544K)->4340K(4544K)
[430.149s][info][gc          ] GC(760) Pause Young (Concurrent Start) (G1 Humongous Allocation) 122M->80M(256M) 2.483ms
[430.149s][info][gc,cpu      ] GC(760) User=0.01s Sys=0.00s Real=0.00s
[430.149s][info][gc          ] GC(761) Concurrent Mark Cycle
[430.149s][info][gc,marking  ] GC(761) Concurrent Scan Root Regions
[430.150s][info][gc,marking  ] GC(761) Concurrent Scan Root Regions 1.611ms
[430.150s][info][gc,marking  ] GC(761) Concurrent Mark
[430.150s][info][gc,marking  ] GC(761) Concurrent Mark From Roots
[430.150s][info][gc,task     ] GC(761) Using 1 workers of 1 for marking
[430.222s][info][gc,marking  ] GC(761) Concurrent Mark From Roots 71.194ms
[430.222s][info][gc,marking  ] GC(761) Concurrent Preclean
[430.222s][info][gc,marking  ] GC(761) Concurrent Preclean 0.042ms
[430.222s][info][gc,start    ] GC(761) Pause Remark
[430.239s][info][gc          ] GC(761) Pause Remark 98M->87M(256M) 17.150ms
[430.239s][info][gc,cpu      ] GC(761) User=0.03s Sys=0.00s Real=0.02s
[430.239s][info][gc,marking  ] GC(761) Concurrent Mark 88.686ms
[430.239s][info][gc,marking  ] GC(761) Concurrent Rebuild Remembered Sets and Scrub Regions
[430.267s][info][gc,marking  ] GC(761) Concurrent Rebuild Remembered Sets and Scrub Regions 28.218ms
[430.268s][info][gc,start    ] GC(761) Pause Cleanup
[430.268s][info][gc          ] GC(761) Pause Cleanup 99M->99M(256M) 0.058ms
[430.268s][info][gc,cpu      ] GC(761) User=0.00s Sys=0.00s Real=0.00s
[430.268s][info][gc,marking  ] GC(761) Concurrent Clear Claimed Marks
[430.268s][info][gc,marking  ] GC(761) Concurrent Clear Claimed Marks 0.040ms
[430.268s][info][gc,marking  ] GC(761) Concurrent Cleanup for Next Mark
[430.268s][info][gc,marking  ] GC(761) Concurrent Cleanup for Next Mark 0.772ms
[430.268s][info][gc          ] GC(761) Concurrent Mark Cycle 119.667ms
[430.840s][info][gc,start    ] GC(762) Pause Young (Prepare Mixed) (G1 Evacuation Pause)
[430.840s][info][gc,task     ] GC(762) Using 2 workers of 2 for evacuation
[430.850s][info][gc,phases   ] GC(762)   Pre Evacuate Collection Set: 0.19ms
[430.850s][info][gc,phases   ] GC(762)   Merge Heap Roots: 0.06ms
[430.850s][info][gc,phases   ] GC(762)   Evacuate Collection Set: 8.73ms
[430.850s][info][gc,phases   ] GC(762)   Post Evacuate Collection Set: 0.82ms
[430.850s][info][gc,phases   ] GC(762)   Other: 0.08ms
[430.850s][info][gc,heap     ] GC(762) Eden regions: 145->0(169)
[430.850s][info][gc,heap     ] GC(762) Survivor regions: 2->9(19)
[430.850s][info][gc,heap     ] GC(762) Old regions: 68->68
[430.850s][info][gc,heap     ] GC(762) Humongous regions: 5->3
[430.850s][info][gc,metaspace] GC(762) Metaspace: 42950K(43456K)->42950K(43456K) NonClass: 38610K(38912K)->38610K(38912K) Class: 4340K(4544K)->4340K(4544K)
[430.850s][info][gc          ] GC(762) Pause Young (Prepare Mixed) (G1 Evacuation Pause) 218M->79M(297M) 10.092ms
[430.850s][info][gc,cpu      ] GC(762) User=0.02s Sys=0.00s Real=0.01s
[431.546s][info][gc,start    ] GC(763) Pause Young (Mixed) (G1 Evacuation Pause)
[431.546s][info][gc,task     ] GC(763) Using 2 workers of 2 for evacuation
[431.562s][info][gc,phases   ] GC(763)   Pre Evacuate Collection Set: 0.19ms
[431.562s][info][gc,phases   ] GC(763)   Merge Heap Roots: 0.14ms
[431.562s][info][gc,phases   ] GC(763)   Evacuate Collection Set: 14.33ms
[431.562s][info][gc,phases   ] GC(763)   Post Evacuate Collection Set: 0.62ms
[431.562s][info][gc,phases   ] GC(763)   Other: 0.08ms
[431.562s][info][gc,heap     ] GC(763) Eden regions: 169->0(168)
[431.562s][info][gc,heap     ] GC(763) Survivor regions: 9->10(23)
[431.562s][info][gc,heap     ] GC(763) Old regions: 68->46
[431.562s][info][gc,heap     ] GC(763) Humongous regions: 11->3
[431.562s][info][gc,metaspace] GC(763) Metaspace: 42950K(43456K)->42950K(43456K) NonClass: 38610K(38912K)->38610K(38912K) Class: 4340K(4544K)->4340K(4544K)
[431.562s][info][gc          ] GC(763) Pause Young (Mixed) (G1 Evacuation Pause) 256M->58M(297M) 15.578ms
[431.562s][info][gc,cpu      ] GC(763) User=0.03s Sys=0.00s Real=0.01s
[431.881s][info][gc,start    ] GC(764) Pause Young (Concurrent Start) (G1 Humongous Allocation)
[431.881s][info][gc,task     ] GC(764) Using 2 workers of 2 for evacuation
[431.886s][info][gc,phases   ] GC(764)   Pre Evacuate Collection Set: 0.20ms
[431.886s][info][gc,phases   ] GC(764)   Merge Heap Roots: 0.07ms
[431.886s][info][gc,phases   ] GC(764)   Evacuate Collection Set: 4.16ms
[431.886s][info][gc,phases   ] GC(764)   Post Evacuate Collection Set: 0.41ms
[431.886s][info][gc,phases   ] GC(764)   Other: 0.09ms
[431.886s][info][gc,heap     ] GC(764) Eden regions: 72->0(174)
[431.886s][info][gc,heap     ] GC(764) Survivor regions: 10->4(23)
[431.886s][info][gc,heap     ] GC(764) Old regions: 46->46
[431.886s][info][gc,heap     ] GC(764) Humongous regions: 3->1
[431.886s][info][gc,metaspace] GC(764) Metaspace: 42950K(43456K)->42950K(43456K) NonClass: 38610K(38912K)->38610K(38912K) Class: 4340K(4544K)->4340K(4544K)
[431.886s][info][gc          ] GC(764) Pause Young (Concurrent Start) (G1 Humongous Allocation) 130M->50M(297M) 5.127ms
[431.886s][info][gc,cpu      ] GC(764) User=0.01s Sys=0.00s Real=0.01s
[431.886s][info][gc          ] GC(765) Concurrent Mark Cycle
[431.886s][info][gc,marking  ] GC(765) Concurrent Scan Root Regions
[431.891s][info][gc,marking  ] GC(765) Concurrent Scan Root Regions 4.003ms
[431.891s][info][gc,marking  ] GC(765) Concurrent Mark
[431.891s][info][gc,marking  ] GC(765) Concurrent Mark From Roots
[431.891s][info][gc,task     ] GC(765) Using 1 workers of 1 for marking
[431.955s][info][gc,marking  ] GC(765) Concurrent Mark From Roots 64.732ms
[431.955s][info][gc,marking  ] GC(765) Concurrent Preclean
[431.955s][info][gc,marking  ] GC(765) Concurrent Preclean 0.045ms
[431.956s][info][gc,start    ] GC(765) Pause Remark
[431.974s][info][gc          ] GC(765) Pause Remark 69M->69M(256M) 18.176ms
[431.974s][info][gc,cpu      ] GC(765) User=0.03s Sys=0.00s Real=0.02s
[431.974s][info][gc,marking  ] GC(765) Concurrent Mark 83.302ms
[431.974s][info][gc,marking  ] GC(765) Concurrent Rebuild Remembered Sets and Scrub Regions
[431.997s][info][gc,marking  ] GC(765) Concurrent Rebuild Remembered Sets and Scrub Regions 23.517ms
[431.998s][info][gc,start    ] GC(765) Pause Cleanup
[431.998s][info][gc          ] GC(765) Pause Cleanup 76M->76M(256M) 0.050ms
[431.998s][info][gc,cpu      ] GC(765) User=0.00s Sys=0.00s Real=0.00s
[431.998s][info][gc,marking  ] GC(765) Concurrent Clear Claimed Marks
[431.998s][info][gc,marking  ] GC(765) Concurrent Clear Claimed Marks 0.041ms
[431.998s][info][gc,marking  ] GC(765) Concurrent Cleanup for Next Mark
[431.999s][info][gc,marking  ] GC(765) Concurrent Cleanup for Next Mark 0.880ms
[431.999s][info][gc          ] GC(765) Concurrent Mark Cycle 112.137ms
[432.584s][info][gc,start    ] GC(766) Pause Young (Prepare Mixed) (G1 Evacuation Pause)
[432.584s][info][gc,task     ] GC(766) Using 2 workers of 2 for evacuation
[432.592s][info][gc,phases   ] GC(766)   Pre Evacuate Collection Set: 0.19ms
[432.592s][info][gc,phases   ] GC(766)   Merge Heap Roots: 0.06ms
[432.592s][info][gc,phases   ] GC(766)   Evacuate Collection Set: 7.20ms
[432.592s][info][gc,phases   ] GC(766)   Post Evacuate Collection Set: 0.51ms
[432.592s][info][gc,phases   ] GC(766)   Other: 0.07ms
[432.592s][info][gc,heap     ] GC(766) Eden regions: 149->0(147)
[432.592s][info][gc,heap     ] GC(766) Survivor regions: 4->6(20)
[432.592s][info][gc,heap     ] GC(766) Old regions: 46->46
[432.592s][info][gc,heap     ] GC(766) Humongous regions: 9->3
[432.592s][info][gc,metaspace] GC(766) Metaspace: 42950K(43456K)->42950K(43456K) NonClass: 38610K(38912K)->38610K(38912K) Class: 4340K(4544K)->4340K(4544K)
[432.592s][info][gc          ] GC(766) Pause Young (Prepare Mixed) (G1 Evacuation Pause) 207M->54M(256M) 8.264ms
[432.592s][info][gc,cpu      ] GC(766) User=0.02s Sys=0.00s Real=0.00s
[433.032s][info][gc,start    ] GC(767) Pause Young (Mixed) (G1 Evacuation Pause)
[433.032s][info][gc,task     ] GC(767) Using 2 workers of 2 for evacuation
[433.076s][info][gc,phases   ] GC(767)   Pre Evacuate Collection Set: 0.21ms
[433.076s][info][gc,phases   ] GC(767)   Merge Heap Roots: 0.11ms
[433.076s][info][gc,phases   ] GC(767)   Evacuate Collection Set: 42.95ms
[433.076s][info][gc,phases   ] GC(767)   Post Evacuate Collection Set: 0.80ms
[433.076s][info][gc,phases   ] GC(767)   Other: 0.08ms
[433.076s][info][gc,heap     ] GC(767) Eden regions: 147->0(126)
[433.076s][info][gc,heap     ] GC(767) Survivor regions: 6->20(20)
[433.076s][info][gc,heap     ] GC(767) Old regions: 46->64
[433.076s][info][gc,heap     ] GC(767) Humongous regions: 3->3
[433.076s][info][gc,metaspace] GC(767) Metaspace: 42950K(43456K)->42950K(43456K) NonClass: 38610K(38912K)->38610K(38912K) Class: 4340K(4544K)->4340K(4544K)
[433.076s][info][gc          ] GC(767) Pause Young (Mixed) (G1 Evacuation Pause) 201M->86M(256M) 44.390ms
[433.076s][info][gc,cpu      ] GC(767) User=0.09s Sys=0.01s Real=0.05s
[433.733s][info][gc,start    ] GC(768) Pause Young (Concurrent Start) (G1 Evacuation Pause)
[433.733s][info][gc,task     ] GC(768) Using 2 workers of 2 for evacuation
[433.801s][info][gc,phases   ] GC(768)   Pre Evacuate Collection Set: 0.19ms
[433.801s][info][gc,phases   ] GC(768)   Merge Heap Roots: 0.25ms
[433.801s][info][gc,phases   ] GC(768)   Evacuate Collection Set: 67.47ms
[433.801s][info][gc,phases   ] GC(768)   Post Evacuate Collection Set: 0.47ms
[433.801s][info][gc,phases   ] GC(768)   Other: 0.09ms
[433.801s][info][gc,heap     ] GC(768) Eden regions: 126->0(99)
[433.801s][info][gc,heap     ] GC(768) Survivor regions: 20->19(19)
[433.801s][info][gc,heap     ] GC(768) Old regions: 64->95
[433.801s][info][gc,heap     ] GC(768) Humongous regions: 3->3
[433.801s][info][gc,metaspace] GC(768) Metaspace: 42950K(43456K)->42950K(43456K) NonClass: 38610K(38912K)->38610K(38912K) Class: 4340K(4544K)->4340K(4544K)
[433.801s][info][gc          ] GC(768) Pause Young (Concurrent Start) (G1 Evacuation Pause) 212M->116M(263M) 68.687ms
[433.801s][info][gc,cpu      ] GC(768) User=0.13s Sys=0.00s Real=0.06s
[433.801s][info][gc          ] GC(769) Concurrent Mark Cycle
[433.801s][info][gc,marking  ] GC(769) Concurrent Scan Root Regions
[433.870s][info][gc,marking  ] GC(769) Concurrent Scan Root Regions 68.470ms
[433.870s][info][gc,marking  ] GC(769) Concurrent Mark
[433.870s][info][gc,marking  ] GC(769) Concurrent Mark From Roots
[433.870s][info][gc,task     ] GC(769) Using 1 workers of 1 for marking
[433.997s][info][gc,marking  ] GC(769) Concurrent Mark From Roots 127.262ms
[433.997s][info][gc,marking  ] GC(769) Concurrent Preclean
[433.997s][info][gc,marking  ] GC(769) Concurrent Preclean 0.054ms
[433.998s][info][gc,start    ] GC(769) Pause Remark
[434.015s][info][gc          ] GC(769) Pause Remark 148M->148M(263M) 16.660ms
[434.015s][info][gc,cpu      ] GC(769) User=0.03s Sys=0.00s Real=0.02s
[434.015s][info][gc,marking  ] GC(769) Concurrent Mark 145.364ms
[434.015s][info][gc,marking  ] GC(769) Concurrent Rebuild Remembered Sets and Scrub Regions
[434.161s][info][gc,marking  ] GC(769) Concurrent Rebuild Remembered Sets and Scrub Regions 145.784ms
[434.161s][info][gc,start    ] GC(769) Pause Cleanup
[434.161s][info][gc          ] GC(769) Pause Cleanup 170M->170M(263M) 0.081ms
[434.161s][info][gc,cpu      ] GC(769) User=0.00s Sys=0.00s Real=0.00s
[434.161s][info][gc,marking  ] GC(769) Concurrent Clear Claimed Marks
[434.161s][info][gc,marking  ] GC(769) Concurrent Clear Claimed Marks 0.040ms
[434.161s][info][gc,marking  ] GC(769) Concurrent Cleanup for Next Mark
[434.162s][info][gc,marking  ] GC(769) Concurrent Cleanup for Next Mark 0.877ms
[434.162s][info][gc          ] GC(769) Concurrent Mark Cycle 360.933ms
[434.411s][info][gc,start    ] GC(770) Pause Young (Prepare Mixed) (G1 Evacuation Pause)
[434.411s][info][gc,task     ] GC(770) Using 2 workers of 2 for evacuation
[434.471s][info][gc,phases   ] GC(770)   Pre Evacuate Collection Set: 0.21ms
[434.471s][info][gc,phases   ] GC(770)   Merge Heap Roots: 0.47ms
[434.471s][info][gc,phases   ] GC(770)   Evacuate Collection Set: 58.60ms
[434.471s][info][gc,phases   ] GC(770)   Post Evacuate Collection Set: 0.45ms
[434.471s][info][gc,phases   ] GC(770)   Other: 0.08ms
[434.471s][info][gc,heap     ] GC(770) Eden regions: 99->0(75)
[434.471s][info][gc,heap     ] GC(770) Survivor regions: 19->15(15)
[434.471s][info][gc,heap     ] GC(770) Old regions: 95->126
[434.471s][info][gc,heap     ] GC(770) Humongous regions: 3->3
[434.471s][info][gc,metaspace] GC(770) Metaspace: 42950K(43456K)->42950K(43456K) NonClass: 38610K(38912K)->38610K(38912K) Class: 4340K(4544K)->4340K(4544K)
[434.471s][info][gc          ] GC(770) Pause Young (Prepare Mixed) (G1 Evacuation Pause) 215M->143M(263M) 60.033ms
[434.471s][info][gc,cpu      ] GC(770) User=0.12s Sys=0.00s Real=0.06s
[434.889s][info][gc,start    ] GC(771) Pause Young (Mixed) (G1 Evacuation Pause)
[434.890s][info][gc,task     ] GC(771) Using 2 workers of 2 for evacuation
[434.937s][info][gc,phases   ] GC(771)   Pre Evacuate Collection Set: 0.19ms
[434.937s][info][gc,phases   ] GC(771)   Merge Heap Roots: 0.24ms
[434.937s][info][gc,phases   ] GC(771)   Evacuate Collection Set: 46.36ms
[434.937s][info][gc,phases   ] GC(771)   Post Evacuate Collection Set: 0.43ms
[434.937s][info][gc,phases   ] GC(771)   Other: 0.07ms
[434.937s][info][gc,heap     ] GC(771) Eden regions: 75->0(58)
[434.937s][info][gc,heap     ] GC(771) Survivor regions: 15->12(12)
[434.937s][info][gc,heap     ] GC(771) Old regions: 126->150
[434.937s][info][gc,heap     ] GC(771) Humongous regions: 5->3
[434.937s][info][gc,metaspace] GC(771) Metaspace: 42950K(43456K)->42950K(43456K) NonClass: 38610K(38912K)->38610K(38912K) Class: 4340K(4544K)->4340K(4544K)
[434.937s][info][gc          ] GC(771) Pause Young (Mixed) (G1 Evacuation Pause) 220M->164M(263M) 47.501ms
[434.937s][info][gc,cpu      ] GC(771) User=0.09s Sys=0.00s Real=0.05s
[435.134s][info][gc,start    ] GC(772) Pause Young (Concurrent Start) (G1 Evacuation Pause)
[435.134s][info][gc,task     ] GC(772) Using 2 workers of 2 for evacuation
[435.164s][info][gc,phases   ] GC(772)   Pre Evacuate Collection Set: 0.21ms
[435.164s][info][gc,phases   ] GC(772)   Merge Heap Roots: 0.16ms
[435.164s][info][gc,phases   ] GC(772)   Evacuate Collection Set: 29.36ms
[435.164s][info][gc,phases   ] GC(772)   Post Evacuate Collection Set: 0.40ms
[435.164s][info][gc,phases   ] GC(772)   Other: 0.08ms
[435.164s][info][gc,heap     ] GC(772) Eden regions: 58->0(52)
[435.164s][info][gc,heap     ] GC(772) Survivor regions: 12->9(9)
[435.164s][info][gc,heap     ] GC(772) Old regions: 150->164
[435.164s][info][gc,heap     ] GC(772) Humongous regions: 3->3
[435.164s][info][gc,metaspace] GC(772) Metaspace: 42950K(43456K)->42950K(43456K) NonClass: 38610K(38912K)->38610K(38912K) Class: 4340K(4544K)->4340K(4544K)
[435.164s][info][gc          ] GC(772) Pause Young (Concurrent Start) (G1 Evacuation Pause) 222M->175M(263M) 30.436ms
[435.164s][info][gc          ] GC(773) Concurrent Mark Cycle
[435.164s][info][gc,marking  ] GC(773) Concurrent Scan Root Regions
[435.166s][info][gc,cpu      ] GC(772) User=0.06s Sys=0.00s Real=0.03s
[435.210s][info][gc,marking  ] GC(773) Concurrent Scan Root Regions 45.233ms
[435.210s][info][gc,marking  ] GC(773) Concurrent Mark
[435.210s][info][gc,marking  ] GC(773) Concurrent Mark From Roots
[435.210s][info][gc,task     ] GC(773) Using 1 workers of 1 for marking
[435.406s][info][gc,marking  ] GC(773) Concurrent Mark From Roots 196.370ms
[435.406s][info][gc,marking  ] GC(773) Concurrent Preclean
[435.406s][info][gc,marking  ] GC(773) Concurrent Preclean 0.050ms
[435.406s][info][gc,start    ] GC(773) Pause Remark
[435.424s][info][gc          ] GC(773) Pause Remark 208M->208M(294M) 18.098ms
[435.425s][info][gc,cpu      ] GC(773) User=0.03s Sys=0.00s Real=0.02s
[435.425s][info][gc,marking  ] GC(773) Concurrent Mark 215.565ms
[435.425s][info][gc,marking  ] GC(773) Concurrent Rebuild Remembered Sets and Scrub Regions
[435.531s][info][gc,marking  ] GC(773) Concurrent Rebuild Remembered Sets and Scrub Regions 105.894ms
[435.531s][info][gc,start    ] GC(773) Pause Cleanup
[435.532s][info][gc          ] GC(773) Pause Cleanup 228M->228M(294M) 0.193ms
[435.532s][info][gc,cpu      ] GC(773) User=0.00s Sys=0.00s Real=0.00s
[435.532s][info][gc,marking  ] GC(773) Concurrent Clear Claimed Marks
[435.532s][info][gc,marking  ] GC(773) Concurrent Clear Claimed Marks 0.048ms
[435.532s][info][gc,marking  ] GC(773) Concurrent Cleanup for Next Mark
[435.533s][info][gc,marking  ] GC(773) Concurrent Cleanup for Next Mark 1.620ms
[435.533s][info][gc          ] GC(773) Concurrent Mark Cycle 369.047ms
[435.546s][info][gc,start    ] GC(774) Pause Young (Prepare Mixed) (G1 Evacuation Pause)
[435.546s][info][gc,task     ] GC(774) Using 2 workers of 2 for evacuation
[435.573s][info][gc,phases   ] GC(774)   Pre Evacuate Collection Set: 0.17ms
[435.573s][info][gc,phases   ] GC(774)   Merge Heap Roots: 0.12ms
[435.573s][info][gc,phases   ] GC(774)   Evacuate Collection Set: 26.61ms
[435.573s][info][gc,phases   ] GC(774)   Post Evacuate Collection Set: 0.46ms
[435.573s][info][gc,phases   ] GC(774)   Other: 0.10ms
[435.573s][info][gc,heap     ] GC(774) Eden regions: 52->0(70)
[435.573s][info][gc,heap     ] GC(774) Survivor regions: 9->8(8)
[435.573s][info][gc,heap     ] GC(774) Old regions: 164->174
[435.573s][info][gc,heap     ] GC(774) Humongous regions: 5->1
[435.573s][info][gc,metaspace] GC(774) Metaspace: 42950K(43456K)->42950K(43456K) NonClass: 38610K(38912K)->38610K(38912K) Class: 4340K(4544K)->4340K(4544K)
[435.573s][info][gc          ] GC(774) Pause Young (Prepare Mixed) (G1 Evacuation Pause) 229M->182M(294M) 27.661ms
[435.573s][info][gc,cpu      ] GC(774) User=0.04s Sys=0.01s Real=0.03s
[435.865s][info][gc,start    ] GC(775) Pause Young (Mixed) (G1 Evacuation Pause)
[435.865s][info][gc,task     ] GC(775) Using 2 workers of 2 for evacuation
[435.891s][info][gc,phases   ] GC(775)   Pre Evacuate Collection Set: 0.21ms
[435.891s][info][gc,phases   ] GC(775)   Merge Heap Roots: 0.21ms
[435.891s][info][gc,phases   ] GC(775)   Evacuate Collection Set: 23.69ms
[435.891s][info][gc,phases   ] GC(775)   Post Evacuate Collection Set: 2.02ms
[435.891s][info][gc,phases   ] GC(775)   Other: 0.12ms
[435.891s][info][gc,heap     ] GC(775) Eden regions: 70->0(247)
[435.891s][info][gc,heap     ] GC(775) Survivor regions: 8->10(10)
[435.891s][info][gc,heap     ] GC(775) Old regions: 174->154
[435.891s][info][gc,heap     ] GC(775) Humongous regions: 3->3
[435.891s][info][gc,metaspace] GC(775) Metaspace: 42950K(43456K)->42950K(43456K) NonClass: 38610K(38912K)->38610K(38912K) Class: 4340K(4544K)->4340K(4544K)
[435.891s][info][gc          ] GC(775) Pause Young (Mixed) (G1 Evacuation Pause) 254M->166M(519M) 26.479ms
[435.891s][info][gc,cpu      ] GC(775) User=0.05s Sys=0.00s Real=0.02s
[436.968s][info][gc,start    ] GC(776) Pause Young (Mixed) (G1 Evacuation Pause)
[436.968s][info][gc,task     ] GC(776) Using 2 workers of 2 for evacuation
[437.010s][info][gc,phases   ] GC(776)   Pre Evacuate Collection Set: 0.27ms
[437.010s][info][gc,phases   ] GC(776)   Merge Heap Roots: 0.44ms
[437.010s][info][gc,phases   ] GC(776)   Evacuate Collection Set: 40.08ms
[437.010s][info][gc,phases   ] GC(776)   Post Evacuate Collection Set: 0.67ms
[437.010s][info][gc,phases   ] GC(776)   Other: 0.09ms
[437.010s][info][gc,heap     ] GC(776) Eden regions: 247->0(263)
[437.010s][info][gc,heap     ] GC(776) Survivor regions: 10->26(33)
[437.010s][info][gc,heap     ] GC(776) Old regions: 154->118
[437.010s][info][gc,heap     ] GC(776) Humongous regions: 13->4
[437.010s][info][gc,metaspace] GC(776) Metaspace: 42959K(43456K)->42959K(43456K) NonClass: 38619K(38912K)->38619K(38912K) Class: 4340K(4544K)->4340K(4544K)
[437.010s][info][gc          ] GC(776) Pause Young (Mixed) (G1 Evacuation Pause) 423M->147M(519M) 41.848ms
[437.010s][info][gc,cpu      ] GC(776) User=0.08s Sys=0.00s Real=0.04s
[437.968s][info][gc,start    ] GC(777) Pause Young (Mixed) (G1 Evacuation Pause)
[437.968s][info][gc,task     ] GC(777) Using 2 workers of 2 for evacuation
[437.989s][info][gc,phases   ] GC(777)   Pre Evacuate Collection Set: 0.26ms
[437.989s][info][gc,phases   ] GC(777)   Merge Heap Roots: 0.37ms
[437.989s][info][gc,phases   ] GC(777)   Evacuate Collection Set: 19.84ms
[437.989s][info][gc,phases   ] GC(777)   Post Evacuate Collection Set: 0.54ms
[437.989s][info][gc,phases   ] GC(777)   Other: 0.09ms
[437.989s][info][gc,heap     ] GC(777) Eden regions: 263->0(294)
[437.989s][info][gc,heap     ] GC(777) Survivor regions: 26->4(37)
[437.989s][info][gc,heap     ] GC(777) Old regions: 118->122
[437.989s][info][gc,heap     ] GC(777) Humongous regions: 6->3
[437.989s][info][gc,metaspace] GC(777) Metaspace: 42959K(43456K)->42959K(43456K) NonClass: 38619K(38912K)->38619K(38912K) Class: 4340K(4544K)->4340K(4544K)
[437.989s][info][gc          ] GC(777) Pause Young (Mixed) (G1 Evacuation Pause) 412M->127M(519M) 21.311ms
[437.989s][info][gc,cpu      ] GC(777) User=0.04s Sys=0.00s Real=0.02s
[439.129s][info][gc,start    ] GC(778) Pause Young (Normal) (G1 Evacuation Pause)
[439.129s][info][gc,task     ] GC(778) Using 2 workers of 2 for evacuation
[439.141s][info][gc,phases   ] GC(778)   Pre Evacuate Collection Set: 0.31ms
[439.141s][info][gc,phases   ] GC(778)   Merge Heap Roots: 0.13ms
[439.141s][info][gc,phases   ] GC(778)   Evacuate Collection Set: 10.63ms
[439.141s][info][gc,phases   ] GC(778)   Post Evacuate Collection Set: 0.60ms
[439.141s][info][gc,phases   ] GC(778)   Other: 0.10ms
[439.141s][info][gc,heap     ] GC(778) Eden regions: 294->0(296)
[439.141s][info][gc,heap     ] GC(778) Survivor regions: 4->13(38)
[439.141s][info][gc,heap     ] GC(778) Old regions: 122->122
[439.141s][info][gc,heap     ] GC(778) Humongous regions: 4->3
[439.141s][info][gc,metaspace] GC(778) Metaspace: 42959K(43456K)->42959K(43456K) NonClass: 38619K(38912K)->38619K(38912K) Class: 4340K(4544K)->4340K(4544K)
[439.141s][info][gc          ] GC(778) Pause Young (Normal) (G1 Evacuation Pause) 422M->136M(519M) 12.043ms
[439.141s][info][gc,cpu      ] GC(778) User=0.02s Sys=0.00s Real=0.01s
[439.851s][info][gc,start    ] GC(779) Pause Young (Concurrent Start) (G1 Humongous Allocation)
[439.851s][info][gc,task     ] GC(779) Using 2 workers of 2 for evacuation
[439.896s][info][gc,phases   ] GC(779)   Pre Evacuate Collection Set: 0.35ms
[439.896s][info][gc,phases   ] GC(779)   Merge Heap Roots: 0.10ms
[439.896s][info][gc,phases   ] GC(779)   Evacuate Collection Set: 43.79ms
[439.896s][info][gc,phases   ] GC(779)   Post Evacuate Collection Set: 0.68ms
[439.896s][info][gc,phases   ] GC(779)   Other: 0.13ms
[439.896s][info][gc,heap     ] GC(779) Eden regions: 198->0(235)
[439.896s][info][gc,heap     ] GC(779) Survivor regions: 13->39(39)
[439.896s][info][gc,heap     ] GC(779) Old regions: 122->138
[439.896s][info][gc,heap     ] GC(779) Humongous regions: 3->3
[439.896s][info][gc,metaspace] GC(779) Metaspace: 42959K(43456K)->42959K(43456K) NonClass: 38619K(38912K)->38619K(38912K) Class: 4340K(4544K)->4340K(4544K)
[439.896s][info][gc          ] GC(779) Pause Young (Concurrent Start) (G1 Humongous Allocation) 334M->179M(519M) 45.381ms
[439.896s][info][gc,cpu      ] GC(779) User=0.08s Sys=0.00s Real=0.05s
[439.896s][info][gc          ] GC(780) Concurrent Mark Cycle
[439.896s][info][gc,marking  ] GC(780) Concurrent Scan Root Regions
[439.934s][info][gc,marking  ] GC(780) Concurrent Scan Root Regions 38.015ms
[439.935s][info][gc,marking  ] GC(780) Concurrent Mark
[439.935s][info][gc,marking  ] GC(780) Concurrent Mark From Roots
[439.935s][info][gc,task     ] GC(780) Using 1 workers of 1 for marking
[440.011s][info][gc,marking  ] GC(780) Concurrent Mark From Roots 75.985ms
[440.011s][info][gc,marking  ] GC(780) Concurrent Preclean
[440.011s][info][gc,marking  ] GC(780) Concurrent Preclean 0.046ms
[440.011s][info][gc,start    ] GC(780) Pause Remark
[440.029s][info][gc          ] GC(780) Pause Remark 205M->190M(519M) 18.318ms
[440.029s][info][gc,cpu      ] GC(780) User=0.04s Sys=0.00s Real=0.02s
[440.031s][info][gc,marking  ] GC(780) Concurrent Mark 96.717ms
[440.031s][info][gc,marking  ] GC(780) Concurrent Rebuild Remembered Sets and Scrub Regions
[440.075s][info][gc,marking  ] GC(780) Concurrent Rebuild Remembered Sets and Scrub Regions 44.186ms
[440.076s][info][gc,start    ] GC(780) Pause Cleanup
[440.076s][info][gc          ] GC(780) Pause Cleanup 199M->199M(519M) 0.084ms
[440.076s][info][gc,cpu      ] GC(780) User=0.00s Sys=0.00s Real=0.00s
[440.076s][info][gc,marking  ] GC(780) Concurrent Clear Claimed Marks
[440.076s][info][gc,marking  ] GC(780) Concurrent Clear Claimed Marks 0.041ms
[440.076s][info][gc,marking  ] GC(780) Concurrent Cleanup for Next Mark
[440.080s][info][gc,marking  ] GC(780) Concurrent Cleanup for Next Mark 4.074ms
[440.080s][info][gc          ] GC(780) Concurrent Mark Cycle 183.481ms
[440.889s][info][gc,start    ] GC(781) Pause Young (Prepare Mixed) (G1 Evacuation Pause)
[440.889s][info][gc,task     ] GC(781) Using 2 workers of 2 for evacuation
[441.014s][info][gc,phases   ] GC(781)   Pre Evacuate Collection Set: 0.26ms
[441.014s][info][gc,phases   ] GC(781)   Merge Heap Roots: 0.26ms
[441.014s][info][gc,phases   ] GC(781)   Evacuate Collection Set: 122.85ms
[441.014s][info][gc,phases   ] GC(781)   Post Evacuate Collection Set: 0.70ms
[441.014s][info][gc,phases   ] GC(781)   Other: 0.09ms
[441.014s][info][gc,heap     ] GC(781) Eden regions: 235->0(133)
[441.014s][info][gc,heap     ] GC(781) Survivor regions: 39->35(35)
[441.014s][info][gc,heap     ] GC(781) Old regions: 123->242
[441.014s][info][gc,heap     ] GC(781) Humongous regions: 5->5
[441.014s][info][gc,metaspace] GC(781) Metaspace: 42959K(43456K)->42959K(43456K) NonClass: 38619K(38912K)->38619K(38912K) Class: 4340K(4544K)->4340K(4544K)
[441.014s][info][gc          ] GC(781) Pause Young (Prepare Mixed) (G1 Evacuation Pause) 401M->281M(556M) 124.390ms
[441.014s][info][gc,cpu      ] GC(781) User=0.21s Sys=0.03s Real=0.13s
[441.555s][info][gc,start    ] GC(782) Pause Young (Mixed) (G1 Evacuation Pause)
[441.555s][info][gc,task     ] GC(782) Using 2 workers of 2 for evacuation
[441.638s][info][gc,phases   ] GC(782)   Pre Evacuate Collection Set: 0.28ms
[441.638s][info][gc,phases   ] GC(782)   Merge Heap Roots: 0.42ms
[441.638s][info][gc,phases   ] GC(782)   Evacuate Collection Set: 80.78ms
[441.638s][info][gc,phases   ] GC(782)   Post Evacuate Collection Set: 0.65ms
[441.638s][info][gc,phases   ] GC(782)   Other: 0.08ms
[441.638s][info][gc,heap     ] GC(782) Eden regions: 133->0(116)
[441.638s][info][gc,heap     ] GC(782) Survivor regions: 35->21(21)
[441.638s][info][gc,heap     ] GC(782) Old regions: 242->279
[441.638s][info][gc,heap     ] GC(782) Humongous regions: 6->6
[441.638s][info][gc,metaspace] GC(782) Metaspace: 42959K(43456K)->42959K(43456K) NonClass: 38619K(38912K)->38619K(38912K) Class: 4340K(4544K)->4340K(4544K)
[441.638s][info][gc          ] GC(782) Pause Young (Mixed) (G1 Evacuation Pause) 415M->305M(556M) 82.440ms
[441.638s][info][gc,cpu      ] GC(782) User=0.17s Sys=0.00s Real=0.08s
[441.731s][info][gc,start    ] GC(783) Pause Young (Concurrent Start) (G1 Humongous Allocation)
[441.731s][info][gc,task     ] GC(783) Using 2 workers of 2 for evacuation
[441.767s][info][gc,phases   ] GC(783)   Pre Evacuate Collection Set: 0.27ms
[441.767s][info][gc,phases   ] GC(783)   Merge Heap Roots: 0.35ms
[441.767s][info][gc,phases   ] GC(783)   Evacuate Collection Set: 34.82ms
[441.767s][info][gc,phases   ] GC(783)   Post Evacuate Collection Set: 0.40ms
[441.767s][info][gc,phases   ] GC(783)   Other: 0.21ms
[441.767s][info][gc,heap     ] GC(783) Eden regions: 25->0(93)
[441.767s][info][gc,heap     ] GC(783) Survivor regions: 21->18(18)
[441.767s][info][gc,heap     ] GC(783) Old regions: 279->300
[441.767s][info][gc,heap     ] GC(783) Humongous regions: 6->6
[441.767s][info][gc,metaspace] GC(783) Metaspace: 42959K(43456K)->42959K(43456K) NonClass: 38619K(38912K)->38619K(38912K) Class: 4340K(4544K)->4340K(4544K)
[441.767s][info][gc          ] GC(783) Pause Young (Concurrent Start) (G1 Humongous Allocation) 330M->322M(556M) 36.277ms
[441.767s][info][gc,cpu      ] GC(783) User=0.07s Sys=0.00s Real=0.04s
[441.767s][info][gc          ] GC(784) Concurrent Mark Cycle
[441.767s][info][gc,marking  ] GC(784) Concurrent Scan Root Regions
[441.782s][info][gc,marking  ] GC(784) Concurrent Scan Root Regions 15.204ms
[441.782s][info][gc,marking  ] GC(784) Concurrent Mark
[441.782s][info][gc,marking  ] GC(784) Concurrent Mark From Roots
[441.782s][info][gc,task     ] GC(784) Using 1 workers of 1 for marking
[441.892s][info][gc,marking  ] GC(784) Concurrent Mark From Roots 109.484ms
[441.892s][info][gc,marking  ] GC(784) Concurrent Preclean
[441.892s][info][gc,marking  ] GC(784) Concurrent Preclean 0.051ms
[441.892s][info][gc,start    ] GC(784) Pause Remark
[441.910s][info][gc          ] GC(784) Pause Remark 350M->279M(556M) 17.654ms
[441.910s][info][gc,cpu      ] GC(784) User=0.04s Sys=0.00s Real=0.02s
[441.910s][info][gc,marking  ] GC(784) Concurrent Mark 127.444ms
[441.910s][info][gc,marking  ] GC(784) Concurrent Rebuild Remembered Sets and Scrub Regions
[441.971s][info][gc,marking  ] GC(784) Concurrent Rebuild Remembered Sets and Scrub Regions 60.949ms
[441.971s][info][gc,start    ] GC(784) Pause Cleanup
[441.971s][info][gc          ] GC(784) Pause Cleanup 294M->294M(556M) 0.147ms
[441.971s][info][gc,cpu      ] GC(784) User=0.00s Sys=0.00s Real=0.00s
[441.971s][info][gc,marking  ] GC(784) Concurrent Clear Claimed Marks
[441.971s][info][gc,marking  ] GC(784) Concurrent Clear Claimed Marks 0.042ms
[441.971s][info][gc,marking  ] GC(784) Concurrent Cleanup for Next Mark
[441.974s][info][gc,marking  ] GC(784) Concurrent Cleanup for Next Mark 2.563ms
[441.974s][info][gc          ] GC(784) Concurrent Mark Cycle 206.757ms
[442.164s][info][gc,start    ] GC(785) Pause Young (Prepare Mixed) (G1 Evacuation Pause)
[442.164s][info][gc,task     ] GC(785) Using 2 workers of 2 for evacuation
[442.179s][info][gc,phases   ] GC(785)   Pre Evacuate Collection Set: 0.27ms
[442.180s][info][gc,phases   ] GC(785)   Merge Heap Roots: 0.08ms
[442.180s][info][gc,phases   ] GC(785)   Evacuate Collection Set: 14.77ms
[442.180s][info][gc,phases   ] GC(785)   Post Evacuate Collection Set: 0.51ms
[442.180s][info][gc,phases   ] GC(785)   Other: 0.11ms
[442.180s][info][gc,heap     ] GC(785) Eden regions: 93->0(129)
[442.180s][info][gc,heap     ] GC(785) Survivor regions: 18->10(14)
[442.180s][info][gc,heap     ] GC(785) Old regions: 231->242
[442.180s][info][gc,heap     ] GC(785) Humongous regions: 5->5
[442.180s][info][gc,metaspace] GC(785) Metaspace: 42959K(43456K)->42959K(43456K) NonClass: 38619K(38912K)->38619K(38912K) Class: 4340K(4544K)->4340K(4544K)
[442.180s][info][gc          ] GC(785) Pause Young (Prepare Mixed) (G1 Evacuation Pause) 345M->256M(556M) 15.962ms
[442.180s][info][gc,cpu      ] GC(785) User=0.03s Sys=0.00s Real=0.01s
[442.671s][info][gc,start    ] GC(786) Pause Young (Mixed) (G1 Evacuation Pause)
[442.671s][info][gc,task     ] GC(786) Using 2 workers of 2 for evacuation
[442.691s][info][gc,phases   ] GC(786)   Pre Evacuate Collection Set: 0.38ms
[442.691s][info][gc,phases   ] GC(786)   Merge Heap Roots: 0.19ms
[442.691s][info][gc,phases   ] GC(786)   Evacuate Collection Set: 18.67ms
[442.691s][info][gc,phases   ] GC(786)   Post Evacuate Collection Set: 0.52ms
[442.691s][info][gc,phases   ] GC(786)   Other: 0.08ms
[442.691s][info][gc,heap     ] GC(786) Eden regions: 129->0(158)
[442.691s][info][gc,heap     ] GC(786) Survivor regions: 10->18(18)
[442.691s][info][gc,heap     ] GC(786) Old regions: 242->192
[442.691s][info][gc,heap     ] GC(786) Humongous regions: 5->5
[442.691s][info][gc,metaspace] GC(786) Metaspace: 42959K(43456K)->42959K(43456K) NonClass: 38619K(38912K)->38619K(38912K) Class: 4340K(4544K)->4340K(4544K)
[442.691s][info][gc          ] GC(786) Pause Young (Mixed) (G1 Evacuation Pause) 385M->214M(556M) 20.112ms
[442.691s][info][gc,cpu      ] GC(786) User=0.03s Sys=0.01s Real=0.02s
[443.324s][info][gc,start    ] GC(787) Pause Young (Mixed) (G1 Evacuation Pause)
[443.324s][info][gc,task     ] GC(787) Using 2 workers of 2 for evacuation
[443.361s][info][gc,phases   ] GC(787)   Pre Evacuate Collection Set: 0.29ms
[443.361s][info][gc,phases   ] GC(787)   Merge Heap Roots: 0.22ms
[443.361s][info][gc,phases   ] GC(787)   Evacuate Collection Set: 35.16ms
[443.361s][info][gc,phases   ] GC(787)   Post Evacuate Collection Set: 0.60ms
[443.361s][info][gc,phases   ] GC(787)   Other: 0.10ms
[443.361s][info][gc,heap     ] GC(787) Eden regions: 158->0(182)
[443.361s][info][gc,heap     ] GC(787) Survivor regions: 18->22(22)
[443.361s][info][gc,heap     ] GC(787) Old regions: 192->160
[443.361s][info][gc,heap     ] GC(787) Humongous regions: 6->5
[443.361s][info][gc,metaspace] GC(787) Metaspace: 42959K(43456K)->42959K(43456K) NonClass: 38619K(38912K)->38619K(38912K) Class: 4340K(4544K)->4340K(4544K)
[443.361s][info][gc          ] GC(787) Pause Young (Mixed) (G1 Evacuation Pause) 373M->186M(556M) 36.588ms
[443.361s][info][gc,cpu      ] GC(787) User=0.07s Sys=0.00s Real=0.03s
[444.059s][info][gc,start    ] GC(788) Pause Young (Mixed) (G1 Evacuation Pause)
[444.059s][info][gc,task     ] GC(788) Using 2 workers of 2 for evacuation
[444.099s][info][gc,phases   ] GC(788)   Pre Evacuate Collection Set: 0.28ms
[444.099s][info][gc,phases   ] GC(788)   Merge Heap Roots: 0.50ms
[444.099s][info][gc,phases   ] GC(788)   Evacuate Collection Set: 38.81ms
[444.099s][info][gc,phases   ] GC(788)   Post Evacuate Collection Set: 0.83ms
[444.099s][info][gc,phases   ] GC(788)   Other: 0.09ms
[444.099s][info][gc,heap     ] GC(788) Eden regions: 182->0(195)
[444.099s][info][gc,heap     ] GC(788) Survivor regions: 22->26(26)
[444.099s][info][gc,heap     ] GC(788) Old regions: 160->173
[444.099s][info][gc,heap     ] GC(788) Humongous regions: 7->6
[444.099s][info][gc,metaspace] GC(788) Metaspace: 42959K(43456K)->42959K(43456K) NonClass: 38619K(38912K)->38619K(38912K) Class: 4340K(4544K)->4340K(4544K)
[444.099s][info][gc          ] GC(788) Pause Young (Mixed) (G1 Evacuation Pause) 370M->204M(583M) 40.737ms
[444.099s][info][gc,cpu      ] GC(788) User=0.08s Sys=0.00s Real=0.04s
[444.887s][info][gc,start    ] GC(789) Pause Young (Normal) (G1 Evacuation Pause)
[444.887s][info][gc,task     ] GC(789) Using 2 workers of 2 for evacuation
[444.912s][info][gc,phases   ] GC(789)   Pre Evacuate Collection Set: 0.33ms
[444.912s][info][gc,phases   ] GC(789)   Merge Heap Roots: 0.12ms
[444.912s][info][gc,phases   ] GC(789)   Evacuate Collection Set: 23.81ms
[444.912s][info][gc,phases   ] GC(789)   Post Evacuate Collection Set: 0.49ms
[444.912s][info][gc,phases   ] GC(789)   Other: 0.08ms
[444.912s][info][gc,heap     ] GC(789) Eden regions: 195->0(202)
[444.912s][info][gc,heap     ] GC(789) Survivor regions: 26->14(28)
[444.912s][info][gc,heap     ] GC(789) Old regions: 173->197
[444.912s][info][gc,heap     ] GC(789) Humongous regions: 8->7
[444.912s][info][gc,metaspace] GC(789) Metaspace: 42959K(43456K)->42959K(43456K) NonClass: 38619K(38912K)->38619K(38912K) Class: 4340K(4544K)->4340K(4544K)
[444.912s][info][gc          ] GC(789) Pause Young (Normal) (G1 Evacuation Pause) 401M->217M(583M) 25.078ms
[444.912s][info][gc,cpu      ] GC(789) User=0.05s Sys=0.00s Real=0.02s
[445.707s][info][gc,start    ] GC(790) Pause Young (Normal) (G1 Evacuation Pause)
[445.707s][info][gc,task     ] GC(790) Using 2 workers of 2 for evacuation
[445.727s][info][gc,phases   ] GC(790)   Pre Evacuate Collection Set: 0.26ms
[445.727s][info][gc,phases   ] GC(790)   Merge Heap Roots: 0.09ms
[445.727s][info][gc,phases   ] GC(790)   Evacuate Collection Set: 19.58ms
[445.727s][info][gc,phases   ] GC(790)   Post Evacuate Collection Set: 0.53ms
[445.727s][info][gc,phases   ] GC(790)   Other: 0.09ms
[445.727s][info][gc,heap     ] GC(790) Eden regions: 202->0(202)
[445.727s][info][gc,heap     ] GC(790) Survivor regions: 14->24(27)
[445.727s][info][gc,heap     ] GC(790) Old regions: 197->204
[445.727s][info][gc,heap     ] GC(790) Humongous regions: 10->8
[445.727s][info][gc,metaspace] GC(790) Metaspace: 42959K(43456K)->42959K(43456K) NonClass: 38619K(38912K)->38619K(38912K) Class: 4340K(4544K)->4340K(4544K)
[445.727s][info][gc          ] GC(790) Pause Young (Normal) (G1 Evacuation Pause) 422M->235M(583M) 20.845ms
[445.727s][info][gc,cpu      ] GC(790) User=0.04s Sys=0.00s Real=0.02s
[446.036s][info][gc,start    ] GC(791) Pause Young (Concurrent Start) (G1 Humongous Allocation)
[446.036s][info][gc,task     ] GC(791) Using 2 workers of 2 for evacuation
[446.051s][info][gc,phases   ] GC(791)   Pre Evacuate Collection Set: 0.30ms
[446.051s][info][gc,phases   ] GC(791)   Merge Heap Roots: 0.08ms
[446.051s][info][gc,phases   ] GC(791)   Evacuate Collection Set: 14.24ms
[446.051s][info][gc,phases   ] GC(791)   Post Evacuate Collection Set: 0.50ms
[446.051s][info][gc,phases   ] GC(791)   Other: 0.10ms
[446.051s][info][gc,heap     ] GC(791) Eden regions: 83->0(215)
[446.051s][info][gc,heap     ] GC(791) Survivor regions: 24->19(29)
[446.051s][info][gc,heap     ] GC(791) Old regions: 204->205
[446.051s][info][gc,heap     ] GC(791) Humongous regions: 8->5
[446.051s][info][gc,metaspace] GC(791) Metaspace: 42959K(43456K)->42959K(43456K) NonClass: 38619K(38912K)->38619K(38912K) Class: 4340K(4544K)->4340K(4544K)
[446.051s][info][gc          ] GC(791) Pause Young (Concurrent Start) (G1 Humongous Allocation) 317M->228M(583M) 15.449ms
[446.051s][info][gc          ] GC(792) Concurrent Mark Cycle
[446.051s][info][gc,marking  ] GC(792) Concurrent Scan Root Regions
[446.053s][info][gc,cpu      ] GC(791) User=0.03s Sys=0.00s Real=0.02s
[446.062s][info][gc,marking  ] GC(792) Concurrent Scan Root Regions 10.904ms
[446.062s][info][gc,marking  ] GC(792) Concurrent Mark
[446.062s][info][gc,marking  ] GC(792) Concurrent Mark From Roots
[446.062s][info][gc,task     ] GC(792) Using 1 workers of 1 for marking
[446.143s][info][gc,marking  ] GC(792) Concurrent Mark From Roots 81.262ms
[446.143s][info][gc,marking  ] GC(792) Concurrent Preclean
[446.143s][info][gc,marking  ] GC(792) Concurrent Preclean 0.051ms
[446.144s][info][gc,start    ] GC(792) Pause Remark
[446.163s][info][gc          ] GC(792) Pause Remark 253M->132M(367M) 19.171ms
[446.163s][info][gc,cpu      ] GC(792) User=0.04s Sys=0.00s Real=0.02s
[446.163s][info][gc,marking  ] GC(792) Concurrent Mark 100.810ms
[446.163s][info][gc,marking  ] GC(792) Concurrent Rebuild Remembered Sets and Scrub Regions
[446.195s][info][gc,marking  ] GC(792) Concurrent Rebuild Remembered Sets and Scrub Regions 32.278ms
[446.195s][info][gc,start    ] GC(792) Pause Cleanup
[446.195s][info][gc          ] GC(792) Pause Cleanup 141M->141M(367M) 0.071ms
[446.195s][info][gc,cpu      ] GC(792) User=0.00s Sys=0.00s Real=0.00s
[446.195s][info][gc,marking  ] GC(792) Concurrent Clear Claimed Marks
[446.195s][info][gc,marking  ] GC(792) Concurrent Clear Claimed Marks 0.043ms
[446.195s][info][gc,marking  ] GC(792) Concurrent Cleanup for Next Mark
[446.197s][info][gc,marking  ] GC(792) Concurrent Cleanup for Next Mark 1.196ms
[446.197s][info][gc          ] GC(792) Concurrent Mark Cycle 145.671ms
[446.776s][info][gc,start    ] GC(793) Pause Young (Prepare Mixed) (G1 Evacuation Pause)
[446.776s][info][gc,task     ] GC(793) Using 2 workers of 2 for evacuation
[446.790s][info][gc,phases   ] GC(793)   Pre Evacuate Collection Set: 0.21ms
[446.790s][info][gc,phases   ] GC(793)   Merge Heap Roots: 0.09ms
[446.790s][info][gc,phases   ] GC(793)   Evacuate Collection Set: 12.19ms
[446.790s][info][gc,phases   ] GC(793)   Post Evacuate Collection Set: 0.56ms
[446.790s][info][gc,phases   ] GC(793)   Other: 0.09ms
[446.790s][info][gc,heap     ] GC(793) Eden regions: 201->0(173)
[446.790s][info][gc,heap     ] GC(793) Survivor regions: 19->2(28)
[446.790s][info][gc,heap     ] GC(793) Old regions: 88->106
[446.790s][info][gc,heap     ] GC(793) Humongous regions: 3->3
[446.790s][info][gc,metaspace] GC(793) Metaspace: 42959K(43456K)->42959K(43456K) NonClass: 38619K(38912K)->38619K(38912K) Class: 4340K(4544K)->4340K(4544K)
[446.790s][info][gc          ] GC(793) Pause Young (Prepare Mixed) (G1 Evacuation Pause) 310M->110M(367M) 13.398ms
[446.790s][info][gc,cpu      ] GC(793) User=0.03s Sys=0.00s Real=0.01s
[447.381s][info][gc,start    ] GC(794) Pause Young (Mixed) (G1 Evacuation Pause)
[447.381s][info][gc,task     ] GC(794) Using 2 workers of 2 for evacuation
[447.385s][info][gc,phases   ] GC(794)   Pre Evacuate Collection Set: 0.22ms
[447.385s][info][gc,phases   ] GC(794)   Merge Heap Roots: 0.08ms
[447.385s][info][gc,phases   ] GC(794)   Evacuate Collection Set: 2.46ms
[447.385s][info][gc,phases   ] GC(794)   Post Evacuate Collection Set: 0.64ms
[447.385s][info][gc,phases   ] GC(794)   Other: 0.08ms
[447.385s][info][gc,heap     ] GC(794) Eden regions: 173->0(193)
[447.385s][info][gc,heap     ] GC(794) Survivor regions: 2->3(22)
[447.385s][info][gc,heap     ] GC(794) Old regions: 106->90
[447.385s][info][gc,heap     ] GC(794) Humongous regions: 4->3
[447.385s][info][gc,metaspace] GC(794) Metaspace: 42959K(43456K)->42959K(43456K) NonClass: 38619K(38912K)->38619K(38912K) Class: 4340K(4544K)->4340K(4544K)
[447.385s][info][gc          ] GC(794) Pause Young (Mixed) (G1 Evacuation Pause) 284M->95M(367M) 3.682ms
[447.385s][info][gc,cpu      ] GC(794) User=0.00s Sys=0.00s Real=0.01s
[447.946s][info][gc,start    ] GC(795) Pause Young (Concurrent Start) (G1 Evacuation Pause)
[447.946s][info][gc,task     ] GC(795) Using 2 workers of 2 for evacuation
[447.954s][info][gc,phases   ] GC(795)   Pre Evacuate Collection Set: 0.21ms
[447.954s][info][gc,phases   ] GC(795)   Merge Heap Roots: 0.07ms
[447.954s][info][gc,phases   ] GC(795)   Evacuate Collection Set: 7.04ms
[447.954s][info][gc,phases   ] GC(795)   Post Evacuate Collection Set: 0.69ms
[447.954s][info][gc,phases   ] GC(795)   Other: 0.11ms
[447.954s][info][gc,heap     ] GC(795) Eden regions: 193->0(201)
[447.954s][info][gc,heap     ] GC(795) Survivor regions: 3->6(25)
[447.954s][info][gc,heap     ] GC(795) Old regions: 90->90
[447.954s][info][gc,heap     ] GC(795) Humongous regions: 3->1
[447.954s][info][gc,metaspace] GC(795) Metaspace: 42959K(43456K)->42959K(43456K) NonClass: 38619K(38912K)->38619K(38912K) Class: 4340K(4544K)->4340K(4544K)
[447.954s][info][gc          ] GC(795) Pause Young (Concurrent Start) (G1 Evacuation Pause) 288M->96M(367M) 8.338ms
[447.954s][info][gc,cpu      ] GC(795) User=0.01s Sys=0.00s Real=0.01s
[447.954s][info][gc          ] GC(796) Concurrent Mark Cycle
[447.954s][info][gc,marking  ] GC(796) Concurrent Scan Root Regions
[447.957s][info][gc,marking  ] GC(796) Concurrent Scan Root Regions 2.912ms
[447.957s][info][gc,marking  ] GC(796) Concurrent Mark
[447.957s][info][gc,marking  ] GC(796) Concurrent Mark From Roots
[447.957s][info][gc,task     ] GC(796) Using 1 workers of 1 for marking
[448.030s][info][gc,marking  ] GC(796) Concurrent Mark From Roots 72.741ms
[448.030s][info][gc,marking  ] GC(796) Concurrent Preclean
[448.030s][info][gc,marking  ] GC(796) Concurrent Preclean 0.046ms
[448.030s][info][gc,start    ] GC(796) Pause Remark
[448.049s][info][gc          ] GC(796) Pause Remark 138M->125M(280M) 19.468ms
[448.050s][info][gc,cpu      ] GC(796) User=0.04s Sys=0.00s Real=0.02s
[448.050s][info][gc,marking  ] GC(796) Concurrent Mark 92.574ms
[448.050s][info][gc,marking  ] GC(796) Concurrent Rebuild Remembered Sets and Scrub Regions
[448.099s][info][gc,marking  ] GC(796) Concurrent Rebuild Remembered Sets and Scrub Regions 49.819ms
[448.099s][info][gc,start    ] GC(796) Pause Cleanup
[448.100s][info][gc          ] GC(796) Pause Cleanup 149M->149M(280M) 0.090ms
[448.100s][info][gc,cpu      ] GC(796) User=0.00s Sys=0.00s Real=0.00s
[448.100s][info][gc,marking  ] GC(796) Concurrent Clear Claimed Marks
[448.100s][info][gc,marking  ] GC(796) Concurrent Clear Claimed Marks 0.043ms
[448.100s][info][gc,marking  ] GC(796) Concurrent Cleanup for Next Mark
[448.102s][info][gc,marking  ] GC(796) Concurrent Cleanup for Next Mark 2.513ms
[448.102s][info][gc          ] GC(796) Concurrent Mark Cycle 148.246ms
[448.283s][info][gc,start    ] GC(797) Pause Young (Prepare Mixed) (G1 Evacuation Pause)
[448.283s][info][gc,task     ] GC(797) Using 2 workers of 2 for evacuation
[448.287s][info][gc,phases   ] GC(797)   Pre Evacuate Collection Set: 0.18ms
[448.287s][info][gc,phases   ] GC(797)   Merge Heap Roots: 0.07ms
[448.287s][info][gc,phases   ] GC(797)   Evacuate Collection Set: 3.31ms
[448.287s][info][gc,phases   ] GC(797)   Post Evacuate Collection Set: 0.43ms
[448.287s][info][gc,phases   ] GC(797)   Other: 0.08ms
[448.287s][info][gc,heap     ] GC(797) Eden regions: 162->0(156)
[448.287s][info][gc,heap     ] GC(797) Survivor regions: 6->5(21)
[448.287s][info][gc,heap     ] GC(797) Old regions: 77->77
[448.287s][info][gc,heap     ] GC(797) Humongous regions: 1->1
[448.287s][info][gc,metaspace] GC(797) Metaspace: 42959K(43456K)->42959K(43456K) NonClass: 38619K(38912K)->38619K(38912K) Class: 4340K(4544K)->4340K(4544K)
[448.287s][info][gc          ] GC(797) Pause Young (Prepare Mixed) (G1 Evacuation Pause) 245M->82M(280M) 4.270ms
[448.287s][info][gc,cpu      ] GC(797) User=0.01s Sys=0.00s Real=0.00s
[448.621s][info][gc,start    ] GC(798) Pause Young (Mixed) (G1 Evacuation Pause)
[448.622s][info][gc,task     ] GC(798) Using 2 workers of 2 for evacuation
[448.636s][info][gc,phases   ] GC(798)   Pre Evacuate Collection Set: 0.18ms
[448.636s][info][gc,phases   ] GC(798)   Merge Heap Roots: 0.17ms
[448.636s][info][gc,phases   ] GC(798)   Evacuate Collection Set: 12.97ms
[448.636s][info][gc,phases   ] GC(798)   Post Evacuate Collection Set: 0.64ms
[448.636s][info][gc,phases   ] GC(798)   Other: 0.08ms
[448.636s][info][gc,heap     ] GC(798) Eden regions: 156->0(156)
[448.636s][info][gc,heap     ] GC(798) Survivor regions: 5->12(21)
[448.636s][info][gc,heap     ] GC(798) Old regions: 77->59
[448.636s][info][gc,heap     ] GC(798) Humongous regions: 3->3
[448.636s][info][gc,metaspace] GC(798) Metaspace: 42959K(43456K)->42959K(43456K) NonClass: 38619K(38912K)->38619K(38912K) Class: 4340K(4544K)->4340K(4544K)
[448.636s][info][gc          ] GC(798) Pause Young (Mixed) (G1 Evacuation Pause) 240M->73M(280M) 14.253ms
[448.636s][info][gc,cpu      ] GC(798) User=0.03s Sys=0.00s Real=0.02s
[448.733s][info][gc,start    ] GC(799) Pause Young (Concurrent Start) (G1 Humongous Allocation)
[448.733s][info][gc,task     ] GC(799) Using 2 workers of 2 for evacuation
[448.741s][info][gc,phases   ] GC(799)   Pre Evacuate Collection Set: 0.17ms
[448.741s][info][gc,phases   ] GC(799)   Merge Heap Roots: 0.06ms
[448.741s][info][gc,phases   ] GC(799)   Evacuate Collection Set: 6.39ms
[448.741s][info][gc,phases   ] GC(799)   Post Evacuate Collection Set: 0.70ms
[448.741s][info][gc,phases   ] GC(799)   Other: 0.14ms
[448.741s][info][gc,heap     ] GC(799) Eden regions: 27->0(162)
[448.741s][info][gc,heap     ] GC(799) Survivor regions: 12->6(21)
[448.741s][info][gc,heap     ] GC(799) Old regions: 59->61
[448.741s][info][gc,heap     ] GC(799) Humongous regions: 3->1
[448.741s][info][gc,metaspace] GC(799) Metaspace: 42959K(43456K)->42959K(43456K) NonClass: 38619K(38912K)->38619K(38912K) Class: 4340K(4544K)->4340K(4544K)
[448.741s][info][gc          ] GC(799) Pause Young (Concurrent Start) (G1 Humongous Allocation) 99M->66M(280M) 7.672ms
[448.741s][info][gc          ] GC(800) Concurrent Mark Cycle
[448.741s][info][gc,marking  ] GC(800) Concurrent Scan Root Regions
[448.741s][info][gc,cpu      ] GC(799) User=0.02s Sys=0.00s Real=0.00s
[448.745s][info][gc,marking  ] GC(800) Concurrent Scan Root Regions 4.325ms
[448.745s][info][gc,marking  ] GC(800) Concurrent Mark
[448.745s][info][gc,marking  ] GC(800) Concurrent Mark From Roots
[448.745s][info][gc,task     ] GC(800) Using 1 workers of 1 for marking
[448.822s][info][gc,marking  ] GC(800) Concurrent Mark From Roots 76.468ms
[448.822s][info][gc,marking  ] GC(800) Concurrent Preclean
[448.822s][info][gc,marking  ] GC(800) Concurrent Preclean 0.052ms
[448.822s][info][gc,start    ] GC(800) Pause Remark
[448.841s][info][gc          ] GC(800) Pause Remark 124M->124M(280M) 18.453ms
[448.841s][info][gc,cpu      ] GC(800) User=0.03s Sys=0.00s Real=0.01s
[448.843s][info][gc,marking  ] GC(800) Concurrent Mark 97.824ms
[448.843s][info][gc,marking  ] GC(800) Concurrent Rebuild Remembered Sets and Scrub Regions
[448.875s][info][gc,marking  ] GC(800) Concurrent Rebuild Remembered Sets and Scrub Regions 31.619ms
[448.875s][info][gc,start    ] GC(800) Pause Cleanup
[448.875s][info][gc          ] GC(800) Pause Cleanup 149M->149M(280M) 0.061ms
[448.875s][info][gc,cpu      ] GC(800) User=0.00s Sys=0.00s Real=0.00s
[448.875s][info][gc,marking  ] GC(800) Concurrent Clear Claimed Marks
[448.875s][info][gc,marking  ] GC(800) Concurrent Clear Claimed Marks 0.053ms
[448.875s][info][gc,marking  ] GC(800) Concurrent Cleanup for Next Mark
[448.876s][info][gc,marking  ] GC(800) Concurrent Cleanup for Next Mark 0.844ms
[448.876s][info][gc          ] GC(800) Concurrent Mark Cycle 135.084ms
[449.176s][info][gc,start    ] GC(801) Pause Young (Prepare Mixed) (G1 Evacuation Pause)
[449.176s][info][gc,task     ] GC(801) Using 2 workers of 2 for evacuation
[449.186s][info][gc,phases   ] GC(801)   Pre Evacuate Collection Set: 0.25ms
[449.186s][info][gc,phases   ] GC(801)   Merge Heap Roots: 0.06ms
[449.186s][info][gc,phases   ] GC(801)   Evacuate Collection Set: 8.80ms
[449.186s][info][gc,phases   ] GC(801)   Post Evacuate Collection Set: 0.72ms
[449.186s][info][gc,phases   ] GC(801)   Other: 0.10ms
[449.186s][info][gc,heap     ] GC(801) Eden regions: 36->0(206)
[449.186s][info][gc,heap     ] GC(801) Survivor regions: 6->7(22)
[449.186s][info][gc,heap     ] GC(801) Old regions: 61->61
[449.186s][info][gc,heap     ] GC(801) Humongous regions: 245->3
[449.186s][info][gc,metaspace] GC(801) Metaspace: 42959K(43456K)->42959K(43456K) NonClass: 38619K(38912K)->38619K(38912K) Class: 4340K(4544K)->4340K(4544K)
[449.187s][info][gc          ] GC(801) Pause Young (Prepare Mixed) (G1 Evacuation Pause) 346M->69M(355M) 10.157ms
[449.187s][info][gc,cpu      ] GC(801) User=0.02s Sys=0.00s Real=0.01s
[449.701s][info][gc,start    ] GC(802) Pause Young (Mixed) (G1 Evacuation Pause)
[449.701s][info][gc,task     ] GC(802) Using 2 workers of 2 for evacuation
[449.721s][info][gc,phases   ] GC(802)   Pre Evacuate Collection Set: 0.38ms
[449.721s][info][gc,phases   ] GC(802)   Merge Heap Roots: 0.14ms
[449.721s][info][gc,phases   ] GC(802)   Evacuate Collection Set: 19.23ms
[449.721s][info][gc,phases   ] GC(802)   Post Evacuate Collection Set: 0.71ms
[449.721s][info][gc,phases   ] GC(802)   Other: 0.09ms
[449.721s][info][gc,heap     ] GC(802) Eden regions: 48->0(245)
[449.721s][info][gc,heap     ] GC(802) Survivor regions: 7->11(29)
[449.721s][info][gc,heap     ] GC(802) Old regions: 61->55
[449.721s][info][gc,heap     ] GC(802) Humongous regions: 299->3
[449.721s][info][gc,metaspace] GC(802) Metaspace: 42959K(43456K)->42959K(43456K) NonClass: 38619K(38912K)->38619K(38912K) Class: 4340K(4544K)->4340K(4544K)
[449.721s][info][gc          ] GC(802) Pause Young (Mixed) (G1 Evacuation Pause) 413M->68M(428M) 20.780ms
[449.721s][info][gc,cpu      ] GC(802) User=0.03s Sys=0.01s Real=0.02s
[449.785s][info][gc,start    ] GC(803) Pause Young (Concurrent Start) (G1 Humongous Allocation)
[449.786s][info][gc,task     ] GC(803) Using 2 workers of 2 for evacuation
[449.797s][info][gc,phases   ] GC(803)   Pre Evacuate Collection Set: 0.23ms
[449.797s][info][gc,phases   ] GC(803)   Merge Heap Roots: 0.05ms
[449.797s][info][gc,phases   ] GC(803)   Evacuate Collection Set: 9.89ms
[449.797s][info][gc,phases   ] GC(803)   Post Evacuate Collection Set: 0.75ms
[449.797s][info][gc,phases   ] GC(803)   Other: 0.11ms
[449.797s][info][gc,heap     ] GC(803) Eden regions: 7->0(245)
[449.797s][info][gc,heap     ] GC(803) Survivor regions: 11->11(32)
[449.797s][info][gc,heap     ] GC(803) Old regions: 55->55
[449.797s][info][gc,heap     ] GC(803) Humongous regions: 43->1
[449.797s][info][gc,metaspace] GC(803) Metaspace: 42959K(43456K)->42959K(43456K) NonClass: 38619K(38912K)->38619K(38912K) Class: 4340K(4544K)->4340K(4544K)
[449.797s][info][gc          ] GC(803) Pause Young (Concurrent Start) (G1 Humongous Allocation) 115M->66M(428M) 11.245ms
[449.797s][info][gc,cpu      ] GC(803) User=0.02s Sys=0.00s Real=0.01s
[449.797s][info][gc          ] GC(804) Concurrent Undo Cycle
[449.797s][info][gc,marking  ] GC(804) Concurrent Clear Claimed Marks
[449.797s][info][gc,marking  ] GC(804) Concurrent Clear Claimed Marks 0.039ms
[449.797s][info][gc,marking  ] GC(804) Concurrent Cleanup for Next Mark
[449.797s][info][gc,marking  ] GC(804) Concurrent Cleanup for Next Mark 0.194ms
[449.797s][info][gc          ] GC(804) Concurrent Undo Cycle 0.318ms
[449.801s][info][gc,start    ] GC(805) Pause Young (Concurrent Start) (G1 Humongous Allocation)
[449.801s][info][gc,task     ] GC(805) Using 2 workers of 2 for evacuation
[449.812s][info][gc,phases   ] GC(805)   Pre Evacuate Collection Set: 0.25ms
[449.813s][info][gc,phases   ] GC(805)   Merge Heap Roots: 0.11ms
[449.813s][info][gc,phases   ] GC(805)   Evacuate Collection Set: 10.77ms
[449.813s][info][gc,phases   ] GC(805)   Post Evacuate Collection Set: 0.36ms
[449.813s][info][gc,phases   ] GC(805)   Other: 0.10ms
[449.813s][info][gc,heap     ] GC(805) Eden regions: 1->0(245)
[449.813s][info][gc,heap     ] GC(805) Survivor regions: 11->11(32)
[449.813s][info][gc,heap     ] GC(805) Old regions: 55->55
[449.813s][info][gc,heap     ] GC(805) Humongous regions: 3->1
[449.813s][info][gc,metaspace] GC(805) Metaspace: 42959K(43456K)->42959K(43456K) NonClass: 38619K(38912K)->38619K(38912K) Class: 4340K(4544K)->4340K(4544K)
[449.813s][info][gc          ] GC(805) Pause Young (Concurrent Start) (G1 Humongous Allocation) 69M->66M(428M) 11.789ms
[449.813s][info][gc,cpu      ] GC(805) User=0.02s Sys=0.00s Real=0.02s
[449.813s][info][gc          ] GC(806) Concurrent Undo Cycle
[449.813s][info][gc,marking  ] GC(806) Concurrent Clear Claimed Marks
[449.813s][info][gc,marking  ] GC(806) Concurrent Clear Claimed Marks 0.040ms
[449.813s][info][gc,marking  ] GC(806) Concurrent Cleanup for Next Mark
[449.813s][info][gc,marking  ] GC(806) Concurrent Cleanup for Next Mark 0.186ms
[449.813s][info][gc          ] GC(806) Concurrent Undo Cycle 0.308ms
[449.828s][info][gc,start    ] GC(807) Pause Young (Concurrent Start) (G1 Humongous Allocation)
[449.828s][info][gc,task     ] GC(807) Using 2 workers of 2 for evacuation
[449.839s][info][gc,phases   ] GC(807)   Pre Evacuate Collection Set: 0.22ms
[449.839s][info][gc,phases   ] GC(807)   Merge Heap Roots: 0.05ms
[449.839s][info][gc,phases   ] GC(807)   Evacuate Collection Set: 9.97ms
[449.839s][info][gc,phases   ] GC(807)   Post Evacuate Collection Set: 0.73ms
[449.839s][info][gc,phases   ] GC(807)   Other: 0.11ms
[449.839s][info][gc,heap     ] GC(807) Eden regions: 2->0(245)
[449.839s][info][gc,heap     ] GC(807) Survivor regions: 11->11(32)
[449.839s][info][gc,heap     ] GC(807) Old regions: 55->55
[449.839s][info][gc,heap     ] GC(807) Humongous regions: 7->1
[449.839s][info][gc,metaspace] GC(807) Metaspace: 42959K(43456K)->42959K(43456K) NonClass: 38619K(38912K)->38619K(38912K) Class: 4340K(4544K)->4340K(4544K)
[449.839s][info][gc          ] GC(807) Pause Young (Concurrent Start) (G1 Humongous Allocation) 74M->66M(428M) 11.285ms
[449.839s][info][gc,cpu      ] GC(807) User=0.02s Sys=0.00s Real=0.01s
[449.839s][info][gc          ] GC(808) Concurrent Undo Cycle
[449.839s][info][gc,marking  ] GC(808) Concurrent Clear Claimed Marks
[449.839s][info][gc,marking  ] GC(808) Concurrent Clear Claimed Marks 0.038ms
[449.839s][info][gc,marking  ] GC(808) Concurrent Cleanup for Next Mark
[449.839s][info][gc,marking  ] GC(808) Concurrent Cleanup for Next Mark 0.187ms
[449.839s][info][gc          ] GC(808) Concurrent Undo Cycle 0.308ms
[449.852s][info][gc,start    ] GC(809) Pause Young (Concurrent Start) (G1 Humongous Allocation)
[449.852s][info][gc,task     ] GC(809) Using 2 workers of 2 for evacuation
[449.863s][info][gc,phases   ] GC(809)   Pre Evacuate Collection Set: 0.22ms
[449.863s][info][gc,phases   ] GC(809)   Merge Heap Roots: 0.05ms
[449.863s][info][gc,phases   ] GC(809)   Evacuate Collection Set: 10.01ms
[449.863s][info][gc,phases   ] GC(809)   Post Evacuate Collection Set: 0.36ms
[449.863s][info][gc,phases   ] GC(809)   Other: 0.15ms
[449.863s][info][gc,heap     ] GC(809) Eden regions: 2->0(245)
[449.863s][info][gc,heap     ] GC(809) Survivor regions: 11->11(32)
[449.863s][info][gc,heap     ] GC(809) Old regions: 55->55
[449.863s][info][gc,heap     ] GC(809) Humongous regions: 9->1
[449.863s][info][gc,metaspace] GC(809) Metaspace: 42959K(43456K)->42959K(43456K) NonClass: 38619K(38912K)->38619K(38912K) Class: 4340K(4544K)->4340K(4544K)
[449.863s][info][gc          ] GC(809) Pause Young (Concurrent Start) (G1 Humongous Allocation) 75M->66M(428M) 10.999ms
[449.863s][info][gc,cpu      ] GC(809) User=0.02s Sys=0.01s Real=0.01s
[449.863s][info][gc          ] GC(810) Concurrent Undo Cycle
[449.863s][info][gc,marking  ] GC(810) Concurrent Clear Claimed Marks
[449.864s][info][gc,marking  ] GC(810) Concurrent Clear Claimed Marks 0.039ms
[449.864s][info][gc,marking  ] GC(810) Concurrent Cleanup for Next Mark
[449.864s][info][gc,marking  ] GC(810) Concurrent Cleanup for Next Mark 0.166ms
[449.864s][info][gc          ] GC(810) Concurrent Undo Cycle 0.286ms
[449.887s][info][gc,start    ] GC(811) Pause Young (Concurrent Start) (G1 Humongous Allocation)
[449.887s][info][gc,task     ] GC(811) Using 2 workers of 2 for evacuation
[449.900s][info][gc,phases   ] GC(811)   Pre Evacuate Collection Set: 0.28ms
[449.900s][info][gc,phases   ] GC(811)   Merge Heap Roots: 0.05ms
[449.900s][info][gc,phases   ] GC(811)   Evacuate Collection Set: 10.38ms
[449.900s][info][gc,phases   ] GC(811)   Post Evacuate Collection Set: 1.90ms
[449.900s][info][gc,phases   ] GC(811)   Other: 0.15ms
[449.900s][info][gc,heap     ] GC(811) Eden regions: 3->0(376)
[449.900s][info][gc,heap     ] GC(811) Survivor regions: 11->12(32)
[449.900s][info][gc,heap     ] GC(811) Old regions: 55->55
[449.900s][info][gc,heap     ] GC(811) Humongous regions: 13->1
[449.900s][info][gc,metaspace] GC(811) Metaspace: 42959K(43456K)->42959K(43456K) NonClass: 38619K(38912K)->38619K(38912K) Class: 4340K(4544K)->4340K(4544K)
[449.900s][info][gc          ] GC(811) Pause Young (Concurrent Start) (G1 Humongous Allocation) 80M->67M(648M) 12.978ms
[449.900s][info][gc,cpu      ] GC(811) User=0.02s Sys=0.00s Real=0.01s
[449.900s][info][gc          ] GC(812) Concurrent Undo Cycle
[449.900s][info][gc,marking  ] GC(812) Concurrent Clear Claimed Marks
[449.900s][info][gc,marking  ] GC(812) Concurrent Clear Claimed Marks 0.039ms
[449.900s][info][gc,marking  ] GC(812) Concurrent Cleanup for Next Mark
[449.900s][info][gc,marking  ] GC(812) Concurrent Cleanup for Next Mark 0.235ms
[449.900s][info][gc          ] GC(812) Concurrent Undo Cycle 0.317ms
[450.056s][info][gc,start    ] GC(813) Pause Young (Concurrent Start) (G1 Humongous Allocation)
[450.056s][info][gc,task     ] GC(813) Using 2 workers of 2 for evacuation
[450.076s][info][gc,phases   ] GC(813)   Pre Evacuate Collection Set: 0.32ms
[450.076s][info][gc,phases   ] GC(813)   Merge Heap Roots: 0.06ms
[450.076s][info][gc,phases   ] GC(813)   Evacuate Collection Set: 18.68ms
[450.076s][info][gc,phases   ] GC(813)   Post Evacuate Collection Set: 0.92ms
[450.076s][info][gc,phases   ] GC(813)   Other: 0.14ms
[450.076s][info][gc,heap     ] GC(813) Eden regions: 17->0(374)
[450.076s][info][gc,heap     ] GC(813) Survivor regions: 12->14(49)
[450.076s][info][gc,heap     ] GC(813) Old regions: 55->55
[450.076s][info][gc,heap     ] GC(813) Humongous regions: 93->1
[450.076s][info][gc,metaspace] GC(813) Metaspace: 42959K(43456K)->42959K(43456K) NonClass: 38619K(38912K)->38619K(38912K) Class: 4340K(4544K)->4340K(4544K)
[450.076s][info][gc          ] GC(813) Pause Young (Concurrent Start) (G1 Humongous Allocation) 175M->69M(648M) 20.335ms
[450.076s][info][gc,cpu      ] GC(813) User=0.03s Sys=0.01s Real=0.02s
[450.076s][info][gc          ] GC(814) Concurrent Undo Cycle
[450.076s][info][gc,marking  ] GC(814) Concurrent Clear Claimed Marks
[450.076s][info][gc,marking  ] GC(814) Concurrent Clear Claimed Marks 0.042ms
[450.076s][info][gc,marking  ] GC(814) Concurrent Cleanup for Next Mark
[450.077s][info][gc,marking  ] GC(814) Concurrent Cleanup for Next Mark 0.173ms
[450.077s][info][gc          ] GC(814) Concurrent Undo Cycle 0.295ms
[450.228s][info][gc,start    ] GC(815) Pause Young (Concurrent Start) (G1 Humongous Allocation)
[450.228s][info][gc,task     ] GC(815) Using 2 workers of 2 for evacuation
[450.246s][info][gc,phases   ] GC(815)   Pre Evacuate Collection Set: 0.30ms
[450.246s][info][gc,phases   ] GC(815)   Merge Heap Roots: 0.06ms
[450.246s][info][gc,phases   ] GC(815)   Evacuate Collection Set: 16.26ms
[450.246s][info][gc,phases   ] GC(815)   Post Evacuate Collection Set: 0.44ms
[450.246s][info][gc,phases   ] GC(815)   Other: 0.12ms
[450.246s][info][gc,heap     ] GC(815) Eden regions: 16->0(373)
[450.246s][info][gc,heap     ] GC(815) Survivor regions: 14->15(49)
[450.246s][info][gc,heap     ] GC(815) Old regions: 55->55
[450.246s][info][gc,heap     ] GC(815) Humongous regions: 95->1
[450.246s][info][gc,metaspace] GC(815) Metaspace: 42959K(43456K)->42959K(43456K) NonClass: 38619K(38912K)->38619K(38912K) Class: 4340K(4544K)->4340K(4544K)
[450.246s][info][gc          ] GC(815) Pause Young (Concurrent Start) (G1 Humongous Allocation) 178M->70M(648M) 17.417ms
[450.246s][info][gc,cpu      ] GC(815) User=0.03s Sys=0.01s Real=0.02s
[450.246s][info][gc          ] GC(816) Concurrent Undo Cycle
[450.246s][info][gc,marking  ] GC(816) Concurrent Clear Claimed Marks
[450.246s][info][gc,marking  ] GC(816) Concurrent Clear Claimed Marks 0.041ms
[450.246s][info][gc,marking  ] GC(816) Concurrent Cleanup for Next Mark
[450.246s][info][gc,marking  ] GC(816) Concurrent Cleanup for Next Mark 0.156ms
[450.246s][info][gc          ] GC(816) Concurrent Undo Cycle 0.277ms
[450.419s][info][gc,start    ] GC(817) Pause Young (Concurrent Start) (G1 Humongous Allocation)
[450.419s][info][gc,task     ] GC(817) Using 2 workers of 2 for evacuation
[450.441s][info][gc,phases   ] GC(817)   Pre Evacuate Collection Set: 0.34ms
[450.441s][info][gc,phases   ] GC(817)   Merge Heap Roots: 0.06ms
[450.441s][info][gc,phases   ] GC(817)   Evacuate Collection Set: 21.32ms
[450.441s][info][gc,phases   ] GC(817)   Post Evacuate Collection Set: 0.47ms
[450.441s][info][gc,phases   ] GC(817)   Other: 0.10ms
[450.441s][info][gc,heap     ] GC(817) Eden regions: 20->0(369)
[450.441s][info][gc,heap     ] GC(817) Survivor regions: 15->19(49)
[450.441s][info][gc,heap     ] GC(817) Old regions: 55->55
[450.441s][info][gc,heap     ] GC(817) Humongous regions: 97->1
[450.441s][info][gc,metaspace] GC(817) Metaspace: 42959K(43456K)->42959K(43456K) NonClass: 38619K(38912K)->38619K(38912K) Class: 4340K(4544K)->4340K(4544K)
[450.441s][info][gc          ] GC(817) Pause Young (Concurrent Start) (G1 Humongous Allocation) 185M->74M(648M) 22.520ms
[450.441s][info][gc,cpu      ] GC(817) User=0.04s Sys=0.01s Real=0.02s
[450.441s][info][gc          ] GC(818) Concurrent Undo Cycle
[450.442s][info][gc,marking  ] GC(818) Concurrent Clear Claimed Marks
[450.442s][info][gc,marking  ] GC(818) Concurrent Clear Claimed Marks 0.039ms
[450.442s][info][gc,marking  ] GC(818) Concurrent Cleanup for Next Mark
[450.442s][info][gc,marking  ] GC(818) Concurrent Cleanup for Next Mark 0.642ms
[450.442s][info][gc          ] GC(818) Concurrent Undo Cycle 0.773ms
[450.606s][info][gc,start    ] GC(819) Pause Young (Concurrent Start) (G1 Humongous Allocation)
[450.606s][info][gc,task     ] GC(819) Using 2 workers of 2 for evacuation
[450.628s][info][gc,phases   ] GC(819)   Pre Evacuate Collection Set: 0.34ms
[450.628s][info][gc,phases   ] GC(819)   Merge Heap Roots: 0.07ms
[450.628s][info][gc,phases   ] GC(819)   Evacuate Collection Set: 20.70ms
[450.628s][info][gc,phases   ] GC(819)   Post Evacuate Collection Set: 0.97ms
[450.628s][info][gc,phases   ] GC(819)   Other: 0.12ms
[450.628s][info][gc,heap     ] GC(819) Eden regions: 18->0(407)
[450.628s][info][gc,heap     ] GC(819) Survivor regions: 19->21(49)
[450.628s][info][gc,heap     ] GC(819) Old regions: 55->55
[450.629s][info][gc,heap     ] GC(819) Humongous regions: 101->1
[450.629s][info][gc,metaspace] GC(819) Metaspace: 42959K(43456K)->42959K(43456K) NonClass: 38619K(38912K)->38619K(38912K) Class: 4340K(4544K)->4340K(4544K)
[450.629s][info][gc          ] GC(819) Pause Young (Concurrent Start) (G1 Humongous Allocation) 191M->76M(714M) 22.452ms
[450.629s][info][gc,cpu      ] GC(819) User=0.03s Sys=0.00s Real=0.02s
[450.629s][info][gc          ] GC(820) Concurrent Undo Cycle
[450.629s][info][gc,marking  ] GC(820) Concurrent Clear Claimed Marks
[450.629s][info][gc,marking  ] GC(820) Concurrent Clear Claimed Marks 0.039ms
[450.629s][info][gc,marking  ] GC(820) Concurrent Cleanup for Next Mark
[450.629s][info][gc,marking  ] GC(820) Concurrent Cleanup for Next Mark 0.146ms
[450.629s][info][gc          ] GC(820) Concurrent Undo Cycle 0.227ms
[450.879s][info][gc,start    ] GC(821) Pause Young (Concurrent Start) (G1 Humongous Allocation)
[450.879s][info][gc,task     ] GC(821) Using 2 workers of 2 for evacuation
[450.916s][info][gc,phases   ] GC(821)   Pre Evacuate Collection Set: 0.31ms
[450.916s][info][gc,phases   ] GC(821)   Merge Heap Roots: 0.07ms
[450.916s][info][gc,phases   ] GC(821)   Evacuate Collection Set: 35.64ms
[450.916s][info][gc,phases   ] GC(821)   Post Evacuate Collection Set: 0.92ms
[450.916s][info][gc,phases   ] GC(821)   Other: 0.11ms
[450.916s][info][gc,heap     ] GC(821) Eden regions: 29->0(403)
[450.916s][info][gc,heap     ] GC(821) Survivor regions: 21->25(54)
[450.916s][info][gc,heap     ] GC(821) Old regions: 55->55
[450.916s][info][gc,heap     ] GC(821) Humongous regions: 125->1
[450.916s][info][gc,metaspace] GC(821) Metaspace: 42959K(43456K)->42959K(43456K) NonClass: 38619K(38912K)->38619K(38912K) Class: 4340K(4544K)->4340K(4544K)
[450.916s][info][gc          ] GC(821) Pause Young (Concurrent Start) (G1 Humongous Allocation) 228M->80M(714M) 37.317ms
[450.917s][info][gc,cpu      ] GC(821) User=0.06s Sys=0.02s Real=0.04s
[450.917s][info][gc          ] GC(822) Concurrent Undo Cycle
[450.917s][info][gc,marking  ] GC(822) Concurrent Clear Claimed Marks
[450.917s][info][gc,marking  ] GC(822) Concurrent Clear Claimed Marks 0.042ms
[450.917s][info][gc,marking  ] GC(822) Concurrent Cleanup for Next Mark
[450.917s][info][gc,marking  ] GC(822) Concurrent Cleanup for Next Mark 0.148ms
[450.917s][info][gc          ] GC(822) Concurrent Undo Cycle 0.233ms
[451.133s][info][gc,start    ] GC(823) Pause Young (Concurrent Start) (G1 Humongous Allocation)
[451.133s][info][gc,task     ] GC(823) Using 2 workers of 2 for evacuation
[451.169s][info][gc,phases   ] GC(823)   Pre Evacuate Collection Set: 0.36ms
[451.169s][info][gc,phases   ] GC(823)   Merge Heap Roots: 0.06ms
[451.169s][info][gc,phases   ] GC(823)   Evacuate Collection Set: 34.49ms
[451.169s][info][gc,phases   ] GC(823)   Post Evacuate Collection Set: 0.53ms
[451.169s][info][gc,phases   ] GC(823)   Other: 0.10ms
[451.169s][info][gc,heap     ] GC(823) Eden regions: 23->0(401)
[451.169s][info][gc,heap     ] GC(823) Survivor regions: 25->27(54)
[451.169s][info][gc,heap     ] GC(823) Old regions: 55->55
[451.169s][info][gc,heap     ] GC(823) Humongous regions: 127->1
[451.169s][info][gc,metaspace] GC(823) Metaspace: 42959K(43456K)->42959K(43456K) NonClass: 38619K(38912K)->38619K(38912K) Class: 4340K(4544K)->4340K(4544K)
[451.169s][info][gc          ] GC(823) Pause Young (Concurrent Start) (G1 Humongous Allocation) 229M->82M(714M) 35.763ms
[451.169s][info][gc,cpu      ] GC(823) User=0.06s Sys=0.01s Real=0.03s
[451.169s][info][gc          ] GC(824) Concurrent Undo Cycle
[451.169s][info][gc,marking  ] GC(824) Concurrent Clear Claimed Marks
[451.169s][info][gc,marking  ] GC(824) Concurrent Clear Claimed Marks 0.043ms
[451.169s][info][gc,marking  ] GC(824) Concurrent Cleanup for Next Mark
[451.169s][info][gc,marking  ] GC(824) Concurrent Cleanup for Next Mark 0.203ms
[451.169s][info][gc          ] GC(824) Concurrent Undo Cycle 0.392ms
[451.820s][info][gc,start    ] GC(825) Pause Young (Concurrent Start) (G1 Humongous Allocation)
[451.820s][info][gc,task     ] GC(825) Using 2 workers of 2 for evacuation
[451.832s][info][gc,phases   ] GC(825)   Pre Evacuate Collection Set: 0.32ms
[451.833s][info][gc,phases   ] GC(825)   Merge Heap Roots: 0.10ms
[451.833s][info][gc,phases   ] GC(825)   Evacuate Collection Set: 11.27ms
[451.833s][info][gc,phases   ] GC(825)   Post Evacuate Collection Set: 0.57ms
[451.833s][info][gc,phases   ] GC(825)   Other: 0.13ms
[451.833s][info][gc,heap     ] GC(825) Eden regions: 132->0(420)
[451.833s][info][gc,heap     ] GC(825) Survivor regions: 27->8(54)
[451.833s][info][gc,heap     ] GC(825) Old regions: 55->56
[451.833s][info][gc,heap     ] GC(825) Humongous regions: 131->1
[451.833s][info][gc,metaspace] GC(825) Metaspace: 42960K(43456K)->42960K(43456K) NonClass: 38620K(38912K)->38620K(38912K) Class: 4340K(4544K)->4340K(4544K)
[451.833s][info][gc          ] GC(825) Pause Young (Concurrent Start) (G1 Humongous Allocation) 344M->64M(714M) 12.606ms
[451.833s][info][gc,cpu      ] GC(825) User=0.01s Sys=0.01s Real=0.02s
[451.833s][info][gc          ] GC(826) Concurrent Undo Cycle
[451.833s][info][gc,marking  ] GC(826) Concurrent Clear Claimed Marks
[451.833s][info][gc,marking  ] GC(826) Concurrent Clear Claimed Marks 0.104ms
[451.833s][info][gc,marking  ] GC(826) Concurrent Cleanup for Next Mark
[451.833s][info][gc,marking  ] GC(826) Concurrent Cleanup for Next Mark 0.175ms
[451.833s][info][gc          ] GC(826) Concurrent Undo Cycle 0.373ms
[453.074s][info][gc,start    ] GC(827) Pause Young (Normal) (G1 Evacuation Pause)
[453.074s][info][gc,task     ] GC(827) Using 2 workers of 2 for evacuation
[453.084s][info][gc,phases   ] GC(827)   Pre Evacuate Collection Set: 0.27ms
[453.084s][info][gc,phases   ] GC(827)   Merge Heap Roots: 0.14ms
[453.084s][info][gc,phases   ] GC(827)   Evacuate Collection Set: 8.33ms
[453.084s][info][gc,phases   ] GC(827)   Post Evacuate Collection Set: 0.77ms
[453.084s][info][gc,phases   ] GC(827)   Other: 0.11ms
[453.084s][info][gc,heap     ] GC(827) Eden regions: 420->0(419)
[453.084s][info][gc,heap     ] GC(827) Survivor regions: 8->9(54)
[453.084s][info][gc,heap     ] GC(827) Old regions: 56->58
[453.084s][info][gc,heap     ] GC(827) Humongous regions: 13->1
[453.084s][info][gc,metaspace] GC(827) Metaspace: 42973K(43456K)->42973K(43456K) NonClass: 38633K(38912K)->38633K(38912K) Class: 4340K(4544K)->4340K(4544K)
[453.084s][info][gc          ] GC(827) Pause Young (Normal) (G1 Evacuation Pause) 496M->67M(714M) 9.848ms
[453.084s][info][gc,cpu      ] GC(827) User=0.02s Sys=0.00s Real=0.01s
[454.228s][info][gc,start    ] GC(828) Pause Young (Normal) (G1 Evacuation Pause)
[454.228s][info][gc,task     ] GC(828) Using 2 workers of 2 for evacuation
[454.237s][info][gc,phases   ] GC(828)   Pre Evacuate Collection Set: 0.31ms
[454.237s][info][gc,phases   ] GC(828)   Merge Heap Roots: 0.13ms
[454.237s][info][gc,phases   ] GC(828)   Evacuate Collection Set: 7.45ms
[454.237s][info][gc,phases   ] GC(828)   Post Evacuate Collection Set: 0.80ms
[454.237s][info][gc,phases   ] GC(828)   Other: 0.11ms
[454.237s][info][gc,heap     ] GC(828) Eden regions: 419->0(418)
[454.237s][info][gc,heap     ] GC(828) Survivor regions: 9->10(54)
[454.237s][info][gc,heap     ] GC(828) Old regions: 58->58
[454.237s][info][gc,heap     ] GC(828) Humongous regions: 1->1
[454.237s][info][gc,metaspace] GC(828) Metaspace: 43000K(43456K)->43000K(43456K) NonClass: 38659K(38912K)->38659K(38912K) Class: 4340K(4544K)->4340K(4544K)
[454.237s][info][gc          ] GC(828) Pause Young (Normal) (G1 Evacuation Pause) 486M->68M(714M) 9.012ms
[454.237s][info][gc,cpu      ] GC(828) User=0.02s Sys=0.00s Real=0.01s
[456.159s][info][gc,start    ] GC(829) Pause Young (Normal) (G1 Evacuation Pause)
[456.159s][info][gc,task     ] GC(829) Using 2 workers of 2 for evacuation
[456.168s][info][gc,phases   ] GC(829)   Pre Evacuate Collection Set: 0.25ms
[456.168s][info][gc,phases   ] GC(829)   Merge Heap Roots: 0.16ms
[456.168s][info][gc,phases   ] GC(829)   Evacuate Collection Set: 6.87ms
[456.168s][info][gc,phases   ] GC(829)   Post Evacuate Collection Set: 0.88ms
[456.168s][info][gc,phases   ] GC(829)   Other: 0.12ms
[456.168s][info][gc,heap     ] GC(829) Eden regions: 418->0(421)
[456.168s][info][gc,heap     ] GC(829) Survivor regions: 10->7(54)
[456.168s][info][gc,heap     ] GC(829) Old regions: 58->58
[456.168s][info][gc,heap     ] GC(829) Humongous regions: 7->3
[456.168s][info][gc,metaspace] GC(829) Metaspace: 43024K(43520K)->43024K(43520K) NonClass: 38684K(38976K)->38684K(38976K) Class: 4340K(4544K)->4340K(4544K)
[456.168s][info][gc          ] GC(829) Pause Young (Normal) (G1 Evacuation Pause) 492M->67M(714M) 8.529ms
[456.168s][info][gc,cpu      ] GC(829) User=0.02s Sys=0.00s Real=0.01s
[457.732s][info][gc,start    ] GC(830) Pause Young (Normal) (G1 Evacuation Pause)
[457.732s][info][gc,task     ] GC(830) Using 2 workers of 2 for evacuation
[457.797s][info][gc,phases   ] GC(830)   Pre Evacuate Collection Set: 0.30ms
[457.797s][info][gc,phases   ] GC(830)   Merge Heap Roots: 0.15ms
[457.797s][info][gc,phases   ] GC(830)   Evacuate Collection Set: 63.30ms
[457.797s][info][gc,phases   ] GC(830)   Post Evacuate Collection Set: 0.82ms
[457.797s][info][gc,phases   ] GC(830)   Other: 0.10ms
[457.797s][info][gc,heap     ] GC(830) Eden regions: 421->0(379)
[457.797s][info][gc,heap     ] GC(830) Survivor regions: 7->49(54)
[457.797s][info][gc,heap     ] GC(830) Old regions: 58->58
[457.797s][info][gc,heap     ] GC(830) Humongous regions: 12->6
[457.797s][info][gc,metaspace] GC(830) Metaspace: 43036K(43520K)->43036K(43520K) NonClass: 38696K(38976K)->38696K(38976K) Class: 4340K(4544K)->4340K(4544K)
[457.797s][info][gc          ] GC(830) Pause Young (Normal) (G1 Evacuation Pause) 497M->112M(714M) 64.903ms
[457.797s][info][gc,cpu      ] GC(830) User=0.12s Sys=0.01s Real=0.07s
[458.862s][info][gc,start    ] GC(831) Pause Young (Normal) (G1 Evacuation Pause)
[458.863s][info][gc,task     ] GC(831) Using 2 workers of 2 for evacuation
[458.979s][info][gc,phases   ] GC(831)   Pre Evacuate Collection Set: 0.27ms
[458.979s][info][gc,phases   ] GC(831)   Merge Heap Roots: 0.20ms
[458.979s][info][gc,phases   ] GC(831)   Evacuate Collection Set: 115.30ms
[458.979s][info][gc,phases   ] GC(831)   Post Evacuate Collection Set: 0.75ms
[458.979s][info][gc,phases   ] GC(831)   Other: 0.15ms
[458.979s][info][gc,heap     ] GC(831) Eden regions: 379->0(389)
[458.979s][info][gc,heap     ] GC(831) Survivor regions: 49->39(54)
[458.979s][info][gc,heap     ] GC(831) Old regions: 58->107
[458.979s][info][gc,heap     ] GC(831) Humongous regions: 12->10
[458.979s][info][gc,metaspace] GC(831) Metaspace: 43038K(43520K)->43038K(43520K) NonClass: 38698K(38976K)->38698K(38976K) Class: 4340K(4544K)->4340K(4544K)
[458.979s][info][gc          ] GC(831) Pause Young (Normal) (G1 Evacuation Pause) (Evacuation Failure: Pinned) 497M->155M(714M) 116.909ms
[458.979s][info][gc,cpu      ] GC(831) User=0.24s Sys=0.00s Real=0.11s
[463.369s][info][gc,start    ] GC(832) Pause Young (Normal) (G1 Evacuation Pause)
[463.369s][info][gc,task     ] GC(832) Using 2 workers of 2 for evacuation
[463.438s][info][gc,phases   ] GC(832)   Pre Evacuate Collection Set: 0.29ms
[463.439s][info][gc,phases   ] GC(832)   Merge Heap Roots: 0.17ms
[463.439s][info][gc,phases   ] GC(832)   Evacuate Collection Set: 67.95ms
[463.439s][info][gc,phases   ] GC(832)   Post Evacuate Collection Set: 1.07ms
[463.439s][info][gc,phases   ] GC(832)   Other: 0.12ms
[463.439s][info][gc,heap     ] GC(832) Eden regions: 389->0(425)
[463.439s][info][gc,heap     ] GC(832) Survivor regions: 39->22(54)
[463.439s][info][gc,heap     ] GC(832) Old regions: 107->145
[463.439s][info][gc,heap     ] GC(832) Humongous regions: 15->11
[463.439s][info][gc,metaspace] GC(832) Metaspace: 43043K(43520K)->43043K(43520K) NonClass: 38703K(38976K)->38703K(38976K) Class: 4340K(4544K)->4340K(4544K)
[463.439s][info][gc          ] GC(832) Pause Young (Normal) (G1 Evacuation Pause) 549M->177M(745M) 69.812ms
[463.439s][info][gc,cpu      ] GC(832) User=0.14s Sys=0.01s Real=0.07s
[464.713s][info][gc,start    ] GC(833) Pause Young (Normal) (G1 Evacuation Pause)
[464.713s][info][gc,task     ] GC(833) Using 2 workers of 2 for evacuation
[464.823s][info][gc,phases   ] GC(833)   Pre Evacuate Collection Set: 0.30ms
[464.823s][info][gc,phases   ] GC(833)   Merge Heap Roots: 0.23ms
[464.823s][info][gc,phases   ] GC(833)   Evacuate Collection Set: 108.27ms
[464.823s][info][gc,phases   ] GC(833)   Post Evacuate Collection Set: 0.90ms
[464.823s][info][gc,phases   ] GC(833)   Other: 0.09ms
[464.823s][info][gc,heap     ] GC(833) Eden regions: 425->0(391)
[464.823s][info][gc,heap     ] GC(833) Survivor regions: 22->56(56)
[464.823s][info][gc,heap     ] GC(833) Old regions: 145->160
[464.823s][info][gc,heap     ] GC(833) Humongous regions: 17->17
[464.823s][info][gc,metaspace] GC(833) Metaspace: 43043K(43520K)->43043K(43520K) NonClass: 38703K(38976K)->38703K(38976K) Class: 4340K(4544K)->4340K(4544K)
[464.823s][info][gc          ] GC(833) Pause Young (Normal) (G1 Evacuation Pause) 608M->232M(745M) 110.012ms
[464.823s][info][gc,cpu      ] GC(833) User=0.21s Sys=0.00s Real=0.11s
[467.314s][info][gc,start    ] GC(834) Pause Young (Normal) (G1 Evacuation Pause)
[467.314s][info][gc,task     ] GC(834) Using 2 workers of 2 for evacuation
[467.411s][info][gc,phases   ] GC(834)   Pre Evacuate Collection Set: 0.29ms
[467.411s][info][gc,phases   ] GC(834)   Merge Heap Roots: 0.30ms
[467.411s][info][gc,phases   ] GC(834)   Evacuate Collection Set: 95.95ms
[467.411s][info][gc,phases   ] GC(834)   Post Evacuate Collection Set: 0.71ms
[467.411s][info][gc,phases   ] GC(834)   Other: 0.11ms
[467.411s][info][gc,heap     ] GC(834) Eden regions: 391->0(400)
[467.411s][info][gc,heap     ] GC(834) Survivor regions: 56->25(56)
[467.411s][info][gc,heap     ] GC(834) Old regions: 160->208
[467.411s][info][gc,heap     ] GC(834) Humongous regions: 25->23
[467.411s][info][gc,metaspace] GC(834) Metaspace: 43043K(43520K)->43043K(43520K) NonClass: 38703K(38976K)->38703K(38976K) Class: 4340K(4544K)->4340K(4544K)
[467.411s][info][gc          ] GC(834) Pause Young (Normal) (G1 Evacuation Pause) 631M->254M(745M) 97.630ms
[467.411s][info][gc,cpu      ] GC(834) User=0.19s Sys=0.00s Real=0.09s
[469.983s][info][gc,start    ] GC(835) Pause Young (Concurrent Start) (G1 Evacuation Pause)
[469.983s][info][gc,task     ] GC(835) Using 2 workers of 2 for evacuation
[470.009s][info][gc,phases   ] GC(835)   Pre Evacuate Collection Set: 0.30ms
[470.009s][info][gc,phases   ] GC(835)   Merge Heap Roots: 0.22ms
[470.009s][info][gc,phases   ] GC(835)   Evacuate Collection Set: 24.59ms
[470.009s][info][gc,phases   ] GC(835)   Post Evacuate Collection Set: 0.71ms
[470.009s][info][gc,phases   ] GC(835)   Other: 0.12ms
[470.009s][info][gc,heap     ] GC(835) Eden regions: 400->0(420)
[470.009s][info][gc,heap     ] GC(835) Survivor regions: 25->20(54)
[470.009s][info][gc,heap     ] GC(835) Old regions: 208->208
[470.009s][info][gc,heap     ] GC(835) Humongous regions: 23->23
[470.009s][info][gc,metaspace] GC(835) Metaspace: 43043K(43520K)->43043K(43520K) NonClass: 38703K(38976K)->38703K(38976K) Class: 4340K(4544K)->4340K(4544K)
[470.009s][info][gc          ] GC(835) Pause Young (Concurrent Start) (G1 Evacuation Pause) 654M->250M(745M) 26.142ms
[470.009s][info][gc,cpu      ] GC(835) User=0.05s Sys=0.00s Real=0.02s
[470.009s][info][gc          ] GC(836) Concurrent Mark Cycle
[470.009s][info][gc,marking  ] GC(836) Concurrent Scan Root Regions
[470.016s][info][gc,marking  ] GC(836) Concurrent Scan Root Regions 7.548ms
[470.016s][info][gc,marking  ] GC(836) Concurrent Mark
[470.016s][info][gc,marking  ] GC(836) Concurrent Mark From Roots
[470.016s][info][gc,task     ] GC(836) Using 1 workers of 1 for marking
[470.050s][info][gc,marking  ] GC(836) Concurrent Mark From Roots 33.493ms
[470.050s][info][gc,marking  ] GC(836) Concurrent Preclean
[470.050s][info][gc,marking  ] GC(836) Concurrent Preclean 0.195ms
[470.050s][info][gc,start    ] GC(836) Pause Remark
[470.068s][info][gc          ] GC(836) Pause Remark 257M->96M(300M) 17.337ms
[470.068s][info][gc,cpu      ] GC(836) User=0.04s Sys=0.00s Real=0.02s
[470.068s][info][gc,marking  ] GC(836) Concurrent Mark 51.274ms
[470.068s][info][gc,marking  ] GC(836) Concurrent Rebuild Remembered Sets and Scrub Regions
[470.087s][info][gc,marking  ] GC(836) Concurrent Rebuild Remembered Sets and Scrub Regions 19.012ms
[470.087s][info][gc,start    ] GC(836) Pause Cleanup
[470.087s][info][gc          ] GC(836) Pause Cleanup 97M->97M(300M) 0.055ms
[470.087s][info][gc,cpu      ] GC(836) User=0.00s Sys=0.00s Real=0.00s
[470.087s][info][gc,marking  ] GC(836) Concurrent Clear Claimed Marks
[470.087s][info][gc,marking  ] GC(836) Concurrent Clear Claimed Marks 0.043ms
[470.087s][info][gc,marking  ] GC(836) Concurrent Cleanup for Next Mark
[470.089s][info][gc,marking  ] GC(836) Concurrent Cleanup for Next Mark 1.514ms
[470.089s][info][gc          ] GC(836) Concurrent Mark Cycle 79.814ms
[471.122s][info][gc,start    ] GC(837) Pause Young (Prepare Mixed) (G1 Evacuation Pause)
[471.122s][info][gc,task     ] GC(837) Using 2 workers of 2 for evacuation
[471.128s][info][gc,phases   ] GC(837)   Pre Evacuate Collection Set: 0.24ms
[471.128s][info][gc,phases   ] GC(837)   Merge Heap Roots: 0.14ms
[471.128s][info][gc,phases   ] GC(837)   Evacuate Collection Set: 5.43ms
[471.128s][info][gc,phases   ] GC(837)   Post Evacuate Collection Set: 0.43ms
[471.129s][info][gc,phases   ] GC(837)   Other: 0.07ms
[471.129s][info][gc,heap     ] GC(837) Eden regions: 160->0(178)
[471.129s][info][gc,heap     ] GC(837) Survivor regions: 20->2(23)
[471.129s][info][gc,heap     ] GC(837) Old regions: 69->76
[471.129s][info][gc,heap     ] GC(837) Humongous regions: 2->1
[471.129s][info][gc,metaspace] GC(837) Metaspace: 43043K(43520K)->43043K(43520K) NonClass: 38703K(38976K)->38703K(38976K) Class: 4340K(4544K)->4340K(4544K)
[471.129s][info][gc          ] GC(837) Pause Young (Prepare Mixed) (G1 Evacuation Pause) 250M->77M(300M) 6.493ms
[471.129s][info][gc,cpu      ] GC(837) User=0.01s Sys=0.00s Real=0.01s
[472.091s][info][gc,start    ] GC(838) Pause Young (Mixed) (G1 Evacuation Pause)
[472.091s][info][gc,task     ] GC(838) Using 2 workers of 2 for evacuation
[472.113s][info][gc,phases   ] GC(838)   Pre Evacuate Collection Set: 0.24ms
[472.113s][info][gc,phases   ] GC(838)   Merge Heap Roots: 0.09ms
[472.113s][info][gc,phases   ] GC(838)   Evacuate Collection Set: 21.37ms
[472.114s][info][gc,phases   ] GC(838)   Post Evacuate Collection Set: 0.49ms
[472.114s][info][gc,phases   ] GC(838)   Other: 0.08ms
[472.114s][info][gc,heap     ] GC(838) Eden regions: 178->0(158)
[472.114s][info][gc,heap     ] GC(838) Survivor regions: 2->22(23)
[472.114s][info][gc,heap     ] GC(838) Old regions: 76->62
[472.114s][info][gc,heap     ] GC(838) Humongous regions: 3->3
[472.114s][info][gc,metaspace] GC(838) Metaspace: 43043K(43520K)->43043K(43520K) NonClass: 38703K(38976K)->38703K(38976K) Class: 4340K(4544K)->4340K(4544K)
[472.114s][info][gc          ] GC(838) Pause Young (Mixed) (G1 Evacuation Pause) 257M->85M(300M) 22.484ms
[472.114s][info][gc,cpu      ] GC(838) User=0.04s Sys=0.00s Real=0.03s
[472.362s][info][gc,start    ] GC(839) Pause Young (Concurrent Start) (G1 Humongous Allocation)
[472.362s][info][gc,task     ] GC(839) Using 2 workers of 2 for evacuation
[472.392s][info][gc,phases   ] GC(839)   Pre Evacuate Collection Set: 0.22ms
[472.392s][info][gc,phases   ] GC(839)   Merge Heap Roots: 0.07ms
[472.392s][info][gc,phases   ] GC(839)   Evacuate Collection Set: 29.55ms
[472.392s][info][gc,phases   ] GC(839)   Post Evacuate Collection Set: 0.41ms
[472.392s][info][gc,phases   ] GC(839)   Other: 0.10ms
[472.392s][info][gc,heap     ] GC(839) Eden regions: 95->0(159)
[472.392s][info][gc,heap     ] GC(839) Survivor regions: 22->13(23)
[472.392s][info][gc,heap     ] GC(839) Old regions: 62->84
[472.392s][info][gc,heap     ] GC(839) Humongous regions: 3->3
[472.392s][info][gc,metaspace] GC(839) Metaspace: 43043K(43520K)->43043K(43520K) NonClass: 38703K(38976K)->38703K(38976K) Class: 4340K(4544K)->4340K(4544K)
[472.393s][info][gc          ] GC(839) Pause Young (Concurrent Start) (G1 Humongous Allocation) 180M->98M(300M) 30.595ms
[472.393s][info][gc,cpu      ] GC(839) User=0.06s Sys=0.00s Real=0.04s
[472.393s][info][gc          ] GC(840) Concurrent Mark Cycle
[472.393s][info][gc,marking  ] GC(840) Concurrent Scan Root Regions
[472.415s][info][gc,marking  ] GC(840) Concurrent Scan Root Regions 22.447ms
[472.415s][info][gc,marking  ] GC(840) Concurrent Mark
[472.415s][info][gc,marking  ] GC(840) Concurrent Mark From Roots
[472.415s][info][gc,task     ] GC(840) Using 1 workers of 1 for marking
[472.447s][info][gc,marking  ] GC(840) Concurrent Mark From Roots 32.228ms
[472.447s][info][gc,marking  ] GC(840) Concurrent Preclean
[472.447s][info][gc,marking  ] GC(840) Concurrent Preclean 0.041ms
[472.448s][info][gc,start    ] GC(840) Pause Remark
[472.465s][info][gc          ] GC(840) Pause Remark 116M->115M(300M) 16.923ms
[472.465s][info][gc,cpu      ] GC(840) User=0.03s Sys=0.00s Real=0.02s
[472.465s][info][gc,marking  ] GC(840) Concurrent Mark 49.506ms
[472.465s][info][gc,marking  ] GC(840) Concurrent Rebuild Remembered Sets and Scrub Regions
[472.495s][info][gc,marking  ] GC(840) Concurrent Rebuild Remembered Sets and Scrub Regions 30.329ms
[472.495s][info][gc,start    ] GC(840) Pause Cleanup
[472.495s][info][gc          ] GC(840) Pause Cleanup 127M->127M(300M) 0.057ms
[472.495s][info][gc,cpu      ] GC(840) User=0.00s Sys=0.00s Real=0.00s
[472.495s][info][gc,marking  ] GC(840) Concurrent Clear Claimed Marks
[472.495s][info][gc,marking  ] GC(840) Concurrent Clear Claimed Marks 0.040ms
[472.495s][info][gc,marking  ] GC(840) Concurrent Cleanup for Next Mark
[472.496s][info][gc,marking  ] GC(840) Concurrent Cleanup for Next Mark 0.859ms
[472.496s][info][gc          ] GC(840) Concurrent Mark Cycle 103.494ms
[472.876s][info][gc,start    ] GC(841) Pause Young (Prepare Mixed) (G1 Evacuation Pause)
[472.876s][info][gc,task     ] GC(841) Using 2 workers of 2 for evacuation
[472.914s][info][gc,phases   ] GC(841)   Pre Evacuate Collection Set: 0.19ms
[472.914s][info][gc,phases   ] GC(841)   Merge Heap Roots: 0.11ms
[472.914s][info][gc,phases   ] GC(841)   Evacuate Collection Set: 37.23ms
[472.914s][info][gc,phases   ] GC(841)   Post Evacuate Collection Set: 0.47ms
[472.914s][info][gc,phases   ] GC(841)   Other: 0.09ms
[472.914s][info][gc,heap     ] GC(841) Eden regions: 159->0(139)
[472.914s][info][gc,heap     ] GC(841) Survivor regions: 13->20(22)
[472.914s][info][gc,heap     ] GC(841) Old regions: 83->95
[472.914s][info][gc,heap     ] GC(841) Humongous regions: 6->6
[472.914s][info][gc,metaspace] GC(841) Metaspace: 43043K(43520K)->43043K(43520K) NonClass: 38703K(38976K)->38703K(38976K) Class: 4340K(4544K)->4340K(4544K)
[472.914s][info][gc          ] GC(841) Pause Young (Prepare Mixed) (G1 Evacuation Pause) 259M->119M(300M) 38.308ms
[472.914s][info][gc,cpu      ] GC(841) User=0.08s Sys=0.00s Real=0.04s
[473.265s][info][gc,start    ] GC(842) Pause Young (Mixed) (G1 Evacuation Pause)
[473.265s][info][gc,task     ] GC(842) Using 2 workers of 2 for evacuation
[473.310s][info][gc,phases   ] GC(842)   Pre Evacuate Collection Set: 0.21ms
[473.311s][info][gc,phases   ] GC(842)   Merge Heap Roots: 0.20ms
[473.311s][info][gc,phases   ] GC(842)   Evacuate Collection Set: 44.34ms
[473.311s][info][gc,phases   ] GC(842)   Post Evacuate Collection Set: 0.74ms
[473.311s][info][gc,phases   ] GC(842)   Other: 0.09ms
[473.311s][info][gc,heap     ] GC(842) Eden regions: 139->0(147)
[473.311s][info][gc,heap     ] GC(842) Survivor regions: 20->17(20)
[473.311s][info][gc,heap     ] GC(842) Old regions: 95->87
[473.311s][info][gc,heap     ] GC(842) Humongous regions: 6->6
[473.311s][info][gc,metaspace] GC(842) Metaspace: 43043K(43520K)->43043K(43520K) NonClass: 38703K(38976K)->38703K(38976K) Class: 4340K(4544K)->4340K(4544K)
[473.311s][info][gc          ] GC(842) Pause Young (Mixed) (G1 Evacuation Pause) 258M->109M(300M) 45.800ms
[473.311s][info][gc,cpu      ] GC(842) User=0.09s Sys=0.00s Real=0.04s
[473.607s][info][gc,start    ] GC(843) Pause Young (Concurrent Start) (G1 Humongous Allocation)
[473.607s][info][gc,task     ] GC(843) Using 2 workers of 2 for evacuation
[473.658s][info][gc,phases   ] GC(843)   Pre Evacuate Collection Set: 0.78ms
[473.658s][info][gc,phases   ] GC(843)   Merge Heap Roots: 0.07ms
[473.658s][info][gc,phases   ] GC(843)   Evacuate Collection Set: 49.88ms
[473.658s][info][gc,phases   ] GC(843)   Post Evacuate Collection Set: 0.56ms
[473.658s][info][gc,phases   ] GC(843)   Other: 0.12ms
[473.658s][info][gc,heap     ] GC(843) Eden regions: 112->0(137)
[473.658s][info][gc,heap     ] GC(843) Survivor regions: 17->14(21)
[473.658s][info][gc,heap     ] GC(843) Old regions: 87->103
[473.658s][info][gc,heap     ] GC(843) Humongous regions: 6->6
[473.658s][info][gc,metaspace] GC(843) Metaspace: 43043K(43520K)->43043K(43520K) NonClass: 38703K(38976K)->38703K(38976K) Class: 4340K(4544K)->4340K(4544K)
[473.658s][info][gc          ] GC(843) Pause Young (Concurrent Start) (G1 Humongous Allocation) 221M->122M(300M) 51.629ms
[473.658s][info][gc,cpu      ] GC(843) User=0.07s Sys=0.00s Real=0.05s
[473.658s][info][gc          ] GC(844) Concurrent Mark Cycle
[473.658s][info][gc,marking  ] GC(844) Concurrent Scan Root Regions
[473.721s][info][gc,marking  ] GC(844) Concurrent Scan Root Regions 62.795ms
[473.721s][info][gc,marking  ] GC(844) Concurrent Mark
[473.721s][info][gc,marking  ] GC(844) Concurrent Mark From Roots
[473.721s][info][gc,task     ] GC(844) Using 1 workers of 1 for marking
[473.838s][info][gc,marking  ] GC(844) Concurrent Mark From Roots 116.413ms
[473.838s][info][gc,marking  ] GC(844) Concurrent Preclean
[473.838s][info][gc,marking  ] GC(844) Concurrent Preclean 0.306ms
[473.839s][info][gc,start    ] GC(844) Pause Remark
[473.879s][info][gc          ] GC(844) Pause Remark 139M->137M(300M) 40.385ms
[473.879s][info][gc,cpu      ] GC(844) User=0.04s Sys=0.00s Real=0.04s
[473.879s][info][gc,marking  ] GC(844) Concurrent Mark 157.854ms
[473.879s][info][gc,marking  ] GC(844) Concurrent Rebuild Remembered Sets and Scrub Regions
[473.940s][info][gc,marking  ] GC(844) Concurrent Rebuild Remembered Sets and Scrub Regions 60.850ms
[473.940s][info][gc,start    ] GC(844) Pause Cleanup
[473.940s][info][gc          ] GC(844) Pause Cleanup 157M->157M(300M) 0.064ms
[473.940s][info][gc,cpu      ] GC(844) User=0.00s Sys=0.00s Real=0.00s
[473.940s][info][gc,marking  ] GC(844) Concurrent Clear Claimed Marks
[473.940s][info][gc,marking  ] GC(844) Concurrent Clear Claimed Marks 0.042ms
[473.940s][info][gc,marking  ] GC(844) Concurrent Cleanup for Next Mark
[473.941s][info][gc,marking  ] GC(844) Concurrent Cleanup for Next Mark 0.899ms
[473.941s][info][gc          ] GC(844) Concurrent Mark Cycle 283.070ms
[474.233s][info][gc,start    ] GC(845) Pause Young (Prepare Mixed) (G1 Evacuation Pause)
[474.233s][info][gc,task     ] GC(845) Using 2 workers of 2 for evacuation
[474.308s][info][gc,phases   ] GC(845)   Pre Evacuate Collection Set: 0.23ms
[474.308s][info][gc,phases   ] GC(845)   Merge Heap Roots: 0.20ms
[474.308s][info][gc,phases   ] GC(845)   Evacuate Collection Set: 73.84ms
[474.308s][info][gc,phases   ] GC(845)   Post Evacuate Collection Set: 0.50ms
[474.308s][info][gc,phases   ] GC(845)   Other: 0.13ms
[474.308s][info][gc,heap     ] GC(845) Eden regions: 137->0(123)
[474.308s][info][gc,heap     ] GC(845) Survivor regions: 14->16(19)
[474.308s][info][gc,heap     ] GC(845) Old regions: 102->116
[474.308s][info][gc,heap     ] GC(845) Humongous regions: 9->9
[474.308s][info][gc,metaspace] GC(845) Metaspace: 43043K(43520K)->43043K(43520K) NonClass: 38703K(38976K)->38703K(38976K) Class: 4340K(4544K)->4340K(4544K)
[474.308s][info][gc          ] GC(845) Pause Young (Prepare Mixed) (G1 Evacuation Pause) 261M->140M(300M) 75.127ms
[474.308s][info][gc,cpu      ] GC(845) User=0.08s Sys=0.00s Real=0.07s
[475.694s][info][gc,start    ] GC(846) Pause Young (Mixed) (G1 Evacuation Pause)
[475.695s][info][gc,task     ] GC(846) Using 2 workers of 2 for evacuation
[475.748s][info][gc,phases   ] GC(846)   Pre Evacuate Collection Set: 0.20ms
[475.749s][info][gc,phases   ] GC(846)   Merge Heap Roots: 0.30ms
[475.749s][info][gc,phases   ] GC(846)   Evacuate Collection Set: 51.44ms
[475.749s][info][gc,phases   ] GC(846)   Post Evacuate Collection Set: 1.90ms
[475.749s][info][gc,phases   ] GC(846)   Other: 0.10ms
[475.749s][info][gc,heap     ] GC(846) Eden regions: 123->0(236)
[475.749s][info][gc,heap     ] GC(846) Survivor regions: 16->6(18)
[475.749s][info][gc,heap     ] GC(846) Old regions: 116->115
[475.749s][info][gc,heap     ] GC(846) Humongous regions: 17->15
[475.749s][info][gc,metaspace] GC(846) Metaspace: 43043K(43520K)->43043K(43520K) NonClass: 38703K(38976K)->38703K(38976K) Class: 4340K(4544K)->4340K(4544K)
[475.749s][info][gc          ] GC(846) Pause Young (Mixed) (G1 Evacuation Pause) 271M->136M(433M) 54.168ms
[475.749s][info][gc,cpu      ] GC(846) User=0.09s Sys=0.00s Real=0.05s
[477.084s][info][gc,start    ] GC(847) Pause Young (Normal) (G1 Evacuation Pause)
[477.084s][info][gc,task     ] GC(847) Using 2 workers of 2 for evacuation
[477.113s][info][gc,phases   ] GC(847)   Pre Evacuate Collection Set: 0.24ms
[477.113s][info][gc,phases   ] GC(847)   Merge Heap Roots: 0.13ms
[477.113s][info][gc,phases   ] GC(847)   Evacuate Collection Set: 28.44ms
[477.113s][info][gc,phases   ] GC(847)   Post Evacuate Collection Set: 0.75ms
[477.113s][info][gc,phases   ] GC(847)   Other: 0.08ms
[477.113s][info][gc,heap     ] GC(847) Eden regions: 236->0(232)
[477.114s][info][gc,heap     ] GC(847) Survivor regions: 6->17(31)
[477.114s][info][gc,heap     ] GC(847) Old regions: 115->115
[477.114s][info][gc,heap     ] GC(847) Humongous regions: 15->15
[477.114s][info][gc,metaspace] GC(847) Metaspace: 43043K(43520K)->43043K(43520K) NonClass: 38703K(38976K)->38703K(38976K) Class: 4340K(4544K)->4340K(4544K)
[477.114s][info][gc          ] GC(847) Pause Young (Normal) (G1 Evacuation Pause) 372M->146M(433M) 29.849ms
[477.114s][info][gc,cpu      ] GC(847) User=0.04s Sys=0.00s Real=0.03s
[478.649s][info][gc,start    ] GC(848) Pause Young (Normal) (G1 Evacuation Pause)
[478.650s][info][gc,task     ] GC(848) Using 2 workers of 2 for evacuation
[478.674s][info][gc,phases   ] GC(848)   Pre Evacuate Collection Set: 0.21ms
[478.674s][info][gc,phases   ] GC(848)   Merge Heap Roots: 0.11ms
[478.674s][info][gc,phases   ] GC(848)   Evacuate Collection Set: 22.98ms
[478.674s][info][gc,phases   ] GC(848)   Post Evacuate Collection Set: 0.63ms
[478.674s][info][gc,phases   ] GC(848)   Other: 0.08ms
[478.674s][info][gc,heap     ] GC(848) Eden regions: 232->0(241)
[478.674s][info][gc,heap     ] GC(848) Survivor regions: 17->14(32)
[478.674s][info][gc,heap     ] GC(848) Old regions: 115->115
[478.674s][info][gc,heap     ] GC(848) Humongous regions: 15->15
[478.674s][info][gc,metaspace] GC(848) Metaspace: 43043K(43520K)->43043K(43520K) NonClass: 38703K(38976K)->38703K(38976K) Class: 4340K(4544K)->4340K(4544K)
[478.674s][info][gc          ] GC(848) Pause Young (Normal) (G1 Evacuation Pause) 378M->144M(433M) 24.201ms
[478.674s][info][gc,cpu      ] GC(848) User=0.04s Sys=0.00s Real=0.03s
[479.645s][info][gc,start    ] GC(849) Pause Young (Concurrent Start) (G1 Humongous Allocation)
[479.645s][info][gc,task     ] GC(849) Using 2 workers of 2 for evacuation
[479.668s][info][gc,phases   ] GC(849)   Pre Evacuate Collection Set: 0.82ms
[479.668s][info][gc,phases   ] GC(849)   Merge Heap Roots: 0.13ms
[479.668s][info][gc,phases   ] GC(849)   Evacuate Collection Set: 21.40ms
[479.668s][info][gc,phases   ] GC(849)   Post Evacuate Collection Set: 0.59ms
[479.668s][info][gc,phases   ] GC(849)   Other: 0.10ms
[479.668s][info][gc,heap     ] GC(849) Eden regions: 149->0(250)
[479.669s][info][gc,heap     ] GC(849) Survivor regions: 14->9(32)
[479.669s][info][gc,heap     ] GC(849) Old regions: 115->115
[479.669s][info][gc,heap     ] GC(849) Humongous regions: 15->15
[479.669s][info][gc,metaspace] GC(849) Metaspace: 43043K(43520K)->43043K(43520K) NonClass: 38703K(38976K)->38703K(38976K) Class: 4340K(4544K)->4340K(4544K)
[479.669s][info][gc          ] GC(849) Pause Young (Concurrent Start) (G1 Humongous Allocation) 292M->139M(433M) 23.268ms
[479.669s][info][gc,cpu      ] GC(849) User=0.03s Sys=0.00s Real=0.02s
[479.669s][info][gc          ] GC(850) Concurrent Mark Cycle
[479.669s][info][gc,marking  ] GC(850) Concurrent Scan Root Regions
[479.684s][info][gc,marking  ] GC(850) Concurrent Scan Root Regions 15.689ms
[479.684s][info][gc,marking  ] GC(850) Concurrent Mark
[479.684s][info][gc,marking  ] GC(850) Concurrent Mark From Roots
[479.684s][info][gc,task     ] GC(850) Using 1 workers of 1 for marking
[479.757s][info][gc,marking  ] GC(850) Concurrent Mark From Roots 72.652ms
[479.757s][info][gc,marking  ] GC(850) Concurrent Preclean
[479.757s][info][gc,marking  ] GC(850) Concurrent Preclean 0.039ms
[479.757s][info][gc,start    ] GC(850) Pause Remark
[479.789s][info][gc          ] GC(850) Pause Remark 148M->120M(374M) 31.769ms
[479.789s][info][gc,cpu      ] GC(850) User=0.04s Sys=0.00s Real=0.03s
[479.789s][info][gc,marking  ] GC(850) Concurrent Mark 104.771ms
[479.789s][info][gc,marking  ] GC(850) Concurrent Rebuild Remembered Sets and Scrub Regions
[479.817s][info][gc,marking  ] GC(850) Concurrent Rebuild Remembered Sets and Scrub Regions 27.956ms
[479.817s][info][gc,start    ] GC(850) Pause Cleanup
[479.817s][info][gc          ] GC(850) Pause Cleanup 122M->122M(374M) 0.084ms
[479.817s][info][gc,cpu      ] GC(850) User=0.00s Sys=0.00s Real=0.00s
[479.819s][info][gc,marking  ] GC(850) Concurrent Clear Claimed Marks
[479.819s][info][gc,marking  ] GC(850) Concurrent Clear Claimed Marks 0.060ms
[479.819s][info][gc,marking  ] GC(850) Concurrent Cleanup for Next Mark
[479.823s][info][gc,marking  ] GC(850) Concurrent Cleanup for Next Mark 3.907ms
[479.823s][info][gc          ] GC(850) Concurrent Mark Cycle 154.608ms
[481.099s][info][gc,start    ] GC(851) Pause Young (Prepare Mixed) (G1 Evacuation Pause)
[481.099s][info][gc,task     ] GC(851) Using 2 workers of 2 for evacuation
[481.103s][info][gc,phases   ] GC(851)   Pre Evacuate Collection Set: 0.31ms
[481.103s][info][gc,phases   ] GC(851)   Merge Heap Roots: 0.15ms
[481.103s][info][gc,phases   ] GC(851)   Evacuate Collection Set: 3.55ms
[481.103s][info][gc,phases   ] GC(851)   Post Evacuate Collection Set: 0.46ms
[481.103s][info][gc,phases   ] GC(851)   Other: 0.09ms
[481.103s][info][gc,heap     ] GC(851) Eden regions: 215->0(219)
[481.103s][info][gc,heap     ] GC(851) Survivor regions: 9->5(28)
[481.103s][info][gc,heap     ] GC(851) Old regions: 101->101
[481.103s][info][gc,heap     ] GC(851) Humongous regions: 2->1
[481.103s][info][gc,metaspace] GC(851) Metaspace: 43043K(43520K)->43043K(43520K) NonClass: 38703K(38976K)->38703K(38976K) Class: 4340K(4544K)->4340K(4544K)
[481.103s][info][gc          ] GC(851) Pause Young (Prepare Mixed) (G1 Evacuation Pause) 327M->106M(374M) 4.787ms
[481.103s][info][gc,cpu      ] GC(851) User=0.00s Sys=0.00s Real=0.01s
[482.034s][info][gc,start    ] GC(852) Pause Young (Mixed) (G1 Evacuation Pause)
[482.034s][info][gc,task     ] GC(852) Using 2 workers of 2 for evacuation
[482.042s][info][gc,phases   ] GC(852)   Pre Evacuate Collection Set: 0.22ms
[482.042s][info][gc,phases   ] GC(852)   Merge Heap Roots: 0.08ms
[482.042s][info][gc,phases   ] GC(852)   Evacuate Collection Set: 6.90ms
[482.042s][info][gc,phases   ] GC(852)   Post Evacuate Collection Set: 0.50ms
[482.042s][info][gc,phases   ] GC(852)   Other: 0.08ms
[482.042s][info][gc,heap     ] GC(852) Eden regions: 219->0(216)
[482.042s][info][gc,heap     ] GC(852) Survivor regions: 5->8(28)
[482.042s][info][gc,heap     ] GC(852) Old regions: 101->63
[482.042s][info][gc,heap     ] GC(852) Humongous regions: 19->3
[482.042s][info][gc,metaspace] GC(852) Metaspace: 43045K(43520K)->43045K(43520K) NonClass: 38705K(38976K)->38705K(38976K) Class: 4340K(4544K)->4340K(4544K)
[482.042s][info][gc          ] GC(852) Pause Young (Mixed) (G1 Evacuation Pause) 343M->73M(374M) 7.998ms
[482.042s][info][gc,cpu      ] GC(852) User=0.02s Sys=0.00s Real=0.01s
[482.983s][info][gc,start    ] GC(853) Pause Young (Mixed) (G1 Evacuation Pause)
[482.984s][info][gc,task     ] GC(853) Using 2 workers of 2 for evacuation
[482.997s][info][gc,phases   ] GC(853)   Pre Evacuate Collection Set: 0.22ms
[482.997s][info][gc,phases   ] GC(853)   Merge Heap Roots: 0.08ms
[482.997s][info][gc,phases   ] GC(853)   Evacuate Collection Set: 12.17ms
[482.997s][info][gc,phases   ] GC(853)   Post Evacuate Collection Set: 0.57ms
[482.997s][info][gc,phases   ] GC(853)   Other: 0.11ms
[482.997s][info][gc,heap     ] GC(853) Eden regions: 216->0(209)
[482.997s][info][gc,heap     ] GC(853) Survivor regions: 8->15(28)
[482.997s][info][gc,heap     ] GC(853) Old regions: 63->44
[482.997s][info][gc,heap     ] GC(853) Humongous regions: 13->3
[482.997s][info][gc,metaspace] GC(853) Metaspace: 43046K(43520K)->43046K(43520K) NonClass: 38706K(38976K)->38706K(38976K) Class: 4340K(4544K)->4340K(4544K)
[482.997s][info][gc          ] GC(853) Pause Young (Mixed) (G1 Evacuation Pause) 299M->60M(374M) 13.388ms
[482.997s][info][gc,cpu      ] GC(853) User=0.03s Sys=0.00s Real=0.01s
[483.949s][info][gc,start    ] GC(854) Pause Young (Normal) (G1 Evacuation Pause)
[483.949s][info][gc,task     ] GC(854) Using 2 workers of 2 for evacuation
[483.979s][info][gc,phases   ] GC(854)   Pre Evacuate Collection Set: 0.21ms
[483.979s][info][gc,phases   ] GC(854)   Merge Heap Roots: 0.09ms
[483.979s][info][gc,phases   ] GC(854)   Evacuate Collection Set: 28.76ms
[483.979s][info][gc,phases   ] GC(854)   Post Evacuate Collection Set: 0.75ms
[483.979s][info][gc,phases   ] GC(854)   Other: 0.08ms
[483.979s][info][gc,heap     ] GC(854) Eden regions: 209->0(196)
[483.979s][info][gc,heap     ] GC(854) Survivor regions: 15->28(28)
[483.979s][info][gc,heap     ] GC(854) Old regions: 44->44
[483.979s][info][gc,heap     ] GC(854) Humongous regions: 7->3
[483.979s][info][gc,metaspace] GC(854) Metaspace: 43046K(43520K)->43046K(43520K) NonClass: 38706K(38976K)->38706K(38976K) Class: 4340K(4544K)->4340K(4544K)
[483.979s][info][gc          ] GC(854) Pause Young (Normal) (G1 Evacuation Pause) 273M->74M(374M) 30.091ms
[483.979s][info][gc,cpu      ] GC(854) User=0.06s Sys=0.00s Real=0.03s
[484.802s][info][gc,start    ] GC(855) Pause Young (Normal) (G1 Evacuation Pause)
[484.802s][info][gc,task     ] GC(855) Using 2 workers of 2 for evacuation
[484.815s][info][gc,phases   ] GC(855)   Pre Evacuate Collection Set: 0.32ms
[484.815s][info][gc,phases   ] GC(855)   Merge Heap Roots: 0.23ms
[484.815s][info][gc,phases   ] GC(855)   Evacuate Collection Set: 12.33ms
[484.815s][info][gc,phases   ] GC(855)   Post Evacuate Collection Set: 0.68ms
[484.815s][info][gc,phases   ] GC(855)   Other: 0.08ms
[484.815s][info][gc,heap     ] GC(855) Eden regions: 196->0(221)
[484.815s][info][gc,heap     ] GC(855) Survivor regions: 28->3(28)
[484.815s][info][gc,heap     ] GC(855) Old regions: 44->53
[484.815s][info][gc,heap     ] GC(855) Humongous regions: 23->3
[484.815s][info][gc,metaspace] GC(855) Metaspace: 43046K(43520K)->43046K(43520K) NonClass: 38706K(38976K)->38706K(38976K) Class: 4340K(4544K)->4340K(4544K)
[484.816s][info][gc          ] GC(855) Pause Young (Normal) (G1 Evacuation Pause) 290M->58M(374M) 13.852ms
[484.816s][info][gc,cpu      ] GC(855) User=0.02s Sys=0.00s Real=0.02s
[485.794s][info][gc,start    ] GC(856) Pause Young (Normal) (G1 Evacuation Pause)
[485.794s][info][gc,task     ] GC(856) Using 2 workers of 2 for evacuation
[485.800s][info][gc,phases   ] GC(856)   Pre Evacuate Collection Set: 0.20ms
[485.800s][info][gc,phases   ] GC(856)   Merge Heap Roots: 0.07ms
[485.800s][info][gc,phases   ] GC(856)   Evacuate Collection Set: 5.18ms
[485.800s][info][gc,phases   ] GC(856)   Post Evacuate Collection Set: 0.54ms
[485.800s][info][gc,phases   ] GC(856)   Other: 0.11ms
[485.800s][info][gc,heap     ] GC(856) Eden regions: 221->0(218)
[485.800s][info][gc,heap     ] GC(856) Survivor regions: 3->6(28)
[485.800s][info][gc,heap     ] GC(856) Old regions: 53->53
[485.800s][info][gc,heap     ] GC(856) Humongous regions: 21->3
[485.800s][info][gc,metaspace] GC(856) Metaspace: 43047K(43520K)->43047K(43520K) NonClass: 38706K(38976K)->38706K(38976K) Class: 4340K(4544K)->4340K(4544K)
[485.800s][info][gc          ] GC(856) Pause Young (Normal) (G1 Evacuation Pause) 297M->61M(374M) 6.321ms
[485.800s][info][gc,cpu      ] GC(856) User=0.01s Sys=0.00s Real=0.00s
[486.749s][info][gc,start    ] GC(857) Pause Young (Normal) (G1 Evacuation Pause)
[486.750s][info][gc,task     ] GC(857) Using 2 workers of 2 for evacuation
[486.774s][info][gc,phases   ] GC(857)   Pre Evacuate Collection Set: 0.21ms
[486.774s][info][gc,phases   ] GC(857)   Merge Heap Roots: 0.08ms
[486.774s][info][gc,phases   ] GC(857)   Evacuate Collection Set: 23.30ms
[486.774s][info][gc,phases   ] GC(857)   Post Evacuate Collection Set: 0.54ms
[486.774s][info][gc,phases   ] GC(857)   Other: 0.08ms
[486.774s][info][gc,heap     ] GC(857) Eden regions: 218->0(202)
[486.774s][info][gc,heap     ] GC(857) Survivor regions: 6->22(28)
[486.774s][info][gc,heap     ] GC(857) Old regions: 53->53
[486.774s][info][gc,heap     ] GC(857) Humongous regions: 3->3
[486.774s][info][gc,metaspace] GC(857) Metaspace: 43047K(43520K)->43047K(43520K) NonClass: 38706K(38976K)->38706K(38976K) Class: 4340K(4544K)->4340K(4544K)
[486.774s][info][gc          ] GC(857) Pause Young (Normal) (G1 Evacuation Pause) 279M->76M(374M) 24.418ms
[486.774s][info][gc,cpu      ] GC(857) User=0.05s Sys=0.00s Real=0.03s
[487.678s][info][gc,start    ] GC(858) Pause Young (Normal) (G1 Evacuation Pause)
[487.678s][info][gc,task     ] GC(858) Using 2 workers of 2 for evacuation
[487.693s][info][gc,phases   ] GC(858)   Pre Evacuate Collection Set: 0.23ms
[487.693s][info][gc,phases   ] GC(858)   Merge Heap Roots: 0.07ms
[487.693s][info][gc,phases   ] GC(858)   Evacuate Collection Set: 13.77ms
[487.693s][info][gc,phases   ] GC(858)   Post Evacuate Collection Set: 0.51ms
[487.693s][info][gc,phases   ] GC(858)   Other: 0.08ms
[487.693s][info][gc,heap     ] GC(858) Eden regions: 202->0(213)
[487.693s][info][gc,heap     ] GC(858) Survivor regions: 22->11(28)
[487.693s][info][gc,heap     ] GC(858) Old regions: 53->55
[487.693s][info][gc,heap     ] GC(858) Humongous regions: 7->3
[487.693s][info][gc,metaspace] GC(858) Metaspace: 43047K(43520K)->43047K(43520K) NonClass: 38706K(38976K)->38706K(38976K) Class: 4340K(4544K)->4340K(4544K)
[487.693s][info][gc          ] GC(858) Pause Young (Normal) (G1 Evacuation Pause) 282M->68M(374M) 14.873ms
[487.693s][info][gc,cpu      ] GC(858) User=0.02s Sys=0.00s Real=0.02s
[488.528s][info][gc,start    ] GC(859) Pause Young (Normal) (G1 Evacuation Pause)
[488.528s][info][gc,task     ] GC(859) Using 2 workers of 2 for evacuation
[488.561s][info][gc,phases   ] GC(859)   Pre Evacuate Collection Set: 0.27ms
[488.561s][info][gc,phases   ] GC(859)   Merge Heap Roots: 0.08ms
[488.561s][info][gc,phases   ] GC(859)   Evacuate Collection Set: 31.64ms
[488.561s][info][gc,phases   ] GC(859)   Post Evacuate Collection Set: 0.77ms
[488.561s][info][gc,phases   ] GC(859)   Other: 0.10ms
[488.561s][info][gc,heap     ] GC(859) Eden regions: 213->0(211)
[488.561s][info][gc,heap     ] GC(859) Survivor regions: 11->13(28)
[488.561s][info][gc,heap     ] GC(859) Old regions: 55->55
[488.561s][info][gc,heap     ] GC(859) Humongous regions: 15->3
[488.561s][info][gc,metaspace] GC(859) Metaspace: 43049K(43520K)->43049K(43520K) NonClass: 38708K(38976K)->38708K(38976K) Class: 4340K(4544K)->4340K(4544K)
[488.561s][info][gc          ] GC(859) Pause Young (Normal) (G1 Evacuation Pause) 293M->70M(374M) 33.061ms
[488.561s][info][gc,cpu      ] GC(859) User=0.03s Sys=0.00s Real=0.03s
[489.449s][info][gc,start    ] GC(860) Pause Young (Normal) (G1 Evacuation Pause)
[489.449s][info][gc,task     ] GC(860) Using 2 workers of 2 for evacuation
[489.462s][info][gc,phases   ] GC(860)   Pre Evacuate Collection Set: 0.34ms
[489.462s][info][gc,phases   ] GC(860)   Merge Heap Roots: 0.09ms
[489.462s][info][gc,phases   ] GC(860)   Evacuate Collection Set: 11.82ms
[489.462s][info][gc,phases   ] GC(860)   Post Evacuate Collection Set: 0.51ms
[489.462s][info][gc,phases   ] GC(860)   Other: 0.08ms
[489.462s][info][gc,heap     ] GC(860) Eden regions: 211->0(214)
[489.462s][info][gc,heap     ] GC(860) Survivor regions: 13->10(28)
[489.462s][info][gc,heap     ] GC(860) Old regions: 55->55
[489.462s][info][gc,heap     ] GC(860) Humongous regions: 11->3
[489.462s][info][gc,metaspace] GC(860) Metaspace: 43050K(43520K)->43050K(43520K) NonClass: 38710K(38976K)->38710K(38976K) Class: 4340K(4544K)->4340K(4544K)
[489.462s][info][gc          ] GC(860) Pause Young (Normal) (G1 Evacuation Pause) 289M->67M(374M) 13.063ms
[489.462s][info][gc,cpu      ] GC(860) User=0.02s Sys=0.00s Real=0.01s
[490.378s][info][gc,start    ] GC(861) Pause Young (Normal) (G1 Evacuation Pause)
[490.378s][info][gc,task     ] GC(861) Using 2 workers of 2 for evacuation
[490.384s][info][gc,phases   ] GC(861)   Pre Evacuate Collection Set: 0.20ms
[490.384s][info][gc,phases   ] GC(861)   Merge Heap Roots: 0.08ms
[490.384s][info][gc,phases   ] GC(861)   Evacuate Collection Set: 5.76ms
[490.384s][info][gc,phases   ] GC(861)   Post Evacuate Collection Set: 0.49ms
[490.384s][info][gc,phases   ] GC(861)   Other: 0.08ms
[490.384s][info][gc,heap     ] GC(861) Eden regions: 214->0(218)
[490.384s][info][gc,heap     ] GC(861) Survivor regions: 10->6(28)
[490.384s][info][gc,heap     ] GC(861) Old regions: 55->55
[490.384s][info][gc,heap     ] GC(861) Humongous regions: 9->3
[490.384s][info][gc,metaspace] GC(861) Metaspace: 43050K(43520K)->43050K(43520K) NonClass: 38710K(38976K)->38710K(38976K) Class: 4340K(4544K)->4340K(4544K)
[490.384s][info][gc          ] GC(861) Pause Young (Normal) (G1 Evacuation Pause) 287M->63M(374M) 6.860ms
[490.384s][info][gc,cpu      ] GC(861) User=0.01s Sys=0.00s Real=0.01s
[491.139s][info][gc,start    ] GC(862) Pause Young (Normal) (G1 Evacuation Pause)
[491.139s][info][gc,task     ] GC(862) Using 2 workers of 2 for evacuation
[491.181s][info][gc,phases   ] GC(862)   Pre Evacuate Collection Set: 0.23ms
[491.182s][info][gc,phases   ] GC(862)   Merge Heap Roots: 0.08ms
[491.182s][info][gc,phases   ] GC(862)   Evacuate Collection Set: 41.26ms
[491.182s][info][gc,phases   ] GC(862)   Post Evacuate Collection Set: 0.65ms
[491.182s][info][gc,phases   ] GC(862)   Other: 0.08ms
[491.182s][info][gc,heap     ] GC(862) Eden regions: 218->0(196)
[491.182s][info][gc,heap     ] GC(862) Survivor regions: 6->28(28)
[491.182s][info][gc,heap     ] GC(862) Old regions: 55->68
[491.182s][info][gc,heap     ] GC(862) Humongous regions: 7->3
[491.182s][info][gc,metaspace] GC(862) Metaspace: 43050K(43520K)->43050K(43520K) NonClass: 38710K(38976K)->38710K(38976K) Class: 4340K(4544K)->4340K(4544K)
[491.182s][info][gc          ] GC(862) Pause Young (Normal) (G1 Evacuation Pause) 285M->99M(374M) 42.507ms
[491.182s][info][gc,cpu      ] GC(862) User=0.08s Sys=0.00s Real=0.04s
[492.245s][info][gc,start    ] GC(863) Pause Young (Normal) (G1 Evacuation Pause)
[492.245s][info][gc,task     ] GC(863) Using 2 workers of 2 for evacuation
[492.315s][info][gc,phases   ] GC(863)   Pre Evacuate Collection Set: 0.21ms
[492.315s][info][gc,phases   ] GC(863)   Merge Heap Roots: 0.23ms
[492.315s][info][gc,phases   ] GC(863)   Evacuate Collection Set: 68.94ms
[492.315s][info][gc,phases   ] GC(863)   Post Evacuate Collection Set: 0.54ms
[492.315s][info][gc,phases   ] GC(863)   Other: 0.08ms
[492.315s][info][gc,heap     ] GC(863) Eden regions: 196->0(175)
[492.315s][info][gc,heap     ] GC(863) Survivor regions: 28->28(28)
[492.315s][info][gc,heap     ] GC(863) Old regions: 68->97
[492.315s][info][gc,heap     ] GC(863) Humongous regions: 3->3
[492.315s][info][gc,metaspace] GC(863) Metaspace: 43050K(43520K)->43050K(43520K) NonClass: 38710K(38976K)->38710K(38976K) Class: 4340K(4544K)->4340K(4544K)
[492.315s][info][gc          ] GC(863) Pause Young (Normal) (G1 Evacuation Pause) 295M->128M(374M) 70.214ms
[492.315s][info][gc,cpu      ] GC(863) User=0.14s Sys=0.00s Real=0.07s
[493.206s][info][gc,start    ] GC(864) Pause Young (Concurrent Start) (G1 Evacuation Pause)
[493.206s][info][gc,task     ] GC(864) Using 2 workers of 2 for evacuation
[493.280s][info][gc,phases   ] GC(864)   Pre Evacuate Collection Set: 0.25ms
[493.280s][info][gc,phases   ] GC(864)   Merge Heap Roots: 0.27ms
[493.280s][info][gc,phases   ] GC(864)   Evacuate Collection Set: 73.17ms
[493.280s][info][gc,phases   ] GC(864)   Post Evacuate Collection Set: 0.65ms
[493.280s][info][gc,phases   ] GC(864)   Other: 0.10ms
[493.280s][info][gc,heap     ] GC(864) Eden regions: 175->0(146)
[493.280s][info][gc,heap     ] GC(864) Survivor regions: 28->26(26)
[493.280s][info][gc,heap     ] GC(864) Old regions: 97->133
[493.281s][info][gc,heap     ] GC(864) Humongous regions: 5->3
[493.281s][info][gc,metaspace] GC(864) Metaspace: 43050K(43520K)->43050K(43520K) NonClass: 38710K(38976K)->38710K(38976K) Class: 4340K(4544K)->4340K(4544K)
[493.281s][info][gc          ] GC(864) Pause Young (Concurrent Start) (G1 Evacuation Pause) 305M->162M(374M) 74.669ms
[493.281s][info][gc          ] GC(865) Concurrent Mark Cycle
[493.281s][info][gc,marking  ] GC(865) Concurrent Scan Root Regions
[493.281s][info][gc,cpu      ] GC(864) User=0.15s Sys=0.00s Real=0.07s
[493.384s][info][gc,marking  ] GC(865) Concurrent Scan Root Regions 103.388ms
[493.384s][info][gc,marking  ] GC(865) Concurrent Mark
[493.384s][info][gc,marking  ] GC(865) Concurrent Mark From Roots
[493.384s][info][gc,task     ] GC(865) Using 1 workers of 1 for marking
[493.494s][info][gc,marking  ] GC(865) Concurrent Mark From Roots 110.378ms
[493.494s][info][gc,marking  ] GC(865) Concurrent Preclean
[493.494s][info][gc,marking  ] GC(865) Concurrent Preclean 0.062ms
[493.495s][info][gc,start    ] GC(865) Pause Remark
[493.512s][info][gc          ] GC(865) Pause Remark 194M->194M(374M) 17.801ms
[493.512s][info][gc,cpu      ] GC(865) User=0.04s Sys=0.00s Real=0.02s
[493.512s][info][gc,marking  ] GC(865) Concurrent Mark 128.470ms
[493.513s][info][gc,marking  ] GC(865) Concurrent Rebuild Remembered Sets and Scrub Regions
[493.596s][info][gc,marking  ] GC(865) Concurrent Rebuild Remembered Sets and Scrub Regions 83.591ms
[493.596s][info][gc,start    ] GC(865) Pause Cleanup
[493.596s][info][gc          ] GC(865) Pause Cleanup 218M->218M(374M) 0.064ms
[493.596s][info][gc,cpu      ] GC(865) User=0.00s Sys=0.00s Real=0.00s
[493.596s][info][gc,marking  ] GC(865) Concurrent Clear Claimed Marks
[493.596s][info][gc,marking  ] GC(865) Concurrent Clear Claimed Marks 0.041ms
[493.596s][info][gc,marking  ] GC(865) Concurrent Cleanup for Next Mark
[493.598s][info][gc,marking  ] GC(865) Concurrent Cleanup for Next Mark 1.110ms
[493.598s][info][gc          ] GC(865) Concurrent Mark Cycle 317.016ms
[493.978s][info][gc,start    ] GC(866) Pause Young (Prepare Mixed) (G1 Evacuation Pause)
[493.978s][info][gc,task     ] GC(866) Using 2 workers of 2 for evacuation
[494.017s][info][gc,phases   ] GC(866)   Pre Evacuate Collection Set: 0.22ms
[494.017s][info][gc,phases   ] GC(866)   Merge Heap Roots: 0.36ms
[494.017s][info][gc,phases   ] GC(866)   Evacuate Collection Set: 38.21ms
[494.017s][info][gc,phases   ] GC(866)   Post Evacuate Collection Set: 0.47ms
[494.017s][info][gc,phases   ] GC(866)   Other: 0.10ms
[494.017s][info][gc,heap     ] GC(866) Eden regions: 146->0(147)
[494.017s][info][gc,heap     ] GC(866) Survivor regions: 26->8(22)
[494.017s][info][gc,heap     ] GC(866) Old regions: 133->159
[494.017s][info][gc,heap     ] GC(866) Humongous regions: 13->3
[494.017s][info][gc,metaspace] GC(866) Metaspace: 43050K(43520K)->43050K(43520K) NonClass: 38710K(38976K)->38710K(38976K) Class: 4340K(4544K)->4340K(4544K)
[494.017s][info][gc          ] GC(866) Pause Young (Prepare Mixed) (G1 Evacuation Pause) 318M->169M(374M) 39.554ms
[494.017s][info][gc,cpu      ] GC(866) User=0.07s Sys=0.00s Real=0.04s
[494.494s][info][gc,start    ] GC(867) Pause Young (Mixed) (G1 Evacuation Pause)
[494.494s][info][gc,task     ] GC(867) Using 2 workers of 2 for evacuation
[494.534s][info][gc,phases   ] GC(867)   Pre Evacuate Collection Set: 0.34ms
[494.534s][info][gc,phases   ] GC(867)   Merge Heap Roots: 0.41ms
[494.534s][info][gc,phases   ] GC(867)   Evacuate Collection Set: 38.92ms
[494.534s][info][gc,phases   ] GC(867)   Post Evacuate Collection Set: 0.58ms
[494.534s][info][gc,phases   ] GC(867)   Other: 0.09ms
[494.534s][info][gc,heap     ] GC(867) Eden regions: 147->0(116)
[494.534s][info][gc,heap     ] GC(867) Survivor regions: 8->20(20)
[494.534s][info][gc,heap     ] GC(867) Old regions: 159->167
[494.534s][info][gc,heap     ] GC(867) Humongous regions: 6->4
[494.534s][info][gc,metaspace] GC(867) Metaspace: 43050K(43520K)->43050K(43520K) NonClass: 38710K(38976K)->38710K(38976K) Class: 4340K(4544K)->4340K(4544K)
[494.535s][info][gc          ] GC(867) Pause Young (Mixed) (G1 Evacuation Pause) 319M->191M(374M) 40.576ms
[494.535s][info][gc,cpu      ] GC(867) User=0.08s Sys=0.00s Real=0.04s
[494.718s][info][gc,start    ] GC(868) Pause Young (Concurrent Start) (G1 Humongous Allocation)
[494.718s][info][gc,task     ] GC(868) Using 2 workers of 2 for evacuation
[494.750s][info][gc,phases   ] GC(868)   Pre Evacuate Collection Set: 0.26ms
[494.750s][info][gc,phases   ] GC(868)   Merge Heap Roots: 0.15ms
[494.750s][info][gc,phases   ] GC(868)   Evacuate Collection Set: 31.45ms
[494.750s][info][gc,phases   ] GC(868)   Post Evacuate Collection Set: 0.40ms
[494.750s][info][gc,phases   ] GC(868)   Other: 0.12ms
[494.750s][info][gc,heap     ] GC(868) Eden regions: 49->0(84)
[494.750s][info][gc,heap     ] GC(868) Survivor regions: 20->17(17)
[494.750s][info][gc,heap     ] GC(868) Old regions: 167->195
[494.750s][info][gc,heap     ] GC(868) Humongous regions: 4->4
[494.750s][info][gc,metaspace] GC(868) Metaspace: 43050K(43520K)->43050K(43520K) NonClass: 38710K(38976K)->38710K(38976K) Class: 4340K(4544K)->4340K(4544K)
[494.750s][info][gc          ] GC(868) Pause Young (Concurrent Start) (G1 Humongous Allocation) 239M->216M(374M) 32.589ms
[494.751s][info][gc,cpu      ] GC(868) User=0.07s Sys=0.00s Real=0.03s
[494.751s][info][gc          ] GC(869) Concurrent Mark Cycle
[494.751s][info][gc,marking  ] GC(869) Concurrent Scan Root Regions
[494.770s][info][gc,marking  ] GC(869) Concurrent Scan Root Regions 19.079ms
[494.770s][info][gc,marking  ] GC(869) Concurrent Mark
[494.770s][info][gc,marking  ] GC(869) Concurrent Mark From Roots
[494.770s][info][gc,task     ] GC(869) Using 1 workers of 1 for marking
[494.854s][info][gc,marking  ] GC(869) Concurrent Mark From Roots 83.808ms
[494.854s][info][gc,marking  ] GC(869) Concurrent Preclean
[494.854s][info][gc,marking  ] GC(869) Concurrent Preclean 0.041ms
[494.854s][info][gc,start    ] GC(869) Pause Remark
[494.872s][info][gc          ] GC(869) Pause Remark 242M->207M(374M) 18.581ms
[494.872s][info][gc,cpu      ] GC(869) User=0.03s Sys=0.00s Real=0.02s
[494.873s][info][gc,marking  ] GC(869) Concurrent Mark 102.794ms
[494.873s][info][gc,marking  ] GC(869) Concurrent Rebuild Remembered Sets and Scrub Regions
[494.928s][info][gc,marking  ] GC(869) Concurrent Rebuild Remembered Sets and Scrub Regions 55.802ms
[494.929s][info][gc,start    ] GC(869) Pause Cleanup
[494.929s][info][gc          ] GC(869) Pause Cleanup 221M->221M(374M) 0.090ms
[494.929s][info][gc,cpu      ] GC(869) User=0.00s Sys=0.00s Real=0.00s
[494.929s][info][gc,marking  ] GC(869) Concurrent Clear Claimed Marks
[494.929s][info][gc,marking  ] GC(869) Concurrent Clear Claimed Marks 0.041ms
[494.929s][info][gc,marking  ] GC(869) Concurrent Cleanup for Next Mark
[494.930s][info][gc,marking  ] GC(869) Concurrent Cleanup for Next Mark 1.117ms
[494.930s][info][gc          ] GC(869) Concurrent Mark Cycle 179.257ms
[495.083s][info][gc,start    ] GC(870) Pause Young (Prepare Mixed) (G1 Evacuation Pause)
[495.083s][info][gc,task     ] GC(870) Using 2 workers of 2 for evacuation
[495.099s][info][gc,phases   ] GC(870)   Pre Evacuate Collection Set: 0.21ms
[495.099s][info][gc,phases   ] GC(870)   Merge Heap Roots: 0.12ms
[495.099s][info][gc,phases   ] GC(870)   Evacuate Collection Set: 14.71ms
[495.099s][info][gc,phases   ] GC(870)   Post Evacuate Collection Set: 0.38ms
[495.099s][info][gc,phases   ] GC(870)   Other: 0.07ms
[495.099s][info][gc,heap     ] GC(870) Eden regions: 84->0(105)
[495.099s][info][gc,heap     ] GC(870) Survivor regions: 17->9(13)
[495.099s][info][gc,heap     ] GC(870) Old regions: 160->173
[495.099s][info][gc,heap     ] GC(870) Humongous regions: 5->5
[495.099s][info][gc,metaspace] GC(870) Metaspace: 43050K(43520K)->43050K(43520K) NonClass: 38710K(38976K)->38710K(38976K) Class: 4340K(4544K)->4340K(4544K)
[495.099s][info][gc          ] GC(870) Pause Young (Prepare Mixed) (G1 Evacuation Pause) 266M->187M(374M) 15.782ms
[495.099s][info][gc,cpu      ] GC(870) User=0.03s Sys=0.00s Real=0.01s
[495.490s][info][gc,start    ] GC(871) Pause Young (Mixed) (G1 Evacuation Pause)
[495.490s][info][gc,task     ] GC(871) Using 2 workers of 2 for evacuation
[495.515s][info][gc,phases   ] GC(871)   Pre Evacuate Collection Set: 0.29ms
[495.515s][info][gc,phases   ] GC(871)   Merge Heap Roots: 0.17ms
[495.515s][info][gc,phases   ] GC(871)   Evacuate Collection Set: 24.07ms
[495.515s][info][gc,phases   ] GC(871)   Post Evacuate Collection Set: 0.74ms
[495.515s][info][gc,phases   ] GC(871)   Other: 0.09ms
[495.515s][info][gc,heap     ] GC(871) Eden regions: 105->0(128)
[495.515s][info][gc,heap     ] GC(871) Survivor regions: 9->15(15)
[495.515s][info][gc,heap     ] GC(871) Old regions: 173->155
[495.515s][info][gc,heap     ] GC(871) Humongous regions: 6->6
[495.515s][info][gc,metaspace] GC(871) Metaspace: 43050K(43520K)->43050K(43520K) NonClass: 38710K(38976K)->38710K(38976K) Class: 4340K(4544K)->4340K(4544K)
[495.515s][info][gc          ] GC(871) Pause Young (Mixed) (G1 Evacuation Pause) 293M->175M(409M) 25.607ms
[495.515s][info][gc,cpu      ] GC(871) User=0.05s Sys=0.00s Real=0.03s
[496.011s][info][gc,start    ] GC(872) Pause Young (Mixed) (G1 Evacuation Pause)
[496.011s][info][gc,task     ] GC(872) Using 2 workers of 2 for evacuation
[496.068s][info][gc,phases   ] GC(872)   Pre Evacuate Collection Set: 0.33ms
[496.068s][info][gc,phases   ] GC(872)   Merge Heap Roots: 0.50ms
[496.068s][info][gc,phases   ] GC(872)   Evacuate Collection Set: 55.27ms
[496.068s][info][gc,phases   ] GC(872)   Post Evacuate Collection Set: 0.59ms
[496.068s][info][gc,phases   ] GC(872)   Other: 0.08ms
[496.068s][info][gc,heap     ] GC(872) Eden regions: 128->0(115)
[496.068s][info][gc,heap     ] GC(872) Survivor regions: 15->18(18)
[496.068s][info][gc,heap     ] GC(872) Old regions: 155->169
[496.068s][info][gc,heap     ] GC(872) Humongous regions: 7->6
[496.068s][info][gc,metaspace] GC(872) Metaspace: 43051K(43520K)->43051K(43520K) NonClass: 38710K(38976K)->38710K(38976K) Class: 4340K(4544K)->4340K(4544K)
[496.068s][info][gc          ] GC(872) Pause Young (Mixed) (G1 Evacuation Pause) 304M->192M(409M) 56.984ms
[496.068s][info][gc,cpu      ] GC(872) User=0.12s Sys=0.00s Real=0.06s
[496.498s][info][gc,start    ] GC(873) Pause Young (Normal) (G1 Evacuation Pause)
[496.498s][info][gc,task     ] GC(873) Using 2 workers of 2 for evacuation
[496.552s][info][gc,phases   ] GC(873)   Pre Evacuate Collection Set: 0.30ms
[496.552s][info][gc,phases   ] GC(873)   Merge Heap Roots: 0.20ms
[496.552s][info][gc,phases   ] GC(873)   Evacuate Collection Set: 53.03ms
[496.552s][info][gc,phases   ] GC(873)   Post Evacuate Collection Set: 0.53ms
[496.552s][info][gc,phases   ] GC(873)   Other: 0.09ms
[496.552s][info][gc,heap     ] GC(873) Eden regions: 115->0(69)
[496.552s][info][gc,heap     ] GC(873) Survivor regions: 18->17(17)
[496.552s][info][gc,heap     ] GC(873) Old regions: 169->221
[496.552s][info][gc,heap     ] GC(873) Humongous regions: 6->6
[496.552s][info][gc,metaspace] GC(873) Metaspace: 43051K(43520K)->43051K(43520K) NonClass: 38710K(38976K)->38710K(38976K) Class: 4340K(4544K)->4340K(4544K)
[496.552s][info][gc          ] GC(873) Pause Young (Normal) (G1 Evacuation Pause) 307M->243M(409M) 54.372ms
[496.552s][info][gc,cpu      ] GC(873) User=0.10s Sys=0.00s Real=0.05s
[496.844s][info][gc,start    ] GC(874) Pause Young (Concurrent Start) (G1 Evacuation Pause)
[496.844s][info][gc,task     ] GC(874) Using 2 workers of 2 for evacuation
[496.897s][info][gc,phases   ] GC(874)   Pre Evacuate Collection Set: 0.27ms
[496.898s][info][gc,phases   ] GC(874)   Merge Heap Roots: 0.38ms
[496.898s][info][gc,phases   ] GC(874)   Evacuate Collection Set: 51.87ms
[496.898s][info][gc,phases   ] GC(874)   Post Evacuate Collection Set: 0.47ms
[496.898s][info][gc,phases   ] GC(874)   Other: 0.12ms
[496.898s][info][gc,heap     ] GC(874) Eden regions: 69->0(50)
[496.898s][info][gc,heap     ] GC(874) Survivor regions: 17->11(11)
[496.898s][info][gc,heap     ] GC(874) Old regions: 221->265
[496.898s][info][gc,heap     ] GC(874) Humongous regions: 6->6
[496.898s][info][gc,metaspace] GC(874) Metaspace: 43051K(43520K)->43051K(43520K) NonClass: 38710K(38976K)->38710K(38976K) Class: 4340K(4544K)->4340K(4544K)
[496.898s][info][gc          ] GC(874) Pause Young (Concurrent Start) (G1 Evacuation Pause) 312M->281M(409M) 53.382ms
[496.898s][info][gc,cpu      ] GC(874) User=0.10s Sys=0.00s Real=0.05s
[496.898s][info][gc          ] GC(875) Concurrent Mark Cycle
[496.900s][info][gc,marking  ] GC(875) Concurrent Scan Root Regions
[496.945s][info][gc,marking  ] GC(875) Concurrent Scan Root Regions 44.581ms
[496.945s][info][gc,marking  ] GC(875) Concurrent Mark
[496.945s][info][gc,marking  ] GC(875) Concurrent Mark From Roots
[496.945s][info][gc,task     ] GC(875) Using 1 workers of 1 for marking
[497.060s][info][gc,marking  ] GC(875) Concurrent Mark From Roots 114.565ms
[497.060s][info][gc,marking  ] GC(875) Concurrent Preclean
[497.060s][info][gc,marking  ] GC(875) Concurrent Preclean 0.044ms
[497.060s][info][gc,start    ] GC(875) Pause Remark
[497.078s][info][gc          ] GC(875) Pause Remark 311M->260M(409M) 17.812ms
[497.078s][info][gc,cpu      ] GC(875) User=0.03s Sys=0.00s Real=0.02s
[497.078s][info][gc,marking  ] GC(875) Concurrent Mark 132.761ms
[497.078s][info][gc,marking  ] GC(875) Concurrent Rebuild Remembered Sets and Scrub Regions
[497.167s][info][gc,marking  ] GC(875) Concurrent Rebuild Remembered Sets and Scrub Regions 89.659ms
[497.168s][info][gc,start    ] GC(875) Pause Cleanup
[497.168s][info][gc          ] GC(875) Pause Cleanup 274M->274M(409M) 0.120ms
[497.168s][info][gc,cpu      ] GC(875) User=0.00s Sys=0.00s Real=0.00s
[497.168s][info][gc,marking  ] GC(875) Concurrent Clear Claimed Marks
[497.168s][info][gc,marking  ] GC(875) Concurrent Clear Claimed Marks 0.044ms
[497.168s][info][gc,marking  ] GC(875) Concurrent Cleanup for Next Mark
[497.169s][info][gc,marking  ] GC(875) Concurrent Cleanup for Next Mark 1.639ms
[497.169s][info][gc          ] GC(875) Concurrent Mark Cycle 271.802ms
[497.194s][info][gc,start    ] GC(876) Pause Young (Prepare Mixed) (G1 Evacuation Pause)
[497.194s][info][gc,task     ] GC(876) Using 2 workers of 2 for evacuation
[497.226s][info][gc,phases   ] GC(876)   Pre Evacuate Collection Set: 0.24ms
[497.226s][info][gc,phases   ] GC(876)   Merge Heap Roots: 0.33ms
[497.226s][info][gc,phases   ] GC(876)   Evacuate Collection Set: 30.71ms
[497.226s][info][gc,phases   ] GC(876)   Post Evacuate Collection Set: 0.47ms
[497.226s][info][gc,phases   ] GC(876)   Other: 0.10ms
[497.226s][info][gc,heap     ] GC(876) Eden regions: 50->0(63)
[497.226s][info][gc,heap     ] GC(876) Survivor regions: 11->8(8)
[497.226s][info][gc,heap     ] GC(876) Old regions: 217->246
[497.226s][info][gc,heap     ] GC(876) Humongous regions: 4->4
[497.226s][info][gc,metaspace] GC(876) Metaspace: 43051K(43520K)->43051K(43520K) NonClass: 38710K(38976K)->38710K(38976K) Class: 4340K(4544K)->4340K(4544K)
[497.226s][info][gc          ] GC(876) Pause Young (Prepare Mixed) (G1 Evacuation Pause) 281M->258M(409M) 32.069ms
[497.226s][info][gc,cpu      ] GC(876) User=0.06s Sys=0.00s Real=0.03s
[497.467s][info][gc,start    ] GC(877) Pause Young (Mixed) (G1 Evacuation Pause)
[497.467s][info][gc,task     ] GC(877) Using 2 workers of 2 for evacuation
[497.503s][info][gc,phases   ] GC(877)   Pre Evacuate Collection Set: 0.25ms
[497.503s][info][gc,phases   ] GC(877)   Merge Heap Roots: 0.27ms
[497.503s][info][gc,phases   ] GC(877)   Evacuate Collection Set: 34.82ms
[497.503s][info][gc,phases   ] GC(877)   Post Evacuate Collection Set: 0.56ms
[497.503s][info][gc,phases   ] GC(877)   Other: 0.08ms
[497.503s][info][gc,heap     ] GC(877) Eden regions: 63->0(72)
[497.503s][info][gc,heap     ] GC(877) Survivor regions: 8->9(9)
[497.503s][info][gc,heap     ] GC(877) Old regions: 246->232
[497.503s][info][gc,heap     ] GC(877) Humongous regions: 4->4
[497.503s][info][gc,metaspace] GC(877) Metaspace: 43051K(43520K)->43051K(43520K) NonClass: 38710K(38976K)->38710K(38976K) Class: 4340K(4544K)->4340K(4544K)
[497.504s][info][gc          ] GC(877) Pause Young (Mixed) (G1 Evacuation Pause) 321M->245M(409M) 36.234ms
[497.504s][info][gc,cpu      ] GC(877) User=0.07s Sys=0.00s Real=0.04s
[497.765s][info][gc,start    ] GC(878) Pause Young (Mixed) (G1 Evacuation Pause)
[497.765s][info][gc,task     ] GC(878) Using 2 workers of 2 for evacuation
[497.807s][info][gc,phases   ] GC(878)   Pre Evacuate Collection Set: 0.30ms
[497.807s][info][gc,phases   ] GC(878)   Merge Heap Roots: 0.45ms
[497.807s][info][gc,phases   ] GC(878)   Evacuate Collection Set: 40.12ms
[497.807s][info][gc,phases   ] GC(878)   Post Evacuate Collection Set: 1.60ms
[497.807s][info][gc,phases   ] GC(878)   Other: 0.09ms
[497.808s][info][gc,heap     ] GC(878) Eden regions: 72->0(150)
[497.808s][info][gc,heap     ] GC(878) Survivor regions: 9->11(11)
[497.808s][info][gc,heap     ] GC(878) Old regions: 232->223
[497.808s][info][gc,heap     ] GC(878) Humongous regions: 4->4
[497.808s][info][gc,metaspace] GC(878) Metaspace: 43051K(43520K)->43051K(43520K) NonClass: 38710K(38976K)->38710K(38976K) Class: 4340K(4544K)->4340K(4544K)
[497.808s][info][gc          ] GC(878) Pause Young (Mixed) (G1 Evacuation Pause) 317M->237M(556M) 42.791ms
[497.808s][info][gc,cpu      ] GC(878) User=0.08s Sys=0.00s Real=0.04s
[498.554s][info][gc,start    ] GC(879) Pause Young (Mixed) (G1 Evacuation Pause)
[498.554s][info][gc,task     ] GC(879) Using 2 workers of 2 for evacuation
[498.626s][info][gc,phases   ] GC(879)   Pre Evacuate Collection Set: 0.29ms
[498.626s][info][gc,phases   ] GC(879)   Merge Heap Roots: 0.81ms
[498.626s][info][gc,phases   ] GC(879)   Evacuate Collection Set: 70.27ms
[498.626s][info][gc,phases   ] GC(879)   Post Evacuate Collection Set: 0.62ms
[498.626s][info][gc,phases   ] GC(879)   Other: 0.08ms
[498.626s][info][gc,heap     ] GC(879) Eden regions: 150->0(118)
[498.626s][info][gc,heap     ] GC(879) Survivor regions: 11->21(21)
[498.626s][info][gc,heap     ] GC(879) Old regions: 223->267
[498.626s][info][gc,heap     ] GC(879) Humongous regions: 5->5
[498.626s][info][gc,metaspace] GC(879) Metaspace: 43051K(43520K)->43051K(43520K) NonClass: 38710K(38976K)->38710K(38976K) Class: 4340K(4544K)->4340K(4544K)
[498.626s][info][gc          ] GC(879) Pause Young (Mixed) (G1 Evacuation Pause) 388M->292M(556M) 72.354ms
[498.626s][info][gc,cpu      ] GC(879) User=0.14s Sys=0.00s Real=0.07s
[499.112s][info][gc,start    ] GC(880) Pause Young (Normal) (G1 Evacuation Pause)
[499.112s][info][gc,task     ] GC(880) Using 2 workers of 2 for evacuation
[499.179s][info][gc,phases   ] GC(880)   Pre Evacuate Collection Set: 0.26ms
[499.179s][info][gc,phases   ] GC(880)   Merge Heap Roots: 0.28ms
[499.179s][info][gc,phases   ] GC(880)   Evacuate Collection Set: 66.37ms
[499.179s][info][gc,phases   ] GC(880)   Post Evacuate Collection Set: 0.52ms
[499.179s][info][gc,phases   ] GC(880)   Other: 0.08ms
[499.179s][info][gc,heap     ] GC(880) Eden regions: 118->0(85)
[499.179s][info][gc,heap     ] GC(880) Survivor regions: 21->18(18)
[499.179s][info][gc,heap     ] GC(880) Old regions: 267->335
[499.179s][info][gc,heap     ] GC(880) Humongous regions: 6->6
[499.179s][info][gc,metaspace] GC(880) Metaspace: 43051K(43520K)->43051K(43520K) NonClass: 38710K(38976K)->38710K(38976K) Class: 4340K(4544K)->4340K(4544K)
[499.179s][info][gc          ] GC(880) Pause Young (Normal) (G1 Evacuation Pause) 411M->359M(556M) 67.756ms
[499.179s][info][gc,cpu      ] GC(880) User=0.13s Sys=0.00s Real=0.07s
[499.471s][info][gc,start    ] GC(881) Pause Young (Concurrent Start) (G1 Humongous Allocation)
[499.471s][info][gc,task     ] GC(881) Using 2 workers of 2 for evacuation
[499.529s][info][gc,phases   ] GC(881)   Pre Evacuate Collection Set: 0.29ms
[499.529s][info][gc,phases   ] GC(881)   Merge Heap Roots: 0.31ms
[499.529s][info][gc,phases   ] GC(881)   Evacuate Collection Set: 56.58ms
[499.529s][info][gc,phases   ] GC(881)   Post Evacuate Collection Set: 0.46ms
[499.529s][info][gc,phases   ] GC(881)   Other: 0.20ms
[499.529s][info][gc,heap     ] GC(881) Eden regions: 76->0(58)
[499.529s][info][gc,heap     ] GC(881) Survivor regions: 18->13(13)
[499.529s][info][gc,heap     ] GC(881) Old regions: 335->395
[499.529s][info][gc,heap     ] GC(881) Humongous regions: 6->6
[499.529s][info][gc,metaspace] GC(881) Metaspace: 43051K(43520K)->43051K(43520K) NonClass: 38710K(38976K)->38710K(38976K) Class: 4340K(4544K)->4340K(4544K)
[499.529s][info][gc          ] GC(881) Pause Young (Concurrent Start) (G1 Humongous Allocation) 434M->413M(556M) 58.077ms
[499.529s][info][gc,cpu      ] GC(881) User=0.12s Sys=0.00s Real=0.06s
[499.529s][info][gc          ] GC(882) Concurrent Mark Cycle
[499.529s][info][gc,marking  ] GC(882) Concurrent Scan Root Regions
[499.558s][info][gc,marking  ] GC(882) Concurrent Scan Root Regions 28.667ms
[499.558s][info][gc,marking  ] GC(882) Concurrent Mark
[499.558s][info][gc,marking  ] GC(882) Concurrent Mark From Roots
[499.558s][info][gc,task     ] GC(882) Using 1 workers of 1 for marking
[499.679s][info][gc,marking  ] GC(882) Concurrent Mark From Roots 120.815ms
[499.679s][info][gc,marking  ] GC(882) Concurrent Preclean
[499.679s][info][gc,marking  ] GC(882) Concurrent Preclean 0.048ms
[499.679s][info][gc,start    ] GC(882) Pause Remark
[499.696s][info][gc          ] GC(882) Pause Remark 444M->318M(556M) 17.163ms
[499.696s][info][gc,cpu      ] GC(882) User=0.03s Sys=0.00s Real=0.02s
[499.698s][info][gc,marking  ] GC(882) Concurrent Mark 140.310ms
[499.698s][info][gc,marking  ] GC(882) Concurrent Rebuild Remembered Sets and Scrub Regions
[499.793s][info][gc,marking  ] GC(882) Concurrent Rebuild Remembered Sets and Scrub Regions 94.532ms
[499.793s][info][gc,start    ] GC(882) Pause Cleanup
[499.793s][info][gc          ] GC(882) Pause Cleanup 336M->336M(556M) 0.148ms
[499.793s][info][gc,cpu      ] GC(882) User=0.00s Sys=0.00s Real=0.00s
[499.793s][info][gc,marking  ] GC(882) Concurrent Clear Claimed Marks
[499.793s][info][gc,marking  ] GC(882) Concurrent Clear Claimed Marks 0.076ms
[499.793s][info][gc,marking  ] GC(882) Concurrent Cleanup for Next Mark
[499.797s][info][gc,marking  ] GC(882) Concurrent Cleanup for Next Mark 3.507ms
[499.797s][info][gc          ] GC(882) Concurrent Mark Cycle 267.736ms
[499.833s][info][gc,start    ] GC(883) Pause Young (Prepare Mixed) (G1 Evacuation Pause)
[499.833s][info][gc,task     ] GC(883) Using 2 workers of 2 for evacuation
[499.874s][info][gc,phases   ] GC(883)   Pre Evacuate Collection Set: 0.26ms
[499.874s][info][gc,phases   ] GC(883)   Merge Heap Roots: 0.46ms
[499.874s][info][gc,phases   ] GC(883)   Evacuate Collection Set: 39.51ms
[499.874s][info][gc,phases   ] GC(883)   Post Evacuate Collection Set: 0.48ms
[499.874s][info][gc,phases   ] GC(883)   Other: 0.13ms
[499.874s][info][gc,heap     ] GC(883) Eden regions: 58->0(97)
[499.874s][info][gc,heap     ] GC(883) Survivor regions: 13->9(9)
[499.874s][info][gc,heap     ] GC(883) Old regions: 271->303
[499.874s][info][gc,heap     ] GC(883) Humongous regions: 5->5
[499.874s][info][gc,metaspace] GC(883) Metaspace: 43051K(43520K)->43051K(43520K) NonClass: 38710K(38976K)->38710K(38976K) Class: 4340K(4544K)->4340K(4544K)
[499.874s][info][gc          ] GC(883) Pause Young (Prepare Mixed) (G1 Evacuation Pause) 346M->317M(556M) 41.065ms
[499.874s][info][gc,cpu      ] GC(883) User=0.08s Sys=0.00s Real=0.04s
[500.242s][info][gc,start    ] GC(884) Pause Young (Mixed) (G1 Evacuation Pause)
[500.242s][info][gc,task     ] GC(884) Using 2 workers of 2 for evacuation
[500.277s][info][gc,phases   ] GC(884)   Pre Evacuate Collection Set: 0.27ms
[500.277s][info][gc,phases   ] GC(884)   Merge Heap Roots: 0.28ms
[500.277s][info][gc,phases   ] GC(884)   Evacuate Collection Set: 32.86ms
[500.277s][info][gc,phases   ] GC(884)   Post Evacuate Collection Set: 1.28ms
[500.277s][info][gc,phases   ] GC(884)   Other: 0.15ms
[500.277s][info][gc,heap     ] GC(884) Eden regions: 97->0(152)
[500.277s][info][gc,heap     ] GC(884) Survivor regions: 9->14(14)
[500.277s][info][gc,heap     ] GC(884) Old regions: 303->273
[500.277s][info][gc,heap     ] GC(884) Humongous regions: 6->5
[500.277s][info][gc,metaspace] GC(884) Metaspace: 43051K(43520K)->43051K(43520K) NonClass: 38710K(38976K)->38710K(38976K) Class: 4340K(4544K)->4340K(4544K)
[500.277s][info][gc          ] GC(884) Pause Young (Mixed) (G1 Evacuation Pause) 415M->291M(652M) 35.094ms
[500.277s][info][gc,cpu      ] GC(884) User=0.07s Sys=0.00s Real=0.03s
[500.949s][info][gc,start    ] GC(885) Pause Young (Mixed) (G1 Evacuation Pause)
[500.949s][info][gc,task     ] GC(885) Using 2 workers of 2 for evacuation
[500.975s][info][gc,phases   ] GC(885)   Pre Evacuate Collection Set: 0.29ms
[500.975s][info][gc,phases   ] GC(885)   Merge Heap Roots: 0.48ms
[500.975s][info][gc,phases   ] GC(885)   Evacuate Collection Set: 25.06ms
[500.975s][info][gc,phases   ] GC(885)   Post Evacuate Collection Set: 0.54ms
[500.975s][info][gc,phases   ] GC(885)   Other: 0.08ms
[500.975s][info][gc,heap     ] GC(885) Eden regions: 152->0(183)
[500.975s][info][gc,heap     ] GC(885) Survivor regions: 14->11(21)
[500.975s][info][gc,heap     ] GC(885) Old regions: 273->236
[500.975s][info][gc,heap     ] GC(885) Humongous regions: 5->5
[500.975s][info][gc,metaspace] GC(885) Metaspace: 43051K(43520K)->43051K(43520K) NonClass: 38710K(38976K)->38710K(38976K) Class: 4340K(4544K)->4340K(4544K)
[500.975s][info][gc          ] GC(885) Pause Young (Mixed) (G1 Evacuation Pause) 443M->251M(652M) 26.693ms
[500.975s][info][gc,cpu      ] GC(885) User=0.06s Sys=0.00s Real=0.03s
[501.703s][info][gc,start    ] GC(886) Pause Young (Normal) (G1 Evacuation Pause)
[501.703s][info][gc,task     ] GC(886) Using 2 workers of 2 for evacuation
[501.725s][info][gc,phases   ] GC(886)   Pre Evacuate Collection Set: 0.34ms
[501.725s][info][gc,phases   ] GC(886)   Merge Heap Roots: 0.16ms
[501.725s][info][gc,phases   ] GC(886)   Evacuate Collection Set: 20.72ms
[501.725s][info][gc,phases   ] GC(886)   Post Evacuate Collection Set: 0.65ms
[501.725s][info][gc,phases   ] GC(886)   Other: 0.11ms
[501.725s][info][gc,heap     ] GC(886) Eden regions: 183->0(194)
[501.725s][info][gc,heap     ] GC(886) Survivor regions: 11->22(25)
[501.725s][info][gc,heap     ] GC(886) Old regions: 236->236
[501.725s][info][gc,heap     ] GC(886) Humongous regions: 6->5
[501.725s][info][gc,metaspace] GC(886) Metaspace: 43051K(43520K)->43051K(43520K) NonClass: 38710K(38976K)->38710K(38976K) Class: 4340K(4544K)->4340K(4544K)
[501.725s][info][gc          ] GC(886) Pause Young (Normal) (G1 Evacuation Pause) 435M->263M(652M) 22.313ms
[501.725s][info][gc,cpu      ] GC(886) User=0.04s Sys=0.00s Real=0.02s
[502.442s][info][gc,start    ] GC(887) Pause Young (Normal) (G1 Evacuation Pause)
[502.442s][info][gc,task     ] GC(887) Using 2 workers of 2 for evacuation
[502.459s][info][gc,phases   ] GC(887)   Pre Evacuate Collection Set: 0.27ms
[502.459s][info][gc,phases   ] GC(887)   Merge Heap Roots: 0.13ms
[502.459s][info][gc,phases   ] GC(887)   Evacuate Collection Set: 16.33ms
[502.459s][info][gc,phases   ] GC(887)   Post Evacuate Collection Set: 0.55ms
[502.459s][info][gc,phases   ] GC(887)   Other: 0.08ms
[502.459s][info][gc,heap     ] GC(887) Eden regions: 194->0(208)
[502.459s][info][gc,heap     ] GC(887) Survivor regions: 22->18(27)
[502.459s][info][gc,heap     ] GC(887) Old regions: 236->244
[502.459s][info][gc,heap     ] GC(887) Humongous regions: 7->5
[502.459s][info][gc,metaspace] GC(887) Metaspace: 43051K(43520K)->43051K(43520K) NonClass: 38710K(38976K)->38710K(38976K) Class: 4340K(4544K)->4340K(4544K)
[502.459s][info][gc          ] GC(887) Pause Young (Normal) (G1 Evacuation Pause) 459M->266M(652M) 17.609ms
[502.459s][info][gc,cpu      ] GC(887) User=0.04s Sys=0.00s Real=0.02s
[503.223s][info][gc,start    ] GC(888) Pause Young (Normal) (G1 Evacuation Pause)
[503.223s][info][gc,task     ] GC(888) Using 2 workers of 2 for evacuation
[503.238s][info][gc,phases   ] GC(888)   Pre Evacuate Collection Set: 0.31ms
[503.238s][info][gc,phases   ] GC(888)   Merge Heap Roots: 0.09ms
[503.238s][info][gc,phases   ] GC(888)   Evacuate Collection Set: 13.84ms
[503.238s][info][gc,phases   ] GC(888)   Post Evacuate Collection Set: 0.55ms
[503.238s][info][gc,phases   ] GC(888)   Other: 0.10ms
[503.238s][info][gc,heap     ] GC(888) Eden regions: 208->0(224)
[503.238s][info][gc,heap     ] GC(888) Survivor regions: 18->18(29)
[503.238s][info][gc,heap     ] GC(888) Old regions: 244->245
[503.238s][info][gc,heap     ] GC(888) Humongous regions: 8->6
[503.238s][info][gc,metaspace] GC(888) Metaspace: 43051K(43520K)->43051K(43520K) NonClass: 38710K(38976K)->38710K(38976K) Class: 4340K(4544K)->4340K(4544K)
[503.238s][info][gc          ] GC(888) Pause Young (Normal) (G1 Evacuation Pause) 477M->268M(652M) 15.206ms
[503.238s][info][gc,cpu      ] GC(888) User=0.02s Sys=0.00s Real=0.01s
[504.069s][info][gc,start    ] GC(889) Pause Young (Normal) (G1 Evacuation Pause)
[504.069s][info][gc,task     ] GC(889) Using 2 workers of 2 for evacuation
[504.078s][info][gc,phases   ] GC(889)   Pre Evacuate Collection Set: 0.40ms
[504.078s][info][gc,phases   ] GC(889)   Merge Heap Roots: 0.10ms
[504.078s][info][gc,phases   ] GC(889)   Evacuate Collection Set: 7.41ms
[504.078s][info][gc,phases   ] GC(889)   Post Evacuate Collection Set: 0.58ms
[504.078s][info][gc,phases   ] GC(889)   Other: 0.10ms
[504.078s][info][gc,heap     ] GC(889) Eden regions: 224->0(251)
[504.078s][info][gc,heap     ] GC(889) Survivor regions: 18->7(31)
[504.078s][info][gc,heap     ] GC(889) Old regions: 245->246
[504.078s][info][gc,heap     ] GC(889) Humongous regions: 8->5
[504.078s][info][gc,metaspace] GC(889) Metaspace: 43051K(43520K)->43051K(43520K) NonClass: 38710K(38976K)->38710K(38976K) Class: 4340K(4544K)->4340K(4544K)
[504.078s][info][gc          ] GC(889) Pause Young (Normal) (G1 Evacuation Pause) 494M->257M(652M) 8.858ms
[504.078s][info][gc,cpu      ] GC(889) User=0.02s Sys=0.00s Real=0.01s
[504.237s][info][gc,start    ] GC(890) Pause Young (Concurrent Start) (G1 Humongous Allocation)
[504.237s][info][gc,task     ] GC(890) Using 2 workers of 2 for evacuation
[504.252s][info][gc,phases   ] GC(890)   Pre Evacuate Collection Set: 0.30ms
[504.253s][info][gc,phases   ] GC(890)   Merge Heap Roots: 0.06ms
[504.253s][info][gc,phases   ] GC(890)   Evacuate Collection Set: 14.20ms
[504.253s][info][gc,phases   ] GC(890)   Post Evacuate Collection Set: 0.46ms
[504.253s][info][gc,phases   ] GC(890)   Other: 0.11ms
[504.253s][info][gc,heap     ] GC(890) Eden regions: 44->0(257)
[504.253s][info][gc,heap     ] GC(890) Survivor regions: 7->19(33)
[504.253s][info][gc,heap     ] GC(890) Old regions: 246->246
[504.253s][info][gc,heap     ] GC(890) Humongous regions: 5->3
[504.253s][info][gc,metaspace] GC(890) Metaspace: 43051K(43520K)->43051K(43520K) NonClass: 38710K(38976K)->38710K(38976K) Class: 4340K(4544K)->4340K(4544K)
[504.253s][info][gc          ] GC(890) Pause Young (Concurrent Start) (G1 Humongous Allocation) 301M->267M(652M) 15.460ms
[504.253s][info][gc,cpu      ] GC(890) User=0.03s Sys=0.00s Real=0.02s
[504.253s][info][gc          ] GC(891) Concurrent Mark Cycle
[504.253s][info][gc,marking  ] GC(891) Concurrent Scan Root Regions
[504.265s][info][gc,marking  ] GC(891) Concurrent Scan Root Regions 12.003ms
[504.265s][info][gc,marking  ] GC(891) Concurrent Mark
[504.265s][info][gc,marking  ] GC(891) Concurrent Mark From Roots
[504.265s][info][gc,task     ] GC(891) Using 1 workers of 1 for marking
[504.350s][info][gc,marking  ] GC(891) Concurrent Mark From Roots 84.795ms
[504.350s][info][gc,marking  ] GC(891) Concurrent Preclean
[504.350s][info][gc,marking  ] GC(891) Concurrent Preclean 0.046ms
[504.350s][info][gc,start    ] GC(891) Pause Remark
[504.368s][info][gc          ] GC(891) Pause Remark 297M->130M(344M) 17.951ms
[504.368s][info][gc,cpu      ] GC(891) User=0.03s Sys=0.00s Real=0.02s
[504.368s][info][gc,marking  ] GC(891) Concurrent Mark 103.148ms
[504.368s][info][gc,marking  ] GC(891) Concurrent Rebuild Remembered Sets and Scrub Regions
[504.398s][info][gc,marking  ] GC(891) Concurrent Rebuild Remembered Sets and Scrub Regions 30.152ms
[504.398s][info][gc,start    ] GC(891) Pause Cleanup
[504.398s][info][gc          ] GC(891) Pause Cleanup 138M->138M(344M) 0.064ms
[504.398s][info][gc,cpu      ] GC(891) User=0.00s Sys=0.00s Real=0.00s
[504.399s][info][gc,marking  ] GC(891) Concurrent Clear Claimed Marks
[504.399s][info][gc,marking  ] GC(891) Concurrent Clear Claimed Marks 0.044ms
[504.399s][info][gc,marking  ] GC(891) Concurrent Cleanup for Next Mark
[504.400s][info][gc,marking  ] GC(891) Concurrent Cleanup for Next Mark 1.462ms
[504.400s][info][gc          ] GC(891) Concurrent Mark Cycle 147.263ms
[504.885s][info][gc,start    ] GC(892) Pause Young (Prepare Mixed) (G1 Evacuation Pause)
[504.885s][info][gc,task     ] GC(892) Using 2 workers of 2 for evacuation
[504.897s][info][gc,phases   ] GC(892)   Pre Evacuate Collection Set: 0.20ms
[504.897s][info][gc,phases   ] GC(892)   Merge Heap Roots: 0.08ms
[504.897s][info][gc,phases   ] GC(892)   Evacuate Collection Set: 11.65ms
[504.897s][info][gc,phases   ] GC(892)   Post Evacuate Collection Set: 0.54ms
[504.897s][info][gc,phases   ] GC(892)   Other: 0.08ms
[504.897s][info][gc,heap     ] GC(892) Eden regions: 187->0(168)
[504.897s][info][gc,heap     ] GC(892) Survivor regions: 19->2(26)
[504.898s][info][gc,heap     ] GC(892) Old regions: 81->100
[504.898s][info][gc,heap     ] GC(892) Humongous regions: 3->3
[504.898s][info][gc,metaspace] GC(892) Metaspace: 43051K(43520K)->43051K(43520K) NonClass: 38710K(38976K)->38710K(38976K) Class: 4340K(4544K)->4340K(4544K)
[504.898s][info][gc          ] GC(892) Pause Young (Prepare Mixed) (G1 Evacuation Pause) 289M->103M(344M) 12.782ms
[504.898s][info][gc,cpu      ] GC(892) User=0.03s Sys=0.00s Real=0.01s
[505.459s][info][gc,start    ] GC(893) Pause Young (Mixed) (G1 Evacuation Pause)
[505.459s][info][gc,task     ] GC(893) Using 2 workers of 2 for evacuation
[505.461s][info][gc,phases   ] GC(893)   Pre Evacuate Collection Set: 0.21ms
[505.461s][info][gc,phases   ] GC(893)   Merge Heap Roots: 0.08ms
[505.461s][info][gc,phases   ] GC(893)   Evacuate Collection Set: 1.97ms
[505.461s][info][gc,phases   ] GC(893)   Post Evacuate Collection Set: 0.45ms
[505.461s][info][gc,phases   ] GC(893)   Other: 0.08ms
[505.461s][info][gc,heap     ] GC(893) Eden regions: 168->0(184)
[505.461s][info][gc,heap     ] GC(893) Survivor regions: 2->2(22)
[505.461s][info][gc,heap     ] GC(893) Old regions: 100->93
[505.461s][info][gc,heap     ] GC(893) Humongous regions: 4->3
[505.461s][info][gc,metaspace] GC(893) Metaspace: 43051K(43520K)->43051K(43520K) NonClass: 38710K(38976K)->38710K(38976K) Class: 4340K(4544K)->4340K(4544K)
[505.462s][info][gc          ] GC(893) Pause Young (Mixed) (G1 Evacuation Pause) 272M->96M(344M) 2.973ms
[505.462s][info][gc,cpu      ] GC(893) User=0.00s Sys=0.00s Real=0.00s
[505.983s][info][gc,start    ] GC(894) Pause Young (Concurrent Start) (G1 Evacuation Pause)
[505.983s][info][gc,task     ] GC(894) Using 2 workers of 2 for evacuation
[505.988s][info][gc,phases   ] GC(894)   Pre Evacuate Collection Set: 0.21ms
[505.988s][info][gc,phases   ] GC(894)   Merge Heap Roots: 0.11ms
[505.988s][info][gc,phases   ] GC(894)   Evacuate Collection Set: 4.24ms
[505.988s][info][gc,phases   ] GC(894)   Post Evacuate Collection Set: 0.46ms
[505.988s][info][gc,phases   ] GC(894)   Other: 0.10ms
[505.988s][info][gc,heap     ] GC(894) Eden regions: 184->0(190)
[505.988s][info][gc,heap     ] GC(894) Survivor regions: 2->5(24)
[505.988s][info][gc,heap     ] GC(894) Old regions: 93->93
[505.988s][info][gc,heap     ] GC(894) Humongous regions: 3->1
[505.988s][info][gc,metaspace] GC(894) Metaspace: 43051K(43520K)->43051K(43520K) NonClass: 38710K(38976K)->38710K(38976K) Class: 4340K(4544K)->4340K(4544K)
[505.988s][info][gc          ] GC(894) Pause Young (Concurrent Start) (G1 Evacuation Pause) 280M->97M(344M) 5.320ms
[505.988s][info][gc          ] GC(895) Concurrent Mark Cycle
[505.988s][info][gc,marking  ] GC(895) Concurrent Scan Root Regions
[505.990s][info][gc,cpu      ] GC(894) User=0.01s Sys=0.00s Real=0.00s
[505.991s][info][gc,marking  ] GC(895) Concurrent Scan Root Regions 2.728ms
[505.991s][info][gc,marking  ] GC(895) Concurrent Mark
[505.991s][info][gc,marking  ] GC(895) Concurrent Mark From Roots
[505.991s][info][gc,task     ] GC(895) Using 1 workers of 1 for marking
[506.065s][info][gc,marking  ] GC(895) Concurrent Mark From Roots 74.320ms
[506.065s][info][gc,marking  ] GC(895) Concurrent Preclean
[506.065s][info][gc,marking  ] GC(895) Concurrent Preclean 0.044ms
[506.066s][info][gc,start    ] GC(895) Pause Remark
[506.083s][info][gc          ] GC(895) Pause Remark 137M->127M(294M) 17.671ms
[506.083s][info][gc,cpu      ] GC(895) User=0.03s Sys=0.00s Real=0.02s
[506.083s][info][gc,marking  ] GC(895) Concurrent Mark 92.358ms
[506.083s][info][gc,marking  ] GC(895) Concurrent Rebuild Remembered Sets and Scrub Regions
[506.116s][info][gc,marking  ] GC(895) Concurrent Rebuild Remembered Sets and Scrub Regions 32.187ms
[506.116s][info][gc,start    ] GC(895) Pause Cleanup
[506.116s][info][gc          ] GC(895) Pause Cleanup 143M->143M(294M) 0.068ms
[506.116s][info][gc,cpu      ] GC(895) User=0.00s Sys=0.00s Real=0.00s
[506.116s][info][gc,marking  ] GC(895) Concurrent Clear Claimed Marks
[506.116s][info][gc,marking  ] GC(895) Concurrent Clear Claimed Marks 0.044ms
[506.116s][info][gc,marking  ] GC(895) Concurrent Cleanup for Next Mark
[506.117s][info][gc,marking  ] GC(895) Concurrent Cleanup for Next Mark 0.900ms
[506.117s][info][gc          ] GC(895) Concurrent Mark Cycle 128.625ms
[506.328s][info][gc,start    ] GC(896) Pause Young (Prepare Mixed) (G1 Evacuation Pause)
[506.328s][info][gc,task     ] GC(896) Using 2 workers of 2 for evacuation
[506.333s][info][gc,phases   ] GC(896)   Pre Evacuate Collection Set: 0.20ms
[506.333s][info][gc,phases   ] GC(896)   Merge Heap Roots: 0.08ms
[506.333s][info][gc,phases   ] GC(896)   Evacuate Collection Set: 3.70ms
[506.333s][info][gc,phases   ] GC(896)   Post Evacuate Collection Set: 0.46ms
[506.333s][info][gc,phases   ] GC(896)   Other: 0.08ms
[506.333s][info][gc,heap     ] GC(896) Eden regions: 171->0(166)
[506.333s][info][gc,heap     ] GC(896) Survivor regions: 5->5(22)
[506.333s][info][gc,heap     ] GC(896) Old regions: 82->82
[506.333s][info][gc,heap     ] GC(896) Humongous regions: 1->1
[506.333s][info][gc,metaspace] GC(896) Metaspace: 43051K(43520K)->43051K(43520K) NonClass: 38710K(38976K)->38710K(38976K) Class: 4340K(4544K)->4340K(4544K)
[506.333s][info][gc          ] GC(896) Pause Young (Prepare Mixed) (G1 Evacuation Pause) 258M->86M(294M) 4.728ms
[506.333s][info][gc,cpu      ] GC(896) User=0.01s Sys=0.00s Real=0.01s
[506.669s][info][gc,start    ] GC(897) Pause Young (Mixed) (G1 Evacuation Pause)
[506.669s][info][gc,task     ] GC(897) Using 2 workers of 2 for evacuation
[506.678s][info][gc,phases   ] GC(897)   Pre Evacuate Collection Set: 0.23ms
[506.678s][info][gc,phases   ] GC(897)   Merge Heap Roots: 0.11ms
[506.678s][info][gc,phases   ] GC(897)   Evacuate Collection Set: 8.16ms
[506.678s][info][gc,phases   ] GC(897)   Post Evacuate Collection Set: 0.54ms
[506.678s][info][gc,phases   ] GC(897)   Other: 0.08ms
[506.678s][info][gc,heap     ] GC(897) Eden regions: 166->0(169)
[506.678s][info][gc,heap     ] GC(897) Survivor regions: 5->7(22)
[506.678s][info][gc,heap     ] GC(897) Old regions: 82->58
[506.678s][info][gc,heap     ] GC(897) Humongous regions: 3->3
[506.678s][info][gc,metaspace] GC(897) Metaspace: 43051K(43520K)->43051K(43520K) NonClass: 38710K(38976K)->38710K(38976K) Class: 4340K(4544K)->4340K(4544K)
[506.678s][info][gc          ] GC(897) Pause Young (Mixed) (G1 Evacuation Pause) 254M->67M(294M) 9.355ms
[506.678s][info][gc,cpu      ] GC(897) User=0.02s Sys=0.00s Real=0.01s
[506.805s][info][gc,start    ] GC(898) Pause Young (Concurrent Start) (G1 Humongous Allocation)
[506.805s][info][gc,task     ] GC(898) Using 2 workers of 2 for evacuation
[506.814s][info][gc,phases   ] GC(898)   Pre Evacuate Collection Set: 0.21ms
[506.814s][info][gc,phases   ] GC(898)   Merge Heap Roots: 0.09ms
[506.814s][info][gc,phases   ] GC(898)   Evacuate Collection Set: 8.02ms
[506.814s][info][gc,phases   ] GC(898)   Post Evacuate Collection Set: 0.44ms
[506.814s][info][gc,phases   ] GC(898)   Other: 0.11ms
[506.814s][info][gc,heap     ] GC(898) Eden regions: 36->0(169)
[506.814s][info][gc,heap     ] GC(898) Survivor regions: 7->7(22)
[506.814s][info][gc,heap     ] GC(898) Old regions: 58->58
[506.814s][info][gc,heap     ] GC(898) Humongous regions: 3->1
[506.814s][info][gc,metaspace] GC(898) Metaspace: 43051K(43520K)->43051K(43520K) NonClass: 38711K(38976K)->38711K(38976K) Class: 4340K(4544K)->4340K(4544K)
[506.814s][info][gc          ] GC(898) Pause Young (Concurrent Start) (G1 Humongous Allocation) 103M->65M(294M) 9.115ms
[506.814s][info][gc,cpu      ] GC(898) User=0.02s Sys=0.00s Real=0.01s
[506.814s][info][gc          ] GC(899) Concurrent Mark Cycle
[506.814s][info][gc,marking  ] GC(899) Concurrent Scan Root Regions
[506.818s][info][gc,marking  ] GC(899) Concurrent Scan Root Regions 3.541ms
[506.818s][info][gc,marking  ] GC(899) Concurrent Mark
[506.818s][info][gc,marking  ] GC(899) Concurrent Mark From Roots
[506.818s][info][gc,task     ] GC(899) Using 1 workers of 1 for marking
[506.890s][info][gc,marking  ] GC(899) Concurrent Mark From Roots 71.935ms
[506.890s][info][gc,marking  ] GC(899) Concurrent Preclean
[506.890s][info][gc,marking  ] GC(899) Concurrent Preclean 0.047ms
[506.890s][info][gc,start    ] GC(899) Pause Remark
[506.909s][info][gc          ] GC(899) Pause Remark 124M->123M(294M) 19.617ms
[506.909s][info][gc,cpu      ] GC(899) User=0.04s Sys=0.00s Real=0.02s
[506.911s][info][gc,marking  ] GC(899) Concurrent Mark 93.592ms
[506.911s][info][gc,marking  ] GC(899) Concurrent Rebuild Remembered Sets and Scrub Regions
[506.940s][info][gc,marking  ] GC(899) Concurrent Rebuild Remembered Sets and Scrub Regions 28.700ms
[506.940s][info][gc,start    ] GC(899) Pause Cleanup
[506.940s][info][gc          ] GC(899) Pause Cleanup 146M->146M(294M) 0.062ms
[506.940s][info][gc,cpu      ] GC(899) User=0.00s Sys=0.00s Real=0.00s
[506.940s][info][gc,marking  ] GC(899) Concurrent Clear Claimed Marks
[506.940s][info][gc,marking  ] GC(899) Concurrent Clear Claimed Marks 0.043ms
[506.940s][info][gc,marking  ] GC(899) Concurrent Cleanup for Next Mark
[506.941s][info][gc,marking  ] GC(899) Concurrent Cleanup for Next Mark 0.930ms
[506.941s][info][gc          ] GC(899) Concurrent Mark Cycle 127.239ms
[507.340s][info][gc,start    ] GC(900) Pause Young (Prepare Mixed) (G1 Evacuation Pause)
[507.340s][info][gc,task     ] GC(900) Using 2 workers of 2 for evacuation
[507.351s][info][gc,phases   ] GC(900)   Pre Evacuate Collection Set: 0.25ms
[507.351s][info][gc,phases   ] GC(900)   Merge Heap Roots: 0.06ms
[507.352s][info][gc,phases   ] GC(900)   Evacuate Collection Set: 9.82ms
[507.352s][info][gc,phases   ] GC(900)   Post Evacuate Collection Set: 0.77ms
[507.352s][info][gc,phases   ] GC(900)   Other: 0.08ms
[507.352s][info][gc,heap     ] GC(900) Eden regions: 43->0(235)
[507.352s][info][gc,heap     ] GC(900) Survivor regions: 7->8(25)
[507.352s][info][gc,heap     ] GC(900) Old regions: 57->57
[507.352s][info][gc,heap     ] GC(900) Humongous regions: 291->3
[507.352s][info][gc,metaspace] GC(900) Metaspace: 43053K(43520K)->43053K(43520K) NonClass: 38713K(38976K)->38713K(38976K) Class: 4340K(4544K)->4340K(4544K)
[507.352s][info][gc          ] GC(900) Pause Young (Prepare Mixed) (G1 Evacuation Pause) 397M->67M(406M) 11.198ms
[507.352s][info][gc,cpu      ] GC(900) User=0.01s Sys=0.01s Real=0.01s
[507.997s][info][gc,start    ] GC(901) Pause Young (Mixed) (G1 Evacuation Pause)
[507.997s][info][gc,task     ] GC(901) Using 2 workers of 2 for evacuation
[508.020s][info][gc,phases   ] GC(901)   Pre Evacuate Collection Set: 0.27ms
[508.020s][info][gc,phases   ] GC(901)   Merge Heap Roots: 0.08ms
[508.020s][info][gc,phases   ] GC(901)   Evacuate Collection Set: 21.41ms
[508.020s][info][gc,phases   ] GC(901)   Post Evacuate Collection Set: 1.27ms
[508.020s][info][gc,phases   ] GC(901)   Other: 0.08ms
[508.020s][info][gc,heap     ] GC(901) Eden regions: 62->0(288)
[508.020s][info][gc,heap     ] GC(901) Survivor regions: 8->15(35)
[508.020s][info][gc,heap     ] GC(901) Old regions: 57->54
[508.020s][info][gc,heap     ] GC(901) Humongous regions: 361->3
[508.020s][info][gc,metaspace] GC(901) Metaspace: 43053K(43520K)->43053K(43520K) NonClass: 38713K(38976K)->38713K(38976K) Class: 4340K(4544K)->4340K(4544K)
[508.020s][info][gc          ] GC(901) Pause Young (Mixed) (G1 Evacuation Pause) 487M->71M(505M) 23.348ms
[508.020s][info][gc,cpu      ] GC(901) User=0.04s Sys=0.01s Real=0.02s
[508.143s][info][gc,start    ] GC(902) Pause Young (Concurrent Start) (G1 Humongous Allocation)
[508.143s][info][gc,task     ] GC(902) Using 2 workers of 2 for evacuation
[508.157s][info][gc,phases   ] GC(902)   Pre Evacuate Collection Set: 0.30ms
[508.157s][info][gc,phases   ] GC(902)   Merge Heap Roots: 0.06ms
[508.157s][info][gc,phases   ] GC(902)   Evacuate Collection Set: 13.10ms
[508.157s][info][gc,phases   ] GC(902)   Post Evacuate Collection Set: 0.46ms
[508.157s][info][gc,phases   ] GC(902)   Other: 0.09ms
[508.157s][info][gc,heap     ] GC(902) Eden regions: 13->0(288)
[508.157s][info][gc,heap     ] GC(902) Survivor regions: 15->15(38)
[508.157s][info][gc,heap     ] GC(902) Old regions: 54->54
[508.157s][info][gc,heap     ] GC(902) Humongous regions: 89->1
[508.157s][info][gc,metaspace] GC(902) Metaspace: 43053K(43520K)->43053K(43520K) NonClass: 38713K(38976K)->38713K(38976K) Class: 4340K(4544K)->4340K(4544K)
[508.157s][info][gc          ] GC(902) Pause Young (Concurrent Start) (G1 Humongous Allocation) 169M->69M(505M) 14.222ms
[508.158s][info][gc,cpu      ] GC(902) User=0.02s Sys=0.00s Real=0.01s
[508.158s][info][gc          ] GC(903) Concurrent Undo Cycle
[508.158s][info][gc,marking  ] GC(903) Concurrent Clear Claimed Marks
[508.158s][info][gc,marking  ] GC(903) Concurrent Clear Claimed Marks 0.041ms
[508.158s][info][gc,marking  ] GC(903) Concurrent Cleanup for Next Mark
[508.158s][info][gc,marking  ] GC(903) Concurrent Cleanup for Next Mark 0.187ms
[508.158s][info][gc          ] GC(903) Concurrent Undo Cycle 0.322ms
[508.219s][info][gc,start    ] GC(904) Pause Young (Concurrent Start) (G1 Humongous Allocation)
[508.219s][info][gc,task     ] GC(904) Using 2 workers of 2 for evacuation
[508.235s][info][gc,phases   ] GC(904)   Pre Evacuate Collection Set: 0.28ms
[508.235s][info][gc,phases   ] GC(904)   Merge Heap Roots: 0.07ms
[508.235s][info][gc,phases   ] GC(904)   Evacuate Collection Set: 14.37ms
[508.235s][info][gc,phases   ] GC(904)   Post Evacuate Collection Set: 0.76ms
[508.235s][info][gc,phases   ] GC(904)   Other: 0.14ms
[508.235s][info][gc,heap     ] GC(904) Eden regions: 7->0(287)
[508.235s][info][gc,heap     ] GC(904) Survivor regions: 15->16(38)
[508.235s][info][gc,heap     ] GC(904) Old regions: 54->54
[508.235s][info][gc,heap     ] GC(904) Humongous regions: 33->1
[508.235s][info][gc,metaspace] GC(904) Metaspace: 43053K(43520K)->43053K(43520K) NonClass: 38713K(38976K)->38713K(38976K) Class: 4340K(4544K)->4340K(4544K)
[508.235s][info][gc          ] GC(904) Pause Young (Concurrent Start) (G1 Humongous Allocation) 108M->70M(505M) 15.838ms
[508.235s][info][gc          ] GC(905) Concurrent Undo Cycle
[508.235s][info][gc,marking  ] GC(905) Concurrent Clear Claimed Marks
[508.235s][info][gc,marking  ] GC(905) Concurrent Clear Claimed Marks 0.039ms
[508.235s][info][gc,marking  ] GC(905) Concurrent Cleanup for Next Mark
[508.235s][info][gc,cpu      ] GC(904) User=0.04s Sys=0.00s Real=0.02s
[508.237s][info][gc,marking  ] GC(905) Concurrent Cleanup for Next Mark 2.564ms
[508.237s][info][gc          ] GC(905) Concurrent Undo Cycle 2.648ms
[508.288s][info][gc,start    ] GC(906) Pause Young (Concurrent Start) (G1 Humongous Allocation)
[508.288s][info][gc,task     ] GC(906) Using 2 workers of 2 for evacuation
[508.303s][info][gc,phases   ] GC(906)   Pre Evacuate Collection Set: 0.23ms
[508.303s][info][gc,phases   ] GC(906)   Merge Heap Roots: 0.06ms
[508.303s][info][gc,phases   ] GC(906)   Evacuate Collection Set: 14.45ms
[508.303s][info][gc,phases   ] GC(906)   Post Evacuate Collection Set: 0.74ms
[508.303s][info][gc,phases   ] GC(906)   Other: 0.14ms
[508.303s][info][gc,heap     ] GC(906) Eden regions: 5->0(286)
[508.303s][info][gc,heap     ] GC(906) Survivor regions: 16->17(38)
[508.303s][info][gc,heap     ] GC(906) Old regions: 54->54
[508.303s][info][gc,heap     ] GC(906) Humongous regions: 35->1
[508.303s][info][gc,metaspace] GC(906) Metaspace: 43053K(43520K)->43053K(43520K) NonClass: 38713K(38976K)->38713K(38976K) Class: 4340K(4544K)->4340K(4544K)
[508.303s][info][gc          ] GC(906) Pause Young (Concurrent Start) (G1 Humongous Allocation) 109M->70M(505M) 15.856ms
[508.303s][info][gc,cpu      ] GC(906) User=0.03s Sys=0.00s Real=0.02s
[508.303s][info][gc          ] GC(907) Concurrent Undo Cycle
[508.303s][info][gc,marking  ] GC(907) Concurrent Clear Claimed Marks
[508.304s][info][gc,marking  ] GC(907) Concurrent Clear Claimed Marks 0.041ms
[508.304s][info][gc,marking  ] GC(907) Concurrent Cleanup for Next Mark
[508.304s][info][gc,marking  ] GC(907) Concurrent Cleanup for Next Mark 0.188ms
[508.304s][info][gc          ] GC(907) Concurrent Undo Cycle 0.313ms
[508.377s][info][gc,start    ] GC(908) Pause Young (Concurrent Start) (G1 Humongous Allocation)
[508.377s][info][gc,task     ] GC(908) Using 2 workers of 2 for evacuation
[508.395s][info][gc,phases   ] GC(908)   Pre Evacuate Collection Set: 0.30ms
[508.395s][info][gc,phases   ] GC(908)   Merge Heap Roots: 0.06ms
[508.395s][info][gc,phases   ] GC(908)   Evacuate Collection Set: 16.37ms
[508.395s][info][gc,phases   ] GC(908)   Post Evacuate Collection Set: 0.82ms
[508.395s][info][gc,phases   ] GC(908)   Other: 0.14ms
[508.395s][info][gc,heap     ] GC(908) Eden regions: 9->0(285)
[508.395s][info][gc,heap     ] GC(908) Survivor regions: 17->18(38)
[508.395s][info][gc,heap     ] GC(908) Old regions: 54->54
[508.395s][info][gc,heap     ] GC(908) Humongous regions: 39->1
[508.395s][info][gc,metaspace] GC(908) Metaspace: 43053K(43520K)->43053K(43520K) NonClass: 38713K(38976K)->38713K(38976K) Class: 4340K(4544K)->4340K(4544K)
[508.395s][info][gc          ] GC(908) Pause Young (Concurrent Start) (G1 Humongous Allocation) 116M->72M(505M) 17.903ms
[508.395s][info][gc,cpu      ] GC(908) User=0.04s Sys=0.00s Real=0.02s
[508.395s][info][gc          ] GC(909) Concurrent Undo Cycle
[508.395s][info][gc,marking  ] GC(909) Concurrent Clear Claimed Marks
[508.395s][info][gc,marking  ] GC(909) Concurrent Clear Claimed Marks 0.041ms
[508.395s][info][gc,marking  ] GC(909) Concurrent Cleanup for Next Mark
[508.396s][info][gc,marking  ] GC(909) Concurrent Cleanup for Next Mark 0.199ms
[508.396s][info][gc          ] GC(909) Concurrent Undo Cycle 0.349ms
[508.469s][info][gc,start    ] GC(910) Pause Young (Concurrent Start) (G1 Humongous Allocation)
[508.470s][info][gc,task     ] GC(910) Using 2 workers of 2 for evacuation
[508.489s][info][gc,phases   ] GC(910)   Pre Evacuate Collection Set: 0.27ms
[508.489s][info][gc,phases   ] GC(910)   Merge Heap Roots: 0.06ms
[508.489s][info][gc,phases   ] GC(910)   Evacuate Collection Set: 17.60ms
[508.489s][info][gc,phases   ] GC(910)   Post Evacuate Collection Set: 1.49ms
[508.489s][info][gc,phases   ] GC(910)   Other: 0.11ms
[508.489s][info][gc,heap     ] GC(910) Eden regions: 9->0(340)
[508.489s][info][gc,heap     ] GC(910) Survivor regions: 18->20(38)
[508.489s][info][gc,heap     ] GC(910) Old regions: 54->54
[508.489s][info][gc,heap     ] GC(910) Humongous regions: 41->1
[508.489s][info][gc,metaspace] GC(910) Metaspace: 43053K(43520K)->43053K(43520K) NonClass: 38713K(38976K)->38713K(38976K) Class: 4340K(4544K)->4340K(4544K)
[508.489s][info][gc          ] GC(910) Pause Young (Concurrent Start) (G1 Humongous Allocation) 120M->73M(600M) 19.765ms
[508.489s][info][gc,cpu      ] GC(910) User=0.04s Sys=0.00s Real=0.02s
[508.489s][info][gc          ] GC(911) Concurrent Undo Cycle
[508.489s][info][gc,marking  ] GC(911) Concurrent Clear Claimed Marks
[508.489s][info][gc,marking  ] GC(911) Concurrent Clear Claimed Marks 0.041ms
[508.489s][info][gc,marking  ] GC(911) Concurrent Cleanup for Next Mark
[508.490s][info][gc,marking  ] GC(911) Concurrent Cleanup for Next Mark 0.198ms
[508.490s][info][gc          ] GC(911) Concurrent Undo Cycle 0.327ms
[508.620s][info][gc,start    ] GC(912) Pause Young (Concurrent Start) (G1 Humongous Allocation)
[508.620s][info][gc,task     ] GC(912) Using 2 workers of 2 for evacuation
[508.645s][info][gc,phases   ] GC(912)   Pre Evacuate Collection Set: 0.30ms
[508.645s][info][gc,phases   ] GC(912)   Merge Heap Roots: 0.06ms
[508.645s][info][gc,phases   ] GC(912)   Evacuate Collection Set: 24.65ms
[508.645s][info][gc,phases   ] GC(912)   Post Evacuate Collection Set: 0.47ms
[508.645s][info][gc,phases   ] GC(912)   Other: 0.17ms
[508.645s][info][gc,heap     ] GC(912) Eden regions: 15->0(338)
[508.645s][info][gc,heap     ] GC(912) Survivor regions: 20->22(45)
[508.645s][info][gc,heap     ] GC(912) Old regions: 54->54
[508.645s][info][gc,heap     ] GC(912) Humongous regions: 77->1
[508.645s][info][gc,metaspace] GC(912) Metaspace: 43053K(43520K)->43053K(43520K) NonClass: 38713K(38976K)->38713K(38976K) Class: 4340K(4544K)->4340K(4544K)
[508.645s][info][gc          ] GC(912) Pause Young (Concurrent Start) (G1 Humongous Allocation) 163M->75M(600M) 25.897ms
[508.645s][info][gc,cpu      ] GC(912) User=0.05s Sys=0.00s Real=0.03s
[508.646s][info][gc          ] GC(913) Concurrent Undo Cycle
[508.646s][info][gc,marking  ] GC(913) Concurrent Clear Claimed Marks
[508.646s][info][gc,marking  ] GC(913) Concurrent Clear Claimed Marks 0.041ms
[508.646s][info][gc,marking  ] GC(913) Concurrent Cleanup for Next Mark
[508.647s][info][gc,marking  ] GC(913) Concurrent Cleanup for Next Mark 1.789ms
[508.647s][info][gc          ] GC(913) Concurrent Undo Cycle 1.874ms
[508.784s][info][gc,start    ] GC(914) Pause Young (Concurrent Start) (G1 Humongous Allocation)
[508.784s][info][gc,task     ] GC(914) Using 2 workers of 2 for evacuation
[508.810s][info][gc,phases   ] GC(914)   Pre Evacuate Collection Set: 0.30ms
[508.810s][info][gc,phases   ] GC(914)   Merge Heap Roots: 0.07ms
[508.810s][info][gc,phases   ] GC(914)   Evacuate Collection Set: 24.66ms
[508.810s][info][gc,phases   ] GC(914)   Post Evacuate Collection Set: 0.81ms
[508.810s][info][gc,phases   ] GC(914)   Other: 0.10ms
[508.810s][info][gc,heap     ] GC(914) Eden regions: 16->0(336)
[508.810s][info][gc,heap     ] GC(914) Survivor regions: 22->24(45)
[508.810s][info][gc,heap     ] GC(914) Old regions: 54->54
[508.810s][info][gc,heap     ] GC(914) Humongous regions: 81->1
[508.810s][info][gc,metaspace] GC(914) Metaspace: 43053K(43520K)->43053K(43520K) NonClass: 38713K(38976K)->38713K(38976K) Class: 4340K(4544K)->4340K(4544K)
[508.810s][info][gc          ] GC(914) Pause Young (Concurrent Start) (G1 Humongous Allocation) 171M->78M(600M) 26.163ms
[508.810s][info][gc,cpu      ] GC(914) User=0.05s Sys=0.01s Real=0.02s
[508.810s][info][gc          ] GC(915) Concurrent Undo Cycle
[508.810s][info][gc,marking  ] GC(915) Concurrent Clear Claimed Marks
[508.810s][info][gc,marking  ] GC(915) Concurrent Clear Claimed Marks 0.039ms
[508.810s][info][gc,marking  ] GC(915) Concurrent Cleanup for Next Mark
[508.810s][info][gc,marking  ] GC(915) Concurrent Cleanup for Next Mark 0.121ms
[508.810s][info][gc          ] GC(915) Concurrent Undo Cycle 0.200ms
[508.962s][info][gc,start    ] GC(916) Pause Young (Concurrent Start) (G1 Humongous Allocation)
[508.962s][info][gc,task     ] GC(916) Using 2 workers of 2 for evacuation
[508.991s][info][gc,phases   ] GC(916)   Pre Evacuate Collection Set: 0.30ms
[508.991s][info][gc,phases   ] GC(916)   Merge Heap Roots: 0.05ms
[508.991s][info][gc,phases   ] GC(916)   Evacuate Collection Set: 28.46ms
[508.991s][info][gc,phases   ] GC(916)   Post Evacuate Collection Set: 0.45ms
[508.991s][info][gc,phases   ] GC(916)   Other: 0.12ms
[508.991s][info][gc,heap     ] GC(916) Eden regions: 19->0(335)
[508.991s][info][gc,heap     ] GC(916) Survivor regions: 24->25(45)
[508.991s][info][gc,heap     ] GC(916) Old regions: 54->55
[508.991s][info][gc,heap     ] GC(916) Humongous regions: 83->1
[508.991s][info][gc,metaspace] GC(916) Metaspace: 43057K(43520K)->43057K(43520K) NonClass: 38717K(38976K)->38717K(38976K) Class: 4340K(4544K)->4340K(4544K)
[508.991s][info][gc          ] GC(916) Pause Young (Concurrent Start) (G1 Humongous Allocation) 178M->80M(600M) 29.601ms
[508.992s][info][gc,cpu      ] GC(916) User=0.05s Sys=0.00s Real=0.03s
[508.992s][info][gc          ] GC(917) Concurrent Undo Cycle
[508.992s][info][gc,marking  ] GC(917) Concurrent Clear Claimed Marks
[508.992s][info][gc,marking  ] GC(917) Concurrent Clear Claimed Marks 0.062ms
[508.992s][info][gc,marking  ] GC(917) Concurrent Cleanup for Next Mark
[508.992s][info][gc,marking  ] GC(917) Concurrent Cleanup for Next Mark 0.735ms
[508.992s][info][gc          ] GC(917) Concurrent Undo Cycle 0.847ms
[509.141s][info][gc,start    ] GC(918) Pause Young (Concurrent Start) (G1 Humongous Allocation)
[509.141s][info][gc,task     ] GC(918) Using 2 workers of 2 for evacuation
[509.169s][info][gc,phases   ] GC(918)   Pre Evacuate Collection Set: 0.30ms
[509.169s][info][gc,phases   ] GC(918)   Merge Heap Roots: 0.09ms
[509.169s][info][gc,phases   ] GC(918)   Evacuate Collection Set: 26.96ms
[509.169s][info][gc,phases   ] GC(918)   Post Evacuate Collection Set: 1.08ms
[509.169s][info][gc,phases   ] GC(918)   Other: 0.11ms
[509.169s][info][gc,heap     ] GC(918) Eden regions: 17->0(382)
[509.169s][info][gc,heap     ] GC(918) Survivor regions: 25->23(45)
[509.169s][info][gc,heap     ] GC(918) Old regions: 55->59
[509.169s][info][gc,heap     ] GC(918) Humongous regions: 85->1
[509.169s][info][gc,metaspace] GC(918) Metaspace: 43057K(43520K)->43057K(43520K) NonClass: 38717K(38976K)->38717K(38976K) Class: 4340K(4544K)->4340K(4544K)
[509.170s][info][gc          ] GC(918) Pause Young (Concurrent Start) (G1 Humongous Allocation) 180M->82M(676M) 28.775ms
[509.170s][info][gc,cpu      ] GC(918) User=0.06s Sys=0.01s Real=0.03s
[509.170s][info][gc          ] GC(919) Concurrent Undo Cycle
[509.170s][info][gc,marking  ] GC(919) Concurrent Clear Claimed Marks
[509.170s][info][gc,marking  ] GC(919) Concurrent Clear Claimed Marks 0.041ms
[509.170s][info][gc,marking  ] GC(919) Concurrent Cleanup for Next Mark
[509.170s][info][gc,marking  ] GC(919) Concurrent Cleanup for Next Mark 0.225ms
[509.170s][info][gc          ] GC(919) Concurrent Undo Cycle 0.353ms
[509.368s][info][gc,start    ] GC(920) Pause Young (Concurrent Start) (G1 Humongous Allocation)
[509.368s][info][gc,task     ] GC(920) Using 2 workers of 2 for evacuation
[509.404s][info][gc,phases   ] GC(920)   Pre Evacuate Collection Set: 0.30ms
[509.404s][info][gc,phases   ] GC(920)   Merge Heap Roots: 0.11ms
[509.404s][info][gc,phases   ] GC(920)   Evacuate Collection Set: 35.44ms
[509.404s][info][gc,phases   ] GC(920)   Post Evacuate Collection Set: 0.47ms
[509.404s][info][gc,phases   ] GC(920)   Other: 0.12ms
[509.404s][info][gc,heap     ] GC(920) Eden regions: 23->0(378)
[509.404s][info][gc,heap     ] GC(920) Survivor regions: 23->27(51)
[509.404s][info][gc,heap     ] GC(920) Old regions: 59->59
[509.404s][info][gc,heap     ] GC(920) Humongous regions: 107->1
[509.404s][info][gc,metaspace] GC(920) Metaspace: 43057K(43520K)->43057K(43520K) NonClass: 38717K(38976K)->38717K(38976K) Class: 4340K(4544K)->4340K(4544K)
[509.404s][info][gc          ] GC(920) Pause Young (Concurrent Start) (G1 Humongous Allocation) 211M->86M(676M) 36.651ms
[509.404s][info][gc,cpu      ] GC(920) User=0.07s Sys=0.00s Real=0.04s
[509.404s][info][gc          ] GC(921) Concurrent Undo Cycle
[509.405s][info][gc,marking  ] GC(921) Concurrent Clear Claimed Marks
[509.405s][info][gc,marking  ] GC(921) Concurrent Clear Claimed Marks 0.043ms
[509.405s][info][gc,marking  ] GC(921) Concurrent Cleanup for Next Mark
[509.405s][info][gc,marking  ] GC(921) Concurrent Cleanup for Next Mark 0.177ms
[509.405s][info][gc          ] GC(921) Concurrent Undo Cycle 0.359ms
[510.682s][info][gc,start    ] GC(922) Pause Young (Normal) (G1 Evacuation Pause)
[510.682s][info][gc,task     ] GC(922) Using 2 workers of 2 for evacuation
[510.719s][info][gc,phases   ] GC(922)   Pre Evacuate Collection Set: 0.26ms
[510.719s][info][gc,phases   ] GC(922)   Merge Heap Roots: 0.13ms
[510.719s][info][gc,phases   ] GC(922)   Evacuate Collection Set: 35.33ms
[510.719s][info][gc,phases   ] GC(922)   Post Evacuate Collection Set: 0.74ms
[510.719s][info][gc,phases   ] GC(922)   Other: 0.09ms
[510.719s][info][gc,heap     ] GC(922) Eden regions: 378->0(368)
[510.719s][info][gc,heap     ] GC(922) Survivor regions: 27->37(51)
[510.719s][info][gc,heap     ] GC(922) Old regions: 59->61
[510.719s][info][gc,heap     ] GC(922) Humongous regions: 77->1
[510.719s][info][gc,metaspace] GC(922) Metaspace: 43071K(43520K)->43071K(43520K) NonClass: 38730K(38976K)->38730K(38976K) Class: 4340K(4544K)->4340K(4544K)
[510.719s][info][gc          ] GC(922) Pause Young (Normal) (G1 Evacuation Pause) 540M->97M(676M) 36.816ms
[510.719s][info][gc,cpu      ] GC(922) User=0.07s Sys=0.00s Real=0.03s
[511.732s][info][gc,start    ] GC(923) Pause Young (Normal) (G1 Evacuation Pause)
[511.732s][info][gc,task     ] GC(923) Using 2 workers of 2 for evacuation
[511.768s][info][gc,phases   ] GC(923)   Pre Evacuate Collection Set: 0.41ms
[511.768s][info][gc,phases   ] GC(923)   Merge Heap Roots: 0.17ms
[511.768s][info][gc,phases   ] GC(923)   Evacuate Collection Set: 34.64ms
[511.768s][info][gc,phases   ] GC(923)   Post Evacuate Collection Set: 0.96ms
[511.768s][info][gc,phases   ] GC(923)   Other: 0.09ms
[511.768s][info][gc,heap     ] GC(923) Eden regions: 368->0(379)
[511.768s][info][gc,heap     ] GC(923) Survivor regions: 37->26(51)
[511.768s][info][gc,heap     ] GC(923) Old regions: 61->72
[511.768s][info][gc,heap     ] GC(923) Humongous regions: 1->1
[511.768s][info][gc,metaspace] GC(923) Metaspace: 43073K(43520K)->43073K(43520K) NonClass: 38733K(38976K)->38733K(38976K) Class: 4340K(4544K)->4340K(4544K)
[511.768s][info][gc          ] GC(923) Pause Young (Normal) (G1 Evacuation Pause) 465M->98M(676M) 36.543ms
[511.768s][info][gc,cpu      ] GC(923) User=0.07s Sys=0.01s Real=0.04s
[512.778s][info][gc,start    ] GC(924) Pause Young (Normal) (G1 Evacuation Pause)
[512.778s][info][gc,task     ] GC(924) Using 2 workers of 2 for evacuation
[512.803s][info][gc,phases   ] GC(924)   Pre Evacuate Collection Set: 0.27ms
[512.803s][info][gc,phases   ] GC(924)   Merge Heap Roots: 0.14ms
[512.803s][info][gc,phases   ] GC(924)   Evacuate Collection Set: 24.07ms
[512.803s][info][gc,phases   ] GC(924)   Post Evacuate Collection Set: 0.69ms
[512.803s][info][gc,phases   ] GC(924)   Other: 0.11ms
[512.803s][info][gc,heap     ] GC(924) Eden regions: 379->0(375)
[512.803s][info][gc,heap     ] GC(924) Survivor regions: 26->30(51)
[512.803s][info][gc,heap     ] GC(924) Old regions: 72->72
[512.803s][info][gc,heap     ] GC(924) Humongous regions: 1->1
[512.803s][info][gc,metaspace] GC(924) Metaspace: 43073K(43520K)->43073K(43520K) NonClass: 38733K(38976K)->38733K(38976K) Class: 4340K(4544K)->4340K(4544K)
[512.803s][info][gc          ] GC(924) Pause Young (Normal) (G1 Evacuation Pause) 477M->102M(676M) 25.496ms
[512.803s][info][gc,cpu      ] GC(924) User=0.05s Sys=0.00s Real=0.03s
[514.791s][info][gc,start    ] GC(925) Pause Young (Normal) (G1 Evacuation Pause)
[514.791s][info][gc,task     ] GC(925) Using 2 workers of 2 for evacuation
[514.831s][info][gc,phases   ] GC(925)   Pre Evacuate Collection Set: 0.29ms
[514.831s][info][gc,phases   ] GC(925)   Merge Heap Roots: 0.16ms
[514.831s][info][gc,phases   ] GC(925)   Evacuate Collection Set: 38.18ms
[514.831s][info][gc,phases   ] GC(925)   Post Evacuate Collection Set: 1.00ms
[514.831s][info][gc,phases   ] GC(925)   Other: 0.10ms
[514.831s][info][gc,heap     ] GC(925) Eden regions: 375->0(374)
[514.831s][info][gc,heap     ] GC(925) Survivor regions: 30->31(51)
[514.831s][info][gc,heap     ] GC(925) Old regions: 72->76
[514.831s][info][gc,heap     ] GC(925) Humongous regions: 13->3
[514.831s][info][gc,metaspace] GC(925) Metaspace: 43078K(43520K)->43078K(43520K) NonClass: 38737K(38976K)->38737K(38976K) Class: 4341K(4544K)->4341K(4544K)
[514.831s][info][gc          ] GC(925) Pause Young (Normal) (G1 Evacuation Pause) 489M->109M(676M) 39.982ms
[514.831s][info][gc,cpu      ] GC(925) User=0.07s Sys=0.00s Real=0.04s
[515.796s][info][gc,start    ] GC(926) Pause Young (Normal) (G1 Evacuation Pause)
[515.796s][info][gc,task     ] GC(926) Using 2 workers of 2 for evacuation
[515.882s][info][gc,phases   ] GC(926)   Pre Evacuate Collection Set: 0.35ms
[515.882s][info][gc,phases   ] GC(926)   Merge Heap Roots: 0.17ms
[515.882s][info][gc,phases   ] GC(926)   Evacuate Collection Set: 84.11ms
[515.882s][info][gc,phases   ] GC(926)   Post Evacuate Collection Set: 0.89ms
[515.882s][info][gc,phases   ] GC(926)   Other: 0.09ms
[515.882s][info][gc,heap     ] GC(926) Eden regions: 374->0(354)
[515.882s][info][gc,heap     ] GC(926) Survivor regions: 31->51(51)
[515.882s][info][gc,heap     ] GC(926) Old regions: 76->96
[515.882s][info][gc,heap     ] GC(926) Humongous regions: 6->6
[515.882s][info][gc,metaspace] GC(926) Metaspace: 43078K(43520K)->43078K(43520K) NonClass: 38737K(38976K)->38737K(38976K) Class: 4341K(4544K)->4341K(4544K)
[515.882s][info][gc          ] GC(926) Pause Young (Normal) (G1 Evacuation Pause) 486M->152M(676M) 85.833ms
[515.882s][info][gc,cpu      ] GC(926) User=0.17s Sys=0.00s Real=0.08s
[519.597s][info][gc,start    ] GC(927) Pause Young (Normal) (G1 Evacuation Pause)
[519.597s][info][gc,task     ] GC(927) Using 2 workers of 2 for evacuation
[519.671s][info][gc,phases   ] GC(927)   Pre Evacuate Collection Set: 0.26ms
[519.671s][info][gc,phases   ] GC(927)   Merge Heap Roots: 0.35ms
[519.671s][info][gc,phases   ] GC(927)   Evacuate Collection Set: 72.46ms
[519.671s][info][gc,phases   ] GC(927)   Post Evacuate Collection Set: 0.74ms
[519.671s][info][gc,phases   ] GC(927)   Other: 0.09ms
[519.671s][info][gc,heap     ] GC(927) Eden regions: 354->0(385)
[519.671s][info][gc,heap     ] GC(927) Survivor regions: 51->20(51)
[519.671s][info][gc,heap     ] GC(927) Old regions: 96->143
[519.671s][info][gc,heap     ] GC(927) Humongous regions: 13->8
[519.671s][info][gc,metaspace] GC(927) Metaspace: 43078K(43520K)->43078K(43520K) NonClass: 38737K(38976K)->38737K(38976K) Class: 4341K(4544K)->4341K(4544K)
[519.671s][info][gc          ] GC(927) Pause Young (Normal) (G1 Evacuation Pause) 513M->171M(676M) 74.092ms
[519.671s][info][gc,cpu      ] GC(927) User=0.15s Sys=0.00s Real=0.07s
[520.830s][info][gc,start    ] GC(928) Pause Young (Normal) (G1 Evacuation Pause)
[520.830s][info][gc,task     ] GC(928) Using 2 workers of 2 for evacuation
[520.876s][info][gc,phases   ] GC(928)   Pre Evacuate Collection Set: 0.27ms
[520.877s][info][gc,phases   ] GC(928)   Merge Heap Roots: 0.20ms
[520.877s][info][gc,phases   ] GC(928)   Evacuate Collection Set: 45.63ms
[520.877s][info][gc,phases   ] GC(928)   Post Evacuate Collection Set: 0.70ms
[520.877s][info][gc,phases   ] GC(928)   Other: 0.09ms
[520.877s][info][gc,heap     ] GC(928) Eden regions: 385->0(358)
[520.877s][info][gc,heap     ] GC(928) Survivor regions: 20->47(51)
[520.877s][info][gc,heap     ] GC(928) Old regions: 143->143
[520.877s][info][gc,heap     ] GC(928) Humongous regions: 11->11
[520.877s][info][gc,metaspace] GC(928) Metaspace: 43078K(43520K)->43078K(43520K) NonClass: 38737K(38976K)->38737K(38976K) Class: 4341K(4544K)->4341K(4544K)
[520.877s][info][gc          ] GC(928) Pause Young (Normal) (G1 Evacuation Pause) 559M->201M(676M) 47.095ms
[520.877s][info][gc,cpu      ] GC(928) User=0.09s Sys=0.00s Real=0.05s
[521.897s][info][gc,start    ] GC(929) Pause Young (Normal) (G1 Evacuation Pause)
[521.897s][info][gc,task     ] GC(929) Using 2 workers of 2 for evacuation
[522.022s][info][gc,phases   ] GC(929)   Pre Evacuate Collection Set: 0.40ms
[522.022s][info][gc,phases   ] GC(929)   Merge Heap Roots: 0.37ms
[522.022s][info][gc,phases   ] GC(929)   Evacuate Collection Set: 122.77ms
[522.022s][info][gc,phases   ] GC(929)   Post Evacuate Collection Set: 0.74ms
[522.022s][info][gc,phases   ] GC(929)   Other: 0.16ms
[522.022s][info][gc,heap     ] GC(929) Eden regions: 358->0(347)
[522.022s][info][gc,heap     ] GC(929) Survivor regions: 47->42(51)
[522.022s][info][gc,heap     ] GC(929) Old regions: 143->190
[522.022s][info][gc,heap     ] GC(929) Humongous regions: 17->17
[522.022s][info][gc,metaspace] GC(929) Metaspace: 43078K(43520K)->43078K(43520K) NonClass: 38737K(38976K)->38737K(38976K) Class: 4341K(4544K)->4341K(4544K)
[522.022s][info][gc          ] GC(929) Pause Young (Normal) (G1 Evacuation Pause) 565M->248M(676M) 124.710ms
[522.022s][info][gc,cpu      ] GC(929) User=0.24s Sys=0.00s Real=0.12s
[522.531s][info][gc,start    ] GC(930) Pause Young (Concurrent Start) (G1 Humongous Allocation)
[522.531s][info][gc,task     ] GC(930) Using 2 workers of 2 for evacuation
[522.608s][info][gc,phases   ] GC(930)   Pre Evacuate Collection Set: 0.28ms
[522.608s][info][gc,phases   ] GC(930)   Merge Heap Roots: 0.14ms
[522.608s][info][gc,phases   ] GC(930)   Evacuate Collection Set: 74.78ms
[522.608s][info][gc,phases   ] GC(930)   Post Evacuate Collection Set: 0.88ms
[522.608s][info][gc,phases   ] GC(930)   Other: 0.19ms
[522.608s][info][gc,heap     ] GC(930) Eden regions: 121->0(350)
[522.608s][info][gc,heap     ] GC(930) Survivor regions: 42->23(49)
[522.608s][info][gc,heap     ] GC(930) Old regions: 190->231
[522.608s][info][gc,heap     ] GC(930) Humongous regions: 17->17
[522.608s][info][gc,metaspace] GC(930) Metaspace: 43078K(43520K)->43078K(43520K) NonClass: 38737K(38976K)->38737K(38976K) Class: 4341K(4544K)->4341K(4544K)
[522.608s][info][gc          ] GC(930) Pause Young (Concurrent Start) (G1 Humongous Allocation) 369M->270M(715M) 76.527ms
[522.608s][info][gc,cpu      ] GC(930) User=0.15s Sys=0.00s Real=0.08s
[522.608s][info][gc          ] GC(931) Concurrent Mark Cycle
[522.608s][info][gc,marking  ] GC(931) Concurrent Scan Root Regions
[522.668s][info][gc,marking  ] GC(931) Concurrent Scan Root Regions 59.628ms
[522.668s][info][gc,marking  ] GC(931) Concurrent Mark
[522.668s][info][gc,marking  ] GC(931) Concurrent Mark From Roots
[522.668s][info][gc,task     ] GC(931) Using 1 workers of 1 for marking
[522.742s][info][gc,marking  ] GC(931) Concurrent Mark From Roots 74.861ms
[522.743s][info][gc,marking  ] GC(931) Concurrent Preclean
[522.743s][info][gc,marking  ] GC(931) Concurrent Preclean 0.299ms
[522.743s][info][gc,start    ] GC(931) Pause Remark
[522.766s][info][gc          ] GC(931) Pause Remark 278M->177M(574M) 22.644ms
[522.766s][info][gc,cpu      ] GC(931) User=0.04s Sys=0.00s Real=0.02s
[522.766s][info][gc,marking  ] GC(931) Concurrent Mark 98.165ms
[522.766s][info][gc,marking  ] GC(931) Concurrent Rebuild Remembered Sets and Scrub Regions
[522.838s][info][gc,marking  ] GC(931) Concurrent Rebuild Remembered Sets and Scrub Regions 72.036ms
[522.838s][info][gc,start    ] GC(931) Pause Cleanup
[522.838s][info][gc          ] GC(931) Pause Cleanup 180M->180M(574M) 0.097ms
[522.838s][info][gc,cpu      ] GC(931) User=0.00s Sys=0.00s Real=0.00s
[522.838s][info][gc,marking  ] GC(931) Concurrent Clear Claimed Marks
[522.839s][info][gc,marking  ] GC(931) Concurrent Clear Claimed Marks 0.044ms
[522.839s][info][gc,marking  ] GC(931) Concurrent Cleanup for Next Mark
[522.846s][info][gc,marking  ] GC(931) Concurrent Cleanup for Next Mark 7.491ms
[522.846s][info][gc          ] GC(931) Concurrent Mark Cycle 238.169ms
[524.985s][info][gc,start    ] GC(932) Pause Young (Prepare Mixed) (G1 Evacuation Pause)
[524.985s][info][gc,task     ] GC(932) Using 2 workers of 2 for evacuation
[525.022s][info][gc,phases   ] GC(932)   Pre Evacuate Collection Set: 0.35ms
[525.022s][info][gc,phases   ] GC(932)   Merge Heap Roots: 0.31ms
[525.022s][info][gc,phases   ] GC(932)   Evacuate Collection Set: 35.58ms
[525.022s][info][gc,phases   ] GC(932)   Post Evacuate Collection Set: 0.62ms
[525.022s][info][gc,phases   ] GC(932)   Other: 0.10ms
[525.022s][info][gc,heap     ] GC(932) Eden regions: 321->0(317)
[525.022s][info][gc,heap     ] GC(932) Survivor regions: 23->12(43)
[525.022s][info][gc,heap     ] GC(932) Old regions: 140->153
[525.022s][info][gc,heap     ] GC(932) Humongous regions: 15->13
[525.022s][info][gc,metaspace] GC(932) Metaspace: 43078K(43520K)->43078K(43520K) NonClass: 38737K(38976K)->38737K(38976K) Class: 4341K(4544K)->4341K(4544K)
[525.023s][info][gc          ] GC(932) Pause Young (Prepare Mixed) (G1 Evacuation Pause) 498M->177M(574M) 37.162ms
[525.023s][info][gc,cpu      ] GC(932) User=0.08s Sys=0.00s Real=0.04s
[527.041s][info][gc,start    ] GC(933) Pause Young (Mixed) (G1 Evacuation Pause)
[527.041s][info][gc,task     ] GC(933) Using 2 workers of 2 for evacuation
[527.055s][info][gc,phases   ] GC(933)   Pre Evacuate Collection Set: 0.42ms
[527.055s][info][gc,phases   ] GC(933)   Merge Heap Roots: 0.16ms
[527.055s][info][gc,phases   ] GC(933)   Evacuate Collection Set: 12.44ms
[527.055s][info][gc,phases   ] GC(933)   Post Evacuate Collection Set: 0.60ms
[527.055s][info][gc,phases   ] GC(933)   Other: 0.13ms
[527.055s][info][gc,heap     ] GC(933) Eden regions: 317->0(333)
[527.055s][info][gc,heap     ] GC(933) Survivor regions: 12->11(42)
[527.055s][info][gc,heap     ] GC(933) Old regions: 153->132
[527.055s][info][gc,heap     ] GC(933) Humongous regions: 13->13
[527.055s][info][gc,metaspace] GC(933) Metaspace: 43078K(43520K)->43078K(43520K) NonClass: 38737K(38976K)->38737K(38976K) Class: 4341K(4544K)->4341K(4544K)
[527.055s][info][gc          ] GC(933) Pause Young (Mixed) (G1 Evacuation Pause) 494M->155M(574M) 13.979ms
[527.055s][info][gc,cpu      ] GC(933) User=0.02s Sys=0.01s Real=0.02s
[527.459s][info][gc,start    ] GC(934) Pause Young (Concurrent Start) (G1 Humongous Allocation)
[527.459s][info][gc,task     ] GC(934) Using 2 workers of 2 for evacuation
[527.472s][info][gc,phases   ] GC(934)   Pre Evacuate Collection Set: 0.28ms
[527.472s][info][gc,phases   ] GC(934)   Merge Heap Roots: 0.12ms
[527.472s][info][gc,phases   ] GC(934)   Evacuate Collection Set: 11.99ms
[527.472s][info][gc,phases   ] GC(934)   Post Evacuate Collection Set: 0.41ms
[527.472s][info][gc,phases   ] GC(934)   Other: 0.09ms
[527.472s][info][gc,heap     ] GC(934) Eden regions: 63->0(333)
[527.472s][info][gc,heap     ] GC(934) Survivor regions: 11->11(43)
[527.472s][info][gc,heap     ] GC(934) Old regions: 132->132
[527.472s][info][gc,heap     ] GC(934) Humongous regions: 13->13
[527.472s][info][gc,metaspace] GC(934) Metaspace: 43078K(43520K)->43078K(43520K) NonClass: 38737K(38976K)->38737K(38976K) Class: 4341K(4544K)->4341K(4544K)
[527.472s][info][gc          ] GC(934) Pause Young (Concurrent Start) (G1 Humongous Allocation) 218M->155M(574M) 13.088ms
[527.472s][info][gc,cpu      ] GC(934) User=0.02s Sys=0.00s Real=0.01s
[527.472s][info][gc          ] GC(935) Concurrent Mark Cycle
[527.472s][info][gc,marking  ] GC(935) Concurrent Scan Root Regions
[527.479s][info][gc,marking  ] GC(935) Concurrent Scan Root Regions 6.933ms
[527.479s][info][gc,marking  ] GC(935) Concurrent Mark
[527.479s][info][gc,marking  ] GC(935) Concurrent Mark From Roots
[527.479s][info][gc,task     ] GC(935) Using 1 workers of 1 for marking
[527.511s][info][gc,marking  ] GC(935) Concurrent Mark From Roots 32.479ms
[527.511s][info][gc,marking  ] GC(935) Concurrent Preclean
[527.511s][info][gc,marking  ] GC(935) Concurrent Preclean 0.038ms
[527.512s][info][gc,start    ] GC(935) Pause Remark
[527.529s][info][gc          ] GC(935) Pause Remark 163M->75M(256M) 17.805ms
[527.529s][info][gc,cpu      ] GC(935) User=0.03s Sys=0.00s Real=0.02s
[527.530s][info][gc,marking  ] GC(935) Concurrent Mark 50.628ms
[527.530s][info][gc,marking  ] GC(935) Concurrent Rebuild Remembered Sets and Scrub Regions
[527.542s][info][gc,marking  ] GC(935) Concurrent Rebuild Remembered Sets and Scrub Regions 11.979ms
[527.542s][info][gc,start    ] GC(935) Pause Cleanup
[527.542s][info][gc          ] GC(935) Pause Cleanup 77M->77M(256M) 0.051ms
[527.542s][info][gc,cpu      ] GC(935) User=0.00s Sys=0.00s Real=0.00s
[527.542s][info][gc,marking  ] GC(935) Concurrent Clear Claimed Marks
[527.542s][info][gc,marking  ] GC(935) Concurrent Clear Claimed Marks 0.039ms
[527.542s][info][gc,marking  ] GC(935) Concurrent Cleanup for Next Mark
[527.543s][info][gc,marking  ] GC(935) Concurrent Cleanup for Next Mark 0.770ms
[527.543s][info][gc          ] GC(935) Concurrent Mark Cycle 70.804ms
[528.387s][info][gc,start    ] GC(936) Pause Young (Prepare Mixed) (G1 Evacuation Pause)
[528.387s][info][gc,task     ] GC(936) Using 2 workers of 2 for evacuation
[528.395s][info][gc,phases   ] GC(936)   Pre Evacuate Collection Set: 0.23ms
[528.395s][info][gc,phases   ] GC(936)   Merge Heap Roots: 0.10ms
[528.395s][info][gc,phases   ] GC(936)   Evacuate Collection Set: 6.43ms
[528.395s][info][gc,phases   ] GC(936)   Post Evacuate Collection Set: 0.47ms
[528.395s][info][gc,phases   ] GC(936)   Other: 0.07ms
[528.397s][info][gc,heap     ] GC(936) Eden regions: 142->0(150)
[528.397s][info][gc,heap     ] GC(936) Survivor regions: 11->3(20)
[528.397s][info][gc,heap     ] GC(936) Old regions: 55->62
[528.397s][info][gc,heap     ] GC(936) Humongous regions: 2->1
[528.397s][info][gc,metaspace] GC(936) Metaspace: 43078K(43520K)->43078K(43520K) NonClass: 38737K(38976K)->38737K(38976K) Class: 4341K(4544K)->4341K(4544K)
[528.397s][info][gc          ] GC(936) Pause Young (Prepare Mixed) (G1 Evacuation Pause) 209M->65M(256M) 9.364ms
[528.397s][info][gc,cpu      ] GC(936) User=0.01s Sys=0.01s Real=0.01s
[529.225s][info][gc,start    ] GC(937) Pause Young (Mixed) (G1 Evacuation Pause)
[529.225s][info][gc,task     ] GC(937) Using 2 workers of 2 for evacuation
[529.247s][info][gc,phases   ] GC(937)   Pre Evacuate Collection Set: 0.25ms
[529.247s][info][gc,phases   ] GC(937)   Merge Heap Roots: 0.15ms
[529.247s][info][gc,phases   ] GC(937)   Evacuate Collection Set: 21.02ms
[529.247s][info][gc,phases   ] GC(937)   Post Evacuate Collection Set: 0.50ms
[529.247s][info][gc,phases   ] GC(937)   Other: 0.07ms
[529.247s][info][gc,heap     ] GC(937) Eden regions: 150->0(133)
[529.247s][info][gc,heap     ] GC(937) Survivor regions: 3->20(20)
[529.247s][info][gc,heap     ] GC(937) Old regions: 62->52
[529.247s][info][gc,heap     ] GC(937) Humongous regions: 3->3
[529.247s][info][gc,metaspace] GC(937) Metaspace: 43078K(43520K)->43078K(43520K) NonClass: 38737K(38976K)->38737K(38976K) Class: 4341K(4544K)->4341K(4544K)
[529.247s][info][gc          ] GC(937) Pause Young (Mixed) (G1 Evacuation Pause) 217M->75M(256M) 22.208ms
[529.247s][info][gc,cpu      ] GC(937) User=0.04s Sys=0.00s Real=0.02s
[529.514s][info][gc,start    ] GC(938) Pause Young (Concurrent Start) (G1 Humongous Allocation)
[529.514s][info][gc,task     ] GC(938) Using 2 workers of 2 for evacuation
[529.545s][info][gc,phases   ] GC(938)   Pre Evacuate Collection Set: 0.22ms
[529.545s][info][gc,phases   ] GC(938)   Merge Heap Roots: 0.08ms
[529.545s][info][gc,phases   ] GC(938)   Evacuate Collection Set: 29.78ms
[529.545s][info][gc,phases   ] GC(938)   Post Evacuate Collection Set: 0.41ms
[529.545s][info][gc,phases   ] GC(938)   Other: 0.11ms
[529.545s][info][gc,heap     ] GC(938) Eden regions: 101->0(132)
[529.545s][info][gc,heap     ] GC(938) Survivor regions: 20->14(20)
[529.545s][info][gc,heap     ] GC(938) Old regions: 52->72
[529.545s][info][gc,heap     ] GC(938) Humongous regions: 3->3
[529.545s][info][gc,metaspace] GC(938) Metaspace: 43078K(43520K)->43078K(43520K) NonClass: 38737K(38976K)->38737K(38976K) Class: 4341K(4544K)->4341K(4544K)
[529.545s][info][gc          ] GC(938) Pause Young (Concurrent Start) (G1 Humongous Allocation) 175M->88M(256M) 30.834ms
[529.545s][info][gc,cpu      ] GC(938) User=0.06s Sys=0.01s Real=0.03s
[529.545s][info][gc          ] GC(939) Concurrent Mark Cycle
[529.545s][info][gc,marking  ] GC(939) Concurrent Scan Root Regions
[529.569s][info][gc,marking  ] GC(939) Concurrent Scan Root Regions 24.477ms
[529.570s][info][gc,marking  ] GC(939) Concurrent Mark
[529.570s][info][gc,marking  ] GC(939) Concurrent Mark From Roots
[529.570s][info][gc,task     ] GC(939) Using 1 workers of 1 for marking
[529.603s][info][gc,marking  ] GC(939) Concurrent Mark From Roots 33.145ms
[529.603s][info][gc,marking  ] GC(939) Concurrent Preclean
[529.603s][info][gc,marking  ] GC(939) Concurrent Preclean 0.041ms
[529.603s][info][gc,start    ] GC(939) Pause Remark
[529.621s][info][gc          ] GC(939) Pause Remark 108M->107M(256M) 18.036ms
[529.621s][info][gc,cpu      ] GC(939) User=0.04s Sys=0.00s Real=0.01s
[529.621s][info][gc,marking  ] GC(939) Concurrent Mark 51.555ms
[529.621s][info][gc,marking  ] GC(939) Concurrent Rebuild Remembered Sets and Scrub Regions
[529.650s][info][gc,marking  ] GC(939) Concurrent Rebuild Remembered Sets and Scrub Regions 29.301ms
[529.651s][info][gc,start    ] GC(939) Pause Cleanup
[529.651s][info][gc          ] GC(939) Pause Cleanup 118M->118M(256M) 0.064ms
[529.651s][info][gc,cpu      ] GC(939) User=0.00s Sys=0.00s Real=0.00s
[529.651s][info][gc,marking  ] GC(939) Concurrent Clear Claimed Marks
[529.651s][info][gc,marking  ] GC(939) Concurrent Clear Claimed Marks 0.068ms
[529.651s][info][gc,marking  ] GC(939) Concurrent Cleanup for Next Mark
[529.652s][info][gc,marking  ] GC(939) Concurrent Cleanup for Next Mark 0.804ms
[529.652s][info][gc          ] GC(939) Concurrent Mark Cycle 106.649ms
[529.915s][info][gc,start    ] GC(940) Pause Young (Prepare Mixed) (G1 Evacuation Pause)
[529.915s][info][gc,task     ] GC(940) Using 2 workers of 2 for evacuation
[529.946s][info][gc,phases   ] GC(940)   Pre Evacuate Collection Set: 0.26ms
[529.946s][info][gc,phases   ] GC(940)   Merge Heap Roots: 0.08ms
[529.946s][info][gc,phases   ] GC(940)   Evacuate Collection Set: 29.64ms
[529.946s][info][gc,phases   ] GC(940)   Post Evacuate Collection Set: 0.41ms
[529.946s][info][gc,phases   ] GC(940)   Other: 0.08ms
[529.946s][info][gc,heap     ] GC(940) Eden regions: 132->0(117)
[529.946s][info][gc,heap     ] GC(940) Survivor regions: 14->16(19)
[529.946s][info][gc,heap     ] GC(940) Old regions: 71->84
[529.946s][info][gc,heap     ] GC(940) Humongous regions: 4->4
[529.946s][info][gc,metaspace] GC(940) Metaspace: 43078K(43520K)->43078K(43520K) NonClass: 38737K(38976K)->38737K(38976K) Class: 4341K(4544K)->4341K(4544K)
[529.946s][info][gc          ] GC(940) Pause Young (Prepare Mixed) (G1 Evacuation Pause) 220M->104M(256M) 30.674ms
[529.946s][info][gc,cpu      ] GC(940) User=0.06s Sys=0.00s Real=0.03s
[530.240s][info][gc,start    ] GC(941) Pause Young (Mixed) (G1 Evacuation Pause)
[530.240s][info][gc,task     ] GC(941) Using 2 workers of 2 for evacuation
[530.278s][info][gc,phases   ] GC(941)   Pre Evacuate Collection Set: 0.18ms
[530.278s][info][gc,phases   ] GC(941)   Merge Heap Roots: 0.14ms
[530.278s][info][gc,phases   ] GC(941)   Evacuate Collection Set: 36.65ms
[530.278s][info][gc,phases   ] GC(941)   Post Evacuate Collection Set: 0.53ms
[530.278s][info][gc,phases   ] GC(941)   Other: 0.11ms
[530.278s][info][gc,heap     ] GC(941) Eden regions: 117->0(119)
[530.278s][info][gc,heap     ] GC(941) Survivor regions: 16->14(17)
[530.278s][info][gc,heap     ] GC(941) Old regions: 84->81
[530.278s][info][gc,heap     ] GC(941) Humongous regions: 6->6
[530.278s][info][gc,metaspace] GC(941) Metaspace: 43078K(43520K)->43078K(43520K) NonClass: 38737K(38976K)->38737K(38976K) Class: 4341K(4544K)->4341K(4544K)
[530.278s][info][gc          ] GC(941) Pause Young (Mixed) (G1 Evacuation Pause) 223M->101M(256M) 37.850ms
[530.278s][info][gc,cpu      ] GC(941) User=0.07s Sys=0.00s Real=0.04s
[530.557s][info][gc,start    ] GC(942) Pause Young (Concurrent Start) (G1 Evacuation Pause)
[530.557s][info][gc,task     ] GC(942) Using 2 workers of 2 for evacuation
[530.590s][info][gc,phases   ] GC(942)   Pre Evacuate Collection Set: 0.18ms
[530.590s][info][gc,phases   ] GC(942)   Merge Heap Roots: 0.08ms
[530.590s][info][gc,phases   ] GC(942)   Evacuate Collection Set: 31.53ms
[530.590s][info][gc,phases   ] GC(942)   Post Evacuate Collection Set: 0.48ms
[530.590s][info][gc,phases   ] GC(942)   Other: 0.10ms
[530.590s][info][gc,heap     ] GC(942) Eden regions: 119->0(108)
[530.590s][info][gc,heap     ] GC(942) Survivor regions: 14->14(17)
[530.590s][info][gc,heap     ] GC(942) Old regions: 81->96
[530.590s][info][gc,heap     ] GC(942) Humongous regions: 6->6
[530.590s][info][gc,metaspace] GC(942) Metaspace: 43078K(43520K)->43078K(43520K) NonClass: 38737K(38976K)->38737K(38976K) Class: 4341K(4544K)->4341K(4544K)
[530.590s][info][gc          ] GC(942) Pause Young (Concurrent Start) (G1 Evacuation Pause) 220M->115M(256M) 32.645ms
[530.590s][info][gc,cpu      ] GC(942) User=0.06s Sys=0.00s Real=0.03s
[530.590s][info][gc          ] GC(943) Concurrent Mark Cycle
[530.590s][info][gc,marking  ] GC(943) Concurrent Scan Root Regions
[530.614s][info][gc,marking  ] GC(943) Concurrent Scan Root Regions 23.999ms
[530.614s][info][gc,marking  ] GC(943) Concurrent Mark
[530.614s][info][gc,marking  ] GC(943) Concurrent Mark From Roots
[530.614s][info][gc,task     ] GC(943) Using 1 workers of 1 for marking
[530.692s][info][gc,marking  ] GC(943) Concurrent Mark From Roots 77.956ms
[530.692s][info][gc,marking  ] GC(943) Concurrent Preclean
[530.692s][info][gc,marking  ] GC(943) Concurrent Preclean 0.041ms
[530.692s][info][gc,start    ] GC(943) Pause Remark
[530.709s][info][gc          ] GC(943) Pause Remark 154M->149M(256M) 16.752ms
[530.709s][info][gc,cpu      ] GC(943) User=0.03s Sys=0.00s Real=0.02s
[530.709s][info][gc,marking  ] GC(943) Concurrent Mark 95.076ms
[530.709s][info][gc,marking  ] GC(943) Concurrent Rebuild Remembered Sets and Scrub Regions
[530.757s][info][gc,marking  ] GC(943) Concurrent Rebuild Remembered Sets and Scrub Regions 47.793ms
[530.757s][info][gc,start    ] GC(943) Pause Cleanup
[530.757s][info][gc          ] GC(943) Pause Cleanup 156M->156M(256M) 0.061ms
[530.757s][info][gc,cpu      ] GC(943) User=0.00s Sys=0.00s Real=0.00s
[530.757s][info][gc,marking  ] GC(943) Concurrent Clear Claimed Marks
[530.757s][info][gc,marking  ] GC(943) Concurrent Clear Claimed Marks 0.043ms
[530.757s][info][gc,marking  ] GC(943) Concurrent Cleanup for Next Mark
[530.758s][info][gc,marking  ] GC(943) Concurrent Cleanup for Next Mark 0.782ms
[530.758s][info][gc          ] GC(943) Concurrent Mark Cycle 168.093ms
[530.916s][info][gc,start    ] GC(944) Pause Young (Prepare Mixed) (G1 Evacuation Pause)
[530.916s][info][gc,task     ] GC(944) Using 2 workers of 2 for evacuation
[530.952s][info][gc,phases   ] GC(944)   Pre Evacuate Collection Set: 0.16ms
[530.952s][info][gc,phases   ] GC(944)   Merge Heap Roots: 0.11ms
[530.952s][info][gc,phases   ] GC(944)   Evacuate Collection Set: 34.91ms
[530.952s][info][gc,phases   ] GC(944)   Post Evacuate Collection Set: 0.39ms
[530.952s][info][gc,phases   ] GC(944)   Other: 0.08ms
[530.952s][info][gc,heap     ] GC(944) Eden regions: 108->0(99)
[530.952s][info][gc,heap     ] GC(944) Survivor regions: 14->12(16)
[530.952s][info][gc,heap     ] GC(944) Old regions: 92->106
[530.952s][info][gc,heap     ] GC(944) Humongous regions: 9->9
[530.952s][info][gc,metaspace] GC(944) Metaspace: 43078K(43520K)->43078K(43520K) NonClass: 38737K(38976K)->38737K(38976K) Class: 4341K(4544K)->4341K(4544K)
[530.952s][info][gc          ] GC(944) Pause Young (Prepare Mixed) (G1 Evacuation Pause) 222M->126M(256M) 35.881ms
[530.952s][info][gc,cpu      ] GC(944) User=0.07s Sys=0.00s Real=0.03s
[531.450s][info][gc,start    ] GC(945) Pause Young (Mixed) (G1 Evacuation Pause)
[531.451s][info][gc,task     ] GC(945) Using 2 workers of 2 for evacuation
[531.501s][info][gc,phases   ] GC(945)   Pre Evacuate Collection Set: 0.18ms
[531.501s][info][gc,phases   ] GC(945)   Merge Heap Roots: 0.16ms
[531.501s][info][gc,phases   ] GC(945)   Evacuate Collection Set: 49.55ms
[531.501s][info][gc,phases   ] GC(945)   Post Evacuate Collection Set: 0.49ms
[531.501s][info][gc,phases   ] GC(945)   Other: 0.08ms
[531.501s][info][gc,heap     ] GC(945) Eden regions: 99->0(86)
[531.501s][info][gc,heap     ] GC(945) Survivor regions: 12->14(14)
[531.501s][info][gc,heap     ] GC(945) Old regions: 106->116
[531.501s][info][gc,heap     ] GC(945) Humongous regions: 11->11
[531.501s][info][gc,metaspace] GC(945) Metaspace: 43078K(43520K)->43078K(43520K) NonClass: 38737K(38976K)->38737K(38976K) Class: 4341K(4544K)->4341K(4544K)
[531.501s][info][gc          ] GC(945) Pause Young (Mixed) (G1 Evacuation Pause) 227M->140M(265M) 50.694ms
[531.501s][info][gc,cpu      ] GC(945) User=0.10s Sys=0.00s Real=0.05s
[531.559s][info][gc,start    ] GC(946) Pause Young (Concurrent Start) (G1 Humongous Allocation)
[531.559s][info][gc,task     ] GC(946) Using 2 workers of 2 for evacuation
[531.585s][info][gc,phases   ] GC(946)   Pre Evacuate Collection Set: 0.19ms
[531.585s][info][gc,phases   ] GC(946)   Merge Heap Roots: 0.14ms
[531.585s][info][gc,phases   ] GC(946)   Evacuate Collection Set: 24.30ms
[531.585s][info][gc,phases   ] GC(946)   Post Evacuate Collection Set: 1.31ms
[531.585s][info][gc,phases   ] GC(946)   Other: 0.11ms
[531.585s][info][gc,heap     ] GC(946) Eden regions: 4->0(112)
[531.585s][info][gc,heap     ] GC(946) Survivor regions: 14->5(13)
[531.585s][info][gc,heap     ] GC(946) Old regions: 116->130
[531.585s][info][gc,heap     ] GC(946) Humongous regions: 11->11
[531.585s][info][gc,metaspace] GC(946) Metaspace: 43078K(43520K)->43078K(43520K) NonClass: 38737K(38976K)->38737K(38976K) Class: 4341K(4544K)->4341K(4544K)
[531.585s][info][gc          ] GC(946) Pause Young (Concurrent Start) (G1 Humongous Allocation) 144M->144M(408M) 26.292ms
[531.585s][info][gc,cpu      ] GC(946) User=0.05s Sys=0.00s Real=0.03s
[531.585s][info][gc          ] GC(947) Concurrent Undo Cycle
[531.585s][info][gc,marking  ] GC(947) Concurrent Clear Claimed Marks
[531.585s][info][gc,marking  ] GC(947) Concurrent Clear Claimed Marks 0.040ms
[531.585s][info][gc,marking  ] GC(947) Concurrent Cleanup for Next Mark
[531.587s][info][gc,marking  ] GC(947) Concurrent Cleanup for Next Mark 2.185ms
[531.587s][info][gc          ] GC(947) Concurrent Undo Cycle 2.303ms
[532.679s][info][gc,start    ] GC(948) Pause Young (Normal) (G1 Evacuation Pause)
[532.679s][info][gc,task     ] GC(948) Using 2 workers of 2 for evacuation
[532.710s][info][gc,phases   ] GC(948)   Pre Evacuate Collection Set: 0.22ms
[532.710s][info][gc,phases   ] GC(948)   Merge Heap Roots: 0.19ms
[532.710s][info][gc,phases   ] GC(948)   Evacuate Collection Set: 30.50ms
[532.710s][info][gc,phases   ] GC(948)   Post Evacuate Collection Set: 0.46ms
[532.710s][info][gc,phases   ] GC(948)   Other: 0.07ms
[532.710s][info][gc,heap     ] GC(948) Eden regions: 112->0(115)
[532.710s][info][gc,heap     ] GC(948) Survivor regions: 5->15(15)
[532.710s][info][gc,heap     ] GC(948) Old regions: 130->132
[532.710s][info][gc,heap     ] GC(948) Humongous regions: 17->15
[532.710s][info][gc,metaspace] GC(948) Metaspace: 43078K(43520K)->43078K(43520K) NonClass: 38737K(38976K)->38737K(38976K) Class: 4341K(4544K)->4341K(4544K)
[532.710s][info][gc          ] GC(948) Pause Young (Normal) (G1 Evacuation Pause) 262M->161M(408M) 31.675ms
[532.710s][info][gc,cpu      ] GC(948) User=0.05s Sys=0.02s Real=0.03s
[533.250s][info][gc,start    ] GC(949) Pause Young (Normal) (G1 Evacuation Pause)
[533.250s][info][gc,task     ] GC(949) Using 2 workers of 2 for evacuation
[533.273s][info][gc,phases   ] GC(949)   Pre Evacuate Collection Set: 0.30ms
[533.273s][info][gc,phases   ] GC(949)   Merge Heap Roots: 0.15ms
[533.273s][info][gc,phases   ] GC(949)   Evacuate Collection Set: 21.41ms
[533.273s][info][gc,phases   ] GC(949)   Post Evacuate Collection Set: 0.44ms
[533.273s][info][gc,phases   ] GC(949)   Other: 0.13ms
[533.273s][info][gc,heap     ] GC(949) Eden regions: 115->0(124)
[533.273s][info][gc,heap     ] GC(949) Survivor regions: 15->5(17)
[533.273s][info][gc,heap     ] GC(949) Old regions: 132->147
[533.273s][info][gc,heap     ] GC(949) Humongous regions: 15->15
[533.273s][info][gc,metaspace] GC(949) Metaspace: 43078K(43520K)->43078K(43520K) NonClass: 38737K(38976K)->38737K(38976K) Class: 4341K(4544K)->4341K(4544K)
[533.273s][info][gc          ] GC(949) Pause Young (Normal) (G1 Evacuation Pause) 276M->166M(408M) 22.633ms
[533.273s][info][gc,cpu      ] GC(949) User=0.04s Sys=0.00s Real=0.03s
[533.961s][info][gc,start    ] GC(950) Pause Young (Concurrent Start) (G1 Evacuation Pause)
[533.961s][info][gc,task     ] GC(950) Using 2 workers of 2 for evacuation
[533.978s][info][gc,phases   ] GC(950)   Pre Evacuate Collection Set: 0.22ms
[533.978s][info][gc,phases   ] GC(950)   Merge Heap Roots: 0.06ms
[533.978s][info][gc,phases   ] GC(950)   Evacuate Collection Set: 16.04ms
[533.978s][info][gc,phases   ] GC(950)   Post Evacuate Collection Set: 0.44ms
[533.978s][info][gc,phases   ] GC(950)   Other: 0.10ms
[533.978s][info][gc,heap     ] GC(950) Eden regions: 124->0(128)
[533.978s][info][gc,heap     ] GC(950) Survivor regions: 5->14(17)
[533.978s][info][gc,heap     ] GC(950) Old regions: 147->147
[533.978s][info][gc,heap     ] GC(950) Humongous regions: 15->15
[533.978s][info][gc,metaspace] GC(950) Metaspace: 43078K(43520K)->43078K(43520K) NonClass: 38737K(38976K)->38737K(38976K) Class: 4341K(4544K)->4341K(4544K)
[533.978s][info][gc          ] GC(950) Pause Young (Concurrent Start) (G1 Evacuation Pause) 290M->175M(408M) 17.082ms
[533.978s][info][gc,cpu      ] GC(950) User=0.02s Sys=0.00s Real=0.02s
[533.978s][info][gc          ] GC(951) Concurrent Mark Cycle
[533.978s][info][gc,marking  ] GC(951) Concurrent Scan Root Regions
[533.990s][info][gc,marking  ] GC(951) Concurrent Scan Root Regions 12.461ms
[533.990s][info][gc,marking  ] GC(951) Concurrent Mark
[533.990s][info][gc,marking  ] GC(951) Concurrent Mark From Roots
[533.990s][info][gc,task     ] GC(951) Using 1 workers of 1 for marking
[534.063s][info][gc,marking  ] GC(951) Concurrent Mark From Roots 73.071ms
[534.064s][info][gc,marking  ] GC(951) Concurrent Preclean
[534.064s][info][gc,marking  ] GC(951) Concurrent Preclean 0.040ms
[534.064s][info][gc,start    ] GC(951) Pause Remark
[534.081s][info][gc          ] GC(951) Pause Remark 186M->74M(256M) 17.164ms
[534.081s][info][gc,cpu      ] GC(951) User=0.04s Sys=0.00s Real=0.01s
[534.081s][info][gc,marking  ] GC(951) Concurrent Mark 90.559ms
[534.081s][info][gc,marking  ] GC(951) Concurrent Rebuild Remembered Sets and Scrub Regions
[534.096s][info][gc,marking  ] GC(951) Concurrent Rebuild Remembered Sets and Scrub Regions 14.700ms
[534.096s][info][gc,start    ] GC(951) Pause Cleanup
[534.096s][info][gc          ] GC(951) Pause Cleanup 76M->76M(256M) 0.049ms
[534.096s][info][gc,cpu      ] GC(951) User=0.00s Sys=0.00s Real=0.00s
[534.096s][info][gc,marking  ] GC(951) Concurrent Clear Claimed Marks
[534.096s][info][gc,marking  ] GC(951) Concurrent Clear Claimed Marks 0.039ms
[534.096s][info][gc,marking  ] GC(951) Concurrent Cleanup for Next Mark
[534.097s][info][gc,marking  ] GC(951) Concurrent Cleanup for Next Mark 0.952ms
[534.097s][info][gc          ] GC(951) Concurrent Mark Cycle 119.069ms
[534.830s][info][gc,start    ] GC(952) Pause Young (Prepare Mixed) (G1 Evacuation Pause)
[534.830s][info][gc,task     ] GC(952) Using 2 workers of 2 for evacuation
[534.850s][info][gc,phases   ] GC(952)   Pre Evacuate Collection Set: 0.18ms
[534.850s][info][gc,phases   ] GC(952)   Merge Heap Roots: 0.07ms
[534.850s][info][gc,phases   ] GC(952)   Evacuate Collection Set: 19.24ms
[534.850s][info][gc,phases   ] GC(952)   Post Evacuate Collection Set: 0.55ms
[534.850s][info][gc,phases   ] GC(952)   Other: 0.08ms
[534.850s][info][gc,heap     ] GC(952) Eden regions: 128->0(111)
[534.850s][info][gc,heap     ] GC(952) Survivor regions: 14->17(18)
[534.850s][info][gc,heap     ] GC(952) Old regions: 49->54
[534.850s][info][gc,heap     ] GC(952) Humongous regions: 1->1
[534.850s][info][gc,metaspace] GC(952) Metaspace: 43078K(43520K)->43078K(43520K) NonClass: 38737K(38976K)->38737K(38976K) Class: 4341K(4544K)->4341K(4544K)
[534.850s][info][gc          ] GC(952) Pause Young (Prepare Mixed) (G1 Evacuation Pause) 191M->71M(256M) 20.374ms
[534.850s][info][gc,cpu      ] GC(952) User=0.04s Sys=0.00s Real=0.02s
[535.501s][info][gc,start    ] GC(953) Pause Young (Mixed) (G1 Evacuation Pause)
[535.501s][info][gc,task     ] GC(953) Using 2 workers of 2 for evacuation
[535.526s][info][gc,phases   ] GC(953)   Pre Evacuate Collection Set: 0.19ms
[535.526s][info][gc,phases   ] GC(953)   Merge Heap Roots: 0.08ms
[535.526s][info][gc,phases   ] GC(953)   Evacuate Collection Set: 23.96ms
[535.526s][info][gc,phases   ] GC(953)   Post Evacuate Collection Set: 0.41ms
[535.526s][info][gc,phases   ] GC(953)   Other: 0.08ms
[535.526s][info][gc,heap     ] GC(953) Eden regions: 111->0(113)
[535.526s][info][gc,heap     ] GC(953) Survivor regions: 17->12(16)
[535.526s][info][gc,heap     ] GC(953) Old regions: 54->65
[535.526s][info][gc,heap     ] GC(953) Humongous regions: 1->1
[535.526s][info][gc,metaspace] GC(953) Metaspace: 43078K(43520K)->43078K(43520K) NonClass: 38737K(38976K)->38737K(38976K) Class: 4341K(4544K)->4341K(4544K)
[535.526s][info][gc          ] GC(953) Pause Young (Mixed) (G1 Evacuation Pause) 182M->76M(256M) 24.941ms
[535.526s][info][gc,cpu      ] GC(953) User=0.05s Sys=0.00s Real=0.03s
[536.254s][info][gc,start    ] GC(954) Pause Young (Concurrent Start) (G1 Evacuation Pause)
[536.254s][info][gc,task     ] GC(954) Using 2 workers of 2 for evacuation
[536.276s][info][gc,phases   ] GC(954)   Pre Evacuate Collection Set: 0.19ms
[536.276s][info][gc,phases   ] GC(954)   Merge Heap Roots: 0.08ms
[536.276s][info][gc,phases   ] GC(954)   Evacuate Collection Set: 20.63ms
[536.276s][info][gc,phases   ] GC(954)   Post Evacuate Collection Set: 0.42ms
[536.276s][info][gc,phases   ] GC(954)   Other: 0.10ms
[536.276s][info][gc,heap     ] GC(954) Eden regions: 113->0(112)
[536.276s][info][gc,heap     ] GC(954) Survivor regions: 12->11(16)
[536.276s][info][gc,heap     ] GC(954) Old regions: 65->76
[536.276s][info][gc,heap     ] GC(954) Humongous regions: 1->1
[536.276s][info][gc,metaspace] GC(954) Metaspace: 43078K(43520K)->43078K(43520K) NonClass: 38737K(38976K)->38737K(38976K) Class: 4341K(4544K)->4341K(4544K)
[536.276s][info][gc          ] GC(954) Pause Young (Concurrent Start) (G1 Evacuation Pause) 189M->87M(256M) 21.645ms
[536.276s][info][gc,cpu      ] GC(954) User=0.04s Sys=0.00s Real=0.02s
[536.276s][info][gc          ] GC(955) Concurrent Mark Cycle
[536.276s][info][gc,marking  ] GC(955) Concurrent Scan Root Regions
[536.293s][info][gc,marking  ] GC(955) Concurrent Scan Root Regions 17.398ms
[536.293s][info][gc,marking  ] GC(955) Concurrent Mark
[536.293s][info][gc,marking  ] GC(955) Concurrent Mark From Roots
[536.293s][info][gc,task     ] GC(955) Using 1 workers of 1 for marking
[536.336s][info][gc,marking  ] GC(955) Concurrent Mark From Roots 42.500ms
[536.336s][info][gc,marking  ] GC(955) Concurrent Preclean
[536.336s][info][gc,marking  ] GC(955) Concurrent Preclean 0.046ms
[536.336s][info][gc,start    ] GC(955) Pause Remark
[536.353s][info][gc          ] GC(955) Pause Remark 98M->94M(256M) 16.863ms
[536.353s][info][gc,cpu      ] GC(955) User=0.04s Sys=0.00s Real=0.02s
[536.354s][info][gc,marking  ] GC(955) Concurrent Mark 60.770ms
[536.354s][info][gc,marking  ] GC(955) Concurrent Rebuild Remembered Sets and Scrub Regions
[536.382s][info][gc,marking  ] GC(955) Concurrent Rebuild Remembered Sets and Scrub Regions 28.180ms
[536.383s][info][gc,start    ] GC(955) Pause Cleanup
[536.383s][info][gc          ] GC(955) Pause Cleanup 99M->99M(256M) 0.055ms
[536.383s][info][gc,cpu      ] GC(955) User=0.00s Sys=0.00s Real=0.00s
[536.383s][info][gc,marking  ] GC(955) Concurrent Clear Claimed Marks
[536.383s][info][gc,marking  ] GC(955) Concurrent Clear Claimed Marks 0.041ms
[536.383s][info][gc,marking  ] GC(955) Concurrent Cleanup for Next Mark
[536.384s][info][gc,marking  ] GC(955) Concurrent Cleanup for Next Mark 0.759ms
[536.384s][info][gc          ] GC(955) Concurrent Mark Cycle 107.589ms
[536.990s][info][gc,start    ] GC(956) Pause Young (Prepare Mixed) (G1 Evacuation Pause)
[536.990s][info][gc,task     ] GC(956) Using 2 workers of 2 for evacuation
[537.004s][info][gc,phases   ] GC(956)   Pre Evacuate Collection Set: 0.18ms
[537.004s][info][gc,phases   ] GC(956)   Merge Heap Roots: 0.09ms
[537.004s][info][gc,phases   ] GC(956)   Evacuate Collection Set: 13.29ms
[537.004s][info][gc,phases   ] GC(956)   Post Evacuate Collection Set: 0.43ms
[537.004s][info][gc,phases   ] GC(956)   Other: 0.08ms
[537.004s][info][gc,heap     ] GC(956) Eden regions: 112->0(115)
[537.004s][info][gc,heap     ] GC(956) Survivor regions: 11->11(16)
[537.004s][info][gc,heap     ] GC(956) Old regions: 72->76
[537.004s][info][gc,heap     ] GC(956) Humongous regions: 2->2
[537.004s][info][gc,metaspace] GC(956) Metaspace: 43078K(43520K)->43078K(43520K) NonClass: 38737K(38976K)->38737K(38976K) Class: 4341K(4544K)->4341K(4544K)
[537.004s][info][gc          ] GC(956) Pause Young (Prepare Mixed) (G1 Evacuation Pause) 197M->88M(256M) 14.284ms
[537.004s][info][gc,cpu      ] GC(956) User=0.03s Sys=0.00s Real=0.02s
[537.700s][info][gc,start    ] GC(957) Pause Young (Mixed) (G1 Evacuation Pause)
[537.700s][info][gc,task     ] GC(957) Using 2 workers of 2 for evacuation
[537.719s][info][gc,phases   ] GC(957)   Pre Evacuate Collection Set: 0.20ms
[537.719s][info][gc,phases   ] GC(957)   Merge Heap Roots: 0.19ms
[537.719s][info][gc,phases   ] GC(957)   Evacuate Collection Set: 18.37ms
[537.719s][info][gc,phases   ] GC(957)   Post Evacuate Collection Set: 0.44ms
[537.719s][info][gc,phases   ] GC(957)   Other: 0.08ms
[537.719s][info][gc,heap     ] GC(957) Eden regions: 115->0(128)
[537.719s][info][gc,heap     ] GC(957) Survivor regions: 11->11(16)
[537.719s][info][gc,heap     ] GC(957) Old regions: 76->59
[537.719s][info][gc,heap     ] GC(957) Humongous regions: 2->2
[537.719s][info][gc,metaspace] GC(957) Metaspace: 43078K(43520K)->43078K(43520K) NonClass: 38737K(38976K)->38737K(38976K) Class: 4341K(4544K)->4341K(4544K)
[537.719s][info][gc          ] GC(957) Pause Young (Mixed) (G1 Evacuation Pause) 203M->71M(256M) 19.498ms
[537.719s][info][gc,cpu      ] GC(957) User=0.04s Sys=0.00s Real=0.02s
[537.914s][info][gc,start    ] GC(958) Pause Young (Concurrent Start) (G1 Humongous Allocation)
[537.914s][info][gc,task     ] GC(958) Using 2 workers of 2 for evacuation
[537.929s][info][gc,phases   ] GC(958)   Pre Evacuate Collection Set: 0.17ms
[537.929s][info][gc,phases   ] GC(958)   Merge Heap Roots: 0.05ms
[537.929s][info][gc,phases   ] GC(958)   Evacuate Collection Set: 14.36ms
[537.929s][info][gc,phases   ] GC(958)   Post Evacuate Collection Set: 0.33ms
[537.929s][info][gc,phases   ] GC(958)   Other: 0.10ms
[537.929s][info][gc,heap     ] GC(958) Eden regions: 44->0(125)
[537.929s][info][gc,heap     ] GC(958) Survivor regions: 11->8(18)
[537.929s][info][gc,heap     ] GC(958) Old regions: 59->70
[537.929s][info][gc,heap     ] GC(958) Humongous regions: 2->2
[537.929s][info][gc,metaspace] GC(958) Metaspace: 43078K(43520K)->43078K(43520K) NonClass: 38737K(38976K)->38737K(38976K) Class: 4341K(4544K)->4341K(4544K)
[537.929s][info][gc          ] GC(958) Pause Young (Concurrent Start) (G1 Humongous Allocation) 114M->79M(256M) 15.214ms
[537.929s][info][gc,cpu      ] GC(958) User=0.03s Sys=0.00s Real=0.01s
[537.929s][info][gc          ] GC(959) Concurrent Mark Cycle
[537.929s][info][gc,marking  ] GC(959) Concurrent Scan Root Regions
[537.944s][info][gc,marking  ] GC(959) Concurrent Scan Root Regions 14.930ms
[537.944s][info][gc,marking  ] GC(959) Concurrent Mark
[537.944s][info][gc,marking  ] GC(959) Concurrent Mark From Roots
[537.944s][info][gc,task     ] GC(959) Using 1 workers of 1 for marking
[537.980s][info][gc,marking  ] GC(959) Concurrent Mark From Roots 35.586ms
[537.980s][info][gc,marking  ] GC(959) Concurrent Preclean
[537.980s][info][gc,marking  ] GC(959) Concurrent Preclean 0.036ms
[537.980s][info][gc,start    ] GC(959) Pause Remark
[537.997s][info][gc          ] GC(959) Pause Remark 88M->76M(256M) 16.403ms
[537.997s][info][gc,cpu      ] GC(959) User=0.03s Sys=0.00s Real=0.02s
[537.997s][info][gc,marking  ] GC(959) Concurrent Mark 52.200ms
[537.997s][info][gc,marking  ] GC(959) Concurrent Rebuild Remembered Sets and Scrub Regions
[538.018s][info][gc,marking  ] GC(959) Concurrent Rebuild Remembered Sets and Scrub Regions 21.100ms
[538.018s][info][gc,start    ] GC(959) Pause Cleanup
[538.018s][info][gc          ] GC(959) Pause Cleanup 83M->83M(256M) 0.051ms
[538.018s][info][gc,cpu      ] GC(959) User=0.00s Sys=0.00s Real=0.00s
[538.018s][info][gc,marking  ] GC(959) Concurrent Clear Claimed Marks
[538.018s][info][gc,marking  ] GC(959) Concurrent Clear Claimed Marks 0.037ms
[538.018s][info][gc,marking  ] GC(959) Concurrent Cleanup for Next Mark
[538.019s][info][gc,marking  ] GC(959) Concurrent Cleanup for Next Mark 0.751ms
[538.019s][info][gc          ] GC(959) Concurrent Mark Cycle 89.382ms
[538.486s][info][gc,start    ] GC(960) Pause Young (Prepare Mixed) (G1 Evacuation Pause)
[538.486s][info][gc,task     ] GC(960) Using 2 workers of 2 for evacuation
[538.492s][info][gc,phases   ] GC(960)   Pre Evacuate Collection Set: 0.20ms
[538.492s][info][gc,phases   ] GC(960)   Merge Heap Roots: 0.06ms
[538.492s][info][gc,phases   ] GC(960)   Evacuate Collection Set: 5.15ms
[538.492s][info][gc,phases   ] GC(960)   Post Evacuate Collection Set: 0.39ms
[538.492s][info][gc,phases   ] GC(960)   Other: 0.09ms
[538.492s][info][gc,heap     ] GC(960) Eden regions: 125->0(138)
[538.492s][info][gc,heap     ] GC(960) Survivor regions: 8->8(17)
[538.492s][info][gc,heap     ] GC(960) Old regions: 59->59
[538.492s][info][gc,heap     ] GC(960) Humongous regions: 13->3
[538.492s][info][gc,metaspace] GC(960) Metaspace: 43079K(43520K)->43079K(43520K) NonClass: 38738K(38976K)->38738K(38976K) Class: 4341K(4544K)->4341K(4544K)
[538.492s][info][gc          ] GC(960) Pause Young (Prepare Mixed) (G1 Evacuation Pause) 204M->69M(256M) 6.069ms
[538.492s][info][gc,cpu      ] GC(960) User=0.01s Sys=0.00s Real=0.00s
[539.095s][info][gc,start    ] GC(961) Pause Young (Mixed) (G1 Evacuation Pause)
[539.095s][info][gc,task     ] GC(961) Using 2 workers of 2 for evacuation
[539.110s][info][gc,phases   ] GC(961)   Pre Evacuate Collection Set: 0.17ms
[539.110s][info][gc,phases   ] GC(961)   Merge Heap Roots: 0.12ms
[539.110s][info][gc,phases   ] GC(961)   Evacuate Collection Set: 14.39ms
[539.110s][info][gc,phases   ] GC(961)   Post Evacuate Collection Set: 0.49ms
[539.110s][info][gc,phases   ] GC(961)   Other: 0.10ms
[539.110s][info][gc,heap     ] GC(961) Eden regions: 138->0(138)
[539.110s][info][gc,heap     ] GC(961) Survivor regions: 8->15(19)
[539.110s][info][gc,heap     ] GC(961) Old regions: 59->46
[539.110s][info][gc,heap     ] GC(961) Humongous regions: 12->3
[539.110s][info][gc,metaspace] GC(961) Metaspace: 43079K(43520K)->43079K(43520K) NonClass: 38738K(38976K)->38738K(38976K) Class: 4341K(4544K)->4341K(4544K)
[539.110s][info][gc          ] GC(961) Pause Young (Mixed) (G1 Evacuation Pause) 216M->63M(256M) 15.497ms
[539.110s][info][gc,cpu      ] GC(961) User=0.03s Sys=0.00s Real=0.01s
[539.208s][info][gc,start    ] GC(962) Pause Young (Concurrent Start) (G1 Humongous Allocation)
[539.208s][info][gc,task     ] GC(962) Using 2 workers of 2 for evacuation
[539.222s][info][gc,phases   ] GC(962)   Pre Evacuate Collection Set: 0.19ms
[539.222s][info][gc,phases   ] GC(962)   Merge Heap Roots: 0.05ms
[539.222s][info][gc,phases   ] GC(962)   Evacuate Collection Set: 13.34ms
[539.222s][info][gc,phases   ] GC(962)   Post Evacuate Collection Set: 0.34ms
[539.222s][info][gc,phases   ] GC(962)   Other: 0.12ms
[539.222s][info][gc,heap     ] GC(962) Eden regions: 18->0(142)
[539.222s][info][gc,heap     ] GC(962) Survivor regions: 15->11(20)
[539.222s][info][gc,heap     ] GC(962) Old regions: 46->52
[539.222s][info][gc,heap     ] GC(962) Humongous regions: 3->3
[539.222s][info][gc,metaspace] GC(962) Metaspace: 43079K(43520K)->43079K(43520K) NonClass: 38738K(38976K)->38738K(38976K) Class: 4341K(4544K)->4341K(4544K)
[539.222s][info][gc          ] GC(962) Pause Young (Concurrent Start) (G1 Humongous Allocation) 81M->65M(256M) 14.261ms
[539.222s][info][gc,cpu      ] GC(962) User=0.02s Sys=0.00s Real=0.02s
[539.222s][info][gc          ] GC(963) Concurrent Mark Cycle
[539.222s][info][gc,marking  ] GC(963) Concurrent Scan Root Regions
[539.238s][info][gc,marking  ] GC(963) Concurrent Scan Root Regions 16.016ms
[539.238s][info][gc,marking  ] GC(963) Concurrent Mark
[539.238s][info][gc,marking  ] GC(963) Concurrent Mark From Roots
[539.238s][info][gc,task     ] GC(963) Using 1 workers of 1 for marking
[539.286s][info][gc,marking  ] GC(963) Concurrent Mark From Roots 47.407ms
[539.286s][info][gc,marking  ] GC(963) Concurrent Preclean
[539.286s][info][gc,marking  ] GC(963) Concurrent Preclean 0.041ms
[539.286s][info][gc,start    ] GC(963) Pause Remark
[539.304s][info][gc          ] GC(963) Pause Remark 75M->75M(256M) 17.623ms
[539.304s][info][gc,cpu      ] GC(963) User=0.04s Sys=0.00s Real=0.02s
[539.304s][info][gc,marking  ] GC(963) Concurrent Mark 65.362ms
[539.304s][info][gc,marking  ] GC(963) Concurrent Rebuild Remembered Sets and Scrub Regions
[539.339s][info][gc,marking  ] GC(963) Concurrent Rebuild Remembered Sets and Scrub Regions 35.444ms
[539.339s][info][gc,start    ] GC(963) Pause Cleanup
[539.339s][info][gc          ] GC(963) Pause Cleanup 76M->76M(256M) 0.077ms
[539.339s][info][gc,cpu      ] GC(963) User=0.00s Sys=0.00s Real=0.00s
[539.339s][info][gc,marking  ] GC(963) Concurrent Clear Claimed Marks
[539.340s][info][gc,marking  ] GC(963) Concurrent Clear Claimed Marks 0.042ms
[539.340s][info][gc,marking  ] GC(963) Concurrent Cleanup for Next Mark
[539.340s][info][gc,marking  ] GC(963) Concurrent Cleanup for Next Mark 0.868ms
[539.340s][info][gc          ] GC(963) Concurrent Mark Cycle 118.103ms
[540.002s][info][gc,start    ] GC(964) Pause Young (Prepare Mixed) (G1 Evacuation Pause)
[540.002s][info][gc,task     ] GC(964) Using 2 workers of 2 for evacuation
[540.007s][info][gc,phases   ] GC(964)   Pre Evacuate Collection Set: 0.18ms
[540.007s][info][gc,phases   ] GC(964)   Merge Heap Roots: 0.11ms
[540.007s][info][gc,phases   ] GC(964)   Evacuate Collection Set: 3.85ms
[540.007s][info][gc,phases   ] GC(964)   Post Evacuate Collection Set: 0.46ms
[540.007s][info][gc,phases   ] GC(964)   Other: 0.08ms
[540.007s][info][gc,heap     ] GC(964) Eden regions: 142->0(149)
[540.007s][info][gc,heap     ] GC(964) Survivor regions: 11->4(20)
[540.007s][info][gc,heap     ] GC(964) Old regions: 52->53
[540.007s][info][gc,heap     ] GC(964) Humongous regions: 12->3
[540.007s][info][gc,metaspace] GC(964) Metaspace: 43109K(43584K)->43109K(43584K) NonClass: 38768K(39040K)->38768K(39040K) Class: 4341K(4544K)->4341K(4544K)
[540.007s][info][gc          ] GC(964) Pause Young (Prepare Mixed) (G1 Evacuation Pause) 216M->58M(256M) 4.848ms
[540.007s][info][gc,cpu      ] GC(964) User=0.01s Sys=0.00s Real=0.01s
[540.726s][info][gc,start    ] GC(965) Pause Young (Mixed) (G1 Evacuation Pause)
[540.727s][info][gc,task     ] GC(965) Using 2 workers of 2 for evacuation
[540.750s][info][gc,phases   ] GC(965)   Pre Evacuate Collection Set: 0.16ms
[540.750s][info][gc,phases   ] GC(965)   Merge Heap Roots: 0.08ms
[540.750s][info][gc,phases   ] GC(965)   Evacuate Collection Set: 23.13ms
[540.750s][info][gc,phases   ] GC(965)   Post Evacuate Collection Set: 0.46ms
[540.750s][info][gc,phases   ] GC(965)   Other: 0.07ms
[540.750s][info][gc,heap     ] GC(965) Eden regions: 149->0(133)
[540.751s][info][gc,heap     ] GC(965) Survivor regions: 4->20(20)
[540.751s][info][gc,heap     ] GC(965) Old regions: 53->43
[540.751s][info][gc,heap     ] GC(965) Humongous regions: 5->3
[540.751s][info][gc,metaspace] GC(965) Metaspace: 43109K(43584K)->43109K(43584K) NonClass: 38768K(39040K)->38768K(39040K) Class: 4341K(4544K)->4341K(4544K)
[540.751s][info][gc          ] GC(965) Pause Young (Mixed) (G1 Evacuation Pause) 209M->65M(256M) 24.094ms
[540.751s][info][gc,cpu      ] GC(965) User=0.05s Sys=0.00s Real=0.02s
[540.908s][info][gc,start    ] GC(966) Pause Young (Concurrent Start) (G1 Humongous Allocation)
[540.908s][info][gc,task     ] GC(966) Using 2 workers of 2 for evacuation
[540.928s][info][gc,phases   ] GC(966)   Pre Evacuate Collection Set: 0.21ms
[540.929s][info][gc,phases   ] GC(966)   Merge Heap Roots: 0.07ms
[540.929s][info][gc,phases   ] GC(966)   Evacuate Collection Set: 19.18ms
[540.929s][info][gc,phases   ] GC(966)   Post Evacuate Collection Set: 0.40ms
[540.929s][info][gc,phases   ] GC(966)   Other: 0.13ms
[540.929s][info][gc,heap     ] GC(966) Eden regions: 33->0(149)
[540.929s][info][gc,heap     ] GC(966) Survivor regions: 20->4(20)
[540.929s][info][gc,heap     ] GC(966) Old regions: 43->57
[540.929s][info][gc,heap     ] GC(966) Humongous regions: 3->1
[540.929s][info][gc,metaspace] GC(966) Metaspace: 43109K(43584K)->43109K(43584K) NonClass: 38768K(39040K)->38768K(39040K) Class: 4341K(4544K)->4341K(4544K)
[540.929s][info][gc          ] GC(966) Pause Young (Concurrent Start) (G1 Humongous Allocation) 97M->62M(256M) 20.169ms
[540.929s][info][gc,cpu      ] GC(966) User=0.04s Sys=0.00s Real=0.02s
[540.929s][info][gc          ] GC(967) Concurrent Mark Cycle
[540.929s][info][gc,marking  ] GC(967) Concurrent Scan Root Regions
[540.943s][info][gc,marking  ] GC(967) Concurrent Scan Root Regions 14.151ms
[540.943s][info][gc,marking  ] GC(967) Concurrent Mark
[540.943s][info][gc,marking  ] GC(967) Concurrent Mark From Roots
[540.943s][info][gc,task     ] GC(967) Using 1 workers of 1 for marking
[540.987s][info][gc,marking  ] GC(967) Concurrent Mark From Roots 43.826ms
[540.987s][info][gc,marking  ] GC(967) Concurrent Preclean
[540.987s][info][gc,marking  ] GC(967) Concurrent Preclean 0.038ms
[540.987s][info][gc,start    ] GC(967) Pause Remark
[541.005s][info][gc          ] GC(967) Pause Remark 78M->78M(256M) 18.080ms
[541.005s][info][gc,cpu      ] GC(967) User=0.03s Sys=0.00s Real=0.02s
[541.005s][info][gc,marking  ] GC(967) Concurrent Mark 62.255ms
[541.005s][info][gc,marking  ] GC(967) Concurrent Rebuild Remembered Sets and Scrub Regions
[541.041s][info][gc,marking  ] GC(967) Concurrent Rebuild Remembered Sets and Scrub Regions 36.266ms
[541.042s][info][gc,start    ] GC(967) Pause Cleanup
[541.042s][info][gc          ] GC(967) Pause Cleanup 85M->85M(256M) 0.071ms
[541.042s][info][gc,cpu      ] GC(967) User=0.00s Sys=0.00s Real=0.00s
[541.042s][info][gc,marking  ] GC(967) Concurrent Clear Claimed Marks
[541.042s][info][gc,marking  ] GC(967) Concurrent Clear Claimed Marks 0.046ms
[541.042s][info][gc,marking  ] GC(967) Concurrent Cleanup for Next Mark
[541.043s][info][gc,marking  ] GC(967) Concurrent Cleanup for Next Mark 0.821ms
[541.043s][info][gc          ] GC(967) Concurrent Mark Cycle 114.001ms
[541.599s][info][gc,start    ] GC(968) Pause Young (Prepare Mixed) (G1 Evacuation Pause)
[541.599s][info][gc,task     ] GC(968) Using 2 workers of 2 for evacuation
[541.607s][info][gc,phases   ] GC(968)   Pre Evacuate Collection Set: 0.15ms
[541.607s][info][gc,phases   ] GC(968)   Merge Heap Roots: 0.10ms
[541.607s][info][gc,phases   ] GC(968)   Evacuate Collection Set: 7.59ms
[541.607s][info][gc,phases   ] GC(968)   Post Evacuate Collection Set: 0.46ms
[541.607s][info][gc,phases   ] GC(968)   Other: 0.09ms
[541.607s][info][gc,heap     ] GC(968) Eden regions: 149->0(147)
[541.607s][info][gc,heap     ] GC(968) Survivor regions: 4->6(20)
[541.607s][info][gc,heap     ] GC(968) Old regions: 57->57
[541.607s][info][gc,heap     ] GC(968) Humongous regions: 17->3
[541.607s][info][gc,metaspace] GC(968) Metaspace: 43109K(43584K)->43109K(43584K) NonClass: 38768K(39040K)->38768K(39040K) Class: 4341K(4544K)->4341K(4544K)
[541.607s][info][gc          ] GC(968) Pause Young (Prepare Mixed) (G1 Evacuation Pause) 227M->65M(256M) 8.560ms
[541.607s][info][gc,cpu      ] GC(968) User=0.02s Sys=0.00s Real=0.01s
[542.199s][info][gc,start    ] GC(969) Pause Young (Mixed) (G1 Evacuation Pause)
[542.199s][info][gc,task     ] GC(969) Using 2 workers of 2 for evacuation
[542.213s][info][gc,phases   ] GC(969)   Pre Evacuate Collection Set: 0.17ms
[542.213s][info][gc,phases   ] GC(969)   Merge Heap Roots: 0.13ms
[542.213s][info][gc,phases   ] GC(969)   Evacuate Collection Set: 13.00ms
[542.213s][info][gc,phases   ] GC(969)   Post Evacuate Collection Set: 0.48ms
[542.213s][info][gc,phases   ] GC(969)   Other: 0.10ms
[542.213s][info][gc,heap     ] GC(969) Eden regions: 147->0(144)
[542.213s][info][gc,heap     ] GC(969) Survivor regions: 6->9(20)
[542.213s][info][gc,heap     ] GC(969) Old regions: 57->55
[542.213s][info][gc,heap     ] GC(969) Humongous regions: 15->3
[542.213s][info][gc,metaspace] GC(969) Metaspace: 43109K(43584K)->43109K(43584K) NonClass: 38768K(39040K)->38768K(39040K) Class: 4341K(4544K)->4341K(4544K)
[542.213s][info][gc          ] GC(969) Pause Young (Mixed) (G1 Evacuation Pause) 224M->65M(256M) 14.052ms
[542.213s][info][gc,cpu      ] GC(969) User=0.03s Sys=0.00s Real=0.02s
[542.268s][info][gc,start    ] GC(970) Pause Young (Concurrent Start) (G1 Humongous Allocation)
[542.268s][info][gc,task     ] GC(970) Using 2 workers of 2 for evacuation
[542.275s][info][gc,phases   ] GC(970)   Pre Evacuate Collection Set: 0.18ms
[542.275s][info][gc,phases   ] GC(970)   Merge Heap Roots: 0.06ms
[542.275s][info][gc,phases   ] GC(970)   Evacuate Collection Set: 6.31ms
[542.275s][info][gc,phases   ] GC(970)   Post Evacuate Collection Set: 0.35ms
[542.275s][info][gc,phases   ] GC(970)   Other: 0.11ms
[542.275s][info][gc,heap     ] GC(970) Eden regions: 13->0(147)
[542.275s][info][gc,heap     ] GC(970) Survivor regions: 9->6(20)
[542.275s][info][gc,heap     ] GC(970) Old regions: 55->55
[542.275s][info][gc,heap     ] GC(970) Humongous regions: 3->1
[542.275s][info][gc,metaspace] GC(970) Metaspace: 43109K(43584K)->43109K(43584K) NonClass: 38768K(39040K)->38768K(39040K) Class: 4341K(4544K)->4341K(4544K)
[542.275s][info][gc          ] GC(970) Pause Young (Concurrent Start) (G1 Humongous Allocation) 78M->60M(256M) 7.232ms
[542.275s][info][gc,cpu      ] GC(970) User=0.01s Sys=0.00s Real=0.01s
[542.275s][info][gc          ] GC(971) Concurrent Mark Cycle
[542.275s][info][gc,marking  ] GC(971) Concurrent Scan Root Regions
[542.283s][info][gc,marking  ] GC(971) Concurrent Scan Root Regions 7.340ms
[542.283s][info][gc,marking  ] GC(971) Concurrent Mark
[542.283s][info][gc,marking  ] GC(971) Concurrent Mark From Roots
[542.283s][info][gc,task     ] GC(971) Using 1 workers of 1 for marking
[542.354s][info][gc,marking  ] GC(971) Concurrent Mark From Roots 71.027ms
[542.354s][info][gc,marking  ] GC(971) Concurrent Preclean
[542.354s][info][gc,marking  ] GC(971) Concurrent Preclean 0.039ms
[542.354s][info][gc,start    ] GC(971) Pause Remark
[542.371s][info][gc          ] GC(971) Pause Remark 74M->74M(256M) 17.168ms
[542.371s][info][gc,cpu      ] GC(971) User=0.03s Sys=0.00s Real=0.01s
[542.371s][info][gc,marking  ] GC(971) Concurrent Mark 88.545ms
[542.371s][info][gc,marking  ] GC(971) Concurrent Rebuild Remembered Sets and Scrub Regions
[542.401s][info][gc,marking  ] GC(971) Concurrent Rebuild Remembered Sets and Scrub Regions 29.533ms
[542.401s][info][gc,start    ] GC(971) Pause Cleanup
[542.401s][info][gc          ] GC(971) Pause Cleanup 74M->74M(256M) 0.081ms
[542.401s][info][gc,cpu      ] GC(971) User=0.00s Sys=0.00s Real=0.00s
[542.401s][info][gc,marking  ] GC(971) Concurrent Clear Claimed Marks
[542.401s][info][gc,marking  ] GC(971) Concurrent Clear Claimed Marks 0.057ms
[542.401s][info][gc,marking  ] GC(971) Concurrent Cleanup for Next Mark
[542.402s][info][gc,marking  ] GC(971) Concurrent Cleanup for Next Mark 0.768ms
[542.402s][info][gc          ] GC(971) Concurrent Mark Cycle 126.784ms
[542.990s][info][gc,start    ] GC(972) Pause Young (Prepare Mixed) (G1 Evacuation Pause)
[542.990s][info][gc,task     ] GC(972) Using 2 workers of 2 for evacuation
[543.009s][info][gc,phases   ] GC(972)   Pre Evacuate Collection Set: 0.21ms
[543.009s][info][gc,phases   ] GC(972)   Merge Heap Roots: 0.10ms
[543.009s][info][gc,phases   ] GC(972)   Evacuate Collection Set: 17.76ms
[543.009s][info][gc,phases   ] GC(972)   Post Evacuate Collection Set: 0.48ms
[543.009s][info][gc,phases   ] GC(972)   Other: 0.11ms
[543.009s][info][gc,heap     ] GC(972) Eden regions: 147->0(133)
[543.009s][info][gc,heap     ] GC(972) Survivor regions: 6->20(20)
[543.009s][info][gc,heap     ] GC(972) Old regions: 55->55
[543.009s][info][gc,heap     ] GC(972) Humongous regions: 11->3
[543.009s][info][gc,metaspace] GC(972) Metaspace: 43109K(43584K)->43109K(43584K) NonClass: 38768K(39040K)->38768K(39040K) Class: 4341K(4544K)->4341K(4544K)
[543.009s][info][gc          ] GC(972) Pause Young (Prepare Mixed) (G1 Evacuation Pause) 217M->77M(256M) 18.866ms
[543.009s][info][gc,cpu      ] GC(972) User=0.04s Sys=0.01s Real=0.02s
[543.638s][info][gc,start    ] GC(973) Pause Young (Mixed) (G1 Evacuation Pause)
[543.638s][info][gc,task     ] GC(973) Using 2 workers of 2 for evacuation
[543.669s][info][gc,phases   ] GC(973)   Pre Evacuate Collection Set: 0.23ms
[543.669s][info][gc,phases   ] GC(973)   Merge Heap Roots: 0.12ms
[543.669s][info][gc,phases   ] GC(973)   Evacuate Collection Set: 29.99ms
[543.669s][info][gc,phases   ] GC(973)   Post Evacuate Collection Set: 0.53ms
[543.669s][info][gc,phases   ] GC(973)   Other: 0.07ms
[543.669s][info][gc,heap     ] GC(973) Eden regions: 133->0(136)
[543.669s][info][gc,heap     ] GC(973) Survivor regions: 20->13(20)
[543.669s][info][gc,heap     ] GC(973) Old regions: 55->68
[543.669s][info][gc,heap     ] GC(973) Humongous regions: 3->3
[543.669s][info][gc,metaspace] GC(973) Metaspace: 43109K(43584K)->43109K(43584K) NonClass: 38768K(39040K)->38768K(39040K) Class: 4341K(4544K)->4341K(4544K)
[543.669s][info][gc          ] GC(973) Pause Young (Mixed) (G1 Evacuation Pause) 210M->83M(256M) 31.131ms
[543.669s][info][gc,cpu      ] GC(973) User=0.06s Sys=0.00s Real=0.03s
[544.174s][info][gc,start    ] GC(974) Pause Young (Concurrent Start) (G1 Humongous Allocation)
[544.174s][info][gc,task     ] GC(974) Using 2 workers of 2 for evacuation
[544.220s][info][gc,phases   ] GC(974)   Pre Evacuate Collection Set: 0.18ms
[544.220s][info][gc,phases   ] GC(974)   Merge Heap Roots: 0.11ms
[544.220s][info][gc,phases   ] GC(974)   Evacuate Collection Set: 45.61ms
[544.220s][info][gc,phases   ] GC(974)   Post Evacuate Collection Set: 0.52ms
[544.220s][info][gc,phases   ] GC(974)   Other: 0.09ms
[544.220s][info][gc,heap     ] GC(974) Eden regions: 105->0(101)
[544.220s][info][gc,heap     ] GC(974) Survivor regions: 13->19(19)
[544.220s][info][gc,heap     ] GC(974) Old regions: 68->90
[544.220s][info][gc,heap     ] GC(974) Humongous regions: 3->1
[544.220s][info][gc,metaspace] GC(974) Metaspace: 43109K(43584K)->43109K(43584K) NonClass: 38768K(39040K)->38768K(39040K) Class: 4341K(4544K)->4341K(4544K)
[544.220s][info][gc          ] GC(974) Pause Young (Concurrent Start) (G1 Humongous Allocation) 188M->109M(256M) 46.761ms
[544.220s][info][gc,cpu      ] GC(974) User=0.09s Sys=0.00s Real=0.04s
[544.220s][info][gc          ] GC(975) Concurrent Mark Cycle
[544.221s][info][gc,marking  ] GC(975) Concurrent Scan Root Regions
[544.273s][info][gc,marking  ] GC(975) Concurrent Scan Root Regions 52.117ms
[544.273s][info][gc,marking  ] GC(975) Concurrent Mark
[544.273s][info][gc,marking  ] GC(975) Concurrent Mark From Roots
[544.273s][info][gc,task     ] GC(975) Using 1 workers of 1 for marking
[544.363s][info][gc,marking  ] GC(975) Concurrent Mark From Roots 90.353ms
[544.363s][info][gc,marking  ] GC(975) Concurrent Preclean
[544.363s][info][gc,marking  ] GC(975) Concurrent Preclean 0.039ms
[544.363s][info][gc,start    ] GC(975) Pause Remark
[544.382s][info][gc          ] GC(975) Pause Remark 138M->135M(256M) 18.505ms
[544.382s][info][gc,cpu      ] GC(975) User=0.04s Sys=0.00s Real=0.01s
[544.382s][info][gc,marking  ] GC(975) Concurrent Mark 109.207ms
[544.382s][info][gc,marking  ] GC(975) Concurrent Rebuild Remembered Sets and Scrub Regions
[544.443s][info][gc,marking  ] GC(975) Concurrent Rebuild Remembered Sets and Scrub Regions 60.788ms
[544.443s][info][gc,start    ] GC(975) Pause Cleanup
[544.443s][info][gc          ] GC(975) Pause Cleanup 150M->150M(256M) 0.047ms
[544.443s][info][gc,cpu      ] GC(975) User=0.00s Sys=0.00s Real=0.00s
[544.443s][info][gc,marking  ] GC(975) Concurrent Clear Claimed Marks
[544.443s][info][gc,marking  ] GC(975) Concurrent Clear Claimed Marks 0.040ms
[544.443s][info][gc,marking  ] GC(975) Concurrent Cleanup for Next Mark
[544.444s][info][gc,marking  ] GC(975) Concurrent Cleanup for Next Mark 0.773ms
[544.444s][info][gc          ] GC(975) Concurrent Mark Cycle 223.283ms
[544.682s][info][gc,start    ] GC(976) Pause Young (Prepare Mixed) (G1 Evacuation Pause)
[544.682s][info][gc,task     ] GC(976) Using 2 workers of 2 for evacuation
[544.721s][info][gc,phases   ] GC(976)   Pre Evacuate Collection Set: 0.19ms
[544.721s][info][gc,phases   ] GC(976)   Merge Heap Roots: 0.29ms
[544.721s][info][gc,phases   ] GC(976)   Evacuate Collection Set: 38.07ms
[544.721s][info][gc,phases   ] GC(976)   Post Evacuate Collection Set: 0.52ms
[544.721s][info][gc,phases   ] GC(976)   Other: 0.10ms
[544.721s][info][gc,heap     ] GC(976) Eden regions: 101->0(90)
[544.721s][info][gc,heap     ] GC(976) Survivor regions: 19->15(15)
[544.721s][info][gc,heap     ] GC(976) Old regions: 87->106
[544.721s][info][gc,heap     ] GC(976) Humongous regions: 5->3
[544.721s][info][gc,metaspace] GC(976) Metaspace: 43109K(43584K)->43109K(43584K) NonClass: 38768K(39040K)->38768K(39040K) Class: 4341K(4544K)->4341K(4544K)
[544.721s][info][gc          ] GC(976) Pause Young (Prepare Mixed) (G1 Evacuation Pause) 211M->123M(256M) 39.365ms
[544.721s][info][gc,cpu      ] GC(976) User=0.08s Sys=0.00s Real=0.04s
[545.107s][info][gc,start    ] GC(977) Pause Young (Mixed) (G1 Evacuation Pause)
[545.107s][info][gc,task     ] GC(977) Using 2 workers of 2 for evacuation
[545.125s][info][gc,phases   ] GC(977)   Pre Evacuate Collection Set: 0.18ms
[545.125s][info][gc,phases   ] GC(977)   Merge Heap Roots: 0.32ms
[545.125s][info][gc,phases   ] GC(977)   Evacuate Collection Set: 16.51ms
[545.125s][info][gc,phases   ] GC(977)   Post Evacuate Collection Set: 0.45ms
[545.125s][info][gc,phases   ] GC(977)   Other: 0.08ms
[545.125s][info][gc,heap     ] GC(977) Eden regions: 90->0(110)
[545.125s][info][gc,heap     ] GC(977) Survivor regions: 15->3(14)
[545.125s][info][gc,heap     ] GC(977) Old regions: 106->100
[545.125s][info][gc,heap     ] GC(977) Humongous regions: 9->3
[545.125s][info][gc,metaspace] GC(977) Metaspace: 43109K(43584K)->43109K(43584K) NonClass: 38768K(39040K)->38768K(39040K) Class: 4341K(4544K)->4341K(4544K)
[545.125s][info][gc          ] GC(977) Pause Young (Mixed) (G1 Evacuation Pause) 219M->105M(256M) 17.774ms
[545.125s][info][gc,cpu      ] GC(977) User=0.03s Sys=0.00s Real=0.02s
[545.272s][info][gc,start    ] GC(978) Pause Young (Concurrent Start) (G1 Humongous Allocation)
[545.272s][info][gc,task     ] GC(978) Using 2 workers of 2 for evacuation
[545.274s][info][gc,phases   ] GC(978)   Pre Evacuate Collection Set: 0.24ms
[545.274s][info][gc,phases   ] GC(978)   Merge Heap Roots: 0.04ms
[545.274s][info][gc,phases   ] GC(978)   Evacuate Collection Set: 1.29ms
[545.274s][info][gc,phases   ] GC(978)   Post Evacuate Collection Set: 0.30ms
[545.274s][info][gc,phases   ] GC(978)   Other: 0.09ms
[545.274s][info][gc,heap     ] GC(978) Eden regions: 12->0(120)
[545.274s][info][gc,heap     ] GC(978) Survivor regions: 3->2(15)
[545.274s][info][gc,heap     ] GC(978) Old regions: 100->100
[545.274s][info][gc,heap     ] GC(978) Humongous regions: 3->1
[545.274s][info][gc,metaspace] GC(978) Metaspace: 43109K(43584K)->43109K(43584K) NonClass: 38768K(39040K)->38768K(39040K) Class: 4341K(4544K)->4341K(4544K)
[545.274s][info][gc          ] GC(978) Pause Young (Concurrent Start) (G1 Humongous Allocation) 117M->102M(256M) 2.161ms
[545.274s][info][gc,cpu      ] GC(978) User=0.00s Sys=0.00s Real=0.01s
[545.274s][info][gc          ] GC(979) Concurrent Mark Cycle
[545.274s][info][gc,marking  ] GC(979) Concurrent Scan Root Regions
[545.279s][info][gc,marking  ] GC(979) Concurrent Scan Root Regions 5.160ms
[545.280s][info][gc,marking  ] GC(979) Concurrent Mark
[545.280s][info][gc,marking  ] GC(979) Concurrent Mark From Roots
[545.280s][info][gc,task     ] GC(979) Using 1 workers of 1 for marking
[545.348s][info][gc,marking  ] GC(979) Concurrent Mark From Roots 68.956ms
[545.349s][info][gc,marking  ] GC(979) Concurrent Preclean
[545.349s][info][gc,marking  ] GC(979) Concurrent Preclean 0.042ms
[545.349s][info][gc,start    ] GC(979) Pause Remark
[545.366s][info][gc          ] GC(979) Pause Remark 119M->111M(256M) 17.104ms
[545.366s][info][gc,cpu      ] GC(979) User=0.03s Sys=0.00s Real=0.02s
[545.366s][info][gc,marking  ] GC(979) Concurrent Mark 86.414ms
[545.366s][info][gc,marking  ] GC(979) Concurrent Rebuild Remembered Sets and Scrub Regions
[545.388s][info][gc,marking  ] GC(979) Concurrent Rebuild Remembered Sets and Scrub Regions 22.458ms
[545.389s][info][gc,start    ] GC(979) Pause Cleanup
[545.389s][info][gc          ] GC(979) Pause Cleanup 115M->115M(256M) 0.073ms
[545.389s][info][gc,cpu      ] GC(979) User=0.00s Sys=0.00s Real=0.00s
[545.389s][info][gc,marking  ] GC(979) Concurrent Clear Claimed Marks
[545.389s][info][gc,marking  ] GC(979) Concurrent Clear Claimed Marks 0.039ms
[545.389s][info][gc,marking  ] GC(979) Concurrent Cleanup for Next Mark
[545.389s][info][gc,marking  ] GC(979) Concurrent Cleanup for Next Mark 0.758ms
[545.390s][info][gc          ] GC(979) Concurrent Mark Cycle 115.243ms
[545.793s][info][gc,start    ] GC(980) Pause Young (Prepare Mixed) (G1 Evacuation Pause)
[545.793s][info][gc,task     ] GC(980) Using 2 workers of 2 for evacuation
[545.802s][info][gc,phases   ] GC(980)   Pre Evacuate Collection Set: 0.17ms
[545.802s][info][gc,phases   ] GC(980)   Merge Heap Roots: 0.07ms
[545.802s][info][gc,phases   ] GC(980)   Evacuate Collection Set: 8.31ms
[545.802s][info][gc,phases   ] GC(980)   Post Evacuate Collection Set: 0.39ms
[545.802s][info][gc,phases   ] GC(980)   Other: 0.07ms
[545.802s][info][gc,heap     ] GC(980) Eden regions: 120->0(119)
[545.802s][info][gc,heap     ] GC(980) Survivor regions: 2->9(16)
[545.802s][info][gc,heap     ] GC(980) Old regions: 92->92
[545.802s][info][gc,heap     ] GC(980) Humongous regions: 7->3
[545.802s][info][gc,metaspace] GC(980) Metaspace: 43109K(43584K)->43109K(43584K) NonClass: 38768K(39040K)->38768K(39040K) Class: 4341K(4544K)->4341K(4544K)
[545.802s][info][gc          ] GC(980) Pause Young (Prepare Mixed) (G1 Evacuation Pause) 220M->103M(256M) 9.233ms
[545.802s][info][gc,cpu      ] GC(980) User=0.02s Sys=0.00s Real=0.00s
[546.331s][info][gc,start    ] GC(981) Pause Young (Mixed) (G1 Evacuation Pause)
[546.331s][info][gc,task     ] GC(981) Using 2 workers of 2 for evacuation
[546.340s][info][gc,phases   ] GC(981)   Pre Evacuate Collection Set: 0.27ms
[546.340s][info][gc,phases   ] GC(981)   Merge Heap Roots: 0.08ms
[546.340s][info][gc,phases   ] GC(981)   Evacuate Collection Set: 8.33ms
[546.340s][info][gc,phases   ] GC(981)   Post Evacuate Collection Set: 0.42ms
[546.340s][info][gc,phases   ] GC(981)   Other: 0.08ms
[546.340s][info][gc,heap     ] GC(981) Eden regions: 119->0(143)
[546.340s][info][gc,heap     ] GC(981) Survivor regions: 9->8(16)
[546.340s][info][gc,heap     ] GC(981) Old regions: 92->67
[546.340s][info][gc,heap     ] GC(981) Humongous regions: 5->3
[546.340s][info][gc,metaspace] GC(981) Metaspace: 43109K(43584K)->43109K(43584K) NonClass: 38768K(39040K)->38768K(39040K) Class: 4341K(4544K)->4341K(4544K)
[546.340s][info][gc          ] GC(981) Pause Young (Mixed) (G1 Evacuation Pause) 224M->77M(256M) 9.387ms
[546.340s][info][gc,cpu      ] GC(981) User=0.01s Sys=0.00s Real=0.01s
[546.877s][info][gc,start    ] GC(982) Pause Young (Mixed) (G1 Evacuation Pause)
[546.877s][info][gc,task     ] GC(982) Using 2 workers of 2 for evacuation
[546.884s][info][gc,phases   ] GC(982)   Pre Evacuate Collection Set: 0.23ms
[546.884s][info][gc,phases   ] GC(982)   Merge Heap Roots: 0.14ms
[546.884s][info][gc,phases   ] GC(982)   Evacuate Collection Set: 6.75ms
[546.884s][info][gc,phases   ] GC(982)   Post Evacuate Collection Set: 0.48ms
[546.884s][info][gc,phases   ] GC(982)   Other: 0.09ms
[546.884s][info][gc,heap     ] GC(982) Eden regions: 143->0(148)
[546.884s][info][gc,heap     ] GC(982) Survivor regions: 8->5(19)
[546.884s][info][gc,heap     ] GC(982) Old regions: 67->47
[546.884s][info][gc,heap     ] GC(982) Humongous regions: 11->3
[546.884s][info][gc,metaspace] GC(982) Metaspace: 43109K(43584K)->43109K(43584K) NonClass: 38768K(39040K)->38768K(39040K) Class: 4341K(4544K)->4341K(4544K)
[546.885s][info][gc          ] GC(982) Pause Young (Mixed) (G1 Evacuation Pause) 228M->54M(256M) 7.903ms
[546.885s][info][gc,cpu      ] GC(982) User=0.02s Sys=0.00s Real=0.01s
[547.283s][info][gc,start    ] GC(983) Pause Young (Concurrent Start) (G1 Humongous Allocation)
[547.283s][info][gc,task     ] GC(983) Using 2 workers of 2 for evacuation
[547.286s][info][gc,phases   ] GC(983)   Pre Evacuate Collection Set: 0.17ms
[547.287s][info][gc,phases   ] GC(983)   Merge Heap Roots: 0.05ms
[547.287s][info][gc,phases   ] GC(983)   Evacuate Collection Set: 3.09ms
[547.287s][info][gc,phases   ] GC(983)   Post Evacuate Collection Set: 0.46ms
[547.287s][info][gc,phases   ] GC(983)   Other: 0.09ms
[547.287s][info][gc,heap     ] GC(983) Eden regions: 99->0(150)
[547.287s][info][gc,heap     ] GC(983) Survivor regions: 5->3(20)
[547.287s][info][gc,heap     ] GC(983) Old regions: 47->47
[547.287s][info][gc,heap     ] GC(983) Humongous regions: 3->1
[547.287s][info][gc,metaspace] GC(983) Metaspace: 43109K(43584K)->43109K(43584K) NonClass: 38768K(39040K)->38768K(39040K) Class: 4341K(4544K)->4341K(4544K)
[547.287s][info][gc          ] GC(983) Pause Young (Concurrent Start) (G1 Humongous Allocation) 152M->50M(256M) 4.035ms
[547.287s][info][gc,cpu      ] GC(983) User=0.01s Sys=0.00s Real=0.00s
[547.287s][info][gc          ] GC(984) Concurrent Mark Cycle
[547.287s][info][gc,marking  ] GC(984) Concurrent Scan Root Regions
[547.291s][info][gc,marking  ] GC(984) Concurrent Scan Root Regions 3.980ms
[547.291s][info][gc,marking  ] GC(984) Concurrent Mark
[547.291s][info][gc,marking  ] GC(984) Concurrent Mark From Roots
[547.291s][info][gc,task     ] GC(984) Using 1 workers of 1 for marking
[547.358s][info][gc,marking  ] GC(984) Concurrent Mark From Roots 67.063ms
[547.358s][info][gc,marking  ] GC(984) Concurrent Preclean
[547.358s][info][gc,marking  ] GC(984) Concurrent Preclean 0.041ms
[547.358s][info][gc,start    ] GC(984) Pause Remark
[547.375s][info][gc          ] GC(984) Pause Remark 71M->71M(256M) 16.952ms
[547.375s][info][gc,cpu      ] GC(984) User=0.03s Sys=0.00s Real=0.02s
[547.375s][info][gc,marking  ] GC(984) Concurrent Mark 84.300ms
[547.375s][info][gc,marking  ] GC(984) Concurrent Rebuild Remembered Sets and Scrub Regions
[547.401s][info][gc,marking  ] GC(984) Concurrent Rebuild Remembered Sets and Scrub Regions 25.817ms
[547.401s][info][gc,start    ] GC(984) Pause Cleanup
[547.401s][info][gc          ] GC(984) Pause Cleanup 78M->78M(256M) 0.049ms
[547.401s][info][gc,cpu      ] GC(984) User=0.00s Sys=0.00s Real=0.00s
[547.401s][info][gc,marking  ] GC(984) Concurrent Clear Claimed Marks
[547.401s][info][gc,marking  ] GC(984) Concurrent Clear Claimed Marks 0.038ms
[547.401s][info][gc,marking  ] GC(984) Concurrent Cleanup for Next Mark
[547.402s][info][gc,marking  ] GC(984) Concurrent Cleanup for Next Mark 0.769ms
[547.402s][info][gc          ] GC(984) Concurrent Mark Cycle 115.289ms
[548.000s][info][gc,start    ] GC(985) Pause Young (Prepare Mixed) (G1 Evacuation Pause)
[548.000s][info][gc,task     ] GC(985) Using 2 workers of 2 for evacuation
[548.006s][info][gc,phases   ] GC(985)   Pre Evacuate Collection Set: 0.16ms
[548.006s][info][gc,phases   ] GC(985)   Merge Heap Roots: 0.07ms
[548.006s][info][gc,phases   ] GC(985)   Evacuate Collection Set: 5.63ms
[548.006s][info][gc,phases   ] GC(985)   Post Evacuate Collection Set: 0.42ms
[548.006s][info][gc,phases   ] GC(985)   Other: 0.08ms
[548.006s][info][gc,heap     ] GC(985) Eden regions: 150->0(146)
[548.006s][info][gc,heap     ] GC(985) Survivor regions: 3->7(20)
[548.006s][info][gc,heap     ] GC(985) Old regions: 47->47
[548.006s][info][gc,heap     ] GC(985) Humongous regions: 9->3
[548.006s][info][gc,metaspace] GC(985) Metaspace: 43109K(43584K)->43109K(43584K) NonClass: 38768K(39040K)->38768K(39040K) Class: 4341K(4544K)->4341K(4544K)
[548.006s][info][gc          ] GC(985) Pause Young (Prepare Mixed) (G1 Evacuation Pause) 208M->56M(256M) 6.573ms
[548.006s][info][gc,cpu      ] GC(985) User=0.01s Sys=0.00s Real=0.01s
[548.446s][info][gc,start    ] GC(986) Pause Young (Mixed) (G1 Evacuation Pause)
[548.446s][info][gc,task     ] GC(986) Using 2 workers of 2 for evacuation
[548.488s][info][gc,phases   ] GC(986)   Pre Evacuate Collection Set: 0.23ms
[548.488s][info][gc,phases   ] GC(986)   Merge Heap Roots: 0.09ms
[548.488s][info][gc,phases   ] GC(986)   Evacuate Collection Set: 40.16ms
[548.488s][info][gc,phases   ] GC(986)   Post Evacuate Collection Set: 0.59ms
[548.488s][info][gc,phases   ] GC(986)   Other: 0.09ms
[548.488s][info][gc,heap     ] GC(986) Eden regions: 146->0(126)
[548.488s][info][gc,heap     ] GC(986) Survivor regions: 7->20(20)
[548.488s][info][gc,heap     ] GC(986) Old regions: 47->64
[548.488s][info][gc,heap     ] GC(986) Humongous regions: 3->3
[548.488s][info][gc,metaspace] GC(986) Metaspace: 43109K(43584K)->43109K(43584K) NonClass: 38768K(39040K)->38768K(39040K) Class: 4341K(4544K)->4341K(4544K)
[548.488s][info][gc          ] GC(986) Pause Young (Mixed) (G1 Evacuation Pause) 202M->87M(256M) 41.367ms
[548.488s][info][gc,cpu      ] GC(986) User=0.08s Sys=0.00s Real=0.04s
[549.105s][info][gc,start    ] GC(987) Pause Young (Concurrent Start) (G1 Evacuation Pause)
[549.105s][info][gc,task     ] GC(987) Using 2 workers of 2 for evacuation
[549.157s][info][gc,phases   ] GC(987)   Pre Evacuate Collection Set: 0.17ms
[549.157s][info][gc,phases   ] GC(987)   Merge Heap Roots: 0.24ms
[549.157s][info][gc,phases   ] GC(987)   Evacuate Collection Set: 51.04ms
[549.157s][info][gc,phases   ] GC(987)   Post Evacuate Collection Set: 0.75ms
[549.157s][info][gc,phases   ] GC(987)   Other: 0.11ms
[549.157s][info][gc,heap     ] GC(987) Eden regions: 126->0(126)
[549.157s][info][gc,heap     ] GC(987) Survivor regions: 20->19(19)
[549.157s][info][gc,heap     ] GC(987) Old regions: 64->85
[549.157s][info][gc,heap     ] GC(987) Humongous regions: 3->3
[549.157s][info][gc,metaspace] GC(987) Metaspace: 43109K(43584K)->43109K(43584K) NonClass: 38768K(39040K)->38768K(39040K) Class: 4341K(4544K)->4341K(4544K)
[549.157s][info][gc          ] GC(987) Pause Young (Concurrent Start) (G1 Evacuation Pause) 213M->106M(285M) 52.556ms
[549.157s][info][gc          ] GC(988) Concurrent Mark Cycle
[549.157s][info][gc,marking  ] GC(988) Concurrent Scan Root Regions
[549.159s][info][gc,cpu      ] GC(987) User=0.10s Sys=0.00s Real=0.05s
[549.212s][info][gc,marking  ] GC(988) Concurrent Scan Root Regions 54.280ms
[549.212s][info][gc,marking  ] GC(988) Concurrent Mark
[549.212s][info][gc,marking  ] GC(988) Concurrent Mark From Roots
[549.212s][info][gc,task     ] GC(988) Using 1 workers of 1 for marking
[549.341s][info][gc,marking  ] GC(988) Concurrent Mark From Roots 129.664ms
[549.341s][info][gc,marking  ] GC(988) Concurrent Preclean
[549.341s][info][gc,marking  ] GC(988) Concurrent Preclean 0.043ms
[549.342s][info][gc,start    ] GC(988) Pause Remark
[549.359s][info][gc          ] GC(988) Pause Remark 135M->135M(285M) 17.091ms
[549.359s][info][gc,cpu      ] GC(988) User=0.04s Sys=0.00s Real=0.02s
[549.360s][info][gc,marking  ] GC(988) Concurrent Mark 148.579ms
[549.360s][info][gc,marking  ] GC(988) Concurrent Rebuild Remembered Sets and Scrub Regions
[549.445s][info][gc,marking  ] GC(988) Concurrent Rebuild Remembered Sets and Scrub Regions 84.263ms
[549.445s][info][gc,start    ] GC(988) Pause Cleanup
[549.445s][info][gc          ] GC(988) Pause Cleanup 148M->148M(285M) 0.064ms
[549.445s][info][gc,cpu      ] GC(988) User=0.00s Sys=0.00s Real=0.00s
[549.445s][info][gc,marking  ] GC(988) Concurrent Clear Claimed Marks
[549.445s][info][gc,marking  ] GC(988) Concurrent Clear Claimed Marks 0.046ms
[549.445s][info][gc,marking  ] GC(988) Concurrent Cleanup for Next Mark
[549.447s][info][gc,marking  ] GC(988) Concurrent Cleanup for Next Mark 1.816ms
[549.447s][info][gc          ] GC(988) Concurrent Mark Cycle 289.874ms
[549.934s][info][gc,start    ] GC(989) Pause Young (Prepare Mixed) (G1 Evacuation Pause)
[549.934s][info][gc,task     ] GC(989) Using 2 workers of 2 for evacuation
[550.001s][info][gc,phases   ] GC(989)   Pre Evacuate Collection Set: 0.19ms
[550.001s][info][gc,phases   ] GC(989)   Merge Heap Roots: 0.35ms
[550.001s][info][gc,phases   ] GC(989)   Evacuate Collection Set: 65.90ms
[550.001s][info][gc,phases   ] GC(989)   Post Evacuate Collection Set: 0.52ms
[550.001s][info][gc,phases   ] GC(989)   Other: 0.07ms
[550.001s][info][gc,heap     ] GC(989) Eden regions: 126->0(95)
[550.001s][info][gc,heap     ] GC(989) Survivor regions: 19->19(19)
[550.001s][info][gc,heap     ] GC(989) Old regions: 85->121
[550.001s][info][gc,heap     ] GC(989) Humongous regions: 3->3
[550.001s][info][gc,metaspace] GC(989) Metaspace: 43109K(43584K)->43109K(43584K) NonClass: 38768K(39040K)->38768K(39040K) Class: 4341K(4544K)->4341K(4544K)
[550.001s][info][gc          ] GC(989) Pause Young (Prepare Mixed) (G1 Evacuation Pause) 232M->143M(288M) 67.214ms
[550.001s][info][gc,cpu      ] GC(989) User=0.13s Sys=0.00s Real=0.06s
[550.418s][info][gc,start    ] GC(990) Pause Young (Mixed) (G1 Evacuation Pause)
[550.418s][info][gc,task     ] GC(990) Using 2 workers of 2 for evacuation
[550.475s][info][gc,phases   ] GC(990)   Pre Evacuate Collection Set: 0.18ms
[550.475s][info][gc,phases   ] GC(990)   Merge Heap Roots: 0.39ms
[550.475s][info][gc,phases   ] GC(990)   Evacuate Collection Set: 54.96ms
[550.475s][info][gc,phases   ] GC(990)   Post Evacuate Collection Set: 0.51ms
[550.475s][info][gc,phases   ] GC(990)   Other: 0.07ms
[550.475s][info][gc,heap     ] GC(990) Eden regions: 95->0(82)
[550.475s][info][gc,heap     ] GC(990) Survivor regions: 19->15(15)
[550.475s][info][gc,heap     ] GC(990) Old regions: 121->143
[550.475s][info][gc,heap     ] GC(990) Humongous regions: 5->3
[550.475s][info][gc,metaspace] GC(990) Metaspace: 43109K(43584K)->43109K(43584K) NonClass: 38768K(39040K)->38768K(39040K) Class: 4341K(4544K)->4341K(4544K)
[550.475s][info][gc          ] GC(990) Pause Young (Mixed) (G1 Evacuation Pause) 240M->160M(288M) 56.334ms
[550.475s][info][gc,cpu      ] GC(990) User=0.11s Sys=0.00s Real=0.06s
[550.694s][info][gc,start    ] GC(991) Pause Young (Concurrent Start) (G1 Humongous Allocation)
[550.694s][info][gc,task     ] GC(991) Using 2 workers of 2 for evacuation
[550.714s][info][gc,phases   ] GC(991)   Pre Evacuate Collection Set: 0.19ms
[550.714s][info][gc,phases   ] GC(991)   Merge Heap Roots: 0.12ms
[550.714s][info][gc,phases   ] GC(991)   Evacuate Collection Set: 19.66ms
[550.714s][info][gc,phases   ] GC(991)   Post Evacuate Collection Set: 0.36ms
[550.714s][info][gc,phases   ] GC(991)   Other: 0.08ms
[550.714s][info][gc,heap     ] GC(991) Eden regions: 45->0(86)
[550.714s][info][gc,heap     ] GC(991) Survivor regions: 15->6(13)
[550.714s][info][gc,heap     ] GC(991) Old regions: 143->154
[550.714s][info][gc,heap     ] GC(991) Humongous regions: 3->1
[550.714s][info][gc,metaspace] GC(991) Metaspace: 43109K(43584K)->43109K(43584K) NonClass: 38768K(39040K)->38768K(39040K) Class: 4341K(4544K)->4341K(4544K)
[550.714s][info][gc          ] GC(991) Pause Young (Concurrent Start) (G1 Humongous Allocation) 205M->160M(288M) 20.615ms
[550.714s][info][gc,cpu      ] GC(991) User=0.03s Sys=0.00s Real=0.02s
[550.714s][info][gc          ] GC(992) Concurrent Mark Cycle
[550.714s][info][gc,marking  ] GC(992) Concurrent Scan Root Regions
[550.738s][info][gc,marking  ] GC(992) Concurrent Scan Root Regions 24.163ms
[550.739s][info][gc,marking  ] GC(992) Concurrent Mark
[550.739s][info][gc,marking  ] GC(992) Concurrent Mark From Roots
[550.739s][info][gc,task     ] GC(992) Using 1 workers of 1 for marking
[550.861s][info][gc,marking  ] GC(992) Concurrent Mark From Roots 122.675ms
[550.861s][info][gc,marking  ] GC(992) Concurrent Preclean
[550.861s][info][gc,marking  ] GC(992) Concurrent Preclean 0.041ms
[550.861s][info][gc,start    ] GC(992) Pause Remark
[550.899s][info][gc          ] GC(992) Pause Remark 184M->184M(288M) 37.177ms
[550.899s][info][gc,cpu      ] GC(992) User=0.05s Sys=0.00s Real=0.04s
[550.899s][info][gc,marking  ] GC(992) Concurrent Mark 160.732ms
[550.899s][info][gc,marking  ] GC(992) Concurrent Rebuild Remembered Sets and Scrub Regions
[550.989s][info][gc,marking  ] GC(992) Concurrent Rebuild Remembered Sets and Scrub Regions 90.161ms
[550.990s][info][gc,start    ] GC(992) Pause Cleanup
[550.990s][info][gc          ] GC(992) Pause Cleanup 206M->206M(288M) 0.101ms
[550.990s][info][gc,cpu      ] GC(992) User=0.00s Sys=0.00s Real=0.00s
[550.990s][info][gc,marking  ] GC(992) Concurrent Clear Claimed Marks
[550.990s][info][gc,marking  ] GC(992) Concurrent Clear Claimed Marks 0.046ms
[550.990s][info][gc,marking  ] GC(992) Concurrent Cleanup for Next Mark
[550.991s][info][gc,marking  ] GC(992) Concurrent Cleanup for Next Mark 0.910ms
[550.991s][info][gc          ] GC(992) Concurrent Mark Cycle 276.509ms
[551.166s][info][gc,start    ] GC(993) Pause Young (Prepare Mixed) (G1 Evacuation Pause)
[551.167s][info][gc,task     ] GC(993) Using 2 workers of 2 for evacuation
[551.182s][info][gc,phases   ] GC(993)   Pre Evacuate Collection Set: 0.19ms
[551.182s][info][gc,phases   ] GC(993)   Merge Heap Roots: 0.08ms
[551.182s][info][gc,phases   ] GC(993)   Evacuate Collection Set: 14.68ms
[551.182s][info][gc,phases   ] GC(993)   Post Evacuate Collection Set: 0.39ms
[551.182s][info][gc,phases   ] GC(993)   Other: 0.09ms
[551.182s][info][gc,heap     ] GC(993) Eden regions: 86->0(81)
[551.182s][info][gc,heap     ] GC(993) Survivor regions: 6->12(12)
[551.182s][info][gc,heap     ] GC(993) Old regions: 154->156
[551.182s][info][gc,heap     ] GC(993) Humongous regions: 5->3
[551.182s][info][gc,metaspace] GC(993) Metaspace: 43109K(43584K)->43109K(43584K) NonClass: 38768K(39040K)->38768K(39040K) Class: 4341K(4544K)->4341K(4544K)
[551.182s][info][gc          ] GC(993) Pause Young (Prepare Mixed) (G1 Evacuation Pause) 250M->171M(288M) 15.623ms
[551.182s][info][gc,cpu      ] GC(993) User=0.04s Sys=0.00s Real=0.01s
[551.488s][info][gc,start    ] GC(994) Pause Young (Mixed) (G1 Evacuation Pause)
[551.488s][info][gc,task     ] GC(994) Using 2 workers of 2 for evacuation
[551.508s][info][gc,phases   ] GC(994)   Pre Evacuate Collection Set: 0.21ms
[551.508s][info][gc,phases   ] GC(994)   Merge Heap Roots: 0.15ms
[551.508s][info][gc,phases   ] GC(994)   Evacuate Collection Set: 19.20ms
[551.508s][info][gc,phases   ] GC(994)   Post Evacuate Collection Set: 0.42ms
[551.508s][info][gc,phases   ] GC(994)   Other: 0.10ms
[551.508s][info][gc,heap     ] GC(994) Eden regions: 81->0(102)
[551.509s][info][gc,heap     ] GC(994) Survivor regions: 12->5(12)
[551.509s][info][gc,heap     ] GC(994) Old regions: 156->140
[551.509s][info][gc,heap     ] GC(994) Humongous regions: 9->1
[551.509s][info][gc,metaspace] GC(994) Metaspace: 43109K(43584K)->43109K(43584K) NonClass: 38768K(39040K)->38768K(39040K) Class: 4341K(4544K)->4341K(4544K)
[551.509s][info][gc          ] GC(994) Pause Young (Mixed) (G1 Evacuation Pause) 258M->145M(288M) 20.277ms
[551.509s][info][gc,cpu      ] GC(994) User=0.04s Sys=0.00s Real=0.02s
[551.792s][info][gc,start    ] GC(995) Pause Young (Mixed) (G1 Evacuation Pause)
[551.792s][info][gc,task     ] GC(995) Using 2 workers of 2 for evacuation
[551.836s][info][gc,phases   ] GC(995)   Pre Evacuate Collection Set: 0.29ms
[551.836s][info][gc,phases   ] GC(995)   Merge Heap Roots: 0.27ms
[551.836s][info][gc,phases   ] GC(995)   Evacuate Collection Set: 41.53ms
[551.836s][info][gc,phases   ] GC(995)   Post Evacuate Collection Set: 1.12ms
[551.836s][info][gc,phases   ] GC(995)   Other: 0.08ms
[551.836s][info][gc,heap     ] GC(995) Eden regions: 102->0(148)
[551.836s][info][gc,heap     ] GC(995) Survivor regions: 5->14(14)
[551.836s][info][gc,heap     ] GC(995) Old regions: 140->142
[551.836s][info][gc,heap     ] GC(995) Humongous regions: 4->4
[551.836s][info][gc,metaspace] GC(995) Metaspace: 43109K(43584K)->43109K(43584K) NonClass: 38768K(39040K)->38768K(39040K) Class: 4341K(4544K)->4341K(4544K)
[551.836s][info][gc          ] GC(995) Pause Young (Mixed) (G1 Evacuation Pause) 250M->160M(383M) 43.497ms
[551.836s][info][gc,cpu      ] GC(995) User=0.08s Sys=0.01s Real=0.04s
[552.437s][info][gc,start    ] GC(996) Pause Young (Mixed) (G1 Evacuation Pause)
[552.437s][info][gc,task     ] GC(996) Using 2 workers of 2 for evacuation
[552.481s][info][gc,phases   ] GC(996)   Pre Evacuate Collection Set: 0.31ms
[552.481s][info][gc,phases   ] GC(996)   Merge Heap Roots: 0.51ms
[552.481s][info][gc,phases   ] GC(996)   Evacuate Collection Set: 42.76ms
[552.481s][info][gc,phases   ] GC(996)   Post Evacuate Collection Set: 0.46ms
[552.481s][info][gc,phases   ] GC(996)   Other: 0.07ms
[552.481s][info][gc,heap     ] GC(996) Eden regions: 148->0(143)
[552.481s][info][gc,heap     ] GC(996) Survivor regions: 14->20(21)
[552.481s][info][gc,heap     ] GC(996) Old regions: 142->144
[552.481s][info][gc,heap     ] GC(996) Humongous regions: 5->4
[552.481s][info][gc,metaspace] GC(996) Metaspace: 43109K(43584K)->43109K(43584K) NonClass: 38768K(39040K)->38768K(39040K) Class: 4341K(4544K)->4341K(4544K)
[552.481s][info][gc          ] GC(996) Pause Young (Mixed) (G1 Evacuation Pause) 309M->168M(383M) 44.311ms
[552.481s][info][gc,cpu      ] GC(996) User=0.09s Sys=0.00s Real=0.04s
[552.977s][info][gc,start    ] GC(997) Pause Young (Normal) (G1 Evacuation Pause)
[552.977s][info][gc,task     ] GC(997) Using 2 workers of 2 for evacuation
[552.992s][info][gc,phases   ] GC(997)   Pre Evacuate Collection Set: 0.21ms
[552.992s][info][gc,phases   ] GC(997)   Merge Heap Roots: 0.14ms
[552.992s][info][gc,phases   ] GC(997)   Evacuate Collection Set: 14.61ms
[552.992s][info][gc,phases   ] GC(997)   Post Evacuate Collection Set: 0.43ms
[552.992s][info][gc,phases   ] GC(997)   Other: 0.07ms
[552.992s][info][gc,heap     ] GC(997) Eden regions: 143->0(154)
[552.992s][info][gc,heap     ] GC(997) Survivor regions: 20->4(21)
[552.992s][info][gc,heap     ] GC(997) Old regions: 144->159
[552.992s][info][gc,heap     ] GC(997) Humongous regions: 5->4
[552.992s][info][gc,metaspace] GC(997) Metaspace: 43109K(43584K)->43109K(43584K) NonClass: 38768K(39040K)->38768K(39040K) Class: 4341K(4544K)->4341K(4544K)
[552.992s][info][gc          ] GC(997) Pause Young (Normal) (G1 Evacuation Pause) 312M->166M(383M) 15.699ms
[552.992s][info][gc,cpu      ] GC(997) User=0.03s Sys=0.00s Real=0.02s
[553.037s][info][gc,start    ] GC(998) Pause Young (Concurrent Start) (G1 Humongous Allocation)
[553.038s][info][gc,task     ] GC(998) Using 2 workers of 2 for evacuation
[553.041s][info][gc,phases   ] GC(998)   Pre Evacuate Collection Set: 0.21ms
[553.041s][info][gc,phases   ] GC(998)   Merge Heap Roots: 0.04ms
[553.041s][info][gc,phases   ] GC(998)   Evacuate Collection Set: 2.52ms
[553.041s][info][gc,phases   ] GC(998)   Post Evacuate Collection Set: 0.28ms
[553.041s][info][gc,phases   ] GC(998)   Other: 0.08ms
[553.041s][info][gc,heap     ] GC(998) Eden regions: 14->0(166)
[553.041s][info][gc,heap     ] GC(998) Survivor regions: 4->3(20)
[553.041s][info][gc,heap     ] GC(998) Old regions: 159->159
[553.041s][info][gc,heap     ] GC(998) Humongous regions: 4->4
[553.041s][info][gc,metaspace] GC(998) Metaspace: 43109K(43584K)->43109K(43584K) NonClass: 38768K(39040K)->38768K(39040K) Class: 4341K(4544K)->4341K(4544K)
[553.041s][info][gc          ] GC(998) Pause Young (Concurrent Start) (G1 Humongous Allocation) 179M->166M(383M) 3.325ms
[553.041s][info][gc          ] GC(999) Concurrent Mark Cycle
[553.041s][info][gc,marking  ] GC(999) Concurrent Scan Root Regions
[553.041s][info][gc,cpu      ] GC(998) User=0.00s Sys=0.00s Real=0.00s
[553.043s][info][gc,marking  ] GC(999) Concurrent Scan Root Regions 2.104ms
[553.043s][info][gc,marking  ] GC(999) Concurrent Mark
[553.043s][info][gc,marking  ] GC(999) Concurrent Mark From Roots
[553.043s][info][gc,task     ] GC(999) Using 1 workers of 1 for marking
[553.117s][info][gc,marking  ] GC(999) Concurrent Mark From Roots 73.690ms
[553.117s][info][gc,marking  ] GC(999) Concurrent Preclean
[553.117s][info][gc,marking  ] GC(999) Concurrent Preclean 0.052ms
[553.117s][info][gc,start    ] GC(999) Pause Remark
[553.134s][info][gc          ] GC(999) Pause Remark 185M->146M(383M) 16.781ms
[553.134s][info][gc,cpu      ] GC(999) User=0.04s Sys=0.00s Real=0.02s
[553.134s][info][gc,marking  ] GC(999) Concurrent Mark 91.341ms
[553.134s][info][gc,marking  ] GC(999) Concurrent Rebuild Remembered Sets and Scrub Regions
[553.165s][info][gc,marking  ] GC(999) Concurrent Rebuild Remembered Sets and Scrub Regions 30.252ms
[553.165s][info][gc,start    ] GC(999) Pause Cleanup
[553.165s][info][gc          ] GC(999) Pause Cleanup 154M->154M(383M) 0.080ms
[553.165s][info][gc,cpu      ] GC(999) User=0.00s Sys=0.00s Real=0.00s
[553.165s][info][gc,marking  ] GC(999) Concurrent Clear Claimed Marks
[553.165s][info][gc,marking  ] GC(999) Concurrent Clear Claimed Marks 0.039ms
[553.165s][info][gc,marking  ] GC(999) Concurrent Cleanup for Next Mark
[553.167s][info][gc,marking  ] GC(999) Concurrent Cleanup for Next Mark 2.195ms
[553.167s][info][gc          ] GC(999) Concurrent Mark Cycle 126.325ms
[553.655s][info][gc,start    ] GC(1000) Pause Young (Prepare Mixed) (G1 Evacuation Pause)
[553.655s][info][gc,task     ] GC(1000) Using 2 workers of 2 for evacuation
[553.687s][info][gc,phases   ] GC(1000)   Pre Evacuate Collection Set: 0.22ms
[553.687s][info][gc,phases   ] GC(1000)   Merge Heap Roots: 0.07ms
[553.687s][info][gc,phases   ] GC(1000)   Evacuate Collection Set: 30.71ms
[553.687s][info][gc,phases   ] GC(1000)   Post Evacuate Collection Set: 0.54ms
[553.687s][info][gc,phases   ] GC(1000)   Other: 0.09ms
[553.687s][info][gc,heap     ] GC(1000) Eden regions: 166->0(132)
[553.687s][info][gc,heap     ] GC(1000) Survivor regions: 3->22(22)
[553.687s][info][gc,heap     ] GC(1000) Old regions: 121->149
[553.687s][info][gc,heap     ] GC(1000) Humongous regions: 4->3
[553.687s][info][gc,metaspace] GC(1000) Metaspace: 43109K(43584K)->43109K(43584K) NonClass: 38768K(39040K)->38768K(39040K) Class: 4341K(4544K)->4341K(4544K)
[553.687s][info][gc          ] GC(1000) Pause Young (Prepare Mixed) (G1 Evacuation Pause) 294M->173M(383M) 31.859ms
[553.687s][info][gc,cpu      ] GC(1000) User=0.06s Sys=0.00s Real=0.03s
[554.213s][info][gc,start    ] GC(1001) Pause Young (Mixed) (G1 Evacuation Pause)
[554.213s][info][gc,task     ] GC(1001) Using 2 workers of 2 for evacuation
[554.271s][info][gc,phases   ] GC(1001)   Pre Evacuate Collection Set: 0.25ms
[554.271s][info][gc,phases   ] GC(1001)   Merge Heap Roots: 0.25ms
[554.271s][info][gc,phases   ] GC(1001)   Evacuate Collection Set: 56.96ms
[554.271s][info][gc,phases   ] GC(1001)   Post Evacuate Collection Set: 0.60ms
[554.271s][info][gc,phases   ] GC(1001)   Other: 0.08ms
[554.271s][info][gc,heap     ] GC(1001) Eden regions: 132->0(105)
[554.271s][info][gc,heap     ] GC(1001) Survivor regions: 22->20(20)
[554.271s][info][gc,heap     ] GC(1001) Old regions: 149->164
[554.271s][info][gc,heap     ] GC(1001) Humongous regions: 4->4
[554.271s][info][gc,metaspace] GC(1001) Metaspace: 43109K(43584K)->43109K(43584K) NonClass: 38768K(39040K)->38768K(39040K) Class: 4341K(4544K)->4341K(4544K)
[554.271s][info][gc          ] GC(1001) Pause Young (Mixed) (G1 Evacuation Pause) 306M->187M(383M) 58.359ms
[554.271s][info][gc,cpu      ] GC(1001) User=0.11s Sys=0.00s Real=0.05s
[554.633s][info][gc,start    ] GC(1002) Pause Young (Mixed) (G1 Evacuation Pause)
[554.633s][info][gc,task     ] GC(1002) Using 2 workers of 2 for evacuation
[554.674s][info][gc,phases   ] GC(1002)   Pre Evacuate Collection Set: 0.24ms
[554.674s][info][gc,phases   ] GC(1002)   Merge Heap Roots: 0.36ms
[554.674s][info][gc,phases   ] GC(1002)   Evacuate Collection Set: 39.29ms
[554.674s][info][gc,phases   ] GC(1002)   Post Evacuate Collection Set: 0.83ms
[554.674s][info][gc,phases   ] GC(1002)   Other: 0.08ms
[554.674s][info][gc,heap     ] GC(1002) Eden regions: 105->0(130)
[554.674s][info][gc,heap     ] GC(1002) Survivor regions: 20->16(16)
[554.674s][info][gc,heap     ] GC(1002) Old regions: 164->174
[554.674s][info][gc,heap     ] GC(1002) Humongous regions: 4->4
[554.674s][info][gc,metaspace] GC(1002) Metaspace: 43109K(43584K)->43109K(43584K) NonClass: 38768K(39040K)->38768K(39040K) Class: 4341K(4544K)->4341K(4544K)
[554.674s][info][gc          ] GC(1002) Pause Young (Mixed) (G1 Evacuation Pause) 292M->193M(430M) 41.013ms
[554.674s][info][gc,cpu      ] GC(1002) User=0.08s Sys=0.00s Real=0.04s
[555.177s][info][gc,start    ] GC(1003) Pause Young (Normal) (G1 Evacuation Pause)
[555.177s][info][gc,task     ] GC(1003) Using 2 workers of 2 for evacuation
[555.229s][info][gc,phases   ] GC(1003)   Pre Evacuate Collection Set: 0.22ms
[555.229s][info][gc,phases   ] GC(1003)   Merge Heap Roots: 0.12ms
[555.229s][info][gc,phases   ] GC(1003)   Evacuate Collection Set: 51.22ms
[555.229s][info][gc,phases   ] GC(1003)   Post Evacuate Collection Set: 0.49ms
[555.229s][info][gc,phases   ] GC(1003)   Other: 0.11ms
[555.229s][info][gc,heap     ] GC(1003) Eden regions: 130->0(74)
[555.229s][info][gc,heap     ] GC(1003) Survivor regions: 16->19(19)
[555.229s][info][gc,heap     ] GC(1003) Old regions: 174->237
[555.229s][info][gc,heap     ] GC(1003) Humongous regions: 5->5
[555.229s][info][gc,metaspace] GC(1003) Metaspace: 43109K(43584K)->43109K(43584K) NonClass: 38768K(39040K)->38768K(39040K) Class: 4341K(4544K)->4341K(4544K)
[555.229s][info][gc          ] GC(1003) Pause Young (Normal) (G1 Evacuation Pause) 324M->260M(430M) 52.407ms
[555.229s][info][gc,cpu      ] GC(1003) User=0.10s Sys=0.00s Real=0.05s
[555.547s][info][gc,start    ] GC(1004) Pause Young (Concurrent Start) (G1 Evacuation Pause)
[555.547s][info][gc,task     ] GC(1004) Using 2 workers of 2 for evacuation
[555.599s][info][gc,phases   ] GC(1004)   Pre Evacuate Collection Set: 0.25ms
[555.599s][info][gc,phases   ] GC(1004)   Merge Heap Roots: 0.31ms
[555.599s][info][gc,phases   ] GC(1004)   Evacuate Collection Set: 50.66ms
[555.599s][info][gc,phases   ] GC(1004)   Post Evacuate Collection Set: 0.45ms
[555.599s][info][gc,phases   ] GC(1004)   Other: 0.10ms
[555.599s][info][gc,heap     ] GC(1004) Eden regions: 74->0(51)
[555.599s][info][gc,heap     ] GC(1004) Survivor regions: 19->12(12)
[555.599s][info][gc,heap     ] GC(1004) Old regions: 237->288
[555.599s][info][gc,heap     ] GC(1004) Humongous regions: 5->5
[555.599s][info][gc,metaspace] GC(1004) Metaspace: 43109K(43584K)->43109K(43584K) NonClass: 38768K(39040K)->38768K(39040K) Class: 4341K(4544K)->4341K(4544K)
[555.599s][info][gc          ] GC(1004) Pause Young (Concurrent Start) (G1 Evacuation Pause) 334M->305M(430M) 52.001ms
[555.599s][info][gc,cpu      ] GC(1004) User=0.10s Sys=0.00s Real=0.05s
[555.599s][info][gc          ] GC(1005) Concurrent Mark Cycle
[555.599s][info][gc,marking  ] GC(1005) Concurrent Scan Root Regions
[555.627s][info][gc,marking  ] GC(1005) Concurrent Scan Root Regions 28.311ms
[555.627s][info][gc,marking  ] GC(1005) Concurrent Mark
[555.627s][info][gc,marking  ] GC(1005) Concurrent Mark From Roots
[555.627s][info][gc,task     ] GC(1005) Using 1 workers of 1 for marking
[555.762s][info][gc,marking  ] GC(1005) Concurrent Mark From Roots 135.102ms
[555.762s][info][gc,marking  ] GC(1005) Concurrent Preclean
[555.762s][info][gc,marking  ] GC(1005) Concurrent Preclean 0.046ms
[555.763s][info][gc,start    ] GC(1005) Pause Remark
[555.780s][info][gc          ] GC(1005) Pause Remark 349M->305M(437M) 17.313ms
[555.780s][info][gc,cpu      ] GC(1005) User=0.03s Sys=0.00s Real=0.01s
[555.780s][info][gc,marking  ] GC(1005) Concurrent Mark 152.765ms
[555.780s][info][gc,marking  ] GC(1005) Concurrent Rebuild Remembered Sets and Scrub Regions
[555.817s][info][gc,start    ] GC(1006) Pause Young (Normal) (G1 Evacuation Pause)
[555.817s][info][gc,task     ] GC(1006) Using 2 workers of 2 for evacuation
[555.852s][info][gc,phases   ] GC(1006)   Pre Evacuate Collection Set: 0.20ms
[555.852s][info][gc,phases   ] GC(1006)   Merge Heap Roots: 0.20ms
[555.852s][info][gc,phases   ] GC(1006)   Evacuate Collection Set: 33.74ms
[555.852s][info][gc,phases   ] GC(1006)   Post Evacuate Collection Set: 0.40ms
[555.852s][info][gc,phases   ] GC(1006)   Other: 0.11ms
[555.852s][info][gc,heap     ] GC(1006) Eden regions: 51->0(58)
[555.852s][info][gc,heap     ] GC(1006) Survivor regions: 12->8(8)
[555.852s][info][gc,heap     ] GC(1006) Old regions: 245->282
[555.852s][info][gc,heap     ] GC(1006) Humongous regions: 5->5
[555.852s][info][gc,metaspace] GC(1006) Metaspace: 43109K(43584K)->43109K(43584K) NonClass: 38768K(39040K)->38768K(39040K) Class: 4341K(4544K)->4341K(4544K)
[555.852s][info][gc          ] GC(1006) Pause Young (Normal) (G1 Evacuation Pause) 313M->294M(437M) 34.911ms
[555.852s][info][gc,cpu      ] GC(1006) User=0.07s Sys=0.00s Real=0.04s
[555.907s][info][gc,marking  ] GC(1005) Concurrent Rebuild Remembered Sets and Scrub Regions 127.177ms
[555.907s][info][gc,start    ] GC(1005) Pause Cleanup
[555.907s][info][gc          ] GC(1005) Pause Cleanup 306M->306M(437M) 0.101ms
[555.907s][info][gc,cpu      ] GC(1005) User=0.00s Sys=0.00s Real=0.00s
[555.907s][info][gc,marking  ] GC(1005) Concurrent Clear Claimed Marks
[555.907s][info][gc,marking  ] GC(1005) Concurrent Clear Claimed Marks 0.040ms
[555.907s][info][gc,marking  ] GC(1005) Concurrent Cleanup for Next Mark
[555.909s][info][gc,marking  ] GC(1005) Concurrent Cleanup for Next Mark 1.889ms
[555.909s][info][gc          ] GC(1005) Concurrent Mark Cycle 310.570ms
[556.097s][info][gc,start    ] GC(1007) Pause Young (Prepare Mixed) (G1 Evacuation Pause)
[556.097s][info][gc,task     ] GC(1007) Using 2 workers of 2 for evacuation
[556.134s][info][gc,phases   ] GC(1007)   Pre Evacuate Collection Set: 0.22ms
[556.134s][info][gc,phases   ] GC(1007)   Merge Heap Roots: 0.31ms
[556.134s][info][gc,phases   ] GC(1007)   Evacuate Collection Set: 36.74ms
[556.134s][info][gc,phases   ] GC(1007)   Post Evacuate Collection Set: 0.43ms
[556.134s][info][gc,phases   ] GC(1007)   Other: 0.09ms
[556.134s][info][gc,heap     ] GC(1007) Eden regions: 58->0(43)
[556.134s][info][gc,heap     ] GC(1007) Survivor regions: 8->9(9)
[556.134s][info][gc,heap     ] GC(1007) Old regions: 282->315
[556.134s][info][gc,heap     ] GC(1007) Humongous regions: 5->5
[556.134s][info][gc,metaspace] GC(1007) Metaspace: 43109K(43584K)->43109K(43584K) NonClass: 38768K(39040K)->38768K(39040K) Class: 4341K(4544K)->4341K(4544K)
[556.135s][info][gc          ] GC(1007) Pause Young (Prepare Mixed) (G1 Evacuation Pause) 352M->329M(437M) 38.030ms
[556.135s][info][gc,cpu      ] GC(1007) User=0.08s Sys=0.00s Real=0.04s
[556.274s][info][gc,start    ] GC(1008) Pause Young (Mixed) (G1 Evacuation Pause)
[556.274s][info][gc,task     ] GC(1008) Using 2 workers of 2 for evacuation
[556.311s][info][gc,phases   ] GC(1008)   Pre Evacuate Collection Set: 0.25ms
[556.311s][info][gc,phases   ] GC(1008)   Merge Heap Roots: 0.26ms
[556.311s][info][gc,phases   ] GC(1008)   Evacuate Collection Set: 35.58ms
[556.311s][info][gc,phases   ] GC(1008)   Post Evacuate Collection Set: 0.91ms
[556.311s][info][gc,phases   ] GC(1008)   Other: 0.09ms
[556.311s][info][gc,heap     ] GC(1008) Eden regions: 43->0(73)
[556.311s][info][gc,heap     ] GC(1008) Survivor regions: 9->7(7)
[556.311s][info][gc,heap     ] GC(1008) Old regions: 315->307
[556.311s][info][gc,heap     ] GC(1008) Humongous regions: 5->5
[556.311s][info][gc,metaspace] GC(1008) Metaspace: 43109K(43584K)->43109K(43584K) NonClass: 38768K(39040K)->38768K(39040K) Class: 4341K(4544K)->4341K(4544K)
[556.311s][info][gc          ] GC(1008) Pause Young (Mixed) (G1 Evacuation Pause) 372M->318M(501M) 37.342ms
[556.311s][info][gc,cpu      ] GC(1008) User=0.07s Sys=0.00s Real=0.03s
[556.652s][info][gc,start    ] GC(1009) Pause Young (Mixed) (G1 Evacuation Pause)
[556.652s][info][gc,task     ] GC(1009) Using 2 workers of 2 for evacuation
[556.718s][info][gc,phases   ] GC(1009)   Pre Evacuate Collection Set: 0.37ms
[556.718s][info][gc,phases   ] GC(1009)   Merge Heap Roots: 0.83ms
[556.718s][info][gc,phases   ] GC(1009)   Evacuate Collection Set: 64.19ms
[556.718s][info][gc,phases   ] GC(1009)   Post Evacuate Collection Set: 0.50ms
[556.718s][info][gc,phases   ] GC(1009)   Other: 0.07ms
[556.718s][info][gc,heap     ] GC(1009) Eden regions: 73->0(73)
[556.718s][info][gc,heap     ] GC(1009) Survivor regions: 7->10(10)
[556.718s][info][gc,heap     ] GC(1009) Old regions: 307->308
[556.718s][info][gc,heap     ] GC(1009) Humongous regions: 6->6
[556.718s][info][gc,metaspace] GC(1009) Metaspace: 43109K(43584K)->43109K(43584K) NonClass: 38768K(39040K)->38768K(39040K) Class: 4341K(4544K)->4341K(4544K)
[556.718s][info][gc          ] GC(1009) Pause Young (Mixed) (G1 Evacuation Pause) 392M->324M(501M) 66.235ms
[556.718s][info][gc,cpu      ] GC(1009) User=0.12s Sys=0.00s Real=0.07s
[556.959s][info][gc,start    ] GC(1010) Pause Young (Concurrent Start) (G1 Evacuation Pause)
[556.959s][info][gc,task     ] GC(1010) Using 2 workers of 2 for evacuation
[557.000s][info][gc,phases   ] GC(1010)   Pre Evacuate Collection Set: 0.25ms
[557.000s][info][gc,phases   ] GC(1010)   Merge Heap Roots: 0.22ms
[557.000s][info][gc,phases   ] GC(1010)   Evacuate Collection Set: 39.20ms
[557.000s][info][gc,phases   ] GC(1010)   Post Evacuate Collection Set: 0.39ms
[557.000s][info][gc,phases   ] GC(1010)   Other: 0.09ms
[557.000s][info][gc,heap     ] GC(1010) Eden regions: 73->0(54)
[557.000s][info][gc,heap     ] GC(1010) Survivor regions: 10->11(11)
[557.000s][info][gc,heap     ] GC(1010) Old regions: 308->349
[557.000s][info][gc,heap     ] GC(1010) Humongous regions: 6->6
[557.000s][info][gc,metaspace] GC(1010) Metaspace: 43109K(43584K)->43109K(43584K) NonClass: 38768K(39040K)->38768K(39040K) Class: 4341K(4544K)->4341K(4544K)
[557.000s][info][gc          ] GC(1010) Pause Young (Concurrent Start) (G1 Evacuation Pause) 397M->366M(501M) 40.368ms
[557.000s][info][gc,cpu      ] GC(1010) User=0.08s Sys=0.00s Real=0.04s
[557.000s][info][gc          ] GC(1011) Concurrent Mark Cycle
[557.000s][info][gc,marking  ] GC(1011) Concurrent Scan Root Regions
[557.021s][info][gc,marking  ] GC(1011) Concurrent Scan Root Regions 20.795ms
[557.021s][info][gc,marking  ] GC(1011) Concurrent Mark
[557.021s][info][gc,marking  ] GC(1011) Concurrent Mark From Roots
[557.021s][info][gc,task     ] GC(1011) Using 1 workers of 1 for marking
[557.152s][info][gc,marking  ] GC(1011) Concurrent Mark From Roots 131.131ms
[557.152s][info][gc,marking  ] GC(1011) Concurrent Preclean
[557.152s][info][gc,marking  ] GC(1011) Concurrent Preclean 0.059ms
[557.152s][info][gc,start    ] GC(1011) Pause Remark
[557.169s][info][gc          ] GC(1011) Pause Remark 404M->316M(501M) 16.643ms
[557.169s][info][gc,cpu      ] GC(1011) User=0.04s Sys=0.00s Real=0.02s
[557.171s][info][gc,marking  ] GC(1011) Concurrent Mark 150.574ms
[557.171s][info][gc,marking  ] GC(1011) Concurrent Rebuild Remembered Sets and Scrub Regions
[557.239s][info][gc,start    ] GC(1012) Pause Young (Normal) (G1 Evacuation Pause)
[557.239s][info][gc,task     ] GC(1012) Using 2 workers of 2 for evacuation
[557.252s][info][gc,phases   ] GC(1012)   Pre Evacuate Collection Set: 0.27ms
[557.252s][info][gc,phases   ] GC(1012)   Merge Heap Roots: 0.27ms
[557.252s][info][gc,phases   ] GC(1012)   Evacuate Collection Set: 12.33ms
[557.252s][info][gc,phases   ] GC(1012)   Post Evacuate Collection Set: 0.34ms
[557.253s][info][gc,phases   ] GC(1012)   Other: 0.11ms
[557.253s][info][gc,heap     ] GC(1012) Eden regions: 54->0(101)
[557.253s][info][gc,heap     ] GC(1012) Survivor regions: 11->7(9)
[557.253s][info][gc,heap     ] GC(1012) Old regions: 263->270
[557.253s][info][gc,heap     ] GC(1012) Humongous regions: 5->5
[557.253s][info][gc,metaspace] GC(1012) Metaspace: 43109K(43584K)->43109K(43584K) NonClass: 38768K(39040K)->38768K(39040K) Class: 4341K(4544K)->4341K(4544K)
[557.253s][info][gc          ] GC(1012) Pause Young (Normal) (G1 Evacuation Pause) 333M->281M(501M) 13.519ms
[557.253s][info][gc,cpu      ] GC(1012) User=0.02s Sys=0.00s Real=0.02s
[557.273s][info][gc,marking  ] GC(1011) Concurrent Rebuild Remembered Sets and Scrub Regions 101.862ms
[557.273s][info][gc,start    ] GC(1011) Pause Cleanup
[557.273s][info][gc          ] GC(1011) Pause Cleanup 287M->287M(501M) 0.143ms
[557.273s][info][gc,cpu      ] GC(1011) User=0.00s Sys=0.00s Real=0.00s
[557.273s][info][gc,marking  ] GC(1011) Concurrent Clear Claimed Marks
[557.273s][info][gc,marking  ] GC(1011) Concurrent Clear Claimed Marks 0.043ms
[557.273s][info][gc,marking  ] GC(1011) Concurrent Cleanup for Next Mark
[557.276s][info][gc,marking  ] GC(1011) Concurrent Cleanup for Next Mark 2.149ms
[557.276s][info][gc          ] GC(1011) Concurrent Mark Cycle 275.875ms
[557.595s][info][gc,start    ] GC(1013) Pause Young (Prepare Mixed) (G1 Evacuation Pause)
[557.595s][info][gc,task     ] GC(1013) Using 2 workers of 2 for evacuation
[557.605s][info][gc,phases   ] GC(1013)   Pre Evacuate Collection Set: 0.32ms
[557.605s][info][gc,phases   ] GC(1013)   Merge Heap Roots: 0.12ms
[557.605s][info][gc,phases   ] GC(1013)   Evacuate Collection Set: 8.43ms
[557.605s][info][gc,phases   ] GC(1013)   Post Evacuate Collection Set: 0.44ms
[557.605s][info][gc,phases   ] GC(1013)   Other: 0.10ms
[557.605s][info][gc,heap     ] GC(1013) Eden regions: 101->0(112)
[557.605s][info][gc,heap     ] GC(1013) Survivor regions: 7->10(14)
[557.605s][info][gc,heap     ] GC(1013) Old regions: 270->270
[557.605s][info][gc,heap     ] GC(1013) Humongous regions: 5->5
[557.605s][info][gc,metaspace] GC(1013) Metaspace: 43109K(43584K)->43109K(43584K) NonClass: 38768K(39040K)->38768K(39040K) Class: 4341K(4544K)->4341K(4544K)
[557.605s][info][gc          ] GC(1013) Pause Young (Prepare Mixed) (G1 Evacuation Pause) 382M->284M(501M) 9.622ms
[557.605s][info][gc,cpu      ] GC(1013) User=0.01s Sys=0.00s Real=0.01s
[557.996s][info][gc,start    ] GC(1014) Pause Young (Mixed) (G1 Evacuation Pause)
[557.996s][info][gc,task     ] GC(1014) Using 2 workers of 2 for evacuation
[558.024s][info][gc,phases   ] GC(1014)   Pre Evacuate Collection Set: 0.26ms
[558.024s][info][gc,phases   ] GC(1014)   Merge Heap Roots: 0.18ms
[558.024s][info][gc,phases   ] GC(1014)   Evacuate Collection Set: 27.20ms
[558.024s][info][gc,phases   ] GC(1014)   Post Evacuate Collection Set: 0.48ms
[558.024s][info][gc,phases   ] GC(1014)   Other: 0.07ms
[558.024s][info][gc,heap     ] GC(1014) Eden regions: 112->0(124)
[558.024s][info][gc,heap     ] GC(1014) Survivor regions: 10->16(16)
[558.024s][info][gc,heap     ] GC(1014) Old regions: 270->241
[558.024s][info][gc,heap     ] GC(1014) Humongous regions: 6->6
[558.024s][info][gc,metaspace] GC(1014) Metaspace: 43109K(43584K)->43109K(43584K) NonClass: 38768K(39040K)->38768K(39040K) Class: 4341K(4544K)->4341K(4544K)
[558.024s][info][gc          ] GC(1014) Pause Young (Mixed) (G1 Evacuation Pause) 397M->263M(501M) 28.407ms
[558.024s][info][gc,cpu      ] GC(1014) User=0.06s Sys=0.00s Real=0.03s
[558.460s][info][gc,start    ] GC(1015) Pause Young (Mixed) (G1 Evacuation Pause)
[558.461s][info][gc,task     ] GC(1015) Using 2 workers of 2 for evacuation
[558.505s][info][gc,phases   ] GC(1015)   Pre Evacuate Collection Set: 0.27ms
[558.505s][info][gc,phases   ] GC(1015)   Merge Heap Roots: 0.50ms
[558.505s][info][gc,phases   ] GC(1015)   Evacuate Collection Set: 43.44ms
[558.505s][info][gc,phases   ] GC(1015)   Post Evacuate Collection Set: 0.56ms
[558.505s][info][gc,phases   ] GC(1015)   Other: 0.07ms
[558.505s][info][gc,heap     ] GC(1015) Eden regions: 124->0(139)
[558.505s][info][gc,heap     ] GC(1015) Survivor regions: 16->18(18)
[558.505s][info][gc,heap     ] GC(1015) Old regions: 241->215
[558.505s][info][gc,heap     ] GC(1015) Humongous regions: 6->5
[558.505s][info][gc,metaspace] GC(1015) Metaspace: 43109K(43584K)->43109K(43584K) NonClass: 38768K(39040K)->38768K(39040K) Class: 4341K(4544K)->4341K(4544K)
[558.506s][info][gc          ] GC(1015) Pause Young (Mixed) (G1 Evacuation Pause) 387M->237M(501M) 45.045ms
[558.506s][info][gc,cpu      ] GC(1015) User=0.09s Sys=0.00s Real=0.05s
[558.989s][info][gc,start    ] GC(1016) Pause Young (Mixed) (G1 Evacuation Pause)
[558.989s][info][gc,task     ] GC(1016) Using 2 workers of 2 for evacuation
[559.031s][info][gc,phases   ] GC(1016)   Pre Evacuate Collection Set: 0.26ms
[559.031s][info][gc,phases   ] GC(1016)   Merge Heap Roots: 0.58ms
[559.031s][info][gc,phases   ] GC(1016)   Evacuate Collection Set: 40.46ms
[559.031s][info][gc,phases   ] GC(1016)   Post Evacuate Collection Set: 1.05ms
[559.031s][info][gc,phases   ] GC(1016)   Other: 0.13ms
[559.031s][info][gc,heap     ] GC(1016) Eden regions: 139->0(186)
[559.031s][info][gc,heap     ] GC(1016) Survivor regions: 18->20(20)
[559.031s][info][gc,heap     ] GC(1016) Old regions: 215->224
[559.031s][info][gc,heap     ] GC(1016) Humongous regions: 6->6
[559.031s][info][gc,metaspace] GC(1016) Metaspace: 43109K(43584K)->43109K(43584K) NonClass: 38768K(39040K)->38768K(39040K) Class: 4341K(4544K)->4341K(4544K)
[559.031s][info][gc          ] GC(1016) Pause Young (Mixed) (G1 Evacuation Pause) 377M->250M(581M) 42.674ms
[559.031s][info][gc,cpu      ] GC(1016) User=0.08s Sys=0.00s Real=0.04s
[559.756s][info][gc,start    ] GC(1017) Pause Young (Normal) (G1 Evacuation Pause)
[559.756s][info][gc,task     ] GC(1017) Using 2 workers of 2 for evacuation
[559.788s][info][gc,phases   ] GC(1017)   Pre Evacuate Collection Set: 0.24ms
[559.788s][info][gc,phases   ] GC(1017)   Merge Heap Roots: 0.14ms
[559.788s][info][gc,phases   ] GC(1017)   Evacuate Collection Set: 30.91ms
[559.788s][info][gc,phases   ] GC(1017)   Post Evacuate Collection Set: 0.48ms
[559.788s][info][gc,phases   ] GC(1017)   Other: 0.10ms
[559.788s][info][gc,heap     ] GC(1017) Eden regions: 186->0(174)
[559.788s][info][gc,heap     ] GC(1017) Survivor regions: 20->26(26)
[559.788s][info][gc,heap     ] GC(1017) Old regions: 224->247
[559.788s][info][gc,heap     ] GC(1017) Humongous regions: 9->8
[559.788s][info][gc,metaspace] GC(1017) Metaspace: 43109K(43584K)->43109K(43584K) NonClass: 38768K(39040K)->38768K(39040K) Class: 4341K(4544K)->4341K(4544K)
[559.788s][info][gc          ] GC(1017) Pause Young (Normal) (G1 Evacuation Pause) 439M->280M(581M) 32.142ms
[559.788s][info][gc,cpu      ] GC(1017) User=0.06s Sys=0.00s Real=0.03s
[559.983s][info][gc,start    ] GC(1018) Pause Young (Concurrent Start) (G1 Humongous Allocation)
[559.983s][info][gc,task     ] GC(1018) Using 2 workers of 2 for evacuation
[560.007s][info][gc,phases   ] GC(1018)   Pre Evacuate Collection Set: 0.27ms
[560.007s][info][gc,phases   ] GC(1018)   Merge Heap Roots: 0.08ms
[560.007s][info][gc,phases   ] GC(1018)   Evacuate Collection Set: 23.26ms
[560.007s][info][gc,phases   ] GC(1018)   Post Evacuate Collection Set: 0.39ms
[560.007s][info][gc,phases   ] GC(1018)   Other: 0.11ms
[560.007s][info][gc,heap     ] GC(1018) Eden regions: 56->0(176)
[560.007s][info][gc,heap     ] GC(1018) Survivor regions: 26->15(25)
[560.007s][info][gc,heap     ] GC(1018) Old regions: 247->273
[560.007s][info][gc,heap     ] GC(1018) Humongous regions: 8->8
[560.007s][info][gc,metaspace] GC(1018) Metaspace: 43109K(43584K)->43109K(43584K) NonClass: 38768K(39040K)->38768K(39040K) Class: 4341K(4544K)->4341K(4544K)
[560.007s][info][gc          ] GC(1018) Pause Young (Concurrent Start) (G1 Humongous Allocation) 336M->296M(581M) 24.322ms
[560.007s][info][gc,cpu      ] GC(1018) User=0.04s Sys=0.00s Real=0.02s
[560.007s][info][gc          ] GC(1019) Concurrent Mark Cycle
[560.007s][info][gc,marking  ] GC(1019) Concurrent Scan Root Regions
[560.022s][info][gc,marking  ] GC(1019) Concurrent Scan Root Regions 15.303ms
[560.022s][info][gc,marking  ] GC(1019) Concurrent Mark
[560.022s][info][gc,marking  ] GC(1019) Concurrent Mark From Roots
[560.022s][info][gc,task     ] GC(1019) Using 1 workers of 1 for marking
[560.106s][info][gc,marking  ] GC(1019) Concurrent Mark From Roots 83.334ms
[560.106s][info][gc,marking  ] GC(1019) Concurrent Preclean
[560.106s][info][gc,marking  ] GC(1019) Concurrent Preclean 0.068ms
[560.106s][info][gc,start    ] GC(1019) Pause Remark
[560.123s][info][gc          ] GC(1019) Pause Remark 318M->200M(581M) 16.867ms
[560.123s][info][gc,cpu      ] GC(1019) User=0.03s Sys=0.00s Real=0.02s
[560.125s][info][gc,marking  ] GC(1019) Concurrent Mark 102.880ms
[560.125s][info][gc,marking  ] GC(1019) Concurrent Rebuild Remembered Sets and Scrub Regions
[560.170s][info][gc,marking  ] GC(1019) Concurrent Rebuild Remembered Sets and Scrub Regions 44.320ms
[560.170s][info][gc,start    ] GC(1019) Pause Cleanup
[560.170s][info][gc          ] GC(1019) Pause Cleanup 212M->212M(581M) 0.078ms
[560.170s][info][gc,cpu      ] GC(1019) User=0.00s Sys=0.00s Real=0.00s
[560.170s][info][gc,marking  ] GC(1019) Concurrent Clear Claimed Marks
[560.170s][info][gc,marking  ] GC(1019) Concurrent Clear Claimed Marks 0.038ms
[560.170s][info][gc,marking  ] GC(1019) Concurrent Cleanup for Next Mark
[560.173s][info][gc,marking  ] GC(1019) Concurrent Cleanup for Next Mark 2.618ms
[560.173s][info][gc          ] GC(1019) Concurrent Mark Cycle 165.579ms
[560.697s][info][gc,start    ] GC(1020) Pause Young (Prepare Mixed) (G1 Evacuation Pause)
[560.697s][info][gc,task     ] GC(1020) Using 2 workers of 2 for evacuation
[560.715s][info][gc,phases   ] GC(1020)   Pre Evacuate Collection Set: 0.26ms
[560.715s][info][gc,phases   ] GC(1020)   Merge Heap Roots: 0.08ms
[560.715s][info][gc,phases   ] GC(1020)   Evacuate Collection Set: 16.96ms
[560.715s][info][gc,phases   ] GC(1020)   Post Evacuate Collection Set: 0.46ms
[560.715s][info][gc,phases   ] GC(1020)   Other: 0.07ms
[560.715s][info][gc,heap     ] GC(1020) Eden regions: 176->0(244)
[560.715s][info][gc,heap     ] GC(1020) Survivor regions: 15->24(24)
[560.715s][info][gc,heap     ] GC(1020) Old regions: 158->163
[560.715s][info][gc,heap     ] GC(1020) Humongous regions: 8->6
[560.715s][info][gc,metaspace] GC(1020) Metaspace: 43109K(43584K)->43109K(43584K) NonClass: 38768K(39040K)->38768K(39040K) Class: 4341K(4544K)->4341K(4544K)
[560.715s][info][gc          ] GC(1020) Pause Young (Prepare Mixed) (G1 Evacuation Pause) 357M->192M(581M) 18.038ms
[560.715s][info][gc,cpu      ] GC(1020) User=0.04s Sys=0.00s Real=0.02s
[561.494s][info][gc,start    ] GC(1021) Pause Young (Mixed) (G1 Evacuation Pause)
[561.494s][info][gc,task     ] GC(1021) Using 2 workers of 2 for evacuation
[561.522s][info][gc,phases   ] GC(1021)   Pre Evacuate Collection Set: 0.26ms
[561.522s][info][gc,phases   ] GC(1021)   Merge Heap Roots: 0.20ms
[561.522s][info][gc,phases   ] GC(1021)   Evacuate Collection Set: 26.32ms
[561.522s][info][gc,phases   ] GC(1021)   Post Evacuate Collection Set: 0.62ms
[561.522s][info][gc,phases   ] GC(1021)   Other: 0.08ms
[561.522s][info][gc,heap     ] GC(1021) Eden regions: 244->0(274)
[561.522s][info][gc,heap     ] GC(1021) Survivor regions: 24->23(34)
[561.522s][info][gc,heap     ] GC(1021) Old regions: 163->130
[561.522s][info][gc,heap     ] GC(1021) Humongous regions: 8->6
[561.522s][info][gc,metaspace] GC(1021) Metaspace: 43109K(43584K)->43109K(43584K) NonClass: 38768K(39040K)->38768K(39040K) Class: 4341K(4544K)->4341K(4544K)
[561.522s][info][gc          ] GC(1021) Pause Young (Mixed) (G1 Evacuation Pause) 438M->158M(581M) 27.710ms
[561.522s][info][gc,cpu      ] GC(1021) User=0.05s Sys=0.00s Real=0.02s
[562.340s][info][gc,start    ] GC(1022) Pause Young (Normal) (G1 Evacuation Pause)
[562.340s][info][gc,task     ] GC(1022) Using 2 workers of 2 for evacuation
[562.354s][info][gc,phases   ] GC(1022)   Pre Evacuate Collection Set: 0.24ms
[562.354s][info][gc,phases   ] GC(1022)   Merge Heap Roots: 0.14ms
[562.354s][info][gc,phases   ] GC(1022)   Evacuate Collection Set: 12.99ms
[562.354s][info][gc,phases   ] GC(1022)   Post Evacuate Collection Set: 0.54ms
[562.354s][info][gc,phases   ] GC(1022)   Other: 0.08ms
[562.354s][info][gc,heap     ] GC(1022) Eden regions: 274->0(296)
[562.354s][info][gc,heap     ] GC(1022) Survivor regions: 23->1(38)
[562.354s][info][gc,heap     ] GC(1022) Old regions: 130->151
[562.354s][info][gc,heap     ] GC(1022) Humongous regions: 7->6
[562.354s][info][gc,metaspace] GC(1022) Metaspace: 43109K(43584K)->43109K(43584K) NonClass: 38768K(39040K)->38768K(39040K) Class: 4341K(4544K)->4341K(4544K)
[562.354s][info][gc          ] GC(1022) Pause Young (Normal) (G1 Evacuation Pause) 433M->157M(581M) 14.174ms
[562.354s][info][gc,cpu      ] GC(1022) User=0.03s Sys=0.00s Real=0.02s
[562.975s][info][gc,start    ] GC(1023) Pause Young (Normal) (G1 Evacuation Pause)
[562.975s][info][gc,task     ] GC(1023) Using 2 workers of 2 for evacuation
[562.978s][info][gc,phases   ] GC(1023)   Pre Evacuate Collection Set: 0.26ms
[562.978s][info][gc,phases   ] GC(1023)   Merge Heap Roots: 0.09ms
[562.978s][info][gc,phases   ] GC(1023)   Evacuate Collection Set: 2.47ms
[562.978s][info][gc,phases   ] GC(1023)   Post Evacuate Collection Set: 0.55ms
[562.978s][info][gc,phases   ] GC(1023)   Other: 0.08ms
[562.978s][info][gc,heap     ] GC(1023) Eden regions: 296->0(314)
[562.978s][info][gc,heap     ] GC(1023) Survivor regions: 1->4(38)
[562.978s][info][gc,heap     ] GC(1023) Old regions: 151->151
[562.978s][info][gc,heap     ] GC(1023) Humongous regions: 6->4
[562.978s][info][gc,metaspace] GC(1023) Metaspace: 43109K(43584K)->43109K(43584K) NonClass: 38768K(39040K)->38768K(39040K) Class: 4341K(4544K)->4341K(4544K)
[562.978s][info][gc          ] GC(1023) Pause Young (Normal) (G1 Evacuation Pause) 453M->158M(581M) 3.629ms
[562.979s][info][gc,cpu      ] GC(1023) User=0.01s Sys=0.00s Real=0.00s
[563.259s][info][gc,start    ] GC(1024) Pause Young (Concurrent Start) (G1 Humongous Allocation)
[563.259s][info][gc,task     ] GC(1024) Using 2 workers of 2 for evacuation
[563.262s][info][gc,phases   ] GC(1024)   Pre Evacuate Collection Set: 0.27ms
[563.262s][info][gc,phases   ] GC(1024)   Merge Heap Roots: 0.08ms
[563.262s][info][gc,phases   ] GC(1024)   Evacuate Collection Set: 2.38ms
[563.262s][info][gc,phases   ] GC(1024)   Post Evacuate Collection Set: 0.43ms
[563.262s][info][gc,phases   ] GC(1024)   Other: 0.09ms
[563.262s][info][gc,heap     ] GC(1024) Eden regions: 151->0(332)
[563.262s][info][gc,heap     ] GC(1024) Survivor regions: 4->3(40)
[563.262s][info][gc,heap     ] GC(1024) Old regions: 151->151
[563.262s][info][gc,heap     ] GC(1024) Humongous regions: 4->4
[563.262s][info][gc,metaspace] GC(1024) Metaspace: 43109K(43584K)->43109K(43584K) NonClass: 38768K(39040K)->38768K(39040K) Class: 4341K(4544K)->4341K(4544K)
[563.262s][info][gc          ] GC(1024) Pause Young (Concurrent Start) (G1 Humongous Allocation) 309M->157M(581M) 3.424ms
[563.262s][info][gc          ] GC(1025) Concurrent Mark Cycle
[563.262s][info][gc,marking  ] GC(1025) Concurrent Scan Root Regions
[563.264s][info][gc,marking  ] GC(1025) Concurrent Scan Root Regions 1.708ms
[563.264s][info][gc,marking  ] GC(1025) Concurrent Mark
[563.264s][info][gc,marking  ] GC(1025) Concurrent Mark From Roots
[563.264s][info][gc,task     ] GC(1025) Using 1 workers of 1 for marking
[563.264s][info][gc,cpu      ] GC(1024) User=0.00s Sys=0.00s Real=0.01s
[563.341s][info][gc,marking  ] GC(1025) Concurrent Mark From Roots 76.926ms
[563.341s][info][gc,marking  ] GC(1025) Concurrent Preclean
[563.341s][info][gc,marking  ] GC(1025) Concurrent Preclean 0.051ms
[563.341s][info][gc,start    ] GC(1025) Pause Remark
[563.358s][info][gc          ] GC(1025) Pause Remark 178M->114M(317M) 16.717ms
[563.358s][info][gc,cpu      ] GC(1025) User=0.04s Sys=0.00s Real=0.02s
[563.358s][info][gc,marking  ] GC(1025) Concurrent Mark 93.963ms
[563.358s][info][gc,marking  ] GC(1025) Concurrent Rebuild Remembered Sets and Scrub Regions
[563.388s][info][gc,marking  ] GC(1025) Concurrent Rebuild Remembered Sets and Scrub Regions 29.743ms
[563.388s][info][gc,start    ] GC(1025) Pause Cleanup
[563.388s][info][gc          ] GC(1025) Pause Cleanup 122M->122M(317M) 0.052ms
[563.388s][info][gc,cpu      ] GC(1025) User=0.00s Sys=0.00s Real=0.00s
[563.388s][info][gc,marking  ] GC(1025) Concurrent Clear Claimed Marks
[563.388s][info][gc,marking  ] GC(1025) Concurrent Clear Claimed Marks 0.038ms
[563.388s][info][gc,marking  ] GC(1025) Concurrent Cleanup for Next Mark
[563.389s][info][gc,marking  ] GC(1025) Concurrent Cleanup for Next Mark 0.912ms
[563.389s][info][gc          ] GC(1025) Concurrent Mark Cycle 126.705ms
[563.991s][info][gc,start    ] GC(1026) Pause Young (Prepare Mixed) (G1 Evacuation Pause)
[563.991s][info][gc,task     ] GC(1026) Using 2 workers of 2 for evacuation
[564.005s][info][gc,phases   ] GC(1026)   Pre Evacuate Collection Set: 0.29ms
[564.005s][info][gc,phases   ] GC(1026)   Merge Heap Roots: 0.07ms
[564.005s][info][gc,phases   ] GC(1026)   Evacuate Collection Set: 11.99ms
[564.005s][info][gc,phases   ] GC(1026)   Post Evacuate Collection Set: 1.19ms
[564.005s][info][gc,phases   ] GC(1026)   Other: 0.07ms
[564.005s][info][gc,heap     ] GC(1026) Eden regions: 90->0(293)
[564.005s][info][gc,heap     ] GC(1026) Survivor regions: 3->10(36)
[564.005s][info][gc,heap     ] GC(1026) Old regions: 89->89
[564.005s][info][gc,heap     ] GC(1026) Humongous regions: 313->3
[564.005s][info][gc,metaspace] GC(1026) Metaspace: 43109K(43584K)->43109K(43584K) NonClass: 38768K(39040K)->38768K(39040K) Class: 4341K(4544K)->4341K(4544K)
[564.005s][info][gc          ] GC(1026) Pause Young (Prepare Mixed) (G1 Evacuation Pause) 494M->101M(505M) 13.820ms
[564.005s][info][gc,cpu      ] GC(1026) User=0.02s Sys=0.00s Real=0.02s
[564.815s][info][gc,start    ] GC(1027) Pause Young (Mixed) (G1 Evacuation Pause)
[564.815s][info][gc,task     ] GC(1027) Using 2 workers of 2 for evacuation
[564.842s][info][gc,phases   ] GC(1027)   Pre Evacuate Collection Set: 0.29ms
[564.842s][info][gc,phases   ] GC(1027)   Merge Heap Roots: 0.12ms
[564.842s][info][gc,phases   ] GC(1027)   Evacuate Collection Set: 25.86ms
[564.842s][info][gc,phases   ] GC(1027)   Post Evacuate Collection Set: 1.10ms
[564.842s][info][gc,phases   ] GC(1027)   Other: 0.08ms
[564.842s][info][gc,heap     ] GC(1027) Eden regions: 83->0(403)
[564.842s][info][gc,heap     ] GC(1027) Survivor regions: 10->17(42)
[564.842s][info][gc,heap     ] GC(1027) Old regions: 89->67
[564.842s][info][gc,heap     ] GC(1027) Humongous regions: 501->3
[564.842s][info][gc,metaspace] GC(1027) Metaspace: 43109K(43584K)->43109K(43584K) NonClass: 38768K(39040K)->38768K(39040K) Class: 4341K(4544K)->4341K(4544K)
[564.842s][info][gc          ] GC(1027) Pause Young (Mixed) (G1 Evacuation Pause) 682M->86M(701M) 27.676ms
[564.842s][info][gc,cpu      ] GC(1027) User=0.03s Sys=0.02s Real=0.03s
[565.125s][info][gc,start    ] GC(1028) Pause Young (Concurrent Start) (G1 Humongous Allocation)
[565.125s][info][gc,task     ] GC(1028) Using 2 workers of 2 for evacuation
[565.146s][info][gc,phases   ] GC(1028)   Pre Evacuate Collection Set: 0.29ms
[565.146s][info][gc,phases   ] GC(1028)   Merge Heap Roots: 0.06ms
[565.146s][info][gc,phases   ] GC(1028)   Evacuate Collection Set: 20.38ms
[565.146s][info][gc,phases   ] GC(1028)   Post Evacuate Collection Set: 0.60ms
[565.146s][info][gc,phases   ] GC(1028)   Other: 0.10ms
[565.146s][info][gc,heap     ] GC(1028) Eden regions: 36->0(398)
[565.146s][info][gc,heap     ] GC(1028) Survivor regions: 17->22(53)
[565.146s][info][gc,heap     ] GC(1028) Old regions: 67->67
[565.146s][info][gc,heap     ] GC(1028) Humongous regions: 185->1
[565.146s][info][gc,metaspace] GC(1028) Metaspace: 43109K(43584K)->43109K(43584K) NonClass: 38768K(39040K)->38768K(39040K) Class: 4341K(4544K)->4341K(4544K)
[565.146s][info][gc          ] GC(1028) Pause Young (Concurrent Start) (G1 Humongous Allocation) 304M->89M(701M) 21.653ms
[565.146s][info][gc,cpu      ] GC(1028) User=0.04s Sys=0.00s Real=0.02s
[565.147s][info][gc          ] GC(1029) Concurrent Undo Cycle
[565.147s][info][gc,marking  ] GC(1029) Concurrent Clear Claimed Marks
[565.147s][info][gc,marking  ] GC(1029) Concurrent Clear Claimed Marks 0.039ms
[565.147s][info][gc,marking  ] GC(1029) Concurrent Cleanup for Next Mark
[565.147s][info][gc,marking  ] GC(1029) Concurrent Cleanup for Next Mark 0.213ms
[565.147s][info][gc          ] GC(1029) Concurrent Undo Cycle 0.333ms
[565.266s][info][gc,start    ] GC(1030) Pause Young (Concurrent Start) (G1 Humongous Allocation)
[565.266s][info][gc,task     ] GC(1030) Using 2 workers of 2 for evacuation
[565.290s][info][gc,phases   ] GC(1030)   Pre Evacuate Collection Set: 0.28ms
[565.290s][info][gc,phases   ] GC(1030)   Merge Heap Roots: 0.08ms
[565.290s][info][gc,phases   ] GC(1030)   Evacuate Collection Set: 22.58ms
[565.290s][info][gc,phases   ] GC(1030)   Post Evacuate Collection Set: 0.38ms
[565.290s][info][gc,phases   ] GC(1030)   Other: 0.09ms
[565.290s][info][gc,heap     ] GC(1030) Eden regions: 16->0(395)
[565.290s][info][gc,heap     ] GC(1030) Survivor regions: 22->25(53)
[565.290s][info][gc,heap     ] GC(1030) Old regions: 67->67
[565.290s][info][gc,heap     ] GC(1030) Humongous regions: 73->1
[565.290s][info][gc,metaspace] GC(1030) Metaspace: 43109K(43584K)->43109K(43584K) NonClass: 38768K(39040K)->38768K(39040K) Class: 4341K(4544K)->4341K(4544K)
[565.290s][info][gc          ] GC(1030) Pause Young (Concurrent Start) (G1 Humongous Allocation) 177M->92M(701M) 23.610ms
[565.290s][info][gc,cpu      ] GC(1030) User=0.05s Sys=0.00s Real=0.02s
[565.290s][info][gc          ] GC(1031) Concurrent Undo Cycle
[565.290s][info][gc,marking  ] GC(1031) Concurrent Clear Claimed Marks
[565.290s][info][gc,marking  ] GC(1031) Concurrent Clear Claimed Marks 0.038ms
[565.290s][info][gc,marking  ] GC(1031) Concurrent Cleanup for Next Mark
[565.290s][info][gc,marking  ] GC(1031) Concurrent Cleanup for Next Mark 0.241ms
[565.290s][info][gc          ] GC(1031) Concurrent Undo Cycle 0.360ms
[565.419s][info][gc,start    ] GC(1032) Pause Young (Concurrent Start) (G1 Humongous Allocation)
[565.419s][info][gc,task     ] GC(1032) Using 2 workers of 2 for evacuation
[565.446s][info][gc,phases   ] GC(1032)   Pre Evacuate Collection Set: 0.31ms
[565.446s][info][gc,phases   ] GC(1032)   Merge Heap Roots: 0.08ms
[565.446s][info][gc,phases   ] GC(1032)   Evacuate Collection Set: 26.34ms
[565.446s][info][gc,phases   ] GC(1032)   Post Evacuate Collection Set: 0.79ms
[565.446s][info][gc,phases   ] GC(1032)   Other: 0.11ms
[565.447s][info][gc,heap     ] GC(1032) Eden regions: 17->0(393)
[565.447s][info][gc,heap     ] GC(1032) Survivor regions: 25->27(53)
[565.447s][info][gc,heap     ] GC(1032) Old regions: 67->67
[565.447s][info][gc,heap     ] GC(1032) Humongous regions: 75->1
[565.447s][info][gc,metaspace] GC(1032) Metaspace: 43109K(43584K)->43109K(43584K) NonClass: 38768K(39040K)->38768K(39040K) Class: 4341K(4544K)->4341K(4544K)
[565.447s][info][gc          ] GC(1032) Pause Young (Concurrent Start) (G1 Humongous Allocation) 183M->94M(701M) 27.837ms
[565.447s][info][gc,cpu      ] GC(1032) User=0.05s Sys=0.00s Real=0.03s
[565.447s][info][gc          ] GC(1033) Concurrent Undo Cycle
[565.447s][info][gc,marking  ] GC(1033) Concurrent Clear Claimed Marks
[565.447s][info][gc,marking  ] GC(1033) Concurrent Clear Claimed Marks 0.042ms
[565.447s][info][gc,marking  ] GC(1033) Concurrent Cleanup for Next Mark
[565.447s][info][gc,marking  ] GC(1033) Concurrent Cleanup for Next Mark 0.158ms
[565.447s][info][gc          ] GC(1033) Concurrent Undo Cycle 0.357ms
[565.568s][info][gc,start    ] GC(1034) Pause Young (Concurrent Start) (G1 Humongous Allocation)
[565.568s][info][gc,task     ] GC(1034) Using 2 workers of 2 for evacuation
[565.595s][info][gc,phases   ] GC(1034)   Pre Evacuate Collection Set: 0.29ms
[565.595s][info][gc,phases   ] GC(1034)   Merge Heap Roots: 0.06ms
[565.595s][info][gc,phases   ] GC(1034)   Evacuate Collection Set: 26.12ms
[565.595s][info][gc,phases   ] GC(1034)   Post Evacuate Collection Set: 0.43ms
[565.595s][info][gc,phases   ] GC(1034)   Other: 0.10ms
[565.595s][info][gc,heap     ] GC(1034) Eden regions: 15->0(391)
[565.595s][info][gc,heap     ] GC(1034) Survivor regions: 27->29(53)
[565.595s][info][gc,heap     ] GC(1034) Old regions: 67->67
[565.595s][info][gc,heap     ] GC(1034) Humongous regions: 79->1
[565.595s][info][gc,metaspace] GC(1034) Metaspace: 43109K(43584K)->43109K(43584K) NonClass: 38768K(39040K)->38768K(39040K) Class: 4341K(4544K)->4341K(4544K)
[565.595s][info][gc          ] GC(1034) Pause Young (Concurrent Start) (G1 Humongous Allocation) 187M->96M(701M) 27.204ms
[565.596s][info][gc,cpu      ] GC(1034) User=0.05s Sys=0.00s Real=0.03s
[565.596s][info][gc          ] GC(1035) Concurrent Undo Cycle
[565.596s][info][gc,marking  ] GC(1035) Concurrent Clear Claimed Marks
[565.596s][info][gc,marking  ] GC(1035) Concurrent Clear Claimed Marks 0.039ms
[565.596s][info][gc,marking  ] GC(1035) Concurrent Cleanup for Next Mark
[565.596s][info][gc,marking  ] GC(1035) Concurrent Cleanup for Next Mark 0.121ms
[565.596s][info][gc          ] GC(1035) Concurrent Undo Cycle 0.200ms
[565.704s][info][gc,start    ] GC(1036) Pause Young (Concurrent Start) (G1 Humongous Allocation)
[565.704s][info][gc,task     ] GC(1036) Using 2 workers of 2 for evacuation
[565.732s][info][gc,phases   ] GC(1036)   Pre Evacuate Collection Set: 0.32ms
[565.732s][info][gc,phases   ] GC(1036)   Merge Heap Roots: 0.06ms
[565.732s][info][gc,phases   ] GC(1036)   Evacuate Collection Set: 26.41ms
[565.732s][info][gc,phases   ] GC(1036)   Post Evacuate Collection Set: 0.81ms
[565.732s][info][gc,phases   ] GC(1036)   Other: 0.14ms
[565.732s][info][gc,heap     ] GC(1036) Eden regions: 12->0(394)
[565.732s][info][gc,heap     ] GC(1036) Survivor regions: 29->26(53)
[565.732s][info][gc,heap     ] GC(1036) Old regions: 67->70
[565.732s][info][gc,heap     ] GC(1036) Humongous regions: 83->1
[565.732s][info][gc,metaspace] GC(1036) Metaspace: 43109K(43584K)->43109K(43584K) NonClass: 38768K(39040K)->38768K(39040K) Class: 4341K(4544K)->4341K(4544K)
[565.732s][info][gc          ] GC(1036) Pause Young (Concurrent Start) (G1 Humongous Allocation) 190M->96M(701M) 27.939ms
[565.732s][info][gc,cpu      ] GC(1036) User=0.05s Sys=0.00s Real=0.02s
[565.732s][info][gc          ] GC(1037) Concurrent Undo Cycle
[565.732s][info][gc,marking  ] GC(1037) Concurrent Clear Claimed Marks
[565.732s][info][gc,marking  ] GC(1037) Concurrent Clear Claimed Marks 0.037ms
[565.732s][info][gc,marking  ] GC(1037) Concurrent Cleanup for Next Mark
[565.734s][info][gc,marking  ] GC(1037) Concurrent Cleanup for Next Mark 2.086ms
[565.734s][info][gc          ] GC(1037) Concurrent Undo Cycle 2.164ms
[566.194s][info][gc,start    ] GC(1038) Pause Young (Concurrent Start) (G1 Humongous Allocation)
[566.194s][info][gc,task     ] GC(1038) Using 2 workers of 2 for evacuation
[566.203s][info][gc,phases   ] GC(1038)   Pre Evacuate Collection Set: 0.28ms
[566.203s][info][gc,phases   ] GC(1038)   Merge Heap Roots: 0.07ms
[566.203s][info][gc,phases   ] GC(1038)   Evacuate Collection Set: 6.95ms
[566.203s][info][gc,phases   ] GC(1038)   Post Evacuate Collection Set: 0.97ms
[566.203s][info][gc,phases   ] GC(1038)   Other: 0.10ms
[566.203s][info][gc,heap     ] GC(1038) Eden regions: 125->0(446)
[566.203s][info][gc,heap     ] GC(1038) Survivor regions: 26->8(53)
[566.203s][info][gc,heap     ] GC(1038) Old regions: 70->70
[566.203s][info][gc,heap     ] GC(1038) Humongous regions: 81->1
[566.203s][info][gc,metaspace] GC(1038) Metaspace: 43109K(43584K)->43109K(43584K) NonClass: 38768K(39040K)->38768K(39040K) Class: 4341K(4544K)->4341K(4544K)
[566.203s][info][gc          ] GC(1038) Pause Young (Concurrent Start) (G1 Humongous Allocation) 301M->78M(757M) 8.590ms
[566.203s][info][gc          ] GC(1039) Concurrent Undo Cycle
[566.203s][info][gc,marking  ] GC(1039) Concurrent Clear Claimed Marks
[566.203s][info][gc,marking  ] GC(1039) Concurrent Clear Claimed Marks 0.038ms
[566.203s][info][gc,marking  ] GC(1039) Concurrent Cleanup for Next Mark
[566.203s][info][gc,cpu      ] GC(1038) User=0.01s Sys=0.00s Real=0.01s
[566.203s][info][gc,marking  ] GC(1039) Concurrent Cleanup for Next Mark 0.227ms
[566.203s][info][gc          ] GC(1039) Concurrent Undo Cycle 0.305ms
[567.315s][info][gc,start    ] GC(1040) Pause Young (Normal) (G1 Evacuation Pause)
[567.315s][info][gc,task     ] GC(1040) Using 2 workers of 2 for evacuation
[567.323s][info][gc,phases   ] GC(1040)   Pre Evacuate Collection Set: 0.28ms
[567.323s][info][gc,phases   ] GC(1040)   Merge Heap Roots: 0.12ms
[567.323s][info][gc,phases   ] GC(1040)   Evacuate Collection Set: 6.60ms
[567.323s][info][gc,phases   ] GC(1040)   Post Evacuate Collection Set: 0.96ms
[567.323s][info][gc,phases   ] GC(1040)   Other: 0.08ms
[567.323s][info][gc,heap     ] GC(1040) Eden regions: 446->0(445)
[567.323s][info][gc,heap     ] GC(1040) Survivor regions: 8->9(57)
[567.323s][info][gc,heap     ] GC(1040) Old regions: 70->70
[567.323s][info][gc,heap     ] GC(1040) Humongous regions: 7->1
[567.323s][info][gc,metaspace] GC(1040) Metaspace: 43120K(43584K)->43120K(43584K) NonClass: 38779K(39040K)->38779K(39040K) Class: 4341K(4544K)->4341K(4544K)
[567.323s][info][gc          ] GC(1040) Pause Young (Normal) (G1 Evacuation Pause) 530M->79M(757M) 8.237ms
[567.323s][info][gc,cpu      ] GC(1040) User=0.01s Sys=0.00s Real=0.01s
[568.409s][info][gc,start    ] GC(1041) Pause Young (Normal) (G1 Evacuation Pause)
[568.409s][info][gc,task     ] GC(1041) Using 2 workers of 2 for evacuation
[568.416s][info][gc,phases   ] GC(1041)   Pre Evacuate Collection Set: 0.27ms
[568.416s][info][gc,phases   ] GC(1041)   Merge Heap Roots: 0.12ms
[568.416s][info][gc,phases   ] GC(1041)   Evacuate Collection Set: 6.03ms
[568.416s][info][gc,phases   ] GC(1041)   Post Evacuate Collection Set: 1.04ms
[568.416s][info][gc,phases   ] GC(1041)   Other: 0.09ms
[568.416s][info][gc,heap     ] GC(1041) Eden regions: 445->0(445)
[568.416s][info][gc,heap     ] GC(1041) Survivor regions: 9->9(57)
[568.416s][info][gc,heap     ] GC(1041) Old regions: 70->70
[568.416s][info][gc,heap     ] GC(1041) Humongous regions: 1->1
[568.416s][info][gc,metaspace] GC(1041) Metaspace: 43120K(43584K)->43120K(43584K) NonClass: 38779K(39040K)->38779K(39040K) Class: 4341K(4544K)->4341K(4544K)
[568.416s][info][gc          ] GC(1041) Pause Young (Normal) (G1 Evacuation Pause) 524M->79M(757M) 7.762ms
[568.416s][info][gc,cpu      ] GC(1041) User=0.01s Sys=0.00s Real=0.01s
[570.363s][info][gc,start    ] GC(1042) Pause Young (Normal) (G1 Evacuation Pause)
[570.363s][info][gc,task     ] GC(1042) Using 2 workers of 2 for evacuation
[570.375s][info][gc,phases   ] GC(1042)   Pre Evacuate Collection Set: 0.29ms
[570.375s][info][gc,phases   ] GC(1042)   Merge Heap Roots: 0.15ms
[570.375s][info][gc,phases   ] GC(1042)   Evacuate Collection Set: 10.95ms
[570.375s][info][gc,phases   ] GC(1042)   Post Evacuate Collection Set: 1.08ms
[570.375s][info][gc,phases   ] GC(1042)   Other: 0.10ms
[570.376s][info][gc,heap     ] GC(1042) Eden regions: 445->0(442)
[570.376s][info][gc,heap     ] GC(1042) Survivor regions: 9->12(57)
[570.376s][info][gc,heap     ] GC(1042) Old regions: 70->70
[570.376s][info][gc,heap     ] GC(1042) Humongous regions: 13->3
[570.376s][info][gc,metaspace] GC(1042) Metaspace: 43139K(43584K)->43139K(43584K) NonClass: 38798K(39040K)->38798K(39040K) Class: 4341K(4544K)->4341K(4544K)
[570.376s][info][gc          ] GC(1042) Pause Young (Normal) (G1 Evacuation Pause) 536M->84M(757M) 12.759ms
[570.376s][info][gc,cpu      ] GC(1042) User=0.02s Sys=0.00s Real=0.01s
[571.430s][info][gc,start    ] GC(1043) Pause Young (Normal) (G1 Evacuation Pause)
[571.430s][info][gc,task     ] GC(1043) Using 2 workers of 2 for evacuation
[571.502s][info][gc,phases   ] GC(1043)   Pre Evacuate Collection Set: 0.34ms
[571.502s][info][gc,phases   ] GC(1043)   Merge Heap Roots: 0.17ms
[571.502s][info][gc,phases   ] GC(1043)   Evacuate Collection Set: 70.45ms
[571.502s][info][gc,phases   ] GC(1043)   Post Evacuate Collection Set: 0.78ms
[571.502s][info][gc,phases   ] GC(1043)   Other: 0.10ms
[571.502s][info][gc,heap     ] GC(1043) Eden regions: 442->0(397)
[571.502s][info][gc,heap     ] GC(1043) Survivor regions: 12->57(57)
[571.502s][info][gc,heap     ] GC(1043) Old regions: 70->72
[571.502s][info][gc,heap     ] GC(1043) Humongous regions: 6->6
[571.502s][info][gc,metaspace] GC(1043) Metaspace: 43139K(43584K)->43139K(43584K) NonClass: 38798K(39040K)->38798K(39040K) Class: 4341K(4544K)->4341K(4544K)
[571.502s][info][gc          ] GC(1043) Pause Young (Normal) (G1 Evacuation Pause) 529M->134M(757M) 72.050ms
[571.502s][info][gc,cpu      ] GC(1043) User=0.14s Sys=0.00s Real=0.07s
[575.412s][info][gc,start    ] GC(1044) Pause Young (Normal) (G1 Evacuation Pause)
[575.412s][info][gc,task     ] GC(1044) Using 2 workers of 2 for evacuation
[575.465s][info][gc,phases   ] GC(1044)   Pre Evacuate Collection Set: 0.27ms
[575.465s][info][gc,phases   ] GC(1044)   Merge Heap Roots: 0.24ms
[575.465s][info][gc,phases   ] GC(1044)   Evacuate Collection Set: 51.39ms
[575.465s][info][gc,phases   ] GC(1044)   Post Evacuate Collection Set: 0.72ms
[575.465s][info][gc,phases   ] GC(1044)   Other: 0.09ms
[575.465s][info][gc,heap     ] GC(1044) Eden regions: 397->0(434)
[575.465s][info][gc,heap     ] GC(1044) Survivor regions: 57->20(57)
[575.465s][info][gc,heap     ] GC(1044) Old regions: 72->113
[575.465s][info][gc,heap     ] GC(1044) Humongous regions: 14->8
[575.465s][info][gc,metaspace] GC(1044) Metaspace: 43141K(43584K)->43141K(43584K) NonClass: 38800K(39040K)->38800K(39040K) Class: 4341K(4544K)->4341K(4544K)
[575.465s][info][gc          ] GC(1044) Pause Young (Normal) (G1 Evacuation Pause) 539M->141M(757M) 52.899ms
[575.465s][info][gc,cpu      ] GC(1044) User=0.10s Sys=0.00s Real=0.06s
[576.691s][info][gc,start    ] GC(1045) Pause Young (Normal) (G1 Evacuation Pause)
[576.691s][info][gc,task     ] GC(1045) Using 2 workers of 2 for evacuation
[576.756s][info][gc,phases   ] GC(1045)   Pre Evacuate Collection Set: 0.28ms
[576.756s][info][gc,phases   ] GC(1045)   Merge Heap Roots: 0.20ms
[576.756s][info][gc,phases   ] GC(1045)   Evacuate Collection Set: 63.33ms
[576.756s][info][gc,phases   ] GC(1045)   Post Evacuate Collection Set: 0.77ms
[576.756s][info][gc,phases   ] GC(1045)   Other: 0.09ms
[576.756s][info][gc,heap     ] GC(1045) Eden regions: 434->0(397)
[576.756s][info][gc,heap     ] GC(1045) Survivor regions: 20->57(57)
[576.756s][info][gc,heap     ] GC(1045) Old regions: 113->114
[576.756s][info][gc,heap     ] GC(1045) Humongous regions: 13->13
[576.756s][info][gc,metaspace] GC(1045) Metaspace: 43144K(43584K)->43144K(43584K) NonClass: 38803K(39040K)->38803K(39040K) Class: 4341K(4544K)->4341K(4544K)
[576.756s][info][gc          ] GC(1045) Pause Young (Normal) (G1 Evacuation Pause) 580M->183M(757M) 64.922ms
[576.756s][info][gc,cpu      ] GC(1045) User=0.13s Sys=0.00s Real=0.07s
[578.413s][info][gc,start    ] GC(1046) Pause Young (Normal) (G1 Evacuation Pause)
[578.413s][info][gc,task     ] GC(1046) Using 2 workers of 2 for evacuation
[578.565s][info][gc,phases   ] GC(1046)   Pre Evacuate Collection Set: 0.27ms
[578.565s][info][gc,phases   ] GC(1046)   Merge Heap Roots: 0.27ms
[578.565s][info][gc,phases   ] GC(1046)   Evacuate Collection Set: 150.35ms
[578.565s][info][gc,phases   ] GC(1046)   Post Evacuate Collection Set: 0.76ms
[578.565s][info][gc,phases   ] GC(1046)   Other: 0.11ms
[578.565s][info][gc,heap     ] GC(1046) Eden regions: 397->0(393)
[578.565s][info][gc,heap     ] GC(1046) Survivor regions: 57->57(57)
[578.565s][info][gc,heap     ] GC(1046) Old regions: 114->172
[578.565s][info][gc,heap     ] GC(1046) Humongous regions: 25->25
[578.565s][info][gc,metaspace] GC(1046) Metaspace: 43144K(43584K)->43144K(43584K) NonClass: 38803K(39040K)->38803K(39040K) Class: 4341K(4544K)->4341K(4544K)
[578.565s][info][gc          ] GC(1046) Pause Young (Normal) (G1 Evacuation Pause) 592M->254M(757M) 152.027ms
[578.565s][info][gc,cpu      ] GC(1046) User=0.30s Sys=0.00s Real=0.15s
[580.892s][info][gc,start    ] GC(1047) Pause Young (Concurrent Start) (G1 Evacuation Pause)
[580.892s][info][gc,task     ] GC(1047) Using 2 workers of 2 for evacuation
[580.960s][info][gc,phases   ] GC(1047)   Pre Evacuate Collection Set: 0.30ms
[580.960s][info][gc,phases   ] GC(1047)   Merge Heap Roots: 0.26ms
[580.960s][info][gc,phases   ] GC(1047)   Evacuate Collection Set: 66.92ms
[580.960s][info][gc,phases   ] GC(1047)   Post Evacuate Collection Set: 0.68ms
[580.960s][info][gc,phases   ] GC(1047)   Other: 0.20ms
[580.960s][info][gc,heap     ] GC(1047) Eden regions: 393->0(409)
[580.960s][info][gc,heap     ] GC(1047) Survivor regions: 57->12(57)
[580.960s][info][gc,heap     ] GC(1047) Old regions: 172->215
[580.960s][info][gc,heap     ] GC(1047) Humongous regions: 25->23
[580.960s][info][gc,metaspace] GC(1047) Metaspace: 43144K(43584K)->43144K(43584K) NonClass: 38803K(39040K)->38803K(39040K) Class: 4341K(4544K)->4341K(4544K)
[580.960s][info][gc          ] GC(1047) Pause Young (Concurrent Start) (G1 Evacuation Pause) 647M->249M(757M) 68.560ms
[580.960s][info][gc          ] GC(1048) Concurrent Mark Cycle
[580.960s][info][gc,marking  ] GC(1048) Concurrent Scan Root Regions
[580.960s][info][gc,cpu      ] GC(1047) User=0.13s Sys=0.00s Real=0.07s
[581.004s][info][gc,marking  ] GC(1048) Concurrent Scan Root Regions 43.350ms
[581.004s][info][gc,marking  ] GC(1048) Concurrent Mark
[581.004s][info][gc,marking  ] GC(1048) Concurrent Mark From Roots
[581.004s][info][gc,task     ] GC(1048) Using 1 workers of 1 for marking
[581.091s][info][gc,marking  ] GC(1048) Concurrent Mark From Roots 87.874ms
[581.092s][info][gc,marking  ] GC(1048) Concurrent Preclean
[581.092s][info][gc,marking  ] GC(1048) Concurrent Preclean 0.104ms
[581.092s][info][gc,start    ] GC(1048) Pause Remark
[581.110s][info][gc          ] GC(1048) Pause Remark 266M->172M(520M) 18.063ms
[581.110s][info][gc,cpu      ] GC(1048) User=0.03s Sys=0.00s Real=0.02s
[581.111s][info][gc,marking  ] GC(1048) Concurrent Mark 107.662ms
[581.111s][info][gc,marking  ] GC(1048) Concurrent Rebuild Remembered Sets and Scrub Regions
[581.175s][info][gc,marking  ] GC(1048) Concurrent Rebuild Remembered Sets and Scrub Regions 64.113ms
[581.175s][info][gc,start    ] GC(1048) Pause Cleanup
[581.176s][info][gc          ] GC(1048) Pause Cleanup 184M->184M(520M) 0.066ms
[581.176s][info][gc,cpu      ] GC(1048) User=0.00s Sys=0.00s Real=0.00s
[581.176s][info][gc,marking  ] GC(1048) Concurrent Clear Claimed Marks
[581.176s][info][gc,marking  ] GC(1048) Concurrent Clear Claimed Marks 0.044ms
[581.176s][info][gc,marking  ] GC(1048) Concurrent Cleanup for Next Mark
[581.179s][info][gc,marking  ] GC(1048) Concurrent Cleanup for Next Mark 3.642ms
[581.179s][info][gc          ] GC(1048) Concurrent Mark Cycle 219.172ms
[582.913s][info][gc,start    ] GC(1049) Pause Young (Prepare Mixed) (G1 Evacuation Pause)
[582.913s][info][gc,task     ] GC(1049) Using 2 workers of 2 for evacuation
[582.920s][info][gc,phases   ] GC(1049)   Pre Evacuate Collection Set: 0.26ms
[582.920s][info][gc,phases   ] GC(1049)   Merge Heap Roots: 0.11ms
[582.920s][info][gc,phases   ] GC(1049)   Evacuate Collection Set: 5.73ms
[582.920s][info][gc,phases   ] GC(1049)   Post Evacuate Collection Set: 0.56ms
[582.920s][info][gc,phases   ] GC(1049)   Other: 0.08ms
[582.920s][info][gc,heap     ] GC(1049) Eden regions: 300->0(303)
[582.920s][info][gc,heap     ] GC(1049) Survivor regions: 12->9(39)
[582.920s][info][gc,heap     ] GC(1049) Old regions: 143->143
[582.920s][info][gc,heap     ] GC(1049) Humongous regions: 2->1
[582.920s][info][gc,metaspace] GC(1049) Metaspace: 43144K(43584K)->43144K(43584K) NonClass: 38803K(39040K)->38803K(39040K) Class: 4341K(4544K)->4341K(4544K)
[582.920s][info][gc          ] GC(1049) Pause Young (Prepare Mixed) (G1 Evacuation Pause) 456M->152M(520M) 7.002ms
[582.920s][info][gc,cpu      ] GC(1049) User=0.01s Sys=0.00s Real=0.00s
[584.556s][info][gc,start    ] GC(1050) Pause Young (Mixed) (G1 Evacuation Pause)
[584.556s][info][gc,task     ] GC(1050) Using 2 workers of 2 for evacuation
[584.569s][info][gc,phases   ] GC(1050)   Pre Evacuate Collection Set: 0.25ms
[584.569s][info][gc,phases   ] GC(1050)   Merge Heap Roots: 0.08ms
[584.569s][info][gc,phases   ] GC(1050)   Evacuate Collection Set: 11.28ms
[584.569s][info][gc,phases   ] GC(1050)   Post Evacuate Collection Set: 0.59ms
[584.569s][info][gc,phases   ] GC(1050)   Other: 0.07ms
[584.569s][info][gc,heap     ] GC(1050) Eden regions: 303->0(298)
[584.569s][info][gc,heap     ] GC(1050) Survivor regions: 9->14(39)
[584.569s][info][gc,heap     ] GC(1050) Old regions: 143->136
[584.569s][info][gc,heap     ] GC(1050) Humongous regions: 3->3
[584.569s][info][gc,metaspace] GC(1050) Metaspace: 43144K(43584K)->43144K(43584K) NonClass: 38803K(39040K)->38803K(39040K) Class: 4341K(4544K)->4341K(4544K)
[584.569s][info][gc          ] GC(1050) Pause Young (Mixed) (G1 Evacuation Pause) 457M->152M(520M) 12.460ms
[584.569s][info][gc,cpu      ] GC(1050) User=0.02s Sys=0.00s Real=0.01s
[584.749s][info][gc,start    ] GC(1051) Pause Young (Concurrent Start) (G1 Humongous Allocation)
[584.749s][info][gc,task     ] GC(1051) Using 2 workers of 2 for evacuation
[584.769s][info][gc,phases   ] GC(1051)   Pre Evacuate Collection Set: 0.28ms
[584.769s][info][gc,phases   ] GC(1051)   Merge Heap Roots: 0.07ms
[584.769s][info][gc,phases   ] GC(1051)   Evacuate Collection Set: 19.28ms
[584.769s][info][gc,phases   ] GC(1051)   Post Evacuate Collection Set: 0.41ms
[584.769s][info][gc,phases   ] GC(1051)   Other: 0.09ms
[584.769s][info][gc,heap     ] GC(1051) Eden regions: 75->0(288)
[584.769s][info][gc,heap     ] GC(1051) Survivor regions: 14->24(39)
[584.769s][info][gc,heap     ] GC(1051) Old regions: 136->136
[584.769s][info][gc,heap     ] GC(1051) Humongous regions: 3->3
[584.769s][info][gc,metaspace] GC(1051) Metaspace: 43144K(43584K)->43144K(43584K) NonClass: 38803K(39040K)->38803K(39040K) Class: 4341K(4544K)->4341K(4544K)
[584.769s][info][gc          ] GC(1051) Pause Young (Concurrent Start) (G1 Humongous Allocation) 227M->162M(520M) 20.343ms
[584.769s][info][gc          ] GC(1052) Concurrent Mark Cycle
[584.769s][info][gc,marking  ] GC(1052) Concurrent Scan Root Regions
[584.769s][info][gc,cpu      ] GC(1051) User=0.04s Sys=0.00s Real=0.02s
[584.781s][info][gc,marking  ] GC(1052) Concurrent Scan Root Regions 12.153ms
[584.781s][info][gc,marking  ] GC(1052) Concurrent Mark
[584.781s][info][gc,marking  ] GC(1052) Concurrent Mark From Roots
[584.781s][info][gc,task     ] GC(1052) Using 1 workers of 1 for marking
[584.813s][info][gc,marking  ] GC(1052) Concurrent Mark From Roots 31.766ms
[584.813s][info][gc,marking  ] GC(1052) Concurrent Preclean
[584.813s][info][gc,marking  ] GC(1052) Concurrent Preclean 0.050ms
[584.813s][info][gc,start    ] GC(1052) Pause Remark
[584.831s][info][gc          ] GC(1052) Pause Remark 177M->96M(277M) 17.610ms
[584.831s][info][gc,cpu      ] GC(1052) User=0.03s Sys=0.00s Real=0.01s
[584.832s][info][gc,marking  ] GC(1052) Concurrent Mark 50.352ms
[584.832s][info][gc,marking  ] GC(1052) Concurrent Rebuild Remembered Sets and Scrub Regions
[584.847s][info][gc,marking  ] GC(1052) Concurrent Rebuild Remembered Sets and Scrub Regions 15.429ms
[584.847s][info][gc,start    ] GC(1052) Pause Cleanup
[584.847s][info][gc          ] GC(1052) Pause Cleanup 102M->102M(277M) 0.073ms
[584.847s][info][gc,cpu      ] GC(1052) User=0.00s Sys=0.00s Real=0.00s
[584.848s][info][gc,marking  ] GC(1052) Concurrent Clear Claimed Marks
[584.848s][info][gc,marking  ] GC(1052) Concurrent Clear Claimed Marks 0.056ms
[584.848s][info][gc,marking  ] GC(1052) Concurrent Cleanup for Next Mark
[584.849s][info][gc,marking  ] GC(1052) Concurrent Cleanup for Next Mark 0.820ms
[584.849s][info][gc          ] GC(1052) Concurrent Mark Cycle 80.239ms
[585.163s][info][gc,start    ] GC(1053) Pause Young (Prepare Mixed) (G1 Evacuation Pause)
[585.163s][info][gc,task     ] GC(1053) Using 2 workers of 2 for evacuation
[585.200s][info][gc,phases   ] GC(1053)   Pre Evacuate Collection Set: 0.19ms
[585.200s][info][gc,phases   ] GC(1053)   Merge Heap Roots: 0.09ms
[585.200s][info][gc,phases   ] GC(1053)   Evacuate Collection Set: 36.71ms
[585.200s][info][gc,phases   ] GC(1053)   Post Evacuate Collection Set: 0.56ms
[585.200s][info][gc,phases   ] GC(1053)   Other: 0.08ms
[585.200s][info][gc,heap     ] GC(1053) Eden regions: 142->0(140)
[585.200s][info][gc,heap     ] GC(1053) Survivor regions: 24->21(21)
[585.200s][info][gc,heap     ] GC(1053) Old regions: 55->71
[585.201s][info][gc,heap     ] GC(1053) Humongous regions: 4->4
[585.201s][info][gc,metaspace] GC(1053) Metaspace: 43144K(43584K)->43144K(43584K) NonClass: 38803K(39040K)->38803K(39040K) Class: 4341K(4544K)->4341K(4544K)
[585.201s][info][gc          ] GC(1053) Pause Young (Prepare Mixed) (G1 Evacuation Pause) 224M->96M(277M) 37.849ms
[585.201s][info][gc,cpu      ] GC(1053) User=0.07s Sys=0.00s Real=0.03s
[585.563s][info][gc,start    ] GC(1054) Pause Young (Mixed) (G1 Evacuation Pause)
[585.563s][info][gc,task     ] GC(1054) Using 2 workers of 2 for evacuation
[585.610s][info][gc,phases   ] GC(1054)   Pre Evacuate Collection Set: 0.21ms
[585.610s][info][gc,phases   ] GC(1054)   Merge Heap Roots: 0.19ms
[585.610s][info][gc,phases   ] GC(1054)   Evacuate Collection Set: 45.44ms
[585.610s][info][gc,phases   ] GC(1054)   Post Evacuate Collection Set: 0.48ms
[585.610s][info][gc,phases   ] GC(1054)   Other: 0.08ms
[585.610s][info][gc,heap     ] GC(1054) Eden regions: 140->0(134)
[585.610s][info][gc,heap     ] GC(1054) Survivor regions: 21->17(21)
[585.610s][info][gc,heap     ] GC(1054) Old regions: 71->80
[585.610s][info][gc,heap     ] GC(1054) Humongous regions: 6->6
[585.610s][info][gc,metaspace] GC(1054) Metaspace: 43144K(43584K)->43144K(43584K) NonClass: 38803K(39040K)->38803K(39040K) Class: 4341K(4544K)->4341K(4544K)
[585.610s][info][gc          ] GC(1054) Pause Young (Mixed) (G1 Evacuation Pause) 238M->102M(277M) 46.635ms
[585.610s][info][gc,cpu      ] GC(1054) User=0.09s Sys=0.00s Real=0.04s
[585.958s][info][gc,start    ] GC(1055) Pause Young (Concurrent Start) (G1 Humongous Allocation)
[585.958s][info][gc,task     ] GC(1055) Using 2 workers of 2 for evacuation
[585.996s][info][gc,phases   ] GC(1055)   Pre Evacuate Collection Set: 0.22ms
[585.996s][info][gc,phases   ] GC(1055)   Merge Heap Roots: 0.14ms
[585.996s][info][gc,phases   ] GC(1055)   Evacuate Collection Set: 37.52ms
[585.996s][info][gc,phases   ] GC(1055)   Post Evacuate Collection Set: 0.49ms
[585.996s][info][gc,phases   ] GC(1055)   Other: 0.12ms
[585.996s][info][gc,heap     ] GC(1055) Eden regions: 128->0(122)
[585.996s][info][gc,heap     ] GC(1055) Survivor regions: 17->15(19)
[585.996s][info][gc,heap     ] GC(1055) Old regions: 80->97
[585.996s][info][gc,heap     ] GC(1055) Humongous regions: 6->6
[585.996s][info][gc,metaspace] GC(1055) Metaspace: 43144K(43584K)->43144K(43584K) NonClass: 38803K(39040K)->38803K(39040K) Class: 4341K(4544K)->4341K(4544K)
[585.997s][info][gc          ] GC(1055) Pause Young (Concurrent Start) (G1 Humongous Allocation) 230M->117M(277M) 38.738ms
[585.997s][info][gc,cpu      ] GC(1055) User=0.08s Sys=0.00s Real=0.04s
[585.997s][info][gc          ] GC(1056) Concurrent Mark Cycle
[585.997s][info][gc,marking  ] GC(1056) Concurrent Scan Root Regions
[586.028s][info][gc,marking  ] GC(1056) Concurrent Scan Root Regions 31.668ms
[586.028s][info][gc,marking  ] GC(1056) Concurrent Mark
[586.028s][info][gc,marking  ] GC(1056) Concurrent Mark From Roots
[586.028s][info][gc,task     ] GC(1056) Using 1 workers of 1 for marking
[586.112s][info][gc,marking  ] GC(1056) Concurrent Mark From Roots 83.367ms
[586.112s][info][gc,marking  ] GC(1056) Concurrent Preclean
[586.112s][info][gc,marking  ] GC(1056) Concurrent Preclean 0.047ms
[586.112s][info][gc,start    ] GC(1056) Pause Remark
[586.130s][info][gc          ] GC(1056) Pause Remark 143M->142M(277M) 18.374ms
[586.131s][info][gc,cpu      ] GC(1056) User=0.04s Sys=0.01s Real=0.02s
[586.131s][info][gc,marking  ] GC(1056) Concurrent Mark 102.148ms
[586.131s][info][gc,marking  ] GC(1056) Concurrent Rebuild Remembered Sets and Scrub Regions
[586.189s][info][gc,marking  ] GC(1056) Concurrent Rebuild Remembered Sets and Scrub Regions 57.963ms
[586.189s][info][gc,start    ] GC(1056) Pause Cleanup
[586.189s][info][gc          ] GC(1056) Pause Cleanup 165M->165M(277M) 0.059ms
[586.189s][info][gc,cpu      ] GC(1056) User=0.00s Sys=0.00s Real=0.00s
[586.189s][info][gc,marking  ] GC(1056) Concurrent Clear Claimed Marks
[586.189s][info][gc,marking  ] GC(1056) Concurrent Clear Claimed Marks 0.043ms
[586.189s][info][gc,marking  ] GC(1056) Concurrent Cleanup for Next Mark
[586.190s][info][gc,marking  ] GC(1056) Concurrent Cleanup for Next Mark 0.843ms
[586.190s][info][gc          ] GC(1056) Concurrent Mark Cycle 193.236ms
[586.402s][info][gc,start    ] GC(1057) Pause Young (Prepare Mixed) (G1 Evacuation Pause)
[586.402s][info][gc,task     ] GC(1057) Using 2 workers of 2 for evacuation
[586.442s][info][gc,phases   ] GC(1057)   Pre Evacuate Collection Set: 0.19ms
[586.442s][info][gc,phases   ] GC(1057)   Merge Heap Roots: 0.16ms
[586.442s][info][gc,phases   ] GC(1057)   Evacuate Collection Set: 38.92ms
[586.442s][info][gc,phases   ] GC(1057)   Post Evacuate Collection Set: 0.45ms
[586.442s][info][gc,phases   ] GC(1057)   Other: 0.10ms
[586.442s][info][gc,heap     ] GC(1057) Eden regions: 122->0(109)
[586.442s][info][gc,heap     ] GC(1057) Survivor regions: 15->14(18)
[586.442s][info][gc,heap     ] GC(1057) Old regions: 97->112
[586.442s][info][gc,heap     ] GC(1057) Humongous regions: 9->9
[586.442s][info][gc,metaspace] GC(1057) Metaspace: 43144K(43584K)->43144K(43584K) NonClass: 38803K(39040K)->38803K(39040K) Class: 4341K(4544K)->4341K(4544K)
[586.442s][info][gc          ] GC(1057) Pause Young (Prepare Mixed) (G1 Evacuation Pause) 242M->134M(277M) 40.022ms
[586.442s][info][gc,cpu      ] GC(1057) User=0.08s Sys=0.00s Real=0.04s
[587.758s][info][gc,start    ] GC(1058) Pause Young (Mixed) (G1 Evacuation Pause)
[587.758s][info][gc,task     ] GC(1058) Using 2 workers of 2 for evacuation
[587.797s][info][gc,phases   ] GC(1058)   Pre Evacuate Collection Set: 0.19ms
[587.797s][info][gc,phases   ] GC(1058)   Merge Heap Roots: 0.23ms
[587.797s][info][gc,phases   ] GC(1058)   Evacuate Collection Set: 36.83ms
[587.797s][info][gc,phases   ] GC(1058)   Post Evacuate Collection Set: 1.45ms
[587.797s][info][gc,phases   ] GC(1058)   Other: 0.08ms
[587.797s][info][gc,heap     ] GC(1058) Eden regions: 109->0(215)
[587.797s][info][gc,heap     ] GC(1058) Survivor regions: 14->7(16)
[587.797s][info][gc,heap     ] GC(1058) Old regions: 112->113
[587.797s][info][gc,heap     ] GC(1058) Humongous regions: 17->15
[587.797s][info][gc,metaspace] GC(1058) Metaspace: 43144K(43584K)->43144K(43584K) NonClass: 38803K(39040K)->38803K(39040K) Class: 4341K(4544K)->4341K(4544K)
[587.797s][info][gc          ] GC(1058) Pause Young (Mixed) (G1 Evacuation Pause) 251M->134M(408M) 38.968ms
[587.797s][info][gc,cpu      ] GC(1058) User=0.07s Sys=0.00s Real=0.04s
[588.935s][info][gc,start    ] GC(1059) Pause Young (Normal) (G1 Evacuation Pause)
[588.936s][info][gc,task     ] GC(1059) Using 2 workers of 2 for evacuation
[588.960s][info][gc,phases   ] GC(1059)   Pre Evacuate Collection Set: 0.23ms
[588.960s][info][gc,phases   ] GC(1059)   Merge Heap Roots: 0.19ms
[588.960s][info][gc,phases   ] GC(1059)   Evacuate Collection Set: 23.86ms
[588.960s][info][gc,phases   ] GC(1059)   Post Evacuate Collection Set: 0.53ms
[588.961s][info][gc,phases   ] GC(1059)   Other: 0.08ms
[588.961s][info][gc,heap     ] GC(1059) Eden regions: 215->0(211)
[588.961s][info][gc,heap     ] GC(1059) Survivor regions: 7->16(28)
[588.961s][info][gc,heap     ] GC(1059) Old regions: 113->113
[588.961s][info][gc,heap     ] GC(1059) Humongous regions: 15->15
[588.961s][info][gc,metaspace] GC(1059) Metaspace: 43144K(43584K)->43144K(43584K) NonClass: 38803K(39040K)->38803K(39040K) Class: 4341K(4544K)->4341K(4544K)
[588.961s][info][gc          ] GC(1059) Pause Young (Normal) (G1 Evacuation Pause) 349M->143M(408M) 25.139ms
[588.961s][info][gc,cpu      ] GC(1059) User=0.05s Sys=0.00s Real=0.02s
[590.305s][info][gc,start    ] GC(1060) Pause Young (Normal) (G1 Evacuation Pause)
[590.305s][info][gc,task     ] GC(1060) Using 2 workers of 2 for evacuation
[590.327s][info][gc,phases   ] GC(1060)   Pre Evacuate Collection Set: 0.25ms
[590.328s][info][gc,phases   ] GC(1060)   Merge Heap Roots: 0.17ms
[590.328s][info][gc,phases   ] GC(1060)   Evacuate Collection Set: 21.09ms
[590.328s][info][gc,phases   ] GC(1060)   Post Evacuate Collection Set: 0.49ms
[590.328s][info][gc,phases   ] GC(1060)   Other: 0.08ms
[590.328s][info][gc,heap     ] GC(1060) Eden regions: 211->0(223)
[590.328s][info][gc,heap     ] GC(1060) Survivor regions: 16->7(29)
[590.328s][info][gc,heap     ] GC(1060) Old regions: 113->118
[590.328s][info][gc,heap     ] GC(1060) Humongous regions: 15->15
[590.328s][info][gc,metaspace] GC(1060) Metaspace: 43144K(43584K)->43144K(43584K) NonClass: 38803K(39040K)->38803K(39040K) Class: 4341K(4544K)->4341K(4544K)
[590.328s][info][gc          ] GC(1060) Pause Young (Normal) (G1 Evacuation Pause) 354M->140M(408M) 22.297ms
[590.328s][info][gc,cpu      ] GC(1060) User=0.04s Sys=0.00s Real=0.02s
[591.835s][info][gc,start    ] GC(1061) Pause Young (Concurrent Start) (G1 Humongous Allocation)
[591.835s][info][gc,task     ] GC(1061) Using 2 workers of 2 for evacuation
[591.839s][info][gc,phases   ] GC(1061)   Pre Evacuate Collection Set: 0.25ms
[591.839s][info][gc,phases   ] GC(1061)   Merge Heap Roots: 0.06ms
[591.839s][info][gc,phases   ] GC(1061)   Evacuate Collection Set: 3.17ms
[591.839s][info][gc,phases   ] GC(1061)   Post Evacuate Collection Set: 0.47ms
[591.839s][info][gc,phases   ] GC(1061)   Other: 0.09ms
[591.839s][info][gc,heap     ] GC(1061) Eden regions: 221->0(233)
[591.839s][info][gc,heap     ] GC(1061) Survivor regions: 7->5(29)
[591.839s][info][gc,heap     ] GC(1061) Old regions: 118->118
[591.839s][info][gc,heap     ] GC(1061) Humongous regions: 15->15
[591.839s][info][gc,metaspace] GC(1061) Metaspace: 43144K(43584K)->43144K(43584K) NonClass: 38803K(39040K)->38803K(39040K) Class: 4341K(4544K)->4341K(4544K)
[591.839s][info][gc          ] GC(1061) Pause Young (Concurrent Start) (G1 Humongous Allocation) 360M->137M(408M) 4.229ms
[591.839s][info][gc,cpu      ] GC(1061) User=0.01s Sys=0.00s Real=0.00s
[591.839s][info][gc          ] GC(1062) Concurrent Mark Cycle
[591.839s][info][gc,marking  ] GC(1062) Concurrent Scan Root Regions
[591.844s][info][gc,marking  ] GC(1062) Concurrent Scan Root Regions 4.946ms
[591.844s][info][gc,marking  ] GC(1062) Concurrent Mark
[591.844s][info][gc,marking  ] GC(1062) Concurrent Mark From Roots
[591.844s][info][gc,task     ] GC(1062) Using 1 workers of 1 for marking
[591.881s][info][gc,marking  ] GC(1062) Concurrent Mark From Roots 37.283ms
[591.881s][info][gc,marking  ] GC(1062) Concurrent Preclean
[591.881s][info][gc,marking  ] GC(1062) Concurrent Preclean 0.042ms
[591.882s][info][gc,start    ] GC(1062) Pause Remark
[591.899s][info][gc          ] GC(1062) Pause Remark 146M->59M(256M) 17.501ms
[591.899s][info][gc,cpu      ] GC(1062) User=0.04s Sys=0.00s Real=0.02s
[591.899s][info][gc,marking  ] GC(1062) Concurrent Mark 55.125ms
[591.899s][info][gc,marking  ] GC(1062) Concurrent Rebuild Remembered Sets and Scrub Regions
[591.913s][info][gc,marking  ] GC(1062) Concurrent Rebuild Remembered Sets and Scrub Regions 14.281ms
[591.914s][info][gc,start    ] GC(1062) Pause Cleanup
[591.914s][info][gc          ] GC(1062) Pause Cleanup 61M->61M(256M) 0.046ms
[591.914s][info][gc,cpu      ] GC(1062) User=0.00s Sys=0.00s Real=0.00s
[591.914s][info][gc,marking  ] GC(1062) Concurrent Clear Claimed Marks
[591.914s][info][gc,marking  ] GC(1062) Concurrent Clear Claimed Marks 0.038ms
[591.914s][info][gc,marking  ] GC(1062) Concurrent Cleanup for Next Mark
[591.915s][info][gc,marking  ] GC(1062) Concurrent Cleanup for Next Mark 0.886ms
[591.915s][info][gc          ] GC(1062) Concurrent Mark Cycle 75.644ms
[592.854s][info][gc,start    ] GC(1063) Pause Young (Prepare Mixed) (G1 Evacuation Pause)
[592.854s][info][gc,task     ] GC(1063) Using 2 workers of 2 for evacuation
[592.858s][info][gc,phases   ] GC(1063)   Pre Evacuate Collection Set: 0.17ms
[592.858s][info][gc,phases   ] GC(1063)   Merge Heap Roots: 0.07ms
[592.858s][info][gc,phases   ] GC(1063)   Evacuate Collection Set: 3.05ms
[592.858s][info][gc,phases   ] GC(1063)   Post Evacuate Collection Set: 0.48ms
[592.858s][info][gc,phases   ] GC(1063)   Other: 0.08ms
[592.858s][info][gc,heap     ] GC(1063) Eden regions: 148->0(148)
[592.858s][info][gc,heap     ] GC(1063) Survivor regions: 5->5(20)
[592.858s][info][gc,heap     ] GC(1063) Old regions: 45->45
[592.858s][info][gc,heap     ] GC(1063) Humongous regions: 2->1
[592.858s][info][gc,metaspace] GC(1063) Metaspace: 43144K(43584K)->43144K(43584K) NonClass: 38803K(39040K)->38803K(39040K) Class: 4341K(4544K)->4341K(4544K)
[592.858s][info][gc          ] GC(1063) Pause Young (Prepare Mixed) (G1 Evacuation Pause) 199M->50M(256M) 4.069ms
[592.858s][info][gc,cpu      ] GC(1063) User=0.01s Sys=0.00s Real=0.00s
[593.805s][info][gc,start    ] GC(1064) Pause Young (Mixed) (G1 Evacuation Pause)
[593.805s][info][gc,task     ] GC(1064) Using 2 workers of 2 for evacuation
[593.817s][info][gc,phases   ] GC(1064)   Pre Evacuate Collection Set: 0.21ms
[593.817s][info][gc,phases   ] GC(1064)   Merge Heap Roots: 0.07ms
[593.817s][info][gc,phases   ] GC(1064)   Evacuate Collection Set: 11.05ms
[593.817s][info][gc,phases   ] GC(1064)   Post Evacuate Collection Set: 0.59ms
[593.817s][info][gc,phases   ] GC(1064)   Other: 0.09ms
[593.817s][info][gc,heap     ] GC(1064) Eden regions: 148->0(141)
[593.817s][info][gc,heap     ] GC(1064) Survivor regions: 5->12(20)
[593.817s][info][gc,heap     ] GC(1064) Old regions: 45->42
[593.817s][info][gc,heap     ] GC(1064) Humongous regions: 5->3
[593.817s][info][gc,metaspace] GC(1064) Metaspace: 43144K(43584K)->43144K(43584K) NonClass: 38803K(39040K)->38803K(39040K) Class: 4341K(4544K)->4341K(4544K)
[593.817s][info][gc          ] GC(1064) Pause Young (Mixed) (G1 Evacuation Pause) 202M->56M(256M) 12.267ms
[593.817s][info][gc,cpu      ] GC(1064) User=0.02s Sys=0.00s Real=0.01s
[594.003s][info][gc,start    ] GC(1065) Pause Young (Concurrent Start) (G1 Humongous Allocation)
[594.003s][info][gc,task     ] GC(1065) Using 2 workers of 2 for evacuation
[594.012s][info][gc,phases   ] GC(1065)   Pre Evacuate Collection Set: 0.18ms
[594.012s][info][gc,phases   ] GC(1065)   Merge Heap Roots: 0.05ms
[594.013s][info][gc,phases   ] GC(1065)   Evacuate Collection Set: 8.51ms
[594.013s][info][gc,phases   ] GC(1065)   Post Evacuate Collection Set: 0.38ms
[594.013s][info][gc,phases   ] GC(1065)   Other: 0.11ms
[594.013s][info][gc,heap     ] GC(1065) Eden regions: 37->0(151)
[594.013s][info][gc,heap     ] GC(1065) Survivor regions: 12->2(20)
[594.013s][info][gc,heap     ] GC(1065) Old regions: 42->47
[594.013s][info][gc,heap     ] GC(1065) Humongous regions: 3->1
[594.013s][info][gc,metaspace] GC(1065) Metaspace: 43144K(43584K)->43144K(43584K) NonClass: 38803K(39040K)->38803K(39040K) Class: 4341K(4544K)->4341K(4544K)
[594.013s][info][gc          ] GC(1065) Pause Young (Concurrent Start) (G1 Humongous Allocation) 92M->49M(256M) 9.441ms
[594.013s][info][gc,cpu      ] GC(1065) User=0.01s Sys=0.00s Real=0.01s
[594.013s][info][gc          ] GC(1066) Concurrent Mark Cycle
[594.013s][info][gc,marking  ] GC(1066) Concurrent Scan Root Regions
[594.023s][info][gc,marking  ] GC(1066) Concurrent Scan Root Regions 10.017ms
[594.023s][info][gc,marking  ] GC(1066) Concurrent Mark
[594.023s][info][gc,marking  ] GC(1066) Concurrent Mark From Roots
[594.023s][info][gc,task     ] GC(1066) Using 1 workers of 1 for marking
[594.064s][info][gc,marking  ] GC(1066) Concurrent Mark From Roots 40.889ms
[594.064s][info][gc,marking  ] GC(1066) Concurrent Preclean
[594.064s][info][gc,marking  ] GC(1066) Concurrent Preclean 0.043ms
[594.064s][info][gc,start    ] GC(1066) Pause Remark
[594.081s][info][gc          ] GC(1066) Pause Remark 63M->63M(256M) 17.099ms
[594.081s][info][gc,cpu      ] GC(1066) User=0.03s Sys=0.00s Real=0.01s
[594.081s][info][gc,marking  ] GC(1066) Concurrent Mark 58.343ms
[594.081s][info][gc,marking  ] GC(1066) Concurrent Rebuild Remembered Sets and Scrub Regions
[594.098s][info][gc,marking  ] GC(1066) Concurrent Rebuild Remembered Sets and Scrub Regions 17.282ms
[594.098s][info][gc,start    ] GC(1066) Pause Cleanup
[594.098s][info][gc          ] GC(1066) Pause Cleanup 65M->65M(256M) 0.043ms
[594.099s][info][gc,cpu      ] GC(1066) User=0.00s Sys=0.00s Real=0.00s
[594.099s][info][gc,marking  ] GC(1066) Concurrent Clear Claimed Marks
[594.099s][info][gc,marking  ] GC(1066) Concurrent Clear Claimed Marks 0.039ms
[594.099s][info][gc,marking  ] GC(1066) Concurrent Cleanup for Next Mark
[594.099s][info][gc,marking  ] GC(1066) Concurrent Cleanup for Next Mark 0.761ms
[594.099s][info][gc          ] GC(1066) Concurrent Mark Cycle 86.745ms
[594.664s][info][gc,start    ] GC(1067) Pause Young (Prepare Mixed) (G1 Evacuation Pause)
[594.664s][info][gc,task     ] GC(1067) Using 2 workers of 2 for evacuation
[594.693s][info][gc,phases   ] GC(1067)   Pre Evacuate Collection Set: 0.20ms
[594.693s][info][gc,phases   ] GC(1067)   Merge Heap Roots: 0.06ms
[594.693s][info][gc,phases   ] GC(1067)   Evacuate Collection Set: 28.11ms
[594.693s][info][gc,phases   ] GC(1067)   Post Evacuate Collection Set: 0.63ms
[594.693s][info][gc,phases   ] GC(1067)   Other: 0.08ms
[594.693s][info][gc,heap     ] GC(1067) Eden regions: 151->0(140)
[594.693s][info][gc,heap     ] GC(1067) Survivor regions: 2->13(20)
[594.693s][info][gc,heap     ] GC(1067) Old regions: 47->47
[594.693s][info][gc,heap     ] GC(1067) Humongous regions: 18->3
[594.693s][info][gc,metaspace] GC(1067) Metaspace: 43144K(43584K)->43144K(43584K) NonClass: 38803K(39040K)->38803K(39040K) Class: 4341K(4544K)->4341K(4544K)
[594.693s][info][gc          ] GC(1067) Pause Young (Prepare Mixed) (G1 Evacuation Pause) 217M->62M(256M) 29.287ms
[594.693s][info][gc,cpu      ] GC(1067) User=0.03s Sys=0.00s Real=0.03s
[595.362s][info][gc,start    ] GC(1068) Pause Young (Mixed) (G1 Evacuation Pause)
[595.362s][info][gc,task     ] GC(1068) Using 2 workers of 2 for evacuation
[595.368s][info][gc,phases   ] GC(1068)   Pre Evacuate Collection Set: 0.19ms
[595.368s][info][gc,phases   ] GC(1068)   Merge Heap Roots: 0.08ms
[595.368s][info][gc,phases   ] GC(1068)   Evacuate Collection Set: 5.39ms
[595.368s][info][gc,phases   ] GC(1068)   Post Evacuate Collection Set: 0.45ms
[595.368s][info][gc,phases   ] GC(1068)   Other: 0.08ms
[595.368s][info][gc,heap     ] GC(1068) Eden regions: 140->0(150)
[595.368s][info][gc,heap     ] GC(1068) Survivor regions: 13->3(20)
[595.368s][info][gc,heap     ] GC(1068) Old regions: 47->41
[595.368s][info][gc,heap     ] GC(1068) Humongous regions: 10->3
[595.368s][info][gc,metaspace] GC(1068) Metaspace: 43144K(43584K)->43144K(43584K) NonClass: 38803K(39040K)->38803K(39040K) Class: 4341K(4544K)->4341K(4544K)
[595.368s][info][gc          ] GC(1068) Pause Young (Mixed) (G1 Evacuation Pause) 209M->46M(256M) 6.377ms
[595.368s][info][gc,cpu      ] GC(1068) User=0.01s Sys=0.01s Real=0.01s
[595.602s][info][gc,start    ] GC(1069) Pause Young (Concurrent Start) (G1 Humongous Allocation)
[595.602s][info][gc,task     ] GC(1069) Using 2 workers of 2 for evacuation
[595.604s][info][gc,phases   ] GC(1069)   Pre Evacuate Collection Set: 0.18ms
[595.604s][info][gc,phases   ] GC(1069)   Merge Heap Roots: 0.10ms
[595.604s][info][gc,phases   ] GC(1069)   Evacuate Collection Set: 1.82ms
[595.605s][info][gc,phases   ] GC(1069)   Post Evacuate Collection Set: 0.36ms
[595.605s][info][gc,phases   ] GC(1069)   Other: 0.08ms
[595.605s][info][gc,heap     ] GC(1069) Eden regions: 54->0(151)
[595.605s][info][gc,heap     ] GC(1069) Survivor regions: 3->2(20)
[595.605s][info][gc,heap     ] GC(1069) Old regions: 41->41
[595.605s][info][gc,heap     ] GC(1069) Humongous regions: 3->1
[595.605s][info][gc,metaspace] GC(1069) Metaspace: 43144K(43584K)->43144K(43584K) NonClass: 38803K(39040K)->38803K(39040K) Class: 4341K(4544K)->4341K(4544K)
[595.605s][info][gc          ] GC(1069) Pause Young (Concurrent Start) (G1 Humongous Allocation) 99M->43M(256M) 2.729ms
[595.605s][info][gc          ] GC(1070) Concurrent Mark Cycle
[595.605s][info][gc,marking  ] GC(1070) Concurrent Scan Root Regions
[595.605s][info][gc,cpu      ] GC(1069) User=0.01s Sys=0.00s Real=0.01s
[595.607s][info][gc,marking  ] GC(1070) Concurrent Scan Root Regions 2.237ms
[595.607s][info][gc,marking  ] GC(1070) Concurrent Mark
[595.607s][info][gc,marking  ] GC(1070) Concurrent Mark From Roots
[595.607s][info][gc,task     ] GC(1070) Using 1 workers of 1 for marking
[595.651s][info][gc,marking  ] GC(1070) Concurrent Mark From Roots 43.779ms
[595.651s][info][gc,marking  ] GC(1070) Concurrent Preclean
[595.651s][info][gc,marking  ] GC(1070) Concurrent Preclean 0.046ms
[595.651s][info][gc,start    ] GC(1070) Pause Remark
[595.669s][info][gc          ] GC(1070) Pause Remark 57M->57M(256M) 17.724ms
[595.669s][info][gc,cpu      ] GC(1070) User=0.03s Sys=0.00s Real=0.02s
[595.669s][info][gc,marking  ] GC(1070) Concurrent Mark 61.855ms
[595.669s][info][gc,marking  ] GC(1070) Concurrent Rebuild Remembered Sets and Scrub Regions
[595.687s][info][gc,marking  ] GC(1070) Concurrent Rebuild Remembered Sets and Scrub Regions 17.782ms
[595.687s][info][gc,start    ] GC(1070) Pause Cleanup
[595.687s][info][gc          ] GC(1070) Pause Cleanup 57M->57M(256M) 0.083ms
[595.687s][info][gc,cpu      ] GC(1070) User=0.00s Sys=0.00s Real=0.00s
[595.687s][info][gc,marking  ] GC(1070) Concurrent Clear Claimed Marks
[595.687s][info][gc,marking  ] GC(1070) Concurrent Clear Claimed Marks 0.047ms
[595.687s][info][gc,marking  ] GC(1070) Concurrent Cleanup for Next Mark
[595.688s][info][gc,marking  ] GC(1070) Concurrent Cleanup for Next Mark 0.796ms
[595.688s][info][gc          ] GC(1070) Concurrent Mark Cycle 83.196ms
[596.397s][info][gc,start    ] GC(1071) Pause Young (Prepare Mixed) (G1 Evacuation Pause)
[596.397s][info][gc,task     ] GC(1071) Using 2 workers of 2 for evacuation
[596.424s][info][gc,phases   ] GC(1071)   Pre Evacuate Collection Set: 0.17ms
[596.424s][info][gc,phases   ] GC(1071)   Merge Heap Roots: 0.06ms
[596.424s][info][gc,phases   ] GC(1071)   Evacuate Collection Set: 25.87ms
[596.424s][info][gc,phases   ] GC(1071)   Post Evacuate Collection Set: 0.50ms
[596.424s][info][gc,phases   ] GC(1071)   Other: 0.08ms
[596.424s][info][gc,heap     ] GC(1071) Eden regions: 151->0(133)
[596.424s][info][gc,heap     ] GC(1071) Survivor regions: 2->20(20)
[596.424s][info][gc,heap     ] GC(1071) Old regions: 41->42
[596.424s][info][gc,heap     ] GC(1071) Humongous regions: 5->3
[596.424s][info][gc,metaspace] GC(1071) Metaspace: 43144K(43584K)->43144K(43584K) NonClass: 38803K(39040K)->38803K(39040K) Class: 4341K(4544K)->4341K(4544K)
[596.424s][info][gc          ] GC(1071) Pause Young (Prepare Mixed) (G1 Evacuation Pause) 198M->64M(256M) 26.881ms
[596.424s][info][gc,cpu      ] GC(1071) User=0.05s Sys=0.00s Real=0.03s
[597.064s][info][gc,start    ] GC(1072) Pause Young (Mixed) (G1 Evacuation Pause)
[597.064s][info][gc,task     ] GC(1072) Using 2 workers of 2 for evacuation
[597.089s][info][gc,phases   ] GC(1072)   Pre Evacuate Collection Set: 0.18ms
[597.090s][info][gc,phases   ] GC(1072)   Merge Heap Roots: 0.10ms
[597.090s][info][gc,phases   ] GC(1072)   Evacuate Collection Set: 24.15ms
[597.090s][info][gc,phases   ] GC(1072)   Post Evacuate Collection Set: 0.55ms
[597.090s][info][gc,phases   ] GC(1072)   Other: 0.08ms
[597.090s][info][gc,heap     ] GC(1072) Eden regions: 133->0(147)
[597.090s][info][gc,heap     ] GC(1072) Survivor regions: 20->6(20)
[597.090s][info][gc,heap     ] GC(1072) Old regions: 42->54
[597.090s][info][gc,heap     ] GC(1072) Humongous regions: 15->3
[597.090s][info][gc,metaspace] GC(1072) Metaspace: 43144K(43584K)->43144K(43584K) NonClass: 38803K(39040K)->38803K(39040K) Class: 4341K(4544K)->4341K(4544K)
[597.090s][info][gc          ] GC(1072) Pause Young (Mixed) (G1 Evacuation Pause) 209M->63M(256M) 25.288ms
[597.090s][info][gc,cpu      ] GC(1072) User=0.05s Sys=0.00s Real=0.02s
[597.126s][info][gc,start    ] GC(1073) Pause Young (Concurrent Start) (G1 Humongous Allocation)
[597.126s][info][gc,task     ] GC(1073) Using 2 workers of 2 for evacuation
[597.133s][info][gc,phases   ] GC(1073)   Pre Evacuate Collection Set: 0.18ms
[597.133s][info][gc,phases   ] GC(1073)   Merge Heap Roots: 0.07ms
[597.133s][info][gc,phases   ] GC(1073)   Evacuate Collection Set: 7.04ms
[597.133s][info][gc,phases   ] GC(1073)   Post Evacuate Collection Set: 0.41ms
[597.133s][info][gc,phases   ] GC(1073)   Other: 0.09ms
[597.133s][info][gc,heap     ] GC(1073) Eden regions: 10->0(148)
[597.133s][info][gc,heap     ] GC(1073) Survivor regions: 6->5(20)
[597.133s][info][gc,heap     ] GC(1073) Old regions: 54->54
[597.133s][info][gc,heap     ] GC(1073) Humongous regions: 3->1
[597.133s][info][gc,metaspace] GC(1073) Metaspace: 43144K(43584K)->43144K(43584K) NonClass: 38803K(39040K)->38803K(39040K) Class: 4341K(4544K)->4341K(4544K)
[597.134s][info][gc          ] GC(1073) Pause Young (Concurrent Start) (G1 Humongous Allocation) 72M->60M(256M) 7.978ms
[597.134s][info][gc,cpu      ] GC(1073) User=0.01s Sys=0.00s Real=0.01s
[597.134s][info][gc          ] GC(1074) Concurrent Mark Cycle
[597.134s][info][gc,marking  ] GC(1074) Concurrent Scan Root Regions
[597.140s][info][gc,marking  ] GC(1074) Concurrent Scan Root Regions 6.448ms
[597.140s][info][gc,marking  ] GC(1074) Concurrent Mark
[597.140s][info][gc,marking  ] GC(1074) Concurrent Mark From Roots
[597.140s][info][gc,task     ] GC(1074) Using 1 workers of 1 for marking
[597.218s][info][gc,marking  ] GC(1074) Concurrent Mark From Roots 77.870ms
[597.218s][info][gc,marking  ] GC(1074) Concurrent Preclean
[597.218s][info][gc,marking  ] GC(1074) Concurrent Preclean 0.040ms
[597.218s][info][gc,start    ] GC(1074) Pause Remark
[597.237s][info][gc          ] GC(1074) Pause Remark 78M->78M(256M) 18.784ms
[597.237s][info][gc,cpu      ] GC(1074) User=0.03s Sys=0.00s Real=0.02s
[597.237s][info][gc,marking  ] GC(1074) Concurrent Mark 97.038ms
[597.237s][info][gc,marking  ] GC(1074) Concurrent Rebuild Remembered Sets and Scrub Regions
[597.268s][info][gc,marking  ] GC(1074) Concurrent Rebuild Remembered Sets and Scrub Regions 30.597ms
[597.268s][info][gc,start    ] GC(1074) Pause Cleanup
[597.268s][info][gc          ] GC(1074) Pause Cleanup 81M->81M(256M) 0.058ms
[597.268s][info][gc,cpu      ] GC(1074) User=0.00s Sys=0.00s Real=0.00s
[597.268s][info][gc,marking  ] GC(1074) Concurrent Clear Claimed Marks
[597.268s][info][gc,marking  ] GC(1074) Concurrent Clear Claimed Marks 0.041ms
[597.268s][info][gc,marking  ] GC(1074) Concurrent Cleanup for Next Mark
[597.269s][info][gc,marking  ] GC(1074) Concurrent Cleanup for Next Mark 0.799ms
[597.269s][info][gc          ] GC(1074) Concurrent Mark Cycle 135.303ms
[597.852s][info][gc,start    ] GC(1075) Pause Young (Prepare Mixed) (G1 Evacuation Pause)
[597.852s][info][gc,task     ] GC(1075) Using 2 workers of 2 for evacuation
[597.866s][info][gc,phases   ] GC(1075)   Pre Evacuate Collection Set: 0.25ms
[597.866s][info][gc,phases   ] GC(1075)   Merge Heap Roots: 0.15ms
[597.866s][info][gc,phases   ] GC(1075)   Evacuate Collection Set: 13.10ms
[597.866s][info][gc,phases   ] GC(1075)   Post Evacuate Collection Set: 0.49ms
[597.866s][info][gc,phases   ] GC(1075)   Other: 0.09ms
[597.866s][info][gc,heap     ] GC(1075) Eden regions: 148->0(141)
[597.866s][info][gc,heap     ] GC(1075) Survivor regions: 5->12(20)
[597.866s][info][gc,heap     ] GC(1075) Old regions: 54->54
[597.866s][info][gc,heap     ] GC(1075) Humongous regions: 13->3
[597.866s][info][gc,metaspace] GC(1075) Metaspace: 43144K(43584K)->43144K(43584K) NonClass: 38803K(39040K)->38803K(39040K) Class: 4341K(4544K)->4341K(4544K)
[597.866s][info][gc          ] GC(1075) Pause Young (Prepare Mixed) (G1 Evacuation Pause) 220M->68M(256M) 14.288ms
[597.866s][info][gc,cpu      ] GC(1075) User=0.03s Sys=0.00s Real=0.02s
[598.484s][info][gc,start    ] GC(1076) Pause Young (Mixed) (G1 Evacuation Pause)
[598.484s][info][gc,task     ] GC(1076) Using 2 workers of 2 for evacuation
[598.495s][info][gc,phases   ] GC(1076)   Pre Evacuate Collection Set: 0.20ms
[598.495s][info][gc,phases   ] GC(1076)   Merge Heap Roots: 0.11ms
[598.495s][info][gc,phases   ] GC(1076)   Evacuate Collection Set: 10.14ms
[598.495s][info][gc,phases   ] GC(1076)   Post Evacuate Collection Set: 0.47ms
[598.495s][info][gc,phases   ] GC(1076)   Other: 0.08ms
[598.495s][info][gc,heap     ] GC(1076) Eden regions: 141->0(149)
[598.495s][info][gc,heap     ] GC(1076) Survivor regions: 12->4(20)
[598.495s][info][gc,heap     ] GC(1076) Old regions: 54->56
[598.495s][info][gc,heap     ] GC(1076) Humongous regions: 15->3
[598.495s][info][gc,metaspace] GC(1076) Metaspace: 43144K(43584K)->43144K(43584K) NonClass: 38803K(39040K)->38803K(39040K) Class: 4341K(4544K)->4341K(4544K)
[598.495s][info][gc          ] GC(1076) Pause Young (Mixed) (G1 Evacuation Pause) 221M->62M(256M) 11.198ms
[598.495s][info][gc,cpu      ] GC(1076) User=0.02s Sys=0.00s Real=0.01s
[598.531s][info][gc,start    ] GC(1077) Pause Young (Concurrent Start) (G1 Humongous Allocation)
[598.531s][info][gc,task     ] GC(1077) Using 2 workers of 2 for evacuation
[598.541s][info][gc,phases   ] GC(1077)   Pre Evacuate Collection Set: 0.28ms
[598.541s][info][gc,phases   ] GC(1077)   Merge Heap Roots: 0.11ms
[598.541s][info][gc,phases   ] GC(1077)   Evacuate Collection Set: 5.92ms
[598.541s][info][gc,phases   ] GC(1077)   Post Evacuate Collection Set: 1.82ms
[598.541s][info][gc,phases   ] GC(1077)   Other: 1.73ms
[598.541s][info][gc,heap     ] GC(1077) Eden regions: 6->0(150)
[598.541s][info][gc,heap     ] GC(1077) Survivor regions: 4->3(20)
[598.541s][info][gc,heap     ] GC(1077) Old regions: 56->56
[598.541s][info][gc,heap     ] GC(1077) Humongous regions: 3->1
[598.541s][info][gc,metaspace] GC(1077) Metaspace: 43144K(43584K)->43144K(43584K) NonClass: 38803K(39040K)->38803K(39040K) Class: 4341K(4544K)->4341K(4544K)
[598.542s][info][gc          ] GC(1077) Pause Young (Concurrent Start) (G1 Humongous Allocation) 67M->59M(256M) 10.152ms
[598.542s][info][gc,cpu      ] GC(1077) User=0.01s Sys=0.00s Real=0.01s
[598.542s][info][gc          ] GC(1078) Concurrent Mark Cycle
[598.542s][info][gc,marking  ] GC(1078) Concurrent Scan Root Regions
[598.568s][info][gc,marking  ] GC(1078) Concurrent Scan Root Regions 25.964ms
[598.568s][info][gc,marking  ] GC(1078) Concurrent Mark
[598.568s][info][gc,marking  ] GC(1078) Concurrent Mark From Roots
[598.568s][info][gc,task     ] GC(1078) Using 1 workers of 1 for marking
[598.642s][info][gc,marking  ] GC(1078) Concurrent Mark From Roots 74.783ms
[598.642s][info][gc,marking  ] GC(1078) Concurrent Preclean
[598.643s][info][gc,marking  ] GC(1078) Concurrent Preclean 0.046ms
[598.643s][info][gc,start    ] GC(1078) Pause Remark
[598.663s][info][gc          ] GC(1078) Pause Remark 82M->77M(256M) 20.208ms
[598.663s][info][gc,cpu      ] GC(1078) User=0.04s Sys=0.00s Real=0.02s
[598.663s][info][gc,marking  ] GC(1078) Concurrent Mark 95.804ms
[598.663s][info][gc,marking  ] GC(1078) Concurrent Rebuild Remembered Sets and Scrub Regions
[598.693s][info][gc,marking  ] GC(1078) Concurrent Rebuild Remembered Sets and Scrub Regions 29.329ms
[598.693s][info][gc,start    ] GC(1078) Pause Cleanup
[598.693s][info][gc          ] GC(1078) Pause Cleanup 84M->84M(256M) 0.052ms
[598.693s][info][gc,cpu      ] GC(1078) User=0.00s Sys=0.00s Real=0.00s
[598.693s][info][gc,marking  ] GC(1078) Concurrent Clear Claimed Marks
[598.693s][info][gc,marking  ] GC(1078) Concurrent Clear Claimed Marks 0.066ms
[598.693s][info][gc,marking  ] GC(1078) Concurrent Cleanup for Next Mark
[598.694s][info][gc,marking  ] GC(1078) Concurrent Cleanup for Next Mark 0.943ms
[598.694s][info][gc          ] GC(1078) Concurrent Mark Cycle 152.681ms
[599.216s][info][gc,start    ] GC(1079) Pause Young (Prepare Mixed) (G1 Evacuation Pause)
[599.216s][info][gc,task     ] GC(1079) Using 2 workers of 2 for evacuation
[599.239s][info][gc,phases   ] GC(1079)   Pre Evacuate Collection Set: 0.17ms
[599.239s][info][gc,phases   ] GC(1079)   Merge Heap Roots: 0.08ms
[599.240s][info][gc,phases   ] GC(1079)   Evacuate Collection Set: 22.67ms
[599.240s][info][gc,phases   ] GC(1079)   Post Evacuate Collection Set: 0.51ms
[599.240s][info][gc,phases   ] GC(1079)   Other: 0.08ms
[599.240s][info][gc,heap     ] GC(1079) Eden regions: 150->0(133)
[599.240s][info][gc,heap     ] GC(1079) Survivor regions: 3->20(20)
[599.240s][info][gc,heap     ] GC(1079) Old regions: 51->54
[599.240s][info][gc,heap     ] GC(1079) Humongous regions: 3->3
[599.240s][info][gc,metaspace] GC(1079) Metaspace: 43144K(43584K)->43144K(43584K) NonClass: 38803K(39040K)->38803K(39040K) Class: 4341K(4544K)->4341K(4544K)
[599.240s][info][gc          ] GC(1079) Pause Young (Prepare Mixed) (G1 Evacuation Pause) 206M->76M(256M) 23.731ms
[599.240s][info][gc,cpu      ] GC(1079) User=0.04s Sys=0.00s Real=0.02s
[599.916s][info][gc,start    ] GC(1080) Pause Young (Mixed) (G1 Evacuation Pause)
[599.916s][info][gc,task     ] GC(1080) Using 2 workers of 2 for evacuation
[599.944s][info][gc,phases   ] GC(1080)   Pre Evacuate Collection Set: 0.26ms
[599.944s][info][gc,phases   ] GC(1080)   Merge Heap Roots: 0.19ms
[599.944s][info][gc,phases   ] GC(1080)   Evacuate Collection Set: 26.82ms
[599.944s][info][gc,phases   ] GC(1080)   Post Evacuate Collection Set: 0.78ms
[599.944s][info][gc,phases   ] GC(1080)   Other: 0.08ms
[599.944s][info][gc,heap     ] GC(1080) Eden regions: 133->0(141)
[599.944s][info][gc,heap     ] GC(1080) Survivor regions: 20->12(20)
[599.944s][info][gc,heap     ] GC(1080) Old regions: 54->59
[599.944s][info][gc,heap     ] GC(1080) Humongous regions: 3->3
[599.944s][info][gc,metaspace] GC(1080) Metaspace: 43144K(43584K)->43144K(43584K) NonClass: 38803K(39040K)->38803K(39040K) Class: 4341K(4544K)->4341K(4544K)
[599.944s][info][gc          ] GC(1080) Pause Young (Mixed) (G1 Evacuation Pause) 209M->73M(256M) 28.376ms
[599.944s][info][gc,cpu      ] GC(1080) User=0.06s Sys=0.00s Real=0.03s
[600.012s][info][gc,start    ] GC(1081) Pause Young (Concurrent Start) (G1 Humongous Allocation)
[600.012s][info][gc,task     ] GC(1081) Using 2 workers of 2 for evacuation
[600.029s][info][gc,phases   ] GC(1081)   Pre Evacuate Collection Set: 0.17ms
[600.029s][info][gc,phases   ] GC(1081)   Merge Heap Roots: 0.12ms
[600.029s][info][gc,phases   ] GC(1081)   Evacuate Collection Set: 16.62ms
[600.029s][info][gc,phases   ] GC(1081)   Post Evacuate Collection Set: 0.61ms
[600.029s][info][gc,phases   ] GC(1081)   Other: 0.11ms
[600.029s][info][gc,heap     ] GC(1081) Eden regions: 15->0(162)
[600.029s][info][gc,heap     ] GC(1081) Survivor regions: 12->4(20)
[600.029s][info][gc,heap     ] GC(1081) Old regions: 59->70
[600.029s][info][gc,heap     ] GC(1081) Humongous regions: 3->1
[600.029s][info][gc,metaspace] GC(1081) Metaspace: 43144K(43584K)->43144K(43584K) NonClass: 38803K(39040K)->38803K(39040K) Class: 4341K(4544K)->4341K(4544K)
[600.029s][info][gc          ] GC(1081) Pause Young (Concurrent Start) (G1 Humongous Allocation) 87M->74M(285M) 17.814ms
[600.029s][info][gc,cpu      ] GC(1081) User=0.03s Sys=0.00s Real=0.02s
[600.029s][info][gc          ] GC(1082) Concurrent Mark Cycle
[600.030s][info][gc,marking  ] GC(1082) Concurrent Scan Root Regions
[600.051s][info][gc,marking  ] GC(1082) Concurrent Scan Root Regions 21.002ms
[600.051s][info][gc,marking  ] GC(1082) Concurrent Mark
[600.051s][info][gc,marking  ] GC(1082) Concurrent Mark From Roots
[600.051s][info][gc,task     ] GC(1082) Using 1 workers of 1 for marking
[600.123s][info][gc,marking  ] GC(1082) Concurrent Mark From Roots 72.019ms
[600.123s][info][gc,marking  ] GC(1082) Concurrent Preclean
[600.123s][info][gc,marking  ] GC(1082) Concurrent Preclean 0.038ms
[600.123s][info][gc,start    ] GC(1082) Pause Remark
[600.141s][info][gc          ] GC(1082) Pause Remark 98M->98M(257M) 18.069ms
[600.141s][info][gc,cpu      ] GC(1082) User=0.03s Sys=0.00s Real=0.01s
[600.141s][info][gc,marking  ] GC(1082) Concurrent Mark 90.424ms
[600.141s][info][gc,marking  ] GC(1082) Concurrent Rebuild Remembered Sets and Scrub Regions
[600.180s][info][gc,marking  ] GC(1082) Concurrent Rebuild Remembered Sets and Scrub Regions 39.236ms
[600.181s][info][gc,start    ] GC(1082) Pause Cleanup
[600.181s][info][gc          ] GC(1082) Pause Cleanup 105M->105M(257M) 0.056ms
[600.181s][info][gc,cpu      ] GC(1082) User=0.00s Sys=0.00s Real=0.00s
[600.181s][info][gc,marking  ] GC(1082) Concurrent Clear Claimed Marks
[600.181s][info][gc,marking  ] GC(1082) Concurrent Clear Claimed Marks 0.043ms
[600.181s][info][gc,marking  ] GC(1082) Concurrent Cleanup for Next Mark
[600.182s][info][gc,marking  ] GC(1082) Concurrent Cleanup for Next Mark 1.007ms
[600.182s][info][gc          ] GC(1082) Concurrent Mark Cycle 152.231ms
[600.837s][info][gc,start    ] GC(1083) Pause Young (Prepare Mixed) (G1 Evacuation Pause)
[600.837s][info][gc,task     ] GC(1083) Using 2 workers of 2 for evacuation
[600.845s][info][gc,phases   ] GC(1083)   Pre Evacuate Collection Set: 0.18ms
[600.845s][info][gc,phases   ] GC(1083)   Merge Heap Roots: 0.08ms
[600.845s][info][gc,phases   ] GC(1083)   Evacuate Collection Set: 6.96ms
[600.845s][info][gc,phases   ] GC(1083)   Post Evacuate Collection Set: 0.47ms
[600.845s][info][gc,phases   ] GC(1083)   Other: 0.08ms
[600.845s][info][gc,heap     ] GC(1083) Eden regions: 150->0(141)
[600.845s][info][gc,heap     ] GC(1083) Survivor regions: 4->7(20)
[600.845s][info][gc,heap     ] GC(1083) Old regions: 70->70
[600.845s][info][gc,heap     ] GC(1083) Humongous regions: 7->3
[600.845s][info][gc,metaspace] GC(1083) Metaspace: 43144K(43584K)->43144K(43584K) NonClass: 38803K(39040K)->38803K(39040K) Class: 4341K(4544K)->4341K(4544K)
[600.845s][info][gc          ] GC(1083) Pause Young (Prepare Mixed) (G1 Evacuation Pause) 230M->79M(257M) 7.951ms
[600.845s][info][gc,cpu      ] GC(1083) User=0.01s Sys=0.00s Real=0.01s
[601.400s][info][gc,start    ] GC(1084) Pause Young (Mixed) (G1 Evacuation Pause)
[601.400s][info][gc,task     ] GC(1084) Using 2 workers of 2 for evacuation
[601.413s][info][gc,phases   ] GC(1084)   Pre Evacuate Collection Set: 0.25ms
[601.413s][info][gc,phases   ] GC(1084)   Merge Heap Roots: 0.11ms
[601.413s][info][gc,phases   ] GC(1084)   Evacuate Collection Set: 11.43ms
[601.413s][info][gc,phases   ] GC(1084)   Post Evacuate Collection Set: 0.66ms
[601.413s][info][gc,phases   ] GC(1084)   Other: 0.09ms
[601.413s][info][gc,heap     ] GC(1084) Eden regions: 141->0(149)
[601.413s][info][gc,heap     ] GC(1084) Survivor regions: 7->5(19)
[601.413s][info][gc,heap     ] GC(1084) Old regions: 70->66
[601.413s][info][gc,heap     ] GC(1084) Humongous regions: 11->1
[601.413s][info][gc,metaspace] GC(1084) Metaspace: 43144K(43584K)->43144K(43584K) NonClass: 38803K(39040K)->38803K(39040K) Class: 4341K(4544K)->4341K(4544K)
[601.413s][info][gc          ] GC(1084) Pause Young (Mixed) (G1 Evacuation Pause) 228M->71M(257M) 12.766ms
[601.413s][info][gc,cpu      ] GC(1084) User=0.02s Sys=0.00s Real=0.02s
[601.422s][info][gc,start    ] GC(1085) Pause Young (Concurrent Start) (G1 Humongous Allocation)
[601.422s][info][gc,task     ] GC(1085) Using 2 workers of 2 for evacuation
[601.438s][info][gc,phases   ] GC(1085)   Pre Evacuate Collection Set: 0.15ms
[601.438s][info][gc,phases   ] GC(1085)   Merge Heap Roots: 0.08ms
[601.438s][info][gc,phases   ] GC(1085)   Evacuate Collection Set: 15.29ms
[601.438s][info][gc,phases   ] GC(1085)   Post Evacuate Collection Set: 0.35ms
[601.438s][info][gc,phases   ] GC(1085)   Other: 0.14ms
[601.438s][info][gc,heap     ] GC(1085) Eden regions: 1->0(124)
[601.438s][info][gc,heap     ] GC(1085) Survivor regions: 5->5(20)
[601.438s][info][gc,heap     ] GC(1085) Old regions: 66->66
[601.438s][info][gc,heap     ] GC(1085) Humongous regions: 1->1
[601.438s][info][gc,metaspace] GC(1085) Metaspace: 43144K(43584K)->43144K(43584K) NonClass: 38803K(39040K)->38803K(39040K) Class: 4341K(4544K)->4341K(4544K)
[601.438s][info][gc          ] GC(1085) Pause Young (Concurrent Start) (G1 Humongous Allocation) 72M->71M(257M) 16.188ms
[601.438s][info][gc          ] GC(1086) Concurrent Mark Cycle
[601.438s][info][gc,marking  ] GC(1086) Concurrent Scan Root Regions
[601.440s][info][gc,cpu      ] GC(1085) User=0.02s Sys=0.00s Real=0.02s
[601.453s][info][gc,marking  ] GC(1086) Concurrent Scan Root Regions 14.370ms
[601.453s][info][gc,marking  ] GC(1086) Concurrent Mark
[601.453s][info][gc,marking  ] GC(1086) Concurrent Mark From Roots
[601.453s][info][gc,task     ] GC(1086) Using 1 workers of 1 for marking
[601.557s][info][gc,marking  ] GC(1086) Concurrent Mark From Roots 104.578ms
[601.557s][info][gc,marking  ] GC(1086) Concurrent Preclean
[601.557s][info][gc,marking  ] GC(1086) Concurrent Preclean 0.064ms
[601.557s][info][gc,start    ] GC(1086) Pause Remark
[601.575s][info][gc          ] GC(1086) Pause Remark 101M->101M(256M) 17.730ms
[601.575s][info][gc,cpu      ] GC(1086) User=0.03s Sys=0.00s Real=0.02s
[601.575s][info][gc,marking  ] GC(1086) Concurrent Mark 122.725ms
[601.575s][info][gc,marking  ] GC(1086) Concurrent Rebuild Remembered Sets and Scrub Regions
[601.609s][info][gc,marking  ] GC(1086) Concurrent Rebuild Remembered Sets and Scrub Regions 34.141ms
[601.610s][info][gc,start    ] GC(1086) Pause Cleanup
[601.610s][info][gc          ] GC(1086) Pause Cleanup 108M->108M(256M) 0.049ms
[601.610s][info][gc,cpu      ] GC(1086) User=0.00s Sys=0.00s Real=0.00s
[601.610s][info][gc,marking  ] GC(1086) Concurrent Clear Claimed Marks
[601.610s][info][gc,marking  ] GC(1086) Concurrent Clear Claimed Marks 0.039ms
[601.610s][info][gc,marking  ] GC(1086) Concurrent Cleanup for Next Mark
[601.610s][info][gc,marking  ] GC(1086) Concurrent Cleanup for Next Mark 0.776ms
[601.610s][info][gc          ] GC(1086) Concurrent Mark Cycle 172.346ms
[602.055s][info][gc,start    ] GC(1087) Pause Young (Prepare Mixed) (G1 Evacuation Pause)
[602.055s][info][gc,task     ] GC(1087) Using 2 workers of 2 for evacuation
[602.065s][info][gc,phases   ] GC(1087)   Pre Evacuate Collection Set: 0.15ms
[602.065s][info][gc,phases   ] GC(1087)   Merge Heap Roots: 0.09ms
[602.065s][info][gc,phases   ] GC(1087)   Evacuate Collection Set: 9.18ms
[602.065s][info][gc,phases   ] GC(1087)   Post Evacuate Collection Set: 0.43ms
[602.065s][info][gc,phases   ] GC(1087)   Other: 0.08ms
[602.065s][info][gc,heap     ] GC(1087) Eden regions: 124->0(128)
[602.065s][info][gc,heap     ] GC(1087) Survivor regions: 5->8(17)
[602.065s][info][gc,heap     ] GC(1087) Old regions: 66->66
[602.065s][info][gc,heap     ] GC(1087) Humongous regions: 5->3
[602.065s][info][gc,metaspace] GC(1087) Metaspace: 43145K(43584K)->43145K(43584K) NonClass: 38804K(39040K)->38804K(39040K) Class: 4341K(4544K)->4341K(4544K)
[602.065s][info][gc          ] GC(1087) Pause Young (Prepare Mixed) (G1 Evacuation Pause) 199M->76M(256M) 10.124ms
[602.065s][info][gc,cpu      ] GC(1087) User=0.02s Sys=0.00s Real=0.01s
[602.597s][info][gc,start    ] GC(1088) Pause Young (Mixed) (G1 Evacuation Pause)
[602.597s][info][gc,task     ] GC(1088) Using 2 workers of 2 for evacuation
[602.611s][info][gc,phases   ] GC(1088)   Pre Evacuate Collection Set: 0.19ms
[602.611s][info][gc,phases   ] GC(1088)   Merge Heap Roots: 0.09ms
[602.611s][info][gc,phases   ] GC(1088)   Evacuate Collection Set: 13.39ms
[602.611s][info][gc,phases   ] GC(1088)   Post Evacuate Collection Set: 0.44ms
[602.611s][info][gc,phases   ] GC(1088)   Other: 0.10ms
[602.611s][info][gc,heap     ] GC(1088) Eden regions: 128->0(134)
[602.611s][info][gc,heap     ] GC(1088) Survivor regions: 8->11(17)
[602.611s][info][gc,heap     ] GC(1088) Old regions: 66->62
[602.611s][info][gc,heap     ] GC(1088) Humongous regions: 9->3
[602.611s][info][gc,metaspace] GC(1088) Metaspace: 43145K(43584K)->43145K(43584K) NonClass: 38804K(39040K)->38804K(39040K) Class: 4341K(4544K)->4341K(4544K)
[602.611s][info][gc          ] GC(1088) Pause Young (Mixed) (G1 Evacuation Pause) 210M->75M(256M) 14.399ms
[602.611s][info][gc,cpu      ] GC(1088) User=0.02s Sys=0.00s Real=0.01s
[602.728s][info][gc,start    ] GC(1089) Pause Young (Concurrent Start) (G1 Humongous Allocation)
[602.728s][info][gc,task     ] GC(1089) Using 2 workers of 2 for evacuation
[602.737s][info][gc,phases   ] GC(1089)   Pre Evacuate Collection Set: 0.26ms
[602.737s][info][gc,phases   ] GC(1089)   Merge Heap Roots: 0.16ms
[602.737s][info][gc,phases   ] GC(1089)   Evacuate Collection Set: 7.92ms
[602.737s][info][gc,phases   ] GC(1089)   Post Evacuate Collection Set: 0.37ms
[602.737s][info][gc,phases   ] GC(1089)   Other: 0.13ms
[602.737s][info][gc,heap     ] GC(1089) Eden regions: 28->0(146)
[602.737s][info][gc,heap     ] GC(1089) Survivor regions: 11->3(19)
[602.737s][info][gc,heap     ] GC(1089) Old regions: 62->65
[602.737s][info][gc,heap     ] GC(1089) Humongous regions: 3->1
[602.737s][info][gc,metaspace] GC(1089) Metaspace: 43145K(43584K)->43145K(43584K) NonClass: 38804K(39040K)->38804K(39040K) Class: 4341K(4544K)->4341K(4544K)
[602.737s][info][gc          ] GC(1089) Pause Young (Concurrent Start) (G1 Humongous Allocation) 103M->68M(256M) 9.067ms
[602.737s][info][gc          ] GC(1090) Concurrent Mark Cycle
[602.737s][info][gc,marking  ] GC(1090) Concurrent Scan Root Regions
[602.739s][info][gc,cpu      ] GC(1089) User=0.02s Sys=0.00s Real=0.01s
[602.745s][info][gc,marking  ] GC(1090) Concurrent Scan Root Regions 7.814ms
[602.745s][info][gc,marking  ] GC(1090) Concurrent Mark
[602.745s][info][gc,marking  ] GC(1090) Concurrent Mark From Roots
[602.745s][info][gc,task     ] GC(1090) Using 1 workers of 1 for marking
[602.839s][info][gc,marking  ] GC(1090) Concurrent Mark From Roots 94.695ms
[602.839s][info][gc,marking  ] GC(1090) Concurrent Preclean
[602.839s][info][gc,marking  ] GC(1090) Concurrent Preclean 0.042ms
[602.840s][info][gc,start    ] GC(1090) Pause Remark
[602.857s][info][gc          ] GC(1090) Pause Remark 98M->98M(256M) 17.120ms
[602.857s][info][gc,cpu      ] GC(1090) User=0.04s Sys=0.00s Real=0.02s
[602.859s][info][gc,marking  ] GC(1090) Concurrent Mark 114.582ms
[602.859s][info][gc,marking  ] GC(1090) Concurrent Rebuild Remembered Sets and Scrub Regions
[602.901s][info][gc,marking  ] GC(1090) Concurrent Rebuild Remembered Sets and Scrub Regions 41.586ms
[602.901s][info][gc,start    ] GC(1090) Pause Cleanup
[602.901s][info][gc          ] GC(1090) Pause Cleanup 105M->105M(256M) 0.056ms
[602.901s][info][gc,cpu      ] GC(1090) User=0.00s Sys=0.00s Real=0.00s
[602.902s][info][gc,marking  ] GC(1090) Concurrent Clear Claimed Marks
[602.902s][info][gc,marking  ] GC(1090) Concurrent Clear Claimed Marks 0.051ms
[602.902s][info][gc,marking  ] GC(1090) Concurrent Cleanup for Next Mark
[602.902s][info][gc,marking  ] GC(1090) Concurrent Cleanup for Next Mark 0.866ms
[602.903s][info][gc          ] GC(1090) Concurrent Mark Cycle 165.700ms
[603.370s][info][gc,start    ] GC(1091) Pause Young (Prepare Mixed) (G1 Evacuation Pause)
[603.370s][info][gc,task     ] GC(1091) Using 2 workers of 2 for evacuation
[603.389s][info][gc,phases   ] GC(1091)   Pre Evacuate Collection Set: 0.39ms
[603.389s][info][gc,phases   ] GC(1091)   Merge Heap Roots: 0.08ms
[603.389s][info][gc,phases   ] GC(1091)   Evacuate Collection Set: 17.53ms
[603.389s][info][gc,phases   ] GC(1091)   Post Evacuate Collection Set: 0.49ms
[603.389s][info][gc,phases   ] GC(1091)   Other: 0.16ms
[603.389s][info][gc,heap     ] GC(1091) Eden regions: 146->0(136)
[603.389s][info][gc,heap     ] GC(1091) Survivor regions: 3->14(19)
[603.389s][info][gc,heap     ] GC(1091) Old regions: 65->65
[603.389s][info][gc,heap     ] GC(1091) Humongous regions: 5->3
[603.389s][info][gc,metaspace] GC(1091) Metaspace: 43145K(43584K)->43145K(43584K) NonClass: 38804K(39040K)->38804K(39040K) Class: 4341K(4544K)->4341K(4544K)
[603.389s][info][gc          ] GC(1091) Pause Young (Prepare Mixed) (G1 Evacuation Pause) 218M->81M(256M) 18.852ms
[603.389s][info][gc,cpu      ] GC(1091) User=0.03s Sys=0.00s Real=0.02s
[603.987s][info][gc,start    ] GC(1092) Pause Young (Mixed) (G1 Evacuation Pause)
[603.987s][info][gc,task     ] GC(1092) Using 2 workers of 2 for evacuation
[604.006s][info][gc,phases   ] GC(1092)   Pre Evacuate Collection Set: 0.17ms
[604.006s][info][gc,phases   ] GC(1092)   Merge Heap Roots: 0.16ms
[604.006s][info][gc,phases   ] GC(1092)   Evacuate Collection Set: 17.51ms
[604.006s][info][gc,phases   ] GC(1092)   Post Evacuate Collection Set: 0.51ms
[604.006s][info][gc,phases   ] GC(1092)   Other: 0.07ms
[604.006s][info][gc,heap     ] GC(1092) Eden regions: 136->0(135)
[604.006s][info][gc,heap     ] GC(1092) Survivor regions: 14->13(19)
[604.006s][info][gc,heap     ] GC(1092) Old regions: 65->65
[604.006s][info][gc,heap     ] GC(1092) Humongous regions: 9->3
[604.006s][info][gc,metaspace] GC(1092) Metaspace: 43145K(43584K)->43145K(43584K) NonClass: 38804K(39040K)->38804K(39040K) Class: 4341K(4544K)->4341K(4544K)
[604.006s][info][gc          ] GC(1092) Pause Young (Mixed) (G1 Evacuation Pause) 223M->80M(256M) 18.686ms
[604.006s][info][gc,cpu      ] GC(1092) User=0.04s Sys=0.00s Real=0.02s
[604.429s][info][gc,start    ] GC(1093) Pause Young (Concurrent Start) (G1 Evacuation Pause)
[604.429s][info][gc,task     ] GC(1093) Using 2 workers of 2 for evacuation
[604.466s][info][gc,phases   ] GC(1093)   Pre Evacuate Collection Set: 0.18ms
[604.466s][info][gc,phases   ] GC(1093)   Merge Heap Roots: 0.06ms
[604.466s][info][gc,phases   ] GC(1093)   Evacuate Collection Set: 36.40ms
[604.466s][info][gc,phases   ] GC(1093)   Post Evacuate Collection Set: 0.50ms
[604.466s][info][gc,phases   ] GC(1093)   Other: 0.09ms
[604.466s][info][gc,heap     ] GC(1093) Eden regions: 135->0(108)
[604.466s][info][gc,heap     ] GC(1093) Survivor regions: 13->19(19)
[604.466s][info][gc,heap     ] GC(1093) Old regions: 65->83
[604.466s][info][gc,heap     ] GC(1093) Humongous regions: 3->3
[604.466s][info][gc,metaspace] GC(1093) Metaspace: 43145K(43584K)->43145K(43584K) NonClass: 38804K(39040K)->38804K(39040K) Class: 4341K(4544K)->4341K(4544K)
[604.466s][info][gc          ] GC(1093) Pause Young (Concurrent Start) (G1 Evacuation Pause) 215M->104M(256M) 37.426ms
[604.466s][info][gc,cpu      ] GC(1093) User=0.07s Sys=0.00s Real=0.04s
[604.466s][info][gc          ] GC(1094) Concurrent Mark Cycle
[604.466s][info][gc,marking  ] GC(1094) Concurrent Scan Root Regions
[604.500s][info][gc,marking  ] GC(1094) Concurrent Scan Root Regions 33.388ms
[604.500s][info][gc,marking  ] GC(1094) Concurrent Mark
[604.500s][info][gc,marking  ] GC(1094) Concurrent Mark From Roots
[604.500s][info][gc,task     ] GC(1094) Using 1 workers of 1 for marking
[604.579s][info][gc,marking  ] GC(1094) Concurrent Mark From Roots 79.556ms
[604.579s][info][gc,marking  ] GC(1094) Concurrent Preclean
[604.579s][info][gc,marking  ] GC(1094) Concurrent Preclean 0.056ms
[604.579s][info][gc,start    ] GC(1094) Pause Remark
[604.596s][info][gc          ] GC(1094) Pause Remark 123M->116M(256M) 16.974ms
[604.596s][info][gc,cpu      ] GC(1094) User=0.04s Sys=0.00s Real=0.02s
[604.596s][info][gc,marking  ] GC(1094) Concurrent Mark 96.920ms
[604.596s][info][gc,marking  ] GC(1094) Concurrent Rebuild Remembered Sets and Scrub Regions
[604.640s][info][gc,marking  ] GC(1094) Concurrent Rebuild Remembered Sets and Scrub Regions 43.702ms
[604.640s][info][gc,start    ] GC(1094) Pause Cleanup
[604.640s][info][gc          ] GC(1094) Pause Cleanup 123M->123M(256M) 0.054ms
[604.640s][info][gc,cpu      ] GC(1094) User=0.00s Sys=0.00s Real=0.00s
[604.640s][info][gc,marking  ] GC(1094) Concurrent Clear Claimed Marks
[604.641s][info][gc,marking  ] GC(1094) Concurrent Clear Claimed Marks 0.040ms
[604.641s][info][gc,marking  ] GC(1094) Concurrent Cleanup for Next Mark
[604.641s][info][gc,marking  ] GC(1094) Concurrent Cleanup for Next Mark 0.781ms
[604.641s][info][gc          ] GC(1094) Concurrent Mark Cycle 175.249ms
[605.107s][info][gc,start    ] GC(1095) Pause Young (Prepare Mixed) (G1 Evacuation Pause)
[605.107s][info][gc,task     ] GC(1095) Using 2 workers of 2 for evacuation
[605.166s][info][gc,phases   ] GC(1095)   Pre Evacuate Collection Set: 0.18ms
[605.166s][info][gc,phases   ] GC(1095)   Merge Heap Roots: 0.22ms
[605.166s][info][gc,phases   ] GC(1095)   Evacuate Collection Set: 57.95ms
[605.166s][info][gc,phases   ] GC(1095)   Post Evacuate Collection Set: 0.48ms
[605.166s][info][gc,phases   ] GC(1095)   Other: 0.09ms
[605.166s][info][gc,heap     ] GC(1095) Eden regions: 108->0(82)
[605.166s][info][gc,heap     ] GC(1095) Survivor regions: 19->16(16)
[605.166s][info][gc,heap     ] GC(1095) Old regions: 76->109
[605.166s][info][gc,heap     ] GC(1095) Humongous regions: 3->3
[605.166s][info][gc,metaspace] GC(1095) Metaspace: 43145K(43584K)->43145K(43584K) NonClass: 38804K(39040K)->38804K(39040K) Class: 4341K(4544K)->4341K(4544K)
[605.166s][info][gc          ] GC(1095) Pause Young (Prepare Mixed) (G1 Evacuation Pause) 205M->127M(256M) 59.163ms
[605.166s][info][gc,cpu      ] GC(1095) User=0.12s Sys=0.00s Real=0.06s
[605.639s][info][gc,start    ] GC(1096) Pause Young (Mixed) (G1 Evacuation Pause)
[605.639s][info][gc,task     ] GC(1096) Using 2 workers of 2 for evacuation
[605.693s][info][gc,phases   ] GC(1096)   Pre Evacuate Collection Set: 0.23ms
[605.693s][info][gc,phases   ] GC(1096)   Merge Heap Roots: 0.30ms
[605.693s][info][gc,phases   ] GC(1096)   Evacuate Collection Set: 53.29ms
[605.693s][info][gc,phases   ] GC(1096)   Post Evacuate Collection Set: 0.44ms
[605.693s][info][gc,phases   ] GC(1096)   Other: 0.07ms
[605.693s][info][gc,heap     ] GC(1096) Eden regions: 82->0(70)
[605.693s][info][gc,heap     ] GC(1096) Survivor regions: 16->13(13)
[605.693s][info][gc,heap     ] GC(1096) Old regions: 109->125
[605.693s][info][gc,heap     ] GC(1096) Humongous regions: 3->3
[605.693s][info][gc,metaspace] GC(1096) Metaspace: 43148K(43584K)->43148K(43584K) NonClass: 38806K(39040K)->38806K(39040K) Class: 4341K(4544K)->4341K(4544K)
[605.693s][info][gc          ] GC(1096) Pause Young (Mixed) (G1 Evacuation Pause) 209M->140M(256M) 54.558ms
[605.693s][info][gc,cpu      ] GC(1096) User=0.11s Sys=0.00s Real=0.06s
[606.087s][info][gc,start    ] GC(1097) Pause Young (Concurrent Start) (G1 Evacuation Pause)
[606.088s][info][gc,task     ] GC(1097) Using 2 workers of 2 for evacuation
[606.131s][info][gc,phases   ] GC(1097)   Pre Evacuate Collection Set: 0.20ms
[606.131s][info][gc,phases   ] GC(1097)   Merge Heap Roots: 0.22ms
[606.131s][info][gc,phases   ] GC(1097)   Evacuate Collection Set: 42.26ms
[606.131s][info][gc,phases   ] GC(1097)   Post Evacuate Collection Set: 0.41ms
[606.131s][info][gc,phases   ] GC(1097)   Other: 0.10ms
[606.131s][info][gc,heap     ] GC(1097) Eden regions: 70->0(55)
[606.131s][info][gc,heap     ] GC(1097) Survivor regions: 13->11(11)
[606.131s][info][gc,heap     ] GC(1097) Old regions: 125->147
[606.131s][info][gc,heap     ] GC(1097) Humongous regions: 3->3
[606.131s][info][gc,metaspace] GC(1097) Metaspace: 43148K(43584K)->43148K(43584K) NonClass: 38806K(39040K)->38806K(39040K) Class: 4341K(4544K)->4341K(4544K)
[606.131s][info][gc          ] GC(1097) Pause Young (Concurrent Start) (G1 Evacuation Pause) 210M->160M(256M) 43.388ms
[606.131s][info][gc,cpu      ] GC(1097) User=0.08s Sys=0.00s Real=0.04s
[606.131s][info][gc          ] GC(1098) Concurrent Mark Cycle
[606.131s][info][gc,marking  ] GC(1098) Concurrent Scan Root Regions
[606.175s][info][gc,marking  ] GC(1098) Concurrent Scan Root Regions 43.800ms
[606.175s][info][gc,marking  ] GC(1098) Concurrent Mark
[606.175s][info][gc,marking  ] GC(1098) Concurrent Mark From Roots
[606.175s][info][gc,task     ] GC(1098) Using 1 workers of 1 for marking
[606.320s][info][gc,marking  ] GC(1098) Concurrent Mark From Roots 144.755ms
[606.320s][info][gc,marking  ] GC(1098) Concurrent Preclean
[606.320s][info][gc,marking  ] GC(1098) Concurrent Preclean 0.051ms
[606.320s][info][gc,start    ] GC(1098) Pause Remark
[606.338s][info][gc          ] GC(1098) Pause Remark 198M->198M(272M) 17.877ms
[606.338s][info][gc,cpu      ] GC(1098) User=0.03s Sys=0.00s Real=0.02s
[606.338s][info][gc,marking  ] GC(1098) Concurrent Mark 163.485ms
[606.338s][info][gc,marking  ] GC(1098) Concurrent Rebuild Remembered Sets and Scrub Regions
[606.424s][info][gc,marking  ] GC(1098) Concurrent Rebuild Remembered Sets and Scrub Regions 85.500ms
[606.424s][info][gc,start    ] GC(1098) Pause Cleanup
[606.424s][info][gc          ] GC(1098) Pause Cleanup 215M->215M(272M) 0.080ms
[606.424s][info][gc,cpu      ] GC(1098) User=0.00s Sys=0.00s Real=0.00s
[606.425s][info][gc,marking  ] GC(1098) Concurrent Clear Claimed Marks
[606.425s][info][gc,marking  ] GC(1098) Concurrent Clear Claimed Marks 0.073ms
[606.425s][info][gc,marking  ] GC(1098) Concurrent Cleanup for Next Mark
[606.427s][info][gc,marking  ] GC(1098) Concurrent Cleanup for Next Mark 1.232ms
[606.427s][info][gc          ] GC(1098) Concurrent Mark Cycle 295.726ms
[606.444s][info][gc,start    ] GC(1099) Pause Young (Prepare Mixed) (G1 Evacuation Pause)
[606.444s][info][gc,task     ] GC(1099) Using 2 workers of 2 for evacuation
[606.502s][info][gc,phases   ] GC(1099)   Pre Evacuate Collection Set: 0.20ms
[606.502s][info][gc,phases   ] GC(1099)   Merge Heap Roots: 0.44ms
[606.502s][info][gc,phases   ] GC(1099)   Evacuate Collection Set: 57.20ms
[606.502s][info][gc,phases   ] GC(1099)   Post Evacuate Collection Set: 0.63ms
[606.502s][info][gc,phases   ] GC(1099)   Other: 0.10ms
[606.502s][info][gc,heap     ] GC(1099) Eden regions: 55->0(59)
[606.502s][info][gc,heap     ] GC(1099) Survivor regions: 11->9(9)
[606.502s][info][gc,heap     ] GC(1099) Old regions: 147->161
[606.502s][info][gc,heap     ] GC(1099) Humongous regions: 5->3
[606.502s][info][gc,metaspace] GC(1099) Metaspace: 43148K(43584K)->43148K(43584K) NonClass: 38806K(39040K)->38806K(39040K) Class: 4341K(4544K)->4341K(4544K)
[606.502s][info][gc          ] GC(1099) Pause Young (Prepare Mixed) (G1 Evacuation Pause) 217M->172M(272M) 58.808ms
[606.502s][info][gc,cpu      ] GC(1099) User=0.06s Sys=0.00s Real=0.06s
[606.829s][info][gc,start    ] GC(1100) Pause Young (Mixed) (G1 Evacuation Pause)
[606.829s][info][gc,task     ] GC(1100) Using 2 workers of 2 for evacuation
[606.850s][info][gc,phases   ] GC(1100)   Pre Evacuate Collection Set: 0.28ms
[606.850s][info][gc,phases   ] GC(1100)   Merge Heap Roots: 0.23ms
[606.850s][info][gc,phases   ] GC(1100)   Evacuate Collection Set: 19.80ms
[606.850s][info][gc,phases   ] GC(1100)   Post Evacuate Collection Set: 0.49ms
[606.850s][info][gc,phases   ] GC(1100)   Other: 0.07ms
[606.850s][info][gc,heap     ] GC(1100) Eden regions: 59->0(80)
[606.850s][info][gc,heap     ] GC(1100) Survivor regions: 9->6(9)
[606.850s][info][gc,heap     ] GC(1100) Old regions: 161->140
[606.850s][info][gc,heap     ] GC(1100) Humongous regions: 3->1
[606.850s][info][gc,metaspace] GC(1100) Metaspace: 43148K(43584K)->43148K(43584K) NonClass: 38806K(39040K)->38806K(39040K) Class: 4341K(4544K)->4341K(4544K)
[606.850s][info][gc          ] GC(1100) Pause Young (Mixed) (G1 Evacuation Pause) 231M->146M(272M) 21.086ms
[606.850s][info][gc,cpu      ] GC(1100) User=0.04s Sys=0.00s Real=0.02s
[607.142s][info][gc,start    ] GC(1101) Pause Young (Mixed) (G1 Evacuation Pause)
[607.142s][info][gc,task     ] GC(1101) Using 2 workers of 2 for evacuation
[607.187s][info][gc,phases   ] GC(1101)   Pre Evacuate Collection Set: 0.23ms
[607.187s][info][gc,phases   ] GC(1101)   Merge Heap Roots: 0.73ms
[607.187s][info][gc,phases   ] GC(1101)   Evacuate Collection Set: 42.09ms
[607.187s][info][gc,phases   ] GC(1101)   Post Evacuate Collection Set: 2.17ms
[607.188s][info][gc,phases   ] GC(1101)   Other: 0.12ms
[607.188s][info][gc,heap     ] GC(1101) Eden regions: 80->0(233)
[607.188s][info][gc,heap     ] GC(1101) Survivor regions: 6->11(11)
[607.188s][info][gc,heap     ] GC(1101) Old regions: 140->131
[607.188s][info][gc,heap     ] GC(1101) Humongous regions: 5->3
[607.188s][info][gc,metaspace] GC(1101) Metaspace: 43148K(43584K)->43148K(43584K) NonClass: 38806K(39040K)->38806K(39040K) Class: 4341K(4544K)->4341K(4544K)
[607.188s][info][gc          ] GC(1101) Pause Young (Mixed) (G1 Evacuation Pause) 230M->144M(504M) 45.541ms
[607.188s][info][gc,cpu      ] GC(1101) User=0.07s Sys=0.00s Real=0.05s
[608.192s][info][gc,start    ] GC(1102) Pause Young (Normal) (G1 Evacuation Pause)
[608.192s][info][gc,task     ] GC(1102) Using 2 workers of 2 for evacuation
[608.224s][info][gc,phases   ] GC(1102)   Pre Evacuate Collection Set: 0.28ms
[608.224s][info][gc,phases   ] GC(1102)   Merge Heap Roots: 0.12ms
[608.224s][info][gc,phases   ] GC(1102)   Evacuate Collection Set: 30.62ms
[608.224s][info][gc,phases   ] GC(1102)   Post Evacuate Collection Set: 0.67ms
[608.224s][info][gc,phases   ] GC(1102)   Other: 0.08ms
[608.224s][info][gc,heap     ] GC(1102) Eden regions: 233->0(230)
[608.224s][info][gc,heap     ] GC(1102) Survivor regions: 11->28(31)
[608.224s][info][gc,heap     ] GC(1102) Old regions: 131->131
[608.224s][info][gc,heap     ] GC(1102) Humongous regions: 12->3
[608.224s][info][gc,metaspace] GC(1102) Metaspace: 43148K(43584K)->43148K(43584K) NonClass: 38806K(39040K)->38806K(39040K) Class: 4341K(4544K)->4341K(4544K)
[608.224s][info][gc          ] GC(1102) Pause Young (Normal) (G1 Evacuation Pause) 386M->160M(504M) 32.008ms
[608.224s][info][gc,cpu      ] GC(1102) User=0.06s Sys=0.01s Real=0.04s
[609.045s][info][gc,start    ] GC(1103) Pause Young (Normal) (G1 Evacuation Pause)
[609.045s][info][gc,task     ] GC(1103) Using 2 workers of 2 for evacuation
[609.064s][info][gc,phases   ] GC(1103)   Pre Evacuate Collection Set: 0.24ms
[609.064s][info][gc,phases   ] GC(1103)   Merge Heap Roots: 0.09ms
[609.064s][info][gc,phases   ] GC(1103)   Evacuate Collection Set: 18.07ms
[609.064s][info][gc,phases   ] GC(1103)   Post Evacuate Collection Set: 0.56ms
[609.064s][info][gc,phases   ] GC(1103)   Other: 0.10ms
[609.064s][info][gc,heap     ] GC(1103) Eden regions: 230->0(252)
[609.064s][info][gc,heap     ] GC(1103) Survivor regions: 28->2(33)
[609.065s][info][gc,heap     ] GC(1103) Old regions: 131->149
[609.065s][info][gc,heap     ] GC(1103) Humongous regions: 5->3
[609.065s][info][gc,metaspace] GC(1103) Metaspace: 43148K(43584K)->43148K(43584K) NonClass: 38807K(39040K)->38807K(39040K) Class: 4341K(4544K)->4341K(4544K)
[609.065s][info][gc          ] GC(1103) Pause Young (Normal) (G1 Evacuation Pause) 392M->152M(504M) 19.285ms
[609.065s][info][gc,cpu      ] GC(1103) User=0.04s Sys=0.00s Real=0.02s
[609.985s][info][gc,start    ] GC(1104) Pause Young (Concurrent Start) (G1 Evacuation Pause)
[609.985s][info][gc,task     ] GC(1104) Using 2 workers of 2 for evacuation
[609.994s][info][gc,phases   ] GC(1104)   Pre Evacuate Collection Set: 0.30ms
[609.994s][info][gc,phases   ] GC(1104)   Merge Heap Roots: 0.07ms
[609.994s][info][gc,phases   ] GC(1104)   Evacuate Collection Set: 8.28ms
[609.994s][info][gc,phases   ] GC(1104)   Post Evacuate Collection Set: 0.51ms
[609.994s][info][gc,phases   ] GC(1104)   Other: 0.11ms
[609.994s][info][gc,heap     ] GC(1104) Eden regions: 252->0(255)
[609.994s][info][gc,heap     ] GC(1104) Survivor regions: 2->12(32)
[609.994s][info][gc,heap     ] GC(1104) Old regions: 149->149
[609.994s][info][gc,heap     ] GC(1104) Humongous regions: 4->3
[609.994s][info][gc,metaspace] GC(1104) Metaspace: 43148K(43584K)->43148K(43584K) NonClass: 38807K(39040K)->38807K(39040K) Class: 4341K(4544K)->4341K(4544K)
[609.994s][info][gc          ] GC(1104) Pause Young (Concurrent Start) (G1 Evacuation Pause) 405M->162M(504M) 9.450ms
[609.994s][info][gc          ] GC(1105) Concurrent Mark Cycle
[609.994s][info][gc,marking  ] GC(1105) Concurrent Scan Root Regions
[609.995s][info][gc,cpu      ] GC(1104) User=0.01s Sys=0.00s Real=0.01s
[610.001s][info][gc,marking  ] GC(1105) Concurrent Scan Root Regions 6.326ms
[610.001s][info][gc,marking  ] GC(1105) Concurrent Mark
[610.001s][info][gc,marking  ] GC(1105) Concurrent Mark From Roots
[610.001s][info][gc,task     ] GC(1105) Using 1 workers of 1 for marking
[610.075s][info][gc,marking  ] GC(1105) Concurrent Mark From Roots 73.860ms
[610.075s][info][gc,marking  ] GC(1105) Concurrent Preclean
[610.075s][info][gc,marking  ] GC(1105) Concurrent Preclean 0.050ms
[610.075s][info][gc,start    ] GC(1105) Pause Remark
[610.092s][info][gc          ] GC(1105) Pause Remark 182M->140M(407M) 17.467ms
[610.092s][info][gc,cpu      ] GC(1105) User=0.04s Sys=0.00s Real=0.02s
[610.093s][info][gc,marking  ] GC(1105) Concurrent Mark 91.703ms
[610.093s][info][gc,marking  ] GC(1105) Concurrent Rebuild Remembered Sets and Scrub Regions
[610.121s][info][gc,marking  ] GC(1105) Concurrent Rebuild Remembered Sets and Scrub Regions 28.029ms
[610.121s][info][gc,start    ] GC(1105) Pause Cleanup
[610.121s][info][gc          ] GC(1105) Pause Cleanup 149M->149M(407M) 0.068ms
[610.121s][info][gc,cpu      ] GC(1105) User=0.00s Sys=0.00s Real=0.00s
[610.121s][info][gc,marking  ] GC(1105) Concurrent Clear Claimed Marks
[610.121s][info][gc,marking  ] GC(1105) Concurrent Clear Claimed Marks 0.040ms
[610.121s][info][gc,marking  ] GC(1105) Concurrent Cleanup for Next Mark
[610.124s][info][gc,marking  ] GC(1105) Concurrent Cleanup for Next Mark 2.611ms
[610.124s][info][gc          ] GC(1105) Concurrent Mark Cycle 129.139ms
[610.865s][info][gc,start    ] GC(1106) Pause Young (Prepare Mixed) (G1 Evacuation Pause)
[610.865s][info][gc,task     ] GC(1106) Using 2 workers of 2 for evacuation
[610.875s][info][gc,phases   ] GC(1106)   Pre Evacuate Collection Set: 0.30ms
[610.875s][info][gc,phases   ] GC(1106)   Merge Heap Roots: 0.11ms
[610.875s][info][gc,phases   ] GC(1106)   Evacuate Collection Set: 9.77ms
[610.875s][info][gc,phases   ] GC(1106)   Post Evacuate Collection Set: 0.50ms
[610.875s][info][gc,phases   ] GC(1106)   Other: 0.07ms
[610.876s][info][gc,heap     ] GC(1106) Eden regions: 232->0(219)
[610.876s][info][gc,heap     ] GC(1106) Survivor regions: 12->13(31)
[610.876s][info][gc,heap     ] GC(1106) Old regions: 107->107
[610.876s][info][gc,heap     ] GC(1106) Humongous regions: 4->3
[610.876s][info][gc,metaspace] GC(1106) Metaspace: 43148K(43584K)->43148K(43584K) NonClass: 38807K(39040K)->38807K(39040K) Class: 4341K(4544K)->4341K(4544K)
[610.876s][info][gc          ] GC(1106) Pause Young (Prepare Mixed) (G1 Evacuation Pause) 353M->122M(407M) 10.950ms
[610.876s][info][gc,cpu      ] GC(1106) User=0.02s Sys=0.00s Real=0.01s
[611.699s][info][gc,start    ] GC(1107) Pause Young (Mixed) (G1 Evacuation Pause)
[611.699s][info][gc,task     ] GC(1107) Using 2 workers of 2 for evacuation
[611.736s][info][gc,phases   ] GC(1107)   Pre Evacuate Collection Set: 0.25ms
[611.736s][info][gc,phases   ] GC(1107)   Merge Heap Roots: 0.09ms
[611.736s][info][gc,phases   ] GC(1107)   Evacuate Collection Set: 36.36ms
[611.736s][info][gc,phases   ] GC(1107)   Post Evacuate Collection Set: 0.57ms
[611.736s][info][gc,phases   ] GC(1107)   Other: 0.08ms
[611.736s][info][gc,heap     ] GC(1107) Eden regions: 219->0(183)
[611.736s][info][gc,heap     ] GC(1107) Survivor regions: 13->29(29)
[611.736s][info][gc,heap     ] GC(1107) Old regions: 107->97
[611.736s][info][gc,heap     ] GC(1107) Humongous regions: 5->4
[611.736s][info][gc,metaspace] GC(1107) Metaspace: 43148K(43584K)->43148K(43584K) NonClass: 38807K(39040K)->38807K(39040K) Class: 4341K(4544K)->4341K(4544K)
[611.736s][info][gc          ] GC(1107) Pause Young (Mixed) (G1 Evacuation Pause) 343M->128M(407M) 37.598ms
[611.736s][info][gc,cpu      ] GC(1107) User=0.07s Sys=0.00s Real=0.04s
[612.171s][info][gc,start    ] GC(1108) Pause Young (Concurrent Start) (G1 Humongous Allocation)
[612.171s][info][gc,task     ] GC(1108) Using 2 workers of 2 for evacuation
[612.242s][info][gc,phases   ] GC(1108)   Pre Evacuate Collection Set: 0.24ms
[612.242s][info][gc,phases   ] GC(1108)   Merge Heap Roots: 0.24ms
[612.242s][info][gc,phases   ] GC(1108)   Evacuate Collection Set: 69.53ms
[612.242s][info][gc,phases   ] GC(1108)   Post Evacuate Collection Set: 0.51ms
[612.242s][info][gc,phases   ] GC(1108)   Other: 0.09ms
[612.242s][info][gc,heap     ] GC(1108) Eden regions: 117->0(94)
[612.242s][info][gc,heap     ] GC(1108) Survivor regions: 29->27(27)
[612.242s][info][gc,heap     ] GC(1108) Old regions: 97->171
[612.242s][info][gc,heap     ] GC(1108) Humongous regions: 4->4
[612.242s][info][gc,metaspace] GC(1108) Metaspace: 43148K(43584K)->43148K(43584K) NonClass: 38807K(39040K)->38807K(39040K) Class: 4341K(4544K)->4341K(4544K)
[612.242s][info][gc          ] GC(1108) Pause Young (Concurrent Start) (G1 Humongous Allocation) 245M->201M(407M) 70.847ms
[612.242s][info][gc          ] GC(1109) Concurrent Mark Cycle
[612.242s][info][gc,marking  ] GC(1109) Concurrent Scan Root Regions
[612.242s][info][gc,cpu      ] GC(1108) User=0.14s Sys=0.00s Real=0.08s
[612.303s][info][gc,marking  ] GC(1109) Concurrent Scan Root Regions 60.256ms
[612.303s][info][gc,marking  ] GC(1109) Concurrent Mark
[612.303s][info][gc,marking  ] GC(1109) Concurrent Mark From Roots
[612.303s][info][gc,task     ] GC(1109) Using 1 workers of 1 for marking
[612.398s][info][gc,marking  ] GC(1109) Concurrent Mark From Roots 95.482ms
[612.398s][info][gc,marking  ] GC(1109) Concurrent Preclean
[612.398s][info][gc,marking  ] GC(1109) Concurrent Preclean 0.048ms
[612.398s][info][gc,start    ] GC(1109) Pause Remark
[612.415s][info][gc          ] GC(1109) Pause Remark 231M->231M(407M) 16.643ms
[612.415s][info][gc,cpu      ] GC(1109) User=0.03s Sys=0.00s Real=0.02s
[612.415s][info][gc,marking  ] GC(1109) Concurrent Mark 112.503ms
[612.415s][info][gc,marking  ] GC(1109) Concurrent Rebuild Remembered Sets and Scrub Regions
[612.502s][info][gc,marking  ] GC(1109) Concurrent Rebuild Remembered Sets and Scrub Regions 86.436ms
[612.502s][info][gc,start    ] GC(1109) Pause Cleanup
[612.502s][info][gc          ] GC(1109) Pause Cleanup 250M->250M(407M) 0.055ms
[612.502s][info][gc,cpu      ] GC(1109) User=0.00s Sys=0.00s Real=0.00s
[612.502s][info][gc,marking  ] GC(1109) Concurrent Clear Claimed Marks
[612.502s][info][gc,marking  ] GC(1109) Concurrent Clear Claimed Marks 0.038ms
[612.502s][info][gc,marking  ] GC(1109) Concurrent Cleanup for Next Mark
[612.503s][info][gc,marking  ] GC(1109) Concurrent Cleanup for Next Mark 1.182ms
[612.503s][info][gc          ] GC(1109) Concurrent Mark Cycle 260.843ms
[612.653s][info][gc,start    ] GC(1110) Pause Young (Prepare Mixed) (G1 Evacuation Pause)
[612.653s][info][gc,task     ] GC(1110) Using 2 workers of 2 for evacuation
[612.709s][info][gc,phases   ] GC(1110)   Pre Evacuate Collection Set: 0.22ms
[612.709s][info][gc,phases   ] GC(1110)   Merge Heap Roots: 0.50ms
[612.709s][info][gc,phases   ] GC(1110)   Evacuate Collection Set: 54.20ms
[612.709s][info][gc,phases   ] GC(1110)   Post Evacuate Collection Set: 0.47ms
[612.709s][info][gc,phases   ] GC(1110)   Other: 0.07ms
[612.709s][info][gc,heap     ] GC(1110) Eden regions: 94->0(73)
[612.709s][info][gc,heap     ] GC(1110) Survivor regions: 27->16(16)
[612.709s][info][gc,heap     ] GC(1110) Old regions: 171->223
[612.709s][info][gc,heap     ] GC(1110) Humongous regions: 5->5
[612.709s][info][gc,metaspace] GC(1110) Metaspace: 43148K(43584K)->43148K(43584K) NonClass: 38807K(39040K)->38807K(39040K) Class: 4341K(4544K)->4341K(4544K)
[612.709s][info][gc          ] GC(1110) Pause Young (Prepare Mixed) (G1 Evacuation Pause) 296M->243M(407M) 55.683ms
[612.709s][info][gc,cpu      ] GC(1110) User=0.10s Sys=0.00s Real=0.05s
[612.976s][info][gc,start    ] GC(1111) Pause Young (Mixed) (G1 Evacuation Pause)
[612.976s][info][gc,task     ] GC(1111) Using 2 workers of 2 for evacuation
[613.026s][info][gc,phases   ] GC(1111)   Pre Evacuate Collection Set: 0.25ms
[613.026s][info][gc,phases   ] GC(1111)   Merge Heap Roots: 0.42ms
[613.026s][info][gc,phases   ] GC(1111)   Evacuate Collection Set: 48.58ms
[613.026s][info][gc,phases   ] GC(1111)   Post Evacuate Collection Set: 0.43ms
[613.026s][info][gc,phases   ] GC(1111)   Other: 0.07ms
[613.026s][info][gc,heap     ] GC(1111) Eden regions: 73->0(68)
[613.026s][info][gc,heap     ] GC(1111) Survivor regions: 16->12(12)
[613.026s][info][gc,heap     ] GC(1111) Old regions: 223->239
[613.026s][info][gc,heap     ] GC(1111) Humongous regions: 6->6
[613.026s][info][gc,metaspace] GC(1111) Metaspace: 43148K(43584K)->43148K(43584K) NonClass: 38807K(39040K)->38807K(39040K) Class: 4341K(4544K)->4341K(4544K)
[613.026s][info][gc          ] GC(1111) Pause Young (Mixed) (G1 Evacuation Pause) 317M->257M(407M) 49.968ms
[613.026s][info][gc,cpu      ] GC(1111) User=0.10s Sys=0.00s Real=0.05s
[613.266s][info][gc,start    ] GC(1112) Pause Young (Concurrent Start) (G1 Evacuation Pause)
[613.266s][info][gc,task     ] GC(1112) Using 2 workers of 2 for evacuation
[613.281s][info][gc,phases   ] GC(1112)   Pre Evacuate Collection Set: 0.26ms
[613.281s][info][gc,phases   ] GC(1112)   Merge Heap Roots: 0.14ms
[613.281s][info][gc,phases   ] GC(1112)   Evacuate Collection Set: 14.30ms
[613.281s][info][gc,phases   ] GC(1112)   Post Evacuate Collection Set: 0.36ms
[613.281s][info][gc,phases   ] GC(1112)   Other: 0.10ms
[613.281s][info][gc,heap     ] GC(1112) Eden regions: 68->0(72)
[613.281s][info][gc,heap     ] GC(1112) Survivor regions: 12->7(10)
[613.281s][info][gc,heap     ] GC(1112) Old regions: 239->250
[613.281s][info][gc,heap     ] GC(1112) Humongous regions: 6->6
[613.281s][info][gc,metaspace] GC(1112) Metaspace: 43148K(43584K)->43148K(43584K) NonClass: 38807K(39040K)->38807K(39040K) Class: 4341K(4544K)->4341K(4544K)
[613.281s][info][gc          ] GC(1112) Pause Young (Concurrent Start) (G1 Evacuation Pause) 325M->262M(407M) 15.395ms
[613.281s][info][gc,cpu      ] GC(1112) User=0.03s Sys=0.00s Real=0.01s
[613.281s][info][gc          ] GC(1113) Concurrent Mark Cycle
[613.281s][info][gc,marking  ] GC(1113) Concurrent Scan Root Regions
[613.291s][info][gc,marking  ] GC(1113) Concurrent Scan Root Regions 9.325ms
[613.291s][info][gc,marking  ] GC(1113) Concurrent Mark
[613.291s][info][gc,marking  ] GC(1113) Concurrent Mark From Roots
[613.291s][info][gc,task     ] GC(1113) Using 1 workers of 1 for marking
[613.376s][info][gc,marking  ] GC(1113) Concurrent Mark From Roots 85.706ms
[613.376s][info][gc,marking  ] GC(1113) Concurrent Preclean
[613.376s][info][gc,marking  ] GC(1113) Concurrent Preclean 0.041ms
[613.377s][info][gc,start    ] GC(1113) Pause Remark
[613.394s][info][gc          ] GC(1113) Pause Remark 285M->209M(407M) 17.280ms
[613.394s][info][gc,cpu      ] GC(1113) User=0.04s Sys=0.00s Real=0.02s
[613.394s][info][gc,marking  ] GC(1113) Concurrent Mark 103.330ms
[613.394s][info][gc,marking  ] GC(1113) Concurrent Rebuild Remembered Sets and Scrub Regions
[613.436s][info][gc,marking  ] GC(1113) Concurrent Rebuild Remembered Sets and Scrub Regions 42.107ms
[613.436s][info][gc,start    ] GC(1113) Pause Cleanup
[613.436s][info][gc          ] GC(1113) Pause Cleanup 219M->219M(407M) 0.103ms
[613.436s][info][gc,cpu      ] GC(1113) User=0.00s Sys=0.00s Real=0.00s
[613.436s][info][gc,marking  ] GC(1113) Concurrent Clear Claimed Marks
[613.436s][info][gc,marking  ] GC(1113) Concurrent Clear Claimed Marks 0.041ms
[613.436s][info][gc,marking  ] GC(1113) Concurrent Cleanup for Next Mark
[613.438s][info][gc,marking  ] GC(1113) Concurrent Cleanup for Next Mark 1.218ms
[613.438s][info][gc          ] GC(1113) Concurrent Mark Cycle 156.464ms
[613.567s][info][gc,start    ] GC(1114) Pause Young (Prepare Mixed) (G1 Evacuation Pause)
[613.567s][info][gc,task     ] GC(1114) Using 2 workers of 2 for evacuation
[613.573s][info][gc,phases   ] GC(1114)   Pre Evacuate Collection Set: 0.24ms
[613.573s][info][gc,phases   ] GC(1114)   Merge Heap Roots: 0.07ms
[613.573s][info][gc,phases   ] GC(1114)   Evacuate Collection Set: 4.78ms
[613.573s][info][gc,phases   ] GC(1114)   Post Evacuate Collection Set: 0.37ms
[613.573s][info][gc,phases   ] GC(1114)   Other: 0.10ms
[613.573s][info][gc,heap     ] GC(1114) Eden regions: 72->0(125)
[613.573s][info][gc,heap     ] GC(1114) Survivor regions: 7->5(10)
[613.573s][info][gc,heap     ] GC(1114) Old regions: 176->177
[613.573s][info][gc,heap     ] GC(1114) Humongous regions: 4->4
[613.573s][info][gc,metaspace] GC(1114) Metaspace: 43150K(43584K)->43150K(43584K) NonClass: 38808K(39040K)->38808K(39040K) Class: 4341K(4544K)->4341K(4544K)
[613.573s][info][gc          ] GC(1114) Pause Young (Prepare Mixed) (G1 Evacuation Pause) 258M->185M(407M) 5.751ms
[613.573s][info][gc,cpu      ] GC(1114) User=0.01s Sys=0.00s Real=0.01s
[614.041s][info][gc,start    ] GC(1115) Pause Young (Mixed) (G1 Evacuation Pause)
[614.041s][info][gc,task     ] GC(1115) Using 2 workers of 2 for evacuation
[614.047s][info][gc,phases   ] GC(1115)   Pre Evacuate Collection Set: 0.24ms
[614.047s][info][gc,phases   ] GC(1115)   Merge Heap Roots: 0.09ms
[614.047s][info][gc,phases   ] GC(1115)   Evacuate Collection Set: 5.12ms
[614.047s][info][gc,phases   ] GC(1115)   Post Evacuate Collection Set: 0.83ms
[614.047s][info][gc,phases   ] GC(1115)   Other: 0.12ms
[614.047s][info][gc,heap     ] GC(1115) Eden regions: 125->0(190)
[614.047s][info][gc,heap     ] GC(1115) Survivor regions: 5->7(17)
[614.047s][info][gc,heap     ] GC(1115) Old regions: 177->137
[614.047s][info][gc,heap     ] GC(1115) Humongous regions: 5->4
[614.047s][info][gc,metaspace] GC(1115) Metaspace: 43150K(43584K)->43150K(43584K) NonClass: 38808K(39040K)->38808K(39040K) Class: 4341K(4544K)->4341K(4544K)
[614.047s][info][gc          ] GC(1115) Pause Young (Mixed) (G1 Evacuation Pause) 311M->146M(460M) 6.650ms
[614.047s][info][gc,cpu      ] GC(1115) User=0.01s Sys=0.00s Real=0.01s
[614.819s][info][gc,start    ] GC(1116) Pause Young (Mixed) (G1 Evacuation Pause)
[614.819s][info][gc,task     ] GC(1116) Using 2 workers of 2 for evacuation
[614.831s][info][gc,phases   ] GC(1116)   Pre Evacuate Collection Set: 0.40ms
[614.831s][info][gc,phases   ] GC(1116)   Merge Heap Roots: 0.32ms
[614.831s][info][gc,phases   ] GC(1116)   Evacuate Collection Set: 11.40ms
[614.831s][info][gc,phases   ] GC(1116)   Post Evacuate Collection Set: 0.53ms
[614.831s][info][gc,phases   ] GC(1116)   Other: 0.10ms
[614.831s][info][gc,heap     ] GC(1116) Eden regions: 190->0(230)
[614.831s][info][gc,heap     ] GC(1116) Survivor regions: 7->8(25)
[614.831s][info][gc,heap     ] GC(1116) Old regions: 137->92
[614.831s][info][gc,heap     ] GC(1116) Humongous regions: 5->4
[614.831s][info][gc,metaspace] GC(1116) Metaspace: 43150K(43584K)->43150K(43584K) NonClass: 38808K(39040K)->38808K(39040K) Class: 4341K(4544K)->4341K(4544K)
[614.832s][info][gc          ] GC(1116) Pause Young (Mixed) (G1 Evacuation Pause) 337M->103M(460M) 12.926ms
[614.832s][info][gc,cpu      ] GC(1116) User=0.02s Sys=0.00s Real=0.01s
[615.616s][info][gc,start    ] GC(1117) Pause Young (Mixed) (G1 Evacuation Pause)
[615.616s][info][gc,task     ] GC(1117) Using 2 workers of 2 for evacuation
[615.628s][info][gc,phases   ] GC(1117)   Pre Evacuate Collection Set: 0.25ms
[615.628s][info][gc,phases   ] GC(1117)   Merge Heap Roots: 0.22ms
[615.628s][info][gc,phases   ] GC(1117)   Evacuate Collection Set: 10.66ms
[615.628s][info][gc,phases   ] GC(1117)   Post Evacuate Collection Set: 0.49ms
[615.628s][info][gc,phases   ] GC(1117)   Other: 0.08ms
[615.628s][info][gc,heap     ] GC(1117) Eden regions: 230->0(245)
[615.628s][info][gc,heap     ] GC(1117) Survivor regions: 8->10(30)
[615.628s][info][gc,heap     ] GC(1117) Old regions: 92->88
[615.628s][info][gc,heap     ] GC(1117) Humongous regions: 7->4
[615.628s][info][gc,metaspace] GC(1117) Metaspace: 43150K(43584K)->43150K(43584K) NonClass: 38808K(39040K)->38808K(39040K) Class: 4341K(4544K)->4341K(4544K)
[615.628s][info][gc          ] GC(1117) Pause Young (Mixed) (G1 Evacuation Pause) 336M->101M(460M) 11.902ms
[615.628s][info][gc,cpu      ] GC(1117) User=0.02s Sys=0.00s Real=0.01s
[616.471s][info][gc,start    ] GC(1118) Pause Young (Normal) (G1 Evacuation Pause)
[616.471s][info][gc,task     ] GC(1118) Using 2 workers of 2 for evacuation
[616.478s][info][gc,phases   ] GC(1118)   Pre Evacuate Collection Set: 0.23ms
[616.478s][info][gc,phases   ] GC(1118)   Merge Heap Roots: 0.08ms
[616.478s][info][gc,phases   ] GC(1118)   Evacuate Collection Set: 6.54ms
[616.478s][info][gc,phases   ] GC(1118)   Post Evacuate Collection Set: 0.69ms
[616.478s][info][gc,phases   ] GC(1118)   Other: 0.09ms
[616.478s][info][gc,heap     ] GC(1118) Eden regions: 245->0(260)
[616.479s][info][gc,heap     ] GC(1118) Survivor regions: 10->8(32)
[616.479s][info][gc,heap     ] GC(1118) Old regions: 88->88
[616.479s][info][gc,heap     ] GC(1118) Humongous regions: 7->4
[616.479s][info][gc,metaspace] GC(1118) Metaspace: 43150K(43584K)->43150K(43584K) NonClass: 38808K(39040K)->38808K(39040K) Class: 4341K(4544K)->4341K(4544K)
[616.479s][info][gc          ] GC(1118) Pause Young (Normal) (G1 Evacuation Pause) 349M->99M(460M) 7.836ms
[616.479s][info][gc,cpu      ] GC(1118) User=0.01s Sys=0.00s Real=0.01s
[616.696s][info][gc,start    ] GC(1119) Pause Young (Concurrent Start) (G1 Humongous Allocation)
[616.696s][info][gc,task     ] GC(1119) Using 2 workers of 2 for evacuation
[616.710s][info][gc,phases   ] GC(1119)   Pre Evacuate Collection Set: 0.25ms
[616.710s][info][gc,phases   ] GC(1119)   Merge Heap Roots: 0.08ms
[616.711s][info][gc,phases   ] GC(1119)   Evacuate Collection Set: 13.77ms
[616.711s][info][gc,phases   ] GC(1119)   Post Evacuate Collection Set: 0.39ms
[616.711s][info][gc,phases   ] GC(1119)   Other: 0.09ms
[616.711s][info][gc,heap     ] GC(1119) Eden regions: 64->0(255)
[616.711s][info][gc,heap     ] GC(1119) Survivor regions: 8->21(34)
[616.711s][info][gc,heap     ] GC(1119) Old regions: 88->88
[616.711s][info][gc,heap     ] GC(1119) Humongous regions: 4->2
[616.711s][info][gc,metaspace] GC(1119) Metaspace: 43150K(43584K)->43150K(43584K) NonClass: 38808K(39040K)->38808K(39040K) Class: 4341K(4544K)->4341K(4544K)
[616.711s][info][gc          ] GC(1119) Pause Young (Concurrent Start) (G1 Humongous Allocation) 162M->110M(460M) 14.784ms
[616.711s][info][gc,cpu      ] GC(1119) User=0.03s Sys=0.00s Real=0.01s
[616.711s][info][gc          ] GC(1120) Concurrent Mark Cycle
[616.711s][info][gc,marking  ] GC(1120) Concurrent Scan Root Regions
[616.721s][info][gc,marking  ] GC(1120) Concurrent Scan Root Regions 10.241ms
[616.721s][info][gc,marking  ] GC(1120) Concurrent Mark
[616.721s][info][gc,marking  ] GC(1120) Concurrent Mark From Roots
[616.721s][info][gc,task     ] GC(1120) Using 1 workers of 1 for marking
[616.792s][info][gc,marking  ] GC(1120) Concurrent Mark From Roots 70.898ms
[616.792s][info][gc,marking  ] GC(1120) Concurrent Preclean
[616.792s][info][gc,marking  ] GC(1120) Concurrent Preclean 0.042ms
[616.792s][info][gc,start    ] GC(1120) Pause Remark
[616.809s][info][gc          ] GC(1120) Pause Remark 136M->114M(304M) 16.834ms
[616.809s][info][gc,cpu      ] GC(1120) User=0.04s Sys=0.00s Real=0.02s
[616.809s][info][gc,marking  ] GC(1120) Concurrent Mark 88.071ms
[616.809s][info][gc,marking  ] GC(1120) Concurrent Rebuild Remembered Sets and Scrub Regions
[616.837s][info][gc,marking  ] GC(1120) Concurrent Rebuild Remembered Sets and Scrub Regions 27.800ms
[616.837s][info][gc,start    ] GC(1120) Pause Cleanup
[616.837s][info][gc          ] GC(1120) Pause Cleanup 123M->123M(304M) 0.052ms
[616.837s][info][gc,cpu      ] GC(1120) User=0.00s Sys=0.00s Real=0.00s
[616.837s][info][gc,marking  ] GC(1120) Concurrent Clear Claimed Marks
[616.837s][info][gc,marking  ] GC(1120) Concurrent Clear Claimed Marks 0.071ms
[616.837s][info][gc,marking  ] GC(1120) Concurrent Cleanup for Next Mark
[616.838s][info][gc,marking  ] GC(1120) Concurrent Cleanup for Next Mark 1.042ms
[616.838s][info][gc          ] GC(1120) Concurrent Mark Cycle 127.588ms
[617.232s][info][gc,start    ] GC(1121) Pause Young (Prepare Mixed) (G1 Evacuation Pause)
[617.232s][info][gc,task     ] GC(1121) Using 2 workers of 2 for evacuation
[617.246s][info][gc,phases   ] GC(1121)   Pre Evacuate Collection Set: 0.23ms
[617.246s][info][gc,phases   ] GC(1121)   Merge Heap Roots: 0.08ms
[617.246s][info][gc,phases   ] GC(1121)   Evacuate Collection Set: 12.54ms
[617.246s][info][gc,phases   ] GC(1121)   Post Evacuate Collection Set: 0.50ms
[617.246s][info][gc,phases   ] GC(1121)   Other: 0.08ms
[617.246s][info][gc,heap     ] GC(1121) Eden regions: 161->0(162)
[617.246s][info][gc,heap     ] GC(1121) Survivor regions: 21->2(23)
[617.246s][info][gc,heap     ] GC(1121) Old regions: 67->87
[617.246s][info][gc,heap     ] GC(1121) Humongous regions: 3->3
[617.246s][info][gc,metaspace] GC(1121) Metaspace: 43150K(43584K)->43150K(43584K) NonClass: 38808K(39040K)->38808K(39040K) Class: 4341K(4544K)->4341K(4544K)
[617.246s][info][gc          ] GC(1121) Pause Young (Prepare Mixed) (G1 Evacuation Pause) 251M->90M(304M) 13.636ms
[617.246s][info][gc,cpu      ] GC(1121) User=0.02s Sys=0.00s Real=0.02s
[617.783s][info][gc,start    ] GC(1122) Pause Young (Mixed) (G1 Evacuation Pause)
[617.783s][info][gc,task     ] GC(1122) Using 2 workers of 2 for evacuation
[617.786s][info][gc,phases   ] GC(1122)   Pre Evacuate Collection Set: 0.19ms
[617.786s][info][gc,phases   ] GC(1122)   Merge Heap Roots: 0.07ms
[617.786s][info][gc,phases   ] GC(1122)   Evacuate Collection Set: 2.23ms
[617.786s][info][gc,phases   ] GC(1122)   Post Evacuate Collection Set: 0.48ms
[617.786s][info][gc,phases   ] GC(1122)   Other: 0.08ms
[617.787s][info][gc,heap     ] GC(1122) Eden regions: 162->0(173)
[617.787s][info][gc,heap     ] GC(1122) Survivor regions: 2->2(21)
[617.787s][info][gc,heap     ] GC(1122) Old regions: 87->81
[617.787s][info][gc,heap     ] GC(1122) Humongous regions: 4->3
[617.787s][info][gc,metaspace] GC(1122) Metaspace: 43150K(43584K)->43150K(43584K) NonClass: 38808K(39040K)->38808K(39040K) Class: 4341K(4544K)->4341K(4544K)
[617.787s][info][gc          ] GC(1122) Pause Young (Mixed) (G1 Evacuation Pause) 253M->85M(304M) 3.268ms
[617.787s][info][gc,cpu      ] GC(1122) User=0.00s Sys=0.00s Real=0.00s
[618.322s][info][gc,start    ] GC(1123) Pause Young (Concurrent Start) (G1 Evacuation Pause)
[618.322s][info][gc,task     ] GC(1123) Using 2 workers of 2 for evacuation
[618.327s][info][gc,phases   ] GC(1123)   Pre Evacuate Collection Set: 0.19ms
[618.327s][info][gc,phases   ] GC(1123)   Merge Heap Roots: 0.07ms
[618.327s][info][gc,phases   ] GC(1123)   Evacuate Collection Set: 4.05ms
[618.327s][info][gc,phases   ] GC(1123)   Post Evacuate Collection Set: 0.48ms
[618.327s][info][gc,phases   ] GC(1123)   Other: 0.10ms
[618.327s][info][gc,heap     ] GC(1123) Eden regions: 173->0(177)
[618.327s][info][gc,heap     ] GC(1123) Survivor regions: 2->5(22)
[618.327s][info][gc,heap     ] GC(1123) Old regions: 81->81
[618.327s][info][gc,heap     ] GC(1123) Humongous regions: 3->1
[618.327s][info][gc,metaspace] GC(1123) Metaspace: 43150K(43584K)->43150K(43584K) NonClass: 38808K(39040K)->38808K(39040K) Class: 4341K(4544K)->4341K(4544K)
[618.327s][info][gc          ] GC(1123) Pause Young (Concurrent Start) (G1 Evacuation Pause) 258M->86M(304M) 5.108ms
[618.327s][info][gc,cpu      ] GC(1123) User=0.01s Sys=0.00s Real=0.00s
[618.328s][info][gc          ] GC(1124) Concurrent Mark Cycle
[618.328s][info][gc,marking  ] GC(1124) Concurrent Scan Root Regions
[618.330s][info][gc,marking  ] GC(1124) Concurrent Scan Root Regions 2.659ms
[618.330s][info][gc,marking  ] GC(1124) Concurrent Mark
[618.330s][info][gc,marking  ] GC(1124) Concurrent Mark From Roots
[618.330s][info][gc,task     ] GC(1124) Using 1 workers of 1 for marking
[618.405s][info][gc,marking  ] GC(1124) Concurrent Mark From Roots 74.270ms
[618.405s][info][gc,marking  ] GC(1124) Concurrent Preclean
[618.405s][info][gc,marking  ] GC(1124) Concurrent Preclean 0.042ms
[618.405s][info][gc,start    ] GC(1124) Pause Remark
[618.422s][info][gc          ] GC(1124) Pause Remark 127M->117M(257M) 17.744ms
[618.423s][info][gc,cpu      ] GC(1124) User=0.03s Sys=0.00s Real=0.02s
[618.424s][info][gc,marking  ] GC(1124) Concurrent Mark 94.002ms
[618.424s][info][gc,marking  ] GC(1124) Concurrent Rebuild Remembered Sets and Scrub Regions
[618.456s][info][gc,marking  ] GC(1124) Concurrent Rebuild Remembered Sets and Scrub Regions 31.839ms
[618.456s][info][gc,start    ] GC(1124) Pause Cleanup
[618.456s][info][gc          ] GC(1124) Pause Cleanup 134M->134M(257M) 0.061ms
[618.456s][info][gc,cpu      ] GC(1124) User=0.00s Sys=0.00s Real=0.00s
[618.456s][info][gc,marking  ] GC(1124) Concurrent Clear Claimed Marks
[618.456s][info][gc,marking  ] GC(1124) Concurrent Clear Claimed Marks 0.043ms
[618.456s][info][gc,marking  ] GC(1124) Concurrent Cleanup for Next Mark
[618.457s][info][gc,marking  ] GC(1124) Concurrent Cleanup for Next Mark 0.754ms
[618.457s][info][gc          ] GC(1124) Concurrent Mark Cycle 129.662ms
[618.623s][info][gc,start    ] GC(1125) Pause Young (Prepare Mixed) (G1 Evacuation Pause)
[618.623s][info][gc,task     ] GC(1125) Using 2 workers of 2 for evacuation
[618.627s][info][gc,phases   ] GC(1125)   Pre Evacuate Collection Set: 0.19ms
[618.627s][info][gc,phases   ] GC(1125)   Merge Heap Roots: 0.07ms
[618.627s][info][gc,phases   ] GC(1125)   Evacuate Collection Set: 3.20ms
[618.627s][info][gc,phases   ] GC(1125)   Post Evacuate Collection Set: 0.41ms
[618.627s][info][gc,phases   ] GC(1125)   Other: 0.07ms
[618.627s][info][gc,heap     ] GC(1125) Eden regions: 149->0(150)
[618.627s][info][gc,heap     ] GC(1125) Survivor regions: 5->4(20)
[618.627s][info][gc,heap     ] GC(1125) Old regions: 71->71
[618.627s][info][gc,heap     ] GC(1125) Humongous regions: 1->1
[618.627s][info][gc,metaspace] GC(1125) Metaspace: 43150K(43584K)->43150K(43584K) NonClass: 38808K(39040K)->38808K(39040K) Class: 4341K(4544K)->4341K(4544K)
[618.627s][info][gc          ] GC(1125) Pause Young (Prepare Mixed) (G1 Evacuation Pause) 225M->75M(257M) 4.193ms
[618.627s][info][gc,cpu      ] GC(1125) User=0.00s Sys=0.00s Real=0.00s
[618.908s][info][gc,start    ] GC(1126) Pause Young (Mixed) (G1 Evacuation Pause)
[618.908s][info][gc,task     ] GC(1126) Using 2 workers of 2 for evacuation
[618.919s][info][gc,phases   ] GC(1126)   Pre Evacuate Collection Set: 0.18ms
[618.919s][info][gc,phases   ] GC(1126)   Merge Heap Roots: 0.15ms
[618.919s][info][gc,phases   ] GC(1126)   Evacuate Collection Set: 10.38ms
[618.919s][info][gc,phases   ] GC(1126)   Post Evacuate Collection Set: 0.47ms
[618.919s][info][gc,phases   ] GC(1126)   Other: 0.13ms
[618.919s][info][gc,heap     ] GC(1126) Eden regions: 150->0(149)
[618.919s][info][gc,heap     ] GC(1126) Survivor regions: 4->5(20)
[618.919s][info][gc,heap     ] GC(1126) Old regions: 71->56
[618.919s][info][gc,heap     ] GC(1126) Humongous regions: 1->1
[618.919s][info][gc,metaspace] GC(1126) Metaspace: 43150K(43584K)->43150K(43584K) NonClass: 38808K(39040K)->38808K(39040K) Class: 4341K(4544K)->4341K(4544K)
[618.919s][info][gc          ] GC(1126) Pause Young (Mixed) (G1 Evacuation Pause) 225M->61M(257M) 11.519ms
[618.919s][info][gc,cpu      ] GC(1126) User=0.02s Sys=0.01s Real=0.01s
[619.061s][info][gc,start    ] GC(1127) Pause Young (Concurrent Start) (G1 Humongous Allocation)
[619.061s][info][gc,task     ] GC(1127) Using 2 workers of 2 for evacuation
[619.065s][info][gc,phases   ] GC(1127)   Pre Evacuate Collection Set: 0.20ms
[619.065s][info][gc,phases   ] GC(1127)   Merge Heap Roots: 0.06ms
[619.065s][info][gc,phases   ] GC(1127)   Evacuate Collection Set: 3.55ms
[619.065s][info][gc,phases   ] GC(1127)   Post Evacuate Collection Set: 0.38ms
[619.065s][info][gc,phases   ] GC(1127)   Other: 0.09ms
[619.065s][info][gc,heap     ] GC(1127) Eden regions: 74->0(151)
[619.065s][info][gc,heap     ] GC(1127) Survivor regions: 5->3(20)
[619.065s][info][gc,heap     ] GC(1127) Old regions: 56->56
[619.065s][info][gc,heap     ] GC(1127) Humongous regions: 1->1
[619.065s][info][gc,metaspace] GC(1127) Metaspace: 43150K(43584K)->43150K(43584K) NonClass: 38808K(39040K)->38808K(39040K) Class: 4341K(4544K)->4341K(4544K)
[619.065s][info][gc          ] GC(1127) Pause Young (Concurrent Start) (G1 Humongous Allocation) 135M->59M(257M) 4.447ms
[619.065s][info][gc,cpu      ] GC(1127) User=0.01s Sys=0.00s Real=0.01s
[619.065s][info][gc          ] GC(1128) Concurrent Mark Cycle
[619.066s][info][gc,marking  ] GC(1128) Concurrent Scan Root Regions
[619.067s][info][gc,marking  ] GC(1128) Concurrent Scan Root Regions 1.623ms
[619.067s][info][gc,marking  ] GC(1128) Concurrent Mark
[619.067s][info][gc,marking  ] GC(1128) Concurrent Mark From Roots
[619.067s][info][gc,task     ] GC(1128) Using 1 workers of 1 for marking
[619.141s][info][gc,marking  ] GC(1128) Concurrent Mark From Roots 73.284ms
[619.141s][info][gc,marking  ] GC(1128) Concurrent Preclean
[619.141s][info][gc,marking  ] GC(1128) Concurrent Preclean 0.038ms
[619.141s][info][gc,start    ] GC(1128) Pause Remark
[619.158s][info][gc          ] GC(1128) Pause Remark 79M->79M(256M) 17.403ms
[619.158s][info][gc,cpu      ] GC(1128) User=0.04s Sys=0.00s Real=0.02s
[619.158s][info][gc,marking  ] GC(1128) Concurrent Mark 91.061ms
[619.158s][info][gc,marking  ] GC(1128) Concurrent Rebuild Remembered Sets and Scrub Regions
[619.192s][info][gc,marking  ] GC(1128) Concurrent Rebuild Remembered Sets and Scrub Regions 33.266ms
[619.192s][info][gc,start    ] GC(1128) Pause Cleanup
[619.192s][info][gc          ] GC(1128) Pause Cleanup 88M->88M(256M) 0.053ms
[619.192s][info][gc,cpu      ] GC(1128) User=0.00s Sys=0.00s Real=0.00s
[619.192s][info][gc,marking  ] GC(1128) Concurrent Clear Claimed Marks
[619.192s][info][gc,marking  ] GC(1128) Concurrent Clear Claimed Marks 0.040ms
[619.192s][info][gc,marking  ] GC(1128) Concurrent Cleanup for Next Mark
[619.193s][info][gc,marking  ] GC(1128) Concurrent Cleanup for Next Mark 0.790ms
[619.193s][info][gc          ] GC(1128) Concurrent Mark Cycle 127.258ms
[619.552s][info][gc,start    ] GC(1129) Pause Young (Prepare Mixed) (G1 Evacuation Pause)
[619.552s][info][gc,task     ] GC(1129) Using 2 workers of 2 for evacuation
[619.563s][info][gc,phases   ] GC(1129)   Pre Evacuate Collection Set: 0.21ms
[619.563s][info][gc,phases   ] GC(1129)   Merge Heap Roots: 0.08ms
[619.563s][info][gc,phases   ] GC(1129)   Evacuate Collection Set: 9.91ms
[619.563s][info][gc,phases   ] GC(1129)   Post Evacuate Collection Set: 0.96ms
[619.563s][info][gc,phases   ] GC(1129)   Other: 0.08ms
[619.563s][info][gc,heap     ] GC(1129) Eden regions: 70->0(188)
[619.563s][info][gc,heap     ] GC(1129) Survivor regions: 3->8(23)
[619.563s][info][gc,heap     ] GC(1129) Old regions: 56->56
[619.563s][info][gc,heap     ] GC(1129) Humongous regions: 191->1
[619.563s][info][gc,metaspace] GC(1129) Metaspace: 43150K(43584K)->43150K(43584K) NonClass: 38808K(39040K)->38808K(39040K) Class: 4341K(4544K)->4341K(4544K)
[619.563s][info][gc          ] GC(1129) Pause Young (Prepare Mixed) (G1 Evacuation Pause) 319M->64M(328M) 11.431ms
[619.563s][info][gc,cpu      ] GC(1129) User=0.02s Sys=0.00s Real=0.02s
[620.103s][info][gc,start    ] GC(1130) Pause Young (Mixed) (G1 Evacuation Pause)
[620.103s][info][gc,task     ] GC(1130) Using 2 workers of 2 for evacuation
[620.127s][info][gc,phases   ] GC(1130)   Pre Evacuate Collection Set: 0.27ms
[620.127s][info][gc,phases   ] GC(1130)   Merge Heap Roots: 0.28ms
[620.127s][info][gc,phases   ] GC(1130)   Evacuate Collection Set: 22.66ms
[620.127s][info][gc,phases   ] GC(1130)   Post Evacuate Collection Set: 1.21ms
[620.127s][info][gc,phases   ] GC(1130)   Other: 0.12ms
[620.127s][info][gc,heap     ] GC(1130) Eden regions: 49->0(253)
[620.127s][info][gc,heap     ] GC(1130) Survivor regions: 8->11(30)
[620.127s][info][gc,heap     ] GC(1130) Old regions: 56->53
[620.127s][info][gc,heap     ] GC(1130) Humongous regions: 313->3
[620.127s][info][gc,metaspace] GC(1130) Metaspace: 43150K(43584K)->43150K(43584K) NonClass: 38808K(39040K)->38808K(39040K) Class: 4341K(4544K)->4341K(4544K)
[620.127s][info][gc          ] GC(1130) Pause Young (Mixed) (G1 Evacuation Pause) 425M->65M(440M) 24.758ms
[620.127s][info][gc,cpu      ] GC(1130) User=0.05s Sys=0.00s Real=0.02s
[620.278s][info][gc,start    ] GC(1131) Pause Young (Concurrent Start) (G1 Humongous Allocation)
[620.278s][info][gc,task     ] GC(1131) Using 2 workers of 2 for evacuation
[620.290s][info][gc,phases   ] GC(1131)   Pre Evacuate Collection Set: 0.24ms
[620.290s][info][gc,phases   ] GC(1131)   Merge Heap Roots: 0.06ms
[620.290s][info][gc,phases   ] GC(1131)   Evacuate Collection Set: 11.12ms
[620.290s][info][gc,phases   ] GC(1131)   Post Evacuate Collection Set: 0.81ms
[620.290s][info][gc,phases   ] GC(1131)   Other: 0.13ms
[620.290s][info][gc,heap     ] GC(1131) Eden regions: 18->0(251)
[620.290s][info][gc,heap     ] GC(1131) Survivor regions: 11->13(33)
[620.290s][info][gc,heap     ] GC(1131) Old regions: 53->53
[620.290s][info][gc,heap     ] GC(1131) Humongous regions: 99->1
[620.290s][info][gc,metaspace] GC(1131) Metaspace: 43150K(43584K)->43150K(43584K) NonClass: 38808K(39040K)->38808K(39040K) Class: 4341K(4544K)->4341K(4544K)
[620.290s][info][gc          ] GC(1131) Pause Young (Concurrent Start) (G1 Humongous Allocation) 178M->65M(440M) 12.575ms
[620.290s][info][gc,cpu      ] GC(1131) User=0.03s Sys=0.01s Real=0.01s
[620.290s][info][gc          ] GC(1132) Concurrent Undo Cycle
[620.290s][info][gc,marking  ] GC(1132) Concurrent Clear Claimed Marks
[620.290s][info][gc,marking  ] GC(1132) Concurrent Clear Claimed Marks 0.048ms
[620.290s][info][gc,marking  ] GC(1132) Concurrent Cleanup for Next Mark
[620.290s][info][gc,marking  ] GC(1132) Concurrent Cleanup for Next Mark 0.203ms
[620.290s][info][gc          ] GC(1132) Concurrent Undo Cycle 0.348ms
[620.353s][info][gc,start    ] GC(1133) Pause Young (Concurrent Start) (G1 Humongous Allocation)
[620.354s][info][gc,task     ] GC(1133) Using 2 workers of 2 for evacuation
[620.368s][info][gc,phases   ] GC(1133)   Pre Evacuate Collection Set: 0.23ms
[620.368s][info][gc,phases   ] GC(1133)   Merge Heap Roots: 0.05ms
[620.368s][info][gc,phases   ] GC(1133)   Evacuate Collection Set: 13.16ms
[620.368s][info][gc,phases   ] GC(1133)   Post Evacuate Collection Set: 0.80ms
[620.368s][info][gc,phases   ] GC(1133)   Other: 0.11ms
[620.368s][info][gc,heap     ] GC(1133) Eden regions: 8->0(249)
[620.368s][info][gc,heap     ] GC(1133) Survivor regions: 13->15(33)
[620.368s][info][gc,heap     ] GC(1133) Old regions: 53->53
[620.368s][info][gc,heap     ] GC(1133) Humongous regions: 33->1
[620.368s][info][gc,metaspace] GC(1133) Metaspace: 43150K(43584K)->43150K(43584K) NonClass: 38808K(39040K)->38808K(39040K) Class: 4341K(4544K)->4341K(4544K)
[620.368s][info][gc          ] GC(1133) Pause Young (Concurrent Start) (G1 Humongous Allocation) 104M->67M(440M) 14.584ms
[620.368s][info][gc,cpu      ] GC(1133) User=0.03s Sys=0.00s Real=0.01s
[620.368s][info][gc          ] GC(1134) Concurrent Undo Cycle
[620.368s][info][gc,marking  ] GC(1134) Concurrent Clear Claimed Marks
[620.368s][info][gc,marking  ] GC(1134) Concurrent Clear Claimed Marks 0.041ms
[620.368s][info][gc,marking  ] GC(1134) Concurrent Cleanup for Next Mark
[620.368s][info][gc,marking  ] GC(1134) Concurrent Cleanup for Next Mark 0.218ms
[620.368s][info][gc          ] GC(1134) Concurrent Undo Cycle 0.344ms
[620.434s][info][gc,start    ] GC(1135) Pause Young (Concurrent Start) (G1 Humongous Allocation)
[620.434s][info][gc,task     ] GC(1135) Using 2 workers of 2 for evacuation
[620.452s][info][gc,phases   ] GC(1135)   Pre Evacuate Collection Set: 0.33ms
[620.452s][info][gc,phases   ] GC(1135)   Merge Heap Roots: 0.07ms
[620.452s][info][gc,phases   ] GC(1135)   Evacuate Collection Set: 16.92ms
[620.452s][info][gc,phases   ] GC(1135)   Post Evacuate Collection Set: 0.41ms
[620.452s][info][gc,phases   ] GC(1135)   Other: 0.11ms
[620.452s][info][gc,heap     ] GC(1135) Eden regions: 7->0(249)
[620.452s][info][gc,heap     ] GC(1135) Survivor regions: 15->15(33)
[620.452s][info][gc,heap     ] GC(1135) Old regions: 53->53
[620.452s][info][gc,heap     ] GC(1135) Humongous regions: 37->1
[620.452s][info][gc,metaspace] GC(1135) Metaspace: 43150K(43584K)->43150K(43584K) NonClass: 38808K(39040K)->38808K(39040K) Class: 4341K(4544K)->4341K(4544K)
[620.452s][info][gc          ] GC(1135) Pause Young (Concurrent Start) (G1 Humongous Allocation) 109M->67M(440M) 18.090ms
[620.452s][info][gc,cpu      ] GC(1135) User=0.03s Sys=0.00s Real=0.01s
[620.452s][info][gc          ] GC(1136) Concurrent Undo Cycle
[620.452s][info][gc,marking  ] GC(1136) Concurrent Clear Claimed Marks
[620.452s][info][gc,marking  ] GC(1136) Concurrent Clear Claimed Marks 0.041ms
[620.452s][info][gc,marking  ] GC(1136) Concurrent Cleanup for Next Mark
[620.452s][info][gc,marking  ] GC(1136) Concurrent Cleanup for Next Mark 0.101ms
[620.452s][info][gc          ] GC(1136) Concurrent Undo Cycle 0.182ms
[620.507s][info][gc,start    ] GC(1137) Pause Young (Concurrent Start) (G1 Humongous Allocation)
[620.507s][info][gc,task     ] GC(1137) Using 2 workers of 2 for evacuation
[620.521s][info][gc,phases   ] GC(1137)   Pre Evacuate Collection Set: 0.26ms
[620.521s][info][gc,phases   ] GC(1137)   Merge Heap Roots: 0.05ms
[620.521s][info][gc,phases   ] GC(1137)   Evacuate Collection Set: 13.33ms
[620.521s][info][gc,phases   ] GC(1137)   Post Evacuate Collection Set: 0.38ms
[620.521s][info][gc,phases   ] GC(1137)   Other: 0.13ms
[620.521s][info][gc,heap     ] GC(1137) Eden regions: 6->0(249)
[620.521s][info][gc,heap     ] GC(1137) Survivor regions: 15->15(33)
[620.521s][info][gc,heap     ] GC(1137) Old regions: 53->53
[620.521s][info][gc,heap     ] GC(1137) Humongous regions: 39->1
[620.521s][info][gc,metaspace] GC(1137) Metaspace: 43150K(43584K)->43150K(43584K) NonClass: 38808K(39040K)->38808K(39040K) Class: 4341K(4544K)->4341K(4544K)
[620.521s][info][gc          ] GC(1137) Pause Young (Concurrent Start) (G1 Humongous Allocation) 111M->67M(440M) 14.362ms
[620.521s][info][gc,cpu      ] GC(1137) User=0.03s Sys=0.00s Real=0.01s
[620.521s][info][gc          ] GC(1138) Concurrent Undo Cycle
[620.521s][info][gc,marking  ] GC(1138) Concurrent Clear Claimed Marks
[620.521s][info][gc,marking  ] GC(1138) Concurrent Clear Claimed Marks 0.039ms
[620.521s][info][gc,marking  ] GC(1138) Concurrent Cleanup for Next Mark
[620.521s][info][gc,marking  ] GC(1138) Concurrent Cleanup for Next Mark 0.142ms
[620.521s][info][gc          ] GC(1138) Concurrent Undo Cycle 0.223ms
[620.580s][info][gc,start    ] GC(1139) Pause Young (Concurrent Start) (G1 Humongous Allocation)
[620.580s][info][gc,task     ] GC(1139) Using 2 workers of 2 for evacuation
[620.595s][info][gc,phases   ] GC(1139)   Pre Evacuate Collection Set: 0.26ms
[620.595s][info][gc,phases   ] GC(1139)   Merge Heap Roots: 0.09ms
[620.595s][info][gc,phases   ] GC(1139)   Evacuate Collection Set: 13.37ms
[620.595s][info][gc,phases   ] GC(1139)   Post Evacuate Collection Set: 1.61ms
[620.595s][info][gc,phases   ] GC(1139)   Other: 0.11ms
[620.595s][info][gc,heap     ] GC(1139) Eden regions: 6->0(312)
[620.595s][info][gc,heap     ] GC(1139) Survivor regions: 15->16(33)
[620.595s][info][gc,heap     ] GC(1139) Old regions: 53->53
[620.595s][info][gc,heap     ] GC(1139) Humongous regions: 41->1
[620.595s][info][gc,metaspace] GC(1139) Metaspace: 43150K(43584K)->43150K(43584K) NonClass: 38808K(39040K)->38808K(39040K) Class: 4341K(4544K)->4341K(4544K)
[620.595s][info][gc          ] GC(1139) Pause Young (Concurrent Start) (G1 Humongous Allocation) 113M->68M(548M) 15.666ms
[620.595s][info][gc,cpu      ] GC(1139) User=0.03s Sys=0.00s Real=0.02s
[620.595s][info][gc          ] GC(1140) Concurrent Undo Cycle
[620.596s][info][gc,marking  ] GC(1140) Concurrent Clear Claimed Marks
[620.596s][info][gc,marking  ] GC(1140) Concurrent Clear Claimed Marks 0.040ms
[620.596s][info][gc,marking  ] GC(1140) Concurrent Cleanup for Next Mark
[620.596s][info][gc,marking  ] GC(1140) Concurrent Cleanup for Next Mark 0.185ms
[620.596s][info][gc          ] GC(1140) Concurrent Undo Cycle 0.304ms
[620.747s][info][gc,start    ] GC(1141) Pause Young (Concurrent Start) (G1 Humongous Allocation)
[620.747s][info][gc,task     ] GC(1141) Using 2 workers of 2 for evacuation
[620.772s][info][gc,phases   ] GC(1141)   Pre Evacuate Collection Set: 0.28ms
[620.772s][info][gc,phases   ] GC(1141)   Merge Heap Roots: 0.08ms
[620.772s][info][gc,phases   ] GC(1141)   Evacuate Collection Set: 23.77ms
[620.772s][info][gc,phases   ] GC(1141)   Post Evacuate Collection Set: 0.69ms
[620.772s][info][gc,phases   ] GC(1141)   Other: 0.12ms
[620.772s][info][gc,heap     ] GC(1141) Eden regions: 17->0(309)
[620.772s][info][gc,heap     ] GC(1141) Survivor regions: 16->19(41)
[620.772s][info][gc,heap     ] GC(1141) Old regions: 53->53
[620.772s][info][gc,heap     ] GC(1141) Humongous regions: 81->1
[620.772s][info][gc,metaspace] GC(1141) Metaspace: 43150K(43584K)->43150K(43584K) NonClass: 38808K(39040K)->38808K(39040K) Class: 4341K(4544K)->4341K(4544K)
[620.772s][info][gc          ] GC(1141) Pause Young (Concurrent Start) (G1 Humongous Allocation) 164M->71M(548M) 25.155ms
[620.772s][info][gc,cpu      ] GC(1141) User=0.03s Sys=0.02s Real=0.02s
[620.772s][info][gc          ] GC(1142) Concurrent Undo Cycle
[620.772s][info][gc,marking  ] GC(1142) Concurrent Clear Claimed Marks
[620.772s][info][gc,marking  ] GC(1142) Concurrent Clear Claimed Marks 0.042ms
[620.772s][info][gc,marking  ] GC(1142) Concurrent Cleanup for Next Mark
[620.772s][info][gc,marking  ] GC(1142) Concurrent Cleanup for Next Mark 0.150ms
[620.772s][info][gc          ] GC(1142) Concurrent Undo Cycle 0.346ms
[620.905s][info][gc,start    ] GC(1143) Pause Young (Concurrent Start) (G1 Humongous Allocation)
[620.905s][info][gc,task     ] GC(1143) Using 2 workers of 2 for evacuation
[620.930s][info][gc,phases   ] GC(1143)   Pre Evacuate Collection Set: 0.28ms
[620.930s][info][gc,phases   ] GC(1143)   Merge Heap Roots: 0.07ms
[620.930s][info][gc,phases   ] GC(1143)   Evacuate Collection Set: 23.55ms
[620.930s][info][gc,phases   ] GC(1143)   Post Evacuate Collection Set: 0.83ms
[620.930s][info][gc,phases   ] GC(1143)   Other: 0.10ms
[620.930s][info][gc,heap     ] GC(1143) Eden regions: 15->0(308)
[620.930s][info][gc,heap     ] GC(1143) Survivor regions: 19->20(41)
[620.930s][info][gc,heap     ] GC(1143) Old regions: 53->53
[620.930s][info][gc,heap     ] GC(1143) Humongous regions: 83->1
[620.930s][info][gc,metaspace] GC(1143) Metaspace: 43150K(43584K)->43150K(43584K) NonClass: 38809K(39040K)->38809K(39040K) Class: 4341K(4544K)->4341K(4544K)
[620.930s][info][gc          ] GC(1143) Pause Young (Concurrent Start) (G1 Humongous Allocation) 167M->72M(548M) 25.062ms
[620.930s][info][gc,cpu      ] GC(1143) User=0.03s Sys=0.02s Real=0.02s
[620.930s][info][gc          ] GC(1144) Concurrent Undo Cycle
[620.930s][info][gc,marking  ] GC(1144) Concurrent Clear Claimed Marks
[620.930s][info][gc,marking  ] GC(1144) Concurrent Clear Claimed Marks 0.042ms
[620.930s][info][gc,marking  ] GC(1144) Concurrent Cleanup for Next Mark
[620.930s][info][gc,marking  ] GC(1144) Concurrent Cleanup for Next Mark 0.188ms
[620.930s][info][gc          ] GC(1144) Concurrent Undo Cycle 0.316ms
[621.068s][info][gc,start    ] GC(1145) Pause Young (Concurrent Start) (G1 Humongous Allocation)
[621.068s][info][gc,task     ] GC(1145) Using 2 workers of 2 for evacuation
[621.090s][info][gc,phases   ] GC(1145)   Pre Evacuate Collection Set: 0.26ms
[621.090s][info][gc,phases   ] GC(1145)   Merge Heap Roots: 0.07ms
[621.090s][info][gc,phases   ] GC(1145)   Evacuate Collection Set: 20.62ms
[621.090s][info][gc,phases   ] GC(1145)   Post Evacuate Collection Set: 0.87ms
[621.090s][info][gc,phases   ] GC(1145)   Other: 0.10ms
[621.090s][info][gc,heap     ] GC(1145) Eden regions: 16->0(306)
[621.090s][info][gc,heap     ] GC(1145) Survivor regions: 20->22(41)
[621.090s][info][gc,heap     ] GC(1145) Old regions: 53->53
[621.090s][info][gc,heap     ] GC(1145) Humongous regions: 85->1
[621.090s][info][gc,metaspace] GC(1145) Metaspace: 43150K(43584K)->43150K(43584K) NonClass: 38809K(39040K)->38809K(39040K) Class: 4341K(4544K)->4341K(4544K)
[621.090s][info][gc          ] GC(1145) Pause Young (Concurrent Start) (G1 Humongous Allocation) 172M->74M(548M) 22.141ms
[621.091s][info][gc,cpu      ] GC(1145) User=0.04s Sys=0.01s Real=0.02s
[621.091s][info][gc          ] GC(1146) Concurrent Undo Cycle
[621.091s][info][gc,marking  ] GC(1146) Concurrent Clear Claimed Marks
[621.091s][info][gc,marking  ] GC(1146) Concurrent Clear Claimed Marks 0.043ms
[621.091s][info][gc,marking  ] GC(1146) Concurrent Cleanup for Next Mark
[621.091s][info][gc,marking  ] GC(1146) Concurrent Cleanup for Next Mark 0.183ms
[621.091s][info][gc          ] GC(1146) Concurrent Undo Cycle 0.312ms
[621.243s][info][gc,start    ] GC(1147) Pause Young (Concurrent Start) (G1 Humongous Allocation)
[621.243s][info][gc,task     ] GC(1147) Using 2 workers of 2 for evacuation
[621.270s][info][gc,phases   ] GC(1147)   Pre Evacuate Collection Set: 0.29ms
[621.270s][info][gc,phases   ] GC(1147)   Merge Heap Roots: 0.06ms
[621.270s][info][gc,phases   ] GC(1147)   Evacuate Collection Set: 25.55ms
[621.270s][info][gc,phases   ] GC(1147)   Post Evacuate Collection Set: 1.06ms
[621.270s][info][gc,phases   ] GC(1147)   Other: 0.16ms
[621.270s][info][gc,heap     ] GC(1147) Eden regions: 19->0(356)
[621.270s][info][gc,heap     ] GC(1147) Survivor regions: 22->24(41)
[621.270s][info][gc,heap     ] GC(1147) Old regions: 53->54
[621.270s][info][gc,heap     ] GC(1147) Humongous regions: 87->1
[621.270s][info][gc,metaspace] GC(1147) Metaspace: 43150K(43584K)->43150K(43584K) NonClass: 38809K(39040K)->38809K(39040K) Class: 4341K(4544K)->4341K(4544K)
[621.270s][info][gc          ] GC(1147) Pause Young (Concurrent Start) (G1 Humongous Allocation) 178M->78M(634M) 27.334ms
[621.270s][info][gc,cpu      ] GC(1147) User=0.05s Sys=0.01s Real=0.02s
[621.270s][info][gc          ] GC(1148) Concurrent Undo Cycle
[621.270s][info][gc,marking  ] GC(1148) Concurrent Clear Claimed Marks
[621.270s][info][gc,marking  ] GC(1148) Concurrent Clear Claimed Marks 0.038ms
[621.270s][info][gc,marking  ] GC(1148) Concurrent Cleanup for Next Mark
[621.272s][info][gc,marking  ] GC(1148) Concurrent Cleanup for Next Mark 2.065ms
[621.272s][info][gc          ] GC(1148) Concurrent Undo Cycle 2.166ms
[621.492s][info][gc,start    ] GC(1149) Pause Young (Concurrent Start) (G1 Humongous Allocation)
[621.492s][info][gc,task     ] GC(1149) Using 2 workers of 2 for evacuation
[621.531s][info][gc,phases   ] GC(1149)   Pre Evacuate Collection Set: 0.31ms
[621.531s][info][gc,phases   ] GC(1149)   Merge Heap Roots: 0.06ms
[621.531s][info][gc,phases   ] GC(1149)   Evacuate Collection Set: 37.92ms
[621.531s][info][gc,phases   ] GC(1149)   Post Evacuate Collection Set: 0.67ms
[621.531s][info][gc,phases   ] GC(1149)   Other: 0.14ms
[621.531s][info][gc,heap     ] GC(1149) Eden regions: 26->0(353)
[621.531s][info][gc,heap     ] GC(1149) Survivor regions: 24->27(48)
[621.531s][info][gc,heap     ] GC(1149) Old regions: 54->54
[621.531s][info][gc,heap     ] GC(1149) Humongous regions: 117->1
[621.531s][info][gc,metaspace] GC(1149) Metaspace: 43150K(43584K)->43150K(43584K) NonClass: 38809K(39040K)->38809K(39040K) Class: 4341K(4544K)->4341K(4544K)
[621.531s][info][gc          ] GC(1149) Pause Young (Concurrent Start) (G1 Humongous Allocation) 219M->81M(634M) 39.373ms
[621.531s][info][gc          ] GC(1150) Concurrent Undo Cycle
[621.531s][info][gc,marking  ] GC(1150) Concurrent Clear Claimed Marks
[621.531s][info][gc,marking  ] GC(1150) Concurrent Clear Claimed Marks 0.040ms
[621.531s][info][gc,marking  ] GC(1150) Concurrent Cleanup for Next Mark
[621.532s][info][gc,cpu      ] GC(1149) User=0.05s Sys=0.02s Real=0.04s
[621.532s][info][gc,marking  ] GC(1150) Concurrent Cleanup for Next Mark 0.878ms
[621.532s][info][gc          ] GC(1150) Concurrent Undo Cycle 0.964ms
[621.730s][info][gc,start    ] GC(1151) Pause Young (Concurrent Start) (G1 Humongous Allocation)
[621.730s][info][gc,task     ] GC(1151) Using 2 workers of 2 for evacuation
[621.773s][info][gc,phases   ] GC(1151)   Pre Evacuate Collection Set: 0.32ms
[621.773s][info][gc,phases   ] GC(1151)   Merge Heap Roots: 0.06ms
[621.773s][info][gc,phases   ] GC(1151)   Evacuate Collection Set: 41.96ms
[621.773s][info][gc,phases   ] GC(1151)   Post Evacuate Collection Set: 0.45ms
[621.773s][info][gc,phases   ] GC(1151)   Other: 0.09ms
[621.773s][info][gc,heap     ] GC(1151) Eden regions: 25->0(353)
[621.773s][info][gc,heap     ] GC(1151) Survivor regions: 27->27(48)
[621.773s][info][gc,heap     ] GC(1151) Old regions: 54->59
[621.773s][info][gc,heap     ] GC(1151) Humongous regions: 119->1
[621.773s][info][gc,metaspace] GC(1151) Metaspace: 43150K(43584K)->43150K(43584K) NonClass: 38809K(39040K)->38809K(39040K) Class: 4341K(4544K)->4341K(4544K)
[621.773s][info][gc          ] GC(1151) Pause Young (Concurrent Start) (G1 Humongous Allocation) 223M->86M(634M) 43.102ms
[621.773s][info][gc          ] GC(1152) Concurrent Undo Cycle
[621.773s][info][gc,marking  ] GC(1152) Concurrent Clear Claimed Marks
[621.773s][info][gc,marking  ] GC(1152) Concurrent Clear Claimed Marks 0.037ms
[621.773s][info][gc,marking  ] GC(1152) Concurrent Cleanup for Next Mark
[621.773s][info][gc,cpu      ] GC(1151) User=0.06s Sys=0.02s Real=0.05s
[621.773s][info][gc,marking  ] GC(1152) Concurrent Cleanup for Next Mark 0.191ms
[621.773s][info][gc          ] GC(1152) Concurrent Undo Cycle 0.271ms
[622.895s][info][gc,start    ] GC(1153) Pause Young (Normal) (G1 Evacuation Pause)
[622.895s][info][gc,task     ] GC(1153) Using 2 workers of 2 for evacuation
[622.931s][info][gc,phases   ] GC(1153)   Pre Evacuate Collection Set: 0.30ms
[622.931s][info][gc,phases   ] GC(1153)   Merge Heap Roots: 0.14ms
[622.931s][info][gc,phases   ] GC(1153)   Evacuate Collection Set: 34.62ms
[622.931s][info][gc,phases   ] GC(1153)   Post Evacuate Collection Set: 0.70ms
[622.931s][info][gc,phases   ] GC(1153)   Other: 0.11ms
[622.931s][info][gc,heap     ] GC(1153) Eden regions: 353->0(347)
[622.931s][info][gc,heap     ] GC(1153) Survivor regions: 27->33(48)
[622.931s][info][gc,heap     ] GC(1153) Old regions: 59->62
[622.931s][info][gc,heap     ] GC(1153) Humongous regions: 75->1
[622.931s][info][gc,metaspace] GC(1153) Metaspace: 43152K(43584K)->43152K(43584K) NonClass: 38811K(39040K)->38811K(39040K) Class: 4341K(4544K)->4341K(4544K)
[622.931s][info][gc          ] GC(1153) Pause Young (Normal) (G1 Evacuation Pause) 513M->95M(634M) 36.109ms
[622.931s][info][gc,cpu      ] GC(1153) User=0.06s Sys=0.01s Real=0.03s
[623.788s][info][gc,start    ] GC(1154) Pause Young (Normal) (G1 Evacuation Pause)
[623.788s][info][gc,task     ] GC(1154) Using 2 workers of 2 for evacuation
[623.821s][info][gc,phases   ] GC(1154)   Pre Evacuate Collection Set: 0.29ms
[623.821s][info][gc,phases   ] GC(1154)   Merge Heap Roots: 0.13ms
[623.821s][info][gc,phases   ] GC(1154)   Evacuate Collection Set: 31.25ms
[623.821s][info][gc,phases   ] GC(1154)   Post Evacuate Collection Set: 0.89ms
[623.821s][info][gc,phases   ] GC(1154)   Other: 0.08ms
[623.821s][info][gc,heap     ] GC(1154) Eden regions: 347->0(355)
[623.821s][info][gc,heap     ] GC(1154) Survivor regions: 33->25(48)
[623.821s][info][gc,heap     ] GC(1154) Old regions: 62->71
[623.821s][info][gc,heap     ] GC(1154) Humongous regions: 1->1
[623.821s][info][gc,metaspace] GC(1154) Metaspace: 43157K(43584K)->43157K(43584K) NonClass: 38816K(39040K)->38816K(39040K) Class: 4341K(4544K)->4341K(4544K)
[623.821s][info][gc          ] GC(1154) Pause Young (Normal) (G1 Evacuation Pause) 442M->96M(634M) 32.860ms
[623.821s][info][gc,cpu      ] GC(1154) User=0.07s Sys=0.00s Real=0.03s
[624.754s][info][gc,start    ] GC(1155) Pause Young (Normal) (G1 Evacuation Pause)
[624.754s][info][gc,task     ] GC(1155) Using 2 workers of 2 for evacuation
[624.776s][info][gc,phases   ] GC(1155)   Pre Evacuate Collection Set: 0.26ms
[624.776s][info][gc,phases   ] GC(1155)   Merge Heap Roots: 0.14ms
[624.776s][info][gc,phases   ] GC(1155)   Evacuate Collection Set: 20.55ms
[624.776s][info][gc,phases   ] GC(1155)   Post Evacuate Collection Set: 0.98ms
[624.776s][info][gc,phases   ] GC(1155)   Other: 0.10ms
[624.777s][info][gc,heap     ] GC(1155) Eden regions: 355->0(356)
[624.777s][info][gc,heap     ] GC(1155) Survivor regions: 25->24(48)
[624.777s][info][gc,heap     ] GC(1155) Old regions: 71->74
[624.777s][info][gc,heap     ] GC(1155) Humongous regions: 1->1
[624.777s][info][gc,metaspace] GC(1155) Metaspace: 43177K(43648K)->43177K(43648K) NonClass: 38836K(39104K)->38836K(39104K) Class: 4341K(4544K)->4341K(4544K)
[624.777s][info][gc          ] GC(1155) Pause Young (Normal) (G1 Evacuation Pause) 451M->97M(634M) 22.265ms
[624.777s][info][gc,cpu      ] GC(1155) User=0.04s Sys=0.00s Real=0.02s
[626.515s][info][gc,start    ] GC(1156) Pause Young (Normal) (G1 Evacuation Pause)
[626.515s][info][gc,task     ] GC(1156) Using 2 workers of 2 for evacuation
[626.540s][info][gc,phases   ] GC(1156)   Pre Evacuate Collection Set: 0.27ms
[626.540s][info][gc,phases   ] GC(1156)   Merge Heap Roots: 0.16ms
[626.540s][info][gc,phases   ] GC(1156)   Evacuate Collection Set: 23.82ms
[626.540s][info][gc,phases   ] GC(1156)   Post Evacuate Collection Set: 0.87ms
[626.540s][info][gc,phases   ] GC(1156)   Other: 0.11ms
[626.540s][info][gc,heap     ] GC(1156) Eden regions: 356->0(355)
[626.540s][info][gc,heap     ] GC(1156) Survivor regions: 24->25(48)
[626.540s][info][gc,heap     ] GC(1156) Old regions: 74->74
[626.541s][info][gc,heap     ] GC(1156) Humongous regions: 11->1
[626.541s][info][gc,metaspace] GC(1156) Metaspace: 43182K(43648K)->43182K(43648K) NonClass: 38840K(39104K)->38840K(39104K) Class: 4341K(4544K)->4341K(4544K)
[626.541s][info][gc          ] GC(1156) Pause Young (Normal) (G1 Evacuation Pause) 463M->98M(634M) 25.429ms
[626.541s][info][gc,cpu      ] GC(1156) User=0.05s Sys=0.01s Real=0.02s
[627.689s][info][gc,start    ] GC(1157) Pause Young (Normal) (G1 Evacuation Pause)
[627.689s][info][gc,task     ] GC(1157) Using 2 workers of 2 for evacuation
[627.760s][info][gc,phases   ] GC(1157)   Pre Evacuate Collection Set: 0.42ms
[627.760s][info][gc,phases   ] GC(1157)   Merge Heap Roots: 0.68ms
[627.760s][info][gc,phases   ] GC(1157)   Evacuate Collection Set: 69.33ms
[627.760s][info][gc,phases   ] GC(1157)   Post Evacuate Collection Set: 0.74ms
[627.760s][info][gc,phases   ] GC(1157)   Other: 0.08ms
[627.760s][info][gc,heap     ] GC(1157) Eden regions: 355->0(332)
[627.760s][info][gc,heap     ] GC(1157) Survivor regions: 25->48(48)
[627.760s][info][gc,heap     ] GC(1157) Old regions: 74->88
[627.760s][info][gc,heap     ] GC(1157) Humongous regions: 6->6
[627.760s][info][gc,metaspace] GC(1157) Metaspace: 43184K(43648K)->43184K(43648K) NonClass: 38842K(39104K)->38842K(39104K) Class: 4341K(4544K)->4341K(4544K)
[627.761s][info][gc          ] GC(1157) Pause Young (Normal) (G1 Evacuation Pause) 458M->140M(634M) 71.467ms
[627.761s][info][gc,cpu      ] GC(1157) User=0.14s Sys=0.00s Real=0.07s
[628.591s][info][gc,start    ] GC(1158) Pause Young (Normal) (G1 Evacuation Pause)
[628.591s][info][gc,task     ] GC(1158) Using 2 workers of 2 for evacuation
[628.698s][info][gc,phases   ] GC(1158)   Pre Evacuate Collection Set: 0.25ms
[628.698s][info][gc,phases   ] GC(1158)   Merge Heap Roots: 0.22ms
[628.698s][info][gc,phases   ] GC(1158)   Evacuate Collection Set: 106.32ms
[628.698s][info][gc,phases   ] GC(1158)   Post Evacuate Collection Set: 0.64ms
[628.698s][info][gc,phases   ] GC(1158)   Other: 0.10ms
[628.698s][info][gc,heap     ] GC(1158) Eden regions: 332->0(346)
[628.698s][info][gc,heap     ] GC(1158) Survivor regions: 48->34(48)
[628.698s][info][gc,heap     ] GC(1158) Old regions: 88->136
[628.698s][info][gc,heap     ] GC(1158) Humongous regions: 11->10
[628.698s][info][gc,metaspace] GC(1158) Metaspace: 43184K(43648K)->43184K(43648K) NonClass: 38842K(39104K)->38842K(39104K) Class: 4341K(4544K)->4341K(4544K)
[628.698s][info][gc          ] GC(1158) Pause Young (Normal) (G1 Evacuation Pause) 477M->178M(634M) 107.752ms
[628.698s][info][gc,cpu      ] GC(1158) User=0.22s Sys=0.00s Real=0.11s
[632.473s][info][gc,start    ] GC(1159) Pause Young (Normal) (G1 Evacuation Pause)
[632.473s][info][gc,task     ] GC(1159) Using 2 workers of 2 for evacuation
[632.534s][info][gc,phases   ] GC(1159)   Pre Evacuate Collection Set: 0.26ms
[632.534s][info][gc,phases   ] GC(1159)   Merge Heap Roots: 0.16ms
[632.534s][info][gc,phases   ] GC(1159)   Evacuate Collection Set: 58.81ms
[632.534s][info][gc,phases   ] GC(1159)   Post Evacuate Collection Set: 1.18ms
[632.534s][info][gc,phases   ] GC(1159)   Other: 0.10ms
[632.534s][info][gc,heap     ] GC(1159) Eden regions: 346->0(401)
[632.534s][info][gc,heap     ] GC(1159) Survivor regions: 34->17(48)
[632.534s][info][gc,heap     ] GC(1159) Old regions: 136->169
[632.534s][info][gc,heap     ] GC(1159) Humongous regions: 14->10
[632.534s][info][gc,metaspace] GC(1159) Metaspace: 43187K(43648K)->43187K(43648K) NonClass: 38846K(39104K)->38846K(39104K) Class: 4341K(4544K)->4341K(4544K)
[632.534s][info][gc          ] GC(1159) Pause Young (Normal) (G1 Evacuation Pause) 528M->194M(698M) 60.716ms
[632.534s][info][gc,cpu      ] GC(1159) User=0.12s Sys=0.00s Real=0.06s
[633.611s][info][gc,start    ] GC(1160) Pause Young (Normal) (G1 Evacuation Pause)
[633.611s][info][gc,task     ] GC(1160) Using 2 workers of 2 for evacuation
[633.690s][info][gc,phases   ] GC(1160)   Pre Evacuate Collection Set: 0.27ms
[633.690s][info][gc,phases   ] GC(1160)   Merge Heap Roots: 0.20ms
[633.690s][info][gc,phases   ] GC(1160)   Evacuate Collection Set: 77.50ms
[633.690s][info][gc,phases   ] GC(1160)   Post Evacuate Collection Set: 0.82ms
[633.690s][info][gc,phases   ] GC(1160)   Other: 0.08ms
[633.690s][info][gc,heap     ] GC(1160) Eden regions: 401->0(363)
[633.690s][info][gc,heap     ] GC(1160) Survivor regions: 17->53(53)
[633.690s][info][gc,heap     ] GC(1160) Old regions: 169->180
[633.690s][info][gc,heap     ] GC(1160) Humongous regions: 13->13
[633.690s][info][gc,metaspace] GC(1160) Metaspace: 43187K(43648K)->43187K(43648K) NonClass: 38846K(39104K)->38846K(39104K) Class: 4341K(4544K)->4341K(4544K)
[633.690s][info][gc          ] GC(1160) Pause Young (Normal) (G1 Evacuation Pause) 598M->245M(698M) 79.082ms
[633.690s][info][gc,cpu      ] GC(1160) User=0.16s Sys=0.00s Real=0.08s
[634.713s][info][gc,start    ] GC(1161) Pause Young (Concurrent Start) (G1 Humongous Allocation)
[634.713s][info][gc,task     ] GC(1161) Using 2 workers of 2 for evacuation
[634.841s][info][gc,phases   ] GC(1161)   Pre Evacuate Collection Set: 0.28ms
[634.841s][info][gc,phases   ] GC(1161)   Merge Heap Roots: 0.41ms
[634.841s][info][gc,phases   ] GC(1161)   Evacuate Collection Set: 126.62ms
[634.841s][info][gc,phases   ] GC(1161)   Post Evacuate Collection Set: 0.69ms
[634.841s][info][gc,phases   ] GC(1161)   Other: 0.18ms
[634.841s][info][gc,heap     ] GC(1161) Eden regions: 276->0(309)
[634.841s][info][gc,heap     ] GC(1161) Survivor regions: 53->46(52)
[634.841s][info][gc,heap     ] GC(1161) Old regions: 180->233
[634.841s][info][gc,heap     ] GC(1161) Humongous regions: 19->19
[634.841s][info][gc,metaspace] GC(1161) Metaspace: 43187K(43648K)->43187K(43648K) NonClass: 38846K(39104K)->38846K(39104K) Class: 4341K(4544K)->4341K(4544K)
[634.841s][info][gc          ] GC(1161) Pause Young (Concurrent Start) (G1 Humongous Allocation) 526M->296M(698M) 128.457ms
[634.841s][info][gc,cpu      ] GC(1161) User=0.25s Sys=0.00s Real=0.12s
[634.841s][info][gc          ] GC(1162) Concurrent Mark Cycle
[634.841s][info][gc,marking  ] GC(1162) Concurrent Scan Root Regions
[634.908s][info][gc,marking  ] GC(1162) Concurrent Scan Root Regions 66.586ms
[634.908s][info][gc,marking  ] GC(1162) Concurrent Mark
[634.908s][info][gc,marking  ] GC(1162) Concurrent Mark From Roots
[634.908s][info][gc,task     ] GC(1162) Using 1 workers of 1 for marking
[635.068s][info][gc,marking  ] GC(1162) Concurrent Mark From Roots 159.560ms
[635.068s][info][gc,marking  ] GC(1162) Concurrent Preclean
[635.068s][info][gc,marking  ] GC(1162) Concurrent Preclean 0.249ms
[635.068s][info][gc,start    ] GC(1162) Pause Remark
[635.086s][info][gc          ] GC(1162) Pause Remark 313M->274M(698M) 17.649ms
[635.086s][info][gc,cpu      ] GC(1162) User=0.03s Sys=0.00s Real=0.02s
[635.086s][info][gc,marking  ] GC(1162) Concurrent Mark 177.770ms
[635.086s][info][gc,marking  ] GC(1162) Concurrent Rebuild Remembered Sets and Scrub Regions
[635.203s][info][gc,marking  ] GC(1162) Concurrent Rebuild Remembered Sets and Scrub Regions 117.004ms
[635.203s][info][gc,start    ] GC(1162) Pause Cleanup
[635.203s][info][gc          ] GC(1162) Pause Cleanup 276M->276M(698M) 0.088ms
[635.203s][info][gc,cpu      ] GC(1162) User=0.00s Sys=0.00s Real=0.00s
[635.203s][info][gc,marking  ] GC(1162) Concurrent Clear Claimed Marks
[635.203s][info][gc,marking  ] GC(1162) Concurrent Clear Claimed Marks 0.041ms
[635.203s][info][gc,marking  ] GC(1162) Concurrent Cleanup for Next Mark
[635.210s][info][gc,marking  ] GC(1162) Concurrent Cleanup for Next Mark 6.518ms
[635.210s][info][gc          ] GC(1162) Concurrent Mark Cycle 368.640ms
[636.835s][info][gc,start    ] GC(1163) Pause Young (Prepare Mixed) (G1 Evacuation Pause)
[636.835s][info][gc,task     ] GC(1163) Using 2 workers of 2 for evacuation
[636.886s][info][gc,phases   ] GC(1163)   Pre Evacuate Collection Set: 0.42ms
[636.886s][info][gc,phases   ] GC(1163)   Merge Heap Roots: 0.22ms
[636.886s][info][gc,phases   ] GC(1163)   Evacuate Collection Set: 49.30ms
[636.886s][info][gc,phases   ] GC(1163)   Post Evacuate Collection Set: 0.65ms
[636.886s][info][gc,phases   ] GC(1163)   Other: 0.08ms
[636.886s][info][gc,heap     ] GC(1163) Eden regions: 309->0(348)
[636.886s][info][gc,heap     ] GC(1163) Survivor regions: 46->11(45)
[636.886s][info][gc,heap     ] GC(1163) Old regions: 204->234
[636.886s][info][gc,heap     ] GC(1163) Humongous regions: 15->13
[636.886s][info][gc,metaspace] GC(1163) Metaspace: 43187K(43648K)->43187K(43648K) NonClass: 38846K(39104K)->38846K(39104K) Class: 4341K(4544K)->4341K(4544K)
[636.886s][info][gc          ] GC(1163) Pause Young (Prepare Mixed) (G1 Evacuation Pause) 572M->257M(698M) 50.878ms
[636.886s][info][gc,cpu      ] GC(1163) User=0.10s Sys=0.00s Real=0.05s
[639.004s][info][gc,start    ] GC(1164) Pause Young (Mixed) (G1 Evacuation Pause)
[639.004s][info][gc,task     ] GC(1164) Using 2 workers of 2 for evacuation
[639.015s][info][gc,phases   ] GC(1164)   Pre Evacuate Collection Set: 0.29ms
[639.015s][info][gc,phases   ] GC(1164)   Merge Heap Roots: 0.17ms
[639.015s][info][gc,phases   ] GC(1164)   Evacuate Collection Set: 9.27ms
[639.015s][info][gc,phases   ] GC(1164)   Post Evacuate Collection Set: 0.64ms
[639.015s][info][gc,phases   ] GC(1164)   Other: 0.09ms
[639.015s][info][gc,heap     ] GC(1164) Eden regions: 348->0(383)
[639.015s][info][gc,heap     ] GC(1164) Survivor regions: 11->10(45)
[639.015s][info][gc,heap     ] GC(1164) Old regions: 234->211
[639.015s][info][gc,heap     ] GC(1164) Humongous regions: 13->13
[639.015s][info][gc,metaspace] GC(1164) Metaspace: 43187K(43648K)->43187K(43648K) NonClass: 38846K(39104K)->38846K(39104K) Class: 4341K(4544K)->4341K(4544K)
[639.015s][info][gc          ] GC(1164) Pause Young (Mixed) (G1 Evacuation Pause) 605M->232M(698M) 10.695ms
[639.015s][info][gc,cpu      ] GC(1164) User=0.02s Sys=0.00s Real=0.01s
[641.055s][info][gc,start    ] GC(1165) Pause Young (Normal) (G1 Evacuation Pause)
[641.055s][info][gc,task     ] GC(1165) Using 2 workers of 2 for evacuation
[641.078s][info][gc,phases   ] GC(1165)   Pre Evacuate Collection Set: 0.27ms
[641.078s][info][gc,phases   ] GC(1165)   Merge Heap Roots: 0.16ms
[641.078s][info][gc,phases   ] GC(1165)   Evacuate Collection Set: 21.34ms
[641.078s][info][gc,phases   ] GC(1165)   Post Evacuate Collection Set: 0.69ms
[641.078s][info][gc,phases   ] GC(1165)   Other: 0.08ms
[641.078s][info][gc,heap     ] GC(1165) Eden regions: 383->0(377)
[641.078s][info][gc,heap     ] GC(1165) Survivor regions: 10->20(50)
[641.078s][info][gc,heap     ] GC(1165) Old regions: 211->211
[641.078s][info][gc,heap     ] GC(1165) Humongous regions: 16->15
[641.078s][info][gc,metaspace] GC(1165) Metaspace: 43187K(43648K)->43187K(43648K) NonClass: 38846K(39104K)->38846K(39104K) Class: 4341K(4544K)->4341K(4544K)
[641.078s][info][gc          ] GC(1165) Pause Young (Normal) (G1 Evacuation Pause) 618M->245M(698M) 22.758ms
[641.078s][info][gc,cpu      ] GC(1165) User=0.05s Sys=0.00s Real=0.02s
[641.189s][info][gc,start    ] GC(1166) Pause Young (Concurrent Start) (G1 Humongous Allocation)
[641.189s][info][gc,task     ] GC(1166) Using 2 workers of 2 for evacuation
[641.212s][info][gc,phases   ] GC(1166)   Pre Evacuate Collection Set: 0.33ms
[641.212s][info][gc,phases   ] GC(1166)   Merge Heap Roots: 0.08ms
[641.212s][info][gc,phases   ] GC(1166)   Evacuate Collection Set: 22.59ms
[641.212s][info][gc,phases   ] GC(1166)   Post Evacuate Collection Set: 0.42ms
[641.212s][info][gc,phases   ] GC(1166)   Other: 0.12ms
[641.212s][info][gc,heap     ] GC(1166) Eden regions: 41->0(361)
[641.212s][info][gc,heap     ] GC(1166) Survivor regions: 20->25(50)
[641.212s][info][gc,heap     ] GC(1166) Old regions: 211->211
[641.212s][info][gc,heap     ] GC(1166) Humongous regions: 15->15
[641.212s][info][gc,metaspace] GC(1166) Metaspace: 43187K(43648K)->43187K(43648K) NonClass: 38846K(39104K)->38846K(39104K) Class: 4341K(4544K)->4341K(4544K)
[641.213s][info][gc          ] GC(1166) Pause Young (Concurrent Start) (G1 Humongous Allocation) 285M->250M(698M) 23.761ms
[641.213s][info][gc,cpu      ] GC(1166) User=0.05s Sys=0.00s Real=0.03s
[641.213s][info][gc          ] GC(1167) Concurrent Mark Cycle
[641.213s][info][gc,marking  ] GC(1167) Concurrent Scan Root Regions
[641.229s][info][gc,marking  ] GC(1167) Concurrent Scan Root Regions 16.234ms
[641.229s][info][gc,marking  ] GC(1167) Concurrent Mark
[641.229s][info][gc,marking  ] GC(1167) Concurrent Mark From Roots
[641.229s][info][gc,task     ] GC(1167) Using 1 workers of 1 for marking
[641.262s][info][gc,marking  ] GC(1167) Concurrent Mark From Roots 33.093ms
[641.262s][info][gc,marking  ] GC(1167) Concurrent Preclean
[641.262s][info][gc,marking  ] GC(1167) Concurrent Preclean 0.042ms
[641.262s][info][gc,start    ] GC(1167) Pause Remark
[641.280s][info][gc          ] GC(1167) Pause Remark 265M->102M(297M) 17.915ms
[641.280s][info][gc,cpu      ] GC(1167) User=0.03s Sys=0.01s Real=0.02s
[641.280s][info][gc,marking  ] GC(1167) Concurrent Mark 51.291ms
[641.280s][info][gc,marking  ] GC(1167) Concurrent Rebuild Remembered Sets and Scrub Regions
[641.296s][info][gc,marking  ] GC(1167) Concurrent Rebuild Remembered Sets and Scrub Regions 16.192ms
[641.297s][info][gc,start    ] GC(1167) Pause Cleanup
[641.297s][info][gc          ] GC(1167) Pause Cleanup 108M->108M(297M) 0.062ms
[641.297s][info][gc,cpu      ] GC(1167) User=0.00s Sys=0.00s Real=0.00s
[641.297s][info][gc,marking  ] GC(1167) Concurrent Clear Claimed Marks
[641.297s][info][gc,marking  ] GC(1167) Concurrent Clear Claimed Marks 0.044ms
[641.297s][info][gc,marking  ] GC(1167) Concurrent Cleanup for Next Mark
[641.298s][info][gc,marking  ] GC(1167) Concurrent Cleanup for Next Mark 0.897ms
[641.298s][info][gc          ] GC(1167) Concurrent Mark Cycle 85.126ms
[641.692s][info][gc,start    ] GC(1168) Pause Young (Prepare Mixed) (G1 Evacuation Pause)
[641.692s][info][gc,task     ] GC(1168) Using 2 workers of 2 for evacuation
[641.737s][info][gc,phases   ] GC(1168)   Pre Evacuate Collection Set: 0.35ms
[641.737s][info][gc,phases   ] GC(1168)   Merge Heap Roots: 0.15ms
[641.737s][info][gc,phases   ] GC(1168)   Evacuate Collection Set: 44.11ms
[641.737s][info][gc,phases   ] GC(1168)   Post Evacuate Collection Set: 0.47ms
[641.737s][info][gc,phases   ] GC(1168)   Other: 0.08ms
[641.737s][info][gc,heap     ] GC(1168) Eden regions: 153->0(146)
[641.737s][info][gc,heap     ] GC(1168) Survivor regions: 25->23(23)
[641.737s][info][gc,heap     ] GC(1168) Old regions: 60->78
[641.737s][info][gc,heap     ] GC(1168) Humongous regions: 6->6
[641.737s][info][gc,metaspace] GC(1168) Metaspace: 43187K(43648K)->43187K(43648K) NonClass: 38846K(39104K)->38846K(39104K) Class: 4341K(4544K)->4341K(4544K)
[641.737s][info][gc          ] GC(1168) Pause Young (Prepare Mixed) (G1 Evacuation Pause) 243M->106M(297M) 45.419ms
[641.737s][info][gc,cpu      ] GC(1168) User=0.08s Sys=0.00s Real=0.05s
[642.108s][info][gc,start    ] GC(1169) Pause Young (Mixed) (G1 Evacuation Pause)
[642.108s][info][gc,task     ] GC(1169) Using 2 workers of 2 for evacuation
[642.152s][info][gc,phases   ] GC(1169)   Pre Evacuate Collection Set: 0.19ms
[642.153s][info][gc,phases   ] GC(1169)   Merge Heap Roots: 0.10ms
[642.153s][info][gc,phases   ] GC(1169)   Evacuate Collection Set: 43.10ms
[642.153s][info][gc,phases   ] GC(1169)   Post Evacuate Collection Set: 0.49ms
[642.153s][info][gc,phases   ] GC(1169)   Other: 0.08ms
[642.153s][info][gc,heap     ] GC(1169) Eden regions: 146->0(138)
[642.153s][info][gc,heap     ] GC(1169) Survivor regions: 23->18(22)
[642.153s][info][gc,heap     ] GC(1169) Old regions: 78->93
[642.153s][info][gc,heap     ] GC(1169) Humongous regions: 6->6
[642.153s][info][gc,metaspace] GC(1169) Metaspace: 43187K(43648K)->43187K(43648K) NonClass: 38846K(39104K)->38846K(39104K) Class: 4341K(4544K)->4341K(4544K)
[642.153s][info][gc          ] GC(1169) Pause Young (Mixed) (G1 Evacuation Pause) 252M->115M(297M) 44.191ms
[642.153s][info][gc,cpu      ] GC(1169) User=0.09s Sys=0.00s Real=0.05s
[642.443s][info][gc,start    ] GC(1170) Pause Young (Concurrent Start) (G1 Humongous Allocation)
[642.443s][info][gc,task     ] GC(1170) Using 2 workers of 2 for evacuation
[642.477s][info][gc,phases   ] GC(1170)   Pre Evacuate Collection Set: 0.21ms
[642.477s][info][gc,phases   ] GC(1170)   Merge Heap Roots: 0.08ms
[642.477s][info][gc,phases   ] GC(1170)   Evacuate Collection Set: 33.17ms
[642.477s][info][gc,phases   ] GC(1170)   Post Evacuate Collection Set: 0.43ms
[642.477s][info][gc,phases   ] GC(1170)   Other: 0.10ms
[642.477s][info][gc,heap     ] GC(1170) Eden regions: 111->0(129)
[642.477s][info][gc,heap     ] GC(1170) Survivor regions: 18->13(20)
[642.477s][info][gc,heap     ] GC(1170) Old regions: 93->110
[642.477s][info][gc,heap     ] GC(1170) Humongous regions: 6->6
[642.477s][info][gc,metaspace] GC(1170) Metaspace: 43187K(43648K)->43187K(43648K) NonClass: 38846K(39104K)->38846K(39104K) Class: 4341K(4544K)->4341K(4544K)
[642.477s][info][gc          ] GC(1170) Pause Young (Concurrent Start) (G1 Humongous Allocation) 226M->128M(297M) 34.227ms
[642.477s][info][gc          ] GC(1171) Concurrent Mark Cycle
[642.477s][info][gc,marking  ] GC(1171) Concurrent Scan Root Regions
[642.478s][info][gc,cpu      ] GC(1170) User=0.07s Sys=0.00s Real=0.03s
[642.504s][info][gc,marking  ] GC(1171) Concurrent Scan Root Regions 26.798ms
[642.504s][info][gc,marking  ] GC(1171) Concurrent Mark
[642.504s][info][gc,marking  ] GC(1171) Concurrent Mark From Roots
[642.504s][info][gc,task     ] GC(1171) Using 1 workers of 1 for marking
[642.585s][info][gc,marking  ] GC(1171) Concurrent Mark From Roots 81.479ms
[642.585s][info][gc,marking  ] GC(1171) Concurrent Preclean
[642.585s][info][gc,marking  ] GC(1171) Concurrent Preclean 0.061ms
[642.585s][info][gc,start    ] GC(1171) Pause Remark
[642.604s][info][gc          ] GC(1171) Pause Remark 155M->154M(297M) 18.280ms
[642.604s][info][gc,cpu      ] GC(1171) User=0.03s Sys=0.00s Real=0.02s
[642.604s][info][gc,marking  ] GC(1171) Concurrent Mark 100.110ms
[642.604s][info][gc,marking  ] GC(1171) Concurrent Rebuild Remembered Sets and Scrub Regions
[642.666s][info][gc,marking  ] GC(1171) Concurrent Rebuild Remembered Sets and Scrub Regions 61.842ms
[642.666s][info][gc,start    ] GC(1171) Pause Cleanup
[642.666s][info][gc          ] GC(1171) Pause Cleanup 181M->181M(297M) 0.068ms
[642.666s][info][gc,cpu      ] GC(1171) User=0.00s Sys=0.00s Real=0.00s
[642.666s][info][gc,marking  ] GC(1171) Concurrent Clear Claimed Marks
[642.666s][info][gc,marking  ] GC(1171) Concurrent Clear Claimed Marks 0.043ms
[642.666s][info][gc,marking  ] GC(1171) Concurrent Cleanup for Next Mark
[642.667s][info][gc,marking  ] GC(1171) Concurrent Cleanup for Next Mark 0.902ms
[642.667s][info][gc          ] GC(1171) Concurrent Mark Cycle 190.125ms
[642.875s][info][gc,start    ] GC(1172) Pause Young (Prepare Mixed) (G1 Evacuation Pause)
[642.875s][info][gc,task     ] GC(1172) Using 2 workers of 2 for evacuation
[642.912s][info][gc,phases   ] GC(1172)   Pre Evacuate Collection Set: 0.19ms
[642.912s][info][gc,phases   ] GC(1172)   Merge Heap Roots: 0.12ms
[642.912s][info][gc,phases   ] GC(1172)   Evacuate Collection Set: 36.72ms
[642.912s][info][gc,phases   ] GC(1172)   Post Evacuate Collection Set: 0.42ms
[642.912s][info][gc,phases   ] GC(1172)   Other: 0.07ms
[642.912s][info][gc,heap     ] GC(1172) Eden regions: 129->0(115)
[642.912s][info][gc,heap     ] GC(1172) Survivor regions: 13->15(18)
[642.912s][info][gc,heap     ] GC(1172) Old regions: 110->123
[642.912s][info][gc,heap     ] GC(1172) Humongous regions: 9->9
[642.912s][info][gc,metaspace] GC(1172) Metaspace: 43187K(43648K)->43187K(43648K) NonClass: 38846K(39104K)->38846K(39104K) Class: 4341K(4544K)->4341K(4544K)
[642.913s][info][gc          ] GC(1172) Pause Young (Prepare Mixed) (G1 Evacuation Pause) 260M->146M(297M) 37.737ms
[642.913s][info][gc,cpu      ] GC(1172) User=0.07s Sys=0.00s Real=0.04s
[644.223s][info][gc,start    ] GC(1173) Pause Young (Mixed) (G1 Evacuation Pause)
[644.223s][info][gc,task     ] GC(1173) Using 2 workers of 2 for evacuation
[644.280s][info][gc,phases   ] GC(1173)   Pre Evacuate Collection Set: 0.23ms
[644.280s][info][gc,phases   ] GC(1173)   Merge Heap Roots: 0.30ms
[644.280s][info][gc,phases   ] GC(1173)   Evacuate Collection Set: 55.56ms
[644.280s][info][gc,phases   ] GC(1173)   Post Evacuate Collection Set: 0.62ms
[644.280s][info][gc,phases   ] GC(1173)   Other: 0.11ms
[644.280s][info][gc,heap     ] GC(1173) Eden regions: 115->0(127)
[644.280s][info][gc,heap     ] GC(1173) Survivor regions: 15->6(17)
[644.280s][info][gc,heap     ] GC(1173) Old regions: 123->114
[644.280s][info][gc,heap     ] GC(1173) Humongous regions: 17->15
[644.280s][info][gc,metaspace] GC(1173) Metaspace: 43187K(43648K)->43187K(43648K) NonClass: 38846K(39104K)->38846K(39104K) Class: 4341K(4544K)->4341K(4544K)
[644.280s][info][gc          ] GC(1173) Pause Young (Mixed) (G1 Evacuation Pause) 269M->134M(297M) 57.039ms
[644.280s][info][gc,cpu      ] GC(1173) User=0.12s Sys=0.00s Real=0.05s
[644.784s][info][gc,start    ] GC(1174) Pause Young (Concurrent Start) (G1 Evacuation Pause)
[644.784s][info][gc,task     ] GC(1174) Using 2 workers of 2 for evacuation
[644.806s][info][gc,phases   ] GC(1174)   Pre Evacuate Collection Set: 0.21ms
[644.806s][info][gc,phases   ] GC(1174)   Merge Heap Roots: 0.13ms
[644.806s][info][gc,phases   ] GC(1174)   Evacuate Collection Set: 20.85ms
[644.806s][info][gc,phases   ] GC(1174)   Post Evacuate Collection Set: 0.45ms
[644.806s][info][gc,phases   ] GC(1174)   Other: 0.16ms
[644.806s][info][gc,heap     ] GC(1174) Eden regions: 127->0(123)
[644.806s][info][gc,heap     ] GC(1174) Survivor regions: 6->13(17)
[644.806s][info][gc,heap     ] GC(1174) Old regions: 114->114
[644.806s][info][gc,heap     ] GC(1174) Humongous regions: 15->15
[644.806s][info][gc,metaspace] GC(1174) Metaspace: 43187K(43648K)->43187K(43648K) NonClass: 38846K(39104K)->38846K(39104K) Class: 4341K(4544K)->4341K(4544K)
[644.806s][info][gc          ] GC(1174) Pause Young (Concurrent Start) (G1 Evacuation Pause) 261M->141M(297M) 22.069ms
[644.806s][info][gc,cpu      ] GC(1174) User=0.04s Sys=0.00s Real=0.02s
[644.806s][info][gc          ] GC(1175) Concurrent Mark Cycle
[644.806s][info][gc,marking  ] GC(1175) Concurrent Scan Root Regions
[644.817s][info][gc,marking  ] GC(1175) Concurrent Scan Root Regions 10.675ms
[644.817s][info][gc,marking  ] GC(1175) Concurrent Mark
[644.817s][info][gc,marking  ] GC(1175) Concurrent Mark From Roots
[644.817s][info][gc,task     ] GC(1175) Using 1 workers of 1 for marking
[644.854s][info][gc,marking  ] GC(1175) Concurrent Mark From Roots 36.967ms
[644.854s][info][gc,marking  ] GC(1175) Concurrent Preclean
[644.854s][info][gc,marking  ] GC(1175) Concurrent Preclean 0.040ms
[644.854s][info][gc,start    ] GC(1175) Pause Remark
[644.871s][info][gc          ] GC(1175) Pause Remark 147M->119M(297M) 16.892ms
[644.871s][info][gc,cpu      ] GC(1175) User=0.04s Sys=0.00s Real=0.01s
[644.871s][info][gc,marking  ] GC(1175) Concurrent Mark 54.217ms
[644.871s][info][gc,marking  ] GC(1175) Concurrent Rebuild Remembered Sets and Scrub Regions
[644.886s][info][gc,marking  ] GC(1175) Concurrent Rebuild Remembered Sets and Scrub Regions 14.752ms
[644.886s][info][gc,start    ] GC(1175) Pause Cleanup
[644.886s][info][gc          ] GC(1175) Pause Cleanup 122M->122M(297M) 0.077ms
[644.886s][info][gc,cpu      ] GC(1175) User=0.00s Sys=0.00s Real=0.00s
[644.886s][info][gc,marking  ] GC(1175) Concurrent Clear Claimed Marks
[644.887s][info][gc,marking  ] GC(1175) Concurrent Clear Claimed Marks 0.038ms
[644.887s][info][gc,marking  ] GC(1175) Concurrent Cleanup for Next Mark
[644.887s][info][gc,marking  ] GC(1175) Concurrent Cleanup for Next Mark 0.856ms
[644.887s][info][gc          ] GC(1175) Concurrent Mark Cycle 81.157ms
[645.471s][info][gc,start    ] GC(1176) Pause Young (Prepare Mixed) (G1 Evacuation Pause)
[645.471s][info][gc,task     ] GC(1176) Using 2 workers of 2 for evacuation
[645.483s][info][gc,phases   ] GC(1176)   Pre Evacuate Collection Set: 0.18ms
[645.483s][info][gc,phases   ] GC(1176)   Merge Heap Roots: 0.12ms
[645.483s][info][gc,phases   ] GC(1176)   Evacuate Collection Set: 10.75ms
[645.483s][info][gc,phases   ] GC(1176)   Post Evacuate Collection Set: 0.39ms
[645.483s][info][gc,phases   ] GC(1176)   Other: 0.10ms
[645.483s][info][gc,heap     ] GC(1176) Eden regions: 123->0(149)
[645.483s][info][gc,heap     ] GC(1176) Survivor regions: 13->13(17)
[645.483s][info][gc,heap     ] GC(1176) Old regions: 100->101
[645.483s][info][gc,heap     ] GC(1176) Humongous regions: 1->1
[645.483s][info][gc,metaspace] GC(1176) Metaspace: 43187K(43648K)->43187K(43648K) NonClass: 38846K(39104K)->38846K(39104K) Class: 4341K(4544K)->4341K(4544K)
[645.483s][info][gc          ] GC(1176) Pause Young (Prepare Mixed) (G1 Evacuation Pause) 236M->113M(297M) 11.738ms
[645.483s][info][gc,cpu      ] GC(1176) User=0.02s Sys=0.01s Real=0.02s
[646.448s][info][gc,start    ] GC(1177) Pause Young (Mixed) (G1 Evacuation Pause)
[646.448s][info][gc,task     ] GC(1177) Using 2 workers of 2 for evacuation
[646.459s][info][gc,phases   ] GC(1177)   Pre Evacuate Collection Set: 0.17ms
[646.459s][info][gc,phases   ] GC(1177)   Merge Heap Roots: 0.06ms
[646.459s][info][gc,phases   ] GC(1177)   Evacuate Collection Set: 9.85ms
[646.459s][info][gc,phases   ] GC(1177)   Post Evacuate Collection Set: 0.43ms
[646.459s][info][gc,phases   ] GC(1177)   Other: 0.08ms
[646.459s][info][gc,heap     ] GC(1177) Eden regions: 149->0(170)
[646.459s][info][gc,heap     ] GC(1177) Survivor regions: 13->8(21)
[646.459s][info][gc,heap     ] GC(1177) Old regions: 101->77
[646.459s][info][gc,heap     ] GC(1177) Humongous regions: 1->1
[646.459s][info][gc,metaspace] GC(1177) Metaspace: 43187K(43648K)->43187K(43648K) NonClass: 38846K(39104K)->38846K(39104K) Class: 4341K(4544K)->4341K(4544K)
[646.459s][info][gc          ] GC(1177) Pause Young (Mixed) (G1 Evacuation Pause) 262M->84M(297M) 10.843ms
[646.459s][info][gc,cpu      ] GC(1177) User=0.03s Sys=0.00s Real=0.01s
[647.542s][info][gc,start    ] GC(1178) Pause Young (Mixed) (G1 Evacuation Pause)
[647.542s][info][gc,task     ] GC(1178) Using 2 workers of 2 for evacuation
[647.566s][info][gc,phases   ] GC(1178)   Pre Evacuate Collection Set: 0.19ms
[647.566s][info][gc,phases   ] GC(1178)   Merge Heap Roots: 0.07ms
[647.566s][info][gc,phases   ] GC(1178)   Evacuate Collection Set: 23.47ms
[647.566s][info][gc,phases   ] GC(1178)   Post Evacuate Collection Set: 0.56ms
[647.566s][info][gc,phases   ] GC(1178)   Other: 0.13ms
[647.566s][info][gc,heap     ] GC(1178) Eden regions: 170->0(155)
[647.566s][info][gc,heap     ] GC(1178) Survivor regions: 8->23(23)
[647.566s][info][gc,heap     ] GC(1178) Old regions: 77->47
[647.566s][info][gc,heap     ] GC(1178) Humongous regions: 1->1
[647.566s][info][gc,metaspace] GC(1178) Metaspace: 43187K(43648K)->43187K(43648K) NonClass: 38846K(39104K)->38846K(39104K) Class: 4341K(4544K)->4341K(4544K)
[647.566s][info][gc          ] GC(1178) Pause Young (Mixed) (G1 Evacuation Pause) 254M->70M(297M) 24.657ms
[647.566s][info][gc,cpu      ] GC(1178) User=0.05s Sys=0.00s Real=0.03s
[648.517s][info][gc,start    ] GC(1179) Pause Young (Mixed) (G1 Evacuation Pause)
[648.517s][info][gc,task     ] GC(1179) Using 2 workers of 2 for evacuation
[648.553s][info][gc,phases   ] GC(1179)   Pre Evacuate Collection Set: 0.18ms
[648.553s][info][gc,phases   ] GC(1179)   Merge Heap Roots: 0.09ms
[648.553s][info][gc,phases   ] GC(1179)   Evacuate Collection Set: 34.59ms
[648.553s][info][gc,phases   ] GC(1179)   Post Evacuate Collection Set: 0.44ms
[648.553s][info][gc,phases   ] GC(1179)   Other: 0.09ms
[648.553s][info][gc,heap     ] GC(1179) Eden regions: 155->0(162)
[648.553s][info][gc,heap     ] GC(1179) Survivor regions: 23->16(23)
[648.553s][info][gc,heap     ] GC(1179) Old regions: 47->67
[648.553s][info][gc,heap     ] GC(1179) Humongous regions: 2->2
[648.553s][info][gc,metaspace] GC(1179) Metaspace: 43187K(43648K)->43187K(43648K) NonClass: 38846K(39104K)->38846K(39104K) Class: 4341K(4544K)->4341K(4544K)
[648.553s][info][gc          ] GC(1179) Pause Young (Mixed) (G1 Evacuation Pause) 226M->84M(297M) 35.601ms
[648.553s][info][gc,cpu      ] GC(1179) User=0.07s Sys=0.00s Real=0.04s
[649.580s][info][gc,start    ] GC(1180) Pause Young (Concurrent Start) (G1 Evacuation Pause)
[649.580s][info][gc,task     ] GC(1180) Using 2 workers of 2 for evacuation
[649.610s][info][gc,phases   ] GC(1180)   Pre Evacuate Collection Set: 0.18ms
[649.610s][info][gc,phases   ] GC(1180)   Merge Heap Roots: 0.08ms
[649.610s][info][gc,phases   ] GC(1180)   Evacuate Collection Set: 28.77ms
[649.610s][info][gc,phases   ] GC(1180)   Post Evacuate Collection Set: 0.49ms
[649.610s][info][gc,phases   ] GC(1180)   Other: 0.14ms
[649.610s][info][gc,heap     ] GC(1180) Eden regions: 162->0(160)
[649.610s][info][gc,heap     ] GC(1180) Survivor regions: 16->15(23)
[649.610s][info][gc,heap     ] GC(1180) Old regions: 67->83
[649.610s][info][gc,heap     ] GC(1180) Humongous regions: 2->2
[649.610s][info][gc,metaspace] GC(1180) Metaspace: 43187K(43648K)->43187K(43648K) NonClass: 38846K(39104K)->38846K(39104K) Class: 4341K(4544K)->4341K(4544K)
[649.610s][info][gc          ] GC(1180) Pause Young (Concurrent Start) (G1 Evacuation Pause) 246M->99M(297M) 29.895ms
[649.610s][info][gc,cpu      ] GC(1180) User=0.05s Sys=0.00s Real=0.03s
[649.610s][info][gc          ] GC(1181) Concurrent Mark Cycle
[649.610s][info][gc,marking  ] GC(1181) Concurrent Scan Root Regions
[649.650s][info][gc,marking  ] GC(1181) Concurrent Scan Root Regions 39.713ms
[649.650s][info][gc,marking  ] GC(1181) Concurrent Mark
[649.650s][info][gc,marking  ] GC(1181) Concurrent Mark From Roots
[649.650s][info][gc,task     ] GC(1181) Using 1 workers of 1 for marking
[649.694s][info][gc,marking  ] GC(1181) Concurrent Mark From Roots 44.329ms
[649.695s][info][gc,marking  ] GC(1181) Concurrent Preclean
[649.695s][info][gc,marking  ] GC(1181) Concurrent Preclean 0.038ms
[649.695s][info][gc,start    ] GC(1181) Pause Remark
[649.713s][info][gc          ] GC(1181) Pause Remark 117M->107M(297M) 18.022ms
[649.713s][info][gc,cpu      ] GC(1181) User=0.04s Sys=0.00s Real=0.02s
[649.713s][info][gc,marking  ] GC(1181) Concurrent Mark 62.678ms
[649.713s][info][gc,marking  ] GC(1181) Concurrent Rebuild Remembered Sets and Scrub Regions
[649.741s][info][gc,marking  ] GC(1181) Concurrent Rebuild Remembered Sets and Scrub Regions 28.237ms
[649.741s][info][gc,start    ] GC(1181) Pause Cleanup
[649.741s][info][gc          ] GC(1181) Pause Cleanup 110M->110M(297M) 0.082ms
[649.741s][info][gc,cpu      ] GC(1181) User=0.00s Sys=0.00s Real=0.00s
[649.741s][info][gc,marking  ] GC(1181) Concurrent Clear Claimed Marks
[649.741s][info][gc,marking  ] GC(1181) Concurrent Clear Claimed Marks 0.037ms
[649.741s][info][gc,marking  ] GC(1181) Concurrent Cleanup for Next Mark
[649.742s][info][gc,marking  ] GC(1181) Concurrent Cleanup for Next Mark 0.866ms
[649.742s][info][gc          ] GC(1181) Concurrent Mark Cycle 131.854ms
[650.434s][info][gc,start    ] GC(1182) Pause Young (Prepare Mixed) (G1 Evacuation Pause)
[650.434s][info][gc,task     ] GC(1182) Using 2 workers of 2 for evacuation
[650.451s][info][gc,phases   ] GC(1182)   Pre Evacuate Collection Set: 0.25ms
[650.451s][info][gc,phases   ] GC(1182)   Merge Heap Roots: 0.26ms
[650.451s][info][gc,phases   ] GC(1182)   Evacuate Collection Set: 15.43ms
[650.451s][info][gc,phases   ] GC(1182)   Post Evacuate Collection Set: 0.67ms
[650.451s][info][gc,phases   ] GC(1182)   Other: 0.09ms
[650.451s][info][gc,heap     ] GC(1182) Eden regions: 160->0(169)
[650.451s][info][gc,heap     ] GC(1182) Survivor regions: 15->9(22)
[650.451s][info][gc,heap     ] GC(1182) Old regions: 73->75
[650.451s][info][gc,heap     ] GC(1182) Humongous regions: 16->4
[650.451s][info][gc,metaspace] GC(1182) Metaspace: 43187K(43648K)->43187K(43648K) NonClass: 38846K(39104K)->38846K(39104K) Class: 4341K(4544K)->4341K(4544K)
[650.451s][info][gc          ] GC(1182) Pause Young (Prepare Mixed) (G1 Evacuation Pause) 263M->87M(297M) 16.914ms
[650.451s][info][gc,cpu      ] GC(1182) User=0.02s Sys=0.00s Real=0.01s
[651.213s][info][gc,start    ] GC(1183) Pause Young (Mixed) (G1 Evacuation Pause)
[651.213s][info][gc,task     ] GC(1183) Using 2 workers of 2 for evacuation
[651.227s][info][gc,phases   ] GC(1183)   Pre Evacuate Collection Set: 0.28ms
[651.227s][info][gc,phases   ] GC(1183)   Merge Heap Roots: 0.28ms
[651.227s][info][gc,phases   ] GC(1183)   Evacuate Collection Set: 13.09ms
[651.227s][info][gc,phases   ] GC(1183)   Post Evacuate Collection Set: 0.50ms
[651.227s][info][gc,phases   ] GC(1183)   Other: 0.08ms
[651.227s][info][gc,heap     ] GC(1183) Eden regions: 169->0(166)
[651.227s][info][gc,heap     ] GC(1183) Survivor regions: 9->12(23)
[651.227s][info][gc,heap     ] GC(1183) Old regions: 75->59
[651.227s][info][gc,heap     ] GC(1183) Humongous regions: 14->4
[651.227s][info][gc,metaspace] GC(1183) Metaspace: 43187K(43648K)->43187K(43648K) NonClass: 38846K(39104K)->38846K(39104K) Class: 4341K(4544K)->4341K(4544K)
[651.227s][info][gc          ] GC(1183) Pause Young (Mixed) (G1 Evacuation Pause) 266M->74M(297M) 14.431ms
[651.227s][info][gc,cpu      ] GC(1183) User=0.02s Sys=0.00s Real=0.01s
[651.330s][info][gc,start    ] GC(1184) Pause Young (Concurrent Start) (G1 Humongous Allocation)
[651.330s][info][gc,task     ] GC(1184) Using 2 workers of 2 for evacuation
[651.336s][info][gc,phases   ] GC(1184)   Pre Evacuate Collection Set: 0.18ms
[651.336s][info][gc,phases   ] GC(1184)   Merge Heap Roots: 0.05ms
[651.336s][info][gc,phases   ] GC(1184)   Evacuate Collection Set: 4.74ms
[651.336s][info][gc,phases   ] GC(1184)   Post Evacuate Collection Set: 0.33ms
[651.336s][info][gc,phases   ] GC(1184)   Other: 0.10ms
[651.336s][info][gc,heap     ] GC(1184) Eden regions: 23->0(170)
[651.336s][info][gc,heap     ] GC(1184) Survivor regions: 12->8(23)
[651.336s][info][gc,heap     ] GC(1184) Old regions: 59->59
[651.336s][info][gc,heap     ] GC(1184) Humongous regions: 4->2
[651.336s][info][gc,metaspace] GC(1184) Metaspace: 43187K(43648K)->43187K(43648K) NonClass: 38846K(39104K)->38846K(39104K) Class: 4341K(4544K)->4341K(4544K)
[651.336s][info][gc          ] GC(1184) Pause Young (Concurrent Start) (G1 Humongous Allocation) 97M->67M(297M) 5.600ms
[651.336s][info][gc          ] GC(1185) Concurrent Mark Cycle
[651.336s][info][gc,marking  ] GC(1185) Concurrent Scan Root Regions
[651.336s][info][gc,cpu      ] GC(1184) User=0.01s Sys=0.00s Real=0.01s
[651.348s][info][gc,marking  ] GC(1185) Concurrent Scan Root Regions 11.663ms
[651.348s][info][gc,marking  ] GC(1185) Concurrent Mark
[651.348s][info][gc,marking  ] GC(1185) Concurrent Mark From Roots
[651.348s][info][gc,task     ] GC(1185) Using 1 workers of 1 for marking
[651.386s][info][gc,marking  ] GC(1185) Concurrent Mark From Roots 38.163ms
[651.386s][info][gc,marking  ] GC(1185) Concurrent Preclean
[651.386s][info][gc,marking  ] GC(1185) Concurrent Preclean 0.041ms
[651.386s][info][gc,start    ] GC(1185) Pause Remark
[651.403s][info][gc          ] GC(1185) Pause Remark 77M->69M(256M) 17.191ms
[651.403s][info][gc,cpu      ] GC(1185) User=0.03s Sys=0.00s Real=0.02s
[651.403s][info][gc,marking  ] GC(1185) Concurrent Mark 55.709ms
[651.403s][info][gc,marking  ] GC(1185) Concurrent Rebuild Remembered Sets and Scrub Regions
[651.419s][info][gc,marking  ] GC(1185) Concurrent Rebuild Remembered Sets and Scrub Regions 15.208ms
[651.419s][info][gc,start    ] GC(1185) Pause Cleanup
[651.419s][info][gc          ] GC(1185) Pause Cleanup 71M->71M(256M) 0.054ms
[651.419s][info][gc,cpu      ] GC(1185) User=0.00s Sys=0.00s Real=0.00s
[651.419s][info][gc,marking  ] GC(1185) Concurrent Clear Claimed Marks
[651.419s][info][gc,marking  ] GC(1185) Concurrent Clear Claimed Marks 0.038ms
[651.419s][info][gc,marking  ] GC(1185) Concurrent Cleanup for Next Mark
[651.420s][info][gc,marking  ] GC(1185) Concurrent Cleanup for Next Mark 0.760ms
[651.420s][info][gc          ] GC(1185) Concurrent Mark Cycle 83.639ms
[652.024s][info][gc,start    ] GC(1186) Pause Young (Prepare Mixed) (G1 Evacuation Pause)
[652.024s][info][gc,task     ] GC(1186) Using 2 workers of 2 for evacuation
[652.048s][info][gc,phases   ] GC(1186)   Pre Evacuate Collection Set: 0.25ms
[652.048s][info][gc,phases   ] GC(1186)   Merge Heap Roots: 0.24ms
[652.048s][info][gc,phases   ] GC(1186)   Evacuate Collection Set: 22.82ms
[652.048s][info][gc,phases   ] GC(1186)   Post Evacuate Collection Set: 0.53ms
[652.048s][info][gc,phases   ] GC(1186)   Other: 0.09ms
[652.048s][info][gc,heap     ] GC(1186) Eden regions: 145->0(133)
[652.048s][info][gc,heap     ] GC(1186) Survivor regions: 8->20(20)
[652.048s][info][gc,heap     ] GC(1186) Old regions: 52->56
[652.048s][info][gc,heap     ] GC(1186) Humongous regions: 9->3
[652.048s][info][gc,metaspace] GC(1186) Metaspace: 43187K(43648K)->43187K(43648K) NonClass: 38846K(39104K)->38846K(39104K) Class: 4341K(4544K)->4341K(4544K)
[652.048s][info][gc          ] GC(1186) Pause Young (Prepare Mixed) (G1 Evacuation Pause) 212M->77M(256M) 24.126ms
[652.048s][info][gc,cpu      ] GC(1186) User=0.04s Sys=0.01s Real=0.02s
[652.748s][info][gc,start    ] GC(1187) Pause Young (Mixed) (G1 Evacuation Pause)
[652.748s][info][gc,task     ] GC(1187) Using 2 workers of 2 for evacuation
[652.776s][info][gc,phases   ] GC(1187)   Pre Evacuate Collection Set: 0.18ms
[652.777s][info][gc,phases   ] GC(1187)   Merge Heap Roots: 0.11ms
[652.777s][info][gc,phases   ] GC(1187)   Evacuate Collection Set: 27.70ms
[652.777s][info][gc,phases   ] GC(1187)   Post Evacuate Collection Set: 0.56ms
[652.777s][info][gc,phases   ] GC(1187)   Other: 0.11ms
[652.777s][info][gc,heap     ] GC(1187) Eden regions: 133->0(139)
[652.777s][info][gc,heap     ] GC(1187) Survivor regions: 20->14(20)
[652.777s][info][gc,heap     ] GC(1187) Old regions: 56->53
[652.777s][info][gc,heap     ] GC(1187) Humongous regions: 7->3
[652.777s][info][gc,metaspace] GC(1187) Metaspace: 43208K(43648K)->43208K(43648K) NonClass: 38867K(39104K)->38867K(39104K) Class: 4341K(4544K)->4341K(4544K)
[652.777s][info][gc          ] GC(1187) Pause Young (Mixed) (G1 Evacuation Pause) 214M->69M(256M) 28.930ms
[652.777s][info][gc,cpu      ] GC(1187) User=0.05s Sys=0.00s Real=0.03s
[652.799s][info][gc,start    ] GC(1188) Pause Young (Concurrent Start) (G1 Humongous Allocation)
[652.799s][info][gc,task     ] GC(1188) Using 2 workers of 2 for evacuation
[652.813s][info][gc,phases   ] GC(1188)   Pre Evacuate Collection Set: 0.18ms
[652.813s][info][gc,phases   ] GC(1188)   Merge Heap Roots: 0.09ms
[652.813s][info][gc,phases   ] GC(1188)   Evacuate Collection Set: 13.11ms
[652.813s][info][gc,phases   ] GC(1188)   Post Evacuate Collection Set: 0.37ms
[652.813s][info][gc,phases   ] GC(1188)   Other: 0.09ms
[652.813s][info][gc,heap     ] GC(1188) Eden regions: 7->0(152)
[652.813s][info][gc,heap     ] GC(1188) Survivor regions: 14->1(20)
[652.813s][info][gc,heap     ] GC(1188) Old regions: 53->65
[652.813s][info][gc,heap     ] GC(1188) Humongous regions: 3->1
[652.813s][info][gc,metaspace] GC(1188) Metaspace: 43208K(43648K)->43208K(43648K) NonClass: 38867K(39104K)->38867K(39104K) Class: 4341K(4544K)->4341K(4544K)
[652.813s][info][gc          ] GC(1188) Pause Young (Concurrent Start) (G1 Humongous Allocation) 76M->66M(256M) 14.063ms
[652.813s][info][gc          ] GC(1189) Concurrent Mark Cycle
[652.813s][info][gc,marking  ] GC(1189) Concurrent Scan Root Regions
[652.815s][info][gc,cpu      ] GC(1188) User=0.03s Sys=0.00s Real=0.02s
[652.834s][info][gc,marking  ] GC(1189) Concurrent Scan Root Regions 20.411ms
[652.834s][info][gc,marking  ] GC(1189) Concurrent Mark
[652.834s][info][gc,marking  ] GC(1189) Concurrent Mark From Roots
[652.834s][info][gc,task     ] GC(1189) Using 1 workers of 1 for marking
[652.891s][info][gc,marking  ] GC(1189) Concurrent Mark From Roots 57.358ms
[652.891s][info][gc,marking  ] GC(1189) Concurrent Preclean
[652.891s][info][gc,marking  ] GC(1189) Concurrent Preclean 0.042ms
[652.891s][info][gc,start    ] GC(1189) Pause Remark
[652.909s][info][gc          ] GC(1189) Pause Remark 81M->81M(256M) 17.683ms
[652.909s][info][gc,cpu      ] GC(1189) User=0.03s Sys=0.00s Real=0.02s
[652.910s][info][gc,marking  ] GC(1189) Concurrent Mark 76.418ms
[652.910s][info][gc,marking  ] GC(1189) Concurrent Rebuild Remembered Sets and Scrub Regions
[652.942s][info][gc,marking  ] GC(1189) Concurrent Rebuild Remembered Sets and Scrub Regions 32.077ms
[652.943s][info][gc,start    ] GC(1189) Pause Cleanup
[652.943s][info][gc          ] GC(1189) Pause Cleanup 86M->86M(256M) 0.061ms
[652.943s][info][gc,cpu      ] GC(1189) User=0.00s Sys=0.00s Real=0.00s
[652.943s][info][gc,marking  ] GC(1189) Concurrent Clear Claimed Marks
[652.943s][info][gc,marking  ] GC(1189) Concurrent Clear Claimed Marks 0.043ms
[652.943s][info][gc,marking  ] GC(1189) Concurrent Cleanup for Next Mark
[652.944s][info][gc,marking  ] GC(1189) Concurrent Cleanup for Next Mark 0.790ms
[652.944s][info][gc          ] GC(1189) Concurrent Mark Cycle 130.167ms
[653.499s][info][gc,start    ] GC(1190) Pause Young (Prepare Mixed) (G1 Evacuation Pause)
[653.499s][info][gc,task     ] GC(1190) Using 2 workers of 2 for evacuation
[653.503s][info][gc,phases   ] GC(1190)   Pre Evacuate Collection Set: 0.18ms
[653.503s][info][gc,phases   ] GC(1190)   Merge Heap Roots: 0.06ms
[653.503s][info][gc,phases   ] GC(1190)   Evacuate Collection Set: 3.48ms
[653.503s][info][gc,phases   ] GC(1190)   Post Evacuate Collection Set: 0.45ms
[653.503s][info][gc,phases   ] GC(1190)   Other: 0.07ms
[653.503s][info][gc,heap     ] GC(1190) Eden regions: 152->0(150)
[653.503s][info][gc,heap     ] GC(1190) Survivor regions: 1->3(20)
[653.503s][info][gc,heap     ] GC(1190) Old regions: 65->65
[653.503s][info][gc,heap     ] GC(1190) Humongous regions: 15->3
[653.503s][info][gc,metaspace] GC(1190) Metaspace: 43208K(43648K)->43208K(43648K) NonClass: 38867K(39104K)->38867K(39104K) Class: 4341K(4544K)->4341K(4544K)
[653.503s][info][gc          ] GC(1190) Pause Young (Prepare Mixed) (G1 Evacuation Pause) 232M->70M(256M) 4.462ms
[653.503s][info][gc,cpu      ] GC(1190) User=0.00s Sys=0.00s Real=0.01s
[654.157s][info][gc,start    ] GC(1191) Pause Young (Mixed) (G1 Evacuation Pause)
[654.157s][info][gc,task     ] GC(1191) Using 2 workers of 2 for evacuation
[654.163s][info][gc,phases   ] GC(1191)   Pre Evacuate Collection Set: 0.23ms
[654.163s][info][gc,phases   ] GC(1191)   Merge Heap Roots: 0.13ms
[654.163s][info][gc,phases   ] GC(1191)   Evacuate Collection Set: 4.66ms
[654.163s][info][gc,phases   ] GC(1191)   Post Evacuate Collection Set: 0.53ms
[654.163s][info][gc,phases   ] GC(1191)   Other: 0.08ms
[654.163s][info][gc,heap     ] GC(1191) Eden regions: 150->0(151)
[654.163s][info][gc,heap     ] GC(1191) Survivor regions: 3->2(20)
[654.163s][info][gc,heap     ] GC(1191) Old regions: 65->60
[654.163s][info][gc,heap     ] GC(1191) Humongous regions: 17->3
[654.163s][info][gc,metaspace] GC(1191) Metaspace: 43208K(43648K)->43208K(43648K) NonClass: 38867K(39104K)->38867K(39104K) Class: 4341K(4544K)->4341K(4544K)
[654.163s][info][gc          ] GC(1191) Pause Young (Mixed) (G1 Evacuation Pause) 234M->64M(256M) 5.821ms
[654.163s][info][gc,cpu      ] GC(1191) User=0.01s Sys=0.00s Real=0.01s
[654.251s][info][gc,start    ] GC(1192) Pause Young (Concurrent Start) (G1 Humongous Allocation)
[654.251s][info][gc,task     ] GC(1192) Using 2 workers of 2 for evacuation
[654.254s][info][gc,phases   ] GC(1192)   Pre Evacuate Collection Set: 0.17ms
[654.254s][info][gc,phases   ] GC(1192)   Merge Heap Roots: 0.05ms
[654.254s][info][gc,phases   ] GC(1192)   Evacuate Collection Set: 2.29ms
[654.254s][info][gc,phases   ] GC(1192)   Post Evacuate Collection Set: 0.30ms
[654.254s][info][gc,phases   ] GC(1192)   Other: 0.08ms
[654.254s][info][gc,heap     ] GC(1192) Eden regions: 22->0(150)
[654.254s][info][gc,heap     ] GC(1192) Survivor regions: 2->3(20)
[654.254s][info][gc,heap     ] GC(1192) Old regions: 60->60
[654.254s][info][gc,heap     ] GC(1192) Humongous regions: 3->1
[654.254s][info][gc,metaspace] GC(1192) Metaspace: 43208K(43648K)->43208K(43648K) NonClass: 38867K(39104K)->38867K(39104K) Class: 4341K(4544K)->4341K(4544K)
[654.254s][info][gc          ] GC(1192) Pause Young (Concurrent Start) (G1 Humongous Allocation) 86M->63M(256M) 3.072ms
[654.254s][info][gc,cpu      ] GC(1192) User=0.01s Sys=0.00s Real=0.01s
[654.254s][info][gc          ] GC(1193) Concurrent Mark Cycle
[654.255s][info][gc,marking  ] GC(1193) Concurrent Scan Root Regions
[654.257s][info][gc,marking  ] GC(1193) Concurrent Scan Root Regions 2.561ms
[654.257s][info][gc,marking  ] GC(1193) Concurrent Mark
[654.257s][info][gc,marking  ] GC(1193) Concurrent Mark From Roots
[654.257s][info][gc,task     ] GC(1193) Using 1 workers of 1 for marking
[654.312s][info][gc,marking  ] GC(1193) Concurrent Mark From Roots 54.972ms
[654.312s][info][gc,marking  ] GC(1193) Concurrent Preclean
[654.312s][info][gc,marking  ] GC(1193) Concurrent Preclean 0.053ms
[654.312s][info][gc,start    ] GC(1193) Pause Remark
[654.330s][info][gc          ] GC(1193) Pause Remark 78M->72M(256M) 17.458ms
[654.330s][info][gc,cpu      ] GC(1193) User=0.04s Sys=0.00s Real=0.01s
[654.330s][info][gc,marking  ] GC(1193) Concurrent Mark 72.838ms
[654.330s][info][gc,marking  ] GC(1193) Concurrent Rebuild Remembered Sets and Scrub Regions
[654.353s][info][gc,marking  ] GC(1193) Concurrent Rebuild Remembered Sets and Scrub Regions 23.371ms
[654.354s][info][gc,start    ] GC(1193) Pause Cleanup
[654.354s][info][gc          ] GC(1193) Pause Cleanup 77M->77M(256M) 0.057ms
[654.354s][info][gc,cpu      ] GC(1193) User=0.00s Sys=0.00s Real=0.00s
[654.354s][info][gc,marking  ] GC(1193) Concurrent Clear Claimed Marks
[654.354s][info][gc,marking  ] GC(1193) Concurrent Clear Claimed Marks 0.064ms
[654.354s][info][gc,marking  ] GC(1193) Concurrent Cleanup for Next Mark
[654.355s][info][gc,marking  ] GC(1193) Concurrent Cleanup for Next Mark 0.792ms
[654.355s][info][gc          ] GC(1193) Concurrent Mark Cycle 100.084ms
[654.997s][info][gc,start    ] GC(1194) Pause Young (Prepare Mixed) (G1 Evacuation Pause)
[654.997s][info][gc,task     ] GC(1194) Using 2 workers of 2 for evacuation
[655.021s][info][gc,phases   ] GC(1194)   Pre Evacuate Collection Set: 0.18ms
[655.021s][info][gc,phases   ] GC(1194)   Merge Heap Roots: 0.08ms
[655.021s][info][gc,phases   ] GC(1194)   Evacuate Collection Set: 22.98ms
[655.021s][info][gc,phases   ] GC(1194)   Post Evacuate Collection Set: 0.64ms
[655.021s][info][gc,phases   ] GC(1194)   Other: 0.09ms
[655.021s][info][gc,heap     ] GC(1194) Eden regions: 150->0(133)
[655.021s][info][gc,heap     ] GC(1194) Survivor regions: 3->20(20)
[655.021s][info][gc,heap     ] GC(1194) Old regions: 54->60
[655.021s][info][gc,heap     ] GC(1194) Humongous regions: 7->3
[655.021s][info][gc,metaspace] GC(1194) Metaspace: 43208K(43648K)->43208K(43648K) NonClass: 38867K(39104K)->38867K(39104K) Class: 4341K(4544K)->4341K(4544K)
[655.021s][info][gc          ] GC(1194) Pause Young (Prepare Mixed) (G1 Evacuation Pause) 213M->82M(256M) 24.183ms
[655.021s][info][gc,cpu      ] GC(1194) User=0.04s Sys=0.00s Real=0.02s
[655.665s][info][gc,start    ] GC(1195) Pause Young (Mixed) (G1 Evacuation Pause)
[655.665s][info][gc,task     ] GC(1195) Using 2 workers of 2 for evacuation
[655.701s][info][gc,phases   ] GC(1195)   Pre Evacuate Collection Set: 0.20ms
[655.701s][info][gc,phases   ] GC(1195)   Merge Heap Roots: 0.13ms
[655.701s][info][gc,phases   ] GC(1195)   Evacuate Collection Set: 34.32ms
[655.701s][info][gc,phases   ] GC(1195)   Post Evacuate Collection Set: 0.55ms
[655.701s][info][gc,phases   ] GC(1195)   Other: 0.08ms
[655.701s][info][gc,heap     ] GC(1195) Eden regions: 133->0(130)
[655.701s][info][gc,heap     ] GC(1195) Survivor regions: 20->20(20)
[655.701s][info][gc,heap     ] GC(1195) Old regions: 60->60
[655.701s][info][gc,heap     ] GC(1195) Humongous regions: 3->3
[655.701s][info][gc,metaspace] GC(1195) Metaspace: 43209K(43648K)->43209K(43648K) NonClass: 38868K(39104K)->38868K(39104K) Class: 4341K(4544K)->4341K(4544K)
[655.701s][info][gc          ] GC(1195) Pause Young (Mixed) (G1 Evacuation Pause) 215M->82M(256M) 35.553ms
[655.701s][info][gc,cpu      ] GC(1195) User=0.07s Sys=0.00s Real=0.03s
[656.029s][info][gc,start    ] GC(1196) Pause Young (Concurrent Start) (G1 Humongous Allocation)
[656.029s][info][gc,task     ] GC(1196) Using 2 workers of 2 for evacuation
[656.072s][info][gc,phases   ] GC(1196)   Pre Evacuate Collection Set: 0.21ms
[656.072s][info][gc,phases   ] GC(1196)   Merge Heap Roots: 0.15ms
[656.072s][info][gc,phases   ] GC(1196)   Evacuate Collection Set: 42.35ms
[656.072s][info][gc,phases   ] GC(1196)   Post Evacuate Collection Set: 0.41ms
[656.072s][info][gc,phases   ] GC(1196)   Other: 0.11ms
[656.072s][info][gc,heap     ] GC(1196) Eden regions: 69->0(96)
[656.072s][info][gc,heap     ] GC(1196) Survivor regions: 20->19(19)
[656.072s][info][gc,heap     ] GC(1196) Old regions: 60->80
[656.072s][info][gc,heap     ] GC(1196) Humongous regions: 3->1
[656.072s][info][gc,metaspace] GC(1196) Metaspace: 43209K(43648K)->43209K(43648K) NonClass: 38868K(39104K)->38868K(39104K) Class: 4341K(4544K)->4341K(4544K)
[656.072s][info][gc          ] GC(1196) Pause Young (Concurrent Start) (G1 Humongous Allocation) 150M->99M(256M) 43.462ms
[656.072s][info][gc          ] GC(1197) Concurrent Mark Cycle
[656.072s][info][gc,marking  ] GC(1197) Concurrent Scan Root Regions
[656.074s][info][gc,cpu      ] GC(1196) User=0.09s Sys=0.00s Real=0.05s
[656.126s][info][gc,marking  ] GC(1197) Concurrent Scan Root Regions 53.602ms
[656.126s][info][gc,marking  ] GC(1197) Concurrent Mark
[656.126s][info][gc,marking  ] GC(1197) Concurrent Mark From Roots
[656.126s][info][gc,task     ] GC(1197) Using 1 workers of 1 for marking
[656.205s][info][gc,marking  ] GC(1197) Concurrent Mark From Roots 78.622ms
[656.205s][info][gc,marking  ] GC(1197) Concurrent Preclean
[656.205s][info][gc,marking  ] GC(1197) Concurrent Preclean 0.071ms
[656.206s][info][gc,start    ] GC(1197) Pause Remark
[656.240s][info][gc          ] GC(1197) Pause Remark 125M->125M(256M) 34.352ms
[656.240s][info][gc,cpu      ] GC(1197) User=0.03s Sys=0.00s Real=0.03s
[656.242s][info][gc,marking  ] GC(1197) Concurrent Mark 116.158ms
[656.242s][info][gc,marking  ] GC(1197) Concurrent Rebuild Remembered Sets and Scrub Regions
[656.291s][info][gc,marking  ] GC(1197) Concurrent Rebuild Remembered Sets and Scrub Regions 48.504ms
[656.291s][info][gc,start    ] GC(1197) Pause Cleanup
[656.291s][info][gc          ] GC(1197) Pause Cleanup 134M->134M(256M) 0.054ms
[656.291s][info][gc,cpu      ] GC(1197) User=0.00s Sys=0.00s Real=0.00s
[656.291s][info][gc,marking  ] GC(1197) Concurrent Clear Claimed Marks
[656.291s][info][gc,marking  ] GC(1197) Concurrent Clear Claimed Marks 0.042ms
[656.291s][info][gc,marking  ] GC(1197) Concurrent Cleanup for Next Mark
[656.292s][info][gc,marking  ] GC(1197) Concurrent Cleanup for Next Mark 0.786ms
[656.292s][info][gc          ] GC(1197) Concurrent Mark Cycle 219.496ms
[656.549s][info][gc,start    ] GC(1198) Pause Young (Prepare Mixed) (G1 Evacuation Pause)
[656.549s][info][gc,task     ] GC(1198) Using 2 workers of 2 for evacuation
[656.581s][info][gc,phases   ] GC(1198)   Pre Evacuate Collection Set: 0.18ms
[656.581s][info][gc,phases   ] GC(1198)   Merge Heap Roots: 0.16ms
[656.581s][info][gc,phases   ] GC(1198)   Evacuate Collection Set: 31.54ms
[656.581s][info][gc,phases   ] GC(1198)   Post Evacuate Collection Set: 0.42ms
[656.581s][info][gc,phases   ] GC(1198)   Other: 0.08ms
[656.581s][info][gc,heap     ] GC(1198) Eden regions: 96->0(91)
[656.581s][info][gc,heap     ] GC(1198) Survivor regions: 19->12(15)
[656.581s][info][gc,heap     ] GC(1198) Old regions: 80->99
[656.581s][info][gc,heap     ] GC(1198) Humongous regions: 5->3
[656.581s][info][gc,metaspace] GC(1198) Metaspace: 43209K(43648K)->43209K(43648K) NonClass: 38868K(39104K)->38868K(39104K) Class: 4341K(4544K)->4341K(4544K)
[656.581s][info][gc          ] GC(1198) Pause Young (Prepare Mixed) (G1 Evacuation Pause) 199M->113M(256M) 32.612ms
[656.581s][info][gc,cpu      ] GC(1198) User=0.06s Sys=0.00s Real=0.03s
[656.960s][info][gc,start    ] GC(1199) Pause Young (Mixed) (G1 Evacuation Pause)
[656.960s][info][gc,task     ] GC(1199) Using 2 workers of 2 for evacuation
[656.971s][info][gc,phases   ] GC(1199)   Pre Evacuate Collection Set: 0.17ms
[656.971s][info][gc,phases   ] GC(1199)   Merge Heap Roots: 0.18ms
[656.971s][info][gc,phases   ] GC(1199)   Evacuate Collection Set: 10.65ms
[656.971s][info][gc,phases   ] GC(1199)   Post Evacuate Collection Set: 0.38ms
[656.971s][info][gc,phases   ] GC(1199)   Other: 0.10ms
[656.971s][info][gc,heap     ] GC(1199) Eden regions: 91->0(102)
[656.971s][info][gc,heap     ] GC(1199) Survivor regions: 12->3(13)
[656.971s][info][gc,heap     ] GC(1199) Old regions: 99->100
[656.971s][info][gc,heap     ] GC(1199) Humongous regions: 9->3
[656.971s][info][gc,metaspace] GC(1199) Metaspace: 43209K(43648K)->43209K(43648K) NonClass: 38868K(39104K)->38868K(39104K) Class: 4341K(4544K)->4341K(4544K)
[656.971s][info][gc          ] GC(1199) Pause Young (Mixed) (G1 Evacuation Pause) 210M->105M(256M) 11.674ms
[656.971s][info][gc,cpu      ] GC(1199) User=0.02s Sys=0.00s Real=0.01s
[657.008s][info][gc,start    ] GC(1200) Pause Young (Concurrent Start) (G1 Humongous Allocation)
[657.008s][info][gc,task     ] GC(1200) Using 2 workers of 2 for evacuation
[657.010s][info][gc,phases   ] GC(1200)   Pre Evacuate Collection Set: 0.17ms
[657.010s][info][gc,phases   ] GC(1200)   Merge Heap Roots: 0.07ms
[657.010s][info][gc,phases   ] GC(1200)   Evacuate Collection Set: 1.31ms
[657.010s][info][gc,phases   ] GC(1200)   Post Evacuate Collection Set: 0.29ms
[657.010s][info][gc,phases   ] GC(1200)   Other: 0.08ms
[657.010s][info][gc,heap     ] GC(1200) Eden regions: 13->0(112)
[657.010s][info][gc,heap     ] GC(1200) Survivor regions: 3->2(14)
[657.010s][info][gc,heap     ] GC(1200) Old regions: 100->100
[657.010s][info][gc,heap     ] GC(1200) Humongous regions: 3->1
[657.010s][info][gc,metaspace] GC(1200) Metaspace: 43209K(43648K)->43209K(43648K) NonClass: 38868K(39104K)->38868K(39104K) Class: 4341K(4544K)->4341K(4544K)
[657.010s][info][gc          ] GC(1200) Pause Young (Concurrent Start) (G1 Humongous Allocation) 118M->102M(256M) 2.121ms
[657.010s][info][gc          ] GC(1201) Concurrent Mark Cycle
[657.010s][info][gc,marking  ] GC(1201) Concurrent Scan Root Regions
[657.011s][info][gc,marking  ] GC(1201) Concurrent Scan Root Regions 1.259ms
[657.011s][info][gc,marking  ] GC(1201) Concurrent Mark
[657.011s][info][gc,marking  ] GC(1201) Concurrent Mark From Roots
[657.011s][info][gc,task     ] GC(1201) Using 1 workers of 1 for marking
[657.011s][info][gc,cpu      ] GC(1200) User=0.00s Sys=0.00s Real=0.00s
[657.073s][info][gc,marking  ] GC(1201) Concurrent Mark From Roots 62.272ms
[657.073s][info][gc,marking  ] GC(1201) Concurrent Preclean
[657.073s][info][gc,marking  ] GC(1201) Concurrent Preclean 0.039ms
[657.074s][info][gc,start    ] GC(1201) Pause Remark
[657.091s][info][gc          ] GC(1201) Pause Remark 119M->97M(256M) 17.225ms
[657.091s][info][gc,cpu      ] GC(1201) User=0.03s Sys=0.00s Real=0.01s
[657.091s][info][gc,marking  ] GC(1201) Concurrent Mark 79.831ms
[657.091s][info][gc,marking  ] GC(1201) Concurrent Rebuild Remembered Sets and Scrub Regions
[657.113s][info][gc,marking  ] GC(1201) Concurrent Rebuild Remembered Sets and Scrub Regions 21.723ms
[657.113s][info][gc,start    ] GC(1201) Pause Cleanup
[657.113s][info][gc          ] GC(1201) Pause Cleanup 101M->101M(256M) 0.062ms
[657.113s][info][gc,cpu      ] GC(1201) User=0.00s Sys=0.00s Real=0.00s
[657.113s][info][gc,marking  ] GC(1201) Concurrent Clear Claimed Marks
[657.113s][info][gc,marking  ] GC(1201) Concurrent Clear Claimed Marks 0.039ms
[657.113s][info][gc,marking  ] GC(1201) Concurrent Cleanup for Next Mark
[657.114s][info][gc,marking  ] GC(1201) Concurrent Cleanup for Next Mark 0.760ms
[657.114s][info][gc          ] GC(1201) Concurrent Mark Cycle 103.987ms
[657.517s][info][gc,start    ] GC(1202) Pause Young (Prepare Mixed) (G1 Evacuation Pause)
[657.517s][info][gc,task     ] GC(1202) Using 2 workers of 2 for evacuation
[657.523s][info][gc,phases   ] GC(1202)   Pre Evacuate Collection Set: 0.18ms
[657.523s][info][gc,phases   ] GC(1202)   Merge Heap Roots: 0.06ms
[657.523s][info][gc,phases   ] GC(1202)   Evacuate Collection Set: 5.17ms
[657.523s][info][gc,phases   ] GC(1202)   Post Evacuate Collection Set: 0.38ms
[657.523s][info][gc,phases   ] GC(1202)   Other: 0.08ms
[657.523s][info][gc,heap     ] GC(1202) Eden regions: 112->0(127)
[657.523s][info][gc,heap     ] GC(1202) Survivor regions: 2->7(15)
[657.523s][info][gc,heap     ] GC(1202) Old regions: 78->78
[657.523s][info][gc,heap     ] GC(1202) Humongous regions: 7->3
[657.523s][info][gc,metaspace] GC(1202) Metaspace: 43209K(43648K)->43209K(43648K) NonClass: 38868K(39104K)->38868K(39104K) Class: 4341K(4544K)->4341K(4544K)
[657.523s][info][gc          ] GC(1202) Pause Young (Prepare Mixed) (G1 Evacuation Pause) 198M->87M(256M) 6.101ms
[657.523s][info][gc,cpu      ] GC(1202) User=0.01s Sys=0.00s Real=0.01s
[658.077s][info][gc,start    ] GC(1203) Pause Young (Mixed) (G1 Evacuation Pause)
[658.077s][info][gc,task     ] GC(1203) Using 2 workers of 2 for evacuation
[658.086s][info][gc,phases   ] GC(1203)   Pre Evacuate Collection Set: 0.22ms
[658.086s][info][gc,phases   ] GC(1203)   Merge Heap Roots: 0.08ms
[658.086s][info][gc,phases   ] GC(1203)   Evacuate Collection Set: 8.35ms
[658.086s][info][gc,phases   ] GC(1203)   Post Evacuate Collection Set: 0.45ms
[658.086s][info][gc,phases   ] GC(1203)   Other: 0.10ms
[658.086s][info][gc,heap     ] GC(1203) Eden regions: 127->0(144)
[658.086s][info][gc,heap     ] GC(1203) Survivor regions: 7->9(17)
[658.086s][info][gc,heap     ] GC(1203) Old regions: 78->53
[658.086s][info][gc,heap     ] GC(1203) Humongous regions: 5->3
[658.086s][info][gc,metaspace] GC(1203) Metaspace: 43209K(43648K)->43209K(43648K) NonClass: 38868K(39104K)->38868K(39104K) Class: 4341K(4544K)->4341K(4544K)
[658.086s][info][gc          ] GC(1203) Pause Young (Mixed) (G1 Evacuation Pause) 216M->63M(256M) 9.445ms
[658.086s][info][gc,cpu      ] GC(1203) User=0.01s Sys=0.00s Real=0.01s
[658.646s][info][gc,start    ] GC(1204) Pause Young (Mixed) (G1 Evacuation Pause)
[658.646s][info][gc,task     ] GC(1204) Using 2 workers of 2 for evacuation
[658.653s][info][gc,phases   ] GC(1204)   Pre Evacuate Collection Set: 0.20ms
[658.653s][info][gc,phases   ] GC(1204)   Merge Heap Roots: 0.09ms
[658.653s][info][gc,phases   ] GC(1204)   Evacuate Collection Set: 6.28ms
[658.653s][info][gc,phases   ] GC(1204)   Post Evacuate Collection Set: 0.44ms
[658.653s][info][gc,phases   ] GC(1204)   Other: 0.10ms
[658.653s][info][gc,heap     ] GC(1204) Eden regions: 144->0(147)
[658.653s][info][gc,heap     ] GC(1204) Survivor regions: 9->6(20)
[658.653s][info][gc,heap     ] GC(1204) Old regions: 53->47
[658.653s][info][gc,heap     ] GC(1204) Humongous regions: 11->3
[658.653s][info][gc,metaspace] GC(1204) Metaspace: 43209K(43648K)->43209K(43648K) NonClass: 38868K(39104K)->38868K(39104K) Class: 4341K(4544K)->4341K(4544K)
[658.654s][info][gc          ] GC(1204) Pause Young (Mixed) (G1 Evacuation Pause) 215M->54M(256M) 7.268ms
[658.654s][info][gc,cpu      ] GC(1204) User=0.01s Sys=0.00s Real=0.01s
[659.051s][info][gc,start    ] GC(1205) Pause Young (Concurrent Start) (G1 Humongous Allocation)
[659.051s][info][gc,task     ] GC(1205) Using 2 workers of 2 for evacuation
[659.055s][info][gc,phases   ] GC(1205)   Pre Evacuate Collection Set: 0.19ms
[659.055s][info][gc,phases   ] GC(1205)   Merge Heap Roots: 0.05ms
[659.055s][info][gc,phases   ] GC(1205)   Evacuate Collection Set: 3.43ms
[659.055s][info][gc,phases   ] GC(1205)   Post Evacuate Collection Set: 0.36ms
[659.055s][info][gc,phases   ] GC(1205)   Other: 0.12ms
[659.055s][info][gc,heap     ] GC(1205) Eden regions: 94->0(149)
[659.055s][info][gc,heap     ] GC(1205) Survivor regions: 6->4(20)
[659.055s][info][gc,heap     ] GC(1205) Old regions: 47->47
[659.055s][info][gc,heap     ] GC(1205) Humongous regions: 3->1
[659.055s][info][gc,metaspace] GC(1205) Metaspace: 43209K(43648K)->43209K(43648K) NonClass: 38868K(39104K)->38868K(39104K) Class: 4341K(4544K)->4341K(4544K)
[659.055s][info][gc          ] GC(1205) Pause Young (Concurrent Start) (G1 Humongous Allocation) 148M->50M(256M) 4.310ms
[659.055s][info][gc,cpu      ] GC(1205) User=0.01s Sys=0.00s Real=0.01s
[659.055s][info][gc          ] GC(1206) Concurrent Mark Cycle
[659.055s][info][gc,marking  ] GC(1206) Concurrent Scan Root Regions
[659.060s][info][gc,marking  ] GC(1206) Concurrent Scan Root Regions 4.943ms
[659.060s][info][gc,marking  ] GC(1206) Concurrent Mark
[659.060s][info][gc,marking  ] GC(1206) Concurrent Mark From Roots
[659.060s][info][gc,task     ] GC(1206) Using 1 workers of 1 for marking
[659.133s][info][gc,marking  ] GC(1206) Concurrent Mark From Roots 72.753ms
[659.133s][info][gc,marking  ] GC(1206) Concurrent Preclean
[659.133s][info][gc,marking  ] GC(1206) Concurrent Preclean 0.039ms
[659.133s][info][gc,start    ] GC(1206) Pause Remark
[659.151s][info][gc          ] GC(1206) Pause Remark 75M->75M(256M) 17.168ms
[659.151s][info][gc,cpu      ] GC(1206) User=0.03s Sys=0.00s Real=0.01s
[659.151s][info][gc,marking  ] GC(1206) Concurrent Mark 90.292ms
[659.151s][info][gc,marking  ] GC(1206) Concurrent Rebuild Remembered Sets and Scrub Regions
[659.177s][info][gc,marking  ] GC(1206) Concurrent Rebuild Remembered Sets and Scrub Regions 26.302ms
[659.177s][info][gc,start    ] GC(1206) Pause Cleanup
[659.177s][info][gc          ] GC(1206) Pause Cleanup 81M->81M(256M) 0.067ms
[659.177s][info][gc,cpu      ] GC(1206) User=0.00s Sys=0.00s Real=0.00s
[659.177s][info][gc,marking  ] GC(1206) Concurrent Clear Claimed Marks
[659.177s][info][gc,marking  ] GC(1206) Concurrent Clear Claimed Marks 0.036ms
[659.177s][info][gc,marking  ] GC(1206) Concurrent Cleanup for Next Mark
[659.178s][info][gc,marking  ] GC(1206) Concurrent Cleanup for Next Mark 0.739ms
[659.178s][info][gc          ] GC(1206) Concurrent Mark Cycle 122.713ms
[659.745s][info][gc,start    ] GC(1207) Pause Young (Prepare Mixed) (G1 Evacuation Pause)
[659.745s][info][gc,task     ] GC(1207) Using 2 workers of 2 for evacuation
[659.772s][info][gc,phases   ] GC(1207)   Pre Evacuate Collection Set: 0.18ms
[659.772s][info][gc,phases   ] GC(1207)   Merge Heap Roots: 0.06ms
[659.772s][info][gc,phases   ] GC(1207)   Evacuate Collection Set: 26.20ms
[659.772s][info][gc,phases   ] GC(1207)   Post Evacuate Collection Set: 0.45ms
[659.772s][info][gc,phases   ] GC(1207)   Other: 0.10ms
[659.772s][info][gc,heap     ] GC(1207) Eden regions: 149->0(148)
[659.772s][info][gc,heap     ] GC(1207) Survivor regions: 4->5(20)
[659.772s][info][gc,heap     ] GC(1207) Old regions: 47->47
[659.772s][info][gc,heap     ] GC(1207) Humongous regions: 9->3
[659.772s][info][gc,metaspace] GC(1207) Metaspace: 43209K(43648K)->43209K(43648K) NonClass: 38868K(39104K)->38868K(39104K) Class: 4341K(4544K)->4341K(4544K)
[659.772s][info][gc          ] GC(1207) Pause Young (Prepare Mixed) (G1 Evacuation Pause) 207M->54M(256M) 27.172ms
[659.772s][info][gc,cpu      ] GC(1207) User=0.03s Sys=0.00s Real=0.02s
[660.232s][info][gc,start    ] GC(1208) Pause Young (Mixed) (G1 Evacuation Pause)
[660.232s][info][gc,task     ] GC(1208) Using 2 workers of 2 for evacuation
[660.275s][info][gc,phases   ] GC(1208)   Pre Evacuate Collection Set: 0.20ms
[660.275s][info][gc,phases   ] GC(1208)   Merge Heap Roots: 0.15ms
[660.275s][info][gc,phases   ] GC(1208)   Evacuate Collection Set: 41.88ms
[660.275s][info][gc,phases   ] GC(1208)   Post Evacuate Collection Set: 0.60ms
[660.275s][info][gc,phases   ] GC(1208)   Other: 0.10ms
[660.275s][info][gc,heap     ] GC(1208) Eden regions: 148->0(125)
[660.275s][info][gc,heap     ] GC(1208) Survivor regions: 5->20(20)
[660.275s][info][gc,heap     ] GC(1208) Old regions: 47->64
[660.275s][info][gc,heap     ] GC(1208) Humongous regions: 3->3
[660.275s][info][gc,metaspace] GC(1208) Metaspace: 43209K(43648K)->43209K(43648K) NonClass: 38868K(39104K)->38868K(39104K) Class: 4341K(4544K)->4341K(4544K)
[660.275s][info][gc          ] GC(1208) Pause Young (Mixed) (G1 Evacuation Pause) 202M->86M(256M) 43.156ms
[660.275s][info][gc,cpu      ] GC(1208) User=0.08s Sys=0.00s Real=0.05s
[660.918s][info][gc,start    ] GC(1209) Pause Young (Concurrent Start) (G1 Evacuation Pause)
[660.918s][info][gc,task     ] GC(1209) Using 2 workers of 2 for evacuation
[661.010s][info][gc,phases   ] GC(1209)   Pre Evacuate Collection Set: 0.21ms
[661.010s][info][gc,phases   ] GC(1209)   Merge Heap Roots: 0.36ms
[661.010s][info][gc,phases   ] GC(1209)   Evacuate Collection Set: 90.47ms
[661.010s][info][gc,phases   ] GC(1209)   Post Evacuate Collection Set: 0.84ms
[661.010s][info][gc,phases   ] GC(1209)   Other: 0.14ms
[661.010s][info][gc,heap     ] GC(1209) Eden regions: 125->0(117)
[661.010s][info][gc,heap     ] GC(1209) Survivor regions: 20->19(19)
[661.010s][info][gc,heap     ] GC(1209) Old regions: 64->96
[661.010s][info][gc,heap     ] GC(1209) Humongous regions: 3->3
[661.010s][info][gc,metaspace] GC(1209) Metaspace: 43209K(43648K)->43209K(43648K) NonClass: 38868K(39104K)->38868K(39104K) Class: 4341K(4544K)->4341K(4544K)
[661.010s][info][gc          ] GC(1209) Pause Young (Concurrent Start) (G1 Evacuation Pause) 211M->118M(292M) 92.259ms
[661.010s][info][gc,cpu      ] GC(1209) User=0.14s Sys=0.00s Real=0.09s
[661.010s][info][gc          ] GC(1210) Concurrent Mark Cycle
[661.010s][info][gc,marking  ] GC(1210) Concurrent Scan Root Regions
[661.078s][info][gc,marking  ] GC(1210) Concurrent Scan Root Regions 67.361ms
[661.078s][info][gc,marking  ] GC(1210) Concurrent Mark
[661.078s][info][gc,marking  ] GC(1210) Concurrent Mark From Roots
[661.078s][info][gc,task     ] GC(1210) Using 1 workers of 1 for marking
[661.199s][info][gc,marking  ] GC(1210) Concurrent Mark From Roots 121.140ms
[661.199s][info][gc,marking  ] GC(1210) Concurrent Preclean
[661.199s][info][gc,marking  ] GC(1210) Concurrent Preclean 0.041ms
[661.199s][info][gc,start    ] GC(1210) Pause Remark
[661.216s][info][gc          ] GC(1210) Pause Remark 146M->146M(292M) 17.189ms
[661.216s][info][gc,cpu      ] GC(1210) User=0.04s Sys=0.00s Real=0.02s
[661.216s][info][gc,marking  ] GC(1210) Concurrent Mark 138.648ms
[661.216s][info][gc,marking  ] GC(1210) Concurrent Rebuild Remembered Sets and Scrub Regions
[661.309s][info][gc,marking  ] GC(1210) Concurrent Rebuild Remembered Sets and Scrub Regions 92.808ms
[661.310s][info][gc,start    ] GC(1210) Pause Cleanup
[661.310s][info][gc          ] GC(1210) Pause Cleanup 160M->160M(292M) 0.061ms
[661.310s][info][gc,cpu      ] GC(1210) User=0.00s Sys=0.00s Real=0.00s
[661.310s][info][gc,marking  ] GC(1210) Concurrent Clear Claimed Marks
[661.310s][info][gc,marking  ] GC(1210) Concurrent Clear Claimed Marks 0.040ms
[661.310s][info][gc,marking  ] GC(1210) Concurrent Cleanup for Next Mark
[661.311s][info][gc,marking  ] GC(1210) Concurrent Cleanup for Next Mark 1.255ms
[661.311s][info][gc          ] GC(1210) Concurrent Mark Cycle 300.915ms
[661.771s][info][gc,start    ] GC(1211) Pause Young (Prepare Mixed) (G1 Evacuation Pause)
[661.771s][info][gc,task     ] GC(1211) Using 2 workers of 2 for evacuation
[661.836s][info][gc,phases   ] GC(1211)   Pre Evacuate Collection Set: 0.19ms
[661.836s][info][gc,phases   ] GC(1211)   Merge Heap Roots: 0.43ms
[661.836s][info][gc,phases   ] GC(1211)   Evacuate Collection Set: 63.58ms
[661.836s][info][gc,phases   ] GC(1211)   Post Evacuate Collection Set: 0.43ms
[661.836s][info][gc,phases   ] GC(1211)   Other: 0.09ms
[661.836s][info][gc,heap     ] GC(1211) Eden regions: 117->0(89)
[661.836s][info][gc,heap     ] GC(1211) Survivor regions: 19->17(17)
[661.836s][info][gc,heap     ] GC(1211) Old regions: 96->131
[661.836s][info][gc,heap     ] GC(1211) Humongous regions: 3->3
[661.836s][info][gc,metaspace] GC(1211) Metaspace: 43209K(43648K)->43209K(43648K) NonClass: 38868K(39104K)->38868K(39104K) Class: 4341K(4544K)->4341K(4544K)
[661.836s][info][gc          ] GC(1211) Pause Young (Prepare Mixed) (G1 Evacuation Pause) 235M->150M(292M) 64.919ms
[661.836s][info][gc,cpu      ] GC(1211) User=0.12s Sys=0.00s Real=0.07s
[662.251s][info][gc,start    ] GC(1212) Pause Young (Mixed) (G1 Evacuation Pause)
[662.251s][info][gc,task     ] GC(1212) Using 2 workers of 2 for evacuation
[662.301s][info][gc,phases   ] GC(1212)   Pre Evacuate Collection Set: 0.25ms
[662.301s][info][gc,phases   ] GC(1212)   Merge Heap Roots: 0.25ms
[662.301s][info][gc,phases   ] GC(1212)   Evacuate Collection Set: 49.04ms
[662.301s][info][gc,phases   ] GC(1212)   Post Evacuate Collection Set: 0.46ms
[662.301s][info][gc,phases   ] GC(1212)   Other: 0.07ms
[662.301s][info][gc,heap     ] GC(1212) Eden regions: 89->0(75)
[662.301s][info][gc,heap     ] GC(1212) Survivor regions: 17->14(14)
[662.301s][info][gc,heap     ] GC(1212) Old regions: 131->154
[662.301s][info][gc,heap     ] GC(1212) Humongous regions: 5->3
[662.301s][info][gc,metaspace] GC(1212) Metaspace: 43209K(43648K)->43209K(43648K) NonClass: 38868K(39104K)->38868K(39104K) Class: 4341K(4544K)->4341K(4544K)
[662.301s][info][gc          ] GC(1212) Pause Young (Mixed) (G1 Evacuation Pause) 241M->170M(292M) 50.244ms
[662.301s][info][gc,cpu      ] GC(1212) User=0.10s Sys=0.00s Real=0.05s
[662.599s][info][gc,start    ] GC(1213) Pause Young (Concurrent Start) (G1 Humongous Allocation)
[662.599s][info][gc,task     ] GC(1213) Using 2 workers of 2 for evacuation
[662.624s][info][gc,phases   ] GC(1213)   Pre Evacuate Collection Set: 0.17ms
[662.624s][info][gc,phases   ] GC(1213)   Merge Heap Roots: 0.13ms
[662.624s][info][gc,phases   ] GC(1213)   Evacuate Collection Set: 23.57ms
[662.624s][info][gc,phases   ] GC(1213)   Post Evacuate Collection Set: 0.38ms
[662.624s][info][gc,phases   ] GC(1213)   Other: 0.15ms
[662.624s][info][gc,heap     ] GC(1213) Eden regions: 63->0(76)
[662.624s][info][gc,heap     ] GC(1213) Survivor regions: 14->8(12)
[662.624s][info][gc,heap     ] GC(1213) Old regions: 154->165
[662.624s][info][gc,heap     ] GC(1213) Humongous regions: 3->1
[662.624s][info][gc,metaspace] GC(1213) Metaspace: 43209K(43648K)->43209K(43648K) NonClass: 38868K(39104K)->38868K(39104K) Class: 4341K(4544K)->4341K(4544K)
[662.624s][info][gc          ] GC(1213) Pause Young (Concurrent Start) (G1 Humongous Allocation) 233M->174M(292M) 24.600ms
[662.624s][info][gc          ] GC(1214) Concurrent Mark Cycle
[662.624s][info][gc,marking  ] GC(1214) Concurrent Scan Root Regions
[662.626s][info][gc,cpu      ] GC(1213) User=0.05s Sys=0.00s Real=0.03s
[662.642s][info][gc,marking  ] GC(1214) Concurrent Scan Root Regions 17.991ms
[662.642s][info][gc,marking  ] GC(1214) Concurrent Mark
[662.642s][info][gc,marking  ] GC(1214) Concurrent Mark From Roots
[662.642s][info][gc,task     ] GC(1214) Using 1 workers of 1 for marking
[662.774s][info][gc,marking  ] GC(1214) Concurrent Mark From Roots 131.718ms
[662.774s][info][gc,marking  ] GC(1214) Concurrent Preclean
[662.774s][info][gc,marking  ] GC(1214) Concurrent Preclean 0.044ms
[662.774s][info][gc,start    ] GC(1214) Pause Remark
[662.791s][info][gc          ] GC(1214) Pause Remark 201M->201M(297M) 17.281ms
[662.791s][info][gc,cpu      ] GC(1214) User=0.03s Sys=0.00s Real=0.01s
[662.791s][info][gc,marking  ] GC(1214) Concurrent Mark 149.336ms
[662.791s][info][gc,marking  ] GC(1214) Concurrent Rebuild Remembered Sets and Scrub Regions
[662.889s][info][gc,marking  ] GC(1214) Concurrent Rebuild Remembered Sets and Scrub Regions 97.800ms
[662.889s][info][gc,start    ] GC(1214) Pause Cleanup
[662.890s][info][gc          ] GC(1214) Pause Cleanup 217M->217M(297M) 0.097ms
[662.890s][info][gc,cpu      ] GC(1214) User=0.00s Sys=0.00s Real=0.00s
[662.890s][info][gc,marking  ] GC(1214) Concurrent Clear Claimed Marks
[662.890s][info][gc,marking  ] GC(1214) Concurrent Clear Claimed Marks 0.046ms
[662.890s][info][gc,marking  ] GC(1214) Concurrent Cleanup for Next Mark
[662.891s][info][gc,marking  ] GC(1214) Concurrent Cleanup for Next Mark 0.993ms
[662.891s][info][gc          ] GC(1214) Concurrent Mark Cycle 266.845ms
[663.073s][info][gc,start    ] GC(1215) Pause Young (Prepare Mixed) (G1 Evacuation Pause)
[663.073s][info][gc,task     ] GC(1215) Using 2 workers of 2 for evacuation
[663.091s][info][gc,phases   ] GC(1215)   Pre Evacuate Collection Set: 0.24ms
[663.091s][info][gc,phases   ] GC(1215)   Merge Heap Roots: 0.10ms
[663.091s][info][gc,phases   ] GC(1215)   Evacuate Collection Set: 17.19ms
[663.091s][info][gc,phases   ] GC(1215)   Post Evacuate Collection Set: 0.43ms
[663.091s][info][gc,phases   ] GC(1215)   Other: 0.07ms
[663.091s][info][gc,heap     ] GC(1215) Eden regions: 76->0(74)
[663.091s][info][gc,heap     ] GC(1215) Survivor regions: 8->10(11)
[663.091s][info][gc,heap     ] GC(1215) Old regions: 165->173
[663.091s][info][gc,heap     ] GC(1215) Humongous regions: 5->3
[663.091s][info][gc,metaspace] GC(1215) Metaspace: 43209K(43648K)->43209K(43648K) NonClass: 38868K(39104K)->38868K(39104K) Class: 4341K(4544K)->4341K(4544K)
[663.091s][info][gc          ] GC(1215) Pause Young (Prepare Mixed) (G1 Evacuation Pause) 254M->185M(297M) 18.247ms
[663.091s][info][gc,cpu      ] GC(1215) User=0.03s Sys=0.00s Real=0.01s
[663.494s][info][gc,start    ] GC(1216) Pause Young (Mixed) (G1 Evacuation Pause)
[663.494s][info][gc,task     ] GC(1216) Using 2 workers of 2 for evacuation
[663.506s][info][gc,phases   ] GC(1216)   Pre Evacuate Collection Set: 0.22ms
[663.507s][info][gc,phases   ] GC(1216)   Merge Heap Roots: 0.14ms
[663.507s][info][gc,phases   ] GC(1216)   Evacuate Collection Set: 11.89ms
[663.507s][info][gc,phases   ] GC(1216)   Post Evacuate Collection Set: 0.49ms
[663.507s][info][gc,phases   ] GC(1216)   Other: 0.08ms
[663.507s][info][gc,heap     ] GC(1216) Eden regions: 74->0(97)
[663.507s][info][gc,heap     ] GC(1216) Survivor regions: 10->8(11)
[663.507s][info][gc,heap     ] GC(1216) Old regions: 173->146
[663.507s][info][gc,heap     ] GC(1216) Humongous regions: 9->3
[663.507s][info][gc,metaspace] GC(1216) Metaspace: 43209K(43648K)->43209K(43648K) NonClass: 38868K(39104K)->38868K(39104K) Class: 4341K(4544K)->4341K(4544K)
[663.507s][info][gc          ] GC(1216) Pause Young (Mixed) (G1 Evacuation Pause) 265M->156M(297M) 13.001ms
[663.507s][info][gc,cpu      ] GC(1216) User=0.02s Sys=0.00s Real=0.01s
[663.803s][info][gc,start    ] GC(1217) Pause Young (Mixed) (G1 Evacuation Pause)
[663.803s][info][gc,task     ] GC(1217) Using 2 workers of 2 for evacuation
[663.832s][info][gc,phases   ] GC(1217)   Pre Evacuate Collection Set: 0.24ms
[663.832s][info][gc,phases   ] GC(1217)   Merge Heap Roots: 0.26ms
[663.832s][info][gc,phases   ] GC(1217)   Evacuate Collection Set: 28.65ms
[663.832s][info][gc,phases   ] GC(1217)   Post Evacuate Collection Set: 0.57ms
[663.832s][info][gc,phases   ] GC(1217)   Other: 0.09ms
[663.832s][info][gc,heap     ] GC(1217) Eden regions: 97->0(95)
[663.832s][info][gc,heap     ] GC(1217) Survivor regions: 8->14(14)
[663.832s][info][gc,heap     ] GC(1217) Old regions: 146->133
[663.833s][info][gc,heap     ] GC(1217) Humongous regions: 5->3
[663.833s][info][gc,metaspace] GC(1217) Metaspace: 43209K(43648K)->43209K(43648K) NonClass: 38868K(39104K)->38868K(39104K) Class: 4341K(4544K)->4341K(4544K)
[663.833s][info][gc          ] GC(1217) Pause Young (Mixed) (G1 Evacuation Pause) 255M->149M(297M) 30.032ms
[663.833s][info][gc,cpu      ] GC(1217) User=0.06s Sys=0.00s Real=0.03s
[664.217s][info][gc,start    ] GC(1218) Pause Young (Mixed) (G1 Evacuation Pause)
[664.218s][info][gc,task     ] GC(1218) Using 2 workers of 2 for evacuation
[664.278s][info][gc,phases   ] GC(1218)   Pre Evacuate Collection Set: 0.20ms
[664.279s][info][gc,phases   ] GC(1218)   Merge Heap Roots: 0.61ms
[664.279s][info][gc,phases   ] GC(1218)   Evacuate Collection Set: 58.76ms
[664.279s][info][gc,phases   ] GC(1218)   Post Evacuate Collection Set: 1.29ms
[664.279s][info][gc,phases   ] GC(1218)   Other: 0.08ms
[664.279s][info][gc,heap     ] GC(1218) Eden regions: 95->0(142)
[664.279s][info][gc,heap     ] GC(1218) Survivor regions: 14->14(14)
[664.279s][info][gc,heap     ] GC(1218) Old regions: 133->149
[664.279s][info][gc,heap     ] GC(1218) Humongous regions: 5->5
[664.279s][info][gc,metaspace] GC(1218) Metaspace: 43209K(43648K)->43209K(43648K) NonClass: 38868K(39104K)->38868K(39104K) Class: 4341K(4544K)->4341K(4544K)
[664.279s][info][gc          ] GC(1218) Pause Young (Mixed) (G1 Evacuation Pause) 246M->168M(403M) 61.159ms
[664.279s][info][gc,cpu      ] GC(1218) User=0.11s Sys=0.01s Real=0.06s
[664.912s][info][gc,start    ] GC(1219) Pause Young (Normal) (G1 Evacuation Pause)
[664.912s][info][gc,task     ] GC(1219) Using 2 workers of 2 for evacuation
[664.939s][info][gc,phases   ] GC(1219)   Pre Evacuate Collection Set: 0.33ms
[664.939s][info][gc,phases   ] GC(1219)   Merge Heap Roots: 0.22ms
[664.939s][info][gc,phases   ] GC(1219)   Evacuate Collection Set: 25.86ms
[664.939s][info][gc,phases   ] GC(1219)   Post Evacuate Collection Set: 0.47ms
[664.939s][info][gc,phases   ] GC(1219)   Other: 0.09ms
[664.939s][info][gc,heap     ] GC(1219) Eden regions: 142->0(131)
[664.939s][info][gc,heap     ] GC(1219) Survivor regions: 14->20(20)
[664.939s][info][gc,heap     ] GC(1219) Old regions: 149->164
[664.939s][info][gc,heap     ] GC(1219) Humongous regions: 5->5
[664.939s][info][gc,metaspace] GC(1219) Metaspace: 43209K(43648K)->43209K(43648K) NonClass: 38868K(39104K)->38868K(39104K) Class: 4341K(4544K)->4341K(4544K)
[664.939s][info][gc          ] GC(1219) Pause Young (Normal) (G1 Evacuation Pause) 310M->188M(403M) 27.211ms
[664.939s][info][gc,cpu      ] GC(1219) User=0.06s Sys=0.00s Real=0.03s
[665.032s][info][gc,start    ] GC(1220) Pause Young (Concurrent Start) (G1 Humongous Allocation)
[665.032s][info][gc,task     ] GC(1220) Using 2 workers of 2 for evacuation
[665.053s][info][gc,phases   ] GC(1220)   Pre Evacuate Collection Set: 0.27ms
[665.053s][info][gc,phases   ] GC(1220)   Merge Heap Roots: 0.09ms
[665.053s][info][gc,phases   ] GC(1220)   Evacuate Collection Set: 19.74ms
[665.053s][info][gc,phases   ] GC(1220)   Post Evacuate Collection Set: 0.43ms
[665.053s][info][gc,phases   ] GC(1220)   Other: 0.12ms
[665.053s][info][gc,heap     ] GC(1220) Eden regions: 26->0(99)
[665.053s][info][gc,heap     ] GC(1220) Survivor regions: 20->14(19)
[665.053s][info][gc,heap     ] GC(1220) Old regions: 164->181
[665.053s][info][gc,heap     ] GC(1220) Humongous regions: 5->5
[665.053s][info][gc,metaspace] GC(1220) Metaspace: 43209K(43648K)->43209K(43648K) NonClass: 38868K(39104K)->38868K(39104K) Class: 4341K(4544K)->4341K(4544K)
[665.053s][info][gc          ] GC(1220) Pause Young (Concurrent Start) (G1 Humongous Allocation) 214M->200M(403M) 20.940ms
[665.053s][info][gc,cpu      ] GC(1220) User=0.04s Sys=0.00s Real=0.03s
[665.053s][info][gc          ] GC(1221) Concurrent Mark Cycle
[665.053s][info][gc,marking  ] GC(1221) Concurrent Scan Root Regions
[665.067s][info][gc,marking  ] GC(1221) Concurrent Scan Root Regions 13.760ms
[665.067s][info][gc,marking  ] GC(1221) Concurrent Mark
[665.067s][info][gc,marking  ] GC(1221) Concurrent Mark From Roots
[665.067s][info][gc,task     ] GC(1221) Using 1 workers of 1 for marking
[665.174s][info][gc,marking  ] GC(1221) Concurrent Mark From Roots 107.061ms
[665.174s][info][gc,marking  ] GC(1221) Concurrent Preclean
[665.174s][info][gc,marking  ] GC(1221) Concurrent Preclean 0.058ms
[665.174s][info][gc,start    ] GC(1221) Pause Remark
[665.194s][info][gc          ] GC(1221) Pause Remark 223M->201M(403M) 19.991ms
[665.194s][info][gc,cpu      ] GC(1221) User=0.04s Sys=0.00s Real=0.02s
[665.194s][info][gc,marking  ] GC(1221) Concurrent Mark 127.506ms
[665.194s][info][gc,marking  ] GC(1221) Concurrent Rebuild Remembered Sets and Scrub Regions
[665.251s][info][gc,marking  ] GC(1221) Concurrent Rebuild Remembered Sets and Scrub Regions 57.149ms
[665.252s][info][gc,start    ] GC(1221) Pause Cleanup
[665.252s][info][gc          ] GC(1221) Pause Cleanup 215M->215M(403M) 0.093ms
[665.252s][info][gc,cpu      ] GC(1221) User=0.00s Sys=0.00s Real=0.00s
[665.252s][info][gc,marking  ] GC(1221) Concurrent Clear Claimed Marks
[665.252s][info][gc,marking  ] GC(1221) Concurrent Clear Claimed Marks 0.043ms
[665.252s][info][gc,marking  ] GC(1221) Concurrent Cleanup for Next Mark
[665.254s][info][gc,marking  ] GC(1221) Concurrent Cleanup for Next Mark 2.415ms
[665.254s][info][gc          ] GC(1221) Concurrent Mark Cycle 201.382ms
[665.473s][info][gc,start    ] GC(1222) Pause Young (Prepare Mixed) (G1 Evacuation Pause)
[665.473s][info][gc,task     ] GC(1222) Using 2 workers of 2 for evacuation
[665.494s][info][gc,phases   ] GC(1222)   Pre Evacuate Collection Set: 0.25ms
[665.494s][info][gc,phases   ] GC(1222)   Merge Heap Roots: 0.19ms
[665.494s][info][gc,phases   ] GC(1222)   Evacuate Collection Set: 20.04ms
[665.494s][info][gc,phases   ] GC(1222)   Post Evacuate Collection Set: 0.45ms
[665.494s][info][gc,phases   ] GC(1222)   Other: 0.13ms
[665.494s][info][gc,heap     ] GC(1222) Eden regions: 99->0(112)
[665.494s][info][gc,heap     ] GC(1222) Survivor regions: 14->11(15)
[665.494s][info][gc,heap     ] GC(1222) Old regions: 160->174
[665.494s][info][gc,heap     ] GC(1222) Humongous regions: 6->5
[665.494s][info][gc,metaspace] GC(1222) Metaspace: 43209K(43648K)->43209K(43648K) NonClass: 38868K(39104K)->38868K(39104K) Class: 4341K(4544K)->4341K(4544K)
[665.494s][info][gc          ] GC(1222) Pause Young (Prepare Mixed) (G1 Evacuation Pause) 279M->189M(403M) 21.284ms
[665.494s][info][gc,cpu      ] GC(1222) User=0.04s Sys=0.00s Real=0.02s
[665.929s][info][gc,start    ] GC(1223) Pause Young (Mixed) (G1 Evacuation Pause)
[665.929s][info][gc,task     ] GC(1223) Using 2 workers of 2 for evacuation
[665.965s][info][gc,phases   ] GC(1223)   Pre Evacuate Collection Set: 0.37ms
[665.965s][info][gc,phases   ] GC(1223)   Merge Heap Roots: 0.22ms
[665.965s][info][gc,phases   ] GC(1223)   Evacuate Collection Set: 34.41ms
[665.965s][info][gc,phases   ] GC(1223)   Post Evacuate Collection Set: 0.54ms
[665.965s][info][gc,phases   ] GC(1223)   Other: 0.09ms
[665.965s][info][gc,heap     ] GC(1223) Eden regions: 112->0(114)
[665.965s][info][gc,heap     ] GC(1223) Survivor regions: 11->16(16)
[665.965s][info][gc,heap     ] GC(1223) Old regions: 174->162
[665.965s][info][gc,heap     ] GC(1223) Humongous regions: 5->5
[665.965s][info][gc,metaspace] GC(1223) Metaspace: 43209K(43648K)->43209K(43648K) NonClass: 38868K(39104K)->38868K(39104K) Class: 4341K(4544K)->4341K(4544K)
[665.965s][info][gc          ] GC(1223) Pause Young (Mixed) (G1 Evacuation Pause) 301M->182M(403M) 35.896ms
[665.965s][info][gc,cpu      ] GC(1223) User=0.07s Sys=0.00s Real=0.04s
[666.453s][info][gc,start    ] GC(1224) Pause Young (Mixed) (G1 Evacuation Pause)
[666.453s][info][gc,task     ] GC(1224) Using 2 workers of 2 for evacuation
[666.520s][info][gc,phases   ] GC(1224)   Pre Evacuate Collection Set: 0.24ms
[666.520s][info][gc,phases   ] GC(1224)   Merge Heap Roots: 0.36ms
[666.520s][info][gc,phases   ] GC(1224)   Evacuate Collection Set: 65.55ms
[666.520s][info][gc,phases   ] GC(1224)   Post Evacuate Collection Set: 0.63ms
[666.520s][info][gc,phases   ] GC(1224)   Other: 0.08ms
[666.520s][info][gc,heap     ] GC(1224) Eden regions: 114->0(88)
[666.520s][info][gc,heap     ] GC(1224) Survivor regions: 16->17(17)
[666.520s][info][gc,heap     ] GC(1224) Old regions: 162->192
[666.520s][info][gc,heap     ] GC(1224) Humongous regions: 5->5
[666.520s][info][gc,metaspace] GC(1224) Metaspace: 43209K(43648K)->43209K(43648K) NonClass: 38868K(39104K)->38868K(39104K) Class: 4341K(4544K)->4341K(4544K)
[666.520s][info][gc          ] GC(1224) Pause Young (Mixed) (G1 Evacuation Pause) 296M->214M(403M) 67.106ms
[666.521s][info][gc,cpu      ] GC(1224) User=0.13s Sys=0.00s Real=0.06s
[666.558s][info][gc,start    ] GC(1225) Pause Young (Concurrent Start) (G1 Humongous Allocation)
[666.558s][info][gc,task     ] GC(1225) Using 2 workers of 2 for evacuation
[666.585s][info][gc,phases   ] GC(1225)   Pre Evacuate Collection Set: 0.28ms
[666.586s][info][gc,phases   ] GC(1225)   Merge Heap Roots: 0.33ms
[666.586s][info][gc,phases   ] GC(1225)   Evacuate Collection Set: 25.72ms
[666.586s][info][gc,phases   ] GC(1225)   Post Evacuate Collection Set: 0.94ms
[666.586s][info][gc,phases   ] GC(1225)   Other: 0.12ms
[666.586s][info][gc,heap     ] GC(1225) Eden regions: 9->0(105)
[666.586s][info][gc,heap     ] GC(1225) Survivor regions: 17->6(14)
[666.586s][info][gc,heap     ] GC(1225) Old regions: 192->210
[666.586s][info][gc,heap     ] GC(1225) Humongous regions: 5->5
[666.586s][info][gc,metaspace] GC(1225) Metaspace: 43209K(43648K)->43209K(43648K) NonClass: 38868K(39104K)->38868K(39104K) Class: 4341K(4544K)->4341K(4544K)
[666.586s][info][gc          ] GC(1225) Pause Young (Concurrent Start) (G1 Humongous Allocation) 222M->219M(465M) 27.619ms
[666.586s][info][gc,cpu      ] GC(1225) User=0.06s Sys=0.00s Real=0.03s
[666.586s][info][gc          ] GC(1226) Concurrent Mark Cycle
[666.586s][info][gc,marking  ] GC(1226) Concurrent Scan Root Regions
[666.594s][info][gc,marking  ] GC(1226) Concurrent Scan Root Regions 8.329ms
[666.594s][info][gc,marking  ] GC(1226) Concurrent Mark
[666.594s][info][gc,marking  ] GC(1226) Concurrent Mark From Roots
[666.594s][info][gc,task     ] GC(1226) Using 1 workers of 1 for marking
[666.736s][info][gc,marking  ] GC(1226) Concurrent Mark From Roots 142.064ms
[666.736s][info][gc,marking  ] GC(1226) Concurrent Preclean
[666.736s][info][gc,marking  ] GC(1226) Concurrent Preclean 0.066ms
[666.738s][info][gc,start    ] GC(1226) Pause Remark
[666.758s][info][gc          ] GC(1226) Pause Remark 245M->220M(465M) 19.524ms
[666.758s][info][gc,cpu      ] GC(1226) User=0.04s Sys=0.00s Real=0.02s
[666.758s][info][gc,marking  ] GC(1226) Concurrent Mark 163.591ms
[666.758s][info][gc,marking  ] GC(1226) Concurrent Rebuild Remembered Sets and Scrub Regions
[666.835s][info][gc,marking  ] GC(1226) Concurrent Rebuild Remembered Sets and Scrub Regions 76.832ms
[666.836s][info][gc,start    ] GC(1226) Pause Cleanup
[666.836s][info][gc          ] GC(1226) Pause Cleanup 234M->234M(465M) 0.151ms
[666.836s][info][gc,cpu      ] GC(1226) User=0.00s Sys=0.00s Real=0.00s
[666.836s][info][gc,marking  ] GC(1226) Concurrent Clear Claimed Marks
[666.836s][info][gc,marking  ] GC(1226) Concurrent Clear Claimed Marks 0.056ms
[666.836s][info][gc,marking  ] GC(1226) Concurrent Cleanup for Next Mark
[666.839s][info][gc,marking  ] GC(1226) Concurrent Cleanup for Next Mark 2.283ms
[666.839s][info][gc          ] GC(1226) Concurrent Mark Cycle 253.071ms
[667.151s][info][gc,start    ] GC(1227) Pause Young (Prepare Mixed) (G1 Evacuation Pause)
[667.151s][info][gc,task     ] GC(1227) Using 2 workers of 2 for evacuation
[667.175s][info][gc,phases   ] GC(1227)   Pre Evacuate Collection Set: 0.26ms
[667.175s][info][gc,phases   ] GC(1227)   Merge Heap Roots: 0.23ms
[667.175s][info][gc,phases   ] GC(1227)   Evacuate Collection Set: 23.16ms
[667.175s][info][gc,phases   ] GC(1227)   Post Evacuate Collection Set: 0.50ms
[667.175s][info][gc,phases   ] GC(1227)   Other: 0.09ms
[667.176s][info][gc,heap     ] GC(1227) Eden regions: 105->0(113)
[667.176s][info][gc,heap     ] GC(1227) Survivor regions: 6->14(14)
[667.176s][info][gc,heap     ] GC(1227) Old regions: 187->201
[667.176s][info][gc,heap     ] GC(1227) Humongous regions: 4->4
[667.176s][info][gc,metaspace] GC(1227) Metaspace: 43209K(43648K)->43209K(43648K) NonClass: 38868K(39104K)->38868K(39104K) Class: 4341K(4544K)->4341K(4544K)
[667.176s][info][gc          ] GC(1227) Pause Young (Prepare Mixed) (G1 Evacuation Pause) 300M->219M(465M) 24.504ms
[667.176s][info][gc,cpu      ] GC(1227) User=0.05s Sys=0.00s Real=0.03s
[667.614s][info][gc,start    ] GC(1228) Pause Young (Mixed) (G1 Evacuation Pause)
[667.614s][info][gc,task     ] GC(1228) Using 2 workers of 2 for evacuation
[667.666s][info][gc,phases   ] GC(1228)   Pre Evacuate Collection Set: 0.28ms
[667.666s][info][gc,phases   ] GC(1228)   Merge Heap Roots: 0.21ms
[667.666s][info][gc,phases   ] GC(1228)   Evacuate Collection Set: 50.65ms
[667.666s][info][gc,phases   ] GC(1228)   Post Evacuate Collection Set: 0.56ms
[667.666s][info][gc,phases   ] GC(1228)   Other: 0.09ms
[667.666s][info][gc,heap     ] GC(1228) Eden regions: 113->0(103)
[667.666s][info][gc,heap     ] GC(1228) Survivor regions: 14->16(16)
[667.666s][info][gc,heap     ] GC(1228) Old regions: 201->213
[667.666s][info][gc,heap     ] GC(1228) Humongous regions: 4->4
[667.666s][info][gc,metaspace] GC(1228) Metaspace: 43209K(43648K)->43209K(43648K) NonClass: 38868K(39104K)->38868K(39104K) Class: 4341K(4544K)->4341K(4544K)
[667.666s][info][gc          ] GC(1228) Pause Young (Mixed) (G1 Evacuation Pause) 332M->233M(465M) 52.064ms
[667.666s][info][gc,cpu      ] GC(1228) User=0.10s Sys=0.00s Real=0.05s
[668.105s][info][gc,start    ] GC(1229) Pause Young (Mixed) (G1 Evacuation Pause)
[668.105s][info][gc,task     ] GC(1229) Using 2 workers of 2 for evacuation
[668.163s][info][gc,phases   ] GC(1229)   Pre Evacuate Collection Set: 0.25ms
[668.163s][info][gc,phases   ] GC(1229)   Merge Heap Roots: 0.48ms
[668.163s][info][gc,phases   ] GC(1229)   Evacuate Collection Set: 57.27ms
[668.163s][info][gc,phases   ] GC(1229)   Post Evacuate Collection Set: 0.56ms
[668.163s][info][gc,phases   ] GC(1229)   Other: 0.08ms
[668.163s][info][gc,heap     ] GC(1229) Eden regions: 103->0(85)
[668.163s][info][gc,heap     ] GC(1229) Survivor regions: 16->15(15)
[668.163s][info][gc,heap     ] GC(1229) Old regions: 213->249
[668.163s][info][gc,heap     ] GC(1229) Humongous regions: 5->5
[668.163s][info][gc,metaspace] GC(1229) Metaspace: 43209K(43648K)->43209K(43648K) NonClass: 38868K(39104K)->38868K(39104K) Class: 4341K(4544K)->4341K(4544K)
[668.163s][info][gc          ] GC(1229) Pause Young (Mixed) (G1 Evacuation Pause) 337M->269M(465M) 58.893ms
[668.163s][info][gc,cpu      ] GC(1229) User=0.12s Sys=0.00s Real=0.06s
[668.393s][info][gc,start    ] GC(1230) Pause Young (Concurrent Start) (G1 Humongous Allocation)
[668.393s][info][gc,task     ] GC(1230) Using 2 workers of 2 for evacuation
[668.439s][info][gc,phases   ] GC(1230)   Pre Evacuate Collection Set: 0.30ms
[668.439s][info][gc,phases   ] GC(1230)   Merge Heap Roots: 0.26ms
[668.439s][info][gc,phases   ] GC(1230)   Evacuate Collection Set: 44.40ms
[668.439s][info][gc,phases   ] GC(1230)   Post Evacuate Collection Set: 0.46ms
[668.439s][info][gc,phases   ] GC(1230)   Other: 0.10ms
[668.439s][info][gc,heap     ] GC(1230) Eden regions: 58->0(62)
[668.439s][info][gc,heap     ] GC(1230) Survivor regions: 15->13(13)
[668.439s][info][gc,heap     ] GC(1230) Old regions: 249->291
[668.439s][info][gc,heap     ] GC(1230) Humongous regions: 5->5
[668.439s][info][gc,metaspace] GC(1230) Metaspace: 43209K(43648K)->43209K(43648K) NonClass: 38868K(39104K)->38868K(39104K) Class: 4341K(4544K)->4341K(4544K)
[668.439s][info][gc          ] GC(1230) Pause Young (Concurrent Start) (G1 Humongous Allocation) 326M->308M(465M) 45.767ms
[668.439s][info][gc,cpu      ] GC(1230) User=0.09s Sys=0.01s Real=0.04s
[668.439s][info][gc          ] GC(1231) Concurrent Mark Cycle
[668.439s][info][gc,marking  ] GC(1231) Concurrent Scan Root Regions
[668.462s][info][gc,marking  ] GC(1231) Concurrent Scan Root Regions 23.294ms
[668.462s][info][gc,marking  ] GC(1231) Concurrent Mark
[668.462s][info][gc,marking  ] GC(1231) Concurrent Mark From Roots
[668.462s][info][gc,task     ] GC(1231) Using 1 workers of 1 for marking
[668.590s][info][gc,marking  ] GC(1231) Concurrent Mark From Roots 128.043ms
[668.590s][info][gc,marking  ] GC(1231) Concurrent Preclean
[668.590s][info][gc,marking  ] GC(1231) Concurrent Preclean 0.055ms
[668.591s][info][gc,start    ] GC(1231) Pause Remark
[668.609s][info][gc          ] GC(1231) Pause Remark 339M->281M(465M) 18.134ms
[668.609s][info][gc,cpu      ] GC(1231) User=0.03s Sys=0.00s Real=0.02s
[668.609s][info][gc,marking  ] GC(1231) Concurrent Mark 146.549ms
[668.609s][info][gc,marking  ] GC(1231) Concurrent Rebuild Remembered Sets and Scrub Regions
[668.696s][info][gc,marking  ] GC(1231) Concurrent Rebuild Remembered Sets and Scrub Regions 86.699ms
[668.696s][info][gc,start    ] GC(1231) Pause Cleanup
[668.696s][info][gc          ] GC(1231) Pause Cleanup 297M->297M(465M) 0.108ms
[668.696s][info][gc,cpu      ] GC(1231) User=0.00s Sys=0.00s Real=0.00s
[668.696s][info][gc,marking  ] GC(1231) Concurrent Clear Claimed Marks
[668.696s][info][gc,marking  ] GC(1231) Concurrent Clear Claimed Marks 0.044ms
[668.696s][info][gc,marking  ] GC(1231) Concurrent Cleanup for Next Mark
[668.697s][info][gc,marking  ] GC(1231) Concurrent Cleanup for Next Mark 1.426ms
[668.697s][info][gc          ] GC(1231) Concurrent Mark Cycle 258.458ms
[668.761s][info][gc,start    ] GC(1232) Pause Young (Prepare Mixed) (G1 Evacuation Pause)
[668.761s][info][gc,task     ] GC(1232) Using 2 workers of 2 for evacuation
[668.802s][info][gc,phases   ] GC(1232)   Pre Evacuate Collection Set: 0.23ms
[668.802s][info][gc,phases   ] GC(1232)   Merge Heap Roots: 0.37ms
[668.802s][info][gc,phases   ] GC(1232)   Evacuate Collection Set: 39.05ms
[668.802s][info][gc,phases   ] GC(1232)   Post Evacuate Collection Set: 0.46ms
[668.802s][info][gc,phases   ] GC(1232)   Other: 0.10ms
[668.802s][info][gc,heap     ] GC(1232) Eden regions: 62->0(73)
[668.802s][info][gc,heap     ] GC(1232) Survivor regions: 13->10(10)
[668.802s][info][gc,heap     ] GC(1232) Old regions: 234->271
[668.802s][info][gc,heap     ] GC(1232) Humongous regions: 5->5
[668.802s][info][gc,metaspace] GC(1232) Metaspace: 43209K(43648K)->43209K(43648K) NonClass: 38868K(39104K)->38868K(39104K) Class: 4341K(4544K)->4341K(4544K)
[668.802s][info][gc          ] GC(1232) Pause Young (Prepare Mixed) (G1 Evacuation Pause) 313M->286M(465M) 40.465ms
[668.802s][info][gc,cpu      ] GC(1232) User=0.08s Sys=0.00s Real=0.04s
[669.093s][info][gc,start    ] GC(1233) Pause Young (Mixed) (G1 Evacuation Pause)
[669.093s][info][gc,task     ] GC(1233) Using 2 workers of 2 for evacuation
[669.142s][info][gc,phases   ] GC(1233)   Pre Evacuate Collection Set: 0.28ms
[669.142s][info][gc,phases   ] GC(1233)   Merge Heap Roots: 0.25ms
[669.142s][info][gc,phases   ] GC(1233)   Evacuate Collection Set: 47.32ms
[669.142s][info][gc,phases   ] GC(1233)   Post Evacuate Collection Set: 0.53ms
[669.142s][info][gc,phases   ] GC(1233)   Other: 0.08ms
[669.142s][info][gc,heap     ] GC(1233) Eden regions: 73->0(67)
[669.142s][info][gc,heap     ] GC(1233) Survivor regions: 10->11(11)
[669.142s][info][gc,heap     ] GC(1233) Old regions: 271->277
[669.142s][info][gc,heap     ] GC(1233) Humongous regions: 5->5
[669.142s][info][gc,metaspace] GC(1233) Metaspace: 43209K(43648K)->43209K(43648K) NonClass: 38868K(39104K)->38868K(39104K) Class: 4341K(4544K)->4341K(4544K)
[669.142s][info][gc          ] GC(1233) Pause Young (Mixed) (G1 Evacuation Pause) 359M->292M(465M) 48.741ms
[669.142s][info][gc,cpu      ] GC(1233) User=0.09s Sys=0.00s Real=0.04s
[669.454s][info][gc,start    ] GC(1234) Pause Young (Mixed) (G1 Evacuation Pause)
[669.454s][info][gc,task     ] GC(1234) Using 2 workers of 2 for evacuation
[669.509s][info][gc,phases   ] GC(1234)   Pre Evacuate Collection Set: 0.36ms
[669.509s][info][gc,phases   ] GC(1234)   Merge Heap Roots: 0.66ms
[669.509s][info][gc,phases   ] GC(1234)   Evacuate Collection Set: 52.23ms
[669.509s][info][gc,phases   ] GC(1234)   Post Evacuate Collection Set: 1.31ms
[669.509s][info][gc,phases   ] GC(1234)   Other: 0.09ms
[669.509s][info][gc,heap     ] GC(1234) Eden regions: 67->0(106)
[669.509s][info][gc,heap     ] GC(1234) Survivor regions: 11->10(10)
[669.509s][info][gc,heap     ] GC(1234) Old regions: 277->284
[669.509s][info][gc,heap     ] GC(1234) Humongous regions: 6->6
[669.509s][info][gc,metaspace] GC(1234) Metaspace: 43209K(43648K)->43209K(43648K) NonClass: 38868K(39104K)->38868K(39104K) Class: 4341K(4544K)->4341K(4544K)
[669.509s][info][gc          ] GC(1234) Pause Young (Mixed) (G1 Evacuation Pause) 360M->300M(568M) 54.889ms
[669.509s][info][gc,cpu      ] GC(1234) User=0.11s Sys=0.00s Real=0.05s
[669.750s][info][gc,start    ] GC(1235) Pause Young (Concurrent Start) (G1 Humongous Allocation)
[669.750s][info][gc,task     ] GC(1235) Using 2 workers of 2 for evacuation
[669.788s][info][gc,phases   ] GC(1235)   Pre Evacuate Collection Set: 0.33ms
[669.788s][info][gc,phases   ] GC(1235)   Merge Heap Roots: 0.15ms
[669.788s][info][gc,phases   ] GC(1235)   Evacuate Collection Set: 36.68ms
[669.788s][info][gc,phases   ] GC(1235)   Post Evacuate Collection Set: 0.42ms
[669.788s][info][gc,phases   ] GC(1235)   Other: 0.11ms
[669.788s][info][gc,heap     ] GC(1235) Eden regions: 57->0(95)
[669.788s][info][gc,heap     ] GC(1235) Survivor regions: 10->15(15)
[669.788s][info][gc,heap     ] GC(1235) Old regions: 284->312
[669.788s][info][gc,heap     ] GC(1235) Humongous regions: 6->6
[669.788s][info][gc,metaspace] GC(1235) Metaspace: 43209K(43648K)->43209K(43648K) NonClass: 38868K(39104K)->38868K(39104K) Class: 4341K(4544K)->4341K(4544K)
[669.788s][info][gc          ] GC(1235) Pause Young (Concurrent Start) (G1 Humongous Allocation) 356M->332M(568M) 37.938ms
[669.788s][info][gc,cpu      ] GC(1235) User=0.06s Sys=0.01s Real=0.04s
[669.788s][info][gc          ] GC(1236) Concurrent Mark Cycle
[669.788s][info][gc,marking  ] GC(1236) Concurrent Scan Root Regions
[669.806s][info][gc,marking  ] GC(1236) Concurrent Scan Root Regions 17.874ms
[669.806s][info][gc,marking  ] GC(1236) Concurrent Mark
[669.806s][info][gc,marking  ] GC(1236) Concurrent Mark From Roots
[669.806s][info][gc,task     ] GC(1236) Using 1 workers of 1 for marking
[669.931s][info][gc,marking  ] GC(1236) Concurrent Mark From Roots 124.920ms
[669.931s][info][gc,marking  ] GC(1236) Concurrent Preclean
[669.931s][info][gc,marking  ] GC(1236) Concurrent Preclean 0.121ms
[669.931s][info][gc,start    ] GC(1236) Pause Remark
[669.957s][info][metaspace   ] ChkMgr @0x00007fb088162700 (non-class-space): : reclaiming memory...
[669.957s][info][metaspace   ] ChkMgr @0x00007fb088162700 (non-class-space): nothing reclaimed.
[669.957s][info][metaspace   ] ChkMgr @0x00007fb088160810 (class-space): : reclaiming memory...
[669.957s][info][metaspace   ] ChkMgr @0x00007fb088160810 (class-space): nothing reclaimed.
[669.958s][info][gc          ] GC(1236) Pause Remark 362M->270M(568M) 26.204ms
[669.958s][info][gc,cpu      ] GC(1236) User=0.06s Sys=0.00s Real=0.03s
[669.959s][info][gc,marking  ] GC(1236) Concurrent Mark 153.192ms
[669.959s][info][gc,marking  ] GC(1236) Concurrent Rebuild Remembered Sets and Scrub Regions
[670.038s][info][gc,marking  ] GC(1236) Concurrent Rebuild Remembered Sets and Scrub Regions 78.871ms
[670.038s][info][gc,start    ] GC(1236) Pause Cleanup
[670.038s][info][gc          ] GC(1236) Pause Cleanup 289M->289M(568M) 0.102ms
[670.038s][info][gc,cpu      ] GC(1236) User=0.00s Sys=0.00s Real=0.00s
[670.038s][info][gc,marking  ] GC(1236) Concurrent Clear Claimed Marks
[670.039s][info][gc,marking  ] GC(1236) Concurrent Clear Claimed Marks 0.040ms
[670.039s][info][gc,marking  ] GC(1236) Concurrent Cleanup for Next Mark
[670.041s][info][gc,marking  ] GC(1236) Concurrent Cleanup for Next Mark 2.925ms
[670.041s][info][gc          ] GC(1236) Concurrent Mark Cycle 253.423ms
[670.260s][info][gc,start    ] GC(1237) Pause Young (Prepare Mixed) (G1 Evacuation Pause)
[670.260s][info][gc,task     ] GC(1237) Using 2 workers of 2 for evacuation
[670.285s][info][gc,phases   ] GC(1237)   Pre Evacuate Collection Set: 0.29ms
[670.285s][info][gc,phases   ] GC(1237)   Merge Heap Roots: 0.24ms
[670.285s][info][gc,phases   ] GC(1237)   Evacuate Collection Set: 24.05ms
[670.285s][info][gc,phases   ] GC(1237)   Post Evacuate Collection Set: 0.46ms
[670.285s][info][gc,phases   ] GC(1237)   Other: 0.09ms
[670.285s][info][gc,heap     ] GC(1237) Eden regions: 95->0(136)
[670.285s][info][gc,heap     ] GC(1237) Survivor regions: 15->11(14)
[670.285s][info][gc,heap     ] GC(1237) Old regions: 222->234
[670.285s][info][gc,heap     ] GC(1237) Humongous regions: 5->5
[670.285s][info][gc,metaspace] GC(1237) Metaspace: 43155K(43648K)->43155K(43648K) NonClass: 38813K(39104K)->38813K(39104K) Class: 4341K(4544K)->4341K(4544K)
[670.285s][info][gc          ] GC(1237) Pause Young (Prepare Mixed) (G1 Evacuation Pause) 336M->250M(568M) 25.361ms
[670.285s][info][gc,cpu      ] GC(1237) User=0.04s Sys=0.01s Real=0.03s
[670.859s][info][gc,start    ] GC(1238) Pause Young (Mixed) (G1 Evacuation Pause)
[670.859s][info][gc,task     ] GC(1238) Using 2 workers of 2 for evacuation
[670.874s][info][gc,phases   ] GC(1238)   Pre Evacuate Collection Set: 0.43ms
[670.874s][info][gc,phases   ] GC(1238)   Merge Heap Roots: 0.26ms
[670.874s][info][gc,phases   ] GC(1238)   Evacuate Collection Set: 13.76ms
[670.874s][info][gc,phases   ] GC(1238)   Post Evacuate Collection Set: 0.58ms
[670.874s][info][gc,phases   ] GC(1238)   Other: 0.10ms
[670.874s][info][gc,heap     ] GC(1238) Eden regions: 136->0(172)
[670.874s][info][gc,heap     ] GC(1238) Survivor regions: 11->4(19)
[670.874s][info][gc,heap     ] GC(1238) Old regions: 234->184
[670.874s][info][gc,heap     ] GC(1238) Humongous regions: 5->5
[670.874s][info][gc,metaspace] GC(1238) Metaspace: 43155K(43648K)->43155K(43648K) NonClass: 38813K(39104K)->38813K(39104K) Class: 4341K(4544K)->4341K(4544K)
[670.874s][info][gc          ] GC(1238) Pause Young (Mixed) (G1 Evacuation Pause) 386M->193M(568M) 15.391ms
[670.874s][info][gc,cpu      ] GC(1238) User=0.03s Sys=0.00s Real=0.02s
[671.591s][info][gc,start    ] GC(1239) Pause Young (Mixed) (G1 Evacuation Pause)
[671.591s][info][gc,task     ] GC(1239) Using 2 workers of 2 for evacuation
[671.636s][info][gc,phases   ] GC(1239)   Pre Evacuate Collection Set: 0.42ms
[671.636s][info][gc,phases   ] GC(1239)   Merge Heap Roots: 0.56ms
[671.636s][info][gc,phases   ] GC(1239)   Evacuate Collection Set: 43.30ms
[671.636s][info][gc,phases   ] GC(1239)   Post Evacuate Collection Set: 0.65ms
[671.636s][info][gc,phases   ] GC(1239)   Other: 0.10ms
[671.636s][info][gc,heap     ] GC(1239) Eden regions: 172->0(176)
[671.636s][info][gc,heap     ] GC(1239) Survivor regions: 4->22(22)
[671.636s][info][gc,heap     ] GC(1239) Old regions: 184->175
[671.636s][info][gc,heap     ] GC(1239) Humongous regions: 6->5
[671.636s][info][gc,metaspace] GC(1239) Metaspace: 43155K(43648K)->43155K(43648K) NonClass: 38813K(39104K)->38813K(39104K) Class: 4341K(4544K)->4341K(4544K)
[671.636s][info][gc          ] GC(1239) Pause Young (Mixed) (G1 Evacuation Pause) 366M->202M(568M) 45.377ms
[671.636s][info][gc,cpu      ] GC(1239) User=0.09s Sys=0.00s Real=0.05s
[672.341s][info][gc,start    ] GC(1240) Pause Young (Normal) (G1 Evacuation Pause)
[672.341s][info][gc,task     ] GC(1240) Using 2 workers of 2 for evacuation
[672.366s][info][gc,phases   ] GC(1240)   Pre Evacuate Collection Set: 0.30ms
[672.366s][info][gc,phases   ] GC(1240)   Merge Heap Roots: 0.16ms
[672.366s][info][gc,phases   ] GC(1240)   Evacuate Collection Set: 23.05ms
[672.366s][info][gc,phases   ] GC(1240)   Post Evacuate Collection Set: 0.55ms
[672.366s][info][gc,phases   ] GC(1240)   Other: 0.09ms
[672.366s][info][gc,heap     ] GC(1240) Eden regions: 176->0(187)
[672.366s][info][gc,heap     ] GC(1240) Survivor regions: 22->11(25)
[672.366s][info][gc,heap     ] GC(1240) Old regions: 175->194
[672.366s][info][gc,heap     ] GC(1240) Humongous regions: 8->6
[672.366s][info][gc,metaspace] GC(1240) Metaspace: 43155K(43648K)->43155K(43648K) NonClass: 38813K(39104K)->38813K(39104K) Class: 4341K(4544K)->4341K(4544K)
[672.366s][info][gc          ] GC(1240) Pause Young (Normal) (G1 Evacuation Pause) 381M->210M(568M) 24.398ms
[672.366s][info][gc,cpu      ] GC(1240) User=0.04s Sys=0.00s Real=0.03s
[672.746s][info][gc,start    ] GC(1241) Pause Young (Concurrent Start) (G1 Humongous Allocation)
[672.746s][info][gc,task     ] GC(1241) Using 2 workers of 2 for evacuation
[672.782s][info][gc,phases   ] GC(1241)   Pre Evacuate Collection Set: 0.30ms
[672.782s][info][gc,phases   ] GC(1241)   Merge Heap Roots: 0.18ms
[672.782s][info][gc,phases   ] GC(1241)   Evacuate Collection Set: 34.66ms
[672.782s][info][gc,phases   ] GC(1241)   Post Evacuate Collection Set: 0.64ms
[672.782s][info][gc,phases   ] GC(1241)   Other: 0.14ms
[672.782s][info][gc,heap     ] GC(1241) Eden regions: 98->0(174)
[672.782s][info][gc,heap     ] GC(1241) Survivor regions: 11->25(25)
[672.782s][info][gc,heap     ] GC(1241) Old regions: 194->216
[672.782s][info][gc,heap     ] GC(1241) Humongous regions: 6->6
[672.782s][info][gc,metaspace] GC(1241) Metaspace: 43155K(43648K)->43155K(43648K) NonClass: 38813K(39104K)->38813K(39104K) Class: 4341K(4544K)->4341K(4544K)
[672.782s][info][gc          ] GC(1241) Pause Young (Concurrent Start) (G1 Humongous Allocation) 308M->246M(568M) 36.146ms
[672.782s][info][gc          ] GC(1242) Concurrent Mark Cycle
[672.782s][info][gc,marking  ] GC(1242) Concurrent Scan Root Regions
[672.784s][info][gc,cpu      ] GC(1241) User=0.07s Sys=0.00s Real=0.04s
[672.805s][info][gc,marking  ] GC(1242) Concurrent Scan Root Regions 23.575ms
[672.805s][info][gc,marking  ] GC(1242) Concurrent Mark
[672.805s][info][gc,marking  ] GC(1242) Concurrent Mark From Roots
[672.805s][info][gc,task     ] GC(1242) Using 1 workers of 1 for marking
[672.910s][info][gc,marking  ] GC(1242) Concurrent Mark From Roots 104.854ms
[672.910s][info][gc,marking  ] GC(1242) Concurrent Preclean
[672.910s][info][gc,marking  ] GC(1242) Concurrent Preclean 0.053ms
[672.911s][info][gc,start    ] GC(1242) Pause Remark
[672.929s][info][gc          ] GC(1242) Pause Remark 273M->203M(568M) 17.955ms
[672.929s][info][gc,cpu      ] GC(1242) User=0.04s Sys=0.00s Real=0.02s
[672.929s][info][gc,marking  ] GC(1242) Concurrent Mark 123.191ms
[672.929s][info][gc,marking  ] GC(1242) Concurrent Rebuild Remembered Sets and Scrub Regions
[672.993s][info][gc,marking  ] GC(1242) Concurrent Rebuild Remembered Sets and Scrub Regions 63.875ms
[672.994s][info][gc,start    ] GC(1242) Pause Cleanup
[672.994s][info][gc          ] GC(1242) Pause Cleanup 217M->217M(568M) 0.098ms
[672.994s][info][gc,cpu      ] GC(1242) User=0.00s Sys=0.00s Real=0.00s
[672.995s][info][gc,marking  ] GC(1242) Concurrent Clear Claimed Marks
[672.995s][info][gc,marking  ] GC(1242) Concurrent Clear Claimed Marks 0.068ms
[672.995s][info][gc,marking  ] GC(1242) Concurrent Cleanup for Next Mark
[672.996s][info][gc,marking  ] GC(1242) Concurrent Cleanup for Next Mark 1.752ms
[672.996s][info][gc          ] GC(1242) Concurrent Mark Cycle 214.597ms
[673.524s][info][gc,start    ] GC(1243) Pause Young (Prepare Mixed) (G1 Evacuation Pause)
[673.525s][info][gc,task     ] GC(1243) Using 2 workers of 2 for evacuation
[673.575s][info][gc,phases   ] GC(1243)   Pre Evacuate Collection Set: 0.25ms
[673.575s][info][gc,phases   ] GC(1243)   Merge Heap Roots: 0.31ms
[673.575s][info][gc,phases   ] GC(1243)   Evacuate Collection Set: 49.58ms
[673.575s][info][gc,phases   ] GC(1243)   Post Evacuate Collection Set: 0.54ms
[673.575s][info][gc,phases   ] GC(1243)   Other: 0.09ms
[673.575s][info][gc,heap     ] GC(1243) Eden regions: 174->0(188)
[673.575s][info][gc,heap     ] GC(1243) Survivor regions: 25->25(25)
[673.575s][info][gc,heap     ] GC(1243) Old regions: 148->188
[673.575s][info][gc,heap     ] GC(1243) Humongous regions: 6->5
[673.575s][info][gc,metaspace] GC(1243) Metaspace: 43155K(43648K)->43155K(43648K) NonClass: 38813K(39104K)->38813K(39104K) Class: 4341K(4544K)->4341K(4544K)
[673.576s][info][gc          ] GC(1243) Pause Young (Prepare Mixed) (G1 Evacuation Pause) 352M->218M(568M) 51.072ms
[673.576s][info][gc,cpu      ] GC(1243) User=0.10s Sys=0.00s Real=0.05s
[674.310s][info][gc,start    ] GC(1244) Pause Young (Mixed) (G1 Evacuation Pause)
[674.310s][info][gc,task     ] GC(1244) Using 2 workers of 2 for evacuation
[674.369s][info][gc,phases   ] GC(1244)   Pre Evacuate Collection Set: 0.28ms
[674.369s][info][gc,phases   ] GC(1244)   Merge Heap Roots: 0.26ms
[674.369s][info][gc,phases   ] GC(1244)   Evacuate Collection Set: 57.29ms
[674.369s][info][gc,phases   ] GC(1244)   Post Evacuate Collection Set: 0.59ms
[674.369s][info][gc,phases   ] GC(1244)   Other: 0.09ms
[674.369s][info][gc,heap     ] GC(1244) Eden regions: 188->0(180)
[674.369s][info][gc,heap     ] GC(1244) Survivor regions: 25->27(27)
[674.369s][info][gc,heap     ] GC(1244) Old regions: 188->204
[674.369s][info][gc,heap     ] GC(1244) Humongous regions: 7->5
[674.369s][info][gc,metaspace] GC(1244) Metaspace: 43155K(43648K)->43155K(43648K) NonClass: 38813K(39104K)->38813K(39104K) Class: 4341K(4544K)->4341K(4544K)
[674.369s][info][gc          ] GC(1244) Pause Young (Mixed) (G1 Evacuation Pause) 408M->235M(568M) 58.753ms
[674.369s][info][gc,cpu      ] GC(1244) User=0.11s Sys=0.00s Real=0.06s
[674.375s][info][gc,start    ] GC(1245) Pause Young (Concurrent Start) (G1 Humongous Allocation)
[674.375s][info][gc,task     ] GC(1245) Using 2 workers of 2 for evacuation
[674.400s][info][gc,phases   ] GC(1245)   Pre Evacuate Collection Set: 0.26ms
[674.400s][info][gc,phases   ] GC(1245)   Merge Heap Roots: 0.22ms
[674.400s][info][gc,phases   ] GC(1245)   Evacuate Collection Set: 23.85ms
[674.400s][info][gc,phases   ] GC(1245)   Post Evacuate Collection Set: 0.33ms
[674.400s][info][gc,phases   ] GC(1245)   Other: 0.12ms
[674.400s][info][gc,heap     ] GC(1245) Eden regions: 3->0(159)
[674.400s][info][gc,heap     ] GC(1245) Survivor regions: 27->2(26)
[674.400s][info][gc,heap     ] GC(1245) Old regions: 204->231
[674.400s][info][gc,heap     ] GC(1245) Humongous regions: 5->5
[674.400s][info][gc,metaspace] GC(1245) Metaspace: 43155K(43648K)->43155K(43648K) NonClass: 38813K(39104K)->38813K(39104K) Class: 4341K(4544K)->4341K(4544K)
[674.400s][info][gc          ] GC(1245) Pause Young (Concurrent Start) (G1 Humongous Allocation) 238M->238M(568M) 24.994ms
[674.400s][info][gc,cpu      ] GC(1245) User=0.05s Sys=0.00s Real=0.02s
[674.400s][info][gc          ] GC(1246) Concurrent Mark Cycle
[674.400s][info][gc,marking  ] GC(1246) Concurrent Scan Root Regions
[674.413s][info][gc,marking  ] GC(1246) Concurrent Scan Root Regions 13.028ms
[674.413s][info][gc,marking  ] GC(1246) Concurrent Mark
[674.413s][info][gc,marking  ] GC(1246) Concurrent Mark From Roots
[674.413s][info][gc,task     ] GC(1246) Using 1 workers of 1 for marking
[674.526s][info][gc,marking  ] GC(1246) Concurrent Mark From Roots 113.105ms
[674.526s][info][gc,marking  ] GC(1246) Concurrent Preclean
[674.526s][info][gc,marking  ] GC(1246) Concurrent Preclean 0.050ms
[674.526s][info][gc,start    ] GC(1246) Pause Remark
[674.544s][info][gc          ] GC(1246) Pause Remark 274M->250M(568M) 17.667ms
[674.544s][info][gc,cpu      ] GC(1246) User=0.03s Sys=0.00s Real=0.02s
[674.544s][info][gc,marking  ] GC(1246) Concurrent Mark 131.178ms
[674.544s][info][gc,marking  ] GC(1246) Concurrent Rebuild Remembered Sets and Scrub Regions
[674.608s][info][gc,marking  ] GC(1246) Concurrent Rebuild Remembered Sets and Scrub Regions 64.276ms
[674.609s][info][gc,start    ] GC(1246) Pause Cleanup
[674.609s][info][gc          ] GC(1246) Pause Cleanup 269M->269M(568M) 0.108ms
[674.609s][info][gc,cpu      ] GC(1246) User=0.00s Sys=0.00s Real=0.00s
[674.609s][info][gc,marking  ] GC(1246) Concurrent Clear Claimed Marks
[674.609s][info][gc,marking  ] GC(1246) Concurrent Clear Claimed Marks 0.039ms
[674.609s][info][gc,marking  ] GC(1246) Concurrent Cleanup for Next Mark
[674.611s][info][gc,marking  ] GC(1246) Concurrent Cleanup for Next Mark 1.716ms
[674.611s][info][gc          ] GC(1246) Concurrent Mark Cycle 210.768ms
[674.994s][info][gc,start    ] GC(1247) Pause Young (Prepare Mixed) (G1 Evacuation Pause)
[674.994s][info][gc,task     ] GC(1247) Using 2 workers of 2 for evacuation
[674.999s][info][gc,phases   ] GC(1247)   Pre Evacuate Collection Set: 0.33ms
[674.999s][info][gc,phases   ] GC(1247)   Merge Heap Roots: 0.11ms
[674.999s][info][gc,phases   ] GC(1247)   Evacuate Collection Set: 2.93ms
[674.999s][info][gc,phases   ] GC(1247)   Post Evacuate Collection Set: 0.61ms
[674.999s][info][gc,phases   ] GC(1247)   Other: 0.13ms
[674.999s][info][gc,heap     ] GC(1247) Eden regions: 159->0(186)
[674.999s][info][gc,heap     ] GC(1247) Survivor regions: 2->3(21)
[674.999s][info][gc,heap     ] GC(1247) Old regions: 209->209
[674.999s][info][gc,heap     ] GC(1247) Humongous regions: 5->5
[674.999s][info][gc,metaspace] GC(1247) Metaspace: 43155K(43648K)->43155K(43648K) NonClass: 38813K(39104K)->38813K(39104K) Class: 4341K(4544K)->4341K(4544K)
[674.999s][info][gc          ] GC(1247) Pause Young (Prepare Mixed) (G1 Evacuation Pause) 375M->217M(568M) 4.377ms
[674.999s][info][gc,cpu      ] GC(1247) User=0.01s Sys=0.00s Real=0.00s
[675.653s][info][gc,start    ] GC(1248) Pause Young (Mixed) (G1 Evacuation Pause)
[675.653s][info][gc,task     ] GC(1248) Using 2 workers of 2 for evacuation
[675.659s][info][gc,phases   ] GC(1248)   Pre Evacuate Collection Set: 0.37ms
[675.660s][info][gc,phases   ] GC(1248)   Merge Heap Roots: 0.15ms
[675.660s][info][gc,phases   ] GC(1248)   Evacuate Collection Set: 4.78ms
[675.660s][info][gc,phases   ] GC(1248)   Post Evacuate Collection Set: 0.71ms
[675.660s][info][gc,phases   ] GC(1248)   Other: 0.11ms
[675.660s][info][gc,heap     ] GC(1248) Eden regions: 186->0(226)
[675.660s][info][gc,heap     ] GC(1248) Survivor regions: 3->3(24)
[675.660s][info][gc,heap     ] GC(1248) Old regions: 209->154
[675.660s][info][gc,heap     ] GC(1248) Humongous regions: 6->5
[675.660s][info][gc,metaspace] GC(1248) Metaspace: 43155K(43648K)->43155K(43648K) NonClass: 38813K(39104K)->38813K(39104K) Class: 4341K(4544K)->4341K(4544K)
[675.660s][info][gc          ] GC(1248) Pause Young (Mixed) (G1 Evacuation Pause) 404M->161M(568M) 6.423ms
[675.660s][info][gc,cpu      ] GC(1248) User=0.01s Sys=0.00s Real=0.00s
[676.294s][info][gc,start    ] GC(1249) Pause Young (Mixed) (G1 Evacuation Pause)
[676.294s][info][gc,task     ] GC(1249) Using 2 workers of 2 for evacuation
[676.309s][info][gc,phases   ] GC(1249)   Pre Evacuate Collection Set: 0.43ms
[676.309s][info][gc,phases   ] GC(1249)   Merge Heap Roots: 0.36ms
[676.309s][info][gc,phases   ] GC(1249)   Evacuate Collection Set: 14.08ms
[676.309s][info][gc,phases   ] GC(1249)   Post Evacuate Collection Set: 0.61ms
[676.310s][info][gc,phases   ] GC(1249)   Other: 0.09ms
[676.310s][info][gc,heap     ] GC(1249) Eden regions: 226->0(252)
[676.310s][info][gc,heap     ] GC(1249) Survivor regions: 3->4(29)
[676.310s][info][gc,heap     ] GC(1249) Old regions: 154->133
[676.310s][info][gc,heap     ] GC(1249) Humongous regions: 5->3
[676.310s][info][gc,metaspace] GC(1249) Metaspace: 43155K(43648K)->43155K(43648K) NonClass: 38813K(39104K)->38813K(39104K) Class: 4341K(4544K)->4341K(4544K)
[676.310s][info][gc          ] GC(1249) Pause Young (Mixed) (G1 Evacuation Pause) 387M->140M(568M) 15.819ms
[676.310s][info][gc,cpu      ] GC(1249) User=0.03s Sys=0.00s Real=0.01s
[676.805s][info][gc,start    ] GC(1250) Pause Young (Concurrent Start) (G1 Evacuation Pause)
[676.805s][info][gc,task     ] GC(1250) Using 2 workers of 2 for evacuation
[676.810s][info][gc,phases   ] GC(1250)   Pre Evacuate Collection Set: 0.28ms
[676.810s][info][gc,phases   ] GC(1250)   Merge Heap Roots: 0.10ms
[676.810s][info][gc,phases   ] GC(1250)   Evacuate Collection Set: 3.24ms
[676.810s][info][gc,phases   ] GC(1250)   Post Evacuate Collection Set: 0.54ms
[676.810s][info][gc,phases   ] GC(1250)   Other: 0.10ms
[676.810s][info][gc,heap     ] GC(1250) Eden regions: 252->0(270)
[676.810s][info][gc,heap     ] GC(1250) Survivor regions: 4->5(32)
[676.810s][info][gc,heap     ] GC(1250) Old regions: 133->133
[676.810s][info][gc,heap     ] GC(1250) Humongous regions: 3->3
[676.810s][info][gc,metaspace] GC(1250) Metaspace: 43155K(43648K)->43155K(43648K) NonClass: 38813K(39104K)->38813K(39104K) Class: 4341K(4544K)->4341K(4544K)
[676.810s][info][gc          ] GC(1250) Pause Young (Concurrent Start) (G1 Evacuation Pause) 392M->140M(568M) 4.483ms
[676.810s][info][gc          ] GC(1251) Concurrent Mark Cycle
[676.810s][info][gc,marking  ] GC(1251) Concurrent Scan Root Regions
[676.812s][info][gc,marking  ] GC(1251) Concurrent Scan Root Regions 2.243ms
[676.812s][info][gc,marking  ] GC(1251) Concurrent Mark
[676.812s][info][gc,marking  ] GC(1251) Concurrent Mark From Roots
[676.812s][info][gc,task     ] GC(1251) Using 1 workers of 1 for marking
[676.812s][info][gc,cpu      ] GC(1250) User=0.01s Sys=0.00s Real=0.00s
[676.890s][info][gc,marking  ] GC(1251) Concurrent Mark From Roots 77.903ms
[676.890s][info][gc,marking  ] GC(1251) Concurrent Preclean
[676.890s][info][gc,marking  ] GC(1251) Concurrent Preclean 0.051ms
[676.890s][info][gc,start    ] GC(1251) Pause Remark
[676.910s][info][gc          ] GC(1251) Pause Remark 180M->115M(256M) 19.292ms
[676.910s][info][gc,cpu      ] GC(1251) User=0.03s Sys=0.00s Real=0.02s
[676.910s][info][gc,marking  ] GC(1251) Concurrent Mark 97.602ms
[676.910s][info][gc,marking  ] GC(1251) Concurrent Rebuild Remembered Sets and Scrub Regions
[676.942s][info][gc,marking  ] GC(1251) Concurrent Rebuild Remembered Sets and Scrub Regions 32.304ms
[676.942s][info][gc,start    ] GC(1251) Pause Cleanup
[676.942s][info][gc          ] GC(1251) Pause Cleanup 126M->126M(256M) 0.085ms
[676.942s][info][gc,cpu      ] GC(1251) User=0.00s Sys=0.00s Real=0.01s
[676.942s][info][gc,marking  ] GC(1251) Concurrent Clear Claimed Marks
[676.942s][info][gc,marking  ] GC(1251) Concurrent Clear Claimed Marks 0.038ms
[676.942s][info][gc,marking  ] GC(1251) Concurrent Cleanup for Next Mark
[676.943s][info][gc,marking  ] GC(1251) Concurrent Cleanup for Next Mark 0.797ms
[676.943s][info][gc          ] GC(1251) Concurrent Mark Cycle 133.382ms
[677.442s][info][gc,start    ] GC(1252) Pause Young (Prepare Mixed) (G1 Evacuation Pause)
[677.442s][info][gc,task     ] GC(1252) Using 2 workers of 2 for evacuation
[677.455s][info][gc,phases   ] GC(1252)   Pre Evacuate Collection Set: 0.22ms
[677.455s][info][gc,phases   ] GC(1252)   Merge Heap Roots: 0.08ms
[677.455s][info][gc,phases   ] GC(1252)   Evacuate Collection Set: 10.86ms
[677.455s][info][gc,phases   ] GC(1252)   Post Evacuate Collection Set: 1.08ms
[677.455s][info][gc,phases   ] GC(1252)   Other: 0.08ms
[677.455s][info][gc,heap     ] GC(1252) Eden regions: 114->0(212)
[677.455s][info][gc,heap     ] GC(1252) Survivor regions: 5->8(26)
[677.455s][info][gc,heap     ] GC(1252) Old regions: 70->70
[677.455s][info][gc,heap     ] GC(1252) Humongous regions: 181->3
[677.455s][info][gc,metaspace] GC(1252) Metaspace: 43155K(43648K)->43155K(43648K) NonClass: 38813K(39104K)->38813K(39104K) Class: 4341K(4544K)->4341K(4544K)
[677.455s][info][gc          ] GC(1252) Pause Young (Prepare Mixed) (G1 Evacuation Pause) 369M->81M(378M) 12.598ms
[677.455s][info][gc,cpu      ] GC(1252) User=0.01s Sys=0.00s Real=0.02s
[678.118s][info][gc,start    ] GC(1253) Pause Young (Mixed) (G1 Evacuation Pause)
[678.118s][info][gc,task     ] GC(1253) Using 2 workers of 2 for evacuation
[678.145s][info][gc,phases   ] GC(1253)   Pre Evacuate Collection Set: 0.42ms
[678.145s][info][gc,phases   ] GC(1253)   Merge Heap Roots: 0.27ms
[678.145s][info][gc,phases   ] GC(1253)   Evacuate Collection Set: 24.66ms
[678.145s][info][gc,phases   ] GC(1253)   Post Evacuate Collection Set: 0.95ms
[678.145s][info][gc,phases   ] GC(1253)   Other: 0.09ms
[678.145s][info][gc,heap     ] GC(1253) Eden regions: 59->0(296)
[678.145s][info][gc,heap     ] GC(1253) Survivor regions: 8->13(28)
[678.145s][info][gc,heap     ] GC(1253) Old regions: 70->64
[678.145s][info][gc,heap     ] GC(1253) Humongous regions: 369->3
[678.145s][info][gc,metaspace] GC(1253) Metaspace: 43155K(43648K)->43155K(43648K) NonClass: 38813K(39104K)->38813K(39104K) Class: 4341K(4544K)->4341K(4544K)
[678.145s][info][gc          ] GC(1253) Pause Young (Mixed) (G1 Evacuation Pause) 505M->78M(521M) 26.652ms
[678.145s][info][gc,cpu      ] GC(1253) User=0.04s Sys=0.01s Real=0.03s
[678.149s][info][gc,start    ] GC(1254) Pause Young (Concurrent Start) (G1 Humongous Allocation)
[678.149s][info][gc,task     ] GC(1254) Using 2 workers of 2 for evacuation
[678.161s][info][gc,phases   ] GC(1254)   Pre Evacuate Collection Set: 0.22ms
[678.161s][info][gc,phases   ] GC(1254)   Merge Heap Roots: 0.05ms
[678.161s][info][gc,phases   ] GC(1254)   Evacuate Collection Set: 10.37ms
[678.161s][info][gc,phases   ] GC(1254)   Post Evacuate Collection Set: 0.35ms
[678.161s][info][gc,phases   ] GC(1254)   Other: 0.07ms
[678.161s][info][gc,heap     ] GC(1254) Eden regions: 1->0(299)
[678.161s][info][gc,heap     ] GC(1254) Survivor regions: 13->13(39)
[678.161s][info][gc,heap     ] GC(1254) Old regions: 64->64
[678.161s][info][gc,heap     ] GC(1254) Humongous regions: 3->1
[678.161s][info][gc,metaspace] GC(1254) Metaspace: 43155K(43648K)->43155K(43648K) NonClass: 38813K(39104K)->38813K(39104K) Class: 4341K(4544K)->4341K(4544K)
[678.161s][info][gc          ] GC(1254) Pause Young (Concurrent Start) (G1 Humongous Allocation) 79M->76M(521M) 11.227ms
[678.161s][info][gc,cpu      ] GC(1254) User=0.02s Sys=0.00s Real=0.01s
[678.161s][info][gc          ] GC(1255) Concurrent Mark Cycle
[678.161s][info][gc,marking  ] GC(1255) Concurrent Scan Root Regions
[678.169s][info][gc,marking  ] GC(1255) Concurrent Scan Root Regions 7.997ms
[678.169s][info][gc,marking  ] GC(1255) Concurrent Mark
[678.169s][info][gc,marking  ] GC(1255) Concurrent Mark From Roots
[678.169s][info][gc,task     ] GC(1255) Using 1 workers of 1 for marking
[678.242s][info][gc,marking  ] GC(1255) Concurrent Mark From Roots 73.107ms
[678.242s][info][gc,marking  ] GC(1255) Concurrent Preclean
[678.242s][info][gc,marking  ] GC(1255) Concurrent Preclean 0.056ms
[678.242s][info][gc,start    ] GC(1255) Pause Remark
[678.260s][info][gc          ] GC(1255) Pause Remark 128M->128M(407M) 18.217ms
[678.261s][info][gc,cpu      ] GC(1255) User=0.03s Sys=0.00s Real=0.01s
[678.261s][info][gc,marking  ] GC(1255) Concurrent Mark 91.747ms
[678.261s][info][gc,marking  ] GC(1255) Concurrent Rebuild Remembered Sets and Scrub Regions
[678.291s][info][gc,marking  ] GC(1255) Concurrent Rebuild Remembered Sets and Scrub Regions 30.165ms
[678.291s][info][gc,start    ] GC(1255) Pause Cleanup
[678.291s][info][gc          ] GC(1255) Pause Cleanup 146M->146M(407M) 0.058ms
[678.291s][info][gc,cpu      ] GC(1255) User=0.00s Sys=0.00s Real=0.00s
[678.291s][info][gc,marking  ] GC(1255) Concurrent Clear Claimed Marks
[678.291s][info][gc,marking  ] GC(1255) Concurrent Clear Claimed Marks 0.037ms
[678.291s][info][gc,marking  ] GC(1255) Concurrent Cleanup for Next Mark
[678.294s][info][gc,marking  ] GC(1255) Concurrent Cleanup for Next Mark 2.990ms
[678.294s][info][gc          ] GC(1255) Concurrent Mark Cycle 133.252ms
[678.880s][info][gc,start    ] GC(1256) Pause Young (Prepare Mixed) (G1 Evacuation Pause)
[678.880s][info][gc,task     ] GC(1256) Using 2 workers of 2 for evacuation
[678.920s][info][gc,phases   ] GC(1256)   Pre Evacuate Collection Set: 0.30ms
[678.920s][info][gc,phases   ] GC(1256)   Merge Heap Roots: 0.09ms
[678.920s][info][gc,phases   ] GC(1256)   Evacuate Collection Set: 37.90ms
[678.920s][info][gc,phases   ] GC(1256)   Post Evacuate Collection Set: 1.44ms
[678.920s][info][gc,phases   ] GC(1256)   Other: 0.07ms
[678.920s][info][gc,heap     ] GC(1256) Eden regions: 67->0(299)
[678.920s][info][gc,heap     ] GC(1256) Survivor regions: 13->22(37)
[678.920s][info][gc,heap     ] GC(1256) Old regions: 64->64
[678.920s][info][gc,heap     ] GC(1256) Humongous regions: 369->1
[678.920s][info][gc,metaspace] GC(1256) Metaspace: 43155K(43648K)->43155K(43648K) NonClass: 38813K(39104K)->38813K(39104K) Class: 4341K(4544K)->4341K(4544K)
[678.920s][info][gc          ] GC(1256) Pause Young (Prepare Mixed) (G1 Evacuation Pause) 511M->85M(535M) 40.046ms
[678.920s][info][gc,cpu      ] GC(1256) User=0.05s Sys=0.01s Real=0.04s
[679.718s][info][gc,start    ] GC(1257) Pause Young (Mixed) (G1 Evacuation Pause)
[679.718s][info][gc,task     ] GC(1257) Using 2 workers of 2 for evacuation
[679.774s][info][gc,phases   ] GC(1257)   Pre Evacuate Collection Set: 0.43ms
[679.774s][info][gc,phases   ] GC(1257)   Merge Heap Roots: 0.12ms
[679.774s][info][gc,phases   ] GC(1257)   Evacuate Collection Set: 54.16ms
[679.774s][info][gc,phases   ] GC(1257)   Post Evacuate Collection Set: 1.03ms
[679.774s][info][gc,phases   ] GC(1257)   Other: 0.08ms
[679.774s][info][gc,heap     ] GC(1257) Eden regions: 90->0(348)
[679.774s][info][gc,heap     ] GC(1257) Survivor regions: 22->36(44)
[679.774s][info][gc,heap     ] GC(1257) Old regions: 64->59
[679.774s][info][gc,heap     ] GC(1257) Humongous regions: 427->1
[679.774s][info][gc,metaspace] GC(1257) Metaspace: 43155K(43648K)->43155K(43648K) NonClass: 38813K(39104K)->38813K(39104K) Class: 4341K(4544K)->4341K(4544K)
[679.774s][info][gc          ] GC(1257) Pause Young (Mixed) (G1 Evacuation Pause) 601M->94M(641M) 56.054ms
[679.774s][info][gc,cpu      ] GC(1257) User=0.08s Sys=0.02s Real=0.06s
[679.923s][info][gc,start    ] GC(1258) Pause Young (Concurrent Start) (G1 Humongous Allocation)
[679.923s][info][gc,task     ] GC(1258) Using 2 workers of 2 for evacuation
[679.930s][info][gc,phases   ] GC(1258)   Pre Evacuate Collection Set: 0.28ms
[679.930s][info][gc,phases   ] GC(1258)   Merge Heap Roots: 0.06ms
[679.930s][info][gc,phases   ] GC(1258)   Evacuate Collection Set: 5.60ms
[679.930s][info][gc,phases   ] GC(1258)   Post Evacuate Collection Set: 0.39ms
[679.930s][info][gc,phases   ] GC(1258)   Other: 0.10ms
[679.930s][info][gc,heap     ] GC(1258) Eden regions: 33->0(380)
[679.930s][info][gc,heap     ] GC(1258) Survivor regions: 36->4(48)
[679.930s][info][gc,heap     ] GC(1258) Old regions: 59->62
[679.930s][info][gc,heap     ] GC(1258) Humongous regions: 1->1
[679.930s][info][gc,metaspace] GC(1258) Metaspace: 43155K(43648K)->43155K(43648K) NonClass: 38813K(39104K)->38813K(39104K) Class: 4341K(4544K)->4341K(4544K)
[679.930s][info][gc          ] GC(1258) Pause Young (Concurrent Start) (G1 Humongous Allocation) 127M->65M(641M) 6.654ms
[679.930s][info][gc,cpu      ] GC(1258) User=0.02s Sys=0.00s Real=0.00s
[679.930s][info][gc          ] GC(1259) Concurrent Mark Cycle
[679.930s][info][gc,marking  ] GC(1259) Concurrent Scan Root Regions
[679.936s][info][gc,marking  ] GC(1259) Concurrent Scan Root Regions 5.689ms
[679.936s][info][gc,marking  ] GC(1259) Concurrent Mark
[679.936s][info][gc,marking  ] GC(1259) Concurrent Mark From Roots
[679.936s][info][gc,task     ] GC(1259) Using 1 workers of 1 for marking
[680.004s][info][gc,marking  ] GC(1259) Concurrent Mark From Roots 67.773ms
[680.004s][info][gc,marking  ] GC(1259) Concurrent Preclean
[680.004s][info][gc,marking  ] GC(1259) Concurrent Preclean 0.050ms
[680.004s][info][gc,start    ] GC(1259) Pause Remark
[680.022s][info][gc          ] GC(1259) Pause Remark 94M->93M(280M) 17.755ms
[680.022s][info][gc,cpu      ] GC(1259) User=0.04s Sys=0.00s Real=0.01s
[680.022s][info][gc,marking  ] GC(1259) Concurrent Mark 85.918ms
[680.022s][info][gc,marking  ] GC(1259) Concurrent Rebuild Remembered Sets and Scrub Regions
[680.052s][info][gc,marking  ] GC(1259) Concurrent Rebuild Remembered Sets and Scrub Regions 30.029ms
[680.052s][info][gc,start    ] GC(1259) Pause Cleanup
[680.052s][info][gc          ] GC(1259) Pause Cleanup 111M->111M(280M) 0.055ms
[680.052s][info][gc,cpu      ] GC(1259) User=0.00s Sys=0.00s Real=0.00s
[680.052s][info][gc,marking  ] GC(1259) Concurrent Clear Claimed Marks
[680.052s][info][gc,marking  ] GC(1259) Concurrent Clear Claimed Marks 0.038ms
[680.052s][info][gc,marking  ] GC(1259) Concurrent Cleanup for Next Mark
[680.053s][info][gc,marking  ] GC(1259) Concurrent Cleanup for Next Mark 0.948ms
[680.053s][info][gc          ] GC(1259) Concurrent Mark Cycle 123.041ms
[680.471s][info][gc,start    ] GC(1260) Pause Young (Prepare Mixed) (G1 Evacuation Pause)
[680.471s][info][gc,task     ] GC(1260) Using 2 workers of 2 for evacuation
[680.480s][info][gc,phases   ] GC(1260)   Pre Evacuate Collection Set: 0.26ms
[680.480s][info][gc,phases   ] GC(1260)   Merge Heap Roots: 0.15ms
[680.480s][info][gc,phases   ] GC(1260)   Evacuate Collection Set: 7.72ms
[680.480s][info][gc,phases   ] GC(1260)   Post Evacuate Collection Set: 0.62ms
[680.480s][info][gc,phases   ] GC(1260)   Other: 0.07ms
[680.480s][info][gc,heap     ] GC(1260) Eden regions: 164->0(160)
[680.480s][info][gc,heap     ] GC(1260) Survivor regions: 4->9(21)
[680.480s][info][gc,heap     ] GC(1260) Old regions: 61->61
[680.480s][info][gc,heap     ] GC(1260) Humongous regions: 45->1
[680.480s][info][gc,metaspace] GC(1260) Metaspace: 43164K(43648K)->43164K(43648K) NonClass: 38822K(39104K)->38822K(39104K) Class: 4341K(4544K)->4341K(4544K)
[680.480s][info][gc          ] GC(1260) Pause Young (Prepare Mixed) (G1 Evacuation Pause) 272M->70M(283M) 9.072ms
[680.480s][info][gc,cpu      ] GC(1260) User=0.01s Sys=0.00s Real=0.01s
[680.884s][info][gc,start    ] GC(1261) Pause Young (Mixed) (G1 Evacuation Pause)
[680.884s][info][gc,task     ] GC(1261) Using 2 workers of 2 for evacuation
[680.893s][info][gc,phases   ] GC(1261)   Pre Evacuate Collection Set: 0.17ms
[680.893s][info][gc,phases   ] GC(1261)   Merge Heap Roots: 0.12ms
[680.893s][info][gc,phases   ] GC(1261)   Evacuate Collection Set: 8.44ms
[680.893s][info][gc,phases   ] GC(1261)   Post Evacuate Collection Set: 0.62ms
[680.893s][info][gc,phases   ] GC(1261)   Other: 0.07ms
[680.893s][info][gc,heap     ] GC(1261) Eden regions: 160->0(161)
[680.893s][info][gc,heap     ] GC(1261) Survivor regions: 9->8(22)
[680.893s][info][gc,heap     ] GC(1261) Old regions: 61->57
[680.893s][info][gc,heap     ] GC(1261) Humongous regions: 1->1
[680.893s][info][gc,metaspace] GC(1261) Metaspace: 43164K(43648K)->43164K(43648K) NonClass: 38822K(39104K)->38822K(39104K) Class: 4341K(4544K)->4341K(4544K)
[680.894s][info][gc          ] GC(1261) Pause Young (Mixed) (G1 Evacuation Pause) 230M->65M(283M) 9.619ms
[680.894s][info][gc,cpu      ] GC(1261) User=0.02s Sys=0.00s Real=0.01s
[681.300s][info][gc,start    ] GC(1262) Pause Young (Concurrent Start) (G1 Evacuation Pause)
[681.300s][info][gc,task     ] GC(1262) Using 2 workers of 2 for evacuation
[681.308s][info][gc,phases   ] GC(1262)   Pre Evacuate Collection Set: 0.18ms
[681.308s][info][gc,phases   ] GC(1262)   Merge Heap Roots: 0.07ms
[681.308s][info][gc,phases   ] GC(1262)   Evacuate Collection Set: 6.31ms
[681.308s][info][gc,phases   ] GC(1262)   Post Evacuate Collection Set: 0.57ms
[681.308s][info][gc,phases   ] GC(1262)   Other: 0.14ms
[681.308s][info][gc,heap     ] GC(1262) Eden regions: 161->0(160)
[681.308s][info][gc,heap     ] GC(1262) Survivor regions: 8->9(22)
[681.308s][info][gc,heap     ] GC(1262) Old regions: 57->57
[681.308s][info][gc,heap     ] GC(1262) Humongous regions: 1->1
[681.308s][info][gc,metaspace] GC(1262) Metaspace: 43164K(43648K)->43164K(43648K) NonClass: 38822K(39104K)->38822K(39104K) Class: 4341K(4544K)->4341K(4544K)
[681.308s][info][gc          ] GC(1262) Pause Young (Concurrent Start) (G1 Evacuation Pause) 226M->65M(283M) 7.471ms
[681.308s][info][gc          ] GC(1263) Concurrent Mark Cycle
[681.308s][info][gc,marking  ] GC(1263) Concurrent Scan Root Regions
[681.309s][info][gc,cpu      ] GC(1262) User=0.02s Sys=0.00s Real=0.01s
[681.319s][info][gc,marking  ] GC(1263) Concurrent Scan Root Regions 11.254ms
[681.319s][info][gc,marking  ] GC(1263) Concurrent Mark
[681.319s][info][gc,marking  ] GC(1263) Concurrent Mark From Roots
[681.319s][info][gc,task     ] GC(1263) Using 1 workers of 1 for marking
[681.398s][info][gc,marking  ] GC(1263) Concurrent Mark From Roots 78.947ms
[681.398s][info][gc,marking  ] GC(1263) Concurrent Preclean
[681.398s][info][gc,marking  ] GC(1263) Concurrent Preclean 0.132ms
[681.398s][info][gc,start    ] GC(1263) Pause Remark
[681.416s][info][gc          ] GC(1263) Pause Remark 97M->97M(256M) 17.686ms
[681.416s][info][gc,cpu      ] GC(1263) User=0.03s Sys=0.00s Real=0.02s
[681.416s][info][gc,marking  ] GC(1263) Concurrent Mark 97.124ms
[681.416s][info][gc,marking  ] GC(1263) Concurrent Rebuild Remembered Sets and Scrub Regions
[681.448s][info][gc,marking  ] GC(1263) Concurrent Rebuild Remembered Sets and Scrub Regions 31.492ms
[681.448s][info][gc,start    ] GC(1263) Pause Cleanup
[681.448s][info][gc          ] GC(1263) Pause Cleanup 106M->106M(256M) 0.071ms
[681.448s][info][gc,cpu      ] GC(1263) User=0.00s Sys=0.00s Real=0.00s
[681.448s][info][gc,marking  ] GC(1263) Concurrent Clear Claimed Marks
[681.448s][info][gc,marking  ] GC(1263) Concurrent Clear Claimed Marks 0.044ms
[681.448s][info][gc,marking  ] GC(1263) Concurrent Cleanup for Next Mark
[681.449s][info][gc,marking  ] GC(1263) Concurrent Cleanup for Next Mark 0.821ms
[681.449s][info][gc          ] GC(1263) Concurrent Mark Cycle 141.162ms
[681.702s][info][gc,start    ] GC(1264) Pause Young (Prepare Mixed) (G1 Evacuation Pause)
[681.702s][info][gc,task     ] GC(1264) Using 2 workers of 2 for evacuation
[681.712s][info][gc,phases   ] GC(1264)   Pre Evacuate Collection Set: 0.17ms
[681.712s][info][gc,phases   ] GC(1264)   Merge Heap Roots: 0.08ms
[681.712s][info][gc,phases   ] GC(1264)   Evacuate Collection Set: 8.10ms
[681.712s][info][gc,phases   ] GC(1264)   Post Evacuate Collection Set: 0.64ms
[681.712s][info][gc,phases   ] GC(1264)   Other: 0.07ms
[681.712s][info][gc,heap     ] GC(1264) Eden regions: 144->0(142)
[681.712s][info][gc,heap     ] GC(1264) Survivor regions: 9->11(20)
[681.712s][info][gc,heap     ] GC(1264) Old regions: 57->57
[681.712s][info][gc,heap     ] GC(1264) Humongous regions: 1->1
[681.712s][info][gc,metaspace] GC(1264) Metaspace: 43164K(43648K)->43164K(43648K) NonClass: 38822K(39104K)->38822K(39104K) Class: 4341K(4544K)->4341K(4544K)
[681.712s][info][gc          ] GC(1264) Pause Young (Prepare Mixed) (G1 Evacuation Pause) 209M->68M(256M) 9.270ms
[681.712s][info][gc,cpu      ] GC(1264) User=0.02s Sys=0.01s Real=0.00s
[682.057s][info][gc,start    ] GC(1265) Pause Young (Mixed) (G1 Evacuation Pause)
[682.057s][info][gc,task     ] GC(1265) Using 2 workers of 2 for evacuation
[682.070s][info][gc,phases   ] GC(1265)   Pre Evacuate Collection Set: 0.18ms
[682.070s][info][gc,phases   ] GC(1265)   Merge Heap Roots: 0.14ms
[682.070s][info][gc,phases   ] GC(1265)   Evacuate Collection Set: 12.44ms
[682.070s][info][gc,phases   ] GC(1265)   Post Evacuate Collection Set: 0.64ms
[682.070s][info][gc,phases   ] GC(1265)   Other: 0.08ms
[682.070s][info][gc,heap     ] GC(1265) Eden regions: 142->0(144)
[682.070s][info][gc,heap     ] GC(1265) Survivor regions: 11->9(20)
[682.070s][info][gc,heap     ] GC(1265) Old regions: 57->53
[682.070s][info][gc,heap     ] GC(1265) Humongous regions: 1->1
[682.070s][info][gc,metaspace] GC(1265) Metaspace: 43164K(43648K)->43164K(43648K) NonClass: 38822K(39104K)->38822K(39104K) Class: 4341K(4544K)->4341K(4544K)
[682.070s][info][gc          ] GC(1265) Pause Young (Mixed) (G1 Evacuation Pause) 210M->61M(256M) 13.697ms
[682.070s][info][gc,cpu      ] GC(1265) User=0.03s Sys=0.00s Real=0.01s
[682.460s][info][gc,start    ] GC(1266) Pause Young (Concurrent Start) (G1 Evacuation Pause)
[682.460s][info][gc,task     ] GC(1266) Using 2 workers of 2 for evacuation
[682.465s][info][gc,phases   ] GC(1266)   Pre Evacuate Collection Set: 0.18ms
[682.465s][info][gc,phases   ] GC(1266)   Merge Heap Roots: 0.09ms
[682.465s][info][gc,phases   ] GC(1266)   Evacuate Collection Set: 4.31ms
[682.465s][info][gc,phases   ] GC(1266)   Post Evacuate Collection Set: 0.47ms
[682.465s][info][gc,phases   ] GC(1266)   Other: 0.10ms
[682.465s][info][gc,heap     ] GC(1266) Eden regions: 144->0(145)
[682.465s][info][gc,heap     ] GC(1266) Survivor regions: 9->8(20)
[682.465s][info][gc,heap     ] GC(1266) Old regions: 53->53
[682.465s][info][gc,heap     ] GC(1266) Humongous regions: 1->1
[682.465s][info][gc,metaspace] GC(1266) Metaspace: 43164K(43648K)->43164K(43648K) NonClass: 38822K(39104K)->38822K(39104K) Class: 4341K(4544K)->4341K(4544K)
[682.465s][info][gc          ] GC(1266) Pause Young (Concurrent Start) (G1 Evacuation Pause) 205M->61M(256M) 5.385ms
[682.465s][info][gc,cpu      ] GC(1266) User=0.01s Sys=0.00s Real=0.01s
[682.465s][info][gc          ] GC(1267) Concurrent Mark Cycle
[682.465s][info][gc,marking  ] GC(1267) Concurrent Scan Root Regions
[682.468s][info][gc,marking  ] GC(1267) Concurrent Scan Root Regions 2.784ms
[682.468s][info][gc,marking  ] GC(1267) Concurrent Mark
[682.468s][info][gc,marking  ] GC(1267) Concurrent Mark From Roots
[682.468s][info][gc,task     ] GC(1267) Using 1 workers of 1 for marking
[682.541s][info][gc,marking  ] GC(1267) Concurrent Mark From Roots 73.240ms
[682.541s][info][gc,marking  ] GC(1267) Concurrent Preclean
[682.541s][info][gc,marking  ] GC(1267) Concurrent Preclean 0.095ms
[682.541s][info][gc,start    ] GC(1267) Pause Remark
[682.559s][info][gc          ] GC(1267) Pause Remark 83M->83M(256M) 17.293ms
[682.559s][info][gc,cpu      ] GC(1267) User=0.03s Sys=0.00s Real=0.02s
[682.559s][info][gc,marking  ] GC(1267) Concurrent Mark 90.987ms
[682.559s][info][gc,marking  ] GC(1267) Concurrent Rebuild Remembered Sets and Scrub Regions
[682.589s][info][gc,marking  ] GC(1267) Concurrent Rebuild Remembered Sets and Scrub Regions 29.857ms
[682.589s][info][gc,start    ] GC(1267) Pause Cleanup
[682.589s][info][gc          ] GC(1267) Pause Cleanup 91M->91M(256M) 0.051ms
[682.589s][info][gc,cpu      ] GC(1267) User=0.00s Sys=0.00s Real=0.00s
[682.589s][info][gc,marking  ] GC(1267) Concurrent Clear Claimed Marks
[682.589s][info][gc,marking  ] GC(1267) Concurrent Clear Claimed Marks 0.039ms
[682.589s][info][gc,marking  ] GC(1267) Concurrent Cleanup for Next Mark
[682.590s][info][gc,marking  ] GC(1267) Concurrent Cleanup for Next Mark 0.780ms
[682.590s][info][gc          ] GC(1267) Concurrent Mark Cycle 124.837ms
[682.883s][info][gc,start    ] GC(1268) Pause Young (Prepare Mixed) (G1 Evacuation Pause)
[682.883s][info][gc,task     ] GC(1268) Using 2 workers of 2 for evacuation
[682.888s][info][gc,phases   ] GC(1268)   Pre Evacuate Collection Set: 0.17ms
[682.888s][info][gc,phases   ] GC(1268)   Merge Heap Roots: 0.09ms
[682.888s][info][gc,phases   ] GC(1268)   Evacuate Collection Set: 4.63ms
[682.888s][info][gc,phases   ] GC(1268)   Post Evacuate Collection Set: 0.60ms
[682.888s][info][gc,phases   ] GC(1268)   Other: 0.10ms
[682.888s][info][gc,heap     ] GC(1268) Eden regions: 145->0(145)
[682.888s][info][gc,heap     ] GC(1268) Survivor regions: 8->8(20)
[682.888s][info][gc,heap     ] GC(1268) Old regions: 53->53
[682.888s][info][gc,heap     ] GC(1268) Humongous regions: 1->1
[682.888s][info][gc,metaspace] GC(1268) Metaspace: 43164K(43648K)->43164K(43648K) NonClass: 38822K(39104K)->38822K(39104K) Class: 4341K(4544K)->4341K(4544K)
[682.888s][info][gc          ] GC(1268) Pause Young (Prepare Mixed) (G1 Evacuation Pause) 206M->60M(256M) 5.793ms
[682.888s][info][gc,cpu      ] GC(1268) User=0.01s Sys=0.00s Real=0.00s
[683.287s][info][gc,start    ] GC(1269) Pause Young (Mixed) (G1 Evacuation Pause)
[683.287s][info][gc,task     ] GC(1269) Using 2 workers of 2 for evacuation
[683.299s][info][gc,phases   ] GC(1269)   Pre Evacuate Collection Set: 0.19ms
[683.299s][info][gc,phases   ] GC(1269)   Merge Heap Roots: 0.09ms
[683.299s][info][gc,phases   ] GC(1269)   Evacuate Collection Set: 10.81ms
[683.299s][info][gc,phases   ] GC(1269)   Post Evacuate Collection Set: 0.72ms
[683.299s][info][gc,phases   ] GC(1269)   Other: 0.10ms
[683.299s][info][gc,heap     ] GC(1269) Eden regions: 145->0(139)
[683.299s][info][gc,heap     ] GC(1269) Survivor regions: 8->14(20)
[683.299s][info][gc,heap     ] GC(1269) Old regions: 53->51
[683.299s][info][gc,heap     ] GC(1269) Humongous regions: 1->1
[683.299s][info][gc,metaspace] GC(1269) Metaspace: 43164K(43648K)->43164K(43648K) NonClass: 38822K(39104K)->38822K(39104K) Class: 4341K(4544K)->4341K(4544K)
[683.299s][info][gc          ] GC(1269) Pause Young (Mixed) (G1 Evacuation Pause) 205M->65M(256M) 12.131ms
[683.299s][info][gc,cpu      ] GC(1269) User=0.03s Sys=0.00s Real=0.01s
[684.000s][info][gc,start    ] GC(1270) Pause Young (Concurrent Start) (G1 Humongous Allocation)
[684.000s][info][gc,task     ] GC(1270) Using 2 workers of 2 for evacuation
[684.004s][info][gc,phases   ] GC(1270)   Pre Evacuate Collection Set: 0.18ms
[684.004s][info][gc,phases   ] GC(1270)   Merge Heap Roots: 0.08ms
[684.004s][info][gc,phases   ] GC(1270)   Evacuate Collection Set: 3.49ms
[684.004s][info][gc,phases   ] GC(1270)   Post Evacuate Collection Set: 0.45ms
[684.004s][info][gc,phases   ] GC(1270)   Other: 0.12ms
[684.004s][info][gc,heap     ] GC(1270) Eden regions: 85->0(152)
[684.004s][info][gc,heap     ] GC(1270) Survivor regions: 14->1(20)
[684.005s][info][gc,heap     ] GC(1270) Old regions: 51->53
[684.005s][info][gc,heap     ] GC(1270) Humongous regions: 1->1
[684.005s][info][gc,metaspace] GC(1270) Metaspace: 43164K(43648K)->43164K(43648K) NonClass: 38822K(39104K)->38822K(39104K) Class: 4341K(4544K)->4341K(4544K)
[684.005s][info][gc          ] GC(1270) Pause Young (Concurrent Start) (G1 Humongous Allocation) 150M->54M(256M) 4.498ms
[684.005s][info][gc          ] GC(1271) Concurrent Mark Cycle
[684.005s][info][gc,marking  ] GC(1271) Concurrent Scan Root Regions
[684.005s][info][gc,cpu      ] GC(1270) User=0.00s Sys=0.00s Real=0.01s
[684.007s][info][gc,marking  ] GC(1271) Concurrent Scan Root Regions 2.577ms
[684.007s][info][gc,marking  ] GC(1271) Concurrent Mark
[684.007s][info][gc,marking  ] GC(1271) Concurrent Mark From Roots
[684.007s][info][gc,task     ] GC(1271) Using 1 workers of 1 for marking
[684.076s][info][gc,marking  ] GC(1271) Concurrent Mark From Roots 68.448ms
[684.076s][info][gc,marking  ] GC(1271) Concurrent Preclean
[684.076s][info][gc,marking  ] GC(1271) Concurrent Preclean 0.186ms
[684.076s][info][gc,start    ] GC(1271) Pause Remark
[684.094s][info][gc          ] GC(1271) Pause Remark 68M->66M(256M) 17.588ms
[684.094s][info][gc,cpu      ] GC(1271) User=0.03s Sys=0.00s Real=0.02s
[684.094s][info][gc,marking  ] GC(1271) Concurrent Mark 86.596ms
[684.094s][info][gc,marking  ] GC(1271) Concurrent Rebuild Remembered Sets and Scrub Regions
[684.129s][info][gc,marking  ] GC(1271) Concurrent Rebuild Remembered Sets and Scrub Regions 34.894ms
[684.129s][info][gc,start    ] GC(1271) Pause Cleanup
[684.129s][info][gc          ] GC(1271) Pause Cleanup 72M->72M(256M) 0.051ms
[684.129s][info][gc,cpu      ] GC(1271) User=0.00s Sys=0.00s Real=0.00s
[684.129s][info][gc,marking  ] GC(1271) Concurrent Clear Claimed Marks
[684.129s][info][gc,marking  ] GC(1271) Concurrent Clear Claimed Marks 0.033ms
[684.129s][info][gc,marking  ] GC(1271) Concurrent Cleanup for Next Mark
[684.130s][info][gc,marking  ] GC(1271) Concurrent Cleanup for Next Mark 0.787ms
[684.130s][info][gc          ] GC(1271) Concurrent Mark Cycle 125.222ms
[684.868s][info][gc,start    ] GC(1272) Pause Young (Prepare Mixed) (G1 Evacuation Pause)
[684.868s][info][gc,task     ] GC(1272) Using 2 workers of 2 for evacuation
[684.882s][info][gc,phases   ] GC(1272)   Pre Evacuate Collection Set: 0.18ms
[684.882s][info][gc,phases   ] GC(1272)   Merge Heap Roots: 0.09ms
[684.882s][info][gc,phases   ] GC(1272)   Evacuate Collection Set: 13.62ms
[684.882s][info][gc,phases   ] GC(1272)   Post Evacuate Collection Set: 0.61ms
[684.882s][info][gc,phases   ] GC(1272)   Other: 0.10ms
[684.882s][info][gc,heap     ] GC(1272) Eden regions: 152->0(141)
[684.882s][info][gc,heap     ] GC(1272) Survivor regions: 1->12(20)
[684.882s][info][gc,heap     ] GC(1272) Old regions: 51->51
[684.882s][info][gc,heap     ] GC(1272) Humongous regions: 13->3
[684.882s][info][gc,metaspace] GC(1272) Metaspace: 43170K(43648K)->43170K(43648K) NonClass: 38828K(39104K)->38828K(39104K) Class: 4341K(4544K)->4341K(4544K)
[684.882s][info][gc          ] GC(1272) Pause Young (Prepare Mixed) (G1 Evacuation Pause) 216M->65M(256M) 14.800ms
[684.882s][info][gc,cpu      ] GC(1272) User=0.02s Sys=0.00s Real=0.02s
[685.234s][info][gc,start    ] GC(1273) Pause Young (Mixed) (G1 Evacuation Pause)
[685.234s][info][gc,task     ] GC(1273) Using 2 workers of 2 for evacuation
[685.269s][info][gc,phases   ] GC(1273)   Pre Evacuate Collection Set: 0.27ms
[685.269s][info][gc,phases   ] GC(1273)   Merge Heap Roots: 0.22ms
[685.269s][info][gc,phases   ] GC(1273)   Evacuate Collection Set: 33.72ms
[685.269s][info][gc,phases   ] GC(1273)   Post Evacuate Collection Set: 0.53ms
[685.269s][info][gc,phases   ] GC(1273)   Other: 0.07ms
[685.269s][info][gc,heap     ] GC(1273) Eden regions: 141->0(136)
[685.269s][info][gc,heap     ] GC(1273) Survivor regions: 12->17(20)
[685.269s][info][gc,heap     ] GC(1273) Old regions: 51->57
[685.269s][info][gc,heap     ] GC(1273) Humongous regions: 4->4
[685.269s][info][gc,metaspace] GC(1273) Metaspace: 43170K(43648K)->43170K(43648K) NonClass: 38828K(39104K)->38828K(39104K) Class: 4341K(4544K)->4341K(4544K)
[685.269s][info][gc          ] GC(1273) Pause Young (Mixed) (G1 Evacuation Pause) 207M->77M(256M) 35.042ms
[685.269s][info][gc,cpu      ] GC(1273) User=0.07s Sys=0.00s Real=0.03s
[685.544s][info][gc,start    ] GC(1274) Pause Young (Concurrent Start) (G1 Humongous Allocation)
[685.544s][info][gc,task     ] GC(1274) Using 2 workers of 2 for evacuation
[685.576s][info][gc,phases   ] GC(1274)   Pre Evacuate Collection Set: 1.19ms
[685.576s][info][gc,phases   ] GC(1274)   Merge Heap Roots: 0.09ms
[685.576s][info][gc,phases   ] GC(1274)   Evacuate Collection Set: 30.08ms
[685.576s][info][gc,phases   ] GC(1274)   Post Evacuate Collection Set: 0.46ms
[685.576s][info][gc,phases   ] GC(1274)   Other: 0.12ms
[685.576s][info][gc,heap     ] GC(1274) Eden regions: 112->0(134)
[685.576s][info][gc,heap     ] GC(1274) Survivor regions: 17->13(20)
[685.576s][info][gc,heap     ] GC(1274) Old regions: 57->73
[685.576s][info][gc,heap     ] GC(1274) Humongous regions: 4->4
[685.576s][info][gc,metaspace] GC(1274) Metaspace: 43170K(43648K)->43170K(43648K) NonClass: 38828K(39104K)->38828K(39104K) Class: 4341K(4544K)->4341K(4544K)
[685.576s][info][gc          ] GC(1274) Pause Young (Concurrent Start) (G1 Humongous Allocation) 189M->89M(256M) 32.151ms
[685.576s][info][gc          ] GC(1275) Concurrent Mark Cycle
[685.576s][info][gc,marking  ] GC(1275) Concurrent Scan Root Regions
[685.577s][info][gc,cpu      ] GC(1274) User=0.06s Sys=0.00s Real=0.03s
[685.597s][info][gc,marking  ] GC(1275) Concurrent Scan Root Regions 20.510ms
[685.597s][info][gc,marking  ] GC(1275) Concurrent Mark
[685.597s][info][gc,marking  ] GC(1275) Concurrent Mark From Roots
[685.597s][info][gc,task     ] GC(1275) Using 1 workers of 1 for marking
[685.655s][info][gc,marking  ] GC(1275) Concurrent Mark From Roots 58.356ms
[685.655s][info][gc,marking  ] GC(1275) Concurrent Preclean
[685.655s][info][gc,marking  ] GC(1275) Concurrent Preclean 0.161ms
[685.655s][info][gc,start    ] GC(1275) Pause Remark
[685.674s][info][gc          ] GC(1275) Pause Remark 99M->96M(256M) 18.718ms
[685.674s][info][gc,cpu      ] GC(1275) User=0.04s Sys=0.00s Real=0.02s
[685.674s][info][gc,marking  ] GC(1275) Concurrent Mark 77.563ms
[685.674s][info][gc,marking  ] GC(1275) Concurrent Rebuild Remembered Sets and Scrub Regions
[685.715s][info][gc,marking  ] GC(1275) Concurrent Rebuild Remembered Sets and Scrub Regions 40.832ms
[685.715s][info][gc,start    ] GC(1275) Pause Cleanup
[685.715s][info][gc          ] GC(1275) Pause Cleanup 104M->104M(256M) 0.058ms
[685.715s][info][gc,cpu      ] GC(1275) User=0.00s Sys=0.00s Real=0.00s
[685.715s][info][gc,marking  ] GC(1275) Concurrent Clear Claimed Marks
[685.715s][info][gc,marking  ] GC(1275) Concurrent Clear Claimed Marks 0.039ms
[685.715s][info][gc,marking  ] GC(1275) Concurrent Cleanup for Next Mark
[685.716s][info][gc,marking  ] GC(1275) Concurrent Cleanup for Next Mark 0.756ms
[685.716s][info][gc          ] GC(1275) Concurrent Mark Cycle 140.089ms
[686.012s][info][gc,start    ] GC(1276) Pause Young (Prepare Mixed) (G1 Evacuation Pause)
[686.012s][info][gc,task     ] GC(1276) Using 2 workers of 2 for evacuation
[686.043s][info][gc,phases   ] GC(1276)   Pre Evacuate Collection Set: 0.16ms
[686.043s][info][gc,phases   ] GC(1276)   Merge Heap Roots: 0.14ms
[686.043s][info][gc,phases   ] GC(1276)   Evacuate Collection Set: 30.28ms
[686.043s][info][gc,phases   ] GC(1276)   Post Evacuate Collection Set: 0.43ms
[686.043s][info][gc,phases   ] GC(1276)   Other: 0.09ms
[686.043s][info][gc,heap     ] GC(1276) Eden regions: 134->0(120)
[686.043s][info][gc,heap     ] GC(1276) Survivor regions: 13->15(19)
[686.043s][info][gc,heap     ] GC(1276) Old regions: 70->83
[686.043s][info][gc,heap     ] GC(1276) Humongous regions: 6->6
[686.043s][info][gc,metaspace] GC(1276) Metaspace: 43170K(43648K)->43170K(43648K) NonClass: 38828K(39104K)->38828K(39104K) Class: 4341K(4544K)->4341K(4544K)
[686.043s][info][gc          ] GC(1276) Pause Young (Prepare Mixed) (G1 Evacuation Pause) 222M->103M(256M) 31.329ms
[686.043s][info][gc,cpu      ] GC(1276) User=0.06s Sys=0.00s Real=0.04s
[686.375s][info][gc,start    ] GC(1277) Pause Young (Mixed) (G1 Evacuation Pause)
[686.375s][info][gc,task     ] GC(1277) Using 2 workers of 2 for evacuation
[686.413s][info][gc,phases   ] GC(1277)   Pre Evacuate Collection Set: 0.20ms
[686.413s][info][gc,phases   ] GC(1277)   Merge Heap Roots: 0.17ms
[686.413s][info][gc,phases   ] GC(1277)   Evacuate Collection Set: 36.90ms
[686.413s][info][gc,phases   ] GC(1277)   Post Evacuate Collection Set: 0.45ms
[686.413s][info][gc,phases   ] GC(1277)   Other: 0.07ms
[686.413s][info][gc,heap     ] GC(1277) Eden regions: 120->0(112)
[686.413s][info][gc,heap     ] GC(1277) Survivor regions: 15->16(17)
[686.413s][info][gc,heap     ] GC(1277) Old regions: 83->88
[686.413s][info][gc,heap     ] GC(1277) Humongous regions: 7->7
[686.413s][info][gc,metaspace] GC(1277) Metaspace: 43170K(43648K)->43170K(43648K) NonClass: 38828K(39104K)->38828K(39104K) Class: 4341K(4544K)->4341K(4544K)
[686.413s][info][gc          ] GC(1277) Pause Young (Mixed) (G1 Evacuation Pause) 224M->110M(256M) 37.990ms
[686.413s][info][gc,cpu      ] GC(1277) User=0.07s Sys=0.00s Real=0.04s
[686.524s][info][gc,start    ] GC(1278) Pause Young (Concurrent Start) (G1 Humongous Allocation)
[686.524s][info][gc,task     ] GC(1278) Using 2 workers of 2 for evacuation
[686.544s][info][gc,phases   ] GC(1278)   Pre Evacuate Collection Set: 0.19ms
[686.544s][info][gc,phases   ] GC(1278)   Merge Heap Roots: 0.08ms
[686.544s][info][gc,phases   ] GC(1278)   Evacuate Collection Set: 19.07ms
[686.544s][info][gc,phases   ] GC(1278)   Post Evacuate Collection Set: 0.40ms
[686.544s][info][gc,phases   ] GC(1278)   Other: 0.09ms
[686.544s][info][gc,heap     ] GC(1278) Eden regions: 45->0(111)
[686.544s][info][gc,heap     ] GC(1278) Survivor regions: 16->5(16)
[686.544s][info][gc,heap     ] GC(1278) Old regions: 88->101
[686.544s][info][gc,heap     ] GC(1278) Humongous regions: 7->6
[686.544s][info][gc,metaspace] GC(1278) Metaspace: 43170K(43648K)->43170K(43648K) NonClass: 38828K(39104K)->38828K(39104K) Class: 4341K(4544K)->4341K(4544K)
[686.544s][info][gc          ] GC(1278) Pause Young (Concurrent Start) (G1 Humongous Allocation) 155M->111M(256M) 20.023ms
[686.544s][info][gc,cpu      ] GC(1278) User=0.04s Sys=0.00s Real=0.02s
[686.544s][info][gc          ] GC(1279) Concurrent Mark Cycle
[686.544s][info][gc,marking  ] GC(1279) Concurrent Scan Root Regions
[686.576s][info][gc,marking  ] GC(1279) Concurrent Scan Root Regions 32.348ms
[686.576s][info][gc,marking  ] GC(1279) Concurrent Mark
[686.576s][info][gc,marking  ] GC(1279) Concurrent Mark From Roots
[686.576s][info][gc,task     ] GC(1279) Using 1 workers of 1 for marking
[686.822s][info][gc,marking  ] GC(1279) Concurrent Mark From Roots 245.515ms
[686.822s][info][gc,marking  ] GC(1279) Concurrent Preclean
[686.822s][info][gc,marking  ] GC(1279) Concurrent Preclean 0.080ms
[686.822s][info][gc,start    ] GC(1279) Pause Remark
[686.842s][info][gc          ] GC(1279) Pause Remark 189M->188M(256M) 20.173ms
[686.842s][info][gc,cpu      ] GC(1279) User=0.04s Sys=0.00s Real=0.03s
[686.847s][info][gc,marking  ] GC(1279) Concurrent Mark 270.456ms
[686.847s][info][gc,marking  ] GC(1279) Concurrent Rebuild Remembered Sets and Scrub Regions
[686.954s][info][gc,marking  ] GC(1279) Concurrent Rebuild Remembered Sets and Scrub Regions 106.938ms
[686.954s][info][gc,start    ] GC(1279) Pause Cleanup
[686.954s][info][gc          ] GC(1279) Pause Cleanup 212M->212M(256M) 0.078ms
[686.954s][info][gc,cpu      ] GC(1279) User=0.00s Sys=0.00s Real=0.00s
[686.954s][info][gc,marking  ] GC(1279) Concurrent Clear Claimed Marks
[686.954s][info][gc,marking  ] GC(1279) Concurrent Clear Claimed Marks 0.056ms
[686.954s][info][gc,marking  ] GC(1279) Concurrent Cleanup for Next Mark
[686.955s][info][gc,marking  ] GC(1279) Concurrent Cleanup for Next Mark 0.776ms
[686.955s][info][gc          ] GC(1279) Concurrent Mark Cycle 411.028ms
[687.013s][info][gc,heap,exit] Heap
[687.013s][info][gc,heap,exit]  garbage-first heap   total reserved 1001472K, committed 262144K, used 220538K [0x00000000c2e00000, 0x0000000100000000)
[687.013s][info][gc,heap,exit]   region size 1024K, 105 young (107520K), 5 survivors (5120K)
[687.013s][info][gc,heap,exit]  Metaspace       used 43332K, committed 43776K, reserved 1114112K
[687.013s][info][gc,heap,exit]   class space    used 4367K, committed 4544K, reserved 1048576K
